MemTotal:        1844596 kB
MemFree:          269036 kB
MemAvailable:    1545144 kB
Buffers:          106160 kB
Cached:          1183080 kB
MemTotal:        1844596 kB
MemFree:          241300 kB
MemAvailable:    1517416 kB
Buffers:          106160 kB
Cached:          1183084 kB
MemTotal:        1844596 kB
MemFree:          239688 kB
MemAvailable:    1515804 kB
Buffers:          106160 kB
Cached:          1183084 kB
MemTotal:        1844596 kB
MemFree:          240572 kB
MemAvailable:    1516688 kB
Buffers:          106160 kB
Cached:          1183084 kB
MemTotal:        1844596 kB
MemFree:          237864 kB
MemAvailable:    1513980 kB
Buffers:          106160 kB
Cached:          1183084 kB
MemTotal:        1844596 kB
MemFree:          236728 kB
MemAvailable:    1512844 kB
Buffers:          106160 kB
Cached:          1183084 kB
MemTotal:        1844596 kB
MemFree:          236292 kB
MemAvailable:    1512408 kB
Buffers:          106160 kB
Cached:          1183084 kB
MemTotal:        1844596 kB
MemFree:          234000 kB
MemAvailable:    1510116 kB
Buffers:          106160 kB
Cached:          1183084 kB
MemTotal:        1844596 kB
MemFree:          232284 kB
MemAvailable:    1508400 kB
Buffers:          106160 kB
Cached:          1183084 kB
MemTotal:        1844596 kB
MemFree:          231404 kB
MemAvailable:    1507520 kB
Buffers:          106160 kB
Cached:          1183084 kB
MemTotal:        1844596 kB
MemFree:          226704 kB
MemAvailable:    1502820 kB
Buffers:          106160 kB
Cached:          1183084 kB
MemTotal:        1844596 kB
MemFree:          228092 kB
MemAvailable:    1504208 kB
Buffers:          106160 kB
Cached:          1183084 kB
MemTotal:        1844596 kB
MemFree:          227960 kB
MemAvailable:    1504076 kB
Buffers:          106160 kB
Cached:          1183084 kB
MemTotal:        1844596 kB
MemFree:          228048 kB
MemAvailable:    1504164 kB
Buffers:          106160 kB
Cached:          1183084 kB
MemTotal:        1844596 kB
MemFree:          228048 kB
MemAvailable:    1504164 kB
Buffers:          106160 kB
Cached:          1183084 kB
MemTotal:        1844596 kB
MemFree:          229288 kB
MemAvailable:    1505404 kB
Buffers:          106160 kB
Cached:          1183084 kB
MemTotal:        1844596 kB
MemFree:          229156 kB
MemAvailable:    1505272 kB
Buffers:          106160 kB
Cached:          1183084 kB
MemTotal:        1844596 kB
MemFree:          228672 kB
MemAvailable:    1504788 kB
Buffers:          106160 kB
Cached:          1183084 kB
MemTotal:        1844596 kB
MemFree:          228192 kB
MemAvailable:    1504308 kB
Buffers:          106160 kB
Cached:          1183084 kB
MemTotal:        1844596 kB
MemFree:          227276 kB
MemAvailable:    1503392 kB
Buffers:          106160 kB
Cached:          1183084 kB
MemTotal:        1844596 kB
MemFree:          228556 kB
MemAvailable:    1504672 kB
Buffers:          106160 kB
Cached:          1183084 kB
MemTotal:        1844596 kB
MemFree:          228640 kB
MemAvailable:    1504756 kB
Buffers:          106160 kB
Cached:          1183084 kB
MemTotal:        1844596 kB
MemFree:          227068 kB
MemAvailable:    1503184 kB
Buffers:          106160 kB
Cached:          1183084 kB
MemTotal:        1844596 kB
MemFree:          226828 kB
MemAvailable:    1502944 kB
Buffers:          106160 kB
Cached:          1183084 kB
MemTotal:        1844596 kB
MemFree:          228060 kB
MemAvailable:    1504176 kB
Buffers:          106160 kB
Cached:          1183084 kB
MemTotal:        1844596 kB
MemFree:          227432 kB
MemAvailable:    1503548 kB
Buffers:          106160 kB
Cached:          1183084 kB
MemTotal:        1844596 kB
MemFree:          226952 kB
MemAvailable:    1503068 kB
Buffers:          106160 kB
Cached:          1183084 kB
MemTotal:        1844596 kB
MemFree:          227436 kB
MemAvailable:    1503552 kB
Buffers:          106160 kB
Cached:          1183084 kB
MemTotal:        1844596 kB
MemFree:          227304 kB
MemAvailable:    1503420 kB
Buffers:          106160 kB
Cached:          1183084 kB
MemTotal:        1844596 kB
MemFree:          225588 kB
MemAvailable:    1501704 kB
Buffers:          106160 kB
Cached:          1183084 kB
MemTotal:        1844596 kB
MemFree:          226268 kB
MemAvailable:    1502388 kB
Buffers:          106160 kB
Cached:          1183088 kB
MemTotal:        1844596 kB
MemFree:          226220 kB
MemAvailable:    1502340 kB
Buffers:          106160 kB
Cached:          1183088 kB
MemTotal:        1844596 kB
MemFree:          226148 kB
MemAvailable:    1502268 kB
Buffers:          106160 kB
Cached:          1183088 kB
MemTotal:        1844596 kB
MemFree:          226400 kB
MemAvailable:    1502520 kB
Buffers:          106160 kB
Cached:          1183088 kB
MemTotal:        1844596 kB
MemFree:          224960 kB
MemAvailable:    1501080 kB
Buffers:          106160 kB
Cached:          1183088 kB
MemTotal:        1844596 kB
MemFree:          225044 kB
MemAvailable:    1501164 kB
Buffers:          106160 kB
Cached:          1183088 kB
MemTotal:        1844596 kB
MemFree:          226244 kB
MemAvailable:    1502364 kB
Buffers:          106160 kB
Cached:          1183088 kB
MemTotal:        1844596 kB
MemFree:          225472 kB
MemAvailable:    1501592 kB
Buffers:          106160 kB
Cached:          1183088 kB
MemTotal:        1844596 kB
MemFree:          226644 kB
MemAvailable:    1502764 kB
Buffers:          106160 kB
Cached:          1183088 kB
MemTotal:        1844596 kB
MemFree:          225084 kB
MemAvailable:    1501204 kB
Buffers:          106160 kB
Cached:          1183088 kB
MemTotal:        1844596 kB
MemFree:          222092 kB
MemAvailable:    1498212 kB
Buffers:          106160 kB
Cached:          1183088 kB
MemTotal:        1844596 kB
MemFree:          222176 kB
MemAvailable:    1498296 kB
Buffers:          106160 kB
Cached:          1183088 kB
MemTotal:        1844596 kB
MemFree:          219760 kB
MemAvailable:    1495880 kB
Buffers:          106160 kB
Cached:          1183088 kB
MemTotal:        1844596 kB
MemFree:          220860 kB
MemAvailable:    1496980 kB
Buffers:          106160 kB
Cached:          1183088 kB
MemTotal:        1844596 kB
MemFree:          221196 kB
MemAvailable:    1497316 kB
Buffers:          106160 kB
Cached:          1183088 kB
MemTotal:        1844596 kB
MemFree:          220920 kB
MemAvailable:    1497040 kB
Buffers:          106160 kB
Cached:          1183088 kB
MemTotal:        1844596 kB
MemFree:          220868 kB
MemAvailable:    1496988 kB
Buffers:          106160 kB
Cached:          1183088 kB
MemTotal:        1844596 kB
MemFree:          220724 kB
MemAvailable:    1496844 kB
Buffers:          106160 kB
Cached:          1183088 kB
MemTotal:        1844596 kB
MemFree:          219264 kB
MemAvailable:    1495384 kB
Buffers:          106160 kB
Cached:          1183088 kB
MemTotal:        1844596 kB
MemFree:          220284 kB
MemAvailable:    1496404 kB
Buffers:          106160 kB
Cached:          1183088 kB
MemTotal:        1844596 kB
MemFree:          220380 kB
MemAvailable:    1496500 kB
Buffers:          106160 kB
Cached:          1183088 kB
MemTotal:        1844596 kB
MemFree:          220240 kB
MemAvailable:    1496360 kB
Buffers:          106160 kB
Cached:          1183088 kB
MemTotal:        1844596 kB
MemFree:          219208 kB
MemAvailable:    1495328 kB
Buffers:          106160 kB
Cached:          1183088 kB
MemTotal:        1844596 kB
MemFree:          219324 kB
MemAvailable:    1495444 kB
Buffers:          106160 kB
Cached:          1183088 kB
MemTotal:        1844596 kB
MemFree:          219076 kB
MemAvailable:    1495196 kB
Buffers:          106160 kB
Cached:          1183088 kB
MemTotal:        1844596 kB
MemFree:          219076 kB
MemAvailable:    1495196 kB
Buffers:          106160 kB
Cached:          1183088 kB
MemTotal:        1844596 kB
MemFree:          218892 kB
MemAvailable:    1495012 kB
Buffers:          106160 kB
Cached:          1183088 kB
MemTotal:        1844596 kB
MemFree:          214304 kB
MemAvailable:    1490424 kB
Buffers:          106160 kB
Cached:          1183088 kB
MemTotal:        1844596 kB
MemFree:          214164 kB
MemAvailable:    1490284 kB
Buffers:          106160 kB
Cached:          1183088 kB
MemTotal:        1844596 kB
MemFree:          214376 kB
MemAvailable:    1490496 kB
Buffers:          106160 kB
Cached:          1183088 kB
MemTotal:        1844596 kB
MemFree:          212568 kB
MemAvailable:    1488688 kB
Buffers:          106160 kB
Cached:          1183088 kB
MemTotal:        1844596 kB
MemFree:          212444 kB
MemAvailable:    1488564 kB
Buffers:          106160 kB
Cached:          1183088 kB
MemTotal:        1844596 kB
MemFree:          211768 kB
MemAvailable:    1487888 kB
Buffers:          106160 kB
Cached:          1183088 kB
MemTotal:        1844596 kB
MemFree:          211700 kB
MemAvailable:    1487820 kB
Buffers:          106160 kB
Cached:          1183088 kB
MemTotal:        1844596 kB
MemFree:          211504 kB
MemAvailable:    1487624 kB
Buffers:          106160 kB
Cached:          1183088 kB
MemTotal:        1844596 kB
MemFree:          211840 kB
MemAvailable:    1487960 kB
Buffers:          106160 kB
Cached:          1183088 kB
MemTotal:        1844596 kB
MemFree:          211952 kB
MemAvailable:    1488072 kB
Buffers:          106160 kB
Cached:          1183088 kB
MemTotal:        1844596 kB
MemFree:          210516 kB
MemAvailable:    1486636 kB
Buffers:          106160 kB
Cached:          1183088 kB
MemTotal:        1844596 kB
MemFree:          210392 kB
MemAvailable:    1486512 kB
Buffers:          106160 kB
Cached:          1183088 kB
MemTotal:        1844596 kB
MemFree:          210840 kB
MemAvailable:    1486960 kB
Buffers:          106160 kB
Cached:          1183088 kB
MemTotal:        1844596 kB
MemFree:          211560 kB
MemAvailable:    1487680 kB
Buffers:          106160 kB
Cached:          1183088 kB
MemTotal:        1844596 kB
MemFree:          211328 kB
MemAvailable:    1487448 kB
Buffers:          106160 kB
Cached:          1183088 kB
MemTotal:        1844596 kB
MemFree:          210280 kB
MemAvailable:    1486400 kB
Buffers:          106160 kB
Cached:          1183088 kB
MemTotal:        1844596 kB
MemFree:          211580 kB
MemAvailable:    1487700 kB
Buffers:          106160 kB
Cached:          1183088 kB
MemTotal:        1844596 kB
MemFree:          210404 kB
MemAvailable:    1486524 kB
Buffers:          106160 kB
Cached:          1183088 kB
MemTotal:        1844596 kB
MemFree:          211388 kB
MemAvailable:    1487508 kB
Buffers:          106160 kB
Cached:          1183088 kB
MemTotal:        1844596 kB
MemFree:          210336 kB
MemAvailable:    1486456 kB
Buffers:          106160 kB
Cached:          1183088 kB
MemTotal:        1844596 kB
MemFree:          211644 kB
MemAvailable:    1487764 kB
Buffers:          106160 kB
Cached:          1183088 kB
MemTotal:        1844596 kB
MemFree:          211344 kB
MemAvailable:    1487464 kB
Buffers:          106160 kB
Cached:          1183088 kB
MemTotal:        1844596 kB
MemFree:          209772 kB
MemAvailable:    1485892 kB
Buffers:          106160 kB
Cached:          1183088 kB
MemTotal:        1844596 kB
MemFree:          210160 kB
MemAvailable:    1486280 kB
Buffers:          106160 kB
Cached:          1183088 kB
MemTotal:        1844596 kB
MemFree:          210160 kB
MemAvailable:    1486280 kB
Buffers:          106160 kB
Cached:          1183088 kB
MemTotal:        1844596 kB
MemFree:          211396 kB
MemAvailable:    1487516 kB
Buffers:          106160 kB
Cached:          1183088 kB
MemTotal:        1844596 kB
MemFree:          210092 kB
MemAvailable:    1486212 kB
Buffers:          106160 kB
Cached:          1183088 kB
MemTotal:        1844596 kB
MemFree:          206984 kB
MemAvailable:    1483104 kB
Buffers:          106160 kB
Cached:          1183088 kB
MemTotal:        1844596 kB
MemFree:          205256 kB
MemAvailable:    1481376 kB
Buffers:          106160 kB
Cached:          1183088 kB
MemTotal:        1844596 kB
MemFree:          201900 kB
MemAvailable:    1478020 kB
Buffers:          106160 kB
Cached:          1183088 kB
MemTotal:        1844596 kB
MemFree:          203216 kB
MemAvailable:    1479336 kB
Buffers:          106160 kB
Cached:          1183088 kB
MemTotal:        1844596 kB
MemFree:          203052 kB
MemAvailable:    1479172 kB
Buffers:          106160 kB
Cached:          1183088 kB
MemTotal:        1844596 kB
MemFree:          202280 kB
MemAvailable:    1478400 kB
Buffers:          106160 kB
Cached:          1183088 kB
MemTotal:        1844596 kB
MemFree:          203064 kB
MemAvailable:    1479188 kB
Buffers:          106160 kB
Cached:          1183092 kB
MemTotal:        1844596 kB
MemFree:          201664 kB
MemAvailable:    1477788 kB
Buffers:          106160 kB
Cached:          1183092 kB
MemTotal:        1844596 kB
MemFree:          202772 kB
MemAvailable:    1478900 kB
Buffers:          106160 kB
Cached:          1183096 kB
MemTotal:        1844596 kB
MemFree:          203028 kB
MemAvailable:    1479156 kB
Buffers:          106160 kB
Cached:          1183096 kB
MemTotal:        1844596 kB
MemFree:          202960 kB
MemAvailable:    1479088 kB
Buffers:          106160 kB
Cached:          1183096 kB
MemTotal:        1844596 kB
MemFree:          201484 kB
MemAvailable:    1477612 kB
Buffers:          106160 kB
Cached:          1183096 kB
MemTotal:        1844596 kB
MemFree:          202572 kB
MemAvailable:    1478700 kB
Buffers:          106160 kB
Cached:          1183096 kB
MemTotal:        1844596 kB
MemFree:          202168 kB
MemAvailable:    1478296 kB
Buffers:          106160 kB
Cached:          1183096 kB
MemTotal:        1844596 kB
MemFree:          202392 kB
MemAvailable:    1478520 kB
Buffers:          106160 kB
Cached:          1183096 kB
MemTotal:        1844596 kB
MemFree:          202728 kB
MemAvailable:    1478856 kB
Buffers:          106160 kB
Cached:          1183096 kB
MemTotal:        1844596 kB
MemFree:          202532 kB
MemAvailable:    1478660 kB
Buffers:          106160 kB
Cached:          1183096 kB
MemTotal:        1844596 kB
MemFree:          201920 kB
MemAvailable:    1478048 kB
Buffers:          106160 kB
Cached:          1183096 kB
MemTotal:        1844596 kB
MemFree:          202524 kB
MemAvailable:    1478652 kB
Buffers:          106160 kB
Cached:          1183096 kB
MemTotal:        1844596 kB
MemFree:          202540 kB
MemAvailable:    1478668 kB
Buffers:          106160 kB
Cached:          1183096 kB
MemTotal:        1844596 kB
MemFree:          201284 kB
MemAvailable:    1477412 kB
Buffers:          106160 kB
Cached:          1183096 kB
MemTotal:        1844596 kB
MemFree:          202584 kB
MemAvailable:    1478712 kB
Buffers:          106160 kB
Cached:          1183096 kB
MemTotal:        1844596 kB
MemFree:          201408 kB
MemAvailable:    1477536 kB
Buffers:          106160 kB
Cached:          1183096 kB
MemTotal:        1844596 kB
MemFree:          201360 kB
MemAvailable:    1477488 kB
Buffers:          106160 kB
Cached:          1183096 kB
MemTotal:        1844596 kB
MemFree:          201360 kB
MemAvailable:    1477488 kB
Buffers:          106160 kB
Cached:          1183096 kB
MemTotal:        1844596 kB
MemFree:          202812 kB
MemAvailable:    1478940 kB
Buffers:          106160 kB
Cached:          1183096 kB
MemTotal:        1844596 kB
MemFree:          201912 kB
MemAvailable:    1478040 kB
Buffers:          106160 kB
Cached:          1183096 kB
MemTotal:        1844596 kB
MemFree:          201376 kB
MemAvailable:    1477504 kB
Buffers:          106160 kB
Cached:          1183096 kB
MemTotal:        1844596 kB
MemFree:          201292 kB
MemAvailable:    1477420 kB
Buffers:          106160 kB
Cached:          1183096 kB
MemTotal:        1844596 kB
MemFree:          202476 kB
MemAvailable:    1478604 kB
Buffers:          106160 kB
Cached:          1183096 kB
MemTotal:        1844596 kB
MemFree:          202732 kB
MemAvailable:    1478860 kB
Buffers:          106160 kB
Cached:          1183096 kB
MemTotal:        1844596 kB
MemFree:          201404 kB
MemAvailable:    1477532 kB
Buffers:          106160 kB
Cached:          1183096 kB
MemTotal:        1844596 kB
MemFree:          202596 kB
MemAvailable:    1478724 kB
Buffers:          106160 kB
Cached:          1183096 kB
MemTotal:        1844596 kB
MemFree:          202764 kB
MemAvailable:    1478892 kB
Buffers:          106160 kB
Cached:          1183096 kB
MemTotal:        1844596 kB
MemFree:          202536 kB
MemAvailable:    1478664 kB
Buffers:          106160 kB
Cached:          1183096 kB
MemTotal:        1844596 kB
MemFree:          201652 kB
MemAvailable:    1477780 kB
Buffers:          106160 kB
Cached:          1183096 kB
MemTotal:        1844596 kB
MemFree:          201404 kB
MemAvailable:    1477532 kB
Buffers:          106160 kB
Cached:          1183096 kB
MemTotal:        1844596 kB
MemFree:          202464 kB
MemAvailable:    1478592 kB
Buffers:          106160 kB
Cached:          1183096 kB
MemTotal:        1844596 kB
MemFree:          202716 kB
MemAvailable:    1478844 kB
Buffers:          106160 kB
Cached:          1183096 kB
MemTotal:        1844596 kB
MemFree:          199796 kB
MemAvailable:    1475924 kB
Buffers:          106160 kB
Cached:          1183096 kB
MemTotal:        1844596 kB
MemFree:          198812 kB
MemAvailable:    1474940 kB
Buffers:          106160 kB
Cached:          1183096 kB
MemTotal:        1844596 kB
MemFree:          194084 kB
MemAvailable:    1470212 kB
Buffers:          106160 kB
Cached:          1183096 kB
MemTotal:        1844596 kB
MemFree:          194108 kB
MemAvailable:    1470236 kB
Buffers:          106160 kB
Cached:          1183096 kB
MemTotal:        1844596 kB
MemFree:          192116 kB
MemAvailable:    1468244 kB
Buffers:          106160 kB
Cached:          1183096 kB
MemTotal:        1844596 kB
MemFree:          190876 kB
MemAvailable:    1467004 kB
Buffers:          106160 kB
Cached:          1183096 kB
MemTotal:        1844596 kB
MemFree:          190876 kB
MemAvailable:    1467004 kB
Buffers:          106160 kB
Cached:          1183096 kB
MemTotal:        1844596 kB
MemFree:          190620 kB
MemAvailable:    1466748 kB
Buffers:          106160 kB
Cached:          1183096 kB
MemTotal:        1844596 kB
MemFree:          191812 kB
MemAvailable:    1467940 kB
Buffers:          106160 kB
Cached:          1183096 kB
MemTotal:        1844596 kB
MemFree:          192036 kB
MemAvailable:    1468164 kB
Buffers:          106160 kB
Cached:          1183096 kB
MemTotal:        1844596 kB
MemFree:          192036 kB
MemAvailable:    1468164 kB
Buffers:          106160 kB
Cached:          1183096 kB
MemTotal:        1844596 kB
MemFree:          191712 kB
MemAvailable:    1467840 kB
Buffers:          106160 kB
Cached:          1183096 kB
MemTotal:        1844596 kB
MemFree:          191964 kB
MemAvailable:    1468092 kB
Buffers:          106160 kB
Cached:          1183096 kB
MemTotal:        1844596 kB
MemFree:          191556 kB
MemAvailable:    1467684 kB
Buffers:          106160 kB
Cached:          1183096 kB
MemTotal:        1844596 kB
MemFree:          190952 kB
MemAvailable:    1467080 kB
Buffers:          106160 kB
Cached:          1183096 kB
MemTotal:        1844596 kB
MemFree:          191648 kB
MemAvailable:    1467776 kB
Buffers:          106160 kB
Cached:          1183096 kB
MemTotal:        1844596 kB
MemFree:          191744 kB
MemAvailable:    1467872 kB
Buffers:          106160 kB
Cached:          1183096 kB
MemTotal:        1844596 kB
MemFree:          191784 kB
MemAvailable:    1467912 kB
Buffers:          106160 kB
Cached:          1183096 kB
MemTotal:        1844596 kB
MemFree:          191744 kB
MemAvailable:    1467872 kB
Buffers:          106160 kB
Cached:          1183096 kB
MemTotal:        1844596 kB
MemFree:          191000 kB
MemAvailable:    1467128 kB
Buffers:          106160 kB
Cached:          1183096 kB
MemTotal:        1844596 kB
MemFree:          191648 kB
MemAvailable:    1467780 kB
Buffers:          106160 kB
Cached:          1183100 kB
MemTotal:        1844596 kB
MemFree:          191372 kB
MemAvailable:    1467504 kB
Buffers:          106160 kB
Cached:          1183100 kB
MemTotal:        1844596 kB
MemFree:          191784 kB
MemAvailable:    1467916 kB
Buffers:          106160 kB
Cached:          1183100 kB
MemTotal:        1844596 kB
MemFree:          190444 kB
MemAvailable:    1466576 kB
Buffers:          106160 kB
Cached:          1183100 kB
MemTotal:        1844596 kB
MemFree:          191456 kB
MemAvailable:    1467588 kB
Buffers:          106160 kB
Cached:          1183100 kB
MemTotal:        1844596 kB
MemFree:          191792 kB
MemAvailable:    1467924 kB
Buffers:          106160 kB
Cached:          1183100 kB
MemTotal:        1844596 kB
MemFree:          190308 kB
MemAvailable:    1466440 kB
Buffers:          106160 kB
Cached:          1183100 kB
MemTotal:        1844596 kB
MemFree:          191660 kB
MemAvailable:    1467792 kB
Buffers:          106160 kB
Cached:          1183100 kB
MemTotal:        1844596 kB
MemFree:          191660 kB
MemAvailable:    1467792 kB
Buffers:          106160 kB
Cached:          1183100 kB
MemTotal:        1844596 kB
MemFree:          190492 kB
MemAvailable:    1466624 kB
Buffers:          106160 kB
Cached:          1183100 kB
MemTotal:        1844596 kB
MemFree:          191592 kB
MemAvailable:    1467724 kB
Buffers:          106160 kB
Cached:          1183100 kB
MemTotal:        1844596 kB
MemFree:          191928 kB
MemAvailable:    1468060 kB
Buffers:          106160 kB
Cached:          1183100 kB
MemTotal:        1844596 kB
MemFree:          190360 kB
MemAvailable:    1466492 kB
Buffers:          106160 kB
Cached:          1183100 kB
MemTotal:        1844596 kB
MemFree:          191228 kB
MemAvailable:    1467360 kB
Buffers:          106160 kB
Cached:          1183100 kB
MemTotal:        1844596 kB
MemFree:          190484 kB
MemAvailable:    1466616 kB
Buffers:          106160 kB
Cached:          1183100 kB
MemTotal:        1844596 kB
MemFree:          191676 kB
MemAvailable:    1467808 kB
Buffers:          106160 kB
Cached:          1183100 kB
MemTotal:        1844596 kB
MemFree:          190876 kB
MemAvailable:    1467008 kB
Buffers:          106160 kB
Cached:          1183100 kB
MemTotal:        1844596 kB
MemFree:          191468 kB
MemAvailable:    1467600 kB
Buffers:          106160 kB
Cached:          1183100 kB
MemTotal:        1844596 kB
MemFree:          190876 kB
MemAvailable:    1467008 kB
Buffers:          106160 kB
Cached:          1183100 kB
MemTotal:        1844596 kB
MemFree:          191672 kB
MemAvailable:    1467804 kB
Buffers:          106160 kB
Cached:          1183100 kB
MemTotal:        1844596 kB
MemFree:          190504 kB
MemAvailable:    1466636 kB
Buffers:          106160 kB
Cached:          1183100 kB
MemTotal:        1844596 kB
MemFree:          191656 kB
MemAvailable:    1467788 kB
Buffers:          106160 kB
Cached:          1183100 kB
MemTotal:        1844596 kB
MemFree:          191876 kB
MemAvailable:    1468008 kB
Buffers:          106160 kB
Cached:          1183100 kB
MemTotal:        1844596 kB
MemFree:          190468 kB
MemAvailable:    1466604 kB
Buffers:          106160 kB
Cached:          1183104 kB
MemTotal:        1844596 kB
MemFree:          191528 kB
MemAvailable:    1467664 kB
Buffers:          106160 kB
Cached:          1183104 kB
MemTotal:        1844596 kB
MemFree:          191612 kB
MemAvailable:    1467748 kB
Buffers:          106160 kB
Cached:          1183104 kB
MemTotal:        1844596 kB
MemFree:          190444 kB
MemAvailable:    1466580 kB
Buffers:          106160 kB
Cached:          1183104 kB
MemTotal:        1844596 kB
MemFree:          191736 kB
MemAvailable:    1467872 kB
Buffers:          106160 kB
Cached:          1183104 kB
MemTotal:        1844596 kB
MemFree:          191668 kB
MemAvailable:    1467804 kB
Buffers:          106160 kB
Cached:          1183104 kB
MemTotal:        1844596 kB
MemFree:          190692 kB
MemAvailable:    1466828 kB
Buffers:          106160 kB
Cached:          1183104 kB
MemTotal:        1844596 kB
MemFree:          191416 kB
MemAvailable:    1467552 kB
Buffers:          106160 kB
Cached:          1183104 kB
MemTotal:        1844596 kB
MemFree:          191584 kB
MemAvailable:    1467720 kB
Buffers:          106160 kB
Cached:          1183104 kB
MemTotal:        1844596 kB
MemFree:          191560 kB
MemAvailable:    1467696 kB
Buffers:          106160 kB
Cached:          1183104 kB
MemTotal:        1844596 kB
MemFree:          191376 kB
MemAvailable:    1467512 kB
Buffers:          106160 kB
Cached:          1183104 kB
MemTotal:        1844596 kB
MemFree:          191040 kB
MemAvailable:    1467176 kB
Buffers:          106160 kB
Cached:          1183104 kB
MemTotal:        1844596 kB
MemFree:          190988 kB
MemAvailable:    1467124 kB
Buffers:          106160 kB
Cached:          1183104 kB
MemTotal:        1844596 kB
MemFree:          190476 kB
MemAvailable:    1466612 kB
Buffers:          106160 kB
Cached:          1183104 kB
MemTotal:        1844596 kB
MemFree:          190560 kB
MemAvailable:    1466696 kB
Buffers:          106160 kB
Cached:          1183104 kB
MemTotal:        1844596 kB
MemFree:          189088 kB
MemAvailable:    1465224 kB
Buffers:          106160 kB
Cached:          1183104 kB
MemTotal:        1844596 kB
MemFree:          189380 kB
MemAvailable:    1465516 kB
Buffers:          106160 kB
Cached:          1183104 kB
MemTotal:        1844596 kB
MemFree:          189332 kB
MemAvailable:    1465468 kB
Buffers:          106160 kB
Cached:          1183104 kB
MemTotal:        1844596 kB
MemFree:          189208 kB
MemAvailable:    1465344 kB
Buffers:          106160 kB
Cached:          1183104 kB
MemTotal:        1844596 kB
MemFree:          190192 kB
MemAvailable:    1466328 kB
Buffers:          106160 kB
Cached:          1183104 kB
MemTotal:        1844596 kB
MemFree:          190192 kB
MemAvailable:    1466328 kB
Buffers:          106160 kB
Cached:          1183104 kB
MemTotal:        1844596 kB
MemFree:          190004 kB
MemAvailable:    1466140 kB
Buffers:          106160 kB
Cached:          1183104 kB
MemTotal:        1844596 kB
MemFree:          190120 kB
MemAvailable:    1466256 kB
Buffers:          106160 kB
Cached:          1183104 kB
MemTotal:        1844596 kB
MemFree:          189640 kB
MemAvailable:    1465776 kB
Buffers:          106160 kB
Cached:          1183104 kB
MemTotal:        1844596 kB
MemFree:          190176 kB
MemAvailable:    1466312 kB
Buffers:          106160 kB
Cached:          1183104 kB
MemTotal:        1844596 kB
MemFree:          189400 kB
MemAvailable:    1465536 kB
Buffers:          106160 kB
Cached:          1183104 kB
MemTotal:        1844596 kB
MemFree:          190128 kB
MemAvailable:    1466264 kB
Buffers:          106160 kB
Cached:          1183104 kB
MemTotal:        1844596 kB
MemFree:          189896 kB
MemAvailable:    1466032 kB
Buffers:          106160 kB
Cached:          1183104 kB
MemTotal:        1844596 kB
MemFree:          190148 kB
MemAvailable:    1466284 kB
Buffers:          106160 kB
Cached:          1183104 kB
MemTotal:        1844596 kB
MemFree:          190112 kB
MemAvailable:    1466248 kB
Buffers:          106160 kB
Cached:          1183104 kB
MemTotal:        1844596 kB
MemFree:          190136 kB
MemAvailable:    1466272 kB
Buffers:          106160 kB
Cached:          1183104 kB
MemTotal:        1844596 kB
MemFree:          188560 kB
MemAvailable:    1464696 kB
Buffers:          106160 kB
Cached:          1183104 kB
MemTotal:        1844596 kB
MemFree:          190020 kB
MemAvailable:    1466156 kB
Buffers:          106160 kB
Cached:          1183104 kB
MemTotal:        1844596 kB
MemFree:          190376 kB
MemAvailable:    1466512 kB
Buffers:          106160 kB
Cached:          1183104 kB
MemTotal:        1844596 kB
MemFree:          190716 kB
MemAvailable:    1466852 kB
Buffers:          106160 kB
Cached:          1183104 kB
MemTotal:        1844596 kB
MemFree:          190632 kB
MemAvailable:    1466768 kB
Buffers:          106160 kB
Cached:          1183104 kB
MemTotal:        1844596 kB
MemFree:          187656 kB
MemAvailable:    1463792 kB
Buffers:          106160 kB
Cached:          1183104 kB
MemTotal:        1844596 kB
MemFree:          183928 kB
MemAvailable:    1460064 kB
Buffers:          106160 kB
Cached:          1183104 kB
MemTotal:        1844596 kB
MemFree:          180588 kB
MemAvailable:    1456724 kB
Buffers:          106160 kB
Cached:          1183104 kB
MemTotal:        1844596 kB
MemFree:          178108 kB
MemAvailable:    1454244 kB
Buffers:          106160 kB
Cached:          1183104 kB
MemTotal:        1844596 kB
MemFree:          178836 kB
MemAvailable:    1454972 kB
Buffers:          106160 kB
Cached:          1183104 kB
MemTotal:        1844596 kB
MemFree:          178920 kB
MemAvailable:    1455056 kB
Buffers:          106160 kB
Cached:          1183104 kB
MemTotal:        1844596 kB
MemFree:          177472 kB
MemAvailable:    1453608 kB
Buffers:          106160 kB
Cached:          1183104 kB
MemTotal:        1844596 kB
MemFree:          178440 kB
MemAvailable:    1454576 kB
Buffers:          106160 kB
Cached:          1183104 kB
MemTotal:        1844596 kB
MemFree:          178224 kB
MemAvailable:    1454360 kB
Buffers:          106160 kB
Cached:          1183104 kB
MemTotal:        1844596 kB
MemFree:          177860 kB
MemAvailable:    1453996 kB
Buffers:          106160 kB
Cached:          1183104 kB
MemTotal:        1844596 kB
MemFree:          176728 kB
MemAvailable:    1452864 kB
Buffers:          106160 kB
Cached:          1183104 kB
MemTotal:        1844596 kB
MemFree:          176868 kB
MemAvailable:    1453004 kB
Buffers:          106160 kB
Cached:          1183104 kB
MemTotal:        1844596 kB
MemFree:          176308 kB
MemAvailable:    1452444 kB
Buffers:          106160 kB
Cached:          1183104 kB
MemTotal:        1844596 kB
MemFree:          174992 kB
MemAvailable:    1451128 kB
Buffers:          106160 kB
Cached:          1183104 kB
MemTotal:        1844596 kB
MemFree:          174704 kB
MemAvailable:    1450840 kB
Buffers:          106160 kB
Cached:          1183104 kB
MemTotal:        1844596 kB
MemFree:          174692 kB
MemAvailable:    1450828 kB
Buffers:          106160 kB
Cached:          1183104 kB
MemTotal:        1844596 kB
MemFree:          174844 kB
MemAvailable:    1450980 kB
Buffers:          106160 kB
Cached:          1183104 kB
MemTotal:        1844596 kB
MemFree:          175096 kB
MemAvailable:    1451232 kB
Buffers:          106160 kB
Cached:          1183104 kB
MemTotal:        1844596 kB
MemFree:          174840 kB
MemAvailable:    1450976 kB
Buffers:          106160 kB
Cached:          1183104 kB
MemTotal:        1844596 kB
MemFree:          173480 kB
MemAvailable:    1449616 kB
Buffers:          106160 kB
Cached:          1183104 kB
MemTotal:        1844596 kB
MemFree:          174884 kB
MemAvailable:    1451020 kB
Buffers:          106160 kB
Cached:          1183104 kB
MemTotal:        1844596 kB
MemFree:          174264 kB
MemAvailable:    1450400 kB
Buffers:          106160 kB
Cached:          1183104 kB
MemTotal:        1844596 kB
MemFree:          174824 kB
MemAvailable:    1450960 kB
Buffers:          106160 kB
Cached:          1183104 kB
MemTotal:        1844596 kB
MemFree:          175080 kB
MemAvailable:    1451216 kB
Buffers:          106160 kB
Cached:          1183104 kB
MemTotal:        1844596 kB
MemFree:          174992 kB
MemAvailable:    1451128 kB
Buffers:          106160 kB
Cached:          1183104 kB
MemTotal:        1844596 kB
MemFree:          174984 kB
MemAvailable:    1451120 kB
Buffers:          106160 kB
Cached:          1183104 kB
MemTotal:        1844596 kB
MemFree:          174820 kB
MemAvailable:    1450956 kB
Buffers:          106160 kB
Cached:          1183104 kB
MemTotal:        1844596 kB
MemFree:          174564 kB
MemAvailable:    1450700 kB
Buffers:          106160 kB
Cached:          1183104 kB
MemTotal:        1844596 kB
MemFree:          173132 kB
MemAvailable:    1449268 kB
Buffers:          106160 kB
Cached:          1183104 kB
MemTotal:        1844596 kB
MemFree:          173636 kB
MemAvailable:    1449772 kB
Buffers:          106160 kB
Cached:          1183104 kB
MemTotal:        1844596 kB
MemFree:          172908 kB
MemAvailable:    1449044 kB
Buffers:          106160 kB
Cached:          1183104 kB
MemTotal:        1844596 kB
MemFree:          171908 kB
MemAvailable:    1448044 kB
Buffers:          106160 kB
Cached:          1183104 kB
MemTotal:        1844596 kB
MemFree:          172760 kB
MemAvailable:    1448896 kB
Buffers:          106160 kB
Cached:          1183104 kB
MemTotal:        1844596 kB
MemFree:          172844 kB
MemAvailable:    1448980 kB
Buffers:          106160 kB
Cached:          1183104 kB
MemTotal:        1844596 kB
MemFree:          172404 kB
MemAvailable:    1448540 kB
Buffers:          106160 kB
Cached:          1183104 kB
MemTotal:        1844596 kB
MemFree:          172164 kB
MemAvailable:    1448300 kB
Buffers:          106160 kB
Cached:          1183104 kB
MemTotal:        1844596 kB
MemFree:          170656 kB
MemAvailable:    1446804 kB
Buffers:          106160 kB
Cached:          1183116 kB
MemTotal:        1844596 kB
MemFree:          171528 kB
MemAvailable:    1447676 kB
Buffers:          106160 kB
Cached:          1183116 kB
MemTotal:        1844596 kB
MemFree:          171276 kB
MemAvailable:    1447424 kB
Buffers:          106160 kB
Cached:          1183116 kB
MemTotal:        1844596 kB
MemFree:          171168 kB
MemAvailable:    1447316 kB
Buffers:          106160 kB
Cached:          1183116 kB
MemTotal:        1844596 kB
MemFree:          171404 kB
MemAvailable:    1447552 kB
Buffers:          106160 kB
Cached:          1183116 kB
MemTotal:        1844596 kB
MemFree:          171104 kB
MemAvailable:    1447252 kB
Buffers:          106160 kB
Cached:          1183116 kB
MemTotal:        1844596 kB
MemFree:          170300 kB
MemAvailable:    1446448 kB
Buffers:          106160 kB
Cached:          1183116 kB
MemTotal:        1844596 kB
MemFree:          170796 kB
MemAvailable:    1446944 kB
Buffers:          106160 kB
Cached:          1183116 kB
MemTotal:        1844596 kB
MemFree:          170684 kB
MemAvailable:    1446832 kB
Buffers:          106160 kB
Cached:          1183116 kB
MemTotal:        1844596 kB
MemFree:          170664 kB
MemAvailable:    1446812 kB
Buffers:          106160 kB
Cached:          1183116 kB
MemTotal:        1844596 kB
MemFree:          170556 kB
MemAvailable:    1446704 kB
Buffers:          106160 kB
Cached:          1183116 kB
MemTotal:        1844596 kB
MemFree:          170920 kB
MemAvailable:    1447068 kB
Buffers:          106160 kB
Cached:          1183116 kB
MemTotal:        1844596 kB
MemFree:          170748 kB
MemAvailable:    1446896 kB
Buffers:          106160 kB
Cached:          1183116 kB
MemTotal:        1844596 kB
MemFree:          170060 kB
MemAvailable:    1446208 kB
Buffers:          106160 kB
Cached:          1183116 kB
MemTotal:        1844596 kB
MemFree:          170656 kB
MemAvailable:    1446804 kB
Buffers:          106160 kB
Cached:          1183116 kB
MemTotal:        1844596 kB
MemFree:          170992 kB
MemAvailable:    1447140 kB
Buffers:          106160 kB
Cached:          1183116 kB
MemTotal:        1844596 kB
MemFree:          170532 kB
MemAvailable:    1446680 kB
Buffers:          106160 kB
Cached:          1183116 kB
MemTotal:        1844596 kB
MemFree:          170784 kB
MemAvailable:    1446932 kB
Buffers:          106160 kB
Cached:          1183116 kB
MemTotal:        1844596 kB
MemFree:          170500 kB
MemAvailable:    1446648 kB
Buffers:          106160 kB
Cached:          1183116 kB
MemTotal:        1844596 kB
MemFree:          170556 kB
MemAvailable:    1446704 kB
Buffers:          106160 kB
Cached:          1183116 kB
MemTotal:        1844596 kB
MemFree:          170592 kB
MemAvailable:    1446740 kB
Buffers:          106160 kB
Cached:          1183116 kB
MemTotal:        1844596 kB
MemFree:          169368 kB
MemAvailable:    1445516 kB
Buffers:          106160 kB
Cached:          1183116 kB
MemTotal:        1844596 kB
MemFree:          169368 kB
MemAvailable:    1445516 kB
Buffers:          106160 kB
Cached:          1183116 kB
MemTotal:        1844596 kB
MemFree:          170484 kB
MemAvailable:    1446632 kB
Buffers:          106160 kB
Cached:          1183116 kB
MemTotal:        1844596 kB
MemFree:          169936 kB
MemAvailable:    1446084 kB
Buffers:          106160 kB
Cached:          1183116 kB
MemTotal:        1844596 kB
MemFree:          170408 kB
MemAvailable:    1446556 kB
Buffers:          106160 kB
Cached:          1183116 kB
MemTotal:        1844596 kB
MemFree:          170744 kB
MemAvailable:    1446892 kB
Buffers:          106160 kB
Cached:          1183116 kB
MemTotal:        1844596 kB
MemFree:          170500 kB
MemAvailable:    1446648 kB
Buffers:          106160 kB
Cached:          1183116 kB
MemTotal:        1844596 kB
MemFree:          170168 kB
MemAvailable:    1446316 kB
Buffers:          106160 kB
Cached:          1183116 kB
MemTotal:        1844596 kB
MemFree:          170516 kB
MemAvailable:    1446664 kB
Buffers:          106160 kB
Cached:          1183116 kB
MemTotal:        1844596 kB
MemFree:          170660 kB
MemAvailable:    1446808 kB
Buffers:          106160 kB
Cached:          1183116 kB
MemTotal:        1844596 kB
MemFree:          170608 kB
MemAvailable:    1446756 kB
Buffers:          106160 kB
Cached:          1183116 kB
MemTotal:        1844596 kB
MemFree:          169292 kB
MemAvailable:    1445440 kB
Buffers:          106160 kB
Cached:          1183116 kB
MemTotal:        1844596 kB
MemFree:          169184 kB
MemAvailable:    1445332 kB
Buffers:          106160 kB
Cached:          1183116 kB
MemTotal:        1844596 kB
MemFree:          169172 kB
MemAvailable:    1445320 kB
Buffers:          106160 kB
Cached:          1183116 kB
MemTotal:        1844596 kB
MemFree:          168908 kB
MemAvailable:    1445056 kB
Buffers:          106160 kB
Cached:          1183116 kB
MemTotal:        1844596 kB
MemFree:          168992 kB
MemAvailable:    1445140 kB
Buffers:          106160 kB
Cached:          1183116 kB
MemTotal:        1844596 kB
MemFree:          167500 kB
MemAvailable:    1443648 kB
Buffers:          106160 kB
Cached:          1183116 kB
MemTotal:        1844596 kB
MemFree:          166208 kB
MemAvailable:    1442356 kB
Buffers:          106160 kB
Cached:          1183116 kB
MemTotal:        1844596 kB
MemFree:          163232 kB
MemAvailable:    1439380 kB
Buffers:          106160 kB
Cached:          1183116 kB
MemTotal:        1844596 kB
MemFree:          159760 kB
MemAvailable:    1435908 kB
Buffers:          106160 kB
Cached:          1183116 kB
MemTotal:        1844596 kB
MemFree:          155908 kB
MemAvailable:    1432056 kB
Buffers:          106160 kB
Cached:          1183116 kB
MemTotal:        1844596 kB
MemFree:          155304 kB
MemAvailable:    1431452 kB
Buffers:          106160 kB
Cached:          1183116 kB
MemTotal:        1844596 kB
MemFree:          152320 kB
MemAvailable:    1428468 kB
Buffers:          106160 kB
Cached:          1183116 kB
MemTotal:        1844596 kB
MemFree:          152248 kB
MemAvailable:    1428396 kB
Buffers:          106160 kB
Cached:          1183116 kB
MemTotal:        1844596 kB
MemFree:          151080 kB
MemAvailable:    1427228 kB
Buffers:          106160 kB
Cached:          1183116 kB
MemTotal:        1844596 kB
MemFree:          152032 kB
MemAvailable:    1428180 kB
Buffers:          106160 kB
Cached:          1183116 kB
MemTotal:        1844596 kB
MemFree:          151080 kB
MemAvailable:    1427228 kB
Buffers:          106160 kB
Cached:          1183116 kB
MemTotal:        1844596 kB
MemFree:          152008 kB
MemAvailable:    1428156 kB
Buffers:          106160 kB
Cached:          1183116 kB
MemTotal:        1844596 kB
MemFree:          151876 kB
MemAvailable:    1428024 kB
Buffers:          106160 kB
Cached:          1183116 kB
MemTotal:        1844596 kB
MemFree:          151756 kB
MemAvailable:    1427904 kB
Buffers:          106160 kB
Cached:          1183116 kB
MemTotal:        1844596 kB
MemFree:          151924 kB
MemAvailable:    1428072 kB
Buffers:          106160 kB
Cached:          1183116 kB
MemTotal:        1844596 kB
MemFree:          150572 kB
MemAvailable:    1426720 kB
Buffers:          106160 kB
Cached:          1183116 kB
MemTotal:        1844596 kB
MemFree:          151864 kB
MemAvailable:    1428012 kB
Buffers:          106160 kB
Cached:          1183116 kB
MemTotal:        1844596 kB
MemFree:          151824 kB
MemAvailable:    1427972 kB
Buffers:          106160 kB
Cached:          1183116 kB
MemTotal:        1844596 kB
MemFree:          151620 kB
MemAvailable:    1427768 kB
Buffers:          106160 kB
Cached:          1183116 kB
MemTotal:        1844596 kB
MemFree:          151452 kB
MemAvailable:    1427600 kB
Buffers:          106160 kB
Cached:          1183116 kB
MemTotal:        1844596 kB
MemFree:          150032 kB
MemAvailable:    1426180 kB
Buffers:          106160 kB
Cached:          1183116 kB
MemTotal:        1844596 kB
MemFree:          151396 kB
MemAvailable:    1427544 kB
Buffers:          106160 kB
Cached:          1183116 kB
MemTotal:        1844596 kB
MemFree:          150156 kB
MemAvailable:    1426304 kB
Buffers:          106160 kB
Cached:          1183116 kB
MemTotal:        1844596 kB
MemFree:          151264 kB
MemAvailable:    1427412 kB
Buffers:          106160 kB
Cached:          1183116 kB
MemTotal:        1844596 kB
MemFree:          151072 kB
MemAvailable:    1427220 kB
Buffers:          106160 kB
Cached:          1183116 kB
MemTotal:        1844596 kB
MemFree:          150896 kB
MemAvailable:    1427044 kB
Buffers:          106160 kB
Cached:          1183116 kB
MemTotal:        1844596 kB
MemFree:          150924 kB
MemAvailable:    1427072 kB
Buffers:          106160 kB
Cached:          1183116 kB
MemTotal:        1844596 kB
MemFree:          150832 kB
MemAvailable:    1426980 kB
Buffers:          106160 kB
Cached:          1183116 kB
MemTotal:        1844596 kB
MemFree:          151128 kB
MemAvailable:    1427276 kB
Buffers:          106160 kB
Cached:          1183116 kB
MemTotal:        1844596 kB
MemFree:          151144 kB
MemAvailable:    1427292 kB
Buffers:          106160 kB
Cached:          1183116 kB
MemTotal:        1844596 kB
MemFree:          151016 kB
MemAvailable:    1427164 kB
Buffers:          106160 kB
Cached:          1183116 kB
MemTotal:        1844596 kB
MemFree:          149644 kB
MemAvailable:    1425792 kB
Buffers:          106160 kB
Cached:          1183116 kB
MemTotal:        1844596 kB
MemFree:          150944 kB
MemAvailable:    1427092 kB
Buffers:          106160 kB
Cached:          1183116 kB
MemTotal:        1844596 kB
MemFree:          150940 kB
MemAvailable:    1427088 kB
Buffers:          106160 kB
Cached:          1183116 kB
MemTotal:        1844596 kB
MemFree:          151080 kB
MemAvailable:    1427228 kB
Buffers:          106160 kB
Cached:          1183116 kB
MemTotal:        1844596 kB
MemFree:          149660 kB
MemAvailable:    1425808 kB
Buffers:          106160 kB
Cached:          1183116 kB
MemTotal:        1844596 kB
MemFree:          149660 kB
MemAvailable:    1425808 kB
Buffers:          106160 kB
Cached:          1183116 kB
MemTotal:        1844596 kB
MemFree:          149784 kB
MemAvailable:    1425932 kB
Buffers:          106160 kB
Cached:          1183116 kB
MemTotal:        1844596 kB
MemFree:          151016 kB
MemAvailable:    1427164 kB
Buffers:          106160 kB
Cached:          1183116 kB
MemTotal:        1844596 kB
MemFree:          149580 kB
MemAvailable:    1425736 kB
Buffers:          106160 kB
Cached:          1183124 kB
MemTotal:        1844596 kB
MemFree:          149544 kB
MemAvailable:    1425700 kB
Buffers:          106160 kB
Cached:          1183124 kB
MemTotal:        1844596 kB
MemFree:          144388 kB
MemAvailable:    1420544 kB
Buffers:          106160 kB
Cached:          1183124 kB
MemTotal:        1844596 kB
MemFree:          141288 kB
MemAvailable:    1417444 kB
Buffers:          106160 kB
Cached:          1183124 kB
MemTotal:        1844596 kB
MemFree:          137504 kB
MemAvailable:    1413660 kB
Buffers:          106160 kB
Cached:          1183124 kB
MemTotal:        1844596 kB
MemFree:          134964 kB
MemAvailable:    1411120 kB
Buffers:          106160 kB
Cached:          1183124 kB
MemTotal:        1844596 kB
MemFree:          132980 kB
MemAvailable:    1409136 kB
Buffers:          106160 kB
Cached:          1183124 kB
MemTotal:        1844596 kB
MemFree:          133044 kB
MemAvailable:    1409200 kB
Buffers:          106160 kB
Cached:          1183124 kB
MemTotal:        1844596 kB
MemFree:          131476 kB
MemAvailable:    1407632 kB
Buffers:          106160 kB
Cached:          1183124 kB
MemTotal:        1844596 kB
MemFree:          131568 kB
MemAvailable:    1407724 kB
Buffers:          106160 kB
Cached:          1183124 kB
MemTotal:        1844596 kB
MemFree:          132732 kB
MemAvailable:    1408888 kB
Buffers:          106160 kB
Cached:          1183124 kB
MemTotal:        1844596 kB
MemFree:          132608 kB
MemAvailable:    1408764 kB
Buffers:          106160 kB
Cached:          1183124 kB
MemTotal:        1844596 kB
MemFree:          132608 kB
MemAvailable:    1408764 kB
Buffers:          106160 kB
Cached:          1183124 kB
MemTotal:        1844596 kB
MemFree:          132728 kB
MemAvailable:    1408884 kB
Buffers:          106160 kB
Cached:          1183124 kB
MemTotal:        1844596 kB
MemFree:          131544 kB
MemAvailable:    1407700 kB
Buffers:          106160 kB
Cached:          1183124 kB
MemTotal:        1844596 kB
MemFree:          131296 kB
MemAvailable:    1407452 kB
Buffers:          106160 kB
Cached:          1183124 kB
MemTotal:        1844596 kB
MemFree:          132756 kB
MemAvailable:    1408912 kB
Buffers:          106160 kB
Cached:          1183124 kB
MemTotal:        1844596 kB
MemFree:          131872 kB
MemAvailable:    1408028 kB
Buffers:          106160 kB
Cached:          1183124 kB
MemTotal:        1844596 kB
MemFree:          132592 kB
MemAvailable:    1408748 kB
Buffers:          106160 kB
Cached:          1183124 kB
MemTotal:        1844596 kB
MemFree:          132928 kB
MemAvailable:    1409084 kB
Buffers:          106160 kB
Cached:          1183124 kB
MemTotal:        1844596 kB
MemFree:          132716 kB
MemAvailable:    1408872 kB
Buffers:          106160 kB
Cached:          1183124 kB
MemTotal:        1844596 kB
MemFree:          132732 kB
MemAvailable:    1408888 kB
Buffers:          106160 kB
Cached:          1183124 kB
MemTotal:        1844596 kB
MemFree:          132772 kB
MemAvailable:    1408928 kB
Buffers:          106160 kB
Cached:          1183124 kB
MemTotal:        1844596 kB
MemFree:          132708 kB
MemAvailable:    1408864 kB
Buffers:          106160 kB
Cached:          1183124 kB
MemTotal:        1844596 kB
MemFree:          132960 kB
MemAvailable:    1409116 kB
Buffers:          106160 kB
Cached:          1183124 kB
MemTotal:        1844596 kB
MemFree:          131444 kB
MemAvailable:    1407600 kB
Buffers:          106160 kB
Cached:          1183124 kB
MemTotal:        1844596 kB
MemFree:          132924 kB
MemAvailable:    1409080 kB
Buffers:          106160 kB
Cached:          1183124 kB
MemTotal:        1844596 kB
MemFree:          132800 kB
MemAvailable:    1408956 kB
Buffers:          106160 kB
Cached:          1183124 kB
MemTotal:        1844596 kB
MemFree:          132676 kB
MemAvailable:    1408832 kB
Buffers:          106160 kB
Cached:          1183124 kB
MemTotal:        1844596 kB
MemFree:          132484 kB
MemAvailable:    1408640 kB
Buffers:          106160 kB
Cached:          1183124 kB
MemTotal:        1844596 kB
MemFree:          132720 kB
MemAvailable:    1408876 kB
Buffers:          106160 kB
Cached:          1183124 kB
MemTotal:        1844596 kB
MemFree:          132900 kB
MemAvailable:    1409056 kB
Buffers:          106160 kB
Cached:          1183124 kB
MemTotal:        1844596 kB
MemFree:          132964 kB
MemAvailable:    1409120 kB
Buffers:          106160 kB
Cached:          1183124 kB
MemTotal:        1844596 kB
MemFree:          132592 kB
MemAvailable:    1408748 kB
Buffers:          106160 kB
Cached:          1183124 kB
MemTotal:        1844596 kB
MemFree:          132844 kB
MemAvailable:    1409000 kB
Buffers:          106160 kB
Cached:          1183124 kB
MemTotal:        1844596 kB
MemFree:          131480 kB
MemAvailable:    1407636 kB
Buffers:          106160 kB
Cached:          1183124 kB
MemTotal:        1844596 kB
MemFree:          132772 kB
MemAvailable:    1408928 kB
Buffers:          106160 kB
Cached:          1183124 kB
MemTotal:        1844596 kB
MemFree:          131864 kB
MemAvailable:    1408020 kB
Buffers:          106160 kB
Cached:          1183124 kB
MemTotal:        1844596 kB
MemFree:          131740 kB
MemAvailable:    1407900 kB
Buffers:          106160 kB
Cached:          1183128 kB
MemTotal:        1844596 kB
MemFree:          132912 kB
MemAvailable:    1409072 kB
Buffers:          106160 kB
Cached:          1183128 kB
MemTotal:        1844596 kB
MemFree:          132592 kB
MemAvailable:    1408752 kB
Buffers:          106160 kB
Cached:          1183128 kB
MemTotal:        1844596 kB
MemFree:          131560 kB
MemAvailable:    1407720 kB
Buffers:          106160 kB
Cached:          1183128 kB
MemTotal:        1844596 kB
MemFree:          131104 kB
MemAvailable:    1407264 kB
Buffers:          106160 kB
Cached:          1183128 kB
MemTotal:        1844596 kB
MemFree:          131188 kB
MemAvailable:    1407348 kB
Buffers:          106160 kB
Cached:          1183128 kB
MemTotal:        1844596 kB
MemFree:          126220 kB
MemAvailable:    1402380 kB
Buffers:          106160 kB
Cached:          1183128 kB
MemTotal:        1844596 kB
MemFree:          123316 kB
MemAvailable:    1399476 kB
Buffers:          106160 kB
Cached:          1183128 kB
MemTotal:        1844596 kB
MemFree:          119712 kB
MemAvailable:    1395876 kB
Buffers:          106160 kB
Cached:          1183132 kB
MemTotal:        1844596 kB
MemFree:          116540 kB
MemAvailable:    1392704 kB
Buffers:          106160 kB
Cached:          1183132 kB
MemTotal:        1844596 kB
MemFree:          114380 kB
MemAvailable:    1390544 kB
Buffers:          106160 kB
Cached:          1183132 kB
MemTotal:        1844596 kB
MemFree:          114496 kB
MemAvailable:    1390660 kB
Buffers:          106160 kB
Cached:          1183132 kB
MemTotal:        1844596 kB
MemFree:          114380 kB
MemAvailable:    1390544 kB
Buffers:          106160 kB
Cached:          1183132 kB
MemTotal:        1844596 kB
MemFree:          113264 kB
MemAvailable:    1389428 kB
Buffers:          106160 kB
Cached:          1183132 kB
MemTotal:        1844596 kB
MemFree:          114432 kB
MemAvailable:    1390596 kB
Buffers:          106160 kB
Cached:          1183132 kB
MemTotal:        1844596 kB
MemFree:          113120 kB
MemAvailable:    1389284 kB
Buffers:          106160 kB
Cached:          1183132 kB
MemTotal:        1844596 kB
MemFree:          114484 kB
MemAvailable:    1390648 kB
Buffers:          106160 kB
Cached:          1183132 kB
MemTotal:        1844596 kB
MemFree:          114356 kB
MemAvailable:    1390520 kB
Buffers:          106160 kB
Cached:          1183132 kB
MemTotal:        1844596 kB
MemFree:          114140 kB
MemAvailable:    1390304 kB
Buffers:          106160 kB
Cached:          1183132 kB
MemTotal:        1844596 kB
MemFree:          114068 kB
MemAvailable:    1390232 kB
Buffers:          106160 kB
Cached:          1183132 kB
MemTotal:        1844596 kB
MemFree:          112760 kB
MemAvailable:    1388924 kB
Buffers:          106160 kB
Cached:          1183132 kB
MemTotal:        1844596 kB
MemFree:          113732 kB
MemAvailable:    1389896 kB
Buffers:          106160 kB
Cached:          1183132 kB
MemTotal:        1844596 kB
MemFree:          113984 kB
MemAvailable:    1390148 kB
Buffers:          106160 kB
Cached:          1183132 kB
MemTotal:        1844596 kB
MemFree:          113764 kB
MemAvailable:    1389928 kB
Buffers:          106160 kB
Cached:          1183132 kB
MemTotal:        1844596 kB
MemFree:          113000 kB
MemAvailable:    1389164 kB
Buffers:          106160 kB
Cached:          1183132 kB
MemTotal:        1844596 kB
MemFree:          112396 kB
MemAvailable:    1388560 kB
Buffers:          106160 kB
Cached:          1183132 kB
MemTotal:        1844596 kB
MemFree:          112764 kB
MemAvailable:    1388928 kB
Buffers:          106160 kB
Cached:          1183132 kB
MemTotal:        1844596 kB
MemFree:          110892 kB
MemAvailable:    1387056 kB
Buffers:          106160 kB
Cached:          1183132 kB
MemTotal:        1844596 kB
MemFree:          112016 kB
MemAvailable:    1388180 kB
Buffers:          106160 kB
Cached:          1183132 kB
MemTotal:        1844596 kB
MemFree:          111280 kB
MemAvailable:    1387444 kB
Buffers:          106160 kB
Cached:          1183132 kB
MemTotal:        1844596 kB
MemFree:          110596 kB
MemAvailable:    1386760 kB
Buffers:          106160 kB
Cached:          1183132 kB
MemTotal:        1844596 kB
MemFree:          109412 kB
MemAvailable:    1385576 kB
Buffers:          106160 kB
Cached:          1183132 kB
MemTotal:        1844596 kB
MemFree:          108140 kB
MemAvailable:    1384308 kB
Buffers:          106160 kB
Cached:          1183136 kB
MemTotal:        1844596 kB
MemFree:          107264 kB
MemAvailable:    1383432 kB
Buffers:          106160 kB
Cached:          1183136 kB
MemTotal:        1844596 kB
MemFree:          106892 kB
MemAvailable:    1383060 kB
Buffers:          106160 kB
Cached:          1183136 kB
MemTotal:        1844596 kB
MemFree:          108424 kB
MemAvailable:    1384592 kB
Buffers:          106160 kB
Cached:          1183136 kB
MemTotal:        1844596 kB
MemFree:          108196 kB
MemAvailable:    1384364 kB
Buffers:          106160 kB
Cached:          1183136 kB
MemTotal:        1844596 kB
MemFree:          108380 kB
MemAvailable:    1384548 kB
Buffers:          106160 kB
Cached:          1183136 kB
MemTotal:        1844596 kB
MemFree:          108288 kB
MemAvailable:    1384456 kB
Buffers:          106160 kB
Cached:          1183136 kB
MemTotal:        1844596 kB
MemFree:          108152 kB
MemAvailable:    1384320 kB
Buffers:          106160 kB
Cached:          1183136 kB
MemTotal:        1844596 kB
MemFree:          108404 kB
MemAvailable:    1384572 kB
Buffers:          106160 kB
Cached:          1183136 kB
MemTotal:        1844596 kB
MemFree:          106320 kB
MemAvailable:    1382488 kB
Buffers:          106160 kB
Cached:          1183136 kB
MemTotal:        1844596 kB
MemFree:          106552 kB
MemAvailable:    1382720 kB
Buffers:          106160 kB
Cached:          1183136 kB
MemTotal:        1844596 kB
MemFree:          106692 kB
MemAvailable:    1382736 kB
Buffers:          106160 kB
Cached:          1183136 kB
MemTotal:        1844596 kB
MemFree:          106616 kB
MemAvailable:    1382784 kB
Buffers:          106160 kB
Cached:          1183136 kB
MemTotal:        1844596 kB
MemFree:          106568 kB
MemAvailable:    1382736 kB
Buffers:          106160 kB
Cached:          1183136 kB
MemTotal:        1844596 kB
MemFree:          105304 kB
MemAvailable:    1381472 kB
Buffers:          106160 kB
Cached:          1183136 kB
MemTotal:        1844596 kB
MemFree:          106428 kB
MemAvailable:    1382596 kB
Buffers:          106160 kB
Cached:          1183136 kB
MemTotal:        1844596 kB
MemFree:          106428 kB
MemAvailable:    1382596 kB
Buffers:          106160 kB
Cached:          1183136 kB
MemTotal:        1844596 kB
MemFree:          105148 kB
MemAvailable:    1381316 kB
Buffers:          106160 kB
Cached:          1183136 kB
MemTotal:        1844596 kB
MemFree:          106608 kB
MemAvailable:    1382776 kB
Buffers:          106160 kB
Cached:          1183136 kB
MemTotal:        1844596 kB
MemFree:          105832 kB
MemAvailable:    1382000 kB
Buffers:          106160 kB
Cached:          1183136 kB
MemTotal:        1844596 kB
MemFree:          106568 kB
MemAvailable:    1382736 kB
Buffers:          106160 kB
Cached:          1183136 kB
MemTotal:        1844596 kB
MemFree:          105320 kB
MemAvailable:    1381488 kB
Buffers:          106160 kB
Cached:          1183136 kB
MemTotal:        1844596 kB
MemFree:          105280 kB
MemAvailable:    1381448 kB
Buffers:          106160 kB
Cached:          1183136 kB
MemTotal:        1844596 kB
MemFree:          106380 kB
MemAvailable:    1382548 kB
Buffers:          106160 kB
Cached:          1183136 kB
MemTotal:        1844596 kB
MemFree:          106456 kB
MemAvailable:    1382624 kB
Buffers:          106160 kB
Cached:          1183136 kB
MemTotal:        1844596 kB
MemFree:          105400 kB
MemAvailable:    1381568 kB
Buffers:          106160 kB
Cached:          1183136 kB
MemTotal:        1844596 kB
MemFree:          105188 kB
MemAvailable:    1381356 kB
Buffers:          106160 kB
Cached:          1183136 kB
MemTotal:        1844596 kB
MemFree:          105140 kB
MemAvailable:    1381308 kB
Buffers:          106160 kB
Cached:          1183136 kB
MemTotal:        1844596 kB
MemFree:          106500 kB
MemAvailable:    1382668 kB
Buffers:          106160 kB
Cached:          1183136 kB
MemTotal:        1844596 kB
MemFree:          106452 kB
MemAvailable:    1382620 kB
Buffers:          106160 kB
Cached:          1183136 kB
MemTotal:        1844596 kB
MemFree:          106568 kB
MemAvailable:    1382736 kB
Buffers:          106160 kB
Cached:          1183136 kB
MemTotal:        1844596 kB
MemFree:          105832 kB
MemAvailable:    1382000 kB
Buffers:          106160 kB
Cached:          1183136 kB
MemTotal:        1844596 kB
MemFree:          106560 kB
MemAvailable:    1382732 kB
Buffers:          106160 kB
Cached:          1183140 kB
MemTotal:        1844596 kB
MemFree:          106328 kB
MemAvailable:    1382500 kB
Buffers:          106160 kB
Cached:          1183140 kB
MemTotal:        1844596 kB
MemFree:          106456 kB
MemAvailable:    1382628 kB
Buffers:          106160 kB
Cached:          1183140 kB
MemTotal:        1844596 kB
MemFree:          105400 kB
MemAvailable:    1381572 kB
Buffers:          106160 kB
Cached:          1183140 kB
MemTotal:        1844596 kB
MemFree:          106312 kB
MemAvailable:    1382484 kB
Buffers:          106160 kB
Cached:          1183140 kB
MemTotal:        1844596 kB
MemFree:          105904 kB
MemAvailable:    1382076 kB
Buffers:          106160 kB
Cached:          1183140 kB
MemTotal:        1844596 kB
MemFree:          106676 kB
MemAvailable:    1382848 kB
Buffers:          106160 kB
Cached:          1183140 kB
MemTotal:        1844596 kB
MemFree:          106568 kB
MemAvailable:    1382740 kB
Buffers:          106160 kB
Cached:          1183140 kB
MemTotal:        1844596 kB
MemFree:          106304 kB
MemAvailable:    1382476 kB
Buffers:          106160 kB
Cached:          1183140 kB
MemTotal:        1844596 kB
MemFree:          105056 kB
MemAvailable:    1381228 kB
Buffers:          106160 kB
Cached:          1183140 kB
MemTotal:        1844596 kB
MemFree:          105396 kB
MemAvailable:    1381568 kB
Buffers:          106160 kB
Cached:          1183140 kB
MemTotal:        1844596 kB
MemFree:          105308 kB
MemAvailable:    1381480 kB
Buffers:          106160 kB
Cached:          1183140 kB
MemTotal:        1844596 kB
MemFree:          105176 kB
MemAvailable:    1381348 kB
Buffers:          106160 kB
Cached:          1183140 kB
MemTotal:        1844596 kB
MemFree:          105260 kB
MemAvailable:    1381432 kB
Buffers:          106160 kB
Cached:          1183140 kB
MemTotal:        1844596 kB
MemFree:          105756 kB
MemAvailable:    1381928 kB
Buffers:          106160 kB
Cached:          1183140 kB
MemTotal:        1844596 kB
MemFree:          105252 kB
MemAvailable:    1381424 kB
Buffers:          106160 kB
Cached:          1183140 kB
MemTotal:        1844596 kB
MemFree:          105420 kB
MemAvailable:    1381592 kB
Buffers:          106160 kB
Cached:          1183140 kB
MemTotal:        1844596 kB
MemFree:          105116 kB
MemAvailable:    1381288 kB
Buffers:          106160 kB
Cached:          1183140 kB
MemTotal:        1844596 kB
MemFree:          106568 kB
MemAvailable:    1382740 kB
Buffers:          106160 kB
Cached:          1183140 kB
MemTotal:        1844596 kB
MemFree:          106428 kB
MemAvailable:    1382600 kB
Buffers:          106160 kB
Cached:          1183140 kB
MemTotal:        1844596 kB
MemFree:          106428 kB
MemAvailable:    1382600 kB
Buffers:          106160 kB
Cached:          1183140 kB
MemTotal:        1844596 kB
MemFree:          105272 kB
MemAvailable:    1381444 kB
Buffers:          106160 kB
Cached:          1183140 kB
MemTotal:        1844596 kB
MemFree:          102972 kB
MemAvailable:    1379144 kB
Buffers:          106160 kB
Cached:          1183140 kB
MemTotal:        1844596 kB
MemFree:          101236 kB
MemAvailable:    1377408 kB
Buffers:          106160 kB
Cached:          1183140 kB
MemTotal:        1844596 kB
MemFree:           98508 kB
MemAvailable:    1374680 kB
Buffers:          106160 kB
Cached:          1183140 kB
MemTotal:        1844596 kB
MemFree:           95144 kB
MemAvailable:    1371316 kB
Buffers:          106160 kB
Cached:          1183140 kB
MemTotal:        1844596 kB
MemFree:           94416 kB
MemAvailable:    1370588 kB
Buffers:          106160 kB
Cached:          1183140 kB
MemTotal:        1844596 kB
MemFree:           89952 kB
MemAvailable:    1366124 kB
Buffers:          106160 kB
Cached:          1183140 kB
MemTotal:        1844596 kB
MemFree:           88152 kB
MemAvailable:    1364324 kB
Buffers:          106160 kB
Cached:          1183140 kB
MemTotal:        1844596 kB
MemFree:           85984 kB
MemAvailable:    1362156 kB
Buffers:          106160 kB
Cached:          1183140 kB
MemTotal:        1844596 kB
MemFree:           87268 kB
MemAvailable:    1363444 kB
Buffers:          106160 kB
Cached:          1183144 kB
MemTotal:        1844596 kB
MemFree:           85984 kB
MemAvailable:    1362160 kB
Buffers:          106160 kB
Cached:          1183144 kB
MemTotal:        1844596 kB
MemFree:           87012 kB
MemAvailable:    1363188 kB
Buffers:          106160 kB
Cached:          1183144 kB
MemTotal:        1844596 kB
MemFree:           87044 kB
MemAvailable:    1363220 kB
Buffers:          106160 kB
Cached:          1183144 kB
MemTotal:        1844596 kB
MemFree:           85688 kB
MemAvailable:    1361864 kB
Buffers:          106160 kB
Cached:          1183144 kB
MemTotal:        1844596 kB
MemFree:           85812 kB
MemAvailable:    1361988 kB
Buffers:          106160 kB
Cached:          1183144 kB
MemTotal:        1844596 kB
MemFree:           87048 kB
MemAvailable:    1363224 kB
Buffers:          106160 kB
Cached:          1183144 kB
MemTotal:        1844596 kB
MemFree:           85800 kB
MemAvailable:    1361976 kB
Buffers:          106160 kB
Cached:          1183144 kB
MemTotal:        1844596 kB
MemFree:           85844 kB
MemAvailable:    1362020 kB
Buffers:          106160 kB
Cached:          1183144 kB
MemTotal:        1844596 kB
MemFree:           87084 kB
MemAvailable:    1363260 kB
Buffers:          106160 kB
Cached:          1183144 kB
MemTotal:        1844596 kB
MemFree:           86912 kB
MemAvailable:    1363088 kB
Buffers:          106160 kB
Cached:          1183144 kB
MemTotal:        1844596 kB
MemFree:           86852 kB
MemAvailable:    1363028 kB
Buffers:          106160 kB
Cached:          1183144 kB
MemTotal:        1844596 kB
MemFree:           85848 kB
MemAvailable:    1362024 kB
Buffers:          106160 kB
Cached:          1183144 kB
MemTotal:        1844596 kB
MemFree:           87100 kB
MemAvailable:    1363276 kB
Buffers:          106160 kB
Cached:          1183144 kB
MemTotal:        1844596 kB
MemFree:           87028 kB
MemAvailable:    1363204 kB
Buffers:          106160 kB
Cached:          1183144 kB
MemTotal:        1844596 kB
MemFree:           86656 kB
MemAvailable:    1362832 kB
Buffers:          106160 kB
Cached:          1183144 kB
MemTotal:        1844596 kB
MemFree:           86736 kB
MemAvailable:    1362912 kB
Buffers:          106160 kB
Cached:          1183144 kB
MemTotal:        1844596 kB
MemFree:           86584 kB
MemAvailable:    1362760 kB
Buffers:          106160 kB
Cached:          1183144 kB
MemTotal:        1844596 kB
MemFree:           86920 kB
MemAvailable:    1363096 kB
Buffers:          106160 kB
Cached:          1183144 kB
MemTotal:        1844596 kB
MemFree:           85436 kB
MemAvailable:    1361612 kB
Buffers:          106160 kB
Cached:          1183144 kB
MemTotal:        1844596 kB
MemFree:           85428 kB
MemAvailable:    1361604 kB
Buffers:          106160 kB
Cached:          1183144 kB
MemTotal:        1844596 kB
MemFree:           86656 kB
MemAvailable:    1362832 kB
Buffers:          106160 kB
Cached:          1183144 kB
MemTotal:        1844596 kB
MemFree:           86612 kB
MemAvailable:    1362788 kB
Buffers:          106160 kB
Cached:          1183144 kB
MemTotal:        1844596 kB
MemFree:           85440 kB
MemAvailable:    1361616 kB
Buffers:          106160 kB
Cached:          1183144 kB
MemTotal:        1844596 kB
MemFree:           85124 kB
MemAvailable:    1361300 kB
Buffers:          106160 kB
Cached:          1183144 kB
MemTotal:        1844596 kB
MemFree:           85928 kB
MemAvailable:    1362104 kB
Buffers:          106160 kB
Cached:          1183144 kB
MemTotal:        1844596 kB
MemFree:           82636 kB
MemAvailable:    1358812 kB
Buffers:          106160 kB
Cached:          1183144 kB
MemTotal:        1844596 kB
MemFree:           82280 kB
MemAvailable:    1358456 kB
Buffers:          106160 kB
Cached:          1183144 kB
MemTotal:        1844596 kB
MemFree:           75824 kB
MemAvailable:    1352000 kB
Buffers:          106160 kB
Cached:          1183144 kB
MemTotal:        1844596 kB
MemFree:           75824 kB
MemAvailable:    1352000 kB
Buffers:          106160 kB
Cached:          1183144 kB
MemTotal:        1844596 kB
MemFree:           76808 kB
MemAvailable:    1352984 kB
Buffers:          106160 kB
Cached:          1183144 kB
MemTotal:        1844596 kB
MemFree:           76312 kB
MemAvailable:    1352488 kB
Buffers:          106160 kB
Cached:          1183144 kB
MemTotal:        1844596 kB
MemFree:           75780 kB
MemAvailable:    1351956 kB
Buffers:          106160 kB
Cached:          1183144 kB
MemTotal:        1844596 kB
MemFree:           76604 kB
MemAvailable:    1352780 kB
Buffers:          106160 kB
Cached:          1183148 kB
MemTotal:        1844596 kB
MemFree:           76328 kB
MemAvailable:    1352504 kB
Buffers:          106160 kB
Cached:          1183148 kB
MemTotal:        1844596 kB
MemFree:           73220 kB
MemAvailable:    1349396 kB
Buffers:          106160 kB
Cached:          1183148 kB
MemTotal:        1844596 kB
MemFree:           73220 kB
MemAvailable:    1349396 kB
Buffers:          106160 kB
Cached:          1183148 kB
MemTotal:        1844596 kB
MemFree:           72964 kB
MemAvailable:    1349140 kB
Buffers:          106160 kB
Cached:          1183148 kB
MemTotal:        1844596 kB
MemFree:           72716 kB
MemAvailable:    1348892 kB
Buffers:          106160 kB
Cached:          1183148 kB
MemTotal:        1844596 kB
MemFree:           73568 kB
MemAvailable:    1349828 kB
Buffers:          106160 kB
Cached:          1183272 kB
MemTotal:        1844596 kB
MemFree:           73600 kB
MemAvailable:    1349860 kB
Buffers:          106160 kB
Cached:          1183272 kB
MemTotal:        1844596 kB
MemFree:           72220 kB
MemAvailable:    1348564 kB
Buffers:          106160 kB
Cached:          1183396 kB
MemTotal:        1844596 kB
MemFree:           73460 kB
MemAvailable:    1349972 kB
Buffers:          106160 kB
Cached:          1183520 kB
MemTotal:        1844596 kB
MemFree:           72212 kB
MemAvailable:    1348724 kB
Buffers:          106160 kB
Cached:          1183644 kB
MemTotal:        1844596 kB
MemFree:           73388 kB
MemAvailable:    1350068 kB
Buffers:          106160 kB
Cached:          1183768 kB
MemTotal:        1844596 kB
MemFree:           73272 kB
MemAvailable:    1350036 kB
Buffers:          106160 kB
Cached:          1183768 kB
MemTotal:        1844596 kB
MemFree:           72096 kB
MemAvailable:    1348860 kB
Buffers:          106160 kB
Cached:          1183768 kB
MemTotal:        1844596 kB
MemFree:           73088 kB
MemAvailable:    1349852 kB
Buffers:          106160 kB
Cached:          1183768 kB
MemTotal:        1844596 kB
MemFree:           72092 kB
MemAvailable:    1348856 kB
Buffers:          106160 kB
Cached:          1183768 kB
MemTotal:        1844596 kB
MemFree:           73096 kB
MemAvailable:    1349860 kB
Buffers:          106160 kB
Cached:          1183768 kB
MemTotal:        1844596 kB
MemFree:           72236 kB
MemAvailable:    1349000 kB
Buffers:          106160 kB
Cached:          1183768 kB
MemTotal:        1844596 kB
MemFree:           72956 kB
MemAvailable:    1349804 kB
Buffers:          106160 kB
Cached:          1183892 kB
MemTotal:        1844596 kB
MemFree:           73292 kB
MemAvailable:    1350140 kB
Buffers:          106160 kB
Cached:          1183892 kB
MemTotal:        1844596 kB
MemFree:           71516 kB
MemAvailable:    1347692 kB
Buffers:          106160 kB
Cached:          1183176 kB
MemTotal:        1844596 kB
MemFree:          132748 kB
MemAvailable:    1408924 kB
Buffers:          106160 kB
Cached:          1183176 kB
MemTotal:        1844596 kB
MemFree:          150960 kB
MemAvailable:    1427136 kB
Buffers:          106160 kB
Cached:          1183176 kB
MemTotal:        1844596 kB
MemFree:          267508 kB
MemAvailable:    1543684 kB
Buffers:          106160 kB
Cached:          1183176 kB
