MemTotal:        1844596 kB
MemFree:          420032 kB
MemAvailable:    1541096 kB
Buffers:           84876 kB
Cached:          1072548 kB
MemTotal:        1844596 kB
MemFree:          394636 kB
MemAvailable:    1515704 kB
Buffers:           84876 kB
Cached:          1072552 kB
MemTotal:        1844596 kB
MemFree:          392464 kB
MemAvailable:    1513532 kB
Buffers:           84876 kB
Cached:          1072552 kB
MemTotal:        1844596 kB
MemFree:          390288 kB
MemAvailable:    1511356 kB
Buffers:           84876 kB
Cached:          1072552 kB
MemTotal:        1844596 kB
MemFree:          390288 kB
MemAvailable:    1511356 kB
Buffers:           84876 kB
Cached:          1072552 kB
MemTotal:        1844596 kB
MemFree:          387816 kB
MemAvailable:    1508884 kB
Buffers:           84876 kB
Cached:          1072552 kB
MemTotal:        1844596 kB
MemFree:          389240 kB
MemAvailable:    1510308 kB
Buffers:           84876 kB
Cached:          1072552 kB
MemTotal:        1844596 kB
MemFree:          386932 kB
MemAvailable:    1508000 kB
Buffers:           84876 kB
Cached:          1072552 kB
MemTotal:        1844596 kB
MemFree:          386932 kB
MemAvailable:    1508000 kB
Buffers:           84876 kB
Cached:          1072552 kB
MemTotal:        1844596 kB
MemFree:          382724 kB
MemAvailable:    1503792 kB
Buffers:           84876 kB
Cached:          1072552 kB
MemTotal:        1844596 kB
MemFree:          382856 kB
MemAvailable:    1503924 kB
Buffers:           84876 kB
Cached:          1072552 kB
MemTotal:        1844596 kB
MemFree:          377948 kB
MemAvailable:    1499016 kB
Buffers:           84876 kB
Cached:          1072552 kB
MemTotal:        1844596 kB
MemFree:          378648 kB
MemAvailable:    1499716 kB
Buffers:           84876 kB
Cached:          1072552 kB
MemTotal:        1844596 kB
MemFree:          379072 kB
MemAvailable:    1500140 kB
Buffers:           84876 kB
Cached:          1072552 kB
MemTotal:        1844596 kB
MemFree:          378648 kB
MemAvailable:    1499716 kB
Buffers:           84876 kB
Cached:          1072552 kB
MemTotal:        1844596 kB
MemFree:          379072 kB
MemAvailable:    1500140 kB
Buffers:           84876 kB
Cached:          1072552 kB
MemTotal:        1844596 kB
MemFree:          378880 kB
MemAvailable:    1499948 kB
Buffers:           84876 kB
Cached:          1072552 kB
MemTotal:        1844596 kB
MemFree:          377772 kB
MemAvailable:    1498840 kB
Buffers:           84876 kB
Cached:          1072552 kB
MemTotal:        1844596 kB
MemFree:          378520 kB
MemAvailable:    1499588 kB
Buffers:           84876 kB
Cached:          1072552 kB
MemTotal:        1844596 kB
MemFree:          378496 kB
MemAvailable:    1499564 kB
Buffers:           84876 kB
Cached:          1072552 kB
MemTotal:        1844596 kB
MemFree:          378300 kB
MemAvailable:    1499368 kB
Buffers:           84876 kB
Cached:          1072552 kB
MemTotal:        1844596 kB
MemFree:          378420 kB
MemAvailable:    1499488 kB
Buffers:           84876 kB
Cached:          1072552 kB
MemTotal:        1844596 kB
MemFree:          377276 kB
MemAvailable:    1498344 kB
Buffers:           84876 kB
Cached:          1072552 kB
MemTotal:        1844596 kB
MemFree:          378516 kB
MemAvailable:    1499584 kB
Buffers:           84876 kB
Cached:          1072552 kB
MemTotal:        1844596 kB
MemFree:          377656 kB
MemAvailable:    1498724 kB
Buffers:           84876 kB
Cached:          1072552 kB
MemTotal:        1844596 kB
MemFree:          377956 kB
MemAvailable:    1499024 kB
Buffers:           84876 kB
Cached:          1072552 kB
MemTotal:        1844596 kB
MemFree:          378040 kB
MemAvailable:    1499108 kB
Buffers:           84876 kB
Cached:          1072552 kB
MemTotal:        1844596 kB
MemFree:          377500 kB
MemAvailable:    1498568 kB
Buffers:           84876 kB
Cached:          1072552 kB
MemTotal:        1844596 kB
MemFree:          377752 kB
MemAvailable:    1498820 kB
Buffers:           84876 kB
Cached:          1072552 kB
MemTotal:        1844596 kB
MemFree:          376136 kB
MemAvailable:    1497204 kB
Buffers:           84876 kB
Cached:          1072552 kB
MemTotal:        1844596 kB
MemFree:          376284 kB
MemAvailable:    1497352 kB
Buffers:           84876 kB
Cached:          1072552 kB
MemTotal:        1844596 kB
MemFree:          377336 kB
MemAvailable:    1498404 kB
Buffers:           84876 kB
Cached:          1072552 kB
MemTotal:        1844596 kB
MemFree:          375540 kB
MemAvailable:    1496608 kB
Buffers:           84876 kB
Cached:          1072552 kB
MemTotal:        1844596 kB
MemFree:          376144 kB
MemAvailable:    1497216 kB
Buffers:           84876 kB
Cached:          1072556 kB
MemTotal:        1844596 kB
MemFree:          376228 kB
MemAvailable:    1497300 kB
Buffers:           84876 kB
Cached:          1072556 kB
MemTotal:        1844596 kB
MemFree:          376036 kB
MemAvailable:    1497108 kB
Buffers:           84876 kB
Cached:          1072556 kB
MemTotal:        1844596 kB
MemFree:          374672 kB
MemAvailable:    1495744 kB
Buffers:           84876 kB
Cached:          1072556 kB
MemTotal:        1844596 kB
MemFree:          375964 kB
MemAvailable:    1497036 kB
Buffers:           84876 kB
Cached:          1072556 kB
MemTotal:        1844596 kB
MemFree:          374680 kB
MemAvailable:    1495752 kB
Buffers:           84876 kB
Cached:          1072556 kB
MemTotal:        1844596 kB
MemFree:          375772 kB
MemAvailable:    1496844 kB
Buffers:           84876 kB
Cached:          1072556 kB
MemTotal:        1844596 kB
MemFree:          376108 kB
MemAvailable:    1497180 kB
Buffers:           84876 kB
Cached:          1072556 kB
MemTotal:        1844596 kB
MemFree:          374664 kB
MemAvailable:    1495736 kB
Buffers:           84876 kB
Cached:          1072556 kB
MemTotal:        1844596 kB
MemFree:          377196 kB
MemAvailable:    1498268 kB
Buffers:           84876 kB
Cached:          1072556 kB
MemTotal:        1844596 kB
MemFree:          376964 kB
MemAvailable:    1498036 kB
Buffers:           84876 kB
Cached:          1072556 kB
MemTotal:        1844596 kB
MemFree:          373176 kB
MemAvailable:    1494248 kB
Buffers:           84876 kB
Cached:          1072556 kB
MemTotal:        1844596 kB
MemFree:          373176 kB
MemAvailable:    1494248 kB
Buffers:           84876 kB
Cached:          1072556 kB
MemTotal:        1844596 kB
MemFree:          371804 kB
MemAvailable:    1492876 kB
Buffers:           84876 kB
Cached:          1072556 kB
MemTotal:        1844596 kB
MemFree:          371944 kB
MemAvailable:    1493016 kB
Buffers:           84876 kB
Cached:          1072556 kB
MemTotal:        1844596 kB
MemFree:          371800 kB
MemAvailable:    1492872 kB
Buffers:           84876 kB
Cached:          1072556 kB
MemTotal:        1844596 kB
MemFree:          371800 kB
MemAvailable:    1492872 kB
Buffers:           84876 kB
Cached:          1072556 kB
MemTotal:        1844596 kB
MemFree:          371740 kB
MemAvailable:    1492812 kB
Buffers:           84876 kB
Cached:          1072556 kB
MemTotal:        1844596 kB
MemFree:          371208 kB
MemAvailable:    1492280 kB
Buffers:           84876 kB
Cached:          1072556 kB
MemTotal:        1844596 kB
MemFree:          371384 kB
MemAvailable:    1492456 kB
Buffers:           84876 kB
Cached:          1072556 kB
MemTotal:        1844596 kB
MemFree:          371720 kB
MemAvailable:    1492792 kB
Buffers:           84876 kB
Cached:          1072556 kB
MemTotal:        1844596 kB
MemFree:          371620 kB
MemAvailable:    1492692 kB
Buffers:           84876 kB
Cached:          1072556 kB
MemTotal:        1844596 kB
MemFree:          371572 kB
MemAvailable:    1492644 kB
Buffers:           84876 kB
Cached:          1072556 kB
MemTotal:        1844596 kB
MemFree:          370272 kB
MemAvailable:    1491344 kB
Buffers:           84876 kB
Cached:          1072556 kB
MemTotal:        1844596 kB
MemFree:          370264 kB
MemAvailable:    1491336 kB
Buffers:           84876 kB
Cached:          1072556 kB
MemTotal:        1844596 kB
MemFree:          371440 kB
MemAvailable:    1492512 kB
Buffers:           84876 kB
Cached:          1072556 kB
MemTotal:        1844596 kB
MemFree:          370264 kB
MemAvailable:    1491336 kB
Buffers:           84876 kB
Cached:          1072556 kB
MemTotal:        1844596 kB
MemFree:          369820 kB
MemAvailable:    1490892 kB
Buffers:           84876 kB
Cached:          1072556 kB
MemTotal:        1844596 kB
MemFree:          369780 kB
MemAvailable:    1490852 kB
Buffers:           84876 kB
Cached:          1072556 kB
MemTotal:        1844596 kB
MemFree:          365804 kB
MemAvailable:    1486876 kB
Buffers:           84876 kB
Cached:          1072556 kB
MemTotal:        1844596 kB
MemFree:          364372 kB
MemAvailable:    1485444 kB
Buffers:           84876 kB
Cached:          1072556 kB
MemTotal:        1844596 kB
MemFree:          365300 kB
MemAvailable:    1486376 kB
Buffers:           84876 kB
Cached:          1072560 kB
MemTotal:        1844596 kB
MemFree:          364868 kB
MemAvailable:    1485944 kB
Buffers:           84876 kB
Cached:          1072560 kB
MemTotal:        1844596 kB
MemFree:          364868 kB
MemAvailable:    1485944 kB
Buffers:           84876 kB
Cached:          1072560 kB
MemTotal:        1844596 kB
MemFree:          363448 kB
MemAvailable:    1484524 kB
Buffers:           84876 kB
Cached:          1072560 kB
MemTotal:        1844596 kB
MemFree:          362628 kB
MemAvailable:    1483704 kB
Buffers:           84876 kB
Cached:          1072560 kB
MemTotal:        1844596 kB
MemFree:          362092 kB
MemAvailable:    1483168 kB
Buffers:           84876 kB
Cached:          1072560 kB
MemTotal:        1844596 kB
MemFree:          361472 kB
MemAvailable:    1482548 kB
Buffers:           84876 kB
Cached:          1072560 kB
MemTotal:        1844596 kB
MemFree:          363196 kB
MemAvailable:    1484272 kB
Buffers:           84876 kB
Cached:          1072560 kB
MemTotal:        1844596 kB
MemFree:          362876 kB
MemAvailable:    1483952 kB
Buffers:           84876 kB
Cached:          1072560 kB
MemTotal:        1844596 kB
MemFree:          362876 kB
MemAvailable:    1483952 kB
Buffers:           84876 kB
Cached:          1072560 kB
MemTotal:        1844596 kB
MemFree:          363000 kB
MemAvailable:    1484076 kB
Buffers:           84876 kB
Cached:          1072560 kB
MemTotal:        1844596 kB
MemFree:          361768 kB
MemAvailable:    1482844 kB
Buffers:           84876 kB
Cached:          1072560 kB
MemTotal:        1844596 kB
MemFree:          363008 kB
MemAvailable:    1484084 kB
Buffers:           84876 kB
Cached:          1072560 kB
MemTotal:        1844596 kB
MemFree:          362812 kB
MemAvailable:    1483888 kB
Buffers:           84876 kB
Cached:          1072560 kB
MemTotal:        1844596 kB
MemFree:          362640 kB
MemAvailable:    1483716 kB
Buffers:           84876 kB
Cached:          1072560 kB
MemTotal:        1844596 kB
MemFree:          361660 kB
MemAvailable:    1482736 kB
Buffers:           84876 kB
Cached:          1072560 kB
MemTotal:        1844596 kB
MemFree:          362456 kB
MemAvailable:    1483532 kB
Buffers:           84876 kB
Cached:          1072560 kB
MemTotal:        1844596 kB
MemFree:          362648 kB
MemAvailable:    1483724 kB
Buffers:           84876 kB
Cached:          1072560 kB
MemTotal:        1844596 kB
MemFree:          362460 kB
MemAvailable:    1483536 kB
Buffers:           84876 kB
Cached:          1072560 kB
MemTotal:        1844596 kB
MemFree:          361536 kB
MemAvailable:    1482612 kB
Buffers:           84876 kB
Cached:          1072560 kB
MemTotal:        1844596 kB
MemFree:          362256 kB
MemAvailable:    1483332 kB
Buffers:           84876 kB
Cached:          1072560 kB
MemTotal:        1844596 kB
MemFree:          362592 kB
MemAvailable:    1483668 kB
Buffers:           84876 kB
Cached:          1072560 kB
MemTotal:        1844596 kB
MemFree:          361100 kB
MemAvailable:    1482176 kB
Buffers:           84876 kB
Cached:          1072560 kB
MemTotal:        1844596 kB
MemFree:          361232 kB
MemAvailable:    1482308 kB
Buffers:           84876 kB
Cached:          1072560 kB
MemTotal:        1844596 kB
MemFree:          362276 kB
MemAvailable:    1483352 kB
Buffers:           84876 kB
Cached:          1072560 kB
MemTotal:        1844596 kB
MemFree:          361760 kB
MemAvailable:    1482836 kB
Buffers:           84876 kB
Cached:          1072560 kB
MemTotal:        1844596 kB
MemFree:          361760 kB
MemAvailable:    1482836 kB
Buffers:           84876 kB
Cached:          1072560 kB
MemTotal:        1844596 kB
MemFree:          357736 kB
MemAvailable:    1478812 kB
Buffers:           84876 kB
Cached:          1072560 kB
MemTotal:        1844596 kB
MemFree:          353576 kB
MemAvailable:    1474652 kB
Buffers:           84876 kB
Cached:          1072560 kB
MemTotal:        1844596 kB
MemFree:          353220 kB
MemAvailable:    1474296 kB
Buffers:           84876 kB
Cached:          1072560 kB
MemTotal:        1844596 kB
MemFree:          354072 kB
MemAvailable:    1475148 kB
Buffers:           84876 kB
Cached:          1072560 kB
MemTotal:        1844596 kB
MemFree:          354072 kB
MemAvailable:    1475148 kB
Buffers:           84876 kB
Cached:          1072560 kB
MemTotal:        1844596 kB
MemFree:          353936 kB
MemAvailable:    1475012 kB
Buffers:           84876 kB
Cached:          1072560 kB
MemTotal:        1844596 kB
MemFree:          353936 kB
MemAvailable:    1475012 kB
Buffers:           84876 kB
Cached:          1072560 kB
MemTotal:        1844596 kB
MemFree:          354000 kB
MemAvailable:    1475076 kB
Buffers:           84876 kB
Cached:          1072560 kB
MemTotal:        1844596 kB
MemFree:          352824 kB
MemAvailable:    1473900 kB
Buffers:           84876 kB
Cached:          1072560 kB
MemTotal:        1844596 kB
MemFree:          353072 kB
MemAvailable:    1474148 kB
Buffers:           84876 kB
Cached:          1072560 kB
MemTotal:        1844596 kB
MemFree:          353816 kB
MemAvailable:    1474892 kB
Buffers:           84876 kB
Cached:          1072560 kB
MemTotal:        1844596 kB
MemFree:          353816 kB
MemAvailable:    1474892 kB
Buffers:           84876 kB
Cached:          1072560 kB
MemTotal:        1844596 kB
MemFree:          353528 kB
MemAvailable:    1474604 kB
Buffers:           84876 kB
Cached:          1072560 kB
MemTotal:        1844596 kB
MemFree:          353688 kB
MemAvailable:    1474764 kB
Buffers:           84876 kB
Cached:          1072560 kB
MemTotal:        1844596 kB
MemFree:          353772 kB
MemAvailable:    1474848 kB
Buffers:           84876 kB
Cached:          1072560 kB
MemTotal:        1844596 kB
MemFree:          353668 kB
MemAvailable:    1474744 kB
Buffers:           84876 kB
Cached:          1072560 kB
MemTotal:        1844596 kB
MemFree:          352848 kB
MemAvailable:    1473924 kB
Buffers:           84876 kB
Cached:          1072560 kB
MemTotal:        1844596 kB
MemFree:          353704 kB
MemAvailable:    1474780 kB
Buffers:           84876 kB
Cached:          1072560 kB
MemTotal:        1844596 kB
MemFree:          352292 kB
MemAvailable:    1473368 kB
Buffers:           84876 kB
Cached:          1072560 kB
MemTotal:        1844596 kB
MemFree:          353716 kB
MemAvailable:    1474792 kB
Buffers:           84876 kB
Cached:          1072560 kB
MemTotal:        1844596 kB
MemFree:          353592 kB
MemAvailable:    1474668 kB
Buffers:           84876 kB
Cached:          1072560 kB
MemTotal:        1844596 kB
MemFree:          353512 kB
MemAvailable:    1474588 kB
Buffers:           84876 kB
Cached:          1072560 kB
MemTotal:        1844596 kB
MemFree:          353512 kB
MemAvailable:    1474588 kB
Buffers:           84876 kB
Cached:          1072560 kB
MemTotal:        1844596 kB
MemFree:          353704 kB
MemAvailable:    1474780 kB
Buffers:           84876 kB
Cached:          1072560 kB
MemTotal:        1844596 kB
MemFree:          352212 kB
MemAvailable:    1473292 kB
Buffers:           84876 kB
Cached:          1072564 kB
MemTotal:        1844596 kB
MemFree:          352552 kB
MemAvailable:    1473632 kB
Buffers:           84876 kB
Cached:          1072564 kB
MemTotal:        1844596 kB
MemFree:          353712 kB
MemAvailable:    1474792 kB
Buffers:           84876 kB
Cached:          1072564 kB
MemTotal:        1844596 kB
MemFree:          352088 kB
MemAvailable:    1473168 kB
Buffers:           84876 kB
Cached:          1072564 kB
MemTotal:        1844596 kB
MemFree:          353524 kB
MemAvailable:    1474604 kB
Buffers:           84876 kB
Cached:          1072564 kB
MemTotal:        1844596 kB
MemFree:          353776 kB
MemAvailable:    1474856 kB
Buffers:           84876 kB
Cached:          1072564 kB
MemTotal:        1844596 kB
MemFree:          353664 kB
MemAvailable:    1474744 kB
Buffers:           84876 kB
Cached:          1072564 kB
MemTotal:        1844596 kB
MemFree:          350616 kB
MemAvailable:    1471696 kB
Buffers:           84876 kB
Cached:          1072564 kB
MemTotal:        1844596 kB
MemFree:          348684 kB
MemAvailable:    1469764 kB
Buffers:           84876 kB
Cached:          1072564 kB
MemTotal:        1844596 kB
MemFree:          346284 kB
MemAvailable:    1467364 kB
Buffers:           84876 kB
Cached:          1072564 kB
MemTotal:        1844596 kB
MemFree:          344788 kB
MemAvailable:    1465868 kB
Buffers:           84876 kB
Cached:          1072564 kB
MemTotal:        1844596 kB
MemFree:          343540 kB
MemAvailable:    1464620 kB
Buffers:           84876 kB
Cached:          1072564 kB
MemTotal:        1844596 kB
MemFree:          344716 kB
MemAvailable:    1465796 kB
Buffers:           84876 kB
Cached:          1072564 kB
MemTotal:        1844596 kB
MemFree:          344160 kB
MemAvailable:    1465240 kB
Buffers:           84876 kB
Cached:          1072564 kB
MemTotal:        1844596 kB
MemFree:          343052 kB
MemAvailable:    1464132 kB
Buffers:           84876 kB
Cached:          1072564 kB
MemTotal:        1844596 kB
MemFree:          342308 kB
MemAvailable:    1463388 kB
Buffers:           84876 kB
Cached:          1072564 kB
MemTotal:        1844596 kB
MemFree:          342168 kB
MemAvailable:    1463248 kB
Buffers:           84876 kB
Cached:          1072564 kB
MemTotal:        1844596 kB
MemFree:          342420 kB
MemAvailable:    1463500 kB
Buffers:           84876 kB
Cached:          1072564 kB
MemTotal:        1844596 kB
MemFree:          341956 kB
MemAvailable:    1463036 kB
Buffers:           84876 kB
Cached:          1072564 kB
MemTotal:        1844596 kB
MemFree:          341936 kB
MemAvailable:    1463016 kB
Buffers:           84876 kB
Cached:          1072564 kB
MemTotal:        1844596 kB
MemFree:          341672 kB
MemAvailable:    1462752 kB
Buffers:           84876 kB
Cached:          1072564 kB
MemTotal:        1844596 kB
MemFree:          340432 kB
MemAvailable:    1461512 kB
Buffers:           84876 kB
Cached:          1072564 kB
MemTotal:        1844596 kB
MemFree:          341796 kB
MemAvailable:    1462876 kB
Buffers:           84876 kB
Cached:          1072564 kB
MemTotal:        1844596 kB
MemFree:          341936 kB
MemAvailable:    1463016 kB
Buffers:           84876 kB
Cached:          1072564 kB
MemTotal:        1844596 kB
MemFree:          341792 kB
MemAvailable:    1462872 kB
Buffers:           84876 kB
Cached:          1072564 kB
MemTotal:        1844596 kB
MemFree:          342048 kB
MemAvailable:    1463128 kB
Buffers:           84876 kB
Cached:          1072564 kB
MemTotal:        1844596 kB
MemFree:          341792 kB
MemAvailable:    1462872 kB
Buffers:           84876 kB
Cached:          1072564 kB
MemTotal:        1844596 kB
MemFree:          341792 kB
MemAvailable:    1462872 kB
Buffers:           84876 kB
Cached:          1072564 kB
MemTotal:        1844596 kB
MemFree:          340676 kB
MemAvailable:    1461756 kB
Buffers:           84876 kB
Cached:          1072564 kB
MemTotal:        1844596 kB
MemFree:          341784 kB
MemAvailable:    1462864 kB
Buffers:           84876 kB
Cached:          1072564 kB
MemTotal:        1844596 kB
MemFree:          342040 kB
MemAvailable:    1463120 kB
Buffers:           84876 kB
Cached:          1072564 kB
MemTotal:        1844596 kB
MemFree:          341868 kB
MemAvailable:    1462948 kB
Buffers:           84876 kB
Cached:          1072564 kB
MemTotal:        1844596 kB
MemFree:          340532 kB
MemAvailable:    1461612 kB
Buffers:           84876 kB
Cached:          1072564 kB
MemTotal:        1844596 kB
MemFree:          340400 kB
MemAvailable:    1461480 kB
Buffers:           84876 kB
Cached:          1072564 kB
MemTotal:        1844596 kB
MemFree:          341792 kB
MemAvailable:    1462872 kB
Buffers:           84876 kB
Cached:          1072564 kB
MemTotal:        1844596 kB
MemFree:          341832 kB
MemAvailable:    1462912 kB
Buffers:           84876 kB
Cached:          1072564 kB
MemTotal:        1844596 kB
MemFree:          340820 kB
MemAvailable:    1461900 kB
Buffers:           84876 kB
Cached:          1072564 kB
MemTotal:        1844596 kB
MemFree:          341620 kB
MemAvailable:    1462700 kB
Buffers:           84876 kB
Cached:          1072564 kB
MemTotal:        1844596 kB
MemFree:          341812 kB
MemAvailable:    1462892 kB
Buffers:           84876 kB
Cached:          1072564 kB
MemTotal:        1844596 kB
MemFree:          341756 kB
MemAvailable:    1462836 kB
Buffers:           84876 kB
Cached:          1072564 kB
MemTotal:        1844596 kB
MemFree:          341924 kB
MemAvailable:    1463004 kB
Buffers:           84876 kB
Cached:          1072564 kB
MemTotal:        1844596 kB
MemFree:          341660 kB
MemAvailable:    1462740 kB
Buffers:           84876 kB
Cached:          1072564 kB
MemTotal:        1844596 kB
MemFree:          341912 kB
MemAvailable:    1462992 kB
Buffers:           84876 kB
Cached:          1072564 kB
MemTotal:        1844596 kB
MemFree:          341860 kB
MemAvailable:    1462940 kB
Buffers:           84876 kB
Cached:          1072564 kB
MemTotal:        1844596 kB
MemFree:          340428 kB
MemAvailable:    1461508 kB
Buffers:           84876 kB
Cached:          1072564 kB
MemTotal:        1844596 kB
MemFree:          341812 kB
MemAvailable:    1462892 kB
Buffers:           84876 kB
Cached:          1072564 kB
MemTotal:        1844596 kB
MemFree:          341192 kB
MemAvailable:    1462272 kB
Buffers:           84876 kB
Cached:          1072564 kB
MemTotal:        1844596 kB
MemFree:          341620 kB
MemAvailable:    1462700 kB
Buffers:           84876 kB
Cached:          1072564 kB
MemTotal:        1844596 kB
MemFree:          341872 kB
MemAvailable:    1462952 kB
Buffers:           84876 kB
Cached:          1072564 kB
MemTotal:        1844596 kB
MemFree:          341860 kB
MemAvailable:    1462940 kB
Buffers:           84876 kB
Cached:          1072564 kB
MemTotal:        1844596 kB
MemFree:          340552 kB
MemAvailable:    1461632 kB
Buffers:           84876 kB
Cached:          1072564 kB
MemTotal:        1844596 kB
MemFree:          341612 kB
MemAvailable:    1462692 kB
Buffers:           84876 kB
Cached:          1072564 kB
MemTotal:        1844596 kB
MemFree:          341696 kB
MemAvailable:    1462776 kB
Buffers:           84876 kB
Cached:          1072564 kB
MemTotal:        1844596 kB
MemFree:          341872 kB
MemAvailable:    1462952 kB
Buffers:           84876 kB
Cached:          1072564 kB
MemTotal:        1844596 kB
MemFree:          340376 kB
MemAvailable:    1461456 kB
Buffers:           84876 kB
Cached:          1072564 kB
MemTotal:        1844596 kB
MemFree:          341608 kB
MemAvailable:    1462688 kB
Buffers:           84876 kB
Cached:          1072564 kB
MemTotal:        1844596 kB
MemFree:          341776 kB
MemAvailable:    1462856 kB
Buffers:           84876 kB
Cached:          1072564 kB
MemTotal:        1844596 kB
MemFree:          340524 kB
MemAvailable:    1461604 kB
Buffers:           84876 kB
Cached:          1072564 kB
MemTotal:        1844596 kB
MemFree:          341620 kB
MemAvailable:    1462700 kB
Buffers:           84876 kB
Cached:          1072564 kB
MemTotal:        1844596 kB
MemFree:          341564 kB
MemAvailable:    1462644 kB
Buffers:           84876 kB
Cached:          1072564 kB
MemTotal:        1844596 kB
MemFree:          341924 kB
MemAvailable:    1463004 kB
Buffers:           84876 kB
Cached:          1072564 kB
MemTotal:        1844596 kB
MemFree:          341812 kB
MemAvailable:    1462892 kB
Buffers:           84876 kB
Cached:          1072564 kB
MemTotal:        1844596 kB
MemFree:          341976 kB
MemAvailable:    1463056 kB
Buffers:           84876 kB
Cached:          1072564 kB
MemTotal:        1844596 kB
MemFree:          341596 kB
MemAvailable:    1462676 kB
Buffers:           84876 kB
Cached:          1072564 kB
MemTotal:        1844596 kB
MemFree:          341932 kB
MemAvailable:    1463012 kB
Buffers:           84876 kB
Cached:          1072564 kB
MemTotal:        1844596 kB
MemFree:          341624 kB
MemAvailable:    1462704 kB
Buffers:           84876 kB
Cached:          1072564 kB
MemTotal:        1844596 kB
MemFree:          341792 kB
MemAvailable:    1462872 kB
Buffers:           84876 kB
Cached:          1072564 kB
MemTotal:        1844596 kB
MemFree:          341600 kB
MemAvailable:    1462680 kB
Buffers:           84876 kB
Cached:          1072564 kB
MemTotal:        1844596 kB
MemFree:          341532 kB
MemAvailable:    1462612 kB
Buffers:           84876 kB
Cached:          1072564 kB
MemTotal:        1844596 kB
MemFree:          341428 kB
MemAvailable:    1462508 kB
Buffers:           84876 kB
Cached:          1072564 kB
MemTotal:        1844596 kB
MemFree:          341472 kB
MemAvailable:    1462552 kB
Buffers:           84876 kB
Cached:          1072564 kB
MemTotal:        1844596 kB
MemFree:          341364 kB
MemAvailable:    1462444 kB
Buffers:           84876 kB
Cached:          1072564 kB
MemTotal:        1844596 kB
MemFree:          340248 kB
MemAvailable:    1461328 kB
Buffers:           84876 kB
Cached:          1072564 kB
MemTotal:        1844596 kB
MemFree:          340248 kB
MemAvailable:    1461328 kB
Buffers:           84876 kB
Cached:          1072564 kB
MemTotal:        1844596 kB
MemFree:          341348 kB
MemAvailable:    1462428 kB
Buffers:           84876 kB
Cached:          1072564 kB
MemTotal:        1844596 kB
MemFree:          341348 kB
MemAvailable:    1462428 kB
Buffers:           84876 kB
Cached:          1072564 kB
MemTotal:        1844596 kB
MemFree:          341268 kB
MemAvailable:    1462348 kB
Buffers:           84876 kB
Cached:          1072564 kB
MemTotal:        1844596 kB
MemFree:          340076 kB
MemAvailable:    1461156 kB
Buffers:           84876 kB
Cached:          1072564 kB
MemTotal:        1844596 kB
MemFree:          341048 kB
MemAvailable:    1462128 kB
Buffers:           84876 kB
Cached:          1072564 kB
MemTotal:        1844596 kB
MemFree:          341240 kB
MemAvailable:    1462320 kB
Buffers:           84876 kB
Cached:          1072564 kB
MemTotal:        1844596 kB
MemFree:          341008 kB
MemAvailable:    1462088 kB
Buffers:           84876 kB
Cached:          1072564 kB
MemTotal:        1844596 kB
MemFree:          340752 kB
MemAvailable:    1461832 kB
Buffers:           84876 kB
Cached:          1072564 kB
MemTotal:        1844596 kB
MemFree:          339960 kB
MemAvailable:    1461052 kB
Buffers:           84876 kB
Cached:          1072576 kB
MemTotal:        1844596 kB
MemFree:          339696 kB
MemAvailable:    1460788 kB
Buffers:           84876 kB
Cached:          1072576 kB
MemTotal:        1844596 kB
MemFree:          340872 kB
MemAvailable:    1461964 kB
Buffers:           84876 kB
Cached:          1072576 kB
MemTotal:        1844596 kB
MemFree:          340804 kB
MemAvailable:    1461896 kB
Buffers:           84876 kB
Cached:          1072576 kB
MemTotal:        1844596 kB
MemFree:          340828 kB
MemAvailable:    1461920 kB
Buffers:           84876 kB
Cached:          1072576 kB
MemTotal:        1844596 kB
MemFree:          340640 kB
MemAvailable:    1461732 kB
Buffers:           84876 kB
Cached:          1072576 kB
MemTotal:        1844596 kB
MemFree:          340896 kB
MemAvailable:    1461988 kB
Buffers:           84876 kB
Cached:          1072576 kB
MemTotal:        1844596 kB
MemFree:          340760 kB
MemAvailable:    1461852 kB
Buffers:           84876 kB
Cached:          1072576 kB
MemTotal:        1844596 kB
MemFree:          341012 kB
MemAvailable:    1462104 kB
Buffers:           84876 kB
Cached:          1072576 kB
MemTotal:        1844596 kB
MemFree:          340748 kB
MemAvailable:    1461840 kB
Buffers:           84876 kB
Cached:          1072576 kB
MemTotal:        1844596 kB
MemFree:          340424 kB
MemAvailable:    1461516 kB
Buffers:           84876 kB
Cached:          1072576 kB
MemTotal:        1844596 kB
MemFree:          340420 kB
MemAvailable:    1461512 kB
Buffers:           84876 kB
Cached:          1072576 kB
MemTotal:        1844596 kB
MemFree:          340824 kB
MemAvailable:    1461916 kB
Buffers:           84876 kB
Cached:          1072576 kB
MemTotal:        1844596 kB
MemFree:          339392 kB
MemAvailable:    1460484 kB
Buffers:           84876 kB
Cached:          1072576 kB
MemTotal:        1844596 kB
MemFree:          339812 kB
MemAvailable:    1460904 kB
Buffers:           84876 kB
Cached:          1072576 kB
MemTotal:        1844596 kB
MemFree:          339580 kB
MemAvailable:    1460672 kB
Buffers:           84876 kB
Cached:          1072576 kB
MemTotal:        1844596 kB
MemFree:          333620 kB
MemAvailable:    1454712 kB
Buffers:           84876 kB
Cached:          1072576 kB
MemTotal:        1844596 kB
MemFree:          333372 kB
MemAvailable:    1454340 kB
Buffers:           84876 kB
Cached:          1072576 kB
MemTotal:        1844596 kB
MemFree:          330388 kB
MemAvailable:    1451480 kB
Buffers:           84876 kB
Cached:          1072576 kB
MemTotal:        1844596 kB
MemFree:          330640 kB
MemAvailable:    1451732 kB
Buffers:           84876 kB
Cached:          1072576 kB
MemTotal:        1844596 kB
MemFree:          330148 kB
MemAvailable:    1451240 kB
Buffers:           84876 kB
Cached:          1072576 kB
MemTotal:        1844596 kB
MemFree:          329156 kB
MemAvailable:    1450248 kB
Buffers:           84876 kB
Cached:          1072576 kB
MemTotal:        1844596 kB
MemFree:          329900 kB
MemAvailable:    1450992 kB
Buffers:           84876 kB
Cached:          1072576 kB
MemTotal:        1844596 kB
MemFree:          329040 kB
MemAvailable:    1450132 kB
Buffers:           84876 kB
Cached:          1072576 kB
MemTotal:        1844596 kB
MemFree:          329508 kB
MemAvailable:    1450600 kB
Buffers:           84876 kB
Cached:          1072576 kB
MemTotal:        1844596 kB
MemFree:          329508 kB
MemAvailable:    1450600 kB
Buffers:           84876 kB
Cached:          1072576 kB
MemTotal:        1844596 kB
MemFree:          329460 kB
MemAvailable:    1450552 kB
Buffers:           84876 kB
Cached:          1072576 kB
MemTotal:        1844596 kB
MemFree:          327180 kB
MemAvailable:    1448272 kB
Buffers:           84876 kB
Cached:          1072576 kB
MemTotal:        1844596 kB
MemFree:          327860 kB
MemAvailable:    1448952 kB
Buffers:           84876 kB
Cached:          1072576 kB
MemTotal:        1844596 kB
MemFree:          326816 kB
MemAvailable:    1447908 kB
Buffers:           84876 kB
Cached:          1072576 kB
MemTotal:        1844596 kB
MemFree:          327428 kB
MemAvailable:    1448520 kB
Buffers:           84876 kB
Cached:          1072576 kB
MemTotal:        1844596 kB
MemFree:          325932 kB
MemAvailable:    1447024 kB
Buffers:           84876 kB
Cached:          1072576 kB
MemTotal:        1844596 kB
MemFree:          326056 kB
MemAvailable:    1447148 kB
Buffers:           84876 kB
Cached:          1072576 kB
MemTotal:        1844596 kB
MemFree:          327256 kB
MemAvailable:    1448348 kB
Buffers:           84876 kB
Cached:          1072576 kB
MemTotal:        1844596 kB
MemFree:          327428 kB
MemAvailable:    1448520 kB
Buffers:           84876 kB
Cached:          1072576 kB
MemTotal:        1844596 kB
MemFree:          326436 kB
MemAvailable:    1447528 kB
Buffers:           84876 kB
Cached:          1072576 kB
MemTotal:        1844596 kB
MemFree:          327676 kB
MemAvailable:    1448768 kB
Buffers:           84876 kB
Cached:          1072576 kB
MemTotal:        1844596 kB
MemFree:          326312 kB
MemAvailable:    1447404 kB
Buffers:           84876 kB
Cached:          1072576 kB
MemTotal:        1844596 kB
MemFree:          327604 kB
MemAvailable:    1448700 kB
Buffers:           84876 kB
Cached:          1072580 kB
MemTotal:        1844596 kB
MemFree:          326320 kB
MemAvailable:    1447416 kB
Buffers:           84876 kB
Cached:          1072580 kB
MemTotal:        1844596 kB
MemFree:          327420 kB
MemAvailable:    1448516 kB
Buffers:           84876 kB
Cached:          1072580 kB
MemTotal:        1844596 kB
MemFree:          327676 kB
MemAvailable:    1448772 kB
Buffers:           84876 kB
Cached:          1072580 kB
MemTotal:        1844596 kB
MemFree:          327156 kB
MemAvailable:    1448252 kB
Buffers:           84876 kB
Cached:          1072580 kB
MemTotal:        1844596 kB
MemFree:          327156 kB
MemAvailable:    1448252 kB
Buffers:           84876 kB
Cached:          1072580 kB
MemTotal:        1844596 kB
MemFree:          325912 kB
MemAvailable:    1447008 kB
Buffers:           84876 kB
Cached:          1072580 kB
MemTotal:        1844596 kB
MemFree:          326992 kB
MemAvailable:    1448088 kB
Buffers:           84876 kB
Cached:          1072580 kB
MemTotal:        1844596 kB
MemFree:          326064 kB
MemAvailable:    1447160 kB
Buffers:           84876 kB
Cached:          1072580 kB
MemTotal:        1844596 kB
MemFree:          325304 kB
MemAvailable:    1446400 kB
Buffers:           84876 kB
Cached:          1072580 kB
MemTotal:        1844596 kB
MemFree:          325504 kB
MemAvailable:    1446600 kB
Buffers:           84876 kB
Cached:          1072580 kB
MemTotal:        1844596 kB
MemFree:          325304 kB
MemAvailable:    1446400 kB
Buffers:           84876 kB
Cached:          1072580 kB
MemTotal:        1844596 kB
MemFree:          324948 kB
MemAvailable:    1446044 kB
Buffers:           84876 kB
Cached:          1072580 kB
MemTotal:        1844596 kB
MemFree:          325052 kB
MemAvailable:    1446148 kB
Buffers:           84876 kB
Cached:          1072580 kB
MemTotal:        1844596 kB
MemFree:          325136 kB
MemAvailable:    1446232 kB
Buffers:           84876 kB
Cached:          1072580 kB
MemTotal:        1844596 kB
MemFree:          324312 kB
MemAvailable:    1445408 kB
Buffers:           84876 kB
Cached:          1072580 kB
MemTotal:        1844596 kB
MemFree:          324396 kB
MemAvailable:    1445492 kB
Buffers:           84876 kB
Cached:          1072580 kB
MemTotal:        1844596 kB
MemFree:          323700 kB
MemAvailable:    1444796 kB
Buffers:           84876 kB
Cached:          1072580 kB
MemTotal:        1844596 kB
MemFree:          323956 kB
MemAvailable:    1445052 kB
Buffers:           84876 kB
Cached:          1072580 kB
MemTotal:        1844596 kB
MemFree:          322948 kB
MemAvailable:    1444044 kB
Buffers:           84876 kB
Cached:          1072580 kB
MemTotal:        1844596 kB
MemFree:          322220 kB
MemAvailable:    1443316 kB
Buffers:           84876 kB
Cached:          1072580 kB
MemTotal:        1844596 kB
MemFree:          322452 kB
MemAvailable:    1443548 kB
Buffers:           84876 kB
Cached:          1072580 kB
MemTotal:        1844596 kB
MemFree:          322788 kB
MemAvailable:    1443884 kB
Buffers:           84876 kB
Cached:          1072580 kB
MemTotal:        1844596 kB
MemFree:          321212 kB
MemAvailable:    1442308 kB
Buffers:           84876 kB
Cached:          1072580 kB
MemTotal:        1844596 kB
MemFree:          322520 kB
MemAvailable:    1443616 kB
Buffers:           84876 kB
Cached:          1072580 kB
MemTotal:        1844596 kB
MemFree:          322328 kB
MemAvailable:    1443424 kB
Buffers:           84876 kB
Cached:          1072580 kB
MemTotal:        1844596 kB
MemFree:          322220 kB
MemAvailable:    1443316 kB
Buffers:           84876 kB
Cached:          1072580 kB
MemTotal:        1844596 kB
MemFree:          322260 kB
MemAvailable:    1443356 kB
Buffers:           84876 kB
Cached:          1072580 kB
MemTotal:        1844596 kB
MemFree:          321352 kB
MemAvailable:    1442448 kB
Buffers:           84876 kB
Cached:          1072580 kB
MemTotal:        1844596 kB
MemFree:          322328 kB
MemAvailable:    1443428 kB
Buffers:           84880 kB
Cached:          1072584 kB
MemTotal:        1844596 kB
MemFree:          322164 kB
MemAvailable:    1443264 kB
Buffers:           84880 kB
Cached:          1072584 kB
MemTotal:        1844596 kB
MemFree:          322016 kB
MemAvailable:    1443116 kB
Buffers:           84880 kB
Cached:          1072584 kB
MemTotal:        1844596 kB
MemFree:          322352 kB
MemAvailable:    1443452 kB
Buffers:           84880 kB
Cached:          1072584 kB
MemTotal:        1844596 kB
MemFree:          321076 kB
MemAvailable:    1442176 kB
Buffers:           84880 kB
Cached:          1072584 kB
MemTotal:        1844596 kB
MemFree:          321200 kB
MemAvailable:    1442300 kB
Buffers:           84880 kB
Cached:          1072584 kB
MemTotal:        1844596 kB
MemFree:          321956 kB
MemAvailable:    1443056 kB
Buffers:           84880 kB
Cached:          1072584 kB
MemTotal:        1844596 kB
MemFree:          321956 kB
MemAvailable:    1443056 kB
Buffers:           84880 kB
Cached:          1072584 kB
MemTotal:        1844596 kB
MemFree:          321820 kB
MemAvailable:    1442920 kB
Buffers:           84880 kB
Cached:          1072584 kB
MemTotal:        1844596 kB
MemFree:          322156 kB
MemAvailable:    1443256 kB
Buffers:           84880 kB
Cached:          1072584 kB
MemTotal:        1844596 kB
MemFree:          321772 kB
MemAvailable:    1442880 kB
Buffers:           84880 kB
Cached:          1072588 kB
MemTotal:        1844596 kB
MemFree:          321772 kB
MemAvailable:    1442880 kB
Buffers:           84880 kB
Cached:          1072588 kB
MemTotal:        1844596 kB
MemFree:          322012 kB
MemAvailable:    1443120 kB
Buffers:           84880 kB
Cached:          1072588 kB
MemTotal:        1844596 kB
MemFree:          322036 kB
MemAvailable:    1443144 kB
Buffers:           84880 kB
Cached:          1072588 kB
MemTotal:        1844596 kB
MemFree:          321484 kB
MemAvailable:    1442592 kB
Buffers:           84880 kB
Cached:          1072588 kB
MemTotal:        1844596 kB
MemFree:          321900 kB
MemAvailable:    1443008 kB
Buffers:           84880 kB
Cached:          1072588 kB
MemTotal:        1844596 kB
MemFree:          321860 kB
MemAvailable:    1442968 kB
Buffers:           84880 kB
Cached:          1072588 kB
MemTotal:        1844596 kB
MemFree:          321924 kB
MemAvailable:    1443032 kB
Buffers:           84880 kB
Cached:          1072588 kB
MemTotal:        1844596 kB
MemFree:          321980 kB
MemAvailable:    1443088 kB
Buffers:           84880 kB
Cached:          1072588 kB
MemTotal:        1844596 kB
MemFree:          321112 kB
MemAvailable:    1442220 kB
Buffers:           84880 kB
Cached:          1072588 kB
MemTotal:        1844596 kB
MemFree:          322344 kB
MemAvailable:    1443452 kB
Buffers:           84880 kB
Cached:          1072588 kB
MemTotal:        1844596 kB
MemFree:          320980 kB
MemAvailable:    1442088 kB
Buffers:           84880 kB
Cached:          1072588 kB
MemTotal:        1844596 kB
MemFree:          320856 kB
MemAvailable:    1441964 kB
Buffers:           84880 kB
Cached:          1072588 kB
MemTotal:        1844596 kB
MemFree:          319988 kB
MemAvailable:    1441096 kB
Buffers:           84880 kB
Cached:          1072588 kB
MemTotal:        1844596 kB
MemFree:          320164 kB
MemAvailable:    1441272 kB
Buffers:           84880 kB
Cached:          1072588 kB
MemTotal:        1844596 kB
MemFree:          320356 kB
MemAvailable:    1441464 kB
Buffers:           84880 kB
Cached:          1072588 kB
MemTotal:        1844596 kB
MemFree:          318120 kB
MemAvailable:    1439228 kB
Buffers:           84880 kB
Cached:          1072588 kB
MemTotal:        1844596 kB
MemFree:          316500 kB
MemAvailable:    1437608 kB
Buffers:           84880 kB
Cached:          1072588 kB
MemTotal:        1844596 kB
MemFree:          316584 kB
MemAvailable:    1437692 kB
Buffers:           84880 kB
Cached:          1072588 kB
MemTotal:        1844596 kB
MemFree:          313220 kB
MemAvailable:    1434328 kB
Buffers:           84880 kB
Cached:          1072588 kB
MemTotal:        1844596 kB
MemFree:          311864 kB
MemAvailable:    1432972 kB
Buffers:           84880 kB
Cached:          1072588 kB
MemTotal:        1844596 kB
MemFree:          307960 kB
MemAvailable:    1429068 kB
Buffers:           84880 kB
Cached:          1072588 kB
MemTotal:        1844596 kB
MemFree:          305540 kB
MemAvailable:    1426648 kB
Buffers:           84880 kB
Cached:          1072588 kB
MemTotal:        1844596 kB
MemFree:          303620 kB
MemAvailable:    1424728 kB
Buffers:           84880 kB
Cached:          1072588 kB
MemTotal:        1844596 kB
MemFree:          303592 kB
MemAvailable:    1424700 kB
Buffers:           84880 kB
Cached:          1072588 kB
MemTotal:        1844596 kB
MemFree:          302208 kB
MemAvailable:    1423316 kB
Buffers:           84880 kB
Cached:          1072588 kB
MemTotal:        1844596 kB
MemFree:          303108 kB
MemAvailable:    1424216 kB
Buffers:           84880 kB
Cached:          1072588 kB
MemTotal:        1844596 kB
MemFree:          303360 kB
MemAvailable:    1424468 kB
Buffers:           84880 kB
Cached:          1072588 kB
MemTotal:        1844596 kB
MemFree:          301952 kB
MemAvailable:    1423060 kB
Buffers:           84880 kB
Cached:          1072588 kB
MemTotal:        1844596 kB
MemFree:          302084 kB
MemAvailable:    1423192 kB
Buffers:           84880 kB
Cached:          1072588 kB
MemTotal:        1844596 kB
MemFree:          303260 kB
MemAvailable:    1424368 kB
Buffers:           84880 kB
Cached:          1072588 kB
MemTotal:        1844596 kB
MemFree:          302928 kB
MemAvailable:    1424036 kB
Buffers:           84880 kB
Cached:          1072588 kB
MemTotal:        1844596 kB
MemFree:          302820 kB
MemAvailable:    1423928 kB
Buffers:           84880 kB
Cached:          1072588 kB
MemTotal:        1844596 kB
MemFree:          302992 kB
MemAvailable:    1424100 kB
Buffers:           84880 kB
Cached:          1072588 kB
MemTotal:        1844596 kB
MemFree:          301884 kB
MemAvailable:    1422992 kB
Buffers:           84880 kB
Cached:          1072588 kB
MemTotal:        1844596 kB
MemFree:          302504 kB
MemAvailable:    1423616 kB
Buffers:           84880 kB
Cached:          1072592 kB
MemTotal:        1844596 kB
MemFree:          301636 kB
MemAvailable:    1422748 kB
Buffers:           84880 kB
Cached:          1072592 kB
MemTotal:        1844596 kB
MemFree:          302196 kB
MemAvailable:    1423308 kB
Buffers:           84880 kB
Cached:          1072592 kB
MemTotal:        1844596 kB
MemFree:          302388 kB
MemAvailable:    1423500 kB
Buffers:           84880 kB
Cached:          1072592 kB
MemTotal:        1844596 kB
MemFree:          302072 kB
MemAvailable:    1423184 kB
Buffers:           84880 kB
Cached:          1072592 kB
MemTotal:        1844596 kB
MemFree:          302072 kB
MemAvailable:    1423184 kB
Buffers:           84880 kB
Cached:          1072592 kB
MemTotal:        1844596 kB
MemFree:          302300 kB
MemAvailable:    1423412 kB
Buffers:           84880 kB
Cached:          1072592 kB
MemTotal:        1844596 kB
MemFree:          301396 kB
MemAvailable:    1422508 kB
Buffers:           84880 kB
Cached:          1072592 kB
MemTotal:        1844596 kB
MemFree:          302308 kB
MemAvailable:    1423420 kB
Buffers:           84880 kB
Cached:          1072592 kB
MemTotal:        1844596 kB
MemFree:          302268 kB
MemAvailable:    1423380 kB
Buffers:           84880 kB
Cached:          1072592 kB
MemTotal:        1844596 kB
MemFree:          301992 kB
MemAvailable:    1423104 kB
Buffers:           84880 kB
Cached:          1072592 kB
MemTotal:        1844596 kB
MemFree:          302160 kB
MemAvailable:    1423272 kB
Buffers:           84880 kB
Cached:          1072592 kB
MemTotal:        1844596 kB
MemFree:          302168 kB
MemAvailable:    1423280 kB
Buffers:           84880 kB
Cached:          1072592 kB
MemTotal:        1844596 kB
MemFree:          302340 kB
MemAvailable:    1423452 kB
Buffers:           84880 kB
Cached:          1072592 kB
MemTotal:        1844596 kB
MemFree:          302368 kB
MemAvailable:    1423480 kB
Buffers:           84880 kB
Cached:          1072592 kB
MemTotal:        1844596 kB
MemFree:          302064 kB
MemAvailable:    1423176 kB
Buffers:           84880 kB
Cached:          1072592 kB
MemTotal:        1844596 kB
MemFree:          302316 kB
MemAvailable:    1423428 kB
Buffers:           84880 kB
Cached:          1072592 kB
MemTotal:        1844596 kB
MemFree:          302304 kB
MemAvailable:    1423416 kB
Buffers:           84880 kB
Cached:          1072592 kB
MemTotal:        1844596 kB
MemFree:          301264 kB
MemAvailable:    1422376 kB
Buffers:           84880 kB
Cached:          1072592 kB
MemTotal:        1844596 kB
MemFree:          302328 kB
MemAvailable:    1423440 kB
Buffers:           84880 kB
Cached:          1072592 kB
MemTotal:        1844596 kB
MemFree:          302256 kB
MemAvailable:    1423368 kB
Buffers:           84880 kB
Cached:          1072592 kB
MemTotal:        1844596 kB
MemFree:          302628 kB
MemAvailable:    1423744 kB
Buffers:           84880 kB
Cached:          1072596 kB
MemTotal:        1844596 kB
MemFree:          301256 kB
MemAvailable:    1422372 kB
Buffers:           84880 kB
Cached:          1072596 kB
MemTotal:        1844596 kB
MemFree:          302364 kB
MemAvailable:    1423480 kB
Buffers:           84880 kB
Cached:          1072596 kB
MemTotal:        1844596 kB
MemFree:          302140 kB
MemAvailable:    1423256 kB
Buffers:           84880 kB
Cached:          1072596 kB
MemTotal:        1844596 kB
MemFree:          301944 kB
MemAvailable:    1423060 kB
Buffers:           84880 kB
Cached:          1072596 kB
MemTotal:        1844596 kB
MemFree:          302280 kB
MemAvailable:    1423396 kB
Buffers:           84880 kB
Cached:          1072596 kB
MemTotal:        1844596 kB
MemFree:          299884 kB
MemAvailable:    1421000 kB
Buffers:           84880 kB
Cached:          1072596 kB
MemTotal:        1844596 kB
MemFree:          299884 kB
MemAvailable:    1421000 kB
Buffers:           84880 kB
Cached:          1072596 kB
MemTotal:        1844596 kB
MemFree:          295252 kB
MemAvailable:    1416368 kB
Buffers:           84880 kB
Cached:          1072596 kB
MemTotal:        1844596 kB
MemFree:          293908 kB
MemAvailable:    1415024 kB
Buffers:           84880 kB
Cached:          1072596 kB
MemTotal:        1844596 kB
MemFree:          290228 kB
MemAvailable:    1411344 kB
Buffers:           84880 kB
Cached:          1072596 kB
MemTotal:        1844596 kB
MemFree:          287932 kB
MemAvailable:    1409048 kB
Buffers:           84880 kB
Cached:          1072596 kB
MemTotal:        1844596 kB
MemFree:          285020 kB
MemAvailable:    1406136 kB
Buffers:           84880 kB
Cached:          1072596 kB
MemTotal:        1844596 kB
MemFree:          284640 kB
MemAvailable:    1405756 kB
Buffers:           84880 kB
Cached:          1072596 kB
MemTotal:        1844596 kB
MemFree:          284896 kB
MemAvailable:    1406012 kB
Buffers:           84880 kB
Cached:          1072596 kB
MemTotal:        1844596 kB
MemFree:          284640 kB
MemAvailable:    1405756 kB
Buffers:           84880 kB
Cached:          1072596 kB
MemTotal:        1844596 kB
MemFree:          284528 kB
MemAvailable:    1405644 kB
Buffers:           84880 kB
Cached:          1072596 kB
MemTotal:        1844596 kB
MemFree:          283540 kB
MemAvailable:    1404656 kB
Buffers:           84880 kB
Cached:          1072596 kB
MemTotal:        1844596 kB
MemFree:          284584 kB
MemAvailable:    1405700 kB
Buffers:           84880 kB
Cached:          1072596 kB
MemTotal:        1844596 kB
MemFree:          283152 kB
MemAvailable:    1404268 kB
Buffers:           84880 kB
Cached:          1072596 kB
MemTotal:        1844596 kB
MemFree:          283276 kB
MemAvailable:    1404392 kB
Buffers:           84880 kB
Cached:          1072596 kB
MemTotal:        1844596 kB
MemFree:          284452 kB
MemAvailable:    1405568 kB
Buffers:           84880 kB
Cached:          1072596 kB
MemTotal:        1844596 kB
MemFree:          284268 kB
MemAvailable:    1405384 kB
Buffers:           84880 kB
Cached:          1072596 kB
MemTotal:        1844596 kB
MemFree:          284268 kB
MemAvailable:    1405384 kB
Buffers:           84880 kB
Cached:          1072596 kB
MemTotal:        1844596 kB
MemFree:          283832 kB
MemAvailable:    1404948 kB
Buffers:           84880 kB
Cached:          1072596 kB
MemTotal:        1844596 kB
MemFree:          284168 kB
MemAvailable:    1405284 kB
Buffers:           84880 kB
Cached:          1072596 kB
MemTotal:        1844596 kB
MemFree:          283900 kB
MemAvailable:    1405016 kB
Buffers:           84880 kB
Cached:          1072596 kB
MemTotal:        1844596 kB
MemFree:          284196 kB
MemAvailable:    1405316 kB
Buffers:           84880 kB
Cached:          1072600 kB
MemTotal:        1844596 kB
MemFree:          283036 kB
MemAvailable:    1404156 kB
Buffers:           84880 kB
Cached:          1072600 kB
MemTotal:        1844596 kB
MemFree:          284284 kB
MemAvailable:    1405404 kB
Buffers:           84880 kB
Cached:          1072600 kB
MemTotal:        1844596 kB
MemFree:          283052 kB
MemAvailable:    1404172 kB
Buffers:           84880 kB
Cached:          1072600 kB
MemTotal:        1844596 kB
MemFree:          284088 kB
MemAvailable:    1405208 kB
Buffers:           84880 kB
Cached:          1072600 kB
MemTotal:        1844596 kB
MemFree:          284196 kB
MemAvailable:    1405316 kB
Buffers:           84880 kB
Cached:          1072600 kB
MemTotal:        1844596 kB
MemFree:          283292 kB
MemAvailable:    1404412 kB
Buffers:           84880 kB
Cached:          1072600 kB
MemTotal:        1844596 kB
MemFree:          284336 kB
MemAvailable:    1405456 kB
Buffers:           84880 kB
Cached:          1072600 kB
MemTotal:        1844596 kB
MemFree:          284012 kB
MemAvailable:    1405132 kB
Buffers:           84880 kB
Cached:          1072600 kB
MemTotal:        1844596 kB
MemFree:          283532 kB
MemAvailable:    1404652 kB
Buffers:           84880 kB
Cached:          1072600 kB
MemTotal:        1844596 kB
MemFree:          283840 kB
MemAvailable:    1404960 kB
Buffers:           84880 kB
Cached:          1072600 kB
MemTotal:        1844596 kB
MemFree:          284092 kB
MemAvailable:    1405212 kB
Buffers:           84880 kB
Cached:          1072600 kB
MemTotal:        1844596 kB
MemFree:          284076 kB
MemAvailable:    1405196 kB
Buffers:           84880 kB
Cached:          1072600 kB
MemTotal:        1844596 kB
MemFree:          284076 kB
MemAvailable:    1405196 kB
Buffers:           84880 kB
Cached:          1072600 kB
MemTotal:        1844596 kB
MemFree:          283052 kB
MemAvailable:    1404172 kB
Buffers:           84880 kB
Cached:          1072600 kB
MemTotal:        1844596 kB
MemFree:          284088 kB
MemAvailable:    1405208 kB
Buffers:           84880 kB
Cached:          1072600 kB
MemTotal:        1844596 kB
MemFree:          284048 kB
MemAvailable:    1405168 kB
Buffers:           84880 kB
Cached:          1072600 kB
MemTotal:        1844596 kB
MemFree:          284028 kB
MemAvailable:    1405148 kB
Buffers:           84880 kB
Cached:          1072600 kB
MemTotal:        1844596 kB
MemFree:          284028 kB
MemAvailable:    1405148 kB
Buffers:           84880 kB
Cached:          1072600 kB
MemTotal:        1844596 kB
MemFree:          283964 kB
MemAvailable:    1405084 kB
Buffers:           84880 kB
Cached:          1072600 kB
MemTotal:        1844596 kB
MemFree:          283168 kB
MemAvailable:    1404288 kB
Buffers:           84880 kB
Cached:          1072600 kB
MemTotal:        1844596 kB
MemFree:          283540 kB
MemAvailable:    1404660 kB
Buffers:           84880 kB
Cached:          1072600 kB
MemTotal:        1844596 kB
MemFree:          278688 kB
MemAvailable:    1399808 kB
Buffers:           84880 kB
Cached:          1072600 kB
MemTotal:        1844596 kB
MemFree:          277092 kB
MemAvailable:    1398212 kB
Buffers:           84880 kB
Cached:          1072600 kB
MemTotal:        1844596 kB
MemFree:          271628 kB
MemAvailable:    1392748 kB
Buffers:           84880 kB
Cached:          1072600 kB
MemTotal:        1844596 kB
MemFree:          271628 kB
MemAvailable:    1392748 kB
Buffers:           84880 kB
Cached:          1072600 kB
MemTotal:        1844596 kB
MemFree:          266784 kB
MemAvailable:    1387904 kB
Buffers:           84880 kB
Cached:          1072600 kB
MemTotal:        1844596 kB
MemFree:          266784 kB
MemAvailable:    1387904 kB
Buffers:           84880 kB
Cached:          1072600 kB
MemTotal:        1844596 kB
MemFree:          266412 kB
MemAvailable:    1387532 kB
Buffers:           84880 kB
Cached:          1072600 kB
MemTotal:        1844596 kB
MemFree:          266272 kB
MemAvailable:    1387392 kB
Buffers:           84880 kB
Cached:          1072600 kB
MemTotal:        1844596 kB
MemFree:          266608 kB
MemAvailable:    1387728 kB
Buffers:           84880 kB
Cached:          1072600 kB
MemTotal:        1844596 kB
MemFree:          266592 kB
MemAvailable:    1387712 kB
Buffers:           84880 kB
Cached:          1072600 kB
MemTotal:        1844596 kB
MemFree:          266352 kB
MemAvailable:    1387472 kB
Buffers:           84880 kB
Cached:          1072600 kB
MemTotal:        1844596 kB
MemFree:          266156 kB
MemAvailable:    1387276 kB
Buffers:           84880 kB
Cached:          1072600 kB
MemTotal:        1844596 kB
MemFree:          266252 kB
MemAvailable:    1387372 kB
Buffers:           84880 kB
Cached:          1072600 kB
MemTotal:        1844596 kB
MemFree:          265608 kB
MemAvailable:    1386728 kB
Buffers:           84880 kB
Cached:          1072600 kB
MemTotal:        1844596 kB
MemFree:          266380 kB
MemAvailable:    1387500 kB
Buffers:           84880 kB
Cached:          1072600 kB
MemTotal:        1844596 kB
MemFree:          266636 kB
MemAvailable:    1387756 kB
Buffers:           84880 kB
Cached:          1072600 kB
MemTotal:        1844596 kB
MemFree:          266432 kB
MemAvailable:    1387552 kB
Buffers:           84880 kB
Cached:          1072600 kB
MemTotal:        1844596 kB
MemFree:          266560 kB
MemAvailable:    1387680 kB
Buffers:           84880 kB
Cached:          1072600 kB
MemTotal:        1844596 kB
MemFree:          266304 kB
MemAvailable:    1387424 kB
Buffers:           84880 kB
Cached:          1072600 kB
MemTotal:        1844596 kB
MemFree:          266488 kB
MemAvailable:    1387608 kB
Buffers:           84880 kB
Cached:          1072600 kB
MemTotal:        1844596 kB
MemFree:          265552 kB
MemAvailable:    1386672 kB
Buffers:           84880 kB
Cached:          1072600 kB
MemTotal:        1844596 kB
MemFree:          266852 kB
MemAvailable:    1387972 kB
Buffers:           84880 kB
Cached:          1072600 kB
MemTotal:        1844596 kB
MemFree:          266924 kB
MemAvailable:    1388044 kB
Buffers:           84880 kB
Cached:          1072600 kB
MemTotal:        1844596 kB
MemFree:          265552 kB
MemAvailable:    1386672 kB
Buffers:           84880 kB
Cached:          1072600 kB
MemTotal:        1844596 kB
MemFree:          266116 kB
MemAvailable:    1387236 kB
Buffers:           84880 kB
Cached:          1072600 kB
MemTotal:        1844596 kB
MemFree:          264568 kB
MemAvailable:    1385688 kB
Buffers:           84880 kB
Cached:          1072600 kB
MemTotal:        1844596 kB
MemFree:          265476 kB
MemAvailable:    1386596 kB
Buffers:           84880 kB
Cached:          1072600 kB
MemTotal:        1844596 kB
MemFree:          265548 kB
MemAvailable:    1386668 kB
Buffers:           84880 kB
Cached:          1072600 kB
MemTotal:        1844596 kB
MemFree:          265560 kB
MemAvailable:    1386680 kB
Buffers:           84880 kB
Cached:          1072600 kB
MemTotal:        1844596 kB
MemFree:          265520 kB
MemAvailable:    1386640 kB
Buffers:           84880 kB
Cached:          1072600 kB
MemTotal:        1844596 kB
MemFree:          264560 kB
MemAvailable:    1385680 kB
Buffers:           84880 kB
Cached:          1072600 kB
MemTotal:        1844596 kB
MemFree:          265372 kB
MemAvailable:    1386496 kB
Buffers:           84880 kB
Cached:          1072604 kB
MemTotal:        1844596 kB
MemFree:          263436 kB
MemAvailable:    1384560 kB
Buffers:           84880 kB
Cached:          1072604 kB
MemTotal:        1844596 kB
MemFree:          263648 kB
MemAvailable:    1384772 kB
Buffers:           84880 kB
Cached:          1072604 kB
MemTotal:        1844596 kB
MemFree:          258732 kB
MemAvailable:    1379856 kB
Buffers:           84880 kB
Cached:          1072604 kB
MemTotal:        1844596 kB
MemFree:          259916 kB
MemAvailable:    1381040 kB
Buffers:           84880 kB
Cached:          1072604 kB
MemTotal:        1844596 kB
MemFree:          255888 kB
MemAvailable:    1377012 kB
Buffers:           84880 kB
Cached:          1072604 kB
MemTotal:        1844596 kB
MemFree:          251408 kB
MemAvailable:    1372532 kB
Buffers:           84880 kB
Cached:          1072604 kB
MemTotal:        1844596 kB
MemFree:          251408 kB
MemAvailable:    1372532 kB
Buffers:           84880 kB
Cached:          1072604 kB
MemTotal:        1844596 kB
MemFree:          246332 kB
MemAvailable:    1367456 kB
Buffers:           84880 kB
Cached:          1072604 kB
MemTotal:        1844596 kB
MemFree:          246340 kB
MemAvailable:    1367464 kB
Buffers:           84880 kB
Cached:          1072604 kB
MemTotal:        1844596 kB
MemFree:          242480 kB
MemAvailable:    1363604 kB
Buffers:           84880 kB
Cached:          1072604 kB
MemTotal:        1844596 kB
MemFree:          242360 kB
MemAvailable:    1363484 kB
Buffers:           84880 kB
Cached:          1072604 kB
MemTotal:        1844596 kB
MemFree:          238884 kB
MemAvailable:    1360008 kB
Buffers:           84880 kB
Cached:          1072604 kB
MemTotal:        1844596 kB
MemFree:          238968 kB
MemAvailable:    1360092 kB
Buffers:           84880 kB
Cached:          1072604 kB
MemTotal:        1844596 kB
MemFree:          234916 kB
MemAvailable:    1356040 kB
Buffers:           84880 kB
Cached:          1072604 kB
MemTotal:        1844596 kB
MemFree:          235252 kB
MemAvailable:    1356376 kB
Buffers:           84880 kB
Cached:          1072604 kB
MemTotal:        1844596 kB
MemFree:          233436 kB
MemAvailable:    1354560 kB
Buffers:           84880 kB
Cached:          1072604 kB
MemTotal:        1844596 kB
MemFree:          233180 kB
MemAvailable:    1354304 kB
Buffers:           84880 kB
Cached:          1072604 kB
MemTotal:        1844596 kB
MemFree:          234536 kB
MemAvailable:    1355660 kB
Buffers:           84880 kB
Cached:          1072604 kB
MemTotal:        1844596 kB
MemFree:          232164 kB
MemAvailable:    1353288 kB
Buffers:           84880 kB
Cached:          1072604 kB
MemTotal:        1844596 kB
MemFree:          234364 kB
MemAvailable:    1355488 kB
Buffers:           84880 kB
Cached:          1072604 kB
MemTotal:        1844596 kB
MemFree:          234676 kB
MemAvailable:    1355800 kB
Buffers:           84880 kB
Cached:          1072604 kB
MemTotal:        1844596 kB
MemFree:          234668 kB
MemAvailable:    1355792 kB
Buffers:           84880 kB
Cached:          1072604 kB
MemTotal:        1844596 kB
MemFree:          233744 kB
MemAvailable:    1354868 kB
Buffers:           84880 kB
Cached:          1072604 kB
MemTotal:        1844596 kB
MemFree:          232708 kB
MemAvailable:    1353832 kB
Buffers:           84880 kB
Cached:          1072604 kB
MemTotal:        1844596 kB
MemFree:          233264 kB
MemAvailable:    1354412 kB
Buffers:           84880 kB
Cached:          1072612 kB
MemTotal:        1844596 kB
MemFree:          233512 kB
MemAvailable:    1354660 kB
Buffers:           84880 kB
Cached:          1072612 kB
MemTotal:        1844596 kB
MemFree:          233696 kB
MemAvailable:    1354844 kB
Buffers:           84880 kB
Cached:          1072612 kB
MemTotal:        1844596 kB
MemFree:          233652 kB
MemAvailable:    1354800 kB
Buffers:           84880 kB
Cached:          1072612 kB
MemTotal:        1844596 kB
MemFree:          233324 kB
MemAvailable:    1354472 kB
Buffers:           84880 kB
Cached:          1072612 kB
MemTotal:        1844596 kB
MemFree:          233208 kB
MemAvailable:    1354356 kB
Buffers:           84880 kB
Cached:          1072612 kB
MemTotal:        1844596 kB
MemFree:          233332 kB
MemAvailable:    1354480 kB
Buffers:           84880 kB
Cached:          1072612 kB
MemTotal:        1844596 kB
MemFree:          232824 kB
MemAvailable:    1353972 kB
Buffers:           84880 kB
Cached:          1072612 kB
MemTotal:        1844596 kB
MemFree:          232568 kB
MemAvailable:    1353716 kB
Buffers:           84880 kB
Cached:          1072612 kB
MemTotal:        1844596 kB
MemFree:          232568 kB
MemAvailable:    1353716 kB
Buffers:           84880 kB
Cached:          1072612 kB
MemTotal:        1844596 kB
MemFree:          231932 kB
MemAvailable:    1353080 kB
Buffers:           84880 kB
Cached:          1072612 kB
MemTotal:        1844596 kB
MemFree:          232152 kB
MemAvailable:    1353300 kB
Buffers:           84880 kB
Cached:          1072612 kB
MemTotal:        1844596 kB
MemFree:          230592 kB
MemAvailable:    1351740 kB
Buffers:           84880 kB
Cached:          1072612 kB
MemTotal:        1844596 kB
MemFree:          230584 kB
MemAvailable:    1351732 kB
Buffers:           84880 kB
Cached:          1072612 kB
MemTotal:        1844596 kB
MemFree:          230476 kB
MemAvailable:    1351624 kB
Buffers:           84880 kB
Cached:          1072612 kB
MemTotal:        1844596 kB
MemFree:          230156 kB
MemAvailable:    1351304 kB
Buffers:           84880 kB
Cached:          1072612 kB
MemTotal:        1844596 kB
MemFree:          230492 kB
MemAvailable:    1351640 kB
Buffers:           84880 kB
Cached:          1072612 kB
MemTotal:        1844596 kB
MemFree:          230276 kB
MemAvailable:    1351424 kB
Buffers:           84880 kB
Cached:          1072612 kB
MemTotal:        1844596 kB
MemFree:          230528 kB
MemAvailable:    1351676 kB
Buffers:           84880 kB
Cached:          1072612 kB
MemTotal:        1844596 kB
MemFree:          230320 kB
MemAvailable:    1351468 kB
Buffers:           84880 kB
Cached:          1072612 kB
MemTotal:        1844596 kB
MemFree:          230336 kB
MemAvailable:    1351484 kB
Buffers:           84880 kB
Cached:          1072612 kB
MemTotal:        1844596 kB
MemFree:          230320 kB
MemAvailable:    1351468 kB
Buffers:           84880 kB
Cached:          1072612 kB
MemTotal:        1844596 kB
MemFree:          230320 kB
MemAvailable:    1351468 kB
Buffers:           84880 kB
Cached:          1072612 kB
MemTotal:        1844596 kB
MemFree:          230324 kB
MemAvailable:    1351472 kB
Buffers:           84880 kB
Cached:          1072612 kB
MemTotal:        1844596 kB
MemFree:          230576 kB
MemAvailable:    1351724 kB
Buffers:           84880 kB
Cached:          1072612 kB
MemTotal:        1844596 kB
MemFree:          230348 kB
MemAvailable:    1351496 kB
Buffers:           84880 kB
Cached:          1072612 kB
MemTotal:        1844596 kB
MemFree:          230644 kB
MemAvailable:    1351792 kB
Buffers:           84880 kB
Cached:          1072612 kB
MemTotal:        1844596 kB
MemFree:          230284 kB
MemAvailable:    1351432 kB
Buffers:           84880 kB
Cached:          1072612 kB
MemTotal:        1844596 kB
MemFree:          230228 kB
MemAvailable:    1351376 kB
Buffers:           84880 kB
Cached:          1072612 kB
MemTotal:        1844596 kB
MemFree:          230516 kB
MemAvailable:    1351664 kB
Buffers:           84880 kB
Cached:          1072612 kB
MemTotal:        1844596 kB
MemFree:          230392 kB
MemAvailable:    1351540 kB
Buffers:           84880 kB
Cached:          1072612 kB
MemTotal:        1844596 kB
MemFree:          230580 kB
MemAvailable:    1351728 kB
Buffers:           84880 kB
Cached:          1072612 kB
MemTotal:        1844596 kB
MemFree:          230316 kB
MemAvailable:    1351464 kB
Buffers:           84880 kB
Cached:          1072612 kB
MemTotal:        1844596 kB
MemFree:          230316 kB
MemAvailable:    1351464 kB
Buffers:           84880 kB
Cached:          1072612 kB
MemTotal:        1844596 kB
MemFree:          230512 kB
MemAvailable:    1351660 kB
Buffers:           84880 kB
Cached:          1072612 kB
MemTotal:        1844596 kB
MemFree:          229716 kB
MemAvailable:    1350864 kB
Buffers:           84880 kB
Cached:          1072612 kB
MemTotal:        1844596 kB
MemFree:          230268 kB
MemAvailable:    1351416 kB
Buffers:           84880 kB
Cached:          1072612 kB
MemTotal:        1844596 kB
MemFree:          230344 kB
MemAvailable:    1351492 kB
Buffers:           84880 kB
Cached:          1072612 kB
MemTotal:        1844596 kB
MemFree:          230344 kB
MemAvailable:    1351492 kB
Buffers:           84880 kB
Cached:          1072612 kB
MemTotal:        1844596 kB
MemFree:          229476 kB
MemAvailable:    1350624 kB
Buffers:           84880 kB
Cached:          1072612 kB
MemTotal:        1844596 kB
MemFree:          230776 kB
MemAvailable:    1351932 kB
Buffers:           84880 kB
Cached:          1072620 kB
MemTotal:        1844596 kB
MemFree:          229352 kB
MemAvailable:    1350508 kB
Buffers:           84880 kB
Cached:          1072620 kB
MemTotal:        1844596 kB
MemFree:          230468 kB
MemAvailable:    1351624 kB
Buffers:           84880 kB
Cached:          1072620 kB
MemTotal:        1844596 kB
MemFree:          229040 kB
MemAvailable:    1350196 kB
Buffers:           84880 kB
Cached:          1072620 kB
MemTotal:        1844596 kB
MemFree:          230212 kB
MemAvailable:    1351368 kB
Buffers:           84880 kB
Cached:          1072620 kB
MemTotal:        1844596 kB
MemFree:          230296 kB
MemAvailable:    1351452 kB
Buffers:           84880 kB
Cached:          1072620 kB
MemTotal:        1844596 kB
MemFree:          230396 kB
MemAvailable:    1351552 kB
Buffers:           84880 kB
Cached:          1072620 kB
MemTotal:        1844596 kB
MemFree:          230104 kB
MemAvailable:    1351260 kB
Buffers:           84880 kB
Cached:          1072620 kB
MemTotal:        1844596 kB
MemFree:          230460 kB
MemAvailable:    1351616 kB
Buffers:           84880 kB
Cached:          1072620 kB
MemTotal:        1844596 kB
MemFree:          230460 kB
MemAvailable:    1351616 kB
Buffers:           84880 kB
Cached:          1072620 kB
MemTotal:        1844596 kB
MemFree:          230348 kB
MemAvailable:    1351504 kB
Buffers:           84880 kB
Cached:          1072620 kB
MemTotal:        1844596 kB
MemFree:          230392 kB
MemAvailable:    1351548 kB
Buffers:           84880 kB
Cached:          1072620 kB
MemTotal:        1844596 kB
MemFree:          230344 kB
MemAvailable:    1351500 kB
Buffers:           84880 kB
Cached:          1072620 kB
MemTotal:        1844596 kB
MemFree:          230408 kB
MemAvailable:    1351564 kB
Buffers:           84880 kB
Cached:          1072620 kB
MemTotal:        1844596 kB
MemFree:          230400 kB
MemAvailable:    1351556 kB
Buffers:           84880 kB
Cached:          1072620 kB
MemTotal:        1844596 kB
MemFree:          227676 kB
MemAvailable:    1348832 kB
Buffers:           84880 kB
Cached:          1072620 kB
MemTotal:        1844596 kB
MemFree:          228668 kB
MemAvailable:    1349824 kB
Buffers:           84880 kB
Cached:          1072620 kB
MemTotal:        1844596 kB
MemFree:          224352 kB
MemAvailable:    1345508 kB
Buffers:           84880 kB
Cached:          1072620 kB
MemTotal:        1844596 kB
MemFree:          222780 kB
MemAvailable:    1343936 kB
Buffers:           84880 kB
Cached:          1072620 kB
MemTotal:        1844596 kB
MemFree:          223764 kB
MemAvailable:    1344920 kB
Buffers:           84880 kB
Cached:          1072620 kB
MemTotal:        1844596 kB
MemFree:          223700 kB
MemAvailable:    1344856 kB
Buffers:           84880 kB
Cached:          1072620 kB
MemTotal:        1844596 kB
MemFree:          223652 kB
MemAvailable:    1344808 kB
Buffers:           84880 kB
Cached:          1072620 kB
MemTotal:        1844596 kB
MemFree:          223544 kB
MemAvailable:    1344700 kB
Buffers:           84880 kB
Cached:          1072620 kB
MemTotal:        1844596 kB
MemFree:          222344 kB
MemAvailable:    1343500 kB
Buffers:           84880 kB
Cached:          1072620 kB
MemTotal:        1844596 kB
MemFree:          223584 kB
MemAvailable:    1344740 kB
Buffers:           84880 kB
Cached:          1072620 kB
MemTotal:        1844596 kB
MemFree:          223028 kB
MemAvailable:    1344184 kB
Buffers:           84880 kB
Cached:          1072620 kB
MemTotal:        1844596 kB
MemFree:          223588 kB
MemAvailable:    1344744 kB
Buffers:           84880 kB
Cached:          1072620 kB
MemTotal:        1844596 kB
MemFree:          223588 kB
MemAvailable:    1344744 kB
Buffers:           84880 kB
Cached:          1072620 kB
MemTotal:        1844596 kB
MemFree:          223600 kB
MemAvailable:    1344756 kB
Buffers:           84880 kB
Cached:          1072620 kB
MemTotal:        1844596 kB
MemFree:          223720 kB
MemAvailable:    1344876 kB
Buffers:           84880 kB
Cached:          1072620 kB
MemTotal:        1844596 kB
MemFree:          223652 kB
MemAvailable:    1344808 kB
Buffers:           84880 kB
Cached:          1072620 kB
MemTotal:        1844596 kB
MemFree:          223112 kB
MemAvailable:    1344352 kB
Buffers:           84880 kB
Cached:          1072744 kB
MemTotal:        1844596 kB
MemFree:          222124 kB
MemAvailable:    1343364 kB
Buffers:           84880 kB
Cached:          1072744 kB
MemTotal:        1844596 kB
MemFree:          223428 kB
MemAvailable:    1344836 kB
Buffers:           84880 kB
Cached:          1072992 kB
MemTotal:        1844596 kB
MemFree:          221860 kB
MemAvailable:    1343352 kB
Buffers:           84880 kB
Cached:          1072992 kB
MemTotal:        1844596 kB
MemFree:          223144 kB
MemAvailable:    1344804 kB
Buffers:           84880 kB
Cached:          1073116 kB
MemTotal:        1844596 kB
MemFree:          223012 kB
MemAvailable:    1344672 kB
Buffers:           84880 kB
Cached:          1073116 kB
MemTotal:        1844596 kB
MemFree:          222748 kB
MemAvailable:    1344492 kB
Buffers:           84880 kB
Cached:          1073240 kB
MemTotal:        1844596 kB
MemFree:          222748 kB
MemAvailable:    1344492 kB
Buffers:           84880 kB
Cached:          1073240 kB
MemTotal:        1844596 kB
MemFree:          222892 kB
MemAvailable:    1344636 kB
Buffers:           84880 kB
Cached:          1073240 kB
MemTotal:        1844596 kB
MemFree:          222844 kB
MemAvailable:    1344628 kB
Buffers:           84880 kB
Cached:          1073244 kB
MemTotal:        1844596 kB
MemFree:          222712 kB
MemAvailable:    1344496 kB
Buffers:           84880 kB
Cached:          1073244 kB
MemTotal:        1844596 kB
MemFree:          222712 kB
MemAvailable:    1344496 kB
Buffers:           84880 kB
Cached:          1073244 kB
MemTotal:        1844596 kB
MemFree:          222772 kB
MemAvailable:    1344608 kB
Buffers:           84880 kB
Cached:          1073296 kB
MemTotal:        1844596 kB
MemFree:          223028 kB
MemAvailable:    1344864 kB
Buffers:           84880 kB
Cached:          1073296 kB
MemTotal:        1844596 kB
MemFree:          222784 kB
MemAvailable:    1344620 kB
Buffers:           84880 kB
Cached:          1073296 kB
MemTotal:        1844596 kB
MemFree:          221796 kB
MemAvailable:    1343716 kB
Buffers:           84880 kB
Cached:          1073420 kB
MemTotal:        1844596 kB
MemFree:          221268 kB
MemAvailable:    1342516 kB
Buffers:           84880 kB
Cached:          1072664 kB
MemTotal:        1844596 kB
MemFree:          260840 kB
MemAvailable:    1382088 kB
Buffers:           84880 kB
Cached:          1072664 kB
MemTotal:        1844596 kB
MemFree:          377484 kB
MemAvailable:    1498732 kB
Buffers:           84880 kB
Cached:          1072664 kB
MemTotal:        1844596 kB
MemFree:          419800 kB
MemAvailable:    1541060 kB
Buffers:           84880 kB
Cached:          1072636 kB
