MemTotal:        1844596 kB
MemFree:          595268 kB
MemAvailable:    1545308 kB
Buffers:           91600 kB
Cached:           877684 kB
MemTotal:        1844596 kB
MemFree:          566896 kB
MemAvailable:    1516940 kB
Buffers:           91600 kB
Cached:           877688 kB
MemTotal:        1844596 kB
MemFree:          566392 kB
MemAvailable:    1516436 kB
Buffers:           91600 kB
Cached:           877688 kB
MemTotal:        1844596 kB
MemFree:          565532 kB
MemAvailable:    1515576 kB
Buffers:           91600 kB
Cached:           877688 kB
MemTotal:        1844596 kB
MemFree:          564044 kB
MemAvailable:    1514088 kB
Buffers:           91600 kB
Cached:           877688 kB
MemTotal:        1844596 kB
MemFree:          564100 kB
MemAvailable:    1514144 kB
Buffers:           91600 kB
Cached:           877688 kB
MemTotal:        1844596 kB
MemFree:          562500 kB
MemAvailable:    1512544 kB
Buffers:           91600 kB
Cached:           877688 kB
MemTotal:        1844596 kB
MemFree:          560820 kB
MemAvailable:    1510864 kB
Buffers:           91600 kB
Cached:           877688 kB
MemTotal:        1844596 kB
MemFree:          557472 kB
MemAvailable:    1507516 kB
Buffers:           91600 kB
Cached:           877688 kB
MemTotal:        1844596 kB
MemFree:          553564 kB
MemAvailable:    1503608 kB
Buffers:           91600 kB
Cached:           877688 kB
MemTotal:        1844596 kB
MemFree:          554124 kB
MemAvailable:    1504168 kB
Buffers:           91600 kB
Cached:           877688 kB
MemTotal:        1844596 kB
MemFree:          553952 kB
MemAvailable:    1503996 kB
Buffers:           91600 kB
Cached:           877688 kB
MemTotal:        1844596 kB
MemFree:          555100 kB
MemAvailable:    1505144 kB
Buffers:           91600 kB
Cached:           877688 kB
MemTotal:        1844596 kB
MemFree:          555436 kB
MemAvailable:    1505480 kB
Buffers:           91600 kB
Cached:           877688 kB
MemTotal:        1844596 kB
MemFree:          555244 kB
MemAvailable:    1505288 kB
Buffers:           91600 kB
Cached:           877688 kB
MemTotal:        1844596 kB
MemFree:          555052 kB
MemAvailable:    1505096 kB
Buffers:           91600 kB
Cached:           877688 kB
MemTotal:        1844596 kB
MemFree:          555112 kB
MemAvailable:    1505156 kB
Buffers:           91600 kB
Cached:           877688 kB
MemTotal:        1844596 kB
MemFree:          555116 kB
MemAvailable:    1505160 kB
Buffers:           91600 kB
Cached:           877688 kB
MemTotal:        1844596 kB
MemFree:          554604 kB
MemAvailable:    1504648 kB
Buffers:           91600 kB
Cached:           877688 kB
MemTotal:        1844596 kB
MemFree:          554372 kB
MemAvailable:    1504416 kB
Buffers:           91600 kB
Cached:           877688 kB
MemTotal:        1844596 kB
MemFree:          553368 kB
MemAvailable:    1503412 kB
Buffers:           91600 kB
Cached:           877688 kB
MemTotal:        1844596 kB
MemFree:          553360 kB
MemAvailable:    1503404 kB
Buffers:           91600 kB
Cached:           877688 kB
MemTotal:        1844596 kB
MemFree:          554724 kB
MemAvailable:    1504768 kB
Buffers:           91600 kB
Cached:           877688 kB
MemTotal:        1844596 kB
MemFree:          553868 kB
MemAvailable:    1503912 kB
Buffers:           91600 kB
Cached:           877688 kB
MemTotal:        1844596 kB
MemFree:          553388 kB
MemAvailable:    1503432 kB
Buffers:           91600 kB
Cached:           877688 kB
MemTotal:        1844596 kB
MemFree:          553876 kB
MemAvailable:    1503920 kB
Buffers:           91600 kB
Cached:           877688 kB
MemTotal:        1844596 kB
MemFree:          553744 kB
MemAvailable:    1503788 kB
Buffers:           91600 kB
Cached:           877688 kB
MemTotal:        1844596 kB
MemFree:          552636 kB
MemAvailable:    1502680 kB
Buffers:           91600 kB
Cached:           877688 kB
MemTotal:        1844596 kB
MemFree:          553060 kB
MemAvailable:    1503104 kB
Buffers:           91600 kB
Cached:           877688 kB
MemTotal:        1844596 kB
MemFree:          552140 kB
MemAvailable:    1502184 kB
Buffers:           91600 kB
Cached:           877688 kB
MemTotal:        1844596 kB
MemFree:          551464 kB
MemAvailable:    1501508 kB
Buffers:           91600 kB
Cached:           877688 kB
MemTotal:        1844596 kB
MemFree:          552248 kB
MemAvailable:    1502292 kB
Buffers:           91600 kB
Cached:           877688 kB
MemTotal:        1844596 kB
MemFree:          552332 kB
MemAvailable:    1502376 kB
Buffers:           91600 kB
Cached:           877688 kB
MemTotal:        1844596 kB
MemFree:          552252 kB
MemAvailable:    1502296 kB
Buffers:           91600 kB
Cached:           877688 kB
MemTotal:        1844596 kB
MemFree:          552432 kB
MemAvailable:    1502476 kB
Buffers:           91600 kB
Cached:           877688 kB
MemTotal:        1844596 kB
MemFree:          552328 kB
MemAvailable:    1502372 kB
Buffers:           91600 kB
Cached:           877688 kB
MemTotal:        1844596 kB
MemFree:          550876 kB
MemAvailable:    1500920 kB
Buffers:           91600 kB
Cached:           877688 kB
MemTotal:        1844596 kB
MemFree:          550952 kB
MemAvailable:    1500996 kB
Buffers:           91600 kB
Cached:           877688 kB
MemTotal:        1844596 kB
MemFree:          550952 kB
MemAvailable:    1500996 kB
Buffers:           91600 kB
Cached:           877688 kB
MemTotal:        1844596 kB
MemFree:          550528 kB
MemAvailable:    1500572 kB
Buffers:           91600 kB
Cached:           877688 kB
MemTotal:        1844596 kB
MemFree:          548836 kB
MemAvailable:    1498880 kB
Buffers:           91600 kB
Cached:           877688 kB
MemTotal:        1844596 kB
MemFree:          547420 kB
MemAvailable:    1497464 kB
Buffers:           91600 kB
Cached:           877688 kB
MemTotal:        1844596 kB
MemFree:          545692 kB
MemAvailable:    1495736 kB
Buffers:           91600 kB
Cached:           877688 kB
MemTotal:        1844596 kB
MemFree:          546984 kB
MemAvailable:    1497028 kB
Buffers:           91600 kB
Cached:           877688 kB
MemTotal:        1844596 kB
MemFree:          546668 kB
MemAvailable:    1496712 kB
Buffers:           91600 kB
Cached:           877688 kB
MemTotal:        1844596 kB
MemFree:          546568 kB
MemAvailable:    1496612 kB
Buffers:           91600 kB
Cached:           877688 kB
MemTotal:        1844596 kB
MemFree:          546564 kB
MemAvailable:    1496608 kB
Buffers:           91600 kB
Cached:           877688 kB
MemTotal:        1844596 kB
MemFree:          546756 kB
MemAvailable:    1496800 kB
Buffers:           91600 kB
Cached:           877688 kB
MemTotal:        1844596 kB
MemFree:          545568 kB
MemAvailable:    1495612 kB
Buffers:           91600 kB
Cached:           877688 kB
MemTotal:        1844596 kB
MemFree:          546376 kB
MemAvailable:    1496420 kB
Buffers:           91600 kB
Cached:           877688 kB
MemTotal:        1844596 kB
MemFree:          546196 kB
MemAvailable:    1496240 kB
Buffers:           91600 kB
Cached:           877688 kB
MemTotal:        1844596 kB
MemFree:          546232 kB
MemAvailable:    1496276 kB
Buffers:           91600 kB
Cached:           877688 kB
MemTotal:        1844596 kB
MemFree:          545272 kB
MemAvailable:    1495316 kB
Buffers:           91600 kB
Cached:           877688 kB
MemTotal:        1844596 kB
MemFree:          545256 kB
MemAvailable:    1495300 kB
Buffers:           91600 kB
Cached:           877688 kB
MemTotal:        1844596 kB
MemFree:          545264 kB
MemAvailable:    1495308 kB
Buffers:           91600 kB
Cached:           877688 kB
MemTotal:        1844596 kB
MemFree:          545388 kB
MemAvailable:    1495432 kB
Buffers:           91600 kB
Cached:           877688 kB
MemTotal:        1844596 kB
MemFree:          542220 kB
MemAvailable:    1492264 kB
Buffers:           91600 kB
Cached:           877688 kB
MemTotal:        1844596 kB
MemFree:          540592 kB
MemAvailable:    1490636 kB
Buffers:           91600 kB
Cached:           877688 kB
MemTotal:        1844596 kB
MemFree:          540360 kB
MemAvailable:    1490404 kB
Buffers:           91600 kB
Cached:           877688 kB
MemTotal:        1844596 kB
MemFree:          540304 kB
MemAvailable:    1490348 kB
Buffers:           91600 kB
Cached:           877688 kB
MemTotal:        1844596 kB
MemFree:          540048 kB
MemAvailable:    1490092 kB
Buffers:           91600 kB
Cached:           877688 kB
MemTotal:        1844596 kB
MemFree:          537384 kB
MemAvailable:    1487428 kB
Buffers:           91600 kB
Cached:           877688 kB
MemTotal:        1844596 kB
MemFree:          537872 kB
MemAvailable:    1487916 kB
Buffers:           91600 kB
Cached:           877688 kB
MemTotal:        1844596 kB
MemFree:          537956 kB
MemAvailable:    1488000 kB
Buffers:           91600 kB
Cached:           877688 kB
MemTotal:        1844596 kB
MemFree:          536508 kB
MemAvailable:    1486552 kB
Buffers:           91600 kB
Cached:           877688 kB
MemTotal:        1844596 kB
MemFree:          536716 kB
MemAvailable:    1486760 kB
Buffers:           91600 kB
Cached:           877688 kB
MemTotal:        1844596 kB
MemFree:          536460 kB
MemAvailable:    1486512 kB
Buffers:           91600 kB
Cached:           877696 kB
MemTotal:        1844596 kB
MemFree:          537612 kB
MemAvailable:    1487664 kB
Buffers:           91600 kB
Cached:           877696 kB
MemTotal:        1844596 kB
MemFree:          537864 kB
MemAvailable:    1487916 kB
Buffers:           91600 kB
Cached:           877696 kB
MemTotal:        1844596 kB
MemFree:          537584 kB
MemAvailable:    1487636 kB
Buffers:           91600 kB
Cached:           877696 kB
MemTotal:        1844596 kB
MemFree:          537440 kB
MemAvailable:    1487492 kB
Buffers:           91600 kB
Cached:           877696 kB
MemTotal:        1844596 kB
MemFree:          537384 kB
MemAvailable:    1487436 kB
Buffers:           91600 kB
Cached:           877696 kB
MemTotal:        1844596 kB
MemFree:          537620 kB
MemAvailable:    1487672 kB
Buffers:           91600 kB
Cached:           877696 kB
MemTotal:        1844596 kB
MemFree:          537476 kB
MemAvailable:    1487528 kB
Buffers:           91600 kB
Cached:           877696 kB
MemTotal:        1844596 kB
MemFree:          537728 kB
MemAvailable:    1487780 kB
Buffers:           91600 kB
Cached:           877696 kB
MemTotal:        1844596 kB
MemFree:          536380 kB
MemAvailable:    1486432 kB
Buffers:           91600 kB
Cached:           877696 kB
MemTotal:        1844596 kB
MemFree:          537480 kB
MemAvailable:    1487532 kB
Buffers:           91600 kB
Cached:           877696 kB
MemTotal:        1844596 kB
MemFree:          536764 kB
MemAvailable:    1486816 kB
Buffers:           91600 kB
Cached:           877696 kB
MemTotal:        1844596 kB
MemFree:          537372 kB
MemAvailable:    1487424 kB
Buffers:           91600 kB
Cached:           877696 kB
MemTotal:        1844596 kB
MemFree:          536524 kB
MemAvailable:    1486576 kB
Buffers:           91600 kB
Cached:           877696 kB
MemTotal:        1844596 kB
MemFree:          536104 kB
MemAvailable:    1486156 kB
Buffers:           91600 kB
Cached:           877696 kB
MemTotal:        1844596 kB
MemFree:          536104 kB
MemAvailable:    1486156 kB
Buffers:           91600 kB
Cached:           877696 kB
MemTotal:        1844596 kB
MemFree:          537112 kB
MemAvailable:    1487164 kB
Buffers:           91600 kB
Cached:           877696 kB
MemTotal:        1844596 kB
MemFree:          537364 kB
MemAvailable:    1487416 kB
Buffers:           91600 kB
Cached:           877696 kB
MemTotal:        1844596 kB
MemFree:          534408 kB
MemAvailable:    1484460 kB
Buffers:           91600 kB
Cached:           877696 kB
MemTotal:        1844596 kB
MemFree:          532052 kB
MemAvailable:    1482104 kB
Buffers:           91600 kB
Cached:           877696 kB
MemTotal:        1844596 kB
MemFree:          529820 kB
MemAvailable:    1479872 kB
Buffers:           91600 kB
Cached:           877696 kB
MemTotal:        1844596 kB
MemFree:          528580 kB
MemAvailable:    1478632 kB
Buffers:           91600 kB
Cached:           877696 kB
MemTotal:        1844596 kB
MemFree:          528332 kB
MemAvailable:    1478384 kB
Buffers:           91600 kB
Cached:           877696 kB
MemTotal:        1844596 kB
MemFree:          528208 kB
MemAvailable:    1478260 kB
Buffers:           91600 kB
Cached:           877696 kB
MemTotal:        1844596 kB
MemFree:          529316 kB
MemAvailable:    1479368 kB
Buffers:           91600 kB
Cached:           877696 kB
MemTotal:        1844596 kB
MemFree:          527960 kB
MemAvailable:    1478012 kB
Buffers:           91600 kB
Cached:           877696 kB
MemTotal:        1844596 kB
MemFree:          527836 kB
MemAvailable:    1477888 kB
Buffers:           91600 kB
Cached:           877696 kB
MemTotal:        1844596 kB
MemFree:          527712 kB
MemAvailable:    1477764 kB
Buffers:           91600 kB
Cached:           877696 kB
MemTotal:        1844596 kB
MemFree:          528648 kB
MemAvailable:    1478700 kB
Buffers:           91600 kB
Cached:           877696 kB
MemTotal:        1844596 kB
MemFree:          528816 kB
MemAvailable:    1478868 kB
Buffers:           91600 kB
Cached:           877696 kB
MemTotal:        1844596 kB
MemFree:          527332 kB
MemAvailable:    1477384 kB
Buffers:           91600 kB
Cached:           877696 kB
MemTotal:        1844596 kB
MemFree:          527416 kB
MemAvailable:    1477468 kB
Buffers:           91600 kB
Cached:           877696 kB
MemTotal:        1844596 kB
MemFree:          528524 kB
MemAvailable:    1478576 kB
Buffers:           91600 kB
Cached:           877696 kB
MemTotal:        1844596 kB
MemFree:          528776 kB
MemAvailable:    1478828 kB
Buffers:           91600 kB
Cached:           877696 kB
MemTotal:        1844596 kB
MemFree:          527292 kB
MemAvailable:    1477344 kB
Buffers:           91600 kB
Cached:           877696 kB
MemTotal:        1844596 kB
MemFree:          528700 kB
MemAvailable:    1478752 kB
Buffers:           91600 kB
Cached:           877696 kB
MemTotal:        1844596 kB
MemFree:          528436 kB
MemAvailable:    1478488 kB
Buffers:           91600 kB
Cached:           877696 kB
MemTotal:        1844596 kB
MemFree:          528572 kB
MemAvailable:    1478624 kB
Buffers:           91600 kB
Cached:           877696 kB
MemTotal:        1844596 kB
MemFree:          528584 kB
MemAvailable:    1478636 kB
Buffers:           91600 kB
Cached:           877696 kB
MemTotal:        1844596 kB
MemFree:          527312 kB
MemAvailable:    1477364 kB
Buffers:           91600 kB
Cached:           877696 kB
MemTotal:        1844596 kB
MemFree:          528768 kB
MemAvailable:    1478820 kB
Buffers:           91600 kB
Cached:           877696 kB
MemTotal:        1844596 kB
MemFree:          527280 kB
MemAvailable:    1477332 kB
Buffers:           91600 kB
Cached:           877696 kB
MemTotal:        1844596 kB
MemFree:          527272 kB
MemAvailable:    1477324 kB
Buffers:           91600 kB
Cached:           877696 kB
MemTotal:        1844596 kB
MemFree:          528704 kB
MemAvailable:    1478756 kB
Buffers:           91600 kB
Cached:           877696 kB
MemTotal:        1844596 kB
MemFree:          528500 kB
MemAvailable:    1478552 kB
Buffers:           91600 kB
Cached:           877696 kB
MemTotal:        1844596 kB
MemFree:          528332 kB
MemAvailable:    1478384 kB
Buffers:           91600 kB
Cached:           877696 kB
MemTotal:        1844596 kB
MemFree:          527276 kB
MemAvailable:    1477328 kB
Buffers:           91600 kB
Cached:           877696 kB
MemTotal:        1844596 kB
MemFree:          527408 kB
MemAvailable:    1477460 kB
Buffers:           91600 kB
Cached:           877696 kB
MemTotal:        1844596 kB
MemFree:          527320 kB
MemAvailable:    1477372 kB
Buffers:           91600 kB
Cached:           877696 kB
MemTotal:        1844596 kB
MemFree:          527836 kB
MemAvailable:    1477888 kB
Buffers:           91600 kB
Cached:           877696 kB
MemTotal:        1844596 kB
MemFree:          527452 kB
MemAvailable:    1477504 kB
Buffers:           91600 kB
Cached:           877696 kB
MemTotal:        1844596 kB
MemFree:          528692 kB
MemAvailable:    1478744 kB
Buffers:           91600 kB
Cached:           877696 kB
MemTotal:        1844596 kB
MemFree:          527452 kB
MemAvailable:    1477504 kB
Buffers:           91600 kB
Cached:           877696 kB
MemTotal:        1844596 kB
MemFree:          528752 kB
MemAvailable:    1478804 kB
Buffers:           91600 kB
Cached:           877696 kB
MemTotal:        1844596 kB
MemFree:          528516 kB
MemAvailable:    1478568 kB
Buffers:           91600 kB
Cached:           877696 kB
MemTotal:        1844596 kB
MemFree:          528332 kB
MemAvailable:    1478384 kB
Buffers:           91600 kB
Cached:           877696 kB
MemTotal:        1844596 kB
MemFree:          526224 kB
MemAvailable:    1476276 kB
Buffers:           91600 kB
Cached:           877696 kB
MemTotal:        1844596 kB
MemFree:          521620 kB
MemAvailable:    1471672 kB
Buffers:           91600 kB
Cached:           877696 kB
MemTotal:        1844596 kB
MemFree:          521704 kB
MemAvailable:    1471756 kB
Buffers:           91600 kB
Cached:           877696 kB
MemTotal:        1844596 kB
MemFree:          517296 kB
MemAvailable:    1467348 kB
Buffers:           91600 kB
Cached:           877696 kB
MemTotal:        1844596 kB
MemFree:          518216 kB
MemAvailable:    1468268 kB
Buffers:           91600 kB
Cached:           877696 kB
MemTotal:        1844596 kB
MemFree:          516924 kB
MemAvailable:    1466976 kB
Buffers:           91600 kB
Cached:           877696 kB
MemTotal:        1844596 kB
MemFree:          516800 kB
MemAvailable:    1466856 kB
Buffers:           91600 kB
Cached:           877700 kB
MemTotal:        1844596 kB
MemFree:          516676 kB
MemAvailable:    1466732 kB
Buffers:           91600 kB
Cached:           877700 kB
MemTotal:        1844596 kB
MemFree:          516668 kB
MemAvailable:    1466724 kB
Buffers:           91600 kB
Cached:           877700 kB
MemTotal:        1844596 kB
MemFree:          518116 kB
MemAvailable:    1468172 kB
Buffers:           91600 kB
Cached:           877700 kB
MemTotal:        1844596 kB
MemFree:          517768 kB
MemAvailable:    1467824 kB
Buffers:           91600 kB
Cached:           877700 kB
MemTotal:        1844596 kB
MemFree:          518104 kB
MemAvailable:    1468160 kB
Buffers:           91600 kB
Cached:           877700 kB
MemTotal:        1844596 kB
MemFree:          516780 kB
MemAvailable:    1466836 kB
Buffers:           91600 kB
Cached:           877700 kB
MemTotal:        1844596 kB
MemFree:          518144 kB
MemAvailable:    1468200 kB
Buffers:           91600 kB
Cached:           877700 kB
MemTotal:        1844596 kB
MemFree:          518004 kB
MemAvailable:    1468060 kB
Buffers:           91600 kB
Cached:           877700 kB
MemTotal:        1844596 kB
MemFree:          516628 kB
MemAvailable:    1466688 kB
Buffers:           91600 kB
Cached:           877704 kB
MemTotal:        1844596 kB
MemFree:          516672 kB
MemAvailable:    1466732 kB
Buffers:           91600 kB
Cached:           877704 kB
MemTotal:        1844596 kB
MemFree:          516796 kB
MemAvailable:    1466856 kB
Buffers:           91600 kB
Cached:           877704 kB
MemTotal:        1844596 kB
MemFree:          516792 kB
MemAvailable:    1466852 kB
Buffers:           91600 kB
Cached:           877704 kB
MemTotal:        1844596 kB
MemFree:          517920 kB
MemAvailable:    1467980 kB
Buffers:           91600 kB
Cached:           877704 kB
MemTotal:        1844596 kB
MemFree:          517908 kB
MemAvailable:    1467968 kB
Buffers:           91600 kB
Cached:           877704 kB
MemTotal:        1844596 kB
MemFree:          518160 kB
MemAvailable:    1468220 kB
Buffers:           91600 kB
Cached:           877704 kB
MemTotal:        1844596 kB
MemFree:          516628 kB
MemAvailable:    1466688 kB
Buffers:           91600 kB
Cached:           877704 kB
MemTotal:        1844596 kB
MemFree:          516628 kB
MemAvailable:    1466688 kB
Buffers:           91600 kB
Cached:           877704 kB
MemTotal:        1844596 kB
MemFree:          517840 kB
MemAvailable:    1467900 kB
Buffers:           91600 kB
Cached:           877704 kB
MemTotal:        1844596 kB
MemFree:          517964 kB
MemAvailable:    1468024 kB
Buffers:           91600 kB
Cached:           877704 kB
MemTotal:        1844596 kB
MemFree:          516648 kB
MemAvailable:    1466708 kB
Buffers:           91600 kB
Cached:           877704 kB
MemTotal:        1844596 kB
MemFree:          517916 kB
MemAvailable:    1467976 kB
Buffers:           91600 kB
Cached:           877704 kB
MemTotal:        1844596 kB
MemFree:          517836 kB
MemAvailable:    1467896 kB
Buffers:           91600 kB
Cached:           877704 kB
MemTotal:        1844596 kB
MemFree:          517792 kB
MemAvailable:    1467852 kB
Buffers:           91600 kB
Cached:           877704 kB
MemTotal:        1844596 kB
MemFree:          516744 kB
MemAvailable:    1466804 kB
Buffers:           91600 kB
Cached:           877704 kB
MemTotal:        1844596 kB
MemFree:          516492 kB
MemAvailable:    1466552 kB
Buffers:           91600 kB
Cached:           877704 kB
MemTotal:        1844596 kB
MemFree:          517916 kB
MemAvailable:    1467976 kB
Buffers:           91600 kB
Cached:           877704 kB
MemTotal:        1844596 kB
MemFree:          516616 kB
MemAvailable:    1466676 kB
Buffers:           91600 kB
Cached:           877704 kB
MemTotal:        1844596 kB
MemFree:          516608 kB
MemAvailable:    1466668 kB
Buffers:           91600 kB
Cached:           877704 kB
MemTotal:        1844596 kB
MemFree:          518140 kB
MemAvailable:    1468200 kB
Buffers:           91600 kB
Cached:           877704 kB
MemTotal:        1844596 kB
MemFree:          517836 kB
MemAvailable:    1467896 kB
Buffers:           91600 kB
Cached:           877704 kB
MemTotal:        1844596 kB
MemFree:          518088 kB
MemAvailable:    1468148 kB
Buffers:           91600 kB
Cached:           877704 kB
MemTotal:        1844596 kB
MemFree:          517860 kB
MemAvailable:    1467920 kB
Buffers:           91600 kB
Cached:           877704 kB
MemTotal:        1844596 kB
MemFree:          517748 kB
MemAvailable:    1467808 kB
Buffers:           91600 kB
Cached:           877704 kB
MemTotal:        1844596 kB
MemFree:          517360 kB
MemAvailable:    1467420 kB
Buffers:           91600 kB
Cached:           877704 kB
MemTotal:        1844596 kB
MemFree:          516916 kB
MemAvailable:    1466980 kB
Buffers:           91600 kB
Cached:           877708 kB
MemTotal:        1844596 kB
MemFree:          516792 kB
MemAvailable:    1466856 kB
Buffers:           91600 kB
Cached:           877708 kB
MemTotal:        1844596 kB
MemFree:          518216 kB
MemAvailable:    1468280 kB
Buffers:           91600 kB
Cached:           877708 kB
MemTotal:        1844596 kB
MemFree:          516784 kB
MemAvailable:    1466848 kB
Buffers:           91600 kB
Cached:           877708 kB
MemTotal:        1844596 kB
MemFree:          516784 kB
MemAvailable:    1466848 kB
Buffers:           91600 kB
Cached:           877708 kB
MemTotal:        1844596 kB
MemFree:          518084 kB
MemAvailable:    1468148 kB
Buffers:           91600 kB
Cached:           877708 kB
MemTotal:        1844596 kB
MemFree:          518084 kB
MemAvailable:    1468148 kB
Buffers:           91600 kB
Cached:           877708 kB
MemTotal:        1844596 kB
MemFree:          517760 kB
MemAvailable:    1467824 kB
Buffers:           91600 kB
Cached:           877708 kB
MemTotal:        1844596 kB
MemFree:          518012 kB
MemAvailable:    1468076 kB
Buffers:           91600 kB
Cached:           877708 kB
MemTotal:        1844596 kB
MemFree:          517660 kB
MemAvailable:    1467724 kB
Buffers:           91600 kB
Cached:           877708 kB
MemTotal:        1844596 kB
MemFree:          517356 kB
MemAvailable:    1467420 kB
Buffers:           91600 kB
Cached:           877708 kB
MemTotal:        1844596 kB
MemFree:          516056 kB
MemAvailable:    1466120 kB
Buffers:           91600 kB
Cached:           877708 kB
MemTotal:        1844596 kB
MemFree:          515684 kB
MemAvailable:    1465748 kB
Buffers:           91600 kB
Cached:           877708 kB
MemTotal:        1844596 kB
MemFree:          517000 kB
MemAvailable:    1467064 kB
Buffers:           91600 kB
Cached:           877708 kB
MemTotal:        1844596 kB
MemFree:          516796 kB
MemAvailable:    1466860 kB
Buffers:           91600 kB
Cached:           877708 kB
MemTotal:        1844596 kB
MemFree:          515372 kB
MemAvailable:    1465436 kB
Buffers:           91600 kB
Cached:           877708 kB
MemTotal:        1844596 kB
MemFree:          515996 kB
MemAvailable:    1466060 kB
Buffers:           91600 kB
Cached:           877708 kB
MemTotal:        1844596 kB
MemFree:          515412 kB
MemAvailable:    1465476 kB
Buffers:           91600 kB
Cached:           877708 kB
MemTotal:        1844596 kB
MemFree:          516604 kB
MemAvailable:    1466668 kB
Buffers:           91600 kB
Cached:           877708 kB
MemTotal:        1844596 kB
MemFree:          515932 kB
MemAvailable:    1465996 kB
Buffers:           91600 kB
Cached:           877708 kB
MemTotal:        1844596 kB
MemFree:          516448 kB
MemAvailable:    1466516 kB
Buffers:           91600 kB
Cached:           877712 kB
MemTotal:        1844596 kB
MemFree:          516544 kB
MemAvailable:    1466612 kB
Buffers:           91600 kB
Cached:           877712 kB
MemTotal:        1844596 kB
MemFree:          515116 kB
MemAvailable:    1465184 kB
Buffers:           91600 kB
Cached:           877712 kB
MemTotal:        1844596 kB
MemFree:          516728 kB
MemAvailable:    1466796 kB
Buffers:           91600 kB
Cached:           877712 kB
MemTotal:        1844596 kB
MemFree:          516604 kB
MemAvailable:    1466672 kB
Buffers:           91600 kB
Cached:           877712 kB
MemTotal:        1844596 kB
MemFree:          516392 kB
MemAvailable:    1466460 kB
Buffers:           91600 kB
Cached:           877712 kB
MemTotal:        1844596 kB
MemFree:          516312 kB
MemAvailable:    1466380 kB
Buffers:           91600 kB
Cached:           877712 kB
MemTotal:        1844596 kB
MemFree:          515016 kB
MemAvailable:    1465084 kB
Buffers:           91600 kB
Cached:           877712 kB
MemTotal:        1844596 kB
MemFree:          516288 kB
MemAvailable:    1466356 kB
Buffers:           91600 kB
Cached:           877712 kB
MemTotal:        1844596 kB
MemFree:          516180 kB
MemAvailable:    1466248 kB
Buffers:           91600 kB
Cached:           877712 kB
MemTotal:        1844596 kB
MemFree:          516416 kB
MemAvailable:    1466484 kB
Buffers:           91600 kB
Cached:           877712 kB
MemTotal:        1844596 kB
MemFree:          516244 kB
MemAvailable:    1466312 kB
Buffers:           91600 kB
Cached:           877712 kB
MemTotal:        1844596 kB
MemFree:          516248 kB
MemAvailable:    1466316 kB
Buffers:           91600 kB
Cached:           877712 kB
MemTotal:        1844596 kB
MemFree:          515996 kB
MemAvailable:    1466064 kB
Buffers:           91600 kB
Cached:           877712 kB
MemTotal:        1844596 kB
MemFree:          514924 kB
MemAvailable:    1464992 kB
Buffers:           91600 kB
Cached:           877712 kB
MemTotal:        1844596 kB
MemFree:          516288 kB
MemAvailable:    1466356 kB
Buffers:           91600 kB
Cached:           877712 kB
MemTotal:        1844596 kB
MemFree:          515560 kB
MemAvailable:    1465628 kB
Buffers:           91600 kB
Cached:           877712 kB
MemTotal:        1844596 kB
MemFree:          512816 kB
MemAvailable:    1462884 kB
Buffers:           91600 kB
Cached:           877712 kB
MemTotal:        1844596 kB
MemFree:          511584 kB
MemAvailable:    1461652 kB
Buffers:           91600 kB
Cached:           877712 kB
MemTotal:        1844596 kB
MemFree:          508164 kB
MemAvailable:    1458232 kB
Buffers:           91600 kB
Cached:           877712 kB
MemTotal:        1844596 kB
MemFree:          504268 kB
MemAvailable:    1454336 kB
Buffers:           91600 kB
Cached:           877712 kB
MemTotal:        1844596 kB
MemFree:          505508 kB
MemAvailable:    1455576 kB
Buffers:           91600 kB
Cached:           877712 kB
MemTotal:        1844596 kB
MemFree:          504756 kB
MemAvailable:    1454824 kB
Buffers:           91600 kB
Cached:           877712 kB
MemTotal:        1844596 kB
MemFree:          504840 kB
MemAvailable:    1454908 kB
Buffers:           91600 kB
Cached:           877712 kB
MemTotal:        1844596 kB
MemFree:          504528 kB
MemAvailable:    1454596 kB
Buffers:           91600 kB
Cached:           877712 kB
MemTotal:        1844596 kB
MemFree:          503468 kB
MemAvailable:    1453540 kB
Buffers:           91600 kB
Cached:           877716 kB
MemTotal:        1844596 kB
MemFree:          503284 kB
MemAvailable:    1453356 kB
Buffers:           91600 kB
Cached:           877716 kB
MemTotal:        1844596 kB
MemFree:          502168 kB
MemAvailable:    1452240 kB
Buffers:           91600 kB
Cached:           877716 kB
MemTotal:        1844596 kB
MemFree:          501548 kB
MemAvailable:    1451620 kB
Buffers:           91600 kB
Cached:           877716 kB
MemTotal:        1844596 kB
MemFree:          500796 kB
MemAvailable:    1450868 kB
Buffers:           91600 kB
Cached:           877716 kB
MemTotal:        1844596 kB
MemFree:          500060 kB
MemAvailable:    1450132 kB
Buffers:           91600 kB
Cached:           877716 kB
MemTotal:        1844596 kB
MemFree:          500060 kB
MemAvailable:    1450132 kB
Buffers:           91600 kB
Cached:           877716 kB
MemTotal:        1844596 kB
MemFree:          501064 kB
MemAvailable:    1451136 kB
Buffers:           91600 kB
Cached:           877716 kB
MemTotal:        1844596 kB
MemFree:          500068 kB
MemAvailable:    1450140 kB
Buffers:           91600 kB
Cached:           877716 kB
MemTotal:        1844596 kB
MemFree:          500872 kB
MemAvailable:    1450944 kB
Buffers:           91600 kB
Cached:           877716 kB
MemTotal:        1844596 kB
MemFree:          500352 kB
MemAvailable:    1450300 kB
Buffers:           91600 kB
Cached:           877716 kB
MemTotal:        1844596 kB
MemFree:          499936 kB
MemAvailable:    1450008 kB
Buffers:           91600 kB
Cached:           877716 kB
MemTotal:        1844596 kB
MemFree:          500912 kB
MemAvailable:    1450984 kB
Buffers:           91600 kB
Cached:           877716 kB
MemTotal:        1844596 kB
MemFree:          501080 kB
MemAvailable:    1451152 kB
Buffers:           91600 kB
Cached:           877716 kB
MemTotal:        1844596 kB
MemFree:          499796 kB
MemAvailable:    1449868 kB
Buffers:           91600 kB
Cached:           877716 kB
MemTotal:        1844596 kB
MemFree:          501348 kB
MemAvailable:    1451420 kB
Buffers:           91600 kB
Cached:           877716 kB
MemTotal:        1844596 kB
MemFree:          501236 kB
MemAvailable:    1451308 kB
Buffers:           91600 kB
Cached:           877716 kB
MemTotal:        1844596 kB
MemFree:          501024 kB
MemAvailable:    1451096 kB
Buffers:           91600 kB
Cached:           877716 kB
MemTotal:        1844596 kB
MemFree:          501280 kB
MemAvailable:    1451352 kB
Buffers:           91600 kB
Cached:           877716 kB
MemTotal:        1844596 kB
MemFree:          500680 kB
MemAvailable:    1450752 kB
Buffers:           91600 kB
Cached:           877716 kB
MemTotal:        1844596 kB
MemFree:          500368 kB
MemAvailable:    1450440 kB
Buffers:           91600 kB
Cached:           877716 kB
MemTotal:        1844596 kB
MemFree:          499176 kB
MemAvailable:    1449248 kB
Buffers:           91600 kB
Cached:           877716 kB
MemTotal:        1844596 kB
MemFree:          498944 kB
MemAvailable:    1449016 kB
Buffers:           91600 kB
Cached:           877716 kB
MemTotal:        1844596 kB
MemFree:          497772 kB
MemAvailable:    1447844 kB
Buffers:           91600 kB
Cached:           877716 kB
MemTotal:        1844596 kB
MemFree:          499128 kB
MemAvailable:    1449200 kB
Buffers:           91600 kB
Cached:           877716 kB
MemTotal:        1844596 kB
MemFree:          498624 kB
MemAvailable:    1448696 kB
Buffers:           91600 kB
Cached:           877716 kB
MemTotal:        1844596 kB
MemFree:          498500 kB
MemAvailable:    1448572 kB
Buffers:           91600 kB
Cached:           877716 kB
MemTotal:        1844596 kB
MemFree:          497936 kB
MemAvailable:    1448008 kB
Buffers:           91600 kB
Cached:           877716 kB
MemTotal:        1844596 kB
MemFree:          497828 kB
MemAvailable:    1447900 kB
Buffers:           91600 kB
Cached:           877716 kB
MemTotal:        1844596 kB
MemFree:          496324 kB
MemAvailable:    1446396 kB
Buffers:           91600 kB
Cached:           877716 kB
MemTotal:        1844596 kB
MemFree:          497804 kB
MemAvailable:    1447876 kB
Buffers:           91600 kB
Cached:           877716 kB
MemTotal:        1844596 kB
MemFree:          496836 kB
MemAvailable:    1446908 kB
Buffers:           91600 kB
Cached:           877716 kB
MemTotal:        1844596 kB
MemFree:          497076 kB
MemAvailable:    1447152 kB
Buffers:           91600 kB
Cached:           877720 kB
MemTotal:        1844596 kB
MemFree:          497332 kB
MemAvailable:    1447408 kB
Buffers:           91600 kB
Cached:           877720 kB
MemTotal:        1844596 kB
MemFree:          497076 kB
MemAvailable:    1447152 kB
Buffers:           91600 kB
Cached:           877720 kB
MemTotal:        1844596 kB
MemFree:          496092 kB
MemAvailable:    1446168 kB
Buffers:           91600 kB
Cached:           877720 kB
MemTotal:        1844596 kB
MemFree:          495968 kB
MemAvailable:    1446044 kB
Buffers:           91600 kB
Cached:           877720 kB
MemTotal:        1844596 kB
MemFree:          496944 kB
MemAvailable:    1447020 kB
Buffers:           91600 kB
Cached:           877720 kB
MemTotal:        1844596 kB
MemFree:          497084 kB
MemAvailable:    1447160 kB
Buffers:           91600 kB
Cached:           877720 kB
MemTotal:        1844596 kB
MemFree:          495664 kB
MemAvailable:    1445740 kB
Buffers:           91600 kB
Cached:           877720 kB
MemTotal:        1844596 kB
MemFree:          497320 kB
MemAvailable:    1447396 kB
Buffers:           91600 kB
Cached:           877720 kB
MemTotal:        1844596 kB
MemFree:          497188 kB
MemAvailable:    1447264 kB
Buffers:           91600 kB
Cached:           877720 kB
MemTotal:        1844596 kB
MemFree:          495568 kB
MemAvailable:    1445644 kB
Buffers:           91600 kB
Cached:           877720 kB
MemTotal:        1844596 kB
MemFree:          497000 kB
MemAvailable:    1447076 kB
Buffers:           91600 kB
Cached:           877720 kB
MemTotal:        1844596 kB
MemFree:          496800 kB
MemAvailable:    1446876 kB
Buffers:           91600 kB
Cached:           877720 kB
MemTotal:        1844596 kB
MemFree:          496884 kB
MemAvailable:    1446960 kB
Buffers:           91600 kB
Cached:           877720 kB
MemTotal:        1844596 kB
MemFree:          496824 kB
MemAvailable:    1446900 kB
Buffers:           91600 kB
Cached:           877720 kB
MemTotal:        1844596 kB
MemFree:          496804 kB
MemAvailable:    1446880 kB
Buffers:           91600 kB
Cached:           877720 kB
MemTotal:        1844596 kB
MemFree:          497056 kB
MemAvailable:    1447132 kB
Buffers:           91600 kB
Cached:           877720 kB
MemTotal:        1844596 kB
MemFree:          495408 kB
MemAvailable:    1445484 kB
Buffers:           91600 kB
Cached:           877720 kB
MemTotal:        1844596 kB
MemFree:          496648 kB
MemAvailable:    1446724 kB
Buffers:           91600 kB
Cached:           877720 kB
MemTotal:        1844596 kB
MemFree:          496816 kB
MemAvailable:    1446892 kB
Buffers:           91600 kB
Cached:           877720 kB
MemTotal:        1844596 kB
MemFree:          496696 kB
MemAvailable:    1446772 kB
Buffers:           91600 kB
Cached:           877720 kB
MemTotal:        1844596 kB
MemFree:          496948 kB
MemAvailable:    1447024 kB
Buffers:           91600 kB
Cached:           877720 kB
MemTotal:        1844596 kB
MemFree:          495420 kB
MemAvailable:    1445496 kB
Buffers:           91600 kB
Cached:           877720 kB
MemTotal:        1844596 kB
MemFree:          495412 kB
MemAvailable:    1445488 kB
Buffers:           91600 kB
Cached:           877720 kB
MemTotal:        1844596 kB
MemFree:          496944 kB
MemAvailable:    1447020 kB
Buffers:           91600 kB
Cached:           877720 kB
MemTotal:        1844596 kB
MemFree:          496704 kB
MemAvailable:    1446780 kB
Buffers:           91600 kB
Cached:           877720 kB
MemTotal:        1844596 kB
MemFree:          496956 kB
MemAvailable:    1447032 kB
Buffers:           91600 kB
Cached:           877720 kB
MemTotal:        1844596 kB
MemFree:          495648 kB
MemAvailable:    1445724 kB
Buffers:           91600 kB
Cached:           877720 kB
MemTotal:        1844596 kB
MemFree:          495332 kB
MemAvailable:    1445408 kB
Buffers:           91600 kB
Cached:           877720 kB
MemTotal:        1844596 kB
MemFree:          495588 kB
MemAvailable:    1445664 kB
Buffers:           91600 kB
Cached:           877720 kB
MemTotal:        1844596 kB
MemFree:          494348 kB
MemAvailable:    1444424 kB
Buffers:           91600 kB
Cached:           877720 kB
MemTotal:        1844596 kB
MemFree:          495500 kB
MemAvailable:    1445576 kB
Buffers:           91600 kB
Cached:           877720 kB
MemTotal:        1844596 kB
MemFree:          490884 kB
MemAvailable:    1440960 kB
Buffers:           91600 kB
Cached:           877720 kB
MemTotal:        1844596 kB
MemFree:          489148 kB
MemAvailable:    1439224 kB
Buffers:           91600 kB
Cached:           877720 kB
MemTotal:        1844596 kB
MemFree:          485984 kB
MemAvailable:    1436060 kB
Buffers:           91600 kB
Cached:           877720 kB
MemTotal:        1844596 kB
MemFree:          483072 kB
MemAvailable:    1433148 kB
Buffers:           91600 kB
Cached:           877720 kB
MemTotal:        1844596 kB
MemFree:          480652 kB
MemAvailable:    1430728 kB
Buffers:           91600 kB
Cached:           877720 kB
MemTotal:        1844596 kB
MemFree:          477120 kB
MemAvailable:    1427196 kB
Buffers:           91600 kB
Cached:           877720 kB
MemTotal:        1844596 kB
MemFree:          477360 kB
MemAvailable:    1427436 kB
Buffers:           91600 kB
Cached:           877720 kB
MemTotal:        1844596 kB
MemFree:          477120 kB
MemAvailable:    1427196 kB
Buffers:           91600 kB
Cached:           877720 kB
MemTotal:        1844596 kB
MemFree:          478420 kB
MemAvailable:    1428496 kB
Buffers:           91600 kB
Cached:           877720 kB
MemTotal:        1844596 kB
MemFree:          476988 kB
MemAvailable:    1427064 kB
Buffers:           91600 kB
Cached:           877720 kB
MemTotal:        1844596 kB
MemFree:          476996 kB
MemAvailable:    1427076 kB
Buffers:           91600 kB
Cached:           877724 kB
MemTotal:        1844596 kB
MemFree:          478016 kB
MemAvailable:    1428096 kB
Buffers:           91600 kB
Cached:           877724 kB
MemTotal:        1844596 kB
MemFree:          477988 kB
MemAvailable:    1428068 kB
Buffers:           91600 kB
Cached:           877724 kB
MemTotal:        1844596 kB
MemFree:          477960 kB
MemAvailable:    1428040 kB
Buffers:           91600 kB
Cached:           877724 kB
MemTotal:        1844596 kB
MemFree:          477068 kB
MemAvailable:    1427148 kB
Buffers:           91600 kB
Cached:           877724 kB
MemTotal:        1844596 kB
MemFree:          478040 kB
MemAvailable:    1428120 kB
Buffers:           91600 kB
Cached:           877724 kB
MemTotal:        1844596 kB
MemFree:          478172 kB
MemAvailable:    1428252 kB
Buffers:           91600 kB
Cached:           877724 kB
MemTotal:        1844596 kB
MemFree:          477544 kB
MemAvailable:    1427624 kB
Buffers:           91600 kB
Cached:           877724 kB
MemTotal:        1844596 kB
MemFree:          477280 kB
MemAvailable:    1427360 kB
Buffers:           91600 kB
Cached:           877724 kB
MemTotal:        1844596 kB
MemFree:          476508 kB
MemAvailable:    1426588 kB
Buffers:           91600 kB
Cached:           877724 kB
MemTotal:        1844596 kB
MemFree:          477112 kB
MemAvailable:    1427192 kB
Buffers:           91600 kB
Cached:           877724 kB
MemTotal:        1844596 kB
MemFree:          477368 kB
MemAvailable:    1427448 kB
Buffers:           91600 kB
Cached:           877724 kB
MemTotal:        1844596 kB
MemFree:          477172 kB
MemAvailable:    1427252 kB
Buffers:           91600 kB
Cached:           877724 kB
MemTotal:        1844596 kB
MemFree:          477304 kB
MemAvailable:    1427384 kB
Buffers:           91600 kB
Cached:           877724 kB
MemTotal:        1844596 kB
MemFree:          477256 kB
MemAvailable:    1427336 kB
Buffers:           91600 kB
Cached:           877724 kB
MemTotal:        1844596 kB
MemFree:          475992 kB
MemAvailable:    1426072 kB
Buffers:           91600 kB
Cached:           877724 kB
MemTotal:        1844596 kB
MemFree:          476116 kB
MemAvailable:    1426196 kB
Buffers:           91600 kB
Cached:           877724 kB
MemTotal:        1844596 kB
MemFree:          476088 kB
MemAvailable:    1426168 kB
Buffers:           91600 kB
Cached:           877724 kB
MemTotal:        1844596 kB
MemFree:          476500 kB
MemAvailable:    1426580 kB
Buffers:           91600 kB
Cached:           877724 kB
MemTotal:        1844596 kB
MemFree:          477100 kB
MemAvailable:    1427180 kB
Buffers:           91600 kB
Cached:           877724 kB
MemTotal:        1844596 kB
MemFree:          477356 kB
MemAvailable:    1427436 kB
Buffers:           91600 kB
Cached:           877724 kB
MemTotal:        1844596 kB
MemFree:          477088 kB
MemAvailable:    1427168 kB
Buffers:           91600 kB
Cached:           877724 kB
MemTotal:        1844596 kB
MemFree:          477340 kB
MemAvailable:    1427420 kB
Buffers:           91600 kB
Cached:           877724 kB
MemTotal:        1844596 kB
MemFree:          477232 kB
MemAvailable:    1427312 kB
Buffers:           91600 kB
Cached:           877724 kB
MemTotal:        1844596 kB
MemFree:          477212 kB
MemAvailable:    1427292 kB
Buffers:           91600 kB
Cached:           877724 kB
MemTotal:        1844596 kB
MemFree:          477464 kB
MemAvailable:    1427544 kB
Buffers:           91600 kB
Cached:           877724 kB
MemTotal:        1844596 kB
MemFree:          475948 kB
MemAvailable:    1426028 kB
Buffers:           91600 kB
Cached:           877724 kB
MemTotal:        1844596 kB
MemFree:          475808 kB
MemAvailable:    1425888 kB
Buffers:           91600 kB
Cached:           877724 kB
MemTotal:        1844596 kB
MemFree:          475568 kB
MemAvailable:    1425648 kB
Buffers:           91600 kB
Cached:           877724 kB
MemTotal:        1844596 kB
MemFree:          472328 kB
MemAvailable:    1422408 kB
Buffers:           91600 kB
Cached:           877724 kB
MemTotal:        1844596 kB
MemFree:          470360 kB
MemAvailable:    1420440 kB
Buffers:           91600 kB
Cached:           877724 kB
MemTotal:        1844596 kB
MemFree:          467952 kB
MemAvailable:    1418032 kB
Buffers:           91600 kB
Cached:           877724 kB
MemTotal:        1844596 kB
MemFree:          465796 kB
MemAvailable:    1415876 kB
Buffers:           91600 kB
Cached:           877724 kB
MemTotal:        1844596 kB
MemFree:          463356 kB
MemAvailable:    1413436 kB
Buffers:           91600 kB
Cached:           877724 kB
MemTotal:        1844596 kB
MemFree:          462048 kB
MemAvailable:    1412128 kB
Buffers:           91600 kB
Cached:           877724 kB
MemTotal:        1844596 kB
MemFree:          460132 kB
MemAvailable:    1410212 kB
Buffers:           91600 kB
Cached:           877724 kB
MemTotal:        1844596 kB
MemFree:          459036 kB
MemAvailable:    1409116 kB
Buffers:           91600 kB
Cached:           877724 kB
MemTotal:        1844596 kB
MemFree:          457776 kB
MemAvailable:    1407856 kB
Buffers:           91600 kB
Cached:           877724 kB
MemTotal:        1844596 kB
MemFree:          459016 kB
MemAvailable:    1409096 kB
Buffers:           91600 kB
Cached:           877724 kB
MemTotal:        1844596 kB
MemFree:          458896 kB
MemAvailable:    1408976 kB
Buffers:           91600 kB
Cached:           877724 kB
MemTotal:        1844596 kB
MemFree:          459000 kB
MemAvailable:    1409080 kB
Buffers:           91600 kB
Cached:           877724 kB
MemTotal:        1844596 kB
MemFree:          459000 kB
MemAvailable:    1409080 kB
Buffers:           91600 kB
Cached:           877724 kB
MemTotal:        1844596 kB
MemFree:          458896 kB
MemAvailable:    1408976 kB
Buffers:           91600 kB
Cached:           877724 kB
MemTotal:        1844596 kB
MemFree:          459172 kB
MemAvailable:    1409252 kB
Buffers:           91600 kB
Cached:           877724 kB
MemTotal:        1844596 kB
MemFree:          459080 kB
MemAvailable:    1409160 kB
Buffers:           91600 kB
Cached:           877724 kB
MemTotal:        1844596 kB
MemFree:          458936 kB
MemAvailable:    1409016 kB
Buffers:           91600 kB
Cached:           877724 kB
MemTotal:        1844596 kB
MemFree:          458280 kB
MemAvailable:    1408360 kB
Buffers:           91600 kB
Cached:           877724 kB
MemTotal:        1844596 kB
MemFree:          458752 kB
MemAvailable:    1408832 kB
Buffers:           91600 kB
Cached:           877724 kB
MemTotal:        1844596 kB
MemFree:          459088 kB
MemAvailable:    1409168 kB
Buffers:           91600 kB
Cached:           877724 kB
MemTotal:        1844596 kB
MemFree:          457644 kB
MemAvailable:    1407724 kB
Buffers:           91600 kB
Cached:           877724 kB
MemTotal:        1844596 kB
MemFree:          458884 kB
MemAvailable:    1408964 kB
Buffers:           91600 kB
Cached:           877724 kB
MemTotal:        1844596 kB
MemFree:          459220 kB
MemAvailable:    1409300 kB
Buffers:           91600 kB
Cached:           877724 kB
MemTotal:        1844596 kB
MemFree:          458828 kB
MemAvailable:    1408908 kB
Buffers:           91600 kB
Cached:           877724 kB
MemTotal:        1844596 kB
MemFree:          459080 kB
MemAvailable:    1409160 kB
Buffers:           91600 kB
Cached:           877724 kB
MemTotal:        1844596 kB
MemFree:          458932 kB
MemAvailable:    1409012 kB
Buffers:           91600 kB
Cached:           877724 kB
MemTotal:        1844596 kB
MemFree:          459060 kB
MemAvailable:    1409140 kB
Buffers:           91600 kB
Cached:           877724 kB
MemTotal:        1844596 kB
MemFree:          457752 kB
MemAvailable:    1407832 kB
Buffers:           91600 kB
Cached:           877724 kB
MemTotal:        1844596 kB
MemFree:          458928 kB
MemAvailable:    1409008 kB
Buffers:           91600 kB
Cached:           877724 kB
MemTotal:        1844596 kB
MemFree:          459048 kB
MemAvailable:    1409128 kB
Buffers:           91600 kB
Cached:           877724 kB
MemTotal:        1844596 kB
MemFree:          458976 kB
MemAvailable:    1409056 kB
Buffers:           91600 kB
Cached:           877724 kB
MemTotal:        1844596 kB
MemFree:          458280 kB
MemAvailable:    1408360 kB
Buffers:           91600 kB
Cached:           877724 kB
MemTotal:        1844596 kB
MemFree:          458752 kB
MemAvailable:    1408832 kB
Buffers:           91600 kB
Cached:           877724 kB
MemTotal:        1844596 kB
MemFree:          459088 kB
MemAvailable:    1409168 kB
Buffers:           91600 kB
Cached:           877724 kB
MemTotal:        1844596 kB
MemFree:          459060 kB
MemAvailable:    1409140 kB
Buffers:           91600 kB
Cached:           877724 kB
MemTotal:        1844596 kB
MemFree:          458272 kB
MemAvailable:    1408352 kB
Buffers:           91600 kB
Cached:           877724 kB
MemTotal:        1844596 kB
MemFree:          458976 kB
MemAvailable:    1409056 kB
Buffers:           91600 kB
Cached:           877724 kB
MemTotal:        1844596 kB
MemFree:          457776 kB
MemAvailable:    1407856 kB
Buffers:           91600 kB
Cached:           877724 kB
MemTotal:        1844596 kB
MemFree:          457652 kB
MemAvailable:    1407732 kB
Buffers:           91600 kB
Cached:           877724 kB
MemTotal:        1844596 kB
MemFree:          457652 kB
MemAvailable:    1407732 kB
Buffers:           91600 kB
Cached:           877724 kB
MemTotal:        1844596 kB
MemFree:          458836 kB
MemAvailable:    1408916 kB
Buffers:           91600 kB
Cached:           877724 kB
MemTotal:        1844596 kB
MemFree:          459088 kB
MemAvailable:    1409168 kB
Buffers:           91600 kB
Cached:           877724 kB
MemTotal:        1844596 kB
MemFree:          458148 kB
MemAvailable:    1408228 kB
Buffers:           91600 kB
Cached:           877724 kB
MemTotal:        1844596 kB
MemFree:          454552 kB
MemAvailable:    1404632 kB
Buffers:           91600 kB
Cached:           877724 kB
MemTotal:        1844596 kB
MemFree:          450832 kB
MemAvailable:    1400912 kB
Buffers:           91600 kB
Cached:           877724 kB
MemTotal:        1844596 kB
MemFree:          448140 kB
MemAvailable:    1398232 kB
Buffers:           91600 kB
Cached:           877736 kB
MemTotal:        1844596 kB
MemFree:          445500 kB
MemAvailable:    1395592 kB
Buffers:           91600 kB
Cached:           877736 kB
MemTotal:        1844596 kB
MemFree:          440664 kB
MemAvailable:    1390756 kB
Buffers:           91600 kB
Cached:           877736 kB
MemTotal:        1844596 kB
MemFree:          440664 kB
MemAvailable:    1390756 kB
Buffers:           91600 kB
Cached:           877736 kB
MemTotal:        1844596 kB
MemFree:          440664 kB
MemAvailable:    1390756 kB
Buffers:           91600 kB
Cached:           877736 kB
MemTotal:        1844596 kB
MemFree:          440168 kB
MemAvailable:    1390260 kB
Buffers:           91600 kB
Cached:           877736 kB
MemTotal:        1844596 kB
MemFree:          440780 kB
MemAvailable:    1390872 kB
Buffers:           91600 kB
Cached:           877736 kB
MemTotal:        1844596 kB
MemFree:          439424 kB
MemAvailable:    1389516 kB
Buffers:           91600 kB
Cached:           877736 kB
MemTotal:        1844596 kB
MemFree:          439424 kB
MemAvailable:    1389516 kB
Buffers:           91600 kB
Cached:           877736 kB
MemTotal:        1844596 kB
MemFree:          440532 kB
MemAvailable:    1390624 kB
Buffers:           91600 kB
Cached:           877736 kB
MemTotal:        1844596 kB
MemFree:          439416 kB
MemAvailable:    1389508 kB
Buffers:           91600 kB
Cached:           877736 kB
MemTotal:        1844596 kB
MemFree:          439044 kB
MemAvailable:    1389136 kB
Buffers:           91600 kB
Cached:           877736 kB
MemTotal:        1844596 kB
MemFree:          438928 kB
MemAvailable:    1389020 kB
Buffers:           91600 kB
Cached:           877736 kB
MemTotal:        1844596 kB
MemFree:          438928 kB
MemAvailable:    1389020 kB
Buffers:           91600 kB
Cached:           877736 kB
MemTotal:        1844596 kB
MemFree:          438928 kB
MemAvailable:    1389020 kB
Buffers:           91600 kB
Cached:           877736 kB
MemTotal:        1844596 kB
MemFree:          438556 kB
MemAvailable:    1388648 kB
Buffers:           91600 kB
Cached:           877736 kB
MemTotal:        1844596 kB
MemFree:          438052 kB
MemAvailable:    1388144 kB
Buffers:           91600 kB
Cached:           877736 kB
MemTotal:        1844596 kB
MemFree:          438664 kB
MemAvailable:    1388756 kB
Buffers:           91600 kB
Cached:           877736 kB
MemTotal:        1844596 kB
MemFree:          438556 kB
MemAvailable:    1388648 kB
Buffers:           91600 kB
Cached:           877736 kB
MemTotal:        1844596 kB
MemFree:          437632 kB
MemAvailable:    1387724 kB
Buffers:           91600 kB
Cached:           877736 kB
MemTotal:        1844596 kB
MemFree:          437740 kB
MemAvailable:    1387832 kB
Buffers:           91600 kB
Cached:           877736 kB
MemTotal:        1844596 kB
MemFree:          436440 kB
MemAvailable:    1386532 kB
Buffers:           91600 kB
Cached:           877736 kB
MemTotal:        1844596 kB
MemFree:          436688 kB
MemAvailable:    1386780 kB
Buffers:           91600 kB
Cached:           877736 kB
MemTotal:        1844596 kB
MemFree:          436820 kB
MemAvailable:    1386912 kB
Buffers:           91600 kB
Cached:           877736 kB
MemTotal:        1844596 kB
MemFree:          434216 kB
MemAvailable:    1384308 kB
Buffers:           91600 kB
Cached:           877736 kB
MemTotal:        1844596 kB
MemFree:          433844 kB
MemAvailable:    1383936 kB
Buffers:           91600 kB
Cached:           877736 kB
MemTotal:        1844596 kB
MemFree:          434588 kB
MemAvailable:    1384680 kB
Buffers:           91600 kB
Cached:           877736 kB
MemTotal:        1844596 kB
MemFree:          434524 kB
MemAvailable:    1384616 kB
Buffers:           91600 kB
Cached:           877736 kB
MemTotal:        1844596 kB
MemFree:          434588 kB
MemAvailable:    1384680 kB
Buffers:           91600 kB
Cached:           877736 kB
MemTotal:        1844596 kB
MemFree:          433176 kB
MemAvailable:    1383268 kB
Buffers:           91600 kB
Cached:           877736 kB
MemTotal:        1844596 kB
MemFree:          433176 kB
MemAvailable:    1383268 kB
Buffers:           91600 kB
Cached:           877736 kB
MemTotal:        1844596 kB
MemFree:          434452 kB
MemAvailable:    1384544 kB
Buffers:           91600 kB
Cached:           877736 kB
MemTotal:        1844596 kB
MemFree:          434528 kB
MemAvailable:    1384620 kB
Buffers:           91600 kB
Cached:           877736 kB
MemTotal:        1844596 kB
MemFree:          432852 kB
MemAvailable:    1382944 kB
Buffers:           91600 kB
Cached:           877736 kB
MemTotal:        1844596 kB
MemFree:          432864 kB
MemAvailable:    1382956 kB
Buffers:           91600 kB
Cached:           877736 kB
MemTotal:        1844596 kB
MemFree:          432660 kB
MemAvailable:    1382752 kB
Buffers:           91600 kB
Cached:           877736 kB
MemTotal:        1844596 kB
MemFree:          432480 kB
MemAvailable:    1382572 kB
Buffers:           91600 kB
Cached:           877736 kB
MemTotal:        1844596 kB
MemFree:          432840 kB
MemAvailable:    1382932 kB
Buffers:           91600 kB
Cached:           877736 kB
MemTotal:        1844596 kB
MemFree:          431552 kB
MemAvailable:    1381644 kB
Buffers:           91600 kB
Cached:           877736 kB
MemTotal:        1844596 kB
MemFree:          432952 kB
MemAvailable:    1383044 kB
Buffers:           91600 kB
Cached:           877736 kB
MemTotal:        1844596 kB
MemFree:          432712 kB
MemAvailable:    1382804 kB
Buffers:           91600 kB
Cached:           877736 kB
MemTotal:        1844596 kB
MemFree:          432356 kB
MemAvailable:    1382448 kB
Buffers:           91600 kB
Cached:           877736 kB
MemTotal:        1844596 kB
MemFree:          431680 kB
MemAvailable:    1381772 kB
Buffers:           91600 kB
Cached:           877736 kB
MemTotal:        1844596 kB
MemFree:          431804 kB
MemAvailable:    1381896 kB
Buffers:           91600 kB
Cached:           877736 kB
MemTotal:        1844596 kB
MemFree:          432656 kB
MemAvailable:    1382748 kB
Buffers:           91600 kB
Cached:           877736 kB
MemTotal:        1844596 kB
MemFree:          432604 kB
MemAvailable:    1382696 kB
Buffers:           91600 kB
Cached:           877736 kB
MemTotal:        1844596 kB
MemFree:          431680 kB
MemAvailable:    1381772 kB
Buffers:           91600 kB
Cached:           877736 kB
MemTotal:        1844596 kB
MemFree:          431548 kB
MemAvailable:    1381640 kB
Buffers:           91600 kB
Cached:           877736 kB
MemTotal:        1844596 kB
MemFree:          431556 kB
MemAvailable:    1381648 kB
Buffers:           91600 kB
Cached:           877736 kB
MemTotal:        1844596 kB
MemFree:          432664 kB
MemAvailable:    1382756 kB
Buffers:           91600 kB
Cached:           877736 kB
MemTotal:        1844596 kB
MemFree:          432916 kB
MemAvailable:    1383008 kB
Buffers:           91600 kB
Cached:           877736 kB
MemTotal:        1844596 kB
MemFree:          431440 kB
MemAvailable:    1381532 kB
Buffers:           91600 kB
Cached:           877736 kB
MemTotal:        1844596 kB
MemFree:          432720 kB
MemAvailable:    1382812 kB
Buffers:           91600 kB
Cached:           877736 kB
MemTotal:        1844596 kB
MemFree:          432972 kB
MemAvailable:    1383064 kB
Buffers:           91600 kB
Cached:           877736 kB
MemTotal:        1844596 kB
MemFree:          432596 kB
MemAvailable:    1382688 kB
Buffers:           91600 kB
Cached:           877736 kB
MemTotal:        1844596 kB
MemFree:          432836 kB
MemAvailable:    1382928 kB
Buffers:           91600 kB
Cached:           877736 kB
MemTotal:        1844596 kB
MemFree:          432728 kB
MemAvailable:    1382820 kB
Buffers:           91600 kB
Cached:           877736 kB
MemTotal:        1844596 kB
MemFree:          432532 kB
MemAvailable:    1382624 kB
Buffers:           91600 kB
Cached:           877736 kB
MemTotal:        1844596 kB
MemFree:          432868 kB
MemAvailable:    1382960 kB
Buffers:           91600 kB
Cached:           877736 kB
MemTotal:        1844596 kB
MemFree:          432652 kB
MemAvailable:    1382744 kB
Buffers:           91600 kB
Cached:           877736 kB
MemTotal:        1844596 kB
MemFree:          432736 kB
MemAvailable:    1382828 kB
Buffers:           91600 kB
Cached:           877736 kB
MemTotal:        1844596 kB
MemFree:          432588 kB
MemAvailable:    1382680 kB
Buffers:           91600 kB
Cached:           877736 kB
MemTotal:        1844596 kB
MemFree:          431588 kB
MemAvailable:    1381680 kB
Buffers:           91600 kB
Cached:           877736 kB
MemTotal:        1844596 kB
MemFree:          432696 kB
MemAvailable:    1382788 kB
Buffers:           91600 kB
Cached:           877736 kB
MemTotal:        1844596 kB
MemFree:          432780 kB
MemAvailable:    1382872 kB
Buffers:           91600 kB
Cached:           877736 kB
MemTotal:        1844596 kB
MemFree:          432732 kB
MemAvailable:    1382824 kB
Buffers:           91600 kB
Cached:           877736 kB
MemTotal:        1844596 kB
MemFree:          432720 kB
MemAvailable:    1382812 kB
Buffers:           91600 kB
Cached:           877736 kB
MemTotal:        1844596 kB
MemFree:          432720 kB
MemAvailable:    1382812 kB
Buffers:           91600 kB
Cached:           877736 kB
MemTotal:        1844596 kB
MemFree:          431436 kB
MemAvailable:    1381528 kB
Buffers:           91600 kB
Cached:           877736 kB
MemTotal:        1844596 kB
MemFree:          432764 kB
MemAvailable:    1382860 kB
Buffers:           91600 kB
Cached:           877740 kB
MemTotal:        1844596 kB
MemFree:          432764 kB
MemAvailable:    1382860 kB
Buffers:           91600 kB
Cached:           877740 kB
MemTotal:        1844596 kB
MemFree:          431604 kB
MemAvailable:    1381704 kB
Buffers:           91600 kB
Cached:           877744 kB
MemTotal:        1844596 kB
MemFree:          431944 kB
MemAvailable:    1382044 kB
Buffers:           91600 kB
Cached:           877744 kB
MemTotal:        1844596 kB
MemFree:          431688 kB
MemAvailable:    1381788 kB
Buffers:           91600 kB
Cached:           877744 kB
MemTotal:        1844596 kB
MemFree:          431612 kB
MemAvailable:    1381712 kB
Buffers:           91600 kB
Cached:           877744 kB
MemTotal:        1844596 kB
MemFree:          432216 kB
MemAvailable:    1382316 kB
Buffers:           91600 kB
Cached:           877744 kB
MemTotal:        1844596 kB
MemFree:          431560 kB
MemAvailable:    1381660 kB
Buffers:           91600 kB
Cached:           877744 kB
MemTotal:        1844596 kB
MemFree:          428248 kB
MemAvailable:    1378348 kB
Buffers:           91600 kB
Cached:           877744 kB
MemTotal:        1844596 kB
MemFree:          428336 kB
MemAvailable:    1378436 kB
Buffers:           91600 kB
Cached:           877744 kB
MemTotal:        1844596 kB
MemFree:          422924 kB
MemAvailable:    1373024 kB
Buffers:           91600 kB
Cached:           877744 kB
MemTotal:        1844596 kB
MemFree:          422568 kB
MemAvailable:    1372668 kB
Buffers:           91600 kB
Cached:           877744 kB
MemTotal:        1844596 kB
MemFree:          418884 kB
MemAvailable:    1368984 kB
Buffers:           91600 kB
Cached:           877744 kB
MemTotal:        1844596 kB
MemFree:          415368 kB
MemAvailable:    1365468 kB
Buffers:           91600 kB
Cached:           877744 kB
MemTotal:        1844596 kB
MemFree:          413384 kB
MemAvailable:    1363484 kB
Buffers:           91600 kB
Cached:           877744 kB
MemTotal:        1844596 kB
MemFree:          413244 kB
MemAvailable:    1363344 kB
Buffers:           91600 kB
Cached:           877744 kB
MemTotal:        1844596 kB
MemFree:          413496 kB
MemAvailable:    1363596 kB
Buffers:           91600 kB
Cached:           877744 kB
MemTotal:        1844596 kB
MemFree:          413372 kB
MemAvailable:    1363472 kB
Buffers:           91600 kB
Cached:           877744 kB
MemTotal:        1844596 kB
MemFree:          413260 kB
MemAvailable:    1363360 kB
Buffers:           91600 kB
Cached:           877744 kB
MemTotal:        1844596 kB
MemFree:          412648 kB
MemAvailable:    1362748 kB
Buffers:           91600 kB
Cached:           877744 kB
MemTotal:        1844596 kB
MemFree:          413140 kB
MemAvailable:    1363240 kB
Buffers:           91600 kB
Cached:           877744 kB
MemTotal:        1844596 kB
MemFree:          412096 kB
MemAvailable:    1362196 kB
Buffers:           91600 kB
Cached:           877744 kB
MemTotal:        1844596 kB
MemFree:          412096 kB
MemAvailable:    1362196 kB
Buffers:           91600 kB
Cached:           877744 kB
MemTotal:        1844596 kB
MemFree:          413412 kB
MemAvailable:    1363512 kB
Buffers:           91600 kB
Cached:           877744 kB
MemTotal:        1844596 kB
MemFree:          412144 kB
MemAvailable:    1362248 kB
Buffers:           91600 kB
Cached:           877748 kB
MemTotal:        1844596 kB
MemFree:          413404 kB
MemAvailable:    1363508 kB
Buffers:           91600 kB
Cached:           877748 kB
MemTotal:        1844596 kB
MemFree:          413148 kB
MemAvailable:    1363252 kB
Buffers:           91600 kB
Cached:           877748 kB
MemTotal:        1844596 kB
MemFree:          412144 kB
MemAvailable:    1362248 kB
Buffers:           91600 kB
Cached:           877748 kB
MemTotal:        1844596 kB
MemFree:          413368 kB
MemAvailable:    1363472 kB
Buffers:           91600 kB
Cached:           877748 kB
MemTotal:        1844596 kB
MemFree:          412988 kB
MemAvailable:    1363092 kB
Buffers:           91600 kB
Cached:           877748 kB
MemTotal:        1844596 kB
MemFree:          412988 kB
MemAvailable:    1363092 kB
Buffers:           91600 kB
Cached:           877748 kB
MemTotal:        1844596 kB
MemFree:          412832 kB
MemAvailable:    1362936 kB
Buffers:           91600 kB
Cached:           877748 kB
MemTotal:        1844596 kB
MemFree:          411584 kB
MemAvailable:    1361688 kB
Buffers:           91600 kB
Cached:           877748 kB
MemTotal:        1844596 kB
MemFree:          412992 kB
MemAvailable:    1363096 kB
Buffers:           91600 kB
Cached:           877748 kB
MemTotal:        1844596 kB
MemFree:          412772 kB
MemAvailable:    1362876 kB
Buffers:           91600 kB
Cached:           877748 kB
MemTotal:        1844596 kB
MemFree:          412808 kB
MemAvailable:    1362912 kB
Buffers:           91600 kB
Cached:           877748 kB
MemTotal:        1844596 kB
MemFree:          413072 kB
MemAvailable:    1363176 kB
Buffers:           91600 kB
Cached:           877748 kB
MemTotal:        1844596 kB
MemFree:          412900 kB
MemAvailable:    1363004 kB
Buffers:           91600 kB
Cached:           877748 kB
MemTotal:        1844596 kB
MemFree:          411592 kB
MemAvailable:    1361696 kB
Buffers:           91600 kB
Cached:           877748 kB
MemTotal:        1844596 kB
MemFree:          411460 kB
MemAvailable:    1361564 kB
Buffers:           91600 kB
Cached:           877748 kB
MemTotal:        1844596 kB
MemFree:          411996 kB
MemAvailable:    1362100 kB
Buffers:           91600 kB
Cached:           877748 kB
MemTotal:        1844596 kB
MemFree:          411888 kB
MemAvailable:    1361992 kB
Buffers:           91600 kB
Cached:           877748 kB
MemTotal:        1844596 kB
MemFree:          403712 kB
MemAvailable:    1353816 kB
Buffers:           91600 kB
Cached:           877748 kB
MemTotal:        1844596 kB
MemFree:          403808 kB
MemAvailable:    1353912 kB
Buffers:           91600 kB
Cached:           877748 kB
MemTotal:        1844596 kB
MemFree:          402100 kB
MemAvailable:    1352204 kB
Buffers:           91600 kB
Cached:           877748 kB
MemTotal:        1844596 kB
MemFree:          403216 kB
MemAvailable:    1353320 kB
Buffers:           91600 kB
Cached:           877748 kB
MemTotal:        1844596 kB
MemFree:          401976 kB
MemAvailable:    1352080 kB
Buffers:           91600 kB
Cached:           877748 kB
MemTotal:        1844596 kB
MemFree:          402692 kB
MemAvailable:    1352796 kB
Buffers:           91600 kB
Cached:           877748 kB
MemTotal:        1844596 kB
MemFree:          402776 kB
MemAvailable:    1352880 kB
Buffers:           91600 kB
Cached:           877748 kB
MemTotal:        1844596 kB
MemFree:          401460 kB
MemAvailable:    1351564 kB
Buffers:           91600 kB
Cached:           877748 kB
MemTotal:        1844596 kB
MemFree:          402844 kB
MemAvailable:    1352948 kB
Buffers:           91600 kB
Cached:           877748 kB
MemTotal:        1844596 kB
MemFree:          401612 kB
MemAvailable:    1351716 kB
Buffers:           91600 kB
Cached:           877748 kB
MemTotal:        1844596 kB
MemFree:          402392 kB
MemAvailable:    1352500 kB
Buffers:           91600 kB
Cached:           877752 kB
MemTotal:        1844596 kB
MemFree:          400736 kB
MemAvailable:    1350844 kB
Buffers:           91600 kB
Cached:           877752 kB
MemTotal:        1844596 kB
MemFree:          401416 kB
MemAvailable:    1351692 kB
Buffers:           91600 kB
Cached:           878000 kB
MemTotal:        1844596 kB
MemFree:          401672 kB
MemAvailable:    1351948 kB
Buffers:           91600 kB
Cached:           878000 kB
MemTotal:        1844596 kB
MemFree:          400424 kB
MemAvailable:    1350784 kB
Buffers:           91600 kB
Cached:           878124 kB
MemTotal:        1844596 kB
MemFree:          400300 kB
MemAvailable:    1350828 kB
Buffers:           91600 kB
Cached:           878248 kB
MemTotal:        1844596 kB
MemFree:          401100 kB
MemAvailable:    1351796 kB
Buffers:           91600 kB
Cached:           878372 kB
MemTotal:        1844596 kB
MemFree:          401100 kB
MemAvailable:    1351796 kB
Buffers:           91600 kB
Cached:           878372 kB
MemTotal:        1844596 kB
MemFree:          400968 kB
MemAvailable:    1351664 kB
Buffers:           91600 kB
Cached:           878372 kB
MemTotal:        1844596 kB
MemFree:          400612 kB
MemAvailable:    1351308 kB
Buffers:           91600 kB
Cached:           878372 kB
MemTotal:        1844596 kB
MemFree:          401024 kB
MemAvailable:    1351720 kB
Buffers:           91600 kB
Cached:           878372 kB
MemTotal:        1844596 kB
MemFree:          400792 kB
MemAvailable:    1351488 kB
Buffers:           91600 kB
Cached:           878372 kB
MemTotal:        1844596 kB
MemFree:          401048 kB
MemAvailable:    1351744 kB
Buffers:           91600 kB
Cached:           878372 kB
MemTotal:        1844596 kB
MemFree:          399804 kB
MemAvailable:    1350500 kB
Buffers:           91600 kB
Cached:           878372 kB
MemTotal:        1844596 kB
MemFree:          399672 kB
MemAvailable:    1350368 kB
Buffers:           91600 kB
Cached:           878372 kB
MemTotal:        1844596 kB
MemFree:          400972 kB
MemAvailable:    1351752 kB
Buffers:           91600 kB
Cached:           878496 kB
MemTotal:        1844596 kB
MemFree:          400596 kB
MemAvailable:    1350704 kB
Buffers:           91600 kB
Cached:           877740 kB
MemTotal:        1844596 kB
MemFree:          401400 kB
MemAvailable:    1351508 kB
Buffers:           91600 kB
Cached:           877740 kB
MemTotal:        1844596 kB
MemFree:          469160 kB
MemAvailable:    1419352 kB
Buffers:           91600 kB
Cached:           877740 kB
MemTotal:        1844596 kB
MemFree:          594880 kB
MemAvailable:    1545072 kB
Buffers:           91600 kB
Cached:           877864 kB
