MemTotal:        1844596 kB
MemFree:          415512 kB
MemAvailable:    1540908 kB
Buffers:           85184 kB
Cached:          1076268 kB
MemTotal:        1844596 kB
MemFree:          388408 kB
MemAvailable:    1513808 kB
Buffers:           85184 kB
Cached:          1076272 kB
MemTotal:        1844596 kB
MemFree:          388472 kB
MemAvailable:    1513872 kB
Buffers:           85184 kB
Cached:          1076272 kB
MemTotal:        1844596 kB
MemFree:          386300 kB
MemAvailable:    1511700 kB
Buffers:           85184 kB
Cached:          1076272 kB
MemTotal:        1844596 kB
MemFree:          385084 kB
MemAvailable:    1510484 kB
Buffers:           85184 kB
Cached:          1076272 kB
MemTotal:        1844596 kB
MemFree:          383760 kB
MemAvailable:    1509160 kB
Buffers:           85184 kB
Cached:          1076272 kB
MemTotal:        1844596 kB
MemFree:          383572 kB
MemAvailable:    1508972 kB
Buffers:           85184 kB
Cached:          1076272 kB
MemTotal:        1844596 kB
MemFree:          380520 kB
MemAvailable:    1505924 kB
Buffers:           85184 kB
Cached:          1076272 kB
MemTotal:        1844596 kB
MemFree:          381092 kB
MemAvailable:    1506496 kB
Buffers:           85184 kB
Cached:          1076272 kB
MemTotal:        1844596 kB
MemFree:          377520 kB
MemAvailable:    1502924 kB
Buffers:           85184 kB
Cached:          1076272 kB
MemTotal:        1844596 kB
MemFree:          373600 kB
MemAvailable:    1499004 kB
Buffers:           85184 kB
Cached:          1076272 kB
MemTotal:        1844596 kB
MemFree:          374796 kB
MemAvailable:    1500200 kB
Buffers:           85184 kB
Cached:          1076272 kB
MemTotal:        1844596 kB
MemFree:          374948 kB
MemAvailable:    1500352 kB
Buffers:           85184 kB
Cached:          1076272 kB
MemTotal:        1844596 kB
MemFree:          374832 kB
MemAvailable:    1500236 kB
Buffers:           85184 kB
Cached:          1076272 kB
MemTotal:        1844596 kB
MemFree:          374096 kB
MemAvailable:    1499500 kB
Buffers:           85184 kB
Cached:          1076272 kB
MemTotal:        1844596 kB
MemFree:          374652 kB
MemAvailable:    1500056 kB
Buffers:           85184 kB
Cached:          1076272 kB
MemTotal:        1844596 kB
MemFree:          374908 kB
MemAvailable:    1500312 kB
Buffers:           85184 kB
Cached:          1076272 kB
MemTotal:        1844596 kB
MemFree:          373280 kB
MemAvailable:    1498684 kB
Buffers:           85184 kB
Cached:          1076272 kB
MemTotal:        1844596 kB
MemFree:          373344 kB
MemAvailable:    1498748 kB
Buffers:           85184 kB
Cached:          1076272 kB
MemTotal:        1844596 kB
MemFree:          374024 kB
MemAvailable:    1499428 kB
Buffers:           85184 kB
Cached:          1076272 kB
MemTotal:        1844596 kB
MemFree:          374280 kB
MemAvailable:    1499684 kB
Buffers:           85184 kB
Cached:          1076272 kB
MemTotal:        1844596 kB
MemFree:          372820 kB
MemAvailable:    1498224 kB
Buffers:           85184 kB
Cached:          1076272 kB
MemTotal:        1844596 kB
MemFree:          374268 kB
MemAvailable:    1499672 kB
Buffers:           85184 kB
Cached:          1076272 kB
MemTotal:        1844596 kB
MemFree:          374116 kB
MemAvailable:    1499520 kB
Buffers:           85184 kB
Cached:          1076272 kB
MemTotal:        1844596 kB
MemFree:          372940 kB
MemAvailable:    1498344 kB
Buffers:           85184 kB
Cached:          1076272 kB
MemTotal:        1844596 kB
MemFree:          372476 kB
MemAvailable:    1497880 kB
Buffers:           85184 kB
Cached:          1076272 kB
MemTotal:        1844596 kB
MemFree:          373328 kB
MemAvailable:    1498732 kB
Buffers:           85184 kB
Cached:          1076272 kB
MemTotal:        1844596 kB
MemFree:          371832 kB
MemAvailable:    1497236 kB
Buffers:           85184 kB
Cached:          1076272 kB
MemTotal:        1844596 kB
MemFree:          372956 kB
MemAvailable:    1498360 kB
Buffers:           85184 kB
Cached:          1076272 kB
MemTotal:        1844596 kB
MemFree:          373156 kB
MemAvailable:    1498560 kB
Buffers:           85184 kB
Cached:          1076272 kB
MemTotal:        1844596 kB
MemFree:          372096 kB
MemAvailable:    1497500 kB
Buffers:           85184 kB
Cached:          1076272 kB
MemTotal:        1844596 kB
MemFree:          372180 kB
MemAvailable:    1497584 kB
Buffers:           85184 kB
Cached:          1076272 kB
MemTotal:        1844596 kB
MemFree:          371792 kB
MemAvailable:    1497196 kB
Buffers:           85184 kB
Cached:          1076272 kB
MemTotal:        1844596 kB
MemFree:          371732 kB
MemAvailable:    1497136 kB
Buffers:           85184 kB
Cached:          1076272 kB
MemTotal:        1844596 kB
MemFree:          371960 kB
MemAvailable:    1497364 kB
Buffers:           85184 kB
Cached:          1076272 kB
MemTotal:        1844596 kB
MemFree:          370988 kB
MemAvailable:    1496392 kB
Buffers:           85184 kB
Cached:          1076272 kB
MemTotal:        1844596 kB
MemFree:          372156 kB
MemAvailable:    1497560 kB
Buffers:           85184 kB
Cached:          1076272 kB
MemTotal:        1844596 kB
MemFree:          370864 kB
MemAvailable:    1496268 kB
Buffers:           85184 kB
Cached:          1076272 kB
MemTotal:        1844596 kB
MemFree:          371664 kB
MemAvailable:    1497068 kB
Buffers:           85184 kB
Cached:          1076272 kB
MemTotal:        1844596 kB
MemFree:          371916 kB
MemAvailable:    1497320 kB
Buffers:           85184 kB
Cached:          1076272 kB
MemTotal:        1844596 kB
MemFree:          371856 kB
MemAvailable:    1497260 kB
Buffers:           85184 kB
Cached:          1076272 kB
MemTotal:        1844596 kB
MemFree:          372984 kB
MemAvailable:    1498388 kB
Buffers:           85184 kB
Cached:          1076272 kB
MemTotal:        1844596 kB
MemFree:          370676 kB
MemAvailable:    1496080 kB
Buffers:           85184 kB
Cached:          1076272 kB
MemTotal:        1844596 kB
MemFree:          368136 kB
MemAvailable:    1493540 kB
Buffers:           85184 kB
Cached:          1076272 kB
MemTotal:        1844596 kB
MemFree:          367808 kB
MemAvailable:    1493212 kB
Buffers:           85184 kB
Cached:          1076272 kB
MemTotal:        1844596 kB
MemFree:          366632 kB
MemAvailable:    1492036 kB
Buffers:           85184 kB
Cached:          1076272 kB
MemTotal:        1844596 kB
MemFree:          367808 kB
MemAvailable:    1493212 kB
Buffers:           85184 kB
Cached:          1076272 kB
MemTotal:        1844596 kB
MemFree:          366904 kB
MemAvailable:    1492308 kB
Buffers:           85184 kB
Cached:          1076272 kB
MemTotal:        1844596 kB
MemFree:          367452 kB
MemAvailable:    1492856 kB
Buffers:           85184 kB
Cached:          1076272 kB
MemTotal:        1844596 kB
MemFree:          367536 kB
MemAvailable:    1492940 kB
Buffers:           85184 kB
Cached:          1076272 kB
MemTotal:        1844596 kB
MemFree:          367456 kB
MemAvailable:    1492860 kB
Buffers:           85184 kB
Cached:          1076272 kB
MemTotal:        1844596 kB
MemFree:          366400 kB
MemAvailable:    1491804 kB
Buffers:           85184 kB
Cached:          1076272 kB
MemTotal:        1844596 kB
MemFree:          367308 kB
MemAvailable:    1492712 kB
Buffers:           85184 kB
Cached:          1076272 kB
MemTotal:        1844596 kB
MemFree:          367152 kB
MemAvailable:    1492556 kB
Buffers:           85184 kB
Cached:          1076272 kB
MemTotal:        1844596 kB
MemFree:          367212 kB
MemAvailable:    1492616 kB
Buffers:           85184 kB
Cached:          1076272 kB
MemTotal:        1844596 kB
MemFree:          367344 kB
MemAvailable:    1492748 kB
Buffers:           85184 kB
Cached:          1076272 kB
MemTotal:        1844596 kB
MemFree:          367340 kB
MemAvailable:    1492744 kB
Buffers:           85184 kB
Cached:          1076272 kB
MemTotal:        1844596 kB
MemFree:          366524 kB
MemAvailable:    1491928 kB
Buffers:           85184 kB
Cached:          1076272 kB
MemTotal:        1844596 kB
MemFree:          367700 kB
MemAvailable:    1493104 kB
Buffers:           85184 kB
Cached:          1076272 kB
MemTotal:        1844596 kB
MemFree:          366400 kB
MemAvailable:    1491804 kB
Buffers:           85184 kB
Cached:          1076272 kB
MemTotal:        1844596 kB
MemFree:          366204 kB
MemAvailable:    1491608 kB
Buffers:           85184 kB
Cached:          1076272 kB
MemTotal:        1844596 kB
MemFree:          363184 kB
MemAvailable:    1488588 kB
Buffers:           85184 kB
Cached:          1076272 kB
MemTotal:        1844596 kB
MemFree:          361548 kB
MemAvailable:    1486952 kB
Buffers:           85184 kB
Cached:          1076272 kB
MemTotal:        1844596 kB
MemFree:          361688 kB
MemAvailable:    1487092 kB
Buffers:           85184 kB
Cached:          1076272 kB
MemTotal:        1844596 kB
MemFree:          361252 kB
MemAvailable:    1486656 kB
Buffers:           85184 kB
Cached:          1076272 kB
MemTotal:        1844596 kB
MemFree:          359564 kB
MemAvailable:    1484968 kB
Buffers:           85184 kB
Cached:          1076272 kB
MemTotal:        1844596 kB
MemFree:          359648 kB
MemAvailable:    1485052 kB
Buffers:           85184 kB
Cached:          1076272 kB
MemTotal:        1844596 kB
MemFree:          359268 kB
MemAvailable:    1484672 kB
Buffers:           85184 kB
Cached:          1076272 kB
MemTotal:        1844596 kB
MemFree:          358796 kB
MemAvailable:    1484200 kB
Buffers:           85184 kB
Cached:          1076272 kB
MemTotal:        1844596 kB
MemFree:          358772 kB
MemAvailable:    1484176 kB
Buffers:           85184 kB
Cached:          1076272 kB
MemTotal:        1844596 kB
MemFree:          358724 kB
MemAvailable:    1484128 kB
Buffers:           85184 kB
Cached:          1076272 kB
MemTotal:        1844596 kB
MemFree:          358568 kB
MemAvailable:    1483972 kB
Buffers:           85184 kB
Cached:          1076272 kB
MemTotal:        1844596 kB
MemFree:          358824 kB
MemAvailable:    1484228 kB
Buffers:           85184 kB
Cached:          1076272 kB
MemTotal:        1844596 kB
MemFree:          358580 kB
MemAvailable:    1483984 kB
Buffers:           85184 kB
Cached:          1076272 kB
MemTotal:        1844596 kB
MemFree:          357308 kB
MemAvailable:    1482712 kB
Buffers:           85184 kB
Cached:          1076272 kB
MemTotal:        1844596 kB
MemFree:          357596 kB
MemAvailable:    1483000 kB
Buffers:           85184 kB
Cached:          1076272 kB
MemTotal:        1844596 kB
MemFree:          358396 kB
MemAvailable:    1483800 kB
Buffers:           85184 kB
Cached:          1076272 kB
MemTotal:        1844596 kB
MemFree:          358732 kB
MemAvailable:    1484136 kB
Buffers:           85184 kB
Cached:          1076272 kB
MemTotal:        1844596 kB
MemFree:          358440 kB
MemAvailable:    1483844 kB
Buffers:           85184 kB
Cached:          1076272 kB
MemTotal:        1844596 kB
MemFree:          358696 kB
MemAvailable:    1484100 kB
Buffers:           85184 kB
Cached:          1076272 kB
MemTotal:        1844596 kB
MemFree:          357200 kB
MemAvailable:    1482604 kB
Buffers:           85184 kB
Cached:          1076272 kB
MemTotal:        1844596 kB
MemFree:          358300 kB
MemAvailable:    1483704 kB
Buffers:           85184 kB
Cached:          1076272 kB
MemTotal:        1844596 kB
MemFree:          358636 kB
MemAvailable:    1484040 kB
Buffers:           85184 kB
Cached:          1076272 kB
MemTotal:        1844596 kB
MemFree:          358168 kB
MemAvailable:    1483572 kB
Buffers:           85184 kB
Cached:          1076272 kB
MemTotal:        1844596 kB
MemFree:          358168 kB
MemAvailable:    1483572 kB
Buffers:           85184 kB
Cached:          1076272 kB
MemTotal:        1844596 kB
MemFree:          358128 kB
MemAvailable:    1483532 kB
Buffers:           85184 kB
Cached:          1076272 kB
MemTotal:        1844596 kB
MemFree:          357044 kB
MemAvailable:    1482448 kB
Buffers:           85184 kB
Cached:          1076272 kB
MemTotal:        1844596 kB
MemFree:          358344 kB
MemAvailable:    1483748 kB
Buffers:           85184 kB
Cached:          1076272 kB
MemTotal:        1844596 kB
MemFree:          358216 kB
MemAvailable:    1483632 kB
Buffers:           85184 kB
Cached:          1076284 kB
MemTotal:        1844596 kB
MemFree:          355364 kB
MemAvailable:    1480780 kB
Buffers:           85184 kB
Cached:          1076284 kB
MemTotal:        1844596 kB
MemFree:          352620 kB
MemAvailable:    1478036 kB
Buffers:           85184 kB
Cached:          1076284 kB
MemTotal:        1844596 kB
MemFree:          352264 kB
MemAvailable:    1477680 kB
Buffers:           85184 kB
Cached:          1076284 kB
MemTotal:        1844596 kB
MemFree:          349164 kB
MemAvailable:    1474580 kB
Buffers:           85184 kB
Cached:          1076284 kB
MemTotal:        1844596 kB
MemFree:          350216 kB
MemAvailable:    1475632 kB
Buffers:           85184 kB
Cached:          1076284 kB
MemTotal:        1844596 kB
MemFree:          349420 kB
MemAvailable:    1474836 kB
Buffers:           85184 kB
Cached:          1076284 kB
MemTotal:        1844596 kB
MemFree:          350032 kB
MemAvailable:    1475448 kB
Buffers:           85184 kB
Cached:          1076284 kB
MemTotal:        1844596 kB
MemFree:          348660 kB
MemAvailable:    1474076 kB
Buffers:           85184 kB
Cached:          1076284 kB
MemTotal:        1844596 kB
MemFree:          349768 kB
MemAvailable:    1475184 kB
Buffers:           85184 kB
Cached:          1076284 kB
MemTotal:        1844596 kB
MemFree:          349768 kB
MemAvailable:    1475184 kB
Buffers:           85184 kB
Cached:          1076284 kB
MemTotal:        1844596 kB
MemFree:          349520 kB
MemAvailable:    1474936 kB
Buffers:           85184 kB
Cached:          1076284 kB
MemTotal:        1844596 kB
MemFree:          349520 kB
MemAvailable:    1474936 kB
Buffers:           85184 kB
Cached:          1076284 kB
MemTotal:        1844596 kB
MemFree:          349564 kB
MemAvailable:    1474980 kB
Buffers:           85184 kB
Cached:          1076284 kB
MemTotal:        1844596 kB
MemFree:          348800 kB
MemAvailable:    1474216 kB
Buffers:           85184 kB
Cached:          1076284 kB
MemTotal:        1844596 kB
MemFree:          349660 kB
MemAvailable:    1475076 kB
Buffers:           85184 kB
Cached:          1076284 kB
MemTotal:        1844596 kB
MemFree:          349348 kB
MemAvailable:    1474764 kB
Buffers:           85184 kB
Cached:          1076284 kB
MemTotal:        1844596 kB
MemFree:          349684 kB
MemAvailable:    1475100 kB
Buffers:           85184 kB
Cached:          1076284 kB
MemTotal:        1844596 kB
MemFree:          349608 kB
MemAvailable:    1475024 kB
Buffers:           85184 kB
Cached:          1076284 kB
MemTotal:        1844596 kB
MemFree:          348792 kB
MemAvailable:    1474208 kB
Buffers:           85184 kB
Cached:          1076284 kB
MemTotal:        1844596 kB
MemFree:          349476 kB
MemAvailable:    1474892 kB
Buffers:           85184 kB
Cached:          1076284 kB
MemTotal:        1844596 kB
MemFree:          349668 kB
MemAvailable:    1475084 kB
Buffers:           85184 kB
Cached:          1076284 kB
MemTotal:        1844596 kB
MemFree:          349404 kB
MemAvailable:    1474820 kB
Buffers:           85184 kB
Cached:          1076284 kB
MemTotal:        1844596 kB
MemFree:          349660 kB
MemAvailable:    1475076 kB
Buffers:           85184 kB
Cached:          1076284 kB
MemTotal:        1844596 kB
MemFree:          348032 kB
MemAvailable:    1473448 kB
Buffers:           85184 kB
Cached:          1076284 kB
MemTotal:        1844596 kB
MemFree:          348124 kB
MemAvailable:    1473540 kB
Buffers:           85184 kB
Cached:          1076284 kB
MemTotal:        1844596 kB
MemFree:          348076 kB
MemAvailable:    1473492 kB
Buffers:           85184 kB
Cached:          1076284 kB
MemTotal:        1844596 kB
MemFree:          349972 kB
MemAvailable:    1475388 kB
Buffers:           85184 kB
Cached:          1076284 kB
MemTotal:        1844596 kB
MemFree:          348608 kB
MemAvailable:    1474024 kB
Buffers:           85184 kB
Cached:          1076284 kB
MemTotal:        1844596 kB
MemFree:          348352 kB
MemAvailable:    1473768 kB
Buffers:           85184 kB
Cached:          1076284 kB
MemTotal:        1844596 kB
MemFree:          349652 kB
MemAvailable:    1475068 kB
Buffers:           85184 kB
Cached:          1076284 kB
MemTotal:        1844596 kB
MemFree:          349584 kB
MemAvailable:    1475000 kB
Buffers:           85184 kB
Cached:          1076284 kB
MemTotal:        1844596 kB
MemFree:          349752 kB
MemAvailable:    1475168 kB
Buffers:           85184 kB
Cached:          1076284 kB
MemTotal:        1844596 kB
MemFree:          345924 kB
MemAvailable:    1471340 kB
Buffers:           85184 kB
Cached:          1076284 kB
MemTotal:        1844596 kB
MemFree:          345924 kB
MemAvailable:    1471340 kB
Buffers:           85184 kB
Cached:          1076284 kB
MemTotal:        1844596 kB
MemFree:          342344 kB
MemAvailable:    1467760 kB
Buffers:           85184 kB
Cached:          1076284 kB
MemTotal:        1844596 kB
MemFree:          339608 kB
MemAvailable:    1465024 kB
Buffers:           85184 kB
Cached:          1076284 kB
MemTotal:        1844596 kB
MemFree:          340724 kB
MemAvailable:    1466140 kB
Buffers:           85184 kB
Cached:          1076284 kB
MemTotal:        1844596 kB
MemFree:          340420 kB
MemAvailable:    1465836 kB
Buffers:           85184 kB
Cached:          1076284 kB
MemTotal:        1844596 kB
MemFree:          340048 kB
MemAvailable:    1465464 kB
Buffers:           85184 kB
Cached:          1076284 kB
MemTotal:        1844596 kB
MemFree:          339004 kB
MemAvailable:    1464420 kB
Buffers:           85184 kB
Cached:          1076284 kB
MemTotal:        1844596 kB
MemFree:          339368 kB
MemAvailable:    1464784 kB
Buffers:           85184 kB
Cached:          1076284 kB
MemTotal:        1844596 kB
MemFree:          338560 kB
MemAvailable:    1463976 kB
Buffers:           85184 kB
Cached:          1076284 kB
MemTotal:        1844596 kB
MemFree:          338312 kB
MemAvailable:    1463728 kB
Buffers:           85184 kB
Cached:          1076284 kB
MemTotal:        1844596 kB
MemFree:          336888 kB
MemAvailable:    1462304 kB
Buffers:           85184 kB
Cached:          1076284 kB
MemTotal:        1844596 kB
MemFree:          336756 kB
MemAvailable:    1462172 kB
Buffers:           85184 kB
Cached:          1076284 kB
MemTotal:        1844596 kB
MemFree:          336632 kB
MemAvailable:    1462048 kB
Buffers:           85184 kB
Cached:          1076284 kB
MemTotal:        1844596 kB
MemFree:          337872 kB
MemAvailable:    1463288 kB
Buffers:           85184 kB
Cached:          1076284 kB
MemTotal:        1844596 kB
MemFree:          336624 kB
MemAvailable:    1462040 kB
Buffers:           85184 kB
Cached:          1076284 kB
MemTotal:        1844596 kB
MemFree:          337800 kB
MemAvailable:    1463216 kB
Buffers:           85184 kB
Cached:          1076284 kB
MemTotal:        1844596 kB
MemFree:          337004 kB
MemAvailable:    1462420 kB
Buffers:           85184 kB
Cached:          1076284 kB
MemTotal:        1844596 kB
MemFree:          337736 kB
MemAvailable:    1463152 kB
Buffers:           85184 kB
Cached:          1076284 kB
MemTotal:        1844596 kB
MemFree:          337592 kB
MemAvailable:    1463008 kB
Buffers:           85184 kB
Cached:          1076284 kB
MemTotal:        1844596 kB
MemFree:          337652 kB
MemAvailable:    1463068 kB
Buffers:           85184 kB
Cached:          1076284 kB
MemTotal:        1844596 kB
MemFree:          337692 kB
MemAvailable:    1463108 kB
Buffers:           85184 kB
Cached:          1076284 kB
MemTotal:        1844596 kB
MemFree:          336764 kB
MemAvailable:    1462180 kB
Buffers:           85184 kB
Cached:          1076284 kB
MemTotal:        1844596 kB
MemFree:          337012 kB
MemAvailable:    1462432 kB
Buffers:           85184 kB
Cached:          1076288 kB
MemTotal:        1844596 kB
MemFree:          337996 kB
MemAvailable:    1463416 kB
Buffers:           85184 kB
Cached:          1076288 kB
MemTotal:        1844596 kB
MemFree:          337996 kB
MemAvailable:    1463416 kB
Buffers:           85184 kB
Cached:          1076288 kB
MemTotal:        1844596 kB
MemFree:          337748 kB
MemAvailable:    1463168 kB
Buffers:           85184 kB
Cached:          1076288 kB
MemTotal:        1844596 kB
MemFree:          337748 kB
MemAvailable:    1463168 kB
Buffers:           85184 kB
Cached:          1076288 kB
MemTotal:        1844596 kB
MemFree:          337552 kB
MemAvailable:    1462972 kB
Buffers:           85184 kB
Cached:          1076288 kB
MemTotal:        1844596 kB
MemFree:          337568 kB
MemAvailable:    1462988 kB
Buffers:           85184 kB
Cached:          1076288 kB
MemTotal:        1844596 kB
MemFree:          337820 kB
MemAvailable:    1463240 kB
Buffers:           85184 kB
Cached:          1076288 kB
MemTotal:        1844596 kB
MemFree:          337636 kB
MemAvailable:    1463056 kB
Buffers:           85184 kB
Cached:          1076288 kB
MemTotal:        1844596 kB
MemFree:          337756 kB
MemAvailable:    1463176 kB
Buffers:           85184 kB
Cached:          1076288 kB
MemTotal:        1844596 kB
MemFree:          336324 kB
MemAvailable:    1461744 kB
Buffers:           85184 kB
Cached:          1076288 kB
MemTotal:        1844596 kB
MemFree:          337624 kB
MemAvailable:    1463044 kB
Buffers:           85184 kB
Cached:          1076288 kB
MemTotal:        1844596 kB
MemFree:          337688 kB
MemAvailable:    1463108 kB
Buffers:           85184 kB
Cached:          1076288 kB
MemTotal:        1844596 kB
MemFree:          337136 kB
MemAvailable:    1462556 kB
Buffers:           85184 kB
Cached:          1076288 kB
MemTotal:        1844596 kB
MemFree:          337480 kB
MemAvailable:    1462900 kB
Buffers:           85184 kB
Cached:          1076288 kB
MemTotal:        1844596 kB
MemFree:          337672 kB
MemAvailable:    1463092 kB
Buffers:           85184 kB
Cached:          1076288 kB
MemTotal:        1844596 kB
MemFree:          337632 kB
MemAvailable:    1463052 kB
Buffers:           85184 kB
Cached:          1076288 kB
MemTotal:        1844596 kB
MemFree:          337692 kB
MemAvailable:    1463112 kB
Buffers:           85184 kB
Cached:          1076288 kB
MemTotal:        1844596 kB
MemFree:          336896 kB
MemAvailable:    1462316 kB
Buffers:           85184 kB
Cached:          1076288 kB
MemTotal:        1844596 kB
MemFree:          337816 kB
MemAvailable:    1463236 kB
Buffers:           85184 kB
Cached:          1076288 kB
MemTotal:        1844596 kB
MemFree:          336764 kB
MemAvailable:    1462184 kB
Buffers:           85184 kB
Cached:          1076288 kB
MemTotal:        1844596 kB
MemFree:          337620 kB
MemAvailable:    1463040 kB
Buffers:           85184 kB
Cached:          1076288 kB
MemTotal:        1844596 kB
MemFree:          336456 kB
MemAvailable:    1461876 kB
Buffers:           85184 kB
Cached:          1076288 kB
MemTotal:        1844596 kB
MemFree:          337632 kB
MemAvailable:    1463052 kB
Buffers:           85184 kB
Cached:          1076288 kB
MemTotal:        1844596 kB
MemFree:          337568 kB
MemAvailable:    1462992 kB
Buffers:           85184 kB
Cached:          1076292 kB
MemTotal:        1844596 kB
MemFree:          337824 kB
MemAvailable:    1463248 kB
Buffers:           85184 kB
Cached:          1076292 kB
MemTotal:        1844596 kB
MemFree:          337428 kB
MemAvailable:    1462852 kB
Buffers:           85184 kB
Cached:          1076292 kB
MemTotal:        1844596 kB
MemFree:          337764 kB
MemAvailable:    1463188 kB
Buffers:           85184 kB
Cached:          1076292 kB
MemTotal:        1844596 kB
MemFree:          337748 kB
MemAvailable:    1463172 kB
Buffers:           85184 kB
Cached:          1076292 kB
MemTotal:        1844596 kB
MemFree:          337592 kB
MemAvailable:    1463016 kB
Buffers:           85184 kB
Cached:          1076292 kB
MemTotal:        1844596 kB
MemFree:          337592 kB
MemAvailable:    1463016 kB
Buffers:           85184 kB
Cached:          1076292 kB
MemTotal:        1844596 kB
MemFree:          337636 kB
MemAvailable:    1463060 kB
Buffers:           85184 kB
Cached:          1076292 kB
MemTotal:        1844596 kB
MemFree:          337764 kB
MemAvailable:    1463188 kB
Buffers:           85184 kB
Cached:          1076292 kB
MemTotal:        1844596 kB
MemFree:          336756 kB
MemAvailable:    1462180 kB
Buffers:           85184 kB
Cached:          1076292 kB
MemTotal:        1844596 kB
MemFree:          338056 kB
MemAvailable:    1463480 kB
Buffers:           85184 kB
Cached:          1076292 kB
MemTotal:        1844596 kB
MemFree:          337872 kB
MemAvailable:    1463296 kB
Buffers:           85184 kB
Cached:          1076292 kB
MemTotal:        1844596 kB
MemFree:          337516 kB
MemAvailable:    1462940 kB
Buffers:           85184 kB
Cached:          1076292 kB
MemTotal:        1844596 kB
MemFree:          337444 kB
MemAvailable:    1462868 kB
Buffers:           85184 kB
Cached:          1076292 kB
MemTotal:        1844596 kB
MemFree:          337696 kB
MemAvailable:    1463120 kB
Buffers:           85184 kB
Cached:          1076292 kB
MemTotal:        1844596 kB
MemFree:          336336 kB
MemAvailable:    1461760 kB
Buffers:           85184 kB
Cached:          1076292 kB
MemTotal:        1844596 kB
MemFree:          337512 kB
MemAvailable:    1462936 kB
Buffers:           85184 kB
Cached:          1076292 kB
MemTotal:        1844596 kB
MemFree:          337380 kB
MemAvailable:    1462804 kB
Buffers:           85184 kB
Cached:          1076292 kB
MemTotal:        1844596 kB
MemFree:          336764 kB
MemAvailable:    1462188 kB
Buffers:           85184 kB
Cached:          1076292 kB
MemTotal:        1844596 kB
MemFree:          337132 kB
MemAvailable:    1462556 kB
Buffers:           85184 kB
Cached:          1076292 kB
MemTotal:        1844596 kB
MemFree:          337204 kB
MemAvailable:    1462628 kB
Buffers:           85184 kB
Cached:          1076292 kB
MemTotal:        1844596 kB
MemFree:          337384 kB
MemAvailable:    1462808 kB
Buffers:           85184 kB
Cached:          1076292 kB
MemTotal:        1844596 kB
MemFree:          337376 kB
MemAvailable:    1462800 kB
Buffers:           85184 kB
Cached:          1076292 kB
MemTotal:        1844596 kB
MemFree:          336268 kB
MemAvailable:    1461692 kB
Buffers:           85184 kB
Cached:          1076292 kB
MemTotal:        1844596 kB
MemFree:          337260 kB
MemAvailable:    1462684 kB
Buffers:           85184 kB
Cached:          1076292 kB
MemTotal:        1844596 kB
MemFree:          336144 kB
MemAvailable:    1461568 kB
Buffers:           85184 kB
Cached:          1076292 kB
MemTotal:        1844596 kB
MemFree:          337196 kB
MemAvailable:    1462620 kB
Buffers:           85184 kB
Cached:          1076292 kB
MemTotal:        1844596 kB
MemFree:          336888 kB
MemAvailable:    1462312 kB
Buffers:           85184 kB
Cached:          1076292 kB
MemTotal:        1844596 kB
MemFree:          336624 kB
MemAvailable:    1462048 kB
Buffers:           85184 kB
Cached:          1076292 kB
MemTotal:        1844596 kB
MemFree:          336640 kB
MemAvailable:    1462064 kB
Buffers:           85184 kB
Cached:          1076292 kB
MemTotal:        1844596 kB
MemFree:          336824 kB
MemAvailable:    1462248 kB
Buffers:           85184 kB
Cached:          1076292 kB
MemTotal:        1844596 kB
MemFree:          335592 kB
MemAvailable:    1461016 kB
Buffers:           85184 kB
Cached:          1076292 kB
MemTotal:        1844596 kB
MemFree:          336768 kB
MemAvailable:    1462192 kB
Buffers:           85184 kB
Cached:          1076292 kB
MemTotal:        1844596 kB
MemFree:          336744 kB
MemAvailable:    1462168 kB
Buffers:           85184 kB
Cached:          1076292 kB
MemTotal:        1844596 kB
MemFree:          335372 kB
MemAvailable:    1460796 kB
Buffers:           85184 kB
Cached:          1076292 kB
MemTotal:        1844596 kB
MemFree:          335496 kB
MemAvailable:    1460920 kB
Buffers:           85184 kB
Cached:          1076292 kB
MemTotal:        1844596 kB
MemFree:          336920 kB
MemAvailable:    1462344 kB
Buffers:           85184 kB
Cached:          1076292 kB
MemTotal:        1844596 kB
MemFree:          335444 kB
MemAvailable:    1460868 kB
Buffers:           85184 kB
Cached:          1076292 kB
MemTotal:        1844596 kB
MemFree:          336552 kB
MemAvailable:    1461976 kB
Buffers:           85184 kB
Cached:          1076292 kB
MemTotal:        1844596 kB
MemFree:          336552 kB
MemAvailable:    1461976 kB
Buffers:           85184 kB
Cached:          1076292 kB
MemTotal:        1844596 kB
MemFree:          335268 kB
MemAvailable:    1460692 kB
Buffers:           85184 kB
Cached:          1076292 kB
MemTotal:        1844596 kB
MemFree:          336576 kB
MemAvailable:    1462000 kB
Buffers:           85184 kB
Cached:          1076292 kB
MemTotal:        1844596 kB
MemFree:          336268 kB
MemAvailable:    1461692 kB
Buffers:           85184 kB
Cached:          1076292 kB
MemTotal:        1844596 kB
MemFree:          335260 kB
MemAvailable:    1460684 kB
Buffers:           85184 kB
Cached:          1076292 kB
MemTotal:        1844596 kB
MemFree:          332052 kB
MemAvailable:    1457476 kB
Buffers:           85184 kB
Cached:          1076292 kB
MemTotal:        1844596 kB
MemFree:          328144 kB
MemAvailable:    1453568 kB
Buffers:           85184 kB
Cached:          1076292 kB
MemTotal:        1844596 kB
MemFree:          326224 kB
MemAvailable:    1451648 kB
Buffers:           85184 kB
Cached:          1076292 kB
MemTotal:        1844596 kB
MemFree:          325232 kB
MemAvailable:    1450656 kB
Buffers:           85184 kB
Cached:          1076292 kB
MemTotal:        1844596 kB
MemFree:          326596 kB
MemAvailable:    1452020 kB
Buffers:           85184 kB
Cached:          1076292 kB
MemTotal:        1844596 kB
MemFree:          325712 kB
MemAvailable:    1451136 kB
Buffers:           85184 kB
Cached:          1076292 kB
MemTotal:        1844596 kB
MemFree:          325480 kB
MemAvailable:    1450904 kB
Buffers:           85184 kB
Cached:          1076292 kB
MemTotal:        1844596 kB
MemFree:          325576 kB
MemAvailable:    1451000 kB
Buffers:           85184 kB
Cached:          1076292 kB
MemTotal:        1844596 kB
MemFree:          325576 kB
MemAvailable:    1451000 kB
Buffers:           85184 kB
Cached:          1076292 kB
MemTotal:        1844596 kB
MemFree:          324968 kB
MemAvailable:    1450392 kB
Buffers:           85184 kB
Cached:          1076292 kB
MemTotal:        1844596 kB
MemFree:          325052 kB
MemAvailable:    1450476 kB
Buffers:           85184 kB
Cached:          1076292 kB
MemTotal:        1844596 kB
MemFree:          324424 kB
MemAvailable:    1449848 kB
Buffers:           85184 kB
Cached:          1076292 kB
MemTotal:        1844596 kB
MemFree:          324240 kB
MemAvailable:    1449664 kB
Buffers:           85184 kB
Cached:          1076292 kB
MemTotal:        1844596 kB
MemFree:          322380 kB
MemAvailable:    1447804 kB
Buffers:           85184 kB
Cached:          1076292 kB
MemTotal:        1844596 kB
MemFree:          323556 kB
MemAvailable:    1448980 kB
Buffers:           85184 kB
Cached:          1076292 kB
MemTotal:        1844596 kB
MemFree:          323724 kB
MemAvailable:    1449148 kB
Buffers:           85184 kB
Cached:          1076292 kB
MemTotal:        1844596 kB
MemFree:          323612 kB
MemAvailable:    1449036 kB
Buffers:           85184 kB
Cached:          1076292 kB
MemTotal:        1844596 kB
MemFree:          322248 kB
MemAvailable:    1447672 kB
Buffers:           85184 kB
Cached:          1076292 kB
MemTotal:        1844596 kB
MemFree:          323224 kB
MemAvailable:    1448648 kB
Buffers:           85184 kB
Cached:          1076292 kB
MemTotal:        1844596 kB
MemFree:          323308 kB
MemAvailable:    1448732 kB
Buffers:           85184 kB
Cached:          1076292 kB
MemTotal:        1844596 kB
MemFree:          323396 kB
MemAvailable:    1448820 kB
Buffers:           85184 kB
Cached:          1076292 kB
MemTotal:        1844596 kB
MemFree:          322380 kB
MemAvailable:    1447680 kB
Buffers:           85184 kB
Cached:          1076292 kB
MemTotal:        1844596 kB
MemFree:          323424 kB
MemAvailable:    1448852 kB
Buffers:           85184 kB
Cached:          1076296 kB
MemTotal:        1844596 kB
MemFree:          322140 kB
MemAvailable:    1447568 kB
Buffers:           85184 kB
Cached:          1076296 kB
MemTotal:        1844596 kB
MemFree:          323308 kB
MemAvailable:    1448736 kB
Buffers:           85184 kB
Cached:          1076296 kB
MemTotal:        1844596 kB
MemFree:          321876 kB
MemAvailable:    1447304 kB
Buffers:           85184 kB
Cached:          1076296 kB
MemTotal:        1844596 kB
MemFree:          323268 kB
MemAvailable:    1448696 kB
Buffers:           85184 kB
Cached:          1076296 kB
MemTotal:        1844596 kB
MemFree:          323308 kB
MemAvailable:    1448736 kB
Buffers:           85184 kB
Cached:          1076296 kB
MemTotal:        1844596 kB
MemFree:          322496 kB
MemAvailable:    1447924 kB
Buffers:           85184 kB
Cached:          1076296 kB
MemTotal:        1844596 kB
MemFree:          322752 kB
MemAvailable:    1448180 kB
Buffers:           85184 kB
Cached:          1076296 kB
MemTotal:        1844596 kB
MemFree:          321812 kB
MemAvailable:    1447240 kB
Buffers:           85184 kB
Cached:          1076296 kB
MemTotal:        1844596 kB
MemFree:          320156 kB
MemAvailable:    1445584 kB
Buffers:           85184 kB
Cached:          1076296 kB
MemTotal:        1844596 kB
MemFree:          320148 kB
MemAvailable:    1445584 kB
Buffers:           85184 kB
Cached:          1076304 kB
MemTotal:        1844596 kB
MemFree:          320876 kB
MemAvailable:    1446312 kB
Buffers:           85184 kB
Cached:          1076304 kB
MemTotal:        1844596 kB
MemFree:          320876 kB
MemAvailable:    1446312 kB
Buffers:           85184 kB
Cached:          1076304 kB
MemTotal:        1844596 kB
MemFree:          320740 kB
MemAvailable:    1446176 kB
Buffers:           85184 kB
Cached:          1076304 kB
MemTotal:        1844596 kB
MemFree:          320716 kB
MemAvailable:    1446152 kB
Buffers:           85184 kB
Cached:          1076304 kB
MemTotal:        1844596 kB
MemFree:          319156 kB
MemAvailable:    1444592 kB
Buffers:           85184 kB
Cached:          1076304 kB
MemTotal:        1844596 kB
MemFree:          319712 kB
MemAvailable:    1445148 kB
Buffers:           85184 kB
Cached:          1076304 kB
MemTotal:        1844596 kB
MemFree:          318536 kB
MemAvailable:    1443972 kB
Buffers:           85184 kB
Cached:          1076304 kB
MemTotal:        1844596 kB
MemFree:          318912 kB
MemAvailable:    1444348 kB
Buffers:           85184 kB
Cached:          1076304 kB
MemTotal:        1844596 kB
MemFree:          318720 kB
MemAvailable:    1444156 kB
Buffers:           85184 kB
Cached:          1076304 kB
MemTotal:        1844596 kB
MemFree:          317348 kB
MemAvailable:    1442784 kB
Buffers:           85184 kB
Cached:          1076304 kB
MemTotal:        1844596 kB
MemFree:          318348 kB
MemAvailable:    1443784 kB
Buffers:           85184 kB
Cached:          1076304 kB
MemTotal:        1844596 kB
MemFree:          317892 kB
MemAvailable:    1443328 kB
Buffers:           85184 kB
Cached:          1076304 kB
MemTotal:        1844596 kB
MemFree:          318060 kB
MemAvailable:    1443496 kB
Buffers:           85184 kB
Cached:          1076304 kB
MemTotal:        1844596 kB
MemFree:          318040 kB
MemAvailable:    1443476 kB
Buffers:           85184 kB
Cached:          1076304 kB
MemTotal:        1844596 kB
MemFree:          316860 kB
MemAvailable:    1442296 kB
Buffers:           85184 kB
Cached:          1076304 kB
MemTotal:        1844596 kB
MemFree:          317296 kB
MemAvailable:    1442732 kB
Buffers:           85184 kB
Cached:          1076304 kB
MemTotal:        1844596 kB
MemFree:          317888 kB
MemAvailable:    1443324 kB
Buffers:           85184 kB
Cached:          1076304 kB
MemTotal:        1844596 kB
MemFree:          318224 kB
MemAvailable:    1443660 kB
Buffers:           85184 kB
Cached:          1076304 kB
MemTotal:        1844596 kB
MemFree:          317032 kB
MemAvailable:    1442468 kB
Buffers:           85184 kB
Cached:          1076304 kB
MemTotal:        1844596 kB
MemFree:          316900 kB
MemAvailable:    1442336 kB
Buffers:           85184 kB
Cached:          1076304 kB
MemTotal:        1844596 kB
MemFree:          317876 kB
MemAvailable:    1443312 kB
Buffers:           85184 kB
Cached:          1076304 kB
MemTotal:        1844596 kB
MemFree:          317156 kB
MemAvailable:    1442592 kB
Buffers:           85184 kB
Cached:          1076304 kB
MemTotal:        1844596 kB
MemFree:          318224 kB
MemAvailable:    1443660 kB
Buffers:           85184 kB
Cached:          1076304 kB
MemTotal:        1844596 kB
MemFree:          318092 kB
MemAvailable:    1443528 kB
Buffers:           85184 kB
Cached:          1076304 kB
MemTotal:        1844596 kB
MemFree:          316932 kB
MemAvailable:    1442368 kB
Buffers:           85184 kB
Cached:          1076304 kB
MemTotal:        1844596 kB
MemFree:          317520 kB
MemAvailable:    1442956 kB
Buffers:           85184 kB
Cached:          1076304 kB
MemTotal:        1844596 kB
MemFree:          317776 kB
MemAvailable:    1443212 kB
Buffers:           85184 kB
Cached:          1076304 kB
MemTotal:        1844596 kB
MemFree:          316372 kB
MemAvailable:    1441808 kB
Buffers:           85184 kB
Cached:          1076304 kB
MemTotal:        1844596 kB
MemFree:          316620 kB
MemAvailable:    1442056 kB
Buffers:           85184 kB
Cached:          1076304 kB
MemTotal:        1844596 kB
MemFree:          317596 kB
MemAvailable:    1443032 kB
Buffers:           85184 kB
Cached:          1076304 kB
MemTotal:        1844596 kB
MemFree:          317848 kB
MemAvailable:    1443284 kB
Buffers:           85184 kB
Cached:          1076304 kB
MemTotal:        1844596 kB
MemFree:          317772 kB
MemAvailable:    1443208 kB
Buffers:           85184 kB
Cached:          1076304 kB
MemTotal:        1844596 kB
MemFree:          318024 kB
MemAvailable:    1443460 kB
Buffers:           85184 kB
Cached:          1076304 kB
MemTotal:        1844596 kB
MemFree:          316504 kB
MemAvailable:    1441940 kB
Buffers:           85184 kB
Cached:          1076304 kB
MemTotal:        1844596 kB
MemFree:          317852 kB
MemAvailable:    1443288 kB
Buffers:           85184 kB
Cached:          1076304 kB
MemTotal:        1844596 kB
MemFree:          317048 kB
MemAvailable:    1442484 kB
Buffers:           85184 kB
Cached:          1076304 kB
MemTotal:        1844596 kB
MemFree:          317832 kB
MemAvailable:    1443268 kB
Buffers:           85184 kB
Cached:          1076304 kB
MemTotal:        1844596 kB
MemFree:          316860 kB
MemAvailable:    1442296 kB
Buffers:           85184 kB
Cached:          1076304 kB
MemTotal:        1844596 kB
MemFree:          315436 kB
MemAvailable:    1440872 kB
Buffers:           85184 kB
Cached:          1076304 kB
MemTotal:        1844596 kB
MemFree:          316236 kB
MemAvailable:    1441672 kB
Buffers:           85184 kB
Cached:          1076304 kB
MemTotal:        1844596 kB
MemFree:          316428 kB
MemAvailable:    1441864 kB
Buffers:           85184 kB
Cached:          1076304 kB
MemTotal:        1844596 kB
MemFree:          315560 kB
MemAvailable:    1440996 kB
Buffers:           85184 kB
Cached:          1076304 kB
MemTotal:        1844596 kB
MemFree:          314808 kB
MemAvailable:    1440244 kB
Buffers:           85184 kB
Cached:          1076304 kB
MemTotal:        1844596 kB
MemFree:          312892 kB
MemAvailable:    1438328 kB
Buffers:           85184 kB
Cached:          1076304 kB
MemTotal:        1844596 kB
MemFree:          310476 kB
MemAvailable:    1435912 kB
Buffers:           85184 kB
Cached:          1076304 kB
MemTotal:        1844596 kB
MemFree:          307932 kB
MemAvailable:    1433368 kB
Buffers:           85184 kB
Cached:          1076304 kB
MemTotal:        1844596 kB
MemFree:          306440 kB
MemAvailable:    1431876 kB
Buffers:           85184 kB
Cached:          1076304 kB
MemTotal:        1844596 kB
MemFree:          304408 kB
MemAvailable:    1429844 kB
Buffers:           85184 kB
Cached:          1076304 kB
MemTotal:        1844596 kB
MemFree:          299812 kB
MemAvailable:    1425248 kB
Buffers:           85184 kB
Cached:          1076304 kB
MemTotal:        1844596 kB
MemFree:          298324 kB
MemAvailable:    1423760 kB
Buffers:           85184 kB
Cached:          1076304 kB
MemTotal:        1844596 kB
MemFree:          299048 kB
MemAvailable:    1424484 kB
Buffers:           85184 kB
Cached:          1076304 kB
MemTotal:        1844596 kB
MemFree:          299304 kB
MemAvailable:    1424740 kB
Buffers:           85184 kB
Cached:          1076304 kB
MemTotal:        1844596 kB
MemFree:          299108 kB
MemAvailable:    1424544 kB
Buffers:           85184 kB
Cached:          1076304 kB
MemTotal:        1844596 kB
MemFree:          297628 kB
MemAvailable:    1423064 kB
Buffers:           85184 kB
Cached:          1076304 kB
MemTotal:        1844596 kB
MemFree:          297884 kB
MemAvailable:    1423320 kB
Buffers:           85184 kB
Cached:          1076304 kB
MemTotal:        1844596 kB
MemFree:          299060 kB
MemAvailable:    1424496 kB
Buffers:           85184 kB
Cached:          1076304 kB
MemTotal:        1844596 kB
MemFree:          297960 kB
MemAvailable:    1423396 kB
Buffers:           85184 kB
Cached:          1076304 kB
MemTotal:        1844596 kB
MemFree:          298764 kB
MemAvailable:    1424200 kB
Buffers:           85184 kB
Cached:          1076304 kB
MemTotal:        1844596 kB
MemFree:          298896 kB
MemAvailable:    1424332 kB
Buffers:           85184 kB
Cached:          1076304 kB
MemTotal:        1844596 kB
MemFree:          298820 kB
MemAvailable:    1424256 kB
Buffers:           85184 kB
Cached:          1076304 kB
MemTotal:        1844596 kB
MemFree:          298384 kB
MemAvailable:    1423820 kB
Buffers:           85184 kB
Cached:          1076304 kB
MemTotal:        1844596 kB
MemFree:          297092 kB
MemAvailable:    1422528 kB
Buffers:           85184 kB
Cached:          1076304 kB
MemTotal:        1844596 kB
MemFree:          298136 kB
MemAvailable:    1423572 kB
Buffers:           85184 kB
Cached:          1076304 kB
MemTotal:        1844596 kB
MemFree:          297896 kB
MemAvailable:    1423332 kB
Buffers:           85184 kB
Cached:          1076304 kB
MemTotal:        1844596 kB
MemFree:          298068 kB
MemAvailable:    1423504 kB
Buffers:           85184 kB
Cached:          1076304 kB
MemTotal:        1844596 kB
MemFree:          298004 kB
MemAvailable:    1423440 kB
Buffers:           85184 kB
Cached:          1076304 kB
MemTotal:        1844596 kB
MemFree:          297216 kB
MemAvailable:    1422652 kB
Buffers:           85184 kB
Cached:          1076304 kB
MemTotal:        1844596 kB
MemFree:          298316 kB
MemAvailable:    1423756 kB
Buffers:           85184 kB
Cached:          1076308 kB
MemTotal:        1844596 kB
MemFree:          298316 kB
MemAvailable:    1423756 kB
Buffers:           85184 kB
Cached:          1076308 kB
MemTotal:        1844596 kB
MemFree:          298080 kB
MemAvailable:    1423520 kB
Buffers:           85184 kB
Cached:          1076308 kB
MemTotal:        1844596 kB
MemFree:          298056 kB
MemAvailable:    1423496 kB
Buffers:           85184 kB
Cached:          1076308 kB
MemTotal:        1844596 kB
MemFree:          298308 kB
MemAvailable:    1423748 kB
Buffers:           85184 kB
Cached:          1076308 kB
MemTotal:        1844596 kB
MemFree:          297896 kB
MemAvailable:    1423336 kB
Buffers:           85184 kB
Cached:          1076308 kB
MemTotal:        1844596 kB
MemFree:          298152 kB
MemAvailable:    1423592 kB
Buffers:           85184 kB
Cached:          1076308 kB
MemTotal:        1844596 kB
MemFree:          296824 kB
MemAvailable:    1422264 kB
Buffers:           85184 kB
Cached:          1076308 kB
MemTotal:        1844596 kB
MemFree:          298140 kB
MemAvailable:    1423580 kB
Buffers:           85184 kB
Cached:          1076308 kB
MemTotal:        1844596 kB
MemFree:          297924 kB
MemAvailable:    1423364 kB
Buffers:           85184 kB
Cached:          1076308 kB
MemTotal:        1844596 kB
MemFree:          298260 kB
MemAvailable:    1423700 kB
Buffers:           85184 kB
Cached:          1076308 kB
MemTotal:        1844596 kB
MemFree:          298236 kB
MemAvailable:    1423676 kB
Buffers:           85184 kB
Cached:          1076308 kB
MemTotal:        1844596 kB
MemFree:          297208 kB
MemAvailable:    1422648 kB
Buffers:           85184 kB
Cached:          1076308 kB
MemTotal:        1844596 kB
MemFree:          298448 kB
MemAvailable:    1423892 kB
Buffers:           85184 kB
Cached:          1076312 kB
MemTotal:        1844596 kB
MemFree:          297580 kB
MemAvailable:    1423024 kB
Buffers:           85184 kB
Cached:          1076312 kB
MemTotal:        1844596 kB
MemFree:          298116 kB
MemAvailable:    1423560 kB
Buffers:           85184 kB
Cached:          1076312 kB
MemTotal:        1844596 kB
MemFree:          297084 kB
MemAvailable:    1422528 kB
Buffers:           85184 kB
Cached:          1076312 kB
MemTotal:        1844596 kB
MemFree:          297896 kB
MemAvailable:    1423340 kB
Buffers:           85184 kB
Cached:          1076312 kB
MemTotal:        1844596 kB
MemFree:          298152 kB
MemAvailable:    1423596 kB
Buffers:           85184 kB
Cached:          1076312 kB
MemTotal:        1844596 kB
MemFree:          298088 kB
MemAvailable:    1423536 kB
Buffers:           85184 kB
Cached:          1076316 kB
MemTotal:        1844596 kB
MemFree:          297392 kB
MemAvailable:    1422840 kB
Buffers:           85184 kB
Cached:          1076316 kB
MemTotal:        1844596 kB
MemFree:          295556 kB
MemAvailable:    1421004 kB
Buffers:           85184 kB
Cached:          1076316 kB
MemTotal:        1844596 kB
MemFree:          291504 kB
MemAvailable:    1416952 kB
Buffers:           85184 kB
Cached:          1076316 kB
MemTotal:        1844596 kB
MemFree:          289332 kB
MemAvailable:    1414780 kB
Buffers:           85184 kB
Cached:          1076316 kB
MemTotal:        1844596 kB
MemFree:          287660 kB
MemAvailable:    1413108 kB
Buffers:           85184 kB
Cached:          1076316 kB
MemTotal:        1844596 kB
MemFree:          286380 kB
MemAvailable:    1411828 kB
Buffers:           85184 kB
Cached:          1076316 kB
MemTotal:        1844596 kB
MemFree:          283072 kB
MemAvailable:    1408520 kB
Buffers:           85184 kB
Cached:          1076316 kB
MemTotal:        1844596 kB
MemFree:          280452 kB
MemAvailable:    1405900 kB
Buffers:           85184 kB
Cached:          1076316 kB
MemTotal:        1844596 kB
MemFree:          280704 kB
MemAvailable:    1406152 kB
Buffers:           85184 kB
Cached:          1076316 kB
MemTotal:        1844596 kB
MemFree:          280328 kB
MemAvailable:    1405776 kB
Buffers:           85184 kB
Cached:          1076316 kB
MemTotal:        1844596 kB
MemFree:          280328 kB
MemAvailable:    1405776 kB
Buffers:           85184 kB
Cached:          1076316 kB
MemTotal:        1844596 kB
MemFree:          280336 kB
MemAvailable:    1405784 kB
Buffers:           85184 kB
Cached:          1076316 kB
MemTotal:        1844596 kB
MemFree:          280420 kB
MemAvailable:    1405868 kB
Buffers:           85184 kB
Cached:          1076316 kB
MemTotal:        1844596 kB
MemFree:          280528 kB
MemAvailable:    1405976 kB
Buffers:           85184 kB
Cached:          1076316 kB
MemTotal:        1844596 kB
MemFree:          279104 kB
MemAvailable:    1404552 kB
Buffers:           85184 kB
Cached:          1076316 kB
MemTotal:        1844596 kB
MemFree:          280404 kB
MemAvailable:    1405852 kB
Buffers:           85184 kB
Cached:          1076316 kB
MemTotal:        1844596 kB
MemFree:          280220 kB
MemAvailable:    1405668 kB
Buffers:           85184 kB
Cached:          1076316 kB
MemTotal:        1844596 kB
MemFree:          280280 kB
MemAvailable:    1405728 kB
Buffers:           85184 kB
Cached:          1076316 kB
MemTotal:        1844596 kB
MemFree:          280148 kB
MemAvailable:    1405596 kB
Buffers:           85184 kB
Cached:          1076316 kB
MemTotal:        1844596 kB
MemFree:          279824 kB
MemAvailable:    1405272 kB
Buffers:           85184 kB
Cached:          1076316 kB
MemTotal:        1844596 kB
MemFree:          279824 kB
MemAvailable:    1405272 kB
Buffers:           85184 kB
Cached:          1076316 kB
MemTotal:        1844596 kB
MemFree:          279832 kB
MemAvailable:    1405280 kB
Buffers:           85184 kB
Cached:          1076316 kB
MemTotal:        1844596 kB
MemFree:          279916 kB
MemAvailable:    1405364 kB
Buffers:           85184 kB
Cached:          1076316 kB
MemTotal:        1844596 kB
MemFree:          278732 kB
MemAvailable:    1404180 kB
Buffers:           85184 kB
Cached:          1076316 kB
MemTotal:        1844596 kB
MemFree:          279832 kB
MemAvailable:    1405280 kB
Buffers:           85184 kB
Cached:          1076316 kB
MemTotal:        1844596 kB
MemFree:          280168 kB
MemAvailable:    1405616 kB
Buffers:           85184 kB
Cached:          1076316 kB
MemTotal:        1844596 kB
MemFree:          280060 kB
MemAvailable:    1405508 kB
Buffers:           85184 kB
Cached:          1076316 kB
MemTotal:        1844596 kB
MemFree:          278856 kB
MemAvailable:    1404304 kB
Buffers:           85184 kB
Cached:          1076316 kB
MemTotal:        1844596 kB
MemFree:          280096 kB
MemAvailable:    1405548 kB
Buffers:           85184 kB
Cached:          1076320 kB
MemTotal:        1844596 kB
MemFree:          278732 kB
MemAvailable:    1404184 kB
Buffers:           85184 kB
Cached:          1076320 kB
MemTotal:        1844596 kB
MemFree:          280032 kB
MemAvailable:    1405484 kB
Buffers:           85184 kB
Cached:          1076320 kB
MemTotal:        1844596 kB
MemFree:          278732 kB
MemAvailable:    1404184 kB
Buffers:           85184 kB
Cached:          1076320 kB
MemTotal:        1844596 kB
MemFree:          279980 kB
MemAvailable:    1405432 kB
Buffers:           85184 kB
Cached:          1076320 kB
MemTotal:        1844596 kB
MemFree:          279892 kB
MemAvailable:    1405344 kB
Buffers:           85184 kB
Cached:          1076320 kB
MemTotal:        1844596 kB
MemFree:          278584 kB
MemAvailable:    1404036 kB
Buffers:           85184 kB
Cached:          1076320 kB
MemTotal:        1844596 kB
MemFree:          279968 kB
MemAvailable:    1405420 kB
Buffers:           85184 kB
Cached:          1076320 kB
MemTotal:        1844596 kB
MemFree:          278704 kB
MemAvailable:    1404156 kB
Buffers:           85184 kB
Cached:          1076320 kB
MemTotal:        1844596 kB
MemFree:          279832 kB
MemAvailable:    1405284 kB
Buffers:           85184 kB
Cached:          1076320 kB
MemTotal:        1844596 kB
MemFree:          278568 kB
MemAvailable:    1404020 kB
Buffers:           85184 kB
Cached:          1076320 kB
MemTotal:        1844596 kB
MemFree:          279668 kB
MemAvailable:    1405120 kB
Buffers:           85184 kB
Cached:          1076320 kB
MemTotal:        1844596 kB
MemFree:          280004 kB
MemAvailable:    1405456 kB
Buffers:           85184 kB
Cached:          1076320 kB
MemTotal:        1844596 kB
MemFree:          278964 kB
MemAvailable:    1404416 kB
Buffers:           85184 kB
Cached:          1076320 kB
MemTotal:        1844596 kB
MemFree:          278964 kB
MemAvailable:    1404416 kB
Buffers:           85184 kB
Cached:          1076320 kB
MemTotal:        1844596 kB
MemFree:          272524 kB
MemAvailable:    1397976 kB
Buffers:           85184 kB
Cached:          1076320 kB
MemTotal:        1844596 kB
MemFree:          272284 kB
MemAvailable:    1397736 kB
Buffers:           85184 kB
Cached:          1076320 kB
MemTotal:        1844596 kB
MemFree:          266828 kB
MemAvailable:    1392280 kB
Buffers:           85184 kB
Cached:          1076320 kB
MemTotal:        1844596 kB
MemFree:          262472 kB
MemAvailable:    1387924 kB
Buffers:           85184 kB
Cached:          1076320 kB
MemTotal:        1844596 kB
MemFree:          262472 kB
MemAvailable:    1387924 kB
Buffers:           85184 kB
Cached:          1076320 kB
MemTotal:        1844596 kB
MemFree:          262212 kB
MemAvailable:    1387664 kB
Buffers:           85184 kB
Cached:          1076320 kB
MemTotal:        1844596 kB
MemFree:          262464 kB
MemAvailable:    1387916 kB
Buffers:           85184 kB
Cached:          1076320 kB
MemTotal:        1844596 kB
MemFree:          262344 kB
MemAvailable:    1387796 kB
Buffers:           85184 kB
Cached:          1076320 kB
MemTotal:        1844596 kB
MemFree:          261372 kB
MemAvailable:    1386824 kB
Buffers:           85184 kB
Cached:          1076320 kB
MemTotal:        1844596 kB
MemFree:          261604 kB
MemAvailable:    1387056 kB
Buffers:           85184 kB
Cached:          1076320 kB
MemTotal:        1844596 kB
MemFree:          261196 kB
MemAvailable:    1386648 kB
Buffers:           85184 kB
Cached:          1076320 kB
MemTotal:        1844596 kB
MemFree:          262796 kB
MemAvailable:    1388248 kB
Buffers:           85184 kB
Cached:          1076320 kB
MemTotal:        1844596 kB
MemFree:          262464 kB
MemAvailable:    1387916 kB
Buffers:           85184 kB
Cached:          1076320 kB
MemTotal:        1844596 kB
MemFree:          262364 kB
MemAvailable:    1387816 kB
Buffers:           85184 kB
Cached:          1076320 kB
MemTotal:        1844596 kB
MemFree:          262344 kB
MemAvailable:    1387796 kB
Buffers:           85184 kB
Cached:          1076320 kB
MemTotal:        1844596 kB
MemFree:          262344 kB
MemAvailable:    1387796 kB
Buffers:           85184 kB
Cached:          1076320 kB
MemTotal:        1844596 kB
MemFree:          262268 kB
MemAvailable:    1387720 kB
Buffers:           85184 kB
Cached:          1076320 kB
MemTotal:        1844596 kB
MemFree:          262228 kB
MemAvailable:    1387680 kB
Buffers:           85184 kB
Cached:          1076320 kB
MemTotal:        1844596 kB
MemFree:          262196 kB
MemAvailable:    1387648 kB
Buffers:           85184 kB
Cached:          1076320 kB
MemTotal:        1844596 kB
MemFree:          262116 kB
MemAvailable:    1387568 kB
Buffers:           85184 kB
Cached:          1076320 kB
MemTotal:        1844596 kB
MemFree:          261104 kB
MemAvailable:    1386556 kB
Buffers:           85184 kB
Cached:          1076320 kB
MemTotal:        1844596 kB
MemFree:          261476 kB
MemAvailable:    1386928 kB
Buffers:           85184 kB
Cached:          1076320 kB
MemTotal:        1844596 kB
MemFree:          262364 kB
MemAvailable:    1387816 kB
Buffers:           85184 kB
Cached:          1076320 kB
MemTotal:        1844596 kB
MemFree:          261372 kB
MemAvailable:    1386824 kB
Buffers:           85184 kB
Cached:          1076320 kB
MemTotal:        1844596 kB
MemFree:          261868 kB
MemAvailable:    1387320 kB
Buffers:           85184 kB
Cached:          1076320 kB
MemTotal:        1844596 kB
MemFree:          261620 kB
MemAvailable:    1387072 kB
Buffers:           85184 kB
Cached:          1076320 kB
MemTotal:        1844596 kB
MemFree:          261592 kB
MemAvailable:    1387044 kB
Buffers:           85184 kB
Cached:          1076320 kB
MemTotal:        1844596 kB
MemFree:          261480 kB
MemAvailable:    1386932 kB
Buffers:           85184 kB
Cached:          1076320 kB
MemTotal:        1844596 kB
MemFree:          261292 kB
MemAvailable:    1386744 kB
Buffers:           85184 kB
Cached:          1076320 kB
MemTotal:        1844596 kB
MemFree:          261092 kB
MemAvailable:    1386544 kB
Buffers:           85184 kB
Cached:          1076320 kB
MemTotal:        1844596 kB
MemFree:          261176 kB
MemAvailable:    1386628 kB
Buffers:           85184 kB
Cached:          1076320 kB
MemTotal:        1844596 kB
MemFree:          260000 kB
MemAvailable:    1385452 kB
Buffers:           85184 kB
Cached:          1076320 kB
MemTotal:        1844596 kB
MemFree:          260252 kB
MemAvailable:    1385704 kB
Buffers:           85184 kB
Cached:          1076320 kB
MemTotal:        1844596 kB
MemFree:          255900 kB
MemAvailable:    1381352 kB
Buffers:           85184 kB
Cached:          1076320 kB
MemTotal:        1844596 kB
MemFree:          255988 kB
MemAvailable:    1381440 kB
Buffers:           85184 kB
Cached:          1076320 kB
MemTotal:        1844596 kB
MemFree:          251768 kB
MemAvailable:    1377228 kB
Buffers:           85184 kB
Cached:          1076328 kB
MemTotal:        1844596 kB
MemFree:          248980 kB
MemAvailable:    1374440 kB
Buffers:           85184 kB
Cached:          1076328 kB
MemTotal:        1844596 kB
MemFree:          245748 kB
MemAvailable:    1371208 kB
Buffers:           85184 kB
Cached:          1076328 kB
MemTotal:        1844596 kB
MemFree:          242772 kB
MemAvailable:    1368232 kB
Buffers:           85184 kB
Cached:          1076328 kB
MemTotal:        1844596 kB
MemFree:          242168 kB
MemAvailable:    1367628 kB
Buffers:           85184 kB
Cached:          1076328 kB
MemTotal:        1844596 kB
MemFree:          240424 kB
MemAvailable:    1365884 kB
Buffers:           85184 kB
Cached:          1076328 kB
MemTotal:        1844596 kB
MemFree:          238936 kB
MemAvailable:    1364396 kB
Buffers:           85184 kB
Cached:          1076328 kB
MemTotal:        1844596 kB
MemFree:          236640 kB
MemAvailable:    1362100 kB
Buffers:           85184 kB
Cached:          1076328 kB
MemTotal:        1844596 kB
MemFree:          235828 kB
MemAvailable:    1361288 kB
Buffers:           85184 kB
Cached:          1076328 kB
MemTotal:        1844596 kB
MemFree:          232984 kB
MemAvailable:    1358444 kB
Buffers:           85184 kB
Cached:          1076328 kB
MemTotal:        1844596 kB
MemFree:          230812 kB
MemAvailable:    1356272 kB
Buffers:           85184 kB
Cached:          1076328 kB
MemTotal:        1844596 kB
MemFree:          230488 kB
MemAvailable:    1355948 kB
Buffers:           85184 kB
Cached:          1076328 kB
MemTotal:        1844596 kB
MemFree:          229884 kB
MemAvailable:    1355344 kB
Buffers:           85184 kB
Cached:          1076328 kB
MemTotal:        1844596 kB
MemFree:          230436 kB
MemAvailable:    1355896 kB
Buffers:           85184 kB
Cached:          1076328 kB
MemTotal:        1844596 kB
MemFree:          230604 kB
MemAvailable:    1356064 kB
Buffers:           85184 kB
Cached:          1076328 kB
MemTotal:        1844596 kB
MemFree:          230544 kB
MemAvailable:    1356004 kB
Buffers:           85184 kB
Cached:          1076328 kB
MemTotal:        1844596 kB
MemFree:          229120 kB
MemAvailable:    1354580 kB
Buffers:           85184 kB
Cached:          1076328 kB
MemTotal:        1844596 kB
MemFree:          230248 kB
MemAvailable:    1355708 kB
Buffers:           85184 kB
Cached:          1076328 kB
MemTotal:        1844596 kB
MemFree:          230292 kB
MemAvailable:    1355752 kB
Buffers:           85184 kB
Cached:          1076328 kB
MemTotal:        1844596 kB
MemFree:          230356 kB
MemAvailable:    1355816 kB
Buffers:           85184 kB
Cached:          1076328 kB
MemTotal:        1844596 kB
MemFree:          230316 kB
MemAvailable:    1355776 kB
Buffers:           85184 kB
Cached:          1076328 kB
MemTotal:        1844596 kB
MemFree:          228280 kB
MemAvailable:    1353740 kB
Buffers:           85184 kB
Cached:          1076328 kB
MemTotal:        1844596 kB
MemFree:          229316 kB
MemAvailable:    1354776 kB
Buffers:           85184 kB
Cached:          1076328 kB
MemTotal:        1844596 kB
MemFree:          229276 kB
MemAvailable:    1354736 kB
Buffers:           85184 kB
Cached:          1076328 kB
MemTotal:        1844596 kB
MemFree:          229340 kB
MemAvailable:    1354800 kB
Buffers:           85184 kB
Cached:          1076328 kB
MemTotal:        1844596 kB
MemFree:          229812 kB
MemAvailable:    1355272 kB
Buffers:           85184 kB
Cached:          1076328 kB
MemTotal:        1844596 kB
MemFree:          229504 kB
MemAvailable:    1354964 kB
Buffers:           85184 kB
Cached:          1076328 kB
MemTotal:        1844596 kB
MemFree:          229504 kB
MemAvailable:    1354964 kB
Buffers:           85184 kB
Cached:          1076328 kB
MemTotal:        1844596 kB
MemFree:          229000 kB
MemAvailable:    1354460 kB
Buffers:           85184 kB
Cached:          1076328 kB
MemTotal:        1844596 kB
MemFree:          229256 kB
MemAvailable:    1354716 kB
Buffers:           85184 kB
Cached:          1076328 kB
MemTotal:        1844596 kB
MemFree:          227884 kB
MemAvailable:    1353344 kB
Buffers:           85184 kB
Cached:          1076328 kB
MemTotal:        1844596 kB
MemFree:          228256 kB
MemAvailable:    1353716 kB
Buffers:           85184 kB
Cached:          1076328 kB
MemTotal:        1844596 kB
MemFree:          228256 kB
MemAvailable:    1353716 kB
Buffers:           85184 kB
Cached:          1076328 kB
MemTotal:        1844596 kB
MemFree:          227952 kB
MemAvailable:    1353412 kB
Buffers:           85184 kB
Cached:          1076328 kB
MemTotal:        1844596 kB
MemFree:          228288 kB
MemAvailable:    1353748 kB
Buffers:           85184 kB
Cached:          1076328 kB
MemTotal:        1844596 kB
MemFree:          226536 kB
MemAvailable:    1351996 kB
Buffers:           85184 kB
Cached:          1076328 kB
MemTotal:        1844596 kB
MemFree:          226908 kB
MemAvailable:    1352368 kB
Buffers:           85184 kB
Cached:          1076328 kB
MemTotal:        1844596 kB
MemFree:          225296 kB
MemAvailable:    1350756 kB
Buffers:           85184 kB
Cached:          1076328 kB
MemTotal:        1844596 kB
MemFree:          226108 kB
MemAvailable:    1351568 kB
Buffers:           85184 kB
Cached:          1076328 kB
MemTotal:        1844596 kB
MemFree:          226292 kB
MemAvailable:    1351752 kB
Buffers:           85184 kB
Cached:          1076328 kB
MemTotal:        1844596 kB
MemFree:          225420 kB
MemAvailable:    1350756 kB
Buffers:           85184 kB
Cached:          1076328 kB
MemTotal:        1844596 kB
MemFree:          226596 kB
MemAvailable:    1352060 kB
Buffers:           85184 kB
Cached:          1076332 kB
MemTotal:        1844596 kB
MemFree:          225800 kB
MemAvailable:    1351264 kB
Buffers:           85184 kB
Cached:          1076332 kB
MemTotal:        1844596 kB
MemFree:          225124 kB
MemAvailable:    1350588 kB
Buffers:           85184 kB
Cached:          1076332 kB
MemTotal:        1844596 kB
MemFree:          226300 kB
MemAvailable:    1351764 kB
Buffers:           85184 kB
Cached:          1076332 kB
MemTotal:        1844596 kB
MemFree:          225296 kB
MemAvailable:    1350760 kB
Buffers:           85184 kB
Cached:          1076332 kB
MemTotal:        1844596 kB
MemFree:          226096 kB
MemAvailable:    1351560 kB
Buffers:           85184 kB
Cached:          1076332 kB
MemTotal:        1844596 kB
MemFree:          226288 kB
MemAvailable:    1351752 kB
Buffers:           85184 kB
Cached:          1076332 kB
MemTotal:        1844596 kB
MemFree:          226092 kB
MemAvailable:    1351556 kB
Buffers:           85184 kB
Cached:          1076332 kB
MemTotal:        1844596 kB
MemFree:          226176 kB
MemAvailable:    1351640 kB
Buffers:           85184 kB
Cached:          1076332 kB
MemTotal:        1844596 kB
MemFree:          226000 kB
MemAvailable:    1351464 kB
Buffers:           85184 kB
Cached:          1076332 kB
MemTotal:        1844596 kB
MemFree:          226168 kB
MemAvailable:    1351632 kB
Buffers:           85184 kB
Cached:          1076332 kB
MemTotal:        1844596 kB
MemFree:          226200 kB
MemAvailable:    1351664 kB
Buffers:           85184 kB
Cached:          1076332 kB
MemTotal:        1844596 kB
MemFree:          226372 kB
MemAvailable:    1351836 kB
Buffers:           85184 kB
Cached:          1076332 kB
MemTotal:        1844596 kB
MemFree:          226472 kB
MemAvailable:    1351936 kB
Buffers:           85184 kB
Cached:          1076332 kB
MemTotal:        1844596 kB
MemFree:          226476 kB
MemAvailable:    1351940 kB
Buffers:           85184 kB
Cached:          1076332 kB
MemTotal:        1844596 kB
MemFree:          224784 kB
MemAvailable:    1350248 kB
Buffers:           85184 kB
Cached:          1076332 kB
MemTotal:        1844596 kB
MemFree:          226216 kB
MemAvailable:    1351680 kB
Buffers:           85184 kB
Cached:          1076332 kB
MemTotal:        1844596 kB
MemFree:          226156 kB
MemAvailable:    1351620 kB
Buffers:           85184 kB
Cached:          1076332 kB
MemTotal:        1844596 kB
MemFree:          226232 kB
MemAvailable:    1351696 kB
Buffers:           85184 kB
Cached:          1076332 kB
MemTotal:        1844596 kB
MemFree:          226400 kB
MemAvailable:    1351864 kB
Buffers:           85184 kB
Cached:          1076332 kB
MemTotal:        1844596 kB
MemFree:          226100 kB
MemAvailable:    1351564 kB
Buffers:           85184 kB
Cached:          1076332 kB
MemTotal:        1844596 kB
MemFree:          226352 kB
MemAvailable:    1351816 kB
Buffers:           85184 kB
Cached:          1076332 kB
MemTotal:        1844596 kB
MemFree:          225036 kB
MemAvailable:    1350500 kB
Buffers:           85184 kB
Cached:          1076332 kB
MemTotal:        1844596 kB
MemFree:          224988 kB
MemAvailable:    1350452 kB
Buffers:           85184 kB
Cached:          1076332 kB
MemTotal:        1844596 kB
MemFree:          226264 kB
MemAvailable:    1351728 kB
Buffers:           85184 kB
Cached:          1076332 kB
MemTotal:        1844596 kB
MemFree:          226264 kB
MemAvailable:    1351728 kB
Buffers:           85184 kB
Cached:          1076332 kB
MemTotal:        1844596 kB
MemFree:          226332 kB
MemAvailable:    1351796 kB
Buffers:           85184 kB
Cached:          1076332 kB
MemTotal:        1844596 kB
MemFree:          225784 kB
MemAvailable:    1351248 kB
Buffers:           85184 kB
Cached:          1076332 kB
MemTotal:        1844596 kB
MemFree:          226280 kB
MemAvailable:    1351744 kB
Buffers:           85184 kB
Cached:          1076332 kB
MemTotal:        1844596 kB
MemFree:          226324 kB
MemAvailable:    1351788 kB
Buffers:           85184 kB
Cached:          1076332 kB
MemTotal:        1844596 kB
MemFree:          225420 kB
MemAvailable:    1350884 kB
Buffers:           85184 kB
Cached:          1076332 kB
MemTotal:        1844596 kB
MemFree:          226404 kB
MemAvailable:    1351868 kB
Buffers:           85184 kB
Cached:          1076332 kB
MemTotal:        1844596 kB
MemFree:          226404 kB
MemAvailable:    1351868 kB
Buffers:           85184 kB
Cached:          1076332 kB
MemTotal:        1844596 kB
MemFree:          226168 kB
MemAvailable:    1351632 kB
Buffers:           85184 kB
Cached:          1076332 kB
MemTotal:        1844596 kB
MemFree:          226212 kB
MemAvailable:    1351676 kB
Buffers:           85184 kB
Cached:          1076332 kB
MemTotal:        1844596 kB
MemFree:          224856 kB
MemAvailable:    1350320 kB
Buffers:           85184 kB
Cached:          1076332 kB
MemTotal:        1844596 kB
MemFree:          225032 kB
MemAvailable:    1350496 kB
Buffers:           85184 kB
Cached:          1076332 kB
MemTotal:        1844596 kB
MemFree:          225112 kB
MemAvailable:    1350576 kB
Buffers:           85184 kB
Cached:          1076332 kB
MemTotal:        1844596 kB
MemFree:          220816 kB
MemAvailable:    1346284 kB
Buffers:           85184 kB
Cached:          1076336 kB
MemTotal:        1844596 kB
MemFree:          220200 kB
MemAvailable:    1345668 kB
Buffers:           85184 kB
Cached:          1076336 kB
MemTotal:        1844596 kB
MemFree:          218964 kB
MemAvailable:    1344432 kB
Buffers:           85184 kB
Cached:          1076336 kB
MemTotal:        1844596 kB
MemFree:          219900 kB
MemAvailable:    1345368 kB
Buffers:           85184 kB
Cached:          1076336 kB
MemTotal:        1844596 kB
MemFree:          219824 kB
MemAvailable:    1345292 kB
Buffers:           85184 kB
Cached:          1076336 kB
MemTotal:        1844596 kB
MemFree:          219824 kB
MemAvailable:    1345292 kB
Buffers:           85184 kB
Cached:          1076336 kB
MemTotal:        1844596 kB
MemFree:          219520 kB
MemAvailable:    1344988 kB
Buffers:           85184 kB
Cached:          1076336 kB
MemTotal:        1844596 kB
MemFree:          219772 kB
MemAvailable:    1345240 kB
Buffers:           85184 kB
Cached:          1076336 kB
MemTotal:        1844596 kB
MemFree:          219760 kB
MemAvailable:    1345228 kB
Buffers:           85184 kB
Cached:          1076336 kB
MemTotal:        1844596 kB
MemFree:          218324 kB
MemAvailable:    1343792 kB
Buffers:           85184 kB
Cached:          1076336 kB
MemTotal:        1844596 kB
MemFree:          219516 kB
MemAvailable:    1344984 kB
Buffers:           85184 kB
Cached:          1076336 kB
MemTotal:        1844596 kB
MemFree:          219516 kB
MemAvailable:    1344984 kB
Buffers:           85184 kB
Cached:          1076336 kB
MemTotal:        1844596 kB
MemFree:          219736 kB
MemAvailable:    1345204 kB
Buffers:           85184 kB
Cached:          1076336 kB
MemTotal:        1844596 kB
MemFree:          219484 kB
MemAvailable:    1344952 kB
Buffers:           85184 kB
Cached:          1076336 kB
MemTotal:        1844596 kB
MemFree:          219500 kB
MemAvailable:    1344968 kB
Buffers:           85184 kB
Cached:          1076336 kB
MemTotal:        1844596 kB
MemFree:          219548 kB
MemAvailable:    1345184 kB
Buffers:           85184 kB
Cached:          1076584 kB
MemTotal:        1844596 kB
MemFree:          219152 kB
MemAvailable:    1344956 kB
Buffers:           85184 kB
Cached:          1076708 kB
MemTotal:        1844596 kB
MemFree:          219236 kB
MemAvailable:    1345040 kB
Buffers:           85184 kB
Cached:          1076708 kB
MemTotal:        1844596 kB
MemFree:          219132 kB
MemAvailable:    1345020 kB
Buffers:           85184 kB
Cached:          1076832 kB
MemTotal:        1844596 kB
MemFree:          217272 kB
MemAvailable:    1343328 kB
Buffers:           85184 kB
Cached:          1076956 kB
MemTotal:        1844596 kB
MemFree:          219288 kB
MemAvailable:    1345344 kB
Buffers:           85184 kB
Cached:          1076956 kB
MemTotal:        1844596 kB
MemFree:          218824 kB
MemAvailable:    1344880 kB
Buffers:           85184 kB
Cached:          1076956 kB
MemTotal:        1844596 kB
MemFree:          219080 kB
MemAvailable:    1345136 kB
Buffers:           85184 kB
Cached:          1076956 kB
MemTotal:        1844596 kB
MemFree:          217460 kB
MemAvailable:    1343516 kB
Buffers:           85184 kB
Cached:          1076956 kB
MemTotal:        1844596 kB
MemFree:          217708 kB
MemAvailable:    1343764 kB
Buffers:           85184 kB
Cached:          1076956 kB
MemTotal:        1844596 kB
MemFree:          217708 kB
MemAvailable:    1343764 kB
Buffers:           85184 kB
Cached:          1076956 kB
MemTotal:        1844596 kB
MemFree:          217832 kB
MemAvailable:    1343888 kB
Buffers:           85184 kB
Cached:          1076956 kB
MemTotal:        1844596 kB
MemFree:          219008 kB
MemAvailable:    1345064 kB
Buffers:           85184 kB
Cached:          1076956 kB
MemTotal:        1844596 kB
MemFree:          218708 kB
MemAvailable:    1344932 kB
Buffers:           85184 kB
Cached:          1077204 kB
MemTotal:        1844596 kB
MemFree:          218708 kB
MemAvailable:    1344932 kB
Buffers:           85184 kB
Cached:          1077204 kB
MemTotal:        1844596 kB
MemFree:          219260 kB
MemAvailable:    1344728 kB
Buffers:           85184 kB
Cached:          1076448 kB
MemTotal:        1844596 kB
MemFree:          303908 kB
MemAvailable:    1429376 kB
Buffers:           85184 kB
Cached:          1076448 kB
MemTotal:        1844596 kB
MemFree:          415976 kB
MemAvailable:    1541444 kB
Buffers:           85184 kB
Cached:          1076448 kB
