MemTotal:        1844596 kB
MemFree:          308720 kB
MemAvailable:    1546156 kB
Buffers:           92916 kB
Cached:          1172812 kB
MemTotal:        1844596 kB
MemFree:          282092 kB
MemAvailable:    1519540 kB
Buffers:           92916 kB
Cached:          1172816 kB
MemTotal:        1844596 kB
MemFree:          279356 kB
MemAvailable:    1516804 kB
Buffers:           92916 kB
Cached:          1172816 kB
MemTotal:        1844596 kB
MemFree:          278000 kB
MemAvailable:    1515448 kB
Buffers:           92916 kB
Cached:          1172816 kB
MemTotal:        1844596 kB
MemFree:          277752 kB
MemAvailable:    1515200 kB
Buffers:           92916 kB
Cached:          1172816 kB
MemTotal:        1844596 kB
MemFree:          277680 kB
MemAvailable:    1515128 kB
Buffers:           92916 kB
Cached:          1172816 kB
MemTotal:        1844596 kB
MemFree:          277008 kB
MemAvailable:    1514456 kB
Buffers:           92916 kB
Cached:          1172816 kB
MemTotal:        1844596 kB
MemFree:          274264 kB
MemAvailable:    1511712 kB
Buffers:           92916 kB
Cached:          1172816 kB
MemTotal:        1844596 kB
MemFree:          273916 kB
MemAvailable:    1511364 kB
Buffers:           92916 kB
Cached:          1172816 kB
MemTotal:        1844596 kB
MemFree:          271356 kB
MemAvailable:    1508804 kB
Buffers:           92916 kB
Cached:          1172816 kB
MemTotal:        1844596 kB
MemFree:          267644 kB
MemAvailable:    1505092 kB
Buffers:           92916 kB
Cached:          1172816 kB
MemTotal:        1844596 kB
MemFree:          267644 kB
MemAvailable:    1505092 kB
Buffers:           92916 kB
Cached:          1172816 kB
MemTotal:        1844596 kB
MemFree:          267768 kB
MemAvailable:    1505216 kB
Buffers:           92916 kB
Cached:          1172816 kB
MemTotal:        1844596 kB
MemFree:          267568 kB
MemAvailable:    1505016 kB
Buffers:           92916 kB
Cached:          1172816 kB
MemTotal:        1844596 kB
MemFree:          267820 kB
MemAvailable:    1505268 kB
Buffers:           92916 kB
Cached:          1172816 kB
MemTotal:        1844596 kB
MemFree:          267528 kB
MemAvailable:    1504976 kB
Buffers:           92916 kB
Cached:          1172816 kB
MemTotal:        1844596 kB
MemFree:          267332 kB
MemAvailable:    1504780 kB
Buffers:           92916 kB
Cached:          1172816 kB
MemTotal:        1844596 kB
MemFree:          266104 kB
MemAvailable:    1503552 kB
Buffers:           92916 kB
Cached:          1172816 kB
MemTotal:        1844596 kB
MemFree:          266956 kB
MemAvailable:    1504404 kB
Buffers:           92916 kB
Cached:          1172816 kB
MemTotal:        1844596 kB
MemFree:          267292 kB
MemAvailable:    1504740 kB
Buffers:           92916 kB
Cached:          1172816 kB
MemTotal:        1844596 kB
MemFree:          267080 kB
MemAvailable:    1504528 kB
Buffers:           92916 kB
Cached:          1172816 kB
MemTotal:        1844596 kB
MemFree:          267208 kB
MemAvailable:    1504656 kB
Buffers:           92916 kB
Cached:          1172816 kB
MemTotal:        1844596 kB
MemFree:          266776 kB
MemAvailable:    1504224 kB
Buffers:           92916 kB
Cached:          1172816 kB
MemTotal:        1844596 kB
MemFree:          265676 kB
MemAvailable:    1503124 kB
Buffers:           92916 kB
Cached:          1172816 kB
MemTotal:        1844596 kB
MemFree:          265352 kB
MemAvailable:    1502800 kB
Buffers:           92916 kB
Cached:          1172816 kB
MemTotal:        1844596 kB
MemFree:          266528 kB
MemAvailable:    1503976 kB
Buffers:           92916 kB
Cached:          1172816 kB
MemTotal:        1844596 kB
MemFree:          264980 kB
MemAvailable:    1502428 kB
Buffers:           92916 kB
Cached:          1172816 kB
MemTotal:        1844596 kB
MemFree:          265956 kB
MemAvailable:    1503404 kB
Buffers:           92916 kB
Cached:          1172816 kB
MemTotal:        1844596 kB
MemFree:          265956 kB
MemAvailable:    1503404 kB
Buffers:           92916 kB
Cached:          1172816 kB
MemTotal:        1844596 kB
MemFree:          265104 kB
MemAvailable:    1502552 kB
Buffers:           92916 kB
Cached:          1172816 kB
MemTotal:        1844596 kB
MemFree:          263980 kB
MemAvailable:    1501428 kB
Buffers:           92916 kB
Cached:          1172816 kB
MemTotal:        1844596 kB
MemFree:          263616 kB
MemAvailable:    1501064 kB
Buffers:           92916 kB
Cached:          1172816 kB
MemTotal:        1844596 kB
MemFree:          264592 kB
MemAvailable:    1502040 kB
Buffers:           92916 kB
Cached:          1172816 kB
MemTotal:        1844596 kB
MemFree:          264592 kB
MemAvailable:    1502040 kB
Buffers:           92916 kB
Cached:          1172816 kB
MemTotal:        1844596 kB
MemFree:          264596 kB
MemAvailable:    1502044 kB
Buffers:           92916 kB
Cached:          1172816 kB
MemTotal:        1844596 kB
MemFree:          264524 kB
MemAvailable:    1501972 kB
Buffers:           92916 kB
Cached:          1172816 kB
MemTotal:        1844596 kB
MemFree:          264608 kB
MemAvailable:    1502056 kB
Buffers:           92916 kB
Cached:          1172816 kB
MemTotal:        1844596 kB
MemFree:          266016 kB
MemAvailable:    1503464 kB
Buffers:           92916 kB
Cached:          1172816 kB
MemTotal:        1844596 kB
MemFree:          265236 kB
MemAvailable:    1502684 kB
Buffers:           92916 kB
Cached:          1172816 kB
MemTotal:        1844596 kB
MemFree:          263468 kB
MemAvailable:    1500920 kB
Buffers:           92916 kB
Cached:          1172820 kB
MemTotal:        1844596 kB
MemFree:          263368 kB
MemAvailable:    1500820 kB
Buffers:           92916 kB
Cached:          1172820 kB
MemTotal:        1844596 kB
MemFree:          259648 kB
MemAvailable:    1497100 kB
Buffers:           92916 kB
Cached:          1172820 kB
MemTotal:        1844596 kB
MemFree:          261048 kB
MemAvailable:    1498500 kB
Buffers:           92916 kB
Cached:          1172820 kB
MemTotal:        1844596 kB
MemFree:          261004 kB
MemAvailable:    1498456 kB
Buffers:           92916 kB
Cached:          1172820 kB
MemTotal:        1844596 kB
MemFree:          260808 kB
MemAvailable:    1498260 kB
Buffers:           92916 kB
Cached:          1172820 kB
MemTotal:        1844596 kB
MemFree:          259524 kB
MemAvailable:    1496976 kB
Buffers:           92916 kB
Cached:          1172820 kB
MemTotal:        1844596 kB
MemFree:          260640 kB
MemAvailable:    1498092 kB
Buffers:           92916 kB
Cached:          1172820 kB
MemTotal:        1844596 kB
MemFree:          260632 kB
MemAvailable:    1498084 kB
Buffers:           92916 kB
Cached:          1172820 kB
MemTotal:        1844596 kB
MemFree:          260088 kB
MemAvailable:    1497540 kB
Buffers:           92916 kB
Cached:          1172820 kB
MemTotal:        1844596 kB
MemFree:          259772 kB
MemAvailable:    1497224 kB
Buffers:           92916 kB
Cached:          1172820 kB
MemTotal:        1844596 kB
MemFree:          259948 kB
MemAvailable:    1497400 kB
Buffers:           92916 kB
Cached:          1172820 kB
MemTotal:        1844596 kB
MemFree:          260200 kB
MemAvailable:    1497652 kB
Buffers:           92916 kB
Cached:          1172820 kB
MemTotal:        1844596 kB
MemFree:          259944 kB
MemAvailable:    1497396 kB
Buffers:           92916 kB
Cached:          1172820 kB
MemTotal:        1844596 kB
MemFree:          259224 kB
MemAvailable:    1496676 kB
Buffers:           92916 kB
Cached:          1172820 kB
MemTotal:        1844596 kB
MemFree:          258968 kB
MemAvailable:    1496420 kB
Buffers:           92916 kB
Cached:          1172820 kB
MemTotal:        1844596 kB
MemFree:          260180 kB
MemAvailable:    1497632 kB
Buffers:           92916 kB
Cached:          1172820 kB
MemTotal:        1844596 kB
MemFree:          256044 kB
MemAvailable:    1493496 kB
Buffers:           92916 kB
Cached:          1172820 kB
MemTotal:        1844596 kB
MemFree:          256044 kB
MemAvailable:    1493496 kB
Buffers:           92916 kB
Cached:          1172820 kB
MemTotal:        1844596 kB
MemFree:          254176 kB
MemAvailable:    1491628 kB
Buffers:           92916 kB
Cached:          1172820 kB
MemTotal:        1844596 kB
MemFree:          253696 kB
MemAvailable:    1491148 kB
Buffers:           92916 kB
Cached:          1172820 kB
MemTotal:        1844596 kB
MemFree:          253756 kB
MemAvailable:    1491208 kB
Buffers:           92916 kB
Cached:          1172820 kB
MemTotal:        1844596 kB
MemFree:          254092 kB
MemAvailable:    1491544 kB
Buffers:           92916 kB
Cached:          1172820 kB
MemTotal:        1844596 kB
MemFree:          251216 kB
MemAvailable:    1488668 kB
Buffers:           92916 kB
Cached:          1172820 kB
MemTotal:        1844596 kB
MemFree:          251572 kB
MemAvailable:    1489024 kB
Buffers:           92916 kB
Cached:          1172820 kB
MemTotal:        1844596 kB
MemFree:          251656 kB
MemAvailable:    1489108 kB
Buffers:           92916 kB
Cached:          1172820 kB
MemTotal:        1844596 kB
MemFree:          251436 kB
MemAvailable:    1488888 kB
Buffers:           92916 kB
Cached:          1172820 kB
MemTotal:        1844596 kB
MemFree:          251772 kB
MemAvailable:    1489224 kB
Buffers:           92916 kB
Cached:          1172820 kB
MemTotal:        1844596 kB
MemFree:          251304 kB
MemAvailable:    1488756 kB
Buffers:           92916 kB
Cached:          1172820 kB
MemTotal:        1844596 kB
MemFree:          250916 kB
MemAvailable:    1488368 kB
Buffers:           92916 kB
Cached:          1172820 kB
MemTotal:        1844596 kB
MemFree:          251712 kB
MemAvailable:    1489164 kB
Buffers:           92916 kB
Cached:          1172820 kB
MemTotal:        1844596 kB
MemFree:          250472 kB
MemAvailable:    1487924 kB
Buffers:           92916 kB
Cached:          1172820 kB
MemTotal:        1844596 kB
MemFree:          251640 kB
MemAvailable:    1489092 kB
Buffers:           92916 kB
Cached:          1172820 kB
MemTotal:        1844596 kB
MemFree:          250480 kB
MemAvailable:    1487932 kB
Buffers:           92916 kB
Cached:          1172820 kB
MemTotal:        1844596 kB
MemFree:          251588 kB
MemAvailable:    1489040 kB
Buffers:           92916 kB
Cached:          1172820 kB
MemTotal:        1844596 kB
MemFree:          250472 kB
MemAvailable:    1487924 kB
Buffers:           92916 kB
Cached:          1172820 kB
MemTotal:        1844596 kB
MemFree:          251524 kB
MemAvailable:    1488976 kB
Buffers:           92916 kB
Cached:          1172820 kB
MemTotal:        1844596 kB
MemFree:          251152 kB
MemAvailable:    1488604 kB
Buffers:           92916 kB
Cached:          1172820 kB
MemTotal:        1844596 kB
MemFree:          249844 kB
MemAvailable:    1487296 kB
Buffers:           92916 kB
Cached:          1172820 kB
MemTotal:        1844596 kB
MemFree:          249844 kB
MemAvailable:    1487296 kB
Buffers:           92916 kB
Cached:          1172820 kB
MemTotal:        1844596 kB
MemFree:          249968 kB
MemAvailable:    1487420 kB
Buffers:           92916 kB
Cached:          1172820 kB
MemTotal:        1844596 kB
MemFree:          249912 kB
MemAvailable:    1487364 kB
Buffers:           92916 kB
Cached:          1172820 kB
MemTotal:        1844596 kB
MemFree:          251064 kB
MemAvailable:    1488516 kB
Buffers:           92916 kB
Cached:          1172820 kB
MemTotal:        1844596 kB
MemFree:          251316 kB
MemAvailable:    1488768 kB
Buffers:           92916 kB
Cached:          1172820 kB
MemTotal:        1844596 kB
MemFree:          250996 kB
MemAvailable:    1488448 kB
Buffers:           92916 kB
Cached:          1172820 kB
MemTotal:        1844596 kB
MemFree:          247248 kB
MemAvailable:    1484700 kB
Buffers:           92916 kB
Cached:          1172820 kB
MemTotal:        1844596 kB
MemFree:          244008 kB
MemAvailable:    1481460 kB
Buffers:           92916 kB
Cached:          1172820 kB
MemTotal:        1844596 kB
MemFree:          244008 kB
MemAvailable:    1481460 kB
Buffers:           92916 kB
Cached:          1172820 kB
MemTotal:        1844596 kB
MemFree:          242768 kB
MemAvailable:    1480220 kB
Buffers:           92916 kB
Cached:          1172820 kB
MemTotal:        1844596 kB
MemFree:          243104 kB
MemAvailable:    1480556 kB
Buffers:           92916 kB
Cached:          1172820 kB
MemTotal:        1844596 kB
MemFree:          241528 kB
MemAvailable:    1478980 kB
Buffers:           92916 kB
Cached:          1172820 kB
MemTotal:        1844596 kB
MemFree:          242884 kB
MemAvailable:    1480336 kB
Buffers:           92916 kB
Cached:          1172820 kB
MemTotal:        1844596 kB
MemFree:          242496 kB
MemAvailable:    1479948 kB
Buffers:           92916 kB
Cached:          1172820 kB
MemTotal:        1844596 kB
MemFree:          241420 kB
MemAvailable:    1478872 kB
Buffers:           92916 kB
Cached:          1172820 kB
MemTotal:        1844596 kB
MemFree:          242136 kB
MemAvailable:    1479588 kB
Buffers:           92916 kB
Cached:          1172820 kB
MemTotal:        1844596 kB
MemFree:          242472 kB
MemAvailable:    1479924 kB
Buffers:           92916 kB
Cached:          1172820 kB
MemTotal:        1844596 kB
MemFree:          242272 kB
MemAvailable:    1479724 kB
Buffers:           92916 kB
Cached:          1172820 kB
MemTotal:        1844596 kB
MemFree:          241916 kB
MemAvailable:    1479368 kB
Buffers:           92916 kB
Cached:          1172820 kB
MemTotal:        1844596 kB
MemFree:          242400 kB
MemAvailable:    1479852 kB
Buffers:           92916 kB
Cached:          1172820 kB
MemTotal:        1844596 kB
MemFree:          242412 kB
MemAvailable:    1479864 kB
Buffers:           92916 kB
Cached:          1172820 kB
MemTotal:        1844596 kB
MemFree:          241272 kB
MemAvailable:    1478724 kB
Buffers:           92916 kB
Cached:          1172820 kB
MemTotal:        1844596 kB
MemFree:          242448 kB
MemAvailable:    1479900 kB
Buffers:           92916 kB
Cached:          1172820 kB
MemTotal:        1844596 kB
MemFree:          242348 kB
MemAvailable:    1479800 kB
Buffers:           92916 kB
Cached:          1172820 kB
MemTotal:        1844596 kB
MemFree:          241000 kB
MemAvailable:    1478452 kB
Buffers:           92916 kB
Cached:          1172820 kB
MemTotal:        1844596 kB
MemFree:          242100 kB
MemAvailable:    1479552 kB
Buffers:           92916 kB
Cached:          1172820 kB
MemTotal:        1844596 kB
MemFree:          242436 kB
MemAvailable:    1479888 kB
Buffers:           92916 kB
Cached:          1172820 kB
MemTotal:        1844596 kB
MemFree:          241172 kB
MemAvailable:    1478624 kB
Buffers:           92916 kB
Cached:          1172820 kB
MemTotal:        1844596 kB
MemFree:          241000 kB
MemAvailable:    1478452 kB
Buffers:           92916 kB
Cached:          1172820 kB
MemTotal:        1844596 kB
MemFree:          242272 kB
MemAvailable:    1479724 kB
Buffers:           92916 kB
Cached:          1172820 kB
MemTotal:        1844596 kB
MemFree:          242272 kB
MemAvailable:    1479724 kB
Buffers:           92916 kB
Cached:          1172820 kB
MemTotal:        1844596 kB
MemFree:          241172 kB
MemAvailable:    1478624 kB
Buffers:           92916 kB
Cached:          1172820 kB
MemTotal:        1844596 kB
MemFree:          241372 kB
MemAvailable:    1478824 kB
Buffers:           92916 kB
Cached:          1172820 kB
MemTotal:        1844596 kB
MemFree:          242476 kB
MemAvailable:    1479928 kB
Buffers:           92916 kB
Cached:          1172820 kB
MemTotal:        1844596 kB
MemFree:          240668 kB
MemAvailable:    1478120 kB
Buffers:           92916 kB
Cached:          1172820 kB
MemTotal:        1844596 kB
MemFree:          240552 kB
MemAvailable:    1478004 kB
Buffers:           92916 kB
Cached:          1172820 kB
MemTotal:        1844596 kB
MemFree:          234840 kB
MemAvailable:    1472292 kB
Buffers:           92916 kB
Cached:          1172820 kB
MemTotal:        1844596 kB
MemFree:          234608 kB
MemAvailable:    1472060 kB
Buffers:           92916 kB
Cached:          1172820 kB
MemTotal:        1844596 kB
MemFree:          233536 kB
MemAvailable:    1470988 kB
Buffers:           92916 kB
Cached:          1172820 kB
MemTotal:        1844596 kB
MemFree:          233296 kB
MemAvailable:    1470748 kB
Buffers:           92916 kB
Cached:          1172820 kB
MemTotal:        1844596 kB
MemFree:          232924 kB
MemAvailable:    1470376 kB
Buffers:           92916 kB
Cached:          1172820 kB
MemTotal:        1844596 kB
MemFree:          231376 kB
MemAvailable:    1468828 kB
Buffers:           92916 kB
Cached:          1172820 kB
MemTotal:        1844596 kB
MemFree:          231560 kB
MemAvailable:    1469012 kB
Buffers:           92916 kB
Cached:          1172820 kB
MemTotal:        1844596 kB
MemFree:          230956 kB
MemAvailable:    1468420 kB
Buffers:           92916 kB
Cached:          1172832 kB
MemTotal:        1844596 kB
MemFree:          230956 kB
MemAvailable:    1468420 kB
Buffers:           92916 kB
Cached:          1172832 kB
MemTotal:        1844596 kB
MemFree:          230608 kB
MemAvailable:    1468072 kB
Buffers:           92916 kB
Cached:          1172832 kB
MemTotal:        1844596 kB
MemFree:          230692 kB
MemAvailable:    1468156 kB
Buffers:           92916 kB
Cached:          1172832 kB
MemTotal:        1844596 kB
MemFree:          230672 kB
MemAvailable:    1468136 kB
Buffers:           92916 kB
Cached:          1172832 kB
MemTotal:        1844596 kB
MemFree:          229100 kB
MemAvailable:    1466564 kB
Buffers:           92916 kB
Cached:          1172832 kB
MemTotal:        1844596 kB
MemFree:          230540 kB
MemAvailable:    1468004 kB
Buffers:           92916 kB
Cached:          1172832 kB
MemTotal:        1844596 kB
MemFree:          230792 kB
MemAvailable:    1468256 kB
Buffers:           92916 kB
Cached:          1172832 kB
MemTotal:        1844596 kB
MemFree:          229640 kB
MemAvailable:    1467104 kB
Buffers:           92916 kB
Cached:          1172832 kB
MemTotal:        1844596 kB
MemFree:          230684 kB
MemAvailable:    1468148 kB
Buffers:           92916 kB
Cached:          1172832 kB
MemTotal:        1844596 kB
MemFree:          230636 kB
MemAvailable:    1468100 kB
Buffers:           92916 kB
Cached:          1172832 kB
MemTotal:        1844596 kB
MemFree:          229328 kB
MemAvailable:    1466792 kB
Buffers:           92916 kB
Cached:          1172832 kB
MemTotal:        1844596 kB
MemFree:          230472 kB
MemAvailable:    1467936 kB
Buffers:           92916 kB
Cached:          1172832 kB
MemTotal:        1844596 kB
MemFree:          230724 kB
MemAvailable:    1468096 kB
Buffers:           92916 kB
Cached:          1172832 kB
MemTotal:        1844596 kB
MemFree:          229212 kB
MemAvailable:    1466676 kB
Buffers:           92916 kB
Cached:          1172832 kB
MemTotal:        1844596 kB
MemFree:          230512 kB
MemAvailable:    1467976 kB
Buffers:           92916 kB
Cached:          1172832 kB
MemTotal:        1844596 kB
MemFree:          229336 kB
MemAvailable:    1466800 kB
Buffers:           92916 kB
Cached:          1172832 kB
MemTotal:        1844596 kB
MemFree:          230700 kB
MemAvailable:    1468164 kB
Buffers:           92916 kB
Cached:          1172832 kB
MemTotal:        1844596 kB
MemFree:          229640 kB
MemAvailable:    1467104 kB
Buffers:           92916 kB
Cached:          1172832 kB
MemTotal:        1844596 kB
MemFree:          230624 kB
MemAvailable:    1468088 kB
Buffers:           92916 kB
Cached:          1172832 kB
MemTotal:        1844596 kB
MemFree:          230624 kB
MemAvailable:    1468088 kB
Buffers:           92916 kB
Cached:          1172832 kB
MemTotal:        1844596 kB
MemFree:          230512 kB
MemAvailable:    1467976 kB
Buffers:           92916 kB
Cached:          1172832 kB
MemTotal:        1844596 kB
MemFree:          229212 kB
MemAvailable:    1466676 kB
Buffers:           92916 kB
Cached:          1172832 kB
MemTotal:        1844596 kB
MemFree:          230440 kB
MemAvailable:    1467904 kB
Buffers:           92916 kB
Cached:          1172832 kB
MemTotal:        1844596 kB
MemFree:          230260 kB
MemAvailable:    1467724 kB
Buffers:           92916 kB
Cached:          1172832 kB
MemTotal:        1844596 kB
MemFree:          230548 kB
MemAvailable:    1468012 kB
Buffers:           92916 kB
Cached:          1172832 kB
MemTotal:        1844596 kB
MemFree:          230568 kB
MemAvailable:    1468032 kB
Buffers:           92916 kB
Cached:          1172832 kB
MemTotal:        1844596 kB
MemFree:          229764 kB
MemAvailable:    1467228 kB
Buffers:           92916 kB
Cached:          1172832 kB
MemTotal:        1844596 kB
MemFree:          230364 kB
MemAvailable:    1467828 kB
Buffers:           92916 kB
Cached:          1172832 kB
MemTotal:        1844596 kB
MemFree:          230620 kB
MemAvailable:    1468084 kB
Buffers:           92916 kB
Cached:          1172832 kB
MemTotal:        1844596 kB
MemFree:          230412 kB
MemAvailable:    1467876 kB
Buffers:           92916 kB
Cached:          1172832 kB
MemTotal:        1844596 kB
MemFree:          230412 kB
MemAvailable:    1467876 kB
Buffers:           92916 kB
Cached:          1172832 kB
MemTotal:        1844596 kB
MemFree:          230440 kB
MemAvailable:    1467904 kB
Buffers:           92916 kB
Cached:          1172832 kB
MemTotal:        1844596 kB
MemFree:          230692 kB
MemAvailable:    1468156 kB
Buffers:           92916 kB
Cached:          1172832 kB
MemTotal:        1844596 kB
MemFree:          230444 kB
MemAvailable:    1467908 kB
Buffers:           92916 kB
Cached:          1172832 kB
MemTotal:        1844596 kB
MemFree:          229392 kB
MemAvailable:    1466856 kB
Buffers:           92916 kB
Cached:          1172832 kB
MemTotal:        1844596 kB
MemFree:          230460 kB
MemAvailable:    1467924 kB
Buffers:           92916 kB
Cached:          1172832 kB
MemTotal:        1844596 kB
MemFree:          229380 kB
MemAvailable:    1466844 kB
Buffers:           92916 kB
Cached:          1172832 kB
MemTotal:        1844596 kB
MemFree:          230440 kB
MemAvailable:    1467904 kB
Buffers:           92916 kB
Cached:          1172832 kB
MemTotal:        1844596 kB
MemFree:          230012 kB
MemAvailable:    1467476 kB
Buffers:           92916 kB
Cached:          1172832 kB
MemTotal:        1844596 kB
MemFree:          229380 kB
MemAvailable:    1466844 kB
Buffers:           92916 kB
Cached:          1172832 kB
MemTotal:        1844596 kB
MemFree:          230620 kB
MemAvailable:    1468084 kB
Buffers:           92916 kB
Cached:          1172832 kB
MemTotal:        1844596 kB
MemFree:          229764 kB
MemAvailable:    1467228 kB
Buffers:           92916 kB
Cached:          1172832 kB
MemTotal:        1844596 kB
MemFree:          230364 kB
MemAvailable:    1467828 kB
Buffers:           92916 kB
Cached:          1172832 kB
MemTotal:        1844596 kB
MemFree:          230620 kB
MemAvailable:    1468084 kB
Buffers:           92916 kB
Cached:          1172832 kB
MemTotal:        1844596 kB
MemFree:          229376 kB
MemAvailable:    1466840 kB
Buffers:           92916 kB
Cached:          1172832 kB
MemTotal:        1844596 kB
MemFree:          230368 kB
MemAvailable:    1467832 kB
Buffers:           92916 kB
Cached:          1172832 kB
MemTotal:        1844596 kB
MemFree:          230368 kB
MemAvailable:    1467832 kB
Buffers:           92916 kB
Cached:          1172832 kB
MemTotal:        1844596 kB
MemFree:          230640 kB
MemAvailable:    1468104 kB
Buffers:           92916 kB
Cached:          1172832 kB
MemTotal:        1844596 kB
MemFree:          230256 kB
MemAvailable:    1467720 kB
Buffers:           92916 kB
Cached:          1172832 kB
MemTotal:        1844596 kB
MemFree:          230100 kB
MemAvailable:    1467564 kB
Buffers:           92916 kB
Cached:          1172832 kB
MemTotal:        1844596 kB
MemFree:          230184 kB
MemAvailable:    1467648 kB
Buffers:           92916 kB
Cached:          1172832 kB
MemTotal:        1844596 kB
MemFree:          230092 kB
MemAvailable:    1467556 kB
Buffers:           92916 kB
Cached:          1172832 kB
MemTotal:        1844596 kB
MemFree:          230344 kB
MemAvailable:    1467808 kB
Buffers:           92916 kB
Cached:          1172832 kB
MemTotal:        1844596 kB
MemFree:          230112 kB
MemAvailable:    1467576 kB
Buffers:           92916 kB
Cached:          1172832 kB
MemTotal:        1844596 kB
MemFree:          230196 kB
MemAvailable:    1467660 kB
Buffers:           92916 kB
Cached:          1172832 kB
MemTotal:        1844596 kB
MemFree:          228708 kB
MemAvailable:    1466172 kB
Buffers:           92916 kB
Cached:          1172832 kB
MemTotal:        1844596 kB
MemFree:          230132 kB
MemAvailable:    1467596 kB
Buffers:           92916 kB
Cached:          1172832 kB
MemTotal:        1844596 kB
MemFree:          228956 kB
MemAvailable:    1466420 kB
Buffers:           92916 kB
Cached:          1172832 kB
MemTotal:        1844596 kB
MemFree:          229756 kB
MemAvailable:    1467220 kB
Buffers:           92916 kB
Cached:          1172832 kB
MemTotal:        1844596 kB
MemFree:          229756 kB
MemAvailable:    1467220 kB
Buffers:           92916 kB
Cached:          1172832 kB
MemTotal:        1844596 kB
MemFree:          229496 kB
MemAvailable:    1466960 kB
Buffers:           92916 kB
Cached:          1172832 kB
MemTotal:        1844596 kB
MemFree:          229268 kB
MemAvailable:    1466732 kB
Buffers:           92916 kB
Cached:          1172832 kB
MemTotal:        1844596 kB
MemFree:          229508 kB
MemAvailable:    1466972 kB
Buffers:           92920 kB
Cached:          1172828 kB
MemTotal:        1844596 kB
MemFree:          229508 kB
MemAvailable:    1466972 kB
Buffers:           92920 kB
Cached:          1172828 kB
MemTotal:        1844596 kB
MemFree:          229468 kB
MemAvailable:    1466932 kB
Buffers:           92920 kB
Cached:          1172828 kB
MemTotal:        1844596 kB
MemFree:          228388 kB
MemAvailable:    1465852 kB
Buffers:           92920 kB
Cached:          1172828 kB
MemTotal:        1844596 kB
MemFree:          228388 kB
MemAvailable:    1465852 kB
Buffers:           92920 kB
Cached:          1172828 kB
MemTotal:        1844596 kB
MemFree:          228512 kB
MemAvailable:    1465976 kB
Buffers:           92920 kB
Cached:          1172828 kB
MemTotal:        1844596 kB
MemFree:          228512 kB
MemAvailable:    1465976 kB
Buffers:           92920 kB
Cached:          1172828 kB
MemTotal:        1844596 kB
MemFree:          229620 kB
MemAvailable:    1467084 kB
Buffers:           92920 kB
Cached:          1172828 kB
MemTotal:        1844596 kB
MemFree:          229620 kB
MemAvailable:    1467084 kB
Buffers:           92920 kB
Cached:          1172828 kB
MemTotal:        1844596 kB
MemFree:          228100 kB
MemAvailable:    1465564 kB
Buffers:           92920 kB
Cached:          1172828 kB
MemTotal:        1844596 kB
MemFree:          228080 kB
MemAvailable:    1465544 kB
Buffers:           92920 kB
Cached:          1172828 kB
MemTotal:        1844596 kB
MemFree:          229372 kB
MemAvailable:    1466836 kB
Buffers:           92920 kB
Cached:          1172828 kB
MemTotal:        1844596 kB
MemFree:          229440 kB
MemAvailable:    1466912 kB
Buffers:           92920 kB
Cached:          1172836 kB
MemTotal:        1844596 kB
MemFree:          226912 kB
MemAvailable:    1464384 kB
Buffers:           92920 kB
Cached:          1172836 kB
MemTotal:        1844596 kB
MemFree:          222308 kB
MemAvailable:    1459784 kB
Buffers:           92920 kB
Cached:          1172840 kB
MemTotal:        1844596 kB
MemFree:          222200 kB
MemAvailable:    1459676 kB
Buffers:           92920 kB
Cached:          1172840 kB
MemTotal:        1844596 kB
MemFree:          218232 kB
MemAvailable:    1455708 kB
Buffers:           92920 kB
Cached:          1172840 kB
MemTotal:        1844596 kB
MemFree:          217852 kB
MemAvailable:    1455328 kB
Buffers:           92920 kB
Cached:          1172840 kB
MemTotal:        1844596 kB
MemFree:          218788 kB
MemAvailable:    1456264 kB
Buffers:           92920 kB
Cached:          1172840 kB
MemTotal:        1844596 kB
MemFree:          218596 kB
MemAvailable:    1456072 kB
Buffers:           92920 kB
Cached:          1172840 kB
MemTotal:        1844596 kB
MemFree:          218456 kB
MemAvailable:    1455932 kB
Buffers:           92920 kB
Cached:          1172840 kB
MemTotal:        1844596 kB
MemFree:          218540 kB
MemAvailable:    1456016 kB
Buffers:           92920 kB
Cached:          1172840 kB
MemTotal:        1844596 kB
MemFree:          218168 kB
MemAvailable:    1455644 kB
Buffers:           92920 kB
Cached:          1172840 kB
MemTotal:        1844596 kB
MemFree:          217868 kB
MemAvailable:    1455344 kB
Buffers:           92920 kB
Cached:          1172840 kB
MemTotal:        1844596 kB
MemFree:          216612 kB
MemAvailable:    1454088 kB
Buffers:           92920 kB
Cached:          1172840 kB
MemTotal:        1844596 kB
MemFree:          216000 kB
MemAvailable:    1453476 kB
Buffers:           92920 kB
Cached:          1172840 kB
MemTotal:        1844596 kB
MemFree:          216240 kB
MemAvailable:    1453716 kB
Buffers:           92920 kB
Cached:          1172840 kB
MemTotal:        1844596 kB
MemFree:          216132 kB
MemAvailable:    1453608 kB
Buffers:           92920 kB
Cached:          1172840 kB
MemTotal:        1844596 kB
MemFree:          215984 kB
MemAvailable:    1453460 kB
Buffers:           92920 kB
Cached:          1172840 kB
MemTotal:        1844596 kB
MemFree:          216236 kB
MemAvailable:    1453712 kB
Buffers:           92920 kB
Cached:          1172840 kB
MemTotal:        1844596 kB
MemFree:          216064 kB
MemAvailable:    1453540 kB
Buffers:           92920 kB
Cached:          1172840 kB
MemTotal:        1844596 kB
MemFree:          216132 kB
MemAvailable:    1453608 kB
Buffers:           92920 kB
Cached:          1172840 kB
MemTotal:        1844596 kB
MemFree:          214628 kB
MemAvailable:    1452104 kB
Buffers:           92920 kB
Cached:          1172840 kB
MemTotal:        1844596 kB
MemFree:          216116 kB
MemAvailable:    1453592 kB
Buffers:           92920 kB
Cached:          1172840 kB
MemTotal:        1844596 kB
MemFree:          216116 kB
MemAvailable:    1453592 kB
Buffers:           92920 kB
Cached:          1172840 kB
MemTotal:        1844596 kB
MemFree:          216000 kB
MemAvailable:    1453476 kB
Buffers:           92920 kB
Cached:          1172840 kB
MemTotal:        1844596 kB
MemFree:          214884 kB
MemAvailable:    1452360 kB
Buffers:           92920 kB
Cached:          1172840 kB
MemTotal:        1844596 kB
MemFree:          214960 kB
MemAvailable:    1452436 kB
Buffers:           92920 kB
Cached:          1172840 kB
MemTotal:        1844596 kB
MemFree:          216116 kB
MemAvailable:    1453592 kB
Buffers:           92920 kB
Cached:          1172840 kB
MemTotal:        1844596 kB
MemFree:          216056 kB
MemAvailable:    1453532 kB
Buffers:           92920 kB
Cached:          1172840 kB
MemTotal:        1844596 kB
MemFree:          216224 kB
MemAvailable:    1453700 kB
Buffers:           92920 kB
Cached:          1172840 kB
MemTotal:        1844596 kB
MemFree:          214704 kB
MemAvailable:    1452180 kB
Buffers:           92920 kB
Cached:          1172840 kB
MemTotal:        1844596 kB
MemFree:          215496 kB
MemAvailable:    1452972 kB
Buffers:           92920 kB
Cached:          1172840 kB
MemTotal:        1844596 kB
MemFree:          214892 kB
MemAvailable:    1452368 kB
Buffers:           92920 kB
Cached:          1172840 kB
MemTotal:        1844596 kB
MemFree:          213644 kB
MemAvailable:    1451120 kB
Buffers:           92920 kB
Cached:          1172840 kB
MemTotal:        1844596 kB
MemFree:          214512 kB
MemAvailable:    1451988 kB
Buffers:           92920 kB
Cached:          1172840 kB
MemTotal:        1844596 kB
MemFree:          213876 kB
MemAvailable:    1451352 kB
Buffers:           92920 kB
Cached:          1172840 kB
MemTotal:        1844596 kB
MemFree:          213960 kB
MemAvailable:    1451436 kB
Buffers:           92920 kB
Cached:          1172840 kB
MemTotal:        1844596 kB
MemFree:          213712 kB
MemAvailable:    1451188 kB
Buffers:           92920 kB
Cached:          1172840 kB
MemTotal:        1844596 kB
MemFree:          213936 kB
MemAvailable:    1451412 kB
Buffers:           92920 kB
Cached:          1172840 kB
MemTotal:        1844596 kB
MemFree:          212148 kB
MemAvailable:    1449624 kB
Buffers:           92920 kB
Cached:          1172840 kB
MemTotal:        1844596 kB
MemFree:          213140 kB
MemAvailable:    1450616 kB
Buffers:           92920 kB
Cached:          1172840 kB
MemTotal:        1844596 kB
MemFree:          211164 kB
MemAvailable:    1448640 kB
Buffers:           92920 kB
Cached:          1172840 kB
MemTotal:        1844596 kB
MemFree:          211652 kB
MemAvailable:    1449128 kB
Buffers:           92920 kB
Cached:          1172840 kB
MemTotal:        1844596 kB
MemFree:          211652 kB
MemAvailable:    1449128 kB
Buffers:           92920 kB
Cached:          1172840 kB
MemTotal:        1844596 kB
MemFree:          210368 kB
MemAvailable:    1447844 kB
Buffers:           92920 kB
Cached:          1172840 kB
MemTotal:        1844596 kB
MemFree:          211224 kB
MemAvailable:    1448700 kB
Buffers:           92920 kB
Cached:          1172840 kB
MemTotal:        1844596 kB
MemFree:          211092 kB
MemAvailable:    1448568 kB
Buffers:           92920 kB
Cached:          1172840 kB
MemTotal:        1844596 kB
MemFree:          211224 kB
MemAvailable:    1448700 kB
Buffers:           92920 kB
Cached:          1172840 kB
MemTotal:        1844596 kB
MemFree:          209668 kB
MemAvailable:    1447144 kB
Buffers:           92920 kB
Cached:          1172840 kB
MemTotal:        1844596 kB
MemFree:          211092 kB
MemAvailable:    1448568 kB
Buffers:           92920 kB
Cached:          1172840 kB
MemTotal:        1844596 kB
MemFree:          210860 kB
MemAvailable:    1448336 kB
Buffers:           92920 kB
Cached:          1172840 kB
MemTotal:        1844596 kB
MemFree:          209924 kB
MemAvailable:    1447276 kB
Buffers:           92920 kB
Cached:          1172840 kB
MemTotal:        1844596 kB
MemFree:          210988 kB
MemAvailable:    1448464 kB
Buffers:           92920 kB
Cached:          1172840 kB
MemTotal:        1844596 kB
MemFree:          209616 kB
MemAvailable:    1447092 kB
Buffers:           92920 kB
Cached:          1172840 kB
MemTotal:        1844596 kB
MemFree:          210792 kB
MemAvailable:    1448268 kB
Buffers:           92920 kB
Cached:          1172840 kB
MemTotal:        1844596 kB
MemFree:          209608 kB
MemAvailable:    1447084 kB
Buffers:           92920 kB
Cached:          1172840 kB
MemTotal:        1844596 kB
MemFree:          210716 kB
MemAvailable:    1448192 kB
Buffers:           92920 kB
Cached:          1172840 kB
MemTotal:        1844596 kB
MemFree:          210716 kB
MemAvailable:    1448192 kB
Buffers:           92920 kB
Cached:          1172840 kB
MemTotal:        1844596 kB
MemFree:          209344 kB
MemAvailable:    1446820 kB
Buffers:           92920 kB
Cached:          1172840 kB
MemTotal:        1844596 kB
MemFree:          209924 kB
MemAvailable:    1447400 kB
Buffers:           92920 kB
Cached:          1172840 kB
MemTotal:        1844596 kB
MemFree:          210968 kB
MemAvailable:    1448448 kB
Buffers:           92920 kB
Cached:          1172844 kB
MemTotal:        1844596 kB
MemFree:          209924 kB
MemAvailable:    1447404 kB
Buffers:           92920 kB
Cached:          1172844 kB
MemTotal:        1844596 kB
MemFree:          210516 kB
MemAvailable:    1447996 kB
Buffers:           92920 kB
Cached:          1172844 kB
MemTotal:        1844596 kB
MemFree:          210600 kB
MemAvailable:    1448080 kB
Buffers:           92920 kB
Cached:          1172844 kB
MemTotal:        1844596 kB
MemFree:          210648 kB
MemAvailable:    1448128 kB
Buffers:           92920 kB
Cached:          1172844 kB
MemTotal:        1844596 kB
MemFree:          210800 kB
MemAvailable:    1448280 kB
Buffers:           92920 kB
Cached:          1172844 kB
MemTotal:        1844596 kB
MemFree:          209380 kB
MemAvailable:    1446860 kB
Buffers:           92920 kB
Cached:          1172844 kB
MemTotal:        1844596 kB
MemFree:          209492 kB
MemAvailable:    1446972 kB
Buffers:           92920 kB
Cached:          1172844 kB
MemTotal:        1844596 kB
MemFree:          210528 kB
MemAvailable:    1448008 kB
Buffers:           92920 kB
Cached:          1172844 kB
MemTotal:        1844596 kB
MemFree:          210668 kB
MemAvailable:    1448148 kB
Buffers:           92920 kB
Cached:          1172844 kB
MemTotal:        1844596 kB
MemFree:          210708 kB
MemAvailable:    1448188 kB
Buffers:           92920 kB
Cached:          1172844 kB
MemTotal:        1844596 kB
MemFree:          209408 kB
MemAvailable:    1446888 kB
Buffers:           92920 kB
Cached:          1172844 kB
MemTotal:        1844596 kB
MemFree:          209288 kB
MemAvailable:    1446768 kB
Buffers:           92920 kB
Cached:          1172844 kB
MemTotal:        1844596 kB
MemFree:          209372 kB
MemAvailable:    1446852 kB
Buffers:           92920 kB
Cached:          1172844 kB
MemTotal:        1844596 kB
MemFree:          208984 kB
MemAvailable:    1446464 kB
Buffers:           92920 kB
Cached:          1172844 kB
MemTotal:        1844596 kB
MemFree:          209320 kB
MemAvailable:    1446800 kB
Buffers:           92920 kB
Cached:          1172844 kB
MemTotal:        1844596 kB
MemFree:          207568 kB
MemAvailable:    1445048 kB
Buffers:           92920 kB
Cached:          1172844 kB
MemTotal:        1844596 kB
MemFree:          205212 kB
MemAvailable:    1442692 kB
Buffers:           92920 kB
Cached:          1172844 kB
MemTotal:        1844596 kB
MemFree:          202848 kB
MemAvailable:    1440328 kB
Buffers:           92920 kB
Cached:          1172844 kB
MemTotal:        1844596 kB
MemFree:          202856 kB
MemAvailable:    1440336 kB
Buffers:           92920 kB
Cached:          1172844 kB
MemTotal:        1844596 kB
MemFree:          197012 kB
MemAvailable:    1434496 kB
Buffers:           92920 kB
Cached:          1172848 kB
MemTotal:        1844596 kB
MemFree:          196904 kB
MemAvailable:    1434388 kB
Buffers:           92920 kB
Cached:          1172848 kB
MemTotal:        1844596 kB
MemFree:          192812 kB
MemAvailable:    1430300 kB
Buffers:           92920 kB
Cached:          1172852 kB
MemTotal:        1844596 kB
MemFree:          192376 kB
MemAvailable:    1429864 kB
Buffers:           92920 kB
Cached:          1172852 kB
MemTotal:        1844596 kB
MemFree:          191076 kB
MemAvailable:    1428564 kB
Buffers:           92920 kB
Cached:          1172852 kB
MemTotal:        1844596 kB
MemFree:          192000 kB
MemAvailable:    1429488 kB
Buffers:           92920 kB
Cached:          1172852 kB
MemTotal:        1844596 kB
MemFree:          192252 kB
MemAvailable:    1429740 kB
Buffers:           92920 kB
Cached:          1172852 kB
MemTotal:        1844596 kB
MemFree:          191928 kB
MemAvailable:    1429416 kB
Buffers:           92920 kB
Cached:          1172852 kB
MemTotal:        1844596 kB
MemFree:          190680 kB
MemAvailable:    1428168 kB
Buffers:           92920 kB
Cached:          1172852 kB
MemTotal:        1844596 kB
MemFree:          191856 kB
MemAvailable:    1429344 kB
Buffers:           92920 kB
Cached:          1172852 kB
MemTotal:        1844596 kB
MemFree:          191724 kB
MemAvailable:    1429212 kB
Buffers:           92920 kB
Cached:          1172852 kB
MemTotal:        1844596 kB
MemFree:          191976 kB
MemAvailable:    1429464 kB
Buffers:           92920 kB
Cached:          1172852 kB
MemTotal:        1844596 kB
MemFree:          191532 kB
MemAvailable:    1429020 kB
Buffers:           92920 kB
Cached:          1172852 kB
MemTotal:        1844596 kB
MemFree:          191676 kB
MemAvailable:    1429164 kB
Buffers:           92920 kB
Cached:          1172852 kB
MemTotal:        1844596 kB
MemFree:          190216 kB
MemAvailable:    1427704 kB
Buffers:           92920 kB
Cached:          1172852 kB
MemTotal:        1844596 kB
MemFree:          191012 kB
MemAvailable:    1428500 kB
Buffers:           92920 kB
Cached:          1172852 kB
MemTotal:        1844596 kB
MemFree:          190964 kB
MemAvailable:    1428452 kB
Buffers:           92920 kB
Cached:          1172852 kB
MemTotal:        1844596 kB
MemFree:          190216 kB
MemAvailable:    1427704 kB
Buffers:           92920 kB
Cached:          1172852 kB
MemTotal:        1844596 kB
MemFree:          190812 kB
MemAvailable:    1428300 kB
Buffers:           92920 kB
Cached:          1172852 kB
MemTotal:        1844596 kB
MemFree:          190812 kB
MemAvailable:    1428300 kB
Buffers:           92920 kB
Cached:          1172852 kB
MemTotal:        1844596 kB
MemFree:          189828 kB
MemAvailable:    1427316 kB
Buffers:           92920 kB
Cached:          1172852 kB
MemTotal:        1844596 kB
MemFree:          190964 kB
MemAvailable:    1428452 kB
Buffers:           92920 kB
Cached:          1172852 kB
MemTotal:        1844596 kB
MemFree:          190812 kB
MemAvailable:    1428300 kB
Buffers:           92920 kB
Cached:          1172852 kB
MemTotal:        1844596 kB
MemFree:          191148 kB
MemAvailable:    1428636 kB
Buffers:           92920 kB
Cached:          1172852 kB
MemTotal:        1844596 kB
MemFree:          189656 kB
MemAvailable:    1427144 kB
Buffers:           92920 kB
Cached:          1172852 kB
MemTotal:        1844596 kB
MemFree:          190896 kB
MemAvailable:    1428384 kB
Buffers:           92920 kB
Cached:          1172852 kB
MemTotal:        1844596 kB
MemFree:          189656 kB
MemAvailable:    1427144 kB
Buffers:           92920 kB
Cached:          1172852 kB
MemTotal:        1844596 kB
MemFree:          190932 kB
MemAvailable:    1428420 kB
Buffers:           92920 kB
Cached:          1172852 kB
MemTotal:        1844596 kB
MemFree:          190932 kB
MemAvailable:    1428420 kB
Buffers:           92920 kB
Cached:          1172852 kB
MemTotal:        1844596 kB
MemFree:          190944 kB
MemAvailable:    1428432 kB
Buffers:           92920 kB
Cached:          1172852 kB
MemTotal:        1844596 kB
MemFree:          191084 kB
MemAvailable:    1428572 kB
Buffers:           92920 kB
Cached:          1172852 kB
MemTotal:        1844596 kB
MemFree:          189572 kB
MemAvailable:    1427060 kB
Buffers:           92920 kB
Cached:          1172852 kB
MemTotal:        1844596 kB
MemFree:          190964 kB
MemAvailable:    1428452 kB
Buffers:           92920 kB
Cached:          1172852 kB
MemTotal:        1844596 kB
MemFree:          189656 kB
MemAvailable:    1427144 kB
Buffers:           92920 kB
Cached:          1172852 kB
MemTotal:        1844596 kB
MemFree:          190800 kB
MemAvailable:    1428288 kB
Buffers:           92920 kB
Cached:          1172852 kB
MemTotal:        1844596 kB
MemFree:          191052 kB
MemAvailable:    1428540 kB
Buffers:           92920 kB
Cached:          1172852 kB
MemTotal:        1844596 kB
MemFree:          190800 kB
MemAvailable:    1428288 kB
Buffers:           92920 kB
Cached:          1172852 kB
MemTotal:        1844596 kB
MemFree:          191136 kB
MemAvailable:    1428624 kB
Buffers:           92920 kB
Cached:          1172852 kB
MemTotal:        1844596 kB
MemFree:          190892 kB
MemAvailable:    1428380 kB
Buffers:           92920 kB
Cached:          1172852 kB
MemTotal:        1844596 kB
MemFree:          188836 kB
MemAvailable:    1426324 kB
Buffers:           92920 kB
Cached:          1172852 kB
MemTotal:        1844596 kB
MemFree:          184612 kB
MemAvailable:    1422100 kB
Buffers:           92920 kB
Cached:          1172852 kB
MemTotal:        1844596 kB
MemFree:          184824 kB
MemAvailable:    1422312 kB
Buffers:           92920 kB
Cached:          1172852 kB
MemTotal:        1844596 kB
MemFree:          180536 kB
MemAvailable:    1418024 kB
Buffers:           92920 kB
Cached:          1172852 kB
MemTotal:        1844596 kB
MemFree:          176560 kB
MemAvailable:    1414048 kB
Buffers:           92920 kB
Cached:          1172852 kB
MemTotal:        1844596 kB
MemFree:          176328 kB
MemAvailable:    1413816 kB
Buffers:           92920 kB
Cached:          1172852 kB
MemTotal:        1844596 kB
MemFree:          173396 kB
MemAvailable:    1410884 kB
Buffers:           92920 kB
Cached:          1172852 kB
MemTotal:        1844596 kB
MemFree:          173272 kB
MemAvailable:    1410760 kB
Buffers:           92920 kB
Cached:          1172852 kB
MemTotal:        1844596 kB
MemFree:          173560 kB
MemAvailable:    1411048 kB
Buffers:           92920 kB
Cached:          1172852 kB
MemTotal:        1844596 kB
MemFree:          172352 kB
MemAvailable:    1409840 kB
Buffers:           92920 kB
Cached:          1172852 kB
MemTotal:        1844596 kB
MemFree:          173192 kB
MemAvailable:    1410680 kB
Buffers:           92920 kB
Cached:          1172852 kB
MemTotal:        1844596 kB
MemFree:          173444 kB
MemAvailable:    1410932 kB
Buffers:           92920 kB
Cached:          1172852 kB
MemTotal:        1844596 kB
MemFree:          173164 kB
MemAvailable:    1410652 kB
Buffers:           92920 kB
Cached:          1172852 kB
MemTotal:        1844596 kB
MemFree:          171916 kB
MemAvailable:    1409404 kB
Buffers:           92920 kB
Cached:          1172852 kB
MemTotal:        1844596 kB
MemFree:          173092 kB
MemAvailable:    1410580 kB
Buffers:           92920 kB
Cached:          1172852 kB
MemTotal:        1844596 kB
MemFree:          173156 kB
MemAvailable:    1410644 kB
Buffers:           92920 kB
Cached:          1172852 kB
MemTotal:        1844596 kB
MemFree:          172960 kB
MemAvailable:    1410448 kB
Buffers:           92920 kB
Cached:          1172852 kB
MemTotal:        1844596 kB
MemFree:          171732 kB
MemAvailable:    1409220 kB
Buffers:           92920 kB
Cached:          1172852 kB
MemTotal:        1844596 kB
MemFree:          172580 kB
MemAvailable:    1410068 kB
Buffers:           92920 kB
Cached:          1172852 kB
MemTotal:        1844596 kB
MemFree:          172916 kB
MemAvailable:    1410404 kB
Buffers:           92920 kB
Cached:          1172852 kB
MemTotal:        1844596 kB
MemFree:          171592 kB
MemAvailable:    1409080 kB
Buffers:           92920 kB
Cached:          1172852 kB
MemTotal:        1844596 kB
MemFree:          171560 kB
MemAvailable:    1409048 kB
Buffers:           92920 kB
Cached:          1172852 kB
MemTotal:        1844596 kB
MemFree:          171608 kB
MemAvailable:    1409096 kB
Buffers:           92920 kB
Cached:          1172852 kB
MemTotal:        1844596 kB
MemFree:          172708 kB
MemAvailable:    1410196 kB
Buffers:           92920 kB
Cached:          1172852 kB
MemTotal:        1844596 kB
MemFree:          172792 kB
MemAvailable:    1410280 kB
Buffers:           92920 kB
Cached:          1172852 kB
MemTotal:        1844596 kB
MemFree:          172584 kB
MemAvailable:    1410072 kB
Buffers:           92920 kB
Cached:          1172852 kB
MemTotal:        1844596 kB
MemFree:          172584 kB
MemAvailable:    1410072 kB
Buffers:           92920 kB
Cached:          1172852 kB
MemTotal:        1844596 kB
MemFree:          171540 kB
MemAvailable:    1409028 kB
Buffers:           92920 kB
Cached:          1172852 kB
MemTotal:        1844596 kB
MemFree:          172684 kB
MemAvailable:    1410172 kB
Buffers:           92920 kB
Cached:          1172852 kB
MemTotal:        1844596 kB
MemFree:          172684 kB
MemAvailable:    1410172 kB
Buffers:           92920 kB
Cached:          1172852 kB
MemTotal:        1844596 kB
MemFree:          171596 kB
MemAvailable:    1409084 kB
Buffers:           92920 kB
Cached:          1172852 kB
MemTotal:        1844596 kB
MemFree:          172828 kB
MemAvailable:    1410316 kB
Buffers:           92920 kB
Cached:          1172852 kB
MemTotal:        1844596 kB
MemFree:          172716 kB
MemAvailable:    1410204 kB
Buffers:           92920 kB
Cached:          1172852 kB
MemTotal:        1844596 kB
MemFree:          172844 kB
MemAvailable:    1410332 kB
Buffers:           92920 kB
Cached:          1172852 kB
MemTotal:        1844596 kB
MemFree:          171284 kB
MemAvailable:    1408772 kB
Buffers:           92920 kB
Cached:          1172852 kB
MemTotal:        1844596 kB
MemFree:          171532 kB
MemAvailable:    1409020 kB
Buffers:           92920 kB
Cached:          1172852 kB
MemTotal:        1844596 kB
MemFree:          171608 kB
MemAvailable:    1409096 kB
Buffers:           92920 kB
Cached:          1172852 kB
MemTotal:        1844596 kB
MemFree:          172784 kB
MemAvailable:    1410272 kB
Buffers:           92920 kB
Cached:          1172852 kB
MemTotal:        1844596 kB
MemFree:          170120 kB
MemAvailable:    1407616 kB
Buffers:           92920 kB
Cached:          1172860 kB
MemTotal:        1844596 kB
MemFree:          166904 kB
MemAvailable:    1404400 kB
Buffers:           92920 kB
Cached:          1172860 kB
MemTotal:        1844596 kB
MemFree:          161572 kB
MemAvailable:    1399068 kB
Buffers:           92920 kB
Cached:          1172860 kB
MemTotal:        1844596 kB
MemFree:          158284 kB
MemAvailable:    1395780 kB
Buffers:           92920 kB
Cached:          1172860 kB
MemTotal:        1844596 kB
MemFree:          155256 kB
MemAvailable:    1392752 kB
Buffers:           92920 kB
Cached:          1172860 kB
MemTotal:        1844596 kB
MemFree:          155704 kB
MemAvailable:    1393200 kB
Buffers:           92920 kB
Cached:          1172860 kB
MemTotal:        1844596 kB
MemFree:          155612 kB
MemAvailable:    1393108 kB
Buffers:           92920 kB
Cached:          1172860 kB
MemTotal:        1844596 kB
MemFree:          155224 kB
MemAvailable:    1392720 kB
Buffers:           92920 kB
Cached:          1172860 kB
MemTotal:        1844596 kB
MemFree:          155560 kB
MemAvailable:    1393056 kB
Buffers:           92920 kB
Cached:          1172860 kB
MemTotal:        1844596 kB
MemFree:          155232 kB
MemAvailable:    1392728 kB
Buffers:           92920 kB
Cached:          1172860 kB
MemTotal:        1844596 kB
MemFree:          155060 kB
MemAvailable:    1392556 kB
Buffers:           92920 kB
Cached:          1172860 kB
MemTotal:        1844596 kB
MemFree:          154104 kB
MemAvailable:    1391600 kB
Buffers:           92920 kB
Cached:          1172860 kB
MemTotal:        1844596 kB
MemFree:          155172 kB
MemAvailable:    1392668 kB
Buffers:           92920 kB
Cached:          1172860 kB
MemTotal:        1844596 kB
MemFree:          155424 kB
MemAvailable:    1392920 kB
Buffers:           92920 kB
Cached:          1172860 kB
MemTotal:        1844596 kB
MemFree:          153868 kB
MemAvailable:    1391364 kB
Buffers:           92920 kB
Cached:          1172860 kB
MemTotal:        1844596 kB
MemFree:          153876 kB
MemAvailable:    1391372 kB
Buffers:           92920 kB
Cached:          1172860 kB
MemTotal:        1844596 kB
MemFree:          154000 kB
MemAvailable:    1391496 kB
Buffers:           92920 kB
Cached:          1172860 kB
MemTotal:        1844596 kB
MemFree:          155240 kB
MemAvailable:    1392736 kB
Buffers:           92920 kB
Cached:          1172860 kB
MemTotal:        1844596 kB
MemFree:          154000 kB
MemAvailable:    1391496 kB
Buffers:           92920 kB
Cached:          1172860 kB
MemTotal:        1844596 kB
MemFree:          155192 kB
MemAvailable:    1392688 kB
Buffers:           92920 kB
Cached:          1172860 kB
MemTotal:        1844596 kB
MemFree:          155008 kB
MemAvailable:    1392504 kB
Buffers:           92920 kB
Cached:          1172860 kB
MemTotal:        1844596 kB
MemFree:          155044 kB
MemAvailable:    1392540 kB
Buffers:           92920 kB
Cached:          1172860 kB
MemTotal:        1844596 kB
MemFree:          153636 kB
MemAvailable:    1391132 kB
Buffers:           92920 kB
Cached:          1172860 kB
MemTotal:        1844596 kB
MemFree:          153264 kB
MemAvailable:    1390760 kB
Buffers:           92920 kB
Cached:          1172860 kB
MemTotal:        1844596 kB
MemFree:          154308 kB
MemAvailable:    1391804 kB
Buffers:           92920 kB
Cached:          1172860 kB
MemTotal:        1844596 kB
MemFree:          153148 kB
MemAvailable:    1390644 kB
Buffers:           92920 kB
Cached:          1172860 kB
MemTotal:        1844596 kB
MemFree:          154380 kB
MemAvailable:    1391876 kB
Buffers:           92920 kB
Cached:          1172860 kB
MemTotal:        1844596 kB
MemFree:          153140 kB
MemAvailable:    1390636 kB
Buffers:           92920 kB
Cached:          1172860 kB
MemTotal:        1844596 kB
MemFree:          153980 kB
MemAvailable:    1391476 kB
Buffers:           92920 kB
Cached:          1172860 kB
MemTotal:        1844596 kB
MemFree:          154204 kB
MemAvailable:    1391700 kB
Buffers:           92920 kB
Cached:          1172860 kB
MemTotal:        1844596 kB
MemFree:          150900 kB
MemAvailable:    1388396 kB
Buffers:           92920 kB
Cached:          1172860 kB
MemTotal:        1844596 kB
MemFree:          150900 kB
MemAvailable:    1388396 kB
Buffers:           92920 kB
Cached:          1172860 kB
MemTotal:        1844596 kB
MemFree:          148676 kB
MemAvailable:    1386172 kB
Buffers:           92920 kB
Cached:          1172860 kB
MemTotal:        1844596 kB
MemFree:          144956 kB
MemAvailable:    1382452 kB
Buffers:           92920 kB
Cached:          1172860 kB
MemTotal:        1844596 kB
MemFree:          142848 kB
MemAvailable:    1380344 kB
Buffers:           92920 kB
Cached:          1172860 kB
MemTotal:        1844596 kB
MemFree:          138180 kB
MemAvailable:    1375676 kB
Buffers:           92920 kB
Cached:          1172860 kB
MemTotal:        1844596 kB
MemFree:          134724 kB
MemAvailable:    1372220 kB
Buffers:           92920 kB
Cached:          1172860 kB
MemTotal:        1844596 kB
MemFree:          131300 kB
MemAvailable:    1368796 kB
Buffers:           92920 kB
Cached:          1172860 kB
MemTotal:        1844596 kB
MemFree:          131300 kB
MemAvailable:    1368796 kB
Buffers:           92920 kB
Cached:          1172860 kB
MemTotal:        1844596 kB
MemFree:          128572 kB
MemAvailable:    1366068 kB
Buffers:           92920 kB
Cached:          1172860 kB
MemTotal:        1844596 kB
MemFree:          128340 kB
MemAvailable:    1365836 kB
Buffers:           92920 kB
Cached:          1172860 kB
MemTotal:        1844596 kB
MemFree:          125176 kB
MemAvailable:    1362672 kB
Buffers:           92920 kB
Cached:          1172860 kB
MemTotal:        1844596 kB
MemFree:          122760 kB
MemAvailable:    1360256 kB
Buffers:           92920 kB
Cached:          1172860 kB
MemTotal:        1844596 kB
MemFree:          122512 kB
MemAvailable:    1360008 kB
Buffers:           92920 kB
Cached:          1172860 kB
MemTotal:        1844596 kB
MemFree:          123688 kB
MemAvailable:    1361184 kB
Buffers:           92920 kB
Cached:          1172860 kB
MemTotal:        1844596 kB
MemFree:          122388 kB
MemAvailable:    1359884 kB
Buffers:           92920 kB
Cached:          1172860 kB
MemTotal:        1844596 kB
MemFree:          123564 kB
MemAvailable:    1361060 kB
Buffers:           92920 kB
Cached:          1172860 kB
MemTotal:        1844596 kB
MemFree:          123600 kB
MemAvailable:    1361096 kB
Buffers:           92920 kB
Cached:          1172860 kB
MemTotal:        1844596 kB
MemFree:          122388 kB
MemAvailable:    1359884 kB
Buffers:           92920 kB
Cached:          1172860 kB
MemTotal:        1844596 kB
MemFree:          123432 kB
MemAvailable:    1360928 kB
Buffers:           92920 kB
Cached:          1172860 kB
MemTotal:        1844596 kB
MemFree:          122264 kB
MemAvailable:    1359760 kB
Buffers:           92920 kB
Cached:          1172860 kB
MemTotal:        1844596 kB
MemFree:          122084 kB
MemAvailable:    1359580 kB
Buffers:           92920 kB
Cached:          1172860 kB
MemTotal:        1844596 kB
MemFree:          122336 kB
MemAvailable:    1359832 kB
Buffers:           92920 kB
Cached:          1172860 kB
MemTotal:        1844596 kB
MemFree:          122072 kB
MemAvailable:    1359568 kB
Buffers:           92920 kB
Cached:          1172860 kB
MemTotal:        1844596 kB
MemFree:          122140 kB
MemAvailable:    1359636 kB
Buffers:           92920 kB
Cached:          1172860 kB
MemTotal:        1844596 kB
MemFree:          122188 kB
MemAvailable:    1359684 kB
Buffers:           92920 kB
Cached:          1172860 kB
MemTotal:        1844596 kB
MemFree:          120880 kB
MemAvailable:    1358376 kB
Buffers:           92920 kB
Cached:          1172860 kB
MemTotal:        1844596 kB
MemFree:          122072 kB
MemAvailable:    1359568 kB
Buffers:           92920 kB
Cached:          1172860 kB
MemTotal:        1844596 kB
MemFree:          122324 kB
MemAvailable:    1359820 kB
Buffers:           92920 kB
Cached:          1172860 kB
MemTotal:        1844596 kB
MemFree:          122068 kB
MemAvailable:    1359564 kB
Buffers:           92920 kB
Cached:          1172860 kB
MemTotal:        1844596 kB
MemFree:          120768 kB
MemAvailable:    1358264 kB
Buffers:           92920 kB
Cached:          1172860 kB
MemTotal:        1844596 kB
MemFree:          120760 kB
MemAvailable:    1358256 kB
Buffers:           92920 kB
Cached:          1172860 kB
MemTotal:        1844596 kB
MemFree:          121140 kB
MemAvailable:    1358636 kB
Buffers:           92920 kB
Cached:          1172860 kB
MemTotal:        1844596 kB
MemFree:          121032 kB
MemAvailable:    1358528 kB
Buffers:           92920 kB
Cached:          1172860 kB
MemTotal:        1844596 kB
MemFree:          120628 kB
MemAvailable:    1358124 kB
Buffers:           92920 kB
Cached:          1172860 kB
MemTotal:        1844596 kB
MemFree:          120848 kB
MemAvailable:    1358344 kB
Buffers:           92920 kB
Cached:          1172860 kB
MemTotal:        1844596 kB
MemFree:          119520 kB
MemAvailable:    1357016 kB
Buffers:           92920 kB
Cached:          1172860 kB
MemTotal:        1844596 kB
MemFree:          119520 kB
MemAvailable:    1357016 kB
Buffers:           92920 kB
Cached:          1172860 kB
MemTotal:        1844596 kB
MemFree:          119216 kB
MemAvailable:    1356712 kB
Buffers:           92920 kB
Cached:          1172860 kB
MemTotal:        1844596 kB
MemFree:          119216 kB
MemAvailable:    1356712 kB
Buffers:           92920 kB
Cached:          1172860 kB
MemTotal:        1844596 kB
MemFree:          119104 kB
MemAvailable:    1356600 kB
Buffers:           92920 kB
Cached:          1172860 kB
MemTotal:        1844596 kB
MemFree:          119048 kB
MemAvailable:    1356544 kB
Buffers:           92920 kB
Cached:          1172860 kB
MemTotal:        1844596 kB
MemFree:          118852 kB
MemAvailable:    1356348 kB
Buffers:           92920 kB
Cached:          1172860 kB
MemTotal:        1844596 kB
MemFree:          119188 kB
MemAvailable:    1356684 kB
Buffers:           92920 kB
Cached:          1172860 kB
MemTotal:        1844596 kB
MemFree:          119332 kB
MemAvailable:    1356828 kB
Buffers:           92920 kB
Cached:          1172860 kB
MemTotal:        1844596 kB
MemFree:          119156 kB
MemAvailable:    1356664 kB
Buffers:           92920 kB
Cached:          1172872 kB
MemTotal:        1844596 kB
MemFree:          119172 kB
MemAvailable:    1356680 kB
Buffers:           92920 kB
Cached:          1172872 kB
MemTotal:        1844596 kB
MemFree:          117792 kB
MemAvailable:    1355300 kB
Buffers:           92920 kB
Cached:          1172872 kB
MemTotal:        1844596 kB
MemFree:          119176 kB
MemAvailable:    1356684 kB
Buffers:           92920 kB
Cached:          1172872 kB
MemTotal:        1844596 kB
MemFree:          118304 kB
MemAvailable:    1355812 kB
Buffers:           92920 kB
Cached:          1172872 kB
MemTotal:        1844596 kB
MemFree:          119148 kB
MemAvailable:    1356656 kB
Buffers:           92920 kB
Cached:          1172872 kB
MemTotal:        1844596 kB
MemFree:          119232 kB
MemAvailable:    1356740 kB
Buffers:           92920 kB
Cached:          1172872 kB
MemTotal:        1844596 kB
MemFree:          119096 kB
MemAvailable:    1356604 kB
Buffers:           92920 kB
Cached:          1172872 kB
MemTotal:        1844596 kB
MemFree:          119264 kB
MemAvailable:    1356772 kB
Buffers:           92920 kB
Cached:          1172872 kB
MemTotal:        1844596 kB
MemFree:          117912 kB
MemAvailable:    1355420 kB
Buffers:           92920 kB
Cached:          1172872 kB
MemTotal:        1844596 kB
MemFree:          119152 kB
MemAvailable:    1356660 kB
Buffers:           92920 kB
Cached:          1172872 kB
MemTotal:        1844596 kB
MemFree:          118428 kB
MemAvailable:    1355936 kB
Buffers:           92920 kB
Cached:          1172872 kB
MemTotal:        1844596 kB
MemFree:          119164 kB
MemAvailable:    1356672 kB
Buffers:           92920 kB
Cached:          1172872 kB
MemTotal:        1844596 kB
MemFree:          119100 kB
MemAvailable:    1356608 kB
Buffers:           92920 kB
Cached:          1172872 kB
MemTotal:        1844596 kB
MemFree:          118428 kB
MemAvailable:    1355936 kB
Buffers:           92920 kB
Cached:          1172872 kB
MemTotal:        1844596 kB
MemFree:          119032 kB
MemAvailable:    1356540 kB
Buffers:           92920 kB
Cached:          1172872 kB
MemTotal:        1844596 kB
MemFree:          119116 kB
MemAvailable:    1356624 kB
Buffers:           92920 kB
Cached:          1172872 kB
MemTotal:        1844596 kB
MemFree:          119116 kB
MemAvailable:    1356624 kB
Buffers:           92920 kB
Cached:          1172872 kB
MemTotal:        1844596 kB
MemFree:          117872 kB
MemAvailable:    1355380 kB
Buffers:           92920 kB
Cached:          1172872 kB
MemTotal:        1844596 kB
MemFree:          119156 kB
MemAvailable:    1356664 kB
Buffers:           92920 kB
Cached:          1172872 kB
MemTotal:        1844596 kB
MemFree:          119156 kB
MemAvailable:    1356664 kB
Buffers:           92920 kB
Cached:          1172872 kB
MemTotal:        1844596 kB
MemFree:          119176 kB
MemAvailable:    1356684 kB
Buffers:           92920 kB
Cached:          1172872 kB
MemTotal:        1844596 kB
MemFree:          119088 kB
MemAvailable:    1356596 kB
Buffers:           92920 kB
Cached:          1172872 kB
MemTotal:        1844596 kB
MemFree:          118900 kB
MemAvailable:    1356408 kB
Buffers:           92920 kB
Cached:          1172872 kB
MemTotal:        1844596 kB
MemFree:          119032 kB
MemAvailable:    1356540 kB
Buffers:           92920 kB
Cached:          1172872 kB
MemTotal:        1844596 kB
MemFree:          118852 kB
MemAvailable:    1356360 kB
Buffers:           92920 kB
Cached:          1172872 kB
MemTotal:        1844596 kB
MemFree:          119188 kB
MemAvailable:    1356696 kB
Buffers:           92920 kB
Cached:          1172872 kB
MemTotal:        1844596 kB
MemFree:          119164 kB
MemAvailable:    1356672 kB
Buffers:           92920 kB
Cached:          1172872 kB
MemTotal:        1844596 kB
MemFree:          119144 kB
MemAvailable:    1356652 kB
Buffers:           92920 kB
Cached:          1172872 kB
MemTotal:        1844596 kB
MemFree:          119396 kB
MemAvailable:    1356904 kB
Buffers:           92920 kB
Cached:          1172872 kB
MemTotal:        1844596 kB
MemFree:          119116 kB
MemAvailable:    1356624 kB
Buffers:           92920 kB
Cached:          1172872 kB
MemTotal:        1844596 kB
MemFree:          119044 kB
MemAvailable:    1356552 kB
Buffers:           92920 kB
Cached:          1172872 kB
MemTotal:        1844596 kB
MemFree:          116248 kB
MemAvailable:    1353756 kB
Buffers:           92920 kB
Cached:          1172872 kB
MemTotal:        1844596 kB
MemFree:          112824 kB
MemAvailable:    1350332 kB
Buffers:           92920 kB
Cached:          1172872 kB
MemTotal:        1844596 kB
MemFree:          112716 kB
MemAvailable:    1350224 kB
Buffers:           92920 kB
Cached:          1172872 kB
MemTotal:        1844596 kB
MemFree:          112452 kB
MemAvailable:    1349960 kB
Buffers:           92920 kB
Cached:          1172872 kB
MemTotal:        1844596 kB
MemFree:          111456 kB
MemAvailable:    1348964 kB
Buffers:           92920 kB
Cached:          1172872 kB
MemTotal:        1844596 kB
MemFree:          111200 kB
MemAvailable:    1348708 kB
Buffers:           92920 kB
Cached:          1172872 kB
MemTotal:        1844596 kB
MemFree:          112428 kB
MemAvailable:    1349936 kB
Buffers:           92920 kB
Cached:          1172872 kB
MemTotal:        1844596 kB
MemFree:          112344 kB
MemAvailable:    1349852 kB
Buffers:           92920 kB
Cached:          1172872 kB
MemTotal:        1844596 kB
MemFree:          112316 kB
MemAvailable:    1349824 kB
Buffers:           92920 kB
Cached:          1172872 kB
MemTotal:        1844596 kB
MemFree:          112652 kB
MemAvailable:    1350160 kB
Buffers:           92920 kB
Cached:          1172872 kB
MemTotal:        1844596 kB
MemFree:          112408 kB
MemAvailable:    1349916 kB
Buffers:           92920 kB
Cached:          1172872 kB
MemTotal:        1844596 kB
MemFree:          111036 kB
MemAvailable:    1348544 kB
Buffers:           92920 kB
Cached:          1172872 kB
MemTotal:        1844596 kB
MemFree:          112304 kB
MemAvailable:    1349812 kB
Buffers:           92920 kB
Cached:          1172872 kB
MemTotal:        1844596 kB
MemFree:          112388 kB
MemAvailable:    1349896 kB
Buffers:           92920 kB
Cached:          1172872 kB
MemTotal:        1844596 kB
MemFree:          112320 kB
MemAvailable:    1349828 kB
Buffers:           92920 kB
Cached:          1172872 kB
MemTotal:        1844596 kB
MemFree:          111608 kB
MemAvailable:    1349200 kB
Buffers:           92920 kB
Cached:          1172996 kB
MemTotal:        1844596 kB
MemFree:          112396 kB
MemAvailable:    1350076 kB
Buffers:           92920 kB
Cached:          1173124 kB
MemTotal:        1844596 kB
MemFree:          111608 kB
MemAvailable:    1349372 kB
Buffers:           92920 kB
Cached:          1173124 kB
MemTotal:        1844596 kB
MemFree:          111964 kB
MemAvailable:    1349812 kB
Buffers:           92920 kB
Cached:          1173248 kB
MemTotal:        1844596 kB
MemFree:          112096 kB
MemAvailable:    1349944 kB
Buffers:           92920 kB
Cached:          1173248 kB
MemTotal:        1844596 kB
MemFree:          111776 kB
MemAvailable:    1349876 kB
Buffers:           92920 kB
Cached:          1173496 kB
MemTotal:        1844596 kB
MemFree:          111728 kB
MemAvailable:    1349828 kB
Buffers:           92920 kB
Cached:          1173496 kB
MemTotal:        1844596 kB
MemFree:          111596 kB
MemAvailable:    1349696 kB
Buffers:           92920 kB
Cached:          1173496 kB
MemTotal:        1844596 kB
MemFree:          110588 kB
MemAvailable:    1348688 kB
Buffers:           92920 kB
Cached:          1173496 kB
MemTotal:        1844596 kB
MemFree:          111820 kB
MemAvailable:    1349920 kB
Buffers:           92920 kB
Cached:          1173496 kB
MemTotal:        1844596 kB
MemFree:          111656 kB
MemAvailable:    1349756 kB
Buffers:           92920 kB
Cached:          1173496 kB
MemTotal:        1844596 kB
MemFree:          110988 kB
MemAvailable:    1349088 kB
Buffers:           92920 kB
Cached:          1173496 kB
MemTotal:        1844596 kB
MemFree:          111776 kB
MemAvailable:    1349876 kB
Buffers:           92920 kB
Cached:          1173496 kB
MemTotal:        1844596 kB
MemFree:          111848 kB
MemAvailable:    1349948 kB
Buffers:           92920 kB
Cached:          1173496 kB
MemTotal:        1844596 kB
MemFree:          111584 kB
MemAvailable:    1349900 kB
Buffers:           92920 kB
Cached:          1173756 kB
MemTotal:        1844596 kB
MemFree:          111836 kB
MemAvailable:    1349984 kB
Buffers:           92920 kB
Cached:          1173588 kB
MemTotal:        1844596 kB
MemFree:          150728 kB
MemAvailable:    1388288 kB
Buffers:           92920 kB
Cached:          1172916 kB
MemTotal:        1844596 kB
MemFree:          267412 kB
MemAvailable:    1504972 kB
Buffers:           92920 kB
Cached:          1172916 kB
MemTotal:        1844596 kB
MemFree:          308412 kB
MemAvailable:    1545972 kB
Buffers:           92920 kB
Cached:          1172916 kB
