MemTotal:        1844596 kB
MemFree:          259948 kB
MemAvailable:    1545660 kB
Buffers:          104320 kB
Cached:          1196952 kB
MemTotal:        1844596 kB
MemFree:          234148 kB
MemAvailable:    1519864 kB
Buffers:          104320 kB
Cached:          1196956 kB
MemTotal:        1844596 kB
MemFree:          231536 kB
MemAvailable:    1517252 kB
Buffers:          104320 kB
Cached:          1196956 kB
MemTotal:        1844596 kB
MemFree:          230792 kB
MemAvailable:    1516508 kB
Buffers:          104320 kB
Cached:          1196956 kB
MemTotal:        1844596 kB
MemFree:          230924 kB
MemAvailable:    1516640 kB
Buffers:          104320 kB
Cached:          1196956 kB
MemTotal:        1844596 kB
MemFree:          229140 kB
MemAvailable:    1514856 kB
Buffers:          104320 kB
Cached:          1196956 kB
MemTotal:        1844596 kB
MemFree:          229308 kB
MemAvailable:    1515024 kB
Buffers:          104320 kB
Cached:          1196956 kB
MemTotal:        1844596 kB
MemFree:          225768 kB
MemAvailable:    1511484 kB
Buffers:          104320 kB
Cached:          1196956 kB
MemTotal:        1844596 kB
MemFree:          223792 kB
MemAvailable:    1509508 kB
Buffers:          104320 kB
Cached:          1196956 kB
MemTotal:        1844596 kB
MemFree:          219384 kB
MemAvailable:    1505100 kB
Buffers:          104320 kB
Cached:          1196956 kB
MemTotal:        1844596 kB
MemFree:          219384 kB
MemAvailable:    1505100 kB
Buffers:          104320 kB
Cached:          1196956 kB
MemTotal:        1844596 kB
MemFree:          220544 kB
MemAvailable:    1506260 kB
Buffers:          104320 kB
Cached:          1196956 kB
MemTotal:        1844596 kB
MemFree:          220392 kB
MemAvailable:    1506108 kB
Buffers:          104320 kB
Cached:          1196956 kB
MemTotal:        1844596 kB
MemFree:          219260 kB
MemAvailable:    1504976 kB
Buffers:          104320 kB
Cached:          1196956 kB
MemTotal:        1844596 kB
MemFree:          219384 kB
MemAvailable:    1505100 kB
Buffers:          104320 kB
Cached:          1196956 kB
MemTotal:        1844596 kB
MemFree:          220568 kB
MemAvailable:    1506284 kB
Buffers:          104320 kB
Cached:          1196956 kB
MemTotal:        1844596 kB
MemFree:          219012 kB
MemAvailable:    1504728 kB
Buffers:          104320 kB
Cached:          1196956 kB
MemTotal:        1844596 kB
MemFree:          218880 kB
MemAvailable:    1504596 kB
Buffers:          104320 kB
Cached:          1196956 kB
MemTotal:        1844596 kB
MemFree:          220072 kB
MemAvailable:    1505788 kB
Buffers:          104320 kB
Cached:          1196956 kB
MemTotal:        1844596 kB
MemFree:          218764 kB
MemAvailable:    1504480 kB
Buffers:          104320 kB
Cached:          1196956 kB
MemTotal:        1844596 kB
MemFree:          219940 kB
MemAvailable:    1505656 kB
Buffers:          104320 kB
Cached:          1196956 kB
MemTotal:        1844596 kB
MemFree:          218756 kB
MemAvailable:    1504472 kB
Buffers:          104320 kB
Cached:          1196956 kB
MemTotal:        1844596 kB
MemFree:          219824 kB
MemAvailable:    1505540 kB
Buffers:          104320 kB
Cached:          1196956 kB
MemTotal:        1844596 kB
MemFree:          219136 kB
MemAvailable:    1504852 kB
Buffers:          104320 kB
Cached:          1196956 kB
MemTotal:        1844596 kB
MemFree:          218408 kB
MemAvailable:    1504124 kB
Buffers:          104320 kB
Cached:          1196956 kB
MemTotal:        1844596 kB
MemFree:          217648 kB
MemAvailable:    1503364 kB
Buffers:          104320 kB
Cached:          1196956 kB
MemTotal:        1844596 kB
MemFree:          218948 kB
MemAvailable:    1504664 kB
Buffers:          104320 kB
Cached:          1196956 kB
MemTotal:        1844596 kB
MemFree:          217772 kB
MemAvailable:    1503488 kB
Buffers:          104320 kB
Cached:          1196956 kB
MemTotal:        1844596 kB
MemFree:          218460 kB
MemAvailable:    1504176 kB
Buffers:          104320 kB
Cached:          1196956 kB
MemTotal:        1844596 kB
MemFree:          216920 kB
MemAvailable:    1502636 kB
Buffers:          104320 kB
Cached:          1196956 kB
MemTotal:        1844596 kB
MemFree:          217468 kB
MemAvailable:    1503184 kB
Buffers:          104320 kB
Cached:          1196956 kB
MemTotal:        1844596 kB
MemFree:          217804 kB
MemAvailable:    1503520 kB
Buffers:          104320 kB
Cached:          1196956 kB
MemTotal:        1844596 kB
MemFree:          217512 kB
MemAvailable:    1503228 kB
Buffers:          104320 kB
Cached:          1196956 kB
MemTotal:        1844596 kB
MemFree:          217596 kB
MemAvailable:    1503312 kB
Buffers:          104320 kB
Cached:          1196956 kB
MemTotal:        1844596 kB
MemFree:          216036 kB
MemAvailable:    1501752 kB
Buffers:          104320 kB
Cached:          1196956 kB
MemTotal:        1844596 kB
MemFree:          217672 kB
MemAvailable:    1503388 kB
Buffers:          104320 kB
Cached:          1196956 kB
MemTotal:        1844596 kB
MemFree:          216280 kB
MemAvailable:    1501996 kB
Buffers:          104320 kB
Cached:          1196956 kB
MemTotal:        1844596 kB
MemFree:          216276 kB
MemAvailable:    1501992 kB
Buffers:          104320 kB
Cached:          1196956 kB
MemTotal:        1844596 kB
MemFree:          217204 kB
MemAvailable:    1502920 kB
Buffers:          104320 kB
Cached:          1196956 kB
MemTotal:        1844596 kB
MemFree:          215044 kB
MemAvailable:    1500760 kB
Buffers:          104320 kB
Cached:          1196956 kB
MemTotal:        1844596 kB
MemFree:          212324 kB
MemAvailable:    1498040 kB
Buffers:          104320 kB
Cached:          1196956 kB
MemTotal:        1844596 kB
MemFree:          212420 kB
MemAvailable:    1498136 kB
Buffers:          104320 kB
Cached:          1196956 kB
MemTotal:        1844596 kB
MemFree:          211208 kB
MemAvailable:    1496924 kB
Buffers:          104320 kB
Cached:          1196956 kB
MemTotal:        1844596 kB
MemFree:          212284 kB
MemAvailable:    1498008 kB
Buffers:          104320 kB
Cached:          1196960 kB
MemTotal:        1844596 kB
MemFree:          210912 kB
MemAvailable:    1496636 kB
Buffers:          104320 kB
Cached:          1196960 kB
MemTotal:        1844596 kB
MemFree:          210896 kB
MemAvailable:    1496620 kB
Buffers:          104320 kB
Cached:          1196960 kB
MemTotal:        1844596 kB
MemFree:          210780 kB
MemAvailable:    1496504 kB
Buffers:          104320 kB
Cached:          1196960 kB
MemTotal:        1844596 kB
MemFree:          211764 kB
MemAvailable:    1497488 kB
Buffers:          104320 kB
Cached:          1196960 kB
MemTotal:        1844596 kB
MemFree:          210596 kB
MemAvailable:    1496320 kB
Buffers:          104320 kB
Cached:          1196960 kB
MemTotal:        1844596 kB
MemFree:          211984 kB
MemAvailable:    1497708 kB
Buffers:          104320 kB
Cached:          1196960 kB
MemTotal:        1844596 kB
MemFree:          211896 kB
MemAvailable:    1497620 kB
Buffers:          104320 kB
Cached:          1196960 kB
MemTotal:        1844596 kB
MemFree:          211892 kB
MemAvailable:    1497616 kB
Buffers:          104320 kB
Cached:          1196960 kB
MemTotal:        1844596 kB
MemFree:          210324 kB
MemAvailable:    1496048 kB
Buffers:          104320 kB
Cached:          1196960 kB
MemTotal:        1844596 kB
MemFree:          210324 kB
MemAvailable:    1496048 kB
Buffers:          104320 kB
Cached:          1196960 kB
MemTotal:        1844596 kB
MemFree:          211716 kB
MemAvailable:    1497440 kB
Buffers:          104320 kB
Cached:          1196960 kB
MemTotal:        1844596 kB
MemFree:          210448 kB
MemAvailable:    1496172 kB
Buffers:          104320 kB
Cached:          1196960 kB
MemTotal:        1844596 kB
MemFree:          208480 kB
MemAvailable:    1494204 kB
Buffers:          104320 kB
Cached:          1196960 kB
MemTotal:        1844596 kB
MemFree:          204512 kB
MemAvailable:    1490236 kB
Buffers:          104320 kB
Cached:          1196960 kB
MemTotal:        1844596 kB
MemFree:          204636 kB
MemAvailable:    1490360 kB
Buffers:          104320 kB
Cached:          1196960 kB
MemTotal:        1844596 kB
MemFree:          204140 kB
MemAvailable:    1489864 kB
Buffers:          104320 kB
Cached:          1196960 kB
MemTotal:        1844596 kB
MemFree:          204016 kB
MemAvailable:    1489740 kB
Buffers:          104320 kB
Cached:          1196960 kB
MemTotal:        1844596 kB
MemFree:          203628 kB
MemAvailable:    1489352 kB
Buffers:          104320 kB
Cached:          1196960 kB
MemTotal:        1844596 kB
MemFree:          203272 kB
MemAvailable:    1488996 kB
Buffers:          104320 kB
Cached:          1196960 kB
MemTotal:        1844596 kB
MemFree:          203456 kB
MemAvailable:    1489180 kB
Buffers:          104320 kB
Cached:          1196960 kB
MemTotal:        1844596 kB
MemFree:          202024 kB
MemAvailable:    1487748 kB
Buffers:          104320 kB
Cached:          1196960 kB
MemTotal:        1844596 kB
MemFree:          203452 kB
MemAvailable:    1489180 kB
Buffers:          104320 kB
Cached:          1196964 kB
MemTotal:        1844596 kB
MemFree:          202264 kB
MemAvailable:    1487992 kB
Buffers:          104320 kB
Cached:          1196964 kB
MemTotal:        1844596 kB
MemFree:          201884 kB
MemAvailable:    1487612 kB
Buffers:          104320 kB
Cached:          1196964 kB
MemTotal:        1844596 kB
MemFree:          201760 kB
MemAvailable:    1487488 kB
Buffers:          104320 kB
Cached:          1196964 kB
MemTotal:        1844596 kB
MemFree:          202828 kB
MemAvailable:    1488556 kB
Buffers:          104320 kB
Cached:          1196964 kB
MemTotal:        1844596 kB
MemFree:          203052 kB
MemAvailable:    1488780 kB
Buffers:          104320 kB
Cached:          1196964 kB
MemTotal:        1844596 kB
MemFree:          201784 kB
MemAvailable:    1487512 kB
Buffers:          104320 kB
Cached:          1196964 kB
MemTotal:        1844596 kB
MemFree:          203108 kB
MemAvailable:    1488836 kB
Buffers:          104320 kB
Cached:          1196964 kB
MemTotal:        1844596 kB
MemFree:          201784 kB
MemAvailable:    1487512 kB
Buffers:          104320 kB
Cached:          1196964 kB
MemTotal:        1844596 kB
MemFree:          202852 kB
MemAvailable:    1488580 kB
Buffers:          104320 kB
Cached:          1196964 kB
MemTotal:        1844596 kB
MemFree:          201776 kB
MemAvailable:    1487504 kB
Buffers:          104320 kB
Cached:          1196964 kB
MemTotal:        1844596 kB
MemFree:          202616 kB
MemAvailable:    1488344 kB
Buffers:          104320 kB
Cached:          1196964 kB
MemTotal:        1844596 kB
MemFree:          202952 kB
MemAvailable:    1488680 kB
Buffers:          104320 kB
Cached:          1196964 kB
MemTotal:        1844596 kB
MemFree:          201384 kB
MemAvailable:    1487112 kB
Buffers:          104320 kB
Cached:          1196964 kB
MemTotal:        1844596 kB
MemFree:          202484 kB
MemAvailable:    1488212 kB
Buffers:          104320 kB
Cached:          1196964 kB
MemTotal:        1844596 kB
MemFree:          202528 kB
MemAvailable:    1488256 kB
Buffers:          104320 kB
Cached:          1196964 kB
MemTotal:        1844596 kB
MemFree:          202472 kB
MemAvailable:    1488200 kB
Buffers:          104320 kB
Cached:          1196964 kB
MemTotal:        1844596 kB
MemFree:          201660 kB
MemAvailable:    1487388 kB
Buffers:          104320 kB
Cached:          1196964 kB
MemTotal:        1844596 kB
MemFree:          199660 kB
MemAvailable:    1485388 kB
Buffers:          104320 kB
Cached:          1196964 kB
MemTotal:        1844596 kB
MemFree:          199624 kB
MemAvailable:    1485352 kB
Buffers:          104320 kB
Cached:          1196964 kB
MemTotal:        1844596 kB
MemFree:          194716 kB
MemAvailable:    1480444 kB
Buffers:          104320 kB
Cached:          1196964 kB
MemTotal:        1844596 kB
MemFree:          193204 kB
MemAvailable:    1478932 kB
Buffers:          104320 kB
Cached:          1196964 kB
MemTotal:        1844596 kB
MemFree:          194328 kB
MemAvailable:    1480056 kB
Buffers:          104320 kB
Cached:          1196964 kB
MemTotal:        1844596 kB
MemFree:          194316 kB
MemAvailable:    1480044 kB
Buffers:          104320 kB
Cached:          1196964 kB
MemTotal:        1844596 kB
MemFree:          194316 kB
MemAvailable:    1480044 kB
Buffers:          104320 kB
Cached:          1196964 kB
MemTotal:        1844596 kB
MemFree:          194148 kB
MemAvailable:    1479876 kB
Buffers:          104320 kB
Cached:          1196964 kB
MemTotal:        1844596 kB
MemFree:          192972 kB
MemAvailable:    1478700 kB
Buffers:          104320 kB
Cached:          1196964 kB
MemTotal:        1844596 kB
MemFree:          193220 kB
MemAvailable:    1478948 kB
Buffers:          104320 kB
Cached:          1196964 kB
MemTotal:        1844596 kB
MemFree:          192856 kB
MemAvailable:    1478584 kB
Buffers:          104320 kB
Cached:          1196964 kB
MemTotal:        1844596 kB
MemFree:          192856 kB
MemAvailable:    1478584 kB
Buffers:          104320 kB
Cached:          1196964 kB
MemTotal:        1844596 kB
MemFree:          193104 kB
MemAvailable:    1478832 kB
Buffers:          104320 kB
Cached:          1196964 kB
MemTotal:        1844596 kB
MemFree:          192856 kB
MemAvailable:    1478584 kB
Buffers:          104320 kB
Cached:          1196964 kB
MemTotal:        1844596 kB
MemFree:          192856 kB
MemAvailable:    1478584 kB
Buffers:          104320 kB
Cached:          1196964 kB
MemTotal:        1844596 kB
MemFree:          194212 kB
MemAvailable:    1479940 kB
Buffers:          104320 kB
Cached:          1196964 kB
MemTotal:        1844596 kB
MemFree:          192716 kB
MemAvailable:    1478444 kB
Buffers:          104320 kB
Cached:          1196964 kB
MemTotal:        1844596 kB
MemFree:          194088 kB
MemAvailable:    1479816 kB
Buffers:          104320 kB
Cached:          1196964 kB
MemTotal:        1844596 kB
MemFree:          192676 kB
MemAvailable:    1478404 kB
Buffers:          104320 kB
Cached:          1196964 kB
MemTotal:        1844596 kB
MemFree:          194012 kB
MemAvailable:    1479740 kB
Buffers:          104320 kB
Cached:          1196964 kB
MemTotal:        1844596 kB
MemFree:          194076 kB
MemAvailable:    1479804 kB
Buffers:          104320 kB
Cached:          1196964 kB
MemTotal:        1844596 kB
MemFree:          192672 kB
MemAvailable:    1478400 kB
Buffers:          104320 kB
Cached:          1196964 kB
MemTotal:        1844596 kB
MemFree:          192540 kB
MemAvailable:    1478268 kB
Buffers:          104320 kB
Cached:          1196964 kB
MemTotal:        1844596 kB
MemFree:          192832 kB
MemAvailable:    1478560 kB
Buffers:          104320 kB
Cached:          1196964 kB
MemTotal:        1844596 kB
MemFree:          192708 kB
MemAvailable:    1478436 kB
Buffers:          104320 kB
Cached:          1196964 kB
MemTotal:        1844596 kB
MemFree:          193104 kB
MemAvailable:    1478832 kB
Buffers:          104320 kB
Cached:          1196964 kB
MemTotal:        1844596 kB
MemFree:          193920 kB
MemAvailable:    1479648 kB
Buffers:          104320 kB
Cached:          1196964 kB
MemTotal:        1844596 kB
MemFree:          194144 kB
MemAvailable:    1479872 kB
Buffers:          104320 kB
Cached:          1196964 kB
MemTotal:        1844596 kB
MemFree:          193676 kB
MemAvailable:    1479404 kB
Buffers:          104320 kB
Cached:          1196964 kB
MemTotal:        1844596 kB
MemFree:          192732 kB
MemAvailable:    1478460 kB
Buffers:          104320 kB
Cached:          1196964 kB
MemTotal:        1844596 kB
MemFree:          193908 kB
MemAvailable:    1479636 kB
Buffers:          104320 kB
Cached:          1196964 kB
MemTotal:        1844596 kB
MemFree:          193608 kB
MemAvailable:    1479336 kB
Buffers:          104320 kB
Cached:          1196964 kB
MemTotal:        1844596 kB
MemFree:          193708 kB
MemAvailable:    1479436 kB
Buffers:          104320 kB
Cached:          1196964 kB
MemTotal:        1844596 kB
MemFree:          194044 kB
MemAvailable:    1479772 kB
Buffers:          104320 kB
Cached:          1196964 kB
MemTotal:        1844596 kB
MemFree:          192732 kB
MemAvailable:    1478460 kB
Buffers:          104320 kB
Cached:          1196964 kB
MemTotal:        1844596 kB
MemFree:          193972 kB
MemAvailable:    1479700 kB
Buffers:          104324 kB
Cached:          1196960 kB
MemTotal:        1844596 kB
MemFree:          193908 kB
MemAvailable:    1479636 kB
Buffers:          104324 kB
Cached:          1196960 kB
MemTotal:        1844596 kB
MemFree:          190376 kB
MemAvailable:    1476104 kB
Buffers:          104324 kB
Cached:          1196960 kB
MemTotal:        1844596 kB
MemFree:          187152 kB
MemAvailable:    1472880 kB
Buffers:          104324 kB
Cached:          1196960 kB
MemTotal:        1844596 kB
MemFree:          185292 kB
MemAvailable:    1471020 kB
Buffers:          104324 kB
Cached:          1196960 kB
MemTotal:        1844596 kB
MemFree:          182688 kB
MemAvailable:    1468416 kB
Buffers:          104324 kB
Cached:          1196960 kB
MemTotal:        1844596 kB
MemFree:          183176 kB
MemAvailable:    1468912 kB
Buffers:          104324 kB
Cached:          1196968 kB
MemTotal:        1844596 kB
MemFree:          182944 kB
MemAvailable:    1468680 kB
Buffers:          104324 kB
Cached:          1196968 kB
MemTotal:        1844596 kB
MemFree:          183012 kB
MemAvailable:    1468748 kB
Buffers:          104324 kB
Cached:          1196968 kB
MemTotal:        1844596 kB
MemFree:          182448 kB
MemAvailable:    1468184 kB
Buffers:          104324 kB
Cached:          1196968 kB
MemTotal:        1844596 kB
MemFree:          182964 kB
MemAvailable:    1468700 kB
Buffers:          104324 kB
Cached:          1196968 kB
MemTotal:        1844596 kB
MemFree:          182936 kB
MemAvailable:    1468672 kB
Buffers:          104324 kB
Cached:          1196968 kB
MemTotal:        1844596 kB
MemFree:          183108 kB
MemAvailable:    1468844 kB
Buffers:          104324 kB
Cached:          1196968 kB
MemTotal:        1844596 kB
MemFree:          181800 kB
MemAvailable:    1467536 kB
Buffers:          104324 kB
Cached:          1196968 kB
MemTotal:        1844596 kB
MemFree:          183312 kB
MemAvailable:    1469048 kB
Buffers:          104324 kB
Cached:          1196968 kB
MemTotal:        1844596 kB
MemFree:          181796 kB
MemAvailable:    1467532 kB
Buffers:          104324 kB
Cached:          1196968 kB
MemTotal:        1844596 kB
MemFree:          183288 kB
MemAvailable:    1469028 kB
Buffers:          104324 kB
Cached:          1196972 kB
MemTotal:        1844596 kB
MemFree:          183268 kB
MemAvailable:    1469008 kB
Buffers:          104324 kB
Cached:          1196972 kB
MemTotal:        1844596 kB
MemFree:          181780 kB
MemAvailable:    1467520 kB
Buffers:          104324 kB
Cached:          1196972 kB
MemTotal:        1844596 kB
MemFree:          181896 kB
MemAvailable:    1467636 kB
Buffers:          104324 kB
Cached:          1196972 kB
MemTotal:        1844596 kB
MemFree:          181820 kB
MemAvailable:    1467560 kB
Buffers:          104324 kB
Cached:          1196972 kB
MemTotal:        1844596 kB
MemFree:          183300 kB
MemAvailable:    1469040 kB
Buffers:          104324 kB
Cached:          1196972 kB
MemTotal:        1844596 kB
MemFree:          181688 kB
MemAvailable:    1467428 kB
Buffers:          104324 kB
Cached:          1196972 kB
MemTotal:        1844596 kB
MemFree:          181688 kB
MemAvailable:    1467428 kB
Buffers:          104324 kB
Cached:          1196972 kB
MemTotal:        1844596 kB
MemFree:          183072 kB
MemAvailable:    1468812 kB
Buffers:          104324 kB
Cached:          1196972 kB
MemTotal:        1844596 kB
MemFree:          182324 kB
MemAvailable:    1468064 kB
Buffers:          104324 kB
Cached:          1196972 kB
MemTotal:        1844596 kB
MemFree:          182928 kB
MemAvailable:    1468668 kB
Buffers:          104324 kB
Cached:          1196972 kB
MemTotal:        1844596 kB
MemFree:          183184 kB
MemAvailable:    1468924 kB
Buffers:          104324 kB
Cached:          1196972 kB
MemTotal:        1844596 kB
MemFree:          183080 kB
MemAvailable:    1468820 kB
Buffers:          104324 kB
Cached:          1196972 kB
MemTotal:        1844596 kB
MemFree:          181772 kB
MemAvailable:    1467512 kB
Buffers:          104324 kB
Cached:          1196972 kB
MemTotal:        1844596 kB
MemFree:          182920 kB
MemAvailable:    1468660 kB
Buffers:          104324 kB
Cached:          1196972 kB
MemTotal:        1844596 kB
MemFree:          182688 kB
MemAvailable:    1468428 kB
Buffers:          104324 kB
Cached:          1196972 kB
MemTotal:        1844596 kB
MemFree:          183048 kB
MemAvailable:    1468788 kB
Buffers:          104324 kB
Cached:          1196972 kB
MemTotal:        1844596 kB
MemFree:          183104 kB
MemAvailable:    1468844 kB
Buffers:          104324 kB
Cached:          1196972 kB
MemTotal:        1844596 kB
MemFree:          182316 kB
MemAvailable:    1468056 kB
Buffers:          104324 kB
Cached:          1196972 kB
MemTotal:        1844596 kB
MemFree:          182840 kB
MemAvailable:    1468584 kB
Buffers:          104324 kB
Cached:          1196976 kB
MemTotal:        1844596 kB
MemFree:          183176 kB
MemAvailable:    1468920 kB
Buffers:          104324 kB
Cached:          1196976 kB
MemTotal:        1844596 kB
MemFree:          181640 kB
MemAvailable:    1467384 kB
Buffers:          104324 kB
Cached:          1196976 kB
MemTotal:        1844596 kB
MemFree:          183192 kB
MemAvailable:    1468936 kB
Buffers:          104324 kB
Cached:          1196976 kB
MemTotal:        1844596 kB
MemFree:          181760 kB
MemAvailable:    1467504 kB
Buffers:          104324 kB
Cached:          1196976 kB
MemTotal:        1844596 kB
MemFree:          183204 kB
MemAvailable:    1468948 kB
Buffers:          104324 kB
Cached:          1196976 kB
MemTotal:        1844596 kB
MemFree:          183104 kB
MemAvailable:    1468848 kB
Buffers:          104324 kB
Cached:          1196976 kB
MemTotal:        1844596 kB
MemFree:          182936 kB
MemAvailable:    1468680 kB
Buffers:          104324 kB
Cached:          1196976 kB
MemTotal:        1844596 kB
MemFree:          181820 kB
MemAvailable:    1467564 kB
Buffers:          104324 kB
Cached:          1196976 kB
MemTotal:        1844596 kB
MemFree:          182316 kB
MemAvailable:    1468060 kB
Buffers:          104324 kB
Cached:          1196976 kB
MemTotal:        1844596 kB
MemFree:          182936 kB
MemAvailable:    1468680 kB
Buffers:          104324 kB
Cached:          1196976 kB
MemTotal:        1844596 kB
MemFree:          181820 kB
MemAvailable:    1467564 kB
Buffers:          104324 kB
Cached:          1196976 kB
MemTotal:        1844596 kB
MemFree:          182972 kB
MemAvailable:    1468716 kB
Buffers:          104324 kB
Cached:          1196976 kB
MemTotal:        1844596 kB
MemFree:          182972 kB
MemAvailable:    1468716 kB
Buffers:          104324 kB
Cached:          1196976 kB
MemTotal:        1844596 kB
MemFree:          181772 kB
MemAvailable:    1467516 kB
Buffers:          104324 kB
Cached:          1196976 kB
MemTotal:        1844596 kB
MemFree:          183052 kB
MemAvailable:    1468796 kB
Buffers:          104324 kB
Cached:          1196976 kB
MemTotal:        1844596 kB
MemFree:          183304 kB
MemAvailable:    1469048 kB
Buffers:          104324 kB
Cached:          1196976 kB
MemTotal:        1844596 kB
MemFree:          181820 kB
MemAvailable:    1467564 kB
Buffers:          104324 kB
Cached:          1196976 kB
MemTotal:        1844596 kB
MemFree:          181820 kB
MemAvailable:    1467564 kB
Buffers:          104324 kB
Cached:          1196976 kB
MemTotal:        1844596 kB
MemFree:          182192 kB
MemAvailable:    1467936 kB
Buffers:          104324 kB
Cached:          1196976 kB
MemTotal:        1844596 kB
MemFree:          180820 kB
MemAvailable:    1466564 kB
Buffers:          104324 kB
Cached:          1196976 kB
MemTotal:        1844596 kB
MemFree:          181956 kB
MemAvailable:    1467700 kB
Buffers:          104324 kB
Cached:          1196976 kB
MemTotal:        1844596 kB
MemFree:          181992 kB
MemAvailable:    1467736 kB
Buffers:          104324 kB
Cached:          1196976 kB
MemTotal:        1844596 kB
MemFree:          181668 kB
MemAvailable:    1467412 kB
Buffers:          104324 kB
Cached:          1196976 kB
MemTotal:        1844596 kB
MemFree:          181924 kB
MemAvailable:    1467668 kB
Buffers:          104324 kB
Cached:          1196976 kB
MemTotal:        1844596 kB
MemFree:          180544 kB
MemAvailable:    1466288 kB
Buffers:          104324 kB
Cached:          1196976 kB
MemTotal:        1844596 kB
MemFree:          181612 kB
MemAvailable:    1467356 kB
Buffers:          104324 kB
Cached:          1196976 kB
MemTotal:        1844596 kB
MemFree:          181572 kB
MemAvailable:    1467316 kB
Buffers:          104324 kB
Cached:          1196976 kB
MemTotal:        1844596 kB
MemFree:          181640 kB
MemAvailable:    1467384 kB
Buffers:          104324 kB
Cached:          1196976 kB
MemTotal:        1844596 kB
MemFree:          180400 kB
MemAvailable:    1466144 kB
Buffers:          104324 kB
Cached:          1196976 kB
MemTotal:        1844596 kB
MemFree:          180648 kB
MemAvailable:    1466392 kB
Buffers:          104324 kB
Cached:          1196976 kB
MemTotal:        1844596 kB
MemFree:          180648 kB
MemAvailable:    1466392 kB
Buffers:          104324 kB
Cached:          1196976 kB
MemTotal:        1844596 kB
MemFree:          180252 kB
MemAvailable:    1465996 kB
Buffers:          104324 kB
Cached:          1196976 kB
MemTotal:        1844596 kB
MemFree:          180136 kB
MemAvailable:    1465880 kB
Buffers:          104324 kB
Cached:          1196976 kB
MemTotal:        1844596 kB
MemFree:          180260 kB
MemAvailable:    1466004 kB
Buffers:          104324 kB
Cached:          1196976 kB
MemTotal:        1844596 kB
MemFree:          180420 kB
MemAvailable:    1466164 kB
Buffers:          104324 kB
Cached:          1196976 kB
MemTotal:        1844596 kB
MemFree:          181688 kB
MemAvailable:    1467432 kB
Buffers:          104324 kB
Cached:          1196976 kB
MemTotal:        1844596 kB
MemFree:          181656 kB
MemAvailable:    1467400 kB
Buffers:          104324 kB
Cached:          1196976 kB
MemTotal:        1844596 kB
MemFree:          180028 kB
MemAvailable:    1465772 kB
Buffers:          104324 kB
Cached:          1196976 kB
MemTotal:        1844596 kB
MemFree:          179904 kB
MemAvailable:    1465648 kB
Buffers:          104324 kB
Cached:          1196976 kB
MemTotal:        1844596 kB
MemFree:          181312 kB
MemAvailable:    1467056 kB
Buffers:          104324 kB
Cached:          1196976 kB
MemTotal:        1844596 kB
MemFree:          180148 kB
MemAvailable:    1465892 kB
Buffers:          104324 kB
Cached:          1196976 kB
MemTotal:        1844596 kB
MemFree:          181300 kB
MemAvailable:    1467044 kB
Buffers:          104324 kB
Cached:          1196976 kB
MemTotal:        1844596 kB
MemFree:          178844 kB
MemAvailable:    1464588 kB
Buffers:          104324 kB
Cached:          1196976 kB
MemTotal:        1844596 kB
MemFree:          175308 kB
MemAvailable:    1461052 kB
Buffers:          104324 kB
Cached:          1196976 kB
MemTotal:        1844596 kB
MemFree:          172148 kB
MemAvailable:    1457892 kB
Buffers:          104324 kB
Cached:          1196976 kB
MemTotal:        1844596 kB
MemFree:          170364 kB
MemAvailable:    1456108 kB
Buffers:          104324 kB
Cached:          1196976 kB
MemTotal:        1844596 kB
MemFree:          170172 kB
MemAvailable:    1455916 kB
Buffers:          104324 kB
Cached:          1196976 kB
MemTotal:        1844596 kB
MemFree:          170280 kB
MemAvailable:    1456024 kB
Buffers:          104324 kB
Cached:          1196976 kB
MemTotal:        1844596 kB
MemFree:          168800 kB
MemAvailable:    1454544 kB
Buffers:          104324 kB
Cached:          1196976 kB
MemTotal:        1844596 kB
MemFree:          168544 kB
MemAvailable:    1454288 kB
Buffers:          104324 kB
Cached:          1196976 kB
MemTotal:        1844596 kB
MemFree:          169280 kB
MemAvailable:    1455024 kB
Buffers:          104324 kB
Cached:          1196976 kB
MemTotal:        1844596 kB
MemFree:          169048 kB
MemAvailable:    1454792 kB
Buffers:          104324 kB
Cached:          1196976 kB
MemTotal:        1844596 kB
MemFree:          169044 kB
MemAvailable:    1454788 kB
Buffers:          104324 kB
Cached:          1196976 kB
MemTotal:        1844596 kB
MemFree:          167312 kB
MemAvailable:    1453056 kB
Buffers:          104324 kB
Cached:          1196976 kB
MemTotal:        1844596 kB
MemFree:          166692 kB
MemAvailable:    1452436 kB
Buffers:          104324 kB
Cached:          1196976 kB
MemTotal:        1844596 kB
MemFree:          166320 kB
MemAvailable:    1452072 kB
Buffers:          104324 kB
Cached:          1196984 kB
MemTotal:        1844596 kB
MemFree:          165964 kB
MemAvailable:    1451716 kB
Buffers:          104324 kB
Cached:          1196984 kB
MemTotal:        1844596 kB
MemFree:          166204 kB
MemAvailable:    1451956 kB
Buffers:          104324 kB
Cached:          1196984 kB
MemTotal:        1844596 kB
MemFree:          166280 kB
MemAvailable:    1452032 kB
Buffers:          104324 kB
Cached:          1196984 kB
MemTotal:        1844596 kB
MemFree:          166252 kB
MemAvailable:    1452004 kB
Buffers:          104324 kB
Cached:          1196984 kB
MemTotal:        1844596 kB
MemFree:          165028 kB
MemAvailable:    1450780 kB
Buffers:          104324 kB
Cached:          1196984 kB
MemTotal:        1844596 kB
MemFree:          166204 kB
MemAvailable:    1451956 kB
Buffers:          104324 kB
Cached:          1196984 kB
MemTotal:        1844596 kB
MemFree:          166188 kB
MemAvailable:    1451940 kB
Buffers:          104324 kB
Cached:          1196984 kB
MemTotal:        1844596 kB
MemFree:          166188 kB
MemAvailable:    1451940 kB
Buffers:          104324 kB
Cached:          1196984 kB
MemTotal:        1844596 kB
MemFree:          166176 kB
MemAvailable:    1451928 kB
Buffers:          104324 kB
Cached:          1196984 kB
MemTotal:        1844596 kB
MemFree:          165956 kB
MemAvailable:    1451708 kB
Buffers:          104324 kB
Cached:          1196984 kB
MemTotal:        1844596 kB
MemFree:          165032 kB
MemAvailable:    1450784 kB
Buffers:          104324 kB
Cached:          1196984 kB
MemTotal:        1844596 kB
MemFree:          166208 kB
MemAvailable:    1451960 kB
Buffers:          104324 kB
Cached:          1196984 kB
MemTotal:        1844596 kB
MemFree:          165948 kB
MemAvailable:    1451700 kB
Buffers:          104324 kB
Cached:          1196984 kB
MemTotal:        1844596 kB
MemFree:          165328 kB
MemAvailable:    1451080 kB
Buffers:          104324 kB
Cached:          1196984 kB
MemTotal:        1844596 kB
MemFree:          165708 kB
MemAvailable:    1451460 kB
Buffers:          104324 kB
Cached:          1196984 kB
MemTotal:        1844596 kB
MemFree:          164972 kB
MemAvailable:    1450724 kB
Buffers:          104324 kB
Cached:          1196984 kB
MemTotal:        1844596 kB
MemFree:          164964 kB
MemAvailable:    1450716 kB
Buffers:          104324 kB
Cached:          1196984 kB
MemTotal:        1844596 kB
MemFree:          164656 kB
MemAvailable:    1450408 kB
Buffers:          104324 kB
Cached:          1196984 kB
MemTotal:        1844596 kB
MemFree:          163548 kB
MemAvailable:    1449300 kB
Buffers:          104324 kB
Cached:          1196984 kB
MemTotal:        1844596 kB
MemFree:          162940 kB
MemAvailable:    1448692 kB
Buffers:          104324 kB
Cached:          1196984 kB
MemTotal:        1844596 kB
MemFree:          164240 kB
MemAvailable:    1449992 kB
Buffers:          104324 kB
Cached:          1196984 kB
MemTotal:        1844596 kB
MemFree:          162856 kB
MemAvailable:    1448608 kB
Buffers:          104324 kB
Cached:          1196984 kB
MemTotal:        1844596 kB
MemFree:          162608 kB
MemAvailable:    1448360 kB
Buffers:          104324 kB
Cached:          1196984 kB
MemTotal:        1844596 kB
MemFree:          163288 kB
MemAvailable:    1449040 kB
Buffers:          104324 kB
Cached:          1196984 kB
MemTotal:        1844596 kB
MemFree:          161988 kB
MemAvailable:    1447740 kB
Buffers:          104324 kB
Cached:          1196984 kB
MemTotal:        1844596 kB
MemFree:          162580 kB
MemAvailable:    1448332 kB
Buffers:          104324 kB
Cached:          1196984 kB
MemTotal:        1844596 kB
MemFree:          162916 kB
MemAvailable:    1448668 kB
Buffers:          104324 kB
Cached:          1196984 kB
MemTotal:        1844596 kB
MemFree:          162228 kB
MemAvailable:    1447980 kB
Buffers:          104324 kB
Cached:          1196984 kB
MemTotal:        1844596 kB
MemFree:          162228 kB
MemAvailable:    1447980 kB
Buffers:          104324 kB
Cached:          1196984 kB
MemTotal:        1844596 kB
MemFree:          160824 kB
MemAvailable:    1446576 kB
Buffers:          104324 kB
Cached:          1196984 kB
MemTotal:        1844596 kB
MemFree:          162064 kB
MemAvailable:    1447816 kB
Buffers:          104324 kB
Cached:          1196984 kB
MemTotal:        1844596 kB
MemFree:          161748 kB
MemAvailable:    1447500 kB
Buffers:          104324 kB
Cached:          1196984 kB
MemTotal:        1844596 kB
MemFree:          162096 kB
MemAvailable:    1447848 kB
Buffers:          104324 kB
Cached:          1196984 kB
MemTotal:        1844596 kB
MemFree:          161864 kB
MemAvailable:    1447616 kB
Buffers:          104324 kB
Cached:          1196984 kB
MemTotal:        1844596 kB
MemFree:          160940 kB
MemAvailable:    1446692 kB
Buffers:          104324 kB
Cached:          1196984 kB
MemTotal:        1844596 kB
MemFree:          160932 kB
MemAvailable:    1446684 kB
Buffers:          104324 kB
Cached:          1196984 kB
MemTotal:        1844596 kB
MemFree:          160940 kB
MemAvailable:    1446692 kB
Buffers:          104324 kB
Cached:          1196984 kB
MemTotal:        1844596 kB
MemFree:          161916 kB
MemAvailable:    1447668 kB
Buffers:          104324 kB
Cached:          1196984 kB
MemTotal:        1844596 kB
MemFree:          162084 kB
MemAvailable:    1447836 kB
Buffers:          104324 kB
Cached:          1196984 kB
MemTotal:        1844596 kB
MemFree:          162036 kB
MemAvailable:    1447788 kB
Buffers:          104324 kB
Cached:          1196984 kB
MemTotal:        1844596 kB
MemFree:          161864 kB
MemAvailable:    1447616 kB
Buffers:          104324 kB
Cached:          1196984 kB
MemTotal:        1844596 kB
MemFree:          161984 kB
MemAvailable:    1447736 kB
Buffers:          104324 kB
Cached:          1196984 kB
MemTotal:        1844596 kB
MemFree:          161120 kB
MemAvailable:    1446872 kB
Buffers:          104324 kB
Cached:          1196984 kB
MemTotal:        1844596 kB
MemFree:          162320 kB
MemAvailable:    1448072 kB
Buffers:          104324 kB
Cached:          1196984 kB
MemTotal:        1844596 kB
MemFree:          161120 kB
MemAvailable:    1446872 kB
Buffers:          104324 kB
Cached:          1196984 kB
MemTotal:        1844596 kB
MemFree:          162164 kB
MemAvailable:    1447916 kB
Buffers:          104324 kB
Cached:          1196984 kB
MemTotal:        1844596 kB
MemFree:          160996 kB
MemAvailable:    1446748 kB
Buffers:          104324 kB
Cached:          1196984 kB
MemTotal:        1844596 kB
MemFree:          161712 kB
MemAvailable:    1447464 kB
Buffers:          104324 kB
Cached:          1196984 kB
MemTotal:        1844596 kB
MemFree:          162048 kB
MemAvailable:    1447800 kB
Buffers:          104324 kB
Cached:          1196984 kB
MemTotal:        1844596 kB
MemFree:          160480 kB
MemAvailable:    1446232 kB
Buffers:          104324 kB
Cached:          1196984 kB
MemTotal:        1844596 kB
MemFree:          160688 kB
MemAvailable:    1446440 kB
Buffers:          104324 kB
Cached:          1196984 kB
MemTotal:        1844596 kB
MemFree:          160432 kB
MemAvailable:    1446184 kB
Buffers:          104324 kB
Cached:          1196984 kB
MemTotal:        1844596 kB
MemFree:          161724 kB
MemAvailable:    1447476 kB
Buffers:          104324 kB
Cached:          1196984 kB
MemTotal:        1844596 kB
MemFree:          161616 kB
MemAvailable:    1447368 kB
Buffers:          104324 kB
Cached:          1196984 kB
MemTotal:        1844596 kB
MemFree:          160800 kB
MemAvailable:    1446552 kB
Buffers:          104324 kB
Cached:          1196984 kB
MemTotal:        1844596 kB
MemFree:          160740 kB
MemAvailable:    1446492 kB
Buffers:          104324 kB
Cached:          1196984 kB
MemTotal:        1844596 kB
MemFree:          159640 kB
MemAvailable:    1445392 kB
Buffers:          104324 kB
Cached:          1196984 kB
MemTotal:        1844596 kB
MemFree:          160328 kB
MemAvailable:    1446080 kB
Buffers:          104324 kB
Cached:          1196984 kB
MemTotal:        1844596 kB
MemFree:          160256 kB
MemAvailable:    1446008 kB
Buffers:          104324 kB
Cached:          1196984 kB
MemTotal:        1844596 kB
MemFree:          158080 kB
MemAvailable:    1443832 kB
Buffers:          104324 kB
Cached:          1196984 kB
MemTotal:        1844596 kB
MemFree:          156284 kB
MemAvailable:    1442036 kB
Buffers:          104324 kB
Cached:          1196984 kB
MemTotal:        1844596 kB
MemFree:          154796 kB
MemAvailable:    1440548 kB
Buffers:          104324 kB
Cached:          1196984 kB
MemTotal:        1844596 kB
MemFree:          152200 kB
MemAvailable:    1437952 kB
Buffers:          104324 kB
Cached:          1196984 kB
MemTotal:        1844596 kB
MemFree:          149340 kB
MemAvailable:    1435092 kB
Buffers:          104324 kB
Cached:          1196984 kB
MemTotal:        1844596 kB
MemFree:          145728 kB
MemAvailable:    1431480 kB
Buffers:          104324 kB
Cached:          1196984 kB
MemTotal:        1844596 kB
MemFree:          145496 kB
MemAvailable:    1431248 kB
Buffers:          104324 kB
Cached:          1196984 kB
MemTotal:        1844596 kB
MemFree:          143636 kB
MemAvailable:    1429388 kB
Buffers:          104324 kB
Cached:          1196984 kB
MemTotal:        1844596 kB
MemFree:          143440 kB
MemAvailable:    1429192 kB
Buffers:          104324 kB
Cached:          1196984 kB
MemTotal:        1844596 kB
MemFree:          142132 kB
MemAvailable:    1427884 kB
Buffers:          104324 kB
Cached:          1196984 kB
MemTotal:        1844596 kB
MemFree:          143232 kB
MemAvailable:    1428984 kB
Buffers:          104324 kB
Cached:          1196984 kB
MemTotal:        1844596 kB
MemFree:          143484 kB
MemAvailable:    1429236 kB
Buffers:          104324 kB
Cached:          1196984 kB
MemTotal:        1844596 kB
MemFree:          143252 kB
MemAvailable:    1429004 kB
Buffers:          104324 kB
Cached:          1196984 kB
MemTotal:        1844596 kB
MemFree:          141976 kB
MemAvailable:    1427736 kB
Buffers:          104324 kB
Cached:          1196992 kB
MemTotal:        1844596 kB
MemFree:          142232 kB
MemAvailable:    1427992 kB
Buffers:          104324 kB
Cached:          1196992 kB
MemTotal:        1844596 kB
MemFree:          141984 kB
MemAvailable:    1427744 kB
Buffers:          104324 kB
Cached:          1196992 kB
MemTotal:        1844596 kB
MemFree:          142100 kB
MemAvailable:    1427860 kB
Buffers:          104324 kB
Cached:          1196992 kB
MemTotal:        1844596 kB
MemFree:          142148 kB
MemAvailable:    1427908 kB
Buffers:          104324 kB
Cached:          1196992 kB
MemTotal:        1844596 kB
MemFree:          142520 kB
MemAvailable:    1428280 kB
Buffers:          104324 kB
Cached:          1196992 kB
MemTotal:        1844596 kB
MemFree:          141148 kB
MemAvailable:    1426908 kB
Buffers:          104324 kB
Cached:          1196992 kB
MemTotal:        1844596 kB
MemFree:          142244 kB
MemAvailable:    1428004 kB
Buffers:          104324 kB
Cached:          1196992 kB
MemTotal:        1844596 kB
MemFree:          142328 kB
MemAvailable:    1428088 kB
Buffers:          104324 kB
Cached:          1196992 kB
MemTotal:        1844596 kB
MemFree:          140976 kB
MemAvailable:    1426736 kB
Buffers:          104324 kB
Cached:          1196992 kB
MemTotal:        1844596 kB
MemFree:          140968 kB
MemAvailable:    1426728 kB
Buffers:          104324 kB
Cached:          1196992 kB
MemTotal:        1844596 kB
MemFree:          142276 kB
MemAvailable:    1428036 kB
Buffers:          104324 kB
Cached:          1196992 kB
MemTotal:        1844596 kB
MemFree:          141536 kB
MemAvailable:    1427296 kB
Buffers:          104324 kB
Cached:          1196992 kB
MemTotal:        1844596 kB
MemFree:          142132 kB
MemAvailable:    1427892 kB
Buffers:          104324 kB
Cached:          1196992 kB
MemTotal:        1844596 kB
MemFree:          142468 kB
MemAvailable:    1428228 kB
Buffers:          104324 kB
Cached:          1196992 kB
MemTotal:        1844596 kB
MemFree:          142084 kB
MemAvailable:    1427844 kB
Buffers:          104324 kB
Cached:          1196992 kB
MemTotal:        1844596 kB
MemFree:          142336 kB
MemAvailable:    1428096 kB
Buffers:          104324 kB
Cached:          1196992 kB
MemTotal:        1844596 kB
MemFree:          142384 kB
MemAvailable:    1428144 kB
Buffers:          104324 kB
Cached:          1196992 kB
MemTotal:        1844596 kB
MemFree:          141220 kB
MemAvailable:    1426980 kB
Buffers:          104324 kB
Cached:          1196992 kB
MemTotal:        1844596 kB
MemFree:          142240 kB
MemAvailable:    1428000 kB
Buffers:          104324 kB
Cached:          1196992 kB
MemTotal:        1844596 kB
MemFree:          142240 kB
MemAvailable:    1428000 kB
Buffers:          104324 kB
Cached:          1196992 kB
MemTotal:        1844596 kB
MemFree:          140836 kB
MemAvailable:    1426596 kB
Buffers:          104324 kB
Cached:          1196992 kB
MemTotal:        1844596 kB
MemFree:          142276 kB
MemAvailable:    1428036 kB
Buffers:          104324 kB
Cached:          1196992 kB
MemTotal:        1844596 kB
MemFree:          141536 kB
MemAvailable:    1427296 kB
Buffers:          104324 kB
Cached:          1196992 kB
MemTotal:        1844596 kB
MemFree:          142812 kB
MemAvailable:    1428572 kB
Buffers:          104324 kB
Cached:          1196992 kB
MemTotal:        1844596 kB
MemFree:          142768 kB
MemAvailable:    1428528 kB
Buffers:          104324 kB
Cached:          1196992 kB
MemTotal:        1844596 kB
MemFree:          138792 kB
MemAvailable:    1424552 kB
Buffers:          104324 kB
Cached:          1196992 kB
MemTotal:        1844596 kB
MemFree:          135884 kB
MemAvailable:    1421644 kB
Buffers:          104324 kB
Cached:          1196992 kB
MemTotal:        1844596 kB
MemFree:          132716 kB
MemAvailable:    1418476 kB
Buffers:          104324 kB
Cached:          1196992 kB
MemTotal:        1844596 kB
MemFree:          132236 kB
MemAvailable:    1417996 kB
Buffers:          104324 kB
Cached:          1196992 kB
MemTotal:        1844596 kB
MemFree:          128684 kB
MemAvailable:    1414444 kB
Buffers:          104324 kB
Cached:          1196992 kB
MemTotal:        1844596 kB
MemFree:          126584 kB
MemAvailable:    1412344 kB
Buffers:          104324 kB
Cached:          1196992 kB
MemTotal:        1844596 kB
MemFree:          123796 kB
MemAvailable:    1409556 kB
Buffers:          104324 kB
Cached:          1196992 kB
MemTotal:        1844596 kB
MemFree:          123176 kB
MemAvailable:    1408940 kB
Buffers:          104324 kB
Cached:          1196996 kB
MemTotal:        1844596 kB
MemFree:          124624 kB
MemAvailable:    1410388 kB
Buffers:          104324 kB
Cached:          1196996 kB
MemTotal:        1844596 kB
MemFree:          123300 kB
MemAvailable:    1409064 kB
Buffers:          104324 kB
Cached:          1196996 kB
MemTotal:        1844596 kB
MemFree:          123948 kB
MemAvailable:    1409712 kB
Buffers:          104324 kB
Cached:          1196996 kB
MemTotal:        1844596 kB
MemFree:          124168 kB
MemAvailable:    1409932 kB
Buffers:          104324 kB
Cached:          1196996 kB
MemTotal:        1844596 kB
MemFree:          122872 kB
MemAvailable:    1408636 kB
Buffers:          104324 kB
Cached:          1196996 kB
MemTotal:        1844596 kB
MemFree:          122872 kB
MemAvailable:    1408636 kB
Buffers:          104324 kB
Cached:          1196996 kB
MemTotal:        1844596 kB
MemFree:          124368 kB
MemAvailable:    1410132 kB
Buffers:          104324 kB
Cached:          1196996 kB
MemTotal:        1844596 kB
MemFree:          124216 kB
MemAvailable:    1409980 kB
Buffers:          104324 kB
Cached:          1196996 kB
MemTotal:        1844596 kB
MemFree:          123176 kB
MemAvailable:    1408940 kB
Buffers:          104324 kB
Cached:          1196996 kB
MemTotal:        1844596 kB
MemFree:          124160 kB
MemAvailable:    1409928 kB
Buffers:          104324 kB
Cached:          1197000 kB
MemTotal:        1844596 kB
MemFree:          124244 kB
MemAvailable:    1410012 kB
Buffers:          104324 kB
Cached:          1197000 kB
MemTotal:        1844596 kB
MemFree:          124168 kB
MemAvailable:    1409936 kB
Buffers:          104324 kB
Cached:          1197000 kB
MemTotal:        1844596 kB
MemFree:          124056 kB
MemAvailable:    1409824 kB
Buffers:          104324 kB
Cached:          1197000 kB
MemTotal:        1844596 kB
MemFree:          123308 kB
MemAvailable:    1409076 kB
Buffers:          104324 kB
Cached:          1197000 kB
MemTotal:        1844596 kB
MemFree:          123904 kB
MemAvailable:    1409672 kB
Buffers:          104324 kB
Cached:          1197000 kB
MemTotal:        1844596 kB
MemFree:          124240 kB
MemAvailable:    1410008 kB
Buffers:          104324 kB
Cached:          1197000 kB
MemTotal:        1844596 kB
MemFree:          124156 kB
MemAvailable:    1409924 kB
Buffers:          104324 kB
Cached:          1197000 kB
MemTotal:        1844596 kB
MemFree:          124296 kB
MemAvailable:    1410064 kB
Buffers:          104324 kB
Cached:          1197000 kB
MemTotal:        1844596 kB
MemFree:          122736 kB
MemAvailable:    1408504 kB
Buffers:          104324 kB
Cached:          1197000 kB
MemTotal:        1844596 kB
MemFree:          124020 kB
MemAvailable:    1409788 kB
Buffers:          104324 kB
Cached:          1197000 kB
MemTotal:        1844596 kB
MemFree:          124176 kB
MemAvailable:    1409944 kB
Buffers:          104324 kB
Cached:          1197000 kB
MemTotal:        1844596 kB
MemFree:          124228 kB
MemAvailable:    1409996 kB
Buffers:          104324 kB
Cached:          1197000 kB
MemTotal:        1844596 kB
MemFree:          122756 kB
MemAvailable:    1408524 kB
Buffers:          104324 kB
Cached:          1197000 kB
MemTotal:        1844596 kB
MemFree:          124032 kB
MemAvailable:    1409800 kB
Buffers:          104324 kB
Cached:          1197000 kB
MemTotal:        1844596 kB
MemFree:          123980 kB
MemAvailable:    1409748 kB
Buffers:          104324 kB
Cached:          1197000 kB
MemTotal:        1844596 kB
MemFree:          124104 kB
MemAvailable:    1409872 kB
Buffers:          104324 kB
Cached:          1197000 kB
MemTotal:        1844596 kB
MemFree:          124148 kB
MemAvailable:    1409916 kB
Buffers:          104324 kB
Cached:          1197000 kB
MemTotal:        1844596 kB
MemFree:          124112 kB
MemAvailable:    1409880 kB
Buffers:          104324 kB
Cached:          1197000 kB
MemTotal:        1844596 kB
MemFree:          122804 kB
MemAvailable:    1408572 kB
Buffers:          104324 kB
Cached:          1197000 kB
MemTotal:        1844596 kB
MemFree:          124072 kB
MemAvailable:    1409840 kB
Buffers:          104324 kB
Cached:          1197000 kB
MemTotal:        1844596 kB
MemFree:          124412 kB
MemAvailable:    1410180 kB
Buffers:          104324 kB
Cached:          1197000 kB
MemTotal:        1844596 kB
MemFree:          124300 kB
MemAvailable:    1410068 kB
Buffers:          104324 kB
Cached:          1197000 kB
MemTotal:        1844596 kB
MemFree:          122732 kB
MemAvailable:    1408500 kB
Buffers:          104324 kB
Cached:          1197000 kB
MemTotal:        1844596 kB
MemFree:          124016 kB
MemAvailable:    1409784 kB
Buffers:          104324 kB
Cached:          1197000 kB
MemTotal:        1844596 kB
MemFree:          124052 kB
MemAvailable:    1409820 kB
Buffers:          104324 kB
Cached:          1197000 kB
MemTotal:        1844596 kB
MemFree:          120944 kB
MemAvailable:    1406712 kB
Buffers:          104324 kB
Cached:          1197000 kB
MemTotal:        1844596 kB
MemFree:          118896 kB
MemAvailable:    1404664 kB
Buffers:          104324 kB
Cached:          1197000 kB
MemTotal:        1844596 kB
MemFree:          114556 kB
MemAvailable:    1400324 kB
Buffers:          104324 kB
Cached:          1197000 kB
MemTotal:        1844596 kB
MemFree:          111024 kB
MemAvailable:    1396792 kB
Buffers:          104324 kB
Cached:          1197000 kB
MemTotal:        1844596 kB
MemFree:          106684 kB
MemAvailable:    1392452 kB
Buffers:          104324 kB
Cached:          1197000 kB
MemTotal:        1844596 kB
MemFree:          106760 kB
MemAvailable:    1392528 kB
Buffers:          104324 kB
Cached:          1197000 kB
MemTotal:        1844596 kB
MemFree:          106756 kB
MemAvailable:    1392524 kB
Buffers:          104324 kB
Cached:          1197000 kB
MemTotal:        1844596 kB
MemFree:          105396 kB
MemAvailable:    1391168 kB
Buffers:          104324 kB
Cached:          1197004 kB
MemTotal:        1844596 kB
MemFree:          106000 kB
MemAvailable:    1391772 kB
Buffers:          104324 kB
Cached:          1197004 kB
MemTotal:        1844596 kB
MemFree:          104832 kB
MemAvailable:    1390604 kB
Buffers:          104324 kB
Cached:          1197004 kB
MemTotal:        1844596 kB
MemFree:          105684 kB
MemAvailable:    1391456 kB
Buffers:          104324 kB
Cached:          1197004 kB
MemTotal:        1844596 kB
MemFree:          105700 kB
MemAvailable:    1391472 kB
Buffers:          104324 kB
Cached:          1197004 kB
MemTotal:        1844596 kB
MemFree:          105560 kB
MemAvailable:    1391332 kB
Buffers:          104324 kB
Cached:          1197004 kB
MemTotal:        1844596 kB
MemFree:          104528 kB
MemAvailable:    1390300 kB
Buffers:          104324 kB
Cached:          1197004 kB
MemTotal:        1844596 kB
MemFree:          105380 kB
MemAvailable:    1391152 kB
Buffers:          104324 kB
Cached:          1197004 kB
MemTotal:        1844596 kB
MemFree:          105380 kB
MemAvailable:    1391152 kB
Buffers:          104324 kB
Cached:          1197004 kB
MemTotal:        1844596 kB
MemFree:          103816 kB
MemAvailable:    1389588 kB
Buffers:          104324 kB
Cached:          1197004 kB
MemTotal:        1844596 kB
MemFree:          104032 kB
MemAvailable:    1389804 kB
Buffers:          104324 kB
Cached:          1197004 kB
MemTotal:        1844596 kB
MemFree:          103900 kB
MemAvailable:    1389672 kB
Buffers:          104324 kB
Cached:          1197004 kB
MemTotal:        1844596 kB
MemFree:          104888 kB
MemAvailable:    1390660 kB
Buffers:          104324 kB
Cached:          1197004 kB
MemTotal:        1844596 kB
MemFree:          104312 kB
MemAvailable:    1390084 kB
Buffers:          104324 kB
Cached:          1197004 kB
MemTotal:        1844596 kB
MemFree:          103716 kB
MemAvailable:    1389488 kB
Buffers:          104324 kB
Cached:          1197004 kB
MemTotal:        1844596 kB
MemFree:          103708 kB
MemAvailable:    1389480 kB
Buffers:          104324 kB
Cached:          1197004 kB
MemTotal:        1844596 kB
MemFree:          103316 kB
MemAvailable:    1389088 kB
Buffers:          104324 kB
Cached:          1197004 kB
MemTotal:        1844596 kB
MemFree:          103204 kB
MemAvailable:    1388976 kB
Buffers:          104324 kB
Cached:          1197004 kB
MemTotal:        1844596 kB
MemFree:          102088 kB
MemAvailable:    1387860 kB
Buffers:          104324 kB
Cached:          1197004 kB
MemTotal:        1844596 kB
MemFree:          102344 kB
MemAvailable:    1388116 kB
Buffers:          104324 kB
Cached:          1197004 kB
MemTotal:        1844596 kB
MemFree:          100236 kB
MemAvailable:    1386008 kB
Buffers:          104324 kB
Cached:          1197004 kB
MemTotal:        1844596 kB
MemFree:           99808 kB
MemAvailable:    1385580 kB
Buffers:          104324 kB
Cached:          1197004 kB
MemTotal:        1844596 kB
MemFree:           99368 kB
MemAvailable:    1385140 kB
Buffers:          104324 kB
Cached:          1197004 kB
MemTotal:        1844596 kB
MemFree:           98360 kB
MemAvailable:    1384132 kB
Buffers:          104324 kB
Cached:          1197004 kB
MemTotal:        1844596 kB
MemFree:           99724 kB
MemAvailable:    1385496 kB
Buffers:          104324 kB
Cached:          1197004 kB
MemTotal:        1844596 kB
MemFree:           99584 kB
MemAvailable:    1385356 kB
Buffers:          104324 kB
Cached:          1197004 kB
MemTotal:        1844596 kB
MemFree:           99920 kB
MemAvailable:    1385692 kB
Buffers:          104324 kB
Cached:          1197004 kB
MemTotal:        1844596 kB
MemFree:           98352 kB
MemAvailable:    1384124 kB
Buffers:          104324 kB
Cached:          1197004 kB
MemTotal:        1844596 kB
MemFree:           98468 kB
MemAvailable:    1384240 kB
Buffers:          104324 kB
Cached:          1197004 kB
MemTotal:        1844596 kB
MemFree:           98732 kB
MemAvailable:    1384504 kB
Buffers:          104324 kB
Cached:          1197004 kB
MemTotal:        1844596 kB
MemFree:           98816 kB
MemAvailable:    1384588 kB
Buffers:          104324 kB
Cached:          1197004 kB
MemTotal:        1844596 kB
MemFree:           96888 kB
MemAvailable:    1382660 kB
Buffers:          104324 kB
Cached:          1197004 kB
MemTotal:        1844596 kB
MemFree:           98188 kB
MemAvailable:    1383960 kB
Buffers:          104324 kB
Cached:          1197004 kB
MemTotal:        1844596 kB
MemFree:           96880 kB
MemAvailable:    1382652 kB
Buffers:          104324 kB
Cached:          1197004 kB
MemTotal:        1844596 kB
MemFree:           96756 kB
MemAvailable:    1382528 kB
Buffers:          104324 kB
Cached:          1197004 kB
MemTotal:        1844596 kB
MemFree:           97996 kB
MemAvailable:    1383768 kB
Buffers:          104324 kB
Cached:          1197004 kB
MemTotal:        1844596 kB
MemFree:           96624 kB
MemAvailable:    1382396 kB
Buffers:          104324 kB
Cached:          1197004 kB
MemTotal:        1844596 kB
MemFree:           97924 kB
MemAvailable:    1383696 kB
Buffers:          104324 kB
Cached:          1197004 kB
MemTotal:        1844596 kB
MemFree:           98044 kB
MemAvailable:    1383816 kB
Buffers:          104324 kB
Cached:          1197004 kB
MemTotal:        1844596 kB
MemFree:           96612 kB
MemAvailable:    1382384 kB
Buffers:          104324 kB
Cached:          1197004 kB
MemTotal:        1844596 kB
MemFree:           97804 kB
MemAvailable:    1383576 kB
Buffers:          104324 kB
Cached:          1197004 kB
MemTotal:        1844596 kB
MemFree:           97764 kB
MemAvailable:    1383536 kB
Buffers:          104324 kB
Cached:          1197004 kB
MemTotal:        1844596 kB
MemFree:           97748 kB
MemAvailable:    1383520 kB
Buffers:          104324 kB
Cached:          1197004 kB
MemTotal:        1844596 kB
MemFree:           96500 kB
MemAvailable:    1382272 kB
Buffers:          104324 kB
Cached:          1197004 kB
MemTotal:        1844596 kB
MemFree:           96756 kB
MemAvailable:    1382528 kB
Buffers:          104324 kB
Cached:          1197004 kB
MemTotal:        1844596 kB
MemFree:           96756 kB
MemAvailable:    1382528 kB
Buffers:          104324 kB
Cached:          1197004 kB
MemTotal:        1844596 kB
MemFree:           97924 kB
MemAvailable:    1383696 kB
Buffers:          104324 kB
Cached:          1197004 kB
MemTotal:        1844596 kB
MemFree:           97884 kB
MemAvailable:    1383656 kB
Buffers:          104324 kB
Cached:          1197004 kB
MemTotal:        1844596 kB
MemFree:           97012 kB
MemAvailable:    1382784 kB
Buffers:          104324 kB
Cached:          1197004 kB
MemTotal:        1844596 kB
MemFree:           97740 kB
MemAvailable:    1383512 kB
Buffers:          104324 kB
Cached:          1197004 kB
MemTotal:        1844596 kB
MemFree:           97992 kB
MemAvailable:    1383764 kB
Buffers:          104324 kB
Cached:          1197004 kB
MemTotal:        1844596 kB
MemFree:           97868 kB
MemAvailable:    1383640 kB
Buffers:          104324 kB
Cached:          1197004 kB
MemTotal:        1844596 kB
MemFree:           97880 kB
MemAvailable:    1383652 kB
Buffers:          104324 kB
Cached:          1197004 kB
MemTotal:        1844596 kB
MemFree:           97136 kB
MemAvailable:    1382908 kB
Buffers:          104324 kB
Cached:          1197004 kB
MemTotal:        1844596 kB
MemFree:           97688 kB
MemAvailable:    1383460 kB
Buffers:          104324 kB
Cached:          1197004 kB
MemTotal:        1844596 kB
MemFree:           98024 kB
MemAvailable:    1383796 kB
Buffers:          104324 kB
Cached:          1197004 kB
MemTotal:        1844596 kB
MemFree:           97864 kB
MemAvailable:    1383636 kB
Buffers:          104324 kB
Cached:          1197004 kB
MemTotal:        1844596 kB
MemFree:           97384 kB
MemAvailable:    1383156 kB
Buffers:          104324 kB
Cached:          1197004 kB
MemTotal:        1844596 kB
MemFree:           97688 kB
MemAvailable:    1383460 kB
Buffers:          104324 kB
Cached:          1197004 kB
MemTotal:        1844596 kB
MemFree:           98024 kB
MemAvailable:    1383796 kB
Buffers:          104324 kB
Cached:          1197004 kB
MemTotal:        1844596 kB
MemFree:           97864 kB
MemAvailable:    1383636 kB
Buffers:          104324 kB
Cached:          1197004 kB
MemTotal:        1844596 kB
MemFree:           97720 kB
MemAvailable:    1383492 kB
Buffers:          104324 kB
Cached:          1197004 kB
MemTotal:        1844596 kB
MemFree:           97972 kB
MemAvailable:    1383744 kB
Buffers:          104324 kB
Cached:          1197004 kB
MemTotal:        1844596 kB
MemFree:           97700 kB
MemAvailable:    1383472 kB
Buffers:          104324 kB
Cached:          1197004 kB
MemTotal:        1844596 kB
MemFree:           97700 kB
MemAvailable:    1383472 kB
Buffers:          104324 kB
Cached:          1197004 kB
MemTotal:        1844596 kB
MemFree:           96576 kB
MemAvailable:    1382348 kB
Buffers:          104324 kB
Cached:          1197004 kB
MemTotal:        1844596 kB
MemFree:           97720 kB
MemAvailable:    1383492 kB
Buffers:          104324 kB
Cached:          1197004 kB
MemTotal:        1844596 kB
MemFree:           97804 kB
MemAvailable:    1383576 kB
Buffers:          104324 kB
Cached:          1197004 kB
MemTotal:        1844596 kB
MemFree:           96480 kB
MemAvailable:    1382252 kB
Buffers:          104324 kB
Cached:          1197004 kB
MemTotal:        1844596 kB
MemFree:           97844 kB
MemAvailable:    1383616 kB
Buffers:          104324 kB
Cached:          1197004 kB
MemTotal:        1844596 kB
MemFree:           96348 kB
MemAvailable:    1382120 kB
Buffers:          104324 kB
Cached:          1197004 kB
MemTotal:        1844596 kB
MemFree:           97864 kB
MemAvailable:    1383644 kB
Buffers:          104324 kB
Cached:          1197012 kB
MemTotal:        1844596 kB
MemFree:           97012 kB
MemAvailable:    1382792 kB
Buffers:          104324 kB
Cached:          1197012 kB
MemTotal:        1844596 kB
MemFree:           97632 kB
MemAvailable:    1383412 kB
Buffers:          104324 kB
Cached:          1197012 kB
MemTotal:        1844596 kB
MemFree:           94656 kB
MemAvailable:    1380436 kB
Buffers:          104324 kB
Cached:          1197012 kB
MemTotal:        1844596 kB
MemFree:           90548 kB
MemAvailable:    1376328 kB
Buffers:          104324 kB
Cached:          1197012 kB
MemTotal:        1844596 kB
MemFree:           90548 kB
MemAvailable:    1376328 kB
Buffers:          104324 kB
Cached:          1197012 kB
MemTotal:        1844596 kB
MemFree:           85968 kB
MemAvailable:    1371748 kB
Buffers:          104324 kB
Cached:          1197012 kB
MemTotal:        1844596 kB
MemFree:           82504 kB
MemAvailable:    1368284 kB
Buffers:          104324 kB
Cached:          1197012 kB
MemTotal:        1844596 kB
MemFree:           80396 kB
MemAvailable:    1366176 kB
Buffers:          104324 kB
Cached:          1197012 kB
MemTotal:        1844596 kB
MemFree:           77420 kB
MemAvailable:    1363200 kB
Buffers:          104324 kB
Cached:          1197012 kB
MemTotal:        1844596 kB
MemFree:           78404 kB
MemAvailable:    1364184 kB
Buffers:          104324 kB
Cached:          1197012 kB
MemTotal:        1844596 kB
MemFree:           77420 kB
MemAvailable:    1363200 kB
Buffers:          104324 kB
Cached:          1197012 kB
MemTotal:        1844596 kB
MemFree:           78220 kB
MemAvailable:    1364000 kB
Buffers:          104324 kB
Cached:          1197012 kB
MemTotal:        1844596 kB
MemFree:           78556 kB
MemAvailable:    1364336 kB
Buffers:          104324 kB
Cached:          1197012 kB
MemTotal:        1844596 kB
MemFree:           77156 kB
MemAvailable:    1362936 kB
Buffers:          104324 kB
Cached:          1197012 kB
MemTotal:        1844596 kB
MemFree:           78364 kB
MemAvailable:    1364144 kB
Buffers:          104324 kB
Cached:          1197012 kB
MemTotal:        1844596 kB
MemFree:           77676 kB
MemAvailable:    1363456 kB
Buffers:          104324 kB
Cached:          1197012 kB
MemTotal:        1844596 kB
MemFree:           78280 kB
MemAvailable:    1364144 kB
Buffers:          104324 kB
Cached:          1197012 kB
MemTotal:        1844596 kB
MemFree:           78364 kB
MemAvailable:    1364144 kB
Buffers:          104324 kB
Cached:          1197012 kB
MemTotal:        1844596 kB
MemFree:           78364 kB
MemAvailable:    1364144 kB
Buffers:          104324 kB
Cached:          1197012 kB
MemTotal:        1844596 kB
MemFree:           77036 kB
MemAvailable:    1362816 kB
Buffers:          104324 kB
Cached:          1197012 kB
MemTotal:        1844596 kB
MemFree:           78484 kB
MemAvailable:    1364264 kB
Buffers:          104324 kB
Cached:          1197012 kB
MemTotal:        1844596 kB
MemFree:           78288 kB
MemAvailable:    1364068 kB
Buffers:          104324 kB
Cached:          1197012 kB
MemTotal:        1844596 kB
MemFree:           77112 kB
MemAvailable:    1362892 kB
Buffers:          104324 kB
Cached:          1197012 kB
MemTotal:        1844596 kB
MemFree:           77956 kB
MemAvailable:    1363736 kB
Buffers:          104324 kB
Cached:          1197012 kB
MemTotal:        1844596 kB
MemFree:           77956 kB
MemAvailable:    1363736 kB
Buffers:          104324 kB
Cached:          1197012 kB
MemTotal:        1844596 kB
MemFree:           78016 kB
MemAvailable:    1363796 kB
Buffers:          104324 kB
Cached:          1197012 kB
MemTotal:        1844596 kB
MemFree:           76728 kB
MemAvailable:    1362508 kB
Buffers:          104324 kB
Cached:          1197012 kB
MemTotal:        1844596 kB
MemFree:           78136 kB
MemAvailable:    1363916 kB
Buffers:          104324 kB
Cached:          1197012 kB
MemTotal:        1844596 kB
MemFree:           78164 kB
MemAvailable:    1363944 kB
Buffers:          104324 kB
Cached:          1197012 kB
MemTotal:        1844596 kB
MemFree:           78156 kB
MemAvailable:    1363936 kB
Buffers:          104324 kB
Cached:          1197012 kB
MemTotal:        1844596 kB
MemFree:           76668 kB
MemAvailable:    1362448 kB
Buffers:          104324 kB
Cached:          1197012 kB
MemTotal:        1844596 kB
MemFree:           77928 kB
MemAvailable:    1363708 kB
Buffers:          104324 kB
Cached:          1197012 kB
MemTotal:        1844596 kB
MemFree:           77604 kB
MemAvailable:    1363384 kB
Buffers:          104324 kB
Cached:          1197012 kB
MemTotal:        1844596 kB
MemFree:           77604 kB
MemAvailable:    1363384 kB
Buffers:          104324 kB
Cached:          1197012 kB
MemTotal:        1844596 kB
MemFree:           77224 kB
MemAvailable:    1363004 kB
Buffers:          104324 kB
Cached:          1197012 kB
MemTotal:        1844596 kB
MemFree:           73388 kB
MemAvailable:    1359168 kB
Buffers:          104324 kB
Cached:          1197012 kB
MemTotal:        1844596 kB
MemFree:           69120 kB
MemAvailable:    1354900 kB
Buffers:          104324 kB
Cached:          1197012 kB
MemTotal:        1844596 kB
MemFree:           68236 kB
MemAvailable:    1354016 kB
Buffers:          104324 kB
Cached:          1197012 kB
MemTotal:        1844596 kB
MemFree:           68492 kB
MemAvailable:    1354272 kB
Buffers:          104324 kB
Cached:          1197012 kB
MemTotal:        1844596 kB
MemFree:           68092 kB
MemAvailable:    1353872 kB
Buffers:          104324 kB
Cached:          1197012 kB
MemTotal:        1844596 kB
MemFree:           66892 kB
MemAvailable:    1352672 kB
Buffers:          104324 kB
Cached:          1197012 kB
MemTotal:        1844596 kB
MemFree:           67712 kB
MemAvailable:    1353492 kB
Buffers:          104324 kB
Cached:          1197012 kB
MemTotal:        1844596 kB
MemFree:           68048 kB
MemAvailable:    1353828 kB
Buffers:          104324 kB
Cached:          1197012 kB
MemTotal:        1844596 kB
MemFree:           67904 kB
MemAvailable:    1353684 kB
Buffers:          104324 kB
Cached:          1197012 kB
MemTotal:        1844596 kB
MemFree:           67948 kB
MemAvailable:    1353728 kB
Buffers:          104324 kB
Cached:          1197012 kB
MemTotal:        1844596 kB
MemFree:           68200 kB
MemAvailable:    1353980 kB
Buffers:          104324 kB
Cached:          1197012 kB
MemTotal:        1844596 kB
MemFree:           67592 kB
MemAvailable:    1353372 kB
Buffers:          104324 kB
Cached:          1197136 kB
MemTotal:        1844596 kB
MemFree:           67928 kB
MemAvailable:    1353708 kB
Buffers:          104324 kB
Cached:          1197136 kB
MemTotal:        1844596 kB
MemFree:           67616 kB
MemAvailable:    1353648 kB
Buffers:          104324 kB
Cached:          1197260 kB
MemTotal:        1844596 kB
MemFree:           66468 kB
MemAvailable:    1352584 kB
Buffers:          104324 kB
Cached:          1197384 kB
MemTotal:        1844596 kB
MemFree:           67504 kB
MemAvailable:    1353704 kB
Buffers:          104324 kB
Cached:          1197508 kB
MemTotal:        1844596 kB
MemFree:           67340 kB
MemAvailable:    1353624 kB
Buffers:          104324 kB
Cached:          1197508 kB
MemTotal:        1844596 kB
MemFree:           66332 kB
MemAvailable:    1352700 kB
Buffers:          104324 kB
Cached:          1197632 kB
MemTotal:        1844596 kB
MemFree:           67196 kB
MemAvailable:    1353564 kB
Buffers:          104324 kB
Cached:          1197632 kB
MemTotal:        1844596 kB
MemFree:           67288 kB
MemAvailable:    1353656 kB
Buffers:          104324 kB
Cached:          1197632 kB
MemTotal:        1844596 kB
MemFree:           67476 kB
MemAvailable:    1353844 kB
Buffers:          104324 kB
Cached:          1197632 kB
MemTotal:        1844596 kB
MemFree:           66176 kB
MemAvailable:    1352544 kB
Buffers:          104324 kB
Cached:          1197632 kB
MemTotal:        1844596 kB
MemFree:           66684 kB
MemAvailable:    1353088 kB
Buffers:          104324 kB
Cached:          1197672 kB
MemTotal:        1844596 kB
MemFree:           67300 kB
MemAvailable:    1353704 kB
Buffers:          104324 kB
Cached:          1197672 kB
MemTotal:        1844596 kB
MemFree:           65676 kB
MemAvailable:    1352080 kB
Buffers:          104324 kB
Cached:          1197672 kB
MemTotal:        1844596 kB
MemFree:           67160 kB
MemAvailable:    1353564 kB
Buffers:          104324 kB
Cached:          1197672 kB
MemTotal:        1844596 kB
MemFree:           65556 kB
MemAvailable:    1352044 kB
Buffers:          104324 kB
Cached:          1197796 kB
MemTotal:        1844596 kB
MemFree:           67528 kB
MemAvailable:    1353344 kB
Buffers:          104324 kB
Cached:          1197040 kB
MemTotal:        1844596 kB
MemFree:          105148 kB
MemAvailable:    1390964 kB
Buffers:          104324 kB
Cached:          1197040 kB
MemTotal:        1844596 kB
MemFree:          183064 kB
MemAvailable:    1468880 kB
Buffers:          104324 kB
Cached:          1197040 kB
MemTotal:        1844596 kB
MemFree:          259376 kB
MemAvailable:    1545192 kB
Buffers:          104324 kB
Cached:          1197040 kB
