MemTotal:        1844596 kB
MemFree:          261360 kB
MemAvailable:    1544132 kB
Buffers:           97200 kB
Cached:          1208828 kB
MemTotal:        1844596 kB
MemFree:          233856 kB
MemAvailable:    1516632 kB
Buffers:           97200 kB
Cached:          1208832 kB
MemTotal:        1844596 kB
MemFree:          232484 kB
MemAvailable:    1515260 kB
Buffers:           97200 kB
Cached:          1208832 kB
MemTotal:        1844596 kB
MemFree:          231900 kB
MemAvailable:    1514676 kB
Buffers:           97200 kB
Cached:          1208832 kB
MemTotal:        1844596 kB
MemFree:          230148 kB
MemAvailable:    1512924 kB
Buffers:           97200 kB
Cached:          1208832 kB
MemTotal:        1844596 kB
MemFree:          230484 kB
MemAvailable:    1513260 kB
Buffers:           97200 kB
Cached:          1208832 kB
MemTotal:        1844596 kB
MemFree:          228512 kB
MemAvailable:    1511288 kB
Buffers:           97200 kB
Cached:          1208832 kB
MemTotal:        1844596 kB
MemFree:          225832 kB
MemAvailable:    1508608 kB
Buffers:           97200 kB
Cached:          1208832 kB
MemTotal:        1844596 kB
MemFree:          223824 kB
MemAvailable:    1506600 kB
Buffers:           97200 kB
Cached:          1208832 kB
MemTotal:        1844596 kB
MemFree:          223220 kB
MemAvailable:    1505996 kB
Buffers:           97200 kB
Cached:          1208832 kB
MemTotal:        1844596 kB
MemFree:          218252 kB
MemAvailable:    1501028 kB
Buffers:           97200 kB
Cached:          1208832 kB
MemTotal:        1844596 kB
MemFree:          220444 kB
MemAvailable:    1503220 kB
Buffers:           97200 kB
Cached:          1208832 kB
MemTotal:        1844596 kB
MemFree:          221592 kB
MemAvailable:    1504368 kB
Buffers:           97200 kB
Cached:          1208832 kB
MemTotal:        1844596 kB
MemFree:          221844 kB
MemAvailable:    1504620 kB
Buffers:           97200 kB
Cached:          1208832 kB
MemTotal:        1844596 kB
MemFree:          220312 kB
MemAvailable:    1503088 kB
Buffers:           97200 kB
Cached:          1208832 kB
MemTotal:        1844596 kB
MemFree:          221536 kB
MemAvailable:    1504312 kB
Buffers:           97200 kB
Cached:          1208832 kB
MemTotal:        1844596 kB
MemFree:          220616 kB
MemAvailable:    1503392 kB
Buffers:           97200 kB
Cached:          1208832 kB
MemTotal:        1844596 kB
MemFree:          219996 kB
MemAvailable:    1502772 kB
Buffers:           97200 kB
Cached:          1208832 kB
MemTotal:        1844596 kB
MemFree:          221248 kB
MemAvailable:    1504024 kB
Buffers:           97200 kB
Cached:          1208832 kB
MemTotal:        1844596 kB
MemFree:          220000 kB
MemAvailable:    1502776 kB
Buffers:           97200 kB
Cached:          1208832 kB
MemTotal:        1844596 kB
MemFree:          220124 kB
MemAvailable:    1502900 kB
Buffers:           97200 kB
Cached:          1208832 kB
MemTotal:        1844596 kB
MemFree:          220000 kB
MemAvailable:    1502776 kB
Buffers:           97200 kB
Cached:          1208832 kB
MemTotal:        1844596 kB
MemFree:          220808 kB
MemAvailable:    1503584 kB
Buffers:           97200 kB
Cached:          1208832 kB
MemTotal:        1844596 kB
MemFree:          219140 kB
MemAvailable:    1501916 kB
Buffers:           97200 kB
Cached:          1208832 kB
MemTotal:        1844596 kB
MemFree:          219016 kB
MemAvailable:    1501792 kB
Buffers:           97200 kB
Cached:          1208832 kB
MemTotal:        1844596 kB
MemFree:          219820 kB
MemAvailable:    1502596 kB
Buffers:           97200 kB
Cached:          1208832 kB
MemTotal:        1844596 kB
MemFree:          218596 kB
MemAvailable:    1501372 kB
Buffers:           97200 kB
Cached:          1208832 kB
MemTotal:        1844596 kB
MemFree:          218472 kB
MemAvailable:    1501248 kB
Buffers:           97200 kB
Cached:          1208832 kB
MemTotal:        1844596 kB
MemFree:          218952 kB
MemAvailable:    1501728 kB
Buffers:           97200 kB
Cached:          1208832 kB
MemTotal:        1844596 kB
MemFree:          217652 kB
MemAvailable:    1500428 kB
Buffers:           97200 kB
Cached:          1208832 kB
MemTotal:        1844596 kB
MemFree:          217416 kB
MemAvailable:    1500196 kB
Buffers:           97200 kB
Cached:          1208836 kB
MemTotal:        1844596 kB
MemFree:          217408 kB
MemAvailable:    1500188 kB
Buffers:           97200 kB
Cached:          1208836 kB
MemTotal:        1844596 kB
MemFree:          217408 kB
MemAvailable:    1500188 kB
Buffers:           97200 kB
Cached:          1208836 kB
MemTotal:        1844596 kB
MemFree:          218708 kB
MemAvailable:    1501488 kB
Buffers:           97200 kB
Cached:          1208836 kB
MemTotal:        1844596 kB
MemFree:          217276 kB
MemAvailable:    1500056 kB
Buffers:           97200 kB
Cached:          1208836 kB
MemTotal:        1844596 kB
MemFree:          217360 kB
MemAvailable:    1500140 kB
Buffers:           97200 kB
Cached:          1208836 kB
MemTotal:        1844596 kB
MemFree:          217360 kB
MemAvailable:    1500140 kB
Buffers:           97200 kB
Cached:          1208836 kB
MemTotal:        1844596 kB
MemFree:          217228 kB
MemAvailable:    1500008 kB
Buffers:           97200 kB
Cached:          1208836 kB
MemTotal:        1844596 kB
MemFree:          214996 kB
MemAvailable:    1497776 kB
Buffers:           97200 kB
Cached:          1208836 kB
MemTotal:        1844596 kB
MemFree:          213144 kB
MemAvailable:    1495924 kB
Buffers:           97200 kB
Cached:          1208836 kB
MemTotal:        1844596 kB
MemFree:          213200 kB
MemAvailable:    1495980 kB
Buffers:           97200 kB
Cached:          1208836 kB
MemTotal:        1844596 kB
MemFree:          213240 kB
MemAvailable:    1496020 kB
Buffers:           97200 kB
Cached:          1208836 kB
MemTotal:        1844596 kB
MemFree:          213176 kB
MemAvailable:    1495956 kB
Buffers:           97200 kB
Cached:          1208836 kB
MemTotal:        1844596 kB
MemFree:          213428 kB
MemAvailable:    1496208 kB
Buffers:           97200 kB
Cached:          1208836 kB
MemTotal:        1844596 kB
MemFree:          211848 kB
MemAvailable:    1494628 kB
Buffers:           97200 kB
Cached:          1208836 kB
MemTotal:        1844596 kB
MemFree:          212956 kB
MemAvailable:    1495736 kB
Buffers:           97200 kB
Cached:          1208836 kB
MemTotal:        1844596 kB
MemFree:          212608 kB
MemAvailable:    1495388 kB
Buffers:           97200 kB
Cached:          1208836 kB
MemTotal:        1844596 kB
MemFree:          212840 kB
MemAvailable:    1495620 kB
Buffers:           97200 kB
Cached:          1208836 kB
MemTotal:        1844596 kB
MemFree:          211412 kB
MemAvailable:    1494192 kB
Buffers:           97200 kB
Cached:          1208836 kB
MemTotal:        1844596 kB
MemFree:          211548 kB
MemAvailable:    1494328 kB
Buffers:           97200 kB
Cached:          1208836 kB
MemTotal:        1844596 kB
MemFree:          212824 kB
MemAvailable:    1495604 kB
Buffers:           97200 kB
Cached:          1208836 kB
MemTotal:        1844596 kB
MemFree:          213076 kB
MemAvailable:    1495856 kB
Buffers:           97200 kB
Cached:          1208836 kB
MemTotal:        1844596 kB
MemFree:          212728 kB
MemAvailable:    1495508 kB
Buffers:           97200 kB
Cached:          1208836 kB
MemTotal:        1844596 kB
MemFree:          211548 kB
MemAvailable:    1494328 kB
Buffers:           97200 kB
Cached:          1208836 kB
MemTotal:        1844596 kB
MemFree:          210552 kB
MemAvailable:    1493332 kB
Buffers:           97200 kB
Cached:          1208836 kB
MemTotal:        1844596 kB
MemFree:          207648 kB
MemAvailable:    1490428 kB
Buffers:           97200 kB
Cached:          1208836 kB
MemTotal:        1844596 kB
MemFree:          207204 kB
MemAvailable:    1489984 kB
Buffers:           97200 kB
Cached:          1208836 kB
MemTotal:        1844596 kB
MemFree:          205392 kB
MemAvailable:    1488172 kB
Buffers:           97200 kB
Cached:          1208836 kB
MemTotal:        1844596 kB
MemFree:          205160 kB
MemAvailable:    1487940 kB
Buffers:           97200 kB
Cached:          1208836 kB
MemTotal:        1844596 kB
MemFree:          204780 kB
MemAvailable:    1487560 kB
Buffers:           97200 kB
Cached:          1208836 kB
MemTotal:        1844596 kB
MemFree:          204780 kB
MemAvailable:    1487560 kB
Buffers:           97200 kB
Cached:          1208836 kB
MemTotal:        1844596 kB
MemFree:          203176 kB
MemAvailable:    1485956 kB
Buffers:           97200 kB
Cached:          1208836 kB
MemTotal:        1844596 kB
MemFree:          204276 kB
MemAvailable:    1487056 kB
Buffers:           97200 kB
Cached:          1208836 kB
MemTotal:        1844596 kB
MemFree:          204168 kB
MemAvailable:    1486948 kB
Buffers:           97200 kB
Cached:          1208836 kB
MemTotal:        1844596 kB
MemFree:          204208 kB
MemAvailable:    1486988 kB
Buffers:           97200 kB
Cached:          1208836 kB
MemTotal:        1844596 kB
MemFree:          204148 kB
MemAvailable:    1486928 kB
Buffers:           97200 kB
Cached:          1208836 kB
MemTotal:        1844596 kB
MemFree:          204140 kB
MemAvailable:    1486920 kB
Buffers:           97200 kB
Cached:          1208836 kB
MemTotal:        1844596 kB
MemFree:          203880 kB
MemAvailable:    1486660 kB
Buffers:           97200 kB
Cached:          1208836 kB
MemTotal:        1844596 kB
MemFree:          204132 kB
MemAvailable:    1486912 kB
Buffers:           97200 kB
Cached:          1208836 kB
MemTotal:        1844596 kB
MemFree:          202792 kB
MemAvailable:    1485572 kB
Buffers:           97200 kB
Cached:          1208836 kB
MemTotal:        1844596 kB
MemFree:          204272 kB
MemAvailable:    1487052 kB
Buffers:           97200 kB
Cached:          1208836 kB
MemTotal:        1844596 kB
MemFree:          203900 kB
MemAvailable:    1486680 kB
Buffers:           97200 kB
Cached:          1208836 kB
MemTotal:        1844596 kB
MemFree:          202660 kB
MemAvailable:    1485440 kB
Buffers:           97200 kB
Cached:          1208836 kB
MemTotal:        1844596 kB
MemFree:          203884 kB
MemAvailable:    1486664 kB
Buffers:           97200 kB
Cached:          1208836 kB
MemTotal:        1844596 kB
MemFree:          203968 kB
MemAvailable:    1486748 kB
Buffers:           97200 kB
Cached:          1208836 kB
MemTotal:        1844596 kB
MemFree:          203740 kB
MemAvailable:    1486520 kB
Buffers:           97200 kB
Cached:          1208836 kB
MemTotal:        1844596 kB
MemFree:          203796 kB
MemAvailable:    1486576 kB
Buffers:           97200 kB
Cached:          1208836 kB
MemTotal:        1844596 kB
MemFree:          202488 kB
MemAvailable:    1485268 kB
Buffers:           97200 kB
Cached:          1208836 kB
MemTotal:        1844596 kB
MemFree:          202488 kB
MemAvailable:    1485268 kB
Buffers:           97200 kB
Cached:          1208836 kB
MemTotal:        1844596 kB
MemFree:          203044 kB
MemAvailable:    1485824 kB
Buffers:           97200 kB
Cached:          1208836 kB
MemTotal:        1844596 kB
MemFree:          202688 kB
MemAvailable:    1485468 kB
Buffers:           97200 kB
Cached:          1208836 kB
MemTotal:        1844596 kB
MemFree:          199208 kB
MemAvailable:    1481988 kB
Buffers:           97200 kB
Cached:          1208836 kB
MemTotal:        1844596 kB
MemFree:          196728 kB
MemAvailable:    1479508 kB
Buffers:           97200 kB
Cached:          1208836 kB
MemTotal:        1844596 kB
MemFree:          194628 kB
MemAvailable:    1477408 kB
Buffers:           97200 kB
Cached:          1208836 kB
MemTotal:        1844596 kB
MemFree:          195712 kB
MemAvailable:    1478492 kB
Buffers:           97200 kB
Cached:          1208836 kB
MemTotal:        1844596 kB
MemFree:          195608 kB
MemAvailable:    1478388 kB
Buffers:           97200 kB
Cached:          1208836 kB
MemTotal:        1844596 kB
MemFree:          194204 kB
MemAvailable:    1476984 kB
Buffers:           97200 kB
Cached:          1208836 kB
MemTotal:        1844596 kB
MemFree:          193948 kB
MemAvailable:    1476728 kB
Buffers:           97200 kB
Cached:          1208836 kB
MemTotal:        1844596 kB
MemFree:          194940 kB
MemAvailable:    1477720 kB
Buffers:           97200 kB
Cached:          1208836 kB
MemTotal:        1844596 kB
MemFree:          194996 kB
MemAvailable:    1477776 kB
Buffers:           97200 kB
Cached:          1208836 kB
MemTotal:        1844596 kB
MemFree:          193780 kB
MemAvailable:    1476568 kB
Buffers:           97200 kB
Cached:          1208844 kB
MemTotal:        1844596 kB
MemFree:          193856 kB
MemAvailable:    1476644 kB
Buffers:           97200 kB
Cached:          1208844 kB
MemTotal:        1844596 kB
MemFree:          193732 kB
MemAvailable:    1476520 kB
Buffers:           97200 kB
Cached:          1208844 kB
MemTotal:        1844596 kB
MemFree:          195032 kB
MemAvailable:    1477820 kB
Buffers:           97200 kB
Cached:          1208844 kB
MemTotal:        1844596 kB
MemFree:          194284 kB
MemAvailable:    1477072 kB
Buffers:           97200 kB
Cached:          1208844 kB
MemTotal:        1844596 kB
MemFree:          194880 kB
MemAvailable:    1477668 kB
Buffers:           97200 kB
Cached:          1208844 kB
MemTotal:        1844596 kB
MemFree:          194896 kB
MemAvailable:    1477684 kB
Buffers:           97200 kB
Cached:          1208844 kB
MemTotal:        1844596 kB
MemFree:          194892 kB
MemAvailable:    1477680 kB
Buffers:           97200 kB
Cached:          1208844 kB
MemTotal:        1844596 kB
MemFree:          193724 kB
MemAvailable:    1476512 kB
Buffers:           97200 kB
Cached:          1208844 kB
MemTotal:        1844596 kB
MemFree:          194988 kB
MemAvailable:    1477776 kB
Buffers:           97200 kB
Cached:          1208844 kB
MemTotal:        1844596 kB
MemFree:          195132 kB
MemAvailable:    1477920 kB
Buffers:           97200 kB
Cached:          1208844 kB
MemTotal:        1844596 kB
MemFree:          195060 kB
MemAvailable:    1477848 kB
Buffers:           97200 kB
Cached:          1208844 kB
MemTotal:        1844596 kB
MemFree:          195252 kB
MemAvailable:    1478040 kB
Buffers:           97200 kB
Cached:          1208844 kB
MemTotal:        1844596 kB
MemFree:          194276 kB
MemAvailable:    1477064 kB
Buffers:           97200 kB
Cached:          1208844 kB
MemTotal:        1844596 kB
MemFree:          194844 kB
MemAvailable:    1477632 kB
Buffers:           97200 kB
Cached:          1208844 kB
MemTotal:        1844596 kB
MemFree:          194324 kB
MemAvailable:    1477112 kB
Buffers:           97200 kB
Cached:          1208844 kB
MemTotal:        1844596 kB
MemFree:          195004 kB
MemAvailable:    1477792 kB
Buffers:           97200 kB
Cached:          1208844 kB
MemTotal:        1844596 kB
MemFree:          193868 kB
MemAvailable:    1476656 kB
Buffers:           97200 kB
Cached:          1208844 kB
MemTotal:        1844596 kB
MemFree:          195288 kB
MemAvailable:    1478076 kB
Buffers:           97200 kB
Cached:          1208844 kB
MemTotal:        1844596 kB
MemFree:          193736 kB
MemAvailable:    1476524 kB
Buffers:           97200 kB
Cached:          1208844 kB
MemTotal:        1844596 kB
MemFree:          195288 kB
MemAvailable:    1478076 kB
Buffers:           97200 kB
Cached:          1208844 kB
MemTotal:        1844596 kB
MemFree:          195232 kB
MemAvailable:    1478020 kB
Buffers:           97200 kB
Cached:          1208844 kB
MemTotal:        1844596 kB
MemFree:          194976 kB
MemAvailable:    1477764 kB
Buffers:           97200 kB
Cached:          1208844 kB
MemTotal:        1844596 kB
MemFree:          195032 kB
MemAvailable:    1477820 kB
Buffers:           97200 kB
Cached:          1208844 kB
MemTotal:        1844596 kB
MemFree:          194976 kB
MemAvailable:    1477764 kB
Buffers:           97200 kB
Cached:          1208844 kB
MemTotal:        1844596 kB
MemFree:          195084 kB
MemAvailable:    1477872 kB
Buffers:           97200 kB
Cached:          1208844 kB
MemTotal:        1844596 kB
MemFree:          195136 kB
MemAvailable:    1477924 kB
Buffers:           97200 kB
Cached:          1208844 kB
MemTotal:        1844596 kB
MemFree:          193640 kB
MemAvailable:    1476428 kB
Buffers:           97200 kB
Cached:          1208844 kB
MemTotal:        1844596 kB
MemFree:          193288 kB
MemAvailable:    1476076 kB
Buffers:           97200 kB
Cached:          1208844 kB
MemTotal:        1844596 kB
MemFree:          189056 kB
MemAvailable:    1471844 kB
Buffers:           97200 kB
Cached:          1208844 kB
MemTotal:        1844596 kB
MemFree:          188452 kB
MemAvailable:    1471240 kB
Buffers:           97200 kB
Cached:          1208844 kB
MemTotal:        1844596 kB
MemFree:          185228 kB
MemAvailable:    1468016 kB
Buffers:           97200 kB
Cached:          1208844 kB
MemTotal:        1844596 kB
MemFree:          184544 kB
MemAvailable:    1467332 kB
Buffers:           97200 kB
Cached:          1208844 kB
MemTotal:        1844596 kB
MemFree:          184428 kB
MemAvailable:    1467216 kB
Buffers:           97200 kB
Cached:          1208844 kB
MemTotal:        1844596 kB
MemFree:          182984 kB
MemAvailable:    1465772 kB
Buffers:           97200 kB
Cached:          1208844 kB
MemTotal:        1844596 kB
MemFree:          184444 kB
MemAvailable:    1467232 kB
Buffers:           97200 kB
Cached:          1208844 kB
MemTotal:        1844596 kB
MemFree:          184284 kB
MemAvailable:    1467072 kB
Buffers:           97200 kB
Cached:          1208844 kB
MemTotal:        1844596 kB
MemFree:          182984 kB
MemAvailable:    1465772 kB
Buffers:           97200 kB
Cached:          1208844 kB
MemTotal:        1844596 kB
MemFree:          183068 kB
MemAvailable:    1465856 kB
Buffers:           97200 kB
Cached:          1208844 kB
MemTotal:        1844596 kB
MemFree:          184300 kB
MemAvailable:    1467088 kB
Buffers:           97200 kB
Cached:          1208844 kB
MemTotal:        1844596 kB
MemFree:          184220 kB
MemAvailable:    1467008 kB
Buffers:           97200 kB
Cached:          1208844 kB
MemTotal:        1844596 kB
MemFree:          184232 kB
MemAvailable:    1467020 kB
Buffers:           97200 kB
Cached:          1208844 kB
MemTotal:        1844596 kB
MemFree:          182968 kB
MemAvailable:    1465756 kB
Buffers:           97200 kB
Cached:          1208844 kB
MemTotal:        1844596 kB
MemFree:          184292 kB
MemAvailable:    1467080 kB
Buffers:           97200 kB
Cached:          1208844 kB
MemTotal:        1844596 kB
MemFree:          184284 kB
MemAvailable:    1467072 kB
Buffers:           97200 kB
Cached:          1208844 kB
MemTotal:        1844596 kB
MemFree:          184204 kB
MemAvailable:    1466992 kB
Buffers:           97200 kB
Cached:          1208844 kB
MemTotal:        1844596 kB
MemFree:          182916 kB
MemAvailable:    1465704 kB
Buffers:           97200 kB
Cached:          1208844 kB
MemTotal:        1844596 kB
MemFree:          184196 kB
MemAvailable:    1466984 kB
Buffers:           97200 kB
Cached:          1208844 kB
MemTotal:        1844596 kB
MemFree:          183368 kB
MemAvailable:    1466156 kB
Buffers:           97200 kB
Cached:          1208844 kB
MemTotal:        1844596 kB
MemFree:          184028 kB
MemAvailable:    1466816 kB
Buffers:           97200 kB
Cached:          1208844 kB
MemTotal:        1844596 kB
MemFree:          184000 kB
MemAvailable:    1466788 kB
Buffers:           97200 kB
Cached:          1208844 kB
MemTotal:        1844596 kB
MemFree:          182868 kB
MemAvailable:    1465656 kB
Buffers:           97200 kB
Cached:          1208844 kB
MemTotal:        1844596 kB
MemFree:          182868 kB
MemAvailable:    1465656 kB
Buffers:           97200 kB
Cached:          1208844 kB
MemTotal:        1844596 kB
MemFree:          182992 kB
MemAvailable:    1465780 kB
Buffers:           97200 kB
Cached:          1208844 kB
MemTotal:        1844596 kB
MemFree:          184228 kB
MemAvailable:    1467016 kB
Buffers:           97200 kB
Cached:          1208844 kB
MemTotal:        1844596 kB
MemFree:          183372 kB
MemAvailable:    1466160 kB
Buffers:           97200 kB
Cached:          1208844 kB
MemTotal:        1844596 kB
MemFree:          183944 kB
MemAvailable:    1466732 kB
Buffers:           97200 kB
Cached:          1208844 kB
MemTotal:        1844596 kB
MemFree:          183744 kB
MemAvailable:    1466532 kB
Buffers:           97200 kB
Cached:          1208844 kB
MemTotal:        1844596 kB
MemFree:          184100 kB
MemAvailable:    1466888 kB
Buffers:           97200 kB
Cached:          1208844 kB
MemTotal:        1844596 kB
MemFree:          183752 kB
MemAvailable:    1466540 kB
Buffers:           97200 kB
Cached:          1208844 kB
MemTotal:        1844596 kB
MemFree:          184240 kB
MemAvailable:    1467028 kB
Buffers:           97200 kB
Cached:          1208844 kB
MemTotal:        1844596 kB
MemFree:          183976 kB
MemAvailable:    1466764 kB
Buffers:           97200 kB
Cached:          1208844 kB
MemTotal:        1844596 kB
MemFree:          184312 kB
MemAvailable:    1467100 kB
Buffers:           97200 kB
Cached:          1208844 kB
MemTotal:        1844596 kB
MemFree:          183996 kB
MemAvailable:    1466784 kB
Buffers:           97200 kB
Cached:          1208844 kB
MemTotal:        1844596 kB
MemFree:          182944 kB
MemAvailable:    1465732 kB
Buffers:           97200 kB
Cached:          1208844 kB
MemTotal:        1844596 kB
MemFree:          184096 kB
MemAvailable:    1466884 kB
Buffers:           97200 kB
Cached:          1208844 kB
MemTotal:        1844596 kB
MemFree:          184348 kB
MemAvailable:    1467136 kB
Buffers:           97200 kB
Cached:          1208844 kB
MemTotal:        1844596 kB
MemFree:          182828 kB
MemAvailable:    1465616 kB
Buffers:           97200 kB
Cached:          1208844 kB
MemTotal:        1844596 kB
MemFree:          184324 kB
MemAvailable:    1467112 kB
Buffers:           97200 kB
Cached:          1208844 kB
MemTotal:        1844596 kB
MemFree:          183504 kB
MemAvailable:    1466292 kB
Buffers:           97200 kB
Cached:          1208844 kB
MemTotal:        1844596 kB
MemFree:          184228 kB
MemAvailable:    1467016 kB
Buffers:           97200 kB
Cached:          1208844 kB
MemTotal:        1844596 kB
MemFree:          184244 kB
MemAvailable:    1467032 kB
Buffers:           97200 kB
Cached:          1208844 kB
MemTotal:        1844596 kB
MemFree:          182884 kB
MemAvailable:    1465680 kB
Buffers:           97200 kB
Cached:          1208852 kB
MemTotal:        1844596 kB
MemFree:          182884 kB
MemAvailable:    1465680 kB
Buffers:           97200 kB
Cached:          1208852 kB
MemTotal:        1844596 kB
MemFree:          184076 kB
MemAvailable:    1466872 kB
Buffers:           97200 kB
Cached:          1208852 kB
MemTotal:        1844596 kB
MemFree:          183884 kB
MemAvailable:    1466680 kB
Buffers:           97200 kB
Cached:          1208852 kB
MemTotal:        1844596 kB
MemFree:          184308 kB
MemAvailable:    1467104 kB
Buffers:           97200 kB
Cached:          1208852 kB
MemTotal:        1844596 kB
MemFree:          182752 kB
MemAvailable:    1465548 kB
Buffers:           97200 kB
Cached:          1208852 kB
MemTotal:        1844596 kB
MemFree:          182744 kB
MemAvailable:    1465540 kB
Buffers:           97200 kB
Cached:          1208852 kB
MemTotal:        1844596 kB
MemFree:          182512 kB
MemAvailable:    1465308 kB
Buffers:           97200 kB
Cached:          1208852 kB
MemTotal:        1844596 kB
MemFree:          183436 kB
MemAvailable:    1466232 kB
Buffers:           97200 kB
Cached:          1208852 kB
MemTotal:        1844596 kB
MemFree:          181876 kB
MemAvailable:    1464672 kB
Buffers:           97200 kB
Cached:          1208852 kB
MemTotal:        1844596 kB
MemFree:          182976 kB
MemAvailable:    1465772 kB
Buffers:           97200 kB
Cached:          1208852 kB
MemTotal:        1844596 kB
MemFree:          182744 kB
MemAvailable:    1465540 kB
Buffers:           97200 kB
Cached:          1208852 kB
MemTotal:        1844596 kB
MemFree:          181616 kB
MemAvailable:    1464412 kB
Buffers:           97200 kB
Cached:          1208852 kB
MemTotal:        1844596 kB
MemFree:          183024 kB
MemAvailable:    1465820 kB
Buffers:           97200 kB
Cached:          1208852 kB
MemTotal:        1844596 kB
MemFree:          182972 kB
MemAvailable:    1465768 kB
Buffers:           97200 kB
Cached:          1208852 kB
MemTotal:        1844596 kB
MemFree:          181484 kB
MemAvailable:    1464280 kB
Buffers:           97200 kB
Cached:          1208852 kB
MemTotal:        1844596 kB
MemFree:          182540 kB
MemAvailable:    1465336 kB
Buffers:           97200 kB
Cached:          1208852 kB
MemTotal:        1844596 kB
MemFree:          182540 kB
MemAvailable:    1465336 kB
Buffers:           97200 kB
Cached:          1208852 kB
MemTotal:        1844596 kB
MemFree:          182496 kB
MemAvailable:    1465292 kB
Buffers:           97200 kB
Cached:          1208852 kB
MemTotal:        1844596 kB
MemFree:          182440 kB
MemAvailable:    1465236 kB
Buffers:           97200 kB
Cached:          1208852 kB
MemTotal:        1844596 kB
MemFree:          182016 kB
MemAvailable:    1464812 kB
Buffers:           97200 kB
Cached:          1208852 kB
MemTotal:        1844596 kB
MemFree:          182624 kB
MemAvailable:    1465420 kB
Buffers:           97200 kB
Cached:          1208852 kB
MemTotal:        1844596 kB
MemFree:          181768 kB
MemAvailable:    1464564 kB
Buffers:           97200 kB
Cached:          1208852 kB
MemTotal:        1844596 kB
MemFree:          182360 kB
MemAvailable:    1465156 kB
Buffers:           97200 kB
Cached:          1208852 kB
MemTotal:        1844596 kB
MemFree:          182696 kB
MemAvailable:    1465492 kB
Buffers:           97200 kB
Cached:          1208852 kB
MemTotal:        1844596 kB
MemFree:          182504 kB
MemAvailable:    1465300 kB
Buffers:           97200 kB
Cached:          1208852 kB
MemTotal:        1844596 kB
MemFree:          182024 kB
MemAvailable:    1464820 kB
Buffers:           97200 kB
Cached:          1208852 kB
MemTotal:        1844596 kB
MemFree:          182320 kB
MemAvailable:    1465116 kB
Buffers:           97200 kB
Cached:          1208852 kB
MemTotal:        1844596 kB
MemFree:          181132 kB
MemAvailable:    1463928 kB
Buffers:           97200 kB
Cached:          1208852 kB
MemTotal:        1844596 kB
MemFree:          181256 kB
MemAvailable:    1464052 kB
Buffers:           97200 kB
Cached:          1208852 kB
MemTotal:        1844596 kB
MemFree:          181208 kB
MemAvailable:    1464004 kB
Buffers:           97200 kB
Cached:          1208852 kB
MemTotal:        1844596 kB
MemFree:          181332 kB
MemAvailable:    1464128 kB
Buffers:           97200 kB
Cached:          1208852 kB
MemTotal:        1844596 kB
MemFree:          178660 kB
MemAvailable:    1461456 kB
Buffers:           97200 kB
Cached:          1208852 kB
MemTotal:        1844596 kB
MemFree:          176024 kB
MemAvailable:    1458820 kB
Buffers:           97200 kB
Cached:          1208852 kB
MemTotal:        1844596 kB
MemFree:          173096 kB
MemAvailable:    1455892 kB
Buffers:           97200 kB
Cached:          1208852 kB
MemTotal:        1844596 kB
MemFree:          171716 kB
MemAvailable:    1454516 kB
Buffers:           97200 kB
Cached:          1208856 kB
MemTotal:        1844596 kB
MemFree:          170112 kB
MemAvailable:    1452912 kB
Buffers:           97200 kB
Cached:          1208856 kB
MemTotal:        1844596 kB
MemFree:          170112 kB
MemAvailable:    1452912 kB
Buffers:           97200 kB
Cached:          1208856 kB
MemTotal:        1844596 kB
MemFree:          170972 kB
MemAvailable:    1453772 kB
Buffers:           97200 kB
Cached:          1208856 kB
MemTotal:        1844596 kB
MemFree:          171056 kB
MemAvailable:    1453856 kB
Buffers:           97200 kB
Cached:          1208856 kB
MemTotal:        1844596 kB
MemFree:          169484 kB
MemAvailable:    1452284 kB
Buffers:           97200 kB
Cached:          1208856 kB
MemTotal:        1844596 kB
MemFree:          170228 kB
MemAvailable:    1453028 kB
Buffers:           97200 kB
Cached:          1208856 kB
MemTotal:        1844596 kB
MemFree:          170228 kB
MemAvailable:    1453028 kB
Buffers:           97200 kB
Cached:          1208856 kB
MemTotal:        1844596 kB
MemFree:          168128 kB
MemAvailable:    1450928 kB
Buffers:           97200 kB
Cached:          1208856 kB
MemTotal:        1844596 kB
MemFree:          168996 kB
MemAvailable:    1451796 kB
Buffers:           97200 kB
Cached:          1208856 kB
MemTotal:        1844596 kB
MemFree:          167492 kB
MemAvailable:    1450292 kB
Buffers:           97200 kB
Cached:          1208856 kB
MemTotal:        1844596 kB
MemFree:          167136 kB
MemAvailable:    1449936 kB
Buffers:           97200 kB
Cached:          1208856 kB
MemTotal:        1844596 kB
MemFree:          166088 kB
MemAvailable:    1448888 kB
Buffers:           97200 kB
Cached:          1208856 kB
MemTotal:        1844596 kB
MemFree:          167412 kB
MemAvailable:    1450212 kB
Buffers:           97200 kB
Cached:          1208856 kB
MemTotal:        1844596 kB
MemFree:          167620 kB
MemAvailable:    1450420 kB
Buffers:           97200 kB
Cached:          1208856 kB
MemTotal:        1844596 kB
MemFree:          165984 kB
MemAvailable:    1448784 kB
Buffers:           97200 kB
Cached:          1208856 kB
MemTotal:        1844596 kB
MemFree:          167424 kB
MemAvailable:    1450224 kB
Buffers:           97200 kB
Cached:          1208856 kB
MemTotal:        1844596 kB
MemFree:          166648 kB
MemAvailable:    1449448 kB
Buffers:           97200 kB
Cached:          1208856 kB
MemTotal:        1844596 kB
MemFree:          167800 kB
MemAvailable:    1450600 kB
Buffers:           97200 kB
Cached:          1208856 kB
MemTotal:        1844596 kB
MemFree:          166640 kB
MemAvailable:    1449440 kB
Buffers:           97200 kB
Cached:          1208856 kB
MemTotal:        1844596 kB
MemFree:          167288 kB
MemAvailable:    1450088 kB
Buffers:           97200 kB
Cached:          1208856 kB
MemTotal:        1844596 kB
MemFree:          167632 kB
MemAvailable:    1450432 kB
Buffers:           97200 kB
Cached:          1208856 kB
MemTotal:        1844596 kB
MemFree:          166088 kB
MemAvailable:    1448888 kB
Buffers:           97200 kB
Cached:          1208856 kB
MemTotal:        1844596 kB
MemFree:          166088 kB
MemAvailable:    1448888 kB
Buffers:           97200 kB
Cached:          1208856 kB
MemTotal:        1844596 kB
MemFree:          166740 kB
MemAvailable:    1449540 kB
Buffers:           97200 kB
Cached:          1208856 kB
MemTotal:        1844596 kB
MemFree:          166392 kB
MemAvailable:    1449192 kB
Buffers:           97200 kB
Cached:          1208856 kB
MemTotal:        1844596 kB
MemFree:          166512 kB
MemAvailable:    1449312 kB
Buffers:           97200 kB
Cached:          1208856 kB
MemTotal:        1844596 kB
MemFree:          166556 kB
MemAvailable:    1449356 kB
Buffers:           97200 kB
Cached:          1208856 kB
MemTotal:        1844596 kB
MemFree:          164408 kB
MemAvailable:    1447208 kB
Buffers:           97200 kB
Cached:          1208856 kB
MemTotal:        1844596 kB
MemFree:          165272 kB
MemAvailable:    1448072 kB
Buffers:           97200 kB
Cached:          1208856 kB
MemTotal:        1844596 kB
MemFree:          165400 kB
MemAvailable:    1448200 kB
Buffers:           97200 kB
Cached:          1208856 kB
MemTotal:        1844596 kB
MemFree:          164540 kB
MemAvailable:    1447340 kB
Buffers:           97200 kB
Cached:          1208856 kB
MemTotal:        1844596 kB
MemFree:          164772 kB
MemAvailable:    1447572 kB
Buffers:           97200 kB
Cached:          1208856 kB
MemTotal:        1844596 kB
MemFree:          165028 kB
MemAvailable:    1447828 kB
Buffers:           97200 kB
Cached:          1208856 kB
MemTotal:        1844596 kB
MemFree:          164020 kB
MemAvailable:    1446820 kB
Buffers:           97200 kB
Cached:          1208856 kB
MemTotal:        1844596 kB
MemFree:          164020 kB
MemAvailable:    1446820 kB
Buffers:           97200 kB
Cached:          1208856 kB
MemTotal:        1844596 kB
MemFree:          163724 kB
MemAvailable:    1446524 kB
Buffers:           97200 kB
Cached:          1208856 kB
MemTotal:        1844596 kB
MemFree:          163980 kB
MemAvailable:    1446780 kB
Buffers:           97200 kB
Cached:          1208856 kB
MemTotal:        1844596 kB
MemFree:          163284 kB
MemAvailable:    1446092 kB
Buffers:           97200 kB
Cached:          1208864 kB
MemTotal:        1844596 kB
MemFree:          162804 kB
MemAvailable:    1445612 kB
Buffers:           97200 kB
Cached:          1208864 kB
MemTotal:        1844596 kB
MemFree:          162060 kB
MemAvailable:    1444868 kB
Buffers:           97200 kB
Cached:          1208864 kB
MemTotal:        1844596 kB
MemFree:          163320 kB
MemAvailable:    1446128 kB
Buffers:           97200 kB
Cached:          1208864 kB
MemTotal:        1844596 kB
MemFree:          163212 kB
MemAvailable:    1446020 kB
Buffers:           97200 kB
Cached:          1208864 kB
MemTotal:        1844596 kB
MemFree:          163552 kB
MemAvailable:    1446360 kB
Buffers:           97200 kB
Cached:          1208864 kB
MemTotal:        1844596 kB
MemFree:          163352 kB
MemAvailable:    1446160 kB
Buffers:           97200 kB
Cached:          1208864 kB
MemTotal:        1844596 kB
MemFree:          163312 kB
MemAvailable:    1446120 kB
Buffers:           97200 kB
Cached:          1208864 kB
MemTotal:        1844596 kB
MemFree:          162432 kB
MemAvailable:    1445240 kB
Buffers:           97200 kB
Cached:          1208864 kB
MemTotal:        1844596 kB
MemFree:          163204 kB
MemAvailable:    1446012 kB
Buffers:           97200 kB
Cached:          1208864 kB
MemTotal:        1844596 kB
MemFree:          163176 kB
MemAvailable:    1445984 kB
Buffers:           97200 kB
Cached:          1208864 kB
MemTotal:        1844596 kB
MemFree:          163172 kB
MemAvailable:    1445980 kB
Buffers:           97200 kB
Cached:          1208864 kB
MemTotal:        1844596 kB
MemFree:          163232 kB
MemAvailable:    1446040 kB
Buffers:           97200 kB
Cached:          1208864 kB
MemTotal:        1844596 kB
MemFree:          163080 kB
MemAvailable:    1445888 kB
Buffers:           97200 kB
Cached:          1208864 kB
MemTotal:        1844596 kB
MemFree:          163040 kB
MemAvailable:    1445848 kB
Buffers:           97200 kB
Cached:          1208864 kB
MemTotal:        1844596 kB
MemFree:          162316 kB
MemAvailable:    1445124 kB
Buffers:           97200 kB
Cached:          1208864 kB
MemTotal:        1844596 kB
MemFree:          162912 kB
MemAvailable:    1445720 kB
Buffers:           97200 kB
Cached:          1208864 kB
MemTotal:        1844596 kB
MemFree:          162680 kB
MemAvailable:    1445488 kB
Buffers:           97200 kB
Cached:          1208864 kB
MemTotal:        1844596 kB
MemFree:          161756 kB
MemAvailable:    1444564 kB
Buffers:           97200 kB
Cached:          1208864 kB
MemTotal:        1844596 kB
MemFree:          163184 kB
MemAvailable:    1445992 kB
Buffers:           97200 kB
Cached:          1208864 kB
MemTotal:        1844596 kB
MemFree:          161624 kB
MemAvailable:    1444432 kB
Buffers:           97200 kB
Cached:          1208864 kB
MemTotal:        1844596 kB
MemFree:          163092 kB
MemAvailable:    1445900 kB
Buffers:           97200 kB
Cached:          1208864 kB
MemTotal:        1844596 kB
MemFree:          161868 kB
MemAvailable:    1444676 kB
Buffers:           97200 kB
Cached:          1208864 kB
MemTotal:        1844596 kB
MemFree:          161744 kB
MemAvailable:    1444552 kB
Buffers:           97200 kB
Cached:          1208864 kB
MemTotal:        1844596 kB
MemFree:          161604 kB
MemAvailable:    1444412 kB
Buffers:           97200 kB
Cached:          1208864 kB
MemTotal:        1844596 kB
MemFree:          163144 kB
MemAvailable:    1445952 kB
Buffers:           97200 kB
Cached:          1208864 kB
MemTotal:        1844596 kB
MemFree:          161732 kB
MemAvailable:    1444540 kB
Buffers:           97200 kB
Cached:          1208864 kB
MemTotal:        1844596 kB
MemFree:          161856 kB
MemAvailable:    1444664 kB
Buffers:           97200 kB
Cached:          1208864 kB
MemTotal:        1844596 kB
MemFree:          161732 kB
MemAvailable:    1444540 kB
Buffers:           97200 kB
Cached:          1208864 kB
MemTotal:        1844596 kB
MemFree:          160424 kB
MemAvailable:    1443232 kB
Buffers:           97200 kB
Cached:          1208864 kB
MemTotal:        1844596 kB
MemFree:          160324 kB
MemAvailable:    1443132 kB
Buffers:           97200 kB
Cached:          1208864 kB
MemTotal:        1844596 kB
MemFree:          158092 kB
MemAvailable:    1440900 kB
Buffers:           97200 kB
Cached:          1208864 kB
MemTotal:        1844596 kB
MemFree:          156108 kB
MemAvailable:    1438916 kB
Buffers:           97200 kB
Cached:          1208864 kB
MemTotal:        1844596 kB
MemFree:          154392 kB
MemAvailable:    1437200 kB
Buffers:           97200 kB
Cached:          1208864 kB
MemTotal:        1844596 kB
MemFree:          150140 kB
MemAvailable:    1432948 kB
Buffers:           97200 kB
Cached:          1208864 kB
MemTotal:        1844596 kB
MemFree:          150032 kB
MemAvailable:    1432840 kB
Buffers:           97200 kB
Cached:          1208864 kB
MemTotal:        1844596 kB
MemFree:          146064 kB
MemAvailable:    1428872 kB
Buffers:           97200 kB
Cached:          1208864 kB
MemTotal:        1844596 kB
MemFree:          144884 kB
MemAvailable:    1427692 kB
Buffers:           97200 kB
Cached:          1208864 kB
MemTotal:        1844596 kB
MemFree:          143948 kB
MemAvailable:    1426756 kB
Buffers:           97200 kB
Cached:          1208864 kB
MemTotal:        1844596 kB
MemFree:          143576 kB
MemAvailable:    1426384 kB
Buffers:           97200 kB
Cached:          1208864 kB
MemTotal:        1844596 kB
MemFree:          144876 kB
MemAvailable:    1427684 kB
Buffers:           97200 kB
Cached:          1208864 kB
MemTotal:        1844596 kB
MemFree:          144436 kB
MemAvailable:    1427244 kB
Buffers:           97200 kB
Cached:          1208864 kB
MemTotal:        1844596 kB
MemFree:          144520 kB
MemAvailable:    1427328 kB
Buffers:           97200 kB
Cached:          1208864 kB
MemTotal:        1844596 kB
MemFree:          142908 kB
MemAvailable:    1425716 kB
Buffers:           97200 kB
Cached:          1208864 kB
MemTotal:        1844596 kB
MemFree:          143200 kB
MemAvailable:    1426008 kB
Buffers:           97200 kB
Cached:          1208864 kB
MemTotal:        1844596 kB
MemFree:          143028 kB
MemAvailable:    1425836 kB
Buffers:           97200 kB
Cached:          1208864 kB
MemTotal:        1844596 kB
MemFree:          144320 kB
MemAvailable:    1427128 kB
Buffers:           97200 kB
Cached:          1208864 kB
MemTotal:        1844596 kB
MemFree:          143188 kB
MemAvailable:    1425996 kB
Buffers:           97200 kB
Cached:          1208864 kB
MemTotal:        1844596 kB
MemFree:          143444 kB
MemAvailable:    1426252 kB
Buffers:           97200 kB
Cached:          1208864 kB
MemTotal:        1844596 kB
MemFree:          143584 kB
MemAvailable:    1426392 kB
Buffers:           97200 kB
Cached:          1208864 kB
MemTotal:        1844596 kB
MemFree:          143500 kB
MemAvailable:    1426308 kB
Buffers:           97200 kB
Cached:          1208864 kB
MemTotal:        1844596 kB
MemFree:          143460 kB
MemAvailable:    1426268 kB
Buffers:           97200 kB
Cached:          1208864 kB
MemTotal:        1844596 kB
MemFree:          143552 kB
MemAvailable:    1426360 kB
Buffers:           97200 kB
Cached:          1208864 kB
MemTotal:        1844596 kB
MemFree:          142072 kB
MemAvailable:    1424880 kB
Buffers:           97200 kB
Cached:          1208864 kB
MemTotal:        1844596 kB
MemFree:          142188 kB
MemAvailable:    1424996 kB
Buffers:           97200 kB
Cached:          1208864 kB
MemTotal:        1844596 kB
MemFree:          143460 kB
MemAvailable:    1426268 kB
Buffers:           97200 kB
Cached:          1208864 kB
MemTotal:        1844596 kB
MemFree:          143520 kB
MemAvailable:    1426328 kB
Buffers:           97200 kB
Cached:          1208864 kB
MemTotal:        1844596 kB
MemFree:          142220 kB
MemAvailable:    1425028 kB
Buffers:           97200 kB
Cached:          1208864 kB
MemTotal:        1844596 kB
MemFree:          142220 kB
MemAvailable:    1425028 kB
Buffers:           97200 kB
Cached:          1208864 kB
MemTotal:        1844596 kB
MemFree:          143520 kB
MemAvailable:    1426328 kB
Buffers:           97200 kB
Cached:          1208864 kB
MemTotal:        1844596 kB
MemFree:          142600 kB
MemAvailable:    1425408 kB
Buffers:           97204 kB
Cached:          1208860 kB
MemTotal:        1844596 kB
MemFree:          143444 kB
MemAvailable:    1426252 kB
Buffers:           97204 kB
Cached:          1208860 kB
MemTotal:        1844596 kB
MemFree:          143336 kB
MemAvailable:    1426144 kB
Buffers:           97204 kB
Cached:          1208860 kB
MemTotal:        1844596 kB
MemFree:          143500 kB
MemAvailable:    1426308 kB
Buffers:           97204 kB
Cached:          1208860 kB
MemTotal:        1844596 kB
MemFree:          142316 kB
MemAvailable:    1425124 kB
Buffers:           97204 kB
Cached:          1208860 kB
MemTotal:        1844596 kB
MemFree:          143460 kB
MemAvailable:    1426268 kB
Buffers:           97204 kB
Cached:          1208860 kB
MemTotal:        1844596 kB
MemFree:          143496 kB
MemAvailable:    1426304 kB
Buffers:           97204 kB
Cached:          1208860 kB
MemTotal:        1844596 kB
MemFree:          142064 kB
MemAvailable:    1424872 kB
Buffers:           97204 kB
Cached:          1208860 kB
MemTotal:        1844596 kB
MemFree:          137988 kB
MemAvailable:    1420796 kB
Buffers:           97204 kB
Cached:          1208860 kB
MemTotal:        1844596 kB
MemFree:          137756 kB
MemAvailable:    1420564 kB
Buffers:           97204 kB
Cached:          1208860 kB
MemTotal:        1844596 kB
MemFree:          134160 kB
MemAvailable:    1416968 kB
Buffers:           97204 kB
Cached:          1208860 kB
MemTotal:        1844596 kB
MemFree:          131660 kB
MemAvailable:    1414472 kB
Buffers:           97204 kB
Cached:          1208864 kB
MemTotal:        1844596 kB
MemFree:          128580 kB
MemAvailable:    1411392 kB
Buffers:           97204 kB
Cached:          1208864 kB
MemTotal:        1844596 kB
MemFree:          125340 kB
MemAvailable:    1408160 kB
Buffers:           97204 kB
Cached:          1208872 kB
MemTotal:        1844596 kB
MemFree:          125676 kB
MemAvailable:    1408496 kB
Buffers:           97204 kB
Cached:          1208872 kB
MemTotal:        1844596 kB
MemFree:          125208 kB
MemAvailable:    1408028 kB
Buffers:           97204 kB
Cached:          1208872 kB
MemTotal:        1844596 kB
MemFree:          124736 kB
MemAvailable:    1407556 kB
Buffers:           97204 kB
Cached:          1208872 kB
MemTotal:        1844596 kB
MemFree:          125272 kB
MemAvailable:    1408092 kB
Buffers:           97204 kB
Cached:          1208872 kB
MemTotal:        1844596 kB
MemFree:          125232 kB
MemAvailable:    1408052 kB
Buffers:           97204 kB
Cached:          1208872 kB
MemTotal:        1844596 kB
MemFree:          124496 kB
MemAvailable:    1407316 kB
Buffers:           97204 kB
Cached:          1208872 kB
MemTotal:        1844596 kB
MemFree:          125340 kB
MemAvailable:    1408160 kB
Buffers:           97204 kB
Cached:          1208872 kB
MemTotal:        1844596 kB
MemFree:          124612 kB
MemAvailable:    1407432 kB
Buffers:           97204 kB
Cached:          1208872 kB
MemTotal:        1844596 kB
MemFree:          125272 kB
MemAvailable:    1408092 kB
Buffers:           97204 kB
Cached:          1208872 kB
MemTotal:        1844596 kB
MemFree:          125232 kB
MemAvailable:    1408052 kB
Buffers:           97204 kB
Cached:          1208872 kB
MemTotal:        1844596 kB
MemFree:          125092 kB
MemAvailable:    1407912 kB
Buffers:           97204 kB
Cached:          1208872 kB
MemTotal:        1844596 kB
MemFree:          124612 kB
MemAvailable:    1407432 kB
Buffers:           97204 kB
Cached:          1208872 kB
MemTotal:        1844596 kB
MemFree:          125272 kB
MemAvailable:    1408092 kB
Buffers:           97204 kB
Cached:          1208872 kB
MemTotal:        1844596 kB
MemFree:          125232 kB
MemAvailable:    1408052 kB
Buffers:           97204 kB
Cached:          1208872 kB
MemTotal:        1844596 kB
MemFree:          124356 kB
MemAvailable:    1407176 kB
Buffers:           97204 kB
Cached:          1208872 kB
MemTotal:        1844596 kB
MemFree:          125052 kB
MemAvailable:    1407872 kB
Buffers:           97204 kB
Cached:          1208872 kB
MemTotal:        1844596 kB
MemFree:          125388 kB
MemAvailable:    1408208 kB
Buffers:           97204 kB
Cached:          1208872 kB
MemTotal:        1844596 kB
MemFree:          125092 kB
MemAvailable:    1407912 kB
Buffers:           97204 kB
Cached:          1208872 kB
MemTotal:        1844596 kB
MemFree:          125428 kB
MemAvailable:    1408248 kB
Buffers:           97204 kB
Cached:          1208872 kB
MemTotal:        1844596 kB
MemFree:          123976 kB
MemAvailable:    1406796 kB
Buffers:           97204 kB
Cached:          1208872 kB
MemTotal:        1844596 kB
MemFree:          123936 kB
MemAvailable:    1406756 kB
Buffers:           97204 kB
Cached:          1208872 kB
MemTotal:        1844596 kB
MemFree:          125212 kB
MemAvailable:    1408032 kB
Buffers:           97204 kB
Cached:          1208872 kB
MemTotal:        1844596 kB
MemFree:          125464 kB
MemAvailable:    1408284 kB
Buffers:           97204 kB
Cached:          1208872 kB
MemTotal:        1844596 kB
MemFree:          123944 kB
MemAvailable:    1406764 kB
Buffers:           97204 kB
Cached:          1208872 kB
MemTotal:        1844596 kB
MemFree:          125544 kB
MemAvailable:    1408364 kB
Buffers:           97204 kB
Cached:          1208872 kB
MemTotal:        1844596 kB
MemFree:          124932 kB
MemAvailable:    1407752 kB
Buffers:           97204 kB
Cached:          1208872 kB
MemTotal:        1844596 kB
MemFree:          125268 kB
MemAvailable:    1408088 kB
Buffers:           97204 kB
Cached:          1208872 kB
MemTotal:        1844596 kB
MemFree:          125220 kB
MemAvailable:    1408040 kB
Buffers:           97204 kB
Cached:          1208872 kB
MemTotal:        1844596 kB
MemFree:          124496 kB
MemAvailable:    1407316 kB
Buffers:           97204 kB
Cached:          1208872 kB
MemTotal:        1844596 kB
MemFree:          125192 kB
MemAvailable:    1408012 kB
Buffers:           97204 kB
Cached:          1208872 kB
MemTotal:        1844596 kB
MemFree:          124116 kB
MemAvailable:    1406936 kB
Buffers:           97204 kB
Cached:          1208872 kB
MemTotal:        1844596 kB
MemFree:          125092 kB
MemAvailable:    1407912 kB
Buffers:           97204 kB
Cached:          1208872 kB
MemTotal:        1844596 kB
MemFree:          124860 kB
MemAvailable:    1407680 kB
Buffers:           97204 kB
Cached:          1208872 kB
MemTotal:        1844596 kB
MemFree:          125080 kB
MemAvailable:    1407900 kB
Buffers:           97204 kB
Cached:          1208872 kB
MemTotal:        1844596 kB
MemFree:          125056 kB
MemAvailable:    1407876 kB
Buffers:           97204 kB
Cached:          1208872 kB
MemTotal:        1844596 kB
MemFree:          125136 kB
MemAvailable:    1407956 kB
Buffers:           97204 kB
Cached:          1208872 kB
MemTotal:        1844596 kB
MemFree:          124736 kB
MemAvailable:    1407556 kB
Buffers:           97204 kB
Cached:          1208872 kB
MemTotal:        1844596 kB
MemFree:          124044 kB
MemAvailable:    1406864 kB
Buffers:           97204 kB
Cached:          1208872 kB
MemTotal:        1844596 kB
MemFree:          119652 kB
MemAvailable:    1402472 kB
Buffers:           97204 kB
Cached:          1208872 kB
MemTotal:        1844596 kB
MemFree:          115312 kB
MemAvailable:    1398132 kB
Buffers:           97204 kB
Cached:          1208872 kB
MemTotal:        1844596 kB
MemFree:          110412 kB
MemAvailable:    1393232 kB
Buffers:           97204 kB
Cached:          1208872 kB
MemTotal:        1844596 kB
MemFree:          109600 kB
MemAvailable:    1392420 kB
Buffers:           97204 kB
Cached:          1208872 kB
MemTotal:        1844596 kB
MemFree:          107004 kB
MemAvailable:    1389824 kB
Buffers:           97204 kB
Cached:          1208872 kB
MemTotal:        1844596 kB
MemFree:          106880 kB
MemAvailable:    1389700 kB
Buffers:           97204 kB
Cached:          1208872 kB
MemTotal:        1844596 kB
MemFree:          107732 kB
MemAvailable:    1390552 kB
Buffers:           97204 kB
Cached:          1208872 kB
MemTotal:        1844596 kB
MemFree:          107376 kB
MemAvailable:    1390196 kB
Buffers:           97204 kB
Cached:          1208872 kB
MemTotal:        1844596 kB
MemFree:          107004 kB
MemAvailable:    1389824 kB
Buffers:           97204 kB
Cached:          1208872 kB
MemTotal:        1844596 kB
MemFree:          106824 kB
MemAvailable:    1389644 kB
Buffers:           97204 kB
Cached:          1208872 kB
MemTotal:        1844596 kB
MemFree:          106516 kB
MemAvailable:    1389336 kB
Buffers:           97204 kB
Cached:          1208872 kB
MemTotal:        1844596 kB
MemFree:          106676 kB
MemAvailable:    1389496 kB
Buffers:           97204 kB
Cached:          1208872 kB
MemTotal:        1844596 kB
MemFree:          106700 kB
MemAvailable:    1389520 kB
Buffers:           97204 kB
Cached:          1208872 kB
MemTotal:        1844596 kB
MemFree:          106088 kB
MemAvailable:    1388908 kB
Buffers:           97204 kB
Cached:          1208872 kB
MemTotal:        1844596 kB
MemFree:          106356 kB
MemAvailable:    1389176 kB
Buffers:           97204 kB
Cached:          1208872 kB
MemTotal:        1844596 kB
MemFree:          106020 kB
MemAvailable:    1388840 kB
Buffers:           97204 kB
Cached:          1208872 kB
MemTotal:        1844596 kB
MemFree:          106436 kB
MemAvailable:    1389256 kB
Buffers:           97204 kB
Cached:          1208872 kB
MemTotal:        1844596 kB
MemFree:          106500 kB
MemAvailable:    1389320 kB
Buffers:           97204 kB
Cached:          1208872 kB
MemTotal:        1844596 kB
MemFree:          105816 kB
MemAvailable:    1388636 kB
Buffers:           97204 kB
Cached:          1208872 kB
MemTotal:        1844596 kB
MemFree:          105492 kB
MemAvailable:    1388312 kB
Buffers:           97204 kB
Cached:          1208872 kB
MemTotal:        1844596 kB
MemFree:          105748 kB
MemAvailable:    1388568 kB
Buffers:           97204 kB
Cached:          1208872 kB
MemTotal:        1844596 kB
MemFree:          103532 kB
MemAvailable:    1386352 kB
Buffers:           97204 kB
Cached:          1208872 kB
MemTotal:        1844596 kB
MemFree:          103028 kB
MemAvailable:    1385848 kB
Buffers:           97204 kB
Cached:          1208872 kB
MemTotal:        1844596 kB
MemFree:          103904 kB
MemAvailable:    1386724 kB
Buffers:           97204 kB
Cached:          1208872 kB
MemTotal:        1844596 kB
MemFree:          103780 kB
MemAvailable:    1386600 kB
Buffers:           97204 kB
Cached:          1208872 kB
MemTotal:        1844596 kB
MemFree:          101904 kB
MemAvailable:    1384724 kB
Buffers:           97204 kB
Cached:          1208872 kB
MemTotal:        1844596 kB
MemFree:          101920 kB
MemAvailable:    1384740 kB
Buffers:           97204 kB
Cached:          1208872 kB
MemTotal:        1844596 kB
MemFree:          101176 kB
MemAvailable:    1383996 kB
Buffers:           97204 kB
Cached:          1208872 kB
MemTotal:        1844596 kB
MemFree:          100044 kB
MemAvailable:    1382864 kB
Buffers:           97204 kB
Cached:          1208872 kB
MemTotal:        1844596 kB
MemFree:           99636 kB
MemAvailable:    1382456 kB
Buffers:           97204 kB
Cached:          1208872 kB
MemTotal:        1844596 kB
MemFree:          100416 kB
MemAvailable:    1383240 kB
Buffers:           97204 kB
Cached:          1208876 kB
MemTotal:        1844596 kB
MemFree:          100752 kB
MemAvailable:    1383576 kB
Buffers:           97204 kB
Cached:          1208876 kB
MemTotal:        1844596 kB
MemFree:           99268 kB
MemAvailable:    1382092 kB
Buffers:           97204 kB
Cached:          1208876 kB
MemTotal:        1844596 kB
MemFree:          100688 kB
MemAvailable:    1383512 kB
Buffers:           97204 kB
Cached:          1208876 kB
MemTotal:        1844596 kB
MemFree:           99432 kB
MemAvailable:    1382256 kB
Buffers:           97204 kB
Cached:          1208876 kB
MemTotal:        1844596 kB
MemFree:          100352 kB
MemAvailable:    1383184 kB
Buffers:           97204 kB
Cached:          1208884 kB
MemTotal:        1844596 kB
MemFree:           99564 kB
MemAvailable:    1382396 kB
Buffers:           97204 kB
Cached:          1208884 kB
MemTotal:        1844596 kB
MemFree:           99244 kB
MemAvailable:    1382076 kB
Buffers:           97204 kB
Cached:          1208884 kB
MemTotal:        1844596 kB
MemFree:           99012 kB
MemAvailable:    1381844 kB
Buffers:           97204 kB
Cached:          1208884 kB
MemTotal:        1844596 kB
MemFree:           99264 kB
MemAvailable:    1382096 kB
Buffers:           97204 kB
Cached:          1208884 kB
MemTotal:        1844596 kB
MemFree:           97704 kB
MemAvailable:    1380536 kB
Buffers:           97204 kB
Cached:          1208884 kB
MemTotal:        1844596 kB
MemFree:           97912 kB
MemAvailable:    1380744 kB
Buffers:           97204 kB
Cached:          1208884 kB
MemTotal:        1844596 kB
MemFree:           99064 kB
MemAvailable:    1381896 kB
Buffers:           97204 kB
Cached:          1208884 kB
MemTotal:        1844596 kB
MemFree:           99016 kB
MemAvailable:    1381848 kB
Buffers:           97204 kB
Cached:          1208884 kB
MemTotal:        1844596 kB
MemFree:           99268 kB
MemAvailable:    1382100 kB
Buffers:           97204 kB
Cached:          1208884 kB
MemTotal:        1844596 kB
MemFree:           99028 kB
MemAvailable:    1381860 kB
Buffers:           97204 kB
Cached:          1208884 kB
MemTotal:        1844596 kB
MemFree:           99000 kB
MemAvailable:    1381832 kB
Buffers:           97204 kB
Cached:          1208884 kB
MemTotal:        1844596 kB
MemFree:           98332 kB
MemAvailable:    1381164 kB
Buffers:           97204 kB
Cached:          1208884 kB
MemTotal:        1844596 kB
MemFree:           98208 kB
MemAvailable:    1381040 kB
Buffers:           97204 kB
Cached:          1208884 kB
MemTotal:        1844596 kB
MemFree:           99440 kB
MemAvailable:    1382272 kB
Buffers:           97204 kB
Cached:          1208884 kB
MemTotal:        1844596 kB
MemFree:           99052 kB
MemAvailable:    1381884 kB
Buffers:           97204 kB
Cached:          1208884 kB
MemTotal:        1844596 kB
MemFree:           98828 kB
MemAvailable:    1381660 kB
Buffers:           97204 kB
Cached:          1208884 kB
MemTotal:        1844596 kB
MemFree:           99064 kB
MemAvailable:    1381896 kB
Buffers:           97204 kB
Cached:          1208884 kB
MemTotal:        1844596 kB
MemFree:           99076 kB
MemAvailable:    1381908 kB
Buffers:           97204 kB
Cached:          1208884 kB
MemTotal:        1844596 kB
MemFree:           98200 kB
MemAvailable:    1381032 kB
Buffers:           97204 kB
Cached:          1208884 kB
MemTotal:        1844596 kB
MemFree:           97712 kB
MemAvailable:    1380544 kB
Buffers:           97204 kB
Cached:          1208884 kB
MemTotal:        1844596 kB
MemFree:           99244 kB
MemAvailable:    1382076 kB
Buffers:           97204 kB
Cached:          1208884 kB
MemTotal:        1844596 kB
MemFree:           99276 kB
MemAvailable:    1382108 kB
Buffers:           97204 kB
Cached:          1208884 kB
MemTotal:        1844596 kB
MemFree:           99076 kB
MemAvailable:    1381908 kB
Buffers:           97204 kB
Cached:          1208884 kB
MemTotal:        1844596 kB
MemFree:           99088 kB
MemAvailable:    1381920 kB
Buffers:           97204 kB
Cached:          1208884 kB
MemTotal:        1844596 kB
MemFree:           97780 kB
MemAvailable:    1380612 kB
Buffers:           97204 kB
Cached:          1208884 kB
MemTotal:        1844596 kB
MemFree:           98988 kB
MemAvailable:    1381820 kB
Buffers:           97204 kB
Cached:          1208884 kB
MemTotal:        1844596 kB
MemFree:           99084 kB
MemAvailable:    1381916 kB
Buffers:           97204 kB
Cached:          1208884 kB
MemTotal:        1844596 kB
MemFree:           98764 kB
MemAvailable:    1381596 kB
Buffers:           97204 kB
Cached:          1208884 kB
MemTotal:        1844596 kB
MemFree:           97664 kB
MemAvailable:    1380496 kB
Buffers:           97204 kB
Cached:          1208884 kB
MemTotal:        1844596 kB
MemFree:           97788 kB
MemAvailable:    1380620 kB
Buffers:           97204 kB
Cached:          1208884 kB
MemTotal:        1844596 kB
MemFree:           98940 kB
MemAvailable:    1381772 kB
Buffers:           97204 kB
Cached:          1208884 kB
MemTotal:        1844596 kB
MemFree:           99252 kB
MemAvailable:    1382084 kB
Buffers:           97204 kB
Cached:          1208884 kB
MemTotal:        1844596 kB
MemFree:           98952 kB
MemAvailable:    1381784 kB
Buffers:           97204 kB
Cached:          1208884 kB
MemTotal:        1844596 kB
MemFree:           99136 kB
MemAvailable:    1381968 kB
Buffers:           97204 kB
Cached:          1208884 kB
MemTotal:        1844596 kB
MemFree:           99280 kB
MemAvailable:    1382112 kB
Buffers:           97204 kB
Cached:          1208884 kB
MemTotal:        1844596 kB
MemFree:           97784 kB
MemAvailable:    1380616 kB
Buffers:           97204 kB
Cached:          1208884 kB
MemTotal:        1844596 kB
MemFree:           97908 kB
MemAvailable:    1380740 kB
Buffers:           97204 kB
Cached:          1208884 kB
MemTotal:        1844596 kB
MemFree:           97784 kB
MemAvailable:    1380616 kB
Buffers:           97204 kB
Cached:          1208884 kB
MemTotal:        1844596 kB
MemFree:           98944 kB
MemAvailable:    1381776 kB
Buffers:           97204 kB
Cached:          1208884 kB
MemTotal:        1844596 kB
MemFree:           99280 kB
MemAvailable:    1382112 kB
Buffers:           97204 kB
Cached:          1208884 kB
MemTotal:        1844596 kB
MemFree:           97664 kB
MemAvailable:    1380496 kB
Buffers:           97204 kB
Cached:          1208884 kB
MemTotal:        1844596 kB
MemFree:           96084 kB
MemAvailable:    1378916 kB
Buffers:           97204 kB
Cached:          1208884 kB
MemTotal:        1844596 kB
MemFree:           94240 kB
MemAvailable:    1377072 kB
Buffers:           97204 kB
Cached:          1208884 kB
MemTotal:        1844596 kB
MemFree:           91248 kB
MemAvailable:    1374080 kB
Buffers:           97204 kB
Cached:          1208884 kB
MemTotal:        1844596 kB
MemFree:           90644 kB
MemAvailable:    1373476 kB
Buffers:           97204 kB
Cached:          1208884 kB
MemTotal:        1844596 kB
MemFree:           87480 kB
MemAvailable:    1370312 kB
Buffers:           97204 kB
Cached:          1208884 kB
MemTotal:        1844596 kB
MemFree:           83700 kB
MemAvailable:    1366532 kB
Buffers:           97204 kB
Cached:          1208884 kB
MemTotal:        1844596 kB
MemFree:           81344 kB
MemAvailable:    1364176 kB
Buffers:           97204 kB
Cached:          1208884 kB
MemTotal:        1844596 kB
MemFree:           78492 kB
MemAvailable:    1361324 kB
Buffers:           97204 kB
Cached:          1208884 kB
MemTotal:        1844596 kB
MemFree:           79600 kB
MemAvailable:    1362432 kB
Buffers:           97204 kB
Cached:          1208884 kB
MemTotal:        1844596 kB
MemFree:           79740 kB
MemAvailable:    1362572 kB
Buffers:           97204 kB
Cached:          1208884 kB
MemTotal:        1844596 kB
MemFree:           79620 kB
MemAvailable:    1362452 kB
Buffers:           97204 kB
Cached:          1208884 kB
MemTotal:        1844596 kB
MemFree:           79616 kB
MemAvailable:    1362448 kB
Buffers:           97204 kB
Cached:          1208884 kB
MemTotal:        1844596 kB
MemFree:           78872 kB
MemAvailable:    1361704 kB
Buffers:           97204 kB
Cached:          1208884 kB
MemTotal:        1844596 kB
MemFree:           79716 kB
MemAvailable:    1362552 kB
Buffers:           97204 kB
Cached:          1208888 kB
MemTotal:        1844596 kB
MemFree:           79112 kB
MemAvailable:    1361948 kB
Buffers:           97204 kB
Cached:          1208888 kB
MemTotal:        1844596 kB
MemFree:           79596 kB
MemAvailable:    1362432 kB
Buffers:           97204 kB
Cached:          1208888 kB
MemTotal:        1844596 kB
MemFree:           79608 kB
MemAvailable:    1362444 kB
Buffers:           97204 kB
Cached:          1208888 kB
MemTotal:        1844596 kB
MemFree:           78740 kB
MemAvailable:    1361576 kB
Buffers:           97204 kB
Cached:          1208888 kB
MemTotal:        1844596 kB
MemFree:           79724 kB
MemAvailable:    1362560 kB
Buffers:           97204 kB
Cached:          1208888 kB
MemTotal:        1844596 kB
MemFree:           79808 kB
MemAvailable:    1362644 kB
Buffers:           97204 kB
Cached:          1208888 kB
MemTotal:        1844596 kB
MemFree:           79496 kB
MemAvailable:    1362332 kB
Buffers:           97204 kB
Cached:          1208888 kB
MemTotal:        1844596 kB
MemFree:           79868 kB
MemAvailable:    1362704 kB
Buffers:           97204 kB
Cached:          1208888 kB
MemTotal:        1844596 kB
MemFree:           79868 kB
MemAvailable:    1362704 kB
Buffers:           97204 kB
Cached:          1208888 kB
MemTotal:        1844596 kB
MemFree:           79292 kB
MemAvailable:    1362128 kB
Buffers:           97204 kB
Cached:          1208888 kB
MemTotal:        1844596 kB
MemFree:           79292 kB
MemAvailable:    1362128 kB
Buffers:           97204 kB
Cached:          1208888 kB
MemTotal:        1844596 kB
MemFree:           77864 kB
MemAvailable:    1360700 kB
Buffers:           97204 kB
Cached:          1208888 kB
MemTotal:        1844596 kB
MemFree:           79220 kB
MemAvailable:    1362056 kB
Buffers:           97204 kB
Cached:          1208888 kB
MemTotal:        1844596 kB
MemFree:           79220 kB
MemAvailable:    1362056 kB
Buffers:           97204 kB
Cached:          1208888 kB
MemTotal:        1844596 kB
MemFree:           77984 kB
MemAvailable:    1360820 kB
Buffers:           97204 kB
Cached:          1208888 kB
MemTotal:        1844596 kB
MemFree:           79308 kB
MemAvailable:    1362144 kB
Buffers:           97204 kB
Cached:          1208888 kB
MemTotal:        1844596 kB
MemFree:           79340 kB
MemAvailable:    1362176 kB
Buffers:           97204 kB
Cached:          1208888 kB
MemTotal:        1844596 kB
MemFree:           78476 kB
MemAvailable:    1361316 kB
Buffers:           97204 kB
Cached:          1208892 kB
MemTotal:        1844596 kB
MemFree:           77072 kB
MemAvailable:    1359912 kB
Buffers:           97204 kB
Cached:          1208892 kB
MemTotal:        1844596 kB
MemFree:           77360 kB
MemAvailable:    1360200 kB
Buffers:           97204 kB
Cached:          1208892 kB
MemTotal:        1844596 kB
MemFree:           74276 kB
MemAvailable:    1357116 kB
Buffers:           97204 kB
Cached:          1208892 kB
MemTotal:        1844596 kB
MemFree:           68396 kB
MemAvailable:    1351236 kB
Buffers:           97204 kB
Cached:          1208892 kB
MemTotal:        1844596 kB
MemFree:           69472 kB
MemAvailable:    1352312 kB
Buffers:           97204 kB
Cached:          1208892 kB
MemTotal:        1844596 kB
MemFree:           69232 kB
MemAvailable:    1352072 kB
Buffers:           97204 kB
Cached:          1208892 kB
MemTotal:        1844596 kB
MemFree:           69232 kB
MemAvailable:    1352072 kB
Buffers:           97204 kB
Cached:          1208892 kB
MemTotal:        1844596 kB
MemFree:           68032 kB
MemAvailable:    1350872 kB
Buffers:           97204 kB
Cached:          1208892 kB
MemTotal:        1844596 kB
MemFree:           69224 kB
MemAvailable:    1352064 kB
Buffers:           97204 kB
Cached:          1208892 kB
MemTotal:        1844596 kB
MemFree:           69048 kB
MemAvailable:    1351888 kB
Buffers:           97204 kB
Cached:          1208892 kB
MemTotal:        1844596 kB
MemFree:           67876 kB
MemAvailable:    1350716 kB
Buffers:           97204 kB
Cached:          1208892 kB
MemTotal:        1844596 kB
MemFree:           66856 kB
MemAvailable:    1349696 kB
Buffers:           97204 kB
Cached:          1208892 kB
MemTotal:        1844596 kB
MemFree:           65712 kB
MemAvailable:    1348552 kB
Buffers:           97204 kB
Cached:          1208892 kB
MemTotal:        1844596 kB
MemFree:           65472 kB
MemAvailable:    1348312 kB
Buffers:           97204 kB
Cached:          1208892 kB
MemTotal:        1844596 kB
MemFree:           66076 kB
MemAvailable:    1348916 kB
Buffers:           97208 kB
Cached:          1208888 kB
MemTotal:        1844596 kB
MemFree:           66040 kB
MemAvailable:    1348880 kB
Buffers:           97208 kB
Cached:          1209012 kB
MemTotal:        1844596 kB
MemFree:           65604 kB
MemAvailable:    1348592 kB
Buffers:           97208 kB
Cached:          1209136 kB
MemTotal:        1844596 kB
MemFree:           65532 kB
MemAvailable:    1348708 kB
Buffers:           97208 kB
Cached:          1209260 kB
MemTotal:        1844596 kB
MemFree:           64664 kB
MemAvailable:    1347840 kB
Buffers:           97208 kB
Cached:          1209260 kB
MemTotal:        1844596 kB
MemFree:           65360 kB
MemAvailable:    1348620 kB
Buffers:           97208 kB
Cached:          1209384 kB
MemTotal:        1844596 kB
MemFree:           65504 kB
MemAvailable:    1348848 kB
Buffers:           97208 kB
Cached:          1209508 kB
MemTotal:        1844596 kB
MemFree:           65940 kB
MemAvailable:    1349284 kB
Buffers:           97208 kB
Cached:          1209508 kB
MemTotal:        1844596 kB
MemFree:           65312 kB
MemAvailable:    1348740 kB
Buffers:           97208 kB
Cached:          1209508 kB
MemTotal:        1844596 kB
MemFree:           64892 kB
MemAvailable:    1348320 kB
Buffers:           97208 kB
Cached:          1209508 kB
MemTotal:        1844596 kB
MemFree:           65496 kB
MemAvailable:    1348924 kB
Buffers:           97208 kB
Cached:          1209508 kB
MemTotal:        1844596 kB
MemFree:           65308 kB
MemAvailable:    1348736 kB
Buffers:           97208 kB
Cached:          1209508 kB
MemTotal:        1844596 kB
MemFree:           65544 kB
MemAvailable:    1348972 kB
Buffers:           97208 kB
Cached:          1209508 kB
MemTotal:        1844596 kB
MemFree:           64336 kB
MemAvailable:    1347764 kB
Buffers:           97208 kB
Cached:          1209508 kB
MemTotal:        1844596 kB
MemFree:           65128 kB
MemAvailable:    1348640 kB
Buffers:           97208 kB
Cached:          1209632 kB
MemTotal:        1844596 kB
MemFree:           64752 kB
MemAvailable:    1347592 kB
Buffers:           97208 kB
Cached:          1208916 kB
MemTotal:        1844596 kB
MemFree:           64608 kB
MemAvailable:    1347448 kB
Buffers:           97208 kB
Cached:          1208916 kB
MemTotal:        1844596 kB
MemFree:          181188 kB
MemAvailable:    1464028 kB
Buffers:           97208 kB
Cached:          1208916 kB
MemTotal:        1844596 kB
MemFree:          259028 kB
MemAvailable:    1541868 kB
Buffers:           97208 kB
Cached:          1208916 kB
