MemTotal:        1844596 kB
MemFree:          712928 kB
MemAvailable:    1546392 kB
Buffers:           89176 kB
Cached:           768536 kB
MemTotal:        1844596 kB
MemFree:          685036 kB
MemAvailable:    1518424 kB
Buffers:           89176 kB
Cached:           768516 kB
MemTotal:        1844596 kB
MemFree:          684980 kB
MemAvailable:    1518368 kB
Buffers:           89176 kB
Cached:           768516 kB
MemTotal:        1844596 kB
MemFree:          683548 kB
MemAvailable:    1516936 kB
Buffers:           89176 kB
Cached:           768516 kB
MemTotal:        1844596 kB
MemFree:          683632 kB
MemAvailable:    1517020 kB
Buffers:           89176 kB
Cached:           768516 kB
MemTotal:        1844596 kB
MemFree:          681200 kB
MemAvailable:    1514588 kB
Buffers:           89176 kB
Cached:           768516 kB
MemTotal:        1844596 kB
MemFree:          679828 kB
MemAvailable:    1513216 kB
Buffers:           89176 kB
Cached:           768516 kB
MemTotal:        1844596 kB
MemFree:          678720 kB
MemAvailable:    1512108 kB
Buffers:           89176 kB
Cached:           768516 kB
MemTotal:        1844596 kB
MemFree:          674992 kB
MemAvailable:    1508380 kB
Buffers:           89176 kB
Cached:           768516 kB
MemTotal:        1844596 kB
MemFree:          673636 kB
MemAvailable:    1507024 kB
Buffers:           89176 kB
Cached:           768516 kB
MemTotal:        1844596 kB
MemFree:          669916 kB
MemAvailable:    1503304 kB
Buffers:           89176 kB
Cached:           768516 kB
MemTotal:        1844596 kB
MemFree:          672352 kB
MemAvailable:    1505740 kB
Buffers:           89176 kB
Cached:           768516 kB
MemTotal:        1844596 kB
MemFree:          673504 kB
MemAvailable:    1506892 kB
Buffers:           89176 kB
Cached:           768516 kB
MemTotal:        1844596 kB
MemFree:          672644 kB
MemAvailable:    1506032 kB
Buffers:           89176 kB
Cached:           768516 kB
MemTotal:        1844596 kB
MemFree:          673512 kB
MemAvailable:    1506908 kB
Buffers:           89176 kB
Cached:           768520 kB
MemTotal:        1844596 kB
MemFree:          672272 kB
MemAvailable:    1505668 kB
Buffers:           89176 kB
Cached:           768520 kB
MemTotal:        1844596 kB
MemFree:          672140 kB
MemAvailable:    1505536 kB
Buffers:           89176 kB
Cached:           768520 kB
MemTotal:        1844596 kB
MemFree:          671900 kB
MemAvailable:    1505296 kB
Buffers:           89176 kB
Cached:           768520 kB
MemTotal:        1844596 kB
MemFree:          672008 kB
MemAvailable:    1505404 kB
Buffers:           89176 kB
Cached:           768520 kB
MemTotal:        1844596 kB
MemFree:          671652 kB
MemAvailable:    1505048 kB
Buffers:           89176 kB
Cached:           768520 kB
MemTotal:        1844596 kB
MemFree:          671652 kB
MemAvailable:    1505048 kB
Buffers:           89176 kB
Cached:           768520 kB
MemTotal:        1844596 kB
MemFree:          672976 kB
MemAvailable:    1506372 kB
Buffers:           89176 kB
Cached:           768520 kB
MemTotal:        1844596 kB
MemFree:          672332 kB
MemAvailable:    1505728 kB
Buffers:           89176 kB
Cached:           768520 kB
MemTotal:        1844596 kB
MemFree:          670908 kB
MemAvailable:    1504304 kB
Buffers:           89176 kB
Cached:           768520 kB
MemTotal:        1844596 kB
MemFree:          672016 kB
MemAvailable:    1505412 kB
Buffers:           89176 kB
Cached:           768520 kB
MemTotal:        1844596 kB
MemFree:          671660 kB
MemAvailable:    1505056 kB
Buffers:           89176 kB
Cached:           768520 kB
MemTotal:        1844596 kB
MemFree:          671820 kB
MemAvailable:    1505216 kB
Buffers:           89176 kB
Cached:           768520 kB
MemTotal:        1844596 kB
MemFree:          671148 kB
MemAvailable:    1504544 kB
Buffers:           89176 kB
Cached:           768520 kB
MemTotal:        1844596 kB
MemFree:          669916 kB
MemAvailable:    1503312 kB
Buffers:           89176 kB
Cached:           768520 kB
MemTotal:        1844596 kB
MemFree:          669412 kB
MemAvailable:    1502808 kB
Buffers:           89176 kB
Cached:           768520 kB
MemTotal:        1844596 kB
MemFree:          669404 kB
MemAvailable:    1502800 kB
Buffers:           89176 kB
Cached:           768520 kB
MemTotal:        1844596 kB
MemFree:          670412 kB
MemAvailable:    1503812 kB
Buffers:           89176 kB
Cached:           768524 kB
MemTotal:        1844596 kB
MemFree:          670396 kB
MemAvailable:    1503796 kB
Buffers:           89176 kB
Cached:           768524 kB
MemTotal:        1844596 kB
MemFree:          670288 kB
MemAvailable:    1503688 kB
Buffers:           89176 kB
Cached:           768524 kB
MemTotal:        1844596 kB
MemFree:          670356 kB
MemAvailable:    1503756 kB
Buffers:           89176 kB
Cached:           768524 kB
MemTotal:        1844596 kB
MemFree:          669012 kB
MemAvailable:    1502412 kB
Buffers:           89176 kB
Cached:           768524 kB
MemTotal:        1844596 kB
MemFree:          670468 kB
MemAvailable:    1503868 kB
Buffers:           89176 kB
Cached:           768524 kB
MemTotal:        1844596 kB
MemFree:          668980 kB
MemAvailable:    1502380 kB
Buffers:           89176 kB
Cached:           768524 kB
MemTotal:        1844596 kB
MemFree:          667436 kB
MemAvailable:    1500836 kB
Buffers:           89176 kB
Cached:           768524 kB
MemTotal:        1844596 kB
MemFree:          663988 kB
MemAvailable:    1497388 kB
Buffers:           89176 kB
Cached:           768524 kB
MemTotal:        1844596 kB
MemFree:          664064 kB
MemAvailable:    1497464 kB
Buffers:           89176 kB
Cached:           768524 kB
MemTotal:        1844596 kB
MemFree:          663480 kB
MemAvailable:    1496880 kB
Buffers:           89176 kB
Cached:           768524 kB
MemTotal:        1844596 kB
MemFree:          663860 kB
MemAvailable:    1497260 kB
Buffers:           89176 kB
Cached:           768524 kB
MemTotal:        1844596 kB
MemFree:          665112 kB
MemAvailable:    1498512 kB
Buffers:           89176 kB
Cached:           768524 kB
MemTotal:        1844596 kB
MemFree:          664848 kB
MemAvailable:    1498248 kB
Buffers:           89176 kB
Cached:           768524 kB
MemTotal:        1844596 kB
MemFree:          664492 kB
MemAvailable:    1497892 kB
Buffers:           89176 kB
Cached:           768524 kB
MemTotal:        1844596 kB
MemFree:          664736 kB
MemAvailable:    1498136 kB
Buffers:           89176 kB
Cached:           768524 kB
MemTotal:        1844596 kB
MemFree:          664536 kB
MemAvailable:    1497936 kB
Buffers:           89176 kB
Cached:           768524 kB
MemTotal:        1844596 kB
MemFree:          664608 kB
MemAvailable:    1498008 kB
Buffers:           89176 kB
Cached:           768524 kB
MemTotal:        1844596 kB
MemFree:          663188 kB
MemAvailable:    1496588 kB
Buffers:           89176 kB
Cached:           768524 kB
MemTotal:        1844596 kB
MemFree:          663312 kB
MemAvailable:    1496712 kB
Buffers:           89176 kB
Cached:           768524 kB
MemTotal:        1844596 kB
MemFree:          664540 kB
MemAvailable:    1497940 kB
Buffers:           89176 kB
Cached:           768524 kB
MemTotal:        1844596 kB
MemFree:          664708 kB
MemAvailable:    1498108 kB
Buffers:           89176 kB
Cached:           768524 kB
MemTotal:        1844596 kB
MemFree:          664728 kB
MemAvailable:    1498128 kB
Buffers:           89176 kB
Cached:           768524 kB
MemTotal:        1844596 kB
MemFree:          663316 kB
MemAvailable:    1496716 kB
Buffers:           89176 kB
Cached:           768524 kB
MemTotal:        1844596 kB
MemFree:          660708 kB
MemAvailable:    1494108 kB
Buffers:           89176 kB
Cached:           768524 kB
MemTotal:        1844596 kB
MemFree:          658176 kB
MemAvailable:    1491576 kB
Buffers:           89176 kB
Cached:           768524 kB
MemTotal:        1844596 kB
MemFree:          658352 kB
MemAvailable:    1491752 kB
Buffers:           89176 kB
Cached:           768524 kB
MemTotal:        1844596 kB
MemFree:          658044 kB
MemAvailable:    1491444 kB
Buffers:           89176 kB
Cached:           768524 kB
MemTotal:        1844596 kB
MemFree:          658164 kB
MemAvailable:    1491564 kB
Buffers:           89176 kB
Cached:           768524 kB
MemTotal:        1844596 kB
MemFree:          657060 kB
MemAvailable:    1490460 kB
Buffers:           89176 kB
Cached:           768524 kB
MemTotal:        1844596 kB
MemFree:          655688 kB
MemAvailable:    1489088 kB
Buffers:           89176 kB
Cached:           768524 kB
MemTotal:        1844596 kB
MemFree:          656308 kB
MemAvailable:    1489708 kB
Buffers:           89176 kB
Cached:           768524 kB
MemTotal:        1844596 kB
MemFree:          655068 kB
MemAvailable:    1488468 kB
Buffers:           89176 kB
Cached:           768524 kB
MemTotal:        1844596 kB
MemFree:          654684 kB
MemAvailable:    1488084 kB
Buffers:           89176 kB
Cached:           768524 kB
MemTotal:        1844596 kB
MemFree:          655976 kB
MemAvailable:    1489376 kB
Buffers:           89176 kB
Cached:           768524 kB
MemTotal:        1844596 kB
MemFree:          655316 kB
MemAvailable:    1488716 kB
Buffers:           89176 kB
Cached:           768524 kB
MemTotal:        1844596 kB
MemFree:          655616 kB
MemAvailable:    1489016 kB
Buffers:           89176 kB
Cached:           768524 kB
MemTotal:        1844596 kB
MemFree:          655952 kB
MemAvailable:    1489352 kB
Buffers:           89176 kB
Cached:           768524 kB
MemTotal:        1844596 kB
MemFree:          654552 kB
MemAvailable:    1487952 kB
Buffers:           89176 kB
Cached:           768524 kB
MemTotal:        1844596 kB
MemFree:          655660 kB
MemAvailable:    1489060 kB
Buffers:           89176 kB
Cached:           768524 kB
MemTotal:        1844596 kB
MemFree:          655908 kB
MemAvailable:    1489308 kB
Buffers:           89176 kB
Cached:           768524 kB
MemTotal:        1844596 kB
MemFree:          655772 kB
MemAvailable:    1489172 kB
Buffers:           89176 kB
Cached:           768524 kB
MemTotal:        1844596 kB
MemFree:          656024 kB
MemAvailable:    1489424 kB
Buffers:           89176 kB
Cached:           768524 kB
MemTotal:        1844596 kB
MemFree:          655692 kB
MemAvailable:    1489092 kB
Buffers:           89176 kB
Cached:           768524 kB
MemTotal:        1844596 kB
MemFree:          655560 kB
MemAvailable:    1488960 kB
Buffers:           89176 kB
Cached:           768524 kB
MemTotal:        1844596 kB
MemFree:          655528 kB
MemAvailable:    1488928 kB
Buffers:           89176 kB
Cached:           768524 kB
MemTotal:        1844596 kB
MemFree:          655316 kB
MemAvailable:    1488716 kB
Buffers:           89176 kB
Cached:           768524 kB
MemTotal:        1844596 kB
MemFree:          655360 kB
MemAvailable:    1488760 kB
Buffers:           89176 kB
Cached:           768524 kB
MemTotal:        1844596 kB
MemFree:          654436 kB
MemAvailable:    1487836 kB
Buffers:           89176 kB
Cached:           768524 kB
MemTotal:        1844596 kB
MemFree:          654428 kB
MemAvailable:    1487828 kB
Buffers:           89176 kB
Cached:           768524 kB
MemTotal:        1844596 kB
MemFree:          654028 kB
MemAvailable:    1487428 kB
Buffers:           89176 kB
Cached:           768524 kB
MemTotal:        1844596 kB
MemFree:          653084 kB
MemAvailable:    1486484 kB
Buffers:           89176 kB
Cached:           768524 kB
MemTotal:        1844596 kB
MemFree:          651152 kB
MemAvailable:    1484552 kB
Buffers:           89176 kB
Cached:           768524 kB
MemTotal:        1844596 kB
MemFree:          649180 kB
MemAvailable:    1482580 kB
Buffers:           89176 kB
Cached:           768524 kB
MemTotal:        1844596 kB
MemFree:          646584 kB
MemAvailable:    1479984 kB
Buffers:           89176 kB
Cached:           768524 kB
MemTotal:        1844596 kB
MemFree:          647200 kB
MemAvailable:    1480604 kB
Buffers:           89176 kB
Cached:           768528 kB
MemTotal:        1844596 kB
MemFree:          647456 kB
MemAvailable:    1480860 kB
Buffers:           89176 kB
Cached:           768528 kB
MemTotal:        1844596 kB
MemFree:          645876 kB
MemAvailable:    1479280 kB
Buffers:           89176 kB
Cached:           768528 kB
MemTotal:        1844596 kB
MemFree:          647240 kB
MemAvailable:    1480644 kB
Buffers:           89176 kB
Cached:           768528 kB
MemTotal:        1844596 kB
MemFree:          646016 kB
MemAvailable:    1479420 kB
Buffers:           89176 kB
Cached:           768528 kB
MemTotal:        1844596 kB
MemFree:          646796 kB
MemAvailable:    1480200 kB
Buffers:           89176 kB
Cached:           768528 kB
MemTotal:        1844596 kB
MemFree:          646768 kB
MemAvailable:    1480172 kB
Buffers:           89176 kB
Cached:           768528 kB
MemTotal:        1844596 kB
MemFree:          645464 kB
MemAvailable:    1478868 kB
Buffers:           89176 kB
Cached:           768528 kB
MemTotal:        1844596 kB
MemFree:          646940 kB
MemAvailable:    1480344 kB
Buffers:           89176 kB
Cached:           768528 kB
MemTotal:        1844596 kB
MemFree:          646140 kB
MemAvailable:    1479544 kB
Buffers:           89176 kB
Cached:           768528 kB
MemTotal:        1844596 kB
MemFree:          646664 kB
MemAvailable:    1480068 kB
Buffers:           89176 kB
Cached:           768528 kB
MemTotal:        1844596 kB
MemFree:          646636 kB
MemAvailable:    1480040 kB
Buffers:           89176 kB
Cached:           768528 kB
MemTotal:        1844596 kB
MemFree:          645464 kB
MemAvailable:    1478868 kB
Buffers:           89176 kB
Cached:           768528 kB
MemTotal:        1844596 kB
MemFree:          646764 kB
MemAvailable:    1480168 kB
Buffers:           89176 kB
Cached:           768528 kB
MemTotal:        1844596 kB
MemFree:          645588 kB
MemAvailable:    1478992 kB
Buffers:           89176 kB
Cached:           768528 kB
MemTotal:        1844596 kB
MemFree:          645712 kB
MemAvailable:    1479116 kB
Buffers:           89176 kB
Cached:           768528 kB
MemTotal:        1844596 kB
MemFree:          645696 kB
MemAvailable:    1479100 kB
Buffers:           89176 kB
Cached:           768528 kB
MemTotal:        1844596 kB
MemFree:          646884 kB
MemAvailable:    1480292 kB
Buffers:           89176 kB
Cached:           768532 kB
MemTotal:        1844596 kB
MemFree:          646968 kB
MemAvailable:    1480376 kB
Buffers:           89176 kB
Cached:           768532 kB
MemTotal:        1844596 kB
MemFree:          646944 kB
MemAvailable:    1480352 kB
Buffers:           89176 kB
Cached:           768532 kB
MemTotal:        1844596 kB
MemFree:          645760 kB
MemAvailable:    1479168 kB
Buffers:           89176 kB
Cached:           768532 kB
MemTotal:        1844596 kB
MemFree:          645720 kB
MemAvailable:    1479128 kB
Buffers:           89176 kB
Cached:           768532 kB
MemTotal:        1844596 kB
MemFree:          646996 kB
MemAvailable:    1480404 kB
Buffers:           89176 kB
Cached:           768532 kB
MemTotal:        1844596 kB
MemFree:          646148 kB
MemAvailable:    1479556 kB
Buffers:           89176 kB
Cached:           768532 kB
MemTotal:        1844596 kB
MemFree:          647000 kB
MemAvailable:    1480408 kB
Buffers:           89176 kB
Cached:           768532 kB
MemTotal:        1844596 kB
MemFree:          647256 kB
MemAvailable:    1480664 kB
Buffers:           89176 kB
Cached:           768532 kB
MemTotal:        1844596 kB
MemFree:          646860 kB
MemAvailable:    1480268 kB
Buffers:           89176 kB
Cached:           768532 kB
MemTotal:        1844596 kB
MemFree:          646860 kB
MemAvailable:    1480268 kB
Buffers:           89176 kB
Cached:           768532 kB
MemTotal:        1844596 kB
MemFree:          645584 kB
MemAvailable:    1478992 kB
Buffers:           89176 kB
Cached:           768532 kB
MemTotal:        1844596 kB
MemFree:          646880 kB
MemAvailable:    1480288 kB
Buffers:           89176 kB
Cached:           768532 kB
MemTotal:        1844596 kB
MemFree:          646724 kB
MemAvailable:    1480132 kB
Buffers:           89176 kB
Cached:           768532 kB
MemTotal:        1844596 kB
MemFree:          646808 kB
MemAvailable:    1480216 kB
Buffers:           89176 kB
Cached:           768532 kB
MemTotal:        1844596 kB
MemFree:          646704 kB
MemAvailable:    1480112 kB
Buffers:           89176 kB
Cached:           768532 kB
MemTotal:        1844596 kB
MemFree:          646960 kB
MemAvailable:    1480368 kB
Buffers:           89176 kB
Cached:           768532 kB
MemTotal:        1844596 kB
MemFree:          645632 kB
MemAvailable:    1479040 kB
Buffers:           89176 kB
Cached:           768532 kB
MemTotal:        1844596 kB
MemFree:          646952 kB
MemAvailable:    1480360 kB
Buffers:           89176 kB
Cached:           768532 kB
MemTotal:        1844596 kB
MemFree:          646148 kB
MemAvailable:    1479556 kB
Buffers:           89176 kB
Cached:           768532 kB
MemTotal:        1844596 kB
MemFree:          644644 kB
MemAvailable:    1478052 kB
Buffers:           89176 kB
Cached:           768532 kB
MemTotal:        1844596 kB
MemFree:          640312 kB
MemAvailable:    1473720 kB
Buffers:           89176 kB
Cached:           768532 kB
MemTotal:        1844596 kB
MemFree:          636964 kB
MemAvailable:    1470372 kB
Buffers:           89176 kB
Cached:           768532 kB
MemTotal:        1844596 kB
MemFree:          636080 kB
MemAvailable:    1469488 kB
Buffers:           89176 kB
Cached:           768532 kB
MemTotal:        1844596 kB
MemFree:          636164 kB
MemAvailable:    1469572 kB
Buffers:           89176 kB
Cached:           768532 kB
MemTotal:        1844596 kB
MemFree:          636084 kB
MemAvailable:    1469492 kB
Buffers:           89176 kB
Cached:           768532 kB
MemTotal:        1844596 kB
MemFree:          635912 kB
MemAvailable:    1469320 kB
Buffers:           89176 kB
Cached:           768532 kB
MemTotal:        1844596 kB
MemFree:          635360 kB
MemAvailable:    1468768 kB
Buffers:           89176 kB
Cached:           768532 kB
MemTotal:        1844596 kB
MemFree:          636396 kB
MemAvailable:    1469808 kB
Buffers:           89176 kB
Cached:           768536 kB
MemTotal:        1844596 kB
MemFree:          636212 kB
MemAvailable:    1469624 kB
Buffers:           89176 kB
Cached:           768536 kB
MemTotal:        1844596 kB
MemFree:          635608 kB
MemAvailable:    1469020 kB
Buffers:           89176 kB
Cached:           768536 kB
MemTotal:        1844596 kB
MemFree:          635924 kB
MemAvailable:    1469336 kB
Buffers:           89176 kB
Cached:           768536 kB
MemTotal:        1844596 kB
MemFree:          634844 kB
MemAvailable:    1468256 kB
Buffers:           89176 kB
Cached:           768536 kB
MemTotal:        1844596 kB
MemFree:          634720 kB
MemAvailable:    1468132 kB
Buffers:           89176 kB
Cached:           768536 kB
MemTotal:        1844596 kB
MemFree:          634704 kB
MemAvailable:    1468116 kB
Buffers:           89176 kB
Cached:           768536 kB
MemTotal:        1844596 kB
MemFree:          634796 kB
MemAvailable:    1468208 kB
Buffers:           89176 kB
Cached:           768536 kB
MemTotal:        1844596 kB
MemFree:          635948 kB
MemAvailable:    1469360 kB
Buffers:           89176 kB
Cached:           768536 kB
MemTotal:        1844596 kB
MemFree:          636024 kB
MemAvailable:    1469436 kB
Buffers:           89176 kB
Cached:           768536 kB
MemTotal:        1844596 kB
MemFree:          636068 kB
MemAvailable:    1469480 kB
Buffers:           89176 kB
Cached:           768536 kB
MemTotal:        1844596 kB
MemFree:          636040 kB
MemAvailable:    1469452 kB
Buffers:           89176 kB
Cached:           768536 kB
MemTotal:        1844596 kB
MemFree:          635972 kB
MemAvailable:    1469384 kB
Buffers:           89176 kB
Cached:           768536 kB
MemTotal:        1844596 kB
MemFree:          634724 kB
MemAvailable:    1468136 kB
Buffers:           89176 kB
Cached:           768536 kB
MemTotal:        1844596 kB
MemFree:          636088 kB
MemAvailable:    1469500 kB
Buffers:           89176 kB
Cached:           768536 kB
MemTotal:        1844596 kB
MemFree:          635916 kB
MemAvailable:    1469328 kB
Buffers:           89176 kB
Cached:           768536 kB
MemTotal:        1844596 kB
MemFree:          636036 kB
MemAvailable:    1469448 kB
Buffers:           89176 kB
Cached:           768536 kB
MemTotal:        1844596 kB
MemFree:          636028 kB
MemAvailable:    1469440 kB
Buffers:           89176 kB
Cached:           768536 kB
MemTotal:        1844596 kB
MemFree:          635948 kB
MemAvailable:    1469360 kB
Buffers:           89176 kB
Cached:           768536 kB
MemTotal:        1844596 kB
MemFree:          635836 kB
MemAvailable:    1469248 kB
Buffers:           89176 kB
Cached:           768536 kB
MemTotal:        1844596 kB
MemFree:          634944 kB
MemAvailable:    1468356 kB
Buffers:           89176 kB
Cached:           768536 kB
MemTotal:        1844596 kB
MemFree:          635956 kB
MemAvailable:    1469368 kB
Buffers:           89176 kB
Cached:           768536 kB
MemTotal:        1844596 kB
MemFree:          635600 kB
MemAvailable:    1469012 kB
Buffers:           89176 kB
Cached:           768536 kB
MemTotal:        1844596 kB
MemFree:          635832 kB
MemAvailable:    1469244 kB
Buffers:           89176 kB
Cached:           768536 kB
MemTotal:        1844596 kB
MemFree:          635976 kB
MemAvailable:    1469388 kB
Buffers:           89176 kB
Cached:           768536 kB
MemTotal:        1844596 kB
MemFree:          636012 kB
MemAvailable:    1469424 kB
Buffers:           89176 kB
Cached:           768536 kB
MemTotal:        1844596 kB
MemFree:          636028 kB
MemAvailable:    1469440 kB
Buffers:           89176 kB
Cached:           768536 kB
MemTotal:        1844596 kB
MemFree:          636028 kB
MemAvailable:    1469440 kB
Buffers:           89176 kB
Cached:           768536 kB
MemTotal:        1844596 kB
MemFree:          635760 kB
MemAvailable:    1469172 kB
Buffers:           89176 kB
Cached:           768536 kB
MemTotal:        1844596 kB
MemFree:          636096 kB
MemAvailable:    1469508 kB
Buffers:           89176 kB
Cached:           768536 kB
MemTotal:        1844596 kB
MemFree:          635904 kB
MemAvailable:    1469316 kB
Buffers:           89176 kB
Cached:           768536 kB
MemTotal:        1844596 kB
MemFree:          635476 kB
MemAvailable:    1468888 kB
Buffers:           89176 kB
Cached:           768536 kB
MemTotal:        1844596 kB
MemFree:          636012 kB
MemAvailable:    1469424 kB
Buffers:           89176 kB
Cached:           768536 kB
MemTotal:        1844596 kB
MemFree:          634960 kB
MemAvailable:    1468372 kB
Buffers:           89176 kB
Cached:           768536 kB
MemTotal:        1844596 kB
MemFree:          635888 kB
MemAvailable:    1469300 kB
Buffers:           89176 kB
Cached:           768536 kB
MemTotal:        1844596 kB
MemFree:          635112 kB
MemAvailable:    1468524 kB
Buffers:           89176 kB
Cached:           768536 kB
MemTotal:        1844596 kB
MemFree:          634600 kB
MemAvailable:    1468012 kB
Buffers:           89176 kB
Cached:           768536 kB
MemTotal:        1844596 kB
MemFree:          634600 kB
MemAvailable:    1468012 kB
Buffers:           89176 kB
Cached:           768536 kB
MemTotal:        1844596 kB
MemFree:          635784 kB
MemAvailable:    1469196 kB
Buffers:           89176 kB
Cached:           768536 kB
MemTotal:        1844596 kB
MemFree:          635724 kB
MemAvailable:    1469136 kB
Buffers:           89176 kB
Cached:           768536 kB
MemTotal:        1844596 kB
MemFree:          634720 kB
MemAvailable:    1468132 kB
Buffers:           89176 kB
Cached:           768536 kB
MemTotal:        1844596 kB
MemFree:          636044 kB
MemAvailable:    1469456 kB
Buffers:           89176 kB
Cached:           768536 kB
MemTotal:        1844596 kB
MemFree:          634856 kB
MemAvailable:    1468268 kB
Buffers:           89176 kB
Cached:           768536 kB
MemTotal:        1844596 kB
MemFree:          634476 kB
MemAvailable:    1467888 kB
Buffers:           89176 kB
Cached:           768536 kB
MemTotal:        1844596 kB
MemFree:          634972 kB
MemAvailable:    1468384 kB
Buffers:           89176 kB
Cached:           768536 kB
MemTotal:        1844596 kB
MemFree:          634972 kB
MemAvailable:    1468384 kB
Buffers:           89176 kB
Cached:           768536 kB
MemTotal:        1844596 kB
MemFree:          633608 kB
MemAvailable:    1467020 kB
Buffers:           89176 kB
Cached:           768536 kB
MemTotal:        1844596 kB
MemFree:          633616 kB
MemAvailable:    1467032 kB
Buffers:           89176 kB
Cached:           768540 kB
MemTotal:        1844596 kB
MemFree:          633740 kB
MemAvailable:    1467156 kB
Buffers:           89176 kB
Cached:           768540 kB
MemTotal:        1844596 kB
MemFree:          633484 kB
MemAvailable:    1466900 kB
Buffers:           89176 kB
Cached:           768540 kB
MemTotal:        1844596 kB
MemFree:          633608 kB
MemAvailable:    1467024 kB
Buffers:           89176 kB
Cached:           768540 kB
MemTotal:        1844596 kB
MemFree:          634840 kB
MemAvailable:    1468256 kB
Buffers:           89176 kB
Cached:           768540 kB
MemTotal:        1844596 kB
MemFree:          634592 kB
MemAvailable:    1468008 kB
Buffers:           89176 kB
Cached:           768540 kB
MemTotal:        1844596 kB
MemFree:          634604 kB
MemAvailable:    1468020 kB
Buffers:           89176 kB
Cached:           768540 kB
MemTotal:        1844596 kB
MemFree:          633172 kB
MemAvailable:    1466588 kB
Buffers:           89176 kB
Cached:           768540 kB
MemTotal:        1844596 kB
MemFree:          634648 kB
MemAvailable:    1468064 kB
Buffers:           89176 kB
Cached:           768540 kB
MemTotal:        1844596 kB
MemFree:          633360 kB
MemAvailable:    1466776 kB
Buffers:           89176 kB
Cached:           768540 kB
MemTotal:        1844596 kB
MemFree:          634424 kB
MemAvailable:    1467840 kB
Buffers:           89176 kB
Cached:           768540 kB
MemTotal:        1844596 kB
MemFree:          633616 kB
MemAvailable:    1467032 kB
Buffers:           89176 kB
Cached:           768540 kB
MemTotal:        1844596 kB
MemFree:          633484 kB
MemAvailable:    1466900 kB
Buffers:           89176 kB
Cached:           768540 kB
MemTotal:        1844596 kB
MemFree:          633476 kB
MemAvailable:    1466892 kB
Buffers:           89176 kB
Cached:           768540 kB
MemTotal:        1844596 kB
MemFree:          633484 kB
MemAvailable:    1466900 kB
Buffers:           89176 kB
Cached:           768540 kB
MemTotal:        1844596 kB
MemFree:          634280 kB
MemAvailable:    1467696 kB
Buffers:           89176 kB
Cached:           768540 kB
MemTotal:        1844596 kB
MemFree:          634352 kB
MemAvailable:    1467768 kB
Buffers:           89176 kB
Cached:           768540 kB
MemTotal:        1844596 kB
MemFree:          633980 kB
MemAvailable:    1467396 kB
Buffers:           89176 kB
Cached:           768540 kB
MemTotal:        1844596 kB
MemFree:          634476 kB
MemAvailable:    1467892 kB
Buffers:           89176 kB
Cached:           768540 kB
MemTotal:        1844596 kB
MemFree:          634444 kB
MemAvailable:    1467860 kB
Buffers:           89176 kB
Cached:           768540 kB
MemTotal:        1844596 kB
MemFree:          633484 kB
MemAvailable:    1466900 kB
Buffers:           89176 kB
Cached:           768540 kB
MemTotal:        1844596 kB
MemFree:          634416 kB
MemAvailable:    1467832 kB
Buffers:           89176 kB
Cached:           768540 kB
MemTotal:        1844596 kB
MemFree:          632748 kB
MemAvailable:    1466164 kB
Buffers:           89176 kB
Cached:           768540 kB
MemTotal:        1844596 kB
MemFree:          626300 kB
MemAvailable:    1459716 kB
Buffers:           89176 kB
Cached:           768540 kB
MemTotal:        1844596 kB
MemFree:          623944 kB
MemAvailable:    1457360 kB
Buffers:           89176 kB
Cached:           768540 kB
MemTotal:        1844596 kB
MemFree:          622332 kB
MemAvailable:    1455748 kB
Buffers:           89176 kB
Cached:           768540 kB
MemTotal:        1844596 kB
MemFree:          623144 kB
MemAvailable:    1456564 kB
Buffers:           89176 kB
Cached:           768544 kB
MemTotal:        1844596 kB
MemFree:          622456 kB
MemAvailable:    1455876 kB
Buffers:           89176 kB
Cached:           768544 kB
MemTotal:        1844596 kB
MemFree:          622772 kB
MemAvailable:    1456192 kB
Buffers:           89176 kB
Cached:           768544 kB
MemTotal:        1844596 kB
MemFree:          622376 kB
MemAvailable:    1455796 kB
Buffers:           89176 kB
Cached:           768544 kB
MemTotal:        1844596 kB
MemFree:          621960 kB
MemAvailable:    1455380 kB
Buffers:           89176 kB
Cached:           768544 kB
MemTotal:        1844596 kB
MemFree:          622328 kB
MemAvailable:    1455748 kB
Buffers:           89176 kB
Cached:           768544 kB
MemTotal:        1844596 kB
MemFree:          621100 kB
MemAvailable:    1454520 kB
Buffers:           89176 kB
Cached:           768544 kB
MemTotal:        1844596 kB
MemFree:          622064 kB
MemAvailable:    1455488 kB
Buffers:           89176 kB
Cached:           768544 kB
MemTotal:        1844596 kB
MemFree:          619976 kB
MemAvailable:    1453400 kB
Buffers:           89176 kB
Cached:           768544 kB
MemTotal:        1844596 kB
MemFree:          620464 kB
MemAvailable:    1453888 kB
Buffers:           89176 kB
Cached:           768544 kB
MemTotal:        1844596 kB
MemFree:          620596 kB
MemAvailable:    1454020 kB
Buffers:           89176 kB
Cached:           768544 kB
MemTotal:        1844596 kB
MemFree:          619216 kB
MemAvailable:    1452640 kB
Buffers:           89176 kB
Cached:           768544 kB
MemTotal:        1844596 kB
MemFree:          619232 kB
MemAvailable:    1452656 kB
Buffers:           89176 kB
Cached:           768544 kB
MemTotal:        1844596 kB
MemFree:          619176 kB
MemAvailable:    1452600 kB
Buffers:           89176 kB
Cached:           768544 kB
MemTotal:        1844596 kB
MemFree:          618948 kB
MemAvailable:    1452372 kB
Buffers:           89176 kB
Cached:           768544 kB
MemTotal:        1844596 kB
MemFree:          619284 kB
MemAvailable:    1452708 kB
Buffers:           89176 kB
Cached:           768544 kB
MemTotal:        1844596 kB
MemFree:          619160 kB
MemAvailable:    1452584 kB
Buffers:           89176 kB
Cached:           768544 kB
MemTotal:        1844596 kB
MemFree:          619116 kB
MemAvailable:    1452540 kB
Buffers:           89176 kB
Cached:           768544 kB
MemTotal:        1844596 kB
MemFree:          619112 kB
MemAvailable:    1452536 kB
Buffers:           89176 kB
Cached:           768544 kB
MemTotal:        1844596 kB
MemFree:          619408 kB
MemAvailable:    1452832 kB
Buffers:           89176 kB
Cached:           768544 kB
MemTotal:        1844596 kB
MemFree:          619304 kB
MemAvailable:    1452728 kB
Buffers:           89176 kB
Cached:           768544 kB
MemTotal:        1844596 kB
MemFree:          619144 kB
MemAvailable:    1452568 kB
Buffers:           89176 kB
Cached:           768544 kB
MemTotal:        1844596 kB
MemFree:          617844 kB
MemAvailable:    1451268 kB
Buffers:           89176 kB
Cached:           768544 kB
MemTotal:        1844596 kB
MemFree:          617928 kB
MemAvailable:    1451352 kB
Buffers:           89176 kB
Cached:           768544 kB
MemTotal:        1844596 kB
MemFree:          618912 kB
MemAvailable:    1452336 kB
Buffers:           89176 kB
Cached:           768544 kB
MemTotal:        1844596 kB
MemFree:          618604 kB
MemAvailable:    1452028 kB
Buffers:           89176 kB
Cached:           768544 kB
MemTotal:        1844596 kB
MemFree:          618240 kB
MemAvailable:    1451664 kB
Buffers:           89176 kB
Cached:           768544 kB
MemTotal:        1844596 kB
MemFree:          617308 kB
MemAvailable:    1450732 kB
Buffers:           89176 kB
Cached:           768544 kB
MemTotal:        1844596 kB
MemFree:          616936 kB
MemAvailable:    1450360 kB
Buffers:           89176 kB
Cached:           768544 kB
MemTotal:        1844596 kB
MemFree:          617108 kB
MemAvailable:    1450532 kB
Buffers:           89176 kB
Cached:           768544 kB
MemTotal:        1844596 kB
MemFree:          615832 kB
MemAvailable:    1449256 kB
Buffers:           89176 kB
Cached:           768544 kB
MemTotal:        1844596 kB
MemFree:          616488 kB
MemAvailable:    1449912 kB
Buffers:           89176 kB
Cached:           768544 kB
MemTotal:        1844596 kB
MemFree:          616008 kB
MemAvailable:    1449432 kB
Buffers:           89176 kB
Cached:           768544 kB
MemTotal:        1844596 kB
MemFree:          614636 kB
MemAvailable:    1448060 kB
Buffers:           89176 kB
Cached:           768544 kB
MemTotal:        1844596 kB
MemFree:          614644 kB
MemAvailable:    1448068 kB
Buffers:           89176 kB
Cached:           768544 kB
MemTotal:        1844596 kB
MemFree:          615944 kB
MemAvailable:    1449368 kB
Buffers:           89176 kB
Cached:           768544 kB
MemTotal:        1844596 kB
MemFree:          614148 kB
MemAvailable:    1447572 kB
Buffers:           89176 kB
Cached:           768544 kB
MemTotal:        1844596 kB
MemFree:          615124 kB
MemAvailable:    1448548 kB
Buffers:           89176 kB
Cached:           768544 kB
MemTotal:        1844596 kB
MemFree:          615208 kB
MemAvailable:    1448632 kB
Buffers:           89176 kB
Cached:           768544 kB
MemTotal:        1844596 kB
MemFree:          614996 kB
MemAvailable:    1448420 kB
Buffers:           89176 kB
Cached:           768544 kB
MemTotal:        1844596 kB
MemFree:          615024 kB
MemAvailable:    1448448 kB
Buffers:           89176 kB
Cached:           768544 kB
MemTotal:        1844596 kB
MemFree:          614968 kB
MemAvailable:    1448392 kB
Buffers:           89176 kB
Cached:           768544 kB
MemTotal:        1844596 kB
MemFree:          613764 kB
MemAvailable:    1447188 kB
Buffers:           89176 kB
Cached:           768544 kB
MemTotal:        1844596 kB
MemFree:          613888 kB
MemAvailable:    1447320 kB
Buffers:           89176 kB
Cached:           768552 kB
MemTotal:        1844596 kB
MemFree:          615064 kB
MemAvailable:    1448496 kB
Buffers:           89176 kB
Cached:           768552 kB
MemTotal:        1844596 kB
MemFree:          613756 kB
MemAvailable:    1447188 kB
Buffers:           89176 kB
Cached:           768552 kB
MemTotal:        1844596 kB
MemFree:          613860 kB
MemAvailable:    1447292 kB
Buffers:           89176 kB
Cached:           768552 kB
MemTotal:        1844596 kB
MemFree:          614960 kB
MemAvailable:    1448392 kB
Buffers:           89176 kB
Cached:           768552 kB
MemTotal:        1844596 kB
MemFree:          614960 kB
MemAvailable:    1448392 kB
Buffers:           89176 kB
Cached:           768552 kB
MemTotal:        1844596 kB
MemFree:          613472 kB
MemAvailable:    1446904 kB
Buffers:           89176 kB
Cached:           768552 kB
MemTotal:        1844596 kB
MemFree:          613472 kB
MemAvailable:    1446904 kB
Buffers:           89176 kB
Cached:           768552 kB
MemTotal:        1844596 kB
MemFree:          613596 kB
MemAvailable:    1447028 kB
Buffers:           89176 kB
Cached:           768552 kB
MemTotal:        1844596 kB
MemFree:          614808 kB
MemAvailable:    1448240 kB
Buffers:           89176 kB
Cached:           768552 kB
MemTotal:        1844596 kB
MemFree:          614736 kB
MemAvailable:    1448168 kB
Buffers:           89176 kB
Cached:           768552 kB
MemTotal:        1844596 kB
MemFree:          614988 kB
MemAvailable:    1448420 kB
Buffers:           89176 kB
Cached:           768552 kB
MemTotal:        1844596 kB
MemFree:          613520 kB
MemAvailable:    1446952 kB
Buffers:           89176 kB
Cached:           768552 kB
MemTotal:        1844596 kB
MemFree:          613604 kB
MemAvailable:    1447036 kB
Buffers:           89176 kB
Cached:           768552 kB
MemTotal:        1844596 kB
MemFree:          613588 kB
MemAvailable:    1447020 kB
Buffers:           89176 kB
Cached:           768552 kB
MemTotal:        1844596 kB
MemFree:          613640 kB
MemAvailable:    1447072 kB
Buffers:           89176 kB
Cached:           768552 kB
MemTotal:        1844596 kB
MemFree:          613640 kB
MemAvailable:    1447072 kB
Buffers:           89176 kB
Cached:           768552 kB
MemTotal:        1844596 kB
MemFree:          614616 kB
MemAvailable:    1448048 kB
Buffers:           89176 kB
Cached:           768552 kB
MemTotal:        1844596 kB
MemFree:          614952 kB
MemAvailable:    1448384 kB
Buffers:           89176 kB
Cached:           768552 kB
MemTotal:        1844596 kB
MemFree:          613512 kB
MemAvailable:    1446944 kB
Buffers:           89176 kB
Cached:           768552 kB
MemTotal:        1844596 kB
MemFree:          613596 kB
MemAvailable:    1447028 kB
Buffers:           89176 kB
Cached:           768552 kB
MemTotal:        1844596 kB
MemFree:          613284 kB
MemAvailable:    1446716 kB
Buffers:           89176 kB
Cached:           768552 kB
MemTotal:        1844596 kB
MemFree:          612268 kB
MemAvailable:    1445700 kB
Buffers:           89176 kB
Cached:           768552 kB
MemTotal:        1844596 kB
MemFree:          611916 kB
MemAvailable:    1445348 kB
Buffers:           89176 kB
Cached:           768552 kB
MemTotal:        1844596 kB
MemFree:          611092 kB
MemAvailable:    1444524 kB
Buffers:           89176 kB
Cached:           768552 kB
MemTotal:        1844596 kB
MemFree:          608188 kB
MemAvailable:    1441620 kB
Buffers:           89176 kB
Cached:           768552 kB
MemTotal:        1844596 kB
MemFree:          607956 kB
MemAvailable:    1441388 kB
Buffers:           89176 kB
Cached:           768552 kB
MemTotal:        1844596 kB
MemFree:          605096 kB
MemAvailable:    1438528 kB
Buffers:           89176 kB
Cached:           768552 kB
MemTotal:        1844596 kB
MemFree:          601376 kB
MemAvailable:    1434808 kB
Buffers:           89176 kB
Cached:           768552 kB
MemTotal:        1844596 kB
MemFree:          597400 kB
MemAvailable:    1430832 kB
Buffers:           89176 kB
Cached:           768552 kB
MemTotal:        1844596 kB
MemFree:          597540 kB
MemAvailable:    1430972 kB
Buffers:           89176 kB
Cached:           768552 kB
MemTotal:        1844596 kB
MemFree:          596664 kB
MemAvailable:    1430096 kB
Buffers:           89176 kB
Cached:           768552 kB
MemTotal:        1844596 kB
MemFree:          596268 kB
MemAvailable:    1429700 kB
Buffers:           89176 kB
Cached:           768552 kB
MemTotal:        1844596 kB
MemFree:          596236 kB
MemAvailable:    1429668 kB
Buffers:           89176 kB
Cached:           768552 kB
MemTotal:        1844596 kB
MemFree:          594860 kB
MemAvailable:    1428292 kB
Buffers:           89176 kB
Cached:           768552 kB
MemTotal:        1844596 kB
MemFree:          594984 kB
MemAvailable:    1428416 kB
Buffers:           89176 kB
Cached:           768552 kB
MemTotal:        1844596 kB
MemFree:          595232 kB
MemAvailable:    1428664 kB
Buffers:           89176 kB
Cached:           768552 kB
MemTotal:        1844596 kB
MemFree:          596224 kB
MemAvailable:    1429656 kB
Buffers:           89176 kB
Cached:           768552 kB
MemTotal:        1844596 kB
MemFree:          595300 kB
MemAvailable:    1428732 kB
Buffers:           89176 kB
Cached:           768552 kB
MemTotal:        1844596 kB
MemFree:          596024 kB
MemAvailable:    1429456 kB
Buffers:           89176 kB
Cached:           768552 kB
MemTotal:        1844596 kB
MemFree:          594792 kB
MemAvailable:    1428224 kB
Buffers:           89176 kB
Cached:           768552 kB
MemTotal:        1844596 kB
MemFree:          596160 kB
MemAvailable:    1429592 kB
Buffers:           89176 kB
Cached:           768552 kB
MemTotal:        1844596 kB
MemFree:          596244 kB
MemAvailable:    1429676 kB
Buffers:           89176 kB
Cached:           768552 kB
MemTotal:        1844596 kB
MemFree:          595600 kB
MemAvailable:    1429032 kB
Buffers:           89176 kB
Cached:           768552 kB
MemTotal:        1844596 kB
MemFree:          594308 kB
MemAvailable:    1427740 kB
Buffers:           89176 kB
Cached:           768552 kB
MemTotal:        1844596 kB
MemFree:          594136 kB
MemAvailable:    1427568 kB
Buffers:           89176 kB
Cached:           768552 kB
MemTotal:        1844596 kB
MemFree:          595196 kB
MemAvailable:    1428628 kB
Buffers:           89176 kB
Cached:           768552 kB
MemTotal:        1844596 kB
MemFree:          594004 kB
MemAvailable:    1427436 kB
Buffers:           89176 kB
Cached:           768552 kB
MemTotal:        1844596 kB
MemFree:          594004 kB
MemAvailable:    1427436 kB
Buffers:           89176 kB
Cached:           768552 kB
MemTotal:        1844596 kB
MemFree:          594004 kB
MemAvailable:    1427436 kB
Buffers:           89176 kB
Cached:           768552 kB
MemTotal:        1844596 kB
MemFree:          594120 kB
MemAvailable:    1427552 kB
Buffers:           89176 kB
Cached:           768552 kB
MemTotal:        1844596 kB
MemFree:          593996 kB
MemAvailable:    1427428 kB
Buffers:           89176 kB
Cached:           768552 kB
MemTotal:        1844596 kB
MemFree:          595316 kB
MemAvailable:    1428748 kB
Buffers:           89176 kB
Cached:           768552 kB
MemTotal:        1844596 kB
MemFree:          594184 kB
MemAvailable:    1427616 kB
Buffers:           89176 kB
Cached:           768552 kB
MemTotal:        1844596 kB
MemFree:          595044 kB
MemAvailable:    1428480 kB
Buffers:           89176 kB
Cached:           768556 kB
MemTotal:        1844596 kB
MemFree:          595300 kB
MemAvailable:    1428736 kB
Buffers:           89176 kB
Cached:           768556 kB
MemTotal:        1844596 kB
MemFree:          595292 kB
MemAvailable:    1428728 kB
Buffers:           89176 kB
Cached:           768556 kB
MemTotal:        1844596 kB
MemFree:          595504 kB
MemAvailable:    1428940 kB
Buffers:           89176 kB
Cached:           768556 kB
MemTotal:        1844596 kB
MemFree:          595188 kB
MemAvailable:    1428624 kB
Buffers:           89176 kB
Cached:           768556 kB
MemTotal:        1844596 kB
MemFree:          594004 kB
MemAvailable:    1427440 kB
Buffers:           89176 kB
Cached:           768556 kB
MemTotal:        1844596 kB
MemFree:          593880 kB
MemAvailable:    1427316 kB
Buffers:           89176 kB
Cached:           768556 kB
MemTotal:        1844596 kB
MemFree:          595432 kB
MemAvailable:    1428868 kB
Buffers:           89176 kB
Cached:           768556 kB
MemTotal:        1844596 kB
MemFree:          595600 kB
MemAvailable:    1429036 kB
Buffers:           89176 kB
Cached:           768556 kB
MemTotal:        1844596 kB
MemFree:          592200 kB
MemAvailable:    1425636 kB
Buffers:           89176 kB
Cached:           768556 kB
MemTotal:        1844596 kB
MemFree:          591076 kB
MemAvailable:    1424512 kB
Buffers:           89176 kB
Cached:           768556 kB
MemTotal:        1844596 kB
MemFree:          585736 kB
MemAvailable:    1419172 kB
Buffers:           89176 kB
Cached:           768556 kB
MemTotal:        1844596 kB
MemFree:          585948 kB
MemAvailable:    1419384 kB
Buffers:           89176 kB
Cached:           768556 kB
MemTotal:        1844596 kB
MemFree:          581040 kB
MemAvailable:    1414476 kB
Buffers:           89176 kB
Cached:           768556 kB
MemTotal:        1844596 kB
MemFree:          577568 kB
MemAvailable:    1411004 kB
Buffers:           89176 kB
Cached:           768556 kB
MemTotal:        1844596 kB
MemFree:          575956 kB
MemAvailable:    1409392 kB
Buffers:           89176 kB
Cached:           768556 kB
MemTotal:        1844596 kB
MemFree:          575948 kB
MemAvailable:    1409384 kB
Buffers:           89176 kB
Cached:           768556 kB
MemTotal:        1844596 kB
MemFree:          577148 kB
MemAvailable:    1410588 kB
Buffers:           89176 kB
Cached:           768560 kB
MemTotal:        1844596 kB
MemFree:          577148 kB
MemAvailable:    1410588 kB
Buffers:           89176 kB
Cached:           768560 kB
MemTotal:        1844596 kB
MemFree:          576908 kB
MemAvailable:    1410348 kB
Buffers:           89176 kB
Cached:           768560 kB
MemTotal:        1844596 kB
MemFree:          575828 kB
MemAvailable:    1409268 kB
Buffers:           89176 kB
Cached:           768560 kB
MemTotal:        1844596 kB
MemFree:          577052 kB
MemAvailable:    1410492 kB
Buffers:           89176 kB
Cached:           768560 kB
MemTotal:        1844596 kB
MemFree:          576308 kB
MemAvailable:    1409748 kB
Buffers:           89176 kB
Cached:           768560 kB
MemTotal:        1844596 kB
MemFree:          575696 kB
MemAvailable:    1409136 kB
Buffers:           89176 kB
Cached:           768560 kB
MemTotal:        1844596 kB
MemFree:          577020 kB
MemAvailable:    1410460 kB
Buffers:           89176 kB
Cached:           768560 kB
MemTotal:        1844596 kB
MemFree:          576112 kB
MemAvailable:    1409552 kB
Buffers:           89176 kB
Cached:           768560 kB
MemTotal:        1844596 kB
MemFree:          575812 kB
MemAvailable:    1409252 kB
Buffers:           89176 kB
Cached:           768560 kB
MemTotal:        1844596 kB
MemFree:          576244 kB
MemAvailable:    1409684 kB
Buffers:           89176 kB
Cached:           768560 kB
MemTotal:        1844596 kB
MemFree:          576900 kB
MemAvailable:    1410344 kB
Buffers:           89176 kB
Cached:           768564 kB
MemTotal:        1844596 kB
MemFree:          577236 kB
MemAvailable:    1410680 kB
Buffers:           89176 kB
Cached:           768564 kB
MemTotal:        1844596 kB
MemFree:          575864 kB
MemAvailable:    1409308 kB
Buffers:           89176 kB
Cached:           768564 kB
MemTotal:        1844596 kB
MemFree:          575740 kB
MemAvailable:    1409184 kB
Buffers:           89176 kB
Cached:           768564 kB
MemTotal:        1844596 kB
MemFree:          575708 kB
MemAvailable:    1409152 kB
Buffers:           89176 kB
Cached:           768564 kB
MemTotal:        1844596 kB
MemFree:          577008 kB
MemAvailable:    1410452 kB
Buffers:           89176 kB
Cached:           768564 kB
MemTotal:        1844596 kB
MemFree:          576120 kB
MemAvailable:    1409564 kB
Buffers:           89176 kB
Cached:           768564 kB
MemTotal:        1844596 kB
MemFree:          577404 kB
MemAvailable:    1410848 kB
Buffers:           89176 kB
Cached:           768564 kB
MemTotal:        1844596 kB
MemFree:          577352 kB
MemAvailable:    1410796 kB
Buffers:           89176 kB
Cached:           768564 kB
MemTotal:        1844596 kB
MemFree:          576924 kB
MemAvailable:    1410368 kB
Buffers:           89176 kB
Cached:           768564 kB
MemTotal:        1844596 kB
MemFree:          576988 kB
MemAvailable:    1410432 kB
Buffers:           89176 kB
Cached:           768564 kB
MemTotal:        1844596 kB
MemFree:          577100 kB
MemAvailable:    1410544 kB
Buffers:           89176 kB
Cached:           768564 kB
MemTotal:        1844596 kB
MemFree:          576928 kB
MemAvailable:    1410372 kB
Buffers:           89176 kB
Cached:           768564 kB
MemTotal:        1844596 kB
MemFree:          577040 kB
MemAvailable:    1410484 kB
Buffers:           89176 kB
Cached:           768564 kB
MemTotal:        1844596 kB
MemFree:          575808 kB
MemAvailable:    1409252 kB
Buffers:           89176 kB
Cached:           768564 kB
MemTotal:        1844596 kB
MemFree:          575976 kB
MemAvailable:    1409420 kB
Buffers:           89176 kB
Cached:           768564 kB
MemTotal:        1844596 kB
MemFree:          576368 kB
MemAvailable:    1409812 kB
Buffers:           89176 kB
Cached:           768564 kB
MemTotal:        1844596 kB
MemFree:          576932 kB
MemAvailable:    1410376 kB
Buffers:           89176 kB
Cached:           768564 kB
MemTotal:        1844596 kB
MemFree:          577268 kB
MemAvailable:    1410712 kB
Buffers:           89176 kB
Cached:           768564 kB
MemTotal:        1844596 kB
MemFree:          575952 kB
MemAvailable:    1409396 kB
Buffers:           89176 kB
Cached:           768564 kB
MemTotal:        1844596 kB
MemFree:          577312 kB
MemAvailable:    1410756 kB
Buffers:           89176 kB
Cached:           768564 kB
MemTotal:        1844596 kB
MemFree:          576492 kB
MemAvailable:    1409936 kB
Buffers:           89176 kB
Cached:           768564 kB
MemTotal:        1844596 kB
MemFree:          577692 kB
MemAvailable:    1411136 kB
Buffers:           89176 kB
Cached:           768564 kB
MemTotal:        1844596 kB
MemFree:          576236 kB
MemAvailable:    1409680 kB
Buffers:           89176 kB
Cached:           768564 kB
MemTotal:        1844596 kB
MemFree:          575748 kB
MemAvailable:    1409192 kB
Buffers:           89176 kB
Cached:           768564 kB
MemTotal:        1844596 kB
MemFree:          570912 kB
MemAvailable:    1404356 kB
Buffers:           89176 kB
Cached:           768564 kB
MemTotal:        1844596 kB
MemFree:          567688 kB
MemAvailable:    1401132 kB
Buffers:           89176 kB
Cached:           768564 kB
MemTotal:        1844596 kB
MemFree:          562976 kB
MemAvailable:    1396420 kB
Buffers:           89176 kB
Cached:           768564 kB
MemTotal:        1844596 kB
MemFree:          559504 kB
MemAvailable:    1392948 kB
Buffers:           89176 kB
Cached:           768564 kB
MemTotal:        1844596 kB
MemFree:          559736 kB
MemAvailable:    1393180 kB
Buffers:           89176 kB
Cached:           768564 kB
MemTotal:        1844596 kB
MemFree:          559988 kB
MemAvailable:    1393432 kB
Buffers:           89176 kB
Cached:           768564 kB
MemTotal:        1844596 kB
MemFree:          559696 kB
MemAvailable:    1393140 kB
Buffers:           89176 kB
Cached:           768564 kB
MemTotal:        1844596 kB
MemFree:          558936 kB
MemAvailable:    1392380 kB
Buffers:           89176 kB
Cached:           768564 kB
MemTotal:        1844596 kB
MemFree:          558936 kB
MemAvailable:    1392380 kB
Buffers:           89176 kB
Cached:           768564 kB
MemTotal:        1844596 kB
MemFree:          558764 kB
MemAvailable:    1392208 kB
Buffers:           89176 kB
Cached:           768564 kB
MemTotal:        1844596 kB
MemFree:          558860 kB
MemAvailable:    1392304 kB
Buffers:           89176 kB
Cached:           768564 kB
MemTotal:        1844596 kB
MemFree:          558752 kB
MemAvailable:    1392196 kB
Buffers:           89176 kB
Cached:           768564 kB
MemTotal:        1844596 kB
MemFree:          558760 kB
MemAvailable:    1392204 kB
Buffers:           89176 kB
Cached:           768564 kB
MemTotal:        1844596 kB
MemFree:          557472 kB
MemAvailable:    1390916 kB
Buffers:           89176 kB
Cached:           768564 kB
MemTotal:        1844596 kB
MemFree:          558688 kB
MemAvailable:    1392132 kB
Buffers:           89176 kB
Cached:           768564 kB
MemTotal:        1844596 kB
MemFree:          558556 kB
MemAvailable:    1392000 kB
Buffers:           89176 kB
Cached:           768564 kB
MemTotal:        1844596 kB
MemFree:          558184 kB
MemAvailable:    1391628 kB
Buffers:           89176 kB
Cached:           768564 kB
MemTotal:        1844596 kB
MemFree:          558016 kB
MemAvailable:    1391460 kB
Buffers:           89176 kB
Cached:           768564 kB
MemTotal:        1844596 kB
MemFree:          558016 kB
MemAvailable:    1391460 kB
Buffers:           89176 kB
Cached:           768564 kB
MemTotal:        1844596 kB
MemFree:          556396 kB
MemAvailable:    1389840 kB
Buffers:           89176 kB
Cached:           768564 kB
MemTotal:        1844596 kB
MemFree:          557760 kB
MemAvailable:    1391204 kB
Buffers:           89176 kB
Cached:           768564 kB
MemTotal:        1844596 kB
MemFree:          556396 kB
MemAvailable:    1389840 kB
Buffers:           89176 kB
Cached:           768564 kB
MemTotal:        1844596 kB
MemFree:          556148 kB
MemAvailable:    1389592 kB
Buffers:           89176 kB
Cached:           768564 kB
MemTotal:        1844596 kB
MemFree:          556080 kB
MemAvailable:    1389524 kB
Buffers:           89176 kB
Cached:           768564 kB
MemTotal:        1844596 kB
MemFree:          556416 kB
MemAvailable:    1389860 kB
Buffers:           89176 kB
Cached:           768564 kB
MemTotal:        1844596 kB
MemFree:          555032 kB
MemAvailable:    1388476 kB
Buffers:           89176 kB
Cached:           768564 kB
MemTotal:        1844596 kB
MemFree:          555032 kB
MemAvailable:    1388476 kB
Buffers:           89176 kB
Cached:           768564 kB
MemTotal:        1844596 kB
MemFree:          553924 kB
MemAvailable:    1387368 kB
Buffers:           89176 kB
Cached:           768564 kB
MemTotal:        1844596 kB
MemFree:          553116 kB
MemAvailable:    1386560 kB
Buffers:           89176 kB
Cached:           768564 kB
MemTotal:        1844596 kB
MemFree:          552912 kB
MemAvailable:    1386356 kB
Buffers:           89176 kB
Cached:           768564 kB
MemTotal:        1844596 kB
MemFree:          551692 kB
MemAvailable:    1385136 kB
Buffers:           89176 kB
Cached:           768564 kB
MemTotal:        1844596 kB
MemFree:          552504 kB
MemAvailable:    1385952 kB
Buffers:           89176 kB
Cached:           768568 kB
MemTotal:        1844596 kB
MemFree:          552840 kB
MemAvailable:    1386288 kB
Buffers:           89176 kB
Cached:           768568 kB
MemTotal:        1844596 kB
MemFree:          552924 kB
MemAvailable:    1386372 kB
Buffers:           89176 kB
Cached:           768568 kB
MemTotal:        1844596 kB
MemFree:          551948 kB
MemAvailable:    1385396 kB
Buffers:           89176 kB
Cached:           768568 kB
MemTotal:        1844596 kB
MemFree:          552544 kB
MemAvailable:    1385992 kB
Buffers:           89176 kB
Cached:           768568 kB
MemTotal:        1844596 kB
MemFree:          552796 kB
MemAvailable:    1386244 kB
Buffers:           89176 kB
Cached:           768568 kB
MemTotal:        1844596 kB
MemFree:          551072 kB
MemAvailable:    1384520 kB
Buffers:           89176 kB
Cached:           768568 kB
MemTotal:        1844596 kB
MemFree:          550328 kB
MemAvailable:    1383776 kB
Buffers:           89176 kB
Cached:           768568 kB
MemTotal:        1844596 kB
MemFree:          551048 kB
MemAvailable:    1384496 kB
Buffers:           89176 kB
Cached:           768568 kB
MemTotal:        1844596 kB
MemFree:          550452 kB
MemAvailable:    1383900 kB
Buffers:           89176 kB
Cached:           768568 kB
MemTotal:        1844596 kB
MemFree:          551032 kB
MemAvailable:    1384484 kB
Buffers:           89176 kB
Cached:           768572 kB
MemTotal:        1844596 kB
MemFree:          550940 kB
MemAvailable:    1384392 kB
Buffers:           89176 kB
Cached:           768572 kB
MemTotal:        1844596 kB
MemFree:          551196 kB
MemAvailable:    1384648 kB
Buffers:           89176 kB
Cached:           768572 kB
MemTotal:        1844596 kB
MemFree:          549948 kB
MemAvailable:    1383400 kB
Buffers:           89176 kB
Cached:           768572 kB
MemTotal:        1844596 kB
MemFree:          549784 kB
MemAvailable:    1383236 kB
Buffers:           89176 kB
Cached:           768572 kB
MemTotal:        1844596 kB
MemFree:          551272 kB
MemAvailable:    1384724 kB
Buffers:           89176 kB
Cached:           768572 kB
MemTotal:        1844596 kB
MemFree:          551148 kB
MemAvailable:    1384600 kB
Buffers:           89176 kB
Cached:           768572 kB
MemTotal:        1844596 kB
MemFree:          549696 kB
MemAvailable:    1383148 kB
Buffers:           89176 kB
Cached:           768572 kB
MemTotal:        1844596 kB
MemFree:          550948 kB
MemAvailable:    1384400 kB
Buffers:           89176 kB
Cached:           768572 kB
MemTotal:        1844596 kB
MemFree:          551008 kB
MemAvailable:    1384460 kB
Buffers:           89176 kB
Cached:           768572 kB
MemTotal:        1844596 kB
MemFree:          549700 kB
MemAvailable:    1383152 kB
Buffers:           89176 kB
Cached:           768572 kB
MemTotal:        1844596 kB
MemFree:          550940 kB
MemAvailable:    1384392 kB
Buffers:           89176 kB
Cached:           768572 kB
MemTotal:        1844596 kB
MemFree:          551276 kB
MemAvailable:    1384728 kB
Buffers:           89176 kB
Cached:           768572 kB
MemTotal:        1844596 kB
MemFree:          549660 kB
MemAvailable:    1383112 kB
Buffers:           89176 kB
Cached:           768572 kB
MemTotal:        1844596 kB
MemFree:          550952 kB
MemAvailable:    1384404 kB
Buffers:           89176 kB
Cached:           768572 kB
MemTotal:        1844596 kB
MemFree:          550880 kB
MemAvailable:    1384332 kB
Buffers:           89176 kB
Cached:           768572 kB
MemTotal:        1844596 kB
MemFree:          551132 kB
MemAvailable:    1384584 kB
Buffers:           89176 kB
Cached:           768572 kB
MemTotal:        1844596 kB
MemFree:          551196 kB
MemAvailable:    1384648 kB
Buffers:           89176 kB
Cached:           768572 kB
MemTotal:        1844596 kB
MemFree:          551000 kB
MemAvailable:    1384452 kB
Buffers:           89176 kB
Cached:           768572 kB
MemTotal:        1844596 kB
MemFree:          551120 kB
MemAvailable:    1384572 kB
Buffers:           89176 kB
Cached:           768572 kB
MemTotal:        1844596 kB
MemFree:          549548 kB
MemAvailable:    1383000 kB
Buffers:           89176 kB
Cached:           768572 kB
MemTotal:        1844596 kB
MemFree:          549936 kB
MemAvailable:    1383388 kB
Buffers:           89176 kB
Cached:           768572 kB
MemTotal:        1844596 kB
MemFree:          549804 kB
MemAvailable:    1383256 kB
Buffers:           89176 kB
Cached:           768572 kB
MemTotal:        1844596 kB
MemFree:          551048 kB
MemAvailable:    1384500 kB
Buffers:           89176 kB
Cached:           768572 kB
MemTotal:        1844596 kB
MemFree:          550204 kB
MemAvailable:    1383656 kB
Buffers:           89176 kB
Cached:           768572 kB
MemTotal:        1844596 kB
MemFree:          550888 kB
MemAvailable:    1384340 kB
Buffers:           89176 kB
Cached:           768572 kB
MemTotal:        1844596 kB
MemFree:          551144 kB
MemAvailable:    1384596 kB
Buffers:           89176 kB
Cached:           768572 kB
MemTotal:        1844596 kB
MemFree:          549648 kB
MemAvailable:    1383100 kB
Buffers:           89176 kB
Cached:           768572 kB
MemTotal:        1844596 kB
MemFree:          551056 kB
MemAvailable:    1384508 kB
Buffers:           89176 kB
Cached:           768572 kB
MemTotal:        1844596 kB
MemFree:          550944 kB
MemAvailable:    1384396 kB
Buffers:           89176 kB
Cached:           768572 kB
MemTotal:        1844596 kB
MemFree:          549804 kB
MemAvailable:    1383256 kB
Buffers:           89176 kB
Cached:           768572 kB
MemTotal:        1844596 kB
MemFree:          549632 kB
MemAvailable:    1383084 kB
Buffers:           89176 kB
Cached:           768572 kB
MemTotal:        1844596 kB
MemFree:          549708 kB
MemAvailable:    1383160 kB
Buffers:           89176 kB
Cached:           768572 kB
MemTotal:        1844596 kB
MemFree:          550808 kB
MemAvailable:    1384260 kB
Buffers:           89176 kB
Cached:           768572 kB
MemTotal:        1844596 kB
MemFree:          551144 kB
MemAvailable:    1384596 kB
Buffers:           89176 kB
Cached:           768572 kB
MemTotal:        1844596 kB
MemFree:          551060 kB
MemAvailable:    1384512 kB
Buffers:           89176 kB
Cached:           768572 kB
MemTotal:        1844596 kB
MemFree:          549648 kB
MemAvailable:    1383100 kB
Buffers:           89176 kB
Cached:           768572 kB
MemTotal:        1844596 kB
MemFree:          551172 kB
MemAvailable:    1384624 kB
Buffers:           89176 kB
Cached:           768572 kB
MemTotal:        1844596 kB
MemFree:          551044 kB
MemAvailable:    1384496 kB
Buffers:           89176 kB
Cached:           768572 kB
MemTotal:        1844596 kB
MemFree:          550832 kB
MemAvailable:    1384284 kB
Buffers:           89176 kB
Cached:           768572 kB
MemTotal:        1844596 kB
MemFree:          549264 kB
MemAvailable:    1382716 kB
Buffers:           89176 kB
Cached:           768572 kB
MemTotal:        1844596 kB
MemFree:          546300 kB
MemAvailable:    1379752 kB
Buffers:           89176 kB
Cached:           768572 kB
MemTotal:        1844596 kB
MemFree:          543800 kB
MemAvailable:    1377252 kB
Buffers:           89176 kB
Cached:           768572 kB
MemTotal:        1844596 kB
MemFree:          540028 kB
MemAvailable:    1373480 kB
Buffers:           89176 kB
Cached:           768572 kB
MemTotal:        1844596 kB
MemFree:          539920 kB
MemAvailable:    1373372 kB
Buffers:           89176 kB
Cached:           768572 kB
MemTotal:        1844596 kB
MemFree:          536068 kB
MemAvailable:    1369520 kB
Buffers:           89176 kB
Cached:           768572 kB
MemTotal:        1844596 kB
MemFree:          532596 kB
MemAvailable:    1366048 kB
Buffers:           89176 kB
Cached:           768572 kB
MemTotal:        1844596 kB
MemFree:          530736 kB
MemAvailable:    1364188 kB
Buffers:           89176 kB
Cached:           768572 kB
MemTotal:        1844596 kB
MemFree:          532100 kB
MemAvailable:    1365552 kB
Buffers:           89176 kB
Cached:           768572 kB
MemTotal:        1844596 kB
MemFree:          531968 kB
MemAvailable:    1365420 kB
Buffers:           89176 kB
Cached:           768572 kB
MemTotal:        1844596 kB
MemFree:          531580 kB
MemAvailable:    1365032 kB
Buffers:           89176 kB
Cached:           768572 kB
MemTotal:        1844596 kB
MemFree:          531232 kB
MemAvailable:    1364684 kB
Buffers:           89176 kB
Cached:           768572 kB
MemTotal:        1844596 kB
MemFree:          531548 kB
MemAvailable:    1365000 kB
Buffers:           89176 kB
Cached:           768572 kB
MemTotal:        1844596 kB
MemFree:          530304 kB
MemAvailable:    1363756 kB
Buffers:           89176 kB
Cached:           768572 kB
MemTotal:        1844596 kB
MemFree:          530340 kB
MemAvailable:    1363792 kB
Buffers:           89176 kB
Cached:           768572 kB
MemTotal:        1844596 kB
MemFree:          531308 kB
MemAvailable:    1364760 kB
Buffers:           89176 kB
Cached:           768572 kB
MemTotal:        1844596 kB
MemFree:          531644 kB
MemAvailable:    1365096 kB
Buffers:           89176 kB
Cached:           768572 kB
MemTotal:        1844596 kB
MemFree:          531436 kB
MemAvailable:    1364888 kB
Buffers:           89176 kB
Cached:           768572 kB
MemTotal:        1844596 kB
MemFree:          531436 kB
MemAvailable:    1364888 kB
Buffers:           89176 kB
Cached:           768572 kB
MemTotal:        1844596 kB
MemFree:          531392 kB
MemAvailable:    1364844 kB
Buffers:           89176 kB
Cached:           768572 kB
MemTotal:        1844596 kB
MemFree:          531332 kB
MemAvailable:    1364784 kB
Buffers:           89176 kB
Cached:           768572 kB
MemTotal:        1844596 kB
MemFree:          530744 kB
MemAvailable:    1364196 kB
Buffers:           89176 kB
Cached:           768572 kB
MemTotal:        1844596 kB
MemFree:          531184 kB
MemAvailable:    1364636 kB
Buffers:           89176 kB
Cached:           768572 kB
MemTotal:        1844596 kB
MemFree:          531156 kB
MemAvailable:    1364608 kB
Buffers:           89176 kB
Cached:           768572 kB
MemTotal:        1844596 kB
MemFree:          531172 kB
MemAvailable:    1364624 kB
Buffers:           89176 kB
Cached:           768572 kB
MemTotal:        1844596 kB
MemFree:          531424 kB
MemAvailable:    1364876 kB
Buffers:           89176 kB
Cached:           768572 kB
MemTotal:        1844596 kB
MemFree:          531244 kB
MemAvailable:    1364696 kB
Buffers:           89176 kB
Cached:           768572 kB
MemTotal:        1844596 kB
MemFree:          531092 kB
MemAvailable:    1364544 kB
Buffers:           89176 kB
Cached:           768572 kB
MemTotal:        1844596 kB
MemFree:          531092 kB
MemAvailable:    1364544 kB
Buffers:           89176 kB
Cached:           768572 kB
MemTotal:        1844596 kB
MemFree:          529936 kB
MemAvailable:    1363388 kB
Buffers:           89176 kB
Cached:           768572 kB
MemTotal:        1844596 kB
MemFree:          529868 kB
MemAvailable:    1363320 kB
Buffers:           89176 kB
Cached:           768572 kB
MemTotal:        1844596 kB
MemFree:          529860 kB
MemAvailable:    1363312 kB
Buffers:           89176 kB
Cached:           768572 kB
MemTotal:        1844596 kB
MemFree:          529248 kB
MemAvailable:    1362700 kB
Buffers:           89176 kB
Cached:           768572 kB
MemTotal:        1844596 kB
MemFree:          528752 kB
MemAvailable:    1362204 kB
Buffers:           89176 kB
Cached:           768572 kB
MemTotal:        1844596 kB
MemFree:          521684 kB
MemAvailable:    1355144 kB
Buffers:           89176 kB
Cached:           768580 kB
MemTotal:        1844596 kB
MemFree:          520860 kB
MemAvailable:    1354320 kB
Buffers:           89176 kB
Cached:           768580 kB
MemTotal:        1844596 kB
MemFree:          521740 kB
MemAvailable:    1355200 kB
Buffers:           89176 kB
Cached:           768580 kB
MemTotal:        1844596 kB
MemFree:          520516 kB
MemAvailable:    1353976 kB
Buffers:           89176 kB
Cached:           768580 kB
MemTotal:        1844596 kB
MemFree:          521100 kB
MemAvailable:    1354564 kB
Buffers:           89176 kB
Cached:           768584 kB
MemTotal:        1844596 kB
MemFree:          520948 kB
MemAvailable:    1354412 kB
Buffers:           89176 kB
Cached:           768584 kB
MemTotal:        1844596 kB
MemFree:          520064 kB
MemAvailable:    1353528 kB
Buffers:           89176 kB
Cached:           768584 kB
MemTotal:        1844596 kB
MemFree:          519900 kB
MemAvailable:    1353364 kB
Buffers:           89176 kB
Cached:           768584 kB
MemTotal:        1844596 kB
MemFree:          519900 kB
MemAvailable:    1353364 kB
Buffers:           89176 kB
Cached:           768584 kB
MemTotal:        1844596 kB
MemFree:          520008 kB
MemAvailable:    1353472 kB
Buffers:           89176 kB
Cached:           768584 kB
MemTotal:        1844596 kB
MemFree:          519892 kB
MemAvailable:    1353356 kB
Buffers:           89176 kB
Cached:           768584 kB
MemTotal:        1844596 kB
MemFree:          519504 kB
MemAvailable:    1353136 kB
Buffers:           89176 kB
Cached:           768832 kB
MemTotal:        1844596 kB
MemFree:          520680 kB
MemAvailable:    1354480 kB
Buffers:           89176 kB
Cached:           768956 kB
MemTotal:        1844596 kB
MemFree:          520716 kB
MemAvailable:    1354600 kB
Buffers:           89176 kB
Cached:           768956 kB
MemTotal:        1844596 kB
MemFree:          519452 kB
MemAvailable:    1353420 kB
Buffers:           89176 kB
Cached:           769080 kB
MemTotal:        1844596 kB
MemFree:          520264 kB
MemAvailable:    1354316 kB
Buffers:           89176 kB
Cached:           769204 kB
MemTotal:        1844596 kB
MemFree:          520600 kB
MemAvailable:    1354652 kB
Buffers:           89176 kB
Cached:           769204 kB
MemTotal:        1844596 kB
MemFree:          519280 kB
MemAvailable:    1353332 kB
Buffers:           89176 kB
Cached:           769204 kB
MemTotal:        1844596 kB
MemFree:          520304 kB
MemAvailable:    1354356 kB
Buffers:           89176 kB
Cached:           769204 kB
MemTotal:        1844596 kB
MemFree:          520388 kB
MemAvailable:    1354440 kB
Buffers:           89176 kB
Cached:           769204 kB
MemTotal:        1844596 kB
MemFree:          519068 kB
MemAvailable:    1353120 kB
Buffers:           89176 kB
Cached:           769204 kB
MemTotal:        1844596 kB
MemFree:          519192 kB
MemAvailable:    1353244 kB
Buffers:           89176 kB
Cached:           769204 kB
MemTotal:        1844596 kB
MemFree:          519192 kB
MemAvailable:    1353244 kB
Buffers:           89176 kB
Cached:           769204 kB
MemTotal:        1844596 kB
MemFree:          519060 kB
MemAvailable:    1353112 kB
Buffers:           89176 kB
Cached:           769328 kB
MemTotal:        1844596 kB
MemFree:          519652 kB
MemAvailable:    1353116 kB
Buffers:           89176 kB
Cached:           768612 kB
MemTotal:        1844596 kB
MemFree:          520856 kB
MemAvailable:    1354320 kB
Buffers:           89176 kB
Cached:           768612 kB
MemTotal:        1844596 kB
MemFree:          599160 kB
MemAvailable:    1432624 kB
Buffers:           89176 kB
Cached:           768612 kB
MemTotal:        1844596 kB
MemFree:          711600 kB
MemAvailable:    1545064 kB
Buffers:           89176 kB
Cached:           768612 kB
