MemTotal:        1844596 kB
MemFree:          698768 kB
MemAvailable:    1547684 kB
Buffers:           89464 kB
Cached:           783124 kB
MemTotal:        1844596 kB
MemFree:          670116 kB
MemAvailable:    1519036 kB
Buffers:           89464 kB
Cached:           783128 kB
MemTotal:        1844596 kB
MemFree:          671176 kB
MemAvailable:    1520096 kB
Buffers:           89464 kB
Cached:           783128 kB
MemTotal:        1844596 kB
MemFree:          669132 kB
MemAvailable:    1518052 kB
Buffers:           89464 kB
Cached:           783128 kB
MemTotal:        1844596 kB
MemFree:          666776 kB
MemAvailable:    1515696 kB
Buffers:           89464 kB
Cached:           783128 kB
MemTotal:        1844596 kB
MemFree:          666528 kB
MemAvailable:    1515448 kB
Buffers:           89464 kB
Cached:           783128 kB
MemTotal:        1844596 kB
MemFree:          666384 kB
MemAvailable:    1515304 kB
Buffers:           89464 kB
Cached:           783128 kB
MemTotal:        1844596 kB
MemFree:          664800 kB
MemAvailable:    1513720 kB
Buffers:           89464 kB
Cached:           783128 kB
MemTotal:        1844596 kB
MemFree:          660628 kB
MemAvailable:    1509548 kB
Buffers:           89464 kB
Cached:           783128 kB
MemTotal:        1844596 kB
MemFree:          656608 kB
MemAvailable:    1505528 kB
Buffers:           89464 kB
Cached:           783128 kB
MemTotal:        1844596 kB
MemFree:          658792 kB
MemAvailable:    1507712 kB
Buffers:           89464 kB
Cached:           783128 kB
MemTotal:        1844596 kB
MemFree:          658876 kB
MemAvailable:    1507796 kB
Buffers:           89464 kB
Cached:           783128 kB
MemTotal:        1844596 kB
MemFree:          658792 kB
MemAvailable:    1507712 kB
Buffers:           89464 kB
Cached:           783128 kB
MemTotal:        1844596 kB
MemFree:          657668 kB
MemAvailable:    1506588 kB
Buffers:           89464 kB
Cached:           783128 kB
MemTotal:        1844596 kB
MemFree:          657544 kB
MemAvailable:    1506464 kB
Buffers:           89464 kB
Cached:           783128 kB
MemTotal:        1844596 kB
MemFree:          657544 kB
MemAvailable:    1506464 kB
Buffers:           89464 kB
Cached:           783128 kB
MemTotal:        1844596 kB
MemFree:          657600 kB
MemAvailable:    1506520 kB
Buffers:           89464 kB
Cached:           783128 kB
MemTotal:        1844596 kB
MemFree:          657220 kB
MemAvailable:    1506140 kB
Buffers:           89464 kB
Cached:           783128 kB
MemTotal:        1844596 kB
MemFree:          658080 kB
MemAvailable:    1507000 kB
Buffers:           89464 kB
Cached:           783128 kB
MemTotal:        1844596 kB
MemFree:          658332 kB
MemAvailable:    1507252 kB
Buffers:           89464 kB
Cached:           783128 kB
MemTotal:        1844596 kB
MemFree:          657944 kB
MemAvailable:    1506864 kB
Buffers:           89464 kB
Cached:           783128 kB
MemTotal:        1844596 kB
MemFree:          657972 kB
MemAvailable:    1506892 kB
Buffers:           89464 kB
Cached:           783128 kB
MemTotal:        1844596 kB
MemFree:          657916 kB
MemAvailable:    1506836 kB
Buffers:           89464 kB
Cached:           783128 kB
MemTotal:        1844596 kB
MemFree:          657788 kB
MemAvailable:    1506708 kB
Buffers:           89464 kB
Cached:           783128 kB
MemTotal:        1844596 kB
MemFree:          656104 kB
MemAvailable:    1505024 kB
Buffers:           89464 kB
Cached:           783128 kB
MemTotal:        1844596 kB
MemFree:          657332 kB
MemAvailable:    1506252 kB
Buffers:           89464 kB
Cached:           783128 kB
MemTotal:        1844596 kB
MemFree:          657164 kB
MemAvailable:    1506092 kB
Buffers:           89464 kB
Cached:           783132 kB
MemTotal:        1844596 kB
MemFree:          656220 kB
MemAvailable:    1505148 kB
Buffers:           89464 kB
Cached:           783132 kB
MemTotal:        1844596 kB
MemFree:          656304 kB
MemAvailable:    1505232 kB
Buffers:           89464 kB
Cached:           783132 kB
MemTotal:        1844596 kB
MemFree:          655916 kB
MemAvailable:    1504844 kB
Buffers:           89464 kB
Cached:           783132 kB
MemTotal:        1844596 kB
MemFree:          655120 kB
MemAvailable:    1504048 kB
Buffers:           89464 kB
Cached:           783132 kB
MemTotal:        1844596 kB
MemFree:          654320 kB
MemAvailable:    1503248 kB
Buffers:           89464 kB
Cached:           783132 kB
MemTotal:        1844596 kB
MemFree:          655712 kB
MemAvailable:    1504640 kB
Buffers:           89464 kB
Cached:           783132 kB
MemTotal:        1844596 kB
MemFree:          655712 kB
MemAvailable:    1504640 kB
Buffers:           89464 kB
Cached:           783132 kB
MemTotal:        1844596 kB
MemFree:          654444 kB
MemAvailable:    1503372 kB
Buffers:           89464 kB
Cached:           783132 kB
MemTotal:        1844596 kB
MemFree:          655712 kB
MemAvailable:    1504640 kB
Buffers:           89464 kB
Cached:           783132 kB
MemTotal:        1844596 kB
MemFree:          655712 kB
MemAvailable:    1504640 kB
Buffers:           89464 kB
Cached:           783132 kB
MemTotal:        1844596 kB
MemFree:          655668 kB
MemAvailable:    1504596 kB
Buffers:           89464 kB
Cached:           783132 kB
MemTotal:        1844596 kB
MemFree:          655500 kB
MemAvailable:    1504428 kB
Buffers:           89464 kB
Cached:           783132 kB
MemTotal:        1844596 kB
MemFree:          653880 kB
MemAvailable:    1502808 kB
Buffers:           89464 kB
Cached:           783132 kB
MemTotal:        1844596 kB
MemFree:          651276 kB
MemAvailable:    1500204 kB
Buffers:           89464 kB
Cached:           783132 kB
MemTotal:        1844596 kB
MemFree:          650532 kB
MemAvailable:    1499460 kB
Buffers:           89464 kB
Cached:           783132 kB
MemTotal:        1844596 kB
MemFree:          650360 kB
MemAvailable:    1499288 kB
Buffers:           89464 kB
Cached:           783132 kB
MemTotal:        1844596 kB
MemFree:          650456 kB
MemAvailable:    1499384 kB
Buffers:           89464 kB
Cached:           783132 kB
MemTotal:        1844596 kB
MemFree:          649416 kB
MemAvailable:    1498344 kB
Buffers:           89464 kB
Cached:           783132 kB
MemTotal:        1844596 kB
MemFree:          650104 kB
MemAvailable:    1499032 kB
Buffers:           89464 kB
Cached:           783132 kB
MemTotal:        1844596 kB
MemFree:          648984 kB
MemAvailable:    1497912 kB
Buffers:           89464 kB
Cached:           783132 kB
MemTotal:        1844596 kB
MemFree:          649416 kB
MemAvailable:    1498344 kB
Buffers:           89464 kB
Cached:           783132 kB
MemTotal:        1844596 kB
MemFree:          649884 kB
MemAvailable:    1498812 kB
Buffers:           89464 kB
Cached:           783132 kB
MemTotal:        1844596 kB
MemFree:          650220 kB
MemAvailable:    1499148 kB
Buffers:           89464 kB
Cached:           783132 kB
MemTotal:        1844596 kB
MemFree:          649836 kB
MemAvailable:    1498764 kB
Buffers:           89464 kB
Cached:           783132 kB
MemTotal:        1844596 kB
MemFree:          650088 kB
MemAvailable:    1499016 kB
Buffers:           89464 kB
Cached:           783132 kB
MemTotal:        1844596 kB
MemFree:          649952 kB
MemAvailable:    1498880 kB
Buffers:           89464 kB
Cached:           783132 kB
MemTotal:        1844596 kB
MemFree:          648736 kB
MemAvailable:    1497664 kB
Buffers:           89464 kB
Cached:           783132 kB
MemTotal:        1844596 kB
MemFree:          649816 kB
MemAvailable:    1498744 kB
Buffers:           89464 kB
Cached:           783132 kB
MemTotal:        1844596 kB
MemFree:          648772 kB
MemAvailable:    1497700 kB
Buffers:           89464 kB
Cached:           783132 kB
MemTotal:        1844596 kB
MemFree:          646440 kB
MemAvailable:    1495368 kB
Buffers:           89464 kB
Cached:           783132 kB
MemTotal:        1844596 kB
MemFree:          644192 kB
MemAvailable:    1493120 kB
Buffers:           89464 kB
Cached:           783132 kB
MemTotal:        1844596 kB
MemFree:          643844 kB
MemAvailable:    1492772 kB
Buffers:           89464 kB
Cached:           783132 kB
MemTotal:        1844596 kB
MemFree:          642588 kB
MemAvailable:    1491516 kB
Buffers:           89464 kB
Cached:           783132 kB
MemTotal:        1844596 kB
MemFree:          643588 kB
MemAvailable:    1492516 kB
Buffers:           89464 kB
Cached:           783132 kB
MemTotal:        1844596 kB
MemFree:          642480 kB
MemAvailable:    1491408 kB
Buffers:           89464 kB
Cached:           783132 kB
MemTotal:        1844596 kB
MemFree:          640596 kB
MemAvailable:    1489524 kB
Buffers:           89464 kB
Cached:           783132 kB
MemTotal:        1844596 kB
MemFree:          640052 kB
MemAvailable:    1488980 kB
Buffers:           89464 kB
Cached:           783132 kB
MemTotal:        1844596 kB
MemFree:          641424 kB
MemAvailable:    1490352 kB
Buffers:           89464 kB
Cached:           783132 kB
MemTotal:        1844596 kB
MemFree:          641460 kB
MemAvailable:    1490388 kB
Buffers:           89464 kB
Cached:           783132 kB
MemTotal:        1844596 kB
MemFree:          640364 kB
MemAvailable:    1489292 kB
Buffers:           89464 kB
Cached:           783132 kB
MemTotal:        1844596 kB
MemFree:          640240 kB
MemAvailable:    1489176 kB
Buffers:           89464 kB
Cached:           783140 kB
MemTotal:        1844596 kB
MemFree:          641472 kB
MemAvailable:    1490408 kB
Buffers:           89464 kB
Cached:           783140 kB
MemTotal:        1844596 kB
MemFree:          641348 kB
MemAvailable:    1490284 kB
Buffers:           89464 kB
Cached:           783140 kB
MemTotal:        1844596 kB
MemFree:          639992 kB
MemAvailable:    1488928 kB
Buffers:           89464 kB
Cached:           783140 kB
MemTotal:        1844596 kB
MemFree:          641184 kB
MemAvailable:    1490120 kB
Buffers:           89464 kB
Cached:           783140 kB
MemTotal:        1844596 kB
MemFree:          641352 kB
MemAvailable:    1490288 kB
Buffers:           89464 kB
Cached:           783140 kB
MemTotal:        1844596 kB
MemFree:          641364 kB
MemAvailable:    1490300 kB
Buffers:           89464 kB
Cached:           783140 kB
MemTotal:        1844596 kB
MemFree:          641224 kB
MemAvailable:    1490160 kB
Buffers:           89464 kB
Cached:           783140 kB
MemTotal:        1844596 kB
MemFree:          641308 kB
MemAvailable:    1490244 kB
Buffers:           89464 kB
Cached:           783140 kB
MemTotal:        1844596 kB
MemFree:          640968 kB
MemAvailable:    1489904 kB
Buffers:           89464 kB
Cached:           783140 kB
MemTotal:        1844596 kB
MemFree:          640856 kB
MemAvailable:    1489792 kB
Buffers:           89464 kB
Cached:           783140 kB
MemTotal:        1844596 kB
MemFree:          640976 kB
MemAvailable:    1489912 kB
Buffers:           89464 kB
Cached:           783140 kB
MemTotal:        1844596 kB
MemFree:          639992 kB
MemAvailable:    1488928 kB
Buffers:           89464 kB
Cached:           783140 kB
MemTotal:        1844596 kB
MemFree:          640720 kB
MemAvailable:    1489656 kB
Buffers:           89464 kB
Cached:           783140 kB
MemTotal:        1844596 kB
MemFree:          641056 kB
MemAvailable:    1489992 kB
Buffers:           89464 kB
Cached:           783140 kB
MemTotal:        1844596 kB
MemFree:          640732 kB
MemAvailable:    1489668 kB
Buffers:           89464 kB
Cached:           783140 kB
MemTotal:        1844596 kB
MemFree:          639556 kB
MemAvailable:    1488492 kB
Buffers:           89464 kB
Cached:           783140 kB
MemTotal:        1844596 kB
MemFree:          640356 kB
MemAvailable:    1489292 kB
Buffers:           89464 kB
Cached:           783140 kB
MemTotal:        1844596 kB
MemFree:          635024 kB
MemAvailable:    1483960 kB
Buffers:           89464 kB
Cached:           783140 kB
MemTotal:        1844596 kB
MemFree:          632668 kB
MemAvailable:    1481604 kB
Buffers:           89464 kB
Cached:           783140 kB
MemTotal:        1844596 kB
MemFree:          633004 kB
MemAvailable:    1481940 kB
Buffers:           89464 kB
Cached:           783140 kB
MemTotal:        1844596 kB
MemFree:          632504 kB
MemAvailable:    1481440 kB
Buffers:           89464 kB
Cached:           783140 kB
MemTotal:        1844596 kB
MemFree:          632560 kB
MemAvailable:    1481496 kB
Buffers:           89464 kB
Cached:           783140 kB
MemTotal:        1844596 kB
MemFree:          631264 kB
MemAvailable:    1480200 kB
Buffers:           89464 kB
Cached:           783140 kB
MemTotal:        1844596 kB
MemFree:          632288 kB
MemAvailable:    1481224 kB
Buffers:           89464 kB
Cached:           783140 kB
MemTotal:        1844596 kB
MemFree:          632372 kB
MemAvailable:    1481308 kB
Buffers:           89464 kB
Cached:           783140 kB
MemTotal:        1844596 kB
MemFree:          630808 kB
MemAvailable:    1479744 kB
Buffers:           89464 kB
Cached:           783140 kB
MemTotal:        1844596 kB
MemFree:          632164 kB
MemAvailable:    1481100 kB
Buffers:           89464 kB
Cached:           783140 kB
MemTotal:        1844596 kB
MemFree:          632180 kB
MemAvailable:    1481116 kB
Buffers:           89464 kB
Cached:           783140 kB
MemTotal:        1844596 kB
MemFree:          632052 kB
MemAvailable:    1480988 kB
Buffers:           89464 kB
Cached:           783140 kB
MemTotal:        1844596 kB
MemFree:          630884 kB
MemAvailable:    1479820 kB
Buffers:           89464 kB
Cached:           783140 kB
MemTotal:        1844596 kB
MemFree:          631132 kB
MemAvailable:    1480068 kB
Buffers:           89464 kB
Cached:           783140 kB
MemTotal:        1844596 kB
MemFree:          631008 kB
MemAvailable:    1479944 kB
Buffers:           89464 kB
Cached:           783140 kB
MemTotal:        1844596 kB
MemFree:          632016 kB
MemAvailable:    1480952 kB
Buffers:           89464 kB
Cached:           783144 kB
MemTotal:        1844596 kB
MemFree:          632116 kB
MemAvailable:    1481052 kB
Buffers:           89464 kB
Cached:           783144 kB
MemTotal:        1844596 kB
MemFree:          630808 kB
MemAvailable:    1479744 kB
Buffers:           89464 kB
Cached:           783144 kB
MemTotal:        1844596 kB
MemFree:          632164 kB
MemAvailable:    1481100 kB
Buffers:           89464 kB
Cached:           783144 kB
MemTotal:        1844596 kB
MemFree:          632040 kB
MemAvailable:    1480976 kB
Buffers:           89464 kB
Cached:           783144 kB
MemTotal:        1844596 kB
MemFree:          632292 kB
MemAvailable:    1481228 kB
Buffers:           89464 kB
Cached:           783144 kB
MemTotal:        1844596 kB
MemFree:          632120 kB
MemAvailable:    1481056 kB
Buffers:           89464 kB
Cached:           783144 kB
MemTotal:        1844596 kB
MemFree:          632240 kB
MemAvailable:    1481176 kB
Buffers:           89464 kB
Cached:           783144 kB
MemTotal:        1844596 kB
MemFree:          631436 kB
MemAvailable:    1480372 kB
Buffers:           89464 kB
Cached:           783144 kB
MemTotal:        1844596 kB
MemFree:          632596 kB
MemAvailable:    1481532 kB
Buffers:           89464 kB
Cached:           783144 kB
MemTotal:        1844596 kB
MemFree:          632024 kB
MemAvailable:    1480960 kB
Buffers:           89464 kB
Cached:           783144 kB
MemTotal:        1844596 kB
MemFree:          632276 kB
MemAvailable:    1481212 kB
Buffers:           89464 kB
Cached:           783144 kB
MemTotal:        1844596 kB
MemFree:          632160 kB
MemAvailable:    1481096 kB
Buffers:           89464 kB
Cached:           783144 kB
MemTotal:        1844596 kB
MemFree:          632156 kB
MemAvailable:    1481092 kB
Buffers:           89464 kB
Cached:           783144 kB
MemTotal:        1844596 kB
MemFree:          632168 kB
MemAvailable:    1481104 kB
Buffers:           89464 kB
Cached:           783144 kB
MemTotal:        1844596 kB
MemFree:          631912 kB
MemAvailable:    1480848 kB
Buffers:           89464 kB
Cached:           783144 kB
MemTotal:        1844596 kB
MemFree:          631028 kB
MemAvailable:    1479964 kB
Buffers:           89464 kB
Cached:           783144 kB
MemTotal:        1844596 kB
MemFree:          632084 kB
MemAvailable:    1481020 kB
Buffers:           89464 kB
Cached:           783144 kB
MemTotal:        1844596 kB
MemFree:          631932 kB
MemAvailable:    1480868 kB
Buffers:           89464 kB
Cached:           783144 kB
MemTotal:        1844596 kB
MemFree:          632028 kB
MemAvailable:    1480964 kB
Buffers:           89464 kB
Cached:           783144 kB
MemTotal:        1844596 kB
MemFree:          632364 kB
MemAvailable:    1481300 kB
Buffers:           89464 kB
Cached:           783144 kB
MemTotal:        1844596 kB
MemFree:          632156 kB
MemAvailable:    1481092 kB
Buffers:           89464 kB
Cached:           783144 kB
MemTotal:        1844596 kB
MemFree:          632408 kB
MemAvailable:    1481344 kB
Buffers:           89464 kB
Cached:           783144 kB
MemTotal:        1844596 kB
MemFree:          631364 kB
MemAvailable:    1480300 kB
Buffers:           89464 kB
Cached:           783144 kB
MemTotal:        1844596 kB
MemFree:          628832 kB
MemAvailable:    1477768 kB
Buffers:           89464 kB
Cached:           783144 kB
MemTotal:        1844596 kB
MemFree:          624492 kB
MemAvailable:    1473428 kB
Buffers:           89464 kB
Cached:           783144 kB
MemTotal:        1844596 kB
MemFree:          622508 kB
MemAvailable:    1471444 kB
Buffers:           89464 kB
Cached:           783144 kB
MemTotal:        1844596 kB
MemFree:          620400 kB
MemAvailable:    1469336 kB
Buffers:           89464 kB
Cached:           783144 kB
MemTotal:        1844596 kB
MemFree:          621376 kB
MemAvailable:    1470312 kB
Buffers:           89464 kB
Cached:           783144 kB
MemTotal:        1844596 kB
MemFree:          621460 kB
MemAvailable:    1470396 kB
Buffers:           89464 kB
Cached:           783144 kB
MemTotal:        1844596 kB
MemFree:          621380 kB
MemAvailable:    1470316 kB
Buffers:           89464 kB
Cached:           783144 kB
MemTotal:        1844596 kB
MemFree:          619960 kB
MemAvailable:    1468896 kB
Buffers:           89464 kB
Cached:           783144 kB
MemTotal:        1844596 kB
MemFree:          621492 kB
MemAvailable:    1470428 kB
Buffers:           89464 kB
Cached:           783144 kB
MemTotal:        1844596 kB
MemFree:          621328 kB
MemAvailable:    1470264 kB
Buffers:           89464 kB
Cached:           783144 kB
MemTotal:        1844596 kB
MemFree:          621300 kB
MemAvailable:    1470236 kB
Buffers:           89464 kB
Cached:           783144 kB
MemTotal:        1844596 kB
MemFree:          621420 kB
MemAvailable:    1470356 kB
Buffers:           89464 kB
Cached:           783144 kB
MemTotal:        1844596 kB
MemFree:          619988 kB
MemAvailable:    1468924 kB
Buffers:           89464 kB
Cached:           783144 kB
MemTotal:        1844596 kB
MemFree:          621372 kB
MemAvailable:    1470308 kB
Buffers:           89464 kB
Cached:           783144 kB
MemTotal:        1844596 kB
MemFree:          621352 kB
MemAvailable:    1470288 kB
Buffers:           89464 kB
Cached:           783144 kB
MemTotal:        1844596 kB
MemFree:          620524 kB
MemAvailable:    1469460 kB
Buffers:           89464 kB
Cached:           783144 kB
MemTotal:        1844596 kB
MemFree:          621088 kB
MemAvailable:    1470024 kB
Buffers:           89464 kB
Cached:           783144 kB
MemTotal:        1844596 kB
MemFree:          621424 kB
MemAvailable:    1470360 kB
Buffers:           89464 kB
Cached:           783144 kB
MemTotal:        1844596 kB
MemFree:          621220 kB
MemAvailable:    1470156 kB
Buffers:           89464 kB
Cached:           783144 kB
MemTotal:        1844596 kB
MemFree:          621276 kB
MemAvailable:    1470212 kB
Buffers:           89464 kB
Cached:           783144 kB
MemTotal:        1844596 kB
MemFree:          621220 kB
MemAvailable:    1470156 kB
Buffers:           89464 kB
Cached:           783144 kB
MemTotal:        1844596 kB
MemFree:          621400 kB
MemAvailable:    1470336 kB
Buffers:           89464 kB
Cached:           783144 kB
MemTotal:        1844596 kB
MemFree:          621252 kB
MemAvailable:    1470188 kB
Buffers:           89464 kB
Cached:           783144 kB
MemTotal:        1844596 kB
MemFree:          621020 kB
MemAvailable:    1469956 kB
Buffers:           89464 kB
Cached:           783144 kB
MemTotal:        1844596 kB
MemFree:          621316 kB
MemAvailable:    1470252 kB
Buffers:           89464 kB
Cached:           783144 kB
MemTotal:        1844596 kB
MemFree:          621268 kB
MemAvailable:    1470204 kB
Buffers:           89464 kB
Cached:           783144 kB
MemTotal:        1844596 kB
MemFree:          620656 kB
MemAvailable:    1469592 kB
Buffers:           89464 kB
Cached:           783144 kB
MemTotal:        1844596 kB
MemFree:          621088 kB
MemAvailable:    1470032 kB
Buffers:           89464 kB
Cached:           783152 kB
MemTotal:        1844596 kB
MemFree:          620524 kB
MemAvailable:    1469468 kB
Buffers:           89464 kB
Cached:           783152 kB
MemTotal:        1844596 kB
MemFree:          619896 kB
MemAvailable:    1468840 kB
Buffers:           89464 kB
Cached:           783152 kB
MemTotal:        1844596 kB
MemFree:          621268 kB
MemAvailable:    1470212 kB
Buffers:           89464 kB
Cached:           783152 kB
MemTotal:        1844596 kB
MemFree:          621204 kB
MemAvailable:    1470148 kB
Buffers:           89464 kB
Cached:           783152 kB
MemTotal:        1844596 kB
MemFree:          621328 kB
MemAvailable:    1470272 kB
Buffers:           89464 kB
Cached:           783152 kB
MemTotal:        1844596 kB
MemFree:          620144 kB
MemAvailable:    1469088 kB
Buffers:           89464 kB
Cached:           783152 kB
MemTotal:        1844596 kB
MemFree:          620104 kB
MemAvailable:    1469048 kB
Buffers:           89464 kB
Cached:           783152 kB
MemTotal:        1844596 kB
MemFree:          621272 kB
MemAvailable:    1470216 kB
Buffers:           89464 kB
Cached:           783152 kB
MemTotal:        1844596 kB
MemFree:          620104 kB
MemAvailable:    1469048 kB
Buffers:           89464 kB
Cached:           783152 kB
MemTotal:        1844596 kB
MemFree:          621204 kB
MemAvailable:    1470148 kB
Buffers:           89464 kB
Cached:           783152 kB
MemTotal:        1844596 kB
MemFree:          621456 kB
MemAvailable:    1470400 kB
Buffers:           89464 kB
Cached:           783152 kB
MemTotal:        1844596 kB
MemFree:          621148 kB
MemAvailable:    1470092 kB
Buffers:           89464 kB
Cached:           783152 kB
MemTotal:        1844596 kB
MemFree:          619972 kB
MemAvailable:    1468916 kB
Buffers:           89464 kB
Cached:           783152 kB
MemTotal:        1844596 kB
MemFree:          620460 kB
MemAvailable:    1469404 kB
Buffers:           89464 kB
Cached:           783152 kB
MemTotal:        1844596 kB
MemFree:          621332 kB
MemAvailable:    1470276 kB
Buffers:           89464 kB
Cached:           783152 kB
MemTotal:        1844596 kB
MemFree:          620524 kB
MemAvailable:    1469468 kB
Buffers:           89464 kB
Cached:           783152 kB
MemTotal:        1844596 kB
MemFree:          621120 kB
MemAvailable:    1470064 kB
Buffers:           89464 kB
Cached:           783152 kB
MemTotal:        1844596 kB
MemFree:          621120 kB
MemAvailable:    1470064 kB
Buffers:           89464 kB
Cached:           783152 kB
MemTotal:        1844596 kB
MemFree:          619840 kB
MemAvailable:    1468784 kB
Buffers:           89464 kB
Cached:           783152 kB
MemTotal:        1844596 kB
MemFree:          620132 kB
MemAvailable:    1469076 kB
Buffers:           89464 kB
Cached:           783152 kB
MemTotal:        1844596 kB
MemFree:          621296 kB
MemAvailable:    1470240 kB
Buffers:           89464 kB
Cached:           783152 kB
MemTotal:        1844596 kB
MemFree:          620408 kB
MemAvailable:    1469352 kB
Buffers:           89464 kB
Cached:           783152 kB
MemTotal:        1844596 kB
MemFree:          620832 kB
MemAvailable:    1469776 kB
Buffers:           89464 kB
Cached:           783152 kB
MemTotal:        1844596 kB
MemFree:          620152 kB
MemAvailable:    1469096 kB
Buffers:           89464 kB
Cached:           783152 kB
MemTotal:        1844596 kB
MemFree:          619352 kB
MemAvailable:    1468296 kB
Buffers:           89464 kB
Cached:           783152 kB
MemTotal:        1844596 kB
MemFree:          619476 kB
MemAvailable:    1468420 kB
Buffers:           89464 kB
Cached:           783152 kB
MemTotal:        1844596 kB
MemFree:          620692 kB
MemAvailable:    1469636 kB
Buffers:           89464 kB
Cached:           783152 kB
MemTotal:        1844596 kB
MemFree:          619416 kB
MemAvailable:    1468360 kB
Buffers:           89464 kB
Cached:           783152 kB
MemTotal:        1844596 kB
MemFree:          620580 kB
MemAvailable:    1469524 kB
Buffers:           89464 kB
Cached:           783152 kB
MemTotal:        1844596 kB
MemFree:          619292 kB
MemAvailable:    1468236 kB
Buffers:           89464 kB
Cached:           783152 kB
MemTotal:        1844596 kB
MemFree:          620020 kB
MemAvailable:    1468964 kB
Buffers:           89464 kB
Cached:           783152 kB
MemTotal:        1844596 kB
MemFree:          620036 kB
MemAvailable:    1468980 kB
Buffers:           89464 kB
Cached:           783152 kB
MemTotal:        1844596 kB
MemFree:          619708 kB
MemAvailable:    1468652 kB
Buffers:           89464 kB
Cached:           783152 kB
MemTotal:        1844596 kB
MemFree:          620044 kB
MemAvailable:    1468988 kB
Buffers:           89464 kB
Cached:           783152 kB
MemTotal:        1844596 kB
MemFree:          618732 kB
MemAvailable:    1467676 kB
Buffers:           89464 kB
Cached:           783152 kB
MemTotal:        1844596 kB
MemFree:          620036 kB
MemAvailable:    1468980 kB
Buffers:           89464 kB
Cached:           783152 kB
MemTotal:        1844596 kB
MemFree:          619716 kB
MemAvailable:    1468660 kB
Buffers:           89464 kB
Cached:           783152 kB
MemTotal:        1844596 kB
MemFree:          619716 kB
MemAvailable:    1468660 kB
Buffers:           89464 kB
Cached:           783152 kB
MemTotal:        1844596 kB
MemFree:          619708 kB
MemAvailable:    1468652 kB
Buffers:           89464 kB
Cached:           783152 kB
MemTotal:        1844596 kB
MemFree:          619416 kB
MemAvailable:    1468360 kB
Buffers:           89464 kB
Cached:           783152 kB
MemTotal:        1844596 kB
MemFree:          619660 kB
MemAvailable:    1468604 kB
Buffers:           89464 kB
Cached:           783152 kB
MemTotal:        1844596 kB
MemFree:          618360 kB
MemAvailable:    1467304 kB
Buffers:           89464 kB
Cached:           783152 kB
MemTotal:        1844596 kB
MemFree:          619636 kB
MemAvailable:    1468580 kB
Buffers:           89464 kB
Cached:           783152 kB
MemTotal:        1844596 kB
MemFree:          619972 kB
MemAvailable:    1468916 kB
Buffers:           89464 kB
Cached:           783152 kB
MemTotal:        1844596 kB
MemFree:          618396 kB
MemAvailable:    1467340 kB
Buffers:           89464 kB
Cached:           783152 kB
MemTotal:        1844596 kB
MemFree:          619472 kB
MemAvailable:    1468416 kB
Buffers:           89464 kB
Cached:           783152 kB
MemTotal:        1844596 kB
MemFree:          619892 kB
MemAvailable:    1468836 kB
Buffers:           89464 kB
Cached:           783152 kB
MemTotal:        1844596 kB
MemFree:          619708 kB
MemAvailable:    1468652 kB
Buffers:           89464 kB
Cached:           783152 kB
MemTotal:        1844596 kB
MemFree:          620108 kB
MemAvailable:    1469052 kB
Buffers:           89464 kB
Cached:           783152 kB
MemTotal:        1844596 kB
MemFree:          620148 kB
MemAvailable:    1469092 kB
Buffers:           89464 kB
Cached:           783152 kB
MemTotal:        1844596 kB
MemFree:          618292 kB
MemAvailable:    1467236 kB
Buffers:           89464 kB
Cached:           783152 kB
MemTotal:        1844596 kB
MemFree:          614448 kB
MemAvailable:    1463392 kB
Buffers:           89464 kB
Cached:           783152 kB
MemTotal:        1844596 kB
MemFree:          611160 kB
MemAvailable:    1460104 kB
Buffers:           89464 kB
Cached:           783152 kB
MemTotal:        1844596 kB
MemFree:          607744 kB
MemAvailable:    1456688 kB
Buffers:           89464 kB
Cached:           783152 kB
MemTotal:        1844596 kB
MemFree:          608620 kB
MemAvailable:    1457564 kB
Buffers:           89464 kB
Cached:           783152 kB
MemTotal:        1844596 kB
MemFree:          607248 kB
MemAvailable:    1456192 kB
Buffers:           89464 kB
Cached:           783152 kB
MemTotal:        1844596 kB
MemFree:          606992 kB
MemAvailable:    1455936 kB
Buffers:           89464 kB
Cached:           783152 kB
MemTotal:        1844596 kB
MemFree:          607860 kB
MemAvailable:    1456804 kB
Buffers:           89464 kB
Cached:           783152 kB
MemTotal:        1844596 kB
MemFree:          607380 kB
MemAvailable:    1456324 kB
Buffers:           89464 kB
Cached:           783152 kB
MemTotal:        1844596 kB
MemFree:          606372 kB
MemAvailable:    1455316 kB
Buffers:           89464 kB
Cached:           783152 kB
MemTotal:        1844596 kB
MemFree:          607380 kB
MemAvailable:    1456324 kB
Buffers:           89464 kB
Cached:           783152 kB
MemTotal:        1844596 kB
MemFree:          606248 kB
MemAvailable:    1455192 kB
Buffers:           89464 kB
Cached:           783152 kB
MemTotal:        1844596 kB
MemFree:          605768 kB
MemAvailable:    1454712 kB
Buffers:           89464 kB
Cached:           783152 kB
MemTotal:        1844596 kB
MemFree:          605132 kB
MemAvailable:    1454076 kB
Buffers:           89464 kB
Cached:           783152 kB
MemTotal:        1844596 kB
MemFree:          604652 kB
MemAvailable:    1453596 kB
Buffers:           89464 kB
Cached:           783152 kB
MemTotal:        1844596 kB
MemFree:          604644 kB
MemAvailable:    1453588 kB
Buffers:           89464 kB
Cached:           783152 kB
MemTotal:        1844596 kB
MemFree:          604288 kB
MemAvailable:    1453232 kB
Buffers:           89464 kB
Cached:           783152 kB
MemTotal:        1844596 kB
MemFree:          604480 kB
MemAvailable:    1453424 kB
Buffers:           89464 kB
Cached:           783152 kB
MemTotal:        1844596 kB
MemFree:          604388 kB
MemAvailable:    1453332 kB
Buffers:           89464 kB
Cached:           783152 kB
MemTotal:        1844596 kB
MemFree:          604280 kB
MemAvailable:    1453224 kB
Buffers:           89464 kB
Cached:           783152 kB
MemTotal:        1844596 kB
MemFree:          603276 kB
MemAvailable:    1452220 kB
Buffers:           89464 kB
Cached:           783152 kB
MemTotal:        1844596 kB
MemFree:          604460 kB
MemAvailable:    1453404 kB
Buffers:           89464 kB
Cached:           783152 kB
MemTotal:        1844596 kB
MemFree:          604460 kB
MemAvailable:    1453404 kB
Buffers:           89464 kB
Cached:           783152 kB
MemTotal:        1844596 kB
MemFree:          603164 kB
MemAvailable:    1452108 kB
Buffers:           89464 kB
Cached:           783152 kB
MemTotal:        1844596 kB
MemFree:          604608 kB
MemAvailable:    1453552 kB
Buffers:           89464 kB
Cached:           783152 kB
MemTotal:        1844596 kB
MemFree:          603784 kB
MemAvailable:    1452728 kB
Buffers:           89464 kB
Cached:           783152 kB
MemTotal:        1844596 kB
MemFree:          604244 kB
MemAvailable:    1453188 kB
Buffers:           89464 kB
Cached:           783152 kB
MemTotal:        1844596 kB
MemFree:          604580 kB
MemAvailable:    1453524 kB
Buffers:           89464 kB
Cached:           783152 kB
MemTotal:        1844596 kB
MemFree:          604564 kB
MemAvailable:    1453508 kB
Buffers:           89464 kB
Cached:           783152 kB
MemTotal:        1844596 kB
MemFree:          603288 kB
MemAvailable:    1452232 kB
Buffers:           89464 kB
Cached:           783152 kB
MemTotal:        1844596 kB
MemFree:          603912 kB
MemAvailable:    1452856 kB
Buffers:           89464 kB
Cached:           783152 kB
MemTotal:        1844596 kB
MemFree:          602736 kB
MemAvailable:    1451680 kB
Buffers:           89464 kB
Cached:           783152 kB
MemTotal:        1844596 kB
MemFree:          602652 kB
MemAvailable:    1451596 kB
Buffers:           89464 kB
Cached:           783152 kB
MemTotal:        1844596 kB
MemFree:          602652 kB
MemAvailable:    1451596 kB
Buffers:           89464 kB
Cached:           783152 kB
MemTotal:        1844596 kB
MemFree:          602280 kB
MemAvailable:    1451224 kB
Buffers:           89464 kB
Cached:           783152 kB
MemTotal:        1844596 kB
MemFree:          602280 kB
MemAvailable:    1451224 kB
Buffers:           89464 kB
Cached:           783152 kB
MemTotal:        1844596 kB
MemFree:          600684 kB
MemAvailable:    1449628 kB
Buffers:           89464 kB
Cached:           783152 kB
MemTotal:        1844596 kB
MemFree:          601792 kB
MemAvailable:    1450736 kB
Buffers:           89464 kB
Cached:           783152 kB
MemTotal:        1844596 kB
MemFree:          600064 kB
MemAvailable:    1449008 kB
Buffers:           89464 kB
Cached:           783152 kB
MemTotal:        1844596 kB
MemFree:          601108 kB
MemAvailable:    1450052 kB
Buffers:           89464 kB
Cached:           783152 kB
MemTotal:        1844596 kB
MemFree:          600852 kB
MemAvailable:    1449796 kB
Buffers:           89464 kB
Cached:           783152 kB
MemTotal:        1844596 kB
MemFree:          599668 kB
MemAvailable:    1448612 kB
Buffers:           89464 kB
Cached:           783152 kB
MemTotal:        1844596 kB
MemFree:          599196 kB
MemAvailable:    1448140 kB
Buffers:           89464 kB
Cached:           783152 kB
MemTotal:        1844596 kB
MemFree:          599568 kB
MemAvailable:    1448512 kB
Buffers:           89464 kB
Cached:           783152 kB
MemTotal:        1844596 kB
MemFree:          600056 kB
MemAvailable:    1449000 kB
Buffers:           89464 kB
Cached:           783152 kB
MemTotal:        1844596 kB
MemFree:          600292 kB
MemAvailable:    1449236 kB
Buffers:           89464 kB
Cached:           783152 kB
MemTotal:        1844596 kB
MemFree:          600348 kB
MemAvailable:    1449304 kB
Buffers:           89464 kB
Cached:           783164 kB
MemTotal:        1844596 kB
MemFree:          600444 kB
MemAvailable:    1449400 kB
Buffers:           89464 kB
Cached:           783164 kB
MemTotal:        1844596 kB
MemFree:          600396 kB
MemAvailable:    1449352 kB
Buffers:           89464 kB
Cached:           783164 kB
MemTotal:        1844596 kB
MemFree:          600560 kB
MemAvailable:    1449516 kB
Buffers:           89464 kB
Cached:           783164 kB
MemTotal:        1844596 kB
MemFree:          600304 kB
MemAvailable:    1449260 kB
Buffers:           89464 kB
Cached:           783164 kB
MemTotal:        1844596 kB
MemFree:          600304 kB
MemAvailable:    1449260 kB
Buffers:           89464 kB
Cached:           783164 kB
MemTotal:        1844596 kB
MemFree:          599260 kB
MemAvailable:    1448216 kB
Buffers:           89464 kB
Cached:           783164 kB
MemTotal:        1844596 kB
MemFree:          600320 kB
MemAvailable:    1449276 kB
Buffers:           89464 kB
Cached:           783164 kB
MemTotal:        1844596 kB
MemFree:          599144 kB
MemAvailable:    1448100 kB
Buffers:           89464 kB
Cached:           783164 kB
MemTotal:        1844596 kB
MemFree:          600368 kB
MemAvailable:    1449324 kB
Buffers:           89464 kB
Cached:           783164 kB
MemTotal:        1844596 kB
MemFree:          600252 kB
MemAvailable:    1449208 kB
Buffers:           89464 kB
Cached:           783164 kB
MemTotal:        1844596 kB
MemFree:          599984 kB
MemAvailable:    1448940 kB
Buffers:           89464 kB
Cached:           783164 kB
MemTotal:        1844596 kB
MemFree:          599816 kB
MemAvailable:    1448772 kB
Buffers:           89464 kB
Cached:           783164 kB
MemTotal:        1844596 kB
MemFree:          600112 kB
MemAvailable:    1449068 kB
Buffers:           89464 kB
Cached:           783164 kB
MemTotal:        1844596 kB
MemFree:          600064 kB
MemAvailable:    1449020 kB
Buffers:           89464 kB
Cached:           783164 kB
MemTotal:        1844596 kB
MemFree:          599452 kB
MemAvailable:    1448408 kB
Buffers:           89464 kB
Cached:           783164 kB
MemTotal:        1844596 kB
MemFree:          600048 kB
MemAvailable:    1449004 kB
Buffers:           89464 kB
Cached:           783164 kB
MemTotal:        1844596 kB
MemFree:          600264 kB
MemAvailable:    1449220 kB
Buffers:           89464 kB
Cached:           783164 kB
MemTotal:        1844596 kB
MemFree:          600260 kB
MemAvailable:    1449216 kB
Buffers:           89464 kB
Cached:           783164 kB
MemTotal:        1844596 kB
MemFree:          600188 kB
MemAvailable:    1449144 kB
Buffers:           89464 kB
Cached:           783164 kB
MemTotal:        1844596 kB
MemFree:          598948 kB
MemAvailable:    1447904 kB
Buffers:           89464 kB
Cached:           783164 kB
MemTotal:        1844596 kB
MemFree:          599024 kB
MemAvailable:    1447980 kB
Buffers:           89464 kB
Cached:           783164 kB
MemTotal:        1844596 kB
MemFree:          598900 kB
MemAvailable:    1447856 kB
Buffers:           89464 kB
Cached:           783164 kB
MemTotal:        1844596 kB
MemFree:          597940 kB
MemAvailable:    1446896 kB
Buffers:           89464 kB
Cached:           783164 kB
MemTotal:        1844596 kB
MemFree:          597656 kB
MemAvailable:    1446612 kB
Buffers:           89464 kB
Cached:           783164 kB
MemTotal:        1844596 kB
MemFree:          598436 kB
MemAvailable:    1447396 kB
Buffers:           89464 kB
Cached:           783168 kB
MemTotal:        1844596 kB
MemFree:          598772 kB
MemAvailable:    1447732 kB
Buffers:           89464 kB
Cached:           783168 kB
MemTotal:        1844596 kB
MemFree:          597584 kB
MemAvailable:    1446544 kB
Buffers:           89464 kB
Cached:           783168 kB
MemTotal:        1844596 kB
MemFree:          595352 kB
MemAvailable:    1444312 kB
Buffers:           89464 kB
Cached:           783168 kB
MemTotal:        1844596 kB
MemFree:          592624 kB
MemAvailable:    1441584 kB
Buffers:           89464 kB
Cached:           783168 kB
MemTotal:        1844596 kB
MemFree:          590204 kB
MemAvailable:    1439164 kB
Buffers:           89464 kB
Cached:           783168 kB
MemTotal:        1844596 kB
MemFree:          586160 kB
MemAvailable:    1435120 kB
Buffers:           89464 kB
Cached:           783168 kB
MemTotal:        1844596 kB
MemFree:          585804 kB
MemAvailable:    1434764 kB
Buffers:           89464 kB
Cached:           783168 kB
MemTotal:        1844596 kB
MemFree:          580596 kB
MemAvailable:    1429556 kB
Buffers:           89464 kB
Cached:           783168 kB
MemTotal:        1844596 kB
MemFree:          580424 kB
MemAvailable:    1429384 kB
Buffers:           89464 kB
Cached:           783168 kB
MemTotal:        1844596 kB
MemFree:          581696 kB
MemAvailable:    1430656 kB
Buffers:           89464 kB
Cached:           783168 kB
MemTotal:        1844596 kB
MemFree:          581780 kB
MemAvailable:    1430740 kB
Buffers:           89464 kB
Cached:           783168 kB
MemTotal:        1844596 kB
MemFree:          581752 kB
MemAvailable:    1430712 kB
Buffers:           89464 kB
Cached:           783168 kB
MemTotal:        1844596 kB
MemFree:          581796 kB
MemAvailable:    1430756 kB
Buffers:           89464 kB
Cached:           783168 kB
MemTotal:        1844596 kB
MemFree:          581692 kB
MemAvailable:    1430652 kB
Buffers:           89464 kB
Cached:           783168 kB
MemTotal:        1844596 kB
MemFree:          581616 kB
MemAvailable:    1430576 kB
Buffers:           89464 kB
Cached:           783168 kB
MemTotal:        1844596 kB
MemFree:          581376 kB
MemAvailable:    1430336 kB
Buffers:           89464 kB
Cached:           783168 kB
MemTotal:        1844596 kB
MemFree:          581092 kB
MemAvailable:    1430052 kB
Buffers:           89464 kB
Cached:           783168 kB
MemTotal:        1844596 kB
MemFree:          581336 kB
MemAvailable:    1430296 kB
Buffers:           89464 kB
Cached:           783168 kB
MemTotal:        1844596 kB
MemFree:          580168 kB
MemAvailable:    1429128 kB
Buffers:           89464 kB
Cached:           783168 kB
MemTotal:        1844596 kB
MemFree:          580204 kB
MemAvailable:    1429164 kB
Buffers:           89464 kB
Cached:           783168 kB
MemTotal:        1844596 kB
MemFree:          580836 kB
MemAvailable:    1429796 kB
Buffers:           89464 kB
Cached:           783168 kB
MemTotal:        1844596 kB
MemFree:          580232 kB
MemAvailable:    1429192 kB
Buffers:           89464 kB
Cached:           783168 kB
MemTotal:        1844596 kB
MemFree:          580548 kB
MemAvailable:    1429508 kB
Buffers:           89464 kB
Cached:           783168 kB
MemTotal:        1844596 kB
MemFree:          580668 kB
MemAvailable:    1429628 kB
Buffers:           89464 kB
Cached:           783168 kB
MemTotal:        1844596 kB
MemFree:          580588 kB
MemAvailable:    1429548 kB
Buffers:           89464 kB
Cached:           783168 kB
MemTotal:        1844596 kB
MemFree:          580480 kB
MemAvailable:    1429440 kB
Buffers:           89464 kB
Cached:           783168 kB
MemTotal:        1844596 kB
MemFree:          579348 kB
MemAvailable:    1428308 kB
Buffers:           89464 kB
Cached:           783168 kB
MemTotal:        1844596 kB
MemFree:          579348 kB
MemAvailable:    1428308 kB
Buffers:           89464 kB
Cached:           783168 kB
MemTotal:        1844596 kB
MemFree:          579556 kB
MemAvailable:    1428516 kB
Buffers:           89464 kB
Cached:           783168 kB
MemTotal:        1844596 kB
MemFree:          579308 kB
MemAvailable:    1428268 kB
Buffers:           89464 kB
Cached:           783168 kB
MemTotal:        1844596 kB
MemFree:          580664 kB
MemAvailable:    1429624 kB
Buffers:           89464 kB
Cached:           783168 kB
MemTotal:        1844596 kB
MemFree:          580536 kB
MemAvailable:    1429496 kB
Buffers:           89464 kB
Cached:           783168 kB
MemTotal:        1844596 kB
MemFree:          580604 kB
MemAvailable:    1429564 kB
Buffers:           89464 kB
Cached:           783168 kB
MemTotal:        1844596 kB
MemFree:          580548 kB
MemAvailable:    1429508 kB
Buffers:           89464 kB
Cached:           783168 kB
MemTotal:        1844596 kB
MemFree:          579468 kB
MemAvailable:    1428428 kB
Buffers:           89464 kB
Cached:           783168 kB
MemTotal:        1844596 kB
MemFree:          579468 kB
MemAvailable:    1428428 kB
Buffers:           89464 kB
Cached:           783168 kB
MemTotal:        1844596 kB
MemFree:          580648 kB
MemAvailable:    1429608 kB
Buffers:           89464 kB
Cached:           783168 kB
MemTotal:        1844596 kB
MemFree:          579860 kB
MemAvailable:    1428820 kB
Buffers:           89464 kB
Cached:           783168 kB
MemTotal:        1844596 kB
MemFree:          580588 kB
MemAvailable:    1429548 kB
Buffers:           89464 kB
Cached:           783168 kB
MemTotal:        1844596 kB
MemFree:          580720 kB
MemAvailable:    1429680 kB
Buffers:           89464 kB
Cached:           783168 kB
MemTotal:        1844596 kB
MemFree:          579312 kB
MemAvailable:    1428272 kB
Buffers:           89464 kB
Cached:           783168 kB
MemTotal:        1844596 kB
MemFree:          577000 kB
MemAvailable:    1425960 kB
Buffers:           89464 kB
Cached:           783168 kB
MemTotal:        1844596 kB
MemFree:          573280 kB
MemAvailable:    1422240 kB
Buffers:           89464 kB
Cached:           783168 kB
MemTotal:        1844596 kB
MemFree:          571484 kB
MemAvailable:    1420444 kB
Buffers:           89464 kB
Cached:           783168 kB
MemTotal:        1844596 kB
MemFree:          567328 kB
MemAvailable:    1416288 kB
Buffers:           89464 kB
Cached:           783168 kB
MemTotal:        1844596 kB
MemFree:          565096 kB
MemAvailable:    1414056 kB
Buffers:           89464 kB
Cached:           783168 kB
MemTotal:        1844596 kB
MemFree:          561500 kB
MemAvailable:    1410460 kB
Buffers:           89464 kB
Cached:           783168 kB
MemTotal:        1844596 kB
MemFree:          562740 kB
MemAvailable:    1411700 kB
Buffers:           89464 kB
Cached:           783168 kB
MemTotal:        1844596 kB
MemFree:          562552 kB
MemAvailable:    1411520 kB
Buffers:           89464 kB
Cached:           783176 kB
MemTotal:        1844596 kB
MemFree:          561376 kB
MemAvailable:    1410344 kB
Buffers:           89464 kB
Cached:           783176 kB
MemTotal:        1844596 kB
MemFree:          561624 kB
MemAvailable:    1410592 kB
Buffers:           89464 kB
Cached:           783176 kB
MemTotal:        1844596 kB
MemFree:          562352 kB
MemAvailable:    1411320 kB
Buffers:           89464 kB
Cached:           783176 kB
MemTotal:        1844596 kB
MemFree:          562608 kB
MemAvailable:    1411576 kB
Buffers:           89464 kB
Cached:           783176 kB
MemTotal:        1844596 kB
MemFree:          562720 kB
MemAvailable:    1411688 kB
Buffers:           89464 kB
Cached:           783176 kB
MemTotal:        1844596 kB
MemFree:          562608 kB
MemAvailable:    1411576 kB
Buffers:           89464 kB
Cached:           783176 kB
MemTotal:        1844596 kB
MemFree:          562444 kB
MemAvailable:    1411412 kB
Buffers:           89464 kB
Cached:           783176 kB
MemTotal:        1844596 kB
MemFree:          561748 kB
MemAvailable:    1410716 kB
Buffers:           89464 kB
Cached:           783176 kB
MemTotal:        1844596 kB
MemFree:          562176 kB
MemAvailable:    1411144 kB
Buffers:           89464 kB
Cached:           783176 kB
MemTotal:        1844596 kB
MemFree:          562428 kB
MemAvailable:    1411396 kB
Buffers:           89464 kB
Cached:           783176 kB
MemTotal:        1844596 kB
MemFree:          562316 kB
MemAvailable:    1411284 kB
Buffers:           89464 kB
Cached:           783176 kB
MemTotal:        1844596 kB
MemFree:          562568 kB
MemAvailable:    1411536 kB
Buffers:           89464 kB
Cached:           783176 kB
MemTotal:        1844596 kB
MemFree:          562236 kB
MemAvailable:    1411204 kB
Buffers:           89464 kB
Cached:           783176 kB
MemTotal:        1844596 kB
MemFree:          562252 kB
MemAvailable:    1411220 kB
Buffers:           89464 kB
Cached:           783176 kB
MemTotal:        1844596 kB
MemFree:          562196 kB
MemAvailable:    1411164 kB
Buffers:           89464 kB
Cached:           783176 kB
MemTotal:        1844596 kB
MemFree:          562224 kB
MemAvailable:    1411192 kB
Buffers:           89464 kB
Cached:           783176 kB
MemTotal:        1844596 kB
MemFree:          562004 kB
MemAvailable:    1410972 kB
Buffers:           89464 kB
Cached:           783176 kB
MemTotal:        1844596 kB
MemFree:          561124 kB
MemAvailable:    1410092 kB
Buffers:           89464 kB
Cached:           783176 kB
MemTotal:        1844596 kB
MemFree:          562364 kB
MemAvailable:    1411332 kB
Buffers:           89464 kB
Cached:           783176 kB
MemTotal:        1844596 kB
MemFree:          560992 kB
MemAvailable:    1409960 kB
Buffers:           89464 kB
Cached:           783176 kB
MemTotal:        1844596 kB
MemFree:          562352 kB
MemAvailable:    1411320 kB
Buffers:           89464 kB
Cached:           783176 kB
MemTotal:        1844596 kB
MemFree:          562352 kB
MemAvailable:    1411320 kB
Buffers:           89464 kB
Cached:           783176 kB
MemTotal:        1844596 kB
MemFree:          562236 kB
MemAvailable:    1411204 kB
Buffers:           89464 kB
Cached:           783176 kB
MemTotal:        1844596 kB
MemFree:          562004 kB
MemAvailable:    1410972 kB
Buffers:           89464 kB
Cached:           783176 kB
MemTotal:        1844596 kB
MemFree:          561124 kB
MemAvailable:    1410092 kB
Buffers:           89464 kB
Cached:           783176 kB
MemTotal:        1844596 kB
MemFree:          562412 kB
MemAvailable:    1411380 kB
Buffers:           89464 kB
Cached:           783176 kB
MemTotal:        1844596 kB
MemFree:          562372 kB
MemAvailable:    1411340 kB
Buffers:           89464 kB
Cached:           783176 kB
MemTotal:        1844596 kB
MemFree:          561508 kB
MemAvailable:    1410476 kB
Buffers:           89464 kB
Cached:           783176 kB
MemTotal:        1844596 kB
MemFree:          562484 kB
MemAvailable:    1411452 kB
Buffers:           89464 kB
Cached:           783176 kB
MemTotal:        1844596 kB
MemFree:          562360 kB
MemAvailable:    1411328 kB
Buffers:           89464 kB
Cached:           783176 kB
MemTotal:        1844596 kB
MemFree:          562412 kB
MemAvailable:    1411380 kB
Buffers:           89464 kB
Cached:           783176 kB
MemTotal:        1844596 kB
MemFree:          561064 kB
MemAvailable:    1410032 kB
Buffers:           89464 kB
Cached:           783176 kB
MemTotal:        1844596 kB
MemFree:          562376 kB
MemAvailable:    1411344 kB
Buffers:           89464 kB
Cached:           783176 kB
MemTotal:        1844596 kB
MemFree:          561632 kB
MemAvailable:    1410600 kB
Buffers:           89464 kB
Cached:           783176 kB
MemTotal:        1844596 kB
MemFree:          562288 kB
MemAvailable:    1411256 kB
Buffers:           89464 kB
Cached:           783176 kB
MemTotal:        1844596 kB
MemFree:          562624 kB
MemAvailable:    1411592 kB
Buffers:           89464 kB
Cached:           783176 kB
MemTotal:        1844596 kB
MemFree:          557656 kB
MemAvailable:    1406624 kB
Buffers:           89464 kB
Cached:           783176 kB
MemTotal:        1844596 kB
MemFree:          553260 kB
MemAvailable:    1402228 kB
Buffers:           89464 kB
Cached:           783176 kB
MemTotal:        1844596 kB
MemFree:          549852 kB
MemAvailable:    1398820 kB
Buffers:           89464 kB
Cached:           783176 kB
MemTotal:        1844596 kB
MemFree:          545132 kB
MemAvailable:    1394100 kB
Buffers:           89464 kB
Cached:           783176 kB
MemTotal:        1844596 kB
MemFree:          544528 kB
MemAvailable:    1393496 kB
Buffers:           89464 kB
Cached:           783176 kB
MemTotal:        1844596 kB
MemFree:          544704 kB
MemAvailable:    1393672 kB
Buffers:           89464 kB
Cached:           783176 kB
MemTotal:        1844596 kB
MemFree:          544024 kB
MemAvailable:    1392992 kB
Buffers:           89464 kB
Cached:           783176 kB
MemTotal:        1844596 kB
MemFree:          544620 kB
MemAvailable:    1393588 kB
Buffers:           89464 kB
Cached:           783176 kB
MemTotal:        1844596 kB
MemFree:          544496 kB
MemAvailable:    1393464 kB
Buffers:           89464 kB
Cached:           783176 kB
MemTotal:        1844596 kB
MemFree:          543992 kB
MemAvailable:    1392960 kB
Buffers:           89464 kB
Cached:           783176 kB
MemTotal:        1844596 kB
MemFree:          544244 kB
MemAvailable:    1393212 kB
Buffers:           89464 kB
Cached:           783176 kB
MemTotal:        1844596 kB
MemFree:          543912 kB
MemAvailable:    1392880 kB
Buffers:           89464 kB
Cached:           783176 kB
MemTotal:        1844596 kB
MemFree:          544200 kB
MemAvailable:    1393168 kB
Buffers:           89464 kB
Cached:           783176 kB
MemTotal:        1844596 kB
MemFree:          544200 kB
MemAvailable:    1393168 kB
Buffers:           89464 kB
Cached:           783176 kB
MemTotal:        1844596 kB
MemFree:          543512 kB
MemAvailable:    1392480 kB
Buffers:           89464 kB
Cached:           783176 kB
MemTotal:        1844596 kB
MemFree:          543512 kB
MemAvailable:    1392480 kB
Buffers:           89464 kB
Cached:           783176 kB
MemTotal:        1844596 kB
MemFree:          543516 kB
MemAvailable:    1392484 kB
Buffers:           89464 kB
Cached:           783176 kB
MemTotal:        1844596 kB
MemFree:          543404 kB
MemAvailable:    1392372 kB
Buffers:           89464 kB
Cached:           783176 kB
MemTotal:        1844596 kB
MemFree:          543080 kB
MemAvailable:    1392048 kB
Buffers:           89464 kB
Cached:           783176 kB
MemTotal:        1844596 kB
MemFree:          543080 kB
MemAvailable:    1392048 kB
Buffers:           89464 kB
Cached:           783176 kB
MemTotal:        1844596 kB
MemFree:          542512 kB
MemAvailable:    1391480 kB
Buffers:           89464 kB
Cached:           783176 kB
MemTotal:        1844596 kB
MemFree:          541544 kB
MemAvailable:    1390512 kB
Buffers:           89464 kB
Cached:           783176 kB
MemTotal:        1844596 kB
MemFree:          541720 kB
MemAvailable:    1390688 kB
Buffers:           89464 kB
Cached:           783176 kB
MemTotal:        1844596 kB
MemFree:          540436 kB
MemAvailable:    1389404 kB
Buffers:           89464 kB
Cached:           783176 kB
MemTotal:        1844596 kB
MemFree:          540984 kB
MemAvailable:    1389952 kB
Buffers:           89464 kB
Cached:           783176 kB
MemTotal:        1844596 kB
MemFree:          541068 kB
MemAvailable:    1390036 kB
Buffers:           89464 kB
Cached:           783176 kB
MemTotal:        1844596 kB
MemFree:          539312 kB
MemAvailable:    1388280 kB
Buffers:           89464 kB
Cached:           783176 kB
MemTotal:        1844596 kB
MemFree:          539996 kB
MemAvailable:    1388964 kB
Buffers:           89464 kB
Cached:           783176 kB
MemTotal:        1844596 kB
MemFree:          538392 kB
MemAvailable:    1387360 kB
Buffers:           89464 kB
Cached:           783176 kB
MemTotal:        1844596 kB
MemFree:          538664 kB
MemAvailable:    1387632 kB
Buffers:           89464 kB
Cached:           783176 kB
MemTotal:        1844596 kB
MemFree:          538188 kB
MemAvailable:    1387156 kB
Buffers:           89464 kB
Cached:           783176 kB
MemTotal:        1844596 kB
MemFree:          537808 kB
MemAvailable:    1386776 kB
Buffers:           89464 kB
Cached:           783176 kB
MemTotal:        1844596 kB
MemFree:          537808 kB
MemAvailable:    1386776 kB
Buffers:           89464 kB
Cached:           783176 kB
MemTotal:        1844596 kB
MemFree:          537836 kB
MemAvailable:    1386804 kB
Buffers:           89464 kB
Cached:           783176 kB
MemTotal:        1844596 kB
MemFree:          536656 kB
MemAvailable:    1385624 kB
Buffers:           89464 kB
Cached:           783176 kB
MemTotal:        1844596 kB
MemFree:          536648 kB
MemAvailable:    1385616 kB
Buffers:           89464 kB
Cached:           783176 kB
MemTotal:        1844596 kB
MemFree:          536524 kB
MemAvailable:    1385492 kB
Buffers:           89464 kB
Cached:           783176 kB
MemTotal:        1844596 kB
MemFree:          537328 kB
MemAvailable:    1386296 kB
Buffers:           89464 kB
Cached:           783176 kB
MemTotal:        1844596 kB
MemFree:          535088 kB
MemAvailable:    1384064 kB
Buffers:           89464 kB
Cached:           783184 kB
MemTotal:        1844596 kB
MemFree:          536452 kB
MemAvailable:    1385428 kB
Buffers:           89464 kB
Cached:           783184 kB
MemTotal:        1844596 kB
MemFree:          534964 kB
MemAvailable:    1383940 kB
Buffers:           89464 kB
Cached:           783184 kB
MemTotal:        1844596 kB
MemFree:          536320 kB
MemAvailable:    1385296 kB
Buffers:           89464 kB
Cached:           783184 kB
MemTotal:        1844596 kB
MemFree:          534792 kB
MemAvailable:    1383768 kB
Buffers:           89464 kB
Cached:           783184 kB
MemTotal:        1844596 kB
MemFree:          536156 kB
MemAvailable:    1385132 kB
Buffers:           89464 kB
Cached:           783184 kB
MemTotal:        1844596 kB
MemFree:          536328 kB
MemAvailable:    1385304 kB
Buffers:           89464 kB
Cached:           783184 kB
MemTotal:        1844596 kB
MemFree:          535468 kB
MemAvailable:    1384444 kB
Buffers:           89464 kB
Cached:           783184 kB
MemTotal:        1844596 kB
MemFree:          535908 kB
MemAvailable:    1384884 kB
Buffers:           89464 kB
Cached:           783184 kB
MemTotal:        1844596 kB
MemFree:          536244 kB
MemAvailable:    1385220 kB
Buffers:           89464 kB
Cached:           783184 kB
MemTotal:        1844596 kB
MemFree:          536140 kB
MemAvailable:    1385116 kB
Buffers:           89464 kB
Cached:           783184 kB
MemTotal:        1844596 kB
MemFree:          535468 kB
MemAvailable:    1384444 kB
Buffers:           89464 kB
Cached:           783184 kB
MemTotal:        1844596 kB
MemFree:          536328 kB
MemAvailable:    1385304 kB
Buffers:           89464 kB
Cached:           783184 kB
MemTotal:        1844596 kB
MemFree:          536220 kB
MemAvailable:    1385196 kB
Buffers:           89464 kB
Cached:           783184 kB
MemTotal:        1844596 kB
MemFree:          536072 kB
MemAvailable:    1385048 kB
Buffers:           89464 kB
Cached:           783184 kB
MemTotal:        1844596 kB
MemFree:          535964 kB
MemAvailable:    1384940 kB
Buffers:           89464 kB
Cached:           783184 kB
MemTotal:        1844596 kB
MemFree:          534784 kB
MemAvailable:    1383760 kB
Buffers:           89464 kB
Cached:           783184 kB
MemTotal:        1844596 kB
MemFree:          536156 kB
MemAvailable:    1385132 kB
Buffers:           89464 kB
Cached:           783184 kB
MemTotal:        1844596 kB
MemFree:          536152 kB
MemAvailable:    1385128 kB
Buffers:           89464 kB
Cached:           783184 kB
MemTotal:        1844596 kB
MemFree:          536008 kB
MemAvailable:    1384984 kB
Buffers:           89464 kB
Cached:           783184 kB
MemTotal:        1844596 kB
MemFree:          536008 kB
MemAvailable:    1384984 kB
Buffers:           89464 kB
Cached:           783184 kB
MemTotal:        1844596 kB
MemFree:          536200 kB
MemAvailable:    1385176 kB
Buffers:           89464 kB
Cached:           783184 kB
MemTotal:        1844596 kB
MemFree:          535076 kB
MemAvailable:    1384052 kB
Buffers:           89464 kB
Cached:           783184 kB
MemTotal:        1844596 kB
MemFree:          536020 kB
MemAvailable:    1384996 kB
Buffers:           89464 kB
Cached:           783184 kB
MemTotal:        1844596 kB
MemFree:          535848 kB
MemAvailable:    1384824 kB
Buffers:           89464 kB
Cached:           783184 kB
MemTotal:        1844596 kB
MemFree:          536040 kB
MemAvailable:    1385016 kB
Buffers:           89464 kB
Cached:           783184 kB
MemTotal:        1844596 kB
MemFree:          536220 kB
MemAvailable:    1385196 kB
Buffers:           89464 kB
Cached:           783184 kB
MemTotal:        1844596 kB
MemFree:          535344 kB
MemAvailable:    1384320 kB
Buffers:           89464 kB
Cached:           783184 kB
MemTotal:        1844596 kB
MemFree:          535944 kB
MemAvailable:    1384920 kB
Buffers:           89464 kB
Cached:           783184 kB
MemTotal:        1844596 kB
MemFree:          536280 kB
MemAvailable:    1385256 kB
Buffers:           89464 kB
Cached:           783184 kB
MemTotal:        1844596 kB
MemFree:          535036 kB
MemAvailable:    1384012 kB
Buffers:           89464 kB
Cached:           783184 kB
MemTotal:        1844596 kB
MemFree:          534780 kB
MemAvailable:    1383756 kB
Buffers:           89464 kB
Cached:           783184 kB
MemTotal:        1844596 kB
MemFree:          536152 kB
MemAvailable:    1385128 kB
Buffers:           89464 kB
Cached:           783184 kB
MemTotal:        1844596 kB
MemFree:          536188 kB
MemAvailable:    1385164 kB
Buffers:           89464 kB
Cached:           783184 kB
MemTotal:        1844596 kB
MemFree:          535344 kB
MemAvailable:    1384320 kB
Buffers:           89464 kB
Cached:           783184 kB
MemTotal:        1844596 kB
MemFree:          536028 kB
MemAvailable:    1385004 kB
Buffers:           89464 kB
Cached:           783184 kB
MemTotal:        1844596 kB
MemFree:          536280 kB
MemAvailable:    1385256 kB
Buffers:           89464 kB
Cached:           783184 kB
MemTotal:        1844596 kB
MemFree:          534800 kB
MemAvailable:    1383776 kB
Buffers:           89464 kB
Cached:           783184 kB
MemTotal:        1844596 kB
MemFree:          536076 kB
MemAvailable:    1385052 kB
Buffers:           89464 kB
Cached:           783184 kB
MemTotal:        1844596 kB
MemFree:          536296 kB
MemAvailable:    1385272 kB
Buffers:           89464 kB
Cached:           783184 kB
MemTotal:        1844596 kB
MemFree:          536040 kB
MemAvailable:    1385016 kB
Buffers:           89464 kB
Cached:           783184 kB
MemTotal:        1844596 kB
MemFree:          535208 kB
MemAvailable:    1384184 kB
Buffers:           89464 kB
Cached:           783184 kB
MemTotal:        1844596 kB
MemFree:          534960 kB
MemAvailable:    1383936 kB
Buffers:           89464 kB
Cached:           783184 kB
MemTotal:        1844596 kB
MemFree:          536016 kB
MemAvailable:    1384992 kB
Buffers:           89464 kB
Cached:           783184 kB
MemTotal:        1844596 kB
MemFree:          536276 kB
MemAvailable:    1385252 kB
Buffers:           89464 kB
Cached:           783184 kB
MemTotal:        1844596 kB
MemFree:          533484 kB
MemAvailable:    1382460 kB
Buffers:           89464 kB
Cached:           783184 kB
MemTotal:        1844596 kB
MemFree:          531004 kB
MemAvailable:    1379980 kB
Buffers:           89464 kB
Cached:           783184 kB
MemTotal:        1844596 kB
MemFree:          527524 kB
MemAvailable:    1376500 kB
Buffers:           89464 kB
Cached:           783184 kB
MemTotal:        1844596 kB
MemFree:          526548 kB
MemAvailable:    1375524 kB
Buffers:           89464 kB
Cached:           783184 kB
MemTotal:        1844596 kB
MemFree:          523688 kB
MemAvailable:    1372664 kB
Buffers:           89464 kB
Cached:           783184 kB
MemTotal:        1844596 kB
MemFree:          519456 kB
MemAvailable:    1368432 kB
Buffers:           89464 kB
Cached:           783184 kB
MemTotal:        1844596 kB
MemFree:          519668 kB
MemAvailable:    1368644 kB
Buffers:           89464 kB
Cached:           783184 kB
MemTotal:        1844596 kB
MemFree:          516000 kB
MemAvailable:    1364976 kB
Buffers:           89464 kB
Cached:           783184 kB
MemTotal:        1844596 kB
MemFree:          516696 kB
MemAvailable:    1365672 kB
Buffers:           89464 kB
Cached:           783184 kB
MemTotal:        1844596 kB
MemFree:          516752 kB
MemAvailable:    1365728 kB
Buffers:           89464 kB
Cached:           783184 kB
MemTotal:        1844596 kB
MemFree:          516624 kB
MemAvailable:    1365600 kB
Buffers:           89464 kB
Cached:           783184 kB
MemTotal:        1844596 kB
MemFree:          515492 kB
MemAvailable:    1364468 kB
Buffers:           89464 kB
Cached:           783184 kB
MemTotal:        1844596 kB
MemFree:          516552 kB
MemAvailable:    1365528 kB
Buffers:           89464 kB
Cached:           783184 kB
MemTotal:        1844596 kB
MemFree:          516552 kB
MemAvailable:    1365528 kB
Buffers:           89464 kB
Cached:           783184 kB
MemTotal:        1844596 kB
MemFree:          515492 kB
MemAvailable:    1364468 kB
Buffers:           89464 kB
Cached:           783184 kB
MemTotal:        1844596 kB
MemFree:          515236 kB
MemAvailable:    1364212 kB
Buffers:           89464 kB
Cached:           783184 kB
MemTotal:        1844596 kB
MemFree:          516684 kB
MemAvailable:    1365660 kB
Buffers:           89464 kB
Cached:           783184 kB
MemTotal:        1844596 kB
MemFree:          516488 kB
MemAvailable:    1365464 kB
Buffers:           89464 kB
Cached:           783184 kB
MemTotal:        1844596 kB
MemFree:          515312 kB
MemAvailable:    1364288 kB
Buffers:           89464 kB
Cached:           783184 kB
MemTotal:        1844596 kB
MemFree:          515604 kB
MemAvailable:    1364580 kB
Buffers:           89464 kB
Cached:           783184 kB
MemTotal:        1844596 kB
MemFree:          515348 kB
MemAvailable:    1364324 kB
Buffers:           89464 kB
Cached:           783184 kB
MemTotal:        1844596 kB
MemFree:          516584 kB
MemAvailable:    1365560 kB
Buffers:           89464 kB
Cached:           783184 kB
MemTotal:        1844596 kB
MemFree:          515504 kB
MemAvailable:    1364480 kB
Buffers:           89464 kB
Cached:           783184 kB
MemTotal:        1844596 kB
MemFree:          516332 kB
MemAvailable:    1365312 kB
Buffers:           89464 kB
Cached:           783188 kB
MemTotal:        1844596 kB
MemFree:          515132 kB
MemAvailable:    1364112 kB
Buffers:           89464 kB
Cached:           783188 kB
MemTotal:        1844596 kB
MemFree:          516384 kB
MemAvailable:    1365364 kB
Buffers:           89464 kB
Cached:           783188 kB
MemTotal:        1844596 kB
MemFree:          515636 kB
MemAvailable:    1364616 kB
Buffers:           89464 kB
Cached:           783188 kB
MemTotal:        1844596 kB
MemFree:          516364 kB
MemAvailable:    1365344 kB
Buffers:           89464 kB
Cached:           783188 kB
MemTotal:        1844596 kB
MemFree:          516616 kB
MemAvailable:    1365596 kB
Buffers:           89464 kB
Cached:           783188 kB
MemTotal:        1844596 kB
MemFree:          515000 kB
MemAvailable:    1363988 kB
Buffers:           89464 kB
Cached:           783196 kB
MemTotal:        1844596 kB
MemFree:          515124 kB
MemAvailable:    1364112 kB
Buffers:           89464 kB
Cached:           783196 kB
MemTotal:        1844596 kB
MemFree:          515876 kB
MemAvailable:    1364864 kB
Buffers:           89464 kB
Cached:           783196 kB
MemTotal:        1844596 kB
MemFree:          514760 kB
MemAvailable:    1363748 kB
Buffers:           89464 kB
Cached:           783196 kB
MemTotal:        1844596 kB
MemFree:          515308 kB
MemAvailable:    1364296 kB
Buffers:           89464 kB
Cached:           783196 kB
MemTotal:        1844596 kB
MemFree:          515644 kB
MemAvailable:    1364632 kB
Buffers:           89464 kB
Cached:           783196 kB
MemTotal:        1844596 kB
MemFree:          506948 kB
MemAvailable:    1355936 kB
Buffers:           89464 kB
Cached:           783196 kB
MemTotal:        1844596 kB
MemFree:          506148 kB
MemAvailable:    1355136 kB
Buffers:           89464 kB
Cached:           783196 kB
MemTotal:        1844596 kB
MemFree:          505328 kB
MemAvailable:    1354316 kB
Buffers:           89464 kB
Cached:           783196 kB
MemTotal:        1844596 kB
MemFree:          506576 kB
MemAvailable:    1355564 kB
Buffers:           89464 kB
Cached:           783196 kB
MemTotal:        1844596 kB
MemFree:          506304 kB
MemAvailable:    1355292 kB
Buffers:           89464 kB
Cached:           783196 kB
MemTotal:        1844596 kB
MemFree:          506304 kB
MemAvailable:    1355292 kB
Buffers:           89464 kB
Cached:           783196 kB
MemTotal:        1844596 kB
MemFree:          505032 kB
MemAvailable:    1354020 kB
Buffers:           89464 kB
Cached:           783196 kB
MemTotal:        1844596 kB
MemFree:          506316 kB
MemAvailable:    1355304 kB
Buffers:           89464 kB
Cached:           783196 kB
MemTotal:        1844596 kB
MemFree:          505460 kB
MemAvailable:    1354448 kB
Buffers:           89464 kB
Cached:           783196 kB
MemTotal:        1844596 kB
MemFree:          506024 kB
MemAvailable:    1355012 kB
Buffers:           89464 kB
Cached:           783196 kB
MemTotal:        1844596 kB
MemFree:          506360 kB
MemAvailable:    1355348 kB
Buffers:           89464 kB
Cached:           783196 kB
MemTotal:        1844596 kB
MemFree:          505900 kB
MemAvailable:    1355056 kB
Buffers:           89464 kB
Cached:           783444 kB
MemTotal:        1844596 kB
MemFree:          505900 kB
MemAvailable:    1355056 kB
Buffers:           89464 kB
Cached:           783444 kB
MemTotal:        1844596 kB
MemFree:          505768 kB
MemAvailable:    1355092 kB
Buffers:           89464 kB
Cached:           783568 kB
MemTotal:        1844596 kB
MemFree:          505832 kB
MemAvailable:    1355156 kB
Buffers:           89464 kB
Cached:           783568 kB
MemTotal:        1844596 kB
MemFree:          505428 kB
MemAvailable:    1354920 kB
Buffers:           89464 kB
Cached:           783692 kB
MemTotal:        1844596 kB
MemFree:          504452 kB
MemAvailable:    1354028 kB
Buffers:           89464 kB
Cached:           783692 kB
MemTotal:        1844596 kB
MemFree:          505308 kB
MemAvailable:    1354884 kB
Buffers:           89464 kB
Cached:           783816 kB
MemTotal:        1844596 kB
MemFree:          505248 kB
MemAvailable:    1354824 kB
Buffers:           89464 kB
Cached:           783816 kB
MemTotal:        1844596 kB
MemFree:          505404 kB
MemAvailable:    1354980 kB
Buffers:           89464 kB
Cached:           783816 kB
MemTotal:        1844596 kB
MemFree:          505508 kB
MemAvailable:    1355084 kB
Buffers:           89464 kB
Cached:           783816 kB
MemTotal:        1844596 kB
MemFree:          504284 kB
MemAvailable:    1353860 kB
Buffers:           89464 kB
Cached:           783816 kB
MemTotal:        1844596 kB
MemFree:          505304 kB
MemAvailable:    1354880 kB
Buffers:           89464 kB
Cached:           783816 kB
MemTotal:        1844596 kB
MemFree:          505388 kB
MemAvailable:    1354964 kB
Buffers:           89464 kB
Cached:           783816 kB
MemTotal:        1844596 kB
MemFree:          505328 kB
MemAvailable:    1355072 kB
Buffers:           89464 kB
Cached:           783940 kB
MemTotal:        1844596 kB
MemFree:          505000 kB
MemAvailable:    1353988 kB
Buffers:           89464 kB
Cached:           783184 kB
MemTotal:        1844596 kB
MemFree:          504088 kB
MemAvailable:    1353052 kB
Buffers:           89464 kB
Cached:           783128 kB
MemTotal:        1844596 kB
MemFree:          644756 kB
MemAvailable:    1493720 kB
Buffers:           89464 kB
Cached:           783128 kB
MemTotal:        1844596 kB
MemFree:          543356 kB
MemAvailable:    1392320 kB
Buffers:           89464 kB
Cached:           783128 kB
