MemTotal:        1844596 kB
MemFree:          807144 kB
MemAvailable:    1545620 kB
Buffers:           87060 kB
Cached:           679508 kB
MemTotal:        1844596 kB
MemFree:          779344 kB
MemAvailable:    1517824 kB
Buffers:           87060 kB
Cached:           679512 kB
MemTotal:        1844596 kB
MemFree:          780124 kB
MemAvailable:    1518604 kB
Buffers:           87060 kB
Cached:           679512 kB
MemTotal:        1844596 kB
MemFree:          778228 kB
MemAvailable:    1516708 kB
Buffers:           87060 kB
Cached:           679512 kB
MemTotal:        1844596 kB
MemFree:          776600 kB
MemAvailable:    1515080 kB
Buffers:           87060 kB
Cached:           679512 kB
MemTotal:        1844596 kB
MemFree:          775748 kB
MemAvailable:    1514228 kB
Buffers:           87060 kB
Cached:           679512 kB
MemTotal:        1844596 kB
MemFree:          775236 kB
MemAvailable:    1513716 kB
Buffers:           87060 kB
Cached:           679512 kB
MemTotal:        1844596 kB
MemFree:          773764 kB
MemAvailable:    1512244 kB
Buffers:           87060 kB
Cached:           679512 kB
MemTotal:        1844596 kB
MemFree:          772328 kB
MemAvailable:    1510808 kB
Buffers:           87060 kB
Cached:           679512 kB
MemTotal:        1844596 kB
MemFree:          768680 kB
MemAvailable:    1507160 kB
Buffers:           87060 kB
Cached:           679512 kB
MemTotal:        1844596 kB
MemFree:          765632 kB
MemAvailable:    1504112 kB
Buffers:           87060 kB
Cached:           679512 kB
MemTotal:        1844596 kB
MemFree:          764216 kB
MemAvailable:    1502696 kB
Buffers:           87060 kB
Cached:           679512 kB
MemTotal:        1844596 kB
MemFree:          767708 kB
MemAvailable:    1506188 kB
Buffers:           87060 kB
Cached:           679512 kB
MemTotal:        1844596 kB
MemFree:          767880 kB
MemAvailable:    1506360 kB
Buffers:           87060 kB
Cached:           679512 kB
MemTotal:        1844596 kB
MemFree:          767844 kB
MemAvailable:    1506324 kB
Buffers:           87060 kB
Cached:           679512 kB
MemTotal:        1844596 kB
MemFree:          767528 kB
MemAvailable:    1506008 kB
Buffers:           87060 kB
Cached:           679512 kB
MemTotal:        1844596 kB
MemFree:          767528 kB
MemAvailable:    1506008 kB
Buffers:           87060 kB
Cached:           679512 kB
MemTotal:        1844596 kB
MemFree:          766076 kB
MemAvailable:    1504556 kB
Buffers:           87060 kB
Cached:           679512 kB
MemTotal:        1844596 kB
MemFree:          767268 kB
MemAvailable:    1505748 kB
Buffers:           87060 kB
Cached:           679512 kB
MemTotal:        1844596 kB
MemFree:          767040 kB
MemAvailable:    1505520 kB
Buffers:           87060 kB
Cached:           679512 kB
MemTotal:        1844596 kB
MemFree:          767292 kB
MemAvailable:    1505772 kB
Buffers:           87060 kB
Cached:           679512 kB
MemTotal:        1844596 kB
MemFree:          765772 kB
MemAvailable:    1504252 kB
Buffers:           87060 kB
Cached:           679512 kB
MemTotal:        1844596 kB
MemFree:          766036 kB
MemAvailable:    1504516 kB
Buffers:           87060 kB
Cached:           679512 kB
MemTotal:        1844596 kB
MemFree:          765780 kB
MemAvailable:    1504260 kB
Buffers:           87060 kB
Cached:           679512 kB
MemTotal:        1844596 kB
MemFree:          766632 kB
MemAvailable:    1505112 kB
Buffers:           87060 kB
Cached:           679512 kB
MemTotal:        1844596 kB
MemFree:          766176 kB
MemAvailable:    1504656 kB
Buffers:           87060 kB
Cached:           679512 kB
MemTotal:        1844596 kB
MemFree:          766176 kB
MemAvailable:    1504656 kB
Buffers:           87060 kB
Cached:           679512 kB
MemTotal:        1844596 kB
MemFree:          765028 kB
MemAvailable:    1503508 kB
Buffers:           87060 kB
Cached:           679512 kB
MemTotal:        1844596 kB
MemFree:          765028 kB
MemAvailable:    1503508 kB
Buffers:           87060 kB
Cached:           679512 kB
MemTotal:        1844596 kB
MemFree:          764580 kB
MemAvailable:    1503060 kB
Buffers:           87060 kB
Cached:           679512 kB
MemTotal:        1844596 kB
MemFree:          765084 kB
MemAvailable:    1503564 kB
Buffers:           87060 kB
Cached:           679512 kB
MemTotal:        1844596 kB
MemFree:          763712 kB
MemAvailable:    1502192 kB
Buffers:           87060 kB
Cached:           679512 kB
MemTotal:        1844596 kB
MemFree:          764640 kB
MemAvailable:    1503120 kB
Buffers:           87060 kB
Cached:           679512 kB
MemTotal:        1844596 kB
MemFree:          763548 kB
MemAvailable:    1502028 kB
Buffers:           87060 kB
Cached:           679512 kB
MemTotal:        1844596 kB
MemFree:          764752 kB
MemAvailable:    1503232 kB
Buffers:           87060 kB
Cached:           679512 kB
MemTotal:        1844596 kB
MemFree:          763700 kB
MemAvailable:    1502180 kB
Buffers:           87060 kB
Cached:           679512 kB
MemTotal:        1844596 kB
MemFree:          763536 kB
MemAvailable:    1502016 kB
Buffers:           87060 kB
Cached:           679512 kB
MemTotal:        1844596 kB
MemFree:          764772 kB
MemAvailable:    1503252 kB
Buffers:           87060 kB
Cached:           679512 kB
MemTotal:        1844596 kB
MemFree:          763568 kB
MemAvailable:    1502048 kB
Buffers:           87060 kB
Cached:           679512 kB
MemTotal:        1844596 kB
MemFree:          763952 kB
MemAvailable:    1502432 kB
Buffers:           87060 kB
Cached:           679512 kB
MemTotal:        1844596 kB
MemFree:          764036 kB
MemAvailable:    1502516 kB
Buffers:           87060 kB
Cached:           679512 kB
MemTotal:        1844596 kB
MemFree:          759876 kB
MemAvailable:    1498356 kB
Buffers:           87060 kB
Cached:           679512 kB
MemTotal:        1844596 kB
MemFree:          759688 kB
MemAvailable:    1498168 kB
Buffers:           87060 kB
Cached:           679512 kB
MemTotal:        1844596 kB
MemFree:          758380 kB
MemAvailable:    1496860 kB
Buffers:           87060 kB
Cached:           679512 kB
MemTotal:        1844596 kB
MemFree:          759684 kB
MemAvailable:    1498164 kB
Buffers:           87060 kB
Cached:           679512 kB
MemTotal:        1844596 kB
MemFree:          759300 kB
MemAvailable:    1497780 kB
Buffers:           87060 kB
Cached:           679512 kB
MemTotal:        1844596 kB
MemFree:          758124 kB
MemAvailable:    1496604 kB
Buffers:           87060 kB
Cached:           679512 kB
MemTotal:        1844596 kB
MemFree:          758264 kB
MemAvailable:    1496744 kB
Buffers:           87060 kB
Cached:           679512 kB
MemTotal:        1844596 kB
MemFree:          757760 kB
MemAvailable:    1496240 kB
Buffers:           87060 kB
Cached:           679512 kB
MemTotal:        1844596 kB
MemFree:          758812 kB
MemAvailable:    1497292 kB
Buffers:           87060 kB
Cached:           679512 kB
MemTotal:        1844596 kB
MemFree:          758812 kB
MemAvailable:    1497292 kB
Buffers:           87060 kB
Cached:           679512 kB
MemTotal:        1844596 kB
MemFree:          757700 kB
MemAvailable:    1496180 kB
Buffers:           87060 kB
Cached:           679512 kB
MemTotal:        1844596 kB
MemFree:          757708 kB
MemAvailable:    1496188 kB
Buffers:           87060 kB
Cached:           679512 kB
MemTotal:        1844596 kB
MemFree:          759076 kB
MemAvailable:    1497556 kB
Buffers:           87060 kB
Cached:           679512 kB
MemTotal:        1844596 kB
MemFree:          759108 kB
MemAvailable:    1497588 kB
Buffers:           87060 kB
Cached:           679512 kB
MemTotal:        1844596 kB
MemFree:          757872 kB
MemAvailable:    1496352 kB
Buffers:           87060 kB
Cached:           679512 kB
MemTotal:        1844596 kB
MemFree:          755156 kB
MemAvailable:    1493636 kB
Buffers:           87060 kB
Cached:           679512 kB
MemTotal:        1844596 kB
MemFree:          751816 kB
MemAvailable:    1490296 kB
Buffers:           87060 kB
Cached:           679512 kB
MemTotal:        1844596 kB
MemFree:          752684 kB
MemAvailable:    1491164 kB
Buffers:           87060 kB
Cached:           679512 kB
MemTotal:        1844596 kB
MemFree:          751692 kB
MemAvailable:    1490172 kB
Buffers:           87060 kB
Cached:           679512 kB
MemTotal:        1844596 kB
MemFree:          751056 kB
MemAvailable:    1489536 kB
Buffers:           87060 kB
Cached:           679512 kB
MemTotal:        1844596 kB
MemFree:          751392 kB
MemAvailable:    1489872 kB
Buffers:           87060 kB
Cached:           679512 kB
MemTotal:        1844596 kB
MemFree:          749328 kB
MemAvailable:    1487808 kB
Buffers:           87060 kB
Cached:           679512 kB
MemTotal:        1844596 kB
MemFree:          749204 kB
MemAvailable:    1487684 kB
Buffers:           87060 kB
Cached:           679512 kB
MemTotal:        1844596 kB
MemFree:          750272 kB
MemAvailable:    1488752 kB
Buffers:           87060 kB
Cached:           679512 kB
MemTotal:        1844596 kB
MemFree:          749156 kB
MemAvailable:    1487636 kB
Buffers:           87060 kB
Cached:           679512 kB
MemTotal:        1844596 kB
MemFree:          749024 kB
MemAvailable:    1487504 kB
Buffers:           87060 kB
Cached:           679512 kB
MemTotal:        1844596 kB
MemFree:          750200 kB
MemAvailable:    1488680 kB
Buffers:           87060 kB
Cached:           679512 kB
MemTotal:        1844596 kB
MemFree:          749460 kB
MemAvailable:    1487940 kB
Buffers:           87060 kB
Cached:           679512 kB
MemTotal:        1844596 kB
MemFree:          748952 kB
MemAvailable:    1487432 kB
Buffers:           87060 kB
Cached:           679512 kB
MemTotal:        1844596 kB
MemFree:          750276 kB
MemAvailable:    1488756 kB
Buffers:           87060 kB
Cached:           679512 kB
MemTotal:        1844596 kB
MemFree:          749076 kB
MemAvailable:    1487556 kB
Buffers:           87060 kB
Cached:           679512 kB
MemTotal:        1844596 kB
MemFree:          750072 kB
MemAvailable:    1488552 kB
Buffers:           87060 kB
Cached:           679512 kB
MemTotal:        1844596 kB
MemFree:          749468 kB
MemAvailable:    1487948 kB
Buffers:           87060 kB
Cached:           679512 kB
MemTotal:        1844596 kB
MemFree:          750620 kB
MemAvailable:    1489104 kB
Buffers:           87060 kB
Cached:           679516 kB
MemTotal:        1844596 kB
MemFree:          749212 kB
MemAvailable:    1487696 kB
Buffers:           87060 kB
Cached:           679516 kB
MemTotal:        1844596 kB
MemFree:          749844 kB
MemAvailable:    1488328 kB
Buffers:           87060 kB
Cached:           679516 kB
MemTotal:        1844596 kB
MemFree:          748788 kB
MemAvailable:    1487272 kB
Buffers:           87060 kB
Cached:           679516 kB
MemTotal:        1844596 kB
MemFree:          749760 kB
MemAvailable:    1488244 kB
Buffers:           87060 kB
Cached:           679516 kB
MemTotal:        1844596 kB
MemFree:          750012 kB
MemAvailable:    1488496 kB
Buffers:           87060 kB
Cached:           679516 kB
MemTotal:        1844596 kB
MemFree:          748696 kB
MemAvailable:    1487180 kB
Buffers:           87060 kB
Cached:           679516 kB
MemTotal:        1844596 kB
MemFree:          748696 kB
MemAvailable:    1487180 kB
Buffers:           87060 kB
Cached:           679516 kB
MemTotal:        1844596 kB
MemFree:          748688 kB
MemAvailable:    1487172 kB
Buffers:           87060 kB
Cached:           679516 kB
MemTotal:        1844596 kB
MemFree:          746732 kB
MemAvailable:    1485216 kB
Buffers:           87060 kB
Cached:           679516 kB
MemTotal:        1844596 kB
MemFree:          743500 kB
MemAvailable:    1481984 kB
Buffers:           87060 kB
Cached:           679516 kB
MemTotal:        1844596 kB
MemFree:          741772 kB
MemAvailable:    1480256 kB
Buffers:           87060 kB
Cached:           679516 kB
MemTotal:        1844596 kB
MemFree:          740532 kB
MemAvailable:    1479016 kB
Buffers:           87060 kB
Cached:           679516 kB
MemTotal:        1844596 kB
MemFree:          741372 kB
MemAvailable:    1479856 kB
Buffers:           87060 kB
Cached:           679516 kB
MemTotal:        1844596 kB
MemFree:          741708 kB
MemAvailable:    1480192 kB
Buffers:           87060 kB
Cached:           679516 kB
MemTotal:        1844596 kB
MemFree:          741324 kB
MemAvailable:    1479808 kB
Buffers:           87060 kB
Cached:           679516 kB
MemTotal:        1844596 kB
MemFree:          741324 kB
MemAvailable:    1479808 kB
Buffers:           87060 kB
Cached:           679516 kB
MemTotal:        1844596 kB
MemFree:          741096 kB
MemAvailable:    1479580 kB
Buffers:           87060 kB
Cached:           679516 kB
MemTotal:        1844596 kB
MemFree:          741276 kB
MemAvailable:    1479760 kB
Buffers:           87060 kB
Cached:           679516 kB
MemTotal:        1844596 kB
MemFree:          740012 kB
MemAvailable:    1478496 kB
Buffers:           87060 kB
Cached:           679516 kB
MemTotal:        1844596 kB
MemFree:          741244 kB
MemAvailable:    1479728 kB
Buffers:           87060 kB
Cached:           679516 kB
MemTotal:        1844596 kB
MemFree:          741112 kB
MemAvailable:    1479604 kB
Buffers:           87060 kB
Cached:           679524 kB
MemTotal:        1844596 kB
MemFree:          740036 kB
MemAvailable:    1478528 kB
Buffers:           87060 kB
Cached:           679524 kB
MemTotal:        1844596 kB
MemFree:          739780 kB
MemAvailable:    1478272 kB
Buffers:           87060 kB
Cached:           679524 kB
MemTotal:        1844596 kB
MemFree:          741228 kB
MemAvailable:    1479720 kB
Buffers:           87060 kB
Cached:           679524 kB
MemTotal:        1844596 kB
MemFree:          739912 kB
MemAvailable:    1478404 kB
Buffers:           87060 kB
Cached:           679524 kB
MemTotal:        1844596 kB
MemFree:          739856 kB
MemAvailable:    1478348 kB
Buffers:           87060 kB
Cached:           679524 kB
MemTotal:        1844596 kB
MemFree:          739988 kB
MemAvailable:    1478480 kB
Buffers:           87060 kB
Cached:           679524 kB
MemTotal:        1844596 kB
MemFree:          741104 kB
MemAvailable:    1479596 kB
Buffers:           87060 kB
Cached:           679524 kB
MemTotal:        1844596 kB
MemFree:          739984 kB
MemAvailable:    1478476 kB
Buffers:           87060 kB
Cached:           679524 kB
MemTotal:        1844596 kB
MemFree:          740108 kB
MemAvailable:    1478600 kB
Buffers:           87060 kB
Cached:           679524 kB
MemTotal:        1844596 kB
MemFree:          739984 kB
MemAvailable:    1478476 kB
Buffers:           87060 kB
Cached:           679524 kB
MemTotal:        1844596 kB
MemFree:          741308 kB
MemAvailable:    1479800 kB
Buffers:           87060 kB
Cached:           679524 kB
MemTotal:        1844596 kB
MemFree:          740108 kB
MemAvailable:    1478600 kB
Buffers:           87060 kB
Cached:           679524 kB
MemTotal:        1844596 kB
MemFree:          740108 kB
MemAvailable:    1478600 kB
Buffers:           87060 kB
Cached:           679524 kB
MemTotal:        1844596 kB
MemFree:          741216 kB
MemAvailable:    1479708 kB
Buffers:           87060 kB
Cached:           679524 kB
MemTotal:        1844596 kB
MemFree:          740284 kB
MemAvailable:    1478776 kB
Buffers:           87060 kB
Cached:           679524 kB
MemTotal:        1844596 kB
MemFree:          740980 kB
MemAvailable:    1479472 kB
Buffers:           87060 kB
Cached:           679524 kB
MemTotal:        1844596 kB
MemFree:          741236 kB
MemAvailable:    1479728 kB
Buffers:           87060 kB
Cached:           679524 kB
MemTotal:        1844596 kB
MemFree:          741232 kB
MemAvailable:    1479724 kB
Buffers:           87060 kB
Cached:           679524 kB
MemTotal:        1844596 kB
MemFree:          740028 kB
MemAvailable:    1478520 kB
Buffers:           87060 kB
Cached:           679524 kB
MemTotal:        1844596 kB
MemFree:          740020 kB
MemAvailable:    1478512 kB
Buffers:           87060 kB
Cached:           679524 kB
MemTotal:        1844596 kB
MemFree:          739912 kB
MemAvailable:    1478404 kB
Buffers:           87060 kB
Cached:           679524 kB
MemTotal:        1844596 kB
MemFree:          740236 kB
MemAvailable:    1478728 kB
Buffers:           87060 kB
Cached:           679524 kB
MemTotal:        1844596 kB
MemFree:          741144 kB
MemAvailable:    1479636 kB
Buffers:           87060 kB
Cached:           679524 kB
MemTotal:        1844596 kB
MemFree:          741396 kB
MemAvailable:    1479888 kB
Buffers:           87060 kB
Cached:           679524 kB
MemTotal:        1844596 kB
MemFree:          739864 kB
MemAvailable:    1478356 kB
Buffers:           87060 kB
Cached:           679524 kB
MemTotal:        1844596 kB
MemFree:          738356 kB
MemAvailable:    1476848 kB
Buffers:           87060 kB
Cached:           679524 kB
MemTotal:        1844596 kB
MemFree:          736076 kB
MemAvailable:    1474568 kB
Buffers:           87060 kB
Cached:           679524 kB
MemTotal:        1844596 kB
MemFree:          732080 kB
MemAvailable:    1470572 kB
Buffers:           87060 kB
Cached:           679524 kB
MemTotal:        1844596 kB
MemFree:          730340 kB
MemAvailable:    1468832 kB
Buffers:           87060 kB
Cached:           679524 kB
MemTotal:        1844596 kB
MemFree:          730424 kB
MemAvailable:    1468916 kB
Buffers:           87060 kB
Cached:           679524 kB
MemTotal:        1844596 kB
MemFree:          729180 kB
MemAvailable:    1467672 kB
Buffers:           87060 kB
Cached:           679524 kB
MemTotal:        1844596 kB
MemFree:          730340 kB
MemAvailable:    1468832 kB
Buffers:           87060 kB
Cached:           679524 kB
MemTotal:        1844596 kB
MemFree:          730396 kB
MemAvailable:    1468888 kB
Buffers:           87060 kB
Cached:           679524 kB
MemTotal:        1844596 kB
MemFree:          730232 kB
MemAvailable:    1468724 kB
Buffers:           87060 kB
Cached:           679524 kB
MemTotal:        1844596 kB
MemFree:          730568 kB
MemAvailable:    1469060 kB
Buffers:           87060 kB
Cached:           679524 kB
MemTotal:        1844596 kB
MemFree:          730356 kB
MemAvailable:    1468848 kB
Buffers:           87060 kB
Cached:           679524 kB
MemTotal:        1844596 kB
MemFree:          729876 kB
MemAvailable:    1468368 kB
Buffers:           87060 kB
Cached:           679524 kB
MemTotal:        1844596 kB
MemFree:          730316 kB
MemAvailable:    1468808 kB
Buffers:           87060 kB
Cached:           679524 kB
MemTotal:        1844596 kB
MemFree:          730212 kB
MemAvailable:    1468704 kB
Buffers:           87060 kB
Cached:           679524 kB
MemTotal:        1844596 kB
MemFree:          729112 kB
MemAvailable:    1467604 kB
Buffers:           87060 kB
Cached:           679524 kB
MemTotal:        1844596 kB
MemFree:          730480 kB
MemAvailable:    1468972 kB
Buffers:           87060 kB
Cached:           679524 kB
MemTotal:        1844596 kB
MemFree:          729620 kB
MemAvailable:    1468112 kB
Buffers:           87060 kB
Cached:           679524 kB
MemTotal:        1844596 kB
MemFree:          730708 kB
MemAvailable:    1469204 kB
Buffers:           87060 kB
Cached:           679528 kB
MemTotal:        1844596 kB
MemFree:          730544 kB
MemAvailable:    1469040 kB
Buffers:           87060 kB
Cached:           679528 kB
MemTotal:        1844596 kB
MemFree:          730152 kB
MemAvailable:    1468648 kB
Buffers:           87060 kB
Cached:           679528 kB
MemTotal:        1844596 kB
MemFree:          730412 kB
MemAvailable:    1468908 kB
Buffers:           87060 kB
Cached:           679528 kB
MemTotal:        1844596 kB
MemFree:          728932 kB
MemAvailable:    1467428 kB
Buffers:           87060 kB
Cached:           679528 kB
MemTotal:        1844596 kB
MemFree:          730232 kB
MemAvailable:    1468728 kB
Buffers:           87060 kB
Cached:           679528 kB
MemTotal:        1844596 kB
MemFree:          729628 kB
MemAvailable:    1468124 kB
Buffers:           87060 kB
Cached:           679528 kB
MemTotal:        1844596 kB
MemFree:          730184 kB
MemAvailable:    1468680 kB
Buffers:           87060 kB
Cached:           679528 kB
MemTotal:        1844596 kB
MemFree:          730116 kB
MemAvailable:    1468612 kB
Buffers:           87060 kB
Cached:           679528 kB
MemTotal:        1844596 kB
MemFree:          729068 kB
MemAvailable:    1467564 kB
Buffers:           87060 kB
Cached:           679528 kB
MemTotal:        1844596 kB
MemFree:          730212 kB
MemAvailable:    1468708 kB
Buffers:           87060 kB
Cached:           679528 kB
MemTotal:        1844596 kB
MemFree:          729992 kB
MemAvailable:    1468488 kB
Buffers:           87060 kB
Cached:           679528 kB
MemTotal:        1844596 kB
MemFree:          728980 kB
MemAvailable:    1467476 kB
Buffers:           87060 kB
Cached:           679528 kB
MemTotal:        1844596 kB
MemFree:          730436 kB
MemAvailable:    1468932 kB
Buffers:           87060 kB
Cached:           679528 kB
MemTotal:        1844596 kB
MemFree:          730436 kB
MemAvailable:    1468932 kB
Buffers:           87060 kB
Cached:           679528 kB
MemTotal:        1844596 kB
MemFree:          728984 kB
MemAvailable:    1467480 kB
Buffers:           87060 kB
Cached:           679528 kB
MemTotal:        1844596 kB
MemFree:          730340 kB
MemAvailable:    1468836 kB
Buffers:           87060 kB
Cached:           679528 kB
MemTotal:        1844596 kB
MemFree:          730364 kB
MemAvailable:    1468860 kB
Buffers:           87060 kB
Cached:           679528 kB
MemTotal:        1844596 kB
MemFree:          729180 kB
MemAvailable:    1467676 kB
Buffers:           87060 kB
Cached:           679528 kB
MemTotal:        1844596 kB
MemFree:          730332 kB
MemAvailable:    1468828 kB
Buffers:           87060 kB
Cached:           679528 kB
MemTotal:        1844596 kB
MemFree:          729620 kB
MemAvailable:    1468116 kB
Buffers:           87060 kB
Cached:           679528 kB
MemTotal:        1844596 kB
MemFree:          730052 kB
MemAvailable:    1468552 kB
Buffers:           87060 kB
Cached:           679532 kB
MemTotal:        1844596 kB
MemFree:          730388 kB
MemAvailable:    1468888 kB
Buffers:           87060 kB
Cached:           679532 kB
MemTotal:        1844596 kB
MemFree:          729000 kB
MemAvailable:    1467500 kB
Buffers:           87060 kB
Cached:           679532 kB
MemTotal:        1844596 kB
MemFree:          730324 kB
MemAvailable:    1468824 kB
Buffers:           87060 kB
Cached:           679532 kB
MemTotal:        1844596 kB
MemFree:          729496 kB
MemAvailable:    1467996 kB
Buffers:           87060 kB
Cached:           679532 kB
MemTotal:        1844596 kB
MemFree:          730108 kB
MemAvailable:    1468608 kB
Buffers:           87060 kB
Cached:           679532 kB
MemTotal:        1844596 kB
MemFree:          730364 kB
MemAvailable:    1468864 kB
Buffers:           87060 kB
Cached:           679532 kB
MemTotal:        1844596 kB
MemFree:          730356 kB
MemAvailable:    1468856 kB
Buffers:           87060 kB
Cached:           679532 kB
MemTotal:        1844596 kB
MemFree:          730568 kB
MemAvailable:    1469068 kB
Buffers:           87060 kB
Cached:           679532 kB
MemTotal:        1844596 kB
MemFree:          728952 kB
MemAvailable:    1467452 kB
Buffers:           87060 kB
Cached:           679532 kB
MemTotal:        1844596 kB
MemFree:          730324 kB
MemAvailable:    1468824 kB
Buffers:           87060 kB
Cached:           679532 kB
MemTotal:        1844596 kB
MemFree:          729496 kB
MemAvailable:    1467996 kB
Buffers:           87060 kB
Cached:           679532 kB
MemTotal:        1844596 kB
MemFree:          730068 kB
MemAvailable:    1468568 kB
Buffers:           87060 kB
Cached:           679532 kB
MemTotal:        1844596 kB
MemFree:          729208 kB
MemAvailable:    1467708 kB
Buffers:           87060 kB
Cached:           679532 kB
MemTotal:        1844596 kB
MemFree:          729716 kB
MemAvailable:    1468216 kB
Buffers:           87060 kB
Cached:           679532 kB
MemTotal:        1844596 kB
MemFree:          729800 kB
MemAvailable:    1468300 kB
Buffers:           87060 kB
Cached:           679532 kB
MemTotal:        1844596 kB
MemFree:          728564 kB
MemAvailable:    1467064 kB
Buffers:           87060 kB
Cached:           679532 kB
MemTotal:        1844596 kB
MemFree:          728132 kB
MemAvailable:    1466632 kB
Buffers:           87060 kB
Cached:           679532 kB
MemTotal:        1844596 kB
MemFree:          729396 kB
MemAvailable:    1467900 kB
Buffers:           87060 kB
Cached:           679536 kB
MemTotal:        1844596 kB
MemFree:          727876 kB
MemAvailable:    1466380 kB
Buffers:           87060 kB
Cached:           679536 kB
MemTotal:        1844596 kB
MemFree:          729044 kB
MemAvailable:    1467548 kB
Buffers:           87060 kB
Cached:           679536 kB
MemTotal:        1844596 kB
MemFree:          727732 kB
MemAvailable:    1466236 kB
Buffers:           87060 kB
Cached:           679536 kB
MemTotal:        1844596 kB
MemFree:          729064 kB
MemAvailable:    1467568 kB
Buffers:           87060 kB
Cached:           679536 kB
MemTotal:        1844596 kB
MemFree:          728760 kB
MemAvailable:    1467264 kB
Buffers:           87060 kB
Cached:           679536 kB
MemTotal:        1844596 kB
MemFree:          727712 kB
MemAvailable:    1466216 kB
Buffers:           87060 kB
Cached:           679536 kB
MemTotal:        1844596 kB
MemFree:          728984 kB
MemAvailable:    1467488 kB
Buffers:           87060 kB
Cached:           679536 kB
MemTotal:        1844596 kB
MemFree:          728984 kB
MemAvailable:    1467488 kB
Buffers:           87060 kB
Cached:           679536 kB
MemTotal:        1844596 kB
MemFree:          727704 kB
MemAvailable:    1466208 kB
Buffers:           87060 kB
Cached:           679536 kB
MemTotal:        1844596 kB
MemFree:          727696 kB
MemAvailable:    1466200 kB
Buffers:           87060 kB
Cached:           679536 kB
MemTotal:        1844596 kB
MemFree:          729060 kB
MemAvailable:    1467564 kB
Buffers:           87060 kB
Cached:           679536 kB
MemTotal:        1844596 kB
MemFree:          729000 kB
MemAvailable:    1467504 kB
Buffers:           87060 kB
Cached:           679536 kB
MemTotal:        1844596 kB
MemFree:          728616 kB
MemAvailable:    1467120 kB
Buffers:           87060 kB
Cached:           679536 kB
MemTotal:        1844596 kB
MemFree:          728556 kB
MemAvailable:    1467060 kB
Buffers:           87060 kB
Cached:           679536 kB
MemTotal:        1844596 kB
MemFree:          728616 kB
MemAvailable:    1467120 kB
Buffers:           87060 kB
Cached:           679536 kB
MemTotal:        1844596 kB
MemFree:          727308 kB
MemAvailable:    1465812 kB
Buffers:           87060 kB
Cached:           679536 kB
MemTotal:        1844596 kB
MemFree:          727432 kB
MemAvailable:    1465936 kB
Buffers:           87060 kB
Cached:           679536 kB
MemTotal:        1844596 kB
MemFree:          728672 kB
MemAvailable:    1467176 kB
Buffers:           87060 kB
Cached:           679536 kB
MemTotal:        1844596 kB
MemFree:          728748 kB
MemAvailable:    1467252 kB
Buffers:           87060 kB
Cached:           679536 kB
MemTotal:        1844596 kB
MemFree:          727340 kB
MemAvailable:    1465844 kB
Buffers:           87060 kB
Cached:           679536 kB
MemTotal:        1844596 kB
MemFree:          727456 kB
MemAvailable:    1465960 kB
Buffers:           87060 kB
Cached:           679536 kB
MemTotal:        1844596 kB
MemFree:          728640 kB
MemAvailable:    1467144 kB
Buffers:           87060 kB
Cached:           679536 kB
MemTotal:        1844596 kB
MemFree:          727140 kB
MemAvailable:    1465644 kB
Buffers:           87060 kB
Cached:           679536 kB
MemTotal:        1844596 kB
MemFree:          722660 kB
MemAvailable:    1461164 kB
Buffers:           87060 kB
Cached:           679536 kB
MemTotal:        1844596 kB
MemFree:          722552 kB
MemAvailable:    1461056 kB
Buffers:           87060 kB
Cached:           679536 kB
MemTotal:        1844596 kB
MemFree:          717900 kB
MemAvailable:    1456404 kB
Buffers:           87060 kB
Cached:           679536 kB
MemTotal:        1844596 kB
MemFree:          718020 kB
MemAvailable:    1456524 kB
Buffers:           87060 kB
Cached:           679536 kB
MemTotal:        1844596 kB
MemFree:          717780 kB
MemAvailable:    1456284 kB
Buffers:           87060 kB
Cached:           679536 kB
MemTotal:        1844596 kB
MemFree:          715980 kB
MemAvailable:    1454484 kB
Buffers:           87060 kB
Cached:           679536 kB
MemTotal:        1844596 kB
MemFree:          717024 kB
MemAvailable:    1455528 kB
Buffers:           87060 kB
Cached:           679536 kB
MemTotal:        1844596 kB
MemFree:          715608 kB
MemAvailable:    1454112 kB
Buffers:           87060 kB
Cached:           679536 kB
MemTotal:        1844596 kB
MemFree:          715312 kB
MemAvailable:    1453816 kB
Buffers:           87060 kB
Cached:           679536 kB
MemTotal:        1844596 kB
MemFree:          715112 kB
MemAvailable:    1453616 kB
Buffers:           87060 kB
Cached:           679536 kB
MemTotal:        1844596 kB
MemFree:          714120 kB
MemAvailable:    1452624 kB
Buffers:           87060 kB
Cached:           679536 kB
MemTotal:        1844596 kB
MemFree:          713748 kB
MemAvailable:    1452252 kB
Buffers:           87060 kB
Cached:           679536 kB
MemTotal:        1844596 kB
MemFree:          713684 kB
MemAvailable:    1452188 kB
Buffers:           87060 kB
Cached:           679536 kB
MemTotal:        1844596 kB
MemFree:          713500 kB
MemAvailable:    1452004 kB
Buffers:           87060 kB
Cached:           679536 kB
MemTotal:        1844596 kB
MemFree:          712384 kB
MemAvailable:    1450888 kB
Buffers:           87060 kB
Cached:           679536 kB
MemTotal:        1844596 kB
MemFree:          713872 kB
MemAvailable:    1452376 kB
Buffers:           87060 kB
Cached:           679536 kB
MemTotal:        1844596 kB
MemFree:          713740 kB
MemAvailable:    1452244 kB
Buffers:           87060 kB
Cached:           679536 kB
MemTotal:        1844596 kB
MemFree:          712204 kB
MemAvailable:    1450708 kB
Buffers:           87060 kB
Cached:           679536 kB
MemTotal:        1844596 kB
MemFree:          713568 kB
MemAvailable:    1452072 kB
Buffers:           87060 kB
Cached:           679536 kB
MemTotal:        1844596 kB
MemFree:          712332 kB
MemAvailable:    1450836 kB
Buffers:           87060 kB
Cached:           679536 kB
MemTotal:        1844596 kB
MemFree:          713544 kB
MemAvailable:    1452048 kB
Buffers:           87060 kB
Cached:           679536 kB
MemTotal:        1844596 kB
MemFree:          713664 kB
MemAvailable:    1452168 kB
Buffers:           87060 kB
Cached:           679536 kB
MemTotal:        1844596 kB
MemFree:          713472 kB
MemAvailable:    1451976 kB
Buffers:           87060 kB
Cached:           679536 kB
MemTotal:        1844596 kB
MemFree:          712356 kB
MemAvailable:    1450860 kB
Buffers:           87060 kB
Cached:           679536 kB
MemTotal:        1844596 kB
MemFree:          713580 kB
MemAvailable:    1452084 kB
Buffers:           87060 kB
Cached:           679536 kB
MemTotal:        1844596 kB
MemFree:          713004 kB
MemAvailable:    1451508 kB
Buffers:           87060 kB
Cached:           679536 kB
MemTotal:        1844596 kB
MemFree:          711632 kB
MemAvailable:    1450136 kB
Buffers:           87060 kB
Cached:           679536 kB
MemTotal:        1844596 kB
MemFree:          711996 kB
MemAvailable:    1450500 kB
Buffers:           87060 kB
Cached:           679536 kB
MemTotal:        1844596 kB
MemFree:          711888 kB
MemAvailable:    1450392 kB
Buffers:           87060 kB
Cached:           679536 kB
MemTotal:        1844596 kB
MemFree:          711892 kB
MemAvailable:    1450396 kB
Buffers:           87060 kB
Cached:           679536 kB
MemTotal:        1844596 kB
MemFree:          710592 kB
MemAvailable:    1449096 kB
Buffers:           87060 kB
Cached:           679536 kB
MemTotal:        1844596 kB
MemFree:          711832 kB
MemAvailable:    1450336 kB
Buffers:           87060 kB
Cached:           679536 kB
MemTotal:        1844596 kB
MemFree:          709912 kB
MemAvailable:    1448416 kB
Buffers:           87060 kB
Cached:           679536 kB
MemTotal:        1844596 kB
MemFree:          710632 kB
MemAvailable:    1449136 kB
Buffers:           87060 kB
Cached:           679536 kB
MemTotal:        1844596 kB
MemFree:          710968 kB
MemAvailable:    1449472 kB
Buffers:           87060 kB
Cached:           679536 kB
MemTotal:        1844596 kB
MemFree:          710336 kB
MemAvailable:    1448840 kB
Buffers:           87060 kB
Cached:           679536 kB
MemTotal:        1844596 kB
MemFree:          710332 kB
MemAvailable:    1448836 kB
Buffers:           87060 kB
Cached:           679536 kB
MemTotal:        1844596 kB
MemFree:          708856 kB
MemAvailable:    1447360 kB
Buffers:           87060 kB
Cached:           679536 kB
MemTotal:        1844596 kB
MemFree:          709656 kB
MemAvailable:    1448160 kB
Buffers:           87060 kB
Cached:           679536 kB
MemTotal:        1844596 kB
MemFree:          708788 kB
MemAvailable:    1447292 kB
Buffers:           87060 kB
Cached:           679536 kB
MemTotal:        1844596 kB
MemFree:          709312 kB
MemAvailable:    1447820 kB
Buffers:           87060 kB
Cached:           679540 kB
MemTotal:        1844596 kB
MemFree:          709160 kB
MemAvailable:    1447668 kB
Buffers:           87060 kB
Cached:           679540 kB
MemTotal:        1844596 kB
MemFree:          708292 kB
MemAvailable:    1446804 kB
Buffers:           87060 kB
Cached:           679544 kB
MemTotal:        1844596 kB
MemFree:          709468 kB
MemAvailable:    1447980 kB
Buffers:           87060 kB
Cached:           679544 kB
MemTotal:        1844596 kB
MemFree:          708120 kB
MemAvailable:    1446632 kB
Buffers:           87060 kB
Cached:           679544 kB
MemTotal:        1844596 kB
MemFree:          709448 kB
MemAvailable:    1447960 kB
Buffers:           87060 kB
Cached:           679544 kB
MemTotal:        1844596 kB
MemFree:          708308 kB
MemAvailable:    1446820 kB
Buffers:           87060 kB
Cached:           679544 kB
MemTotal:        1844596 kB
MemFree:          709452 kB
MemAvailable:    1447964 kB
Buffers:           87060 kB
Cached:           679544 kB
MemTotal:        1844596 kB
MemFree:          708704 kB
MemAvailable:    1447216 kB
Buffers:           87060 kB
Cached:           679544 kB
MemTotal:        1844596 kB
MemFree:          709184 kB
MemAvailable:    1447696 kB
Buffers:           87060 kB
Cached:           679544 kB
MemTotal:        1844596 kB
MemFree:          709436 kB
MemAvailable:    1447948 kB
Buffers:           87060 kB
Cached:           679544 kB
MemTotal:        1844596 kB
MemFree:          707820 kB
MemAvailable:    1446332 kB
Buffers:           87060 kB
Cached:           679544 kB
MemTotal:        1844596 kB
MemFree:          709448 kB
MemAvailable:    1447960 kB
Buffers:           87060 kB
Cached:           679544 kB
MemTotal:        1844596 kB
MemFree:          708820 kB
MemAvailable:    1447332 kB
Buffers:           87060 kB
Cached:           679544 kB
MemTotal:        1844596 kB
MemFree:          709172 kB
MemAvailable:    1447684 kB
Buffers:           87060 kB
Cached:           679544 kB
MemTotal:        1844596 kB
MemFree:          709324 kB
MemAvailable:    1447836 kB
Buffers:           87060 kB
Cached:           679544 kB
MemTotal:        1844596 kB
MemFree:          709060 kB
MemAvailable:    1447572 kB
Buffers:           87060 kB
Cached:           679544 kB
MemTotal:        1844596 kB
MemFree:          708028 kB
MemAvailable:    1446540 kB
Buffers:           87060 kB
Cached:           679544 kB
MemTotal:        1844596 kB
MemFree:          708152 kB
MemAvailable:    1446664 kB
Buffers:           87060 kB
Cached:           679544 kB
MemTotal:        1844596 kB
MemFree:          707940 kB
MemAvailable:    1446452 kB
Buffers:           87060 kB
Cached:           679544 kB
MemTotal:        1844596 kB
MemFree:          707928 kB
MemAvailable:    1446440 kB
Buffers:           87060 kB
Cached:           679544 kB
MemTotal:        1844596 kB
MemFree:          708184 kB
MemAvailable:    1446696 kB
Buffers:           87060 kB
Cached:           679544 kB
MemTotal:        1844596 kB
MemFree:          707952 kB
MemAvailable:    1446464 kB
Buffers:           87060 kB
Cached:           679544 kB
MemTotal:        1844596 kB
MemFree:          707952 kB
MemAvailable:    1446464 kB
Buffers:           87060 kB
Cached:           679544 kB
MemTotal:        1844596 kB
MemFree:          709316 kB
MemAvailable:    1447828 kB
Buffers:           87060 kB
Cached:           679544 kB
MemTotal:        1844596 kB
MemFree:          708448 kB
MemAvailable:    1446960 kB
Buffers:           87060 kB
Cached:           679544 kB
MemTotal:        1844596 kB
MemFree:          707944 kB
MemAvailable:    1446460 kB
Buffers:           87060 kB
Cached:           679548 kB
MemTotal:        1844596 kB
MemFree:          708028 kB
MemAvailable:    1446544 kB
Buffers:           87060 kB
Cached:           679548 kB
MemTotal:        1844596 kB
MemFree:          706568 kB
MemAvailable:    1445084 kB
Buffers:           87060 kB
Cached:           679548 kB
MemTotal:        1844596 kB
MemFree:          707932 kB
MemAvailable:    1446448 kB
Buffers:           87060 kB
Cached:           679548 kB
MemTotal:        1844596 kB
MemFree:          706580 kB
MemAvailable:    1445096 kB
Buffers:           87060 kB
Cached:           679548 kB
MemTotal:        1844596 kB
MemFree:          706100 kB
MemAvailable:    1444616 kB
Buffers:           87060 kB
Cached:           679548 kB
MemTotal:        1844596 kB
MemFree:          704440 kB
MemAvailable:    1442956 kB
Buffers:           87060 kB
Cached:           679548 kB
MemTotal:        1844596 kB
MemFree:          701496 kB
MemAvailable:    1440012 kB
Buffers:           87060 kB
Cached:           679548 kB
MemTotal:        1844596 kB
MemFree:          700016 kB
MemAvailable:    1438532 kB
Buffers:           87060 kB
Cached:           679548 kB
MemTotal:        1844596 kB
MemFree:          697040 kB
MemAvailable:    1435556 kB
Buffers:           87060 kB
Cached:           679548 kB
MemTotal:        1844596 kB
MemFree:          693560 kB
MemAvailable:    1432076 kB
Buffers:           87060 kB
Cached:           679548 kB
MemTotal:        1844596 kB
MemFree:          693328 kB
MemAvailable:    1431844 kB
Buffers:           87060 kB
Cached:           679548 kB
MemTotal:        1844596 kB
MemFree:          689964 kB
MemAvailable:    1428480 kB
Buffers:           87060 kB
Cached:           679548 kB
MemTotal:        1844596 kB
MemFree:          689972 kB
MemAvailable:    1428488 kB
Buffers:           87060 kB
Cached:           679548 kB
MemTotal:        1844596 kB
MemFree:          689848 kB
MemAvailable:    1428364 kB
Buffers:           87060 kB
Cached:           679548 kB
MemTotal:        1844596 kB
MemFree:          691184 kB
MemAvailable:    1429700 kB
Buffers:           87060 kB
Cached:           679548 kB
MemTotal:        1844596 kB
MemFree:          691080 kB
MemAvailable:    1429596 kB
Buffers:           87060 kB
Cached:           679548 kB
MemTotal:        1844596 kB
MemFree:          690876 kB
MemAvailable:    1429392 kB
Buffers:           87060 kB
Cached:           679548 kB
MemTotal:        1844596 kB
MemFree:          689600 kB
MemAvailable:    1428116 kB
Buffers:           87060 kB
Cached:           679548 kB
MemTotal:        1844596 kB
MemFree:          690296 kB
MemAvailable:    1428812 kB
Buffers:           87060 kB
Cached:           679548 kB
MemTotal:        1844596 kB
MemFree:          690632 kB
MemAvailable:    1429148 kB
Buffers:           87060 kB
Cached:           679548 kB
MemTotal:        1844596 kB
MemFree:          690328 kB
MemAvailable:    1428844 kB
Buffers:           87060 kB
Cached:           679548 kB
MemTotal:        1844596 kB
MemFree:          688960 kB
MemAvailable:    1427476 kB
Buffers:           87060 kB
Cached:           679548 kB
MemTotal:        1844596 kB
MemFree:          690516 kB
MemAvailable:    1429032 kB
Buffers:           87060 kB
Cached:           679548 kB
MemTotal:        1844596 kB
MemFree:          688856 kB
MemAvailable:    1427372 kB
Buffers:           87060 kB
Cached:           679548 kB
MemTotal:        1844596 kB
MemFree:          689832 kB
MemAvailable:    1428348 kB
Buffers:           87060 kB
Cached:           679548 kB
MemTotal:        1844596 kB
MemFree:          689668 kB
MemAvailable:    1428184 kB
Buffers:           87060 kB
Cached:           679548 kB
MemTotal:        1844596 kB
MemFree:          689576 kB
MemAvailable:    1428092 kB
Buffers:           87060 kB
Cached:           679548 kB
MemTotal:        1844596 kB
MemFree:          689828 kB
MemAvailable:    1428344 kB
Buffers:           87060 kB
Cached:           679548 kB
MemTotal:        1844596 kB
MemFree:          689800 kB
MemAvailable:    1428316 kB
Buffers:           87060 kB
Cached:           679548 kB
MemTotal:        1844596 kB
MemFree:          689660 kB
MemAvailable:    1428176 kB
Buffers:           87060 kB
Cached:           679548 kB
MemTotal:        1844596 kB
MemFree:          688560 kB
MemAvailable:    1427076 kB
Buffers:           87060 kB
Cached:           679548 kB
MemTotal:        1844596 kB
MemFree:          688484 kB
MemAvailable:    1427000 kB
Buffers:           87060 kB
Cached:           679548 kB
MemTotal:        1844596 kB
MemFree:          688560 kB
MemAvailable:    1427076 kB
Buffers:           87060 kB
Cached:           679548 kB
MemTotal:        1844596 kB
MemFree:          688312 kB
MemAvailable:    1426828 kB
Buffers:           87060 kB
Cached:           679548 kB
MemTotal:        1844596 kB
MemFree:          689612 kB
MemAvailable:    1428128 kB
Buffers:           87060 kB
Cached:           679548 kB
MemTotal:        1844596 kB
MemFree:          688304 kB
MemAvailable:    1426820 kB
Buffers:           87060 kB
Cached:           679548 kB
MemTotal:        1844596 kB
MemFree:          688428 kB
MemAvailable:    1426944 kB
Buffers:           87060 kB
Cached:           679548 kB
MemTotal:        1844596 kB
MemFree:          689216 kB
MemAvailable:    1427732 kB
Buffers:           87060 kB
Cached:           679548 kB
MemTotal:        1844596 kB
MemFree:          688300 kB
MemAvailable:    1426816 kB
Buffers:           87060 kB
Cached:           679548 kB
MemTotal:        1844596 kB
MemFree:          689568 kB
MemAvailable:    1428084 kB
Buffers:           87060 kB
Cached:           679548 kB
MemTotal:        1844596 kB
MemFree:          689820 kB
MemAvailable:    1428336 kB
Buffers:           87060 kB
Cached:           679548 kB
MemTotal:        1844596 kB
MemFree:          688304 kB
MemAvailable:    1426820 kB
Buffers:           87060 kB
Cached:           679548 kB
MemTotal:        1844596 kB
MemFree:          689712 kB
MemAvailable:    1428228 kB
Buffers:           87060 kB
Cached:           679548 kB
MemTotal:        1844596 kB
MemFree:          686872 kB
MemAvailable:    1425388 kB
Buffers:           87060 kB
Cached:           679548 kB
MemTotal:        1844596 kB
MemFree:          683136 kB
MemAvailable:    1421652 kB
Buffers:           87060 kB
Cached:           679548 kB
MemTotal:        1844596 kB
MemFree:          682904 kB
MemAvailable:    1421420 kB
Buffers:           87060 kB
Cached:           679548 kB
MemTotal:        1844596 kB
MemFree:          679060 kB
MemAvailable:    1417580 kB
Buffers:           87060 kB
Cached:           679552 kB
MemTotal:        1844596 kB
MemFree:          676276 kB
MemAvailable:    1414796 kB
Buffers:           87060 kB
Cached:           679552 kB
MemTotal:        1844596 kB
MemFree:          673728 kB
MemAvailable:    1412248 kB
Buffers:           87060 kB
Cached:           679552 kB
MemTotal:        1844596 kB
MemFree:          671132 kB
MemAvailable:    1409652 kB
Buffers:           87060 kB
Cached:           679552 kB
MemTotal:        1844596 kB
MemFree:          671812 kB
MemAvailable:    1410332 kB
Buffers:           87060 kB
Cached:           679552 kB
MemTotal:        1844596 kB
MemFree:          670504 kB
MemAvailable:    1409024 kB
Buffers:           87060 kB
Cached:           679552 kB
MemTotal:        1844596 kB
MemFree:          671496 kB
MemAvailable:    1410016 kB
Buffers:           87060 kB
Cached:           679552 kB
MemTotal:        1844596 kB
MemFree:          670264 kB
MemAvailable:    1408784 kB
Buffers:           87060 kB
Cached:           679552 kB
MemTotal:        1844596 kB
MemFree:          669960 kB
MemAvailable:    1408480 kB
Buffers:           87060 kB
Cached:           679552 kB
MemTotal:        1844596 kB
MemFree:          671680 kB
MemAvailable:    1410200 kB
Buffers:           87060 kB
Cached:           679552 kB
MemTotal:        1844596 kB
MemFree:          670196 kB
MemAvailable:    1408716 kB
Buffers:           87060 kB
Cached:           679552 kB
MemTotal:        1844596 kB
MemFree:          671356 kB
MemAvailable:    1409876 kB
Buffers:           87060 kB
Cached:           679552 kB
MemTotal:        1844596 kB
MemFree:          671608 kB
MemAvailable:    1410128 kB
Buffers:           87060 kB
Cached:           679552 kB
MemTotal:        1844596 kB
MemFree:          671392 kB
MemAvailable:    1409912 kB
Buffers:           87060 kB
Cached:           679552 kB
MemTotal:        1844596 kB
MemFree:          670212 kB
MemAvailable:    1408732 kB
Buffers:           87060 kB
Cached:           679552 kB
MemTotal:        1844596 kB
MemFree:          670124 kB
MemAvailable:    1408644 kB
Buffers:           87060 kB
Cached:           679552 kB
MemTotal:        1844596 kB
MemFree:          671432 kB
MemAvailable:    1409952 kB
Buffers:           87060 kB
Cached:           679552 kB
MemTotal:        1844596 kB
MemFree:          671308 kB
MemAvailable:    1409828 kB
Buffers:           87060 kB
Cached:           679552 kB
MemTotal:        1844596 kB
MemFree:          670264 kB
MemAvailable:    1408784 kB
Buffers:           87060 kB
Cached:           679552 kB
MemTotal:        1844596 kB
MemFree:          671504 kB
MemAvailable:    1409900 kB
Buffers:           87060 kB
Cached:           679552 kB
MemTotal:        1844596 kB
MemFree:          671440 kB
MemAvailable:    1409960 kB
Buffers:           87060 kB
Cached:           679552 kB
MemTotal:        1844596 kB
MemFree:          670216 kB
MemAvailable:    1408736 kB
Buffers:           87060 kB
Cached:           679552 kB
MemTotal:        1844596 kB
MemFree:          671364 kB
MemAvailable:    1409884 kB
Buffers:           87060 kB
Cached:           679552 kB
MemTotal:        1844596 kB
MemFree:          671616 kB
MemAvailable:    1410136 kB
Buffers:           87060 kB
Cached:           679552 kB
MemTotal:        1844596 kB
MemFree:          670084 kB
MemAvailable:    1408604 kB
Buffers:           87060 kB
Cached:           679552 kB
MemTotal:        1844596 kB
MemFree:          669824 kB
MemAvailable:    1408344 kB
Buffers:           87060 kB
Cached:           679552 kB
MemTotal:        1844596 kB
MemFree:          669740 kB
MemAvailable:    1408260 kB
Buffers:           87060 kB
Cached:           679552 kB
MemTotal:        1844596 kB
MemFree:          671164 kB
MemAvailable:    1409684 kB
Buffers:           87060 kB
Cached:           679552 kB
MemTotal:        1844596 kB
MemFree:          670184 kB
MemAvailable:    1408704 kB
Buffers:           87060 kB
Cached:           679552 kB
MemTotal:        1844596 kB
MemFree:          671504 kB
MemAvailable:    1410024 kB
Buffers:           87060 kB
Cached:           679552 kB
MemTotal:        1844596 kB
MemFree:          671372 kB
MemAvailable:    1409892 kB
Buffers:           87060 kB
Cached:           679552 kB
MemTotal:        1844596 kB
MemFree:          671584 kB
MemAvailable:    1410104 kB
Buffers:           87060 kB
Cached:           679552 kB
MemTotal:        1844596 kB
MemFree:          671372 kB
MemAvailable:    1409892 kB
Buffers:           87060 kB
Cached:           679552 kB
MemTotal:        1844596 kB
MemFree:          671388 kB
MemAvailable:    1409908 kB
Buffers:           87060 kB
Cached:           679552 kB
MemTotal:        1844596 kB
MemFree:          671392 kB
MemAvailable:    1409912 kB
Buffers:           87060 kB
Cached:           679552 kB
MemTotal:        1844596 kB
MemFree:          670336 kB
MemAvailable:    1408856 kB
Buffers:           87060 kB
Cached:           679552 kB
MemTotal:        1844596 kB
MemFree:          669948 kB
MemAvailable:    1408468 kB
Buffers:           87060 kB
Cached:           679552 kB
MemTotal:        1844596 kB
MemFree:          671404 kB
MemAvailable:    1409924 kB
Buffers:           87060 kB
Cached:           679552 kB
MemTotal:        1844596 kB
MemFree:          670120 kB
MemAvailable:    1408640 kB
Buffers:           87060 kB
Cached:           679552 kB
MemTotal:        1844596 kB
MemFree:          670244 kB
MemAvailable:    1408764 kB
Buffers:           87060 kB
Cached:           679552 kB
MemTotal:        1844596 kB
MemFree:          668280 kB
MemAvailable:    1406800 kB
Buffers:           87060 kB
Cached:           679552 kB
MemTotal:        1844596 kB
MemFree:          664312 kB
MemAvailable:    1402832 kB
Buffers:           87060 kB
Cached:           679552 kB
MemTotal:        1844596 kB
MemFree:          661088 kB
MemAvailable:    1399608 kB
Buffers:           87060 kB
Cached:           679552 kB
MemTotal:        1844596 kB
MemFree:          655864 kB
MemAvailable:    1394384 kB
Buffers:           87060 kB
Cached:           679552 kB
MemTotal:        1844596 kB
MemFree:          655948 kB
MemAvailable:    1394468 kB
Buffers:           87060 kB
Cached:           679552 kB
MemTotal:        1844596 kB
MemFree:          654268 kB
MemAvailable:    1392788 kB
Buffers:           87060 kB
Cached:           679552 kB
MemTotal:        1844596 kB
MemFree:          653020 kB
MemAvailable:    1391540 kB
Buffers:           87060 kB
Cached:           679552 kB
MemTotal:        1844596 kB
MemFree:          653888 kB
MemAvailable:    1392408 kB
Buffers:           87060 kB
Cached:           679552 kB
MemTotal:        1844596 kB
MemFree:          653656 kB
MemAvailable:    1392176 kB
Buffers:           87060 kB
Cached:           679552 kB
MemTotal:        1844596 kB
MemFree:          653136 kB
MemAvailable:    1391656 kB
Buffers:           87060 kB
Cached:           679552 kB
MemTotal:        1844596 kB
MemFree:          652904 kB
MemAvailable:    1391424 kB
Buffers:           87060 kB
Cached:           679552 kB
MemTotal:        1844596 kB
MemFree:          652900 kB
MemAvailable:    1391420 kB
Buffers:           87060 kB
Cached:           679552 kB
MemTotal:        1844596 kB
MemFree:          651768 kB
MemAvailable:    1390288 kB
Buffers:           87060 kB
Cached:           679552 kB
MemTotal:        1844596 kB
MemFree:          653068 kB
MemAvailable:    1391588 kB
Buffers:           87060 kB
Cached:           679552 kB
MemTotal:        1844596 kB
MemFree:          652696 kB
MemAvailable:    1391216 kB
Buffers:           87060 kB
Cached:           679552 kB
MemTotal:        1844596 kB
MemFree:          652408 kB
MemAvailable:    1390928 kB
Buffers:           87060 kB
Cached:           679552 kB
MemTotal:        1844596 kB
MemFree:          652392 kB
MemAvailable:    1390912 kB
Buffers:           87060 kB
Cached:           679552 kB
MemTotal:        1844596 kB
MemFree:          651144 kB
MemAvailable:    1389664 kB
Buffers:           87060 kB
Cached:           679552 kB
MemTotal:        1844596 kB
MemFree:          651276 kB
MemAvailable:    1389796 kB
Buffers:           87060 kB
Cached:           679552 kB
MemTotal:        1844596 kB
MemFree:          651896 kB
MemAvailable:    1390416 kB
Buffers:           87060 kB
Cached:           679552 kB
MemTotal:        1844596 kB
MemFree:          651664 kB
MemAvailable:    1390184 kB
Buffers:           87060 kB
Cached:           679552 kB
MemTotal:        1844596 kB
MemFree:          651608 kB
MemAvailable:    1390128 kB
Buffers:           87060 kB
Cached:           679552 kB
MemTotal:        1844596 kB
MemFree:          651228 kB
MemAvailable:    1389748 kB
Buffers:           87060 kB
Cached:           679552 kB
MemTotal:        1844596 kB
MemFree:          649804 kB
MemAvailable:    1388324 kB
Buffers:           87060 kB
Cached:           679552 kB
MemTotal:        1844596 kB
MemFree:          650592 kB
MemAvailable:    1389120 kB
Buffers:           87060 kB
Cached:           679560 kB
MemTotal:        1844596 kB
MemFree:          649184 kB
MemAvailable:    1387712 kB
Buffers:           87060 kB
Cached:           679560 kB
MemTotal:        1844596 kB
MemFree:          650012 kB
MemAvailable:    1388540 kB
Buffers:           87060 kB
Cached:           679560 kB
MemTotal:        1844596 kB
MemFree:          648820 kB
MemAvailable:    1387348 kB
Buffers:           87060 kB
Cached:           679560 kB
MemTotal:        1844596 kB
MemFree:          649392 kB
MemAvailable:    1387920 kB
Buffers:           87060 kB
Cached:           679560 kB
MemTotal:        1844596 kB
MemFree:          647696 kB
MemAvailable:    1386224 kB
Buffers:           87060 kB
Cached:           679560 kB
MemTotal:        1844596 kB
MemFree:          648028 kB
MemAvailable:    1386556 kB
Buffers:           87060 kB
Cached:           679560 kB
MemTotal:        1844596 kB
MemFree:          646904 kB
MemAvailable:    1385432 kB
Buffers:           87060 kB
Cached:           679560 kB
MemTotal:        1844596 kB
MemFree:          646588 kB
MemAvailable:    1385116 kB
Buffers:           87060 kB
Cached:           679560 kB
MemTotal:        1844596 kB
MemFree:          646696 kB
MemAvailable:    1385224 kB
Buffers:           87060 kB
Cached:           679560 kB
MemTotal:        1844596 kB
MemFree:          646952 kB
MemAvailable:    1385480 kB
Buffers:           87060 kB
Cached:           679560 kB
MemTotal:        1844596 kB
MemFree:          645540 kB
MemAvailable:    1384068 kB
Buffers:           87060 kB
Cached:           679560 kB
MemTotal:        1844596 kB
MemFree:          645588 kB
MemAvailable:    1384120 kB
Buffers:           87060 kB
Cached:           679564 kB
MemTotal:        1844596 kB
MemFree:          646828 kB
MemAvailable:    1385360 kB
Buffers:           87060 kB
Cached:           679564 kB
MemTotal:        1844596 kB
MemFree:          646888 kB
MemAvailable:    1385420 kB
Buffers:           87060 kB
Cached:           679564 kB
MemTotal:        1844596 kB
MemFree:          645664 kB
MemAvailable:    1384196 kB
Buffers:           87060 kB
Cached:           679564 kB
MemTotal:        1844596 kB
MemFree:          646572 kB
MemAvailable:    1385104 kB
Buffers:           87060 kB
Cached:           679564 kB
MemTotal:        1844596 kB
MemFree:          645324 kB
MemAvailable:    1383856 kB
Buffers:           87060 kB
Cached:           679564 kB
MemTotal:        1844596 kB
MemFree:          645408 kB
MemAvailable:    1383940 kB
Buffers:           87060 kB
Cached:           679564 kB
MemTotal:        1844596 kB
MemFree:          645340 kB
MemAvailable:    1383872 kB
Buffers:           87060 kB
Cached:           679564 kB
MemTotal:        1844596 kB
MemFree:          644340 kB
MemAvailable:    1382872 kB
Buffers:           87060 kB
Cached:           679564 kB
MemTotal:        1844596 kB
MemFree:          644092 kB
MemAvailable:    1382624 kB
Buffers:           87060 kB
Cached:           679564 kB
MemTotal:        1844596 kB
MemFree:          645208 kB
MemAvailable:    1383740 kB
Buffers:           87060 kB
Cached:           679564 kB
MemTotal:        1844596 kB
MemFree:          644356 kB
MemAvailable:    1382888 kB
Buffers:           87060 kB
Cached:           679564 kB
MemTotal:        1844596 kB
MemFree:          645216 kB
MemAvailable:    1383748 kB
Buffers:           87060 kB
Cached:           679564 kB
MemTotal:        1844596 kB
MemFree:          643844 kB
MemAvailable:    1382376 kB
Buffers:           87060 kB
Cached:           679564 kB
MemTotal:        1844596 kB
MemFree:          644092 kB
MemAvailable:    1382624 kB
Buffers:           87060 kB
Cached:           679564 kB
MemTotal:        1844596 kB
MemFree:          643968 kB
MemAvailable:    1382500 kB
Buffers:           87060 kB
Cached:           679564 kB
MemTotal:        1844596 kB
MemFree:          645284 kB
MemAvailable:    1383816 kB
Buffers:           87060 kB
Cached:           679564 kB
MemTotal:        1844596 kB
MemFree:          645120 kB
MemAvailable:    1383652 kB
Buffers:           87060 kB
Cached:           679564 kB
MemTotal:        1844596 kB
MemFree:          645292 kB
MemAvailable:    1383824 kB
Buffers:           87060 kB
Cached:           679564 kB
MemTotal:        1844596 kB
MemFree:          645256 kB
MemAvailable:    1383788 kB
Buffers:           87060 kB
Cached:           679564 kB
MemTotal:        1844596 kB
MemFree:          645216 kB
MemAvailable:    1383748 kB
Buffers:           87060 kB
Cached:           679564 kB
MemTotal:        1844596 kB
MemFree:          644472 kB
MemAvailable:    1383004 kB
Buffers:           87060 kB
Cached:           679564 kB
MemTotal:        1844596 kB
MemFree:          645064 kB
MemAvailable:    1383596 kB
Buffers:           87060 kB
Cached:           679564 kB
MemTotal:        1844596 kB
MemFree:          645400 kB
MemAvailable:    1383932 kB
Buffers:           87060 kB
Cached:           679564 kB
MemTotal:        1844596 kB
MemFree:          643916 kB
MemAvailable:    1382448 kB
Buffers:           87060 kB
Cached:           679564 kB
MemTotal:        1844596 kB
MemFree:          644960 kB
MemAvailable:    1383492 kB
Buffers:           87060 kB
Cached:           679564 kB
MemTotal:        1844596 kB
MemFree:          644076 kB
MemAvailable:    1382608 kB
Buffers:           87060 kB
Cached:           679564 kB
MemTotal:        1844596 kB
MemFree:          645308 kB
MemAvailable:    1383840 kB
Buffers:           87060 kB
Cached:           679564 kB
MemTotal:        1844596 kB
MemFree:          645304 kB
MemAvailable:    1383836 kB
Buffers:           87060 kB
Cached:           679564 kB
MemTotal:        1844596 kB
MemFree:          645116 kB
MemAvailable:    1383648 kB
Buffers:           87060 kB
Cached:           679564 kB
MemTotal:        1844596 kB
MemFree:          644100 kB
MemAvailable:    1382632 kB
Buffers:           87060 kB
Cached:           679564 kB
MemTotal:        1844596 kB
MemFree:          645076 kB
MemAvailable:    1383608 kB
Buffers:           87060 kB
Cached:           679564 kB
MemTotal:        1844596 kB
MemFree:          645328 kB
MemAvailable:    1383860 kB
Buffers:           87060 kB
Cached:           679564 kB
MemTotal:        1844596 kB
MemFree:          645072 kB
MemAvailable:    1383604 kB
Buffers:           87060 kB
Cached:           679564 kB
MemTotal:        1844596 kB
MemFree:          645408 kB
MemAvailable:    1383940 kB
Buffers:           87060 kB
Cached:           679564 kB
MemTotal:        1844596 kB
MemFree:          645280 kB
MemAvailable:    1383812 kB
Buffers:           87060 kB
Cached:           679564 kB
MemTotal:        1844596 kB
MemFree:          643916 kB
MemAvailable:    1382448 kB
Buffers:           87060 kB
Cached:           679564 kB
MemTotal:        1844596 kB
MemFree:          645216 kB
MemAvailable:    1383748 kB
Buffers:           87060 kB
Cached:           679564 kB
MemTotal:        1844596 kB
MemFree:          644348 kB
MemAvailable:    1382880 kB
Buffers:           87060 kB
Cached:           679564 kB
MemTotal:        1844596 kB
MemFree:          644084 kB
MemAvailable:    1382616 kB
Buffers:           87060 kB
Cached:           679564 kB
MemTotal:        1844596 kB
MemFree:          643960 kB
MemAvailable:    1382492 kB
Buffers:           87060 kB
Cached:           679564 kB
MemTotal:        1844596 kB
MemFree:          645248 kB
MemAvailable:    1383780 kB
Buffers:           87060 kB
Cached:           679564 kB
MemTotal:        1844596 kB
MemFree:          644356 kB
MemAvailable:    1382888 kB
Buffers:           87060 kB
Cached:           679564 kB
MemTotal:        1844596 kB
MemFree:          645044 kB
MemAvailable:    1383576 kB
Buffers:           87060 kB
Cached:           679564 kB
MemTotal:        1844596 kB
MemFree:          645300 kB
MemAvailable:    1383832 kB
Buffers:           87060 kB
Cached:           679564 kB
MemTotal:        1844596 kB
MemFree:          645036 kB
MemAvailable:    1383568 kB
Buffers:           87060 kB
Cached:           679564 kB
MemTotal:        1844596 kB
MemFree:          645292 kB
MemAvailable:    1383824 kB
Buffers:           87060 kB
Cached:           679564 kB
MemTotal:        1844596 kB
MemFree:          645204 kB
MemAvailable:    1383736 kB
Buffers:           87060 kB
Cached:           679564 kB
MemTotal:        1844596 kB
MemFree:          643692 kB
MemAvailable:    1382224 kB
Buffers:           87060 kB
Cached:           679564 kB
MemTotal:        1844596 kB
MemFree:          641868 kB
MemAvailable:    1380400 kB
Buffers:           87060 kB
Cached:           679564 kB
MemTotal:        1844596 kB
MemFree:          638380 kB
MemAvailable:    1376912 kB
Buffers:           87060 kB
Cached:           679564 kB
MemTotal:        1844596 kB
MemFree:          637528 kB
MemAvailable:    1376060 kB
Buffers:           87060 kB
Cached:           679564 kB
MemTotal:        1844596 kB
MemFree:          634924 kB
MemAvailable:    1373456 kB
Buffers:           87060 kB
Cached:           679564 kB
MemTotal:        1844596 kB
MemFree:          630576 kB
MemAvailable:    1369108 kB
Buffers:           87060 kB
Cached:           679564 kB
MemTotal:        1844596 kB
MemFree:          630460 kB
MemAvailable:    1368992 kB
Buffers:           87060 kB
Cached:           679564 kB
MemTotal:        1844596 kB
MemFree:          625252 kB
MemAvailable:    1363784 kB
Buffers:           87060 kB
Cached:           679564 kB
MemTotal:        1844596 kB
MemFree:          624756 kB
MemAvailable:    1363288 kB
Buffers:           87060 kB
Cached:           679564 kB
MemTotal:        1844596 kB
MemFree:          624460 kB
MemAvailable:    1362992 kB
Buffers:           87060 kB
Cached:           679564 kB
MemTotal:        1844596 kB
MemFree:          625736 kB
MemAvailable:    1364268 kB
Buffers:           87060 kB
Cached:           679564 kB
MemTotal:        1844596 kB
MemFree:          625856 kB
MemAvailable:    1364388 kB
Buffers:           87060 kB
Cached:           679564 kB
MemTotal:        1844596 kB
MemFree:          625848 kB
MemAvailable:    1364380 kB
Buffers:           87060 kB
Cached:           679564 kB
MemTotal:        1844596 kB
MemFree:          625684 kB
MemAvailable:    1364216 kB
Buffers:           87060 kB
Cached:           679564 kB
MemTotal:        1844596 kB
MemFree:          625740 kB
MemAvailable:    1364272 kB
Buffers:           87060 kB
Cached:           679564 kB
MemTotal:        1844596 kB
MemFree:          625668 kB
MemAvailable:    1364200 kB
Buffers:           87060 kB
Cached:           679564 kB
MemTotal:        1844596 kB
MemFree:          625752 kB
MemAvailable:    1364284 kB
Buffers:           87060 kB
Cached:           679564 kB
MemTotal:        1844596 kB
MemFree:          625792 kB
MemAvailable:    1364324 kB
Buffers:           87060 kB
Cached:           679564 kB
MemTotal:        1844596 kB
MemFree:          624336 kB
MemAvailable:    1362868 kB
Buffers:           87060 kB
Cached:           679564 kB
MemTotal:        1844596 kB
MemFree:          625808 kB
MemAvailable:    1364340 kB
Buffers:           87060 kB
Cached:           679564 kB
MemTotal:        1844596 kB
MemFree:          625760 kB
MemAvailable:    1364292 kB
Buffers:           87060 kB
Cached:           679564 kB
MemTotal:        1844596 kB
MemFree:          625304 kB
MemAvailable:    1363836 kB
Buffers:           87060 kB
Cached:           679564 kB
MemTotal:        1844596 kB
MemFree:          625640 kB
MemAvailable:    1364172 kB
Buffers:           87060 kB
Cached:           679564 kB
MemTotal:        1844596 kB
MemFree:          625172 kB
MemAvailable:    1363704 kB
Buffers:           87060 kB
Cached:           679564 kB
MemTotal:        1844596 kB
MemFree:          625508 kB
MemAvailable:    1364040 kB
Buffers:           87060 kB
Cached:           679564 kB
MemTotal:        1844596 kB
MemFree:          624796 kB
MemAvailable:    1363328 kB
Buffers:           87060 kB
Cached:           679564 kB
MemTotal:        1844596 kB
MemFree:          623800 kB
MemAvailable:    1362332 kB
Buffers:           87060 kB
Cached:           679564 kB
MemTotal:        1844596 kB
MemFree:          625252 kB
MemAvailable:    1363792 kB
Buffers:           87060 kB
Cached:           679572 kB
MemTotal:        1844596 kB
MemFree:          625396 kB
MemAvailable:    1363936 kB
Buffers:           87060 kB
Cached:           679572 kB
MemTotal:        1844596 kB
MemFree:          625244 kB
MemAvailable:    1363784 kB
Buffers:           87060 kB
Cached:           679572 kB
MemTotal:        1844596 kB
MemFree:          625496 kB
MemAvailable:    1364036 kB
Buffers:           87060 kB
Cached:           679572 kB
MemTotal:        1844596 kB
MemFree:          623764 kB
MemAvailable:    1362304 kB
Buffers:           87060 kB
Cached:           679572 kB
MemTotal:        1844596 kB
MemFree:          623756 kB
MemAvailable:    1362296 kB
Buffers:           87060 kB
Cached:           679572 kB
MemTotal:        1844596 kB
MemFree:          623640 kB
MemAvailable:    1362180 kB
Buffers:           87060 kB
Cached:           679572 kB
MemTotal:        1844596 kB
MemFree:          617688 kB
MemAvailable:    1356228 kB
Buffers:           87060 kB
Cached:           679572 kB
MemTotal:        1844596 kB
MemFree:          616180 kB
MemAvailable:    1354720 kB
Buffers:           87060 kB
Cached:           679572 kB
MemTotal:        1844596 kB
MemFree:          614588 kB
MemAvailable:    1353128 kB
Buffers:           87060 kB
Cached:           679572 kB
MemTotal:        1844596 kB
MemFree:          615432 kB
MemAvailable:    1353972 kB
Buffers:           87060 kB
Cached:           679572 kB
MemTotal:        1844596 kB
MemFree:          615432 kB
MemAvailable:    1353972 kB
Buffers:           87060 kB
Cached:           679572 kB
MemTotal:        1844596 kB
MemFree:          614028 kB
MemAvailable:    1352568 kB
Buffers:           87060 kB
Cached:           679572 kB
MemTotal:        1844596 kB
MemFree:          614944 kB
MemAvailable:    1353484 kB
Buffers:           87060 kB
Cached:           679572 kB
MemTotal:        1844596 kB
MemFree:          614548 kB
MemAvailable:    1353088 kB
Buffers:           87060 kB
Cached:           679572 kB
MemTotal:        1844596 kB
MemFree:          614828 kB
MemAvailable:    1353368 kB
Buffers:           87060 kB
Cached:           679572 kB
MemTotal:        1844596 kB
MemFree:          614348 kB
MemAvailable:    1352888 kB
Buffers:           87060 kB
Cached:           679572 kB
MemTotal:        1844596 kB
MemFree:          613904 kB
MemAvailable:    1352444 kB
Buffers:           87060 kB
Cached:           679572 kB
MemTotal:        1844596 kB
MemFree:          612480 kB
MemAvailable:    1351020 kB
Buffers:           87060 kB
Cached:           679572 kB
MemTotal:        1844596 kB
MemFree:          612348 kB
MemAvailable:    1350972 kB
Buffers:           87060 kB
Cached:           679696 kB
MemTotal:        1844596 kB
MemFree:          612108 kB
MemAvailable:    1350900 kB
Buffers:           87060 kB
Cached:           679820 kB
MemTotal:        1844596 kB
MemFree:          613276 kB
MemAvailable:    1352236 kB
Buffers:           87060 kB
Cached:           679944 kB
MemTotal:        1844596 kB
MemFree:          613328 kB
MemAvailable:    1352372 kB
Buffers:           87060 kB
Cached:           680068 kB
MemTotal:        1844596 kB
MemFree:          612232 kB
MemAvailable:    1351360 kB
Buffers:           87060 kB
Cached:           680192 kB
MemTotal:        1844596 kB
MemFree:          612792 kB
MemAvailable:    1351920 kB
Buffers:           87060 kB
Cached:           680192 kB
MemTotal:        1844596 kB
MemFree:          612960 kB
MemAvailable:    1352088 kB
Buffers:           87060 kB
Cached:           680192 kB
MemTotal:        1844596 kB
MemFree:          612712 kB
MemAvailable:    1351924 kB
Buffers:           87060 kB
Cached:           680192 kB
MemTotal:        1844596 kB
MemFree:          612964 kB
MemAvailable:    1352176 kB
Buffers:           87060 kB
Cached:           680192 kB
MemTotal:        1844596 kB
MemFree:          611468 kB
MemAvailable:    1350680 kB
Buffers:           87060 kB
Cached:           680192 kB
MemTotal:        1844596 kB
MemFree:          611984 kB
MemAvailable:    1351196 kB
Buffers:           87060 kB
Cached:           680192 kB
MemTotal:        1844596 kB
MemFree:          612716 kB
MemAvailable:    1351928 kB
Buffers:           87060 kB
Cached:           680192 kB
MemTotal:        1844596 kB
MemFree:          611552 kB
MemAvailable:    1350764 kB
Buffers:           87060 kB
Cached:           680192 kB
MemTotal:        1844596 kB
MemFree:          611416 kB
MemAvailable:    1350628 kB
Buffers:           87060 kB
Cached:           680316 kB
MemTotal:        1844596 kB
MemFree:          611548 kB
MemAvailable:    1350928 kB
Buffers:           87060 kB
Cached:           680440 kB
MemTotal:        1844596 kB
MemFree:          611276 kB
MemAvailable:    1349900 kB
Buffers:           87060 kB
Cached:           679600 kB
MemTotal:        1844596 kB
MemFree:          650072 kB
MemAvailable:    1388780 kB
Buffers:           87060 kB
Cached:           679600 kB
MemTotal:        1844596 kB
MemFree:          767152 kB
MemAvailable:    1505776 kB
Buffers:           87060 kB
Cached:           679600 kB
MemTotal:        1844596 kB
MemFree:          807184 kB
MemAvailable:    1545808 kB
Buffers:           87060 kB
Cached:           679600 kB
