MemTotal:        1844596 kB
MemFree:          828304 kB
MemAvailable:    1545128 kB
Buffers:           86500 kB
Cached:           659272 kB
MemTotal:        1844596 kB
MemFree:          801032 kB
MemAvailable:    1517860 kB
Buffers:           86500 kB
Cached:           659276 kB
MemTotal:        1844596 kB
MemFree:          799984 kB
MemAvailable:    1516812 kB
Buffers:           86500 kB
Cached:           659276 kB
MemTotal:        1844596 kB
MemFree:          799852 kB
MemAvailable:    1516680 kB
Buffers:           86500 kB
Cached:           659276 kB
MemTotal:        1844596 kB
MemFree:          796452 kB
MemAvailable:    1513280 kB
Buffers:           86500 kB
Cached:           659276 kB
MemTotal:        1844596 kB
MemFree:          795824 kB
MemAvailable:    1512652 kB
Buffers:           86500 kB
Cached:           659276 kB
MemTotal:        1844596 kB
MemFree:          794592 kB
MemAvailable:    1511420 kB
Buffers:           86500 kB
Cached:           659276 kB
MemTotal:        1844596 kB
MemFree:          792228 kB
MemAvailable:    1509056 kB
Buffers:           86500 kB
Cached:           659276 kB
MemTotal:        1844596 kB
MemFree:          790748 kB
MemAvailable:    1507576 kB
Buffers:           86500 kB
Cached:           659276 kB
MemTotal:        1844596 kB
MemFree:          788516 kB
MemAvailable:    1505344 kB
Buffers:           86500 kB
Cached:           659276 kB
MemTotal:        1844596 kB
MemFree:          787320 kB
MemAvailable:    1504148 kB
Buffers:           86500 kB
Cached:           659276 kB
MemTotal:        1844596 kB
MemFree:          788576 kB
MemAvailable:    1505404 kB
Buffers:           86500 kB
Cached:           659276 kB
MemTotal:        1844596 kB
MemFree:          788552 kB
MemAvailable:    1505380 kB
Buffers:           86500 kB
Cached:           659276 kB
MemTotal:        1844596 kB
MemFree:          788524 kB
MemAvailable:    1505352 kB
Buffers:           86500 kB
Cached:           659276 kB
MemTotal:        1844596 kB
MemFree:          787268 kB
MemAvailable:    1504096 kB
Buffers:           86500 kB
Cached:           659276 kB
MemTotal:        1844596 kB
MemFree:          787268 kB
MemAvailable:    1504096 kB
Buffers:           86500 kB
Cached:           659276 kB
MemTotal:        1844596 kB
MemFree:          787028 kB
MemAvailable:    1503856 kB
Buffers:           86500 kB
Cached:           659276 kB
MemTotal:        1844596 kB
MemFree:          788012 kB
MemAvailable:    1504840 kB
Buffers:           86500 kB
Cached:           659276 kB
MemTotal:        1844596 kB
MemFree:          786724 kB
MemAvailable:    1503556 kB
Buffers:           86500 kB
Cached:           659276 kB
MemTotal:        1844596 kB
MemFree:          787856 kB
MemAvailable:    1504688 kB
Buffers:           86500 kB
Cached:           659276 kB
MemTotal:        1844596 kB
MemFree:          786656 kB
MemAvailable:    1503488 kB
Buffers:           86500 kB
Cached:           659276 kB
MemTotal:        1844596 kB
MemFree:          787784 kB
MemAvailable:    1504616 kB
Buffers:           86500 kB
Cached:           659276 kB
MemTotal:        1844596 kB
MemFree:          787628 kB
MemAvailable:    1504460 kB
Buffers:           86500 kB
Cached:           659276 kB
MemTotal:        1844596 kB
MemFree:          787036 kB
MemAvailable:    1503868 kB
Buffers:           86500 kB
Cached:           659276 kB
MemTotal:        1844596 kB
MemFree:          785904 kB
MemAvailable:    1502736 kB
Buffers:           86500 kB
Cached:           659276 kB
MemTotal:        1844596 kB
MemFree:          787196 kB
MemAvailable:    1504028 kB
Buffers:           86500 kB
Cached:           659276 kB
MemTotal:        1844596 kB
MemFree:          786964 kB
MemAvailable:    1503796 kB
Buffers:           86500 kB
Cached:           659276 kB
MemTotal:        1844596 kB
MemFree:          785656 kB
MemAvailable:    1502488 kB
Buffers:           86500 kB
Cached:           659276 kB
MemTotal:        1844596 kB
MemFree:          785904 kB
MemAvailable:    1502736 kB
Buffers:           86500 kB
Cached:           659276 kB
MemTotal:        1844596 kB
MemFree:          785796 kB
MemAvailable:    1502628 kB
Buffers:           86500 kB
Cached:           659276 kB
MemTotal:        1844596 kB
MemFree:          785716 kB
MemAvailable:    1502548 kB
Buffers:           86500 kB
Cached:           659276 kB
MemTotal:        1844596 kB
MemFree:          784540 kB
MemAvailable:    1501372 kB
Buffers:           86500 kB
Cached:           659276 kB
MemTotal:        1844596 kB
MemFree:          784656 kB
MemAvailable:    1501488 kB
Buffers:           86500 kB
Cached:           659276 kB
MemTotal:        1844596 kB
MemFree:          784408 kB
MemAvailable:    1501240 kB
Buffers:           86500 kB
Cached:           659276 kB
MemTotal:        1844596 kB
MemFree:          784408 kB
MemAvailable:    1501240 kB
Buffers:           86500 kB
Cached:           659276 kB
MemTotal:        1844596 kB
MemFree:          785756 kB
MemAvailable:    1502588 kB
Buffers:           86500 kB
Cached:           659276 kB
MemTotal:        1844596 kB
MemFree:          784672 kB
MemAvailable:    1501504 kB
Buffers:           86500 kB
Cached:           659276 kB
MemTotal:        1844596 kB
MemFree:          785320 kB
MemAvailable:    1502152 kB
Buffers:           86500 kB
Cached:           659276 kB
MemTotal:        1844596 kB
MemFree:          785540 kB
MemAvailable:    1502372 kB
Buffers:           86500 kB
Cached:           659276 kB
MemTotal:        1844596 kB
MemFree:          784424 kB
MemAvailable:    1501256 kB
Buffers:           86500 kB
Cached:           659276 kB
MemTotal:        1844596 kB
MemFree:          781820 kB
MemAvailable:    1498652 kB
Buffers:           86500 kB
Cached:           659276 kB
MemTotal:        1844596 kB
MemFree:          778960 kB
MemAvailable:    1495792 kB
Buffers:           86500 kB
Cached:           659276 kB
MemTotal:        1844596 kB
MemFree:          778836 kB
MemAvailable:    1495668 kB
Buffers:           86500 kB
Cached:           659276 kB
MemTotal:        1844596 kB
MemFree:          778960 kB
MemAvailable:    1495792 kB
Buffers:           86500 kB
Cached:           659276 kB
MemTotal:        1844596 kB
MemFree:          780380 kB
MemAvailable:    1497212 kB
Buffers:           86500 kB
Cached:           659276 kB
MemTotal:        1844596 kB
MemFree:          780200 kB
MemAvailable:    1497032 kB
Buffers:           86500 kB
Cached:           659276 kB
MemTotal:        1844596 kB
MemFree:          779772 kB
MemAvailable:    1496604 kB
Buffers:           86500 kB
Cached:           659276 kB
MemTotal:        1844596 kB
MemFree:          780108 kB
MemAvailable:    1496940 kB
Buffers:           86500 kB
Cached:           659276 kB
MemTotal:        1844596 kB
MemFree:          779672 kB
MemAvailable:    1496504 kB
Buffers:           86500 kB
Cached:           659276 kB
MemTotal:        1844596 kB
MemFree:          779408 kB
MemAvailable:    1496240 kB
Buffers:           86500 kB
Cached:           659276 kB
MemTotal:        1844596 kB
MemFree:          778176 kB
MemAvailable:    1495008 kB
Buffers:           86500 kB
Cached:           659276 kB
MemTotal:        1844596 kB
MemFree:          779788 kB
MemAvailable:    1496620 kB
Buffers:           86500 kB
Cached:           659276 kB
MemTotal:        1844596 kB
MemFree:          779780 kB
MemAvailable:    1496612 kB
Buffers:           86500 kB
Cached:           659276 kB
MemTotal:        1844596 kB
MemFree:          779784 kB
MemAvailable:    1496616 kB
Buffers:           86500 kB
Cached:           659276 kB
MemTotal:        1844596 kB
MemFree:          779100 kB
MemAvailable:    1495932 kB
Buffers:           86500 kB
Cached:           659276 kB
MemTotal:        1844596 kB
MemFree:          779508 kB
MemAvailable:    1496340 kB
Buffers:           86500 kB
Cached:           659276 kB
MemTotal:        1844596 kB
MemFree:          776744 kB
MemAvailable:    1493576 kB
Buffers:           86500 kB
Cached:           659276 kB
MemTotal:        1844596 kB
MemFree:          774132 kB
MemAvailable:    1490964 kB
Buffers:           86500 kB
Cached:           659276 kB
MemTotal:        1844596 kB
MemFree:          774072 kB
MemAvailable:    1490904 kB
Buffers:           86500 kB
Cached:           659276 kB
MemTotal:        1844596 kB
MemFree:          772148 kB
MemAvailable:    1488980 kB
Buffers:           86500 kB
Cached:           659276 kB
MemTotal:        1844596 kB
MemFree:          771760 kB
MemAvailable:    1488592 kB
Buffers:           86500 kB
Cached:           659276 kB
MemTotal:        1844596 kB
MemFree:          771404 kB
MemAvailable:    1488236 kB
Buffers:           86500 kB
Cached:           659276 kB
MemTotal:        1844596 kB
MemFree:          770356 kB
MemAvailable:    1487188 kB
Buffers:           86500 kB
Cached:           659276 kB
MemTotal:        1844596 kB
MemFree:          770156 kB
MemAvailable:    1486988 kB
Buffers:           86500 kB
Cached:           659276 kB
MemTotal:        1844596 kB
MemFree:          770412 kB
MemAvailable:    1487244 kB
Buffers:           86500 kB
Cached:           659276 kB
MemTotal:        1844596 kB
MemFree:          770164 kB
MemAvailable:    1486996 kB
Buffers:           86500 kB
Cached:           659276 kB
MemTotal:        1844596 kB
MemFree:          770032 kB
MemAvailable:    1486864 kB
Buffers:           86500 kB
Cached:           659276 kB
MemTotal:        1844596 kB
MemFree:          771528 kB
MemAvailable:    1488360 kB
Buffers:           86500 kB
Cached:           659276 kB
MemTotal:        1844596 kB
MemFree:          769784 kB
MemAvailable:    1486616 kB
Buffers:           86500 kB
Cached:           659276 kB
MemTotal:        1844596 kB
MemFree:          771024 kB
MemAvailable:    1487856 kB
Buffers:           86500 kB
Cached:           659276 kB
MemTotal:        1844596 kB
MemFree:          770164 kB
MemAvailable:    1486872 kB
Buffers:           86500 kB
Cached:           659276 kB
MemTotal:        1844596 kB
MemFree:          770896 kB
MemAvailable:    1487728 kB
Buffers:           86500 kB
Cached:           659276 kB
MemTotal:        1844596 kB
MemFree:          770164 kB
MemAvailable:    1486996 kB
Buffers:           86500 kB
Cached:           659276 kB
MemTotal:        1844596 kB
MemFree:          770832 kB
MemAvailable:    1487664 kB
Buffers:           86500 kB
Cached:           659276 kB
MemTotal:        1844596 kB
MemFree:          771096 kB
MemAvailable:    1487928 kB
Buffers:           86500 kB
Cached:           659276 kB
MemTotal:        1844596 kB
MemFree:          771096 kB
MemAvailable:    1487928 kB
Buffers:           86500 kB
Cached:           659276 kB
MemTotal:        1844596 kB
MemFree:          770900 kB
MemAvailable:    1487732 kB
Buffers:           86500 kB
Cached:           659276 kB
MemTotal:        1844596 kB
MemFree:          769412 kB
MemAvailable:    1486244 kB
Buffers:           86500 kB
Cached:           659276 kB
MemTotal:        1844596 kB
MemFree:          769520 kB
MemAvailable:    1486352 kB
Buffers:           86500 kB
Cached:           659276 kB
MemTotal:        1844596 kB
MemFree:          769488 kB
MemAvailable:    1486320 kB
Buffers:           86500 kB
Cached:           659276 kB
MemTotal:        1844596 kB
MemFree:          769232 kB
MemAvailable:    1486064 kB
Buffers:           86500 kB
Cached:           659276 kB
MemTotal:        1844596 kB
MemFree:          769232 kB
MemAvailable:    1486064 kB
Buffers:           86500 kB
Cached:           659276 kB
MemTotal:        1844596 kB
MemFree:          767188 kB
MemAvailable:    1484020 kB
Buffers:           86500 kB
Cached:           659276 kB
MemTotal:        1844596 kB
MemFree:          765816 kB
MemAvailable:    1482648 kB
Buffers:           86500 kB
Cached:           659276 kB
MemTotal:        1844596 kB
MemFree:          764096 kB
MemAvailable:    1480928 kB
Buffers:           86500 kB
Cached:           659276 kB
MemTotal:        1844596 kB
MemFree:          761064 kB
MemAvailable:    1477896 kB
Buffers:           86500 kB
Cached:           659276 kB
MemTotal:        1844596 kB
MemFree:          761112 kB
MemAvailable:    1477944 kB
Buffers:           86500 kB
Cached:           659276 kB
MemTotal:        1844596 kB
MemFree:          762240 kB
MemAvailable:    1479072 kB
Buffers:           86500 kB
Cached:           659276 kB
MemTotal:        1844596 kB
MemFree:          761108 kB
MemAvailable:    1477940 kB
Buffers:           86500 kB
Cached:           659276 kB
MemTotal:        1844596 kB
MemFree:          760740 kB
MemAvailable:    1477572 kB
Buffers:           86500 kB
Cached:           659276 kB
MemTotal:        1844596 kB
MemFree:          760740 kB
MemAvailable:    1477580 kB
Buffers:           86500 kB
Cached:           659284 kB
MemTotal:        1844596 kB
MemFree:          762188 kB
MemAvailable:    1479028 kB
Buffers:           86500 kB
Cached:           659284 kB
MemTotal:        1844596 kB
MemFree:          760864 kB
MemAvailable:    1477704 kB
Buffers:           86500 kB
Cached:           659284 kB
MemTotal:        1844596 kB
MemFree:          760576 kB
MemAvailable:    1477416 kB
Buffers:           86500 kB
Cached:           659284 kB
MemTotal:        1844596 kB
MemFree:          761760 kB
MemAvailable:    1478600 kB
Buffers:           86500 kB
Cached:           659284 kB
MemTotal:        1844596 kB
MemFree:          761980 kB
MemAvailable:    1478820 kB
Buffers:           86500 kB
Cached:           659284 kB
MemTotal:        1844596 kB
MemFree:          761968 kB
MemAvailable:    1478808 kB
Buffers:           86500 kB
Cached:           659284 kB
MemTotal:        1844596 kB
MemFree:          761120 kB
MemAvailable:    1477960 kB
Buffers:           86500 kB
Cached:           659284 kB
MemTotal:        1844596 kB
MemFree:          760444 kB
MemAvailable:    1477284 kB
Buffers:           86500 kB
Cached:           659284 kB
MemTotal:        1844596 kB
MemFree:          761816 kB
MemAvailable:    1478656 kB
Buffers:           86500 kB
Cached:           659284 kB
MemTotal:        1844596 kB
MemFree:          761816 kB
MemAvailable:    1478656 kB
Buffers:           86500 kB
Cached:           659284 kB
MemTotal:        1844596 kB
MemFree:          761716 kB
MemAvailable:    1478556 kB
Buffers:           86500 kB
Cached:           659284 kB
MemTotal:        1844596 kB
MemFree:          761972 kB
MemAvailable:    1478812 kB
Buffers:           86500 kB
Cached:           659284 kB
MemTotal:        1844596 kB
MemFree:          761808 kB
MemAvailable:    1478648 kB
Buffers:           86500 kB
Cached:           659284 kB
MemTotal:        1844596 kB
MemFree:          760608 kB
MemAvailable:    1477448 kB
Buffers:           86500 kB
Cached:           659284 kB
MemTotal:        1844596 kB
MemFree:          761868 kB
MemAvailable:    1478708 kB
Buffers:           86500 kB
Cached:           659284 kB
MemTotal:        1844596 kB
MemFree:          761904 kB
MemAvailable:    1478744 kB
Buffers:           86500 kB
Cached:           659284 kB
MemTotal:        1844596 kB
MemFree:          760804 kB
MemAvailable:    1477644 kB
Buffers:           86500 kB
Cached:           659284 kB
MemTotal:        1844596 kB
MemFree:          761848 kB
MemAvailable:    1478688 kB
Buffers:           86500 kB
Cached:           659284 kB
MemTotal:        1844596 kB
MemFree:          762088 kB
MemAvailable:    1478928 kB
Buffers:           86500 kB
Cached:           659284 kB
MemTotal:        1844596 kB
MemFree:          761852 kB
MemAvailable:    1478692 kB
Buffers:           86500 kB
Cached:           659284 kB
MemTotal:        1844596 kB
MemFree:          760544 kB
MemAvailable:    1477384 kB
Buffers:           86500 kB
Cached:           659284 kB
MemTotal:        1844596 kB
MemFree:          760668 kB
MemAvailable:    1477508 kB
Buffers:           86500 kB
Cached:           659284 kB
MemTotal:        1844596 kB
MemFree:          760580 kB
MemAvailable:    1477420 kB
Buffers:           86500 kB
Cached:           659284 kB
MemTotal:        1844596 kB
MemFree:          760580 kB
MemAvailable:    1477420 kB
Buffers:           86500 kB
Cached:           659284 kB
MemTotal:        1844596 kB
MemFree:          760704 kB
MemAvailable:    1477544 kB
Buffers:           86500 kB
Cached:           659284 kB
MemTotal:        1844596 kB
MemFree:          762188 kB
MemAvailable:    1479028 kB
Buffers:           86500 kB
Cached:           659284 kB
MemTotal:        1844596 kB
MemFree:          761916 kB
MemAvailable:    1478756 kB
Buffers:           86500 kB
Cached:           659284 kB
MemTotal:        1844596 kB
MemFree:          760692 kB
MemAvailable:    1477532 kB
Buffers:           86500 kB
Cached:           659284 kB
MemTotal:        1844596 kB
MemFree:          760244 kB
MemAvailable:    1477084 kB
Buffers:           86500 kB
Cached:           659284 kB
MemTotal:        1844596 kB
MemFree:          756524 kB
MemAvailable:    1473364 kB
Buffers:           86500 kB
Cached:           659284 kB
MemTotal:        1844596 kB
MemFree:          753236 kB
MemAvailable:    1470076 kB
Buffers:           86500 kB
Cached:           659284 kB
MemTotal:        1844596 kB
MemFree:          750828 kB
MemAvailable:    1467668 kB
Buffers:           86500 kB
Cached:           659284 kB
MemTotal:        1844596 kB
MemFree:          751308 kB
MemAvailable:    1468152 kB
Buffers:           86500 kB
Cached:           659288 kB
MemTotal:        1844596 kB
MemFree:          751644 kB
MemAvailable:    1468488 kB
Buffers:           86500 kB
Cached:           659288 kB
MemTotal:        1844596 kB
MemFree:          750192 kB
MemAvailable:    1467036 kB
Buffers:           86500 kB
Cached:           659288 kB
MemTotal:        1844596 kB
MemFree:          750192 kB
MemAvailable:    1467036 kB
Buffers:           86500 kB
Cached:           659288 kB
MemTotal:        1844596 kB
MemFree:          750068 kB
MemAvailable:    1466912 kB
Buffers:           86500 kB
Cached:           659288 kB
MemTotal:        1844596 kB
MemFree:          751176 kB
MemAvailable:    1468020 kB
Buffers:           86500 kB
Cached:           659288 kB
MemTotal:        1844596 kB
MemFree:          750076 kB
MemAvailable:    1466920 kB
Buffers:           86500 kB
Cached:           659288 kB
MemTotal:        1844596 kB
MemFree:          749952 kB
MemAvailable:    1466800 kB
Buffers:           86500 kB
Cached:           659292 kB
MemTotal:        1844596 kB
MemFree:          751012 kB
MemAvailable:    1467860 kB
Buffers:           86500 kB
Cached:           659292 kB
MemTotal:        1844596 kB
MemFree:          751264 kB
MemAvailable:    1467916 kB
Buffers:           86500 kB
Cached:           659292 kB
MemTotal:        1844596 kB
MemFree:          750940 kB
MemAvailable:    1467788 kB
Buffers:           86500 kB
Cached:           659292 kB
MemTotal:        1844596 kB
MemFree:          749896 kB
MemAvailable:    1466744 kB
Buffers:           86500 kB
Cached:           659292 kB
MemTotal:        1844596 kB
MemFree:          750020 kB
MemAvailable:    1466868 kB
Buffers:           86500 kB
Cached:           659292 kB
MemTotal:        1844596 kB
MemFree:          749772 kB
MemAvailable:    1466620 kB
Buffers:           86500 kB
Cached:           659292 kB
MemTotal:        1844596 kB
MemFree:          751048 kB
MemAvailable:    1467896 kB
Buffers:           86500 kB
Cached:           659292 kB
MemTotal:        1844596 kB
MemFree:          750316 kB
MemAvailable:    1467164 kB
Buffers:           86500 kB
Cached:           659292 kB
MemTotal:        1844596 kB
MemFree:          749892 kB
MemAvailable:    1466740 kB
Buffers:           86500 kB
Cached:           659292 kB
MemTotal:        1844596 kB
MemFree:          750996 kB
MemAvailable:    1467844 kB
Buffers:           86500 kB
Cached:           659292 kB
MemTotal:        1844596 kB
MemFree:          750952 kB
MemAvailable:    1467800 kB
Buffers:           86500 kB
Cached:           659292 kB
MemTotal:        1844596 kB
MemFree:          751020 kB
MemAvailable:    1467868 kB
Buffers:           86500 kB
Cached:           659292 kB
MemTotal:        1844596 kB
MemFree:          749900 kB
MemAvailable:    1466748 kB
Buffers:           86500 kB
Cached:           659292 kB
MemTotal:        1844596 kB
MemFree:          749812 kB
MemAvailable:    1466660 kB
Buffers:           86500 kB
Cached:           659292 kB
MemTotal:        1844596 kB
MemFree:          751004 kB
MemAvailable:    1467852 kB
Buffers:           86500 kB
Cached:           659292 kB
MemTotal:        1844596 kB
MemFree:          749952 kB
MemAvailable:    1466800 kB
Buffers:           86500 kB
Cached:           659292 kB
MemTotal:        1844596 kB
MemFree:          750928 kB
MemAvailable:    1467776 kB
Buffers:           86500 kB
Cached:           659292 kB
MemTotal:        1844596 kB
MemFree:          751180 kB
MemAvailable:    1468028 kB
Buffers:           86500 kB
Cached:           659292 kB
MemTotal:        1844596 kB
MemFree:          749896 kB
MemAvailable:    1466744 kB
Buffers:           86500 kB
Cached:           659292 kB
MemTotal:        1844596 kB
MemFree:          749896 kB
MemAvailable:    1466744 kB
Buffers:           86500 kB
Cached:           659292 kB
MemTotal:        1844596 kB
MemFree:          751036 kB
MemAvailable:    1467884 kB
Buffers:           86500 kB
Cached:           659292 kB
MemTotal:        1844596 kB
MemFree:          750944 kB
MemAvailable:    1467792 kB
Buffers:           86500 kB
Cached:           659292 kB
MemTotal:        1844596 kB
MemFree:          751056 kB
MemAvailable:    1467904 kB
Buffers:           86500 kB
Cached:           659292 kB
MemTotal:        1844596 kB
MemFree:          749892 kB
MemAvailable:    1466740 kB
Buffers:           86500 kB
Cached:           659292 kB
MemTotal:        1844596 kB
MemFree:          749768 kB
MemAvailable:    1466616 kB
Buffers:           86500 kB
Cached:           659292 kB
MemTotal:        1844596 kB
MemFree:          749884 kB
MemAvailable:    1466736 kB
Buffers:           86500 kB
Cached:           659296 kB
MemTotal:        1844596 kB
MemFree:          749628 kB
MemAvailable:    1466480 kB
Buffers:           86500 kB
Cached:           659296 kB
MemTotal:        1844596 kB
MemFree:          749828 kB
MemAvailable:    1466680 kB
Buffers:           86500 kB
Cached:           659296 kB
MemTotal:        1844596 kB
MemFree:          751128 kB
MemAvailable:    1467980 kB
Buffers:           86500 kB
Cached:           659296 kB
MemTotal:        1844596 kB
MemFree:          749828 kB
MemAvailable:    1466680 kB
Buffers:           86500 kB
Cached:           659296 kB
MemTotal:        1844596 kB
MemFree:          751020 kB
MemAvailable:    1467872 kB
Buffers:           86500 kB
Cached:           659296 kB
MemTotal:        1844596 kB
MemFree:          751276 kB
MemAvailable:    1468128 kB
Buffers:           86500 kB
Cached:           659296 kB
MemTotal:        1844596 kB
MemFree:          751020 kB
MemAvailable:    1467872 kB
Buffers:           86500 kB
Cached:           659296 kB
MemTotal:        1844596 kB
MemFree:          749676 kB
MemAvailable:    1466528 kB
Buffers:           86500 kB
Cached:           659296 kB
MemTotal:        1844596 kB
MemFree:          751052 kB
MemAvailable:    1467904 kB
Buffers:           86500 kB
Cached:           659296 kB
MemTotal:        1844596 kB
MemFree:          751004 kB
MemAvailable:    1467856 kB
Buffers:           86500 kB
Cached:           659296 kB
MemTotal:        1844596 kB
MemFree:          749780 kB
MemAvailable:    1466632 kB
Buffers:           86500 kB
Cached:           659296 kB
MemTotal:        1844596 kB
MemFree:          750864 kB
MemAvailable:    1467716 kB
Buffers:           86500 kB
Cached:           659296 kB
MemTotal:        1844596 kB
MemFree:          749564 kB
MemAvailable:    1466416 kB
Buffers:           86500 kB
Cached:           659296 kB
MemTotal:        1844596 kB
MemFree:          749208 kB
MemAvailable:    1466060 kB
Buffers:           86500 kB
Cached:           659296 kB
MemTotal:        1844596 kB
MemFree:          750284 kB
MemAvailable:    1467136 kB
Buffers:           86500 kB
Cached:           659296 kB
MemTotal:        1844596 kB
MemFree:          748960 kB
MemAvailable:    1465812 kB
Buffers:           86500 kB
Cached:           659296 kB
MemTotal:        1844596 kB
MemFree:          749864 kB
MemAvailable:    1466716 kB
Buffers:           86500 kB
Cached:           659296 kB
MemTotal:        1844596 kB
MemFree:          749960 kB
MemAvailable:    1466812 kB
Buffers:           86500 kB
Cached:           659296 kB
MemTotal:        1844596 kB
MemFree:          749820 kB
MemAvailable:    1466672 kB
Buffers:           86500 kB
Cached:           659296 kB
MemTotal:        1844596 kB
MemFree:          749880 kB
MemAvailable:    1466732 kB
Buffers:           86500 kB
Cached:           659296 kB
MemTotal:        1844596 kB
MemFree:          749632 kB
MemAvailable:    1466484 kB
Buffers:           86500 kB
Cached:           659296 kB
MemTotal:        1844596 kB
MemFree:          749884 kB
MemAvailable:    1466736 kB
Buffers:           86500 kB
Cached:           659296 kB
MemTotal:        1844596 kB
MemFree:          749564 kB
MemAvailable:    1466416 kB
Buffers:           86500 kB
Cached:           659296 kB
MemTotal:        1844596 kB
MemFree:          748656 kB
MemAvailable:    1465508 kB
Buffers:           86500 kB
Cached:           659296 kB
MemTotal:        1844596 kB
MemFree:          749376 kB
MemAvailable:    1466228 kB
Buffers:           86500 kB
Cached:           659296 kB
MemTotal:        1844596 kB
MemFree:          749628 kB
MemAvailable:    1466480 kB
Buffers:           86500 kB
Cached:           659296 kB
MemTotal:        1844596 kB
MemFree:          749476 kB
MemAvailable:    1466328 kB
Buffers:           86500 kB
Cached:           659296 kB
MemTotal:        1844596 kB
MemFree:          749412 kB
MemAvailable:    1466264 kB
Buffers:           86500 kB
Cached:           659296 kB
MemTotal:        1844596 kB
MemFree:          749340 kB
MemAvailable:    1466192 kB
Buffers:           86500 kB
Cached:           659296 kB
MemTotal:        1844596 kB
MemFree:          749468 kB
MemAvailable:    1466320 kB
Buffers:           86500 kB
Cached:           659296 kB
MemTotal:        1844596 kB
MemFree:          748712 kB
MemAvailable:    1465564 kB
Buffers:           86500 kB
Cached:           659296 kB
MemTotal:        1844596 kB
MemFree:          749192 kB
MemAvailable:    1466048 kB
Buffers:           86500 kB
Cached:           659300 kB
MemTotal:        1844596 kB
MemFree:          749128 kB
MemAvailable:    1465984 kB
Buffers:           86500 kB
Cached:           659300 kB
MemTotal:        1844596 kB
MemFree:          748168 kB
MemAvailable:    1465024 kB
Buffers:           86500 kB
Cached:           659300 kB
MemTotal:        1844596 kB
MemFree:          749452 kB
MemAvailable:    1466308 kB
Buffers:           86500 kB
Cached:           659300 kB
MemTotal:        1844596 kB
MemFree:          748084 kB
MemAvailable:    1464940 kB
Buffers:           86500 kB
Cached:           659300 kB
MemTotal:        1844596 kB
MemFree:          749516 kB
MemAvailable:    1466372 kB
Buffers:           86500 kB
Cached:           659300 kB
MemTotal:        1844596 kB
MemFree:          748208 kB
MemAvailable:    1465064 kB
Buffers:           86500 kB
Cached:           659300 kB
MemTotal:        1844596 kB
MemFree:          748208 kB
MemAvailable:    1465064 kB
Buffers:           86500 kB
Cached:           659300 kB
MemTotal:        1844596 kB
MemFree:          745852 kB
MemAvailable:    1462708 kB
Buffers:           86500 kB
Cached:           659300 kB
MemTotal:        1844596 kB
MemFree:          745248 kB
MemAvailable:    1462104 kB
Buffers:           86500 kB
Cached:           659300 kB
MemTotal:        1844596 kB
MemFree:          740900 kB
MemAvailable:    1457756 kB
Buffers:           86500 kB
Cached:           659300 kB
MemTotal:        1844596 kB
MemFree:          737676 kB
MemAvailable:    1454532 kB
Buffers:           86500 kB
Cached:           659300 kB
MemTotal:        1844596 kB
MemFree:          736924 kB
MemAvailable:    1453780 kB
Buffers:           86500 kB
Cached:           659300 kB
MemTotal:        1844596 kB
MemFree:          738040 kB
MemAvailable:    1454896 kB
Buffers:           86500 kB
Cached:           659300 kB
MemTotal:        1844596 kB
MemFree:          737932 kB
MemAvailable:    1454788 kB
Buffers:           86500 kB
Cached:           659300 kB
MemTotal:        1844596 kB
MemFree:          736428 kB
MemAvailable:    1453284 kB
Buffers:           86500 kB
Cached:           659300 kB
MemTotal:        1844596 kB
MemFree:          737536 kB
MemAvailable:    1454392 kB
Buffers:           86500 kB
Cached:           659300 kB
MemTotal:        1844596 kB
MemFree:          736684 kB
MemAvailable:    1453540 kB
Buffers:           86500 kB
Cached:           659300 kB
MemTotal:        1844596 kB
MemFree:          736048 kB
MemAvailable:    1452904 kB
Buffers:           86500 kB
Cached:           659300 kB
MemTotal:        1844596 kB
MemFree:          735196 kB
MemAvailable:    1452052 kB
Buffers:           86500 kB
Cached:           659300 kB
MemTotal:        1844596 kB
MemFree:          735304 kB
MemAvailable:    1452160 kB
Buffers:           86500 kB
Cached:           659300 kB
MemTotal:        1844596 kB
MemFree:          735388 kB
MemAvailable:    1452244 kB
Buffers:           86500 kB
Cached:           659300 kB
MemTotal:        1844596 kB
MemFree:          733336 kB
MemAvailable:    1450192 kB
Buffers:           86500 kB
Cached:           659300 kB
MemTotal:        1844596 kB
MemFree:          734388 kB
MemAvailable:    1451244 kB
Buffers:           86500 kB
Cached:           659300 kB
MemTotal:        1844596 kB
MemFree:          734188 kB
MemAvailable:    1451044 kB
Buffers:           86500 kB
Cached:           659300 kB
MemTotal:        1844596 kB
MemFree:          734440 kB
MemAvailable:    1451296 kB
Buffers:           86500 kB
Cached:           659300 kB
MemTotal:        1844596 kB
MemFree:          734376 kB
MemAvailable:    1451232 kB
Buffers:           86500 kB
Cached:           659300 kB
MemTotal:        1844596 kB
MemFree:          732904 kB
MemAvailable:    1449760 kB
Buffers:           86500 kB
Cached:           659300 kB
MemTotal:        1844596 kB
MemFree:          734264 kB
MemAvailable:    1451120 kB
Buffers:           86500 kB
Cached:           659300 kB
MemTotal:        1844596 kB
MemFree:          733184 kB
MemAvailable:    1450040 kB
Buffers:           86500 kB
Cached:           659300 kB
MemTotal:        1844596 kB
MemFree:          732888 kB
MemAvailable:    1449744 kB
Buffers:           86500 kB
Cached:           659300 kB
MemTotal:        1844596 kB
MemFree:          733008 kB
MemAvailable:    1449864 kB
Buffers:           86500 kB
Cached:           659300 kB
MemTotal:        1844596 kB
MemFree:          733132 kB
MemAvailable:    1449988 kB
Buffers:           86500 kB
Cached:           659300 kB
MemTotal:        1844596 kB
MemFree:          733080 kB
MemAvailable:    1449936 kB
Buffers:           86500 kB
Cached:           659300 kB
MemTotal:        1844596 kB
MemFree:          732964 kB
MemAvailable:    1449820 kB
Buffers:           86500 kB
Cached:           659300 kB
MemTotal:        1844596 kB
MemFree:          732460 kB
MemAvailable:    1449316 kB
Buffers:           86500 kB
Cached:           659300 kB
MemTotal:        1844596 kB
MemFree:          733824 kB
MemAvailable:    1450680 kB
Buffers:           86500 kB
Cached:           659300 kB
MemTotal:        1844596 kB
MemFree:          731972 kB
MemAvailable:    1448828 kB
Buffers:           86500 kB
Cached:           659300 kB
MemTotal:        1844596 kB
MemFree:          731220 kB
MemAvailable:    1448076 kB
Buffers:           86500 kB
Cached:           659300 kB
MemTotal:        1844596 kB
MemFree:          732388 kB
MemAvailable:    1449248 kB
Buffers:           86500 kB
Cached:           659304 kB
MemTotal:        1844596 kB
MemFree:          731352 kB
MemAvailable:    1448212 kB
Buffers:           86500 kB
Cached:           659304 kB
MemTotal:        1844596 kB
MemFree:          731848 kB
MemAvailable:    1448708 kB
Buffers:           86500 kB
Cached:           659304 kB
MemTotal:        1844596 kB
MemFree:          730608 kB
MemAvailable:    1447468 kB
Buffers:           86500 kB
Cached:           659304 kB
MemTotal:        1844596 kB
MemFree:          731040 kB
MemAvailable:    1447900 kB
Buffers:           86500 kB
Cached:           659304 kB
MemTotal:        1844596 kB
MemFree:          730716 kB
MemAvailable:    1447576 kB
Buffers:           86500 kB
Cached:           659304 kB
MemTotal:        1844596 kB
MemFree:          730972 kB
MemAvailable:    1447832 kB
Buffers:           86500 kB
Cached:           659304 kB
MemTotal:        1844596 kB
MemFree:          729560 kB
MemAvailable:    1446420 kB
Buffers:           86500 kB
Cached:           659304 kB
MemTotal:        1844596 kB
MemFree:          728856 kB
MemAvailable:    1445716 kB
Buffers:           86500 kB
Cached:           659304 kB
MemTotal:        1844596 kB
MemFree:          729112 kB
MemAvailable:    1445972 kB
Buffers:           86500 kB
Cached:           659304 kB
MemTotal:        1844596 kB
MemFree:          730152 kB
MemAvailable:    1447012 kB
Buffers:           86500 kB
Cached:           659304 kB
MemTotal:        1844596 kB
MemFree:          730272 kB
MemAvailable:    1447132 kB
Buffers:           86500 kB
Cached:           659304 kB
MemTotal:        1844596 kB
MemFree:          730328 kB
MemAvailable:    1447188 kB
Buffers:           86500 kB
Cached:           659304 kB
MemTotal:        1844596 kB
MemFree:          730164 kB
MemAvailable:    1447024 kB
Buffers:           86500 kB
Cached:           659304 kB
MemTotal:        1844596 kB
MemFree:          728836 kB
MemAvailable:    1445696 kB
Buffers:           86500 kB
Cached:           659304 kB
MemTotal:        1844596 kB
MemFree:          730096 kB
MemAvailable:    1446956 kB
Buffers:           86500 kB
Cached:           659304 kB
MemTotal:        1844596 kB
MemFree:          730348 kB
MemAvailable:    1447208 kB
Buffers:           86500 kB
Cached:           659304 kB
MemTotal:        1844596 kB
MemFree:          729064 kB
MemAvailable:    1445924 kB
Buffers:           86500 kB
Cached:           659304 kB
MemTotal:        1844596 kB
MemFree:          728816 kB
MemAvailable:    1445676 kB
Buffers:           86500 kB
Cached:           659304 kB
MemTotal:        1844596 kB
MemFree:          729916 kB
MemAvailable:    1446776 kB
Buffers:           86500 kB
Cached:           659304 kB
MemTotal:        1844596 kB
MemFree:          729368 kB
MemAvailable:    1446228 kB
Buffers:           86500 kB
Cached:           659304 kB
MemTotal:        1844596 kB
MemFree:          729736 kB
MemAvailable:    1446596 kB
Buffers:           86500 kB
Cached:           659304 kB
MemTotal:        1844596 kB
MemFree:          728568 kB
MemAvailable:    1445428 kB
Buffers:           86500 kB
Cached:           659304 kB
MemTotal:        1844596 kB
MemFree:          728568 kB
MemAvailable:    1445428 kB
Buffers:           86500 kB
Cached:           659304 kB
MemTotal:        1844596 kB
MemFree:          729836 kB
MemAvailable:    1446696 kB
Buffers:           86500 kB
Cached:           659304 kB
MemTotal:        1844596 kB
MemFree:          730088 kB
MemAvailable:    1446948 kB
Buffers:           86500 kB
Cached:           659304 kB
MemTotal:        1844596 kB
MemFree:          729784 kB
MemAvailable:    1446644 kB
Buffers:           86500 kB
Cached:           659304 kB
MemTotal:        1844596 kB
MemFree:          728692 kB
MemAvailable:    1445552 kB
Buffers:           86500 kB
Cached:           659304 kB
MemTotal:        1844596 kB
MemFree:          729860 kB
MemAvailable:    1446720 kB
Buffers:           86500 kB
Cached:           659304 kB
MemTotal:        1844596 kB
MemFree:          728684 kB
MemAvailable:    1445544 kB
Buffers:           86500 kB
Cached:           659304 kB
MemTotal:        1844596 kB
MemFree:          728560 kB
MemAvailable:    1445420 kB
Buffers:           86500 kB
Cached:           659304 kB
MemTotal:        1844596 kB
MemFree:          729968 kB
MemAvailable:    1446828 kB
Buffers:           86500 kB
Cached:           659304 kB
MemTotal:        1844596 kB
MemFree:          729860 kB
MemAvailable:    1446720 kB
Buffers:           86500 kB
Cached:           659304 kB
MemTotal:        1844596 kB
MemFree:          728680 kB
MemAvailable:    1445540 kB
Buffers:           86500 kB
Cached:           659304 kB
MemTotal:        1844596 kB
MemFree:          727632 kB
MemAvailable:    1444492 kB
Buffers:           86500 kB
Cached:           659304 kB
MemTotal:        1844596 kB
MemFree:          727368 kB
MemAvailable:    1444228 kB
Buffers:           86500 kB
Cached:           659304 kB
MemTotal:        1844596 kB
MemFree:          728484 kB
MemAvailable:    1445344 kB
Buffers:           86500 kB
Cached:           659304 kB
MemTotal:        1844596 kB
MemFree:          728012 kB
MemAvailable:    1444872 kB
Buffers:           86500 kB
Cached:           659304 kB
MemTotal:        1844596 kB
MemFree:          726640 kB
MemAvailable:    1443500 kB
Buffers:           86500 kB
Cached:           659304 kB
MemTotal:        1844596 kB
MemFree:          724772 kB
MemAvailable:    1441632 kB
Buffers:           86500 kB
Cached:           659304 kB
MemTotal:        1844596 kB
MemFree:          723408 kB
MemAvailable:    1440268 kB
Buffers:           86500 kB
Cached:           659304 kB
MemTotal:        1844596 kB
MemFree:          721600 kB
MemAvailable:    1438460 kB
Buffers:           86500 kB
Cached:           659304 kB
MemTotal:        1844596 kB
MemFree:          718392 kB
MemAvailable:    1435252 kB
Buffers:           86500 kB
Cached:           659304 kB
MemTotal:        1844596 kB
MemFree:          714612 kB
MemAvailable:    1431472 kB
Buffers:           86500 kB
Cached:           659304 kB
MemTotal:        1844596 kB
MemFree:          712008 kB
MemAvailable:    1428868 kB
Buffers:           86500 kB
Cached:           659304 kB
MemTotal:        1844596 kB
MemFree:          710272 kB
MemAvailable:    1427132 kB
Buffers:           86500 kB
Cached:           659304 kB
MemTotal:        1844596 kB
MemFree:          710348 kB
MemAvailable:    1427208 kB
Buffers:           86500 kB
Cached:           659304 kB
MemTotal:        1844596 kB
MemFree:          710100 kB
MemAvailable:    1426960 kB
Buffers:           86500 kB
Cached:           659304 kB
MemTotal:        1844596 kB
MemFree:          711468 kB
MemAvailable:    1428328 kB
Buffers:           86500 kB
Cached:           659304 kB
MemTotal:        1844596 kB
MemFree:          711072 kB
MemAvailable:    1427932 kB
Buffers:           86500 kB
Cached:           659304 kB
MemTotal:        1844596 kB
MemFree:          711016 kB
MemAvailable:    1427876 kB
Buffers:           86500 kB
Cached:           659304 kB
MemTotal:        1844596 kB
MemFree:          711252 kB
MemAvailable:    1428112 kB
Buffers:           86500 kB
Cached:           659304 kB
MemTotal:        1844596 kB
MemFree:          709836 kB
MemAvailable:    1426696 kB
Buffers:           86500 kB
Cached:           659304 kB
MemTotal:        1844596 kB
MemFree:          711372 kB
MemAvailable:    1428232 kB
Buffers:           86500 kB
Cached:           659304 kB
MemTotal:        1844596 kB
MemFree:          709824 kB
MemAvailable:    1426684 kB
Buffers:           86500 kB
Cached:           659304 kB
MemTotal:        1844596 kB
MemFree:          711384 kB
MemAvailable:    1428244 kB
Buffers:           86500 kB
Cached:           659304 kB
MemTotal:        1844596 kB
MemFree:          710528 kB
MemAvailable:    1427388 kB
Buffers:           86500 kB
Cached:           659304 kB
MemTotal:        1844596 kB
MemFree:          710520 kB
MemAvailable:    1427380 kB
Buffers:           86500 kB
Cached:           659304 kB
MemTotal:        1844596 kB
MemFree:          708852 kB
MemAvailable:    1425712 kB
Buffers:           86500 kB
Cached:           659304 kB
MemTotal:        1844596 kB
MemFree:          709100 kB
MemAvailable:    1425960 kB
Buffers:           86500 kB
Cached:           659304 kB
MemTotal:        1844596 kB
MemFree:          710336 kB
MemAvailable:    1427196 kB
Buffers:           86500 kB
Cached:           659304 kB
MemTotal:        1844596 kB
MemFree:          710032 kB
MemAvailable:    1426892 kB
Buffers:           86500 kB
Cached:           659304 kB
MemTotal:        1844596 kB
MemFree:          710528 kB
MemAvailable:    1427388 kB
Buffers:           86500 kB
Cached:           659304 kB
MemTotal:        1844596 kB
MemFree:          709228 kB
MemAvailable:    1426088 kB
Buffers:           86500 kB
Cached:           659304 kB
MemTotal:        1844596 kB
MemFree:          710240 kB
MemAvailable:    1427100 kB
Buffers:           86500 kB
Cached:           659304 kB
MemTotal:        1844596 kB
MemFree:          710492 kB
MemAvailable:    1427352 kB
Buffers:           86500 kB
Cached:           659304 kB
MemTotal:        1844596 kB
MemFree:          709024 kB
MemAvailable:    1425884 kB
Buffers:           86500 kB
Cached:           659304 kB
MemTotal:        1844596 kB
MemFree:          709488 kB
MemAvailable:    1426360 kB
Buffers:           86500 kB
Cached:           659316 kB
MemTotal:        1844596 kB
MemFree:          710332 kB
MemAvailable:    1427204 kB
Buffers:           86500 kB
Cached:           659316 kB
MemTotal:        1844596 kB
MemFree:          710396 kB
MemAvailable:    1427268 kB
Buffers:           86500 kB
Cached:           659316 kB
MemTotal:        1844596 kB
MemFree:          709024 kB
MemAvailable:    1425896 kB
Buffers:           86500 kB
Cached:           659316 kB
MemTotal:        1844596 kB
MemFree:          709528 kB
MemAvailable:    1426400 kB
Buffers:           86500 kB
Cached:           659316 kB
MemTotal:        1844596 kB
MemFree:          709652 kB
MemAvailable:    1426524 kB
Buffers:           86500 kB
Cached:           659316 kB
MemTotal:        1844596 kB
MemFree:          709148 kB
MemAvailable:    1426020 kB
Buffers:           86500 kB
Cached:           659316 kB
MemTotal:        1844596 kB
MemFree:          709024 kB
MemAvailable:    1425896 kB
Buffers:           86500 kB
Cached:           659316 kB
MemTotal:        1844596 kB
MemFree:          710348 kB
MemAvailable:    1427220 kB
Buffers:           86500 kB
Cached:           659316 kB
MemTotal:        1844596 kB
MemFree:          710460 kB
MemAvailable:    1427332 kB
Buffers:           86500 kB
Cached:           659316 kB
MemTotal:        1844596 kB
MemFree:          704568 kB
MemAvailable:    1421440 kB
Buffers:           86500 kB
Cached:           659316 kB
MemTotal:        1844596 kB
MemFree:          702212 kB
MemAvailable:    1419084 kB
Buffers:           86500 kB
Cached:           659316 kB
MemTotal:        1844596 kB
MemFree:          699608 kB
MemAvailable:    1416480 kB
Buffers:           86500 kB
Cached:           659316 kB
MemTotal:        1844596 kB
MemFree:          695764 kB
MemAvailable:    1412636 kB
Buffers:           86500 kB
Cached:           659316 kB
MemTotal:        1844596 kB
MemFree:          693408 kB
MemAvailable:    1410280 kB
Buffers:           86500 kB
Cached:           659316 kB
MemTotal:        1844596 kB
MemFree:          690928 kB
MemAvailable:    1407800 kB
Buffers:           86500 kB
Cached:           659316 kB
MemTotal:        1844596 kB
MemFree:          691052 kB
MemAvailable:    1407924 kB
Buffers:           86500 kB
Cached:           659316 kB
MemTotal:        1844596 kB
MemFree:          691176 kB
MemAvailable:    1408048 kB
Buffers:           86500 kB
Cached:           659316 kB
MemTotal:        1844596 kB
MemFree:          690928 kB
MemAvailable:    1407800 kB
Buffers:           86500 kB
Cached:           659316 kB
MemTotal:        1844596 kB
MemFree:          691044 kB
MemAvailable:    1407916 kB
Buffers:           86500 kB
Cached:           659316 kB
MemTotal:        1844596 kB
MemFree:          692292 kB
MemAvailable:    1409164 kB
Buffers:           86500 kB
Cached:           659316 kB
MemTotal:        1844596 kB
MemFree:          692244 kB
MemAvailable:    1409116 kB
Buffers:           86500 kB
Cached:           659316 kB
MemTotal:        1844596 kB
MemFree:          691984 kB
MemAvailable:    1408856 kB
Buffers:           86500 kB
Cached:           659316 kB
MemTotal:        1844596 kB
MemFree:          692052 kB
MemAvailable:    1408924 kB
Buffers:           86500 kB
Cached:           659316 kB
MemTotal:        1844596 kB
MemFree:          692036 kB
MemAvailable:    1408908 kB
Buffers:           86500 kB
Cached:           659316 kB
MemTotal:        1844596 kB
MemFree:          692052 kB
MemAvailable:    1408924 kB
Buffers:           86500 kB
Cached:           659316 kB
MemTotal:        1844596 kB
MemFree:          691996 kB
MemAvailable:    1408868 kB
Buffers:           86500 kB
Cached:           659316 kB
MemTotal:        1844596 kB
MemFree:          690876 kB
MemAvailable:    1407748 kB
Buffers:           86500 kB
Cached:           659316 kB
MemTotal:        1844596 kB
MemFree:          691000 kB
MemAvailable:    1407872 kB
Buffers:           86500 kB
Cached:           659316 kB
MemTotal:        1844596 kB
MemFree:          692176 kB
MemAvailable:    1409048 kB
Buffers:           86500 kB
Cached:           659316 kB
MemTotal:        1844596 kB
MemFree:          692420 kB
MemAvailable:    1409292 kB
Buffers:           86500 kB
Cached:           659316 kB
MemTotal:        1844596 kB
MemFree:          690604 kB
MemAvailable:    1407476 kB
Buffers:           86500 kB
Cached:           659316 kB
MemTotal:        1844596 kB
MemFree:          692208 kB
MemAvailable:    1409080 kB
Buffers:           86500 kB
Cached:           659316 kB
MemTotal:        1844596 kB
MemFree:          692268 kB
MemAvailable:    1409140 kB
Buffers:           86500 kB
Cached:           659316 kB
MemTotal:        1844596 kB
MemFree:          690756 kB
MemAvailable:    1407628 kB
Buffers:           86500 kB
Cached:           659316 kB
MemTotal:        1844596 kB
MemFree:          690724 kB
MemAvailable:    1407596 kB
Buffers:           86500 kB
Cached:           659316 kB
MemTotal:        1844596 kB
MemFree:          690848 kB
MemAvailable:    1407720 kB
Buffers:           86500 kB
Cached:           659316 kB
MemTotal:        1844596 kB
MemFree:          690928 kB
MemAvailable:    1407800 kB
Buffers:           86500 kB
Cached:           659316 kB
MemTotal:        1844596 kB
MemFree:          690804 kB
MemAvailable:    1407676 kB
Buffers:           86500 kB
Cached:           659316 kB
MemTotal:        1844596 kB
MemFree:          690928 kB
MemAvailable:    1407800 kB
Buffers:           86500 kB
Cached:           659316 kB
MemTotal:        1844596 kB
MemFree:          692104 kB
MemAvailable:    1408976 kB
Buffers:           86500 kB
Cached:           659316 kB
MemTotal:        1844596 kB
MemFree:          690756 kB
MemAvailable:    1407628 kB
Buffers:           86500 kB
Cached:           659316 kB
MemTotal:        1844596 kB
MemFree:          690756 kB
MemAvailable:    1407628 kB
Buffers:           86500 kB
Cached:           659316 kB
MemTotal:        1844596 kB
MemFree:          690756 kB
MemAvailable:    1407628 kB
Buffers:           86500 kB
Cached:           659316 kB
MemTotal:        1844596 kB
MemFree:          691536 kB
MemAvailable:    1408408 kB
Buffers:           86500 kB
Cached:           659316 kB
MemTotal:        1844596 kB
MemFree:          690756 kB
MemAvailable:    1407628 kB
Buffers:           86500 kB
Cached:           659316 kB
MemTotal:        1844596 kB
MemFree:          690744 kB
MemAvailable:    1407616 kB
Buffers:           86500 kB
Cached:           659316 kB
MemTotal:        1844596 kB
MemFree:          692080 kB
MemAvailable:    1408952 kB
Buffers:           86500 kB
Cached:           659316 kB
MemTotal:        1844596 kB
MemFree:          690780 kB
MemAvailable:    1407652 kB
Buffers:           86500 kB
Cached:           659316 kB
MemTotal:        1844596 kB
MemFree:          685904 kB
MemAvailable:    1402776 kB
Buffers:           86500 kB
Cached:           659316 kB
MemTotal:        1844596 kB
MemFree:          682372 kB
MemAvailable:    1399244 kB
Buffers:           86500 kB
Cached:           659316 kB
MemTotal:        1844596 kB
MemFree:          678148 kB
MemAvailable:    1395020 kB
Buffers:           86500 kB
Cached:           659316 kB
MemTotal:        1844596 kB
MemFree:          677544 kB
MemAvailable:    1394416 kB
Buffers:           86500 kB
Cached:           659316 kB
MemTotal:        1844596 kB
MemFree:          673692 kB
MemAvailable:    1390564 kB
Buffers:           86500 kB
Cached:           659316 kB
MemTotal:        1844596 kB
MemFree:          673808 kB
MemAvailable:    1390680 kB
Buffers:           86500 kB
Cached:           659316 kB
MemTotal:        1844596 kB
MemFree:          673560 kB
MemAvailable:    1390432 kB
Buffers:           86500 kB
Cached:           659316 kB
MemTotal:        1844596 kB
MemFree:          673444 kB
MemAvailable:    1390316 kB
Buffers:           86500 kB
Cached:           659316 kB
MemTotal:        1844596 kB
MemFree:          672576 kB
MemAvailable:    1389448 kB
Buffers:           86500 kB
Cached:           659316 kB
MemTotal:        1844596 kB
MemFree:          672576 kB
MemAvailable:    1389448 kB
Buffers:           86500 kB
Cached:           659316 kB
MemTotal:        1844596 kB
MemFree:          673900 kB
MemAvailable:    1390772 kB
Buffers:           86500 kB
Cached:           659316 kB
MemTotal:        1844596 kB
MemFree:          673616 kB
MemAvailable:    1390488 kB
Buffers:           86500 kB
Cached:           659316 kB
MemTotal:        1844596 kB
MemFree:          673596 kB
MemAvailable:    1390472 kB
Buffers:           86500 kB
Cached:           659320 kB
MemTotal:        1844596 kB
MemFree:          673768 kB
MemAvailable:    1390644 kB
Buffers:           86500 kB
Cached:           659320 kB
MemTotal:        1844596 kB
MemFree:          672072 kB
MemAvailable:    1388952 kB
Buffers:           86500 kB
Cached:           659324 kB
MemTotal:        1844596 kB
MemFree:          671940 kB
MemAvailable:    1388820 kB
Buffers:           86500 kB
Cached:           659324 kB
MemTotal:        1844596 kB
MemFree:          673124 kB
MemAvailable:    1390004 kB
Buffers:           86500 kB
Cached:           659324 kB
MemTotal:        1844596 kB
MemFree:          672700 kB
MemAvailable:    1389580 kB
Buffers:           86500 kB
Cached:           659324 kB
MemTotal:        1844596 kB
MemFree:          672684 kB
MemAvailable:    1389564 kB
Buffers:           86500 kB
Cached:           659324 kB
MemTotal:        1844596 kB
MemFree:          672684 kB
MemAvailable:    1389564 kB
Buffers:           86500 kB
Cached:           659324 kB
MemTotal:        1844596 kB
MemFree:          671568 kB
MemAvailable:    1388448 kB
Buffers:           86500 kB
Cached:           659324 kB
MemTotal:        1844596 kB
MemFree:          671320 kB
MemAvailable:    1388200 kB
Buffers:           86500 kB
Cached:           659324 kB
MemTotal:        1844596 kB
MemFree:          670344 kB
MemAvailable:    1387224 kB
Buffers:           86500 kB
Cached:           659324 kB
MemTotal:        1844596 kB
MemFree:          670964 kB
MemAvailable:    1387844 kB
Buffers:           86500 kB
Cached:           659324 kB
MemTotal:        1844596 kB
MemFree:          670396 kB
MemAvailable:    1387276 kB
Buffers:           86500 kB
Cached:           659324 kB
MemTotal:        1844596 kB
MemFree:          670468 kB
MemAvailable:    1387348 kB
Buffers:           86500 kB
Cached:           659324 kB
MemTotal:        1844596 kB
MemFree:          669344 kB
MemAvailable:    1386224 kB
Buffers:           86500 kB
Cached:           659324 kB
MemTotal:        1844596 kB
MemFree:          669344 kB
MemAvailable:    1386224 kB
Buffers:           86500 kB
Cached:           659324 kB
MemTotal:        1844596 kB
MemFree:          667368 kB
MemAvailable:    1384248 kB
Buffers:           86500 kB
Cached:           659324 kB
MemTotal:        1844596 kB
MemFree:          667608 kB
MemAvailable:    1384488 kB
Buffers:           86500 kB
Cached:           659324 kB
MemTotal:        1844596 kB
MemFree:          666880 kB
MemAvailable:    1383760 kB
Buffers:           86500 kB
Cached:           659324 kB
MemTotal:        1844596 kB
MemFree:          666376 kB
MemAvailable:    1383256 kB
Buffers:           86500 kB
Cached:           659324 kB
MemTotal:        1844596 kB
MemFree:          667352 kB
MemAvailable:    1384232 kB
Buffers:           86500 kB
Cached:           659324 kB
MemTotal:        1844596 kB
MemFree:          666996 kB
MemAvailable:    1383876 kB
Buffers:           86500 kB
Cached:           659324 kB
MemTotal:        1844596 kB
MemFree:          666072 kB
MemAvailable:    1382952 kB
Buffers:           86500 kB
Cached:           659324 kB
MemTotal:        1844596 kB
MemFree:          667496 kB
MemAvailable:    1384376 kB
Buffers:           86500 kB
Cached:           659324 kB
MemTotal:        1844596 kB
MemFree:          666316 kB
MemAvailable:    1383196 kB
Buffers:           86500 kB
Cached:           659324 kB
MemTotal:        1844596 kB
MemFree:          666932 kB
MemAvailable:    1383812 kB
Buffers:           86500 kB
Cached:           659324 kB
MemTotal:        1844596 kB
MemFree:          665996 kB
MemAvailable:    1382876 kB
Buffers:           86500 kB
Cached:           659324 kB
MemTotal:        1844596 kB
MemFree:          665880 kB
MemAvailable:    1382760 kB
Buffers:           86500 kB
Cached:           659324 kB
MemTotal:        1844596 kB
MemFree:          665868 kB
MemAvailable:    1382748 kB
Buffers:           86500 kB
Cached:           659324 kB
MemTotal:        1844596 kB
MemFree:          664580 kB
MemAvailable:    1381460 kB
Buffers:           86500 kB
Cached:           659324 kB
MemTotal:        1844596 kB
MemFree:          665876 kB
MemAvailable:    1382756 kB
Buffers:           86500 kB
Cached:           659324 kB
MemTotal:        1844596 kB
MemFree:          664940 kB
MemAvailable:    1381820 kB
Buffers:           86500 kB
Cached:           659324 kB
MemTotal:        1844596 kB
MemFree:          665912 kB
MemAvailable:    1382792 kB
Buffers:           86500 kB
Cached:           659324 kB
MemTotal:        1844596 kB
MemFree:          665128 kB
MemAvailable:    1382008 kB
Buffers:           86500 kB
Cached:           659324 kB
MemTotal:        1844596 kB
MemFree:          665860 kB
MemAvailable:    1382740 kB
Buffers:           86500 kB
Cached:           659324 kB
MemTotal:        1844596 kB
MemFree:          664432 kB
MemAvailable:    1381312 kB
Buffers:           86500 kB
Cached:           659324 kB
MemTotal:        1844596 kB
MemFree:          664608 kB
MemAvailable:    1381488 kB
Buffers:           86500 kB
Cached:           659324 kB
MemTotal:        1844596 kB
MemFree:          664604 kB
MemAvailable:    1381484 kB
Buffers:           86500 kB
Cached:           659324 kB
MemTotal:        1844596 kB
MemFree:          664592 kB
MemAvailable:    1381472 kB
Buffers:           86500 kB
Cached:           659324 kB
MemTotal:        1844596 kB
MemFree:          664620 kB
MemAvailable:    1381500 kB
Buffers:           86500 kB
Cached:           659324 kB
MemTotal:        1844596 kB
MemFree:          664580 kB
MemAvailable:    1381460 kB
Buffers:           86500 kB
Cached:           659324 kB
MemTotal:        1844596 kB
MemFree:          664952 kB
MemAvailable:    1381832 kB
Buffers:           86500 kB
Cached:           659324 kB
MemTotal:        1844596 kB
MemFree:          665988 kB
MemAvailable:    1382868 kB
Buffers:           86500 kB
Cached:           659324 kB
MemTotal:        1844596 kB
MemFree:          666108 kB
MemAvailable:    1382988 kB
Buffers:           86500 kB
Cached:           659324 kB
MemTotal:        1844596 kB
MemFree:          664488 kB
MemAvailable:    1381368 kB
Buffers:           86500 kB
Cached:           659324 kB
MemTotal:        1844596 kB
MemFree:          664684 kB
MemAvailable:    1381564 kB
Buffers:           86500 kB
Cached:           659324 kB
MemTotal:        1844596 kB
MemFree:          664684 kB
MemAvailable:    1381564 kB
Buffers:           86500 kB
Cached:           659324 kB
MemTotal:        1844596 kB
MemFree:          664932 kB
MemAvailable:    1381812 kB
Buffers:           86500 kB
Cached:           659324 kB
MemTotal:        1844596 kB
MemFree:          665852 kB
MemAvailable:    1382732 kB
Buffers:           86500 kB
Cached:           659324 kB
MemTotal:        1844596 kB
MemFree:          665900 kB
MemAvailable:    1382780 kB
Buffers:           86500 kB
Cached:           659324 kB
MemTotal:        1844596 kB
MemFree:          665816 kB
MemAvailable:    1382696 kB
Buffers:           86500 kB
Cached:           659324 kB
MemTotal:        1844596 kB
MemFree:          664840 kB
MemAvailable:    1381720 kB
Buffers:           86500 kB
Cached:           659324 kB
MemTotal:        1844596 kB
MemFree:          664592 kB
MemAvailable:    1381472 kB
Buffers:           86500 kB
Cached:           659324 kB
MemTotal:        1844596 kB
MemFree:          665688 kB
MemAvailable:    1382568 kB
Buffers:           86500 kB
Cached:           659324 kB
MemTotal:        1844596 kB
MemFree:          665756 kB
MemAvailable:    1382636 kB
Buffers:           86500 kB
Cached:           659324 kB
MemTotal:        1844596 kB
MemFree:          665868 kB
MemAvailable:    1382748 kB
Buffers:           86500 kB
Cached:           659324 kB
MemTotal:        1844596 kB
MemFree:          664704 kB
MemAvailable:    1381584 kB
Buffers:           86500 kB
Cached:           659324 kB
MemTotal:        1844596 kB
MemFree:          664492 kB
MemAvailable:    1381372 kB
Buffers:           86500 kB
Cached:           659324 kB
MemTotal:        1844596 kB
MemFree:          664492 kB
MemAvailable:    1381372 kB
Buffers:           86500 kB
Cached:           659324 kB
MemTotal:        1844596 kB
MemFree:          665868 kB
MemAvailable:    1382748 kB
Buffers:           86500 kB
Cached:           659324 kB
MemTotal:        1844596 kB
MemFree:          664736 kB
MemAvailable:    1381616 kB
Buffers:           86500 kB
Cached:           659324 kB
MemTotal:        1844596 kB
MemFree:          664564 kB
MemAvailable:    1381444 kB
Buffers:           86500 kB
Cached:           659324 kB
MemTotal:        1844596 kB
MemFree:          664432 kB
MemAvailable:    1381312 kB
Buffers:           86500 kB
Cached:           659324 kB
MemTotal:        1844596 kB
MemFree:          664764 kB
MemAvailable:    1381652 kB
Buffers:           86500 kB
Cached:           659332 kB
MemTotal:        1844596 kB
MemFree:          665940 kB
MemAvailable:    1382828 kB
Buffers:           86500 kB
Cached:           659332 kB
MemTotal:        1844596 kB
MemFree:          665940 kB
MemAvailable:    1382828 kB
Buffers:           86500 kB
Cached:           659332 kB
MemTotal:        1844596 kB
MemFree:          665992 kB
MemAvailable:    1382880 kB
Buffers:           86500 kB
Cached:           659332 kB
MemTotal:        1844596 kB
MemFree:          663684 kB
MemAvailable:    1380572 kB
Buffers:           86500 kB
Cached:           659332 kB
MemTotal:        1844596 kB
MemFree:          659416 kB
MemAvailable:    1376304 kB
Buffers:           86500 kB
Cached:           659332 kB
MemTotal:        1844596 kB
MemFree:          658812 kB
MemAvailable:    1375700 kB
Buffers:           86500 kB
Cached:           659332 kB
MemTotal:        1844596 kB
MemFree:          655456 kB
MemAvailable:    1372344 kB
Buffers:           86500 kB
Cached:           659332 kB
MemTotal:        1844596 kB
MemFree:          653044 kB
MemAvailable:    1369932 kB
Buffers:           86500 kB
Cached:           659332 kB
MemTotal:        1844596 kB
MemFree:          648876 kB
MemAvailable:    1365764 kB
Buffers:           86500 kB
Cached:           659332 kB
MemTotal:        1844596 kB
MemFree:          648148 kB
MemAvailable:    1365036 kB
Buffers:           86500 kB
Cached:           659332 kB
MemTotal:        1844596 kB
MemFree:          646596 kB
MemAvailable:    1363484 kB
Buffers:           86500 kB
Cached:           659332 kB
MemTotal:        1844596 kB
MemFree:          645288 kB
MemAvailable:    1362176 kB
Buffers:           86500 kB
Cached:           659332 kB
MemTotal:        1844596 kB
MemFree:          646392 kB
MemAvailable:    1363280 kB
Buffers:           86500 kB
Cached:           659332 kB
MemTotal:        1844596 kB
MemFree:          646296 kB
MemAvailable:    1363184 kB
Buffers:           86500 kB
Cached:           659332 kB
MemTotal:        1844596 kB
MemFree:          646404 kB
MemAvailable:    1363292 kB
Buffers:           86500 kB
Cached:           659332 kB
MemTotal:        1844596 kB
MemFree:          646656 kB
MemAvailable:    1363544 kB
Buffers:           86500 kB
Cached:           659332 kB
MemTotal:        1844596 kB
MemFree:          646156 kB
MemAvailable:    1363044 kB
Buffers:           86500 kB
Cached:           659332 kB
MemTotal:        1844596 kB
MemFree:          645712 kB
MemAvailable:    1362600 kB
Buffers:           86500 kB
Cached:           659332 kB
MemTotal:        1844596 kB
MemFree:          645048 kB
MemAvailable:    1361936 kB
Buffers:           86500 kB
Cached:           659332 kB
MemTotal:        1844596 kB
MemFree:          645132 kB
MemAvailable:    1362020 kB
Buffers:           86500 kB
Cached:           659332 kB
MemTotal:        1844596 kB
MemFree:          645000 kB
MemAvailable:    1361888 kB
Buffers:           86500 kB
Cached:           659332 kB
MemTotal:        1844596 kB
MemFree:          645296 kB
MemAvailable:    1362184 kB
Buffers:           86500 kB
Cached:           659332 kB
MemTotal:        1844596 kB
MemFree:          646536 kB
MemAvailable:    1363424 kB
Buffers:           86500 kB
Cached:           659332 kB
MemTotal:        1844596 kB
MemFree:          646656 kB
MemAvailable:    1363544 kB
Buffers:           86500 kB
Cached:           659332 kB
MemTotal:        1844596 kB
MemFree:          644916 kB
MemAvailable:    1361804 kB
Buffers:           86500 kB
Cached:           659332 kB
MemTotal:        1844596 kB
MemFree:          644736 kB
MemAvailable:    1361624 kB
Buffers:           86500 kB
Cached:           659332 kB
MemTotal:        1844596 kB
MemFree:          646272 kB
MemAvailable:    1363160 kB
Buffers:           86500 kB
Cached:           659332 kB
MemTotal:        1844596 kB
MemFree:          646016 kB
MemAvailable:    1362904 kB
Buffers:           86500 kB
Cached:           659332 kB
MemTotal:        1844596 kB
MemFree:          646196 kB
MemAvailable:    1363084 kB
Buffers:           86500 kB
Cached:           659332 kB
MemTotal:        1844596 kB
MemFree:          646256 kB
MemAvailable:    1363144 kB
Buffers:           86500 kB
Cached:           659332 kB
MemTotal:        1844596 kB
MemFree:          644800 kB
MemAvailable:    1361688 kB
Buffers:           86500 kB
Cached:           659332 kB
MemTotal:        1844596 kB
MemFree:          644924 kB
MemAvailable:    1361812 kB
Buffers:           86500 kB
Cached:           659332 kB
MemTotal:        1844596 kB
MemFree:          644800 kB
MemAvailable:    1361688 kB
Buffers:           86500 kB
Cached:           659332 kB
MemTotal:        1844596 kB
MemFree:          645792 kB
MemAvailable:    1362680 kB
Buffers:           86500 kB
Cached:           659332 kB
MemTotal:        1844596 kB
MemFree:          644420 kB
MemAvailable:    1361308 kB
Buffers:           86500 kB
Cached:           659332 kB
MemTotal:        1844596 kB
MemFree:          643924 kB
MemAvailable:    1360812 kB
Buffers:           86500 kB
Cached:           659332 kB
MemTotal:        1844596 kB
MemFree:          640212 kB
MemAvailable:    1357100 kB
Buffers:           86500 kB
Cached:           659332 kB
MemTotal:        1844596 kB
MemFree:          634880 kB
MemAvailable:    1351768 kB
Buffers:           86500 kB
Cached:           659332 kB
MemTotal:        1844596 kB
MemFree:          635252 kB
MemAvailable:    1352140 kB
Buffers:           86500 kB
Cached:           659332 kB
MemTotal:        1844596 kB
MemFree:          636304 kB
MemAvailable:    1353192 kB
Buffers:           86500 kB
Cached:           659332 kB
MemTotal:        1844596 kB
MemFree:          636188 kB
MemAvailable:    1353076 kB
Buffers:           86500 kB
Cached:           659332 kB
MemTotal:        1844596 kB
MemFree:          636128 kB
MemAvailable:    1353016 kB
Buffers:           86500 kB
Cached:           659332 kB
MemTotal:        1844596 kB
MemFree:          635912 kB
MemAvailable:    1352800 kB
Buffers:           86500 kB
Cached:           659332 kB
MemTotal:        1844596 kB
MemFree:          633020 kB
MemAvailable:    1349908 kB
Buffers:           86500 kB
Cached:           659332 kB
MemTotal:        1844596 kB
MemFree:          632028 kB
MemAvailable:    1348916 kB
Buffers:           86500 kB
Cached:           659332 kB
MemTotal:        1844596 kB
MemFree:          633280 kB
MemAvailable:    1350168 kB
Buffers:           86500 kB
Cached:           659332 kB
MemTotal:        1844596 kB
MemFree:          633332 kB
MemAvailable:    1350220 kB
Buffers:           86500 kB
Cached:           659332 kB
MemTotal:        1844596 kB
MemFree:          631720 kB
MemAvailable:    1348692 kB
Buffers:           86500 kB
Cached:           659456 kB
MemTotal:        1844596 kB
MemFree:          632864 kB
MemAvailable:    1350004 kB
Buffers:           86500 kB
Cached:           659580 kB
MemTotal:        1844596 kB
MemFree:          633116 kB
MemAvailable:    1350256 kB
Buffers:           86500 kB
Cached:           659704 kB
MemTotal:        1844596 kB
MemFree:          632604 kB
MemAvailable:    1349996 kB
Buffers:           86500 kB
Cached:           659828 kB
MemTotal:        1844596 kB
MemFree:          631912 kB
MemAvailable:    1349304 kB
Buffers:           86500 kB
Cached:           659828 kB
MemTotal:        1844596 kB
MemFree:          632336 kB
MemAvailable:    1349812 kB
Buffers:           86500 kB
Cached:           659952 kB
MemTotal:        1844596 kB
MemFree:          632276 kB
MemAvailable:    1349752 kB
Buffers:           86500 kB
Cached:           659952 kB
MemTotal:        1844596 kB
MemFree:          632212 kB
MemAvailable:    1349688 kB
Buffers:           86500 kB
Cached:           660076 kB
MemTotal:        1844596 kB
MemFree:          631768 kB
MemAvailable:    1349244 kB
Buffers:           86500 kB
Cached:           660076 kB
MemTotal:        1844596 kB
MemFree:          632564 kB
MemAvailable:    1350040 kB
Buffers:           86500 kB
Cached:           660076 kB
MemTotal:        1844596 kB
MemFree:          631788 kB
MemAvailable:    1349264 kB
Buffers:           86500 kB
Cached:           660076 kB
MemTotal:        1844596 kB
MemFree:          632412 kB
MemAvailable:    1349888 kB
Buffers:           86500 kB
Cached:           660076 kB
MemTotal:        1844596 kB
MemFree:          631232 kB
MemAvailable:    1348708 kB
Buffers:           86500 kB
Cached:           660076 kB
MemTotal:        1844596 kB
MemFree:          631108 kB
MemAvailable:    1348668 kB
Buffers:           86500 kB
Cached:           660076 kB
MemTotal:        1844596 kB
MemFree:          631276 kB
MemAvailable:    1348164 kB
Buffers:           86500 kB
Cached:           659444 kB
MemTotal:        1844596 kB
MemFree:          631568 kB
MemAvailable:    1348456 kB
Buffers:           86500 kB
Cached:           659444 kB
MemTotal:        1844596 kB
MemFree:          749228 kB
MemAvailable:    1466116 kB
Buffers:           86500 kB
Cached:           659444 kB
MemTotal:        1844596 kB
MemFree:          827848 kB
MemAvailable:    1544748 kB
Buffers:           86500 kB
Cached:           659344 kB
