MemTotal:        1844596 kB
MemFree:          264052 kB
MemAvailable:    1544320 kB
Buffers:           97076 kB
Cached:          1206576 kB
MemTotal:        1844596 kB
MemFree:          236104 kB
MemAvailable:    1516380 kB
Buffers:           97076 kB
Cached:          1206580 kB
MemTotal:        1844596 kB
MemFree:          236292 kB
MemAvailable:    1516568 kB
Buffers:           97076 kB
Cached:          1206580 kB
MemTotal:        1844596 kB
MemFree:          235548 kB
MemAvailable:    1515824 kB
Buffers:           97076 kB
Cached:          1206580 kB
MemTotal:        1844596 kB
MemFree:          232556 kB
MemAvailable:    1512832 kB
Buffers:           97076 kB
Cached:          1206580 kB
MemTotal:        1844596 kB
MemFree:          232808 kB
MemAvailable:    1513084 kB
Buffers:           97076 kB
Cached:          1206580 kB
MemTotal:        1844596 kB
MemFree:          230588 kB
MemAvailable:    1510864 kB
Buffers:           97076 kB
Cached:          1206580 kB
MemTotal:        1844596 kB
MemFree:          228728 kB
MemAvailable:    1509004 kB
Buffers:           97076 kB
Cached:          1206580 kB
MemTotal:        1844596 kB
MemFree:          225936 kB
MemAvailable:    1506212 kB
Buffers:           97076 kB
Cached:          1206580 kB
MemTotal:        1844596 kB
MemFree:          220668 kB
MemAvailable:    1500944 kB
Buffers:           97076 kB
Cached:          1206580 kB
MemTotal:        1844596 kB
MemFree:          222944 kB
MemAvailable:    1503220 kB
Buffers:           97076 kB
Cached:          1206580 kB
MemTotal:        1844596 kB
MemFree:          222944 kB
MemAvailable:    1503220 kB
Buffers:           97076 kB
Cached:          1206580 kB
MemTotal:        1844596 kB
MemFree:          222944 kB
MemAvailable:    1503220 kB
Buffers:           97076 kB
Cached:          1206580 kB
MemTotal:        1844596 kB
MemFree:          222776 kB
MemAvailable:    1503052 kB
Buffers:           97076 kB
Cached:          1206580 kB
MemTotal:        1844596 kB
MemFree:          223884 kB
MemAvailable:    1504160 kB
Buffers:           97076 kB
Cached:          1206580 kB
MemTotal:        1844596 kB
MemFree:          222520 kB
MemAvailable:    1502796 kB
Buffers:           97076 kB
Cached:          1206580 kB
MemTotal:        1844596 kB
MemFree:          222404 kB
MemAvailable:    1502680 kB
Buffers:           97076 kB
Cached:          1206580 kB
MemTotal:        1844596 kB
MemFree:          222404 kB
MemAvailable:    1502680 kB
Buffers:           97076 kB
Cached:          1206580 kB
MemTotal:        1844596 kB
MemFree:          222272 kB
MemAvailable:    1502548 kB
Buffers:           97076 kB
Cached:          1206580 kB
MemTotal:        1844596 kB
MemFree:          222520 kB
MemAvailable:    1502796 kB
Buffers:           97076 kB
Cached:          1206580 kB
MemTotal:        1844596 kB
MemFree:          223332 kB
MemAvailable:    1503608 kB
Buffers:           97076 kB
Cached:          1206580 kB
MemTotal:        1844596 kB
MemFree:          223264 kB
MemAvailable:    1503540 kB
Buffers:           97076 kB
Cached:          1206580 kB
MemTotal:        1844596 kB
MemFree:          221416 kB
MemAvailable:    1501692 kB
Buffers:           97076 kB
Cached:          1206580 kB
MemTotal:        1844596 kB
MemFree:          222344 kB
MemAvailable:    1502620 kB
Buffers:           97076 kB
Cached:          1206580 kB
MemTotal:        1844596 kB
MemFree:          221056 kB
MemAvailable:    1501332 kB
Buffers:           97076 kB
Cached:          1206580 kB
MemTotal:        1844596 kB
MemFree:          221048 kB
MemAvailable:    1501324 kB
Buffers:           97076 kB
Cached:          1206580 kB
MemTotal:        1844596 kB
MemFree:          220056 kB
MemAvailable:    1500332 kB
Buffers:           97076 kB
Cached:          1206580 kB
MemTotal:        1844596 kB
MemFree:          221412 kB
MemAvailable:    1501688 kB
Buffers:           97076 kB
Cached:          1206580 kB
MemTotal:        1844596 kB
MemFree:          219816 kB
MemAvailable:    1500092 kB
Buffers:           97076 kB
Cached:          1206580 kB
MemTotal:        1844596 kB
MemFree:          219816 kB
MemAvailable:    1500092 kB
Buffers:           97076 kB
Cached:          1206580 kB
MemTotal:        1844596 kB
MemFree:          219808 kB
MemAvailable:    1500084 kB
Buffers:           97076 kB
Cached:          1206580 kB
MemTotal:        1844596 kB
MemFree:          221092 kB
MemAvailable:    1501368 kB
Buffers:           97076 kB
Cached:          1206580 kB
MemTotal:        1844596 kB
MemFree:          221064 kB
MemAvailable:    1501340 kB
Buffers:           97076 kB
Cached:          1206580 kB
MemTotal:        1844596 kB
MemFree:          219800 kB
MemAvailable:    1500076 kB
Buffers:           97076 kB
Cached:          1206580 kB
MemTotal:        1844596 kB
MemFree:          220896 kB
MemAvailable:    1501172 kB
Buffers:           97076 kB
Cached:          1206580 kB
MemTotal:        1844596 kB
MemFree:          221148 kB
MemAvailable:    1501424 kB
Buffers:           97076 kB
Cached:          1206580 kB
MemTotal:        1844596 kB
MemFree:          217708 kB
MemAvailable:    1497984 kB
Buffers:           97076 kB
Cached:          1206580 kB
MemTotal:        1844596 kB
MemFree:          216152 kB
MemAvailable:    1496428 kB
Buffers:           97076 kB
Cached:          1206580 kB
MemTotal:        1844596 kB
MemFree:          215592 kB
MemAvailable:    1495868 kB
Buffers:           97076 kB
Cached:          1206580 kB
MemTotal:        1844596 kB
MemFree:          214848 kB
MemAvailable:    1495124 kB
Buffers:           97076 kB
Cached:          1206580 kB
MemTotal:        1844596 kB
MemFree:          214352 kB
MemAvailable:    1494628 kB
Buffers:           97076 kB
Cached:          1206580 kB
MemTotal:        1844596 kB
MemFree:          214468 kB
MemAvailable:    1494744 kB
Buffers:           97076 kB
Cached:          1206580 kB
MemTotal:        1844596 kB
MemFree:          215716 kB
MemAvailable:    1495992 kB
Buffers:           97076 kB
Cached:          1206580 kB
MemTotal:        1844596 kB
MemFree:          215220 kB
MemAvailable:    1495496 kB
Buffers:           97076 kB
Cached:          1206580 kB
MemTotal:        1844596 kB
MemFree:          214100 kB
MemAvailable:    1494376 kB
Buffers:           97076 kB
Cached:          1206580 kB
MemTotal:        1844596 kB
MemFree:          213928 kB
MemAvailable:    1494204 kB
Buffers:           97076 kB
Cached:          1206580 kB
MemTotal:        1844596 kB
MemFree:          215204 kB
MemAvailable:    1495480 kB
Buffers:           97076 kB
Cached:          1206580 kB
MemTotal:        1844596 kB
MemFree:          215456 kB
MemAvailable:    1495732 kB
Buffers:           97076 kB
Cached:          1206580 kB
MemTotal:        1844596 kB
MemFree:          213920 kB
MemAvailable:    1494196 kB
Buffers:           97076 kB
Cached:          1206580 kB
MemTotal:        1844596 kB
MemFree:          213920 kB
MemAvailable:    1494196 kB
Buffers:           97076 kB
Cached:          1206580 kB
MemTotal:        1844596 kB
MemFree:          212624 kB
MemAvailable:    1492900 kB
Buffers:           97076 kB
Cached:          1206580 kB
MemTotal:        1844596 kB
MemFree:          208656 kB
MemAvailable:    1488932 kB
Buffers:           97076 kB
Cached:          1206580 kB
MemTotal:        1844596 kB
MemFree:          208028 kB
MemAvailable:    1488304 kB
Buffers:           97076 kB
Cached:          1206580 kB
MemTotal:        1844596 kB
MemFree:          208772 kB
MemAvailable:    1489048 kB
Buffers:           97076 kB
Cached:          1206580 kB
MemTotal:        1844596 kB
MemFree:          208540 kB
MemAvailable:    1488816 kB
Buffers:           97076 kB
Cached:          1206580 kB
MemTotal:        1844596 kB
MemFree:          207276 kB
MemAvailable:    1487552 kB
Buffers:           97076 kB
Cached:          1206580 kB
MemTotal:        1844596 kB
MemFree:          207612 kB
MemAvailable:    1487888 kB
Buffers:           97076 kB
Cached:          1206580 kB
MemTotal:        1844596 kB
MemFree:          206920 kB
MemAvailable:    1487196 kB
Buffers:           97076 kB
Cached:          1206580 kB
MemTotal:        1844596 kB
MemFree:          205548 kB
MemAvailable:    1485824 kB
Buffers:           97076 kB
Cached:          1206580 kB
MemTotal:        1844596 kB
MemFree:          205648 kB
MemAvailable:    1485924 kB
Buffers:           97076 kB
Cached:          1206580 kB
MemTotal:        1844596 kB
MemFree:          205524 kB
MemAvailable:    1485800 kB
Buffers:           97076 kB
Cached:          1206580 kB
MemTotal:        1844596 kB
MemFree:          206624 kB
MemAvailable:    1486900 kB
Buffers:           97076 kB
Cached:          1206580 kB
MemTotal:        1844596 kB
MemFree:          206268 kB
MemAvailable:    1486544 kB
Buffers:           97076 kB
Cached:          1206580 kB
MemTotal:        1844596 kB
MemFree:          206252 kB
MemAvailable:    1486528 kB
Buffers:           97076 kB
Cached:          1206580 kB
MemTotal:        1844596 kB
MemFree:          205260 kB
MemAvailable:    1485536 kB
Buffers:           97076 kB
Cached:          1206580 kB
MemTotal:        1844596 kB
MemFree:          206376 kB
MemAvailable:    1486652 kB
Buffers:           97076 kB
Cached:          1206580 kB
MemTotal:        1844596 kB
MemFree:          205260 kB
MemAvailable:    1485536 kB
Buffers:           97076 kB
Cached:          1206580 kB
MemTotal:        1844596 kB
MemFree:          205136 kB
MemAvailable:    1485412 kB
Buffers:           97076 kB
Cached:          1206580 kB
MemTotal:        1844596 kB
MemFree:          206328 kB
MemAvailable:    1486604 kB
Buffers:           97076 kB
Cached:          1206580 kB
MemTotal:        1844596 kB
MemFree:          206048 kB
MemAvailable:    1486324 kB
Buffers:           97076 kB
Cached:          1206580 kB
MemTotal:        1844596 kB
MemFree:          206052 kB
MemAvailable:    1486328 kB
Buffers:           97076 kB
Cached:          1206580 kB
MemTotal:        1844596 kB
MemFree:          205896 kB
MemAvailable:    1486172 kB
Buffers:           97076 kB
Cached:          1206580 kB
MemTotal:        1844596 kB
MemFree:          206076 kB
MemAvailable:    1486352 kB
Buffers:           97076 kB
Cached:          1206580 kB
MemTotal:        1844596 kB
MemFree:          206020 kB
MemAvailable:    1486296 kB
Buffers:           97076 kB
Cached:          1206580 kB
MemTotal:        1844596 kB
MemFree:          205964 kB
MemAvailable:    1486240 kB
Buffers:           97076 kB
Cached:          1206580 kB
MemTotal:        1844596 kB
MemFree:          204468 kB
MemAvailable:    1484744 kB
Buffers:           97076 kB
Cached:          1206580 kB
MemTotal:        1844596 kB
MemFree:          201184 kB
MemAvailable:    1481460 kB
Buffers:           97076 kB
Cached:          1206580 kB
MemTotal:        1844596 kB
MemFree:          201128 kB
MemAvailable:    1481404 kB
Buffers:           97076 kB
Cached:          1206580 kB
MemTotal:        1844596 kB
MemFree:          197960 kB
MemAvailable:    1478236 kB
Buffers:           97076 kB
Cached:          1206580 kB
MemTotal:        1844596 kB
MemFree:          197764 kB
MemAvailable:    1478040 kB
Buffers:           97076 kB
Cached:          1206580 kB
MemTotal:        1844596 kB
MemFree:          197888 kB
MemAvailable:    1478164 kB
Buffers:           97076 kB
Cached:          1206580 kB
MemTotal:        1844596 kB
MemFree:          196596 kB
MemAvailable:    1476872 kB
Buffers:           97076 kB
Cached:          1206580 kB
MemTotal:        1844596 kB
MemFree:          196224 kB
MemAvailable:    1476500 kB
Buffers:           97076 kB
Cached:          1206580 kB
MemTotal:        1844596 kB
MemFree:          197464 kB
MemAvailable:    1477740 kB
Buffers:           97076 kB
Cached:          1206580 kB
MemTotal:        1844596 kB
MemFree:          197540 kB
MemAvailable:    1477816 kB
Buffers:           97076 kB
Cached:          1206580 kB
MemTotal:        1844596 kB
MemFree:          197464 kB
MemAvailable:    1477740 kB
Buffers:           97076 kB
Cached:          1206580 kB
MemTotal:        1844596 kB
MemFree:          197520 kB
MemAvailable:    1477796 kB
Buffers:           97076 kB
Cached:          1206580 kB
MemTotal:        1844596 kB
MemFree:          197408 kB
MemAvailable:    1477684 kB
Buffers:           97076 kB
Cached:          1206580 kB
MemTotal:        1844596 kB
MemFree:          196176 kB
MemAvailable:    1476452 kB
Buffers:           97076 kB
Cached:          1206580 kB
MemTotal:        1844596 kB
MemFree:          196212 kB
MemAvailable:    1476488 kB
Buffers:           97076 kB
Cached:          1206580 kB
MemTotal:        1844596 kB
MemFree:          197528 kB
MemAvailable:    1477816 kB
Buffers:           97076 kB
Cached:          1206592 kB
MemTotal:        1844596 kB
MemFree:          196608 kB
MemAvailable:    1476896 kB
Buffers:           97076 kB
Cached:          1206592 kB
MemTotal:        1844596 kB
MemFree:          196344 kB
MemAvailable:    1476632 kB
Buffers:           97076 kB
Cached:          1206592 kB
MemTotal:        1844596 kB
MemFree:          196104 kB
MemAvailable:    1476392 kB
Buffers:           97076 kB
Cached:          1206592 kB
MemTotal:        1844596 kB
MemFree:          196304 kB
MemAvailable:    1476592 kB
Buffers:           97076 kB
Cached:          1206592 kB
MemTotal:        1844596 kB
MemFree:          196096 kB
MemAvailable:    1476384 kB
Buffers:           97076 kB
Cached:          1206592 kB
MemTotal:        1844596 kB
MemFree:          196048 kB
MemAvailable:    1476336 kB
Buffers:           97076 kB
Cached:          1206592 kB
MemTotal:        1844596 kB
MemFree:          196208 kB
MemAvailable:    1476496 kB
Buffers:           97076 kB
Cached:          1206592 kB
MemTotal:        1844596 kB
MemFree:          196464 kB
MemAvailable:    1476752 kB
Buffers:           97076 kB
Cached:          1206592 kB
MemTotal:        1844596 kB
MemFree:          196464 kB
MemAvailable:    1476752 kB
Buffers:           97076 kB
Cached:          1206592 kB
MemTotal:        1844596 kB
MemFree:          197516 kB
MemAvailable:    1477804 kB
Buffers:           97076 kB
Cached:          1206592 kB
MemTotal:        1844596 kB
MemFree:          197528 kB
MemAvailable:    1477816 kB
Buffers:           97076 kB
Cached:          1206592 kB
MemTotal:        1844596 kB
MemFree:          197460 kB
MemAvailable:    1477748 kB
Buffers:           97076 kB
Cached:          1206592 kB
MemTotal:        1844596 kB
MemFree:          196048 kB
MemAvailable:    1476336 kB
Buffers:           97076 kB
Cached:          1206592 kB
MemTotal:        1844596 kB
MemFree:          196296 kB
MemAvailable:    1476584 kB
Buffers:           97076 kB
Cached:          1206592 kB
MemTotal:        1844596 kB
MemFree:          196168 kB
MemAvailable:    1476456 kB
Buffers:           97076 kB
Cached:          1206592 kB
MemTotal:        1844596 kB
MemFree:          197264 kB
MemAvailable:    1477552 kB
Buffers:           97076 kB
Cached:          1206592 kB
MemTotal:        1844596 kB
MemFree:          197516 kB
MemAvailable:    1477804 kB
Buffers:           97076 kB
Cached:          1206592 kB
MemTotal:        1844596 kB
MemFree:          196048 kB
MemAvailable:    1476336 kB
Buffers:           97076 kB
Cached:          1206592 kB
MemTotal:        1844596 kB
MemFree:          196216 kB
MemAvailable:    1476504 kB
Buffers:           97076 kB
Cached:          1206592 kB
MemTotal:        1844596 kB
MemFree:          197324 kB
MemAvailable:    1477612 kB
Buffers:           97076 kB
Cached:          1206592 kB
MemTotal:        1844596 kB
MemFree:          194120 kB
MemAvailable:    1474408 kB
Buffers:           97076 kB
Cached:          1206592 kB
MemTotal:        1844596 kB
MemFree:          190276 kB
MemAvailable:    1470564 kB
Buffers:           97076 kB
Cached:          1206592 kB
MemTotal:        1844596 kB
MemFree:          188600 kB
MemAvailable:    1468888 kB
Buffers:           97076 kB
Cached:          1206592 kB
MemTotal:        1844596 kB
MemFree:          187052 kB
MemAvailable:    1467340 kB
Buffers:           97076 kB
Cached:          1206592 kB
MemTotal:        1844596 kB
MemFree:          185564 kB
MemAvailable:    1465852 kB
Buffers:           97076 kB
Cached:          1206592 kB
MemTotal:        1844596 kB
MemFree:          185268 kB
MemAvailable:    1465556 kB
Buffers:           97076 kB
Cached:          1206592 kB
MemTotal:        1844596 kB
MemFree:          186704 kB
MemAvailable:    1466992 kB
Buffers:           97076 kB
Cached:          1206592 kB
MemTotal:        1844596 kB
MemFree:          186752 kB
MemAvailable:    1467040 kB
Buffers:           97076 kB
Cached:          1206592 kB
MemTotal:        1844596 kB
MemFree:          186624 kB
MemAvailable:    1466912 kB
Buffers:           97076 kB
Cached:          1206592 kB
MemTotal:        1844596 kB
MemFree:          186736 kB
MemAvailable:    1467024 kB
Buffers:           97076 kB
Cached:          1206592 kB
MemTotal:        1844596 kB
MemFree:          185292 kB
MemAvailable:    1465580 kB
Buffers:           97076 kB
Cached:          1206592 kB
MemTotal:        1844596 kB
MemFree:          185284 kB
MemAvailable:    1465572 kB
Buffers:           97076 kB
Cached:          1206592 kB
MemTotal:        1844596 kB
MemFree:          186672 kB
MemAvailable:    1466960 kB
Buffers:           97076 kB
Cached:          1206592 kB
MemTotal:        1844596 kB
MemFree:          186404 kB
MemAvailable:    1466692 kB
Buffers:           97076 kB
Cached:          1206592 kB
MemTotal:        1844596 kB
MemFree:          186416 kB
MemAvailable:    1466704 kB
Buffers:           97076 kB
Cached:          1206592 kB
MemTotal:        1844596 kB
MemFree:          185364 kB
MemAvailable:    1465652 kB
Buffers:           97076 kB
Cached:          1206592 kB
MemTotal:        1844596 kB
MemFree:          186516 kB
MemAvailable:    1466804 kB
Buffers:           97076 kB
Cached:          1206592 kB
MemTotal:        1844596 kB
MemFree:          185268 kB
MemAvailable:    1465556 kB
Buffers:           97076 kB
Cached:          1206592 kB
MemTotal:        1844596 kB
MemFree:          186640 kB
MemAvailable:    1466928 kB
Buffers:           97076 kB
Cached:          1206592 kB
MemTotal:        1844596 kB
MemFree:          185820 kB
MemAvailable:    1466108 kB
Buffers:           97076 kB
Cached:          1206592 kB
MemTotal:        1844596 kB
MemFree:          186556 kB
MemAvailable:    1466844 kB
Buffers:           97076 kB
Cached:          1206592 kB
MemTotal:        1844596 kB
MemFree:          186548 kB
MemAvailable:    1466836 kB
Buffers:           97076 kB
Cached:          1206592 kB
MemTotal:        1844596 kB
MemFree:          186540 kB
MemAvailable:    1466828 kB
Buffers:           97076 kB
Cached:          1206592 kB
MemTotal:        1844596 kB
MemFree:          185144 kB
MemAvailable:    1465432 kB
Buffers:           97076 kB
Cached:          1206592 kB
MemTotal:        1844596 kB
MemFree:          186608 kB
MemAvailable:    1466896 kB
Buffers:           97076 kB
Cached:          1206592 kB
MemTotal:        1844596 kB
MemFree:          186632 kB
MemAvailable:    1466920 kB
Buffers:           97076 kB
Cached:          1206592 kB
MemTotal:        1844596 kB
MemFree:          185316 kB
MemAvailable:    1465604 kB
Buffers:           97076 kB
Cached:          1206592 kB
MemTotal:        1844596 kB
MemFree:          185316 kB
MemAvailable:    1465604 kB
Buffers:           97076 kB
Cached:          1206592 kB
MemTotal:        1844596 kB
MemFree:          186568 kB
MemAvailable:    1466856 kB
Buffers:           97076 kB
Cached:          1206592 kB
MemTotal:        1844596 kB
MemFree:          186604 kB
MemAvailable:    1466892 kB
Buffers:           97076 kB
Cached:          1206592 kB
MemTotal:        1844596 kB
MemFree:          185256 kB
MemAvailable:    1465544 kB
Buffers:           97076 kB
Cached:          1206592 kB
MemTotal:        1844596 kB
MemFree:          186468 kB
MemAvailable:    1466756 kB
Buffers:           97076 kB
Cached:          1206592 kB
MemTotal:        1844596 kB
MemFree:          185820 kB
MemAvailable:    1466108 kB
Buffers:           97076 kB
Cached:          1206592 kB
MemTotal:        1844596 kB
MemFree:          186432 kB
MemAvailable:    1466720 kB
Buffers:           97076 kB
Cached:          1206592 kB
MemTotal:        1844596 kB
MemFree:          186616 kB
MemAvailable:    1466904 kB
Buffers:           97076 kB
Cached:          1206592 kB
MemTotal:        1844596 kB
MemFree:          185432 kB
MemAvailable:    1465720 kB
Buffers:           97076 kB
Cached:          1206592 kB
MemTotal:        1844596 kB
MemFree:          186508 kB
MemAvailable:    1466796 kB
Buffers:           97076 kB
Cached:          1206592 kB
MemTotal:        1844596 kB
MemFree:          186616 kB
MemAvailable:    1466904 kB
Buffers:           97076 kB
Cached:          1206592 kB
MemTotal:        1844596 kB
MemFree:          186760 kB
MemAvailable:    1467048 kB
Buffers:           97076 kB
Cached:          1206592 kB
MemTotal:        1844596 kB
MemFree:          186600 kB
MemAvailable:    1466888 kB
Buffers:           97076 kB
Cached:          1206592 kB
MemTotal:        1844596 kB
MemFree:          185020 kB
MemAvailable:    1465308 kB
Buffers:           97076 kB
Cached:          1206592 kB
MemTotal:        1844596 kB
MemFree:          186484 kB
MemAvailable:    1466772 kB
Buffers:           97076 kB
Cached:          1206592 kB
MemTotal:        1844596 kB
MemFree:          186300 kB
MemAvailable:    1466588 kB
Buffers:           97076 kB
Cached:          1206592 kB
MemTotal:        1844596 kB
MemFree:          186636 kB
MemAvailable:    1466924 kB
Buffers:           97076 kB
Cached:          1206592 kB
MemTotal:        1844596 kB
MemFree:          185308 kB
MemAvailable:    1465596 kB
Buffers:           97076 kB
Cached:          1206592 kB
MemTotal:        1844596 kB
MemFree:          186312 kB
MemAvailable:    1466612 kB
Buffers:           97076 kB
Cached:          1206600 kB
MemTotal:        1844596 kB
MemFree:          185188 kB
MemAvailable:    1465488 kB
Buffers:           97076 kB
Cached:          1206600 kB
MemTotal:        1844596 kB
MemFree:          185992 kB
MemAvailable:    1466292 kB
Buffers:           97076 kB
Cached:          1206600 kB
MemTotal:        1844596 kB
MemFree:          185744 kB
MemAvailable:    1466044 kB
Buffers:           97076 kB
Cached:          1206600 kB
MemTotal:        1844596 kB
MemFree:          185496 kB
MemAvailable:    1465796 kB
Buffers:           97076 kB
Cached:          1206600 kB
MemTotal:        1844596 kB
MemFree:          185444 kB
MemAvailable:    1465744 kB
Buffers:           97076 kB
Cached:          1206600 kB
MemTotal:        1844596 kB
MemFree:          185304 kB
MemAvailable:    1465604 kB
Buffers:           97076 kB
Cached:          1206600 kB
MemTotal:        1844596 kB
MemFree:          184436 kB
MemAvailable:    1464736 kB
Buffers:           97076 kB
Cached:          1206600 kB
MemTotal:        1844596 kB
MemFree:          184436 kB
MemAvailable:    1464736 kB
Buffers:           97076 kB
Cached:          1206600 kB
MemTotal:        1844596 kB
MemFree:          185296 kB
MemAvailable:    1465596 kB
Buffers:           97076 kB
Cached:          1206600 kB
MemTotal:        1844596 kB
MemFree:          185284 kB
MemAvailable:    1465584 kB
Buffers:           97076 kB
Cached:          1206600 kB
MemTotal:        1844596 kB
MemFree:          184584 kB
MemAvailable:    1464884 kB
Buffers:           97076 kB
Cached:          1206600 kB
MemTotal:        1844596 kB
MemFree:          185064 kB
MemAvailable:    1465364 kB
Buffers:           97076 kB
Cached:          1206600 kB
MemTotal:        1844596 kB
MemFree:          183948 kB
MemAvailable:    1464248 kB
Buffers:           97076 kB
Cached:          1206600 kB
MemTotal:        1844596 kB
MemFree:          185188 kB
MemAvailable:    1465488 kB
Buffers:           97076 kB
Cached:          1206600 kB
MemTotal:        1844596 kB
MemFree:          185140 kB
MemAvailable:    1465440 kB
Buffers:           97076 kB
Cached:          1206600 kB
MemTotal:        1844596 kB
MemFree:          183688 kB
MemAvailable:    1463988 kB
Buffers:           97076 kB
Cached:          1206600 kB
MemTotal:        1844596 kB
MemFree:          183688 kB
MemAvailable:    1463988 kB
Buffers:           97076 kB
Cached:          1206600 kB
MemTotal:        1844596 kB
MemFree:          183564 kB
MemAvailable:    1463864 kB
Buffers:           97076 kB
Cached:          1206600 kB
MemTotal:        1844596 kB
MemFree:          184880 kB
MemAvailable:    1465180 kB
Buffers:           97076 kB
Cached:          1206600 kB
MemTotal:        1844596 kB
MemFree:          185132 kB
MemAvailable:    1465432 kB
Buffers:           97076 kB
Cached:          1206600 kB
MemTotal:        1844596 kB
MemFree:          184900 kB
MemAvailable:    1465200 kB
Buffers:           97076 kB
Cached:          1206600 kB
MemTotal:        1844596 kB
MemFree:          184560 kB
MemAvailable:    1464860 kB
Buffers:           97076 kB
Cached:          1206600 kB
MemTotal:        1844596 kB
MemFree:          183576 kB
MemAvailable:    1463876 kB
Buffers:           97076 kB
Cached:          1206600 kB
MemTotal:        1844596 kB
MemFree:          184876 kB
MemAvailable:    1465176 kB
Buffers:           97076 kB
Cached:          1206600 kB
MemTotal:        1844596 kB
MemFree:          184660 kB
MemAvailable:    1464960 kB
Buffers:           97076 kB
Cached:          1206600 kB
MemTotal:        1844596 kB
MemFree:          184460 kB
MemAvailable:    1464760 kB
Buffers:           97076 kB
Cached:          1206600 kB
MemTotal:        1844596 kB
MemFree:          180112 kB
MemAvailable:    1460412 kB
Buffers:           97076 kB
Cached:          1206600 kB
MemTotal:        1844596 kB
MemFree:          174144 kB
MemAvailable:    1454444 kB
Buffers:           97076 kB
Cached:          1206600 kB
MemTotal:        1844596 kB
MemFree:          173540 kB
MemAvailable:    1453840 kB
Buffers:           97076 kB
Cached:          1206600 kB
MemTotal:        1844596 kB
MemFree:          173592 kB
MemAvailable:    1453892 kB
Buffers:           97076 kB
Cached:          1206600 kB
MemTotal:        1844596 kB
MemFree:          173416 kB
MemAvailable:    1453716 kB
Buffers:           97076 kB
Cached:          1206600 kB
MemTotal:        1844596 kB
MemFree:          172244 kB
MemAvailable:    1452544 kB
Buffers:           97076 kB
Cached:          1206600 kB
MemTotal:        1844596 kB
MemFree:          173444 kB
MemAvailable:    1453744 kB
Buffers:           97076 kB
Cached:          1206600 kB
MemTotal:        1844596 kB
MemFree:          171804 kB
MemAvailable:    1452104 kB
Buffers:           97076 kB
Cached:          1206600 kB
MemTotal:        1844596 kB
MemFree:          172548 kB
MemAvailable:    1452848 kB
Buffers:           97076 kB
Cached:          1206600 kB
MemTotal:        1844596 kB
MemFree:          170564 kB
MemAvailable:    1450864 kB
Buffers:           97076 kB
Cached:          1206600 kB
MemTotal:        1844596 kB
MemFree:          170316 kB
MemAvailable:    1450616 kB
Buffers:           97076 kB
Cached:          1206600 kB
MemTotal:        1844596 kB
MemFree:          169696 kB
MemAvailable:    1449996 kB
Buffers:           97076 kB
Cached:          1206600 kB
MemTotal:        1844596 kB
MemFree:          168704 kB
MemAvailable:    1449004 kB
Buffers:           97076 kB
Cached:          1206600 kB
MemTotal:        1844596 kB
MemFree:          169756 kB
MemAvailable:    1450056 kB
Buffers:           97076 kB
Cached:          1206600 kB
MemTotal:        1844596 kB
MemFree:          169812 kB
MemAvailable:    1450112 kB
Buffers:           97076 kB
Cached:          1206600 kB
MemTotal:        1844596 kB
MemFree:          168580 kB
MemAvailable:    1448880 kB
Buffers:           97076 kB
Cached:          1206600 kB
MemTotal:        1844596 kB
MemFree:          168580 kB
MemAvailable:    1448880 kB
Buffers:           97076 kB
Cached:          1206600 kB
MemTotal:        1844596 kB
MemFree:          169876 kB
MemAvailable:    1450176 kB
Buffers:           97076 kB
Cached:          1206600 kB
MemTotal:        1844596 kB
MemFree:          169828 kB
MemAvailable:    1450128 kB
Buffers:           97076 kB
Cached:          1206600 kB
MemTotal:        1844596 kB
MemFree:          169540 kB
MemAvailable:    1449840 kB
Buffers:           97076 kB
Cached:          1206600 kB
MemTotal:        1844596 kB
MemFree:          169020 kB
MemAvailable:    1449320 kB
Buffers:           97076 kB
Cached:          1206600 kB
MemTotal:        1844596 kB
MemFree:          168556 kB
MemAvailable:    1448856 kB
Buffers:           97076 kB
Cached:          1206600 kB
MemTotal:        1844596 kB
MemFree:          169688 kB
MemAvailable:    1449988 kB
Buffers:           97076 kB
Cached:          1206600 kB
MemTotal:        1844596 kB
MemFree:          169456 kB
MemAvailable:    1449756 kB
Buffers:           97076 kB
Cached:          1206600 kB
MemTotal:        1844596 kB
MemFree:          169648 kB
MemAvailable:    1449948 kB
Buffers:           97076 kB
Cached:          1206600 kB
MemTotal:        1844596 kB
MemFree:          169772 kB
MemAvailable:    1450072 kB
Buffers:           97076 kB
Cached:          1206600 kB
MemTotal:        1844596 kB
MemFree:          169060 kB
MemAvailable:    1449360 kB
Buffers:           97076 kB
Cached:          1206600 kB
MemTotal:        1844596 kB
MemFree:          169144 kB
MemAvailable:    1449444 kB
Buffers:           97076 kB
Cached:          1206600 kB
MemTotal:        1844596 kB
MemFree:          166720 kB
MemAvailable:    1447020 kB
Buffers:           97076 kB
Cached:          1206600 kB
MemTotal:        1844596 kB
MemFree:          166844 kB
MemAvailable:    1447144 kB
Buffers:           97076 kB
Cached:          1206600 kB
MemTotal:        1844596 kB
MemFree:          166720 kB
MemAvailable:    1447020 kB
Buffers:           97076 kB
Cached:          1206600 kB
MemTotal:        1844596 kB
MemFree:          167152 kB
MemAvailable:    1447452 kB
Buffers:           97076 kB
Cached:          1206600 kB
MemTotal:        1844596 kB
MemFree:          165844 kB
MemAvailable:    1446144 kB
Buffers:           97076 kB
Cached:          1206600 kB
MemTotal:        1844596 kB
MemFree:          165356 kB
MemAvailable:    1445656 kB
Buffers:           97076 kB
Cached:          1206600 kB
MemTotal:        1844596 kB
MemFree:          164976 kB
MemAvailable:    1445276 kB
Buffers:           97076 kB
Cached:          1206600 kB
MemTotal:        1844596 kB
MemFree:          166216 kB
MemAvailable:    1446516 kB
Buffers:           97076 kB
Cached:          1206600 kB
MemTotal:        1844596 kB
MemFree:          165860 kB
MemAvailable:    1446160 kB
Buffers:           97076 kB
Cached:          1206600 kB
MemTotal:        1844596 kB
MemFree:          165852 kB
MemAvailable:    1446152 kB
Buffers:           97076 kB
Cached:          1206600 kB
MemTotal:        1844596 kB
MemFree:          164480 kB
MemAvailable:    1444780 kB
Buffers:           97076 kB
Cached:          1206600 kB
MemTotal:        1844596 kB
MemFree:          165548 kB
MemAvailable:    1445848 kB
Buffers:           97076 kB
Cached:          1206600 kB
MemTotal:        1844596 kB
MemFree:          164592 kB
MemAvailable:    1444892 kB
Buffers:           97076 kB
Cached:          1206600 kB
MemTotal:        1844596 kB
MemFree:          164716 kB
MemAvailable:    1445024 kB
Buffers:           97076 kB
Cached:          1206608 kB
MemTotal:        1844596 kB
MemFree:          165652 kB
MemAvailable:    1445960 kB
Buffers:           97076 kB
Cached:          1206608 kB
MemTotal:        1844596 kB
MemFree:          165820 kB
MemAvailable:    1446128 kB
Buffers:           97076 kB
Cached:          1206608 kB
MemTotal:        1844596 kB
MemFree:          164308 kB
MemAvailable:    1444616 kB
Buffers:           97076 kB
Cached:          1206608 kB
MemTotal:        1844596 kB
MemFree:          165604 kB
MemAvailable:    1445912 kB
Buffers:           97076 kB
Cached:          1206608 kB
MemTotal:        1844596 kB
MemFree:          165640 kB
MemAvailable:    1445948 kB
Buffers:           97076 kB
Cached:          1206608 kB
MemTotal:        1844596 kB
MemFree:          165400 kB
MemAvailable:    1445708 kB
Buffers:           97076 kB
Cached:          1206608 kB
MemTotal:        1844596 kB
MemFree:          165116 kB
MemAvailable:    1445424 kB
Buffers:           97076 kB
Cached:          1206608 kB
MemTotal:        1844596 kB
MemFree:          165340 kB
MemAvailable:    1445648 kB
Buffers:           97076 kB
Cached:          1206608 kB
MemTotal:        1844596 kB
MemFree:          165592 kB
MemAvailable:    1445900 kB
Buffers:           97076 kB
Cached:          1206608 kB
MemTotal:        1844596 kB
MemFree:          165528 kB
MemAvailable:    1445836 kB
Buffers:           97076 kB
Cached:          1206608 kB
MemTotal:        1844596 kB
MemFree:          165460 kB
MemAvailable:    1445768 kB
Buffers:           97076 kB
Cached:          1206608 kB
MemTotal:        1844596 kB
MemFree:          164056 kB
MemAvailable:    1444364 kB
Buffers:           97076 kB
Cached:          1206608 kB
MemTotal:        1844596 kB
MemFree:          164048 kB
MemAvailable:    1444356 kB
Buffers:           97076 kB
Cached:          1206608 kB
MemTotal:        1844596 kB
MemFree:          164092 kB
MemAvailable:    1444400 kB
Buffers:           97076 kB
Cached:          1206608 kB
MemTotal:        1844596 kB
MemFree:          164216 kB
MemAvailable:    1444524 kB
Buffers:           97076 kB
Cached:          1206608 kB
MemTotal:        1844596 kB
MemFree:          165276 kB
MemAvailable:    1445584 kB
Buffers:           97076 kB
Cached:          1206608 kB
MemTotal:        1844596 kB
MemFree:          164168 kB
MemAvailable:    1444476 kB
Buffers:           97076 kB
Cached:          1206608 kB
MemTotal:        1844596 kB
MemFree:          164080 kB
MemAvailable:    1444388 kB
Buffers:           97076 kB
Cached:          1206608 kB
MemTotal:        1844596 kB
MemFree:          164076 kB
MemAvailable:    1444384 kB
Buffers:           97076 kB
Cached:          1206608 kB
MemTotal:        1844596 kB
MemFree:          165260 kB
MemAvailable:    1445568 kB
Buffers:           97076 kB
Cached:          1206608 kB
MemTotal:        1844596 kB
MemFree:          165432 kB
MemAvailable:    1445740 kB
Buffers:           97076 kB
Cached:          1206608 kB
MemTotal:        1844596 kB
MemFree:          164292 kB
MemAvailable:    1444600 kB
Buffers:           97076 kB
Cached:          1206608 kB
MemTotal:        1844596 kB
MemFree:          162992 kB
MemAvailable:    1443300 kB
Buffers:           97076 kB
Cached:          1206608 kB
MemTotal:        1844596 kB
MemFree:          162628 kB
MemAvailable:    1442936 kB
Buffers:           97076 kB
Cached:          1206608 kB
MemTotal:        1844596 kB
MemFree:          162812 kB
MemAvailable:    1443120 kB
Buffers:           97076 kB
Cached:          1206608 kB
MemTotal:        1844596 kB
MemFree:          160704 kB
MemAvailable:    1441012 kB
Buffers:           97076 kB
Cached:          1206608 kB
MemTotal:        1844596 kB
MemFree:          160764 kB
MemAvailable:    1441072 kB
Buffers:           97076 kB
Cached:          1206608 kB
MemTotal:        1844596 kB
MemFree:          156180 kB
MemAvailable:    1436488 kB
Buffers:           97076 kB
Cached:          1206608 kB
MemTotal:        1844596 kB
MemFree:          152196 kB
MemAvailable:    1432504 kB
Buffers:           97076 kB
Cached:          1206608 kB
MemTotal:        1844596 kB
MemFree:          149484 kB
MemAvailable:    1429792 kB
Buffers:           97076 kB
Cached:          1206608 kB
MemTotal:        1844596 kB
MemFree:          146384 kB
MemAvailable:    1426692 kB
Buffers:           97076 kB
Cached:          1206608 kB
MemTotal:        1844596 kB
MemFree:          145640 kB
MemAvailable:    1425948 kB
Buffers:           97076 kB
Cached:          1206608 kB
MemTotal:        1844596 kB
MemFree:          145764 kB
MemAvailable:    1426072 kB
Buffers:           97076 kB
Cached:          1206608 kB
MemTotal:        1844596 kB
MemFree:          146892 kB
MemAvailable:    1427200 kB
Buffers:           97076 kB
Cached:          1206608 kB
MemTotal:        1844596 kB
MemFree:          146988 kB
MemAvailable:    1427296 kB
Buffers:           97076 kB
Cached:          1206608 kB
MemTotal:        1844596 kB
MemFree:          146628 kB
MemAvailable:    1426936 kB
Buffers:           97076 kB
Cached:          1206608 kB
MemTotal:        1844596 kB
MemFree:          146916 kB
MemAvailable:    1427224 kB
Buffers:           97076 kB
Cached:          1206608 kB
MemTotal:        1844596 kB
MemFree:          146976 kB
MemAvailable:    1427284 kB
Buffers:           97076 kB
Cached:          1206608 kB
MemTotal:        1844596 kB
MemFree:          145356 kB
MemAvailable:    1425664 kB
Buffers:           97076 kB
Cached:          1206608 kB
MemTotal:        1844596 kB
MemFree:          145356 kB
MemAvailable:    1425664 kB
Buffers:           97076 kB
Cached:          1206608 kB
MemTotal:        1844596 kB
MemFree:          146656 kB
MemAvailable:    1426964 kB
Buffers:           97076 kB
Cached:          1206608 kB
MemTotal:        1844596 kB
MemFree:          146020 kB
MemAvailable:    1426328 kB
Buffers:           97076 kB
Cached:          1206608 kB
MemTotal:        1844596 kB
MemFree:          146512 kB
MemAvailable:    1426820 kB
Buffers:           97076 kB
Cached:          1206608 kB
MemTotal:        1844596 kB
MemFree:          146072 kB
MemAvailable:    1426380 kB
Buffers:           97076 kB
Cached:          1206608 kB
MemTotal:        1844596 kB
MemFree:          145940 kB
MemAvailable:    1426248 kB
Buffers:           97076 kB
Cached:          1206608 kB
MemTotal:        1844596 kB
MemFree:          145736 kB
MemAvailable:    1426044 kB
Buffers:           97076 kB
Cached:          1206608 kB
MemTotal:        1844596 kB
MemFree:          145268 kB
MemAvailable:    1425576 kB
Buffers:           97076 kB
Cached:          1206608 kB
MemTotal:        1844596 kB
MemFree:          145960 kB
MemAvailable:    1426268 kB
Buffers:           97076 kB
Cached:          1206608 kB
MemTotal:        1844596 kB
MemFree:          145704 kB
MemAvailable:    1426012 kB
Buffers:           97076 kB
Cached:          1206608 kB
MemTotal:        1844596 kB
MemFree:          144708 kB
MemAvailable:    1425016 kB
Buffers:           97076 kB
Cached:          1206608 kB
MemTotal:        1844596 kB
MemFree:          145964 kB
MemAvailable:    1426272 kB
Buffers:           97076 kB
Cached:          1206608 kB
MemTotal:        1844596 kB
MemFree:          144612 kB
MemAvailable:    1424920 kB
Buffers:           97076 kB
Cached:          1206608 kB
MemTotal:        1844596 kB
MemFree:          144744 kB
MemAvailable:    1425052 kB
Buffers:           97076 kB
Cached:          1206608 kB
MemTotal:        1844596 kB
MemFree:          144868 kB
MemAvailable:    1425176 kB
Buffers:           97076 kB
Cached:          1206608 kB
MemTotal:        1844596 kB
MemFree:          145840 kB
MemAvailable:    1426148 kB
Buffers:           97076 kB
Cached:          1206608 kB
MemTotal:        1844596 kB
MemFree:          144636 kB
MemAvailable:    1424944 kB
Buffers:           97076 kB
Cached:          1206608 kB
MemTotal:        1844596 kB
MemFree:          145932 kB
MemAvailable:    1426240 kB
Buffers:           97076 kB
Cached:          1206608 kB
MemTotal:        1844596 kB
MemFree:          145904 kB
MemAvailable:    1426212 kB
Buffers:           97076 kB
Cached:          1206608 kB
MemTotal:        1844596 kB
MemFree:          145968 kB
MemAvailable:    1426276 kB
Buffers:           97076 kB
Cached:          1206608 kB
MemTotal:        1844596 kB
MemFree:          145968 kB
MemAvailable:    1426276 kB
Buffers:           97076 kB
Cached:          1206608 kB
MemTotal:        1844596 kB
MemFree:          145648 kB
MemAvailable:    1425956 kB
Buffers:           97076 kB
Cached:          1206608 kB
MemTotal:        1844596 kB
MemFree:          143140 kB
MemAvailable:    1423448 kB
Buffers:           97076 kB
Cached:          1206608 kB
MemTotal:        1844596 kB
MemFree:          139688 kB
MemAvailable:    1419996 kB
Buffers:           97076 kB
Cached:          1206608 kB
MemTotal:        1844596 kB
MemFree:          135084 kB
MemAvailable:    1415392 kB
Buffers:           97076 kB
Cached:          1206608 kB
MemTotal:        1844596 kB
MemFree:          134108 kB
MemAvailable:    1414416 kB
Buffers:           97076 kB
Cached:          1206608 kB
MemTotal:        1844596 kB
MemFree:          130016 kB
MemAvailable:    1410324 kB
Buffers:           97076 kB
Cached:          1206608 kB
MemTotal:        1844596 kB
MemFree:          128116 kB
MemAvailable:    1408424 kB
Buffers:           97076 kB
Cached:          1206608 kB
MemTotal:        1844596 kB
MemFree:          126668 kB
MemAvailable:    1406984 kB
Buffers:           97076 kB
Cached:          1206616 kB
MemTotal:        1844596 kB
MemFree:          126232 kB
MemAvailable:    1406548 kB
Buffers:           97076 kB
Cached:          1206616 kB
MemTotal:        1844596 kB
MemFree:          126488 kB
MemAvailable:    1406804 kB
Buffers:           97076 kB
Cached:          1206616 kB
MemTotal:        1844596 kB
MemFree:          127604 kB
MemAvailable:    1407920 kB
Buffers:           97076 kB
Cached:          1206616 kB
MemTotal:        1844596 kB
MemFree:          126364 kB
MemAvailable:    1406680 kB
Buffers:           97076 kB
Cached:          1206616 kB
MemTotal:        1844596 kB
MemFree:          127772 kB
MemAvailable:    1408088 kB
Buffers:           97076 kB
Cached:          1206616 kB
MemTotal:        1844596 kB
MemFree:          127720 kB
MemAvailable:    1408036 kB
Buffers:           97076 kB
Cached:          1206616 kB
MemTotal:        1844596 kB
MemFree:          127592 kB
MemAvailable:    1407908 kB
Buffers:           97076 kB
Cached:          1206616 kB
MemTotal:        1844596 kB
MemFree:          127296 kB
MemAvailable:    1407612 kB
Buffers:           97076 kB
Cached:          1206616 kB
MemTotal:        1844596 kB
MemFree:          127540 kB
MemAvailable:    1407856 kB
Buffers:           97076 kB
Cached:          1206616 kB
MemTotal:        1844596 kB
MemFree:          126792 kB
MemAvailable:    1407108 kB
Buffers:           97076 kB
Cached:          1206616 kB
MemTotal:        1844596 kB
MemFree:          127608 kB
MemAvailable:    1407924 kB
Buffers:           97076 kB
Cached:          1206616 kB
MemTotal:        1844596 kB
MemFree:          126404 kB
MemAvailable:    1406720 kB
Buffers:           97076 kB
Cached:          1206616 kB
MemTotal:        1844596 kB
MemFree:          126272 kB
MemAvailable:    1406588 kB
Buffers:           97076 kB
Cached:          1206616 kB
MemTotal:        1844596 kB
MemFree:          127512 kB
MemAvailable:    1407828 kB
Buffers:           97076 kB
Cached:          1206616 kB
MemTotal:        1844596 kB
MemFree:          126520 kB
MemAvailable:    1406836 kB
Buffers:           97076 kB
Cached:          1206616 kB
MemTotal:        1844596 kB
MemFree:          127564 kB
MemAvailable:    1407880 kB
Buffers:           97076 kB
Cached:          1206616 kB
MemTotal:        1844596 kB
MemFree:          126296 kB
MemAvailable:    1406612 kB
Buffers:           97076 kB
Cached:          1206616 kB
MemTotal:        1844596 kB
MemFree:          126380 kB
MemAvailable:    1406696 kB
Buffers:           97076 kB
Cached:          1206616 kB
MemTotal:        1844596 kB
MemFree:          127612 kB
MemAvailable:    1407928 kB
Buffers:           97076 kB
Cached:          1206616 kB
MemTotal:        1844596 kB
MemFree:          127752 kB
MemAvailable:    1408068 kB
Buffers:           97076 kB
Cached:          1206616 kB
MemTotal:        1844596 kB
MemFree:          126668 kB
MemAvailable:    1406984 kB
Buffers:           97076 kB
Cached:          1206616 kB
MemTotal:        1844596 kB
MemFree:          127408 kB
MemAvailable:    1407724 kB
Buffers:           97076 kB
Cached:          1206616 kB
MemTotal:        1844596 kB
MemFree:          126916 kB
MemAvailable:    1407232 kB
Buffers:           97076 kB
Cached:          1206616 kB
MemTotal:        1844596 kB
MemFree:          127584 kB
MemAvailable:    1407900 kB
Buffers:           97076 kB
Cached:          1206616 kB
MemTotal:        1844596 kB
MemFree:          126800 kB
MemAvailable:    1407116 kB
Buffers:           97076 kB
Cached:          1206616 kB
MemTotal:        1844596 kB
MemFree:          126256 kB
MemAvailable:    1406572 kB
Buffers:           97076 kB
Cached:          1206616 kB
MemTotal:        1844596 kB
MemFree:          126296 kB
MemAvailable:    1406612 kB
Buffers:           97076 kB
Cached:          1206616 kB
MemTotal:        1844596 kB
MemFree:          126288 kB
MemAvailable:    1406604 kB
Buffers:           97076 kB
Cached:          1206616 kB
MemTotal:        1844596 kB
MemFree:          127720 kB
MemAvailable:    1408036 kB
Buffers:           97076 kB
Cached:          1206616 kB
MemTotal:        1844596 kB
MemFree:          127772 kB
MemAvailable:    1408088 kB
Buffers:           97076 kB
Cached:          1206616 kB
MemTotal:        1844596 kB
MemFree:          127536 kB
MemAvailable:    1407852 kB
Buffers:           97076 kB
Cached:          1206616 kB
MemTotal:        1844596 kB
MemFree:          126668 kB
MemAvailable:    1406984 kB
Buffers:           97076 kB
Cached:          1206616 kB
MemTotal:        1844596 kB
MemFree:          127280 kB
MemAvailable:    1407600 kB
Buffers:           97076 kB
Cached:          1206620 kB
MemTotal:        1844596 kB
MemFree:          123072 kB
MemAvailable:    1403392 kB
Buffers:           97076 kB
Cached:          1206620 kB
MemTotal:        1844596 kB
MemFree:          118724 kB
MemAvailable:    1399044 kB
Buffers:           97076 kB
Cached:          1206620 kB
MemTotal:        1844596 kB
MemFree:          115136 kB
MemAvailable:    1395456 kB
Buffers:           97076 kB
Cached:          1206620 kB
MemTotal:        1844596 kB
MemFree:          111716 kB
MemAvailable:    1392036 kB
Buffers:           97076 kB
Cached:          1206620 kB
MemTotal:        1844596 kB
MemFree:          109432 kB
MemAvailable:    1389752 kB
Buffers:           97076 kB
Cached:          1206620 kB
MemTotal:        1844596 kB
MemFree:          110488 kB
MemAvailable:    1390808 kB
Buffers:           97076 kB
Cached:          1206620 kB
MemTotal:        1844596 kB
MemFree:          110488 kB
MemAvailable:    1390808 kB
Buffers:           97076 kB
Cached:          1206620 kB
MemTotal:        1844596 kB
MemFree:          108028 kB
MemAvailable:    1388348 kB
Buffers:           97076 kB
Cached:          1206620 kB
MemTotal:        1844596 kB
MemFree:          109268 kB
MemAvailable:    1389588 kB
Buffers:           97076 kB
Cached:          1206620 kB
MemTotal:        1844596 kB
MemFree:          107772 kB
MemAvailable:    1388092 kB
Buffers:           97076 kB
Cached:          1206620 kB
MemTotal:        1844596 kB
MemFree:          107772 kB
MemAvailable:    1388092 kB
Buffers:           97076 kB
Cached:          1206620 kB
MemTotal:        1844596 kB
MemFree:          108068 kB
MemAvailable:    1388388 kB
Buffers:           97076 kB
Cached:          1206620 kB
MemTotal:        1844596 kB
MemFree:          108672 kB
MemAvailable:    1388992 kB
Buffers:           97076 kB
Cached:          1206620 kB
MemTotal:        1844596 kB
MemFree:          108440 kB
MemAvailable:    1388760 kB
Buffers:           97076 kB
Cached:          1206620 kB
MemTotal:        1844596 kB
MemFree:          107436 kB
MemAvailable:    1387756 kB
Buffers:           97076 kB
Cached:          1206620 kB
MemTotal:        1844596 kB
MemFree:          108812 kB
MemAvailable:    1389132 kB
Buffers:           97076 kB
Cached:          1206620 kB
MemTotal:        1844596 kB
MemFree:          107944 kB
MemAvailable:    1388264 kB
Buffers:           97076 kB
Cached:          1206620 kB
MemTotal:        1844596 kB
MemFree:          108368 kB
MemAvailable:    1388688 kB
Buffers:           97076 kB
Cached:          1206620 kB
MemTotal:        1844596 kB
MemFree:          107076 kB
MemAvailable:    1387396 kB
Buffers:           97076 kB
Cached:          1206620 kB
MemTotal:        1844596 kB
MemFree:          107688 kB
MemAvailable:    1388012 kB
Buffers:           97076 kB
Cached:          1206624 kB
MemTotal:        1844596 kB
MemFree:          107704 kB
MemAvailable:    1388028 kB
Buffers:           97076 kB
Cached:          1206624 kB
MemTotal:        1844596 kB
MemFree:          107076 kB
MemAvailable:    1387400 kB
Buffers:           97076 kB
Cached:          1206624 kB
MemTotal:        1844596 kB
MemFree:          106192 kB
MemAvailable:    1386516 kB
Buffers:           97076 kB
Cached:          1206624 kB
MemTotal:        1844596 kB
MemFree:          106528 kB
MemAvailable:    1386852 kB
Buffers:           97076 kB
Cached:          1206624 kB
MemTotal:        1844596 kB
MemFree:          105712 kB
MemAvailable:    1386036 kB
Buffers:           97076 kB
Cached:          1206624 kB
MemTotal:        1844596 kB
MemFree:          104100 kB
MemAvailable:    1384424 kB
Buffers:           97076 kB
Cached:          1206624 kB
MemTotal:        1844596 kB
MemFree:          104036 kB
MemAvailable:    1384360 kB
Buffers:           97076 kB
Cached:          1206624 kB
MemTotal:        1844596 kB
MemFree:          103168 kB
MemAvailable:    1383492 kB
Buffers:           97076 kB
Cached:          1206624 kB
MemTotal:        1844596 kB
MemFree:          102968 kB
MemAvailable:    1383292 kB
Buffers:           97076 kB
Cached:          1206624 kB
MemTotal:        1844596 kB
MemFree:          102984 kB
MemAvailable:    1383308 kB
Buffers:           97076 kB
Cached:          1206624 kB
MemTotal:        1844596 kB
MemFree:          103096 kB
MemAvailable:    1383420 kB
Buffers:           97076 kB
Cached:          1206624 kB
MemTotal:        1844596 kB
MemFree:          101724 kB
MemAvailable:    1382048 kB
Buffers:           97076 kB
Cached:          1206624 kB
MemTotal:        1844596 kB
MemFree:          102916 kB
MemAvailable:    1383240 kB
Buffers:           97076 kB
Cached:          1206624 kB
MemTotal:        1844596 kB
MemFree:          102944 kB
MemAvailable:    1383268 kB
Buffers:           97076 kB
Cached:          1206624 kB
MemTotal:        1844596 kB
MemFree:          103184 kB
MemAvailable:    1383508 kB
Buffers:           97076 kB
Cached:          1206624 kB
MemTotal:        1844596 kB
MemFree:          101372 kB
MemAvailable:    1381696 kB
Buffers:           97076 kB
Cached:          1206624 kB
MemTotal:        1844596 kB
MemFree:          101488 kB
MemAvailable:    1381816 kB
Buffers:           97076 kB
Cached:          1206628 kB
MemTotal:        1844596 kB
MemFree:          101572 kB
MemAvailable:    1381900 kB
Buffers:           97076 kB
Cached:          1206628 kB
MemTotal:        1844596 kB
MemFree:           99952 kB
MemAvailable:    1380280 kB
Buffers:           97076 kB
Cached:          1206628 kB
MemTotal:        1844596 kB
MemFree:          100076 kB
MemAvailable:    1380404 kB
Buffers:           97076 kB
Cached:          1206628 kB
MemTotal:        1844596 kB
MemFree:          100200 kB
MemAvailable:    1380528 kB
Buffers:           97076 kB
Cached:          1206628 kB
MemTotal:        1844596 kB
MemFree:          101436 kB
MemAvailable:    1381764 kB
Buffers:           97076 kB
Cached:          1206628 kB
MemTotal:        1844596 kB
MemFree:          100636 kB
MemAvailable:    1380964 kB
Buffers:           97076 kB
Cached:          1206628 kB
MemTotal:        1844596 kB
MemFree:          101192 kB
MemAvailable:    1381520 kB
Buffers:           97076 kB
Cached:          1206628 kB
MemTotal:        1844596 kB
MemFree:          101444 kB
MemAvailable:    1381772 kB
Buffers:           97076 kB
Cached:          1206628 kB
MemTotal:        1844596 kB
MemFree:          101424 kB
MemAvailable:    1381752 kB
Buffers:           97076 kB
Cached:          1206628 kB
MemTotal:        1844596 kB
MemFree:          101488 kB
MemAvailable:    1381816 kB
Buffers:           97076 kB
Cached:          1206628 kB
MemTotal:        1844596 kB
MemFree:          101364 kB
MemAvailable:    1381692 kB
Buffers:           97076 kB
Cached:          1206628 kB
MemTotal:        1844596 kB
MemFree:          101504 kB
MemAvailable:    1381832 kB
Buffers:           97076 kB
Cached:          1206628 kB
MemTotal:        1844596 kB
MemFree:          101324 kB
MemAvailable:    1381652 kB
Buffers:           97076 kB
Cached:          1206628 kB
MemTotal:        1844596 kB
MemFree:          101380 kB
MemAvailable:    1381708 kB
Buffers:           97076 kB
Cached:          1206628 kB
MemTotal:        1844596 kB
MemFree:          101364 kB
MemAvailable:    1381692 kB
Buffers:           97076 kB
Cached:          1206628 kB
MemTotal:        1844596 kB
MemFree:          101132 kB
MemAvailable:    1381460 kB
Buffers:           97076 kB
Cached:          1206628 kB
MemTotal:        1844596 kB
MemFree:          101556 kB
MemAvailable:    1381884 kB
Buffers:           97076 kB
Cached:          1206628 kB
MemTotal:        1844596 kB
MemFree:          100628 kB
MemAvailable:    1380956 kB
Buffers:           97076 kB
Cached:          1206628 kB
MemTotal:        1844596 kB
MemFree:          101284 kB
MemAvailable:    1381616 kB
Buffers:           97076 kB
Cached:          1206632 kB
MemTotal:        1844596 kB
MemFree:          101504 kB
MemAvailable:    1381712 kB
Buffers:           97076 kB
Cached:          1206632 kB
MemTotal:        1844596 kB
MemFree:          101324 kB
MemAvailable:    1381656 kB
Buffers:           97076 kB
Cached:          1206632 kB
MemTotal:        1844596 kB
MemFree:          101380 kB
MemAvailable:    1381712 kB
Buffers:           97076 kB
Cached:          1206632 kB
MemTotal:        1844596 kB
MemFree:          100760 kB
MemAvailable:    1381092 kB
Buffers:           97076 kB
Cached:          1206632 kB
MemTotal:        1844596 kB
MemFree:          101452 kB
MemAvailable:    1381784 kB
Buffers:           97076 kB
Cached:          1206632 kB
MemTotal:        1844596 kB
MemFree:          100248 kB
MemAvailable:    1380580 kB
Buffers:           97076 kB
Cached:          1206632 kB
MemTotal:        1844596 kB
MemFree:          100240 kB
MemAvailable:    1380572 kB
Buffers:           97076 kB
Cached:          1206632 kB
MemTotal:        1844596 kB
MemFree:          100364 kB
MemAvailable:    1380696 kB
Buffers:           97076 kB
Cached:          1206632 kB
MemTotal:        1844596 kB
MemFree:          101356 kB
MemAvailable:    1381688 kB
Buffers:           97076 kB
Cached:          1206632 kB
MemTotal:        1844596 kB
MemFree:          100636 kB
MemAvailable:    1380968 kB
Buffers:           97076 kB
Cached:          1206632 kB
MemTotal:        1844596 kB
MemFree:          101192 kB
MemAvailable:    1381524 kB
Buffers:           97076 kB
Cached:          1206632 kB
MemTotal:        1844596 kB
MemFree:          101168 kB
MemAvailable:    1381500 kB
Buffers:           97076 kB
Cached:          1206632 kB
MemTotal:        1844596 kB
MemFree:          101488 kB
MemAvailable:    1381820 kB
Buffers:           97076 kB
Cached:          1206632 kB
MemTotal:        1844596 kB
MemFree:          100380 kB
MemAvailable:    1380712 kB
Buffers:           97076 kB
Cached:          1206632 kB
MemTotal:        1844596 kB
MemFree:          101540 kB
MemAvailable:    1381872 kB
Buffers:           97076 kB
Cached:          1206632 kB
MemTotal:        1844596 kB
MemFree:          101488 kB
MemAvailable:    1381820 kB
Buffers:           97076 kB
Cached:          1206632 kB
MemTotal:        1844596 kB
MemFree:          101488 kB
MemAvailable:    1381820 kB
Buffers:           97076 kB
Cached:          1206632 kB
MemTotal:        1844596 kB
MemFree:          100084 kB
MemAvailable:    1380416 kB
Buffers:           97076 kB
Cached:          1206632 kB
MemTotal:        1844596 kB
MemFree:          100124 kB
MemAvailable:    1380456 kB
Buffers:           97076 kB
Cached:          1206632 kB
MemTotal:        1844596 kB
MemFree:          100124 kB
MemAvailable:    1380456 kB
Buffers:           97076 kB
Cached:          1206632 kB
MemTotal:        1844596 kB
MemFree:          100084 kB
MemAvailable:    1380416 kB
Buffers:           97076 kB
Cached:          1206632 kB
MemTotal:        1844596 kB
MemFree:           98016 kB
MemAvailable:    1378348 kB
Buffers:           97076 kB
Cached:          1206632 kB
MemTotal:        1844596 kB
MemFree:           96164 kB
MemAvailable:    1376496 kB
Buffers:           97076 kB
Cached:          1206632 kB
MemTotal:        1844596 kB
MemFree:           92940 kB
MemAvailable:    1373272 kB
Buffers:           97076 kB
Cached:          1206632 kB
MemTotal:        1844596 kB
MemFree:           89840 kB
MemAvailable:    1370172 kB
Buffers:           97076 kB
Cached:          1206632 kB
MemTotal:        1844596 kB
MemFree:           85872 kB
MemAvailable:    1366204 kB
Buffers:           97076 kB
Cached:          1206632 kB
MemTotal:        1844596 kB
MemFree:           82524 kB
MemAvailable:    1362856 kB
Buffers:           97076 kB
Cached:          1206632 kB
MemTotal:        1844596 kB
MemFree:           82080 kB
MemAvailable:    1362412 kB
Buffers:           97076 kB
Cached:          1206632 kB
MemTotal:        1844596 kB
MemFree:           82040 kB
MemAvailable:    1362372 kB
Buffers:           97076 kB
Cached:          1206632 kB
MemTotal:        1844596 kB
MemFree:           81044 kB
MemAvailable:    1361376 kB
Buffers:           97076 kB
Cached:          1206632 kB
MemTotal:        1844596 kB
MemFree:           82028 kB
MemAvailable:    1362360 kB
Buffers:           97076 kB
Cached:          1206632 kB
MemTotal:        1844596 kB
MemFree:           81036 kB
MemAvailable:    1361368 kB
Buffers:           97076 kB
Cached:          1206632 kB
MemTotal:        1844596 kB
MemFree:           81940 kB
MemAvailable:    1362276 kB
Buffers:           97076 kB
Cached:          1206636 kB
MemTotal:        1844596 kB
MemFree:           81912 kB
MemAvailable:    1362248 kB
Buffers:           97076 kB
Cached:          1206636 kB
MemTotal:        1844596 kB
MemFree:           81888 kB
MemAvailable:    1362224 kB
Buffers:           97076 kB
Cached:          1206636 kB
MemTotal:        1844596 kB
MemFree:           81408 kB
MemAvailable:    1361744 kB
Buffers:           97076 kB
Cached:          1206636 kB
MemTotal:        1844596 kB
MemFree:           80980 kB
MemAvailable:    1361316 kB
Buffers:           97076 kB
Cached:          1206636 kB
MemTotal:        1844596 kB
MemFree:           80848 kB
MemAvailable:    1361184 kB
Buffers:           97076 kB
Cached:          1206636 kB
MemTotal:        1844596 kB
MemFree:           80856 kB
MemAvailable:    1361192 kB
Buffers:           97076 kB
Cached:          1206636 kB
MemTotal:        1844596 kB
MemFree:           80644 kB
MemAvailable:    1360980 kB
Buffers:           97076 kB
Cached:          1206636 kB
MemTotal:        1844596 kB
MemFree:           81944 kB
MemAvailable:    1362280 kB
Buffers:           97076 kB
Cached:          1206636 kB
MemTotal:        1844596 kB
MemFree:           81488 kB
MemAvailable:    1361824 kB
Buffers:           97076 kB
Cached:          1206636 kB
MemTotal:        1844596 kB
MemFree:           81532 kB
MemAvailable:    1361868 kB
Buffers:           97076 kB
Cached:          1206636 kB
MemTotal:        1844596 kB
MemFree:           80404 kB
MemAvailable:    1360740 kB
Buffers:           97076 kB
Cached:          1206636 kB
MemTotal:        1844596 kB
MemFree:           81728 kB
MemAvailable:    1362064 kB
Buffers:           97076 kB
Cached:          1206636 kB
MemTotal:        1844596 kB
MemFree:           80920 kB
MemAvailable:    1361256 kB
Buffers:           97076 kB
Cached:          1206636 kB
MemTotal:        1844596 kB
MemFree:           81400 kB
MemAvailable:    1361736 kB
Buffers:           97076 kB
Cached:          1206636 kB
MemTotal:        1844596 kB
MemFree:           80492 kB
MemAvailable:    1360828 kB
Buffers:           97076 kB
Cached:          1206636 kB
MemTotal:        1844596 kB
MemFree:           81544 kB
MemAvailable:    1361880 kB
Buffers:           97076 kB
Cached:          1206636 kB
MemTotal:        1844596 kB
MemFree:           81552 kB
MemAvailable:    1361888 kB
Buffers:           97076 kB
Cached:          1206636 kB
MemTotal:        1844596 kB
MemFree:           81336 kB
MemAvailable:    1361672 kB
Buffers:           97076 kB
Cached:          1206636 kB
MemTotal:        1844596 kB
MemFree:           79764 kB
MemAvailable:    1360100 kB
Buffers:           97076 kB
Cached:          1206636 kB
MemTotal:        1844596 kB
MemFree:           81036 kB
MemAvailable:    1361372 kB
Buffers:           97076 kB
Cached:          1206636 kB
MemTotal:        1844596 kB
MemFree:           76324 kB
MemAvailable:    1356660 kB
Buffers:           97076 kB
Cached:          1206636 kB
MemTotal:        1844596 kB
MemFree:           70124 kB
MemAvailable:    1350460 kB
Buffers:           97076 kB
Cached:          1206636 kB
MemTotal:        1844596 kB
MemFree:           70612 kB
MemAvailable:    1350948 kB
Buffers:           97076 kB
Cached:          1206636 kB
MemTotal:        1844596 kB
MemFree:           71844 kB
MemAvailable:    1352180 kB
Buffers:           97076 kB
Cached:          1206636 kB
MemTotal:        1844596 kB
MemFree:           71648 kB
MemAvailable:    1351984 kB
Buffers:           97076 kB
Cached:          1206636 kB
MemTotal:        1844596 kB
MemFree:           71584 kB
MemAvailable:    1351920 kB
Buffers:           97076 kB
Cached:          1206636 kB
MemTotal:        1844596 kB
MemFree:           71372 kB
MemAvailable:    1351708 kB
Buffers:           97076 kB
Cached:          1206636 kB
MemTotal:        1844596 kB
MemFree:           71500 kB
MemAvailable:    1351836 kB
Buffers:           97076 kB
Cached:          1206636 kB
MemTotal:        1844596 kB
MemFree:           71732 kB
MemAvailable:    1352068 kB
Buffers:           97076 kB
Cached:          1206636 kB
MemTotal:        1844596 kB
MemFree:           68704 kB
MemAvailable:    1349040 kB
Buffers:           97076 kB
Cached:          1206636 kB
MemTotal:        1844596 kB
MemFree:           68552 kB
MemAvailable:    1348888 kB
Buffers:           97076 kB
Cached:          1206636 kB
MemTotal:        1844596 kB
MemFree:           68624 kB
MemAvailable:    1349044 kB
Buffers:           97076 kB
Cached:          1206760 kB
MemTotal:        1844596 kB
MemFree:           68148 kB
MemAvailable:    1348736 kB
Buffers:           97076 kB
Cached:          1206884 kB
MemTotal:        1844596 kB
MemFree:           68008 kB
MemAvailable:    1348680 kB
Buffers:           97076 kB
Cached:          1207008 kB
MemTotal:        1844596 kB
MemFree:           69456 kB
MemAvailable:    1350296 kB
Buffers:           97076 kB
Cached:          1207132 kB
MemTotal:        1844596 kB
MemFree:           68608 kB
MemAvailable:    1349532 kB
Buffers:           97076 kB
Cached:          1207256 kB
MemTotal:        1844596 kB
MemFree:           68300 kB
MemAvailable:    1349224 kB
Buffers:           97076 kB
Cached:          1207256 kB
MemTotal:        1844596 kB
MemFree:           68972 kB
MemAvailable:    1349896 kB
Buffers:           97076 kB
Cached:          1207256 kB
MemTotal:        1844596 kB
MemFree:           69212 kB
MemAvailable:    1350220 kB
Buffers:           97076 kB
Cached:          1207256 kB
MemTotal:        1844596 kB
MemFree:           69364 kB
MemAvailable:    1350372 kB
Buffers:           97076 kB
Cached:          1207256 kB
MemTotal:        1844596 kB
MemFree:           67620 kB
MemAvailable:    1348628 kB
Buffers:           97076 kB
Cached:          1207256 kB
MemTotal:        1844596 kB
MemFree:           67504 kB
MemAvailable:    1348512 kB
Buffers:           97076 kB
Cached:          1207256 kB
MemTotal:        1844596 kB
MemFree:           68712 kB
MemAvailable:    1349804 kB
Buffers:           97076 kB
Cached:          1207380 kB
MemTotal:        1844596 kB
MemFree:           68688 kB
MemAvailable:    1349780 kB
Buffers:           97076 kB
Cached:          1207380 kB
MemTotal:        1844596 kB
MemFree:           69428 kB
MemAvailable:    1349764 kB
Buffers:           97076 kB
Cached:          1206624 kB
MemTotal:        1844596 kB
MemFree:          145688 kB
MemAvailable:    1426024 kB
Buffers:           97076 kB
Cached:          1206624 kB
MemTotal:        1844596 kB
MemFree:          263716 kB
MemAvailable:    1544052 kB
Buffers:           97076 kB
Cached:          1206624 kB
