MemTotal:        1844596 kB
MemFree:          268016 kB
MemAvailable:    1546796 kB
Buffers:          105008 kB
Cached:          1188548 kB
MemTotal:        1844596 kB
MemFree:          241728 kB
MemAvailable:    1520512 kB
Buffers:          105008 kB
Cached:          1188552 kB
MemTotal:        1844596 kB
MemFree:          239628 kB
MemAvailable:    1518412 kB
Buffers:          105008 kB
Cached:          1188552 kB
MemTotal:        1844596 kB
MemFree:          238760 kB
MemAvailable:    1517544 kB
Buffers:          105008 kB
Cached:          1188552 kB
MemTotal:        1844596 kB
MemFree:          237208 kB
MemAvailable:    1515992 kB
Buffers:          105008 kB
Cached:          1188552 kB
MemTotal:        1844596 kB
MemFree:          237208 kB
MemAvailable:    1515992 kB
Buffers:          105008 kB
Cached:          1188552 kB
MemTotal:        1844596 kB
MemFree:          234544 kB
MemAvailable:    1513328 kB
Buffers:          105008 kB
Cached:          1188552 kB
MemTotal:        1844596 kB
MemFree:          231816 kB
MemAvailable:    1510600 kB
Buffers:          105008 kB
Cached:          1188552 kB
MemTotal:        1844596 kB
MemFree:          230328 kB
MemAvailable:    1509112 kB
Buffers:          105008 kB
Cached:          1188552 kB
MemTotal:        1844596 kB
MemFree:          225732 kB
MemAvailable:    1504516 kB
Buffers:          105008 kB
Cached:          1188552 kB
MemTotal:        1844596 kB
MemFree:          225376 kB
MemAvailable:    1504160 kB
Buffers:          105008 kB
Cached:          1188552 kB
MemTotal:        1844596 kB
MemFree:          228296 kB
MemAvailable:    1507080 kB
Buffers:          105008 kB
Cached:          1188552 kB
MemTotal:        1844596 kB
MemFree:          227216 kB
MemAvailable:    1506000 kB
Buffers:          105008 kB
Cached:          1188552 kB
MemTotal:        1844596 kB
MemFree:          227216 kB
MemAvailable:    1506000 kB
Buffers:          105008 kB
Cached:          1188552 kB
MemTotal:        1844596 kB
MemFree:          227104 kB
MemAvailable:    1505888 kB
Buffers:          105008 kB
Cached:          1188552 kB
MemTotal:        1844596 kB
MemFree:          228212 kB
MemAvailable:    1506996 kB
Buffers:          105008 kB
Cached:          1188552 kB
MemTotal:        1844596 kB
MemFree:          227924 kB
MemAvailable:    1506708 kB
Buffers:          105008 kB
Cached:          1188552 kB
MemTotal:        1844596 kB
MemFree:          226972 kB
MemAvailable:    1505756 kB
Buffers:          105008 kB
Cached:          1188552 kB
MemTotal:        1844596 kB
MemFree:          227656 kB
MemAvailable:    1506440 kB
Buffers:          105008 kB
Cached:          1188552 kB
MemTotal:        1844596 kB
MemFree:          227608 kB
MemAvailable:    1506392 kB
Buffers:          105008 kB
Cached:          1188552 kB
MemTotal:        1844596 kB
MemFree:          226352 kB
MemAvailable:    1505136 kB
Buffers:          105008 kB
Cached:          1188552 kB
MemTotal:        1844596 kB
MemFree:          226344 kB
MemAvailable:    1505128 kB
Buffers:          105008 kB
Cached:          1188552 kB
MemTotal:        1844596 kB
MemFree:          227708 kB
MemAvailable:    1506492 kB
Buffers:          105008 kB
Cached:          1188552 kB
MemTotal:        1844596 kB
MemFree:          227040 kB
MemAvailable:    1505824 kB
Buffers:          105008 kB
Cached:          1188552 kB
MemTotal:        1844596 kB
MemFree:          225608 kB
MemAvailable:    1504392 kB
Buffers:          105008 kB
Cached:          1188552 kB
MemTotal:        1844596 kB
MemFree:          226112 kB
MemAvailable:    1504896 kB
Buffers:          105008 kB
Cached:          1188552 kB
MemTotal:        1844596 kB
MemFree:          226412 kB
MemAvailable:    1505196 kB
Buffers:          105008 kB
Cached:          1188552 kB
MemTotal:        1844596 kB
MemFree:          226580 kB
MemAvailable:    1505364 kB
Buffers:          105008 kB
Cached:          1188552 kB
MemTotal:        1844596 kB
MemFree:          226304 kB
MemAvailable:    1505088 kB
Buffers:          105008 kB
Cached:          1188552 kB
MemTotal:        1844596 kB
MemFree:          224748 kB
MemAvailable:    1503532 kB
Buffers:          105008 kB
Cached:          1188552 kB
MemTotal:        1844596 kB
MemFree:          225544 kB
MemAvailable:    1504328 kB
Buffers:          105008 kB
Cached:          1188552 kB
MemTotal:        1844596 kB
MemFree:          224260 kB
MemAvailable:    1503044 kB
Buffers:          105008 kB
Cached:          1188552 kB
MemTotal:        1844596 kB
MemFree:          225112 kB
MemAvailable:    1503896 kB
Buffers:          105008 kB
Cached:          1188552 kB
MemTotal:        1844596 kB
MemFree:          225316 kB
MemAvailable:    1504100 kB
Buffers:          105008 kB
Cached:          1188552 kB
MemTotal:        1844596 kB
MemFree:          223948 kB
MemAvailable:    1502732 kB
Buffers:          105008 kB
Cached:          1188552 kB
MemTotal:        1844596 kB
MemFree:          225480 kB
MemAvailable:    1504264 kB
Buffers:          105008 kB
Cached:          1188552 kB
MemTotal:        1844596 kB
MemFree:          225188 kB
MemAvailable:    1503972 kB
Buffers:          105008 kB
Cached:          1188552 kB
MemTotal:        1844596 kB
MemFree:          225524 kB
MemAvailable:    1504308 kB
Buffers:          105008 kB
Cached:          1188552 kB
MemTotal:        1844596 kB
MemFree:          225292 kB
MemAvailable:    1504076 kB
Buffers:          105008 kB
Cached:          1188552 kB
MemTotal:        1844596 kB
MemFree:          225244 kB
MemAvailable:    1504028 kB
Buffers:          105008 kB
Cached:          1188552 kB
MemTotal:        1844596 kB
MemFree:          222500 kB
MemAvailable:    1501284 kB
Buffers:          105008 kB
Cached:          1188552 kB
MemTotal:        1844596 kB
MemFree:          222268 kB
MemAvailable:    1501052 kB
Buffers:          105008 kB
Cached:          1188552 kB
MemTotal:        1844596 kB
MemFree:          220160 kB
MemAvailable:    1498944 kB
Buffers:          105008 kB
Cached:          1188552 kB
MemTotal:        1844596 kB
MemFree:          218788 kB
MemAvailable:    1497572 kB
Buffers:          105008 kB
Cached:          1188552 kB
MemTotal:        1844596 kB
MemFree:          218920 kB
MemAvailable:    1497704 kB
Buffers:          105008 kB
Cached:          1188552 kB
MemTotal:        1844596 kB
MemFree:          220160 kB
MemAvailable:    1498944 kB
Buffers:          105008 kB
Cached:          1188552 kB
MemTotal:        1844596 kB
MemFree:          218928 kB
MemAvailable:    1497712 kB
Buffers:          105008 kB
Cached:          1188552 kB
MemTotal:        1844596 kB
MemFree:          219732 kB
MemAvailable:    1498520 kB
Buffers:          105008 kB
Cached:          1188556 kB
MemTotal:        1844596 kB
MemFree:          219648 kB
MemAvailable:    1498436 kB
Buffers:          105008 kB
Cached:          1188556 kB
MemTotal:        1844596 kB
MemFree:          218412 kB
MemAvailable:    1497200 kB
Buffers:          105008 kB
Cached:          1188556 kB
MemTotal:        1844596 kB
MemFree:          218412 kB
MemAvailable:    1497200 kB
Buffers:          105008 kB
Cached:          1188556 kB
MemTotal:        1844596 kB
MemFree:          219860 kB
MemAvailable:    1498648 kB
Buffers:          105008 kB
Cached:          1188556 kB
MemTotal:        1844596 kB
MemFree:          218672 kB
MemAvailable:    1497460 kB
Buffers:          105008 kB
Cached:          1188556 kB
MemTotal:        1844596 kB
MemFree:          219368 kB
MemAvailable:    1498156 kB
Buffers:          105008 kB
Cached:          1188556 kB
MemTotal:        1844596 kB
MemFree:          219624 kB
MemAvailable:    1498412 kB
Buffers:          105008 kB
Cached:          1188556 kB
MemTotal:        1844596 kB
MemFree:          219400 kB
MemAvailable:    1498188 kB
Buffers:          105008 kB
Cached:          1188556 kB
MemTotal:        1844596 kB
MemFree:          219400 kB
MemAvailable:    1498188 kB
Buffers:          105008 kB
Cached:          1188556 kB
MemTotal:        1844596 kB
MemFree:          215432 kB
MemAvailable:    1494220 kB
Buffers:          105008 kB
Cached:          1188556 kB
MemTotal:        1844596 kB
MemFree:          215076 kB
MemAvailable:    1493864 kB
Buffers:          105008 kB
Cached:          1188556 kB
MemTotal:        1844596 kB
MemFree:          212596 kB
MemAvailable:    1491384 kB
Buffers:          105008 kB
Cached:          1188556 kB
MemTotal:        1844596 kB
MemFree:          213200 kB
MemAvailable:    1491988 kB
Buffers:          105008 kB
Cached:          1188556 kB
MemTotal:        1844596 kB
MemFree:          213200 kB
MemAvailable:    1491988 kB
Buffers:          105008 kB
Cached:          1188556 kB
MemTotal:        1844596 kB
MemFree:          211668 kB
MemAvailable:    1490456 kB
Buffers:          105008 kB
Cached:          1188556 kB
MemTotal:        1844596 kB
MemFree:          211540 kB
MemAvailable:    1490328 kB
Buffers:          105008 kB
Cached:          1188556 kB
MemTotal:        1844596 kB
MemFree:          209992 kB
MemAvailable:    1488780 kB
Buffers:          105008 kB
Cached:          1188556 kB
MemTotal:        1844596 kB
MemFree:          209984 kB
MemAvailable:    1488772 kB
Buffers:          105008 kB
Cached:          1188556 kB
MemTotal:        1844596 kB
MemFree:          209860 kB
MemAvailable:    1488648 kB
Buffers:          105008 kB
Cached:          1188556 kB
MemTotal:        1844596 kB
MemFree:          209728 kB
MemAvailable:    1488516 kB
Buffers:          105008 kB
Cached:          1188556 kB
MemTotal:        1844596 kB
MemFree:          210556 kB
MemAvailable:    1489344 kB
Buffers:          105008 kB
Cached:          1188556 kB
MemTotal:        1844596 kB
MemFree:          209992 kB
MemAvailable:    1488780 kB
Buffers:          105008 kB
Cached:          1188556 kB
MemTotal:        1844596 kB
MemFree:          210676 kB
MemAvailable:    1489464 kB
Buffers:          105008 kB
Cached:          1188556 kB
MemTotal:        1844596 kB
MemFree:          210372 kB
MemAvailable:    1489160 kB
Buffers:          105008 kB
Cached:          1188556 kB
MemTotal:        1844596 kB
MemFree:          209324 kB
MemAvailable:    1488112 kB
Buffers:          105008 kB
Cached:          1188556 kB
MemTotal:        1844596 kB
MemFree:          210596 kB
MemAvailable:    1489384 kB
Buffers:          105008 kB
Cached:          1188556 kB
MemTotal:        1844596 kB
MemFree:          210596 kB
MemAvailable:    1489384 kB
Buffers:          105008 kB
Cached:          1188556 kB
MemTotal:        1844596 kB
MemFree:          210592 kB
MemAvailable:    1489380 kB
Buffers:          105008 kB
Cached:          1188556 kB
MemTotal:        1844596 kB
MemFree:          210928 kB
MemAvailable:    1489716 kB
Buffers:          105008 kB
Cached:          1188556 kB
MemTotal:        1844596 kB
MemFree:          209352 kB
MemAvailable:    1488140 kB
Buffers:          105008 kB
Cached:          1188556 kB
MemTotal:        1844596 kB
MemFree:          210396 kB
MemAvailable:    1489184 kB
Buffers:          105008 kB
Cached:          1188556 kB
MemTotal:        1844596 kB
MemFree:          210584 kB
MemAvailable:    1489372 kB
Buffers:          105008 kB
Cached:          1188556 kB
MemTotal:        1844596 kB
MemFree:          209088 kB
MemAvailable:    1487876 kB
Buffers:          105008 kB
Cached:          1188556 kB
MemTotal:        1844596 kB
MemFree:          210272 kB
MemAvailable:    1489060 kB
Buffers:          105008 kB
Cached:          1188556 kB
MemTotal:        1844596 kB
MemFree:          210612 kB
MemAvailable:    1489400 kB
Buffers:          105008 kB
Cached:          1188556 kB
MemTotal:        1844596 kB
MemFree:          210308 kB
MemAvailable:    1489096 kB
Buffers:          105008 kB
Cached:          1188556 kB
MemTotal:        1844596 kB
MemFree:          209504 kB
MemAvailable:    1488292 kB
Buffers:          105008 kB
Cached:          1188556 kB
MemTotal:        1844596 kB
MemFree:          206512 kB
MemAvailable:    1485300 kB
Buffers:          105008 kB
Cached:          1188556 kB
MemTotal:        1844596 kB
MemFree:          206280 kB
MemAvailable:    1485068 kB
Buffers:          105008 kB
Cached:          1188556 kB
MemTotal:        1844596 kB
MemFree:          202428 kB
MemAvailable:    1481216 kB
Buffers:          105008 kB
Cached:          1188556 kB
MemTotal:        1844596 kB
MemFree:          202288 kB
MemAvailable:    1481076 kB
Buffers:          105008 kB
Cached:          1188556 kB
MemTotal:        1844596 kB
MemFree:          202056 kB
MemAvailable:    1480844 kB
Buffers:          105008 kB
Cached:          1188556 kB
MemTotal:        1844596 kB
MemFree:          202168 kB
MemAvailable:    1480956 kB
Buffers:          105008 kB
Cached:          1188556 kB
MemTotal:        1844596 kB
MemFree:          201856 kB
MemAvailable:    1480644 kB
Buffers:          105008 kB
Cached:          1188556 kB
MemTotal:        1844596 kB
MemFree:          201856 kB
MemAvailable:    1480644 kB
Buffers:          105008 kB
Cached:          1188556 kB
MemTotal:        1844596 kB
MemFree:          201792 kB
MemAvailable:    1480580 kB
Buffers:          105008 kB
Cached:          1188556 kB
MemTotal:        1844596 kB
MemFree:          201528 kB
MemAvailable:    1480316 kB
Buffers:          105008 kB
Cached:          1188556 kB
MemTotal:        1844596 kB
MemFree:          201612 kB
MemAvailable:    1480400 kB
Buffers:          105008 kB
Cached:          1188556 kB
MemTotal:        1844596 kB
MemFree:          201636 kB
MemAvailable:    1480424 kB
Buffers:          105008 kB
Cached:          1188556 kB
MemTotal:        1844596 kB
MemFree:          200556 kB
MemAvailable:    1479344 kB
Buffers:          105008 kB
Cached:          1188556 kB
MemTotal:        1844596 kB
MemFree:          200508 kB
MemAvailable:    1479296 kB
Buffers:          105008 kB
Cached:          1188556 kB
MemTotal:        1844596 kB
MemFree:          201484 kB
MemAvailable:    1480272 kB
Buffers:          105008 kB
Cached:          1188556 kB
MemTotal:        1844596 kB
MemFree:          201820 kB
MemAvailable:    1480608 kB
Buffers:          105008 kB
Cached:          1188556 kB
MemTotal:        1844596 kB
MemFree:          201612 kB
MemAvailable:    1480400 kB
Buffers:          105008 kB
Cached:          1188556 kB
MemTotal:        1844596 kB
MemFree:          201612 kB
MemAvailable:    1480400 kB
Buffers:          105008 kB
Cached:          1188556 kB
MemTotal:        1844596 kB
MemFree:          200412 kB
MemAvailable:    1479200 kB
Buffers:          105008 kB
Cached:          1188556 kB
MemTotal:        1844596 kB
MemFree:          201520 kB
MemAvailable:    1480308 kB
Buffers:          105008 kB
Cached:          1188556 kB
MemTotal:        1844596 kB
MemFree:          200488 kB
MemAvailable:    1479276 kB
Buffers:          105008 kB
Cached:          1188556 kB
MemTotal:        1844596 kB
MemFree:          200320 kB
MemAvailable:    1479108 kB
Buffers:          105008 kB
Cached:          1188556 kB
MemTotal:        1844596 kB
MemFree:          200528 kB
MemAvailable:    1479316 kB
Buffers:          105008 kB
Cached:          1188556 kB
MemTotal:        1844596 kB
MemFree:          201760 kB
MemAvailable:    1480548 kB
Buffers:          105008 kB
Cached:          1188556 kB
MemTotal:        1844596 kB
MemFree:          201544 kB
MemAvailable:    1480332 kB
Buffers:          105008 kB
Cached:          1188556 kB
MemTotal:        1844596 kB
MemFree:          201880 kB
MemAvailable:    1480668 kB
Buffers:          105008 kB
Cached:          1188556 kB
MemTotal:        1844596 kB
MemFree:          201796 kB
MemAvailable:    1480584 kB
Buffers:          105008 kB
Cached:          1188556 kB
MemTotal:        1844596 kB
MemFree:          200548 kB
MemAvailable:    1479336 kB
Buffers:          105008 kB
Cached:          1188556 kB
MemTotal:        1844596 kB
MemFree:          200508 kB
MemAvailable:    1479296 kB
Buffers:          105008 kB
Cached:          1188556 kB
MemTotal:        1844596 kB
MemFree:          201740 kB
MemAvailable:    1480528 kB
Buffers:          105008 kB
Cached:          1188556 kB
MemTotal:        1844596 kB
MemFree:          200412 kB
MemAvailable:    1479200 kB
Buffers:          105008 kB
Cached:          1188556 kB
MemTotal:        1844596 kB
MemFree:          200940 kB
MemAvailable:    1479728 kB
Buffers:          105008 kB
Cached:          1188556 kB
MemTotal:        1844596 kB
MemFree:          201672 kB
MemAvailable:    1480460 kB
Buffers:          105008 kB
Cached:          1188556 kB
MemTotal:        1844596 kB
MemFree:          201684 kB
MemAvailable:    1480472 kB
Buffers:          105008 kB
Cached:          1188556 kB
MemTotal:        1844596 kB
MemFree:          200628 kB
MemAvailable:    1479416 kB
Buffers:          105008 kB
Cached:          1188556 kB
MemTotal:        1844596 kB
MemFree:          200416 kB
MemAvailable:    1479204 kB
Buffers:          105008 kB
Cached:          1188556 kB
MemTotal:        1844596 kB
MemFree:          201676 kB
MemAvailable:    1480468 kB
Buffers:          105008 kB
Cached:          1188560 kB
MemTotal:        1844596 kB
MemFree:          201072 kB
MemAvailable:    1479864 kB
Buffers:          105008 kB
Cached:          1188560 kB
MemTotal:        1844596 kB
MemFree:          200444 kB
MemAvailable:    1479244 kB
Buffers:          105008 kB
Cached:          1188568 kB
MemTotal:        1844596 kB
MemFree:          200312 kB
MemAvailable:    1479112 kB
Buffers:          105008 kB
Cached:          1188568 kB
MemTotal:        1844596 kB
MemFree:          194492 kB
MemAvailable:    1473292 kB
Buffers:          105008 kB
Cached:          1188568 kB
MemTotal:        1844596 kB
MemFree:          192012 kB
MemAvailable:    1470812 kB
Buffers:          105008 kB
Cached:          1188568 kB
MemTotal:        1844596 kB
MemFree:          191012 kB
MemAvailable:    1469812 kB
Buffers:          105008 kB
Cached:          1188568 kB
MemTotal:        1844596 kB
MemFree:          191096 kB
MemAvailable:    1469896 kB
Buffers:          105008 kB
Cached:          1188568 kB
MemTotal:        1844596 kB
MemFree:          190888 kB
MemAvailable:    1469688 kB
Buffers:          105008 kB
Cached:          1188568 kB
MemTotal:        1844596 kB
MemFree:          191028 kB
MemAvailable:    1469828 kB
Buffers:          105008 kB
Cached:          1188568 kB
MemTotal:        1844596 kB
MemFree:          190764 kB
MemAvailable:    1469564 kB
Buffers:          105008 kB
Cached:          1188568 kB
MemTotal:        1844596 kB
MemFree:          189524 kB
MemAvailable:    1468324 kB
Buffers:          105008 kB
Cached:          1188568 kB
MemTotal:        1844596 kB
MemFree:          189608 kB
MemAvailable:    1468408 kB
Buffers:          105008 kB
Cached:          1188568 kB
MemTotal:        1844596 kB
MemFree:          189476 kB
MemAvailable:    1468276 kB
Buffers:          105008 kB
Cached:          1188568 kB
MemTotal:        1844596 kB
MemFree:          189848 kB
MemAvailable:    1468648 kB
Buffers:          105008 kB
Cached:          1188568 kB
MemTotal:        1844596 kB
MemFree:          190868 kB
MemAvailable:    1469668 kB
Buffers:          105008 kB
Cached:          1188568 kB
MemTotal:        1844596 kB
MemFree:          190952 kB
MemAvailable:    1469752 kB
Buffers:          105008 kB
Cached:          1188568 kB
MemTotal:        1844596 kB
MemFree:          190576 kB
MemAvailable:    1469376 kB
Buffers:          105008 kB
Cached:          1188568 kB
MemTotal:        1844596 kB
MemFree:          190912 kB
MemAvailable:    1469712 kB
Buffers:          105008 kB
Cached:          1188568 kB
MemTotal:        1844596 kB
MemFree:          190696 kB
MemAvailable:    1469496 kB
Buffers:          105008 kB
Cached:          1188568 kB
MemTotal:        1844596 kB
MemFree:          190696 kB
MemAvailable:    1469496 kB
Buffers:          105008 kB
Cached:          1188568 kB
MemTotal:        1844596 kB
MemFree:          190872 kB
MemAvailable:    1469672 kB
Buffers:          105008 kB
Cached:          1188568 kB
MemTotal:        1844596 kB
MemFree:          190744 kB
MemAvailable:    1469544 kB
Buffers:          105008 kB
Cached:          1188568 kB
MemTotal:        1844596 kB
MemFree:          190828 kB
MemAvailable:    1469628 kB
Buffers:          105008 kB
Cached:          1188568 kB
MemTotal:        1844596 kB
MemFree:          190884 kB
MemAvailable:    1469684 kB
Buffers:          105008 kB
Cached:          1188568 kB
MemTotal:        1844596 kB
MemFree:          189760 kB
MemAvailable:    1468560 kB
Buffers:          105008 kB
Cached:          1188568 kB
MemTotal:        1844596 kB
MemFree:          190696 kB
MemAvailable:    1469496 kB
Buffers:          105008 kB
Cached:          1188568 kB
MemTotal:        1844596 kB
MemFree:          190948 kB
MemAvailable:    1469748 kB
Buffers:          105008 kB
Cached:          1188568 kB
MemTotal:        1844596 kB
MemFree:          190700 kB
MemAvailable:    1469500 kB
Buffers:          105008 kB
Cached:          1188568 kB
MemTotal:        1844596 kB
MemFree:          189460 kB
MemAvailable:    1468260 kB
Buffers:          105008 kB
Cached:          1188568 kB
MemTotal:        1844596 kB
MemFree:          190728 kB
MemAvailable:    1469528 kB
Buffers:          105008 kB
Cached:          1188568 kB
MemTotal:        1844596 kB
MemFree:          190728 kB
MemAvailable:    1469528 kB
Buffers:          105008 kB
Cached:          1188568 kB
MemTotal:        1844596 kB
MemFree:          189476 kB
MemAvailable:    1468276 kB
Buffers:          105008 kB
Cached:          1188568 kB
MemTotal:        1844596 kB
MemFree:          190800 kB
MemAvailable:    1469600 kB
Buffers:          105008 kB
Cached:          1188568 kB
MemTotal:        1844596 kB
MemFree:          190744 kB
MemAvailable:    1469544 kB
Buffers:          105008 kB
Cached:          1188568 kB
MemTotal:        1844596 kB
MemFree:          190648 kB
MemAvailable:    1469448 kB
Buffers:          105008 kB
Cached:          1188568 kB
MemTotal:        1844596 kB
MemFree:          189644 kB
MemAvailable:    1468444 kB
Buffers:          105008 kB
Cached:          1188568 kB
MemTotal:        1844596 kB
MemFree:          190752 kB
MemAvailable:    1469552 kB
Buffers:          105008 kB
Cached:          1188568 kB
MemTotal:        1844596 kB
MemFree:          190836 kB
MemAvailable:    1469636 kB
Buffers:          105008 kB
Cached:          1188568 kB
MemTotal:        1844596 kB
MemFree:          190784 kB
MemAvailable:    1469584 kB
Buffers:          105008 kB
Cached:          1188568 kB
MemTotal:        1844596 kB
MemFree:          190848 kB
MemAvailable:    1469648 kB
Buffers:          105008 kB
Cached:          1188568 kB
MemTotal:        1844596 kB
MemFree:          191016 kB
MemAvailable:    1469816 kB
Buffers:          105008 kB
Cached:          1188568 kB
MemTotal:        1844596 kB
MemFree:          189484 kB
MemAvailable:    1468284 kB
Buffers:          105008 kB
Cached:          1188568 kB
MemTotal:        1844596 kB
MemFree:          190584 kB
MemAvailable:    1469384 kB
Buffers:          105008 kB
Cached:          1188568 kB
MemTotal:        1844596 kB
MemFree:          190756 kB
MemAvailable:    1469556 kB
Buffers:          105008 kB
Cached:          1188568 kB
MemTotal:        1844596 kB
MemFree:          190872 kB
MemAvailable:    1469672 kB
Buffers:          105008 kB
Cached:          1188568 kB
MemTotal:        1844596 kB
MemFree:          190968 kB
MemAvailable:    1469768 kB
Buffers:          105008 kB
Cached:          1188568 kB
MemTotal:        1844596 kB
MemFree:          190152 kB
MemAvailable:    1468828 kB
Buffers:          105008 kB
Cached:          1188568 kB
MemTotal:        1844596 kB
MemFree:          189772 kB
MemAvailable:    1468572 kB
Buffers:          105008 kB
Cached:          1188568 kB
MemTotal:        1844596 kB
MemFree:          190028 kB
MemAvailable:    1468828 kB
Buffers:          105008 kB
Cached:          1188568 kB
MemTotal:        1844596 kB
MemFree:          190704 kB
MemAvailable:    1469504 kB
Buffers:          105008 kB
Cached:          1188568 kB
MemTotal:        1844596 kB
MemFree:          190956 kB
MemAvailable:    1469756 kB
Buffers:          105008 kB
Cached:          1188568 kB
MemTotal:        1844596 kB
MemFree:          190452 kB
MemAvailable:    1469252 kB
Buffers:          105008 kB
Cached:          1188568 kB
MemTotal:        1844596 kB
MemFree:          190620 kB
MemAvailable:    1469324 kB
Buffers:          105008 kB
Cached:          1188568 kB
MemTotal:        1844596 kB
MemFree:          190396 kB
MemAvailable:    1469196 kB
Buffers:          105008 kB
Cached:          1188568 kB
MemTotal:        1844596 kB
MemFree:          190272 kB
MemAvailable:    1469072 kB
Buffers:          105008 kB
Cached:          1188568 kB
MemTotal:        1844596 kB
MemFree:          189764 kB
MemAvailable:    1468564 kB
Buffers:          105008 kB
Cached:          1188568 kB
MemTotal:        1844596 kB
MemFree:          189764 kB
MemAvailable:    1468564 kB
Buffers:          105008 kB
Cached:          1188568 kB
MemTotal:        1844596 kB
MemFree:          189628 kB
MemAvailable:    1468428 kB
Buffers:          105008 kB
Cached:          1188568 kB
MemTotal:        1844596 kB
MemFree:          189532 kB
MemAvailable:    1468332 kB
Buffers:          105008 kB
Cached:          1188568 kB
MemTotal:        1844596 kB
MemFree:          188484 kB
MemAvailable:    1467284 kB
Buffers:          105008 kB
Cached:          1188568 kB
MemTotal:        1844596 kB
MemFree:          188484 kB
MemAvailable:    1467284 kB
Buffers:          105008 kB
Cached:          1188568 kB
MemTotal:        1844596 kB
MemFree:          189528 kB
MemAvailable:    1468328 kB
Buffers:          105008 kB
Cached:          1188568 kB
MemTotal:        1844596 kB
MemFree:          188264 kB
MemAvailable:    1467064 kB
Buffers:          105008 kB
Cached:          1188568 kB
MemTotal:        1844596 kB
MemFree:          189712 kB
MemAvailable:    1468512 kB
Buffers:          105008 kB
Cached:          1188568 kB
MemTotal:        1844596 kB
MemFree:          189192 kB
MemAvailable:    1467992 kB
Buffers:          105008 kB
Cached:          1188568 kB
MemTotal:        1844596 kB
MemFree:          189408 kB
MemAvailable:    1468208 kB
Buffers:          105008 kB
Cached:          1188568 kB
MemTotal:        1844596 kB
MemFree:          187988 kB
MemAvailable:    1466788 kB
Buffers:          105008 kB
Cached:          1188568 kB
MemTotal:        1844596 kB
MemFree:          189156 kB
MemAvailable:    1467956 kB
Buffers:          105008 kB
Cached:          1188568 kB
MemTotal:        1844596 kB
MemFree:          189284 kB
MemAvailable:    1468084 kB
Buffers:          105008 kB
Cached:          1188568 kB
MemTotal:        1844596 kB
MemFree:          187976 kB
MemAvailable:    1466776 kB
Buffers:          105008 kB
Cached:          1188568 kB
MemTotal:        1844596 kB
MemFree:          189152 kB
MemAvailable:    1467952 kB
Buffers:          105008 kB
Cached:          1188568 kB
MemTotal:        1844596 kB
MemFree:          188920 kB
MemAvailable:    1467720 kB
Buffers:          105008 kB
Cached:          1188568 kB
MemTotal:        1844596 kB
MemFree:          189220 kB
MemAvailable:    1468020 kB
Buffers:          105008 kB
Cached:          1188568 kB
MemTotal:        1844596 kB
MemFree:          187996 kB
MemAvailable:    1466796 kB
Buffers:          105008 kB
Cached:          1188568 kB
MemTotal:        1844596 kB
MemFree:          187996 kB
MemAvailable:    1466800 kB
Buffers:          105008 kB
Cached:          1188572 kB
MemTotal:        1844596 kB
MemFree:          189052 kB
MemAvailable:    1467856 kB
Buffers:          105008 kB
Cached:          1188572 kB
MemTotal:        1844596 kB
MemFree:          189304 kB
MemAvailable:    1468108 kB
Buffers:          105008 kB
Cached:          1188572 kB
MemTotal:        1844596 kB
MemFree:          189480 kB
MemAvailable:    1468288 kB
Buffers:          105008 kB
Cached:          1188576 kB
MemTotal:        1844596 kB
MemFree:          189364 kB
MemAvailable:    1468172 kB
Buffers:          105008 kB
Cached:          1188576 kB
MemTotal:        1844596 kB
MemFree:          188648 kB
MemAvailable:    1467456 kB
Buffers:          105008 kB
Cached:          1188576 kB
MemTotal:        1844596 kB
MemFree:          188540 kB
MemAvailable:    1467348 kB
Buffers:          105008 kB
Cached:          1188576 kB
MemTotal:        1844596 kB
MemFree:          183516 kB
MemAvailable:    1462324 kB
Buffers:          105008 kB
Cached:          1188576 kB
MemTotal:        1844596 kB
MemFree:          178992 kB
MemAvailable:    1457800 kB
Buffers:          105008 kB
Cached:          1188576 kB
MemTotal:        1844596 kB
MemFree:          177628 kB
MemAvailable:    1456436 kB
Buffers:          105008 kB
Cached:          1188576 kB
MemTotal:        1844596 kB
MemFree:          176884 kB
MemAvailable:    1455692 kB
Buffers:          105008 kB
Cached:          1188576 kB
MemTotal:        1844596 kB
MemFree:          177992 kB
MemAvailable:    1456800 kB
Buffers:          105008 kB
Cached:          1188576 kB
MemTotal:        1844596 kB
MemFree:          177612 kB
MemAvailable:    1456420 kB
Buffers:          105008 kB
Cached:          1188576 kB
MemTotal:        1844596 kB
MemFree:          177132 kB
MemAvailable:    1455940 kB
Buffers:          105008 kB
Cached:          1188576 kB
MemTotal:        1844596 kB
MemFree:          177384 kB
MemAvailable:    1456192 kB
Buffers:          105008 kB
Cached:          1188576 kB
MemTotal:        1844596 kB
MemFree:          177128 kB
MemAvailable:    1455936 kB
Buffers:          105008 kB
Cached:          1188576 kB
MemTotal:        1844596 kB
MemFree:          175776 kB
MemAvailable:    1454584 kB
Buffers:          105008 kB
Cached:          1188576 kB
MemTotal:        1844596 kB
MemFree:          175752 kB
MemAvailable:    1454560 kB
Buffers:          105008 kB
Cached:          1188576 kB
MemTotal:        1844596 kB
MemFree:          175752 kB
MemAvailable:    1454560 kB
Buffers:          105008 kB
Cached:          1188576 kB
MemTotal:        1844596 kB
MemFree:          174900 kB
MemAvailable:    1453708 kB
Buffers:          105008 kB
Cached:          1188576 kB
MemTotal:        1844596 kB
MemFree:          174340 kB
MemAvailable:    1453148 kB
Buffers:          105008 kB
Cached:          1188576 kB
MemTotal:        1844596 kB
MemFree:          172908 kB
MemAvailable:    1451716 kB
Buffers:          105008 kB
Cached:          1188576 kB
MemTotal:        1844596 kB
MemFree:          172736 kB
MemAvailable:    1451544 kB
Buffers:          105008 kB
Cached:          1188576 kB
MemTotal:        1844596 kB
MemFree:          173976 kB
MemAvailable:    1452784 kB
Buffers:          105008 kB
Cached:          1188576 kB
MemTotal:        1844596 kB
MemFree:          174124 kB
MemAvailable:    1452932 kB
Buffers:          105008 kB
Cached:          1188576 kB
MemTotal:        1844596 kB
MemFree:          174208 kB
MemAvailable:    1453016 kB
Buffers:          105008 kB
Cached:          1188576 kB
MemTotal:        1844596 kB
MemFree:          174004 kB
MemAvailable:    1452812 kB
Buffers:          105008 kB
Cached:          1188576 kB
MemTotal:        1844596 kB
MemFree:          174156 kB
MemAvailable:    1452964 kB
Buffers:          105008 kB
Cached:          1188576 kB
MemTotal:        1844596 kB
MemFree:          172728 kB
MemAvailable:    1451536 kB
Buffers:          105008 kB
Cached:          1188576 kB
MemTotal:        1844596 kB
MemFree:          172860 kB
MemAvailable:    1451668 kB
Buffers:          105008 kB
Cached:          1188576 kB
MemTotal:        1844596 kB
MemFree:          174096 kB
MemAvailable:    1452904 kB
Buffers:          105008 kB
Cached:          1188576 kB
MemTotal:        1844596 kB
MemFree:          173952 kB
MemAvailable:    1452760 kB
Buffers:          105008 kB
Cached:          1188576 kB
MemTotal:        1844596 kB
MemFree:          174204 kB
MemAvailable:    1453012 kB
Buffers:          105008 kB
Cached:          1188576 kB
MemTotal:        1844596 kB
MemFree:          173976 kB
MemAvailable:    1452784 kB
Buffers:          105008 kB
Cached:          1188576 kB
MemTotal:        1844596 kB
MemFree:          172728 kB
MemAvailable:    1451536 kB
Buffers:          105008 kB
Cached:          1188576 kB
MemTotal:        1844596 kB
MemFree:          173280 kB
MemAvailable:    1452088 kB
Buffers:          105008 kB
Cached:          1188576 kB
MemTotal:        1844596 kB
MemFree:          172304 kB
MemAvailable:    1451112 kB
Buffers:          105008 kB
Cached:          1188576 kB
MemTotal:        1844596 kB
MemFree:          171304 kB
MemAvailable:    1450112 kB
Buffers:          105008 kB
Cached:          1188576 kB
MemTotal:        1844596 kB
MemFree:          172420 kB
MemAvailable:    1451228 kB
Buffers:          105008 kB
Cached:          1188576 kB
MemTotal:        1844596 kB
MemFree:          172224 kB
MemAvailable:    1451032 kB
Buffers:          105008 kB
Cached:          1188576 kB
MemTotal:        1844596 kB
MemFree:          172032 kB
MemAvailable:    1450840 kB
Buffers:          105008 kB
Cached:          1188576 kB
MemTotal:        1844596 kB
MemFree:          170312 kB
MemAvailable:    1449120 kB
Buffers:          105008 kB
Cached:          1188576 kB
MemTotal:        1844596 kB
MemFree:          170676 kB
MemAvailable:    1449484 kB
Buffers:          105008 kB
Cached:          1188576 kB
MemTotal:        1844596 kB
MemFree:          170692 kB
MemAvailable:    1449500 kB
Buffers:          105008 kB
Cached:          1188576 kB
MemTotal:        1844596 kB
MemFree:          170564 kB
MemAvailable:    1449372 kB
Buffers:          105008 kB
Cached:          1188576 kB
MemTotal:        1844596 kB
MemFree:          170608 kB
MemAvailable:    1449416 kB
Buffers:          105008 kB
Cached:          1188576 kB
MemTotal:        1844596 kB
MemFree:          170320 kB
MemAvailable:    1449128 kB
Buffers:          105008 kB
Cached:          1188576 kB
MemTotal:        1844596 kB
MemFree:          169072 kB
MemAvailable:    1447880 kB
Buffers:          105008 kB
Cached:          1188576 kB
MemTotal:        1844596 kB
MemFree:          170396 kB
MemAvailable:    1449204 kB
Buffers:          105008 kB
Cached:          1188576 kB
MemTotal:        1844596 kB
MemFree:          169196 kB
MemAvailable:    1448004 kB
Buffers:          105008 kB
Cached:          1188576 kB
MemTotal:        1844596 kB
MemFree:          169768 kB
MemAvailable:    1448584 kB
Buffers:          105008 kB
Cached:          1188584 kB
MemTotal:        1844596 kB
MemFree:          170024 kB
MemAvailable:    1448840 kB
Buffers:          105008 kB
Cached:          1188584 kB
MemTotal:        1844596 kB
MemFree:          169876 kB
MemAvailable:    1448692 kB
Buffers:          105008 kB
Cached:          1188584 kB
MemTotal:        1844596 kB
MemFree:          168652 kB
MemAvailable:    1447468 kB
Buffers:          105008 kB
Cached:          1188584 kB
MemTotal:        1844596 kB
MemFree:          169948 kB
MemAvailable:    1448764 kB
Buffers:          105008 kB
Cached:          1188584 kB
MemTotal:        1844596 kB
MemFree:          169204 kB
MemAvailable:    1448020 kB
Buffers:          105008 kB
Cached:          1188584 kB
MemTotal:        1844596 kB
MemFree:          169808 kB
MemAvailable:    1448624 kB
Buffers:          105008 kB
Cached:          1188584 kB
MemTotal:        1844596 kB
MemFree:          170144 kB
MemAvailable:    1448960 kB
Buffers:          105008 kB
Cached:          1188584 kB
MemTotal:        1844596 kB
MemFree:          169668 kB
MemAvailable:    1448484 kB
Buffers:          105008 kB
Cached:          1188584 kB
MemTotal:        1844596 kB
MemFree:          169920 kB
MemAvailable:    1448736 kB
Buffers:          105008 kB
Cached:          1188584 kB
MemTotal:        1844596 kB
MemFree:          168560 kB
MemAvailable:    1447376 kB
Buffers:          105008 kB
Cached:          1188584 kB
MemTotal:        1844596 kB
MemFree:          168428 kB
MemAvailable:    1447244 kB
Buffers:          105008 kB
Cached:          1188584 kB
MemTotal:        1844596 kB
MemFree:          169536 kB
MemAvailable:    1448352 kB
Buffers:          105008 kB
Cached:          1188584 kB
MemTotal:        1844596 kB
MemFree:          169872 kB
MemAvailable:    1448688 kB
Buffers:          105008 kB
Cached:          1188584 kB
MemTotal:        1844596 kB
MemFree:          168388 kB
MemAvailable:    1447204 kB
Buffers:          105008 kB
Cached:          1188584 kB
MemTotal:        1844596 kB
MemFree:          168496 kB
MemAvailable:    1447312 kB
Buffers:          105008 kB
Cached:          1188584 kB
MemTotal:        1844596 kB
MemFree:          168424 kB
MemAvailable:    1447240 kB
Buffers:          105008 kB
Cached:          1188584 kB
MemTotal:        1844596 kB
MemFree:          168424 kB
MemAvailable:    1447240 kB
Buffers:          105008 kB
Cached:          1188584 kB
MemTotal:        1844596 kB
MemFree:          169616 kB
MemAvailable:    1448432 kB
Buffers:          105008 kB
Cached:          1188584 kB
MemTotal:        1844596 kB
MemFree:          168832 kB
MemAvailable:    1447648 kB
Buffers:          105008 kB
Cached:          1188584 kB
MemTotal:        1844596 kB
MemFree:          169552 kB
MemAvailable:    1448368 kB
Buffers:          105008 kB
Cached:          1188584 kB
MemTotal:        1844596 kB
MemFree:          169320 kB
MemAvailable:    1448136 kB
Buffers:          105008 kB
Cached:          1188584 kB
MemTotal:        1844596 kB
MemFree:          169732 kB
MemAvailable:    1448548 kB
Buffers:          105008 kB
Cached:          1188584 kB
MemTotal:        1844596 kB
MemFree:          168568 kB
MemAvailable:    1447384 kB
Buffers:          105008 kB
Cached:          1188584 kB
MemTotal:        1844596 kB
MemFree:          168568 kB
MemAvailable:    1447384 kB
Buffers:          105008 kB
Cached:          1188584 kB
MemTotal:        1844596 kB
MemFree:          168208 kB
MemAvailable:    1447024 kB
Buffers:          105008 kB
Cached:          1188584 kB
MemTotal:        1844596 kB
MemFree:          167324 kB
MemAvailable:    1446140 kB
Buffers:          105008 kB
Cached:          1188584 kB
MemTotal:        1844596 kB
MemFree:          168328 kB
MemAvailable:    1447148 kB
Buffers:          105008 kB
Cached:          1188588 kB
MemTotal:        1844596 kB
MemFree:          165832 kB
MemAvailable:    1444652 kB
Buffers:          105008 kB
Cached:          1188588 kB
MemTotal:        1844596 kB
MemFree:          165832 kB
MemAvailable:    1444652 kB
Buffers:          105008 kB
Cached:          1188588 kB
MemTotal:        1844596 kB
MemFree:          161872 kB
MemAvailable:    1440692 kB
Buffers:          105008 kB
Cached:          1188588 kB
MemTotal:        1844596 kB
MemFree:          161180 kB
MemAvailable:    1440000 kB
Buffers:          105008 kB
Cached:          1188588 kB
MemTotal:        1844596 kB
MemFree:          158408 kB
MemAvailable:    1437228 kB
Buffers:          105008 kB
Cached:          1188588 kB
MemTotal:        1844596 kB
MemFree:          155176 kB
MemAvailable:    1433996 kB
Buffers:          105008 kB
Cached:          1188588 kB
MemTotal:        1844596 kB
MemFree:          154696 kB
MemAvailable:    1433516 kB
Buffers:          105008 kB
Cached:          1188588 kB
MemTotal:        1844596 kB
MemFree:          151464 kB
MemAvailable:    1430284 kB
Buffers:          105008 kB
Cached:          1188588 kB
MemTotal:        1844596 kB
MemFree:          151200 kB
MemAvailable:    1430020 kB
Buffers:          105008 kB
Cached:          1188588 kB
MemTotal:        1844596 kB
MemFree:          151200 kB
MemAvailable:    1430020 kB
Buffers:          105008 kB
Cached:          1188588 kB
MemTotal:        1844596 kB
MemFree:          151084 kB
MemAvailable:    1429904 kB
Buffers:          105008 kB
Cached:          1188588 kB
MemTotal:        1844596 kB
MemFree:          150100 kB
MemAvailable:    1428920 kB
Buffers:          105008 kB
Cached:          1188588 kB
MemTotal:        1844596 kB
MemFree:          149844 kB
MemAvailable:    1428664 kB
Buffers:          105008 kB
Cached:          1188588 kB
MemTotal:        1844596 kB
MemFree:          151036 kB
MemAvailable:    1429856 kB
Buffers:          105008 kB
Cached:          1188588 kB
MemTotal:        1844596 kB
MemFree:          150892 kB
MemAvailable:    1429712 kB
Buffers:          105008 kB
Cached:          1188588 kB
MemTotal:        1844596 kB
MemFree:          150968 kB
MemAvailable:    1429788 kB
Buffers:          105008 kB
Cached:          1188588 kB
MemTotal:        1844596 kB
MemFree:          151080 kB
MemAvailable:    1429900 kB
Buffers:          105008 kB
Cached:          1188588 kB
MemTotal:        1844596 kB
MemFree:          150968 kB
MemAvailable:    1429788 kB
Buffers:          105008 kB
Cached:          1188588 kB
MemTotal:        1844596 kB
MemFree:          150224 kB
MemAvailable:    1429044 kB
Buffers:          105008 kB
Cached:          1188588 kB
MemTotal:        1844596 kB
MemFree:          150900 kB
MemAvailable:    1429720 kB
Buffers:          105008 kB
Cached:          1188588 kB
MemTotal:        1844596 kB
MemFree:          151152 kB
MemAvailable:    1429972 kB
Buffers:          105008 kB
Cached:          1188588 kB
MemTotal:        1844596 kB
MemFree:          150532 kB
MemAvailable:    1429352 kB
Buffers:          105008 kB
Cached:          1188588 kB
MemTotal:        1844596 kB
MemFree:          150208 kB
MemAvailable:    1429028 kB
Buffers:          105008 kB
Cached:          1188588 kB
MemTotal:        1844596 kB
MemFree:          149852 kB
MemAvailable:    1428672 kB
Buffers:          105008 kB
Cached:          1188588 kB
MemTotal:        1844596 kB
MemFree:          150212 kB
MemAvailable:    1429032 kB
Buffers:          105008 kB
Cached:          1188588 kB
MemTotal:        1844596 kB
MemFree:          150268 kB
MemAvailable:    1429088 kB
Buffers:          105008 kB
Cached:          1188588 kB
MemTotal:        1844596 kB
MemFree:          150324 kB
MemAvailable:    1429144 kB
Buffers:          105008 kB
Cached:          1188588 kB
MemTotal:        1844596 kB
MemFree:          148920 kB
MemAvailable:    1427740 kB
Buffers:          105008 kB
Cached:          1188588 kB
MemTotal:        1844596 kB
MemFree:          150152 kB
MemAvailable:    1428972 kB
Buffers:          105008 kB
Cached:          1188588 kB
MemTotal:        1844596 kB
MemFree:          150320 kB
MemAvailable:    1429140 kB
Buffers:          105008 kB
Cached:          1188588 kB
MemTotal:        1844596 kB
MemFree:          149480 kB
MemAvailable:    1428300 kB
Buffers:          105008 kB
Cached:          1188588 kB
MemTotal:        1844596 kB
MemFree:          150208 kB
MemAvailable:    1429028 kB
Buffers:          105008 kB
Cached:          1188588 kB
MemTotal:        1844596 kB
MemFree:          150092 kB
MemAvailable:    1428912 kB
Buffers:          105008 kB
Cached:          1188588 kB
MemTotal:        1844596 kB
MemFree:          150288 kB
MemAvailable:    1429108 kB
Buffers:          105008 kB
Cached:          1188588 kB
MemTotal:        1844596 kB
MemFree:          148828 kB
MemAvailable:    1427648 kB
Buffers:          105008 kB
Cached:          1188588 kB
MemTotal:        1844596 kB
MemFree:          149356 kB
MemAvailable:    1428176 kB
Buffers:          105008 kB
Cached:          1188588 kB
MemTotal:        1844596 kB
MemFree:          150348 kB
MemAvailable:    1429172 kB
Buffers:          105008 kB
Cached:          1188592 kB
MemTotal:        1844596 kB
MemFree:          150276 kB
MemAvailable:    1429100 kB
Buffers:          105008 kB
Cached:          1188592 kB
MemTotal:        1844596 kB
MemFree:          150072 kB
MemAvailable:    1428896 kB
Buffers:          105008 kB
Cached:          1188592 kB
MemTotal:        1844596 kB
MemFree:          150100 kB
MemAvailable:    1428924 kB
Buffers:          105008 kB
Cached:          1188592 kB
MemTotal:        1844596 kB
MemFree:          148972 kB
MemAvailable:    1427796 kB
Buffers:          105008 kB
Cached:          1188592 kB
MemTotal:        1844596 kB
MemFree:          148848 kB
MemAvailable:    1427672 kB
Buffers:          105008 kB
Cached:          1188592 kB
MemTotal:        1844596 kB
MemFree:          145992 kB
MemAvailable:    1424816 kB
Buffers:          105008 kB
Cached:          1188592 kB
MemTotal:        1844596 kB
MemFree:          145844 kB
MemAvailable:    1424668 kB
Buffers:          105008 kB
Cached:          1188592 kB
MemTotal:        1844596 kB
MemFree:          143688 kB
MemAvailable:    1422512 kB
Buffers:          105008 kB
Cached:          1188592 kB
MemTotal:        1844596 kB
MemFree:          141172 kB
MemAvailable:    1419996 kB
Buffers:          105008 kB
Cached:          1188592 kB
MemTotal:        1844596 kB
MemFree:          138940 kB
MemAvailable:    1417764 kB
Buffers:          105008 kB
Cached:          1188592 kB
MemTotal:        1844596 kB
MemFree:          136460 kB
MemAvailable:    1415284 kB
Buffers:          105008 kB
Cached:          1188592 kB
MemTotal:        1844596 kB
MemFree:          133104 kB
MemAvailable:    1411928 kB
Buffers:          105008 kB
Cached:          1188592 kB
MemTotal:        1844596 kB
MemFree:          132872 kB
MemAvailable:    1411696 kB
Buffers:          105008 kB
Cached:          1188592 kB
MemTotal:        1844596 kB
MemFree:          132120 kB
MemAvailable:    1410944 kB
Buffers:          105008 kB
Cached:          1188592 kB
MemTotal:        1844596 kB
MemFree:          131924 kB
MemAvailable:    1410748 kB
Buffers:          105008 kB
Cached:          1188592 kB
MemTotal:        1844596 kB
MemFree:          131876 kB
MemAvailable:    1410700 kB
Buffers:          105008 kB
Cached:          1188592 kB
MemTotal:        1844596 kB
MemFree:          130696 kB
MemAvailable:    1409520 kB
Buffers:          105008 kB
Cached:          1188592 kB
MemTotal:        1844596 kB
MemFree:          131740 kB
MemAvailable:    1410564 kB
Buffers:          105008 kB
Cached:          1188592 kB
MemTotal:        1844596 kB
MemFree:          130692 kB
MemAvailable:    1409516 kB
Buffers:          105008 kB
Cached:          1188592 kB
MemTotal:        1844596 kB
MemFree:          130560 kB
MemAvailable:    1409384 kB
Buffers:          105008 kB
Cached:          1188592 kB
MemTotal:        1844596 kB
MemFree:          131836 kB
MemAvailable:    1410660 kB
Buffers:          105008 kB
Cached:          1188592 kB
MemTotal:        1844596 kB
MemFree:          131880 kB
MemAvailable:    1410704 kB
Buffers:          105008 kB
Cached:          1188592 kB
MemTotal:        1844596 kB
MemFree:          131824 kB
MemAvailable:    1410648 kB
Buffers:          105008 kB
Cached:          1188592 kB
MemTotal:        1844596 kB
MemFree:          131796 kB
MemAvailable:    1410620 kB
Buffers:          105008 kB
Cached:          1188592 kB
MemTotal:        1844596 kB
MemFree:          131812 kB
MemAvailable:    1410636 kB
Buffers:          105008 kB
Cached:          1188592 kB
MemTotal:        1844596 kB
MemFree:          132064 kB
MemAvailable:    1410888 kB
Buffers:          105008 kB
Cached:          1188592 kB
MemTotal:        1844596 kB
MemFree:          131864 kB
MemAvailable:    1410688 kB
Buffers:          105008 kB
Cached:          1188592 kB
MemTotal:        1844596 kB
MemFree:          132004 kB
MemAvailable:    1410828 kB
Buffers:          105008 kB
Cached:          1188592 kB
MemTotal:        1844596 kB
MemFree:          131864 kB
MemAvailable:    1410688 kB
Buffers:          105008 kB
Cached:          1188592 kB
MemTotal:        1844596 kB
MemFree:          131508 kB
MemAvailable:    1410332 kB
Buffers:          105008 kB
Cached:          1188592 kB
MemTotal:        1844596 kB
MemFree:          130584 kB
MemAvailable:    1409408 kB
Buffers:          105008 kB
Cached:          1188592 kB
MemTotal:        1844596 kB
MemFree:          131824 kB
MemAvailable:    1410648 kB
Buffers:          105008 kB
Cached:          1188592 kB
MemTotal:        1844596 kB
MemFree:          130704 kB
MemAvailable:    1409528 kB
Buffers:          105008 kB
Cached:          1188592 kB
MemTotal:        1844596 kB
MemFree:          130572 kB
MemAvailable:    1409396 kB
Buffers:          105008 kB
Cached:          1188592 kB
MemTotal:        1844596 kB
MemFree:          130572 kB
MemAvailable:    1409396 kB
Buffers:          105008 kB
Cached:          1188592 kB
MemTotal:        1844596 kB
MemFree:          130740 kB
MemAvailable:    1409564 kB
Buffers:          105008 kB
Cached:          1188592 kB
MemTotal:        1844596 kB
MemFree:          130692 kB
MemAvailable:    1409516 kB
Buffers:          105008 kB
Cached:          1188592 kB
MemTotal:        1844596 kB
MemFree:          131916 kB
MemAvailable:    1410744 kB
Buffers:          105008 kB
Cached:          1188596 kB
MemTotal:        1844596 kB
MemFree:          131128 kB
MemAvailable:    1409956 kB
Buffers:          105008 kB
Cached:          1188596 kB
MemTotal:        1844596 kB
MemFree:          132328 kB
MemAvailable:    1411156 kB
Buffers:          105008 kB
Cached:          1188596 kB
MemTotal:        1844596 kB
MemFree:          132172 kB
MemAvailable:    1411000 kB
Buffers:          105008 kB
Cached:          1188596 kB
MemTotal:        1844596 kB
MemFree:          132040 kB
MemAvailable:    1410868 kB
Buffers:          105008 kB
Cached:          1188596 kB
MemTotal:        1844596 kB
MemFree:          131868 kB
MemAvailable:    1410696 kB
Buffers:          105008 kB
Cached:          1188596 kB
MemTotal:        1844596 kB
MemFree:          131012 kB
MemAvailable:    1409840 kB
Buffers:          105008 kB
Cached:          1188596 kB
MemTotal:        1844596 kB
MemFree:          131856 kB
MemAvailable:    1410684 kB
Buffers:          105008 kB
Cached:          1188596 kB
MemTotal:        1844596 kB
MemFree:          131748 kB
MemAvailable:    1410576 kB
Buffers:          105008 kB
Cached:          1188596 kB
MemTotal:        1844596 kB
MemFree:          131744 kB
MemAvailable:    1410572 kB
Buffers:          105008 kB
Cached:          1188596 kB
MemTotal:        1844596 kB
MemFree:          131852 kB
MemAvailable:    1410680 kB
Buffers:          105008 kB
Cached:          1188596 kB
MemTotal:        1844596 kB
MemFree:          131756 kB
MemAvailable:    1410584 kB
Buffers:          105008 kB
Cached:          1188596 kB
MemTotal:        1844596 kB
MemFree:          131996 kB
MemAvailable:    1410824 kB
Buffers:          105008 kB
Cached:          1188596 kB
MemTotal:        1844596 kB
MemFree:          128772 kB
MemAvailable:    1407600 kB
Buffers:          105008 kB
Cached:          1188596 kB
MemTotal:        1844596 kB
MemFree:          125732 kB
MemAvailable:    1404560 kB
Buffers:          105008 kB
Cached:          1188596 kB
MemTotal:        1844596 kB
MemFree:          119828 kB
MemAvailable:    1398656 kB
Buffers:          105008 kB
Cached:          1188596 kB
MemTotal:        1844596 kB
MemFree:          119088 kB
MemAvailable:    1397916 kB
Buffers:          105008 kB
Cached:          1188596 kB
MemTotal:        1844596 kB
MemFree:          115000 kB
MemAvailable:    1393828 kB
Buffers:          105008 kB
Cached:          1188596 kB
MemTotal:        1844596 kB
MemFree:          114520 kB
MemAvailable:    1393348 kB
Buffers:          105008 kB
Cached:          1188596 kB
MemTotal:        1844596 kB
MemFree:          114628 kB
MemAvailable:    1393456 kB
Buffers:          105008 kB
Cached:          1188596 kB
MemTotal:        1844596 kB
MemFree:          113256 kB
MemAvailable:    1392084 kB
Buffers:          105008 kB
Cached:          1188596 kB
MemTotal:        1844596 kB
MemFree:          113876 kB
MemAvailable:    1392704 kB
Buffers:          105008 kB
Cached:          1188596 kB
MemTotal:        1844596 kB
MemFree:          113272 kB
MemAvailable:    1392100 kB
Buffers:          105008 kB
Cached:          1188596 kB
MemTotal:        1844596 kB
MemFree:          113712 kB
MemAvailable:    1392540 kB
Buffers:          105008 kB
Cached:          1188596 kB
MemTotal:        1844596 kB
MemFree:          113580 kB
MemAvailable:    1392408 kB
Buffers:          105008 kB
Cached:          1188596 kB
MemTotal:        1844596 kB
MemFree:          113156 kB
MemAvailable:    1391984 kB
Buffers:          105008 kB
Cached:          1188596 kB
MemTotal:        1844596 kB
MemFree:          113572 kB
MemAvailable:    1392400 kB
Buffers:          105008 kB
Cached:          1188596 kB
MemTotal:        1844596 kB
MemFree:          112660 kB
MemAvailable:    1391488 kB
Buffers:          105008 kB
Cached:          1188596 kB
MemTotal:        1844596 kB
MemFree:          113208 kB
MemAvailable:    1392036 kB
Buffers:          105008 kB
Cached:          1188596 kB
MemTotal:        1844596 kB
MemFree:          113024 kB
MemAvailable:    1391852 kB
Buffers:          105008 kB
Cached:          1188596 kB
MemTotal:        1844596 kB
MemFree:          111596 kB
MemAvailable:    1390424 kB
Buffers:          105008 kB
Cached:          1188596 kB
MemTotal:        1844596 kB
MemFree:          111588 kB
MemAvailable:    1390416 kB
Buffers:          105008 kB
Cached:          1188596 kB
MemTotal:        1844596 kB
MemFree:          112960 kB
MemAvailable:    1391788 kB
Buffers:          105008 kB
Cached:          1188596 kB
MemTotal:        1844596 kB
MemFree:          112264 kB
MemAvailable:    1391092 kB
Buffers:          105008 kB
Cached:          1188596 kB
MemTotal:        1844596 kB
MemFree:          111660 kB
MemAvailable:    1390488 kB
Buffers:          105008 kB
Cached:          1188596 kB
MemTotal:        1844596 kB
MemFree:          110860 kB
MemAvailable:    1389688 kB
Buffers:          105008 kB
Cached:          1188596 kB
MemTotal:        1844596 kB
MemFree:          111272 kB
MemAvailable:    1390100 kB
Buffers:          105008 kB
Cached:          1188596 kB
MemTotal:        1844596 kB
MemFree:          111040 kB
MemAvailable:    1389868 kB
Buffers:          105008 kB
Cached:          1188596 kB
MemTotal:        1844596 kB
MemFree:          110792 kB
MemAvailable:    1389620 kB
Buffers:          105008 kB
Cached:          1188596 kB
MemTotal:        1844596 kB
MemFree:          110480 kB
MemAvailable:    1389308 kB
Buffers:          105008 kB
Cached:          1188596 kB
MemTotal:        1844596 kB
MemFree:          108932 kB
MemAvailable:    1387760 kB
Buffers:          105008 kB
Cached:          1188596 kB
MemTotal:        1844596 kB
MemFree:          109116 kB
MemAvailable:    1387944 kB
Buffers:          105008 kB
Cached:          1188596 kB
MemTotal:        1844596 kB
MemFree:          107444 kB
MemAvailable:    1386272 kB
Buffers:          105008 kB
Cached:          1188596 kB
MemTotal:        1844596 kB
MemFree:          107372 kB
MemAvailable:    1386200 kB
Buffers:          105008 kB
Cached:          1188596 kB
MemTotal:        1844596 kB
MemFree:          107376 kB
MemAvailable:    1386204 kB
Buffers:          105008 kB
Cached:          1188596 kB
MemTotal:        1844596 kB
MemFree:          107544 kB
MemAvailable:    1386372 kB
Buffers:          105008 kB
Cached:          1188596 kB
MemTotal:        1844596 kB
MemFree:          107316 kB
MemAvailable:    1386144 kB
Buffers:          105008 kB
Cached:          1188596 kB
MemTotal:        1844596 kB
MemFree:          105920 kB
MemAvailable:    1384748 kB
Buffers:          105008 kB
Cached:          1188596 kB
MemTotal:        1844596 kB
MemFree:          106692 kB
MemAvailable:    1385520 kB
Buffers:          105008 kB
Cached:          1188596 kB
MemTotal:        1844596 kB
MemFree:          107160 kB
MemAvailable:    1385988 kB
Buffers:          105008 kB
Cached:          1188596 kB
MemTotal:        1844596 kB
MemFree:          107244 kB
MemAvailable:    1386072 kB
Buffers:          105008 kB
Cached:          1188596 kB
MemTotal:        1844596 kB
MemFree:          105460 kB
MemAvailable:    1384288 kB
Buffers:          105008 kB
Cached:          1188596 kB
MemTotal:        1844596 kB
MemFree:          106204 kB
MemAvailable:    1385032 kB
Buffers:          105008 kB
Cached:          1188596 kB
MemTotal:        1844596 kB
MemFree:          105700 kB
MemAvailable:    1384528 kB
Buffers:          105008 kB
Cached:          1188596 kB
MemTotal:        1844596 kB
MemFree:          105952 kB
MemAvailable:    1384780 kB
Buffers:          105008 kB
Cached:          1188596 kB
MemTotal:        1844596 kB
MemFree:          105832 kB
MemAvailable:    1384660 kB
Buffers:          105008 kB
Cached:          1188596 kB
MemTotal:        1844596 kB
MemFree:          104708 kB
MemAvailable:    1383536 kB
Buffers:          105008 kB
Cached:          1188596 kB
MemTotal:        1844596 kB
MemFree:          104460 kB
MemAvailable:    1383288 kB
Buffers:          105008 kB
Cached:          1188596 kB
MemTotal:        1844596 kB
MemFree:          105180 kB
MemAvailable:    1384008 kB
Buffers:          105008 kB
Cached:          1188596 kB
MemTotal:        1844596 kB
MemFree:          105568 kB
MemAvailable:    1384396 kB
Buffers:          105008 kB
Cached:          1188596 kB
MemTotal:        1844596 kB
MemFree:          105336 kB
MemAvailable:    1384164 kB
Buffers:          105008 kB
Cached:          1188596 kB
MemTotal:        1844596 kB
MemFree:          105696 kB
MemAvailable:    1384524 kB
Buffers:          105008 kB
Cached:          1188596 kB
MemTotal:        1844596 kB
MemFree:          104408 kB
MemAvailable:    1383236 kB
Buffers:          105008 kB
Cached:          1188596 kB
MemTotal:        1844596 kB
MemFree:          105704 kB
MemAvailable:    1384532 kB
Buffers:          105008 kB
Cached:          1188596 kB
MemTotal:        1844596 kB
MemFree:          105632 kB
MemAvailable:    1384460 kB
Buffers:          105008 kB
Cached:          1188596 kB
MemTotal:        1844596 kB
MemFree:          105884 kB
MemAvailable:    1384712 kB
Buffers:          105008 kB
Cached:          1188596 kB
MemTotal:        1844596 kB
MemFree:          105700 kB
MemAvailable:    1384528 kB
Buffers:          105008 kB
Cached:          1188596 kB
MemTotal:        1844596 kB
MemFree:          105592 kB
MemAvailable:    1384420 kB
Buffers:          105008 kB
Cached:          1188596 kB
MemTotal:        1844596 kB
MemFree:          104460 kB
MemAvailable:    1383288 kB
Buffers:          105008 kB
Cached:          1188596 kB
MemTotal:        1844596 kB
MemFree:          105692 kB
MemAvailable:    1384520 kB
Buffers:          105008 kB
Cached:          1188596 kB
MemTotal:        1844596 kB
MemFree:          105088 kB
MemAvailable:    1383916 kB
Buffers:          105008 kB
Cached:          1188596 kB
MemTotal:        1844596 kB
MemFree:          105696 kB
MemAvailable:    1384524 kB
Buffers:          105008 kB
Cached:          1188596 kB
MemTotal:        1844596 kB
MemFree:          104972 kB
MemAvailable:    1383800 kB
Buffers:          105008 kB
Cached:          1188596 kB
MemTotal:        1844596 kB
MemFree:          105700 kB
MemAvailable:    1384532 kB
Buffers:          105008 kB
Cached:          1188600 kB
MemTotal:        1844596 kB
MemFree:          105716 kB
MemAvailable:    1384548 kB
Buffers:          105008 kB
Cached:          1188600 kB
MemTotal:        1844596 kB
MemFree:          105688 kB
MemAvailable:    1384528 kB
Buffers:          105008 kB
Cached:          1188608 kB
MemTotal:        1844596 kB
MemFree:          104552 kB
MemAvailable:    1383392 kB
Buffers:          105008 kB
Cached:          1188608 kB
MemTotal:        1844596 kB
MemFree:          105724 kB
MemAvailable:    1384564 kB
Buffers:          105008 kB
Cached:          1188608 kB
MemTotal:        1844596 kB
MemFree:          104320 kB
MemAvailable:    1383160 kB
Buffers:          105008 kB
Cached:          1188608 kB
MemTotal:        1844596 kB
MemFree:          105088 kB
MemAvailable:    1383928 kB
Buffers:          105008 kB
Cached:          1188608 kB
MemTotal:        1844596 kB
MemFree:          105564 kB
MemAvailable:    1384404 kB
Buffers:          105008 kB
Cached:          1188608 kB
MemTotal:        1844596 kB
MemFree:          105900 kB
MemAvailable:    1384740 kB
Buffers:          105008 kB
Cached:          1188608 kB
MemTotal:        1844596 kB
MemFree:          105648 kB
MemAvailable:    1384488 kB
Buffers:          105008 kB
Cached:          1188608 kB
MemTotal:        1844596 kB
MemFree:          104408 kB
MemAvailable:    1383248 kB
Buffers:          105008 kB
Cached:          1188608 kB
MemTotal:        1844596 kB
MemFree:          104408 kB
MemAvailable:    1383248 kB
Buffers:          105008 kB
Cached:          1188608 kB
MemTotal:        1844596 kB
MemFree:          104408 kB
MemAvailable:    1383248 kB
Buffers:          105008 kB
Cached:          1188608 kB
MemTotal:        1844596 kB
MemFree:          105684 kB
MemAvailable:    1384524 kB
Buffers:          105008 kB
Cached:          1188608 kB
MemTotal:        1844596 kB
MemFree:          105576 kB
MemAvailable:    1384416 kB
Buffers:          105008 kB
Cached:          1188608 kB
MemTotal:        1844596 kB
MemFree:          105768 kB
MemAvailable:    1384608 kB
Buffers:          105008 kB
Cached:          1188608 kB
MemTotal:        1844596 kB
MemFree:          105568 kB
MemAvailable:    1384408 kB
Buffers:          105008 kB
Cached:          1188608 kB
MemTotal:        1844596 kB
MemFree:          105904 kB
MemAvailable:    1384744 kB
Buffers:          105008 kB
Cached:          1188608 kB
MemTotal:        1844596 kB
MemFree:          105712 kB
MemAvailable:    1384552 kB
Buffers:          105008 kB
Cached:          1188608 kB
MemTotal:        1844596 kB
MemFree:          105836 kB
MemAvailable:    1384676 kB
Buffers:          105008 kB
Cached:          1188608 kB
MemTotal:        1844596 kB
MemFree:          104444 kB
MemAvailable:    1383284 kB
Buffers:          105008 kB
Cached:          1188608 kB
MemTotal:        1844596 kB
MemFree:          105552 kB
MemAvailable:    1384392 kB
Buffers:          105008 kB
Cached:          1188608 kB
MemTotal:        1844596 kB
MemFree:          105808 kB
MemAvailable:    1384648 kB
Buffers:          105008 kB
Cached:          1188608 kB
MemTotal:        1844596 kB
MemFree:          103212 kB
MemAvailable:    1382052 kB
Buffers:          105008 kB
Cached:          1188608 kB
MemTotal:        1844596 kB
MemFree:          102484 kB
MemAvailable:    1381324 kB
Buffers:          105008 kB
Cached:          1188608 kB
MemTotal:        1844596 kB
MemFree:           99940 kB
MemAvailable:    1378780 kB
Buffers:          105008 kB
Cached:          1188608 kB
MemTotal:        1844596 kB
MemFree:           96408 kB
MemAvailable:    1375248 kB
Buffers:          105008 kB
Cached:          1188608 kB
MemTotal:        1844596 kB
MemFree:           92804 kB
MemAvailable:    1371644 kB
Buffers:          105008 kB
Cached:          1188608 kB
MemTotal:        1844596 kB
MemFree:           92448 kB
MemAvailable:    1371288 kB
Buffers:          105008 kB
Cached:          1188608 kB
MemTotal:        1844596 kB
MemFree:           89020 kB
MemAvailable:    1367860 kB
Buffers:          105008 kB
Cached:          1188608 kB
MemTotal:        1844596 kB
MemFree:           85108 kB
MemAvailable:    1363948 kB
Buffers:          105008 kB
Cached:          1188608 kB
MemTotal:        1844596 kB
MemFree:           86480 kB
MemAvailable:    1365320 kB
Buffers:          105008 kB
Cached:          1188608 kB
MemTotal:        1844596 kB
MemFree:           86184 kB
MemAvailable:    1365024 kB
Buffers:          105008 kB
Cached:          1188608 kB
MemTotal:        1844596 kB
MemFree:           86248 kB
MemAvailable:    1365088 kB
Buffers:          105008 kB
Cached:          1188608 kB
MemTotal:        1844596 kB
MemFree:           86192 kB
MemAvailable:    1365032 kB
Buffers:          105008 kB
Cached:          1188608 kB
MemTotal:        1844596 kB
MemFree:           85112 kB
MemAvailable:    1363952 kB
Buffers:          105008 kB
Cached:          1188608 kB
MemTotal:        1844596 kB
MemFree:           86180 kB
MemAvailable:    1365020 kB
Buffers:          105008 kB
Cached:          1188608 kB
MemTotal:        1844596 kB
MemFree:           86432 kB
MemAvailable:    1365088 kB
Buffers:          105008 kB
Cached:          1188608 kB
MemTotal:        1844596 kB
MemFree:           86192 kB
MemAvailable:    1365032 kB
Buffers:          105008 kB
Cached:          1188608 kB
MemTotal:        1844596 kB
MemFree:           85112 kB
MemAvailable:    1363952 kB
Buffers:          105008 kB
Cached:          1188608 kB
MemTotal:        1844596 kB
MemFree:           86096 kB
MemAvailable:    1364936 kB
Buffers:          105008 kB
Cached:          1188608 kB
MemTotal:        1844596 kB
MemFree:           85444 kB
MemAvailable:    1364284 kB
Buffers:          105008 kB
Cached:          1188608 kB
MemTotal:        1844596 kB
MemFree:           86152 kB
MemAvailable:    1364992 kB
Buffers:          105008 kB
Cached:          1188608 kB
MemTotal:        1844596 kB
MemFree:           86488 kB
MemAvailable:    1365328 kB
Buffers:          105008 kB
Cached:          1188608 kB
MemTotal:        1844596 kB
MemFree:           86168 kB
MemAvailable:    1365008 kB
Buffers:          105008 kB
Cached:          1188608 kB
MemTotal:        1844596 kB
MemFree:           85912 kB
MemAvailable:    1364752 kB
Buffers:          105008 kB
Cached:          1188608 kB
MemTotal:        1844596 kB
MemFree:           85924 kB
MemAvailable:    1364764 kB
Buffers:          105008 kB
Cached:          1188608 kB
MemTotal:        1844596 kB
MemFree:           85924 kB
MemAvailable:    1364764 kB
Buffers:          105008 kB
Cached:          1188608 kB
MemTotal:        1844596 kB
MemFree:           85832 kB
MemAvailable:    1364672 kB
Buffers:          105008 kB
Cached:          1188608 kB
MemTotal:        1844596 kB
MemFree:           84332 kB
MemAvailable:    1363172 kB
Buffers:          105008 kB
Cached:          1188608 kB
MemTotal:        1844596 kB
MemFree:           85692 kB
MemAvailable:    1364532 kB
Buffers:          105008 kB
Cached:          1188608 kB
MemTotal:        1844596 kB
MemFree:           85920 kB
MemAvailable:    1364760 kB
Buffers:          105008 kB
Cached:          1188608 kB
MemTotal:        1844596 kB
MemFree:           84704 kB
MemAvailable:    1363544 kB
Buffers:          105008 kB
Cached:          1188608 kB
MemTotal:        1844596 kB
MemFree:           84580 kB
MemAvailable:    1363420 kB
Buffers:          105008 kB
Cached:          1188608 kB
MemTotal:        1844596 kB
MemFree:           84572 kB
MemAvailable:    1363412 kB
Buffers:          105008 kB
Cached:          1188608 kB
MemTotal:        1844596 kB
MemFree:           84984 kB
MemAvailable:    1363824 kB
Buffers:          105008 kB
Cached:          1188608 kB
MemTotal:        1844596 kB
MemFree:           84324 kB
MemAvailable:    1363164 kB
Buffers:          105008 kB
Cached:          1188608 kB
MemTotal:        1844596 kB
MemFree:           79660 kB
MemAvailable:    1358508 kB
Buffers:          105008 kB
Cached:          1188616 kB
MemTotal:        1844596 kB
MemFree:           79420 kB
MemAvailable:    1358268 kB
Buffers:          105008 kB
Cached:          1188616 kB
MemTotal:        1844596 kB
MemFree:           76056 kB
MemAvailable:    1354904 kB
Buffers:          105008 kB
Cached:          1188616 kB
MemTotal:        1844596 kB
MemFree:           75824 kB
MemAvailable:    1354672 kB
Buffers:          105008 kB
Cached:          1188616 kB
MemTotal:        1844596 kB
MemFree:           74396 kB
MemAvailable:    1353244 kB
Buffers:          105008 kB
Cached:          1188616 kB
MemTotal:        1844596 kB
MemFree:           74528 kB
MemAvailable:    1353376 kB
Buffers:          105008 kB
Cached:          1188616 kB
MemTotal:        1844596 kB
MemFree:           74652 kB
MemAvailable:    1353500 kB
Buffers:          105008 kB
Cached:          1188616 kB
MemTotal:        1844596 kB
MemFree:           75760 kB
MemAvailable:    1354608 kB
Buffers:          105008 kB
Cached:          1188616 kB
MemTotal:        1844596 kB
MemFree:           75460 kB
MemAvailable:    1354308 kB
Buffers:          105008 kB
Cached:          1188616 kB
MemTotal:        1844596 kB
MemFree:           75776 kB
MemAvailable:    1354624 kB
Buffers:          105008 kB
Cached:          1188616 kB
MemTotal:        1844596 kB
MemFree:           76000 kB
MemAvailable:    1354848 kB
Buffers:          105008 kB
Cached:          1188616 kB
MemTotal:        1844596 kB
MemFree:           74832 kB
MemAvailable:    1353680 kB
Buffers:          105008 kB
Cached:          1188616 kB
MemTotal:        1844596 kB
MemFree:           75824 kB
MemAvailable:    1354756 kB
Buffers:          105008 kB
Cached:          1188740 kB
MemTotal:        1844596 kB
MemFree:           74832 kB
MemAvailable:    1353848 kB
Buffers:          105008 kB
Cached:          1188740 kB
MemTotal:        1844596 kB
MemFree:           75308 kB
MemAvailable:    1354492 kB
Buffers:          105008 kB
Cached:          1188864 kB
MemTotal:        1844596 kB
MemFree:           75644 kB
MemAvailable:    1354828 kB
Buffers:          105008 kB
Cached:          1188988 kB
MemTotal:        1844596 kB
MemFree:           75176 kB
MemAvailable:    1354612 kB
Buffers:          105008 kB
Cached:          1189112 kB
MemTotal:        1844596 kB
MemFree:           75072 kB
MemAvailable:    1354508 kB
Buffers:          105008 kB
Cached:          1189112 kB
MemTotal:        1844596 kB
MemFree:           75080 kB
MemAvailable:    1354528 kB
Buffers:          105008 kB
Cached:          1189172 kB
MemTotal:        1844596 kB
MemFree:           75120 kB
MemAvailable:    1354568 kB
Buffers:          105008 kB
Cached:          1189296 kB
MemTotal:        1844596 kB
MemFree:           73840 kB
MemAvailable:    1353368 kB
Buffers:          105008 kB
Cached:          1189292 kB
MemTotal:        1844596 kB
MemFree:           74900 kB
MemAvailable:    1354428 kB
Buffers:          105008 kB
Cached:          1189292 kB
MemTotal:        1844596 kB
MemFree:           74900 kB
MemAvailable:    1354428 kB
Buffers:          105008 kB
Cached:          1189292 kB
MemTotal:        1844596 kB
MemFree:           73652 kB
MemAvailable:    1353180 kB
Buffers:          105008 kB
Cached:          1189292 kB
MemTotal:        1844596 kB
MemFree:           74928 kB
MemAvailable:    1354456 kB
Buffers:          105008 kB
Cached:          1189292 kB
MemTotal:        1844596 kB
MemFree:           75012 kB
MemAvailable:    1354540 kB
Buffers:          105008 kB
Cached:          1189292 kB
MemTotal:        1844596 kB
MemFree:           75084 kB
MemAvailable:    1353940 kB
Buffers:          105008 kB
Cached:          1188576 kB
MemTotal:        1844596 kB
MemFree:          114084 kB
MemAvailable:    1392940 kB
Buffers:          105008 kB
Cached:          1188576 kB
MemTotal:        1844596 kB
MemFree:          191888 kB
MemAvailable:    1470744 kB
Buffers:          105008 kB
Cached:          1188576 kB
MemTotal:        1844596 kB
MemFree:          264516 kB
MemAvailable:    1543372 kB
Buffers:          105008 kB
Cached:          1188576 kB
