MemTotal:        1844596 kB
MemFree:          263864 kB
MemAvailable:    1545444 kB
Buffers:          103896 kB
Cached:          1193888 kB
MemTotal:        1844596 kB
MemFree:          238088 kB
MemAvailable:    1519676 kB
Buffers:          103896 kB
Cached:          1193896 kB
MemTotal:        1844596 kB
MemFree:          236572 kB
MemAvailable:    1518160 kB
Buffers:          103896 kB
Cached:          1193896 kB
MemTotal:        1844596 kB
MemFree:          234616 kB
MemAvailable:    1516204 kB
Buffers:          103896 kB
Cached:          1193896 kB
MemTotal:        1844596 kB
MemFree:          233004 kB
MemAvailable:    1514592 kB
Buffers:          103896 kB
Cached:          1193896 kB
MemTotal:        1844596 kB
MemFree:          231888 kB
MemAvailable:    1513476 kB
Buffers:          103896 kB
Cached:          1193896 kB
MemTotal:        1844596 kB
MemFree:          231376 kB
MemAvailable:    1512964 kB
Buffers:          103896 kB
Cached:          1193896 kB
MemTotal:        1844596 kB
MemFree:          231588 kB
MemAvailable:    1513176 kB
Buffers:          103896 kB
Cached:          1193896 kB
MemTotal:        1844596 kB
MemFree:          227672 kB
MemAvailable:    1509260 kB
Buffers:          103896 kB
Cached:          1193896 kB
MemTotal:        1844596 kB
MemFree:          224944 kB
MemAvailable:    1506532 kB
Buffers:          103896 kB
Cached:          1193896 kB
MemTotal:        1844596 kB
MemFree:          221616 kB
MemAvailable:    1503204 kB
Buffers:          103896 kB
Cached:          1193896 kB
MemTotal:        1844596 kB
MemFree:          224104 kB
MemAvailable:    1505692 kB
Buffers:          103896 kB
Cached:          1193896 kB
MemTotal:        1844596 kB
MemFree:          224440 kB
MemAvailable:    1506028 kB
Buffers:          103896 kB
Cached:          1193896 kB
MemTotal:        1844596 kB
MemFree:          222960 kB
MemAvailable:    1504548 kB
Buffers:          103896 kB
Cached:          1193896 kB
MemTotal:        1844596 kB
MemFree:          223332 kB
MemAvailable:    1504920 kB
Buffers:          103896 kB
Cached:          1193896 kB
MemTotal:        1844596 kB
MemFree:          223084 kB
MemAvailable:    1504672 kB
Buffers:          103896 kB
Cached:          1193896 kB
MemTotal:        1844596 kB
MemFree:          223820 kB
MemAvailable:    1505408 kB
Buffers:          103896 kB
Cached:          1193896 kB
MemTotal:        1844596 kB
MemFree:          223820 kB
MemAvailable:    1505408 kB
Buffers:          103896 kB
Cached:          1193896 kB
MemTotal:        1844596 kB
MemFree:          222332 kB
MemAvailable:    1503920 kB
Buffers:          103896 kB
Cached:          1193896 kB
MemTotal:        1844596 kB
MemFree:          222416 kB
MemAvailable:    1504004 kB
Buffers:          103896 kB
Cached:          1193896 kB
MemTotal:        1844596 kB
MemFree:          222328 kB
MemAvailable:    1503916 kB
Buffers:          103896 kB
Cached:          1193896 kB
MemTotal:        1844596 kB
MemFree:          222328 kB
MemAvailable:    1503916 kB
Buffers:          103896 kB
Cached:          1193896 kB
MemTotal:        1844596 kB
MemFree:          223132 kB
MemAvailable:    1504720 kB
Buffers:          103896 kB
Cached:          1193896 kB
MemTotal:        1844596 kB
MemFree:          222960 kB
MemAvailable:    1504548 kB
Buffers:          103896 kB
Cached:          1193896 kB
MemTotal:        1844596 kB
MemFree:          222880 kB
MemAvailable:    1504468 kB
Buffers:          103896 kB
Cached:          1193896 kB
MemTotal:        1844596 kB
MemFree:          221324 kB
MemAvailable:    1502912 kB
Buffers:          103896 kB
Cached:          1193896 kB
MemTotal:        1844596 kB
MemFree:          221224 kB
MemAvailable:    1502812 kB
Buffers:          103896 kB
Cached:          1193896 kB
MemTotal:        1844596 kB
MemFree:          222464 kB
MemAvailable:    1504052 kB
Buffers:          103896 kB
Cached:          1193896 kB
MemTotal:        1844596 kB
MemFree:          220604 kB
MemAvailable:    1502192 kB
Buffers:          103896 kB
Cached:          1193896 kB
MemTotal:        1844596 kB
MemFree:          220480 kB
MemAvailable:    1502068 kB
Buffers:          103896 kB
Cached:          1193896 kB
MemTotal:        1844596 kB
MemFree:          220108 kB
MemAvailable:    1501696 kB
Buffers:          103896 kB
Cached:          1193896 kB
MemTotal:        1844596 kB
MemFree:          221176 kB
MemAvailable:    1502764 kB
Buffers:          103896 kB
Cached:          1193896 kB
MemTotal:        1844596 kB
MemFree:          219928 kB
MemAvailable:    1501516 kB
Buffers:          103896 kB
Cached:          1193896 kB
MemTotal:        1844596 kB
MemFree:          219928 kB
MemAvailable:    1501516 kB
Buffers:          103896 kB
Cached:          1193896 kB
MemTotal:        1844596 kB
MemFree:          221080 kB
MemAvailable:    1502668 kB
Buffers:          103896 kB
Cached:          1193896 kB
MemTotal:        1844596 kB
MemFree:          221196 kB
MemAvailable:    1502784 kB
Buffers:          103896 kB
Cached:          1193896 kB
MemTotal:        1844596 kB
MemFree:          220860 kB
MemAvailable:    1502448 kB
Buffers:          103896 kB
Cached:          1193896 kB
MemTotal:        1844596 kB
MemFree:          221092 kB
MemAvailable:    1502680 kB
Buffers:          103896 kB
Cached:          1193896 kB
MemTotal:        1844596 kB
MemFree:          220984 kB
MemAvailable:    1502572 kB
Buffers:          103896 kB
Cached:          1193896 kB
MemTotal:        1844596 kB
MemFree:          218868 kB
MemAvailable:    1500456 kB
Buffers:          103896 kB
Cached:          1193896 kB
MemTotal:        1844596 kB
MemFree:          216008 kB
MemAvailable:    1497596 kB
Buffers:          103896 kB
Cached:          1193896 kB
MemTotal:        1844596 kB
MemFree:          215404 kB
MemAvailable:    1496992 kB
Buffers:          103896 kB
Cached:          1193896 kB
MemTotal:        1844596 kB
MemFree:          214520 kB
MemAvailable:    1496108 kB
Buffers:          103896 kB
Cached:          1193896 kB
MemTotal:        1844596 kB
MemFree:          214520 kB
MemAvailable:    1496108 kB
Buffers:          103896 kB
Cached:          1193896 kB
MemTotal:        1844596 kB
MemFree:          214520 kB
MemAvailable:    1496108 kB
Buffers:          103896 kB
Cached:          1193896 kB
MemTotal:        1844596 kB
MemFree:          215620 kB
MemAvailable:    1497208 kB
Buffers:          103896 kB
Cached:          1193896 kB
MemTotal:        1844596 kB
MemFree:          215504 kB
MemAvailable:    1497092 kB
Buffers:          103896 kB
Cached:          1193896 kB
MemTotal:        1844596 kB
MemFree:          215388 kB
MemAvailable:    1496976 kB
Buffers:          103896 kB
Cached:          1193896 kB
MemTotal:        1844596 kB
MemFree:          213984 kB
MemAvailable:    1495572 kB
Buffers:          103896 kB
Cached:          1193896 kB
MemTotal:        1844596 kB
MemFree:          215244 kB
MemAvailable:    1496832 kB
Buffers:          103896 kB
Cached:          1193896 kB
MemTotal:        1844596 kB
MemFree:          215264 kB
MemAvailable:    1496852 kB
Buffers:          103896 kB
Cached:          1193896 kB
MemTotal:        1844596 kB
MemFree:          215032 kB
MemAvailable:    1496620 kB
Buffers:          103896 kB
Cached:          1193896 kB
MemTotal:        1844596 kB
MemFree:          215140 kB
MemAvailable:    1496728 kB
Buffers:          103896 kB
Cached:          1193896 kB
MemTotal:        1844596 kB
MemFree:          214108 kB
MemAvailable:    1495696 kB
Buffers:          103896 kB
Cached:          1193896 kB
MemTotal:        1844596 kB
MemFree:          215404 kB
MemAvailable:    1496992 kB
Buffers:          103896 kB
Cached:          1193896 kB
MemTotal:        1844596 kB
MemFree:          211908 kB
MemAvailable:    1493496 kB
Buffers:          103896 kB
Cached:          1193896 kB
MemTotal:        1844596 kB
MemFree:          211180 kB
MemAvailable:    1492768 kB
Buffers:          103896 kB
Cached:          1193896 kB
MemTotal:        1844596 kB
MemFree:          208452 kB
MemAvailable:    1490040 kB
Buffers:          103896 kB
Cached:          1193896 kB
MemTotal:        1844596 kB
MemFree:          208080 kB
MemAvailable:    1489668 kB
Buffers:          103896 kB
Cached:          1193896 kB
MemTotal:        1844596 kB
MemFree:          208808 kB
MemAvailable:    1490396 kB
Buffers:          103896 kB
Cached:          1193896 kB
MemTotal:        1844596 kB
MemFree:          208808 kB
MemAvailable:    1490396 kB
Buffers:          103896 kB
Cached:          1193896 kB
MemTotal:        1844596 kB
MemFree:          206344 kB
MemAvailable:    1487932 kB
Buffers:          103896 kB
Cached:          1193896 kB
MemTotal:        1844596 kB
MemFree:          205724 kB
MemAvailable:    1487312 kB
Buffers:          103896 kB
Cached:          1193896 kB
MemTotal:        1844596 kB
MemFree:          206956 kB
MemAvailable:    1488544 kB
Buffers:          103896 kB
Cached:          1193896 kB
MemTotal:        1844596 kB
MemFree:          206652 kB
MemAvailable:    1488240 kB
Buffers:          103896 kB
Cached:          1193896 kB
MemTotal:        1844596 kB
MemFree:          206904 kB
MemAvailable:    1488492 kB
Buffers:          103896 kB
Cached:          1193896 kB
MemTotal:        1844596 kB
MemFree:          205536 kB
MemAvailable:    1487124 kB
Buffers:          103896 kB
Cached:          1193896 kB
MemTotal:        1844596 kB
MemFree:          205544 kB
MemAvailable:    1487132 kB
Buffers:          103896 kB
Cached:          1193896 kB
MemTotal:        1844596 kB
MemFree:          206528 kB
MemAvailable:    1488116 kB
Buffers:          103896 kB
Cached:          1193896 kB
MemTotal:        1844596 kB
MemFree:          206864 kB
MemAvailable:    1488452 kB
Buffers:          103896 kB
Cached:          1193896 kB
MemTotal:        1844596 kB
MemFree:          206564 kB
MemAvailable:    1488152 kB
Buffers:          103896 kB
Cached:          1193896 kB
MemTotal:        1844596 kB
MemFree:          206816 kB
MemAvailable:    1488404 kB
Buffers:          103896 kB
Cached:          1193896 kB
MemTotal:        1844596 kB
MemFree:          206452 kB
MemAvailable:    1488040 kB
Buffers:          103896 kB
Cached:          1193896 kB
MemTotal:        1844596 kB
MemFree:          206344 kB
MemAvailable:    1487932 kB
Buffers:          103896 kB
Cached:          1193896 kB
MemTotal:        1844596 kB
MemFree:          205164 kB
MemAvailable:    1486752 kB
Buffers:          103896 kB
Cached:          1193896 kB
MemTotal:        1844596 kB
MemFree:          206472 kB
MemAvailable:    1488060 kB
Buffers:          103896 kB
Cached:          1193896 kB
MemTotal:        1844596 kB
MemFree:          205412 kB
MemAvailable:    1487000 kB
Buffers:          103896 kB
Cached:          1193896 kB
MemTotal:        1844596 kB
MemFree:          205164 kB
MemAvailable:    1486752 kB
Buffers:          103896 kB
Cached:          1193896 kB
MemTotal:        1844596 kB
MemFree:          206140 kB
MemAvailable:    1487728 kB
Buffers:          103896 kB
Cached:          1193896 kB
MemTotal:        1844596 kB
MemFree:          206224 kB
MemAvailable:    1487812 kB
Buffers:          103896 kB
Cached:          1193896 kB
MemTotal:        1844596 kB
MemFree:          206080 kB
MemAvailable:    1487668 kB
Buffers:          103896 kB
Cached:          1193896 kB
MemTotal:        1844596 kB
MemFree:          204816 kB
MemAvailable:    1486404 kB
Buffers:          103896 kB
Cached:          1193896 kB
MemTotal:        1844596 kB
MemFree:          202120 kB
MemAvailable:    1483708 kB
Buffers:          103896 kB
Cached:          1193896 kB
MemTotal:        1844596 kB
MemFree:          200764 kB
MemAvailable:    1482352 kB
Buffers:          103896 kB
Cached:          1193896 kB
MemTotal:        1844596 kB
MemFree:          198144 kB
MemAvailable:    1479740 kB
Buffers:          103896 kB
Cached:          1193904 kB
MemTotal:        1844596 kB
MemFree:          197912 kB
MemAvailable:    1479508 kB
Buffers:          103896 kB
Cached:          1193904 kB
MemTotal:        1844596 kB
MemFree:          197964 kB
MemAvailable:    1479560 kB
Buffers:          103896 kB
Cached:          1193904 kB
MemTotal:        1844596 kB
MemFree:          197176 kB
MemAvailable:    1478772 kB
Buffers:          103896 kB
Cached:          1193904 kB
MemTotal:        1844596 kB
MemFree:          197772 kB
MemAvailable:    1479368 kB
Buffers:          103896 kB
Cached:          1193904 kB
MemTotal:        1844596 kB
MemFree:          198108 kB
MemAvailable:    1479704 kB
Buffers:          103896 kB
Cached:          1193904 kB
MemTotal:        1844596 kB
MemFree:          197780 kB
MemAvailable:    1479376 kB
Buffers:          103896 kB
Cached:          1193904 kB
MemTotal:        1844596 kB
MemFree:          197600 kB
MemAvailable:    1479196 kB
Buffers:          103896 kB
Cached:          1193904 kB
MemTotal:        1844596 kB
MemFree:          197600 kB
MemAvailable:    1479196 kB
Buffers:          103896 kB
Cached:          1193904 kB
MemTotal:        1844596 kB
MemFree:          197352 kB
MemAvailable:    1478948 kB
Buffers:          103896 kB
Cached:          1193904 kB
MemTotal:        1844596 kB
MemFree:          197688 kB
MemAvailable:    1479284 kB
Buffers:          103896 kB
Cached:          1193904 kB
MemTotal:        1844596 kB
MemFree:          196120 kB
MemAvailable:    1477716 kB
Buffers:          103896 kB
Cached:          1193904 kB
MemTotal:        1844596 kB
MemFree:          196492 kB
MemAvailable:    1478088 kB
Buffers:          103896 kB
Cached:          1193904 kB
MemTotal:        1844596 kB
MemFree:          196368 kB
MemAvailable:    1477964 kB
Buffers:          103896 kB
Cached:          1193904 kB
MemTotal:        1844596 kB
MemFree:          197760 kB
MemAvailable:    1479356 kB
Buffers:          103896 kB
Cached:          1193904 kB
MemTotal:        1844596 kB
MemFree:          196796 kB
MemAvailable:    1478392 kB
Buffers:          103896 kB
Cached:          1193904 kB
MemTotal:        1844596 kB
MemFree:          197472 kB
MemAvailable:    1479068 kB
Buffers:          103896 kB
Cached:          1193904 kB
MemTotal:        1844596 kB
MemFree:          197292 kB
MemAvailable:    1478888 kB
Buffers:          103896 kB
Cached:          1193904 kB
MemTotal:        1844596 kB
MemFree:          196244 kB
MemAvailable:    1477840 kB
Buffers:          103896 kB
Cached:          1193904 kB
MemTotal:        1844596 kB
MemFree:          197672 kB
MemAvailable:    1479268 kB
Buffers:          103896 kB
Cached:          1193904 kB
MemTotal:        1844596 kB
MemFree:          196280 kB
MemAvailable:    1477876 kB
Buffers:          103896 kB
Cached:          1193904 kB
MemTotal:        1844596 kB
MemFree:          197380 kB
MemAvailable:    1478976 kB
Buffers:          103896 kB
Cached:          1193904 kB
MemTotal:        1844596 kB
MemFree:          197716 kB
MemAvailable:    1479312 kB
Buffers:          103896 kB
Cached:          1193904 kB
MemTotal:        1844596 kB
MemFree:          197640 kB
MemAvailable:    1479236 kB
Buffers:          103896 kB
Cached:          1193904 kB
MemTotal:        1844596 kB
MemFree:          196788 kB
MemAvailable:    1478384 kB
Buffers:          103896 kB
Cached:          1193904 kB
MemTotal:        1844596 kB
MemFree:          197508 kB
MemAvailable:    1478996 kB
Buffers:          103896 kB
Cached:          1193904 kB
MemTotal:        1844596 kB
MemFree:          197484 kB
MemAvailable:    1479080 kB
Buffers:          103896 kB
Cached:          1193904 kB
MemTotal:        1844596 kB
MemFree:          196360 kB
MemAvailable:    1477956 kB
Buffers:          103896 kB
Cached:          1193904 kB
MemTotal:        1844596 kB
MemFree:          196236 kB
MemAvailable:    1477832 kB
Buffers:          103896 kB
Cached:          1193904 kB
MemTotal:        1844596 kB
MemFree:          197528 kB
MemAvailable:    1479124 kB
Buffers:          103896 kB
Cached:          1193904 kB
MemTotal:        1844596 kB
MemFree:          197168 kB
MemAvailable:    1478764 kB
Buffers:          103896 kB
Cached:          1193904 kB
MemTotal:        1844596 kB
MemFree:          197388 kB
MemAvailable:    1478984 kB
Buffers:          103896 kB
Cached:          1193904 kB
MemTotal:        1844596 kB
MemFree:          197724 kB
MemAvailable:    1479320 kB
Buffers:          103896 kB
Cached:          1193904 kB
MemTotal:        1844596 kB
MemFree:          197348 kB
MemAvailable:    1478944 kB
Buffers:          103896 kB
Cached:          1193904 kB
MemTotal:        1844596 kB
MemFree:          197600 kB
MemAvailable:    1479196 kB
Buffers:          103896 kB
Cached:          1193904 kB
MemTotal:        1844596 kB
MemFree:          197524 kB
MemAvailable:    1479120 kB
Buffers:          103896 kB
Cached:          1193904 kB
MemTotal:        1844596 kB
MemFree:          197524 kB
MemAvailable:    1479120 kB
Buffers:          103896 kB
Cached:          1193904 kB
MemTotal:        1844596 kB
MemFree:          196608 kB
MemAvailable:    1478204 kB
Buffers:          103896 kB
Cached:          1193904 kB
MemTotal:        1844596 kB
MemFree:          193756 kB
MemAvailable:    1475352 kB
Buffers:          103896 kB
Cached:          1193904 kB
MemTotal:        1844596 kB
MemFree:          190852 kB
MemAvailable:    1472448 kB
Buffers:          103896 kB
Cached:          1193904 kB
MemTotal:        1844596 kB
MemFree:          187728 kB
MemAvailable:    1469324 kB
Buffers:          103896 kB
Cached:          1193904 kB
MemTotal:        1844596 kB
MemFree:          187620 kB
MemAvailable:    1469216 kB
Buffers:          103896 kB
Cached:          1193904 kB
MemTotal:        1844596 kB
MemFree:          185884 kB
MemAvailable:    1467480 kB
Buffers:          103896 kB
Cached:          1193904 kB
MemTotal:        1844596 kB
MemFree:          187060 kB
MemAvailable:    1468656 kB
Buffers:          103896 kB
Cached:          1193904 kB
MemTotal:        1844596 kB
MemFree:          185892 kB
MemAvailable:    1467488 kB
Buffers:          103896 kB
Cached:          1193904 kB
MemTotal:        1844596 kB
MemFree:          186664 kB
MemAvailable:    1468264 kB
Buffers:          103896 kB
Cached:          1193908 kB
MemTotal:        1844596 kB
MemFree:          186372 kB
MemAvailable:    1467972 kB
Buffers:          103896 kB
Cached:          1193908 kB
MemTotal:        1844596 kB
MemFree:          186860 kB
MemAvailable:    1468464 kB
Buffers:          103896 kB
Cached:          1193912 kB
MemTotal:        1844596 kB
MemFree:          186944 kB
MemAvailable:    1468548 kB
Buffers:          103896 kB
Cached:          1193912 kB
MemTotal:        1844596 kB
MemFree:          185464 kB
MemAvailable:    1467068 kB
Buffers:          103896 kB
Cached:          1193912 kB
MemTotal:        1844596 kB
MemFree:          186704 kB
MemAvailable:    1468308 kB
Buffers:          103896 kB
Cached:          1193912 kB
MemTotal:        1844596 kB
MemFree:          186560 kB
MemAvailable:    1468164 kB
Buffers:          103896 kB
Cached:          1193912 kB
MemTotal:        1844596 kB
MemFree:          186448 kB
MemAvailable:    1468052 kB
Buffers:          103896 kB
Cached:          1193912 kB
MemTotal:        1844596 kB
MemFree:          186860 kB
MemAvailable:    1468464 kB
Buffers:          103896 kB
Cached:          1193912 kB
MemTotal:        1844596 kB
MemFree:          186860 kB
MemAvailable:    1468464 kB
Buffers:          103896 kB
Cached:          1193912 kB
MemTotal:        1844596 kB
MemFree:          186740 kB
MemAvailable:    1468344 kB
Buffers:          103896 kB
Cached:          1193912 kB
MemTotal:        1844596 kB
MemFree:          186752 kB
MemAvailable:    1468356 kB
Buffers:          103896 kB
Cached:          1193912 kB
MemTotal:        1844596 kB
MemFree:          185884 kB
MemAvailable:    1467488 kB
Buffers:          103896 kB
Cached:          1193912 kB
MemTotal:        1844596 kB
MemFree:          186868 kB
MemAvailable:    1468472 kB
Buffers:          103896 kB
Cached:          1193912 kB
MemTotal:        1844596 kB
MemFree:          187124 kB
MemAvailable:    1468728 kB
Buffers:          103896 kB
Cached:          1193912 kB
MemTotal:        1844596 kB
MemFree:          186804 kB
MemAvailable:    1468408 kB
Buffers:          103896 kB
Cached:          1193912 kB
MemTotal:        1844596 kB
MemFree:          185372 kB
MemAvailable:    1466976 kB
Buffers:          103896 kB
Cached:          1193912 kB
MemTotal:        1844596 kB
MemFree:          186732 kB
MemAvailable:    1468336 kB
Buffers:          103896 kB
Cached:          1193912 kB
MemTotal:        1844596 kB
MemFree:          186816 kB
MemAvailable:    1468420 kB
Buffers:          103896 kB
Cached:          1193912 kB
MemTotal:        1844596 kB
MemFree:          186580 kB
MemAvailable:    1468184 kB
Buffers:          103896 kB
Cached:          1193912 kB
MemTotal:        1844596 kB
MemFree:          186620 kB
MemAvailable:    1468224 kB
Buffers:          103896 kB
Cached:          1193912 kB
MemTotal:        1844596 kB
MemFree:          186956 kB
MemAvailable:    1468560 kB
Buffers:          103896 kB
Cached:          1193912 kB
MemTotal:        1844596 kB
MemFree:          186556 kB
MemAvailable:    1468160 kB
Buffers:          103896 kB
Cached:          1193912 kB
MemTotal:        1844596 kB
MemFree:          186764 kB
MemAvailable:    1468368 kB
Buffers:          103896 kB
Cached:          1193912 kB
MemTotal:        1844596 kB
MemFree:          186016 kB
MemAvailable:    1467620 kB
Buffers:          103896 kB
Cached:          1193912 kB
MemTotal:        1844596 kB
MemFree:          186620 kB
MemAvailable:    1468224 kB
Buffers:          103896 kB
Cached:          1193912 kB
MemTotal:        1844596 kB
MemFree:          186744 kB
MemAvailable:    1468348 kB
Buffers:          103896 kB
Cached:          1193912 kB
MemTotal:        1844596 kB
MemFree:          186640 kB
MemAvailable:    1468244 kB
Buffers:          103896 kB
Cached:          1193912 kB
MemTotal:        1844596 kB
MemFree:          186568 kB
MemAvailable:    1468172 kB
Buffers:          103896 kB
Cached:          1193912 kB
MemTotal:        1844596 kB
MemFree:          186820 kB
MemAvailable:    1468424 kB
Buffers:          103896 kB
Cached:          1193912 kB
MemTotal:        1844596 kB
MemFree:          186496 kB
MemAvailable:    1468100 kB
Buffers:          103896 kB
Cached:          1193912 kB
MemTotal:        1844596 kB
MemFree:          186736 kB
MemAvailable:    1468340 kB
Buffers:          103896 kB
Cached:          1193912 kB
MemTotal:        1844596 kB
MemFree:          186380 kB
MemAvailable:    1467984 kB
Buffers:          103896 kB
Cached:          1193912 kB
MemTotal:        1844596 kB
MemFree:          186564 kB
MemAvailable:    1468172 kB
Buffers:          103896 kB
Cached:          1193916 kB
MemTotal:        1844596 kB
MemFree:          185396 kB
MemAvailable:    1467004 kB
Buffers:          103896 kB
Cached:          1193916 kB
MemTotal:        1844596 kB
MemFree:          185480 kB
MemAvailable:    1467088 kB
Buffers:          103896 kB
Cached:          1193916 kB
MemTotal:        1844596 kB
MemFree:          185604 kB
MemAvailable:    1467212 kB
Buffers:          103896 kB
Cached:          1193916 kB
MemTotal:        1844596 kB
MemFree:          186656 kB
MemAvailable:    1468264 kB
Buffers:          103896 kB
Cached:          1193916 kB
MemTotal:        1844596 kB
MemFree:          185348 kB
MemAvailable:    1466956 kB
Buffers:          103896 kB
Cached:          1193916 kB
MemTotal:        1844596 kB
MemFree:          186760 kB
MemAvailable:    1468368 kB
Buffers:          103896 kB
Cached:          1193916 kB
MemTotal:        1844596 kB
MemFree:          186884 kB
MemAvailable:    1468492 kB
Buffers:          103896 kB
Cached:          1193916 kB
MemTotal:        1844596 kB
MemFree:          186620 kB
MemAvailable:    1468228 kB
Buffers:          103896 kB
Cached:          1193916 kB
MemTotal:        1844596 kB
MemFree:          186704 kB
MemAvailable:    1468312 kB
Buffers:          103896 kB
Cached:          1193916 kB
MemTotal:        1844596 kB
MemFree:          185384 kB
MemAvailable:    1466992 kB
Buffers:          103896 kB
Cached:          1193916 kB
MemTotal:        1844596 kB
MemFree:          186492 kB
MemAvailable:    1468100 kB
Buffers:          103896 kB
Cached:          1193916 kB
MemTotal:        1844596 kB
MemFree:          185396 kB
MemAvailable:    1467004 kB
Buffers:          103896 kB
Cached:          1193916 kB
MemTotal:        1844596 kB
MemFree:          186124 kB
MemAvailable:    1467732 kB
Buffers:          103896 kB
Cached:          1193916 kB
MemTotal:        1844596 kB
MemFree:          185644 kB
MemAvailable:    1467252 kB
Buffers:          103896 kB
Cached:          1193916 kB
MemTotal:        1844596 kB
MemFree:          185804 kB
MemAvailable:    1467412 kB
Buffers:          103896 kB
Cached:          1193916 kB
MemTotal:        1844596 kB
MemFree:          185680 kB
MemAvailable:    1467288 kB
Buffers:          103896 kB
Cached:          1193916 kB
MemTotal:        1844596 kB
MemFree:          184652 kB
MemAvailable:    1466260 kB
Buffers:          103896 kB
Cached:          1193916 kB
MemTotal:        1844596 kB
MemFree:          185368 kB
MemAvailable:    1466976 kB
Buffers:          103896 kB
Cached:          1193916 kB
MemTotal:        1844596 kB
MemFree:          185368 kB
MemAvailable:    1466976 kB
Buffers:          103896 kB
Cached:          1193916 kB
MemTotal:        1844596 kB
MemFree:          184156 kB
MemAvailable:    1465764 kB
Buffers:          103896 kB
Cached:          1193916 kB
MemTotal:        1844596 kB
MemFree:          185388 kB
MemAvailable:    1466996 kB
Buffers:          103896 kB
Cached:          1193916 kB
MemTotal:        1844596 kB
MemFree:          185640 kB
MemAvailable:    1467248 kB
Buffers:          103896 kB
Cached:          1193916 kB
MemTotal:        1844596 kB
MemFree:          184108 kB
MemAvailable:    1465716 kB
Buffers:          103896 kB
Cached:          1193916 kB
MemTotal:        1844596 kB
MemFree:          185216 kB
MemAvailable:    1466824 kB
Buffers:          103896 kB
Cached:          1193916 kB
MemTotal:        1844596 kB
MemFree:          185468 kB
MemAvailable:    1467076 kB
Buffers:          103896 kB
Cached:          1193916 kB
MemTotal:        1844596 kB
MemFree:          185092 kB
MemAvailable:    1466700 kB
Buffers:          103896 kB
Cached:          1193916 kB
MemTotal:        1844596 kB
MemFree:          184536 kB
MemAvailable:    1466144 kB
Buffers:          103896 kB
Cached:          1193916 kB
MemTotal:        1844596 kB
MemFree:          183736 kB
MemAvailable:    1465344 kB
Buffers:          103896 kB
Cached:          1193916 kB
MemTotal:        1844596 kB
MemFree:          185008 kB
MemAvailable:    1466616 kB
Buffers:          103896 kB
Cached:          1193916 kB
MemTotal:        1844596 kB
MemFree:          185024 kB
MemAvailable:    1466632 kB
Buffers:          103896 kB
Cached:          1193916 kB
MemTotal:        1844596 kB
MemFree:          184968 kB
MemAvailable:    1466576 kB
Buffers:          103896 kB
Cached:          1193916 kB
MemTotal:        1844596 kB
MemFree:          183720 kB
MemAvailable:    1465328 kB
Buffers:          103896 kB
Cached:          1193916 kB
MemTotal:        1844596 kB
MemFree:          183976 kB
MemAvailable:    1465584 kB
Buffers:          103896 kB
Cached:          1193916 kB
MemTotal:        1844596 kB
MemFree:          183852 kB
MemAvailable:    1465460 kB
Buffers:          103896 kB
Cached:          1193916 kB
MemTotal:        1844596 kB
MemFree:          184768 kB
MemAvailable:    1466376 kB
Buffers:          103896 kB
Cached:          1193916 kB
MemTotal:        1844596 kB
MemFree:          184852 kB
MemAvailable:    1466464 kB
Buffers:          103896 kB
Cached:          1193920 kB
MemTotal:        1844596 kB
MemFree:          183736 kB
MemAvailable:    1465348 kB
Buffers:          103896 kB
Cached:          1193920 kB
MemTotal:        1844596 kB
MemFree:          183736 kB
MemAvailable:    1465348 kB
Buffers:          103896 kB
Cached:          1193920 kB
MemTotal:        1844596 kB
MemFree:          183776 kB
MemAvailable:    1465388 kB
Buffers:          103896 kB
Cached:          1193920 kB
MemTotal:        1844596 kB
MemFree:          182916 kB
MemAvailable:    1464528 kB
Buffers:          103896 kB
Cached:          1193920 kB
MemTotal:        1844596 kB
MemFree:          179940 kB
MemAvailable:    1461552 kB
Buffers:          103896 kB
Cached:          1193920 kB
MemTotal:        1844596 kB
MemFree:          175352 kB
MemAvailable:    1456964 kB
Buffers:          103896 kB
Cached:          1193920 kB
MemTotal:        1844596 kB
MemFree:          174244 kB
MemAvailable:    1455856 kB
Buffers:          103896 kB
Cached:          1193920 kB
MemTotal:        1844596 kB
MemFree:          174296 kB
MemAvailable:    1455908 kB
Buffers:          103896 kB
Cached:          1193920 kB
MemTotal:        1844596 kB
MemFree:          173800 kB
MemAvailable:    1455412 kB
Buffers:          103896 kB
Cached:          1193920 kB
MemTotal:        1844596 kB
MemFree:          172500 kB
MemAvailable:    1454112 kB
Buffers:          103896 kB
Cached:          1193920 kB
MemTotal:        1844596 kB
MemFree:          173348 kB
MemAvailable:    1454960 kB
Buffers:          103896 kB
Cached:          1193920 kB
MemTotal:        1844596 kB
MemFree:          173252 kB
MemAvailable:    1454864 kB
Buffers:          103896 kB
Cached:          1193920 kB
MemTotal:        1844596 kB
MemFree:          173236 kB
MemAvailable:    1454848 kB
Buffers:          103896 kB
Cached:          1193920 kB
MemTotal:        1844596 kB
MemFree:          172932 kB
MemAvailable:    1454544 kB
Buffers:          103896 kB
Cached:          1193920 kB
MemTotal:        1844596 kB
MemFree:          171756 kB
MemAvailable:    1453368 kB
Buffers:          103896 kB
Cached:          1193920 kB
MemTotal:        1844596 kB
MemFree:          172004 kB
MemAvailable:    1453620 kB
Buffers:          103896 kB
Cached:          1193924 kB
MemTotal:        1844596 kB
MemFree:          170392 kB
MemAvailable:    1452008 kB
Buffers:          103896 kB
Cached:          1193924 kB
MemTotal:        1844596 kB
MemFree:          170252 kB
MemAvailable:    1451868 kB
Buffers:          103896 kB
Cached:          1193924 kB
MemTotal:        1844596 kB
MemFree:          170252 kB
MemAvailable:    1451868 kB
Buffers:          103896 kB
Cached:          1193924 kB
MemTotal:        1844596 kB
MemFree:          170128 kB
MemAvailable:    1451744 kB
Buffers:          103896 kB
Cached:          1193924 kB
MemTotal:        1844596 kB
MemFree:          169996 kB
MemAvailable:    1451612 kB
Buffers:          103896 kB
Cached:          1193924 kB
MemTotal:        1844596 kB
MemFree:          169860 kB
MemAvailable:    1451476 kB
Buffers:          103896 kB
Cached:          1193924 kB
MemTotal:        1844596 kB
MemFree:          169532 kB
MemAvailable:    1451148 kB
Buffers:          103896 kB
Cached:          1193924 kB
MemTotal:        1844596 kB
MemFree:          168524 kB
MemAvailable:    1450140 kB
Buffers:          103896 kB
Cached:          1193924 kB
MemTotal:        1844596 kB
MemFree:          169908 kB
MemAvailable:    1451524 kB
Buffers:          103896 kB
Cached:          1193924 kB
MemTotal:        1844596 kB
MemFree:          169160 kB
MemAvailable:    1450776 kB
Buffers:          103896 kB
Cached:          1193924 kB
MemTotal:        1844596 kB
MemFree:          168904 kB
MemAvailable:    1450520 kB
Buffers:          103896 kB
Cached:          1193924 kB
MemTotal:        1844596 kB
MemFree:          170260 kB
MemAvailable:    1451876 kB
Buffers:          103896 kB
Cached:          1193924 kB
MemTotal:        1844596 kB
MemFree:          168764 kB
MemAvailable:    1450380 kB
Buffers:          103896 kB
Cached:          1193924 kB
MemTotal:        1844596 kB
MemFree:          169880 kB
MemAvailable:    1451496 kB
Buffers:          103896 kB
Cached:          1193924 kB
MemTotal:        1844596 kB
MemFree:          168640 kB
MemAvailable:    1450256 kB
Buffers:          103896 kB
Cached:          1193924 kB
MemTotal:        1844596 kB
MemFree:          169508 kB
MemAvailable:    1451124 kB
Buffers:          103896 kB
Cached:          1193924 kB
MemTotal:        1844596 kB
MemFree:          169592 kB
MemAvailable:    1451208 kB
Buffers:          103896 kB
Cached:          1193924 kB
MemTotal:        1844596 kB
MemFree:          169104 kB
MemAvailable:    1450720 kB
Buffers:          103896 kB
Cached:          1193924 kB
MemTotal:        1844596 kB
MemFree:          168912 kB
MemAvailable:    1450528 kB
Buffers:          103896 kB
Cached:          1193924 kB
MemTotal:        1844596 kB
MemFree:          168212 kB
MemAvailable:    1449828 kB
Buffers:          103896 kB
Cached:          1193924 kB
MemTotal:        1844596 kB
MemFree:          168028 kB
MemAvailable:    1449648 kB
Buffers:          103896 kB
Cached:          1193928 kB
MemTotal:        1844596 kB
MemFree:          168284 kB
MemAvailable:    1449904 kB
Buffers:          103896 kB
Cached:          1193928 kB
MemTotal:        1844596 kB
MemFree:          166664 kB
MemAvailable:    1448284 kB
Buffers:          103896 kB
Cached:          1193928 kB
MemTotal:        1844596 kB
MemFree:          166168 kB
MemAvailable:    1447788 kB
Buffers:          103896 kB
Cached:          1193928 kB
MemTotal:        1844596 kB
MemFree:          167220 kB
MemAvailable:    1448840 kB
Buffers:          103896 kB
Cached:          1193928 kB
MemTotal:        1844596 kB
MemFree:          165044 kB
MemAvailable:    1446664 kB
Buffers:          103896 kB
Cached:          1193928 kB
MemTotal:        1844596 kB
MemFree:          166424 kB
MemAvailable:    1448044 kB
Buffers:          103896 kB
Cached:          1193928 kB
MemTotal:        1844596 kB
MemFree:          165184 kB
MemAvailable:    1446804 kB
Buffers:          103896 kB
Cached:          1193928 kB
MemTotal:        1844596 kB
MemFree:          165864 kB
MemAvailable:    1447484 kB
Buffers:          103896 kB
Cached:          1193928 kB
MemTotal:        1844596 kB
MemFree:          164696 kB
MemAvailable:    1446316 kB
Buffers:          103896 kB
Cached:          1193928 kB
MemTotal:        1844596 kB
MemFree:          165540 kB
MemAvailable:    1447160 kB
Buffers:          103896 kB
Cached:          1193928 kB
MemTotal:        1844596 kB
MemFree:          165876 kB
MemAvailable:    1447496 kB
Buffers:          103896 kB
Cached:          1193928 kB
MemTotal:        1844596 kB
MemFree:          164564 kB
MemAvailable:    1446184 kB
Buffers:          103896 kB
Cached:          1193928 kB
MemTotal:        1844596 kB
MemFree:          165756 kB
MemAvailable:    1447376 kB
Buffers:          103896 kB
Cached:          1193928 kB
MemTotal:        1844596 kB
MemFree:          164552 kB
MemAvailable:    1446172 kB
Buffers:          103896 kB
Cached:          1193928 kB
MemTotal:        1844596 kB
MemFree:          165872 kB
MemAvailable:    1447492 kB
Buffers:          103896 kB
Cached:          1193928 kB
MemTotal:        1844596 kB
MemFree:          164688 kB
MemAvailable:    1446308 kB
Buffers:          103896 kB
Cached:          1193928 kB
MemTotal:        1844596 kB
MemFree:          165752 kB
MemAvailable:    1447372 kB
Buffers:          103896 kB
Cached:          1193928 kB
MemTotal:        1844596 kB
MemFree:          165724 kB
MemAvailable:    1447344 kB
Buffers:          103896 kB
Cached:          1193928 kB
MemTotal:        1844596 kB
MemFree:          164820 kB
MemAvailable:    1446440 kB
Buffers:          103896 kB
Cached:          1193928 kB
MemTotal:        1844596 kB
MemFree:          165500 kB
MemAvailable:    1447120 kB
Buffers:          103896 kB
Cached:          1193928 kB
MemTotal:        1844596 kB
MemFree:          165500 kB
MemAvailable:    1447120 kB
Buffers:          103896 kB
Cached:          1193928 kB
MemTotal:        1844596 kB
MemFree:          165500 kB
MemAvailable:    1447120 kB
Buffers:          103896 kB
Cached:          1193928 kB
MemTotal:        1844596 kB
MemFree:          165556 kB
MemAvailable:    1447176 kB
Buffers:          103896 kB
Cached:          1193928 kB
MemTotal:        1844596 kB
MemFree:          164812 kB
MemAvailable:    1446432 kB
Buffers:          103896 kB
Cached:          1193928 kB
MemTotal:        1844596 kB
MemFree:          165488 kB
MemAvailable:    1447108 kB
Buffers:          103896 kB
Cached:          1193928 kB
MemTotal:        1844596 kB
MemFree:          165740 kB
MemAvailable:    1447360 kB
Buffers:          103896 kB
Cached:          1193928 kB
MemTotal:        1844596 kB
MemFree:          165416 kB
MemAvailable:    1447036 kB
Buffers:          103896 kB
Cached:          1193928 kB
MemTotal:        1844596 kB
MemFree:          165664 kB
MemAvailable:    1447284 kB
Buffers:          103896 kB
Cached:          1193928 kB
MemTotal:        1844596 kB
MemFree:          165416 kB
MemAvailable:    1447036 kB
Buffers:          103896 kB
Cached:          1193928 kB
MemTotal:        1844596 kB
MemFree:          164420 kB
MemAvailable:    1446040 kB
Buffers:          103896 kB
Cached:          1193928 kB
MemTotal:        1844596 kB
MemFree:          164248 kB
MemAvailable:    1445868 kB
Buffers:          103896 kB
Cached:          1193928 kB
MemTotal:        1844596 kB
MemFree:          164532 kB
MemAvailable:    1446152 kB
Buffers:          103896 kB
Cached:          1193928 kB
MemTotal:        1844596 kB
MemFree:          164284 kB
MemAvailable:    1445904 kB
Buffers:          103896 kB
Cached:          1193928 kB
MemTotal:        1844596 kB
MemFree:          165524 kB
MemAvailable:    1447144 kB
Buffers:          103896 kB
Cached:          1193928 kB
MemTotal:        1844596 kB
MemFree:          164688 kB
MemAvailable:    1446308 kB
Buffers:          103896 kB
Cached:          1193928 kB
MemTotal:        1844596 kB
MemFree:          164368 kB
MemAvailable:    1445988 kB
Buffers:          103896 kB
Cached:          1193928 kB
MemTotal:        1844596 kB
MemFree:          162936 kB
MemAvailable:    1444556 kB
Buffers:          103896 kB
Cached:          1193928 kB
MemTotal:        1844596 kB
MemFree:          163192 kB
MemAvailable:    1444812 kB
Buffers:          103896 kB
Cached:          1193928 kB
MemTotal:        1844596 kB
MemFree:          164068 kB
MemAvailable:    1445688 kB
Buffers:          103896 kB
Cached:          1193928 kB
MemTotal:        1844596 kB
MemFree:          160588 kB
MemAvailable:    1442208 kB
Buffers:          103896 kB
Cached:          1193928 kB
MemTotal:        1844596 kB
MemFree:          160588 kB
MemAvailable:    1442208 kB
Buffers:          103896 kB
Cached:          1193928 kB
MemTotal:        1844596 kB
MemFree:          156132 kB
MemAvailable:    1437752 kB
Buffers:          103896 kB
Cached:          1193928 kB
MemTotal:        1844596 kB
MemFree:          152644 kB
MemAvailable:    1434264 kB
Buffers:          103896 kB
Cached:          1193928 kB
MemTotal:        1844596 kB
MemFree:          152236 kB
MemAvailable:    1433856 kB
Buffers:          103896 kB
Cached:          1193928 kB
MemTotal:        1844596 kB
MemFree:          148940 kB
MemAvailable:    1430564 kB
Buffers:          103896 kB
Cached:          1193932 kB
MemTotal:        1844596 kB
MemFree:          147264 kB
MemAvailable:    1428888 kB
Buffers:          103896 kB
Cached:          1193932 kB
MemTotal:        1844596 kB
MemFree:          146940 kB
MemAvailable:    1428564 kB
Buffers:          103896 kB
Cached:          1193932 kB
MemTotal:        1844596 kB
MemFree:          147024 kB
MemAvailable:    1428648 kB
Buffers:          103896 kB
Cached:          1193932 kB
MemTotal:        1844596 kB
MemFree:          146948 kB
MemAvailable:    1428572 kB
Buffers:          103896 kB
Cached:          1193932 kB
MemTotal:        1844596 kB
MemFree:          146892 kB
MemAvailable:    1428516 kB
Buffers:          103896 kB
Cached:          1193932 kB
MemTotal:        1844596 kB
MemFree:          146956 kB
MemAvailable:    1428580 kB
Buffers:          103896 kB
Cached:          1193932 kB
MemTotal:        1844596 kB
MemFree:          146680 kB
MemAvailable:    1428304 kB
Buffers:          103896 kB
Cached:          1193932 kB
MemTotal:        1844596 kB
MemFree:          147016 kB
MemAvailable:    1428640 kB
Buffers:          103896 kB
Cached:          1193932 kB
MemTotal:        1844596 kB
MemFree:          146800 kB
MemAvailable:    1428424 kB
Buffers:          103896 kB
Cached:          1193932 kB
MemTotal:        1844596 kB
MemFree:          146692 kB
MemAvailable:    1428316 kB
Buffers:          103896 kB
Cached:          1193932 kB
MemTotal:        1844596 kB
MemFree:          145404 kB
MemAvailable:    1427028 kB
Buffers:          103896 kB
Cached:          1193932 kB
MemTotal:        1844596 kB
MemFree:          147068 kB
MemAvailable:    1428692 kB
Buffers:          103896 kB
Cached:          1193932 kB
MemTotal:        1844596 kB
MemFree:          146088 kB
MemAvailable:    1427712 kB
Buffers:          103896 kB
Cached:          1193932 kB
MemTotal:        1844596 kB
MemFree:          146072 kB
MemAvailable:    1427696 kB
Buffers:          103896 kB
Cached:          1193932 kB
MemTotal:        1844596 kB
MemFree:          146324 kB
MemAvailable:    1427948 kB
Buffers:          103896 kB
Cached:          1193932 kB
MemTotal:        1844596 kB
MemFree:          146008 kB
MemAvailable:    1427632 kB
Buffers:          103896 kB
Cached:          1193932 kB
MemTotal:        1844596 kB
MemFree:          144792 kB
MemAvailable:    1426416 kB
Buffers:          103896 kB
Cached:          1193932 kB
MemTotal:        1844596 kB
MemFree:          144704 kB
MemAvailable:    1426328 kB
Buffers:          103896 kB
Cached:          1193932 kB
MemTotal:        1844596 kB
MemFree:          146068 kB
MemAvailable:    1427692 kB
Buffers:          103896 kB
Cached:          1193932 kB
MemTotal:        1844596 kB
MemFree:          144656 kB
MemAvailable:    1426280 kB
Buffers:          103896 kB
Cached:          1193932 kB
MemTotal:        1844596 kB
MemFree:          145952 kB
MemAvailable:    1427576 kB
Buffers:          103896 kB
Cached:          1193932 kB
MemTotal:        1844596 kB
MemFree:          145096 kB
MemAvailable:    1426720 kB
Buffers:          103896 kB
Cached:          1193932 kB
MemTotal:        1844596 kB
MemFree:          146212 kB
MemAvailable:    1427840 kB
Buffers:          103896 kB
Cached:          1193936 kB
MemTotal:        1844596 kB
MemFree:          144972 kB
MemAvailable:    1426600 kB
Buffers:          103896 kB
Cached:          1193936 kB
MemTotal:        1844596 kB
MemFree:          146024 kB
MemAvailable:    1427652 kB
Buffers:          103896 kB
Cached:          1193936 kB
MemTotal:        1844596 kB
MemFree:          144980 kB
MemAvailable:    1426608 kB
Buffers:          103896 kB
Cached:          1193936 kB
MemTotal:        1844596 kB
MemFree:          145832 kB
MemAvailable:    1427460 kB
Buffers:          103896 kB
Cached:          1193936 kB
MemTotal:        1844596 kB
MemFree:          146088 kB
MemAvailable:    1427716 kB
Buffers:          103896 kB
Cached:          1193936 kB
MemTotal:        1844596 kB
MemFree:          144676 kB
MemAvailable:    1426304 kB
Buffers:          103896 kB
Cached:          1193936 kB
MemTotal:        1844596 kB
MemFree:          144848 kB
MemAvailable:    1426476 kB
Buffers:          103896 kB
Cached:          1193936 kB
MemTotal:        1844596 kB
MemFree:          145824 kB
MemAvailable:    1427452 kB
Buffers:          103896 kB
Cached:          1193936 kB
MemTotal:        1844596 kB
MemFree:          145536 kB
MemAvailable:    1427164 kB
Buffers:          103896 kB
Cached:          1193936 kB
MemTotal:        1844596 kB
MemFree:          145892 kB
MemAvailable:    1427520 kB
Buffers:          103896 kB
Cached:          1193936 kB
MemTotal:        1844596 kB
MemFree:          145964 kB
MemAvailable:    1427592 kB
Buffers:          103896 kB
Cached:          1193936 kB
MemTotal:        1844596 kB
MemFree:          145220 kB
MemAvailable:    1426848 kB
Buffers:          103896 kB
Cached:          1193936 kB
MemTotal:        1844596 kB
MemFree:          143104 kB
MemAvailable:    1424732 kB
Buffers:          103896 kB
Cached:          1193936 kB
MemTotal:        1844596 kB
MemFree:          141252 kB
MemAvailable:    1422880 kB
Buffers:          103896 kB
Cached:          1193936 kB
MemTotal:        1844596 kB
MemFree:          137600 kB
MemAvailable:    1419228 kB
Buffers:          103896 kB
Cached:          1193936 kB
MemTotal:        1844596 kB
MemFree:          137600 kB
MemAvailable:    1419228 kB
Buffers:          103896 kB
Cached:          1193936 kB
MemTotal:        1844596 kB
MemFree:          133120 kB
MemAvailable:    1414748 kB
Buffers:          103896 kB
Cached:          1193936 kB
MemTotal:        1844596 kB
MemFree:          130340 kB
MemAvailable:    1411968 kB
Buffers:          103896 kB
Cached:          1193936 kB
MemTotal:        1844596 kB
MemFree:          128968 kB
MemAvailable:    1410596 kB
Buffers:          103896 kB
Cached:          1193936 kB
MemTotal:        1844596 kB
MemFree:          127720 kB
MemAvailable:    1409348 kB
Buffers:          103896 kB
Cached:          1193936 kB
MemTotal:        1844596 kB
MemFree:          127116 kB
MemAvailable:    1408744 kB
Buffers:          103896 kB
Cached:          1193936 kB
MemTotal:        1844596 kB
MemFree:          126316 kB
MemAvailable:    1407944 kB
Buffers:          103896 kB
Cached:          1193936 kB
MemTotal:        1844596 kB
MemFree:          127680 kB
MemAvailable:    1409308 kB
Buffers:          103896 kB
Cached:          1193936 kB
MemTotal:        1844596 kB
MemFree:          127536 kB
MemAvailable:    1409164 kB
Buffers:          103896 kB
Cached:          1193936 kB
MemTotal:        1844596 kB
MemFree:          127872 kB
MemAvailable:    1409500 kB
Buffers:          103896 kB
Cached:          1193936 kB
MemTotal:        1844596 kB
MemFree:          126304 kB
MemAvailable:    1407932 kB
Buffers:          103896 kB
Cached:          1193936 kB
MemTotal:        1844596 kB
MemFree:          127856 kB
MemAvailable:    1409484 kB
Buffers:          103896 kB
Cached:          1193936 kB
MemTotal:        1844596 kB
MemFree:          128024 kB
MemAvailable:    1409652 kB
Buffers:          103896 kB
Cached:          1193936 kB
MemTotal:        1844596 kB
MemFree:          127580 kB
MemAvailable:    1409208 kB
Buffers:          103896 kB
Cached:          1193936 kB
MemTotal:        1844596 kB
MemFree:          127524 kB
MemAvailable:    1409152 kB
Buffers:          103896 kB
Cached:          1193936 kB
MemTotal:        1844596 kB
MemFree:          127860 kB
MemAvailable:    1409488 kB
Buffers:          103896 kB
Cached:          1193936 kB
MemTotal:        1844596 kB
MemFree:          126316 kB
MemAvailable:    1407944 kB
Buffers:          103896 kB
Cached:          1193936 kB
MemTotal:        1844596 kB
MemFree:          126316 kB
MemAvailable:    1407944 kB
Buffers:          103896 kB
Cached:          1193936 kB
MemTotal:        1844596 kB
MemFree:          126556 kB
MemAvailable:    1408184 kB
Buffers:          103896 kB
Cached:          1193936 kB
MemTotal:        1844596 kB
MemFree:          126564 kB
MemAvailable:    1408192 kB
Buffers:          103896 kB
Cached:          1193936 kB
MemTotal:        1844596 kB
MemFree:          127800 kB
MemAvailable:    1409428 kB
Buffers:          103896 kB
Cached:          1193936 kB
MemTotal:        1844596 kB
MemFree:          126868 kB
MemAvailable:    1408496 kB
Buffers:          103896 kB
Cached:          1193936 kB
MemTotal:        1844596 kB
MemFree:          127852 kB
MemAvailable:    1409484 kB
Buffers:          103896 kB
Cached:          1193940 kB
MemTotal:        1844596 kB
MemFree:          127936 kB
MemAvailable:    1409568 kB
Buffers:          103896 kB
Cached:          1193940 kB
MemTotal:        1844596 kB
MemFree:          127540 kB
MemAvailable:    1409172 kB
Buffers:          103896 kB
Cached:          1193940 kB
MemTotal:        1844596 kB
MemFree:          126364 kB
MemAvailable:    1407996 kB
Buffers:          103896 kB
Cached:          1193940 kB
MemTotal:        1844596 kB
MemFree:          126488 kB
MemAvailable:    1408120 kB
Buffers:          103896 kB
Cached:          1193940 kB
MemTotal:        1844596 kB
MemFree:          127736 kB
MemAvailable:    1409368 kB
Buffers:          103896 kB
Cached:          1193940 kB
MemTotal:        1844596 kB
MemFree:          127460 kB
MemAvailable:    1409092 kB
Buffers:          103896 kB
Cached:          1193940 kB
MemTotal:        1844596 kB
MemFree:          127796 kB
MemAvailable:    1409428 kB
Buffers:          103896 kB
Cached:          1193940 kB
MemTotal:        1844596 kB
MemFree:          127612 kB
MemAvailable:    1409244 kB
Buffers:          103896 kB
Cached:          1193940 kB
MemTotal:        1844596 kB
MemFree:          127796 kB
MemAvailable:    1409428 kB
Buffers:          103896 kB
Cached:          1193940 kB
MemTotal:        1844596 kB
MemFree:          126868 kB
MemAvailable:    1408500 kB
Buffers:          103896 kB
Cached:          1193940 kB
MemTotal:        1844596 kB
MemFree:          127472 kB
MemAvailable:    1409108 kB
Buffers:          103896 kB
Cached:          1193944 kB
MemTotal:        1844596 kB
MemFree:          127808 kB
MemAvailable:    1409444 kB
Buffers:          103896 kB
Cached:          1193944 kB
MemTotal:        1844596 kB
MemFree:          126496 kB
MemAvailable:    1408132 kB
Buffers:          103896 kB
Cached:          1193944 kB
MemTotal:        1844596 kB
MemFree:          126480 kB
MemAvailable:    1408116 kB
Buffers:          103896 kB
Cached:          1193944 kB
MemTotal:        1844596 kB
MemFree:          126320 kB
MemAvailable:    1407956 kB
Buffers:          103896 kB
Cached:          1193944 kB
MemTotal:        1844596 kB
MemFree:          127672 kB
MemAvailable:    1409308 kB
Buffers:          103896 kB
Cached:          1193944 kB
MemTotal:        1844596 kB
MemFree:          127364 kB
MemAvailable:    1409000 kB
Buffers:          103896 kB
Cached:          1193944 kB
MemTotal:        1844596 kB
MemFree:          121768 kB
MemAvailable:    1403404 kB
Buffers:          103896 kB
Cached:          1193944 kB
MemTotal:        1844596 kB
MemFree:          120544 kB
MemAvailable:    1402180 kB
Buffers:          103896 kB
Cached:          1193944 kB
MemTotal:        1844596 kB
MemFree:          115212 kB
MemAvailable:    1396848 kB
Buffers:          103896 kB
Cached:          1193944 kB
MemTotal:        1844596 kB
MemFree:          111916 kB
MemAvailable:    1393552 kB
Buffers:          103896 kB
Cached:          1193944 kB
MemTotal:        1844596 kB
MemFree:          109260 kB
MemAvailable:    1390896 kB
Buffers:          103896 kB
Cached:          1193944 kB
MemTotal:        1844596 kB
MemFree:          110368 kB
MemAvailable:    1392004 kB
Buffers:          103896 kB
Cached:          1193944 kB
MemTotal:        1844596 kB
MemFree:          109748 kB
MemAvailable:    1391384 kB
Buffers:          103896 kB
Cached:          1193944 kB
MemTotal:        1844596 kB
MemFree:          109616 kB
MemAvailable:    1391252 kB
Buffers:          103896 kB
Cached:          1193944 kB
MemTotal:        1844596 kB
MemFree:          109508 kB
MemAvailable:    1391144 kB
Buffers:          103896 kB
Cached:          1193944 kB
MemTotal:        1844596 kB
MemFree:          109312 kB
MemAvailable:    1390948 kB
Buffers:          103896 kB
Cached:          1193944 kB
MemTotal:        1844596 kB
MemFree:          109012 kB
MemAvailable:    1390648 kB
Buffers:          103896 kB
Cached:          1193944 kB
MemTotal:        1844596 kB
MemFree:          107964 kB
MemAvailable:    1389600 kB
Buffers:          103896 kB
Cached:          1193944 kB
MemTotal:        1844596 kB
MemFree:          108088 kB
MemAvailable:    1389724 kB
Buffers:          103896 kB
Cached:          1193944 kB
MemTotal:        1844596 kB
MemFree:          108080 kB
MemAvailable:    1389716 kB
Buffers:          103896 kB
Cached:          1193944 kB
MemTotal:        1844596 kB
MemFree:          107772 kB
MemAvailable:    1389408 kB
Buffers:          103896 kB
Cached:          1193944 kB
MemTotal:        1844596 kB
MemFree:          108948 kB
MemAvailable:    1390584 kB
Buffers:          103896 kB
Cached:          1193944 kB
MemTotal:        1844596 kB
MemFree:          108152 kB
MemAvailable:    1389788 kB
Buffers:          103896 kB
Cached:          1193944 kB
MemTotal:        1844596 kB
MemFree:          108624 kB
MemAvailable:    1390260 kB
Buffers:          103896 kB
Cached:          1193944 kB
MemTotal:        1844596 kB
MemFree:          108960 kB
MemAvailable:    1390596 kB
Buffers:          103896 kB
Cached:          1193944 kB
MemTotal:        1844596 kB
MemFree:          108344 kB
MemAvailable:    1389980 kB
Buffers:          103896 kB
Cached:          1193944 kB
MemTotal:        1844596 kB
MemFree:          107756 kB
MemAvailable:    1389392 kB
Buffers:          103896 kB
Cached:          1193944 kB
MemTotal:        1844596 kB
MemFree:          107840 kB
MemAvailable:    1389476 kB
Buffers:          103896 kB
Cached:          1193944 kB
MemTotal:        1844596 kB
MemFree:          106152 kB
MemAvailable:    1387788 kB
Buffers:          103896 kB
Cached:          1193944 kB
MemTotal:        1844596 kB
MemFree:          105664 kB
MemAvailable:    1387300 kB
Buffers:          103896 kB
Cached:          1193944 kB
MemTotal:        1844596 kB
MemFree:          106648 kB
MemAvailable:    1388284 kB
Buffers:          103896 kB
Cached:          1193944 kB
MemTotal:        1844596 kB
MemFree:          105656 kB
MemAvailable:    1387292 kB
Buffers:          103896 kB
Cached:          1193944 kB
MemTotal:        1844596 kB
MemFree:          105424 kB
MemAvailable:    1387060 kB
Buffers:          103896 kB
Cached:          1193944 kB
MemTotal:        1844596 kB
MemFree:          104672 kB
MemAvailable:    1386312 kB
Buffers:          103896 kB
Cached:          1193948 kB
MemTotal:        1844596 kB
MemFree:          103640 kB
MemAvailable:    1385280 kB
Buffers:          103896 kB
Cached:          1193948 kB
MemTotal:        1844596 kB
MemFree:          102192 kB
MemAvailable:    1383832 kB
Buffers:          103896 kB
Cached:          1193948 kB
MemTotal:        1844596 kB
MemFree:          103360 kB
MemAvailable:    1385000 kB
Buffers:          103896 kB
Cached:          1193948 kB
MemTotal:        1844596 kB
MemFree:          102324 kB
MemAvailable:    1383964 kB
Buffers:          103896 kB
Cached:          1193948 kB
MemTotal:        1844596 kB
MemFree:          103176 kB
MemAvailable:    1384816 kB
Buffers:          103896 kB
Cached:          1193948 kB
MemTotal:        1844596 kB
MemFree:          103176 kB
MemAvailable:    1384816 kB
Buffers:          103896 kB
Cached:          1193948 kB
MemTotal:        1844596 kB
MemFree:          103168 kB
MemAvailable:    1384808 kB
Buffers:          103896 kB
Cached:          1193948 kB
MemTotal:        1844596 kB
MemFree:          103308 kB
MemAvailable:    1384948 kB
Buffers:          103896 kB
Cached:          1193948 kB
MemTotal:        1844596 kB
MemFree:          103032 kB
MemAvailable:    1384672 kB
Buffers:          103896 kB
Cached:          1193948 kB
MemTotal:        1844596 kB
MemFree:          103284 kB
MemAvailable:    1384924 kB
Buffers:          103896 kB
Cached:          1193948 kB
MemTotal:        1844596 kB
MemFree:          100580 kB
MemAvailable:    1382220 kB
Buffers:          103896 kB
Cached:          1193948 kB
MemTotal:        1844596 kB
MemFree:          100456 kB
MemAvailable:    1382096 kB
Buffers:          103896 kB
Cached:          1193948 kB
MemTotal:        1844596 kB
MemFree:          101820 kB
MemAvailable:    1383460 kB
Buffers:          103896 kB
Cached:          1193948 kB
MemTotal:        1844596 kB
MemFree:          100704 kB
MemAvailable:    1382344 kB
Buffers:          103896 kB
Cached:          1193948 kB
MemTotal:        1844596 kB
MemFree:          101696 kB
MemAvailable:    1383336 kB
Buffers:          103896 kB
Cached:          1193948 kB
MemTotal:        1844596 kB
MemFree:          100580 kB
MemAvailable:    1382220 kB
Buffers:          103896 kB
Cached:          1193948 kB
MemTotal:        1844596 kB
MemFree:          101328 kB
MemAvailable:    1382968 kB
Buffers:          103896 kB
Cached:          1193948 kB
MemTotal:        1844596 kB
MemFree:          100444 kB
MemAvailable:    1382084 kB
Buffers:          103896 kB
Cached:          1193948 kB
MemTotal:        1844596 kB
MemFree:          100568 kB
MemAvailable:    1382208 kB
Buffers:          103896 kB
Cached:          1193948 kB
MemTotal:        1844596 kB
MemFree:          100320 kB
MemAvailable:    1381960 kB
Buffers:          103896 kB
Cached:          1193948 kB
MemTotal:        1844596 kB
MemFree:          101728 kB
MemAvailable:    1383368 kB
Buffers:          103896 kB
Cached:          1193948 kB
MemTotal:        1844596 kB
MemFree:          101620 kB
MemAvailable:    1383260 kB
Buffers:          103896 kB
Cached:          1193948 kB
MemTotal:        1844596 kB
MemFree:          100712 kB
MemAvailable:    1382352 kB
Buffers:          103896 kB
Cached:          1193948 kB
MemTotal:        1844596 kB
MemFree:          101308 kB
MemAvailable:    1382948 kB
Buffers:          103896 kB
Cached:          1193948 kB
MemTotal:        1844596 kB
MemFree:          101644 kB
MemAvailable:    1383284 kB
Buffers:          103896 kB
Cached:          1193948 kB
MemTotal:        1844596 kB
MemFree:          100200 kB
MemAvailable:    1381840 kB
Buffers:          103896 kB
Cached:          1193948 kB
MemTotal:        1844596 kB
MemFree:          101712 kB
MemAvailable:    1383352 kB
Buffers:          103896 kB
Cached:          1193948 kB
MemTotal:        1844596 kB
MemFree:          101488 kB
MemAvailable:    1383128 kB
Buffers:          103896 kB
Cached:          1193948 kB
MemTotal:        1844596 kB
MemFree:          101560 kB
MemAvailable:    1383200 kB
Buffers:          103896 kB
Cached:          1193948 kB
MemTotal:        1844596 kB
MemFree:          101416 kB
MemAvailable:    1383056 kB
Buffers:          103896 kB
Cached:          1193948 kB
MemTotal:        1844596 kB
MemFree:          101572 kB
MemAvailable:    1383212 kB
Buffers:          103896 kB
Cached:          1193948 kB
MemTotal:        1844596 kB
MemFree:          100068 kB
MemAvailable:    1381708 kB
Buffers:          103896 kB
Cached:          1193948 kB
MemTotal:        1844596 kB
MemFree:          100276 kB
MemAvailable:    1381916 kB
Buffers:          103896 kB
Cached:          1193948 kB
MemTotal:        1844596 kB
MemFree:          100400 kB
MemAvailable:    1382040 kB
Buffers:          103896 kB
Cached:          1193948 kB
MemTotal:        1844596 kB
MemFree:          101440 kB
MemAvailable:    1383080 kB
Buffers:          103896 kB
Cached:          1193948 kB
MemTotal:        1844596 kB
MemFree:          101440 kB
MemAvailable:    1383080 kB
Buffers:          103896 kB
Cached:          1193948 kB
MemTotal:        1844596 kB
MemFree:          101260 kB
MemAvailable:    1382900 kB
Buffers:          103896 kB
Cached:          1193948 kB
MemTotal:        1844596 kB
MemFree:          101596 kB
MemAvailable:    1383236 kB
Buffers:          103896 kB
Cached:          1193948 kB
MemTotal:        1844596 kB
MemFree:          100152 kB
MemAvailable:    1381792 kB
Buffers:          103896 kB
Cached:          1193948 kB
MemTotal:        1844596 kB
MemFree:          100152 kB
MemAvailable:    1381792 kB
Buffers:          103896 kB
Cached:          1193948 kB
MemTotal:        1844596 kB
MemFree:          100144 kB
MemAvailable:    1381784 kB
Buffers:          103896 kB
Cached:          1193948 kB
MemTotal:        1844596 kB
MemFree:          101676 kB
MemAvailable:    1383316 kB
Buffers:          103896 kB
Cached:          1193948 kB
MemTotal:        1844596 kB
MemFree:          101572 kB
MemAvailable:    1383212 kB
Buffers:          103896 kB
Cached:          1193948 kB
MemTotal:        1844596 kB
MemFree:          101076 kB
MemAvailable:    1382716 kB
Buffers:          103896 kB
Cached:          1193948 kB
MemTotal:        1844596 kB
MemFree:          101304 kB
MemAvailable:    1382944 kB
Buffers:          103896 kB
Cached:          1193948 kB
MemTotal:        1844596 kB
MemFree:          101440 kB
MemAvailable:    1383080 kB
Buffers:          103896 kB
Cached:          1193948 kB
MemTotal:        1844596 kB
MemFree:          101424 kB
MemAvailable:    1383064 kB
Buffers:          103896 kB
Cached:          1193948 kB
MemTotal:        1844596 kB
MemFree:          101424 kB
MemAvailable:    1383064 kB
Buffers:          103896 kB
Cached:          1193948 kB
MemTotal:        1844596 kB
MemFree:          101420 kB
MemAvailable:    1383060 kB
Buffers:          103896 kB
Cached:          1193948 kB
MemTotal:        1844596 kB
MemFree:          101200 kB
MemAvailable:    1382840 kB
Buffers:          103896 kB
Cached:          1193948 kB
MemTotal:        1844596 kB
MemFree:          100152 kB
MemAvailable:    1381792 kB
Buffers:          103896 kB
Cached:          1193948 kB
MemTotal:        1844596 kB
MemFree:          101452 kB
MemAvailable:    1383092 kB
Buffers:          103896 kB
Cached:          1193948 kB
MemTotal:        1844596 kB
MemFree:          101440 kB
MemAvailable:    1383080 kB
Buffers:          103896 kB
Cached:          1193948 kB
MemTotal:        1844596 kB
MemFree:          101440 kB
MemAvailable:    1383080 kB
Buffers:          103896 kB
Cached:          1193948 kB
MemTotal:        1844596 kB
MemFree:           97960 kB
MemAvailable:    1379600 kB
Buffers:          103896 kB
Cached:          1193948 kB
MemTotal:        1844596 kB
MemFree:           97480 kB
MemAvailable:    1379120 kB
Buffers:          103896 kB
Cached:          1193948 kB
MemTotal:        1844596 kB
MemFree:           93752 kB
MemAvailable:    1375392 kB
Buffers:          103896 kB
Cached:          1193948 kB
MemTotal:        1844596 kB
MemFree:           93396 kB
MemAvailable:    1375036 kB
Buffers:          103896 kB
Cached:          1193948 kB
MemTotal:        1844596 kB
MemFree:           89048 kB
MemAvailable:    1370688 kB
Buffers:          103896 kB
Cached:          1193948 kB
MemTotal:        1844596 kB
MemFree:           85188 kB
MemAvailable:    1366828 kB
Buffers:          103896 kB
Cached:          1193948 kB
MemTotal:        1844596 kB
MemFree:           84956 kB
MemAvailable:    1366596 kB
Buffers:          103896 kB
Cached:          1193948 kB
MemTotal:        1844596 kB
MemFree:           81112 kB
MemAvailable:    1362752 kB
Buffers:          103896 kB
Cached:          1193948 kB
MemTotal:        1844596 kB
MemFree:           82220 kB
MemAvailable:    1363860 kB
Buffers:          103896 kB
Cached:          1193948 kB
MemTotal:        1844596 kB
MemFree:           82220 kB
MemAvailable:    1363860 kB
Buffers:          103896 kB
Cached:          1193948 kB
MemTotal:        1844596 kB
MemFree:           81984 kB
MemAvailable:    1363624 kB
Buffers:          103896 kB
Cached:          1193948 kB
MemTotal:        1844596 kB
MemFree:           80852 kB
MemAvailable:    1362492 kB
Buffers:          103896 kB
Cached:          1193948 kB
MemTotal:        1844596 kB
MemFree:           80852 kB
MemAvailable:    1362492 kB
Buffers:          103896 kB
Cached:          1193948 kB
MemTotal:        1844596 kB
MemFree:           80728 kB
MemAvailable:    1362368 kB
Buffers:          103896 kB
Cached:          1193948 kB
MemTotal:        1844596 kB
MemFree:           80720 kB
MemAvailable:    1362360 kB
Buffers:          103896 kB
Cached:          1193948 kB
MemTotal:        1844596 kB
MemFree:           80804 kB
MemAvailable:    1362444 kB
Buffers:          103896 kB
Cached:          1193948 kB
MemTotal:        1844596 kB
MemFree:           80680 kB
MemAvailable:    1362320 kB
Buffers:          103896 kB
Cached:          1193948 kB
MemTotal:        1844596 kB
MemFree:           81980 kB
MemAvailable:    1363620 kB
Buffers:          103896 kB
Cached:          1193948 kB
MemTotal:        1844596 kB
MemFree:           80692 kB
MemAvailable:    1362332 kB
Buffers:          103896 kB
Cached:          1193948 kB
MemTotal:        1844596 kB
MemFree:           82096 kB
MemAvailable:    1363736 kB
Buffers:          103896 kB
Cached:          1193948 kB
MemTotal:        1844596 kB
MemFree:           82096 kB
MemAvailable:    1363736 kB
Buffers:          103896 kB
Cached:          1193948 kB
MemTotal:        1844596 kB
MemFree:           81908 kB
MemAvailable:    1363556 kB
Buffers:          103896 kB
Cached:          1193956 kB
MemTotal:        1844596 kB
MemFree:           81668 kB
MemAvailable:    1363316 kB
Buffers:          103896 kB
Cached:          1193956 kB
MemTotal:        1844596 kB
MemFree:           81608 kB
MemAvailable:    1363256 kB
Buffers:          103896 kB
Cached:          1193956 kB
MemTotal:        1844596 kB
MemFree:           80480 kB
MemAvailable:    1362128 kB
Buffers:          103896 kB
Cached:          1193956 kB
MemTotal:        1844596 kB
MemFree:           80472 kB
MemAvailable:    1362120 kB
Buffers:          103896 kB
Cached:          1193956 kB
MemTotal:        1844596 kB
MemFree:           81592 kB
MemAvailable:    1363240 kB
Buffers:          103896 kB
Cached:          1193956 kB
MemTotal:        1844596 kB
MemFree:           81484 kB
MemAvailable:    1363132 kB
Buffers:          103896 kB
Cached:          1193956 kB
MemTotal:        1844596 kB
MemFree:           80312 kB
MemAvailable:    1361960 kB
Buffers:          103896 kB
Cached:          1193956 kB
MemTotal:        1844596 kB
MemFree:           81772 kB
MemAvailable:    1363420 kB
Buffers:          103896 kB
Cached:          1193956 kB
MemTotal:        1844596 kB
MemFree:           80472 kB
MemAvailable:    1362120 kB
Buffers:          103896 kB
Cached:          1193956 kB
MemTotal:        1844596 kB
MemFree:           80360 kB
MemAvailable:    1362008 kB
Buffers:          103896 kB
Cached:          1193956 kB
MemTotal:        1844596 kB
MemFree:           79748 kB
MemAvailable:    1361396 kB
Buffers:          103896 kB
Cached:          1193956 kB
MemTotal:        1844596 kB
MemFree:           76136 kB
MemAvailable:    1357784 kB
Buffers:          103896 kB
Cached:          1193956 kB
MemTotal:        1844596 kB
MemFree:           76096 kB
MemAvailable:    1357744 kB
Buffers:          103896 kB
Cached:          1193956 kB
MemTotal:        1844596 kB
MemFree:           71236 kB
MemAvailable:    1352884 kB
Buffers:          103896 kB
Cached:          1193956 kB
MemTotal:        1844596 kB
MemFree:           71796 kB
MemAvailable:    1353444 kB
Buffers:          103896 kB
Cached:          1193956 kB
MemTotal:        1844596 kB
MemFree:           71880 kB
MemAvailable:    1353528 kB
Buffers:          103896 kB
Cached:          1193956 kB
MemTotal:        1844596 kB
MemFree:           71676 kB
MemAvailable:    1353324 kB
Buffers:          103896 kB
Cached:          1193956 kB
MemTotal:        1844596 kB
MemFree:           71672 kB
MemAvailable:    1353320 kB
Buffers:          103896 kB
Cached:          1193956 kB
MemTotal:        1844596 kB
MemFree:           71788 kB
MemAvailable:    1353436 kB
Buffers:          103896 kB
Cached:          1193956 kB
MemTotal:        1844596 kB
MemFree:           68712 kB
MemAvailable:    1350360 kB
Buffers:          103896 kB
Cached:          1193956 kB
MemTotal:        1844596 kB
MemFree:           69812 kB
MemAvailable:    1351460 kB
Buffers:          103896 kB
Cached:          1193956 kB
MemTotal:        1844596 kB
MemFree:           69812 kB
MemAvailable:    1351460 kB
Buffers:          103896 kB
Cached:          1193956 kB
MemTotal:        1844596 kB
MemFree:           69500 kB
MemAvailable:    1351232 kB
Buffers:          103896 kB
Cached:          1194080 kB
MemTotal:        1844596 kB
MemFree:           69252 kB
MemAvailable:    1351068 kB
Buffers:          103896 kB
Cached:          1194080 kB
MemTotal:        1844596 kB
MemFree:           69588 kB
MemAvailable:    1351404 kB
Buffers:          103896 kB
Cached:          1194080 kB
MemTotal:        1844596 kB
MemFree:           69320 kB
MemAvailable:    1351304 kB
Buffers:          103896 kB
Cached:          1194328 kB
MemTotal:        1844596 kB
MemFree:           69232 kB
MemAvailable:    1351300 kB
Buffers:          103896 kB
Cached:          1194328 kB
MemTotal:        1844596 kB
MemFree:           68348 kB
MemAvailable:    1350500 kB
Buffers:          103896 kB
Cached:          1194452 kB
MemTotal:        1844596 kB
MemFree:           68952 kB
MemAvailable:    1351188 kB
Buffers:          103896 kB
Cached:          1194576 kB
MemTotal:        1844596 kB
MemFree:           69084 kB
MemAvailable:    1351320 kB
Buffers:          103896 kB
Cached:          1194576 kB
MemTotal:        1844596 kB
MemFree:           68648 kB
MemAvailable:    1350884 kB
Buffers:          103896 kB
Cached:          1194576 kB
MemTotal:        1844596 kB
MemFree:           68904 kB
MemAvailable:    1351140 kB
Buffers:          103896 kB
Cached:          1194576 kB
MemTotal:        1844596 kB
MemFree:           68940 kB
MemAvailable:    1351176 kB
Buffers:          103896 kB
Cached:          1194576 kB
MemTotal:        1844596 kB
MemFree:           68216 kB
MemAvailable:    1350452 kB
Buffers:          103896 kB
Cached:          1194576 kB
MemTotal:        1844596 kB
MemFree:           68856 kB
MemAvailable:    1351092 kB
Buffers:          103896 kB
Cached:          1194576 kB
MemTotal:        1844596 kB
MemFree:           68896 kB
MemAvailable:    1351132 kB
Buffers:          103896 kB
Cached:          1194576 kB
MemTotal:        1844596 kB
MemFree:           68092 kB
MemAvailable:    1350328 kB
Buffers:          103896 kB
Cached:          1194576 kB
MemTotal:        1844596 kB
MemFree:           68676 kB
MemAvailable:    1350996 kB
Buffers:          103896 kB
Cached:          1194700 kB
MemTotal:        1844596 kB
MemFree:           67976 kB
MemAvailable:    1350380 kB
Buffers:          103896 kB
Cached:          1194700 kB
MemTotal:        1844596 kB
MemFree:           68476 kB
MemAvailable:    1350124 kB
Buffers:          103896 kB
Cached:          1193984 kB
MemTotal:        1844596 kB
MemFree:           68448 kB
MemAvailable:    1350096 kB
Buffers:          103896 kB
Cached:          1193984 kB
MemTotal:        1844596 kB
MemFree:          145692 kB
MemAvailable:    1427340 kB
Buffers:          103896 kB
Cached:          1193984 kB
MemTotal:        1844596 kB
MemFree:          262176 kB
MemAvailable:    1543824 kB
Buffers:          103896 kB
Cached:          1193984 kB
