MemTotal:        1844596 kB
MemFree:          262852 kB
MemAvailable:    1544732 kB
Buffers:          106012 kB
Cached:          1189092 kB
MemTotal:        1844596 kB
MemFree:          234348 kB
MemAvailable:    1516236 kB
Buffers:          106012 kB
Cached:          1189096 kB
MemTotal:        1844596 kB
MemFree:          234216 kB
MemAvailable:    1516104 kB
Buffers:          106012 kB
Cached:          1189096 kB
MemTotal:        1844596 kB
MemFree:          233852 kB
MemAvailable:    1515740 kB
Buffers:          106012 kB
Cached:          1189096 kB
MemTotal:        1844596 kB
MemFree:          230868 kB
MemAvailable:    1512756 kB
Buffers:          106012 kB
Cached:          1189096 kB
MemTotal:        1844596 kB
MemFree:          232152 kB
MemAvailable:    1514040 kB
Buffers:          106012 kB
Cached:          1189096 kB
MemTotal:        1844596 kB
MemFree:          230512 kB
MemAvailable:    1512400 kB
Buffers:          106012 kB
Cached:          1189096 kB
MemTotal:        1844596 kB
MemFree:          228140 kB
MemAvailable:    1510028 kB
Buffers:          106012 kB
Cached:          1189096 kB
MemTotal:        1844596 kB
MemFree:          228228 kB
MemAvailable:    1510116 kB
Buffers:          106012 kB
Cached:          1189096 kB
MemTotal:        1844596 kB
MemFree:          223684 kB
MemAvailable:    1505572 kB
Buffers:          106012 kB
Cached:          1189096 kB
MemTotal:        1844596 kB
MemFree:          220892 kB
MemAvailable:    1502780 kB
Buffers:          106012 kB
Cached:          1189096 kB
MemTotal:        1844596 kB
MemFree:          222268 kB
MemAvailable:    1504156 kB
Buffers:          106012 kB
Cached:          1189096 kB
MemTotal:        1844596 kB
MemFree:          222020 kB
MemAvailable:    1503908 kB
Buffers:          106012 kB
Cached:          1189096 kB
MemTotal:        1844596 kB
MemFree:          223488 kB
MemAvailable:    1505376 kB
Buffers:          106012 kB
Cached:          1189096 kB
MemTotal:        1844596 kB
MemFree:          222568 kB
MemAvailable:    1504456 kB
Buffers:          106012 kB
Cached:          1189096 kB
MemTotal:        1844596 kB
MemFree:          223000 kB
MemAvailable:    1504888 kB
Buffers:          106012 kB
Cached:          1189096 kB
MemTotal:        1844596 kB
MemFree:          222824 kB
MemAvailable:    1504712 kB
Buffers:          106012 kB
Cached:          1189096 kB
MemTotal:        1844596 kB
MemFree:          221568 kB
MemAvailable:    1503456 kB
Buffers:          106012 kB
Cached:          1189096 kB
MemTotal:        1844596 kB
MemFree:          221312 kB
MemAvailable:    1503200 kB
Buffers:          106012 kB
Cached:          1189096 kB
MemTotal:        1844596 kB
MemFree:          221436 kB
MemAvailable:    1503324 kB
Buffers:          106012 kB
Cached:          1189096 kB
MemTotal:        1844596 kB
MemFree:          221560 kB
MemAvailable:    1503448 kB
Buffers:          106012 kB
Cached:          1189096 kB
MemTotal:        1844596 kB
MemFree:          222792 kB
MemAvailable:    1504680 kB
Buffers:          106012 kB
Cached:          1189096 kB
MemTotal:        1844596 kB
MemFree:          222668 kB
MemAvailable:    1504556 kB
Buffers:          106012 kB
Cached:          1189096 kB
MemTotal:        1844596 kB
MemFree:          221752 kB
MemAvailable:    1503640 kB
Buffers:          106012 kB
Cached:          1189096 kB
MemTotal:        1844596 kB
MemFree:          220660 kB
MemAvailable:    1502548 kB
Buffers:          106012 kB
Cached:          1189096 kB
MemTotal:        1844596 kB
MemFree:          220532 kB
MemAvailable:    1502420 kB
Buffers:          106012 kB
Cached:          1189096 kB
MemTotal:        1844596 kB
MemFree:          220408 kB
MemAvailable:    1502296 kB
Buffers:          106012 kB
Cached:          1189096 kB
MemTotal:        1844596 kB
MemFree:          221452 kB
MemAvailable:    1503340 kB
Buffers:          106012 kB
Cached:          1189096 kB
MemTotal:        1844596 kB
MemFree:          220444 kB
MemAvailable:    1502332 kB
Buffers:          106012 kB
Cached:          1189096 kB
MemTotal:        1844596 kB
MemFree:          219840 kB
MemAvailable:    1501728 kB
Buffers:          106012 kB
Cached:          1189096 kB
MemTotal:        1844596 kB
MemFree:          219164 kB
MemAvailable:    1501052 kB
Buffers:          106012 kB
Cached:          1189096 kB
MemTotal:        1844596 kB
MemFree:          220272 kB
MemAvailable:    1502160 kB
Buffers:          106012 kB
Cached:          1189096 kB
MemTotal:        1844596 kB
MemFree:          220220 kB
MemAvailable:    1502108 kB
Buffers:          106012 kB
Cached:          1189096 kB
MemTotal:        1844596 kB
MemFree:          220164 kB
MemAvailable:    1502052 kB
Buffers:          106012 kB
Cached:          1189096 kB
MemTotal:        1844596 kB
MemFree:          220388 kB
MemAvailable:    1502276 kB
Buffers:          106012 kB
Cached:          1189096 kB
MemTotal:        1844596 kB
MemFree:          220276 kB
MemAvailable:    1502164 kB
Buffers:          106012 kB
Cached:          1189096 kB
MemTotal:        1844596 kB
MemFree:          218924 kB
MemAvailable:    1500816 kB
Buffers:          106012 kB
Cached:          1189100 kB
MemTotal:        1844596 kB
MemFree:          218800 kB
MemAvailable:    1500692 kB
Buffers:          106012 kB
Cached:          1189100 kB
MemTotal:        1844596 kB
MemFree:          218972 kB
MemAvailable:    1500864 kB
Buffers:          106012 kB
Cached:          1189100 kB
MemTotal:        1844596 kB
MemFree:          217716 kB
MemAvailable:    1499612 kB
Buffers:          106012 kB
Cached:          1189104 kB
MemTotal:        1844596 kB
MemFree:          217716 kB
MemAvailable:    1499612 kB
Buffers:          106012 kB
Cached:          1189104 kB
MemTotal:        1844596 kB
MemFree:          215056 kB
MemAvailable:    1496952 kB
Buffers:          106012 kB
Cached:          1189104 kB
MemTotal:        1844596 kB
MemFree:          215064 kB
MemAvailable:    1496960 kB
Buffers:          106012 kB
Cached:          1189104 kB
MemTotal:        1844596 kB
MemFree:          213756 kB
MemAvailable:    1495652 kB
Buffers:          106012 kB
Cached:          1189104 kB
MemTotal:        1844596 kB
MemFree:          214616 kB
MemAvailable:    1496512 kB
Buffers:          106012 kB
Cached:          1189104 kB
MemTotal:        1844596 kB
MemFree:          214952 kB
MemAvailable:    1496848 kB
Buffers:          106012 kB
Cached:          1189104 kB
MemTotal:        1844596 kB
MemFree:          213384 kB
MemAvailable:    1495280 kB
Buffers:          106012 kB
Cached:          1189104 kB
MemTotal:        1844596 kB
MemFree:          213632 kB
MemAvailable:    1495528 kB
Buffers:          106012 kB
Cached:          1189104 kB
MemTotal:        1844596 kB
MemFree:          213144 kB
MemAvailable:    1495040 kB
Buffers:          106012 kB
Cached:          1189104 kB
MemTotal:        1844596 kB
MemFree:          214444 kB
MemAvailable:    1496340 kB
Buffers:          106012 kB
Cached:          1189104 kB
MemTotal:        1844596 kB
MemFree:          213260 kB
MemAvailable:    1495156 kB
Buffers:          106012 kB
Cached:          1189104 kB
MemTotal:        1844596 kB
MemFree:          214552 kB
MemAvailable:    1496448 kB
Buffers:          106012 kB
Cached:          1189104 kB
MemTotal:        1844596 kB
MemFree:          214128 kB
MemAvailable:    1496024 kB
Buffers:          106012 kB
Cached:          1189104 kB
MemTotal:        1844596 kB
MemFree:          214368 kB
MemAvailable:    1496264 kB
Buffers:          106012 kB
Cached:          1189104 kB
MemTotal:        1844596 kB
MemFree:          213508 kB
MemAvailable:    1495404 kB
Buffers:          106012 kB
Cached:          1189104 kB
MemTotal:        1844596 kB
MemFree:          213888 kB
MemAvailable:    1495784 kB
Buffers:          106012 kB
Cached:          1189104 kB
MemTotal:        1844596 kB
MemFree:          208672 kB
MemAvailable:    1490568 kB
Buffers:          106012 kB
Cached:          1189104 kB
MemTotal:        1844596 kB
MemFree:          208756 kB
MemAvailable:    1490652 kB
Buffers:          106012 kB
Cached:          1189104 kB
MemTotal:        1844596 kB
MemFree:          208352 kB
MemAvailable:    1490248 kB
Buffers:          106012 kB
Cached:          1189104 kB
MemTotal:        1844596 kB
MemFree:          207920 kB
MemAvailable:    1489816 kB
Buffers:          106012 kB
Cached:          1189104 kB
MemTotal:        1844596 kB
MemFree:          207920 kB
MemAvailable:    1489816 kB
Buffers:          106012 kB
Cached:          1189104 kB
MemTotal:        1844596 kB
MemFree:          206696 kB
MemAvailable:    1488592 kB
Buffers:          106012 kB
Cached:          1189104 kB
MemTotal:        1844596 kB
MemFree:          204952 kB
MemAvailable:    1486848 kB
Buffers:          106012 kB
Cached:          1189104 kB
MemTotal:        1844596 kB
MemFree:          204836 kB
MemAvailable:    1486732 kB
Buffers:          106012 kB
Cached:          1189104 kB
MemTotal:        1844596 kB
MemFree:          204712 kB
MemAvailable:    1486608 kB
Buffers:          106012 kB
Cached:          1189104 kB
MemTotal:        1844596 kB
MemFree:          204580 kB
MemAvailable:    1486476 kB
Buffers:          106012 kB
Cached:          1189104 kB
MemTotal:        1844596 kB
MemFree:          205688 kB
MemAvailable:    1487584 kB
Buffers:          106012 kB
Cached:          1189104 kB
MemTotal:        1844596 kB
MemFree:          205588 kB
MemAvailable:    1487484 kB
Buffers:          106012 kB
Cached:          1189104 kB
MemTotal:        1844596 kB
MemFree:          205448 kB
MemAvailable:    1487344 kB
Buffers:          106012 kB
Cached:          1189104 kB
MemTotal:        1844596 kB
MemFree:          204332 kB
MemAvailable:    1486228 kB
Buffers:          106012 kB
Cached:          1189104 kB
MemTotal:        1844596 kB
MemFree:          205632 kB
MemAvailable:    1487528 kB
Buffers:          106012 kB
Cached:          1189104 kB
MemTotal:        1844596 kB
MemFree:          204452 kB
MemAvailable:    1486348 kB
Buffers:          106012 kB
Cached:          1189104 kB
MemTotal:        1844596 kB
MemFree:          204568 kB
MemAvailable:    1486464 kB
Buffers:          106012 kB
Cached:          1189104 kB
MemTotal:        1844596 kB
MemFree:          205644 kB
MemAvailable:    1487540 kB
Buffers:          106012 kB
Cached:          1189104 kB
MemTotal:        1844596 kB
MemFree:          204464 kB
MemAvailable:    1486360 kB
Buffers:          106012 kB
Cached:          1189104 kB
MemTotal:        1844596 kB
MemFree:          205056 kB
MemAvailable:    1486952 kB
Buffers:          106012 kB
Cached:          1189104 kB
MemTotal:        1844596 kB
MemFree:          205392 kB
MemAvailable:    1487288 kB
Buffers:          106012 kB
Cached:          1189104 kB
MemTotal:        1844596 kB
MemFree:          204076 kB
MemAvailable:    1485972 kB
Buffers:          106012 kB
Cached:          1189104 kB
MemTotal:        1844596 kB
MemFree:          205316 kB
MemAvailable:    1487212 kB
Buffers:          106012 kB
Cached:          1189104 kB
MemTotal:        1844596 kB
MemFree:          205316 kB
MemAvailable:    1487212 kB
Buffers:          106012 kB
Cached:          1189104 kB
MemTotal:        1844596 kB
MemFree:          205528 kB
MemAvailable:    1487424 kB
Buffers:          106012 kB
Cached:          1189104 kB
MemTotal:        1844596 kB
MemFree:          204340 kB
MemAvailable:    1486236 kB
Buffers:          106012 kB
Cached:          1189104 kB
MemTotal:        1844596 kB
MemFree:          203224 kB
MemAvailable:    1485120 kB
Buffers:          106012 kB
Cached:          1189104 kB
MemTotal:        1844596 kB
MemFree:          201408 kB
MemAvailable:    1483304 kB
Buffers:          106012 kB
Cached:          1189104 kB
MemTotal:        1844596 kB
MemFree:          199876 kB
MemAvailable:    1481772 kB
Buffers:          106012 kB
Cached:          1189104 kB
MemTotal:        1844596 kB
MemFree:          197224 kB
MemAvailable:    1479120 kB
Buffers:          106012 kB
Cached:          1189104 kB
MemTotal:        1844596 kB
MemFree:          196784 kB
MemAvailable:    1478680 kB
Buffers:          106012 kB
Cached:          1189104 kB
MemTotal:        1844596 kB
MemFree:          197152 kB
MemAvailable:    1479048 kB
Buffers:          106012 kB
Cached:          1189104 kB
MemTotal:        1844596 kB
MemFree:          197448 kB
MemAvailable:    1479344 kB
Buffers:          106012 kB
Cached:          1189104 kB
MemTotal:        1844596 kB
MemFree:          197336 kB
MemAvailable:    1479232 kB
Buffers:          106012 kB
Cached:          1189104 kB
MemTotal:        1844596 kB
MemFree:          197148 kB
MemAvailable:    1479044 kB
Buffers:          106012 kB
Cached:          1189104 kB
MemTotal:        1844596 kB
MemFree:          197148 kB
MemAvailable:    1479044 kB
Buffers:          106012 kB
Cached:          1189104 kB
MemTotal:        1844596 kB
MemFree:          196692 kB
MemAvailable:    1478588 kB
Buffers:          106012 kB
Cached:          1189104 kB
MemTotal:        1844596 kB
MemFree:          196860 kB
MemAvailable:    1478756 kB
Buffers:          106012 kB
Cached:          1189104 kB
MemTotal:        1844596 kB
MemFree:          196816 kB
MemAvailable:    1478712 kB
Buffers:          106012 kB
Cached:          1189104 kB
MemTotal:        1844596 kB
MemFree:          196576 kB
MemAvailable:    1478472 kB
Buffers:          106012 kB
Cached:          1189104 kB
MemTotal:        1844596 kB
MemFree:          196912 kB
MemAvailable:    1478808 kB
Buffers:          106012 kB
Cached:          1189104 kB
MemTotal:        1844596 kB
MemFree:          196704 kB
MemAvailable:    1478600 kB
Buffers:          106012 kB
Cached:          1189104 kB
MemTotal:        1844596 kB
MemFree:          196956 kB
MemAvailable:    1478852 kB
Buffers:          106012 kB
Cached:          1189104 kB
MemTotal:        1844596 kB
MemFree:          196644 kB
MemAvailable:    1478540 kB
Buffers:          106012 kB
Cached:          1189104 kB
MemTotal:        1844596 kB
MemFree:          196644 kB
MemAvailable:    1478540 kB
Buffers:          106012 kB
Cached:          1189104 kB
MemTotal:        1844596 kB
MemFree:          195652 kB
MemAvailable:    1477548 kB
Buffers:          106012 kB
Cached:          1189104 kB
MemTotal:        1844596 kB
MemFree:          196936 kB
MemAvailable:    1478832 kB
Buffers:          106012 kB
Cached:          1189104 kB
MemTotal:        1844596 kB
MemFree:          195612 kB
MemAvailable:    1477508 kB
Buffers:          106012 kB
Cached:          1189104 kB
MemTotal:        1844596 kB
MemFree:          195480 kB
MemAvailable:    1477376 kB
Buffers:          106012 kB
Cached:          1189104 kB
MemTotal:        1844596 kB
MemFree:          195648 kB
MemAvailable:    1477544 kB
Buffers:          106012 kB
Cached:          1189104 kB
MemTotal:        1844596 kB
MemFree:          196692 kB
MemAvailable:    1478588 kB
Buffers:          106012 kB
Cached:          1189104 kB
MemTotal:        1844596 kB
MemFree:          195724 kB
MemAvailable:    1477620 kB
Buffers:          106012 kB
Cached:          1189104 kB
MemTotal:        1844596 kB
MemFree:          196812 kB
MemAvailable:    1478708 kB
Buffers:          106012 kB
Cached:          1189104 kB
MemTotal:        1844596 kB
MemFree:          195588 kB
MemAvailable:    1477484 kB
Buffers:          106012 kB
Cached:          1189104 kB
MemTotal:        1844596 kB
MemFree:          195528 kB
MemAvailable:    1477432 kB
Buffers:          106012 kB
Cached:          1189112 kB
MemTotal:        1844596 kB
MemFree:          196852 kB
MemAvailable:    1478756 kB
Buffers:          106012 kB
Cached:          1189112 kB
MemTotal:        1844596 kB
MemFree:          196636 kB
MemAvailable:    1478540 kB
Buffers:          106012 kB
Cached:          1189112 kB
MemTotal:        1844596 kB
MemFree:          196528 kB
MemAvailable:    1478432 kB
Buffers:          106012 kB
Cached:          1189112 kB
MemTotal:        1844596 kB
MemFree:          196656 kB
MemAvailable:    1478560 kB
Buffers:          106012 kB
Cached:          1189112 kB
MemTotal:        1844596 kB
MemFree:          196748 kB
MemAvailable:    1478652 kB
Buffers:          106012 kB
Cached:          1189112 kB
MemTotal:        1844596 kB
MemFree:          196652 kB
MemAvailable:    1478556 kB
Buffers:          106012 kB
Cached:          1189112 kB
MemTotal:        1844596 kB
MemFree:          197056 kB
MemAvailable:    1478960 kB
Buffers:          106012 kB
Cached:          1189112 kB
MemTotal:        1844596 kB
MemFree:          195592 kB
MemAvailable:    1477496 kB
Buffers:          106012 kB
Cached:          1189112 kB
MemTotal:        1844596 kB
MemFree:          196704 kB
MemAvailable:    1478608 kB
Buffers:          106012 kB
Cached:          1189112 kB
MemTotal:        1844596 kB
MemFree:          196536 kB
MemAvailable:    1478440 kB
Buffers:          106012 kB
Cached:          1189112 kB
MemTotal:        1844596 kB
MemFree:          194668 kB
MemAvailable:    1476572 kB
Buffers:          106012 kB
Cached:          1189112 kB
MemTotal:        1844596 kB
MemFree:          190884 kB
MemAvailable:    1472788 kB
Buffers:          106012 kB
Cached:          1189112 kB
MemTotal:        1844596 kB
MemFree:          187352 kB
MemAvailable:    1469256 kB
Buffers:          106012 kB
Cached:          1189112 kB
MemTotal:        1844596 kB
MemFree:          186104 kB
MemAvailable:    1468008 kB
Buffers:          106012 kB
Cached:          1189112 kB
MemTotal:        1844596 kB
MemFree:          185748 kB
MemAvailable:    1467652 kB
Buffers:          106012 kB
Cached:          1189112 kB
MemTotal:        1844596 kB
MemFree:          185940 kB
MemAvailable:    1467844 kB
Buffers:          106012 kB
Cached:          1189112 kB
MemTotal:        1844596 kB
MemFree:          185244 kB
MemAvailable:    1467148 kB
Buffers:          106012 kB
Cached:          1189112 kB
MemTotal:        1844596 kB
MemFree:          184996 kB
MemAvailable:    1466900 kB
Buffers:          106012 kB
Cached:          1189112 kB
MemTotal:        1844596 kB
MemFree:          184864 kB
MemAvailable:    1466768 kB
Buffers:          106012 kB
Cached:          1189112 kB
MemTotal:        1844596 kB
MemFree:          185972 kB
MemAvailable:    1467876 kB
Buffers:          106012 kB
Cached:          1189112 kB
MemTotal:        1844596 kB
MemFree:          185872 kB
MemAvailable:    1467776 kB
Buffers:          106012 kB
Cached:          1189112 kB
MemTotal:        1844596 kB
MemFree:          185940 kB
MemAvailable:    1467844 kB
Buffers:          106012 kB
Cached:          1189112 kB
MemTotal:        1844596 kB
MemFree:          184696 kB
MemAvailable:    1466600 kB
Buffers:          106012 kB
Cached:          1189112 kB
MemTotal:        1844596 kB
MemFree:          184732 kB
MemAvailable:    1466636 kB
Buffers:          106012 kB
Cached:          1189112 kB
MemTotal:        1844596 kB
MemFree:          185900 kB
MemAvailable:    1467804 kB
Buffers:          106012 kB
Cached:          1189112 kB
MemTotal:        1844596 kB
MemFree:          185624 kB
MemAvailable:    1467528 kB
Buffers:          106012 kB
Cached:          1189112 kB
MemTotal:        1844596 kB
MemFree:          184616 kB
MemAvailable:    1466520 kB
Buffers:          106012 kB
Cached:          1189112 kB
MemTotal:        1844596 kB
MemFree:          184740 kB
MemAvailable:    1466644 kB
Buffers:          106012 kB
Cached:          1189112 kB
MemTotal:        1844596 kB
MemFree:          185800 kB
MemAvailable:    1467704 kB
Buffers:          106012 kB
Cached:          1189112 kB
MemTotal:        1844596 kB
MemFree:          185492 kB
MemAvailable:    1467396 kB
Buffers:          106012 kB
Cached:          1189112 kB
MemTotal:        1844596 kB
MemFree:          184816 kB
MemAvailable:    1466720 kB
Buffers:          106012 kB
Cached:          1189112 kB
MemTotal:        1844596 kB
MemFree:          185808 kB
MemAvailable:    1467712 kB
Buffers:          106012 kB
Cached:          1189112 kB
MemTotal:        1844596 kB
MemFree:          185836 kB
MemAvailable:    1467740 kB
Buffers:          106012 kB
Cached:          1189112 kB
MemTotal:        1844596 kB
MemFree:          185616 kB
MemAvailable:    1467520 kB
Buffers:          106012 kB
Cached:          1189112 kB
MemTotal:        1844596 kB
MemFree:          185808 kB
MemAvailable:    1467712 kB
Buffers:          106012 kB
Cached:          1189112 kB
MemTotal:        1844596 kB
MemFree:          185668 kB
MemAvailable:    1467572 kB
Buffers:          106012 kB
Cached:          1189112 kB
MemTotal:        1844596 kB
MemFree:          186004 kB
MemAvailable:    1467908 kB
Buffers:          106012 kB
Cached:          1189112 kB
MemTotal:        1844596 kB
MemFree:          185964 kB
MemAvailable:    1467868 kB
Buffers:          106012 kB
Cached:          1189112 kB
MemTotal:        1844596 kB
MemFree:          186048 kB
MemAvailable:    1467952 kB
Buffers:          106012 kB
Cached:          1189112 kB
MemTotal:        1844596 kB
MemFree:          184596 kB
MemAvailable:    1466500 kB
Buffers:          106012 kB
Cached:          1189112 kB
MemTotal:        1844596 kB
MemFree:          185788 kB
MemAvailable:    1467692 kB
Buffers:          106012 kB
Cached:          1189112 kB
MemTotal:        1844596 kB
MemFree:          186040 kB
MemAvailable:    1467944 kB
Buffers:          106012 kB
Cached:          1189112 kB
MemTotal:        1844596 kB
MemFree:          184576 kB
MemAvailable:    1466480 kB
Buffers:          106012 kB
Cached:          1189112 kB
MemTotal:        1844596 kB
MemFree:          184576 kB
MemAvailable:    1466480 kB
Buffers:          106012 kB
Cached:          1189112 kB
MemTotal:        1844596 kB
MemFree:          184696 kB
MemAvailable:    1466600 kB
Buffers:          106012 kB
Cached:          1189112 kB
MemTotal:        1844596 kB
MemFree:          185856 kB
MemAvailable:    1467760 kB
Buffers:          106012 kB
Cached:          1189112 kB
MemTotal:        1844596 kB
MemFree:          185748 kB
MemAvailable:    1467652 kB
Buffers:          106012 kB
Cached:          1189112 kB
MemTotal:        1844596 kB
MemFree:          185816 kB
MemAvailable:    1467720 kB
Buffers:          106012 kB
Cached:          1189112 kB
MemTotal:        1844596 kB
MemFree:          185252 kB
MemAvailable:    1467156 kB
Buffers:          106012 kB
Cached:          1189112 kB
MemTotal:        1844596 kB
MemFree:          185808 kB
MemAvailable:    1467712 kB
Buffers:          106012 kB
Cached:          1189112 kB
MemTotal:        1844596 kB
MemFree:          185864 kB
MemAvailable:    1467768 kB
Buffers:          106012 kB
Cached:          1189112 kB
MemTotal:        1844596 kB
MemFree:          185976 kB
MemAvailable:    1467880 kB
Buffers:          106012 kB
Cached:          1189112 kB
MemTotal:        1844596 kB
MemFree:          184732 kB
MemAvailable:    1466636 kB
Buffers:          106012 kB
Cached:          1189112 kB
MemTotal:        1844596 kB
MemFree:          186072 kB
MemAvailable:    1467976 kB
Buffers:          106012 kB
Cached:          1189112 kB
MemTotal:        1844596 kB
MemFree:          185120 kB
MemAvailable:    1467024 kB
Buffers:          106012 kB
Cached:          1189112 kB
MemTotal:        1844596 kB
MemFree:          185908 kB
MemAvailable:    1467816 kB
Buffers:          106012 kB
Cached:          1189116 kB
MemTotal:        1844596 kB
MemFree:          186176 kB
MemAvailable:    1468084 kB
Buffers:          106012 kB
Cached:          1189116 kB
MemTotal:        1844596 kB
MemFree:          184748 kB
MemAvailable:    1466656 kB
Buffers:          106012 kB
Cached:          1189116 kB
MemTotal:        1844596 kB
MemFree:          185892 kB
MemAvailable:    1467800 kB
Buffers:          106012 kB
Cached:          1189116 kB
MemTotal:        1844596 kB
MemFree:          185740 kB
MemAvailable:    1467648 kB
Buffers:          106012 kB
Cached:          1189116 kB
MemTotal:        1844596 kB
MemFree:          185860 kB
MemAvailable:    1467768 kB
Buffers:          106012 kB
Cached:          1189116 kB
MemTotal:        1844596 kB
MemFree:          185128 kB
MemAvailable:    1467036 kB
Buffers:          106012 kB
Cached:          1189116 kB
MemTotal:        1844596 kB
MemFree:          184500 kB
MemAvailable:    1466408 kB
Buffers:          106012 kB
Cached:          1189116 kB
MemTotal:        1844596 kB
MemFree:          185608 kB
MemAvailable:    1467516 kB
Buffers:          106012 kB
Cached:          1189116 kB
MemTotal:        1844596 kB
MemFree:          185128 kB
MemAvailable:    1467036 kB
Buffers:          106012 kB
Cached:          1189116 kB
MemTotal:        1844596 kB
MemFree:          185124 kB
MemAvailable:    1467032 kB
Buffers:          106012 kB
Cached:          1189116 kB
MemTotal:        1844596 kB
MemFree:          183832 kB
MemAvailable:    1465740 kB
Buffers:          106012 kB
Cached:          1189116 kB
MemTotal:        1844596 kB
MemFree:          183824 kB
MemAvailable:    1465732 kB
Buffers:          106012 kB
Cached:          1189116 kB
MemTotal:        1844596 kB
MemFree:          183700 kB
MemAvailable:    1465608 kB
Buffers:          106012 kB
Cached:          1189116 kB
MemTotal:        1844596 kB
MemFree:          184808 kB
MemAvailable:    1466716 kB
Buffers:          106012 kB
Cached:          1189116 kB
MemTotal:        1844596 kB
MemFree:          184260 kB
MemAvailable:    1466168 kB
Buffers:          106012 kB
Cached:          1189116 kB
MemTotal:        1844596 kB
MemFree:          183344 kB
MemAvailable:    1465260 kB
Buffers:          106012 kB
Cached:          1189124 kB
MemTotal:        1844596 kB
MemFree:          183344 kB
MemAvailable:    1465260 kB
Buffers:          106012 kB
Cached:          1189124 kB
MemTotal:        1844596 kB
MemFree:          184624 kB
MemAvailable:    1466540 kB
Buffers:          106012 kB
Cached:          1189124 kB
MemTotal:        1844596 kB
MemFree:          183336 kB
MemAvailable:    1465252 kB
Buffers:          106012 kB
Cached:          1189124 kB
MemTotal:        1844596 kB
MemFree:          183460 kB
MemAvailable:    1465376 kB
Buffers:          106012 kB
Cached:          1189124 kB
MemTotal:        1844596 kB
MemFree:          183204 kB
MemAvailable:    1465120 kB
Buffers:          106012 kB
Cached:          1189124 kB
MemTotal:        1844596 kB
MemFree:          184312 kB
MemAvailable:    1466228 kB
Buffers:          106012 kB
Cached:          1189124 kB
MemTotal:        1844596 kB
MemFree:          183068 kB
MemAvailable:    1464984 kB
Buffers:          106012 kB
Cached:          1189124 kB
MemTotal:        1844596 kB
MemFree:          184280 kB
MemAvailable:    1466196 kB
Buffers:          106012 kB
Cached:          1189124 kB
MemTotal:        1844596 kB
MemFree:          183516 kB
MemAvailable:    1465432 kB
Buffers:          106012 kB
Cached:          1189124 kB
MemTotal:        1844596 kB
MemFree:          184196 kB
MemAvailable:    1466112 kB
Buffers:          106012 kB
Cached:          1189124 kB
MemTotal:        1844596 kB
MemFree:          184452 kB
MemAvailable:    1466368 kB
Buffers:          106012 kB
Cached:          1189124 kB
MemTotal:        1844596 kB
MemFree:          184364 kB
MemAvailable:    1466280 kB
Buffers:          106012 kB
Cached:          1189124 kB
MemTotal:        1844596 kB
MemFree:          183076 kB
MemAvailable:    1464992 kB
Buffers:          106012 kB
Cached:          1189124 kB
MemTotal:        1844596 kB
MemFree:          183988 kB
MemAvailable:    1465904 kB
Buffers:          106012 kB
Cached:          1189124 kB
MemTotal:        1844596 kB
MemFree:          182832 kB
MemAvailable:    1464748 kB
Buffers:          106012 kB
Cached:          1189124 kB
MemTotal:        1844596 kB
MemFree:          184300 kB
MemAvailable:    1466216 kB
Buffers:          106012 kB
Cached:          1189124 kB
MemTotal:        1844596 kB
MemFree:          182868 kB
MemAvailable:    1464784 kB
Buffers:          106012 kB
Cached:          1189124 kB
MemTotal:        1844596 kB
MemFree:          181896 kB
MemAvailable:    1463812 kB
Buffers:          106012 kB
Cached:          1189124 kB
MemTotal:        1844596 kB
MemFree:          178052 kB
MemAvailable:    1459968 kB
Buffers:          106012 kB
Cached:          1189124 kB
MemTotal:        1844596 kB
MemFree:          176812 kB
MemAvailable:    1458728 kB
Buffers:          106012 kB
Cached:          1189124 kB
MemTotal:        1844596 kB
MemFree:          172348 kB
MemAvailable:    1454264 kB
Buffers:          106012 kB
Cached:          1189124 kB
MemTotal:        1844596 kB
MemFree:          173276 kB
MemAvailable:    1455192 kB
Buffers:          106012 kB
Cached:          1189124 kB
MemTotal:        1844596 kB
MemFree:          171852 kB
MemAvailable:    1453768 kB
Buffers:          106012 kB
Cached:          1189124 kB
MemTotal:        1844596 kB
MemFree:          172580 kB
MemAvailable:    1454496 kB
Buffers:          106012 kB
Cached:          1189124 kB
MemTotal:        1844596 kB
MemFree:          172916 kB
MemAvailable:    1454832 kB
Buffers:          106012 kB
Cached:          1189124 kB
MemTotal:        1844596 kB
MemFree:          172092 kB
MemAvailable:    1454008 kB
Buffers:          106012 kB
Cached:          1189124 kB
MemTotal:        1844596 kB
MemFree:          171240 kB
MemAvailable:    1453156 kB
Buffers:          106012 kB
Cached:          1189124 kB
MemTotal:        1844596 kB
MemFree:          171416 kB
MemAvailable:    1453332 kB
Buffers:          106012 kB
Cached:          1189124 kB
MemTotal:        1844596 kB
MemFree:          170720 kB
MemAvailable:    1452636 kB
Buffers:          106012 kB
Cached:          1189124 kB
MemTotal:        1844596 kB
MemFree:          170720 kB
MemAvailable:    1452636 kB
Buffers:          106012 kB
Cached:          1189124 kB
MemTotal:        1844596 kB
MemFree:          168256 kB
MemAvailable:    1450172 kB
Buffers:          106012 kB
Cached:          1189124 kB
MemTotal:        1844596 kB
MemFree:          169372 kB
MemAvailable:    1451288 kB
Buffers:          106012 kB
Cached:          1189124 kB
MemTotal:        1844596 kB
MemFree:          169364 kB
MemAvailable:    1451280 kB
Buffers:          106012 kB
Cached:          1189124 kB
MemTotal:        1844596 kB
MemFree:          169108 kB
MemAvailable:    1451024 kB
Buffers:          106012 kB
Cached:          1189124 kB
MemTotal:        1844596 kB
MemFree:          169124 kB
MemAvailable:    1451040 kB
Buffers:          106012 kB
Cached:          1189124 kB
MemTotal:        1844596 kB
MemFree:          169172 kB
MemAvailable:    1451088 kB
Buffers:          106012 kB
Cached:          1189124 kB
MemTotal:        1844596 kB
MemFree:          169460 kB
MemAvailable:    1451376 kB
Buffers:          106012 kB
Cached:          1189124 kB
MemTotal:        1844596 kB
MemFree:          168380 kB
MemAvailable:    1450296 kB
Buffers:          106012 kB
Cached:          1189124 kB
MemTotal:        1844596 kB
MemFree:          169396 kB
MemAvailable:    1451316 kB
Buffers:          106012 kB
Cached:          1189128 kB
MemTotal:        1844596 kB
MemFree:          167704 kB
MemAvailable:    1449624 kB
Buffers:          106012 kB
Cached:          1189128 kB
MemTotal:        1844596 kB
MemFree:          168088 kB
MemAvailable:    1450008 kB
Buffers:          106012 kB
Cached:          1189128 kB
MemTotal:        1844596 kB
MemFree:          167876 kB
MemAvailable:    1449796 kB
Buffers:          106012 kB
Cached:          1189128 kB
MemTotal:        1844596 kB
MemFree:          169128 kB
MemAvailable:    1451048 kB
Buffers:          106012 kB
Cached:          1189128 kB
MemTotal:        1844596 kB
MemFree:          167996 kB
MemAvailable:    1449916 kB
Buffers:          106012 kB
Cached:          1189128 kB
MemTotal:        1844596 kB
MemFree:          167752 kB
MemAvailable:    1449672 kB
Buffers:          106012 kB
Cached:          1189128 kB
MemTotal:        1844596 kB
MemFree:          168364 kB
MemAvailable:    1450284 kB
Buffers:          106012 kB
Cached:          1189128 kB
MemTotal:        1844596 kB
MemFree:          167512 kB
MemAvailable:    1449432 kB
Buffers:          106012 kB
Cached:          1189128 kB
MemTotal:        1844596 kB
MemFree:          166396 kB
MemAvailable:    1448316 kB
Buffers:          106012 kB
Cached:          1189128 kB
MemTotal:        1844596 kB
MemFree:          167572 kB
MemAvailable:    1449492 kB
Buffers:          106012 kB
Cached:          1189128 kB
MemTotal:        1844596 kB
MemFree:          167248 kB
MemAvailable:    1449168 kB
Buffers:          106012 kB
Cached:          1189128 kB
MemTotal:        1844596 kB
MemFree:          167248 kB
MemAvailable:    1449168 kB
Buffers:          106012 kB
Cached:          1189128 kB
MemTotal:        1844596 kB
MemFree:          165272 kB
MemAvailable:    1447192 kB
Buffers:          106012 kB
Cached:          1189128 kB
MemTotal:        1844596 kB
MemFree:          166704 kB
MemAvailable:    1448624 kB
Buffers:          106012 kB
Cached:          1189128 kB
MemTotal:        1844596 kB
MemFree:          166084 kB
MemAvailable:    1448004 kB
Buffers:          106012 kB
Cached:          1189128 kB
MemTotal:        1844596 kB
MemFree:          165644 kB
MemAvailable:    1447564 kB
Buffers:          106012 kB
Cached:          1189128 kB
MemTotal:        1844596 kB
MemFree:          165536 kB
MemAvailable:    1447456 kB
Buffers:          106012 kB
Cached:          1189128 kB
MemTotal:        1844596 kB
MemFree:          165520 kB
MemAvailable:    1447440 kB
Buffers:          106012 kB
Cached:          1189128 kB
MemTotal:        1844596 kB
MemFree:          165140 kB
MemAvailable:    1447060 kB
Buffers:          106012 kB
Cached:          1189128 kB
MemTotal:        1844596 kB
MemFree:          164908 kB
MemAvailable:    1446828 kB
Buffers:          106012 kB
Cached:          1189128 kB
MemTotal:        1844596 kB
MemFree:          164912 kB
MemAvailable:    1446832 kB
Buffers:          106012 kB
Cached:          1189128 kB
MemTotal:        1844596 kB
MemFree:          165096 kB
MemAvailable:    1447016 kB
Buffers:          106012 kB
Cached:          1189128 kB
MemTotal:        1844596 kB
MemFree:          163852 kB
MemAvailable:    1445772 kB
Buffers:          106012 kB
Cached:          1189128 kB
MemTotal:        1844596 kB
MemFree:          163764 kB
MemAvailable:    1445684 kB
Buffers:          106012 kB
Cached:          1189128 kB
MemTotal:        1844596 kB
MemFree:          164288 kB
MemAvailable:    1446208 kB
Buffers:          106012 kB
Cached:          1189128 kB
MemTotal:        1844596 kB
MemFree:          165020 kB
MemAvailable:    1446940 kB
Buffers:          106012 kB
Cached:          1189128 kB
MemTotal:        1844596 kB
MemFree:          163900 kB
MemAvailable:    1445820 kB
Buffers:          106012 kB
Cached:          1189128 kB
MemTotal:        1844596 kB
MemFree:          165032 kB
MemAvailable:    1446952 kB
Buffers:          106012 kB
Cached:          1189128 kB
MemTotal:        1844596 kB
MemFree:          164296 kB
MemAvailable:    1446216 kB
Buffers:          106012 kB
Cached:          1189128 kB
MemTotal:        1844596 kB
MemFree:          164720 kB
MemAvailable:    1446640 kB
Buffers:          106012 kB
Cached:          1189128 kB
MemTotal:        1844596 kB
MemFree:          165056 kB
MemAvailable:    1446976 kB
Buffers:          106012 kB
Cached:          1189128 kB
MemTotal:        1844596 kB
MemFree:          164652 kB
MemAvailable:    1446572 kB
Buffers:          106012 kB
Cached:          1189128 kB
MemTotal:        1844596 kB
MemFree:          164988 kB
MemAvailable:    1446908 kB
Buffers:          106012 kB
Cached:          1189128 kB
MemTotal:        1844596 kB
MemFree:          164796 kB
MemAvailable:    1446716 kB
Buffers:          106012 kB
Cached:          1189128 kB
MemTotal:        1844596 kB
MemFree:          163740 kB
MemAvailable:    1445664 kB
Buffers:          106012 kB
Cached:          1189132 kB
MemTotal:        1844596 kB
MemFree:          163492 kB
MemAvailable:    1445416 kB
Buffers:          106012 kB
Cached:          1189132 kB
MemTotal:        1844596 kB
MemFree:          164716 kB
MemAvailable:    1446640 kB
Buffers:          106012 kB
Cached:          1189132 kB
MemTotal:        1844596 kB
MemFree:          164716 kB
MemAvailable:    1446640 kB
Buffers:          106012 kB
Cached:          1189132 kB
MemTotal:        1844596 kB
MemFree:          164896 kB
MemAvailable:    1446820 kB
Buffers:          106012 kB
Cached:          1189132 kB
MemTotal:        1844596 kB
MemFree:          164584 kB
MemAvailable:    1446508 kB
Buffers:          106012 kB
Cached:          1189132 kB
MemTotal:        1844596 kB
MemFree:          164920 kB
MemAvailable:    1446844 kB
Buffers:          106012 kB
Cached:          1189132 kB
MemTotal:        1844596 kB
MemFree:          163520 kB
MemAvailable:    1445444 kB
Buffers:          106012 kB
Cached:          1189132 kB
MemTotal:        1844596 kB
MemFree:          164948 kB
MemAvailable:    1446872 kB
Buffers:          106012 kB
Cached:          1189132 kB
MemTotal:        1844596 kB
MemFree:          164836 kB
MemAvailable:    1446760 kB
Buffers:          106012 kB
Cached:          1189132 kB
MemTotal:        1844596 kB
MemFree:          163728 kB
MemAvailable:    1445652 kB
Buffers:          106012 kB
Cached:          1189132 kB
MemTotal:        1844596 kB
MemFree:          163596 kB
MemAvailable:    1445520 kB
Buffers:          106012 kB
Cached:          1189132 kB
MemTotal:        1844596 kB
MemFree:          163612 kB
MemAvailable:    1445536 kB
Buffers:          106012 kB
Cached:          1189132 kB
MemTotal:        1844596 kB
MemFree:          162412 kB
MemAvailable:    1444336 kB
Buffers:          106012 kB
Cached:          1189132 kB
MemTotal:        1844596 kB
MemFree:          160924 kB
MemAvailable:    1442848 kB
Buffers:          106012 kB
Cached:          1189132 kB
MemTotal:        1844596 kB
MemFree:          161136 kB
MemAvailable:    1443060 kB
Buffers:          106012 kB
Cached:          1189132 kB
MemTotal:        1844596 kB
MemFree:          156600 kB
MemAvailable:    1438524 kB
Buffers:          106012 kB
Cached:          1189132 kB
MemTotal:        1844596 kB
MemFree:          155112 kB
MemAvailable:    1437036 kB
Buffers:          106012 kB
Cached:          1189132 kB
MemTotal:        1844596 kB
MemFree:          151576 kB
MemAvailable:    1433500 kB
Buffers:          106012 kB
Cached:          1189132 kB
MemTotal:        1844596 kB
MemFree:          149180 kB
MemAvailable:    1431104 kB
Buffers:          106012 kB
Cached:          1189132 kB
MemTotal:        1844596 kB
MemFree:          145192 kB
MemAvailable:    1427116 kB
Buffers:          106012 kB
Cached:          1189132 kB
MemTotal:        1844596 kB
MemFree:          145440 kB
MemAvailable:    1427364 kB
Buffers:          106012 kB
Cached:          1189132 kB
MemTotal:        1844596 kB
MemFree:          145152 kB
MemAvailable:    1427076 kB
Buffers:          106012 kB
Cached:          1189132 kB
MemTotal:        1844596 kB
MemFree:          146212 kB
MemAvailable:    1428136 kB
Buffers:          106012 kB
Cached:          1189132 kB
MemTotal:        1844596 kB
MemFree:          146308 kB
MemAvailable:    1428232 kB
Buffers:          106012 kB
Cached:          1189132 kB
MemTotal:        1844596 kB
MemFree:          146180 kB
MemAvailable:    1428104 kB
Buffers:          106012 kB
Cached:          1189132 kB
MemTotal:        1844596 kB
MemFree:          146032 kB
MemAvailable:    1427956 kB
Buffers:          106012 kB
Cached:          1189132 kB
MemTotal:        1844596 kB
MemFree:          146284 kB
MemAvailable:    1428208 kB
Buffers:          106012 kB
Cached:          1189132 kB
MemTotal:        1844596 kB
MemFree:          144688 kB
MemAvailable:    1426612 kB
Buffers:          106012 kB
Cached:          1189132 kB
MemTotal:        1844596 kB
MemFree:          144888 kB
MemAvailable:    1426812 kB
Buffers:          106012 kB
Cached:          1189132 kB
MemTotal:        1844596 kB
MemFree:          145316 kB
MemAvailable:    1427240 kB
Buffers:          106012 kB
Cached:          1189132 kB
MemTotal:        1844596 kB
MemFree:          146132 kB
MemAvailable:    1428056 kB
Buffers:          106012 kB
Cached:          1189132 kB
MemTotal:        1844596 kB
MemFree:          145928 kB
MemAvailable:    1427852 kB
Buffers:          106012 kB
Cached:          1189132 kB
MemTotal:        1844596 kB
MemFree:          144448 kB
MemAvailable:    1426372 kB
Buffers:          106012 kB
Cached:          1189132 kB
MemTotal:        1844596 kB
MemFree:          144324 kB
MemAvailable:    1426248 kB
Buffers:          106012 kB
Cached:          1189132 kB
MemTotal:        1844596 kB
MemFree:          145500 kB
MemAvailable:    1427424 kB
Buffers:          106012 kB
Cached:          1189132 kB
MemTotal:        1844596 kB
MemFree:          144200 kB
MemAvailable:    1426124 kB
Buffers:          106012 kB
Cached:          1189132 kB
MemTotal:        1844596 kB
MemFree:          145308 kB
MemAvailable:    1427232 kB
Buffers:          106012 kB
Cached:          1189132 kB
MemTotal:        1844596 kB
MemFree:          145308 kB
MemAvailable:    1427232 kB
Buffers:          106012 kB
Cached:          1189132 kB
MemTotal:        1844596 kB
MemFree:          143904 kB
MemAvailable:    1425828 kB
Buffers:          106012 kB
Cached:          1189132 kB
MemTotal:        1844596 kB
MemFree:          145364 kB
MemAvailable:    1427288 kB
Buffers:          106012 kB
Cached:          1189132 kB
MemTotal:        1844596 kB
MemFree:          145260 kB
MemAvailable:    1427184 kB
Buffers:          106012 kB
Cached:          1189132 kB
MemTotal:        1844596 kB
MemFree:          145132 kB
MemAvailable:    1427056 kB
Buffers:          106012 kB
Cached:          1189132 kB
MemTotal:        1844596 kB
MemFree:          145132 kB
MemAvailable:    1427056 kB
Buffers:          106012 kB
Cached:          1189132 kB
MemTotal:        1844596 kB
MemFree:          145196 kB
MemAvailable:    1427120 kB
Buffers:          106012 kB
Cached:          1189132 kB
MemTotal:        1844596 kB
MemFree:          144188 kB
MemAvailable:    1426112 kB
Buffers:          106012 kB
Cached:          1189132 kB
MemTotal:        1844596 kB
MemFree:          145232 kB
MemAvailable:    1427156 kB
Buffers:          106012 kB
Cached:          1189132 kB
MemTotal:        1844596 kB
MemFree:          145360 kB
MemAvailable:    1427284 kB
Buffers:          106012 kB
Cached:          1189132 kB
MemTotal:        1844596 kB
MemFree:          143952 kB
MemAvailable:    1425876 kB
Buffers:          106012 kB
Cached:          1189132 kB
MemTotal:        1844596 kB
MemFree:          145136 kB
MemAvailable:    1427060 kB
Buffers:          106012 kB
Cached:          1189132 kB
MemTotal:        1844596 kB
MemFree:          145392 kB
MemAvailable:    1427316 kB
Buffers:          106012 kB
Cached:          1189132 kB
MemTotal:        1844596 kB
MemFree:          144020 kB
MemAvailable:    1425944 kB
Buffers:          106012 kB
Cached:          1189132 kB
MemTotal:        1844596 kB
MemFree:          144020 kB
MemAvailable:    1425944 kB
Buffers:          106012 kB
Cached:          1189132 kB
MemTotal:        1844596 kB
MemFree:          142836 kB
MemAvailable:    1424760 kB
Buffers:          106012 kB
Cached:          1189132 kB
MemTotal:        1844596 kB
MemFree:          139992 kB
MemAvailable:    1421916 kB
Buffers:          106012 kB
Cached:          1189132 kB
MemTotal:        1844596 kB
MemFree:          137680 kB
MemAvailable:    1419604 kB
Buffers:          106012 kB
Cached:          1189132 kB
MemTotal:        1844596 kB
MemFree:          132784 kB
MemAvailable:    1414708 kB
Buffers:          106012 kB
Cached:          1189132 kB
MemTotal:        1844596 kB
MemFree:          133120 kB
MemAvailable:    1415044 kB
Buffers:          106012 kB
Cached:          1189132 kB
MemTotal:        1844596 kB
MemFree:          127576 kB
MemAvailable:    1409500 kB
Buffers:          106012 kB
Cached:          1189132 kB
MemTotal:        1844596 kB
MemFree:          126848 kB
MemAvailable:    1408772 kB
Buffers:          106012 kB
Cached:          1189132 kB
MemTotal:        1844596 kB
MemFree:          127140 kB
MemAvailable:    1409064 kB
Buffers:          106012 kB
Cached:          1189132 kB
MemTotal:        1844596 kB
MemFree:          126900 kB
MemAvailable:    1408824 kB
Buffers:          106012 kB
Cached:          1189132 kB
MemTotal:        1844596 kB
MemFree:          127152 kB
MemAvailable:    1409076 kB
Buffers:          106012 kB
Cached:          1189132 kB
MemTotal:        1844596 kB
MemFree:          125840 kB
MemAvailable:    1407764 kB
Buffers:          106012 kB
Cached:          1189132 kB
MemTotal:        1844596 kB
MemFree:          125964 kB
MemAvailable:    1407888 kB
Buffers:          106012 kB
Cached:          1189132 kB
MemTotal:        1844596 kB
MemFree:          127100 kB
MemAvailable:    1409024 kB
Buffers:          106012 kB
Cached:          1189132 kB
MemTotal:        1844596 kB
MemFree:          127012 kB
MemAvailable:    1408936 kB
Buffers:          106012 kB
Cached:          1189132 kB
MemTotal:        1844596 kB
MemFree:          127024 kB
MemAvailable:    1408948 kB
Buffers:          106012 kB
Cached:          1189132 kB
MemTotal:        1844596 kB
MemFree:          127152 kB
MemAvailable:    1409076 kB
Buffers:          106012 kB
Cached:          1189132 kB
MemTotal:        1844596 kB
MemFree:          125676 kB
MemAvailable:    1407600 kB
Buffers:          106012 kB
Cached:          1189132 kB
MemTotal:        1844596 kB
MemFree:          126700 kB
MemAvailable:    1408632 kB
Buffers:          106012 kB
Cached:          1189140 kB
MemTotal:        1844596 kB
MemFree:          126868 kB
MemAvailable:    1408800 kB
Buffers:          106012 kB
Cached:          1189140 kB
MemTotal:        1844596 kB
MemFree:          126892 kB
MemAvailable:    1408828 kB
Buffers:          106012 kB
Cached:          1189144 kB
MemTotal:        1844596 kB
MemFree:          127024 kB
MemAvailable:    1408960 kB
Buffers:          106012 kB
Cached:          1189144 kB
MemTotal:        1844596 kB
MemFree:          125676 kB
MemAvailable:    1407612 kB
Buffers:          106012 kB
Cached:          1189144 kB
MemTotal:        1844596 kB
MemFree:          126972 kB
MemAvailable:    1408908 kB
Buffers:          106012 kB
Cached:          1189144 kB
MemTotal:        1844596 kB
MemFree:          127036 kB
MemAvailable:    1408972 kB
Buffers:          106012 kB
Cached:          1189144 kB
MemTotal:        1844596 kB
MemFree:          126948 kB
MemAvailable:    1408884 kB
Buffers:          106012 kB
Cached:          1189144 kB
MemTotal:        1844596 kB
MemFree:          125824 kB
MemAvailable:    1407760 kB
Buffers:          106012 kB
Cached:          1189144 kB
MemTotal:        1844596 kB
MemFree:          126960 kB
MemAvailable:    1408896 kB
Buffers:          106012 kB
Cached:          1189144 kB
MemTotal:        1844596 kB
MemFree:          125904 kB
MemAvailable:    1407840 kB
Buffers:          106012 kB
Cached:          1189144 kB
MemTotal:        1844596 kB
MemFree:          127160 kB
MemAvailable:    1409096 kB
Buffers:          106012 kB
Cached:          1189144 kB
MemTotal:        1844596 kB
MemFree:          127048 kB
MemAvailable:    1408984 kB
Buffers:          106012 kB
Cached:          1189144 kB
MemTotal:        1844596 kB
MemFree:          126920 kB
MemAvailable:    1408856 kB
Buffers:          106012 kB
Cached:          1189144 kB
MemTotal:        1844596 kB
MemFree:          127172 kB
MemAvailable:    1409108 kB
Buffers:          106012 kB
Cached:          1189144 kB
MemTotal:        1844596 kB
MemFree:          127088 kB
MemAvailable:    1409024 kB
Buffers:          106012 kB
Cached:          1189144 kB
MemTotal:        1844596 kB
MemFree:          126976 kB
MemAvailable:    1408912 kB
Buffers:          106012 kB
Cached:          1189144 kB
MemTotal:        1844596 kB
MemFree:          126228 kB
MemAvailable:    1408164 kB
Buffers:          106012 kB
Cached:          1189144 kB
MemTotal:        1844596 kB
MemFree:          126824 kB
MemAvailable:    1408760 kB
Buffers:          106012 kB
Cached:          1189144 kB
MemTotal:        1844596 kB
MemFree:          127160 kB
MemAvailable:    1409096 kB
Buffers:          106012 kB
Cached:          1189144 kB
MemTotal:        1844596 kB
MemFree:          127160 kB
MemAvailable:    1409096 kB
Buffers:          106012 kB
Cached:          1189144 kB
MemTotal:        1844596 kB
MemFree:          125664 kB
MemAvailable:    1407600 kB
Buffers:          106012 kB
Cached:          1189144 kB
MemTotal:        1844596 kB
MemFree:          125788 kB
MemAvailable:    1407724 kB
Buffers:          106012 kB
Cached:          1189144 kB
MemTotal:        1844596 kB
MemFree:          125664 kB
MemAvailable:    1407600 kB
Buffers:          106012 kB
Cached:          1189144 kB
MemTotal:        1844596 kB
MemFree:          127056 kB
MemAvailable:    1408992 kB
Buffers:          106012 kB
Cached:          1189144 kB
MemTotal:        1844596 kB
MemFree:          124236 kB
MemAvailable:    1406172 kB
Buffers:          106012 kB
Cached:          1189144 kB
MemTotal:        1844596 kB
MemFree:          120020 kB
MemAvailable:    1401956 kB
Buffers:          106012 kB
Cached:          1189144 kB
MemTotal:        1844596 kB
MemFree:          116796 kB
MemAvailable:    1398732 kB
Buffers:          106012 kB
Cached:          1189144 kB
MemTotal:        1844596 kB
MemFree:          112580 kB
MemAvailable:    1394516 kB
Buffers:          106012 kB
Cached:          1189144 kB
MemTotal:        1844596 kB
MemFree:          108356 kB
MemAvailable:    1390292 kB
Buffers:          106012 kB
Cached:          1189144 kB
MemTotal:        1844596 kB
MemFree:          109616 kB
MemAvailable:    1391552 kB
Buffers:          106012 kB
Cached:          1189144 kB
MemTotal:        1844596 kB
MemFree:          108476 kB
MemAvailable:    1390412 kB
Buffers:          106012 kB
Cached:          1189144 kB
MemTotal:        1844596 kB
MemFree:          108336 kB
MemAvailable:    1390272 kB
Buffers:          106012 kB
Cached:          1189144 kB
MemTotal:        1844596 kB
MemFree:          107496 kB
MemAvailable:    1389432 kB
Buffers:          106012 kB
Cached:          1189144 kB
MemTotal:        1844596 kB
MemFree:          108732 kB
MemAvailable:    1390668 kB
Buffers:          106012 kB
Cached:          1189144 kB
MemTotal:        1844596 kB
MemFree:          108680 kB
MemAvailable:    1390616 kB
Buffers:          106012 kB
Cached:          1189144 kB
MemTotal:        1844596 kB
MemFree:          107220 kB
MemAvailable:    1389156 kB
Buffers:          106012 kB
Cached:          1189144 kB
MemTotal:        1844596 kB
MemFree:          107620 kB
MemAvailable:    1389556 kB
Buffers:          106012 kB
Cached:          1189144 kB
MemTotal:        1844596 kB
MemFree:          107236 kB
MemAvailable:    1389172 kB
Buffers:          106012 kB
Cached:          1189144 kB
MemTotal:        1844596 kB
MemFree:          108232 kB
MemAvailable:    1390168 kB
Buffers:          106012 kB
Cached:          1189144 kB
MemTotal:        1844596 kB
MemFree:          108000 kB
MemAvailable:    1389936 kB
Buffers:          106012 kB
Cached:          1189144 kB
MemTotal:        1844596 kB
MemFree:          108068 kB
MemAvailable:    1390004 kB
Buffers:          106012 kB
Cached:          1189144 kB
MemTotal:        1844596 kB
MemFree:          106732 kB
MemAvailable:    1388668 kB
Buffers:          106012 kB
Cached:          1189144 kB
MemTotal:        1844596 kB
MemFree:          106692 kB
MemAvailable:    1388628 kB
Buffers:          106012 kB
Cached:          1189144 kB
MemTotal:        1844596 kB
MemFree:          106380 kB
MemAvailable:    1388316 kB
Buffers:          106012 kB
Cached:          1189144 kB
MemTotal:        1844596 kB
MemFree:          107592 kB
MemAvailable:    1389528 kB
Buffers:          106012 kB
Cached:          1189144 kB
MemTotal:        1844596 kB
MemFree:          107248 kB
MemAvailable:    1389184 kB
Buffers:          106012 kB
Cached:          1189144 kB
MemTotal:        1844596 kB
MemFree:          106320 kB
MemAvailable:    1388256 kB
Buffers:          106012 kB
Cached:          1189144 kB
MemTotal:        1844596 kB
MemFree:          105688 kB
MemAvailable:    1387624 kB
Buffers:          106012 kB
Cached:          1189144 kB
MemTotal:        1844596 kB
MemFree:          104396 kB
MemAvailable:    1386332 kB
Buffers:          106012 kB
Cached:          1189144 kB
MemTotal:        1844596 kB
MemFree:          103900 kB
MemAvailable:    1385836 kB
Buffers:          106012 kB
Cached:          1189144 kB
MemTotal:        1844596 kB
MemFree:          102908 kB
MemAvailable:    1384844 kB
Buffers:          106012 kB
Cached:          1189144 kB
MemTotal:        1844596 kB
MemFree:          102908 kB
MemAvailable:    1384844 kB
Buffers:          106012 kB
Cached:          1189144 kB
MemTotal:        1844596 kB
MemFree:          101420 kB
MemAvailable:    1383356 kB
Buffers:          106012 kB
Cached:          1189144 kB
MemTotal:        1844596 kB
MemFree:          102424 kB
MemAvailable:    1384360 kB
Buffers:          106012 kB
Cached:          1189144 kB
MemTotal:        1844596 kB
MemFree:          101428 kB
MemAvailable:    1383364 kB
Buffers:          106012 kB
Cached:          1189144 kB
MemTotal:        1844596 kB
MemFree:          102272 kB
MemAvailable:    1384208 kB
Buffers:          106012 kB
Cached:          1189144 kB
MemTotal:        1844596 kB
MemFree:          102164 kB
MemAvailable:    1384100 kB
Buffers:          106012 kB
Cached:          1189144 kB
MemTotal:        1844596 kB
MemFree:          102452 kB
MemAvailable:    1384388 kB
Buffers:          106012 kB
Cached:          1189144 kB
MemTotal:        1844596 kB
MemFree:          102412 kB
MemAvailable:    1384348 kB
Buffers:          106012 kB
Cached:          1189144 kB
MemTotal:        1844596 kB
MemFree:          101356 kB
MemAvailable:    1383292 kB
Buffers:          106012 kB
Cached:          1189144 kB
MemTotal:        1844596 kB
MemFree:          100820 kB
MemAvailable:    1382756 kB
Buffers:          106012 kB
Cached:          1189144 kB
MemTotal:        1844596 kB
MemFree:           99472 kB
MemAvailable:    1381408 kB
Buffers:          106012 kB
Cached:          1189144 kB
MemTotal:        1844596 kB
MemFree:          100796 kB
MemAvailable:    1382732 kB
Buffers:          106012 kB
Cached:          1189144 kB
MemTotal:        1844596 kB
MemFree:          100732 kB
MemAvailable:    1382668 kB
Buffers:          106012 kB
Cached:          1189144 kB
MemTotal:        1844596 kB
MemFree:          100732 kB
MemAvailable:    1382668 kB
Buffers:          106012 kB
Cached:          1189144 kB
MemTotal:        1844596 kB
MemFree:           99736 kB
MemAvailable:    1381672 kB
Buffers:          106012 kB
Cached:          1189144 kB
MemTotal:        1844596 kB
MemFree:          100788 kB
MemAvailable:    1382724 kB
Buffers:          106012 kB
Cached:          1189144 kB
MemTotal:        1844596 kB
MemFree:          100504 kB
MemAvailable:    1382440 kB
Buffers:          106012 kB
Cached:          1189144 kB
MemTotal:        1844596 kB
MemFree:          100840 kB
MemAvailable:    1382776 kB
Buffers:          106012 kB
Cached:          1189144 kB
MemTotal:        1844596 kB
MemFree:          100628 kB
MemAvailable:    1382564 kB
Buffers:          106012 kB
Cached:          1189144 kB
MemTotal:        1844596 kB
MemFree:          100964 kB
MemAvailable:    1382900 kB
Buffers:          106012 kB
Cached:          1189144 kB
MemTotal:        1844596 kB
MemFree:           99404 kB
MemAvailable:    1381348 kB
Buffers:          106012 kB
Cached:          1189152 kB
MemTotal:        1844596 kB
MemFree:           99404 kB
MemAvailable:    1381348 kB
Buffers:          106012 kB
Cached:          1189152 kB
MemTotal:        1844596 kB
MemFree:          100588 kB
MemAvailable:    1382532 kB
Buffers:          106012 kB
Cached:          1189152 kB
MemTotal:        1844596 kB
MemFree:          100588 kB
MemAvailable:    1382532 kB
Buffers:          106012 kB
Cached:          1189152 kB
MemTotal:        1844596 kB
MemFree:           99480 kB
MemAvailable:    1381424 kB
Buffers:          106012 kB
Cached:          1189152 kB
MemTotal:        1844596 kB
MemFree:          100908 kB
MemAvailable:    1382852 kB
Buffers:          106012 kB
Cached:          1189152 kB
MemTotal:        1844596 kB
MemFree:          100768 kB
MemAvailable:    1382712 kB
Buffers:          106012 kB
Cached:          1189152 kB
MemTotal:        1844596 kB
MemFree:           99344 kB
MemAvailable:    1381288 kB
Buffers:          106012 kB
Cached:          1189152 kB
MemTotal:        1844596 kB
MemFree:          100812 kB
MemAvailable:    1382756 kB
Buffers:          106012 kB
Cached:          1189152 kB
MemTotal:        1844596 kB
MemFree:          100040 kB
MemAvailable:    1381984 kB
Buffers:          106012 kB
Cached:          1189152 kB
MemTotal:        1844596 kB
MemFree:          100596 kB
MemAvailable:    1382540 kB
Buffers:          106012 kB
Cached:          1189152 kB
MemTotal:        1844596 kB
MemFree:          100848 kB
MemAvailable:    1382792 kB
Buffers:          106012 kB
Cached:          1189152 kB
MemTotal:        1844596 kB
MemFree:          100788 kB
MemAvailable:    1382732 kB
Buffers:          106012 kB
Cached:          1189152 kB
MemTotal:        1844596 kB
MemFree:          100716 kB
MemAvailable:    1382660 kB
Buffers:          106012 kB
Cached:          1189152 kB
MemTotal:        1844596 kB
MemFree:          100716 kB
MemAvailable:    1382660 kB
Buffers:          106012 kB
Cached:          1189152 kB
MemTotal:        1844596 kB
MemFree:           99644 kB
MemAvailable:    1381588 kB
Buffers:          106012 kB
Cached:          1189152 kB
MemTotal:        1844596 kB
MemFree:          100636 kB
MemAvailable:    1382580 kB
Buffers:          106012 kB
Cached:          1189152 kB
MemTotal:        1844596 kB
MemFree:           99520 kB
MemAvailable:    1381464 kB
Buffers:          106012 kB
Cached:          1189152 kB
MemTotal:        1844596 kB
MemFree:           99520 kB
MemAvailable:    1381464 kB
Buffers:          106012 kB
Cached:          1189152 kB
MemTotal:        1844596 kB
MemFree:          100712 kB
MemAvailable:    1382656 kB
Buffers:          106012 kB
Cached:          1189152 kB
MemTotal:        1844596 kB
MemFree:          100964 kB
MemAvailable:    1382908 kB
Buffers:          106012 kB
Cached:          1189152 kB
MemTotal:        1844596 kB
MemFree:          100788 kB
MemAvailable:    1382732 kB
Buffers:          106012 kB
Cached:          1189152 kB
MemTotal:        1844596 kB
MemFree:           99608 kB
MemAvailable:    1381552 kB
Buffers:          106012 kB
Cached:          1189152 kB
MemTotal:        1844596 kB
MemFree:          100760 kB
MemAvailable:    1382704 kB
Buffers:          106012 kB
Cached:          1189152 kB
MemTotal:        1844596 kB
MemFree:           99472 kB
MemAvailable:    1381416 kB
Buffers:          106012 kB
Cached:          1189152 kB
MemTotal:        1844596 kB
MemFree:          100640 kB
MemAvailable:    1382584 kB
Buffers:          106012 kB
Cached:          1189152 kB
MemTotal:        1844596 kB
MemFree:          100580 kB
MemAvailable:    1382524 kB
Buffers:          106012 kB
Cached:          1189152 kB
MemTotal:        1844596 kB
MemFree:          100836 kB
MemAvailable:    1382780 kB
Buffers:          106012 kB
Cached:          1189152 kB
MemTotal:        1844596 kB
MemFree:          100568 kB
MemAvailable:    1382512 kB
Buffers:          106012 kB
Cached:          1189152 kB
MemTotal:        1844596 kB
MemFree:          100820 kB
MemAvailable:    1382764 kB
Buffers:          106012 kB
Cached:          1189152 kB
MemTotal:        1844596 kB
MemFree:          100596 kB
MemAvailable:    1382540 kB
Buffers:          106012 kB
Cached:          1189152 kB
MemTotal:        1844596 kB
MemFree:          100624 kB
MemAvailable:    1382568 kB
Buffers:          106012 kB
Cached:          1189152 kB
MemTotal:        1844596 kB
MemFree:          100528 kB
MemAvailable:    1382472 kB
Buffers:          106012 kB
Cached:          1189152 kB
MemTotal:        1844596 kB
MemFree:           97924 kB
MemAvailable:    1379868 kB
Buffers:          106012 kB
Cached:          1189152 kB
MemTotal:        1844596 kB
MemFree:           95692 kB
MemAvailable:    1377636 kB
Buffers:          106012 kB
Cached:          1189152 kB
MemTotal:        1844596 kB
MemFree:           92964 kB
MemAvailable:    1374908 kB
Buffers:          106012 kB
Cached:          1189152 kB
MemTotal:        1844596 kB
MemFree:           89732 kB
MemAvailable:    1371676 kB
Buffers:          106012 kB
Cached:          1189152 kB
MemTotal:        1844596 kB
MemFree:           89616 kB
MemAvailable:    1371560 kB
Buffers:          106012 kB
Cached:          1189152 kB
MemTotal:        1844596 kB
MemFree:           84160 kB
MemAvailable:    1366104 kB
Buffers:          106012 kB
Cached:          1189152 kB
MemTotal:        1844596 kB
MemFree:           81424 kB
MemAvailable:    1363368 kB
Buffers:          106012 kB
Cached:          1189152 kB
MemTotal:        1844596 kB
MemFree:           81508 kB
MemAvailable:    1363452 kB
Buffers:          106012 kB
Cached:          1189152 kB
MemTotal:        1844596 kB
MemFree:           81260 kB
MemAvailable:    1363204 kB
Buffers:          106012 kB
Cached:          1189152 kB
MemTotal:        1844596 kB
MemFree:           81484 kB
MemAvailable:    1363428 kB
Buffers:          106012 kB
Cached:          1189152 kB
MemTotal:        1844596 kB
MemFree:           81364 kB
MemAvailable:    1363308 kB
Buffers:          106012 kB
Cached:          1189152 kB
MemTotal:        1844596 kB
MemFree:           81532 kB
MemAvailable:    1363476 kB
Buffers:          106012 kB
Cached:          1189152 kB
MemTotal:        1844596 kB
MemFree:           81408 kB
MemAvailable:    1363352 kB
Buffers:          106012 kB
Cached:          1189152 kB
MemTotal:        1844596 kB
MemFree:           81348 kB
MemAvailable:    1363292 kB
Buffers:          106012 kB
Cached:          1189152 kB
MemTotal:        1844596 kB
MemFree:           81160 kB
MemAvailable:    1363104 kB
Buffers:          106012 kB
Cached:          1189152 kB
MemTotal:        1844596 kB
MemFree:           80044 kB
MemAvailable:    1361988 kB
Buffers:          106012 kB
Cached:          1189152 kB
MemTotal:        1844596 kB
MemFree:           80152 kB
MemAvailable:    1362096 kB
Buffers:          106012 kB
Cached:          1189152 kB
MemTotal:        1844596 kB
MemFree:           80120 kB
MemAvailable:    1362064 kB
Buffers:          106012 kB
Cached:          1189152 kB
MemTotal:        1844596 kB
MemFree:           81512 kB
MemAvailable:    1363456 kB
Buffers:          106012 kB
Cached:          1189152 kB
MemTotal:        1844596 kB
MemFree:           80696 kB
MemAvailable:    1362640 kB
Buffers:          106012 kB
Cached:          1189152 kB
MemTotal:        1844596 kB
MemFree:           81044 kB
MemAvailable:    1362988 kB
Buffers:          106012 kB
Cached:          1189152 kB
MemTotal:        1844596 kB
MemFree:           81380 kB
MemAvailable:    1363324 kB
Buffers:          106012 kB
Cached:          1189152 kB
MemTotal:        1844596 kB
MemFree:           81356 kB
MemAvailable:    1363300 kB
Buffers:          106012 kB
Cached:          1189152 kB
MemTotal:        1844596 kB
MemFree:           80200 kB
MemAvailable:    1362144 kB
Buffers:          106012 kB
Cached:          1189152 kB
MemTotal:        1844596 kB
MemFree:           80920 kB
MemAvailable:    1362872 kB
Buffers:          106012 kB
Cached:          1189160 kB
MemTotal:        1844596 kB
MemFree:           81256 kB
MemAvailable:    1363208 kB
Buffers:          106012 kB
Cached:          1189160 kB
MemTotal:        1844596 kB
MemFree:           80872 kB
MemAvailable:    1362824 kB
Buffers:          106012 kB
Cached:          1189160 kB
MemTotal:        1844596 kB
MemFree:           80872 kB
MemAvailable:    1362824 kB
Buffers:          106012 kB
Cached:          1189160 kB
MemTotal:        1844596 kB
MemFree:           80916 kB
MemAvailable:    1362868 kB
Buffers:          106012 kB
Cached:          1189160 kB
MemTotal:        1844596 kB
MemFree:           80820 kB
MemAvailable:    1362772 kB
Buffers:          106012 kB
Cached:          1189160 kB
MemTotal:        1844596 kB
MemFree:           80804 kB
MemAvailable:    1362756 kB
Buffers:          106012 kB
Cached:          1189160 kB
MemTotal:        1844596 kB
MemFree:           80432 kB
MemAvailable:    1362384 kB
Buffers:          106012 kB
Cached:          1189160 kB
MemTotal:        1844596 kB
MemFree:           80432 kB
MemAvailable:    1362384 kB
Buffers:          106012 kB
Cached:          1189160 kB
MemTotal:        1844596 kB
MemFree:           79928 kB
MemAvailable:    1361880 kB
Buffers:          106012 kB
Cached:          1189160 kB
MemTotal:        1844596 kB
MemFree:           77340 kB
MemAvailable:    1359292 kB
Buffers:          106012 kB
Cached:          1189160 kB
MemTotal:        1844596 kB
MemFree:           71944 kB
MemAvailable:    1353896 kB
Buffers:          106012 kB
Cached:          1189160 kB
MemTotal:        1844596 kB
MemFree:           71272 kB
MemAvailable:    1353224 kB
Buffers:          106012 kB
Cached:          1189160 kB
MemTotal:        1844596 kB
MemFree:           71008 kB
MemAvailable:    1352960 kB
Buffers:          106012 kB
Cached:          1189160 kB
MemTotal:        1844596 kB
MemFree:           70900 kB
MemAvailable:    1352852 kB
Buffers:          106012 kB
Cached:          1189160 kB
MemTotal:        1844596 kB
MemFree:           70712 kB
MemAvailable:    1352664 kB
Buffers:          106012 kB
Cached:          1189160 kB
MemTotal:        1844596 kB
MemFree:           70272 kB
MemAvailable:    1352228 kB
Buffers:          106012 kB
Cached:          1189164 kB
MemTotal:        1844596 kB
MemFree:           69640 kB
MemAvailable:    1351596 kB
Buffers:          106012 kB
Cached:          1189164 kB
MemTotal:        1844596 kB
MemFree:           69024 kB
MemAvailable:    1350980 kB
Buffers:          106012 kB
Cached:          1189164 kB
MemTotal:        1844596 kB
MemFree:           68544 kB
MemAvailable:    1350500 kB
Buffers:          106012 kB
Cached:          1189164 kB
MemTotal:        1844596 kB
MemFree:           67296 kB
MemAvailable:    1349252 kB
Buffers:          106012 kB
Cached:          1189164 kB
MemTotal:        1844596 kB
MemFree:           67164 kB
MemAvailable:    1349120 kB
Buffers:          106012 kB
Cached:          1189164 kB
MemTotal:        1844596 kB
MemFree:           68024 kB
MemAvailable:    1349980 kB
Buffers:          106012 kB
Cached:          1189164 kB
MemTotal:        1844596 kB
MemFree:           68108 kB
MemAvailable:    1350064 kB
Buffers:          106012 kB
Cached:          1189164 kB
MemTotal:        1844596 kB
MemFree:           67856 kB
MemAvailable:    1349896 kB
Buffers:          106012 kB
Cached:          1189288 kB
MemTotal:        1844596 kB
MemFree:           67544 kB
MemAvailable:    1349752 kB
Buffers:          106012 kB
Cached:          1189412 kB
MemTotal:        1844596 kB
MemFree:           67544 kB
MemAvailable:    1349752 kB
Buffers:          106012 kB
Cached:          1189412 kB
MemTotal:        1844596 kB
MemFree:           66244 kB
MemAvailable:    1348620 kB
Buffers:          106012 kB
Cached:          1189536 kB
MemTotal:        1844596 kB
MemFree:           67600 kB
MemAvailable:    1349976 kB
Buffers:          106012 kB
Cached:          1189660 kB
MemTotal:        1844596 kB
MemFree:           67056 kB
MemAvailable:    1349516 kB
Buffers:          106012 kB
Cached:          1189660 kB
MemTotal:        1844596 kB
MemFree:           67308 kB
MemAvailable:    1349768 kB
Buffers:          106012 kB
Cached:          1189660 kB
MemTotal:        1844596 kB
MemFree:           67176 kB
MemAvailable:    1349720 kB
Buffers:          106012 kB
Cached:          1189784 kB
MemTotal:        1844596 kB
MemFree:           67428 kB
MemAvailable:    1349972 kB
Buffers:          106012 kB
Cached:          1189784 kB
MemTotal:        1844596 kB
MemFree:           67028 kB
MemAvailable:    1349572 kB
Buffers:          106012 kB
Cached:          1189784 kB
MemTotal:        1844596 kB
MemFree:           67364 kB
MemAvailable:    1349908 kB
Buffers:          106012 kB
Cached:          1189784 kB
MemTotal:        1844596 kB
MemFree:           67228 kB
MemAvailable:    1349772 kB
Buffers:          106012 kB
Cached:          1189784 kB
MemTotal:        1844596 kB
MemFree:           66456 kB
MemAvailable:    1349000 kB
Buffers:          106012 kB
Cached:          1189784 kB
MemTotal:        1844596 kB
MemFree:           67052 kB
MemAvailable:    1349764 kB
Buffers:          106012 kB
Cached:          1189908 kB
MemTotal:        1844596 kB
MemFree:           67332 kB
MemAvailable:    1350044 kB
Buffers:          106012 kB
Cached:          1189908 kB
MemTotal:        1844596 kB
MemFree:          106280 kB
MemAvailable:    1388236 kB
Buffers:          106012 kB
Cached:          1189152 kB
MemTotal:        1844596 kB
MemFree:          184284 kB
MemAvailable:    1466240 kB
Buffers:          106012 kB
Cached:          1189152 kB
MemTotal:        1844596 kB
MemFree:          250036 kB
MemAvailable:    1532076 kB
Buffers:          106012 kB
Cached:          1189152 kB
