MemTotal:        1844596 kB
MemFree:          400584 kB
MemAvailable:    1546712 kB
Buffers:           86628 kB
Cached:          1094160 kB
MemTotal:        1844596 kB
MemFree:          374684 kB
MemAvailable:    1520860 kB
Buffers:           86628 kB
Cached:          1094212 kB
MemTotal:        1844596 kB
MemFree:          373196 kB
MemAvailable:    1519372 kB
Buffers:           86628 kB
Cached:          1094212 kB
MemTotal:        1844596 kB
MemFree:          373188 kB
MemAvailable:    1519364 kB
Buffers:           86628 kB
Cached:          1094212 kB
MemTotal:        1844596 kB
MemFree:          369972 kB
MemAvailable:    1516148 kB
Buffers:           86628 kB
Cached:          1094212 kB
MemTotal:        1844596 kB
MemFree:          369544 kB
MemAvailable:    1515720 kB
Buffers:           86628 kB
Cached:          1094212 kB
MemTotal:        1844596 kB
MemFree:          369420 kB
MemAvailable:    1515596 kB
Buffers:           86628 kB
Cached:          1094212 kB
MemTotal:        1844596 kB
MemFree:          368420 kB
MemAvailable:    1514596 kB
Buffers:           86628 kB
Cached:          1094212 kB
MemTotal:        1844596 kB
MemFree:          368228 kB
MemAvailable:    1514404 kB
Buffers:           86628 kB
Cached:          1094212 kB
MemTotal:        1844596 kB
MemFree:          364072 kB
MemAvailable:    1510248 kB
Buffers:           86628 kB
Cached:          1094212 kB
MemTotal:        1844596 kB
MemFree:          359912 kB
MemAvailable:    1506088 kB
Buffers:           86628 kB
Cached:          1094212 kB
MemTotal:        1844596 kB
MemFree:          359184 kB
MemAvailable:    1505360 kB
Buffers:           86628 kB
Cached:          1094212 kB
MemTotal:        1844596 kB
MemFree:          358608 kB
MemAvailable:    1504784 kB
Buffers:           86628 kB
Cached:          1094212 kB
MemTotal:        1844596 kB
MemFree:          359848 kB
MemAvailable:    1506024 kB
Buffers:           86628 kB
Cached:          1094212 kB
MemTotal:        1844596 kB
MemFree:          359784 kB
MemAvailable:    1505960 kB
Buffers:           86628 kB
Cached:          1094212 kB
MemTotal:        1844596 kB
MemFree:          359068 kB
MemAvailable:    1505244 kB
Buffers:           86628 kB
Cached:          1094212 kB
MemTotal:        1844596 kB
MemFree:          359368 kB
MemAvailable:    1505544 kB
Buffers:           86628 kB
Cached:          1094212 kB
MemTotal:        1844596 kB
MemFree:          358812 kB
MemAvailable:    1504988 kB
Buffers:           86628 kB
Cached:          1094212 kB
MemTotal:        1844596 kB
MemFree:          359312 kB
MemAvailable:    1505488 kB
Buffers:           86628 kB
Cached:          1094212 kB
MemTotal:        1844596 kB
MemFree:          359024 kB
MemAvailable:    1505200 kB
Buffers:           86628 kB
Cached:          1094212 kB
MemTotal:        1844596 kB
MemFree:          359276 kB
MemAvailable:    1505452 kB
Buffers:           86628 kB
Cached:          1094212 kB
MemTotal:        1844596 kB
MemFree:          357888 kB
MemAvailable:    1504064 kB
Buffers:           86628 kB
Cached:          1094212 kB
MemTotal:        1844596 kB
MemFree:          359128 kB
MemAvailable:    1505304 kB
Buffers:           86628 kB
Cached:          1094212 kB
MemTotal:        1844596 kB
MemFree:          358732 kB
MemAvailable:    1504908 kB
Buffers:           86628 kB
Cached:          1094212 kB
MemTotal:        1844596 kB
MemFree:          359068 kB
MemAvailable:    1505244 kB
Buffers:           86628 kB
Cached:          1094212 kB
MemTotal:        1844596 kB
MemFree:          358688 kB
MemAvailable:    1504864 kB
Buffers:           86628 kB
Cached:          1094212 kB
MemTotal:        1844596 kB
MemFree:          358376 kB
MemAvailable:    1504552 kB
Buffers:           86628 kB
Cached:          1094212 kB
MemTotal:        1844596 kB
MemFree:          358084 kB
MemAvailable:    1504260 kB
Buffers:           86628 kB
Cached:          1094212 kB
MemTotal:        1844596 kB
MemFree:          358200 kB
MemAvailable:    1504376 kB
Buffers:           86628 kB
Cached:          1094212 kB
MemTotal:        1844596 kB
MemFree:          358068 kB
MemAvailable:    1504244 kB
Buffers:           86628 kB
Cached:          1094212 kB
MemTotal:        1844596 kB
MemFree:          357632 kB
MemAvailable:    1503808 kB
Buffers:           86628 kB
Cached:          1094212 kB
MemTotal:        1844596 kB
MemFree:          357888 kB
MemAvailable:    1504064 kB
Buffers:           86628 kB
Cached:          1094212 kB
MemTotal:        1844596 kB
MemFree:          357128 kB
MemAvailable:    1503304 kB
Buffers:           86628 kB
Cached:          1094212 kB
MemTotal:        1844596 kB
MemFree:          356804 kB
MemAvailable:    1502980 kB
Buffers:           86628 kB
Cached:          1094212 kB
MemTotal:        1844596 kB
MemFree:          356580 kB
MemAvailable:    1502756 kB
Buffers:           86628 kB
Cached:          1094212 kB
MemTotal:        1844596 kB
MemFree:          356576 kB
MemAvailable:    1502752 kB
Buffers:           86628 kB
Cached:          1094212 kB
MemTotal:        1844596 kB
MemFree:          356564 kB
MemAvailable:    1502740 kB
Buffers:           86628 kB
Cached:          1094212 kB
MemTotal:        1844596 kB
MemFree:          356816 kB
MemAvailable:    1502992 kB
Buffers:           86628 kB
Cached:          1094212 kB
MemTotal:        1844596 kB
MemFree:          355284 kB
MemAvailable:    1501460 kB
Buffers:           86628 kB
Cached:          1094212 kB
MemTotal:        1844596 kB
MemFree:          356912 kB
MemAvailable:    1503088 kB
Buffers:           86628 kB
Cached:          1094212 kB
MemTotal:        1844596 kB
MemFree:          356808 kB
MemAvailable:    1502984 kB
Buffers:           86628 kB
Cached:          1094212 kB
MemTotal:        1844596 kB
MemFree:          357936 kB
MemAvailable:    1504112 kB
Buffers:           86628 kB
Cached:          1094212 kB
MemTotal:        1844596 kB
MemFree:          357828 kB
MemAvailable:    1504004 kB
Buffers:           86628 kB
Cached:          1094212 kB
MemTotal:        1844596 kB
MemFree:          355640 kB
MemAvailable:    1501816 kB
Buffers:           86628 kB
Cached:          1094212 kB
MemTotal:        1844596 kB
MemFree:          352828 kB
MemAvailable:    1499008 kB
Buffers:           86628 kB
Cached:          1094216 kB
MemTotal:        1844596 kB
MemFree:          351644 kB
MemAvailable:    1497824 kB
Buffers:           86628 kB
Cached:          1094216 kB
MemTotal:        1844596 kB
MemFree:          352760 kB
MemAvailable:    1498940 kB
Buffers:           86628 kB
Cached:          1094216 kB
MemTotal:        1844596 kB
MemFree:          352616 kB
MemAvailable:    1498796 kB
Buffers:           86628 kB
Cached:          1094216 kB
MemTotal:        1844596 kB
MemFree:          352616 kB
MemAvailable:    1498796 kB
Buffers:           86628 kB
Cached:          1094216 kB
MemTotal:        1844596 kB
MemFree:          351348 kB
MemAvailable:    1497528 kB
Buffers:           86628 kB
Cached:          1094216 kB
MemTotal:        1844596 kB
MemFree:          352648 kB
MemAvailable:    1498828 kB
Buffers:           86628 kB
Cached:          1094216 kB
MemTotal:        1844596 kB
MemFree:          352192 kB
MemAvailable:    1498372 kB
Buffers:           86628 kB
Cached:          1094216 kB
MemTotal:        1844596 kB
MemFree:          352192 kB
MemAvailable:    1498372 kB
Buffers:           86628 kB
Cached:          1094216 kB
MemTotal:        1844596 kB
MemFree:          352320 kB
MemAvailable:    1498500 kB
Buffers:           86628 kB
Cached:          1094216 kB
MemTotal:        1844596 kB
MemFree:          351280 kB
MemAvailable:    1497460 kB
Buffers:           86628 kB
Cached:          1094216 kB
MemTotal:        1844596 kB
MemFree:          351280 kB
MemAvailable:    1497460 kB
Buffers:           86628 kB
Cached:          1094216 kB
MemTotal:        1844596 kB
MemFree:          352572 kB
MemAvailable:    1498752 kB
Buffers:           86628 kB
Cached:          1094216 kB
MemTotal:        1844596 kB
MemFree:          351272 kB
MemAvailable:    1497452 kB
Buffers:           86628 kB
Cached:          1094216 kB
MemTotal:        1844596 kB
MemFree:          352340 kB
MemAvailable:    1498520 kB
Buffers:           86628 kB
Cached:          1094216 kB
MemTotal:        1844596 kB
MemFree:          351404 kB
MemAvailable:    1497460 kB
Buffers:           86628 kB
Cached:          1094216 kB
MemTotal:        1844596 kB
MemFree:          348480 kB
MemAvailable:    1494660 kB
Buffers:           86628 kB
Cached:          1094216 kB
MemTotal:        1844596 kB
MemFree:          346504 kB
MemAvailable:    1492684 kB
Buffers:           86628 kB
Cached:          1094216 kB
MemTotal:        1844596 kB
MemFree:          345196 kB
MemAvailable:    1491376 kB
Buffers:           86628 kB
Cached:          1094216 kB
MemTotal:        1844596 kB
MemFree:          344700 kB
MemAvailable:    1490880 kB
Buffers:           86628 kB
Cached:          1094216 kB
MemTotal:        1844596 kB
MemFree:          345752 kB
MemAvailable:    1491932 kB
Buffers:           86628 kB
Cached:          1094216 kB
MemTotal:        1844596 kB
MemFree:          343600 kB
MemAvailable:    1489780 kB
Buffers:           86628 kB
Cached:          1094216 kB
MemTotal:        1844596 kB
MemFree:          343900 kB
MemAvailable:    1490080 kB
Buffers:           86628 kB
Cached:          1094216 kB
MemTotal:        1844596 kB
MemFree:          343220 kB
MemAvailable:    1489400 kB
Buffers:           86628 kB
Cached:          1094216 kB
MemTotal:        1844596 kB
MemFree:          342296 kB
MemAvailable:    1488476 kB
Buffers:           86628 kB
Cached:          1094216 kB
MemTotal:        1844596 kB
MemFree:          343588 kB
MemAvailable:    1489768 kB
Buffers:           86628 kB
Cached:          1094216 kB
MemTotal:        1844596 kB
MemFree:          343716 kB
MemAvailable:    1489896 kB
Buffers:           86628 kB
Cached:          1094216 kB
MemTotal:        1844596 kB
MemFree:          343260 kB
MemAvailable:    1489440 kB
Buffers:           86628 kB
Cached:          1094216 kB
MemTotal:        1844596 kB
MemFree:          343220 kB
MemAvailable:    1489400 kB
Buffers:           86628 kB
Cached:          1094216 kB
MemTotal:        1844596 kB
MemFree:          342216 kB
MemAvailable:    1488396 kB
Buffers:           86628 kB
Cached:          1094216 kB
MemTotal:        1844596 kB
MemFree:          342216 kB
MemAvailable:    1488396 kB
Buffers:           86628 kB
Cached:          1094216 kB
MemTotal:        1844596 kB
MemFree:          342208 kB
MemAvailable:    1488388 kB
Buffers:           86628 kB
Cached:          1094216 kB
MemTotal:        1844596 kB
MemFree:          343468 kB
MemAvailable:    1489648 kB
Buffers:           86628 kB
Cached:          1094216 kB
MemTotal:        1844596 kB
MemFree:          343396 kB
MemAvailable:    1489576 kB
Buffers:           86628 kB
Cached:          1094216 kB
MemTotal:        1844596 kB
MemFree:          343228 kB
MemAvailable:    1489408 kB
Buffers:           86628 kB
Cached:          1094216 kB
MemTotal:        1844596 kB
MemFree:          342220 kB
MemAvailable:    1488400 kB
Buffers:           86628 kB
Cached:          1094216 kB
MemTotal:        1844596 kB
MemFree:          342220 kB
MemAvailable:    1488400 kB
Buffers:           86628 kB
Cached:          1094216 kB
MemTotal:        1844596 kB
MemFree:          343320 kB
MemAvailable:    1489500 kB
Buffers:           86628 kB
Cached:          1094216 kB
MemTotal:        1844596 kB
MemFree:          342724 kB
MemAvailable:    1488904 kB
Buffers:           86628 kB
Cached:          1094216 kB
MemTotal:        1844596 kB
MemFree:          343124 kB
MemAvailable:    1489304 kB
Buffers:           86628 kB
Cached:          1094216 kB
MemTotal:        1844596 kB
MemFree:          342392 kB
MemAvailable:    1488572 kB
Buffers:           86628 kB
Cached:          1094216 kB
MemTotal:        1844596 kB
MemFree:          341840 kB
MemAvailable:    1488020 kB
Buffers:           86628 kB
Cached:          1094216 kB
MemTotal:        1844596 kB
MemFree:          342940 kB
MemAvailable:    1489120 kB
Buffers:           86628 kB
Cached:          1094216 kB
MemTotal:        1844596 kB
MemFree:          342880 kB
MemAvailable:    1489060 kB
Buffers:           86628 kB
Cached:          1094216 kB
MemTotal:        1844596 kB
MemFree:          341268 kB
MemAvailable:    1487448 kB
Buffers:           86628 kB
Cached:          1094216 kB
MemTotal:        1844596 kB
MemFree:          337788 kB
MemAvailable:    1483968 kB
Buffers:           86628 kB
Cached:          1094216 kB
MemTotal:        1844596 kB
MemFree:          337680 kB
MemAvailable:    1483860 kB
Buffers:           86628 kB
Cached:          1094216 kB
MemTotal:        1844596 kB
MemFree:          334076 kB
MemAvailable:    1480256 kB
Buffers:           86628 kB
Cached:          1094216 kB
MemTotal:        1844596 kB
MemFree:          335192 kB
MemAvailable:    1481372 kB
Buffers:           86628 kB
Cached:          1094216 kB
MemTotal:        1844596 kB
MemFree:          333952 kB
MemAvailable:    1480132 kB
Buffers:           86628 kB
Cached:          1094216 kB
MemTotal:        1844596 kB
MemFree:          334928 kB
MemAvailable:    1481116 kB
Buffers:           86628 kB
Cached:          1094224 kB
MemTotal:        1844596 kB
MemFree:          334820 kB
MemAvailable:    1481008 kB
Buffers:           86628 kB
Cached:          1094224 kB
MemTotal:        1844596 kB
MemFree:          334824 kB
MemAvailable:    1481012 kB
Buffers:           86628 kB
Cached:          1094224 kB
MemTotal:        1844596 kB
MemFree:          333524 kB
MemAvailable:    1479712 kB
Buffers:           86628 kB
Cached:          1094224 kB
MemTotal:        1844596 kB
MemFree:          333392 kB
MemAvailable:    1479580 kB
Buffers:           86628 kB
Cached:          1094224 kB
MemTotal:        1844596 kB
MemFree:          334500 kB
MemAvailable:    1480688 kB
Buffers:           86628 kB
Cached:          1094224 kB
MemTotal:        1844596 kB
MemFree:          334668 kB
MemAvailable:    1480856 kB
Buffers:           86628 kB
Cached:          1094224 kB
MemTotal:        1844596 kB
MemFree:          334372 kB
MemAvailable:    1480560 kB
Buffers:           86628 kB
Cached:          1094224 kB
MemTotal:        1844596 kB
MemFree:          333292 kB
MemAvailable:    1479480 kB
Buffers:           86628 kB
Cached:          1094224 kB
MemTotal:        1844596 kB
MemFree:          334468 kB
MemAvailable:    1480656 kB
Buffers:           86628 kB
Cached:          1094224 kB
MemTotal:        1844596 kB
MemFree:          333292 kB
MemAvailable:    1479480 kB
Buffers:           86628 kB
Cached:          1094224 kB
MemTotal:        1844596 kB
MemFree:          334392 kB
MemAvailable:    1480580 kB
Buffers:           86628 kB
Cached:          1094224 kB
MemTotal:        1844596 kB
MemFree:          334392 kB
MemAvailable:    1480580 kB
Buffers:           86628 kB
Cached:          1094224 kB
MemTotal:        1844596 kB
MemFree:          333276 kB
MemAvailable:    1479464 kB
Buffers:           86628 kB
Cached:          1094224 kB
MemTotal:        1844596 kB
MemFree:          333276 kB
MemAvailable:    1479464 kB
Buffers:           86628 kB
Cached:          1094224 kB
MemTotal:        1844596 kB
MemFree:          333144 kB
MemAvailable:    1479332 kB
Buffers:           86628 kB
Cached:          1094224 kB
MemTotal:        1844596 kB
MemFree:          333144 kB
MemAvailable:    1479332 kB
Buffers:           86628 kB
Cached:          1094224 kB
MemTotal:        1844596 kB
MemFree:          334740 kB
MemAvailable:    1480928 kB
Buffers:           86628 kB
Cached:          1094224 kB
MemTotal:        1844596 kB
MemFree:          334432 kB
MemAvailable:    1480620 kB
Buffers:           86628 kB
Cached:          1094224 kB
MemTotal:        1844596 kB
MemFree:          333588 kB
MemAvailable:    1479776 kB
Buffers:           86628 kB
Cached:          1094224 kB
MemTotal:        1844596 kB
MemFree:          334432 kB
MemAvailable:    1480620 kB
Buffers:           86628 kB
Cached:          1094224 kB
MemTotal:        1844596 kB
MemFree:          334684 kB
MemAvailable:    1480872 kB
Buffers:           86628 kB
Cached:          1094224 kB
MemTotal:        1844596 kB
MemFree:          334360 kB
MemAvailable:    1480548 kB
Buffers:           86628 kB
Cached:          1094224 kB
MemTotal:        1844596 kB
MemFree:          334360 kB
MemAvailable:    1480548 kB
Buffers:           86628 kB
Cached:          1094224 kB
MemTotal:        1844596 kB
MemFree:          332588 kB
MemAvailable:    1478776 kB
Buffers:           86628 kB
Cached:          1094224 kB
MemTotal:        1844596 kB
MemFree:          329116 kB
MemAvailable:    1475304 kB
Buffers:           86628 kB
Cached:          1094224 kB
MemTotal:        1844596 kB
MemFree:          326140 kB
MemAvailable:    1472328 kB
Buffers:           86628 kB
Cached:          1094224 kB
MemTotal:        1844596 kB
MemFree:          324528 kB
MemAvailable:    1470716 kB
Buffers:           86628 kB
Cached:          1094224 kB
MemTotal:        1844596 kB
MemFree:          325580 kB
MemAvailable:    1471768 kB
Buffers:           86628 kB
Cached:          1094224 kB
MemTotal:        1844596 kB
MemFree:          325388 kB
MemAvailable:    1471576 kB
Buffers:           86628 kB
Cached:          1094224 kB
MemTotal:        1844596 kB
MemFree:          324512 kB
MemAvailable:    1470700 kB
Buffers:           86628 kB
Cached:          1094224 kB
MemTotal:        1844596 kB
MemFree:          324280 kB
MemAvailable:    1470468 kB
Buffers:           86628 kB
Cached:          1094224 kB
MemTotal:        1844596 kB
MemFree:          323844 kB
MemAvailable:    1470032 kB
Buffers:           86628 kB
Cached:          1094224 kB
MemTotal:        1844596 kB
MemFree:          323224 kB
MemAvailable:    1469412 kB
Buffers:           86628 kB
Cached:          1094224 kB
MemTotal:        1844596 kB
MemFree:          323288 kB
MemAvailable:    1469476 kB
Buffers:           86628 kB
Cached:          1094224 kB
MemTotal:        1844596 kB
MemFree:          322660 kB
MemAvailable:    1468848 kB
Buffers:           86628 kB
Cached:          1094224 kB
MemTotal:        1844596 kB
MemFree:          322304 kB
MemAvailable:    1468492 kB
Buffers:           86628 kB
Cached:          1094224 kB
MemTotal:        1844596 kB
MemFree:          321420 kB
MemAvailable:    1467608 kB
Buffers:           86628 kB
Cached:          1094224 kB
MemTotal:        1844596 kB
MemFree:          322680 kB
MemAvailable:    1468868 kB
Buffers:           86628 kB
Cached:          1094224 kB
MemTotal:        1844596 kB
MemFree:          322364 kB
MemAvailable:    1468552 kB
Buffers:           86628 kB
Cached:          1094224 kB
MemTotal:        1844596 kB
MemFree:          322548 kB
MemAvailable:    1468736 kB
Buffers:           86628 kB
Cached:          1094224 kB
MemTotal:        1844596 kB
MemFree:          322840 kB
MemAvailable:    1469028 kB
Buffers:           86628 kB
Cached:          1094224 kB
MemTotal:        1844596 kB
MemFree:          322404 kB
MemAvailable:    1468592 kB
Buffers:           86628 kB
Cached:          1094224 kB
MemTotal:        1844596 kB
MemFree:          321348 kB
MemAvailable:    1467536 kB
Buffers:           86628 kB
Cached:          1094224 kB
MemTotal:        1844596 kB
MemFree:          322596 kB
MemAvailable:    1468784 kB
Buffers:           86628 kB
Cached:          1094224 kB
MemTotal:        1844596 kB
MemFree:          322792 kB
MemAvailable:    1468980 kB
Buffers:           86628 kB
Cached:          1094224 kB
MemTotal:        1844596 kB
MemFree:          321380 kB
MemAvailable:    1467568 kB
Buffers:           86628 kB
Cached:          1094224 kB
MemTotal:        1844596 kB
MemFree:          322660 kB
MemAvailable:    1468848 kB
Buffers:           86628 kB
Cached:          1094224 kB
MemTotal:        1844596 kB
MemFree:          322428 kB
MemAvailable:    1468616 kB
Buffers:           86628 kB
Cached:          1094224 kB
MemTotal:        1844596 kB
MemFree:          322660 kB
MemAvailable:    1468848 kB
Buffers:           86628 kB
Cached:          1094224 kB
MemTotal:        1844596 kB
MemFree:          322912 kB
MemAvailable:    1469100 kB
Buffers:           86628 kB
Cached:          1094224 kB
MemTotal:        1844596 kB
MemFree:          322732 kB
MemAvailable:    1468920 kB
Buffers:           86628 kB
Cached:          1094224 kB
MemTotal:        1844596 kB
MemFree:          322728 kB
MemAvailable:    1468916 kB
Buffers:           86628 kB
Cached:          1094224 kB
MemTotal:        1844596 kB
MemFree:          321380 kB
MemAvailable:    1467568 kB
Buffers:           86628 kB
Cached:          1094224 kB
MemTotal:        1844596 kB
MemFree:          322608 kB
MemAvailable:    1468796 kB
Buffers:           86628 kB
Cached:          1094224 kB
MemTotal:        1844596 kB
MemFree:          322608 kB
MemAvailable:    1468796 kB
Buffers:           86628 kB
Cached:          1094224 kB
MemTotal:        1844596 kB
MemFree:          322456 kB
MemAvailable:    1468644 kB
Buffers:           86628 kB
Cached:          1094224 kB
MemTotal:        1844596 kB
MemFree:          321372 kB
MemAvailable:    1467560 kB
Buffers:           86628 kB
Cached:          1094224 kB
MemTotal:        1844596 kB
MemFree:          322648 kB
MemAvailable:    1468836 kB
Buffers:           86628 kB
Cached:          1094224 kB
MemTotal:        1844596 kB
MemFree:          322732 kB
MemAvailable:    1468920 kB
Buffers:           86628 kB
Cached:          1094224 kB
MemTotal:        1844596 kB
MemFree:          322572 kB
MemAvailable:    1468760 kB
Buffers:           86628 kB
Cached:          1094224 kB
MemTotal:        1844596 kB
MemFree:          322572 kB
MemAvailable:    1468760 kB
Buffers:           86628 kB
Cached:          1094224 kB
MemTotal:        1844596 kB
MemFree:          322296 kB
MemAvailable:    1468484 kB
Buffers:           86628 kB
Cached:          1094224 kB
MemTotal:        1844596 kB
MemFree:          322540 kB
MemAvailable:    1468728 kB
Buffers:           86628 kB
Cached:          1094224 kB
MemTotal:        1844596 kB
MemFree:          321368 kB
MemAvailable:    1467556 kB
Buffers:           86628 kB
Cached:          1094224 kB
MemTotal:        1844596 kB
MemFree:          322704 kB
MemAvailable:    1468892 kB
Buffers:           86628 kB
Cached:          1094224 kB
MemTotal:        1844596 kB
MemFree:          322532 kB
MemAvailable:    1468720 kB
Buffers:           86628 kB
Cached:          1094224 kB
MemTotal:        1844596 kB
MemFree:          321476 kB
MemAvailable:    1467664 kB
Buffers:           86628 kB
Cached:          1094224 kB
MemTotal:        1844596 kB
MemFree:          322652 kB
MemAvailable:    1468840 kB
Buffers:           86628 kB
Cached:          1094224 kB
MemTotal:        1844596 kB
MemFree:          322688 kB
MemAvailable:    1468876 kB
Buffers:           86628 kB
Cached:          1094224 kB
MemTotal:        1844596 kB
MemFree:          322604 kB
MemAvailable:    1468792 kB
Buffers:           86628 kB
Cached:          1094224 kB
MemTotal:        1844596 kB
MemFree:          322744 kB
MemAvailable:    1468932 kB
Buffers:           86628 kB
Cached:          1094224 kB
MemTotal:        1844596 kB
MemFree:          322544 kB
MemAvailable:    1468732 kB
Buffers:           86628 kB
Cached:          1094224 kB
MemTotal:        1844596 kB
MemFree:          321628 kB
MemAvailable:    1467816 kB
Buffers:           86628 kB
Cached:          1094224 kB
MemTotal:        1844596 kB
MemFree:          321380 kB
MemAvailable:    1467568 kB
Buffers:           86628 kB
Cached:          1094224 kB
MemTotal:        1844596 kB
MemFree:          322536 kB
MemAvailable:    1468724 kB
Buffers:           86628 kB
Cached:          1094224 kB
MemTotal:        1844596 kB
MemFree:          322788 kB
MemAvailable:    1468976 kB
Buffers:           86628 kB
Cached:          1094224 kB
MemTotal:        1844596 kB
MemFree:          321296 kB
MemAvailable:    1467484 kB
Buffers:           86628 kB
Cached:          1094224 kB
MemTotal:        1844596 kB
MemFree:          321296 kB
MemAvailable:    1467484 kB
Buffers:           86628 kB
Cached:          1094224 kB
MemTotal:        1844596 kB
MemFree:          322396 kB
MemAvailable:    1468584 kB
Buffers:           86628 kB
Cached:          1094224 kB
MemTotal:        1844596 kB
MemFree:          322732 kB
MemAvailable:    1468920 kB
Buffers:           86628 kB
Cached:          1094224 kB
MemTotal:        1844596 kB
MemFree:          321248 kB
MemAvailable:    1467436 kB
Buffers:           86628 kB
Cached:          1094224 kB
MemTotal:        1844596 kB
MemFree:          322440 kB
MemAvailable:    1468628 kB
Buffers:           86628 kB
Cached:          1094224 kB
MemTotal:        1844596 kB
MemFree:          321172 kB
MemAvailable:    1467360 kB
Buffers:           86628 kB
Cached:          1094224 kB
MemTotal:        1844596 kB
MemFree:          321160 kB
MemAvailable:    1467348 kB
Buffers:           86628 kB
Cached:          1094224 kB
MemTotal:        1844596 kB
MemFree:          321160 kB
MemAvailable:    1467348 kB
Buffers:           86628 kB
Cached:          1094224 kB
MemTotal:        1844596 kB
MemFree:          321152 kB
MemAvailable:    1467340 kB
Buffers:           86628 kB
Cached:          1094224 kB
MemTotal:        1844596 kB
MemFree:          322136 kB
MemAvailable:    1468324 kB
Buffers:           86628 kB
Cached:          1094224 kB
MemTotal:        1844596 kB
MemFree:          321808 kB
MemAvailable:    1467996 kB
Buffers:           86628 kB
Cached:          1094224 kB
MemTotal:        1844596 kB
MemFree:          322184 kB
MemAvailable:    1468372 kB
Buffers:           86628 kB
Cached:          1094224 kB
MemTotal:        1844596 kB
MemFree:          321056 kB
MemAvailable:    1467244 kB
Buffers:           86628 kB
Cached:          1094224 kB
MemTotal:        1844596 kB
MemFree:          322516 kB
MemAvailable:    1468708 kB
Buffers:           86628 kB
Cached:          1094228 kB
MemTotal:        1844596 kB
MemFree:          322412 kB
MemAvailable:    1468604 kB
Buffers:           86628 kB
Cached:          1094228 kB
MemTotal:        1844596 kB
MemFree:          320916 kB
MemAvailable:    1467108 kB
Buffers:           86628 kB
Cached:          1094228 kB
MemTotal:        1844596 kB
MemFree:          321736 kB
MemAvailable:    1467928 kB
Buffers:           86628 kB
Cached:          1094228 kB
MemTotal:        1844596 kB
MemFree:          321696 kB
MemAvailable:    1467896 kB
Buffers:           86628 kB
Cached:          1094236 kB
MemTotal:        1844596 kB
MemFree:          320560 kB
MemAvailable:    1466760 kB
Buffers:           86628 kB
Cached:          1094236 kB
MemTotal:        1844596 kB
MemFree:          320304 kB
MemAvailable:    1466504 kB
Buffers:           86628 kB
Cached:          1094236 kB
MemTotal:        1844596 kB
MemFree:          320560 kB
MemAvailable:    1466760 kB
Buffers:           86628 kB
Cached:          1094236 kB
MemTotal:        1844596 kB
MemFree:          320552 kB
MemAvailable:    1466752 kB
Buffers:           86628 kB
Cached:          1094236 kB
MemTotal:        1844596 kB
MemFree:          321612 kB
MemAvailable:    1467812 kB
Buffers:           86628 kB
Cached:          1094236 kB
MemTotal:        1844596 kB
MemFree:          320932 kB
MemAvailable:    1467132 kB
Buffers:           86628 kB
Cached:          1094236 kB
MemTotal:        1844596 kB
MemFree:          320380 kB
MemAvailable:    1466580 kB
Buffers:           86628 kB
Cached:          1094236 kB
MemTotal:        1844596 kB
MemFree:          321620 kB
MemAvailable:    1467820 kB
Buffers:           86628 kB
Cached:          1094236 kB
MemTotal:        1844596 kB
MemFree:          320744 kB
MemAvailable:    1466944 kB
Buffers:           86628 kB
Cached:          1094236 kB
MemTotal:        1844596 kB
MemFree:          321548 kB
MemAvailable:    1467748 kB
Buffers:           86628 kB
Cached:          1094236 kB
MemTotal:        1844596 kB
MemFree:          320372 kB
MemAvailable:    1466572 kB
Buffers:           86628 kB
Cached:          1094236 kB
MemTotal:        1844596 kB
MemFree:          321704 kB
MemAvailable:    1467904 kB
Buffers:           86628 kB
Cached:          1094236 kB
MemTotal:        1844596 kB
MemFree:          320388 kB
MemAvailable:    1466588 kB
Buffers:           86628 kB
Cached:          1094236 kB
MemTotal:        1844596 kB
MemFree:          320388 kB
MemAvailable:    1466588 kB
Buffers:           86628 kB
Cached:          1094236 kB
MemTotal:        1844596 kB
MemFree:          317832 kB
MemAvailable:    1464032 kB
Buffers:           86628 kB
Cached:          1094236 kB
MemTotal:        1844596 kB
MemFree:          313988 kB
MemAvailable:    1460188 kB
Buffers:           86628 kB
Cached:          1094236 kB
MemTotal:        1844596 kB
MemFree:          310640 kB
MemAvailable:    1456840 kB
Buffers:           86628 kB
Cached:          1094236 kB
MemTotal:        1844596 kB
MemFree:          309896 kB
MemAvailable:    1456096 kB
Buffers:           86628 kB
Cached:          1094236 kB
MemTotal:        1844596 kB
MemFree:          310624 kB
MemAvailable:    1456824 kB
Buffers:           86628 kB
Cached:          1094236 kB
MemTotal:        1844596 kB
MemFree:          310624 kB
MemAvailable:    1456824 kB
Buffers:           86628 kB
Cached:          1094236 kB
MemTotal:        1844596 kB
MemFree:          310644 kB
MemAvailable:    1456844 kB
Buffers:           86628 kB
Cached:          1094236 kB
MemTotal:        1844596 kB
MemFree:          310356 kB
MemAvailable:    1456556 kB
Buffers:           86628 kB
Cached:          1094236 kB
MemTotal:        1844596 kB
MemFree:          310516 kB
MemAvailable:    1456716 kB
Buffers:           86628 kB
Cached:          1094236 kB
MemTotal:        1844596 kB
MemFree:          310336 kB
MemAvailable:    1456536 kB
Buffers:           86628 kB
Cached:          1094236 kB
MemTotal:        1844596 kB
MemFree:          309888 kB
MemAvailable:    1456088 kB
Buffers:           86628 kB
Cached:          1094236 kB
MemTotal:        1844596 kB
MemFree:          309284 kB
MemAvailable:    1455484 kB
Buffers:           86628 kB
Cached:          1094236 kB
MemTotal:        1844596 kB
MemFree:          308036 kB
MemAvailable:    1454236 kB
Buffers:           86628 kB
Cached:          1094236 kB
MemTotal:        1844596 kB
MemFree:          307416 kB
MemAvailable:    1453616 kB
Buffers:           86628 kB
Cached:          1094236 kB
MemTotal:        1844596 kB
MemFree:          308336 kB
MemAvailable:    1454536 kB
Buffers:           86628 kB
Cached:          1094236 kB
MemTotal:        1844596 kB
MemFree:          307176 kB
MemAvailable:    1453376 kB
Buffers:           86628 kB
Cached:          1094236 kB
MemTotal:        1844596 kB
MemFree:          308456 kB
MemAvailable:    1454656 kB
Buffers:           86628 kB
Cached:          1094236 kB
MemTotal:        1844596 kB
MemFree:          306856 kB
MemAvailable:    1453056 kB
Buffers:           86628 kB
Cached:          1094236 kB
MemTotal:        1844596 kB
MemFree:          308292 kB
MemAvailable:    1454492 kB
Buffers:           86628 kB
Cached:          1094236 kB
MemTotal:        1844596 kB
MemFree:          308076 kB
MemAvailable:    1454276 kB
Buffers:           86628 kB
Cached:          1094236 kB
MemTotal:        1844596 kB
MemFree:          306880 kB
MemAvailable:    1453080 kB
Buffers:           86628 kB
Cached:          1094236 kB
MemTotal:        1844596 kB
MemFree:          306848 kB
MemAvailable:    1453048 kB
Buffers:           86628 kB
Cached:          1094236 kB
MemTotal:        1844596 kB
MemFree:          308124 kB
MemAvailable:    1454324 kB
Buffers:           86628 kB
Cached:          1094236 kB
MemTotal:        1844596 kB
MemFree:          308292 kB
MemAvailable:    1454492 kB
Buffers:           86628 kB
Cached:          1094236 kB
MemTotal:        1844596 kB
MemFree:          308152 kB
MemAvailable:    1454352 kB
Buffers:           86628 kB
Cached:          1094236 kB
MemTotal:        1844596 kB
MemFree:          308292 kB
MemAvailable:    1454492 kB
Buffers:           86628 kB
Cached:          1094236 kB
MemTotal:        1844596 kB
MemFree:          307980 kB
MemAvailable:    1454180 kB
Buffers:           86628 kB
Cached:          1094236 kB
MemTotal:        1844596 kB
MemFree:          308236 kB
MemAvailable:    1454436 kB
Buffers:           86628 kB
Cached:          1094236 kB
MemTotal:        1844596 kB
MemFree:          308040 kB
MemAvailable:    1454240 kB
Buffers:           86628 kB
Cached:          1094236 kB
MemTotal:        1844596 kB
MemFree:          306664 kB
MemAvailable:    1452864 kB
Buffers:           86628 kB
Cached:          1094236 kB
MemTotal:        1844596 kB
MemFree:          307168 kB
MemAvailable:    1453368 kB
Buffers:           86628 kB
Cached:          1094236 kB
MemTotal:        1844596 kB
MemFree:          306036 kB
MemAvailable:    1452236 kB
Buffers:           86628 kB
Cached:          1094236 kB
MemTotal:        1844596 kB
MemFree:          305680 kB
MemAvailable:    1451880 kB
Buffers:           86628 kB
Cached:          1094236 kB
MemTotal:        1844596 kB
MemFree:          305872 kB
MemAvailable:    1452072 kB
Buffers:           86628 kB
Cached:          1094236 kB
MemTotal:        1844596 kB
MemFree:          305860 kB
MemAvailable:    1452060 kB
Buffers:           86628 kB
Cached:          1094236 kB
MemTotal:        1844596 kB
MemFree:          305936 kB
MemAvailable:    1452136 kB
Buffers:           86628 kB
Cached:          1094236 kB
MemTotal:        1844596 kB
MemFree:          305808 kB
MemAvailable:    1452008 kB
Buffers:           86628 kB
Cached:          1094236 kB
MemTotal:        1844596 kB
MemFree:          304944 kB
MemAvailable:    1451144 kB
Buffers:           86628 kB
Cached:          1094236 kB
MemTotal:        1844596 kB
MemFree:          304316 kB
MemAvailable:    1450516 kB
Buffers:           86628 kB
Cached:          1094236 kB
MemTotal:        1844596 kB
MemFree:          304300 kB
MemAvailable:    1450500 kB
Buffers:           86628 kB
Cached:          1094236 kB
MemTotal:        1844596 kB
MemFree:          304068 kB
MemAvailable:    1450144 kB
Buffers:           86628 kB
Cached:          1094236 kB
MemTotal:        1844596 kB
MemFree:          302896 kB
MemAvailable:    1449096 kB
Buffers:           86628 kB
Cached:          1094236 kB
MemTotal:        1844596 kB
MemFree:          303964 kB
MemAvailable:    1450164 kB
Buffers:           86628 kB
Cached:          1094236 kB
MemTotal:        1844596 kB
MemFree:          303872 kB
MemAvailable:    1450072 kB
Buffers:           86628 kB
Cached:          1094236 kB
MemTotal:        1844596 kB
MemFree:          301960 kB
MemAvailable:    1448160 kB
Buffers:           86628 kB
Cached:          1094236 kB
MemTotal:        1844596 kB
MemFree:          302936 kB
MemAvailable:    1449136 kB
Buffers:           86628 kB
Cached:          1094236 kB
MemTotal:        1844596 kB
MemFree:          303272 kB
MemAvailable:    1449472 kB
Buffers:           86628 kB
Cached:          1094236 kB
MemTotal:        1844596 kB
MemFree:          303196 kB
MemAvailable:    1449396 kB
Buffers:           86628 kB
Cached:          1094236 kB
MemTotal:        1844596 kB
MemFree:          302956 kB
MemAvailable:    1449156 kB
Buffers:           86628 kB
Cached:          1094236 kB
MemTotal:        1844596 kB
MemFree:          301780 kB
MemAvailable:    1447980 kB
Buffers:           86628 kB
Cached:          1094236 kB
MemTotal:        1844596 kB
MemFree:          303076 kB
MemAvailable:    1449276 kB
Buffers:           86628 kB
Cached:          1094236 kB
MemTotal:        1844596 kB
MemFree:          302872 kB
MemAvailable:    1449072 kB
Buffers:           86628 kB
Cached:          1094236 kB
MemTotal:        1844596 kB
MemFree:          302952 kB
MemAvailable:    1449152 kB
Buffers:           86628 kB
Cached:          1094236 kB
MemTotal:        1844596 kB
MemFree:          301780 kB
MemAvailable:    1447980 kB
Buffers:           86628 kB
Cached:          1094236 kB
MemTotal:        1844596 kB
MemFree:          302756 kB
MemAvailable:    1448956 kB
Buffers:           86628 kB
Cached:          1094236 kB
MemTotal:        1844596 kB
MemFree:          302084 kB
MemAvailable:    1448284 kB
Buffers:           86628 kB
Cached:          1094236 kB
MemTotal:        1844596 kB
MemFree:          301576 kB
MemAvailable:    1447784 kB
Buffers:           86628 kB
Cached:          1094244 kB
MemTotal:        1844596 kB
MemFree:          302868 kB
MemAvailable:    1449076 kB
Buffers:           86628 kB
Cached:          1094244 kB
MemTotal:        1844596 kB
MemFree:          301824 kB
MemAvailable:    1448032 kB
Buffers:           86628 kB
Cached:          1094244 kB
MemTotal:        1844596 kB
MemFree:          301824 kB
MemAvailable:    1448032 kB
Buffers:           86628 kB
Cached:          1094244 kB
MemTotal:        1844596 kB
MemFree:          302812 kB
MemAvailable:    1449020 kB
Buffers:           86628 kB
Cached:          1094244 kB
MemTotal:        1844596 kB
MemFree:          302588 kB
MemAvailable:    1448796 kB
Buffers:           86628 kB
Cached:          1094244 kB
MemTotal:        1844596 kB
MemFree:          302840 kB
MemAvailable:    1449048 kB
Buffers:           86628 kB
Cached:          1094244 kB
MemTotal:        1844596 kB
MemFree:          302752 kB
MemAvailable:    1448960 kB
Buffers:           86628 kB
Cached:          1094244 kB
MemTotal:        1844596 kB
MemFree:          302216 kB
MemAvailable:    1448424 kB
Buffers:           86628 kB
Cached:          1094244 kB
MemTotal:        1844596 kB
MemFree:          302688 kB
MemAvailable:    1448896 kB
Buffers:           86628 kB
Cached:          1094244 kB
MemTotal:        1844596 kB
MemFree:          302704 kB
MemAvailable:    1448912 kB
Buffers:           86628 kB
Cached:          1094244 kB
MemTotal:        1844596 kB
MemFree:          302816 kB
MemAvailable:    1449024 kB
Buffers:           86628 kB
Cached:          1094244 kB
MemTotal:        1844596 kB
MemFree:          301528 kB
MemAvailable:    1447736 kB
Buffers:           86628 kB
Cached:          1094244 kB
MemTotal:        1844596 kB
MemFree:          302672 kB
MemAvailable:    1448880 kB
Buffers:           86628 kB
Cached:          1094244 kB
MemTotal:        1844596 kB
MemFree:          302924 kB
MemAvailable:    1449132 kB
Buffers:           86628 kB
Cached:          1094244 kB
MemTotal:        1844596 kB
MemFree:          300472 kB
MemAvailable:    1446680 kB
Buffers:           86628 kB
Cached:          1094244 kB
MemTotal:        1844596 kB
MemFree:          301456 kB
MemAvailable:    1447664 kB
Buffers:           86628 kB
Cached:          1094244 kB
MemTotal:        1844596 kB
MemFree:          301540 kB
MemAvailable:    1447748 kB
Buffers:           86628 kB
Cached:          1094244 kB
MemTotal:        1844596 kB
MemFree:          299968 kB
MemAvailable:    1446176 kB
Buffers:           86628 kB
Cached:          1094244 kB
MemTotal:        1844596 kB
MemFree:          299788 kB
MemAvailable:    1445996 kB
Buffers:           86628 kB
Cached:          1094244 kB
MemTotal:        1844596 kB
MemFree:          298468 kB
MemAvailable:    1444676 kB
Buffers:           86628 kB
Cached:          1094244 kB
MemTotal:        1844596 kB
MemFree:          297620 kB
MemAvailable:    1443828 kB
Buffers:           86628 kB
Cached:          1094244 kB
MemTotal:        1844596 kB
MemFree:          293272 kB
MemAvailable:    1439480 kB
Buffers:           86628 kB
Cached:          1094244 kB
MemTotal:        1844596 kB
MemFree:          290800 kB
MemAvailable:    1437008 kB
Buffers:           86628 kB
Cached:          1094244 kB
MemTotal:        1844596 kB
MemFree:          287452 kB
MemAvailable:    1433660 kB
Buffers:           86628 kB
Cached:          1094244 kB
MemTotal:        1844596 kB
MemFree:          284248 kB
MemAvailable:    1430456 kB
Buffers:           86628 kB
Cached:          1094244 kB
MemTotal:        1844596 kB
MemFree:          282940 kB
MemAvailable:    1429148 kB
Buffers:           86628 kB
Cached:          1094244 kB
MemTotal:        1844596 kB
MemFree:          284088 kB
MemAvailable:    1430296 kB
Buffers:           86628 kB
Cached:          1094244 kB
MemTotal:        1844596 kB
MemFree:          283360 kB
MemAvailable:    1429568 kB
Buffers:           86628 kB
Cached:          1094244 kB
MemTotal:        1844596 kB
MemFree:          284108 kB
MemAvailable:    1430316 kB
Buffers:           86628 kB
Cached:          1094244 kB
MemTotal:        1844596 kB
MemFree:          284108 kB
MemAvailable:    1430316 kB
Buffers:           86628 kB
Cached:          1094244 kB
MemTotal:        1844596 kB
MemFree:          283976 kB
MemAvailable:    1430184 kB
Buffers:           86628 kB
Cached:          1094244 kB
MemTotal:        1844596 kB
MemFree:          282872 kB
MemAvailable:    1429080 kB
Buffers:           86628 kB
Cached:          1094244 kB
MemTotal:        1844596 kB
MemFree:          283908 kB
MemAvailable:    1430124 kB
Buffers:           86628 kB
Cached:          1094252 kB
MemTotal:        1844596 kB
MemFree:          282608 kB
MemAvailable:    1428824 kB
Buffers:           86628 kB
Cached:          1094252 kB
MemTotal:        1844596 kB
MemFree:          283904 kB
MemAvailable:    1430120 kB
Buffers:           86628 kB
Cached:          1094252 kB
MemTotal:        1844596 kB
MemFree:          282472 kB
MemAvailable:    1428688 kB
Buffers:           86628 kB
Cached:          1094252 kB
MemTotal:        1844596 kB
MemFree:          282120 kB
MemAvailable:    1428336 kB
Buffers:           86628 kB
Cached:          1094252 kB
MemTotal:        1844596 kB
MemFree:          283236 kB
MemAvailable:    1429452 kB
Buffers:           86628 kB
Cached:          1094252 kB
MemTotal:        1844596 kB
MemFree:          283040 kB
MemAvailable:    1429256 kB
Buffers:           86628 kB
Cached:          1094252 kB
MemTotal:        1844596 kB
MemFree:          282960 kB
MemAvailable:    1429176 kB
Buffers:           86628 kB
Cached:          1094252 kB
MemTotal:        1844596 kB
MemFree:          282616 kB
MemAvailable:    1428832 kB
Buffers:           86628 kB
Cached:          1094252 kB
MemTotal:        1844596 kB
MemFree:          281940 kB
MemAvailable:    1428156 kB
Buffers:           86628 kB
Cached:          1094252 kB
MemTotal:        1844596 kB
MemFree:          281816 kB
MemAvailable:    1428032 kB
Buffers:           86628 kB
Cached:          1094252 kB
MemTotal:        1844596 kB
MemFree:          282960 kB
MemAvailable:    1429176 kB
Buffers:           86628 kB
Cached:          1094252 kB
MemTotal:        1844596 kB
MemFree:          283212 kB
MemAvailable:    1429428 kB
Buffers:           86628 kB
Cached:          1094252 kB
MemTotal:        1844596 kB
MemFree:          282968 kB
MemAvailable:    1429184 kB
Buffers:           86628 kB
Cached:          1094252 kB
MemTotal:        1844596 kB
MemFree:          282812 kB
MemAvailable:    1429028 kB
Buffers:           86628 kB
Cached:          1094252 kB
MemTotal:        1844596 kB
MemFree:          281600 kB
MemAvailable:    1427816 kB
Buffers:           86628 kB
Cached:          1094252 kB
MemTotal:        1844596 kB
MemFree:          282980 kB
MemAvailable:    1429196 kB
Buffers:           86628 kB
Cached:          1094252 kB
MemTotal:        1844596 kB
MemFree:          282624 kB
MemAvailable:    1428716 kB
Buffers:           86628 kB
Cached:          1094252 kB
MemTotal:        1844596 kB
MemFree:          282876 kB
MemAvailable:    1429092 kB
Buffers:           86628 kB
Cached:          1094252 kB
MemTotal:        1844596 kB
MemFree:          281996 kB
MemAvailable:    1428212 kB
Buffers:           86628 kB
Cached:          1094252 kB
MemTotal:        1844596 kB
MemFree:          283124 kB
MemAvailable:    1429340 kB
Buffers:           86628 kB
Cached:          1094252 kB
MemTotal:        1844596 kB
MemFree:          282244 kB
MemAvailable:    1428460 kB
Buffers:           86628 kB
Cached:          1094252 kB
MemTotal:        1844596 kB
MemFree:          283220 kB
MemAvailable:    1429436 kB
Buffers:           86628 kB
Cached:          1094252 kB
MemTotal:        1844596 kB
MemFree:          282616 kB
MemAvailable:    1428832 kB
Buffers:           86628 kB
Cached:          1094252 kB
MemTotal:        1844596 kB
MemFree:          282900 kB
MemAvailable:    1429116 kB
Buffers:           86628 kB
Cached:          1094252 kB
MemTotal:        1844596 kB
MemFree:          283116 kB
MemAvailable:    1429332 kB
Buffers:           86628 kB
Cached:          1094252 kB
MemTotal:        1844596 kB
MemFree:          281852 kB
MemAvailable:    1428068 kB
Buffers:           86628 kB
Cached:          1094252 kB
MemTotal:        1844596 kB
MemFree:          281840 kB
MemAvailable:    1428056 kB
Buffers:           86628 kB
Cached:          1094252 kB
MemTotal:        1844596 kB
MemFree:          283040 kB
MemAvailable:    1429256 kB
Buffers:           86628 kB
Cached:          1094252 kB
MemTotal:        1844596 kB
MemFree:          283076 kB
MemAvailable:    1429292 kB
Buffers:           86628 kB
Cached:          1094252 kB
MemTotal:        1844596 kB
MemFree:          282304 kB
MemAvailable:    1428520 kB
Buffers:           86628 kB
Cached:          1094252 kB
MemTotal:        1844596 kB
MemFree:          279516 kB
MemAvailable:    1425732 kB
Buffers:           86628 kB
Cached:          1094252 kB
MemTotal:        1844596 kB
MemFree:          275664 kB
MemAvailable:    1421880 kB
Buffers:           86628 kB
Cached:          1094252 kB
MemTotal:        1844596 kB
MemFree:          275060 kB
MemAvailable:    1421276 kB
Buffers:           86628 kB
Cached:          1094252 kB
MemTotal:        1844596 kB
MemFree:          271324 kB
MemAvailable:    1417540 kB
Buffers:           86628 kB
Cached:          1094252 kB
MemTotal:        1844596 kB
MemFree:          271332 kB
MemAvailable:    1417548 kB
Buffers:           86628 kB
Cached:          1094252 kB
MemTotal:        1844596 kB
MemFree:          265364 kB
MemAvailable:    1411580 kB
Buffers:           86628 kB
Cached:          1094252 kB
MemTotal:        1844596 kB
MemFree:          264388 kB
MemAvailable:    1410604 kB
Buffers:           86628 kB
Cached:          1094252 kB
MemTotal:        1844596 kB
MemFree:          264128 kB
MemAvailable:    1410344 kB
Buffers:           86628 kB
Cached:          1094252 kB
MemTotal:        1844596 kB
MemFree:          265560 kB
MemAvailable:    1411780 kB
Buffers:           86628 kB
Cached:          1094256 kB
MemTotal:        1844596 kB
MemFree:          263968 kB
MemAvailable:    1410188 kB
Buffers:           86628 kB
Cached:          1094256 kB
MemTotal:        1844596 kB
MemFree:          265448 kB
MemAvailable:    1411668 kB
Buffers:           86628 kB
Cached:          1094256 kB
MemTotal:        1844596 kB
MemFree:          265512 kB
MemAvailable:    1411732 kB
Buffers:           86628 kB
Cached:          1094256 kB
MemTotal:        1844596 kB
MemFree:          263956 kB
MemAvailable:    1410176 kB
Buffers:           86628 kB
Cached:          1094256 kB
MemTotal:        1844596 kB
MemFree:          265248 kB
MemAvailable:    1411468 kB
Buffers:           86628 kB
Cached:          1094256 kB
MemTotal:        1844596 kB
MemFree:          265500 kB
MemAvailable:    1411720 kB
Buffers:           86628 kB
Cached:          1094256 kB
MemTotal:        1844596 kB
MemFree:          263768 kB
MemAvailable:    1409988 kB
Buffers:           86628 kB
Cached:          1094256 kB
MemTotal:        1844596 kB
MemFree:          264868 kB
MemAvailable:    1411088 kB
Buffers:           86628 kB
Cached:          1094256 kB
MemTotal:        1844596 kB
MemFree:          264868 kB
MemAvailable:    1411088 kB
Buffers:           86628 kB
Cached:          1094256 kB
MemTotal:        1844596 kB
MemFree:          264704 kB
MemAvailable:    1410924 kB
Buffers:           86628 kB
Cached:          1094256 kB
MemTotal:        1844596 kB
MemFree:          264864 kB
MemAvailable:    1411084 kB
Buffers:           86628 kB
Cached:          1094256 kB
MemTotal:        1844596 kB
MemFree:          264644 kB
MemAvailable:    1410864 kB
Buffers:           86628 kB
Cached:          1094256 kB
MemTotal:        1844596 kB
MemFree:          265068 kB
MemAvailable:    1411288 kB
Buffers:           86628 kB
Cached:          1094256 kB
MemTotal:        1844596 kB
MemFree:          265064 kB
MemAvailable:    1411284 kB
Buffers:           86628 kB
Cached:          1094256 kB
MemTotal:        1844596 kB
MemFree:          264952 kB
MemAvailable:    1411172 kB
Buffers:           86628 kB
Cached:          1094256 kB
MemTotal:        1844596 kB
MemFree:          264992 kB
MemAvailable:    1411212 kB
Buffers:           86628 kB
Cached:          1094256 kB
MemTotal:        1844596 kB
MemFree:          264824 kB
MemAvailable:    1411044 kB
Buffers:           86628 kB
Cached:          1094256 kB
MemTotal:        1844596 kB
MemFree:          263700 kB
MemAvailable:    1409920 kB
Buffers:           86628 kB
Cached:          1094256 kB
MemTotal:        1844596 kB
MemFree:          264752 kB
MemAvailable:    1410972 kB
Buffers:           86628 kB
Cached:          1094256 kB
MemTotal:        1844596 kB
MemFree:          264684 kB
MemAvailable:    1410904 kB
Buffers:           86628 kB
Cached:          1094256 kB
MemTotal:        1844596 kB
MemFree:          263992 kB
MemAvailable:    1410212 kB
Buffers:           86628 kB
Cached:          1094256 kB
MemTotal:        1844596 kB
MemFree:          263484 kB
MemAvailable:    1409704 kB
Buffers:           86628 kB
Cached:          1094256 kB
MemTotal:        1844596 kB
MemFree:          263480 kB
MemAvailable:    1409700 kB
Buffers:           86628 kB
Cached:          1094256 kB
MemTotal:        1844596 kB
MemFree:          264928 kB
MemAvailable:    1411148 kB
Buffers:           86628 kB
Cached:          1094256 kB
MemTotal:        1844596 kB
MemFree:          263604 kB
MemAvailable:    1409824 kB
Buffers:           86628 kB
Cached:          1094256 kB
MemTotal:        1844596 kB
MemFree:          264968 kB
MemAvailable:    1411188 kB
Buffers:           86628 kB
Cached:          1094256 kB
MemTotal:        1844596 kB
MemFree:          264980 kB
MemAvailable:    1411200 kB
Buffers:           86628 kB
Cached:          1094256 kB
MemTotal:        1844596 kB
MemFree:          264944 kB
MemAvailable:    1411164 kB
Buffers:           86628 kB
Cached:          1094256 kB
MemTotal:        1844596 kB
MemFree:          264688 kB
MemAvailable:    1410908 kB
Buffers:           86628 kB
Cached:          1094256 kB
MemTotal:        1844596 kB
MemFree:          263760 kB
MemAvailable:    1409980 kB
Buffers:           86628 kB
Cached:          1094256 kB
MemTotal:        1844596 kB
MemFree:          262404 kB
MemAvailable:    1408624 kB
Buffers:           86628 kB
Cached:          1094256 kB
MemTotal:        1844596 kB
MemFree:          259356 kB
MemAvailable:    1405576 kB
Buffers:           86628 kB
Cached:          1094256 kB
MemTotal:        1844596 kB
MemFree:          255396 kB
MemAvailable:    1401616 kB
Buffers:           86628 kB
Cached:          1094256 kB
MemTotal:        1844596 kB
MemFree:          250244 kB
MemAvailable:    1396464 kB
Buffers:           86628 kB
Cached:          1094256 kB
MemTotal:        1844596 kB
MemFree:          250448 kB
MemAvailable:    1396668 kB
Buffers:           86628 kB
Cached:          1094256 kB
MemTotal:        1844596 kB
MemFree:          247524 kB
MemAvailable:    1393744 kB
Buffers:           86628 kB
Cached:          1094256 kB
MemTotal:        1844596 kB
MemFree:          247496 kB
MemAvailable:    1393716 kB
Buffers:           86628 kB
Cached:          1094256 kB
MemTotal:        1844596 kB
MemFree:          247384 kB
MemAvailable:    1393604 kB
Buffers:           86628 kB
Cached:          1094256 kB
MemTotal:        1844596 kB
MemFree:          247256 kB
MemAvailable:    1393476 kB
Buffers:           86628 kB
Cached:          1094256 kB
MemTotal:        1844596 kB
MemFree:          246664 kB
MemAvailable:    1392884 kB
Buffers:           86628 kB
Cached:          1094256 kB
MemTotal:        1844596 kB
MemFree:          245988 kB
MemAvailable:    1392208 kB
Buffers:           86628 kB
Cached:          1094256 kB
MemTotal:        1844596 kB
MemFree:          247268 kB
MemAvailable:    1393488 kB
Buffers:           86628 kB
Cached:          1094256 kB
MemTotal:        1844596 kB
MemFree:          247520 kB
MemAvailable:    1393740 kB
Buffers:           86628 kB
Cached:          1094256 kB
MemTotal:        1844596 kB
MemFree:          247136 kB
MemAvailable:    1393356 kB
Buffers:           86628 kB
Cached:          1094256 kB
MemTotal:        1844596 kB
MemFree:          245904 kB
MemAvailable:    1392124 kB
Buffers:           86628 kB
Cached:          1094256 kB
MemTotal:        1844596 kB
MemFree:          247228 kB
MemAvailable:    1393448 kB
Buffers:           86628 kB
Cached:          1094256 kB
MemTotal:        1844596 kB
MemFree:          247160 kB
MemAvailable:    1393380 kB
Buffers:           86628 kB
Cached:          1094256 kB
MemTotal:        1844596 kB
MemFree:          247260 kB
MemAvailable:    1393480 kB
Buffers:           86628 kB
Cached:          1094256 kB
MemTotal:        1844596 kB
MemFree:          247276 kB
MemAvailable:    1393496 kB
Buffers:           86628 kB
Cached:          1094256 kB
MemTotal:        1844596 kB
MemFree:          247316 kB
MemAvailable:    1393536 kB
Buffers:           86628 kB
Cached:          1094256 kB
MemTotal:        1844596 kB
MemFree:          247244 kB
MemAvailable:    1393464 kB
Buffers:           86628 kB
Cached:          1094256 kB
MemTotal:        1844596 kB
MemFree:          247276 kB
MemAvailable:    1393496 kB
Buffers:           86628 kB
Cached:          1094256 kB
MemTotal:        1844596 kB
MemFree:          247448 kB
MemAvailable:    1393668 kB
Buffers:           86628 kB
Cached:          1094256 kB
MemTotal:        1844596 kB
MemFree:          246100 kB
MemAvailable:    1392320 kB
Buffers:           86628 kB
Cached:          1094256 kB
MemTotal:        1844596 kB
MemFree:          247332 kB
MemAvailable:    1393552 kB
Buffers:           86632 kB
Cached:          1094252 kB
MemTotal:        1844596 kB
MemFree:          245292 kB
MemAvailable:    1391512 kB
Buffers:           86632 kB
Cached:          1094252 kB
MemTotal:        1844596 kB
MemFree:          246268 kB
MemAvailable:    1392488 kB
Buffers:           86632 kB
Cached:          1094252 kB
MemTotal:        1844596 kB
MemFree:          246168 kB
MemAvailable:    1392388 kB
Buffers:           86632 kB
Cached:          1094252 kB
MemTotal:        1844596 kB
MemFree:          246236 kB
MemAvailable:    1392456 kB
Buffers:           86632 kB
Cached:          1094252 kB
MemTotal:        1844596 kB
MemFree:          244892 kB
MemAvailable:    1391112 kB
Buffers:           86632 kB
Cached:          1094252 kB
MemTotal:        1844596 kB
MemFree:          246220 kB
MemAvailable:    1392440 kB
Buffers:           86632 kB
Cached:          1094252 kB
MemTotal:        1844596 kB
MemFree:          246160 kB
MemAvailable:    1392380 kB
Buffers:           86632 kB
Cached:          1094252 kB
MemTotal:        1844596 kB
MemFree:          242308 kB
MemAvailable:    1388528 kB
Buffers:           86632 kB
Cached:          1094252 kB
MemTotal:        1844596 kB
MemFree:          241704 kB
MemAvailable:    1387924 kB
Buffers:           86632 kB
Cached:          1094252 kB
MemTotal:        1844596 kB
MemFree:          238596 kB
MemAvailable:    1384816 kB
Buffers:           86632 kB
Cached:          1094252 kB
MemTotal:        1844596 kB
MemFree:          236232 kB
MemAvailable:    1382452 kB
Buffers:           86632 kB
Cached:          1094252 kB
MemTotal:        1844596 kB
MemFree:          234192 kB
MemAvailable:    1380412 kB
Buffers:           86632 kB
Cached:          1094252 kB
MemTotal:        1844596 kB
MemFree:          231776 kB
MemAvailable:    1377996 kB
Buffers:           86632 kB
Cached:          1094252 kB
MemTotal:        1844596 kB
MemFree:          229924 kB
MemAvailable:    1376144 kB
Buffers:           86632 kB
Cached:          1094252 kB
MemTotal:        1844596 kB
MemFree:          224816 kB
MemAvailable:    1371048 kB
Buffers:           86632 kB
Cached:          1094264 kB
MemTotal:        1844596 kB
MemFree:          224088 kB
MemAvailable:    1370320 kB
Buffers:           86632 kB
Cached:          1094264 kB
MemTotal:        1844596 kB
MemFree:          222972 kB
MemAvailable:    1369204 kB
Buffers:           86632 kB
Cached:          1094264 kB
MemTotal:        1844596 kB
MemFree:          221544 kB
MemAvailable:    1367776 kB
Buffers:           86632 kB
Cached:          1094264 kB
MemTotal:        1844596 kB
MemFree:          218880 kB
MemAvailable:    1365112 kB
Buffers:           86632 kB
Cached:          1094264 kB
MemTotal:        1844596 kB
MemFree:          217228 kB
MemAvailable:    1363460 kB
Buffers:           86632 kB
Cached:          1094264 kB
MemTotal:        1844596 kB
MemFree:          215904 kB
MemAvailable:    1362136 kB
Buffers:           86632 kB
Cached:          1094264 kB
MemTotal:        1844596 kB
MemFree:          215392 kB
MemAvailable:    1361624 kB
Buffers:           86632 kB
Cached:          1094264 kB
MemTotal:        1844596 kB
MemFree:          215036 kB
MemAvailable:    1361268 kB
Buffers:           86632 kB
Cached:          1094264 kB
MemTotal:        1844596 kB
MemFree:          215344 kB
MemAvailable:    1361576 kB
Buffers:           86632 kB
Cached:          1094264 kB
MemTotal:        1844596 kB
MemFree:          214236 kB
MemAvailable:    1360468 kB
Buffers:           86632 kB
Cached:          1094264 kB
MemTotal:        1844596 kB
MemFree:          215740 kB
MemAvailable:    1361972 kB
Buffers:           86632 kB
Cached:          1094264 kB
MemTotal:        1844596 kB
MemFree:          215340 kB
MemAvailable:    1361572 kB
Buffers:           86632 kB
Cached:          1094264 kB
MemTotal:        1844596 kB
MemFree:          215400 kB
MemAvailable:    1361632 kB
Buffers:           86632 kB
Cached:          1094264 kB
MemTotal:        1844596 kB
MemFree:          215596 kB
MemAvailable:    1361828 kB
Buffers:           86632 kB
Cached:          1094264 kB
MemTotal:        1844596 kB
MemFree:          214392 kB
MemAvailable:    1360624 kB
Buffers:           86632 kB
Cached:          1094264 kB
MemTotal:        1844596 kB
MemFree:          214292 kB
MemAvailable:    1360524 kB
Buffers:           86632 kB
Cached:          1094264 kB
MemTotal:        1844596 kB
MemFree:          214236 kB
MemAvailable:    1360468 kB
Buffers:           86632 kB
Cached:          1094264 kB
MemTotal:        1844596 kB
MemFree:          214356 kB
MemAvailable:    1360588 kB
Buffers:           86632 kB
Cached:          1094264 kB
MemTotal:        1844596 kB
MemFree:          214348 kB
MemAvailable:    1360580 kB
Buffers:           86632 kB
Cached:          1094264 kB
MemTotal:        1844596 kB
MemFree:          213028 kB
MemAvailable:    1359260 kB
Buffers:           86632 kB
Cached:          1094264 kB
MemTotal:        1844596 kB
MemFree:          214072 kB
MemAvailable:    1360304 kB
Buffers:           86632 kB
Cached:          1094264 kB
MemTotal:        1844596 kB
MemFree:          213748 kB
MemAvailable:    1359980 kB
Buffers:           86632 kB
Cached:          1094264 kB
MemTotal:        1844596 kB
MemFree:          213804 kB
MemAvailable:    1360036 kB
Buffers:           86632 kB
Cached:          1094264 kB
MemTotal:        1844596 kB
MemFree:          213724 kB
MemAvailable:    1359956 kB
Buffers:           86632 kB
Cached:          1094264 kB
MemTotal:        1844596 kB
MemFree:          212548 kB
MemAvailable:    1358780 kB
Buffers:           86632 kB
Cached:          1094264 kB
MemTotal:        1844596 kB
MemFree:          212308 kB
MemAvailable:    1358540 kB
Buffers:           86632 kB
Cached:          1094264 kB
MemTotal:        1844596 kB
MemFree:          212300 kB
MemAvailable:    1358532 kB
Buffers:           86632 kB
Cached:          1094264 kB
MemTotal:        1844596 kB
MemFree:          212804 kB
MemAvailable:    1359036 kB
Buffers:           86632 kB
Cached:          1094264 kB
MemTotal:        1844596 kB
MemFree:          211448 kB
MemAvailable:    1357680 kB
Buffers:           86632 kB
Cached:          1094264 kB
MemTotal:        1844596 kB
MemFree:          212052 kB
MemAvailable:    1358288 kB
Buffers:           86632 kB
Cached:          1094268 kB
MemTotal:        1844596 kB
MemFree:          210448 kB
MemAvailable:    1356684 kB
Buffers:           86632 kB
Cached:          1094268 kB
MemTotal:        1844596 kB
MemFree:          211608 kB
MemAvailable:    1357844 kB
Buffers:           86632 kB
Cached:          1094268 kB
MemTotal:        1844596 kB
MemFree:          211300 kB
MemAvailable:    1357536 kB
Buffers:           86632 kB
Cached:          1094268 kB
MemTotal:        1844596 kB
MemFree:          210696 kB
MemAvailable:    1356932 kB
Buffers:           86632 kB
Cached:          1094268 kB
MemTotal:        1844596 kB
MemFree:          209896 kB
MemAvailable:    1356132 kB
Buffers:           86632 kB
Cached:          1094268 kB
MemTotal:        1844596 kB
MemFree:          211472 kB
MemAvailable:    1357708 kB
Buffers:           86632 kB
Cached:          1094268 kB
MemTotal:        1844596 kB
MemFree:          209932 kB
MemAvailable:    1356168 kB
Buffers:           86632 kB
Cached:          1094268 kB
MemTotal:        1844596 kB
MemFree:          211116 kB
MemAvailable:    1357352 kB
Buffers:           86632 kB
Cached:          1094268 kB
MemTotal:        1844596 kB
MemFree:          211192 kB
MemAvailable:    1357428 kB
Buffers:           86632 kB
Cached:          1094268 kB
MemTotal:        1844596 kB
MemFree:          211364 kB
MemAvailable:    1357600 kB
Buffers:           86632 kB
Cached:          1094268 kB
MemTotal:        1844596 kB
MemFree:          211192 kB
MemAvailable:    1357428 kB
Buffers:           86632 kB
Cached:          1094268 kB
MemTotal:        1844596 kB
MemFree:          211480 kB
MemAvailable:    1357716 kB
Buffers:           86632 kB
Cached:          1094268 kB
MemTotal:        1844596 kB
MemFree:          211368 kB
MemAvailable:    1357604 kB
Buffers:           86632 kB
Cached:          1094268 kB
MemTotal:        1844596 kB
MemFree:          211308 kB
MemAvailable:    1357544 kB
Buffers:           86632 kB
Cached:          1094268 kB
MemTotal:        1844596 kB
MemFree:          211436 kB
MemAvailable:    1357672 kB
Buffers:           86632 kB
Cached:          1094268 kB
MemTotal:        1844596 kB
MemFree:          211176 kB
MemAvailable:    1357412 kB
Buffers:           86632 kB
Cached:          1094268 kB
MemTotal:        1844596 kB
MemFree:          211068 kB
MemAvailable:    1357304 kB
Buffers:           86632 kB
Cached:          1094268 kB
MemTotal:        1844596 kB
MemFree:          211304 kB
MemAvailable:    1357540 kB
Buffers:           86632 kB
Cached:          1094268 kB
MemTotal:        1844596 kB
MemFree:          210016 kB
MemAvailable:    1356252 kB
Buffers:           86632 kB
Cached:          1094268 kB
MemTotal:        1844596 kB
MemFree:          211352 kB
MemAvailable:    1357588 kB
Buffers:           86632 kB
Cached:          1094268 kB
MemTotal:        1844596 kB
MemFree:          211376 kB
MemAvailable:    1357612 kB
Buffers:           86632 kB
Cached:          1094268 kB
MemTotal:        1844596 kB
MemFree:          210448 kB
MemAvailable:    1356684 kB
Buffers:           86632 kB
Cached:          1094268 kB
MemTotal:        1844596 kB
MemFree:          211624 kB
MemAvailable:    1357864 kB
Buffers:           86632 kB
Cached:          1094272 kB
MemTotal:        1844596 kB
MemFree:          210324 kB
MemAvailable:    1356564 kB
Buffers:           86632 kB
Cached:          1094272 kB
MemTotal:        1844596 kB
MemFree:          211124 kB
MemAvailable:    1357364 kB
Buffers:           86632 kB
Cached:          1094272 kB
MemTotal:        1844596 kB
MemFree:          211316 kB
MemAvailable:    1357556 kB
Buffers:           86632 kB
Cached:          1094272 kB
MemTotal:        1844596 kB
MemFree:          211168 kB
MemAvailable:    1357408 kB
Buffers:           86632 kB
Cached:          1094272 kB
MemTotal:        1844596 kB
MemFree:          211420 kB
MemAvailable:    1357660 kB
Buffers:           86632 kB
Cached:          1094272 kB
MemTotal:        1844596 kB
MemFree:          211256 kB
MemAvailable:    1357496 kB
Buffers:           86632 kB
Cached:          1094272 kB
MemTotal:        1844596 kB
MemFree:          211424 kB
MemAvailable:    1357664 kB
Buffers:           86632 kB
Cached:          1094272 kB
MemTotal:        1844596 kB
MemFree:          211096 kB
MemAvailable:    1357336 kB
Buffers:           86632 kB
Cached:          1094272 kB
MemTotal:        1844596 kB
MemFree:          210136 kB
MemAvailable:    1356376 kB
Buffers:           86632 kB
Cached:          1094272 kB
MemTotal:        1844596 kB
MemFree:          211176 kB
MemAvailable:    1357416 kB
Buffers:           86632 kB
Cached:          1094272 kB
MemTotal:        1844596 kB
MemFree:          211136 kB
MemAvailable:    1357376 kB
Buffers:           86632 kB
Cached:          1094272 kB
MemTotal:        1844596 kB
MemFree:          211028 kB
MemAvailable:    1357268 kB
Buffers:           86632 kB
Cached:          1094272 kB
MemTotal:        1844596 kB
MemFree:          211364 kB
MemAvailable:    1357604 kB
Buffers:           86632 kB
Cached:          1094272 kB
MemTotal:        1844596 kB
MemFree:          211060 kB
MemAvailable:    1357300 kB
Buffers:           86632 kB
Cached:          1094272 kB
MemTotal:        1844596 kB
MemFree:          211228 kB
MemAvailable:    1357468 kB
Buffers:           86632 kB
Cached:          1094272 kB
MemTotal:        1844596 kB
MemFree:          211052 kB
MemAvailable:    1357292 kB
Buffers:           86632 kB
Cached:          1094272 kB
MemTotal:        1844596 kB
MemFree:          211136 kB
MemAvailable:    1357376 kB
Buffers:           86632 kB
Cached:          1094272 kB
MemTotal:        1844596 kB
MemFree:          210868 kB
MemAvailable:    1357108 kB
Buffers:           86632 kB
Cached:          1094272 kB
MemTotal:        1844596 kB
MemFree:          208076 kB
MemAvailable:    1354316 kB
Buffers:           86632 kB
Cached:          1094272 kB
MemTotal:        1844596 kB
MemFree:          208412 kB
MemAvailable:    1354652 kB
Buffers:           86632 kB
Cached:          1094272 kB
MemTotal:        1844596 kB
MemFree:          203876 kB
MemAvailable:    1350116 kB
Buffers:           86632 kB
Cached:          1094272 kB
MemTotal:        1844596 kB
MemFree:          204612 kB
MemAvailable:    1350852 kB
Buffers:           86632 kB
Cached:          1094272 kB
MemTotal:        1844596 kB
MemFree:          204612 kB
MemAvailable:    1350852 kB
Buffers:           86632 kB
Cached:          1094272 kB
MemTotal:        1844596 kB
MemFree:          204440 kB
MemAvailable:    1350684 kB
Buffers:           86632 kB
Cached:          1094276 kB
MemTotal:        1844596 kB
MemFree:          204696 kB
MemAvailable:    1350940 kB
Buffers:           86632 kB
Cached:          1094276 kB
MemTotal:        1844596 kB
MemFree:          203232 kB
MemAvailable:    1349476 kB
Buffers:           86632 kB
Cached:          1094276 kB
MemTotal:        1844596 kB
MemFree:          204300 kB
MemAvailable:    1350544 kB
Buffers:           86632 kB
Cached:          1094276 kB
MemTotal:        1844596 kB
MemFree:          204552 kB
MemAvailable:    1350796 kB
Buffers:           86632 kB
Cached:          1094276 kB
MemTotal:        1844596 kB
MemFree:          204356 kB
MemAvailable:    1350600 kB
Buffers:           86632 kB
Cached:          1094276 kB
MemTotal:        1844596 kB
MemFree:          204692 kB
MemAvailable:    1350936 kB
Buffers:           86632 kB
Cached:          1094276 kB
MemTotal:        1844596 kB
MemFree:          204308 kB
MemAvailable:    1350552 kB
Buffers:           86632 kB
Cached:          1094276 kB
MemTotal:        1844596 kB
MemFree:          204480 kB
MemAvailable:    1350724 kB
Buffers:           86632 kB
Cached:          1094276 kB
MemTotal:        1844596 kB
MemFree:          204324 kB
MemAvailable:    1350568 kB
Buffers:           86632 kB
Cached:          1094276 kB
MemTotal:        1844596 kB
MemFree:          204316 kB
MemAvailable:    1350644 kB
Buffers:           86632 kB
Cached:          1094400 kB
MemTotal:        1844596 kB
MemFree:          203504 kB
MemAvailable:    1349792 kB
Buffers:           86632 kB
Cached:          1094400 kB
MemTotal:        1844596 kB
MemFree:          204432 kB
MemAvailable:    1350928 kB
Buffers:           86632 kB
Cached:          1094648 kB
MemTotal:        1844596 kB
MemFree:          204308 kB
MemAvailable:    1350972 kB
Buffers:           86632 kB
Cached:          1094648 kB
MemTotal:        1844596 kB
MemFree:          204372 kB
MemAvailable:    1351036 kB
Buffers:           86632 kB
Cached:          1094772 kB
MemTotal:        1844596 kB
MemFree:          203736 kB
MemAvailable:    1350568 kB
Buffers:           86632 kB
Cached:          1094896 kB
MemTotal:        1844596 kB
MemFree:          203736 kB
MemAvailable:    1350568 kB
Buffers:           86632 kB
Cached:          1094896 kB
MemTotal:        1844596 kB
MemFree:          203560 kB
MemAvailable:    1350476 kB
Buffers:           86632 kB
Cached:          1094896 kB
MemTotal:        1844596 kB
MemFree:          203560 kB
MemAvailable:    1350476 kB
Buffers:           86632 kB
Cached:          1094896 kB
MemTotal:        1844596 kB
MemFree:          203792 kB
MemAvailable:    1350708 kB
Buffers:           86632 kB
Cached:          1094896 kB
MemTotal:        1844596 kB
MemFree:          203752 kB
MemAvailable:    1350668 kB
Buffers:           86632 kB
Cached:          1094896 kB
MemTotal:        1844596 kB
MemFree:          203464 kB
MemAvailable:    1350380 kB
Buffers:           86632 kB
Cached:          1094896 kB
MemTotal:        1844596 kB
MemFree:          203632 kB
MemAvailable:    1350548 kB
Buffers:           86632 kB
Cached:          1094896 kB
MemTotal:        1844596 kB
MemFree:          203488 kB
MemAvailable:    1350404 kB
Buffers:           86632 kB
Cached:          1094896 kB
MemTotal:        1844596 kB
MemFree:          203572 kB
MemAvailable:    1350488 kB
Buffers:           86632 kB
Cached:          1094896 kB
MemTotal:        1844596 kB
MemFree:          203904 kB
MemAvailable:    1350148 kB
Buffers:           86632 kB
Cached:          1094264 kB
MemTotal:        1844596 kB
MemFree:          204156 kB
MemAvailable:    1350400 kB
Buffers:           86632 kB
Cached:          1094264 kB
MemTotal:        1844596 kB
MemFree:          358128 kB
MemAvailable:    1504372 kB
Buffers:           86632 kB
Cached:          1094264 kB
