MemTotal:        1844596 kB
MemFree:          753608 kB
MemAvailable:    1544808 kB
Buffers:           88220 kB
Cached:           728968 kB
MemTotal:        1844596 kB
MemFree:          725228 kB
MemAvailable:    1516432 kB
Buffers:           88220 kB
Cached:           728972 kB
MemTotal:        1844596 kB
MemFree:          726088 kB
MemAvailable:    1517292 kB
Buffers:           88220 kB
Cached:           728972 kB
MemTotal:        1844596 kB
MemFree:          725220 kB
MemAvailable:    1516424 kB
Buffers:           88220 kB
Cached:           728972 kB
MemTotal:        1844596 kB
MemFree:          724368 kB
MemAvailable:    1515572 kB
Buffers:           88220 kB
Cached:           728972 kB
MemTotal:        1844596 kB
MemFree:          722996 kB
MemAvailable:    1514200 kB
Buffers:           88220 kB
Cached:           728972 kB
MemTotal:        1844596 kB
MemFree:          721624 kB
MemAvailable:    1512828 kB
Buffers:           88220 kB
Cached:           728972 kB
MemTotal:        1844596 kB
MemFree:          720268 kB
MemAvailable:    1511472 kB
Buffers:           88220 kB
Cached:           728972 kB
MemTotal:        1844596 kB
MemFree:          717624 kB
MemAvailable:    1508828 kB
Buffers:           88220 kB
Cached:           728972 kB
MemTotal:        1844596 kB
MemFree:          716424 kB
MemAvailable:    1507628 kB
Buffers:           88220 kB
Cached:           728972 kB
MemTotal:        1844596 kB
MemFree:          710224 kB
MemAvailable:    1501428 kB
Buffers:           88220 kB
Cached:           728972 kB
MemTotal:        1844596 kB
MemFree:          712924 kB
MemAvailable:    1504128 kB
Buffers:           88220 kB
Cached:           728972 kB
MemTotal:        1844596 kB
MemFree:          712944 kB
MemAvailable:    1504148 kB
Buffers:           88220 kB
Cached:           728972 kB
MemTotal:        1844596 kB
MemFree:          712828 kB
MemAvailable:    1504032 kB
Buffers:           88220 kB
Cached:           728972 kB
MemTotal:        1844596 kB
MemFree:          712704 kB
MemAvailable:    1503908 kB
Buffers:           88220 kB
Cached:           728972 kB
MemTotal:        1844596 kB
MemFree:          714192 kB
MemAvailable:    1505396 kB
Buffers:           88220 kB
Cached:           728972 kB
MemTotal:        1844596 kB
MemFree:          712456 kB
MemAvailable:    1503660 kB
Buffers:           88220 kB
Cached:           728972 kB
MemTotal:        1844596 kB
MemFree:          713440 kB
MemAvailable:    1504644 kB
Buffers:           88220 kB
Cached:           728972 kB
MemTotal:        1844596 kB
MemFree:          712068 kB
MemAvailable:    1503272 kB
Buffers:           88220 kB
Cached:           728972 kB
MemTotal:        1844596 kB
MemFree:          712020 kB
MemAvailable:    1503224 kB
Buffers:           88220 kB
Cached:           728972 kB
MemTotal:        1844596 kB
MemFree:          712020 kB
MemAvailable:    1503224 kB
Buffers:           88220 kB
Cached:           728972 kB
MemTotal:        1844596 kB
MemFree:          713004 kB
MemAvailable:    1504208 kB
Buffers:           88220 kB
Cached:           728972 kB
MemTotal:        1844596 kB
MemFree:          712764 kB
MemAvailable:    1503968 kB
Buffers:           88220 kB
Cached:           728972 kB
MemTotal:        1844596 kB
MemFree:          712408 kB
MemAvailable:    1503612 kB
Buffers:           88220 kB
Cached:           728972 kB
MemTotal:        1844596 kB
MemFree:          712216 kB
MemAvailable:    1503420 kB
Buffers:           88220 kB
Cached:           728972 kB
MemTotal:        1844596 kB
MemFree:          711168 kB
MemAvailable:    1502372 kB
Buffers:           88220 kB
Cached:           728972 kB
MemTotal:        1844596 kB
MemFree:          712316 kB
MemAvailable:    1503520 kB
Buffers:           88220 kB
Cached:           728972 kB
MemTotal:        1844596 kB
MemFree:          712316 kB
MemAvailable:    1503520 kB
Buffers:           88220 kB
Cached:           728972 kB
MemTotal:        1844596 kB
MemFree:          710348 kB
MemAvailable:    1501552 kB
Buffers:           88220 kB
Cached:           728972 kB
MemTotal:        1844596 kB
MemFree:          710960 kB
MemAvailable:    1502164 kB
Buffers:           88220 kB
Cached:           728972 kB
MemTotal:        1844596 kB
MemFree:          711044 kB
MemAvailable:    1502248 kB
Buffers:           88220 kB
Cached:           728972 kB
MemTotal:        1844596 kB
MemFree:          710848 kB
MemAvailable:    1502052 kB
Buffers:           88220 kB
Cached:           728972 kB
MemTotal:        1844596 kB
MemFree:          709536 kB
MemAvailable:    1500740 kB
Buffers:           88220 kB
Cached:           728972 kB
MemTotal:        1844596 kB
MemFree:          709664 kB
MemAvailable:    1500868 kB
Buffers:           88220 kB
Cached:           728972 kB
MemTotal:        1844596 kB
MemFree:          711116 kB
MemAvailable:    1502320 kB
Buffers:           88220 kB
Cached:           728972 kB
MemTotal:        1844596 kB
MemFree:          711064 kB
MemAvailable:    1502268 kB
Buffers:           88220 kB
Cached:           728972 kB
MemTotal:        1844596 kB
MemFree:          709536 kB
MemAvailable:    1500740 kB
Buffers:           88220 kB
Cached:           728972 kB
MemTotal:        1844596 kB
MemFree:          709536 kB
MemAvailable:    1500740 kB
Buffers:           88220 kB
Cached:           728972 kB
MemTotal:        1844596 kB
MemFree:          710092 kB
MemAvailable:    1501296 kB
Buffers:           88220 kB
Cached:           728972 kB
MemTotal:        1844596 kB
MemFree:          706628 kB
MemAvailable:    1497832 kB
Buffers:           88220 kB
Cached:           728972 kB
MemTotal:        1844596 kB
MemFree:          705844 kB
MemAvailable:    1497048 kB
Buffers:           88220 kB
Cached:           728972 kB
MemTotal:        1844596 kB
MemFree:          704644 kB
MemAvailable:    1495848 kB
Buffers:           88220 kB
Cached:           728972 kB
MemTotal:        1844596 kB
MemFree:          705380 kB
MemAvailable:    1496588 kB
Buffers:           88220 kB
Cached:           728976 kB
MemTotal:        1844596 kB
MemFree:          705636 kB
MemAvailable:    1496844 kB
Buffers:           88220 kB
Cached:           728976 kB
MemTotal:        1844596 kB
MemFree:          705652 kB
MemAvailable:    1496860 kB
Buffers:           88220 kB
Cached:           728976 kB
MemTotal:        1844596 kB
MemFree:          704964 kB
MemAvailable:    1496172 kB
Buffers:           88220 kB
Cached:           728976 kB
MemTotal:        1844596 kB
MemFree:          705248 kB
MemAvailable:    1496456 kB
Buffers:           88220 kB
Cached:           728976 kB
MemTotal:        1844596 kB
MemFree:          704116 kB
MemAvailable:    1495324 kB
Buffers:           88220 kB
Cached:           728976 kB
MemTotal:        1844596 kB
MemFree:          705184 kB
MemAvailable:    1496392 kB
Buffers:           88220 kB
Cached:           728976 kB
MemTotal:        1844596 kB
MemFree:          704272 kB
MemAvailable:    1495480 kB
Buffers:           88220 kB
Cached:           728976 kB
MemTotal:        1844596 kB
MemFree:          704920 kB
MemAvailable:    1496128 kB
Buffers:           88220 kB
Cached:           728976 kB
MemTotal:        1844596 kB
MemFree:          705140 kB
MemAvailable:    1496348 kB
Buffers:           88220 kB
Cached:           728976 kB
MemTotal:        1844596 kB
MemFree:          703968 kB
MemAvailable:    1495176 kB
Buffers:           88220 kB
Cached:           728976 kB
MemTotal:        1844596 kB
MemFree:          703836 kB
MemAvailable:    1495044 kB
Buffers:           88220 kB
Cached:           728976 kB
MemTotal:        1844596 kB
MemFree:          703964 kB
MemAvailable:    1495172 kB
Buffers:           88220 kB
Cached:           728976 kB
MemTotal:        1844596 kB
MemFree:          703644 kB
MemAvailable:    1494852 kB
Buffers:           88220 kB
Cached:           728976 kB
MemTotal:        1844596 kB
MemFree:          703412 kB
MemAvailable:    1494620 kB
Buffers:           88220 kB
Cached:           728976 kB
MemTotal:        1844596 kB
MemFree:          698196 kB
MemAvailable:    1489404 kB
Buffers:           88220 kB
Cached:           728976 kB
MemTotal:        1844596 kB
MemFree:          699500 kB
MemAvailable:    1490708 kB
Buffers:           88220 kB
Cached:           728976 kB
MemTotal:        1844596 kB
MemFree:          697576 kB
MemAvailable:    1488784 kB
Buffers:           88220 kB
Cached:           728976 kB
MemTotal:        1844596 kB
MemFree:          697452 kB
MemAvailable:    1488660 kB
Buffers:           88220 kB
Cached:           728976 kB
MemTotal:        1844596 kB
MemFree:          697140 kB
MemAvailable:    1488348 kB
Buffers:           88220 kB
Cached:           728976 kB
MemTotal:        1844596 kB
MemFree:          695568 kB
MemAvailable:    1486776 kB
Buffers:           88220 kB
Cached:           728976 kB
MemTotal:        1844596 kB
MemFree:          695336 kB
MemAvailable:    1486544 kB
Buffers:           88220 kB
Cached:           728976 kB
MemTotal:        1844596 kB
MemFree:          696636 kB
MemAvailable:    1487844 kB
Buffers:           88220 kB
Cached:           728976 kB
MemTotal:        1844596 kB
MemFree:          695304 kB
MemAvailable:    1486512 kB
Buffers:           88220 kB
Cached:           728976 kB
MemTotal:        1844596 kB
MemFree:          695296 kB
MemAvailable:    1486504 kB
Buffers:           88220 kB
Cached:           728976 kB
MemTotal:        1844596 kB
MemFree:          695088 kB
MemAvailable:    1486296 kB
Buffers:           88220 kB
Cached:           728976 kB
MemTotal:        1844596 kB
MemFree:          696424 kB
MemAvailable:    1487632 kB
Buffers:           88220 kB
Cached:           728976 kB
MemTotal:        1844596 kB
MemFree:          696404 kB
MemAvailable:    1487612 kB
Buffers:           88220 kB
Cached:           728976 kB
MemTotal:        1844596 kB
MemFree:          696324 kB
MemAvailable:    1487532 kB
Buffers:           88220 kB
Cached:           728976 kB
MemTotal:        1844596 kB
MemFree:          696312 kB
MemAvailable:    1487520 kB
Buffers:           88220 kB
Cached:           728976 kB
MemTotal:        1844596 kB
MemFree:          696312 kB
MemAvailable:    1487520 kB
Buffers:           88220 kB
Cached:           728976 kB
MemTotal:        1844596 kB
MemFree:          695048 kB
MemAvailable:    1486256 kB
Buffers:           88220 kB
Cached:           728976 kB
MemTotal:        1844596 kB
MemFree:          696156 kB
MemAvailable:    1487364 kB
Buffers:           88220 kB
Cached:           728976 kB
MemTotal:        1844596 kB
MemFree:          695724 kB
MemAvailable:    1486932 kB
Buffers:           88220 kB
Cached:           728976 kB
MemTotal:        1844596 kB
MemFree:          695968 kB
MemAvailable:    1487176 kB
Buffers:           88220 kB
Cached:           728976 kB
MemTotal:        1844596 kB
MemFree:          695352 kB
MemAvailable:    1486560 kB
Buffers:           88220 kB
Cached:           728976 kB
MemTotal:        1844596 kB
MemFree:          695824 kB
MemAvailable:    1487032 kB
Buffers:           88220 kB
Cached:           728976 kB
MemTotal:        1844596 kB
MemFree:          696160 kB
MemAvailable:    1487368 kB
Buffers:           88220 kB
Cached:           728976 kB
MemTotal:        1844596 kB
MemFree:          695884 kB
MemAvailable:    1487092 kB
Buffers:           88220 kB
Cached:           728976 kB
MemTotal:        1844596 kB
MemFree:          695816 kB
MemAvailable:    1487024 kB
Buffers:           88220 kB
Cached:           728976 kB
MemTotal:        1844596 kB
MemFree:          695468 kB
MemAvailable:    1486676 kB
Buffers:           88220 kB
Cached:           728976 kB
MemTotal:        1844596 kB
MemFree:          692048 kB
MemAvailable:    1483256 kB
Buffers:           88220 kB
Cached:           728976 kB
MemTotal:        1844596 kB
MemFree:          688772 kB
MemAvailable:    1479980 kB
Buffers:           88220 kB
Cached:           728976 kB
MemTotal:        1844596 kB
MemFree:          688124 kB
MemAvailable:    1479332 kB
Buffers:           88220 kB
Cached:           728976 kB
MemTotal:        1844596 kB
MemFree:          688020 kB
MemAvailable:    1479228 kB
Buffers:           88220 kB
Cached:           728976 kB
MemTotal:        1844596 kB
MemFree:          687724 kB
MemAvailable:    1478932 kB
Buffers:           88220 kB
Cached:           728976 kB
MemTotal:        1844596 kB
MemFree:          687540 kB
MemAvailable:    1478748 kB
Buffers:           88220 kB
Cached:           728976 kB
MemTotal:        1844596 kB
MemFree:          687576 kB
MemAvailable:    1478784 kB
Buffers:           88220 kB
Cached:           728976 kB
MemTotal:        1844596 kB
MemFree:          687516 kB
MemAvailable:    1478724 kB
Buffers:           88220 kB
Cached:           728976 kB
MemTotal:        1844596 kB
MemFree:          687508 kB
MemAvailable:    1478716 kB
Buffers:           88220 kB
Cached:           728976 kB
MemTotal:        1844596 kB
MemFree:          687272 kB
MemAvailable:    1478480 kB
Buffers:           88220 kB
Cached:           728976 kB
MemTotal:        1844596 kB
MemFree:          686016 kB
MemAvailable:    1477224 kB
Buffers:           88220 kB
Cached:           728976 kB
MemTotal:        1844596 kB
MemFree:          687544 kB
MemAvailable:    1478752 kB
Buffers:           88220 kB
Cached:           728976 kB
MemTotal:        1844596 kB
MemFree:          686120 kB
MemAvailable:    1477328 kB
Buffers:           88220 kB
Cached:           728976 kB
MemTotal:        1844596 kB
MemFree:          686120 kB
MemAvailable:    1477328 kB
Buffers:           88220 kB
Cached:           728976 kB
MemTotal:        1844596 kB
MemFree:          687440 kB
MemAvailable:    1478656 kB
Buffers:           88220 kB
Cached:           728984 kB
MemTotal:        1844596 kB
MemFree:          686416 kB
MemAvailable:    1477632 kB
Buffers:           88220 kB
Cached:           728984 kB
MemTotal:        1844596 kB
MemFree:          687196 kB
MemAvailable:    1478412 kB
Buffers:           88220 kB
Cached:           728984 kB
MemTotal:        1844596 kB
MemFree:          687168 kB
MemAvailable:    1478384 kB
Buffers:           88220 kB
Cached:           728984 kB
MemTotal:        1844596 kB
MemFree:          687236 kB
MemAvailable:    1478452 kB
Buffers:           88220 kB
Cached:           728984 kB
MemTotal:        1844596 kB
MemFree:          686672 kB
MemAvailable:    1477888 kB
Buffers:           88220 kB
Cached:           728984 kB
MemTotal:        1844596 kB
MemFree:          687144 kB
MemAvailable:    1478360 kB
Buffers:           88220 kB
Cached:           728984 kB
MemTotal:        1844596 kB
MemFree:          687268 kB
MemAvailable:    1478484 kB
Buffers:           88220 kB
Cached:           728984 kB
MemTotal:        1844596 kB
MemFree:          686244 kB
MemAvailable:    1477460 kB
Buffers:           88220 kB
Cached:           728984 kB
MemTotal:        1844596 kB
MemFree:          685996 kB
MemAvailable:    1477212 kB
Buffers:           88220 kB
Cached:           728984 kB
MemTotal:        1844596 kB
MemFree:          687276 kB
MemAvailable:    1478492 kB
Buffers:           88220 kB
Cached:           728984 kB
MemTotal:        1844596 kB
MemFree:          687528 kB
MemAvailable:    1478744 kB
Buffers:           88220 kB
Cached:           728984 kB
MemTotal:        1844596 kB
MemFree:          685996 kB
MemAvailable:    1477212 kB
Buffers:           88220 kB
Cached:           728984 kB
MemTotal:        1844596 kB
MemFree:          687556 kB
MemAvailable:    1478772 kB
Buffers:           88220 kB
Cached:           728984 kB
MemTotal:        1844596 kB
MemFree:          686656 kB
MemAvailable:    1477872 kB
Buffers:           88220 kB
Cached:           728984 kB
MemTotal:        1844596 kB
MemFree:          686104 kB
MemAvailable:    1477320 kB
Buffers:           88220 kB
Cached:           728984 kB
MemTotal:        1844596 kB
MemFree:          685980 kB
MemAvailable:    1477196 kB
Buffers:           88220 kB
Cached:           728984 kB
MemTotal:        1844596 kB
MemFree:          687256 kB
MemAvailable:    1478472 kB
Buffers:           88220 kB
Cached:           728984 kB
MemTotal:        1844596 kB
MemFree:          686136 kB
MemAvailable:    1477352 kB
Buffers:           88220 kB
Cached:           728984 kB
MemTotal:        1844596 kB
MemFree:          687412 kB
MemAvailable:    1478628 kB
Buffers:           88220 kB
Cached:           728984 kB
MemTotal:        1844596 kB
MemFree:          686664 kB
MemAvailable:    1477880 kB
Buffers:           88220 kB
Cached:           728984 kB
MemTotal:        1844596 kB
MemFree:          687104 kB
MemAvailable:    1478324 kB
Buffers:           88220 kB
Cached:           728988 kB
MemTotal:        1844596 kB
MemFree:          687440 kB
MemAvailable:    1478660 kB
Buffers:           88220 kB
Cached:           728988 kB
MemTotal:        1844596 kB
MemFree:          686168 kB
MemAvailable:    1477388 kB
Buffers:           88220 kB
Cached:           728988 kB
MemTotal:        1844596 kB
MemFree:          686044 kB
MemAvailable:    1477264 kB
Buffers:           88220 kB
Cached:           728988 kB
MemTotal:        1844596 kB
MemFree:          685292 kB
MemAvailable:    1476512 kB
Buffers:           88220 kB
Cached:           728988 kB
MemTotal:        1844596 kB
MemFree:          681208 kB
MemAvailable:    1472428 kB
Buffers:           88220 kB
Cached:           728988 kB
MemTotal:        1844596 kB
MemFree:          679776 kB
MemAvailable:    1470996 kB
Buffers:           88220 kB
Cached:           728988 kB
MemTotal:        1844596 kB
MemFree:          677240 kB
MemAvailable:    1468460 kB
Buffers:           88220 kB
Cached:           728988 kB
MemTotal:        1844596 kB
MemFree:          676612 kB
MemAvailable:    1467832 kB
Buffers:           88220 kB
Cached:           728988 kB
MemTotal:        1844596 kB
MemFree:          676008 kB
MemAvailable:    1467228 kB
Buffers:           88220 kB
Cached:           728988 kB
MemTotal:        1844596 kB
MemFree:          676356 kB
MemAvailable:    1467576 kB
Buffers:           88220 kB
Cached:           728988 kB
MemTotal:        1844596 kB
MemFree:          675124 kB
MemAvailable:    1466344 kB
Buffers:           88220 kB
Cached:           728988 kB
MemTotal:        1844596 kB
MemFree:          675248 kB
MemAvailable:    1466468 kB
Buffers:           88220 kB
Cached:           728988 kB
MemTotal:        1844596 kB
MemFree:          676572 kB
MemAvailable:    1467792 kB
Buffers:           88220 kB
Cached:           728988 kB
MemTotal:        1844596 kB
MemFree:          675752 kB
MemAvailable:    1466972 kB
Buffers:           88220 kB
Cached:           728988 kB
MemTotal:        1844596 kB
MemFree:          676828 kB
MemAvailable:    1468048 kB
Buffers:           88220 kB
Cached:           728988 kB
MemTotal:        1844596 kB
MemFree:          675628 kB
MemAvailable:    1466848 kB
Buffers:           88220 kB
Cached:           728988 kB
MemTotal:        1844596 kB
MemFree:          676316 kB
MemAvailable:    1467536 kB
Buffers:           88220 kB
Cached:           728988 kB
MemTotal:        1844596 kB
MemFree:          676568 kB
MemAvailable:    1467788 kB
Buffers:           88220 kB
Cached:           728988 kB
MemTotal:        1844596 kB
MemFree:          676400 kB
MemAvailable:    1467620 kB
Buffers:           88220 kB
Cached:           728988 kB
MemTotal:        1844596 kB
MemFree:          676572 kB
MemAvailable:    1467792 kB
Buffers:           88220 kB
Cached:           728988 kB
MemTotal:        1844596 kB
MemFree:          676580 kB
MemAvailable:    1467800 kB
Buffers:           88220 kB
Cached:           728988 kB
MemTotal:        1844596 kB
MemFree:          676324 kB
MemAvailable:    1467544 kB
Buffers:           88220 kB
Cached:           728988 kB
MemTotal:        1844596 kB
MemFree:          675092 kB
MemAvailable:    1466312 kB
Buffers:           88220 kB
Cached:           728988 kB
MemTotal:        1844596 kB
MemFree:          676460 kB
MemAvailable:    1467680 kB
Buffers:           88220 kB
Cached:           728988 kB
MemTotal:        1844596 kB
MemFree:          676556 kB
MemAvailable:    1467776 kB
Buffers:           88220 kB
Cached:           728988 kB
MemTotal:        1844596 kB
MemFree:          675660 kB
MemAvailable:    1466880 kB
Buffers:           88220 kB
Cached:           728988 kB
MemTotal:        1844596 kB
MemFree:          676448 kB
MemAvailable:    1467668 kB
Buffers:           88220 kB
Cached:           728988 kB
MemTotal:        1844596 kB
MemFree:          676548 kB
MemAvailable:    1467768 kB
Buffers:           88220 kB
Cached:           728988 kB
MemTotal:        1844596 kB
MemFree:          676032 kB
MemAvailable:    1467252 kB
Buffers:           88220 kB
Cached:           728988 kB
MemTotal:        1844596 kB
MemFree:          676476 kB
MemAvailable:    1467696 kB
Buffers:           88220 kB
Cached:           728988 kB
MemTotal:        1844596 kB
MemFree:          676380 kB
MemAvailable:    1467600 kB
Buffers:           88220 kB
Cached:           728988 kB
MemTotal:        1844596 kB
MemFree:          676636 kB
MemAvailable:    1467856 kB
Buffers:           88220 kB
Cached:           728988 kB
MemTotal:        1844596 kB
MemFree:          676200 kB
MemAvailable:    1467420 kB
Buffers:           88220 kB
Cached:           728988 kB
MemTotal:        1844596 kB
MemFree:          676452 kB
MemAvailable:    1467672 kB
Buffers:           88220 kB
Cached:           728988 kB
MemTotal:        1844596 kB
MemFree:          676516 kB
MemAvailable:    1467736 kB
Buffers:           88220 kB
Cached:           728988 kB
MemTotal:        1844596 kB
MemFree:          676528 kB
MemAvailable:    1467748 kB
Buffers:           88220 kB
Cached:           728988 kB
MemTotal:        1844596 kB
MemFree:          675660 kB
MemAvailable:    1466880 kB
Buffers:           88220 kB
Cached:           728988 kB
MemTotal:        1844596 kB
MemFree:          676308 kB
MemAvailable:    1467528 kB
Buffers:           88220 kB
Cached:           728988 kB
MemTotal:        1844596 kB
MemFree:          676280 kB
MemAvailable:    1467500 kB
Buffers:           88220 kB
Cached:           728988 kB
MemTotal:        1844596 kB
MemFree:          676516 kB
MemAvailable:    1467736 kB
Buffers:           88220 kB
Cached:           728988 kB
MemTotal:        1844596 kB
MemFree:          675088 kB
MemAvailable:    1466308 kB
Buffers:           88220 kB
Cached:           728988 kB
MemTotal:        1844596 kB
MemFree:          675224 kB
MemAvailable:    1466444 kB
Buffers:           88220 kB
Cached:           728988 kB
MemTotal:        1844596 kB
MemFree:          676332 kB
MemAvailable:    1467552 kB
Buffers:           88220 kB
Cached:           728988 kB
MemTotal:        1844596 kB
MemFree:          675216 kB
MemAvailable:    1466436 kB
Buffers:           88220 kB
Cached:           728988 kB
MemTotal:        1844596 kB
MemFree:          676456 kB
MemAvailable:    1467676 kB
Buffers:           88220 kB
Cached:           728988 kB
MemTotal:        1844596 kB
MemFree:          676312 kB
MemAvailable:    1467532 kB
Buffers:           88220 kB
Cached:           728988 kB
MemTotal:        1844596 kB
MemFree:          676652 kB
MemAvailable:    1467872 kB
Buffers:           88220 kB
Cached:           728988 kB
MemTotal:        1844596 kB
MemFree:          676348 kB
MemAvailable:    1467568 kB
Buffers:           88220 kB
Cached:           728988 kB
MemTotal:        1844596 kB
MemFree:          675100 kB
MemAvailable:    1466320 kB
Buffers:           88220 kB
Cached:           728988 kB
MemTotal:        1844596 kB
MemFree:          676388 kB
MemAvailable:    1467612 kB
Buffers:           88220 kB
Cached:           728992 kB
MemTotal:        1844596 kB
MemFree:          676404 kB
MemAvailable:    1467628 kB
Buffers:           88220 kB
Cached:           728992 kB
MemTotal:        1844596 kB
MemFree:          675108 kB
MemAvailable:    1466332 kB
Buffers:           88220 kB
Cached:           728992 kB
MemTotal:        1844596 kB
MemFree:          676376 kB
MemAvailable:    1467600 kB
Buffers:           88220 kB
Cached:           728992 kB
MemTotal:        1844596 kB
MemFree:          676628 kB
MemAvailable:    1467852 kB
Buffers:           88220 kB
Cached:           728992 kB
MemTotal:        1844596 kB
MemFree:          676324 kB
MemAvailable:    1467548 kB
Buffers:           88220 kB
Cached:           728992 kB
MemTotal:        1844596 kB
MemFree:          675768 kB
MemAvailable:    1466992 kB
Buffers:           88220 kB
Cached:           728992 kB
MemTotal:        1844596 kB
MemFree:          675980 kB
MemAvailable:    1467204 kB
Buffers:           88220 kB
Cached:           728992 kB
MemTotal:        1844596 kB
MemFree:          674544 kB
MemAvailable:    1465768 kB
Buffers:           88220 kB
Cached:           728992 kB
MemTotal:        1844596 kB
MemFree:          674172 kB
MemAvailable:    1465396 kB
Buffers:           88220 kB
Cached:           728992 kB
MemTotal:        1844596 kB
MemFree:          675280 kB
MemAvailable:    1466504 kB
Buffers:           88220 kB
Cached:           728992 kB
MemTotal:        1844596 kB
MemFree:          675536 kB
MemAvailable:    1466760 kB
Buffers:           88220 kB
Cached:           728992 kB
MemTotal:        1844596 kB
MemFree:          674040 kB
MemAvailable:    1465264 kB
Buffers:           88220 kB
Cached:           728992 kB
MemTotal:        1844596 kB
MemFree:          674288 kB
MemAvailable:    1465512 kB
Buffers:           88220 kB
Cached:           728992 kB
MemTotal:        1844596 kB
MemFree:          673924 kB
MemAvailable:    1465148 kB
Buffers:           88220 kB
Cached:           728992 kB
MemTotal:        1844596 kB
MemFree:          675116 kB
MemAvailable:    1466340 kB
Buffers:           88220 kB
Cached:           728992 kB
MemTotal:        1844596 kB
MemFree:          675048 kB
MemAvailable:    1466272 kB
Buffers:           88220 kB
Cached:           728992 kB
MemTotal:        1844596 kB
MemFree:          675032 kB
MemAvailable:    1466256 kB
Buffers:           88220 kB
Cached:           728992 kB
MemTotal:        1844596 kB
MemFree:          674920 kB
MemAvailable:    1466144 kB
Buffers:           88220 kB
Cached:           728992 kB
MemTotal:        1844596 kB
MemFree:          674056 kB
MemAvailable:    1465280 kB
Buffers:           88220 kB
Cached:           728992 kB
MemTotal:        1844596 kB
MemFree:          673676 kB
MemAvailable:    1464900 kB
Buffers:           88220 kB
Cached:           728992 kB
MemTotal:        1844596 kB
MemFree:          675000 kB
MemAvailable:    1466224 kB
Buffers:           88220 kB
Cached:           728992 kB
MemTotal:        1844596 kB
MemFree:          673628 kB
MemAvailable:    1464852 kB
Buffers:           88220 kB
Cached:           728992 kB
MemTotal:        1844596 kB
MemFree:          674908 kB
MemAvailable:    1466132 kB
Buffers:           88220 kB
Cached:           728992 kB
MemTotal:        1844596 kB
MemFree:          675036 kB
MemAvailable:    1466260 kB
Buffers:           88220 kB
Cached:           728992 kB
MemTotal:        1844596 kB
MemFree:          674796 kB
MemAvailable:    1466020 kB
Buffers:           88220 kB
Cached:           728992 kB
MemTotal:        1844596 kB
MemFree:          673748 kB
MemAvailable:    1464972 kB
Buffers:           88220 kB
Cached:           728992 kB
MemTotal:        1844596 kB
MemFree:          674436 kB
MemAvailable:    1465660 kB
Buffers:           88220 kB
Cached:           728992 kB
MemTotal:        1844596 kB
MemFree:          674156 kB
MemAvailable:    1465380 kB
Buffers:           88220 kB
Cached:           728992 kB
MemTotal:        1844596 kB
MemFree:          673420 kB
MemAvailable:    1464648 kB
Buffers:           88220 kB
Cached:           728996 kB
MemTotal:        1844596 kB
MemFree:          673420 kB
MemAvailable:    1464648 kB
Buffers:           88220 kB
Cached:           728996 kB
MemTotal:        1844596 kB
MemFree:          673420 kB
MemAvailable:    1464648 kB
Buffers:           88220 kB
Cached:           728996 kB
MemTotal:        1844596 kB
MemFree:          672560 kB
MemAvailable:    1463788 kB
Buffers:           88220 kB
Cached:           728996 kB
MemTotal:        1844596 kB
MemFree:          668336 kB
MemAvailable:    1459564 kB
Buffers:           88220 kB
Cached:           728996 kB
MemTotal:        1844596 kB
MemFree:          665576 kB
MemAvailable:    1456804 kB
Buffers:           88220 kB
Cached:           728996 kB
MemTotal:        1844596 kB
MemFree:          663012 kB
MemAvailable:    1454240 kB
Buffers:           88220 kB
Cached:           728996 kB
MemTotal:        1844596 kB
MemFree:          662516 kB
MemAvailable:    1453744 kB
Buffers:           88220 kB
Cached:           728996 kB
MemTotal:        1844596 kB
MemFree:          662136 kB
MemAvailable:    1453364 kB
Buffers:           88220 kB
Cached:           728996 kB
MemTotal:        1844596 kB
MemFree:          663376 kB
MemAvailable:    1454604 kB
Buffers:           88220 kB
Cached:           728996 kB
MemTotal:        1844596 kB
MemFree:          662816 kB
MemAvailable:    1454044 kB
Buffers:           88220 kB
Cached:           728996 kB
MemTotal:        1844596 kB
MemFree:          662460 kB
MemAvailable:    1453688 kB
Buffers:           88220 kB
Cached:           728996 kB
MemTotal:        1844596 kB
MemFree:          662628 kB
MemAvailable:    1453856 kB
Buffers:           88220 kB
Cached:           728996 kB
MemTotal:        1844596 kB
MemFree:          661700 kB
MemAvailable:    1452928 kB
Buffers:           88220 kB
Cached:           728996 kB
MemTotal:        1844596 kB
MemFree:          660028 kB
MemAvailable:    1451256 kB
Buffers:           88220 kB
Cached:           728996 kB
MemTotal:        1844596 kB
MemFree:          659292 kB
MemAvailable:    1450520 kB
Buffers:           88220 kB
Cached:           728996 kB
MemTotal:        1844596 kB
MemFree:          659740 kB
MemAvailable:    1450968 kB
Buffers:           88220 kB
Cached:           728996 kB
MemTotal:        1844596 kB
MemFree:          659908 kB
MemAvailable:    1451136 kB
Buffers:           88220 kB
Cached:           728996 kB
MemTotal:        1844596 kB
MemFree:          658548 kB
MemAvailable:    1449776 kB
Buffers:           88220 kB
Cached:           728996 kB
MemTotal:        1844596 kB
MemFree:          658796 kB
MemAvailable:    1450024 kB
Buffers:           88220 kB
Cached:           728996 kB
MemTotal:        1844596 kB
MemFree:          658548 kB
MemAvailable:    1449776 kB
Buffers:           88220 kB
Cached:           728996 kB
MemTotal:        1844596 kB
MemFree:          658424 kB
MemAvailable:    1449652 kB
Buffers:           88220 kB
Cached:           728996 kB
MemTotal:        1844596 kB
MemFree:          658664 kB
MemAvailable:    1449892 kB
Buffers:           88220 kB
Cached:           728996 kB
MemTotal:        1844596 kB
MemFree:          658664 kB
MemAvailable:    1449892 kB
Buffers:           88220 kB
Cached:           728996 kB
MemTotal:        1844596 kB
MemFree:          658540 kB
MemAvailable:    1449768 kB
Buffers:           88220 kB
Cached:           728996 kB
MemTotal:        1844596 kB
MemFree:          658540 kB
MemAvailable:    1449768 kB
Buffers:           88220 kB
Cached:           728996 kB
MemTotal:        1844596 kB
MemFree:          658532 kB
MemAvailable:    1449760 kB
Buffers:           88220 kB
Cached:           728996 kB
MemTotal:        1844596 kB
MemFree:          659896 kB
MemAvailable:    1451124 kB
Buffers:           88220 kB
Cached:           728996 kB
MemTotal:        1844596 kB
MemFree:          659152 kB
MemAvailable:    1450380 kB
Buffers:           88220 kB
Cached:           728996 kB
MemTotal:        1844596 kB
MemFree:          658796 kB
MemAvailable:    1450024 kB
Buffers:           88220 kB
Cached:           728996 kB
MemTotal:        1844596 kB
MemFree:          658780 kB
MemAvailable:    1450008 kB
Buffers:           88220 kB
Cached:           728996 kB
MemTotal:        1844596 kB
MemFree:          657788 kB
MemAvailable:    1449016 kB
Buffers:           88220 kB
Cached:           728996 kB
MemTotal:        1844596 kB
MemFree:          658124 kB
MemAvailable:    1449352 kB
Buffers:           88220 kB
Cached:           728996 kB
MemTotal:        1844596 kB
MemFree:          657656 kB
MemAvailable:    1448884 kB
Buffers:           88220 kB
Cached:           728996 kB
MemTotal:        1844596 kB
MemFree:          656128 kB
MemAvailable:    1447356 kB
Buffers:           88220 kB
Cached:           728996 kB
MemTotal:        1844596 kB
MemFree:          655944 kB
MemAvailable:    1447172 kB
Buffers:           88220 kB
Cached:           728996 kB
MemTotal:        1844596 kB
MemFree:          656980 kB
MemAvailable:    1448208 kB
Buffers:           88220 kB
Cached:           728996 kB
MemTotal:        1844596 kB
MemFree:          656260 kB
MemAvailable:    1447488 kB
Buffers:           88220 kB
Cached:           728996 kB
MemTotal:        1844596 kB
MemFree:          656052 kB
MemAvailable:    1447280 kB
Buffers:           88220 kB
Cached:           728996 kB
MemTotal:        1844596 kB
MemFree:          656124 kB
MemAvailable:    1447352 kB
Buffers:           88220 kB
Cached:           728996 kB
MemTotal:        1844596 kB
MemFree:          656180 kB
MemAvailable:    1447408 kB
Buffers:           88220 kB
Cached:           728996 kB
MemTotal:        1844596 kB
MemFree:          654872 kB
MemAvailable:    1446100 kB
Buffers:           88220 kB
Cached:           728996 kB
MemTotal:        1844596 kB
MemFree:          656048 kB
MemAvailable:    1447276 kB
Buffers:           88220 kB
Cached:           728996 kB
MemTotal:        1844596 kB
MemFree:          655680 kB
MemAvailable:    1446916 kB
Buffers:           88220 kB
Cached:           729004 kB
MemTotal:        1844596 kB
MemFree:          655764 kB
MemAvailable:    1447000 kB
Buffers:           88220 kB
Cached:           729004 kB
MemTotal:        1844596 kB
MemFree:          654152 kB
MemAvailable:    1445388 kB
Buffers:           88220 kB
Cached:           729004 kB
MemTotal:        1844596 kB
MemFree:          655552 kB
MemAvailable:    1446788 kB
Buffers:           88220 kB
Cached:           729004 kB
MemTotal:        1844596 kB
MemFree:          655804 kB
MemAvailable:    1447040 kB
Buffers:           88220 kB
Cached:           729004 kB
MemTotal:        1844596 kB
MemFree:          654284 kB
MemAvailable:    1445520 kB
Buffers:           88220 kB
Cached:           729004 kB
MemTotal:        1844596 kB
MemFree:          655564 kB
MemAvailable:    1446800 kB
Buffers:           88220 kB
Cached:           729004 kB
MemTotal:        1844596 kB
MemFree:          655816 kB
MemAvailable:    1447052 kB
Buffers:           88220 kB
Cached:           729004 kB
MemTotal:        1844596 kB
MemFree:          654284 kB
MemAvailable:    1445520 kB
Buffers:           88220 kB
Cached:           729004 kB
MemTotal:        1844596 kB
MemFree:          654276 kB
MemAvailable:    1445512 kB
Buffers:           88220 kB
Cached:           729004 kB
MemTotal:        1844596 kB
MemFree:          655640 kB
MemAvailable:    1446876 kB
Buffers:           88220 kB
Cached:           729004 kB
MemTotal:        1844596 kB
MemFree:          654152 kB
MemAvailable:    1445388 kB
Buffers:           88220 kB
Cached:           729004 kB
MemTotal:        1844596 kB
MemFree:          654268 kB
MemAvailable:    1445504 kB
Buffers:           88220 kB
Cached:           729004 kB
MemTotal:        1844596 kB
MemFree:          655392 kB
MemAvailable:    1446628 kB
Buffers:           88220 kB
Cached:           729004 kB
MemTotal:        1844596 kB
MemFree:          655248 kB
MemAvailable:    1446484 kB
Buffers:           88220 kB
Cached:           729004 kB
MemTotal:        1844596 kB
MemFree:          655324 kB
MemAvailable:    1446560 kB
Buffers:           88220 kB
Cached:           729004 kB
MemTotal:        1844596 kB
MemFree:          654196 kB
MemAvailable:    1445432 kB
Buffers:           88220 kB
Cached:           729004 kB
MemTotal:        1844596 kB
MemFree:          655296 kB
MemAvailable:    1446532 kB
Buffers:           88220 kB
Cached:           729004 kB
MemTotal:        1844596 kB
MemFree:          655548 kB
MemAvailable:    1446784 kB
Buffers:           88220 kB
Cached:           729004 kB
MemTotal:        1844596 kB
MemFree:          655184 kB
MemAvailable:    1446420 kB
Buffers:           88220 kB
Cached:           729004 kB
MemTotal:        1844596 kB
MemFree:          655436 kB
MemAvailable:    1446672 kB
Buffers:           88220 kB
Cached:           729004 kB
MemTotal:        1844596 kB
MemFree:          653896 kB
MemAvailable:    1445132 kB
Buffers:           88220 kB
Cached:           729004 kB
MemTotal:        1844596 kB
MemFree:          655328 kB
MemAvailable:    1446564 kB
Buffers:           88220 kB
Cached:           729004 kB
MemTotal:        1844596 kB
MemFree:          654456 kB
MemAvailable:    1445692 kB
Buffers:           88220 kB
Cached:           729004 kB
MemTotal:        1844596 kB
MemFree:          654068 kB
MemAvailable:    1445308 kB
Buffers:           88220 kB
Cached:           729008 kB
MemTotal:        1844596 kB
MemFree:          653968 kB
MemAvailable:    1445208 kB
Buffers:           88220 kB
Cached:           729008 kB
MemTotal:        1844596 kB
MemFree:          653828 kB
MemAvailable:    1445068 kB
Buffers:           88220 kB
Cached:           729008 kB
MemTotal:        1844596 kB
MemFree:          653780 kB
MemAvailable:    1445020 kB
Buffers:           88220 kB
Cached:           729008 kB
MemTotal:        1844596 kB
MemFree:          653596 kB
MemAvailable:    1444836 kB
Buffers:           88220 kB
Cached:           729008 kB
MemTotal:        1844596 kB
MemFree:          652844 kB
MemAvailable:    1444084 kB
Buffers:           88220 kB
Cached:           729008 kB
MemTotal:        1844596 kB
MemFree:          650604 kB
MemAvailable:    1441844 kB
Buffers:           88220 kB
Cached:           729008 kB
MemTotal:        1844596 kB
MemFree:          649868 kB
MemAvailable:    1441108 kB
Buffers:           88220 kB
Cached:           729008 kB
MemTotal:        1844596 kB
MemFree:          646768 kB
MemAvailable:    1438008 kB
Buffers:           88220 kB
Cached:           729008 kB
MemTotal:        1844596 kB
MemFree:          644288 kB
MemAvailable:    1435528 kB
Buffers:           88220 kB
Cached:           729008 kB
MemTotal:        1844596 kB
MemFree:          640568 kB
MemAvailable:    1431808 kB
Buffers:           88220 kB
Cached:           729008 kB
MemTotal:        1844596 kB
MemFree:          637468 kB
MemAvailable:    1428708 kB
Buffers:           88220 kB
Cached:           729008 kB
MemTotal:        1844596 kB
MemFree:          635560 kB
MemAvailable:    1426800 kB
Buffers:           88220 kB
Cached:           729008 kB
MemTotal:        1844596 kB
MemFree:          636752 kB
MemAvailable:    1427992 kB
Buffers:           88220 kB
Cached:           729008 kB
MemTotal:        1844596 kB
MemFree:          636848 kB
MemAvailable:    1428088 kB
Buffers:           88220 kB
Cached:           729008 kB
MemTotal:        1844596 kB
MemFree:          636960 kB
MemAvailable:    1428200 kB
Buffers:           88220 kB
Cached:           729008 kB
MemTotal:        1844596 kB
MemFree:          637016 kB
MemAvailable:    1428256 kB
Buffers:           88220 kB
Cached:           729008 kB
MemTotal:        1844596 kB
MemFree:          636904 kB
MemAvailable:    1428144 kB
Buffers:           88220 kB
Cached:           729008 kB
MemTotal:        1844596 kB
MemFree:          635416 kB
MemAvailable:    1426656 kB
Buffers:           88220 kB
Cached:           729008 kB
MemTotal:        1844596 kB
MemFree:          635328 kB
MemAvailable:    1426568 kB
Buffers:           88220 kB
Cached:           729008 kB
MemTotal:        1844596 kB
MemFree:          636512 kB
MemAvailable:    1427752 kB
Buffers:           88220 kB
Cached:           729008 kB
MemTotal:        1844596 kB
MemFree:          636848 kB
MemAvailable:    1428088 kB
Buffers:           88220 kB
Cached:           729008 kB
MemTotal:        1844596 kB
MemFree:          636712 kB
MemAvailable:    1427952 kB
Buffers:           88220 kB
Cached:           729008 kB
MemTotal:        1844596 kB
MemFree:          635292 kB
MemAvailable:    1426532 kB
Buffers:           88220 kB
Cached:           729008 kB
MemTotal:        1844596 kB
MemFree:          636352 kB
MemAvailable:    1427592 kB
Buffers:           88220 kB
Cached:           729008 kB
MemTotal:        1844596 kB
MemFree:          635916 kB
MemAvailable:    1427156 kB
Buffers:           88220 kB
Cached:           729008 kB
MemTotal:        1844596 kB
MemFree:          636000 kB
MemAvailable:    1427240 kB
Buffers:           88220 kB
Cached:           729008 kB
MemTotal:        1844596 kB
MemFree:          635772 kB
MemAvailable:    1427012 kB
Buffers:           88220 kB
Cached:           729008 kB
MemTotal:        1844596 kB
MemFree:          635788 kB
MemAvailable:    1427028 kB
Buffers:           88220 kB
Cached:           729008 kB
MemTotal:        1844596 kB
MemFree:          634544 kB
MemAvailable:    1425784 kB
Buffers:           88220 kB
Cached:           729008 kB
MemTotal:        1844596 kB
MemFree:          635820 kB
MemAvailable:    1427060 kB
Buffers:           88220 kB
Cached:           729008 kB
MemTotal:        1844596 kB
MemFree:          635616 kB
MemAvailable:    1426856 kB
Buffers:           88220 kB
Cached:           729008 kB
MemTotal:        1844596 kB
MemFree:          635652 kB
MemAvailable:    1426892 kB
Buffers:           88220 kB
Cached:           729008 kB
MemTotal:        1844596 kB
MemFree:          634568 kB
MemAvailable:    1425808 kB
Buffers:           88220 kB
Cached:           729008 kB
MemTotal:        1844596 kB
MemFree:          635780 kB
MemAvailable:    1427020 kB
Buffers:           88220 kB
Cached:           729008 kB
MemTotal:        1844596 kB
MemFree:          634996 kB
MemAvailable:    1426236 kB
Buffers:           88220 kB
Cached:           729008 kB
MemTotal:        1844596 kB
MemFree:          635552 kB
MemAvailable:    1426796 kB
Buffers:           88220 kB
Cached:           729012 kB
MemTotal:        1844596 kB
MemFree:          635888 kB
MemAvailable:    1427132 kB
Buffers:           88220 kB
Cached:           729012 kB
MemTotal:        1844596 kB
MemFree:          635768 kB
MemAvailable:    1427012 kB
Buffers:           88220 kB
Cached:           729012 kB
MemTotal:        1844596 kB
MemFree:          635768 kB
MemAvailable:    1427012 kB
Buffers:           88220 kB
Cached:           729012 kB
MemTotal:        1844596 kB
MemFree:          634360 kB
MemAvailable:    1425604 kB
Buffers:           88220 kB
Cached:           729012 kB
MemTotal:        1844596 kB
MemFree:          634576 kB
MemAvailable:    1425820 kB
Buffers:           88220 kB
Cached:           729012 kB
MemTotal:        1844596 kB
MemFree:          635848 kB
MemAvailable:    1427092 kB
Buffers:           88220 kB
Cached:           729012 kB
MemTotal:        1844596 kB
MemFree:          635848 kB
MemAvailable:    1427092 kB
Buffers:           88220 kB
Cached:           729012 kB
MemTotal:        1844596 kB
MemFree:          634528 kB
MemAvailable:    1425772 kB
Buffers:           88220 kB
Cached:           729012 kB
MemTotal:        1844596 kB
MemFree:          635608 kB
MemAvailable:    1426852 kB
Buffers:           88220 kB
Cached:           729012 kB
MemTotal:        1844596 kB
MemFree:          631268 kB
MemAvailable:    1422512 kB
Buffers:           88220 kB
Cached:           729012 kB
MemTotal:        1844596 kB
MemFree:          627912 kB
MemAvailable:    1419156 kB
Buffers:           88220 kB
Cached:           729012 kB
MemTotal:        1844596 kB
MemFree:          628000 kB
MemAvailable:    1419244 kB
Buffers:           88220 kB
Cached:           729012 kB
MemTotal:        1844596 kB
MemFree:          622092 kB
MemAvailable:    1413336 kB
Buffers:           88220 kB
Cached:           729012 kB
MemTotal:        1844596 kB
MemFree:          619860 kB
MemAvailable:    1411104 kB
Buffers:           88220 kB
Cached:           729012 kB
MemTotal:        1844596 kB
MemFree:          616512 kB
MemAvailable:    1407756 kB
Buffers:           88220 kB
Cached:           729012 kB
MemTotal:        1844596 kB
MemFree:          617496 kB
MemAvailable:    1408740 kB
Buffers:           88220 kB
Cached:           729012 kB
MemTotal:        1844596 kB
MemFree:          617016 kB
MemAvailable:    1408260 kB
Buffers:           88220 kB
Cached:           729012 kB
MemTotal:        1844596 kB
MemFree:          617556 kB
MemAvailable:    1408800 kB
Buffers:           88220 kB
Cached:           729012 kB
MemTotal:        1844596 kB
MemFree:          617324 kB
MemAvailable:    1408568 kB
Buffers:           88220 kB
Cached:           729012 kB
MemTotal:        1844596 kB
MemFree:          617580 kB
MemAvailable:    1408824 kB
Buffers:           88220 kB
Cached:           729012 kB
MemTotal:        1844596 kB
MemFree:          617496 kB
MemAvailable:    1408740 kB
Buffers:           88220 kB
Cached:           729012 kB
MemTotal:        1844596 kB
MemFree:          617748 kB
MemAvailable:    1408992 kB
Buffers:           88220 kB
Cached:           729012 kB
MemTotal:        1844596 kB
MemFree:          616256 kB
MemAvailable:    1407500 kB
Buffers:           88220 kB
Cached:           729012 kB
MemTotal:        1844596 kB
MemFree:          616340 kB
MemAvailable:    1407584 kB
Buffers:           88220 kB
Cached:           729012 kB
MemTotal:        1844596 kB
MemFree:          616252 kB
MemAvailable:    1407496 kB
Buffers:           88220 kB
Cached:           729012 kB
MemTotal:        1844596 kB
MemFree:          616628 kB
MemAvailable:    1407872 kB
Buffers:           88220 kB
Cached:           729012 kB
MemTotal:        1844596 kB
MemFree:          617496 kB
MemAvailable:    1408740 kB
Buffers:           88220 kB
Cached:           729012 kB
MemTotal:        1844596 kB
MemFree:          617348 kB
MemAvailable:    1408592 kB
Buffers:           88220 kB
Cached:           729012 kB
MemTotal:        1844596 kB
MemFree:          617604 kB
MemAvailable:    1408848 kB
Buffers:           88220 kB
Cached:           729012 kB
MemTotal:        1844596 kB
MemFree:          617432 kB
MemAvailable:    1408676 kB
Buffers:           88220 kB
Cached:           729012 kB
MemTotal:        1844596 kB
MemFree:          616760 kB
MemAvailable:    1408004 kB
Buffers:           88220 kB
Cached:           729012 kB
MemTotal:        1844596 kB
MemFree:          616128 kB
MemAvailable:    1407372 kB
Buffers:           88220 kB
Cached:           729012 kB
MemTotal:        1844596 kB
MemFree:          617504 kB
MemAvailable:    1408748 kB
Buffers:           88220 kB
Cached:           729012 kB
MemTotal:        1844596 kB
MemFree:          616768 kB
MemAvailable:    1408012 kB
Buffers:           88220 kB
Cached:           729012 kB
MemTotal:        1844596 kB
MemFree:          616256 kB
MemAvailable:    1407500 kB
Buffers:           88220 kB
Cached:           729012 kB
MemTotal:        1844596 kB
MemFree:          617432 kB
MemAvailable:    1408676 kB
Buffers:           88220 kB
Cached:           729012 kB
MemTotal:        1844596 kB
MemFree:          617372 kB
MemAvailable:    1408616 kB
Buffers:           88220 kB
Cached:           729012 kB
MemTotal:        1844596 kB
MemFree:          615956 kB
MemAvailable:    1407200 kB
Buffers:           88220 kB
Cached:           729012 kB
MemTotal:        1844596 kB
MemFree:          617568 kB
MemAvailable:    1408812 kB
Buffers:           88220 kB
Cached:           729012 kB
MemTotal:        1844596 kB
MemFree:          617408 kB
MemAvailable:    1408652 kB
Buffers:           88220 kB
Cached:           729012 kB
MemTotal:        1844596 kB
MemFree:          616760 kB
MemAvailable:    1408004 kB
Buffers:           88220 kB
Cached:           729012 kB
MemTotal:        1844596 kB
MemFree:          617628 kB
MemAvailable:    1408872 kB
Buffers:           88220 kB
Cached:           729012 kB
MemTotal:        1844596 kB
MemFree:          617756 kB
MemAvailable:    1409000 kB
Buffers:           88220 kB
Cached:           729012 kB
MemTotal:        1844596 kB
MemFree:          616760 kB
MemAvailable:    1408004 kB
Buffers:           88220 kB
Cached:           729012 kB
MemTotal:        1844596 kB
MemFree:          617484 kB
MemAvailable:    1408728 kB
Buffers:           88220 kB
Cached:           729012 kB
MemTotal:        1844596 kB
MemFree:          617820 kB
MemAvailable:    1409064 kB
Buffers:           88220 kB
Cached:           729012 kB
MemTotal:        1844596 kB
MemFree:          617628 kB
MemAvailable:    1408872 kB
Buffers:           88220 kB
Cached:           729012 kB
MemTotal:        1844596 kB
MemFree:          616512 kB
MemAvailable:    1407756 kB
Buffers:           88220 kB
Cached:           729012 kB
MemTotal:        1844596 kB
MemFree:          617556 kB
MemAvailable:    1408800 kB
Buffers:           88220 kB
Cached:           729012 kB
MemTotal:        1844596 kB
MemFree:          616464 kB
MemAvailable:    1407708 kB
Buffers:           88220 kB
Cached:           729012 kB
MemTotal:        1844596 kB
MemFree:          616588 kB
MemAvailable:    1407832 kB
Buffers:           88220 kB
Cached:           729012 kB
MemTotal:        1844596 kB
MemFree:          613968 kB
MemAvailable:    1405212 kB
Buffers:           88220 kB
Cached:           729012 kB
MemTotal:        1844596 kB
MemFree:          610560 kB
MemAvailable:    1401804 kB
Buffers:           88220 kB
Cached:           729012 kB
MemTotal:        1844596 kB
MemFree:          606096 kB
MemAvailable:    1397340 kB
Buffers:           88220 kB
Cached:           729012 kB
MemTotal:        1844596 kB
MemFree:          603120 kB
MemAvailable:    1394364 kB
Buffers:           88220 kB
Cached:           729012 kB
MemTotal:        1844596 kB
MemFree:          600144 kB
MemAvailable:    1391388 kB
Buffers:           88220 kB
Cached:           729012 kB
MemTotal:        1844596 kB
MemFree:          600320 kB
MemAvailable:    1391564 kB
Buffers:           88220 kB
Cached:           729012 kB
MemTotal:        1844596 kB
MemFree:          600656 kB
MemAvailable:    1391900 kB
Buffers:           88220 kB
Cached:           729012 kB
MemTotal:        1844596 kB
MemFree:          600004 kB
MemAvailable:    1391248 kB
Buffers:           88220 kB
Cached:           729012 kB
MemTotal:        1844596 kB
MemFree:          599648 kB
MemAvailable:    1390892 kB
Buffers:           88220 kB
Cached:           729012 kB
MemTotal:        1844596 kB
MemFree:          599452 kB
MemAvailable:    1390696 kB
Buffers:           88220 kB
Cached:           729012 kB
MemTotal:        1844596 kB
MemFree:          599328 kB
MemAvailable:    1390572 kB
Buffers:           88220 kB
Cached:           729012 kB
MemTotal:        1844596 kB
MemFree:          597980 kB
MemAvailable:    1389224 kB
Buffers:           88220 kB
Cached:           729012 kB
MemTotal:        1844596 kB
MemFree:          599372 kB
MemAvailable:    1390616 kB
Buffers:           88220 kB
Cached:           729012 kB
MemTotal:        1844596 kB
MemFree:          597976 kB
MemAvailable:    1389220 kB
Buffers:           88220 kB
Cached:           729012 kB
MemTotal:        1844596 kB
MemFree:          598772 kB
MemAvailable:    1390016 kB
Buffers:           88220 kB
Cached:           729012 kB
MemTotal:        1844596 kB
MemFree:          598856 kB
MemAvailable:    1390100 kB
Buffers:           88220 kB
Cached:           729012 kB
MemTotal:        1844596 kB
MemFree:          597404 kB
MemAvailable:    1388648 kB
Buffers:           88220 kB
Cached:           729012 kB
MemTotal:        1844596 kB
MemFree:          598788 kB
MemAvailable:    1390032 kB
Buffers:           88220 kB
Cached:           729012 kB
MemTotal:        1844596 kB
MemFree:          597480 kB
MemAvailable:    1388724 kB
Buffers:           88220 kB
Cached:           729012 kB
MemTotal:        1844596 kB
MemFree:          597160 kB
MemAvailable:    1388404 kB
Buffers:           88220 kB
Cached:           729012 kB
MemTotal:        1844596 kB
MemFree:          597848 kB
MemAvailable:    1389092 kB
Buffers:           88220 kB
Cached:           729012 kB
MemTotal:        1844596 kB
MemFree:          596052 kB
MemAvailable:    1387296 kB
Buffers:           88220 kB
Cached:           729012 kB
MemTotal:        1844596 kB
MemFree:          595804 kB
MemAvailable:    1387048 kB
Buffers:           88220 kB
Cached:           729012 kB
MemTotal:        1844596 kB
MemFree:          595060 kB
MemAvailable:    1386304 kB
Buffers:           88220 kB
Cached:           729012 kB
MemTotal:        1844596 kB
MemFree:          595548 kB
MemAvailable:    1386792 kB
Buffers:           88220 kB
Cached:           729012 kB
MemTotal:        1844596 kB
MemFree:          595884 kB
MemAvailable:    1387128 kB
Buffers:           88220 kB
Cached:           729012 kB
MemTotal:        1844596 kB
MemFree:          594440 kB
MemAvailable:    1385684 kB
Buffers:           88220 kB
Cached:           729012 kB
MemTotal:        1844596 kB
MemFree:          593060 kB
MemAvailable:    1384304 kB
Buffers:           88220 kB
Cached:           729012 kB
MemTotal:        1844596 kB
MemFree:          593396 kB
MemAvailable:    1384640 kB
Buffers:           88220 kB
Cached:           729012 kB
MemTotal:        1844596 kB
MemFree:          591912 kB
MemAvailable:    1383156 kB
Buffers:           88220 kB
Cached:           729012 kB
MemTotal:        1844596 kB
MemFree:          593020 kB
MemAvailable:    1384264 kB
Buffers:           88220 kB
Cached:           729012 kB
MemTotal:        1844596 kB
MemFree:          592072 kB
MemAvailable:    1383316 kB
Buffers:           88220 kB
Cached:           729012 kB
MemTotal:        1844596 kB
MemFree:          591940 kB
MemAvailable:    1383184 kB
Buffers:           88220 kB
Cached:           729012 kB
MemTotal:        1844596 kB
MemFree:          593020 kB
MemAvailable:    1384276 kB
Buffers:           88220 kB
Cached:           729024 kB
MemTotal:        1844596 kB
MemFree:          592952 kB
MemAvailable:    1384208 kB
Buffers:           88220 kB
Cached:           729024 kB
MemTotal:        1844596 kB
MemFree:          592580 kB
MemAvailable:    1383836 kB
Buffers:           88220 kB
Cached:           729024 kB
MemTotal:        1844596 kB
MemFree:          591896 kB
MemAvailable:    1383152 kB
Buffers:           88220 kB
Cached:           729024 kB
MemTotal:        1844596 kB
MemFree:          591524 kB
MemAvailable:    1382780 kB
Buffers:           88220 kB
Cached:           729024 kB
MemTotal:        1844596 kB
MemFree:          591092 kB
MemAvailable:    1382348 kB
Buffers:           88220 kB
Cached:           729024 kB
MemTotal:        1844596 kB
MemFree:          591628 kB
MemAvailable:    1382884 kB
Buffers:           88220 kB
Cached:           729024 kB
MemTotal:        1844596 kB
MemFree:          590576 kB
MemAvailable:    1381832 kB
Buffers:           88220 kB
Cached:           729024 kB
MemTotal:        1844596 kB
MemFree:          590328 kB
MemAvailable:    1381584 kB
Buffers:           88220 kB
Cached:           729024 kB
MemTotal:        1844596 kB
MemFree:          590196 kB
MemAvailable:    1381452 kB
Buffers:           88220 kB
Cached:           729024 kB
MemTotal:        1844596 kB
MemFree:          591644 kB
MemAvailable:    1382900 kB
Buffers:           88220 kB
Cached:           729024 kB
MemTotal:        1844596 kB
MemFree:          590316 kB
MemAvailable:    1381572 kB
Buffers:           88220 kB
Cached:           729024 kB
MemTotal:        1844596 kB
MemFree:          590712 kB
MemAvailable:    1381968 kB
Buffers:           88220 kB
Cached:           729024 kB
MemTotal:        1844596 kB
MemFree:          591416 kB
MemAvailable:    1382672 kB
Buffers:           88220 kB
Cached:           729024 kB
MemTotal:        1844596 kB
MemFree:          591752 kB
MemAvailable:    1383008 kB
Buffers:           88220 kB
Cached:           729024 kB
MemTotal:        1844596 kB
MemFree:          591456 kB
MemAvailable:    1382712 kB
Buffers:           88220 kB
Cached:           729024 kB
MemTotal:        1844596 kB
MemFree:          591348 kB
MemAvailable:    1382604 kB
Buffers:           88220 kB
Cached:           729024 kB
MemTotal:        1844596 kB
MemFree:          591384 kB
MemAvailable:    1382640 kB
Buffers:           88220 kB
Cached:           729024 kB
MemTotal:        1844596 kB
MemFree:          590292 kB
MemAvailable:    1381548 kB
Buffers:           88220 kB
Cached:           729024 kB
MemTotal:        1844596 kB
MemFree:          590548 kB
MemAvailable:    1381804 kB
Buffers:           88220 kB
Cached:           729024 kB
MemTotal:        1844596 kB
MemFree:          590424 kB
MemAvailable:    1381680 kB
Buffers:           88220 kB
Cached:           729024 kB
MemTotal:        1844596 kB
MemFree:          590300 kB
MemAvailable:    1381556 kB
Buffers:           88220 kB
Cached:           729024 kB
MemTotal:        1844596 kB
MemFree:          591724 kB
MemAvailable:    1382980 kB
Buffers:           88220 kB
Cached:           729024 kB
MemTotal:        1844596 kB
MemFree:          590720 kB
MemAvailable:    1381976 kB
Buffers:           88220 kB
Cached:           729024 kB
MemTotal:        1844596 kB
MemFree:          591292 kB
MemAvailable:    1382548 kB
Buffers:           88220 kB
Cached:           729024 kB
MemTotal:        1844596 kB
MemFree:          591628 kB
MemAvailable:    1382884 kB
Buffers:           88220 kB
Cached:           729024 kB
MemTotal:        1844596 kB
MemFree:          590500 kB
MemAvailable:    1381756 kB
Buffers:           88220 kB
Cached:           729024 kB
MemTotal:        1844596 kB
MemFree:          589920 kB
MemAvailable:    1381176 kB
Buffers:           88220 kB
Cached:           729024 kB
MemTotal:        1844596 kB
MemFree:          590176 kB
MemAvailable:    1381432 kB
Buffers:           88220 kB
Cached:           729024 kB
MemTotal:        1844596 kB
MemFree:          591492 kB
MemAvailable:    1382748 kB
Buffers:           88220 kB
Cached:           729024 kB
MemTotal:        1844596 kB
MemFree:          591340 kB
MemAvailable:    1382596 kB
Buffers:           88220 kB
Cached:           729024 kB
MemTotal:        1844596 kB
MemFree:          590084 kB
MemAvailable:    1381340 kB
Buffers:           88220 kB
Cached:           729024 kB
MemTotal:        1844596 kB
MemFree:          590292 kB
MemAvailable:    1381548 kB
Buffers:           88220 kB
Cached:           729024 kB
MemTotal:        1844596 kB
MemFree:          591524 kB
MemAvailable:    1382780 kB
Buffers:           88220 kB
Cached:           729024 kB
MemTotal:        1844596 kB
MemFree:          590196 kB
MemAvailable:    1381452 kB
Buffers:           88220 kB
Cached:           729024 kB
MemTotal:        1844596 kB
MemFree:          590596 kB
MemAvailable:    1381852 kB
Buffers:           88220 kB
Cached:           729024 kB
MemTotal:        1844596 kB
MemFree:          591284 kB
MemAvailable:    1382540 kB
Buffers:           88220 kB
Cached:           729024 kB
MemTotal:        1844596 kB
MemFree:          591620 kB
MemAvailable:    1382876 kB
Buffers:           88220 kB
Cached:           729024 kB
MemTotal:        1844596 kB
MemFree:          591548 kB
MemAvailable:    1382804 kB
Buffers:           88220 kB
Cached:           729024 kB
MemTotal:        1844596 kB
MemFree:          590976 kB
MemAvailable:    1382232 kB
Buffers:           88220 kB
Cached:           729024 kB
MemTotal:        1844596 kB
MemFree:          591332 kB
MemAvailable:    1382588 kB
Buffers:           88220 kB
Cached:           729024 kB
MemTotal:        1844596 kB
MemFree:          590300 kB
MemAvailable:    1381556 kB
Buffers:           88220 kB
Cached:           729024 kB
MemTotal:        1844596 kB
MemFree:          591572 kB
MemAvailable:    1382828 kB
Buffers:           88220 kB
Cached:           729024 kB
MemTotal:        1844596 kB
MemFree:          591572 kB
MemAvailable:    1382828 kB
Buffers:           88220 kB
Cached:           729024 kB
MemTotal:        1844596 kB
MemFree:          590324 kB
MemAvailable:    1381580 kB
Buffers:           88220 kB
Cached:           729024 kB
MemTotal:        1844596 kB
MemFree:          591600 kB
MemAvailable:    1382856 kB
Buffers:           88220 kB
Cached:           729024 kB
MemTotal:        1844596 kB
MemFree:          590720 kB
MemAvailable:    1381976 kB
Buffers:           88220 kB
Cached:           729024 kB
MemTotal:        1844596 kB
MemFree:          590340 kB
MemAvailable:    1381596 kB
Buffers:           88220 kB
Cached:           729024 kB
MemTotal:        1844596 kB
MemFree:          590340 kB
MemAvailable:    1381596 kB
Buffers:           88220 kB
Cached:           729024 kB
MemTotal:        1844596 kB
MemFree:          585884 kB
MemAvailable:    1377140 kB
Buffers:           88220 kB
Cached:           729024 kB
MemTotal:        1844596 kB
MemFree:          584396 kB
MemAvailable:    1375652 kB
Buffers:           88220 kB
Cached:           729024 kB
MemTotal:        1844596 kB
MemFree:          580860 kB
MemAvailable:    1372116 kB
Buffers:           88220 kB
Cached:           729024 kB
MemTotal:        1844596 kB
MemFree:          577388 kB
MemAvailable:    1368644 kB
Buffers:           88220 kB
Cached:           729024 kB
MemTotal:        1844596 kB
MemFree:          574932 kB
MemAvailable:    1366188 kB
Buffers:           88220 kB
Cached:           729024 kB
MemTotal:        1844596 kB
MemFree:          572252 kB
MemAvailable:    1363508 kB
Buffers:           88220 kB
Cached:           729024 kB
MemTotal:        1844596 kB
MemFree:          572288 kB
MemAvailable:    1363548 kB
Buffers:           88220 kB
Cached:           729028 kB
MemTotal:        1844596 kB
MemFree:          571128 kB
MemAvailable:    1362388 kB
Buffers:           88220 kB
Cached:           729028 kB
MemTotal:        1844596 kB
MemFree:          570632 kB
MemAvailable:    1361892 kB
Buffers:           88220 kB
Cached:           729028 kB
MemTotal:        1844596 kB
MemFree:          572056 kB
MemAvailable:    1363316 kB
Buffers:           88220 kB
Cached:           729028 kB
MemTotal:        1844596 kB
MemFree:          571384 kB
MemAvailable:    1362644 kB
Buffers:           88220 kB
Cached:           729028 kB
MemTotal:        1844596 kB
MemFree:          572300 kB
MemAvailable:    1363560 kB
Buffers:           88220 kB
Cached:           729028 kB
MemTotal:        1844596 kB
MemFree:          572244 kB
MemAvailable:    1363504 kB
Buffers:           88220 kB
Cached:           729028 kB
MemTotal:        1844596 kB
MemFree:          571996 kB
MemAvailable:    1363256 kB
Buffers:           88220 kB
Cached:           729028 kB
MemTotal:        1844596 kB
MemFree:          570880 kB
MemAvailable:    1362140 kB
Buffers:           88220 kB
Cached:           729028 kB
MemTotal:        1844596 kB
MemFree:          572092 kB
MemAvailable:    1363352 kB
Buffers:           88220 kB
Cached:           729028 kB
MemTotal:        1844596 kB
MemFree:          572240 kB
MemAvailable:    1363500 kB
Buffers:           88220 kB
Cached:           729028 kB
MemTotal:        1844596 kB
MemFree:          570756 kB
MemAvailable:    1362016 kB
Buffers:           88220 kB
Cached:           729028 kB
MemTotal:        1844596 kB
MemFree:          570880 kB
MemAvailable:    1362140 kB
Buffers:           88220 kB
Cached:           729028 kB
MemTotal:        1844596 kB
MemFree:          571864 kB
MemAvailable:    1363124 kB
Buffers:           88220 kB
Cached:           729028 kB
MemTotal:        1844596 kB
MemFree:          570364 kB
MemAvailable:    1361624 kB
Buffers:           88220 kB
Cached:           729028 kB
MemTotal:        1844596 kB
MemFree:          571732 kB
MemAvailable:    1362992 kB
Buffers:           88220 kB
Cached:           729028 kB
MemTotal:        1844596 kB
MemFree:          571620 kB
MemAvailable:    1362880 kB
Buffers:           88220 kB
Cached:           729028 kB
MemTotal:        1844596 kB
MemFree:          570312 kB
MemAvailable:    1361572 kB
Buffers:           88220 kB
Cached:           729028 kB
MemTotal:        1844596 kB
MemFree:          570312 kB
MemAvailable:    1361572 kB
Buffers:           88220 kB
Cached:           729028 kB
MemTotal:        1844596 kB
MemFree:          571676 kB
MemAvailable:    1362936 kB
Buffers:           88220 kB
Cached:           729028 kB
MemTotal:        1844596 kB
MemFree:          570632 kB
MemAvailable:    1361896 kB
Buffers:           88220 kB
Cached:           729032 kB
MemTotal:        1844596 kB
MemFree:          571624 kB
MemAvailable:    1362888 kB
Buffers:           88220 kB
Cached:           729032 kB
MemTotal:        1844596 kB
MemFree:          571876 kB
MemAvailable:    1363140 kB
Buffers:           88220 kB
Cached:           729032 kB
MemTotal:        1844596 kB
MemFree:          571956 kB
MemAvailable:    1363220 kB
Buffers:           88220 kB
Cached:           729032 kB
MemTotal:        1844596 kB
MemFree:          571436 kB
MemAvailable:    1362700 kB
Buffers:           88220 kB
Cached:           729032 kB
MemTotal:        1844596 kB
MemFree:          570392 kB
MemAvailable:    1361656 kB
Buffers:           88220 kB
Cached:           729032 kB
MemTotal:        1844596 kB
MemFree:          570748 kB
MemAvailable:    1362012 kB
Buffers:           88220 kB
Cached:           729032 kB
MemTotal:        1844596 kB
MemFree:          569844 kB
MemAvailable:    1361108 kB
Buffers:           88220 kB
Cached:           729032 kB
MemTotal:        1844596 kB
MemFree:          562524 kB
MemAvailable:    1353788 kB
Buffers:           88220 kB
Cached:           729032 kB
MemTotal:        1844596 kB
MemFree:          562580 kB
MemAvailable:    1353844 kB
Buffers:           88220 kB
Cached:           729032 kB
MemTotal:        1844596 kB
MemFree:          561960 kB
MemAvailable:    1353224 kB
Buffers:           88220 kB
Cached:           729032 kB
MemTotal:        1844596 kB
MemFree:          560836 kB
MemAvailable:    1352100 kB
Buffers:           88220 kB
Cached:           729032 kB
MemTotal:        1844596 kB
MemFree:          560596 kB
MemAvailable:    1351860 kB
Buffers:           88220 kB
Cached:           729032 kB
MemTotal:        1844596 kB
MemFree:          561764 kB
MemAvailable:    1353028 kB
Buffers:           88220 kB
Cached:           729032 kB
MemTotal:        1844596 kB
MemFree:          560464 kB
MemAvailable:    1351728 kB
Buffers:           88220 kB
Cached:           729032 kB
MemTotal:        1844596 kB
MemFree:          560416 kB
MemAvailable:    1351680 kB
Buffers:           88220 kB
Cached:           729032 kB
MemTotal:        1844596 kB
MemFree:          559712 kB
MemAvailable:    1350976 kB
Buffers:           88220 kB
Cached:           729032 kB
MemTotal:        1844596 kB
MemFree:          558984 kB
MemAvailable:    1350248 kB
Buffers:           88220 kB
Cached:           729032 kB
MemTotal:        1844596 kB
MemFree:          558308 kB
MemAvailable:    1349572 kB
Buffers:           88220 kB
Cached:           729032 kB
MemTotal:        1844596 kB
MemFree:          559796 kB
MemAvailable:    1351144 kB
Buffers:           88220 kB
Cached:           729156 kB
MemTotal:        1844596 kB
MemFree:          558480 kB
MemAvailable:    1349912 kB
Buffers:           88220 kB
Cached:           729280 kB
MemTotal:        1844596 kB
MemFree:          559340 kB
MemAvailable:    1350940 kB
Buffers:           88220 kB
Cached:           729404 kB
MemTotal:        1844596 kB
MemFree:          559676 kB
MemAvailable:    1351360 kB
Buffers:           88220 kB
Cached:           729404 kB
MemTotal:        1844596 kB
MemFree:          558232 kB
MemAvailable:    1349916 kB
Buffers:           88220 kB
Cached:           729528 kB
MemTotal:        1844596 kB
MemFree:          559100 kB
MemAvailable:    1350952 kB
Buffers:           88220 kB
Cached:           729652 kB
MemTotal:        1844596 kB
MemFree:          559184 kB
MemAvailable:    1351036 kB
Buffers:           88220 kB
Cached:           729652 kB
MemTotal:        1844596 kB
MemFree:          558664 kB
MemAvailable:    1350600 kB
Buffers:           88220 kB
Cached:           729652 kB
MemTotal:        1844596 kB
MemFree:          558916 kB
MemAvailable:    1350852 kB
Buffers:           88220 kB
Cached:           729652 kB
MemTotal:        1844596 kB
MemFree:          557724 kB
MemAvailable:    1349660 kB
Buffers:           88220 kB
Cached:           729652 kB
MemTotal:        1844596 kB
MemFree:          558488 kB
MemAvailable:    1350424 kB
Buffers:           88220 kB
Cached:           729652 kB
MemTotal:        1844596 kB
MemFree:          558924 kB
MemAvailable:    1350860 kB
Buffers:           88220 kB
Cached:           729652 kB
MemTotal:        1844596 kB
MemFree:          559176 kB
MemAvailable:    1351112 kB
Buffers:           88220 kB
Cached:           729652 kB
MemTotal:        1844596 kB
MemFree:          558788 kB
MemAvailable:    1350724 kB
Buffers:           88220 kB
Cached:           729776 kB
MemTotal:        1844596 kB
MemFree:          558320 kB
MemAvailable:    1349668 kB
Buffers:           88220 kB
Cached:           729060 kB
MemTotal:        1844596 kB
MemFree:          557364 kB
MemAvailable:    1348712 kB
Buffers:           88220 kB
Cached:           729060 kB
MemTotal:        1844596 kB
MemFree:          675932 kB
MemAvailable:    1467280 kB
Buffers:           88220 kB
Cached:           729060 kB
MemTotal:        1844596 kB
MemFree:          750168 kB
MemAvailable:    1541516 kB
Buffers:           88220 kB
Cached:           729060 kB
