MemTotal:        1844596 kB
MemFree:          415532 kB
MemAvailable:    1545812 kB
Buffers:           85560 kB
Cached:          1080460 kB
MemTotal:        1844596 kB
MemFree:          388668 kB
MemAvailable:    1518952 kB
Buffers:           85560 kB
Cached:          1080464 kB
MemTotal:        1844596 kB
MemFree:          387500 kB
MemAvailable:    1517784 kB
Buffers:           85560 kB
Cached:          1080464 kB
MemTotal:        1844596 kB
MemFree:          386684 kB
MemAvailable:    1516968 kB
Buffers:           85560 kB
Cached:          1080464 kB
MemTotal:        1844596 kB
MemFree:          385508 kB
MemAvailable:    1515792 kB
Buffers:           85560 kB
Cached:          1080464 kB
MemTotal:        1844596 kB
MemFree:          384872 kB
MemAvailable:    1515156 kB
Buffers:           85560 kB
Cached:          1080464 kB
MemTotal:        1844596 kB
MemFree:          384872 kB
MemAvailable:    1515156 kB
Buffers:           85560 kB
Cached:          1080464 kB
MemTotal:        1844596 kB
MemFree:          383012 kB
MemAvailable:    1513172 kB
Buffers:           85560 kB
Cached:          1080464 kB
MemTotal:        1844596 kB
MemFree:          383100 kB
MemAvailable:    1513384 kB
Buffers:           85560 kB
Cached:          1080464 kB
MemTotal:        1844596 kB
MemFree:          378812 kB
MemAvailable:    1509096 kB
Buffers:           85560 kB
Cached:          1080464 kB
MemTotal:        1844596 kB
MemFree:          374340 kB
MemAvailable:    1504624 kB
Buffers:           85560 kB
Cached:          1080464 kB
MemTotal:        1844596 kB
MemFree:          374216 kB
MemAvailable:    1504500 kB
Buffers:           85560 kB
Cached:          1080464 kB
MemTotal:        1844596 kB
MemFree:          374872 kB
MemAvailable:    1505156 kB
Buffers:           85560 kB
Cached:          1080464 kB
MemTotal:        1844596 kB
MemFree:          374108 kB
MemAvailable:    1504392 kB
Buffers:           85560 kB
Cached:          1080464 kB
MemTotal:        1844596 kB
MemFree:          374828 kB
MemAvailable:    1505112 kB
Buffers:           85560 kB
Cached:          1080464 kB
MemTotal:        1844596 kB
MemFree:          374828 kB
MemAvailable:    1505112 kB
Buffers:           85560 kB
Cached:          1080464 kB
MemTotal:        1844596 kB
MemFree:          374756 kB
MemAvailable:    1505040 kB
Buffers:           85560 kB
Cached:          1080464 kB
MemTotal:        1844596 kB
MemFree:          373456 kB
MemAvailable:    1503740 kB
Buffers:           85560 kB
Cached:          1080464 kB
MemTotal:        1844596 kB
MemFree:          373200 kB
MemAvailable:    1503484 kB
Buffers:           85560 kB
Cached:          1080464 kB
MemTotal:        1844596 kB
MemFree:          374216 kB
MemAvailable:    1504500 kB
Buffers:           85560 kB
Cached:          1080464 kB
MemTotal:        1844596 kB
MemFree:          374216 kB
MemAvailable:    1504500 kB
Buffers:           85560 kB
Cached:          1080464 kB
MemTotal:        1844596 kB
MemFree:          374156 kB
MemAvailable:    1504440 kB
Buffers:           85560 kB
Cached:          1080464 kB
MemTotal:        1844596 kB
MemFree:          374224 kB
MemAvailable:    1504508 kB
Buffers:           85560 kB
Cached:          1080464 kB
MemTotal:        1844596 kB
MemFree:          374036 kB
MemAvailable:    1504320 kB
Buffers:           85560 kB
Cached:          1080464 kB
MemTotal:        1844596 kB
MemFree:          374288 kB
MemAvailable:    1504572 kB
Buffers:           85560 kB
Cached:          1080464 kB
MemTotal:        1844596 kB
MemFree:          374028 kB
MemAvailable:    1504312 kB
Buffers:           85560 kB
Cached:          1080464 kB
MemTotal:        1844596 kB
MemFree:          373604 kB
MemAvailable:    1503888 kB
Buffers:           85560 kB
Cached:          1080464 kB
MemTotal:        1844596 kB
MemFree:          373408 kB
MemAvailable:    1503692 kB
Buffers:           85560 kB
Cached:          1080464 kB
MemTotal:        1844596 kB
MemFree:          373360 kB
MemAvailable:    1503644 kB
Buffers:           85560 kB
Cached:          1080464 kB
MemTotal:        1844596 kB
MemFree:          371788 kB
MemAvailable:    1502072 kB
Buffers:           85560 kB
Cached:          1080464 kB
MemTotal:        1844596 kB
MemFree:          372116 kB
MemAvailable:    1502404 kB
Buffers:           85560 kB
Cached:          1080464 kB
MemTotal:        1844596 kB
MemFree:          371960 kB
MemAvailable:    1502248 kB
Buffers:           85560 kB
Cached:          1080464 kB
MemTotal:        1844596 kB
MemFree:          371960 kB
MemAvailable:    1502248 kB
Buffers:           85560 kB
Cached:          1080464 kB
MemTotal:        1844596 kB
MemFree:          371980 kB
MemAvailable:    1502268 kB
Buffers:           85560 kB
Cached:          1080464 kB
MemTotal:        1844596 kB
MemFree:          370672 kB
MemAvailable:    1500960 kB
Buffers:           85560 kB
Cached:          1080464 kB
MemTotal:        1844596 kB
MemFree:          371648 kB
MemAvailable:    1501936 kB
Buffers:           85560 kB
Cached:          1080464 kB
MemTotal:        1844596 kB
MemFree:          371984 kB
MemAvailable:    1502272 kB
Buffers:           85560 kB
Cached:          1080464 kB
MemTotal:        1844596 kB
MemFree:          371696 kB
MemAvailable:    1501984 kB
Buffers:           85560 kB
Cached:          1080464 kB
MemTotal:        1844596 kB
MemFree:          371116 kB
MemAvailable:    1501404 kB
Buffers:           85560 kB
Cached:          1080464 kB
MemTotal:        1844596 kB
MemFree:          371736 kB
MemAvailable:    1502024 kB
Buffers:           85560 kB
Cached:          1080464 kB
MemTotal:        1844596 kB
MemFree:          371736 kB
MemAvailable:    1502024 kB
Buffers:           85560 kB
Cached:          1080464 kB
MemTotal:        1844596 kB
MemFree:          373028 kB
MemAvailable:    1503316 kB
Buffers:           85560 kB
Cached:          1080464 kB
MemTotal:        1844596 kB
MemFree:          371868 kB
MemAvailable:    1502156 kB
Buffers:           85560 kB
Cached:          1080464 kB
MemTotal:        1844596 kB
MemFree:          369696 kB
MemAvailable:    1499984 kB
Buffers:           85560 kB
Cached:          1080464 kB
MemTotal:        1844596 kB
MemFree:          367280 kB
MemAvailable:    1497568 kB
Buffers:           85560 kB
Cached:          1080464 kB
MemTotal:        1844596 kB
MemFree:          368084 kB
MemAvailable:    1498372 kB
Buffers:           85560 kB
Cached:          1080464 kB
MemTotal:        1844596 kB
MemFree:          367892 kB
MemAvailable:    1498180 kB
Buffers:           85560 kB
Cached:          1080464 kB
MemTotal:        1844596 kB
MemFree:          366660 kB
MemAvailable:    1496948 kB
Buffers:           85560 kB
Cached:          1080464 kB
MemTotal:        1844596 kB
MemFree:          367764 kB
MemAvailable:    1498052 kB
Buffers:           85560 kB
Cached:          1080464 kB
MemTotal:        1844596 kB
MemFree:          367632 kB
MemAvailable:    1497920 kB
Buffers:           85560 kB
Cached:          1080464 kB
MemTotal:        1844596 kB
MemFree:          367716 kB
MemAvailable:    1498004 kB
Buffers:           85560 kB
Cached:          1080464 kB
MemTotal:        1844596 kB
MemFree:          367340 kB
MemAvailable:    1497628 kB
Buffers:           85560 kB
Cached:          1080464 kB
MemTotal:        1844596 kB
MemFree:          367592 kB
MemAvailable:    1497880 kB
Buffers:           85560 kB
Cached:          1080464 kB
MemTotal:        1844596 kB
MemFree:          366232 kB
MemAvailable:    1496520 kB
Buffers:           85560 kB
Cached:          1080464 kB
MemTotal:        1844596 kB
MemFree:          367472 kB
MemAvailable:    1497760 kB
Buffers:           85560 kB
Cached:          1080464 kB
MemTotal:        1844596 kB
MemFree:          366288 kB
MemAvailable:    1496576 kB
Buffers:           85560 kB
Cached:          1080464 kB
MemTotal:        1844596 kB
MemFree:          367396 kB
MemAvailable:    1497688 kB
Buffers:           85560 kB
Cached:          1080468 kB
MemTotal:        1844596 kB
MemFree:          367396 kB
MemAvailable:    1497688 kB
Buffers:           85560 kB
Cached:          1080468 kB
MemTotal:        1844596 kB
MemFree:          367092 kB
MemAvailable:    1497384 kB
Buffers:           85560 kB
Cached:          1080468 kB
MemTotal:        1844596 kB
MemFree:          367344 kB
MemAvailable:    1497636 kB
Buffers:           85560 kB
Cached:          1080468 kB
MemTotal:        1844596 kB
MemFree:          364420 kB
MemAvailable:    1494712 kB
Buffers:           85560 kB
Cached:          1080468 kB
MemTotal:        1844596 kB
MemFree:          364048 kB
MemAvailable:    1494340 kB
Buffers:           85560 kB
Cached:          1080468 kB
MemTotal:        1844596 kB
MemFree:          361560 kB
MemAvailable:    1491852 kB
Buffers:           85560 kB
Cached:          1080468 kB
MemTotal:        1844596 kB
MemFree:          361560 kB
MemAvailable:    1491852 kB
Buffers:           85560 kB
Cached:          1080468 kB
MemTotal:        1844596 kB
MemFree:          361436 kB
MemAvailable:    1491728 kB
Buffers:           85560 kB
Cached:          1080468 kB
MemTotal:        1844596 kB
MemFree:          359964 kB
MemAvailable:    1490256 kB
Buffers:           85560 kB
Cached:          1080468 kB
MemTotal:        1844596 kB
MemFree:          359652 kB
MemAvailable:    1489944 kB
Buffers:           85560 kB
Cached:          1080468 kB
MemTotal:        1844596 kB
MemFree:          358832 kB
MemAvailable:    1489124 kB
Buffers:           85560 kB
Cached:          1080468 kB
MemTotal:        1844596 kB
MemFree:          358724 kB
MemAvailable:    1489016 kB
Buffers:           85560 kB
Cached:          1080468 kB
MemTotal:        1844596 kB
MemFree:          358704 kB
MemAvailable:    1488996 kB
Buffers:           85560 kB
Cached:          1080468 kB
MemTotal:        1844596 kB
MemFree:          358956 kB
MemAvailable:    1489248 kB
Buffers:           85560 kB
Cached:          1080468 kB
MemTotal:        1844596 kB
MemFree:          358856 kB
MemAvailable:    1489148 kB
Buffers:           85560 kB
Cached:          1080468 kB
MemTotal:        1844596 kB
MemFree:          357304 kB
MemAvailable:    1487596 kB
Buffers:           85560 kB
Cached:          1080468 kB
MemTotal:        1844596 kB
MemFree:          358404 kB
MemAvailable:    1488696 kB
Buffers:           85560 kB
Cached:          1080468 kB
MemTotal:        1844596 kB
MemFree:          358404 kB
MemAvailable:    1488696 kB
Buffers:           85560 kB
Cached:          1080468 kB
MemTotal:        1844596 kB
MemFree:          358456 kB
MemAvailable:    1488748 kB
Buffers:           85560 kB
Cached:          1080468 kB
MemTotal:        1844596 kB
MemFree:          358608 kB
MemAvailable:    1488900 kB
Buffers:           85560 kB
Cached:          1080468 kB
MemTotal:        1844596 kB
MemFree:          358288 kB
MemAvailable:    1488580 kB
Buffers:           85560 kB
Cached:          1080468 kB
MemTotal:        1844596 kB
MemFree:          358624 kB
MemAvailable:    1488916 kB
Buffers:           85560 kB
Cached:          1080468 kB
MemTotal:        1844596 kB
MemFree:          358464 kB
MemAvailable:    1488756 kB
Buffers:           85560 kB
Cached:          1080468 kB
MemTotal:        1844596 kB
MemFree:          358236 kB
MemAvailable:    1488528 kB
Buffers:           85560 kB
Cached:          1080468 kB
MemTotal:        1844596 kB
MemFree:          358296 kB
MemAvailable:    1488588 kB
Buffers:           85560 kB
Cached:          1080468 kB
MemTotal:        1844596 kB
MemFree:          358488 kB
MemAvailable:    1488780 kB
Buffers:           85560 kB
Cached:          1080468 kB
MemTotal:        1844596 kB
MemFree:          358220 kB
MemAvailable:    1488512 kB
Buffers:           85560 kB
Cached:          1080468 kB
MemTotal:        1844596 kB
MemFree:          358328 kB
MemAvailable:    1488620 kB
Buffers:           85560 kB
Cached:          1080468 kB
MemTotal:        1844596 kB
MemFree:          358320 kB
MemAvailable:    1488612 kB
Buffers:           85560 kB
Cached:          1080468 kB
MemTotal:        1844596 kB
MemFree:          357080 kB
MemAvailable:    1487372 kB
Buffers:           85560 kB
Cached:          1080468 kB
MemTotal:        1844596 kB
MemFree:          358016 kB
MemAvailable:    1488308 kB
Buffers:           85560 kB
Cached:          1080468 kB
MemTotal:        1844596 kB
MemFree:          358184 kB
MemAvailable:    1488476 kB
Buffers:           85560 kB
Cached:          1080468 kB
MemTotal:        1844596 kB
MemFree:          355608 kB
MemAvailable:    1485900 kB
Buffers:           85560 kB
Cached:          1080468 kB
MemTotal:        1844596 kB
MemFree:          355696 kB
MemAvailable:    1485988 kB
Buffers:           85560 kB
Cached:          1080468 kB
MemTotal:        1844596 kB
MemFree:          351956 kB
MemAvailable:    1482248 kB
Buffers:           85560 kB
Cached:          1080468 kB
MemTotal:        1844596 kB
MemFree:          350228 kB
MemAvailable:    1480520 kB
Buffers:           85560 kB
Cached:          1080468 kB
MemTotal:        1844596 kB
MemFree:          348812 kB
MemAvailable:    1479104 kB
Buffers:           85560 kB
Cached:          1080468 kB
MemTotal:        1844596 kB
MemFree:          349780 kB
MemAvailable:    1480080 kB
Buffers:           85560 kB
Cached:          1080476 kB
MemTotal:        1844596 kB
MemFree:          350116 kB
MemAvailable:    1480416 kB
Buffers:           85560 kB
Cached:          1080476 kB
MemTotal:        1844596 kB
MemFree:          349840 kB
MemAvailable:    1480140 kB
Buffers:           85560 kB
Cached:          1080476 kB
MemTotal:        1844596 kB
MemFree:          349568 kB
MemAvailable:    1479868 kB
Buffers:           85560 kB
Cached:          1080476 kB
MemTotal:        1844596 kB
MemFree:          348136 kB
MemAvailable:    1478436 kB
Buffers:           85560 kB
Cached:          1080476 kB
MemTotal:        1844596 kB
MemFree:          348260 kB
MemAvailable:    1478560 kB
Buffers:           85560 kB
Cached:          1080476 kB
MemTotal:        1844596 kB
MemFree:          348384 kB
MemAvailable:    1478684 kB
Buffers:           85560 kB
Cached:          1080476 kB
MemTotal:        1844596 kB
MemFree:          349560 kB
MemAvailable:    1479860 kB
Buffers:           85560 kB
Cached:          1080476 kB
MemTotal:        1844596 kB
MemFree:          349500 kB
MemAvailable:    1479800 kB
Buffers:           85560 kB
Cached:          1080476 kB
MemTotal:        1844596 kB
MemFree:          349624 kB
MemAvailable:    1479924 kB
Buffers:           85560 kB
Cached:          1080476 kB
MemTotal:        1844596 kB
MemFree:          348308 kB
MemAvailable:    1478608 kB
Buffers:           85560 kB
Cached:          1080476 kB
MemTotal:        1844596 kB
MemFree:          349416 kB
MemAvailable:    1479716 kB
Buffers:           85560 kB
Cached:          1080476 kB
MemTotal:        1844596 kB
MemFree:          349672 kB
MemAvailable:    1479972 kB
Buffers:           85560 kB
Cached:          1080476 kB
MemTotal:        1844596 kB
MemFree:          349416 kB
MemAvailable:    1479716 kB
Buffers:           85560 kB
Cached:          1080476 kB
MemTotal:        1844596 kB
MemFree:          349672 kB
MemAvailable:    1479972 kB
Buffers:           85560 kB
Cached:          1080476 kB
MemTotal:        1844596 kB
MemFree:          348432 kB
MemAvailable:    1478732 kB
Buffers:           85560 kB
Cached:          1080476 kB
MemTotal:        1844596 kB
MemFree:          349476 kB
MemAvailable:    1479776 kB
Buffers:           85560 kB
Cached:          1080476 kB
MemTotal:        1844596 kB
MemFree:          348176 kB
MemAvailable:    1478476 kB
Buffers:           85560 kB
Cached:          1080476 kB
MemTotal:        1844596 kB
MemFree:          349492 kB
MemAvailable:    1479792 kB
Buffers:           85560 kB
Cached:          1080476 kB
MemTotal:        1844596 kB
MemFree:          348812 kB
MemAvailable:    1479112 kB
Buffers:           85560 kB
Cached:          1080476 kB
MemTotal:        1844596 kB
MemFree:          349368 kB
MemAvailable:    1479668 kB
Buffers:           85560 kB
Cached:          1080476 kB
MemTotal:        1844596 kB
MemFree:          349624 kB
MemAvailable:    1479924 kB
Buffers:           85560 kB
Cached:          1080476 kB
MemTotal:        1844596 kB
MemFree:          348252 kB
MemAvailable:    1478552 kB
Buffers:           85560 kB
Cached:          1080476 kB
MemTotal:        1844596 kB
MemFree:          348252 kB
MemAvailable:    1478552 kB
Buffers:           85560 kB
Cached:          1080476 kB
MemTotal:        1844596 kB
MemFree:          349492 kB
MemAvailable:    1479792 kB
Buffers:           85560 kB
Cached:          1080476 kB
MemTotal:        1844596 kB
MemFree:          349536 kB
MemAvailable:    1479836 kB
Buffers:           85560 kB
Cached:          1080476 kB
MemTotal:        1844596 kB
MemFree:          345440 kB
MemAvailable:    1475740 kB
Buffers:           85560 kB
Cached:          1080476 kB
MemTotal:        1844596 kB
MemFree:          342836 kB
MemAvailable:    1473136 kB
Buffers:           85560 kB
Cached:          1080476 kB
MemTotal:        1844596 kB
MemFree:          341984 kB
MemAvailable:    1472284 kB
Buffers:           85560 kB
Cached:          1080476 kB
MemTotal:        1844596 kB
MemFree:          340356 kB
MemAvailable:    1470656 kB
Buffers:           85560 kB
Cached:          1080476 kB
MemTotal:        1844596 kB
MemFree:          340440 kB
MemAvailable:    1470740 kB
Buffers:           85560 kB
Cached:          1080476 kB
MemTotal:        1844596 kB
MemFree:          340420 kB
MemAvailable:    1470720 kB
Buffers:           85560 kB
Cached:          1080476 kB
MemTotal:        1844596 kB
MemFree:          339248 kB
MemAvailable:    1469548 kB
Buffers:           85560 kB
Cached:          1080476 kB
MemTotal:        1844596 kB
MemFree:          340032 kB
MemAvailable:    1470332 kB
Buffers:           85560 kB
Cached:          1080476 kB
MemTotal:        1844596 kB
MemFree:          339000 kB
MemAvailable:    1469300 kB
Buffers:           85560 kB
Cached:          1080476 kB
MemTotal:        1844596 kB
MemFree:          338892 kB
MemAvailable:    1469192 kB
Buffers:           85560 kB
Cached:          1080476 kB
MemTotal:        1844596 kB
MemFree:          338132 kB
MemAvailable:    1468432 kB
Buffers:           85560 kB
Cached:          1080476 kB
MemTotal:        1844596 kB
MemFree:          338388 kB
MemAvailable:    1468688 kB
Buffers:           85560 kB
Cached:          1080476 kB
MemTotal:        1844596 kB
MemFree:          336768 kB
MemAvailable:    1467068 kB
Buffers:           85560 kB
Cached:          1080476 kB
MemTotal:        1844596 kB
MemFree:          337952 kB
MemAvailable:    1468252 kB
Buffers:           85560 kB
Cached:          1080476 kB
MemTotal:        1844596 kB
MemFree:          336660 kB
MemAvailable:    1466960 kB
Buffers:           85560 kB
Cached:          1080476 kB
MemTotal:        1844596 kB
MemFree:          337656 kB
MemAvailable:    1467956 kB
Buffers:           85560 kB
Cached:          1080476 kB
MemTotal:        1844596 kB
MemFree:          337656 kB
MemAvailable:    1467956 kB
Buffers:           85560 kB
Cached:          1080476 kB
MemTotal:        1844596 kB
MemFree:          337776 kB
MemAvailable:    1468076 kB
Buffers:           85560 kB
Cached:          1080476 kB
MemTotal:        1844596 kB
MemFree:          337620 kB
MemAvailable:    1467920 kB
Buffers:           85560 kB
Cached:          1080476 kB
MemTotal:        1844596 kB
MemFree:          337636 kB
MemAvailable:    1467936 kB
Buffers:           85560 kB
Cached:          1080476 kB
MemTotal:        1844596 kB
MemFree:          337720 kB
MemAvailable:    1468020 kB
Buffers:           85560 kB
Cached:          1080476 kB
MemTotal:        1844596 kB
MemFree:          337524 kB
MemAvailable:    1467824 kB
Buffers:           85564 kB
Cached:          1080472 kB
MemTotal:        1844596 kB
MemFree:          337776 kB
MemAvailable:    1468076 kB
Buffers:           85564 kB
Cached:          1080472 kB
MemTotal:        1844596 kB
MemFree:          337512 kB
MemAvailable:    1467812 kB
Buffers:           85564 kB
Cached:          1080472 kB
MemTotal:        1844596 kB
MemFree:          337620 kB
MemAvailable:    1467920 kB
Buffers:           85564 kB
Cached:          1080472 kB
MemTotal:        1844596 kB
MemFree:          337528 kB
MemAvailable:    1467828 kB
Buffers:           85564 kB
Cached:          1080472 kB
MemTotal:        1844596 kB
MemFree:          337464 kB
MemAvailable:    1467764 kB
Buffers:           85564 kB
Cached:          1080472 kB
MemTotal:        1844596 kB
MemFree:          337720 kB
MemAvailable:    1468020 kB
Buffers:           85564 kB
Cached:          1080472 kB
MemTotal:        1844596 kB
MemFree:          337692 kB
MemAvailable:    1467992 kB
Buffers:           85564 kB
Cached:          1080472 kB
MemTotal:        1844596 kB
MemFree:          337488 kB
MemAvailable:    1467788 kB
Buffers:           85564 kB
Cached:          1080472 kB
MemTotal:        1844596 kB
MemFree:          337824 kB
MemAvailable:    1468124 kB
Buffers:           85564 kB
Cached:          1080472 kB
MemTotal:        1844596 kB
MemFree:          337632 kB
MemAvailable:    1467932 kB
Buffers:           85564 kB
Cached:          1080472 kB
MemTotal:        1844596 kB
MemFree:          337476 kB
MemAvailable:    1467776 kB
Buffers:           85564 kB
Cached:          1080472 kB
MemTotal:        1844596 kB
MemFree:          337728 kB
MemAvailable:    1468028 kB
Buffers:           85564 kB
Cached:          1080472 kB
MemTotal:        1844596 kB
MemFree:          337604 kB
MemAvailable:    1467904 kB
Buffers:           85564 kB
Cached:          1080472 kB
MemTotal:        1844596 kB
MemFree:          337604 kB
MemAvailable:    1467904 kB
Buffers:           85564 kB
Cached:          1080472 kB
MemTotal:        1844596 kB
MemFree:          337628 kB
MemAvailable:    1467928 kB
Buffers:           85564 kB
Cached:          1080472 kB
MemTotal:        1844596 kB
MemFree:          337880 kB
MemAvailable:    1468180 kB
Buffers:           85564 kB
Cached:          1080472 kB
MemTotal:        1844596 kB
MemFree:          337644 kB
MemAvailable:    1467944 kB
Buffers:           85564 kB
Cached:          1080472 kB
MemTotal:        1844596 kB
MemFree:          337628 kB
MemAvailable:    1467928 kB
Buffers:           85564 kB
Cached:          1080472 kB
MemTotal:        1844596 kB
MemFree:          337756 kB
MemAvailable:    1468056 kB
Buffers:           85564 kB
Cached:          1080472 kB
MemTotal:        1844596 kB
MemFree:          337576 kB
MemAvailable:    1467876 kB
Buffers:           85564 kB
Cached:          1080472 kB
MemTotal:        1844596 kB
MemFree:          337744 kB
MemAvailable:    1468044 kB
Buffers:           85564 kB
Cached:          1080472 kB
MemTotal:        1844596 kB
MemFree:          337852 kB
MemAvailable:    1468152 kB
Buffers:           85564 kB
Cached:          1080472 kB
MemTotal:        1844596 kB
MemFree:          337728 kB
MemAvailable:    1468028 kB
Buffers:           85564 kB
Cached:          1080472 kB
MemTotal:        1844596 kB
MemFree:          337624 kB
MemAvailable:    1467924 kB
Buffers:           85564 kB
Cached:          1080472 kB
MemTotal:        1844596 kB
MemFree:          337584 kB
MemAvailable:    1467884 kB
Buffers:           85564 kB
Cached:          1080472 kB
MemTotal:        1844596 kB
MemFree:          337680 kB
MemAvailable:    1467980 kB
Buffers:           85564 kB
Cached:          1080472 kB
MemTotal:        1844596 kB
MemFree:          336900 kB
MemAvailable:    1467200 kB
Buffers:           85564 kB
Cached:          1080472 kB
MemTotal:        1844596 kB
MemFree:          337584 kB
MemAvailable:    1467884 kB
Buffers:           85564 kB
Cached:          1080472 kB
MemTotal:        1844596 kB
MemFree:          337776 kB
MemAvailable:    1468076 kB
Buffers:           85564 kB
Cached:          1080472 kB
MemTotal:        1844596 kB
MemFree:          337572 kB
MemAvailable:    1467872 kB
Buffers:           85564 kB
Cached:          1080472 kB
MemTotal:        1844596 kB
MemFree:          336784 kB
MemAvailable:    1467084 kB
Buffers:           85564 kB
Cached:          1080472 kB
MemTotal:        1844596 kB
MemFree:          337644 kB
MemAvailable:    1467944 kB
Buffers:           85564 kB
Cached:          1080472 kB
MemTotal:        1844596 kB
MemFree:          337768 kB
MemAvailable:    1468068 kB
Buffers:           85564 kB
Cached:          1080472 kB
MemTotal:        1844596 kB
MemFree:          337024 kB
MemAvailable:    1467328 kB
Buffers:           85564 kB
Cached:          1080476 kB
MemTotal:        1844596 kB
MemFree:          337884 kB
MemAvailable:    1468188 kB
Buffers:           85564 kB
Cached:          1080476 kB
MemTotal:        1844596 kB
MemFree:          337884 kB
MemAvailable:    1468188 kB
Buffers:           85564 kB
Cached:          1080476 kB
MemTotal:        1844596 kB
MemFree:          336264 kB
MemAvailable:    1466568 kB
Buffers:           85564 kB
Cached:          1080476 kB
MemTotal:        1844596 kB
MemFree:          336520 kB
MemAvailable:    1466824 kB
Buffers:           85564 kB
Cached:          1080476 kB
MemTotal:        1844596 kB
MemFree:          337696 kB
MemAvailable:    1468000 kB
Buffers:           85564 kB
Cached:          1080476 kB
MemTotal:        1844596 kB
MemFree:          337628 kB
MemAvailable:    1467932 kB
Buffers:           85564 kB
Cached:          1080476 kB
MemTotal:        1844596 kB
MemFree:          337468 kB
MemAvailable:    1467772 kB
Buffers:           85564 kB
Cached:          1080476 kB
MemTotal:        1844596 kB
MemFree:          337448 kB
MemAvailable:    1467752 kB
Buffers:           85564 kB
Cached:          1080476 kB
MemTotal:        1844596 kB
MemFree:          337252 kB
MemAvailable:    1467556 kB
Buffers:           85564 kB
Cached:          1080476 kB
MemTotal:        1844596 kB
MemFree:          337104 kB
MemAvailable:    1467408 kB
Buffers:           85564 kB
Cached:          1080476 kB
MemTotal:        1844596 kB
MemFree:          337188 kB
MemAvailable:    1467492 kB
Buffers:           85564 kB
Cached:          1080476 kB
MemTotal:        1844596 kB
MemFree:          337368 kB
MemAvailable:    1467672 kB
Buffers:           85564 kB
Cached:          1080476 kB
MemTotal:        1844596 kB
MemFree:          336280 kB
MemAvailable:    1466584 kB
Buffers:           85564 kB
Cached:          1080476 kB
MemTotal:        1844596 kB
MemFree:          337028 kB
MemAvailable:    1467332 kB
Buffers:           85564 kB
Cached:          1080476 kB
MemTotal:        1844596 kB
MemFree:          336976 kB
MemAvailable:    1467292 kB
Buffers:           85564 kB
Cached:          1080488 kB
MemTotal:        1844596 kB
MemFree:          336412 kB
MemAvailable:    1466728 kB
Buffers:           85564 kB
Cached:          1080488 kB
MemTotal:        1844596 kB
MemFree:          337036 kB
MemAvailable:    1467352 kB
Buffers:           85564 kB
Cached:          1080488 kB
MemTotal:        1844596 kB
MemFree:          336872 kB
MemAvailable:    1467188 kB
Buffers:           85564 kB
Cached:          1080488 kB
MemTotal:        1844596 kB
MemFree:          336872 kB
MemAvailable:    1467188 kB
Buffers:           85564 kB
Cached:          1080488 kB
MemTotal:        1844596 kB
MemFree:          336752 kB
MemAvailable:    1467068 kB
Buffers:           85564 kB
Cached:          1080488 kB
MemTotal:        1844596 kB
MemFree:          336680 kB
MemAvailable:    1466996 kB
Buffers:           85564 kB
Cached:          1080488 kB
MemTotal:        1844596 kB
MemFree:          336640 kB
MemAvailable:    1466956 kB
Buffers:           85564 kB
Cached:          1080488 kB
MemTotal:        1844596 kB
MemFree:          336568 kB
MemAvailable:    1466884 kB
Buffers:           85564 kB
Cached:          1080488 kB
MemTotal:        1844596 kB
MemFree:          336908 kB
MemAvailable:    1467224 kB
Buffers:           85564 kB
Cached:          1080488 kB
MemTotal:        1844596 kB
MemFree:          336644 kB
MemAvailable:    1466960 kB
Buffers:           85564 kB
Cached:          1080488 kB
MemTotal:        1844596 kB
MemFree:          336896 kB
MemAvailable:    1467212 kB
Buffers:           85564 kB
Cached:          1080488 kB
MemTotal:        1844596 kB
MemFree:          336472 kB
MemAvailable:    1466788 kB
Buffers:           85564 kB
Cached:          1080488 kB
MemTotal:        1844596 kB
MemFree:          336728 kB
MemAvailable:    1467044 kB
Buffers:           85564 kB
Cached:          1080488 kB
MemTotal:        1844596 kB
MemFree:          336808 kB
MemAvailable:    1467124 kB
Buffers:           85564 kB
Cached:          1080488 kB
MemTotal:        1844596 kB
MemFree:          336636 kB
MemAvailable:    1466952 kB
Buffers:           85564 kB
Cached:          1080488 kB
MemTotal:        1844596 kB
MemFree:          336764 kB
MemAvailable:    1467080 kB
Buffers:           85564 kB
Cached:          1080488 kB
MemTotal:        1844596 kB
MemFree:          336336 kB
MemAvailable:    1466652 kB
Buffers:           85564 kB
Cached:          1080488 kB
MemTotal:        1844596 kB
MemFree:          336828 kB
MemAvailable:    1467144 kB
Buffers:           85564 kB
Cached:          1080488 kB
MemTotal:        1844596 kB
MemFree:          336836 kB
MemAvailable:    1467152 kB
Buffers:           85564 kB
Cached:          1080488 kB
MemTotal:        1844596 kB
MemFree:          335652 kB
MemAvailable:    1465968 kB
Buffers:           85564 kB
Cached:          1080488 kB
MemTotal:        1844596 kB
MemFree:          335588 kB
MemAvailable:    1465904 kB
Buffers:           85564 kB
Cached:          1080488 kB
MemTotal:        1844596 kB
MemFree:          333304 kB
MemAvailable:    1463620 kB
Buffers:           85564 kB
Cached:          1080488 kB
MemTotal:        1844596 kB
MemFree:          330760 kB
MemAvailable:    1461076 kB
Buffers:           85564 kB
Cached:          1080488 kB
MemTotal:        1844596 kB
MemFree:          326096 kB
MemAvailable:    1456412 kB
Buffers:           85564 kB
Cached:          1080488 kB
MemTotal:        1844596 kB
MemFree:          325864 kB
MemAvailable:    1456180 kB
Buffers:           85564 kB
Cached:          1080488 kB
MemTotal:        1844596 kB
MemFree:          326160 kB
MemAvailable:    1456476 kB
Buffers:           85564 kB
Cached:          1080488 kB
MemTotal:        1844596 kB
MemFree:          324852 kB
MemAvailable:    1455168 kB
Buffers:           85564 kB
Cached:          1080488 kB
MemTotal:        1844596 kB
MemFree:          326176 kB
MemAvailable:    1456492 kB
Buffers:           85564 kB
Cached:          1080488 kB
MemTotal:        1844596 kB
MemFree:          324616 kB
MemAvailable:    1454932 kB
Buffers:           85564 kB
Cached:          1080488 kB
MemTotal:        1844596 kB
MemFree:          324360 kB
MemAvailable:    1454676 kB
Buffers:           85564 kB
Cached:          1080488 kB
MemTotal:        1844596 kB
MemFree:          325228 kB
MemAvailable:    1455544 kB
Buffers:           85564 kB
Cached:          1080488 kB
MemTotal:        1844596 kB
MemFree:          325228 kB
MemAvailable:    1455544 kB
Buffers:           85564 kB
Cached:          1080488 kB
MemTotal:        1844596 kB
MemFree:          323996 kB
MemAvailable:    1454312 kB
Buffers:           85564 kB
Cached:          1080488 kB
MemTotal:        1844596 kB
MemFree:          324080 kB
MemAvailable:    1454396 kB
Buffers:           85564 kB
Cached:          1080488 kB
MemTotal:        1844596 kB
MemFree:          323692 kB
MemAvailable:    1454008 kB
Buffers:           85564 kB
Cached:          1080488 kB
MemTotal:        1844596 kB
MemFree:          323572 kB
MemAvailable:    1453888 kB
Buffers:           85564 kB
Cached:          1080488 kB
MemTotal:        1844596 kB
MemFree:          323072 kB
MemAvailable:    1453388 kB
Buffers:           85564 kB
Cached:          1080488 kB
MemTotal:        1844596 kB
MemFree:          322268 kB
MemAvailable:    1452584 kB
Buffers:           85564 kB
Cached:          1080488 kB
MemTotal:        1844596 kB
MemFree:          323116 kB
MemAvailable:    1453432 kB
Buffers:           85564 kB
Cached:          1080488 kB
MemTotal:        1844596 kB
MemFree:          321884 kB
MemAvailable:    1452200 kB
Buffers:           85564 kB
Cached:          1080488 kB
MemTotal:        1844596 kB
MemFree:          321872 kB
MemAvailable:    1452188 kB
Buffers:           85564 kB
Cached:          1080488 kB
MemTotal:        1844596 kB
MemFree:          323172 kB
MemAvailable:    1453488 kB
Buffers:           85564 kB
Cached:          1080488 kB
MemTotal:        1844596 kB
MemFree:          323056 kB
MemAvailable:    1453372 kB
Buffers:           85564 kB
Cached:          1080488 kB
MemTotal:        1844596 kB
MemFree:          323308 kB
MemAvailable:    1453624 kB
Buffers:           85564 kB
Cached:          1080488 kB
MemTotal:        1844596 kB
MemFree:          323308 kB
MemAvailable:    1453624 kB
Buffers:           85564 kB
Cached:          1080488 kB
MemTotal:        1844596 kB
MemFree:          321820 kB
MemAvailable:    1452136 kB
Buffers:           85564 kB
Cached:          1080488 kB
MemTotal:        1844596 kB
MemFree:          323192 kB
MemAvailable:    1453508 kB
Buffers:           85564 kB
Cached:          1080488 kB
MemTotal:        1844596 kB
MemFree:          321828 kB
MemAvailable:    1452144 kB
Buffers:           85564 kB
Cached:          1080488 kB
MemTotal:        1844596 kB
MemFree:          323340 kB
MemAvailable:    1453656 kB
Buffers:           85564 kB
Cached:          1080488 kB
MemTotal:        1844596 kB
MemFree:          322268 kB
MemAvailable:    1452584 kB
Buffers:           85564 kB
Cached:          1080488 kB
MemTotal:        1844596 kB
MemFree:          323252 kB
MemAvailable:    1453568 kB
Buffers:           85564 kB
Cached:          1080488 kB
MemTotal:        1844596 kB
MemFree:          323508 kB
MemAvailable:    1453824 kB
Buffers:           85564 kB
Cached:          1080488 kB
MemTotal:        1844596 kB
MemFree:          321400 kB
MemAvailable:    1451716 kB
Buffers:           85564 kB
Cached:          1080488 kB
MemTotal:        1844596 kB
MemFree:          321260 kB
MemAvailable:    1451576 kB
Buffers:           85564 kB
Cached:          1080488 kB
MemTotal:        1844596 kB
MemFree:          321260 kB
MemAvailable:    1451576 kB
Buffers:           85564 kB
Cached:          1080488 kB
MemTotal:        1844596 kB
MemFree:          320948 kB
MemAvailable:    1451264 kB
Buffers:           85564 kB
Cached:          1080488 kB
MemTotal:        1844596 kB
MemFree:          321028 kB
MemAvailable:    1451344 kB
Buffers:           85564 kB
Cached:          1080488 kB
MemTotal:        1844596 kB
MemFree:          320696 kB
MemAvailable:    1451012 kB
Buffers:           85564 kB
Cached:          1080488 kB
MemTotal:        1844596 kB
MemFree:          320948 kB
MemAvailable:    1451264 kB
Buffers:           85564 kB
Cached:          1080488 kB
MemTotal:        1844596 kB
MemFree:          319896 kB
MemAvailable:    1450212 kB
Buffers:           85564 kB
Cached:          1080488 kB
MemTotal:        1844596 kB
MemFree:          319240 kB
MemAvailable:    1449556 kB
Buffers:           85564 kB
Cached:          1080488 kB
MemTotal:        1844596 kB
MemFree:          320532 kB
MemAvailable:    1450848 kB
Buffers:           85564 kB
Cached:          1080488 kB
MemTotal:        1844596 kB
MemFree:          318300 kB
MemAvailable:    1448616 kB
Buffers:           85564 kB
Cached:          1080488 kB
MemTotal:        1844596 kB
MemFree:          318980 kB
MemAvailable:    1449296 kB
Buffers:           85564 kB
Cached:          1080488 kB
MemTotal:        1844596 kB
MemFree:          318980 kB
MemAvailable:    1449296 kB
Buffers:           85564 kB
Cached:          1080488 kB
MemTotal:        1844596 kB
MemFree:          318460 kB
MemAvailable:    1448776 kB
Buffers:           85564 kB
Cached:          1080488 kB
MemTotal:        1844596 kB
MemFree:          318460 kB
MemAvailable:    1448776 kB
Buffers:           85564 kB
Cached:          1080488 kB
MemTotal:        1844596 kB
MemFree:          318352 kB
MemAvailable:    1448668 kB
Buffers:           85564 kB
Cached:          1080488 kB
MemTotal:        1844596 kB
MemFree:          317052 kB
MemAvailable:    1447368 kB
Buffers:           85564 kB
Cached:          1080488 kB
MemTotal:        1844596 kB
MemFree:          318228 kB
MemAvailable:    1448544 kB
Buffers:           85564 kB
Cached:          1080488 kB
MemTotal:        1844596 kB
MemFree:          318096 kB
MemAvailable:    1448412 kB
Buffers:           85564 kB
Cached:          1080488 kB
MemTotal:        1844596 kB
MemFree:          317432 kB
MemAvailable:    1447748 kB
Buffers:           85564 kB
Cached:          1080488 kB
MemTotal:        1844596 kB
MemFree:          317860 kB
MemAvailable:    1448176 kB
Buffers:           85564 kB
Cached:          1080488 kB
MemTotal:        1844596 kB
MemFree:          318052 kB
MemAvailable:    1448368 kB
Buffers:           85564 kB
Cached:          1080488 kB
MemTotal:        1844596 kB
MemFree:          317964 kB
MemAvailable:    1448280 kB
Buffers:           85564 kB
Cached:          1080488 kB
MemTotal:        1844596 kB
MemFree:          318136 kB
MemAvailable:    1448452 kB
Buffers:           85564 kB
Cached:          1080488 kB
MemTotal:        1844596 kB
MemFree:          318036 kB
MemAvailable:    1448352 kB
Buffers:           85564 kB
Cached:          1080488 kB
MemTotal:        1844596 kB
MemFree:          317928 kB
MemAvailable:    1448244 kB
Buffers:           85564 kB
Cached:          1080488 kB
MemTotal:        1844596 kB
MemFree:          317780 kB
MemAvailable:    1448108 kB
Buffers:           85564 kB
Cached:          1080500 kB
MemTotal:        1844596 kB
MemFree:          317936 kB
MemAvailable:    1448264 kB
Buffers:           85564 kB
Cached:          1080500 kB
MemTotal:        1844596 kB
MemFree:          317816 kB
MemAvailable:    1448144 kB
Buffers:           85564 kB
Cached:          1080500 kB
MemTotal:        1844596 kB
MemFree:          317728 kB
MemAvailable:    1448056 kB
Buffers:           85564 kB
Cached:          1080500 kB
MemTotal:        1844596 kB
MemFree:          316944 kB
MemAvailable:    1447272 kB
Buffers:           85564 kB
Cached:          1080500 kB
MemTotal:        1844596 kB
MemFree:          316516 kB
MemAvailable:    1446844 kB
Buffers:           85564 kB
Cached:          1080500 kB
MemTotal:        1844596 kB
MemFree:          316516 kB
MemAvailable:    1446844 kB
Buffers:           85564 kB
Cached:          1080500 kB
MemTotal:        1844596 kB
MemFree:          317816 kB
MemAvailable:    1448144 kB
Buffers:           85564 kB
Cached:          1080500 kB
MemTotal:        1844596 kB
MemFree:          317612 kB
MemAvailable:    1447940 kB
Buffers:           85564 kB
Cached:          1080500 kB
MemTotal:        1844596 kB
MemFree:          317948 kB
MemAvailable:    1448276 kB
Buffers:           85564 kB
Cached:          1080500 kB
MemTotal:        1844596 kB
MemFree:          317848 kB
MemAvailable:    1448176 kB
Buffers:           85564 kB
Cached:          1080500 kB
MemTotal:        1844596 kB
MemFree:          317608 kB
MemAvailable:    1447936 kB
Buffers:           85564 kB
Cached:          1080500 kB
MemTotal:        1844596 kB
MemFree:          317864 kB
MemAvailable:    1448192 kB
Buffers:           85564 kB
Cached:          1080500 kB
MemTotal:        1844596 kB
MemFree:          317704 kB
MemAvailable:    1448032 kB
Buffers:           85564 kB
Cached:          1080500 kB
MemTotal:        1844596 kB
MemFree:          317796 kB
MemAvailable:    1448124 kB
Buffers:           85564 kB
Cached:          1080500 kB
MemTotal:        1844596 kB
MemFree:          317832 kB
MemAvailable:    1448160 kB
Buffers:           85564 kB
Cached:          1080500 kB
MemTotal:        1844596 kB
MemFree:          315572 kB
MemAvailable:    1445900 kB
Buffers:           85564 kB
Cached:          1080500 kB
MemTotal:        1844596 kB
MemFree:          316864 kB
MemAvailable:    1447192 kB
Buffers:           85564 kB
Cached:          1080500 kB
MemTotal:        1844596 kB
MemFree:          316624 kB
MemAvailable:    1446952 kB
Buffers:           85564 kB
Cached:          1080500 kB
MemTotal:        1844596 kB
MemFree:          316688 kB
MemAvailable:    1447016 kB
Buffers:           85564 kB
Cached:          1080500 kB
MemTotal:        1844596 kB
MemFree:          314880 kB
MemAvailable:    1445208 kB
Buffers:           85564 kB
Cached:          1080500 kB
MemTotal:        1844596 kB
MemFree:          313588 kB
MemAvailable:    1443916 kB
Buffers:           85564 kB
Cached:          1080500 kB
MemTotal:        1844596 kB
MemFree:          312224 kB
MemAvailable:    1442552 kB
Buffers:           85564 kB
Cached:          1080500 kB
MemTotal:        1844596 kB
MemFree:          309116 kB
MemAvailable:    1439444 kB
Buffers:           85564 kB
Cached:          1080500 kB
MemTotal:        1844596 kB
MemFree:          309804 kB
MemAvailable:    1440132 kB
Buffers:           85564 kB
Cached:          1080500 kB
MemTotal:        1844596 kB
MemFree:          304032 kB
MemAvailable:    1434360 kB
Buffers:           85564 kB
Cached:          1080500 kB
MemTotal:        1844596 kB
MemFree:          303800 kB
MemAvailable:    1434128 kB
Buffers:           85564 kB
Cached:          1080500 kB
MemTotal:        1844596 kB
MemFree:          299452 kB
MemAvailable:    1429780 kB
Buffers:           85564 kB
Cached:          1080500 kB
MemTotal:        1844596 kB
MemFree:          299320 kB
MemAvailable:    1429648 kB
Buffers:           85564 kB
Cached:          1080500 kB
MemTotal:        1844596 kB
MemFree:          298840 kB
MemAvailable:    1429168 kB
Buffers:           85564 kB
Cached:          1080500 kB
MemTotal:        1844596 kB
MemFree:          298892 kB
MemAvailable:    1429220 kB
Buffers:           85564 kB
Cached:          1080500 kB
MemTotal:        1844596 kB
MemFree:          299228 kB
MemAvailable:    1429556 kB
Buffers:           85564 kB
Cached:          1080500 kB
MemTotal:        1844596 kB
MemFree:          297908 kB
MemAvailable:    1428236 kB
Buffers:           85564 kB
Cached:          1080500 kB
MemTotal:        1844596 kB
MemFree:          299084 kB
MemAvailable:    1429412 kB
Buffers:           85564 kB
Cached:          1080500 kB
MemTotal:        1844596 kB
MemFree:          298628 kB
MemAvailable:    1428956 kB
Buffers:           85564 kB
Cached:          1080500 kB
MemTotal:        1844596 kB
MemFree:          298708 kB
MemAvailable:    1429036 kB
Buffers:           85564 kB
Cached:          1080500 kB
MemTotal:        1844596 kB
MemFree:          298512 kB
MemAvailable:    1428840 kB
Buffers:           85564 kB
Cached:          1080500 kB
MemTotal:        1844596 kB
MemFree:          298848 kB
MemAvailable:    1429176 kB
Buffers:           85564 kB
Cached:          1080500 kB
MemTotal:        1844596 kB
MemFree:          298556 kB
MemAvailable:    1428884 kB
Buffers:           85564 kB
Cached:          1080500 kB
MemTotal:        1844596 kB
MemFree:          298556 kB
MemAvailable:    1428884 kB
Buffers:           85564 kB
Cached:          1080500 kB
MemTotal:        1844596 kB
MemFree:          298384 kB
MemAvailable:    1428712 kB
Buffers:           85564 kB
Cached:          1080500 kB
MemTotal:        1844596 kB
MemFree:          297096 kB
MemAvailable:    1427424 kB
Buffers:           85564 kB
Cached:          1080500 kB
MemTotal:        1844596 kB
MemFree:          298080 kB
MemAvailable:    1428408 kB
Buffers:           85564 kB
Cached:          1080500 kB
MemTotal:        1844596 kB
MemFree:          298080 kB
MemAvailable:    1428408 kB
Buffers:           85564 kB
Cached:          1080500 kB
MemTotal:        1844596 kB
MemFree:          297896 kB
MemAvailable:    1428224 kB
Buffers:           85564 kB
Cached:          1080500 kB
MemTotal:        1844596 kB
MemFree:          298148 kB
MemAvailable:    1428476 kB
Buffers:           85564 kB
Cached:          1080500 kB
MemTotal:        1844596 kB
MemFree:          297936 kB
MemAvailable:    1428264 kB
Buffers:           85564 kB
Cached:          1080500 kB
MemTotal:        1844596 kB
MemFree:          298272 kB
MemAvailable:    1428600 kB
Buffers:           85564 kB
Cached:          1080500 kB
MemTotal:        1844596 kB
MemFree:          296696 kB
MemAvailable:    1427024 kB
Buffers:           85564 kB
Cached:          1080500 kB
MemTotal:        1844596 kB
MemFree:          298004 kB
MemAvailable:    1428332 kB
Buffers:           85564 kB
Cached:          1080500 kB
MemTotal:        1844596 kB
MemFree:          298020 kB
MemAvailable:    1428348 kB
Buffers:           85564 kB
Cached:          1080500 kB
MemTotal:        1844596 kB
MemFree:          296904 kB
MemAvailable:    1427232 kB
Buffers:           85564 kB
Cached:          1080500 kB
MemTotal:        1844596 kB
MemFree:          297880 kB
MemAvailable:    1428208 kB
Buffers:           85564 kB
Cached:          1080500 kB
MemTotal:        1844596 kB
MemFree:          297964 kB
MemAvailable:    1428292 kB
Buffers:           85564 kB
Cached:          1080500 kB
MemTotal:        1844596 kB
MemFree:          297768 kB
MemAvailable:    1428096 kB
Buffers:           85564 kB
Cached:          1080500 kB
MemTotal:        1844596 kB
MemFree:          298104 kB
MemAvailable:    1428432 kB
Buffers:           85564 kB
Cached:          1080500 kB
MemTotal:        1844596 kB
MemFree:          297888 kB
MemAvailable:    1428216 kB
Buffers:           85564 kB
Cached:          1080500 kB
MemTotal:        1844596 kB
MemFree:          298140 kB
MemAvailable:    1428468 kB
Buffers:           85564 kB
Cached:          1080500 kB
MemTotal:        1844596 kB
MemFree:          298016 kB
MemAvailable:    1428344 kB
Buffers:           85564 kB
Cached:          1080500 kB
MemTotal:        1844596 kB
MemFree:          298016 kB
MemAvailable:    1428344 kB
Buffers:           85564 kB
Cached:          1080500 kB
MemTotal:        1844596 kB
MemFree:          298116 kB
MemAvailable:    1428444 kB
Buffers:           85564 kB
Cached:          1080500 kB
MemTotal:        1844596 kB
MemFree:          298200 kB
MemAvailable:    1428528 kB
Buffers:           85564 kB
Cached:          1080500 kB
MemTotal:        1844596 kB
MemFree:          298256 kB
MemAvailable:    1428584 kB
Buffers:           85564 kB
Cached:          1080500 kB
MemTotal:        1844596 kB
MemFree:          298152 kB
MemAvailable:    1428480 kB
Buffers:           85564 kB
Cached:          1080500 kB
MemTotal:        1844596 kB
MemFree:          297964 kB
MemAvailable:    1428292 kB
Buffers:           85564 kB
Cached:          1080500 kB
MemTotal:        1844596 kB
MemFree:          295980 kB
MemAvailable:    1426308 kB
Buffers:           85564 kB
Cached:          1080500 kB
MemTotal:        1844596 kB
MemFree:          293304 kB
MemAvailable:    1423632 kB
Buffers:           85564 kB
Cached:          1080500 kB
MemTotal:        1844596 kB
MemFree:          290088 kB
MemAvailable:    1420416 kB
Buffers:           85564 kB
Cached:          1080500 kB
MemTotal:        1844596 kB
MemFree:          288540 kB
MemAvailable:    1418868 kB
Buffers:           85564 kB
Cached:          1080500 kB
MemTotal:        1844596 kB
MemFree:          285936 kB
MemAvailable:    1416264 kB
Buffers:           85564 kB
Cached:          1080500 kB
MemTotal:        1844596 kB
MemFree:          283136 kB
MemAvailable:    1413464 kB
Buffers:           85564 kB
Cached:          1080500 kB
MemTotal:        1844596 kB
MemFree:          280912 kB
MemAvailable:    1411240 kB
Buffers:           85564 kB
Cached:          1080500 kB
MemTotal:        1844596 kB
MemFree:          279372 kB
MemAvailable:    1409700 kB
Buffers:           85564 kB
Cached:          1080500 kB
MemTotal:        1844596 kB
MemFree:          280216 kB
MemAvailable:    1410544 kB
Buffers:           85564 kB
Cached:          1080500 kB
MemTotal:        1844596 kB
MemFree:          280300 kB
MemAvailable:    1410628 kB
Buffers:           85564 kB
Cached:          1080500 kB
MemTotal:        1844596 kB
MemFree:          280164 kB
MemAvailable:    1410492 kB
Buffers:           85564 kB
Cached:          1080500 kB
MemTotal:        1844596 kB
MemFree:          280164 kB
MemAvailable:    1410492 kB
Buffers:           85564 kB
Cached:          1080500 kB
MemTotal:        1844596 kB
MemFree:          280220 kB
MemAvailable:    1410548 kB
Buffers:           85564 kB
Cached:          1080500 kB
MemTotal:        1844596 kB
MemFree:          280184 kB
MemAvailable:    1410520 kB
Buffers:           85564 kB
Cached:          1080508 kB
MemTotal:        1844596 kB
MemFree:          280436 kB
MemAvailable:    1410772 kB
Buffers:           85564 kB
Cached:          1080508 kB
MemTotal:        1844596 kB
MemFree:          280304 kB
MemAvailable:    1410640 kB
Buffers:           85564 kB
Cached:          1080508 kB
MemTotal:        1844596 kB
MemFree:          280472 kB
MemAvailable:    1410808 kB
Buffers:           85564 kB
Cached:          1080508 kB
MemTotal:        1844596 kB
MemFree:          279852 kB
MemAvailable:    1410188 kB
Buffers:           85564 kB
Cached:          1080508 kB
MemTotal:        1844596 kB
MemFree:          280188 kB
MemAvailable:    1410524 kB
Buffers:           85564 kB
Cached:          1080508 kB
MemTotal:        1844596 kB
MemFree:          279912 kB
MemAvailable:    1410248 kB
Buffers:           85564 kB
Cached:          1080508 kB
MemTotal:        1844596 kB
MemFree:          279872 kB
MemAvailable:    1410208 kB
Buffers:           85564 kB
Cached:          1080508 kB
MemTotal:        1844596 kB
MemFree:          278752 kB
MemAvailable:    1409088 kB
Buffers:           85564 kB
Cached:          1080508 kB
MemTotal:        1844596 kB
MemFree:          279868 kB
MemAvailable:    1410204 kB
Buffers:           85564 kB
Cached:          1080508 kB
MemTotal:        1844596 kB
MemFree:          278440 kB
MemAvailable:    1408776 kB
Buffers:           85564 kB
Cached:          1080508 kB
MemTotal:        1844596 kB
MemFree:          279736 kB
MemAvailable:    1410072 kB
Buffers:           85564 kB
Cached:          1080508 kB
MemTotal:        1844596 kB
MemFree:          279864 kB
MemAvailable:    1410200 kB
Buffers:           85564 kB
Cached:          1080508 kB
MemTotal:        1844596 kB
MemFree:          279900 kB
MemAvailable:    1410236 kB
Buffers:           85564 kB
Cached:          1080508 kB
MemTotal:        1844596 kB
MemFree:          279736 kB
MemAvailable:    1410072 kB
Buffers:           85564 kB
Cached:          1080508 kB
MemTotal:        1844596 kB
MemFree:          280072 kB
MemAvailable:    1410408 kB
Buffers:           85564 kB
Cached:          1080508 kB
MemTotal:        1844596 kB
MemFree:          279860 kB
MemAvailable:    1410196 kB
Buffers:           85564 kB
Cached:          1080508 kB
MemTotal:        1844596 kB
MemFree:          280112 kB
MemAvailable:    1410448 kB
Buffers:           85564 kB
Cached:          1080508 kB
MemTotal:        1844596 kB
MemFree:          279880 kB
MemAvailable:    1410216 kB
Buffers:           85564 kB
Cached:          1080508 kB
MemTotal:        1844596 kB
MemFree:          278616 kB
MemAvailable:    1408952 kB
Buffers:           85564 kB
Cached:          1080508 kB
MemTotal:        1844596 kB
MemFree:          279000 kB
MemAvailable:    1409336 kB
Buffers:           85564 kB
Cached:          1080508 kB
MemTotal:        1844596 kB
MemFree:          279808 kB
MemAvailable:    1410144 kB
Buffers:           85564 kB
Cached:          1080508 kB
MemTotal:        1844596 kB
MemFree:          279808 kB
MemAvailable:    1410144 kB
Buffers:           85564 kB
Cached:          1080508 kB
MemTotal:        1844596 kB
MemFree:          279680 kB
MemAvailable:    1410016 kB
Buffers:           85564 kB
Cached:          1080508 kB
MemTotal:        1844596 kB
MemFree:          279680 kB
MemAvailable:    1410016 kB
Buffers:           85564 kB
Cached:          1080508 kB
MemTotal:        1844596 kB
MemFree:          279740 kB
MemAvailable:    1410076 kB
Buffers:           85564 kB
Cached:          1080508 kB
MemTotal:        1844596 kB
MemFree:          279064 kB
MemAvailable:    1409400 kB
Buffers:           85564 kB
Cached:          1080508 kB
MemTotal:        1844596 kB
MemFree:          278596 kB
MemAvailable:    1408932 kB
Buffers:           85564 kB
Cached:          1080508 kB
MemTotal:        1844596 kB
MemFree:          279836 kB
MemAvailable:    1410172 kB
Buffers:           85564 kB
Cached:          1080508 kB
MemTotal:        1844596 kB
MemFree:          279712 kB
MemAvailable:    1410048 kB
Buffers:           85564 kB
Cached:          1080508 kB
MemTotal:        1844596 kB
MemFree:          277496 kB
MemAvailable:    1407832 kB
Buffers:           85564 kB
Cached:          1080508 kB
MemTotal:        1844596 kB
MemFree:          277388 kB
MemAvailable:    1407724 kB
Buffers:           85564 kB
Cached:          1080508 kB
MemTotal:        1844596 kB
MemFree:          271172 kB
MemAvailable:    1401508 kB
Buffers:           85564 kB
Cached:          1080508 kB
MemTotal:        1844596 kB
MemFree:          271136 kB
MemAvailable:    1401472 kB
Buffers:           85564 kB
Cached:          1080508 kB
MemTotal:        1844596 kB
MemFree:          265660 kB
MemAvailable:    1395996 kB
Buffers:           85564 kB
Cached:          1080508 kB
MemTotal:        1844596 kB
MemFree:          263012 kB
MemAvailable:    1393348 kB
Buffers:           85564 kB
Cached:          1080508 kB
MemTotal:        1844596 kB
MemFree:          262492 kB
MemAvailable:    1392828 kB
Buffers:           85564 kB
Cached:          1080508 kB
MemTotal:        1844596 kB
MemFree:          261764 kB
MemAvailable:    1392100 kB
Buffers:           85564 kB
Cached:          1080508 kB
MemTotal:        1844596 kB
MemFree:          261124 kB
MemAvailable:    1391460 kB
Buffers:           85564 kB
Cached:          1080508 kB
MemTotal:        1844596 kB
MemFree:          262432 kB
MemAvailable:    1392768 kB
Buffers:           85564 kB
Cached:          1080508 kB
MemTotal:        1844596 kB
MemFree:          262308 kB
MemAvailable:    1392644 kB
Buffers:           85564 kB
Cached:          1080508 kB
MemTotal:        1844596 kB
MemFree:          262196 kB
MemAvailable:    1392532 kB
Buffers:           85564 kB
Cached:          1080508 kB
MemTotal:        1844596 kB
MemFree:          262448 kB
MemAvailable:    1392784 kB
Buffers:           85564 kB
Cached:          1080508 kB
MemTotal:        1844596 kB
MemFree:          262072 kB
MemAvailable:    1392408 kB
Buffers:           85564 kB
Cached:          1080508 kB
MemTotal:        1844596 kB
MemFree:          262328 kB
MemAvailable:    1392664 kB
Buffers:           85564 kB
Cached:          1080508 kB
MemTotal:        1844596 kB
MemFree:          262060 kB
MemAvailable:    1392396 kB
Buffers:           85564 kB
Cached:          1080508 kB
MemTotal:        1844596 kB
MemFree:          262204 kB
MemAvailable:    1392540 kB
Buffers:           85564 kB
Cached:          1080508 kB
MemTotal:        1844596 kB
MemFree:          262108 kB
MemAvailable:    1392444 kB
Buffers:           85564 kB
Cached:          1080508 kB
MemTotal:        1844596 kB
MemFree:          262444 kB
MemAvailable:    1392780 kB
Buffers:           85564 kB
Cached:          1080508 kB
MemTotal:        1844596 kB
MemFree:          261124 kB
MemAvailable:    1391460 kB
Buffers:           85564 kB
Cached:          1080508 kB
MemTotal:        1844596 kB
MemFree:          261000 kB
MemAvailable:    1391336 kB
Buffers:           85564 kB
Cached:          1080508 kB
MemTotal:        1844596 kB
MemFree:          261372 kB
MemAvailable:    1391708 kB
Buffers:           85564 kB
Cached:          1080508 kB
MemTotal:        1844596 kB
MemFree:          262364 kB
MemAvailable:    1392700 kB
Buffers:           85564 kB
Cached:          1080508 kB
MemTotal:        1844596 kB
MemFree:          261268 kB
MemAvailable:    1391604 kB
Buffers:           85564 kB
Cached:          1080508 kB
MemTotal:        1844596 kB
MemFree:          262116 kB
MemAvailable:    1392452 kB
Buffers:           85564 kB
Cached:          1080508 kB
MemTotal:        1844596 kB
MemFree:          261524 kB
MemAvailable:    1391860 kB
Buffers:           85564 kB
Cached:          1080508 kB
MemTotal:        1844596 kB
MemFree:          261568 kB
MemAvailable:    1391904 kB
Buffers:           85564 kB
Cached:          1080508 kB
MemTotal:        1844596 kB
MemFree:          260276 kB
MemAvailable:    1390612 kB
Buffers:           85564 kB
Cached:          1080508 kB
MemTotal:        1844596 kB
MemFree:          261116 kB
MemAvailable:    1391452 kB
Buffers:           85564 kB
Cached:          1080508 kB
MemTotal:        1844596 kB
MemFree:          261284 kB
MemAvailable:    1391620 kB
Buffers:           85564 kB
Cached:          1080508 kB
MemTotal:        1844596 kB
MemFree:          261240 kB
MemAvailable:    1391576 kB
Buffers:           85564 kB
Cached:          1080508 kB
MemTotal:        1844596 kB
MemFree:          261240 kB
MemAvailable:    1391576 kB
Buffers:           85564 kB
Cached:          1080508 kB
MemTotal:        1844596 kB
MemFree:          260772 kB
MemAvailable:    1391108 kB
Buffers:           85564 kB
Cached:          1080508 kB
MemTotal:        1844596 kB
MemFree:          259284 kB
MemAvailable:    1389620 kB
Buffers:           85564 kB
Cached:          1080508 kB
MemTotal:        1844596 kB
MemFree:          258044 kB
MemAvailable:    1388380 kB
Buffers:           85564 kB
Cached:          1080508 kB
MemTotal:        1844596 kB
MemFree:          254756 kB
MemAvailable:    1385092 kB
Buffers:           85564 kB
Cached:          1080508 kB
MemTotal:        1844596 kB
MemFree:          252036 kB
MemAvailable:    1382372 kB
Buffers:           85564 kB
Cached:          1080508 kB
MemTotal:        1844596 kB
MemFree:          251788 kB
MemAvailable:    1382124 kB
Buffers:           85564 kB
Cached:          1080508 kB
MemTotal:        1844596 kB
MemFree:          247496 kB
MemAvailable:    1377832 kB
Buffers:           85564 kB
Cached:          1080508 kB
MemTotal:        1844596 kB
MemFree:          247264 kB
MemAvailable:    1377600 kB
Buffers:           85564 kB
Cached:          1080508 kB
MemTotal:        1844596 kB
MemFree:          243024 kB
MemAvailable:    1373360 kB
Buffers:           85564 kB
Cached:          1080508 kB
MemTotal:        1844596 kB
MemFree:          242792 kB
MemAvailable:    1373128 kB
Buffers:           85564 kB
Cached:          1080508 kB
MemTotal:        1844596 kB
MemFree:          238808 kB
MemAvailable:    1369144 kB
Buffers:           85564 kB
Cached:          1080508 kB
MemTotal:        1844596 kB
MemFree:          238896 kB
MemAvailable:    1369232 kB
Buffers:           85564 kB
Cached:          1080508 kB
MemTotal:        1844596 kB
MemFree:          236096 kB
MemAvailable:    1366432 kB
Buffers:           85564 kB
Cached:          1080508 kB
MemTotal:        1844596 kB
MemFree:          234980 kB
MemAvailable:    1365316 kB
Buffers:           85564 kB
Cached:          1080508 kB
MemTotal:        1844596 kB
MemFree:          232360 kB
MemAvailable:    1362696 kB
Buffers:           85564 kB
Cached:          1080508 kB
MemTotal:        1844596 kB
MemFree:          232360 kB
MemAvailable:    1362696 kB
Buffers:           85564 kB
Cached:          1080508 kB
MemTotal:        1844596 kB
MemFree:          230508 kB
MemAvailable:    1360844 kB
Buffers:           85564 kB
Cached:          1080508 kB
MemTotal:        1844596 kB
MemFree:          230592 kB
MemAvailable:    1360928 kB
Buffers:           85564 kB
Cached:          1080508 kB
MemTotal:        1844596 kB
MemFree:          230520 kB
MemAvailable:    1360868 kB
Buffers:           85564 kB
Cached:          1080520 kB
MemTotal:        1844596 kB
MemFree:          229648 kB
MemAvailable:    1359996 kB
Buffers:           85564 kB
Cached:          1080520 kB
MemTotal:        1844596 kB
MemFree:          230888 kB
MemAvailable:    1361236 kB
Buffers:           85564 kB
Cached:          1080520 kB
MemTotal:        1844596 kB
MemFree:          230624 kB
MemAvailable:    1360972 kB
Buffers:           85564 kB
Cached:          1080520 kB
MemTotal:        1844596 kB
MemFree:          230624 kB
MemAvailable:    1360972 kB
Buffers:           85564 kB
Cached:          1080520 kB
MemTotal:        1844596 kB
MemFree:          230504 kB
MemAvailable:    1360852 kB
Buffers:           85564 kB
Cached:          1080520 kB
MemTotal:        1844596 kB
MemFree:          230324 kB
MemAvailable:    1360672 kB
Buffers:           85564 kB
Cached:          1080520 kB
MemTotal:        1844596 kB
MemFree:          230580 kB
MemAvailable:    1360928 kB
Buffers:           85564 kB
Cached:          1080520 kB
MemTotal:        1844596 kB
MemFree:          228904 kB
MemAvailable:    1359252 kB
Buffers:           85564 kB
Cached:          1080520 kB
MemTotal:        1844596 kB
MemFree:          229392 kB
MemAvailable:    1359740 kB
Buffers:           85564 kB
Cached:          1080520 kB
MemTotal:        1844596 kB
MemFree:          228648 kB
MemAvailable:    1358996 kB
Buffers:           85564 kB
Cached:          1080520 kB
MemTotal:        1844596 kB
MemFree:          229084 kB
MemAvailable:    1359432 kB
Buffers:           85564 kB
Cached:          1080520 kB
MemTotal:        1844596 kB
MemFree:          229340 kB
MemAvailable:    1359688 kB
Buffers:           85564 kB
Cached:          1080520 kB
MemTotal:        1844596 kB
MemFree:          229376 kB
MemAvailable:    1359724 kB
Buffers:           85564 kB
Cached:          1080520 kB
MemTotal:        1844596 kB
MemFree:          228940 kB
MemAvailable:    1359288 kB
Buffers:           85564 kB
Cached:          1080520 kB
MemTotal:        1844596 kB
MemFree:          228904 kB
MemAvailable:    1359252 kB
Buffers:           85564 kB
Cached:          1080520 kB
MemTotal:        1844596 kB
MemFree:          228592 kB
MemAvailable:    1358940 kB
Buffers:           85564 kB
Cached:          1080520 kB
MemTotal:        1844596 kB
MemFree:          228848 kB
MemAvailable:    1359196 kB
Buffers:           85564 kB
Cached:          1080520 kB
MemTotal:        1844596 kB
MemFree:          227604 kB
MemAvailable:    1357952 kB
Buffers:           85564 kB
Cached:          1080520 kB
MemTotal:        1844596 kB
MemFree:          228648 kB
MemAvailable:    1358996 kB
Buffers:           85564 kB
Cached:          1080520 kB
MemTotal:        1844596 kB
MemFree:          227904 kB
MemAvailable:    1358252 kB
Buffers:           85564 kB
Cached:          1080520 kB
MemTotal:        1844596 kB
MemFree:          227904 kB
MemAvailable:    1358252 kB
Buffers:           85564 kB
Cached:          1080520 kB
MemTotal:        1844596 kB
MemFree:          227468 kB
MemAvailable:    1357816 kB
Buffers:           85564 kB
Cached:          1080520 kB
MemTotal:        1844596 kB
MemFree:          227612 kB
MemAvailable:    1357960 kB
Buffers:           85564 kB
Cached:          1080520 kB
MemTotal:        1844596 kB
MemFree:          224796 kB
MemAvailable:    1355144 kB
Buffers:           85564 kB
Cached:          1080520 kB
MemTotal:        1844596 kB
MemFree:          226252 kB
MemAvailable:    1356600 kB
Buffers:           85564 kB
Cached:          1080520 kB
MemTotal:        1844596 kB
MemFree:          225040 kB
MemAvailable:    1355388 kB
Buffers:           85564 kB
Cached:          1080520 kB
MemTotal:        1844596 kB
MemFree:          226224 kB
MemAvailable:    1356572 kB
Buffers:           85564 kB
Cached:          1080520 kB
MemTotal:        1844596 kB
MemFree:          226364 kB
MemAvailable:    1356712 kB
Buffers:           85564 kB
Cached:          1080520 kB
MemTotal:        1844596 kB
MemFree:          226160 kB
MemAvailable:    1356508 kB
Buffers:           85564 kB
Cached:          1080520 kB
MemTotal:        1844596 kB
MemFree:          226096 kB
MemAvailable:    1356444 kB
Buffers:           85564 kB
Cached:          1080520 kB
MemTotal:        1844596 kB
MemFree:          226352 kB
MemAvailable:    1356700 kB
Buffers:           85564 kB
Cached:          1080520 kB
MemTotal:        1844596 kB
MemFree:          226348 kB
MemAvailable:    1356696 kB
Buffers:           85564 kB
Cached:          1080520 kB
MemTotal:        1844596 kB
MemFree:          225016 kB
MemAvailable:    1355364 kB
Buffers:           85564 kB
Cached:          1080520 kB
MemTotal:        1844596 kB
MemFree:          226124 kB
MemAvailable:    1356472 kB
Buffers:           85564 kB
Cached:          1080520 kB
MemTotal:        1844596 kB
MemFree:          226124 kB
MemAvailable:    1356472 kB
Buffers:           85564 kB
Cached:          1080520 kB
MemTotal:        1844596 kB
MemFree:          226480 kB
MemAvailable:    1356828 kB
Buffers:           85564 kB
Cached:          1080520 kB
MemTotal:        1844596 kB
MemFree:          226160 kB
MemAvailable:    1356508 kB
Buffers:           85564 kB
Cached:          1080520 kB
MemTotal:        1844596 kB
MemFree:          226372 kB
MemAvailable:    1356720 kB
Buffers:           85564 kB
Cached:          1080520 kB
MemTotal:        1844596 kB
MemFree:          224748 kB
MemAvailable:    1355096 kB
Buffers:           85564 kB
Cached:          1080520 kB
MemTotal:        1844596 kB
MemFree:          226172 kB
MemAvailable:    1356520 kB
Buffers:           85564 kB
Cached:          1080520 kB
MemTotal:        1844596 kB
MemFree:          226180 kB
MemAvailable:    1356528 kB
Buffers:           85564 kB
Cached:          1080520 kB
MemTotal:        1844596 kB
MemFree:          225004 kB
MemAvailable:    1355352 kB
Buffers:           85564 kB
Cached:          1080520 kB
MemTotal:        1844596 kB
MemFree:          225128 kB
MemAvailable:    1355476 kB
Buffers:           85564 kB
Cached:          1080520 kB
MemTotal:        1844596 kB
MemFree:          224996 kB
MemAvailable:    1355344 kB
Buffers:           85564 kB
Cached:          1080520 kB
MemTotal:        1844596 kB
MemFree:          226272 kB
MemAvailable:    1356620 kB
Buffers:           85564 kB
Cached:          1080520 kB
MemTotal:        1844596 kB
MemFree:          226272 kB
MemAvailable:    1356620 kB
Buffers:           85564 kB
Cached:          1080520 kB
MemTotal:        1844596 kB
MemFree:          226292 kB
MemAvailable:    1356640 kB
Buffers:           85564 kB
Cached:          1080520 kB
MemTotal:        1844596 kB
MemFree:          226168 kB
MemAvailable:    1356516 kB
Buffers:           85564 kB
Cached:          1080520 kB
MemTotal:        1844596 kB
MemFree:          226336 kB
MemAvailable:    1356684 kB
Buffers:           85564 kB
Cached:          1080520 kB
MemTotal:        1844596 kB
MemFree:          224872 kB
MemAvailable:    1355220 kB
Buffers:           85564 kB
Cached:          1080520 kB
MemTotal:        1844596 kB
MemFree:          224756 kB
MemAvailable:    1355104 kB
Buffers:           85564 kB
Cached:          1080520 kB
MemTotal:        1844596 kB
MemFree:          226056 kB
MemAvailable:    1356404 kB
Buffers:           85564 kB
Cached:          1080520 kB
MemTotal:        1844596 kB
MemFree:          226156 kB
MemAvailable:    1356504 kB
Buffers:           85564 kB
Cached:          1080520 kB
MemTotal:        1844596 kB
MemFree:          226408 kB
MemAvailable:    1356756 kB
Buffers:           85564 kB
Cached:          1080520 kB
MemTotal:        1844596 kB
MemFree:          224880 kB
MemAvailable:    1355228 kB
Buffers:           85564 kB
Cached:          1080520 kB
MemTotal:        1844596 kB
MemFree:          226224 kB
MemAvailable:    1356572 kB
Buffers:           85564 kB
Cached:          1080520 kB
MemTotal:        1844596 kB
MemFree:          226240 kB
MemAvailable:    1356588 kB
Buffers:           85564 kB
Cached:          1080520 kB
MemTotal:        1844596 kB
MemFree:          226308 kB
MemAvailable:    1356656 kB
Buffers:           85564 kB
Cached:          1080520 kB
MemTotal:        1844596 kB
MemFree:          225804 kB
MemAvailable:    1356152 kB
Buffers:           85564 kB
Cached:          1080520 kB
MemTotal:        1844596 kB
MemFree:          226108 kB
MemAvailable:    1356456 kB
Buffers:           85564 kB
Cached:          1080520 kB
MemTotal:        1844596 kB
MemFree:          226308 kB
MemAvailable:    1356656 kB
Buffers:           85564 kB
Cached:          1080520 kB
MemTotal:        1844596 kB
MemFree:          226220 kB
MemAvailable:    1356568 kB
Buffers:           85564 kB
Cached:          1080520 kB
MemTotal:        1844596 kB
MemFree:          224936 kB
MemAvailable:    1355284 kB
Buffers:           85564 kB
Cached:          1080520 kB
MemTotal:        1844596 kB
MemFree:          223564 kB
MemAvailable:    1353912 kB
Buffers:           85564 kB
Cached:          1080520 kB
MemTotal:        1844596 kB
MemFree:          224004 kB
MemAvailable:    1354352 kB
Buffers:           85564 kB
Cached:          1080520 kB
MemTotal:        1844596 kB
MemFree:          221392 kB
MemAvailable:    1351740 kB
Buffers:           85564 kB
Cached:          1080520 kB
MemTotal:        1844596 kB
MemFree:          218620 kB
MemAvailable:    1348968 kB
Buffers:           85564 kB
Cached:          1080520 kB
MemTotal:        1844596 kB
MemFree:          219720 kB
MemAvailable:    1350068 kB
Buffers:           85564 kB
Cached:          1080520 kB
MemTotal:        1844596 kB
MemFree:          219976 kB
MemAvailable:    1350324 kB
Buffers:           85564 kB
Cached:          1080520 kB
MemTotal:        1844596 kB
MemFree:          219720 kB
MemAvailable:    1350068 kB
Buffers:           85564 kB
Cached:          1080520 kB
MemTotal:        1844596 kB
MemFree:          218860 kB
MemAvailable:    1349208 kB
Buffers:           85564 kB
Cached:          1080520 kB
MemTotal:        1844596 kB
MemFree:          219424 kB
MemAvailable:    1349772 kB
Buffers:           85564 kB
Cached:          1080520 kB
MemTotal:        1844596 kB
MemFree:          219484 kB
MemAvailable:    1349832 kB
Buffers:           85564 kB
Cached:          1080520 kB
MemTotal:        1844596 kB
MemFree:          219584 kB
MemAvailable:    1349932 kB
Buffers:           85564 kB
Cached:          1080520 kB
MemTotal:        1844596 kB
MemFree:          219584 kB
MemAvailable:    1349932 kB
Buffers:           85564 kB
Cached:          1080520 kB
MemTotal:        1844596 kB
MemFree:          219340 kB
MemAvailable:    1349688 kB
Buffers:           85564 kB
Cached:          1080520 kB
MemTotal:        1844596 kB
MemFree:          219592 kB
MemAvailable:    1349940 kB
Buffers:           85564 kB
Cached:          1080520 kB
MemTotal:        1844596 kB
MemFree:          219300 kB
MemAvailable:    1349648 kB
Buffers:           85564 kB
Cached:          1080520 kB
MemTotal:        1844596 kB
MemFree:          219364 kB
MemAvailable:    1349712 kB
Buffers:           85564 kB
Cached:          1080520 kB
MemTotal:        1844596 kB
MemFree:          219060 kB
MemAvailable:    1349408 kB
Buffers:           85564 kB
Cached:          1080520 kB
MemTotal:        1844596 kB
MemFree:          219316 kB
MemAvailable:    1349664 kB
Buffers:           85564 kB
Cached:          1080520 kB
MemTotal:        1844596 kB
MemFree:          217820 kB
MemAvailable:    1348180 kB
Buffers:           85564 kB
Cached:          1080532 kB
MemTotal:        1844596 kB
MemFree:          219120 kB
MemAvailable:    1349648 kB
Buffers:           85564 kB
Cached:          1080656 kB
MemTotal:        1844596 kB
MemFree:          218864 kB
MemAvailable:    1349392 kB
Buffers:           85564 kB
Cached:          1080780 kB
MemTotal:        1844596 kB
MemFree:          218988 kB
MemAvailable:    1349768 kB
Buffers:           85564 kB
Cached:          1080904 kB
MemTotal:        1844596 kB
MemFree:          217744 kB
MemAvailable:    1348524 kB
Buffers:           85564 kB
Cached:          1080904 kB
MemTotal:        1844596 kB
MemFree:          218652 kB
MemAvailable:    1349516 kB
Buffers:           85564 kB
Cached:          1081028 kB
MemTotal:        1844596 kB
MemFree:          218584 kB
MemAvailable:    1349532 kB
Buffers:           85564 kB
Cached:          1081028 kB
MemTotal:        1844596 kB
MemFree:          218584 kB
MemAvailable:    1349532 kB
Buffers:           85564 kB
Cached:          1081028 kB
MemTotal:        1844596 kB
MemFree:          218300 kB
MemAvailable:    1349248 kB
Buffers:           85564 kB
Cached:          1081152 kB
MemTotal:        1844596 kB
MemFree:          218476 kB
MemAvailable:    1349424 kB
Buffers:           85564 kB
Cached:          1081152 kB
MemTotal:        1844596 kB
MemFree:          218284 kB
MemAvailable:    1349232 kB
Buffers:           85564 kB
Cached:          1081152 kB
MemTotal:        1844596 kB
MemFree:          218284 kB
MemAvailable:    1349232 kB
Buffers:           85564 kB
Cached:          1081152 kB
MemTotal:        1844596 kB
MemFree:          218336 kB
MemAvailable:    1349284 kB
Buffers:           85564 kB
Cached:          1081152 kB
MemTotal:        1844596 kB
MemFree:          218588 kB
MemAvailable:    1349536 kB
Buffers:           85564 kB
Cached:          1081152 kB
MemTotal:        1844596 kB
MemFree:          218404 kB
MemAvailable:    1349352 kB
Buffers:           85564 kB
Cached:          1081276 kB
MemTotal:        1844596 kB
MemFree:          218316 kB
MemAvailable:    1349348 kB
Buffers:           85564 kB
Cached:          1081276 kB
MemTotal:        1844596 kB
MemFree:          219196 kB
MemAvailable:    1349556 kB
Buffers:           85564 kB
Cached:          1080560 kB
MemTotal:        1844596 kB
MemFree:          273772 kB
MemAvailable:    1404216 kB
Buffers:           85564 kB
Cached:          1080560 kB
MemTotal:        1844596 kB
MemFree:          396300 kB
MemAvailable:    1526660 kB
Buffers:           85564 kB
Cached:          1080560 kB
