MemTotal:        1844596 kB
MemFree:          264200 kB
MemAvailable:    1546764 kB
Buffers:          102208 kB
Cached:          1198672 kB
MemTotal:        1844596 kB
MemFree:          238176 kB
MemAvailable:    1520744 kB
Buffers:          102208 kB
Cached:          1198676 kB
MemTotal:        1844596 kB
MemFree:          235316 kB
MemAvailable:    1517884 kB
Buffers:          102208 kB
Cached:          1198676 kB
MemTotal:        1844596 kB
MemFree:          234580 kB
MemAvailable:    1517148 kB
Buffers:          102208 kB
Cached:          1198676 kB
MemTotal:        1844596 kB
MemFree:          231836 kB
MemAvailable:    1514404 kB
Buffers:          102208 kB
Cached:          1198676 kB
MemTotal:        1844596 kB
MemFree:          231460 kB
MemAvailable:    1514028 kB
Buffers:          102208 kB
Cached:          1198676 kB
MemTotal:        1844596 kB
MemFree:          231676 kB
MemAvailable:    1514244 kB
Buffers:          102208 kB
Cached:          1198676 kB
MemTotal:        1844596 kB
MemFree:          229868 kB
MemAvailable:    1512436 kB
Buffers:          102208 kB
Cached:          1198676 kB
MemTotal:        1844596 kB
MemFree:          227076 kB
MemAvailable:    1509644 kB
Buffers:          102208 kB
Cached:          1198676 kB
MemTotal:        1844596 kB
MemFree:          224784 kB
MemAvailable:    1507352 kB
Buffers:          102208 kB
Cached:          1198676 kB
MemTotal:        1844596 kB
MemFree:          221188 kB
MemAvailable:    1503756 kB
Buffers:          102208 kB
Cached:          1198676 kB
MemTotal:        1844596 kB
MemFree:          224316 kB
MemAvailable:    1506884 kB
Buffers:          102208 kB
Cached:          1198676 kB
MemTotal:        1844596 kB
MemFree:          224040 kB
MemAvailable:    1506608 kB
Buffers:          102208 kB
Cached:          1198676 kB
MemTotal:        1844596 kB
MemFree:          224452 kB
MemAvailable:    1507020 kB
Buffers:          102208 kB
Cached:          1198676 kB
MemTotal:        1844596 kB
MemFree:          224328 kB
MemAvailable:    1506896 kB
Buffers:          102208 kB
Cached:          1198676 kB
MemTotal:        1844596 kB
MemFree:          223152 kB
MemAvailable:    1505720 kB
Buffers:          102208 kB
Cached:          1198676 kB
MemTotal:        1844596 kB
MemFree:          224412 kB
MemAvailable:    1506980 kB
Buffers:          102208 kB
Cached:          1198676 kB
MemTotal:        1844596 kB
MemFree:          222800 kB
MemAvailable:    1505368 kB
Buffers:          102208 kB
Cached:          1198676 kB
MemTotal:        1844596 kB
MemFree:          224092 kB
MemAvailable:    1506660 kB
Buffers:          102208 kB
Cached:          1198676 kB
MemTotal:        1844596 kB
MemFree:          223908 kB
MemAvailable:    1506476 kB
Buffers:          102208 kB
Cached:          1198676 kB
MemTotal:        1844596 kB
MemFree:          223552 kB
MemAvailable:    1506120 kB
Buffers:          102208 kB
Cached:          1198676 kB
MemTotal:        1844596 kB
MemFree:          223680 kB
MemAvailable:    1506248 kB
Buffers:          102208 kB
Cached:          1198676 kB
MemTotal:        1844596 kB
MemFree:          223548 kB
MemAvailable:    1506116 kB
Buffers:          102208 kB
Cached:          1198676 kB
MemTotal:        1844596 kB
MemFree:          222312 kB
MemAvailable:    1504880 kB
Buffers:          102208 kB
Cached:          1198676 kB
MemTotal:        1844596 kB
MemFree:          223040 kB
MemAvailable:    1505608 kB
Buffers:          102208 kB
Cached:          1198676 kB
MemTotal:        1844596 kB
MemFree:          223124 kB
MemAvailable:    1505692 kB
Buffers:          102208 kB
Cached:          1198676 kB
MemTotal:        1844596 kB
MemFree:          222984 kB
MemAvailable:    1505556 kB
Buffers:          102208 kB
Cached:          1198676 kB
MemTotal:        1844596 kB
MemFree:          221684 kB
MemAvailable:    1504256 kB
Buffers:          102208 kB
Cached:          1198676 kB
MemTotal:        1844596 kB
MemFree:          222296 kB
MemAvailable:    1504868 kB
Buffers:          102208 kB
Cached:          1198676 kB
MemTotal:        1844596 kB
MemFree:          222188 kB
MemAvailable:    1504760 kB
Buffers:          102208 kB
Cached:          1198676 kB
MemTotal:        1844596 kB
MemFree:          220808 kB
MemAvailable:    1503380 kB
Buffers:          102208 kB
Cached:          1198676 kB
MemTotal:        1844596 kB
MemFree:          220444 kB
MemAvailable:    1503016 kB
Buffers:          102208 kB
Cached:          1198676 kB
MemTotal:        1844596 kB
MemFree:          221488 kB
MemAvailable:    1504060 kB
Buffers:          102208 kB
Cached:          1198676 kB
MemTotal:        1844596 kB
MemFree:          221356 kB
MemAvailable:    1503928 kB
Buffers:          102208 kB
Cached:          1198676 kB
MemTotal:        1844596 kB
MemFree:          220180 kB
MemAvailable:    1502752 kB
Buffers:          102208 kB
Cached:          1198676 kB
MemTotal:        1844596 kB
MemFree:          221608 kB
MemAvailable:    1504180 kB
Buffers:          102208 kB
Cached:          1198676 kB
MemTotal:        1844596 kB
MemFree:          220132 kB
MemAvailable:    1502704 kB
Buffers:          102208 kB
Cached:          1198676 kB
MemTotal:        1844596 kB
MemFree:          221400 kB
MemAvailable:    1503972 kB
Buffers:          102208 kB
Cached:          1198676 kB
MemTotal:        1844596 kB
MemFree:          221560 kB
MemAvailable:    1504132 kB
Buffers:          102208 kB
Cached:          1198676 kB
MemTotal:        1844596 kB
MemFree:          219452 kB
MemAvailable:    1502024 kB
Buffers:          102208 kB
Cached:          1198676 kB
MemTotal:        1844596 kB
MemFree:          216104 kB
MemAvailable:    1498676 kB
Buffers:          102208 kB
Cached:          1198676 kB
MemTotal:        1844596 kB
MemFree:          214988 kB
MemAvailable:    1497560 kB
Buffers:          102208 kB
Cached:          1198676 kB
MemTotal:        1844596 kB
MemFree:          215964 kB
MemAvailable:    1498536 kB
Buffers:          102208 kB
Cached:          1198676 kB
MemTotal:        1844596 kB
MemFree:          215964 kB
MemAvailable:    1498536 kB
Buffers:          102208 kB
Cached:          1198676 kB
MemTotal:        1844596 kB
MemFree:          214684 kB
MemAvailable:    1497256 kB
Buffers:          102208 kB
Cached:          1198676 kB
MemTotal:        1844596 kB
MemFree:          215924 kB
MemAvailable:    1498496 kB
Buffers:          102208 kB
Cached:          1198676 kB
MemTotal:        1844596 kB
MemFree:          214420 kB
MemAvailable:    1496992 kB
Buffers:          102208 kB
Cached:          1198676 kB
MemTotal:        1844596 kB
MemFree:          214988 kB
MemAvailable:    1497560 kB
Buffers:          102208 kB
Cached:          1198676 kB
MemTotal:        1844596 kB
MemFree:          215552 kB
MemAvailable:    1498124 kB
Buffers:          102208 kB
Cached:          1198676 kB
MemTotal:        1844596 kB
MemFree:          214304 kB
MemAvailable:    1496876 kB
Buffers:          102208 kB
Cached:          1198676 kB
MemTotal:        1844596 kB
MemFree:          214180 kB
MemAvailable:    1496752 kB
Buffers:          102208 kB
Cached:          1198676 kB
MemTotal:        1844596 kB
MemFree:          214428 kB
MemAvailable:    1497000 kB
Buffers:          102208 kB
Cached:          1198676 kB
MemTotal:        1844596 kB
MemFree:          214304 kB
MemAvailable:    1496876 kB
Buffers:          102208 kB
Cached:          1198676 kB
MemTotal:        1844596 kB
MemFree:          215604 kB
MemAvailable:    1498176 kB
Buffers:          102208 kB
Cached:          1198676 kB
MemTotal:        1844596 kB
MemFree:          213980 kB
MemAvailable:    1496552 kB
Buffers:          102208 kB
Cached:          1198676 kB
MemTotal:        1844596 kB
MemFree:          214064 kB
MemAvailable:    1496636 kB
Buffers:          102208 kB
Cached:          1198676 kB
MemTotal:        1844596 kB
MemFree:          209832 kB
MemAvailable:    1492404 kB
Buffers:          102208 kB
Cached:          1198676 kB
MemTotal:        1844596 kB
MemFree:          208672 kB
MemAvailable:    1491244 kB
Buffers:          102208 kB
Cached:          1198676 kB
MemTotal:        1844596 kB
MemFree:          209484 kB
MemAvailable:    1492056 kB
Buffers:          102208 kB
Cached:          1198676 kB
MemTotal:        1844596 kB
MemFree:          208168 kB
MemAvailable:    1490740 kB
Buffers:          102208 kB
Cached:          1198676 kB
MemTotal:        1844596 kB
MemFree:          207656 kB
MemAvailable:    1490228 kB
Buffers:          102208 kB
Cached:          1198676 kB
MemTotal:        1844596 kB
MemFree:          207992 kB
MemAvailable:    1490564 kB
Buffers:          102208 kB
Cached:          1198676 kB
MemTotal:        1844596 kB
MemFree:          207176 kB
MemAvailable:    1489756 kB
Buffers:          102208 kB
Cached:          1198684 kB
MemTotal:        1844596 kB
MemFree:          205804 kB
MemAvailable:    1488384 kB
Buffers:          102208 kB
Cached:          1198684 kB
MemTotal:        1844596 kB
MemFree:          206052 kB
MemAvailable:    1488632 kB
Buffers:          102208 kB
Cached:          1198684 kB
MemTotal:        1844596 kB
MemFree:          205928 kB
MemAvailable:    1488508 kB
Buffers:          102208 kB
Cached:          1198684 kB
MemTotal:        1844596 kB
MemFree:          206796 kB
MemAvailable:    1489376 kB
Buffers:          102208 kB
Cached:          1198684 kB
MemTotal:        1844596 kB
MemFree:          206796 kB
MemAvailable:    1489376 kB
Buffers:          102208 kB
Cached:          1198684 kB
MemTotal:        1844596 kB
MemFree:          206816 kB
MemAvailable:    1489396 kB
Buffers:          102208 kB
Cached:          1198684 kB
MemTotal:        1844596 kB
MemFree:          206812 kB
MemAvailable:    1489392 kB
Buffers:          102208 kB
Cached:          1198684 kB
MemTotal:        1844596 kB
MemFree:          205636 kB
MemAvailable:    1488216 kB
Buffers:          102208 kB
Cached:          1198684 kB
MemTotal:        1844596 kB
MemFree:          206620 kB
MemAvailable:    1489200 kB
Buffers:          102208 kB
Cached:          1198684 kB
MemTotal:        1844596 kB
MemFree:          205504 kB
MemAvailable:    1488084 kB
Buffers:          102208 kB
Cached:          1198684 kB
MemTotal:        1844596 kB
MemFree:          206904 kB
MemAvailable:    1489484 kB
Buffers:          102208 kB
Cached:          1198684 kB
MemTotal:        1844596 kB
MemFree:          206656 kB
MemAvailable:    1489236 kB
Buffers:          102208 kB
Cached:          1198684 kB
MemTotal:        1844596 kB
MemFree:          205408 kB
MemAvailable:    1487988 kB
Buffers:          102208 kB
Cached:          1198684 kB
MemTotal:        1844596 kB
MemFree:          206580 kB
MemAvailable:    1489160 kB
Buffers:          102208 kB
Cached:          1198684 kB
MemTotal:        1844596 kB
MemFree:          205564 kB
MemAvailable:    1488144 kB
Buffers:          102208 kB
Cached:          1198684 kB
MemTotal:        1844596 kB
MemFree:          206252 kB
MemAvailable:    1488832 kB
Buffers:          102208 kB
Cached:          1198684 kB
MemTotal:        1844596 kB
MemFree:          206588 kB
MemAvailable:    1489168 kB
Buffers:          102208 kB
Cached:          1198684 kB
MemTotal:        1844596 kB
MemFree:          205020 kB
MemAvailable:    1487600 kB
Buffers:          102208 kB
Cached:          1198684 kB
MemTotal:        1844596 kB
MemFree:          206548 kB
MemAvailable:    1489128 kB
Buffers:          102208 kB
Cached:          1198684 kB
MemTotal:        1844596 kB
MemFree:          203144 kB
MemAvailable:    1485724 kB
Buffers:          102208 kB
Cached:          1198684 kB
MemTotal:        1844596 kB
MemFree:          200912 kB
MemAvailable:    1483492 kB
Buffers:          102208 kB
Cached:          1198684 kB
MemTotal:        1844596 kB
MemFree:          198232 kB
MemAvailable:    1480812 kB
Buffers:          102208 kB
Cached:          1198684 kB
MemTotal:        1844596 kB
MemFree:          197628 kB
MemAvailable:    1480208 kB
Buffers:          102208 kB
Cached:          1198684 kB
MemTotal:        1844596 kB
MemFree:          196828 kB
MemAvailable:    1479408 kB
Buffers:          102208 kB
Cached:          1198684 kB
MemTotal:        1844596 kB
MemFree:          198120 kB
MemAvailable:    1480700 kB
Buffers:          102208 kB
Cached:          1198684 kB
MemTotal:        1844596 kB
MemFree:          198164 kB
MemAvailable:    1480744 kB
Buffers:          102208 kB
Cached:          1198684 kB
MemTotal:        1844596 kB
MemFree:          197840 kB
MemAvailable:    1480420 kB
Buffers:          102208 kB
Cached:          1198684 kB
MemTotal:        1844596 kB
MemFree:          197840 kB
MemAvailable:    1480420 kB
Buffers:          102208 kB
Cached:          1198684 kB
MemTotal:        1844596 kB
MemFree:          197756 kB
MemAvailable:    1480336 kB
Buffers:          102208 kB
Cached:          1198684 kB
MemTotal:        1844596 kB
MemFree:          197800 kB
MemAvailable:    1480380 kB
Buffers:          102208 kB
Cached:          1198684 kB
MemTotal:        1844596 kB
MemFree:          197812 kB
MemAvailable:    1480392 kB
Buffers:          102208 kB
Cached:          1198684 kB
MemTotal:        1844596 kB
MemFree:          197008 kB
MemAvailable:    1479588 kB
Buffers:          102208 kB
Cached:          1198684 kB
MemTotal:        1844596 kB
MemFree:          197608 kB
MemAvailable:    1480188 kB
Buffers:          102208 kB
Cached:          1198684 kB
MemTotal:        1844596 kB
MemFree:          197864 kB
MemAvailable:    1480444 kB
Buffers:          102208 kB
Cached:          1198684 kB
MemTotal:        1844596 kB
MemFree:          197780 kB
MemAvailable:    1480360 kB
Buffers:          102208 kB
Cached:          1198684 kB
MemTotal:        1844596 kB
MemFree:          197780 kB
MemAvailable:    1480360 kB
Buffers:          102208 kB
Cached:          1198684 kB
MemTotal:        1844596 kB
MemFree:          196456 kB
MemAvailable:    1479036 kB
Buffers:          102208 kB
Cached:          1198684 kB
MemTotal:        1844596 kB
MemFree:          197904 kB
MemAvailable:    1480484 kB
Buffers:          102208 kB
Cached:          1198684 kB
MemTotal:        1844596 kB
MemFree:          196580 kB
MemAvailable:    1479160 kB
Buffers:          102208 kB
Cached:          1198684 kB
MemTotal:        1844596 kB
MemFree:          198016 kB
MemAvailable:    1480596 kB
Buffers:          102208 kB
Cached:          1198684 kB
MemTotal:        1844596 kB
MemFree:          196680 kB
MemAvailable:    1479260 kB
Buffers:          102208 kB
Cached:          1198684 kB
MemTotal:        1844596 kB
MemFree:          197736 kB
MemAvailable:    1480316 kB
Buffers:          102208 kB
Cached:          1198684 kB
MemTotal:        1844596 kB
MemFree:          197948 kB
MemAvailable:    1480528 kB
Buffers:          102208 kB
Cached:          1198684 kB
MemTotal:        1844596 kB
MemFree:          197864 kB
MemAvailable:    1480444 kB
Buffers:          102208 kB
Cached:          1198684 kB
MemTotal:        1844596 kB
MemFree:          196616 kB
MemAvailable:    1479196 kB
Buffers:          102208 kB
Cached:          1198684 kB
MemTotal:        1844596 kB
MemFree:          197684 kB
MemAvailable:    1480264 kB
Buffers:          102208 kB
Cached:          1198684 kB
MemTotal:        1844596 kB
MemFree:          197936 kB
MemAvailable:    1480516 kB
Buffers:          102208 kB
Cached:          1198684 kB
MemTotal:        1844596 kB
MemFree:          197704 kB
MemAvailable:    1480284 kB
Buffers:          102208 kB
Cached:          1198684 kB
MemTotal:        1844596 kB
MemFree:          197760 kB
MemAvailable:    1480340 kB
Buffers:          102208 kB
Cached:          1198684 kB
MemTotal:        1844596 kB
MemFree:          197016 kB
MemAvailable:    1479596 kB
Buffers:          102208 kB
Cached:          1198684 kB
MemTotal:        1844596 kB
MemFree:          197620 kB
MemAvailable:    1480200 kB
Buffers:          102208 kB
Cached:          1198684 kB
MemTotal:        1844596 kB
MemFree:          197956 kB
MemAvailable:    1480536 kB
Buffers:          102208 kB
Cached:          1198684 kB
MemTotal:        1844596 kB
MemFree:          197680 kB
MemAvailable:    1480260 kB
Buffers:          102208 kB
Cached:          1198684 kB
MemTotal:        1844596 kB
MemFree:          197612 kB
MemAvailable:    1480192 kB
Buffers:          102208 kB
Cached:          1198684 kB
MemTotal:        1844596 kB
MemFree:          197948 kB
MemAvailable:    1480528 kB
Buffers:          102208 kB
Cached:          1198684 kB
MemTotal:        1844596 kB
MemFree:          197800 kB
MemAvailable:    1480380 kB
Buffers:          102208 kB
Cached:          1198684 kB
MemTotal:        1844596 kB
MemFree:          197560 kB
MemAvailable:    1480140 kB
Buffers:          102208 kB
Cached:          1198684 kB
MemTotal:        1844596 kB
MemFree:          197728 kB
MemAvailable:    1480308 kB
Buffers:          102208 kB
Cached:          1198684 kB
MemTotal:        1844596 kB
MemFree:          196264 kB
MemAvailable:    1478844 kB
Buffers:          102208 kB
Cached:          1198684 kB
MemTotal:        1844596 kB
MemFree:          193412 kB
MemAvailable:    1475992 kB
Buffers:          102208 kB
Cached:          1198684 kB
MemTotal:        1844596 kB
MemFree:          189444 kB
MemAvailable:    1472024 kB
Buffers:          102208 kB
Cached:          1198684 kB
MemTotal:        1844596 kB
MemFree:          185972 kB
MemAvailable:    1468552 kB
Buffers:          102208 kB
Cached:          1198684 kB
MemTotal:        1844596 kB
MemFree:          187148 kB
MemAvailable:    1469728 kB
Buffers:          102208 kB
Cached:          1198684 kB
MemTotal:        1844596 kB
MemFree:          186104 kB
MemAvailable:    1468684 kB
Buffers:          102208 kB
Cached:          1198684 kB
MemTotal:        1844596 kB
MemFree:          186916 kB
MemAvailable:    1469496 kB
Buffers:          102208 kB
Cached:          1198684 kB
MemTotal:        1844596 kB
MemFree:          186916 kB
MemAvailable:    1469496 kB
Buffers:          102208 kB
Cached:          1198684 kB
MemTotal:        1844596 kB
MemFree:          185708 kB
MemAvailable:    1468288 kB
Buffers:          102208 kB
Cached:          1198684 kB
MemTotal:        1844596 kB
MemFree:          185552 kB
MemAvailable:    1468132 kB
Buffers:          102208 kB
Cached:          1198684 kB
MemTotal:        1844596 kB
MemFree:          186824 kB
MemAvailable:    1469404 kB
Buffers:          102208 kB
Cached:          1198684 kB
MemTotal:        1844596 kB
MemFree:          187160 kB
MemAvailable:    1469740 kB
Buffers:          102208 kB
Cached:          1198684 kB
MemTotal:        1844596 kB
MemFree:          186784 kB
MemAvailable:    1469364 kB
Buffers:          102208 kB
Cached:          1198684 kB
MemTotal:        1844596 kB
MemFree:          187040 kB
MemAvailable:    1469620 kB
Buffers:          102208 kB
Cached:          1198684 kB
MemTotal:        1844596 kB
MemFree:          185668 kB
MemAvailable:    1468248 kB
Buffers:          102208 kB
Cached:          1198684 kB
MemTotal:        1844596 kB
MemFree:          187012 kB
MemAvailable:    1469592 kB
Buffers:          102208 kB
Cached:          1198684 kB
MemTotal:        1844596 kB
MemFree:          186880 kB
MemAvailable:    1469464 kB
Buffers:          102208 kB
Cached:          1198688 kB
MemTotal:        1844596 kB
MemFree:          185704 kB
MemAvailable:    1468288 kB
Buffers:          102208 kB
Cached:          1198688 kB
MemTotal:        1844596 kB
MemFree:          186916 kB
MemAvailable:    1469504 kB
Buffers:          102208 kB
Cached:          1198692 kB
MemTotal:        1844596 kB
MemFree:          186476 kB
MemAvailable:    1469064 kB
Buffers:          102208 kB
Cached:          1198692 kB
MemTotal:        1844596 kB
MemFree:          186824 kB
MemAvailable:    1469412 kB
Buffers:          102208 kB
Cached:          1198692 kB
MemTotal:        1844596 kB
MemFree:          187076 kB
MemAvailable:    1469664 kB
Buffers:          102208 kB
Cached:          1198692 kB
MemTotal:        1844596 kB
MemFree:          185544 kB
MemAvailable:    1468132 kB
Buffers:          102208 kB
Cached:          1198692 kB
MemTotal:        1844596 kB
MemFree:          186820 kB
MemAvailable:    1469408 kB
Buffers:          102208 kB
Cached:          1198692 kB
MemTotal:        1844596 kB
MemFree:          185704 kB
MemAvailable:    1468292 kB
Buffers:          102208 kB
Cached:          1198692 kB
MemTotal:        1844596 kB
MemFree:          186940 kB
MemAvailable:    1469528 kB
Buffers:          102208 kB
Cached:          1198692 kB
MemTotal:        1844596 kB
MemFree:          186828 kB
MemAvailable:    1469416 kB
Buffers:          102208 kB
Cached:          1198692 kB
MemTotal:        1844596 kB
MemFree:          186948 kB
MemAvailable:    1469536 kB
Buffers:          102208 kB
Cached:          1198692 kB
MemTotal:        1844596 kB
MemFree:          186096 kB
MemAvailable:    1468684 kB
Buffers:          102208 kB
Cached:          1198692 kB
MemTotal:        1844596 kB
MemFree:          186780 kB
MemAvailable:    1469368 kB
Buffers:          102208 kB
Cached:          1198692 kB
MemTotal:        1844596 kB
MemFree:          187036 kB
MemAvailable:    1469624 kB
Buffers:          102208 kB
Cached:          1198692 kB
MemTotal:        1844596 kB
MemFree:          186708 kB
MemAvailable:    1469296 kB
Buffers:          102208 kB
Cached:          1198692 kB
MemTotal:        1844596 kB
MemFree:          186816 kB
MemAvailable:    1469404 kB
Buffers:          102208 kB
Cached:          1198692 kB
MemTotal:        1844596 kB
MemFree:          187068 kB
MemAvailable:    1469656 kB
Buffers:          102208 kB
Cached:          1198692 kB
MemTotal:        1844596 kB
MemFree:          186792 kB
MemAvailable:    1469380 kB
Buffers:          102208 kB
Cached:          1198692 kB
MemTotal:        1844596 kB
MemFree:          185672 kB
MemAvailable:    1468260 kB
Buffers:          102208 kB
Cached:          1198692 kB
MemTotal:        1844596 kB
MemFree:          186884 kB
MemAvailable:    1469472 kB
Buffers:          102208 kB
Cached:          1198692 kB
MemTotal:        1844596 kB
MemFree:          186876 kB
MemAvailable:    1469464 kB
Buffers:          102208 kB
Cached:          1198692 kB
MemTotal:        1844596 kB
MemFree:          186972 kB
MemAvailable:    1469560 kB
Buffers:          102208 kB
Cached:          1198692 kB
MemTotal:        1844596 kB
MemFree:          185468 kB
MemAvailable:    1468056 kB
Buffers:          102208 kB
Cached:          1198692 kB
MemTotal:        1844596 kB
MemFree:          186768 kB
MemAvailable:    1469356 kB
Buffers:          102208 kB
Cached:          1198692 kB
MemTotal:        1844596 kB
MemFree:          186892 kB
MemAvailable:    1469480 kB
Buffers:          102208 kB
Cached:          1198692 kB
MemTotal:        1844596 kB
MemFree:          186760 kB
MemAvailable:    1469348 kB
Buffers:          102208 kB
Cached:          1198692 kB
MemTotal:        1844596 kB
MemFree:          185460 kB
MemAvailable:    1468048 kB
Buffers:          102208 kB
Cached:          1198692 kB
MemTotal:        1844596 kB
MemFree:          185832 kB
MemAvailable:    1468420 kB
Buffers:          102208 kB
Cached:          1198692 kB
MemTotal:        1844596 kB
MemFree:          185708 kB
MemAvailable:    1468296 kB
Buffers:          102208 kB
Cached:          1198692 kB
MemTotal:        1844596 kB
MemFree:          185956 kB
MemAvailable:    1468544 kB
Buffers:          102208 kB
Cached:          1198692 kB
MemTotal:        1844596 kB
MemFree:          186948 kB
MemAvailable:    1469536 kB
Buffers:          102208 kB
Cached:          1198692 kB
MemTotal:        1844596 kB
MemFree:          186776 kB
MemAvailable:    1469364 kB
Buffers:          102208 kB
Cached:          1198692 kB
MemTotal:        1844596 kB
MemFree:          185404 kB
MemAvailable:    1467992 kB
Buffers:          102208 kB
Cached:          1198692 kB
MemTotal:        1844596 kB
MemFree:          186336 kB
MemAvailable:    1468924 kB
Buffers:          102208 kB
Cached:          1198692 kB
MemTotal:        1844596 kB
MemFree:          186104 kB
MemAvailable:    1468692 kB
Buffers:          102208 kB
Cached:          1198692 kB
MemTotal:        1844596 kB
MemFree:          185824 kB
MemAvailable:    1468412 kB
Buffers:          102208 kB
Cached:          1198692 kB
MemTotal:        1844596 kB
MemFree:          185476 kB
MemAvailable:    1467940 kB
Buffers:          102208 kB
Cached:          1198692 kB
MemTotal:        1844596 kB
MemFree:          184596 kB
MemAvailable:    1467184 kB
Buffers:          102208 kB
Cached:          1198692 kB
MemTotal:        1844596 kB
MemFree:          184844 kB
MemAvailable:    1467432 kB
Buffers:          102208 kB
Cached:          1198692 kB
MemTotal:        1844596 kB
MemFree:          184720 kB
MemAvailable:    1467308 kB
Buffers:          102208 kB
Cached:          1198692 kB
MemTotal:        1844596 kB
MemFree:          185952 kB
MemAvailable:    1468540 kB
Buffers:          102208 kB
Cached:          1198692 kB
MemTotal:        1844596 kB
MemFree:          185572 kB
MemAvailable:    1468160 kB
Buffers:          102208 kB
Cached:          1198692 kB
MemTotal:        1844596 kB
MemFree:          185572 kB
MemAvailable:    1468160 kB
Buffers:          102208 kB
Cached:          1198692 kB
MemTotal:        1844596 kB
MemFree:          185420 kB
MemAvailable:    1468008 kB
Buffers:          102208 kB
Cached:          1198692 kB
MemTotal:        1844596 kB
MemFree:          185676 kB
MemAvailable:    1468264 kB
Buffers:          102208 kB
Cached:          1198692 kB
MemTotal:        1844596 kB
MemFree:          184180 kB
MemAvailable:    1466768 kB
Buffers:          102208 kB
Cached:          1198692 kB
MemTotal:        1844596 kB
MemFree:          185224 kB
MemAvailable:    1467812 kB
Buffers:          102208 kB
Cached:          1198692 kB
MemTotal:        1844596 kB
MemFree:          183916 kB
MemAvailable:    1466504 kB
Buffers:          102208 kB
Cached:          1198692 kB
MemTotal:        1844596 kB
MemFree:          185148 kB
MemAvailable:    1467736 kB
Buffers:          102208 kB
Cached:          1198692 kB
MemTotal:        1844596 kB
MemFree:          183924 kB
MemAvailable:    1466512 kB
Buffers:          102208 kB
Cached:          1198692 kB
MemTotal:        1844596 kB
MemFree:          185080 kB
MemAvailable:    1467668 kB
Buffers:          102208 kB
Cached:          1198692 kB
MemTotal:        1844596 kB
MemFree:          185140 kB
MemAvailable:    1467728 kB
Buffers:          102208 kB
Cached:          1198692 kB
MemTotal:        1844596 kB
MemFree:          185224 kB
MemAvailable:    1467812 kB
Buffers:          102208 kB
Cached:          1198692 kB
MemTotal:        1844596 kB
MemFree:          183928 kB
MemAvailable:    1466516 kB
Buffers:          102208 kB
Cached:          1198692 kB
MemTotal:        1844596 kB
MemFree:          183608 kB
MemAvailable:    1466196 kB
Buffers:          102208 kB
Cached:          1198692 kB
MemTotal:        1844596 kB
MemFree:          185040 kB
MemAvailable:    1467628 kB
Buffers:          102208 kB
Cached:          1198692 kB
MemTotal:        1844596 kB
MemFree:          185240 kB
MemAvailable:    1467828 kB
Buffers:          102208 kB
Cached:          1198692 kB
MemTotal:        1844596 kB
MemFree:          183808 kB
MemAvailable:    1466396 kB
Buffers:          102208 kB
Cached:          1198692 kB
MemTotal:        1844596 kB
MemFree:          184056 kB
MemAvailable:    1466644 kB
Buffers:          102208 kB
Cached:          1198692 kB
MemTotal:        1844596 kB
MemFree:          179876 kB
MemAvailable:    1462464 kB
Buffers:          102208 kB
Cached:          1198692 kB
MemTotal:        1844596 kB
MemFree:          176548 kB
MemAvailable:    1459136 kB
Buffers:          102208 kB
Cached:          1198692 kB
MemTotal:        1844596 kB
MemFree:          174308 kB
MemAvailable:    1456896 kB
Buffers:          102208 kB
Cached:          1198692 kB
MemTotal:        1844596 kB
MemFree:          174308 kB
MemAvailable:    1456896 kB
Buffers:          102208 kB
Cached:          1198692 kB
MemTotal:        1844596 kB
MemFree:          174432 kB
MemAvailable:    1457020 kB
Buffers:          102208 kB
Cached:          1198692 kB
MemTotal:        1844596 kB
MemFree:          172704 kB
MemAvailable:    1455292 kB
Buffers:          102208 kB
Cached:          1198692 kB
MemTotal:        1844596 kB
MemFree:          172952 kB
MemAvailable:    1455540 kB
Buffers:          102208 kB
Cached:          1198692 kB
MemTotal:        1844596 kB
MemFree:          173448 kB
MemAvailable:    1456036 kB
Buffers:          102208 kB
Cached:          1198692 kB
MemTotal:        1844596 kB
MemFree:          172028 kB
MemAvailable:    1454616 kB
Buffers:          102208 kB
Cached:          1198692 kB
MemTotal:        1844596 kB
MemFree:          172952 kB
MemAvailable:    1455540 kB
Buffers:          102208 kB
Cached:          1198692 kB
MemTotal:        1844596 kB
MemFree:          170712 kB
MemAvailable:    1453300 kB
Buffers:          102208 kB
Cached:          1198692 kB
MemTotal:        1844596 kB
MemFree:          170836 kB
MemAvailable:    1453424 kB
Buffers:          102208 kB
Cached:          1198692 kB
MemTotal:        1844596 kB
MemFree:          171216 kB
MemAvailable:    1453812 kB
Buffers:          102208 kB
Cached:          1198700 kB
MemTotal:        1844596 kB
MemFree:          170084 kB
MemAvailable:    1452680 kB
Buffers:          102208 kB
Cached:          1198700 kB
MemTotal:        1844596 kB
MemFree:          169852 kB
MemAvailable:    1452452 kB
Buffers:          102208 kB
Cached:          1198704 kB
MemTotal:        1844596 kB
MemFree:          168852 kB
MemAvailable:    1451452 kB
Buffers:          102208 kB
Cached:          1198704 kB
MemTotal:        1844596 kB
MemFree:          168976 kB
MemAvailable:    1451576 kB
Buffers:          102208 kB
Cached:          1198704 kB
MemTotal:        1844596 kB
MemFree:          170216 kB
MemAvailable:    1452816 kB
Buffers:          102208 kB
Cached:          1198704 kB
MemTotal:        1844596 kB
MemFree:          170020 kB
MemAvailable:    1452620 kB
Buffers:          102208 kB
Cached:          1198704 kB
MemTotal:        1844596 kB
MemFree:          170152 kB
MemAvailable:    1452752 kB
Buffers:          102208 kB
Cached:          1198704 kB
MemTotal:        1844596 kB
MemFree:          170140 kB
MemAvailable:    1452740 kB
Buffers:          102208 kB
Cached:          1198704 kB
MemTotal:        1844596 kB
MemFree:          168992 kB
MemAvailable:    1451592 kB
Buffers:          102208 kB
Cached:          1198704 kB
MemTotal:        1844596 kB
MemFree:          169968 kB
MemAvailable:    1452568 kB
Buffers:          102208 kB
Cached:          1198704 kB
MemTotal:        1844596 kB
MemFree:          170224 kB
MemAvailable:    1452824 kB
Buffers:          102208 kB
Cached:          1198704 kB
MemTotal:        1844596 kB
MemFree:          168984 kB
MemAvailable:    1451584 kB
Buffers:          102208 kB
Cached:          1198704 kB
MemTotal:        1844596 kB
MemFree:          170044 kB
MemAvailable:    1452644 kB
Buffers:          102208 kB
Cached:          1198704 kB
MemTotal:        1844596 kB
MemFree:          170044 kB
MemAvailable:    1452644 kB
Buffers:          102208 kB
Cached:          1198704 kB
MemTotal:        1844596 kB
MemFree:          169472 kB
MemAvailable:    1452072 kB
Buffers:          102208 kB
Cached:          1198704 kB
MemTotal:        1844596 kB
MemFree:          169728 kB
MemAvailable:    1452328 kB
Buffers:          102208 kB
Cached:          1198704 kB
MemTotal:        1844596 kB
MemFree:          167356 kB
MemAvailable:    1449956 kB
Buffers:          102208 kB
Cached:          1198704 kB
MemTotal:        1844596 kB
MemFree:          167124 kB
MemAvailable:    1449724 kB
Buffers:          102208 kB
Cached:          1198704 kB
MemTotal:        1844596 kB
MemFree:          168108 kB
MemAvailable:    1450708 kB
Buffers:          102208 kB
Cached:          1198704 kB
MemTotal:        1844596 kB
MemFree:          168108 kB
MemAvailable:    1450708 kB
Buffers:          102208 kB
Cached:          1198704 kB
MemTotal:        1844596 kB
MemFree:          167548 kB
MemAvailable:    1450148 kB
Buffers:          102208 kB
Cached:          1198704 kB
MemTotal:        1844596 kB
MemFree:          166372 kB
MemAvailable:    1448972 kB
Buffers:          102208 kB
Cached:          1198704 kB
MemTotal:        1844596 kB
MemFree:          166248 kB
MemAvailable:    1448848 kB
Buffers:          102208 kB
Cached:          1198704 kB
MemTotal:        1844596 kB
MemFree:          166008 kB
MemAvailable:    1448608 kB
Buffers:          102208 kB
Cached:          1198704 kB
MemTotal:        1844596 kB
MemFree:          165512 kB
MemAvailable:    1448112 kB
Buffers:          102208 kB
Cached:          1198704 kB
MemTotal:        1844596 kB
MemFree:          166752 kB
MemAvailable:    1449352 kB
Buffers:          102208 kB
Cached:          1198704 kB
MemTotal:        1844596 kB
MemFree:          165636 kB
MemAvailable:    1448236 kB
Buffers:          102208 kB
Cached:          1198704 kB
MemTotal:        1844596 kB
MemFree:          166372 kB
MemAvailable:    1448976 kB
Buffers:          102208 kB
Cached:          1198708 kB
MemTotal:        1844596 kB
MemFree:          166192 kB
MemAvailable:    1448796 kB
Buffers:          102208 kB
Cached:          1198708 kB
MemTotal:        1844596 kB
MemFree:          165952 kB
MemAvailable:    1448556 kB
Buffers:          102208 kB
Cached:          1198708 kB
MemTotal:        1844596 kB
MemFree:          165952 kB
MemAvailable:    1448556 kB
Buffers:          102208 kB
Cached:          1198708 kB
MemTotal:        1844596 kB
MemFree:          165876 kB
MemAvailable:    1448480 kB
Buffers:          102208 kB
Cached:          1198708 kB
MemTotal:        1844596 kB
MemFree:          164892 kB
MemAvailable:    1447496 kB
Buffers:          102208 kB
Cached:          1198708 kB
MemTotal:        1844596 kB
MemFree:          164636 kB
MemAvailable:    1447240 kB
Buffers:          102208 kB
Cached:          1198708 kB
MemTotal:        1844596 kB
MemFree:          166000 kB
MemAvailable:    1448604 kB
Buffers:          102208 kB
Cached:          1198708 kB
MemTotal:        1844596 kB
MemFree:          165140 kB
MemAvailable:    1447744 kB
Buffers:          102208 kB
Cached:          1198708 kB
MemTotal:        1844596 kB
MemFree:          165856 kB
MemAvailable:    1448460 kB
Buffers:          102208 kB
Cached:          1198708 kB
MemTotal:        1844596 kB
MemFree:          166108 kB
MemAvailable:    1448712 kB
Buffers:          102208 kB
Cached:          1198708 kB
MemTotal:        1844596 kB
MemFree:          165684 kB
MemAvailable:    1448288 kB
Buffers:          102208 kB
Cached:          1198708 kB
MemTotal:        1844596 kB
MemFree:          165852 kB
MemAvailable:    1448456 kB
Buffers:          102208 kB
Cached:          1198708 kB
MemTotal:        1844596 kB
MemFree:          165800 kB
MemAvailable:    1448404 kB
Buffers:          102208 kB
Cached:          1198708 kB
MemTotal:        1844596 kB
MemFree:          165568 kB
MemAvailable:    1448172 kB
Buffers:          102208 kB
Cached:          1198708 kB
MemTotal:        1844596 kB
MemFree:          165824 kB
MemAvailable:    1448428 kB
Buffers:          102208 kB
Cached:          1198708 kB
MemTotal:        1844596 kB
MemFree:          165680 kB
MemAvailable:    1448284 kB
Buffers:          102208 kB
Cached:          1198708 kB
MemTotal:        1844596 kB
MemFree:          165932 kB
MemAvailable:    1448536 kB
Buffers:          102208 kB
Cached:          1198708 kB
MemTotal:        1844596 kB
MemFree:          166008 kB
MemAvailable:    1448612 kB
Buffers:          102208 kB
Cached:          1198708 kB
MemTotal:        1844596 kB
MemFree:          164504 kB
MemAvailable:    1447108 kB
Buffers:          102208 kB
Cached:          1198708 kB
MemTotal:        1844596 kB
MemFree:          165744 kB
MemAvailable:    1448348 kB
Buffers:          102208 kB
Cached:          1198708 kB
MemTotal:        1844596 kB
MemFree:          165744 kB
MemAvailable:    1448348 kB
Buffers:          102208 kB
Cached:          1198708 kB
MemTotal:        1844596 kB
MemFree:          164472 kB
MemAvailable:    1447076 kB
Buffers:          102208 kB
Cached:          1198708 kB
MemTotal:        1844596 kB
MemFree:          165712 kB
MemAvailable:    1448316 kB
Buffers:          102208 kB
Cached:          1198708 kB
MemTotal:        1844596 kB
MemFree:          165568 kB
MemAvailable:    1448172 kB
Buffers:          102208 kB
Cached:          1198708 kB
MemTotal:        1844596 kB
MemFree:          165820 kB
MemAvailable:    1448424 kB
Buffers:          102208 kB
Cached:          1198708 kB
MemTotal:        1844596 kB
MemFree:          163404 kB
MemAvailable:    1446008 kB
Buffers:          102208 kB
Cached:          1198708 kB
MemTotal:        1844596 kB
MemFree:          163528 kB
MemAvailable:    1446132 kB
Buffers:          102208 kB
Cached:          1198708 kB
MemTotal:        1844596 kB
MemFree:          164448 kB
MemAvailable:    1447052 kB
Buffers:          102208 kB
Cached:          1198708 kB
MemTotal:        1844596 kB
MemFree:          163288 kB
MemAvailable:    1445892 kB
Buffers:          102208 kB
Cached:          1198708 kB
MemTotal:        1844596 kB
MemFree:          163264 kB
MemAvailable:    1445868 kB
Buffers:          102208 kB
Cached:          1198708 kB
MemTotal:        1844596 kB
MemFree:          163264 kB
MemAvailable:    1445868 kB
Buffers:          102208 kB
Cached:          1198708 kB
MemTotal:        1844596 kB
MemFree:          160676 kB
MemAvailable:    1443280 kB
Buffers:          102208 kB
Cached:          1198708 kB
MemTotal:        1844596 kB
MemFree:          156336 kB
MemAvailable:    1438940 kB
Buffers:          102208 kB
Cached:          1198708 kB
MemTotal:        1844596 kB
MemFree:          154724 kB
MemAvailable:    1437328 kB
Buffers:          102208 kB
Cached:          1198708 kB
MemTotal:        1844596 kB
MemFree:          152376 kB
MemAvailable:    1434980 kB
Buffers:          102208 kB
Cached:          1198708 kB
MemTotal:        1844596 kB
MemFree:          147524 kB
MemAvailable:    1430128 kB
Buffers:          102208 kB
Cached:          1198708 kB
MemTotal:        1844596 kB
MemFree:          147860 kB
MemAvailable:    1430464 kB
Buffers:          102208 kB
Cached:          1198708 kB
MemTotal:        1844596 kB
MemFree:          147392 kB
MemAvailable:    1429996 kB
Buffers:          102208 kB
Cached:          1198708 kB
MemTotal:        1844596 kB
MemFree:          147044 kB
MemAvailable:    1429648 kB
Buffers:          102208 kB
Cached:          1198708 kB
MemTotal:        1844596 kB
MemFree:          147236 kB
MemAvailable:    1429840 kB
Buffers:          102208 kB
Cached:          1198708 kB
MemTotal:        1844596 kB
MemFree:          147292 kB
MemAvailable:    1429896 kB
Buffers:          102208 kB
Cached:          1198708 kB
MemTotal:        1844596 kB
MemFree:          147044 kB
MemAvailable:    1429648 kB
Buffers:          102208 kB
Cached:          1198708 kB
MemTotal:        1844596 kB
MemFree:          146980 kB
MemAvailable:    1429584 kB
Buffers:          102208 kB
Cached:          1198708 kB
MemTotal:        1844596 kB
MemFree:          146368 kB
MemAvailable:    1428972 kB
Buffers:          102208 kB
Cached:          1198708 kB
MemTotal:        1844596 kB
MemFree:          147104 kB
MemAvailable:    1429708 kB
Buffers:          102208 kB
Cached:          1198708 kB
MemTotal:        1844596 kB
MemFree:          146416 kB
MemAvailable:    1429020 kB
Buffers:          102208 kB
Cached:          1198708 kB
MemTotal:        1844596 kB
MemFree:          146968 kB
MemAvailable:    1429572 kB
Buffers:          102208 kB
Cached:          1198708 kB
MemTotal:        1844596 kB
MemFree:          147220 kB
MemAvailable:    1429824 kB
Buffers:          102208 kB
Cached:          1198708 kB
MemTotal:        1844596 kB
MemFree:          145740 kB
MemAvailable:    1428344 kB
Buffers:          102208 kB
Cached:          1198708 kB
MemTotal:        1844596 kB
MemFree:          145300 kB
MemAvailable:    1427904 kB
Buffers:          102208 kB
Cached:          1198708 kB
MemTotal:        1844596 kB
MemFree:          146292 kB
MemAvailable:    1428900 kB
Buffers:          102208 kB
Cached:          1198712 kB
MemTotal:        1844596 kB
MemFree:          146180 kB
MemAvailable:    1428788 kB
Buffers:          102208 kB
Cached:          1198712 kB
MemTotal:        1844596 kB
MemFree:          145192 kB
MemAvailable:    1427800 kB
Buffers:          102208 kB
Cached:          1198712 kB
MemTotal:        1844596 kB
MemFree:          144928 kB
MemAvailable:    1427536 kB
Buffers:          102208 kB
Cached:          1198712 kB
MemTotal:        1844596 kB
MemFree:          144936 kB
MemAvailable:    1427544 kB
Buffers:          102208 kB
Cached:          1198712 kB
MemTotal:        1844596 kB
MemFree:          146176 kB
MemAvailable:    1428784 kB
Buffers:          102208 kB
Cached:          1198712 kB
MemTotal:        1844596 kB
MemFree:          145564 kB
MemAvailable:    1428172 kB
Buffers:          102208 kB
Cached:          1198712 kB
MemTotal:        1844596 kB
MemFree:          146548 kB
MemAvailable:    1429156 kB
Buffers:          102208 kB
Cached:          1198712 kB
MemTotal:        1844596 kB
MemFree:          146540 kB
MemAvailable:    1429148 kB
Buffers:          102208 kB
Cached:          1198712 kB
MemTotal:        1844596 kB
MemFree:          146408 kB
MemAvailable:    1429016 kB
Buffers:          102208 kB
Cached:          1198712 kB
MemTotal:        1844596 kB
MemFree:          145176 kB
MemAvailable:    1427784 kB
Buffers:          102208 kB
Cached:          1198712 kB
MemTotal:        1844596 kB
MemFree:          144920 kB
MemAvailable:    1427528 kB
Buffers:          102208 kB
Cached:          1198712 kB
MemTotal:        1844596 kB
MemFree:          144872 kB
MemAvailable:    1427480 kB
Buffers:          102208 kB
Cached:          1198712 kB
MemTotal:        1844596 kB
MemFree:          146148 kB
MemAvailable:    1428756 kB
Buffers:          102208 kB
Cached:          1198712 kB
MemTotal:        1844596 kB
MemFree:          146400 kB
MemAvailable:    1429008 kB
Buffers:          102208 kB
Cached:          1198712 kB
MemTotal:        1844596 kB
MemFree:          145424 kB
MemAvailable:    1428032 kB
Buffers:          102208 kB
Cached:          1198712 kB
MemTotal:        1844596 kB
MemFree:          146120 kB
MemAvailable:    1428728 kB
Buffers:          102208 kB
Cached:          1198712 kB
MemTotal:        1844596 kB
MemFree:          146372 kB
MemAvailable:    1428980 kB
Buffers:          102208 kB
Cached:          1198712 kB
MemTotal:        1844596 kB
MemFree:          146168 kB
MemAvailable:    1428776 kB
Buffers:          102208 kB
Cached:          1198712 kB
MemTotal:        1844596 kB
MemFree:          146060 kB
MemAvailable:    1428668 kB
Buffers:          102208 kB
Cached:          1198712 kB
MemTotal:        1844596 kB
MemFree:          144128 kB
MemAvailable:    1426736 kB
Buffers:          102208 kB
Cached:          1198712 kB
MemTotal:        1844596 kB
MemFree:          141152 kB
MemAvailable:    1423760 kB
Buffers:          102208 kB
Cached:          1198712 kB
MemTotal:        1844596 kB
MemFree:          138868 kB
MemAvailable:    1421476 kB
Buffers:          102208 kB
Cached:          1198712 kB
MemTotal:        1844596 kB
MemFree:          137248 kB
MemAvailable:    1419860 kB
Buffers:          102208 kB
Cached:          1198716 kB
MemTotal:        1844596 kB
MemFree:          132892 kB
MemAvailable:    1415504 kB
Buffers:          102208 kB
Cached:          1198716 kB
MemTotal:        1844596 kB
MemFree:          132784 kB
MemAvailable:    1415396 kB
Buffers:          102208 kB
Cached:          1198716 kB
MemTotal:        1844596 kB
MemFree:          129304 kB
MemAvailable:    1411916 kB
Buffers:          102208 kB
Cached:          1198716 kB
MemTotal:        1844596 kB
MemFree:          127080 kB
MemAvailable:    1409692 kB
Buffers:          102208 kB
Cached:          1198716 kB
MemTotal:        1844596 kB
MemFree:          127940 kB
MemAvailable:    1410552 kB
Buffers:          102208 kB
Cached:          1198716 kB
MemTotal:        1844596 kB
MemFree:          127956 kB
MemAvailable:    1410568 kB
Buffers:          102208 kB
Cached:          1198716 kB
MemTotal:        1844596 kB
MemFree:          127808 kB
MemAvailable:    1410420 kB
Buffers:          102208 kB
Cached:          1198716 kB
MemTotal:        1844596 kB
MemFree:          127824 kB
MemAvailable:    1410436 kB
Buffers:          102208 kB
Cached:          1198716 kB
MemTotal:        1844596 kB
MemFree:          126696 kB
MemAvailable:    1409308 kB
Buffers:          102208 kB
Cached:          1198716 kB
MemTotal:        1844596 kB
MemFree:          127936 kB
MemAvailable:    1410548 kB
Buffers:          102208 kB
Cached:          1198716 kB
MemTotal:        1844596 kB
MemFree:          127072 kB
MemAvailable:    1409684 kB
Buffers:          102208 kB
Cached:          1198716 kB
MemTotal:        1844596 kB
MemFree:          128280 kB
MemAvailable:    1410892 kB
Buffers:          102208 kB
Cached:          1198716 kB
MemTotal:        1844596 kB
MemFree:          127088 kB
MemAvailable:    1409700 kB
Buffers:          102208 kB
Cached:          1198716 kB
MemTotal:        1844596 kB
MemFree:          127932 kB
MemAvailable:    1410544 kB
Buffers:          102208 kB
Cached:          1198716 kB
MemTotal:        1844596 kB
MemFree:          128016 kB
MemAvailable:    1410628 kB
Buffers:          102208 kB
Cached:          1198716 kB
MemTotal:        1844596 kB
MemFree:          127820 kB
MemAvailable:    1410432 kB
Buffers:          102208 kB
Cached:          1198716 kB
MemTotal:        1844596 kB
MemFree:          126520 kB
MemAvailable:    1409132 kB
Buffers:          102208 kB
Cached:          1198716 kB
MemTotal:        1844596 kB
MemFree:          127696 kB
MemAvailable:    1410308 kB
Buffers:          102208 kB
Cached:          1198716 kB
MemTotal:        1844596 kB
MemFree:          126644 kB
MemAvailable:    1409256 kB
Buffers:          102208 kB
Cached:          1198716 kB
MemTotal:        1844596 kB
MemFree:          127812 kB
MemAvailable:    1410424 kB
Buffers:          102208 kB
Cached:          1198716 kB
MemTotal:        1844596 kB
MemFree:          126680 kB
MemAvailable:    1409292 kB
Buffers:          102208 kB
Cached:          1198716 kB
MemTotal:        1844596 kB
MemFree:          127780 kB
MemAvailable:    1410392 kB
Buffers:          102208 kB
Cached:          1198716 kB
MemTotal:        1844596 kB
MemFree:          128032 kB
MemAvailable:    1410644 kB
Buffers:          102208 kB
Cached:          1198716 kB
MemTotal:        1844596 kB
MemFree:          127968 kB
MemAvailable:    1410580 kB
Buffers:          102208 kB
Cached:          1198716 kB
MemTotal:        1844596 kB
MemFree:          126668 kB
MemAvailable:    1409280 kB
Buffers:          102208 kB
Cached:          1198716 kB
MemTotal:        1844596 kB
MemFree:          127728 kB
MemAvailable:    1410340 kB
Buffers:          102208 kB
Cached:          1198716 kB
MemTotal:        1844596 kB
MemFree:          127328 kB
MemAvailable:    1409940 kB
Buffers:          102208 kB
Cached:          1198716 kB
MemTotal:        1844596 kB
MemFree:          126696 kB
MemAvailable:    1409308 kB
Buffers:          102208 kB
Cached:          1198716 kB
MemTotal:        1844596 kB
MemFree:          127888 kB
MemAvailable:    1410500 kB
Buffers:          102208 kB
Cached:          1198716 kB
MemTotal:        1844596 kB
MemFree:          127888 kB
MemAvailable:    1410500 kB
Buffers:          102208 kB
Cached:          1198716 kB
MemTotal:        1844596 kB
MemFree:          127808 kB
MemAvailable:    1410420 kB
Buffers:          102208 kB
Cached:          1198716 kB
MemTotal:        1844596 kB
MemFree:          127700 kB
MemAvailable:    1410312 kB
Buffers:          102208 kB
Cached:          1198716 kB
MemTotal:        1844596 kB
MemFree:          127936 kB
MemAvailable:    1410548 kB
Buffers:          102208 kB
Cached:          1198716 kB
MemTotal:        1844596 kB
MemFree:          126648 kB
MemAvailable:    1409260 kB
Buffers:          102208 kB
Cached:          1198716 kB
MemTotal:        1844596 kB
MemFree:          126636 kB
MemAvailable:    1409248 kB
Buffers:          102208 kB
Cached:          1198716 kB
MemTotal:        1844596 kB
MemFree:          127992 kB
MemAvailable:    1410604 kB
Buffers:          102208 kB
Cached:          1198716 kB
MemTotal:        1844596 kB
MemFree:          126752 kB
MemAvailable:    1409364 kB
Buffers:          102208 kB
Cached:          1198716 kB
MemTotal:        1844596 kB
MemFree:          128000 kB
MemAvailable:    1410612 kB
Buffers:          102208 kB
Cached:          1198716 kB
MemTotal:        1844596 kB
MemFree:          127864 kB
MemAvailable:    1410476 kB
Buffers:          102208 kB
Cached:          1198716 kB
MemTotal:        1844596 kB
MemFree:          128032 kB
MemAvailable:    1410644 kB
Buffers:          102208 kB
Cached:          1198716 kB
MemTotal:        1844596 kB
MemFree:          123484 kB
MemAvailable:    1406096 kB
Buffers:          102208 kB
Cached:          1198716 kB
MemTotal:        1844596 kB
MemFree:          119640 kB
MemAvailable:    1402252 kB
Buffers:          102208 kB
Cached:          1198716 kB
MemTotal:        1844596 kB
MemFree:          116972 kB
MemAvailable:    1399584 kB
Buffers:          102208 kB
Cached:          1198716 kB
MemTotal:        1844596 kB
MemFree:          112572 kB
MemAvailable:    1395184 kB
Buffers:          102208 kB
Cached:          1198716 kB
MemTotal:        1844596 kB
MemFree:          110588 kB
MemAvailable:    1393200 kB
Buffers:          102208 kB
Cached:          1198716 kB
MemTotal:        1844596 kB
MemFree:          110532 kB
MemAvailable:    1393144 kB
Buffers:          102208 kB
Cached:          1198716 kB
MemTotal:        1844596 kB
MemFree:          110672 kB
MemAvailable:    1393284 kB
Buffers:          102208 kB
Cached:          1198716 kB
MemTotal:        1844596 kB
MemFree:          109336 kB
MemAvailable:    1391948 kB
Buffers:          102208 kB
Cached:          1198716 kB
MemTotal:        1844596 kB
MemFree:          109704 kB
MemAvailable:    1392316 kB
Buffers:          102208 kB
Cached:          1198716 kB
MemTotal:        1844596 kB
MemFree:          109540 kB
MemAvailable:    1392152 kB
Buffers:          102208 kB
Cached:          1198716 kB
MemTotal:        1844596 kB
MemFree:          109520 kB
MemAvailable:    1392132 kB
Buffers:          102208 kB
Cached:          1198716 kB
MemTotal:        1844596 kB
MemFree:          108108 kB
MemAvailable:    1390728 kB
Buffers:          102208 kB
Cached:          1198724 kB
MemTotal:        1844596 kB
MemFree:          109616 kB
MemAvailable:    1392236 kB
Buffers:          102208 kB
Cached:          1198724 kB
MemTotal:        1844596 kB
MemFree:          108728 kB
MemAvailable:    1391348 kB
Buffers:          102208 kB
Cached:          1198724 kB
MemTotal:        1844596 kB
MemFree:          109216 kB
MemAvailable:    1391836 kB
Buffers:          102208 kB
Cached:          1198724 kB
MemTotal:        1844596 kB
MemFree:          109552 kB
MemAvailable:    1392172 kB
Buffers:          102208 kB
Cached:          1198724 kB
MemTotal:        1844596 kB
MemFree:          109084 kB
MemAvailable:    1391704 kB
Buffers:          102208 kB
Cached:          1198724 kB
MemTotal:        1844596 kB
MemFree:          108472 kB
MemAvailable:    1391092 kB
Buffers:          102208 kB
Cached:          1198724 kB
MemTotal:        1844596 kB
MemFree:          108836 kB
MemAvailable:    1391456 kB
Buffers:          102208 kB
Cached:          1198724 kB
MemTotal:        1844596 kB
MemFree:          108964 kB
MemAvailable:    1391584 kB
Buffers:          102208 kB
Cached:          1198724 kB
MemTotal:        1844596 kB
MemFree:          108092 kB
MemAvailable:    1390712 kB
Buffers:          102208 kB
Cached:          1198724 kB
MemTotal:        1844596 kB
MemFree:          108176 kB
MemAvailable:    1390796 kB
Buffers:          102208 kB
Cached:          1198724 kB
MemTotal:        1844596 kB
MemFree:          106124 kB
MemAvailable:    1388744 kB
Buffers:          102208 kB
Cached:          1198724 kB
MemTotal:        1844596 kB
MemFree:          105868 kB
MemAvailable:    1388488 kB
Buffers:          102208 kB
Cached:          1198724 kB
MemTotal:        1844596 kB
MemFree:          105256 kB
MemAvailable:    1387876 kB
Buffers:          102208 kB
Cached:          1198724 kB
MemTotal:        1844596 kB
MemFree:          105744 kB
MemAvailable:    1388364 kB
Buffers:          102208 kB
Cached:          1198724 kB
MemTotal:        1844596 kB
MemFree:          105744 kB
MemAvailable:    1388364 kB
Buffers:          102208 kB
Cached:          1198724 kB
MemTotal:        1844596 kB
MemFree:          104884 kB
MemAvailable:    1387504 kB
Buffers:          102208 kB
Cached:          1198724 kB
MemTotal:        1844596 kB
MemFree:          102644 kB
MemAvailable:    1385264 kB
Buffers:          102208 kB
Cached:          1198724 kB
MemTotal:        1844596 kB
MemFree:          103728 kB
MemAvailable:    1386348 kB
Buffers:          102208 kB
Cached:          1198724 kB
MemTotal:        1844596 kB
MemFree:          102536 kB
MemAvailable:    1385156 kB
Buffers:          102208 kB
Cached:          1198724 kB
MemTotal:        1844596 kB
MemFree:          103300 kB
MemAvailable:    1385924 kB
Buffers:          102208 kB
Cached:          1198728 kB
MemTotal:        1844596 kB
MemFree:          103640 kB
MemAvailable:    1386264 kB
Buffers:          102208 kB
Cached:          1198728 kB
MemTotal:        1844596 kB
MemFree:          103192 kB
MemAvailable:    1385816 kB
Buffers:          102208 kB
Cached:          1198728 kB
MemTotal:        1844596 kB
MemFree:          103376 kB
MemAvailable:    1386000 kB
Buffers:          102208 kB
Cached:          1198728 kB
MemTotal:        1844596 kB
MemFree:          103628 kB
MemAvailable:    1386252 kB
Buffers:          102208 kB
Cached:          1198728 kB
MemTotal:        1844596 kB
MemFree:          103348 kB
MemAvailable:    1385972 kB
Buffers:          102208 kB
Cached:          1198728 kB
MemTotal:        1844596 kB
MemFree:          101412 kB
MemAvailable:    1384036 kB
Buffers:          102208 kB
Cached:          1198728 kB
MemTotal:        1844596 kB
MemFree:          101768 kB
MemAvailable:    1384392 kB
Buffers:          102208 kB
Cached:          1198728 kB
MemTotal:        1844596 kB
MemFree:          101728 kB
MemAvailable:    1384352 kB
Buffers:          102208 kB
Cached:          1198728 kB
MemTotal:        1844596 kB
MemFree:          101628 kB
MemAvailable:    1384252 kB
Buffers:          102208 kB
Cached:          1198728 kB
MemTotal:        1844596 kB
MemFree:          101884 kB
MemAvailable:    1384508 kB
Buffers:          102208 kB
Cached:          1198728 kB
MemTotal:        1844596 kB
MemFree:          101616 kB
MemAvailable:    1384240 kB
Buffers:          102208 kB
Cached:          1198728 kB
MemTotal:        1844596 kB
MemFree:          101868 kB
MemAvailable:    1384492 kB
Buffers:          102208 kB
Cached:          1198728 kB
MemTotal:        1844596 kB
MemFree:          101640 kB
MemAvailable:    1384264 kB
Buffers:          102208 kB
Cached:          1198728 kB
MemTotal:        1844596 kB
MemFree:          101976 kB
MemAvailable:    1384600 kB
Buffers:          102208 kB
Cached:          1198728 kB
MemTotal:        1844596 kB
MemFree:          101760 kB
MemAvailable:    1384384 kB
Buffers:          102208 kB
Cached:          1198728 kB
MemTotal:        1844596 kB
MemFree:          101988 kB
MemAvailable:    1384612 kB
Buffers:          102208 kB
Cached:          1198728 kB
MemTotal:        1844596 kB
MemFree:          100496 kB
MemAvailable:    1383120 kB
Buffers:          102208 kB
Cached:          1198728 kB
MemTotal:        1844596 kB
MemFree:          101736 kB
MemAvailable:    1384360 kB
Buffers:          102208 kB
Cached:          1198728 kB
MemTotal:        1844596 kB
MemFree:          101708 kB
MemAvailable:    1384332 kB
Buffers:          102208 kB
Cached:          1198728 kB
MemTotal:        1844596 kB
MemFree:          101652 kB
MemAvailable:    1384276 kB
Buffers:          102208 kB
Cached:          1198728 kB
MemTotal:        1844596 kB
MemFree:          101988 kB
MemAvailable:    1384612 kB
Buffers:          102208 kB
Cached:          1198728 kB
MemTotal:        1844596 kB
MemFree:          100412 kB
MemAvailable:    1383036 kB
Buffers:          102208 kB
Cached:          1198728 kB
MemTotal:        1844596 kB
MemFree:          100412 kB
MemAvailable:    1383036 kB
Buffers:          102208 kB
Cached:          1198728 kB
MemTotal:        1844596 kB
MemFree:          101652 kB
MemAvailable:    1384276 kB
Buffers:          102208 kB
Cached:          1198728 kB
MemTotal:        1844596 kB
MemFree:          101580 kB
MemAvailable:    1384204 kB
Buffers:          102208 kB
Cached:          1198728 kB
MemTotal:        1844596 kB
MemFree:          101756 kB
MemAvailable:    1384380 kB
Buffers:          102208 kB
Cached:          1198728 kB
MemTotal:        1844596 kB
MemFree:          102008 kB
MemAvailable:    1384632 kB
Buffers:          102208 kB
Cached:          1198728 kB
MemTotal:        1844596 kB
MemFree:          101664 kB
MemAvailable:    1384288 kB
Buffers:          102208 kB
Cached:          1198728 kB
MemTotal:        1844596 kB
MemFree:          101784 kB
MemAvailable:    1384408 kB
Buffers:          102208 kB
Cached:          1198728 kB
MemTotal:        1844596 kB
MemFree:          100916 kB
MemAvailable:    1383540 kB
Buffers:          102208 kB
Cached:          1198728 kB
MemTotal:        1844596 kB
MemFree:          101600 kB
MemAvailable:    1384224 kB
Buffers:          102208 kB
Cached:          1198728 kB
MemTotal:        1844596 kB
MemFree:          101856 kB
MemAvailable:    1384480 kB
Buffers:          102208 kB
Cached:          1198728 kB
MemTotal:        1844596 kB
MemFree:          101628 kB
MemAvailable:    1384252 kB
Buffers:          102208 kB
Cached:          1198728 kB
MemTotal:        1844596 kB
MemFree:          101712 kB
MemAvailable:    1384336 kB
Buffers:          102208 kB
Cached:          1198728 kB
MemTotal:        1844596 kB
MemFree:          100404 kB
MemAvailable:    1383028 kB
Buffers:          102208 kB
Cached:          1198728 kB
MemTotal:        1844596 kB
MemFree:          101788 kB
MemAvailable:    1384412 kB
Buffers:          102208 kB
Cached:          1198728 kB
MemTotal:        1844596 kB
MemFree:          100924 kB
MemAvailable:    1383548 kB
Buffers:          102208 kB
Cached:          1198728 kB
MemTotal:        1844596 kB
MemFree:          101652 kB
MemAvailable:    1384276 kB
Buffers:          102208 kB
Cached:          1198728 kB
MemTotal:        1844596 kB
MemFree:          101908 kB
MemAvailable:    1384532 kB
Buffers:          102208 kB
Cached:          1198728 kB
MemTotal:        1844596 kB
MemFree:          100496 kB
MemAvailable:    1383120 kB
Buffers:          102208 kB
Cached:          1198728 kB
MemTotal:        1844596 kB
MemFree:          100420 kB
MemAvailable:    1383044 kB
Buffers:          102208 kB
Cached:          1198728 kB
MemTotal:        1844596 kB
MemFree:          100504 kB
MemAvailable:    1383128 kB
Buffers:          102208 kB
Cached:          1198728 kB
MemTotal:        1844596 kB
MemFree:          100372 kB
MemAvailable:    1382996 kB
Buffers:          102208 kB
Cached:          1198728 kB
MemTotal:        1844596 kB
MemFree:          101776 kB
MemAvailable:    1384400 kB
Buffers:          102208 kB
Cached:          1198728 kB
MemTotal:        1844596 kB
MemFree:          101776 kB
MemAvailable:    1384400 kB
Buffers:          102208 kB
Cached:          1198728 kB
MemTotal:        1844596 kB
MemFree:          101580 kB
MemAvailable:    1384204 kB
Buffers:          102208 kB
Cached:          1198728 kB
MemTotal:        1844596 kB
MemFree:          101588 kB
MemAvailable:    1384212 kB
Buffers:          102208 kB
Cached:          1198728 kB
MemTotal:        1844596 kB
MemFree:          100536 kB
MemAvailable:    1383160 kB
Buffers:          102208 kB
Cached:          1198728 kB
MemTotal:        1844596 kB
MemFree:          100048 kB
MemAvailable:    1382672 kB
Buffers:          102208 kB
Cached:          1198728 kB
MemTotal:        1844596 kB
MemFree:           96948 kB
MemAvailable:    1379572 kB
Buffers:          102208 kB
Cached:          1198728 kB
MemTotal:        1844596 kB
MemFree:           94592 kB
MemAvailable:    1377216 kB
Buffers:          102208 kB
Cached:          1198728 kB
MemTotal:        1844596 kB
MemFree:           93096 kB
MemAvailable:    1375720 kB
Buffers:          102208 kB
Cached:          1198728 kB
MemTotal:        1844596 kB
MemFree:           87880 kB
MemAvailable:    1370504 kB
Buffers:          102208 kB
Cached:          1198728 kB
MemTotal:        1844596 kB
MemFree:           87276 kB
MemAvailable:    1369900 kB
Buffers:          102208 kB
Cached:          1198728 kB
MemTotal:        1844596 kB
MemFree:           84176 kB
MemAvailable:    1366804 kB
Buffers:          102208 kB
Cached:          1198732 kB
MemTotal:        1844596 kB
MemFree:           82376 kB
MemAvailable:    1365008 kB
Buffers:          102208 kB
Cached:          1198736 kB
MemTotal:        1844596 kB
MemFree:           81152 kB
MemAvailable:    1363784 kB
Buffers:          102208 kB
Cached:          1198736 kB
MemTotal:        1844596 kB
MemFree:           80888 kB
MemAvailable:    1363520 kB
Buffers:          102208 kB
Cached:          1198736 kB
MemTotal:        1844596 kB
MemFree:           82164 kB
MemAvailable:    1364796 kB
Buffers:          102208 kB
Cached:          1198736 kB
MemTotal:        1844596 kB
MemFree:           82316 kB
MemAvailable:    1364948 kB
Buffers:          102208 kB
Cached:          1198736 kB
MemTotal:        1844596 kB
MemFree:           80812 kB
MemAvailable:    1363444 kB
Buffers:          102208 kB
Cached:          1198736 kB
MemTotal:        1844596 kB
MemFree:           80936 kB
MemAvailable:    1363568 kB
Buffers:          102208 kB
Cached:          1198736 kB
MemTotal:        1844596 kB
MemFree:           80632 kB
MemAvailable:    1363264 kB
Buffers:          102208 kB
Cached:          1198736 kB
MemTotal:        1844596 kB
MemFree:           82252 kB
MemAvailable:    1364884 kB
Buffers:          102208 kB
Cached:          1198736 kB
MemTotal:        1844596 kB
MemFree:           81148 kB
MemAvailable:    1363780 kB
Buffers:          102208 kB
Cached:          1198736 kB
MemTotal:        1844596 kB
MemFree:           82168 kB
MemAvailable:    1364800 kB
Buffers:          102208 kB
Cached:          1198736 kB
MemTotal:        1844596 kB
MemFree:           80808 kB
MemAvailable:    1363440 kB
Buffers:          102208 kB
Cached:          1198736 kB
MemTotal:        1844596 kB
MemFree:           82128 kB
MemAvailable:    1364760 kB
Buffers:          102208 kB
Cached:          1198736 kB
MemTotal:        1844596 kB
MemFree:           80768 kB
MemAvailable:    1363400 kB
Buffers:          102208 kB
Cached:          1198736 kB
MemTotal:        1844596 kB
MemFree:           80904 kB
MemAvailable:    1363536 kB
Buffers:          102208 kB
Cached:          1198736 kB
MemTotal:        1844596 kB
MemFree:           81020 kB
MemAvailable:    1363652 kB
Buffers:          102208 kB
Cached:          1198736 kB
MemTotal:        1844596 kB
MemFree:           81748 kB
MemAvailable:    1364380 kB
Buffers:          102208 kB
Cached:          1198736 kB
MemTotal:        1844596 kB
MemFree:           81916 kB
MemAvailable:    1364548 kB
Buffers:          102208 kB
Cached:          1198736 kB
MemTotal:        1844596 kB
MemFree:           80764 kB
MemAvailable:    1363396 kB
Buffers:          102208 kB
Cached:          1198736 kB
MemTotal:        1844596 kB
MemFree:           80632 kB
MemAvailable:    1363264 kB
Buffers:          102208 kB
Cached:          1198736 kB
MemTotal:        1844596 kB
MemFree:           81848 kB
MemAvailable:    1364480 kB
Buffers:          102208 kB
Cached:          1198736 kB
MemTotal:        1844596 kB
MemFree:           80540 kB
MemAvailable:    1363172 kB
Buffers:          102208 kB
Cached:          1198736 kB
MemTotal:        1844596 kB
MemFree:           81840 kB
MemAvailable:    1364472 kB
Buffers:          102208 kB
Cached:          1198736 kB
MemTotal:        1844596 kB
MemFree:           81988 kB
MemAvailable:    1364620 kB
Buffers:          102208 kB
Cached:          1198736 kB
MemTotal:        1844596 kB
MemFree:           80456 kB
MemAvailable:    1363088 kB
Buffers:          102208 kB
Cached:          1198736 kB
MemTotal:        1844596 kB
MemFree:           81500 kB
MemAvailable:    1364132 kB
Buffers:          102208 kB
Cached:          1198736 kB
MemTotal:        1844596 kB
MemFree:           81260 kB
MemAvailable:    1363892 kB
Buffers:          102208 kB
Cached:          1198736 kB
MemTotal:        1844596 kB
MemFree:           76240 kB
MemAvailable:    1358872 kB
Buffers:          102208 kB
Cached:          1198736 kB
MemTotal:        1844596 kB
MemFree:           71280 kB
MemAvailable:    1353912 kB
Buffers:          102208 kB
Cached:          1198736 kB
MemTotal:        1844596 kB
MemFree:           72148 kB
MemAvailable:    1354780 kB
Buffers:          102208 kB
Cached:          1198736 kB
MemTotal:        1844596 kB
MemFree:           70652 kB
MemAvailable:    1353284 kB
Buffers:          102208 kB
Cached:          1198736 kB
MemTotal:        1844596 kB
MemFree:           70776 kB
MemAvailable:    1353408 kB
Buffers:          102208 kB
Cached:          1198736 kB
MemTotal:        1844596 kB
MemFree:           70288 kB
MemAvailable:    1352920 kB
Buffers:          102208 kB
Cached:          1198736 kB
MemTotal:        1844596 kB
MemFree:           70092 kB
MemAvailable:    1352724 kB
Buffers:          102208 kB
Cached:          1198736 kB
MemTotal:        1844596 kB
MemFree:           69836 kB
MemAvailable:    1352468 kB
Buffers:          102208 kB
Cached:          1198736 kB
MemTotal:        1844596 kB
MemFree:           69764 kB
MemAvailable:    1352396 kB
Buffers:          102208 kB
Cached:          1198736 kB
MemTotal:        1844596 kB
MemFree:           69764 kB
MemAvailable:    1352396 kB
Buffers:          102208 kB
Cached:          1198736 kB
MemTotal:        1844596 kB
MemFree:           69544 kB
MemAvailable:    1352176 kB
Buffers:          102208 kB
Cached:          1198736 kB
MemTotal:        1844596 kB
MemFree:           69296 kB
MemAvailable:    1351928 kB
Buffers:          102208 kB
Cached:          1198736 kB
MemTotal:        1844596 kB
MemFree:           69124 kB
MemAvailable:    1351756 kB
Buffers:          102208 kB
Cached:          1198736 kB
MemTotal:        1844596 kB
MemFree:           68948 kB
MemAvailable:    1351748 kB
Buffers:          102208 kB
Cached:          1198984 kB
MemTotal:        1844596 kB
MemFree:           68548 kB
MemAvailable:    1351516 kB
Buffers:          102208 kB
Cached:          1199108 kB
MemTotal:        1844596 kB
MemFree:           68632 kB
MemAvailable:    1351600 kB
Buffers:          102208 kB
Cached:          1199108 kB
MemTotal:        1844596 kB
MemFree:           67240 kB
MemAvailable:    1350376 kB
Buffers:          102208 kB
Cached:          1199232 kB
MemTotal:        1844596 kB
MemFree:           67508 kB
MemAvailable:    1350644 kB
Buffers:          102208 kB
Cached:          1199232 kB
MemTotal:        1844596 kB
MemFree:           68524 kB
MemAvailable:    1351748 kB
Buffers:          102208 kB
Cached:          1199360 kB
MemTotal:        1844596 kB
MemFree:           67276 kB
MemAvailable:    1350500 kB
Buffers:          102208 kB
Cached:          1199360 kB
MemTotal:        1844596 kB
MemFree:           68204 kB
MemAvailable:    1351428 kB
Buffers:          102208 kB
Cached:          1199360 kB
MemTotal:        1844596 kB
MemFree:           68336 kB
MemAvailable:    1351560 kB
Buffers:          102208 kB
Cached:          1199360 kB
MemTotal:        1844596 kB
MemFree:           68372 kB
MemAvailable:    1351596 kB
Buffers:          102208 kB
Cached:          1199360 kB
MemTotal:        1844596 kB
MemFree:           68456 kB
MemAvailable:    1351680 kB
Buffers:          102208 kB
Cached:          1199360 kB
MemTotal:        1844596 kB
MemFree:           68208 kB
MemAvailable:    1351432 kB
Buffers:          102208 kB
Cached:          1199360 kB
MemTotal:        1844596 kB
MemFree:           68544 kB
MemAvailable:    1351768 kB
Buffers:          102208 kB
Cached:          1199360 kB
MemTotal:        1844596 kB
MemFree:           68148 kB
MemAvailable:    1351540 kB
Buffers:          102208 kB
Cached:          1199484 kB
MemTotal:        1844596 kB
MemFree:           69048 kB
MemAvailable:    1351684 kB
Buffers:          102208 kB
Cached:          1198728 kB
MemTotal:        1844596 kB
MemFree:           66780 kB
MemAvailable:    1349416 kB
Buffers:          102208 kB
Cached:          1198728 kB
MemTotal:        1844596 kB
MemFree:          145148 kB
MemAvailable:    1427784 kB
Buffers:          102208 kB
Cached:          1198728 kB
MemTotal:        1844596 kB
MemFree:          264000 kB
MemAvailable:    1546684 kB
Buffers:          102208 kB
Cached:          1198776 kB
