MemTotal:        1844596 kB
MemFree:          854460 kB
MemAvailable:    1547228 kB
Buffers:           85544 kB
Cached:           636184 kB
MemTotal:        1844596 kB
MemFree:          826760 kB
MemAvailable:    1519532 kB
Buffers:           85544 kB
Cached:           636188 kB
MemTotal:        1844596 kB
MemFree:          825204 kB
MemAvailable:    1517976 kB
Buffers:           85544 kB
Cached:           636188 kB
MemTotal:        1844596 kB
MemFree:          824840 kB
MemAvailable:    1517612 kB
Buffers:           85544 kB
Cached:           636188 kB
MemTotal:        1844596 kB
MemFree:          823512 kB
MemAvailable:    1516284 kB
Buffers:           85544 kB
Cached:           636188 kB
MemTotal:        1844596 kB
MemFree:          822236 kB
MemAvailable:    1515008 kB
Buffers:           85544 kB
Cached:           636188 kB
MemTotal:        1844596 kB
MemFree:          822972 kB
MemAvailable:    1515744 kB
Buffers:           85544 kB
Cached:           636188 kB
MemTotal:        1844596 kB
MemFree:          822864 kB
MemAvailable:    1515636 kB
Buffers:           85544 kB
Cached:           636188 kB
MemTotal:        1844596 kB
MemFree:          818764 kB
MemAvailable:    1511536 kB
Buffers:           85544 kB
Cached:           636188 kB
MemTotal:        1844596 kB
MemFree:          816640 kB
MemAvailable:    1509412 kB
Buffers:           85544 kB
Cached:           636188 kB
MemTotal:        1844596 kB
MemFree:          816036 kB
MemAvailable:    1508808 kB
Buffers:           85544 kB
Cached:           636188 kB
MemTotal:        1844596 kB
MemFree:          812368 kB
MemAvailable:    1505140 kB
Buffers:           85544 kB
Cached:           636188 kB
MemTotal:        1844596 kB
MemFree:          814540 kB
MemAvailable:    1507312 kB
Buffers:           85544 kB
Cached:           636188 kB
MemTotal:        1844596 kB
MemFree:          814432 kB
MemAvailable:    1507204 kB
Buffers:           85544 kB
Cached:           636188 kB
MemTotal:        1844596 kB
MemFree:          814552 kB
MemAvailable:    1507324 kB
Buffers:           85544 kB
Cached:           636188 kB
MemTotal:        1844596 kB
MemFree:          814428 kB
MemAvailable:    1507200 kB
Buffers:           85544 kB
Cached:           636188 kB
MemTotal:        1844596 kB
MemFree:          812996 kB
MemAvailable:    1505768 kB
Buffers:           85544 kB
Cached:           636188 kB
MemTotal:        1844596 kB
MemFree:          813244 kB
MemAvailable:    1506016 kB
Buffers:           85544 kB
Cached:           636188 kB
MemTotal:        1844596 kB
MemFree:          813060 kB
MemAvailable:    1505832 kB
Buffers:           85544 kB
Cached:           636188 kB
MemTotal:        1844596 kB
MemFree:          813184 kB
MemAvailable:    1505956 kB
Buffers:           85544 kB
Cached:           636188 kB
MemTotal:        1844596 kB
MemFree:          813060 kB
MemAvailable:    1505832 kB
Buffers:           85544 kB
Cached:           636188 kB
MemTotal:        1844596 kB
MemFree:          812936 kB
MemAvailable:    1505708 kB
Buffers:           85544 kB
Cached:           636188 kB
MemTotal:        1844596 kB
MemFree:          812672 kB
MemAvailable:    1505444 kB
Buffers:           85544 kB
Cached:           636188 kB
MemTotal:        1844596 kB
MemFree:          813556 kB
MemAvailable:    1506328 kB
Buffers:           85544 kB
Cached:           636188 kB
MemTotal:        1844596 kB
MemFree:          813204 kB
MemAvailable:    1505976 kB
Buffers:           85544 kB
Cached:           636188 kB
MemTotal:        1844596 kB
MemFree:          811772 kB
MemAvailable:    1504544 kB
Buffers:           85544 kB
Cached:           636188 kB
MemTotal:        1844596 kB
MemFree:          812764 kB
MemAvailable:    1505536 kB
Buffers:           85544 kB
Cached:           636188 kB
MemTotal:        1844596 kB
MemFree:          812932 kB
MemAvailable:    1505704 kB
Buffers:           85544 kB
Cached:           636188 kB
MemTotal:        1844596 kB
MemFree:          811312 kB
MemAvailable:    1504084 kB
Buffers:           85544 kB
Cached:           636188 kB
MemTotal:        1844596 kB
MemFree:          811772 kB
MemAvailable:    1504544 kB
Buffers:           85544 kB
Cached:           636188 kB
MemTotal:        1844596 kB
MemFree:          812024 kB
MemAvailable:    1504796 kB
Buffers:           85544 kB
Cached:           636188 kB
MemTotal:        1844596 kB
MemFree:          810564 kB
MemAvailable:    1503336 kB
Buffers:           85544 kB
Cached:           636188 kB
MemTotal:        1844596 kB
MemFree:          810572 kB
MemAvailable:    1503344 kB
Buffers:           85544 kB
Cached:           636188 kB
MemTotal:        1844596 kB
MemFree:          810572 kB
MemAvailable:    1503344 kB
Buffers:           85544 kB
Cached:           636188 kB
MemTotal:        1844596 kB
MemFree:          811556 kB
MemAvailable:    1504328 kB
Buffers:           85544 kB
Cached:           636188 kB
MemTotal:        1844596 kB
MemFree:          810268 kB
MemAvailable:    1503040 kB
Buffers:           85544 kB
Cached:           636188 kB
MemTotal:        1844596 kB
MemFree:          811668 kB
MemAvailable:    1504440 kB
Buffers:           85544 kB
Cached:           636188 kB
MemTotal:        1844596 kB
MemFree:          811504 kB
MemAvailable:    1504276 kB
Buffers:           85544 kB
Cached:           636188 kB
MemTotal:        1844596 kB
MemFree:          811468 kB
MemAvailable:    1504240 kB
Buffers:           85544 kB
Cached:           636188 kB
MemTotal:        1844596 kB
MemFree:          808836 kB
MemAvailable:    1501608 kB
Buffers:           85544 kB
Cached:           636188 kB
MemTotal:        1844596 kB
MemFree:          808340 kB
MemAvailable:    1501112 kB
Buffers:           85544 kB
Cached:           636188 kB
MemTotal:        1844596 kB
MemFree:          806524 kB
MemAvailable:    1499300 kB
Buffers:           85544 kB
Cached:           636192 kB
MemTotal:        1844596 kB
MemFree:          805256 kB
MemAvailable:    1498032 kB
Buffers:           85544 kB
Cached:           636192 kB
MemTotal:        1844596 kB
MemFree:          806224 kB
MemAvailable:    1499000 kB
Buffers:           85544 kB
Cached:           636192 kB
MemTotal:        1844596 kB
MemFree:          804820 kB
MemAvailable:    1497596 kB
Buffers:           85544 kB
Cached:           636192 kB
MemTotal:        1844596 kB
MemFree:          805248 kB
MemAvailable:    1498024 kB
Buffers:           85544 kB
Cached:           636192 kB
MemTotal:        1844596 kB
MemFree:          804740 kB
MemAvailable:    1497516 kB
Buffers:           85544 kB
Cached:           636192 kB
MemTotal:        1844596 kB
MemFree:          805848 kB
MemAvailable:    1498624 kB
Buffers:           85544 kB
Cached:           636192 kB
MemTotal:        1844596 kB
MemFree:          805752 kB
MemAvailable:    1498528 kB
Buffers:           85544 kB
Cached:           636192 kB
MemTotal:        1844596 kB
MemFree:          805696 kB
MemAvailable:    1498472 kB
Buffers:           85544 kB
Cached:           636192 kB
MemTotal:        1844596 kB
MemFree:          805920 kB
MemAvailable:    1498696 kB
Buffers:           85544 kB
Cached:           636192 kB
MemTotal:        1844596 kB
MemFree:          805808 kB
MemAvailable:    1498584 kB
Buffers:           85544 kB
Cached:           636192 kB
MemTotal:        1844596 kB
MemFree:          805916 kB
MemAvailable:    1498692 kB
Buffers:           85544 kB
Cached:           636192 kB
MemTotal:        1844596 kB
MemFree:          804308 kB
MemAvailable:    1497084 kB
Buffers:           85544 kB
Cached:           636192 kB
MemTotal:        1844596 kB
MemFree:          805680 kB
MemAvailable:    1498456 kB
Buffers:           85544 kB
Cached:           636192 kB
MemTotal:        1844596 kB
MemFree:          804724 kB
MemAvailable:    1497500 kB
Buffers:           85544 kB
Cached:           636192 kB
MemTotal:        1844596 kB
MemFree:          799792 kB
MemAvailable:    1492568 kB
Buffers:           85544 kB
Cached:           636192 kB
MemTotal:        1844596 kB
MemFree:          798924 kB
MemAvailable:    1491700 kB
Buffers:           85544 kB
Cached:           636192 kB
MemTotal:        1844596 kB
MemFree:          798660 kB
MemAvailable:    1491436 kB
Buffers:           85544 kB
Cached:           636192 kB
MemTotal:        1844596 kB
MemFree:          798304 kB
MemAvailable:    1491080 kB
Buffers:           85544 kB
Cached:           636192 kB
MemTotal:        1844596 kB
MemFree:          798108 kB
MemAvailable:    1490884 kB
Buffers:           85544 kB
Cached:           636192 kB
MemTotal:        1844596 kB
MemFree:          796684 kB
MemAvailable:    1489460 kB
Buffers:           85544 kB
Cached:           636192 kB
MemTotal:        1844596 kB
MemFree:          796436 kB
MemAvailable:    1489212 kB
Buffers:           85544 kB
Cached:           636192 kB
MemTotal:        1844596 kB
MemFree:          796196 kB
MemAvailable:    1488972 kB
Buffers:           85544 kB
Cached:           636192 kB
MemTotal:        1844596 kB
MemFree:          796320 kB
MemAvailable:    1489096 kB
Buffers:           85544 kB
Cached:           636192 kB
MemTotal:        1844596 kB
MemFree:          796064 kB
MemAvailable:    1488840 kB
Buffers:           85544 kB
Cached:           636192 kB
MemTotal:        1844596 kB
MemFree:          797048 kB
MemAvailable:    1489824 kB
Buffers:           85544 kB
Cached:           636192 kB
MemTotal:        1844596 kB
MemFree:          797048 kB
MemAvailable:    1489824 kB
Buffers:           85544 kB
Cached:           636192 kB
MemTotal:        1844596 kB
MemFree:          795644 kB
MemAvailable:    1488420 kB
Buffers:           85544 kB
Cached:           636192 kB
MemTotal:        1844596 kB
MemFree:          795768 kB
MemAvailable:    1488544 kB
Buffers:           85544 kB
Cached:           636192 kB
MemTotal:        1844596 kB
MemFree:          796912 kB
MemAvailable:    1489688 kB
Buffers:           85544 kB
Cached:           636192 kB
MemTotal:        1844596 kB
MemFree:          796996 kB
MemAvailable:    1489772 kB
Buffers:           85544 kB
Cached:           636192 kB
MemTotal:        1844596 kB
MemFree:          796980 kB
MemAvailable:    1489756 kB
Buffers:           85544 kB
Cached:           636192 kB
MemTotal:        1844596 kB
MemFree:          796856 kB
MemAvailable:    1489632 kB
Buffers:           85544 kB
Cached:           636192 kB
MemTotal:        1844596 kB
MemFree:          795700 kB
MemAvailable:    1488476 kB
Buffers:           85544 kB
Cached:           636192 kB
MemTotal:        1844596 kB
MemFree:          796552 kB
MemAvailable:    1489328 kB
Buffers:           85544 kB
Cached:           636192 kB
MemTotal:        1844596 kB
MemFree:          796804 kB
MemAvailable:    1489580 kB
Buffers:           85544 kB
Cached:           636192 kB
MemTotal:        1844596 kB
MemFree:          795272 kB
MemAvailable:    1488048 kB
Buffers:           85544 kB
Cached:           636192 kB
MemTotal:        1844596 kB
MemFree:          795388 kB
MemAvailable:    1488164 kB
Buffers:           85544 kB
Cached:           636192 kB
MemTotal:        1844596 kB
MemFree:          795824 kB
MemAvailable:    1488600 kB
Buffers:           85544 kB
Cached:           636192 kB
MemTotal:        1844596 kB
MemFree:          795576 kB
MemAvailable:    1488356 kB
Buffers:           85544 kB
Cached:           636196 kB
MemTotal:        1844596 kB
MemFree:          795948 kB
MemAvailable:    1488728 kB
Buffers:           85544 kB
Cached:           636196 kB
MemTotal:        1844596 kB
MemFree:          793328 kB
MemAvailable:    1486108 kB
Buffers:           85544 kB
Cached:           636196 kB
MemTotal:        1844596 kB
MemFree:          793412 kB
MemAvailable:    1486192 kB
Buffers:           85544 kB
Cached:           636196 kB
MemTotal:        1844596 kB
MemFree:          789500 kB
MemAvailable:    1482280 kB
Buffers:           85544 kB
Cached:           636196 kB
MemTotal:        1844596 kB
MemFree:          787996 kB
MemAvailable:    1480776 kB
Buffers:           85544 kB
Cached:           636196 kB
MemTotal:        1844596 kB
MemFree:          787464 kB
MemAvailable:    1480244 kB
Buffers:           85544 kB
Cached:           636196 kB
MemTotal:        1844596 kB
MemFree:          788260 kB
MemAvailable:    1481040 kB
Buffers:           85544 kB
Cached:           636196 kB
MemTotal:        1844596 kB
MemFree:          788296 kB
MemAvailable:    1481076 kB
Buffers:           85544 kB
Cached:           636196 kB
MemTotal:        1844596 kB
MemFree:          786972 kB
MemAvailable:    1479752 kB
Buffers:           85544 kB
Cached:           636196 kB
MemTotal:        1844596 kB
MemFree:          787220 kB
MemAvailable:    1480000 kB
Buffers:           85544 kB
Cached:           636196 kB
MemTotal:        1844596 kB
MemFree:          788120 kB
MemAvailable:    1480900 kB
Buffers:           85544 kB
Cached:           636196 kB
MemTotal:        1844596 kB
MemFree:          788120 kB
MemAvailable:    1480900 kB
Buffers:           85544 kB
Cached:           636196 kB
MemTotal:        1844596 kB
MemFree:          787824 kB
MemAvailable:    1480604 kB
Buffers:           85544 kB
Cached:           636196 kB
MemTotal:        1844596 kB
MemFree:          788076 kB
MemAvailable:    1480856 kB
Buffers:           85544 kB
Cached:           636196 kB
MemTotal:        1844596 kB
MemFree:          787820 kB
MemAvailable:    1480600 kB
Buffers:           85544 kB
Cached:           636196 kB
MemTotal:        1844596 kB
MemFree:          787820 kB
MemAvailable:    1480600 kB
Buffers:           85544 kB
Cached:           636196 kB
MemTotal:        1844596 kB
MemFree:          788000 kB
MemAvailable:    1480780 kB
Buffers:           85544 kB
Cached:           636196 kB
MemTotal:        1844596 kB
MemFree:          787820 kB
MemAvailable:    1480600 kB
Buffers:           85544 kB
Cached:           636196 kB
MemTotal:        1844596 kB
MemFree:          787988 kB
MemAvailable:    1480768 kB
Buffers:           85544 kB
Cached:           636196 kB
MemTotal:        1844596 kB
MemFree:          787900 kB
MemAvailable:    1480680 kB
Buffers:           85544 kB
Cached:           636196 kB
MemTotal:        1844596 kB
MemFree:          786716 kB
MemAvailable:    1479496 kB
Buffers:           85544 kB
Cached:           636196 kB
MemTotal:        1844596 kB
MemFree:          787952 kB
MemAvailable:    1480732 kB
Buffers:           85544 kB
Cached:           636196 kB
MemTotal:        1844596 kB
MemFree:          787772 kB
MemAvailable:    1480552 kB
Buffers:           85544 kB
Cached:           636196 kB
MemTotal:        1844596 kB
MemFree:          787892 kB
MemAvailable:    1480672 kB
Buffers:           85544 kB
Cached:           636196 kB
MemTotal:        1844596 kB
MemFree:          787276 kB
MemAvailable:    1480056 kB
Buffers:           85544 kB
Cached:           636196 kB
MemTotal:        1844596 kB
MemFree:          787888 kB
MemAvailable:    1480668 kB
Buffers:           85544 kB
Cached:           636196 kB
MemTotal:        1844596 kB
MemFree:          787816 kB
MemAvailable:    1480596 kB
Buffers:           85544 kB
Cached:           636196 kB
MemTotal:        1844596 kB
MemFree:          787748 kB
MemAvailable:    1480528 kB
Buffers:           85544 kB
Cached:           636196 kB
MemTotal:        1844596 kB
MemFree:          788088 kB
MemAvailable:    1480868 kB
Buffers:           85544 kB
Cached:           636196 kB
MemTotal:        1844596 kB
MemFree:          788000 kB
MemAvailable:    1480780 kB
Buffers:           85544 kB
Cached:           636196 kB
MemTotal:        1844596 kB
MemFree:          787856 kB
MemAvailable:    1480636 kB
Buffers:           85544 kB
Cached:           636196 kB
MemTotal:        1844596 kB
MemFree:          787856 kB
MemAvailable:    1480636 kB
Buffers:           85544 kB
Cached:           636196 kB
MemTotal:        1844596 kB
MemFree:          786592 kB
MemAvailable:    1479372 kB
Buffers:           85544 kB
Cached:           636196 kB
MemTotal:        1844596 kB
MemFree:          788084 kB
MemAvailable:    1480864 kB
Buffers:           85544 kB
Cached:           636196 kB
MemTotal:        1844596 kB
MemFree:          787152 kB
MemAvailable:    1479932 kB
Buffers:           85544 kB
Cached:           636196 kB
MemTotal:        1844596 kB
MemFree:          787880 kB
MemAvailable:    1480660 kB
Buffers:           85544 kB
Cached:           636196 kB
MemTotal:        1844596 kB
MemFree:          788136 kB
MemAvailable:    1480916 kB
Buffers:           85544 kB
Cached:           636196 kB
MemTotal:        1844596 kB
MemFree:          788004 kB
MemAvailable:    1480792 kB
Buffers:           85544 kB
Cached:           636204 kB
MemTotal:        1844596 kB
MemFree:          788216 kB
MemAvailable:    1481004 kB
Buffers:           85544 kB
Cached:           636204 kB
MemTotal:        1844596 kB
MemFree:          786724 kB
MemAvailable:    1479512 kB
Buffers:           85544 kB
Cached:           636204 kB
MemTotal:        1844596 kB
MemFree:          787964 kB
MemAvailable:    1480752 kB
Buffers:           85544 kB
Cached:           636204 kB
MemTotal:        1844596 kB
MemFree:          786212 kB
MemAvailable:    1479000 kB
Buffers:           85544 kB
Cached:           636204 kB
MemTotal:        1844596 kB
MemFree:          781556 kB
MemAvailable:    1474344 kB
Buffers:           85544 kB
Cached:           636204 kB
MemTotal:        1844596 kB
MemFree:          779084 kB
MemAvailable:    1471872 kB
Buffers:           85544 kB
Cached:           636204 kB
MemTotal:        1844596 kB
MemFree:          777576 kB
MemAvailable:    1470364 kB
Buffers:           85544 kB
Cached:           636204 kB
MemTotal:        1844596 kB
MemFree:          776232 kB
MemAvailable:    1469020 kB
Buffers:           85544 kB
Cached:           636204 kB
MemTotal:        1844596 kB
MemFree:          777588 kB
MemAvailable:    1470376 kB
Buffers:           85544 kB
Cached:           636204 kB
MemTotal:        1844596 kB
MemFree:          776240 kB
MemAvailable:    1469028 kB
Buffers:           85544 kB
Cached:           636204 kB
MemTotal:        1844596 kB
MemFree:          777216 kB
MemAvailable:    1470004 kB
Buffers:           85544 kB
Cached:           636204 kB
MemTotal:        1844596 kB
MemFree:          777344 kB
MemAvailable:    1470132 kB
Buffers:           85544 kB
Cached:           636204 kB
MemTotal:        1844596 kB
MemFree:          777084 kB
MemAvailable:    1469872 kB
Buffers:           85544 kB
Cached:           636204 kB
MemTotal:        1844596 kB
MemFree:          776976 kB
MemAvailable:    1469764 kB
Buffers:           85544 kB
Cached:           636204 kB
MemTotal:        1844596 kB
MemFree:          776836 kB
MemAvailable:    1469624 kB
Buffers:           85544 kB
Cached:           636204 kB
MemTotal:        1844596 kB
MemFree:          776096 kB
MemAvailable:    1468884 kB
Buffers:           85544 kB
Cached:           636204 kB
MemTotal:        1844596 kB
MemFree:          776940 kB
MemAvailable:    1469728 kB
Buffers:           85544 kB
Cached:           636204 kB
MemTotal:        1844596 kB
MemFree:          777276 kB
MemAvailable:    1470064 kB
Buffers:           85544 kB
Cached:           636204 kB
MemTotal:        1844596 kB
MemFree:          777060 kB
MemAvailable:    1469848 kB
Buffers:           85544 kB
Cached:           636204 kB
MemTotal:        1844596 kB
MemFree:          777100 kB
MemAvailable:    1469888 kB
Buffers:           85544 kB
Cached:           636204 kB
MemTotal:        1844596 kB
MemFree:          777212 kB
MemAvailable:    1470000 kB
Buffers:           85544 kB
Cached:           636204 kB
MemTotal:        1844596 kB
MemFree:          777100 kB
MemAvailable:    1469888 kB
Buffers:           85544 kB
Cached:           636204 kB
MemTotal:        1844596 kB
MemFree:          776364 kB
MemAvailable:    1469152 kB
Buffers:           85544 kB
Cached:           636204 kB
MemTotal:        1844596 kB
MemFree:          777096 kB
MemAvailable:    1469884 kB
Buffers:           85544 kB
Cached:           636204 kB
MemTotal:        1844596 kB
MemFree:          775688 kB
MemAvailable:    1468476 kB
Buffers:           85544 kB
Cached:           636204 kB
MemTotal:        1844596 kB
MemFree:          776960 kB
MemAvailable:    1469748 kB
Buffers:           85544 kB
Cached:           636204 kB
MemTotal:        1844596 kB
MemFree:          776960 kB
MemAvailable:    1469748 kB
Buffers:           85544 kB
Cached:           636204 kB
MemTotal:        1844596 kB
MemFree:          775848 kB
MemAvailable:    1468636 kB
Buffers:           85544 kB
Cached:           636204 kB
MemTotal:        1844596 kB
MemFree:          777032 kB
MemAvailable:    1469820 kB
Buffers:           85544 kB
Cached:           636204 kB
MemTotal:        1844596 kB
MemFree:          777200 kB
MemAvailable:    1469988 kB
Buffers:           85544 kB
Cached:           636204 kB
MemTotal:        1844596 kB
MemFree:          775680 kB
MemAvailable:    1468468 kB
Buffers:           85544 kB
Cached:           636204 kB
MemTotal:        1844596 kB
MemFree:          775680 kB
MemAvailable:    1468468 kB
Buffers:           85544 kB
Cached:           636204 kB
MemTotal:        1844596 kB
MemFree:          775972 kB
MemAvailable:    1468760 kB
Buffers:           85544 kB
Cached:           636204 kB
MemTotal:        1844596 kB
MemFree:          777040 kB
MemAvailable:    1469828 kB
Buffers:           85544 kB
Cached:           636204 kB
MemTotal:        1844596 kB
MemFree:          777164 kB
MemAvailable:    1469952 kB
Buffers:           85544 kB
Cached:           636204 kB
MemTotal:        1844596 kB
MemFree:          775668 kB
MemAvailable:    1468456 kB
Buffers:           85544 kB
Cached:           636204 kB
MemTotal:        1844596 kB
MemFree:          775916 kB
MemAvailable:    1468704 kB
Buffers:           85544 kB
Cached:           636204 kB
MemTotal:        1844596 kB
MemFree:          775792 kB
MemAvailable:    1468580 kB
Buffers:           85544 kB
Cached:           636204 kB
MemTotal:        1844596 kB
MemFree:          777068 kB
MemAvailable:    1469856 kB
Buffers:           85544 kB
Cached:           636204 kB
MemTotal:        1844596 kB
MemFree:          777068 kB
MemAvailable:    1469856 kB
Buffers:           85544 kB
Cached:           636204 kB
MemTotal:        1844596 kB
MemFree:          776968 kB
MemAvailable:    1469756 kB
Buffers:           85544 kB
Cached:           636204 kB
MemTotal:        1844596 kB
MemFree:          775728 kB
MemAvailable:    1468516 kB
Buffers:           85544 kB
Cached:           636204 kB
MemTotal:        1844596 kB
MemFree:          775936 kB
MemAvailable:    1468724 kB
Buffers:           85544 kB
Cached:           636204 kB
MemTotal:        1844596 kB
MemFree:          775928 kB
MemAvailable:    1468716 kB
Buffers:           85544 kB
Cached:           636204 kB
MemTotal:        1844596 kB
MemFree:          775972 kB
MemAvailable:    1468760 kB
Buffers:           85544 kB
Cached:           636204 kB
MemTotal:        1844596 kB
MemFree:          777204 kB
MemAvailable:    1469992 kB
Buffers:           85544 kB
Cached:           636204 kB
MemTotal:        1844596 kB
MemFree:          775840 kB
MemAvailable:    1468628 kB
Buffers:           85544 kB
Cached:           636204 kB
MemTotal:        1844596 kB
MemFree:          776892 kB
MemAvailable:    1469680 kB
Buffers:           85544 kB
Cached:           636204 kB
MemTotal:        1844596 kB
MemFree:          776892 kB
MemAvailable:    1469680 kB
Buffers:           85544 kB
Cached:           636204 kB
MemTotal:        1844596 kB
MemFree:          777080 kB
MemAvailable:    1469868 kB
Buffers:           85544 kB
Cached:           636204 kB
MemTotal:        1844596 kB
MemFree:          775916 kB
MemAvailable:    1468704 kB
Buffers:           85544 kB
Cached:           636204 kB
MemTotal:        1844596 kB
MemFree:          777088 kB
MemAvailable:    1469876 kB
Buffers:           85544 kB
Cached:           636204 kB
MemTotal:        1844596 kB
MemFree:          777148 kB
MemAvailable:    1469936 kB
Buffers:           85544 kB
Cached:           636204 kB
MemTotal:        1844596 kB
MemFree:          776356 kB
MemAvailable:    1469144 kB
Buffers:           85544 kB
Cached:           636204 kB
MemTotal:        1844596 kB
MemFree:          777100 kB
MemAvailable:    1469888 kB
Buffers:           85544 kB
Cached:           636204 kB
MemTotal:        1844596 kB
MemFree:          775728 kB
MemAvailable:    1468516 kB
Buffers:           85544 kB
Cached:           636204 kB
MemTotal:        1844596 kB
MemFree:          775736 kB
MemAvailable:    1468524 kB
Buffers:           85544 kB
Cached:           636204 kB
MemTotal:        1844596 kB
MemFree:          776352 kB
MemAvailable:    1469140 kB
Buffers:           85544 kB
Cached:           636204 kB
MemTotal:        1844596 kB
MemFree:          774928 kB
MemAvailable:    1467716 kB
Buffers:           85544 kB
Cached:           636204 kB
MemTotal:        1844596 kB
MemFree:          776220 kB
MemAvailable:    1469008 kB
Buffers:           85544 kB
Cached:           636204 kB
MemTotal:        1844596 kB
MemFree:          775124 kB
MemAvailable:    1467912 kB
Buffers:           85544 kB
Cached:           636204 kB
MemTotal:        1844596 kB
MemFree:          775720 kB
MemAvailable:    1468512 kB
Buffers:           85544 kB
Cached:           636208 kB
MemTotal:        1844596 kB
MemFree:          776056 kB
MemAvailable:    1468848 kB
Buffers:           85544 kB
Cached:           636208 kB
MemTotal:        1844596 kB
MemFree:          775896 kB
MemAvailable:    1468688 kB
Buffers:           85544 kB
Cached:           636208 kB
MemTotal:        1844596 kB
MemFree:          775000 kB
MemAvailable:    1467792 kB
Buffers:           85544 kB
Cached:           636208 kB
MemTotal:        1844596 kB
MemFree:          775984 kB
MemAvailable:    1468780 kB
Buffers:           85544 kB
Cached:           636212 kB
MemTotal:        1844596 kB
MemFree:          775000 kB
MemAvailable:    1467796 kB
Buffers:           85544 kB
Cached:           636212 kB
MemTotal:        1844596 kB
MemFree:          774744 kB
MemAvailable:    1467540 kB
Buffers:           85544 kB
Cached:           636212 kB
MemTotal:        1844596 kB
MemFree:          775968 kB
MemAvailable:    1468764 kB
Buffers:           85544 kB
Cached:           636212 kB
MemTotal:        1844596 kB
MemFree:          775432 kB
MemAvailable:    1468228 kB
Buffers:           85544 kB
Cached:           636212 kB
MemTotal:        1844596 kB
MemFree:          775432 kB
MemAvailable:    1468228 kB
Buffers:           85544 kB
Cached:           636212 kB
MemTotal:        1844596 kB
MemFree:          774236 kB
MemAvailable:    1467032 kB
Buffers:           85544 kB
Cached:           636212 kB
MemTotal:        1844596 kB
MemFree:          775528 kB
MemAvailable:    1468324 kB
Buffers:           85544 kB
Cached:           636212 kB
MemTotal:        1844596 kB
MemFree:          774752 kB
MemAvailable:    1467548 kB
Buffers:           85544 kB
Cached:           636212 kB
MemTotal:        1844596 kB
MemFree:          775480 kB
MemAvailable:    1468276 kB
Buffers:           85544 kB
Cached:           636212 kB
MemTotal:        1844596 kB
MemFree:          774208 kB
MemAvailable:    1467004 kB
Buffers:           85544 kB
Cached:           636212 kB
MemTotal:        1844596 kB
MemFree:          774704 kB
MemAvailable:    1467500 kB
Buffers:           85544 kB
Cached:           636212 kB
MemTotal:        1844596 kB
MemFree:          774372 kB
MemAvailable:    1467168 kB
Buffers:           85544 kB
Cached:           636212 kB
MemTotal:        1844596 kB
MemFree:          774372 kB
MemAvailable:    1467168 kB
Buffers:           85544 kB
Cached:           636212 kB
MemTotal:        1844596 kB
MemFree:          775252 kB
MemAvailable:    1468048 kB
Buffers:           85544 kB
Cached:           636212 kB
MemTotal:        1844596 kB
MemFree:          775540 kB
MemAvailable:    1468336 kB
Buffers:           85544 kB
Cached:           636212 kB
MemTotal:        1844596 kB
MemFree:          775300 kB
MemAvailable:    1468096 kB
Buffers:           85544 kB
Cached:           636212 kB
MemTotal:        1844596 kB
MemFree:          775552 kB
MemAvailable:    1468348 kB
Buffers:           85544 kB
Cached:           636212 kB
MemTotal:        1844596 kB
MemFree:          775356 kB
MemAvailable:    1468152 kB
Buffers:           85544 kB
Cached:           636212 kB
MemTotal:        1844596 kB
MemFree:          775372 kB
MemAvailable:    1468168 kB
Buffers:           85544 kB
Cached:           636212 kB
MemTotal:        1844596 kB
MemFree:          770776 kB
MemAvailable:    1463572 kB
Buffers:           85544 kB
Cached:           636212 kB
MemTotal:        1844596 kB
MemFree:          766312 kB
MemAvailable:    1459108 kB
Buffers:           85544 kB
Cached:           636212 kB
MemTotal:        1844596 kB
MemFree:          763452 kB
MemAvailable:    1456248 kB
Buffers:           85544 kB
Cached:           636212 kB
MemTotal:        1844596 kB
MemFree:          763452 kB
MemAvailable:    1456248 kB
Buffers:           85544 kB
Cached:           636212 kB
MemTotal:        1844596 kB
MemFree:          762964 kB
MemAvailable:    1455760 kB
Buffers:           85544 kB
Cached:           636212 kB
MemTotal:        1844596 kB
MemFree:          762832 kB
MemAvailable:    1455628 kB
Buffers:           85544 kB
Cached:           636212 kB
MemTotal:        1844596 kB
MemFree:          762964 kB
MemAvailable:    1455760 kB
Buffers:           85544 kB
Cached:           636212 kB
MemTotal:        1844596 kB
MemFree:          762344 kB
MemAvailable:    1455140 kB
Buffers:           85544 kB
Cached:           636212 kB
MemTotal:        1844596 kB
MemFree:          763088 kB
MemAvailable:    1455884 kB
Buffers:           85544 kB
Cached:           636212 kB
MemTotal:        1844596 kB
MemFree:          762468 kB
MemAvailable:    1455264 kB
Buffers:           85544 kB
Cached:           636212 kB
MemTotal:        1844596 kB
MemFree:          761112 kB
MemAvailable:    1453908 kB
Buffers:           85544 kB
Cached:           636212 kB
MemTotal:        1844596 kB
MemFree:          760228 kB
MemAvailable:    1453028 kB
Buffers:           85544 kB
Cached:           636216 kB
MemTotal:        1844596 kB
MemFree:          761212 kB
MemAvailable:    1454012 kB
Buffers:           85544 kB
Cached:           636216 kB
MemTotal:        1844596 kB
MemFree:          758988 kB
MemAvailable:    1451788 kB
Buffers:           85544 kB
Cached:           636216 kB
MemTotal:        1844596 kB
MemFree:          759072 kB
MemAvailable:    1451872 kB
Buffers:           85544 kB
Cached:           636216 kB
MemTotal:        1844596 kB
MemFree:          759196 kB
MemAvailable:    1451996 kB
Buffers:           85544 kB
Cached:           636216 kB
MemTotal:        1844596 kB
MemFree:          760176 kB
MemAvailable:    1452976 kB
Buffers:           85544 kB
Cached:           636216 kB
MemTotal:        1844596 kB
MemFree:          760512 kB
MemAvailable:    1453312 kB
Buffers:           85544 kB
Cached:           636216 kB
MemTotal:        1844596 kB
MemFree:          760296 kB
MemAvailable:    1453096 kB
Buffers:           85544 kB
Cached:           636216 kB
MemTotal:        1844596 kB
MemFree:          760548 kB
MemAvailable:    1453348 kB
Buffers:           85544 kB
Cached:           636216 kB
MemTotal:        1844596 kB
MemFree:          759072 kB
MemAvailable:    1451872 kB
Buffers:           85544 kB
Cached:           636216 kB
MemTotal:        1844596 kB
MemFree:          760352 kB
MemAvailable:    1453152 kB
Buffers:           85544 kB
Cached:           636216 kB
MemTotal:        1844596 kB
MemFree:          760604 kB
MemAvailable:    1453404 kB
Buffers:           85544 kB
Cached:           636216 kB
MemTotal:        1844596 kB
MemFree:          760312 kB
MemAvailable:    1453112 kB
Buffers:           85544 kB
Cached:           636216 kB
MemTotal:        1844596 kB
MemFree:          760348 kB
MemAvailable:    1453148 kB
Buffers:           85544 kB
Cached:           636216 kB
MemTotal:        1844596 kB
MemFree:          760044 kB
MemAvailable:    1452844 kB
Buffers:           85544 kB
Cached:           636216 kB
MemTotal:        1844596 kB
MemFree:          759872 kB
MemAvailable:    1452672 kB
Buffers:           85544 kB
Cached:           636216 kB
MemTotal:        1844596 kB
MemFree:          759608 kB
MemAvailable:    1452408 kB
Buffers:           85544 kB
Cached:           636216 kB
MemTotal:        1844596 kB
MemFree:          758476 kB
MemAvailable:    1451276 kB
Buffers:           85544 kB
Cached:           636216 kB
MemTotal:        1844596 kB
MemFree:          757252 kB
MemAvailable:    1450052 kB
Buffers:           85544 kB
Cached:           636216 kB
MemTotal:        1844596 kB
MemFree:          756992 kB
MemAvailable:    1449792 kB
Buffers:           85544 kB
Cached:           636216 kB
MemTotal:        1844596 kB
MemFree:          758284 kB
MemAvailable:    1451084 kB
Buffers:           85544 kB
Cached:           636216 kB
MemTotal:        1844596 kB
MemFree:          758412 kB
MemAvailable:    1451212 kB
Buffers:           85544 kB
Cached:           636216 kB
MemTotal:        1844596 kB
MemFree:          756632 kB
MemAvailable:    1449432 kB
Buffers:           85544 kB
Cached:           636216 kB
MemTotal:        1844596 kB
MemFree:          757356 kB
MemAvailable:    1450156 kB
Buffers:           85544 kB
Cached:           636216 kB
MemTotal:        1844596 kB
MemFree:          757612 kB
MemAvailable:    1450412 kB
Buffers:           85544 kB
Cached:           636216 kB
MemTotal:        1844596 kB
MemFree:          757112 kB
MemAvailable:    1449912 kB
Buffers:           85544 kB
Cached:           636216 kB
MemTotal:        1844596 kB
MemFree:          757112 kB
MemAvailable:    1449912 kB
Buffers:           85544 kB
Cached:           636216 kB
MemTotal:        1844596 kB
MemFree:          756728 kB
MemAvailable:    1449528 kB
Buffers:           85544 kB
Cached:           636216 kB
MemTotal:        1844596 kB
MemFree:          756384 kB
MemAvailable:    1449184 kB
Buffers:           85544 kB
Cached:           636216 kB
MemTotal:        1844596 kB
MemFree:          755136 kB
MemAvailable:    1447936 kB
Buffers:           85544 kB
Cached:           636216 kB
MemTotal:        1844596 kB
MemFree:          756436 kB
MemAvailable:    1449236 kB
Buffers:           85544 kB
Cached:           636216 kB
MemTotal:        1844596 kB
MemFree:          755136 kB
MemAvailable:    1447936 kB
Buffers:           85544 kB
Cached:           636216 kB
MemTotal:        1844596 kB
MemFree:          755004 kB
MemAvailable:    1447804 kB
Buffers:           85544 kB
Cached:           636216 kB
MemTotal:        1844596 kB
MemFree:          755004 kB
MemAvailable:    1447804 kB
Buffers:           85544 kB
Cached:           636216 kB
MemTotal:        1844596 kB
MemFree:          756240 kB
MemAvailable:    1449040 kB
Buffers:           85544 kB
Cached:           636216 kB
MemTotal:        1844596 kB
MemFree:          756096 kB
MemAvailable:    1448896 kB
Buffers:           85544 kB
Cached:           636216 kB
MemTotal:        1844596 kB
MemFree:          756348 kB
MemAvailable:    1449148 kB
Buffers:           85544 kB
Cached:           636216 kB
MemTotal:        1844596 kB
MemFree:          754876 kB
MemAvailable:    1447676 kB
Buffers:           85544 kB
Cached:           636216 kB
MemTotal:        1844596 kB
MemFree:          755008 kB
MemAvailable:    1447808 kB
Buffers:           85544 kB
Cached:           636216 kB
MemTotal:        1844596 kB
MemFree:          755132 kB
MemAvailable:    1447932 kB
Buffers:           85544 kB
Cached:           636216 kB
MemTotal:        1844596 kB
MemFree:          756364 kB
MemAvailable:    1449164 kB
Buffers:           85544 kB
Cached:           636216 kB
MemTotal:        1844596 kB
MemFree:          755984 kB
MemAvailable:    1448784 kB
Buffers:           85544 kB
Cached:           636216 kB
MemTotal:        1844596 kB
MemFree:          755648 kB
MemAvailable:    1448448 kB
Buffers:           85544 kB
Cached:           636216 kB
MemTotal:        1844596 kB
MemFree:          755700 kB
MemAvailable:    1448500 kB
Buffers:           85544 kB
Cached:           636216 kB
MemTotal:        1844596 kB
MemFree:          756036 kB
MemAvailable:    1448836 kB
Buffers:           85544 kB
Cached:           636216 kB
MemTotal:        1844596 kB
MemFree:          755828 kB
MemAvailable:    1448628 kB
Buffers:           85544 kB
Cached:           636216 kB
MemTotal:        1844596 kB
MemFree:          755828 kB
MemAvailable:    1448628 kB
Buffers:           85544 kB
Cached:           636216 kB
MemTotal:        1844596 kB
MemFree:          755700 kB
MemAvailable:    1448500 kB
Buffers:           85544 kB
Cached:           636216 kB
MemTotal:        1844596 kB
MemFree:          756036 kB
MemAvailable:    1448836 kB
Buffers:           85544 kB
Cached:           636216 kB
MemTotal:        1844596 kB
MemFree:          754468 kB
MemAvailable:    1447268 kB
Buffers:           85544 kB
Cached:           636216 kB
MemTotal:        1844596 kB
MemFree:          754760 kB
MemAvailable:    1447560 kB
Buffers:           85544 kB
Cached:           636216 kB
MemTotal:        1844596 kB
MemFree:          756012 kB
MemAvailable:    1448816 kB
Buffers:           85544 kB
Cached:           636220 kB
MemTotal:        1844596 kB
MemFree:          755700 kB
MemAvailable:    1448504 kB
Buffers:           85544 kB
Cached:           636220 kB
MemTotal:        1844596 kB
MemFree:          756036 kB
MemAvailable:    1448840 kB
Buffers:           85544 kB
Cached:           636220 kB
MemTotal:        1844596 kB
MemFree:          755876 kB
MemAvailable:    1448684 kB
Buffers:           85544 kB
Cached:           636224 kB
MemTotal:        1844596 kB
MemFree:          753788 kB
MemAvailable:    1446596 kB
Buffers:           85544 kB
Cached:           636224 kB
MemTotal:        1844596 kB
MemFree:          754632 kB
MemAvailable:    1447440 kB
Buffers:           85544 kB
Cached:           636224 kB
MemTotal:        1844596 kB
MemFree:          754968 kB
MemAvailable:    1447776 kB
Buffers:           85544 kB
Cached:           636224 kB
MemTotal:        1844596 kB
MemFree:          753648 kB
MemAvailable:    1446456 kB
Buffers:           85544 kB
Cached:           636224 kB
MemTotal:        1844596 kB
MemFree:          753732 kB
MemAvailable:    1446540 kB
Buffers:           85544 kB
Cached:           636224 kB
MemTotal:        1844596 kB
MemFree:          751796 kB
MemAvailable:    1444604 kB
Buffers:           85544 kB
Cached:           636224 kB
MemTotal:        1844596 kB
MemFree:          749564 kB
MemAvailable:    1442372 kB
Buffers:           85544 kB
Cached:           636224 kB
MemTotal:        1844596 kB
MemFree:          747208 kB
MemAvailable:    1440016 kB
Buffers:           85544 kB
Cached:           636224 kB
MemTotal:        1844596 kB
MemFree:          746136 kB
MemAvailable:    1438944 kB
Buffers:           85544 kB
Cached:           636224 kB
MemTotal:        1844596 kB
MemFree:          743372 kB
MemAvailable:    1436180 kB
Buffers:           85544 kB
Cached:           636224 kB
MemTotal:        1844596 kB
MemFree:          742168 kB
MemAvailable:    1434976 kB
Buffers:           85544 kB
Cached:           636224 kB
MemTotal:        1844596 kB
MemFree:          737784 kB
MemAvailable:    1430592 kB
Buffers:           85544 kB
Cached:           636224 kB
MemTotal:        1844596 kB
MemFree:          737952 kB
MemAvailable:    1430760 kB
Buffers:           85544 kB
Cached:           636224 kB
MemTotal:        1844596 kB
MemFree:          736668 kB
MemAvailable:    1429476 kB
Buffers:           85544 kB
Cached:           636224 kB
MemTotal:        1844596 kB
MemFree:          737364 kB
MemAvailable:    1430172 kB
Buffers:           85544 kB
Cached:           636224 kB
MemTotal:        1844596 kB
MemFree:          737700 kB
MemAvailable:    1430508 kB
Buffers:           85544 kB
Cached:           636224 kB
MemTotal:        1844596 kB
MemFree:          737404 kB
MemAvailable:    1430212 kB
Buffers:           85544 kB
Cached:           636224 kB
MemTotal:        1844596 kB
MemFree:          737488 kB
MemAvailable:    1430296 kB
Buffers:           85544 kB
Cached:           636224 kB
MemTotal:        1844596 kB
MemFree:          735868 kB
MemAvailable:    1428676 kB
Buffers:           85544 kB
Cached:           636224 kB
MemTotal:        1844596 kB
MemFree:          737240 kB
MemAvailable:    1430048 kB
Buffers:           85544 kB
Cached:           636224 kB
MemTotal:        1844596 kB
MemFree:          737012 kB
MemAvailable:    1429820 kB
Buffers:           85544 kB
Cached:           636224 kB
MemTotal:        1844596 kB
MemFree:          737180 kB
MemAvailable:    1429988 kB
Buffers:           85544 kB
Cached:           636224 kB
MemTotal:        1844596 kB
MemFree:          737276 kB
MemAvailable:    1430084 kB
Buffers:           85544 kB
Cached:           636224 kB
MemTotal:        1844596 kB
MemFree:          736276 kB
MemAvailable:    1429084 kB
Buffers:           85544 kB
Cached:           636224 kB
MemTotal:        1844596 kB
MemFree:          735800 kB
MemAvailable:    1428608 kB
Buffers:           85544 kB
Cached:           636224 kB
MemTotal:        1844596 kB
MemFree:          736728 kB
MemAvailable:    1429536 kB
Buffers:           85544 kB
Cached:           636224 kB
MemTotal:        1844596 kB
MemFree:          735420 kB
MemAvailable:    1428228 kB
Buffers:           85544 kB
Cached:           636224 kB
MemTotal:        1844596 kB
MemFree:          735288 kB
MemAvailable:    1428096 kB
Buffers:           85544 kB
Cached:           636224 kB
MemTotal:        1844596 kB
MemFree:          735288 kB
MemAvailable:    1428096 kB
Buffers:           85544 kB
Cached:           636224 kB
MemTotal:        1844596 kB
MemFree:          736264 kB
MemAvailable:    1429072 kB
Buffers:           85544 kB
Cached:           636224 kB
MemTotal:        1844596 kB
MemFree:          736420 kB
MemAvailable:    1429228 kB
Buffers:           85544 kB
Cached:           636224 kB
MemTotal:        1844596 kB
MemFree:          736408 kB
MemAvailable:    1429216 kB
Buffers:           85544 kB
Cached:           636224 kB
MemTotal:        1844596 kB
MemFree:          736484 kB
MemAvailable:    1429292 kB
Buffers:           85544 kB
Cached:           636224 kB
MemTotal:        1844596 kB
MemFree:          735676 kB
MemAvailable:    1428484 kB
Buffers:           85544 kB
Cached:           636224 kB
MemTotal:        1844596 kB
MemFree:          735552 kB
MemAvailable:    1428364 kB
Buffers:           85544 kB
Cached:           636228 kB
MemTotal:        1844596 kB
MemFree:          736784 kB
MemAvailable:    1429596 kB
Buffers:           85544 kB
Cached:           636228 kB
MemTotal:        1844596 kB
MemFree:          736536 kB
MemAvailable:    1429348 kB
Buffers:           85544 kB
Cached:           636228 kB
MemTotal:        1844596 kB
MemFree:          735164 kB
MemAvailable:    1427976 kB
Buffers:           85544 kB
Cached:           636228 kB
MemTotal:        1844596 kB
MemFree:          736464 kB
MemAvailable:    1429276 kB
Buffers:           85544 kB
Cached:           636228 kB
MemTotal:        1844596 kB
MemFree:          735288 kB
MemAvailable:    1428100 kB
Buffers:           85544 kB
Cached:           636228 kB
MemTotal:        1844596 kB
MemFree:          736512 kB
MemAvailable:    1429324 kB
Buffers:           85544 kB
Cached:           636228 kB
MemTotal:        1844596 kB
MemFree:          736324 kB
MemAvailable:    1429136 kB
Buffers:           85544 kB
Cached:           636228 kB
MemTotal:        1844596 kB
MemFree:          736456 kB
MemAvailable:    1429268 kB
Buffers:           85544 kB
Cached:           636228 kB
MemTotal:        1844596 kB
MemFree:          735024 kB
MemAvailable:    1427836 kB
Buffers:           85544 kB
Cached:           636228 kB
MemTotal:        1844596 kB
MemFree:          735984 kB
MemAvailable:    1428796 kB
Buffers:           85544 kB
Cached:           636228 kB
MemTotal:        1844596 kB
MemFree:          732908 kB
MemAvailable:    1425720 kB
Buffers:           85544 kB
Cached:           636228 kB
MemTotal:        1844596 kB
MemFree:          730604 kB
MemAvailable:    1423416 kB
Buffers:           85544 kB
Cached:           636228 kB
MemTotal:        1844596 kB
MemFree:          728244 kB
MemAvailable:    1421056 kB
Buffers:           85544 kB
Cached:           636228 kB
MemTotal:        1844596 kB
MemFree:          724624 kB
MemAvailable:    1417436 kB
Buffers:           85544 kB
Cached:           636228 kB
MemTotal:        1844596 kB
MemFree:          724624 kB
MemAvailable:    1417436 kB
Buffers:           85544 kB
Cached:           636228 kB
MemTotal:        1844596 kB
MemFree:          720112 kB
MemAvailable:    1412924 kB
Buffers:           85544 kB
Cached:           636228 kB
MemTotal:        1844596 kB
MemFree:          719184 kB
MemAvailable:    1411996 kB
Buffers:           85544 kB
Cached:           636228 kB
MemTotal:        1844596 kB
MemFree:          717200 kB
MemAvailable:    1410012 kB
Buffers:           85544 kB
Cached:           636228 kB
MemTotal:        1844596 kB
MemFree:          717324 kB
MemAvailable:    1410136 kB
Buffers:           85544 kB
Cached:           636228 kB
MemTotal:        1844596 kB
MemFree:          718376 kB
MemAvailable:    1411188 kB
Buffers:           85544 kB
Cached:           636228 kB
MemTotal:        1844596 kB
MemFree:          717664 kB
MemAvailable:    1410560 kB
Buffers:           85544 kB
Cached:           636228 kB
MemTotal:        1844596 kB
MemFree:          717068 kB
MemAvailable:    1409880 kB
Buffers:           85544 kB
Cached:           636228 kB
MemTotal:        1844596 kB
MemFree:          718372 kB
MemAvailable:    1411184 kB
Buffers:           85544 kB
Cached:           636228 kB
MemTotal:        1844596 kB
MemFree:          716772 kB
MemAvailable:    1409584 kB
Buffers:           85544 kB
Cached:           636228 kB
MemTotal:        1844596 kB
MemFree:          716764 kB
MemAvailable:    1409576 kB
Buffers:           85544 kB
Cached:           636228 kB
MemTotal:        1844596 kB
MemFree:          718196 kB
MemAvailable:    1411008 kB
Buffers:           85544 kB
Cached:           636228 kB
MemTotal:        1844596 kB
MemFree:          718196 kB
MemAvailable:    1411008 kB
Buffers:           85544 kB
Cached:           636228 kB
MemTotal:        1844596 kB
MemFree:          718232 kB
MemAvailable:    1411044 kB
Buffers:           85544 kB
Cached:           636228 kB
MemTotal:        1844596 kB
MemFree:          717200 kB
MemAvailable:    1410012 kB
Buffers:           85544 kB
Cached:           636228 kB
MemTotal:        1844596 kB
MemFree:          717896 kB
MemAvailable:    1410708 kB
Buffers:           85544 kB
Cached:           636228 kB
MemTotal:        1844596 kB
MemFree:          718232 kB
MemAvailable:    1411044 kB
Buffers:           85544 kB
Cached:           636228 kB
MemTotal:        1844596 kB
MemFree:          718148 kB
MemAvailable:    1410960 kB
Buffers:           85544 kB
Cached:           636228 kB
MemTotal:        1844596 kB
MemFree:          718372 kB
MemAvailable:    1411184 kB
Buffers:           85544 kB
Cached:           636228 kB
MemTotal:        1844596 kB
MemFree:          716764 kB
MemAvailable:    1409576 kB
Buffers:           85544 kB
Cached:           636228 kB
MemTotal:        1844596 kB
MemFree:          718264 kB
MemAvailable:    1411076 kB
Buffers:           85544 kB
Cached:           636228 kB
MemTotal:        1844596 kB
MemFree:          717456 kB
MemAvailable:    1410268 kB
Buffers:           85544 kB
Cached:           636228 kB
MemTotal:        1844596 kB
MemFree:          718152 kB
MemAvailable:    1410968 kB
Buffers:           85544 kB
Cached:           636232 kB
MemTotal:        1844596 kB
MemFree:          717028 kB
MemAvailable:    1409844 kB
Buffers:           85544 kB
Cached:           636232 kB
MemTotal:        1844596 kB
MemFree:          716952 kB
MemAvailable:    1409768 kB
Buffers:           85544 kB
Cached:           636232 kB
MemTotal:        1844596 kB
MemFree:          716952 kB
MemAvailable:    1409768 kB
Buffers:           85544 kB
Cached:           636232 kB
MemTotal:        1844596 kB
MemFree:          718012 kB
MemAvailable:    1410828 kB
Buffers:           85544 kB
Cached:           636232 kB
MemTotal:        1844596 kB
MemFree:          718096 kB
MemAvailable:    1410912 kB
Buffers:           85544 kB
Cached:           636232 kB
MemTotal:        1844596 kB
MemFree:          717680 kB
MemAvailable:    1410496 kB
Buffers:           85544 kB
Cached:           636232 kB
MemTotal:        1844596 kB
MemFree:          717148 kB
MemAvailable:    1409964 kB
Buffers:           85544 kB
Cached:           636232 kB
MemTotal:        1844596 kB
MemFree:          717928 kB
MemAvailable:    1410744 kB
Buffers:           85544 kB
Cached:           636232 kB
MemTotal:        1844596 kB
MemFree:          718264 kB
MemAvailable:    1411080 kB
Buffers:           85544 kB
Cached:           636232 kB
MemTotal:        1844596 kB
MemFree:          716944 kB
MemAvailable:    1409760 kB
Buffers:           85544 kB
Cached:           636232 kB
MemTotal:        1844596 kB
MemFree:          717028 kB
MemAvailable:    1409844 kB
Buffers:           85544 kB
Cached:           636232 kB
MemTotal:        1844596 kB
MemFree:          716904 kB
MemAvailable:    1409720 kB
Buffers:           85544 kB
Cached:           636232 kB
MemTotal:        1844596 kB
MemFree:          717928 kB
MemAvailable:    1410744 kB
Buffers:           85544 kB
Cached:           636232 kB
MemTotal:        1844596 kB
MemFree:          717820 kB
MemAvailable:    1410636 kB
Buffers:           85544 kB
Cached:           636232 kB
MemTotal:        1844596 kB
MemFree:          718116 kB
MemAvailable:    1410932 kB
Buffers:           85544 kB
Cached:           636232 kB
MemTotal:        1844596 kB
MemFree:          718300 kB
MemAvailable:    1411116 kB
Buffers:           85544 kB
Cached:           636232 kB
MemTotal:        1844596 kB
MemFree:          716960 kB
MemAvailable:    1409776 kB
Buffers:           85544 kB
Cached:           636232 kB
MemTotal:        1844596 kB
MemFree:          709248 kB
MemAvailable:    1402064 kB
Buffers:           85544 kB
Cached:           636232 kB
MemTotal:        1844596 kB
MemFree:          708892 kB
MemAvailable:    1401708 kB
Buffers:           85544 kB
Cached:           636232 kB
MemTotal:        1844596 kB
MemFree:          704048 kB
MemAvailable:    1396864 kB
Buffers:           85544 kB
Cached:           636232 kB
MemTotal:        1844596 kB
MemFree:          699716 kB
MemAvailable:    1392532 kB
Buffers:           85544 kB
Cached:           636232 kB
MemTotal:        1844596 kB
MemFree:          701008 kB
MemAvailable:    1393824 kB
Buffers:           85544 kB
Cached:           636232 kB
MemTotal:        1844596 kB
MemFree:          701080 kB
MemAvailable:    1393896 kB
Buffers:           85544 kB
Cached:           636232 kB
MemTotal:        1844596 kB
MemFree:          700204 kB
MemAvailable:    1393020 kB
Buffers:           85544 kB
Cached:           636232 kB
MemTotal:        1844596 kB
MemFree:          698452 kB
MemAvailable:    1391268 kB
Buffers:           85544 kB
Cached:           636232 kB
MemTotal:        1844596 kB
MemFree:          698412 kB
MemAvailable:    1391228 kB
Buffers:           85544 kB
Cached:           636232 kB
MemTotal:        1844596 kB
MemFree:          698580 kB
MemAvailable:    1391396 kB
Buffers:           85544 kB
Cached:           636232 kB
MemTotal:        1844596 kB
MemFree:          699772 kB
MemAvailable:    1392588 kB
Buffers:           85544 kB
Cached:           636232 kB
MemTotal:        1844596 kB
MemFree:          698724 kB
MemAvailable:    1391540 kB
Buffers:           85544 kB
Cached:           636232 kB
MemTotal:        1844596 kB
MemFree:          699644 kB
MemAvailable:    1392464 kB
Buffers:           85544 kB
Cached:           636236 kB
MemTotal:        1844596 kB
MemFree:          699328 kB
MemAvailable:    1392148 kB
Buffers:           85544 kB
Cached:           636236 kB
MemTotal:        1844596 kB
MemFree:          698484 kB
MemAvailable:    1391304 kB
Buffers:           85544 kB
Cached:           636236 kB
MemTotal:        1844596 kB
MemFree:          697848 kB
MemAvailable:    1390668 kB
Buffers:           85544 kB
Cached:           636236 kB
MemTotal:        1844596 kB
MemFree:          699232 kB
MemAvailable:    1392052 kB
Buffers:           85544 kB
Cached:           636236 kB
MemTotal:        1844596 kB
MemFree:          697924 kB
MemAvailable:    1390744 kB
Buffers:           85544 kB
Cached:           636236 kB
MemTotal:        1844596 kB
MemFree:          697608 kB
MemAvailable:    1390428 kB
Buffers:           85544 kB
Cached:           636236 kB
MemTotal:        1844596 kB
MemFree:          697344 kB
MemAvailable:    1390164 kB
Buffers:           85544 kB
Cached:           636236 kB
MemTotal:        1844596 kB
MemFree:          696864 kB
MemAvailable:    1389684 kB
Buffers:           85544 kB
Cached:           636236 kB
MemTotal:        1844596 kB
MemFree:          697104 kB
MemAvailable:    1389924 kB
Buffers:           85544 kB
Cached:           636236 kB
MemTotal:        1844596 kB
MemFree:          696128 kB
MemAvailable:    1388948 kB
Buffers:           85544 kB
Cached:           636236 kB
MemTotal:        1844596 kB
MemFree:          696732 kB
MemAvailable:    1389552 kB
Buffers:           85544 kB
Cached:           636236 kB
MemTotal:        1844596 kB
MemFree:          695632 kB
MemAvailable:    1388452 kB
Buffers:           85544 kB
Cached:           636236 kB
MemTotal:        1844596 kB
MemFree:          695484 kB
MemAvailable:    1388304 kB
Buffers:           85544 kB
Cached:           636236 kB
MemTotal:        1844596 kB
MemFree:          695696 kB
MemAvailable:    1388516 kB
Buffers:           85544 kB
Cached:           636236 kB
MemTotal:        1844596 kB
MemFree:          694012 kB
MemAvailable:    1386832 kB
Buffers:           85544 kB
Cached:           636236 kB
MemTotal:        1844596 kB
MemFree:          693632 kB
MemAvailable:    1386452 kB
Buffers:           85544 kB
Cached:           636236 kB
MemTotal:        1844596 kB
MemFree:          693524 kB
MemAvailable:    1386344 kB
Buffers:           85544 kB
Cached:           636236 kB
MemTotal:        1844596 kB
MemFree:          693520 kB
MemAvailable:    1386340 kB
Buffers:           85544 kB
Cached:           636236 kB
MemTotal:        1844596 kB
MemFree:          692388 kB
MemAvailable:    1385208 kB
Buffers:           85544 kB
Cached:           636236 kB
MemTotal:        1844596 kB
MemFree:          692388 kB
MemAvailable:    1385208 kB
Buffers:           85544 kB
Cached:           636236 kB
MemTotal:        1844596 kB
MemFree:          693680 kB
MemAvailable:    1386500 kB
Buffers:           85544 kB
Cached:           636236 kB
MemTotal:        1844596 kB
MemFree:          692780 kB
MemAvailable:    1385600 kB
Buffers:           85544 kB
Cached:           636236 kB
MemTotal:        1844596 kB
MemFree:          693640 kB
MemAvailable:    1386460 kB
Buffers:           85544 kB
Cached:           636236 kB
MemTotal:        1844596 kB
MemFree:          692648 kB
MemAvailable:    1385468 kB
Buffers:           85544 kB
Cached:           636236 kB
MemTotal:        1844596 kB
MemFree:          692144 kB
MemAvailable:    1384964 kB
Buffers:           85544 kB
Cached:           636236 kB
MemTotal:        1844596 kB
MemFree:          692228 kB
MemAvailable:    1385048 kB
Buffers:           85544 kB
Cached:           636236 kB
MemTotal:        1844596 kB
MemFree:          691980 kB
MemAvailable:    1384800 kB
Buffers:           85544 kB
Cached:           636236 kB
MemTotal:        1844596 kB
MemFree:          690720 kB
MemAvailable:    1383540 kB
Buffers:           85544 kB
Cached:           636236 kB
MemTotal:        1844596 kB
MemFree:          692092 kB
MemAvailable:    1384912 kB
Buffers:           85544 kB
Cached:           636236 kB
MemTotal:        1844596 kB
MemFree:          692200 kB
MemAvailable:    1385020 kB
Buffers:           85544 kB
Cached:           636236 kB
MemTotal:        1844596 kB
MemFree:          690616 kB
MemAvailable:    1383436 kB
Buffers:           85544 kB
Cached:           636236 kB
MemTotal:        1844596 kB
MemFree:          690740 kB
MemAvailable:    1383560 kB
Buffers:           85548 kB
Cached:           636232 kB
MemTotal:        1844596 kB
MemFree:          690600 kB
MemAvailable:    1383420 kB
Buffers:           85548 kB
Cached:           636232 kB
MemTotal:        1844596 kB
MemFree:          691036 kB
MemAvailable:    1383856 kB
Buffers:           85548 kB
Cached:           636232 kB
MemTotal:        1844596 kB
MemFree:          690700 kB
MemAvailable:    1383520 kB
Buffers:           85548 kB
Cached:           636232 kB
MemTotal:        1844596 kB
MemFree:          690664 kB
MemAvailable:    1383484 kB
Buffers:           85548 kB
Cached:           636232 kB
MemTotal:        1844596 kB
MemFree:          691856 kB
MemAvailable:    1384676 kB
Buffers:           85548 kB
Cached:           636232 kB
MemTotal:        1844596 kB
MemFree:          691856 kB
MemAvailable:    1384676 kB
Buffers:           85548 kB
Cached:           636232 kB
MemTotal:        1844596 kB
MemFree:          690532 kB
MemAvailable:    1383352 kB
Buffers:           85548 kB
Cached:           636232 kB
MemTotal:        1844596 kB
MemFree:          690616 kB
MemAvailable:    1383436 kB
Buffers:           85548 kB
Cached:           636232 kB
MemTotal:        1844596 kB
MemFree:          691888 kB
MemAvailable:    1384708 kB
Buffers:           85548 kB
Cached:           636232 kB
MemTotal:        1844596 kB
MemFree:          691408 kB
MemAvailable:    1384228 kB
Buffers:           85548 kB
Cached:           636232 kB
MemTotal:        1844596 kB
MemFree:          690608 kB
MemAvailable:    1383428 kB
Buffers:           85548 kB
Cached:           636232 kB
MemTotal:        1844596 kB
MemFree:          690672 kB
MemAvailable:    1383504 kB
Buffers:           85548 kB
Cached:           636244 kB
MemTotal:        1844596 kB
MemFree:          690664 kB
MemAvailable:    1383496 kB
Buffers:           85548 kB
Cached:           636244 kB
MemTotal:        1844596 kB
MemFree:          690748 kB
MemAvailable:    1383580 kB
Buffers:           85548 kB
Cached:           636244 kB
MemTotal:        1844596 kB
MemFree:          691960 kB
MemAvailable:    1384792 kB
Buffers:           85548 kB
Cached:           636244 kB
MemTotal:        1844596 kB
MemFree:          691176 kB
MemAvailable:    1384008 kB
Buffers:           85548 kB
Cached:           636244 kB
MemTotal:        1844596 kB
MemFree:          691772 kB
MemAvailable:    1384604 kB
Buffers:           85548 kB
Cached:           636244 kB
MemTotal:        1844596 kB
MemFree:          692108 kB
MemAvailable:    1384940 kB
Buffers:           85548 kB
Cached:           636244 kB
MemTotal:        1844596 kB
MemFree:          690624 kB
MemAvailable:    1383456 kB
Buffers:           85548 kB
Cached:           636244 kB
MemTotal:        1844596 kB
MemFree:          691284 kB
MemAvailable:    1384116 kB
Buffers:           85548 kB
Cached:           636244 kB
MemTotal:        1844596 kB
MemFree:          690484 kB
MemAvailable:    1383316 kB
Buffers:           85548 kB
Cached:           636244 kB
MemTotal:        1844596 kB
MemFree:          691900 kB
MemAvailable:    1384732 kB
Buffers:           85548 kB
Cached:           636244 kB
MemTotal:        1844596 kB
MemFree:          690476 kB
MemAvailable:    1383308 kB
Buffers:           85548 kB
Cached:           636244 kB
MemTotal:        1844596 kB
MemFree:          690600 kB
MemAvailable:    1383432 kB
Buffers:           85548 kB
Cached:           636244 kB
MemTotal:        1844596 kB
MemFree:          691900 kB
MemAvailable:    1384732 kB
Buffers:           85548 kB
Cached:           636244 kB
MemTotal:        1844596 kB
MemFree:          692104 kB
MemAvailable:    1384936 kB
Buffers:           85548 kB
Cached:           636244 kB
MemTotal:        1844596 kB
MemFree:          691044 kB
MemAvailable:    1383876 kB
Buffers:           85548 kB
Cached:           636244 kB
MemTotal:        1844596 kB
MemFree:          691816 kB
MemAvailable:    1384648 kB
Buffers:           85548 kB
Cached:           636244 kB
MemTotal:        1844596 kB
MemFree:          691912 kB
MemAvailable:    1384744 kB
Buffers:           85548 kB
Cached:           636244 kB
MemTotal:        1844596 kB
MemFree:          691760 kB
MemAvailable:    1384592 kB
Buffers:           85548 kB
Cached:           636244 kB
MemTotal:        1844596 kB
MemFree:          692096 kB
MemAvailable:    1384928 kB
Buffers:           85548 kB
Cached:           636244 kB
MemTotal:        1844596 kB
MemFree:          691880 kB
MemAvailable:    1384712 kB
Buffers:           85548 kB
Cached:           636244 kB
MemTotal:        1844596 kB
MemFree:          692132 kB
MemAvailable:    1384964 kB
Buffers:           85548 kB
Cached:           636244 kB
MemTotal:        1844596 kB
MemFree:          692024 kB
MemAvailable:    1384856 kB
Buffers:           85548 kB
Cached:           636244 kB
MemTotal:        1844596 kB
MemFree:          691912 kB
MemAvailable:    1384744 kB
Buffers:           85548 kB
Cached:           636244 kB
MemTotal:        1844596 kB
MemFree:          691176 kB
MemAvailable:    1384008 kB
Buffers:           85548 kB
Cached:           636244 kB
MemTotal:        1844596 kB
MemFree:          690780 kB
MemAvailable:    1383612 kB
Buffers:           85548 kB
Cached:           636244 kB
MemTotal:        1844596 kB
MemFree:          690992 kB
MemAvailable:    1383824 kB
Buffers:           85548 kB
Cached:           636244 kB
MemTotal:        1844596 kB
MemFree:          686332 kB
MemAvailable:    1379164 kB
Buffers:           85548 kB
Cached:           636244 kB
MemTotal:        1844596 kB
MemFree:          683108 kB
MemAvailable:    1375940 kB
Buffers:           85548 kB
Cached:           636244 kB
MemTotal:        1844596 kB
MemFree:          680504 kB
MemAvailable:    1373336 kB
Buffers:           85548 kB
Cached:           636244 kB
MemTotal:        1844596 kB
MemFree:          676280 kB
MemAvailable:    1369112 kB
Buffers:           85548 kB
Cached:           636244 kB
MemTotal:        1844596 kB
MemFree:          675924 kB
MemAvailable:    1368756 kB
Buffers:           85548 kB
Cached:           636244 kB
MemTotal:        1844596 kB
MemFree:          671948 kB
MemAvailable:    1364780 kB
Buffers:           85548 kB
Cached:           636244 kB
MemTotal:        1844596 kB
MemFree:          672552 kB
MemAvailable:    1365384 kB
Buffers:           85548 kB
Cached:           636244 kB
MemTotal:        1844596 kB
MemFree:          672888 kB
MemAvailable:    1365720 kB
Buffers:           85548 kB
Cached:           636244 kB
MemTotal:        1844596 kB
MemFree:          672512 kB
MemAvailable:    1365344 kB
Buffers:           85548 kB
Cached:           636244 kB
MemTotal:        1844596 kB
MemFree:          672512 kB
MemAvailable:    1365344 kB
Buffers:           85548 kB
Cached:           636244 kB
MemTotal:        1844596 kB
MemFree:          671144 kB
MemAvailable:    1363976 kB
Buffers:           85548 kB
Cached:           636244 kB
MemTotal:        1844596 kB
MemFree:          671268 kB
MemAvailable:    1364100 kB
Buffers:           85548 kB
Cached:           636244 kB
MemTotal:        1844596 kB
MemFree:          672412 kB
MemAvailable:    1365244 kB
Buffers:           85548 kB
Cached:           636244 kB
MemTotal:        1844596 kB
MemFree:          672072 kB
MemAvailable:    1364904 kB
Buffers:           85548 kB
Cached:           636244 kB
MemTotal:        1844596 kB
MemFree:          672508 kB
MemAvailable:    1365340 kB
Buffers:           85548 kB
Cached:           636244 kB
MemTotal:        1844596 kB
MemFree:          672328 kB
MemAvailable:    1365160 kB
Buffers:           85548 kB
Cached:           636244 kB
MemTotal:        1844596 kB
MemFree:          671196 kB
MemAvailable:    1364028 kB
Buffers:           85548 kB
Cached:           636244 kB
MemTotal:        1844596 kB
MemFree:          671196 kB
MemAvailable:    1364028 kB
Buffers:           85548 kB
Cached:           636244 kB
MemTotal:        1844596 kB
MemFree:          672380 kB
MemAvailable:    1365212 kB
Buffers:           85548 kB
Cached:           636244 kB
MemTotal:        1844596 kB
MemFree:          671892 kB
MemAvailable:    1364724 kB
Buffers:           85548 kB
Cached:           636244 kB
MemTotal:        1844596 kB
MemFree:          672304 kB
MemAvailable:    1365136 kB
Buffers:           85548 kB
Cached:           636244 kB
MemTotal:        1844596 kB
MemFree:          672196 kB
MemAvailable:    1365028 kB
Buffers:           85548 kB
Cached:           636244 kB
MemTotal:        1844596 kB
MemFree:          672016 kB
MemAvailable:    1364848 kB
Buffers:           85548 kB
Cached:           636244 kB
MemTotal:        1844596 kB
MemFree:          670776 kB
MemAvailable:    1363608 kB
Buffers:           85548 kB
Cached:           636244 kB
MemTotal:        1844596 kB
MemFree:          671140 kB
MemAvailable:    1363972 kB
Buffers:           85548 kB
Cached:           636244 kB
MemTotal:        1844596 kB
MemFree:          672176 kB
MemAvailable:    1365008 kB
Buffers:           85548 kB
Cached:           636244 kB
MemTotal:        1844596 kB
MemFree:          670508 kB
MemAvailable:    1363340 kB
Buffers:           85548 kB
Cached:           636244 kB
MemTotal:        1844596 kB
MemFree:          670956 kB
MemAvailable:    1363788 kB
Buffers:           85548 kB
Cached:           636244 kB
MemTotal:        1844596 kB
MemFree:          671072 kB
MemAvailable:    1363904 kB
Buffers:           85548 kB
Cached:           636244 kB
MemTotal:        1844596 kB
MemFree:          671816 kB
MemAvailable:    1364648 kB
Buffers:           85548 kB
Cached:           636244 kB
MemTotal:        1844596 kB
MemFree:          671336 kB
MemAvailable:    1364168 kB
Buffers:           85548 kB
Cached:           636244 kB
MemTotal:        1844596 kB
MemFree:          671180 kB
MemAvailable:    1364012 kB
Buffers:           85548 kB
Cached:           636244 kB
MemTotal:        1844596 kB
MemFree:          670584 kB
MemAvailable:    1363416 kB
Buffers:           85548 kB
Cached:           636244 kB
MemTotal:        1844596 kB
MemFree:          667484 kB
MemAvailable:    1360316 kB
Buffers:           85548 kB
Cached:           636244 kB
MemTotal:        1844596 kB
MemFree:          662820 kB
MemAvailable:    1355652 kB
Buffers:           85548 kB
Cached:           636244 kB
MemTotal:        1844596 kB
MemFree:          663072 kB
MemAvailable:    1355904 kB
Buffers:           85548 kB
Cached:           636244 kB
MemTotal:        1844596 kB
MemFree:          662268 kB
MemAvailable:    1355100 kB
Buffers:           85548 kB
Cached:           636244 kB
MemTotal:        1844596 kB
MemFree:          662524 kB
MemAvailable:    1355356 kB
Buffers:           85548 kB
Cached:           636244 kB
MemTotal:        1844596 kB
MemFree:          662004 kB
MemAvailable:    1354836 kB
Buffers:           85548 kB
Cached:           636244 kB
MemTotal:        1844596 kB
MemFree:          661904 kB
MemAvailable:    1354736 kB
Buffers:           85548 kB
Cached:           636244 kB
MemTotal:        1844596 kB
MemFree:          662068 kB
MemAvailable:    1354900 kB
Buffers:           85548 kB
Cached:           636244 kB
MemTotal:        1844596 kB
MemFree:          660276 kB
MemAvailable:    1353108 kB
Buffers:           85548 kB
Cached:           636244 kB
MemTotal:        1844596 kB
MemFree:          660276 kB
MemAvailable:    1353108 kB
Buffers:           85548 kB
Cached:           636244 kB
MemTotal:        1844596 kB
MemFree:          659424 kB
MemAvailable:    1352256 kB
Buffers:           85548 kB
Cached:           636244 kB
MemTotal:        1844596 kB
MemFree:          658424 kB
MemAvailable:    1351256 kB
Buffers:           85548 kB
Cached:           636244 kB
MemTotal:        1844596 kB
MemFree:          658052 kB
MemAvailable:    1350884 kB
Buffers:           85548 kB
Cached:           636244 kB
MemTotal:        1844596 kB
MemFree:          658176 kB
MemAvailable:    1351092 kB
Buffers:           85548 kB
Cached:           636368 kB
MemTotal:        1844596 kB
MemFree:          659116 kB
MemAvailable:    1352244 kB
Buffers:           85548 kB
Cached:           636584 kB
MemTotal:        1844596 kB
MemFree:          657812 kB
MemAvailable:    1350944 kB
Buffers:           85548 kB
Cached:           636588 kB
MemTotal:        1844596 kB
MemFree:          658608 kB
MemAvailable:    1351824 kB
Buffers:           85548 kB
Cached:           636712 kB
MemTotal:        1844596 kB
MemFree:          658432 kB
MemAvailable:    1351648 kB
Buffers:           85548 kB
Cached:           636712 kB
MemTotal:        1844596 kB
MemFree:          657384 kB
MemAvailable:    1350684 kB
Buffers:           85548 kB
Cached:           636836 kB
MemTotal:        1844596 kB
MemFree:          658484 kB
MemAvailable:    1351868 kB
Buffers:           85548 kB
Cached:           636836 kB
MemTotal:        1844596 kB
MemFree:          658432 kB
MemAvailable:    1351816 kB
Buffers:           85548 kB
Cached:           636836 kB
MemTotal:        1844596 kB
MemFree:          658544 kB
MemAvailable:    1352012 kB
Buffers:           85548 kB
Cached:           636836 kB
MemTotal:        1844596 kB
MemFree:          658168 kB
MemAvailable:    1351636 kB
Buffers:           85548 kB
Cached:           636836 kB
MemTotal:        1844596 kB
MemFree:          657428 kB
MemAvailable:    1350896 kB
Buffers:           85548 kB
Cached:           636836 kB
MemTotal:        1844596 kB
MemFree:          658468 kB
MemAvailable:    1351936 kB
Buffers:           85548 kB
Cached:           636836 kB
MemTotal:        1844596 kB
MemFree:          658640 kB
MemAvailable:    1352108 kB
Buffers:           85548 kB
Cached:           636836 kB
MemTotal:        1844596 kB
MemFree:          658416 kB
MemAvailable:    1351884 kB
Buffers:           85548 kB
Cached:           636836 kB
MemTotal:        1844596 kB
MemFree:          658184 kB
MemAvailable:    1351652 kB
Buffers:           85548 kB
Cached:           636836 kB
MemTotal:        1844596 kB
MemFree:          657136 kB
MemAvailable:    1350688 kB
Buffers:           85548 kB
Cached:           636960 kB
MemTotal:        1844596 kB
MemFree:          657104 kB
MemAvailable:    1349984 kB
Buffers:           85548 kB
Cached:           636244 kB
MemTotal:        1844596 kB
MemFree:          659264 kB
MemAvailable:    1352144 kB
Buffers:           85548 kB
Cached:           636244 kB
MemTotal:        1844596 kB
MemFree:          839432 kB
MemAvailable:    1532336 kB
Buffers:           85548 kB
Cached:           636312 kB
