MemTotal:        1844596 kB
MemFree:          294824 kB
MemAvailable:    1546412 kB
Buffers:           93672 kB
Cached:          1185196 kB
MemTotal:        1844596 kB
MemFree:          268304 kB
MemAvailable:    1519896 kB
Buffers:           93672 kB
Cached:          1185200 kB
MemTotal:        1844596 kB
MemFree:          265452 kB
MemAvailable:    1517044 kB
Buffers:           93672 kB
Cached:          1185200 kB
MemTotal:        1844596 kB
MemFree:          265064 kB
MemAvailable:    1516656 kB
Buffers:           93672 kB
Cached:          1185200 kB
MemTotal:        1844596 kB
MemFree:          264956 kB
MemAvailable:    1516548 kB
Buffers:           93672 kB
Cached:          1185200 kB
MemTotal:        1844596 kB
MemFree:          262724 kB
MemAvailable:    1514316 kB
Buffers:           93672 kB
Cached:          1185200 kB
MemTotal:        1844596 kB
MemFree:          263056 kB
MemAvailable:    1514652 kB
Buffers:           93672 kB
Cached:          1185200 kB
MemTotal:        1844596 kB
MemFree:          259748 kB
MemAvailable:    1511344 kB
Buffers:           93672 kB
Cached:          1185200 kB
MemTotal:        1844596 kB
MemFree:          257128 kB
MemAvailable:    1508724 kB
Buffers:           93672 kB
Cached:          1185200 kB
MemTotal:        1844596 kB
MemFree:          256896 kB
MemAvailable:    1508492 kB
Buffers:           93672 kB
Cached:          1185200 kB
MemTotal:        1844596 kB
MemFree:          252804 kB
MemAvailable:    1504400 kB
Buffers:           93672 kB
Cached:          1185200 kB
MemTotal:        1844596 kB
MemFree:          253708 kB
MemAvailable:    1505304 kB
Buffers:           93672 kB
Cached:          1185200 kB
MemTotal:        1844596 kB
MemFree:          253680 kB
MemAvailable:    1505276 kB
Buffers:           93672 kB
Cached:          1185200 kB
MemTotal:        1844596 kB
MemFree:          253780 kB
MemAvailable:    1505376 kB
Buffers:           93672 kB
Cached:          1185200 kB
MemTotal:        1844596 kB
MemFree:          253796 kB
MemAvailable:    1505392 kB
Buffers:           93672 kB
Cached:          1185200 kB
MemTotal:        1844596 kB
MemFree:          253516 kB
MemAvailable:    1505112 kB
Buffers:           93672 kB
Cached:          1185200 kB
MemTotal:        1844596 kB
MemFree:          253852 kB
MemAvailable:    1505448 kB
Buffers:           93672 kB
Cached:          1185200 kB
MemTotal:        1844596 kB
MemFree:          253484 kB
MemAvailable:    1505080 kB
Buffers:           93672 kB
Cached:          1185200 kB
MemTotal:        1844596 kB
MemFree:          253028 kB
MemAvailable:    1504624 kB
Buffers:           93672 kB
Cached:          1185200 kB
MemTotal:        1844596 kB
MemFree:          252384 kB
MemAvailable:    1503980 kB
Buffers:           93672 kB
Cached:          1185200 kB
MemTotal:        1844596 kB
MemFree:          252960 kB
MemAvailable:    1504556 kB
Buffers:           93672 kB
Cached:          1185200 kB
MemTotal:        1844596 kB
MemFree:          251876 kB
MemAvailable:    1503472 kB
Buffers:           93672 kB
Cached:          1185200 kB
MemTotal:        1844596 kB
MemFree:          252788 kB
MemAvailable:    1504384 kB
Buffers:           93672 kB
Cached:          1185200 kB
MemTotal:        1844596 kB
MemFree:          252788 kB
MemAvailable:    1504384 kB
Buffers:           93672 kB
Cached:          1185200 kB
MemTotal:        1844596 kB
MemFree:          251300 kB
MemAvailable:    1502896 kB
Buffers:           93672 kB
Cached:          1185200 kB
MemTotal:        1844596 kB
MemFree:          252476 kB
MemAvailable:    1504072 kB
Buffers:           93672 kB
Cached:          1185200 kB
MemTotal:        1844596 kB
MemFree:          251068 kB
MemAvailable:    1502664 kB
Buffers:           93672 kB
Cached:          1185200 kB
MemTotal:        1844596 kB
MemFree:          251920 kB
MemAvailable:    1503516 kB
Buffers:           93672 kB
Cached:          1185200 kB
MemTotal:        1844596 kB
MemFree:          252256 kB
MemAvailable:    1503852 kB
Buffers:           93672 kB
Cached:          1185200 kB
MemTotal:        1844596 kB
MemFree:          251276 kB
MemAvailable:    1502872 kB
Buffers:           93672 kB
Cached:          1185200 kB
MemTotal:        1844596 kB
MemFree:          249952 kB
MemAvailable:    1501548 kB
Buffers:           93672 kB
Cached:          1185200 kB
MemTotal:        1844596 kB
MemFree:          250648 kB
MemAvailable:    1502244 kB
Buffers:           93672 kB
Cached:          1185200 kB
MemTotal:        1844596 kB
MemFree:          250648 kB
MemAvailable:    1502244 kB
Buffers:           93672 kB
Cached:          1185200 kB
MemTotal:        1844596 kB
MemFree:          250700 kB
MemAvailable:    1502296 kB
Buffers:           93672 kB
Cached:          1185200 kB
MemTotal:        1844596 kB
MemFree:          250688 kB
MemAvailable:    1502284 kB
Buffers:           93672 kB
Cached:          1185200 kB
MemTotal:        1844596 kB
MemFree:          250804 kB
MemAvailable:    1502400 kB
Buffers:           93672 kB
Cached:          1185200 kB
MemTotal:        1844596 kB
MemFree:          250616 kB
MemAvailable:    1502212 kB
Buffers:           93672 kB
Cached:          1185200 kB
MemTotal:        1844596 kB
MemFree:          250944 kB
MemAvailable:    1502540 kB
Buffers:           93672 kB
Cached:          1185200 kB
MemTotal:        1844596 kB
MemFree:          250820 kB
MemAvailable:    1502416 kB
Buffers:           93672 kB
Cached:          1185200 kB
MemTotal:        1844596 kB
MemFree:          250872 kB
MemAvailable:    1502468 kB
Buffers:           93672 kB
Cached:          1185200 kB
MemTotal:        1844596 kB
MemFree:          246960 kB
MemAvailable:    1498556 kB
Buffers:           93672 kB
Cached:          1185200 kB
MemTotal:        1844596 kB
MemFree:          247296 kB
MemAvailable:    1498892 kB
Buffers:           93672 kB
Cached:          1185200 kB
MemTotal:        1844596 kB
MemFree:          246836 kB
MemAvailable:    1498432 kB
Buffers:           93672 kB
Cached:          1185200 kB
MemTotal:        1844596 kB
MemFree:          246836 kB
MemAvailable:    1498432 kB
Buffers:           93672 kB
Cached:          1185200 kB
MemTotal:        1844596 kB
MemFree:          246680 kB
MemAvailable:    1498276 kB
Buffers:           93672 kB
Cached:          1185200 kB
MemTotal:        1844596 kB
MemFree:          246608 kB
MemAvailable:    1498204 kB
Buffers:           93672 kB
Cached:          1185200 kB
MemTotal:        1844596 kB
MemFree:          246540 kB
MemAvailable:    1498136 kB
Buffers:           93672 kB
Cached:          1185200 kB
MemTotal:        1844596 kB
MemFree:          246612 kB
MemAvailable:    1498208 kB
Buffers:           93672 kB
Cached:          1185200 kB
MemTotal:        1844596 kB
MemFree:          246220 kB
MemAvailable:    1497816 kB
Buffers:           93672 kB
Cached:          1185200 kB
MemTotal:        1844596 kB
MemFree:          246472 kB
MemAvailable:    1498068 kB
Buffers:           93672 kB
Cached:          1185200 kB
MemTotal:        1844596 kB
MemFree:          245080 kB
MemAvailable:    1496676 kB
Buffers:           93672 kB
Cached:          1185200 kB
MemTotal:        1844596 kB
MemFree:          246280 kB
MemAvailable:    1497876 kB
Buffers:           93672 kB
Cached:          1185200 kB
MemTotal:        1844596 kB
MemFree:          246140 kB
MemAvailable:    1497736 kB
Buffers:           93672 kB
Cached:          1185200 kB
MemTotal:        1844596 kB
MemFree:          245736 kB
MemAvailable:    1497332 kB
Buffers:           93672 kB
Cached:          1185200 kB
MemTotal:        1844596 kB
MemFree:          246344 kB
MemAvailable:    1497940 kB
Buffers:           93672 kB
Cached:          1185200 kB
MemTotal:        1844596 kB
MemFree:          244000 kB
MemAvailable:    1495596 kB
Buffers:           93672 kB
Cached:          1185200 kB
MemTotal:        1844596 kB
MemFree:          240512 kB
MemAvailable:    1492108 kB
Buffers:           93672 kB
Cached:          1185200 kB
MemTotal:        1844596 kB
MemFree:          240156 kB
MemAvailable:    1491752 kB
Buffers:           93672 kB
Cached:          1185200 kB
MemTotal:        1844596 kB
MemFree:          240192 kB
MemAvailable:    1491788 kB
Buffers:           93672 kB
Cached:          1185200 kB
MemTotal:        1844596 kB
MemFree:          239016 kB
MemAvailable:    1490612 kB
Buffers:           93672 kB
Cached:          1185200 kB
MemTotal:        1844596 kB
MemFree:          238280 kB
MemAvailable:    1489876 kB
Buffers:           93672 kB
Cached:          1185200 kB
MemTotal:        1844596 kB
MemFree:          237800 kB
MemAvailable:    1489396 kB
Buffers:           93672 kB
Cached:          1185200 kB
MemTotal:        1844596 kB
MemFree:          237984 kB
MemAvailable:    1489580 kB
Buffers:           93672 kB
Cached:          1185200 kB
MemTotal:        1844596 kB
MemFree:          237728 kB
MemAvailable:    1489324 kB
Buffers:           93672 kB
Cached:          1185200 kB
MemTotal:        1844596 kB
MemFree:          237680 kB
MemAvailable:    1489276 kB
Buffers:           93672 kB
Cached:          1185200 kB
MemTotal:        1844596 kB
MemFree:          236416 kB
MemAvailable:    1488012 kB
Buffers:           93672 kB
Cached:          1185200 kB
MemTotal:        1844596 kB
MemFree:          237716 kB
MemAvailable:    1489312 kB
Buffers:           93672 kB
Cached:          1185200 kB
MemTotal:        1844596 kB
MemFree:          237452 kB
MemAvailable:    1489048 kB
Buffers:           93672 kB
Cached:          1185200 kB
MemTotal:        1844596 kB
MemFree:          236152 kB
MemAvailable:    1487748 kB
Buffers:           93672 kB
Cached:          1185200 kB
MemTotal:        1844596 kB
MemFree:          237428 kB
MemAvailable:    1489024 kB
Buffers:           93672 kB
Cached:          1185200 kB
MemTotal:        1844596 kB
MemFree:          237408 kB
MemAvailable:    1489004 kB
Buffers:           93672 kB
Cached:          1185200 kB
MemTotal:        1844596 kB
MemFree:          237664 kB
MemAvailable:    1489260 kB
Buffers:           93672 kB
Cached:          1185200 kB
MemTotal:        1844596 kB
MemFree:          237464 kB
MemAvailable:    1489060 kB
Buffers:           93672 kB
Cached:          1185200 kB
MemTotal:        1844596 kB
MemFree:          237476 kB
MemAvailable:    1489072 kB
Buffers:           93672 kB
Cached:          1185200 kB
MemTotal:        1844596 kB
MemFree:          237644 kB
MemAvailable:    1489240 kB
Buffers:           93672 kB
Cached:          1185200 kB
MemTotal:        1844596 kB
MemFree:          237288 kB
MemAvailable:    1488884 kB
Buffers:           93672 kB
Cached:          1185200 kB
MemTotal:        1844596 kB
MemFree:          236164 kB
MemAvailable:    1487760 kB
Buffers:           93672 kB
Cached:          1185200 kB
MemTotal:        1844596 kB
MemFree:          237216 kB
MemAvailable:    1488812 kB
Buffers:           93672 kB
Cached:          1185200 kB
MemTotal:        1844596 kB
MemFree:          237168 kB
MemAvailable:    1488764 kB
Buffers:           93672 kB
Cached:          1185200 kB
MemTotal:        1844596 kB
MemFree:          235992 kB
MemAvailable:    1487588 kB
Buffers:           93672 kB
Cached:          1185200 kB
MemTotal:        1844596 kB
MemFree:          237144 kB
MemAvailable:    1488748 kB
Buffers:           93672 kB
Cached:          1185208 kB
MemTotal:        1844596 kB
MemFree:          236064 kB
MemAvailable:    1487668 kB
Buffers:           93672 kB
Cached:          1185208 kB
MemTotal:        1844596 kB
MemFree:          233196 kB
MemAvailable:    1484800 kB
Buffers:           93672 kB
Cached:          1185208 kB
MemTotal:        1844596 kB
MemFree:          233200 kB
MemAvailable:    1484804 kB
Buffers:           93672 kB
Cached:          1185208 kB
MemTotal:        1844596 kB
MemFree:          228500 kB
MemAvailable:    1480104 kB
Buffers:           93672 kB
Cached:          1185208 kB
MemTotal:        1844596 kB
MemFree:          229304 kB
MemAvailable:    1480908 kB
Buffers:           93672 kB
Cached:          1185208 kB
MemTotal:        1844596 kB
MemFree:          228004 kB
MemAvailable:    1479608 kB
Buffers:           93672 kB
Cached:          1185208 kB
MemTotal:        1844596 kB
MemFree:          229288 kB
MemAvailable:    1480892 kB
Buffers:           93672 kB
Cached:          1185208 kB
MemTotal:        1844596 kB
MemFree:          229244 kB
MemAvailable:    1480848 kB
Buffers:           93672 kB
Cached:          1185208 kB
MemTotal:        1844596 kB
MemFree:          228832 kB
MemAvailable:    1480436 kB
Buffers:           93672 kB
Cached:          1185208 kB
MemTotal:        1844596 kB
MemFree:          227508 kB
MemAvailable:    1479112 kB
Buffers:           93672 kB
Cached:          1185208 kB
MemTotal:        1844596 kB
MemFree:          228356 kB
MemAvailable:    1479960 kB
Buffers:           93672 kB
Cached:          1185208 kB
MemTotal:        1844596 kB
MemFree:          228692 kB
MemAvailable:    1480296 kB
Buffers:           93672 kB
Cached:          1185208 kB
MemTotal:        1844596 kB
MemFree:          227116 kB
MemAvailable:    1478720 kB
Buffers:           93672 kB
Cached:          1185208 kB
MemTotal:        1844596 kB
MemFree:          227200 kB
MemAvailable:    1478804 kB
Buffers:           93672 kB
Cached:          1185208 kB
MemTotal:        1844596 kB
MemFree:          228492 kB
MemAvailable:    1480096 kB
Buffers:           93672 kB
Cached:          1185208 kB
MemTotal:        1844596 kB
MemFree:          228432 kB
MemAvailable:    1480036 kB
Buffers:           93672 kB
Cached:          1185208 kB
MemTotal:        1844596 kB
MemFree:          227236 kB
MemAvailable:    1478840 kB
Buffers:           93672 kB
Cached:          1185208 kB
MemTotal:        1844596 kB
MemFree:          228336 kB
MemAvailable:    1479940 kB
Buffers:           93672 kB
Cached:          1185208 kB
MemTotal:        1844596 kB
MemFree:          228420 kB
MemAvailable:    1480024 kB
Buffers:           93672 kB
Cached:          1185208 kB
MemTotal:        1844596 kB
MemFree:          228672 kB
MemAvailable:    1480276 kB
Buffers:           93672 kB
Cached:          1185208 kB
MemTotal:        1844596 kB
MemFree:          227240 kB
MemAvailable:    1478844 kB
Buffers:           93672 kB
Cached:          1185208 kB
MemTotal:        1844596 kB
MemFree:          227252 kB
MemAvailable:    1478856 kB
Buffers:           93672 kB
Cached:          1185208 kB
MemTotal:        1844596 kB
MemFree:          228616 kB
MemAvailable:    1480220 kB
Buffers:           93672 kB
Cached:          1185208 kB
MemTotal:        1844596 kB
MemFree:          228452 kB
MemAvailable:    1480056 kB
Buffers:           93672 kB
Cached:          1185208 kB
MemTotal:        1844596 kB
MemFree:          227072 kB
MemAvailable:    1478676 kB
Buffers:           93672 kB
Cached:          1185208 kB
MemTotal:        1844596 kB
MemFree:          228444 kB
MemAvailable:    1480048 kB
Buffers:           93672 kB
Cached:          1185208 kB
MemTotal:        1844596 kB
MemFree:          228504 kB
MemAvailable:    1480108 kB
Buffers:           93672 kB
Cached:          1185208 kB
MemTotal:        1844596 kB
MemFree:          227204 kB
MemAvailable:    1478808 kB
Buffers:           93672 kB
Cached:          1185208 kB
MemTotal:        1844596 kB
MemFree:          227740 kB
MemAvailable:    1479344 kB
Buffers:           93672 kB
Cached:          1185208 kB
MemTotal:        1844596 kB
MemFree:          227508 kB
MemAvailable:    1479112 kB
Buffers:           93672 kB
Cached:          1185208 kB
MemTotal:        1844596 kB
MemFree:          223416 kB
MemAvailable:    1475020 kB
Buffers:           93672 kB
Cached:          1185208 kB
MemTotal:        1844596 kB
MemFree:          219944 kB
MemAvailable:    1471548 kB
Buffers:           93672 kB
Cached:          1185208 kB
MemTotal:        1844596 kB
MemFree:          218456 kB
MemAvailable:    1470060 kB
Buffers:           93672 kB
Cached:          1185208 kB
MemTotal:        1844596 kB
MemFree:          218332 kB
MemAvailable:    1469936 kB
Buffers:           93672 kB
Cached:          1185208 kB
MemTotal:        1844596 kB
MemFree:          218936 kB
MemAvailable:    1470540 kB
Buffers:           93672 kB
Cached:          1185208 kB
MemTotal:        1844596 kB
MemFree:          219020 kB
MemAvailable:    1470624 kB
Buffers:           93672 kB
Cached:          1185208 kB
MemTotal:        1844596 kB
MemFree:          218332 kB
MemAvailable:    1469936 kB
Buffers:           93672 kB
Cached:          1185208 kB
MemTotal:        1844596 kB
MemFree:          216472 kB
MemAvailable:    1468076 kB
Buffers:           93672 kB
Cached:          1185208 kB
MemTotal:        1844596 kB
MemFree:          217216 kB
MemAvailable:    1468820 kB
Buffers:           93672 kB
Cached:          1185208 kB
MemTotal:        1844596 kB
MemFree:          216704 kB
MemAvailable:    1468308 kB
Buffers:           93672 kB
Cached:          1185208 kB
MemTotal:        1844596 kB
MemFree:          216844 kB
MemAvailable:    1468448 kB
Buffers:           93672 kB
Cached:          1185208 kB
MemTotal:        1844596 kB
MemFree:          215424 kB
MemAvailable:    1467028 kB
Buffers:           93672 kB
Cached:          1185208 kB
MemTotal:        1844596 kB
MemFree:          216664 kB
MemAvailable:    1468268 kB
Buffers:           93672 kB
Cached:          1185208 kB
MemTotal:        1844596 kB
MemFree:          215292 kB
MemAvailable:    1466896 kB
Buffers:           93672 kB
Cached:          1185208 kB
MemTotal:        1844596 kB
MemFree:          216644 kB
MemAvailable:    1468248 kB
Buffers:           93672 kB
Cached:          1185208 kB
MemTotal:        1844596 kB
MemFree:          216728 kB
MemAvailable:    1468332 kB
Buffers:           93672 kB
Cached:          1185208 kB
MemTotal:        1844596 kB
MemFree:          216564 kB
MemAvailable:    1468168 kB
Buffers:           93672 kB
Cached:          1185208 kB
MemTotal:        1844596 kB
MemFree:          216820 kB
MemAvailable:    1468424 kB
Buffers:           93672 kB
Cached:          1185208 kB
MemTotal:        1844596 kB
MemFree:          216576 kB
MemAvailable:    1468180 kB
Buffers:           93672 kB
Cached:          1185208 kB
MemTotal:        1844596 kB
MemFree:          215528 kB
MemAvailable:    1467132 kB
Buffers:           93672 kB
Cached:          1185208 kB
MemTotal:        1844596 kB
MemFree:          215356 kB
MemAvailable:    1466960 kB
Buffers:           93672 kB
Cached:          1185208 kB
MemTotal:        1844596 kB
MemFree:          216588 kB
MemAvailable:    1468192 kB
Buffers:           93672 kB
Cached:          1185208 kB
MemTotal:        1844596 kB
MemFree:          216728 kB
MemAvailable:    1468332 kB
Buffers:           93672 kB
Cached:          1185208 kB
MemTotal:        1844596 kB
MemFree:          216408 kB
MemAvailable:    1468012 kB
Buffers:           93672 kB
Cached:          1185208 kB
MemTotal:        1844596 kB
MemFree:          215308 kB
MemAvailable:    1466912 kB
Buffers:           93672 kB
Cached:          1185208 kB
MemTotal:        1844596 kB
MemFree:          215432 kB
MemAvailable:    1467036 kB
Buffers:           93672 kB
Cached:          1185208 kB
MemTotal:        1844596 kB
MemFree:          216732 kB
MemAvailable:    1468336 kB
Buffers:           93672 kB
Cached:          1185208 kB
MemTotal:        1844596 kB
MemFree:          215468 kB
MemAvailable:    1467072 kB
Buffers:           93672 kB
Cached:          1185208 kB
MemTotal:        1844596 kB
MemFree:          216692 kB
MemAvailable:    1468296 kB
Buffers:           93672 kB
Cached:          1185208 kB
MemTotal:        1844596 kB
MemFree:          216564 kB
MemAvailable:    1468168 kB
Buffers:           93672 kB
Cached:          1185208 kB
MemTotal:        1844596 kB
MemFree:          216792 kB
MemAvailable:    1468396 kB
Buffers:           93672 kB
Cached:          1185208 kB
MemTotal:        1844596 kB
MemFree:          216444 kB
MemAvailable:    1468048 kB
Buffers:           93672 kB
Cached:          1185208 kB
MemTotal:        1844596 kB
MemFree:          216780 kB
MemAvailable:    1468384 kB
Buffers:           93672 kB
Cached:          1185208 kB
MemTotal:        1844596 kB
MemFree:          215172 kB
MemAvailable:    1466776 kB
Buffers:           93672 kB
Cached:          1185208 kB
MemTotal:        1844596 kB
MemFree:          216640 kB
MemAvailable:    1468244 kB
Buffers:           93672 kB
Cached:          1185208 kB
MemTotal:        1844596 kB
MemFree:          215860 kB
MemAvailable:    1467464 kB
Buffers:           93672 kB
Cached:          1185208 kB
MemTotal:        1844596 kB
MemFree:          217136 kB
MemAvailable:    1468744 kB
Buffers:           93672 kB
Cached:          1185212 kB
MemTotal:        1844596 kB
MemFree:          215728 kB
MemAvailable:    1467336 kB
Buffers:           93672 kB
Cached:          1185212 kB
MemTotal:        1844596 kB
MemFree:          216968 kB
MemAvailable:    1468576 kB
Buffers:           93672 kB
Cached:          1185212 kB
MemTotal:        1844596 kB
MemFree:          215852 kB
MemAvailable:    1467460 kB
Buffers:           93672 kB
Cached:          1185212 kB
MemTotal:        1844596 kB
MemFree:          217136 kB
MemAvailable:    1468744 kB
Buffers:           93672 kB
Cached:          1185212 kB
MemTotal:        1844596 kB
MemFree:          215852 kB
MemAvailable:    1467460 kB
Buffers:           93672 kB
Cached:          1185212 kB
MemTotal:        1844596 kB
MemFree:          216904 kB
MemAvailable:    1468512 kB
Buffers:           93672 kB
Cached:          1185212 kB
MemTotal:        1844596 kB
MemFree:          215604 kB
MemAvailable:    1467212 kB
Buffers:           93672 kB
Cached:          1185212 kB
MemTotal:        1844596 kB
MemFree:          217084 kB
MemAvailable:    1468700 kB
Buffers:           93672 kB
Cached:          1185220 kB
MemTotal:        1844596 kB
MemFree:          215340 kB
MemAvailable:    1466956 kB
Buffers:           93672 kB
Cached:          1185220 kB
MemTotal:        1844596 kB
MemFree:          216708 kB
MemAvailable:    1468324 kB
Buffers:           93672 kB
Cached:          1185220 kB
MemTotal:        1844596 kB
MemFree:          216660 kB
MemAvailable:    1468276 kB
Buffers:           93672 kB
Cached:          1185220 kB
MemTotal:        1844596 kB
MemFree:          216828 kB
MemAvailable:    1468444 kB
Buffers:           93672 kB
Cached:          1185220 kB
MemTotal:        1844596 kB
MemFree:          216580 kB
MemAvailable:    1468196 kB
Buffers:           93672 kB
Cached:          1185220 kB
MemTotal:        1844596 kB
MemFree:          216224 kB
MemAvailable:    1467840 kB
Buffers:           93672 kB
Cached:          1185220 kB
MemTotal:        1844596 kB
MemFree:          215468 kB
MemAvailable:    1467084 kB
Buffers:           93672 kB
Cached:          1185220 kB
MemTotal:        1844596 kB
MemFree:          216584 kB
MemAvailable:    1468200 kB
Buffers:           93672 kB
Cached:          1185220 kB
MemTotal:        1844596 kB
MemFree:          216528 kB
MemAvailable:    1468144 kB
Buffers:           93672 kB
Cached:          1185220 kB
MemTotal:        1844596 kB
MemFree:          216472 kB
MemAvailable:    1468088 kB
Buffers:           93672 kB
Cached:          1185220 kB
MemTotal:        1844596 kB
MemFree:          216636 kB
MemAvailable:    1468252 kB
Buffers:           93672 kB
Cached:          1185220 kB
MemTotal:        1844596 kB
MemFree:          215460 kB
MemAvailable:    1467076 kB
Buffers:           93672 kB
Cached:          1185220 kB
MemTotal:        1844596 kB
MemFree:          216348 kB
MemAvailable:    1467964 kB
Buffers:           93672 kB
Cached:          1185220 kB
MemTotal:        1844596 kB
MemFree:          216336 kB
MemAvailable:    1467952 kB
Buffers:           93672 kB
Cached:          1185220 kB
MemTotal:        1844596 kB
MemFree:          216348 kB
MemAvailable:    1467964 kB
Buffers:           93672 kB
Cached:          1185220 kB
MemTotal:        1844596 kB
MemFree:          215480 kB
MemAvailable:    1467096 kB
Buffers:           93672 kB
Cached:          1185220 kB
MemTotal:        1844596 kB
MemFree:          215356 kB
MemAvailable:    1466972 kB
Buffers:           93672 kB
Cached:          1185220 kB
MemTotal:        1844596 kB
MemFree:          215232 kB
MemAvailable:    1466848 kB
Buffers:           93672 kB
Cached:          1185220 kB
MemTotal:        1844596 kB
MemFree:          216216 kB
MemAvailable:    1467832 kB
Buffers:           93672 kB
Cached:          1185220 kB
MemTotal:        1844596 kB
MemFree:          215604 kB
MemAvailable:    1467220 kB
Buffers:           93672 kB
Cached:          1185220 kB
MemTotal:        1844596 kB
MemFree:          215916 kB
MemAvailable:    1467532 kB
Buffers:           93672 kB
Cached:          1185220 kB
MemTotal:        1844596 kB
MemFree:          215984 kB
MemAvailable:    1467600 kB
Buffers:           93672 kB
Cached:          1185220 kB
MemTotal:        1844596 kB
MemFree:          215928 kB
MemAvailable:    1467544 kB
Buffers:           93672 kB
Cached:          1185220 kB
MemTotal:        1844596 kB
MemFree:          214972 kB
MemAvailable:    1466588 kB
Buffers:           93672 kB
Cached:          1185220 kB
MemTotal:        1844596 kB
MemFree:          216024 kB
MemAvailable:    1467640 kB
Buffers:           93672 kB
Cached:          1185220 kB
MemTotal:        1844596 kB
MemFree:          214716 kB
MemAvailable:    1466332 kB
Buffers:           93672 kB
Cached:          1185220 kB
MemTotal:        1844596 kB
MemFree:          216060 kB
MemAvailable:    1467676 kB
Buffers:           93672 kB
Cached:          1185220 kB
MemTotal:        1844596 kB
MemFree:          215948 kB
MemAvailable:    1467564 kB
Buffers:           93672 kB
Cached:          1185220 kB
MemTotal:        1844596 kB
MemFree:          215760 kB
MemAvailable:    1467376 kB
Buffers:           93672 kB
Cached:          1185220 kB
MemTotal:        1844596 kB
MemFree:          215588 kB
MemAvailable:    1467204 kB
Buffers:           93672 kB
Cached:          1185220 kB
MemTotal:        1844596 kB
MemFree:          214364 kB
MemAvailable:    1465980 kB
Buffers:           93672 kB
Cached:          1185220 kB
MemTotal:        1844596 kB
MemFree:          215508 kB
MemAvailable:    1467124 kB
Buffers:           93672 kB
Cached:          1185220 kB
MemTotal:        1844596 kB
MemFree:          215508 kB
MemAvailable:    1467124 kB
Buffers:           93672 kB
Cached:          1185220 kB
MemTotal:        1844596 kB
MemFree:          215608 kB
MemAvailable:    1467224 kB
Buffers:           93672 kB
Cached:          1185220 kB
MemTotal:        1844596 kB
MemFree:          214352 kB
MemAvailable:    1465968 kB
Buffers:           93672 kB
Cached:          1185220 kB
MemTotal:        1844596 kB
MemFree:          215236 kB
MemAvailable:    1466852 kB
Buffers:           93672 kB
Cached:          1185220 kB
MemTotal:        1844596 kB
MemFree:          215412 kB
MemAvailable:    1467028 kB
Buffers:           93672 kB
Cached:          1185220 kB
MemTotal:        1844596 kB
MemFree:          215480 kB
MemAvailable:    1467096 kB
Buffers:           93672 kB
Cached:          1185220 kB
MemTotal:        1844596 kB
MemFree:          215340 kB
MemAvailable:    1466956 kB
Buffers:           93672 kB
Cached:          1185220 kB
MemTotal:        1844596 kB
MemFree:          215100 kB
MemAvailable:    1466716 kB
Buffers:           93672 kB
Cached:          1185220 kB
MemTotal:        1844596 kB
MemFree:          210456 kB
MemAvailable:    1462072 kB
Buffers:           93672 kB
Cached:          1185220 kB
MemTotal:        1844596 kB
MemFree:          207232 kB
MemAvailable:    1458848 kB
Buffers:           93672 kB
Cached:          1185220 kB
MemTotal:        1844596 kB
MemFree:          205372 kB
MemAvailable:    1456988 kB
Buffers:           93672 kB
Cached:          1185220 kB
MemTotal:        1844596 kB
MemFree:          204568 kB
MemAvailable:    1456184 kB
Buffers:           93672 kB
Cached:          1185220 kB
MemTotal:        1844596 kB
MemFree:          204872 kB
MemAvailable:    1456488 kB
Buffers:           93672 kB
Cached:          1185220 kB
MemTotal:        1844596 kB
MemFree:          204568 kB
MemAvailable:    1456184 kB
Buffers:           93672 kB
Cached:          1185220 kB
MemTotal:        1844596 kB
MemFree:          204680 kB
MemAvailable:    1456296 kB
Buffers:           93672 kB
Cached:          1185220 kB
MemTotal:        1844596 kB
MemFree:          204476 kB
MemAvailable:    1456092 kB
Buffers:           93672 kB
Cached:          1185220 kB
MemTotal:        1844596 kB
MemFree:          204152 kB
MemAvailable:    1455768 kB
Buffers:           93672 kB
Cached:          1185220 kB
MemTotal:        1844596 kB
MemFree:          204072 kB
MemAvailable:    1455688 kB
Buffers:           93672 kB
Cached:          1185220 kB
MemTotal:        1844596 kB
MemFree:          203824 kB
MemAvailable:    1455440 kB
Buffers:           93672 kB
Cached:          1185220 kB
MemTotal:        1844596 kB
MemFree:          202892 kB
MemAvailable:    1454508 kB
Buffers:           93672 kB
Cached:          1185220 kB
MemTotal:        1844596 kB
MemFree:          201600 kB
MemAvailable:    1453216 kB
Buffers:           93672 kB
Cached:          1185220 kB
MemTotal:        1844596 kB
MemFree:          202280 kB
MemAvailable:    1453896 kB
Buffers:           93672 kB
Cached:          1185220 kB
MemTotal:        1844596 kB
MemFree:          202536 kB
MemAvailable:    1454152 kB
Buffers:           93672 kB
Cached:          1185220 kB
MemTotal:        1844596 kB
MemFree:          202208 kB
MemAvailable:    1453824 kB
Buffers:           93672 kB
Cached:          1185220 kB
MemTotal:        1844596 kB
MemFree:          200768 kB
MemAvailable:    1452384 kB
Buffers:           93672 kB
Cached:          1185220 kB
MemTotal:        1844596 kB
MemFree:          202308 kB
MemAvailable:    1453924 kB
Buffers:           93672 kB
Cached:          1185220 kB
MemTotal:        1844596 kB
MemFree:          202144 kB
MemAvailable:    1453760 kB
Buffers:           93672 kB
Cached:          1185220 kB
MemTotal:        1844596 kB
MemFree:          202124 kB
MemAvailable:    1453740 kB
Buffers:           93672 kB
Cached:          1185220 kB
MemTotal:        1844596 kB
MemFree:          201964 kB
MemAvailable:    1453580 kB
Buffers:           93672 kB
Cached:          1185220 kB
MemTotal:        1844596 kB
MemFree:          200832 kB
MemAvailable:    1452448 kB
Buffers:           93672 kB
Cached:          1185220 kB
MemTotal:        1844596 kB
MemFree:          202148 kB
MemAvailable:    1453764 kB
Buffers:           93672 kB
Cached:          1185220 kB
MemTotal:        1844596 kB
MemFree:          202324 kB
MemAvailable:    1453940 kB
Buffers:           93672 kB
Cached:          1185220 kB
MemTotal:        1844596 kB
MemFree:          202268 kB
MemAvailable:    1453884 kB
Buffers:           93672 kB
Cached:          1185220 kB
MemTotal:        1844596 kB
MemFree:          202020 kB
MemAvailable:    1453636 kB
Buffers:           93672 kB
Cached:          1185220 kB
MemTotal:        1844596 kB
MemFree:          202080 kB
MemAvailable:    1453696 kB
Buffers:           93672 kB
Cached:          1185220 kB
MemTotal:        1844596 kB
MemFree:          201584 kB
MemAvailable:    1453200 kB
Buffers:           93672 kB
Cached:          1185220 kB
MemTotal:        1844596 kB
MemFree:          200228 kB
MemAvailable:    1451844 kB
Buffers:           93672 kB
Cached:          1185220 kB
MemTotal:        1844596 kB
MemFree:          200088 kB
MemAvailable:    1451704 kB
Buffers:           93672 kB
Cached:          1185220 kB
MemTotal:        1844596 kB
MemFree:          200424 kB
MemAvailable:    1452040 kB
Buffers:           93672 kB
Cached:          1185220 kB
MemTotal:        1844596 kB
MemFree:          200032 kB
MemAvailable:    1451648 kB
Buffers:           93672 kB
Cached:          1185220 kB
MemTotal:        1844596 kB
MemFree:          199800 kB
MemAvailable:    1451416 kB
Buffers:           93672 kB
Cached:          1185220 kB
MemTotal:        1844596 kB
MemFree:          199864 kB
MemAvailable:    1451480 kB
Buffers:           93672 kB
Cached:          1185220 kB
MemTotal:        1844596 kB
MemFree:          199360 kB
MemAvailable:    1450976 kB
Buffers:           93672 kB
Cached:          1185220 kB
MemTotal:        1844596 kB
MemFree:          198972 kB
MemAvailable:    1450596 kB
Buffers:           93672 kB
Cached:          1185228 kB
MemTotal:        1844596 kB
MemFree:          198972 kB
MemAvailable:    1450596 kB
Buffers:           93672 kB
Cached:          1185228 kB
MemTotal:        1844596 kB
MemFree:          198048 kB
MemAvailable:    1449672 kB
Buffers:           93672 kB
Cached:          1185228 kB
MemTotal:        1844596 kB
MemFree:          196880 kB
MemAvailable:    1448504 kB
Buffers:           93672 kB
Cached:          1185228 kB
MemTotal:        1844596 kB
MemFree:          197800 kB
MemAvailable:    1449424 kB
Buffers:           93672 kB
Cached:          1185228 kB
MemTotal:        1844596 kB
MemFree:          197188 kB
MemAvailable:    1448812 kB
Buffers:           93672 kB
Cached:          1185228 kB
MemTotal:        1844596 kB
MemFree:          195880 kB
MemAvailable:    1447504 kB
Buffers:           93672 kB
Cached:          1185228 kB
MemTotal:        1844596 kB
MemFree:          196856 kB
MemAvailable:    1448480 kB
Buffers:           93672 kB
Cached:          1185228 kB
MemTotal:        1844596 kB
MemFree:          197004 kB
MemAvailable:    1448628 kB
Buffers:           93672 kB
Cached:          1185228 kB
MemTotal:        1844596 kB
MemFree:          196852 kB
MemAvailable:    1448476 kB
Buffers:           93672 kB
Cached:          1185228 kB
MemTotal:        1844596 kB
MemFree:          197188 kB
MemAvailable:    1448812 kB
Buffers:           93672 kB
Cached:          1185228 kB
MemTotal:        1844596 kB
MemFree:          196812 kB
MemAvailable:    1448436 kB
Buffers:           93672 kB
Cached:          1185228 kB
MemTotal:        1844596 kB
MemFree:          196980 kB
MemAvailable:    1448604 kB
Buffers:           93672 kB
Cached:          1185228 kB
MemTotal:        1844596 kB
MemFree:          196740 kB
MemAvailable:    1448364 kB
Buffers:           93672 kB
Cached:          1185228 kB
MemTotal:        1844596 kB
MemFree:          197076 kB
MemAvailable:    1448700 kB
Buffers:           93672 kB
Cached:          1185228 kB
MemTotal:        1844596 kB
MemFree:          196832 kB
MemAvailable:    1448456 kB
Buffers:           93672 kB
Cached:          1185228 kB
MemTotal:        1844596 kB
MemFree:          195584 kB
MemAvailable:    1447208 kB
Buffers:           93672 kB
Cached:          1185228 kB
MemTotal:        1844596 kB
MemFree:          195584 kB
MemAvailable:    1447208 kB
Buffers:           93672 kB
Cached:          1185228 kB
MemTotal:        1844596 kB
MemFree:          195452 kB
MemAvailable:    1447076 kB
Buffers:           93672 kB
Cached:          1185228 kB
MemTotal:        1844596 kB
MemFree:          196796 kB
MemAvailable:    1448420 kB
Buffers:           93672 kB
Cached:          1185228 kB
MemTotal:        1844596 kB
MemFree:          195488 kB
MemAvailable:    1447112 kB
Buffers:           93672 kB
Cached:          1185228 kB
MemTotal:        1844596 kB
MemFree:          196728 kB
MemAvailable:    1448352 kB
Buffers:           93672 kB
Cached:          1185228 kB
MemTotal:        1844596 kB
MemFree:          195488 kB
MemAvailable:    1447112 kB
Buffers:           93672 kB
Cached:          1185228 kB
MemTotal:        1844596 kB
MemFree:          195612 kB
MemAvailable:    1447236 kB
Buffers:           93672 kB
Cached:          1185228 kB
MemTotal:        1844596 kB
MemFree:          196788 kB
MemAvailable:    1448412 kB
Buffers:           93672 kB
Cached:          1185228 kB
MemTotal:        1844596 kB
MemFree:          195564 kB
MemAvailable:    1447188 kB
Buffers:           93672 kB
Cached:          1185228 kB
MemTotal:        1844596 kB
MemFree:          195436 kB
MemAvailable:    1447060 kB
Buffers:           93672 kB
Cached:          1185228 kB
MemTotal:        1844596 kB
MemFree:          195436 kB
MemAvailable:    1447060 kB
Buffers:           93672 kB
Cached:          1185228 kB
MemTotal:        1844596 kB
MemFree:          196676 kB
MemAvailable:    1448300 kB
Buffers:           93672 kB
Cached:          1185228 kB
MemTotal:        1844596 kB
MemFree:          196840 kB
MemAvailable:    1448464 kB
Buffers:           93672 kB
Cached:          1185228 kB
MemTotal:        1844596 kB
MemFree:          194648 kB
MemAvailable:    1446272 kB
Buffers:           93672 kB
Cached:          1185228 kB
MemTotal:        1844596 kB
MemFree:          195952 kB
MemAvailable:    1447576 kB
Buffers:           93672 kB
Cached:          1185228 kB
MemTotal:        1844596 kB
MemFree:          194276 kB
MemAvailable:    1445900 kB
Buffers:           93672 kB
Cached:          1185228 kB
MemTotal:        1844596 kB
MemFree:          194028 kB
MemAvailable:    1445652 kB
Buffers:           93672 kB
Cached:          1185228 kB
MemTotal:        1844596 kB
MemFree:          191548 kB
MemAvailable:    1443172 kB
Buffers:           93672 kB
Cached:          1185228 kB
MemTotal:        1844596 kB
MemFree:          190928 kB
MemAvailable:    1442552 kB
Buffers:           93672 kB
Cached:          1185228 kB
MemTotal:        1844596 kB
MemFree:          186076 kB
MemAvailable:    1437700 kB
Buffers:           93672 kB
Cached:          1185228 kB
MemTotal:        1844596 kB
MemFree:          186040 kB
MemAvailable:    1437664 kB
Buffers:           93672 kB
Cached:          1185228 kB
MemTotal:        1844596 kB
MemFree:          180372 kB
MemAvailable:    1431996 kB
Buffers:           93672 kB
Cached:          1185228 kB
MemTotal:        1844596 kB
MemFree:          180016 kB
MemAvailable:    1431640 kB
Buffers:           93672 kB
Cached:          1185228 kB
MemTotal:        1844596 kB
MemFree:          178404 kB
MemAvailable:    1430028 kB
Buffers:           93672 kB
Cached:          1185228 kB
MemTotal:        1844596 kB
MemFree:          178464 kB
MemAvailable:    1430088 kB
Buffers:           93672 kB
Cached:          1185228 kB
MemTotal:        1844596 kB
MemFree:          177164 kB
MemAvailable:    1428788 kB
Buffers:           93672 kB
Cached:          1185228 kB
MemTotal:        1844596 kB
MemFree:          178148 kB
MemAvailable:    1429772 kB
Buffers:           93672 kB
Cached:          1185228 kB
MemTotal:        1844596 kB
MemFree:          178148 kB
MemAvailable:    1429772 kB
Buffers:           93672 kB
Cached:          1185228 kB
MemTotal:        1844596 kB
MemFree:          177712 kB
MemAvailable:    1429336 kB
Buffers:           93672 kB
Cached:          1185228 kB
MemTotal:        1844596 kB
MemFree:          177412 kB
MemAvailable:    1429036 kB
Buffers:           93672 kB
Cached:          1185228 kB
MemTotal:        1844596 kB
MemFree:          177632 kB
MemAvailable:    1429256 kB
Buffers:           93672 kB
Cached:          1185228 kB
MemTotal:        1844596 kB
MemFree:          177968 kB
MemAvailable:    1429592 kB
Buffers:           93672 kB
Cached:          1185228 kB
MemTotal:        1844596 kB
MemFree:          177500 kB
MemAvailable:    1429124 kB
Buffers:           93672 kB
Cached:          1185228 kB
MemTotal:        1844596 kB
MemFree:          177500 kB
MemAvailable:    1429124 kB
Buffers:           93672 kB
Cached:          1185228 kB
MemTotal:        1844596 kB
MemFree:          177024 kB
MemAvailable:    1428648 kB
Buffers:           93672 kB
Cached:          1185228 kB
MemTotal:        1844596 kB
MemFree:          176916 kB
MemAvailable:    1428540 kB
Buffers:           93672 kB
Cached:          1185228 kB
MemTotal:        1844596 kB
MemFree:          175912 kB
MemAvailable:    1427536 kB
Buffers:           93672 kB
Cached:          1185228 kB
MemTotal:        1844596 kB
MemFree:          177144 kB
MemAvailable:    1428768 kB
Buffers:           93672 kB
Cached:          1185228 kB
MemTotal:        1844596 kB
MemFree:          176896 kB
MemAvailable:    1428520 kB
Buffers:           93672 kB
Cached:          1185228 kB
MemTotal:        1844596 kB
MemFree:          176840 kB
MemAvailable:    1428464 kB
Buffers:           93672 kB
Cached:          1185228 kB
MemTotal:        1844596 kB
MemFree:          177176 kB
MemAvailable:    1428800 kB
Buffers:           93672 kB
Cached:          1185228 kB
MemTotal:        1844596 kB
MemFree:          176876 kB
MemAvailable:    1428500 kB
Buffers:           93672 kB
Cached:          1185228 kB
MemTotal:        1844596 kB
MemFree:          176356 kB
MemAvailable:    1427980 kB
Buffers:           93672 kB
Cached:          1185228 kB
MemTotal:        1844596 kB
MemFree:          175600 kB
MemAvailable:    1427224 kB
Buffers:           93672 kB
Cached:          1185228 kB
MemTotal:        1844596 kB
MemFree:          176964 kB
MemAvailable:    1428588 kB
Buffers:           93672 kB
Cached:          1185228 kB
MemTotal:        1844596 kB
MemFree:          176304 kB
MemAvailable:    1427928 kB
Buffers:           93672 kB
Cached:          1185228 kB
MemTotal:        1844596 kB
MemFree:          176900 kB
MemAvailable:    1428524 kB
Buffers:           93672 kB
Cached:          1185228 kB
MemTotal:        1844596 kB
MemFree:          177152 kB
MemAvailable:    1428776 kB
Buffers:           93672 kB
Cached:          1185228 kB
MemTotal:        1844596 kB
MemFree:          177080 kB
MemAvailable:    1428704 kB
Buffers:           93672 kB
Cached:          1185228 kB
MemTotal:        1844596 kB
MemFree:          175780 kB
MemAvailable:    1427404 kB
Buffers:           93672 kB
Cached:          1185228 kB
MemTotal:        1844596 kB
MemFree:          176900 kB
MemAvailable:    1428524 kB
Buffers:           93672 kB
Cached:          1185228 kB
MemTotal:        1844596 kB
MemFree:          176900 kB
MemAvailable:    1428524 kB
Buffers:           93672 kB
Cached:          1185228 kB
MemTotal:        1844596 kB
MemFree:          176888 kB
MemAvailable:    1428512 kB
Buffers:           93672 kB
Cached:          1185228 kB
MemTotal:        1844596 kB
MemFree:          177224 kB
MemAvailable:    1428848 kB
Buffers:           93672 kB
Cached:          1185228 kB
MemTotal:        1844596 kB
MemFree:          176796 kB
MemAvailable:    1428420 kB
Buffers:           93672 kB
Cached:          1185228 kB
MemTotal:        1844596 kB
MemFree:          176092 kB
MemAvailable:    1427720 kB
Buffers:           93672 kB
Cached:          1185232 kB
MemTotal:        1844596 kB
MemFree:          175640 kB
MemAvailable:    1427268 kB
Buffers:           93672 kB
Cached:          1185232 kB
MemTotal:        1844596 kB
MemFree:          175640 kB
MemAvailable:    1427268 kB
Buffers:           93672 kB
Cached:          1185232 kB
MemTotal:        1844596 kB
MemFree:          173552 kB
MemAvailable:    1425188 kB
Buffers:           93672 kB
Cached:          1185240 kB
MemTotal:        1844596 kB
MemFree:          173552 kB
MemAvailable:    1425188 kB
Buffers:           93672 kB
Cached:          1185240 kB
MemTotal:        1844596 kB
MemFree:          168484 kB
MemAvailable:    1420120 kB
Buffers:           93672 kB
Cached:          1185240 kB
MemTotal:        1844596 kB
MemFree:          166376 kB
MemAvailable:    1418012 kB
Buffers:           93672 kB
Cached:          1185240 kB
MemTotal:        1844596 kB
MemFree:          162144 kB
MemAvailable:    1413780 kB
Buffers:           93672 kB
Cached:          1185240 kB
MemTotal:        1844596 kB
MemFree:          162284 kB
MemAvailable:    1413920 kB
Buffers:           93672 kB
Cached:          1185240 kB
MemTotal:        1844596 kB
MemFree:          159680 kB
MemAvailable:    1411316 kB
Buffers:           93672 kB
Cached:          1185240 kB
MemTotal:        1844596 kB
MemFree:          158308 kB
MemAvailable:    1409944 kB
Buffers:           93672 kB
Cached:          1185240 kB
MemTotal:        1844596 kB
MemFree:          158300 kB
MemAvailable:    1409936 kB
Buffers:           93672 kB
Cached:          1185240 kB
MemTotal:        1844596 kB
MemFree:          158176 kB
MemAvailable:    1409812 kB
Buffers:           93672 kB
Cached:          1185240 kB
MemTotal:        1844596 kB
MemFree:          159284 kB
MemAvailable:    1410920 kB
Buffers:           93672 kB
Cached:          1185240 kB
MemTotal:        1844596 kB
MemFree:          159284 kB
MemAvailable:    1410920 kB
Buffers:           93672 kB
Cached:          1185240 kB
MemTotal:        1844596 kB
MemFree:          157992 kB
MemAvailable:    1409628 kB
Buffers:           93672 kB
Cached:          1185240 kB
MemTotal:        1844596 kB
MemFree:          159052 kB
MemAvailable:    1410688 kB
Buffers:           93672 kB
Cached:          1185240 kB
MemTotal:        1844596 kB
MemFree:          159052 kB
MemAvailable:    1410688 kB
Buffers:           93672 kB
Cached:          1185240 kB
MemTotal:        1844596 kB
MemFree:          158816 kB
MemAvailable:    1410452 kB
Buffers:           93672 kB
Cached:          1185240 kB
MemTotal:        1844596 kB
MemFree:          157684 kB
MemAvailable:    1409320 kB
Buffers:           93672 kB
Cached:          1185240 kB
MemTotal:        1844596 kB
MemFree:          158744 kB
MemAvailable:    1410380 kB
Buffers:           93672 kB
Cached:          1185240 kB
MemTotal:        1844596 kB
MemFree:          158996 kB
MemAvailable:    1410632 kB
Buffers:           93672 kB
Cached:          1185240 kB
MemTotal:        1844596 kB
MemFree:          157516 kB
MemAvailable:    1409152 kB
Buffers:           93672 kB
Cached:          1185240 kB
MemTotal:        1844596 kB
MemFree:          158832 kB
MemAvailable:    1410468 kB
Buffers:           93672 kB
Cached:          1185240 kB
MemTotal:        1844596 kB
MemFree:          157640 kB
MemAvailable:    1409276 kB
Buffers:           93672 kB
Cached:          1185240 kB
MemTotal:        1844596 kB
MemFree:          158876 kB
MemAvailable:    1410512 kB
Buffers:           93672 kB
Cached:          1185240 kB
MemTotal:        1844596 kB
MemFree:          158732 kB
MemAvailable:    1410368 kB
Buffers:           93672 kB
Cached:          1185240 kB
MemTotal:        1844596 kB
MemFree:          158984 kB
MemAvailable:    1410620 kB
Buffers:           93672 kB
Cached:          1185240 kB
MemTotal:        1844596 kB
MemFree:          157684 kB
MemAvailable:    1409320 kB
Buffers:           93672 kB
Cached:          1185240 kB
MemTotal:        1844596 kB
MemFree:          158792 kB
MemAvailable:    1410428 kB
Buffers:           93672 kB
Cached:          1185240 kB
MemTotal:        1844596 kB
MemFree:          159048 kB
MemAvailable:    1410684 kB
Buffers:           93672 kB
Cached:          1185240 kB
MemTotal:        1844596 kB
MemFree:          157552 kB
MemAvailable:    1409188 kB
Buffers:           93672 kB
Cached:          1185240 kB
MemTotal:        1844596 kB
MemFree:          157544 kB
MemAvailable:    1409180 kB
Buffers:           93672 kB
Cached:          1185240 kB
MemTotal:        1844596 kB
MemFree:          158068 kB
MemAvailable:    1409704 kB
Buffers:           93672 kB
Cached:          1185240 kB
MemTotal:        1844596 kB
MemFree:          159112 kB
MemAvailable:    1410748 kB
Buffers:           93672 kB
Cached:          1185240 kB
MemTotal:        1844596 kB
MemFree:          158988 kB
MemAvailable:    1410624 kB
Buffers:           93672 kB
Cached:          1185240 kB
MemTotal:        1844596 kB
MemFree:          157640 kB
MemAvailable:    1409276 kB
Buffers:           93672 kB
Cached:          1185240 kB
MemTotal:        1844596 kB
MemFree:          157640 kB
MemAvailable:    1409276 kB
Buffers:           93672 kB
Cached:          1185240 kB
MemTotal:        1844596 kB
MemFree:          158784 kB
MemAvailable:    1410420 kB
Buffers:           93672 kB
Cached:          1185240 kB
MemTotal:        1844596 kB
MemFree:          158688 kB
MemAvailable:    1410324 kB
Buffers:           93672 kB
Cached:          1185240 kB
MemTotal:        1844596 kB
MemFree:          158744 kB
MemAvailable:    1410380 kB
Buffers:           93672 kB
Cached:          1185240 kB
MemTotal:        1844596 kB
MemFree:          158440 kB
MemAvailable:    1410076 kB
Buffers:           93672 kB
Cached:          1185240 kB
MemTotal:        1844596 kB
MemFree:          155448 kB
MemAvailable:    1407084 kB
Buffers:           93672 kB
Cached:          1185240 kB
MemTotal:        1844596 kB
MemFree:          154472 kB
MemAvailable:    1406108 kB
Buffers:           93672 kB
Cached:          1185240 kB
MemTotal:        1844596 kB
MemFree:          150256 kB
MemAvailable:    1401892 kB
Buffers:           93672 kB
Cached:          1185240 kB
MemTotal:        1844596 kB
MemFree:          147580 kB
MemAvailable:    1399216 kB
Buffers:           93672 kB
Cached:          1185240 kB
MemTotal:        1844596 kB
MemFree:          144304 kB
MemAvailable:    1395940 kB
Buffers:           93672 kB
Cached:          1185240 kB
MemTotal:        1844596 kB
MemFree:          142064 kB
MemAvailable:    1393704 kB
Buffers:           93672 kB
Cached:          1185244 kB
MemTotal:        1844596 kB
MemFree:          140336 kB
MemAvailable:    1391976 kB
Buffers:           93672 kB
Cached:          1185244 kB
MemTotal:        1844596 kB
MemFree:          140080 kB
MemAvailable:    1391724 kB
Buffers:           93672 kB
Cached:          1185248 kB
MemTotal:        1844596 kB
MemFree:          140212 kB
MemAvailable:    1391856 kB
Buffers:           93672 kB
Cached:          1185248 kB
MemTotal:        1844596 kB
MemFree:          141376 kB
MemAvailable:    1393020 kB
Buffers:           93672 kB
Cached:          1185248 kB
MemTotal:        1844596 kB
MemFree:          141004 kB
MemAvailable:    1392648 kB
Buffers:           93672 kB
Cached:          1185248 kB
MemTotal:        1844596 kB
MemFree:          141340 kB
MemAvailable:    1392984 kB
Buffers:           93672 kB
Cached:          1185248 kB
MemTotal:        1844596 kB
MemFree:          140064 kB
MemAvailable:    1391708 kB
Buffers:           93672 kB
Cached:          1185248 kB
MemTotal:        1844596 kB
MemFree:          141364 kB
MemAvailable:    1393008 kB
Buffers:           93672 kB
Cached:          1185248 kB
MemTotal:        1844596 kB
MemFree:          141324 kB
MemAvailable:    1392968 kB
Buffers:           93672 kB
Cached:          1185248 kB
MemTotal:        1844596 kB
MemFree:          141252 kB
MemAvailable:    1392896 kB
Buffers:           93672 kB
Cached:          1185248 kB
MemTotal:        1844596 kB
MemFree:          141504 kB
MemAvailable:    1393148 kB
Buffers:           93672 kB
Cached:          1185248 kB
MemTotal:        1844596 kB
MemFree:          139884 kB
MemAvailable:    1391528 kB
Buffers:           93672 kB
Cached:          1185248 kB
MemTotal:        1844596 kB
MemFree:          140984 kB
MemAvailable:    1392628 kB
Buffers:           93672 kB
Cached:          1185248 kB
MemTotal:        1844596 kB
MemFree:          141236 kB
MemAvailable:    1392880 kB
Buffers:           93672 kB
Cached:          1185248 kB
MemTotal:        1844596 kB
MemFree:          141336 kB
MemAvailable:    1392980 kB
Buffers:           93672 kB
Cached:          1185248 kB
MemTotal:        1844596 kB
MemFree:          141240 kB
MemAvailable:    1392884 kB
Buffers:           93672 kB
Cached:          1185248 kB
MemTotal:        1844596 kB
MemFree:          141412 kB
MemAvailable:    1393056 kB
Buffers:           93672 kB
Cached:          1185248 kB
MemTotal:        1844596 kB
MemFree:          141208 kB
MemAvailable:    1392852 kB
Buffers:           93672 kB
Cached:          1185248 kB
MemTotal:        1844596 kB
MemFree:          140032 kB
MemAvailable:    1391676 kB
Buffers:           93672 kB
Cached:          1185248 kB
MemTotal:        1844596 kB
MemFree:          139344 kB
MemAvailable:    1390988 kB
Buffers:           93672 kB
Cached:          1185248 kB
MemTotal:        1844596 kB
MemFree:          139468 kB
MemAvailable:    1391112 kB
Buffers:           93672 kB
Cached:          1185248 kB
MemTotal:        1844596 kB
MemFree:          139344 kB
MemAvailable:    1390988 kB
Buffers:           93672 kB
Cached:          1185248 kB
MemTotal:        1844596 kB
MemFree:          140568 kB
MemAvailable:    1392212 kB
Buffers:           93672 kB
Cached:          1185248 kB
MemTotal:        1844596 kB
MemFree:          139700 kB
MemAvailable:    1391344 kB
Buffers:           93672 kB
Cached:          1185248 kB
MemTotal:        1844596 kB
MemFree:          139784 kB
MemAvailable:    1391428 kB
Buffers:           93672 kB
Cached:          1185248 kB
MemTotal:        1844596 kB
MemFree:          137980 kB
MemAvailable:    1389624 kB
Buffers:           93672 kB
Cached:          1185248 kB
MemTotal:        1844596 kB
MemFree:          135808 kB
MemAvailable:    1387452 kB
Buffers:           93672 kB
Cached:          1185248 kB
MemTotal:        1844596 kB
MemFree:          133268 kB
MemAvailable:    1384912 kB
Buffers:           93672 kB
Cached:          1185248 kB
MemTotal:        1844596 kB
MemFree:          130152 kB
MemAvailable:    1381796 kB
Buffers:           93672 kB
Cached:          1185248 kB
MemTotal:        1844596 kB
MemFree:          130152 kB
MemAvailable:    1381796 kB
Buffers:           93672 kB
Cached:          1185248 kB
MemTotal:        1844596 kB
MemFree:          125384 kB
MemAvailable:    1377032 kB
Buffers:           93672 kB
Cached:          1185252 kB
MemTotal:        1844596 kB
MemFree:          122604 kB
MemAvailable:    1374252 kB
Buffers:           93672 kB
Cached:          1185252 kB
MemTotal:        1844596 kB
MemFree:          119008 kB
MemAvailable:    1370656 kB
Buffers:           93672 kB
Cached:          1185252 kB
MemTotal:        1844596 kB
MemFree:          116776 kB
MemAvailable:    1368424 kB
Buffers:           93672 kB
Cached:          1185252 kB
MemTotal:        1844596 kB
MemFree:          117148 kB
MemAvailable:    1368796 kB
Buffers:           93672 kB
Cached:          1185252 kB
MemTotal:        1844596 kB
MemFree:          115412 kB
MemAvailable:    1367060 kB
Buffers:           93672 kB
Cached:          1185252 kB
MemTotal:        1844596 kB
MemFree:          112676 kB
MemAvailable:    1364324 kB
Buffers:           93672 kB
Cached:          1185252 kB
MemTotal:        1844596 kB
MemFree:          112684 kB
MemAvailable:    1364332 kB
Buffers:           93672 kB
Cached:          1185252 kB
MemTotal:        1844596 kB
MemFree:          108344 kB
MemAvailable:    1359992 kB
Buffers:           93672 kB
Cached:          1185252 kB
MemTotal:        1844596 kB
MemFree:          109636 kB
MemAvailable:    1361284 kB
Buffers:           93672 kB
Cached:          1185252 kB
MemTotal:        1844596 kB
MemFree:          109576 kB
MemAvailable:    1361224 kB
Buffers:           93672 kB
Cached:          1185252 kB
MemTotal:        1844596 kB
MemFree:          108972 kB
MemAvailable:    1360620 kB
Buffers:           93672 kB
Cached:          1185252 kB
MemTotal:        1844596 kB
MemFree:          109280 kB
MemAvailable:    1360928 kB
Buffers:           93672 kB
Cached:          1185252 kB
MemTotal:        1844596 kB
MemFree:          109536 kB
MemAvailable:    1361184 kB
Buffers:           93672 kB
Cached:          1185252 kB
MemTotal:        1844596 kB
MemFree:          109184 kB
MemAvailable:    1360832 kB
Buffers:           93672 kB
Cached:          1185252 kB
MemTotal:        1844596 kB
MemFree:          109488 kB
MemAvailable:    1361136 kB
Buffers:           93672 kB
Cached:          1185252 kB
MemTotal:        1844596 kB
MemFree:          109332 kB
MemAvailable:    1360980 kB
Buffers:           93672 kB
Cached:          1185252 kB
MemTotal:        1844596 kB
MemFree:          108528 kB
MemAvailable:    1360176 kB
Buffers:           93672 kB
Cached:          1185252 kB
MemTotal:        1844596 kB
MemFree:          108272 kB
MemAvailable:    1359920 kB
Buffers:           93672 kB
Cached:          1185252 kB
MemTotal:        1844596 kB
MemFree:          108264 kB
MemAvailable:    1359912 kB
Buffers:           93672 kB
Cached:          1185252 kB
MemTotal:        1844596 kB
MemFree:          107220 kB
MemAvailable:    1358868 kB
Buffers:           93672 kB
Cached:          1185252 kB
MemTotal:        1844596 kB
MemFree:          108404 kB
MemAvailable:    1360052 kB
Buffers:           93672 kB
Cached:          1185252 kB
MemTotal:        1844596 kB
MemFree:          107104 kB
MemAvailable:    1358752 kB
Buffers:           93672 kB
Cached:          1185252 kB
MemTotal:        1844596 kB
MemFree:          107944 kB
MemAvailable:    1359592 kB
Buffers:           93672 kB
Cached:          1185252 kB
MemTotal:        1844596 kB
MemFree:          108280 kB
MemAvailable:    1359928 kB
Buffers:           93672 kB
Cached:          1185252 kB
MemTotal:        1844596 kB
MemFree:          106712 kB
MemAvailable:    1358360 kB
Buffers:           93672 kB
Cached:          1185252 kB
MemTotal:        1844596 kB
MemFree:          107652 kB
MemAvailable:    1359300 kB
Buffers:           93672 kB
Cached:          1185252 kB
MemTotal:        1844596 kB
MemFree:          107336 kB
MemAvailable:    1358984 kB
Buffers:           93672 kB
Cached:          1185252 kB
MemTotal:        1844596 kB
MemFree:          106120 kB
MemAvailable:    1357768 kB
Buffers:           93672 kB
Cached:          1185252 kB
MemTotal:        1844596 kB
MemFree:          106908 kB
MemAvailable:    1358560 kB
Buffers:           93672 kB
Cached:          1185256 kB
MemTotal:        1844596 kB
MemFree:          106096 kB
MemAvailable:    1357748 kB
Buffers:           93672 kB
Cached:          1185256 kB
MemTotal:        1844596 kB
MemFree:          104940 kB
MemAvailable:    1356592 kB
Buffers:           93672 kB
Cached:          1185256 kB
MemTotal:        1844596 kB
MemFree:          104500 kB
MemAvailable:    1356152 kB
Buffers:           93672 kB
Cached:          1185256 kB
MemTotal:        1844596 kB
MemFree:          105236 kB
MemAvailable:    1356888 kB
Buffers:           93672 kB
Cached:          1185256 kB
MemTotal:        1844596 kB
MemFree:          105164 kB
MemAvailable:    1356816 kB
Buffers:           93672 kB
Cached:          1185256 kB
MemTotal:        1844596 kB
MemFree:          105188 kB
MemAvailable:    1356840 kB
Buffers:           93672 kB
Cached:          1185256 kB
MemTotal:        1844596 kB
MemFree:          104880 kB
MemAvailable:    1356532 kB
Buffers:           93672 kB
Cached:          1185256 kB
MemTotal:        1844596 kB
MemFree:          104004 kB
MemAvailable:    1355656 kB
Buffers:           93672 kB
Cached:          1185256 kB
MemTotal:        1844596 kB
MemFree:          105064 kB
MemAvailable:    1356716 kB
Buffers:           93672 kB
Cached:          1185256 kB
MemTotal:        1844596 kB
MemFree:          105320 kB
MemAvailable:    1356972 kB
Buffers:           93672 kB
Cached:          1185256 kB
MemTotal:        1844596 kB
MemFree:          105160 kB
MemAvailable:    1356812 kB
Buffers:           93672 kB
Cached:          1185256 kB
MemTotal:        1844596 kB
MemFree:          105180 kB
MemAvailable:    1356832 kB
Buffers:           93672 kB
Cached:          1185256 kB
MemTotal:        1844596 kB
MemFree:          103956 kB
MemAvailable:    1355608 kB
Buffers:           93672 kB
Cached:          1185256 kB
MemTotal:        1844596 kB
MemFree:          105104 kB
MemAvailable:    1356756 kB
Buffers:           93672 kB
Cached:          1185256 kB
MemTotal:        1844596 kB
MemFree:          105104 kB
MemAvailable:    1356756 kB
Buffers:           93672 kB
Cached:          1185256 kB
MemTotal:        1844596 kB
MemFree:          105092 kB
MemAvailable:    1356744 kB
Buffers:           93672 kB
Cached:          1185256 kB
MemTotal:        1844596 kB
MemFree:          105428 kB
MemAvailable:    1357080 kB
Buffers:           93672 kB
Cached:          1185256 kB
MemTotal:        1844596 kB
MemFree:          105100 kB
MemAvailable:    1356752 kB
Buffers:           93672 kB
Cached:          1185256 kB
MemTotal:        1844596 kB
MemFree:          105044 kB
MemAvailable:    1356696 kB
Buffers:           93672 kB
Cached:          1185256 kB
MemTotal:        1844596 kB
MemFree:          105044 kB
MemAvailable:    1356696 kB
Buffers:           93672 kB
Cached:          1185256 kB
MemTotal:        1844596 kB
MemFree:          105232 kB
MemAvailable:    1356884 kB
Buffers:           93672 kB
Cached:          1185256 kB
MemTotal:        1844596 kB
MemFree:          103860 kB
MemAvailable:    1355512 kB
Buffers:           93672 kB
Cached:          1185256 kB
MemTotal:        1844596 kB
MemFree:          105160 kB
MemAvailable:    1356812 kB
Buffers:           93672 kB
Cached:          1185256 kB
MemTotal:        1844596 kB
MemFree:          105284 kB
MemAvailable:    1356936 kB
Buffers:           93672 kB
Cached:          1185256 kB
MemTotal:        1844596 kB
MemFree:          104376 kB
MemAvailable:    1356028 kB
Buffers:           93672 kB
Cached:          1185256 kB
MemTotal:        1844596 kB
MemFree:          105492 kB
MemAvailable:    1357144 kB
Buffers:           93672 kB
Cached:          1185256 kB
MemTotal:        1844596 kB
MemFree:          104748 kB
MemAvailable:    1356400 kB
Buffers:           93672 kB
Cached:          1185256 kB
MemTotal:        1844596 kB
MemFree:          105052 kB
MemAvailable:    1356704 kB
Buffers:           93672 kB
Cached:          1185256 kB
MemTotal:        1844596 kB
MemFree:          105244 kB
MemAvailable:    1356896 kB
Buffers:           93672 kB
Cached:          1185256 kB
MemTotal:        1844596 kB
MemFree:          105188 kB
MemAvailable:    1356840 kB
Buffers:           93672 kB
Cached:          1185256 kB
MemTotal:        1844596 kB
MemFree:          103984 kB
MemAvailable:    1355636 kB
Buffers:           93672 kB
Cached:          1185256 kB
MemTotal:        1844596 kB
MemFree:          104624 kB
MemAvailable:    1356276 kB
Buffers:           93672 kB
Cached:          1185256 kB
MemTotal:        1844596 kB
MemFree:          105052 kB
MemAvailable:    1356704 kB
Buffers:           93672 kB
Cached:          1185256 kB
MemTotal:        1844596 kB
MemFree:          105304 kB
MemAvailable:    1356956 kB
Buffers:           93672 kB
Cached:          1185256 kB
MemTotal:        1844596 kB
MemFree:          103992 kB
MemAvailable:    1355644 kB
Buffers:           93672 kB
Cached:          1185256 kB
MemTotal:        1844596 kB
MemFree:          104920 kB
MemAvailable:    1356572 kB
Buffers:           93672 kB
Cached:          1185256 kB
MemTotal:        1844596 kB
MemFree:          104320 kB
MemAvailable:    1355972 kB
Buffers:           93672 kB
Cached:          1185256 kB
MemTotal:        1844596 kB
MemFree:          105020 kB
MemAvailable:    1356672 kB
Buffers:           93672 kB
Cached:          1185256 kB
MemTotal:        1844596 kB
MemFree:          105044 kB
MemAvailable:    1356696 kB
Buffers:           93672 kB
Cached:          1185256 kB
MemTotal:        1844596 kB
MemFree:          105044 kB
MemAvailable:    1356696 kB
Buffers:           93672 kB
Cached:          1185256 kB
MemTotal:        1844596 kB
MemFree:          104988 kB
MemAvailable:    1356640 kB
Buffers:           93672 kB
Cached:          1185256 kB
MemTotal:        1844596 kB
MemFree:          101896 kB
MemAvailable:    1353548 kB
Buffers:           93672 kB
Cached:          1185256 kB
MemTotal:        1844596 kB
MemFree:          102268 kB
MemAvailable:    1353920 kB
Buffers:           93672 kB
Cached:          1185256 kB
MemTotal:        1844596 kB
MemFree:           98732 kB
MemAvailable:    1350384 kB
Buffers:           93672 kB
Cached:          1185256 kB
MemTotal:        1844596 kB
MemFree:           97424 kB
MemAvailable:    1349076 kB
Buffers:           93672 kB
Cached:          1185256 kB
MemTotal:        1844596 kB
MemFree:           98600 kB
MemAvailable:    1350252 kB
Buffers:           93672 kB
Cached:          1185256 kB
MemTotal:        1844596 kB
MemFree:           98284 kB
MemAvailable:    1349936 kB
Buffers:           93672 kB
Cached:          1185256 kB
MemTotal:        1844596 kB
MemFree:           98620 kB
MemAvailable:    1350272 kB
Buffers:           93672 kB
Cached:          1185256 kB
MemTotal:        1844596 kB
MemFree:           97128 kB
MemAvailable:    1348780 kB
Buffers:           93672 kB
Cached:          1185256 kB
MemTotal:        1844596 kB
MemFree:           97252 kB
MemAvailable:    1348904 kB
Buffers:           93672 kB
Cached:          1185256 kB
MemTotal:        1844596 kB
MemFree:           98484 kB
MemAvailable:    1350140 kB
Buffers:           93672 kB
Cached:          1185260 kB
MemTotal:        1844596 kB
MemFree:           97136 kB
MemAvailable:    1348792 kB
Buffers:           93672 kB
Cached:          1185260 kB
MemTotal:        1844596 kB
MemFree:           98308 kB
MemAvailable:    1349964 kB
Buffers:           93672 kB
Cached:          1185260 kB
MemTotal:        1844596 kB
MemFree:           98728 kB
MemAvailable:    1350384 kB
Buffers:           93672 kB
Cached:          1185260 kB
MemTotal:        1844596 kB
MemFree:           98396 kB
MemAvailable:    1350052 kB
Buffers:           93672 kB
Cached:          1185260 kB
MemTotal:        1844596 kB
MemFree:           97804 kB
MemAvailable:    1349460 kB
Buffers:           93672 kB
Cached:          1185260 kB
MemTotal:        1844596 kB
MemFree:           97748 kB
MemAvailable:    1349404 kB
Buffers:           93672 kB
Cached:          1185260 kB
MemTotal:        1844596 kB
MemFree:           97184 kB
MemAvailable:    1348840 kB
Buffers:           93672 kB
Cached:          1185260 kB
MemTotal:        1844596 kB
MemFree:           98424 kB
MemAvailable:    1350252 kB
Buffers:           93672 kB
Cached:          1185388 kB
MemTotal:        1844596 kB
MemFree:           98028 kB
MemAvailable:    1350024 kB
Buffers:           93672 kB
Cached:          1185636 kB
MemTotal:        1844596 kB
MemFree:           98112 kB
MemAvailable:    1350108 kB
Buffers:           93672 kB
Cached:          1185636 kB
MemTotal:        1844596 kB
MemFree:           96632 kB
MemAvailable:    1348712 kB
Buffers:           93672 kB
Cached:          1185760 kB
MemTotal:        1844596 kB
MemFree:           97864 kB
MemAvailable:    1350112 kB
Buffers:           93672 kB
Cached:          1185884 kB
MemTotal:        1844596 kB
MemFree:           97864 kB
MemAvailable:    1350112 kB
Buffers:           93672 kB
Cached:          1185884 kB
MemTotal:        1844596 kB
MemFree:           96404 kB
MemAvailable:    1348736 kB
Buffers:           93672 kB
Cached:          1186008 kB
MemTotal:        1844596 kB
MemFree:           97632 kB
MemAvailable:    1349964 kB
Buffers:           93672 kB
Cached:          1186008 kB
MemTotal:        1844596 kB
MemFree:           97884 kB
MemAvailable:    1350216 kB
Buffers:           93672 kB
Cached:          1186008 kB
MemTotal:        1844596 kB
MemFree:           97624 kB
MemAvailable:    1349956 kB
Buffers:           93672 kB
Cached:          1186008 kB
MemTotal:        1844596 kB
MemFree:           97428 kB
MemAvailable:    1349760 kB
Buffers:           93672 kB
Cached:          1186008 kB
MemTotal:        1844596 kB
MemFree:           97888 kB
MemAvailable:    1350220 kB
Buffers:           93672 kB
Cached:          1186008 kB
MemTotal:        1844596 kB
MemFree:           96936 kB
MemAvailable:    1349268 kB
Buffers:           93672 kB
Cached:          1186008 kB
MemTotal:        1844596 kB
MemFree:           97664 kB
MemAvailable:    1349996 kB
Buffers:           93672 kB
Cached:          1185972 kB
MemTotal:        1844596 kB
MemFree:           97664 kB
MemAvailable:    1350080 kB
Buffers:           93672 kB
Cached:          1185972 kB
MemTotal:        1844596 kB
MemFree:           96060 kB
MemAvailable:    1347804 kB
Buffers:           93672 kB
Cached:          1185340 kB
MemTotal:        1844596 kB
MemFree:          226688 kB
MemAvailable:    1478516 kB
Buffers:           93672 kB
Cached:          1185340 kB
MemTotal:        1844596 kB
MemFree:          175816 kB
MemAvailable:    1427560 kB
Buffers:           93672 kB
Cached:          1185340 kB
