MemTotal:        1844596 kB
MemFree:          289004 kB
MemAvailable:    1546716 kB
Buffers:           93956 kB
Cached:          1190588 kB
MemTotal:        1844596 kB
MemFree:          261452 kB
MemAvailable:    1519176 kB
Buffers:           93956 kB
Cached:          1190592 kB
MemTotal:        1844596 kB
MemFree:          260128 kB
MemAvailable:    1517852 kB
Buffers:           93956 kB
Cached:          1190592 kB
MemTotal:        1844596 kB
MemFree:          259244 kB
MemAvailable:    1516968 kB
Buffers:           93956 kB
Cached:          1190592 kB
MemTotal:        1844596 kB
MemFree:          259580 kB
MemAvailable:    1517304 kB
Buffers:           93956 kB
Cached:          1190592 kB
MemTotal:        1844596 kB
MemFree:          257880 kB
MemAvailable:    1515604 kB
Buffers:           93956 kB
Cached:          1190592 kB
MemTotal:        1844596 kB
MemFree:          257772 kB
MemAvailable:    1515496 kB
Buffers:           93956 kB
Cached:          1190592 kB
MemTotal:        1844596 kB
MemFree:          255036 kB
MemAvailable:    1512760 kB
Buffers:           93956 kB
Cached:          1190592 kB
MemTotal:        1844596 kB
MemFree:          252564 kB
MemAvailable:    1510288 kB
Buffers:           93956 kB
Cached:          1190592 kB
MemTotal:        1844596 kB
MemFree:          250332 kB
MemAvailable:    1508056 kB
Buffers:           93956 kB
Cached:          1190592 kB
MemTotal:        1844596 kB
MemFree:          245620 kB
MemAvailable:    1503344 kB
Buffers:           93956 kB
Cached:          1190592 kB
MemTotal:        1844596 kB
MemFree:          247852 kB
MemAvailable:    1505576 kB
Buffers:           93956 kB
Cached:          1190592 kB
MemTotal:        1844596 kB
MemFree:          247912 kB
MemAvailable:    1505636 kB
Buffers:           93956 kB
Cached:          1190592 kB
MemTotal:        1844596 kB
MemFree:          246604 kB
MemAvailable:    1504328 kB
Buffers:           93956 kB
Cached:          1190592 kB
MemTotal:        1844596 kB
MemFree:          247780 kB
MemAvailable:    1505504 kB
Buffers:           93956 kB
Cached:          1190592 kB
MemTotal:        1844596 kB
MemFree:          247540 kB
MemAvailable:    1505264 kB
Buffers:           93956 kB
Cached:          1190592 kB
MemTotal:        1844596 kB
MemFree:          246108 kB
MemAvailable:    1503832 kB
Buffers:           93956 kB
Cached:          1190592 kB
MemTotal:        1844596 kB
MemFree:          247092 kB
MemAvailable:    1504816 kB
Buffers:           93956 kB
Cached:          1190592 kB
MemTotal:        1844596 kB
MemFree:          247176 kB
MemAvailable:    1504900 kB
Buffers:           93956 kB
Cached:          1190592 kB
MemTotal:        1844596 kB
MemFree:          247244 kB
MemAvailable:    1504968 kB
Buffers:           93956 kB
Cached:          1190592 kB
MemTotal:        1844596 kB
MemFree:          245852 kB
MemAvailable:    1503576 kB
Buffers:           93956 kB
Cached:          1190592 kB
MemTotal:        1844596 kB
MemFree:          247092 kB
MemAvailable:    1504816 kB
Buffers:           93956 kB
Cached:          1190592 kB
MemTotal:        1844596 kB
MemFree:          245868 kB
MemAvailable:    1503592 kB
Buffers:           93956 kB
Cached:          1190592 kB
MemTotal:        1844596 kB
MemFree:          246604 kB
MemAvailable:    1504328 kB
Buffers:           93956 kB
Cached:          1190592 kB
MemTotal:        1844596 kB
MemFree:          246860 kB
MemAvailable:    1504584 kB
Buffers:           93956 kB
Cached:          1190592 kB
MemTotal:        1844596 kB
MemFree:          245364 kB
MemAvailable:    1503088 kB
Buffers:           93956 kB
Cached:          1190592 kB
MemTotal:        1844596 kB
MemFree:          245472 kB
MemAvailable:    1503196 kB
Buffers:           93956 kB
Cached:          1190592 kB
MemTotal:        1844596 kB
MemFree:          244564 kB
MemAvailable:    1502288 kB
Buffers:           93956 kB
Cached:          1190592 kB
MemTotal:        1844596 kB
MemFree:          244256 kB
MemAvailable:    1501980 kB
Buffers:           93956 kB
Cached:          1190592 kB
MemTotal:        1844596 kB
MemFree:          245124 kB
MemAvailable:    1502848 kB
Buffers:           93956 kB
Cached:          1190592 kB
MemTotal:        1844596 kB
MemFree:          245064 kB
MemAvailable:    1502788 kB
Buffers:           93956 kB
Cached:          1190592 kB
MemTotal:        1844596 kB
MemFree:          243892 kB
MemAvailable:    1501620 kB
Buffers:           93956 kB
Cached:          1190596 kB
MemTotal:        1844596 kB
MemFree:          244940 kB
MemAvailable:    1502668 kB
Buffers:           93956 kB
Cached:          1190596 kB
MemTotal:        1844596 kB
MemFree:          243760 kB
MemAvailable:    1501364 kB
Buffers:           93956 kB
Cached:          1190596 kB
MemTotal:        1844596 kB
MemFree:          244920 kB
MemAvailable:    1502648 kB
Buffers:           93956 kB
Cached:          1190596 kB
MemTotal:        1844596 kB
MemFree:          244696 kB
MemAvailable:    1502424 kB
Buffers:           93956 kB
Cached:          1190596 kB
MemTotal:        1844596 kB
MemFree:          244380 kB
MemAvailable:    1502108 kB
Buffers:           93956 kB
Cached:          1190596 kB
MemTotal:        1844596 kB
MemFree:          246116 kB
MemAvailable:    1503844 kB
Buffers:           93956 kB
Cached:          1190596 kB
MemTotal:        1844596 kB
MemFree:          246176 kB
MemAvailable:    1503904 kB
Buffers:           93956 kB
Cached:          1190596 kB
MemTotal:        1844596 kB
MemFree:          244744 kB
MemAvailable:    1502472 kB
Buffers:           93956 kB
Cached:          1190596 kB
MemTotal:        1844596 kB
MemFree:          243076 kB
MemAvailable:    1500804 kB
Buffers:           93956 kB
Cached:          1190596 kB
MemTotal:        1844596 kB
MemFree:          240544 kB
MemAvailable:    1498272 kB
Buffers:           93956 kB
Cached:          1190596 kB
MemTotal:        1844596 kB
MemFree:          241032 kB
MemAvailable:    1498764 kB
Buffers:           93956 kB
Cached:          1190600 kB
MemTotal:        1844596 kB
MemFree:          240776 kB
MemAvailable:    1498508 kB
Buffers:           93956 kB
Cached:          1190600 kB
MemTotal:        1844596 kB
MemFree:          241028 kB
MemAvailable:    1498760 kB
Buffers:           93956 kB
Cached:          1190600 kB
MemTotal:        1844596 kB
MemFree:          240604 kB
MemAvailable:    1498336 kB
Buffers:           93956 kB
Cached:          1190600 kB
MemTotal:        1844596 kB
MemFree:          240240 kB
MemAvailable:    1497972 kB
Buffers:           93956 kB
Cached:          1190600 kB
MemTotal:        1844596 kB
MemFree:          240532 kB
MemAvailable:    1498264 kB
Buffers:           93956 kB
Cached:          1190600 kB
MemTotal:        1844596 kB
MemFree:          239232 kB
MemAvailable:    1496964 kB
Buffers:           93956 kB
Cached:          1190600 kB
MemTotal:        1844596 kB
MemFree:          240532 kB
MemAvailable:    1498264 kB
Buffers:           93956 kB
Cached:          1190600 kB
MemTotal:        1844596 kB
MemFree:          240532 kB
MemAvailable:    1498264 kB
Buffers:           93956 kB
Cached:          1190600 kB
MemTotal:        1844596 kB
MemFree:          239224 kB
MemAvailable:    1496956 kB
Buffers:           93956 kB
Cached:          1190600 kB
MemTotal:        1844596 kB
MemFree:          240400 kB
MemAvailable:    1498132 kB
Buffers:           93956 kB
Cached:          1190600 kB
MemTotal:        1844596 kB
MemFree:          239092 kB
MemAvailable:    1496824 kB
Buffers:           93956 kB
Cached:          1190600 kB
MemTotal:        1844596 kB
MemFree:          240268 kB
MemAvailable:    1498000 kB
Buffers:           93956 kB
Cached:          1190600 kB
MemTotal:        1844596 kB
MemFree:          236684 kB
MemAvailable:    1494416 kB
Buffers:           93956 kB
Cached:          1190600 kB
MemTotal:        1844596 kB
MemFree:          236328 kB
MemAvailable:    1494060 kB
Buffers:           93956 kB
Cached:          1190600 kB
MemTotal:        1844596 kB
MemFree:          234644 kB
MemAvailable:    1492376 kB
Buffers:           93956 kB
Cached:          1190600 kB
MemTotal:        1844596 kB
MemFree:          233212 kB
MemAvailable:    1490944 kB
Buffers:           93956 kB
Cached:          1190600 kB
MemTotal:        1844596 kB
MemFree:          233832 kB
MemAvailable:    1491564 kB
Buffers:           93956 kB
Cached:          1190600 kB
MemTotal:        1844596 kB
MemFree:          234168 kB
MemAvailable:    1491900 kB
Buffers:           93956 kB
Cached:          1190600 kB
MemTotal:        1844596 kB
MemFree:          231848 kB
MemAvailable:    1489580 kB
Buffers:           93956 kB
Cached:          1190600 kB
MemTotal:        1844596 kB
MemFree:          231104 kB
MemAvailable:    1488836 kB
Buffers:           93956 kB
Cached:          1190600 kB
MemTotal:        1844596 kB
MemFree:          232104 kB
MemAvailable:    1489840 kB
Buffers:           93956 kB
Cached:          1190604 kB
MemTotal:        1844596 kB
MemFree:          231668 kB
MemAvailable:    1489404 kB
Buffers:           93956 kB
Cached:          1190604 kB
MemTotal:        1844596 kB
MemFree:          231924 kB
MemAvailable:    1489660 kB
Buffers:           93956 kB
Cached:          1190604 kB
MemTotal:        1844596 kB
MemFree:          230604 kB
MemAvailable:    1488340 kB
Buffers:           93956 kB
Cached:          1190604 kB
MemTotal:        1844596 kB
MemFree:          231928 kB
MemAvailable:    1489664 kB
Buffers:           93956 kB
Cached:          1190604 kB
MemTotal:        1844596 kB
MemFree:          230616 kB
MemAvailable:    1488352 kB
Buffers:           93956 kB
Cached:          1190604 kB
MemTotal:        1844596 kB
MemFree:          231468 kB
MemAvailable:    1489204 kB
Buffers:           93956 kB
Cached:          1190604 kB
MemTotal:        1844596 kB
MemFree:          231804 kB
MemAvailable:    1489540 kB
Buffers:           93956 kB
Cached:          1190604 kB
MemTotal:        1844596 kB
MemFree:          231636 kB
MemAvailable:    1489372 kB
Buffers:           93956 kB
Cached:          1190604 kB
MemTotal:        1844596 kB
MemFree:          231856 kB
MemAvailable:    1489592 kB
Buffers:           93956 kB
Cached:          1190604 kB
MemTotal:        1844596 kB
MemFree:          231580 kB
MemAvailable:    1489316 kB
Buffers:           93956 kB
Cached:          1190604 kB
MemTotal:        1844596 kB
MemFree:          231360 kB
MemAvailable:    1489096 kB
Buffers:           93956 kB
Cached:          1190604 kB
MemTotal:        1844596 kB
MemFree:          231552 kB
MemAvailable:    1489288 kB
Buffers:           93956 kB
Cached:          1190604 kB
MemTotal:        1844596 kB
MemFree:          231480 kB
MemAvailable:    1489216 kB
Buffers:           93956 kB
Cached:          1190604 kB
MemTotal:        1844596 kB
MemFree:          230492 kB
MemAvailable:    1488228 kB
Buffers:           93956 kB
Cached:          1190604 kB
MemTotal:        1844596 kB
MemFree:          231180 kB
MemAvailable:    1488916 kB
Buffers:           93956 kB
Cached:          1190604 kB
MemTotal:        1844596 kB
MemFree:          231516 kB
MemAvailable:    1489252 kB
Buffers:           93956 kB
Cached:          1190604 kB
MemTotal:        1844596 kB
MemFree:          231220 kB
MemAvailable:    1488956 kB
Buffers:           93956 kB
Cached:          1190604 kB
MemTotal:        1844596 kB
MemFree:          231112 kB
MemAvailable:    1488848 kB
Buffers:           93956 kB
Cached:          1190604 kB
MemTotal:        1844596 kB
MemFree:          231104 kB
MemAvailable:    1488840 kB
Buffers:           93956 kB
Cached:          1190604 kB
MemTotal:        1844596 kB
MemFree:          230500 kB
MemAvailable:    1488236 kB
Buffers:           93956 kB
Cached:          1190604 kB
MemTotal:        1844596 kB
MemFree:          227196 kB
MemAvailable:    1484932 kB
Buffers:           93956 kB
Cached:          1190604 kB
MemTotal:        1844596 kB
MemFree:          224848 kB
MemAvailable:    1482584 kB
Buffers:           93956 kB
Cached:          1190604 kB
MemTotal:        1844596 kB
MemFree:          222316 kB
MemAvailable:    1480052 kB
Buffers:           93956 kB
Cached:          1190604 kB
MemTotal:        1844596 kB
MemFree:          223036 kB
MemAvailable:    1480772 kB
Buffers:           93956 kB
Cached:          1190604 kB
MemTotal:        1844596 kB
MemFree:          222996 kB
MemAvailable:    1480732 kB
Buffers:           93956 kB
Cached:          1190604 kB
MemTotal:        1844596 kB
MemFree:          222972 kB
MemAvailable:    1480708 kB
Buffers:           93956 kB
Cached:          1190604 kB
MemTotal:        1844596 kB
MemFree:          223224 kB
MemAvailable:    1480960 kB
Buffers:           93956 kB
Cached:          1190604 kB
MemTotal:        1844596 kB
MemFree:          222996 kB
MemAvailable:    1480732 kB
Buffers:           93956 kB
Cached:          1190604 kB
MemTotal:        1844596 kB
MemFree:          222924 kB
MemAvailable:    1480660 kB
Buffers:           93956 kB
Cached:          1190604 kB
MemTotal:        1844596 kB
MemFree:          222468 kB
MemAvailable:    1480204 kB
Buffers:           93956 kB
Cached:          1190604 kB
MemTotal:        1844596 kB
MemFree:          222804 kB
MemAvailable:    1480540 kB
Buffers:           93956 kB
Cached:          1190604 kB
MemTotal:        1844596 kB
MemFree:          222644 kB
MemAvailable:    1480380 kB
Buffers:           93956 kB
Cached:          1190604 kB
MemTotal:        1844596 kB
MemFree:          222824 kB
MemAvailable:    1480560 kB
Buffers:           93956 kB
Cached:          1190604 kB
MemTotal:        1844596 kB
MemFree:          222624 kB
MemAvailable:    1480360 kB
Buffers:           93956 kB
Cached:          1190604 kB
MemTotal:        1844596 kB
MemFree:          222880 kB
MemAvailable:    1480616 kB
Buffers:           93956 kB
Cached:          1190604 kB
MemTotal:        1844596 kB
MemFree:          222540 kB
MemAvailable:    1480276 kB
Buffers:           93956 kB
Cached:          1190604 kB
MemTotal:        1844596 kB
MemFree:          222652 kB
MemAvailable:    1480388 kB
Buffers:           93956 kB
Cached:          1190604 kB
MemTotal:        1844596 kB
MemFree:          222804 kB
MemAvailable:    1480540 kB
Buffers:           93956 kB
Cached:          1190604 kB
MemTotal:        1844596 kB
MemFree:          222720 kB
MemAvailable:    1480456 kB
Buffers:           93956 kB
Cached:          1190604 kB
MemTotal:        1844596 kB
MemFree:          222480 kB
MemAvailable:    1480216 kB
Buffers:           93956 kB
Cached:          1190604 kB
MemTotal:        1844596 kB
MemFree:          222816 kB
MemAvailable:    1480552 kB
Buffers:           93956 kB
Cached:          1190604 kB
MemTotal:        1844596 kB
MemFree:          222844 kB
MemAvailable:    1480580 kB
Buffers:           93956 kB
Cached:          1190604 kB
MemTotal:        1844596 kB
MemFree:          221564 kB
MemAvailable:    1479304 kB
Buffers:           93956 kB
Cached:          1190608 kB
MemTotal:        1844596 kB
MemFree:          221564 kB
MemAvailable:    1479304 kB
Buffers:           93956 kB
Cached:          1190608 kB
MemTotal:        1844596 kB
MemFree:          221516 kB
MemAvailable:    1479256 kB
Buffers:           93956 kB
Cached:          1190608 kB
MemTotal:        1844596 kB
MemFree:          222540 kB
MemAvailable:    1480280 kB
Buffers:           93956 kB
Cached:          1190608 kB
MemTotal:        1844596 kB
MemFree:          222876 kB
MemAvailable:    1480616 kB
Buffers:           93956 kB
Cached:          1190608 kB
MemTotal:        1844596 kB
MemFree:          222792 kB
MemAvailable:    1480532 kB
Buffers:           93956 kB
Cached:          1190608 kB
MemTotal:        1844596 kB
MemFree:          220924 kB
MemAvailable:    1478664 kB
Buffers:           93956 kB
Cached:          1190608 kB
MemTotal:        1844596 kB
MemFree:          218960 kB
MemAvailable:    1476700 kB
Buffers:           93956 kB
Cached:          1190608 kB
MemTotal:        1844596 kB
MemFree:          213876 kB
MemAvailable:    1471616 kB
Buffers:           93956 kB
Cached:          1190608 kB
MemTotal:        1844596 kB
MemFree:          213496 kB
MemAvailable:    1471236 kB
Buffers:           93956 kB
Cached:          1190608 kB
MemTotal:        1844596 kB
MemFree:          213372 kB
MemAvailable:    1471112 kB
Buffers:           93956 kB
Cached:          1190608 kB
MemTotal:        1844596 kB
MemFree:          213320 kB
MemAvailable:    1471060 kB
Buffers:           93956 kB
Cached:          1190608 kB
MemTotal:        1844596 kB
MemFree:          213248 kB
MemAvailable:    1470988 kB
Buffers:           93956 kB
Cached:          1190608 kB
MemTotal:        1844596 kB
MemFree:          212016 kB
MemAvailable:    1469756 kB
Buffers:           93956 kB
Cached:          1190608 kB
MemTotal:        1844596 kB
MemFree:          211768 kB
MemAvailable:    1469508 kB
Buffers:           93956 kB
Cached:          1190608 kB
MemTotal:        1844596 kB
MemFree:          210156 kB
MemAvailable:    1467896 kB
Buffers:           93956 kB
Cached:          1190608 kB
MemTotal:        1844596 kB
MemFree:          209908 kB
MemAvailable:    1467648 kB
Buffers:           93956 kB
Cached:          1190608 kB
MemTotal:        1844596 kB
MemFree:          211132 kB
MemAvailable:    1468872 kB
Buffers:           93956 kB
Cached:          1190608 kB
MemTotal:        1844596 kB
MemFree:          210032 kB
MemAvailable:    1467772 kB
Buffers:           93956 kB
Cached:          1190608 kB
MemTotal:        1844596 kB
MemFree:          211072 kB
MemAvailable:    1468812 kB
Buffers:           93956 kB
Cached:          1190608 kB
MemTotal:        1844596 kB
MemFree:          210760 kB
MemAvailable:    1468500 kB
Buffers:           93956 kB
Cached:          1190608 kB
MemTotal:        1844596 kB
MemFree:          211096 kB
MemAvailable:    1468836 kB
Buffers:           93956 kB
Cached:          1190608 kB
MemTotal:        1844596 kB
MemFree:          209604 kB
MemAvailable:    1467344 kB
Buffers:           93956 kB
Cached:          1190608 kB
MemTotal:        1844596 kB
MemFree:          211088 kB
MemAvailable:    1468828 kB
Buffers:           93956 kB
Cached:          1190608 kB
MemTotal:        1844596 kB
MemFree:          209604 kB
MemAvailable:    1467344 kB
Buffers:           93956 kB
Cached:          1190608 kB
MemTotal:        1844596 kB
MemFree:          210872 kB
MemAvailable:    1468612 kB
Buffers:           93956 kB
Cached:          1190608 kB
MemTotal:        1844596 kB
MemFree:          211124 kB
MemAvailable:    1468864 kB
Buffers:           93956 kB
Cached:          1190608 kB
MemTotal:        1844596 kB
MemFree:          209480 kB
MemAvailable:    1467220 kB
Buffers:           93956 kB
Cached:          1190608 kB
MemTotal:        1844596 kB
MemFree:          209604 kB
MemAvailable:    1467344 kB
Buffers:           93956 kB
Cached:          1190608 kB
MemTotal:        1844596 kB
MemFree:          210760 kB
MemAvailable:    1468500 kB
Buffers:           93956 kB
Cached:          1190608 kB
MemTotal:        1844596 kB
MemFree:          211012 kB
MemAvailable:    1468752 kB
Buffers:           93956 kB
Cached:          1190608 kB
MemTotal:        1844596 kB
MemFree:          209480 kB
MemAvailable:    1467220 kB
Buffers:           93956 kB
Cached:          1190608 kB
MemTotal:        1844596 kB
MemFree:          210748 kB
MemAvailable:    1468488 kB
Buffers:           93956 kB
Cached:          1190608 kB
MemTotal:        1844596 kB
MemFree:          210652 kB
MemAvailable:    1468392 kB
Buffers:           93956 kB
Cached:          1190608 kB
MemTotal:        1844596 kB
MemFree:          210888 kB
MemAvailable:    1468628 kB
Buffers:           93956 kB
Cached:          1190608 kB
MemTotal:        1844596 kB
MemFree:          210956 kB
MemAvailable:    1468696 kB
Buffers:           93956 kB
Cached:          1190608 kB
MemTotal:        1844596 kB
MemFree:          211124 kB
MemAvailable:    1468864 kB
Buffers:           93956 kB
Cached:          1190608 kB
MemTotal:        1844596 kB
MemFree:          211016 kB
MemAvailable:    1468756 kB
Buffers:           93956 kB
Cached:          1190608 kB
MemTotal:        1844596 kB
MemFree:          209588 kB
MemAvailable:    1467328 kB
Buffers:           93956 kB
Cached:          1190608 kB
MemTotal:        1844596 kB
MemFree:          210932 kB
MemAvailable:    1468672 kB
Buffers:           93956 kB
Cached:          1190608 kB
MemTotal:        1844596 kB
MemFree:          211052 kB
MemAvailable:    1468792 kB
Buffers:           93956 kB
Cached:          1190608 kB
MemTotal:        1844596 kB
MemFree:          210288 kB
MemAvailable:    1468028 kB
Buffers:           93956 kB
Cached:          1190608 kB
MemTotal:        1844596 kB
MemFree:          209660 kB
MemAvailable:    1467400 kB
Buffers:           93956 kB
Cached:          1190608 kB
MemTotal:        1844596 kB
MemFree:          210884 kB
MemAvailable:    1468624 kB
Buffers:           93956 kB
Cached:          1190608 kB
MemTotal:        1844596 kB
MemFree:          210652 kB
MemAvailable:    1468392 kB
Buffers:           93956 kB
Cached:          1190608 kB
MemTotal:        1844596 kB
MemFree:          210888 kB
MemAvailable:    1468628 kB
Buffers:           93956 kB
Cached:          1190608 kB
MemTotal:        1844596 kB
MemFree:          210936 kB
MemAvailable:    1468676 kB
Buffers:           93956 kB
Cached:          1190608 kB
MemTotal:        1844596 kB
MemFree:          210156 kB
MemAvailable:    1467896 kB
Buffers:           93956 kB
Cached:          1190608 kB
MemTotal:        1844596 kB
MemFree:          209580 kB
MemAvailable:    1467324 kB
Buffers:           93956 kB
Cached:          1190612 kB
MemTotal:        1844596 kB
MemFree:          209660 kB
MemAvailable:    1467404 kB
Buffers:           93956 kB
Cached:          1190612 kB
MemTotal:        1844596 kB
MemFree:          210836 kB
MemAvailable:    1468580 kB
Buffers:           93956 kB
Cached:          1190612 kB
MemTotal:        1844596 kB
MemFree:          210840 kB
MemAvailable:    1468584 kB
Buffers:           93956 kB
Cached:          1190612 kB
MemTotal:        1844596 kB
MemFree:          211008 kB
MemAvailable:    1468752 kB
Buffers:           93956 kB
Cached:          1190612 kB
MemTotal:        1844596 kB
MemFree:          209480 kB
MemAvailable:    1467224 kB
Buffers:           93956 kB
Cached:          1190612 kB
MemTotal:        1844596 kB
MemFree:          210772 kB
MemAvailable:    1468516 kB
Buffers:           93956 kB
Cached:          1190612 kB
MemTotal:        1844596 kB
MemFree:          209640 kB
MemAvailable:    1467384 kB
Buffers:           93956 kB
Cached:          1190612 kB
MemTotal:        1844596 kB
MemFree:          210892 kB
MemAvailable:    1468636 kB
Buffers:           93956 kB
Cached:          1190612 kB
MemTotal:        1844596 kB
MemFree:          210828 kB
MemAvailable:    1468572 kB
Buffers:           93956 kB
Cached:          1190612 kB
MemTotal:        1844596 kB
MemFree:          211080 kB
MemAvailable:    1468824 kB
Buffers:           93956 kB
Cached:          1190612 kB
MemTotal:        1844596 kB
MemFree:          209612 kB
MemAvailable:    1467356 kB
Buffers:           93956 kB
Cached:          1190612 kB
MemTotal:        1844596 kB
MemFree:          210884 kB
MemAvailable:    1468628 kB
Buffers:           93956 kB
Cached:          1190612 kB
MemTotal:        1844596 kB
MemFree:          211136 kB
MemAvailable:    1468880 kB
Buffers:           93956 kB
Cached:          1190612 kB
MemTotal:        1844596 kB
MemFree:          210580 kB
MemAvailable:    1468324 kB
Buffers:           93956 kB
Cached:          1190612 kB
MemTotal:        1844596 kB
MemFree:          210404 kB
MemAvailable:    1468148 kB
Buffers:           93956 kB
Cached:          1190612 kB
MemTotal:        1844596 kB
MemFree:          210472 kB
MemAvailable:    1468216 kB
Buffers:           93956 kB
Cached:          1190612 kB
MemTotal:        1844596 kB
MemFree:          210324 kB
MemAvailable:    1468068 kB
Buffers:           93956 kB
Cached:          1190612 kB
MemTotal:        1844596 kB
MemFree:          210660 kB
MemAvailable:    1468404 kB
Buffers:           93956 kB
Cached:          1190612 kB
MemTotal:        1844596 kB
MemFree:          210508 kB
MemAvailable:    1468252 kB
Buffers:           93956 kB
Cached:          1190612 kB
MemTotal:        1844596 kB
MemFree:          210488 kB
MemAvailable:    1468232 kB
Buffers:           93956 kB
Cached:          1190612 kB
MemTotal:        1844596 kB
MemFree:          210404 kB
MemAvailable:    1468148 kB
Buffers:           93956 kB
Cached:          1190612 kB
MemTotal:        1844596 kB
MemFree:          209024 kB
MemAvailable:    1466768 kB
Buffers:           93956 kB
Cached:          1190612 kB
MemTotal:        1844596 kB
MemFree:          209148 kB
MemAvailable:    1466892 kB
Buffers:           93956 kB
Cached:          1190612 kB
MemTotal:        1844596 kB
MemFree:          210404 kB
MemAvailable:    1468156 kB
Buffers:           93956 kB
Cached:          1190620 kB
MemTotal:        1844596 kB
MemFree:          209892 kB
MemAvailable:    1467644 kB
Buffers:           93956 kB
Cached:          1190620 kB
MemTotal:        1844596 kB
MemFree:          209536 kB
MemAvailable:    1467288 kB
Buffers:           93956 kB
Cached:          1190620 kB
MemTotal:        1844596 kB
MemFree:          208612 kB
MemAvailable:    1466364 kB
Buffers:           93956 kB
Cached:          1190620 kB
MemTotal:        1844596 kB
MemFree:          208860 kB
MemAvailable:    1466612 kB
Buffers:           93956 kB
Cached:          1190620 kB
MemTotal:        1844596 kB
MemFree:          209904 kB
MemAvailable:    1467656 kB
Buffers:           93956 kB
Cached:          1190620 kB
MemTotal:        1844596 kB
MemFree:          209976 kB
MemAvailable:    1467728 kB
Buffers:           93956 kB
Cached:          1190620 kB
MemTotal:        1844596 kB
MemFree:          209840 kB
MemAvailable:    1467592 kB
Buffers:           93956 kB
Cached:          1190620 kB
MemTotal:        1844596 kB
MemFree:          210092 kB
MemAvailable:    1467844 kB
Buffers:           93956 kB
Cached:          1190620 kB
MemTotal:        1844596 kB
MemFree:          209920 kB
MemAvailable:    1467672 kB
Buffers:           93956 kB
Cached:          1190620 kB
MemTotal:        1844596 kB
MemFree:          208608 kB
MemAvailable:    1466360 kB
Buffers:           93956 kB
Cached:          1190620 kB
MemTotal:        1844596 kB
MemFree:          208608 kB
MemAvailable:    1466360 kB
Buffers:           93956 kB
Cached:          1190620 kB
MemTotal:        1844596 kB
MemFree:          208608 kB
MemAvailable:    1466360 kB
Buffers:           93956 kB
Cached:          1190620 kB
MemTotal:        1844596 kB
MemFree:          209624 kB
MemAvailable:    1467376 kB
Buffers:           93956 kB
Cached:          1190620 kB
MemTotal:        1844596 kB
MemFree:          209768 kB
MemAvailable:    1467520 kB
Buffers:           93956 kB
Cached:          1190620 kB
MemTotal:        1844596 kB
MemFree:          208408 kB
MemAvailable:    1466160 kB
Buffers:           93956 kB
Cached:          1190620 kB
MemTotal:        1844596 kB
MemFree:          209768 kB
MemAvailable:    1467520 kB
Buffers:           93956 kB
Cached:          1190620 kB
MemTotal:        1844596 kB
MemFree:          209896 kB
MemAvailable:    1467648 kB
Buffers:           93956 kB
Cached:          1190620 kB
MemTotal:        1844596 kB
MemFree:          205940 kB
MemAvailable:    1463692 kB
Buffers:           93956 kB
Cached:          1190620 kB
MemTotal:        1844596 kB
MemFree:          200544 kB
MemAvailable:    1458296 kB
Buffers:           93956 kB
Cached:          1190620 kB
MemTotal:        1844596 kB
MemFree:          198500 kB
MemAvailable:    1456252 kB
Buffers:           93956 kB
Cached:          1190620 kB
MemTotal:        1844596 kB
MemFree:          199676 kB
MemAvailable:    1457428 kB
Buffers:           93956 kB
Cached:          1190620 kB
MemTotal:        1844596 kB
MemFree:          197880 kB
MemAvailable:    1455632 kB
Buffers:           93956 kB
Cached:          1190620 kB
MemTotal:        1844596 kB
MemFree:          198924 kB
MemAvailable:    1456676 kB
Buffers:           93956 kB
Cached:          1190620 kB
MemTotal:        1844596 kB
MemFree:          197616 kB
MemAvailable:    1455368 kB
Buffers:           93956 kB
Cached:          1190620 kB
MemTotal:        1844596 kB
MemFree:          198360 kB
MemAvailable:    1456112 kB
Buffers:           93956 kB
Cached:          1190620 kB
MemTotal:        1844596 kB
MemFree:          198500 kB
MemAvailable:    1456252 kB
Buffers:           93956 kB
Cached:          1190620 kB
MemTotal:        1844596 kB
MemFree:          197080 kB
MemAvailable:    1454832 kB
Buffers:           93956 kB
Cached:          1190620 kB
MemTotal:        1844596 kB
MemFree:          196020 kB
MemAvailable:    1453772 kB
Buffers:           93956 kB
Cached:          1190620 kB
MemTotal:        1844596 kB
MemFree:          196700 kB
MemAvailable:    1454452 kB
Buffers:           93956 kB
Cached:          1190620 kB
MemTotal:        1844596 kB
MemFree:          196376 kB
MemAvailable:    1454128 kB
Buffers:           93956 kB
Cached:          1190620 kB
MemTotal:        1844596 kB
MemFree:          196524 kB
MemAvailable:    1454276 kB
Buffers:           93956 kB
Cached:          1190620 kB
MemTotal:        1844596 kB
MemFree:          196344 kB
MemAvailable:    1454096 kB
Buffers:           93956 kB
Cached:          1190620 kB
MemTotal:        1844596 kB
MemFree:          196464 kB
MemAvailable:    1454216 kB
Buffers:           93956 kB
Cached:          1190620 kB
MemTotal:        1844596 kB
MemFree:          196456 kB
MemAvailable:    1454208 kB
Buffers:           93956 kB
Cached:          1190620 kB
MemTotal:        1844596 kB
MemFree:          196384 kB
MemAvailable:    1454136 kB
Buffers:           93956 kB
Cached:          1190620 kB
MemTotal:        1844596 kB
MemFree:          196596 kB
MemAvailable:    1454348 kB
Buffers:           93956 kB
Cached:          1190620 kB
MemTotal:        1844596 kB
MemFree:          196344 kB
MemAvailable:    1454096 kB
Buffers:           93956 kB
Cached:          1190620 kB
MemTotal:        1844596 kB
MemFree:          196400 kB
MemAvailable:    1454152 kB
Buffers:           93956 kB
Cached:          1190620 kB
MemTotal:        1844596 kB
MemFree:          195656 kB
MemAvailable:    1453408 kB
Buffers:           93956 kB
Cached:          1190620 kB
MemTotal:        1844596 kB
MemFree:          196260 kB
MemAvailable:    1454012 kB
Buffers:           93956 kB
Cached:          1190620 kB
MemTotal:        1844596 kB
MemFree:          196516 kB
MemAvailable:    1454268 kB
Buffers:           93956 kB
Cached:          1190620 kB
MemTotal:        1844596 kB
MemFree:          195020 kB
MemAvailable:    1452772 kB
Buffers:           93956 kB
Cached:          1190620 kB
MemTotal:        1844596 kB
MemFree:          196320 kB
MemAvailable:    1454072 kB
Buffers:           93956 kB
Cached:          1190620 kB
MemTotal:        1844596 kB
MemFree:          195640 kB
MemAvailable:    1453392 kB
Buffers:           93956 kB
Cached:          1190620 kB
MemTotal:        1844596 kB
MemFree:          195640 kB
MemAvailable:    1453392 kB
Buffers:           93956 kB
Cached:          1190620 kB
MemTotal:        1844596 kB
MemFree:          194656 kB
MemAvailable:    1452408 kB
Buffers:           93956 kB
Cached:          1190620 kB
MemTotal:        1844596 kB
MemFree:          193292 kB
MemAvailable:    1451044 kB
Buffers:           93956 kB
Cached:          1190620 kB
MemTotal:        1844596 kB
MemFree:          193168 kB
MemAvailable:    1450920 kB
Buffers:           93956 kB
Cached:          1190620 kB
MemTotal:        1844596 kB
MemFree:          194276 kB
MemAvailable:    1452028 kB
Buffers:           93956 kB
Cached:          1190620 kB
MemTotal:        1844596 kB
MemFree:          193052 kB
MemAvailable:    1450804 kB
Buffers:           93956 kB
Cached:          1190620 kB
MemTotal:        1844596 kB
MemFree:          193400 kB
MemAvailable:    1451152 kB
Buffers:           93956 kB
Cached:          1190620 kB
MemTotal:        1844596 kB
MemFree:          193484 kB
MemAvailable:    1451236 kB
Buffers:           93956 kB
Cached:          1190620 kB
MemTotal:        1844596 kB
MemFree:          191988 kB
MemAvailable:    1449740 kB
Buffers:           93956 kB
Cached:          1190620 kB
MemTotal:        1844596 kB
MemFree:          192236 kB
MemAvailable:    1449988 kB
Buffers:           93956 kB
Cached:          1190620 kB
MemTotal:        1844596 kB
MemFree:          192104 kB
MemAvailable:    1449856 kB
Buffers:           93956 kB
Cached:          1190620 kB
MemTotal:        1844596 kB
MemFree:          191424 kB
MemAvailable:    1449176 kB
Buffers:           93956 kB
Cached:          1190620 kB
MemTotal:        1844596 kB
MemFree:          191508 kB
MemAvailable:    1449260 kB
Buffers:           93956 kB
Cached:          1190620 kB
MemTotal:        1844596 kB
MemFree:          191236 kB
MemAvailable:    1448988 kB
Buffers:           93956 kB
Cached:          1190620 kB
MemTotal:        1844596 kB
MemFree:          189936 kB
MemAvailable:    1447688 kB
Buffers:           93956 kB
Cached:          1190620 kB
MemTotal:        1844596 kB
MemFree:          191252 kB
MemAvailable:    1449004 kB
Buffers:           93956 kB
Cached:          1190620 kB
MemTotal:        1844596 kB
MemFree:          191252 kB
MemAvailable:    1449004 kB
Buffers:           93956 kB
Cached:          1190620 kB
MemTotal:        1844596 kB
MemFree:          191320 kB
MemAvailable:    1449072 kB
Buffers:           93956 kB
Cached:          1190620 kB
MemTotal:        1844596 kB
MemFree:          191316 kB
MemAvailable:    1449068 kB
Buffers:           93956 kB
Cached:          1190620 kB
MemTotal:        1844596 kB
MemFree:          191176 kB
MemAvailable:    1448928 kB
Buffers:           93956 kB
Cached:          1190620 kB
MemTotal:        1844596 kB
MemFree:          191068 kB
MemAvailable:    1448820 kB
Buffers:           93956 kB
Cached:          1190620 kB
MemTotal:        1844596 kB
MemFree:          189896 kB
MemAvailable:    1447648 kB
Buffers:           93956 kB
Cached:          1190620 kB
MemTotal:        1844596 kB
MemFree:          191188 kB
MemAvailable:    1448940 kB
Buffers:           93956 kB
Cached:          1190620 kB
MemTotal:        1844596 kB
MemFree:          191064 kB
MemAvailable:    1448816 kB
Buffers:           93956 kB
Cached:          1190620 kB
MemTotal:        1844596 kB
MemFree:          189756 kB
MemAvailable:    1447508 kB
Buffers:           93956 kB
Cached:          1190620 kB
MemTotal:        1844596 kB
MemFree:          189624 kB
MemAvailable:    1447376 kB
Buffers:           93956 kB
Cached:          1190620 kB
MemTotal:        1844596 kB
MemFree:          190900 kB
MemAvailable:    1448652 kB
Buffers:           93956 kB
Cached:          1190620 kB
MemTotal:        1844596 kB
MemFree:          191152 kB
MemAvailable:    1448904 kB
Buffers:           93956 kB
Cached:          1190620 kB
MemTotal:        1844596 kB
MemFree:          189696 kB
MemAvailable:    1447456 kB
Buffers:           93956 kB
Cached:          1190628 kB
MemTotal:        1844596 kB
MemFree:          191120 kB
MemAvailable:    1448880 kB
Buffers:           93956 kB
Cached:          1190628 kB
MemTotal:        1844596 kB
MemFree:          189648 kB
MemAvailable:    1447408 kB
Buffers:           93956 kB
Cached:          1190628 kB
MemTotal:        1844596 kB
MemFree:          189812 kB
MemAvailable:    1447572 kB
Buffers:           93956 kB
Cached:          1190628 kB
MemTotal:        1844596 kB
MemFree:          189640 kB
MemAvailable:    1447400 kB
Buffers:           93956 kB
Cached:          1190628 kB
MemTotal:        1844596 kB
MemFree:          190880 kB
MemAvailable:    1448640 kB
Buffers:           93956 kB
Cached:          1190628 kB
MemTotal:        1844596 kB
MemFree:          191136 kB
MemAvailable:    1448896 kB
Buffers:           93956 kB
Cached:          1190628 kB
MemTotal:        1844596 kB
MemFree:          189896 kB
MemAvailable:    1447656 kB
Buffers:           93956 kB
Cached:          1190628 kB
MemTotal:        1844596 kB
MemFree:          191196 kB
MemAvailable:    1448956 kB
Buffers:           93956 kB
Cached:          1190628 kB
MemTotal:        1844596 kB
MemFree:          188704 kB
MemAvailable:    1446464 kB
Buffers:           93956 kB
Cached:          1190628 kB
MemTotal:        1844596 kB
MemFree:          189688 kB
MemAvailable:    1447448 kB
Buffers:           93956 kB
Cached:          1190628 kB
MemTotal:        1844596 kB
MemFree:          189944 kB
MemAvailable:    1447704 kB
Buffers:           93956 kB
Cached:          1190628 kB
MemTotal:        1844596 kB
MemFree:          188020 kB
MemAvailable:    1445780 kB
Buffers:           93956 kB
Cached:          1190628 kB
MemTotal:        1844596 kB
MemFree:          186652 kB
MemAvailable:    1444412 kB
Buffers:           93956 kB
Cached:          1190628 kB
MemTotal:        1844596 kB
MemFree:          185416 kB
MemAvailable:    1443176 kB
Buffers:           93956 kB
Cached:          1190628 kB
MemTotal:        1844596 kB
MemFree:          183432 kB
MemAvailable:    1441192 kB
Buffers:           93956 kB
Cached:          1190628 kB
MemTotal:        1844596 kB
MemFree:          179280 kB
MemAvailable:    1437040 kB
Buffers:           93956 kB
Cached:          1190628 kB
MemTotal:        1844596 kB
MemFree:          175420 kB
MemAvailable:    1433180 kB
Buffers:           93956 kB
Cached:          1190628 kB
MemTotal:        1844596 kB
MemFree:          175312 kB
MemAvailable:    1433072 kB
Buffers:           93956 kB
Cached:          1190628 kB
MemTotal:        1844596 kB
MemFree:          172644 kB
MemAvailable:    1430404 kB
Buffers:           93956 kB
Cached:          1190628 kB
MemTotal:        1844596 kB
MemFree:          172388 kB
MemAvailable:    1430148 kB
Buffers:           93956 kB
Cached:          1190628 kB
MemTotal:        1844596 kB
MemFree:          171476 kB
MemAvailable:    1429236 kB
Buffers:           93956 kB
Cached:          1190628 kB
MemTotal:        1844596 kB
MemFree:          172196 kB
MemAvailable:    1429956 kB
Buffers:           93956 kB
Cached:          1190628 kB
MemTotal:        1844596 kB
MemFree:          172336 kB
MemAvailable:    1430096 kB
Buffers:           93956 kB
Cached:          1190628 kB
MemTotal:        1844596 kB
MemFree:          172148 kB
MemAvailable:    1429908 kB
Buffers:           93956 kB
Cached:          1190628 kB
MemTotal:        1844596 kB
MemFree:          171040 kB
MemAvailable:    1428800 kB
Buffers:           93956 kB
Cached:          1190628 kB
MemTotal:        1844596 kB
MemFree:          172024 kB
MemAvailable:    1429784 kB
Buffers:           93956 kB
Cached:          1190628 kB
MemTotal:        1844596 kB
MemFree:          172192 kB
MemAvailable:    1429952 kB
Buffers:           93956 kB
Cached:          1190628 kB
MemTotal:        1844596 kB
MemFree:          170676 kB
MemAvailable:    1428436 kB
Buffers:           93956 kB
Cached:          1190628 kB
MemTotal:        1844596 kB
MemFree:          172084 kB
MemAvailable:    1429844 kB
Buffers:           93956 kB
Cached:          1190628 kB
MemTotal:        1844596 kB
MemFree:          171460 kB
MemAvailable:    1429220 kB
Buffers:           93956 kB
Cached:          1190628 kB
MemTotal:        1844596 kB
MemFree:          171104 kB
MemAvailable:    1428864 kB
Buffers:           93956 kB
Cached:          1190628 kB
MemTotal:        1844596 kB
MemFree:          171296 kB
MemAvailable:    1429056 kB
Buffers:           93956 kB
Cached:          1190628 kB
MemTotal:        1844596 kB
MemFree:          170476 kB
MemAvailable:    1428236 kB
Buffers:           93956 kB
Cached:          1190628 kB
MemTotal:        1844596 kB
MemFree:          171068 kB
MemAvailable:    1428828 kB
Buffers:           93956 kB
Cached:          1190628 kB
MemTotal:        1844596 kB
MemFree:          171404 kB
MemAvailable:    1429164 kB
Buffers:           93956 kB
Cached:          1190628 kB
MemTotal:        1844596 kB
MemFree:          171568 kB
MemAvailable:    1429328 kB
Buffers:           93956 kB
Cached:          1190628 kB
MemTotal:        1844596 kB
MemFree:          171444 kB
MemAvailable:    1429204 kB
Buffers:           93956 kB
Cached:          1190628 kB
MemTotal:        1844596 kB
MemFree:          171016 kB
MemAvailable:    1428776 kB
Buffers:           93956 kB
Cached:          1190628 kB
MemTotal:        1844596 kB
MemFree:          170828 kB
MemAvailable:    1428588 kB
Buffers:           93956 kB
Cached:          1190628 kB
MemTotal:        1844596 kB
MemFree:          170104 kB
MemAvailable:    1427864 kB
Buffers:           93956 kB
Cached:          1190628 kB
MemTotal:        1844596 kB
MemFree:          171448 kB
MemAvailable:    1429208 kB
Buffers:           93956 kB
Cached:          1190628 kB
MemTotal:        1844596 kB
MemFree:          171344 kB
MemAvailable:    1429104 kB
Buffers:           93956 kB
Cached:          1190628 kB
MemTotal:        1844596 kB
MemFree:          171204 kB
MemAvailable:    1428964 kB
Buffers:           93956 kB
Cached:          1190628 kB
MemTotal:        1844596 kB
MemFree:          171344 kB
MemAvailable:    1429104 kB
Buffers:           93956 kB
Cached:          1190628 kB
MemTotal:        1844596 kB
MemFree:          171392 kB
MemAvailable:    1429152 kB
Buffers:           93956 kB
Cached:          1190628 kB
MemTotal:        1844596 kB
MemFree:          171244 kB
MemAvailable:    1429004 kB
Buffers:           93956 kB
Cached:          1190628 kB
MemTotal:        1844596 kB
MemFree:          170856 kB
MemAvailable:    1428616 kB
Buffers:           93956 kB
Cached:          1190628 kB
MemTotal:        1844596 kB
MemFree:          171080 kB
MemAvailable:    1428840 kB
Buffers:           93956 kB
Cached:          1190628 kB
MemTotal:        1844596 kB
MemFree:          171416 kB
MemAvailable:    1429176 kB
Buffers:           93956 kB
Cached:          1190628 kB
MemTotal:        1844596 kB
MemFree:          171220 kB
MemAvailable:    1428980 kB
Buffers:           93956 kB
Cached:          1190628 kB
MemTotal:        1844596 kB
MemFree:          171572 kB
MemAvailable:    1429332 kB
Buffers:           93956 kB
Cached:          1190628 kB
MemTotal:        1844596 kB
MemFree:          169972 kB
MemAvailable:    1427732 kB
Buffers:           93956 kB
Cached:          1190628 kB
MemTotal:        1844596 kB
MemFree:          171164 kB
MemAvailable:    1428924 kB
Buffers:           93956 kB
Cached:          1190628 kB
MemTotal:        1844596 kB
MemFree:          170484 kB
MemAvailable:    1428244 kB
Buffers:           93956 kB
Cached:          1190628 kB
MemTotal:        1844596 kB
MemFree:          167252 kB
MemAvailable:    1425012 kB
Buffers:           93956 kB
Cached:          1190628 kB
MemTotal:        1844596 kB
MemFree:          163524 kB
MemAvailable:    1421284 kB
Buffers:           93956 kB
Cached:          1190628 kB
MemTotal:        1844596 kB
MemFree:          162920 kB
MemAvailable:    1420680 kB
Buffers:           93956 kB
Cached:          1190628 kB
MemTotal:        1844596 kB
MemFree:          160060 kB
MemAvailable:    1417820 kB
Buffers:           93956 kB
Cached:          1190628 kB
MemTotal:        1844596 kB
MemFree:          157332 kB
MemAvailable:    1415092 kB
Buffers:           93956 kB
Cached:          1190628 kB
MemTotal:        1844596 kB
MemFree:          153852 kB
MemAvailable:    1411616 kB
Buffers:           93956 kB
Cached:          1190632 kB
MemTotal:        1844596 kB
MemFree:          153472 kB
MemAvailable:    1411236 kB
Buffers:           93956 kB
Cached:          1190632 kB
MemTotal:        1844596 kB
MemFree:          153556 kB
MemAvailable:    1411320 kB
Buffers:           93956 kB
Cached:          1190632 kB
MemTotal:        1844596 kB
MemFree:          152068 kB
MemAvailable:    1409832 kB
Buffers:           93956 kB
Cached:          1190632 kB
MemTotal:        1844596 kB
MemFree:          152360 kB
MemAvailable:    1410124 kB
Buffers:           93956 kB
Cached:          1190632 kB
MemTotal:        1844596 kB
MemFree:          153488 kB
MemAvailable:    1411252 kB
Buffers:           93956 kB
Cached:          1190632 kB
MemTotal:        1844596 kB
MemFree:          152752 kB
MemAvailable:    1410516 kB
Buffers:           93956 kB
Cached:          1190632 kB
MemTotal:        1844596 kB
MemFree:          153348 kB
MemAvailable:    1411112 kB
Buffers:           93956 kB
Cached:          1190632 kB
MemTotal:        1844596 kB
MemFree:          153684 kB
MemAvailable:    1411448 kB
Buffers:           93956 kB
Cached:          1190632 kB
MemTotal:        1844596 kB
MemFree:          152844 kB
MemAvailable:    1410608 kB
Buffers:           93956 kB
Cached:          1190632 kB
MemTotal:        1844596 kB
MemFree:          151604 kB
MemAvailable:    1409368 kB
Buffers:           93956 kB
Cached:          1190632 kB
MemTotal:        1844596 kB
MemFree:          151676 kB
MemAvailable:    1409444 kB
Buffers:           93956 kB
Cached:          1190636 kB
MemTotal:        1844596 kB
MemFree:          153028 kB
MemAvailable:    1410800 kB
Buffers:           93956 kB
Cached:          1190640 kB
MemTotal:        1844596 kB
MemFree:          153364 kB
MemAvailable:    1411136 kB
Buffers:           93956 kB
Cached:          1190640 kB
MemTotal:        1844596 kB
MemFree:          153068 kB
MemAvailable:    1410840 kB
Buffers:           93956 kB
Cached:          1190640 kB
MemTotal:        1844596 kB
MemFree:          153028 kB
MemAvailable:    1410800 kB
Buffers:           93956 kB
Cached:          1190640 kB
MemTotal:        1844596 kB
MemFree:          152488 kB
MemAvailable:    1410260 kB
Buffers:           93956 kB
Cached:          1190640 kB
MemTotal:        1844596 kB
MemFree:          153552 kB
MemAvailable:    1411324 kB
Buffers:           93956 kB
Cached:          1190640 kB
MemTotal:        1844596 kB
MemFree:          152116 kB
MemAvailable:    1409888 kB
Buffers:           93956 kB
Cached:          1190640 kB
MemTotal:        1844596 kB
MemFree:          152116 kB
MemAvailable:    1409888 kB
Buffers:           93956 kB
Cached:          1190640 kB
MemTotal:        1844596 kB
MemFree:          153284 kB
MemAvailable:    1411056 kB
Buffers:           93956 kB
Cached:          1190640 kB
MemTotal:        1844596 kB
MemFree:          153160 kB
MemAvailable:    1410932 kB
Buffers:           93956 kB
Cached:          1190640 kB
MemTotal:        1844596 kB
MemFree:          151852 kB
MemAvailable:    1409624 kB
Buffers:           93956 kB
Cached:          1190640 kB
MemTotal:        1844596 kB
MemFree:          151852 kB
MemAvailable:    1409624 kB
Buffers:           93956 kB
Cached:          1190640 kB
MemTotal:        1844596 kB
MemFree:          153020 kB
MemAvailable:    1410792 kB
Buffers:           93956 kB
Cached:          1190640 kB
MemTotal:        1844596 kB
MemFree:          152956 kB
MemAvailable:    1410728 kB
Buffers:           93956 kB
Cached:          1190640 kB
MemTotal:        1844596 kB
MemFree:          153292 kB
MemAvailable:    1411064 kB
Buffers:           93956 kB
Cached:          1190640 kB
MemTotal:        1844596 kB
MemFree:          153068 kB
MemAvailable:    1410840 kB
Buffers:           93956 kB
Cached:          1190640 kB
MemTotal:        1844596 kB
MemFree:          153324 kB
MemAvailable:    1411096 kB
Buffers:           93956 kB
Cached:          1190640 kB
MemTotal:        1844596 kB
MemFree:          153156 kB
MemAvailable:    1410928 kB
Buffers:           93956 kB
Cached:          1190640 kB
MemTotal:        1844596 kB
MemFree:          151940 kB
MemAvailable:    1409712 kB
Buffers:           93956 kB
Cached:          1190640 kB
MemTotal:        1844596 kB
MemFree:          151852 kB
MemAvailable:    1409624 kB
Buffers:           93956 kB
Cached:          1190640 kB
MemTotal:        1844596 kB
MemFree:          151796 kB
MemAvailable:    1409568 kB
Buffers:           93956 kB
Cached:          1190640 kB
MemTotal:        1844596 kB
MemFree:          149396 kB
MemAvailable:    1407168 kB
Buffers:           93956 kB
Cached:          1190640 kB
MemTotal:        1844596 kB
MemFree:          144544 kB
MemAvailable:    1402316 kB
Buffers:           93956 kB
Cached:          1190640 kB
MemTotal:        1844596 kB
MemFree:          143816 kB
MemAvailable:    1401588 kB
Buffers:           93956 kB
Cached:          1190640 kB
MemTotal:        1844596 kB
MemFree:          139776 kB
MemAvailable:    1397548 kB
Buffers:           93956 kB
Cached:          1190640 kB
MemTotal:        1844596 kB
MemFree:          136060 kB
MemAvailable:    1393832 kB
Buffers:           93956 kB
Cached:          1190640 kB
MemTotal:        1844596 kB
MemFree:          135808 kB
MemAvailable:    1393580 kB
Buffers:           93956 kB
Cached:          1190640 kB
MemTotal:        1844596 kB
MemFree:          135436 kB
MemAvailable:    1393208 kB
Buffers:           93956 kB
Cached:          1190640 kB
MemTotal:        1844596 kB
MemFree:          135688 kB
MemAvailable:    1393460 kB
Buffers:           93956 kB
Cached:          1190640 kB
MemTotal:        1844596 kB
MemFree:          135680 kB
MemAvailable:    1393452 kB
Buffers:           93956 kB
Cached:          1190640 kB
MemTotal:        1844596 kB
MemFree:          134640 kB
MemAvailable:    1392412 kB
Buffers:           93956 kB
Cached:          1190640 kB
MemTotal:        1844596 kB
MemFree:          134508 kB
MemAvailable:    1392280 kB
Buffers:           93956 kB
Cached:          1190640 kB
MemTotal:        1844596 kB
MemFree:          134384 kB
MemAvailable:    1392156 kB
Buffers:           93956 kB
Cached:          1190640 kB
MemTotal:        1844596 kB
MemFree:          135576 kB
MemAvailable:    1393348 kB
Buffers:           93956 kB
Cached:          1190640 kB
MemTotal:        1844596 kB
MemFree:          135516 kB
MemAvailable:    1393288 kB
Buffers:           93956 kB
Cached:          1190640 kB
MemTotal:        1844596 kB
MemFree:          135492 kB
MemAvailable:    1393264 kB
Buffers:           93956 kB
Cached:          1190640 kB
MemTotal:        1844596 kB
MemFree:          135384 kB
MemAvailable:    1393156 kB
Buffers:           93956 kB
Cached:          1190640 kB
MemTotal:        1844596 kB
MemFree:          134212 kB
MemAvailable:    1391984 kB
Buffers:           93956 kB
Cached:          1190640 kB
MemTotal:        1844596 kB
MemFree:          135680 kB
MemAvailable:    1393452 kB
Buffers:           93956 kB
Cached:          1190640 kB
MemTotal:        1844596 kB
MemFree:          135636 kB
MemAvailable:    1393408 kB
Buffers:           93956 kB
Cached:          1190640 kB
MemTotal:        1844596 kB
MemFree:          135444 kB
MemAvailable:    1393216 kB
Buffers:           93956 kB
Cached:          1190640 kB
MemTotal:        1844596 kB
MemFree:          135268 kB
MemAvailable:    1393040 kB
Buffers:           93956 kB
Cached:          1190640 kB
MemTotal:        1844596 kB
MemFree:          135328 kB
MemAvailable:    1393100 kB
Buffers:           93956 kB
Cached:          1190640 kB
MemTotal:        1844596 kB
MemFree:          135584 kB
MemAvailable:    1393356 kB
Buffers:           93956 kB
Cached:          1190640 kB
MemTotal:        1844596 kB
MemFree:          134872 kB
MemAvailable:    1392644 kB
Buffers:           93956 kB
Cached:          1190640 kB
MemTotal:        1844596 kB
MemFree:          134872 kB
MemAvailable:    1392644 kB
Buffers:           93956 kB
Cached:          1190640 kB
MemTotal:        1844596 kB
MemFree:          134620 kB
MemAvailable:    1392392 kB
Buffers:           93956 kB
Cached:          1190640 kB
MemTotal:        1844596 kB
MemFree:          134704 kB
MemAvailable:    1392476 kB
Buffers:           93956 kB
Cached:          1190640 kB
MemTotal:        1844596 kB
MemFree:          134492 kB
MemAvailable:    1392264 kB
Buffers:           93956 kB
Cached:          1190640 kB
MemTotal:        1844596 kB
MemFree:          133372 kB
MemAvailable:    1391144 kB
Buffers:           93956 kB
Cached:          1190640 kB
MemTotal:        1844596 kB
MemFree:          133240 kB
MemAvailable:    1391012 kB
Buffers:           93956 kB
Cached:          1190640 kB
MemTotal:        1844596 kB
MemFree:          133584 kB
MemAvailable:    1391356 kB
Buffers:           93956 kB
Cached:          1190640 kB
MemTotal:        1844596 kB
MemFree:          131352 kB
MemAvailable:    1389124 kB
Buffers:           93956 kB
Cached:          1190640 kB
MemTotal:        1844596 kB
MemFree:          127688 kB
MemAvailable:    1385460 kB
Buffers:           93956 kB
Cached:          1190640 kB
MemTotal:        1844596 kB
MemFree:          127208 kB
MemAvailable:    1384980 kB
Buffers:           93956 kB
Cached:          1190640 kB
MemTotal:        1844596 kB
MemFree:          124532 kB
MemAvailable:    1382304 kB
Buffers:           93956 kB
Cached:          1190640 kB
MemTotal:        1844596 kB
MemFree:          121620 kB
MemAvailable:    1379392 kB
Buffers:           93956 kB
Cached:          1190640 kB
MemTotal:        1844596 kB
MemFree:          119636 kB
MemAvailable:    1377408 kB
Buffers:           93956 kB
Cached:          1190640 kB
MemTotal:        1844596 kB
MemFree:          115380 kB
MemAvailable:    1373152 kB
Buffers:           93956 kB
Cached:          1190640 kB
MemTotal:        1844596 kB
MemFree:          113676 kB
MemAvailable:    1371448 kB
Buffers:           93956 kB
Cached:          1190640 kB
MemTotal:        1844596 kB
MemFree:          109468 kB
MemAvailable:    1367240 kB
Buffers:           93956 kB
Cached:          1190640 kB
MemTotal:        1844596 kB
MemFree:          109716 kB
MemAvailable:    1367488 kB
Buffers:           93956 kB
Cached:          1190640 kB
MemTotal:        1844596 kB
MemFree:          105500 kB
MemAvailable:    1363272 kB
Buffers:           93956 kB
Cached:          1190640 kB
MemTotal:        1844596 kB
MemFree:          103392 kB
MemAvailable:    1361164 kB
Buffers:           93956 kB
Cached:          1190640 kB
MemTotal:        1844596 kB
MemFree:          102484 kB
MemAvailable:    1360256 kB
Buffers:           93956 kB
Cached:          1190640 kB
MemTotal:        1844596 kB
MemFree:          104080 kB
MemAvailable:    1361852 kB
Buffers:           93956 kB
Cached:          1190640 kB
MemTotal:        1844596 kB
MemFree:          103708 kB
MemAvailable:    1361480 kB
Buffers:           93956 kB
Cached:          1190640 kB
MemTotal:        1844596 kB
MemFree:          103480 kB
MemAvailable:    1361252 kB
Buffers:           93956 kB
Cached:          1190640 kB
MemTotal:        1844596 kB
MemFree:          103816 kB
MemAvailable:    1361588 kB
Buffers:           93956 kB
Cached:          1190640 kB
MemTotal:        1844596 kB
MemFree:          103632 kB
MemAvailable:    1361404 kB
Buffers:           93956 kB
Cached:          1190640 kB
MemTotal:        1844596 kB
MemFree:          103632 kB
MemAvailable:    1361404 kB
Buffers:           93956 kB
Cached:          1190640 kB
MemTotal:        1844596 kB
MemFree:          103644 kB
MemAvailable:    1361416 kB
Buffers:           93956 kB
Cached:          1190640 kB
MemTotal:        1844596 kB
MemFree:          103328 kB
MemAvailable:    1361100 kB
Buffers:           93956 kB
Cached:          1190640 kB
MemTotal:        1844596 kB
MemFree:          101912 kB
MemAvailable:    1359684 kB
Buffers:           93956 kB
Cached:          1190640 kB
MemTotal:        1844596 kB
MemFree:          102392 kB
MemAvailable:    1360164 kB
Buffers:           93956 kB
Cached:          1190640 kB
MemTotal:        1844596 kB
MemFree:          102368 kB
MemAvailable:    1360148 kB
Buffers:           93956 kB
Cached:          1190648 kB
MemTotal:        1844596 kB
MemFree:          101284 kB
MemAvailable:    1359064 kB
Buffers:           93956 kB
Cached:          1190648 kB
MemTotal:        1844596 kB
MemFree:          102608 kB
MemAvailable:    1360388 kB
Buffers:           93956 kB
Cached:          1190648 kB
MemTotal:        1844596 kB
MemFree:          102420 kB
MemAvailable:    1360200 kB
Buffers:           93956 kB
Cached:          1190648 kB
MemTotal:        1844596 kB
MemFree:          100988 kB
MemAvailable:    1358768 kB
Buffers:           93956 kB
Cached:          1190648 kB
MemTotal:        1844596 kB
MemFree:          101628 kB
MemAvailable:    1359408 kB
Buffers:           93956 kB
Cached:          1190648 kB
MemTotal:        1844596 kB
MemFree:          100640 kB
MemAvailable:    1358420 kB
Buffers:           93956 kB
Cached:          1190648 kB
MemTotal:        1844596 kB
MemFree:          100760 kB
MemAvailable:    1358540 kB
Buffers:           93956 kB
Cached:          1190648 kB
MemTotal:        1844596 kB
MemFree:          100424 kB
MemAvailable:    1358204 kB
Buffers:           93956 kB
Cached:          1190648 kB
MemTotal:        1844596 kB
MemFree:           99928 kB
MemAvailable:    1357708 kB
Buffers:           93956 kB
Cached:          1190648 kB
MemTotal:        1844596 kB
MemFree:          100408 kB
MemAvailable:    1358188 kB
Buffers:           93956 kB
Cached:          1190648 kB
MemTotal:        1844596 kB
MemFree:          100408 kB
MemAvailable:    1358188 kB
Buffers:           93956 kB
Cached:          1190648 kB
MemTotal:        1844596 kB
MemFree:           99740 kB
MemAvailable:    1357520 kB
Buffers:           93956 kB
Cached:          1190648 kB
MemTotal:        1844596 kB
MemFree:           99284 kB
MemAvailable:    1357064 kB
Buffers:           93956 kB
Cached:          1190648 kB
MemTotal:        1844596 kB
MemFree:           99620 kB
MemAvailable:    1357400 kB
Buffers:           93956 kB
Cached:          1190648 kB
MemTotal:        1844596 kB
MemFree:           99712 kB
MemAvailable:    1357492 kB
Buffers:           93956 kB
Cached:          1190648 kB
MemTotal:        1844596 kB
MemFree:           98564 kB
MemAvailable:    1356344 kB
Buffers:           93956 kB
Cached:          1190648 kB
MemTotal:        1844596 kB
MemFree:           99804 kB
MemAvailable:    1357588 kB
Buffers:           93956 kB
Cached:          1190652 kB
MemTotal:        1844596 kB
MemFree:           99672 kB
MemAvailable:    1357456 kB
Buffers:           93956 kB
Cached:          1190652 kB
MemTotal:        1844596 kB
MemFree:           99548 kB
MemAvailable:    1357332 kB
Buffers:           93956 kB
Cached:          1190652 kB
MemTotal:        1844596 kB
MemFree:           99440 kB
MemAvailable:    1357224 kB
Buffers:           93956 kB
Cached:          1190652 kB
MemTotal:        1844596 kB
MemFree:           98144 kB
MemAvailable:    1355928 kB
Buffers:           93956 kB
Cached:          1190652 kB
MemTotal:        1844596 kB
MemFree:           99416 kB
MemAvailable:    1357200 kB
Buffers:           93956 kB
Cached:          1190652 kB
MemTotal:        1844596 kB
MemFree:           99668 kB
MemAvailable:    1357452 kB
Buffers:           93956 kB
Cached:          1190652 kB
MemTotal:        1844596 kB
MemFree:           98260 kB
MemAvailable:    1356044 kB
Buffers:           93956 kB
Cached:          1190652 kB
MemTotal:        1844596 kB
MemFree:           99436 kB
MemAvailable:    1357220 kB
Buffers:           93956 kB
Cached:          1190652 kB
MemTotal:        1844596 kB
MemFree:           99364 kB
MemAvailable:    1357148 kB
Buffers:           93956 kB
Cached:          1190652 kB
MemTotal:        1844596 kB
MemFree:           99616 kB
MemAvailable:    1357400 kB
Buffers:           93956 kB
Cached:          1190652 kB
MemTotal:        1844596 kB
MemFree:           99608 kB
MemAvailable:    1357392 kB
Buffers:           93956 kB
Cached:          1190652 kB
MemTotal:        1844596 kB
MemFree:           98056 kB
MemAvailable:    1355840 kB
Buffers:           93956 kB
Cached:          1190652 kB
MemTotal:        1844596 kB
MemFree:           98316 kB
MemAvailable:    1356100 kB
Buffers:           93956 kB
Cached:          1190652 kB
MemTotal:        1844596 kB
MemFree:           99360 kB
MemAvailable:    1357144 kB
Buffers:           93956 kB
Cached:          1190652 kB
MemTotal:        1844596 kB
MemFree:           98268 kB
MemAvailable:    1356052 kB
Buffers:           93956 kB
Cached:          1190652 kB
MemTotal:        1844596 kB
MemFree:           98136 kB
MemAvailable:    1355920 kB
Buffers:           93956 kB
Cached:          1190652 kB
MemTotal:        1844596 kB
MemFree:           98260 kB
MemAvailable:    1356044 kB
Buffers:           93956 kB
Cached:          1190652 kB
MemTotal:        1844596 kB
MemFree:           99604 kB
MemAvailable:    1357388 kB
Buffers:           93956 kB
Cached:          1190652 kB
MemTotal:        1844596 kB
MemFree:           99492 kB
MemAvailable:    1357276 kB
Buffers:           93956 kB
Cached:          1190652 kB
MemTotal:        1844596 kB
MemFree:           98256 kB
MemAvailable:    1356040 kB
Buffers:           93956 kB
Cached:          1190652 kB
MemTotal:        1844596 kB
MemFree:           99620 kB
MemAvailable:    1357404 kB
Buffers:           93956 kB
Cached:          1190652 kB
MemTotal:        1844596 kB
MemFree:           99468 kB
MemAvailable:    1357252 kB
Buffers:           93956 kB
Cached:          1190652 kB
MemTotal:        1844596 kB
MemFree:           99420 kB
MemAvailable:    1357204 kB
Buffers:           93956 kB
Cached:          1190652 kB
MemTotal:        1844596 kB
MemFree:           99396 kB
MemAvailable:    1357180 kB
Buffers:           93956 kB
Cached:          1190652 kB
MemTotal:        1844596 kB
MemFree:           99648 kB
MemAvailable:    1357432 kB
Buffers:           93956 kB
Cached:          1190652 kB
MemTotal:        1844596 kB
MemFree:           99384 kB
MemAvailable:    1357168 kB
Buffers:           93956 kB
Cached:          1190652 kB
MemTotal:        1844596 kB
MemFree:           99564 kB
MemAvailable:    1357348 kB
Buffers:           93956 kB
Cached:          1190652 kB
MemTotal:        1844596 kB
MemFree:           98688 kB
MemAvailable:    1356472 kB
Buffers:           93956 kB
Cached:          1190652 kB
MemTotal:        1844596 kB
MemFree:           99420 kB
MemAvailable:    1357204 kB
Buffers:           93956 kB
Cached:          1190652 kB
MemTotal:        1844596 kB
MemFree:           98132 kB
MemAvailable:    1355916 kB
Buffers:           93956 kB
Cached:          1190652 kB
MemTotal:        1844596 kB
MemFree:           99432 kB
MemAvailable:    1357216 kB
Buffers:           93956 kB
Cached:          1190652 kB
MemTotal:        1844596 kB
MemFree:           97056 kB
MemAvailable:    1354840 kB
Buffers:           93956 kB
Cached:          1190652 kB
MemTotal:        1844596 kB
MemFree:           95348 kB
MemAvailable:    1353132 kB
Buffers:           93956 kB
Cached:          1190652 kB
MemTotal:        1844596 kB
MemFree:           92968 kB
MemAvailable:    1350756 kB
Buffers:           93956 kB
Cached:          1190656 kB
MemTotal:        1844596 kB
MemFree:           93304 kB
MemAvailable:    1351092 kB
Buffers:           93956 kB
Cached:          1190656 kB
MemTotal:        1844596 kB
MemFree:           92836 kB
MemAvailable:    1350624 kB
Buffers:           93956 kB
Cached:          1190656 kB
MemTotal:        1844596 kB
MemFree:           92836 kB
MemAvailable:    1350624 kB
Buffers:           93956 kB
Cached:          1190656 kB
MemTotal:        1844596 kB
MemFree:           92680 kB
MemAvailable:    1350468 kB
Buffers:           93956 kB
Cached:          1190656 kB
MemTotal:        1844596 kB
MemFree:           91684 kB
MemAvailable:    1349472 kB
Buffers:           93956 kB
Cached:          1190656 kB
MemTotal:        1844596 kB
MemFree:           92772 kB
MemAvailable:    1350560 kB
Buffers:           93956 kB
Cached:          1190656 kB
MemTotal:        1844596 kB
MemFree:           91992 kB
MemAvailable:    1349780 kB
Buffers:           93956 kB
Cached:          1190656 kB
MemTotal:        1844596 kB
MemFree:           92968 kB
MemAvailable:    1350756 kB
Buffers:           93956 kB
Cached:          1190656 kB
MemTotal:        1844596 kB
MemFree:           92736 kB
MemAvailable:    1350524 kB
Buffers:           93956 kB
Cached:          1190656 kB
MemTotal:        1844596 kB
MemFree:           92708 kB
MemAvailable:    1350496 kB
Buffers:           93956 kB
Cached:          1190656 kB
MemTotal:        1844596 kB
MemFree:           92488 kB
MemAvailable:    1350276 kB
Buffers:           93956 kB
Cached:          1190656 kB
MemTotal:        1844596 kB
MemFree:           92908 kB
MemAvailable:    1350696 kB
Buffers:           93956 kB
Cached:          1190656 kB
MemTotal:        1844596 kB
MemFree:           92736 kB
MemAvailable:    1350524 kB
Buffers:           93956 kB
Cached:          1190656 kB
MemTotal:        1844596 kB
MemFree:           92412 kB
MemAvailable:    1350368 kB
Buffers:           93956 kB
Cached:          1190780 kB
MemTotal:        1844596 kB
MemFree:           92664 kB
MemAvailable:    1350620 kB
Buffers:           93956 kB
Cached:          1190780 kB
MemTotal:        1844596 kB
MemFree:           91504 kB
MemAvailable:    1349544 kB
Buffers:           93956 kB
Cached:          1190904 kB
MemTotal:        1844596 kB
MemFree:           91628 kB
MemAvailable:    1349752 kB
Buffers:           93956 kB
Cached:          1191028 kB
MemTotal:        1844596 kB
MemFree:           92540 kB
MemAvailable:    1350832 kB
Buffers:           93956 kB
Cached:          1191152 kB
MemTotal:        1844596 kB
MemFree:           91240 kB
MemAvailable:    1349616 kB
Buffers:           93956 kB
Cached:          1191152 kB
MemTotal:        1844596 kB
MemFree:           91812 kB
MemAvailable:    1350216 kB
Buffers:           93956 kB
Cached:          1191224 kB
MemTotal:        1844596 kB
MemFree:           91980 kB
MemAvailable:    1350384 kB
Buffers:           93956 kB
Cached:          1191224 kB
MemTotal:        1844596 kB
MemFree:           90696 kB
MemAvailable:    1349100 kB
Buffers:           93956 kB
Cached:          1191348 kB
MemTotal:        1844596 kB
MemFree:           90876 kB
MemAvailable:    1349340 kB
Buffers:           93956 kB
Cached:          1191332 kB
MemTotal:        1844596 kB
MemFree:           92176 kB
MemAvailable:    1350640 kB
Buffers:           93956 kB
Cached:          1191332 kB
MemTotal:        1844596 kB
MemFree:           91976 kB
MemAvailable:    1350440 kB
Buffers:           93956 kB
Cached:          1191332 kB
MemTotal:        1844596 kB
MemFree:           91620 kB
MemAvailable:    1350084 kB
Buffers:           93956 kB
Cached:          1191332 kB
MemTotal:        1844596 kB
MemFree:           91840 kB
MemAvailable:    1350388 kB
Buffers:           93956 kB
Cached:          1191456 kB
MemTotal:        1844596 kB
MemFree:           92176 kB
MemAvailable:    1350724 kB
Buffers:           93956 kB
Cached:          1191456 kB
MemTotal:        1844596 kB
MemFree:           92504 kB
MemAvailable:    1350380 kB
Buffers:           93956 kB
Cached:          1190700 kB
MemTotal:        1844596 kB
MemFree:          168748 kB
MemAvailable:    1426624 kB
Buffers:           93956 kB
Cached:          1190700 kB
MemTotal:        1844596 kB
MemFree:          287608 kB
MemAvailable:    1545484 kB
Buffers:           93956 kB
Cached:          1190700 kB
