MemTotal:        1844596 kB
MemFree:          262920 kB
MemAvailable:    1547816 kB
Buffers:          105640 kB
Cached:          1192896 kB
MemTotal:        1844596 kB
MemFree:          237476 kB
MemAvailable:    1522376 kB
Buffers:          105640 kB
Cached:          1192900 kB
MemTotal:        1844596 kB
MemFree:          233872 kB
MemAvailable:    1518772 kB
Buffers:          105640 kB
Cached:          1192900 kB
MemTotal:        1844596 kB
MemFree:          233956 kB
MemAvailable:    1518856 kB
Buffers:          105640 kB
Cached:          1192900 kB
MemTotal:        1844596 kB
MemFree:          233136 kB
MemAvailable:    1518036 kB
Buffers:          105640 kB
Cached:          1192900 kB
MemTotal:        1844596 kB
MemFree:          232152 kB
MemAvailable:    1517052 kB
Buffers:          105640 kB
Cached:          1192900 kB
MemTotal:        1844596 kB
MemFree:          231732 kB
MemAvailable:    1516632 kB
Buffers:          105640 kB
Cached:          1192900 kB
MemTotal:        1844596 kB
MemFree:          231416 kB
MemAvailable:    1516316 kB
Buffers:          105640 kB
Cached:          1192900 kB
MemTotal:        1844596 kB
MemFree:          228732 kB
MemAvailable:    1513632 kB
Buffers:          105640 kB
Cached:          1192900 kB
MemTotal:        1844596 kB
MemFree:          225208 kB
MemAvailable:    1510108 kB
Buffers:          105640 kB
Cached:          1192900 kB
MemTotal:        1844596 kB
MemFree:          222904 kB
MemAvailable:    1507804 kB
Buffers:          105640 kB
Cached:          1192900 kB
MemTotal:        1844596 kB
MemFree:          219504 kB
MemAvailable:    1504404 kB
Buffers:          105640 kB
Cached:          1192900 kB
MemTotal:        1844596 kB
MemFree:          223092 kB
MemAvailable:    1507992 kB
Buffers:          105640 kB
Cached:          1192900 kB
MemTotal:        1844596 kB
MemFree:          223344 kB
MemAvailable:    1508244 kB
Buffers:          105640 kB
Cached:          1192900 kB
MemTotal:        1844596 kB
MemFree:          221812 kB
MemAvailable:    1506712 kB
Buffers:          105640 kB
Cached:          1192900 kB
MemTotal:        1844596 kB
MemFree:          222912 kB
MemAvailable:    1507812 kB
Buffers:          105640 kB
Cached:          1192900 kB
MemTotal:        1844596 kB
MemFree:          222796 kB
MemAvailable:    1507696 kB
Buffers:          105640 kB
Cached:          1192900 kB
MemTotal:        1844596 kB
MemFree:          221464 kB
MemAvailable:    1506364 kB
Buffers:          105640 kB
Cached:          1192900 kB
MemTotal:        1844596 kB
MemFree:          222540 kB
MemAvailable:    1507440 kB
Buffers:          105640 kB
Cached:          1192900 kB
MemTotal:        1844596 kB
MemFree:          222604 kB
MemAvailable:    1507504 kB
Buffers:          105640 kB
Cached:          1192900 kB
MemTotal:        1844596 kB
MemFree:          222476 kB
MemAvailable:    1507376 kB
Buffers:          105640 kB
Cached:          1192900 kB
MemTotal:        1844596 kB
MemFree:          222328 kB
MemAvailable:    1507228 kB
Buffers:          105640 kB
Cached:          1192900 kB
MemTotal:        1844596 kB
MemFree:          222412 kB
MemAvailable:    1507312 kB
Buffers:          105640 kB
Cached:          1192900 kB
MemTotal:        1844596 kB
MemFree:          221212 kB
MemAvailable:    1506112 kB
Buffers:          105640 kB
Cached:          1192900 kB
MemTotal:        1844596 kB
MemFree:          222224 kB
MemAvailable:    1507124 kB
Buffers:          105640 kB
Cached:          1192900 kB
MemTotal:        1844596 kB
MemFree:          222052 kB
MemAvailable:    1506952 kB
Buffers:          105640 kB
Cached:          1192900 kB
MemTotal:        1844596 kB
MemFree:          221844 kB
MemAvailable:    1506744 kB
Buffers:          105640 kB
Cached:          1192900 kB
MemTotal:        1844596 kB
MemFree:          222096 kB
MemAvailable:    1506996 kB
Buffers:          105640 kB
Cached:          1192900 kB
MemTotal:        1844596 kB
MemFree:          220248 kB
MemAvailable:    1505148 kB
Buffers:          105640 kB
Cached:          1192900 kB
MemTotal:        1844596 kB
MemFree:          221232 kB
MemAvailable:    1506132 kB
Buffers:          105640 kB
Cached:          1192900 kB
MemTotal:        1844596 kB
MemFree:          220456 kB
MemAvailable:    1505356 kB
Buffers:          105640 kB
Cached:          1192900 kB
MemTotal:        1844596 kB
MemFree:          219264 kB
MemAvailable:    1504164 kB
Buffers:          105640 kB
Cached:          1192900 kB
MemTotal:        1844596 kB
MemFree:          220128 kB
MemAvailable:    1505028 kB
Buffers:          105640 kB
Cached:          1192900 kB
MemTotal:        1844596 kB
MemFree:          219264 kB
MemAvailable:    1504164 kB
Buffers:          105640 kB
Cached:          1192900 kB
MemTotal:        1844596 kB
MemFree:          219952 kB
MemAvailable:    1504852 kB
Buffers:          105640 kB
Cached:          1192900 kB
MemTotal:        1844596 kB
MemFree:          220140 kB
MemAvailable:    1505040 kB
Buffers:          105640 kB
Cached:          1192900 kB
MemTotal:        1844596 kB
MemFree:          220312 kB
MemAvailable:    1505212 kB
Buffers:          105640 kB
Cached:          1192900 kB
MemTotal:        1844596 kB
MemFree:          219576 kB
MemAvailable:    1504476 kB
Buffers:          105640 kB
Cached:          1192900 kB
MemTotal:        1844596 kB
MemFree:          220232 kB
MemAvailable:    1505132 kB
Buffers:          105640 kB
Cached:          1192900 kB
MemTotal:        1844596 kB
MemFree:          220316 kB
MemAvailable:    1505216 kB
Buffers:          105640 kB
Cached:          1192900 kB
MemTotal:        1844596 kB
MemFree:          218828 kB
MemAvailable:    1503728 kB
Buffers:          105640 kB
Cached:          1192900 kB
MemTotal:        1844596 kB
MemFree:          219936 kB
MemAvailable:    1504836 kB
Buffers:          105640 kB
Cached:          1192900 kB
MemTotal:        1844596 kB
MemFree:          216528 kB
MemAvailable:    1501428 kB
Buffers:          105640 kB
Cached:          1192900 kB
MemTotal:        1844596 kB
MemFree:          213924 kB
MemAvailable:    1498824 kB
Buffers:          105640 kB
Cached:          1192900 kB
MemTotal:        1844596 kB
MemFree:          214652 kB
MemAvailable:    1499552 kB
Buffers:          105640 kB
Cached:          1192900 kB
MemTotal:        1844596 kB
MemFree:          214652 kB
MemAvailable:    1499552 kB
Buffers:          105648 kB
Cached:          1192892 kB
MemTotal:        1844596 kB
MemFree:          214856 kB
MemAvailable:    1499756 kB
Buffers:          105648 kB
Cached:          1192892 kB
MemTotal:        1844596 kB
MemFree:          213520 kB
MemAvailable:    1498420 kB
Buffers:          105648 kB
Cached:          1192892 kB
MemTotal:        1844596 kB
MemFree:          212984 kB
MemAvailable:    1497884 kB
Buffers:          105648 kB
Cached:          1192892 kB
MemTotal:        1844596 kB
MemFree:          213108 kB
MemAvailable:    1498008 kB
Buffers:          105648 kB
Cached:          1192892 kB
MemTotal:        1844596 kB
MemFree:          213356 kB
MemAvailable:    1498256 kB
Buffers:          105648 kB
Cached:          1192892 kB
MemTotal:        1844596 kB
MemFree:          214596 kB
MemAvailable:    1499496 kB
Buffers:          105648 kB
Cached:          1192892 kB
MemTotal:        1844596 kB
MemFree:          213312 kB
MemAvailable:    1498212 kB
Buffers:          105648 kB
Cached:          1192892 kB
MemTotal:        1844596 kB
MemFree:          214032 kB
MemAvailable:    1498940 kB
Buffers:          105648 kB
Cached:          1192900 kB
MemTotal:        1844596 kB
MemFree:          214368 kB
MemAvailable:    1499276 kB
Buffers:          105648 kB
Cached:          1192900 kB
MemTotal:        1844596 kB
MemFree:          214156 kB
MemAvailable:    1499068 kB
Buffers:          105648 kB
Cached:          1192904 kB
MemTotal:        1844596 kB
MemFree:          214408 kB
MemAvailable:    1499320 kB
Buffers:          105648 kB
Cached:          1192904 kB
MemTotal:        1844596 kB
MemFree:          212876 kB
MemAvailable:    1497788 kB
Buffers:          105648 kB
Cached:          1192904 kB
MemTotal:        1844596 kB
MemFree:          213232 kB
MemAvailable:    1498144 kB
Buffers:          105648 kB
Cached:          1192904 kB
MemTotal:        1844596 kB
MemFree:          209832 kB
MemAvailable:    1494744 kB
Buffers:          105648 kB
Cached:          1192904 kB
MemTotal:        1844596 kB
MemFree:          208584 kB
MemAvailable:    1493496 kB
Buffers:          105648 kB
Cached:          1192904 kB
MemTotal:        1844596 kB
MemFree:          207048 kB
MemAvailable:    1491960 kB
Buffers:          105648 kB
Cached:          1192904 kB
MemTotal:        1844596 kB
MemFree:          206848 kB
MemAvailable:    1491760 kB
Buffers:          105648 kB
Cached:          1192904 kB
MemTotal:        1844596 kB
MemFree:          205864 kB
MemAvailable:    1490776 kB
Buffers:          105648 kB
Cached:          1192904 kB
MemTotal:        1844596 kB
MemFree:          205492 kB
MemAvailable:    1490404 kB
Buffers:          105648 kB
Cached:          1192904 kB
MemTotal:        1844596 kB
MemFree:          204748 kB
MemAvailable:    1489660 kB
Buffers:          105648 kB
Cached:          1192904 kB
MemTotal:        1844596 kB
MemFree:          205916 kB
MemAvailable:    1490828 kB
Buffers:          105648 kB
Cached:          1192904 kB
MemTotal:        1844596 kB
MemFree:          205128 kB
MemAvailable:    1490040 kB
Buffers:          105648 kB
Cached:          1192904 kB
MemTotal:        1844596 kB
MemFree:          205496 kB
MemAvailable:    1490408 kB
Buffers:          105648 kB
Cached:          1192904 kB
MemTotal:        1844596 kB
MemFree:          205436 kB
MemAvailable:    1490348 kB
Buffers:          105648 kB
Cached:          1192904 kB
MemTotal:        1844596 kB
MemFree:          205688 kB
MemAvailable:    1490600 kB
Buffers:          105648 kB
Cached:          1192904 kB
MemTotal:        1844596 kB
MemFree:          204120 kB
MemAvailable:    1489032 kB
Buffers:          105648 kB
Cached:          1192904 kB
MemTotal:        1844596 kB
MemFree:          204328 kB
MemAvailable:    1489240 kB
Buffers:          105648 kB
Cached:          1192904 kB
MemTotal:        1844596 kB
MemFree:          205564 kB
MemAvailable:    1490476 kB
Buffers:          105648 kB
Cached:          1192904 kB
MemTotal:        1844596 kB
MemFree:          205596 kB
MemAvailable:    1490508 kB
Buffers:          105648 kB
Cached:          1192904 kB
MemTotal:        1844596 kB
MemFree:          205336 kB
MemAvailable:    1490248 kB
Buffers:          105648 kB
Cached:          1192904 kB
MemTotal:        1844596 kB
MemFree:          205492 kB
MemAvailable:    1490404 kB
Buffers:          105648 kB
Cached:          1192904 kB
MemTotal:        1844596 kB
MemFree:          204072 kB
MemAvailable:    1488984 kB
Buffers:          105648 kB
Cached:          1192904 kB
MemTotal:        1844596 kB
MemFree:          204072 kB
MemAvailable:    1488984 kB
Buffers:          105648 kB
Cached:          1192904 kB
MemTotal:        1844596 kB
MemFree:          205180 kB
MemAvailable:    1490092 kB
Buffers:          105648 kB
Cached:          1192904 kB
MemTotal:        1844596 kB
MemFree:          205036 kB
MemAvailable:    1489948 kB
Buffers:          105648 kB
Cached:          1192904 kB
MemTotal:        1844596 kB
MemFree:          205288 kB
MemAvailable:    1490200 kB
Buffers:          105648 kB
Cached:          1192904 kB
MemTotal:        1844596 kB
MemFree:          203992 kB
MemAvailable:    1488904 kB
Buffers:          105648 kB
Cached:          1192904 kB
MemTotal:        1844596 kB
MemFree:          205092 kB
MemAvailable:    1490004 kB
Buffers:          105648 kB
Cached:          1192904 kB
MemTotal:        1844596 kB
MemFree:          204500 kB
MemAvailable:    1489412 kB
Buffers:          105648 kB
Cached:          1192904 kB
MemTotal:        1844596 kB
MemFree:          203560 kB
MemAvailable:    1488472 kB
Buffers:          105648 kB
Cached:          1192904 kB
MemTotal:        1844596 kB
MemFree:          199904 kB
MemAvailable:    1484816 kB
Buffers:          105648 kB
Cached:          1192904 kB
MemTotal:        1844596 kB
MemFree:          199672 kB
MemAvailable:    1484584 kB
Buffers:          105648 kB
Cached:          1192904 kB
MemTotal:        1844596 kB
MemFree:          197184 kB
MemAvailable:    1482096 kB
Buffers:          105648 kB
Cached:          1192904 kB
MemTotal:        1844596 kB
MemFree:          197176 kB
MemAvailable:    1482088 kB
Buffers:          105648 kB
Cached:          1192904 kB
MemTotal:        1844596 kB
MemFree:          196316 kB
MemAvailable:    1481228 kB
Buffers:          105648 kB
Cached:          1192904 kB
MemTotal:        1844596 kB
MemFree:          196808 kB
MemAvailable:    1481720 kB
Buffers:          105648 kB
Cached:          1192904 kB
MemTotal:        1844596 kB
MemFree:          195640 kB
MemAvailable:    1480552 kB
Buffers:          105648 kB
Cached:          1192904 kB
MemTotal:        1844596 kB
MemFree:          196940 kB
MemAvailable:    1481852 kB
Buffers:          105648 kB
Cached:          1192904 kB
MemTotal:        1844596 kB
MemFree:          196748 kB
MemAvailable:    1481660 kB
Buffers:          105648 kB
Cached:          1192904 kB
MemTotal:        1844596 kB
MemFree:          196352 kB
MemAvailable:    1481264 kB
Buffers:          105648 kB
Cached:          1192904 kB
MemTotal:        1844596 kB
MemFree:          196688 kB
MemAvailable:    1481600 kB
Buffers:          105648 kB
Cached:          1192904 kB
MemTotal:        1844596 kB
MemFree:          196552 kB
MemAvailable:    1481464 kB
Buffers:          105648 kB
Cached:          1192904 kB
MemTotal:        1844596 kB
MemFree:          196564 kB
MemAvailable:    1481476 kB
Buffers:          105648 kB
Cached:          1192904 kB
MemTotal:        1844596 kB
MemFree:          195696 kB
MemAvailable:    1480608 kB
Buffers:          105648 kB
Cached:          1192904 kB
MemTotal:        1844596 kB
MemFree:          195264 kB
MemAvailable:    1480176 kB
Buffers:          105648 kB
Cached:          1192904 kB
MemTotal:        1844596 kB
MemFree:          196628 kB
MemAvailable:    1481540 kB
Buffers:          105648 kB
Cached:          1192904 kB
MemTotal:        1844596 kB
MemFree:          196548 kB
MemAvailable:    1481460 kB
Buffers:          105648 kB
Cached:          1192904 kB
MemTotal:        1844596 kB
MemFree:          196584 kB
MemAvailable:    1481496 kB
Buffers:          105648 kB
Cached:          1192904 kB
MemTotal:        1844596 kB
MemFree:          195524 kB
MemAvailable:    1480436 kB
Buffers:          105648 kB
Cached:          1192904 kB
MemTotal:        1844596 kB
MemFree:          195276 kB
MemAvailable:    1480188 kB
Buffers:          105648 kB
Cached:          1192904 kB
MemTotal:        1844596 kB
MemFree:          196424 kB
MemAvailable:    1481336 kB
Buffers:          105648 kB
Cached:          1192904 kB
MemTotal:        1844596 kB
MemFree:          196676 kB
MemAvailable:    1481588 kB
Buffers:          105648 kB
Cached:          1192904 kB
MemTotal:        1844596 kB
MemFree:          196436 kB
MemAvailable:    1481348 kB
Buffers:          105648 kB
Cached:          1192904 kB
MemTotal:        1844596 kB
MemFree:          196564 kB
MemAvailable:    1481476 kB
Buffers:          105648 kB
Cached:          1192904 kB
MemTotal:        1844596 kB
MemFree:          195688 kB
MemAvailable:    1480600 kB
Buffers:          105648 kB
Cached:          1192904 kB
MemTotal:        1844596 kB
MemFree:          196384 kB
MemAvailable:    1481300 kB
Buffers:          105648 kB
Cached:          1192908 kB
MemTotal:        1844596 kB
MemFree:          196640 kB
MemAvailable:    1481556 kB
Buffers:          105648 kB
Cached:          1192908 kB
MemTotal:        1844596 kB
MemFree:          196552 kB
MemAvailable:    1481468 kB
Buffers:          105648 kB
Cached:          1192908 kB
MemTotal:        1844596 kB
MemFree:          196480 kB
MemAvailable:    1481396 kB
Buffers:          105648 kB
Cached:          1192908 kB
MemTotal:        1844596 kB
MemFree:          195388 kB
MemAvailable:    1480304 kB
Buffers:          105648 kB
Cached:          1192908 kB
MemTotal:        1844596 kB
MemFree:          196788 kB
MemAvailable:    1481704 kB
Buffers:          105648 kB
Cached:          1192908 kB
MemTotal:        1844596 kB
MemFree:          195820 kB
MemAvailable:    1480736 kB
Buffers:          105648 kB
Cached:          1192908 kB
MemTotal:        1844596 kB
MemFree:          196552 kB
MemAvailable:    1481468 kB
Buffers:          105648 kB
Cached:          1192908 kB
MemTotal:        1844596 kB
MemFree:          196564 kB
MemAvailable:    1481480 kB
Buffers:          105648 kB
Cached:          1192908 kB
MemTotal:        1844596 kB
MemFree:          195696 kB
MemAvailable:    1480612 kB
Buffers:          105648 kB
Cached:          1192908 kB
MemTotal:        1844596 kB
MemFree:          196372 kB
MemAvailable:    1481288 kB
Buffers:          105648 kB
Cached:          1192908 kB
MemTotal:        1844596 kB
MemFree:          196624 kB
MemAvailable:    1481540 kB
Buffers:          105648 kB
Cached:          1192908 kB
MemTotal:        1844596 kB
MemFree:          195392 kB
MemAvailable:    1480308 kB
Buffers:          105648 kB
Cached:          1192908 kB
MemTotal:        1844596 kB
MemFree:          195392 kB
MemAvailable:    1480308 kB
Buffers:          105648 kB
Cached:          1192908 kB
MemTotal:        1844596 kB
MemFree:          193960 kB
MemAvailable:    1478876 kB
Buffers:          105648 kB
Cached:          1192908 kB
MemTotal:        1844596 kB
MemFree:          189992 kB
MemAvailable:    1474908 kB
Buffers:          105648 kB
Cached:          1192908 kB
MemTotal:        1844596 kB
MemFree:          187448 kB
MemAvailable:    1472368 kB
Buffers:          105648 kB
Cached:          1192912 kB
MemTotal:        1844596 kB
MemFree:          184784 kB
MemAvailable:    1469704 kB
Buffers:          105648 kB
Cached:          1192912 kB
MemTotal:        1844596 kB
MemFree:          185636 kB
MemAvailable:    1470560 kB
Buffers:          105648 kB
Cached:          1192916 kB
MemTotal:        1844596 kB
MemFree:          185652 kB
MemAvailable:    1470576 kB
Buffers:          105648 kB
Cached:          1192916 kB
MemTotal:        1844596 kB
MemFree:          185700 kB
MemAvailable:    1470624 kB
Buffers:          105648 kB
Cached:          1192916 kB
MemTotal:        1844596 kB
MemFree:          185652 kB
MemAvailable:    1470576 kB
Buffers:          105648 kB
Cached:          1192916 kB
MemTotal:        1844596 kB
MemFree:          185040 kB
MemAvailable:    1469964 kB
Buffers:          105648 kB
Cached:          1192916 kB
MemTotal:        1844596 kB
MemFree:          184776 kB
MemAvailable:    1469700 kB
Buffers:          105648 kB
Cached:          1192916 kB
MemTotal:        1844596 kB
MemFree:          186140 kB
MemAvailable:    1471064 kB
Buffers:          105648 kB
Cached:          1192916 kB
MemTotal:        1844596 kB
MemFree:          184652 kB
MemAvailable:    1469576 kB
Buffers:          105648 kB
Cached:          1192916 kB
MemTotal:        1844596 kB
MemFree:          185696 kB
MemAvailable:    1470620 kB
Buffers:          105648 kB
Cached:          1192916 kB
MemTotal:        1844596 kB
MemFree:          185624 kB
MemAvailable:    1470548 kB
Buffers:          105648 kB
Cached:          1192916 kB
MemTotal:        1844596 kB
MemFree:          185784 kB
MemAvailable:    1470708 kB
Buffers:          105648 kB
Cached:          1192916 kB
MemTotal:        1844596 kB
MemFree:          184364 kB
MemAvailable:    1469288 kB
Buffers:          105648 kB
Cached:          1192916 kB
MemTotal:        1844596 kB
MemFree:          184364 kB
MemAvailable:    1469288 kB
Buffers:          105648 kB
Cached:          1192916 kB
MemTotal:        1844596 kB
MemFree:          185652 kB
MemAvailable:    1470576 kB
Buffers:          105648 kB
Cached:          1192916 kB
MemTotal:        1844596 kB
MemFree:          185520 kB
MemAvailable:    1470444 kB
Buffers:          105648 kB
Cached:          1192916 kB
MemTotal:        1844596 kB
MemFree:          185856 kB
MemAvailable:    1470780 kB
Buffers:          105648 kB
Cached:          1192916 kB
MemTotal:        1844596 kB
MemFree:          185580 kB
MemAvailable:    1470504 kB
Buffers:          105648 kB
Cached:          1192916 kB
MemTotal:        1844596 kB
MemFree:          185712 kB
MemAvailable:    1470636 kB
Buffers:          105648 kB
Cached:          1192916 kB
MemTotal:        1844596 kB
MemFree:          184364 kB
MemAvailable:    1469288 kB
Buffers:          105648 kB
Cached:          1192916 kB
MemTotal:        1844596 kB
MemFree:          184488 kB
MemAvailable:    1469412 kB
Buffers:          105648 kB
Cached:          1192916 kB
MemTotal:        1844596 kB
MemFree:          184364 kB
MemAvailable:    1469288 kB
Buffers:          105648 kB
Cached:          1192916 kB
MemTotal:        1844596 kB
MemFree:          185832 kB
MemAvailable:    1470756 kB
Buffers:          105648 kB
Cached:          1192916 kB
MemTotal:        1844596 kB
MemFree:          185032 kB
MemAvailable:    1469956 kB
Buffers:          105648 kB
Cached:          1192916 kB
MemTotal:        1844596 kB
MemFree:          185640 kB
MemAvailable:    1470564 kB
Buffers:          105648 kB
Cached:          1192916 kB
MemTotal:        1844596 kB
MemFree:          185628 kB
MemAvailable:    1470552 kB
Buffers:          105648 kB
Cached:          1192916 kB
MemTotal:        1844596 kB
MemFree:          185784 kB
MemAvailable:    1470708 kB
Buffers:          105648 kB
Cached:          1192916 kB
MemTotal:        1844596 kB
MemFree:          185664 kB
MemAvailable:    1470588 kB
Buffers:          105648 kB
Cached:          1192916 kB
MemTotal:        1844596 kB
MemFree:          184484 kB
MemAvailable:    1469408 kB
Buffers:          105648 kB
Cached:          1192916 kB
MemTotal:        1844596 kB
MemFree:          184352 kB
MemAvailable:    1469276 kB
Buffers:          105648 kB
Cached:          1192916 kB
MemTotal:        1844596 kB
MemFree:          185496 kB
MemAvailable:    1470420 kB
Buffers:          105648 kB
Cached:          1192916 kB
MemTotal:        1844596 kB
MemFree:          185652 kB
MemAvailable:    1470576 kB
Buffers:          105648 kB
Cached:          1192916 kB
MemTotal:        1844596 kB
MemFree:          185592 kB
MemAvailable:    1470516 kB
Buffers:          105648 kB
Cached:          1192916 kB
MemTotal:        1844596 kB
MemFree:          185844 kB
MemAvailable:    1470768 kB
Buffers:          105648 kB
Cached:          1192916 kB
MemTotal:        1844596 kB
MemFree:          185604 kB
MemAvailable:    1470528 kB
Buffers:          105648 kB
Cached:          1192916 kB
MemTotal:        1844596 kB
MemFree:          185808 kB
MemAvailable:    1470732 kB
Buffers:          105648 kB
Cached:          1192916 kB
MemTotal:        1844596 kB
MemFree:          184908 kB
MemAvailable:    1469832 kB
Buffers:          105648 kB
Cached:          1192916 kB
MemTotal:        1844596 kB
MemFree:          185612 kB
MemAvailable:    1470540 kB
Buffers:          105648 kB
Cached:          1192920 kB
MemTotal:        1844596 kB
MemFree:          185712 kB
MemAvailable:    1470640 kB
Buffers:          105648 kB
Cached:          1192920 kB
MemTotal:        1844596 kB
MemFree:          185592 kB
MemAvailable:    1470520 kB
Buffers:          105648 kB
Cached:          1192920 kB
MemTotal:        1844596 kB
MemFree:          185760 kB
MemAvailable:    1470688 kB
Buffers:          105648 kB
Cached:          1192920 kB
MemTotal:        1844596 kB
MemFree:          185776 kB
MemAvailable:    1470704 kB
Buffers:          105648 kB
Cached:          1192920 kB
MemTotal:        1844596 kB
MemFree:          184916 kB
MemAvailable:    1469844 kB
Buffers:          105648 kB
Cached:          1192920 kB
MemTotal:        1844596 kB
MemFree:          185512 kB
MemAvailable:    1470440 kB
Buffers:          105648 kB
Cached:          1192920 kB
MemTotal:        1844596 kB
MemFree:          185848 kB
MemAvailable:    1470776 kB
Buffers:          105648 kB
Cached:          1192920 kB
MemTotal:        1844596 kB
MemFree:          185604 kB
MemAvailable:    1470532 kB
Buffers:          105648 kB
Cached:          1192920 kB
MemTotal:        1844596 kB
MemFree:          185376 kB
MemAvailable:    1470304 kB
Buffers:          105648 kB
Cached:          1192920 kB
MemTotal:        1844596 kB
MemFree:          185596 kB
MemAvailable:    1470524 kB
Buffers:          105648 kB
Cached:          1192920 kB
MemTotal:        1844596 kB
MemFree:          185272 kB
MemAvailable:    1470200 kB
Buffers:          105648 kB
Cached:          1192920 kB
MemTotal:        1844596 kB
MemFree:          185356 kB
MemAvailable:    1470284 kB
Buffers:          105648 kB
Cached:          1192920 kB
MemTotal:        1844596 kB
MemFree:          183776 kB
MemAvailable:    1468704 kB
Buffers:          105648 kB
Cached:          1192920 kB
MemTotal:        1844596 kB
MemFree:          184644 kB
MemAvailable:    1469572 kB
Buffers:          105648 kB
Cached:          1192920 kB
MemTotal:        1844596 kB
MemFree:          184644 kB
MemAvailable:    1469572 kB
Buffers:          105648 kB
Cached:          1192920 kB
MemTotal:        1844596 kB
MemFree:          184480 kB
MemAvailable:    1469408 kB
Buffers:          105648 kB
Cached:          1192920 kB
MemTotal:        1844596 kB
MemFree:          184576 kB
MemAvailable:    1469504 kB
Buffers:          105648 kB
Cached:          1192920 kB
MemTotal:        1844596 kB
MemFree:          184320 kB
MemAvailable:    1469248 kB
Buffers:          105648 kB
Cached:          1192920 kB
MemTotal:        1844596 kB
MemFree:          183004 kB
MemAvailable:    1467932 kB
Buffers:          105648 kB
Cached:          1192920 kB
MemTotal:        1844596 kB
MemFree:          184040 kB
MemAvailable:    1468968 kB
Buffers:          105648 kB
Cached:          1192920 kB
MemTotal:        1844596 kB
MemFree:          184136 kB
MemAvailable:    1469064 kB
Buffers:          105648 kB
Cached:          1192920 kB
MemTotal:        1844596 kB
MemFree:          184472 kB
MemAvailable:    1469400 kB
Buffers:          105648 kB
Cached:          1192920 kB
MemTotal:        1844596 kB
MemFree:          184088 kB
MemAvailable:    1469016 kB
Buffers:          105648 kB
Cached:          1192920 kB
MemTotal:        1844596 kB
MemFree:          184088 kB
MemAvailable:    1469016 kB
Buffers:          105648 kB
Cached:          1192920 kB
MemTotal:        1844596 kB
MemFree:          184036 kB
MemAvailable:    1468964 kB
Buffers:          105648 kB
Cached:          1192920 kB
MemTotal:        1844596 kB
MemFree:          183880 kB
MemAvailable:    1468808 kB
Buffers:          105648 kB
Cached:          1192920 kB
MemTotal:        1844596 kB
MemFree:          184216 kB
MemAvailable:    1469144 kB
Buffers:          105648 kB
Cached:          1192920 kB
MemTotal:        1844596 kB
MemFree:          182648 kB
MemAvailable:    1467576 kB
Buffers:          105648 kB
Cached:          1192920 kB
MemTotal:        1844596 kB
MemFree:          184032 kB
MemAvailable:    1468960 kB
Buffers:          105648 kB
Cached:          1192920 kB
MemTotal:        1844596 kB
MemFree:          183296 kB
MemAvailable:    1468224 kB
Buffers:          105648 kB
Cached:          1192920 kB
MemTotal:        1844596 kB
MemFree:          183972 kB
MemAvailable:    1468900 kB
Buffers:          105648 kB
Cached:          1192920 kB
MemTotal:        1844596 kB
MemFree:          183972 kB
MemAvailable:    1468900 kB
Buffers:          105648 kB
Cached:          1192920 kB
MemTotal:        1844596 kB
MemFree:          184152 kB
MemAvailable:    1469080 kB
Buffers:          105648 kB
Cached:          1192920 kB
MemTotal:        1844596 kB
MemFree:          182296 kB
MemAvailable:    1467224 kB
Buffers:          105648 kB
Cached:          1192920 kB
MemTotal:        1844596 kB
MemFree:          183960 kB
MemAvailable:    1468888 kB
Buffers:          105648 kB
Cached:          1192920 kB
MemTotal:        1844596 kB
MemFree:          182676 kB
MemAvailable:    1467604 kB
Buffers:          105648 kB
Cached:          1192920 kB
MemTotal:        1844596 kB
MemFree:          182800 kB
MemAvailable:    1467732 kB
Buffers:          105648 kB
Cached:          1192924 kB
MemTotal:        1844596 kB
MemFree:          182924 kB
MemAvailable:    1467856 kB
Buffers:          105648 kB
Cached:          1192924 kB
MemTotal:        1844596 kB
MemFree:          179452 kB
MemAvailable:    1464384 kB
Buffers:          105648 kB
Cached:          1192924 kB
MemTotal:        1844596 kB
MemFree:          176352 kB
MemAvailable:    1461284 kB
Buffers:          105648 kB
Cached:          1192924 kB
MemTotal:        1844596 kB
MemFree:          172136 kB
MemAvailable:    1457068 kB
Buffers:          105648 kB
Cached:          1192924 kB
MemTotal:        1844596 kB
MemFree:          172012 kB
MemAvailable:    1456944 kB
Buffers:          105648 kB
Cached:          1192924 kB
MemTotal:        1844596 kB
MemFree:          172632 kB
MemAvailable:    1457564 kB
Buffers:          105648 kB
Cached:          1192924 kB
MemTotal:        1844596 kB
MemFree:          171260 kB
MemAvailable:    1456192 kB
Buffers:          105648 kB
Cached:          1192924 kB
MemTotal:        1844596 kB
MemFree:          171252 kB
MemAvailable:    1456184 kB
Buffers:          105648 kB
Cached:          1192924 kB
MemTotal:        1844596 kB
MemFree:          171756 kB
MemAvailable:    1456688 kB
Buffers:          105648 kB
Cached:          1192924 kB
MemTotal:        1844596 kB
MemFree:          171640 kB
MemAvailable:    1456572 kB
Buffers:          105648 kB
Cached:          1192924 kB
MemTotal:        1844596 kB
MemFree:          170028 kB
MemAvailable:    1454960 kB
Buffers:          105648 kB
Cached:          1192924 kB
MemTotal:        1844596 kB
MemFree:          170460 kB
MemAvailable:    1455392 kB
Buffers:          105648 kB
Cached:          1192924 kB
MemTotal:        1844596 kB
MemFree:          168616 kB
MemAvailable:    1453548 kB
Buffers:          105648 kB
Cached:          1192924 kB
MemTotal:        1844596 kB
MemFree:          168608 kB
MemAvailable:    1453540 kB
Buffers:          105648 kB
Cached:          1192924 kB
MemTotal:        1844596 kB
MemFree:          168944 kB
MemAvailable:    1453876 kB
Buffers:          105648 kB
Cached:          1192924 kB
MemTotal:        1844596 kB
MemFree:          168732 kB
MemAvailable:    1453664 kB
Buffers:          105648 kB
Cached:          1192924 kB
MemTotal:        1844596 kB
MemFree:          168868 kB
MemAvailable:    1453800 kB
Buffers:          105648 kB
Cached:          1192924 kB
MemTotal:        1844596 kB
MemFree:          167496 kB
MemAvailable:    1452428 kB
Buffers:          105648 kB
Cached:          1192924 kB
MemTotal:        1844596 kB
MemFree:          167664 kB
MemAvailable:    1452596 kB
Buffers:          105648 kB
Cached:          1192924 kB
MemTotal:        1844596 kB
MemFree:          168856 kB
MemAvailable:    1453788 kB
Buffers:          105648 kB
Cached:          1192924 kB
MemTotal:        1844596 kB
MemFree:          168892 kB
MemAvailable:    1453824 kB
Buffers:          105648 kB
Cached:          1192924 kB
MemTotal:        1844596 kB
MemFree:          168044 kB
MemAvailable:    1452976 kB
Buffers:          105648 kB
Cached:          1192924 kB
MemTotal:        1844596 kB
MemFree:          168732 kB
MemAvailable:    1453668 kB
Buffers:          105648 kB
Cached:          1192928 kB
MemTotal:        1844596 kB
MemFree:          168984 kB
MemAvailable:    1453920 kB
Buffers:          105648 kB
Cached:          1192928 kB
MemTotal:        1844596 kB
MemFree:          167548 kB
MemAvailable:    1452484 kB
Buffers:          105648 kB
Cached:          1192928 kB
MemTotal:        1844596 kB
MemFree:          167672 kB
MemAvailable:    1452608 kB
Buffers:          105648 kB
Cached:          1192928 kB
MemTotal:        1844596 kB
MemFree:          167548 kB
MemAvailable:    1452484 kB
Buffers:          105648 kB
Cached:          1192928 kB
MemTotal:        1844596 kB
MemFree:          168656 kB
MemAvailable:    1453592 kB
Buffers:          105648 kB
Cached:          1192928 kB
MemTotal:        1844596 kB
MemFree:          168220 kB
MemAvailable:    1453156 kB
Buffers:          105648 kB
Cached:          1192928 kB
MemTotal:        1844596 kB
MemFree:          166920 kB
MemAvailable:    1451856 kB
Buffers:          105648 kB
Cached:          1192928 kB
MemTotal:        1844596 kB
MemFree:          167112 kB
MemAvailable:    1452048 kB
Buffers:          105648 kB
Cached:          1192928 kB
MemTotal:        1844596 kB
MemFree:          166740 kB
MemAvailable:    1451676 kB
Buffers:          105648 kB
Cached:          1192928 kB
MemTotal:        1844596 kB
MemFree:          166128 kB
MemAvailable:    1451064 kB
Buffers:          105648 kB
Cached:          1192928 kB
MemTotal:        1844596 kB
MemFree:          167148 kB
MemAvailable:    1452088 kB
Buffers:          105648 kB
Cached:          1192932 kB
MemTotal:        1844596 kB
MemFree:          165812 kB
MemAvailable:    1450752 kB
Buffers:          105648 kB
Cached:          1192932 kB
MemTotal:        1844596 kB
MemFree:          166004 kB
MemAvailable:    1450944 kB
Buffers:          105648 kB
Cached:          1192932 kB
MemTotal:        1844596 kB
MemFree:          166172 kB
MemAvailable:    1451112 kB
Buffers:          105648 kB
Cached:          1192932 kB
MemTotal:        1844596 kB
MemFree:          165616 kB
MemAvailable:    1450556 kB
Buffers:          105648 kB
Cached:          1192932 kB
MemTotal:        1844596 kB
MemFree:          165492 kB
MemAvailable:    1450432 kB
Buffers:          105648 kB
Cached:          1192932 kB
MemTotal:        1844596 kB
MemFree:          164448 kB
MemAvailable:    1449388 kB
Buffers:          105648 kB
Cached:          1192932 kB
MemTotal:        1844596 kB
MemFree:          165300 kB
MemAvailable:    1450240 kB
Buffers:          105648 kB
Cached:          1192932 kB
MemTotal:        1844596 kB
MemFree:          165300 kB
MemAvailable:    1450240 kB
Buffers:          105648 kB
Cached:          1192932 kB
MemTotal:        1844596 kB
MemFree:          163704 kB
MemAvailable:    1448644 kB
Buffers:          105648 kB
Cached:          1192932 kB
MemTotal:        1844596 kB
MemFree:          163572 kB
MemAvailable:    1448512 kB
Buffers:          105648 kB
Cached:          1192932 kB
MemTotal:        1844596 kB
MemFree:          164764 kB
MemAvailable:    1449704 kB
Buffers:          105648 kB
Cached:          1192932 kB
MemTotal:        1844596 kB
MemFree:          164704 kB
MemAvailable:    1449644 kB
Buffers:          105648 kB
Cached:          1192932 kB
MemTotal:        1844596 kB
MemFree:          164700 kB
MemAvailable:    1449640 kB
Buffers:          105648 kB
Cached:          1192932 kB
MemTotal:        1844596 kB
MemFree:          163648 kB
MemAvailable:    1448588 kB
Buffers:          105648 kB
Cached:          1192932 kB
MemTotal:        1844596 kB
MemFree:          164736 kB
MemAvailable:    1449676 kB
Buffers:          105648 kB
Cached:          1192932 kB
MemTotal:        1844596 kB
MemFree:          164664 kB
MemAvailable:    1449604 kB
Buffers:          105648 kB
Cached:          1192932 kB
MemTotal:        1844596 kB
MemFree:          164392 kB
MemAvailable:    1449332 kB
Buffers:          105648 kB
Cached:          1192932 kB
MemTotal:        1844596 kB
MemFree:          165124 kB
MemAvailable:    1450064 kB
Buffers:          105648 kB
Cached:          1192932 kB
MemTotal:        1844596 kB
MemFree:          164756 kB
MemAvailable:    1449696 kB
Buffers:          105648 kB
Cached:          1192932 kB
MemTotal:        1844596 kB
MemFree:          164384 kB
MemAvailable:    1449324 kB
Buffers:          105648 kB
Cached:          1192932 kB
MemTotal:        1844596 kB
MemFree:          164384 kB
MemAvailable:    1449324 kB
Buffers:          105648 kB
Cached:          1192932 kB
MemTotal:        1844596 kB
MemFree:          163068 kB
MemAvailable:    1448008 kB
Buffers:          105648 kB
Cached:          1192932 kB
MemTotal:        1844596 kB
MemFree:          163276 kB
MemAvailable:    1448216 kB
Buffers:          105648 kB
Cached:          1192932 kB
MemTotal:        1844596 kB
MemFree:          163188 kB
MemAvailable:    1448128 kB
Buffers:          105648 kB
Cached:          1192932 kB
MemTotal:        1844596 kB
MemFree:          164288 kB
MemAvailable:    1449228 kB
Buffers:          105648 kB
Cached:          1192932 kB
MemTotal:        1844596 kB
MemFree:          164372 kB
MemAvailable:    1449312 kB
Buffers:          105648 kB
Cached:          1192932 kB
MemTotal:        1844596 kB
MemFree:          164352 kB
MemAvailable:    1449292 kB
Buffers:          105648 kB
Cached:          1192932 kB
MemTotal:        1844596 kB
MemFree:          163080 kB
MemAvailable:    1448020 kB
Buffers:          105648 kB
Cached:          1192932 kB
MemTotal:        1844596 kB
MemFree:          163332 kB
MemAvailable:    1448272 kB
Buffers:          105648 kB
Cached:          1192932 kB
MemTotal:        1844596 kB
MemFree:          164336 kB
MemAvailable:    1449276 kB
Buffers:          105648 kB
Cached:          1192932 kB
MemTotal:        1844596 kB
MemFree:          163276 kB
MemAvailable:    1448216 kB
Buffers:          105648 kB
Cached:          1192932 kB
MemTotal:        1844596 kB
MemFree:          164572 kB
MemAvailable:    1449512 kB
Buffers:          105648 kB
Cached:          1192932 kB
MemTotal:        1844596 kB
MemFree:          163284 kB
MemAvailable:    1448224 kB
Buffers:          105648 kB
Cached:          1192932 kB
MemTotal:        1844596 kB
MemFree:          163144 kB
MemAvailable:    1448084 kB
Buffers:          105648 kB
Cached:          1192932 kB
MemTotal:        1844596 kB
MemFree:          162216 kB
MemAvailable:    1447156 kB
Buffers:          105648 kB
Cached:          1192932 kB
MemTotal:        1844596 kB
MemFree:          163516 kB
MemAvailable:    1448456 kB
Buffers:          105648 kB
Cached:          1192932 kB
MemTotal:        1844596 kB
MemFree:          162216 kB
MemAvailable:    1447156 kB
Buffers:          105648 kB
Cached:          1192932 kB
MemTotal:        1844596 kB
MemFree:          161968 kB
MemAvailable:    1446908 kB
Buffers:          105648 kB
Cached:          1192932 kB
MemTotal:        1844596 kB
MemFree:          161224 kB
MemAvailable:    1446164 kB
Buffers:          105648 kB
Cached:          1192932 kB
MemTotal:        1844596 kB
MemFree:          159364 kB
MemAvailable:    1444304 kB
Buffers:          105648 kB
Cached:          1192932 kB
MemTotal:        1844596 kB
MemFree:          156892 kB
MemAvailable:    1441836 kB
Buffers:          105648 kB
Cached:          1192936 kB
MemTotal:        1844596 kB
MemFree:          155032 kB
MemAvailable:    1439976 kB
Buffers:          105648 kB
Cached:          1192936 kB
MemTotal:        1844596 kB
MemFree:          153544 kB
MemAvailable:    1438488 kB
Buffers:          105648 kB
Cached:          1192936 kB
MemTotal:        1844596 kB
MemFree:          149072 kB
MemAvailable:    1434016 kB
Buffers:          105648 kB
Cached:          1192936 kB
MemTotal:        1844596 kB
MemFree:          148468 kB
MemAvailable:    1433288 kB
Buffers:          105648 kB
Cached:          1192936 kB
MemTotal:        1844596 kB
MemFree:          145112 kB
MemAvailable:    1430056 kB
Buffers:          105648 kB
Cached:          1192936 kB
MemTotal:        1844596 kB
MemFree:          145236 kB
MemAvailable:    1430180 kB
Buffers:          105648 kB
Cached:          1192936 kB
MemTotal:        1844596 kB
MemFree:          146412 kB
MemAvailable:    1431356 kB
Buffers:          105648 kB
Cached:          1192936 kB
MemTotal:        1844596 kB
MemFree:          145244 kB
MemAvailable:    1430188 kB
Buffers:          105648 kB
Cached:          1192936 kB
MemTotal:        1844596 kB
MemFree:          145964 kB
MemAvailable:    1430908 kB
Buffers:          105648 kB
Cached:          1192936 kB
MemTotal:        1844596 kB
MemFree:          146216 kB
MemAvailable:    1431160 kB
Buffers:          105648 kB
Cached:          1192936 kB
MemTotal:        1844596 kB
MemFree:          145972 kB
MemAvailable:    1430916 kB
Buffers:          105648 kB
Cached:          1192936 kB
MemTotal:        1844596 kB
MemFree:          145840 kB
MemAvailable:    1430784 kB
Buffers:          105648 kB
Cached:          1192936 kB
MemTotal:        1844596 kB
MemFree:          145492 kB
MemAvailable:    1430436 kB
Buffers:          105648 kB
Cached:          1192936 kB
MemTotal:        1844596 kB
MemFree:          144484 kB
MemAvailable:    1429428 kB
Buffers:          105648 kB
Cached:          1192936 kB
MemTotal:        1844596 kB
MemFree:          145848 kB
MemAvailable:    1430792 kB
Buffers:          105648 kB
Cached:          1192936 kB
MemTotal:        1844596 kB
MemFree:          145932 kB
MemAvailable:    1430876 kB
Buffers:          105648 kB
Cached:          1192936 kB
MemTotal:        1844596 kB
MemFree:          145096 kB
MemAvailable:    1430040 kB
Buffers:          105648 kB
Cached:          1192936 kB
MemTotal:        1844596 kB
MemFree:          145432 kB
MemAvailable:    1430376 kB
Buffers:          105648 kB
Cached:          1192936 kB
MemTotal:        1844596 kB
MemFree:          143856 kB
MemAvailable:    1428800 kB
Buffers:          105648 kB
Cached:          1192936 kB
MemTotal:        1844596 kB
MemFree:          145212 kB
MemAvailable:    1430156 kB
Buffers:          105648 kB
Cached:          1192936 kB
MemTotal:        1844596 kB
MemFree:          144924 kB
MemAvailable:    1429868 kB
Buffers:          105648 kB
Cached:          1192936 kB
MemTotal:        1844596 kB
MemFree:          145176 kB
MemAvailable:    1430120 kB
Buffers:          105648 kB
Cached:          1192936 kB
MemTotal:        1844596 kB
MemFree:          144784 kB
MemAvailable:    1429728 kB
Buffers:          105648 kB
Cached:          1192936 kB
MemTotal:        1844596 kB
MemFree:          143616 kB
MemAvailable:    1428560 kB
Buffers:          105648 kB
Cached:          1192936 kB
MemTotal:        1844596 kB
MemFree:          143864 kB
MemAvailable:    1428808 kB
Buffers:          105648 kB
Cached:          1192936 kB
MemTotal:        1844596 kB
MemFree:          143560 kB
MemAvailable:    1428504 kB
Buffers:          105648 kB
Cached:          1192936 kB
MemTotal:        1844596 kB
MemFree:          144120 kB
MemAvailable:    1429064 kB
Buffers:          105648 kB
Cached:          1192936 kB
MemTotal:        1844596 kB
MemFree:          145332 kB
MemAvailable:    1430276 kB
Buffers:          105648 kB
Cached:          1192936 kB
MemTotal:        1844596 kB
MemFree:          144368 kB
MemAvailable:    1429312 kB
Buffers:          105648 kB
Cached:          1192936 kB
MemTotal:        1844596 kB
MemFree:          144904 kB
MemAvailable:    1429848 kB
Buffers:          105648 kB
Cached:          1192936 kB
MemTotal:        1844596 kB
MemFree:          143680 kB
MemAvailable:    1428624 kB
Buffers:          105648 kB
Cached:          1192936 kB
MemTotal:        1844596 kB
MemFree:          143688 kB
MemAvailable:    1428632 kB
Buffers:          105648 kB
Cached:          1192936 kB
MemTotal:        1844596 kB
MemFree:          143564 kB
MemAvailable:    1428508 kB
Buffers:          105648 kB
Cached:          1192936 kB
MemTotal:        1844596 kB
MemFree:          144940 kB
MemAvailable:    1429884 kB
Buffers:          105648 kB
Cached:          1192936 kB
MemTotal:        1844596 kB
MemFree:          145108 kB
MemAvailable:    1430052 kB
Buffers:          105648 kB
Cached:          1192936 kB
MemTotal:        1844596 kB
MemFree:          144816 kB
MemAvailable:    1429760 kB
Buffers:          105648 kB
Cached:          1192936 kB
MemTotal:        1844596 kB
MemFree:          144856 kB
MemAvailable:    1429800 kB
Buffers:          105648 kB
Cached:          1192936 kB
MemTotal:        1844596 kB
MemFree:          145108 kB
MemAvailable:    1430052 kB
Buffers:          105648 kB
Cached:          1192936 kB
MemTotal:        1844596 kB
MemFree:          141692 kB
MemAvailable:    1426636 kB
Buffers:          105648 kB
Cached:          1192936 kB
MemTotal:        1844596 kB
MemFree:          137904 kB
MemAvailable:    1422848 kB
Buffers:          105648 kB
Cached:          1192936 kB
MemTotal:        1844596 kB
MemFree:          137300 kB
MemAvailable:    1422244 kB
Buffers:          105648 kB
Cached:          1192936 kB
MemTotal:        1844596 kB
MemFree:          133580 kB
MemAvailable:    1418524 kB
Buffers:          105648 kB
Cached:          1192936 kB
MemTotal:        1844596 kB
MemFree:          129860 kB
MemAvailable:    1414804 kB
Buffers:          105648 kB
Cached:          1192936 kB
MemTotal:        1844596 kB
MemFree:          127380 kB
MemAvailable:    1412324 kB
Buffers:          105648 kB
Cached:          1192936 kB
MemTotal:        1844596 kB
MemFree:          126620 kB
MemAvailable:    1411564 kB
Buffers:          105648 kB
Cached:          1192936 kB
MemTotal:        1844596 kB
MemFree:          126636 kB
MemAvailable:    1411580 kB
Buffers:          105648 kB
Cached:          1192936 kB
MemTotal:        1844596 kB
MemFree:          126448 kB
MemAvailable:    1411392 kB
Buffers:          105648 kB
Cached:          1192936 kB
MemTotal:        1844596 kB
MemFree:          126704 kB
MemAvailable:    1411648 kB
Buffers:          105648 kB
Cached:          1192936 kB
MemTotal:        1844596 kB
MemFree:          125460 kB
MemAvailable:    1410404 kB
Buffers:          105648 kB
Cached:          1192936 kB
MemTotal:        1844596 kB
MemFree:          126620 kB
MemAvailable:    1411564 kB
Buffers:          105648 kB
Cached:          1192936 kB
MemTotal:        1844596 kB
MemFree:          126872 kB
MemAvailable:    1411816 kB
Buffers:          105648 kB
Cached:          1192936 kB
MemTotal:        1844596 kB
MemFree:          126632 kB
MemAvailable:    1411576 kB
Buffers:          105648 kB
Cached:          1192936 kB
MemTotal:        1844596 kB
MemFree:          126760 kB
MemAvailable:    1411704 kB
Buffers:          105648 kB
Cached:          1192936 kB
MemTotal:        1844596 kB
MemFree:          126556 kB
MemAvailable:    1411500 kB
Buffers:          105648 kB
Cached:          1192936 kB
MemTotal:        1844596 kB
MemFree:          126808 kB
MemAvailable:    1411752 kB
Buffers:          105648 kB
Cached:          1192936 kB
MemTotal:        1844596 kB
MemFree:          126676 kB
MemAvailable:    1411620 kB
Buffers:          105648 kB
Cached:          1192936 kB
MemTotal:        1844596 kB
MemFree:          125624 kB
MemAvailable:    1410568 kB
Buffers:          105648 kB
Cached:          1192936 kB
MemTotal:        1844596 kB
MemFree:          125460 kB
MemAvailable:    1410404 kB
Buffers:          105648 kB
Cached:          1192936 kB
MemTotal:        1844596 kB
MemFree:          126672 kB
MemAvailable:    1411616 kB
Buffers:          105648 kB
Cached:          1192936 kB
MemTotal:        1844596 kB
MemFree:          125448 kB
MemAvailable:    1410392 kB
Buffers:          105648 kB
Cached:          1192936 kB
MemTotal:        1844596 kB
MemFree:          125352 kB
MemAvailable:    1410296 kB
Buffers:          105648 kB
Cached:          1192936 kB
MemTotal:        1844596 kB
MemFree:          125484 kB
MemAvailable:    1410428 kB
Buffers:          105648 kB
Cached:          1192936 kB
MemTotal:        1844596 kB
MemFree:          126652 kB
MemAvailable:    1411596 kB
Buffers:          105648 kB
Cached:          1192936 kB
MemTotal:        1844596 kB
MemFree:          125396 kB
MemAvailable:    1410340 kB
Buffers:          105648 kB
Cached:          1192936 kB
MemTotal:        1844596 kB
MemFree:          125396 kB
MemAvailable:    1410340 kB
Buffers:          105648 kB
Cached:          1192936 kB
MemTotal:        1844596 kB
MemFree:          126496 kB
MemAvailable:    1411440 kB
Buffers:          105648 kB
Cached:          1192936 kB
MemTotal:        1844596 kB
MemFree:          126388 kB
MemAvailable:    1411332 kB
Buffers:          105648 kB
Cached:          1192936 kB
MemTotal:        1844596 kB
MemFree:          126508 kB
MemAvailable:    1411452 kB
Buffers:          105648 kB
Cached:          1192936 kB
MemTotal:        1844596 kB
MemFree:          125464 kB
MemAvailable:    1410408 kB
Buffers:          105648 kB
Cached:          1192936 kB
MemTotal:        1844596 kB
MemFree:          125892 kB
MemAvailable:    1410836 kB
Buffers:          105648 kB
Cached:          1192936 kB
MemTotal:        1844596 kB
MemFree:          126484 kB
MemAvailable:    1411428 kB
Buffers:          105648 kB
Cached:          1192936 kB
MemTotal:        1844596 kB
MemFree:          126820 kB
MemAvailable:    1411764 kB
Buffers:          105648 kB
Cached:          1192936 kB
MemTotal:        1844596 kB
MemFree:          125328 kB
MemAvailable:    1410272 kB
Buffers:          105648 kB
Cached:          1192936 kB
MemTotal:        1844596 kB
MemFree:          125480 kB
MemAvailable:    1410436 kB
Buffers:          105648 kB
Cached:          1192944 kB
MemTotal:        1844596 kB
MemFree:          126636 kB
MemAvailable:    1411592 kB
Buffers:          105648 kB
Cached:          1192944 kB
MemTotal:        1844596 kB
MemFree:          125396 kB
MemAvailable:    1410352 kB
Buffers:          105648 kB
Cached:          1192944 kB
MemTotal:        1844596 kB
MemFree:          126540 kB
MemAvailable:    1411496 kB
Buffers:          105648 kB
Cached:          1192944 kB
MemTotal:        1844596 kB
MemFree:          126760 kB
MemAvailable:    1411716 kB
Buffers:          105648 kB
Cached:          1192944 kB
MemTotal:        1844596 kB
MemFree:          126508 kB
MemAvailable:    1411464 kB
Buffers:          105648 kB
Cached:          1192944 kB
MemTotal:        1844596 kB
MemFree:          126700 kB
MemAvailable:    1411656 kB
Buffers:          105648 kB
Cached:          1192944 kB
MemTotal:        1844596 kB
MemFree:          124952 kB
MemAvailable:    1409908 kB
Buffers:          105648 kB
Cached:          1192944 kB
MemTotal:        1844596 kB
MemFree:          121736 kB
MemAvailable:    1406692 kB
Buffers:          105648 kB
Cached:          1192944 kB
MemTotal:        1844596 kB
MemFree:          118700 kB
MemAvailable:    1403656 kB
Buffers:          105648 kB
Cached:          1192944 kB
MemTotal:        1844596 kB
MemFree:          114660 kB
MemAvailable:    1399616 kB
Buffers:          105648 kB
Cached:          1192944 kB
MemTotal:        1844596 kB
MemFree:          111384 kB
MemAvailable:    1396340 kB
Buffers:          105648 kB
Cached:          1192944 kB
MemTotal:        1844596 kB
MemFree:          109608 kB
MemAvailable:    1394564 kB
Buffers:          105648 kB
Cached:          1192944 kB
MemTotal:        1844596 kB
MemFree:          108284 kB
MemAvailable:    1393240 kB
Buffers:          105648 kB
Cached:          1192944 kB
MemTotal:        1844596 kB
MemFree:          108160 kB
MemAvailable:    1393116 kB
Buffers:          105648 kB
Cached:          1192944 kB
MemTotal:        1844596 kB
MemFree:          108028 kB
MemAvailable:    1392984 kB
Buffers:          105648 kB
Cached:          1192944 kB
MemTotal:        1844596 kB
MemFree:          108276 kB
MemAvailable:    1393232 kB
Buffers:          105648 kB
Cached:          1192944 kB
MemTotal:        1844596 kB
MemFree:          108276 kB
MemAvailable:    1393232 kB
Buffers:          105648 kB
Cached:          1192944 kB
MemTotal:        1844596 kB
MemFree:          108200 kB
MemAvailable:    1393156 kB
Buffers:          105648 kB
Cached:          1192944 kB
MemTotal:        1844596 kB
MemFree:          106900 kB
MemAvailable:    1391856 kB
Buffers:          105648 kB
Cached:          1192944 kB
MemTotal:        1844596 kB
MemFree:          107156 kB
MemAvailable:    1392112 kB
Buffers:          105648 kB
Cached:          1192944 kB
MemTotal:        1844596 kB
MemFree:          107032 kB
MemAvailable:    1391988 kB
Buffers:          105648 kB
Cached:          1192944 kB
MemTotal:        1844596 kB
MemFree:          107044 kB
MemAvailable:    1392000 kB
Buffers:          105648 kB
Cached:          1192944 kB
MemTotal:        1844596 kB
MemFree:          107972 kB
MemAvailable:    1392928 kB
Buffers:          105648 kB
Cached:          1192944 kB
MemTotal:        1844596 kB
MemFree:          106796 kB
MemAvailable:    1391752 kB
Buffers:          105648 kB
Cached:          1192944 kB
MemTotal:        1844596 kB
MemFree:          106920 kB
MemAvailable:    1391876 kB
Buffers:          105648 kB
Cached:          1192944 kB
MemTotal:        1844596 kB
MemFree:          106904 kB
MemAvailable:    1391860 kB
Buffers:          105648 kB
Cached:          1192944 kB
MemTotal:        1844596 kB
MemFree:          106176 kB
MemAvailable:    1391132 kB
Buffers:          105648 kB
Cached:          1192944 kB
MemTotal:        1844596 kB
MemFree:          106740 kB
MemAvailable:    1391696 kB
Buffers:          105648 kB
Cached:          1192944 kB
MemTotal:        1844596 kB
MemFree:          106236 kB
MemAvailable:    1391192 kB
Buffers:          105648 kB
Cached:          1192944 kB
MemTotal:        1844596 kB
MemFree:          104820 kB
MemAvailable:    1389776 kB
Buffers:          105648 kB
Cached:          1192944 kB
MemTotal:        1844596 kB
MemFree:          105368 kB
MemAvailable:    1390324 kB
Buffers:          105648 kB
Cached:          1192944 kB
MemTotal:        1844596 kB
MemFree:          105368 kB
MemAvailable:    1390324 kB
Buffers:          105648 kB
Cached:          1192944 kB
MemTotal:        1844596 kB
MemFree:          104556 kB
MemAvailable:    1389512 kB
Buffers:          105648 kB
Cached:          1192944 kB
MemTotal:        1844596 kB
MemFree:          104640 kB
MemAvailable:    1389596 kB
Buffers:          105648 kB
Cached:          1192944 kB
MemTotal:        1844596 kB
MemFree:          103308 kB
MemAvailable:    1388264 kB
Buffers:          105648 kB
Cached:          1192944 kB
MemTotal:        1844596 kB
MemFree:          103520 kB
MemAvailable:    1388476 kB
Buffers:          105648 kB
Cached:          1192944 kB
MemTotal:        1844596 kB
MemFree:          102200 kB
MemAvailable:    1387156 kB
Buffers:          105648 kB
Cached:          1192944 kB
MemTotal:        1844596 kB
MemFree:          102284 kB
MemAvailable:    1387048 kB
Buffers:          105648 kB
Cached:          1192944 kB
MemTotal:        1844596 kB
MemFree:          101952 kB
MemAvailable:    1386908 kB
Buffers:          105648 kB
Cached:          1192944 kB
MemTotal:        1844596 kB
MemFree:          102192 kB
MemAvailable:    1387148 kB
Buffers:          105648 kB
Cached:          1192944 kB
MemTotal:        1844596 kB
MemFree:          101588 kB
MemAvailable:    1386544 kB
Buffers:          105648 kB
Cached:          1192944 kB
MemTotal:        1844596 kB
MemFree:          102080 kB
MemAvailable:    1387036 kB
Buffers:          105648 kB
Cached:          1192944 kB
MemTotal:        1844596 kB
MemFree:          101028 kB
MemAvailable:    1385984 kB
Buffers:          105648 kB
Cached:          1192944 kB
MemTotal:        1844596 kB
MemFree:          102124 kB
MemAvailable:    1387080 kB
Buffers:          105648 kB
Cached:          1192944 kB
MemTotal:        1844596 kB
MemFree:          101648 kB
MemAvailable:    1386604 kB
Buffers:          105648 kB
Cached:          1192944 kB
MemTotal:        1844596 kB
MemFree:           99852 kB
MemAvailable:    1384808 kB
Buffers:          105648 kB
Cached:          1192944 kB
MemTotal:        1844596 kB
MemFree:          100544 kB
MemAvailable:    1385500 kB
Buffers:          105648 kB
Cached:          1192944 kB
MemTotal:        1844596 kB
MemFree:          100516 kB
MemAvailable:    1385472 kB
Buffers:          105648 kB
Cached:          1192944 kB
MemTotal:        1844596 kB
MemFree:          100532 kB
MemAvailable:    1385488 kB
Buffers:          105648 kB
Cached:          1192944 kB
MemTotal:        1844596 kB
MemFree:          100332 kB
MemAvailable:    1385288 kB
Buffers:          105648 kB
Cached:          1192944 kB
MemTotal:        1844596 kB
MemFree:          100332 kB
MemAvailable:    1385288 kB
Buffers:          105648 kB
Cached:          1192944 kB
MemTotal:        1844596 kB
MemFree:           99180 kB
MemAvailable:    1384136 kB
Buffers:          105648 kB
Cached:          1192944 kB
MemTotal:        1844596 kB
MemFree:          100532 kB
MemAvailable:    1385488 kB
Buffers:          105648 kB
Cached:          1192944 kB
MemTotal:        1844596 kB
MemFree:           99728 kB
MemAvailable:    1384684 kB
Buffers:          105648 kB
Cached:          1192944 kB
MemTotal:        1844596 kB
MemFree:          100328 kB
MemAvailable:    1385284 kB
Buffers:          105648 kB
Cached:          1192944 kB
MemTotal:        1844596 kB
MemFree:          100584 kB
MemAvailable:    1385540 kB
Buffers:          105648 kB
Cached:          1192944 kB
MemTotal:        1844596 kB
MemFree:          100400 kB
MemAvailable:    1385356 kB
Buffers:          105648 kB
Cached:          1192944 kB
MemTotal:        1844596 kB
MemFree:          100532 kB
MemAvailable:    1385488 kB
Buffers:          105648 kB
Cached:          1192944 kB
MemTotal:        1844596 kB
MemFree:           99736 kB
MemAvailable:    1384692 kB
Buffers:          105648 kB
Cached:          1192944 kB
MemTotal:        1844596 kB
MemFree:          100332 kB
MemAvailable:    1385288 kB
Buffers:          105648 kB
Cached:          1192944 kB
MemTotal:        1844596 kB
MemFree:          100668 kB
MemAvailable:    1385624 kB
Buffers:          105648 kB
Cached:          1192944 kB
MemTotal:        1844596 kB
MemFree:          100292 kB
MemAvailable:    1385248 kB
Buffers:          105648 kB
Cached:          1192944 kB
MemTotal:        1844596 kB
MemFree:          100548 kB
MemAvailable:    1385504 kB
Buffers:          105648 kB
Cached:          1192944 kB
MemTotal:        1844596 kB
MemFree:          100536 kB
MemAvailable:    1385492 kB
Buffers:          105648 kB
Cached:          1192944 kB
MemTotal:        1844596 kB
MemFree:          100668 kB
MemAvailable:    1385624 kB
Buffers:          105648 kB
Cached:          1192944 kB
MemTotal:        1844596 kB
MemFree:          100400 kB
MemAvailable:    1385356 kB
Buffers:          105648 kB
Cached:          1192944 kB
MemTotal:        1844596 kB
MemFree:          100532 kB
MemAvailable:    1385488 kB
Buffers:          105648 kB
Cached:          1192944 kB
MemTotal:        1844596 kB
MemFree:          100424 kB
MemAvailable:    1385380 kB
Buffers:          105648 kB
Cached:          1192944 kB
MemTotal:        1844596 kB
MemFree:          100424 kB
MemAvailable:    1385380 kB
Buffers:          105648 kB
Cached:          1192944 kB
MemTotal:        1844596 kB
MemFree:          100424 kB
MemAvailable:    1385380 kB
Buffers:          105648 kB
Cached:          1192944 kB
MemTotal:        1844596 kB
MemFree:          100628 kB
MemAvailable:    1385584 kB
Buffers:          105648 kB
Cached:          1192944 kB
MemTotal:        1844596 kB
MemFree:           99728 kB
MemAvailable:    1384684 kB
Buffers:          105648 kB
Cached:          1192944 kB
MemTotal:        1844596 kB
MemFree:          100520 kB
MemAvailable:    1385476 kB
Buffers:          105648 kB
Cached:          1192944 kB
MemTotal:        1844596 kB
MemFree:           99108 kB
MemAvailable:    1384072 kB
Buffers:          105648 kB
Cached:          1192948 kB
MemTotal:        1844596 kB
MemFree:          100376 kB
MemAvailable:    1385340 kB
Buffers:          105648 kB
Cached:          1192948 kB
MemTotal:        1844596 kB
MemFree:          100548 kB
MemAvailable:    1385512 kB
Buffers:          105648 kB
Cached:          1192948 kB
MemTotal:        1844596 kB
MemFree:          100484 kB
MemAvailable:    1385456 kB
Buffers:          105648 kB
Cached:          1192956 kB
MemTotal:        1844596 kB
MemFree:           99232 kB
MemAvailable:    1384204 kB
Buffers:          105648 kB
Cached:          1192956 kB
MemTotal:        1844596 kB
MemFree:          100424 kB
MemAvailable:    1385396 kB
Buffers:          105648 kB
Cached:          1192956 kB
MemTotal:        1844596 kB
MemFree:          100340 kB
MemAvailable:    1385312 kB
Buffers:          105648 kB
Cached:          1192956 kB
MemTotal:        1844596 kB
MemFree:          100484 kB
MemAvailable:    1385456 kB
Buffers:          105648 kB
Cached:          1192956 kB
MemTotal:        1844596 kB
MemFree:           99220 kB
MemAvailable:    1384192 kB
Buffers:          105648 kB
Cached:          1192956 kB
MemTotal:        1844596 kB
MemFree:           99344 kB
MemAvailable:    1384316 kB
Buffers:          105648 kB
Cached:          1192956 kB
MemTotal:        1844596 kB
MemFree:          100316 kB
MemAvailable:    1385288 kB
Buffers:          105648 kB
Cached:          1192956 kB
MemTotal:        1844596 kB
MemFree:          100400 kB
MemAvailable:    1385372 kB
Buffers:          105648 kB
Cached:          1192956 kB
MemTotal:        1844596 kB
MemFree:          100268 kB
MemAvailable:    1385240 kB
Buffers:          105648 kB
Cached:          1192956 kB
MemTotal:        1844596 kB
MemFree:          100224 kB
MemAvailable:    1385196 kB
Buffers:          105648 kB
Cached:          1192956 kB
MemTotal:        1844596 kB
MemFree:          100460 kB
MemAvailable:    1385432 kB
Buffers:          105648 kB
Cached:          1192956 kB
MemTotal:        1844596 kB
MemFree:          100472 kB
MemAvailable:    1385444 kB
Buffers:          105648 kB
Cached:          1192956 kB
MemTotal:        1844596 kB
MemFree:           99356 kB
MemAvailable:    1384328 kB
Buffers:          105648 kB
Cached:          1192956 kB
MemTotal:        1844596 kB
MemFree:           97116 kB
MemAvailable:    1382088 kB
Buffers:          105648 kB
Cached:          1192956 kB
MemTotal:        1844596 kB
MemFree:           96760 kB
MemAvailable:    1381732 kB
Buffers:          105648 kB
Cached:          1192956 kB
MemTotal:        1844596 kB
MemFree:           93404 kB
MemAvailable:    1378376 kB
Buffers:          105648 kB
Cached:          1192956 kB
MemTotal:        1844596 kB
MemFree:           91276 kB
MemAvailable:    1376248 kB
Buffers:          105648 kB
Cached:          1192956 kB
MemTotal:        1844596 kB
MemFree:           89188 kB
MemAvailable:    1374160 kB
Buffers:          105648 kB
Cached:          1192956 kB
MemTotal:        1844596 kB
MemFree:           83484 kB
MemAvailable:    1368456 kB
Buffers:          105648 kB
Cached:          1192956 kB
MemTotal:        1844596 kB
MemFree:           81252 kB
MemAvailable:    1366224 kB
Buffers:          105648 kB
Cached:          1192956 kB
MemTotal:        1844596 kB
MemFree:           79764 kB
MemAvailable:    1364736 kB
Buffers:          105648 kB
Cached:          1192956 kB
MemTotal:        1844596 kB
MemFree:           79764 kB
MemAvailable:    1364736 kB
Buffers:          105648 kB
Cached:          1192956 kB
MemTotal:        1844596 kB
MemFree:           80136 kB
MemAvailable:    1365108 kB
Buffers:          105648 kB
Cached:          1192956 kB
MemTotal:        1844596 kB
MemFree:           79888 kB
MemAvailable:    1364860 kB
Buffers:          105648 kB
Cached:          1192956 kB
MemTotal:        1844596 kB
MemFree:           79708 kB
MemAvailable:    1364680 kB
Buffers:          105648 kB
Cached:          1192956 kB
MemTotal:        1844596 kB
MemFree:           81064 kB
MemAvailable:    1366036 kB
Buffers:          105648 kB
Cached:          1192956 kB
MemTotal:        1844596 kB
MemFree:           80992 kB
MemAvailable:    1365964 kB
Buffers:          105648 kB
Cached:          1192956 kB
MemTotal:        1844596 kB
MemFree:           79704 kB
MemAvailable:    1364676 kB
Buffers:          105648 kB
Cached:          1192956 kB
MemTotal:        1844596 kB
MemFree:           81068 kB
MemAvailable:    1366040 kB
Buffers:          105648 kB
Cached:          1192956 kB
MemTotal:        1844596 kB
MemFree:           81004 kB
MemAvailable:    1365976 kB
Buffers:          105648 kB
Cached:          1192956 kB
MemTotal:        1844596 kB
MemFree:           79828 kB
MemAvailable:    1364800 kB
Buffers:          105648 kB
Cached:          1192956 kB
MemTotal:        1844596 kB
MemFree:           79696 kB
MemAvailable:    1364668 kB
Buffers:          105648 kB
Cached:          1192956 kB
MemTotal:        1844596 kB
MemFree:           79516 kB
MemAvailable:    1364488 kB
Buffers:          105648 kB
Cached:          1192956 kB
MemTotal:        1844596 kB
MemFree:           80692 kB
MemAvailable:    1365664 kB
Buffers:          105648 kB
Cached:          1192956 kB
MemTotal:        1844596 kB
MemFree:           79384 kB
MemAvailable:    1364356 kB
Buffers:          105648 kB
Cached:          1192956 kB
MemTotal:        1844596 kB
MemFree:           80872 kB
MemAvailable:    1365844 kB
Buffers:          105648 kB
Cached:          1192956 kB
MemTotal:        1844596 kB
MemFree:           79384 kB
MemAvailable:    1364356 kB
Buffers:          105648 kB
Cached:          1192956 kB
MemTotal:        1844596 kB
MemFree:           80684 kB
MemAvailable:    1365656 kB
Buffers:          105648 kB
Cached:          1192956 kB
MemTotal:        1844596 kB
MemFree:           79648 kB
MemAvailable:    1364620 kB
Buffers:          105648 kB
Cached:          1192956 kB
MemTotal:        1844596 kB
MemFree:           80852 kB
MemAvailable:    1365828 kB
Buffers:          105648 kB
Cached:          1192960 kB
MemTotal:        1844596 kB
MemFree:           79516 kB
MemAvailable:    1364492 kB
Buffers:          105648 kB
Cached:          1192960 kB
MemTotal:        1844596 kB
MemFree:           80048 kB
MemAvailable:    1365024 kB
Buffers:          105648 kB
Cached:          1192960 kB
MemTotal:        1844596 kB
MemFree:           80020 kB
MemAvailable:    1364996 kB
Buffers:          105648 kB
Cached:          1192960 kB
MemTotal:        1844596 kB
MemFree:           79816 kB
MemAvailable:    1364792 kB
Buffers:          105648 kB
Cached:          1192960 kB
MemTotal:        1844596 kB
MemFree:           76284 kB
MemAvailable:    1361260 kB
Buffers:          105648 kB
Cached:          1192960 kB
MemTotal:        1844596 kB
MemFree:           76036 kB
MemAvailable:    1361012 kB
Buffers:          105648 kB
Cached:          1192960 kB
MemTotal:        1844596 kB
MemFree:           71324 kB
MemAvailable:    1356300 kB
Buffers:          105648 kB
Cached:          1192960 kB
MemTotal:        1844596 kB
MemFree:           70696 kB
MemAvailable:    1355672 kB
Buffers:          105648 kB
Cached:          1192960 kB
MemTotal:        1844596 kB
MemFree:           71032 kB
MemAvailable:    1356008 kB
Buffers:          105648 kB
Cached:          1192960 kB
MemTotal:        1844596 kB
MemFree:           70572 kB
MemAvailable:    1355548 kB
Buffers:          105648 kB
Cached:          1192960 kB
MemTotal:        1844596 kB
MemFree:           70596 kB
MemAvailable:    1355572 kB
Buffers:          105648 kB
Cached:          1192960 kB
MemTotal:        1844596 kB
MemFree:           69084 kB
MemAvailable:    1354060 kB
Buffers:          105648 kB
Cached:          1192960 kB
MemTotal:        1844596 kB
MemFree:           68604 kB
MemAvailable:    1353580 kB
Buffers:          105648 kB
Cached:          1192960 kB
MemTotal:        1844596 kB
MemFree:           68892 kB
MemAvailable:    1353868 kB
Buffers:          105648 kB
Cached:          1192960 kB
MemTotal:        1844596 kB
MemFree:           67468 kB
MemAvailable:    1352444 kB
Buffers:          105648 kB
Cached:          1192960 kB
MemTotal:        1844596 kB
MemFree:           67844 kB
MemAvailable:    1352820 kB
Buffers:          105648 kB
Cached:          1192960 kB
MemTotal:        1844596 kB
MemFree:           67488 kB
MemAvailable:    1352464 kB
Buffers:          105648 kB
Cached:          1192960 kB
MemTotal:        1844596 kB
MemFree:           67528 kB
MemAvailable:    1352588 kB
Buffers:          105648 kB
Cached:          1193084 kB
MemTotal:        1844596 kB
MemFree:           67780 kB
MemAvailable:    1352840 kB
Buffers:          105648 kB
Cached:          1193084 kB
MemTotal:        1844596 kB
MemFree:           67476 kB
MemAvailable:    1352704 kB
Buffers:          105648 kB
Cached:          1193208 kB
MemTotal:        1844596 kB
MemFree:           66332 kB
MemAvailable:    1351644 kB
Buffers:          105648 kB
Cached:          1193332 kB
MemTotal:        1844596 kB
MemFree:           67240 kB
MemAvailable:    1352720 kB
Buffers:          105648 kB
Cached:          1193456 kB
MemTotal:        1844596 kB
MemFree:           67240 kB
MemAvailable:    1352720 kB
Buffers:          105648 kB
Cached:          1193456 kB
MemTotal:        1844596 kB
MemFree:           66832 kB
MemAvailable:    1352396 kB
Buffers:          105648 kB
Cached:          1193580 kB
MemTotal:        1844596 kB
MemFree:           66732 kB
MemAvailable:    1352296 kB
Buffers:          105648 kB
Cached:          1193580 kB
MemTotal:        1844596 kB
MemFree:           66964 kB
MemAvailable:    1352528 kB
Buffers:          105648 kB
Cached:          1193580 kB
MemTotal:        1844596 kB
MemFree:           66952 kB
MemAvailable:    1352516 kB
Buffers:          105648 kB
Cached:          1193704 kB
MemTotal:        1844596 kB
MemFree:           66620 kB
MemAvailable:    1352184 kB
Buffers:          105648 kB
Cached:          1193704 kB
MemTotal:        1844596 kB
MemFree:           66996 kB
MemAvailable:    1352560 kB
Buffers:          105648 kB
Cached:          1193704 kB
MemTotal:        1844596 kB
MemFree:           65716 kB
MemAvailable:    1351356 kB
Buffers:          105648 kB
Cached:          1193664 kB
MemTotal:        1844596 kB
MemFree:           66856 kB
MemAvailable:    1352496 kB
Buffers:          105648 kB
Cached:          1193664 kB
MemTotal:        1844596 kB
MemFree:           65812 kB
MemAvailable:    1351464 kB
Buffers:          105648 kB
Cached:          1193636 kB
MemTotal:        1844596 kB
MemFree:           67416 kB
MemAvailable:    1352480 kB
Buffers:          105648 kB
Cached:          1193004 kB
MemTotal:        1844596 kB
MemFree:           66544 kB
MemAvailable:    1351608 kB
Buffers:          105648 kB
Cached:          1193004 kB
MemTotal:        1844596 kB
MemFree:           65924 kB
MemAvailable:    1350988 kB
Buffers:          105648 kB
Cached:          1193004 kB
MemTotal:        1844596 kB
MemFree:          169408 kB
MemAvailable:    1454556 kB
Buffers:          105648 kB
Cached:          1193004 kB
MemTotal:        1844596 kB
MemFree:          261284 kB
MemAvailable:    1546348 kB
Buffers:          105648 kB
Cached:          1193004 kB
