MemTotal:        1844596 kB
MemFree:          263008 kB
MemAvailable:    1542772 kB
Buffers:           95916 kB
Cached:          1208304 kB
MemTotal:        1844596 kB
MemFree:          234660 kB
MemAvailable:    1514428 kB
Buffers:           95916 kB
Cached:          1208308 kB
MemTotal:        1844596 kB
MemFree:          233544 kB
MemAvailable:    1513312 kB
Buffers:           95916 kB
Cached:          1208308 kB
MemTotal:        1844596 kB
MemFree:          231808 kB
MemAvailable:    1511576 kB
Buffers:           95916 kB
Cached:          1208308 kB
MemTotal:        1844596 kB
MemFree:          230560 kB
MemAvailable:    1510328 kB
Buffers:           95916 kB
Cached:          1208308 kB
MemTotal:        1844596 kB
MemFree:          231944 kB
MemAvailable:    1511712 kB
Buffers:           95916 kB
Cached:          1208308 kB
MemTotal:        1844596 kB
MemFree:          228480 kB
MemAvailable:    1508248 kB
Buffers:           95916 kB
Cached:          1208308 kB
MemTotal:        1844596 kB
MemFree:          228368 kB
MemAvailable:    1508136 kB
Buffers:           95916 kB
Cached:          1208308 kB
MemTotal:        1844596 kB
MemFree:          224532 kB
MemAvailable:    1504300 kB
Buffers:           95916 kB
Cached:          1208308 kB
MemTotal:        1844596 kB
MemFree:          221612 kB
MemAvailable:    1501380 kB
Buffers:           95916 kB
Cached:          1208308 kB
MemTotal:        1844596 kB
MemFree:          221864 kB
MemAvailable:    1501632 kB
Buffers:           95916 kB
Cached:          1208308 kB
MemTotal:        1844596 kB
MemFree:          220432 kB
MemAvailable:    1500200 kB
Buffers:           95916 kB
Cached:          1208308 kB
MemTotal:        1844596 kB
MemFree:          221620 kB
MemAvailable:    1501388 kB
Buffers:           95916 kB
Cached:          1208308 kB
MemTotal:        1844596 kB
MemFree:          221380 kB
MemAvailable:    1501148 kB
Buffers:           95916 kB
Cached:          1208308 kB
MemTotal:        1844596 kB
MemFree:          221204 kB
MemAvailable:    1500972 kB
Buffers:           95916 kB
Cached:          1208308 kB
MemTotal:        1844596 kB
MemFree:          221116 kB
MemAvailable:    1500884 kB
Buffers:           95916 kB
Cached:          1208308 kB
MemTotal:        1844596 kB
MemFree:          219948 kB
MemAvailable:    1499716 kB
Buffers:           95916 kB
Cached:          1208308 kB
MemTotal:        1844596 kB
MemFree:          221056 kB
MemAvailable:    1500824 kB
Buffers:           95916 kB
Cached:          1208308 kB
MemTotal:        1844596 kB
MemFree:          220840 kB
MemAvailable:    1500608 kB
Buffers:           95916 kB
Cached:          1208308 kB
MemTotal:        1844596 kB
MemFree:          220908 kB
MemAvailable:    1500676 kB
Buffers:           95916 kB
Cached:          1208308 kB
MemTotal:        1844596 kB
MemFree:          219704 kB
MemAvailable:    1499472 kB
Buffers:           95916 kB
Cached:          1208308 kB
MemTotal:        1844596 kB
MemFree:          220872 kB
MemAvailable:    1500640 kB
Buffers:           95916 kB
Cached:          1208308 kB
MemTotal:        1844596 kB
MemFree:          220584 kB
MemAvailable:    1500352 kB
Buffers:           95916 kB
Cached:          1208308 kB
MemTotal:        1844596 kB
MemFree:          220388 kB
MemAvailable:    1500156 kB
Buffers:           95916 kB
Cached:          1208308 kB
MemTotal:        1844596 kB
MemFree:          219096 kB
MemAvailable:    1498864 kB
Buffers:           95916 kB
Cached:          1208308 kB
MemTotal:        1844596 kB
MemFree:          220184 kB
MemAvailable:    1499952 kB
Buffers:           95916 kB
Cached:          1208308 kB
MemTotal:        1844596 kB
MemFree:          219832 kB
MemAvailable:    1499600 kB
Buffers:           95916 kB
Cached:          1208308 kB
MemTotal:        1844596 kB
MemFree:          218104 kB
MemAvailable:    1497872 kB
Buffers:           95916 kB
Cached:          1208308 kB
MemTotal:        1844596 kB
MemFree:          218900 kB
MemAvailable:    1498668 kB
Buffers:           95916 kB
Cached:          1208308 kB
MemTotal:        1844596 kB
MemFree:          217380 kB
MemAvailable:    1497148 kB
Buffers:           95916 kB
Cached:          1208308 kB
MemTotal:        1844596 kB
MemFree:          218564 kB
MemAvailable:    1498332 kB
Buffers:           95916 kB
Cached:          1208308 kB
MemTotal:        1844596 kB
MemFree:          218620 kB
MemAvailable:    1498388 kB
Buffers:           95916 kB
Cached:          1208308 kB
MemTotal:        1844596 kB
MemFree:          218564 kB
MemAvailable:    1498332 kB
Buffers:           95916 kB
Cached:          1208308 kB
MemTotal:        1844596 kB
MemFree:          218420 kB
MemAvailable:    1498188 kB
Buffers:           95916 kB
Cached:          1208308 kB
MemTotal:        1844596 kB
MemFree:          218372 kB
MemAvailable:    1498140 kB
Buffers:           95916 kB
Cached:          1208308 kB
MemTotal:        1844596 kB
MemFree:          217324 kB
MemAvailable:    1497092 kB
Buffers:           95916 kB
Cached:          1208308 kB
MemTotal:        1844596 kB
MemFree:          218788 kB
MemAvailable:    1498556 kB
Buffers:           95916 kB
Cached:          1208308 kB
MemTotal:        1844596 kB
MemFree:          218308 kB
MemAvailable:    1498076 kB
Buffers:           95916 kB
Cached:          1208308 kB
MemTotal:        1844596 kB
MemFree:          217008 kB
MemAvailable:    1496776 kB
Buffers:           95916 kB
Cached:          1208308 kB
MemTotal:        1844596 kB
MemFree:          214900 kB
MemAvailable:    1494668 kB
Buffers:           95916 kB
Cached:          1208308 kB
MemTotal:        1844596 kB
MemFree:          214836 kB
MemAvailable:    1494604 kB
Buffers:           95916 kB
Cached:          1208308 kB
MemTotal:        1844596 kB
MemFree:          214852 kB
MemAvailable:    1494620 kB
Buffers:           95916 kB
Cached:          1208308 kB
MemTotal:        1844596 kB
MemFree:          214532 kB
MemAvailable:    1494300 kB
Buffers:           95916 kB
Cached:          1208308 kB
MemTotal:        1844596 kB
MemFree:          214376 kB
MemAvailable:    1494144 kB
Buffers:           95916 kB
Cached:          1208308 kB
MemTotal:        1844596 kB
MemFree:          214164 kB
MemAvailable:    1493932 kB
Buffers:           95916 kB
Cached:          1208308 kB
MemTotal:        1844596 kB
MemFree:          213116 kB
MemAvailable:    1492884 kB
Buffers:           95916 kB
Cached:          1208308 kB
MemTotal:        1844596 kB
MemFree:          214136 kB
MemAvailable:    1493904 kB
Buffers:           95916 kB
Cached:          1208308 kB
MemTotal:        1844596 kB
MemFree:          214028 kB
MemAvailable:    1493796 kB
Buffers:           95916 kB
Cached:          1208308 kB
MemTotal:        1844596 kB
MemFree:          212888 kB
MemAvailable:    1492656 kB
Buffers:           95916 kB
Cached:          1208308 kB
MemTotal:        1844596 kB
MemFree:          213956 kB
MemAvailable:    1493724 kB
Buffers:           95916 kB
Cached:          1208308 kB
MemTotal:        1844596 kB
MemFree:          212840 kB
MemAvailable:    1492608 kB
Buffers:           95916 kB
Cached:          1208308 kB
MemTotal:        1844596 kB
MemFree:          212732 kB
MemAvailable:    1492504 kB
Buffers:           95916 kB
Cached:          1208312 kB
MemTotal:        1844596 kB
MemFree:          212724 kB
MemAvailable:    1492496 kB
Buffers:           95916 kB
Cached:          1208312 kB
MemTotal:        1844596 kB
MemFree:          212900 kB
MemAvailable:    1492672 kB
Buffers:           95916 kB
Cached:          1208312 kB
MemTotal:        1844596 kB
MemFree:          208856 kB
MemAvailable:    1488628 kB
Buffers:           95916 kB
Cached:          1208312 kB
MemTotal:        1844596 kB
MemFree:          208420 kB
MemAvailable:    1488192 kB
Buffers:           95916 kB
Cached:          1208312 kB
MemTotal:        1844596 kB
MemFree:          207732 kB
MemAvailable:    1487504 kB
Buffers:           95916 kB
Cached:          1208312 kB
MemTotal:        1844596 kB
MemFree:          207252 kB
MemAvailable:    1487024 kB
Buffers:           95916 kB
Cached:          1208312 kB
MemTotal:        1844596 kB
MemFree:          206376 kB
MemAvailable:    1486148 kB
Buffers:           95916 kB
Cached:          1208312 kB
MemTotal:        1844596 kB
MemFree:          206432 kB
MemAvailable:    1486204 kB
Buffers:           95916 kB
Cached:          1208312 kB
MemTotal:        1844596 kB
MemFree:          206192 kB
MemAvailable:    1485964 kB
Buffers:           95916 kB
Cached:          1208312 kB
MemTotal:        1844596 kB
MemFree:          205632 kB
MemAvailable:    1485404 kB
Buffers:           95916 kB
Cached:          1208312 kB
MemTotal:        1844596 kB
MemFree:          205444 kB
MemAvailable:    1485216 kB
Buffers:           95916 kB
Cached:          1208312 kB
MemTotal:        1844596 kB
MemFree:          205508 kB
MemAvailable:    1485280 kB
Buffers:           95916 kB
Cached:          1208312 kB
MemTotal:        1844596 kB
MemFree:          205368 kB
MemAvailable:    1485140 kB
Buffers:           95916 kB
Cached:          1208312 kB
MemTotal:        1844596 kB
MemFree:          204252 kB
MemAvailable:    1484024 kB
Buffers:           95916 kB
Cached:          1208312 kB
MemTotal:        1844596 kB
MemFree:          204252 kB
MemAvailable:    1484024 kB
Buffers:           95916 kB
Cached:          1208312 kB
MemTotal:        1844596 kB
MemFree:          204244 kB
MemAvailable:    1484016 kB
Buffers:           95916 kB
Cached:          1208312 kB
MemTotal:        1844596 kB
MemFree:          204244 kB
MemAvailable:    1484016 kB
Buffers:           95916 kB
Cached:          1208312 kB
MemTotal:        1844596 kB
MemFree:          204116 kB
MemAvailable:    1483888 kB
Buffers:           95916 kB
Cached:          1208312 kB
MemTotal:        1844596 kB
MemFree:          205412 kB
MemAvailable:    1485184 kB
Buffers:           95916 kB
Cached:          1208312 kB
MemTotal:        1844596 kB
MemFree:          205136 kB
MemAvailable:    1484908 kB
Buffers:           95916 kB
Cached:          1208312 kB
MemTotal:        1844596 kB
MemFree:          204948 kB
MemAvailable:    1484720 kB
Buffers:           95916 kB
Cached:          1208312 kB
MemTotal:        1844596 kB
MemFree:          204948 kB
MemAvailable:    1484720 kB
Buffers:           95916 kB
Cached:          1208312 kB
MemTotal:        1844596 kB
MemFree:          205052 kB
MemAvailable:    1484824 kB
Buffers:           95916 kB
Cached:          1208312 kB
MemTotal:        1844596 kB
MemFree:          203836 kB
MemAvailable:    1483608 kB
Buffers:           95916 kB
Cached:          1208312 kB
MemTotal:        1844596 kB
MemFree:          203876 kB
MemAvailable:    1483648 kB
Buffers:           95916 kB
Cached:          1208312 kB
MemTotal:        1844596 kB
MemFree:          205060 kB
MemAvailable:    1484832 kB
Buffers:           95916 kB
Cached:          1208312 kB
MemTotal:        1844596 kB
MemFree:          203152 kB
MemAvailable:    1482924 kB
Buffers:           95916 kB
Cached:          1208312 kB
MemTotal:        1844596 kB
MemFree:          199176 kB
MemAvailable:    1478948 kB
Buffers:           95916 kB
Cached:          1208312 kB
MemTotal:        1844596 kB
MemFree:          198812 kB
MemAvailable:    1478584 kB
Buffers:           95916 kB
Cached:          1208312 kB
MemTotal:        1844596 kB
MemFree:          195712 kB
MemAvailable:    1475484 kB
Buffers:           95916 kB
Cached:          1208312 kB
MemTotal:        1844596 kB
MemFree:          196704 kB
MemAvailable:    1476476 kB
Buffers:           95916 kB
Cached:          1208312 kB
MemTotal:        1844596 kB
MemFree:          195540 kB
MemAvailable:    1475312 kB
Buffers:           95916 kB
Cached:          1208312 kB
MemTotal:        1844596 kB
MemFree:          196628 kB
MemAvailable:    1476400 kB
Buffers:           95916 kB
Cached:          1208312 kB
MemTotal:        1844596 kB
MemFree:          196276 kB
MemAvailable:    1476048 kB
Buffers:           95916 kB
Cached:          1208312 kB
MemTotal:        1844596 kB
MemFree:          195464 kB
MemAvailable:    1475236 kB
Buffers:           95916 kB
Cached:          1208312 kB
MemTotal:        1844596 kB
MemFree:          196204 kB
MemAvailable:    1475976 kB
Buffers:           95916 kB
Cached:          1208312 kB
MemTotal:        1844596 kB
MemFree:          196336 kB
MemAvailable:    1476108 kB
Buffers:           95916 kB
Cached:          1208312 kB
MemTotal:        1844596 kB
MemFree:          196332 kB
MemAvailable:    1476104 kB
Buffers:           95916 kB
Cached:          1208312 kB
MemTotal:        1844596 kB
MemFree:          196140 kB
MemAvailable:    1475912 kB
Buffers:           95916 kB
Cached:          1208312 kB
MemTotal:        1844596 kB
MemFree:          195192 kB
MemAvailable:    1474964 kB
Buffers:           95916 kB
Cached:          1208312 kB
MemTotal:        1844596 kB
MemFree:          196192 kB
MemAvailable:    1475964 kB
Buffers:           95916 kB
Cached:          1208312 kB
MemTotal:        1844596 kB
MemFree:          196192 kB
MemAvailable:    1475964 kB
Buffers:           95916 kB
Cached:          1208312 kB
MemTotal:        1844596 kB
MemFree:          196308 kB
MemAvailable:    1476080 kB
Buffers:           95916 kB
Cached:          1208312 kB
MemTotal:        1844596 kB
MemFree:          194936 kB
MemAvailable:    1474708 kB
Buffers:           95916 kB
Cached:          1208312 kB
MemTotal:        1844596 kB
MemFree:          196192 kB
MemAvailable:    1475964 kB
Buffers:           95916 kB
Cached:          1208312 kB
MemTotal:        1844596 kB
MemFree:          196208 kB
MemAvailable:    1475980 kB
Buffers:           95916 kB
Cached:          1208312 kB
MemTotal:        1844596 kB
MemFree:          196264 kB
MemAvailable:    1476036 kB
Buffers:           95916 kB
Cached:          1208312 kB
MemTotal:        1844596 kB
MemFree:          196432 kB
MemAvailable:    1476204 kB
Buffers:           95916 kB
Cached:          1208312 kB
MemTotal:        1844596 kB
MemFree:          196264 kB
MemAvailable:    1476036 kB
Buffers:           95916 kB
Cached:          1208312 kB
MemTotal:        1844596 kB
MemFree:          196432 kB
MemAvailable:    1476204 kB
Buffers:           95916 kB
Cached:          1208312 kB
MemTotal:        1844596 kB
MemFree:          196372 kB
MemAvailable:    1476144 kB
Buffers:           95916 kB
Cached:          1208312 kB
MemTotal:        1844596 kB
MemFree:          195156 kB
MemAvailable:    1474928 kB
Buffers:           95916 kB
Cached:          1208312 kB
MemTotal:        1844596 kB
MemFree:          195088 kB
MemAvailable:    1474860 kB
Buffers:           95916 kB
Cached:          1208312 kB
MemTotal:        1844596 kB
MemFree:          195112 kB
MemAvailable:    1474884 kB
Buffers:           95916 kB
Cached:          1208312 kB
MemTotal:        1844596 kB
MemFree:          195608 kB
MemAvailable:    1475380 kB
Buffers:           95916 kB
Cached:          1208312 kB
MemTotal:        1844596 kB
MemFree:          193004 kB
MemAvailable:    1472776 kB
Buffers:           95916 kB
Cached:          1208312 kB
MemTotal:        1844596 kB
MemFree:          189716 kB
MemAvailable:    1469488 kB
Buffers:           95916 kB
Cached:          1208312 kB
MemTotal:        1844596 kB
MemFree:          187168 kB
MemAvailable:    1466940 kB
Buffers:           95916 kB
Cached:          1208312 kB
MemTotal:        1844596 kB
MemFree:          187420 kB
MemAvailable:    1467192 kB
Buffers:           95916 kB
Cached:          1208312 kB
MemTotal:        1844596 kB
MemFree:          186928 kB
MemAvailable:    1466700 kB
Buffers:           95916 kB
Cached:          1208312 kB
MemTotal:        1844596 kB
MemFree:          185804 kB
MemAvailable:    1465576 kB
Buffers:           95916 kB
Cached:          1208312 kB
MemTotal:        1844596 kB
MemFree:          185508 kB
MemAvailable:    1465280 kB
Buffers:           95916 kB
Cached:          1208312 kB
MemTotal:        1844596 kB
MemFree:          185676 kB
MemAvailable:    1465448 kB
Buffers:           95916 kB
Cached:          1208312 kB
MemTotal:        1844596 kB
MemFree:          185120 kB
MemAvailable:    1464892 kB
Buffers:           95916 kB
Cached:          1208312 kB
MemTotal:        1844596 kB
MemFree:          183580 kB
MemAvailable:    1463352 kB
Buffers:           95916 kB
Cached:          1208312 kB
MemTotal:        1844596 kB
MemFree:          184916 kB
MemAvailable:    1464688 kB
Buffers:           95916 kB
Cached:          1208312 kB
MemTotal:        1844596 kB
MemFree:          184624 kB
MemAvailable:    1464396 kB
Buffers:           95916 kB
Cached:          1208312 kB
MemTotal:        1844596 kB
MemFree:          184420 kB
MemAvailable:    1464192 kB
Buffers:           95916 kB
Cached:          1208312 kB
MemTotal:        1844596 kB
MemFree:          183952 kB
MemAvailable:    1463724 kB
Buffers:           95916 kB
Cached:          1208312 kB
MemTotal:        1844596 kB
MemFree:          184704 kB
MemAvailable:    1464488 kB
Buffers:           95916 kB
Cached:          1208324 kB
MemTotal:        1844596 kB
MemFree:          184508 kB
MemAvailable:    1464292 kB
Buffers:           95916 kB
Cached:          1208324 kB
MemTotal:        1844596 kB
MemFree:          184740 kB
MemAvailable:    1464524 kB
Buffers:           95916 kB
Cached:          1208324 kB
MemTotal:        1844596 kB
MemFree:          184608 kB
MemAvailable:    1464392 kB
Buffers:           95916 kB
Cached:          1208324 kB
MemTotal:        1844596 kB
MemFree:          183864 kB
MemAvailable:    1463648 kB
Buffers:           95916 kB
Cached:          1208324 kB
MemTotal:        1844596 kB
MemFree:          184724 kB
MemAvailable:    1464508 kB
Buffers:           95916 kB
Cached:          1208324 kB
MemTotal:        1844596 kB
MemFree:          184236 kB
MemAvailable:    1464020 kB
Buffers:           95916 kB
Cached:          1208324 kB
MemTotal:        1844596 kB
MemFree:          183356 kB
MemAvailable:    1463140 kB
Buffers:           95916 kB
Cached:          1208324 kB
MemTotal:        1844596 kB
MemFree:          184548 kB
MemAvailable:    1464332 kB
Buffers:           95916 kB
Cached:          1208324 kB
MemTotal:        1844596 kB
MemFree:          184616 kB
MemAvailable:    1464400 kB
Buffers:           95916 kB
Cached:          1208324 kB
MemTotal:        1844596 kB
MemFree:          184436 kB
MemAvailable:    1464220 kB
Buffers:           95916 kB
Cached:          1208324 kB
MemTotal:        1844596 kB
MemFree:          183748 kB
MemAvailable:    1463532 kB
Buffers:           95916 kB
Cached:          1208324 kB
MemTotal:        1844596 kB
MemFree:          184496 kB
MemAvailable:    1464280 kB
Buffers:           95916 kB
Cached:          1208324 kB
MemTotal:        1844596 kB
MemFree:          183444 kB
MemAvailable:    1463228 kB
Buffers:           95916 kB
Cached:          1208324 kB
MemTotal:        1844596 kB
MemFree:          184364 kB
MemAvailable:    1464148 kB
Buffers:           95916 kB
Cached:          1208324 kB
MemTotal:        1844596 kB
MemFree:          184496 kB
MemAvailable:    1464280 kB
Buffers:           95916 kB
Cached:          1208324 kB
MemTotal:        1844596 kB
MemFree:          183872 kB
MemAvailable:    1463656 kB
Buffers:           95916 kB
Cached:          1208324 kB
MemTotal:        1844596 kB
MemFree:          184628 kB
MemAvailable:    1464412 kB
Buffers:           95916 kB
Cached:          1208324 kB
MemTotal:        1844596 kB
MemFree:          184468 kB
MemAvailable:    1464252 kB
Buffers:           95916 kB
Cached:          1208324 kB
MemTotal:        1844596 kB
MemFree:          184680 kB
MemAvailable:    1464464 kB
Buffers:           95916 kB
Cached:          1208324 kB
MemTotal:        1844596 kB
MemFree:          183356 kB
MemAvailable:    1463140 kB
Buffers:           95916 kB
Cached:          1208324 kB
MemTotal:        1844596 kB
MemFree:          184548 kB
MemAvailable:    1464332 kB
Buffers:           95916 kB
Cached:          1208324 kB
MemTotal:        1844596 kB
MemFree:          184368 kB
MemAvailable:    1464152 kB
Buffers:           95916 kB
Cached:          1208324 kB
MemTotal:        1844596 kB
MemFree:          184488 kB
MemAvailable:    1464272 kB
Buffers:           95916 kB
Cached:          1208324 kB
MemTotal:        1844596 kB
MemFree:          183748 kB
MemAvailable:    1463532 kB
Buffers:           95916 kB
Cached:          1208324 kB
MemTotal:        1844596 kB
MemFree:          183072 kB
MemAvailable:    1462856 kB
Buffers:           95916 kB
Cached:          1208324 kB
MemTotal:        1844596 kB
MemFree:          184476 kB
MemAvailable:    1464260 kB
Buffers:           95916 kB
Cached:          1208324 kB
MemTotal:        1844596 kB
MemFree:          184728 kB
MemAvailable:    1464512 kB
Buffers:           95916 kB
Cached:          1208324 kB
MemTotal:        1844596 kB
MemFree:          184488 kB
MemAvailable:    1464272 kB
Buffers:           95916 kB
Cached:          1208324 kB
MemTotal:        1844596 kB
MemFree:          183440 kB
MemAvailable:    1463224 kB
Buffers:           95916 kB
Cached:          1208324 kB
MemTotal:        1844596 kB
MemFree:          184528 kB
MemAvailable:    1464312 kB
Buffers:           95916 kB
Cached:          1208324 kB
MemTotal:        1844596 kB
MemFree:          184584 kB
MemAvailable:    1464368 kB
Buffers:           95916 kB
Cached:          1208324 kB
MemTotal:        1844596 kB
MemFree:          183096 kB
MemAvailable:    1462880 kB
Buffers:           95916 kB
Cached:          1208324 kB
MemTotal:        1844596 kB
MemFree:          183304 kB
MemAvailable:    1463088 kB
Buffers:           95916 kB
Cached:          1208324 kB
MemTotal:        1844596 kB
MemFree:          184732 kB
MemAvailable:    1464516 kB
Buffers:           95916 kB
Cached:          1208324 kB
MemTotal:        1844596 kB
MemFree:          184340 kB
MemAvailable:    1464124 kB
Buffers:           95916 kB
Cached:          1208324 kB
MemTotal:        1844596 kB
MemFree:          184472 kB
MemAvailable:    1464256 kB
Buffers:           95916 kB
Cached:          1208324 kB
MemTotal:        1844596 kB
MemFree:          183172 kB
MemAvailable:    1462956 kB
Buffers:           95916 kB
Cached:          1208324 kB
MemTotal:        1844596 kB
MemFree:          183544 kB
MemAvailable:    1463328 kB
Buffers:           95916 kB
Cached:          1208324 kB
MemTotal:        1844596 kB
MemFree:          184588 kB
MemAvailable:    1464372 kB
Buffers:           95916 kB
Cached:          1208324 kB
MemTotal:        1844596 kB
MemFree:          184720 kB
MemAvailable:    1464504 kB
Buffers:           95916 kB
Cached:          1208324 kB
MemTotal:        1844596 kB
MemFree:          184264 kB
MemAvailable:    1464048 kB
Buffers:           95916 kB
Cached:          1208324 kB
MemTotal:        1844596 kB
MemFree:          184352 kB
MemAvailable:    1464136 kB
Buffers:           95916 kB
Cached:          1208324 kB
MemTotal:        1844596 kB
MemFree:          182816 kB
MemAvailable:    1462600 kB
Buffers:           95916 kB
Cached:          1208324 kB
MemTotal:        1844596 kB
MemFree:          184084 kB
MemAvailable:    1463868 kB
Buffers:           95916 kB
Cached:          1208324 kB
MemTotal:        1844596 kB
MemFree:          183864 kB
MemAvailable:    1463648 kB
Buffers:           95916 kB
Cached:          1208324 kB
MemTotal:        1844596 kB
MemFree:          183984 kB
MemAvailable:    1463768 kB
Buffers:           95916 kB
Cached:          1208324 kB
MemTotal:        1844596 kB
MemFree:          183128 kB
MemAvailable:    1462912 kB
Buffers:           95916 kB
Cached:          1208324 kB
MemTotal:        1844596 kB
MemFree:          182576 kB
MemAvailable:    1462360 kB
Buffers:           95916 kB
Cached:          1208324 kB
MemTotal:        1844596 kB
MemFree:          183856 kB
MemAvailable:    1463640 kB
Buffers:           95916 kB
Cached:          1208324 kB
MemTotal:        1844596 kB
MemFree:          184108 kB
MemAvailable:    1463892 kB
Buffers:           95916 kB
Cached:          1208324 kB
MemTotal:        1844596 kB
MemFree:          182576 kB
MemAvailable:    1462360 kB
Buffers:           95916 kB
Cached:          1208324 kB
MemTotal:        1844596 kB
MemFree:          184036 kB
MemAvailable:    1463820 kB
Buffers:           95916 kB
Cached:          1208324 kB
MemTotal:        1844596 kB
MemFree:          183932 kB
MemAvailable:    1463716 kB
Buffers:           95916 kB
Cached:          1208324 kB
MemTotal:        1844596 kB
MemFree:          182436 kB
MemAvailable:    1462220 kB
Buffers:           95916 kB
Cached:          1208324 kB
MemTotal:        1844596 kB
MemFree:          183552 kB
MemAvailable:    1463336 kB
Buffers:           95916 kB
Cached:          1208324 kB
MemTotal:        1844596 kB
MemFree:          183252 kB
MemAvailable:    1463036 kB
Buffers:           95916 kB
Cached:          1208324 kB
MemTotal:        1844596 kB
MemFree:          183496 kB
MemAvailable:    1463280 kB
Buffers:           95916 kB
Cached:          1208324 kB
MemTotal:        1844596 kB
MemFree:          182756 kB
MemAvailable:    1462540 kB
Buffers:           95916 kB
Cached:          1208324 kB
MemTotal:        1844596 kB
MemFree:          183436 kB
MemAvailable:    1463220 kB
Buffers:           95916 kB
Cached:          1208324 kB
MemTotal:        1844596 kB
MemFree:          183368 kB
MemAvailable:    1463152 kB
Buffers:           95916 kB
Cached:          1208324 kB
MemTotal:        1844596 kB
MemFree:          182236 kB
MemAvailable:    1462020 kB
Buffers:           95916 kB
Cached:          1208324 kB
MemTotal:        1844596 kB
MemFree:          182856 kB
MemAvailable:    1462640 kB
Buffers:           95916 kB
Cached:          1208324 kB
MemTotal:        1844596 kB
MemFree:          183428 kB
MemAvailable:    1463212 kB
Buffers:           95916 kB
Cached:          1208324 kB
MemTotal:        1844596 kB
MemFree:          183680 kB
MemAvailable:    1463464 kB
Buffers:           95916 kB
Cached:          1208324 kB
MemTotal:        1844596 kB
MemFree:          183352 kB
MemAvailable:    1463136 kB
Buffers:           95916 kB
Cached:          1208324 kB
MemTotal:        1844596 kB
MemFree:          183236 kB
MemAvailable:    1463020 kB
Buffers:           95916 kB
Cached:          1208324 kB
MemTotal:        1844596 kB
MemFree:          182192 kB
MemAvailable:    1461976 kB
Buffers:           95916 kB
Cached:          1208324 kB
MemTotal:        1844596 kB
MemFree:          182316 kB
MemAvailable:    1462100 kB
Buffers:           95916 kB
Cached:          1208324 kB
MemTotal:        1844596 kB
MemFree:          178284 kB
MemAvailable:    1458068 kB
Buffers:           95916 kB
Cached:          1208324 kB
MemTotal:        1844596 kB
MemFree:          173948 kB
MemAvailable:    1453740 kB
Buffers:           95916 kB
Cached:          1208332 kB
MemTotal:        1844596 kB
MemFree:          172908 kB
MemAvailable:    1452700 kB
Buffers:           95916 kB
Cached:          1208332 kB
MemTotal:        1844596 kB
MemFree:          172884 kB
MemAvailable:    1452676 kB
Buffers:           95916 kB
Cached:          1208332 kB
MemTotal:        1844596 kB
MemFree:          172636 kB
MemAvailable:    1452428 kB
Buffers:           95916 kB
Cached:          1208332 kB
MemTotal:        1844596 kB
MemFree:          172460 kB
MemAvailable:    1452252 kB
Buffers:           95916 kB
Cached:          1208332 kB
MemTotal:        1844596 kB
MemFree:          172320 kB
MemAvailable:    1452112 kB
Buffers:           95916 kB
Cached:          1208332 kB
MemTotal:        1844596 kB
MemFree:          172320 kB
MemAvailable:    1452112 kB
Buffers:           95916 kB
Cached:          1208332 kB
MemTotal:        1844596 kB
MemFree:          171948 kB
MemAvailable:    1451740 kB
Buffers:           95916 kB
Cached:          1208332 kB
MemTotal:        1844596 kB
MemFree:          171840 kB
MemAvailable:    1451632 kB
Buffers:           95916 kB
Cached:          1208332 kB
MemTotal:        1844596 kB
MemFree:          171836 kB
MemAvailable:    1451628 kB
Buffers:           95916 kB
Cached:          1208332 kB
MemTotal:        1844596 kB
MemFree:          170964 kB
MemAvailable:    1450756 kB
Buffers:           95916 kB
Cached:          1208332 kB
MemTotal:        1844596 kB
MemFree:          170724 kB
MemAvailable:    1450516 kB
Buffers:           95916 kB
Cached:          1208332 kB
MemTotal:        1844596 kB
MemFree:          169964 kB
MemAvailable:    1449756 kB
Buffers:           95916 kB
Cached:          1208332 kB
MemTotal:        1844596 kB
MemFree:          170216 kB
MemAvailable:    1450008 kB
Buffers:           95916 kB
Cached:          1208332 kB
MemTotal:        1844596 kB
MemFree:          169980 kB
MemAvailable:    1449772 kB
Buffers:           95916 kB
Cached:          1208332 kB
MemTotal:        1844596 kB
MemFree:          169096 kB
MemAvailable:    1448888 kB
Buffers:           95916 kB
Cached:          1208332 kB
MemTotal:        1844596 kB
MemFree:          170024 kB
MemAvailable:    1449816 kB
Buffers:           95916 kB
Cached:          1208332 kB
MemTotal:        1844596 kB
MemFree:          169120 kB
MemAvailable:    1448912 kB
Buffers:           95916 kB
Cached:          1208332 kB
MemTotal:        1844596 kB
MemFree:          170096 kB
MemAvailable:    1449892 kB
Buffers:           95916 kB
Cached:          1208336 kB
MemTotal:        1844596 kB
MemFree:          170352 kB
MemAvailable:    1450148 kB
Buffers:           95916 kB
Cached:          1208336 kB
MemTotal:        1844596 kB
MemFree:          169916 kB
MemAvailable:    1449712 kB
Buffers:           95916 kB
Cached:          1208336 kB
MemTotal:        1844596 kB
MemFree:          169856 kB
MemAvailable:    1449652 kB
Buffers:           95916 kB
Cached:          1208336 kB
MemTotal:        1844596 kB
MemFree:          170092 kB
MemAvailable:    1449888 kB
Buffers:           95916 kB
Cached:          1208336 kB
MemTotal:        1844596 kB
MemFree:          168672 kB
MemAvailable:    1448468 kB
Buffers:           95916 kB
Cached:          1208336 kB
MemTotal:        1844596 kB
MemFree:          169776 kB
MemAvailable:    1449572 kB
Buffers:           95916 kB
Cached:          1208336 kB
MemTotal:        1844596 kB
MemFree:          169840 kB
MemAvailable:    1449636 kB
Buffers:           95916 kB
Cached:          1208336 kB
MemTotal:        1844596 kB
MemFree:          168368 kB
MemAvailable:    1448164 kB
Buffers:           95916 kB
Cached:          1208336 kB
MemTotal:        1844596 kB
MemFree:          168484 kB
MemAvailable:    1448280 kB
Buffers:           95916 kB
Cached:          1208336 kB
MemTotal:        1844596 kB
MemFree:          168252 kB
MemAvailable:    1448048 kB
Buffers:           95916 kB
Cached:          1208336 kB
MemTotal:        1844596 kB
MemFree:          166996 kB
MemAvailable:    1446792 kB
Buffers:           95916 kB
Cached:          1208336 kB
MemTotal:        1844596 kB
MemFree:          166880 kB
MemAvailable:    1446676 kB
Buffers:           95916 kB
Cached:          1208336 kB
MemTotal:        1844596 kB
MemFree:          167864 kB
MemAvailable:    1447660 kB
Buffers:           95916 kB
Cached:          1208336 kB
MemTotal:        1844596 kB
MemFree:          167384 kB
MemAvailable:    1447180 kB
Buffers:           95916 kB
Cached:          1208336 kB
MemTotal:        1844596 kB
MemFree:          167252 kB
MemAvailable:    1447048 kB
Buffers:           95916 kB
Cached:          1208336 kB
MemTotal:        1844596 kB
MemFree:          166948 kB
MemAvailable:    1446744 kB
Buffers:           95916 kB
Cached:          1208336 kB
MemTotal:        1844596 kB
MemFree:          166764 kB
MemAvailable:    1446560 kB
Buffers:           95916 kB
Cached:          1208336 kB
MemTotal:        1844596 kB
MemFree:          165940 kB
MemAvailable:    1445736 kB
Buffers:           95916 kB
Cached:          1208336 kB
MemTotal:        1844596 kB
MemFree:          164772 kB
MemAvailable:    1444568 kB
Buffers:           95916 kB
Cached:          1208336 kB
MemTotal:        1844596 kB
MemFree:          164648 kB
MemAvailable:    1444444 kB
Buffers:           95916 kB
Cached:          1208336 kB
MemTotal:        1844596 kB
MemFree:          165080 kB
MemAvailable:    1444876 kB
Buffers:           95916 kB
Cached:          1208336 kB
MemTotal:        1844596 kB
MemFree:          164840 kB
MemAvailable:    1444636 kB
Buffers:           95916 kB
Cached:          1208336 kB
MemTotal:        1844596 kB
MemFree:          165092 kB
MemAvailable:    1444888 kB
Buffers:           95916 kB
Cached:          1208336 kB
MemTotal:        1844596 kB
MemFree:          164932 kB
MemAvailable:    1444728 kB
Buffers:           95916 kB
Cached:          1208336 kB
MemTotal:        1844596 kB
MemFree:          164700 kB
MemAvailable:    1444496 kB
Buffers:           95916 kB
Cached:          1208336 kB
MemTotal:        1844596 kB
MemFree:          164956 kB
MemAvailable:    1444752 kB
Buffers:           95916 kB
Cached:          1208336 kB
MemTotal:        1844596 kB
MemFree:          163572 kB
MemAvailable:    1443368 kB
Buffers:           95916 kB
Cached:          1208336 kB
MemTotal:        1844596 kB
MemFree:          163836 kB
MemAvailable:    1443632 kB
Buffers:           95916 kB
Cached:          1208336 kB
MemTotal:        1844596 kB
MemFree:          163836 kB
MemAvailable:    1443632 kB
Buffers:           95916 kB
Cached:          1208336 kB
MemTotal:        1844596 kB
MemFree:          164476 kB
MemAvailable:    1444272 kB
Buffers:           95916 kB
Cached:          1208336 kB
MemTotal:        1844596 kB
MemFree:          164856 kB
MemAvailable:    1444652 kB
Buffers:           95916 kB
Cached:          1208336 kB
MemTotal:        1844596 kB
MemFree:          164896 kB
MemAvailable:    1444692 kB
Buffers:           95916 kB
Cached:          1208336 kB
MemTotal:        1844596 kB
MemFree:          165144 kB
MemAvailable:    1444940 kB
Buffers:           95916 kB
Cached:          1208336 kB
MemTotal:        1844596 kB
MemFree:          165268 kB
MemAvailable:    1445064 kB
Buffers:           95916 kB
Cached:          1208336 kB
MemTotal:        1844596 kB
MemFree:          165268 kB
MemAvailable:    1445064 kB
Buffers:           95916 kB
Cached:          1208336 kB
MemTotal:        1844596 kB
MemFree:          165268 kB
MemAvailable:    1445064 kB
Buffers:           95916 kB
Cached:          1208336 kB
MemTotal:        1844596 kB
MemFree:          165268 kB
MemAvailable:    1445064 kB
Buffers:           95916 kB
Cached:          1208336 kB
MemTotal:        1844596 kB
MemFree:          163904 kB
MemAvailable:    1443700 kB
Buffers:           95916 kB
Cached:          1208336 kB
MemTotal:        1844596 kB
MemFree:          164816 kB
MemAvailable:    1444612 kB
Buffers:           95916 kB
Cached:          1208336 kB
MemTotal:        1844596 kB
MemFree:          163648 kB
MemAvailable:    1443444 kB
Buffers:           95916 kB
Cached:          1208336 kB
MemTotal:        1844596 kB
MemFree:          163516 kB
MemAvailable:    1443312 kB
Buffers:           95916 kB
Cached:          1208336 kB
MemTotal:        1844596 kB
MemFree:          163516 kB
MemAvailable:    1443312 kB
Buffers:           95916 kB
Cached:          1208336 kB
MemTotal:        1844596 kB
MemFree:          164756 kB
MemAvailable:    1444552 kB
Buffers:           95916 kB
Cached:          1208336 kB
MemTotal:        1844596 kB
MemFree:          163256 kB
MemAvailable:    1443052 kB
Buffers:           95916 kB
Cached:          1208336 kB
MemTotal:        1844596 kB
MemFree:          163256 kB
MemAvailable:    1443052 kB
Buffers:           95916 kB
Cached:          1208336 kB
MemTotal:        1844596 kB
MemFree:          162292 kB
MemAvailable:    1442088 kB
Buffers:           95916 kB
Cached:          1208336 kB
MemTotal:        1844596 kB
MemFree:          162292 kB
MemAvailable:    1442088 kB
Buffers:           95916 kB
Cached:          1208336 kB
MemTotal:        1844596 kB
MemFree:          162036 kB
MemAvailable:    1441832 kB
Buffers:           95916 kB
Cached:          1208336 kB
MemTotal:        1844596 kB
MemFree:          162540 kB
MemAvailable:    1442336 kB
Buffers:           95916 kB
Cached:          1208336 kB
MemTotal:        1844596 kB
MemFree:          160308 kB
MemAvailable:    1440104 kB
Buffers:           95916 kB
Cached:          1208336 kB
MemTotal:        1844596 kB
MemFree:          159624 kB
MemAvailable:    1439420 kB
Buffers:           95916 kB
Cached:          1208336 kB
MemTotal:        1844596 kB
MemFree:          156720 kB
MemAvailable:    1436520 kB
Buffers:           95916 kB
Cached:          1208340 kB
MemTotal:        1844596 kB
MemFree:          154240 kB
MemAvailable:    1434040 kB
Buffers:           95916 kB
Cached:          1208340 kB
MemTotal:        1844596 kB
MemFree:          151068 kB
MemAvailable:    1430868 kB
Buffers:           95916 kB
Cached:          1208340 kB
MemTotal:        1844596 kB
MemFree:          151016 kB
MemAvailable:    1430816 kB
Buffers:           95916 kB
Cached:          1208340 kB
MemTotal:        1844596 kB
MemFree:          145916 kB
MemAvailable:    1425716 kB
Buffers:           95916 kB
Cached:          1208340 kB
MemTotal:        1844596 kB
MemFree:          145436 kB
MemAvailable:    1425236 kB
Buffers:           95916 kB
Cached:          1208340 kB
MemTotal:        1844596 kB
MemFree:          146040 kB
MemAvailable:    1425840 kB
Buffers:           95916 kB
Cached:          1208340 kB
MemTotal:        1844596 kB
MemFree:          145692 kB
MemAvailable:    1425492 kB
Buffers:           95916 kB
Cached:          1208340 kB
MemTotal:        1844596 kB
MemFree:          144676 kB
MemAvailable:    1424476 kB
Buffers:           95916 kB
Cached:          1208340 kB
MemTotal:        1844596 kB
MemFree:          144808 kB
MemAvailable:    1424608 kB
Buffers:           95916 kB
Cached:          1208340 kB
MemTotal:        1844596 kB
MemFree:          144692 kB
MemAvailable:    1424492 kB
Buffers:           95916 kB
Cached:          1208340 kB
MemTotal:        1844596 kB
MemFree:          144692 kB
MemAvailable:    1424492 kB
Buffers:           95916 kB
Cached:          1208340 kB
MemTotal:        1844596 kB
MemFree:          144436 kB
MemAvailable:    1424236 kB
Buffers:           95916 kB
Cached:          1208340 kB
MemTotal:        1844596 kB
MemFree:          145628 kB
MemAvailable:    1425428 kB
Buffers:           95916 kB
Cached:          1208340 kB
MemTotal:        1844596 kB
MemFree:          145796 kB
MemAvailable:    1425596 kB
Buffers:           95916 kB
Cached:          1208340 kB
MemTotal:        1844596 kB
MemFree:          145116 kB
MemAvailable:    1424916 kB
Buffers:           95916 kB
Cached:          1208340 kB
MemTotal:        1844596 kB
MemFree:          143692 kB
MemAvailable:    1423492 kB
Buffers:           95916 kB
Cached:          1208340 kB
MemTotal:        1844596 kB
MemFree:          144884 kB
MemAvailable:    1424684 kB
Buffers:           95916 kB
Cached:          1208340 kB
MemTotal:        1844596 kB
MemFree:          144824 kB
MemAvailable:    1424624 kB
Buffers:           95916 kB
Cached:          1208340 kB
MemTotal:        1844596 kB
MemFree:          143652 kB
MemAvailable:    1423452 kB
Buffers:           95916 kB
Cached:          1208340 kB
MemTotal:        1844596 kB
MemFree:          143824 kB
MemAvailable:    1423624 kB
Buffers:           95916 kB
Cached:          1208340 kB
MemTotal:        1844596 kB
MemFree:          144952 kB
MemAvailable:    1424752 kB
Buffers:           95916 kB
Cached:          1208340 kB
MemTotal:        1844596 kB
MemFree:          144932 kB
MemAvailable:    1424732 kB
Buffers:           95916 kB
Cached:          1208340 kB
MemTotal:        1844596 kB
MemFree:          145184 kB
MemAvailable:    1424984 kB
Buffers:           95916 kB
Cached:          1208340 kB
MemTotal:        1844596 kB
MemFree:          143652 kB
MemAvailable:    1423452 kB
Buffers:           95916 kB
Cached:          1208340 kB
MemTotal:        1844596 kB
MemFree:          143644 kB
MemAvailable:    1423444 kB
Buffers:           95916 kB
Cached:          1208340 kB
MemTotal:        1844596 kB
MemFree:          143688 kB
MemAvailable:    1423488 kB
Buffers:           95916 kB
Cached:          1208340 kB
MemTotal:        1844596 kB
MemFree:          144988 kB
MemAvailable:    1424788 kB
Buffers:           95916 kB
Cached:          1208340 kB
MemTotal:        1844596 kB
MemFree:          144080 kB
MemAvailable:    1423880 kB
Buffers:           95916 kB
Cached:          1208340 kB
MemTotal:        1844596 kB
MemFree:          144804 kB
MemAvailable:    1424608 kB
Buffers:           95916 kB
Cached:          1208344 kB
MemTotal:        1844596 kB
MemFree:          144820 kB
MemAvailable:    1424624 kB
Buffers:           95916 kB
Cached:          1208344 kB
MemTotal:        1844596 kB
MemFree:          144816 kB
MemAvailable:    1424620 kB
Buffers:           95916 kB
Cached:          1208344 kB
MemTotal:        1844596 kB
MemFree:          143772 kB
MemAvailable:    1423576 kB
Buffers:           95916 kB
Cached:          1208344 kB
MemTotal:        1844596 kB
MemFree:          144692 kB
MemAvailable:    1424496 kB
Buffers:           95916 kB
Cached:          1208344 kB
MemTotal:        1844596 kB
MemFree:          143640 kB
MemAvailable:    1423444 kB
Buffers:           95916 kB
Cached:          1208344 kB
MemTotal:        1844596 kB
MemFree:          143640 kB
MemAvailable:    1423444 kB
Buffers:           95916 kB
Cached:          1208344 kB
MemTotal:        1844596 kB
MemFree:          143640 kB
MemAvailable:    1423444 kB
Buffers:           95916 kB
Cached:          1208344 kB
MemTotal:        1844596 kB
MemFree:          143640 kB
MemAvailable:    1423444 kB
Buffers:           95916 kB
Cached:          1208344 kB
MemTotal:        1844596 kB
MemFree:          145084 kB
MemAvailable:    1424888 kB
Buffers:           95916 kB
Cached:          1208344 kB
MemTotal:        1844596 kB
MemFree:          142764 kB
MemAvailable:    1422568 kB
Buffers:           95916 kB
Cached:          1208344 kB
MemTotal:        1844596 kB
MemFree:          138232 kB
MemAvailable:    1418036 kB
Buffers:           95916 kB
Cached:          1208344 kB
MemTotal:        1844596 kB
MemFree:          138124 kB
MemAvailable:    1417928 kB
Buffers:           95916 kB
Cached:          1208344 kB
MemTotal:        1844596 kB
MemFree:          134280 kB
MemAvailable:    1414084 kB
Buffers:           95916 kB
Cached:          1208344 kB
MemTotal:        1844596 kB
MemFree:          131048 kB
MemAvailable:    1410852 kB
Buffers:           95916 kB
Cached:          1208344 kB
MemTotal:        1844596 kB
MemFree:          130320 kB
MemAvailable:    1410124 kB
Buffers:           95916 kB
Cached:          1208344 kB
MemTotal:        1844596 kB
MemFree:          127336 kB
MemAvailable:    1407140 kB
Buffers:           95916 kB
Cached:          1208344 kB
MemTotal:        1844596 kB
MemFree:          126220 kB
MemAvailable:    1406024 kB
Buffers:           95916 kB
Cached:          1208344 kB
MemTotal:        1844596 kB
MemFree:          125836 kB
MemAvailable:    1405640 kB
Buffers:           95916 kB
Cached:          1208344 kB
MemTotal:        1844596 kB
MemFree:          127020 kB
MemAvailable:    1406824 kB
Buffers:           95916 kB
Cached:          1208344 kB
MemTotal:        1844596 kB
MemFree:          127272 kB
MemAvailable:    1407076 kB
Buffers:           95916 kB
Cached:          1208344 kB
MemTotal:        1844596 kB
MemFree:          127200 kB
MemAvailable:    1407004 kB
Buffers:           95916 kB
Cached:          1208344 kB
MemTotal:        1844596 kB
MemFree:          125780 kB
MemAvailable:    1405584 kB
Buffers:           95916 kB
Cached:          1208344 kB
MemTotal:        1844596 kB
MemFree:          127148 kB
MemAvailable:    1406952 kB
Buffers:           95916 kB
Cached:          1208344 kB
MemTotal:        1844596 kB
MemFree:          126752 kB
MemAvailable:    1406556 kB
Buffers:           95916 kB
Cached:          1208344 kB
MemTotal:        1844596 kB
MemFree:          126716 kB
MemAvailable:    1406520 kB
Buffers:           95916 kB
Cached:          1208344 kB
MemTotal:        1844596 kB
MemFree:          126588 kB
MemAvailable:    1406392 kB
Buffers:           95916 kB
Cached:          1208344 kB
MemTotal:        1844596 kB
MemFree:          126696 kB
MemAvailable:    1406500 kB
Buffers:           95916 kB
Cached:          1208344 kB
MemTotal:        1844596 kB
MemFree:          126476 kB
MemAvailable:    1406280 kB
Buffers:           95916 kB
Cached:          1208344 kB
MemTotal:        1844596 kB
MemFree:          126668 kB
MemAvailable:    1406472 kB
Buffers:           95916 kB
Cached:          1208344 kB
MemTotal:        1844596 kB
MemFree:          125548 kB
MemAvailable:    1405352 kB
Buffers:           95916 kB
Cached:          1208344 kB
MemTotal:        1844596 kB
MemFree:          126760 kB
MemAvailable:    1406564 kB
Buffers:           95916 kB
Cached:          1208344 kB
MemTotal:        1844596 kB
MemFree:          126680 kB
MemAvailable:    1406484 kB
Buffers:           95916 kB
Cached:          1208344 kB
MemTotal:        1844596 kB
MemFree:          126716 kB
MemAvailable:    1406520 kB
Buffers:           95916 kB
Cached:          1208344 kB
MemTotal:        1844596 kB
MemFree:          126660 kB
MemAvailable:    1406464 kB
Buffers:           95916 kB
Cached:          1208344 kB
MemTotal:        1844596 kB
MemFree:          125856 kB
MemAvailable:    1405660 kB
Buffers:           95916 kB
Cached:          1208344 kB
MemTotal:        1844596 kB
MemFree:          126544 kB
MemAvailable:    1406352 kB
Buffers:           95916 kB
Cached:          1208348 kB
MemTotal:        1844596 kB
MemFree:          126264 kB
MemAvailable:    1406072 kB
Buffers:           95916 kB
Cached:          1208348 kB
MemTotal:        1844596 kB
MemFree:          126824 kB
MemAvailable:    1406632 kB
Buffers:           95916 kB
Cached:          1208348 kB
MemTotal:        1844596 kB
MemFree:          126592 kB
MemAvailable:    1406400 kB
Buffers:           95916 kB
Cached:          1208348 kB
MemTotal:        1844596 kB
MemFree:          125296 kB
MemAvailable:    1405104 kB
Buffers:           95916 kB
Cached:          1208348 kB
MemTotal:        1844596 kB
MemFree:          125600 kB
MemAvailable:    1405408 kB
Buffers:           95916 kB
Cached:          1208348 kB
MemTotal:        1844596 kB
MemFree:          125600 kB
MemAvailable:    1405408 kB
Buffers:           95916 kB
Cached:          1208348 kB
MemTotal:        1844596 kB
MemFree:          126592 kB
MemAvailable:    1406400 kB
Buffers:           95916 kB
Cached:          1208348 kB
MemTotal:        1844596 kB
MemFree:          125464 kB
MemAvailable:    1405272 kB
Buffers:           95916 kB
Cached:          1208348 kB
MemTotal:        1844596 kB
MemFree:          126720 kB
MemAvailable:    1406532 kB
Buffers:           95916 kB
Cached:          1208352 kB
MemTotal:        1844596 kB
MemFree:          126764 kB
MemAvailable:    1406576 kB
Buffers:           95916 kB
Cached:          1208352 kB
MemTotal:        1844596 kB
MemFree:          126560 kB
MemAvailable:    1406372 kB
Buffers:           95916 kB
Cached:          1208352 kB
MemTotal:        1844596 kB
MemFree:          126468 kB
MemAvailable:    1406280 kB
Buffers:           95916 kB
Cached:          1208352 kB
MemTotal:        1844596 kB
MemFree:          124732 kB
MemAvailable:    1404544 kB
Buffers:           95916 kB
Cached:          1208352 kB
MemTotal:        1844596 kB
MemFree:          120268 kB
MemAvailable:    1400080 kB
Buffers:           95916 kB
Cached:          1208352 kB
MemTotal:        1844596 kB
MemFree:          115804 kB
MemAvailable:    1395616 kB
Buffers:           95916 kB
Cached:          1208352 kB
MemTotal:        1844596 kB
MemFree:          110224 kB
MemAvailable:    1390036 kB
Buffers:           95916 kB
Cached:          1208352 kB
MemTotal:        1844596 kB
MemFree:          109540 kB
MemAvailable:    1389352 kB
Buffers:           95916 kB
Cached:          1208352 kB
MemTotal:        1844596 kB
MemFree:          108240 kB
MemAvailable:    1388052 kB
Buffers:           95916 kB
Cached:          1208352 kB
MemTotal:        1844596 kB
MemFree:          108116 kB
MemAvailable:    1387928 kB
Buffers:           95916 kB
Cached:          1208352 kB
MemTotal:        1844596 kB
MemFree:          109224 kB
MemAvailable:    1389036 kB
Buffers:           95916 kB
Cached:          1208352 kB
MemTotal:        1844596 kB
MemFree:          108116 kB
MemAvailable:    1387928 kB
Buffers:           95916 kB
Cached:          1208352 kB
MemTotal:        1844596 kB
MemFree:          108928 kB
MemAvailable:    1388740 kB
Buffers:           95916 kB
Cached:          1208352 kB
MemTotal:        1844596 kB
MemFree:          109264 kB
MemAvailable:    1389076 kB
Buffers:           95916 kB
Cached:          1208352 kB
MemTotal:        1844596 kB
MemFree:          107816 kB
MemAvailable:    1387628 kB
Buffers:           95916 kB
Cached:          1208352 kB
MemTotal:        1844596 kB
MemFree:          109244 kB
MemAvailable:    1389056 kB
Buffers:           95916 kB
Cached:          1208352 kB
MemTotal:        1844596 kB
MemFree:          107812 kB
MemAvailable:    1387624 kB
Buffers:           95916 kB
Cached:          1208352 kB
MemTotal:        1844596 kB
MemFree:          109112 kB
MemAvailable:    1388924 kB
Buffers:           95916 kB
Cached:          1208352 kB
MemTotal:        1844596 kB
MemFree:          109040 kB
MemAvailable:    1388852 kB
Buffers:           95916 kB
Cached:          1208352 kB
MemTotal:        1844596 kB
MemFree:          109292 kB
MemAvailable:    1389104 kB
Buffers:           95916 kB
Cached:          1208352 kB
MemTotal:        1844596 kB
MemFree:          107820 kB
MemAvailable:    1387632 kB
Buffers:           95916 kB
Cached:          1208352 kB
MemTotal:        1844596 kB
MemFree:          107820 kB
MemAvailable:    1387632 kB
Buffers:           95916 kB
Cached:          1208352 kB
MemTotal:        1844596 kB
MemFree:          107992 kB
MemAvailable:    1387804 kB
Buffers:           95916 kB
Cached:          1208352 kB
MemTotal:        1844596 kB
MemFree:          109012 kB
MemAvailable:    1388824 kB
Buffers:           95916 kB
Cached:          1208352 kB
MemTotal:        1844596 kB
MemFree:          109184 kB
MemAvailable:    1388996 kB
Buffers:           95916 kB
Cached:          1208352 kB
MemTotal:        1844596 kB
MemFree:          108488 kB
MemAvailable:    1388300 kB
Buffers:           95916 kB
Cached:          1208352 kB
MemTotal:        1844596 kB
MemFree:          108356 kB
MemAvailable:    1388168 kB
Buffers:           95916 kB
Cached:          1208352 kB
MemTotal:        1844596 kB
MemFree:          108348 kB
MemAvailable:    1388160 kB
Buffers:           95916 kB
Cached:          1208352 kB
MemTotal:        1844596 kB
MemFree:          106860 kB
MemAvailable:    1386672 kB
Buffers:           95916 kB
Cached:          1208352 kB
MemTotal:        1844596 kB
MemFree:          106844 kB
MemAvailable:    1386656 kB
Buffers:           95916 kB
Cached:          1208352 kB
MemTotal:        1844596 kB
MemFree:          106628 kB
MemAvailable:    1386440 kB
Buffers:           95916 kB
Cached:          1208352 kB
MemTotal:        1844596 kB
MemFree:          105636 kB
MemAvailable:    1385448 kB
Buffers:           95916 kB
Cached:          1208352 kB
MemTotal:        1844596 kB
MemFree:          103032 kB
MemAvailable:    1382844 kB
Buffers:           95916 kB
Cached:          1208352 kB
MemTotal:        1844596 kB
MemFree:           99808 kB
MemAvailable:    1379620 kB
Buffers:           95916 kB
Cached:          1208352 kB
MemTotal:        1844596 kB
MemFree:           96832 kB
MemAvailable:    1376644 kB
Buffers:           95916 kB
Cached:          1208352 kB
MemTotal:        1844596 kB
MemFree:           92732 kB
MemAvailable:    1372544 kB
Buffers:           95916 kB
Cached:          1208352 kB
MemTotal:        1844596 kB
MemFree:           89888 kB
MemAvailable:    1369700 kB
Buffers:           95916 kB
Cached:          1208352 kB
MemTotal:        1844596 kB
MemFree:           87416 kB
MemAvailable:    1367228 kB
Buffers:           95916 kB
Cached:          1208352 kB
MemTotal:        1844596 kB
MemFree:           85288 kB
MemAvailable:    1365104 kB
Buffers:           95916 kB
Cached:          1208356 kB
MemTotal:        1844596 kB
MemFree:           85540 kB
MemAvailable:    1365356 kB
Buffers:           95916 kB
Cached:          1208356 kB
MemTotal:        1844596 kB
MemFree:           82256 kB
MemAvailable:    1362072 kB
Buffers:           95916 kB
Cached:          1208356 kB
MemTotal:        1844596 kB
MemFree:           80964 kB
MemAvailable:    1360780 kB
Buffers:           95916 kB
Cached:          1208356 kB
MemTotal:        1844596 kB
MemFree:           77600 kB
MemAvailable:    1357416 kB
Buffers:           95916 kB
Cached:          1208356 kB
MemTotal:        1844596 kB
MemFree:           77368 kB
MemAvailable:    1357184 kB
Buffers:           95916 kB
Cached:          1208356 kB
MemTotal:        1844596 kB
MemFree:           76196 kB
MemAvailable:    1356012 kB
Buffers:           95916 kB
Cached:          1208356 kB
MemTotal:        1844596 kB
MemFree:           76196 kB
MemAvailable:    1356012 kB
Buffers:           95916 kB
Cached:          1208356 kB
MemTotal:        1844596 kB
MemFree:           76072 kB
MemAvailable:    1355888 kB
Buffers:           95916 kB
Cached:          1208356 kB
MemTotal:        1844596 kB
MemFree:           75948 kB
MemAvailable:    1355764 kB
Buffers:           95916 kB
Cached:          1208356 kB
MemTotal:        1844596 kB
MemFree:           77312 kB
MemAvailable:    1357128 kB
Buffers:           95916 kB
Cached:          1208356 kB
MemTotal:        1844596 kB
MemFree:           76376 kB
MemAvailable:    1356192 kB
Buffers:           95916 kB
Cached:          1208356 kB
MemTotal:        1844596 kB
MemFree:           77228 kB
MemAvailable:    1357044 kB
Buffers:           95916 kB
Cached:          1208356 kB
MemTotal:        1844596 kB
MemFree:           76996 kB
MemAvailable:    1356812 kB
Buffers:           95916 kB
Cached:          1208356 kB
MemTotal:        1844596 kB
MemFree:           76428 kB
MemAvailable:    1356244 kB
Buffers:           95916 kB
Cached:          1208356 kB
MemTotal:        1844596 kB
MemFree:           75268 kB
MemAvailable:    1355084 kB
Buffers:           95916 kB
Cached:          1208356 kB
MemTotal:        1844596 kB
MemFree:           76040 kB
MemAvailable:    1355860 kB
Buffers:           95916 kB
Cached:          1208360 kB
MemTotal:        1844596 kB
MemFree:           76136 kB
MemAvailable:    1355956 kB
Buffers:           95916 kB
Cached:          1208360 kB
MemTotal:        1844596 kB
MemFree:           75948 kB
MemAvailable:    1355768 kB
Buffers:           95916 kB
Cached:          1208360 kB
MemTotal:        1844596 kB
MemFree:           76204 kB
MemAvailable:    1356024 kB
Buffers:           95916 kB
Cached:          1208360 kB
MemTotal:        1844596 kB
MemFree:           75984 kB
MemAvailable:    1355804 kB
Buffers:           95916 kB
Cached:          1208360 kB
MemTotal:        1844596 kB
MemFree:           75392 kB
MemAvailable:    1355212 kB
Buffers:           95916 kB
Cached:          1208360 kB
MemTotal:        1844596 kB
MemFree:           75708 kB
MemAvailable:    1355528 kB
Buffers:           95916 kB
Cached:          1208360 kB
MemTotal:        1844596 kB
MemFree:           74212 kB
MemAvailable:    1354032 kB
Buffers:           95916 kB
Cached:          1208360 kB
MemTotal:        1844596 kB
MemFree:           75436 kB
MemAvailable:    1355256 kB
Buffers:           95916 kB
Cached:          1208360 kB
MemTotal:        1844596 kB
MemFree:           75688 kB
MemAvailable:    1355508 kB
Buffers:           95916 kB
Cached:          1208360 kB
MemTotal:        1844596 kB
MemFree:           74816 kB
MemAvailable:    1354636 kB
Buffers:           95916 kB
Cached:          1208360 kB
MemTotal:        1844596 kB
MemFree:           74240 kB
MemAvailable:    1354060 kB
Buffers:           95916 kB
Cached:          1208360 kB
MemTotal:        1844596 kB
MemFree:           74240 kB
MemAvailable:    1354060 kB
Buffers:           95916 kB
Cached:          1208360 kB
MemTotal:        1844596 kB
MemFree:           72656 kB
MemAvailable:    1352476 kB
Buffers:           95916 kB
Cached:          1208360 kB
MemTotal:        1844596 kB
MemFree:           72052 kB
MemAvailable:    1351872 kB
Buffers:           95916 kB
Cached:          1208360 kB
MemTotal:        1844596 kB
MemFree:           73160 kB
MemAvailable:    1352980 kB
Buffers:           95916 kB
Cached:          1208360 kB
MemTotal:        1844596 kB
MemFree:           73228 kB
MemAvailable:    1353048 kB
Buffers:           95916 kB
Cached:          1208360 kB
MemTotal:        1844596 kB
MemFree:           71788 kB
MemAvailable:    1351608 kB
Buffers:           95916 kB
Cached:          1208360 kB
MemTotal:        1844596 kB
MemFree:           73248 kB
MemAvailable:    1353068 kB
Buffers:           95916 kB
Cached:          1208360 kB
MemTotal:        1844596 kB
MemFree:           73212 kB
MemAvailable:    1353032 kB
Buffers:           95916 kB
Cached:          1208360 kB
MemTotal:        1844596 kB
MemFree:           71928 kB
MemAvailable:    1351748 kB
Buffers:           95916 kB
Cached:          1208360 kB
MemTotal:        1844596 kB
MemFree:           73084 kB
MemAvailable:    1352900 kB
Buffers:           95916 kB
Cached:          1208360 kB
MemTotal:        1844596 kB
MemFree:           71636 kB
MemAvailable:    1351452 kB
Buffers:           95916 kB
Cached:          1208360 kB
MemTotal:        1844596 kB
MemFree:           71636 kB
MemAvailable:    1351452 kB
Buffers:           95916 kB
Cached:          1208360 kB
MemTotal:        1844596 kB
MemFree:           71924 kB
MemAvailable:    1351740 kB
Buffers:           95916 kB
Cached:          1208360 kB
MemTotal:        1844596 kB
MemFree:           73172 kB
MemAvailable:    1352988 kB
Buffers:           95916 kB
Cached:          1208360 kB
MemTotal:        1844596 kB
MemFree:           72860 kB
MemAvailable:    1352676 kB
Buffers:           95916 kB
Cached:          1208360 kB
MemTotal:        1844596 kB
MemFree:           72676 kB
MemAvailable:    1352492 kB
Buffers:           95916 kB
Cached:          1208360 kB
MemTotal:        1844596 kB
MemFree:           73048 kB
MemAvailable:    1352864 kB
Buffers:           95916 kB
Cached:          1208360 kB
MemTotal:        1844596 kB
MemFree:           73060 kB
MemAvailable:    1352876 kB
Buffers:           95916 kB
Cached:          1208360 kB
MemTotal:        1844596 kB
MemFree:           73284 kB
MemAvailable:    1353100 kB
Buffers:           95916 kB
Cached:          1208360 kB
MemTotal:        1844596 kB
MemFree:           73288 kB
MemAvailable:    1353104 kB
Buffers:           95916 kB
Cached:          1208360 kB
MemTotal:        1844596 kB
MemFree:           71872 kB
MemAvailable:    1351688 kB
Buffers:           95916 kB
Cached:          1208360 kB
MemTotal:        1844596 kB
MemFree:           71872 kB
MemAvailable:    1351688 kB
Buffers:           95916 kB
Cached:          1208360 kB
MemTotal:        1844596 kB
MemFree:           73040 kB
MemAvailable:    1352856 kB
Buffers:           95916 kB
Cached:          1208360 kB
MemTotal:        1844596 kB
MemFree:           73088 kB
MemAvailable:    1352904 kB
Buffers:           95916 kB
Cached:          1208360 kB
MemTotal:        1844596 kB
MemFree:           73280 kB
MemAvailable:    1353096 kB
Buffers:           95916 kB
Cached:          1208360 kB
MemTotal:        1844596 kB
MemFree:           73280 kB
MemAvailable:    1353096 kB
Buffers:           95916 kB
Cached:          1208360 kB
MemTotal:        1844596 kB
MemFree:           71660 kB
MemAvailable:    1351476 kB
Buffers:           95916 kB
Cached:          1208360 kB
MemTotal:        1844596 kB
MemFree:           73244 kB
MemAvailable:    1353060 kB
Buffers:           95916 kB
Cached:          1208360 kB
MemTotal:        1844596 kB
MemFree:           73224 kB
MemAvailable:    1353040 kB
Buffers:           95916 kB
Cached:          1208360 kB
MemTotal:        1844596 kB
MemFree:           73096 kB
MemAvailable:    1352912 kB
Buffers:           95916 kB
Cached:          1208360 kB
MemTotal:        1844596 kB
MemFree:           72684 kB
MemAvailable:    1352500 kB
Buffers:           95916 kB
Cached:          1208360 kB
MemTotal:        1844596 kB
MemFree:           73000 kB
MemAvailable:    1352816 kB
Buffers:           95916 kB
Cached:          1208360 kB
MemTotal:        1844596 kB
MemFree:           72004 kB
MemAvailable:    1351820 kB
Buffers:           95916 kB
Cached:          1208360 kB
MemTotal:        1844596 kB
MemFree:           73216 kB
MemAvailable:    1353032 kB
Buffers:           95916 kB
Cached:          1208360 kB
MemTotal:        1844596 kB
MemFree:           72428 kB
MemAvailable:    1352120 kB
Buffers:           95916 kB
Cached:          1208360 kB
MemTotal:        1844596 kB
MemFree:           73088 kB
MemAvailable:    1352904 kB
Buffers:           95916 kB
Cached:          1208360 kB
MemTotal:        1844596 kB
MemFree:           72916 kB
MemAvailable:    1352732 kB
Buffers:           95916 kB
Cached:          1208360 kB
MemTotal:        1844596 kB
MemFree:           73168 kB
MemAvailable:    1352984 kB
Buffers:           95916 kB
Cached:          1208360 kB
MemTotal:        1844596 kB
MemFree:           71552 kB
MemAvailable:    1351368 kB
Buffers:           95916 kB
Cached:          1208360 kB
MemTotal:        1844596 kB
MemFree:           68656 kB
MemAvailable:    1348472 kB
Buffers:           95916 kB
Cached:          1208360 kB
MemTotal:        1844596 kB
MemFree:           66636 kB
MemAvailable:    1346452 kB
Buffers:           95916 kB
Cached:          1208360 kB
MemTotal:        1844596 kB
MemFree:           65320 kB
MemAvailable:    1345136 kB
Buffers:           95916 kB
Cached:          1208360 kB
MemTotal:        1844596 kB
MemFree:           66196 kB
MemAvailable:    1346012 kB
Buffers:           95916 kB
Cached:          1208360 kB
MemTotal:        1844596 kB
MemFree:           65780 kB
MemAvailable:    1345596 kB
Buffers:           95916 kB
Cached:          1208360 kB
MemTotal:        1844596 kB
MemFree:           65324 kB
MemAvailable:    1345140 kB
Buffers:           95916 kB
Cached:          1208360 kB
MemTotal:        1844596 kB
MemFree:           66276 kB
MemAvailable:    1346092 kB
Buffers:           95916 kB
Cached:          1208360 kB
MemTotal:        1844596 kB
MemFree:           66296 kB
MemAvailable:    1346112 kB
Buffers:           95916 kB
Cached:          1208360 kB
MemTotal:        1844596 kB
MemFree:           66420 kB
MemAvailable:    1346236 kB
Buffers:           95916 kB
Cached:          1208360 kB
MemTotal:        1844596 kB
MemFree:           66664 kB
MemAvailable:    1346480 kB
Buffers:           95916 kB
Cached:          1208360 kB
MemTotal:        1844596 kB
MemFree:           66416 kB
MemAvailable:    1346232 kB
Buffers:           95916 kB
Cached:          1208360 kB
MemTotal:        1844596 kB
MemFree:           66312 kB
MemAvailable:    1346128 kB
Buffers:           95916 kB
Cached:          1208360 kB
MemTotal:        1844596 kB
MemFree:           65240 kB
MemAvailable:    1345056 kB
Buffers:           95916 kB
Cached:          1208360 kB
MemTotal:        1844596 kB
MemFree:           65808 kB
MemAvailable:    1345708 kB
Buffers:           95916 kB
Cached:          1208484 kB
MemTotal:        1844596 kB
MemFree:           65776 kB
MemAvailable:    1345676 kB
Buffers:           95916 kB
Cached:          1208484 kB
MemTotal:        1844596 kB
MemFree:           65772 kB
MemAvailable:    1345840 kB
Buffers:           95916 kB
Cached:          1208732 kB
MemTotal:        1844596 kB
MemFree:           65880 kB
MemAvailable:    1346116 kB
Buffers:           95916 kB
Cached:          1208856 kB
MemTotal:        1844596 kB
MemFree:           65428 kB
MemAvailable:    1345664 kB
Buffers:           95916 kB
Cached:          1208856 kB
MemTotal:        1844596 kB
MemFree:           65424 kB
MemAvailable:    1345744 kB
Buffers:           95916 kB
Cached:          1208980 kB
MemTotal:        1844596 kB
MemFree:           65392 kB
MemAvailable:    1345796 kB
Buffers:           95916 kB
Cached:          1208980 kB
MemTotal:        1844596 kB
MemFree:           65188 kB
MemAvailable:    1345592 kB
Buffers:           95916 kB
Cached:          1208980 kB
MemTotal:        1844596 kB
MemFree:           65636 kB
MemAvailable:    1346040 kB
Buffers:           95916 kB
Cached:          1208980 kB
MemTotal:        1844596 kB
MemFree:           65036 kB
MemAvailable:    1345440 kB
Buffers:           95916 kB
Cached:          1208980 kB
MemTotal:        1844596 kB
MemFree:           64892 kB
MemAvailable:    1345296 kB
Buffers:           95916 kB
Cached:          1208980 kB
MemTotal:        1844596 kB
MemFree:           65592 kB
MemAvailable:    1345996 kB
Buffers:           95916 kB
Cached:          1208980 kB
MemTotal:        1844596 kB
MemFree:           65504 kB
MemAvailable:    1345908 kB
Buffers:           95916 kB
Cached:          1208980 kB
MemTotal:        1844596 kB
MemFree:           65248 kB
MemAvailable:    1345652 kB
Buffers:           95916 kB
Cached:          1208980 kB
MemTotal:        1844596 kB
MemFree:           64560 kB
MemAvailable:    1344376 kB
Buffers:           95916 kB
Cached:          1208348 kB
MemTotal:        1844596 kB
MemFree:           97700 kB
MemAvailable:    1377516 kB
Buffers:           95916 kB
Cached:          1208472 kB
MemTotal:        1844596 kB
MemFree:          143644 kB
MemAvailable:    1423460 kB
Buffers:           95916 kB
Cached:          1208472 kB
MemTotal:        1844596 kB
MemFree:          248224 kB
MemAvailable:    1528124 kB
Buffers:           95916 kB
Cached:          1208472 kB
