MemTotal:        1844596 kB
MemFree:          263580 kB
MemAvailable:    1547036 kB
Buffers:          100940 kB
Cached:          1202212 kB
MemTotal:        1844596 kB
MemFree:          236028 kB
MemAvailable:    1519492 kB
Buffers:          100940 kB
Cached:          1202220 kB
MemTotal:        1844596 kB
MemFree:          235044 kB
MemAvailable:    1518508 kB
Buffers:          100940 kB
Cached:          1202220 kB
MemTotal:        1844596 kB
MemFree:          235276 kB
MemAvailable:    1518740 kB
Buffers:          100940 kB
Cached:          1202220 kB
MemTotal:        1844596 kB
MemFree:          235612 kB
MemAvailable:    1519076 kB
Buffers:          100940 kB
Cached:          1202220 kB
MemTotal:        1844596 kB
MemFree:          232672 kB
MemAvailable:    1516136 kB
Buffers:          100940 kB
Cached:          1202220 kB
MemTotal:        1844596 kB
MemFree:          232672 kB
MemAvailable:    1516136 kB
Buffers:          100940 kB
Cached:          1202220 kB
MemTotal:        1844596 kB
MemFree:          229392 kB
MemAvailable:    1512856 kB
Buffers:          100940 kB
Cached:          1202220 kB
MemTotal:        1844596 kB
MemFree:          228100 kB
MemAvailable:    1511564 kB
Buffers:          100940 kB
Cached:          1202220 kB
MemTotal:        1844596 kB
MemFree:          225488 kB
MemAvailable:    1508952 kB
Buffers:          100940 kB
Cached:          1202220 kB
MemTotal:        1844596 kB
MemFree:          221504 kB
MemAvailable:    1504968 kB
Buffers:          100940 kB
Cached:          1202220 kB
MemTotal:        1844596 kB
MemFree:          221024 kB
MemAvailable:    1504488 kB
Buffers:          100940 kB
Cached:          1202220 kB
MemTotal:        1844596 kB
MemFree:          223820 kB
MemAvailable:    1507284 kB
Buffers:          100940 kB
Cached:          1202220 kB
MemTotal:        1844596 kB
MemFree:          223820 kB
MemAvailable:    1507284 kB
Buffers:          100940 kB
Cached:          1202220 kB
MemTotal:        1844596 kB
MemFree:          224004 kB
MemAvailable:    1507468 kB
Buffers:          100940 kB
Cached:          1202220 kB
MemTotal:        1844596 kB
MemFree:          223672 kB
MemAvailable:    1507136 kB
Buffers:          100940 kB
Cached:          1202220 kB
MemTotal:        1844596 kB
MemFree:          223672 kB
MemAvailable:    1507136 kB
Buffers:          100940 kB
Cached:          1202220 kB
MemTotal:        1844596 kB
MemFree:          223416 kB
MemAvailable:    1506880 kB
Buffers:          100940 kB
Cached:          1202220 kB
MemTotal:        1844596 kB
MemFree:          223184 kB
MemAvailable:    1506648 kB
Buffers:          100940 kB
Cached:          1202220 kB
MemTotal:        1844596 kB
MemFree:          223436 kB
MemAvailable:    1506900 kB
Buffers:          100940 kB
Cached:          1202220 kB
MemTotal:        1844596 kB
MemFree:          223208 kB
MemAvailable:    1506672 kB
Buffers:          100940 kB
Cached:          1202220 kB
MemTotal:        1844596 kB
MemFree:          223432 kB
MemAvailable:    1506896 kB
Buffers:          100940 kB
Cached:          1202220 kB
MemTotal:        1844596 kB
MemFree:          223100 kB
MemAvailable:    1506564 kB
Buffers:          100940 kB
Cached:          1202220 kB
MemTotal:        1844596 kB
MemFree:          222512 kB
MemAvailable:    1505976 kB
Buffers:          100940 kB
Cached:          1202220 kB
MemTotal:        1844596 kB
MemFree:          221836 kB
MemAvailable:    1505300 kB
Buffers:          100940 kB
Cached:          1202220 kB
MemTotal:        1844596 kB
MemFree:          221636 kB
MemAvailable:    1505100 kB
Buffers:          100940 kB
Cached:          1202220 kB
MemTotal:        1844596 kB
MemFree:          222248 kB
MemAvailable:    1505712 kB
Buffers:          100940 kB
Cached:          1202220 kB
MemTotal:        1844596 kB
MemFree:          221768 kB
MemAvailable:    1505232 kB
Buffers:          100940 kB
Cached:          1202220 kB
MemTotal:        1844596 kB
MemFree:          222128 kB
MemAvailable:    1505592 kB
Buffers:          100940 kB
Cached:          1202220 kB
MemTotal:        1844596 kB
MemFree:          220616 kB
MemAvailable:    1504080 kB
Buffers:          100940 kB
Cached:          1202220 kB
MemTotal:        1844596 kB
MemFree:          221636 kB
MemAvailable:    1505100 kB
Buffers:          100940 kB
Cached:          1202220 kB
MemTotal:        1844596 kB
MemFree:          221024 kB
MemAvailable:    1504488 kB
Buffers:          100940 kB
Cached:          1202220 kB
MemTotal:        1844596 kB
MemFree:          220996 kB
MemAvailable:    1504460 kB
Buffers:          100940 kB
Cached:          1202220 kB
MemTotal:        1844596 kB
MemFree:          220968 kB
MemAvailable:    1504432 kB
Buffers:          100940 kB
Cached:          1202220 kB
MemTotal:        1844596 kB
MemFree:          220972 kB
MemAvailable:    1504436 kB
Buffers:          100940 kB
Cached:          1202220 kB
MemTotal:        1844596 kB
MemFree:          220032 kB
MemAvailable:    1503496 kB
Buffers:          100940 kB
Cached:          1202220 kB
MemTotal:        1844596 kB
MemFree:          220888 kB
MemAvailable:    1504352 kB
Buffers:          100940 kB
Cached:          1202220 kB
MemTotal:        1844596 kB
MemFree:          219600 kB
MemAvailable:    1503064 kB
Buffers:          100940 kB
Cached:          1202220 kB
MemTotal:        1844596 kB
MemFree:          219588 kB
MemAvailable:    1503052 kB
Buffers:          100940 kB
Cached:          1202220 kB
MemTotal:        1844596 kB
MemFree:          219500 kB
MemAvailable:    1502964 kB
Buffers:          100940 kB
Cached:          1202220 kB
MemTotal:        1844596 kB
MemFree:          217784 kB
MemAvailable:    1501248 kB
Buffers:          100940 kB
Cached:          1202220 kB
MemTotal:        1844596 kB
MemFree:          217868 kB
MemAvailable:    1501332 kB
Buffers:          100940 kB
Cached:          1202220 kB
MemTotal:        1844596 kB
MemFree:          215692 kB
MemAvailable:    1499156 kB
Buffers:          100940 kB
Cached:          1202220 kB
MemTotal:        1844596 kB
MemFree:          215380 kB
MemAvailable:    1498844 kB
Buffers:          100940 kB
Cached:          1202220 kB
MemTotal:        1844596 kB
MemFree:          215320 kB
MemAvailable:    1498784 kB
Buffers:          100940 kB
Cached:          1202220 kB
MemTotal:        1844596 kB
MemFree:          215316 kB
MemAvailable:    1498780 kB
Buffers:          100940 kB
Cached:          1202220 kB
MemTotal:        1844596 kB
MemFree:          214272 kB
MemAvailable:    1497736 kB
Buffers:          100940 kB
Cached:          1202220 kB
MemTotal:        1844596 kB
MemFree:          214272 kB
MemAvailable:    1497736 kB
Buffers:          100940 kB
Cached:          1202220 kB
MemTotal:        1844596 kB
MemFree:          214148 kB
MemAvailable:    1497612 kB
Buffers:          100940 kB
Cached:          1202220 kB
MemTotal:        1844596 kB
MemFree:          215504 kB
MemAvailable:    1498968 kB
Buffers:          100940 kB
Cached:          1202220 kB
MemTotal:        1844596 kB
MemFree:          214016 kB
MemAvailable:    1497480 kB
Buffers:          100940 kB
Cached:          1202220 kB
MemTotal:        1844596 kB
MemFree:          214140 kB
MemAvailable:    1497604 kB
Buffers:          100940 kB
Cached:          1202220 kB
MemTotal:        1844596 kB
MemFree:          213884 kB
MemAvailable:    1497348 kB
Buffers:          100940 kB
Cached:          1202220 kB
MemTotal:        1844596 kB
MemFree:          213760 kB
MemAvailable:    1497224 kB
Buffers:          100940 kB
Cached:          1202220 kB
MemTotal:        1844596 kB
MemFree:          213884 kB
MemAvailable:    1497348 kB
Buffers:          100940 kB
Cached:          1202220 kB
MemTotal:        1844596 kB
MemFree:          212956 kB
MemAvailable:    1496420 kB
Buffers:          100940 kB
Cached:          1202220 kB
MemTotal:        1844596 kB
MemFree:          209988 kB
MemAvailable:    1493452 kB
Buffers:          100944 kB
Cached:          1202216 kB
MemTotal:        1844596 kB
MemFree:          208004 kB
MemAvailable:    1491468 kB
Buffers:          100944 kB
Cached:          1202216 kB
MemTotal:        1844596 kB
MemFree:          208608 kB
MemAvailable:    1492072 kB
Buffers:          100944 kB
Cached:          1202216 kB
MemTotal:        1844596 kB
MemFree:          208624 kB
MemAvailable:    1492088 kB
Buffers:          100944 kB
Cached:          1202216 kB
MemTotal:        1844596 kB
MemFree:          207328 kB
MemAvailable:    1490792 kB
Buffers:          100944 kB
Cached:          1202216 kB
MemTotal:        1844596 kB
MemFree:          206012 kB
MemAvailable:    1489476 kB
Buffers:          100944 kB
Cached:          1202216 kB
MemTotal:        1844596 kB
MemFree:          205524 kB
MemAvailable:    1489000 kB
Buffers:          100944 kB
Cached:          1202228 kB
MemTotal:        1844596 kB
MemFree:          205400 kB
MemAvailable:    1488876 kB
Buffers:          100944 kB
Cached:          1202228 kB
MemTotal:        1844596 kB
MemFree:          206468 kB
MemAvailable:    1489944 kB
Buffers:          100944 kB
Cached:          1202228 kB
MemTotal:        1844596 kB
MemFree:          205264 kB
MemAvailable:    1488740 kB
Buffers:          100944 kB
Cached:          1202228 kB
MemTotal:        1844596 kB
MemFree:          205216 kB
MemAvailable:    1488692 kB
Buffers:          100944 kB
Cached:          1202228 kB
MemTotal:        1844596 kB
MemFree:          205216 kB
MemAvailable:    1488692 kB
Buffers:          100944 kB
Cached:          1202228 kB
MemTotal:        1844596 kB
MemFree:          205216 kB
MemAvailable:    1488692 kB
Buffers:          100944 kB
Cached:          1202228 kB
MemTotal:        1844596 kB
MemFree:          206316 kB
MemAvailable:    1489792 kB
Buffers:          100944 kB
Cached:          1202228 kB
MemTotal:        1844596 kB
MemFree:          206316 kB
MemAvailable:    1489792 kB
Buffers:          100944 kB
Cached:          1202228 kB
MemTotal:        1844596 kB
MemFree:          206212 kB
MemAvailable:    1489688 kB
Buffers:          100944 kB
Cached:          1202228 kB
MemTotal:        1844596 kB
MemFree:          205092 kB
MemAvailable:    1488568 kB
Buffers:          100944 kB
Cached:          1202228 kB
MemTotal:        1844596 kB
MemFree:          205004 kB
MemAvailable:    1488480 kB
Buffers:          100944 kB
Cached:          1202228 kB
MemTotal:        1844596 kB
MemFree:          206132 kB
MemAvailable:    1489608 kB
Buffers:          100944 kB
Cached:          1202228 kB
MemTotal:        1844596 kB
MemFree:          204824 kB
MemAvailable:    1488300 kB
Buffers:          100944 kB
Cached:          1202228 kB
MemTotal:        1844596 kB
MemFree:          206064 kB
MemAvailable:    1489540 kB
Buffers:          100944 kB
Cached:          1202228 kB
MemTotal:        1844596 kB
MemFree:          205924 kB
MemAvailable:    1489400 kB
Buffers:          100944 kB
Cached:          1202228 kB
MemTotal:        1844596 kB
MemFree:          205772 kB
MemAvailable:    1489248 kB
Buffers:          100944 kB
Cached:          1202228 kB
MemTotal:        1844596 kB
MemFree:          206060 kB
MemAvailable:    1489536 kB
Buffers:          100944 kB
Cached:          1202228 kB
MemTotal:        1844596 kB
MemFree:          204760 kB
MemAvailable:    1488236 kB
Buffers:          100944 kB
Cached:          1202228 kB
MemTotal:        1844596 kB
MemFree:          204636 kB
MemAvailable:    1488112 kB
Buffers:          100944 kB
Cached:          1202228 kB
MemTotal:        1844596 kB
MemFree:          201540 kB
MemAvailable:    1485016 kB
Buffers:          100944 kB
Cached:          1202228 kB
MemTotal:        1844596 kB
MemFree:          201432 kB
MemAvailable:    1484908 kB
Buffers:          100944 kB
Cached:          1202228 kB
MemTotal:        1844596 kB
MemFree:          198084 kB
MemAvailable:    1481560 kB
Buffers:          100944 kB
Cached:          1202228 kB
MemTotal:        1844596 kB
MemFree:          198012 kB
MemAvailable:    1481488 kB
Buffers:          100944 kB
Cached:          1202228 kB
MemTotal:        1844596 kB
MemFree:          196580 kB
MemAvailable:    1480056 kB
Buffers:          100944 kB
Cached:          1202228 kB
MemTotal:        1844596 kB
MemFree:          196580 kB
MemAvailable:    1480056 kB
Buffers:          100944 kB
Cached:          1202228 kB
MemTotal:        1844596 kB
MemFree:          197332 kB
MemAvailable:    1480808 kB
Buffers:          100944 kB
Cached:          1202228 kB
MemTotal:        1844596 kB
MemFree:          196728 kB
MemAvailable:    1480204 kB
Buffers:          100944 kB
Cached:          1202228 kB
MemTotal:        1844596 kB
MemFree:          197228 kB
MemAvailable:    1480704 kB
Buffers:          100944 kB
Cached:          1202228 kB
MemTotal:        1844596 kB
MemFree:          196604 kB
MemAvailable:    1480080 kB
Buffers:          100944 kB
Cached:          1202228 kB
MemTotal:        1844596 kB
MemFree:          197160 kB
MemAvailable:    1480636 kB
Buffers:          100944 kB
Cached:          1202228 kB
MemTotal:        1844596 kB
MemFree:          197092 kB
MemAvailable:    1480568 kB
Buffers:          100944 kB
Cached:          1202228 kB
MemTotal:        1844596 kB
MemFree:          197412 kB
MemAvailable:    1480888 kB
Buffers:          100944 kB
Cached:          1202228 kB
MemTotal:        1844596 kB
MemFree:          196464 kB
MemAvailable:    1479940 kB
Buffers:          100944 kB
Cached:          1202228 kB
MemTotal:        1844596 kB
MemFree:          197324 kB
MemAvailable:    1480800 kB
Buffers:          100944 kB
Cached:          1202228 kB
MemTotal:        1844596 kB
MemFree:          196968 kB
MemAvailable:    1480444 kB
Buffers:          100944 kB
Cached:          1202228 kB
MemTotal:        1844596 kB
MemFree:          195960 kB
MemAvailable:    1479436 kB
Buffers:          100944 kB
Cached:          1202228 kB
MemTotal:        1844596 kB
MemFree:          195960 kB
MemAvailable:    1479436 kB
Buffers:          100944 kB
Cached:          1202228 kB
MemTotal:        1844596 kB
MemFree:          197144 kB
MemAvailable:    1480620 kB
Buffers:          100944 kB
Cached:          1202228 kB
MemTotal:        1844596 kB
MemFree:          196844 kB
MemAvailable:    1480320 kB
Buffers:          100944 kB
Cached:          1202228 kB
MemTotal:        1844596 kB
MemFree:          196088 kB
MemAvailable:    1479564 kB
Buffers:          100944 kB
Cached:          1202228 kB
MemTotal:        1844596 kB
MemFree:          197272 kB
MemAvailable:    1480748 kB
Buffers:          100944 kB
Cached:          1202228 kB
MemTotal:        1844596 kB
MemFree:          197440 kB
MemAvailable:    1480916 kB
Buffers:          100944 kB
Cached:          1202228 kB
MemTotal:        1844596 kB
MemFree:          197328 kB
MemAvailable:    1480804 kB
Buffers:          100944 kB
Cached:          1202228 kB
MemTotal:        1844596 kB
MemFree:          195900 kB
MemAvailable:    1479376 kB
Buffers:          100944 kB
Cached:          1202228 kB
MemTotal:        1844596 kB
MemFree:          197272 kB
MemAvailable:    1480748 kB
Buffers:          100944 kB
Cached:          1202228 kB
MemTotal:        1844596 kB
MemFree:          197244 kB
MemAvailable:    1480720 kB
Buffers:          100944 kB
Cached:          1202228 kB
MemTotal:        1844596 kB
MemFree:          196028 kB
MemAvailable:    1479504 kB
Buffers:          100944 kB
Cached:          1202228 kB
MemTotal:        1844596 kB
MemFree:          196028 kB
MemAvailable:    1479504 kB
Buffers:          100944 kB
Cached:          1202228 kB
MemTotal:        1844596 kB
MemFree:          197264 kB
MemAvailable:    1480740 kB
Buffers:          100944 kB
Cached:          1202228 kB
MemTotal:        1844596 kB
MemFree:          196472 kB
MemAvailable:    1479948 kB
Buffers:          100944 kB
Cached:          1202228 kB
MemTotal:        1844596 kB
MemFree:          196348 kB
MemAvailable:    1479824 kB
Buffers:          100944 kB
Cached:          1202228 kB
MemTotal:        1844596 kB
MemFree:          196348 kB
MemAvailable:    1479824 kB
Buffers:          100944 kB
Cached:          1202228 kB
MemTotal:        1844596 kB
MemFree:          197640 kB
MemAvailable:    1481116 kB
Buffers:          100944 kB
Cached:          1202228 kB
MemTotal:        1844596 kB
MemFree:          196216 kB
MemAvailable:    1479692 kB
Buffers:          100944 kB
Cached:          1202228 kB
MemTotal:        1844596 kB
MemFree:          197516 kB
MemAvailable:    1480992 kB
Buffers:          100944 kB
Cached:          1202228 kB
MemTotal:        1844596 kB
MemFree:          196588 kB
MemAvailable:    1480064 kB
Buffers:          100944 kB
Cached:          1202228 kB
MemTotal:        1844596 kB
MemFree:          196208 kB
MemAvailable:    1479684 kB
Buffers:          100944 kB
Cached:          1202228 kB
MemTotal:        1844596 kB
MemFree:          197144 kB
MemAvailable:    1480620 kB
Buffers:          100944 kB
Cached:          1202228 kB
MemTotal:        1844596 kB
MemFree:          196844 kB
MemAvailable:    1480320 kB
Buffers:          100944 kB
Cached:          1202228 kB
MemTotal:        1844596 kB
MemFree:          195044 kB
MemAvailable:    1478520 kB
Buffers:          100944 kB
Cached:          1202228 kB
MemTotal:        1844596 kB
MemFree:          190504 kB
MemAvailable:    1473980 kB
Buffers:          100944 kB
Cached:          1202228 kB
MemTotal:        1844596 kB
MemFree:          189652 kB
MemAvailable:    1473128 kB
Buffers:          100944 kB
Cached:          1202228 kB
MemTotal:        1844596 kB
MemFree:          186552 kB
MemAvailable:    1470028 kB
Buffers:          100944 kB
Cached:          1202228 kB
MemTotal:        1844596 kB
MemFree:          186728 kB
MemAvailable:    1470204 kB
Buffers:          100944 kB
Cached:          1202228 kB
MemTotal:        1844596 kB
MemFree:          185428 kB
MemAvailable:    1468904 kB
Buffers:          100944 kB
Cached:          1202228 kB
MemTotal:        1844596 kB
MemFree:          186496 kB
MemAvailable:    1469972 kB
Buffers:          100944 kB
Cached:          1202228 kB
MemTotal:        1844596 kB
MemFree:          185684 kB
MemAvailable:    1469160 kB
Buffers:          100944 kB
Cached:          1202228 kB
MemTotal:        1844596 kB
MemFree:          186248 kB
MemAvailable:    1469728 kB
Buffers:          100944 kB
Cached:          1202232 kB
MemTotal:        1844596 kB
MemFree:          186584 kB
MemAvailable:    1470064 kB
Buffers:          100944 kB
Cached:          1202232 kB
MemTotal:        1844596 kB
MemFree:          185148 kB
MemAvailable:    1468632 kB
Buffers:          100944 kB
Cached:          1202236 kB
MemTotal:        1844596 kB
MemFree:          186428 kB
MemAvailable:    1469912 kB
Buffers:          100944 kB
Cached:          1202236 kB
MemTotal:        1844596 kB
MemFree:          185684 kB
MemAvailable:    1469168 kB
Buffers:          100944 kB
Cached:          1202236 kB
MemTotal:        1844596 kB
MemFree:          185232 kB
MemAvailable:    1468716 kB
Buffers:          100944 kB
Cached:          1202236 kB
MemTotal:        1844596 kB
MemFree:          186448 kB
MemAvailable:    1469932 kB
Buffers:          100944 kB
Cached:          1202236 kB
MemTotal:        1844596 kB
MemFree:          185268 kB
MemAvailable:    1468752 kB
Buffers:          100944 kB
Cached:          1202236 kB
MemTotal:        1844596 kB
MemFree:          185136 kB
MemAvailable:    1468620 kB
Buffers:          100944 kB
Cached:          1202236 kB
MemTotal:        1844596 kB
MemFree:          186412 kB
MemAvailable:    1469896 kB
Buffers:          100944 kB
Cached:          1202236 kB
MemTotal:        1844596 kB
MemFree:          186436 kB
MemAvailable:    1469920 kB
Buffers:          100944 kB
Cached:          1202236 kB
MemTotal:        1844596 kB
MemFree:          186380 kB
MemAvailable:    1469864 kB
Buffers:          100944 kB
Cached:          1202236 kB
MemTotal:        1844596 kB
MemFree:          186436 kB
MemAvailable:    1469920 kB
Buffers:          100944 kB
Cached:          1202236 kB
MemTotal:        1844596 kB
MemFree:          185296 kB
MemAvailable:    1468780 kB
Buffers:          100944 kB
Cached:          1202236 kB
MemTotal:        1844596 kB
MemFree:          186364 kB
MemAvailable:    1469848 kB
Buffers:          100944 kB
Cached:          1202236 kB
MemTotal:        1844596 kB
MemFree:          185160 kB
MemAvailable:    1468644 kB
Buffers:          100944 kB
Cached:          1202236 kB
MemTotal:        1844596 kB
MemFree:          185160 kB
MemAvailable:    1468644 kB
Buffers:          100944 kB
Cached:          1202236 kB
MemTotal:        1844596 kB
MemFree:          185264 kB
MemAvailable:    1468748 kB
Buffers:          100944 kB
Cached:          1202236 kB
MemTotal:        1844596 kB
MemFree:          185176 kB
MemAvailable:    1468660 kB
Buffers:          100944 kB
Cached:          1202236 kB
MemTotal:        1844596 kB
MemFree:          186472 kB
MemAvailable:    1469956 kB
Buffers:          100944 kB
Cached:          1202236 kB
MemTotal:        1844596 kB
MemFree:          186064 kB
MemAvailable:    1469548 kB
Buffers:          100944 kB
Cached:          1202236 kB
MemTotal:        1844596 kB
MemFree:          185188 kB
MemAvailable:    1468672 kB
Buffers:          100944 kB
Cached:          1202236 kB
MemTotal:        1844596 kB
MemFree:          185140 kB
MemAvailable:    1468624 kB
Buffers:          100944 kB
Cached:          1202236 kB
MemTotal:        1844596 kB
MemFree:          186420 kB
MemAvailable:    1469904 kB
Buffers:          100944 kB
Cached:          1202236 kB
MemTotal:        1844596 kB
MemFree:          186312 kB
MemAvailable:    1469796 kB
Buffers:          100944 kB
Cached:          1202236 kB
MemTotal:        1844596 kB
MemFree:          186116 kB
MemAvailable:    1469600 kB
Buffers:          100944 kB
Cached:          1202236 kB
MemTotal:        1844596 kB
MemFree:          186452 kB
MemAvailable:    1469936 kB
Buffers:          100944 kB
Cached:          1202236 kB
MemTotal:        1844596 kB
MemFree:          185136 kB
MemAvailable:    1468620 kB
Buffers:          100944 kB
Cached:          1202236 kB
MemTotal:        1844596 kB
MemFree:          185136 kB
MemAvailable:    1468620 kB
Buffers:          100944 kB
Cached:          1202236 kB
MemTotal:        1844596 kB
MemFree:          186412 kB
MemAvailable:    1469896 kB
Buffers:          100944 kB
Cached:          1202236 kB
MemTotal:        1844596 kB
MemFree:          185684 kB
MemAvailable:    1469168 kB
Buffers:          100944 kB
Cached:          1202236 kB
MemTotal:        1844596 kB
MemFree:          186536 kB
MemAvailable:    1470024 kB
Buffers:          100944 kB
Cached:          1202240 kB
MemTotal:        1844596 kB
MemFree:          186180 kB
MemAvailable:    1469668 kB
Buffers:          100944 kB
Cached:          1202240 kB
MemTotal:        1844596 kB
MemFree:          186416 kB
MemAvailable:    1469904 kB
Buffers:          100944 kB
Cached:          1202240 kB
MemTotal:        1844596 kB
MemFree:          185692 kB
MemAvailable:    1469180 kB
Buffers:          100944 kB
Cached:          1202240 kB
MemTotal:        1844596 kB
MemFree:          186332 kB
MemAvailable:    1469820 kB
Buffers:          100944 kB
Cached:          1202240 kB
MemTotal:        1844596 kB
MemFree:          186180 kB
MemAvailable:    1469668 kB
Buffers:          100944 kB
Cached:          1202240 kB
MemTotal:        1844596 kB
MemFree:          185172 kB
MemAvailable:    1468660 kB
Buffers:          100944 kB
Cached:          1202240 kB
MemTotal:        1844596 kB
MemFree:          185172 kB
MemAvailable:    1468660 kB
Buffers:          100944 kB
Cached:          1202240 kB
MemTotal:        1844596 kB
MemFree:          186232 kB
MemAvailable:    1469720 kB
Buffers:          100944 kB
Cached:          1202240 kB
MemTotal:        1844596 kB
MemFree:          186056 kB
MemAvailable:    1469544 kB
Buffers:          100944 kB
Cached:          1202240 kB
MemTotal:        1844596 kB
MemFree:          186248 kB
MemAvailable:    1469736 kB
Buffers:          100944 kB
Cached:          1202240 kB
MemTotal:        1844596 kB
MemFree:          185132 kB
MemAvailable:    1468620 kB
Buffers:          100944 kB
Cached:          1202240 kB
MemTotal:        1844596 kB
MemFree:          186248 kB
MemAvailable:    1469736 kB
Buffers:          100944 kB
Cached:          1202240 kB
MemTotal:        1844596 kB
MemFree:          185248 kB
MemAvailable:    1468736 kB
Buffers:          100944 kB
Cached:          1202240 kB
MemTotal:        1844596 kB
MemFree:          184692 kB
MemAvailable:    1468180 kB
Buffers:          100944 kB
Cached:          1202240 kB
MemTotal:        1844596 kB
MemFree:          185552 kB
MemAvailable:    1469040 kB
Buffers:          100944 kB
Cached:          1202240 kB
MemTotal:        1844596 kB
MemFree:          184948 kB
MemAvailable:    1468436 kB
Buffers:          100944 kB
Cached:          1202240 kB
MemTotal:        1844596 kB
MemFree:          185316 kB
MemAvailable:    1468804 kB
Buffers:          100944 kB
Cached:          1202240 kB
MemTotal:        1844596 kB
MemFree:          185360 kB
MemAvailable:    1468848 kB
Buffers:          100944 kB
Cached:          1202240 kB
MemTotal:        1844596 kB
MemFree:          185188 kB
MemAvailable:    1468676 kB
Buffers:          100944 kB
Cached:          1202240 kB
MemTotal:        1844596 kB
MemFree:          184452 kB
MemAvailable:    1467940 kB
Buffers:          100944 kB
Cached:          1202240 kB
MemTotal:        1844596 kB
MemFree:          185172 kB
MemAvailable:    1468660 kB
Buffers:          100944 kB
Cached:          1202240 kB
MemTotal:        1844596 kB
MemFree:          185188 kB
MemAvailable:    1468676 kB
Buffers:          100944 kB
Cached:          1202240 kB
MemTotal:        1844596 kB
MemFree:          185132 kB
MemAvailable:    1468620 kB
Buffers:          100944 kB
Cached:          1202240 kB
MemTotal:        1844596 kB
MemFree:          183928 kB
MemAvailable:    1467416 kB
Buffers:          100944 kB
Cached:          1202240 kB
MemTotal:        1844596 kB
MemFree:          185032 kB
MemAvailable:    1468520 kB
Buffers:          100944 kB
Cached:          1202240 kB
MemTotal:        1844596 kB
MemFree:          185116 kB
MemAvailable:    1468604 kB
Buffers:          100944 kB
Cached:          1202240 kB
MemTotal:        1844596 kB
MemFree:          184868 kB
MemAvailable:    1468356 kB
Buffers:          100944 kB
Cached:          1202240 kB
MemTotal:        1844596 kB
MemFree:          184948 kB
MemAvailable:    1468236 kB
Buffers:          100944 kB
Cached:          1202240 kB
MemTotal:        1844596 kB
MemFree:          184196 kB
MemAvailable:    1467684 kB
Buffers:          100944 kB
Cached:          1202240 kB
MemTotal:        1844596 kB
MemFree:          184688 kB
MemAvailable:    1468176 kB
Buffers:          100944 kB
Cached:          1202240 kB
MemTotal:        1844596 kB
MemFree:          183804 kB
MemAvailable:    1467292 kB
Buffers:          100944 kB
Cached:          1202240 kB
MemTotal:        1844596 kB
MemFree:          184880 kB
MemAvailable:    1468368 kB
Buffers:          100944 kB
Cached:          1202240 kB
MemTotal:        1844596 kB
MemFree:          183296 kB
MemAvailable:    1466784 kB
Buffers:          100944 kB
Cached:          1202240 kB
MemTotal:        1844596 kB
MemFree:          184752 kB
MemAvailable:    1468240 kB
Buffers:          100944 kB
Cached:          1202240 kB
MemTotal:        1844596 kB
MemFree:          183528 kB
MemAvailable:    1467016 kB
Buffers:          100944 kB
Cached:          1202240 kB
MemTotal:        1844596 kB
MemFree:          183064 kB
MemAvailable:    1466552 kB
Buffers:          100944 kB
Cached:          1202240 kB
MemTotal:        1844596 kB
MemFree:          184808 kB
MemAvailable:    1468296 kB
Buffers:          100944 kB
Cached:          1202240 kB
MemTotal:        1844596 kB
MemFree:          184804 kB
MemAvailable:    1468292 kB
Buffers:          100944 kB
Cached:          1202240 kB
MemTotal:        1844596 kB
MemFree:          184732 kB
MemAvailable:    1468220 kB
Buffers:          100944 kB
Cached:          1202240 kB
MemTotal:        1844596 kB
MemFree:          183556 kB
MemAvailable:    1467044 kB
Buffers:          100944 kB
Cached:          1202240 kB
MemTotal:        1844596 kB
MemFree:          182088 kB
MemAvailable:    1465576 kB
Buffers:          100944 kB
Cached:          1202240 kB
MemTotal:        1844596 kB
MemFree:          178360 kB
MemAvailable:    1461852 kB
Buffers:          100944 kB
Cached:          1202244 kB
MemTotal:        1844596 kB
MemFree:          173896 kB
MemAvailable:    1457388 kB
Buffers:          100944 kB
Cached:          1202244 kB
MemTotal:        1844596 kB
MemFree:          173416 kB
MemAvailable:    1456908 kB
Buffers:          100944 kB
Cached:          1202244 kB
MemTotal:        1844596 kB
MemFree:          172416 kB
MemAvailable:    1455908 kB
Buffers:          100944 kB
Cached:          1202244 kB
MemTotal:        1844596 kB
MemFree:          172284 kB
MemAvailable:    1455776 kB
Buffers:          100944 kB
Cached:          1202244 kB
MemTotal:        1844596 kB
MemFree:          173220 kB
MemAvailable:    1456712 kB
Buffers:          100944 kB
Cached:          1202244 kB
MemTotal:        1844596 kB
MemFree:          171788 kB
MemAvailable:    1455280 kB
Buffers:          100944 kB
Cached:          1202244 kB
MemTotal:        1844596 kB
MemFree:          172532 kB
MemAvailable:    1456024 kB
Buffers:          100944 kB
Cached:          1202244 kB
MemTotal:        1844596 kB
MemFree:          172052 kB
MemAvailable:    1455544 kB
Buffers:          100944 kB
Cached:          1202244 kB
MemTotal:        1844596 kB
MemFree:          172292 kB
MemAvailable:    1455784 kB
Buffers:          100944 kB
Cached:          1202244 kB
MemTotal:        1844596 kB
MemFree:          170308 kB
MemAvailable:    1453800 kB
Buffers:          100944 kB
Cached:          1202244 kB
MemTotal:        1844596 kB
MemFree:          170300 kB
MemAvailable:    1453792 kB
Buffers:          100944 kB
Cached:          1202244 kB
MemTotal:        1844596 kB
MemFree:          169564 kB
MemAvailable:    1453056 kB
Buffers:          100944 kB
Cached:          1202244 kB
MemTotal:        1844596 kB
MemFree:          169772 kB
MemAvailable:    1453264 kB
Buffers:          100944 kB
Cached:          1202244 kB
MemTotal:        1844596 kB
MemFree:          169812 kB
MemAvailable:    1453304 kB
Buffers:          100944 kB
Cached:          1202244 kB
MemTotal:        1844596 kB
MemFree:          168400 kB
MemAvailable:    1451892 kB
Buffers:          100944 kB
Cached:          1202244 kB
MemTotal:        1844596 kB
MemFree:          169828 kB
MemAvailable:    1453320 kB
Buffers:          100944 kB
Cached:          1202244 kB
MemTotal:        1844596 kB
MemFree:          169636 kB
MemAvailable:    1453128 kB
Buffers:          100944 kB
Cached:          1202244 kB
MemTotal:        1844596 kB
MemFree:          168580 kB
MemAvailable:    1452072 kB
Buffers:          100944 kB
Cached:          1202244 kB
MemTotal:        1844596 kB
MemFree:          169680 kB
MemAvailable:    1453172 kB
Buffers:          100944 kB
Cached:          1202244 kB
MemTotal:        1844596 kB
MemFree:          169696 kB
MemAvailable:    1453188 kB
Buffers:          100944 kB
Cached:          1202244 kB
MemTotal:        1844596 kB
MemFree:          169548 kB
MemAvailable:    1453040 kB
Buffers:          100944 kB
Cached:          1202244 kB
MemTotal:        1844596 kB
MemFree:          169440 kB
MemAvailable:    1452932 kB
Buffers:          100944 kB
Cached:          1202244 kB
MemTotal:        1844596 kB
MemFree:          169568 kB
MemAvailable:    1453060 kB
Buffers:          100944 kB
Cached:          1202244 kB
MemTotal:        1844596 kB
MemFree:          168516 kB
MemAvailable:    1452008 kB
Buffers:          100944 kB
Cached:          1202244 kB
MemTotal:        1844596 kB
MemFree:          168764 kB
MemAvailable:    1452256 kB
Buffers:          100944 kB
Cached:          1202244 kB
MemTotal:        1844596 kB
MemFree:          168448 kB
MemAvailable:    1451940 kB
Buffers:          100944 kB
Cached:          1202244 kB
MemTotal:        1844596 kB
MemFree:          167820 kB
MemAvailable:    1451312 kB
Buffers:          100944 kB
Cached:          1202244 kB
MemTotal:        1844596 kB
MemFree:          167580 kB
MemAvailable:    1451072 kB
Buffers:          100944 kB
Cached:          1202244 kB
MemTotal:        1844596 kB
MemFree:          166712 kB
MemAvailable:    1450204 kB
Buffers:          100944 kB
Cached:          1202244 kB
MemTotal:        1844596 kB
MemFree:          167820 kB
MemAvailable:    1451312 kB
Buffers:          100944 kB
Cached:          1202244 kB
MemTotal:        1844596 kB
MemFree:          166836 kB
MemAvailable:    1450328 kB
Buffers:          100944 kB
Cached:          1202244 kB
MemTotal:        1844596 kB
MemFree:          167568 kB
MemAvailable:    1451060 kB
Buffers:          100944 kB
Cached:          1202244 kB
MemTotal:        1844596 kB
MemFree:          166092 kB
MemAvailable:    1449584 kB
Buffers:          100944 kB
Cached:          1202244 kB
MemTotal:        1844596 kB
MemFree:          165712 kB
MemAvailable:    1449204 kB
Buffers:          100944 kB
Cached:          1202244 kB
MemTotal:        1844596 kB
MemFree:          165216 kB
MemAvailable:    1448708 kB
Buffers:          100944 kB
Cached:          1202244 kB
MemTotal:        1844596 kB
MemFree:          165100 kB
MemAvailable:    1448592 kB
Buffers:          100944 kB
Cached:          1202244 kB
MemTotal:        1844596 kB
MemFree:          166076 kB
MemAvailable:    1449568 kB
Buffers:          100944 kB
Cached:          1202244 kB
MemTotal:        1844596 kB
MemFree:          166092 kB
MemAvailable:    1449584 kB
Buffers:          100944 kB
Cached:          1202244 kB
MemTotal:        1844596 kB
MemFree:          165780 kB
MemAvailable:    1449272 kB
Buffers:          100944 kB
Cached:          1202244 kB
MemTotal:        1844596 kB
MemFree:          165648 kB
MemAvailable:    1449140 kB
Buffers:          100944 kB
Cached:          1202244 kB
MemTotal:        1844596 kB
MemFree:          165476 kB
MemAvailable:    1448968 kB
Buffers:          100944 kB
Cached:          1202244 kB
MemTotal:        1844596 kB
MemFree:          164540 kB
MemAvailable:    1448032 kB
Buffers:          100944 kB
Cached:          1202244 kB
MemTotal:        1844596 kB
MemFree:          165492 kB
MemAvailable:    1448984 kB
Buffers:          100944 kB
Cached:          1202244 kB
MemTotal:        1844596 kB
MemFree:          165468 kB
MemAvailable:    1448960 kB
Buffers:          100944 kB
Cached:          1202244 kB
MemTotal:        1844596 kB
MemFree:          165396 kB
MemAvailable:    1448888 kB
Buffers:          100944 kB
Cached:          1202244 kB
MemTotal:        1844596 kB
MemFree:          164860 kB
MemAvailable:    1448352 kB
Buffers:          100944 kB
Cached:          1202244 kB
MemTotal:        1844596 kB
MemFree:          165596 kB
MemAvailable:    1449088 kB
Buffers:          100944 kB
Cached:          1202244 kB
MemTotal:        1844596 kB
MemFree:          164728 kB
MemAvailable:    1448220 kB
Buffers:          100944 kB
Cached:          1202244 kB
MemTotal:        1844596 kB
MemFree:          165340 kB
MemAvailable:    1448832 kB
Buffers:          100944 kB
Cached:          1202244 kB
MemTotal:        1844596 kB
MemFree:          164108 kB
MemAvailable:    1447600 kB
Buffers:          100944 kB
Cached:          1202244 kB
MemTotal:        1844596 kB
MemFree:          164060 kB
MemAvailable:    1447552 kB
Buffers:          100944 kB
Cached:          1202244 kB
MemTotal:        1844596 kB
MemFree:          164060 kB
MemAvailable:    1447552 kB
Buffers:          100944 kB
Cached:          1202244 kB
MemTotal:        1844596 kB
MemFree:          165208 kB
MemAvailable:    1448700 kB
Buffers:          100944 kB
Cached:          1202244 kB
MemTotal:        1844596 kB
MemFree:          164976 kB
MemAvailable:    1448468 kB
Buffers:          100944 kB
Cached:          1202244 kB
MemTotal:        1844596 kB
MemFree:          165156 kB
MemAvailable:    1448648 kB
Buffers:          100944 kB
Cached:          1202244 kB
MemTotal:        1844596 kB
MemFree:          165408 kB
MemAvailable:    1448900 kB
Buffers:          100944 kB
Cached:          1202244 kB
MemTotal:        1844596 kB
MemFree:          165272 kB
MemAvailable:    1448764 kB
Buffers:          100944 kB
Cached:          1202244 kB
MemTotal:        1844596 kB
MemFree:          165392 kB
MemAvailable:    1448884 kB
Buffers:          100944 kB
Cached:          1202244 kB
MemTotal:        1844596 kB
MemFree:          165284 kB
MemAvailable:    1448776 kB
Buffers:          100944 kB
Cached:          1202244 kB
MemTotal:        1844596 kB
MemFree:          164060 kB
MemAvailable:    1447552 kB
Buffers:          100944 kB
Cached:          1202244 kB
MemTotal:        1844596 kB
MemFree:          164060 kB
MemAvailable:    1447552 kB
Buffers:          100944 kB
Cached:          1202244 kB
MemTotal:        1844596 kB
MemFree:          164096 kB
MemAvailable:    1447588 kB
Buffers:          100944 kB
Cached:          1202244 kB
MemTotal:        1844596 kB
MemFree:          164060 kB
MemAvailable:    1447552 kB
Buffers:          100944 kB
Cached:          1202244 kB
MemTotal:        1844596 kB
MemFree:          165296 kB
MemAvailable:    1448788 kB
Buffers:          100944 kB
Cached:          1202244 kB
MemTotal:        1844596 kB
MemFree:          164168 kB
MemAvailable:    1447660 kB
Buffers:          100944 kB
Cached:          1202244 kB
MemTotal:        1844596 kB
MemFree:          164232 kB
MemAvailable:    1447724 kB
Buffers:          100944 kB
Cached:          1202244 kB
MemTotal:        1844596 kB
MemFree:          163976 kB
MemAvailable:    1447468 kB
Buffers:          100944 kB
Cached:          1202244 kB
MemTotal:        1844596 kB
MemFree:          163920 kB
MemAvailable:    1447412 kB
Buffers:          100944 kB
Cached:          1202244 kB
MemTotal:        1844596 kB
MemFree:          162416 kB
MemAvailable:    1445920 kB
Buffers:          100944 kB
Cached:          1202256 kB
MemTotal:        1844596 kB
MemFree:          159768 kB
MemAvailable:    1443272 kB
Buffers:          100944 kB
Cached:          1202256 kB
MemTotal:        1844596 kB
MemFree:          157040 kB
MemAvailable:    1440544 kB
Buffers:          100944 kB
Cached:          1202256 kB
MemTotal:        1844596 kB
MemFree:          155068 kB
MemAvailable:    1438572 kB
Buffers:          100944 kB
Cached:          1202256 kB
MemTotal:        1844596 kB
MemFree:          152576 kB
MemAvailable:    1436080 kB
Buffers:          100944 kB
Cached:          1202256 kB
MemTotal:        1844596 kB
MemFree:          147608 kB
MemAvailable:    1431112 kB
Buffers:          100944 kB
Cached:          1202256 kB
MemTotal:        1844596 kB
MemFree:          147376 kB
MemAvailable:    1430880 kB
Buffers:          100944 kB
Cached:          1202256 kB
MemTotal:        1844596 kB
MemFree:          146988 kB
MemAvailable:    1430492 kB
Buffers:          100944 kB
Cached:          1202256 kB
MemTotal:        1844596 kB
MemFree:          147244 kB
MemAvailable:    1430748 kB
Buffers:          100944 kB
Cached:          1202256 kB
MemTotal:        1844596 kB
MemFree:          145748 kB
MemAvailable:    1429252 kB
Buffers:          100944 kB
Cached:          1202256 kB
MemTotal:        1844596 kB
MemFree:          146924 kB
MemAvailable:    1430428 kB
Buffers:          100944 kB
Cached:          1202256 kB
MemTotal:        1844596 kB
MemFree:          146976 kB
MemAvailable:    1430480 kB
Buffers:          100944 kB
Cached:          1202256 kB
MemTotal:        1844596 kB
MemFree:          145736 kB
MemAvailable:    1429240 kB
Buffers:          100944 kB
Cached:          1202256 kB
MemTotal:        1844596 kB
MemFree:          146340 kB
MemAvailable:    1429844 kB
Buffers:          100944 kB
Cached:          1202256 kB
MemTotal:        1844596 kB
MemFree:          145060 kB
MemAvailable:    1428564 kB
Buffers:          100944 kB
Cached:          1202256 kB
MemTotal:        1844596 kB
MemFree:          146536 kB
MemAvailable:    1430040 kB
Buffers:          100944 kB
Cached:          1202256 kB
MemTotal:        1844596 kB
MemFree:          146500 kB
MemAvailable:    1430004 kB
Buffers:          100944 kB
Cached:          1202256 kB
MemTotal:        1844596 kB
MemFree:          146436 kB
MemAvailable:    1429940 kB
Buffers:          100944 kB
Cached:          1202256 kB
MemTotal:        1844596 kB
MemFree:          146436 kB
MemAvailable:    1429940 kB
Buffers:          100944 kB
Cached:          1202256 kB
MemTotal:        1844596 kB
MemFree:          144888 kB
MemAvailable:    1428392 kB
Buffers:          100944 kB
Cached:          1202256 kB
MemTotal:        1844596 kB
MemFree:          144764 kB
MemAvailable:    1428268 kB
Buffers:          100944 kB
Cached:          1202256 kB
MemTotal:        1844596 kB
MemFree:          145932 kB
MemAvailable:    1429436 kB
Buffers:          100944 kB
Cached:          1202256 kB
MemTotal:        1844596 kB
MemFree:          144764 kB
MemAvailable:    1428268 kB
Buffers:          100944 kB
Cached:          1202256 kB
MemTotal:        1844596 kB
MemFree:          145612 kB
MemAvailable:    1429116 kB
Buffers:          100944 kB
Cached:          1202256 kB
MemTotal:        1844596 kB
MemFree:          145084 kB
MemAvailable:    1428588 kB
Buffers:          100944 kB
Cached:          1202256 kB
MemTotal:        1844596 kB
MemFree:          144452 kB
MemAvailable:    1427956 kB
Buffers:          100944 kB
Cached:          1202256 kB
MemTotal:        1844596 kB
MemFree:          144452 kB
MemAvailable:    1427956 kB
Buffers:          100944 kB
Cached:          1202256 kB
MemTotal:        1844596 kB
MemFree:          145692 kB
MemAvailable:    1429196 kB
Buffers:          100944 kB
Cached:          1202256 kB
MemTotal:        1844596 kB
MemFree:          145900 kB
MemAvailable:    1429404 kB
Buffers:          100944 kB
Cached:          1202256 kB
MemTotal:        1844596 kB
MemFree:          145012 kB
MemAvailable:    1428516 kB
Buffers:          100944 kB
Cached:          1202256 kB
MemTotal:        1844596 kB
MemFree:          145576 kB
MemAvailable:    1429080 kB
Buffers:          100944 kB
Cached:          1202256 kB
MemTotal:        1844596 kB
MemFree:          144460 kB
MemAvailable:    1427964 kB
Buffers:          100944 kB
Cached:          1202256 kB
MemTotal:        1844596 kB
MemFree:          144584 kB
MemAvailable:    1428088 kB
Buffers:          100944 kB
Cached:          1202256 kB
MemTotal:        1844596 kB
MemFree:          144460 kB
MemAvailable:    1427964 kB
Buffers:          100944 kB
Cached:          1202256 kB
MemTotal:        1844596 kB
MemFree:          144452 kB
MemAvailable:    1427956 kB
Buffers:          100944 kB
Cached:          1202256 kB
MemTotal:        1844596 kB
MemFree:          145680 kB
MemAvailable:    1429184 kB
Buffers:          100944 kB
Cached:          1202256 kB
MemTotal:        1844596 kB
MemFree:          145632 kB
MemAvailable:    1429136 kB
Buffers:          100944 kB
Cached:          1202256 kB
MemTotal:        1844596 kB
MemFree:          145436 kB
MemAvailable:    1428940 kB
Buffers:          100944 kB
Cached:          1202256 kB
MemTotal:        1844596 kB
MemFree:          145436 kB
MemAvailable:    1428940 kB
Buffers:          100944 kB
Cached:          1202256 kB
MemTotal:        1844596 kB
MemFree:          140176 kB
MemAvailable:    1423680 kB
Buffers:          100944 kB
Cached:          1202256 kB
MemTotal:        1844596 kB
MemFree:          136640 kB
MemAvailable:    1420144 kB
Buffers:          100944 kB
Cached:          1202256 kB
MemTotal:        1844596 kB
MemFree:          136524 kB
MemAvailable:    1420028 kB
Buffers:          100944 kB
Cached:          1202256 kB
MemTotal:        1844596 kB
MemFree:          131248 kB
MemAvailable:    1414752 kB
Buffers:          100944 kB
Cached:          1202256 kB
MemTotal:        1844596 kB
MemFree:          128024 kB
MemAvailable:    1411528 kB
Buffers:          100944 kB
Cached:          1202256 kB
MemTotal:        1844596 kB
MemFree:          127264 kB
MemAvailable:    1410768 kB
Buffers:          100944 kB
Cached:          1202256 kB
MemTotal:        1844596 kB
MemFree:          127600 kB
MemAvailable:    1411104 kB
Buffers:          100944 kB
Cached:          1202256 kB
MemTotal:        1844596 kB
MemFree:          127480 kB
MemAvailable:    1410984 kB
Buffers:          100944 kB
Cached:          1202256 kB
MemTotal:        1844596 kB
MemFree:          127040 kB
MemAvailable:    1410544 kB
Buffers:          100944 kB
Cached:          1202256 kB
MemTotal:        1844596 kB
MemFree:          126280 kB
MemAvailable:    1409784 kB
Buffers:          100944 kB
Cached:          1202256 kB
MemTotal:        1844596 kB
MemFree:          126280 kB
MemAvailable:    1409784 kB
Buffers:          100944 kB
Cached:          1202256 kB
MemTotal:        1844596 kB
MemFree:          126364 kB
MemAvailable:    1409868 kB
Buffers:          100944 kB
Cached:          1202256 kB
MemTotal:        1844596 kB
MemFree:          126240 kB
MemAvailable:    1409744 kB
Buffers:          100944 kB
Cached:          1202256 kB
MemTotal:        1844596 kB
MemFree:          126240 kB
MemAvailable:    1409744 kB
Buffers:          100944 kB
Cached:          1202256 kB
MemTotal:        1844596 kB
MemFree:          127388 kB
MemAvailable:    1410892 kB
Buffers:          100944 kB
Cached:          1202256 kB
MemTotal:        1844596 kB
MemFree:          126784 kB
MemAvailable:    1410288 kB
Buffers:          100944 kB
Cached:          1202256 kB
MemTotal:        1844596 kB
MemFree:          127468 kB
MemAvailable:    1410972 kB
Buffers:          100944 kB
Cached:          1202256 kB
MemTotal:        1844596 kB
MemFree:          127636 kB
MemAvailable:    1411140 kB
Buffers:          100944 kB
Cached:          1202256 kB
MemTotal:        1844596 kB
MemFree:          126240 kB
MemAvailable:    1409744 kB
Buffers:          100944 kB
Cached:          1202256 kB
MemTotal:        1844596 kB
MemFree:          127512 kB
MemAvailable:    1411016 kB
Buffers:          100944 kB
Cached:          1202256 kB
MemTotal:        1844596 kB
MemFree:          127512 kB
MemAvailable:    1411016 kB
Buffers:          100944 kB
Cached:          1202256 kB
MemTotal:        1844596 kB
MemFree:          126232 kB
MemAvailable:    1409736 kB
Buffers:          100944 kB
Cached:          1202256 kB
MemTotal:        1844596 kB
MemFree:          126232 kB
MemAvailable:    1409736 kB
Buffers:          100944 kB
Cached:          1202256 kB
MemTotal:        1844596 kB
MemFree:          127660 kB
MemAvailable:    1411164 kB
Buffers:          100944 kB
Cached:          1202256 kB
MemTotal:        1844596 kB
MemFree:          127828 kB
MemAvailable:    1411332 kB
Buffers:          100944 kB
Cached:          1202256 kB
MemTotal:        1844596 kB
MemFree:          126228 kB
MemAvailable:    1409732 kB
Buffers:          100944 kB
Cached:          1202256 kB
MemTotal:        1844596 kB
MemFree:          127440 kB
MemAvailable:    1410944 kB
Buffers:          100944 kB
Cached:          1202256 kB
MemTotal:        1844596 kB
MemFree:          127444 kB
MemAvailable:    1410948 kB
Buffers:          100944 kB
Cached:          1202256 kB
MemTotal:        1844596 kB
MemFree:          127612 kB
MemAvailable:    1411116 kB
Buffers:          100944 kB
Cached:          1202256 kB
MemTotal:        1844596 kB
MemFree:          126412 kB
MemAvailable:    1409924 kB
Buffers:          100944 kB
Cached:          1202264 kB
MemTotal:        1844596 kB
MemFree:          126288 kB
MemAvailable:    1409800 kB
Buffers:          100944 kB
Cached:          1202264 kB
MemTotal:        1844596 kB
MemFree:          126372 kB
MemAvailable:    1409884 kB
Buffers:          100944 kB
Cached:          1202264 kB
MemTotal:        1844596 kB
MemFree:          126248 kB
MemAvailable:    1409760 kB
Buffers:          100944 kB
Cached:          1202264 kB
MemTotal:        1844596 kB
MemFree:          126240 kB
MemAvailable:    1409752 kB
Buffers:          100944 kB
Cached:          1202264 kB
MemTotal:        1844596 kB
MemFree:          126240 kB
MemAvailable:    1409752 kB
Buffers:          100944 kB
Cached:          1202264 kB
MemTotal:        1844596 kB
MemFree:          127648 kB
MemAvailable:    1411160 kB
Buffers:          100944 kB
Cached:          1202264 kB
MemTotal:        1844596 kB
MemFree:          125976 kB
MemAvailable:    1409488 kB
Buffers:          100944 kB
Cached:          1202264 kB
MemTotal:        1844596 kB
MemFree:          127588 kB
MemAvailable:    1411100 kB
Buffers:          100944 kB
Cached:          1202264 kB
MemTotal:        1844596 kB
MemFree:          127648 kB
MemAvailable:    1411160 kB
Buffers:          100944 kB
Cached:          1202264 kB
MemTotal:        1844596 kB
MemFree:          123808 kB
MemAvailable:    1407320 kB
Buffers:          100944 kB
Cached:          1202264 kB
MemTotal:        1844596 kB
MemFree:          120888 kB
MemAvailable:    1404400 kB
Buffers:          100944 kB
Cached:          1202264 kB
MemTotal:        1844596 kB
MemFree:          116544 kB
MemAvailable:    1400056 kB
Buffers:          100944 kB
Cached:          1202264 kB
MemTotal:        1844596 kB
MemFree:          111640 kB
MemAvailable:    1395152 kB
Buffers:          100944 kB
Cached:          1202264 kB
MemTotal:        1844596 kB
MemFree:          111532 kB
MemAvailable:    1395044 kB
Buffers:          100944 kB
Cached:          1202264 kB
MemTotal:        1844596 kB
MemFree:          108928 kB
MemAvailable:    1392440 kB
Buffers:          100944 kB
Cached:          1202264 kB
MemTotal:        1844596 kB
MemFree:          108804 kB
MemAvailable:    1392316 kB
Buffers:          100944 kB
Cached:          1202264 kB
MemTotal:        1844596 kB
MemFree:          109856 kB
MemAvailable:    1393368 kB
Buffers:          100944 kB
Cached:          1202264 kB
MemTotal:        1844596 kB
MemFree:          107936 kB
MemAvailable:    1391448 kB
Buffers:          100944 kB
Cached:          1202264 kB
MemTotal:        1844596 kB
MemFree:          108996 kB
MemAvailable:    1392508 kB
Buffers:          100944 kB
Cached:          1202264 kB
MemTotal:        1844596 kB
MemFree:          108680 kB
MemAvailable:    1392192 kB
Buffers:          100944 kB
Cached:          1202264 kB
MemTotal:        1844596 kB
MemFree:          109092 kB
MemAvailable:    1392604 kB
Buffers:          100944 kB
Cached:          1202264 kB
MemTotal:        1844596 kB
MemFree:          107876 kB
MemAvailable:    1391388 kB
Buffers:          100944 kB
Cached:          1202264 kB
MemTotal:        1844596 kB
MemFree:          108764 kB
MemAvailable:    1392276 kB
Buffers:          100944 kB
Cached:          1202264 kB
MemTotal:        1844596 kB
MemFree:          108680 kB
MemAvailable:    1392192 kB
Buffers:          100944 kB
Cached:          1202264 kB
MemTotal:        1844596 kB
MemFree:          107508 kB
MemAvailable:    1391020 kB
Buffers:          100944 kB
Cached:          1202264 kB
MemTotal:        1844596 kB
MemFree:          107508 kB
MemAvailable:    1391020 kB
Buffers:          100944 kB
Cached:          1202264 kB
MemTotal:        1844596 kB
MemFree:          108720 kB
MemAvailable:    1392232 kB
Buffers:          100944 kB
Cached:          1202264 kB
MemTotal:        1844596 kB
MemFree:          108616 kB
MemAvailable:    1392128 kB
Buffers:          100944 kB
Cached:          1202264 kB
MemTotal:        1844596 kB
MemFree:          106572 kB
MemAvailable:    1390084 kB
Buffers:          100944 kB
Cached:          1202264 kB
MemTotal:        1844596 kB
MemFree:          107052 kB
MemAvailable:    1390564 kB
Buffers:          100944 kB
Cached:          1202264 kB
MemTotal:        1844596 kB
MemFree:          107304 kB
MemAvailable:    1390816 kB
Buffers:          100944 kB
Cached:          1202264 kB
MemTotal:        1844596 kB
MemFree:          105208 kB
MemAvailable:    1388720 kB
Buffers:          100944 kB
Cached:          1202264 kB
MemTotal:        1844596 kB
MemFree:          106060 kB
MemAvailable:    1389572 kB
Buffers:          100944 kB
Cached:          1202264 kB
MemTotal:        1844596 kB
MemFree:          106144 kB
MemAvailable:    1389656 kB
Buffers:          100944 kB
Cached:          1202264 kB
MemTotal:        1844596 kB
MemFree:          105208 kB
MemAvailable:    1388720 kB
Buffers:          100944 kB
Cached:          1202264 kB
MemTotal:        1844596 kB
MemFree:          104736 kB
MemAvailable:    1388248 kB
Buffers:          100944 kB
Cached:          1202264 kB
MemTotal:        1844596 kB
MemFree:          103092 kB
MemAvailable:    1386604 kB
Buffers:          100944 kB
Cached:          1202264 kB
MemTotal:        1844596 kB
MemFree:          103092 kB
MemAvailable:    1386604 kB
Buffers:          100944 kB
Cached:          1202264 kB
MemTotal:        1844596 kB
MemFree:          102968 kB
MemAvailable:    1386480 kB
Buffers:          100944 kB
Cached:          1202264 kB
MemTotal:        1844596 kB
MemFree:          102116 kB
MemAvailable:    1385628 kB
Buffers:          100944 kB
Cached:          1202264 kB
MemTotal:        1844596 kB
MemFree:          102844 kB
MemAvailable:    1386364 kB
Buffers:          100944 kB
Cached:          1202272 kB
MemTotal:        1844596 kB
MemFree:          102984 kB
MemAvailable:    1386504 kB
Buffers:          100944 kB
Cached:          1202272 kB
MemTotal:        1844596 kB
MemFree:          102664 kB
MemAvailable:    1386184 kB
Buffers:          100944 kB
Cached:          1202272 kB
MemTotal:        1844596 kB
MemFree:          103000 kB
MemAvailable:    1386520 kB
Buffers:          100944 kB
Cached:          1202272 kB
MemTotal:        1844596 kB
MemFree:          102840 kB
MemAvailable:    1386360 kB
Buffers:          100944 kB
Cached:          1202272 kB
MemTotal:        1844596 kB
MemFree:          101488 kB
MemAvailable:    1385008 kB
Buffers:          100944 kB
Cached:          1202272 kB
MemTotal:        1844596 kB
MemFree:          100496 kB
MemAvailable:    1384016 kB
Buffers:          100944 kB
Cached:          1202272 kB
MemTotal:        1844596 kB
MemFree:          100240 kB
MemAvailable:    1383760 kB
Buffers:          100944 kB
Cached:          1202272 kB
MemTotal:        1844596 kB
MemFree:          101348 kB
MemAvailable:    1384868 kB
Buffers:          100944 kB
Cached:          1202272 kB
MemTotal:        1844596 kB
MemFree:          100372 kB
MemAvailable:    1383892 kB
Buffers:          100944 kB
Cached:          1202272 kB
MemTotal:        1844596 kB
MemFree:          101112 kB
MemAvailable:    1384632 kB
Buffers:          100944 kB
Cached:          1202272 kB
MemTotal:        1844596 kB
MemFree:          101244 kB
MemAvailable:    1384764 kB
Buffers:          100944 kB
Cached:          1202272 kB
MemTotal:        1844596 kB
MemFree:          100068 kB
MemAvailable:    1383588 kB
Buffers:          100944 kB
Cached:          1202272 kB
MemTotal:        1844596 kB
MemFree:           99944 kB
MemAvailable:    1383464 kB
Buffers:          100944 kB
Cached:          1202272 kB
MemTotal:        1844596 kB
MemFree:          100052 kB
MemAvailable:    1383572 kB
Buffers:          100944 kB
Cached:          1202272 kB
MemTotal:        1844596 kB
MemFree:          101164 kB
MemAvailable:    1384684 kB
Buffers:          100944 kB
Cached:          1202272 kB
MemTotal:        1844596 kB
MemFree:          101416 kB
MemAvailable:    1384936 kB
Buffers:          100944 kB
Cached:          1202272 kB
MemTotal:        1844596 kB
MemFree:          101172 kB
MemAvailable:    1384692 kB
Buffers:          100944 kB
Cached:          1202272 kB
MemTotal:        1844596 kB
MemFree:          101424 kB
MemAvailable:    1384944 kB
Buffers:          100944 kB
Cached:          1202272 kB
MemTotal:        1844596 kB
MemFree:          101280 kB
MemAvailable:    1384800 kB
Buffers:          100944 kB
Cached:          1202272 kB
MemTotal:        1844596 kB
MemFree:          101352 kB
MemAvailable:    1384872 kB
Buffers:          100944 kB
Cached:          1202272 kB
MemTotal:        1844596 kB
MemFree:           99856 kB
MemAvailable:    1383376 kB
Buffers:          100944 kB
Cached:          1202272 kB
MemTotal:        1844596 kB
MemFree:          101240 kB
MemAvailable:    1384760 kB
Buffers:          100944 kB
Cached:          1202272 kB
MemTotal:        1844596 kB
MemFree:           99932 kB
MemAvailable:    1383452 kB
Buffers:          100944 kB
Cached:          1202272 kB
MemTotal:        1844596 kB
MemFree:          100100 kB
MemAvailable:    1383620 kB
Buffers:          100944 kB
Cached:          1202272 kB
MemTotal:        1844596 kB
MemFree:           99976 kB
MemAvailable:    1383496 kB
Buffers:          100944 kB
Cached:          1202272 kB
MemTotal:        1844596 kB
MemFree:           99952 kB
MemAvailable:    1383472 kB
Buffers:          100944 kB
Cached:          1202272 kB
MemTotal:        1844596 kB
MemFree:          100112 kB
MemAvailable:    1383632 kB
Buffers:          100944 kB
Cached:          1202272 kB
MemTotal:        1844596 kB
MemFree:          100076 kB
MemAvailable:    1383596 kB
Buffers:          100944 kB
Cached:          1202272 kB
MemTotal:        1844596 kB
MemFree:          101476 kB
MemAvailable:    1384996 kB
Buffers:          100944 kB
Cached:          1202272 kB
MemTotal:        1844596 kB
MemFree:          101312 kB
MemAvailable:    1384832 kB
Buffers:          100944 kB
Cached:          1202272 kB
MemTotal:        1844596 kB
MemFree:          101284 kB
MemAvailable:    1384804 kB
Buffers:          100944 kB
Cached:          1202272 kB
MemTotal:        1844596 kB
MemFree:          100496 kB
MemAvailable:    1384016 kB
Buffers:          100944 kB
Cached:          1202272 kB
MemTotal:        1844596 kB
MemFree:           99960 kB
MemAvailable:    1383480 kB
Buffers:          100944 kB
Cached:          1202272 kB
MemTotal:        1844596 kB
MemFree:          101224 kB
MemAvailable:    1384744 kB
Buffers:          100944 kB
Cached:          1202272 kB
MemTotal:        1844596 kB
MemFree:          101436 kB
MemAvailable:    1384956 kB
Buffers:          100944 kB
Cached:          1202272 kB
MemTotal:        1844596 kB
MemFree:          101352 kB
MemAvailable:    1384872 kB
Buffers:          100944 kB
Cached:          1202272 kB
MemTotal:        1844596 kB
MemFree:          100496 kB
MemAvailable:    1384016 kB
Buffers:          100944 kB
Cached:          1202272 kB
MemTotal:        1844596 kB
MemFree:          101312 kB
MemAvailable:    1384832 kB
Buffers:          100944 kB
Cached:          1202272 kB
MemTotal:        1844596 kB
MemFree:           99984 kB
MemAvailable:    1383504 kB
Buffers:          100944 kB
Cached:          1202272 kB
MemTotal:        1844596 kB
MemFree:          101224 kB
MemAvailable:    1384744 kB
Buffers:          100944 kB
Cached:          1202272 kB
MemTotal:        1844596 kB
MemFree:          101116 kB
MemAvailable:    1384636 kB
Buffers:          100944 kB
Cached:          1202272 kB
MemTotal:        1844596 kB
MemFree:          101280 kB
MemAvailable:    1384800 kB
Buffers:          100944 kB
Cached:          1202272 kB
MemTotal:        1844596 kB
MemFree:          100628 kB
MemAvailable:    1384148 kB
Buffers:          100944 kB
Cached:          1202272 kB
MemTotal:        1844596 kB
MemFree:          101336 kB
MemAvailable:    1384856 kB
Buffers:          100944 kB
Cached:          1202272 kB
MemTotal:        1844596 kB
MemFree:           99876 kB
MemAvailable:    1383396 kB
Buffers:          100944 kB
Cached:          1202272 kB
MemTotal:        1844596 kB
MemFree:          100124 kB
MemAvailable:    1383644 kB
Buffers:          100944 kB
Cached:          1202272 kB
MemTotal:        1844596 kB
MemFree:          100000 kB
MemAvailable:    1383520 kB
Buffers:          100944 kB
Cached:          1202272 kB
MemTotal:        1844596 kB
MemFree:           99936 kB
MemAvailable:    1383456 kB
Buffers:          100944 kB
Cached:          1202272 kB
MemTotal:        1844596 kB
MemFree:           96464 kB
MemAvailable:    1379984 kB
Buffers:          100944 kB
Cached:          1202272 kB
MemTotal:        1844596 kB
MemFree:           95040 kB
MemAvailable:    1378560 kB
Buffers:          100944 kB
Cached:          1202272 kB
MemTotal:        1844596 kB
MemFree:           93056 kB
MemAvailable:    1376576 kB
Buffers:          100944 kB
Cached:          1202272 kB
MemTotal:        1844596 kB
MemFree:           89212 kB
MemAvailable:    1372732 kB
Buffers:          100944 kB
Cached:          1202272 kB
MemTotal:        1844596 kB
MemFree:           86484 kB
MemAvailable:    1370004 kB
Buffers:          100944 kB
Cached:          1202272 kB
MemTotal:        1844596 kB
MemFree:           81872 kB
MemAvailable:    1365392 kB
Buffers:          100944 kB
Cached:          1202272 kB
MemTotal:        1844596 kB
MemFree:           81400 kB
MemAvailable:    1364920 kB
Buffers:          100944 kB
Cached:          1202272 kB
MemTotal:        1844596 kB
MemFree:           80632 kB
MemAvailable:    1364152 kB
Buffers:          100944 kB
Cached:          1202272 kB
MemTotal:        1844596 kB
MemFree:           80764 kB
MemAvailable:    1364284 kB
Buffers:          100944 kB
Cached:          1202272 kB
MemTotal:        1844596 kB
MemFree:           81756 kB
MemAvailable:    1365276 kB
Buffers:          100944 kB
Cached:          1202272 kB
MemTotal:        1844596 kB
MemFree:           80636 kB
MemAvailable:    1364156 kB
Buffers:          100944 kB
Cached:          1202272 kB
MemTotal:        1844596 kB
MemFree:           81920 kB
MemAvailable:    1365440 kB
Buffers:          100944 kB
Cached:          1202272 kB
MemTotal:        1844596 kB
MemFree:           81808 kB
MemAvailable:    1365328 kB
Buffers:          100944 kB
Cached:          1202272 kB
MemTotal:        1844596 kB
MemFree:           81736 kB
MemAvailable:    1365256 kB
Buffers:          100944 kB
Cached:          1202272 kB
MemTotal:        1844596 kB
MemFree:           81284 kB
MemAvailable:    1364804 kB
Buffers:          100944 kB
Cached:          1202272 kB
MemTotal:        1844596 kB
MemFree:           81980 kB
MemAvailable:    1365500 kB
Buffers:          100944 kB
Cached:          1202272 kB
MemTotal:        1844596 kB
MemFree:           81888 kB
MemAvailable:    1365408 kB
Buffers:          100944 kB
Cached:          1202272 kB
MemTotal:        1844596 kB
MemFree:           81724 kB
MemAvailable:    1365244 kB
Buffers:          100944 kB
Cached:          1202272 kB
MemTotal:        1844596 kB
MemFree:           81712 kB
MemAvailable:    1365232 kB
Buffers:          100944 kB
Cached:          1202272 kB
MemTotal:        1844596 kB
MemFree:           81656 kB
MemAvailable:    1365176 kB
Buffers:          100944 kB
Cached:          1202272 kB
MemTotal:        1844596 kB
MemFree:           81260 kB
MemAvailable:    1364780 kB
Buffers:          100944 kB
Cached:          1202272 kB
MemTotal:        1844596 kB
MemFree:           80604 kB
MemAvailable:    1364124 kB
Buffers:          100944 kB
Cached:          1202272 kB
MemTotal:        1844596 kB
MemFree:           81460 kB
MemAvailable:    1364988 kB
Buffers:          100944 kB
Cached:          1202280 kB
MemTotal:        1844596 kB
MemFree:           81412 kB
MemAvailable:    1364940 kB
Buffers:          100944 kB
Cached:          1202280 kB
MemTotal:        1844596 kB
MemFree:           80520 kB
MemAvailable:    1364048 kB
Buffers:          100944 kB
Cached:          1202280 kB
MemTotal:        1844596 kB
MemFree:           81440 kB
MemAvailable:    1364968 kB
Buffers:          100944 kB
Cached:          1202280 kB
MemTotal:        1844596 kB
MemFree:           81536 kB
MemAvailable:    1365064 kB
Buffers:          100944 kB
Cached:          1202280 kB
MemTotal:        1844596 kB
MemFree:           80532 kB
MemAvailable:    1364060 kB
Buffers:          100944 kB
Cached:          1202280 kB
MemTotal:        1844596 kB
MemFree:           80160 kB
MemAvailable:    1363688 kB
Buffers:          100944 kB
Cached:          1202280 kB
MemTotal:        1844596 kB
MemFree:           80516 kB
MemAvailable:    1364044 kB
Buffers:          100944 kB
Cached:          1202280 kB
MemTotal:        1844596 kB
MemFree:           79900 kB
MemAvailable:    1363428 kB
Buffers:          100944 kB
Cached:          1202280 kB
MemTotal:        1844596 kB
MemFree:           80840 kB
MemAvailable:    1364368 kB
Buffers:          100944 kB
Cached:          1202280 kB
MemTotal:        1844596 kB
MemFree:           79468 kB
MemAvailable:    1362996 kB
Buffers:          100944 kB
Cached:          1202280 kB
MemTotal:        1844596 kB
MemFree:           79520 kB
MemAvailable:    1363048 kB
Buffers:          100944 kB
Cached:          1202280 kB
MemTotal:        1844596 kB
MemFree:           73276 kB
MemAvailable:    1356804 kB
Buffers:          100944 kB
Cached:          1202280 kB
MemTotal:        1844596 kB
MemFree:           71152 kB
MemAvailable:    1354680 kB
Buffers:          100944 kB
Cached:          1202280 kB
MemTotal:        1844596 kB
MemFree:           71780 kB
MemAvailable:    1355308 kB
Buffers:          100944 kB
Cached:          1202280 kB
MemTotal:        1844596 kB
MemFree:           70480 kB
MemAvailable:    1354008 kB
Buffers:          100944 kB
Cached:          1202280 kB
MemTotal:        1844596 kB
MemFree:           70480 kB
MemAvailable:    1354008 kB
Buffers:          100944 kB
Cached:          1202280 kB
MemTotal:        1844596 kB
MemFree:           71456 kB
MemAvailable:    1354984 kB
Buffers:          100944 kB
Cached:          1202280 kB
MemTotal:        1844596 kB
MemFree:           70612 kB
MemAvailable:    1354140 kB
Buffers:          100944 kB
Cached:          1202280 kB
MemTotal:        1844596 kB
MemFree:           71396 kB
MemAvailable:    1354924 kB
Buffers:          100944 kB
Cached:          1202280 kB
MemTotal:        1844596 kB
MemFree:           70180 kB
MemAvailable:    1353708 kB
Buffers:          100944 kB
Cached:          1202280 kB
MemTotal:        1844596 kB
MemFree:           71324 kB
MemAvailable:    1354852 kB
Buffers:          100944 kB
Cached:          1202280 kB
MemTotal:        1844596 kB
MemFree:           71232 kB
MemAvailable:    1354760 kB
Buffers:          100944 kB
Cached:          1202280 kB
MemTotal:        1844596 kB
MemFree:           70060 kB
MemAvailable:    1353672 kB
Buffers:          100944 kB
Cached:          1202404 kB
MemTotal:        1844596 kB
MemFree:           69992 kB
MemAvailable:    1353732 kB
Buffers:          100944 kB
Cached:          1202520 kB
MemTotal:        1844596 kB
MemFree:           71044 kB
MemAvailable:    1354952 kB
Buffers:          100944 kB
Cached:          1202644 kB
MemTotal:        1844596 kB
MemFree:           69860 kB
MemAvailable:    1353772 kB
Buffers:          100944 kB
Cached:          1202772 kB
MemTotal:        1844596 kB
MemFree:           70356 kB
MemAvailable:    1354436 kB
Buffers:          100944 kB
Cached:          1202896 kB
MemTotal:        1844596 kB
MemFree:           70656 kB
MemAvailable:    1354736 kB
Buffers:          100944 kB
Cached:          1202896 kB
MemTotal:        1844596 kB
MemFree:           69876 kB
MemAvailable:    1354040 kB
Buffers:          100944 kB
Cached:          1202896 kB
MemTotal:        1844596 kB
MemFree:           70612 kB
MemAvailable:    1354776 kB
Buffers:          100944 kB
Cached:          1202896 kB
MemTotal:        1844596 kB
MemFree:           70548 kB
MemAvailable:    1354712 kB
Buffers:          100944 kB
Cached:          1202896 kB
MemTotal:        1844596 kB
MemFree:           69324 kB
MemAvailable:    1353488 kB
Buffers:          100944 kB
Cached:          1202896 kB
MemTotal:        1844596 kB
MemFree:           70300 kB
MemAvailable:    1354464 kB
Buffers:          100944 kB
Cached:          1202896 kB
MemTotal:        1844596 kB
MemFree:           70444 kB
MemAvailable:    1354608 kB
Buffers:          100944 kB
Cached:          1202896 kB
MemTotal:        1844596 kB
MemFree:           69316 kB
MemAvailable:    1353564 kB
Buffers:          100944 kB
Cached:          1203020 kB
MemTotal:        1844596 kB
MemFree:           69268 kB
MemAvailable:    1352844 kB
Buffers:          100944 kB
Cached:          1202264 kB
MemTotal:        1844596 kB
MemFree:           69824 kB
MemAvailable:    1353400 kB
Buffers:          100944 kB
Cached:          1202264 kB
MemTotal:        1844596 kB
MemFree:          195152 kB
MemAvailable:    1478812 kB
Buffers:          100944 kB
Cached:          1202264 kB
MemTotal:        1844596 kB
MemFree:          262712 kB
MemAvailable:    1546288 kB
Buffers:          100944 kB
Cached:          1202264 kB
