MemTotal:        1844596 kB
MemFree:          266292 kB
MemAvailable:    1541828 kB
Buffers:           95148 kB
Cached:          1205548 kB
MemTotal:        1844596 kB
MemFree:          237520 kB
MemAvailable:    1513064 kB
Buffers:           95148 kB
Cached:          1205552 kB
MemTotal:        1844596 kB
MemFree:          237280 kB
MemAvailable:    1512824 kB
Buffers:           95148 kB
Cached:          1205552 kB
MemTotal:        1844596 kB
MemFree:          235472 kB
MemAvailable:    1511016 kB
Buffers:           95148 kB
Cached:          1205552 kB
MemTotal:        1844596 kB
MemFree:          233868 kB
MemAvailable:    1509412 kB
Buffers:           95148 kB
Cached:          1205552 kB
MemTotal:        1844596 kB
MemFree:          235040 kB
MemAvailable:    1510584 kB
Buffers:           95148 kB
Cached:          1205552 kB
MemTotal:        1844596 kB
MemFree:          234924 kB
MemAvailable:    1510468 kB
Buffers:           95148 kB
Cached:          1205552 kB
MemTotal:        1844596 kB
MemFree:          229824 kB
MemAvailable:    1505368 kB
Buffers:           95148 kB
Cached:          1205552 kB
MemTotal:        1844596 kB
MemFree:          229592 kB
MemAvailable:    1505136 kB
Buffers:           95148 kB
Cached:          1205552 kB
MemTotal:        1844596 kB
MemFree:          225544 kB
MemAvailable:    1501088 kB
Buffers:           95148 kB
Cached:          1205552 kB
MemTotal:        1844596 kB
MemFree:          224256 kB
MemAvailable:    1499800 kB
Buffers:           95148 kB
Cached:          1205552 kB
MemTotal:        1844596 kB
MemFree:          225456 kB
MemAvailable:    1501000 kB
Buffers:           95148 kB
Cached:          1205552 kB
MemTotal:        1844596 kB
MemFree:          225264 kB
MemAvailable:    1500808 kB
Buffers:           95148 kB
Cached:          1205552 kB
MemTotal:        1844596 kB
MemFree:          225600 kB
MemAvailable:    1501144 kB
Buffers:           95148 kB
Cached:          1205552 kB
MemTotal:        1844596 kB
MemFree:          224728 kB
MemAvailable:    1500272 kB
Buffers:           95148 kB
Cached:          1205552 kB
MemTotal:        1844596 kB
MemFree:          225152 kB
MemAvailable:    1500696 kB
Buffers:           95148 kB
Cached:          1205552 kB
MemTotal:        1844596 kB
MemFree:          223844 kB
MemAvailable:    1499388 kB
Buffers:           95148 kB
Cached:          1205552 kB
MemTotal:        1844596 kB
MemFree:          224836 kB
MemAvailable:    1500380 kB
Buffers:           95148 kB
Cached:          1205552 kB
MemTotal:        1844596 kB
MemFree:          224888 kB
MemAvailable:    1500432 kB
Buffers:           95148 kB
Cached:          1205552 kB
MemTotal:        1844596 kB
MemFree:          223608 kB
MemAvailable:    1499152 kB
Buffers:           95148 kB
Cached:          1205552 kB
MemTotal:        1844596 kB
MemFree:          224724 kB
MemAvailable:    1500268 kB
Buffers:           95148 kB
Cached:          1205552 kB
MemTotal:        1844596 kB
MemFree:          223476 kB
MemAvailable:    1499020 kB
Buffers:           95148 kB
Cached:          1205552 kB
MemTotal:        1844596 kB
MemFree:          224216 kB
MemAvailable:    1499760 kB
Buffers:           95148 kB
Cached:          1205552 kB
MemTotal:        1844596 kB
MemFree:          222792 kB
MemAvailable:    1498336 kB
Buffers:           95148 kB
Cached:          1205552 kB
MemTotal:        1844596 kB
MemFree:          223644 kB
MemAvailable:    1499188 kB
Buffers:           95148 kB
Cached:          1205552 kB
MemTotal:        1844596 kB
MemFree:          223728 kB
MemAvailable:    1499272 kB
Buffers:           95148 kB
Cached:          1205552 kB
MemTotal:        1844596 kB
MemFree:          223368 kB
MemAvailable:    1498912 kB
Buffers:           95148 kB
Cached:          1205552 kB
MemTotal:        1844596 kB
MemFree:          223440 kB
MemAvailable:    1498984 kB
Buffers:           95148 kB
Cached:          1205552 kB
MemTotal:        1844596 kB
MemFree:          222996 kB
MemAvailable:    1498540 kB
Buffers:           95148 kB
Cached:          1205552 kB
MemTotal:        1844596 kB
MemFree:          221448 kB
MemAvailable:    1496992 kB
Buffers:           95148 kB
Cached:          1205552 kB
MemTotal:        1844596 kB
MemFree:          222424 kB
MemAvailable:    1497968 kB
Buffers:           95148 kB
Cached:          1205552 kB
MemTotal:        1844596 kB
MemFree:          221680 kB
MemAvailable:    1497224 kB
Buffers:           95148 kB
Cached:          1205552 kB
MemTotal:        1844596 kB
MemFree:          222756 kB
MemAvailable:    1498308 kB
Buffers:           95148 kB
Cached:          1205556 kB
MemTotal:        1844596 kB
MemFree:          222756 kB
MemAvailable:    1498308 kB
Buffers:           95148 kB
Cached:          1205556 kB
MemTotal:        1844596 kB
MemFree:          222312 kB
MemAvailable:    1497864 kB
Buffers:           95148 kB
Cached:          1205556 kB
MemTotal:        1844596 kB
MemFree:          222324 kB
MemAvailable:    1497876 kB
Buffers:           95148 kB
Cached:          1205556 kB
MemTotal:        1844596 kB
MemFree:          223708 kB
MemAvailable:    1499260 kB
Buffers:           95148 kB
Cached:          1205556 kB
MemTotal:        1844596 kB
MemFree:          222940 kB
MemAvailable:    1498492 kB
Buffers:           95148 kB
Cached:          1205556 kB
MemTotal:        1844596 kB
MemFree:          220824 kB
MemAvailable:    1496376 kB
Buffers:           95148 kB
Cached:          1205556 kB
MemTotal:        1844596 kB
MemFree:          220832 kB
MemAvailable:    1496384 kB
Buffers:           95148 kB
Cached:          1205556 kB
MemTotal:        1844596 kB
MemFree:          218212 kB
MemAvailable:    1493764 kB
Buffers:           95148 kB
Cached:          1205556 kB
MemTotal:        1844596 kB
MemFree:          218228 kB
MemAvailable:    1493780 kB
Buffers:           95148 kB
Cached:          1205556 kB
MemTotal:        1844596 kB
MemFree:          216932 kB
MemAvailable:    1492484 kB
Buffers:           95148 kB
Cached:          1205556 kB
MemTotal:        1844596 kB
MemFree:          216932 kB
MemAvailable:    1492484 kB
Buffers:           95148 kB
Cached:          1205556 kB
MemTotal:        1844596 kB
MemFree:          217180 kB
MemAvailable:    1492732 kB
Buffers:           95148 kB
Cached:          1205556 kB
MemTotal:        1844596 kB
MemFree:          218356 kB
MemAvailable:    1493908 kB
Buffers:           95148 kB
Cached:          1205556 kB
MemTotal:        1844596 kB
MemFree:          217900 kB
MemAvailable:    1493452 kB
Buffers:           95152 kB
Cached:          1205552 kB
MemTotal:        1844596 kB
MemFree:          217900 kB
MemAvailable:    1493452 kB
Buffers:           95152 kB
Cached:          1205552 kB
MemTotal:        1844596 kB
MemFree:          216428 kB
MemAvailable:    1491980 kB
Buffers:           95152 kB
Cached:          1205552 kB
MemTotal:        1844596 kB
MemFree:          216728 kB
MemAvailable:    1492280 kB
Buffers:           95152 kB
Cached:          1205552 kB
MemTotal:        1844596 kB
MemFree:          217824 kB
MemAvailable:    1493376 kB
Buffers:           95152 kB
Cached:          1205552 kB
MemTotal:        1844596 kB
MemFree:          217824 kB
MemAvailable:    1493376 kB
Buffers:           95152 kB
Cached:          1205552 kB
MemTotal:        1844596 kB
MemFree:          217896 kB
MemAvailable:    1493448 kB
Buffers:           95152 kB
Cached:          1205552 kB
MemTotal:        1844596 kB
MemFree:          216676 kB
MemAvailable:    1492228 kB
Buffers:           95152 kB
Cached:          1205552 kB
MemTotal:        1844596 kB
MemFree:          212012 kB
MemAvailable:    1487564 kB
Buffers:           95152 kB
Cached:          1205552 kB
MemTotal:        1844596 kB
MemFree:          211656 kB
MemAvailable:    1487208 kB
Buffers:           95152 kB
Cached:          1205552 kB
MemTotal:        1844596 kB
MemFree:          210484 kB
MemAvailable:    1486036 kB
Buffers:           95152 kB
Cached:          1205552 kB
MemTotal:        1844596 kB
MemFree:          211716 kB
MemAvailable:    1487268 kB
Buffers:           95152 kB
Cached:          1205552 kB
MemTotal:        1844596 kB
MemFree:          210284 kB
MemAvailable:    1485836 kB
Buffers:           95152 kB
Cached:          1205552 kB
MemTotal:        1844596 kB
MemFree:          209920 kB
MemAvailable:    1485472 kB
Buffers:           95152 kB
Cached:          1205552 kB
MemTotal:        1844596 kB
MemFree:          208812 kB
MemAvailable:    1484364 kB
Buffers:           95152 kB
Cached:          1205552 kB
MemTotal:        1844596 kB
MemFree:          209276 kB
MemAvailable:    1484828 kB
Buffers:           95152 kB
Cached:          1205552 kB
MemTotal:        1844596 kB
MemFree:          209612 kB
MemAvailable:    1485164 kB
Buffers:           95152 kB
Cached:          1205552 kB
MemTotal:        1844596 kB
MemFree:          209336 kB
MemAvailable:    1484888 kB
Buffers:           95152 kB
Cached:          1205552 kB
MemTotal:        1844596 kB
MemFree:          209212 kB
MemAvailable:    1484764 kB
Buffers:           95152 kB
Cached:          1205552 kB
MemTotal:        1844596 kB
MemFree:          208840 kB
MemAvailable:    1484392 kB
Buffers:           95152 kB
Cached:          1205552 kB
MemTotal:        1844596 kB
MemFree:          208924 kB
MemAvailable:    1484476 kB
Buffers:           95152 kB
Cached:          1205552 kB
MemTotal:        1844596 kB
MemFree:          209040 kB
MemAvailable:    1484592 kB
Buffers:           95152 kB
Cached:          1205552 kB
MemTotal:        1844596 kB
MemFree:          208884 kB
MemAvailable:    1484436 kB
Buffers:           95152 kB
Cached:          1205552 kB
MemTotal:        1844596 kB
MemFree:          208032 kB
MemAvailable:    1483584 kB
Buffers:           95152 kB
Cached:          1205552 kB
MemTotal:        1844596 kB
MemFree:          207652 kB
MemAvailable:    1483204 kB
Buffers:           95152 kB
Cached:          1205552 kB
MemTotal:        1844596 kB
MemFree:          209120 kB
MemAvailable:    1484672 kB
Buffers:           95152 kB
Cached:          1205552 kB
MemTotal:        1844596 kB
MemFree:          209076 kB
MemAvailable:    1484628 kB
Buffers:           95152 kB
Cached:          1205552 kB
MemTotal:        1844596 kB
MemFree:          207900 kB
MemAvailable:    1483452 kB
Buffers:           95152 kB
Cached:          1205552 kB
MemTotal:        1844596 kB
MemFree:          208788 kB
MemAvailable:    1484340 kB
Buffers:           95152 kB
Cached:          1205552 kB
MemTotal:        1844596 kB
MemFree:          208872 kB
MemAvailable:    1484424 kB
Buffers:           95152 kB
Cached:          1205552 kB
MemTotal:        1844596 kB
MemFree:          207552 kB
MemAvailable:    1483104 kB
Buffers:           95152 kB
Cached:          1205552 kB
MemTotal:        1844596 kB
MemFree:          208480 kB
MemAvailable:    1484032 kB
Buffers:           95152 kB
Cached:          1205552 kB
MemTotal:        1844596 kB
MemFree:          208556 kB
MemAvailable:    1484108 kB
Buffers:           95152 kB
Cached:          1205552 kB
MemTotal:        1844596 kB
MemFree:          206944 kB
MemAvailable:    1482496 kB
Buffers:           95152 kB
Cached:          1205552 kB
MemTotal:        1844596 kB
MemFree:          203904 kB
MemAvailable:    1479456 kB
Buffers:           95152 kB
Cached:          1205552 kB
MemTotal:        1844596 kB
MemFree:          201240 kB
MemAvailable:    1476792 kB
Buffers:           95152 kB
Cached:          1205552 kB
MemTotal:        1844596 kB
MemFree:          199504 kB
MemAvailable:    1475056 kB
Buffers:           95152 kB
Cached:          1205552 kB
MemTotal:        1844596 kB
MemFree:          199272 kB
MemAvailable:    1474832 kB
Buffers:           95152 kB
Cached:          1205560 kB
MemTotal:        1844596 kB
MemFree:          200372 kB
MemAvailable:    1475932 kB
Buffers:           95152 kB
Cached:          1205560 kB
MemTotal:        1844596 kB
MemFree:          199644 kB
MemAvailable:    1475204 kB
Buffers:           95152 kB
Cached:          1205560 kB
MemTotal:        1844596 kB
MemFree:          200260 kB
MemAvailable:    1475820 kB
Buffers:           95152 kB
Cached:          1205560 kB
MemTotal:        1844596 kB
MemFree:          198960 kB
MemAvailable:    1474520 kB
Buffers:           95152 kB
Cached:          1205560 kB
MemTotal:        1844596 kB
MemFree:          200260 kB
MemAvailable:    1475820 kB
Buffers:           95152 kB
Cached:          1205560 kB
MemTotal:        1844596 kB
MemFree:          198828 kB
MemAvailable:    1474388 kB
Buffers:           95152 kB
Cached:          1205560 kB
MemTotal:        1844596 kB
MemFree:          199972 kB
MemAvailable:    1475532 kB
Buffers:           95152 kB
Cached:          1205560 kB
MemTotal:        1844596 kB
MemFree:          200140 kB
MemAvailable:    1475700 kB
Buffers:           95152 kB
Cached:          1205560 kB
MemTotal:        1844596 kB
MemFree:          198712 kB
MemAvailable:    1474272 kB
Buffers:           95152 kB
Cached:          1205560 kB
MemTotal:        1844596 kB
MemFree:          198844 kB
MemAvailable:    1474404 kB
Buffers:           95152 kB
Cached:          1205560 kB
MemTotal:        1844596 kB
MemFree:          200248 kB
MemAvailable:    1475808 kB
Buffers:           95152 kB
Cached:          1205560 kB
MemTotal:        1844596 kB
MemFree:          200196 kB
MemAvailable:    1475756 kB
Buffers:           95152 kB
Cached:          1205560 kB
MemTotal:        1844596 kB
MemFree:          199936 kB
MemAvailable:    1475496 kB
Buffers:           95152 kB
Cached:          1205560 kB
MemTotal:        1844596 kB
MemFree:          200016 kB
MemAvailable:    1475576 kB
Buffers:           95152 kB
Cached:          1205560 kB
MemTotal:        1844596 kB
MemFree:          200056 kB
MemAvailable:    1475616 kB
Buffers:           95152 kB
Cached:          1205560 kB
MemTotal:        1844596 kB
MemFree:          199404 kB
MemAvailable:    1474964 kB
Buffers:           95152 kB
Cached:          1205560 kB
MemTotal:        1844596 kB
MemFree:          199876 kB
MemAvailable:    1475436 kB
Buffers:           95152 kB
Cached:          1205560 kB
MemTotal:        1844596 kB
MemFree:          199604 kB
MemAvailable:    1475164 kB
Buffers:           95152 kB
Cached:          1205560 kB
MemTotal:        1844596 kB
MemFree:          198808 kB
MemAvailable:    1474368 kB
Buffers:           95152 kB
Cached:          1205560 kB
MemTotal:        1844596 kB
MemFree:          200276 kB
MemAvailable:    1475836 kB
Buffers:           95152 kB
Cached:          1205560 kB
MemTotal:        1844596 kB
MemFree:          200108 kB
MemAvailable:    1475668 kB
Buffers:           95152 kB
Cached:          1205560 kB
MemTotal:        1844596 kB
MemFree:          198932 kB
MemAvailable:    1474492 kB
Buffers:           95152 kB
Cached:          1205560 kB
MemTotal:        1844596 kB
MemFree:          200100 kB
MemAvailable:    1475660 kB
Buffers:           95152 kB
Cached:          1205560 kB
MemTotal:        1844596 kB
MemFree:          198912 kB
MemAvailable:    1474472 kB
Buffers:           95152 kB
Cached:          1205560 kB
MemTotal:        1844596 kB
MemFree:          196700 kB
MemAvailable:    1472260 kB
Buffers:           95152 kB
Cached:          1205560 kB
MemTotal:        1844596 kB
MemFree:          191368 kB
MemAvailable:    1466928 kB
Buffers:           95152 kB
Cached:          1205560 kB
MemTotal:        1844596 kB
MemFree:          190252 kB
MemAvailable:    1465812 kB
Buffers:           95152 kB
Cached:          1205560 kB
MemTotal:        1844596 kB
MemFree:          190004 kB
MemAvailable:    1465564 kB
Buffers:           95152 kB
Cached:          1205560 kB
MemTotal:        1844596 kB
MemFree:          189756 kB
MemAvailable:    1465316 kB
Buffers:           95152 kB
Cached:          1205560 kB
MemTotal:        1844596 kB
MemFree:          189136 kB
MemAvailable:    1464696 kB
Buffers:           95152 kB
Cached:          1205560 kB
MemTotal:        1844596 kB
MemFree:          189384 kB
MemAvailable:    1464944 kB
Buffers:           95152 kB
Cached:          1205560 kB
MemTotal:        1844596 kB
MemFree:          189252 kB
MemAvailable:    1464812 kB
Buffers:           95152 kB
Cached:          1205560 kB
MemTotal:        1844596 kB
MemFree:          187276 kB
MemAvailable:    1462836 kB
Buffers:           95152 kB
Cached:          1205560 kB
MemTotal:        1844596 kB
MemFree:          188444 kB
MemAvailable:    1464004 kB
Buffers:           95152 kB
Cached:          1205560 kB
MemTotal:        1844596 kB
MemFree:          187268 kB
MemAvailable:    1462828 kB
Buffers:           95152 kB
Cached:          1205560 kB
MemTotal:        1844596 kB
MemFree:          188312 kB
MemAvailable:    1463872 kB
Buffers:           95152 kB
Cached:          1205560 kB
MemTotal:        1844596 kB
MemFree:          188272 kB
MemAvailable:    1463832 kB
Buffers:           95152 kB
Cached:          1205560 kB
MemTotal:        1844596 kB
MemFree:          188192 kB
MemAvailable:    1463752 kB
Buffers:           95152 kB
Cached:          1205560 kB
MemTotal:        1844596 kB
MemFree:          188268 kB
MemAvailable:    1463828 kB
Buffers:           95152 kB
Cached:          1205560 kB
MemTotal:        1844596 kB
MemFree:          187012 kB
MemAvailable:    1462572 kB
Buffers:           95152 kB
Cached:          1205560 kB
MemTotal:        1844596 kB
MemFree:          187220 kB
MemAvailable:    1462780 kB
Buffers:           95152 kB
Cached:          1205560 kB
MemTotal:        1844596 kB
MemFree:          187132 kB
MemAvailable:    1462692 kB
Buffers:           95152 kB
Cached:          1205560 kB
MemTotal:        1844596 kB
MemFree:          187132 kB
MemAvailable:    1462692 kB
Buffers:           95152 kB
Cached:          1205560 kB
MemTotal:        1844596 kB
MemFree:          187248 kB
MemAvailable:    1462808 kB
Buffers:           95152 kB
Cached:          1205560 kB
MemTotal:        1844596 kB
MemFree:          188240 kB
MemAvailable:    1463800 kB
Buffers:           95152 kB
Cached:          1205560 kB
MemTotal:        1844596 kB
MemFree:          188316 kB
MemAvailable:    1463876 kB
Buffers:           95152 kB
Cached:          1205560 kB
MemTotal:        1844596 kB
MemFree:          188308 kB
MemAvailable:    1463868 kB
Buffers:           95152 kB
Cached:          1205560 kB
MemTotal:        1844596 kB
MemFree:          187120 kB
MemAvailable:    1462680 kB
Buffers:           95152 kB
Cached:          1205560 kB
MemTotal:        1844596 kB
MemFree:          186948 kB
MemAvailable:    1462508 kB
Buffers:           95152 kB
Cached:          1205560 kB
MemTotal:        1844596 kB
MemFree:          186904 kB
MemAvailable:    1462464 kB
Buffers:           95152 kB
Cached:          1205560 kB
MemTotal:        1844596 kB
MemFree:          188204 kB
MemAvailable:    1463764 kB
Buffers:           95152 kB
Cached:          1205560 kB
MemTotal:        1844596 kB
MemFree:          187152 kB
MemAvailable:    1462712 kB
Buffers:           95152 kB
Cached:          1205560 kB
MemTotal:        1844596 kB
MemFree:          187152 kB
MemAvailable:    1462712 kB
Buffers:           95152 kB
Cached:          1205560 kB
MemTotal:        1844596 kB
MemFree:          188328 kB
MemAvailable:    1463888 kB
Buffers:           95152 kB
Cached:          1205560 kB
MemTotal:        1844596 kB
MemFree:          188392 kB
MemAvailable:    1463952 kB
Buffers:           95152 kB
Cached:          1205560 kB
MemTotal:        1844596 kB
MemFree:          186980 kB
MemAvailable:    1462540 kB
Buffers:           95152 kB
Cached:          1205560 kB
MemTotal:        1844596 kB
MemFree:          187016 kB
MemAvailable:    1462576 kB
Buffers:           95152 kB
Cached:          1205560 kB
MemTotal:        1844596 kB
MemFree:          186968 kB
MemAvailable:    1462528 kB
Buffers:           95152 kB
Cached:          1205560 kB
MemTotal:        1844596 kB
MemFree:          188332 kB
MemAvailable:    1463892 kB
Buffers:           95152 kB
Cached:          1205560 kB
MemTotal:        1844596 kB
MemFree:          187136 kB
MemAvailable:    1462696 kB
Buffers:           95152 kB
Cached:          1205560 kB
MemTotal:        1844596 kB
MemFree:          187088 kB
MemAvailable:    1462648 kB
Buffers:           95152 kB
Cached:          1205560 kB
MemTotal:        1844596 kB
MemFree:          186876 kB
MemAvailable:    1462436 kB
Buffers:           95152 kB
Cached:          1205560 kB
MemTotal:        1844596 kB
MemFree:          188060 kB
MemAvailable:    1463620 kB
Buffers:           95152 kB
Cached:          1205560 kB
MemTotal:        1844596 kB
MemFree:          187772 kB
MemAvailable:    1463332 kB
Buffers:           95152 kB
Cached:          1205560 kB
MemTotal:        1844596 kB
MemFree:          188208 kB
MemAvailable:    1463768 kB
Buffers:           95152 kB
Cached:          1205560 kB
MemTotal:        1844596 kB
MemFree:          187904 kB
MemAvailable:    1463464 kB
Buffers:           95152 kB
Cached:          1205560 kB
MemTotal:        1844596 kB
MemFree:          188148 kB
MemAvailable:    1463708 kB
Buffers:           95152 kB
Cached:          1205560 kB
MemTotal:        1844596 kB
MemFree:          187276 kB
MemAvailable:    1462840 kB
Buffers:           95152 kB
Cached:          1205564 kB
MemTotal:        1844596 kB
MemFree:          188384 kB
MemAvailable:    1463948 kB
Buffers:           95152 kB
Cached:          1205564 kB
MemTotal:        1844596 kB
MemFree:          188176 kB
MemAvailable:    1463748 kB
Buffers:           95152 kB
Cached:          1205572 kB
MemTotal:        1844596 kB
MemFree:          188176 kB
MemAvailable:    1463748 kB
Buffers:           95152 kB
Cached:          1205572 kB
MemTotal:        1844596 kB
MemFree:          188152 kB
MemAvailable:    1463724 kB
Buffers:           95152 kB
Cached:          1205572 kB
MemTotal:        1844596 kB
MemFree:          188272 kB
MemAvailable:    1463844 kB
Buffers:           95152 kB
Cached:          1205572 kB
MemTotal:        1844596 kB
MemFree:          188392 kB
MemAvailable:    1463964 kB
Buffers:           95152 kB
Cached:          1205572 kB
MemTotal:        1844596 kB
MemFree:          186748 kB
MemAvailable:    1462320 kB
Buffers:           95152 kB
Cached:          1205572 kB
MemTotal:        1844596 kB
MemFree:          187988 kB
MemAvailable:    1463560 kB
Buffers:           95152 kB
Cached:          1205572 kB
MemTotal:        1844596 kB
MemFree:          187892 kB
MemAvailable:    1463464 kB
Buffers:           95152 kB
Cached:          1205572 kB
MemTotal:        1844596 kB
MemFree:          188144 kB
MemAvailable:    1463716 kB
Buffers:           95152 kB
Cached:          1205572 kB
MemTotal:        1844596 kB
MemFree:          186648 kB
MemAvailable:    1462220 kB
Buffers:           95152 kB
Cached:          1205572 kB
MemTotal:        1844596 kB
MemFree:          187756 kB
MemAvailable:    1463328 kB
Buffers:           95152 kB
Cached:          1205572 kB
MemTotal:        1844596 kB
MemFree:          188008 kB
MemAvailable:    1463580 kB
Buffers:           95152 kB
Cached:          1205572 kB
MemTotal:        1844596 kB
MemFree:          187788 kB
MemAvailable:    1463360 kB
Buffers:           95152 kB
Cached:          1205572 kB
MemTotal:        1844596 kB
MemFree:          187720 kB
MemAvailable:    1463292 kB
Buffers:           95152 kB
Cached:          1205572 kB
MemTotal:        1844596 kB
MemFree:          186400 kB
MemAvailable:    1461972 kB
Buffers:           95152 kB
Cached:          1205572 kB
MemTotal:        1844596 kB
MemFree:          187628 kB
MemAvailable:    1463200 kB
Buffers:           95152 kB
Cached:          1205572 kB
MemTotal:        1844596 kB
MemFree:          187880 kB
MemAvailable:    1463452 kB
Buffers:           95152 kB
Cached:          1205572 kB
MemTotal:        1844596 kB
MemFree:          186652 kB
MemAvailable:    1462224 kB
Buffers:           95152 kB
Cached:          1205572 kB
MemTotal:        1844596 kB
MemFree:          187380 kB
MemAvailable:    1462952 kB
Buffers:           95152 kB
Cached:          1205572 kB
MemTotal:        1844596 kB
MemFree:          186784 kB
MemAvailable:    1462356 kB
Buffers:           95152 kB
Cached:          1205572 kB
MemTotal:        1844596 kB
MemFree:          187128 kB
MemAvailable:    1462700 kB
Buffers:           95152 kB
Cached:          1205572 kB
MemTotal:        1844596 kB
MemFree:          187464 kB
MemAvailable:    1463036 kB
Buffers:           95152 kB
Cached:          1205572 kB
MemTotal:        1844596 kB
MemFree:          185980 kB
MemAvailable:    1461552 kB
Buffers:           95152 kB
Cached:          1205572 kB
MemTotal:        1844596 kB
MemFree:          187080 kB
MemAvailable:    1462652 kB
Buffers:           95152 kB
Cached:          1205572 kB
MemTotal:        1844596 kB
MemFree:          186104 kB
MemAvailable:    1461676 kB
Buffers:           95152 kB
Cached:          1205572 kB
MemTotal:        1844596 kB
MemFree:          187440 kB
MemAvailable:    1463012 kB
Buffers:           95152 kB
Cached:          1205572 kB
MemTotal:        1844596 kB
MemFree:          186008 kB
MemAvailable:    1461580 kB
Buffers:           95152 kB
Cached:          1205572 kB
MemTotal:        1844596 kB
MemFree:          187124 kB
MemAvailable:    1462696 kB
Buffers:           95152 kB
Cached:          1205572 kB
MemTotal:        1844596 kB
MemFree:          185968 kB
MemAvailable:    1461540 kB
Buffers:           95152 kB
Cached:          1205572 kB
MemTotal:        1844596 kB
MemFree:          187208 kB
MemAvailable:    1462780 kB
Buffers:           95152 kB
Cached:          1205572 kB
MemTotal:        1844596 kB
MemFree:          185992 kB
MemAvailable:    1461564 kB
Buffers:           95152 kB
Cached:          1205572 kB
MemTotal:        1844596 kB
MemFree:          185780 kB
MemAvailable:    1461352 kB
Buffers:           95152 kB
Cached:          1205572 kB
MemTotal:        1844596 kB
MemFree:          184776 kB
MemAvailable:    1460348 kB
Buffers:           95152 kB
Cached:          1205572 kB
MemTotal:        1844596 kB
MemFree:          184428 kB
MemAvailable:    1460000 kB
Buffers:           95152 kB
Cached:          1205572 kB
MemTotal:        1844596 kB
MemFree:          179080 kB
MemAvailable:    1454652 kB
Buffers:           95152 kB
Cached:          1205572 kB
MemTotal:        1844596 kB
MemFree:          178600 kB
MemAvailable:    1454172 kB
Buffers:           95152 kB
Cached:          1205572 kB
MemTotal:        1844596 kB
MemFree:          176724 kB
MemAvailable:    1452296 kB
Buffers:           95152 kB
Cached:          1205572 kB
MemTotal:        1844596 kB
MemFree:          176244 kB
MemAvailable:    1451816 kB
Buffers:           95152 kB
Cached:          1205572 kB
MemTotal:        1844596 kB
MemFree:          176464 kB
MemAvailable:    1452036 kB
Buffers:           95152 kB
Cached:          1205572 kB
MemTotal:        1844596 kB
MemFree:          175996 kB
MemAvailable:    1451568 kB
Buffers:           95152 kB
Cached:          1205572 kB
MemTotal:        1844596 kB
MemFree:          176232 kB
MemAvailable:    1451804 kB
Buffers:           95152 kB
Cached:          1205572 kB
MemTotal:        1844596 kB
MemFree:          175252 kB
MemAvailable:    1450824 kB
Buffers:           95152 kB
Cached:          1205572 kB
MemTotal:        1844596 kB
MemFree:          176128 kB
MemAvailable:    1451704 kB
Buffers:           95152 kB
Cached:          1205576 kB
MemTotal:        1844596 kB
MemFree:          176072 kB
MemAvailable:    1451648 kB
Buffers:           95152 kB
Cached:          1205576 kB
MemTotal:        1844596 kB
MemFree:          174640 kB
MemAvailable:    1450216 kB
Buffers:           95152 kB
Cached:          1205576 kB
MemTotal:        1844596 kB
MemFree:          175444 kB
MemAvailable:    1451020 kB
Buffers:           95152 kB
Cached:          1205576 kB
MemTotal:        1844596 kB
MemFree:          174756 kB
MemAvailable:    1450332 kB
Buffers:           95152 kB
Cached:          1205576 kB
MemTotal:        1844596 kB
MemFree:          173948 kB
MemAvailable:    1449524 kB
Buffers:           95152 kB
Cached:          1205576 kB
MemTotal:        1844596 kB
MemFree:          174056 kB
MemAvailable:    1449632 kB
Buffers:           95152 kB
Cached:          1205576 kB
MemTotal:        1844596 kB
MemFree:          174204 kB
MemAvailable:    1449780 kB
Buffers:           95152 kB
Cached:          1205576 kB
MemTotal:        1844596 kB
MemFree:          174080 kB
MemAvailable:    1449656 kB
Buffers:           95152 kB
Cached:          1205576 kB
MemTotal:        1844596 kB
MemFree:          172896 kB
MemAvailable:    1448472 kB
Buffers:           95152 kB
Cached:          1205576 kB
MemTotal:        1844596 kB
MemFree:          173756 kB
MemAvailable:    1449332 kB
Buffers:           95152 kB
Cached:          1205576 kB
MemTotal:        1844596 kB
MemFree:          173744 kB
MemAvailable:    1449320 kB
Buffers:           95152 kB
Cached:          1205576 kB
MemTotal:        1844596 kB
MemFree:          172904 kB
MemAvailable:    1448480 kB
Buffers:           95152 kB
Cached:          1205576 kB
MemTotal:        1844596 kB
MemFree:          172724 kB
MemAvailable:    1448300 kB
Buffers:           95152 kB
Cached:          1205576 kB
MemTotal:        1844596 kB
MemFree:          173592 kB
MemAvailable:    1449168 kB
Buffers:           95152 kB
Cached:          1205576 kB
MemTotal:        1844596 kB
MemFree:          172596 kB
MemAvailable:    1448172 kB
Buffers:           95152 kB
Cached:          1205576 kB
MemTotal:        1844596 kB
MemFree:          173572 kB
MemAvailable:    1449148 kB
Buffers:           95152 kB
Cached:          1205576 kB
MemTotal:        1844596 kB
MemFree:          173648 kB
MemAvailable:    1449224 kB
Buffers:           95152 kB
Cached:          1205576 kB
MemTotal:        1844596 kB
MemFree:          173812 kB
MemAvailable:    1449388 kB
Buffers:           95152 kB
Cached:          1205576 kB
MemTotal:        1844596 kB
MemFree:          172912 kB
MemAvailable:    1448488 kB
Buffers:           95152 kB
Cached:          1205576 kB
MemTotal:        1844596 kB
MemFree:          173508 kB
MemAvailable:    1449084 kB
Buffers:           95152 kB
Cached:          1205576 kB
MemTotal:        1844596 kB
MemFree:          173408 kB
MemAvailable:    1448984 kB
Buffers:           95152 kB
Cached:          1205576 kB
MemTotal:        1844596 kB
MemFree:          172840 kB
MemAvailable:    1448416 kB
Buffers:           95152 kB
Cached:          1205576 kB
MemTotal:        1844596 kB
MemFree:          171408 kB
MemAvailable:    1446984 kB
Buffers:           95152 kB
Cached:          1205576 kB
MemTotal:        1844596 kB
MemFree:          171044 kB
MemAvailable:    1446620 kB
Buffers:           95152 kB
Cached:          1205576 kB
MemTotal:        1844596 kB
MemFree:          171788 kB
MemAvailable:    1447364 kB
Buffers:           95152 kB
Cached:          1205576 kB
MemTotal:        1844596 kB
MemFree:          170680 kB
MemAvailable:    1446256 kB
Buffers:           95152 kB
Cached:          1205576 kB
MemTotal:        1844596 kB
MemFree:          170176 kB
MemAvailable:    1445756 kB
Buffers:           95152 kB
Cached:          1205580 kB
MemTotal:        1844596 kB
MemFree:          169928 kB
MemAvailable:    1445508 kB
Buffers:           95152 kB
Cached:          1205580 kB
MemTotal:        1844596 kB
MemFree:          170972 kB
MemAvailable:    1446552 kB
Buffers:           95152 kB
Cached:          1205580 kB
MemTotal:        1844596 kB
MemFree:          170904 kB
MemAvailable:    1446484 kB
Buffers:           95152 kB
Cached:          1205580 kB
MemTotal:        1844596 kB
MemFree:          168192 kB
MemAvailable:    1443772 kB
Buffers:           95152 kB
Cached:          1205580 kB
MemTotal:        1844596 kB
MemFree:          169424 kB
MemAvailable:    1445004 kB
Buffers:           95152 kB
Cached:          1205580 kB
MemTotal:        1844596 kB
MemFree:          168820 kB
MemAvailable:    1444400 kB
Buffers:           95152 kB
Cached:          1205580 kB
MemTotal:        1844596 kB
MemFree:          168804 kB
MemAvailable:    1444384 kB
Buffers:           95152 kB
Cached:          1205580 kB
MemTotal:        1844596 kB
MemFree:          168696 kB
MemAvailable:    1444276 kB
Buffers:           95152 kB
Cached:          1205580 kB
MemTotal:        1844596 kB
MemFree:          167688 kB
MemAvailable:    1443268 kB
Buffers:           95152 kB
Cached:          1205580 kB
MemTotal:        1844596 kB
MemFree:          168692 kB
MemAvailable:    1444272 kB
Buffers:           95152 kB
Cached:          1205580 kB
MemTotal:        1844596 kB
MemFree:          167384 kB
MemAvailable:    1442964 kB
Buffers:           95152 kB
Cached:          1205580 kB
MemTotal:        1844596 kB
MemFree:          168568 kB
MemAvailable:    1444148 kB
Buffers:           95152 kB
Cached:          1205580 kB
MemTotal:        1844596 kB
MemFree:          167392 kB
MemAvailable:    1442972 kB
Buffers:           95152 kB
Cached:          1205580 kB
MemTotal:        1844596 kB
MemFree:          168860 kB
MemAvailable:    1444440 kB
Buffers:           95152 kB
Cached:          1205580 kB
MemTotal:        1844596 kB
MemFree:          168612 kB
MemAvailable:    1444192 kB
Buffers:           95152 kB
Cached:          1205580 kB
MemTotal:        1844596 kB
MemFree:          168780 kB
MemAvailable:    1444360 kB
Buffers:           95152 kB
Cached:          1205580 kB
MemTotal:        1844596 kB
MemFree:          168716 kB
MemAvailable:    1444296 kB
Buffers:           95152 kB
Cached:          1205580 kB
MemTotal:        1844596 kB
MemFree:          168376 kB
MemAvailable:    1443956 kB
Buffers:           95152 kB
Cached:          1205580 kB
MemTotal:        1844596 kB
MemFree:          168432 kB
MemAvailable:    1444012 kB
Buffers:           95152 kB
Cached:          1205580 kB
MemTotal:        1844596 kB
MemFree:          168484 kB
MemAvailable:    1444064 kB
Buffers:           95152 kB
Cached:          1205580 kB
MemTotal:        1844596 kB
MemFree:          167288 kB
MemAvailable:    1442868 kB
Buffers:           95152 kB
Cached:          1205580 kB
MemTotal:        1844596 kB
MemFree:          167032 kB
MemAvailable:    1442612 kB
Buffers:           95152 kB
Cached:          1205580 kB
MemTotal:        1844596 kB
MemFree:          167324 kB
MemAvailable:    1442904 kB
Buffers:           95152 kB
Cached:          1205580 kB
MemTotal:        1844596 kB
MemFree:          168632 kB
MemAvailable:    1444212 kB
Buffers:           95152 kB
Cached:          1205580 kB
MemTotal:        1844596 kB
MemFree:          168508 kB
MemAvailable:    1444088 kB
Buffers:           95152 kB
Cached:          1205580 kB
MemTotal:        1844596 kB
MemFree:          167188 kB
MemAvailable:    1442768 kB
Buffers:           95152 kB
Cached:          1205580 kB
MemTotal:        1844596 kB
MemFree:          168512 kB
MemAvailable:    1444092 kB
Buffers:           95152 kB
Cached:          1205580 kB
MemTotal:        1844596 kB
MemFree:          167696 kB
MemAvailable:    1443276 kB
Buffers:           95152 kB
Cached:          1205580 kB
MemTotal:        1844596 kB
MemFree:          168480 kB
MemAvailable:    1444060 kB
Buffers:           95152 kB
Cached:          1205580 kB
MemTotal:        1844596 kB
MemFree:          168412 kB
MemAvailable:    1443992 kB
Buffers:           95152 kB
Cached:          1205580 kB
MemTotal:        1844596 kB
MemFree:          168648 kB
MemAvailable:    1444228 kB
Buffers:           95152 kB
Cached:          1205580 kB
MemTotal:        1844596 kB
MemFree:          168432 kB
MemAvailable:    1444012 kB
Buffers:           95152 kB
Cached:          1205580 kB
MemTotal:        1844596 kB
MemFree:          168684 kB
MemAvailable:    1444264 kB
Buffers:           95152 kB
Cached:          1205580 kB
MemTotal:        1844596 kB
MemFree:          167192 kB
MemAvailable:    1442772 kB
Buffers:           95152 kB
Cached:          1205580 kB
MemTotal:        1844596 kB
MemFree:          167192 kB
MemAvailable:    1442772 kB
Buffers:           95152 kB
Cached:          1205580 kB
MemTotal:        1844596 kB
MemFree:          166872 kB
MemAvailable:    1442452 kB
Buffers:           95152 kB
Cached:          1205580 kB
MemTotal:        1844596 kB
MemFree:          164844 kB
MemAvailable:    1440424 kB
Buffers:           95152 kB
Cached:          1205580 kB
MemTotal:        1844596 kB
MemFree:          163232 kB
MemAvailable:    1438812 kB
Buffers:           95152 kB
Cached:          1205580 kB
MemTotal:        1844596 kB
MemFree:          160928 kB
MemAvailable:    1436508 kB
Buffers:           95152 kB
Cached:          1205580 kB
MemTotal:        1844596 kB
MemFree:          159768 kB
MemAvailable:    1435348 kB
Buffers:           95152 kB
Cached:          1205580 kB
MemTotal:        1844596 kB
MemFree:          154304 kB
MemAvailable:    1429884 kB
Buffers:           95152 kB
Cached:          1205580 kB
MemTotal:        1844596 kB
MemFree:          151140 kB
MemAvailable:    1426720 kB
Buffers:           95152 kB
Cached:          1205580 kB
MemTotal:        1844596 kB
MemFree:          150840 kB
MemAvailable:    1426420 kB
Buffers:           95152 kB
Cached:          1205580 kB
MemTotal:        1844596 kB
MemFree:          148848 kB
MemAvailable:    1424428 kB
Buffers:           95152 kB
Cached:          1205580 kB
MemTotal:        1844596 kB
MemFree:          148972 kB
MemAvailable:    1424552 kB
Buffers:           95152 kB
Cached:          1205580 kB
MemTotal:        1844596 kB
MemFree:          149668 kB
MemAvailable:    1425248 kB
Buffers:           95152 kB
Cached:          1205580 kB
MemTotal:        1844596 kB
MemFree:          149724 kB
MemAvailable:    1425304 kB
Buffers:           95152 kB
Cached:          1205580 kB
MemTotal:        1844596 kB
MemFree:          149512 kB
MemAvailable:    1425092 kB
Buffers:           95152 kB
Cached:          1205580 kB
MemTotal:        1844596 kB
MemFree:          149644 kB
MemAvailable:    1425224 kB
Buffers:           95152 kB
Cached:          1205580 kB
MemTotal:        1844596 kB
MemFree:          148476 kB
MemAvailable:    1424056 kB
Buffers:           95152 kB
Cached:          1205580 kB
MemTotal:        1844596 kB
MemFree:          149288 kB
MemAvailable:    1424872 kB
Buffers:           95152 kB
Cached:          1205584 kB
MemTotal:        1844596 kB
MemFree:          149344 kB
MemAvailable:    1424928 kB
Buffers:           95152 kB
Cached:          1205584 kB
MemTotal:        1844596 kB
MemFree:          149288 kB
MemAvailable:    1424872 kB
Buffers:           95152 kB
Cached:          1205584 kB
MemTotal:        1844596 kB
MemFree:          148908 kB
MemAvailable:    1424492 kB
Buffers:           95152 kB
Cached:          1205584 kB
MemTotal:        1844596 kB
MemFree:          147476 kB
MemAvailable:    1423060 kB
Buffers:           95152 kB
Cached:          1205584 kB
MemTotal:        1844596 kB
MemFree:          147472 kB
MemAvailable:    1423056 kB
Buffers:           95152 kB
Cached:          1205584 kB
MemTotal:        1844596 kB
MemFree:          147588 kB
MemAvailable:    1423172 kB
Buffers:           95152 kB
Cached:          1205584 kB
MemTotal:        1844596 kB
MemFree:          148832 kB
MemAvailable:    1424416 kB
Buffers:           95152 kB
Cached:          1205584 kB
MemTotal:        1844596 kB
MemFree:          148780 kB
MemAvailable:    1424364 kB
Buffers:           95152 kB
Cached:          1205584 kB
MemTotal:        1844596 kB
MemFree:          148588 kB
MemAvailable:    1424172 kB
Buffers:           95152 kB
Cached:          1205584 kB
MemTotal:        1844596 kB
MemFree:          148632 kB
MemAvailable:    1424216 kB
Buffers:           95152 kB
Cached:          1205584 kB
MemTotal:        1844596 kB
MemFree:          148584 kB
MemAvailable:    1424168 kB
Buffers:           95152 kB
Cached:          1205584 kB
MemTotal:        1844596 kB
MemFree:          147528 kB
MemAvailable:    1423112 kB
Buffers:           95152 kB
Cached:          1205584 kB
MemTotal:        1844596 kB
MemFree:          148832 kB
MemAvailable:    1424416 kB
Buffers:           95152 kB
Cached:          1205584 kB
MemTotal:        1844596 kB
MemFree:          148684 kB
MemAvailable:    1424268 kB
Buffers:           95152 kB
Cached:          1205584 kB
MemTotal:        1844596 kB
MemFree:          148932 kB
MemAvailable:    1424520 kB
Buffers:           95152 kB
Cached:          1205588 kB
MemTotal:        1844596 kB
MemFree:          147444 kB
MemAvailable:    1423032 kB
Buffers:           95152 kB
Cached:          1205588 kB
MemTotal:        1844596 kB
MemFree:          147444 kB
MemAvailable:    1423032 kB
Buffers:           95152 kB
Cached:          1205588 kB
MemTotal:        1844596 kB
MemFree:          147476 kB
MemAvailable:    1423064 kB
Buffers:           95152 kB
Cached:          1205588 kB
MemTotal:        1844596 kB
MemFree:          147476 kB
MemAvailable:    1423064 kB
Buffers:           95152 kB
Cached:          1205588 kB
MemTotal:        1844596 kB
MemFree:          148604 kB
MemAvailable:    1424192 kB
Buffers:           95152 kB
Cached:          1205588 kB
MemTotal:        1844596 kB
MemFree:          147740 kB
MemAvailable:    1423328 kB
Buffers:           95152 kB
Cached:          1205588 kB
MemTotal:        1844596 kB
MemFree:          148512 kB
MemAvailable:    1424100 kB
Buffers:           95152 kB
Cached:          1205588 kB
MemTotal:        1844596 kB
MemFree:          148608 kB
MemAvailable:    1424196 kB
Buffers:           95152 kB
Cached:          1205588 kB
MemTotal:        1844596 kB
MemFree:          148780 kB
MemAvailable:    1424368 kB
Buffers:           95152 kB
Cached:          1205588 kB
MemTotal:        1844596 kB
MemFree:          148484 kB
MemAvailable:    1424072 kB
Buffers:           95152 kB
Cached:          1205588 kB
MemTotal:        1844596 kB
MemFree:          147300 kB
MemAvailable:    1422888 kB
Buffers:           95152 kB
Cached:          1205588 kB
MemTotal:        1844596 kB
MemFree:          145740 kB
MemAvailable:    1421328 kB
Buffers:           95152 kB
Cached:          1205588 kB
MemTotal:        1844596 kB
MemFree:          145260 kB
MemAvailable:    1420848 kB
Buffers:           95152 kB
Cached:          1205588 kB
MemTotal:        1844596 kB
MemFree:          141540 kB
MemAvailable:    1417128 kB
Buffers:           95152 kB
Cached:          1205588 kB
MemTotal:        1844596 kB
MemFree:          139316 kB
MemAvailable:    1414904 kB
Buffers:           95152 kB
Cached:          1205588 kB
MemTotal:        1844596 kB
MemFree:          136704 kB
MemAvailable:    1412296 kB
Buffers:           95152 kB
Cached:          1205592 kB
MemTotal:        1844596 kB
MemFree:          133852 kB
MemAvailable:    1409444 kB
Buffers:           95152 kB
Cached:          1205592 kB
MemTotal:        1844596 kB
MemFree:          131332 kB
MemAvailable:    1406924 kB
Buffers:           95152 kB
Cached:          1205592 kB
MemTotal:        1844596 kB
MemFree:          129876 kB
MemAvailable:    1405468 kB
Buffers:           95152 kB
Cached:          1205592 kB
MemTotal:        1844596 kB
MemFree:          130784 kB
MemAvailable:    1406376 kB
Buffers:           95152 kB
Cached:          1205592 kB
MemTotal:        1844596 kB
MemFree:          131120 kB
MemAvailable:    1406712 kB
Buffers:           95152 kB
Cached:          1205592 kB
MemTotal:        1844596 kB
MemFree:          130880 kB
MemAvailable:    1406472 kB
Buffers:           95152 kB
Cached:          1205592 kB
MemTotal:        1844596 kB
MemFree:          130964 kB
MemAvailable:    1406556 kB
Buffers:           95152 kB
Cached:          1205592 kB
MemTotal:        1844596 kB
MemFree:          130956 kB
MemAvailable:    1406548 kB
Buffers:           95152 kB
Cached:          1205592 kB
MemTotal:        1844596 kB
MemFree:          129640 kB
MemAvailable:    1405232 kB
Buffers:           95152 kB
Cached:          1205592 kB
MemTotal:        1844596 kB
MemFree:          130700 kB
MemAvailable:    1406292 kB
Buffers:           95152 kB
Cached:          1205592 kB
MemTotal:        1844596 kB
MemFree:          130020 kB
MemAvailable:    1405612 kB
Buffers:           95152 kB
Cached:          1205592 kB
MemTotal:        1844596 kB
MemFree:          130592 kB
MemAvailable:    1406184 kB
Buffers:           95152 kB
Cached:          1205592 kB
MemTotal:        1844596 kB
MemFree:          129220 kB
MemAvailable:    1404812 kB
Buffers:           95152 kB
Cached:          1205592 kB
MemTotal:        1844596 kB
MemFree:          129220 kB
MemAvailable:    1404812 kB
Buffers:           95152 kB
Cached:          1205592 kB
MemTotal:        1844596 kB
MemFree:          130388 kB
MemAvailable:    1405980 kB
Buffers:           95152 kB
Cached:          1205592 kB
MemTotal:        1844596 kB
MemFree:          129256 kB
MemAvailable:    1404848 kB
Buffers:           95152 kB
Cached:          1205592 kB
MemTotal:        1844596 kB
MemFree:          130432 kB
MemAvailable:    1406024 kB
Buffers:           95152 kB
Cached:          1205592 kB
MemTotal:        1844596 kB
MemFree:          130572 kB
MemAvailable:    1406164 kB
Buffers:           95152 kB
Cached:          1205592 kB
MemTotal:        1844596 kB
MemFree:          129252 kB
MemAvailable:    1404844 kB
Buffers:           95152 kB
Cached:          1205592 kB
MemTotal:        1844596 kB
MemFree:          130696 kB
MemAvailable:    1406288 kB
Buffers:           95152 kB
Cached:          1205592 kB
MemTotal:        1844596 kB
MemFree:          130196 kB
MemAvailable:    1405788 kB
Buffers:           95152 kB
Cached:          1205592 kB
MemTotal:        1844596 kB
MemFree:          130532 kB
MemAvailable:    1406124 kB
Buffers:           95152 kB
Cached:          1205592 kB
MemTotal:        1844596 kB
MemFree:          129208 kB
MemAvailable:    1404800 kB
Buffers:           95152 kB
Cached:          1205592 kB
MemTotal:        1844596 kB
MemFree:          130428 kB
MemAvailable:    1406020 kB
Buffers:           95152 kB
Cached:          1205592 kB
MemTotal:        1844596 kB
MemFree:          130612 kB
MemAvailable:    1406204 kB
Buffers:           95152 kB
Cached:          1205592 kB
MemTotal:        1844596 kB
MemFree:          129220 kB
MemAvailable:    1404812 kB
Buffers:           95152 kB
Cached:          1205592 kB
MemTotal:        1844596 kB
MemFree:          129220 kB
MemAvailable:    1404812 kB
Buffers:           95152 kB
Cached:          1205592 kB
MemTotal:        1844596 kB
MemFree:          130336 kB
MemAvailable:    1405928 kB
Buffers:           95152 kB
Cached:          1205592 kB
MemTotal:        1844596 kB
MemFree:          129216 kB
MemAvailable:    1404808 kB
Buffers:           95152 kB
Cached:          1205592 kB
MemTotal:        1844596 kB
MemFree:          129216 kB
MemAvailable:    1404808 kB
Buffers:           95152 kB
Cached:          1205592 kB
MemTotal:        1844596 kB
MemFree:          129208 kB
MemAvailable:    1404800 kB
Buffers:           95152 kB
Cached:          1205592 kB
MemTotal:        1844596 kB
MemFree:          130428 kB
MemAvailable:    1406020 kB
Buffers:           95152 kB
Cached:          1205592 kB
MemTotal:        1844596 kB
MemFree:          129004 kB
MemAvailable:    1404596 kB
Buffers:           95152 kB
Cached:          1205592 kB
MemTotal:        1844596 kB
MemFree:          128772 kB
MemAvailable:    1404364 kB
Buffers:           95152 kB
Cached:          1205592 kB
MemTotal:        1844596 kB
MemFree:          124244 kB
MemAvailable:    1399836 kB
Buffers:           95152 kB
Cached:          1205592 kB
MemTotal:        1844596 kB
MemFree:          119844 kB
MemAvailable:    1395436 kB
Buffers:           95152 kB
Cached:          1205592 kB
MemTotal:        1844596 kB
MemFree:          115812 kB
MemAvailable:    1391404 kB
Buffers:           95152 kB
Cached:          1205592 kB
MemTotal:        1844596 kB
MemFree:          113520 kB
MemAvailable:    1389112 kB
Buffers:           95152 kB
Cached:          1205592 kB
MemTotal:        1844596 kB
MemFree:          111660 kB
MemAvailable:    1387252 kB
Buffers:           95152 kB
Cached:          1205592 kB
MemTotal:        1844596 kB
MemFree:          111908 kB
MemAvailable:    1387500 kB
Buffers:           95152 kB
Cached:          1205592 kB
MemTotal:        1844596 kB
MemFree:          111784 kB
MemAvailable:    1387376 kB
Buffers:           95152 kB
Cached:          1205592 kB
MemTotal:        1844596 kB
MemFree:          111784 kB
MemAvailable:    1387376 kB
Buffers:           95152 kB
Cached:          1205592 kB
MemTotal:        1844596 kB
MemFree:          111784 kB
MemAvailable:    1387376 kB
Buffers:           95152 kB
Cached:          1205592 kB
MemTotal:        1844596 kB
MemFree:          111736 kB
MemAvailable:    1387328 kB
Buffers:           95152 kB
Cached:          1205592 kB
MemTotal:        1844596 kB
MemFree:          111604 kB
MemAvailable:    1387196 kB
Buffers:           95152 kB
Cached:          1205592 kB
MemTotal:        1844596 kB
MemFree:          111604 kB
MemAvailable:    1387196 kB
Buffers:           95152 kB
Cached:          1205592 kB
MemTotal:        1844596 kB
MemFree:          112940 kB
MemAvailable:    1388532 kB
Buffers:           95152 kB
Cached:          1205592 kB
MemTotal:        1844596 kB
MemFree:          111388 kB
MemAvailable:    1386980 kB
Buffers:           95152 kB
Cached:          1205592 kB
MemTotal:        1844596 kB
MemFree:          111760 kB
MemAvailable:    1387352 kB
Buffers:           95152 kB
Cached:          1205592 kB
MemTotal:        1844596 kB
MemFree:          111588 kB
MemAvailable:    1387180 kB
Buffers:           95152 kB
Cached:          1205592 kB
MemTotal:        1844596 kB
MemFree:          111652 kB
MemAvailable:    1387252 kB
Buffers:           95152 kB
Cached:          1205600 kB
MemTotal:        1844596 kB
MemFree:          111612 kB
MemAvailable:    1387212 kB
Buffers:           95152 kB
Cached:          1205600 kB
MemTotal:        1844596 kB
MemFree:          111604 kB
MemAvailable:    1387204 kB
Buffers:           95152 kB
Cached:          1205600 kB
MemTotal:        1844596 kB
MemFree:          113076 kB
MemAvailable:    1388676 kB
Buffers:           95152 kB
Cached:          1205600 kB
MemTotal:        1844596 kB
MemFree:          111164 kB
MemAvailable:    1386764 kB
Buffers:           95152 kB
Cached:          1205600 kB
MemTotal:        1844596 kB
MemFree:          112092 kB
MemAvailable:    1387692 kB
Buffers:           95152 kB
Cached:          1205600 kB
MemTotal:        1844596 kB
MemFree:          110784 kB
MemAvailable:    1386384 kB
Buffers:           95152 kB
Cached:          1205600 kB
MemTotal:        1844596 kB
MemFree:          110660 kB
MemAvailable:    1386260 kB
Buffers:           95152 kB
Cached:          1205600 kB
MemTotal:        1844596 kB
MemFree:          111760 kB
MemAvailable:    1387360 kB
Buffers:           95152 kB
Cached:          1205600 kB
MemTotal:        1844596 kB
MemFree:          111164 kB
MemAvailable:    1386764 kB
Buffers:           95152 kB
Cached:          1205600 kB
MemTotal:        1844596 kB
MemFree:          111728 kB
MemAvailable:    1387328 kB
Buffers:           95152 kB
Cached:          1205600 kB
MemTotal:        1844596 kB
MemFree:          110296 kB
MemAvailable:    1385896 kB
Buffers:           95152 kB
Cached:          1205600 kB
MemTotal:        1844596 kB
MemFree:          107320 kB
MemAvailable:    1382920 kB
Buffers:           95152 kB
Cached:          1205600 kB
MemTotal:        1844596 kB
MemFree:          104592 kB
MemAvailable:    1380192 kB
Buffers:           95152 kB
Cached:          1205600 kB
MemTotal:        1844596 kB
MemFree:          101172 kB
MemAvailable:    1376772 kB
Buffers:           95152 kB
Cached:          1205600 kB
MemTotal:        1844596 kB
MemFree:           98328 kB
MemAvailable:    1373928 kB
Buffers:           95152 kB
Cached:          1205600 kB
MemTotal:        1844596 kB
MemFree:           95220 kB
MemAvailable:    1370820 kB
Buffers:           95152 kB
Cached:          1205600 kB
MemTotal:        1844596 kB
MemFree:           91572 kB
MemAvailable:    1367172 kB
Buffers:           95152 kB
Cached:          1205600 kB
MemTotal:        1844596 kB
MemFree:           88844 kB
MemAvailable:    1364444 kB
Buffers:           95152 kB
Cached:          1205600 kB
MemTotal:        1844596 kB
MemFree:           87108 kB
MemAvailable:    1362708 kB
Buffers:           95152 kB
Cached:          1205600 kB
MemTotal:        1844596 kB
MemFree:           85480 kB
MemAvailable:    1361080 kB
Buffers:           95152 kB
Cached:          1205600 kB
MemTotal:        1844596 kB
MemFree:           85480 kB
MemAvailable:    1361080 kB
Buffers:           95152 kB
Cached:          1205600 kB
MemTotal:        1844596 kB
MemFree:           80164 kB
MemAvailable:    1355764 kB
Buffers:           95152 kB
Cached:          1205600 kB
MemTotal:        1844596 kB
MemFree:           81216 kB
MemAvailable:    1356816 kB
Buffers:           95152 kB
Cached:          1205600 kB
MemTotal:        1844596 kB
MemFree:           79868 kB
MemAvailable:    1355468 kB
Buffers:           95152 kB
Cached:          1205600 kB
MemTotal:        1844596 kB
MemFree:           79864 kB
MemAvailable:    1355464 kB
Buffers:           95152 kB
Cached:          1205600 kB
MemTotal:        1844596 kB
MemFree:           81264 kB
MemAvailable:    1356864 kB
Buffers:           95152 kB
Cached:          1205600 kB
MemTotal:        1844596 kB
MemFree:           81028 kB
MemAvailable:    1356628 kB
Buffers:           95152 kB
Cached:          1205600 kB
MemTotal:        1844596 kB
MemFree:           79888 kB
MemAvailable:    1355488 kB
Buffers:           95152 kB
Cached:          1205600 kB
MemTotal:        1844596 kB
MemFree:           80536 kB
MemAvailable:    1356136 kB
Buffers:           95152 kB
Cached:          1205600 kB
MemTotal:        1844596 kB
MemFree:           80880 kB
MemAvailable:    1356480 kB
Buffers:           95152 kB
Cached:          1205600 kB
MemTotal:        1844596 kB
MemFree:           81136 kB
MemAvailable:    1356736 kB
Buffers:           95152 kB
Cached:          1205600 kB
MemTotal:        1844596 kB
MemFree:           78800 kB
MemAvailable:    1354400 kB
Buffers:           95152 kB
Cached:          1205600 kB
MemTotal:        1844596 kB
MemFree:           80092 kB
MemAvailable:    1355692 kB
Buffers:           95152 kB
Cached:          1205600 kB
MemTotal:        1844596 kB
MemFree:           78924 kB
MemAvailable:    1354524 kB
Buffers:           95152 kB
Cached:          1205600 kB
MemTotal:        1844596 kB
MemFree:           78924 kB
MemAvailable:    1354524 kB
Buffers:           95152 kB
Cached:          1205600 kB
MemTotal:        1844596 kB
MemFree:           80024 kB
MemAvailable:    1355624 kB
Buffers:           95152 kB
Cached:          1205600 kB
MemTotal:        1844596 kB
MemFree:           80024 kB
MemAvailable:    1355624 kB
Buffers:           95152 kB
Cached:          1205600 kB
MemTotal:        1844596 kB
MemFree:           78180 kB
MemAvailable:    1353780 kB
Buffers:           95152 kB
Cached:          1205600 kB
MemTotal:        1844596 kB
MemFree:           79556 kB
MemAvailable:    1355156 kB
Buffers:           95152 kB
Cached:          1205600 kB
MemTotal:        1844596 kB
MemFree:           78428 kB
MemAvailable:    1354028 kB
Buffers:           95152 kB
Cached:          1205600 kB
MemTotal:        1844596 kB
MemFree:           79324 kB
MemAvailable:    1354924 kB
Buffers:           95152 kB
Cached:          1205600 kB
MemTotal:        1844596 kB
MemFree:           78792 kB
MemAvailable:    1354392 kB
Buffers:           95152 kB
Cached:          1205600 kB
MemTotal:        1844596 kB
MemFree:           78560 kB
MemAvailable:    1354160 kB
Buffers:           95152 kB
Cached:          1205600 kB
MemTotal:        1844596 kB
MemFree:           78172 kB
MemAvailable:    1353772 kB
Buffers:           95152 kB
Cached:          1205600 kB
MemTotal:        1844596 kB
MemFree:           78428 kB
MemAvailable:    1354028 kB
Buffers:           95152 kB
Cached:          1205600 kB
MemTotal:        1844596 kB
MemFree:           76072 kB
MemAvailable:    1351672 kB
Buffers:           95152 kB
Cached:          1205600 kB
MemTotal:        1844596 kB
MemFree:           77124 kB
MemAvailable:    1352724 kB
Buffers:           95152 kB
Cached:          1205600 kB
MemTotal:        1844596 kB
MemFree:           76752 kB
MemAvailable:    1352352 kB
Buffers:           95152 kB
Cached:          1205600 kB
MemTotal:        1844596 kB
MemFree:           76072 kB
MemAvailable:    1351672 kB
Buffers:           95152 kB
Cached:          1205600 kB
MemTotal:        1844596 kB
MemFree:           76748 kB
MemAvailable:    1352348 kB
Buffers:           95152 kB
Cached:          1205600 kB
MemTotal:        1844596 kB
MemFree:           76196 kB
MemAvailable:    1351796 kB
Buffers:           95152 kB
Cached:          1205600 kB
MemTotal:        1844596 kB
MemFree:           76788 kB
MemAvailable:    1352388 kB
Buffers:           95152 kB
Cached:          1205600 kB
MemTotal:        1844596 kB
MemFree:           77040 kB
MemAvailable:    1352640 kB
Buffers:           95152 kB
Cached:          1205600 kB
MemTotal:        1844596 kB
MemFree:           75516 kB
MemAvailable:    1351116 kB
Buffers:           95152 kB
Cached:          1205600 kB
MemTotal:        1844596 kB
MemFree:           76976 kB
MemAvailable:    1352576 kB
Buffers:           95152 kB
Cached:          1205600 kB
MemTotal:        1844596 kB
MemFree:           77036 kB
MemAvailable:    1352636 kB
Buffers:           95152 kB
Cached:          1205600 kB
MemTotal:        1844596 kB
MemFree:           75700 kB
MemAvailable:    1351300 kB
Buffers:           95152 kB
Cached:          1205600 kB
MemTotal:        1844596 kB
MemFree:           75536 kB
MemAvailable:    1351136 kB
Buffers:           95152 kB
Cached:          1205600 kB
MemTotal:        1844596 kB
MemFree:           77016 kB
MemAvailable:    1352616 kB
Buffers:           95152 kB
Cached:          1205600 kB
MemTotal:        1844596 kB
MemFree:           75528 kB
MemAvailable:    1351128 kB
Buffers:           95152 kB
Cached:          1205600 kB
MemTotal:        1844596 kB
MemFree:           76988 kB
MemAvailable:    1352588 kB
Buffers:           95152 kB
Cached:          1205600 kB
MemTotal:        1844596 kB
MemFree:           76884 kB
MemAvailable:    1352484 kB
Buffers:           95152 kB
Cached:          1205600 kB
MemTotal:        1844596 kB
MemFree:           76888 kB
MemAvailable:    1352488 kB
Buffers:           95152 kB
Cached:          1205600 kB
MemTotal:        1844596 kB
MemFree:           77000 kB
MemAvailable:    1352600 kB
Buffers:           95152 kB
Cached:          1205600 kB
MemTotal:        1844596 kB
MemFree:           75760 kB
MemAvailable:    1351360 kB
Buffers:           95152 kB
Cached:          1205600 kB
MemTotal:        1844596 kB
MemFree:           76836 kB
MemAvailable:    1352436 kB
Buffers:           95152 kB
Cached:          1205600 kB
MemTotal:        1844596 kB
MemFree:           75700 kB
MemAvailable:    1351300 kB
Buffers:           95152 kB
Cached:          1205600 kB
MemTotal:        1844596 kB
MemFree:           75700 kB
MemAvailable:    1351308 kB
Buffers:           95152 kB
Cached:          1205608 kB
MemTotal:        1844596 kB
MemFree:           76760 kB
MemAvailable:    1352368 kB
Buffers:           95152 kB
Cached:          1205608 kB
MemTotal:        1844596 kB
MemFree:           76816 kB
MemAvailable:    1352424 kB
Buffers:           95152 kB
Cached:          1205608 kB
MemTotal:        1844596 kB
MemFree:           76796 kB
MemAvailable:    1352404 kB
Buffers:           95152 kB
Cached:          1205608 kB
MemTotal:        1844596 kB
MemFree:           76824 kB
MemAvailable:    1352432 kB
Buffers:           95152 kB
Cached:          1205608 kB
MemTotal:        1844596 kB
MemFree:           76768 kB
MemAvailable:    1352376 kB
Buffers:           95152 kB
Cached:          1205608 kB
MemTotal:        1844596 kB
MemFree:           75812 kB
MemAvailable:    1351420 kB
Buffers:           95152 kB
Cached:          1205608 kB
MemTotal:        1844596 kB
MemFree:           75688 kB
MemAvailable:    1351296 kB
Buffers:           95152 kB
Cached:          1205608 kB
MemTotal:        1844596 kB
MemFree:           76940 kB
MemAvailable:    1352548 kB
Buffers:           95152 kB
Cached:          1205608 kB
MemTotal:        1844596 kB
MemFree:           76072 kB
MemAvailable:    1351680 kB
Buffers:           95152 kB
Cached:          1205608 kB
MemTotal:        1844596 kB
MemFree:           76748 kB
MemAvailable:    1352356 kB
Buffers:           95152 kB
Cached:          1205608 kB
MemTotal:        1844596 kB
MemFree:           77000 kB
MemAvailable:    1352608 kB
Buffers:           95152 kB
Cached:          1205608 kB
MemTotal:        1844596 kB
MemFree:           75644 kB
MemAvailable:    1351252 kB
Buffers:           95152 kB
Cached:          1205608 kB
MemTotal:        1844596 kB
MemFree:           75768 kB
MemAvailable:    1351376 kB
Buffers:           95152 kB
Cached:          1205608 kB
MemTotal:        1844596 kB
MemFree:           76944 kB
MemAvailable:    1352552 kB
Buffers:           95152 kB
Cached:          1205608 kB
MemTotal:        1844596 kB
MemFree:           75452 kB
MemAvailable:    1351060 kB
Buffers:           95152 kB
Cached:          1205608 kB
MemTotal:        1844596 kB
MemFree:           73468 kB
MemAvailable:    1349076 kB
Buffers:           95152 kB
Cached:          1205608 kB
MemTotal:        1844596 kB
MemFree:           75516 kB
MemAvailable:    1351124 kB
Buffers:           95152 kB
Cached:          1205608 kB
MemTotal:        1844596 kB
MemFree:           69928 kB
MemAvailable:    1345536 kB
Buffers:           95152 kB
Cached:          1205608 kB
MemTotal:        1844596 kB
MemFree:           69944 kB
MemAvailable:    1345552 kB
Buffers:           95152 kB
Cached:          1205608 kB
MemTotal:        1844596 kB
MemFree:           69064 kB
MemAvailable:    1344672 kB
Buffers:           95152 kB
Cached:          1205608 kB
MemTotal:        1844596 kB
MemFree:           70068 kB
MemAvailable:    1345676 kB
Buffers:           95152 kB
Cached:          1205608 kB
MemTotal:        1844596 kB
MemFree:           68540 kB
MemAvailable:    1344148 kB
Buffers:           95152 kB
Cached:          1205608 kB
MemTotal:        1844596 kB
MemFree:           70112 kB
MemAvailable:    1345720 kB
Buffers:           95152 kB
Cached:          1205608 kB
MemTotal:        1844596 kB
MemFree:           68840 kB
MemAvailable:    1344448 kB
Buffers:           95152 kB
Cached:          1205608 kB
MemTotal:        1844596 kB
MemFree:           70000 kB
MemAvailable:    1345608 kB
Buffers:           95152 kB
Cached:          1205608 kB
MemTotal:        1844596 kB
MemFree:           69716 kB
MemAvailable:    1345324 kB
Buffers:           95152 kB
Cached:          1205608 kB
MemTotal:        1844596 kB
MemFree:           70316 kB
MemAvailable:    1345924 kB
Buffers:           95152 kB
Cached:          1205608 kB
MemTotal:        1844596 kB
MemFree:           69104 kB
MemAvailable:    1344712 kB
Buffers:           95152 kB
Cached:          1205608 kB
MemTotal:        1844596 kB
MemFree:           69764 kB
MemAvailable:    1345456 kB
Buffers:           95152 kB
Cached:          1205732 kB
MemTotal:        1844596 kB
MemFree:           69264 kB
MemAvailable:    1344956 kB
Buffers:           95152 kB
Cached:          1205732 kB
MemTotal:        1844596 kB
MemFree:           69648 kB
MemAvailable:    1345508 kB
Buffers:           95152 kB
Cached:          1205980 kB
MemTotal:        1844596 kB
MemFree:           69932 kB
MemAvailable:    1345792 kB
Buffers:           95152 kB
Cached:          1205980 kB
MemTotal:        1844596 kB
MemFree:           69404 kB
MemAvailable:    1345432 kB
Buffers:           95152 kB
Cached:          1206104 kB
MemTotal:        1844596 kB
MemFree:           69768 kB
MemAvailable:    1345796 kB
Buffers:           95152 kB
Cached:          1206104 kB
MemTotal:        1844596 kB
MemFree:           69324 kB
MemAvailable:    1345520 kB
Buffers:           95152 kB
Cached:          1206228 kB
MemTotal:        1844596 kB
MemFree:           69324 kB
MemAvailable:    1345604 kB
Buffers:           95152 kB
Cached:          1206352 kB
MemTotal:        1844596 kB
MemFree:           69588 kB
MemAvailable:    1345868 kB
Buffers:           95152 kB
Cached:          1206352 kB
MemTotal:        1844596 kB
MemFree:           69140 kB
MemAvailable:    1345420 kB
Buffers:           95152 kB
Cached:          1206352 kB
MemTotal:        1844596 kB
MemFree:           69516 kB
MemAvailable:    1345796 kB
Buffers:           95152 kB
Cached:          1206352 kB
MemTotal:        1844596 kB
MemFree:           69300 kB
MemAvailable:    1345580 kB
Buffers:           95152 kB
Cached:          1206352 kB
MemTotal:        1844596 kB
MemFree:           69032 kB
MemAvailable:    1345292 kB
Buffers:           95152 kB
Cached:          1206352 kB
MemTotal:        1844596 kB
MemFree:           68656 kB
MemAvailable:    1344936 kB
Buffers:           95152 kB
Cached:          1206352 kB
MemTotal:        1844596 kB
MemFree:           68300 kB
MemAvailable:    1344580 kB
Buffers:           95152 kB
Cached:          1206352 kB
MemTotal:        1844596 kB
MemFree:           68208 kB
MemAvailable:    1343900 kB
Buffers:           95152 kB
Cached:          1205720 kB
MemTotal:        1844596 kB
MemFree:          108752 kB
MemAvailable:    1384444 kB
Buffers:           95152 kB
Cached:          1205720 kB
MemTotal:        1844596 kB
MemFree:          118660 kB
MemAvailable:    1394352 kB
Buffers:           95152 kB
Cached:          1205720 kB
MemTotal:        1844596 kB
MemFree:          264908 kB
MemAvailable:    1540600 kB
Buffers:           95152 kB
Cached:          1205720 kB
