MemTotal:        1844596 kB
MemFree:          263244 kB
MemAvailable:    1545380 kB
Buffers:           98852 kB
Cached:          1205100 kB
MemTotal:        1844596 kB
MemFree:          236688 kB
MemAvailable:    1518832 kB
Buffers:           98852 kB
Cached:          1205104 kB
MemTotal:        1844596 kB
MemFree:          233696 kB
MemAvailable:    1515840 kB
Buffers:           98852 kB
Cached:          1205104 kB
MemTotal:        1844596 kB
MemFree:          234832 kB
MemAvailable:    1516976 kB
Buffers:           98852 kB
Cached:          1205104 kB
MemTotal:        1844596 kB
MemFree:          232304 kB
MemAvailable:    1514448 kB
Buffers:           98852 kB
Cached:          1205104 kB
MemTotal:        1844596 kB
MemFree:          231128 kB
MemAvailable:    1513272 kB
Buffers:           98852 kB
Cached:          1205104 kB
MemTotal:        1844596 kB
MemFree:          232008 kB
MemAvailable:    1514152 kB
Buffers:           98852 kB
Cached:          1205104 kB
MemTotal:        1844596 kB
MemFree:          230240 kB
MemAvailable:    1512384 kB
Buffers:           98852 kB
Cached:          1205104 kB
MemTotal:        1844596 kB
MemFree:          228524 kB
MemAvailable:    1510668 kB
Buffers:           98852 kB
Cached:          1205104 kB
MemTotal:        1844596 kB
MemFree:          222020 kB
MemAvailable:    1504164 kB
Buffers:           98852 kB
Cached:          1205104 kB
MemTotal:        1844596 kB
MemFree:          221828 kB
MemAvailable:    1503972 kB
Buffers:           98852 kB
Cached:          1205104 kB
MemTotal:        1844596 kB
MemFree:          222448 kB
MemAvailable:    1504592 kB
Buffers:           98852 kB
Cached:          1205104 kB
MemTotal:        1844596 kB
MemFree:          222316 kB
MemAvailable:    1504460 kB
Buffers:           98852 kB
Cached:          1205104 kB
MemTotal:        1844596 kB
MemFree:          223700 kB
MemAvailable:    1505844 kB
Buffers:           98852 kB
Cached:          1205104 kB
MemTotal:        1844596 kB
MemFree:          223412 kB
MemAvailable:    1505556 kB
Buffers:           98852 kB
Cached:          1205104 kB
MemTotal:        1844596 kB
MemFree:          223496 kB
MemAvailable:    1505640 kB
Buffers:           98852 kB
Cached:          1205104 kB
MemTotal:        1844596 kB
MemFree:          221884 kB
MemAvailable:    1504028 kB
Buffers:           98852 kB
Cached:          1205104 kB
MemTotal:        1844596 kB
MemFree:          221884 kB
MemAvailable:    1504028 kB
Buffers:           98852 kB
Cached:          1205104 kB
MemTotal:        1844596 kB
MemFree:          222984 kB
MemAvailable:    1505128 kB
Buffers:           98852 kB
Cached:          1205104 kB
MemTotal:        1844596 kB
MemFree:          222984 kB
MemAvailable:    1505128 kB
Buffers:           98852 kB
Cached:          1205104 kB
MemTotal:        1844596 kB
MemFree:          222816 kB
MemAvailable:    1504960 kB
Buffers:           98852 kB
Cached:          1205104 kB
MemTotal:        1844596 kB
MemFree:          221524 kB
MemAvailable:    1503668 kB
Buffers:           98852 kB
Cached:          1205104 kB
MemTotal:        1844596 kB
MemFree:          221772 kB
MemAvailable:    1503916 kB
Buffers:           98852 kB
Cached:          1205104 kB
MemTotal:        1844596 kB
MemFree:          221084 kB
MemAvailable:    1503228 kB
Buffers:           98852 kB
Cached:          1205104 kB
MemTotal:        1844596 kB
MemFree:          222440 kB
MemAvailable:    1504584 kB
Buffers:           98852 kB
Cached:          1205104 kB
MemTotal:        1844596 kB
MemFree:          221680 kB
MemAvailable:    1503824 kB
Buffers:           98852 kB
Cached:          1205104 kB
MemTotal:        1844596 kB
MemFree:          221828 kB
MemAvailable:    1503972 kB
Buffers:           98852 kB
Cached:          1205104 kB
MemTotal:        1844596 kB
MemFree:          221564 kB
MemAvailable:    1503708 kB
Buffers:           98852 kB
Cached:          1205104 kB
MemTotal:        1844596 kB
MemFree:          219844 kB
MemAvailable:    1501988 kB
Buffers:           98852 kB
Cached:          1205104 kB
MemTotal:        1844596 kB
MemFree:          220828 kB
MemAvailable:    1502972 kB
Buffers:           98852 kB
Cached:          1205104 kB
MemTotal:        1844596 kB
MemFree:          220720 kB
MemAvailable:    1502864 kB
Buffers:           98852 kB
Cached:          1205104 kB
MemTotal:        1844596 kB
MemFree:          220476 kB
MemAvailable:    1502620 kB
Buffers:           98852 kB
Cached:          1205104 kB
MemTotal:        1844596 kB
MemFree:          219336 kB
MemAvailable:    1501480 kB
Buffers:           98852 kB
Cached:          1205104 kB
MemTotal:        1844596 kB
MemFree:          219336 kB
MemAvailable:    1501480 kB
Buffers:           98852 kB
Cached:          1205104 kB
MemTotal:        1844596 kB
MemFree:          220636 kB
MemAvailable:    1502780 kB
Buffers:           98852 kB
Cached:          1205104 kB
MemTotal:        1844596 kB
MemFree:          219852 kB
MemAvailable:    1501996 kB
Buffers:           98852 kB
Cached:          1205104 kB
MemTotal:        1844596 kB
MemFree:          220472 kB
MemAvailable:    1502620 kB
Buffers:           98852 kB
Cached:          1205108 kB
MemTotal:        1844596 kB
MemFree:          220808 kB
MemAvailable:    1502956 kB
Buffers:           98852 kB
Cached:          1205108 kB
MemTotal:        1844596 kB
MemFree:          219232 kB
MemAvailable:    1501380 kB
Buffers:           98852 kB
Cached:          1205108 kB
MemTotal:        1844596 kB
MemFree:          215992 kB
MemAvailable:    1498140 kB
Buffers:           98852 kB
Cached:          1205108 kB
MemTotal:        1844596 kB
MemFree:          215148 kB
MemAvailable:    1497296 kB
Buffers:           98852 kB
Cached:          1205108 kB
MemTotal:        1844596 kB
MemFree:          215456 kB
MemAvailable:    1497604 kB
Buffers:           98852 kB
Cached:          1205108 kB
MemTotal:        1844596 kB
MemFree:          214272 kB
MemAvailable:    1496420 kB
Buffers:           98852 kB
Cached:          1205108 kB
MemTotal:        1844596 kB
MemFree:          214148 kB
MemAvailable:    1496296 kB
Buffers:           98852 kB
Cached:          1205108 kB
MemTotal:        1844596 kB
MemFree:          214156 kB
MemAvailable:    1496304 kB
Buffers:           98852 kB
Cached:          1205108 kB
MemTotal:        1844596 kB
MemFree:          214156 kB
MemAvailable:    1496304 kB
Buffers:           98852 kB
Cached:          1205108 kB
MemTotal:        1844596 kB
MemFree:          213652 kB
MemAvailable:    1495800 kB
Buffers:           98852 kB
Cached:          1205108 kB
MemTotal:        1844596 kB
MemFree:          215024 kB
MemAvailable:    1497172 kB
Buffers:           98852 kB
Cached:          1205108 kB
MemTotal:        1844596 kB
MemFree:          213364 kB
MemAvailable:    1495512 kB
Buffers:           98852 kB
Cached:          1205108 kB
MemTotal:        1844596 kB
MemFree:          214832 kB
MemAvailable:    1496980 kB
Buffers:           98852 kB
Cached:          1205108 kB
MemTotal:        1844596 kB
MemFree:          214728 kB
MemAvailable:    1496876 kB
Buffers:           98852 kB
Cached:          1205108 kB
MemTotal:        1844596 kB
MemFree:          213908 kB
MemAvailable:    1496056 kB
Buffers:           98852 kB
Cached:          1205108 kB
MemTotal:        1844596 kB
MemFree:          213400 kB
MemAvailable:    1495548 kB
Buffers:           98852 kB
Cached:          1205108 kB
MemTotal:        1844596 kB
MemFree:          213280 kB
MemAvailable:    1495428 kB
Buffers:           98852 kB
Cached:          1205108 kB
MemTotal:        1844596 kB
MemFree:          210124 kB
MemAvailable:    1492272 kB
Buffers:           98852 kB
Cached:          1205108 kB
MemTotal:        1844596 kB
MemFree:          207956 kB
MemAvailable:    1490104 kB
Buffers:           98852 kB
Cached:          1205108 kB
MemTotal:        1844596 kB
MemFree:          207552 kB
MemAvailable:    1489700 kB
Buffers:           98852 kB
Cached:          1205108 kB
MemTotal:        1844596 kB
MemFree:          208312 kB
MemAvailable:    1490460 kB
Buffers:           98852 kB
Cached:          1205108 kB
MemTotal:        1844596 kB
MemFree:          208312 kB
MemAvailable:    1490460 kB
Buffers:           98852 kB
Cached:          1205108 kB
MemTotal:        1844596 kB
MemFree:          206848 kB
MemAvailable:    1488996 kB
Buffers:           98852 kB
Cached:          1205108 kB
MemTotal:        1844596 kB
MemFree:          205724 kB
MemAvailable:    1487872 kB
Buffers:           98852 kB
Cached:          1205108 kB
MemTotal:        1844596 kB
MemFree:          205112 kB
MemAvailable:    1487260 kB
Buffers:           98852 kB
Cached:          1205108 kB
MemTotal:        1844596 kB
MemFree:          206448 kB
MemAvailable:    1488596 kB
Buffers:           98852 kB
Cached:          1205108 kB
MemTotal:        1844596 kB
MemFree:          206344 kB
MemAvailable:    1488492 kB
Buffers:           98852 kB
Cached:          1205108 kB
MemTotal:        1844596 kB
MemFree:          205932 kB
MemAvailable:    1488080 kB
Buffers:           98852 kB
Cached:          1205108 kB
MemTotal:        1844596 kB
MemFree:          205988 kB
MemAvailable:    1488136 kB
Buffers:           98852 kB
Cached:          1205108 kB
MemTotal:        1844596 kB
MemFree:          204692 kB
MemAvailable:    1486840 kB
Buffers:           98852 kB
Cached:          1205108 kB
MemTotal:        1844596 kB
MemFree:          205840 kB
MemAvailable:    1487988 kB
Buffers:           98852 kB
Cached:          1205108 kB
MemTotal:        1844596 kB
MemFree:          206092 kB
MemAvailable:    1488240 kB
Buffers:           98852 kB
Cached:          1205108 kB
MemTotal:        1844596 kB
MemFree:          204728 kB
MemAvailable:    1486876 kB
Buffers:           98852 kB
Cached:          1205108 kB
MemTotal:        1844596 kB
MemFree:          205920 kB
MemAvailable:    1488068 kB
Buffers:           98852 kB
Cached:          1205108 kB
MemTotal:        1844596 kB
MemFree:          206172 kB
MemAvailable:    1488320 kB
Buffers:           98852 kB
Cached:          1205108 kB
MemTotal:        1844596 kB
MemFree:          205848 kB
MemAvailable:    1487996 kB
Buffers:           98852 kB
Cached:          1205108 kB
MemTotal:        1844596 kB
MemFree:          205736 kB
MemAvailable:    1487884 kB
Buffers:           98852 kB
Cached:          1205108 kB
MemTotal:        1844596 kB
MemFree:          204872 kB
MemAvailable:    1487020 kB
Buffers:           98852 kB
Cached:          1205108 kB
MemTotal:        1844596 kB
MemFree:          205928 kB
MemAvailable:    1488076 kB
Buffers:           98852 kB
Cached:          1205108 kB
MemTotal:        1844596 kB
MemFree:          204752 kB
MemAvailable:    1486900 kB
Buffers:           98852 kB
Cached:          1205108 kB
MemTotal:        1844596 kB
MemFree:          205480 kB
MemAvailable:    1487628 kB
Buffers:           98852 kB
Cached:          1205108 kB
MemTotal:        1844596 kB
MemFree:          205816 kB
MemAvailable:    1487964 kB
Buffers:           98852 kB
Cached:          1205108 kB
MemTotal:        1844596 kB
MemFree:          204332 kB
MemAvailable:    1486480 kB
Buffers:           98852 kB
Cached:          1205108 kB
MemTotal:        1844596 kB
MemFree:          204316 kB
MemAvailable:    1486464 kB
Buffers:           98852 kB
Cached:          1205108 kB
MemTotal:        1844596 kB
MemFree:          201528 kB
MemAvailable:    1483676 kB
Buffers:           98852 kB
Cached:          1205108 kB
MemTotal:        1844596 kB
MemFree:          198676 kB
MemAvailable:    1480824 kB
Buffers:           98852 kB
Cached:          1205108 kB
MemTotal:        1844596 kB
MemFree:          196568 kB
MemAvailable:    1478716 kB
Buffers:           98852 kB
Cached:          1205108 kB
MemTotal:        1844596 kB
MemFree:          197720 kB
MemAvailable:    1479868 kB
Buffers:           98852 kB
Cached:          1205108 kB
MemTotal:        1844596 kB
MemFree:          197440 kB
MemAvailable:    1479588 kB
Buffers:           98852 kB
Cached:          1205108 kB
MemTotal:        1844596 kB
MemFree:          197116 kB
MemAvailable:    1479264 kB
Buffers:           98852 kB
Cached:          1205108 kB
MemTotal:        1844596 kB
MemFree:          196452 kB
MemAvailable:    1478600 kB
Buffers:           98852 kB
Cached:          1205108 kB
MemTotal:        1844596 kB
MemFree:          197056 kB
MemAvailable:    1479204 kB
Buffers:           98852 kB
Cached:          1205108 kB
MemTotal:        1844596 kB
MemFree:          197008 kB
MemAvailable:    1479156 kB
Buffers:           98852 kB
Cached:          1205108 kB
MemTotal:        1844596 kB
MemFree:          197004 kB
MemAvailable:    1479152 kB
Buffers:           98852 kB
Cached:          1205108 kB
MemTotal:        1844596 kB
MemFree:          196072 kB
MemAvailable:    1478220 kB
Buffers:           98852 kB
Cached:          1205108 kB
MemTotal:        1844596 kB
MemFree:          197248 kB
MemAvailable:    1479396 kB
Buffers:           98852 kB
Cached:          1205108 kB
MemTotal:        1844596 kB
MemFree:          195940 kB
MemAvailable:    1478088 kB
Buffers:           98852 kB
Cached:          1205108 kB
MemTotal:        1844596 kB
MemFree:          197008 kB
MemAvailable:    1479156 kB
Buffers:           98852 kB
Cached:          1205108 kB
MemTotal:        1844596 kB
MemFree:          197008 kB
MemAvailable:    1479156 kB
Buffers:           98852 kB
Cached:          1205108 kB
MemTotal:        1844596 kB
MemFree:          195676 kB
MemAvailable:    1477824 kB
Buffers:           98852 kB
Cached:          1205108 kB
MemTotal:        1844596 kB
MemFree:          196976 kB
MemAvailable:    1479124 kB
Buffers:           98852 kB
Cached:          1205108 kB
MemTotal:        1844596 kB
MemFree:          196976 kB
MemAvailable:    1479124 kB
Buffers:           98852 kB
Cached:          1205108 kB
MemTotal:        1844596 kB
MemFree:          196924 kB
MemAvailable:    1479072 kB
Buffers:           98852 kB
Cached:          1205108 kB
MemTotal:        1844596 kB
MemFree:          195564 kB
MemAvailable:    1477712 kB
Buffers:           98852 kB
Cached:          1205108 kB
MemTotal:        1844596 kB
MemFree:          197012 kB
MemAvailable:    1479160 kB
Buffers:           98852 kB
Cached:          1205108 kB
MemTotal:        1844596 kB
MemFree:          196960 kB
MemAvailable:    1479108 kB
Buffers:           98852 kB
Cached:          1205108 kB
MemTotal:        1844596 kB
MemFree:          196976 kB
MemAvailable:    1479124 kB
Buffers:           98852 kB
Cached:          1205108 kB
MemTotal:        1844596 kB
MemFree:          196976 kB
MemAvailable:    1479124 kB
Buffers:           98852 kB
Cached:          1205108 kB
MemTotal:        1844596 kB
MemFree:          196752 kB
MemAvailable:    1478900 kB
Buffers:           98852 kB
Cached:          1205108 kB
MemTotal:        1844596 kB
MemFree:          197088 kB
MemAvailable:    1479236 kB
Buffers:           98852 kB
Cached:          1205108 kB
MemTotal:        1844596 kB
MemFree:          196872 kB
MemAvailable:    1479020 kB
Buffers:           98852 kB
Cached:          1205108 kB
MemTotal:        1844596 kB
MemFree:          196940 kB
MemAvailable:    1479088 kB
Buffers:           98852 kB
Cached:          1205108 kB
MemTotal:        1844596 kB
MemFree:          197024 kB
MemAvailable:    1479172 kB
Buffers:           98852 kB
Cached:          1205108 kB
MemTotal:        1844596 kB
MemFree:          197108 kB
MemAvailable:    1479256 kB
Buffers:           98852 kB
Cached:          1205108 kB
MemTotal:        1844596 kB
MemFree:          196880 kB
MemAvailable:    1479036 kB
Buffers:           98852 kB
Cached:          1205116 kB
MemTotal:        1844596 kB
MemFree:          195656 kB
MemAvailable:    1477812 kB
Buffers:           98852 kB
Cached:          1205116 kB
MemTotal:        1844596 kB
MemFree:          196812 kB
MemAvailable:    1478968 kB
Buffers:           98852 kB
Cached:          1205116 kB
MemTotal:        1844596 kB
MemFree:          197068 kB
MemAvailable:    1479224 kB
Buffers:           98852 kB
Cached:          1205116 kB
MemTotal:        1844596 kB
MemFree:          195828 kB
MemAvailable:    1477984 kB
Buffers:           98852 kB
Cached:          1205116 kB
MemTotal:        1844596 kB
MemFree:          196956 kB
MemAvailable:    1479112 kB
Buffers:           98852 kB
Cached:          1205116 kB
MemTotal:        1844596 kB
MemFree:          196332 kB
MemAvailable:    1478488 kB
Buffers:           98852 kB
Cached:          1205116 kB
MemTotal:        1844596 kB
MemFree:          195704 kB
MemAvailable:    1477864 kB
Buffers:           98852 kB
Cached:          1205120 kB
MemTotal:        1844596 kB
MemFree:          194836 kB
MemAvailable:    1476996 kB
Buffers:           98852 kB
Cached:          1205120 kB
MemTotal:        1844596 kB
MemFree:          190496 kB
MemAvailable:    1472656 kB
Buffers:           98852 kB
Cached:          1205120 kB
MemTotal:        1844596 kB
MemFree:          187272 kB
MemAvailable:    1469432 kB
Buffers:           98852 kB
Cached:          1205120 kB
MemTotal:        1844596 kB
MemFree:          186140 kB
MemAvailable:    1468300 kB
Buffers:           98852 kB
Cached:          1205120 kB
MemTotal:        1844596 kB
MemFree:          184604 kB
MemAvailable:    1466764 kB
Buffers:           98852 kB
Cached:          1205120 kB
MemTotal:        1844596 kB
MemFree:          184856 kB
MemAvailable:    1467016 kB
Buffers:           98852 kB
Cached:          1205120 kB
MemTotal:        1844596 kB
MemFree:          184856 kB
MemAvailable:    1467016 kB
Buffers:           98852 kB
Cached:          1205120 kB
MemTotal:        1844596 kB
MemFree:          186156 kB
MemAvailable:    1468316 kB
Buffers:           98852 kB
Cached:          1205120 kB
MemTotal:        1844596 kB
MemFree:          184856 kB
MemAvailable:    1467016 kB
Buffers:           98852 kB
Cached:          1205120 kB
MemTotal:        1844596 kB
MemFree:          185104 kB
MemAvailable:    1467264 kB
Buffers:           98852 kB
Cached:          1205120 kB
MemTotal:        1844596 kB
MemFree:          185104 kB
MemAvailable:    1467264 kB
Buffers:           98852 kB
Cached:          1205120 kB
MemTotal:        1844596 kB
MemFree:          184972 kB
MemAvailable:    1467132 kB
Buffers:           98852 kB
Cached:          1205120 kB
MemTotal:        1844596 kB
MemFree:          185948 kB
MemAvailable:    1468108 kB
Buffers:           98852 kB
Cached:          1205120 kB
MemTotal:        1844596 kB
MemFree:          186200 kB
MemAvailable:    1468360 kB
Buffers:           98852 kB
Cached:          1205120 kB
MemTotal:        1844596 kB
MemFree:          186144 kB
MemAvailable:    1468304 kB
Buffers:           98852 kB
Cached:          1205120 kB
MemTotal:        1844596 kB
MemFree:          186156 kB
MemAvailable:    1468316 kB
Buffers:           98852 kB
Cached:          1205120 kB
MemTotal:        1844596 kB
MemFree:          185016 kB
MemAvailable:    1467176 kB
Buffers:           98852 kB
Cached:          1205120 kB
MemTotal:        1844596 kB
MemFree:          186132 kB
MemAvailable:    1468292 kB
Buffers:           98852 kB
Cached:          1205120 kB
MemTotal:        1844596 kB
MemFree:          186132 kB
MemAvailable:    1468292 kB
Buffers:           98852 kB
Cached:          1205120 kB
MemTotal:        1844596 kB
MemFree:          184992 kB
MemAvailable:    1467152 kB
Buffers:           98852 kB
Cached:          1205120 kB
MemTotal:        1844596 kB
MemFree:          184736 kB
MemAvailable:    1466896 kB
Buffers:           98852 kB
Cached:          1205120 kB
MemTotal:        1844596 kB
MemFree:          186004 kB
MemAvailable:    1468164 kB
Buffers:           98852 kB
Cached:          1205120 kB
MemTotal:        1844596 kB
MemFree:          186256 kB
MemAvailable:    1468416 kB
Buffers:           98852 kB
Cached:          1205120 kB
MemTotal:        1844596 kB
MemFree:          186216 kB
MemAvailable:    1468376 kB
Buffers:           98852 kB
Cached:          1205120 kB
MemTotal:        1844596 kB
MemFree:          185976 kB
MemAvailable:    1468136 kB
Buffers:           98852 kB
Cached:          1205120 kB
MemTotal:        1844596 kB
MemFree:          186036 kB
MemAvailable:    1468196 kB
Buffers:           98852 kB
Cached:          1205120 kB
MemTotal:        1844596 kB
MemFree:          186204 kB
MemAvailable:    1468364 kB
Buffers:           98852 kB
Cached:          1205120 kB
MemTotal:        1844596 kB
MemFree:          184648 kB
MemAvailable:    1466808 kB
Buffers:           98852 kB
Cached:          1205120 kB
MemTotal:        1844596 kB
MemFree:          184856 kB
MemAvailable:    1467016 kB
Buffers:           98852 kB
Cached:          1205120 kB
MemTotal:        1844596 kB
MemFree:          186068 kB
MemAvailable:    1468228 kB
Buffers:           98852 kB
Cached:          1205120 kB
MemTotal:        1844596 kB
MemFree:          185412 kB
MemAvailable:    1467572 kB
Buffers:           98852 kB
Cached:          1205120 kB
MemTotal:        1844596 kB
MemFree:          186588 kB
MemAvailable:    1468752 kB
Buffers:           98852 kB
Cached:          1205124 kB
MemTotal:        1844596 kB
MemFree:          186588 kB
MemAvailable:    1468752 kB
Buffers:           98852 kB
Cached:          1205124 kB
MemTotal:        1844596 kB
MemFree:          186404 kB
MemAvailable:    1468568 kB
Buffers:           98852 kB
Cached:          1205124 kB
MemTotal:        1844596 kB
MemFree:          185412 kB
MemAvailable:    1467576 kB
Buffers:           98852 kB
Cached:          1205124 kB
MemTotal:        1844596 kB
MemFree:          186528 kB
MemAvailable:    1468692 kB
Buffers:           98852 kB
Cached:          1205124 kB
MemTotal:        1844596 kB
MemFree:          185288 kB
MemAvailable:    1467452 kB
Buffers:           98852 kB
Cached:          1205124 kB
MemTotal:        1844596 kB
MemFree:          186528 kB
MemAvailable:    1468692 kB
Buffers:           98852 kB
Cached:          1205124 kB
MemTotal:        1844596 kB
MemFree:          185172 kB
MemAvailable:    1467336 kB
Buffers:           98852 kB
Cached:          1205124 kB
MemTotal:        1844596 kB
MemFree:          186016 kB
MemAvailable:    1468180 kB
Buffers:           98852 kB
Cached:          1205124 kB
MemTotal:        1844596 kB
MemFree:          186268 kB
MemAvailable:    1468432 kB
Buffers:           98852 kB
Cached:          1205124 kB
MemTotal:        1844596 kB
MemFree:          186144 kB
MemAvailable:    1468308 kB
Buffers:           98852 kB
Cached:          1205124 kB
MemTotal:        1844596 kB
MemFree:          184856 kB
MemAvailable:    1467020 kB
Buffers:           98852 kB
Cached:          1205124 kB
MemTotal:        1844596 kB
MemFree:          186000 kB
MemAvailable:    1468164 kB
Buffers:           98852 kB
Cached:          1205124 kB
MemTotal:        1844596 kB
MemFree:          186000 kB
MemAvailable:    1468164 kB
Buffers:           98852 kB
Cached:          1205124 kB
MemTotal:        1844596 kB
MemFree:          186144 kB
MemAvailable:    1468308 kB
Buffers:           98852 kB
Cached:          1205124 kB
MemTotal:        1844596 kB
MemFree:          184896 kB
MemAvailable:    1467060 kB
Buffers:           98852 kB
Cached:          1205124 kB
MemTotal:        1844596 kB
MemFree:          185768 kB
MemAvailable:    1467932 kB
Buffers:           98852 kB
Cached:          1205124 kB
MemTotal:        1844596 kB
MemFree:          184916 kB
MemAvailable:    1467080 kB
Buffers:           98852 kB
Cached:          1205124 kB
MemTotal:        1844596 kB
MemFree:          185540 kB
MemAvailable:    1467704 kB
Buffers:           98852 kB
Cached:          1205124 kB
MemTotal:        1844596 kB
MemFree:          185340 kB
MemAvailable:    1467504 kB
Buffers:           98852 kB
Cached:          1205124 kB
MemTotal:        1844596 kB
MemFree:          185176 kB
MemAvailable:    1467340 kB
Buffers:           98852 kB
Cached:          1205124 kB
MemTotal:        1844596 kB
MemFree:          183976 kB
MemAvailable:    1466140 kB
Buffers:           98852 kB
Cached:          1205124 kB
MemTotal:        1844596 kB
MemFree:          184908 kB
MemAvailable:    1467072 kB
Buffers:           98852 kB
Cached:          1205124 kB
MemTotal:        1844596 kB
MemFree:          185244 kB
MemAvailable:    1467408 kB
Buffers:           98852 kB
Cached:          1205124 kB
MemTotal:        1844596 kB
MemFree:          184852 kB
MemAvailable:    1467016 kB
Buffers:           98852 kB
Cached:          1205124 kB
MemTotal:        1844596 kB
MemFree:          185104 kB
MemAvailable:    1467268 kB
Buffers:           98852 kB
Cached:          1205124 kB
MemTotal:        1844596 kB
MemFree:          184712 kB
MemAvailable:    1466876 kB
Buffers:           98852 kB
Cached:          1205124 kB
MemTotal:        1844596 kB
MemFree:          184900 kB
MemAvailable:    1467064 kB
Buffers:           98852 kB
Cached:          1205124 kB
MemTotal:        1844596 kB
MemFree:          183924 kB
MemAvailable:    1466088 kB
Buffers:           98852 kB
Cached:          1205124 kB
MemTotal:        1844596 kB
MemFree:          184528 kB
MemAvailable:    1466692 kB
Buffers:           98852 kB
Cached:          1205124 kB
MemTotal:        1844596 kB
MemFree:          184612 kB
MemAvailable:    1466776 kB
Buffers:           98852 kB
Cached:          1205124 kB
MemTotal:        1844596 kB
MemFree:          184584 kB
MemAvailable:    1466748 kB
Buffers:           98852 kB
Cached:          1205124 kB
MemTotal:        1844596 kB
MemFree:          184480 kB
MemAvailable:    1466644 kB
Buffers:           98852 kB
Cached:          1205124 kB
MemTotal:        1844596 kB
MemFree:          183304 kB
MemAvailable:    1465468 kB
Buffers:           98852 kB
Cached:          1205124 kB
MemTotal:        1844596 kB
MemFree:          183296 kB
MemAvailable:    1465464 kB
Buffers:           98852 kB
Cached:          1205128 kB
MemTotal:        1844596 kB
MemFree:          184620 kB
MemAvailable:    1466788 kB
Buffers:           98852 kB
Cached:          1205128 kB
MemTotal:        1844596 kB
MemFree:          184668 kB
MemAvailable:    1466836 kB
Buffers:           98852 kB
Cached:          1205128 kB
MemTotal:        1844596 kB
MemFree:          183800 kB
MemAvailable:    1465968 kB
Buffers:           98852 kB
Cached:          1205128 kB
MemTotal:        1844596 kB
MemFree:          184164 kB
MemAvailable:    1466332 kB
Buffers:           98852 kB
Cached:          1205128 kB
MemTotal:        1844596 kB
MemFree:          184396 kB
MemAvailable:    1466564 kB
Buffers:           98852 kB
Cached:          1205128 kB
MemTotal:        1844596 kB
MemFree:          184368 kB
MemAvailable:    1466536 kB
Buffers:           98852 kB
Cached:          1205128 kB
MemTotal:        1844596 kB
MemFree:          183288 kB
MemAvailable:    1465456 kB
Buffers:           98852 kB
Cached:          1205128 kB
MemTotal:        1844596 kB
MemFree:          183412 kB
MemAvailable:    1465580 kB
Buffers:           98852 kB
Cached:          1205128 kB
MemTotal:        1844596 kB
MemFree:          182248 kB
MemAvailable:    1464416 kB
Buffers:           98852 kB
Cached:          1205128 kB
MemTotal:        1844596 kB
MemFree:          177724 kB
MemAvailable:    1459892 kB
Buffers:           98852 kB
Cached:          1205128 kB
MemTotal:        1844596 kB
MemFree:          175360 kB
MemAvailable:    1457528 kB
Buffers:           98852 kB
Cached:          1205128 kB
MemTotal:        1844596 kB
MemFree:          172772 kB
MemAvailable:    1454940 kB
Buffers:           98852 kB
Cached:          1205128 kB
MemTotal:        1844596 kB
MemFree:          173196 kB
MemAvailable:    1455364 kB
Buffers:           98852 kB
Cached:          1205128 kB
MemTotal:        1844596 kB
MemFree:          173532 kB
MemAvailable:    1455700 kB
Buffers:           98852 kB
Cached:          1205128 kB
MemTotal:        1844596 kB
MemFree:          173252 kB
MemAvailable:    1455420 kB
Buffers:           98852 kB
Cached:          1205128 kB
MemTotal:        1844596 kB
MemFree:          172880 kB
MemAvailable:    1455048 kB
Buffers:           98852 kB
Cached:          1205128 kB
MemTotal:        1844596 kB
MemFree:          172576 kB
MemAvailable:    1454744 kB
Buffers:           98852 kB
Cached:          1205128 kB
MemTotal:        1844596 kB
MemFree:          171276 kB
MemAvailable:    1453444 kB
Buffers:           98852 kB
Cached:          1205128 kB
MemTotal:        1844596 kB
MemFree:          171136 kB
MemAvailable:    1453304 kB
Buffers:           98852 kB
Cached:          1205128 kB
MemTotal:        1844596 kB
MemFree:          171220 kB
MemAvailable:    1453388 kB
Buffers:           98852 kB
Cached:          1205128 kB
MemTotal:        1844596 kB
MemFree:          170020 kB
MemAvailable:    1452188 kB
Buffers:           98852 kB
Cached:          1205128 kB
MemTotal:        1844596 kB
MemFree:          169664 kB
MemAvailable:    1451832 kB
Buffers:           98852 kB
Cached:          1205128 kB
MemTotal:        1844596 kB
MemFree:          169600 kB
MemAvailable:    1451768 kB
Buffers:           98852 kB
Cached:          1205128 kB
MemTotal:        1844596 kB
MemFree:          168432 kB
MemAvailable:    1450600 kB
Buffers:           98852 kB
Cached:          1205128 kB
MemTotal:        1844596 kB
MemFree:          169160 kB
MemAvailable:    1451328 kB
Buffers:           98852 kB
Cached:          1205128 kB
MemTotal:        1844596 kB
MemFree:          169496 kB
MemAvailable:    1451664 kB
Buffers:           98852 kB
Cached:          1205128 kB
MemTotal:        1844596 kB
MemFree:          169436 kB
MemAvailable:    1451604 kB
Buffers:           98852 kB
Cached:          1205128 kB
MemTotal:        1844596 kB
MemFree:          169180 kB
MemAvailable:    1451348 kB
Buffers:           98852 kB
Cached:          1205128 kB
MemTotal:        1844596 kB
MemFree:          168128 kB
MemAvailable:    1450296 kB
Buffers:           98852 kB
Cached:          1205128 kB
MemTotal:        1844596 kB
MemFree:          168128 kB
MemAvailable:    1450296 kB
Buffers:           98852 kB
Cached:          1205128 kB
MemTotal:        1844596 kB
MemFree:          168252 kB
MemAvailable:    1450420 kB
Buffers:           98852 kB
Cached:          1205128 kB
MemTotal:        1844596 kB
MemFree:          169352 kB
MemAvailable:    1451520 kB
Buffers:           98852 kB
Cached:          1205128 kB
MemTotal:        1844596 kB
MemFree:          168920 kB
MemAvailable:    1451088 kB
Buffers:           98852 kB
Cached:          1205128 kB
MemTotal:        1844596 kB
MemFree:          169288 kB
MemAvailable:    1451456 kB
Buffers:           98852 kB
Cached:          1205128 kB
MemTotal:        1844596 kB
MemFree:          168972 kB
MemAvailable:    1451140 kB
Buffers:           98852 kB
Cached:          1205128 kB
MemTotal:        1844596 kB
MemFree:          168972 kB
MemAvailable:    1451140 kB
Buffers:           98852 kB
Cached:          1205128 kB
MemTotal:        1844596 kB
MemFree:          167176 kB
MemAvailable:    1449344 kB
Buffers:           98852 kB
Cached:          1205128 kB
MemTotal:        1844596 kB
MemFree:          167300 kB
MemAvailable:    1449468 kB
Buffers:           98852 kB
Cached:          1205128 kB
MemTotal:        1844596 kB
MemFree:          167432 kB
MemAvailable:    1449600 kB
Buffers:           98852 kB
Cached:          1205128 kB
MemTotal:        1844596 kB
MemFree:          167320 kB
MemAvailable:    1449488 kB
Buffers:           98852 kB
Cached:          1205128 kB
MemTotal:        1844596 kB
MemFree:          166324 kB
MemAvailable:    1448492 kB
Buffers:           98852 kB
Cached:          1205128 kB
MemTotal:        1844596 kB
MemFree:          167432 kB
MemAvailable:    1449600 kB
Buffers:           98852 kB
Cached:          1205128 kB
MemTotal:        1844596 kB
MemFree:          166068 kB
MemAvailable:    1448236 kB
Buffers:           98852 kB
Cached:          1205128 kB
MemTotal:        1844596 kB
MemFree:          166740 kB
MemAvailable:    1448908 kB
Buffers:           98852 kB
Cached:          1205128 kB
MemTotal:        1844596 kB
MemFree:          165936 kB
MemAvailable:    1448104 kB
Buffers:           98852 kB
Cached:          1205128 kB
MemTotal:        1844596 kB
MemFree:          165456 kB
MemAvailable:    1447624 kB
Buffers:           98852 kB
Cached:          1205128 kB
MemTotal:        1844596 kB
MemFree:          165632 kB
MemAvailable:    1447800 kB
Buffers:           98852 kB
Cached:          1205128 kB
MemTotal:        1844596 kB
MemFree:          165968 kB
MemAvailable:    1448136 kB
Buffers:           98852 kB
Cached:          1205128 kB
MemTotal:        1844596 kB
MemFree:          165448 kB
MemAvailable:    1447616 kB
Buffers:           98852 kB
Cached:          1205128 kB
MemTotal:        1844596 kB
MemFree:          165268 kB
MemAvailable:    1447436 kB
Buffers:           98852 kB
Cached:          1205128 kB
MemTotal:        1844596 kB
MemFree:          165520 kB
MemAvailable:    1447688 kB
Buffers:           98852 kB
Cached:          1205128 kB
MemTotal:        1844596 kB
MemFree:          164036 kB
MemAvailable:    1446204 kB
Buffers:           98852 kB
Cached:          1205128 kB
MemTotal:        1844596 kB
MemFree:          163904 kB
MemAvailable:    1446072 kB
Buffers:           98852 kB
Cached:          1205128 kB
MemTotal:        1844596 kB
MemFree:          165132 kB
MemAvailable:    1447300 kB
Buffers:           98852 kB
Cached:          1205128 kB
MemTotal:        1844596 kB
MemFree:          165300 kB
MemAvailable:    1447468 kB
Buffers:           98852 kB
Cached:          1205128 kB
MemTotal:        1844596 kB
MemFree:          165240 kB
MemAvailable:    1447408 kB
Buffers:           98852 kB
Cached:          1205128 kB
MemTotal:        1844596 kB
MemFree:          164188 kB
MemAvailable:    1446356 kB
Buffers:           98852 kB
Cached:          1205128 kB
MemTotal:        1844596 kB
MemFree:          165060 kB
MemAvailable:    1447228 kB
Buffers:           98852 kB
Cached:          1205128 kB
MemTotal:        1844596 kB
MemFree:          164952 kB
MemAvailable:    1447120 kB
Buffers:           98852 kB
Cached:          1205128 kB
MemTotal:        1844596 kB
MemFree:          163904 kB
MemAvailable:    1446072 kB
Buffers:           98852 kB
Cached:          1205128 kB
MemTotal:        1844596 kB
MemFree:          165204 kB
MemAvailable:    1447372 kB
Buffers:           98852 kB
Cached:          1205128 kB
MemTotal:        1844596 kB
MemFree:          164084 kB
MemAvailable:    1446252 kB
Buffers:           98852 kB
Cached:          1205128 kB
MemTotal:        1844596 kB
MemFree:          164936 kB
MemAvailable:    1447108 kB
Buffers:           98852 kB
Cached:          1205132 kB
MemTotal:        1844596 kB
MemFree:          165020 kB
MemAvailable:    1447192 kB
Buffers:           98852 kB
Cached:          1205132 kB
MemTotal:        1844596 kB
MemFree:          165076 kB
MemAvailable:    1447248 kB
Buffers:           98852 kB
Cached:          1205132 kB
MemTotal:        1844596 kB
MemFree:          164964 kB
MemAvailable:    1447136 kB
Buffers:           98852 kB
Cached:          1205132 kB
MemTotal:        1844596 kB
MemFree:          164892 kB
MemAvailable:    1447064 kB
Buffers:           98852 kB
Cached:          1205132 kB
MemTotal:        1844596 kB
MemFree:          164892 kB
MemAvailable:    1447064 kB
Buffers:           98852 kB
Cached:          1205132 kB
MemTotal:        1844596 kB
MemFree:          164764 kB
MemAvailable:    1446936 kB
Buffers:           98852 kB
Cached:          1205132 kB
MemTotal:        1844596 kB
MemFree:          165100 kB
MemAvailable:    1447272 kB
Buffers:           98852 kB
Cached:          1205132 kB
MemTotal:        1844596 kB
MemFree:          164892 kB
MemAvailable:    1447064 kB
Buffers:           98852 kB
Cached:          1205132 kB
MemTotal:        1844596 kB
MemFree:          164696 kB
MemAvailable:    1446868 kB
Buffers:           98852 kB
Cached:          1205132 kB
MemTotal:        1844596 kB
MemFree:          164084 kB
MemAvailable:    1446256 kB
Buffers:           98852 kB
Cached:          1205132 kB
MemTotal:        1844596 kB
MemFree:          165492 kB
MemAvailable:    1447664 kB
Buffers:           98852 kB
Cached:          1205132 kB
MemTotal:        1844596 kB
MemFree:          165440 kB
MemAvailable:    1447612 kB
Buffers:           98852 kB
Cached:          1205132 kB
MemTotal:        1844596 kB
MemFree:          164168 kB
MemAvailable:    1446344 kB
Buffers:           98852 kB
Cached:          1205136 kB
MemTotal:        1844596 kB
MemFree:          164076 kB
MemAvailable:    1446252 kB
Buffers:           98852 kB
Cached:          1205136 kB
MemTotal:        1844596 kB
MemFree:          163756 kB
MemAvailable:    1445932 kB
Buffers:           98852 kB
Cached:          1205136 kB
MemTotal:        1844596 kB
MemFree:          163400 kB
MemAvailable:    1445576 kB
Buffers:           98852 kB
Cached:          1205136 kB
MemTotal:        1844596 kB
MemFree:          161604 kB
MemAvailable:    1443780 kB
Buffers:           98852 kB
Cached:          1205136 kB
MemTotal:        1844596 kB
MemFree:          160300 kB
MemAvailable:    1442476 kB
Buffers:           98852 kB
Cached:          1205136 kB
MemTotal:        1844596 kB
MemFree:          157256 kB
MemAvailable:    1439432 kB
Buffers:           98852 kB
Cached:          1205136 kB
MemTotal:        1844596 kB
MemFree:          154396 kB
MemAvailable:    1436572 kB
Buffers:           98852 kB
Cached:          1205136 kB
MemTotal:        1844596 kB
MemFree:          154288 kB
MemAvailable:    1436464 kB
Buffers:           98852 kB
Cached:          1205136 kB
MemTotal:        1844596 kB
MemFree:          149816 kB
MemAvailable:    1431992 kB
Buffers:           98852 kB
Cached:          1205136 kB
MemTotal:        1844596 kB
MemFree:          146468 kB
MemAvailable:    1428644 kB
Buffers:           98852 kB
Cached:          1205136 kB
MemTotal:        1844596 kB
MemFree:          145484 kB
MemAvailable:    1427660 kB
Buffers:           98852 kB
Cached:          1205136 kB
MemTotal:        1844596 kB
MemFree:          146552 kB
MemAvailable:    1428728 kB
Buffers:           98852 kB
Cached:          1205136 kB
MemTotal:        1844596 kB
MemFree:          146720 kB
MemAvailable:    1428896 kB
Buffers:           98852 kB
Cached:          1205136 kB
MemTotal:        1844596 kB
MemFree:          146732 kB
MemAvailable:    1428908 kB
Buffers:           98852 kB
Cached:          1205136 kB
MemTotal:        1844596 kB
MemFree:          146704 kB
MemAvailable:    1428880 kB
Buffers:           98852 kB
Cached:          1205136 kB
MemTotal:        1844596 kB
MemFree:          146592 kB
MemAvailable:    1428768 kB
Buffers:           98852 kB
Cached:          1205136 kB
MemTotal:        1844596 kB
MemFree:          146296 kB
MemAvailable:    1428472 kB
Buffers:           98852 kB
Cached:          1205136 kB
MemTotal:        1844596 kB
MemFree:          146464 kB
MemAvailable:    1428640 kB
Buffers:           98852 kB
Cached:          1205136 kB
MemTotal:        1844596 kB
MemFree:          146180 kB
MemAvailable:    1428356 kB
Buffers:           98852 kB
Cached:          1205136 kB
MemTotal:        1844596 kB
MemFree:          144920 kB
MemAvailable:    1427096 kB
Buffers:           98852 kB
Cached:          1205136 kB
MemTotal:        1844596 kB
MemFree:          146272 kB
MemAvailable:    1428448 kB
Buffers:           98852 kB
Cached:          1205136 kB
MemTotal:        1844596 kB
MemFree:          145724 kB
MemAvailable:    1427900 kB
Buffers:           98852 kB
Cached:          1205136 kB
MemTotal:        1844596 kB
MemFree:          145616 kB
MemAvailable:    1427792 kB
Buffers:           98852 kB
Cached:          1205136 kB
MemTotal:        1844596 kB
MemFree:          144072 kB
MemAvailable:    1426248 kB
Buffers:           98852 kB
Cached:          1205136 kB
MemTotal:        1844596 kB
MemFree:          145344 kB
MemAvailable:    1427520 kB
Buffers:           98852 kB
Cached:          1205136 kB
MemTotal:        1844596 kB
MemFree:          145596 kB
MemAvailable:    1427772 kB
Buffers:           98852 kB
Cached:          1205136 kB
MemTotal:        1844596 kB
MemFree:          145364 kB
MemAvailable:    1427540 kB
Buffers:           98852 kB
Cached:          1205136 kB
MemTotal:        1844596 kB
MemFree:          144188 kB
MemAvailable:    1426364 kB
Buffers:           98852 kB
Cached:          1205136 kB
MemTotal:        1844596 kB
MemFree:          145428 kB
MemAvailable:    1427604 kB
Buffers:           98852 kB
Cached:          1205136 kB
MemTotal:        1844596 kB
MemFree:          145568 kB
MemAvailable:    1427744 kB
Buffers:           98852 kB
Cached:          1205136 kB
MemTotal:        1844596 kB
MemFree:          144492 kB
MemAvailable:    1426668 kB
Buffers:           98852 kB
Cached:          1205136 kB
MemTotal:        1844596 kB
MemFree:          145292 kB
MemAvailable:    1427468 kB
Buffers:           98852 kB
Cached:          1205136 kB
MemTotal:        1844596 kB
MemFree:          145236 kB
MemAvailable:    1427412 kB
Buffers:           98852 kB
Cached:          1205136 kB
MemTotal:        1844596 kB
MemFree:          144232 kB
MemAvailable:    1426408 kB
Buffers:           98852 kB
Cached:          1205136 kB
MemTotal:        1844596 kB
MemFree:          145424 kB
MemAvailable:    1427600 kB
Buffers:           98852 kB
Cached:          1205136 kB
MemTotal:        1844596 kB
MemFree:          145592 kB
MemAvailable:    1427768 kB
Buffers:           98852 kB
Cached:          1205136 kB
MemTotal:        1844596 kB
MemFree:          145484 kB
MemAvailable:    1427660 kB
Buffers:           98852 kB
Cached:          1205136 kB
MemTotal:        1844596 kB
MemFree:          144196 kB
MemAvailable:    1426372 kB
Buffers:           98852 kB
Cached:          1205136 kB
MemTotal:        1844596 kB
MemFree:          145492 kB
MemAvailable:    1427668 kB
Buffers:           98852 kB
Cached:          1205136 kB
MemTotal:        1844596 kB
MemFree:          145404 kB
MemAvailable:    1427580 kB
Buffers:           98852 kB
Cached:          1205136 kB
MemTotal:        1844596 kB
MemFree:          145324 kB
MemAvailable:    1427500 kB
Buffers:           98852 kB
Cached:          1205136 kB
MemTotal:        1844596 kB
MemFree:          145576 kB
MemAvailable:    1427752 kB
Buffers:           98852 kB
Cached:          1205136 kB
MemTotal:        1844596 kB
MemFree:          142384 kB
MemAvailable:    1424560 kB
Buffers:           98852 kB
Cached:          1205136 kB
MemTotal:        1844596 kB
MemFree:          138276 kB
MemAvailable:    1420452 kB
Buffers:           98852 kB
Cached:          1205136 kB
MemTotal:        1844596 kB
MemFree:          137796 kB
MemAvailable:    1419972 kB
Buffers:           98852 kB
Cached:          1205136 kB
MemTotal:        1844596 kB
MemFree:          134260 kB
MemAvailable:    1416436 kB
Buffers:           98852 kB
Cached:          1205136 kB
MemTotal:        1844596 kB
MemFree:          131656 kB
MemAvailable:    1413832 kB
Buffers:           98852 kB
Cached:          1205136 kB
MemTotal:        1844596 kB
MemFree:          130240 kB
MemAvailable:    1412416 kB
Buffers:           98852 kB
Cached:          1205136 kB
MemTotal:        1844596 kB
MemFree:          127444 kB
MemAvailable:    1409620 kB
Buffers:           98852 kB
Cached:          1205136 kB
MemTotal:        1844596 kB
MemFree:          125836 kB
MemAvailable:    1408012 kB
Buffers:           98852 kB
Cached:          1205136 kB
MemTotal:        1844596 kB
MemFree:          127116 kB
MemAvailable:    1409292 kB
Buffers:           98852 kB
Cached:          1205136 kB
MemTotal:        1844596 kB
MemFree:          127368 kB
MemAvailable:    1409544 kB
Buffers:           98852 kB
Cached:          1205136 kB
MemTotal:        1844596 kB
MemFree:          126004 kB
MemAvailable:    1408180 kB
Buffers:           98852 kB
Cached:          1205136 kB
MemTotal:        1844596 kB
MemFree:          127064 kB
MemAvailable:    1409240 kB
Buffers:           98852 kB
Cached:          1205136 kB
MemTotal:        1844596 kB
MemFree:          127316 kB
MemAvailable:    1409492 kB
Buffers:           98852 kB
Cached:          1205136 kB
MemTotal:        1844596 kB
MemFree:          127172 kB
MemAvailable:    1409348 kB
Buffers:           98852 kB
Cached:          1205136 kB
MemTotal:        1844596 kB
MemFree:          125752 kB
MemAvailable:    1407928 kB
Buffers:           98852 kB
Cached:          1205136 kB
MemTotal:        1844596 kB
MemFree:          125844 kB
MemAvailable:    1408020 kB
Buffers:           98852 kB
Cached:          1205136 kB
MemTotal:        1844596 kB
MemFree:          127124 kB
MemAvailable:    1409300 kB
Buffers:           98852 kB
Cached:          1205136 kB
MemTotal:        1844596 kB
MemFree:          126768 kB
MemAvailable:    1408944 kB
Buffers:           98852 kB
Cached:          1205136 kB
MemTotal:        1844596 kB
MemFree:          125844 kB
MemAvailable:    1408020 kB
Buffers:           98852 kB
Cached:          1205136 kB
MemTotal:        1844596 kB
MemFree:          127084 kB
MemAvailable:    1409260 kB
Buffers:           98852 kB
Cached:          1205136 kB
MemTotal:        1844596 kB
MemFree:          125844 kB
MemAvailable:    1408020 kB
Buffers:           98852 kB
Cached:          1205136 kB
MemTotal:        1844596 kB
MemFree:          127116 kB
MemAvailable:    1409292 kB
Buffers:           98852 kB
Cached:          1205136 kB
MemTotal:        1844596 kB
MemFree:          127116 kB
MemAvailable:    1409292 kB
Buffers:           98852 kB
Cached:          1205136 kB
MemTotal:        1844596 kB
MemFree:          127076 kB
MemAvailable:    1409252 kB
Buffers:           98852 kB
Cached:          1205136 kB
MemTotal:        1844596 kB
MemFree:          127132 kB
MemAvailable:    1409308 kB
Buffers:           98852 kB
Cached:          1205136 kB
MemTotal:        1844596 kB
MemFree:          126396 kB
MemAvailable:    1408572 kB
Buffers:           98852 kB
Cached:          1205136 kB
MemTotal:        1844596 kB
MemFree:          126264 kB
MemAvailable:    1408440 kB
Buffers:           98852 kB
Cached:          1205136 kB
MemTotal:        1844596 kB
MemFree:          127496 kB
MemAvailable:    1409672 kB
Buffers:           98852 kB
Cached:          1205136 kB
MemTotal:        1844596 kB
MemFree:          126008 kB
MemAvailable:    1408184 kB
Buffers:           98852 kB
Cached:          1205136 kB
MemTotal:        1844596 kB
MemFree:          127496 kB
MemAvailable:    1409672 kB
Buffers:           98852 kB
Cached:          1205136 kB
MemTotal:        1844596 kB
MemFree:          127496 kB
MemAvailable:    1409684 kB
Buffers:           98852 kB
Cached:          1205148 kB
MemTotal:        1844596 kB
MemFree:          127176 kB
MemAvailable:    1409364 kB
Buffers:           98852 kB
Cached:          1205148 kB
MemTotal:        1844596 kB
MemFree:          125864 kB
MemAvailable:    1408052 kB
Buffers:           98852 kB
Cached:          1205148 kB
MemTotal:        1844596 kB
MemFree:          127236 kB
MemAvailable:    1409424 kB
Buffers:           98852 kB
Cached:          1205148 kB
MemTotal:        1844596 kB
MemFree:          127100 kB
MemAvailable:    1409288 kB
Buffers:           98852 kB
Cached:          1205148 kB
MemTotal:        1844596 kB
MemFree:          127352 kB
MemAvailable:    1409540 kB
Buffers:           98852 kB
Cached:          1205148 kB
MemTotal:        1844596 kB
MemFree:          127172 kB
MemAvailable:    1409360 kB
Buffers:           98852 kB
Cached:          1205148 kB
MemTotal:        1844596 kB
MemFree:          127304 kB
MemAvailable:    1409492 kB
Buffers:           98852 kB
Cached:          1205148 kB
MemTotal:        1844596 kB
MemFree:          126388 kB
MemAvailable:    1408576 kB
Buffers:           98852 kB
Cached:          1205148 kB
MemTotal:        1844596 kB
MemFree:          127588 kB
MemAvailable:    1409776 kB
Buffers:           98852 kB
Cached:          1205148 kB
MemTotal:        1844596 kB
MemFree:          126264 kB
MemAvailable:    1408452 kB
Buffers:           98852 kB
Cached:          1205148 kB
MemTotal:        1844596 kB
MemFree:          124612 kB
MemAvailable:    1406800 kB
Buffers:           98852 kB
Cached:          1205148 kB
MemTotal:        1844596 kB
MemFree:          121296 kB
MemAvailable:    1403484 kB
Buffers:           98852 kB
Cached:          1205148 kB
MemTotal:        1844596 kB
MemFree:          118328 kB
MemAvailable:    1400516 kB
Buffers:           98852 kB
Cached:          1205148 kB
MemTotal:        1844596 kB
MemFree:          114476 kB
MemAvailable:    1396664 kB
Buffers:           98852 kB
Cached:          1205148 kB
MemTotal:        1844596 kB
MemFree:          109772 kB
MemAvailable:    1391960 kB
Buffers:           98852 kB
Cached:          1205148 kB
MemTotal:        1844596 kB
MemFree:          110020 kB
MemAvailable:    1392208 kB
Buffers:           98852 kB
Cached:          1205148 kB
MemTotal:        1844596 kB
MemFree:          109152 kB
MemAvailable:    1391340 kB
Buffers:           98852 kB
Cached:          1205148 kB
MemTotal:        1844596 kB
MemFree:          109780 kB
MemAvailable:    1391968 kB
Buffers:           98852 kB
Cached:          1205148 kB
MemTotal:        1844596 kB
MemFree:          109460 kB
MemAvailable:    1391648 kB
Buffers:           98852 kB
Cached:          1205148 kB
MemTotal:        1844596 kB
MemFree:          108292 kB
MemAvailable:    1390480 kB
Buffers:           98852 kB
Cached:          1205148 kB
MemTotal:        1844596 kB
MemFree:          107540 kB
MemAvailable:    1389728 kB
Buffers:           98852 kB
Cached:          1205148 kB
MemTotal:        1844596 kB
MemFree:          108864 kB
MemAvailable:    1391052 kB
Buffers:           98852 kB
Cached:          1205148 kB
MemTotal:        1844596 kB
MemFree:          108656 kB
MemAvailable:    1390844 kB
Buffers:           98852 kB
Cached:          1205148 kB
MemTotal:        1844596 kB
MemFree:          108904 kB
MemAvailable:    1391092 kB
Buffers:           98852 kB
Cached:          1205148 kB
MemTotal:        1844596 kB
MemFree:          107408 kB
MemAvailable:    1389596 kB
Buffers:           98852 kB
Cached:          1205148 kB
MemTotal:        1844596 kB
MemFree:          108392 kB
MemAvailable:    1390580 kB
Buffers:           98852 kB
Cached:          1205148 kB
MemTotal:        1844596 kB
MemFree:          108392 kB
MemAvailable:    1390580 kB
Buffers:           98852 kB
Cached:          1205148 kB
MemTotal:        1844596 kB
MemFree:          108272 kB
MemAvailable:    1390460 kB
Buffers:           98852 kB
Cached:          1205148 kB
MemTotal:        1844596 kB
MemFree:          108284 kB
MemAvailable:    1390472 kB
Buffers:           98852 kB
Cached:          1205148 kB
MemTotal:        1844596 kB
MemFree:          106920 kB
MemAvailable:    1389108 kB
Buffers:           98852 kB
Cached:          1205148 kB
MemTotal:        1844596 kB
MemFree:          107532 kB
MemAvailable:    1389720 kB
Buffers:           98852 kB
Cached:          1205148 kB
MemTotal:        1844596 kB
MemFree:          107788 kB
MemAvailable:    1389976 kB
Buffers:           98852 kB
Cached:          1205148 kB
MemTotal:        1844596 kB
MemFree:          105424 kB
MemAvailable:    1387612 kB
Buffers:           98852 kB
Cached:          1205148 kB
MemTotal:        1844596 kB
MemFree:          106664 kB
MemAvailable:    1388852 kB
Buffers:           98852 kB
Cached:          1205148 kB
MemTotal:        1844596 kB
MemFree:          105796 kB
MemAvailable:    1387984 kB
Buffers:           98852 kB
Cached:          1205148 kB
MemTotal:        1844596 kB
MemFree:          105688 kB
MemAvailable:    1387876 kB
Buffers:           98852 kB
Cached:          1205148 kB
MemTotal:        1844596 kB
MemFree:          103944 kB
MemAvailable:    1386132 kB
Buffers:           98852 kB
Cached:          1205148 kB
MemTotal:        1844596 kB
MemFree:          104252 kB
MemAvailable:    1386440 kB
Buffers:           98852 kB
Cached:          1205148 kB
MemTotal:        1844596 kB
MemFree:          102208 kB
MemAvailable:    1384396 kB
Buffers:           98852 kB
Cached:          1205148 kB
MemTotal:        1844596 kB
MemFree:          102688 kB
MemAvailable:    1384876 kB
Buffers:           98852 kB
Cached:          1205148 kB
MemTotal:        1844596 kB
MemFree:          102572 kB
MemAvailable:    1384760 kB
Buffers:           98852 kB
Cached:          1205148 kB
MemTotal:        1844596 kB
MemFree:          102608 kB
MemAvailable:    1384796 kB
Buffers:           98852 kB
Cached:          1205148 kB
MemTotal:        1844596 kB
MemFree:          102828 kB
MemAvailable:    1385016 kB
Buffers:           98852 kB
Cached:          1205148 kB
MemTotal:        1844596 kB
MemFree:          102492 kB
MemAvailable:    1384680 kB
Buffers:           98852 kB
Cached:          1205148 kB
MemTotal:        1844596 kB
MemFree:          102516 kB
MemAvailable:    1384704 kB
Buffers:           98852 kB
Cached:          1205148 kB
MemTotal:        1844596 kB
MemFree:          102768 kB
MemAvailable:    1384956 kB
Buffers:           98852 kB
Cached:          1205148 kB
MemTotal:        1844596 kB
MemFree:          102068 kB
MemAvailable:    1384256 kB
Buffers:           98852 kB
Cached:          1205148 kB
MemTotal:        1844596 kB
MemFree:          101340 kB
MemAvailable:    1383528 kB
Buffers:           98852 kB
Cached:          1205148 kB
MemTotal:        1844596 kB
MemFree:           99852 kB
MemAvailable:    1382040 kB
Buffers:           98852 kB
Cached:          1205148 kB
MemTotal:        1844596 kB
MemFree:           99852 kB
MemAvailable:    1382040 kB
Buffers:           98852 kB
Cached:          1205148 kB
MemTotal:        1844596 kB
MemFree:           99844 kB
MemAvailable:    1382032 kB
Buffers:           98852 kB
Cached:          1205148 kB
MemTotal:        1844596 kB
MemFree:          100952 kB
MemAvailable:    1383140 kB
Buffers:           98852 kB
Cached:          1205148 kB
MemTotal:        1844596 kB
MemFree:          101092 kB
MemAvailable:    1383280 kB
Buffers:           98852 kB
Cached:          1205148 kB
MemTotal:        1844596 kB
MemFree:           99540 kB
MemAvailable:    1381728 kB
Buffers:           98852 kB
Cached:          1205148 kB
MemTotal:        1844596 kB
MemFree:           99912 kB
MemAvailable:    1382100 kB
Buffers:           98852 kB
Cached:          1205148 kB
MemTotal:        1844596 kB
MemFree:          101096 kB
MemAvailable:    1383284 kB
Buffers:           98852 kB
Cached:          1205148 kB
MemTotal:        1844596 kB
MemFree:          100036 kB
MemAvailable:    1382224 kB
Buffers:           98852 kB
Cached:          1205148 kB
MemTotal:        1844596 kB
MemFree:           99788 kB
MemAvailable:    1381976 kB
Buffers:           98852 kB
Cached:          1205148 kB
MemTotal:        1844596 kB
MemFree:           99656 kB
MemAvailable:    1381844 kB
Buffers:           98852 kB
Cached:          1205148 kB
MemTotal:        1844596 kB
MemFree:          101020 kB
MemAvailable:    1383208 kB
Buffers:           98852 kB
Cached:          1205148 kB
MemTotal:        1844596 kB
MemFree:           99692 kB
MemAvailable:    1381880 kB
Buffers:           98852 kB
Cached:          1205148 kB
MemTotal:        1844596 kB
MemFree:           99652 kB
MemAvailable:    1381840 kB
Buffers:           98852 kB
Cached:          1205148 kB
MemTotal:        1844596 kB
MemFree:          100952 kB
MemAvailable:    1383140 kB
Buffers:           98852 kB
Cached:          1205148 kB
MemTotal:        1844596 kB
MemFree:          100948 kB
MemAvailable:    1383136 kB
Buffers:           98852 kB
Cached:          1205148 kB
MemTotal:        1844596 kB
MemFree:          100880 kB
MemAvailable:    1383068 kB
Buffers:           98852 kB
Cached:          1205148 kB
MemTotal:        1844596 kB
MemFree:          100852 kB
MemAvailable:    1383040 kB
Buffers:           98852 kB
Cached:          1205148 kB
MemTotal:        1844596 kB
MemFree:          101020 kB
MemAvailable:    1383208 kB
Buffers:           98852 kB
Cached:          1205148 kB
MemTotal:        1844596 kB
MemFree:          100960 kB
MemAvailable:    1383148 kB
Buffers:           98852 kB
Cached:          1205148 kB
MemTotal:        1844596 kB
MemFree:          100960 kB
MemAvailable:    1383148 kB
Buffers:           98852 kB
Cached:          1205148 kB
MemTotal:        1844596 kB
MemFree:          100844 kB
MemAvailable:    1383032 kB
Buffers:           98852 kB
Cached:          1205148 kB
MemTotal:        1844596 kB
MemFree:          100232 kB
MemAvailable:    1382420 kB
Buffers:           98852 kB
Cached:          1205148 kB
MemTotal:        1844596 kB
MemFree:          100828 kB
MemAvailable:    1383016 kB
Buffers:           98852 kB
Cached:          1205148 kB
MemTotal:        1844596 kB
MemFree:          101164 kB
MemAvailable:    1383352 kB
Buffers:           98852 kB
Cached:          1205148 kB
MemTotal:        1844596 kB
MemFree:           99720 kB
MemAvailable:    1381908 kB
Buffers:           98852 kB
Cached:          1205148 kB
MemTotal:        1844596 kB
MemFree:           99804 kB
MemAvailable:    1381992 kB
Buffers:           98852 kB
Cached:          1205148 kB
MemTotal:        1844596 kB
MemFree:          101036 kB
MemAvailable:    1383224 kB
Buffers:           98852 kB
Cached:          1205148 kB
MemTotal:        1844596 kB
MemFree:           99688 kB
MemAvailable:    1381888 kB
Buffers:           98852 kB
Cached:          1205160 kB
MemTotal:        1844596 kB
MemFree:           99728 kB
MemAvailable:    1381928 kB
Buffers:           98852 kB
Cached:          1205160 kB
MemTotal:        1844596 kB
MemFree:          100968 kB
MemAvailable:    1383168 kB
Buffers:           98852 kB
Cached:          1205160 kB
MemTotal:        1844596 kB
MemFree:          100348 kB
MemAvailable:    1382548 kB
Buffers:           98852 kB
Cached:          1205160 kB
MemTotal:        1844596 kB
MemFree:          100776 kB
MemAvailable:    1382976 kB
Buffers:           98852 kB
Cached:          1205160 kB
MemTotal:        1844596 kB
MemFree:          101112 kB
MemAvailable:    1383312 kB
Buffers:           98852 kB
Cached:          1205160 kB
MemTotal:        1844596 kB
MemFree:          100784 kB
MemAvailable:    1382984 kB
Buffers:           98852 kB
Cached:          1205160 kB
MemTotal:        1844596 kB
MemFree:          100812 kB
MemAvailable:    1383012 kB
Buffers:           98852 kB
Cached:          1205160 kB
MemTotal:        1844596 kB
MemFree:           99576 kB
MemAvailable:    1381776 kB
Buffers:           98852 kB
Cached:          1205160 kB
MemTotal:        1844596 kB
MemFree:          100784 kB
MemAvailable:    1382984 kB
Buffers:           98852 kB
Cached:          1205160 kB
MemTotal:        1844596 kB
MemFree:           99552 kB
MemAvailable:    1381752 kB
Buffers:           98852 kB
Cached:          1205160 kB
MemTotal:        1844596 kB
MemFree:          100888 kB
MemAvailable:    1383088 kB
Buffers:           98852 kB
Cached:          1205160 kB
MemTotal:        1844596 kB
MemFree:          100284 kB
MemAvailable:    1382484 kB
Buffers:           98852 kB
Cached:          1205160 kB
MemTotal:        1844596 kB
MemFree:           96752 kB
MemAvailable:    1378952 kB
Buffers:           98852 kB
Cached:          1205160 kB
MemTotal:        1844596 kB
MemFree:           93264 kB
MemAvailable:    1375464 kB
Buffers:           98852 kB
Cached:          1205160 kB
MemTotal:        1844596 kB
MemFree:           93264 kB
MemAvailable:    1375464 kB
Buffers:           98852 kB
Cached:          1205160 kB
MemTotal:        1844596 kB
MemFree:           88692 kB
MemAvailable:    1370892 kB
Buffers:           98852 kB
Cached:          1205160 kB
MemTotal:        1844596 kB
MemFree:           84832 kB
MemAvailable:    1367032 kB
Buffers:           98852 kB
Cached:          1205160 kB
MemTotal:        1844596 kB
MemFree:           84832 kB
MemAvailable:    1367032 kB
Buffers:           98852 kB
Cached:          1205160 kB
MemTotal:        1844596 kB
MemFree:           80508 kB
MemAvailable:    1362708 kB
Buffers:           98852 kB
Cached:          1205160 kB
MemTotal:        1844596 kB
MemFree:           81748 kB
MemAvailable:    1363948 kB
Buffers:           98852 kB
Cached:          1205160 kB
MemTotal:        1844596 kB
MemFree:           81012 kB
MemAvailable:    1363212 kB
Buffers:           98852 kB
Cached:          1205160 kB
MemTotal:        1844596 kB
MemFree:           81368 kB
MemAvailable:    1363568 kB
Buffers:           98852 kB
Cached:          1205160 kB
MemTotal:        1844596 kB
MemFree:           81704 kB
MemAvailable:    1363904 kB
Buffers:           98852 kB
Cached:          1205160 kB
MemTotal:        1844596 kB
MemFree:           81512 kB
MemAvailable:    1363712 kB
Buffers:           98852 kB
Cached:          1205160 kB
MemTotal:        1844596 kB
MemFree:           80332 kB
MemAvailable:    1362532 kB
Buffers:           98852 kB
Cached:          1205160 kB
MemTotal:        1844596 kB
MemFree:           81568 kB
MemAvailable:    1363768 kB
Buffers:           98852 kB
Cached:          1205160 kB
MemTotal:        1844596 kB
MemFree:           80756 kB
MemAvailable:    1362956 kB
Buffers:           98852 kB
Cached:          1205160 kB
MemTotal:        1844596 kB
MemFree:           81236 kB
MemAvailable:    1363436 kB
Buffers:           98852 kB
Cached:          1205160 kB
MemTotal:        1844596 kB
MemFree:           81572 kB
MemAvailable:    1363772 kB
Buffers:           98852 kB
Cached:          1205160 kB
MemTotal:        1844596 kB
MemFree:           81404 kB
MemAvailable:    1363604 kB
Buffers:           98852 kB
Cached:          1205160 kB
MemTotal:        1844596 kB
MemFree:           81500 kB
MemAvailable:    1363700 kB
Buffers:           98852 kB
Cached:          1205160 kB
MemTotal:        1844596 kB
MemFree:           81540 kB
MemAvailable:    1363740 kB
Buffers:           98852 kB
Cached:          1205160 kB
MemTotal:        1844596 kB
MemFree:           81224 kB
MemAvailable:    1363424 kB
Buffers:           98852 kB
Cached:          1205160 kB
MemTotal:        1844596 kB
MemFree:           81120 kB
MemAvailable:    1363320 kB
Buffers:           98852 kB
Cached:          1205160 kB
MemTotal:        1844596 kB
MemFree:           81164 kB
MemAvailable:    1363364 kB
Buffers:           98852 kB
Cached:          1205160 kB
MemTotal:        1844596 kB
MemFree:           81188 kB
MemAvailable:    1363388 kB
Buffers:           98852 kB
Cached:          1205160 kB
MemTotal:        1844596 kB
MemFree:           80384 kB
MemAvailable:    1362584 kB
Buffers:           98852 kB
Cached:          1205160 kB
MemTotal:        1844596 kB
MemFree:           81164 kB
MemAvailable:    1363368 kB
Buffers:           98852 kB
Cached:          1205164 kB
MemTotal:        1844596 kB
MemFree:           81012 kB
MemAvailable:    1363216 kB
Buffers:           98852 kB
Cached:          1205164 kB
MemTotal:        1844596 kB
MemFree:           80996 kB
MemAvailable:    1363200 kB
Buffers:           98852 kB
Cached:          1205164 kB
MemTotal:        1844596 kB
MemFree:           79964 kB
MemAvailable:    1362168 kB
Buffers:           98852 kB
Cached:          1205164 kB
MemTotal:        1844596 kB
MemFree:           80080 kB
MemAvailable:    1362284 kB
Buffers:           98852 kB
Cached:          1205164 kB
MemTotal:        1844596 kB
MemFree:           79640 kB
MemAvailable:    1361844 kB
Buffers:           98852 kB
Cached:          1205164 kB
MemTotal:        1844596 kB
MemFree:           80252 kB
MemAvailable:    1362456 kB
Buffers:           98852 kB
Cached:          1205164 kB
MemTotal:        1844596 kB
MemFree:           80252 kB
MemAvailable:    1362456 kB
Buffers:           98852 kB
Cached:          1205164 kB
MemTotal:        1844596 kB
MemFree:           76352 kB
MemAvailable:    1358556 kB
Buffers:           98852 kB
Cached:          1205164 kB
MemTotal:        1844596 kB
MemFree:           69216 kB
MemAvailable:    1351420 kB
Buffers:           98852 kB
Cached:          1205164 kB
MemTotal:        1844596 kB
MemFree:           71192 kB
MemAvailable:    1353396 kB
Buffers:           98852 kB
Cached:          1205164 kB
MemTotal:        1844596 kB
MemFree:           71276 kB
MemAvailable:    1353480 kB
Buffers:           98852 kB
Cached:          1205164 kB
MemTotal:        1844596 kB
MemFree:           69956 kB
MemAvailable:    1352160 kB
Buffers:           98852 kB
Cached:          1205164 kB
MemTotal:        1844596 kB
MemFree:           71084 kB
MemAvailable:    1353288 kB
Buffers:           98852 kB
Cached:          1205164 kB
MemTotal:        1844596 kB
MemFree:           70472 kB
MemAvailable:    1352676 kB
Buffers:           98852 kB
Cached:          1205164 kB
MemTotal:        1844596 kB
MemFree:           68232 kB
MemAvailable:    1350436 kB
Buffers:           98852 kB
Cached:          1205164 kB
MemTotal:        1844596 kB
MemFree:           68592 kB
MemAvailable:    1350796 kB
Buffers:           98852 kB
Cached:          1205164 kB
MemTotal:        1844596 kB
MemFree:           68372 kB
MemAvailable:    1350576 kB
Buffers:           98852 kB
Cached:          1205164 kB
MemTotal:        1844596 kB
MemFree:           68332 kB
MemAvailable:    1350536 kB
Buffers:           98852 kB
Cached:          1205164 kB
MemTotal:        1844596 kB
MemFree:           68060 kB
MemAvailable:    1350264 kB
Buffers:           98852 kB
Cached:          1205164 kB
MemTotal:        1844596 kB
MemFree:           66408 kB
MemAvailable:    1348696 kB
Buffers:           98852 kB
Cached:          1205288 kB
MemTotal:        1844596 kB
MemFree:           66264 kB
MemAvailable:    1348720 kB
Buffers:           98852 kB
Cached:          1205412 kB
MemTotal:        1844596 kB
MemFree:           66040 kB
MemAvailable:    1348664 kB
Buffers:           98852 kB
Cached:          1205536 kB
MemTotal:        1844596 kB
MemFree:           66060 kB
MemAvailable:    1348768 kB
Buffers:           98852 kB
Cached:          1205660 kB
MemTotal:        1844596 kB
MemFree:           67624 kB
MemAvailable:    1350416 kB
Buffers:           98852 kB
Cached:          1205784 kB
MemTotal:        1844596 kB
MemFree:           67356 kB
MemAvailable:    1350232 kB
Buffers:           98852 kB
Cached:          1205784 kB
MemTotal:        1844596 kB
MemFree:           67008 kB
MemAvailable:    1349884 kB
Buffers:           98852 kB
Cached:          1205784 kB
MemTotal:        1844596 kB
MemFree:           67296 kB
MemAvailable:    1350172 kB
Buffers:           98852 kB
Cached:          1205784 kB
MemTotal:        1844596 kB
MemFree:           67580 kB
MemAvailable:    1350456 kB
Buffers:           98852 kB
Cached:          1205784 kB
MemTotal:        1844596 kB
MemFree:           67648 kB
MemAvailable:    1350524 kB
Buffers:           98852 kB
Cached:          1205784 kB
MemTotal:        1844596 kB
MemFree:           66004 kB
MemAvailable:    1348880 kB
Buffers:           98852 kB
Cached:          1205784 kB
MemTotal:        1844596 kB
MemFree:           67156 kB
MemAvailable:    1350036 kB
Buffers:           98852 kB
Cached:          1205788 kB
MemTotal:        1844596 kB
MemFree:           67400 kB
MemAvailable:    1350280 kB
Buffers:           98852 kB
Cached:          1205788 kB
MemTotal:        1844596 kB
MemFree:           66628 kB
MemAvailable:    1348920 kB
Buffers:           98852 kB
Cached:          1205156 kB
MemTotal:        1844596 kB
MemFree:           68112 kB
MemAvailable:    1350404 kB
Buffers:           98852 kB
Cached:          1205208 kB
MemTotal:        1844596 kB
MemFree:          144276 kB
MemAvailable:    1426568 kB
Buffers:           98852 kB
Cached:          1205208 kB
MemTotal:        1844596 kB
MemFree:          261548 kB
MemAvailable:    1543924 kB
Buffers:           98852 kB
Cached:          1205208 kB
