MemTotal:        1844596 kB
MemFree:          852688 kB
MemAvailable:    1547156 kB
Buffers:           85584 kB
Cached:           637840 kB
MemTotal:        1844596 kB
MemFree:          825680 kB
MemAvailable:    1520152 kB
Buffers:           85584 kB
Cached:           637844 kB
MemTotal:        1844596 kB
MemFree:          823812 kB
MemAvailable:    1518284 kB
Buffers:           85584 kB
Cached:           637844 kB
MemTotal:        1844596 kB
MemFree:          823324 kB
MemAvailable:    1517796 kB
Buffers:           85584 kB
Cached:           637844 kB
MemTotal:        1844596 kB
MemFree:          820596 kB
MemAvailable:    1515068 kB
Buffers:           85584 kB
Cached:           637844 kB
MemTotal:        1844596 kB
MemFree:          821772 kB
MemAvailable:    1516244 kB
Buffers:           85584 kB
Cached:           637844 kB
MemTotal:        1844596 kB
MemFree:          819480 kB
MemAvailable:    1513952 kB
Buffers:           85584 kB
Cached:           637844 kB
MemTotal:        1844596 kB
MemFree:          818324 kB
MemAvailable:    1512796 kB
Buffers:           85584 kB
Cached:           637844 kB
MemTotal:        1844596 kB
MemFree:          815760 kB
MemAvailable:    1510232 kB
Buffers:           85584 kB
Cached:           637844 kB
MemTotal:        1844596 kB
MemFree:          813900 kB
MemAvailable:    1508372 kB
Buffers:           85584 kB
Cached:           637844 kB
MemTotal:        1844596 kB
MemFree:          810552 kB
MemAvailable:    1505024 kB
Buffers:           85584 kB
Cached:           637844 kB
MemTotal:        1844596 kB
MemFree:          811836 kB
MemAvailable:    1506308 kB
Buffers:           85584 kB
Cached:           637844 kB
MemTotal:        1844596 kB
MemFree:          813120 kB
MemAvailable:    1507592 kB
Buffers:           85584 kB
Cached:           637844 kB
MemTotal:        1844596 kB
MemFree:          812288 kB
MemAvailable:    1506760 kB
Buffers:           85584 kB
Cached:           637844 kB
MemTotal:        1844596 kB
MemFree:          813020 kB
MemAvailable:    1507492 kB
Buffers:           85584 kB
Cached:           637844 kB
MemTotal:        1844596 kB
MemFree:          811772 kB
MemAvailable:    1506244 kB
Buffers:           85584 kB
Cached:           637844 kB
MemTotal:        1844596 kB
MemFree:          812944 kB
MemAvailable:    1507416 kB
Buffers:           85584 kB
Cached:           637844 kB
MemTotal:        1844596 kB
MemFree:          812944 kB
MemAvailable:    1507416 kB
Buffers:           85584 kB
Cached:           637844 kB
MemTotal:        1844596 kB
MemFree:          812652 kB
MemAvailable:    1507124 kB
Buffers:           85584 kB
Cached:           637844 kB
MemTotal:        1844596 kB
MemFree:          811420 kB
MemAvailable:    1505892 kB
Buffers:           85584 kB
Cached:           637844 kB
MemTotal:        1844596 kB
MemFree:          811160 kB
MemAvailable:    1505632 kB
Buffers:           85584 kB
Cached:           637844 kB
MemTotal:        1844596 kB
MemFree:          812484 kB
MemAvailable:    1506956 kB
Buffers:           85584 kB
Cached:           637844 kB
MemTotal:        1844596 kB
MemFree:          811284 kB
MemAvailable:    1505756 kB
Buffers:           85584 kB
Cached:           637844 kB
MemTotal:        1844596 kB
MemFree:          812224 kB
MemAvailable:    1506696 kB
Buffers:           85584 kB
Cached:           637844 kB
MemTotal:        1844596 kB
MemFree:          810916 kB
MemAvailable:    1505388 kB
Buffers:           85584 kB
Cached:           637844 kB
MemTotal:        1844596 kB
MemFree:          810676 kB
MemAvailable:    1505148 kB
Buffers:           85584 kB
Cached:           637844 kB
MemTotal:        1844596 kB
MemFree:          810180 kB
MemAvailable:    1504652 kB
Buffers:           85584 kB
Cached:           637844 kB
MemTotal:        1844596 kB
MemFree:          811412 kB
MemAvailable:    1505884 kB
Buffers:           85584 kB
Cached:           637844 kB
MemTotal:        1844596 kB
MemFree:          810596 kB
MemAvailable:    1505068 kB
Buffers:           85584 kB
Cached:           637844 kB
MemTotal:        1844596 kB
MemFree:          810492 kB
MemAvailable:    1504964 kB
Buffers:           85584 kB
Cached:           637844 kB
MemTotal:        1844596 kB
MemFree:          809916 kB
MemAvailable:    1504388 kB
Buffers:           85584 kB
Cached:           637844 kB
MemTotal:        1844596 kB
MemFree:          809188 kB
MemAvailable:    1503660 kB
Buffers:           85584 kB
Cached:           637844 kB
MemTotal:        1844596 kB
MemFree:          808796 kB
MemAvailable:    1503268 kB
Buffers:           85584 kB
Cached:           637844 kB
MemTotal:        1844596 kB
MemFree:          809908 kB
MemAvailable:    1504380 kB
Buffers:           85584 kB
Cached:           637844 kB
MemTotal:        1844596 kB
MemFree:          810064 kB
MemAvailable:    1504536 kB
Buffers:           85584 kB
Cached:           637844 kB
MemTotal:        1844596 kB
MemFree:          808560 kB
MemAvailable:    1503032 kB
Buffers:           85584 kB
Cached:           637844 kB
MemTotal:        1844596 kB
MemFree:          808684 kB
MemAvailable:    1503156 kB
Buffers:           85584 kB
Cached:           637844 kB
MemTotal:        1844596 kB
MemFree:          810216 kB
MemAvailable:    1504688 kB
Buffers:           85584 kB
Cached:           637844 kB
MemTotal:        1844596 kB
MemFree:          809188 kB
MemAvailable:    1503660 kB
Buffers:           85584 kB
Cached:           637844 kB
MemTotal:        1844596 kB
MemFree:          809304 kB
MemAvailable:    1503776 kB
Buffers:           85584 kB
Cached:           637844 kB
MemTotal:        1844596 kB
MemFree:          809436 kB
MemAvailable:    1503908 kB
Buffers:           85584 kB
Cached:           637844 kB
MemTotal:        1844596 kB
MemFree:          805440 kB
MemAvailable:    1499912 kB
Buffers:           85584 kB
Cached:           637844 kB
MemTotal:        1844596 kB
MemFree:          804584 kB
MemAvailable:    1499056 kB
Buffers:           85584 kB
Cached:           637844 kB
MemTotal:        1844596 kB
MemFree:          803972 kB
MemAvailable:    1498444 kB
Buffers:           85584 kB
Cached:           637844 kB
MemTotal:        1844596 kB
MemFree:          804400 kB
MemAvailable:    1498872 kB
Buffers:           85584 kB
Cached:           637844 kB
MemTotal:        1844596 kB
MemFree:          804736 kB
MemAvailable:    1499208 kB
Buffers:           85584 kB
Cached:           637844 kB
MemTotal:        1844596 kB
MemFree:          803168 kB
MemAvailable:    1497640 kB
Buffers:           85584 kB
Cached:           637844 kB
MemTotal:        1844596 kB
MemFree:          804276 kB
MemAvailable:    1498748 kB
Buffers:           85584 kB
Cached:           637844 kB
MemTotal:        1844596 kB
MemFree:          803036 kB
MemAvailable:    1497508 kB
Buffers:           85584 kB
Cached:           637844 kB
MemTotal:        1844596 kB
MemFree:          802856 kB
MemAvailable:    1497328 kB
Buffers:           85584 kB
Cached:           637844 kB
MemTotal:        1844596 kB
MemFree:          804316 kB
MemAvailable:    1498788 kB
Buffers:           85584 kB
Cached:           637844 kB
MemTotal:        1844596 kB
MemFree:          802724 kB
MemAvailable:    1497196 kB
Buffers:           85584 kB
Cached:           637844 kB
MemTotal:        1844596 kB
MemFree:          804076 kB
MemAvailable:    1498548 kB
Buffers:           85584 kB
Cached:           637844 kB
MemTotal:        1844596 kB
MemFree:          803980 kB
MemAvailable:    1498452 kB
Buffers:           85584 kB
Cached:           637844 kB
MemTotal:        1844596 kB
MemFree:          804216 kB
MemAvailable:    1498688 kB
Buffers:           85584 kB
Cached:           637844 kB
MemTotal:        1844596 kB
MemFree:          802804 kB
MemAvailable:    1497276 kB
Buffers:           85584 kB
Cached:           637844 kB
MemTotal:        1844596 kB
MemFree:          801252 kB
MemAvailable:    1495724 kB
Buffers:           85584 kB
Cached:           637844 kB
MemTotal:        1844596 kB
MemFree:          797284 kB
MemAvailable:    1491756 kB
Buffers:           85584 kB
Cached:           637844 kB
MemTotal:        1844596 kB
MemFree:          797408 kB
MemAvailable:    1491880 kB
Buffers:           85584 kB
Cached:           637844 kB
MemTotal:        1844596 kB
MemFree:          796788 kB
MemAvailable:    1491260 kB
Buffers:           85584 kB
Cached:           637844 kB
MemTotal:        1844596 kB
MemFree:          797884 kB
MemAvailable:    1492356 kB
Buffers:           85584 kB
Cached:           637844 kB
MemTotal:        1844596 kB
MemFree:          795176 kB
MemAvailable:    1489648 kB
Buffers:           85584 kB
Cached:           637844 kB
MemTotal:        1844596 kB
MemFree:          795856 kB
MemAvailable:    1490328 kB
Buffers:           85584 kB
Cached:           637844 kB
MemTotal:        1844596 kB
MemFree:          796112 kB
MemAvailable:    1490584 kB
Buffers:           85584 kB
Cached:           637844 kB
MemTotal:        1844596 kB
MemFree:          796044 kB
MemAvailable:    1490516 kB
Buffers:           85584 kB
Cached:           637844 kB
MemTotal:        1844596 kB
MemFree:          794484 kB
MemAvailable:    1488956 kB
Buffers:           85584 kB
Cached:           637844 kB
MemTotal:        1844596 kB
MemFree:          795276 kB
MemAvailable:    1489748 kB
Buffers:           85584 kB
Cached:           637844 kB
MemTotal:        1844596 kB
MemFree:          795300 kB
MemAvailable:    1489772 kB
Buffers:           85584 kB
Cached:           637844 kB
MemTotal:        1844596 kB
MemFree:          794144 kB
MemAvailable:    1488628 kB
Buffers:           85584 kB
Cached:           637856 kB
MemTotal:        1844596 kB
MemFree:          794136 kB
MemAvailable:    1488620 kB
Buffers:           85584 kB
Cached:           637856 kB
MemTotal:        1844596 kB
MemFree:          795368 kB
MemAvailable:    1489852 kB
Buffers:           85584 kB
Cached:           637856 kB
MemTotal:        1844596 kB
MemFree:          794052 kB
MemAvailable:    1488536 kB
Buffers:           85584 kB
Cached:           637856 kB
MemTotal:        1844596 kB
MemFree:          794308 kB
MemAvailable:    1488792 kB
Buffers:           85584 kB
Cached:           637856 kB
MemTotal:        1844596 kB
MemFree:          794184 kB
MemAvailable:    1488668 kB
Buffers:           85584 kB
Cached:           637856 kB
MemTotal:        1844596 kB
MemFree:          795424 kB
MemAvailable:    1489908 kB
Buffers:           85584 kB
Cached:           637856 kB
MemTotal:        1844596 kB
MemFree:          794680 kB
MemAvailable:    1489164 kB
Buffers:           85584 kB
Cached:           637856 kB
MemTotal:        1844596 kB
MemFree:          794984 kB
MemAvailable:    1489468 kB
Buffers:           85584 kB
Cached:           637856 kB
MemTotal:        1844596 kB
MemFree:          794804 kB
MemAvailable:    1489288 kB
Buffers:           85584 kB
Cached:           637856 kB
MemTotal:        1844596 kB
MemFree:          793672 kB
MemAvailable:    1488156 kB
Buffers:           85584 kB
Cached:           637856 kB
MemTotal:        1844596 kB
MemFree:          795036 kB
MemAvailable:    1489520 kB
Buffers:           85584 kB
Cached:           637856 kB
MemTotal:        1844596 kB
MemFree:          793796 kB
MemAvailable:    1488280 kB
Buffers:           85584 kB
Cached:           637856 kB
MemTotal:        1844596 kB
MemFree:          793920 kB
MemAvailable:    1488404 kB
Buffers:           85584 kB
Cached:           637856 kB
MemTotal:        1844596 kB
MemFree:          794060 kB
MemAvailable:    1488544 kB
Buffers:           85584 kB
Cached:           637856 kB
MemTotal:        1844596 kB
MemFree:          793556 kB
MemAvailable:    1488040 kB
Buffers:           85584 kB
Cached:           637856 kB
MemTotal:        1844596 kB
MemFree:          791952 kB
MemAvailable:    1486436 kB
Buffers:           85584 kB
Cached:           637856 kB
MemTotal:        1844596 kB
MemFree:          786744 kB
MemAvailable:    1481228 kB
Buffers:           85584 kB
Cached:           637856 kB
MemTotal:        1844596 kB
MemFree:          785868 kB
MemAvailable:    1480352 kB
Buffers:           85584 kB
Cached:           637856 kB
MemTotal:        1844596 kB
MemFree:          785744 kB
MemAvailable:    1480228 kB
Buffers:           85584 kB
Cached:           637856 kB
MemTotal:        1844596 kB
MemFree:          785496 kB
MemAvailable:    1479980 kB
Buffers:           85584 kB
Cached:           637856 kB
MemTotal:        1844596 kB
MemFree:          785456 kB
MemAvailable:    1479940 kB
Buffers:           85584 kB
Cached:           637856 kB
MemTotal:        1844596 kB
MemFree:          785208 kB
MemAvailable:    1479692 kB
Buffers:           85584 kB
Cached:           637856 kB
MemTotal:        1844596 kB
MemFree:          786440 kB
MemAvailable:    1480924 kB
Buffers:           85584 kB
Cached:           637856 kB
MemTotal:        1844596 kB
MemFree:          786664 kB
MemAvailable:    1481148 kB
Buffers:           85584 kB
Cached:           637856 kB
MemTotal:        1844596 kB
MemFree:          785388 kB
MemAvailable:    1479872 kB
Buffers:           85584 kB
Cached:           637856 kB
MemTotal:        1844596 kB
MemFree:          786192 kB
MemAvailable:    1480680 kB
Buffers:           85584 kB
Cached:           637860 kB
MemTotal:        1844596 kB
MemFree:          786528 kB
MemAvailable:    1481016 kB
Buffers:           85584 kB
Cached:           637860 kB
MemTotal:        1844596 kB
MemFree:          786456 kB
MemAvailable:    1480944 kB
Buffers:           85584 kB
Cached:           637860 kB
MemTotal:        1844596 kB
MemFree:          785628 kB
MemAvailable:    1480116 kB
Buffers:           85584 kB
Cached:           637860 kB
MemTotal:        1844596 kB
MemFree:          786316 kB
MemAvailable:    1480804 kB
Buffers:           85584 kB
Cached:           637860 kB
MemTotal:        1844596 kB
MemFree:          786372 kB
MemAvailable:    1480860 kB
Buffers:           85584 kB
Cached:           637860 kB
MemTotal:        1844596 kB
MemFree:          785076 kB
MemAvailable:    1479564 kB
Buffers:           85584 kB
Cached:           637860 kB
MemTotal:        1844596 kB
MemFree:          786436 kB
MemAvailable:    1480924 kB
Buffers:           85584 kB
Cached:           637860 kB
MemTotal:        1844596 kB
MemFree:          785628 kB
MemAvailable:    1480116 kB
Buffers:           85584 kB
Cached:           637860 kB
MemTotal:        1844596 kB
MemFree:          786228 kB
MemAvailable:    1480716 kB
Buffers:           85584 kB
Cached:           637860 kB
MemTotal:        1844596 kB
MemFree:          786484 kB
MemAvailable:    1480972 kB
Buffers:           85584 kB
Cached:           637860 kB
MemTotal:        1844596 kB
MemFree:          786300 kB
MemAvailable:    1480788 kB
Buffers:           85584 kB
Cached:           637860 kB
MemTotal:        1844596 kB
MemFree:          785636 kB
MemAvailable:    1480124 kB
Buffers:           85584 kB
Cached:           637860 kB
MemTotal:        1844596 kB
MemFree:          786364 kB
MemAvailable:    1480852 kB
Buffers:           85584 kB
Cached:           637860 kB
MemTotal:        1844596 kB
MemFree:          786616 kB
MemAvailable:    1481104 kB
Buffers:           85584 kB
Cached:           637860 kB
MemTotal:        1844596 kB
MemFree:          786324 kB
MemAvailable:    1480812 kB
Buffers:           85584 kB
Cached:           637860 kB
MemTotal:        1844596 kB
MemFree:          786380 kB
MemAvailable:    1480868 kB
Buffers:           85584 kB
Cached:           637860 kB
MemTotal:        1844596 kB
MemFree:          786584 kB
MemAvailable:    1481072 kB
Buffers:           85584 kB
Cached:           637860 kB
MemTotal:        1844596 kB
MemFree:          786564 kB
MemAvailable:    1481052 kB
Buffers:           85584 kB
Cached:           637860 kB
MemTotal:        1844596 kB
MemFree:          786468 kB
MemAvailable:    1480956 kB
Buffers:           85584 kB
Cached:           637860 kB
MemTotal:        1844596 kB
MemFree:          785628 kB
MemAvailable:    1480116 kB
Buffers:           85584 kB
Cached:           637860 kB
MemTotal:        1844596 kB
MemFree:          786200 kB
MemAvailable:    1480688 kB
Buffers:           85584 kB
Cached:           637860 kB
MemTotal:        1844596 kB
MemFree:          786536 kB
MemAvailable:    1481024 kB
Buffers:           85584 kB
Cached:           637860 kB
MemTotal:        1844596 kB
MemFree:          784992 kB
MemAvailable:    1479480 kB
Buffers:           85584 kB
Cached:           637860 kB
MemTotal:        1844596 kB
MemFree:          785628 kB
MemAvailable:    1480116 kB
Buffers:           85584 kB
Cached:           637860 kB
MemTotal:        1844596 kB
MemFree:          786380 kB
MemAvailable:    1480868 kB
Buffers:           85584 kB
Cached:           637860 kB
MemTotal:        1844596 kB
MemFree:          785240 kB
MemAvailable:    1479728 kB
Buffers:           85584 kB
Cached:           637860 kB
MemTotal:        1844596 kB
MemFree:          784976 kB
MemAvailable:    1479464 kB
Buffers:           85584 kB
Cached:           637860 kB
MemTotal:        1844596 kB
MemFree:          785192 kB
MemAvailable:    1479680 kB
Buffers:           85584 kB
Cached:           637860 kB
MemTotal:        1844596 kB
MemFree:          784884 kB
MemAvailable:    1479372 kB
Buffers:           85584 kB
Cached:           637860 kB
MemTotal:        1844596 kB
MemFree:          781040 kB
MemAvailable:    1475528 kB
Buffers:           85584 kB
Cached:           637860 kB
MemTotal:        1844596 kB
MemFree:          777816 kB
MemAvailable:    1472304 kB
Buffers:           85584 kB
Cached:           637860 kB
MemTotal:        1844596 kB
MemFree:          774592 kB
MemAvailable:    1469080 kB
Buffers:           85584 kB
Cached:           637860 kB
MemTotal:        1844596 kB
MemFree:          775568 kB
MemAvailable:    1470056 kB
Buffers:           85584 kB
Cached:           637860 kB
MemTotal:        1844596 kB
MemFree:          775820 kB
MemAvailable:    1470308 kB
Buffers:           85584 kB
Cached:           637860 kB
MemTotal:        1844596 kB
MemFree:          775692 kB
MemAvailable:    1470180 kB
Buffers:           85584 kB
Cached:           637860 kB
MemTotal:        1844596 kB
MemFree:          775648 kB
MemAvailable:    1470136 kB
Buffers:           85584 kB
Cached:           637860 kB
MemTotal:        1844596 kB
MemFree:          774188 kB
MemAvailable:    1468676 kB
Buffers:           85584 kB
Cached:           637860 kB
MemTotal:        1844596 kB
MemFree:          774316 kB
MemAvailable:    1468804 kB
Buffers:           85584 kB
Cached:           637860 kB
MemTotal:        1844596 kB
MemFree:          775592 kB
MemAvailable:    1470080 kB
Buffers:           85584 kB
Cached:           637860 kB
MemTotal:        1844596 kB
MemFree:          774708 kB
MemAvailable:    1469196 kB
Buffers:           85584 kB
Cached:           637860 kB
MemTotal:        1844596 kB
MemFree:          775280 kB
MemAvailable:    1469772 kB
Buffers:           85584 kB
Cached:           637864 kB
MemTotal:        1844596 kB
MemFree:          775616 kB
MemAvailable:    1470108 kB
Buffers:           85584 kB
Cached:           637864 kB
MemTotal:        1844596 kB
MemFree:          774344 kB
MemAvailable:    1468836 kB
Buffers:           85584 kB
Cached:           637864 kB
MemTotal:        1844596 kB
MemFree:          774344 kB
MemAvailable:    1468836 kB
Buffers:           85584 kB
Cached:           637864 kB
MemTotal:        1844596 kB
MemFree:          775536 kB
MemAvailable:    1470028 kB
Buffers:           85584 kB
Cached:           637864 kB
MemTotal:        1844596 kB
MemFree:          775696 kB
MemAvailable:    1470188 kB
Buffers:           85584 kB
Cached:           637864 kB
MemTotal:        1844596 kB
MemFree:          775536 kB
MemAvailable:    1470028 kB
Buffers:           85584 kB
Cached:           637864 kB
MemTotal:        1844596 kB
MemFree:          775592 kB
MemAvailable:    1470084 kB
Buffers:           85584 kB
Cached:           637864 kB
MemTotal:        1844596 kB
MemFree:          775380 kB
MemAvailable:    1469872 kB
Buffers:           85584 kB
Cached:           637864 kB
MemTotal:        1844596 kB
MemFree:          774296 kB
MemAvailable:    1468788 kB
Buffers:           85584 kB
Cached:           637864 kB
MemTotal:        1844596 kB
MemFree:          775596 kB
MemAvailable:    1470088 kB
Buffers:           85584 kB
Cached:           637864 kB
MemTotal:        1844596 kB
MemFree:          774716 kB
MemAvailable:    1469208 kB
Buffers:           85584 kB
Cached:           637864 kB
MemTotal:        1844596 kB
MemFree:          775372 kB
MemAvailable:    1469868 kB
Buffers:           85584 kB
Cached:           637868 kB
MemTotal:        1844596 kB
MemFree:          775708 kB
MemAvailable:    1470204 kB
Buffers:           85584 kB
Cached:           637868 kB
MemTotal:        1844596 kB
MemFree:          775512 kB
MemAvailable:    1470008 kB
Buffers:           85584 kB
Cached:           637868 kB
MemTotal:        1844596 kB
MemFree:          774420 kB
MemAvailable:    1468916 kB
Buffers:           85584 kB
Cached:           637868 kB
MemTotal:        1844596 kB
MemFree:          774296 kB
MemAvailable:    1468792 kB
Buffers:           85584 kB
Cached:           637868 kB
MemTotal:        1844596 kB
MemFree:          774296 kB
MemAvailable:    1468792 kB
Buffers:           85584 kB
Cached:           637868 kB
MemTotal:        1844596 kB
MemFree:          775396 kB
MemAvailable:    1469892 kB
Buffers:           85584 kB
Cached:           637868 kB
MemTotal:        1844596 kB
MemFree:          775212 kB
MemAvailable:    1469708 kB
Buffers:           85584 kB
Cached:           637868 kB
MemTotal:        1844596 kB
MemFree:          775572 kB
MemAvailable:    1470068 kB
Buffers:           85584 kB
Cached:           637868 kB
MemTotal:        1844596 kB
MemFree:          774144 kB
MemAvailable:    1468640 kB
Buffers:           85584 kB
Cached:           637868 kB
MemTotal:        1844596 kB
MemFree:          775516 kB
MemAvailable:    1470012 kB
Buffers:           85584 kB
Cached:           637868 kB
MemTotal:        1844596 kB
MemFree:          774196 kB
MemAvailable:    1468692 kB
Buffers:           85584 kB
Cached:           637868 kB
MemTotal:        1844596 kB
MemFree:          775544 kB
MemAvailable:    1470040 kB
Buffers:           85584 kB
Cached:           637868 kB
MemTotal:        1844596 kB
MemFree:          774716 kB
MemAvailable:    1469212 kB
Buffers:           85584 kB
Cached:           637868 kB
MemTotal:        1844596 kB
MemFree:          775288 kB
MemAvailable:    1469784 kB
Buffers:           85584 kB
Cached:           637868 kB
MemTotal:        1844596 kB
MemFree:          775624 kB
MemAvailable:    1470120 kB
Buffers:           85584 kB
Cached:           637868 kB
MemTotal:        1844596 kB
MemFree:          774220 kB
MemAvailable:    1468716 kB
Buffers:           85584 kB
Cached:           637868 kB
MemTotal:        1844596 kB
MemFree:          774460 kB
MemAvailable:    1468956 kB
Buffers:           85584 kB
Cached:           637868 kB
MemTotal:        1844596 kB
MemFree:          774344 kB
MemAvailable:    1468840 kB
Buffers:           85584 kB
Cached:           637868 kB
MemTotal:        1844596 kB
MemFree:          775532 kB
MemAvailable:    1470028 kB
Buffers:           85584 kB
Cached:           637868 kB
MemTotal:        1844596 kB
MemFree:          775700 kB
MemAvailable:    1470196 kB
Buffers:           85584 kB
Cached:           637868 kB
MemTotal:        1844596 kB
MemFree:          774172 kB
MemAvailable:    1468668 kB
Buffers:           85584 kB
Cached:           637868 kB
MemTotal:        1844596 kB
MemFree:          775464 kB
MemAvailable:    1469960 kB
Buffers:           85584 kB
Cached:           637868 kB
MemTotal:        1844596 kB
MemFree:          774344 kB
MemAvailable:    1468840 kB
Buffers:           85584 kB
Cached:           637868 kB
MemTotal:        1844596 kB
MemFree:          775328 kB
MemAvailable:    1469824 kB
Buffers:           85584 kB
Cached:           637868 kB
MemTotal:        1844596 kB
MemFree:          775412 kB
MemAvailable:    1469908 kB
Buffers:           85584 kB
Cached:           637868 kB
MemTotal:        1844596 kB
MemFree:          773840 kB
MemAvailable:    1468336 kB
Buffers:           85584 kB
Cached:           637868 kB
MemTotal:        1844596 kB
MemFree:          773716 kB
MemAvailable:    1468212 kB
Buffers:           85584 kB
Cached:           637868 kB
MemTotal:        1844596 kB
MemFree:          773848 kB
MemAvailable:    1468344 kB
Buffers:           85584 kB
Cached:           637868 kB
MemTotal:        1844596 kB
MemFree:          773600 kB
MemAvailable:    1468096 kB
Buffers:           85584 kB
Cached:           637868 kB
MemTotal:        1844596 kB
MemFree:          773220 kB
MemAvailable:    1467716 kB
Buffers:           85584 kB
Cached:           637868 kB
MemTotal:        1844596 kB
MemFree:          774576 kB
MemAvailable:    1469072 kB
Buffers:           85584 kB
Cached:           637868 kB
MemTotal:        1844596 kB
MemFree:          774328 kB
MemAvailable:    1468824 kB
Buffers:           85584 kB
Cached:           637868 kB
MemTotal:        1844596 kB
MemFree:          773040 kB
MemAvailable:    1467536 kB
Buffers:           85584 kB
Cached:           637868 kB
MemTotal:        1844596 kB
MemFree:          772916 kB
MemAvailable:    1467412 kB
Buffers:           85584 kB
Cached:           637868 kB
MemTotal:        1844596 kB
MemFree:          774272 kB
MemAvailable:    1468768 kB
Buffers:           85584 kB
Cached:           637868 kB
MemTotal:        1844596 kB
MemFree:          774060 kB
MemAvailable:    1468556 kB
Buffers:           85584 kB
Cached:           637868 kB
MemTotal:        1844596 kB
MemFree:          773608 kB
MemAvailable:    1468104 kB
Buffers:           85584 kB
Cached:           637868 kB
MemTotal:        1844596 kB
MemFree:          772808 kB
MemAvailable:    1467304 kB
Buffers:           85584 kB
Cached:           637868 kB
MemTotal:        1844596 kB
MemFree:          773908 kB
MemAvailable:    1468404 kB
Buffers:           85584 kB
Cached:           637868 kB
MemTotal:        1844596 kB
MemFree:          774160 kB
MemAvailable:    1468656 kB
Buffers:           85584 kB
Cached:           637868 kB
MemTotal:        1844596 kB
MemFree:          773832 kB
MemAvailable:    1468328 kB
Buffers:           85584 kB
Cached:           637868 kB
MemTotal:        1844596 kB
MemFree:          772716 kB
MemAvailable:    1467212 kB
Buffers:           85584 kB
Cached:           637868 kB
MemTotal:        1844596 kB
MemFree:          773776 kB
MemAvailable:    1468272 kB
Buffers:           85584 kB
Cached:           637868 kB
MemTotal:        1844596 kB
MemFree:          773776 kB
MemAvailable:    1468272 kB
Buffers:           85584 kB
Cached:           637868 kB
MemTotal:        1844596 kB
MemFree:          773960 kB
MemAvailable:    1468456 kB
Buffers:           85584 kB
Cached:           637868 kB
MemTotal:        1844596 kB
MemFree:          772532 kB
MemAvailable:    1467028 kB
Buffers:           85584 kB
Cached:           637868 kB
MemTotal:        1844596 kB
MemFree:          772664 kB
MemAvailable:    1467160 kB
Buffers:           85584 kB
Cached:           637868 kB
MemTotal:        1844596 kB
MemFree:          773972 kB
MemAvailable:    1468468 kB
Buffers:           85584 kB
Cached:           637868 kB
MemTotal:        1844596 kB
MemFree:          772568 kB
MemAvailable:    1467064 kB
Buffers:           85584 kB
Cached:           637868 kB
MemTotal:        1844596 kB
MemFree:          772816 kB
MemAvailable:    1467312 kB
Buffers:           85584 kB
Cached:           637868 kB
MemTotal:        1844596 kB
MemFree:          772816 kB
MemAvailable:    1467312 kB
Buffers:           85584 kB
Cached:           637868 kB
MemTotal:        1844596 kB
MemFree:          769632 kB
MemAvailable:    1464128 kB
Buffers:           85584 kB
Cached:           637868 kB
MemTotal:        1844596 kB
MemFree:          766904 kB
MemAvailable:    1461400 kB
Buffers:           85584 kB
Cached:           637868 kB
MemTotal:        1844596 kB
MemFree:          762688 kB
MemAvailable:    1457184 kB
Buffers:           85584 kB
Cached:           637868 kB
MemTotal:        1844596 kB
MemFree:          763052 kB
MemAvailable:    1457548 kB
Buffers:           85584 kB
Cached:           637868 kB
MemTotal:        1844596 kB
MemFree:          761448 kB
MemAvailable:    1455944 kB
Buffers:           85584 kB
Cached:           637868 kB
MemTotal:        1844596 kB
MemFree:          762128 kB
MemAvailable:    1456624 kB
Buffers:           85584 kB
Cached:           637868 kB
MemTotal:        1844596 kB
MemFree:          762464 kB
MemAvailable:    1456960 kB
Buffers:           85584 kB
Cached:           637868 kB
MemTotal:        1844596 kB
MemFree:          762128 kB
MemAvailable:    1456624 kB
Buffers:           85584 kB
Cached:           637868 kB
MemTotal:        1844596 kB
MemFree:          761200 kB
MemAvailable:    1455696 kB
Buffers:           85584 kB
Cached:           637868 kB
MemTotal:        1844596 kB
MemFree:          761676 kB
MemAvailable:    1456172 kB
Buffers:           85584 kB
Cached:           637868 kB
MemTotal:        1844596 kB
MemFree:          761456 kB
MemAvailable:    1455952 kB
Buffers:           85584 kB
Cached:           637868 kB
MemTotal:        1844596 kB
MemFree:          759712 kB
MemAvailable:    1454208 kB
Buffers:           85584 kB
Cached:           637868 kB
MemTotal:        1844596 kB
MemFree:          759092 kB
MemAvailable:    1453588 kB
Buffers:           85584 kB
Cached:           637868 kB
MemTotal:        1844596 kB
MemFree:          760068 kB
MemAvailable:    1454572 kB
Buffers:           85584 kB
Cached:           637876 kB
MemTotal:        1844596 kB
MemFree:          758836 kB
MemAvailable:    1453340 kB
Buffers:           85584 kB
Cached:           637876 kB
MemTotal:        1844596 kB
MemFree:          758480 kB
MemAvailable:    1452984 kB
Buffers:           85584 kB
Cached:           637876 kB
MemTotal:        1844596 kB
MemFree:          757348 kB
MemAvailable:    1451852 kB
Buffers:           85584 kB
Cached:           637876 kB
MemTotal:        1844596 kB
MemFree:          758664 kB
MemAvailable:    1453168 kB
Buffers:           85584 kB
Cached:           637876 kB
MemTotal:        1844596 kB
MemFree:          758832 kB
MemAvailable:    1453336 kB
Buffers:           85584 kB
Cached:           637876 kB
MemTotal:        1844596 kB
MemFree:          758724 kB
MemAvailable:    1453228 kB
Buffers:           85584 kB
Cached:           637876 kB
MemTotal:        1844596 kB
MemFree:          758768 kB
MemAvailable:    1453272 kB
Buffers:           85584 kB
Cached:           637876 kB
MemTotal:        1844596 kB
MemFree:          758704 kB
MemAvailable:    1453208 kB
Buffers:           85584 kB
Cached:           637876 kB
MemTotal:        1844596 kB
MemFree:          758956 kB
MemAvailable:    1453460 kB
Buffers:           85584 kB
Cached:           637876 kB
MemTotal:        1844596 kB
MemFree:          757424 kB
MemAvailable:    1451928 kB
Buffers:           85584 kB
Cached:           637876 kB
MemTotal:        1844596 kB
MemFree:          757416 kB
MemAvailable:    1451920 kB
Buffers:           85584 kB
Cached:           637876 kB
MemTotal:        1844596 kB
MemFree:          758644 kB
MemAvailable:    1453148 kB
Buffers:           85584 kB
Cached:           637876 kB
MemTotal:        1844596 kB
MemFree:          758896 kB
MemAvailable:    1453400 kB
Buffers:           85584 kB
Cached:           637876 kB
MemTotal:        1844596 kB
MemFree:          758400 kB
MemAvailable:    1452904 kB
Buffers:           85584 kB
Cached:           637876 kB
MemTotal:        1844596 kB
MemFree:          758100 kB
MemAvailable:    1452604 kB
Buffers:           85584 kB
Cached:           637876 kB
MemTotal:        1844596 kB
MemFree:          756804 kB
MemAvailable:    1451308 kB
Buffers:           85584 kB
Cached:           637876 kB
MemTotal:        1844596 kB
MemFree:          758044 kB
MemAvailable:    1452548 kB
Buffers:           85584 kB
Cached:           637876 kB
MemTotal:        1844596 kB
MemFree:          757044 kB
MemAvailable:    1451548 kB
Buffers:           85584 kB
Cached:           637876 kB
MemTotal:        1844596 kB
MemFree:          755736 kB
MemAvailable:    1450240 kB
Buffers:           85584 kB
Cached:           637876 kB
MemTotal:        1844596 kB
MemFree:          756720 kB
MemAvailable:    1451224 kB
Buffers:           85584 kB
Cached:           637876 kB
MemTotal:        1844596 kB
MemFree:          755752 kB
MemAvailable:    1450256 kB
Buffers:           85584 kB
Cached:           637876 kB
MemTotal:        1844596 kB
MemFree:          756364 kB
MemAvailable:    1450868 kB
Buffers:           85584 kB
Cached:           637876 kB
MemTotal:        1844596 kB
MemFree:          755968 kB
MemAvailable:    1450472 kB
Buffers:           85584 kB
Cached:           637876 kB
MemTotal:        1844596 kB
MemFree:          755968 kB
MemAvailable:    1450472 kB
Buffers:           85584 kB
Cached:           637876 kB
MemTotal:        1844596 kB
MemFree:          755424 kB
MemAvailable:    1449928 kB
Buffers:           85584 kB
Cached:           637876 kB
MemTotal:        1844596 kB
MemFree:          754124 kB
MemAvailable:    1448628 kB
Buffers:           85584 kB
Cached:           637876 kB
MemTotal:        1844596 kB
MemFree:          755120 kB
MemAvailable:    1449624 kB
Buffers:           85584 kB
Cached:           637876 kB
MemTotal:        1844596 kB
MemFree:          754564 kB
MemAvailable:    1449068 kB
Buffers:           85584 kB
Cached:           637876 kB
MemTotal:        1844596 kB
MemFree:          754816 kB
MemAvailable:    1449320 kB
Buffers:           85584 kB
Cached:           637876 kB
MemTotal:        1844596 kB
MemFree:          754440 kB
MemAvailable:    1448944 kB
Buffers:           85584 kB
Cached:           637876 kB
MemTotal:        1844596 kB
MemFree:          753208 kB
MemAvailable:    1447712 kB
Buffers:           85584 kB
Cached:           637876 kB
MemTotal:        1844596 kB
MemFree:          753332 kB
MemAvailable:    1447836 kB
Buffers:           85584 kB
Cached:           637876 kB
MemTotal:        1844596 kB
MemFree:          754608 kB
MemAvailable:    1449112 kB
Buffers:           85584 kB
Cached:           637876 kB
MemTotal:        1844596 kB
MemFree:          754608 kB
MemAvailable:    1449112 kB
Buffers:           85584 kB
Cached:           637876 kB
MemTotal:        1844596 kB
MemFree:          754620 kB
MemAvailable:    1449124 kB
Buffers:           85584 kB
Cached:           637876 kB
MemTotal:        1844596 kB
MemFree:          754636 kB
MemAvailable:    1449140 kB
Buffers:           85584 kB
Cached:           637876 kB
MemTotal:        1844596 kB
MemFree:          753256 kB
MemAvailable:    1447760 kB
Buffers:           85584 kB
Cached:           637876 kB
MemTotal:        1844596 kB
MemFree:          753380 kB
MemAvailable:    1447884 kB
Buffers:           85584 kB
Cached:           637876 kB
MemTotal:        1844596 kB
MemFree:          754488 kB
MemAvailable:    1448992 kB
Buffers:           85584 kB
Cached:           637876 kB
MemTotal:        1844596 kB
MemFree:          754488 kB
MemAvailable:    1448992 kB
Buffers:           85584 kB
Cached:           637876 kB
MemTotal:        1844596 kB
MemFree:          754248 kB
MemAvailable:    1448752 kB
Buffers:           85584 kB
Cached:           637876 kB
MemTotal:        1844596 kB
MemFree:          753000 kB
MemAvailable:    1447504 kB
Buffers:           85584 kB
Cached:           637876 kB
MemTotal:        1844596 kB
MemFree:          754456 kB
MemAvailable:    1448960 kB
Buffers:           85584 kB
Cached:           637876 kB
MemTotal:        1844596 kB
MemFree:          753016 kB
MemAvailable:    1447520 kB
Buffers:           85584 kB
Cached:           637876 kB
MemTotal:        1844596 kB
MemFree:          753100 kB
MemAvailable:    1447604 kB
Buffers:           85584 kB
Cached:           637876 kB
MemTotal:        1844596 kB
MemFree:          754284 kB
MemAvailable:    1448788 kB
Buffers:           85584 kB
Cached:           637876 kB
MemTotal:        1844596 kB
MemFree:          754284 kB
MemAvailable:    1448788 kB
Buffers:           85584 kB
Cached:           637876 kB
MemTotal:        1844596 kB
MemFree:          752960 kB
MemAvailable:    1447464 kB
Buffers:           85584 kB
Cached:           637876 kB
MemTotal:        1844596 kB
MemFree:          753208 kB
MemAvailable:    1447712 kB
Buffers:           85584 kB
Cached:           637876 kB
MemTotal:        1844596 kB
MemFree:          753084 kB
MemAvailable:    1447588 kB
Buffers:           85584 kB
Cached:           637876 kB
MemTotal:        1844596 kB
MemFree:          753084 kB
MemAvailable:    1447588 kB
Buffers:           85584 kB
Cached:           637876 kB
MemTotal:        1844596 kB
MemFree:          754484 kB
MemAvailable:    1448988 kB
Buffers:           85584 kB
Cached:           637876 kB
MemTotal:        1844596 kB
MemFree:          754540 kB
MemAvailable:    1449044 kB
Buffers:           85584 kB
Cached:           637876 kB
MemTotal:        1844596 kB
MemFree:          754008 kB
MemAvailable:    1448512 kB
Buffers:           85584 kB
Cached:           637876 kB
MemTotal:        1844596 kB
MemFree:          753132 kB
MemAvailable:    1447636 kB
Buffers:           85584 kB
Cached:           637876 kB
MemTotal:        1844596 kB
MemFree:          752652 kB
MemAvailable:    1447032 kB
Buffers:           85584 kB
Cached:           637876 kB
MemTotal:        1844596 kB
MemFree:          751644 kB
MemAvailable:    1446148 kB
Buffers:           85584 kB
Cached:           637876 kB
MemTotal:        1844596 kB
MemFree:          753112 kB
MemAvailable:    1447616 kB
Buffers:           85584 kB
Cached:           637876 kB
MemTotal:        1844596 kB
MemFree:          750908 kB
MemAvailable:    1445412 kB
Buffers:           85584 kB
Cached:           637876 kB
MemTotal:        1844596 kB
MemFree:          748676 kB
MemAvailable:    1443180 kB
Buffers:           85584 kB
Cached:           637876 kB
MemTotal:        1844596 kB
MemFree:          745700 kB
MemAvailable:    1440204 kB
Buffers:           85584 kB
Cached:           637876 kB
MemTotal:        1844596 kB
MemFree:          744048 kB
MemAvailable:    1438552 kB
Buffers:           85584 kB
Cached:           637876 kB
MemTotal:        1844596 kB
MemFree:          741228 kB
MemAvailable:    1435732 kB
Buffers:           85584 kB
Cached:           637876 kB
MemTotal:        1844596 kB
MemFree:          738376 kB
MemAvailable:    1432884 kB
Buffers:           85584 kB
Cached:           637880 kB
MemTotal:        1844596 kB
MemFree:          737516 kB
MemAvailable:    1432024 kB
Buffers:           85584 kB
Cached:           637880 kB
MemTotal:        1844596 kB
MemFree:          736028 kB
MemAvailable:    1430536 kB
Buffers:           85584 kB
Cached:           637880 kB
MemTotal:        1844596 kB
MemFree:          734656 kB
MemAvailable:    1429164 kB
Buffers:           85584 kB
Cached:           637880 kB
MemTotal:        1844596 kB
MemFree:          735856 kB
MemAvailable:    1430364 kB
Buffers:           85584 kB
Cached:           637880 kB
MemTotal:        1844596 kB
MemFree:          734912 kB
MemAvailable:    1429420 kB
Buffers:           85584 kB
Cached:           637880 kB
MemTotal:        1844596 kB
MemFree:          736112 kB
MemAvailable:    1430620 kB
Buffers:           85584 kB
Cached:           637880 kB
MemTotal:        1844596 kB
MemFree:          734672 kB
MemAvailable:    1429180 kB
Buffers:           85584 kB
Cached:           637880 kB
MemTotal:        1844596 kB
MemFree:          735824 kB
MemAvailable:    1430332 kB
Buffers:           85584 kB
Cached:           637880 kB
MemTotal:        1844596 kB
MemFree:          734540 kB
MemAvailable:    1429048 kB
Buffers:           85584 kB
Cached:           637880 kB
MemTotal:        1844596 kB
MemFree:          734492 kB
MemAvailable:    1429000 kB
Buffers:           85584 kB
Cached:           637880 kB
MemTotal:        1844596 kB
MemFree:          734540 kB
MemAvailable:    1429052 kB
Buffers:           85584 kB
Cached:           637884 kB
MemTotal:        1844596 kB
MemFree:          734540 kB
MemAvailable:    1429052 kB
Buffers:           85584 kB
Cached:           637884 kB
MemTotal:        1844596 kB
MemFree:          735772 kB
MemAvailable:    1430284 kB
Buffers:           85584 kB
Cached:           637884 kB
MemTotal:        1844596 kB
MemFree:          734748 kB
MemAvailable:    1429260 kB
Buffers:           85584 kB
Cached:           637884 kB
MemTotal:        1844596 kB
MemFree:          734804 kB
MemAvailable:    1429316 kB
Buffers:           85584 kB
Cached:           637884 kB
MemTotal:        1844596 kB
MemFree:          734748 kB
MemAvailable:    1429260 kB
Buffers:           85584 kB
Cached:           637884 kB
MemTotal:        1844596 kB
MemFree:          733668 kB
MemAvailable:    1428180 kB
Buffers:           85584 kB
Cached:           637884 kB
MemTotal:        1844596 kB
MemFree:          734844 kB
MemAvailable:    1429356 kB
Buffers:           85584 kB
Cached:           637884 kB
MemTotal:        1844596 kB
MemFree:          734880 kB
MemAvailable:    1429392 kB
Buffers:           85584 kB
Cached:           637884 kB
MemTotal:        1844596 kB
MemFree:          734052 kB
MemAvailable:    1428564 kB
Buffers:           85584 kB
Cached:           637884 kB
MemTotal:        1844596 kB
MemFree:          735252 kB
MemAvailable:    1429764 kB
Buffers:           85584 kB
Cached:           637884 kB
MemTotal:        1844596 kB
MemFree:          734772 kB
MemAvailable:    1429284 kB
Buffers:           85584 kB
Cached:           637884 kB
MemTotal:        1844596 kB
MemFree:          734796 kB
MemAvailable:    1429308 kB
Buffers:           85584 kB
Cached:           637884 kB
MemTotal:        1844596 kB
MemFree:          734676 kB
MemAvailable:    1429188 kB
Buffers:           85584 kB
Cached:           637884 kB
MemTotal:        1844596 kB
MemFree:          734844 kB
MemAvailable:    1429356 kB
Buffers:           85584 kB
Cached:           637884 kB
MemTotal:        1844596 kB
MemFree:          733556 kB
MemAvailable:    1428068 kB
Buffers:           85584 kB
Cached:           637884 kB
MemTotal:        1844596 kB
MemFree:          734052 kB
MemAvailable:    1428564 kB
Buffers:           85584 kB
Cached:           637884 kB
MemTotal:        1844596 kB
MemFree:          733928 kB
MemAvailable:    1428444 kB
Buffers:           85584 kB
Cached:           637888 kB
MemTotal:        1844596 kB
MemFree:          734424 kB
MemAvailable:    1428940 kB
Buffers:           85584 kB
Cached:           637888 kB
MemTotal:        1844596 kB
MemFree:          733928 kB
MemAvailable:    1428444 kB
Buffers:           85584 kB
Cached:           637888 kB
MemTotal:        1844596 kB
MemFree:          733804 kB
MemAvailable:    1428320 kB
Buffers:           85584 kB
Cached:           637888 kB
MemTotal:        1844596 kB
MemFree:          735224 kB
MemAvailable:    1429740 kB
Buffers:           85584 kB
Cached:           637888 kB
MemTotal:        1844596 kB
MemFree:          733672 kB
MemAvailable:    1428188 kB
Buffers:           85584 kB
Cached:           637888 kB
MemTotal:        1844596 kB
MemFree:          733664 kB
MemAvailable:    1428180 kB
Buffers:           85584 kB
Cached:           637888 kB
MemTotal:        1844596 kB
MemFree:          735028 kB
MemAvailable:    1429544 kB
Buffers:           85584 kB
Cached:           637888 kB
MemTotal:        1844596 kB
MemFree:          729084 kB
MemAvailable:    1423600 kB
Buffers:           85584 kB
Cached:           637888 kB
MemTotal:        1844596 kB
MemFree:          728728 kB
MemAvailable:    1423120 kB
Buffers:           85584 kB
Cached:           637888 kB
MemTotal:        1844596 kB
MemFree:          724628 kB
MemAvailable:    1419144 kB
Buffers:           85584 kB
Cached:           637888 kB
MemTotal:        1844596 kB
MemFree:          722976 kB
MemAvailable:    1417492 kB
Buffers:           85584 kB
Cached:           637888 kB
MemTotal:        1844596 kB
MemFree:          720040 kB
MemAvailable:    1414556 kB
Buffers:           85584 kB
Cached:           637888 kB
MemTotal:        1844596 kB
MemFree:          717428 kB
MemAvailable:    1411944 kB
Buffers:           85584 kB
Cached:           637888 kB
MemTotal:        1844596 kB
MemFree:          717180 kB
MemAvailable:    1411696 kB
Buffers:           85584 kB
Cached:           637888 kB
MemTotal:        1844596 kB
MemFree:          716876 kB
MemAvailable:    1411392 kB
Buffers:           85584 kB
Cached:           637888 kB
MemTotal:        1844596 kB
MemFree:          716544 kB
MemAvailable:    1411060 kB
Buffers:           85584 kB
Cached:           637888 kB
MemTotal:        1844596 kB
MemFree:          716544 kB
MemAvailable:    1411060 kB
Buffers:           85584 kB
Cached:           637888 kB
MemTotal:        1844596 kB
MemFree:          715272 kB
MemAvailable:    1409788 kB
Buffers:           85584 kB
Cached:           637888 kB
MemTotal:        1844596 kB
MemFree:          716764 kB
MemAvailable:    1411280 kB
Buffers:           85584 kB
Cached:           637888 kB
MemTotal:        1844596 kB
MemFree:          715824 kB
MemAvailable:    1410340 kB
Buffers:           85584 kB
Cached:           637888 kB
MemTotal:        1844596 kB
MemFree:          717056 kB
MemAvailable:    1411576 kB
Buffers:           85584 kB
Cached:           637892 kB
MemTotal:        1844596 kB
MemFree:          715832 kB
MemAvailable:    1410352 kB
Buffers:           85584 kB
Cached:           637892 kB
MemTotal:        1844596 kB
MemFree:          716768 kB
MemAvailable:    1411288 kB
Buffers:           85584 kB
Cached:           637892 kB
MemTotal:        1844596 kB
MemFree:          716204 kB
MemAvailable:    1410724 kB
Buffers:           85584 kB
Cached:           637892 kB
MemTotal:        1844596 kB
MemFree:          716552 kB
MemAvailable:    1411072 kB
Buffers:           85584 kB
Cached:           637892 kB
MemTotal:        1844596 kB
MemFree:          716428 kB
MemAvailable:    1410948 kB
Buffers:           85584 kB
Cached:           637892 kB
MemTotal:        1844596 kB
MemFree:          715440 kB
MemAvailable:    1409960 kB
Buffers:           85584 kB
Cached:           637892 kB
MemTotal:        1844596 kB
MemFree:          716508 kB
MemAvailable:    1411028 kB
Buffers:           85584 kB
Cached:           637892 kB
MemTotal:        1844596 kB
MemFree:          716412 kB
MemAvailable:    1410932 kB
Buffers:           85584 kB
Cached:           637892 kB
MemTotal:        1844596 kB
MemFree:          716496 kB
MemAvailable:    1411016 kB
Buffers:           85584 kB
Cached:           637892 kB
MemTotal:        1844596 kB
MemFree:          715296 kB
MemAvailable:    1409816 kB
Buffers:           85584 kB
Cached:           637892 kB
MemTotal:        1844596 kB
MemFree:          715248 kB
MemAvailable:    1409768 kB
Buffers:           85584 kB
Cached:           637892 kB
MemTotal:        1844596 kB
MemFree:          715248 kB
MemAvailable:    1409768 kB
Buffers:           85584 kB
Cached:           637892 kB
MemTotal:        1844596 kB
MemFree:          715412 kB
MemAvailable:    1409932 kB
Buffers:           85584 kB
Cached:           637892 kB
MemTotal:        1844596 kB
MemFree:          715412 kB
MemAvailable:    1409932 kB
Buffers:           85584 kB
Cached:           637892 kB
MemTotal:        1844596 kB
MemFree:          715408 kB
MemAvailable:    1409928 kB
Buffers:           85584 kB
Cached:           637892 kB
MemTotal:        1844596 kB
MemFree:          716640 kB
MemAvailable:    1411160 kB
Buffers:           85584 kB
Cached:           637892 kB
MemTotal:        1844596 kB
MemFree:          716560 kB
MemAvailable:    1411080 kB
Buffers:           85584 kB
Cached:           637892 kB
MemTotal:        1844596 kB
MemFree:          715188 kB
MemAvailable:    1409708 kB
Buffers:           85584 kB
Cached:           637892 kB
MemTotal:        1844596 kB
MemFree:          715396 kB
MemAvailable:    1409916 kB
Buffers:           85584 kB
Cached:           637892 kB
MemTotal:        1844596 kB
MemFree:          715264 kB
MemAvailable:    1409784 kB
Buffers:           85584 kB
Cached:           637892 kB
MemTotal:        1844596 kB
MemFree:          715432 kB
MemAvailable:    1409952 kB
Buffers:           85584 kB
Cached:           637892 kB
MemTotal:        1844596 kB
MemFree:          716380 kB
MemAvailable:    1410900 kB
Buffers:           85584 kB
Cached:           637892 kB
MemTotal:        1844596 kB
MemFree:          716716 kB
MemAvailable:    1411236 kB
Buffers:           85584 kB
Cached:           637892 kB
MemTotal:        1844596 kB
MemFree:          716640 kB
MemAvailable:    1411160 kB
Buffers:           85584 kB
Cached:           637892 kB
MemTotal:        1844596 kB
MemFree:          715824 kB
MemAvailable:    1410344 kB
Buffers:           85584 kB
Cached:           637892 kB
MemTotal:        1844596 kB
MemFree:          716608 kB
MemAvailable:    1411128 kB
Buffers:           85584 kB
Cached:           637892 kB
MemTotal:        1844596 kB
MemFree:          715432 kB
MemAvailable:    1409952 kB
Buffers:           85584 kB
Cached:           637892 kB
MemTotal:        1844596 kB
MemFree:          715308 kB
MemAvailable:    1409828 kB
Buffers:           85584 kB
Cached:           637892 kB
MemTotal:        1844596 kB
MemFree:          715204 kB
MemAvailable:    1409724 kB
Buffers:           85584 kB
Cached:           637892 kB
MemTotal:        1844596 kB
MemFree:          709972 kB
MemAvailable:    1404492 kB
Buffers:           85584 kB
Cached:           637892 kB
MemTotal:        1844596 kB
MemFree:          709972 kB
MemAvailable:    1404492 kB
Buffers:           85584 kB
Cached:           637892 kB
MemTotal:        1844596 kB
MemFree:          704840 kB
MemAvailable:    1399360 kB
Buffers:           85584 kB
Cached:           637892 kB
MemTotal:        1844596 kB
MemFree:          700324 kB
MemAvailable:    1394844 kB
Buffers:           85584 kB
Cached:           637892 kB
MemTotal:        1844596 kB
MemFree:          698340 kB
MemAvailable:    1392860 kB
Buffers:           85584 kB
Cached:           637892 kB
MemTotal:        1844596 kB
MemFree:          698092 kB
MemAvailable:    1392616 kB
Buffers:           85584 kB
Cached:           637896 kB
MemTotal:        1844596 kB
MemFree:          697920 kB
MemAvailable:    1392444 kB
Buffers:           85584 kB
Cached:           637896 kB
MemTotal:        1844596 kB
MemFree:          698340 kB
MemAvailable:    1392864 kB
Buffers:           85584 kB
Cached:           637896 kB
MemTotal:        1844596 kB
MemFree:          698228 kB
MemAvailable:    1392752 kB
Buffers:           85584 kB
Cached:           637896 kB
MemTotal:        1844596 kB
MemFree:          696920 kB
MemAvailable:    1391444 kB
Buffers:           85584 kB
Cached:           637896 kB
MemTotal:        1844596 kB
MemFree:          696920 kB
MemAvailable:    1391444 kB
Buffers:           85584 kB
Cached:           637896 kB
MemTotal:        1844596 kB
MemFree:          696912 kB
MemAvailable:    1391436 kB
Buffers:           85584 kB
Cached:           637896 kB
MemTotal:        1844596 kB
MemFree:          697044 kB
MemAvailable:    1391568 kB
Buffers:           85584 kB
Cached:           637896 kB
MemTotal:        1844596 kB
MemFree:          697804 kB
MemAvailable:    1392328 kB
Buffers:           85584 kB
Cached:           637896 kB
MemTotal:        1844596 kB
MemFree:          696480 kB
MemAvailable:    1391004 kB
Buffers:           85584 kB
Cached:           637896 kB
MemTotal:        1844596 kB
MemFree:          696556 kB
MemAvailable:    1391080 kB
Buffers:           85584 kB
Cached:           637896 kB
MemTotal:        1844596 kB
MemFree:          696556 kB
MemAvailable:    1391080 kB
Buffers:           85584 kB
Cached:           637896 kB
MemTotal:        1844596 kB
MemFree:          695984 kB
MemAvailable:    1390508 kB
Buffers:           85584 kB
Cached:           637896 kB
MemTotal:        1844596 kB
MemFree:          697092 kB
MemAvailable:    1391616 kB
Buffers:           85584 kB
Cached:           637896 kB
MemTotal:        1844596 kB
MemFree:          696680 kB
MemAvailable:    1391204 kB
Buffers:           85584 kB
Cached:           637896 kB
MemTotal:        1844596 kB
MemFree:          694984 kB
MemAvailable:    1389508 kB
Buffers:           85584 kB
Cached:           637896 kB
MemTotal:        1844596 kB
MemFree:          694448 kB
MemAvailable:    1388972 kB
Buffers:           85584 kB
Cached:           637896 kB
MemTotal:        1844596 kB
MemFree:          695728 kB
MemAvailable:    1390252 kB
Buffers:           85584 kB
Cached:           637896 kB
MemTotal:        1844596 kB
MemFree:          695264 kB
MemAvailable:    1389788 kB
Buffers:           85584 kB
Cached:           637896 kB
MemTotal:        1844596 kB
MemFree:          693504 kB
MemAvailable:    1388028 kB
Buffers:           85584 kB
Cached:           637896 kB
MemTotal:        1844596 kB
MemFree:          694000 kB
MemAvailable:    1388524 kB
Buffers:           85584 kB
Cached:           637896 kB
MemTotal:        1844596 kB
MemFree:          692264 kB
MemAvailable:    1386788 kB
Buffers:           85584 kB
Cached:           637896 kB
MemTotal:        1844596 kB
MemFree:          691272 kB
MemAvailable:    1385796 kB
Buffers:           85584 kB
Cached:           637896 kB
MemTotal:        1844596 kB
MemFree:          690728 kB
MemAvailable:    1385252 kB
Buffers:           85584 kB
Cached:           637896 kB
MemTotal:        1844596 kB
MemFree:          690720 kB
MemAvailable:    1385244 kB
Buffers:           85584 kB
Cached:           637896 kB
MemTotal:        1844596 kB
MemFree:          690720 kB
MemAvailable:    1385244 kB
Buffers:           85584 kB
Cached:           637896 kB
MemTotal:        1844596 kB
MemFree:          690880 kB
MemAvailable:    1385404 kB
Buffers:           85584 kB
Cached:           637896 kB
MemTotal:        1844596 kB
MemFree:          692120 kB
MemAvailable:    1386644 kB
Buffers:           85584 kB
Cached:           637896 kB
MemTotal:        1844596 kB
MemFree:          690708 kB
MemAvailable:    1385232 kB
Buffers:           85584 kB
Cached:           637896 kB
MemTotal:        1844596 kB
MemFree:          692072 kB
MemAvailable:    1386596 kB
Buffers:           85584 kB
Cached:           637896 kB
MemTotal:        1844596 kB
MemFree:          689288 kB
MemAvailable:    1383812 kB
Buffers:           85584 kB
Cached:           637896 kB
MemTotal:        1844596 kB
MemFree:          690472 kB
MemAvailable:    1384996 kB
Buffers:           85584 kB
Cached:           637896 kB
MemTotal:        1844596 kB
MemFree:          689164 kB
MemAvailable:    1383688 kB
Buffers:           85584 kB
Cached:           637896 kB
MemTotal:        1844596 kB
MemFree:          690528 kB
MemAvailable:    1385052 kB
Buffers:           85584 kB
Cached:           637896 kB
MemTotal:        1844596 kB
MemFree:          689412 kB
MemAvailable:    1383936 kB
Buffers:           85584 kB
Cached:           637896 kB
MemTotal:        1844596 kB
MemFree:          690392 kB
MemAvailable:    1384916 kB
Buffers:           85584 kB
Cached:           637896 kB
MemTotal:        1844596 kB
MemFree:          690336 kB
MemAvailable:    1384860 kB
Buffers:           85584 kB
Cached:           637896 kB
MemTotal:        1844596 kB
MemFree:          689104 kB
MemAvailable:    1383628 kB
Buffers:           85584 kB
Cached:           637896 kB
MemTotal:        1844596 kB
MemFree:          690264 kB
MemAvailable:    1384788 kB
Buffers:           85584 kB
Cached:           637896 kB
MemTotal:        1844596 kB
MemFree:          690264 kB
MemAvailable:    1384788 kB
Buffers:           85584 kB
Cached:           637896 kB
MemTotal:        1844596 kB
MemFree:          690348 kB
MemAvailable:    1384872 kB
Buffers:           85584 kB
Cached:           637896 kB
MemTotal:        1844596 kB
MemFree:          690404 kB
MemAvailable:    1384928 kB
Buffers:           85584 kB
Cached:           637896 kB
MemTotal:        1844596 kB
MemFree:          689140 kB
MemAvailable:    1383664 kB
Buffers:           85584 kB
Cached:           637896 kB
MemTotal:        1844596 kB
MemFree:          690260 kB
MemAvailable:    1384784 kB
Buffers:           85584 kB
Cached:           637896 kB
MemTotal:        1844596 kB
MemFree:          690556 kB
MemAvailable:    1385080 kB
Buffers:           85584 kB
Cached:           637896 kB
MemTotal:        1844596 kB
MemFree:          689660 kB
MemAvailable:    1384184 kB
Buffers:           85584 kB
Cached:           637896 kB
MemTotal:        1844596 kB
MemFree:          690316 kB
MemAvailable:    1384840 kB
Buffers:           85584 kB
Cached:           637896 kB
MemTotal:        1844596 kB
MemFree:          690412 kB
MemAvailable:    1384936 kB
Buffers:           85584 kB
Cached:           637896 kB
MemTotal:        1844596 kB
MemFree:          689156 kB
MemAvailable:    1383680 kB
Buffers:           85584 kB
Cached:           637896 kB
MemTotal:        1844596 kB
MemFree:          689116 kB
MemAvailable:    1383640 kB
Buffers:           85584 kB
Cached:           637896 kB
MemTotal:        1844596 kB
MemFree:          690408 kB
MemAvailable:    1384932 kB
Buffers:           85584 kB
Cached:           637896 kB
MemTotal:        1844596 kB
MemFree:          689544 kB
MemAvailable:    1384068 kB
Buffers:           85584 kB
Cached:           637896 kB
MemTotal:        1844596 kB
MemFree:          689288 kB
MemAvailable:    1383816 kB
Buffers:           85584 kB
Cached:           637900 kB
MemTotal:        1844596 kB
MemFree:          689280 kB
MemAvailable:    1383808 kB
Buffers:           85584 kB
Cached:           637900 kB
MemTotal:        1844596 kB
MemFree:          689404 kB
MemAvailable:    1383932 kB
Buffers:           85584 kB
Cached:           637900 kB
MemTotal:        1844596 kB
MemFree:          689280 kB
MemAvailable:    1383808 kB
Buffers:           85584 kB
Cached:           637900 kB
MemTotal:        1844596 kB
MemFree:          689148 kB
MemAvailable:    1383676 kB
Buffers:           85584 kB
Cached:           637900 kB
MemTotal:        1844596 kB
MemFree:          690340 kB
MemAvailable:    1384868 kB
Buffers:           85584 kB
Cached:           637900 kB
MemTotal:        1844596 kB
MemFree:          689792 kB
MemAvailable:    1384320 kB
Buffers:           85584 kB
Cached:           637900 kB
MemTotal:        1844596 kB
MemFree:          689116 kB
MemAvailable:    1383644 kB
Buffers:           85584 kB
Cached:           637900 kB
MemTotal:        1844596 kB
MemFree:          690396 kB
MemAvailable:    1384924 kB
Buffers:           85584 kB
Cached:           637900 kB
MemTotal:        1844596 kB
MemFree:          690536 kB
MemAvailable:    1385064 kB
Buffers:           85584 kB
Cached:           637900 kB
MemTotal:        1844596 kB
MemFree:          690356 kB
MemAvailable:    1384884 kB
Buffers:           85584 kB
Cached:           637900 kB
MemTotal:        1844596 kB
MemFree:          689152 kB
MemAvailable:    1383680 kB
Buffers:           85584 kB
Cached:           637900 kB
MemTotal:        1844596 kB
MemFree:          689148 kB
MemAvailable:    1383676 kB
Buffers:           85584 kB
Cached:           637900 kB
MemTotal:        1844596 kB
MemFree:          689140 kB
MemAvailable:    1383668 kB
Buffers:           85584 kB
Cached:           637900 kB
MemTotal:        1844596 kB
MemFree:          689016 kB
MemAvailable:    1383544 kB
Buffers:           85584 kB
Cached:           637900 kB
MemTotal:        1844596 kB
MemFree:          690272 kB
MemAvailable:    1384800 kB
Buffers:           85584 kB
Cached:           637900 kB
MemTotal:        1844596 kB
MemFree:          690272 kB
MemAvailable:    1384800 kB
Buffers:           85584 kB
Cached:           637900 kB
MemTotal:        1844596 kB
MemFree:          690292 kB
MemAvailable:    1384820 kB
Buffers:           85584 kB
Cached:           637900 kB
MemTotal:        1844596 kB
MemFree:          690412 kB
MemAvailable:    1384940 kB
Buffers:           85584 kB
Cached:           637900 kB
MemTotal:        1844596 kB
MemFree:          689668 kB
MemAvailable:    1384196 kB
Buffers:           85584 kB
Cached:           637900 kB
MemTotal:        1844596 kB
MemFree:          690520 kB
MemAvailable:    1385052 kB
Buffers:           85584 kB
Cached:           637904 kB
MemTotal:        1844596 kB
MemFree:          690776 kB
MemAvailable:    1385308 kB
Buffers:           85584 kB
Cached:           637904 kB
MemTotal:        1844596 kB
MemFree:          688420 kB
MemAvailable:    1382952 kB
Buffers:           85584 kB
Cached:           637904 kB
MemTotal:        1844596 kB
MemFree:          685808 kB
MemAvailable:    1380340 kB
Buffers:           85584 kB
Cached:           637904 kB
MemTotal:        1844596 kB
MemFree:          683452 kB
MemAvailable:    1377984 kB
Buffers:           85584 kB
Cached:           637904 kB
MemTotal:        1844596 kB
MemFree:          679732 kB
MemAvailable:    1374264 kB
Buffers:           85584 kB
Cached:           637904 kB
MemTotal:        1844596 kB
MemFree:          676004 kB
MemAvailable:    1370536 kB
Buffers:           85584 kB
Cached:           637904 kB
MemTotal:        1844596 kB
MemFree:          676004 kB
MemAvailable:    1370536 kB
Buffers:           85584 kB
Cached:           637904 kB
MemTotal:        1844596 kB
MemFree:          671052 kB
MemAvailable:    1365584 kB
Buffers:           85584 kB
Cached:           637904 kB
MemTotal:        1844596 kB
MemFree:          670448 kB
MemAvailable:    1364980 kB
Buffers:           85584 kB
Cached:           637904 kB
MemTotal:        1844596 kB
MemFree:          669648 kB
MemAvailable:    1364180 kB
Buffers:           85584 kB
Cached:           637904 kB
MemTotal:        1844596 kB
MemFree:          670928 kB
MemAvailable:    1365460 kB
Buffers:           85584 kB
Cached:           637904 kB
MemTotal:        1844596 kB
MemFree:          671180 kB
MemAvailable:    1365712 kB
Buffers:           85584 kB
Cached:           637904 kB
MemTotal:        1844596 kB
MemFree:          670800 kB
MemAvailable:    1365332 kB
Buffers:           85584 kB
Cached:           637904 kB
MemTotal:        1844596 kB
MemFree:          670848 kB
MemAvailable:    1365380 kB
Buffers:           85584 kB
Cached:           637904 kB
MemTotal:        1844596 kB
MemFree:          671184 kB
MemAvailable:    1365716 kB
Buffers:           85584 kB
Cached:           637904 kB
MemTotal:        1844596 kB
MemFree:          670888 kB
MemAvailable:    1365420 kB
Buffers:           85584 kB
Cached:           637904 kB
MemTotal:        1844596 kB
MemFree:          671008 kB
MemAvailable:    1365540 kB
Buffers:           85584 kB
Cached:           637904 kB
MemTotal:        1844596 kB
MemFree:          670192 kB
MemAvailable:    1364724 kB
Buffers:           85584 kB
Cached:           637904 kB
MemTotal:        1844596 kB
MemFree:          670764 kB
MemAvailable:    1365296 kB
Buffers:           85584 kB
Cached:           637904 kB
MemTotal:        1844596 kB
MemFree:          671020 kB
MemAvailable:    1365552 kB
Buffers:           85584 kB
Cached:           637904 kB
MemTotal:        1844596 kB
MemFree:          670880 kB
MemAvailable:    1365412 kB
Buffers:           85584 kB
Cached:           637904 kB
MemTotal:        1844596 kB
MemFree:          671136 kB
MemAvailable:    1365668 kB
Buffers:           85584 kB
Cached:           637904 kB
MemTotal:        1844596 kB
MemFree:          670796 kB
MemAvailable:    1365328 kB
Buffers:           85584 kB
Cached:           637904 kB
MemTotal:        1844596 kB
MemFree:          670724 kB
MemAvailable:    1365256 kB
Buffers:           85584 kB
Cached:           637904 kB
MemTotal:        1844596 kB
MemFree:          670520 kB
MemAvailable:    1365052 kB
Buffers:           85584 kB
Cached:           637904 kB
MemTotal:        1844596 kB
MemFree:          670688 kB
MemAvailable:    1365220 kB
Buffers:           85584 kB
Cached:           637904 kB
MemTotal:        1844596 kB
MemFree:          669268 kB
MemAvailable:    1363800 kB
Buffers:           85584 kB
Cached:           637904 kB
MemTotal:        1844596 kB
MemFree:          669268 kB
MemAvailable:    1363800 kB
Buffers:           85584 kB
Cached:           637904 kB
MemTotal:        1844596 kB
MemFree:          669260 kB
MemAvailable:    1363792 kB
Buffers:           85584 kB
Cached:           637904 kB
MemTotal:        1844596 kB
MemFree:          670500 kB
MemAvailable:    1365032 kB
Buffers:           85584 kB
Cached:           637904 kB
MemTotal:        1844596 kB
MemFree:          670500 kB
MemAvailable:    1365032 kB
Buffers:           85584 kB
Cached:           637904 kB
MemTotal:        1844596 kB
MemFree:          670240 kB
MemAvailable:    1364772 kB
Buffers:           85584 kB
Cached:           637904 kB
MemTotal:        1844596 kB
MemFree:          669828 kB
MemAvailable:    1364360 kB
Buffers:           85584 kB
Cached:           637904 kB
MemTotal:        1844596 kB
MemFree:          669804 kB
MemAvailable:    1364336 kB
Buffers:           85584 kB
Cached:           637904 kB
MemTotal:        1844596 kB
MemFree:          669704 kB
MemAvailable:    1364236 kB
Buffers:           85584 kB
Cached:           637904 kB
MemTotal:        1844596 kB
MemFree:          666844 kB
MemAvailable:    1361376 kB
Buffers:           85584 kB
Cached:           637904 kB
MemTotal:        1844596 kB
MemFree:          661512 kB
MemAvailable:    1356044 kB
Buffers:           85584 kB
Cached:           637904 kB
MemTotal:        1844596 kB
MemFree:          660068 kB
MemAvailable:    1354600 kB
Buffers:           85584 kB
Cached:           637904 kB
MemTotal:        1844596 kB
MemFree:          659768 kB
MemAvailable:    1354300 kB
Buffers:           85584 kB
Cached:           637904 kB
MemTotal:        1844596 kB
MemFree:          660628 kB
MemAvailable:    1355160 kB
Buffers:           85584 kB
Cached:           637904 kB
MemTotal:        1844596 kB
MemFree:          660520 kB
MemAvailable:    1355052 kB
Buffers:           85584 kB
Cached:           637904 kB
MemTotal:        1844596 kB
MemFree:          659100 kB
MemAvailable:    1353632 kB
Buffers:           85584 kB
Cached:           637904 kB
MemTotal:        1844596 kB
MemFree:          659348 kB
MemAvailable:    1353880 kB
Buffers:           85584 kB
Cached:           637904 kB
MemTotal:        1844596 kB
MemFree:          659224 kB
MemAvailable:    1353756 kB
Buffers:           85584 kB
Cached:           637904 kB
MemTotal:        1844596 kB
MemFree:          657668 kB
MemAvailable:    1352200 kB
Buffers:           85584 kB
Cached:           637904 kB
MemTotal:        1844596 kB
MemFree:          656676 kB
MemAvailable:    1351208 kB
Buffers:           85584 kB
Cached:           637904 kB
MemTotal:        1844596 kB
MemFree:          656792 kB
MemAvailable:    1351324 kB
Buffers:           85584 kB
Cached:           637904 kB
MemTotal:        1844596 kB
MemFree:          656544 kB
MemAvailable:    1351076 kB
Buffers:           85584 kB
Cached:           637904 kB
MemTotal:        1844596 kB
MemFree:          657668 kB
MemAvailable:    1352200 kB
Buffers:           85584 kB
Cached:           637904 kB
MemTotal:        1844596 kB
MemFree:          656560 kB
MemAvailable:    1351176 kB
Buffers:           85584 kB
Cached:           638028 kB
MemTotal:        1844596 kB
MemFree:          657232 kB
MemAvailable:    1352016 kB
Buffers:           85584 kB
Cached:           638276 kB
MemTotal:        1844596 kB
MemFree:          657424 kB
MemAvailable:    1352208 kB
Buffers:           85584 kB
Cached:           638276 kB
MemTotal:        1844596 kB
MemFree:          656044 kB
MemAvailable:    1350996 kB
Buffers:           85584 kB
Cached:           638400 kB
MemTotal:        1844596 kB
MemFree:          656304 kB
MemAvailable:    1351256 kB
Buffers:           85584 kB
Cached:           638400 kB
MemTotal:        1844596 kB
MemFree:          656784 kB
MemAvailable:    1351824 kB
Buffers:           85584 kB
Cached:           638488 kB
MemTotal:        1844596 kB
MemFree:          657120 kB
MemAvailable:    1352160 kB
Buffers:           85584 kB
Cached:           638488 kB
MemTotal:        1844596 kB
MemFree:          655676 kB
MemAvailable:    1350716 kB
Buffers:           85584 kB
Cached:           638488 kB
MemTotal:        1844596 kB
MemFree:          657040 kB
MemAvailable:    1352164 kB
Buffers:           85584 kB
Cached:           638488 kB
MemTotal:        1844596 kB
MemFree:          656420 kB
MemAvailable:    1351544 kB
Buffers:           85584 kB
Cached:           638488 kB
MemTotal:        1844596 kB
MemFree:          656832 kB
MemAvailable:    1351956 kB
Buffers:           85584 kB
Cached:           638488 kB
MemTotal:        1844596 kB
MemFree:          656772 kB
MemAvailable:    1351896 kB
Buffers:           85584 kB
Cached:           638488 kB
MemTotal:        1844596 kB
MemFree:          657108 kB
MemAvailable:    1352232 kB
Buffers:           85584 kB
Cached:           638488 kB
MemTotal:        1844596 kB
MemFree:          655656 kB
MemAvailable:    1350780 kB
Buffers:           85584 kB
Cached:           638488 kB
MemTotal:        1844596 kB
MemFree:          657068 kB
MemAvailable:    1351604 kB
Buffers:           85584 kB
Cached:           637896 kB
MemTotal:        1844596 kB
MemFree:          657240 kB
MemAvailable:    1351776 kB
Buffers:           85584 kB
Cached:           637896 kB
MemTotal:        1844596 kB
MemFree:          656124 kB
MemAvailable:    1350660 kB
Buffers:           85584 kB
Cached:           637896 kB
MemTotal:        1844596 kB
MemFree:          773848 kB
MemAvailable:    1468384 kB
Buffers:           85584 kB
Cached:           637896 kB
MemTotal:        1844596 kB
MemFree:          839576 kB
MemAvailable:    1534112 kB
Buffers:           85584 kB
Cached:           637896 kB
