MemTotal:        1844596 kB
MemFree:          619176 kB
MemAvailable:    1544280 kB
Buffers:           91096 kB
Cached:           854416 kB
MemTotal:        1844596 kB
MemFree:          590160 kB
MemAvailable:    1515272 kB
Buffers:           91096 kB
Cached:           854420 kB
MemTotal:        1844596 kB
MemFree:          589872 kB
MemAvailable:    1514984 kB
Buffers:           91096 kB
Cached:           854420 kB
MemTotal:        1844596 kB
MemFree:          589556 kB
MemAvailable:    1514668 kB
Buffers:           91096 kB
Cached:           854420 kB
MemTotal:        1844596 kB
MemFree:          586828 kB
MemAvailable:    1511940 kB
Buffers:           91096 kB
Cached:           854420 kB
MemTotal:        1844596 kB
MemFree:          587200 kB
MemAvailable:    1512312 kB
Buffers:           91096 kB
Cached:           854420 kB
MemTotal:        1844596 kB
MemFree:          585456 kB
MemAvailable:    1510568 kB
Buffers:           91096 kB
Cached:           854420 kB
MemTotal:        1844596 kB
MemFree:          582852 kB
MemAvailable:    1507964 kB
Buffers:           91096 kB
Cached:           854420 kB
MemTotal:        1844596 kB
MemFree:          582868 kB
MemAvailable:    1507980 kB
Buffers:           91096 kB
Cached:           854420 kB
MemTotal:        1844596 kB
MemFree:          579388 kB
MemAvailable:    1504500 kB
Buffers:           91096 kB
Cached:           854420 kB
MemTotal:        1844596 kB
MemFree:          576040 kB
MemAvailable:    1501152 kB
Buffers:           91096 kB
Cached:           854420 kB
MemTotal:        1844596 kB
MemFree:          578024 kB
MemAvailable:    1503136 kB
Buffers:           91096 kB
Cached:           854420 kB
MemTotal:        1844596 kB
MemFree:          579208 kB
MemAvailable:    1504320 kB
Buffers:           91096 kB
Cached:           854420 kB
MemTotal:        1844596 kB
MemFree:          579464 kB
MemAvailable:    1504576 kB
Buffers:           91096 kB
Cached:           854420 kB
MemTotal:        1844596 kB
MemFree:          577884 kB
MemAvailable:    1502996 kB
Buffers:           91096 kB
Cached:           854420 kB
MemTotal:        1844596 kB
MemFree:          578992 kB
MemAvailable:    1504104 kB
Buffers:           91096 kB
Cached:           854420 kB
MemTotal:        1844596 kB
MemFree:          578900 kB
MemAvailable:    1504012 kB
Buffers:           91096 kB
Cached:           854420 kB
MemTotal:        1844596 kB
MemFree:          577644 kB
MemAvailable:    1502756 kB
Buffers:           91096 kB
Cached:           854420 kB
MemTotal:        1844596 kB
MemFree:          577652 kB
MemAvailable:    1502764 kB
Buffers:           91096 kB
Cached:           854420 kB
MemTotal:        1844596 kB
MemFree:          578752 kB
MemAvailable:    1503864 kB
Buffers:           91096 kB
Cached:           854420 kB
MemTotal:        1844596 kB
MemFree:          578644 kB
MemAvailable:    1503756 kB
Buffers:           91096 kB
Cached:           854420 kB
MemTotal:        1844596 kB
MemFree:          577216 kB
MemAvailable:    1502328 kB
Buffers:           91096 kB
Cached:           854420 kB
MemTotal:        1844596 kB
MemFree:          578648 kB
MemAvailable:    1503760 kB
Buffers:           91096 kB
Cached:           854420 kB
MemTotal:        1844596 kB
MemFree:          577216 kB
MemAvailable:    1502328 kB
Buffers:           91096 kB
Cached:           854420 kB
MemTotal:        1844596 kB
MemFree:          577032 kB
MemAvailable:    1502144 kB
Buffers:           91096 kB
Cached:           854420 kB
MemTotal:        1844596 kB
MemFree:          577032 kB
MemAvailable:    1502144 kB
Buffers:           91096 kB
Cached:           854420 kB
MemTotal:        1844596 kB
MemFree:          576536 kB
MemAvailable:    1501648 kB
Buffers:           91096 kB
Cached:           854420 kB
MemTotal:        1844596 kB
MemFree:          577604 kB
MemAvailable:    1502716 kB
Buffers:           91096 kB
Cached:           854420 kB
MemTotal:        1844596 kB
MemFree:          575824 kB
MemAvailable:    1500936 kB
Buffers:           91096 kB
Cached:           854420 kB
MemTotal:        1844596 kB
MemFree:          576568 kB
MemAvailable:    1501680 kB
Buffers:           91096 kB
Cached:           854420 kB
MemTotal:        1844596 kB
MemFree:          576320 kB
MemAvailable:    1501432 kB
Buffers:           91096 kB
Cached:           854420 kB
MemTotal:        1844596 kB
MemFree:          576320 kB
MemAvailable:    1501432 kB
Buffers:           91096 kB
Cached:           854420 kB
MemTotal:        1844596 kB
MemFree:          575320 kB
MemAvailable:    1500432 kB
Buffers:           91096 kB
Cached:           854420 kB
MemTotal:        1844596 kB
MemFree:          574948 kB
MemAvailable:    1500060 kB
Buffers:           91096 kB
Cached:           854420 kB
MemTotal:        1844596 kB
MemFree:          576132 kB
MemAvailable:    1501244 kB
Buffers:           91096 kB
Cached:           854420 kB
MemTotal:        1844596 kB
MemFree:          576384 kB
MemAvailable:    1501496 kB
Buffers:           91096 kB
Cached:           854420 kB
MemTotal:        1844596 kB
MemFree:          574900 kB
MemAvailable:    1500012 kB
Buffers:           91096 kB
Cached:           854420 kB
MemTotal:        1844596 kB
MemFree:          576176 kB
MemAvailable:    1501288 kB
Buffers:           91096 kB
Cached:           854420 kB
MemTotal:        1844596 kB
MemFree:          576080 kB
MemAvailable:    1501192 kB
Buffers:           91096 kB
Cached:           854420 kB
MemTotal:        1844596 kB
MemFree:          574460 kB
MemAvailable:    1499572 kB
Buffers:           91096 kB
Cached:           854420 kB
MemTotal:        1844596 kB
MemFree:          570988 kB
MemAvailable:    1496100 kB
Buffers:           91096 kB
Cached:           854420 kB
MemTotal:        1844596 kB
MemFree:          571104 kB
MemAvailable:    1496216 kB
Buffers:           91096 kB
Cached:           854420 kB
MemTotal:        1844596 kB
MemFree:          570800 kB
MemAvailable:    1495912 kB
Buffers:           91096 kB
Cached:           854420 kB
MemTotal:        1844596 kB
MemFree:          571052 kB
MemAvailable:    1496164 kB
Buffers:           91096 kB
Cached:           854420 kB
MemTotal:        1844596 kB
MemFree:          569560 kB
MemAvailable:    1494672 kB
Buffers:           91096 kB
Cached:           854420 kB
MemTotal:        1844596 kB
MemFree:          569568 kB
MemAvailable:    1494680 kB
Buffers:           91096 kB
Cached:           854420 kB
MemTotal:        1844596 kB
MemFree:          570668 kB
MemAvailable:    1495780 kB
Buffers:           91096 kB
Cached:           854420 kB
MemTotal:        1844596 kB
MemFree:          570368 kB
MemAvailable:    1495480 kB
Buffers:           91096 kB
Cached:           854420 kB
MemTotal:        1844596 kB
MemFree:          570412 kB
MemAvailable:    1495524 kB
Buffers:           91096 kB
Cached:           854420 kB
MemTotal:        1844596 kB
MemFree:          570416 kB
MemAvailable:    1495528 kB
Buffers:           91096 kB
Cached:           854420 kB
MemTotal:        1844596 kB
MemFree:          570416 kB
MemAvailable:    1495528 kB
Buffers:           91096 kB
Cached:           854420 kB
MemTotal:        1844596 kB
MemFree:          570404 kB
MemAvailable:    1495516 kB
Buffers:           91096 kB
Cached:           854420 kB
MemTotal:        1844596 kB
MemFree:          569252 kB
MemAvailable:    1494364 kB
Buffers:           91096 kB
Cached:           854420 kB
MemTotal:        1844596 kB
MemFree:          569328 kB
MemAvailable:    1494440 kB
Buffers:           91096 kB
Cached:           854420 kB
MemTotal:        1844596 kB
MemFree:          569080 kB
MemAvailable:    1494192 kB
Buffers:           91096 kB
Cached:           854420 kB
MemTotal:        1844596 kB
MemFree:          567252 kB
MemAvailable:    1492364 kB
Buffers:           91096 kB
Cached:           854420 kB
MemTotal:        1844596 kB
MemFree:          567020 kB
MemAvailable:    1492132 kB
Buffers:           91096 kB
Cached:           854420 kB
MemTotal:        1844596 kB
MemFree:          564848 kB
MemAvailable:    1489960 kB
Buffers:           91096 kB
Cached:           854420 kB
MemTotal:        1844596 kB
MemFree:          564152 kB
MemAvailable:    1489264 kB
Buffers:           91096 kB
Cached:           854420 kB
MemTotal:        1844596 kB
MemFree:          564152 kB
MemAvailable:    1489264 kB
Buffers:           91096 kB
Cached:           854420 kB
MemTotal:        1844596 kB
MemFree:          562540 kB
MemAvailable:    1487652 kB
Buffers:           91096 kB
Cached:           854420 kB
MemTotal:        1844596 kB
MemFree:          562060 kB
MemAvailable:    1487172 kB
Buffers:           91096 kB
Cached:           854420 kB
MemTotal:        1844596 kB
MemFree:          562436 kB
MemAvailable:    1487548 kB
Buffers:           91096 kB
Cached:           854420 kB
MemTotal:        1844596 kB
MemFree:          561920 kB
MemAvailable:    1487032 kB
Buffers:           91096 kB
Cached:           854420 kB
MemTotal:        1844596 kB
MemFree:          561564 kB
MemAvailable:    1486676 kB
Buffers:           91096 kB
Cached:           854420 kB
MemTotal:        1844596 kB
MemFree:          561860 kB
MemAvailable:    1486972 kB
Buffers:           91096 kB
Cached:           854420 kB
MemTotal:        1844596 kB
MemFree:          561876 kB
MemAvailable:    1486988 kB
Buffers:           91096 kB
Cached:           854420 kB
MemTotal:        1844596 kB
MemFree:          560944 kB
MemAvailable:    1486056 kB
Buffers:           91096 kB
Cached:           854420 kB
MemTotal:        1844596 kB
MemFree:          561632 kB
MemAvailable:    1486744 kB
Buffers:           91096 kB
Cached:           854424 kB
MemTotal:        1844596 kB
MemFree:          561440 kB
MemAvailable:    1486552 kB
Buffers:           91096 kB
Cached:           854424 kB
MemTotal:        1844596 kB
MemFree:          560432 kB
MemAvailable:    1485544 kB
Buffers:           91096 kB
Cached:           854424 kB
MemTotal:        1844596 kB
MemFree:          560432 kB
MemAvailable:    1485544 kB
Buffers:           91096 kB
Cached:           854424 kB
MemTotal:        1844596 kB
MemFree:          561484 kB
MemAvailable:    1486596 kB
Buffers:           91096 kB
Cached:           854424 kB
MemTotal:        1844596 kB
MemFree:          561736 kB
MemAvailable:    1486848 kB
Buffers:           91096 kB
Cached:           854424 kB
MemTotal:        1844596 kB
MemFree:          561500 kB
MemAvailable:    1486612 kB
Buffers:           91096 kB
Cached:           854424 kB
MemTotal:        1844596 kB
MemFree:          561812 kB
MemAvailable:    1486924 kB
Buffers:           91096 kB
Cached:           854424 kB
MemTotal:        1844596 kB
MemFree:          561812 kB
MemAvailable:    1486924 kB
Buffers:           91096 kB
Cached:           854424 kB
MemTotal:        1844596 kB
MemFree:          560128 kB
MemAvailable:    1485240 kB
Buffers:           91096 kB
Cached:           854424 kB
MemTotal:        1844596 kB
MemFree:          561340 kB
MemAvailable:    1486452 kB
Buffers:           91096 kB
Cached:           854424 kB
MemTotal:        1844596 kB
MemFree:          561352 kB
MemAvailable:    1486464 kB
Buffers:           91096 kB
Cached:           854424 kB
MemTotal:        1844596 kB
MemFree:          561524 kB
MemAvailable:    1486636 kB
Buffers:           91096 kB
Cached:           854424 kB
MemTotal:        1844596 kB
MemFree:          561236 kB
MemAvailable:    1486348 kB
Buffers:           91096 kB
Cached:           854424 kB
MemTotal:        1844596 kB
MemFree:          559896 kB
MemAvailable:    1485008 kB
Buffers:           91096 kB
Cached:           854424 kB
MemTotal:        1844596 kB
MemFree:          561420 kB
MemAvailable:    1486532 kB
Buffers:           91096 kB
Cached:           854424 kB
MemTotal:        1844596 kB
MemFree:          555976 kB
MemAvailable:    1481088 kB
Buffers:           91096 kB
Cached:           854424 kB
MemTotal:        1844596 kB
MemFree:          554124 kB
MemAvailable:    1479236 kB
Buffers:           91096 kB
Cached:           854424 kB
MemTotal:        1844596 kB
MemFree:          552264 kB
MemAvailable:    1477376 kB
Buffers:           91096 kB
Cached:           854424 kB
MemTotal:        1844596 kB
MemFree:          553340 kB
MemAvailable:    1478452 kB
Buffers:           91096 kB
Cached:           854424 kB
MemTotal:        1844596 kB
MemFree:          552140 kB
MemAvailable:    1477252 kB
Buffers:           91096 kB
Cached:           854424 kB
MemTotal:        1844596 kB
MemFree:          553000 kB
MemAvailable:    1478112 kB
Buffers:           91096 kB
Cached:           854424 kB
MemTotal:        1844596 kB
MemFree:          553140 kB
MemAvailable:    1478252 kB
Buffers:           91096 kB
Cached:           854424 kB
MemTotal:        1844596 kB
MemFree:          551644 kB
MemAvailable:    1476764 kB
Buffers:           91096 kB
Cached:           854432 kB
MemTotal:        1844596 kB
MemFree:          552936 kB
MemAvailable:    1478056 kB
Buffers:           91096 kB
Cached:           854432 kB
MemTotal:        1844596 kB
MemFree:          551768 kB
MemAvailable:    1476888 kB
Buffers:           91096 kB
Cached:           854432 kB
MemTotal:        1844596 kB
MemFree:          552980 kB
MemAvailable:    1478100 kB
Buffers:           91096 kB
Cached:           854432 kB
MemTotal:        1844596 kB
MemFree:          551644 kB
MemAvailable:    1476764 kB
Buffers:           91096 kB
Cached:           854432 kB
MemTotal:        1844596 kB
MemFree:          552968 kB
MemAvailable:    1478088 kB
Buffers:           91096 kB
Cached:           854432 kB
MemTotal:        1844596 kB
MemFree:          551644 kB
MemAvailable:    1476764 kB
Buffers:           91096 kB
Cached:           854432 kB
MemTotal:        1844596 kB
MemFree:          552884 kB
MemAvailable:    1478004 kB
Buffers:           91096 kB
Cached:           854432 kB
MemTotal:        1844596 kB
MemFree:          551644 kB
MemAvailable:    1476764 kB
Buffers:           91096 kB
Cached:           854432 kB
MemTotal:        1844596 kB
MemFree:          552456 kB
MemAvailable:    1477576 kB
Buffers:           91096 kB
Cached:           854432 kB
MemTotal:        1844596 kB
MemFree:          552792 kB
MemAvailable:    1477912 kB
Buffers:           91096 kB
Cached:           854432 kB
MemTotal:        1844596 kB
MemFree:          552588 kB
MemAvailable:    1477708 kB
Buffers:           91096 kB
Cached:           854432 kB
MemTotal:        1844596 kB
MemFree:          552844 kB
MemAvailable:    1477964 kB
Buffers:           91096 kB
Cached:           854432 kB
MemTotal:        1844596 kB
MemFree:          551216 kB
MemAvailable:    1476336 kB
Buffers:           91096 kB
Cached:           854432 kB
MemTotal:        1844596 kB
MemFree:          552820 kB
MemAvailable:    1477940 kB
Buffers:           91096 kB
Cached:           854432 kB
MemTotal:        1844596 kB
MemFree:          551892 kB
MemAvailable:    1477012 kB
Buffers:           91096 kB
Cached:           854432 kB
MemTotal:        1844596 kB
MemFree:          552576 kB
MemAvailable:    1477696 kB
Buffers:           91096 kB
Cached:           854432 kB
MemTotal:        1844596 kB
MemFree:          552828 kB
MemAvailable:    1477948 kB
Buffers:           91096 kB
Cached:           854432 kB
MemTotal:        1844596 kB
MemFree:          551348 kB
MemAvailable:    1476468 kB
Buffers:           91096 kB
Cached:           854432 kB
MemTotal:        1844596 kB
MemFree:          552640 kB
MemAvailable:    1477760 kB
Buffers:           91096 kB
Cached:           854432 kB
MemTotal:        1844596 kB
MemFree:          552576 kB
MemAvailable:    1477696 kB
Buffers:           91096 kB
Cached:           854432 kB
MemTotal:        1844596 kB
MemFree:          552576 kB
MemAvailable:    1477696 kB
Buffers:           91096 kB
Cached:           854432 kB
MemTotal:        1844596 kB
MemFree:          551264 kB
MemAvailable:    1476384 kB
Buffers:           91096 kB
Cached:           854432 kB
MemTotal:        1844596 kB
MemFree:          551464 kB
MemAvailable:    1476584 kB
Buffers:           91096 kB
Cached:           854432 kB
MemTotal:        1844596 kB
MemFree:          551768 kB
MemAvailable:    1476888 kB
Buffers:           91096 kB
Cached:           854432 kB
MemTotal:        1844596 kB
MemFree:          551272 kB
MemAvailable:    1476392 kB
Buffers:           91096 kB
Cached:           854432 kB
MemTotal:        1844596 kB
MemFree:          551480 kB
MemAvailable:    1476600 kB
Buffers:           91096 kB
Cached:           854432 kB
MemTotal:        1844596 kB
MemFree:          551224 kB
MemAvailable:    1476344 kB
Buffers:           91096 kB
Cached:           854432 kB
MemTotal:        1844596 kB
MemFree:          552496 kB
MemAvailable:    1477616 kB
Buffers:           91096 kB
Cached:           854432 kB
MemTotal:        1844596 kB
MemFree:          552140 kB
MemAvailable:    1477260 kB
Buffers:           91096 kB
Cached:           854432 kB
MemTotal:        1844596 kB
MemFree:          552676 kB
MemAvailable:    1477796 kB
Buffers:           91096 kB
Cached:           854432 kB
MemTotal:        1844596 kB
MemFree:          551460 kB
MemAvailable:    1476580 kB
Buffers:           91096 kB
Cached:           854432 kB
MemTotal:        1844596 kB
MemFree:          551452 kB
MemAvailable:    1476572 kB
Buffers:           91096 kB
Cached:           854432 kB
MemTotal:        1844596 kB
MemFree:          551328 kB
MemAvailable:    1476448 kB
Buffers:           91096 kB
Cached:           854432 kB
MemTotal:        1844596 kB
MemFree:          547280 kB
MemAvailable:    1472400 kB
Buffers:           91096 kB
Cached:           854432 kB
MemTotal:        1844596 kB
MemFree:          547280 kB
MemAvailable:    1472400 kB
Buffers:           91096 kB
Cached:           854432 kB
MemTotal:        1844596 kB
MemFree:          543832 kB
MemAvailable:    1468952 kB
Buffers:           91096 kB
Cached:           854432 kB
MemTotal:        1844596 kB
MemFree:          541832 kB
MemAvailable:    1466952 kB
Buffers:           91096 kB
Cached:           854432 kB
MemTotal:        1844596 kB
MemFree:          542168 kB
MemAvailable:    1467288 kB
Buffers:           91096 kB
Cached:           854432 kB
MemTotal:        1844596 kB
MemFree:          541784 kB
MemAvailable:    1466904 kB
Buffers:           91096 kB
Cached:           854432 kB
MemTotal:        1844596 kB
MemFree:          541848 kB
MemAvailable:    1466968 kB
Buffers:           91096 kB
Cached:           854432 kB
MemTotal:        1844596 kB
MemFree:          541696 kB
MemAvailable:    1466816 kB
Buffers:           91096 kB
Cached:           854432 kB
MemTotal:        1844596 kB
MemFree:          541600 kB
MemAvailable:    1466720 kB
Buffers:           91096 kB
Cached:           854432 kB
MemTotal:        1844596 kB
MemFree:          541836 kB
MemAvailable:    1466956 kB
Buffers:           91096 kB
Cached:           854432 kB
MemTotal:        1844596 kB
MemFree:          541656 kB
MemAvailable:    1466776 kB
Buffers:           91096 kB
Cached:           854432 kB
MemTotal:        1844596 kB
MemFree:          541912 kB
MemAvailable:    1467032 kB
Buffers:           91096 kB
Cached:           854432 kB
MemTotal:        1844596 kB
MemFree:          540584 kB
MemAvailable:    1465704 kB
Buffers:           91096 kB
Cached:           854432 kB
MemTotal:        1844596 kB
MemFree:          541760 kB
MemAvailable:    1466880 kB
Buffers:           91096 kB
Cached:           854432 kB
MemTotal:        1844596 kB
MemFree:          541712 kB
MemAvailable:    1466832 kB
Buffers:           91096 kB
Cached:           854432 kB
MemTotal:        1844596 kB
MemFree:          541716 kB
MemAvailable:    1466836 kB
Buffers:           91096 kB
Cached:           854432 kB
MemTotal:        1844596 kB
MemFree:          541716 kB
MemAvailable:    1466836 kB
Buffers:           91096 kB
Cached:           854432 kB
MemTotal:        1844596 kB
MemFree:          540484 kB
MemAvailable:    1465604 kB
Buffers:           91096 kB
Cached:           854432 kB
MemTotal:        1844596 kB
MemFree:          540436 kB
MemAvailable:    1465556 kB
Buffers:           91096 kB
Cached:           854432 kB
MemTotal:        1844596 kB
MemFree:          541908 kB
MemAvailable:    1467028 kB
Buffers:           91096 kB
Cached:           854432 kB
MemTotal:        1844596 kB
MemFree:          541860 kB
MemAvailable:    1466980 kB
Buffers:           91096 kB
Cached:           854432 kB
MemTotal:        1844596 kB
MemFree:          541796 kB
MemAvailable:    1466916 kB
Buffers:           91096 kB
Cached:           854432 kB
MemTotal:        1844596 kB
MemFree:          541112 kB
MemAvailable:    1466232 kB
Buffers:           91096 kB
Cached:           854432 kB
MemTotal:        1844596 kB
MemFree:          541584 kB
MemAvailable:    1466708 kB
Buffers:           91096 kB
Cached:           854436 kB
MemTotal:        1844596 kB
MemFree:          540928 kB
MemAvailable:    1466052 kB
Buffers:           91096 kB
Cached:           854436 kB
MemTotal:        1844596 kB
MemFree:          540360 kB
MemAvailable:    1465484 kB
Buffers:           91096 kB
Cached:           854436 kB
MemTotal:        1844596 kB
MemFree:          541784 kB
MemAvailable:    1466908 kB
Buffers:           91096 kB
Cached:           854436 kB
MemTotal:        1844596 kB
MemFree:          540980 kB
MemAvailable:    1466104 kB
Buffers:           91096 kB
Cached:           854436 kB
MemTotal:        1844596 kB
MemFree:          541964 kB
MemAvailable:    1467092 kB
Buffers:           91096 kB
Cached:           854440 kB
MemTotal:        1844596 kB
MemFree:          541856 kB
MemAvailable:    1466984 kB
Buffers:           91096 kB
Cached:           854440 kB
MemTotal:        1844596 kB
MemFree:          541676 kB
MemAvailable:    1466804 kB
Buffers:           91096 kB
Cached:           854440 kB
MemTotal:        1844596 kB
MemFree:          541856 kB
MemAvailable:    1466984 kB
Buffers:           91096 kB
Cached:           854440 kB
MemTotal:        1844596 kB
MemFree:          540980 kB
MemAvailable:    1466108 kB
Buffers:           91096 kB
Cached:           854440 kB
MemTotal:        1844596 kB
MemFree:          541912 kB
MemAvailable:    1467040 kB
Buffers:           91096 kB
Cached:           854440 kB
MemTotal:        1844596 kB
MemFree:          541980 kB
MemAvailable:    1467108 kB
Buffers:           91096 kB
Cached:           854440 kB
MemTotal:        1844596 kB
MemFree:          541860 kB
MemAvailable:    1466988 kB
Buffers:           91096 kB
Cached:           854440 kB
MemTotal:        1844596 kB
MemFree:          541980 kB
MemAvailable:    1467108 kB
Buffers:           91096 kB
Cached:           854440 kB
MemTotal:        1844596 kB
MemFree:          541236 kB
MemAvailable:    1466364 kB
Buffers:           91096 kB
Cached:           854440 kB
MemTotal:        1844596 kB
MemFree:          542080 kB
MemAvailable:    1467208 kB
Buffers:           91096 kB
Cached:           854440 kB
MemTotal:        1844596 kB
MemFree:          542080 kB
MemAvailable:    1467208 kB
Buffers:           91096 kB
Cached:           854440 kB
MemTotal:        1844596 kB
MemFree:          540720 kB
MemAvailable:    1465848 kB
Buffers:           91096 kB
Cached:           854440 kB
MemTotal:        1844596 kB
MemFree:          542140 kB
MemAvailable:    1467268 kB
Buffers:           91096 kB
Cached:           854440 kB
MemTotal:        1844596 kB
MemFree:          542088 kB
MemAvailable:    1467216 kB
Buffers:           91096 kB
Cached:           854440 kB
MemTotal:        1844596 kB
MemFree:          541924 kB
MemAvailable:    1467052 kB
Buffers:           91096 kB
Cached:           854440 kB
MemTotal:        1844596 kB
MemFree:          541104 kB
MemAvailable:    1466232 kB
Buffers:           91096 kB
Cached:           854440 kB
MemTotal:        1844596 kB
MemFree:          541832 kB
MemAvailable:    1466960 kB
Buffers:           91096 kB
Cached:           854440 kB
MemTotal:        1844596 kB
MemFree:          542084 kB
MemAvailable:    1467212 kB
Buffers:           91096 kB
Cached:           854440 kB
MemTotal:        1844596 kB
MemFree:          541760 kB
MemAvailable:    1466888 kB
Buffers:           91096 kB
Cached:           854440 kB
MemTotal:        1844596 kB
MemFree:          541836 kB
MemAvailable:    1466964 kB
Buffers:           91096 kB
Cached:           854440 kB
MemTotal:        1844596 kB
MemFree:          541848 kB
MemAvailable:    1466976 kB
Buffers:           91096 kB
Cached:           854440 kB
MemTotal:        1844596 kB
MemFree:          540856 kB
MemAvailable:    1465984 kB
Buffers:           91096 kB
Cached:           854440 kB
MemTotal:        1844596 kB
MemFree:          540476 kB
MemAvailable:    1465604 kB
Buffers:           91096 kB
Cached:           854440 kB
MemTotal:        1844596 kB
MemFree:          540856 kB
MemAvailable:    1465984 kB
Buffers:           91096 kB
Cached:           854440 kB
MemTotal:        1844596 kB
MemFree:          541356 kB
MemAvailable:    1466484 kB
Buffers:           91096 kB
Cached:           854440 kB
MemTotal:        1844596 kB
MemFree:          541024 kB
MemAvailable:    1466152 kB
Buffers:           91096 kB
Cached:           854440 kB
MemTotal:        1844596 kB
MemFree:          541024 kB
MemAvailable:    1466152 kB
Buffers:           91096 kB
Cached:           854440 kB
MemTotal:        1844596 kB
MemFree:          540836 kB
MemAvailable:    1465964 kB
Buffers:           91096 kB
Cached:           854440 kB
MemTotal:        1844596 kB
MemFree:          540988 kB
MemAvailable:    1466116 kB
Buffers:           91096 kB
Cached:           854440 kB
MemTotal:        1844596 kB
MemFree:          540808 kB
MemAvailable:    1465936 kB
Buffers:           91096 kB
Cached:           854440 kB
MemTotal:        1844596 kB
MemFree:          539436 kB
MemAvailable:    1464564 kB
Buffers:           91096 kB
Cached:           854440 kB
MemTotal:        1844596 kB
MemFree:          539552 kB
MemAvailable:    1464680 kB
Buffers:           91096 kB
Cached:           854440 kB
MemTotal:        1844596 kB
MemFree:          539304 kB
MemAvailable:    1464432 kB
Buffers:           91096 kB
Cached:           854440 kB
MemTotal:        1844596 kB
MemFree:          539428 kB
MemAvailable:    1464556 kB
Buffers:           91096 kB
Cached:           854440 kB
MemTotal:        1844596 kB
MemFree:          540792 kB
MemAvailable:    1465920 kB
Buffers:           91096 kB
Cached:           854440 kB
MemTotal:        1844596 kB
MemFree:          539552 kB
MemAvailable:    1464680 kB
Buffers:           91096 kB
Cached:           854440 kB
MemTotal:        1844596 kB
MemFree:          539616 kB
MemAvailable:    1464744 kB
Buffers:           91096 kB
Cached:           854440 kB
MemTotal:        1844596 kB
MemFree:          539368 kB
MemAvailable:    1464496 kB
Buffers:           91096 kB
Cached:           854440 kB
MemTotal:        1844596 kB
MemFree:          540412 kB
MemAvailable:    1465540 kB
Buffers:           91096 kB
Cached:           854440 kB
MemTotal:        1844596 kB
MemFree:          539112 kB
MemAvailable:    1464240 kB
Buffers:           91096 kB
Cached:           854440 kB
MemTotal:        1844596 kB
MemFree:          540296 kB
MemAvailable:    1465424 kB
Buffers:           91096 kB
Cached:           854440 kB
MemTotal:        1844596 kB
MemFree:          540296 kB
MemAvailable:    1465424 kB
Buffers:           91096 kB
Cached:           854440 kB
MemTotal:        1844596 kB
MemFree:          540220 kB
MemAvailable:    1465348 kB
Buffers:           91096 kB
Cached:           854440 kB
MemTotal:        1844596 kB
MemFree:          538980 kB
MemAvailable:    1464108 kB
Buffers:           91096 kB
Cached:           854440 kB
MemTotal:        1844596 kB
MemFree:          539104 kB
MemAvailable:    1464232 kB
Buffers:           91096 kB
Cached:           854440 kB
MemTotal:        1844596 kB
MemFree:          538988 kB
MemAvailable:    1464116 kB
Buffers:           91096 kB
Cached:           854440 kB
MemTotal:        1844596 kB
MemFree:          538816 kB
MemAvailable:    1463944 kB
Buffers:           91096 kB
Cached:           854440 kB
MemTotal:        1844596 kB
MemFree:          540472 kB
MemAvailable:    1465600 kB
Buffers:           91096 kB
Cached:           854440 kB
MemTotal:        1844596 kB
MemFree:          540036 kB
MemAvailable:    1465164 kB
Buffers:           91096 kB
Cached:           854440 kB
MemTotal:        1844596 kB
MemFree:          539616 kB
MemAvailable:    1464744 kB
Buffers:           91096 kB
Cached:           854440 kB
MemTotal:        1844596 kB
MemFree:          538004 kB
MemAvailable:    1463132 kB
Buffers:           91096 kB
Cached:           854440 kB
MemTotal:        1844596 kB
MemFree:          533912 kB
MemAvailable:    1459040 kB
Buffers:           91096 kB
Cached:           854440 kB
MemTotal:        1844596 kB
MemFree:          530688 kB
MemAvailable:    1455816 kB
Buffers:           91096 kB
Cached:           854440 kB
MemTotal:        1844596 kB
MemFree:          528192 kB
MemAvailable:    1453320 kB
Buffers:           91096 kB
Cached:           854440 kB
MemTotal:        1844596 kB
MemFree:          528580 kB
MemAvailable:    1453708 kB
Buffers:           91096 kB
Cached:           854440 kB
MemTotal:        1844596 kB
MemFree:          529204 kB
MemAvailable:    1454332 kB
Buffers:           91096 kB
Cached:           854440 kB
MemTotal:        1844596 kB
MemFree:          527772 kB
MemAvailable:    1452900 kB
Buffers:           91096 kB
Cached:           854440 kB
MemTotal:        1844596 kB
MemFree:          528756 kB
MemAvailable:    1453884 kB
Buffers:           91096 kB
Cached:           854440 kB
MemTotal:        1844596 kB
MemFree:          527216 kB
MemAvailable:    1452344 kB
Buffers:           91096 kB
Cached:           854440 kB
MemTotal:        1844596 kB
MemFree:          527216 kB
MemAvailable:    1452344 kB
Buffers:           91096 kB
Cached:           854440 kB
MemTotal:        1844596 kB
MemFree:          525852 kB
MemAvailable:    1450980 kB
Buffers:           91096 kB
Cached:           854440 kB
MemTotal:        1844596 kB
MemFree:          526100 kB
MemAvailable:    1451228 kB
Buffers:           91096 kB
Cached:           854440 kB
MemTotal:        1844596 kB
MemFree:          525108 kB
MemAvailable:    1450236 kB
Buffers:           91096 kB
Cached:           854440 kB
MemTotal:        1844596 kB
MemFree:          524488 kB
MemAvailable:    1449616 kB
Buffers:           91096 kB
Cached:           854440 kB
MemTotal:        1844596 kB
MemFree:          525252 kB
MemAvailable:    1450380 kB
Buffers:           91096 kB
Cached:           854440 kB
MemTotal:        1844596 kB
MemFree:          524364 kB
MemAvailable:    1449492 kB
Buffers:           91096 kB
Cached:           854440 kB
MemTotal:        1844596 kB
MemFree:          525088 kB
MemAvailable:    1450216 kB
Buffers:           91096 kB
Cached:           854440 kB
MemTotal:        1844596 kB
MemFree:          524436 kB
MemAvailable:    1449564 kB
Buffers:           91096 kB
Cached:           854440 kB
MemTotal:        1844596 kB
MemFree:          525336 kB
MemAvailable:    1450464 kB
Buffers:           91096 kB
Cached:           854440 kB
MemTotal:        1844596 kB
MemFree:          525316 kB
MemAvailable:    1450444 kB
Buffers:           91096 kB
Cached:           854440 kB
MemTotal:        1844596 kB
MemFree:          525052 kB
MemAvailable:    1450180 kB
Buffers:           91096 kB
Cached:           854440 kB
MemTotal:        1844596 kB
MemFree:          525308 kB
MemAvailable:    1450436 kB
Buffers:           91096 kB
Cached:           854440 kB
MemTotal:        1844596 kB
MemFree:          525172 kB
MemAvailable:    1450300 kB
Buffers:           91096 kB
Cached:           854440 kB
MemTotal:        1844596 kB
MemFree:          524620 kB
MemAvailable:    1449748 kB
Buffers:           91096 kB
Cached:           854440 kB
MemTotal:        1844596 kB
MemFree:          523860 kB
MemAvailable:    1448988 kB
Buffers:           91096 kB
Cached:           854440 kB
MemTotal:        1844596 kB
MemFree:          525244 kB
MemAvailable:    1450372 kB
Buffers:           91096 kB
Cached:           854440 kB
MemTotal:        1844596 kB
MemFree:          524060 kB
MemAvailable:    1449188 kB
Buffers:           91096 kB
Cached:           854440 kB
MemTotal:        1844596 kB
MemFree:          523612 kB
MemAvailable:    1448740 kB
Buffers:           91096 kB
Cached:           854440 kB
MemTotal:        1844596 kB
MemFree:          524340 kB
MemAvailable:    1449468 kB
Buffers:           91096 kB
Cached:           854440 kB
MemTotal:        1844596 kB
MemFree:          524340 kB
MemAvailable:    1449468 kB
Buffers:           91096 kB
Cached:           854440 kB
MemTotal:        1844596 kB
MemFree:          523372 kB
MemAvailable:    1448500 kB
Buffers:           91096 kB
Cached:           854440 kB
MemTotal:        1844596 kB
MemFree:          522372 kB
MemAvailable:    1447500 kB
Buffers:           91096 kB
Cached:           854440 kB
MemTotal:        1844596 kB
MemFree:          522000 kB
MemAvailable:    1447128 kB
Buffers:           91096 kB
Cached:           854440 kB
MemTotal:        1844596 kB
MemFree:          522488 kB
MemAvailable:    1447616 kB
Buffers:           91096 kB
Cached:           854440 kB
MemTotal:        1844596 kB
MemFree:          522572 kB
MemAvailable:    1447700 kB
Buffers:           91096 kB
Cached:           854440 kB
MemTotal:        1844596 kB
MemFree:          521140 kB
MemAvailable:    1446272 kB
Buffers:           91096 kB
Cached:           854444 kB
MemTotal:        1844596 kB
MemFree:          521876 kB
MemAvailable:    1447008 kB
Buffers:           91096 kB
Cached:           854444 kB
MemTotal:        1844596 kB
MemFree:          521644 kB
MemAvailable:    1446776 kB
Buffers:           91096 kB
Cached:           854444 kB
MemTotal:        1844596 kB
MemFree:          521648 kB
MemAvailable:    1446788 kB
Buffers:           91096 kB
Cached:           854452 kB
MemTotal:        1844596 kB
MemFree:          520900 kB
MemAvailable:    1446040 kB
Buffers:           91096 kB
Cached:           854452 kB
MemTotal:        1844596 kB
MemFree:          520644 kB
MemAvailable:    1445784 kB
Buffers:           91096 kB
Cached:           854452 kB
MemTotal:        1844596 kB
MemFree:          521256 kB
MemAvailable:    1446396 kB
Buffers:           91096 kB
Cached:           854452 kB
MemTotal:        1844596 kB
MemFree:          519884 kB
MemAvailable:    1445024 kB
Buffers:           91096 kB
Cached:           854452 kB
MemTotal:        1844596 kB
MemFree:          521184 kB
MemAvailable:    1446324 kB
Buffers:           91096 kB
Cached:           854452 kB
MemTotal:        1844596 kB
MemFree:          519876 kB
MemAvailable:    1445016 kB
Buffers:           91096 kB
Cached:           854452 kB
MemTotal:        1844596 kB
MemFree:          519876 kB
MemAvailable:    1445016 kB
Buffers:           91096 kB
Cached:           854452 kB
MemTotal:        1844596 kB
MemFree:          519868 kB
MemAvailable:    1445008 kB
Buffers:           91096 kB
Cached:           854452 kB
MemTotal:        1844596 kB
MemFree:          519744 kB
MemAvailable:    1444884 kB
Buffers:           91096 kB
Cached:           854452 kB
MemTotal:        1844596 kB
MemFree:          519736 kB
MemAvailable:    1444876 kB
Buffers:           91096 kB
Cached:           854452 kB
MemTotal:        1844596 kB
MemFree:          521044 kB
MemAvailable:    1446184 kB
Buffers:           91096 kB
Cached:           854452 kB
MemTotal:        1844596 kB
MemFree:          519908 kB
MemAvailable:    1445048 kB
Buffers:           91096 kB
Cached:           854452 kB
MemTotal:        1844596 kB
MemFree:          520844 kB
MemAvailable:    1445984 kB
Buffers:           91096 kB
Cached:           854452 kB
MemTotal:        1844596 kB
MemFree:          520776 kB
MemAvailable:    1445916 kB
Buffers:           91096 kB
Cached:           854452 kB
MemTotal:        1844596 kB
MemFree:          520688 kB
MemAvailable:    1445828 kB
Buffers:           91096 kB
Cached:           854452 kB
MemTotal:        1844596 kB
MemFree:          520884 kB
MemAvailable:    1446024 kB
Buffers:           91096 kB
Cached:           854452 kB
MemTotal:        1844596 kB
MemFree:          520776 kB
MemAvailable:    1445916 kB
Buffers:           91096 kB
Cached:           854452 kB
MemTotal:        1844596 kB
MemFree:          519520 kB
MemAvailable:    1444660 kB
Buffers:           91096 kB
Cached:           854452 kB
MemTotal:        1844596 kB
MemFree:          519512 kB
MemAvailable:    1444652 kB
Buffers:           91096 kB
Cached:           854452 kB
MemTotal:        1844596 kB
MemFree:          520820 kB
MemAvailable:    1445960 kB
Buffers:           91096 kB
Cached:           854452 kB
MemTotal:        1844596 kB
MemFree:          519596 kB
MemAvailable:    1444736 kB
Buffers:           91096 kB
Cached:           854452 kB
MemTotal:        1844596 kB
MemFree:          520740 kB
MemAvailable:    1445880 kB
Buffers:           91096 kB
Cached:           854452 kB
MemTotal:        1844596 kB
MemFree:          520644 kB
MemAvailable:    1445784 kB
Buffers:           91096 kB
Cached:           854452 kB
MemTotal:        1844596 kB
MemFree:          520880 kB
MemAvailable:    1446020 kB
Buffers:           91096 kB
Cached:           854452 kB
MemTotal:        1844596 kB
MemFree:          519592 kB
MemAvailable:    1444732 kB
Buffers:           91096 kB
Cached:           854452 kB
MemTotal:        1844596 kB
MemFree:          521008 kB
MemAvailable:    1446148 kB
Buffers:           91096 kB
Cached:           854452 kB
MemTotal:        1844596 kB
MemFree:          520968 kB
MemAvailable:    1446108 kB
Buffers:           91096 kB
Cached:           854452 kB
MemTotal:        1844596 kB
MemFree:          519712 kB
MemAvailable:    1444852 kB
Buffers:           91096 kB
Cached:           854452 kB
MemTotal:        1844596 kB
MemFree:          519580 kB
MemAvailable:    1444720 kB
Buffers:           91096 kB
Cached:           854452 kB
MemTotal:        1844596 kB
MemFree:          518544 kB
MemAvailable:    1443684 kB
Buffers:           91096 kB
Cached:           854452 kB
MemTotal:        1844596 kB
MemFree:          519092 kB
MemAvailable:    1444232 kB
Buffers:           91096 kB
Cached:           854452 kB
MemTotal:        1844596 kB
MemFree:          519344 kB
MemAvailable:    1444484 kB
Buffers:           91096 kB
Cached:           854452 kB
MemTotal:        1844596 kB
MemFree:          518288 kB
MemAvailable:    1443428 kB
Buffers:           91096 kB
Cached:           854452 kB
MemTotal:        1844596 kB
MemFree:          515792 kB
MemAvailable:    1440932 kB
Buffers:           91096 kB
Cached:           854452 kB
MemTotal:        1844596 kB
MemFree:          515792 kB
MemAvailable:    1440932 kB
Buffers:           91096 kB
Cached:           854452 kB
MemTotal:        1844596 kB
MemFree:          511344 kB
MemAvailable:    1436484 kB
Buffers:           91096 kB
Cached:           854452 kB
MemTotal:        1844596 kB
MemFree:          508104 kB
MemAvailable:    1433244 kB
Buffers:           91096 kB
Cached:           854452 kB
MemTotal:        1844596 kB
MemFree:          507748 kB
MemAvailable:    1432888 kB
Buffers:           91096 kB
Cached:           854452 kB
MemTotal:        1844596 kB
MemFree:          503904 kB
MemAvailable:    1429044 kB
Buffers:           91096 kB
Cached:           854452 kB
MemTotal:        1844596 kB
MemFree:          502408 kB
MemAvailable:    1427548 kB
Buffers:           91096 kB
Cached:           854452 kB
MemTotal:        1844596 kB
MemFree:          502492 kB
MemAvailable:    1427632 kB
Buffers:           91096 kB
Cached:           854452 kB
MemTotal:        1844596 kB
MemFree:          501044 kB
MemAvailable:    1426184 kB
Buffers:           91096 kB
Cached:           854452 kB
MemTotal:        1844596 kB
MemFree:          501120 kB
MemAvailable:    1426260 kB
Buffers:           91096 kB
Cached:           854452 kB
MemTotal:        1844596 kB
MemFree:          502332 kB
MemAvailable:    1427472 kB
Buffers:           91096 kB
Cached:           854452 kB
MemTotal:        1844596 kB
MemFree:          501308 kB
MemAvailable:    1426448 kB
Buffers:           91096 kB
Cached:           854452 kB
MemTotal:        1844596 kB
MemFree:          501980 kB
MemAvailable:    1427120 kB
Buffers:           91096 kB
Cached:           854452 kB
MemTotal:        1844596 kB
MemFree:          502232 kB
MemAvailable:    1427372 kB
Buffers:           91096 kB
Cached:           854452 kB
MemTotal:        1844596 kB
MemFree:          500732 kB
MemAvailable:    1425872 kB
Buffers:           91096 kB
Cached:           854452 kB
MemTotal:        1844596 kB
MemFree:          500864 kB
MemAvailable:    1426004 kB
Buffers:           91096 kB
Cached:           854452 kB
MemTotal:        1844596 kB
MemFree:          502164 kB
MemAvailable:    1427304 kB
Buffers:           91096 kB
Cached:           854452 kB
MemTotal:        1844596 kB
MemFree:          501964 kB
MemAvailable:    1427104 kB
Buffers:           91096 kB
Cached:           854452 kB
MemTotal:        1844596 kB
MemFree:          501796 kB
MemAvailable:    1426936 kB
Buffers:           91096 kB
Cached:           854452 kB
MemTotal:        1844596 kB
MemFree:          501548 kB
MemAvailable:    1426688 kB
Buffers:           91096 kB
Cached:           854452 kB
MemTotal:        1844596 kB
MemFree:          501416 kB
MemAvailable:    1426556 kB
Buffers:           91096 kB
Cached:           854452 kB
MemTotal:        1844596 kB
MemFree:          500556 kB
MemAvailable:    1425696 kB
Buffers:           91096 kB
Cached:           854452 kB
MemTotal:        1844596 kB
MemFree:          499756 kB
MemAvailable:    1424896 kB
Buffers:           91096 kB
Cached:           854452 kB
MemTotal:        1844596 kB
MemFree:          500048 kB
MemAvailable:    1425188 kB
Buffers:           91096 kB
Cached:           854452 kB
MemTotal:        1844596 kB
MemFree:          501372 kB
MemAvailable:    1426512 kB
Buffers:           91096 kB
Cached:           854452 kB
MemTotal:        1844596 kB
MemFree:          501404 kB
MemAvailable:    1426544 kB
Buffers:           91096 kB
Cached:           854452 kB
MemTotal:        1844596 kB
MemFree:          499916 kB
MemAvailable:    1425056 kB
Buffers:           91096 kB
Cached:           854452 kB
MemTotal:        1844596 kB
MemFree:          501300 kB
MemAvailable:    1426440 kB
Buffers:           91096 kB
Cached:           854452 kB
MemTotal:        1844596 kB
MemFree:          501168 kB
MemAvailable:    1426308 kB
Buffers:           91096 kB
Cached:           854452 kB
MemTotal:        1844596 kB
MemFree:          499992 kB
MemAvailable:    1425132 kB
Buffers:           91096 kB
Cached:           854452 kB
MemTotal:        1844596 kB
MemFree:          501292 kB
MemAvailable:    1426432 kB
Buffers:           91096 kB
Cached:           854452 kB
MemTotal:        1844596 kB
MemFree:          500152 kB
MemAvailable:    1425292 kB
Buffers:           91096 kB
Cached:           854452 kB
MemTotal:        1844596 kB
MemFree:          501064 kB
MemAvailable:    1426204 kB
Buffers:           91096 kB
Cached:           854452 kB
MemTotal:        1844596 kB
MemFree:          499980 kB
MemAvailable:    1425120 kB
Buffers:           91096 kB
Cached:           854452 kB
MemTotal:        1844596 kB
MemFree:          499980 kB
MemAvailable:    1425120 kB
Buffers:           91096 kB
Cached:           854452 kB
MemTotal:        1844596 kB
MemFree:          501256 kB
MemAvailable:    1426396 kB
Buffers:           91096 kB
Cached:           854452 kB
MemTotal:        1844596 kB
MemFree:          501184 kB
MemAvailable:    1426324 kB
Buffers:           91096 kB
Cached:           854452 kB
MemTotal:        1844596 kB
MemFree:          499944 kB
MemAvailable:    1425092 kB
Buffers:           91096 kB
Cached:           854460 kB
MemTotal:        1844596 kB
MemFree:          499944 kB
MemAvailable:    1425092 kB
Buffers:           91096 kB
Cached:           854460 kB
MemTotal:        1844596 kB
MemFree:          496720 kB
MemAvailable:    1421868 kB
Buffers:           91096 kB
Cached:           854460 kB
MemTotal:        1844596 kB
MemFree:          493496 kB
MemAvailable:    1418644 kB
Buffers:           91096 kB
Cached:           854460 kB
MemTotal:        1844596 kB
MemFree:          489768 kB
MemAvailable:    1414916 kB
Buffers:           91096 kB
Cached:           854460 kB
MemTotal:        1844596 kB
MemFree:          489660 kB
MemAvailable:    1414808 kB
Buffers:           91096 kB
Cached:           854460 kB
MemTotal:        1844596 kB
MemFree:          486180 kB
MemAvailable:    1411328 kB
Buffers:           91096 kB
Cached:           854460 kB
MemTotal:        1844596 kB
MemFree:          483188 kB
MemAvailable:    1408336 kB
Buffers:           91096 kB
Cached:           854460 kB
MemTotal:        1844596 kB
MemFree:          483440 kB
MemAvailable:    1408588 kB
Buffers:           91096 kB
Cached:           854460 kB
MemTotal:        1844596 kB
MemFree:          482932 kB
MemAvailable:    1408080 kB
Buffers:           91096 kB
Cached:           854460 kB
MemTotal:        1844596 kB
MemFree:          482932 kB
MemAvailable:    1408080 kB
Buffers:           91096 kB
Cached:           854460 kB
MemTotal:        1844596 kB
MemFree:          483068 kB
MemAvailable:    1408216 kB
Buffers:           91096 kB
Cached:           854460 kB
MemTotal:        1844596 kB
MemFree:          482980 kB
MemAvailable:    1408128 kB
Buffers:           91096 kB
Cached:           854460 kB
MemTotal:        1844596 kB
MemFree:          482220 kB
MemAvailable:    1407368 kB
Buffers:           91096 kB
Cached:           854460 kB
MemTotal:        1844596 kB
MemFree:          483412 kB
MemAvailable:    1408564 kB
Buffers:           91096 kB
Cached:           854464 kB
MemTotal:        1844596 kB
MemFree:          482932 kB
MemAvailable:    1408084 kB
Buffers:           91096 kB
Cached:           854464 kB
MemTotal:        1844596 kB
MemFree:          482460 kB
MemAvailable:    1407612 kB
Buffers:           91096 kB
Cached:           854464 kB
MemTotal:        1844596 kB
MemFree:          483068 kB
MemAvailable:    1408220 kB
Buffers:           91096 kB
Cached:           854464 kB
MemTotal:        1844596 kB
MemFree:          483104 kB
MemAvailable:    1408256 kB
Buffers:           91096 kB
Cached:           854464 kB
MemTotal:        1844596 kB
MemFree:          482336 kB
MemAvailable:    1407488 kB
Buffers:           91096 kB
Cached:           854464 kB
MemTotal:        1844596 kB
MemFree:          483548 kB
MemAvailable:    1408700 kB
Buffers:           91096 kB
Cached:           854464 kB
MemTotal:        1844596 kB
MemFree:          482040 kB
MemAvailable:    1407192 kB
Buffers:           91096 kB
Cached:           854464 kB
MemTotal:        1844596 kB
MemFree:          481692 kB
MemAvailable:    1406844 kB
Buffers:           91096 kB
Cached:           854464 kB
MemTotal:        1844596 kB
MemFree:          482336 kB
MemAvailable:    1407488 kB
Buffers:           91096 kB
Cached:           854464 kB
MemTotal:        1844596 kB
MemFree:          481676 kB
MemAvailable:    1406828 kB
Buffers:           91096 kB
Cached:           854464 kB
MemTotal:        1844596 kB
MemFree:          481716 kB
MemAvailable:    1406868 kB
Buffers:           91096 kB
Cached:           854464 kB
MemTotal:        1844596 kB
MemFree:          482956 kB
MemAvailable:    1408108 kB
Buffers:           91096 kB
Cached:           854464 kB
MemTotal:        1844596 kB
MemFree:          483016 kB
MemAvailable:    1408168 kB
Buffers:           91096 kB
Cached:           854464 kB
MemTotal:        1844596 kB
MemFree:          481792 kB
MemAvailable:    1406944 kB
Buffers:           91096 kB
Cached:           854464 kB
MemTotal:        1844596 kB
MemFree:          481792 kB
MemAvailable:    1406944 kB
Buffers:           91096 kB
Cached:           854464 kB
MemTotal:        1844596 kB
MemFree:          483092 kB
MemAvailable:    1408244 kB
Buffers:           91096 kB
Cached:           854464 kB
MemTotal:        1844596 kB
MemFree:          481828 kB
MemAvailable:    1406980 kB
Buffers:           91096 kB
Cached:           854464 kB
MemTotal:        1844596 kB
MemFree:          482880 kB
MemAvailable:    1408032 kB
Buffers:           91096 kB
Cached:           854464 kB
MemTotal:        1844596 kB
MemFree:          482880 kB
MemAvailable:    1408032 kB
Buffers:           91096 kB
Cached:           854464 kB
MemTotal:        1844596 kB
MemFree:          482996 kB
MemAvailable:    1408148 kB
Buffers:           91096 kB
Cached:           854464 kB
MemTotal:        1844596 kB
MemFree:          483180 kB
MemAvailable:    1408332 kB
Buffers:           91096 kB
Cached:           854464 kB
MemTotal:        1844596 kB
MemFree:          482336 kB
MemAvailable:    1407488 kB
Buffers:           91096 kB
Cached:           854464 kB
MemTotal:        1844596 kB
MemFree:          483380 kB
MemAvailable:    1408532 kB
Buffers:           91096 kB
Cached:           854464 kB
MemTotal:        1844596 kB
MemFree:          483064 kB
MemAvailable:    1408216 kB
Buffers:           91096 kB
Cached:           854464 kB
MemTotal:        1844596 kB
MemFree:          483148 kB
MemAvailable:    1408300 kB
Buffers:           91096 kB
Cached:           854464 kB
MemTotal:        1844596 kB
MemFree:          481584 kB
MemAvailable:    1406736 kB
Buffers:           91096 kB
Cached:           854464 kB
MemTotal:        1844596 kB
MemFree:          481916 kB
MemAvailable:    1407068 kB
Buffers:           91096 kB
Cached:           854464 kB
MemTotal:        1844596 kB
MemFree:          481704 kB
MemAvailable:    1406856 kB
Buffers:           91096 kB
Cached:           854464 kB
MemTotal:        1844596 kB
MemFree:          482996 kB
MemAvailable:    1408148 kB
Buffers:           91096 kB
Cached:           854464 kB
MemTotal:        1844596 kB
MemFree:          482220 kB
MemAvailable:    1407372 kB
Buffers:           91096 kB
Cached:           854464 kB
MemTotal:        1844596 kB
MemFree:          481956 kB
MemAvailable:    1407112 kB
Buffers:           91096 kB
Cached:           854468 kB
MemTotal:        1844596 kB
MemFree:          483188 kB
MemAvailable:    1408344 kB
Buffers:           91096 kB
Cached:           854468 kB
MemTotal:        1844596 kB
MemFree:          476384 kB
MemAvailable:    1401540 kB
Buffers:           91096 kB
Cached:           854468 kB
MemTotal:        1844596 kB
MemFree:          473276 kB
MemAvailable:    1398432 kB
Buffers:           91096 kB
Cached:           854468 kB
MemTotal:        1844596 kB
MemFree:          468572 kB
MemAvailable:    1393728 kB
Buffers:           91096 kB
Cached:           854468 kB
MemTotal:        1844596 kB
MemFree:          465672 kB
MemAvailable:    1390828 kB
Buffers:           91096 kB
Cached:           854468 kB
MemTotal:        1844596 kB
MemFree:          465728 kB
MemAvailable:    1390884 kB
Buffers:           91096 kB
Cached:           854468 kB
MemTotal:        1844596 kB
MemFree:          464224 kB
MemAvailable:    1389380 kB
Buffers:           91096 kB
Cached:           854468 kB
MemTotal:        1844596 kB
MemFree:          464340 kB
MemAvailable:    1389496 kB
Buffers:           91096 kB
Cached:           854468 kB
MemTotal:        1844596 kB
MemFree:          464356 kB
MemAvailable:    1389388 kB
Buffers:           91096 kB
Cached:           854468 kB
MemTotal:        1844596 kB
MemFree:          464712 kB
MemAvailable:    1389868 kB
Buffers:           91096 kB
Cached:           854468 kB
MemTotal:        1844596 kB
MemFree:          465048 kB
MemAvailable:    1390204 kB
Buffers:           91096 kB
Cached:           854468 kB
MemTotal:        1844596 kB
MemFree:          463728 kB
MemAvailable:    1388884 kB
Buffers:           91096 kB
Cached:           854468 kB
MemTotal:        1844596 kB
MemFree:          464780 kB
MemAvailable:    1389936 kB
Buffers:           91096 kB
Cached:           854468 kB
MemTotal:        1844596 kB
MemFree:          463472 kB
MemAvailable:    1388628 kB
Buffers:           91096 kB
Cached:           854468 kB
MemTotal:        1844596 kB
MemFree:          464100 kB
MemAvailable:    1389256 kB
Buffers:           91096 kB
Cached:           854468 kB
MemTotal:        1844596 kB
MemFree:          464100 kB
MemAvailable:    1389256 kB
Buffers:           91096 kB
Cached:           854468 kB
MemTotal:        1844596 kB
MemFree:          464112 kB
MemAvailable:    1389268 kB
Buffers:           91096 kB
Cached:           854468 kB
MemTotal:        1844596 kB
MemFree:          463964 kB
MemAvailable:    1389120 kB
Buffers:           91096 kB
Cached:           854468 kB
MemTotal:        1844596 kB
MemFree:          464300 kB
MemAvailable:    1389456 kB
Buffers:           91096 kB
Cached:           854468 kB
MemTotal:        1844596 kB
MemFree:          462496 kB
MemAvailable:    1387652 kB
Buffers:           91096 kB
Cached:           854468 kB
MemTotal:        1844596 kB
MemFree:          462248 kB
MemAvailable:    1387404 kB
Buffers:           91096 kB
Cached:           854468 kB
MemTotal:        1844596 kB
MemFree:          461752 kB
MemAvailable:    1386908 kB
Buffers:           91096 kB
Cached:           854468 kB
MemTotal:        1844596 kB
MemFree:          461984 kB
MemAvailable:    1387140 kB
Buffers:           91096 kB
Cached:           854468 kB
MemTotal:        1844596 kB
MemFree:          462068 kB
MemAvailable:    1387224 kB
Buffers:           91096 kB
Cached:           854468 kB
MemTotal:        1844596 kB
MemFree:          460448 kB
MemAvailable:    1385604 kB
Buffers:           91096 kB
Cached:           854468 kB
MemTotal:        1844596 kB
MemFree:          460752 kB
MemAvailable:    1385908 kB
Buffers:           91096 kB
Cached:           854468 kB
MemTotal:        1844596 kB
MemFree:          460752 kB
MemAvailable:    1385908 kB
Buffers:           91096 kB
Cached:           854468 kB
MemTotal:        1844596 kB
MemFree:          458900 kB
MemAvailable:    1384056 kB
Buffers:           91096 kB
Cached:           854468 kB
MemTotal:        1844596 kB
MemFree:          458644 kB
MemAvailable:    1383804 kB
Buffers:           91096 kB
Cached:           854472 kB
MemTotal:        1844596 kB
MemFree:          458040 kB
MemAvailable:    1383200 kB
Buffers:           91096 kB
Cached:           854472 kB
MemTotal:        1844596 kB
MemFree:          458580 kB
MemAvailable:    1383740 kB
Buffers:           91096 kB
Cached:           854472 kB
MemTotal:        1844596 kB
MemFree:          458540 kB
MemAvailable:    1383700 kB
Buffers:           91096 kB
Cached:           854472 kB
MemTotal:        1844596 kB
MemFree:          457660 kB
MemAvailable:    1382820 kB
Buffers:           91096 kB
Cached:           854472 kB
MemTotal:        1844596 kB
MemFree:          458776 kB
MemAvailable:    1383936 kB
Buffers:           91096 kB
Cached:           854472 kB
MemTotal:        1844596 kB
MemFree:          458704 kB
MemAvailable:    1383864 kB
Buffers:           91096 kB
Cached:           854472 kB
MemTotal:        1844596 kB
MemFree:          457148 kB
MemAvailable:    1382308 kB
Buffers:           91096 kB
Cached:           854472 kB
MemTotal:        1844596 kB
MemFree:          458464 kB
MemAvailable:    1383624 kB
Buffers:           91096 kB
Cached:           854472 kB
MemTotal:        1844596 kB
MemFree:          458164 kB
MemAvailable:    1383324 kB
Buffers:           91096 kB
Cached:           854472 kB
MemTotal:        1844596 kB
MemFree:          457092 kB
MemAvailable:    1382252 kB
Buffers:           91096 kB
Cached:           854472 kB
MemTotal:        1844596 kB
MemFree:          456968 kB
MemAvailable:    1382128 kB
Buffers:           91096 kB
Cached:           854472 kB
MemTotal:        1844596 kB
MemFree:          455932 kB
MemAvailable:    1381092 kB
Buffers:           91096 kB
Cached:           854472 kB
MemTotal:        1844596 kB
MemFree:          456728 kB
MemAvailable:    1381888 kB
Buffers:           91096 kB
Cached:           854472 kB
MemTotal:        1844596 kB
MemFree:          456784 kB
MemAvailable:    1381944 kB
Buffers:           91096 kB
Cached:           854472 kB
MemTotal:        1844596 kB
MemFree:          455656 kB
MemAvailable:    1380816 kB
Buffers:           91096 kB
Cached:           854472 kB
MemTotal:        1844596 kB
MemFree:          455656 kB
MemAvailable:    1380816 kB
Buffers:           91096 kB
Cached:           854472 kB
MemTotal:        1844596 kB
MemFree:          456048 kB
MemAvailable:    1381208 kB
Buffers:           91096 kB
Cached:           854472 kB
MemTotal:        1844596 kB
MemFree:          456732 kB
MemAvailable:    1381892 kB
Buffers:           91096 kB
Cached:           854472 kB
MemTotal:        1844596 kB
MemFree:          456676 kB
MemAvailable:    1381836 kB
Buffers:           91096 kB
Cached:           854472 kB
MemTotal:        1844596 kB
MemFree:          456660 kB
MemAvailable:    1381820 kB
Buffers:           91096 kB
Cached:           854472 kB
MemTotal:        1844596 kB
MemFree:          456768 kB
MemAvailable:    1381928 kB
Buffers:           91096 kB
Cached:           854472 kB
MemTotal:        1844596 kB
MemFree:          456852 kB
MemAvailable:    1382012 kB
Buffers:           91096 kB
Cached:           854472 kB
MemTotal:        1844596 kB
MemFree:          456824 kB
MemAvailable:    1381984 kB
Buffers:           91096 kB
Cached:           854472 kB
MemTotal:        1844596 kB
MemFree:          455772 kB
MemAvailable:    1380932 kB
Buffers:           91096 kB
Cached:           854472 kB
MemTotal:        1844596 kB
MemFree:          456724 kB
MemAvailable:    1381884 kB
Buffers:           91096 kB
Cached:           854472 kB
MemTotal:        1844596 kB
MemFree:          455724 kB
MemAvailable:    1380884 kB
Buffers:           91096 kB
Cached:           854472 kB
MemTotal:        1844596 kB
MemFree:          456944 kB
MemAvailable:    1382104 kB
Buffers:           91096 kB
Cached:           854472 kB
MemTotal:        1844596 kB
MemFree:          456740 kB
MemAvailable:    1381900 kB
Buffers:           91096 kB
Cached:           854472 kB
MemTotal:        1844596 kB
MemFree:          456740 kB
MemAvailable:    1381900 kB
Buffers:           91096 kB
Cached:           854472 kB
MemTotal:        1844596 kB
MemFree:          455428 kB
MemAvailable:    1380588 kB
Buffers:           91096 kB
Cached:           854472 kB
MemTotal:        1844596 kB
MemFree:          457056 kB
MemAvailable:    1382216 kB
Buffers:           91096 kB
Cached:           854472 kB
MemTotal:        1844596 kB
MemFree:          456744 kB
MemAvailable:    1381904 kB
Buffers:           91096 kB
Cached:           854472 kB
MemTotal:        1844596 kB
MemFree:          456304 kB
MemAvailable:    1381464 kB
Buffers:           91096 kB
Cached:           854472 kB
MemTotal:        1844596 kB
MemFree:          456976 kB
MemAvailable:    1382136 kB
Buffers:           91096 kB
Cached:           854472 kB
MemTotal:        1844596 kB
MemFree:          456048 kB
MemAvailable:    1381208 kB
Buffers:           91096 kB
Cached:           854472 kB
MemTotal:        1844596 kB
MemFree:          455624 kB
MemAvailable:    1380784 kB
Buffers:           91096 kB
Cached:           854472 kB
MemTotal:        1844596 kB
MemFree:          456836 kB
MemAvailable:    1381996 kB
Buffers:           91096 kB
Cached:           854472 kB
MemTotal:        1844596 kB
MemFree:          456848 kB
MemAvailable:    1382008 kB
Buffers:           91096 kB
Cached:           854472 kB
MemTotal:        1844596 kB
MemFree:          456848 kB
MemAvailable:    1382008 kB
Buffers:           91096 kB
Cached:           854472 kB
MemTotal:        1844596 kB
MemFree:          456644 kB
MemAvailable:    1381804 kB
Buffers:           91096 kB
Cached:           854472 kB
MemTotal:        1844596 kB
MemFree:          456536 kB
MemAvailable:    1381696 kB
Buffers:           91096 kB
Cached:           854472 kB
MemTotal:        1844596 kB
MemFree:          455532 kB
MemAvailable:    1380692 kB
Buffers:           91096 kB
Cached:           854472 kB
MemTotal:        1844596 kB
MemFree:          455656 kB
MemAvailable:    1380816 kB
Buffers:           91096 kB
Cached:           854472 kB
MemTotal:        1844596 kB
MemFree:          455656 kB
MemAvailable:    1380816 kB
Buffers:           91096 kB
Cached:           854472 kB
MemTotal:        1844596 kB
MemFree:          455904 kB
MemAvailable:    1381064 kB
Buffers:           91096 kB
Cached:           854472 kB
MemTotal:        1844596 kB
MemFree:          455904 kB
MemAvailable:    1381064 kB
Buffers:           91096 kB
Cached:           854472 kB
MemTotal:        1844596 kB
MemFree:          455780 kB
MemAvailable:    1380940 kB
Buffers:           91096 kB
Cached:           854472 kB
MemTotal:        1844596 kB
MemFree:          455780 kB
MemAvailable:    1380940 kB
Buffers:           91096 kB
Cached:           854472 kB
MemTotal:        1844596 kB
MemFree:          455896 kB
MemAvailable:    1381056 kB
Buffers:           91096 kB
Cached:           854472 kB
MemTotal:        1844596 kB
MemFree:          457080 kB
MemAvailable:    1382240 kB
Buffers:           91096 kB
Cached:           854472 kB
MemTotal:        1844596 kB
MemFree:          456948 kB
MemAvailable:    1382108 kB
Buffers:           91096 kB
Cached:           854472 kB
MemTotal:        1844596 kB
MemFree:          455896 kB
MemAvailable:    1381056 kB
Buffers:           91096 kB
Cached:           854472 kB
MemTotal:        1844596 kB
MemFree:          455756 kB
MemAvailable:    1380916 kB
Buffers:           91096 kB
Cached:           854472 kB
MemTotal:        1844596 kB
MemFree:          454784 kB
MemAvailable:    1379944 kB
Buffers:           91096 kB
Cached:           854472 kB
MemTotal:        1844596 kB
MemFree:          454188 kB
MemAvailable:    1379348 kB
Buffers:           91096 kB
Cached:           854472 kB
MemTotal:        1844596 kB
MemFree:          450964 kB
MemAvailable:    1376124 kB
Buffers:           91096 kB
Cached:           854472 kB
MemTotal:        1844596 kB
MemFree:          447988 kB
MemAvailable:    1373148 kB
Buffers:           91096 kB
Cached:           854472 kB
MemTotal:        1844596 kB
MemFree:          445320 kB
MemAvailable:    1370480 kB
Buffers:           91096 kB
Cached:           854472 kB
MemTotal:        1844596 kB
MemFree:          441036 kB
MemAvailable:    1366196 kB
Buffers:           91096 kB
Cached:           854472 kB
MemTotal:        1844596 kB
MemFree:          440680 kB
MemAvailable:    1365840 kB
Buffers:           91096 kB
Cached:           854472 kB
MemTotal:        1844596 kB
MemFree:          440004 kB
MemAvailable:    1365168 kB
Buffers:           91096 kB
Cached:           854476 kB
MemTotal:        1844596 kB
MemFree:          437632 kB
MemAvailable:    1362796 kB
Buffers:           91096 kB
Cached:           854476 kB
MemTotal:        1844596 kB
MemFree:          436588 kB
MemAvailable:    1361752 kB
Buffers:           91096 kB
Cached:           854476 kB
MemTotal:        1844596 kB
MemFree:          437184 kB
MemAvailable:    1362348 kB
Buffers:           91096 kB
Cached:           854476 kB
MemTotal:        1844596 kB
MemFree:          437184 kB
MemAvailable:    1362348 kB
Buffers:           91096 kB
Cached:           854476 kB
MemTotal:        1844596 kB
MemFree:          437200 kB
MemAvailable:    1362364 kB
Buffers:           91096 kB
Cached:           854476 kB
MemTotal:        1844596 kB
MemFree:          437208 kB
MemAvailable:    1362372 kB
Buffers:           91096 kB
Cached:           854476 kB
MemTotal:        1844596 kB
MemFree:          436156 kB
MemAvailable:    1361320 kB
Buffers:           91096 kB
Cached:           854476 kB
MemTotal:        1844596 kB
MemFree:          437456 kB
MemAvailable:    1362620 kB
Buffers:           91096 kB
Cached:           854476 kB
MemTotal:        1844596 kB
MemFree:          437252 kB
MemAvailable:    1362416 kB
Buffers:           91096 kB
Cached:           854476 kB
MemTotal:        1844596 kB
MemFree:          437324 kB
MemAvailable:    1362488 kB
Buffers:           91096 kB
Cached:           854476 kB
MemTotal:        1844596 kB
MemFree:          437364 kB
MemAvailable:    1362528 kB
Buffers:           91096 kB
Cached:           854476 kB
MemTotal:        1844596 kB
MemFree:          437324 kB
MemAvailable:    1362488 kB
Buffers:           91096 kB
Cached:           854476 kB
MemTotal:        1844596 kB
MemFree:          437432 kB
MemAvailable:    1362600 kB
Buffers:           91096 kB
Cached:           854480 kB
MemTotal:        1844596 kB
MemFree:          437352 kB
MemAvailable:    1362520 kB
Buffers:           91096 kB
Cached:           854480 kB
MemTotal:        1844596 kB
MemFree:          436184 kB
MemAvailable:    1361352 kB
Buffers:           91096 kB
Cached:           854480 kB
MemTotal:        1844596 kB
MemFree:          436084 kB
MemAvailable:    1361252 kB
Buffers:           91096 kB
Cached:           854480 kB
MemTotal:        1844596 kB
MemFree:          436084 kB
MemAvailable:    1361252 kB
Buffers:           91096 kB
Cached:           854480 kB
MemTotal:        1844596 kB
MemFree:          436996 kB
MemAvailable:    1362164 kB
Buffers:           91096 kB
Cached:           854480 kB
MemTotal:        1844596 kB
MemFree:          436216 kB
MemAvailable:    1361384 kB
Buffers:           91096 kB
Cached:           854480 kB
MemTotal:        1844596 kB
MemFree:          436896 kB
MemAvailable:    1362064 kB
Buffers:           91096 kB
Cached:           854480 kB
MemTotal:        1844596 kB
MemFree:          437152 kB
MemAvailable:    1362320 kB
Buffers:           91096 kB
Cached:           854480 kB
MemTotal:        1844596 kB
MemFree:          437064 kB
MemAvailable:    1362232 kB
Buffers:           91096 kB
Cached:           854480 kB
MemTotal:        1844596 kB
MemFree:          436952 kB
MemAvailable:    1362120 kB
Buffers:           91096 kB
Cached:           854480 kB
MemTotal:        1844596 kB
MemFree:          436340 kB
MemAvailable:    1361508 kB
Buffers:           91096 kB
Cached:           854480 kB
MemTotal:        1844596 kB
MemFree:          436748 kB
MemAvailable:    1361916 kB
Buffers:           91096 kB
Cached:           854480 kB
MemTotal:        1844596 kB
MemFree:          435596 kB
MemAvailable:    1360764 kB
Buffers:           91096 kB
Cached:           854480 kB
MemTotal:        1844596 kB
MemFree:          436212 kB
MemAvailable:    1361380 kB
Buffers:           91096 kB
Cached:           854480 kB
MemTotal:        1844596 kB
MemFree:          433292 kB
MemAvailable:    1358460 kB
Buffers:           91096 kB
Cached:           854480 kB
MemTotal:        1844596 kB
MemFree:          429016 kB
MemAvailable:    1354184 kB
Buffers:           91096 kB
Cached:           854480 kB
MemTotal:        1844596 kB
MemFree:          427712 kB
MemAvailable:    1352880 kB
Buffers:           91096 kB
Cached:           854480 kB
MemTotal:        1844596 kB
MemFree:          427404 kB
MemAvailable:    1352572 kB
Buffers:           91096 kB
Cached:           854480 kB
MemTotal:        1844596 kB
MemFree:          426040 kB
MemAvailable:    1351208 kB
Buffers:           91096 kB
Cached:           854480 kB
MemTotal:        1844596 kB
MemFree:          426756 kB
MemAvailable:    1351924 kB
Buffers:           91096 kB
Cached:           854480 kB
MemTotal:        1844596 kB
MemFree:          427092 kB
MemAvailable:    1352260 kB
Buffers:           91096 kB
Cached:           854480 kB
MemTotal:        1844596 kB
MemFree:          425772 kB
MemAvailable:    1350940 kB
Buffers:           91096 kB
Cached:           854480 kB
MemTotal:        1844596 kB
MemFree:          423932 kB
MemAvailable:    1349100 kB
Buffers:           91096 kB
Cached:           854480 kB
MemTotal:        1844596 kB
MemFree:          424180 kB
MemAvailable:    1349348 kB
Buffers:           91096 kB
Cached:           854480 kB
MemTotal:        1844596 kB
MemFree:          424908 kB
MemAvailable:    1350076 kB
Buffers:           91096 kB
Cached:           854480 kB
MemTotal:        1844596 kB
MemFree:          424552 kB
MemAvailable:    1349720 kB
Buffers:           91096 kB
Cached:           854480 kB
MemTotal:        1844596 kB
MemFree:          424612 kB
MemAvailable:    1349864 kB
Buffers:           91096 kB
Cached:           854604 kB
MemTotal:        1844596 kB
MemFree:          424948 kB
MemAvailable:    1350200 kB
Buffers:           91096 kB
Cached:           854604 kB
MemTotal:        1844596 kB
MemFree:          424672 kB
MemAvailable:    1350092 kB
Buffers:           91096 kB
Cached:           854728 kB
MemTotal:        1844596 kB
MemFree:          423436 kB
MemAvailable:    1348940 kB
Buffers:           91096 kB
Cached:           854852 kB
MemTotal:        1844596 kB
MemFree:          423424 kB
MemAvailable:    1348928 kB
Buffers:           91096 kB
Cached:           854976 kB
MemTotal:        1844596 kB
MemFree:          424276 kB
MemAvailable:    1349948 kB
Buffers:           91096 kB
Cached:           855100 kB
MemTotal:        1844596 kB
MemFree:          424360 kB
MemAvailable:    1350032 kB
Buffers:           91096 kB
Cached:           855100 kB
MemTotal:        1844596 kB
MemFree:          423860 kB
MemAvailable:    1349532 kB
Buffers:           91096 kB
Cached:           855100 kB
MemTotal:        1844596 kB
MemFree:          424196 kB
MemAvailable:    1349868 kB
Buffers:           91096 kB
Cached:           855100 kB
MemTotal:        1844596 kB
MemFree:          422796 kB
MemAvailable:    1348552 kB
Buffers:           91096 kB
Cached:           855100 kB
MemTotal:        1844596 kB
MemFree:          424236 kB
MemAvailable:    1349992 kB
Buffers:           91096 kB
Cached:           855100 kB
MemTotal:        1844596 kB
MemFree:          422996 kB
MemAvailable:    1348752 kB
Buffers:           91096 kB
Cached:           855100 kB
MemTotal:        1844596 kB
MemFree:          424232 kB
MemAvailable:    1349988 kB
Buffers:           91096 kB
Cached:           855100 kB
MemTotal:        1844596 kB
MemFree:          423860 kB
MemAvailable:    1349700 kB
Buffers:           91096 kB
Cached:           855224 kB
MemTotal:        1844596 kB
MemFree:          424196 kB
MemAvailable:    1350036 kB
Buffers:           91096 kB
Cached:           855224 kB
MemTotal:        1844596 kB
MemFree:          423180 kB
MemAvailable:    1348432 kB
Buffers:           91096 kB
Cached:           854508 kB
MemTotal:        1844596 kB
MemFree:          423292 kB
MemAvailable:    1348544 kB
Buffers:           91096 kB
Cached:           854508 kB
MemTotal:        1844596 kB
MemFree:          539680 kB
MemAvailable:    1464932 kB
Buffers:           91096 kB
Cached:           854508 kB
MemTotal:        1844596 kB
MemFree:          618344 kB
MemAvailable:    1543596 kB
Buffers:           91096 kB
Cached:           854508 kB
