MemTotal:        1844596 kB
MemFree:          271480 kB
MemAvailable:    1545244 kB
Buffers:          103628 kB
Cached:          1186896 kB
MemTotal:        1844596 kB
MemFree:          242720 kB
MemAvailable:    1516492 kB
Buffers:          103628 kB
Cached:          1186900 kB
MemTotal:        1844596 kB
MemFree:          242844 kB
MemAvailable:    1516616 kB
Buffers:          103628 kB
Cached:          1186900 kB
MemTotal:        1844596 kB
MemFree:          241984 kB
MemAvailable:    1515756 kB
Buffers:          103628 kB
Cached:          1186900 kB
MemTotal:        1844596 kB
MemFree:          240556 kB
MemAvailable:    1514328 kB
Buffers:          103628 kB
Cached:          1186900 kB
MemTotal:        1844596 kB
MemFree:          240372 kB
MemAvailable:    1514144 kB
Buffers:          103628 kB
Cached:          1186900 kB
MemTotal:        1844596 kB
MemFree:          237512 kB
MemAvailable:    1511284 kB
Buffers:          103628 kB
Cached:          1186900 kB
MemTotal:        1844596 kB
MemFree:          237032 kB
MemAvailable:    1510804 kB
Buffers:          103628 kB
Cached:          1186900 kB
MemTotal:        1844596 kB
MemFree:          233660 kB
MemAvailable:    1507432 kB
Buffers:          103628 kB
Cached:          1186900 kB
MemTotal:        1844596 kB
MemFree:          233872 kB
MemAvailable:    1507644 kB
Buffers:          103628 kB
Cached:          1186900 kB
MemTotal:        1844596 kB
MemFree:          231756 kB
MemAvailable:    1505528 kB
Buffers:          103628 kB
Cached:          1186900 kB
MemTotal:        1844596 kB
MemFree:          231692 kB
MemAvailable:    1505464 kB
Buffers:          103628 kB
Cached:          1186900 kB
MemTotal:        1844596 kB
MemFree:          231664 kB
MemAvailable:    1505436 kB
Buffers:          103628 kB
Cached:          1186900 kB
MemTotal:        1844596 kB
MemFree:          231444 kB
MemAvailable:    1505216 kB
Buffers:          103628 kB
Cached:          1186900 kB
MemTotal:        1844596 kB
MemFree:          231804 kB
MemAvailable:    1505576 kB
Buffers:          103628 kB
Cached:          1186900 kB
MemTotal:        1844596 kB
MemFree:          230432 kB
MemAvailable:    1504204 kB
Buffers:          103628 kB
Cached:          1186900 kB
MemTotal:        1844596 kB
MemFree:          230432 kB
MemAvailable:    1504204 kB
Buffers:          103628 kB
Cached:          1186900 kB
MemTotal:        1844596 kB
MemFree:          231372 kB
MemAvailable:    1505144 kB
Buffers:          103628 kB
Cached:          1186900 kB
MemTotal:        1844596 kB
MemFree:          230064 kB
MemAvailable:    1503836 kB
Buffers:          103628 kB
Cached:          1186900 kB
MemTotal:        1844596 kB
MemFree:          230064 kB
MemAvailable:    1503836 kB
Buffers:          103628 kB
Cached:          1186900 kB
MemTotal:        1844596 kB
MemFree:          230188 kB
MemAvailable:    1503960 kB
Buffers:          103628 kB
Cached:          1186900 kB
MemTotal:        1844596 kB
MemFree:          230080 kB
MemAvailable:    1503852 kB
Buffers:          103628 kB
Cached:          1186900 kB
MemTotal:        1844596 kB
MemFree:          231072 kB
MemAvailable:    1504844 kB
Buffers:          103628 kB
Cached:          1186900 kB
MemTotal:        1844596 kB
MemFree:          229328 kB
MemAvailable:    1503100 kB
Buffers:          103628 kB
Cached:          1186900 kB
MemTotal:        1844596 kB
MemFree:          229212 kB
MemAvailable:    1502984 kB
Buffers:          103628 kB
Cached:          1186900 kB
MemTotal:        1844596 kB
MemFree:          229336 kB
MemAvailable:    1503108 kB
Buffers:          103628 kB
Cached:          1186900 kB
MemTotal:        1844596 kB
MemFree:          230140 kB
MemAvailable:    1503912 kB
Buffers:          103628 kB
Cached:          1186900 kB
MemTotal:        1844596 kB
MemFree:          230136 kB
MemAvailable:    1503908 kB
Buffers:          103628 kB
Cached:          1186900 kB
MemTotal:        1844596 kB
MemFree:          228096 kB
MemAvailable:    1501868 kB
Buffers:          103628 kB
Cached:          1186900 kB
MemTotal:        1844596 kB
MemFree:          228964 kB
MemAvailable:    1502736 kB
Buffers:          103628 kB
Cached:          1186900 kB
MemTotal:        1844596 kB
MemFree:          227600 kB
MemAvailable:    1501372 kB
Buffers:          103628 kB
Cached:          1186900 kB
MemTotal:        1844596 kB
MemFree:          228776 kB
MemAvailable:    1502548 kB
Buffers:          103628 kB
Cached:          1186900 kB
MemTotal:        1844596 kB
MemFree:          227560 kB
MemAvailable:    1501332 kB
Buffers:          103628 kB
Cached:          1186900 kB
MemTotal:        1844596 kB
MemFree:          227420 kB
MemAvailable:    1501192 kB
Buffers:          103628 kB
Cached:          1186900 kB
MemTotal:        1844596 kB
MemFree:          227600 kB
MemAvailable:    1501372 kB
Buffers:          103628 kB
Cached:          1186900 kB
MemTotal:        1844596 kB
MemFree:          228584 kB
MemAvailable:    1502356 kB
Buffers:          103628 kB
Cached:          1186900 kB
MemTotal:        1844596 kB
MemFree:          227552 kB
MemAvailable:    1501324 kB
Buffers:          103628 kB
Cached:          1186900 kB
MemTotal:        1844596 kB
MemFree:          228668 kB
MemAvailable:    1502440 kB
Buffers:          103628 kB
Cached:          1186900 kB
MemTotal:        1844596 kB
MemFree:          227236 kB
MemAvailable:    1501008 kB
Buffers:          103628 kB
Cached:          1186900 kB
MemTotal:        1844596 kB
MemFree:          225824 kB
MemAvailable:    1499596 kB
Buffers:          103628 kB
Cached:          1186900 kB
MemTotal:        1844596 kB
MemFree:          222268 kB
MemAvailable:    1496040 kB
Buffers:          103628 kB
Cached:          1186900 kB
MemTotal:        1844596 kB
MemFree:          223376 kB
MemAvailable:    1497148 kB
Buffers:          103628 kB
Cached:          1186900 kB
MemTotal:        1844596 kB
MemFree:          223376 kB
MemAvailable:    1497148 kB
Buffers:          103628 kB
Cached:          1186900 kB
MemTotal:        1844596 kB
MemFree:          223500 kB
MemAvailable:    1497272 kB
Buffers:          103628 kB
Cached:          1186900 kB
MemTotal:        1844596 kB
MemFree:          223068 kB
MemAvailable:    1496840 kB
Buffers:          103628 kB
Cached:          1186900 kB
MemTotal:        1844596 kB
MemFree:          223324 kB
MemAvailable:    1497096 kB
Buffers:          103628 kB
Cached:          1186900 kB
MemTotal:        1844596 kB
MemFree:          223164 kB
MemAvailable:    1496936 kB
Buffers:          103628 kB
Cached:          1186900 kB
MemTotal:        1844596 kB
MemFree:          222840 kB
MemAvailable:    1496612 kB
Buffers:          103628 kB
Cached:          1186900 kB
MemTotal:        1844596 kB
MemFree:          222516 kB
MemAvailable:    1496288 kB
Buffers:          103628 kB
Cached:          1186900 kB
MemTotal:        1844596 kB
MemFree:          222928 kB
MemAvailable:    1496700 kB
Buffers:          103628 kB
Cached:          1186900 kB
MemTotal:        1844596 kB
MemFree:          221580 kB
MemAvailable:    1495352 kB
Buffers:          103628 kB
Cached:          1186900 kB
MemTotal:        1844596 kB
MemFree:          222828 kB
MemAvailable:    1496600 kB
Buffers:          103628 kB
Cached:          1186900 kB
MemTotal:        1844596 kB
MemFree:          223008 kB
MemAvailable:    1496780 kB
Buffers:          103628 kB
Cached:          1186900 kB
MemTotal:        1844596 kB
MemFree:          222920 kB
MemAvailable:    1496692 kB
Buffers:          103628 kB
Cached:          1186900 kB
MemTotal:        1844596 kB
MemFree:          221572 kB
MemAvailable:    1495344 kB
Buffers:          103628 kB
Cached:          1186900 kB
MemTotal:        1844596 kB
MemFree:          221152 kB
MemAvailable:    1494924 kB
Buffers:          103628 kB
Cached:          1186900 kB
MemTotal:        1844596 kB
MemFree:          216308 kB
MemAvailable:    1490080 kB
Buffers:          103628 kB
Cached:          1186900 kB
MemTotal:        1844596 kB
MemFree:          217300 kB
MemAvailable:    1491072 kB
Buffers:          103628 kB
Cached:          1186900 kB
MemTotal:        1844596 kB
MemFree:          215316 kB
MemAvailable:    1489088 kB
Buffers:          103628 kB
Cached:          1186900 kB
MemTotal:        1844596 kB
MemFree:          215448 kB
MemAvailable:    1489220 kB
Buffers:          103628 kB
Cached:          1186900 kB
MemTotal:        1844596 kB
MemFree:          214936 kB
MemAvailable:    1488712 kB
Buffers:          103628 kB
Cached:          1186904 kB
MemTotal:        1844596 kB
MemFree:          214936 kB
MemAvailable:    1488712 kB
Buffers:          103628 kB
Cached:          1186904 kB
MemTotal:        1844596 kB
MemFree:          214516 kB
MemAvailable:    1488292 kB
Buffers:          103628 kB
Cached:          1186904 kB
MemTotal:        1844596 kB
MemFree:          214260 kB
MemAvailable:    1488036 kB
Buffers:          103628 kB
Cached:          1186904 kB
MemTotal:        1844596 kB
MemFree:          214284 kB
MemAvailable:    1488060 kB
Buffers:          103628 kB
Cached:          1186904 kB
MemTotal:        1844596 kB
MemFree:          214340 kB
MemAvailable:    1488116 kB
Buffers:          103628 kB
Cached:          1186904 kB
MemTotal:        1844596 kB
MemFree:          214208 kB
MemAvailable:    1487984 kB
Buffers:          103628 kB
Cached:          1186904 kB
MemTotal:        1844596 kB
MemFree:          213092 kB
MemAvailable:    1486868 kB
Buffers:          103628 kB
Cached:          1186904 kB
MemTotal:        1844596 kB
MemFree:          214028 kB
MemAvailable:    1487808 kB
Buffers:          103628 kB
Cached:          1186908 kB
MemTotal:        1844596 kB
MemFree:          214284 kB
MemAvailable:    1488064 kB
Buffers:          103628 kB
Cached:          1186908 kB
MemTotal:        1844596 kB
MemFree:          213888 kB
MemAvailable:    1487668 kB
Buffers:          103628 kB
Cached:          1186908 kB
MemTotal:        1844596 kB
MemFree:          214224 kB
MemAvailable:    1488004 kB
Buffers:          103628 kB
Cached:          1186908 kB
MemTotal:        1844596 kB
MemFree:          213032 kB
MemAvailable:    1486812 kB
Buffers:          103628 kB
Cached:          1186908 kB
MemTotal:        1844596 kB
MemFree:          214120 kB
MemAvailable:    1487900 kB
Buffers:          103628 kB
Cached:          1186908 kB
MemTotal:        1844596 kB
MemFree:          214228 kB
MemAvailable:    1488008 kB
Buffers:          103628 kB
Cached:          1186908 kB
MemTotal:        1844596 kB
MemFree:          212920 kB
MemAvailable:    1486700 kB
Buffers:          103628 kB
Cached:          1186908 kB
MemTotal:        1844596 kB
MemFree:          212920 kB
MemAvailable:    1486700 kB
Buffers:          103628 kB
Cached:          1186908 kB
MemTotal:        1844596 kB
MemFree:          212788 kB
MemAvailable:    1486568 kB
Buffers:          103628 kB
Cached:          1186908 kB
MemTotal:        1844596 kB
MemFree:          212788 kB
MemAvailable:    1486568 kB
Buffers:          103628 kB
Cached:          1186908 kB
MemTotal:        1844596 kB
MemFree:          212656 kB
MemAvailable:    1486436 kB
Buffers:          103628 kB
Cached:          1186908 kB
MemTotal:        1844596 kB
MemFree:          212656 kB
MemAvailable:    1486436 kB
Buffers:          103628 kB
Cached:          1186908 kB
MemTotal:        1844596 kB
MemFree:          212524 kB
MemAvailable:    1486304 kB
Buffers:          103628 kB
Cached:          1186908 kB
MemTotal:        1844596 kB
MemFree:          211728 kB
MemAvailable:    1485508 kB
Buffers:          103628 kB
Cached:          1186908 kB
MemTotal:        1844596 kB
MemFree:          208504 kB
MemAvailable:    1482284 kB
Buffers:          103628 kB
Cached:          1186908 kB
MemTotal:        1844596 kB
MemFree:          206024 kB
MemAvailable:    1479804 kB
Buffers:          103628 kB
Cached:          1186908 kB
MemTotal:        1844596 kB
MemFree:          204412 kB
MemAvailable:    1478192 kB
Buffers:          103628 kB
Cached:          1186908 kB
MemTotal:        1844596 kB
MemFree:          204404 kB
MemAvailable:    1478184 kB
Buffers:          103628 kB
Cached:          1186908 kB
MemTotal:        1844596 kB
MemFree:          204280 kB
MemAvailable:    1478060 kB
Buffers:          103628 kB
Cached:          1186908 kB
MemTotal:        1844596 kB
MemFree:          205464 kB
MemAvailable:    1479244 kB
Buffers:          103628 kB
Cached:          1186908 kB
MemTotal:        1844596 kB
MemFree:          204164 kB
MemAvailable:    1477944 kB
Buffers:          103628 kB
Cached:          1186908 kB
MemTotal:        1844596 kB
MemFree:          204976 kB
MemAvailable:    1478760 kB
Buffers:          103628 kB
Cached:          1186912 kB
MemTotal:        1844596 kB
MemFree:          204908 kB
MemAvailable:    1478692 kB
Buffers:          103628 kB
Cached:          1186912 kB
MemTotal:        1844596 kB
MemFree:          203860 kB
MemAvailable:    1477644 kB
Buffers:          103628 kB
Cached:          1186912 kB
MemTotal:        1844596 kB
MemFree:          203860 kB
MemAvailable:    1477644 kB
Buffers:          103628 kB
Cached:          1186912 kB
MemTotal:        1844596 kB
MemFree:          205160 kB
MemAvailable:    1478944 kB
Buffers:          103628 kB
Cached:          1186912 kB
MemTotal:        1844596 kB
MemFree:          205240 kB
MemAvailable:    1479024 kB
Buffers:          103628 kB
Cached:          1186912 kB
MemTotal:        1844596 kB
MemFree:          204412 kB
MemAvailable:    1478196 kB
Buffers:          103628 kB
Cached:          1186912 kB
MemTotal:        1844596 kB
MemFree:          204976 kB
MemAvailable:    1478760 kB
Buffers:          103628 kB
Cached:          1186912 kB
MemTotal:        1844596 kB
MemFree:          205228 kB
MemAvailable:    1479012 kB
Buffers:          103628 kB
Cached:          1186912 kB
MemTotal:        1844596 kB
MemFree:          204976 kB
MemAvailable:    1478760 kB
Buffers:          103628 kB
Cached:          1186912 kB
MemTotal:        1844596 kB
MemFree:          205232 kB
MemAvailable:    1479016 kB
Buffers:          103628 kB
Cached:          1186912 kB
MemTotal:        1844596 kB
MemFree:          205144 kB
MemAvailable:    1478928 kB
Buffers:          103628 kB
Cached:          1186912 kB
MemTotal:        1844596 kB
MemFree:          203896 kB
MemAvailable:    1477680 kB
Buffers:          103628 kB
Cached:          1186912 kB
MemTotal:        1844596 kB
MemFree:          205156 kB
MemAvailable:    1478940 kB
Buffers:          103628 kB
Cached:          1186912 kB
MemTotal:        1844596 kB
MemFree:          203724 kB
MemAvailable:    1477508 kB
Buffers:          103628 kB
Cached:          1186912 kB
MemTotal:        1844596 kB
MemFree:          203724 kB
MemAvailable:    1477508 kB
Buffers:          103628 kB
Cached:          1186912 kB
MemTotal:        1844596 kB
MemFree:          203724 kB
MemAvailable:    1477508 kB
Buffers:          103628 kB
Cached:          1186912 kB
MemTotal:        1844596 kB
MemFree:          203848 kB
MemAvailable:    1477632 kB
Buffers:          103628 kB
Cached:          1186912 kB
MemTotal:        1844596 kB
MemFree:          205148 kB
MemAvailable:    1478932 kB
Buffers:          103628 kB
Cached:          1186912 kB
MemTotal:        1844596 kB
MemFree:          204296 kB
MemAvailable:    1478080 kB
Buffers:          103628 kB
Cached:          1186912 kB
MemTotal:        1844596 kB
MemFree:          205332 kB
MemAvailable:    1479116 kB
Buffers:          103628 kB
Cached:          1186912 kB
MemTotal:        1844596 kB
MemFree:          204172 kB
MemAvailable:    1477956 kB
Buffers:          103628 kB
Cached:          1186912 kB
MemTotal:        1844596 kB
MemFree:          205364 kB
MemAvailable:    1479148 kB
Buffers:          103628 kB
Cached:          1186912 kB
MemTotal:        1844596 kB
MemFree:          204164 kB
MemAvailable:    1477948 kB
Buffers:          103628 kB
Cached:          1186912 kB
MemTotal:        1844596 kB
MemFree:          205404 kB
MemAvailable:    1479188 kB
Buffers:          103628 kB
Cached:          1186912 kB
MemTotal:        1844596 kB
MemFree:          204040 kB
MemAvailable:    1477824 kB
Buffers:          103628 kB
Cached:          1186912 kB
MemTotal:        1844596 kB
MemFree:          205280 kB
MemAvailable:    1479064 kB
Buffers:          103628 kB
Cached:          1186912 kB
MemTotal:        1844596 kB
MemFree:          204040 kB
MemAvailable:    1477824 kB
Buffers:          103628 kB
Cached:          1186912 kB
MemTotal:        1844596 kB
MemFree:          204880 kB
MemAvailable:    1478664 kB
Buffers:          103628 kB
Cached:          1186912 kB
MemTotal:        1844596 kB
MemFree:          205216 kB
MemAvailable:    1479000 kB
Buffers:          103628 kB
Cached:          1186912 kB
MemTotal:        1844596 kB
MemFree:          205032 kB
MemAvailable:    1478816 kB
Buffers:          103628 kB
Cached:          1186912 kB
MemTotal:        1844596 kB
MemFree:          203916 kB
MemAvailable:    1477700 kB
Buffers:          103628 kB
Cached:          1186912 kB
MemTotal:        1844596 kB
MemFree:          203744 kB
MemAvailable:    1477528 kB
Buffers:          103628 kB
Cached:          1186912 kB
MemTotal:        1844596 kB
MemFree:          200684 kB
MemAvailable:    1474468 kB
Buffers:          103628 kB
Cached:          1186912 kB
MemTotal:        1844596 kB
MemFree:          197080 kB
MemAvailable:    1470864 kB
Buffers:          103628 kB
Cached:          1186912 kB
MemTotal:        1844596 kB
MemFree:          197168 kB
MemAvailable:    1470952 kB
Buffers:          103628 kB
Cached:          1186912 kB
MemTotal:        1844596 kB
MemFree:          193252 kB
MemAvailable:    1467036 kB
Buffers:          103628 kB
Cached:          1186912 kB
MemTotal:        1844596 kB
MemFree:          194360 kB
MemAvailable:    1468144 kB
Buffers:          103628 kB
Cached:          1186912 kB
MemTotal:        1844596 kB
MemFree:          193244 kB
MemAvailable:    1467028 kB
Buffers:          103628 kB
Cached:          1186912 kB
MemTotal:        1844596 kB
MemFree:          194484 kB
MemAvailable:    1468268 kB
Buffers:          103628 kB
Cached:          1186912 kB
MemTotal:        1844596 kB
MemFree:          194288 kB
MemAvailable:    1468072 kB
Buffers:          103628 kB
Cached:          1186912 kB
MemTotal:        1844596 kB
MemFree:          193384 kB
MemAvailable:    1467168 kB
Buffers:          103628 kB
Cached:          1186912 kB
MemTotal:        1844596 kB
MemFree:          194296 kB
MemAvailable:    1468080 kB
Buffers:          103628 kB
Cached:          1186912 kB
MemTotal:        1844596 kB
MemFree:          192948 kB
MemAvailable:    1466732 kB
Buffers:          103628 kB
Cached:          1186912 kB
MemTotal:        1844596 kB
MemFree:          194436 kB
MemAvailable:    1468220 kB
Buffers:          103628 kB
Cached:          1186912 kB
MemTotal:        1844596 kB
MemFree:          194236 kB
MemAvailable:    1468020 kB
Buffers:          103628 kB
Cached:          1186912 kB
MemTotal:        1844596 kB
MemFree:          194320 kB
MemAvailable:    1468104 kB
Buffers:          103628 kB
Cached:          1186912 kB
MemTotal:        1844596 kB
MemFree:          194104 kB
MemAvailable:    1467888 kB
Buffers:          103632 kB
Cached:          1186908 kB
MemTotal:        1844596 kB
MemFree:          194440 kB
MemAvailable:    1468224 kB
Buffers:          103632 kB
Cached:          1186908 kB
MemTotal:        1844596 kB
MemFree:          194064 kB
MemAvailable:    1467848 kB
Buffers:          103632 kB
Cached:          1186908 kB
MemTotal:        1844596 kB
MemFree:          194248 kB
MemAvailable:    1468032 kB
Buffers:          103632 kB
Cached:          1186908 kB
MemTotal:        1844596 kB
MemFree:          194212 kB
MemAvailable:    1467996 kB
Buffers:          103632 kB
Cached:          1186908 kB
MemTotal:        1844596 kB
MemFree:          193748 kB
MemAvailable:    1467532 kB
Buffers:          103632 kB
Cached:          1186908 kB
MemTotal:        1844596 kB
MemFree:          192964 kB
MemAvailable:    1466756 kB
Buffers:          103632 kB
Cached:          1186916 kB
MemTotal:        1844596 kB
MemFree:          194148 kB
MemAvailable:    1467940 kB
Buffers:          103632 kB
Cached:          1186916 kB
MemTotal:        1844596 kB
MemFree:          194320 kB
MemAvailable:    1468112 kB
Buffers:          103632 kB
Cached:          1186916 kB
MemTotal:        1844596 kB
MemFree:          194284 kB
MemAvailable:    1468076 kB
Buffers:          103632 kB
Cached:          1186916 kB
MemTotal:        1844596 kB
MemFree:          194244 kB
MemAvailable:    1468036 kB
Buffers:          103632 kB
Cached:          1186916 kB
MemTotal:        1844596 kB
MemFree:          193508 kB
MemAvailable:    1467300 kB
Buffers:          103632 kB
Cached:          1186916 kB
MemTotal:        1844596 kB
MemFree:          194064 kB
MemAvailable:    1467856 kB
Buffers:          103632 kB
Cached:          1186916 kB
MemTotal:        1844596 kB
MemFree:          194400 kB
MemAvailable:    1468192 kB
Buffers:          103632 kB
Cached:          1186916 kB
MemTotal:        1844596 kB
MemFree:          192996 kB
MemAvailable:    1466788 kB
Buffers:          103632 kB
Cached:          1186916 kB
MemTotal:        1844596 kB
MemFree:          194048 kB
MemAvailable:    1467840 kB
Buffers:          103632 kB
Cached:          1186916 kB
MemTotal:        1844596 kB
MemFree:          192872 kB
MemAvailable:    1466664 kB
Buffers:          103632 kB
Cached:          1186916 kB
MemTotal:        1844596 kB
MemFree:          194196 kB
MemAvailable:    1467988 kB
Buffers:          103632 kB
Cached:          1186916 kB
MemTotal:        1844596 kB
MemFree:          193508 kB
MemAvailable:    1467300 kB
Buffers:          103632 kB
Cached:          1186916 kB
MemTotal:        1844596 kB
MemFree:          194616 kB
MemAvailable:    1468412 kB
Buffers:          103632 kB
Cached:          1186920 kB
MemTotal:        1844596 kB
MemFree:          193500 kB
MemAvailable:    1467296 kB
Buffers:          103632 kB
Cached:          1186920 kB
MemTotal:        1844596 kB
MemFree:          193120 kB
MemAvailable:    1466916 kB
Buffers:          103632 kB
Cached:          1186920 kB
MemTotal:        1844596 kB
MemFree:          194484 kB
MemAvailable:    1468280 kB
Buffers:          103632 kB
Cached:          1186920 kB
MemTotal:        1844596 kB
MemFree:          194484 kB
MemAvailable:    1468280 kB
Buffers:          103632 kB
Cached:          1186920 kB
MemTotal:        1844596 kB
MemFree:          194444 kB
MemAvailable:    1468240 kB
Buffers:          103632 kB
Cached:          1186920 kB
MemTotal:        1844596 kB
MemFree:          192992 kB
MemAvailable:    1466788 kB
Buffers:          103632 kB
Cached:          1186920 kB
MemTotal:        1844596 kB
MemFree:          193068 kB
MemAvailable:    1466864 kB
Buffers:          103632 kB
Cached:          1186920 kB
MemTotal:        1844596 kB
MemFree:          194388 kB
MemAvailable:    1468184 kB
Buffers:          103632 kB
Cached:          1186920 kB
MemTotal:        1844596 kB
MemFree:          193376 kB
MemAvailable:    1467172 kB
Buffers:          103632 kB
Cached:          1186920 kB
MemTotal:        1844596 kB
MemFree:          194360 kB
MemAvailable:    1468156 kB
Buffers:          103632 kB
Cached:          1186920 kB
MemTotal:        1844596 kB
MemFree:          194616 kB
MemAvailable:    1468412 kB
Buffers:          103632 kB
Cached:          1186920 kB
MemTotal:        1844596 kB
MemFree:          194464 kB
MemAvailable:    1468260 kB
Buffers:          103632 kB
Cached:          1186920 kB
MemTotal:        1844596 kB
MemFree:          194216 kB
MemAvailable:    1468012 kB
Buffers:          103632 kB
Cached:          1186920 kB
MemTotal:        1844596 kB
MemFree:          192688 kB
MemAvailable:    1466484 kB
Buffers:          103632 kB
Cached:          1186920 kB
MemTotal:        1844596 kB
MemFree:          194040 kB
MemAvailable:    1467836 kB
Buffers:          103632 kB
Cached:          1186920 kB
MemTotal:        1844596 kB
MemFree:          194292 kB
MemAvailable:    1468088 kB
Buffers:          103632 kB
Cached:          1186920 kB
MemTotal:        1844596 kB
MemFree:          194064 kB
MemAvailable:    1467860 kB
Buffers:          103632 kB
Cached:          1186920 kB
MemTotal:        1844596 kB
MemFree:          194056 kB
MemAvailable:    1467852 kB
Buffers:          103632 kB
Cached:          1186920 kB
MemTotal:        1844596 kB
MemFree:          192508 kB
MemAvailable:    1466304 kB
Buffers:          103632 kB
Cached:          1186920 kB
MemTotal:        1844596 kB
MemFree:          193236 kB
MemAvailable:    1467036 kB
Buffers:          103632 kB
Cached:          1186924 kB
MemTotal:        1844596 kB
MemFree:          193572 kB
MemAvailable:    1467372 kB
Buffers:          103632 kB
Cached:          1186924 kB
MemTotal:        1844596 kB
MemFree:          192004 kB
MemAvailable:    1465804 kB
Buffers:          103632 kB
Cached:          1186924 kB
MemTotal:        1844596 kB
MemFree:          193188 kB
MemAvailable:    1466988 kB
Buffers:          103632 kB
Cached:          1186924 kB
MemTotal:        1844596 kB
MemFree:          191888 kB
MemAvailable:    1465688 kB
Buffers:          103632 kB
Cached:          1186924 kB
MemTotal:        1844596 kB
MemFree:          192700 kB
MemAvailable:    1466500 kB
Buffers:          103632 kB
Cached:          1186924 kB
MemTotal:        1844596 kB
MemFree:          193036 kB
MemAvailable:    1466836 kB
Buffers:          103632 kB
Cached:          1186924 kB
MemTotal:        1844596 kB
MemFree:          192820 kB
MemAvailable:    1466620 kB
Buffers:          103632 kB
Cached:          1186924 kB
MemTotal:        1844596 kB
MemFree:          192756 kB
MemAvailable:    1466556 kB
Buffers:          103632 kB
Cached:          1186924 kB
MemTotal:        1844596 kB
MemFree:          191752 kB
MemAvailable:    1465552 kB
Buffers:          103632 kB
Cached:          1186924 kB
MemTotal:        1844596 kB
MemFree:          192860 kB
MemAvailable:    1466660 kB
Buffers:          103632 kB
Cached:          1186924 kB
MemTotal:        1844596 kB
MemFree:          192764 kB
MemAvailable:    1466564 kB
Buffers:          103632 kB
Cached:          1186924 kB
MemTotal:        1844596 kB
MemFree:          192584 kB
MemAvailable:    1466384 kB
Buffers:          103632 kB
Cached:          1186924 kB
MemTotal:        1844596 kB
MemFree:          192640 kB
MemAvailable:    1466440 kB
Buffers:          103632 kB
Cached:          1186924 kB
MemTotal:        1844596 kB
MemFree:          192268 kB
MemAvailable:    1466068 kB
Buffers:          103632 kB
Cached:          1186924 kB
MemTotal:        1844596 kB
MemFree:          192632 kB
MemAvailable:    1466432 kB
Buffers:          103632 kB
Cached:          1186924 kB
MemTotal:        1844596 kB
MemFree:          192692 kB
MemAvailable:    1466492 kB
Buffers:          103632 kB
Cached:          1186924 kB
MemTotal:        1844596 kB
MemFree:          191888 kB
MemAvailable:    1465688 kB
Buffers:          103632 kB
Cached:          1186924 kB
MemTotal:        1844596 kB
MemFree:          192488 kB
MemAvailable:    1466288 kB
Buffers:          103632 kB
Cached:          1186924 kB
MemTotal:        1844596 kB
MemFree:          192744 kB
MemAvailable:    1466544 kB
Buffers:          103632 kB
Cached:          1186924 kB
MemTotal:        1844596 kB
MemFree:          191500 kB
MemAvailable:    1465300 kB
Buffers:          103632 kB
Cached:          1186924 kB
MemTotal:        1844596 kB
MemFree:          192192 kB
MemAvailable:    1465992 kB
Buffers:          103632 kB
Cached:          1186924 kB
MemTotal:        1844596 kB
MemFree:          192444 kB
MemAvailable:    1466244 kB
Buffers:          103632 kB
Cached:          1186924 kB
MemTotal:        1844596 kB
MemFree:          192504 kB
MemAvailable:    1466304 kB
Buffers:          103632 kB
Cached:          1186924 kB
MemTotal:        1844596 kB
MemFree:          192548 kB
MemAvailable:    1466348 kB
Buffers:          103632 kB
Cached:          1186924 kB
MemTotal:        1844596 kB
MemFree:          191320 kB
MemAvailable:    1465120 kB
Buffers:          103632 kB
Cached:          1186924 kB
MemTotal:        1844596 kB
MemFree:          186416 kB
MemAvailable:    1460216 kB
Buffers:          103632 kB
Cached:          1186924 kB
MemTotal:        1844596 kB
MemFree:          185936 kB
MemAvailable:    1459736 kB
Buffers:          103632 kB
Cached:          1186924 kB
MemTotal:        1844596 kB
MemFree:          182092 kB
MemAvailable:    1455892 kB
Buffers:          103632 kB
Cached:          1186924 kB
MemTotal:        1844596 kB
MemFree:          182004 kB
MemAvailable:    1455804 kB
Buffers:          103632 kB
Cached:          1186924 kB
MemTotal:        1844596 kB
MemFree:          180480 kB
MemAvailable:    1454280 kB
Buffers:          103632 kB
Cached:          1186924 kB
MemTotal:        1844596 kB
MemFree:          181224 kB
MemAvailable:    1455024 kB
Buffers:          103632 kB
Cached:          1186924 kB
MemTotal:        1844596 kB
MemFree:          181152 kB
MemAvailable:    1454952 kB
Buffers:          103632 kB
Cached:          1186924 kB
MemTotal:        1844596 kB
MemFree:          180696 kB
MemAvailable:    1454496 kB
Buffers:          103632 kB
Cached:          1186924 kB
MemTotal:        1844596 kB
MemFree:          180548 kB
MemAvailable:    1454348 kB
Buffers:          103632 kB
Cached:          1186924 kB
MemTotal:        1844596 kB
MemFree:          179296 kB
MemAvailable:    1453096 kB
Buffers:          103632 kB
Cached:          1186924 kB
MemTotal:        1844596 kB
MemFree:          179288 kB
MemAvailable:    1453088 kB
Buffers:          103632 kB
Cached:          1186924 kB
MemTotal:        1844596 kB
MemFree:          178124 kB
MemAvailable:    1451924 kB
Buffers:          103632 kB
Cached:          1186924 kB
MemTotal:        1844596 kB
MemFree:          179036 kB
MemAvailable:    1452836 kB
Buffers:          103632 kB
Cached:          1186924 kB
MemTotal:        1844596 kB
MemFree:          177504 kB
MemAvailable:    1451304 kB
Buffers:          103632 kB
Cached:          1186924 kB
MemTotal:        1844596 kB
MemFree:          176512 kB
MemAvailable:    1450312 kB
Buffers:          103632 kB
Cached:          1186924 kB
MemTotal:        1844596 kB
MemFree:          176504 kB
MemAvailable:    1450308 kB
Buffers:          103632 kB
Cached:          1186928 kB
MemTotal:        1844596 kB
MemFree:          177744 kB
MemAvailable:    1451548 kB
Buffers:          103632 kB
Cached:          1186928 kB
MemTotal:        1844596 kB
MemFree:          177364 kB
MemAvailable:    1451168 kB
Buffers:          103632 kB
Cached:          1186928 kB
MemTotal:        1844596 kB
MemFree:          177616 kB
MemAvailable:    1451420 kB
Buffers:          103632 kB
Cached:          1186928 kB
MemTotal:        1844596 kB
MemFree:          176128 kB
MemAvailable:    1449932 kB
Buffers:          103632 kB
Cached:          1186928 kB
MemTotal:        1844596 kB
MemFree:          177480 kB
MemAvailable:    1451284 kB
Buffers:          103632 kB
Cached:          1186928 kB
MemTotal:        1844596 kB
MemFree:          177564 kB
MemAvailable:    1451368 kB
Buffers:          103632 kB
Cached:          1186928 kB
MemTotal:        1844596 kB
MemFree:          177492 kB
MemAvailable:    1451296 kB
Buffers:          103632 kB
Cached:          1186928 kB
MemTotal:        1844596 kB
MemFree:          177504 kB
MemAvailable:    1451308 kB
Buffers:          103632 kB
Cached:          1186928 kB
MemTotal:        1844596 kB
MemFree:          176636 kB
MemAvailable:    1450440 kB
Buffers:          103632 kB
Cached:          1186928 kB
MemTotal:        1844596 kB
MemFree:          177408 kB
MemAvailable:    1451212 kB
Buffers:          103632 kB
Cached:          1186928 kB
MemTotal:        1844596 kB
MemFree:          177256 kB
MemAvailable:    1451060 kB
Buffers:          103632 kB
Cached:          1186928 kB
MemTotal:        1844596 kB
MemFree:          176208 kB
MemAvailable:    1450012 kB
Buffers:          103632 kB
Cached:          1186928 kB
MemTotal:        1844596 kB
MemFree:          176820 kB
MemAvailable:    1450624 kB
Buffers:          103632 kB
Cached:          1186928 kB
MemTotal:        1844596 kB
MemFree:          176812 kB
MemAvailable:    1450616 kB
Buffers:          103632 kB
Cached:          1186928 kB
MemTotal:        1844596 kB
MemFree:          174776 kB
MemAvailable:    1448580 kB
Buffers:          103632 kB
Cached:          1186928 kB
MemTotal:        1844596 kB
MemFree:          174528 kB
MemAvailable:    1448332 kB
Buffers:          103632 kB
Cached:          1186928 kB
MemTotal:        1844596 kB
MemFree:          174900 kB
MemAvailable:    1448704 kB
Buffers:          103632 kB
Cached:          1186928 kB
MemTotal:        1844596 kB
MemFree:          174528 kB
MemAvailable:    1448332 kB
Buffers:          103632 kB
Cached:          1186928 kB
MemTotal:        1844596 kB
MemFree:          173652 kB
MemAvailable:    1447456 kB
Buffers:          103632 kB
Cached:          1186928 kB
MemTotal:        1844596 kB
MemFree:          175024 kB
MemAvailable:    1448828 kB
Buffers:          103632 kB
Cached:          1186928 kB
MemTotal:        1844596 kB
MemFree:          173040 kB
MemAvailable:    1446844 kB
Buffers:          103632 kB
Cached:          1186928 kB
MemTotal:        1844596 kB
MemFree:          174208 kB
MemAvailable:    1448012 kB
Buffers:          103632 kB
Cached:          1186928 kB
MemTotal:        1844596 kB
MemFree:          172916 kB
MemAvailable:    1446720 kB
Buffers:          103632 kB
Cached:          1186928 kB
MemTotal:        1844596 kB
MemFree:          173528 kB
MemAvailable:    1447332 kB
Buffers:          103632 kB
Cached:          1186928 kB
MemTotal:        1844596 kB
MemFree:          173528 kB
MemAvailable:    1447332 kB
Buffers:          103632 kB
Cached:          1186928 kB
MemTotal:        1844596 kB
MemFree:          173292 kB
MemAvailable:    1447096 kB
Buffers:          103632 kB
Cached:          1186928 kB
MemTotal:        1844596 kB
MemFree:          171860 kB
MemAvailable:    1445664 kB
Buffers:          103632 kB
Cached:          1186928 kB
MemTotal:        1844596 kB
MemFree:          173344 kB
MemAvailable:    1447148 kB
Buffers:          103632 kB
Cached:          1186928 kB
MemTotal:        1844596 kB
MemFree:          173344 kB
MemAvailable:    1447148 kB
Buffers:          103632 kB
Cached:          1186928 kB
MemTotal:        1844596 kB
MemFree:          173356 kB
MemAvailable:    1447160 kB
Buffers:          103632 kB
Cached:          1186928 kB
MemTotal:        1844596 kB
MemFree:          173392 kB
MemAvailable:    1447196 kB
Buffers:          103632 kB
Cached:          1186928 kB
MemTotal:        1844596 kB
MemFree:          173040 kB
MemAvailable:    1446844 kB
Buffers:          103632 kB
Cached:          1186928 kB
MemTotal:        1844596 kB
MemFree:          173136 kB
MemAvailable:    1446940 kB
Buffers:          103632 kB
Cached:          1186928 kB
MemTotal:        1844596 kB
MemFree:          173472 kB
MemAvailable:    1447276 kB
Buffers:          103632 kB
Cached:          1186928 kB
MemTotal:        1844596 kB
MemFree:          173144 kB
MemAvailable:    1446948 kB
Buffers:          103632 kB
Cached:          1186928 kB
MemTotal:        1844596 kB
MemFree:          173132 kB
MemAvailable:    1446936 kB
Buffers:          103632 kB
Cached:          1186928 kB
MemTotal:        1844596 kB
MemFree:          173132 kB
MemAvailable:    1446936 kB
Buffers:          103632 kB
Cached:          1186928 kB
MemTotal:        1844596 kB
MemFree:          171876 kB
MemAvailable:    1445680 kB
Buffers:          103632 kB
Cached:          1186928 kB
MemTotal:        1844596 kB
MemFree:          171744 kB
MemAvailable:    1445548 kB
Buffers:          103632 kB
Cached:          1186928 kB
MemTotal:        1844596 kB
MemFree:          171912 kB
MemAvailable:    1445716 kB
Buffers:          103632 kB
Cached:          1186928 kB
MemTotal:        1844596 kB
MemFree:          171904 kB
MemAvailable:    1445708 kB
Buffers:          103632 kB
Cached:          1186928 kB
MemTotal:        1844596 kB
MemFree:          173140 kB
MemAvailable:    1446944 kB
Buffers:          103632 kB
Cached:          1186928 kB
MemTotal:        1844596 kB
MemFree:          173284 kB
MemAvailable:    1447088 kB
Buffers:          103632 kB
Cached:          1186928 kB
MemTotal:        1844596 kB
MemFree:          173024 kB
MemAvailable:    1446828 kB
Buffers:          103632 kB
Cached:          1186928 kB
MemTotal:        1844596 kB
MemFree:          173040 kB
MemAvailable:    1446844 kB
Buffers:          103632 kB
Cached:          1186928 kB
MemTotal:        1844596 kB
MemFree:          173152 kB
MemAvailable:    1446956 kB
Buffers:          103632 kB
Cached:          1186928 kB
MemTotal:        1844596 kB
MemFree:          171864 kB
MemAvailable:    1445668 kB
Buffers:          103632 kB
Cached:          1186928 kB
MemTotal:        1844596 kB
MemFree:          172024 kB
MemAvailable:    1445828 kB
Buffers:          103632 kB
Cached:          1186928 kB
MemTotal:        1844596 kB
MemFree:          171900 kB
MemAvailable:    1445704 kB
Buffers:          103632 kB
Cached:          1186928 kB
MemTotal:        1844596 kB
MemFree:          171908 kB
MemAvailable:    1445712 kB
Buffers:          103632 kB
Cached:          1186928 kB
MemTotal:        1844596 kB
MemFree:          171908 kB
MemAvailable:    1445712 kB
Buffers:          103632 kB
Cached:          1186928 kB
MemTotal:        1844596 kB
MemFree:          171656 kB
MemAvailable:    1445460 kB
Buffers:          103632 kB
Cached:          1186928 kB
MemTotal:        1844596 kB
MemFree:          171560 kB
MemAvailable:    1445364 kB
Buffers:          103632 kB
Cached:          1186928 kB
MemTotal:        1844596 kB
MemFree:          170304 kB
MemAvailable:    1444108 kB
Buffers:          103632 kB
Cached:          1186928 kB
MemTotal:        1844596 kB
MemFree:          170780 kB
MemAvailable:    1444584 kB
Buffers:          103632 kB
Cached:          1186928 kB
MemTotal:        1844596 kB
MemFree:          168576 kB
MemAvailable:    1442380 kB
Buffers:          103632 kB
Cached:          1186928 kB
MemTotal:        1844596 kB
MemFree:          166220 kB
MemAvailable:    1440024 kB
Buffers:          103632 kB
Cached:          1186928 kB
MemTotal:        1844596 kB
MemFree:          164352 kB
MemAvailable:    1438156 kB
Buffers:          103632 kB
Cached:          1186928 kB
MemTotal:        1844596 kB
MemFree:          162012 kB
MemAvailable:    1435816 kB
Buffers:          103632 kB
Cached:          1186928 kB
MemTotal:        1844596 kB
MemFree:          158608 kB
MemAvailable:    1432416 kB
Buffers:          103632 kB
Cached:          1186932 kB
MemTotal:        1844596 kB
MemFree:          158776 kB
MemAvailable:    1432584 kB
Buffers:          103632 kB
Cached:          1186932 kB
MemTotal:        1844596 kB
MemFree:          153696 kB
MemAvailable:    1427504 kB
Buffers:          103632 kB
Cached:          1186932 kB
MemTotal:        1844596 kB
MemFree:          154936 kB
MemAvailable:    1428744 kB
Buffers:          103632 kB
Cached:          1186932 kB
MemTotal:        1844596 kB
MemFree:          153696 kB
MemAvailable:    1427504 kB
Buffers:          103632 kB
Cached:          1186932 kB
MemTotal:        1844596 kB
MemFree:          154412 kB
MemAvailable:    1428220 kB
Buffers:          103632 kB
Cached:          1186932 kB
MemTotal:        1844596 kB
MemFree:          154748 kB
MemAvailable:    1428556 kB
Buffers:          103632 kB
Cached:          1186932 kB
MemTotal:        1844596 kB
MemFree:          154504 kB
MemAvailable:    1428312 kB
Buffers:          103632 kB
Cached:          1186932 kB
MemTotal:        1844596 kB
MemFree:          154816 kB
MemAvailable:    1428624 kB
Buffers:          103632 kB
Cached:          1186932 kB
MemTotal:        1844596 kB
MemFree:          154140 kB
MemAvailable:    1427948 kB
Buffers:          103632 kB
Cached:          1186932 kB
MemTotal:        1844596 kB
MemFree:          154276 kB
MemAvailable:    1428084 kB
Buffers:          103632 kB
Cached:          1186932 kB
MemTotal:        1844596 kB
MemFree:          154316 kB
MemAvailable:    1428124 kB
Buffers:          103632 kB
Cached:          1186932 kB
MemTotal:        1844596 kB
MemFree:          153188 kB
MemAvailable:    1426996 kB
Buffers:          103632 kB
Cached:          1186932 kB
MemTotal:        1844596 kB
MemFree:          154512 kB
MemAvailable:    1428320 kB
Buffers:          103632 kB
Cached:          1186932 kB
MemTotal:        1844596 kB
MemFree:          153016 kB
MemAvailable:    1426824 kB
Buffers:          103632 kB
Cached:          1186932 kB
MemTotal:        1844596 kB
MemFree:          153152 kB
MemAvailable:    1426964 kB
Buffers:          103632 kB
Cached:          1186936 kB
MemTotal:        1844596 kB
MemFree:          153680 kB
MemAvailable:    1427496 kB
Buffers:          103632 kB
Cached:          1186940 kB
MemTotal:        1844596 kB
MemFree:          152828 kB
MemAvailable:    1426644 kB
Buffers:          103632 kB
Cached:          1186940 kB
MemTotal:        1844596 kB
MemFree:          153560 kB
MemAvailable:    1427376 kB
Buffers:          103632 kB
Cached:          1186940 kB
MemTotal:        1844596 kB
MemFree:          153572 kB
MemAvailable:    1427388 kB
Buffers:          103632 kB
Cached:          1186940 kB
MemTotal:        1844596 kB
MemFree:          153432 kB
MemAvailable:    1427248 kB
Buffers:          103632 kB
Cached:          1186940 kB
MemTotal:        1844596 kB
MemFree:          153200 kB
MemAvailable:    1427016 kB
Buffers:          103632 kB
Cached:          1186940 kB
MemTotal:        1844596 kB
MemFree:          153612 kB
MemAvailable:    1427428 kB
Buffers:          103632 kB
Cached:          1186940 kB
MemTotal:        1844596 kB
MemFree:          153380 kB
MemAvailable:    1427196 kB
Buffers:          103632 kB
Cached:          1186940 kB
MemTotal:        1844596 kB
MemFree:          153636 kB
MemAvailable:    1427452 kB
Buffers:          103632 kB
Cached:          1186940 kB
MemTotal:        1844596 kB
MemFree:          152140 kB
MemAvailable:    1425956 kB
Buffers:          103632 kB
Cached:          1186940 kB
MemTotal:        1844596 kB
MemFree:          152432 kB
MemAvailable:    1426248 kB
Buffers:          103632 kB
Cached:          1186940 kB
MemTotal:        1844596 kB
MemFree:          153584 kB
MemAvailable:    1427400 kB
Buffers:          103632 kB
Cached:          1186940 kB
MemTotal:        1844596 kB
MemFree:          152828 kB
MemAvailable:    1426644 kB
Buffers:          103632 kB
Cached:          1186940 kB
MemTotal:        1844596 kB
MemFree:          153380 kB
MemAvailable:    1427196 kB
Buffers:          103632 kB
Cached:          1186940 kB
MemTotal:        1844596 kB
MemFree:          153632 kB
MemAvailable:    1427448 kB
Buffers:          103632 kB
Cached:          1186940 kB
MemTotal:        1844596 kB
MemFree:          153560 kB
MemAvailable:    1427376 kB
Buffers:          103632 kB
Cached:          1186940 kB
MemTotal:        1844596 kB
MemFree:          152188 kB
MemAvailable:    1426004 kB
Buffers:          103632 kB
Cached:          1186940 kB
MemTotal:        1844596 kB
MemFree:          153572 kB
MemAvailable:    1427388 kB
Buffers:          103632 kB
Cached:          1186940 kB
MemTotal:        1844596 kB
MemFree:          153500 kB
MemAvailable:    1427316 kB
Buffers:          103632 kB
Cached:          1186940 kB
MemTotal:        1844596 kB
MemFree:          153580 kB
MemAvailable:    1427396 kB
Buffers:          103632 kB
Cached:          1186940 kB
MemTotal:        1844596 kB
MemFree:          152284 kB
MemAvailable:    1426100 kB
Buffers:          103632 kB
Cached:          1186940 kB
MemTotal:        1844596 kB
MemFree:          148612 kB
MemAvailable:    1422428 kB
Buffers:          103632 kB
Cached:          1186940 kB
MemTotal:        1844596 kB
MemFree:          146752 kB
MemAvailable:    1420568 kB
Buffers:          103632 kB
Cached:          1186940 kB
MemTotal:        1844596 kB
MemFree:          142388 kB
MemAvailable:    1416204 kB
Buffers:          103632 kB
Cached:          1186940 kB
MemTotal:        1844596 kB
MemFree:          141916 kB
MemAvailable:    1415732 kB
Buffers:          103632 kB
Cached:          1186940 kB
MemTotal:        1844596 kB
MemFree:          138940 kB
MemAvailable:    1412756 kB
Buffers:          103632 kB
Cached:          1186940 kB
MemTotal:        1844596 kB
MemFree:          135468 kB
MemAvailable:    1409284 kB
Buffers:          103632 kB
Cached:          1186940 kB
MemTotal:        1844596 kB
MemFree:          134344 kB
MemAvailable:    1408160 kB
Buffers:          103632 kB
Cached:          1186940 kB
MemTotal:        1844596 kB
MemFree:          135328 kB
MemAvailable:    1409144 kB
Buffers:          103632 kB
Cached:          1186940 kB
MemTotal:        1844596 kB
MemFree:          135580 kB
MemAvailable:    1409396 kB
Buffers:          103632 kB
Cached:          1186940 kB
MemTotal:        1844596 kB
MemFree:          135232 kB
MemAvailable:    1409048 kB
Buffers:          103632 kB
Cached:          1186940 kB
MemTotal:        1844596 kB
MemFree:          135268 kB
MemAvailable:    1409084 kB
Buffers:          103632 kB
Cached:          1186940 kB
MemTotal:        1844596 kB
MemFree:          134608 kB
MemAvailable:    1408424 kB
Buffers:          103632 kB
Cached:          1186940 kB
MemTotal:        1844596 kB
MemFree:          135164 kB
MemAvailable:    1408980 kB
Buffers:          103632 kB
Cached:          1186940 kB
MemTotal:        1844596 kB
MemFree:          135420 kB
MemAvailable:    1409236 kB
Buffers:          103632 kB
Cached:          1186940 kB
MemTotal:        1844596 kB
MemFree:          135224 kB
MemAvailable:    1409040 kB
Buffers:          103632 kB
Cached:          1186940 kB
MemTotal:        1844596 kB
MemFree:          133916 kB
MemAvailable:    1407732 kB
Buffers:          103632 kB
Cached:          1186940 kB
MemTotal:        1844596 kB
MemFree:          134288 kB
MemAvailable:    1408104 kB
Buffers:          103632 kB
Cached:          1186940 kB
MemTotal:        1844596 kB
MemFree:          134172 kB
MemAvailable:    1407988 kB
Buffers:          103632 kB
Cached:          1186940 kB
MemTotal:        1844596 kB
MemFree:          134048 kB
MemAvailable:    1407864 kB
Buffers:          103632 kB
Cached:          1186940 kB
MemTotal:        1844596 kB
MemFree:          134032 kB
MemAvailable:    1407848 kB
Buffers:          103632 kB
Cached:          1186940 kB
MemTotal:        1844596 kB
MemFree:          134040 kB
MemAvailable:    1407856 kB
Buffers:          103632 kB
Cached:          1186940 kB
MemTotal:        1844596 kB
MemFree:          135376 kB
MemAvailable:    1409192 kB
Buffers:          103632 kB
Cached:          1186940 kB
MemTotal:        1844596 kB
MemFree:          135336 kB
MemAvailable:    1409152 kB
Buffers:          103632 kB
Cached:          1186940 kB
MemTotal:        1844596 kB
MemFree:          135500 kB
MemAvailable:    1409316 kB
Buffers:          103632 kB
Cached:          1186940 kB
MemTotal:        1844596 kB
MemFree:          133900 kB
MemAvailable:    1407716 kB
Buffers:          103632 kB
Cached:          1186940 kB
MemTotal:        1844596 kB
MemFree:          135140 kB
MemAvailable:    1408956 kB
Buffers:          103632 kB
Cached:          1186940 kB
MemTotal:        1844596 kB
MemFree:          134096 kB
MemAvailable:    1407912 kB
Buffers:          103632 kB
Cached:          1186940 kB
MemTotal:        1844596 kB
MemFree:          133972 kB
MemAvailable:    1407788 kB
Buffers:          103632 kB
Cached:          1186940 kB
MemTotal:        1844596 kB
MemFree:          135336 kB
MemAvailable:    1409152 kB
Buffers:          103632 kB
Cached:          1186940 kB
MemTotal:        1844596 kB
MemFree:          135352 kB
MemAvailable:    1409168 kB
Buffers:          103632 kB
Cached:          1186940 kB
MemTotal:        1844596 kB
MemFree:          135032 kB
MemAvailable:    1408848 kB
Buffers:          103632 kB
Cached:          1186940 kB
MemTotal:        1844596 kB
MemFree:          135368 kB
MemAvailable:    1409184 kB
Buffers:          103632 kB
Cached:          1186940 kB
MemTotal:        1844596 kB
MemFree:          135068 kB
MemAvailable:    1408884 kB
Buffers:          103632 kB
Cached:          1186940 kB
MemTotal:        1844596 kB
MemFree:          135152 kB
MemAvailable:    1408968 kB
Buffers:          103632 kB
Cached:          1186940 kB
MemTotal:        1844596 kB
MemFree:          135164 kB
MemAvailable:    1408980 kB
Buffers:          103632 kB
Cached:          1186940 kB
MemTotal:        1844596 kB
MemFree:          134208 kB
MemAvailable:    1408024 kB
Buffers:          103632 kB
Cached:          1186940 kB
MemTotal:        1844596 kB
MemFree:          135448 kB
MemAvailable:    1409264 kB
Buffers:          103632 kB
Cached:          1186940 kB
MemTotal:        1844596 kB
MemFree:          133960 kB
MemAvailable:    1407776 kB
Buffers:          103632 kB
Cached:          1186940 kB
MemTotal:        1844596 kB
MemFree:          135060 kB
MemAvailable:    1408876 kB
Buffers:          103632 kB
Cached:          1186940 kB
MemTotal:        1844596 kB
MemFree:          135228 kB
MemAvailable:    1409044 kB
Buffers:          103632 kB
Cached:          1186940 kB
MemTotal:        1844596 kB
MemFree:          134584 kB
MemAvailable:    1408400 kB
Buffers:          103632 kB
Cached:          1186940 kB
MemTotal:        1844596 kB
MemFree:          131624 kB
MemAvailable:    1405440 kB
Buffers:          103632 kB
Cached:          1186940 kB
MemTotal:        1844596 kB
MemFree:          128020 kB
MemAvailable:    1401836 kB
Buffers:          103632 kB
Cached:          1186940 kB
MemTotal:        1844596 kB
MemFree:          124616 kB
MemAvailable:    1398432 kB
Buffers:          103632 kB
Cached:          1186940 kB
MemTotal:        1844596 kB
MemFree:          119208 kB
MemAvailable:    1393024 kB
Buffers:          103632 kB
Cached:          1186940 kB
MemTotal:        1844596 kB
MemFree:          119224 kB
MemAvailable:    1393040 kB
Buffers:          103632 kB
Cached:          1186940 kB
MemTotal:        1844596 kB
MemFree:          118092 kB
MemAvailable:    1391908 kB
Buffers:          103632 kB
Cached:          1186940 kB
MemTotal:        1844596 kB
MemFree:          118176 kB
MemAvailable:    1391992 kB
Buffers:          103632 kB
Cached:          1186940 kB
MemTotal:        1844596 kB
MemFree:          117796 kB
MemAvailable:    1391612 kB
Buffers:          103632 kB
Cached:          1186940 kB
MemTotal:        1844596 kB
MemFree:          117620 kB
MemAvailable:    1391436 kB
Buffers:          103632 kB
Cached:          1186940 kB
MemTotal:        1844596 kB
MemFree:          115876 kB
MemAvailable:    1389692 kB
Buffers:          103632 kB
Cached:          1186940 kB
MemTotal:        1844596 kB
MemFree:          115620 kB
MemAvailable:    1389436 kB
Buffers:          103632 kB
Cached:          1186940 kB
MemTotal:        1844596 kB
MemFree:          116912 kB
MemAvailable:    1390728 kB
Buffers:          103632 kB
Cached:          1186940 kB
MemTotal:        1844596 kB
MemFree:          115864 kB
MemAvailable:    1389680 kB
Buffers:          103632 kB
Cached:          1186940 kB
MemTotal:        1844596 kB
MemFree:          115712 kB
MemAvailable:    1389536 kB
Buffers:          103632 kB
Cached:          1186948 kB
MemTotal:        1844596 kB
MemFree:          115628 kB
MemAvailable:    1389452 kB
Buffers:          103632 kB
Cached:          1186948 kB
MemTotal:        1844596 kB
MemFree:          115380 kB
MemAvailable:    1389204 kB
Buffers:          103632 kB
Cached:          1186948 kB
MemTotal:        1844596 kB
MemFree:          116324 kB
MemAvailable:    1390148 kB
Buffers:          103632 kB
Cached:          1186948 kB
MemTotal:        1844596 kB
MemFree:          116580 kB
MemAvailable:    1390404 kB
Buffers:          103632 kB
Cached:          1186948 kB
MemTotal:        1844596 kB
MemFree:          116324 kB
MemAvailable:    1390148 kB
Buffers:          103632 kB
Cached:          1186948 kB
MemTotal:        1844596 kB
MemFree:          115196 kB
MemAvailable:    1389020 kB
Buffers:          103632 kB
Cached:          1186948 kB
MemTotal:        1844596 kB
MemFree:          115196 kB
MemAvailable:    1389020 kB
Buffers:          103632 kB
Cached:          1186948 kB
MemTotal:        1844596 kB
MemFree:          114636 kB
MemAvailable:    1388460 kB
Buffers:          103632 kB
Cached:          1186948 kB
MemTotal:        1844596 kB
MemFree:          114868 kB
MemAvailable:    1388692 kB
Buffers:          103632 kB
Cached:          1186948 kB
MemTotal:        1844596 kB
MemFree:          114952 kB
MemAvailable:    1388776 kB
Buffers:          103632 kB
Cached:          1186948 kB
MemTotal:        1844596 kB
MemFree:          114628 kB
MemAvailable:    1388452 kB
Buffers:          103632 kB
Cached:          1186948 kB
MemTotal:        1844596 kB
MemFree:          113752 kB
MemAvailable:    1387576 kB
Buffers:          103632 kB
Cached:          1186948 kB
MemTotal:        1844596 kB
MemFree:          113836 kB
MemAvailable:    1387660 kB
Buffers:          103632 kB
Cached:          1186948 kB
MemTotal:        1844596 kB
MemFree:          112964 kB
MemAvailable:    1386788 kB
Buffers:          103632 kB
Cached:          1186948 kB
MemTotal:        1844596 kB
MemFree:          111528 kB
MemAvailable:    1385352 kB
Buffers:          103632 kB
Cached:          1186948 kB
MemTotal:        1844596 kB
MemFree:          111784 kB
MemAvailable:    1385608 kB
Buffers:          103632 kB
Cached:          1186948 kB
MemTotal:        1844596 kB
MemFree:          109552 kB
MemAvailable:    1383376 kB
Buffers:          103632 kB
Cached:          1186948 kB
MemTotal:        1844596 kB
MemFree:          109924 kB
MemAvailable:    1383748 kB
Buffers:          103632 kB
Cached:          1186948 kB
MemTotal:        1844596 kB
MemFree:          109636 kB
MemAvailable:    1383460 kB
Buffers:          103632 kB
Cached:          1186948 kB
MemTotal:        1844596 kB
MemFree:          110528 kB
MemAvailable:    1384352 kB
Buffers:          103632 kB
Cached:          1186948 kB
MemTotal:        1844596 kB
MemFree:          110864 kB
MemAvailable:    1384688 kB
Buffers:          103632 kB
Cached:          1186948 kB
MemTotal:        1844596 kB
MemFree:          110652 kB
MemAvailable:    1384476 kB
Buffers:          103632 kB
Cached:          1186948 kB
MemTotal:        1844596 kB
MemFree:          110420 kB
MemAvailable:    1384244 kB
Buffers:          103632 kB
Cached:          1186948 kB
MemTotal:        1844596 kB
MemFree:          110100 kB
MemAvailable:    1383924 kB
Buffers:          103632 kB
Cached:          1186948 kB
MemTotal:        1844596 kB
MemFree:          109364 kB
MemAvailable:    1383188 kB
Buffers:          103632 kB
Cached:          1186948 kB
MemTotal:        1844596 kB
MemFree:          108064 kB
MemAvailable:    1381888 kB
Buffers:          103632 kB
Cached:          1186948 kB
MemTotal:        1844596 kB
MemFree:          109040 kB
MemAvailable:    1382864 kB
Buffers:          103632 kB
Cached:          1186948 kB
MemTotal:        1844596 kB
MemFree:          109376 kB
MemAvailable:    1383200 kB
Buffers:          103632 kB
Cached:          1186948 kB
MemTotal:        1844596 kB
MemFree:          109000 kB
MemAvailable:    1382824 kB
Buffers:          103632 kB
Cached:          1186948 kB
MemTotal:        1844596 kB
MemFree:          109172 kB
MemAvailable:    1382996 kB
Buffers:          103632 kB
Cached:          1186948 kB
MemTotal:        1844596 kB
MemFree:          109060 kB
MemAvailable:    1382884 kB
Buffers:          103632 kB
Cached:          1186948 kB
MemTotal:        1844596 kB
MemFree:          108912 kB
MemAvailable:    1382820 kB
Buffers:          103632 kB
Cached:          1186948 kB
MemTotal:        1844596 kB
MemFree:          109048 kB
MemAvailable:    1382872 kB
Buffers:          103632 kB
Cached:          1186948 kB
MemTotal:        1844596 kB
MemFree:          109060 kB
MemAvailable:    1382884 kB
Buffers:          103632 kB
Cached:          1186948 kB
MemTotal:        1844596 kB
MemFree:          109188 kB
MemAvailable:    1383012 kB
Buffers:          103632 kB
Cached:          1186948 kB
MemTotal:        1844596 kB
MemFree:          108312 kB
MemAvailable:    1382136 kB
Buffers:          103632 kB
Cached:          1186948 kB
MemTotal:        1844596 kB
MemFree:          109172 kB
MemAvailable:    1382996 kB
Buffers:          103632 kB
Cached:          1186948 kB
MemTotal:        1844596 kB
MemFree:          109508 kB
MemAvailable:    1383332 kB
Buffers:          103632 kB
Cached:          1186948 kB
MemTotal:        1844596 kB
MemFree:          108620 kB
MemAvailable:    1382444 kB
Buffers:          103632 kB
Cached:          1186948 kB
MemTotal:        1844596 kB
MemFree:          107672 kB
MemAvailable:    1381496 kB
Buffers:          103632 kB
Cached:          1186948 kB
MemTotal:        1844596 kB
MemFree:          108912 kB
MemAvailable:    1382736 kB
Buffers:          103632 kB
Cached:          1186948 kB
MemTotal:        1844596 kB
MemFree:          107880 kB
MemAvailable:    1381704 kB
Buffers:          103632 kB
Cached:          1186948 kB
MemTotal:        1844596 kB
MemFree:          109032 kB
MemAvailable:    1382856 kB
Buffers:          103632 kB
Cached:          1186948 kB
MemTotal:        1844596 kB
MemFree:          107360 kB
MemAvailable:    1381184 kB
Buffers:          103632 kB
Cached:          1186948 kB
MemTotal:        1844596 kB
MemFree:          109376 kB
MemAvailable:    1383200 kB
Buffers:          103632 kB
Cached:          1186948 kB
MemTotal:        1844596 kB
MemFree:          108860 kB
MemAvailable:    1382684 kB
Buffers:          103632 kB
Cached:          1186948 kB
MemTotal:        1844596 kB
MemFree:          109196 kB
MemAvailable:    1383020 kB
Buffers:          103632 kB
Cached:          1186948 kB
MemTotal:        1844596 kB
MemFree:          107628 kB
MemAvailable:    1381452 kB
Buffers:          103632 kB
Cached:          1186948 kB
MemTotal:        1844596 kB
MemFree:          109028 kB
MemAvailable:    1382852 kB
Buffers:          103632 kB
Cached:          1186948 kB
MemTotal:        1844596 kB
MemFree:          108064 kB
MemAvailable:    1381888 kB
Buffers:          103632 kB
Cached:          1186948 kB
MemTotal:        1844596 kB
MemFree:          109032 kB
MemAvailable:    1382856 kB
Buffers:          103632 kB
Cached:          1186948 kB
MemTotal:        1844596 kB
MemFree:          109256 kB
MemAvailable:    1383080 kB
Buffers:          103632 kB
Cached:          1186948 kB
MemTotal:        1844596 kB
MemFree:          109036 kB
MemAvailable:    1382860 kB
Buffers:          103632 kB
Cached:          1186948 kB
MemTotal:        1844596 kB
MemFree:          109288 kB
MemAvailable:    1383112 kB
Buffers:          103632 kB
Cached:          1186948 kB
MemTotal:        1844596 kB
MemFree:          109008 kB
MemAvailable:    1382832 kB
Buffers:          103632 kB
Cached:          1186948 kB
MemTotal:        1844596 kB
MemFree:          108052 kB
MemAvailable:    1381876 kB
Buffers:          103632 kB
Cached:          1186948 kB
MemTotal:        1844596 kB
MemFree:          108904 kB
MemAvailable:    1382728 kB
Buffers:          103632 kB
Cached:          1186948 kB
MemTotal:        1844596 kB
MemFree:          109240 kB
MemAvailable:    1383064 kB
Buffers:          103632 kB
Cached:          1186948 kB
MemTotal:        1844596 kB
MemFree:          109032 kB
MemAvailable:    1382856 kB
Buffers:          103632 kB
Cached:          1186948 kB
MemTotal:        1844596 kB
MemFree:          109032 kB
MemAvailable:    1382856 kB
Buffers:          103632 kB
Cached:          1186948 kB
MemTotal:        1844596 kB
MemFree:          107768 kB
MemAvailable:    1381592 kB
Buffers:          103632 kB
Cached:          1186948 kB
MemTotal:        1844596 kB
MemFree:          109056 kB
MemAvailable:    1382880 kB
Buffers:          103632 kB
Cached:          1186948 kB
MemTotal:        1844596 kB
MemFree:          108320 kB
MemAvailable:    1382144 kB
Buffers:          103632 kB
Cached:          1186948 kB
MemTotal:        1844596 kB
MemFree:          109040 kB
MemAvailable:    1382864 kB
Buffers:          103632 kB
Cached:          1186948 kB
MemTotal:        1844596 kB
MemFree:          109000 kB
MemAvailable:    1382824 kB
Buffers:          103632 kB
Cached:          1186948 kB
MemTotal:        1844596 kB
MemFree:          109084 kB
MemAvailable:    1382908 kB
Buffers:          103632 kB
Cached:          1186948 kB
MemTotal:        1844596 kB
MemFree:          109116 kB
MemAvailable:    1382940 kB
Buffers:          103632 kB
Cached:          1186948 kB
MemTotal:        1844596 kB
MemFree:          107768 kB
MemAvailable:    1381592 kB
Buffers:          103632 kB
Cached:          1186948 kB
MemTotal:        1844596 kB
MemFree:          109068 kB
MemAvailable:    1382892 kB
Buffers:          103632 kB
Cached:          1186948 kB
MemTotal:        1844596 kB
MemFree:          106016 kB
MemAvailable:    1379840 kB
Buffers:          103632 kB
Cached:          1186948 kB
MemTotal:        1844596 kB
MemFree:          103228 kB
MemAvailable:    1377052 kB
Buffers:          103632 kB
Cached:          1186948 kB
MemTotal:        1844596 kB
MemFree:           99368 kB
MemAvailable:    1373192 kB
Buffers:          103632 kB
Cached:          1186948 kB
MemTotal:        1844596 kB
MemFree:           98888 kB
MemAvailable:    1372712 kB
Buffers:          103632 kB
Cached:          1186948 kB
MemTotal:        1844596 kB
MemFree:           94160 kB
MemAvailable:    1367984 kB
Buffers:          103632 kB
Cached:          1186948 kB
MemTotal:        1844596 kB
MemFree:           94248 kB
MemAvailable:    1368072 kB
Buffers:          103632 kB
Cached:          1186948 kB
MemTotal:        1844596 kB
MemFree:           88968 kB
MemAvailable:    1362804 kB
Buffers:          103632 kB
Cached:          1186960 kB
MemTotal:        1844596 kB
MemFree:           88712 kB
MemAvailable:    1362548 kB
Buffers:          103632 kB
Cached:          1186960 kB
MemTotal:        1844596 kB
MemFree:           89892 kB
MemAvailable:    1363728 kB
Buffers:          103632 kB
Cached:          1186960 kB
MemTotal:        1844596 kB
MemFree:           89580 kB
MemAvailable:    1363416 kB
Buffers:          103632 kB
Cached:          1186960 kB
MemTotal:        1844596 kB
MemFree:           89600 kB
MemAvailable:    1363436 kB
Buffers:          103632 kB
Cached:          1186960 kB
MemTotal:        1844596 kB
MemFree:           89696 kB
MemAvailable:    1363532 kB
Buffers:          103632 kB
Cached:          1186960 kB
MemTotal:        1844596 kB
MemFree:           89780 kB
MemAvailable:    1363616 kB
Buffers:          103632 kB
Cached:          1186960 kB
MemTotal:        1844596 kB
MemFree:           89508 kB
MemAvailable:    1363344 kB
Buffers:          103632 kB
Cached:          1186960 kB
MemTotal:        1844596 kB
MemFree:           89516 kB
MemAvailable:    1363352 kB
Buffers:          103632 kB
Cached:          1186960 kB
MemTotal:        1844596 kB
MemFree:           89524 kB
MemAvailable:    1363360 kB
Buffers:          103632 kB
Cached:          1186960 kB
MemTotal:        1844596 kB
MemFree:           89776 kB
MemAvailable:    1363612 kB
Buffers:          103632 kB
Cached:          1186960 kB
MemTotal:        1844596 kB
MemFree:           89700 kB
MemAvailable:    1363536 kB
Buffers:          103632 kB
Cached:          1186960 kB
MemTotal:        1844596 kB
MemFree:           88412 kB
MemAvailable:    1362248 kB
Buffers:          103632 kB
Cached:          1186960 kB
MemTotal:        1844596 kB
MemFree:           89648 kB
MemAvailable:    1363484 kB
Buffers:          103632 kB
Cached:          1186960 kB
MemTotal:        1844596 kB
MemFree:           88596 kB
MemAvailable:    1362432 kB
Buffers:          103632 kB
Cached:          1186960 kB
MemTotal:        1844596 kB
MemFree:           89320 kB
MemAvailable:    1363156 kB
Buffers:          103632 kB
Cached:          1186960 kB
MemTotal:        1844596 kB
MemFree:           89656 kB
MemAvailable:    1363492 kB
Buffers:          103632 kB
Cached:          1186960 kB
MemTotal:        1844596 kB
MemFree:           89272 kB
MemAvailable:    1363108 kB
Buffers:          103632 kB
Cached:          1186960 kB
MemTotal:        1844596 kB
MemFree:           89524 kB
MemAvailable:    1363360 kB
Buffers:          103632 kB
Cached:          1186960 kB
MemTotal:        1844596 kB
MemFree:           88052 kB
MemAvailable:    1361888 kB
Buffers:          103632 kB
Cached:          1186960 kB
MemTotal:        1844596 kB
MemFree:           89324 kB
MemAvailable:    1363160 kB
Buffers:          103632 kB
Cached:          1186960 kB
MemTotal:        1844596 kB
MemFree:           89464 kB
MemAvailable:    1363300 kB
Buffers:          103632 kB
Cached:          1186960 kB
MemTotal:        1844596 kB
MemFree:           89344 kB
MemAvailable:    1363180 kB
Buffers:          103632 kB
Cached:          1186960 kB
MemTotal:        1844596 kB
MemFree:           89340 kB
MemAvailable:    1363176 kB
Buffers:          103632 kB
Cached:          1186960 kB
MemTotal:        1844596 kB
MemFree:           88472 kB
MemAvailable:    1362308 kB
Buffers:          103632 kB
Cached:          1186960 kB
MemTotal:        1844596 kB
MemFree:           89028 kB
MemAvailable:    1362868 kB
Buffers:          103632 kB
Cached:          1186964 kB
MemTotal:        1844596 kB
MemFree:           88464 kB
MemAvailable:    1362304 kB
Buffers:          103632 kB
Cached:          1186964 kB
MemTotal:        1844596 kB
MemFree:           88108 kB
MemAvailable:    1361948 kB
Buffers:          103632 kB
Cached:          1186964 kB
MemTotal:        1844596 kB
MemFree:           84316 kB
MemAvailable:    1358156 kB
Buffers:          103632 kB
Cached:          1186964 kB
MemTotal:        1844596 kB
MemFree:           83388 kB
MemAvailable:    1357228 kB
Buffers:          103632 kB
Cached:          1186964 kB
MemTotal:        1844596 kB
MemFree:           78644 kB
MemAvailable:    1352484 kB
Buffers:          103632 kB
Cached:          1186964 kB
MemTotal:        1844596 kB
MemFree:           79480 kB
MemAvailable:    1353320 kB
Buffers:          103632 kB
Cached:          1186964 kB
MemTotal:        1844596 kB
MemFree:           79156 kB
MemAvailable:    1352996 kB
Buffers:          103632 kB
Cached:          1186964 kB
MemTotal:        1844596 kB
MemFree:           79240 kB
MemAvailable:    1353080 kB
Buffers:          103632 kB
Cached:          1186964 kB
MemTotal:        1844596 kB
MemFree:           76196 kB
MemAvailable:    1350036 kB
Buffers:          103632 kB
Cached:          1186964 kB
MemTotal:        1844596 kB
MemFree:           77180 kB
MemAvailable:    1351020 kB
Buffers:          103632 kB
Cached:          1186964 kB
MemTotal:        1844596 kB
MemFree:           77072 kB
MemAvailable:    1350912 kB
Buffers:          103632 kB
Cached:          1186964 kB
MemTotal:        1844596 kB
MemFree:           77048 kB
MemAvailable:    1350888 kB
Buffers:          103632 kB
Cached:          1186964 kB
MemTotal:        1844596 kB
MemFree:           76940 kB
MemAvailable:    1350780 kB
Buffers:          103632 kB
Cached:          1186964 kB
MemTotal:        1844596 kB
MemFree:           77008 kB
MemAvailable:    1350848 kB
Buffers:          103632 kB
Cached:          1186964 kB
MemTotal:        1844596 kB
MemFree:           75636 kB
MemAvailable:    1349476 kB
Buffers:          103632 kB
Cached:          1186964 kB
MemTotal:        1844596 kB
MemFree:           76744 kB
MemAvailable:    1350836 kB
Buffers:          103632 kB
Cached:          1187212 kB
MemTotal:        1844596 kB
MemFree:           76912 kB
MemAvailable:    1351004 kB
Buffers:          103632 kB
Cached:          1187212 kB
MemTotal:        1844596 kB
MemFree:           76420 kB
MemAvailable:    1350680 kB
Buffers:          103632 kB
Cached:          1187336 kB
MemTotal:        1844596 kB
MemFree:           76756 kB
MemAvailable:    1351016 kB
Buffers:          103632 kB
Cached:          1187460 kB
MemTotal:        1844596 kB
MemFree:           75312 kB
MemAvailable:    1349740 kB
Buffers:          103632 kB
Cached:          1187584 kB
MemTotal:        1844596 kB
MemFree:           75312 kB
MemAvailable:    1349740 kB
Buffers:          103632 kB
Cached:          1187584 kB
MemTotal:        1844596 kB
MemFree:           75560 kB
MemAvailable:    1349988 kB
Buffers:          103632 kB
Cached:          1187584 kB
MemTotal:        1844596 kB
MemFree:           75204 kB
MemAvailable:    1349632 kB
Buffers:          103632 kB
Cached:          1187584 kB
MemTotal:        1844596 kB
MemFree:           75328 kB
MemAvailable:    1349756 kB
Buffers:          103632 kB
Cached:          1187584 kB
MemTotal:        1844596 kB
MemFree:           76436 kB
MemAvailable:    1350864 kB
Buffers:          103632 kB
Cached:          1187584 kB
MemTotal:        1844596 kB
MemFree:           76436 kB
MemAvailable:    1350864 kB
Buffers:          103632 kB
Cached:          1187584 kB
MemTotal:        1844596 kB
MemFree:           76476 kB
MemAvailable:    1350904 kB
Buffers:          103632 kB
Cached:          1187584 kB
MemTotal:        1844596 kB
MemFree:           76320 kB
MemAvailable:    1350832 kB
Buffers:          103632 kB
Cached:          1187708 kB
MemTotal:        1844596 kB
MemFree:           74700 kB
MemAvailable:    1348540 kB
Buffers:          103632 kB
Cached:          1186992 kB
MemTotal:        1844596 kB
MemFree:          114388 kB
MemAvailable:    1388228 kB
Buffers:          103632 kB
Cached:          1186992 kB
MemTotal:        1844596 kB
MemFree:          258444 kB
MemAvailable:    1532284 kB
Buffers:          103632 kB
Cached:          1186992 kB
