MemTotal:        1844596 kB
MemFree:          777508 kB
MemAvailable:    1547312 kB
Buffers:           87724 kB
Cached:           708916 kB
MemTotal:        1844596 kB
MemFree:          750452 kB
MemAvailable:    1520260 kB
Buffers:           87724 kB
Cached:           708920 kB
MemTotal:        1844596 kB
MemFree:          750120 kB
MemAvailable:    1519928 kB
Buffers:           87724 kB
Cached:           708920 kB
MemTotal:        1844596 kB
MemFree:          748864 kB
MemAvailable:    1518672 kB
Buffers:           87724 kB
Cached:           708920 kB
MemTotal:        1844596 kB
MemFree:          748508 kB
MemAvailable:    1518316 kB
Buffers:           87724 kB
Cached:           708920 kB
MemTotal:        1844596 kB
MemFree:          746648 kB
MemAvailable:    1516456 kB
Buffers:           87724 kB
Cached:           708920 kB
MemTotal:        1844596 kB
MemFree:          745400 kB
MemAvailable:    1515208 kB
Buffers:           87724 kB
Cached:           708920 kB
MemTotal:        1844596 kB
MemFree:          742308 kB
MemAvailable:    1512116 kB
Buffers:           87724 kB
Cached:           708920 kB
MemTotal:        1844596 kB
MemFree:          739456 kB
MemAvailable:    1509264 kB
Buffers:           87724 kB
Cached:           708920 kB
MemTotal:        1844596 kB
MemFree:          736976 kB
MemAvailable:    1506784 kB
Buffers:           87724 kB
Cached:           708920 kB
MemTotal:        1844596 kB
MemFree:          736420 kB
MemAvailable:    1506228 kB
Buffers:           87724 kB
Cached:           708920 kB
MemTotal:        1844596 kB
MemFree:          737696 kB
MemAvailable:    1507504 kB
Buffers:           87724 kB
Cached:           708920 kB
MemTotal:        1844596 kB
MemFree:          737232 kB
MemAvailable:    1507040 kB
Buffers:           87724 kB
Cached:           708920 kB
MemTotal:        1844596 kB
MemFree:          736680 kB
MemAvailable:    1506488 kB
Buffers:           87724 kB
Cached:           708920 kB
MemTotal:        1844596 kB
MemFree:          736336 kB
MemAvailable:    1506144 kB
Buffers:           87724 kB
Cached:           708920 kB
MemTotal:        1844596 kB
MemFree:          737312 kB
MemAvailable:    1507120 kB
Buffers:           87724 kB
Cached:           708920 kB
MemTotal:        1844596 kB
MemFree:          737312 kB
MemAvailable:    1507120 kB
Buffers:           87724 kB
Cached:           708920 kB
MemTotal:        1844596 kB
MemFree:          737044 kB
MemAvailable:    1506852 kB
Buffers:           87724 kB
Cached:           708920 kB
MemTotal:        1844596 kB
MemFree:          736240 kB
MemAvailable:    1506048 kB
Buffers:           87724 kB
Cached:           708920 kB
MemTotal:        1844596 kB
MemFree:          736968 kB
MemAvailable:    1506776 kB
Buffers:           87724 kB
Cached:           708920 kB
MemTotal:        1844596 kB
MemFree:          737224 kB
MemAvailable:    1507032 kB
Buffers:           87724 kB
Cached:           708920 kB
MemTotal:        1844596 kB
MemFree:          735728 kB
MemAvailable:    1505536 kB
Buffers:           87724 kB
Cached:           708920 kB
MemTotal:        1844596 kB
MemFree:          737092 kB
MemAvailable:    1506900 kB
Buffers:           87724 kB
Cached:           708920 kB
MemTotal:        1844596 kB
MemFree:          736480 kB
MemAvailable:    1506288 kB
Buffers:           87724 kB
Cached:           708920 kB
MemTotal:        1844596 kB
MemFree:          736596 kB
MemAvailable:    1506404 kB
Buffers:           87724 kB
Cached:           708920 kB
MemTotal:        1844596 kB
MemFree:          734992 kB
MemAvailable:    1504800 kB
Buffers:           87724 kB
Cached:           708920 kB
MemTotal:        1844596 kB
MemFree:          735844 kB
MemAvailable:    1505652 kB
Buffers:           87724 kB
Cached:           708920 kB
MemTotal:        1844596 kB
MemFree:          735844 kB
MemAvailable:    1505652 kB
Buffers:           87724 kB
Cached:           708920 kB
MemTotal:        1844596 kB
MemFree:          734968 kB
MemAvailable:    1504776 kB
Buffers:           87724 kB
Cached:           708920 kB
MemTotal:        1844596 kB
MemFree:          734488 kB
MemAvailable:    1504296 kB
Buffers:           87724 kB
Cached:           708920 kB
MemTotal:        1844596 kB
MemFree:          733440 kB
MemAvailable:    1503248 kB
Buffers:           87724 kB
Cached:           708920 kB
MemTotal:        1844596 kB
MemFree:          734740 kB
MemAvailable:    1504548 kB
Buffers:           87724 kB
Cached:           708920 kB
MemTotal:        1844596 kB
MemFree:          733760 kB
MemAvailable:    1503568 kB
Buffers:           87724 kB
Cached:           708920 kB
MemTotal:        1844596 kB
MemFree:          734480 kB
MemAvailable:    1504288 kB
Buffers:           87724 kB
Cached:           708920 kB
MemTotal:        1844596 kB
MemFree:          733752 kB
MemAvailable:    1503560 kB
Buffers:           87724 kB
Cached:           708920 kB
MemTotal:        1844596 kB
MemFree:          733380 kB
MemAvailable:    1503188 kB
Buffers:           87724 kB
Cached:           708920 kB
MemTotal:        1844596 kB
MemFree:          733372 kB
MemAvailable:    1503180 kB
Buffers:           87724 kB
Cached:           708920 kB
MemTotal:        1844596 kB
MemFree:          733372 kB
MemAvailable:    1503180 kB
Buffers:           87724 kB
Cached:           708920 kB
MemTotal:        1844596 kB
MemFree:          733580 kB
MemAvailable:    1503388 kB
Buffers:           87724 kB
Cached:           708920 kB
MemTotal:        1844596 kB
MemFree:          731396 kB
MemAvailable:    1501204 kB
Buffers:           87724 kB
Cached:           708920 kB
MemTotal:        1844596 kB
MemFree:          729464 kB
MemAvailable:    1499272 kB
Buffers:           87724 kB
Cached:           708920 kB
MemTotal:        1844596 kB
MemFree:          728304 kB
MemAvailable:    1498112 kB
Buffers:           87724 kB
Cached:           708920 kB
MemTotal:        1844596 kB
MemFree:          729116 kB
MemAvailable:    1498928 kB
Buffers:           87724 kB
Cached:           708924 kB
MemTotal:        1844596 kB
MemFree:          728504 kB
MemAvailable:    1498316 kB
Buffers:           87724 kB
Cached:           708924 kB
MemTotal:        1844596 kB
MemFree:          729116 kB
MemAvailable:    1498928 kB
Buffers:           87724 kB
Cached:           708924 kB
MemTotal:        1844596 kB
MemFree:          727788 kB
MemAvailable:    1497600 kB
Buffers:           87724 kB
Cached:           708924 kB
MemTotal:        1844596 kB
MemFree:          728888 kB
MemAvailable:    1498700 kB
Buffers:           87724 kB
Cached:           708924 kB
MemTotal:        1844596 kB
MemFree:          728668 kB
MemAvailable:    1498480 kB
Buffers:           87724 kB
Cached:           708924 kB
MemTotal:        1844596 kB
MemFree:          727744 kB
MemAvailable:    1497556 kB
Buffers:           87724 kB
Cached:           708924 kB
MemTotal:        1844596 kB
MemFree:          727744 kB
MemAvailable:    1497556 kB
Buffers:           87724 kB
Cached:           708924 kB
MemTotal:        1844596 kB
MemFree:          728984 kB
MemAvailable:    1498796 kB
Buffers:           87724 kB
Cached:           708924 kB
MemTotal:        1844596 kB
MemFree:          727924 kB
MemAvailable:    1497736 kB
Buffers:           87724 kB
Cached:           708924 kB
MemTotal:        1844596 kB
MemFree:          727512 kB
MemAvailable:    1497324 kB
Buffers:           87724 kB
Cached:           708924 kB
MemTotal:        1844596 kB
MemFree:          728728 kB
MemAvailable:    1498540 kB
Buffers:           87724 kB
Cached:           708924 kB
MemTotal:        1844596 kB
MemFree:          727676 kB
MemAvailable:    1497488 kB
Buffers:           87724 kB
Cached:           708924 kB
MemTotal:        1844596 kB
MemFree:          727660 kB
MemAvailable:    1497472 kB
Buffers:           87724 kB
Cached:           708924 kB
MemTotal:        1844596 kB
MemFree:          726932 kB
MemAvailable:    1496744 kB
Buffers:           87724 kB
Cached:           708924 kB
MemTotal:        1844596 kB
MemFree:          723212 kB
MemAvailable:    1493024 kB
Buffers:           87724 kB
Cached:           708924 kB
MemTotal:        1844596 kB
MemFree:          721840 kB
MemAvailable:    1491652 kB
Buffers:           87724 kB
Cached:           708924 kB
MemTotal:        1844596 kB
MemFree:          721352 kB
MemAvailable:    1491164 kB
Buffers:           87724 kB
Cached:           708924 kB
MemTotal:        1844596 kB
MemFree:          722584 kB
MemAvailable:    1492396 kB
Buffers:           87724 kB
Cached:           708924 kB
MemTotal:        1844596 kB
MemFree:          719740 kB
MemAvailable:    1489552 kB
Buffers:           87724 kB
Cached:           708924 kB
MemTotal:        1844596 kB
MemFree:          720528 kB
MemAvailable:    1490340 kB
Buffers:           87724 kB
Cached:           708924 kB
MemTotal:        1844596 kB
MemFree:          719236 kB
MemAvailable:    1489048 kB
Buffers:           87724 kB
Cached:           708924 kB
MemTotal:        1844596 kB
MemFree:          718976 kB
MemAvailable:    1488788 kB
Buffers:           87724 kB
Cached:           708924 kB
MemTotal:        1844596 kB
MemFree:          719348 kB
MemAvailable:    1489160 kB
Buffers:           87724 kB
Cached:           708924 kB
MemTotal:        1844596 kB
MemFree:          718976 kB
MemAvailable:    1488788 kB
Buffers:           87724 kB
Cached:           708924 kB
MemTotal:        1844596 kB
MemFree:          719100 kB
MemAvailable:    1488912 kB
Buffers:           87724 kB
Cached:           708924 kB
MemTotal:        1844596 kB
MemFree:          720332 kB
MemAvailable:    1490144 kB
Buffers:           87724 kB
Cached:           708924 kB
MemTotal:        1844596 kB
MemFree:          718968 kB
MemAvailable:    1488780 kB
Buffers:           87724 kB
Cached:           708924 kB
MemTotal:        1844596 kB
MemFree:          720084 kB
MemAvailable:    1489896 kB
Buffers:           87724 kB
Cached:           708924 kB
MemTotal:        1844596 kB
MemFree:          720096 kB
MemAvailable:    1489908 kB
Buffers:           87724 kB
Cached:           708924 kB
MemTotal:        1844596 kB
MemFree:          719892 kB
MemAvailable:    1489704 kB
Buffers:           87724 kB
Cached:           708924 kB
MemTotal:        1844596 kB
MemFree:          720228 kB
MemAvailable:    1490040 kB
Buffers:           87724 kB
Cached:           708924 kB
MemTotal:        1844596 kB
MemFree:          718684 kB
MemAvailable:    1488496 kB
Buffers:           87724 kB
Cached:           708924 kB
MemTotal:        1844596 kB
MemFree:          718560 kB
MemAvailable:    1488372 kB
Buffers:           87724 kB
Cached:           708924 kB
MemTotal:        1844596 kB
MemFree:          718808 kB
MemAvailable:    1488620 kB
Buffers:           87724 kB
Cached:           708924 kB
MemTotal:        1844596 kB
MemFree:          718588 kB
MemAvailable:    1488400 kB
Buffers:           87724 kB
Cached:           708924 kB
MemTotal:        1844596 kB
MemFree:          718424 kB
MemAvailable:    1488236 kB
Buffers:           87724 kB
Cached:           708924 kB
MemTotal:        1844596 kB
MemFree:          718584 kB
MemAvailable:    1488396 kB
Buffers:           87724 kB
Cached:           708924 kB
MemTotal:        1844596 kB
MemFree:          718708 kB
MemAvailable:    1488520 kB
Buffers:           87724 kB
Cached:           708924 kB
MemTotal:        1844596 kB
MemFree:          718624 kB
MemAvailable:    1488436 kB
Buffers:           87724 kB
Cached:           708924 kB
MemTotal:        1844596 kB
MemFree:          715276 kB
MemAvailable:    1485088 kB
Buffers:           87724 kB
Cached:           708924 kB
MemTotal:        1844596 kB
MemFree:          711664 kB
MemAvailable:    1481476 kB
Buffers:           87724 kB
Cached:           708924 kB
MemTotal:        1844596 kB
MemFree:          711432 kB
MemAvailable:    1481244 kB
Buffers:           87724 kB
Cached:           708924 kB
MemTotal:        1844596 kB
MemFree:          711428 kB
MemAvailable:    1481240 kB
Buffers:           87724 kB
Cached:           708924 kB
MemTotal:        1844596 kB
MemFree:          710572 kB
MemAvailable:    1480384 kB
Buffers:           87724 kB
Cached:           708924 kB
MemTotal:        1844596 kB
MemFree:          711244 kB
MemAvailable:    1481060 kB
Buffers:           87724 kB
Cached:           708928 kB
MemTotal:        1844596 kB
MemFree:          711184 kB
MemAvailable:    1481000 kB
Buffers:           87724 kB
Cached:           708928 kB
MemTotal:        1844596 kB
MemFree:          711112 kB
MemAvailable:    1480928 kB
Buffers:           87724 kB
Cached:           708928 kB
MemTotal:        1844596 kB
MemFree:          710564 kB
MemAvailable:    1480380 kB
Buffers:           87724 kB
Cached:           708928 kB
MemTotal:        1844596 kB
MemFree:          709804 kB
MemAvailable:    1479620 kB
Buffers:           87724 kB
Cached:           708928 kB
MemTotal:        1844596 kB
MemFree:          710012 kB
MemAvailable:    1479828 kB
Buffers:           87724 kB
Cached:           708928 kB
MemTotal:        1844596 kB
MemFree:          709800 kB
MemAvailable:    1479616 kB
Buffers:           87724 kB
Cached:           708928 kB
MemTotal:        1844596 kB
MemFree:          709696 kB
MemAvailable:    1479516 kB
Buffers:           87724 kB
Cached:           708932 kB
MemTotal:        1844596 kB
MemFree:          709820 kB
MemAvailable:    1479640 kB
Buffers:           87724 kB
Cached:           708932 kB
MemTotal:        1844596 kB
MemFree:          711012 kB
MemAvailable:    1480832 kB
Buffers:           87724 kB
Cached:           708932 kB
MemTotal:        1844596 kB
MemFree:          711268 kB
MemAvailable:    1481088 kB
Buffers:           87724 kB
Cached:           708932 kB
MemTotal:        1844596 kB
MemFree:          711184 kB
MemAvailable:    1481004 kB
Buffers:           87724 kB
Cached:           708932 kB
MemTotal:        1844596 kB
MemFree:          709896 kB
MemAvailable:    1479716 kB
Buffers:           87724 kB
Cached:           708932 kB
MemTotal:        1844596 kB
MemFree:          709820 kB
MemAvailable:    1479640 kB
Buffers:           87724 kB
Cached:           708932 kB
MemTotal:        1844596 kB
MemFree:          711120 kB
MemAvailable:    1480940 kB
Buffers:           87724 kB
Cached:           708932 kB
MemTotal:        1844596 kB
MemFree:          709896 kB
MemAvailable:    1479716 kB
Buffers:           87724 kB
Cached:           708932 kB
MemTotal:        1844596 kB
MemFree:          711060 kB
MemAvailable:    1480880 kB
Buffers:           87724 kB
Cached:           708932 kB
MemTotal:        1844596 kB
MemFree:          710324 kB
MemAvailable:    1480144 kB
Buffers:           87724 kB
Cached:           708932 kB
MemTotal:        1844596 kB
MemFree:          710964 kB
MemAvailable:    1480784 kB
Buffers:           87724 kB
Cached:           708932 kB
MemTotal:        1844596 kB
MemFree:          710936 kB
MemAvailable:    1480756 kB
Buffers:           87724 kB
Cached:           708932 kB
MemTotal:        1844596 kB
MemFree:          711172 kB
MemAvailable:    1480992 kB
Buffers:           87724 kB
Cached:           708932 kB
MemTotal:        1844596 kB
MemFree:          709760 kB
MemAvailable:    1479580 kB
Buffers:           87724 kB
Cached:           708932 kB
MemTotal:        1844596 kB
MemFree:          711120 kB
MemAvailable:    1480940 kB
Buffers:           87724 kB
Cached:           708932 kB
MemTotal:        1844596 kB
MemFree:          710316 kB
MemAvailable:    1480136 kB
Buffers:           87724 kB
Cached:           708932 kB
MemTotal:        1844596 kB
MemFree:          711104 kB
MemAvailable:    1480924 kB
Buffers:           87724 kB
Cached:           708932 kB
MemTotal:        1844596 kB
MemFree:          709780 kB
MemAvailable:    1479600 kB
Buffers:           87724 kB
Cached:           708932 kB
MemTotal:        1844596 kB
MemFree:          711080 kB
MemAvailable:    1480900 kB
Buffers:           87724 kB
Cached:           708932 kB
MemTotal:        1844596 kB
MemFree:          709772 kB
MemAvailable:    1479592 kB
Buffers:           87724 kB
Cached:           708932 kB
MemTotal:        1844596 kB
MemFree:          710812 kB
MemAvailable:    1480632 kB
Buffers:           87724 kB
Cached:           708932 kB
MemTotal:        1844596 kB
MemFree:          710940 kB
MemAvailable:    1480760 kB
Buffers:           87724 kB
Cached:           708932 kB
MemTotal:        1844596 kB
MemFree:          711108 kB
MemAvailable:    1480928 kB
Buffers:           87724 kB
Cached:           708932 kB
MemTotal:        1844596 kB
MemFree:          711228 kB
MemAvailable:    1481048 kB
Buffers:           87724 kB
Cached:           708932 kB
MemTotal:        1844596 kB
MemFree:          709644 kB
MemAvailable:    1479464 kB
Buffers:           87724 kB
Cached:           708932 kB
MemTotal:        1844596 kB
MemFree:          709768 kB
MemAvailable:    1479588 kB
Buffers:           87724 kB
Cached:           708932 kB
MemTotal:        1844596 kB
MemFree:          709012 kB
MemAvailable:    1478832 kB
Buffers:           87724 kB
Cached:           708932 kB
MemTotal:        1844596 kB
MemFree:          704984 kB
MemAvailable:    1474804 kB
Buffers:           87724 kB
Cached:           708932 kB
MemTotal:        1844596 kB
MemFree:          700132 kB
MemAvailable:    1469952 kB
Buffers:           87724 kB
Cached:           708932 kB
MemTotal:        1844596 kB
MemFree:          699476 kB
MemAvailable:    1469296 kB
Buffers:           87724 kB
Cached:           708932 kB
MemTotal:        1844596 kB
MemFree:          700092 kB
MemAvailable:    1469912 kB
Buffers:           87724 kB
Cached:           708932 kB
MemTotal:        1844596 kB
MemFree:          700024 kB
MemAvailable:    1469844 kB
Buffers:           87724 kB
Cached:           708932 kB
MemTotal:        1844596 kB
MemFree:          698908 kB
MemAvailable:    1468728 kB
Buffers:           87724 kB
Cached:           708932 kB
MemTotal:        1844596 kB
MemFree:          700232 kB
MemAvailable:    1470052 kB
Buffers:           87724 kB
Cached:           708932 kB
MemTotal:        1844596 kB
MemFree:          699108 kB
MemAvailable:    1468928 kB
Buffers:           87724 kB
Cached:           708932 kB
MemTotal:        1844596 kB
MemFree:          700324 kB
MemAvailable:    1470144 kB
Buffers:           87724 kB
Cached:           708932 kB
MemTotal:        1844596 kB
MemFree:          700396 kB
MemAvailable:    1470216 kB
Buffers:           87724 kB
Cached:           708932 kB
MemTotal:        1844596 kB
MemFree:          700160 kB
MemAvailable:    1469980 kB
Buffers:           87724 kB
Cached:           708932 kB
MemTotal:        1844596 kB
MemFree:          699020 kB
MemAvailable:    1468840 kB
Buffers:           87724 kB
Cached:           708932 kB
MemTotal:        1844596 kB
MemFree:          700208 kB
MemAvailable:    1470028 kB
Buffers:           87724 kB
Cached:           708932 kB
MemTotal:        1844596 kB
MemFree:          699536 kB
MemAvailable:    1469356 kB
Buffers:           87724 kB
Cached:           708932 kB
MemTotal:        1844596 kB
MemFree:          698908 kB
MemAvailable:    1468732 kB
Buffers:           87724 kB
Cached:           708936 kB
MemTotal:        1844596 kB
MemFree:          699032 kB
MemAvailable:    1468856 kB
Buffers:           87724 kB
Cached:           708936 kB
MemTotal:        1844596 kB
MemFree:          698908 kB
MemAvailable:    1468732 kB
Buffers:           87724 kB
Cached:           708936 kB
MemTotal:        1844596 kB
MemFree:          700376 kB
MemAvailable:    1470200 kB
Buffers:           87724 kB
Cached:           708936 kB
MemTotal:        1844596 kB
MemFree:          700348 kB
MemAvailable:    1470172 kB
Buffers:           87724 kB
Cached:           708936 kB
MemTotal:        1844596 kB
MemFree:          699032 kB
MemAvailable:    1468856 kB
Buffers:           87724 kB
Cached:           708936 kB
MemTotal:        1844596 kB
MemFree:          698984 kB
MemAvailable:    1468808 kB
Buffers:           87724 kB
Cached:           708936 kB
MemTotal:        1844596 kB
MemFree:          700196 kB
MemAvailable:    1470020 kB
Buffers:           87724 kB
Cached:           708936 kB
MemTotal:        1844596 kB
MemFree:          699956 kB
MemAvailable:    1469780 kB
Buffers:           87724 kB
Cached:           708936 kB
MemTotal:        1844596 kB
MemFree:          699844 kB
MemAvailable:    1469668 kB
Buffers:           87724 kB
Cached:           708936 kB
MemTotal:        1844596 kB
MemFree:          698620 kB
MemAvailable:    1468444 kB
Buffers:           87724 kB
Cached:           708936 kB
MemTotal:        1844596 kB
MemFree:          700200 kB
MemAvailable:    1470024 kB
Buffers:           87724 kB
Cached:           708936 kB
MemTotal:        1844596 kB
MemFree:          700232 kB
MemAvailable:    1470056 kB
Buffers:           87724 kB
Cached:           708936 kB
MemTotal:        1844596 kB
MemFree:          700132 kB
MemAvailable:    1469956 kB
Buffers:           87724 kB
Cached:           708936 kB
MemTotal:        1844596 kB
MemFree:          700148 kB
MemAvailable:    1469972 kB
Buffers:           87724 kB
Cached:           708936 kB
MemTotal:        1844596 kB
MemFree:          700260 kB
MemAvailable:    1470084 kB
Buffers:           87724 kB
Cached:           708936 kB
MemTotal:        1844596 kB
MemFree:          698972 kB
MemAvailable:    1468796 kB
Buffers:           87724 kB
Cached:           708936 kB
MemTotal:        1844596 kB
MemFree:          700292 kB
MemAvailable:    1470116 kB
Buffers:           87724 kB
Cached:           708936 kB
MemTotal:        1844596 kB
MemFree:          700200 kB
MemAvailable:    1470024 kB
Buffers:           87724 kB
Cached:           708936 kB
MemTotal:        1844596 kB
MemFree:          700064 kB
MemAvailable:    1469888 kB
Buffers:           87724 kB
Cached:           708936 kB
MemTotal:        1844596 kB
MemFree:          700316 kB
MemAvailable:    1470140 kB
Buffers:           87724 kB
Cached:           708936 kB
MemTotal:        1844596 kB
MemFree:          700092 kB
MemAvailable:    1469916 kB
Buffers:           87724 kB
Cached:           708936 kB
MemTotal:        1844596 kB
MemFree:          698976 kB
MemAvailable:    1468800 kB
Buffers:           87724 kB
Cached:           708936 kB
MemTotal:        1844596 kB
MemFree:          699100 kB
MemAvailable:    1468924 kB
Buffers:           87724 kB
Cached:           708936 kB
MemTotal:        1844596 kB
MemFree:          699100 kB
MemAvailable:    1468924 kB
Buffers:           87724 kB
Cached:           708936 kB
MemTotal:        1844596 kB
MemFree:          700336 kB
MemAvailable:    1470160 kB
Buffers:           87724 kB
Cached:           708936 kB
MemTotal:        1844596 kB
MemFree:          700244 kB
MemAvailable:    1470068 kB
Buffers:           87724 kB
Cached:           708936 kB
MemTotal:        1844596 kB
MemFree:          698868 kB
MemAvailable:    1468696 kB
Buffers:           87724 kB
Cached:           708940 kB
MemTotal:        1844596 kB
MemFree:          700236 kB
MemAvailable:    1470064 kB
Buffers:           87724 kB
Cached:           708940 kB
MemTotal:        1844596 kB
MemFree:          700272 kB
MemAvailable:    1470100 kB
Buffers:           87724 kB
Cached:           708940 kB
MemTotal:        1844596 kB
MemFree:          700252 kB
MemAvailable:    1470080 kB
Buffers:           87724 kB
Cached:           708940 kB
MemTotal:        1844596 kB
MemFree:          700396 kB
MemAvailable:    1470224 kB
Buffers:           87724 kB
Cached:           708940 kB
MemTotal:        1844596 kB
MemFree:          700256 kB
MemAvailable:    1470084 kB
Buffers:           87724 kB
Cached:           708940 kB
MemTotal:        1844596 kB
MemFree:          698660 kB
MemAvailable:    1468488 kB
Buffers:           87724 kB
Cached:           708940 kB
MemTotal:        1844596 kB
MemFree:          699388 kB
MemAvailable:    1469216 kB
Buffers:           87724 kB
Cached:           708940 kB
MemTotal:        1844596 kB
MemFree:          699388 kB
MemAvailable:    1469216 kB
Buffers:           87724 kB
Cached:           708940 kB
MemTotal:        1844596 kB
MemFree:          697900 kB
MemAvailable:    1467728 kB
Buffers:           87724 kB
Cached:           708940 kB
MemTotal:        1844596 kB
MemFree:          697900 kB
MemAvailable:    1467728 kB
Buffers:           87724 kB
Cached:           708940 kB
MemTotal:        1844596 kB
MemFree:          697900 kB
MemAvailable:    1467728 kB
Buffers:           87724 kB
Cached:           708940 kB
MemTotal:        1844596 kB
MemFree:          698944 kB
MemAvailable:    1468772 kB
Buffers:           87724 kB
Cached:           708940 kB
MemTotal:        1844596 kB
MemFree:          697768 kB
MemAvailable:    1467596 kB
Buffers:           87724 kB
Cached:           708940 kB
MemTotal:        1844596 kB
MemFree:          699124 kB
MemAvailable:    1468952 kB
Buffers:           87724 kB
Cached:           708940 kB
MemTotal:        1844596 kB
MemFree:          699068 kB
MemAvailable:    1468896 kB
Buffers:           87724 kB
Cached:           708940 kB
MemTotal:        1844596 kB
MemFree:          697892 kB
MemAvailable:    1467720 kB
Buffers:           87724 kB
Cached:           708940 kB
MemTotal:        1844596 kB
MemFree:          697784 kB
MemAvailable:    1467612 kB
Buffers:           87724 kB
Cached:           708940 kB
MemTotal:        1844596 kB
MemFree:          698960 kB
MemAvailable:    1468788 kB
Buffers:           87724 kB
Cached:           708940 kB
MemTotal:        1844596 kB
MemFree:          697420 kB
MemAvailable:    1467248 kB
Buffers:           87724 kB
Cached:           708940 kB
MemTotal:        1844596 kB
MemFree:          698612 kB
MemAvailable:    1468440 kB
Buffers:           87724 kB
Cached:           708940 kB
MemTotal:        1844596 kB
MemFree:          697028 kB
MemAvailable:    1466856 kB
Buffers:           87724 kB
Cached:           708940 kB
MemTotal:        1844596 kB
MemFree:          698512 kB
MemAvailable:    1468340 kB
Buffers:           87724 kB
Cached:           708940 kB
MemTotal:        1844596 kB
MemFree:          698164 kB
MemAvailable:    1467992 kB
Buffers:           87724 kB
Cached:           708940 kB
MemTotal:        1844596 kB
MemFree:          698732 kB
MemAvailable:    1468560 kB
Buffers:           87724 kB
Cached:           708940 kB
MemTotal:        1844596 kB
MemFree:          698632 kB
MemAvailable:    1468460 kB
Buffers:           87724 kB
Cached:           708940 kB
MemTotal:        1844596 kB
MemFree:          698528 kB
MemAvailable:    1468356 kB
Buffers:           87724 kB
Cached:           708940 kB
MemTotal:        1844596 kB
MemFree:          698480 kB
MemAvailable:    1468308 kB
Buffers:           87724 kB
Cached:           708940 kB
MemTotal:        1844596 kB
MemFree:          698648 kB
MemAvailable:    1468476 kB
Buffers:           87724 kB
Cached:           708940 kB
MemTotal:        1844596 kB
MemFree:          697112 kB
MemAvailable:    1466940 kB
Buffers:           87724 kB
Cached:           708940 kB
MemTotal:        1844596 kB
MemFree:          697104 kB
MemAvailable:    1466932 kB
Buffers:           87724 kB
Cached:           708940 kB
MemTotal:        1844596 kB
MemFree:          696676 kB
MemAvailable:    1466504 kB
Buffers:           87724 kB
Cached:           708940 kB
MemTotal:        1844596 kB
MemFree:          693948 kB
MemAvailable:    1463776 kB
Buffers:           87724 kB
Cached:           708940 kB
MemTotal:        1844596 kB
MemFree:          689856 kB
MemAvailable:    1459684 kB
Buffers:           87724 kB
Cached:           708940 kB
MemTotal:        1844596 kB
MemFree:          687128 kB
MemAvailable:    1456956 kB
Buffers:           87724 kB
Cached:           708940 kB
MemTotal:        1844596 kB
MemFree:          686632 kB
MemAvailable:    1456460 kB
Buffers:           87724 kB
Cached:           708940 kB
MemTotal:        1844596 kB
MemFree:          686012 kB
MemAvailable:    1455840 kB
Buffers:           87724 kB
Cached:           708940 kB
MemTotal:        1844596 kB
MemFree:          686988 kB
MemAvailable:    1456816 kB
Buffers:           87724 kB
Cached:           708940 kB
MemTotal:        1844596 kB
MemFree:          686632 kB
MemAvailable:    1456460 kB
Buffers:           87724 kB
Cached:           708940 kB
MemTotal:        1844596 kB
MemFree:          686700 kB
MemAvailable:    1456528 kB
Buffers:           87724 kB
Cached:           708940 kB
MemTotal:        1844596 kB
MemFree:          685328 kB
MemAvailable:    1455156 kB
Buffers:           87724 kB
Cached:           708940 kB
MemTotal:        1844596 kB
MemFree:          685252 kB
MemAvailable:    1455080 kB
Buffers:           87724 kB
Cached:           708940 kB
MemTotal:        1844596 kB
MemFree:          685336 kB
MemAvailable:    1455164 kB
Buffers:           87724 kB
Cached:           708940 kB
MemTotal:        1844596 kB
MemFree:          684648 kB
MemAvailable:    1454476 kB
Buffers:           87724 kB
Cached:           708940 kB
MemTotal:        1844596 kB
MemFree:          683516 kB
MemAvailable:    1453344 kB
Buffers:           87724 kB
Cached:           708940 kB
MemTotal:        1844596 kB
MemFree:          683284 kB
MemAvailable:    1453112 kB
Buffers:           87724 kB
Cached:           708940 kB
MemTotal:        1844596 kB
MemFree:          683352 kB
MemAvailable:    1453180 kB
Buffers:           87724 kB
Cached:           708940 kB
MemTotal:        1844596 kB
MemFree:          682104 kB
MemAvailable:    1451932 kB
Buffers:           87724 kB
Cached:           708940 kB
MemTotal:        1844596 kB
MemFree:          683380 kB
MemAvailable:    1453208 kB
Buffers:           87724 kB
Cached:           708940 kB
MemTotal:        1844596 kB
MemFree:          683632 kB
MemAvailable:    1453460 kB
Buffers:           87724 kB
Cached:           708940 kB
MemTotal:        1844596 kB
MemFree:          683352 kB
MemAvailable:    1453180 kB
Buffers:           87724 kB
Cached:           708940 kB
MemTotal:        1844596 kB
MemFree:          683212 kB
MemAvailable:    1453040 kB
Buffers:           87724 kB
Cached:           708940 kB
MemTotal:        1844596 kB
MemFree:          682528 kB
MemAvailable:    1452356 kB
Buffers:           87724 kB
Cached:           708940 kB
MemTotal:        1844596 kB
MemFree:          683396 kB
MemAvailable:    1453224 kB
Buffers:           87724 kB
Cached:           708940 kB
MemTotal:        1844596 kB
MemFree:          682264 kB
MemAvailable:    1452092 kB
Buffers:           87724 kB
Cached:           708940 kB
MemTotal:        1844596 kB
MemFree:          682208 kB
MemAvailable:    1452036 kB
Buffers:           87724 kB
Cached:           708940 kB
MemTotal:        1844596 kB
MemFree:          682092 kB
MemAvailable:    1451920 kB
Buffers:           87724 kB
Cached:           708940 kB
MemTotal:        1844596 kB
MemFree:          683332 kB
MemAvailable:    1453160 kB
Buffers:           87724 kB
Cached:           708940 kB
MemTotal:        1844596 kB
MemFree:          681796 kB
MemAvailable:    1451624 kB
Buffers:           87724 kB
Cached:           708940 kB
MemTotal:        1844596 kB
MemFree:          681548 kB
MemAvailable:    1451376 kB
Buffers:           87724 kB
Cached:           708940 kB
MemTotal:        1844596 kB
MemFree:          682416 kB
MemAvailable:    1452244 kB
Buffers:           87724 kB
Cached:           708940 kB
MemTotal:        1844596 kB
MemFree:          681600 kB
MemAvailable:    1451428 kB
Buffers:           87724 kB
Cached:           708940 kB
MemTotal:        1844596 kB
MemFree:          680168 kB
MemAvailable:    1449996 kB
Buffers:           87724 kB
Cached:           708940 kB
MemTotal:        1844596 kB
MemFree:          681360 kB
MemAvailable:    1451188 kB
Buffers:           87724 kB
Cached:           708940 kB
MemTotal:        1844596 kB
MemFree:          680812 kB
MemAvailable:    1450516 kB
Buffers:           87724 kB
Cached:           708940 kB
MemTotal:        1844596 kB
MemFree:          680980 kB
MemAvailable:    1450808 kB
Buffers:           87724 kB
Cached:           708940 kB
MemTotal:        1844596 kB
MemFree:          680796 kB
MemAvailable:    1450624 kB
Buffers:           87724 kB
Cached:           708940 kB
MemTotal:        1844596 kB
MemFree:          681132 kB
MemAvailable:    1450960 kB
Buffers:           87724 kB
Cached:           708940 kB
MemTotal:        1844596 kB
MemFree:          680052 kB
MemAvailable:    1449880 kB
Buffers:           87724 kB
Cached:           708940 kB
MemTotal:        1844596 kB
MemFree:          679820 kB
MemAvailable:    1449648 kB
Buffers:           87724 kB
Cached:           708940 kB
MemTotal:        1844596 kB
MemFree:          678564 kB
MemAvailable:    1448396 kB
Buffers:           87724 kB
Cached:           708944 kB
MemTotal:        1844596 kB
MemFree:          678440 kB
MemAvailable:    1448272 kB
Buffers:           87724 kB
Cached:           708944 kB
MemTotal:        1844596 kB
MemFree:          678696 kB
MemAvailable:    1448536 kB
Buffers:           87724 kB
Cached:           708952 kB
MemTotal:        1844596 kB
MemFree:          679424 kB
MemAvailable:    1449264 kB
Buffers:           87724 kB
Cached:           708952 kB
MemTotal:        1844596 kB
MemFree:          679192 kB
MemAvailable:    1449032 kB
Buffers:           87724 kB
Cached:           708952 kB
MemTotal:        1844596 kB
MemFree:          679260 kB
MemAvailable:    1449100 kB
Buffers:           87724 kB
Cached:           708952 kB
MemTotal:        1844596 kB
MemFree:          679116 kB
MemAvailable:    1448956 kB
Buffers:           87724 kB
Cached:           708952 kB
MemTotal:        1844596 kB
MemFree:          679452 kB
MemAvailable:    1449292 kB
Buffers:           87724 kB
Cached:           708952 kB
MemTotal:        1844596 kB
MemFree:          679236 kB
MemAvailable:    1449076 kB
Buffers:           87724 kB
Cached:           708952 kB
MemTotal:        1844596 kB
MemFree:          679488 kB
MemAvailable:    1449328 kB
Buffers:           87724 kB
Cached:           708952 kB
MemTotal:        1844596 kB
MemFree:          678020 kB
MemAvailable:    1447860 kB
Buffers:           87724 kB
Cached:           708952 kB
MemTotal:        1844596 kB
MemFree:          679128 kB
MemAvailable:    1448968 kB
Buffers:           87724 kB
Cached:           708952 kB
MemTotal:        1844596 kB
MemFree:          679296 kB
MemAvailable:    1449136 kB
Buffers:           87724 kB
Cached:           708952 kB
MemTotal:        1844596 kB
MemFree:          679020 kB
MemAvailable:    1448860 kB
Buffers:           87724 kB
Cached:           708952 kB
MemTotal:        1844596 kB
MemFree:          679200 kB
MemAvailable:    1449040 kB
Buffers:           87724 kB
Cached:           708952 kB
MemTotal:        1844596 kB
MemFree:          678324 kB
MemAvailable:    1448164 kB
Buffers:           87724 kB
Cached:           708952 kB
MemTotal:        1844596 kB
MemFree:          679012 kB
MemAvailable:    1448852 kB
Buffers:           87724 kB
Cached:           708952 kB
MemTotal:        1844596 kB
MemFree:          678944 kB
MemAvailable:    1448784 kB
Buffers:           87724 kB
Cached:           708952 kB
MemTotal:        1844596 kB
MemFree:          677812 kB
MemAvailable:    1447652 kB
Buffers:           87724 kB
Cached:           708952 kB
MemTotal:        1844596 kB
MemFree:          677896 kB
MemAvailable:    1447736 kB
Buffers:           87724 kB
Cached:           708952 kB
MemTotal:        1844596 kB
MemFree:          677888 kB
MemAvailable:    1447728 kB
Buffers:           87724 kB
Cached:           708952 kB
MemTotal:        1844596 kB
MemFree:          677896 kB
MemAvailable:    1447736 kB
Buffers:           87724 kB
Cached:           708952 kB
MemTotal:        1844596 kB
MemFree:          679196 kB
MemAvailable:    1449036 kB
Buffers:           87724 kB
Cached:           708952 kB
MemTotal:        1844596 kB
MemFree:          679032 kB
MemAvailable:    1448872 kB
Buffers:           87724 kB
Cached:           708952 kB
MemTotal:        1844596 kB
MemFree:          678696 kB
MemAvailable:    1448536 kB
Buffers:           87724 kB
Cached:           708952 kB
MemTotal:        1844596 kB
MemFree:          679180 kB
MemAvailable:    1449020 kB
Buffers:           87724 kB
Cached:           708952 kB
MemTotal:        1844596 kB
MemFree:          679068 kB
MemAvailable:    1448908 kB
Buffers:           87724 kB
Cached:           708952 kB
MemTotal:        1844596 kB
MemFree:          678008 kB
MemAvailable:    1447848 kB
Buffers:           87724 kB
Cached:           708952 kB
MemTotal:        1844596 kB
MemFree:          676712 kB
MemAvailable:    1446552 kB
Buffers:           87724 kB
Cached:           708952 kB
MemTotal:        1844596 kB
MemFree:          678036 kB
MemAvailable:    1447876 kB
Buffers:           87724 kB
Cached:           708952 kB
MemTotal:        1844596 kB
MemFree:          676836 kB
MemAvailable:    1446676 kB
Buffers:           87724 kB
Cached:           708952 kB
MemTotal:        1844596 kB
MemFree:          676580 kB
MemAvailable:    1446424 kB
Buffers:           87724 kB
Cached:           708956 kB
MemTotal:        1844596 kB
MemFree:          676588 kB
MemAvailable:    1446432 kB
Buffers:           87724 kB
Cached:           708956 kB
MemTotal:        1844596 kB
MemFree:          675472 kB
MemAvailable:    1445316 kB
Buffers:           87724 kB
Cached:           708956 kB
MemTotal:        1844596 kB
MemFree:          673860 kB
MemAvailable:    1443704 kB
Buffers:           87724 kB
Cached:           708956 kB
MemTotal:        1844596 kB
MemFree:          672308 kB
MemAvailable:    1442152 kB
Buffers:           87724 kB
Cached:           708956 kB
MemTotal:        1844596 kB
MemFree:          670016 kB
MemAvailable:    1439860 kB
Buffers:           87724 kB
Cached:           708956 kB
MemTotal:        1844596 kB
MemFree:          668872 kB
MemAvailable:    1438716 kB
Buffers:           87724 kB
Cached:           708956 kB
MemTotal:        1844596 kB
MemFree:          665240 kB
MemAvailable:    1435084 kB
Buffers:           87724 kB
Cached:           708956 kB
MemTotal:        1844596 kB
MemFree:          660832 kB
MemAvailable:    1430676 kB
Buffers:           87724 kB
Cached:           708956 kB
MemTotal:        1844596 kB
MemFree:          660848 kB
MemAvailable:    1430692 kB
Buffers:           87724 kB
Cached:           708956 kB
MemTotal:        1844596 kB
MemFree:          660768 kB
MemAvailable:    1430612 kB
Buffers:           87724 kB
Cached:           708956 kB
MemTotal:        1844596 kB
MemFree:          659592 kB
MemAvailable:    1429436 kB
Buffers:           87724 kB
Cached:           708956 kB
MemTotal:        1844596 kB
MemFree:          659460 kB
MemAvailable:    1429304 kB
Buffers:           87724 kB
Cached:           708956 kB
MemTotal:        1844596 kB
MemFree:          660436 kB
MemAvailable:    1430280 kB
Buffers:           87724 kB
Cached:           708956 kB
MemTotal:        1844596 kB
MemFree:          660096 kB
MemAvailable:    1429940 kB
Buffers:           87724 kB
Cached:           708956 kB
MemTotal:        1844596 kB
MemFree:          660456 kB
MemAvailable:    1430300 kB
Buffers:           87724 kB
Cached:           708956 kB
MemTotal:        1844596 kB
MemFree:          659036 kB
MemAvailable:    1428880 kB
Buffers:           87724 kB
Cached:           708956 kB
MemTotal:        1844596 kB
MemFree:          660568 kB
MemAvailable:    1430412 kB
Buffers:           87724 kB
Cached:           708956 kB
MemTotal:        1844596 kB
MemFree:          659164 kB
MemAvailable:    1429008 kB
Buffers:           87724 kB
Cached:           708956 kB
MemTotal:        1844596 kB
MemFree:          660376 kB
MemAvailable:    1430220 kB
Buffers:           87724 kB
Cached:           708956 kB
MemTotal:        1844596 kB
MemFree:          660332 kB
MemAvailable:    1430176 kB
Buffers:           87724 kB
Cached:           708956 kB
MemTotal:        1844596 kB
MemFree:          658608 kB
MemAvailable:    1428452 kB
Buffers:           87724 kB
Cached:           708956 kB
MemTotal:        1844596 kB
MemFree:          658476 kB
MemAvailable:    1428320 kB
Buffers:           87724 kB
Cached:           708956 kB
MemTotal:        1844596 kB
MemFree:          658476 kB
MemAvailable:    1428320 kB
Buffers:           87724 kB
Cached:           708956 kB
MemTotal:        1844596 kB
MemFree:          659716 kB
MemAvailable:    1429560 kB
Buffers:           87724 kB
Cached:           708956 kB
MemTotal:        1844596 kB
MemFree:          658344 kB
MemAvailable:    1428188 kB
Buffers:           87724 kB
Cached:           708956 kB
MemTotal:        1844596 kB
MemFree:          659644 kB
MemAvailable:    1429488 kB
Buffers:           87724 kB
Cached:           708956 kB
MemTotal:        1844596 kB
MemFree:          659472 kB
MemAvailable:    1429316 kB
Buffers:           87724 kB
Cached:           708956 kB
MemTotal:        1844596 kB
MemFree:          659392 kB
MemAvailable:    1429236 kB
Buffers:           87724 kB
Cached:           708956 kB
MemTotal:        1844596 kB
MemFree:          659476 kB
MemAvailable:    1429320 kB
Buffers:           87724 kB
Cached:           708956 kB
MemTotal:        1844596 kB
MemFree:          658180 kB
MemAvailable:    1428024 kB
Buffers:           87724 kB
Cached:           708956 kB
MemTotal:        1844596 kB
MemFree:          659456 kB
MemAvailable:    1429300 kB
Buffers:           87724 kB
Cached:           708956 kB
MemTotal:        1844596 kB
MemFree:          659708 kB
MemAvailable:    1429552 kB
Buffers:           87724 kB
Cached:           708956 kB
MemTotal:        1844596 kB
MemFree:          659428 kB
MemAvailable:    1429272 kB
Buffers:           87724 kB
Cached:           708956 kB
MemTotal:        1844596 kB
MemFree:          659468 kB
MemAvailable:    1429312 kB
Buffers:           87724 kB
Cached:           708956 kB
MemTotal:        1844596 kB
MemFree:          659528 kB
MemAvailable:    1429372 kB
Buffers:           87724 kB
Cached:           708956 kB
MemTotal:        1844596 kB
MemFree:          659608 kB
MemAvailable:    1429452 kB
Buffers:           87724 kB
Cached:           708956 kB
MemTotal:        1844596 kB
MemFree:          659652 kB
MemAvailable:    1429496 kB
Buffers:           87724 kB
Cached:           708956 kB
MemTotal:        1844596 kB
MemFree:          658172 kB
MemAvailable:    1428016 kB
Buffers:           87724 kB
Cached:           708956 kB
MemTotal:        1844596 kB
MemFree:          658296 kB
MemAvailable:    1428140 kB
Buffers:           87724 kB
Cached:           708956 kB
MemTotal:        1844596 kB
MemFree:          659596 kB
MemAvailable:    1429440 kB
Buffers:           87724 kB
Cached:           708956 kB
MemTotal:        1844596 kB
MemFree:          656684 kB
MemAvailable:    1426528 kB
Buffers:           87724 kB
Cached:           708956 kB
MemTotal:        1844596 kB
MemFree:          652772 kB
MemAvailable:    1422620 kB
Buffers:           87724 kB
Cached:           708960 kB
MemTotal:        1844596 kB
MemFree:          651360 kB
MemAvailable:    1421208 kB
Buffers:           87724 kB
Cached:           708960 kB
MemTotal:        1844596 kB
MemFree:          647104 kB
MemAvailable:    1416952 kB
Buffers:           87724 kB
Cached:           708960 kB
MemTotal:        1844596 kB
MemFree:          647072 kB
MemAvailable:    1416920 kB
Buffers:           87724 kB
Cached:           708960 kB
MemTotal:        1844596 kB
MemFree:          641524 kB
MemAvailable:    1411372 kB
Buffers:           87724 kB
Cached:           708960 kB
MemTotal:        1844596 kB
MemFree:          641576 kB
MemAvailable:    1411424 kB
Buffers:           87724 kB
Cached:           708960 kB
MemTotal:        1844596 kB
MemFree:          641328 kB
MemAvailable:    1411176 kB
Buffers:           87724 kB
Cached:           708960 kB
MemTotal:        1844596 kB
MemFree:          640204 kB
MemAvailable:    1410052 kB
Buffers:           87724 kB
Cached:           708960 kB
MemTotal:        1844596 kB
MemFree:          641256 kB
MemAvailable:    1411104 kB
Buffers:           87724 kB
Cached:           708960 kB
MemTotal:        1844596 kB
MemFree:          640080 kB
MemAvailable:    1409928 kB
Buffers:           87724 kB
Cached:           708960 kB
MemTotal:        1844596 kB
MemFree:          641224 kB
MemAvailable:    1411072 kB
Buffers:           87724 kB
Cached:           708960 kB
MemTotal:        1844596 kB
MemFree:          641008 kB
MemAvailable:    1410856 kB
Buffers:           87724 kB
Cached:           708960 kB
MemTotal:        1844596 kB
MemFree:          641296 kB
MemAvailable:    1411144 kB
Buffers:           87724 kB
Cached:           708960 kB
MemTotal:        1844596 kB
MemFree:          640520 kB
MemAvailable:    1410368 kB
Buffers:           87724 kB
Cached:           708960 kB
MemTotal:        1844596 kB
MemFree:          641256 kB
MemAvailable:    1411104 kB
Buffers:           87724 kB
Cached:           708960 kB
MemTotal:        1844596 kB
MemFree:          641268 kB
MemAvailable:    1411116 kB
Buffers:           87724 kB
Cached:           708960 kB
MemTotal:        1844596 kB
MemFree:          641068 kB
MemAvailable:    1410916 kB
Buffers:           87724 kB
Cached:           708960 kB
MemTotal:        1844596 kB
MemFree:          640264 kB
MemAvailable:    1410112 kB
Buffers:           87724 kB
Cached:           708960 kB
MemTotal:        1844596 kB
MemFree:          641160 kB
MemAvailable:    1411008 kB
Buffers:           87724 kB
Cached:           708960 kB
MemTotal:        1844596 kB
MemFree:          641504 kB
MemAvailable:    1411352 kB
Buffers:           87724 kB
Cached:           708960 kB
MemTotal:        1844596 kB
MemFree:          641368 kB
MemAvailable:    1411216 kB
Buffers:           87724 kB
Cached:           708960 kB
MemTotal:        1844596 kB
MemFree:          641196 kB
MemAvailable:    1411044 kB
Buffers:           87724 kB
Cached:           708960 kB
MemTotal:        1844596 kB
MemFree:          640068 kB
MemAvailable:    1409916 kB
Buffers:           87724 kB
Cached:           708960 kB
MemTotal:        1844596 kB
MemFree:          641324 kB
MemAvailable:    1411172 kB
Buffers:           87724 kB
Cached:           708960 kB
MemTotal:        1844596 kB
MemFree:          641492 kB
MemAvailable:    1411340 kB
Buffers:           87724 kB
Cached:           708960 kB
MemTotal:        1844596 kB
MemFree:          639960 kB
MemAvailable:    1409808 kB
Buffers:           87724 kB
Cached:           708960 kB
MemTotal:        1844596 kB
MemFree:          641228 kB
MemAvailable:    1411076 kB
Buffers:           87724 kB
Cached:           708960 kB
MemTotal:        1844596 kB
MemFree:          641008 kB
MemAvailable:    1410856 kB
Buffers:           87724 kB
Cached:           708960 kB
MemTotal:        1844596 kB
MemFree:          641304 kB
MemAvailable:    1411152 kB
Buffers:           87724 kB
Cached:           708960 kB
MemTotal:        1844596 kB
MemFree:          640520 kB
MemAvailable:    1410368 kB
Buffers:           87724 kB
Cached:           708960 kB
MemTotal:        1844596 kB
MemFree:          641116 kB
MemAvailable:    1410964 kB
Buffers:           87724 kB
Cached:           708960 kB
MemTotal:        1844596 kB
MemFree:          641452 kB
MemAvailable:    1411300 kB
Buffers:           87724 kB
Cached:           708960 kB
MemTotal:        1844596 kB
MemFree:          641504 kB
MemAvailable:    1411352 kB
Buffers:           87724 kB
Cached:           708960 kB
MemTotal:        1844596 kB
MemFree:          641316 kB
MemAvailable:    1411164 kB
Buffers:           87724 kB
Cached:           708960 kB
MemTotal:        1844596 kB
MemFree:          640216 kB
MemAvailable:    1410064 kB
Buffers:           87724 kB
Cached:           708960 kB
MemTotal:        1844596 kB
MemFree:          641340 kB
MemAvailable:    1411188 kB
Buffers:           87724 kB
Cached:           708960 kB
MemTotal:        1844596 kB
MemFree:          641256 kB
MemAvailable:    1411104 kB
Buffers:           87724 kB
Cached:           708960 kB
MemTotal:        1844596 kB
MemFree:          640016 kB
MemAvailable:    1409864 kB
Buffers:           87724 kB
Cached:           708960 kB
MemTotal:        1844596 kB
MemFree:          641292 kB
MemAvailable:    1411140 kB
Buffers:           87724 kB
Cached:           708960 kB
MemTotal:        1844596 kB
MemFree:          640892 kB
MemAvailable:    1410740 kB
Buffers:           87724 kB
Cached:           708960 kB
MemTotal:        1844596 kB
MemFree:          641208 kB
MemAvailable:    1411056 kB
Buffers:           87724 kB
Cached:           708960 kB
MemTotal:        1844596 kB
MemFree:          638776 kB
MemAvailable:    1408624 kB
Buffers:           87724 kB
Cached:           708960 kB
MemTotal:        1844596 kB
MemFree:          634064 kB
MemAvailable:    1403912 kB
Buffers:           87724 kB
Cached:           708960 kB
MemTotal:        1844596 kB
MemFree:          630592 kB
MemAvailable:    1400440 kB
Buffers:           87724 kB
Cached:           708960 kB
MemTotal:        1844596 kB
MemFree:          625492 kB
MemAvailable:    1395340 kB
Buffers:           87724 kB
Cached:           708960 kB
MemTotal:        1844596 kB
MemFree:          624888 kB
MemAvailable:    1394736 kB
Buffers:           87724 kB
Cached:           708960 kB
MemTotal:        1844596 kB
MemFree:          624144 kB
MemAvailable:    1393992 kB
Buffers:           87724 kB
Cached:           708960 kB
MemTotal:        1844596 kB
MemFree:          622772 kB
MemAvailable:    1392620 kB
Buffers:           87724 kB
Cached:           708960 kB
MemTotal:        1844596 kB
MemFree:          623700 kB
MemAvailable:    1393548 kB
Buffers:           87724 kB
Cached:           708960 kB
MemTotal:        1844596 kB
MemFree:          623648 kB
MemAvailable:    1393496 kB
Buffers:           87724 kB
Cached:           708960 kB
MemTotal:        1844596 kB
MemFree:          622036 kB
MemAvailable:    1391884 kB
Buffers:           87724 kB
Cached:           708960 kB
MemTotal:        1844596 kB
MemFree:          623340 kB
MemAvailable:    1393188 kB
Buffers:           87724 kB
Cached:           708960 kB
MemTotal:        1844596 kB
MemFree:          621780 kB
MemAvailable:    1391628 kB
Buffers:           87724 kB
Cached:           708960 kB
MemTotal:        1844596 kB
MemFree:          621656 kB
MemAvailable:    1391504 kB
Buffers:           87724 kB
Cached:           708960 kB
MemTotal:        1844596 kB
MemFree:          622692 kB
MemAvailable:    1392540 kB
Buffers:           87724 kB
Cached:           708960 kB
MemTotal:        1844596 kB
MemFree:          621416 kB
MemAvailable:    1391264 kB
Buffers:           87724 kB
Cached:           708960 kB
MemTotal:        1844596 kB
MemFree:          621292 kB
MemAvailable:    1391140 kB
Buffers:           87724 kB
Cached:           708960 kB
MemTotal:        1844596 kB
MemFree:          622460 kB
MemAvailable:    1392308 kB
Buffers:           87724 kB
Cached:           708960 kB
MemTotal:        1844596 kB
MemFree:          621672 kB
MemAvailable:    1391520 kB
Buffers:           87724 kB
Cached:           708960 kB
MemTotal:        1844596 kB
MemFree:          622296 kB
MemAvailable:    1392144 kB
Buffers:           87724 kB
Cached:           708960 kB
MemTotal:        1844596 kB
MemFree:          620672 kB
MemAvailable:    1390520 kB
Buffers:           87724 kB
Cached:           708960 kB
MemTotal:        1844596 kB
MemFree:          620416 kB
MemAvailable:    1390264 kB
Buffers:           87724 kB
Cached:           708960 kB
MemTotal:        1844596 kB
MemFree:          620796 kB
MemAvailable:    1390644 kB
Buffers:           87724 kB
Cached:           708960 kB
MemTotal:        1844596 kB
MemFree:          620360 kB
MemAvailable:    1390208 kB
Buffers:           87724 kB
Cached:           708960 kB
MemTotal:        1844596 kB
MemFree:          619796 kB
MemAvailable:    1389644 kB
Buffers:           87724 kB
Cached:           708960 kB
MemTotal:        1844596 kB
MemFree:          619688 kB
MemAvailable:    1389536 kB
Buffers:           87724 kB
Cached:           708960 kB
MemTotal:        1844596 kB
MemFree:          619432 kB
MemAvailable:    1389280 kB
Buffers:           87724 kB
Cached:           708960 kB
MemTotal:        1844596 kB
MemFree:          618424 kB
MemAvailable:    1388272 kB
Buffers:           87724 kB
Cached:           708960 kB
MemTotal:        1844596 kB
MemFree:          617944 kB
MemAvailable:    1387792 kB
Buffers:           87724 kB
Cached:           708960 kB
MemTotal:        1844596 kB
MemFree:          617696 kB
MemAvailable:    1387544 kB
Buffers:           87724 kB
Cached:           708960 kB
MemTotal:        1844596 kB
MemFree:          615828 kB
MemAvailable:    1385676 kB
Buffers:           87724 kB
Cached:           708960 kB
MemTotal:        1844596 kB
MemFree:          616888 kB
MemAvailable:    1386744 kB
Buffers:           87724 kB
Cached:           708968 kB
MemTotal:        1844596 kB
MemFree:          616640 kB
MemAvailable:    1386496 kB
Buffers:           87724 kB
Cached:           708968 kB
MemTotal:        1844596 kB
MemFree:          616892 kB
MemAvailable:    1386748 kB
Buffers:           87724 kB
Cached:           708968 kB
MemTotal:        1844596 kB
MemFree:          615576 kB
MemAvailable:    1385432 kB
Buffers:           87724 kB
Cached:           708968 kB
MemTotal:        1844596 kB
MemFree:          615576 kB
MemAvailable:    1385432 kB
Buffers:           87724 kB
Cached:           708968 kB
MemTotal:        1844596 kB
MemFree:          616704 kB
MemAvailable:    1386560 kB
Buffers:           87724 kB
Cached:           708968 kB
MemTotal:        1844596 kB
MemFree:          616200 kB
MemAvailable:    1386056 kB
Buffers:           87724 kB
Cached:           708968 kB
MemTotal:        1844596 kB
MemFree:          615952 kB
MemAvailable:    1385808 kB
Buffers:           87724 kB
Cached:           708968 kB
MemTotal:        1844596 kB
MemFree:          615332 kB
MemAvailable:    1385188 kB
Buffers:           87724 kB
Cached:           708968 kB
MemTotal:        1844596 kB
MemFree:          614604 kB
MemAvailable:    1384460 kB
Buffers:           87724 kB
Cached:           708968 kB
MemTotal:        1844596 kB
MemFree:          613968 kB
MemAvailable:    1383824 kB
Buffers:           87724 kB
Cached:           708968 kB
MemTotal:        1844596 kB
MemFree:          613968 kB
MemAvailable:    1383824 kB
Buffers:           87724 kB
Cached:           708968 kB
MemTotal:        1844596 kB
MemFree:          614052 kB
MemAvailable:    1383908 kB
Buffers:           87724 kB
Cached:           708968 kB
MemTotal:        1844596 kB
MemFree:          613840 kB
MemAvailable:    1383696 kB
Buffers:           87724 kB
Cached:           708968 kB
MemTotal:        1844596 kB
MemFree:          615196 kB
MemAvailable:    1385052 kB
Buffers:           87724 kB
Cached:           708968 kB
MemTotal:        1844596 kB
MemFree:          615068 kB
MemAvailable:    1384924 kB
Buffers:           87724 kB
Cached:           708968 kB
MemTotal:        1844596 kB
MemFree:          615320 kB
MemAvailable:    1385176 kB
Buffers:           87724 kB
Cached:           708968 kB
MemTotal:        1844596 kB
MemFree:          613836 kB
MemAvailable:    1383692 kB
Buffers:           87724 kB
Cached:           708968 kB
MemTotal:        1844596 kB
MemFree:          613844 kB
MemAvailable:    1383700 kB
Buffers:           87724 kB
Cached:           708968 kB
MemTotal:        1844596 kB
MemFree:          615096 kB
MemAvailable:    1384952 kB
Buffers:           87724 kB
Cached:           708968 kB
MemTotal:        1844596 kB
MemFree:          613964 kB
MemAvailable:    1383820 kB
Buffers:           87724 kB
Cached:           708968 kB
MemTotal:        1844596 kB
MemFree:          615196 kB
MemAvailable:    1385052 kB
Buffers:           87724 kB
Cached:           708968 kB
MemTotal:        1844596 kB
MemFree:          615168 kB
MemAvailable:    1385024 kB
Buffers:           87724 kB
Cached:           708968 kB
MemTotal:        1844596 kB
MemFree:          615092 kB
MemAvailable:    1384948 kB
Buffers:           87724 kB
Cached:           708968 kB
MemTotal:        1844596 kB
MemFree:          613844 kB
MemAvailable:    1383700 kB
Buffers:           87724 kB
Cached:           708968 kB
MemTotal:        1844596 kB
MemFree:          614052 kB
MemAvailable:    1383908 kB
Buffers:           87724 kB
Cached:           708968 kB
MemTotal:        1844596 kB
MemFree:          615044 kB
MemAvailable:    1384900 kB
Buffers:           87724 kB
Cached:           708968 kB
MemTotal:        1844596 kB
MemFree:          615160 kB
MemAvailable:    1385016 kB
Buffers:           87724 kB
Cached:           708968 kB
MemTotal:        1844596 kB
MemFree:          615080 kB
MemAvailable:    1384936 kB
Buffers:           87724 kB
Cached:           708968 kB
MemTotal:        1844596 kB
MemFree:          615092 kB
MemAvailable:    1384948 kB
Buffers:           87724 kB
Cached:           708968 kB
MemTotal:        1844596 kB
MemFree:          613704 kB
MemAvailable:    1383560 kB
Buffers:           87724 kB
Cached:           708968 kB
MemTotal:        1844596 kB
MemFree:          615164 kB
MemAvailable:    1385020 kB
Buffers:           87724 kB
Cached:           708968 kB
MemTotal:        1844596 kB
MemFree:          615068 kB
MemAvailable:    1384924 kB
Buffers:           87724 kB
Cached:           708968 kB
MemTotal:        1844596 kB
MemFree:          615128 kB
MemAvailable:    1384984 kB
Buffers:           87724 kB
Cached:           708968 kB
MemTotal:        1844596 kB
MemFree:          614232 kB
MemAvailable:    1384088 kB
Buffers:           87724 kB
Cached:           708968 kB
MemTotal:        1844596 kB
MemFree:          614912 kB
MemAvailable:    1384768 kB
Buffers:           87724 kB
Cached:           708968 kB
MemTotal:        1844596 kB
MemFree:          615168 kB
MemAvailable:    1385024 kB
Buffers:           87724 kB
Cached:           708968 kB
MemTotal:        1844596 kB
MemFree:          614912 kB
MemAvailable:    1384768 kB
Buffers:           87724 kB
Cached:           708968 kB
MemTotal:        1844596 kB
MemFree:          614912 kB
MemAvailable:    1384768 kB
Buffers:           87724 kB
Cached:           708968 kB
MemTotal:        1844596 kB
MemFree:          613796 kB
MemAvailable:    1383652 kB
Buffers:           87724 kB
Cached:           708968 kB
MemTotal:        1844596 kB
MemFree:          615120 kB
MemAvailable:    1384976 kB
Buffers:           87724 kB
Cached:           708968 kB
MemTotal:        1844596 kB
MemFree:          614100 kB
MemAvailable:    1383956 kB
Buffers:           87724 kB
Cached:           708968 kB
MemTotal:        1844596 kB
MemFree:          614224 kB
MemAvailable:    1384084 kB
Buffers:           87724 kB
Cached:           708972 kB
MemTotal:        1844596 kB
MemFree:          615200 kB
MemAvailable:    1385060 kB
Buffers:           87724 kB
Cached:           708972 kB
MemTotal:        1844596 kB
MemFree:          615284 kB
MemAvailable:    1385144 kB
Buffers:           87724 kB
Cached:           708972 kB
MemTotal:        1844596 kB
MemFree:          615156 kB
MemAvailable:    1385016 kB
Buffers:           87724 kB
Cached:           708972 kB
MemTotal:        1844596 kB
MemFree:          615072 kB
MemAvailable:    1384932 kB
Buffers:           87724 kB
Cached:           708972 kB
MemTotal:        1844596 kB
MemFree:          615092 kB
MemAvailable:    1384952 kB
Buffers:           87724 kB
Cached:           708972 kB
MemTotal:        1844596 kB
MemFree:          614968 kB
MemAvailable:    1384828 kB
Buffers:           87724 kB
Cached:           708972 kB
MemTotal:        1844596 kB
MemFree:          615084 kB
MemAvailable:    1384944 kB
Buffers:           87724 kB
Cached:           708972 kB
MemTotal:        1844596 kB
MemFree:          614728 kB
MemAvailable:    1384588 kB
Buffers:           87724 kB
Cached:           708972 kB
MemTotal:        1844596 kB
MemFree:          614224 kB
MemAvailable:    1384084 kB
Buffers:           87724 kB
Cached:           708972 kB
MemTotal:        1844596 kB
MemFree:          610364 kB
MemAvailable:    1380224 kB
Buffers:           87724 kB
Cached:           708972 kB
MemTotal:        1844596 kB
MemFree:          609636 kB
MemAvailable:    1379496 kB
Buffers:           87724 kB
Cached:           708972 kB
MemTotal:        1844596 kB
MemFree:          607032 kB
MemAvailable:    1376892 kB
Buffers:           87724 kB
Cached:           708972 kB
MemTotal:        1844596 kB
MemFree:          604488 kB
MemAvailable:    1374348 kB
Buffers:           87724 kB
Cached:           708972 kB
MemTotal:        1844596 kB
MemFree:          601708 kB
MemAvailable:    1371568 kB
Buffers:           87724 kB
Cached:           708972 kB
MemTotal:        1844596 kB
MemFree:          597964 kB
MemAvailable:    1367824 kB
Buffers:           87724 kB
Cached:           708972 kB
MemTotal:        1844596 kB
MemFree:          597928 kB
MemAvailable:    1367788 kB
Buffers:           87724 kB
Cached:           708972 kB
MemTotal:        1844596 kB
MemFree:          595600 kB
MemAvailable:    1365460 kB
Buffers:           87724 kB
Cached:           708972 kB
MemTotal:        1844596 kB
MemFree:          595376 kB
MemAvailable:    1365236 kB
Buffers:           87724 kB
Cached:           708972 kB
MemTotal:        1844596 kB
MemFree:          595664 kB
MemAvailable:    1365524 kB
Buffers:           87724 kB
Cached:           708972 kB
MemTotal:        1844596 kB
MemFree:          595624 kB
MemAvailable:    1365484 kB
Buffers:           87724 kB
Cached:           708972 kB
MemTotal:        1844596 kB
MemFree:          594880 kB
MemAvailable:    1364740 kB
Buffers:           87724 kB
Cached:           708972 kB
MemTotal:        1844596 kB
MemFree:          596120 kB
MemAvailable:    1365984 kB
Buffers:           87724 kB
Cached:           708976 kB
MemTotal:        1844596 kB
MemFree:          595724 kB
MemAvailable:    1365588 kB
Buffers:           87724 kB
Cached:           708976 kB
MemTotal:        1844596 kB
MemFree:          595724 kB
MemAvailable:    1365588 kB
Buffers:           87724 kB
Cached:           708976 kB
MemTotal:        1844596 kB
MemFree:          595428 kB
MemAvailable:    1365292 kB
Buffers:           87724 kB
Cached:           708976 kB
MemTotal:        1844596 kB
MemFree:          595764 kB
MemAvailable:    1365628 kB
Buffers:           87724 kB
Cached:           708976 kB
MemTotal:        1844596 kB
MemFree:          595472 kB
MemAvailable:    1365336 kB
Buffers:           87724 kB
Cached:           708976 kB
MemTotal:        1844596 kB
MemFree:          595556 kB
MemAvailable:    1365420 kB
Buffers:           87724 kB
Cached:           708976 kB
MemTotal:        1844596 kB
MemFree:          595576 kB
MemAvailable:    1365440 kB
Buffers:           87724 kB
Cached:           708976 kB
MemTotal:        1844596 kB
MemFree:          595352 kB
MemAvailable:    1365220 kB
Buffers:           87724 kB
Cached:           708980 kB
MemTotal:        1844596 kB
MemFree:          595520 kB
MemAvailable:    1365388 kB
Buffers:           87724 kB
Cached:           708980 kB
MemTotal:        1844596 kB
MemFree:          595380 kB
MemAvailable:    1365248 kB
Buffers:           87724 kB
Cached:           708980 kB
MemTotal:        1844596 kB
MemFree:          595376 kB
MemAvailable:    1365244 kB
Buffers:           87724 kB
Cached:           708980 kB
MemTotal:        1844596 kB
MemFree:          595436 kB
MemAvailable:    1365304 kB
Buffers:           87724 kB
Cached:           708980 kB
MemTotal:        1844596 kB
MemFree:          595236 kB
MemAvailable:    1365104 kB
Buffers:           87724 kB
Cached:           708980 kB
MemTotal:        1844596 kB
MemFree:          594756 kB
MemAvailable:    1364624 kB
Buffers:           87724 kB
Cached:           708980 kB
MemTotal:        1844596 kB
MemFree:          595364 kB
MemAvailable:    1365232 kB
Buffers:           87724 kB
Cached:           708980 kB
MemTotal:        1844596 kB
MemFree:          595220 kB
MemAvailable:    1365088 kB
Buffers:           87724 kB
Cached:           708980 kB
MemTotal:        1844596 kB
MemFree:          595252 kB
MemAvailable:    1365120 kB
Buffers:           87724 kB
Cached:           708980 kB
MemTotal:        1844596 kB
MemFree:          593992 kB
MemAvailable:    1363860 kB
Buffers:           87724 kB
Cached:           708980 kB
MemTotal:        1844596 kB
MemFree:          594872 kB
MemAvailable:    1364740 kB
Buffers:           87724 kB
Cached:           708980 kB
MemTotal:        1844596 kB
MemFree:          595128 kB
MemAvailable:    1364996 kB
Buffers:           87724 kB
Cached:           708980 kB
MemTotal:        1844596 kB
MemFree:          593632 kB
MemAvailable:    1363500 kB
Buffers:           87724 kB
Cached:           708980 kB
MemTotal:        1844596 kB
MemFree:          593400 kB
MemAvailable:    1363268 kB
Buffers:           87724 kB
Cached:           708980 kB
MemTotal:        1844596 kB
MemFree:          584836 kB
MemAvailable:    1354704 kB
Buffers:           87724 kB
Cached:           708980 kB
MemTotal:        1844596 kB
MemFree:          586056 kB
MemAvailable:    1355924 kB
Buffers:           87724 kB
Cached:           708980 kB
MemTotal:        1844596 kB
MemFree:          584472 kB
MemAvailable:    1354340 kB
Buffers:           87724 kB
Cached:           708980 kB
MemTotal:        1844596 kB
MemFree:          585028 kB
MemAvailable:    1354896 kB
Buffers:           87724 kB
Cached:           708980 kB
MemTotal:        1844596 kB
MemFree:          585364 kB
MemAvailable:    1355232 kB
Buffers:           87724 kB
Cached:           708980 kB
MemTotal:        1844596 kB
MemFree:          585160 kB
MemAvailable:    1355028 kB
Buffers:           87724 kB
Cached:           708980 kB
MemTotal:        1844596 kB
MemFree:          585412 kB
MemAvailable:    1355280 kB
Buffers:           87724 kB
Cached:           708980 kB
MemTotal:        1844596 kB
MemFree:          582232 kB
MemAvailable:    1352100 kB
Buffers:           87724 kB
Cached:           708980 kB
MemTotal:        1844596 kB
MemFree:          583216 kB
MemAvailable:    1353084 kB
Buffers:           87724 kB
Cached:           708980 kB
MemTotal:        1844596 kB
MemFree:          582736 kB
MemAvailable:    1352604 kB
Buffers:           87724 kB
Cached:           708980 kB
MemTotal:        1844596 kB
MemFree:          583224 kB
MemAvailable:    1353092 kB
Buffers:           87724 kB
Cached:           708980 kB
MemTotal:        1844596 kB
MemFree:          583152 kB
MemAvailable:    1353020 kB
Buffers:           87724 kB
Cached:           709104 kB
MemTotal:        1844596 kB
MemFree:          581976 kB
MemAvailable:    1351928 kB
Buffers:           87724 kB
Cached:           709104 kB
MemTotal:        1844596 kB
MemFree:          583160 kB
MemAvailable:    1353364 kB
Buffers:           87724 kB
Cached:           709352 kB
MemTotal:        1844596 kB
MemFree:          581860 kB
MemAvailable:    1352064 kB
Buffers:           87724 kB
Cached:           709352 kB
MemTotal:        1844596 kB
MemFree:          582452 kB
MemAvailable:    1352824 kB
Buffers:           87724 kB
Cached:           709476 kB
MemTotal:        1844596 kB
MemFree:          582704 kB
MemAvailable:    1353076 kB
Buffers:           87724 kB
Cached:           709476 kB
MemTotal:        1844596 kB
MemFree:          581308 kB
MemAvailable:    1351764 kB
Buffers:           87724 kB
Cached:           709476 kB
MemTotal:        1844596 kB
MemFree:          581184 kB
MemAvailable:    1351640 kB
Buffers:           87724 kB
Cached:           709600 kB
MemTotal:        1844596 kB
MemFree:          581432 kB
MemAvailable:    1351888 kB
Buffers:           87724 kB
Cached:           709600 kB
MemTotal:        1844596 kB
MemFree:          582416 kB
MemAvailable:    1352872 kB
Buffers:           87724 kB
Cached:           709600 kB
MemTotal:        1844596 kB
MemFree:          582416 kB
MemAvailable:    1352872 kB
Buffers:           87724 kB
Cached:           709600 kB
MemTotal:        1844596 kB
MemFree:          582168 kB
MemAvailable:    1352624 kB
Buffers:           87724 kB
Cached:           709600 kB
MemTotal:        1844596 kB
MemFree:          582504 kB
MemAvailable:    1352960 kB
Buffers:           87724 kB
Cached:           709600 kB
MemTotal:        1844596 kB
MemFree:          582228 kB
MemAvailable:    1352852 kB
Buffers:           87724 kB
Cached:           709848 kB
MemTotal:        1844596 kB
MemFree:          582824 kB
MemAvailable:    1352692 kB
Buffers:           87724 kB
Cached:           709008 kB
MemTotal:        1844596 kB
MemFree:          580976 kB
MemAvailable:    1350844 kB
Buffers:           87724 kB
Cached:           709008 kB
MemTotal:        1844596 kB
MemFree:          738028 kB
MemAvailable:    1507896 kB
Buffers:           87724 kB
Cached:           709008 kB
MemTotal:        1844596 kB
MemFree:          660612 kB
MemAvailable:    1430480 kB
Buffers:           87724 kB
Cached:           709008 kB
