MemTotal:        1844596 kB
MemFree:          631468 kB
MemAvailable:    1546872 kB
Buffers:           90856 kB
Cached:           845400 kB
MemTotal:        1844596 kB
MemFree:          605576 kB
MemAvailable:    1520988 kB
Buffers:           90856 kB
Cached:           845404 kB
MemTotal:        1844596 kB
MemFree:          603344 kB
MemAvailable:    1518756 kB
Buffers:           90856 kB
Cached:           845404 kB
MemTotal:        1844596 kB
MemFree:          602592 kB
MemAvailable:    1518004 kB
Buffers:           90856 kB
Cached:           845404 kB
MemTotal:        1844596 kB
MemFree:          600800 kB
MemAvailable:    1516212 kB
Buffers:           90856 kB
Cached:           845404 kB
MemTotal:        1844596 kB
MemFree:          599500 kB
MemAvailable:    1514912 kB
Buffers:           90856 kB
Cached:           845404 kB
MemTotal:        1844596 kB
MemFree:          598880 kB
MemAvailable:    1514292 kB
Buffers:           90856 kB
Cached:           845404 kB
MemTotal:        1844596 kB
MemFree:          596516 kB
MemAvailable:    1511928 kB
Buffers:           90856 kB
Cached:           845404 kB
MemTotal:        1844596 kB
MemFree:          595648 kB
MemAvailable:    1511060 kB
Buffers:           90856 kB
Cached:           845404 kB
MemTotal:        1844596 kB
MemFree:          592804 kB
MemAvailable:    1508216 kB
Buffers:           90856 kB
Cached:           845404 kB
MemTotal:        1844596 kB
MemFree:          588464 kB
MemAvailable:    1503876 kB
Buffers:           90856 kB
Cached:           845404 kB
MemTotal:        1844596 kB
MemFree:          591756 kB
MemAvailable:    1507168 kB
Buffers:           90856 kB
Cached:           845404 kB
MemTotal:        1844596 kB
MemFree:          591688 kB
MemAvailable:    1507100 kB
Buffers:           90856 kB
Cached:           845404 kB
MemTotal:        1844596 kB
MemFree:          591924 kB
MemAvailable:    1507336 kB
Buffers:           90856 kB
Cached:           845404 kB
MemTotal:        1844596 kB
MemFree:          590636 kB
MemAvailable:    1506048 kB
Buffers:           90856 kB
Cached:           845404 kB
MemTotal:        1844596 kB
MemFree:          590696 kB
MemAvailable:    1506108 kB
Buffers:           90856 kB
Cached:           845404 kB
MemTotal:        1844596 kB
MemFree:          591480 kB
MemAvailable:    1506892 kB
Buffers:           90856 kB
Cached:           845404 kB
MemTotal:        1844596 kB
MemFree:          591608 kB
MemAvailable:    1507020 kB
Buffers:           90856 kB
Cached:           845404 kB
MemTotal:        1844596 kB
MemFree:          591504 kB
MemAvailable:    1506916 kB
Buffers:           90856 kB
Cached:           845404 kB
MemTotal:        1844596 kB
MemFree:          591344 kB
MemAvailable:    1506756 kB
Buffers:           90856 kB
Cached:           845404 kB
MemTotal:        1844596 kB
MemFree:          591232 kB
MemAvailable:    1506644 kB
Buffers:           90856 kB
Cached:           845404 kB
MemTotal:        1844596 kB
MemFree:          589920 kB
MemAvailable:    1505332 kB
Buffers:           90856 kB
Cached:           845404 kB
MemTotal:        1844596 kB
MemFree:          590168 kB
MemAvailable:    1505580 kB
Buffers:           90856 kB
Cached:           845404 kB
MemTotal:        1844596 kB
MemFree:          590820 kB
MemAvailable:    1506232 kB
Buffers:           90856 kB
Cached:           845404 kB
MemTotal:        1844596 kB
MemFree:          589456 kB
MemAvailable:    1504868 kB
Buffers:           90856 kB
Cached:           845404 kB
MemTotal:        1844596 kB
MemFree:          590260 kB
MemAvailable:    1505672 kB
Buffers:           90856 kB
Cached:           845404 kB
MemTotal:        1844596 kB
MemFree:          589216 kB
MemAvailable:    1504628 kB
Buffers:           90856 kB
Cached:           845404 kB
MemTotal:        1844596 kB
MemFree:          589680 kB
MemAvailable:    1505092 kB
Buffers:           90856 kB
Cached:           845404 kB
MemTotal:        1844596 kB
MemFree:          589932 kB
MemAvailable:    1505344 kB
Buffers:           90856 kB
Cached:           845404 kB
MemTotal:        1844596 kB
MemFree:          589208 kB
MemAvailable:    1504620 kB
Buffers:           90856 kB
Cached:           845404 kB
MemTotal:        1844596 kB
MemFree:          587960 kB
MemAvailable:    1503372 kB
Buffers:           90856 kB
Cached:           845404 kB
MemTotal:        1844596 kB
MemFree:          588084 kB
MemAvailable:    1503496 kB
Buffers:           90856 kB
Cached:           845404 kB
MemTotal:        1844596 kB
MemFree:          587844 kB
MemAvailable:    1503256 kB
Buffers:           90856 kB
Cached:           845404 kB
MemTotal:        1844596 kB
MemFree:          588092 kB
MemAvailable:    1503504 kB
Buffers:           90856 kB
Cached:           845404 kB
MemTotal:        1844596 kB
MemFree:          587720 kB
MemAvailable:    1503132 kB
Buffers:           90856 kB
Cached:           845404 kB
MemTotal:        1844596 kB
MemFree:          587588 kB
MemAvailable:    1503000 kB
Buffers:           90856 kB
Cached:           845404 kB
MemTotal:        1844596 kB
MemFree:          589020 kB
MemAvailable:    1504432 kB
Buffers:           90856 kB
Cached:           845404 kB
MemTotal:        1844596 kB
MemFree:          588764 kB
MemAvailable:    1504176 kB
Buffers:           90856 kB
Cached:           845404 kB
MemTotal:        1844596 kB
MemFree:          587904 kB
MemAvailable:    1503316 kB
Buffers:           90856 kB
Cached:           845404 kB
MemTotal:        1844596 kB
MemFree:          586356 kB
MemAvailable:    1501768 kB
Buffers:           90856 kB
Cached:           845404 kB
MemTotal:        1844596 kB
MemFree:          583744 kB
MemAvailable:    1499156 kB
Buffers:           90856 kB
Cached:           845404 kB
MemTotal:        1844596 kB
MemFree:          582512 kB
MemAvailable:    1497924 kB
Buffers:           90856 kB
Cached:           845404 kB
MemTotal:        1844596 kB
MemFree:          583324 kB
MemAvailable:    1498736 kB
Buffers:           90856 kB
Cached:           845404 kB
MemTotal:        1844596 kB
MemFree:          582216 kB
MemAvailable:    1497628 kB
Buffers:           90856 kB
Cached:           845404 kB
MemTotal:        1844596 kB
MemFree:          583188 kB
MemAvailable:    1498600 kB
Buffers:           90856 kB
Cached:           845404 kB
MemTotal:        1844596 kB
MemFree:          583440 kB
MemAvailable:    1498852 kB
Buffers:           90856 kB
Cached:           845404 kB
MemTotal:        1844596 kB
MemFree:          583208 kB
MemAvailable:    1498620 kB
Buffers:           90856 kB
Cached:           845404 kB
MemTotal:        1844596 kB
MemFree:          582208 kB
MemAvailable:    1497620 kB
Buffers:           90856 kB
Cached:           845404 kB
MemTotal:        1844596 kB
MemFree:          583000 kB
MemAvailable:    1498416 kB
Buffers:           90856 kB
Cached:           845408 kB
MemTotal:        1844596 kB
MemFree:          582396 kB
MemAvailable:    1497812 kB
Buffers:           90856 kB
Cached:           845408 kB
MemTotal:        1844596 kB
MemFree:          582988 kB
MemAvailable:    1498404 kB
Buffers:           90856 kB
Cached:           845408 kB
MemTotal:        1844596 kB
MemFree:          583028 kB
MemAvailable:    1498444 kB
Buffers:           90856 kB
Cached:           845408 kB
MemTotal:        1844596 kB
MemFree:          581708 kB
MemAvailable:    1497124 kB
Buffers:           90856 kB
Cached:           845408 kB
MemTotal:        1844596 kB
MemFree:          583080 kB
MemAvailable:    1498496 kB
Buffers:           90856 kB
Cached:           845408 kB
MemTotal:        1844596 kB
MemFree:          583000 kB
MemAvailable:    1498416 kB
Buffers:           90856 kB
Cached:           845408 kB
MemTotal:        1844596 kB
MemFree:          581952 kB
MemAvailable:    1497368 kB
Buffers:           90856 kB
Cached:           845408 kB
MemTotal:        1844596 kB
MemFree:          578420 kB
MemAvailable:    1493836 kB
Buffers:           90856 kB
Cached:           845408 kB
MemTotal:        1844596 kB
MemFree:          577164 kB
MemAvailable:    1492580 kB
Buffers:           90856 kB
Cached:           845408 kB
MemTotal:        1844596 kB
MemFree:          577248 kB
MemAvailable:    1492664 kB
Buffers:           90856 kB
Cached:           845408 kB
MemTotal:        1844596 kB
MemFree:          576552 kB
MemAvailable:    1491968 kB
Buffers:           90856 kB
Cached:           845408 kB
MemTotal:        1844596 kB
MemFree:          576888 kB
MemAvailable:    1492304 kB
Buffers:           90856 kB
Cached:           845408 kB
MemTotal:        1844596 kB
MemFree:          574072 kB
MemAvailable:    1489488 kB
Buffers:           90856 kB
Cached:           845408 kB
MemTotal:        1844596 kB
MemFree:          573460 kB
MemAvailable:    1488876 kB
Buffers:           90856 kB
Cached:           845408 kB
MemTotal:        1844596 kB
MemFree:          573460 kB
MemAvailable:    1488876 kB
Buffers:           90856 kB
Cached:           845408 kB
MemTotal:        1844596 kB
MemFree:          574392 kB
MemAvailable:    1489808 kB
Buffers:           90856 kB
Cached:           845408 kB
MemTotal:        1844596 kB
MemFree:          574644 kB
MemAvailable:    1490060 kB
Buffers:           90856 kB
Cached:           845408 kB
MemTotal:        1844596 kB
MemFree:          574312 kB
MemAvailable:    1489728 kB
Buffers:           90856 kB
Cached:           845408 kB
MemTotal:        1844596 kB
MemFree:          574504 kB
MemAvailable:    1489920 kB
Buffers:           90856 kB
Cached:           845408 kB
MemTotal:        1844596 kB
MemFree:          573460 kB
MemAvailable:    1488876 kB
Buffers:           90856 kB
Cached:           845408 kB
MemTotal:        1844596 kB
MemFree:          574380 kB
MemAvailable:    1489796 kB
Buffers:           90856 kB
Cached:           845408 kB
MemTotal:        1844596 kB
MemFree:          573344 kB
MemAvailable:    1488760 kB
Buffers:           90856 kB
Cached:           845408 kB
MemTotal:        1844596 kB
MemFree:          574256 kB
MemAvailable:    1489672 kB
Buffers:           90856 kB
Cached:           845408 kB
MemTotal:        1844596 kB
MemFree:          572956 kB
MemAvailable:    1488372 kB
Buffers:           90856 kB
Cached:           845408 kB
MemTotal:        1844596 kB
MemFree:          573460 kB
MemAvailable:    1488876 kB
Buffers:           90856 kB
Cached:           845408 kB
MemTotal:        1844596 kB
MemFree:          574248 kB
MemAvailable:    1489668 kB
Buffers:           90856 kB
Cached:           845412 kB
MemTotal:        1844596 kB
MemFree:          574476 kB
MemAvailable:    1489896 kB
Buffers:           90856 kB
Cached:           845412 kB
MemTotal:        1844596 kB
MemFree:          573656 kB
MemAvailable:    1489076 kB
Buffers:           90856 kB
Cached:           845412 kB
MemTotal:        1844596 kB
MemFree:          574256 kB
MemAvailable:    1489676 kB
Buffers:           90856 kB
Cached:           845412 kB
MemTotal:        1844596 kB
MemFree:          574132 kB
MemAvailable:    1489552 kB
Buffers:           90856 kB
Cached:           845412 kB
MemTotal:        1844596 kB
MemFree:          572652 kB
MemAvailable:    1488072 kB
Buffers:           90856 kB
Cached:           845412 kB
MemTotal:        1844596 kB
MemFree:          573888 kB
MemAvailable:    1489308 kB
Buffers:           90856 kB
Cached:           845412 kB
MemTotal:        1844596 kB
MemFree:          573964 kB
MemAvailable:    1489384 kB
Buffers:           90856 kB
Cached:           845412 kB
MemTotal:        1844596 kB
MemFree:          573948 kB
MemAvailable:    1489368 kB
Buffers:           90856 kB
Cached:           845412 kB
MemTotal:        1844596 kB
MemFree:          574200 kB
MemAvailable:    1489620 kB
Buffers:           90856 kB
Cached:           845412 kB
MemTotal:        1844596 kB
MemFree:          573884 kB
MemAvailable:    1489304 kB
Buffers:           90856 kB
Cached:           845412 kB
MemTotal:        1844596 kB
MemFree:          572032 kB
MemAvailable:    1487452 kB
Buffers:           90856 kB
Cached:           845412 kB
MemTotal:        1844596 kB
MemFree:          569120 kB
MemAvailable:    1484540 kB
Buffers:           90856 kB
Cached:           845412 kB
MemTotal:        1844596 kB
MemFree:          566888 kB
MemAvailable:    1482308 kB
Buffers:           90856 kB
Cached:           845412 kB
MemTotal:        1844596 kB
MemFree:          565640 kB
MemAvailable:    1481060 kB
Buffers:           90856 kB
Cached:           845412 kB
MemTotal:        1844596 kB
MemFree:          565780 kB
MemAvailable:    1481200 kB
Buffers:           90856 kB
Cached:           845412 kB
MemTotal:        1844596 kB
MemFree:          565336 kB
MemAvailable:    1480756 kB
Buffers:           90856 kB
Cached:           845412 kB
MemTotal:        1844596 kB
MemFree:          565672 kB
MemAvailable:    1481092 kB
Buffers:           90856 kB
Cached:           845412 kB
MemTotal:        1844596 kB
MemFree:          565372 kB
MemAvailable:    1480792 kB
Buffers:           90856 kB
Cached:           845412 kB
MemTotal:        1844596 kB
MemFree:          565372 kB
MemAvailable:    1480792 kB
Buffers:           90856 kB
Cached:           845412 kB
MemTotal:        1844596 kB
MemFree:          565264 kB
MemAvailable:    1480684 kB
Buffers:           90856 kB
Cached:           845412 kB
MemTotal:        1844596 kB
MemFree:          565276 kB
MemAvailable:    1480696 kB
Buffers:           90856 kB
Cached:           845412 kB
MemTotal:        1844596 kB
MemFree:          564092 kB
MemAvailable:    1479512 kB
Buffers:           90856 kB
Cached:           845412 kB
MemTotal:        1844596 kB
MemFree:          565312 kB
MemAvailable:    1480732 kB
Buffers:           90856 kB
Cached:           845412 kB
MemTotal:        1844596 kB
MemFree:          565140 kB
MemAvailable:    1480560 kB
Buffers:           90856 kB
Cached:           845412 kB
MemTotal:        1844596 kB
MemFree:          564000 kB
MemAvailable:    1479420 kB
Buffers:           90856 kB
Cached:           845412 kB
MemTotal:        1844596 kB
MemFree:          565260 kB
MemAvailable:    1480680 kB
Buffers:           90856 kB
Cached:           845412 kB
MemTotal:        1844596 kB
MemFree:          565296 kB
MemAvailable:    1480716 kB
Buffers:           90856 kB
Cached:           845412 kB
MemTotal:        1844596 kB
MemFree:          564904 kB
MemAvailable:    1480324 kB
Buffers:           90856 kB
Cached:           845412 kB
MemTotal:        1844596 kB
MemFree:          565276 kB
MemAvailable:    1480696 kB
Buffers:           90856 kB
Cached:           845412 kB
MemTotal:        1844596 kB
MemFree:          563880 kB
MemAvailable:    1479300 kB
Buffers:           90856 kB
Cached:           845412 kB
MemTotal:        1844596 kB
MemFree:          564408 kB
MemAvailable:    1479828 kB
Buffers:           90856 kB
Cached:           845412 kB
MemTotal:        1844596 kB
MemFree:          565608 kB
MemAvailable:    1481028 kB
Buffers:           90856 kB
Cached:           845412 kB
MemTotal:        1844596 kB
MemFree:          564408 kB
MemAvailable:    1479828 kB
Buffers:           90856 kB
Cached:           845412 kB
MemTotal:        1844596 kB
MemFree:          565400 kB
MemAvailable:    1480820 kB
Buffers:           90856 kB
Cached:           845412 kB
MemTotal:        1844596 kB
MemFree:          565220 kB
MemAvailable:    1480640 kB
Buffers:           90856 kB
Cached:           845412 kB
MemTotal:        1844596 kB
MemFree:          565472 kB
MemAvailable:    1480892 kB
Buffers:           90856 kB
Cached:           845412 kB
MemTotal:        1844596 kB
MemFree:          565228 kB
MemAvailable:    1480648 kB
Buffers:           90856 kB
Cached:           845412 kB
MemTotal:        1844596 kB
MemFree:          563980 kB
MemAvailable:    1479400 kB
Buffers:           90856 kB
Cached:           845412 kB
MemTotal:        1844596 kB
MemFree:          564024 kB
MemAvailable:    1479444 kB
Buffers:           90856 kB
Cached:           845412 kB
MemTotal:        1844596 kB
MemFree:          565068 kB
MemAvailable:    1480488 kB
Buffers:           90856 kB
Cached:           845412 kB
MemTotal:        1844596 kB
MemFree:          565320 kB
MemAvailable:    1480740 kB
Buffers:           90856 kB
Cached:           845412 kB
MemTotal:        1844596 kB
MemFree:          565336 kB
MemAvailable:    1480756 kB
Buffers:           90856 kB
Cached:           845412 kB
MemTotal:        1844596 kB
MemFree:          565136 kB
MemAvailable:    1480556 kB
Buffers:           90856 kB
Cached:           845412 kB
MemTotal:        1844596 kB
MemFree:          565136 kB
MemAvailable:    1480556 kB
Buffers:           90856 kB
Cached:           845412 kB
MemTotal:        1844596 kB
MemFree:          564956 kB
MemAvailable:    1480376 kB
Buffers:           90856 kB
Cached:           845412 kB
MemTotal:        1844596 kB
MemFree:          565292 kB
MemAvailable:    1480712 kB
Buffers:           90856 kB
Cached:           845412 kB
MemTotal:        1844596 kB
MemFree:          565120 kB
MemAvailable:    1480540 kB
Buffers:           90856 kB
Cached:           845412 kB
MemTotal:        1844596 kB
MemFree:          565276 kB
MemAvailable:    1480696 kB
Buffers:           90856 kB
Cached:           845412 kB
MemTotal:        1844596 kB
MemFree:          565156 kB
MemAvailable:    1480576 kB
Buffers:           90856 kB
Cached:           845412 kB
MemTotal:        1844596 kB
MemFree:          563980 kB
MemAvailable:    1479400 kB
Buffers:           90856 kB
Cached:           845412 kB
MemTotal:        1844596 kB
MemFree:          563400 kB
MemAvailable:    1478828 kB
Buffers:           90856 kB
Cached:           845420 kB
MemTotal:        1844596 kB
MemFree:          563364 kB
MemAvailable:    1478792 kB
Buffers:           90856 kB
Cached:           845420 kB
MemTotal:        1844596 kB
MemFree:          558748 kB
MemAvailable:    1474176 kB
Buffers:           90856 kB
Cached:           845420 kB
MemTotal:        1844596 kB
MemFree:          556968 kB
MemAvailable:    1472396 kB
Buffers:           90856 kB
Cached:           845420 kB
MemTotal:        1844596 kB
MemFree:          554716 kB
MemAvailable:    1470144 kB
Buffers:           90856 kB
Cached:           845420 kB
MemTotal:        1844596 kB
MemFree:          554548 kB
MemAvailable:    1469976 kB
Buffers:           90856 kB
Cached:           845420 kB
MemTotal:        1844596 kB
MemFree:          554500 kB
MemAvailable:    1469928 kB
Buffers:           90856 kB
Cached:           845420 kB
MemTotal:        1844596 kB
MemFree:          553372 kB
MemAvailable:    1468800 kB
Buffers:           90856 kB
Cached:           845420 kB
MemTotal:        1844596 kB
MemFree:          554220 kB
MemAvailable:    1469648 kB
Buffers:           90856 kB
Cached:           845420 kB
MemTotal:        1844596 kB
MemFree:          554556 kB
MemAvailable:    1469984 kB
Buffers:           90856 kB
Cached:           845420 kB
MemTotal:        1844596 kB
MemFree:          553188 kB
MemAvailable:    1468616 kB
Buffers:           90856 kB
Cached:           845420 kB
MemTotal:        1844596 kB
MemFree:          553188 kB
MemAvailable:    1468616 kB
Buffers:           90856 kB
Cached:           845420 kB
MemTotal:        1844596 kB
MemFree:          553436 kB
MemAvailable:    1468864 kB
Buffers:           90856 kB
Cached:           845420 kB
MemTotal:        1844596 kB
MemFree:          553188 kB
MemAvailable:    1468616 kB
Buffers:           90856 kB
Cached:           845420 kB
MemTotal:        1844596 kB
MemFree:          553188 kB
MemAvailable:    1468616 kB
Buffers:           90856 kB
Cached:           845420 kB
MemTotal:        1844596 kB
MemFree:          554612 kB
MemAvailable:    1470040 kB
Buffers:           90856 kB
Cached:           845420 kB
MemTotal:        1844596 kB
MemFree:          553496 kB
MemAvailable:    1468924 kB
Buffers:           90856 kB
Cached:           845420 kB
MemTotal:        1844596 kB
MemFree:          554780 kB
MemAvailable:    1470208 kB
Buffers:           90856 kB
Cached:           845420 kB
MemTotal:        1844596 kB
MemFree:          553504 kB
MemAvailable:    1468932 kB
Buffers:           90856 kB
Cached:           845420 kB
MemTotal:        1844596 kB
MemFree:          554184 kB
MemAvailable:    1469612 kB
Buffers:           90856 kB
Cached:           845420 kB
MemTotal:        1844596 kB
MemFree:          554520 kB
MemAvailable:    1469948 kB
Buffers:           90856 kB
Cached:           845420 kB
MemTotal:        1844596 kB
MemFree:          554224 kB
MemAvailable:    1469652 kB
Buffers:           90856 kB
Cached:           845420 kB
MemTotal:        1844596 kB
MemFree:          554560 kB
MemAvailable:    1469988 kB
Buffers:           90856 kB
Cached:           845420 kB
MemTotal:        1844596 kB
MemFree:          552936 kB
MemAvailable:    1468364 kB
Buffers:           90856 kB
Cached:           845420 kB
MemTotal:        1844596 kB
MemFree:          554404 kB
MemAvailable:    1469832 kB
Buffers:           90856 kB
Cached:           845420 kB
MemTotal:        1844596 kB
MemFree:          553628 kB
MemAvailable:    1469056 kB
Buffers:           90856 kB
Cached:           845420 kB
MemTotal:        1844596 kB
MemFree:          554316 kB
MemAvailable:    1469744 kB
Buffers:           90856 kB
Cached:           845420 kB
MemTotal:        1844596 kB
MemFree:          554572 kB
MemAvailable:    1470000 kB
Buffers:           90856 kB
Cached:           845420 kB
MemTotal:        1844596 kB
MemFree:          552992 kB
MemAvailable:    1468420 kB
Buffers:           90856 kB
Cached:           845420 kB
MemTotal:        1844596 kB
MemFree:          553200 kB
MemAvailable:    1468628 kB
Buffers:           90856 kB
Cached:           845420 kB
MemTotal:        1844596 kB
MemFree:          554348 kB
MemAvailable:    1469776 kB
Buffers:           90856 kB
Cached:           845420 kB
MemTotal:        1844596 kB
MemFree:          554600 kB
MemAvailable:    1470028 kB
Buffers:           90856 kB
Cached:           845420 kB
MemTotal:        1844596 kB
MemFree:          554476 kB
MemAvailable:    1469904 kB
Buffers:           90856 kB
Cached:           845420 kB
MemTotal:        1844596 kB
MemFree:          553064 kB
MemAvailable:    1468492 kB
Buffers:           90856 kB
Cached:           845420 kB
MemTotal:        1844596 kB
MemFree:          554208 kB
MemAvailable:    1469636 kB
Buffers:           90856 kB
Cached:           845420 kB
MemTotal:        1844596 kB
MemFree:          554356 kB
MemAvailable:    1469784 kB
Buffers:           90856 kB
Cached:           845420 kB
MemTotal:        1844596 kB
MemFree:          553072 kB
MemAvailable:    1468500 kB
Buffers:           90856 kB
Cached:           845420 kB
MemTotal:        1844596 kB
MemFree:          554300 kB
MemAvailable:    1469728 kB
Buffers:           90856 kB
Cached:           845420 kB
MemTotal:        1844596 kB
MemFree:          553628 kB
MemAvailable:    1469056 kB
Buffers:           90856 kB
Cached:           845420 kB
MemTotal:        1844596 kB
MemFree:          554464 kB
MemAvailable:    1469892 kB
Buffers:           90856 kB
Cached:           845420 kB
MemTotal:        1844596 kB
MemFree:          554800 kB
MemAvailable:    1470228 kB
Buffers:           90856 kB
Cached:           845420 kB
MemTotal:        1844596 kB
MemFree:          554340 kB
MemAvailable:    1469768 kB
Buffers:           90856 kB
Cached:           845420 kB
MemTotal:        1844596 kB
MemFree:          554676 kB
MemAvailable:    1470104 kB
Buffers:           90856 kB
Cached:           845420 kB
MemTotal:        1844596 kB
MemFree:          554348 kB
MemAvailable:    1469776 kB
Buffers:           90856 kB
Cached:           845420 kB
MemTotal:        1844596 kB
MemFree:          553380 kB
MemAvailable:    1468808 kB
Buffers:           90856 kB
Cached:           845420 kB
MemTotal:        1844596 kB
MemFree:          554224 kB
MemAvailable:    1469652 kB
Buffers:           90856 kB
Cached:           845420 kB
MemTotal:        1844596 kB
MemFree:          554560 kB
MemAvailable:    1469988 kB
Buffers:           90856 kB
Cached:           845420 kB
MemTotal:        1844596 kB
MemFree:          554484 kB
MemAvailable:    1469912 kB
Buffers:           90856 kB
Cached:           845420 kB
MemTotal:        1844596 kB
MemFree:          554296 kB
MemAvailable:    1469724 kB
Buffers:           90856 kB
Cached:           845420 kB
MemTotal:        1844596 kB
MemFree:          553868 kB
MemAvailable:    1469296 kB
Buffers:           90856 kB
Cached:           845420 kB
MemTotal:        1844596 kB
MemFree:          552984 kB
MemAvailable:    1468412 kB
Buffers:           90856 kB
Cached:           845420 kB
MemTotal:        1844596 kB
MemFree:          553108 kB
MemAvailable:    1468536 kB
Buffers:           90856 kB
Cached:           845420 kB
MemTotal:        1844596 kB
MemFree:          554116 kB
MemAvailable:    1469544 kB
Buffers:           90856 kB
Cached:           845420 kB
MemTotal:        1844596 kB
MemFree:          552628 kB
MemAvailable:    1468056 kB
Buffers:           90856 kB
Cached:           845420 kB
MemTotal:        1844596 kB
MemFree:          552372 kB
MemAvailable:    1467800 kB
Buffers:           90856 kB
Cached:           845420 kB
MemTotal:        1844596 kB
MemFree:          553232 kB
MemAvailable:    1468660 kB
Buffers:           90856 kB
Cached:           845420 kB
MemTotal:        1844596 kB
MemFree:          553372 kB
MemAvailable:    1468800 kB
Buffers:           90856 kB
Cached:           845420 kB
MemTotal:        1844596 kB
MemFree:          553192 kB
MemAvailable:    1468620 kB
Buffers:           90856 kB
Cached:           845420 kB
MemTotal:        1844596 kB
MemFree:          553048 kB
MemAvailable:    1468476 kB
Buffers:           90856 kB
Cached:           845420 kB
MemTotal:        1844596 kB
MemFree:          553216 kB
MemAvailable:    1468644 kB
Buffers:           90856 kB
Cached:           845420 kB
MemTotal:        1844596 kB
MemFree:          553164 kB
MemAvailable:    1468592 kB
Buffers:           90856 kB
Cached:           845420 kB
MemTotal:        1844596 kB
MemFree:          551988 kB
MemAvailable:    1467416 kB
Buffers:           90856 kB
Cached:           845420 kB
MemTotal:        1844596 kB
MemFree:          553124 kB
MemAvailable:    1468552 kB
Buffers:           90856 kB
Cached:           845420 kB
MemTotal:        1844596 kB
MemFree:          551564 kB
MemAvailable:    1466992 kB
Buffers:           90856 kB
Cached:           845420 kB
MemTotal:        1844596 kB
MemFree:          552924 kB
MemAvailable:    1468352 kB
Buffers:           90856 kB
Cached:           845420 kB
MemTotal:        1844596 kB
MemFree:          552008 kB
MemAvailable:    1467436 kB
Buffers:           90856 kB
Cached:           845420 kB
MemTotal:        1844596 kB
MemFree:          551636 kB
MemAvailable:    1467072 kB
Buffers:           90856 kB
Cached:           845428 kB
MemTotal:        1844596 kB
MemFree:          552992 kB
MemAvailable:    1468428 kB
Buffers:           90856 kB
Cached:           845428 kB
MemTotal:        1844596 kB
MemFree:          551504 kB
MemAvailable:    1466940 kB
Buffers:           90856 kB
Cached:           845428 kB
MemTotal:        1844596 kB
MemFree:          552864 kB
MemAvailable:    1468300 kB
Buffers:           90856 kB
Cached:           845428 kB
MemTotal:        1844596 kB
MemFree:          552552 kB
MemAvailable:    1467988 kB
Buffers:           90856 kB
Cached:           845428 kB
MemTotal:        1844596 kB
MemFree:          552720 kB
MemAvailable:    1468156 kB
Buffers:           90856 kB
Cached:           845428 kB
MemTotal:        1844596 kB
MemFree:          552696 kB
MemAvailable:    1468132 kB
Buffers:           90856 kB
Cached:           845428 kB
MemTotal:        1844596 kB
MemFree:          552612 kB
MemAvailable:    1468048 kB
Buffers:           90856 kB
Cached:           845428 kB
MemTotal:        1844596 kB
MemFree:          552504 kB
MemAvailable:    1467940 kB
Buffers:           90856 kB
Cached:           845428 kB
MemTotal:        1844596 kB
MemFree:          552356 kB
MemAvailable:    1467792 kB
Buffers:           90856 kB
Cached:           845428 kB
MemTotal:        1844596 kB
MemFree:          552628 kB
MemAvailable:    1468064 kB
Buffers:           90856 kB
Cached:           845428 kB
MemTotal:        1844596 kB
MemFree:          551376 kB
MemAvailable:    1466812 kB
Buffers:           90856 kB
Cached:           845428 kB
MemTotal:        1844596 kB
MemFree:          551376 kB
MemAvailable:    1466812 kB
Buffers:           90856 kB
Cached:           845428 kB
MemTotal:        1844596 kB
MemFree:          550264 kB
MemAvailable:    1465700 kB
Buffers:           90856 kB
Cached:           845428 kB
MemTotal:        1844596 kB
MemFree:          548348 kB
MemAvailable:    1463784 kB
Buffers:           90856 kB
Cached:           845428 kB
MemTotal:        1844596 kB
MemFree:          543320 kB
MemAvailable:    1458756 kB
Buffers:           90856 kB
Cached:           845428 kB
MemTotal:        1844596 kB
MemFree:          543336 kB
MemAvailable:    1458772 kB
Buffers:           90856 kB
Cached:           845428 kB
MemTotal:        1844596 kB
MemFree:          541964 kB
MemAvailable:    1457400 kB
Buffers:           90856 kB
Cached:           845428 kB
MemTotal:        1844596 kB
MemFree:          541188 kB
MemAvailable:    1456624 kB
Buffers:           90856 kB
Cached:           845428 kB
MemTotal:        1844596 kB
MemFree:          541188 kB
MemAvailable:    1456624 kB
Buffers:           90856 kB
Cached:           845428 kB
MemTotal:        1844596 kB
MemFree:          541084 kB
MemAvailable:    1456520 kB
Buffers:           90856 kB
Cached:           845428 kB
MemTotal:        1844596 kB
MemFree:          539908 kB
MemAvailable:    1455344 kB
Buffers:           90856 kB
Cached:           845428 kB
MemTotal:        1844596 kB
MemFree:          539608 kB
MemAvailable:    1455044 kB
Buffers:           90856 kB
Cached:           845428 kB
MemTotal:        1844596 kB
MemFree:          540220 kB
MemAvailable:    1455656 kB
Buffers:           90856 kB
Cached:           845428 kB
MemTotal:        1844596 kB
MemFree:          540304 kB
MemAvailable:    1455740 kB
Buffers:           90856 kB
Cached:           845428 kB
MemTotal:        1844596 kB
MemFree:          539360 kB
MemAvailable:    1454796 kB
Buffers:           90856 kB
Cached:           845428 kB
MemTotal:        1844596 kB
MemFree:          538800 kB
MemAvailable:    1454236 kB
Buffers:           90856 kB
Cached:           845428 kB
MemTotal:        1844596 kB
MemFree:          537128 kB
MemAvailable:    1452564 kB
Buffers:           90856 kB
Cached:           845428 kB
MemTotal:        1844596 kB
MemFree:          537732 kB
MemAvailable:    1453168 kB
Buffers:           90856 kB
Cached:           845428 kB
MemTotal:        1844596 kB
MemFree:          538068 kB
MemAvailable:    1453504 kB
Buffers:           90856 kB
Cached:           845428 kB
MemTotal:        1844596 kB
MemFree:          537740 kB
MemAvailable:    1453176 kB
Buffers:           90856 kB
Cached:           845428 kB
MemTotal:        1844596 kB
MemFree:          536452 kB
MemAvailable:    1451888 kB
Buffers:           90856 kB
Cached:           845428 kB
MemTotal:        1844596 kB
MemFree:          536320 kB
MemAvailable:    1451756 kB
Buffers:           90856 kB
Cached:           845428 kB
MemTotal:        1844596 kB
MemFree:          536320 kB
MemAvailable:    1451756 kB
Buffers:           90856 kB
Cached:           845428 kB
MemTotal:        1844596 kB
MemFree:          537596 kB
MemAvailable:    1453032 kB
Buffers:           90856 kB
Cached:           845428 kB
MemTotal:        1844596 kB
MemFree:          537596 kB
MemAvailable:    1453032 kB
Buffers:           90856 kB
Cached:           845428 kB
MemTotal:        1844596 kB
MemFree:          537616 kB
MemAvailable:    1453052 kB
Buffers:           90856 kB
Cached:           845428 kB
MemTotal:        1844596 kB
MemFree:          537632 kB
MemAvailable:    1453068 kB
Buffers:           90856 kB
Cached:           845428 kB
MemTotal:        1844596 kB
MemFree:          536252 kB
MemAvailable:    1451688 kB
Buffers:           90856 kB
Cached:           845428 kB
MemTotal:        1844596 kB
MemFree:          537764 kB
MemAvailable:    1453200 kB
Buffers:           90856 kB
Cached:           845428 kB
MemTotal:        1844596 kB
MemFree:          536204 kB
MemAvailable:    1451640 kB
Buffers:           90856 kB
Cached:           845428 kB
MemTotal:        1844596 kB
MemFree:          537064 kB
MemAvailable:    1452500 kB
Buffers:           90856 kB
Cached:           845428 kB
MemTotal:        1844596 kB
MemFree:          535756 kB
MemAvailable:    1451192 kB
Buffers:           90856 kB
Cached:           845428 kB
MemTotal:        1844596 kB
MemFree:          535640 kB
MemAvailable:    1451076 kB
Buffers:           90856 kB
Cached:           845428 kB
MemTotal:        1844596 kB
MemFree:          535624 kB
MemAvailable:    1451060 kB
Buffers:           90856 kB
Cached:           845428 kB
MemTotal:        1844596 kB
MemFree:          535624 kB
MemAvailable:    1451060 kB
Buffers:           90856 kB
Cached:           845428 kB
MemTotal:        1844596 kB
MemFree:          535460 kB
MemAvailable:    1450896 kB
Buffers:           90856 kB
Cached:           845428 kB
MemTotal:        1844596 kB
MemFree:          534628 kB
MemAvailable:    1450064 kB
Buffers:           90856 kB
Cached:           845428 kB
MemTotal:        1844596 kB
MemFree:          533904 kB
MemAvailable:    1449340 kB
Buffers:           90856 kB
Cached:           845428 kB
MemTotal:        1844596 kB
MemFree:          534400 kB
MemAvailable:    1449836 kB
Buffers:           90856 kB
Cached:           845428 kB
MemTotal:        1844596 kB
MemFree:          533028 kB
MemAvailable:    1448464 kB
Buffers:           90856 kB
Cached:           845428 kB
MemTotal:        1844596 kB
MemFree:          534072 kB
MemAvailable:    1449508 kB
Buffers:           90856 kB
Cached:           845428 kB
MemTotal:        1844596 kB
MemFree:          532884 kB
MemAvailable:    1448320 kB
Buffers:           90856 kB
Cached:           845428 kB
MemTotal:        1844596 kB
MemFree:          533716 kB
MemAvailable:    1449152 kB
Buffers:           90856 kB
Cached:           845428 kB
MemTotal:        1844596 kB
MemFree:          533584 kB
MemAvailable:    1449020 kB
Buffers:           90856 kB
Cached:           845428 kB
MemTotal:        1844596 kB
MemFree:          533592 kB
MemAvailable:    1449028 kB
Buffers:           90856 kB
Cached:           845428 kB
MemTotal:        1844596 kB
MemFree:          533352 kB
MemAvailable:    1448788 kB
Buffers:           90856 kB
Cached:           845428 kB
MemTotal:        1844596 kB
MemFree:          533352 kB
MemAvailable:    1448788 kB
Buffers:           90856 kB
Cached:           845428 kB
MemTotal:        1844596 kB
MemFree:          532160 kB
MemAvailable:    1447596 kB
Buffers:           90856 kB
Cached:           845428 kB
MemTotal:        1844596 kB
MemFree:          532244 kB
MemAvailable:    1447680 kB
Buffers:           90856 kB
Cached:           845428 kB
MemTotal:        1844596 kB
MemFree:          532492 kB
MemAvailable:    1447928 kB
Buffers:           90856 kB
Cached:           845428 kB
MemTotal:        1844596 kB
MemFree:          532244 kB
MemAvailable:    1447680 kB
Buffers:           90856 kB
Cached:           845428 kB
MemTotal:        1844596 kB
MemFree:          533524 kB
MemAvailable:    1448960 kB
Buffers:           90856 kB
Cached:           845428 kB
MemTotal:        1844596 kB
MemFree:          533524 kB
MemAvailable:    1448960 kB
Buffers:           90856 kB
Cached:           845428 kB
MemTotal:        1844596 kB
MemFree:          533400 kB
MemAvailable:    1448836 kB
Buffers:           90856 kB
Cached:           845428 kB
MemTotal:        1844596 kB
MemFree:          533268 kB
MemAvailable:    1448704 kB
Buffers:           90856 kB
Cached:           845428 kB
MemTotal:        1844596 kB
MemFree:          532672 kB
MemAvailable:    1448108 kB
Buffers:           90856 kB
Cached:           845428 kB
MemTotal:        1844596 kB
MemFree:          533284 kB
MemAvailable:    1448720 kB
Buffers:           90856 kB
Cached:           845428 kB
MemTotal:        1844596 kB
MemFree:          531912 kB
MemAvailable:    1447348 kB
Buffers:           90856 kB
Cached:           845428 kB
MemTotal:        1844596 kB
MemFree:          533212 kB
MemAvailable:    1448648 kB
Buffers:           90856 kB
Cached:           845428 kB
MemTotal:        1844596 kB
MemFree:          533152 kB
MemAvailable:    1448588 kB
Buffers:           90856 kB
Cached:           845428 kB
MemTotal:        1844596 kB
MemFree:          533044 kB
MemAvailable:    1448480 kB
Buffers:           90856 kB
Cached:           845428 kB
MemTotal:        1844596 kB
MemFree:          533164 kB
MemAvailable:    1448600 kB
Buffers:           90856 kB
Cached:           845428 kB
MemTotal:        1844596 kB
MemFree:          533292 kB
MemAvailable:    1448728 kB
Buffers:           90856 kB
Cached:           845428 kB
MemTotal:        1844596 kB
MemFree:          532408 kB
MemAvailable:    1447844 kB
Buffers:           90856 kB
Cached:           845428 kB
MemTotal:        1844596 kB
MemFree:          532400 kB
MemAvailable:    1447836 kB
Buffers:           90856 kB
Cached:           845428 kB
MemTotal:        1844596 kB
MemFree:          531780 kB
MemAvailable:    1447216 kB
Buffers:           90856 kB
Cached:           845428 kB
MemTotal:        1844596 kB
MemFree:          532356 kB
MemAvailable:    1447792 kB
Buffers:           90856 kB
Cached:           845428 kB
MemTotal:        1844596 kB
MemFree:          533128 kB
MemAvailable:    1448564 kB
Buffers:           90856 kB
Cached:           845428 kB
MemTotal:        1844596 kB
MemFree:          533128 kB
MemAvailable:    1448564 kB
Buffers:           90856 kB
Cached:           845428 kB
MemTotal:        1844596 kB
MemFree:          531300 kB
MemAvailable:    1446736 kB
Buffers:           90856 kB
Cached:           845428 kB
MemTotal:        1844596 kB
MemFree:          531672 kB
MemAvailable:    1447108 kB
Buffers:           90856 kB
Cached:           845428 kB
MemTotal:        1844596 kB
MemFree:          531668 kB
MemAvailable:    1447104 kB
Buffers:           90856 kB
Cached:           845428 kB
MemTotal:        1844596 kB
MemFree:          530624 kB
MemAvailable:    1446072 kB
Buffers:           90856 kB
Cached:           845440 kB
MemTotal:        1844596 kB
MemFree:          529812 kB
MemAvailable:    1445260 kB
Buffers:           90856 kB
Cached:           845440 kB
MemTotal:        1844596 kB
MemFree:          528564 kB
MemAvailable:    1444012 kB
Buffers:           90856 kB
Cached:           845440 kB
MemTotal:        1844596 kB
MemFree:          528564 kB
MemAvailable:    1444012 kB
Buffers:           90856 kB
Cached:           845440 kB
MemTotal:        1844596 kB
MemFree:          524472 kB
MemAvailable:    1439920 kB
Buffers:           90856 kB
Cached:           845440 kB
MemTotal:        1844596 kB
MemFree:          523868 kB
MemAvailable:    1439316 kB
Buffers:           90856 kB
Cached:           845440 kB
MemTotal:        1844596 kB
MemFree:          519636 kB
MemAvailable:    1435084 kB
Buffers:           90856 kB
Cached:           845440 kB
MemTotal:        1844596 kB
MemFree:          519280 kB
MemAvailable:    1434728 kB
Buffers:           90856 kB
Cached:           845440 kB
MemTotal:        1844596 kB
MemFree:          515304 kB
MemAvailable:    1430752 kB
Buffers:           90856 kB
Cached:           845440 kB
MemTotal:        1844596 kB
MemFree:          513816 kB
MemAvailable:    1429264 kB
Buffers:           90856 kB
Cached:           845440 kB
MemTotal:        1844596 kB
MemFree:          513428 kB
MemAvailable:    1428876 kB
Buffers:           90856 kB
Cached:           845440 kB
MemTotal:        1844596 kB
MemFree:          514620 kB
MemAvailable:    1430068 kB
Buffers:           90856 kB
Cached:           845440 kB
MemTotal:        1844596 kB
MemFree:          514872 kB
MemAvailable:    1430320 kB
Buffers:           90856 kB
Cached:           845440 kB
MemTotal:        1844596 kB
MemFree:          514628 kB
MemAvailable:    1430076 kB
Buffers:           90856 kB
Cached:           845440 kB
MemTotal:        1844596 kB
MemFree:          514664 kB
MemAvailable:    1430112 kB
Buffers:           90856 kB
Cached:           845440 kB
MemTotal:        1844596 kB
MemFree:          513568 kB
MemAvailable:    1429016 kB
Buffers:           90856 kB
Cached:           845440 kB
MemTotal:        1844596 kB
MemFree:          514388 kB
MemAvailable:    1429836 kB
Buffers:           90856 kB
Cached:           845440 kB
MemTotal:        1844596 kB
MemFree:          514644 kB
MemAvailable:    1430092 kB
Buffers:           90856 kB
Cached:           845440 kB
MemTotal:        1844596 kB
MemFree:          514380 kB
MemAvailable:    1429828 kB
Buffers:           90856 kB
Cached:           845440 kB
MemTotal:        1844596 kB
MemFree:          514380 kB
MemAvailable:    1429828 kB
Buffers:           90856 kB
Cached:           845440 kB
MemTotal:        1844596 kB
MemFree:          514600 kB
MemAvailable:    1430048 kB
Buffers:           90856 kB
Cached:           845440 kB
MemTotal:        1844596 kB
MemFree:          512932 kB
MemAvailable:    1428380 kB
Buffers:           90856 kB
Cached:           845440 kB
MemTotal:        1844596 kB
MemFree:          514056 kB
MemAvailable:    1429504 kB
Buffers:           90856 kB
Cached:           845440 kB
MemTotal:        1844596 kB
MemFree:          513668 kB
MemAvailable:    1429116 kB
Buffers:           90856 kB
Cached:           845440 kB
MemTotal:        1844596 kB
MemFree:          513568 kB
MemAvailable:    1429016 kB
Buffers:           90856 kB
Cached:           845440 kB
MemTotal:        1844596 kB
MemFree:          513564 kB
MemAvailable:    1429012 kB
Buffers:           90856 kB
Cached:           845440 kB
MemTotal:        1844596 kB
MemFree:          513696 kB
MemAvailable:    1429144 kB
Buffers:           90856 kB
Cached:           845440 kB
MemTotal:        1844596 kB
MemFree:          513944 kB
MemAvailable:    1429392 kB
Buffers:           90856 kB
Cached:           845440 kB
MemTotal:        1844596 kB
MemFree:          513728 kB
MemAvailable:    1429176 kB
Buffers:           90856 kB
Cached:           845440 kB
MemTotal:        1844596 kB
MemFree:          513516 kB
MemAvailable:    1428964 kB
Buffers:           90856 kB
Cached:           845440 kB
MemTotal:        1844596 kB
MemFree:          513768 kB
MemAvailable:    1429216 kB
Buffers:           90856 kB
Cached:           845440 kB
MemTotal:        1844596 kB
MemFree:          513672 kB
MemAvailable:    1429120 kB
Buffers:           90856 kB
Cached:           845440 kB
MemTotal:        1844596 kB
MemFree:          512384 kB
MemAvailable:    1427832 kB
Buffers:           90856 kB
Cached:           845440 kB
MemTotal:        1844596 kB
MemFree:          513784 kB
MemAvailable:    1429232 kB
Buffers:           90856 kB
Cached:           845440 kB
MemTotal:        1844596 kB
MemFree:          513656 kB
MemAvailable:    1429104 kB
Buffers:           90856 kB
Cached:           845440 kB
MemTotal:        1844596 kB
MemFree:          513896 kB
MemAvailable:    1429344 kB
Buffers:           90856 kB
Cached:           845440 kB
MemTotal:        1844596 kB
MemFree:          513488 kB
MemAvailable:    1428936 kB
Buffers:           90856 kB
Cached:           845440 kB
MemTotal:        1844596 kB
MemFree:          512404 kB
MemAvailable:    1427852 kB
Buffers:           90856 kB
Cached:           845440 kB
MemTotal:        1844596 kB
MemFree:          513644 kB
MemAvailable:    1429092 kB
Buffers:           90856 kB
Cached:           845440 kB
MemTotal:        1844596 kB
MemFree:          513608 kB
MemAvailable:    1429056 kB
Buffers:           90856 kB
Cached:           845440 kB
MemTotal:        1844596 kB
MemFree:          512392 kB
MemAvailable:    1427840 kB
Buffers:           90856 kB
Cached:           845440 kB
MemTotal:        1844596 kB
MemFree:          512080 kB
MemAvailable:    1427528 kB
Buffers:           90856 kB
Cached:           845440 kB
MemTotal:        1844596 kB
MemFree:          508096 kB
MemAvailable:    1423544 kB
Buffers:           90856 kB
Cached:           845440 kB
MemTotal:        1844596 kB
MemFree:          507740 kB
MemAvailable:    1423188 kB
Buffers:           90856 kB
Cached:           845440 kB
MemTotal:        1844596 kB
MemFree:          504268 kB
MemAvailable:    1419716 kB
Buffers:           90856 kB
Cached:           845440 kB
MemTotal:        1844596 kB
MemFree:          499416 kB
MemAvailable:    1414864 kB
Buffers:           90856 kB
Cached:           845440 kB
MemTotal:        1844596 kB
MemFree:          499504 kB
MemAvailable:    1414952 kB
Buffers:           90856 kB
Cached:           845440 kB
MemTotal:        1844596 kB
MemFree:          495448 kB
MemAvailable:    1410896 kB
Buffers:           90856 kB
Cached:           845440 kB
MemTotal:        1844596 kB
MemFree:          495216 kB
MemAvailable:    1410664 kB
Buffers:           90856 kB
Cached:           845440 kB
MemTotal:        1844596 kB
MemFree:          494044 kB
MemAvailable:    1409492 kB
Buffers:           90856 kB
Cached:           845440 kB
MemTotal:        1844596 kB
MemFree:          495452 kB
MemAvailable:    1410900 kB
Buffers:           90856 kB
Cached:           845440 kB
MemTotal:        1844596 kB
MemFree:          494164 kB
MemAvailable:    1409612 kB
Buffers:           90856 kB
Cached:           845440 kB
MemTotal:        1844596 kB
MemFree:          494076 kB
MemAvailable:    1409524 kB
Buffers:           90856 kB
Cached:           845440 kB
MemTotal:        1844596 kB
MemFree:          495368 kB
MemAvailable:    1410816 kB
Buffers:           90856 kB
Cached:           845440 kB
MemTotal:        1844596 kB
MemFree:          495296 kB
MemAvailable:    1410744 kB
Buffers:           90856 kB
Cached:           845440 kB
MemTotal:        1844596 kB
MemFree:          495296 kB
MemAvailable:    1410744 kB
Buffers:           90856 kB
Cached:           845440 kB
MemTotal:        1844596 kB
MemFree:          495452 kB
MemAvailable:    1410900 kB
Buffers:           90856 kB
Cached:           845440 kB
MemTotal:        1844596 kB
MemFree:          495332 kB
MemAvailable:    1410780 kB
Buffers:           90856 kB
Cached:           845440 kB
MemTotal:        1844596 kB
MemFree:          495332 kB
MemAvailable:    1410780 kB
Buffers:           90856 kB
Cached:           845440 kB
MemTotal:        1844596 kB
MemFree:          495340 kB
MemAvailable:    1410788 kB
Buffers:           90856 kB
Cached:           845440 kB
MemTotal:        1844596 kB
MemFree:          495352 kB
MemAvailable:    1410800 kB
Buffers:           90856 kB
Cached:           845440 kB
MemTotal:        1844596 kB
MemFree:          494176 kB
MemAvailable:    1409624 kB
Buffers:           90856 kB
Cached:           845440 kB
MemTotal:        1844596 kB
MemFree:          495412 kB
MemAvailable:    1410860 kB
Buffers:           90856 kB
Cached:           845440 kB
MemTotal:        1844596 kB
MemFree:          494596 kB
MemAvailable:    1410044 kB
Buffers:           90856 kB
Cached:           845440 kB
MemTotal:        1844596 kB
MemFree:          495328 kB
MemAvailable:    1410776 kB
Buffers:           90856 kB
Cached:           845440 kB
MemTotal:        1844596 kB
MemFree:          495400 kB
MemAvailable:    1410848 kB
Buffers:           90856 kB
Cached:           845440 kB
MemTotal:        1844596 kB
MemFree:          494596 kB
MemAvailable:    1410044 kB
Buffers:           90856 kB
Cached:           845440 kB
MemTotal:        1844596 kB
MemFree:          495796 kB
MemAvailable:    1411244 kB
Buffers:           90856 kB
Cached:           845440 kB
MemTotal:        1844596 kB
MemFree:          494472 kB
MemAvailable:    1409920 kB
Buffers:           90856 kB
Cached:           845440 kB
MemTotal:        1844596 kB
MemFree:          495376 kB
MemAvailable:    1410824 kB
Buffers:           90856 kB
Cached:           845440 kB
MemTotal:        1844596 kB
MemFree:          495548 kB
MemAvailable:    1410996 kB
Buffers:           90856 kB
Cached:           845440 kB
MemTotal:        1844596 kB
MemFree:          495260 kB
MemAvailable:    1410708 kB
Buffers:           90856 kB
Cached:           845440 kB
MemTotal:        1844596 kB
MemFree:          494348 kB
MemAvailable:    1409796 kB
Buffers:           90856 kB
Cached:           845440 kB
MemTotal:        1844596 kB
MemFree:          494052 kB
MemAvailable:    1409500 kB
Buffers:           90856 kB
Cached:           845440 kB
MemTotal:        1844596 kB
MemFree:          494060 kB
MemAvailable:    1409516 kB
Buffers:           90856 kB
Cached:           845448 kB
MemTotal:        1844596 kB
MemFree:          494604 kB
MemAvailable:    1410060 kB
Buffers:           90856 kB
Cached:           845448 kB
MemTotal:        1844596 kB
MemFree:          495420 kB
MemAvailable:    1410876 kB
Buffers:           90856 kB
Cached:           845448 kB
MemTotal:        1844596 kB
MemFree:          495516 kB
MemAvailable:    1410972 kB
Buffers:           90856 kB
Cached:           845448 kB
MemTotal:        1844596 kB
MemFree:          494604 kB
MemAvailable:    1410060 kB
Buffers:           90856 kB
Cached:           845448 kB
MemTotal:        1844596 kB
MemFree:          495888 kB
MemAvailable:    1411344 kB
Buffers:           90856 kB
Cached:           845448 kB
MemTotal:        1844596 kB
MemFree:          495836 kB
MemAvailable:    1411292 kB
Buffers:           90856 kB
Cached:           845448 kB
MemTotal:        1844596 kB
MemFree:          494216 kB
MemAvailable:    1409672 kB
Buffers:           90856 kB
Cached:           845448 kB
MemTotal:        1844596 kB
MemFree:          494176 kB
MemAvailable:    1409632 kB
Buffers:           90856 kB
Cached:           845448 kB
MemTotal:        1844596 kB
MemFree:          495452 kB
MemAvailable:    1410908 kB
Buffers:           90856 kB
Cached:           845448 kB
MemTotal:        1844596 kB
MemFree:          495536 kB
MemAvailable:    1410992 kB
Buffers:           90856 kB
Cached:           845448 kB
MemTotal:        1844596 kB
MemFree:          492992 kB
MemAvailable:    1408452 kB
Buffers:           90856 kB
Cached:           845452 kB
MemTotal:        1844596 kB
MemFree:          488396 kB
MemAvailable:    1403856 kB
Buffers:           90856 kB
Cached:           845452 kB
MemTotal:        1844596 kB
MemFree:          486792 kB
MemAvailable:    1402252 kB
Buffers:           90856 kB
Cached:           845452 kB
MemTotal:        1844596 kB
MemFree:          481080 kB
MemAvailable:    1396540 kB
Buffers:           90856 kB
Cached:           845452 kB
MemTotal:        1844596 kB
MemFree:          480972 kB
MemAvailable:    1396432 kB
Buffers:           90856 kB
Cached:           845452 kB
MemTotal:        1844596 kB
MemFree:          478236 kB
MemAvailable:    1393696 kB
Buffers:           90856 kB
Cached:           845452 kB
MemTotal:        1844596 kB
MemFree:          477112 kB
MemAvailable:    1392572 kB
Buffers:           90856 kB
Cached:           845452 kB
MemTotal:        1844596 kB
MemFree:          476988 kB
MemAvailable:    1392448 kB
Buffers:           90856 kB
Cached:           845452 kB
MemTotal:        1844596 kB
MemFree:          476368 kB
MemAvailable:    1391828 kB
Buffers:           90856 kB
Cached:           845452 kB
MemTotal:        1844596 kB
MemFree:          476252 kB
MemAvailable:    1391712 kB
Buffers:           90856 kB
Cached:           845452 kB
MemTotal:        1844596 kB
MemFree:          477556 kB
MemAvailable:    1393016 kB
Buffers:           90856 kB
Cached:           845452 kB
MemTotal:        1844596 kB
MemFree:          477064 kB
MemAvailable:    1392524 kB
Buffers:           90856 kB
Cached:           845452 kB
MemTotal:        1844596 kB
MemFree:          476632 kB
MemAvailable:    1392092 kB
Buffers:           90856 kB
Cached:           845452 kB
MemTotal:        1844596 kB
MemFree:          475624 kB
MemAvailable:    1391084 kB
Buffers:           90856 kB
Cached:           845452 kB
MemTotal:        1844596 kB
MemFree:          475500 kB
MemAvailable:    1390960 kB
Buffers:           90856 kB
Cached:           845452 kB
MemTotal:        1844596 kB
MemFree:          475632 kB
MemAvailable:    1391092 kB
Buffers:           90856 kB
Cached:           845452 kB
MemTotal:        1844596 kB
MemFree:          476452 kB
MemAvailable:    1391912 kB
Buffers:           90856 kB
Cached:           845452 kB
MemTotal:        1844596 kB
MemFree:          476708 kB
MemAvailable:    1392168 kB
Buffers:           90856 kB
Cached:           845452 kB
MemTotal:        1844596 kB
MemFree:          476228 kB
MemAvailable:    1391688 kB
Buffers:           90856 kB
Cached:           845452 kB
MemTotal:        1844596 kB
MemFree:          476312 kB
MemAvailable:    1391772 kB
Buffers:           90856 kB
Cached:           845452 kB
MemTotal:        1844596 kB
MemFree:          475932 kB
MemAvailable:    1391392 kB
Buffers:           90856 kB
Cached:           845452 kB
MemTotal:        1844596 kB
MemFree:          475128 kB
MemAvailable:    1390588 kB
Buffers:           90856 kB
Cached:           845452 kB
MemTotal:        1844596 kB
MemFree:          475212 kB
MemAvailable:    1390672 kB
Buffers:           90856 kB
Cached:           845452 kB
MemTotal:        1844596 kB
MemFree:          473524 kB
MemAvailable:    1388984 kB
Buffers:           90856 kB
Cached:           845452 kB
MemTotal:        1844596 kB
MemFree:          474136 kB
MemAvailable:    1389596 kB
Buffers:           90856 kB
Cached:           845452 kB
MemTotal:        1844596 kB
MemFree:          474136 kB
MemAvailable:    1389596 kB
Buffers:           90856 kB
Cached:           845452 kB
MemTotal:        1844596 kB
MemFree:          473260 kB
MemAvailable:    1388720 kB
Buffers:           90856 kB
Cached:           845452 kB
MemTotal:        1844596 kB
MemFree:          473596 kB
MemAvailable:    1389056 kB
Buffers:           90856 kB
Cached:           845452 kB
MemTotal:        1844596 kB
MemFree:          470920 kB
MemAvailable:    1386380 kB
Buffers:           90856 kB
Cached:           845452 kB
MemTotal:        1844596 kB
MemFree:          471044 kB
MemAvailable:    1386504 kB
Buffers:           90856 kB
Cached:           845452 kB
MemTotal:        1844596 kB
MemFree:          469756 kB
MemAvailable:    1385216 kB
Buffers:           90856 kB
Cached:           845452 kB
MemTotal:        1844596 kB
MemFree:          469748 kB
MemAvailable:    1385208 kB
Buffers:           90856 kB
Cached:           845452 kB
MemTotal:        1844596 kB
MemFree:          469624 kB
MemAvailable:    1385084 kB
Buffers:           90856 kB
Cached:           845452 kB
MemTotal:        1844596 kB
MemFree:          470900 kB
MemAvailable:    1386360 kB
Buffers:           90856 kB
Cached:           845452 kB
MemTotal:        1844596 kB
MemFree:          471152 kB
MemAvailable:    1386612 kB
Buffers:           90856 kB
Cached:           845452 kB
MemTotal:        1844596 kB
MemFree:          470872 kB
MemAvailable:    1386332 kB
Buffers:           90856 kB
Cached:           845452 kB
MemTotal:        1844596 kB
MemFree:          470928 kB
MemAvailable:    1386388 kB
Buffers:           90856 kB
Cached:           845452 kB
MemTotal:        1844596 kB
MemFree:          469936 kB
MemAvailable:    1385396 kB
Buffers:           90856 kB
Cached:           845452 kB
MemTotal:        1844596 kB
MemFree:          469608 kB
MemAvailable:    1385072 kB
Buffers:           90856 kB
Cached:           845456 kB
MemTotal:        1844596 kB
MemFree:          469484 kB
MemAvailable:    1384948 kB
Buffers:           90856 kB
Cached:           845456 kB
MemTotal:        1844596 kB
MemFree:          469152 kB
MemAvailable:    1384616 kB
Buffers:           90856 kB
Cached:           845456 kB
MemTotal:        1844596 kB
MemFree:          469404 kB
MemAvailable:    1384868 kB
Buffers:           90856 kB
Cached:           845456 kB
MemTotal:        1844596 kB
MemFree:          467920 kB
MemAvailable:    1383384 kB
Buffers:           90856 kB
Cached:           845456 kB
MemTotal:        1844596 kB
MemFree:          467920 kB
MemAvailable:    1383384 kB
Buffers:           90856 kB
Cached:           845456 kB
MemTotal:        1844596 kB
MemFree:          469104 kB
MemAvailable:    1384568 kB
Buffers:           90856 kB
Cached:           845456 kB
MemTotal:        1844596 kB
MemFree:          469104 kB
MemAvailable:    1384568 kB
Buffers:           90856 kB
Cached:           845456 kB
MemTotal:        1844596 kB
MemFree:          468996 kB
MemAvailable:    1384460 kB
Buffers:           90856 kB
Cached:           845456 kB
MemTotal:        1844596 kB
MemFree:          469252 kB
MemAvailable:    1384716 kB
Buffers:           90856 kB
Cached:           845456 kB
MemTotal:        1844596 kB
MemFree:          469284 kB
MemAvailable:    1384748 kB
Buffers:           90856 kB
Cached:           845456 kB
MemTotal:        1844596 kB
MemFree:          469284 kB
MemAvailable:    1384748 kB
Buffers:           90856 kB
Cached:           845456 kB
MemTotal:        1844596 kB
MemFree:          469188 kB
MemAvailable:    1384652 kB
Buffers:           90856 kB
Cached:           845456 kB
MemTotal:        1844596 kB
MemFree:          468016 kB
MemAvailable:    1383480 kB
Buffers:           90856 kB
Cached:           845456 kB
MemTotal:        1844596 kB
MemFree:          469220 kB
MemAvailable:    1384684 kB
Buffers:           90856 kB
Cached:           845456 kB
MemTotal:        1844596 kB
MemFree:          469156 kB
MemAvailable:    1384620 kB
Buffers:           90856 kB
Cached:           845456 kB
MemTotal:        1844596 kB
MemFree:          469408 kB
MemAvailable:    1384872 kB
Buffers:           90856 kB
Cached:           845456 kB
MemTotal:        1844596 kB
MemFree:          467896 kB
MemAvailable:    1383360 kB
Buffers:           90856 kB
Cached:           845456 kB
MemTotal:        1844596 kB
MemFree:          469176 kB
MemAvailable:    1384640 kB
Buffers:           90856 kB
Cached:           845456 kB
MemTotal:        1844596 kB
MemFree:          469176 kB
MemAvailable:    1384640 kB
Buffers:           90856 kB
Cached:           845456 kB
MemTotal:        1844596 kB
MemFree:          467896 kB
MemAvailable:    1383360 kB
Buffers:           90856 kB
Cached:           845456 kB
MemTotal:        1844596 kB
MemFree:          469136 kB
MemAvailable:    1384600 kB
Buffers:           90856 kB
Cached:           845456 kB
MemTotal:        1844596 kB
MemFree:          468572 kB
MemAvailable:    1384036 kB
Buffers:           90856 kB
Cached:           845456 kB
MemTotal:        1844596 kB
MemFree:          468996 kB
MemAvailable:    1384460 kB
Buffers:           90856 kB
Cached:           845456 kB
MemTotal:        1844596 kB
MemFree:          469332 kB
MemAvailable:    1384796 kB
Buffers:           90856 kB
Cached:           845456 kB
MemTotal:        1844596 kB
MemFree:          469088 kB
MemAvailable:    1384556 kB
Buffers:           90856 kB
Cached:           845460 kB
MemTotal:        1844596 kB
MemFree:          469428 kB
MemAvailable:    1384896 kB
Buffers:           90856 kB
Cached:           845460 kB
MemTotal:        1844596 kB
MemFree:          468068 kB
MemAvailable:    1383536 kB
Buffers:           90856 kB
Cached:           845460 kB
MemTotal:        1844596 kB
MemFree:          469168 kB
MemAvailable:    1384636 kB
Buffers:           90856 kB
Cached:           845460 kB
MemTotal:        1844596 kB
MemFree:          469252 kB
MemAvailable:    1384720 kB
Buffers:           90856 kB
Cached:           845460 kB
MemTotal:        1844596 kB
MemFree:          468004 kB
MemAvailable:    1383472 kB
Buffers:           90856 kB
Cached:           845460 kB
MemTotal:        1844596 kB
MemFree:          467748 kB
MemAvailable:    1383216 kB
Buffers:           90856 kB
Cached:           845460 kB
MemTotal:        1844596 kB
MemFree:          469172 kB
MemAvailable:    1384640 kB
Buffers:           90856 kB
Cached:           845460 kB
MemTotal:        1844596 kB
MemFree:          469112 kB
MemAvailable:    1384580 kB
Buffers:           90856 kB
Cached:           845460 kB
MemTotal:        1844596 kB
MemFree:          467996 kB
MemAvailable:    1383464 kB
Buffers:           90856 kB
Cached:           845460 kB
MemTotal:        1844596 kB
MemFree:          469332 kB
MemAvailable:    1384800 kB
Buffers:           90856 kB
Cached:           845460 kB
MemTotal:        1844596 kB
MemFree:          469040 kB
MemAvailable:    1384508 kB
Buffers:           90856 kB
Cached:           845460 kB
MemTotal:        1844596 kB
MemFree:          467864 kB
MemAvailable:    1383332 kB
Buffers:           90856 kB
Cached:           845460 kB
MemTotal:        1844596 kB
MemFree:          469164 kB
MemAvailable:    1384632 kB
Buffers:           90856 kB
Cached:           845460 kB
MemTotal:        1844596 kB
MemFree:          469096 kB
MemAvailable:    1384564 kB
Buffers:           90856 kB
Cached:           845460 kB
MemTotal:        1844596 kB
MemFree:          469068 kB
MemAvailable:    1384536 kB
Buffers:           90856 kB
Cached:           845460 kB
MemTotal:        1844596 kB
MemFree:          468996 kB
MemAvailable:    1384464 kB
Buffers:           90856 kB
Cached:           845460 kB
MemTotal:        1844596 kB
MemFree:          468192 kB
MemAvailable:    1383660 kB
Buffers:           90856 kB
Cached:           845460 kB
MemTotal:        1844596 kB
MemFree:          468424 kB
MemAvailable:    1383892 kB
Buffers:           90856 kB
Cached:           845460 kB
MemTotal:        1844596 kB
MemFree:          468384 kB
MemAvailable:    1383852 kB
Buffers:           90856 kB
Cached:           845460 kB
MemTotal:        1844596 kB
MemFree:          463844 kB
MemAvailable:    1379312 kB
Buffers:           90856 kB
Cached:           845460 kB
MemTotal:        1844596 kB
MemFree:          463108 kB
MemAvailable:    1378576 kB
Buffers:           90856 kB
Cached:           845460 kB
MemTotal:        1844596 kB
MemFree:          457272 kB
MemAvailable:    1372740 kB
Buffers:           90856 kB
Cached:           845460 kB
MemTotal:        1844596 kB
MemFree:          457524 kB
MemAvailable:    1372992 kB
Buffers:           90856 kB
Cached:           845460 kB
MemTotal:        1844596 kB
MemFree:          453188 kB
MemAvailable:    1368656 kB
Buffers:           90856 kB
Cached:           845460 kB
MemTotal:        1844596 kB
MemFree:          450636 kB
MemAvailable:    1366104 kB
Buffers:           90856 kB
Cached:           845460 kB
MemTotal:        1844596 kB
MemFree:          449900 kB
MemAvailable:    1365368 kB
Buffers:           90856 kB
Cached:           845460 kB
MemTotal:        1844596 kB
MemFree:          449708 kB
MemAvailable:    1365176 kB
Buffers:           90856 kB
Cached:           845460 kB
MemTotal:        1844596 kB
MemFree:          448468 kB
MemAvailable:    1363936 kB
Buffers:           90856 kB
Cached:           845460 kB
MemTotal:        1844596 kB
MemFree:          449700 kB
MemAvailable:    1365168 kB
Buffers:           90856 kB
Cached:           845460 kB
MemTotal:        1844596 kB
MemFree:          449592 kB
MemAvailable:    1365060 kB
Buffers:           90856 kB
Cached:           845460 kB
MemTotal:        1844596 kB
MemFree:          449764 kB
MemAvailable:    1365232 kB
Buffers:           90856 kB
Cached:           845460 kB
MemTotal:        1844596 kB
MemFree:          449716 kB
MemAvailable:    1365184 kB
Buffers:           90856 kB
Cached:           845460 kB
MemTotal:        1844596 kB
MemFree:          449836 kB
MemAvailable:    1365304 kB
Buffers:           90856 kB
Cached:           845460 kB
MemTotal:        1844596 kB
MemFree:          448572 kB
MemAvailable:    1364040 kB
Buffers:           90856 kB
Cached:           845460 kB
MemTotal:        1844596 kB
MemFree:          449700 kB
MemAvailable:    1365168 kB
Buffers:           90856 kB
Cached:           845460 kB
MemTotal:        1844596 kB
MemFree:          449820 kB
MemAvailable:    1365288 kB
Buffers:           90856 kB
Cached:           845460 kB
MemTotal:        1844596 kB
MemFree:          448352 kB
MemAvailable:    1363820 kB
Buffers:           90856 kB
Cached:           845460 kB
MemTotal:        1844596 kB
MemFree:          449860 kB
MemAvailable:    1365328 kB
Buffers:           90856 kB
Cached:           845460 kB
MemTotal:        1844596 kB
MemFree:          449776 kB
MemAvailable:    1365244 kB
Buffers:           90856 kB
Cached:           845460 kB
MemTotal:        1844596 kB
MemFree:          448972 kB
MemAvailable:    1364440 kB
Buffers:           90856 kB
Cached:           845460 kB
MemTotal:        1844596 kB
MemFree:          449276 kB
MemAvailable:    1364744 kB
Buffers:           90856 kB
Cached:           845460 kB
MemTotal:        1844596 kB
MemFree:          449612 kB
MemAvailable:    1365080 kB
Buffers:           90856 kB
Cached:           845460 kB
MemTotal:        1844596 kB
MemFree:          449404 kB
MemAvailable:    1364872 kB
Buffers:           90856 kB
Cached:           845460 kB
MemTotal:        1844596 kB
MemFree:          449656 kB
MemAvailable:    1365124 kB
Buffers:           90856 kB
Cached:           845460 kB
MemTotal:        1844596 kB
MemFree:          449348 kB
MemAvailable:    1364816 kB
Buffers:           90856 kB
Cached:           845460 kB
MemTotal:        1844596 kB
MemFree:          448172 kB
MemAvailable:    1363640 kB
Buffers:           90856 kB
Cached:           845460 kB
MemTotal:        1844596 kB
MemFree:          449456 kB
MemAvailable:    1364924 kB
Buffers:           90856 kB
Cached:           845460 kB
MemTotal:        1844596 kB
MemFree:          448208 kB
MemAvailable:    1363676 kB
Buffers:           90856 kB
Cached:           845460 kB
MemTotal:        1844596 kB
MemFree:          448956 kB
MemAvailable:    1364424 kB
Buffers:           90856 kB
Cached:           845460 kB
MemTotal:        1844596 kB
MemFree:          448848 kB
MemAvailable:    1364316 kB
Buffers:           90856 kB
Cached:           845460 kB
MemTotal:        1844596 kB
MemFree:          448444 kB
MemAvailable:    1363912 kB
Buffers:           90856 kB
Cached:           845460 kB
MemTotal:        1844596 kB
MemFree:          447856 kB
MemAvailable:    1363324 kB
Buffers:           90856 kB
Cached:           845460 kB
MemTotal:        1844596 kB
MemFree:          443692 kB
MemAvailable:    1359160 kB
Buffers:           90856 kB
Cached:           845460 kB
MemTotal:        1844596 kB
MemFree:          440020 kB
MemAvailable:    1355488 kB
Buffers:           90856 kB
Cached:           845460 kB
MemTotal:        1844596 kB
MemFree:          440356 kB
MemAvailable:    1355824 kB
Buffers:           90856 kB
Cached:           845460 kB
MemTotal:        1844596 kB
MemFree:          439912 kB
MemAvailable:    1355380 kB
Buffers:           90856 kB
Cached:           845460 kB
MemTotal:        1844596 kB
MemFree:          439060 kB
MemAvailable:    1354404 kB
Buffers:           90856 kB
Cached:           845460 kB
MemTotal:        1844596 kB
MemFree:          439104 kB
MemAvailable:    1354572 kB
Buffers:           90856 kB
Cached:           845460 kB
MemTotal:        1844596 kB
MemFree:          439440 kB
MemAvailable:    1354908 kB
Buffers:           90856 kB
Cached:           845460 kB
MemTotal:        1844596 kB
MemFree:          437432 kB
MemAvailable:    1352900 kB
Buffers:           90856 kB
Cached:           845460 kB
MemTotal:        1844596 kB
MemFree:          437768 kB
MemAvailable:    1353236 kB
Buffers:           90856 kB
Cached:           845460 kB
MemTotal:        1844596 kB
MemFree:          437300 kB
MemAvailable:    1352768 kB
Buffers:           90856 kB
Cached:           845460 kB
MemTotal:        1844596 kB
MemFree:          437448 kB
MemAvailable:    1352916 kB
Buffers:           90856 kB
Cached:           845460 kB
MemTotal:        1844596 kB
MemFree:          437052 kB
MemAvailable:    1352604 kB
Buffers:           90856 kB
Cached:           845584 kB
MemTotal:        1844596 kB
MemFree:          437304 kB
MemAvailable:    1352856 kB
Buffers:           90856 kB
Cached:           845584 kB
MemTotal:        1844596 kB
MemFree:          436936 kB
MemAvailable:    1352572 kB
Buffers:           90856 kB
Cached:           845708 kB
MemTotal:        1844596 kB
MemFree:          436948 kB
MemAvailable:    1352668 kB
Buffers:           90856 kB
Cached:           845832 kB
MemTotal:        1844596 kB
MemFree:          436492 kB
MemAvailable:    1352380 kB
Buffers:           90856 kB
Cached:           845956 kB
MemTotal:        1844596 kB
MemFree:          436744 kB
MemAvailable:    1352632 kB
Buffers:           90856 kB
Cached:           845956 kB
MemTotal:        1844596 kB
MemFree:          435388 kB
MemAvailable:    1351360 kB
Buffers:           90856 kB
Cached:           846080 kB
MemTotal:        1844596 kB
MemFree:          435124 kB
MemAvailable:    1351096 kB
Buffers:           90856 kB
Cached:           846080 kB
MemTotal:        1844596 kB
MemFree:          436556 kB
MemAvailable:    1352612 kB
Buffers:           90856 kB
Cached:           846080 kB
MemTotal:        1844596 kB
MemFree:          436808 kB
MemAvailable:    1352864 kB
Buffers:           90856 kB
Cached:           846080 kB
MemTotal:        1844596 kB
MemFree:          435776 kB
MemAvailable:    1351864 kB
Buffers:           90856 kB
Cached:           846120 kB
MemTotal:        1844596 kB
MemFree:          436540 kB
MemAvailable:    1352628 kB
Buffers:           90856 kB
Cached:           846120 kB
MemTotal:        1844596 kB
MemFree:          436580 kB
MemAvailable:    1352668 kB
Buffers:           90856 kB
Cached:           846120 kB
MemTotal:        1844596 kB
MemFree:          436756 kB
MemAvailable:    1352908 kB
Buffers:           90856 kB
Cached:           846144 kB
MemTotal:        1844596 kB
MemFree:          436816 kB
MemAvailable:    1352968 kB
Buffers:           90856 kB
Cached:           846144 kB
MemTotal:        1844596 kB
MemFree:          435696 kB
MemAvailable:    1351260 kB
Buffers:           90856 kB
Cached:           845552 kB
MemTotal:        1844596 kB
MemFree:          465032 kB
MemAvailable:    1381016 kB
Buffers:           90856 kB
Cached:           845552 kB
MemTotal:        1844596 kB
MemFree:          514776 kB
MemAvailable:    1430340 kB
Buffers:           90856 kB
Cached:           845552 kB
MemTotal:        1844596 kB
MemFree:          618728 kB
MemAvailable:    1534292 kB
Buffers:           90856 kB
Cached:           845552 kB
