MemTotal:        1844596 kB
MemFree:          261388 kB
MemAvailable:    1545192 kB
Buffers:          103484 kB
Cached:          1197068 kB
MemTotal:        1844596 kB
MemFree:          234000 kB
MemAvailable:    1517812 kB
Buffers:          103484 kB
Cached:          1197076 kB
MemTotal:        1844596 kB
MemFree:          231900 kB
MemAvailable:    1515712 kB
Buffers:          103484 kB
Cached:          1197076 kB
MemTotal:        1844596 kB
MemFree:          230148 kB
MemAvailable:    1513960 kB
Buffers:          103484 kB
Cached:          1197076 kB
MemTotal:        1844596 kB
MemFree:          230484 kB
MemAvailable:    1514296 kB
Buffers:          103484 kB
Cached:          1197076 kB
MemTotal:        1844596 kB
MemFree:          228916 kB
MemAvailable:    1512728 kB
Buffers:          103484 kB
Cached:          1197076 kB
MemTotal:        1844596 kB
MemFree:          227684 kB
MemAvailable:    1511496 kB
Buffers:          103484 kB
Cached:          1197076 kB
MemTotal:        1844596 kB
MemFree:          225680 kB
MemAvailable:    1509492 kB
Buffers:          103484 kB
Cached:          1197076 kB
MemTotal:        1844596 kB
MemFree:          222096 kB
MemAvailable:    1505908 kB
Buffers:          103484 kB
Cached:          1197076 kB
MemTotal:        1844596 kB
MemFree:          218012 kB
MemAvailable:    1501824 kB
Buffers:          103484 kB
Cached:          1197076 kB
MemTotal:        1844596 kB
MemFree:          221756 kB
MemAvailable:    1505568 kB
Buffers:          103484 kB
Cached:          1197076 kB
MemTotal:        1844596 kB
MemFree:          221468 kB
MemAvailable:    1505280 kB
Buffers:          103484 kB
Cached:          1197076 kB
MemTotal:        1844596 kB
MemFree:          221468 kB
MemAvailable:    1505280 kB
Buffers:          103484 kB
Cached:          1197076 kB
MemTotal:        1844596 kB
MemFree:          220244 kB
MemAvailable:    1504056 kB
Buffers:          103484 kB
Cached:          1197076 kB
MemTotal:        1844596 kB
MemFree:          221500 kB
MemAvailable:    1505312 kB
Buffers:          103484 kB
Cached:          1197076 kB
MemTotal:        1844596 kB
MemFree:          220924 kB
MemAvailable:    1504736 kB
Buffers:          103484 kB
Cached:          1197076 kB
MemTotal:        1844596 kB
MemFree:          220996 kB
MemAvailable:    1504808 kB
Buffers:          103484 kB
Cached:          1197076 kB
MemTotal:        1844596 kB
MemFree:          220876 kB
MemAvailable:    1504688 kB
Buffers:          103484 kB
Cached:          1197076 kB
MemTotal:        1844596 kB
MemFree:          220848 kB
MemAvailable:    1504660 kB
Buffers:          103484 kB
Cached:          1197076 kB
MemTotal:        1844596 kB
MemFree:          220932 kB
MemAvailable:    1504744 kB
Buffers:          103484 kB
Cached:          1197076 kB
MemTotal:        1844596 kB
MemFree:          220904 kB
MemAvailable:    1504716 kB
Buffers:          103484 kB
Cached:          1197076 kB
MemTotal:        1844596 kB
MemFree:          219472 kB
MemAvailable:    1503284 kB
Buffers:          103484 kB
Cached:          1197076 kB
MemTotal:        1844596 kB
MemFree:          219604 kB
MemAvailable:    1503416 kB
Buffers:          103484 kB
Cached:          1197076 kB
MemTotal:        1844596 kB
MemFree:          220836 kB
MemAvailable:    1504648 kB
Buffers:          103484 kB
Cached:          1197076 kB
MemTotal:        1844596 kB
MemFree:          219128 kB
MemAvailable:    1502940 kB
Buffers:          103484 kB
Cached:          1197076 kB
MemTotal:        1844596 kB
MemFree:          218996 kB
MemAvailable:    1502808 kB
Buffers:          103484 kB
Cached:          1197076 kB
MemTotal:        1844596 kB
MemFree:          219808 kB
MemAvailable:    1503620 kB
Buffers:          103484 kB
Cached:          1197076 kB
MemTotal:        1844596 kB
MemFree:          219568 kB
MemAvailable:    1503380 kB
Buffers:          103484 kB
Cached:          1197076 kB
MemTotal:        1844596 kB
MemFree:          218012 kB
MemAvailable:    1501824 kB
Buffers:          103484 kB
Cached:          1197076 kB
MemTotal:        1844596 kB
MemFree:          218880 kB
MemAvailable:    1502692 kB
Buffers:          103484 kB
Cached:          1197076 kB
MemTotal:        1844596 kB
MemFree:          218492 kB
MemAvailable:    1502304 kB
Buffers:          103484 kB
Cached:          1197076 kB
MemTotal:        1844596 kB
MemFree:          218744 kB
MemAvailable:    1502556 kB
Buffers:          103484 kB
Cached:          1197076 kB
MemTotal:        1844596 kB
MemFree:          218512 kB
MemAvailable:    1502324 kB
Buffers:          103484 kB
Cached:          1197076 kB
MemTotal:        1844596 kB
MemFree:          218364 kB
MemAvailable:    1502176 kB
Buffers:          103484 kB
Cached:          1197076 kB
MemTotal:        1844596 kB
MemFree:          218700 kB
MemAvailable:    1502512 kB
Buffers:          103484 kB
Cached:          1197076 kB
MemTotal:        1844596 kB
MemFree:          218688 kB
MemAvailable:    1502500 kB
Buffers:          103484 kB
Cached:          1197076 kB
MemTotal:        1844596 kB
MemFree:          217764 kB
MemAvailable:    1501576 kB
Buffers:          103484 kB
Cached:          1197076 kB
MemTotal:        1844596 kB
MemFree:          218440 kB
MemAvailable:    1502252 kB
Buffers:          103484 kB
Cached:          1197076 kB
MemTotal:        1844596 kB
MemFree:          218664 kB
MemAvailable:    1502476 kB
Buffers:          103484 kB
Cached:          1197076 kB
MemTotal:        1844596 kB
MemFree:          217808 kB
MemAvailable:    1501620 kB
Buffers:          103484 kB
Cached:          1197076 kB
MemTotal:        1844596 kB
MemFree:          215416 kB
MemAvailable:    1499228 kB
Buffers:          103484 kB
Cached:          1197076 kB
MemTotal:        1844596 kB
MemFree:          213284 kB
MemAvailable:    1497096 kB
Buffers:          103484 kB
Cached:          1197076 kB
MemTotal:        1844596 kB
MemFree:          213284 kB
MemAvailable:    1497096 kB
Buffers:          103484 kB
Cached:          1197076 kB
MemTotal:        1844596 kB
MemFree:          213048 kB
MemAvailable:    1496860 kB
Buffers:          103484 kB
Cached:          1197076 kB
MemTotal:        1844596 kB
MemFree:          212984 kB
MemAvailable:    1496796 kB
Buffers:          103484 kB
Cached:          1197076 kB
MemTotal:        1844596 kB
MemFree:          213152 kB
MemAvailable:    1496964 kB
Buffers:          103484 kB
Cached:          1197076 kB
MemTotal:        1844596 kB
MemFree:          212872 kB
MemAvailable:    1496684 kB
Buffers:          103484 kB
Cached:          1197076 kB
MemTotal:        1844596 kB
MemFree:          212872 kB
MemAvailable:    1496684 kB
Buffers:          103484 kB
Cached:          1197076 kB
MemTotal:        1844596 kB
MemFree:          212748 kB
MemAvailable:    1496560 kB
Buffers:          103484 kB
Cached:          1197076 kB
MemTotal:        1844596 kB
MemFree:          212300 kB
MemAvailable:    1496112 kB
Buffers:          103484 kB
Cached:          1197076 kB
MemTotal:        1844596 kB
MemFree:          212664 kB
MemAvailable:    1496480 kB
Buffers:          103484 kB
Cached:          1197080 kB
MemTotal:        1844596 kB
MemFree:          212432 kB
MemAvailable:    1496248 kB
Buffers:          103484 kB
Cached:          1197080 kB
MemTotal:        1844596 kB
MemFree:          212752 kB
MemAvailable:    1496568 kB
Buffers:          103484 kB
Cached:          1197080 kB
MemTotal:        1844596 kB
MemFree:          212496 kB
MemAvailable:    1496312 kB
Buffers:          103484 kB
Cached:          1197080 kB
MemTotal:        1844596 kB
MemFree:          211372 kB
MemAvailable:    1495188 kB
Buffers:          103484 kB
Cached:          1197080 kB
MemTotal:        1844596 kB
MemFree:          211548 kB
MemAvailable:    1495364 kB
Buffers:          103484 kB
Cached:          1197080 kB
MemTotal:        1844596 kB
MemFree:          211540 kB
MemAvailable:    1495356 kB
Buffers:          103484 kB
Cached:          1197080 kB
MemTotal:        1844596 kB
MemFree:          210820 kB
MemAvailable:    1494636 kB
Buffers:          103484 kB
Cached:          1197080 kB
MemTotal:        1844596 kB
MemFree:          207596 kB
MemAvailable:    1491412 kB
Buffers:          103484 kB
Cached:          1197080 kB
MemTotal:        1844596 kB
MemFree:          206976 kB
MemAvailable:    1490796 kB
Buffers:          103484 kB
Cached:          1197084 kB
MemTotal:        1844596 kB
MemFree:          206656 kB
MemAvailable:    1490476 kB
Buffers:          103484 kB
Cached:          1197084 kB
MemTotal:        1844596 kB
MemFree:          206416 kB
MemAvailable:    1490236 kB
Buffers:          103484 kB
Cached:          1197084 kB
MemTotal:        1844596 kB
MemFree:          203240 kB
MemAvailable:    1487060 kB
Buffers:          103484 kB
Cached:          1197084 kB
MemTotal:        1844596 kB
MemFree:          203368 kB
MemAvailable:    1487188 kB
Buffers:          103484 kB
Cached:          1197084 kB
MemTotal:        1844596 kB
MemFree:          204572 kB
MemAvailable:    1488392 kB
Buffers:          103484 kB
Cached:          1197084 kB
MemTotal:        1844596 kB
MemFree:          204060 kB
MemAvailable:    1487880 kB
Buffers:          103484 kB
Cached:          1197084 kB
MemTotal:        1844596 kB
MemFree:          204012 kB
MemAvailable:    1487832 kB
Buffers:          103484 kB
Cached:          1197084 kB
MemTotal:        1844596 kB
MemFree:          204184 kB
MemAvailable:    1488004 kB
Buffers:          103484 kB
Cached:          1197084 kB
MemTotal:        1844596 kB
MemFree:          203944 kB
MemAvailable:    1487764 kB
Buffers:          103484 kB
Cached:          1197084 kB
MemTotal:        1844596 kB
MemFree:          204200 kB
MemAvailable:    1488020 kB
Buffers:          103484 kB
Cached:          1197084 kB
MemTotal:        1844596 kB
MemFree:          203872 kB
MemAvailable:    1487692 kB
Buffers:          103484 kB
Cached:          1197084 kB
MemTotal:        1844596 kB
MemFree:          202436 kB
MemAvailable:    1486256 kB
Buffers:          103484 kB
Cached:          1197084 kB
MemTotal:        1844596 kB
MemFree:          202440 kB
MemAvailable:    1486260 kB
Buffers:          103484 kB
Cached:          1197084 kB
MemTotal:        1844596 kB
MemFree:          203900 kB
MemAvailable:    1487720 kB
Buffers:          103484 kB
Cached:          1197084 kB
MemTotal:        1844596 kB
MemFree:          202724 kB
MemAvailable:    1486544 kB
Buffers:          103484 kB
Cached:          1197084 kB
MemTotal:        1844596 kB
MemFree:          203944 kB
MemAvailable:    1487764 kB
Buffers:          103484 kB
Cached:          1197084 kB
MemTotal:        1844596 kB
MemFree:          203792 kB
MemAvailable:    1487612 kB
Buffers:          103484 kB
Cached:          1197084 kB
MemTotal:        1844596 kB
MemFree:          203388 kB
MemAvailable:    1487208 kB
Buffers:          103484 kB
Cached:          1197084 kB
MemTotal:        1844596 kB
MemFree:          203612 kB
MemAvailable:    1487432 kB
Buffers:          103484 kB
Cached:          1197084 kB
MemTotal:        1844596 kB
MemFree:          203948 kB
MemAvailable:    1487768 kB
Buffers:          103484 kB
Cached:          1197084 kB
MemTotal:        1844596 kB
MemFree:          203696 kB
MemAvailable:    1487516 kB
Buffers:          103484 kB
Cached:          1197084 kB
MemTotal:        1844596 kB
MemFree:          203564 kB
MemAvailable:    1487384 kB
Buffers:          103484 kB
Cached:          1197084 kB
MemTotal:        1844596 kB
MemFree:          202488 kB
MemAvailable:    1486308 kB
Buffers:          103484 kB
Cached:          1197084 kB
MemTotal:        1844596 kB
MemFree:          202232 kB
MemAvailable:    1486052 kB
Buffers:          103484 kB
Cached:          1197084 kB
MemTotal:        1844596 kB
MemFree:          203332 kB
MemAvailable:    1487152 kB
Buffers:          103484 kB
Cached:          1197084 kB
MemTotal:        1844596 kB
MemFree:          203500 kB
MemAvailable:    1487320 kB
Buffers:          103484 kB
Cached:          1197084 kB
MemTotal:        1844596 kB
MemFree:          200580 kB
MemAvailable:    1484400 kB
Buffers:          103484 kB
Cached:          1197084 kB
MemTotal:        1844596 kB
MemFree:          197544 kB
MemAvailable:    1481364 kB
Buffers:          103484 kB
Cached:          1197084 kB
MemTotal:        1844596 kB
MemFree:          197628 kB
MemAvailable:    1481448 kB
Buffers:          103484 kB
Cached:          1197084 kB
MemTotal:        1844596 kB
MemFree:          195428 kB
MemAvailable:    1479248 kB
Buffers:          103484 kB
Cached:          1197084 kB
MemTotal:        1844596 kB
MemFree:          195312 kB
MemAvailable:    1479132 kB
Buffers:          103484 kB
Cached:          1197084 kB
MemTotal:        1844596 kB
MemFree:          195056 kB
MemAvailable:    1478884 kB
Buffers:          103484 kB
Cached:          1197088 kB
MemTotal:        1844596 kB
MemFree:          195392 kB
MemAvailable:    1479220 kB
Buffers:          103484 kB
Cached:          1197088 kB
MemTotal:        1844596 kB
MemFree:          193908 kB
MemAvailable:    1477736 kB
Buffers:          103484 kB
Cached:          1197088 kB
MemTotal:        1844596 kB
MemFree:          194396 kB
MemAvailable:    1478224 kB
Buffers:          103484 kB
Cached:          1197088 kB
MemTotal:        1844596 kB
MemFree:          194760 kB
MemAvailable:    1478588 kB
Buffers:          103484 kB
Cached:          1197088 kB
MemTotal:        1844596 kB
MemFree:          194760 kB
MemAvailable:    1478588 kB
Buffers:          103484 kB
Cached:          1197088 kB
MemTotal:        1844596 kB
MemFree:          194920 kB
MemAvailable:    1478748 kB
Buffers:          103484 kB
Cached:          1197088 kB
MemTotal:        1844596 kB
MemFree:          194708 kB
MemAvailable:    1478536 kB
Buffers:          103484 kB
Cached:          1197088 kB
MemTotal:        1844596 kB
MemFree:          194808 kB
MemAvailable:    1478636 kB
Buffers:          103484 kB
Cached:          1197088 kB
MemTotal:        1844596 kB
MemFree:          194808 kB
MemAvailable:    1478636 kB
Buffers:          103484 kB
Cached:          1197088 kB
MemTotal:        1844596 kB
MemFree:          194936 kB
MemAvailable:    1478764 kB
Buffers:          103484 kB
Cached:          1197088 kB
MemTotal:        1844596 kB
MemFree:          194884 kB
MemAvailable:    1478712 kB
Buffers:          103484 kB
Cached:          1197088 kB
MemTotal:        1844596 kB
MemFree:          194816 kB
MemAvailable:    1478644 kB
Buffers:          103484 kB
Cached:          1197088 kB
MemTotal:        1844596 kB
MemFree:          194900 kB
MemAvailable:    1478728 kB
Buffers:          103484 kB
Cached:          1197088 kB
MemTotal:        1844596 kB
MemFree:          195024 kB
MemAvailable:    1478852 kB
Buffers:          103484 kB
Cached:          1197088 kB
MemTotal:        1844596 kB
MemFree:          194988 kB
MemAvailable:    1478816 kB
Buffers:          103484 kB
Cached:          1197088 kB
MemTotal:        1844596 kB
MemFree:          195000 kB
MemAvailable:    1478828 kB
Buffers:          103484 kB
Cached:          1197088 kB
MemTotal:        1844596 kB
MemFree:          194744 kB
MemAvailable:    1478572 kB
Buffers:          103484 kB
Cached:          1197088 kB
MemTotal:        1844596 kB
MemFree:          194816 kB
MemAvailable:    1478644 kB
Buffers:          103484 kB
Cached:          1197088 kB
MemTotal:        1844596 kB
MemFree:          194816 kB
MemAvailable:    1478644 kB
Buffers:          103484 kB
Cached:          1197088 kB
MemTotal:        1844596 kB
MemFree:          194900 kB
MemAvailable:    1478728 kB
Buffers:          103484 kB
Cached:          1197088 kB
MemTotal:        1844596 kB
MemFree:          195136 kB
MemAvailable:    1478964 kB
Buffers:          103484 kB
Cached:          1197088 kB
MemTotal:        1844596 kB
MemFree:          194204 kB
MemAvailable:    1478032 kB
Buffers:          103484 kB
Cached:          1197088 kB
MemTotal:        1844596 kB
MemFree:          194888 kB
MemAvailable:    1478716 kB
Buffers:          103484 kB
Cached:          1197088 kB
MemTotal:        1844596 kB
MemFree:          195080 kB
MemAvailable:    1478908 kB
Buffers:          103484 kB
Cached:          1197088 kB
MemTotal:        1844596 kB
MemFree:          194692 kB
MemAvailable:    1478520 kB
Buffers:          103484 kB
Cached:          1197088 kB
MemTotal:        1844596 kB
MemFree:          194964 kB
MemAvailable:    1478792 kB
Buffers:          103484 kB
Cached:          1197088 kB
MemTotal:        1844596 kB
MemFree:          194832 kB
MemAvailable:    1478660 kB
Buffers:          103484 kB
Cached:          1197088 kB
MemTotal:        1844596 kB
MemFree:          194800 kB
MemAvailable:    1478628 kB
Buffers:          103484 kB
Cached:          1197088 kB
MemTotal:        1844596 kB
MemFree:          195052 kB
MemAvailable:    1478880 kB
Buffers:          103484 kB
Cached:          1197088 kB
MemTotal:        1844596 kB
MemFree:          194628 kB
MemAvailable:    1478456 kB
Buffers:          103484 kB
Cached:          1197088 kB
MemTotal:        1844596 kB
MemFree:          194028 kB
MemAvailable:    1477856 kB
Buffers:          103484 kB
Cached:          1197088 kB
MemTotal:        1844596 kB
MemFree:          195196 kB
MemAvailable:    1479028 kB
Buffers:          103484 kB
Cached:          1197092 kB
MemTotal:        1844596 kB
MemFree:          195000 kB
MemAvailable:    1478832 kB
Buffers:          103484 kB
Cached:          1197092 kB
MemTotal:        1844596 kB
MemFree:          193824 kB
MemAvailable:    1477656 kB
Buffers:          103484 kB
Cached:          1197092 kB
MemTotal:        1844596 kB
MemFree:          195056 kB
MemAvailable:    1478888 kB
Buffers:          103484 kB
Cached:          1197092 kB
MemTotal:        1844596 kB
MemFree:          193140 kB
MemAvailable:    1476972 kB
Buffers:          103484 kB
Cached:          1197092 kB
MemTotal:        1844596 kB
MemFree:          188996 kB
MemAvailable:    1472828 kB
Buffers:          103484 kB
Cached:          1197092 kB
MemTotal:        1844596 kB
MemFree:          185260 kB
MemAvailable:    1469092 kB
Buffers:          103484 kB
Cached:          1197092 kB
MemTotal:        1844596 kB
MemFree:          185348 kB
MemAvailable:    1469180 kB
Buffers:          103484 kB
Cached:          1197092 kB
MemTotal:        1844596 kB
MemFree:          184088 kB
MemAvailable:    1467920 kB
Buffers:          103484 kB
Cached:          1197092 kB
MemTotal:        1844596 kB
MemFree:          183044 kB
MemAvailable:    1466876 kB
Buffers:          103484 kB
Cached:          1197092 kB
MemTotal:        1844596 kB
MemFree:          184020 kB
MemAvailable:    1467852 kB
Buffers:          103484 kB
Cached:          1197092 kB
MemTotal:        1844596 kB
MemFree:          182660 kB
MemAvailable:    1466492 kB
Buffers:          103484 kB
Cached:          1197092 kB
MemTotal:        1844596 kB
MemFree:          182740 kB
MemAvailable:    1466572 kB
Buffers:          103484 kB
Cached:          1197092 kB
MemTotal:        1844596 kB
MemFree:          183912 kB
MemAvailable:    1467744 kB
Buffers:          103484 kB
Cached:          1197092 kB
MemTotal:        1844596 kB
MemFree:          184076 kB
MemAvailable:    1467908 kB
Buffers:          103484 kB
Cached:          1197092 kB
MemTotal:        1844596 kB
MemFree:          183836 kB
MemAvailable:    1467668 kB
Buffers:          103484 kB
Cached:          1197092 kB
MemTotal:        1844596 kB
MemFree:          184088 kB
MemAvailable:    1467920 kB
Buffers:          103484 kB
Cached:          1197092 kB
MemTotal:        1844596 kB
MemFree:          184148 kB
MemAvailable:    1467980 kB
Buffers:          103484 kB
Cached:          1197092 kB
MemTotal:        1844596 kB
MemFree:          182860 kB
MemAvailable:    1466692 kB
Buffers:          103484 kB
Cached:          1197092 kB
MemTotal:        1844596 kB
MemFree:          184260 kB
MemAvailable:    1468092 kB
Buffers:          103484 kB
Cached:          1197092 kB
MemTotal:        1844596 kB
MemFree:          183880 kB
MemAvailable:    1467712 kB
Buffers:          103484 kB
Cached:          1197092 kB
MemTotal:        1844596 kB
MemFree:          184028 kB
MemAvailable:    1467860 kB
Buffers:          103484 kB
Cached:          1197092 kB
MemTotal:        1844596 kB
MemFree:          182664 kB
MemAvailable:    1466496 kB
Buffers:          103484 kB
Cached:          1197092 kB
MemTotal:        1844596 kB
MemFree:          183972 kB
MemAvailable:    1467804 kB
Buffers:          103484 kB
Cached:          1197092 kB
MemTotal:        1844596 kB
MemFree:          184224 kB
MemAvailable:    1468056 kB
Buffers:          103484 kB
Cached:          1197092 kB
MemTotal:        1844596 kB
MemFree:          183980 kB
MemAvailable:    1467812 kB
Buffers:          103484 kB
Cached:          1197092 kB
MemTotal:        1844596 kB
MemFree:          184076 kB
MemAvailable:    1467908 kB
Buffers:          103484 kB
Cached:          1197092 kB
MemTotal:        1844596 kB
MemFree:          183904 kB
MemAvailable:    1467736 kB
Buffers:          103484 kB
Cached:          1197092 kB
MemTotal:        1844596 kB
MemFree:          182728 kB
MemAvailable:    1466560 kB
Buffers:          103484 kB
Cached:          1197092 kB
MemTotal:        1844596 kB
MemFree:          184016 kB
MemAvailable:    1467848 kB
Buffers:          103484 kB
Cached:          1197092 kB
MemTotal:        1844596 kB
MemFree:          182884 kB
MemAvailable:    1466716 kB
Buffers:          103484 kB
Cached:          1197092 kB
MemTotal:        1844596 kB
MemFree:          182796 kB
MemAvailable:    1466628 kB
Buffers:          103484 kB
Cached:          1197092 kB
MemTotal:        1844596 kB
MemFree:          183856 kB
MemAvailable:    1467688 kB
Buffers:          103484 kB
Cached:          1197092 kB
MemTotal:        1844596 kB
MemFree:          184028 kB
MemAvailable:    1467860 kB
Buffers:          103484 kB
Cached:          1197092 kB
MemTotal:        1844596 kB
MemFree:          182672 kB
MemAvailable:    1466504 kB
Buffers:          103484 kB
Cached:          1197092 kB
MemTotal:        1844596 kB
MemFree:          183864 kB
MemAvailable:    1467696 kB
Buffers:          103484 kB
Cached:          1197092 kB
MemTotal:        1844596 kB
MemFree:          182616 kB
MemAvailable:    1466448 kB
Buffers:          103484 kB
Cached:          1197092 kB
MemTotal:        1844596 kB
MemFree:          182748 kB
MemAvailable:    1466580 kB
Buffers:          103484 kB
Cached:          1197092 kB
MemTotal:        1844596 kB
MemFree:          182652 kB
MemAvailable:    1466484 kB
Buffers:          103484 kB
Cached:          1197092 kB
MemTotal:        1844596 kB
MemFree:          184084 kB
MemAvailable:    1467916 kB
Buffers:          103484 kB
Cached:          1197092 kB
MemTotal:        1844596 kB
MemFree:          183772 kB
MemAvailable:    1467604 kB
Buffers:          103484 kB
Cached:          1197092 kB
MemTotal:        1844596 kB
MemFree:          184108 kB
MemAvailable:    1467940 kB
Buffers:          103484 kB
Cached:          1197092 kB
MemTotal:        1844596 kB
MemFree:          183896 kB
MemAvailable:    1467728 kB
Buffers:          103484 kB
Cached:          1197092 kB
MemTotal:        1844596 kB
MemFree:          183896 kB
MemAvailable:    1467728 kB
Buffers:          103484 kB
Cached:          1197092 kB
MemTotal:        1844596 kB
MemFree:          183880 kB
MemAvailable:    1467712 kB
Buffers:          103484 kB
Cached:          1197092 kB
MemTotal:        1844596 kB
MemFree:          184216 kB
MemAvailable:    1468048 kB
Buffers:          103484 kB
Cached:          1197092 kB
MemTotal:        1844596 kB
MemFree:          182872 kB
MemAvailable:    1466704 kB
Buffers:          103484 kB
Cached:          1197092 kB
MemTotal:        1844596 kB
MemFree:          183896 kB
MemAvailable:    1467728 kB
Buffers:          103484 kB
Cached:          1197092 kB
MemTotal:        1844596 kB
MemFree:          184240 kB
MemAvailable:    1468076 kB
Buffers:          103484 kB
Cached:          1197096 kB
MemTotal:        1844596 kB
MemFree:          183904 kB
MemAvailable:    1467740 kB
Buffers:          103484 kB
Cached:          1197096 kB
MemTotal:        1844596 kB
MemFree:          183920 kB
MemAvailable:    1467756 kB
Buffers:          103484 kB
Cached:          1197096 kB
MemTotal:        1844596 kB
MemFree:          182664 kB
MemAvailable:    1466500 kB
Buffers:          103484 kB
Cached:          1197096 kB
MemTotal:        1844596 kB
MemFree:          183840 kB
MemAvailable:    1467676 kB
Buffers:          103484 kB
Cached:          1197096 kB
MemTotal:        1844596 kB
MemFree:          183732 kB
MemAvailable:    1467568 kB
Buffers:          103484 kB
Cached:          1197096 kB
MemTotal:        1844596 kB
MemFree:          183540 kB
MemAvailable:    1467376 kB
Buffers:          103484 kB
Cached:          1197096 kB
MemTotal:        1844596 kB
MemFree:          183600 kB
MemAvailable:    1467436 kB
Buffers:          103484 kB
Cached:          1197096 kB
MemTotal:        1844596 kB
MemFree:          183856 kB
MemAvailable:    1467692 kB
Buffers:          103484 kB
Cached:          1197096 kB
MemTotal:        1844596 kB
MemFree:          182052 kB
MemAvailable:    1465888 kB
Buffers:          103484 kB
Cached:          1197096 kB
MemTotal:        1844596 kB
MemFree:          182044 kB
MemAvailable:    1465880 kB
Buffers:          103484 kB
Cached:          1197096 kB
MemTotal:        1844596 kB
MemFree:          182896 kB
MemAvailable:    1466732 kB
Buffers:          103484 kB
Cached:          1197096 kB
MemTotal:        1844596 kB
MemFree:          183148 kB
MemAvailable:    1466984 kB
Buffers:          103484 kB
Cached:          1197096 kB
MemTotal:        1844596 kB
MemFree:          182924 kB
MemAvailable:    1466760 kB
Buffers:          103484 kB
Cached:          1197096 kB
MemTotal:        1844596 kB
MemFree:          181660 kB
MemAvailable:    1465496 kB
Buffers:          103484 kB
Cached:          1197096 kB
MemTotal:        1844596 kB
MemFree:          181928 kB
MemAvailable:    1465764 kB
Buffers:          103484 kB
Cached:          1197096 kB
MemTotal:        1844596 kB
MemFree:          182972 kB
MemAvailable:    1466812 kB
Buffers:          103484 kB
Cached:          1197100 kB
MemTotal:        1844596 kB
MemFree:          181796 kB
MemAvailable:    1465636 kB
Buffers:          103484 kB
Cached:          1197100 kB
MemTotal:        1844596 kB
MemFree:          183028 kB
MemAvailable:    1466868 kB
Buffers:          103484 kB
Cached:          1197100 kB
MemTotal:        1844596 kB
MemFree:          182176 kB
MemAvailable:    1466016 kB
Buffers:          103484 kB
Cached:          1197100 kB
MemTotal:        1844596 kB
MemFree:          182392 kB
MemAvailable:    1466232 kB
Buffers:          103484 kB
Cached:          1197100 kB
MemTotal:        1844596 kB
MemFree:          182728 kB
MemAvailable:    1466568 kB
Buffers:          103484 kB
Cached:          1197100 kB
MemTotal:        1844596 kB
MemFree:          181160 kB
MemAvailable:    1465000 kB
Buffers:          103484 kB
Cached:          1197100 kB
MemTotal:        1844596 kB
MemFree:          181112 kB
MemAvailable:    1464952 kB
Buffers:          103484 kB
Cached:          1197100 kB
MemTotal:        1844596 kB
MemFree:          182288 kB
MemAvailable:    1466128 kB
Buffers:          103484 kB
Cached:          1197100 kB
MemTotal:        1844596 kB
MemFree:          182212 kB
MemAvailable:    1466052 kB
Buffers:          103484 kB
Cached:          1197100 kB
MemTotal:        1844596 kB
MemFree:          182300 kB
MemAvailable:    1466140 kB
Buffers:          103484 kB
Cached:          1197100 kB
MemTotal:        1844596 kB
MemFree:          182548 kB
MemAvailable:    1466392 kB
Buffers:          103484 kB
Cached:          1197100 kB
MemTotal:        1844596 kB
MemFree:          181564 kB
MemAvailable:    1465408 kB
Buffers:          103484 kB
Cached:          1197100 kB
MemTotal:        1844596 kB
MemFree:          182476 kB
MemAvailable:    1466320 kB
Buffers:          103484 kB
Cached:          1197100 kB
MemTotal:        1844596 kB
MemFree:          181688 kB
MemAvailable:    1465532 kB
Buffers:          103484 kB
Cached:          1197100 kB
MemTotal:        1844596 kB
MemFree:          180680 kB
MemAvailable:    1464524 kB
Buffers:          103484 kB
Cached:          1197100 kB
MemTotal:        1844596 kB
MemFree:          182396 kB
MemAvailable:    1466240 kB
Buffers:          103484 kB
Cached:          1197100 kB
MemTotal:        1844596 kB
MemFree:          181268 kB
MemAvailable:    1465112 kB
Buffers:          103484 kB
Cached:          1197100 kB
MemTotal:        1844596 kB
MemFree:          181060 kB
MemAvailable:    1464904 kB
Buffers:          103484 kB
Cached:          1197100 kB
MemTotal:        1844596 kB
MemFree:          181060 kB
MemAvailable:    1464904 kB
Buffers:          103484 kB
Cached:          1197100 kB
MemTotal:        1844596 kB
MemFree:          179632 kB
MemAvailable:    1463476 kB
Buffers:          103484 kB
Cached:          1197100 kB
MemTotal:        1844596 kB
MemFree:          174100 kB
MemAvailable:    1457944 kB
Buffers:          103484 kB
Cached:          1197100 kB
MemTotal:        1844596 kB
MemFree:          174188 kB
MemAvailable:    1458032 kB
Buffers:          103484 kB
Cached:          1197100 kB
MemTotal:        1844596 kB
MemFree:          170272 kB
MemAvailable:    1454116 kB
Buffers:          103484 kB
Cached:          1197100 kB
MemTotal:        1844596 kB
MemFree:          171388 kB
MemAvailable:    1455232 kB
Buffers:          103484 kB
Cached:          1197100 kB
MemTotal:        1844596 kB
MemFree:          169900 kB
MemAvailable:    1453744 kB
Buffers:          103484 kB
Cached:          1197100 kB
MemTotal:        1844596 kB
MemFree:          170504 kB
MemAvailable:    1454348 kB
Buffers:          103484 kB
Cached:          1197100 kB
MemTotal:        1844596 kB
MemFree:          170520 kB
MemAvailable:    1454364 kB
Buffers:          103484 kB
Cached:          1197100 kB
MemTotal:        1844596 kB
MemFree:          170464 kB
MemAvailable:    1454308 kB
Buffers:          103484 kB
Cached:          1197100 kB
MemTotal:        1844596 kB
MemFree:          170084 kB
MemAvailable:    1453928 kB
Buffers:          103484 kB
Cached:          1197100 kB
MemTotal:        1844596 kB
MemFree:          169404 kB
MemAvailable:    1453248 kB
Buffers:          103484 kB
Cached:          1197100 kB
MemTotal:        1844596 kB
MemFree:          168652 kB
MemAvailable:    1452496 kB
Buffers:          103484 kB
Cached:          1197100 kB
MemTotal:        1844596 kB
MemFree:          168296 kB
MemAvailable:    1452140 kB
Buffers:          103484 kB
Cached:          1197100 kB
MemTotal:        1844596 kB
MemFree:          167404 kB
MemAvailable:    1451248 kB
Buffers:          103484 kB
Cached:          1197100 kB
MemTotal:        1844596 kB
MemFree:          167740 kB
MemAvailable:    1451584 kB
Buffers:          103484 kB
Cached:          1197100 kB
MemTotal:        1844596 kB
MemFree:          166172 kB
MemAvailable:    1450016 kB
Buffers:          103484 kB
Cached:          1197100 kB
MemTotal:        1844596 kB
MemFree:          167272 kB
MemAvailable:    1451116 kB
Buffers:          103484 kB
Cached:          1197100 kB
MemTotal:        1844596 kB
MemFree:          167156 kB
MemAvailable:    1451000 kB
Buffers:          103484 kB
Cached:          1197100 kB
MemTotal:        1844596 kB
MemFree:          167440 kB
MemAvailable:    1451284 kB
Buffers:          103484 kB
Cached:          1197100 kB
MemTotal:        1844596 kB
MemFree:          167160 kB
MemAvailable:    1451004 kB
Buffers:          103484 kB
Cached:          1197100 kB
MemTotal:        1844596 kB
MemFree:          167196 kB
MemAvailable:    1451040 kB
Buffers:          103484 kB
Cached:          1197100 kB
MemTotal:        1844596 kB
MemFree:          166560 kB
MemAvailable:    1450404 kB
Buffers:          103484 kB
Cached:          1197100 kB
MemTotal:        1844596 kB
MemFree:          167124 kB
MemAvailable:    1450968 kB
Buffers:          103484 kB
Cached:          1197100 kB
MemTotal:        1844596 kB
MemFree:          167156 kB
MemAvailable:    1451000 kB
Buffers:          103484 kB
Cached:          1197100 kB
MemTotal:        1844596 kB
MemFree:          167408 kB
MemAvailable:    1451252 kB
Buffers:          103484 kB
Cached:          1197100 kB
MemTotal:        1844596 kB
MemFree:          167144 kB
MemAvailable:    1450988 kB
Buffers:          103484 kB
Cached:          1197100 kB
MemTotal:        1844596 kB
MemFree:          166800 kB
MemAvailable:    1450644 kB
Buffers:          103484 kB
Cached:          1197100 kB
MemTotal:        1844596 kB
MemFree:          165876 kB
MemAvailable:    1449720 kB
Buffers:          103484 kB
Cached:          1197100 kB
MemTotal:        1844596 kB
MemFree:          166668 kB
MemAvailable:    1450512 kB
Buffers:          103484 kB
Cached:          1197100 kB
MemTotal:        1844596 kB
MemFree:          166668 kB
MemAvailable:    1450512 kB
Buffers:          103484 kB
Cached:          1197100 kB
MemTotal:        1844596 kB
MemFree:          166288 kB
MemAvailable:    1450132 kB
Buffers:          103484 kB
Cached:          1197100 kB
MemTotal:        1844596 kB
MemFree:          164568 kB
MemAvailable:    1448412 kB
Buffers:          103484 kB
Cached:          1197100 kB
MemTotal:        1844596 kB
MemFree:          165312 kB
MemAvailable:    1449156 kB
Buffers:          103484 kB
Cached:          1197100 kB
MemTotal:        1844596 kB
MemFree:          165248 kB
MemAvailable:    1449092 kB
Buffers:          103484 kB
Cached:          1197100 kB
MemTotal:        1844596 kB
MemFree:          165196 kB
MemAvailable:    1449040 kB
Buffers:          103484 kB
Cached:          1197100 kB
MemTotal:        1844596 kB
MemFree:          164752 kB
MemAvailable:    1448596 kB
Buffers:          103484 kB
Cached:          1197100 kB
MemTotal:        1844596 kB
MemFree:          163452 kB
MemAvailable:    1447296 kB
Buffers:          103484 kB
Cached:          1197100 kB
MemTotal:        1844596 kB
MemFree:          164064 kB
MemAvailable:    1447908 kB
Buffers:          103484 kB
Cached:          1197100 kB
MemTotal:        1844596 kB
MemFree:          164064 kB
MemAvailable:    1447908 kB
Buffers:          103484 kB
Cached:          1197100 kB
MemTotal:        1844596 kB
MemFree:          163768 kB
MemAvailable:    1447612 kB
Buffers:          103484 kB
Cached:          1197100 kB
MemTotal:        1844596 kB
MemFree:          163740 kB
MemAvailable:    1447584 kB
Buffers:          103484 kB
Cached:          1197100 kB
MemTotal:        1844596 kB
MemFree:          163500 kB
MemAvailable:    1447344 kB
Buffers:          103484 kB
Cached:          1197100 kB
MemTotal:        1844596 kB
MemFree:          163756 kB
MemAvailable:    1447600 kB
Buffers:          103484 kB
Cached:          1197100 kB
MemTotal:        1844596 kB
MemFree:          162384 kB
MemAvailable:    1446236 kB
Buffers:          103484 kB
Cached:          1197108 kB
MemTotal:        1844596 kB
MemFree:          163640 kB
MemAvailable:    1447492 kB
Buffers:          103484 kB
Cached:          1197108 kB
MemTotal:        1844596 kB
MemFree:          163256 kB
MemAvailable:    1447108 kB
Buffers:          103484 kB
Cached:          1197108 kB
MemTotal:        1844596 kB
MemFree:          163080 kB
MemAvailable:    1446932 kB
Buffers:          103484 kB
Cached:          1197108 kB
MemTotal:        1844596 kB
MemFree:          162344 kB
MemAvailable:    1446196 kB
Buffers:          103484 kB
Cached:          1197108 kB
MemTotal:        1844596 kB
MemFree:          162940 kB
MemAvailable:    1446792 kB
Buffers:          103484 kB
Cached:          1197108 kB
MemTotal:        1844596 kB
MemFree:          163276 kB
MemAvailable:    1447128 kB
Buffers:          103484 kB
Cached:          1197108 kB
MemTotal:        1844596 kB
MemFree:          163064 kB
MemAvailable:    1446916 kB
Buffers:          103484 kB
Cached:          1197108 kB
MemTotal:        1844596 kB
MemFree:          163064 kB
MemAvailable:    1446916 kB
Buffers:          103484 kB
Cached:          1197108 kB
MemTotal:        1844596 kB
MemFree:          161840 kB
MemAvailable:    1445692 kB
Buffers:          103484 kB
Cached:          1197108 kB
MemTotal:        1844596 kB
MemFree:          162992 kB
MemAvailable:    1446844 kB
Buffers:          103484 kB
Cached:          1197108 kB
MemTotal:        1844596 kB
MemFree:          162096 kB
MemAvailable:    1445948 kB
Buffers:          103484 kB
Cached:          1197108 kB
MemTotal:        1844596 kB
MemFree:          162824 kB
MemAvailable:    1446676 kB
Buffers:          103484 kB
Cached:          1197108 kB
MemTotal:        1844596 kB
MemFree:          163160 kB
MemAvailable:    1447012 kB
Buffers:          103484 kB
Cached:          1197108 kB
MemTotal:        1844596 kB
MemFree:          162752 kB
MemAvailable:    1446604 kB
Buffers:          103484 kB
Cached:          1197108 kB
MemTotal:        1844596 kB
MemFree:          162884 kB
MemAvailable:    1446736 kB
Buffers:          103484 kB
Cached:          1197108 kB
MemTotal:        1844596 kB
MemFree:          162884 kB
MemAvailable:    1446736 kB
Buffers:          103484 kB
Cached:          1197108 kB
MemTotal:        1844596 kB
MemFree:          161576 kB
MemAvailable:    1445428 kB
Buffers:          103484 kB
Cached:          1197108 kB
MemTotal:        1844596 kB
MemFree:          161824 kB
MemAvailable:    1445676 kB
Buffers:          103484 kB
Cached:          1197108 kB
MemTotal:        1844596 kB
MemFree:          162960 kB
MemAvailable:    1446812 kB
Buffers:          103484 kB
Cached:          1197108 kB
MemTotal:        1844596 kB
MemFree:          161528 kB
MemAvailable:    1445380 kB
Buffers:          103484 kB
Cached:          1197108 kB
MemTotal:        1844596 kB
MemFree:          161900 kB
MemAvailable:    1445752 kB
Buffers:          103484 kB
Cached:          1197108 kB
MemTotal:        1844596 kB
MemFree:          161776 kB
MemAvailable:    1445628 kB
Buffers:          103484 kB
Cached:          1197108 kB
MemTotal:        1844596 kB
MemFree:          162884 kB
MemAvailable:    1446736 kB
Buffers:          103484 kB
Cached:          1197108 kB
MemTotal:        1844596 kB
MemFree:          162884 kB
MemAvailable:    1446736 kB
Buffers:          103484 kB
Cached:          1197108 kB
MemTotal:        1844596 kB
MemFree:          161768 kB
MemAvailable:    1445620 kB
Buffers:          103484 kB
Cached:          1197108 kB
MemTotal:        1844596 kB
MemFree:          160592 kB
MemAvailable:    1444444 kB
Buffers:          103484 kB
Cached:          1197108 kB
MemTotal:        1844596 kB
MemFree:          161568 kB
MemAvailable:    1445420 kB
Buffers:          103484 kB
Cached:          1197108 kB
MemTotal:        1844596 kB
MemFree:          161568 kB
MemAvailable:    1445420 kB
Buffers:          103484 kB
Cached:          1197108 kB
MemTotal:        1844596 kB
MemFree:          160212 kB
MemAvailable:    1444064 kB
Buffers:          103484 kB
Cached:          1197108 kB
MemTotal:        1844596 kB
MemFree:          160176 kB
MemAvailable:    1444028 kB
Buffers:          103484 kB
Cached:          1197108 kB
MemTotal:        1844596 kB
MemFree:          155624 kB
MemAvailable:    1439476 kB
Buffers:          103484 kB
Cached:          1197108 kB
MemTotal:        1844596 kB
MemFree:          155624 kB
MemAvailable:    1439476 kB
Buffers:          103484 kB
Cached:          1197108 kB
MemTotal:        1844596 kB
MemFree:          151856 kB
MemAvailable:    1435708 kB
Buffers:          103484 kB
Cached:          1197108 kB
MemTotal:        1844596 kB
MemFree:          148944 kB
MemAvailable:    1432796 kB
Buffers:          103484 kB
Cached:          1197108 kB
MemTotal:        1844596 kB
MemFree:          145408 kB
MemAvailable:    1429260 kB
Buffers:          103484 kB
Cached:          1197108 kB
MemTotal:        1844596 kB
MemFree:          144604 kB
MemAvailable:    1428456 kB
Buffers:          103484 kB
Cached:          1197108 kB
MemTotal:        1844596 kB
MemFree:          143488 kB
MemAvailable:    1427340 kB
Buffers:          103484 kB
Cached:          1197108 kB
MemTotal:        1844596 kB
MemFree:          143480 kB
MemAvailable:    1427332 kB
Buffers:          103484 kB
Cached:          1197108 kB
MemTotal:        1844596 kB
MemFree:          144332 kB
MemAvailable:    1428184 kB
Buffers:          103484 kB
Cached:          1197108 kB
MemTotal:        1844596 kB
MemFree:          144232 kB
MemAvailable:    1428084 kB
Buffers:          103484 kB
Cached:          1197108 kB
MemTotal:        1844596 kB
MemFree:          144160 kB
MemAvailable:    1428012 kB
Buffers:          103484 kB
Cached:          1197108 kB
MemTotal:        1844596 kB
MemFree:          144328 kB
MemAvailable:    1428180 kB
Buffers:          103484 kB
Cached:          1197108 kB
MemTotal:        1844596 kB
MemFree:          142964 kB
MemAvailable:    1426816 kB
Buffers:          103484 kB
Cached:          1197108 kB
MemTotal:        1844596 kB
MemFree:          144024 kB
MemAvailable:    1427876 kB
Buffers:          103484 kB
Cached:          1197108 kB
MemTotal:        1844596 kB
MemFree:          144108 kB
MemAvailable:    1427960 kB
Buffers:          103484 kB
Cached:          1197108 kB
MemTotal:        1844596 kB
MemFree:          143912 kB
MemAvailable:    1427764 kB
Buffers:          103484 kB
Cached:          1197108 kB
MemTotal:        1844596 kB
MemFree:          144248 kB
MemAvailable:    1428100 kB
Buffers:          103484 kB
Cached:          1197108 kB
MemTotal:        1844596 kB
MemFree:          143612 kB
MemAvailable:    1427464 kB
Buffers:          103484 kB
Cached:          1197108 kB
MemTotal:        1844596 kB
MemFree:          143356 kB
MemAvailable:    1427208 kB
Buffers:          103484 kB
Cached:          1197108 kB
MemTotal:        1844596 kB
MemFree:          142108 kB
MemAvailable:    1425960 kB
Buffers:          103484 kB
Cached:          1197108 kB
MemTotal:        1844596 kB
MemFree:          143300 kB
MemAvailable:    1427152 kB
Buffers:          103484 kB
Cached:          1197108 kB
MemTotal:        1844596 kB
MemFree:          143552 kB
MemAvailable:    1427404 kB
Buffers:          103484 kB
Cached:          1197108 kB
MemTotal:        1844596 kB
MemFree:          141992 kB
MemAvailable:    1425844 kB
Buffers:          103484 kB
Cached:          1197108 kB
MemTotal:        1844596 kB
MemFree:          143232 kB
MemAvailable:    1427084 kB
Buffers:          103484 kB
Cached:          1197108 kB
MemTotal:        1844596 kB
MemFree:          143284 kB
MemAvailable:    1427136 kB
Buffers:          103484 kB
Cached:          1197108 kB
MemTotal:        1844596 kB
MemFree:          143412 kB
MemAvailable:    1427264 kB
Buffers:          103484 kB
Cached:          1197108 kB
MemTotal:        1844596 kB
MemFree:          143180 kB
MemAvailable:    1427032 kB
Buffers:          103484 kB
Cached:          1197108 kB
MemTotal:        1844596 kB
MemFree:          143168 kB
MemAvailable:    1427020 kB
Buffers:          103484 kB
Cached:          1197108 kB
MemTotal:        1844596 kB
MemFree:          142992 kB
MemAvailable:    1426844 kB
Buffers:          103484 kB
Cached:          1197108 kB
MemTotal:        1844596 kB
MemFree:          143240 kB
MemAvailable:    1427092 kB
Buffers:          103484 kB
Cached:          1197108 kB
MemTotal:        1844596 kB
MemFree:          143424 kB
MemAvailable:    1427276 kB
Buffers:          103484 kB
Cached:          1197108 kB
MemTotal:        1844596 kB
MemFree:          142488 kB
MemAvailable:    1426340 kB
Buffers:          103484 kB
Cached:          1197108 kB
MemTotal:        1844596 kB
MemFree:          143332 kB
MemAvailable:    1427184 kB
Buffers:          103484 kB
Cached:          1197108 kB
MemTotal:        1844596 kB
MemFree:          143332 kB
MemAvailable:    1427184 kB
Buffers:          103484 kB
Cached:          1197108 kB
MemTotal:        1844596 kB
MemFree:          143236 kB
MemAvailable:    1427088 kB
Buffers:          103484 kB
Cached:          1197108 kB
MemTotal:        1844596 kB
MemFree:          143616 kB
MemAvailable:    1427468 kB
Buffers:          103484 kB
Cached:          1197108 kB
MemTotal:        1844596 kB
MemFree:          142816 kB
MemAvailable:    1426668 kB
Buffers:          103484 kB
Cached:          1197108 kB
MemTotal:        1844596 kB
MemFree:          143736 kB
MemAvailable:    1427592 kB
Buffers:          103484 kB
Cached:          1197112 kB
MemTotal:        1844596 kB
MemFree:          142372 kB
MemAvailable:    1426228 kB
Buffers:          103484 kB
Cached:          1197112 kB
MemTotal:        1844596 kB
MemFree:          140760 kB
MemAvailable:    1424616 kB
Buffers:          103484 kB
Cached:          1197112 kB
MemTotal:        1844596 kB
MemFree:          137472 kB
MemAvailable:    1421328 kB
Buffers:          103484 kB
Cached:          1197112 kB
MemTotal:        1844596 kB
MemFree:          134808 kB
MemAvailable:    1418664 kB
Buffers:          103484 kB
Cached:          1197112 kB
MemTotal:        1844596 kB
MemFree:          130584 kB
MemAvailable:    1414440 kB
Buffers:          103484 kB
Cached:          1197112 kB
MemTotal:        1844596 kB
MemFree:          129980 kB
MemAvailable:    1413836 kB
Buffers:          103484 kB
Cached:          1197112 kB
MemTotal:        1844596 kB
MemFree:          125616 kB
MemAvailable:    1409480 kB
Buffers:          103484 kB
Cached:          1197120 kB
MemTotal:        1844596 kB
MemFree:          125620 kB
MemAvailable:    1409484 kB
Buffers:          103484 kB
Cached:          1197120 kB
MemTotal:        1844596 kB
MemFree:          124020 kB
MemAvailable:    1407884 kB
Buffers:          103484 kB
Cached:          1197120 kB
MemTotal:        1844596 kB
MemFree:          125260 kB
MemAvailable:    1409124 kB
Buffers:          103484 kB
Cached:          1197120 kB
MemTotal:        1844596 kB
MemFree:          125260 kB
MemAvailable:    1409124 kB
Buffers:          103484 kB
Cached:          1197120 kB
MemTotal:        1844596 kB
MemFree:          124824 kB
MemAvailable:    1408688 kB
Buffers:          103484 kB
Cached:          1197120 kB
MemTotal:        1844596 kB
MemFree:          125160 kB
MemAvailable:    1409024 kB
Buffers:          103484 kB
Cached:          1197120 kB
MemTotal:        1844596 kB
MemFree:          124952 kB
MemAvailable:    1408816 kB
Buffers:          103484 kB
Cached:          1197120 kB
MemTotal:        1844596 kB
MemFree:          124952 kB
MemAvailable:    1408816 kB
Buffers:          103484 kB
Cached:          1197120 kB
MemTotal:        1844596 kB
MemFree:          125012 kB
MemAvailable:    1408876 kB
Buffers:          103484 kB
Cached:          1197120 kB
MemTotal:        1844596 kB
MemFree:          123772 kB
MemAvailable:    1407636 kB
Buffers:          103484 kB
Cached:          1197120 kB
MemTotal:        1844596 kB
MemFree:          123972 kB
MemAvailable:    1407836 kB
Buffers:          103484 kB
Cached:          1197120 kB
MemTotal:        1844596 kB
MemFree:          125024 kB
MemAvailable:    1408888 kB
Buffers:          103484 kB
Cached:          1197120 kB
MemTotal:        1844596 kB
MemFree:          124276 kB
MemAvailable:    1408140 kB
Buffers:          103484 kB
Cached:          1197120 kB
MemTotal:        1844596 kB
MemFree:          125344 kB
MemAvailable:    1409208 kB
Buffers:          103484 kB
Cached:          1197120 kB
MemTotal:        1844596 kB
MemFree:          125072 kB
MemAvailable:    1408936 kB
Buffers:          103484 kB
Cached:          1197120 kB
MemTotal:        1844596 kB
MemFree:          123724 kB
MemAvailable:    1407588 kB
Buffers:          103484 kB
Cached:          1197120 kB
MemTotal:        1844596 kB
MemFree:          125024 kB
MemAvailable:    1408888 kB
Buffers:          103484 kB
Cached:          1197120 kB
MemTotal:        1844596 kB
MemFree:          123884 kB
MemAvailable:    1407748 kB
Buffers:          103484 kB
Cached:          1197120 kB
MemTotal:        1844596 kB
MemFree:          125212 kB
MemAvailable:    1409076 kB
Buffers:          103484 kB
Cached:          1197120 kB
MemTotal:        1844596 kB
MemFree:          123716 kB
MemAvailable:    1407580 kB
Buffers:          103484 kB
Cached:          1197120 kB
MemTotal:        1844596 kB
MemFree:          124000 kB
MemAvailable:    1407864 kB
Buffers:          103484 kB
Cached:          1197120 kB
MemTotal:        1844596 kB
MemFree:          123876 kB
MemAvailable:    1407740 kB
Buffers:          103484 kB
Cached:          1197120 kB
MemTotal:        1844596 kB
MemFree:          123828 kB
MemAvailable:    1407692 kB
Buffers:          103484 kB
Cached:          1197120 kB
MemTotal:        1844596 kB
MemFree:          124972 kB
MemAvailable:    1408836 kB
Buffers:          103484 kB
Cached:          1197120 kB
MemTotal:        1844596 kB
MemFree:          125056 kB
MemAvailable:    1408920 kB
Buffers:          103484 kB
Cached:          1197120 kB
MemTotal:        1844596 kB
MemFree:          124856 kB
MemAvailable:    1408720 kB
Buffers:          103484 kB
Cached:          1197120 kB
MemTotal:        1844596 kB
MemFree:          125192 kB
MemAvailable:    1409056 kB
Buffers:          103484 kB
Cached:          1197120 kB
MemTotal:        1844596 kB
MemFree:          123948 kB
MemAvailable:    1407812 kB
Buffers:          103484 kB
Cached:          1197120 kB
MemTotal:        1844596 kB
MemFree:          124968 kB
MemAvailable:    1408832 kB
Buffers:          103484 kB
Cached:          1197120 kB
MemTotal:        1844596 kB
MemFree:          125220 kB
MemAvailable:    1409084 kB
Buffers:          103484 kB
Cached:          1197120 kB
MemTotal:        1844596 kB
MemFree:          125076 kB
MemAvailable:    1408940 kB
Buffers:          103484 kB
Cached:          1197120 kB
MemTotal:        1844596 kB
MemFree:          124400 kB
MemAvailable:    1408264 kB
Buffers:          103484 kB
Cached:          1197120 kB
MemTotal:        1844596 kB
MemFree:          125016 kB
MemAvailable:    1408880 kB
Buffers:          103484 kB
Cached:          1197120 kB
MemTotal:        1844596 kB
MemFree:          125004 kB
MemAvailable:    1408868 kB
Buffers:          103484 kB
Cached:          1197120 kB
MemTotal:        1844596 kB
MemFree:          125144 kB
MemAvailable:    1409008 kB
Buffers:          103484 kB
Cached:          1197120 kB
MemTotal:        1844596 kB
MemFree:          125016 kB
MemAvailable:    1408880 kB
Buffers:          103484 kB
Cached:          1197120 kB
MemTotal:        1844596 kB
MemFree:          122648 kB
MemAvailable:    1406512 kB
Buffers:          103484 kB
Cached:          1197120 kB
MemTotal:        1844596 kB
MemFree:          122416 kB
MemAvailable:    1406280 kB
Buffers:          103484 kB
Cached:          1197120 kB
MemTotal:        1844596 kB
MemFree:          117376 kB
MemAvailable:    1401240 kB
Buffers:          103484 kB
Cached:          1197120 kB
MemTotal:        1844596 kB
MemFree:          111488 kB
MemAvailable:    1395352 kB
Buffers:          103484 kB
Cached:          1197120 kB
MemTotal:        1844596 kB
MemFree:          110876 kB
MemAvailable:    1394740 kB
Buffers:          103484 kB
Cached:          1197120 kB
MemTotal:        1844596 kB
MemFree:          107768 kB
MemAvailable:    1391632 kB
Buffers:          103484 kB
Cached:          1197120 kB
MemTotal:        1844596 kB
MemFree:          107412 kB
MemAvailable:    1391276 kB
Buffers:          103484 kB
Cached:          1197120 kB
MemTotal:        1844596 kB
MemFree:          107604 kB
MemAvailable:    1391468 kB
Buffers:          103484 kB
Cached:          1197120 kB
MemTotal:        1844596 kB
MemFree:          107568 kB
MemAvailable:    1391432 kB
Buffers:          103484 kB
Cached:          1197120 kB
MemTotal:        1844596 kB
MemFree:          105792 kB
MemAvailable:    1389656 kB
Buffers:          103484 kB
Cached:          1197120 kB
MemTotal:        1844596 kB
MemFree:          106776 kB
MemAvailable:    1390640 kB
Buffers:          103484 kB
Cached:          1197120 kB
MemTotal:        1844596 kB
MemFree:          106632 kB
MemAvailable:    1390496 kB
Buffers:          103484 kB
Cached:          1197120 kB
MemTotal:        1844596 kB
MemFree:          106716 kB
MemAvailable:    1390580 kB
Buffers:          103484 kB
Cached:          1197120 kB
MemTotal:        1844596 kB
MemFree:          106592 kB
MemAvailable:    1390456 kB
Buffers:          103484 kB
Cached:          1197120 kB
MemTotal:        1844596 kB
MemFree:          106040 kB
MemAvailable:    1389904 kB
Buffers:          103484 kB
Cached:          1197120 kB
MemTotal:        1844596 kB
MemFree:          106340 kB
MemAvailable:    1390204 kB
Buffers:          103484 kB
Cached:          1197120 kB
MemTotal:        1844596 kB
MemFree:          105792 kB
MemAvailable:    1389656 kB
Buffers:          103484 kB
Cached:          1197120 kB
MemTotal:        1844596 kB
MemFree:          106044 kB
MemAvailable:    1389908 kB
Buffers:          103484 kB
Cached:          1197120 kB
MemTotal:        1844596 kB
MemFree:          106164 kB
MemAvailable:    1390028 kB
Buffers:          103484 kB
Cached:          1197120 kB
MemTotal:        1844596 kB
MemFree:          105428 kB
MemAvailable:    1389292 kB
Buffers:          103484 kB
Cached:          1197120 kB
MemTotal:        1844596 kB
MemFree:          106164 kB
MemAvailable:    1390028 kB
Buffers:          103484 kB
Cached:          1197120 kB
MemTotal:        1844596 kB
MemFree:          104800 kB
MemAvailable:    1388664 kB
Buffers:          103484 kB
Cached:          1197120 kB
MemTotal:        1844596 kB
MemFree:          104428 kB
MemAvailable:    1388292 kB
Buffers:          103484 kB
Cached:          1197120 kB
MemTotal:        1844596 kB
MemFree:          104976 kB
MemAvailable:    1388840 kB
Buffers:          103484 kB
Cached:          1197120 kB
MemTotal:        1844596 kB
MemFree:          104172 kB
MemAvailable:    1388036 kB
Buffers:          103484 kB
Cached:          1197120 kB
MemTotal:        1844596 kB
MemFree:          104256 kB
MemAvailable:    1388120 kB
Buffers:          103484 kB
Cached:          1197120 kB
MemTotal:        1844596 kB
MemFree:          102808 kB
MemAvailable:    1386672 kB
Buffers:          103484 kB
Cached:          1197120 kB
MemTotal:        1844596 kB
MemFree:          102568 kB
MemAvailable:    1386432 kB
Buffers:          103484 kB
Cached:          1197120 kB
MemTotal:        1844596 kB
MemFree:          102064 kB
MemAvailable:    1385928 kB
Buffers:          103484 kB
Cached:          1197120 kB
MemTotal:        1844596 kB
MemFree:          100956 kB
MemAvailable:    1384820 kB
Buffers:          103484 kB
Cached:          1197120 kB
MemTotal:        1844596 kB
MemFree:          100088 kB
MemAvailable:    1383952 kB
Buffers:          103484 kB
Cached:          1197120 kB
MemTotal:        1844596 kB
MemFree:          100636 kB
MemAvailable:    1384500 kB
Buffers:          103484 kB
Cached:          1197120 kB
MemTotal:        1844596 kB
MemFree:           99288 kB
MemAvailable:    1383152 kB
Buffers:          103484 kB
Cached:          1197120 kB
MemTotal:        1844596 kB
MemFree:          100520 kB
MemAvailable:    1384384 kB
Buffers:          103484 kB
Cached:          1197120 kB
MemTotal:        1844596 kB
MemFree:           99192 kB
MemAvailable:    1383056 kB
Buffers:          103484 kB
Cached:          1197120 kB
MemTotal:        1844596 kB
MemFree:          100620 kB
MemAvailable:    1384484 kB
Buffers:          103484 kB
Cached:          1197120 kB
MemTotal:        1844596 kB
MemFree:          100572 kB
MemAvailable:    1384436 kB
Buffers:          103484 kB
Cached:          1197120 kB
MemTotal:        1844596 kB
MemFree:          100748 kB
MemAvailable:    1384612 kB
Buffers:          103484 kB
Cached:          1197120 kB
MemTotal:        1844596 kB
MemFree:          100716 kB
MemAvailable:    1384580 kB
Buffers:          103484 kB
Cached:          1197120 kB
MemTotal:        1844596 kB
MemFree:           99048 kB
MemAvailable:    1382912 kB
Buffers:          103484 kB
Cached:          1197120 kB
MemTotal:        1844596 kB
MemFree:           97692 kB
MemAvailable:    1381564 kB
Buffers:          103484 kB
Cached:          1197128 kB
MemTotal:        1844596 kB
MemFree:           97816 kB
MemAvailable:    1381688 kB
Buffers:          103484 kB
Cached:          1197128 kB
MemTotal:        1844596 kB
MemFree:           97684 kB
MemAvailable:    1381556 kB
Buffers:          103484 kB
Cached:          1197128 kB
MemTotal:        1844596 kB
MemFree:           98924 kB
MemAvailable:    1382796 kB
Buffers:          103484 kB
Cached:          1197128 kB
MemTotal:        1844596 kB
MemFree:           99084 kB
MemAvailable:    1382956 kB
Buffers:          103484 kB
Cached:          1197128 kB
MemTotal:        1844596 kB
MemFree:           97988 kB
MemAvailable:    1381860 kB
Buffers:          103484 kB
Cached:          1197128 kB
MemTotal:        1844596 kB
MemFree:           98684 kB
MemAvailable:    1382556 kB
Buffers:          103484 kB
Cached:          1197128 kB
MemTotal:        1844596 kB
MemFree:           99020 kB
MemAvailable:    1382892 kB
Buffers:          103484 kB
Cached:          1197128 kB
MemTotal:        1844596 kB
MemFree:           98800 kB
MemAvailable:    1382672 kB
Buffers:          103484 kB
Cached:          1197128 kB
MemTotal:        1844596 kB
MemFree:           98800 kB
MemAvailable:    1382672 kB
Buffers:          103484 kB
Cached:          1197128 kB
MemTotal:        1844596 kB
MemFree:           98668 kB
MemAvailable:    1382540 kB
Buffers:          103484 kB
Cached:          1197128 kB
MemTotal:        1844596 kB
MemFree:           98924 kB
MemAvailable:    1382796 kB
Buffers:          103484 kB
Cached:          1197128 kB
MemTotal:        1844596 kB
MemFree:           98716 kB
MemAvailable:    1382588 kB
Buffers:          103484 kB
Cached:          1197128 kB
MemTotal:        1844596 kB
MemFree:           98716 kB
MemAvailable:    1382588 kB
Buffers:          103484 kB
Cached:          1197128 kB
MemTotal:        1844596 kB
MemFree:           98840 kB
MemAvailable:    1382712 kB
Buffers:          103484 kB
Cached:          1197128 kB
MemTotal:        1844596 kB
MemFree:           98740 kB
MemAvailable:    1382612 kB
Buffers:          103484 kB
Cached:          1197128 kB
MemTotal:        1844596 kB
MemFree:           98848 kB
MemAvailable:    1382720 kB
Buffers:          103484 kB
Cached:          1197128 kB
MemTotal:        1844596 kB
MemFree:           98988 kB
MemAvailable:    1382860 kB
Buffers:          103484 kB
Cached:          1197128 kB
MemTotal:        1844596 kB
MemFree:           99040 kB
MemAvailable:    1382912 kB
Buffers:          103484 kB
Cached:          1197128 kB
MemTotal:        1844596 kB
MemFree:           98868 kB
MemAvailable:    1382740 kB
Buffers:          103484 kB
Cached:          1197128 kB
MemTotal:        1844596 kB
MemFree:           98120 kB
MemAvailable:    1381992 kB
Buffers:          103484 kB
Cached:          1197128 kB
MemTotal:        1844596 kB
MemFree:           98716 kB
MemAvailable:    1382588 kB
Buffers:          103484 kB
Cached:          1197128 kB
MemTotal:        1844596 kB
MemFree:           99052 kB
MemAvailable:    1382924 kB
Buffers:          103484 kB
Cached:          1197128 kB
MemTotal:        1844596 kB
MemFree:           98724 kB
MemAvailable:    1382596 kB
Buffers:          103484 kB
Cached:          1197128 kB
MemTotal:        1844596 kB
MemFree:           98868 kB
MemAvailable:    1382740 kB
Buffers:          103484 kB
Cached:          1197128 kB
MemTotal:        1844596 kB
MemFree:           98904 kB
MemAvailable:    1382776 kB
Buffers:          103484 kB
Cached:          1197128 kB
MemTotal:        1844596 kB
MemFree:           98532 kB
MemAvailable:    1382404 kB
Buffers:          103484 kB
Cached:          1197128 kB
MemTotal:        1844596 kB
MemFree:           98868 kB
MemAvailable:    1382740 kB
Buffers:          103484 kB
Cached:          1197128 kB
MemTotal:        1844596 kB
MemFree:           99016 kB
MemAvailable:    1382888 kB
Buffers:          103484 kB
Cached:          1197128 kB
MemTotal:        1844596 kB
MemFree:           98236 kB
MemAvailable:    1382108 kB
Buffers:          103484 kB
Cached:          1197128 kB
MemTotal:        1844596 kB
MemFree:           99096 kB
MemAvailable:    1382968 kB
Buffers:          103484 kB
Cached:          1197128 kB
MemTotal:        1844596 kB
MemFree:           99096 kB
MemAvailable:    1382968 kB
Buffers:          103484 kB
Cached:          1197128 kB
MemTotal:        1844596 kB
MemFree:           97568 kB
MemAvailable:    1381440 kB
Buffers:          103484 kB
Cached:          1197128 kB
MemTotal:        1844596 kB
MemFree:           98808 kB
MemAvailable:    1382680 kB
Buffers:          103484 kB
Cached:          1197128 kB
MemTotal:        1844596 kB
MemFree:           98120 kB
MemAvailable:    1381992 kB
Buffers:          103484 kB
Cached:          1197128 kB
MemTotal:        1844596 kB
MemFree:           98716 kB
MemAvailable:    1382588 kB
Buffers:          103484 kB
Cached:          1197128 kB
MemTotal:        1844596 kB
MemFree:           98732 kB
MemAvailable:    1382604 kB
Buffers:          103484 kB
Cached:          1197128 kB
MemTotal:        1844596 kB
MemFree:           98896 kB
MemAvailable:    1382768 kB
Buffers:          103484 kB
Cached:          1197128 kB
MemTotal:        1844596 kB
MemFree:           99024 kB
MemAvailable:    1382896 kB
Buffers:          103484 kB
Cached:          1197128 kB
MemTotal:        1844596 kB
MemFree:           98112 kB
MemAvailable:    1381984 kB
Buffers:          103484 kB
Cached:          1197128 kB
MemTotal:        1844596 kB
MemFree:           99156 kB
MemAvailable:    1383032 kB
Buffers:          103484 kB
Cached:          1197132 kB
MemTotal:        1844596 kB
MemFree:           97996 kB
MemAvailable:    1381872 kB
Buffers:          103484 kB
Cached:          1197132 kB
MemTotal:        1844596 kB
MemFree:           98856 kB
MemAvailable:    1382732 kB
Buffers:          103484 kB
Cached:          1197132 kB
MemTotal:        1844596 kB
MemFree:           97740 kB
MemAvailable:    1381616 kB
Buffers:          103484 kB
Cached:          1197132 kB
MemTotal:        1844596 kB
MemFree:           98856 kB
MemAvailable:    1382732 kB
Buffers:          103484 kB
Cached:          1197132 kB
MemTotal:        1844596 kB
MemFree:           95748 kB
MemAvailable:    1379624 kB
Buffers:          103484 kB
Cached:          1197132 kB
MemTotal:        1844596 kB
MemFree:           95632 kB
MemAvailable:    1379508 kB
Buffers:          103484 kB
Cached:          1197132 kB
MemTotal:        1844596 kB
MemFree:           91540 kB
MemAvailable:    1375416 kB
Buffers:          103484 kB
Cached:          1197132 kB
MemTotal:        1844596 kB
MemFree:           88812 kB
MemAvailable:    1372688 kB
Buffers:          103484 kB
Cached:          1197132 kB
MemTotal:        1844596 kB
MemFree:           85448 kB
MemAvailable:    1369324 kB
Buffers:          103484 kB
Cached:          1197132 kB
MemTotal:        1844596 kB
MemFree:           84844 kB
MemAvailable:    1368720 kB
Buffers:          103484 kB
Cached:          1197132 kB
MemTotal:        1844596 kB
MemFree:           81248 kB
MemAvailable:    1365124 kB
Buffers:          103484 kB
Cached:          1197132 kB
MemTotal:        1844596 kB
MemFree:           79760 kB
MemAvailable:    1363636 kB
Buffers:          103484 kB
Cached:          1197132 kB
MemTotal:        1844596 kB
MemFree:           79372 kB
MemAvailable:    1363248 kB
Buffers:          103484 kB
Cached:          1197132 kB
MemTotal:        1844596 kB
MemFree:           79272 kB
MemAvailable:    1363148 kB
Buffers:          103484 kB
Cached:          1197132 kB
MemTotal:        1844596 kB
MemFree:           79208 kB
MemAvailable:    1363084 kB
Buffers:          103484 kB
Cached:          1197132 kB
MemTotal:        1844596 kB
MemFree:           79464 kB
MemAvailable:    1363340 kB
Buffers:          103484 kB
Cached:          1197132 kB
MemTotal:        1844596 kB
MemFree:           79112 kB
MemAvailable:    1362988 kB
Buffers:          103484 kB
Cached:          1197132 kB
MemTotal:        1844596 kB
MemFree:           79332 kB
MemAvailable:    1363208 kB
Buffers:          103484 kB
Cached:          1197132 kB
MemTotal:        1844596 kB
MemFree:           78148 kB
MemAvailable:    1362024 kB
Buffers:          103484 kB
Cached:          1197132 kB
MemTotal:        1844596 kB
MemFree:           78272 kB
MemAvailable:    1362148 kB
Buffers:          103484 kB
Cached:          1197132 kB
MemTotal:        1844596 kB
MemFree:           79400 kB
MemAvailable:    1363276 kB
Buffers:          103484 kB
Cached:          1197132 kB
MemTotal:        1844596 kB
MemFree:           79264 kB
MemAvailable:    1363140 kB
Buffers:          103484 kB
Cached:          1197132 kB
MemTotal:        1844596 kB
MemFree:           79360 kB
MemAvailable:    1363236 kB
Buffers:          103484 kB
Cached:          1197132 kB
MemTotal:        1844596 kB
MemFree:           79612 kB
MemAvailable:    1363488 kB
Buffers:          103484 kB
Cached:          1197132 kB
MemTotal:        1844596 kB
MemFree:           79500 kB
MemAvailable:    1363376 kB
Buffers:          103484 kB
Cached:          1197132 kB
MemTotal:        1844596 kB
MemFree:           78376 kB
MemAvailable:    1362252 kB
Buffers:          103484 kB
Cached:          1197132 kB
MemTotal:        1844596 kB
MemFree:           79428 kB
MemAvailable:    1363304 kB
Buffers:          103484 kB
Cached:          1197132 kB
MemTotal:        1844596 kB
MemFree:           79324 kB
MemAvailable:    1363200 kB
Buffers:          103484 kB
Cached:          1197132 kB
MemTotal:        1844596 kB
MemFree:           79192 kB
MemAvailable:    1363068 kB
Buffers:          103484 kB
Cached:          1197132 kB
MemTotal:        1844596 kB
MemFree:           78148 kB
MemAvailable:    1362024 kB
Buffers:          103484 kB
Cached:          1197132 kB
MemTotal:        1844596 kB
MemFree:           78872 kB
MemAvailable:    1362748 kB
Buffers:          103484 kB
Cached:          1197132 kB
MemTotal:        1844596 kB
MemFree:           78956 kB
MemAvailable:    1362832 kB
Buffers:          103484 kB
Cached:          1197132 kB
MemTotal:        1844596 kB
MemFree:           77756 kB
MemAvailable:    1361632 kB
Buffers:          103484 kB
Cached:          1197132 kB
MemTotal:        1844596 kB
MemFree:           79196 kB
MemAvailable:    1363072 kB
Buffers:          103484 kB
Cached:          1197132 kB
MemTotal:        1844596 kB
MemFree:           78952 kB
MemAvailable:    1362836 kB
Buffers:          103484 kB
Cached:          1197140 kB
MemTotal:        1844596 kB
MemFree:           78952 kB
MemAvailable:    1362836 kB
Buffers:          103484 kB
Cached:          1197140 kB
MemTotal:        1844596 kB
MemFree:           78504 kB
MemAvailable:    1362388 kB
Buffers:          103484 kB
Cached:          1197140 kB
MemTotal:        1844596 kB
MemFree:           78756 kB
MemAvailable:    1362640 kB
Buffers:          103484 kB
Cached:          1197140 kB
MemTotal:        1844596 kB
MemFree:           78076 kB
MemAvailable:    1361960 kB
Buffers:          103484 kB
Cached:          1197140 kB
MemTotal:        1844596 kB
MemFree:           73816 kB
MemAvailable:    1357700 kB
Buffers:          103484 kB
Cached:          1197140 kB
MemTotal:        1844596 kB
MemFree:           66844 kB
MemAvailable:    1350728 kB
Buffers:          103484 kB
Cached:          1197140 kB
MemTotal:        1844596 kB
MemFree:           69312 kB
MemAvailable:    1353196 kB
Buffers:          103484 kB
Cached:          1197140 kB
MemTotal:        1844596 kB
MemFree:           68004 kB
MemAvailable:    1351888 kB
Buffers:          103484 kB
Cached:          1197140 kB
MemTotal:        1844596 kB
MemFree:           68004 kB
MemAvailable:    1351888 kB
Buffers:          103484 kB
Cached:          1197140 kB
MemTotal:        1844596 kB
MemFree:           68012 kB
MemAvailable:    1351896 kB
Buffers:          103484 kB
Cached:          1197140 kB
MemTotal:        1844596 kB
MemFree:           68996 kB
MemAvailable:    1352880 kB
Buffers:          103484 kB
Cached:          1197140 kB
MemTotal:        1844596 kB
MemFree:           67888 kB
MemAvailable:    1351772 kB
Buffers:          103484 kB
Cached:          1197140 kB
MemTotal:        1844596 kB
MemFree:           68864 kB
MemAvailable:    1352748 kB
Buffers:          103484 kB
Cached:          1197140 kB
MemTotal:        1844596 kB
MemFree:           68948 kB
MemAvailable:    1352832 kB
Buffers:          103484 kB
Cached:          1197140 kB
MemTotal:        1844596 kB
MemFree:           67740 kB
MemAvailable:    1351624 kB
Buffers:          103484 kB
Cached:          1197140 kB
MemTotal:        1844596 kB
MemFree:           68120 kB
MemAvailable:    1352088 kB
Buffers:          103484 kB
Cached:          1197264 kB
MemTotal:        1844596 kB
MemFree:           66912 kB
MemAvailable:    1350880 kB
Buffers:          103484 kB
Cached:          1197264 kB
MemTotal:        1844596 kB
MemFree:           68640 kB
MemAvailable:    1352776 kB
Buffers:          103484 kB
Cached:          1197388 kB
MemTotal:        1844596 kB
MemFree:           68592 kB
MemAvailable:    1352812 kB
Buffers:          103484 kB
Cached:          1197512 kB
MemTotal:        1844596 kB
MemFree:           66976 kB
MemAvailable:    1351280 kB
Buffers:          103484 kB
Cached:          1197636 kB
MemTotal:        1844596 kB
MemFree:           68220 kB
MemAvailable:    1352692 kB
Buffers:          103484 kB
Cached:          1197760 kB
MemTotal:        1844596 kB
MemFree:           68220 kB
MemAvailable:    1352692 kB
Buffers:          103484 kB
Cached:          1197760 kB
MemTotal:        1844596 kB
MemFree:           66640 kB
MemAvailable:    1351112 kB
Buffers:          103484 kB
Cached:          1197760 kB
MemTotal:        1844596 kB
MemFree:           67948 kB
MemAvailable:    1352504 kB
Buffers:          103484 kB
Cached:          1197760 kB
MemTotal:        1844596 kB
MemFree:           68016 kB
MemAvailable:    1352572 kB
Buffers:          103484 kB
Cached:          1197760 kB
MemTotal:        1844596 kB
MemFree:           68016 kB
MemAvailable:    1352572 kB
Buffers:          103484 kB
Cached:          1197760 kB
MemTotal:        1844596 kB
MemFree:           68260 kB
MemAvailable:    1352816 kB
Buffers:          103484 kB
Cached:          1197760 kB
MemTotal:        1844596 kB
MemFree:           68164 kB
MemAvailable:    1352720 kB
Buffers:          103484 kB
Cached:          1197760 kB
MemTotal:        1844596 kB
MemFree:           67996 kB
MemAvailable:    1352636 kB
Buffers:          103484 kB
Cached:          1197884 kB
MemTotal:        1844596 kB
MemFree:           67996 kB
MemAvailable:    1352636 kB
Buffers:          103484 kB
Cached:          1197884 kB
MemTotal:        1844596 kB
MemFree:           67648 kB
MemAvailable:    1351532 kB
Buffers:          103484 kB
Cached:          1197168 kB
MemTotal:        1844596 kB
MemFree:           67572 kB
MemAvailable:    1351456 kB
Buffers:          103484 kB
Cached:          1197168 kB
MemTotal:        1844596 kB
MemFree:          184980 kB
MemAvailable:    1468864 kB
Buffers:          103484 kB
Cached:          1197168 kB
MemTotal:        1844596 kB
MemFree:          259320 kB
MemAvailable:    1543204 kB
Buffers:          103484 kB
Cached:          1197168 kB
