MemTotal:        1844596 kB
MemFree:          268784 kB
MemAvailable:    1545216 kB
Buffers:          106164 kB
Cached:          1183388 kB
MemTotal:        1844596 kB
MemFree:          240444 kB
MemAvailable:    1516884 kB
Buffers:          106164 kB
Cached:          1183392 kB
MemTotal:        1844596 kB
MemFree:          240064 kB
MemAvailable:    1516504 kB
Buffers:          106164 kB
Cached:          1183392 kB
MemTotal:        1844596 kB
MemFree:          240504 kB
MemAvailable:    1516944 kB
Buffers:          106164 kB
Cached:          1183392 kB
MemTotal:        1844596 kB
MemFree:          236600 kB
MemAvailable:    1513040 kB
Buffers:          106164 kB
Cached:          1183392 kB
MemTotal:        1844596 kB
MemFree:          237584 kB
MemAvailable:    1514024 kB
Buffers:          106164 kB
Cached:          1183392 kB
MemTotal:        1844596 kB
MemFree:          237584 kB
MemAvailable:    1514024 kB
Buffers:          106164 kB
Cached:          1183392 kB
MemTotal:        1844596 kB
MemFree:          233500 kB
MemAvailable:    1509940 kB
Buffers:          106164 kB
Cached:          1183392 kB
MemTotal:        1844596 kB
MemFree:          233500 kB
MemAvailable:    1509940 kB
Buffers:          106164 kB
Cached:          1183392 kB
MemTotal:        1844596 kB
MemFree:          227240 kB
MemAvailable:    1503680 kB
Buffers:          106164 kB
Cached:          1183392 kB
MemTotal:        1844596 kB
MemFree:          225432 kB
MemAvailable:    1501872 kB
Buffers:          106164 kB
Cached:          1183392 kB
MemTotal:        1844596 kB
MemFree:          227748 kB
MemAvailable:    1504188 kB
Buffers:          106164 kB
Cached:          1183392 kB
MemTotal:        1844596 kB
MemFree:          228848 kB
MemAvailable:    1505288 kB
Buffers:          106164 kB
Cached:          1183392 kB
MemTotal:        1844596 kB
MemFree:          229020 kB
MemAvailable:    1505460 kB
Buffers:          106164 kB
Cached:          1183392 kB
MemTotal:        1844596 kB
MemFree:          228896 kB
MemAvailable:    1505336 kB
Buffers:          106164 kB
Cached:          1183392 kB
MemTotal:        1844596 kB
MemFree:          228700 kB
MemAvailable:    1505140 kB
Buffers:          106164 kB
Cached:          1183392 kB
MemTotal:        1844596 kB
MemFree:          227556 kB
MemAvailable:    1503996 kB
Buffers:          106164 kB
Cached:          1183392 kB
MemTotal:        1844596 kB
MemFree:          228400 kB
MemAvailable:    1504840 kB
Buffers:          106164 kB
Cached:          1183392 kB
MemTotal:        1844596 kB
MemFree:          228664 kB
MemAvailable:    1505104 kB
Buffers:          106164 kB
Cached:          1183392 kB
MemTotal:        1844596 kB
MemFree:          228400 kB
MemAvailable:    1504840 kB
Buffers:          106164 kB
Cached:          1183392 kB
MemTotal:        1844596 kB
MemFree:          227292 kB
MemAvailable:    1503732 kB
Buffers:          106164 kB
Cached:          1183392 kB
MemTotal:        1844596 kB
MemFree:          228304 kB
MemAvailable:    1504744 kB
Buffers:          106164 kB
Cached:          1183392 kB
MemTotal:        1844596 kB
MemFree:          226864 kB
MemAvailable:    1503304 kB
Buffers:          106164 kB
Cached:          1183392 kB
MemTotal:        1844596 kB
MemFree:          227796 kB
MemAvailable:    1504236 kB
Buffers:          106164 kB
Cached:          1183392 kB
MemTotal:        1844596 kB
MemFree:          227796 kB
MemAvailable:    1504236 kB
Buffers:          106164 kB
Cached:          1183392 kB
MemTotal:        1844596 kB
MemFree:          227236 kB
MemAvailable:    1503676 kB
Buffers:          106164 kB
Cached:          1183392 kB
MemTotal:        1844596 kB
MemFree:          227572 kB
MemAvailable:    1504012 kB
Buffers:          106164 kB
Cached:          1183392 kB
MemTotal:        1844596 kB
MemFree:          227296 kB
MemAvailable:    1503736 kB
Buffers:          106164 kB
Cached:          1183392 kB
MemTotal:        1844596 kB
MemFree:          226300 kB
MemAvailable:    1502740 kB
Buffers:          106164 kB
Cached:          1183392 kB
MemTotal:        1844596 kB
MemFree:          226176 kB
MemAvailable:    1502616 kB
Buffers:          106164 kB
Cached:          1183392 kB
MemTotal:        1844596 kB
MemFree:          225992 kB
MemAvailable:    1502432 kB
Buffers:          106164 kB
Cached:          1183392 kB
MemTotal:        1844596 kB
MemFree:          226244 kB
MemAvailable:    1502684 kB
Buffers:          106164 kB
Cached:          1183392 kB
MemTotal:        1844596 kB
MemFree:          225880 kB
MemAvailable:    1502320 kB
Buffers:          106164 kB
Cached:          1183392 kB
MemTotal:        1844596 kB
MemFree:          225192 kB
MemAvailable:    1501632 kB
Buffers:          106164 kB
Cached:          1183392 kB
MemTotal:        1844596 kB
MemFree:          225924 kB
MemAvailable:    1502364 kB
Buffers:          106164 kB
Cached:          1183392 kB
MemTotal:        1844596 kB
MemFree:          225944 kB
MemAvailable:    1502384 kB
Buffers:          106164 kB
Cached:          1183392 kB
MemTotal:        1844596 kB
MemFree:          224764 kB
MemAvailable:    1501204 kB
Buffers:          106164 kB
Cached:          1183392 kB
MemTotal:        1844596 kB
MemFree:          224748 kB
MemAvailable:    1501188 kB
Buffers:          106164 kB
Cached:          1183392 kB
MemTotal:        1844596 kB
MemFree:          224756 kB
MemAvailable:    1501196 kB
Buffers:          106164 kB
Cached:          1183392 kB
MemTotal:        1844596 kB
MemFree:          222580 kB
MemAvailable:    1499020 kB
Buffers:          106164 kB
Cached:          1183392 kB
MemTotal:        1844596 kB
MemFree:          222472 kB
MemAvailable:    1498912 kB
Buffers:          106164 kB
Cached:          1183392 kB
MemTotal:        1844596 kB
MemFree:          220712 kB
MemAvailable:    1497152 kB
Buffers:          106164 kB
Cached:          1183392 kB
MemTotal:        1844596 kB
MemFree:          220356 kB
MemAvailable:    1496796 kB
Buffers:          106164 kB
Cached:          1183392 kB
MemTotal:        1844596 kB
MemFree:          220716 kB
MemAvailable:    1497156 kB
Buffers:          106164 kB
Cached:          1183392 kB
MemTotal:        1844596 kB
MemFree:          219304 kB
MemAvailable:    1495744 kB
Buffers:          106164 kB
Cached:          1183392 kB
MemTotal:        1844596 kB
MemFree:          220412 kB
MemAvailable:    1496852 kB
Buffers:          106164 kB
Cached:          1183392 kB
MemTotal:        1844596 kB
MemFree:          220748 kB
MemAvailable:    1497188 kB
Buffers:          106164 kB
Cached:          1183392 kB
MemTotal:        1844596 kB
MemFree:          219172 kB
MemAvailable:    1495612 kB
Buffers:          106164 kB
Cached:          1183392 kB
MemTotal:        1844596 kB
MemFree:          220536 kB
MemAvailable:    1496976 kB
Buffers:          106164 kB
Cached:          1183392 kB
MemTotal:        1844596 kB
MemFree:          219736 kB
MemAvailable:    1496176 kB
Buffers:          106164 kB
Cached:          1183392 kB
MemTotal:        1844596 kB
MemFree:          220220 kB
MemAvailable:    1496660 kB
Buffers:          106164 kB
Cached:          1183392 kB
MemTotal:        1844596 kB
MemFree:          218868 kB
MemAvailable:    1495308 kB
Buffers:          106164 kB
Cached:          1183392 kB
MemTotal:        1844596 kB
MemFree:          220184 kB
MemAvailable:    1496624 kB
Buffers:          106164 kB
Cached:          1183392 kB
MemTotal:        1844596 kB
MemFree:          218944 kB
MemAvailable:    1495384 kB
Buffers:          106164 kB
Cached:          1183392 kB
MemTotal:        1844596 kB
MemFree:          219116 kB
MemAvailable:    1495556 kB
Buffers:          106164 kB
Cached:          1183392 kB
MemTotal:        1844596 kB
MemFree:          220036 kB
MemAvailable:    1496476 kB
Buffers:          106164 kB
Cached:          1183392 kB
MemTotal:        1844596 kB
MemFree:          217140 kB
MemAvailable:    1493580 kB
Buffers:          106164 kB
Cached:          1183392 kB
MemTotal:        1844596 kB
MemFree:          213280 kB
MemAvailable:    1489728 kB
Buffers:          106164 kB
Cached:          1183396 kB
MemTotal:        1844596 kB
MemFree:          213032 kB
MemAvailable:    1489480 kB
Buffers:          106164 kB
Cached:          1183396 kB
MemTotal:        1844596 kB
MemFree:          213040 kB
MemAvailable:    1489488 kB
Buffers:          106164 kB
Cached:          1183396 kB
MemTotal:        1844596 kB
MemFree:          213580 kB
MemAvailable:    1490028 kB
Buffers:          106164 kB
Cached:          1183396 kB
MemTotal:        1844596 kB
MemFree:          213652 kB
MemAvailable:    1490100 kB
Buffers:          106164 kB
Cached:          1183396 kB
MemTotal:        1844596 kB
MemFree:          212280 kB
MemAvailable:    1488728 kB
Buffers:          106164 kB
Cached:          1183396 kB
MemTotal:        1844596 kB
MemFree:          212408 kB
MemAvailable:    1488856 kB
Buffers:          106164 kB
Cached:          1183396 kB
MemTotal:        1844596 kB
MemFree:          210932 kB
MemAvailable:    1487380 kB
Buffers:          106164 kB
Cached:          1183396 kB
MemTotal:        1844596 kB
MemFree:          210420 kB
MemAvailable:    1486868 kB
Buffers:          106164 kB
Cached:          1183396 kB
MemTotal:        1844596 kB
MemFree:          210684 kB
MemAvailable:    1487132 kB
Buffers:          106164 kB
Cached:          1183396 kB
MemTotal:        1844596 kB
MemFree:          211732 kB
MemAvailable:    1488180 kB
Buffers:          106164 kB
Cached:          1183396 kB
MemTotal:        1844596 kB
MemFree:          210124 kB
MemAvailable:    1486572 kB
Buffers:          106164 kB
Cached:          1183396 kB
MemTotal:        1844596 kB
MemFree:          210272 kB
MemAvailable:    1486724 kB
Buffers:          106164 kB
Cached:          1183400 kB
MemTotal:        1844596 kB
MemFree:          211444 kB
MemAvailable:    1487896 kB
Buffers:          106164 kB
Cached:          1183400 kB
MemTotal:        1844596 kB
MemFree:          211364 kB
MemAvailable:    1487816 kB
Buffers:          106164 kB
Cached:          1183400 kB
MemTotal:        1844596 kB
MemFree:          211180 kB
MemAvailable:    1487632 kB
Buffers:          106164 kB
Cached:          1183400 kB
MemTotal:        1844596 kB
MemFree:          210048 kB
MemAvailable:    1486500 kB
Buffers:          106164 kB
Cached:          1183400 kB
MemTotal:        1844596 kB
MemFree:          211552 kB
MemAvailable:    1488004 kB
Buffers:          106164 kB
Cached:          1183400 kB
MemTotal:        1844596 kB
MemFree:          211240 kB
MemAvailable:    1487692 kB
Buffers:          106164 kB
Cached:          1183400 kB
MemTotal:        1844596 kB
MemFree:          209992 kB
MemAvailable:    1486444 kB
Buffers:          106164 kB
Cached:          1183400 kB
MemTotal:        1844596 kB
MemFree:          209992 kB
MemAvailable:    1486444 kB
Buffers:          106164 kB
Cached:          1183400 kB
MemTotal:        1844596 kB
MemFree:          211192 kB
MemAvailable:    1487644 kB
Buffers:          106164 kB
Cached:          1183400 kB
MemTotal:        1844596 kB
MemFree:          210188 kB
MemAvailable:    1486640 kB
Buffers:          106164 kB
Cached:          1183400 kB
MemTotal:        1844596 kB
MemFree:          210904 kB
MemAvailable:    1487356 kB
Buffers:          106164 kB
Cached:          1183400 kB
MemTotal:        1844596 kB
MemFree:          211240 kB
MemAvailable:    1487692 kB
Buffers:          106164 kB
Cached:          1183400 kB
MemTotal:        1844596 kB
MemFree:          210996 kB
MemAvailable:    1487448 kB
Buffers:          106164 kB
Cached:          1183400 kB
MemTotal:        1844596 kB
MemFree:          210188 kB
MemAvailable:    1486516 kB
Buffers:          106164 kB
Cached:          1183400 kB
MemTotal:        1844596 kB
MemFree:          206336 kB
MemAvailable:    1482788 kB
Buffers:          106164 kB
Cached:          1183400 kB
MemTotal:        1844596 kB
MemFree:          206344 kB
MemAvailable:    1482796 kB
Buffers:          106164 kB
Cached:          1183400 kB
MemTotal:        1844596 kB
MemFree:          203412 kB
MemAvailable:    1479864 kB
Buffers:          106164 kB
Cached:          1183400 kB
MemTotal:        1844596 kB
MemFree:          202004 kB
MemAvailable:    1478456 kB
Buffers:          106164 kB
Cached:          1183400 kB
MemTotal:        1844596 kB
MemFree:          203236 kB
MemAvailable:    1479692 kB
Buffers:          106164 kB
Cached:          1183404 kB
MemTotal:        1844596 kB
MemFree:          202252 kB
MemAvailable:    1478708 kB
Buffers:          106164 kB
Cached:          1183404 kB
MemTotal:        1844596 kB
MemFree:          202728 kB
MemAvailable:    1479184 kB
Buffers:          106164 kB
Cached:          1183404 kB
MemTotal:        1844596 kB
MemFree:          202632 kB
MemAvailable:    1479088 kB
Buffers:          106164 kB
Cached:          1183404 kB
MemTotal:        1844596 kB
MemFree:          202544 kB
MemAvailable:    1479000 kB
Buffers:          106164 kB
Cached:          1183404 kB
MemTotal:        1844596 kB
MemFree:          202504 kB
MemAvailable:    1478960 kB
Buffers:          106164 kB
Cached:          1183404 kB
MemTotal:        1844596 kB
MemFree:          201508 kB
MemAvailable:    1477964 kB
Buffers:          106164 kB
Cached:          1183404 kB
MemTotal:        1844596 kB
MemFree:          202232 kB
MemAvailable:    1478688 kB
Buffers:          106164 kB
Cached:          1183404 kB
MemTotal:        1844596 kB
MemFree:          202488 kB
MemAvailable:    1478944 kB
Buffers:          106164 kB
Cached:          1183404 kB
MemTotal:        1844596 kB
MemFree:          201324 kB
MemAvailable:    1477780 kB
Buffers:          106164 kB
Cached:          1183404 kB
MemTotal:        1844596 kB
MemFree:          202504 kB
MemAvailable:    1478960 kB
Buffers:          106164 kB
Cached:          1183404 kB
MemTotal:        1844596 kB
MemFree:          201112 kB
MemAvailable:    1477568 kB
Buffers:          106164 kB
Cached:          1183404 kB
MemTotal:        1844596 kB
MemFree:          201212 kB
MemAvailable:    1477668 kB
Buffers:          106164 kB
Cached:          1183404 kB
MemTotal:        1844596 kB
MemFree:          201080 kB
MemAvailable:    1477536 kB
Buffers:          106164 kB
Cached:          1183404 kB
MemTotal:        1844596 kB
MemFree:          201248 kB
MemAvailable:    1477704 kB
Buffers:          106164 kB
Cached:          1183404 kB
MemTotal:        1844596 kB
MemFree:          202416 kB
MemAvailable:    1478872 kB
Buffers:          106164 kB
Cached:          1183404 kB
MemTotal:        1844596 kB
MemFree:          201248 kB
MemAvailable:    1477704 kB
Buffers:          106164 kB
Cached:          1183404 kB
MemTotal:        1844596 kB
MemFree:          202628 kB
MemAvailable:    1479084 kB
Buffers:          106164 kB
Cached:          1183404 kB
MemTotal:        1844596 kB
MemFree:          202628 kB
MemAvailable:    1479084 kB
Buffers:          106164 kB
Cached:          1183404 kB
MemTotal:        1844596 kB
MemFree:          201188 kB
MemAvailable:    1477644 kB
Buffers:          106164 kB
Cached:          1183404 kB
MemTotal:        1844596 kB
MemFree:          201064 kB
MemAvailable:    1477520 kB
Buffers:          106164 kB
Cached:          1183404 kB
MemTotal:        1844596 kB
MemFree:          201224 kB
MemAvailable:    1477680 kB
Buffers:          106164 kB
Cached:          1183404 kB
MemTotal:        1844596 kB
MemFree:          202604 kB
MemAvailable:    1479060 kB
Buffers:          106164 kB
Cached:          1183404 kB
MemTotal:        1844596 kB
MemFree:          202492 kB
MemAvailable:    1478948 kB
Buffers:          106164 kB
Cached:          1183404 kB
MemTotal:        1844596 kB
MemFree:          202412 kB
MemAvailable:    1478868 kB
Buffers:          106164 kB
Cached:          1183404 kB
MemTotal:        1844596 kB
MemFree:          201336 kB
MemAvailable:    1477792 kB
Buffers:          106164 kB
Cached:          1183404 kB
MemTotal:        1844596 kB
MemFree:          201124 kB
MemAvailable:    1477580 kB
Buffers:          106164 kB
Cached:          1183404 kB
MemTotal:        1844596 kB
MemFree:          201200 kB
MemAvailable:    1477656 kB
Buffers:          106164 kB
Cached:          1183404 kB
MemTotal:        1844596 kB
MemFree:          201068 kB
MemAvailable:    1477524 kB
Buffers:          106164 kB
Cached:          1183404 kB
MemTotal:        1844596 kB
MemFree:          202592 kB
MemAvailable:    1479048 kB
Buffers:          106164 kB
Cached:          1183404 kB
MemTotal:        1844596 kB
MemFree:          201196 kB
MemAvailable:    1477652 kB
Buffers:          106164 kB
Cached:          1183404 kB
MemTotal:        1844596 kB
MemFree:          202408 kB
MemAvailable:    1478864 kB
Buffers:          106164 kB
Cached:          1183404 kB
MemTotal:        1844596 kB
MemFree:          201632 kB
MemAvailable:    1478088 kB
Buffers:          106164 kB
Cached:          1183404 kB
MemTotal:        1844596 kB
MemFree:          202196 kB
MemAvailable:    1478656 kB
Buffers:          106164 kB
Cached:          1183408 kB
MemTotal:        1844596 kB
MemFree:          201632 kB
MemAvailable:    1478092 kB
Buffers:          106164 kB
Cached:          1183408 kB
MemTotal:        1844596 kB
MemFree:          198036 kB
MemAvailable:    1474496 kB
Buffers:          106164 kB
Cached:          1183408 kB
MemTotal:        1844596 kB
MemFree:          195556 kB
MemAvailable:    1472016 kB
Buffers:          106164 kB
Cached:          1183408 kB
MemTotal:        1844596 kB
MemFree:          192952 kB
MemAvailable:    1469412 kB
Buffers:          106164 kB
Cached:          1183408 kB
MemTotal:        1844596 kB
MemFree:          191704 kB
MemAvailable:    1468164 kB
Buffers:          106164 kB
Cached:          1183408 kB
MemTotal:        1844596 kB
MemFree:          192040 kB
MemAvailable:    1468500 kB
Buffers:          106164 kB
Cached:          1183408 kB
MemTotal:        1844596 kB
MemFree:          191572 kB
MemAvailable:    1468032 kB
Buffers:          106164 kB
Cached:          1183408 kB
MemTotal:        1844596 kB
MemFree:          191348 kB
MemAvailable:    1467808 kB
Buffers:          106164 kB
Cached:          1183408 kB
MemTotal:        1844596 kB
MemFree:          191540 kB
MemAvailable:    1468000 kB
Buffers:          106164 kB
Cached:          1183408 kB
MemTotal:        1844596 kB
MemFree:          191596 kB
MemAvailable:    1468056 kB
Buffers:          106164 kB
Cached:          1183408 kB
MemTotal:        1844596 kB
MemFree:          191632 kB
MemAvailable:    1468092 kB
Buffers:          106164 kB
Cached:          1183408 kB
MemTotal:        1844596 kB
MemFree:          190348 kB
MemAvailable:    1466808 kB
Buffers:          106164 kB
Cached:          1183408 kB
MemTotal:        1844596 kB
MemFree:          190424 kB
MemAvailable:    1466884 kB
Buffers:          106164 kB
Cached:          1183408 kB
MemTotal:        1844596 kB
MemFree:          191712 kB
MemAvailable:    1468172 kB
Buffers:          106164 kB
Cached:          1183408 kB
MemTotal:        1844596 kB
MemFree:          191540 kB
MemAvailable:    1468000 kB
Buffers:          106164 kB
Cached:          1183408 kB
MemTotal:        1844596 kB
MemFree:          191596 kB
MemAvailable:    1468056 kB
Buffers:          106164 kB
Cached:          1183408 kB
MemTotal:        1844596 kB
MemFree:          190852 kB
MemAvailable:    1467312 kB
Buffers:          106164 kB
Cached:          1183408 kB
MemTotal:        1844596 kB
MemFree:          192148 kB
MemAvailable:    1468608 kB
Buffers:          106164 kB
Cached:          1183408 kB
MemTotal:        1844596 kB
MemFree:          190916 kB
MemAvailable:    1467376 kB
Buffers:          106164 kB
Cached:          1183408 kB
MemTotal:        1844596 kB
MemFree:          191548 kB
MemAvailable:    1468008 kB
Buffers:          106164 kB
Cached:          1183408 kB
MemTotal:        1844596 kB
MemFree:          190168 kB
MemAvailable:    1466628 kB
Buffers:          106164 kB
Cached:          1183408 kB
MemTotal:        1844596 kB
MemFree:          191524 kB
MemAvailable:    1467984 kB
Buffers:          106164 kB
Cached:          1183408 kB
MemTotal:        1844596 kB
MemFree:          190728 kB
MemAvailable:    1467188 kB
Buffers:          106164 kB
Cached:          1183408 kB
MemTotal:        1844596 kB
MemFree:          191324 kB
MemAvailable:    1467784 kB
Buffers:          106164 kB
Cached:          1183408 kB
MemTotal:        1844596 kB
MemFree:          191660 kB
MemAvailable:    1468120 kB
Buffers:          106164 kB
Cached:          1183408 kB
MemTotal:        1844596 kB
MemFree:          191448 kB
MemAvailable:    1467908 kB
Buffers:          106164 kB
Cached:          1183408 kB
MemTotal:        1844596 kB
MemFree:          191700 kB
MemAvailable:    1468160 kB
Buffers:          106164 kB
Cached:          1183408 kB
MemTotal:        1844596 kB
MemFree:          191528 kB
MemAvailable:    1467988 kB
Buffers:          106164 kB
Cached:          1183408 kB
MemTotal:        1844596 kB
MemFree:          191472 kB
MemAvailable:    1467932 kB
Buffers:          106164 kB
Cached:          1183408 kB
MemTotal:        1844596 kB
MemFree:          190340 kB
MemAvailable:    1466800 kB
Buffers:          106164 kB
Cached:          1183408 kB
MemTotal:        1844596 kB
MemFree:          190216 kB
MemAvailable:    1466676 kB
Buffers:          106164 kB
Cached:          1183408 kB
MemTotal:        1844596 kB
MemFree:          191516 kB
MemAvailable:    1467976 kB
Buffers:          106164 kB
Cached:          1183408 kB
MemTotal:        1844596 kB
MemFree:          190196 kB
MemAvailable:    1466656 kB
Buffers:          106164 kB
Cached:          1183408 kB
MemTotal:        1844596 kB
MemFree:          190720 kB
MemAvailable:    1467180 kB
Buffers:          106164 kB
Cached:          1183408 kB
MemTotal:        1844596 kB
MemFree:          191452 kB
MemAvailable:    1467912 kB
Buffers:          106164 kB
Cached:          1183408 kB
MemTotal:        1844596 kB
MemFree:          191512 kB
MemAvailable:    1467972 kB
Buffers:          106164 kB
Cached:          1183408 kB
MemTotal:        1844596 kB
MemFree:          191524 kB
MemAvailable:    1467984 kB
Buffers:          106164 kB
Cached:          1183408 kB
MemTotal:        1844596 kB
MemFree:          191456 kB
MemAvailable:    1467916 kB
Buffers:          106164 kB
Cached:          1183408 kB
MemTotal:        1844596 kB
MemFree:          191792 kB
MemAvailable:    1468252 kB
Buffers:          106164 kB
Cached:          1183408 kB
MemTotal:        1844596 kB
MemFree:          190340 kB
MemAvailable:    1466800 kB
Buffers:          106164 kB
Cached:          1183408 kB
MemTotal:        1844596 kB
MemFree:          191516 kB
MemAvailable:    1467976 kB
Buffers:          106164 kB
Cached:          1183408 kB
MemTotal:        1844596 kB
MemFree:          190340 kB
MemAvailable:    1466800 kB
Buffers:          106164 kB
Cached:          1183408 kB
MemTotal:        1844596 kB
MemFree:          190712 kB
MemAvailable:    1467172 kB
Buffers:          106164 kB
Cached:          1183408 kB
MemTotal:        1844596 kB
MemFree:          190464 kB
MemAvailable:    1466924 kB
Buffers:          106164 kB
Cached:          1183408 kB
MemTotal:        1844596 kB
MemFree:          190456 kB
MemAvailable:    1466916 kB
Buffers:          106164 kB
Cached:          1183408 kB
MemTotal:        1844596 kB
MemFree:          190456 kB
MemAvailable:    1466916 kB
Buffers:          106164 kB
Cached:          1183408 kB
MemTotal:        1844596 kB
MemFree:          190332 kB
MemAvailable:    1466792 kB
Buffers:          106164 kB
Cached:          1183408 kB
MemTotal:        1844596 kB
MemFree:          190456 kB
MemAvailable:    1466916 kB
Buffers:          106164 kB
Cached:          1183408 kB
MemTotal:        1844596 kB
MemFree:          191432 kB
MemAvailable:    1467892 kB
Buffers:          106164 kB
Cached:          1183408 kB
MemTotal:        1844596 kB
MemFree:          191464 kB
MemAvailable:    1467924 kB
Buffers:          106164 kB
Cached:          1183408 kB
MemTotal:        1844596 kB
MemFree:          190044 kB
MemAvailable:    1466504 kB
Buffers:          106164 kB
Cached:          1183408 kB
MemTotal:        1844596 kB
MemFree:          190168 kB
MemAvailable:    1466628 kB
Buffers:          106164 kB
Cached:          1183408 kB
MemTotal:        1844596 kB
MemFree:          191400 kB
MemAvailable:    1467860 kB
Buffers:          106164 kB
Cached:          1183408 kB
MemTotal:        1844596 kB
MemFree:          190456 kB
MemAvailable:    1466916 kB
Buffers:          106164 kB
Cached:          1183408 kB
MemTotal:        1844596 kB
MemFree:          190596 kB
MemAvailable:    1467056 kB
Buffers:          106164 kB
Cached:          1183408 kB
MemTotal:        1844596 kB
MemFree:          190584 kB
MemAvailable:    1467044 kB
Buffers:          106164 kB
Cached:          1183408 kB
MemTotal:        1844596 kB
MemFree:          190328 kB
MemAvailable:    1466788 kB
Buffers:          106164 kB
Cached:          1183408 kB
MemTotal:        1844596 kB
MemFree:          189612 kB
MemAvailable:    1466072 kB
Buffers:          106164 kB
Cached:          1183408 kB
MemTotal:        1844596 kB
MemFree:          190208 kB
MemAvailable:    1466668 kB
Buffers:          106164 kB
Cached:          1183408 kB
MemTotal:        1844596 kB
MemFree:          190460 kB
MemAvailable:    1466920 kB
Buffers:          106164 kB
Cached:          1183408 kB
MemTotal:        1844596 kB
MemFree:          190336 kB
MemAvailable:    1466796 kB
Buffers:          106164 kB
Cached:          1183408 kB
MemTotal:        1844596 kB
MemFree:          190476 kB
MemAvailable:    1466936 kB
Buffers:          106164 kB
Cached:          1183408 kB
MemTotal:        1844596 kB
MemFree:          190476 kB
MemAvailable:    1466936 kB
Buffers:          106164 kB
Cached:          1183408 kB
MemTotal:        1844596 kB
MemFree:          188792 kB
MemAvailable:    1465252 kB
Buffers:          106164 kB
Cached:          1183408 kB
MemTotal:        1844596 kB
MemFree:          189836 kB
MemAvailable:    1466296 kB
Buffers:          106164 kB
Cached:          1183408 kB
MemTotal:        1844596 kB
MemFree:          189116 kB
MemAvailable:    1465576 kB
Buffers:          106164 kB
Cached:          1183408 kB
MemTotal:        1844596 kB
MemFree:          190164 kB
MemAvailable:    1466624 kB
Buffers:          106164 kB
Cached:          1183408 kB
MemTotal:        1844596 kB
MemFree:          188604 kB
MemAvailable:    1465064 kB
Buffers:          106164 kB
Cached:          1183408 kB
MemTotal:        1844596 kB
MemFree:          188688 kB
MemAvailable:    1465148 kB
Buffers:          106164 kB
Cached:          1183408 kB
MemTotal:        1844596 kB
MemFree:          189796 kB
MemAvailable:    1466256 kB
Buffers:          106164 kB
Cached:          1183408 kB
MemTotal:        1844596 kB
MemFree:          189844 kB
MemAvailable:    1466304 kB
Buffers:          106164 kB
Cached:          1183408 kB
MemTotal:        1844596 kB
MemFree:          189988 kB
MemAvailable:    1466448 kB
Buffers:          106164 kB
Cached:          1183408 kB
MemTotal:        1844596 kB
MemFree:          189964 kB
MemAvailable:    1466424 kB
Buffers:          106164 kB
Cached:          1183408 kB
MemTotal:        1844596 kB
MemFree:          189284 kB
MemAvailable:    1465744 kB
Buffers:          106164 kB
Cached:          1183408 kB
MemTotal:        1844596 kB
MemFree:          188336 kB
MemAvailable:    1464796 kB
Buffers:          106164 kB
Cached:          1183408 kB
MemTotal:        1844596 kB
MemFree:          188540 kB
MemAvailable:    1465000 kB
Buffers:          106164 kB
Cached:          1183408 kB
MemTotal:        1844596 kB
MemFree:          188548 kB
MemAvailable:    1465008 kB
Buffers:          106164 kB
Cached:          1183408 kB
MemTotal:        1844596 kB
MemFree:          189972 kB
MemAvailable:    1466432 kB
Buffers:          106164 kB
Cached:          1183408 kB
MemTotal:        1844596 kB
MemFree:          187372 kB
MemAvailable:    1463832 kB
Buffers:          106164 kB
Cached:          1183408 kB
MemTotal:        1844596 kB
MemFree:          184512 kB
MemAvailable:    1460972 kB
Buffers:          106164 kB
Cached:          1183408 kB
MemTotal:        1844596 kB
MemFree:          180180 kB
MemAvailable:    1456640 kB
Buffers:          106164 kB
Cached:          1183408 kB
MemTotal:        1844596 kB
MemFree:          179064 kB
MemAvailable:    1455524 kB
Buffers:          106164 kB
Cached:          1183408 kB
MemTotal:        1844596 kB
MemFree:          177692 kB
MemAvailable:    1454152 kB
Buffers:          106164 kB
Cached:          1183408 kB
MemTotal:        1844596 kB
MemFree:          177444 kB
MemAvailable:    1453904 kB
Buffers:          106164 kB
Cached:          1183408 kB
MemTotal:        1844596 kB
MemFree:          178380 kB
MemAvailable:    1454840 kB
Buffers:          106164 kB
Cached:          1183408 kB
MemTotal:        1844596 kB
MemFree:          177196 kB
MemAvailable:    1453656 kB
Buffers:          106164 kB
Cached:          1183408 kB
MemTotal:        1844596 kB
MemFree:          176708 kB
MemAvailable:    1453168 kB
Buffers:          106164 kB
Cached:          1183408 kB
MemTotal:        1844596 kB
MemFree:          177512 kB
MemAvailable:    1453972 kB
Buffers:          106164 kB
Cached:          1183408 kB
MemTotal:        1844596 kB
MemFree:          176212 kB
MemAvailable:    1452672 kB
Buffers:          106164 kB
Cached:          1183408 kB
MemTotal:        1844596 kB
MemFree:          176320 kB
MemAvailable:    1452780 kB
Buffers:          106164 kB
Cached:          1183408 kB
MemTotal:        1844596 kB
MemFree:          176212 kB
MemAvailable:    1452672 kB
Buffers:          106164 kB
Cached:          1183408 kB
MemTotal:        1844596 kB
MemFree:          175272 kB
MemAvailable:    1451732 kB
Buffers:          106164 kB
Cached:          1183408 kB
MemTotal:        1844596 kB
MemFree:          175200 kB
MemAvailable:    1451660 kB
Buffers:          106164 kB
Cached:          1183408 kB
MemTotal:        1844596 kB
MemFree:          175096 kB
MemAvailable:    1451556 kB
Buffers:          106164 kB
Cached:          1183408 kB
MemTotal:        1844596 kB
MemFree:          174724 kB
MemAvailable:    1451196 kB
Buffers:          106164 kB
Cached:          1183420 kB
MemTotal:        1844596 kB
MemFree:          173600 kB
MemAvailable:    1450072 kB
Buffers:          106164 kB
Cached:          1183420 kB
MemTotal:        1844596 kB
MemFree:          173560 kB
MemAvailable:    1450032 kB
Buffers:          106164 kB
Cached:          1183420 kB
MemTotal:        1844596 kB
MemFree:          174708 kB
MemAvailable:    1451180 kB
Buffers:          106164 kB
Cached:          1183420 kB
MemTotal:        1844596 kB
MemFree:          174708 kB
MemAvailable:    1451180 kB
Buffers:          106164 kB
Cached:          1183420 kB
MemTotal:        1844596 kB
MemFree:          173548 kB
MemAvailable:    1450020 kB
Buffers:          106164 kB
Cached:          1183420 kB
MemTotal:        1844596 kB
MemFree:          173552 kB
MemAvailable:    1450024 kB
Buffers:          106164 kB
Cached:          1183420 kB
MemTotal:        1844596 kB
MemFree:          174908 kB
MemAvailable:    1451380 kB
Buffers:          106164 kB
Cached:          1183420 kB
MemTotal:        1844596 kB
MemFree:          174828 kB
MemAvailable:    1451300 kB
Buffers:          106164 kB
Cached:          1183420 kB
MemTotal:        1844596 kB
MemFree:          173980 kB
MemAvailable:    1450452 kB
Buffers:          106164 kB
Cached:          1183420 kB
MemTotal:        1844596 kB
MemFree:          175096 kB
MemAvailable:    1451568 kB
Buffers:          106164 kB
Cached:          1183420 kB
MemTotal:        1844596 kB
MemFree:          174088 kB
MemAvailable:    1450560 kB
Buffers:          106164 kB
Cached:          1183420 kB
MemTotal:        1844596 kB
MemFree:          173980 kB
MemAvailable:    1450452 kB
Buffers:          106164 kB
Cached:          1183420 kB
MemTotal:        1844596 kB
MemFree:          173800 kB
MemAvailable:    1450272 kB
Buffers:          106164 kB
Cached:          1183420 kB
MemTotal:        1844596 kB
MemFree:          173048 kB
MemAvailable:    1449520 kB
Buffers:          106164 kB
Cached:          1183420 kB
MemTotal:        1844596 kB
MemFree:          171748 kB
MemAvailable:    1448220 kB
Buffers:          106164 kB
Cached:          1183420 kB
MemTotal:        1844596 kB
MemFree:          172732 kB
MemAvailable:    1449204 kB
Buffers:          106164 kB
Cached:          1183420 kB
MemTotal:        1844596 kB
MemFree:          172988 kB
MemAvailable:    1449460 kB
Buffers:          106164 kB
Cached:          1183420 kB
MemTotal:        1844596 kB
MemFree:          170880 kB
MemAvailable:    1447352 kB
Buffers:          106164 kB
Cached:          1183420 kB
MemTotal:        1844596 kB
MemFree:          171996 kB
MemAvailable:    1448468 kB
Buffers:          106164 kB
Cached:          1183420 kB
MemTotal:        1844596 kB
MemFree:          171328 kB
MemAvailable:    1447800 kB
Buffers:          106164 kB
Cached:          1183420 kB
MemTotal:        1844596 kB
MemFree:          170888 kB
MemAvailable:    1447360 kB
Buffers:          106164 kB
Cached:          1183420 kB
MemTotal:        1844596 kB
MemFree:          171172 kB
MemAvailable:    1447644 kB
Buffers:          106164 kB
Cached:          1183420 kB
MemTotal:        1844596 kB
MemFree:          170004 kB
MemAvailable:    1446476 kB
Buffers:          106164 kB
Cached:          1183420 kB
MemTotal:        1844596 kB
MemFree:          171320 kB
MemAvailable:    1447792 kB
Buffers:          106164 kB
Cached:          1183420 kB
MemTotal:        1844596 kB
MemFree:          170740 kB
MemAvailable:    1447212 kB
Buffers:          106164 kB
Cached:          1183420 kB
MemTotal:        1844596 kB
MemFree:          170740 kB
MemAvailable:    1447212 kB
Buffers:          106164 kB
Cached:          1183420 kB
MemTotal:        1844596 kB
MemFree:          170492 kB
MemAvailable:    1446964 kB
Buffers:          106164 kB
Cached:          1183420 kB
MemTotal:        1844596 kB
MemFree:          169504 kB
MemAvailable:    1445976 kB
Buffers:          106164 kB
Cached:          1183420 kB
MemTotal:        1844596 kB
MemFree:          169248 kB
MemAvailable:    1445720 kB
Buffers:          106164 kB
Cached:          1183420 kB
MemTotal:        1844596 kB
MemFree:          170556 kB
MemAvailable:    1447028 kB
Buffers:          106164 kB
Cached:          1183420 kB
MemTotal:        1844596 kB
MemFree:          170808 kB
MemAvailable:    1447280 kB
Buffers:          106164 kB
Cached:          1183420 kB
MemTotal:        1844596 kB
MemFree:          169336 kB
MemAvailable:    1445808 kB
Buffers:          106164 kB
Cached:          1183420 kB
MemTotal:        1844596 kB
MemFree:          170680 kB
MemAvailable:    1447152 kB
Buffers:          106164 kB
Cached:          1183420 kB
MemTotal:        1844596 kB
MemFree:          169456 kB
MemAvailable:    1445928 kB
Buffers:          106164 kB
Cached:          1183420 kB
MemTotal:        1844596 kB
MemFree:          170476 kB
MemAvailable:    1446948 kB
Buffers:          106164 kB
Cached:          1183420 kB
MemTotal:        1844596 kB
MemFree:          170476 kB
MemAvailable:    1446948 kB
Buffers:          106164 kB
Cached:          1183420 kB
MemTotal:        1844596 kB
MemFree:          169012 kB
MemAvailable:    1445484 kB
Buffers:          106164 kB
Cached:          1183420 kB
MemTotal:        1844596 kB
MemFree:          170604 kB
MemAvailable:    1447076 kB
Buffers:          106164 kB
Cached:          1183420 kB
MemTotal:        1844596 kB
MemFree:          170584 kB
MemAvailable:    1447056 kB
Buffers:          106164 kB
Cached:          1183420 kB
MemTotal:        1844596 kB
MemFree:          170316 kB
MemAvailable:    1446788 kB
Buffers:          106164 kB
Cached:          1183420 kB
MemTotal:        1844596 kB
MemFree:          170484 kB
MemAvailable:    1446956 kB
Buffers:          106164 kB
Cached:          1183420 kB
MemTotal:        1844596 kB
MemFree:          170232 kB
MemAvailable:    1446704 kB
Buffers:          106164 kB
Cached:          1183420 kB
MemTotal:        1844596 kB
MemFree:          170568 kB
MemAvailable:    1447040 kB
Buffers:          106164 kB
Cached:          1183420 kB
MemTotal:        1844596 kB
MemFree:          169084 kB
MemAvailable:    1445556 kB
Buffers:          106164 kB
Cached:          1183420 kB
MemTotal:        1844596 kB
MemFree:          169200 kB
MemAvailable:    1445672 kB
Buffers:          106164 kB
Cached:          1183420 kB
MemTotal:        1844596 kB
MemFree:          169244 kB
MemAvailable:    1445716 kB
Buffers:          106164 kB
Cached:          1183420 kB
MemTotal:        1844596 kB
MemFree:          170412 kB
MemAvailable:    1446884 kB
Buffers:          106164 kB
Cached:          1183420 kB
MemTotal:        1844596 kB
MemFree:          170372 kB
MemAvailable:    1446844 kB
Buffers:          106164 kB
Cached:          1183420 kB
MemTotal:        1844596 kB
MemFree:          169640 kB
MemAvailable:    1446112 kB
Buffers:          106164 kB
Cached:          1183420 kB
MemTotal:        1844596 kB
MemFree:          169252 kB
MemAvailable:    1445724 kB
Buffers:          106164 kB
Cached:          1183420 kB
MemTotal:        1844596 kB
MemFree:          169588 kB
MemAvailable:    1446060 kB
Buffers:          106164 kB
Cached:          1183420 kB
MemTotal:        1844596 kB
MemFree:          169260 kB
MemAvailable:    1445732 kB
Buffers:          106164 kB
Cached:          1183420 kB
MemTotal:        1844596 kB
MemFree:          167904 kB
MemAvailable:    1444376 kB
Buffers:          106164 kB
Cached:          1183420 kB
MemTotal:        1844596 kB
MemFree:          167648 kB
MemAvailable:    1444120 kB
Buffers:          106164 kB
Cached:          1183420 kB
MemTotal:        1844596 kB
MemFree:          167648 kB
MemAvailable:    1444120 kB
Buffers:          106164 kB
Cached:          1183420 kB
MemTotal:        1844596 kB
MemFree:          164432 kB
MemAvailable:    1440904 kB
Buffers:          106164 kB
Cached:          1183420 kB
MemTotal:        1844596 kB
MemFree:          160820 kB
MemAvailable:    1437292 kB
Buffers:          106164 kB
Cached:          1183420 kB
MemTotal:        1844596 kB
MemFree:          160712 kB
MemAvailable:    1437184 kB
Buffers:          106164 kB
Cached:          1183420 kB
MemTotal:        1844596 kB
MemFree:          155860 kB
MemAvailable:    1432332 kB
Buffers:          106164 kB
Cached:          1183420 kB
MemTotal:        1844596 kB
MemFree:          155388 kB
MemAvailable:    1431860 kB
Buffers:          106164 kB
Cached:          1183420 kB
MemTotal:        1844596 kB
MemFree:          152016 kB
MemAvailable:    1428488 kB
Buffers:          106164 kB
Cached:          1183420 kB
MemTotal:        1844596 kB
MemFree:          151784 kB
MemAvailable:    1428256 kB
Buffers:          106164 kB
Cached:          1183420 kB
MemTotal:        1844596 kB
MemFree:          151756 kB
MemAvailable:    1428228 kB
Buffers:          106164 kB
Cached:          1183420 kB
MemTotal:        1844596 kB
MemFree:          151112 kB
MemAvailable:    1427584 kB
Buffers:          106164 kB
Cached:          1183420 kB
MemTotal:        1844596 kB
MemFree:          151844 kB
MemAvailable:    1428316 kB
Buffers:          106164 kB
Cached:          1183420 kB
MemTotal:        1844596 kB
MemFree:          151776 kB
MemAvailable:    1428248 kB
Buffers:          106164 kB
Cached:          1183420 kB
MemTotal:        1844596 kB
MemFree:          152112 kB
MemAvailable:    1428584 kB
Buffers:          106164 kB
Cached:          1183420 kB
MemTotal:        1844596 kB
MemFree:          150660 kB
MemAvailable:    1427132 kB
Buffers:          106164 kB
Cached:          1183420 kB
MemTotal:        1844596 kB
MemFree:          152004 kB
MemAvailable:    1428476 kB
Buffers:          106164 kB
Cached:          1183420 kB
MemTotal:        1844596 kB
MemFree:          150916 kB
MemAvailable:    1427388 kB
Buffers:          106164 kB
Cached:          1183420 kB
MemTotal:        1844596 kB
MemFree:          151480 kB
MemAvailable:    1427960 kB
Buffers:          106164 kB
Cached:          1183428 kB
MemTotal:        1844596 kB
MemFree:          151816 kB
MemAvailable:    1428296 kB
Buffers:          106164 kB
Cached:          1183428 kB
MemTotal:        1844596 kB
MemFree:          151828 kB
MemAvailable:    1428308 kB
Buffers:          106164 kB
Cached:          1183428 kB
MemTotal:        1844596 kB
MemFree:          150372 kB
MemAvailable:    1426852 kB
Buffers:          106164 kB
Cached:          1183428 kB
MemTotal:        1844596 kB
MemFree:          150164 kB
MemAvailable:    1426644 kB
Buffers:          106164 kB
Cached:          1183428 kB
MemTotal:        1844596 kB
MemFree:          149924 kB
MemAvailable:    1426404 kB
Buffers:          106164 kB
Cached:          1183428 kB
MemTotal:        1844596 kB
MemFree:          150844 kB
MemAvailable:    1427324 kB
Buffers:          106164 kB
Cached:          1183428 kB
MemTotal:        1844596 kB
MemFree:          149620 kB
MemAvailable:    1426100 kB
Buffers:          106164 kB
Cached:          1183428 kB
MemTotal:        1844596 kB
MemFree:          149656 kB
MemAvailable:    1426136 kB
Buffers:          106164 kB
Cached:          1183428 kB
MemTotal:        1844596 kB
MemFree:          149656 kB
MemAvailable:    1426136 kB
Buffers:          106164 kB
Cached:          1183428 kB
MemTotal:        1844596 kB
MemFree:          150640 kB
MemAvailable:    1427120 kB
Buffers:          106164 kB
Cached:          1183428 kB
MemTotal:        1844596 kB
MemFree:          149608 kB
MemAvailable:    1426088 kB
Buffers:          106164 kB
Cached:          1183428 kB
MemTotal:        1844596 kB
MemFree:          149484 kB
MemAvailable:    1425964 kB
Buffers:          106164 kB
Cached:          1183428 kB
MemTotal:        1844596 kB
MemFree:          150776 kB
MemAvailable:    1427256 kB
Buffers:          106164 kB
Cached:          1183428 kB
MemTotal:        1844596 kB
MemFree:          149932 kB
MemAvailable:    1426412 kB
Buffers:          106164 kB
Cached:          1183428 kB
MemTotal:        1844596 kB
MemFree:          150744 kB
MemAvailable:    1427224 kB
Buffers:          106164 kB
Cached:          1183428 kB
MemTotal:        1844596 kB
MemFree:          151000 kB
MemAvailable:    1427480 kB
Buffers:          106164 kB
Cached:          1183428 kB
MemTotal:        1844596 kB
MemFree:          150660 kB
MemAvailable:    1427140 kB
Buffers:          106164 kB
Cached:          1183428 kB
MemTotal:        1844596 kB
MemFree:          151000 kB
MemAvailable:    1427480 kB
Buffers:          106164 kB
Cached:          1183428 kB
MemTotal:        1844596 kB
MemFree:          149496 kB
MemAvailable:    1425976 kB
Buffers:          106164 kB
Cached:          1183428 kB
MemTotal:        1844596 kB
MemFree:          150828 kB
MemAvailable:    1427308 kB
Buffers:          106164 kB
Cached:          1183428 kB
MemTotal:        1844596 kB
MemFree:          150180 kB
MemAvailable:    1426660 kB
Buffers:          106164 kB
Cached:          1183428 kB
MemTotal:        1844596 kB
MemFree:          149924 kB
MemAvailable:    1426404 kB
Buffers:          106164 kB
Cached:          1183428 kB
MemTotal:        1844596 kB
MemFree:          150048 kB
MemAvailable:    1426528 kB
Buffers:          106164 kB
Cached:          1183428 kB
MemTotal:        1844596 kB
MemFree:          151208 kB
MemAvailable:    1427688 kB
Buffers:          106164 kB
Cached:          1183428 kB
MemTotal:        1844596 kB
MemFree:          146940 kB
MemAvailable:    1423420 kB
Buffers:          106164 kB
Cached:          1183428 kB
MemTotal:        1844596 kB
MemFree:          146212 kB
MemAvailable:    1422692 kB
Buffers:          106164 kB
Cached:          1183428 kB
MemTotal:        1844596 kB
MemFree:          143352 kB
MemAvailable:    1419832 kB
Buffers:          106164 kB
Cached:          1183428 kB
MemTotal:        1844596 kB
MemFree:          140244 kB
MemAvailable:    1416724 kB
Buffers:          106164 kB
Cached:          1183428 kB
MemTotal:        1844596 kB
MemFree:          138000 kB
MemAvailable:    1414480 kB
Buffers:          106164 kB
Cached:          1183428 kB
MemTotal:        1844596 kB
MemFree:          135168 kB
MemAvailable:    1411648 kB
Buffers:          106164 kB
Cached:          1183428 kB
MemTotal:        1844596 kB
MemFree:          132804 kB
MemAvailable:    1409284 kB
Buffers:          106164 kB
Cached:          1183428 kB
MemTotal:        1844596 kB
MemFree:          132804 kB
MemAvailable:    1409284 kB
Buffers:          106164 kB
Cached:          1183428 kB
MemTotal:        1844596 kB
MemFree:          132556 kB
MemAvailable:    1409036 kB
Buffers:          106164 kB
Cached:          1183428 kB
MemTotal:        1844596 kB
MemFree:          132808 kB
MemAvailable:    1409288 kB
Buffers:          106164 kB
Cached:          1183428 kB
MemTotal:        1844596 kB
MemFree:          131192 kB
MemAvailable:    1407672 kB
Buffers:          106164 kB
Cached:          1183428 kB
MemTotal:        1844596 kB
MemFree:          131316 kB
MemAvailable:    1407796 kB
Buffers:          106164 kB
Cached:          1183428 kB
MemTotal:        1844596 kB
MemFree:          131316 kB
MemAvailable:    1407796 kB
Buffers:          106164 kB
Cached:          1183428 kB
MemTotal:        1844596 kB
MemFree:          132500 kB
MemAvailable:    1408980 kB
Buffers:          106164 kB
Cached:          1183428 kB
MemTotal:        1844596 kB
MemFree:          132564 kB
MemAvailable:    1409044 kB
Buffers:          106164 kB
Cached:          1183428 kB
MemTotal:        1844596 kB
MemFree:          132496 kB
MemAvailable:    1408976 kB
Buffers:          106164 kB
Cached:          1183428 kB
MemTotal:        1844596 kB
MemFree:          132440 kB
MemAvailable:    1408920 kB
Buffers:          106164 kB
Cached:          1183428 kB
MemTotal:        1844596 kB
MemFree:          132604 kB
MemAvailable:    1409084 kB
Buffers:          106164 kB
Cached:          1183428 kB
MemTotal:        1844596 kB
MemFree:          132624 kB
MemAvailable:    1409104 kB
Buffers:          106164 kB
Cached:          1183428 kB
MemTotal:        1844596 kB
MemFree:          131820 kB
MemAvailable:    1408300 kB
Buffers:          106164 kB
Cached:          1183428 kB
MemTotal:        1844596 kB
MemFree:          132548 kB
MemAvailable:    1409028 kB
Buffers:          106164 kB
Cached:          1183428 kB
MemTotal:        1844596 kB
MemFree:          132800 kB
MemAvailable:    1409280 kB
Buffers:          106164 kB
Cached:          1183428 kB
MemTotal:        1844596 kB
MemFree:          131184 kB
MemAvailable:    1407664 kB
Buffers:          106164 kB
Cached:          1183428 kB
MemTotal:        1844596 kB
MemFree:          132548 kB
MemAvailable:    1409028 kB
Buffers:          106164 kB
Cached:          1183428 kB
MemTotal:        1844596 kB
MemFree:          131300 kB
MemAvailable:    1407780 kB
Buffers:          106164 kB
Cached:          1183428 kB
MemTotal:        1844596 kB
MemFree:          132492 kB
MemAvailable:    1408972 kB
Buffers:          106164 kB
Cached:          1183428 kB
MemTotal:        1844596 kB
MemFree:          132492 kB
MemAvailable:    1408972 kB
Buffers:          106164 kB
Cached:          1183428 kB
MemTotal:        1844596 kB
MemFree:          132376 kB
MemAvailable:    1408856 kB
Buffers:          106164 kB
Cached:          1183428 kB
MemTotal:        1844596 kB
MemFree:          131892 kB
MemAvailable:    1408372 kB
Buffers:          106164 kB
Cached:          1183428 kB
MemTotal:        1844596 kB
MemFree:          132564 kB
MemAvailable:    1409044 kB
Buffers:          106164 kB
Cached:          1183428 kB
MemTotal:        1844596 kB
MemFree:          131276 kB
MemAvailable:    1407756 kB
Buffers:          106164 kB
Cached:          1183428 kB
MemTotal:        1844596 kB
MemFree:          132556 kB
MemAvailable:    1409036 kB
Buffers:          106164 kB
Cached:          1183428 kB
MemTotal:        1844596 kB
MemFree:          132640 kB
MemAvailable:    1409120 kB
Buffers:          106164 kB
Cached:          1183428 kB
MemTotal:        1844596 kB
MemFree:          132384 kB
MemAvailable:    1408864 kB
Buffers:          106164 kB
Cached:          1183428 kB
MemTotal:        1844596 kB
MemFree:          132020 kB
MemAvailable:    1408500 kB
Buffers:          106164 kB
Cached:          1183428 kB
MemTotal:        1844596 kB
MemFree:          132696 kB
MemAvailable:    1409176 kB
Buffers:          106164 kB
Cached:          1183428 kB
MemTotal:        1844596 kB
MemFree:          131432 kB
MemAvailable:    1407912 kB
Buffers:          106164 kB
Cached:          1183428 kB
MemTotal:        1844596 kB
MemFree:          132568 kB
MemAvailable:    1409048 kB
Buffers:          106164 kB
Cached:          1183428 kB
MemTotal:        1844596 kB
MemFree:          132612 kB
MemAvailable:    1409092 kB
Buffers:          106164 kB
Cached:          1183428 kB
MemTotal:        1844596 kB
MemFree:          131432 kB
MemAvailable:    1407912 kB
Buffers:          106164 kB
Cached:          1183428 kB
MemTotal:        1844596 kB
MemFree:          131400 kB
MemAvailable:    1407880 kB
Buffers:          106164 kB
Cached:          1183428 kB
MemTotal:        1844596 kB
MemFree:          131448 kB
MemAvailable:    1407928 kB
Buffers:          106164 kB
Cached:          1183428 kB
MemTotal:        1844596 kB
MemFree:          131564 kB
MemAvailable:    1408044 kB
Buffers:          106164 kB
Cached:          1183428 kB
MemTotal:        1844596 kB
MemFree:          130084 kB
MemAvailable:    1406564 kB
Buffers:          106164 kB
Cached:          1183428 kB
MemTotal:        1844596 kB
MemFree:          124612 kB
MemAvailable:    1401092 kB
Buffers:          106164 kB
Cached:          1183428 kB
MemTotal:        1844596 kB
MemFree:          124504 kB
MemAvailable:    1400984 kB
Buffers:          106164 kB
Cached:          1183428 kB
MemTotal:        1844596 kB
MemFree:          119544 kB
MemAvailable:    1396024 kB
Buffers:          106164 kB
Cached:          1183428 kB
MemTotal:        1844596 kB
MemFree:          115436 kB
MemAvailable:    1391916 kB
Buffers:          106164 kB
Cached:          1183428 kB
MemTotal:        1844596 kB
MemFree:          115204 kB
MemAvailable:    1391684 kB
Buffers:          106164 kB
Cached:          1183428 kB
MemTotal:        1844596 kB
MemFree:          113824 kB
MemAvailable:    1390304 kB
Buffers:          106164 kB
Cached:          1183428 kB
MemTotal:        1844596 kB
MemFree:          113948 kB
MemAvailable:    1390428 kB
Buffers:          106164 kB
Cached:          1183428 kB
MemTotal:        1844596 kB
MemFree:          113840 kB
MemAvailable:    1390320 kB
Buffers:          106164 kB
Cached:          1183428 kB
MemTotal:        1844596 kB
MemFree:          113344 kB
MemAvailable:    1389836 kB
Buffers:          106164 kB
Cached:          1183440 kB
MemTotal:        1844596 kB
MemFree:          113220 kB
MemAvailable:    1389712 kB
Buffers:          106164 kB
Cached:          1183440 kB
MemTotal:        1844596 kB
MemFree:          114452 kB
MemAvailable:    1390944 kB
Buffers:          106164 kB
Cached:          1183440 kB
MemTotal:        1844596 kB
MemFree:          112964 kB
MemAvailable:    1389456 kB
Buffers:          106164 kB
Cached:          1183440 kB
MemTotal:        1844596 kB
MemFree:          113080 kB
MemAvailable:    1389572 kB
Buffers:          106164 kB
Cached:          1183440 kB
MemTotal:        1844596 kB
MemFree:          112476 kB
MemAvailable:    1388968 kB
Buffers:          106164 kB
Cached:          1183440 kB
MemTotal:        1844596 kB
MemFree:          113884 kB
MemAvailable:    1390376 kB
Buffers:          106164 kB
Cached:          1183440 kB
MemTotal:        1844596 kB
MemFree:          112724 kB
MemAvailable:    1389216 kB
Buffers:          106164 kB
Cached:          1183440 kB
MemTotal:        1844596 kB
MemFree:          113544 kB
MemAvailable:    1390036 kB
Buffers:          106164 kB
Cached:          1183440 kB
MemTotal:        1844596 kB
MemFree:          113796 kB
MemAvailable:    1390288 kB
Buffers:          106164 kB
Cached:          1183440 kB
MemTotal:        1844596 kB
MemFree:          112964 kB
MemAvailable:    1389456 kB
Buffers:          106164 kB
Cached:          1183440 kB
MemTotal:        1844596 kB
MemFree:          113220 kB
MemAvailable:    1389712 kB
Buffers:          106164 kB
Cached:          1183440 kB
MemTotal:        1844596 kB
MemFree:          111964 kB
MemAvailable:    1388456 kB
Buffers:          106164 kB
Cached:          1183440 kB
MemTotal:        1844596 kB
MemFree:          111856 kB
MemAvailable:    1388348 kB
Buffers:          106164 kB
Cached:          1183440 kB
MemTotal:        1844596 kB
MemFree:          111476 kB
MemAvailable:    1387968 kB
Buffers:          106164 kB
Cached:          1183440 kB
MemTotal:        1844596 kB
MemFree:          110376 kB
MemAvailable:    1386868 kB
Buffers:          106164 kB
Cached:          1183440 kB
MemTotal:        1844596 kB
MemFree:          111104 kB
MemAvailable:    1387596 kB
Buffers:          106164 kB
Cached:          1183440 kB
MemTotal:        1844596 kB
MemFree:          109748 kB
MemAvailable:    1386240 kB
Buffers:          106164 kB
Cached:          1183440 kB
MemTotal:        1844596 kB
MemFree:          109492 kB
MemAvailable:    1385984 kB
Buffers:          106164 kB
Cached:          1183440 kB
MemTotal:        1844596 kB
MemFree:          109012 kB
MemAvailable:    1385504 kB
Buffers:          106164 kB
Cached:          1183440 kB
MemTotal:        1844596 kB
MemFree:          108508 kB
MemAvailable:    1385000 kB
Buffers:          106164 kB
Cached:          1183440 kB
MemTotal:        1844596 kB
MemFree:          107144 kB
MemAvailable:    1383636 kB
Buffers:          106164 kB
Cached:          1183440 kB
MemTotal:        1844596 kB
MemFree:          108128 kB
MemAvailable:    1384620 kB
Buffers:          106164 kB
Cached:          1183440 kB
MemTotal:        1844596 kB
MemFree:          108004 kB
MemAvailable:    1384496 kB
Buffers:          106164 kB
Cached:          1183440 kB
MemTotal:        1844596 kB
MemFree:          107872 kB
MemAvailable:    1384364 kB
Buffers:          106164 kB
Cached:          1183440 kB
MemTotal:        1844596 kB
MemFree:          108012 kB
MemAvailable:    1384504 kB
Buffers:          106164 kB
Cached:          1183440 kB
MemTotal:        1844596 kB
MemFree:          107892 kB
MemAvailable:    1384384 kB
Buffers:          106164 kB
Cached:          1183440 kB
MemTotal:        1844596 kB
MemFree:          106840 kB
MemAvailable:    1383332 kB
Buffers:          106164 kB
Cached:          1183440 kB
MemTotal:        1844596 kB
MemFree:          107320 kB
MemAvailable:    1383812 kB
Buffers:          106164 kB
Cached:          1183440 kB
MemTotal:        1844596 kB
MemFree:          105276 kB
MemAvailable:    1381768 kB
Buffers:          106164 kB
Cached:          1183440 kB
MemTotal:        1844596 kB
MemFree:          106640 kB
MemAvailable:    1383132 kB
Buffers:          106164 kB
Cached:          1183440 kB
MemTotal:        1844596 kB
MemFree:          105152 kB
MemAvailable:    1381644 kB
Buffers:          106164 kB
Cached:          1183440 kB
MemTotal:        1844596 kB
MemFree:          106352 kB
MemAvailable:    1382844 kB
Buffers:          106164 kB
Cached:          1183440 kB
MemTotal:        1844596 kB
MemFree:          106352 kB
MemAvailable:    1382844 kB
Buffers:          106164 kB
Cached:          1183440 kB
MemTotal:        1844596 kB
MemFree:          106392 kB
MemAvailable:    1382884 kB
Buffers:          106164 kB
Cached:          1183440 kB
MemTotal:        1844596 kB
MemFree:          106532 kB
MemAvailable:    1383024 kB
Buffers:          106164 kB
Cached:          1183440 kB
MemTotal:        1844596 kB
MemFree:          106204 kB
MemAvailable:    1382696 kB
Buffers:          106164 kB
Cached:          1183440 kB
MemTotal:        1844596 kB
MemFree:          106540 kB
MemAvailable:    1383032 kB
Buffers:          106164 kB
Cached:          1183440 kB
MemTotal:        1844596 kB
MemFree:          106448 kB
MemAvailable:    1382940 kB
Buffers:          106164 kB
Cached:          1183440 kB
MemTotal:        1844596 kB
MemFree:          105264 kB
MemAvailable:    1381756 kB
Buffers:          106164 kB
Cached:          1183440 kB
MemTotal:        1844596 kB
MemFree:          105100 kB
MemAvailable:    1381592 kB
Buffers:          106164 kB
Cached:          1183440 kB
MemTotal:        1844596 kB
MemFree:          106268 kB
MemAvailable:    1382760 kB
Buffers:          106164 kB
Cached:          1183440 kB
MemTotal:        1844596 kB
MemFree:          106020 kB
MemAvailable:    1382512 kB
Buffers:          106164 kB
Cached:          1183440 kB
MemTotal:        1844596 kB
MemFree:          106816 kB
MemAvailable:    1383312 kB
Buffers:          106164 kB
Cached:          1183444 kB
MemTotal:        1844596 kB
MemFree:          105532 kB
MemAvailable:    1382028 kB
Buffers:          106164 kB
Cached:          1183444 kB
MemTotal:        1844596 kB
MemFree:          105120 kB
MemAvailable:    1381616 kB
Buffers:          106164 kB
Cached:          1183444 kB
MemTotal:        1844596 kB
MemFree:          105160 kB
MemAvailable:    1381656 kB
Buffers:          106164 kB
Cached:          1183444 kB
MemTotal:        1844596 kB
MemFree:          105284 kB
MemAvailable:    1381780 kB
Buffers:          106164 kB
Cached:          1183444 kB
MemTotal:        1844596 kB
MemFree:          106460 kB
MemAvailable:    1382956 kB
Buffers:          106164 kB
Cached:          1183444 kB
MemTotal:        1844596 kB
MemFree:          105028 kB
MemAvailable:    1381524 kB
Buffers:          106164 kB
Cached:          1183444 kB
MemTotal:        1844596 kB
MemFree:          106260 kB
MemAvailable:    1382756 kB
Buffers:          106164 kB
Cached:          1183444 kB
MemTotal:        1844596 kB
MemFree:          106260 kB
MemAvailable:    1382756 kB
Buffers:          106164 kB
Cached:          1183444 kB
MemTotal:        1844596 kB
MemFree:          106440 kB
MemAvailable:    1382936 kB
Buffers:          106164 kB
Cached:          1183444 kB
MemTotal:        1844596 kB
MemFree:          106400 kB
MemAvailable:    1382896 kB
Buffers:          106164 kB
Cached:          1183444 kB
MemTotal:        1844596 kB
MemFree:          105896 kB
MemAvailable:    1382392 kB
Buffers:          106164 kB
Cached:          1183444 kB
MemTotal:        1844596 kB
MemFree:          106256 kB
MemAvailable:    1382752 kB
Buffers:          106164 kB
Cached:          1183444 kB
MemTotal:        1844596 kB
MemFree:          105100 kB
MemAvailable:    1381596 kB
Buffers:          106164 kB
Cached:          1183444 kB
MemTotal:        1844596 kB
MemFree:          105012 kB
MemAvailable:    1381508 kB
Buffers:          106164 kB
Cached:          1183444 kB
MemTotal:        1844596 kB
MemFree:          104964 kB
MemAvailable:    1381460 kB
Buffers:          106164 kB
Cached:          1183444 kB
MemTotal:        1844596 kB
MemFree:          106064 kB
MemAvailable:    1382560 kB
Buffers:          106164 kB
Cached:          1183444 kB
MemTotal:        1844596 kB
MemFree:          106316 kB
MemAvailable:    1382812 kB
Buffers:          106164 kB
Cached:          1183444 kB
MemTotal:        1844596 kB
MemFree:          106324 kB
MemAvailable:    1382820 kB
Buffers:          106164 kB
Cached:          1183444 kB
MemTotal:        1844596 kB
MemFree:          105140 kB
MemAvailable:    1381636 kB
Buffers:          106164 kB
Cached:          1183444 kB
MemTotal:        1844596 kB
MemFree:          105140 kB
MemAvailable:    1381636 kB
Buffers:          106164 kB
Cached:          1183444 kB
MemTotal:        1844596 kB
MemFree:          105092 kB
MemAvailable:    1381588 kB
Buffers:          106164 kB
Cached:          1183444 kB
MemTotal:        1844596 kB
MemFree:          106028 kB
MemAvailable:    1382524 kB
Buffers:          106164 kB
Cached:          1183444 kB
MemTotal:        1844596 kB
MemFree:          104988 kB
MemAvailable:    1381484 kB
Buffers:          106164 kB
Cached:          1183444 kB
MemTotal:        1844596 kB
MemFree:          106288 kB
MemAvailable:    1382784 kB
Buffers:          106164 kB
Cached:          1183444 kB
MemTotal:        1844596 kB
MemFree:          106268 kB
MemAvailable:    1382764 kB
Buffers:          106164 kB
Cached:          1183444 kB
MemTotal:        1844596 kB
MemFree:          106604 kB
MemAvailable:    1383100 kB
Buffers:          106164 kB
Cached:          1183444 kB
MemTotal:        1844596 kB
MemFree:          105112 kB
MemAvailable:    1381608 kB
Buffers:          106164 kB
Cached:          1183444 kB
MemTotal:        1844596 kB
MemFree:          106352 kB
MemAvailable:    1382848 kB
Buffers:          106164 kB
Cached:          1183444 kB
MemTotal:        1844596 kB
MemFree:          105112 kB
MemAvailable:    1381608 kB
Buffers:          106164 kB
Cached:          1183444 kB
MemTotal:        1844596 kB
MemFree:          102416 kB
MemAvailable:    1378916 kB
Buffers:          106164 kB
Cached:          1183448 kB
MemTotal:        1844596 kB
MemFree:          102380 kB
MemAvailable:    1378880 kB
Buffers:          106164 kB
Cached:          1183448 kB
MemTotal:        1844596 kB
MemFree:           96960 kB
MemAvailable:    1373460 kB
Buffers:          106164 kB
Cached:          1183448 kB
MemTotal:        1844596 kB
MemFree:           96604 kB
MemAvailable:    1373104 kB
Buffers:          106164 kB
Cached:          1183448 kB
MemTotal:        1844596 kB
MemFree:           92884 kB
MemAvailable:    1369384 kB
Buffers:          106164 kB
Cached:          1183448 kB
MemTotal:        1844596 kB
MemFree:           89164 kB
MemAvailable:    1365664 kB
Buffers:          106164 kB
Cached:          1183448 kB
MemTotal:        1844596 kB
MemFree:           86808 kB
MemAvailable:    1363308 kB
Buffers:          106164 kB
Cached:          1183448 kB
MemTotal:        1844596 kB
MemFree:           87180 kB
MemAvailable:    1363680 kB
Buffers:          106164 kB
Cached:          1183448 kB
MemTotal:        1844596 kB
MemFree:           85932 kB
MemAvailable:    1362432 kB
Buffers:          106164 kB
Cached:          1183448 kB
MemTotal:        1844596 kB
MemFree:           87276 kB
MemAvailable:    1363776 kB
Buffers:          106164 kB
Cached:          1183448 kB
MemTotal:        1844596 kB
MemFree:           86056 kB
MemAvailable:    1362556 kB
Buffers:          106164 kB
Cached:          1183448 kB
MemTotal:        1844596 kB
MemFree:           85924 kB
MemAvailable:    1362424 kB
Buffers:          106164 kB
Cached:          1183448 kB
MemTotal:        1844596 kB
MemFree:           87296 kB
MemAvailable:    1363796 kB
Buffers:          106164 kB
Cached:          1183448 kB
MemTotal:        1844596 kB
MemFree:           87144 kB
MemAvailable:    1363644 kB
Buffers:          106164 kB
Cached:          1183448 kB
MemTotal:        1844596 kB
MemFree:           85940 kB
MemAvailable:    1362440 kB
Buffers:          106164 kB
Cached:          1183448 kB
MemTotal:        1844596 kB
MemFree:           87304 kB
MemAvailable:    1363808 kB
Buffers:          106164 kB
Cached:          1183452 kB
MemTotal:        1844596 kB
MemFree:           87180 kB
MemAvailable:    1363684 kB
Buffers:          106164 kB
Cached:          1183452 kB
MemTotal:        1844596 kB
MemFree:           86924 kB
MemAvailable:    1363428 kB
Buffers:          106164 kB
Cached:          1183452 kB
MemTotal:        1844596 kB
MemFree:           86692 kB
MemAvailable:    1363196 kB
Buffers:          106164 kB
Cached:          1183452 kB
MemTotal:        1844596 kB
MemFree:           86984 kB
MemAvailable:    1363488 kB
Buffers:          106164 kB
Cached:          1183452 kB
MemTotal:        1844596 kB
MemFree:           86860 kB
MemAvailable:    1363364 kB
Buffers:          106164 kB
Cached:          1183452 kB
MemTotal:        1844596 kB
MemFree:           85692 kB
MemAvailable:    1362196 kB
Buffers:          106164 kB
Cached:          1183452 kB
MemTotal:        1844596 kB
MemFree:           86692 kB
MemAvailable:    1363196 kB
Buffers:          106164 kB
Cached:          1183452 kB
MemTotal:        1844596 kB
MemFree:           86412 kB
MemAvailable:    1362916 kB
Buffers:          106164 kB
Cached:          1183452 kB
MemTotal:        1844596 kB
MemFree:           86552 kB
MemAvailable:    1363056 kB
Buffers:          106164 kB
Cached:          1183452 kB
MemTotal:        1844596 kB
MemFree:           86428 kB
MemAvailable:    1362932 kB
Buffers:          106164 kB
Cached:          1183452 kB
MemTotal:        1844596 kB
MemFree:           86488 kB
MemAvailable:    1362992 kB
Buffers:          106164 kB
Cached:          1183452 kB
MemTotal:        1844596 kB
MemFree:           86504 kB
MemAvailable:    1363008 kB
Buffers:          106164 kB
Cached:          1183452 kB
MemTotal:        1844596 kB
MemFree:           86756 kB
MemAvailable:    1363260 kB
Buffers:          106164 kB
Cached:          1183452 kB
MemTotal:        1844596 kB
MemFree:           85272 kB
MemAvailable:    1361776 kB
Buffers:          106164 kB
Cached:          1183452 kB
MemTotal:        1844596 kB
MemFree:           85520 kB
MemAvailable:    1362024 kB
Buffers:          106164 kB
Cached:          1183452 kB
MemTotal:        1844596 kB
MemFree:           85800 kB
MemAvailable:    1362304 kB
Buffers:          106164 kB
Cached:          1183452 kB
MemTotal:        1844596 kB
MemFree:           85568 kB
MemAvailable:    1362072 kB
Buffers:          106164 kB
Cached:          1183452 kB
MemTotal:        1844596 kB
MemFree:           81708 kB
MemAvailable:    1358212 kB
Buffers:          106164 kB
Cached:          1183452 kB
MemTotal:        1844596 kB
MemFree:           81104 kB
MemAvailable:    1357608 kB
Buffers:          106164 kB
Cached:          1183452 kB
MemTotal:        1844596 kB
MemFree:           74408 kB
MemAvailable:    1350912 kB
Buffers:          106164 kB
Cached:          1183452 kB
MemTotal:        1844596 kB
MemFree:           76624 kB
MemAvailable:    1353128 kB
Buffers:          106164 kB
Cached:          1183452 kB
MemTotal:        1844596 kB
MemFree:           76708 kB
MemAvailable:    1353212 kB
Buffers:          106164 kB
Cached:          1183452 kB
MemTotal:        1844596 kB
MemFree:           75220 kB
MemAvailable:    1351724 kB
Buffers:          106164 kB
Cached:          1183452 kB
MemTotal:        1844596 kB
MemFree:           76520 kB
MemAvailable:    1353024 kB
Buffers:          106164 kB
Cached:          1183452 kB
MemTotal:        1844596 kB
MemFree:           76012 kB
MemAvailable:    1352516 kB
Buffers:          106164 kB
Cached:          1183452 kB
MemTotal:        1844596 kB
MemFree:           73416 kB
MemAvailable:    1349920 kB
Buffers:          106164 kB
Cached:          1183452 kB
MemTotal:        1844596 kB
MemFree:           73964 kB
MemAvailable:    1350468 kB
Buffers:          106164 kB
Cached:          1183452 kB
MemTotal:        1844596 kB
MemFree:           72540 kB
MemAvailable:    1349044 kB
Buffers:          106164 kB
Cached:          1183452 kB
MemTotal:        1844596 kB
MemFree:           73864 kB
MemAvailable:    1350368 kB
Buffers:          106164 kB
Cached:          1183452 kB
MemTotal:        1844596 kB
MemFree:           73904 kB
MemAvailable:    1350408 kB
Buffers:          106164 kB
Cached:          1183452 kB
MemTotal:        1844596 kB
MemFree:           73476 kB
MemAvailable:    1350064 kB
Buffers:          106164 kB
Cached:          1183576 kB
MemTotal:        1844596 kB
MemFree:           72432 kB
MemAvailable:    1349104 kB
Buffers:          106164 kB
Cached:          1183576 kB
MemTotal:        1844596 kB
MemFree:           73112 kB
MemAvailable:    1349952 kB
Buffers:          106164 kB
Cached:          1183700 kB
MemTotal:        1844596 kB
MemFree:           73448 kB
MemAvailable:    1350288 kB
Buffers:          106164 kB
Cached:          1183700 kB
MemTotal:        1844596 kB
MemFree:           72972 kB
MemAvailable:    1349980 kB
Buffers:          106164 kB
Cached:          1183948 kB
MemTotal:        1844596 kB
MemFree:           72972 kB
MemAvailable:    1350064 kB
Buffers:          106164 kB
Cached:          1183948 kB
MemTotal:        1844596 kB
MemFree:           72956 kB
MemAvailable:    1350048 kB
Buffers:          106164 kB
Cached:          1183948 kB
MemTotal:        1844596 kB
MemFree:           72848 kB
MemAvailable:    1349940 kB
Buffers:          106164 kB
Cached:          1184072 kB
MemTotal:        1844596 kB
MemFree:           71768 kB
MemAvailable:    1348860 kB
Buffers:          106164 kB
Cached:          1184072 kB
MemTotal:        1844596 kB
MemFree:           72884 kB
MemAvailable:    1349976 kB
Buffers:          106164 kB
Cached:          1184072 kB
MemTotal:        1844596 kB
MemFree:           72884 kB
MemAvailable:    1349976 kB
Buffers:          106164 kB
Cached:          1184072 kB
MemTotal:        1844596 kB
MemFree:           72828 kB
MemAvailable:    1349920 kB
Buffers:          106164 kB
Cached:          1184072 kB
MemTotal:        1844596 kB
MemFree:           72996 kB
MemAvailable:    1350088 kB
Buffers:          106164 kB
Cached:          1184072 kB
MemTotal:        1844596 kB
MemFree:           72792 kB
MemAvailable:    1349968 kB
Buffers:          106164 kB
Cached:          1184196 kB
MemTotal:        1844596 kB
MemFree:           73468 kB
MemAvailable:    1349972 kB
Buffers:          106164 kB
Cached:          1183480 kB
MemTotal:        1844596 kB
MemFree:           72768 kB
MemAvailable:    1349272 kB
Buffers:          106164 kB
Cached:          1183480 kB
MemTotal:        1844596 kB
MemFree:          124188 kB
MemAvailable:    1400692 kB
Buffers:          106164 kB
Cached:          1183480 kB
MemTotal:        1844596 kB
MemFree:          189800 kB
MemAvailable:    1466304 kB
Buffers:          106164 kB
Cached:          1183480 kB
MemTotal:        1844596 kB
MemFree:          266968 kB
MemAvailable:    1543472 kB
Buffers:          106164 kB
Cached:          1183480 kB
