MemTotal:        1844596 kB
MemFree:          261228 kB
MemAvailable:    1544712 kB
Buffers:           97588 kB
Cached:          1208748 kB
MemTotal:        1844596 kB
MemFree:          236952 kB
MemAvailable:    1520444 kB
Buffers:           97588 kB
Cached:          1208756 kB
MemTotal:        1844596 kB
MemFree:          233348 kB
MemAvailable:    1516840 kB
Buffers:           97588 kB
Cached:          1208756 kB
MemTotal:        1844596 kB
MemFree:          231680 kB
MemAvailable:    1515172 kB
Buffers:           97588 kB
Cached:          1208756 kB
MemTotal:        1844596 kB
MemFree:          232672 kB
MemAvailable:    1516164 kB
Buffers:           97588 kB
Cached:          1208756 kB
MemTotal:        1844596 kB
MemFree:          231364 kB
MemAvailable:    1514856 kB
Buffers:           97588 kB
Cached:          1208756 kB
MemTotal:        1844596 kB
MemFree:          228636 kB
MemAvailable:    1512128 kB
Buffers:           97588 kB
Cached:          1208756 kB
MemTotal:        1844596 kB
MemFree:          228504 kB
MemAvailable:    1511996 kB
Buffers:           97588 kB
Cached:          1208756 kB
MemTotal:        1844596 kB
MemFree:          225752 kB
MemAvailable:    1509244 kB
Buffers:           97588 kB
Cached:          1208756 kB
MemTotal:        1844596 kB
MemFree:          223148 kB
MemAvailable:    1506640 kB
Buffers:           97588 kB
Cached:          1208756 kB
MemTotal:        1844596 kB
MemFree:          219840 kB
MemAvailable:    1503332 kB
Buffers:           97588 kB
Cached:          1208756 kB
MemTotal:        1844596 kB
MemFree:          217484 kB
MemAvailable:    1500976 kB
Buffers:           97588 kB
Cached:          1208756 kB
MemTotal:        1844596 kB
MemFree:          221320 kB
MemAvailable:    1504812 kB
Buffers:           97588 kB
Cached:          1208756 kB
MemTotal:        1844596 kB
MemFree:          219912 kB
MemAvailable:    1503404 kB
Buffers:           97588 kB
Cached:          1208756 kB
MemTotal:        1844596 kB
MemFree:          219964 kB
MemAvailable:    1503456 kB
Buffers:           97588 kB
Cached:          1208756 kB
MemTotal:        1844596 kB
MemFree:          219964 kB
MemAvailable:    1503456 kB
Buffers:           97588 kB
Cached:          1208756 kB
MemTotal:        1844596 kB
MemFree:          221320 kB
MemAvailable:    1504812 kB
Buffers:           97588 kB
Cached:          1208756 kB
MemTotal:        1844596 kB
MemFree:          220948 kB
MemAvailable:    1504440 kB
Buffers:           97588 kB
Cached:          1208756 kB
MemTotal:        1844596 kB
MemFree:          219956 kB
MemAvailable:    1503448 kB
Buffers:           97588 kB
Cached:          1208756 kB
MemTotal:        1844596 kB
MemFree:          220692 kB
MemAvailable:    1504184 kB
Buffers:           97588 kB
Cached:          1208756 kB
MemTotal:        1844596 kB
MemFree:          220088 kB
MemAvailable:    1503580 kB
Buffers:           97588 kB
Cached:          1208756 kB
MemTotal:        1844596 kB
MemFree:          220456 kB
MemAvailable:    1503948 kB
Buffers:           97588 kB
Cached:          1208756 kB
MemTotal:        1844596 kB
MemFree:          219344 kB
MemAvailable:    1502836 kB
Buffers:           97588 kB
Cached:          1208756 kB
MemTotal:        1844596 kB
MemFree:          219240 kB
MemAvailable:    1502732 kB
Buffers:           97588 kB
Cached:          1208756 kB
MemTotal:        1844596 kB
MemFree:          219260 kB
MemAvailable:    1502752 kB
Buffers:           97588 kB
Cached:          1208756 kB
MemTotal:        1844596 kB
MemFree:          219976 kB
MemAvailable:    1503468 kB
Buffers:           97588 kB
Cached:          1208756 kB
MemTotal:        1844596 kB
MemFree:          219872 kB
MemAvailable:    1503364 kB
Buffers:           97588 kB
Cached:          1208756 kB
MemTotal:        1844596 kB
MemFree:          219136 kB
MemAvailable:    1502628 kB
Buffers:           97588 kB
Cached:          1208756 kB
MemTotal:        1844596 kB
MemFree:          218500 kB
MemAvailable:    1501992 kB
Buffers:           97588 kB
Cached:          1208756 kB
MemTotal:        1844596 kB
MemFree:          218020 kB
MemAvailable:    1501512 kB
Buffers:           97588 kB
Cached:          1208756 kB
MemTotal:        1844596 kB
MemFree:          218432 kB
MemAvailable:    1501924 kB
Buffers:           97588 kB
Cached:          1208756 kB
MemTotal:        1844596 kB
MemFree:          218252 kB
MemAvailable:    1501744 kB
Buffers:           97588 kB
Cached:          1208756 kB
MemTotal:        1844596 kB
MemFree:          218504 kB
MemAvailable:    1501996 kB
Buffers:           97588 kB
Cached:          1208756 kB
MemTotal:        1844596 kB
MemFree:          218280 kB
MemAvailable:    1501776 kB
Buffers:           97588 kB
Cached:          1208760 kB
MemTotal:        1844596 kB
MemFree:          218532 kB
MemAvailable:    1502028 kB
Buffers:           97588 kB
Cached:          1208760 kB
MemTotal:        1844596 kB
MemFree:          218240 kB
MemAvailable:    1501736 kB
Buffers:           97588 kB
Cached:          1208760 kB
MemTotal:        1844596 kB
MemFree:          217116 kB
MemAvailable:    1500612 kB
Buffers:           97588 kB
Cached:          1208760 kB
MemTotal:        1844596 kB
MemFree:          217160 kB
MemAvailable:    1500656 kB
Buffers:           97588 kB
Cached:          1208760 kB
MemTotal:        1844596 kB
MemFree:          215304 kB
MemAvailable:    1498800 kB
Buffers:           97588 kB
Cached:          1208760 kB
MemTotal:        1844596 kB
MemFree:          213804 kB
MemAvailable:    1497300 kB
Buffers:           97588 kB
Cached:          1208760 kB
MemTotal:        1844596 kB
MemFree:          213132 kB
MemAvailable:    1496628 kB
Buffers:           97588 kB
Cached:          1208760 kB
MemTotal:        1844596 kB
MemFree:          211840 kB
MemAvailable:    1495336 kB
Buffers:           97588 kB
Cached:          1208760 kB
MemTotal:        1844596 kB
MemFree:          213008 kB
MemAvailable:    1496504 kB
Buffers:           97588 kB
Cached:          1208760 kB
MemTotal:        1844596 kB
MemFree:          213068 kB
MemAvailable:    1496564 kB
Buffers:           97588 kB
Cached:          1208760 kB
MemTotal:        1844596 kB
MemFree:          211704 kB
MemAvailable:    1495200 kB
Buffers:           97588 kB
Cached:          1208760 kB
MemTotal:        1844596 kB
MemFree:          211324 kB
MemAvailable:    1494820 kB
Buffers:           97588 kB
Cached:          1208760 kB
MemTotal:        1844596 kB
MemFree:          211344 kB
MemAvailable:    1494840 kB
Buffers:           97588 kB
Cached:          1208760 kB
MemTotal:        1844596 kB
MemFree:          211220 kB
MemAvailable:    1494716 kB
Buffers:           97588 kB
Cached:          1208760 kB
MemTotal:        1844596 kB
MemFree:          211220 kB
MemAvailable:    1494716 kB
Buffers:           97588 kB
Cached:          1208760 kB
MemTotal:        1844596 kB
MemFree:          211220 kB
MemAvailable:    1494716 kB
Buffers:           97588 kB
Cached:          1208760 kB
MemTotal:        1844596 kB
MemFree:          212544 kB
MemAvailable:    1496040 kB
Buffers:           97588 kB
Cached:          1208760 kB
MemTotal:        1844596 kB
MemFree:          212580 kB
MemAvailable:    1496076 kB
Buffers:           97588 kB
Cached:          1208760 kB
MemTotal:        1844596 kB
MemFree:          212420 kB
MemAvailable:    1495916 kB
Buffers:           97588 kB
Cached:          1208760 kB
MemTotal:        1844596 kB
MemFree:          208112 kB
MemAvailable:    1491608 kB
Buffers:           97588 kB
Cached:          1208760 kB
MemTotal:        1844596 kB
MemFree:          206592 kB
MemAvailable:    1490088 kB
Buffers:           97588 kB
Cached:          1208760 kB
MemTotal:        1844596 kB
MemFree:          206584 kB
MemAvailable:    1490080 kB
Buffers:           97588 kB
Cached:          1208760 kB
MemTotal:        1844596 kB
MemFree:          204668 kB
MemAvailable:    1488164 kB
Buffers:           97588 kB
Cached:          1208760 kB
MemTotal:        1844596 kB
MemFree:          204356 kB
MemAvailable:    1487852 kB
Buffers:           97588 kB
Cached:          1208760 kB
MemTotal:        1844596 kB
MemFree:          204048 kB
MemAvailable:    1487544 kB
Buffers:           97588 kB
Cached:          1208760 kB
MemTotal:        1844596 kB
MemFree:          203000 kB
MemAvailable:    1486496 kB
Buffers:           97588 kB
Cached:          1208760 kB
MemTotal:        1844596 kB
MemFree:          203908 kB
MemAvailable:    1487404 kB
Buffers:           97588 kB
Cached:          1208760 kB
MemTotal:        1844596 kB
MemFree:          203180 kB
MemAvailable:    1486676 kB
Buffers:           97588 kB
Cached:          1208760 kB
MemTotal:        1844596 kB
MemFree:          203856 kB
MemAvailable:    1487352 kB
Buffers:           97588 kB
Cached:          1208760 kB
MemTotal:        1844596 kB
MemFree:          203924 kB
MemAvailable:    1487420 kB
Buffers:           97588 kB
Cached:          1208760 kB
MemTotal:        1844596 kB
MemFree:          203712 kB
MemAvailable:    1487208 kB
Buffers:           97588 kB
Cached:          1208760 kB
MemTotal:        1844596 kB
MemFree:          203784 kB
MemAvailable:    1487280 kB
Buffers:           97588 kB
Cached:          1208760 kB
MemTotal:        1844596 kB
MemFree:          202684 kB
MemAvailable:    1486180 kB
Buffers:           97588 kB
Cached:          1208760 kB
MemTotal:        1844596 kB
MemFree:          203568 kB
MemAvailable:    1487064 kB
Buffers:           97588 kB
Cached:          1208760 kB
MemTotal:        1844596 kB
MemFree:          202452 kB
MemAvailable:    1485948 kB
Buffers:           97588 kB
Cached:          1208760 kB
MemTotal:        1844596 kB
MemFree:          203560 kB
MemAvailable:    1487056 kB
Buffers:           97588 kB
Cached:          1208760 kB
MemTotal:        1844596 kB
MemFree:          203652 kB
MemAvailable:    1487148 kB
Buffers:           97588 kB
Cached:          1208760 kB
MemTotal:        1844596 kB
MemFree:          203456 kB
MemAvailable:    1486952 kB
Buffers:           97588 kB
Cached:          1208760 kB
MemTotal:        1844596 kB
MemFree:          202584 kB
MemAvailable:    1486080 kB
Buffers:           97588 kB
Cached:          1208760 kB
MemTotal:        1844596 kB
MemFree:          203332 kB
MemAvailable:    1486832 kB
Buffers:           97588 kB
Cached:          1208764 kB
MemTotal:        1844596 kB
MemFree:          202584 kB
MemAvailable:    1486084 kB
Buffers:           97588 kB
Cached:          1208764 kB
MemTotal:        1844596 kB
MemFree:          203416 kB
MemAvailable:    1486916 kB
Buffers:           97588 kB
Cached:          1208764 kB
MemTotal:        1844596 kB
MemFree:          201948 kB
MemAvailable:    1485448 kB
Buffers:           97588 kB
Cached:          1208764 kB
MemTotal:        1844596 kB
MemFree:          202072 kB
MemAvailable:    1485572 kB
Buffers:           97588 kB
Cached:          1208764 kB
MemTotal:        1844596 kB
MemFree:          202320 kB
MemAvailable:    1485820 kB
Buffers:           97588 kB
Cached:          1208764 kB
MemTotal:        1844596 kB
MemFree:          202948 kB
MemAvailable:    1486448 kB
Buffers:           97588 kB
Cached:          1208764 kB
MemTotal:        1844596 kB
MemFree:          198972 kB
MemAvailable:    1482472 kB
Buffers:           97588 kB
Cached:          1208764 kB
MemTotal:        1844596 kB
MemFree:          198864 kB
MemAvailable:    1482364 kB
Buffers:           97588 kB
Cached:          1208764 kB
MemTotal:        1844596 kB
MemFree:          195244 kB
MemAvailable:    1478744 kB
Buffers:           97588 kB
Cached:          1208764 kB
MemTotal:        1844596 kB
MemFree:          195012 kB
MemAvailable:    1478512 kB
Buffers:           97588 kB
Cached:          1208764 kB
MemTotal:        1844596 kB
MemFree:          195140 kB
MemAvailable:    1478640 kB
Buffers:           97588 kB
Cached:          1208764 kB
MemTotal:        1844596 kB
MemFree:          194020 kB
MemAvailable:    1477520 kB
Buffers:           97588 kB
Cached:          1208764 kB
MemTotal:        1844596 kB
MemFree:          193740 kB
MemAvailable:    1477240 kB
Buffers:           97588 kB
Cached:          1208764 kB
MemTotal:        1844596 kB
MemFree:          193740 kB
MemAvailable:    1477240 kB
Buffers:           97588 kB
Cached:          1208764 kB
MemTotal:        1844596 kB
MemFree:          194972 kB
MemAvailable:    1478472 kB
Buffers:           97588 kB
Cached:          1208764 kB
MemTotal:        1844596 kB
MemFree:          194584 kB
MemAvailable:    1478084 kB
Buffers:           97588 kB
Cached:          1208764 kB
MemTotal:        1844596 kB
MemFree:          194276 kB
MemAvailable:    1477776 kB
Buffers:           97588 kB
Cached:          1208764 kB
MemTotal:        1844596 kB
MemFree:          194592 kB
MemAvailable:    1478092 kB
Buffers:           97588 kB
Cached:          1208764 kB
MemTotal:        1844596 kB
MemFree:          194648 kB
MemAvailable:    1478148 kB
Buffers:           97588 kB
Cached:          1208764 kB
MemTotal:        1844596 kB
MemFree:          194684 kB
MemAvailable:    1478184 kB
Buffers:           97588 kB
Cached:          1208764 kB
MemTotal:        1844596 kB
MemFree:          193904 kB
MemAvailable:    1477404 kB
Buffers:           97588 kB
Cached:          1208764 kB
MemTotal:        1844596 kB
MemFree:          194524 kB
MemAvailable:    1478028 kB
Buffers:           97588 kB
Cached:          1208768 kB
MemTotal:        1844596 kB
MemFree:          194792 kB
MemAvailable:    1478296 kB
Buffers:           97588 kB
Cached:          1208768 kB
MemTotal:        1844596 kB
MemFree:          194848 kB
MemAvailable:    1478352 kB
Buffers:           97588 kB
Cached:          1208768 kB
MemTotal:        1844596 kB
MemFree:          193540 kB
MemAvailable:    1477044 kB
Buffers:           97588 kB
Cached:          1208768 kB
MemTotal:        1844596 kB
MemFree:          193368 kB
MemAvailable:    1476872 kB
Buffers:           97588 kB
Cached:          1208768 kB
MemTotal:        1844596 kB
MemFree:          194672 kB
MemAvailable:    1478176 kB
Buffers:           97588 kB
Cached:          1208768 kB
MemTotal:        1844596 kB
MemFree:          194792 kB
MemAvailable:    1478296 kB
Buffers:           97588 kB
Cached:          1208768 kB
MemTotal:        1844596 kB
MemFree:          194700 kB
MemAvailable:    1478204 kB
Buffers:           97588 kB
Cached:          1208768 kB
MemTotal:        1844596 kB
MemFree:          194716 kB
MemAvailable:    1478220 kB
Buffers:           97588 kB
Cached:          1208768 kB
MemTotal:        1844596 kB
MemFree:          194672 kB
MemAvailable:    1478176 kB
Buffers:           97588 kB
Cached:          1208768 kB
MemTotal:        1844596 kB
MemFree:          194652 kB
MemAvailable:    1478156 kB
Buffers:           97588 kB
Cached:          1208768 kB
MemTotal:        1844596 kB
MemFree:          193248 kB
MemAvailable:    1476752 kB
Buffers:           97588 kB
Cached:          1208768 kB
MemTotal:        1844596 kB
MemFree:          193420 kB
MemAvailable:    1476924 kB
Buffers:           97588 kB
Cached:          1208768 kB
MemTotal:        1844596 kB
MemFree:          193380 kB
MemAvailable:    1476884 kB
Buffers:           97588 kB
Cached:          1208768 kB
MemTotal:        1844596 kB
MemFree:          193380 kB
MemAvailable:    1476884 kB
Buffers:           97588 kB
Cached:          1208768 kB
MemTotal:        1844596 kB
MemFree:          193420 kB
MemAvailable:    1476924 kB
Buffers:           97588 kB
Cached:          1208768 kB
MemTotal:        1844596 kB
MemFree:          193536 kB
MemAvailable:    1477040 kB
Buffers:           97588 kB
Cached:          1208768 kB
MemTotal:        1844596 kB
MemFree:          193660 kB
MemAvailable:    1477164 kB
Buffers:           97588 kB
Cached:          1208768 kB
MemTotal:        1844596 kB
MemFree:          194820 kB
MemAvailable:    1478324 kB
Buffers:           97588 kB
Cached:          1208768 kB
MemTotal:        1844596 kB
MemFree:          194708 kB
MemAvailable:    1478212 kB
Buffers:           97588 kB
Cached:          1208768 kB
MemTotal:        1844596 kB
MemFree:          193360 kB
MemAvailable:    1476864 kB
Buffers:           97588 kB
Cached:          1208768 kB
MemTotal:        1844596 kB
MemFree:          193360 kB
MemAvailable:    1476864 kB
Buffers:           97588 kB
Cached:          1208768 kB
MemTotal:        1844596 kB
MemFree:          191560 kB
MemAvailable:    1475064 kB
Buffers:           97588 kB
Cached:          1208768 kB
MemTotal:        1844596 kB
MemFree:          189080 kB
MemAvailable:    1472584 kB
Buffers:           97588 kB
Cached:          1208768 kB
MemTotal:        1844596 kB
MemFree:          186040 kB
MemAvailable:    1469544 kB
Buffers:           97588 kB
Cached:          1208768 kB
MemTotal:        1844596 kB
MemFree:          182880 kB
MemAvailable:    1466384 kB
Buffers:           97588 kB
Cached:          1208768 kB
MemTotal:        1844596 kB
MemFree:          183924 kB
MemAvailable:    1467428 kB
Buffers:           97588 kB
Cached:          1208768 kB
MemTotal:        1844596 kB
MemFree:          183940 kB
MemAvailable:    1467444 kB
Buffers:           97588 kB
Cached:          1208768 kB
MemTotal:        1844596 kB
MemFree:          182620 kB
MemAvailable:    1466124 kB
Buffers:           97588 kB
Cached:          1208768 kB
MemTotal:        1844596 kB
MemFree:          182744 kB
MemAvailable:    1466248 kB
Buffers:           97588 kB
Cached:          1208768 kB
MemTotal:        1844596 kB
MemFree:          182572 kB
MemAvailable:    1466076 kB
Buffers:           97588 kB
Cached:          1208768 kB
MemTotal:        1844596 kB
MemFree:          183868 kB
MemAvailable:    1467372 kB
Buffers:           97588 kB
Cached:          1208768 kB
MemTotal:        1844596 kB
MemFree:          183920 kB
MemAvailable:    1467424 kB
Buffers:           97588 kB
Cached:          1208768 kB
MemTotal:        1844596 kB
MemFree:          183768 kB
MemAvailable:    1467272 kB
Buffers:           97588 kB
Cached:          1208768 kB
MemTotal:        1844596 kB
MemFree:          183728 kB
MemAvailable:    1467232 kB
Buffers:           97588 kB
Cached:          1208768 kB
MemTotal:        1844596 kB
MemFree:          183684 kB
MemAvailable:    1467188 kB
Buffers:           97588 kB
Cached:          1208768 kB
MemTotal:        1844596 kB
MemFree:          182592 kB
MemAvailable:    1466096 kB
Buffers:           97588 kB
Cached:          1208768 kB
MemTotal:        1844596 kB
MemFree:          182468 kB
MemAvailable:    1465972 kB
Buffers:           97588 kB
Cached:          1208768 kB
MemTotal:        1844596 kB
MemFree:          183760 kB
MemAvailable:    1467264 kB
Buffers:           97588 kB
Cached:          1208768 kB
MemTotal:        1844596 kB
MemFree:          182448 kB
MemAvailable:    1465952 kB
Buffers:           97588 kB
Cached:          1208768 kB
MemTotal:        1844596 kB
MemFree:          183884 kB
MemAvailable:    1467388 kB
Buffers:           97588 kB
Cached:          1208768 kB
MemTotal:        1844596 kB
MemFree:          182452 kB
MemAvailable:    1465956 kB
Buffers:           97588 kB
Cached:          1208768 kB
MemTotal:        1844596 kB
MemFree:          182576 kB
MemAvailable:    1466080 kB
Buffers:           97588 kB
Cached:          1208768 kB
MemTotal:        1844596 kB
MemFree:          182452 kB
MemAvailable:    1465956 kB
Buffers:           97588 kB
Cached:          1208768 kB
MemTotal:        1844596 kB
MemFree:          182452 kB
MemAvailable:    1465956 kB
Buffers:           97588 kB
Cached:          1208768 kB
MemTotal:        1844596 kB
MemFree:          182452 kB
MemAvailable:    1465956 kB
Buffers:           97588 kB
Cached:          1208768 kB
MemTotal:        1844596 kB
MemFree:          182572 kB
MemAvailable:    1466076 kB
Buffers:           97588 kB
Cached:          1208768 kB
MemTotal:        1844596 kB
MemFree:          183848 kB
MemAvailable:    1467352 kB
Buffers:           97588 kB
Cached:          1208768 kB
MemTotal:        1844596 kB
MemFree:          183128 kB
MemAvailable:    1466632 kB
Buffers:           97588 kB
Cached:          1208768 kB
MemTotal:        1844596 kB
MemFree:          183800 kB
MemAvailable:    1467304 kB
Buffers:           97588 kB
Cached:          1208768 kB
MemTotal:        1844596 kB
MemFree:          182584 kB
MemAvailable:    1466088 kB
Buffers:           97588 kB
Cached:          1208768 kB
MemTotal:        1844596 kB
MemFree:          183732 kB
MemAvailable:    1467236 kB
Buffers:           97588 kB
Cached:          1208768 kB
MemTotal:        1844596 kB
MemFree:          183624 kB
MemAvailable:    1467128 kB
Buffers:           97588 kB
Cached:          1208768 kB
MemTotal:        1844596 kB
MemFree:          183472 kB
MemAvailable:    1466976 kB
Buffers:           97588 kB
Cached:          1208768 kB
MemTotal:        1844596 kB
MemFree:          182360 kB
MemAvailable:    1465864 kB
Buffers:           97588 kB
Cached:          1208768 kB
MemTotal:        1844596 kB
MemFree:          183808 kB
MemAvailable:    1467312 kB
Buffers:           97588 kB
Cached:          1208768 kB
MemTotal:        1844596 kB
MemFree:          183872 kB
MemAvailable:    1467376 kB
Buffers:           97588 kB
Cached:          1208768 kB
MemTotal:        1844596 kB
MemFree:          183636 kB
MemAvailable:    1467140 kB
Buffers:           97588 kB
Cached:          1208768 kB
MemTotal:        1844596 kB
MemFree:          183872 kB
MemAvailable:    1467376 kB
Buffers:           97588 kB
Cached:          1208768 kB
MemTotal:        1844596 kB
MemFree:          183808 kB
MemAvailable:    1467312 kB
Buffers:           97588 kB
Cached:          1208768 kB
MemTotal:        1844596 kB
MemFree:          182500 kB
MemAvailable:    1466004 kB
Buffers:           97588 kB
Cached:          1208768 kB
MemTotal:        1844596 kB
MemFree:          182500 kB
MemAvailable:    1466004 kB
Buffers:           97588 kB
Cached:          1208768 kB
MemTotal:        1844596 kB
MemFree:          183884 kB
MemAvailable:    1467388 kB
Buffers:           97588 kB
Cached:          1208768 kB
MemTotal:        1844596 kB
MemFree:          183936 kB
MemAvailable:    1467440 kB
Buffers:           97588 kB
Cached:          1208768 kB
MemTotal:        1844596 kB
MemFree:          182448 kB
MemAvailable:    1465952 kB
Buffers:           97588 kB
Cached:          1208768 kB
MemTotal:        1844596 kB
MemFree:          182448 kB
MemAvailable:    1465952 kB
Buffers:           97588 kB
Cached:          1208768 kB
MemTotal:        1844596 kB
MemFree:          183700 kB
MemAvailable:    1467204 kB
Buffers:           97588 kB
Cached:          1208768 kB
MemTotal:        1844596 kB
MemFree:          182248 kB
MemAvailable:    1465752 kB
Buffers:           97588 kB
Cached:          1208768 kB
MemTotal:        1844596 kB
MemFree:          182372 kB
MemAvailable:    1465876 kB
Buffers:           97588 kB
Cached:          1208768 kB
MemTotal:        1844596 kB
MemFree:          182384 kB
MemAvailable:    1465888 kB
Buffers:           97588 kB
Cached:          1208768 kB
MemTotal:        1844596 kB
MemFree:          183024 kB
MemAvailable:    1466536 kB
Buffers:           97588 kB
Cached:          1208776 kB
MemTotal:        1844596 kB
MemFree:          182752 kB
MemAvailable:    1466264 kB
Buffers:           97588 kB
Cached:          1208776 kB
MemTotal:        1844596 kB
MemFree:          182280 kB
MemAvailable:    1465792 kB
Buffers:           97588 kB
Cached:          1208776 kB
MemTotal:        1844596 kB
MemFree:          182712 kB
MemAvailable:    1466224 kB
Buffers:           97588 kB
Cached:          1208776 kB
MemTotal:        1844596 kB
MemFree:          181264 kB
MemAvailable:    1464776 kB
Buffers:           97588 kB
Cached:          1208776 kB
MemTotal:        1844596 kB
MemFree:          182472 kB
MemAvailable:    1465984 kB
Buffers:           97588 kB
Cached:          1208776 kB
MemTotal:        1844596 kB
MemFree:          181352 kB
MemAvailable:    1464864 kB
Buffers:           97588 kB
Cached:          1208776 kB
MemTotal:        1844596 kB
MemFree:          182328 kB
MemAvailable:    1465840 kB
Buffers:           97588 kB
Cached:          1208776 kB
MemTotal:        1844596 kB
MemFree:          182032 kB
MemAvailable:    1465544 kB
Buffers:           97588 kB
Cached:          1208776 kB
MemTotal:        1844596 kB
MemFree:          182208 kB
MemAvailable:    1465720 kB
Buffers:           97588 kB
Cached:          1208776 kB
MemTotal:        1844596 kB
MemFree:          182156 kB
MemAvailable:    1465544 kB
Buffers:           97588 kB
Cached:          1208776 kB
MemTotal:        1844596 kB
MemFree:          182268 kB
MemAvailable:    1465780 kB
Buffers:           97588 kB
Cached:          1208776 kB
MemTotal:        1844596 kB
MemFree:          181020 kB
MemAvailable:    1464532 kB
Buffers:           97588 kB
Cached:          1208776 kB
MemTotal:        1844596 kB
MemFree:          181020 kB
MemAvailable:    1464532 kB
Buffers:           97588 kB
Cached:          1208776 kB
MemTotal:        1844596 kB
MemFree:          180896 kB
MemAvailable:    1464408 kB
Buffers:           97588 kB
Cached:          1208776 kB
MemTotal:        1844596 kB
MemFree:          180980 kB
MemAvailable:    1464492 kB
Buffers:           97588 kB
Cached:          1208776 kB
MemTotal:        1844596 kB
MemFree:          182076 kB
MemAvailable:    1465588 kB
Buffers:           97588 kB
Cached:          1208776 kB
MemTotal:        1844596 kB
MemFree:          182328 kB
MemAvailable:    1465840 kB
Buffers:           97588 kB
Cached:          1208776 kB
MemTotal:        1844596 kB
MemFree:          181028 kB
MemAvailable:    1464540 kB
Buffers:           97588 kB
Cached:          1208776 kB
MemTotal:        1844596 kB
MemFree:          182108 kB
MemAvailable:    1465620 kB
Buffers:           97588 kB
Cached:          1208776 kB
MemTotal:        1844596 kB
MemFree:          182268 kB
MemAvailable:    1465780 kB
Buffers:           97588 kB
Cached:          1208776 kB
MemTotal:        1844596 kB
MemFree:          180908 kB
MemAvailable:    1464420 kB
Buffers:           97588 kB
Cached:          1208776 kB
MemTotal:        1844596 kB
MemFree:          180776 kB
MemAvailable:    1464288 kB
Buffers:           97588 kB
Cached:          1208776 kB
MemTotal:        1844596 kB
MemFree:          182244 kB
MemAvailable:    1465756 kB
Buffers:           97588 kB
Cached:          1208776 kB
MemTotal:        1844596 kB
MemFree:          180912 kB
MemAvailable:    1464424 kB
Buffers:           97588 kB
Cached:          1208776 kB
MemTotal:        1844596 kB
MemFree:          175092 kB
MemAvailable:    1458604 kB
Buffers:           97588 kB
Cached:          1208776 kB
MemTotal:        1844596 kB
MemFree:          171724 kB
MemAvailable:    1455236 kB
Buffers:           97588 kB
Cached:          1208776 kB
MemTotal:        1844596 kB
MemFree:          171300 kB
MemAvailable:    1454812 kB
Buffers:           97588 kB
Cached:          1208776 kB
MemTotal:        1844596 kB
MemFree:          170812 kB
MemAvailable:    1454324 kB
Buffers:           97588 kB
Cached:          1208776 kB
MemTotal:        1844596 kB
MemFree:          170872 kB
MemAvailable:    1454384 kB
Buffers:           97588 kB
Cached:          1208776 kB
MemTotal:        1844596 kB
MemFree:          169252 kB
MemAvailable:    1452764 kB
Buffers:           97588 kB
Cached:          1208776 kB
MemTotal:        1844596 kB
MemFree:          169016 kB
MemAvailable:    1452528 kB
Buffers:           97588 kB
Cached:          1208776 kB
MemTotal:        1844596 kB
MemFree:          169884 kB
MemAvailable:    1453396 kB
Buffers:           97588 kB
Cached:          1208776 kB
MemTotal:        1844596 kB
MemFree:          168952 kB
MemAvailable:    1452464 kB
Buffers:           97588 kB
Cached:          1208776 kB
MemTotal:        1844596 kB
MemFree:          169016 kB
MemAvailable:    1452528 kB
Buffers:           97588 kB
Cached:          1208776 kB
MemTotal:        1844596 kB
MemFree:          166652 kB
MemAvailable:    1450164 kB
Buffers:           97588 kB
Cached:          1208776 kB
MemTotal:        1844596 kB
MemFree:          165668 kB
MemAvailable:    1449180 kB
Buffers:           97588 kB
Cached:          1208776 kB
MemTotal:        1844596 kB
MemFree:          166936 kB
MemAvailable:    1450448 kB
Buffers:           97588 kB
Cached:          1208776 kB
MemTotal:        1844596 kB
MemFree:          167032 kB
MemAvailable:    1450544 kB
Buffers:           97588 kB
Cached:          1208776 kB
MemTotal:        1844596 kB
MemFree:          165736 kB
MemAvailable:    1449248 kB
Buffers:           97588 kB
Cached:          1208776 kB
MemTotal:        1844596 kB
MemFree:          167204 kB
MemAvailable:    1450716 kB
Buffers:           97588 kB
Cached:          1208776 kB
MemTotal:        1844596 kB
MemFree:          167264 kB
MemAvailable:    1450776 kB
Buffers:           97588 kB
Cached:          1208776 kB
MemTotal:        1844596 kB
MemFree:          165728 kB
MemAvailable:    1449240 kB
Buffers:           97588 kB
Cached:          1208776 kB
MemTotal:        1844596 kB
MemFree:          167004 kB
MemAvailable:    1450516 kB
Buffers:           97588 kB
Cached:          1208776 kB
MemTotal:        1844596 kB
MemFree:          166916 kB
MemAvailable:    1450428 kB
Buffers:           97588 kB
Cached:          1208776 kB
MemTotal:        1844596 kB
MemFree:          167216 kB
MemAvailable:    1450728 kB
Buffers:           97588 kB
Cached:          1208776 kB
MemTotal:        1844596 kB
MemFree:          166288 kB
MemAvailable:    1449800 kB
Buffers:           97588 kB
Cached:          1208776 kB
MemTotal:        1844596 kB
MemFree:          166860 kB
MemAvailable:    1450376 kB
Buffers:           97588 kB
Cached:          1208780 kB
MemTotal:        1844596 kB
MemFree:          166580 kB
MemAvailable:    1450096 kB
Buffers:           97588 kB
Cached:          1208780 kB
MemTotal:        1844596 kB
MemFree:          167140 kB
MemAvailable:    1450656 kB
Buffers:           97588 kB
Cached:          1208780 kB
MemTotal:        1844596 kB
MemFree:          165288 kB
MemAvailable:    1448804 kB
Buffers:           97588 kB
Cached:          1208780 kB
MemTotal:        1844596 kB
MemFree:          165404 kB
MemAvailable:    1448920 kB
Buffers:           97588 kB
Cached:          1208780 kB
MemTotal:        1844596 kB
MemFree:          165784 kB
MemAvailable:    1449300 kB
Buffers:           97588 kB
Cached:          1208780 kB
MemTotal:        1844596 kB
MemFree:          165032 kB
MemAvailable:    1448548 kB
Buffers:           97588 kB
Cached:          1208780 kB
MemTotal:        1844596 kB
MemFree:          164924 kB
MemAvailable:    1448440 kB
Buffers:           97588 kB
Cached:          1208780 kB
MemTotal:        1844596 kB
MemFree:          163752 kB
MemAvailable:    1447268 kB
Buffers:           97588 kB
Cached:          1208780 kB
MemTotal:        1844596 kB
MemFree:          164420 kB
MemAvailable:    1447936 kB
Buffers:           97588 kB
Cached:          1208780 kB
MemTotal:        1844596 kB
MemFree:          163568 kB
MemAvailable:    1447084 kB
Buffers:           97588 kB
Cached:          1208780 kB
MemTotal:        1844596 kB
MemFree:          164184 kB
MemAvailable:    1447700 kB
Buffers:           97588 kB
Cached:          1208780 kB
MemTotal:        1844596 kB
MemFree:          162940 kB
MemAvailable:    1446456 kB
Buffers:           97588 kB
Cached:          1208780 kB
MemTotal:        1844596 kB
MemFree:          162816 kB
MemAvailable:    1446332 kB
Buffers:           97588 kB
Cached:          1208780 kB
MemTotal:        1844596 kB
MemFree:          164048 kB
MemAvailable:    1447564 kB
Buffers:           97588 kB
Cached:          1208780 kB
MemTotal:        1844596 kB
MemFree:          163188 kB
MemAvailable:    1446704 kB
Buffers:           97588 kB
Cached:          1208780 kB
MemTotal:        1844596 kB
MemFree:          163116 kB
MemAvailable:    1446632 kB
Buffers:           97588 kB
Cached:          1208780 kB
MemTotal:        1844596 kB
MemFree:          163048 kB
MemAvailable:    1446564 kB
Buffers:           97588 kB
Cached:          1208780 kB
MemTotal:        1844596 kB
MemFree:          162852 kB
MemAvailable:    1446368 kB
Buffers:           97588 kB
Cached:          1208780 kB
MemTotal:        1844596 kB
MemFree:          161804 kB
MemAvailable:    1445320 kB
Buffers:           97588 kB
Cached:          1208780 kB
MemTotal:        1844596 kB
MemFree:          161632 kB
MemAvailable:    1445148 kB
Buffers:           97588 kB
Cached:          1208780 kB
MemTotal:        1844596 kB
MemFree:          162896 kB
MemAvailable:    1446416 kB
Buffers:           97588 kB
Cached:          1208784 kB
MemTotal:        1844596 kB
MemFree:          162952 kB
MemAvailable:    1446472 kB
Buffers:           97588 kB
Cached:          1208784 kB
MemTotal:        1844596 kB
MemFree:          162812 kB
MemAvailable:    1446332 kB
Buffers:           97588 kB
Cached:          1208784 kB
MemTotal:        1844596 kB
MemFree:          161696 kB
MemAvailable:    1445216 kB
Buffers:           97588 kB
Cached:          1208784 kB
MemTotal:        1844596 kB
MemFree:          161696 kB
MemAvailable:    1445216 kB
Buffers:           97588 kB
Cached:          1208784 kB
MemTotal:        1844596 kB
MemFree:          163124 kB
MemAvailable:    1446644 kB
Buffers:           97588 kB
Cached:          1208784 kB
MemTotal:        1844596 kB
MemFree:          162872 kB
MemAvailable:    1446392 kB
Buffers:           97588 kB
Cached:          1208784 kB
MemTotal:        1844596 kB
MemFree:          161392 kB
MemAvailable:    1444912 kB
Buffers:           97588 kB
Cached:          1208784 kB
MemTotal:        1844596 kB
MemFree:          161704 kB
MemAvailable:    1445224 kB
Buffers:           97588 kB
Cached:          1208784 kB
MemTotal:        1844596 kB
MemFree:          162628 kB
MemAvailable:    1446148 kB
Buffers:           97588 kB
Cached:          1208784 kB
MemTotal:        1844596 kB
MemFree:          162880 kB
MemAvailable:    1446400 kB
Buffers:           97588 kB
Cached:          1208784 kB
MemTotal:        1844596 kB
MemFree:          162508 kB
MemAvailable:    1446028 kB
Buffers:           97588 kB
Cached:          1208784 kB
MemTotal:        1844596 kB
MemFree:          162764 kB
MemAvailable:    1446284 kB
Buffers:           97588 kB
Cached:          1208784 kB
MemTotal:        1844596 kB
MemFree:          161436 kB
MemAvailable:    1444956 kB
Buffers:           97588 kB
Cached:          1208784 kB
MemTotal:        1844596 kB
MemFree:          162984 kB
MemAvailable:    1446504 kB
Buffers:           97588 kB
Cached:          1208784 kB
MemTotal:        1844596 kB
MemFree:          162684 kB
MemAvailable:    1446204 kB
Buffers:           97588 kB
Cached:          1208784 kB
MemTotal:        1844596 kB
MemFree:          162804 kB
MemAvailable:    1446324 kB
Buffers:           97588 kB
Cached:          1208784 kB
MemTotal:        1844596 kB
MemFree:          162800 kB
MemAvailable:    1446320 kB
Buffers:           97588 kB
Cached:          1208784 kB
MemTotal:        1844596 kB
MemFree:          162524 kB
MemAvailable:    1446044 kB
Buffers:           97588 kB
Cached:          1208784 kB
MemTotal:        1844596 kB
MemFree:          161408 kB
MemAvailable:    1444928 kB
Buffers:           97588 kB
Cached:          1208784 kB
MemTotal:        1844596 kB
MemFree:          160340 kB
MemAvailable:    1443860 kB
Buffers:           97588 kB
Cached:          1208784 kB
MemTotal:        1844596 kB
MemFree:          161552 kB
MemAvailable:    1445072 kB
Buffers:           97588 kB
Cached:          1208784 kB
MemTotal:        1844596 kB
MemFree:          161252 kB
MemAvailable:    1444772 kB
Buffers:           97588 kB
Cached:          1208784 kB
MemTotal:        1844596 kB
MemFree:          160580 kB
MemAvailable:    1444100 kB
Buffers:           97588 kB
Cached:          1208784 kB
MemTotal:        1844596 kB
MemFree:          158852 kB
MemAvailable:    1442372 kB
Buffers:           97588 kB
Cached:          1208784 kB
MemTotal:        1844596 kB
MemFree:          157116 kB
MemAvailable:    1440636 kB
Buffers:           97588 kB
Cached:          1208784 kB
MemTotal:        1844596 kB
MemFree:          154512 kB
MemAvailable:    1438032 kB
Buffers:           97588 kB
Cached:          1208784 kB
MemTotal:        1844596 kB
MemFree:          151784 kB
MemAvailable:    1435304 kB
Buffers:           97588 kB
Cached:          1208784 kB
MemTotal:        1844596 kB
MemFree:          149488 kB
MemAvailable:    1433008 kB
Buffers:           97588 kB
Cached:          1208784 kB
MemTotal:        1844596 kB
MemFree:          147776 kB
MemAvailable:    1431296 kB
Buffers:           97588 kB
Cached:          1208784 kB
MemTotal:        1844596 kB
MemFree:          143104 kB
MemAvailable:    1426624 kB
Buffers:           97588 kB
Cached:          1208784 kB
MemTotal:        1844596 kB
MemFree:          142980 kB
MemAvailable:    1426500 kB
Buffers:           97588 kB
Cached:          1208784 kB
MemTotal:        1844596 kB
MemFree:          144212 kB
MemAvailable:    1427732 kB
Buffers:           97588 kB
Cached:          1208784 kB
MemTotal:        1844596 kB
MemFree:          143608 kB
MemAvailable:    1427128 kB
Buffers:           97588 kB
Cached:          1208784 kB
MemTotal:        1844596 kB
MemFree:          142808 kB
MemAvailable:    1426328 kB
Buffers:           97588 kB
Cached:          1208784 kB
MemTotal:        1844596 kB
MemFree:          142932 kB
MemAvailable:    1426452 kB
Buffers:           97588 kB
Cached:          1208784 kB
MemTotal:        1844596 kB
MemFree:          142932 kB
MemAvailable:    1426452 kB
Buffers:           97588 kB
Cached:          1208784 kB
MemTotal:        1844596 kB
MemFree:          142800 kB
MemAvailable:    1426320 kB
Buffers:           97588 kB
Cached:          1208784 kB
MemTotal:        1844596 kB
MemFree:          143976 kB
MemAvailable:    1427496 kB
Buffers:           97588 kB
Cached:          1208784 kB
MemTotal:        1844596 kB
MemFree:          144032 kB
MemAvailable:    1427552 kB
Buffers:           97588 kB
Cached:          1208784 kB
MemTotal:        1844596 kB
MemFree:          142588 kB
MemAvailable:    1426108 kB
Buffers:           97588 kB
Cached:          1208784 kB
MemTotal:        1844596 kB
MemFree:          143972 kB
MemAvailable:    1427492 kB
Buffers:           97588 kB
Cached:          1208784 kB
MemTotal:        1844596 kB
MemFree:          142608 kB
MemAvailable:    1426128 kB
Buffers:           97588 kB
Cached:          1208784 kB
MemTotal:        1844596 kB
MemFree:          143288 kB
MemAvailable:    1426808 kB
Buffers:           97588 kB
Cached:          1208784 kB
MemTotal:        1844596 kB
MemFree:          143288 kB
MemAvailable:    1426808 kB
Buffers:           97588 kB
Cached:          1208784 kB
MemTotal:        1844596 kB
MemFree:          141856 kB
MemAvailable:    1425376 kB
Buffers:           97588 kB
Cached:          1208784 kB
MemTotal:        1844596 kB
MemFree:          143276 kB
MemAvailable:    1426796 kB
Buffers:           97588 kB
Cached:          1208784 kB
MemTotal:        1844596 kB
MemFree:          141852 kB
MemAvailable:    1425372 kB
Buffers:           97588 kB
Cached:          1208784 kB
MemTotal:        1844596 kB
MemFree:          141852 kB
MemAvailable:    1425372 kB
Buffers:           97588 kB
Cached:          1208784 kB
MemTotal:        1844596 kB
MemFree:          143044 kB
MemAvailable:    1426564 kB
Buffers:           97588 kB
Cached:          1208784 kB
MemTotal:        1844596 kB
MemFree:          141964 kB
MemAvailable:    1425484 kB
Buffers:           97588 kB
Cached:          1208784 kB
MemTotal:        1844596 kB
MemFree:          141840 kB
MemAvailable:    1425360 kB
Buffers:           97588 kB
Cached:          1208784 kB
MemTotal:        1844596 kB
MemFree:          141840 kB
MemAvailable:    1425360 kB
Buffers:           97588 kB
Cached:          1208784 kB
MemTotal:        1844596 kB
MemFree:          141840 kB
MemAvailable:    1425360 kB
Buffers:           97588 kB
Cached:          1208784 kB
MemTotal:        1844596 kB
MemFree:          141964 kB
MemAvailable:    1425484 kB
Buffers:           97588 kB
Cached:          1208784 kB
MemTotal:        1844596 kB
MemFree:          141964 kB
MemAvailable:    1425484 kB
Buffers:           97588 kB
Cached:          1208784 kB
MemTotal:        1844596 kB
MemFree:          141964 kB
MemAvailable:    1425484 kB
Buffers:           97588 kB
Cached:          1208784 kB
MemTotal:        1844596 kB
MemFree:          143204 kB
MemAvailable:    1426724 kB
Buffers:           97588 kB
Cached:          1208784 kB
MemTotal:        1844596 kB
MemFree:          143196 kB
MemAvailable:    1426716 kB
Buffers:           97588 kB
Cached:          1208784 kB
MemTotal:        1844596 kB
MemFree:          141792 kB
MemAvailable:    1425312 kB
Buffers:           97588 kB
Cached:          1208784 kB
MemTotal:        1844596 kB
MemFree:          143272 kB
MemAvailable:    1426792 kB
Buffers:           97588 kB
Cached:          1208784 kB
MemTotal:        1844596 kB
MemFree:          138516 kB
MemAvailable:    1422036 kB
Buffers:           97588 kB
Cached:          1208784 kB
MemTotal:        1844596 kB
MemFree:          135664 kB
MemAvailable:    1419184 kB
Buffers:           97588 kB
Cached:          1208784 kB
MemTotal:        1844596 kB
MemFree:          130572 kB
MemAvailable:    1414092 kB
Buffers:           97588 kB
Cached:          1208784 kB
MemTotal:        1844596 kB
MemFree:          130572 kB
MemAvailable:    1414092 kB
Buffers:           97588 kB
Cached:          1208784 kB
MemTotal:        1844596 kB
MemFree:          126604 kB
MemAvailable:    1410124 kB
Buffers:           97588 kB
Cached:          1208784 kB
MemTotal:        1844596 kB
MemFree:          123752 kB
MemAvailable:    1407272 kB
Buffers:           97588 kB
Cached:          1208784 kB
MemTotal:        1844596 kB
MemFree:          123760 kB
MemAvailable:    1407284 kB
Buffers:           97588 kB
Cached:          1208788 kB
MemTotal:        1844596 kB
MemFree:          123636 kB
MemAvailable:    1407160 kB
Buffers:           97588 kB
Cached:          1208788 kB
MemTotal:        1844596 kB
MemFree:          123588 kB
MemAvailable:    1407120 kB
Buffers:           97588 kB
Cached:          1208796 kB
MemTotal:        1844596 kB
MemFree:          124800 kB
MemAvailable:    1408332 kB
Buffers:           97588 kB
Cached:          1208796 kB
MemTotal:        1844596 kB
MemFree:          124552 kB
MemAvailable:    1408084 kB
Buffers:           97588 kB
Cached:          1208796 kB
MemTotal:        1844596 kB
MemFree:          124888 kB
MemAvailable:    1408420 kB
Buffers:           97588 kB
Cached:          1208796 kB
MemTotal:        1844596 kB
MemFree:          123572 kB
MemAvailable:    1407104 kB
Buffers:           97588 kB
Cached:          1208796 kB
MemTotal:        1844596 kB
MemFree:          123572 kB
MemAvailable:    1407104 kB
Buffers:           97588 kB
Cached:          1208796 kB
MemTotal:        1844596 kB
MemFree:          124980 kB
MemAvailable:    1408512 kB
Buffers:           97588 kB
Cached:          1208796 kB
MemTotal:        1844596 kB
MemFree:          123688 kB
MemAvailable:    1407220 kB
Buffers:           97588 kB
Cached:          1208796 kB
MemTotal:        1844596 kB
MemFree:          125068 kB
MemAvailable:    1408600 kB
Buffers:           97588 kB
Cached:          1208796 kB
MemTotal:        1844596 kB
MemFree:          124860 kB
MemAvailable:    1408392 kB
Buffers:           97588 kB
Cached:          1208796 kB
MemTotal:        1844596 kB
MemFree:          124656 kB
MemAvailable:    1408188 kB
Buffers:           97588 kB
Cached:          1208796 kB
MemTotal:        1844596 kB
MemFree:          124380 kB
MemAvailable:    1407912 kB
Buffers:           97588 kB
Cached:          1208796 kB
MemTotal:        1844596 kB
MemFree:          124792 kB
MemAvailable:    1408324 kB
Buffers:           97588 kB
Cached:          1208796 kB
MemTotal:        1844596 kB
MemFree:          123700 kB
MemAvailable:    1407232 kB
Buffers:           97588 kB
Cached:          1208796 kB
MemTotal:        1844596 kB
MemFree:          123576 kB
MemAvailable:    1407108 kB
Buffers:           97588 kB
Cached:          1208796 kB
MemTotal:        1844596 kB
MemFree:          123860 kB
MemAvailable:    1407392 kB
Buffers:           97588 kB
Cached:          1208796 kB
MemTotal:        1844596 kB
MemFree:          123612 kB
MemAvailable:    1407144 kB
Buffers:           97588 kB
Cached:          1208796 kB
MemTotal:        1844596 kB
MemFree:          124656 kB
MemAvailable:    1408188 kB
Buffers:           97588 kB
Cached:          1208796 kB
MemTotal:        1844596 kB
MemFree:          124864 kB
MemAvailable:    1408396 kB
Buffers:           97588 kB
Cached:          1208796 kB
MemTotal:        1844596 kB
MemFree:          124608 kB
MemAvailable:    1408140 kB
Buffers:           97588 kB
Cached:          1208796 kB
MemTotal:        1844596 kB
MemFree:          123724 kB
MemAvailable:    1407256 kB
Buffers:           97588 kB
Cached:          1208796 kB
MemTotal:        1844596 kB
MemFree:          124960 kB
MemAvailable:    1408492 kB
Buffers:           97588 kB
Cached:          1208796 kB
MemTotal:        1844596 kB
MemFree:          124892 kB
MemAvailable:    1408424 kB
Buffers:           97588 kB
Cached:          1208796 kB
MemTotal:        1844596 kB
MemFree:          123628 kB
MemAvailable:    1407160 kB
Buffers:           97588 kB
Cached:          1208796 kB
MemTotal:        1844596 kB
MemFree:          123588 kB
MemAvailable:    1407120 kB
Buffers:           97588 kB
Cached:          1208796 kB
MemTotal:        1844596 kB
MemFree:          123332 kB
MemAvailable:    1406864 kB
Buffers:           97588 kB
Cached:          1208796 kB
MemTotal:        1844596 kB
MemFree:          123456 kB
MemAvailable:    1406988 kB
Buffers:           97588 kB
Cached:          1208796 kB
MemTotal:        1844596 kB
MemFree:          124924 kB
MemAvailable:    1408456 kB
Buffers:           97588 kB
Cached:          1208796 kB
MemTotal:        1844596 kB
MemFree:          124976 kB
MemAvailable:    1408508 kB
Buffers:           97588 kB
Cached:          1208796 kB
MemTotal:        1844596 kB
MemFree:          123572 kB
MemAvailable:    1407104 kB
Buffers:           97588 kB
Cached:          1208796 kB
MemTotal:        1844596 kB
MemFree:          120040 kB
MemAvailable:    1403572 kB
Buffers:           97588 kB
Cached:          1208796 kB
MemTotal:        1844596 kB
MemFree:          115752 kB
MemAvailable:    1399284 kB
Buffers:           97588 kB
Cached:          1208796 kB
MemTotal:        1844596 kB
MemFree:          111344 kB
MemAvailable:    1394876 kB
Buffers:           97588 kB
Cached:          1208796 kB
MemTotal:        1844596 kB
MemFree:          111484 kB
MemAvailable:    1395016 kB
Buffers:           97588 kB
Cached:          1208796 kB
MemTotal:        1844596 kB
MemFree:          107848 kB
MemAvailable:    1391380 kB
Buffers:           97588 kB
Cached:          1208796 kB
MemTotal:        1844596 kB
MemFree:          106384 kB
MemAvailable:    1389916 kB
Buffers:           97588 kB
Cached:          1208796 kB
MemTotal:        1844596 kB
MemFree:          106516 kB
MemAvailable:    1390048 kB
Buffers:           97588 kB
Cached:          1208796 kB
MemTotal:        1844596 kB
MemFree:          106832 kB
MemAvailable:    1390364 kB
Buffers:           97588 kB
Cached:          1208796 kB
MemTotal:        1844596 kB
MemFree:          106832 kB
MemAvailable:    1390364 kB
Buffers:           97588 kB
Cached:          1208796 kB
MemTotal:        1844596 kB
MemFree:          105780 kB
MemAvailable:    1389312 kB
Buffers:           97588 kB
Cached:          1208796 kB
MemTotal:        1844596 kB
MemFree:          106708 kB
MemAvailable:    1390240 kB
Buffers:           97588 kB
Cached:          1208796 kB
MemTotal:        1844596 kB
MemFree:          106452 kB
MemAvailable:    1389984 kB
Buffers:           97588 kB
Cached:          1208796 kB
MemTotal:        1844596 kB
MemFree:          105144 kB
MemAvailable:    1388676 kB
Buffers:           97588 kB
Cached:          1208796 kB
MemTotal:        1844596 kB
MemFree:          104788 kB
MemAvailable:    1388320 kB
Buffers:           97588 kB
Cached:          1208796 kB
MemTotal:        1844596 kB
MemFree:          106064 kB
MemAvailable:    1389596 kB
Buffers:           97588 kB
Cached:          1208796 kB
MemTotal:        1844596 kB
MemFree:          105952 kB
MemAvailable:    1389484 kB
Buffers:           97588 kB
Cached:          1208796 kB
MemTotal:        1844596 kB
MemFree:          105716 kB
MemAvailable:    1389248 kB
Buffers:           97588 kB
Cached:          1208796 kB
MemTotal:        1844596 kB
MemFree:          105776 kB
MemAvailable:    1389308 kB
Buffers:           97588 kB
Cached:          1208796 kB
MemTotal:        1844596 kB
MemFree:          103796 kB
MemAvailable:    1387328 kB
Buffers:           97588 kB
Cached:          1208796 kB
MemTotal:        1844596 kB
MemFree:          104468 kB
MemAvailable:    1388000 kB
Buffers:           97588 kB
Cached:          1208796 kB
MemTotal:        1844596 kB
MemFree:          102664 kB
MemAvailable:    1386196 kB
Buffers:           97588 kB
Cached:          1208796 kB
MemTotal:        1844596 kB
MemFree:          103508 kB
MemAvailable:    1387040 kB
Buffers:           97588 kB
Cached:          1208796 kB
MemTotal:        1844596 kB
MemFree:          103312 kB
MemAvailable:    1386844 kB
Buffers:           97588 kB
Cached:          1208796 kB
MemTotal:        1844596 kB
MemFree:          102740 kB
MemAvailable:    1386272 kB
Buffers:           97588 kB
Cached:          1208796 kB
MemTotal:        1844596 kB
MemFree:          102800 kB
MemAvailable:    1386332 kB
Buffers:           97588 kB
Cached:          1208796 kB
MemTotal:        1844596 kB
MemFree:          100324 kB
MemAvailable:    1383856 kB
Buffers:           97588 kB
Cached:          1208796 kB
MemTotal:        1844596 kB
MemFree:           99208 kB
MemAvailable:    1382740 kB
Buffers:           97588 kB
Cached:          1208796 kB
MemTotal:        1844596 kB
MemFree:          100368 kB
MemAvailable:    1383900 kB
Buffers:           97588 kB
Cached:          1208796 kB
MemTotal:        1844596 kB
MemFree:          100568 kB
MemAvailable:    1384100 kB
Buffers:           97588 kB
Cached:          1208796 kB
MemTotal:        1844596 kB
MemFree:          100248 kB
MemAvailable:    1383780 kB
Buffers:           97588 kB
Cached:          1208796 kB
MemTotal:        1844596 kB
MemFree:           99200 kB
MemAvailable:    1382732 kB
Buffers:           97588 kB
Cached:          1208796 kB
MemTotal:        1844596 kB
MemFree:          100316 kB
MemAvailable:    1383848 kB
Buffers:           97588 kB
Cached:          1208796 kB
MemTotal:        1844596 kB
MemFree:           99316 kB
MemAvailable:    1382848 kB
Buffers:           97588 kB
Cached:          1208796 kB
MemTotal:        1844596 kB
MemFree:          100284 kB
MemAvailable:    1383824 kB
Buffers:           97588 kB
Cached:          1208804 kB
MemTotal:        1844596 kB
MemFree:           99828 kB
MemAvailable:    1383368 kB
Buffers:           97588 kB
Cached:          1208804 kB
MemTotal:        1844596 kB
MemFree:           97472 kB
MemAvailable:    1381012 kB
Buffers:           97588 kB
Cached:          1208804 kB
MemTotal:        1844596 kB
MemFree:           98712 kB
MemAvailable:    1382252 kB
Buffers:           97588 kB
Cached:          1208804 kB
MemTotal:        1844596 kB
MemFree:           98836 kB
MemAvailable:    1382376 kB
Buffers:           97588 kB
Cached:          1208804 kB
MemTotal:        1844596 kB
MemFree:           97424 kB
MemAvailable:    1380964 kB
Buffers:           97588 kB
Cached:          1208804 kB
MemTotal:        1844596 kB
MemFree:           98704 kB
MemAvailable:    1382244 kB
Buffers:           97588 kB
Cached:          1208804 kB
MemTotal:        1844596 kB
MemFree:           97852 kB
MemAvailable:    1381392 kB
Buffers:           97588 kB
Cached:          1208804 kB
MemTotal:        1844596 kB
MemFree:           98400 kB
MemAvailable:    1381940 kB
Buffers:           97588 kB
Cached:          1208804 kB
MemTotal:        1844596 kB
MemFree:           97544 kB
MemAvailable:    1381084 kB
Buffers:           97588 kB
Cached:          1208804 kB
MemTotal:        1844596 kB
MemFree:           97348 kB
MemAvailable:    1380888 kB
Buffers:           97588 kB
Cached:          1208804 kB
MemTotal:        1844596 kB
MemFree:           97472 kB
MemAvailable:    1381012 kB
Buffers:           97588 kB
Cached:          1208804 kB
MemTotal:        1844596 kB
MemFree:           98672 kB
MemAvailable:    1382212 kB
Buffers:           97588 kB
Cached:          1208804 kB
MemTotal:        1844596 kB
MemFree:           97472 kB
MemAvailable:    1381012 kB
Buffers:           97588 kB
Cached:          1208804 kB
MemTotal:        1844596 kB
MemFree:           98600 kB
MemAvailable:    1382140 kB
Buffers:           97588 kB
Cached:          1208804 kB
MemTotal:        1844596 kB
MemFree:           97708 kB
MemAvailable:    1381248 kB
Buffers:           97588 kB
Cached:          1208804 kB
MemTotal:        1844596 kB
MemFree:           98592 kB
MemAvailable:    1382132 kB
Buffers:           97588 kB
Cached:          1208804 kB
MemTotal:        1844596 kB
MemFree:           97852 kB
MemAvailable:    1381392 kB
Buffers:           97588 kB
Cached:          1208804 kB
MemTotal:        1844596 kB
MemFree:           97224 kB
MemAvailable:    1380768 kB
Buffers:           97588 kB
Cached:          1208808 kB
MemTotal:        1844596 kB
MemFree:           97348 kB
MemAvailable:    1380892 kB
Buffers:           97588 kB
Cached:          1208808 kB
MemTotal:        1844596 kB
MemFree:           98648 kB
MemAvailable:    1382192 kB
Buffers:           97588 kB
Cached:          1208808 kB
MemTotal:        1844596 kB
MemFree:           97424 kB
MemAvailable:    1380968 kB
Buffers:           97588 kB
Cached:          1208808 kB
MemTotal:        1844596 kB
MemFree:           98764 kB
MemAvailable:    1382308 kB
Buffers:           97588 kB
Cached:          1208808 kB
MemTotal:        1844596 kB
MemFree:           97844 kB
MemAvailable:    1381388 kB
Buffers:           97588 kB
Cached:          1208808 kB
MemTotal:        1844596 kB
MemFree:           98628 kB
MemAvailable:    1382172 kB
Buffers:           97588 kB
Cached:          1208808 kB
MemTotal:        1844596 kB
MemFree:           97580 kB
MemAvailable:    1381124 kB
Buffers:           97588 kB
Cached:          1208808 kB
MemTotal:        1844596 kB
MemFree:           97432 kB
MemAvailable:    1380976 kB
Buffers:           97588 kB
Cached:          1208808 kB
MemTotal:        1844596 kB
MemFree:           98532 kB
MemAvailable:    1382076 kB
Buffers:           97588 kB
Cached:          1208808 kB
MemTotal:        1844596 kB
MemFree:           98588 kB
MemAvailable:    1382132 kB
Buffers:           97588 kB
Cached:          1208808 kB
MemTotal:        1844596 kB
MemFree:           98652 kB
MemAvailable:    1382196 kB
Buffers:           97588 kB
Cached:          1208808 kB
MemTotal:        1844596 kB
MemFree:           98720 kB
MemAvailable:    1382264 kB
Buffers:           97588 kB
Cached:          1208808 kB
MemTotal:        1844596 kB
MemFree:           98592 kB
MemAvailable:    1382136 kB
Buffers:           97588 kB
Cached:          1208808 kB
MemTotal:        1844596 kB
MemFree:           97460 kB
MemAvailable:    1381004 kB
Buffers:           97588 kB
Cached:          1208808 kB
MemTotal:        1844596 kB
MemFree:           97460 kB
MemAvailable:    1381004 kB
Buffers:           97588 kB
Cached:          1208808 kB
MemTotal:        1844596 kB
MemFree:           97460 kB
MemAvailable:    1381004 kB
Buffers:           97588 kB
Cached:          1208808 kB
MemTotal:        1844596 kB
MemFree:           98528 kB
MemAvailable:    1382072 kB
Buffers:           97588 kB
Cached:          1208808 kB
MemTotal:        1844596 kB
MemFree:           98876 kB
MemAvailable:    1382420 kB
Buffers:           97588 kB
Cached:          1208808 kB
MemTotal:        1844596 kB
MemFree:           98620 kB
MemAvailable:    1382164 kB
Buffers:           97588 kB
Cached:          1208808 kB
MemTotal:        1844596 kB
MemFree:           97348 kB
MemAvailable:    1380892 kB
Buffers:           97588 kB
Cached:          1208808 kB
MemTotal:        1844596 kB
MemFree:           98772 kB
MemAvailable:    1382316 kB
Buffers:           97588 kB
Cached:          1208808 kB
MemTotal:        1844596 kB
MemFree:           98832 kB
MemAvailable:    1382376 kB
Buffers:           97588 kB
Cached:          1208808 kB
MemTotal:        1844596 kB
MemFree:           98452 kB
MemAvailable:    1381996 kB
Buffers:           97588 kB
Cached:          1208808 kB
MemTotal:        1844596 kB
MemFree:           97928 kB
MemAvailable:    1381472 kB
Buffers:           97588 kB
Cached:          1208808 kB
MemTotal:        1844596 kB
MemFree:           94868 kB
MemAvailable:    1378412 kB
Buffers:           97588 kB
Cached:          1208808 kB
MemTotal:        1844596 kB
MemFree:           91024 kB
MemAvailable:    1374568 kB
Buffers:           97588 kB
Cached:          1208808 kB
MemTotal:        1844596 kB
MemFree:           88048 kB
MemAvailable:    1371592 kB
Buffers:           97588 kB
Cached:          1208808 kB
MemTotal:        1844596 kB
MemFree:           84824 kB
MemAvailable:    1368368 kB
Buffers:           97588 kB
Cached:          1208808 kB
MemTotal:        1844596 kB
MemFree:           82156 kB
MemAvailable:    1365700 kB
Buffers:           97588 kB
Cached:          1208808 kB
MemTotal:        1844596 kB
MemFree:           81848 kB
MemAvailable:    1365392 kB
Buffers:           97588 kB
Cached:          1208808 kB
MemTotal:        1844596 kB
MemFree:           79304 kB
MemAvailable:    1362848 kB
Buffers:           97588 kB
Cached:          1208808 kB
MemTotal:        1844596 kB
MemFree:           79304 kB
MemAvailable:    1362848 kB
Buffers:           97588 kB
Cached:          1208808 kB
MemTotal:        1844596 kB
MemFree:           79356 kB
MemAvailable:    1362900 kB
Buffers:           97588 kB
Cached:          1208808 kB
MemTotal:        1844596 kB
MemFree:           79192 kB
MemAvailable:    1362736 kB
Buffers:           97588 kB
Cached:          1208808 kB
MemTotal:        1844596 kB
MemFree:           77864 kB
MemAvailable:    1361408 kB
Buffers:           97588 kB
Cached:          1208808 kB
MemTotal:        1844596 kB
MemFree:           78924 kB
MemAvailable:    1362468 kB
Buffers:           97588 kB
Cached:          1208808 kB
MemTotal:        1844596 kB
MemFree:           78812 kB
MemAvailable:    1362356 kB
Buffers:           97588 kB
Cached:          1208808 kB
MemTotal:        1844596 kB
MemFree:           78964 kB
MemAvailable:    1362508 kB
Buffers:           97588 kB
Cached:          1208808 kB
MemTotal:        1844596 kB
MemFree:           77932 kB
MemAvailable:    1361476 kB
Buffers:           97588 kB
Cached:          1208808 kB
MemTotal:        1844596 kB
MemFree:           79112 kB
MemAvailable:    1362656 kB
Buffers:           97588 kB
Cached:          1208808 kB
MemTotal:        1844596 kB
MemFree:           77744 kB
MemAvailable:    1361288 kB
Buffers:           97588 kB
Cached:          1208808 kB
MemTotal:        1844596 kB
MemFree:           77828 kB
MemAvailable:    1361372 kB
Buffers:           97588 kB
Cached:          1208808 kB
MemTotal:        1844596 kB
MemFree:           79188 kB
MemAvailable:    1362732 kB
Buffers:           97588 kB
Cached:          1208808 kB
MemTotal:        1844596 kB
MemFree:           79096 kB
MemAvailable:    1362640 kB
Buffers:           97588 kB
Cached:          1208808 kB
MemTotal:        1844596 kB
MemFree:           77608 kB
MemAvailable:    1361152 kB
Buffers:           97588 kB
Cached:          1208808 kB
MemTotal:        1844596 kB
MemFree:           78848 kB
MemAvailable:    1362392 kB
Buffers:           97588 kB
Cached:          1208808 kB
MemTotal:        1844596 kB
MemFree:           78004 kB
MemAvailable:    1361548 kB
Buffers:           97588 kB
Cached:          1208808 kB
MemTotal:        1844596 kB
MemFree:           78860 kB
MemAvailable:    1362404 kB
Buffers:           97588 kB
Cached:          1208808 kB
MemTotal:        1844596 kB
MemFree:           77696 kB
MemAvailable:    1361240 kB
Buffers:           97588 kB
Cached:          1208808 kB
MemTotal:        1844596 kB
MemFree:           77484 kB
MemAvailable:    1361028 kB
Buffers:           97588 kB
Cached:          1208808 kB
MemTotal:        1844596 kB
MemFree:           78884 kB
MemAvailable:    1362432 kB
Buffers:           97588 kB
Cached:          1208812 kB
MemTotal:        1844596 kB
MemFree:           78944 kB
MemAvailable:    1362492 kB
Buffers:           97588 kB
Cached:          1208812 kB
MemTotal:        1844596 kB
MemFree:           77828 kB
MemAvailable:    1361376 kB
Buffers:           97588 kB
Cached:          1208812 kB
MemTotal:        1844596 kB
MemFree:           78624 kB
MemAvailable:    1362172 kB
Buffers:           97588 kB
Cached:          1208812 kB
MemTotal:        1844596 kB
MemFree:           78252 kB
MemAvailable:    1361800 kB
Buffers:           97588 kB
Cached:          1208812 kB
MemTotal:        1844596 kB
MemFree:           71812 kB
MemAvailable:    1355360 kB
Buffers:           97588 kB
Cached:          1208812 kB
MemTotal:        1844596 kB
MemFree:           69652 kB
MemAvailable:    1353200 kB
Buffers:           97588 kB
Cached:          1208812 kB
MemTotal:        1844596 kB
MemFree:           67904 kB
MemAvailable:    1351452 kB
Buffers:           97588 kB
Cached:          1208812 kB
MemTotal:        1844596 kB
MemFree:           67636 kB
MemAvailable:    1351184 kB
Buffers:           97588 kB
Cached:          1208812 kB
MemTotal:        1844596 kB
MemFree:           69180 kB
MemAvailable:    1352728 kB
Buffers:           97588 kB
Cached:          1208812 kB
MemTotal:        1844596 kB
MemFree:           68812 kB
MemAvailable:    1352360 kB
Buffers:           97588 kB
Cached:          1208812 kB
MemTotal:        1844596 kB
MemFree:           66572 kB
MemAvailable:    1350120 kB
Buffers:           97588 kB
Cached:          1208812 kB
MemTotal:        1844596 kB
MemFree:           66184 kB
MemAvailable:    1349732 kB
Buffers:           97588 kB
Cached:          1208812 kB
MemTotal:        1844596 kB
MemFree:           66416 kB
MemAvailable:    1349964 kB
Buffers:           97588 kB
Cached:          1208812 kB
MemTotal:        1844596 kB
MemFree:           66396 kB
MemAvailable:    1349944 kB
Buffers:           97588 kB
Cached:          1208812 kB
MemTotal:        1844596 kB
MemFree:           66276 kB
MemAvailable:    1349824 kB
Buffers:           97588 kB
Cached:          1208812 kB
MemTotal:        1844596 kB
MemFree:           66368 kB
MemAvailable:    1350084 kB
Buffers:           97588 kB
Cached:          1208936 kB
MemTotal:        1844596 kB
MemFree:           65356 kB
MemAvailable:    1349156 kB
Buffers:           97588 kB
Cached:          1209060 kB
MemTotal:        1844596 kB
MemFree:           64916 kB
MemAvailable:    1348800 kB
Buffers:           97588 kB
Cached:          1209184 kB
MemTotal:        1844596 kB
MemFree:           65892 kB
MemAvailable:    1349944 kB
Buffers:           97588 kB
Cached:          1209432 kB
MemTotal:        1844596 kB
MemFree:           64512 kB
MemAvailable:    1348648 kB
Buffers:           97588 kB
Cached:          1209432 kB
MemTotal:        1844596 kB
MemFree:           66164 kB
MemAvailable:    1350300 kB
Buffers:           97588 kB
Cached:          1209432 kB
MemTotal:        1844596 kB
MemFree:           65984 kB
MemAvailable:    1350204 kB
Buffers:           97588 kB
Cached:          1209432 kB
MemTotal:        1844596 kB
MemFree:           65684 kB
MemAvailable:    1349904 kB
Buffers:           97588 kB
Cached:          1209432 kB
MemTotal:        1844596 kB
MemFree:           65560 kB
MemAvailable:    1349780 kB
Buffers:           97588 kB
Cached:          1209432 kB
MemTotal:        1844596 kB
MemFree:           65868 kB
MemAvailable:    1350088 kB
Buffers:           97588 kB
Cached:          1209432 kB
MemTotal:        1844596 kB
MemFree:           64636 kB
MemAvailable:    1348856 kB
Buffers:           97588 kB
Cached:          1209432 kB
MemTotal:        1844596 kB
MemFree:           64828 kB
MemAvailable:    1349048 kB
Buffers:           97588 kB
Cached:          1209432 kB
MemTotal:        1844596 kB
MemFree:           66308 kB
MemAvailable:    1349940 kB
Buffers:           97588 kB
Cached:          1208800 kB
MemTotal:        1844596 kB
MemFree:           66324 kB
MemAvailable:    1349956 kB
Buffers:           97588 kB
Cached:          1208800 kB
MemTotal:        1844596 kB
MemFree:          104052 kB
MemAvailable:    1387684 kB
Buffers:           97588 kB
Cached:          1208800 kB
MemTotal:        1844596 kB
MemFree:          183000 kB
MemAvailable:    1466632 kB
Buffers:           97588 kB
Cached:          1208800 kB
MemTotal:        1844596 kB
MemFree:          259904 kB
MemAvailable:    1543536 kB
Buffers:           97588 kB
Cached:          1208800 kB
