MemTotal:        1844596 kB
MemFree:          314084 kB
MemAvailable:    1546092 kB
Buffers:           92592 kB
Cached:          1168076 kB
MemTotal:        1844596 kB
MemFree:          284960 kB
MemAvailable:    1516972 kB
Buffers:           92592 kB
Cached:          1168080 kB
MemTotal:        1844596 kB
MemFree:          284472 kB
MemAvailable:    1516484 kB
Buffers:           92592 kB
Cached:          1168080 kB
MemTotal:        1844596 kB
MemFree:          282596 kB
MemAvailable:    1514608 kB
Buffers:           92592 kB
Cached:          1168080 kB
MemTotal:        1844596 kB
MemFree:          282116 kB
MemAvailable:    1514128 kB
Buffers:           92592 kB
Cached:          1168080 kB
MemTotal:        1844596 kB
MemFree:          282652 kB
MemAvailable:    1514664 kB
Buffers:           92592 kB
Cached:          1168080 kB
MemTotal:        1844596 kB
MemFree:          281436 kB
MemAvailable:    1513448 kB
Buffers:           92592 kB
Cached:          1168080 kB
MemTotal:        1844596 kB
MemFree:          278520 kB
MemAvailable:    1510532 kB
Buffers:           92592 kB
Cached:          1168080 kB
MemTotal:        1844596 kB
MemFree:          276412 kB
MemAvailable:    1508424 kB
Buffers:           92592 kB
Cached:          1168080 kB
MemTotal:        1844596 kB
MemFree:          273312 kB
MemAvailable:    1505324 kB
Buffers:           92592 kB
Cached:          1168080 kB
MemTotal:        1844596 kB
MemFree:          272752 kB
MemAvailable:    1504764 kB
Buffers:           92592 kB
Cached:          1168080 kB
MemTotal:        1844596 kB
MemFree:          272072 kB
MemAvailable:    1504084 kB
Buffers:           92592 kB
Cached:          1168080 kB
MemTotal:        1844596 kB
MemFree:          272776 kB
MemAvailable:    1504788 kB
Buffers:           92592 kB
Cached:          1168080 kB
MemTotal:        1844596 kB
MemFree:          272876 kB
MemAvailable:    1504888 kB
Buffers:           92592 kB
Cached:          1168080 kB
MemTotal:        1844596 kB
MemFree:          272504 kB
MemAvailable:    1504516 kB
Buffers:           92592 kB
Cached:          1168080 kB
MemTotal:        1844596 kB
MemFree:          272196 kB
MemAvailable:    1504208 kB
Buffers:           92592 kB
Cached:          1168080 kB
MemTotal:        1844596 kB
MemFree:          272264 kB
MemAvailable:    1504276 kB
Buffers:           92592 kB
Cached:          1168080 kB
MemTotal:        1844596 kB
MemFree:          272124 kB
MemAvailable:    1504136 kB
Buffers:           92592 kB
Cached:          1168080 kB
MemTotal:        1844596 kB
MemFree:          271520 kB
MemAvailable:    1503532 kB
Buffers:           92592 kB
Cached:          1168080 kB
MemTotal:        1844596 kB
MemFree:          272156 kB
MemAvailable:    1504168 kB
Buffers:           92592 kB
Cached:          1168080 kB
MemTotal:        1844596 kB
MemFree:          271948 kB
MemAvailable:    1503960 kB
Buffers:           92592 kB
Cached:          1168080 kB
MemTotal:        1844596 kB
MemFree:          270816 kB
MemAvailable:    1502828 kB
Buffers:           92592 kB
Cached:          1168080 kB
MemTotal:        1844596 kB
MemFree:          270940 kB
MemAvailable:    1502952 kB
Buffers:           92592 kB
Cached:          1168080 kB
MemTotal:        1844596 kB
MemFree:          271512 kB
MemAvailable:    1503524 kB
Buffers:           92592 kB
Cached:          1168080 kB
MemTotal:        1844596 kB
MemFree:          271180 kB
MemAvailable:    1503192 kB
Buffers:           92592 kB
Cached:          1168080 kB
MemTotal:        1844596 kB
MemFree:          271516 kB
MemAvailable:    1503528 kB
Buffers:           92592 kB
Cached:          1168080 kB
MemTotal:        1844596 kB
MemFree:          270956 kB
MemAvailable:    1502968 kB
Buffers:           92592 kB
Cached:          1168080 kB
MemTotal:        1844596 kB
MemFree:          269972 kB
MemAvailable:    1501984 kB
Buffers:           92592 kB
Cached:          1168080 kB
MemTotal:        1844596 kB
MemFree:          270620 kB
MemAvailable:    1502632 kB
Buffers:           92592 kB
Cached:          1168080 kB
MemTotal:        1844596 kB
MemFree:          268980 kB
MemAvailable:    1500992 kB
Buffers:           92592 kB
Cached:          1168080 kB
MemTotal:        1844596 kB
MemFree:          269832 kB
MemAvailable:    1501848 kB
Buffers:           92592 kB
Cached:          1168084 kB
MemTotal:        1844596 kB
MemFree:          270088 kB
MemAvailable:    1502104 kB
Buffers:           92592 kB
Cached:          1168084 kB
MemTotal:        1844596 kB
MemFree:          269700 kB
MemAvailable:    1501716 kB
Buffers:           92592 kB
Cached:          1168084 kB
MemTotal:        1844596 kB
MemFree:          269952 kB
MemAvailable:    1501968 kB
Buffers:           92592 kB
Cached:          1168084 kB
MemTotal:        1844596 kB
MemFree:          269676 kB
MemAvailable:    1501692 kB
Buffers:           92592 kB
Cached:          1168084 kB
MemTotal:        1844596 kB
MemFree:          268476 kB
MemAvailable:    1500492 kB
Buffers:           92592 kB
Cached:          1168084 kB
MemTotal:        1844596 kB
MemFree:          269576 kB
MemAvailable:    1501592 kB
Buffers:           92592 kB
Cached:          1168084 kB
MemTotal:        1844596 kB
MemFree:          269560 kB
MemAvailable:    1501576 kB
Buffers:           92592 kB
Cached:          1168084 kB
MemTotal:        1844596 kB
MemFree:          271000 kB
MemAvailable:    1503016 kB
Buffers:           92592 kB
Cached:          1168084 kB
MemTotal:        1844596 kB
MemFree:          267716 kB
MemAvailable:    1499732 kB
Buffers:           92592 kB
Cached:          1168084 kB
MemTotal:        1844596 kB
MemFree:          267716 kB
MemAvailable:    1499732 kB
Buffers:           92592 kB
Cached:          1168084 kB
MemTotal:        1844596 kB
MemFree:          264632 kB
MemAvailable:    1496648 kB
Buffers:           92592 kB
Cached:          1168084 kB
MemTotal:        1844596 kB
MemFree:          266056 kB
MemAvailable:    1498072 kB
Buffers:           92592 kB
Cached:          1168084 kB
MemTotal:        1844596 kB
MemFree:          264748 kB
MemAvailable:    1496764 kB
Buffers:           92592 kB
Cached:          1168084 kB
MemTotal:        1844596 kB
MemFree:          266112 kB
MemAvailable:    1498128 kB
Buffers:           92592 kB
Cached:          1168084 kB
MemTotal:        1844596 kB
MemFree:          265988 kB
MemAvailable:    1498004 kB
Buffers:           92592 kB
Cached:          1168084 kB
MemTotal:        1844596 kB
MemFree:          265920 kB
MemAvailable:    1497936 kB
Buffers:           92592 kB
Cached:          1168084 kB
MemTotal:        1844596 kB
MemFree:          264516 kB
MemAvailable:    1496532 kB
Buffers:           92592 kB
Cached:          1168084 kB
MemTotal:        1844596 kB
MemFree:          265104 kB
MemAvailable:    1497120 kB
Buffers:           92592 kB
Cached:          1168084 kB
MemTotal:        1844596 kB
MemFree:          265188 kB
MemAvailable:    1497204 kB
Buffers:           92592 kB
Cached:          1168084 kB
MemTotal:        1844596 kB
MemFree:          263956 kB
MemAvailable:    1495972 kB
Buffers:           92592 kB
Cached:          1168084 kB
MemTotal:        1844596 kB
MemFree:          265316 kB
MemAvailable:    1497332 kB
Buffers:           92592 kB
Cached:          1168084 kB
MemTotal:        1844596 kB
MemFree:          264260 kB
MemAvailable:    1496276 kB
Buffers:           92592 kB
Cached:          1168084 kB
MemTotal:        1844596 kB
MemFree:          265180 kB
MemAvailable:    1497196 kB
Buffers:           92592 kB
Cached:          1168084 kB
MemTotal:        1844596 kB
MemFree:          265312 kB
MemAvailable:    1497328 kB
Buffers:           92592 kB
Cached:          1168084 kB
MemTotal:        1844596 kB
MemFree:          263004 kB
MemAvailable:    1495020 kB
Buffers:           92592 kB
Cached:          1168084 kB
MemTotal:        1844596 kB
MemFree:          262844 kB
MemAvailable:    1494860 kB
Buffers:           92592 kB
Cached:          1168084 kB
MemTotal:        1844596 kB
MemFree:          258300 kB
MemAvailable:    1490316 kB
Buffers:           92592 kB
Cached:          1168084 kB
MemTotal:        1844596 kB
MemFree:          258044 kB
MemAvailable:    1490060 kB
Buffers:           92592 kB
Cached:          1168084 kB
MemTotal:        1844596 kB
MemFree:          258788 kB
MemAvailable:    1490804 kB
Buffers:           92592 kB
Cached:          1168084 kB
MemTotal:        1844596 kB
MemFree:          258788 kB
MemAvailable:    1490804 kB
Buffers:           92592 kB
Cached:          1168084 kB
MemTotal:        1844596 kB
MemFree:          256324 kB
MemAvailable:    1488340 kB
Buffers:           92592 kB
Cached:          1168084 kB
MemTotal:        1844596 kB
MemFree:          257152 kB
MemAvailable:    1489168 kB
Buffers:           92592 kB
Cached:          1168084 kB
MemTotal:        1844596 kB
MemFree:          257004 kB
MemAvailable:    1489020 kB
Buffers:           92592 kB
Cached:          1168084 kB
MemTotal:        1844596 kB
MemFree:          257040 kB
MemAvailable:    1489056 kB
Buffers:           92592 kB
Cached:          1168084 kB
MemTotal:        1844596 kB
MemFree:          256928 kB
MemAvailable:    1488944 kB
Buffers:           92592 kB
Cached:          1168084 kB
MemTotal:        1844596 kB
MemFree:          256416 kB
MemAvailable:    1488432 kB
Buffers:           92592 kB
Cached:          1168084 kB
MemTotal:        1844596 kB
MemFree:          256200 kB
MemAvailable:    1488216 kB
Buffers:           92592 kB
Cached:          1168084 kB
MemTotal:        1844596 kB
MemFree:          256436 kB
MemAvailable:    1488452 kB
Buffers:           92592 kB
Cached:          1168084 kB
MemTotal:        1844596 kB
MemFree:          256308 kB
MemAvailable:    1488324 kB
Buffers:           92592 kB
Cached:          1168084 kB
MemTotal:        1844596 kB
MemFree:          256560 kB
MemAvailable:    1488576 kB
Buffers:           92592 kB
Cached:          1168084 kB
MemTotal:        1844596 kB
MemFree:          256488 kB
MemAvailable:    1488504 kB
Buffers:           92592 kB
Cached:          1168084 kB
MemTotal:        1844596 kB
MemFree:          256448 kB
MemAvailable:    1488464 kB
Buffers:           92592 kB
Cached:          1168084 kB
MemTotal:        1844596 kB
MemFree:          255704 kB
MemAvailable:    1487720 kB
Buffers:           92592 kB
Cached:          1168084 kB
MemTotal:        1844596 kB
MemFree:          256296 kB
MemAvailable:    1488312 kB
Buffers:           92592 kB
Cached:          1168084 kB
MemTotal:        1844596 kB
MemFree:          256548 kB
MemAvailable:    1488564 kB
Buffers:           92592 kB
Cached:          1168084 kB
MemTotal:        1844596 kB
MemFree:          256124 kB
MemAvailable:    1488140 kB
Buffers:           92592 kB
Cached:          1168084 kB
MemTotal:        1844596 kB
MemFree:          256200 kB
MemAvailable:    1488216 kB
Buffers:           92592 kB
Cached:          1168084 kB
MemTotal:        1844596 kB
MemFree:          256240 kB
MemAvailable:    1488256 kB
Buffers:           92592 kB
Cached:          1168084 kB
MemTotal:        1844596 kB
MemFree:          256260 kB
MemAvailable:    1488276 kB
Buffers:           92592 kB
Cached:          1168084 kB
MemTotal:        1844596 kB
MemFree:          256192 kB
MemAvailable:    1488208 kB
Buffers:           92592 kB
Cached:          1168084 kB
MemTotal:        1844596 kB
MemFree:          254712 kB
MemAvailable:    1486728 kB
Buffers:           92592 kB
Cached:          1168084 kB
MemTotal:        1844596 kB
MemFree:          251920 kB
MemAvailable:    1483936 kB
Buffers:           92592 kB
Cached:          1168084 kB
MemTotal:        1844596 kB
MemFree:          250752 kB
MemAvailable:    1482768 kB
Buffers:           92592 kB
Cached:          1168084 kB
MemTotal:        1844596 kB
MemFree:          248688 kB
MemAvailable:    1480704 kB
Buffers:           92592 kB
Cached:          1168084 kB
MemTotal:        1844596 kB
MemFree:          248224 kB
MemAvailable:    1480240 kB
Buffers:           92592 kB
Cached:          1168084 kB
MemTotal:        1844596 kB
MemFree:          246900 kB
MemAvailable:    1478916 kB
Buffers:           92592 kB
Cached:          1168084 kB
MemTotal:        1844596 kB
MemFree:          247712 kB
MemAvailable:    1479732 kB
Buffers:           92592 kB
Cached:          1168088 kB
MemTotal:        1844596 kB
MemFree:          248048 kB
MemAvailable:    1480068 kB
Buffers:           92592 kB
Cached:          1168088 kB
MemTotal:        1844596 kB
MemFree:          247208 kB
MemAvailable:    1479228 kB
Buffers:           92592 kB
Cached:          1168088 kB
MemTotal:        1844596 kB
MemFree:          246004 kB
MemAvailable:    1478024 kB
Buffers:           92592 kB
Cached:          1168088 kB
MemTotal:        1844596 kB
MemFree:          246124 kB
MemAvailable:    1478144 kB
Buffers:           92592 kB
Cached:          1168088 kB
MemTotal:        1844596 kB
MemFree:          247432 kB
MemAvailable:    1479452 kB
Buffers:           92592 kB
Cached:          1168088 kB
MemTotal:        1844596 kB
MemFree:          246456 kB
MemAvailable:    1478476 kB
Buffers:           92592 kB
Cached:          1168088 kB
MemTotal:        1844596 kB
MemFree:          246208 kB
MemAvailable:    1478228 kB
Buffers:           92592 kB
Cached:          1168088 kB
MemTotal:        1844596 kB
MemFree:          247636 kB
MemAvailable:    1479656 kB
Buffers:           92592 kB
Cached:          1168088 kB
MemTotal:        1844596 kB
MemFree:          246244 kB
MemAvailable:    1478264 kB
Buffers:           92592 kB
Cached:          1168088 kB
MemTotal:        1844596 kB
MemFree:          247436 kB
MemAvailable:    1479456 kB
Buffers:           92592 kB
Cached:          1168088 kB
MemTotal:        1844596 kB
MemFree:          247776 kB
MemAvailable:    1479796 kB
Buffers:           92592 kB
Cached:          1168088 kB
MemTotal:        1844596 kB
MemFree:          246232 kB
MemAvailable:    1478252 kB
Buffers:           92592 kB
Cached:          1168088 kB
MemTotal:        1844596 kB
MemFree:          247472 kB
MemAvailable:    1479492 kB
Buffers:           92592 kB
Cached:          1168088 kB
MemTotal:        1844596 kB
MemFree:          247612 kB
MemAvailable:    1479632 kB
Buffers:           92592 kB
Cached:          1168088 kB
MemTotal:        1844596 kB
MemFree:          246396 kB
MemAvailable:    1478416 kB
Buffers:           92592 kB
Cached:          1168088 kB
MemTotal:        1844596 kB
MemFree:          247396 kB
MemAvailable:    1479416 kB
Buffers:           92592 kB
Cached:          1168088 kB
MemTotal:        1844596 kB
MemFree:          246232 kB
MemAvailable:    1478252 kB
Buffers:           92592 kB
Cached:          1168088 kB
MemTotal:        1844596 kB
MemFree:          246232 kB
MemAvailable:    1478256 kB
Buffers:           92592 kB
Cached:          1168092 kB
MemTotal:        1844596 kB
MemFree:          247468 kB
MemAvailable:    1479492 kB
Buffers:           92592 kB
Cached:          1168092 kB
MemTotal:        1844596 kB
MemFree:          247708 kB
MemAvailable:    1479732 kB
Buffers:           92592 kB
Cached:          1168092 kB
MemTotal:        1844596 kB
MemFree:          246100 kB
MemAvailable:    1478124 kB
Buffers:           92592 kB
Cached:          1168092 kB
MemTotal:        1844596 kB
MemFree:          246232 kB
MemAvailable:    1478256 kB
Buffers:           92592 kB
Cached:          1168092 kB
MemTotal:        1844596 kB
MemFree:          246528 kB
MemAvailable:    1478552 kB
Buffers:           92592 kB
Cached:          1168092 kB
MemTotal:        1844596 kB
MemFree:          243552 kB
MemAvailable:    1475576 kB
Buffers:           92592 kB
Cached:          1168092 kB
MemTotal:        1844596 kB
MemFree:          240080 kB
MemAvailable:    1472104 kB
Buffers:           92592 kB
Cached:          1168092 kB
MemTotal:        1844596 kB
MemFree:          237972 kB
MemAvailable:    1469996 kB
Buffers:           92592 kB
Cached:          1168092 kB
MemTotal:        1844596 kB
MemFree:          237228 kB
MemAvailable:    1469252 kB
Buffers:           92592 kB
Cached:          1168092 kB
MemTotal:        1844596 kB
MemFree:          238404 kB
MemAvailable:    1470428 kB
Buffers:           92592 kB
Cached:          1168092 kB
MemTotal:        1844596 kB
MemFree:          237352 kB
MemAvailable:    1469376 kB
Buffers:           92592 kB
Cached:          1168092 kB
MemTotal:        1844596 kB
MemFree:          237088 kB
MemAvailable:    1469112 kB
Buffers:           92592 kB
Cached:          1168092 kB
MemTotal:        1844596 kB
MemFree:          237300 kB
MemAvailable:    1469324 kB
Buffers:           92592 kB
Cached:          1168092 kB
MemTotal:        1844596 kB
MemFree:          236104 kB
MemAvailable:    1468128 kB
Buffers:           92592 kB
Cached:          1168092 kB
MemTotal:        1844596 kB
MemFree:          235872 kB
MemAvailable:    1467896 kB
Buffers:           92592 kB
Cached:          1168092 kB
MemTotal:        1844596 kB
MemFree:          235600 kB
MemAvailable:    1467624 kB
Buffers:           92592 kB
Cached:          1168092 kB
MemTotal:        1844596 kB
MemFree:          235376 kB
MemAvailable:    1467400 kB
Buffers:           92592 kB
Cached:          1168092 kB
MemTotal:        1844596 kB
MemFree:          235484 kB
MemAvailable:    1467508 kB
Buffers:           92592 kB
Cached:          1168092 kB
MemTotal:        1844596 kB
MemFree:          235752 kB
MemAvailable:    1467776 kB
Buffers:           92592 kB
Cached:          1168092 kB
MemTotal:        1844596 kB
MemFree:          234872 kB
MemAvailable:    1466896 kB
Buffers:           92592 kB
Cached:          1168092 kB
MemTotal:        1844596 kB
MemFree:          235864 kB
MemAvailable:    1467892 kB
Buffers:           92592 kB
Cached:          1168096 kB
MemTotal:        1844596 kB
MemFree:          234492 kB
MemAvailable:    1466520 kB
Buffers:           92592 kB
Cached:          1168096 kB
MemTotal:        1844596 kB
MemFree:          234484 kB
MemAvailable:    1466512 kB
Buffers:           92592 kB
Cached:          1168096 kB
MemTotal:        1844596 kB
MemFree:          235620 kB
MemAvailable:    1467648 kB
Buffers:           92592 kB
Cached:          1168096 kB
MemTotal:        1844596 kB
MemFree:          234560 kB
MemAvailable:    1466588 kB
Buffers:           92592 kB
Cached:          1168096 kB
MemTotal:        1844596 kB
MemFree:          234436 kB
MemAvailable:    1466464 kB
Buffers:           92592 kB
Cached:          1168096 kB
MemTotal:        1844596 kB
MemFree:          234308 kB
MemAvailable:    1466336 kB
Buffers:           92592 kB
Cached:          1168096 kB
MemTotal:        1844596 kB
MemFree:          235452 kB
MemAvailable:    1467480 kB
Buffers:           92592 kB
Cached:          1168096 kB
MemTotal:        1844596 kB
MemFree:          235536 kB
MemAvailable:    1467564 kB
Buffers:           92592 kB
Cached:          1168096 kB
MemTotal:        1844596 kB
MemFree:          235764 kB
MemAvailable:    1467792 kB
Buffers:           92592 kB
Cached:          1168096 kB
MemTotal:        1844596 kB
MemFree:          234080 kB
MemAvailable:    1466108 kB
Buffers:           92592 kB
Cached:          1168096 kB
MemTotal:        1844596 kB
MemFree:          235676 kB
MemAvailable:    1467704 kB
Buffers:           92592 kB
Cached:          1168096 kB
MemTotal:        1844596 kB
MemFree:          234460 kB
MemAvailable:    1466488 kB
Buffers:           92592 kB
Cached:          1168096 kB
MemTotal:        1844596 kB
MemFree:          234452 kB
MemAvailable:    1466480 kB
Buffers:           92592 kB
Cached:          1168096 kB
MemTotal:        1844596 kB
MemFree:          235476 kB
MemAvailable:    1467504 kB
Buffers:           92592 kB
Cached:          1168096 kB
MemTotal:        1844596 kB
MemFree:          235368 kB
MemAvailable:    1467396 kB
Buffers:           92592 kB
Cached:          1168096 kB
MemTotal:        1844596 kB
MemFree:          235604 kB
MemAvailable:    1467632 kB
Buffers:           92592 kB
Cached:          1168096 kB
MemTotal:        1844596 kB
MemFree:          234480 kB
MemAvailable:    1466508 kB
Buffers:           92592 kB
Cached:          1168096 kB
MemTotal:        1844596 kB
MemFree:          234440 kB
MemAvailable:    1466468 kB
Buffers:           92592 kB
Cached:          1168096 kB
MemTotal:        1844596 kB
MemFree:          234212 kB
MemAvailable:    1466240 kB
Buffers:           92592 kB
Cached:          1168096 kB
MemTotal:        1844596 kB
MemFree:          235636 kB
MemAvailable:    1467664 kB
Buffers:           92592 kB
Cached:          1168096 kB
MemTotal:        1844596 kB
MemFree:          235600 kB
MemAvailable:    1467628 kB
Buffers:           92592 kB
Cached:          1168096 kB
MemTotal:        1844596 kB
MemFree:          235852 kB
MemAvailable:    1467880 kB
Buffers:           92592 kB
Cached:          1168096 kB
MemTotal:        1844596 kB
MemFree:          234360 kB
MemAvailable:    1466388 kB
Buffers:           92592 kB
Cached:          1168096 kB
MemTotal:        1844596 kB
MemFree:          234360 kB
MemAvailable:    1466388 kB
Buffers:           92592 kB
Cached:          1168096 kB
MemTotal:        1844596 kB
MemFree:          235620 kB
MemAvailable:    1467648 kB
Buffers:           92592 kB
Cached:          1168096 kB
MemTotal:        1844596 kB
MemFree:          235552 kB
MemAvailable:    1467580 kB
Buffers:           92592 kB
Cached:          1168096 kB
MemTotal:        1844596 kB
MemFree:          235776 kB
MemAvailable:    1467804 kB
Buffers:           92592 kB
Cached:          1168096 kB
MemTotal:        1844596 kB
MemFree:          235804 kB
MemAvailable:    1467832 kB
Buffers:           92592 kB
Cached:          1168096 kB
MemTotal:        1844596 kB
MemFree:          235592 kB
MemAvailable:    1467620 kB
Buffers:           92592 kB
Cached:          1168096 kB
MemTotal:        1844596 kB
MemFree:          234344 kB
MemAvailable:    1466372 kB
Buffers:           92592 kB
Cached:          1168096 kB
MemTotal:        1844596 kB
MemFree:          235604 kB
MemAvailable:    1467632 kB
Buffers:           92592 kB
Cached:          1168096 kB
MemTotal:        1844596 kB
MemFree:          234296 kB
MemAvailable:    1466324 kB
Buffers:           92592 kB
Cached:          1168096 kB
MemTotal:        1844596 kB
MemFree:          235564 kB
MemAvailable:    1467592 kB
Buffers:           92592 kB
Cached:          1168096 kB
MemTotal:        1844596 kB
MemFree:          235816 kB
MemAvailable:    1467844 kB
Buffers:           92592 kB
Cached:          1168096 kB
MemTotal:        1844596 kB
MemFree:          235560 kB
MemAvailable:    1467588 kB
Buffers:           92592 kB
Cached:          1168096 kB
MemTotal:        1844596 kB
MemFree:          235416 kB
MemAvailable:    1467444 kB
Buffers:           92592 kB
Cached:          1168096 kB
MemTotal:        1844596 kB
MemFree:          235668 kB
MemAvailable:    1467696 kB
Buffers:           92592 kB
Cached:          1168096 kB
MemTotal:        1844596 kB
MemFree:          234364 kB
MemAvailable:    1466392 kB
Buffers:           92592 kB
Cached:          1168096 kB
MemTotal:        1844596 kB
MemFree:          235464 kB
MemAvailable:    1467492 kB
Buffers:           92592 kB
Cached:          1168096 kB
MemTotal:        1844596 kB
MemFree:          235548 kB
MemAvailable:    1467576 kB
Buffers:           92592 kB
Cached:          1168096 kB
MemTotal:        1844596 kB
MemFree:          235228 kB
MemAvailable:    1467256 kB
Buffers:           92592 kB
Cached:          1168096 kB
MemTotal:        1844596 kB
MemFree:          235216 kB
MemAvailable:    1467244 kB
Buffers:           92592 kB
Cached:          1168096 kB
MemTotal:        1844596 kB
MemFree:          235216 kB
MemAvailable:    1467244 kB
Buffers:           92592 kB
Cached:          1168096 kB
MemTotal:        1844596 kB
MemFree:          235196 kB
MemAvailable:    1467224 kB
Buffers:           92592 kB
Cached:          1168096 kB
MemTotal:        1844596 kB
MemFree:          235168 kB
MemAvailable:    1467196 kB
Buffers:           92592 kB
Cached:          1168096 kB
MemTotal:        1844596 kB
MemFree:          234252 kB
MemAvailable:    1466280 kB
Buffers:           92592 kB
Cached:          1168096 kB
MemTotal:        1844596 kB
MemFree:          235452 kB
MemAvailable:    1467484 kB
Buffers:           92592 kB
Cached:          1168100 kB
MemTotal:        1844596 kB
MemFree:          234128 kB
MemAvailable:    1466160 kB
Buffers:           92592 kB
Cached:          1168100 kB
MemTotal:        1844596 kB
MemFree:          234824 kB
MemAvailable:    1466856 kB
Buffers:           92592 kB
Cached:          1168100 kB
MemTotal:        1844596 kB
MemFree:          234296 kB
MemAvailable:    1466328 kB
Buffers:           92592 kB
Cached:          1168100 kB
MemTotal:        1844596 kB
MemFree:          234908 kB
MemAvailable:    1466940 kB
Buffers:           92592 kB
Cached:          1168100 kB
MemTotal:        1844596 kB
MemFree:          235080 kB
MemAvailable:    1467112 kB
Buffers:           92592 kB
Cached:          1168100 kB
MemTotal:        1844596 kB
MemFree:          233624 kB
MemAvailable:    1465656 kB
Buffers:           92592 kB
Cached:          1168100 kB
MemTotal:        1844596 kB
MemFree:          233624 kB
MemAvailable:    1465656 kB
Buffers:           92592 kB
Cached:          1168100 kB
MemTotal:        1844596 kB
MemFree:          234608 kB
MemAvailable:    1466644 kB
Buffers:           92592 kB
Cached:          1168104 kB
MemTotal:        1844596 kB
MemFree:          234692 kB
MemAvailable:    1466728 kB
Buffers:           92592 kB
Cached:          1168104 kB
MemTotal:        1844596 kB
MemFree:          234116 kB
MemAvailable:    1466152 kB
Buffers:           92592 kB
Cached:          1168104 kB
MemTotal:        1844596 kB
MemFree:          234600 kB
MemAvailable:    1466636 kB
Buffers:           92592 kB
Cached:          1168104 kB
MemTotal:        1844596 kB
MemFree:          234828 kB
MemAvailable:    1466864 kB
Buffers:           92592 kB
Cached:          1168104 kB
MemTotal:        1844596 kB
MemFree:          234576 kB
MemAvailable:    1466612 kB
Buffers:           92592 kB
Cached:          1168104 kB
MemTotal:        1844596 kB
MemFree:          233456 kB
MemAvailable:    1465492 kB
Buffers:           92592 kB
Cached:          1168104 kB
MemTotal:        1844596 kB
MemFree:          233200 kB
MemAvailable:    1465236 kB
Buffers:           92592 kB
Cached:          1168104 kB
MemTotal:        1844596 kB
MemFree:          234752 kB
MemAvailable:    1466788 kB
Buffers:           92592 kB
Cached:          1168104 kB
MemTotal:        1844596 kB
MemFree:          232740 kB
MemAvailable:    1464776 kB
Buffers:           92592 kB
Cached:          1168104 kB
MemTotal:        1844596 kB
MemFree:          234476 kB
MemAvailable:    1466512 kB
Buffers:           92592 kB
Cached:          1168104 kB
MemTotal:        1844596 kB
MemFree:          233336 kB
MemAvailable:    1465372 kB
Buffers:           92592 kB
Cached:          1168104 kB
MemTotal:        1844596 kB
MemFree:          233128 kB
MemAvailable:    1465164 kB
Buffers:           92592 kB
Cached:          1168104 kB
MemTotal:        1844596 kB
MemFree:          233128 kB
MemAvailable:    1465164 kB
Buffers:           92592 kB
Cached:          1168104 kB
MemTotal:        1844596 kB
MemFree:          227972 kB
MemAvailable:    1460008 kB
Buffers:           92592 kB
Cached:          1168104 kB
MemTotal:        1844596 kB
MemFree:          224144 kB
MemAvailable:    1456180 kB
Buffers:           92592 kB
Cached:          1168104 kB
MemTotal:        1844596 kB
MemFree:          222836 kB
MemAvailable:    1454872 kB
Buffers:           92592 kB
Cached:          1168104 kB
MemTotal:        1844596 kB
MemFree:          222836 kB
MemAvailable:    1454872 kB
Buffers:           92592 kB
Cached:          1168104 kB
MemTotal:        1844596 kB
MemFree:          223808 kB
MemAvailable:    1455844 kB
Buffers:           92592 kB
Cached:          1168104 kB
MemTotal:        1844596 kB
MemFree:          223704 kB
MemAvailable:    1455740 kB
Buffers:           92592 kB
Cached:          1168104 kB
MemTotal:        1844596 kB
MemFree:          223516 kB
MemAvailable:    1455552 kB
Buffers:           92592 kB
Cached:          1168104 kB
MemTotal:        1844596 kB
MemFree:          222332 kB
MemAvailable:    1454368 kB
Buffers:           92592 kB
Cached:          1168104 kB
MemTotal:        1844596 kB
MemFree:          221604 kB
MemAvailable:    1453640 kB
Buffers:           92592 kB
Cached:          1168104 kB
MemTotal:        1844596 kB
MemFree:          221548 kB
MemAvailable:    1453584 kB
Buffers:           92592 kB
Cached:          1168104 kB
MemTotal:        1844596 kB
MemFree:          221604 kB
MemAvailable:    1453640 kB
Buffers:           92592 kB
Cached:          1168104 kB
MemTotal:        1844596 kB
MemFree:          221416 kB
MemAvailable:    1453452 kB
Buffers:           92592 kB
Cached:          1168104 kB
MemTotal:        1844596 kB
MemFree:          221160 kB
MemAvailable:    1453196 kB
Buffers:           92592 kB
Cached:          1168104 kB
MemTotal:        1844596 kB
MemFree:          219812 kB
MemAvailable:    1451848 kB
Buffers:           92592 kB
Cached:          1168104 kB
MemTotal:        1844596 kB
MemFree:          221088 kB
MemAvailable:    1453124 kB
Buffers:           92592 kB
Cached:          1168104 kB
MemTotal:        1844596 kB
MemFree:          221088 kB
MemAvailable:    1453124 kB
Buffers:           92592 kB
Cached:          1168104 kB
MemTotal:        1844596 kB
MemFree:          220844 kB
MemAvailable:    1452880 kB
Buffers:           92592 kB
Cached:          1168104 kB
MemTotal:        1844596 kB
MemFree:          220408 kB
MemAvailable:    1452444 kB
Buffers:           92592 kB
Cached:          1168104 kB
MemTotal:        1844596 kB
MemFree:          219736 kB
MemAvailable:    1451772 kB
Buffers:           92592 kB
Cached:          1168104 kB
MemTotal:        1844596 kB
MemFree:          221108 kB
MemAvailable:    1453144 kB
Buffers:           92592 kB
Cached:          1168104 kB
MemTotal:        1844596 kB
MemFree:          221092 kB
MemAvailable:    1453128 kB
Buffers:           92592 kB
Cached:          1168104 kB
MemTotal:        1844596 kB
MemFree:          221092 kB
MemAvailable:    1453128 kB
Buffers:           92592 kB
Cached:          1168104 kB
MemTotal:        1844596 kB
MemFree:          221104 kB
MemAvailable:    1453140 kB
Buffers:           92592 kB
Cached:          1168104 kB
MemTotal:        1844596 kB
MemFree:          220980 kB
MemAvailable:    1453016 kB
Buffers:           92592 kB
Cached:          1168104 kB
MemTotal:        1844596 kB
MemFree:          220248 kB
MemAvailable:    1452284 kB
Buffers:           92592 kB
Cached:          1168104 kB
MemTotal:        1844596 kB
MemFree:          220720 kB
MemAvailable:    1452756 kB
Buffers:           92592 kB
Cached:          1168104 kB
MemTotal:        1844596 kB
MemFree:          221056 kB
MemAvailable:    1453092 kB
Buffers:           92592 kB
Cached:          1168104 kB
MemTotal:        1844596 kB
MemFree:          220044 kB
MemAvailable:    1452080 kB
Buffers:           92592 kB
Cached:          1168104 kB
MemTotal:        1844596 kB
MemFree:          218000 kB
MemAvailable:    1450036 kB
Buffers:           92592 kB
Cached:          1168104 kB
MemTotal:        1844596 kB
MemFree:          219240 kB
MemAvailable:    1451276 kB
Buffers:           92592 kB
Cached:          1168104 kB
MemTotal:        1844596 kB
MemFree:          219168 kB
MemAvailable:    1451204 kB
Buffers:           92592 kB
Cached:          1168104 kB
MemTotal:        1844596 kB
MemFree:          217884 kB
MemAvailable:    1449920 kB
Buffers:           92592 kB
Cached:          1168104 kB
MemTotal:        1844596 kB
MemFree:          218704 kB
MemAvailable:    1450740 kB
Buffers:           92592 kB
Cached:          1168104 kB
MemTotal:        1844596 kB
MemFree:          218960 kB
MemAvailable:    1450996 kB
Buffers:           92592 kB
Cached:          1168104 kB
MemTotal:        1844596 kB
MemFree:          218116 kB
MemAvailable:    1450152 kB
Buffers:           92592 kB
Cached:          1168104 kB
MemTotal:        1844596 kB
MemFree:          218008 kB
MemAvailable:    1450044 kB
Buffers:           92592 kB
Cached:          1168104 kB
MemTotal:        1844596 kB
MemFree:          216024 kB
MemAvailable:    1448060 kB
Buffers:           92592 kB
Cached:          1168104 kB
MemTotal:        1844596 kB
MemFree:          217060 kB
MemAvailable:    1449096 kB
Buffers:           92592 kB
Cached:          1168104 kB
MemTotal:        1844596 kB
MemFree:          215784 kB
MemAvailable:    1447820 kB
Buffers:           92592 kB
Cached:          1168104 kB
MemTotal:        1844596 kB
MemFree:          216124 kB
MemAvailable:    1448160 kB
Buffers:           92592 kB
Cached:          1168104 kB
MemTotal:        1844596 kB
MemFree:          215900 kB
MemAvailable:    1447936 kB
Buffers:           92592 kB
Cached:          1168104 kB
MemTotal:        1844596 kB
MemFree:          216012 kB
MemAvailable:    1448048 kB
Buffers:           92592 kB
Cached:          1168104 kB
MemTotal:        1844596 kB
MemFree:          216000 kB
MemAvailable:    1448036 kB
Buffers:           92592 kB
Cached:          1168104 kB
MemTotal:        1844596 kB
MemFree:          216252 kB
MemAvailable:    1448288 kB
Buffers:           92592 kB
Cached:          1168104 kB
MemTotal:        1844596 kB
MemFree:          214652 kB
MemAvailable:    1446688 kB
Buffers:           92592 kB
Cached:          1168104 kB
MemTotal:        1844596 kB
MemFree:          214776 kB
MemAvailable:    1446812 kB
Buffers:           92592 kB
Cached:          1168104 kB
MemTotal:        1844596 kB
MemFree:          216076 kB
MemAvailable:    1448112 kB
Buffers:           92592 kB
Cached:          1168104 kB
MemTotal:        1844596 kB
MemFree:          215872 kB
MemAvailable:    1447908 kB
Buffers:           92592 kB
Cached:          1168104 kB
MemTotal:        1844596 kB
MemFree:          215652 kB
MemAvailable:    1447688 kB
Buffers:           92592 kB
Cached:          1168104 kB
MemTotal:        1844596 kB
MemFree:          216012 kB
MemAvailable:    1448048 kB
Buffers:           92592 kB
Cached:          1168104 kB
MemTotal:        1844596 kB
MemFree:          215984 kB
MemAvailable:    1448020 kB
Buffers:           92592 kB
Cached:          1168104 kB
MemTotal:        1844596 kB
MemFree:          215872 kB
MemAvailable:    1447908 kB
Buffers:           92592 kB
Cached:          1168104 kB
MemTotal:        1844596 kB
MemFree:          215708 kB
MemAvailable:    1447744 kB
Buffers:           92592 kB
Cached:          1168104 kB
MemTotal:        1844596 kB
MemFree:          214628 kB
MemAvailable:    1446664 kB
Buffers:           92592 kB
Cached:          1168104 kB
MemTotal:        1844596 kB
MemFree:          214492 kB
MemAvailable:    1446528 kB
Buffers:           92592 kB
Cached:          1168104 kB
MemTotal:        1844596 kB
MemFree:          214404 kB
MemAvailable:    1446440 kB
Buffers:           92592 kB
Cached:          1168104 kB
MemTotal:        1844596 kB
MemFree:          215728 kB
MemAvailable:    1447764 kB
Buffers:           92592 kB
Cached:          1168104 kB
MemTotal:        1844596 kB
MemFree:          215980 kB
MemAvailable:    1448016 kB
Buffers:           92592 kB
Cached:          1168104 kB
MemTotal:        1844596 kB
MemFree:          214396 kB
MemAvailable:    1446432 kB
Buffers:           92592 kB
Cached:          1168104 kB
MemTotal:        1844596 kB
MemFree:          214620 kB
MemAvailable:    1446664 kB
Buffers:           92592 kB
Cached:          1168112 kB
MemTotal:        1844596 kB
MemFree:          214488 kB
MemAvailable:    1446532 kB
Buffers:           92592 kB
Cached:          1168112 kB
MemTotal:        1844596 kB
MemFree:          214488 kB
MemAvailable:    1446532 kB
Buffers:           92592 kB
Cached:          1168112 kB
MemTotal:        1844596 kB
MemFree:          214364 kB
MemAvailable:    1446408 kB
Buffers:           92592 kB
Cached:          1168112 kB
MemTotal:        1844596 kB
MemFree:          215636 kB
MemAvailable:    1447680 kB
Buffers:           92592 kB
Cached:          1168112 kB
MemTotal:        1844596 kB
MemFree:          215888 kB
MemAvailable:    1447932 kB
Buffers:           92592 kB
Cached:          1168112 kB
MemTotal:        1844596 kB
MemFree:          213420 kB
MemAvailable:    1445464 kB
Buffers:           92592 kB
Cached:          1168112 kB
MemTotal:        1844596 kB
MemFree:          213296 kB
MemAvailable:    1445340 kB
Buffers:           92592 kB
Cached:          1168112 kB
MemTotal:        1844596 kB
MemFree:          213040 kB
MemAvailable:    1445084 kB
Buffers:           92592 kB
Cached:          1168112 kB
MemTotal:        1844596 kB
MemFree:          213288 kB
MemAvailable:    1445332 kB
Buffers:           92592 kB
Cached:          1168112 kB
MemTotal:        1844596 kB
MemFree:          213372 kB
MemAvailable:    1445416 kB
Buffers:           92592 kB
Cached:          1168112 kB
MemTotal:        1844596 kB
MemFree:          210320 kB
MemAvailable:    1442364 kB
Buffers:           92592 kB
Cached:          1168112 kB
MemTotal:        1844596 kB
MemFree:          210196 kB
MemAvailable:    1442240 kB
Buffers:           92592 kB
Cached:          1168112 kB
MemTotal:        1844596 kB
MemFree:          207964 kB
MemAvailable:    1440008 kB
Buffers:           92592 kB
Cached:          1168112 kB
MemTotal:        1844596 kB
MemFree:          202756 kB
MemAvailable:    1434800 kB
Buffers:           92592 kB
Cached:          1168112 kB
MemTotal:        1844596 kB
MemFree:          198896 kB
MemAvailable:    1430940 kB
Buffers:           92592 kB
Cached:          1168112 kB
MemTotal:        1844596 kB
MemFree:          198860 kB
MemAvailable:    1430904 kB
Buffers:           92592 kB
Cached:          1168112 kB
MemTotal:        1844596 kB
MemFree:          197228 kB
MemAvailable:    1429272 kB
Buffers:           92592 kB
Cached:          1168112 kB
MemTotal:        1844596 kB
MemFree:          195804 kB
MemAvailable:    1427848 kB
Buffers:           92592 kB
Cached:          1168112 kB
MemTotal:        1844596 kB
MemFree:          196052 kB
MemAvailable:    1428096 kB
Buffers:           92592 kB
Cached:          1168112 kB
MemTotal:        1844596 kB
MemFree:          195928 kB
MemAvailable:    1427972 kB
Buffers:           92592 kB
Cached:          1168112 kB
MemTotal:        1844596 kB
MemFree:          196664 kB
MemAvailable:    1428708 kB
Buffers:           92592 kB
Cached:          1168112 kB
MemTotal:        1844596 kB
MemFree:          196308 kB
MemAvailable:    1428352 kB
Buffers:           92592 kB
Cached:          1168112 kB
MemTotal:        1844596 kB
MemFree:          196852 kB
MemAvailable:    1428896 kB
Buffers:           92592 kB
Cached:          1168112 kB
MemTotal:        1844596 kB
MemFree:          195672 kB
MemAvailable:    1427716 kB
Buffers:           92592 kB
Cached:          1168112 kB
MemTotal:        1844596 kB
MemFree:          195564 kB
MemAvailable:    1427608 kB
Buffers:           92592 kB
Cached:          1168112 kB
MemTotal:        1844596 kB
MemFree:          196432 kB
MemAvailable:    1428476 kB
Buffers:           92592 kB
Cached:          1168112 kB
MemTotal:        1844596 kB
MemFree:          195184 kB
MemAvailable:    1427228 kB
Buffers:           92592 kB
Cached:          1168112 kB
MemTotal:        1844596 kB
MemFree:          194936 kB
MemAvailable:    1426980 kB
Buffers:           92592 kB
Cached:          1168112 kB
MemTotal:        1844596 kB
MemFree:          196036 kB
MemAvailable:    1428080 kB
Buffers:           92592 kB
Cached:          1168112 kB
MemTotal:        1844596 kB
MemFree:          196120 kB
MemAvailable:    1428164 kB
Buffers:           92592 kB
Cached:          1168112 kB
MemTotal:        1844596 kB
MemFree:          194640 kB
MemAvailable:    1426684 kB
Buffers:           92592 kB
Cached:          1168112 kB
MemTotal:        1844596 kB
MemFree:          194764 kB
MemAvailable:    1426808 kB
Buffers:           92592 kB
Cached:          1168112 kB
MemTotal:        1844596 kB
MemFree:          196000 kB
MemAvailable:    1428044 kB
Buffers:           92592 kB
Cached:          1168112 kB
MemTotal:        1844596 kB
MemFree:          195856 kB
MemAvailable:    1427900 kB
Buffers:           92592 kB
Cached:          1168112 kB
MemTotal:        1844596 kB
MemFree:          196108 kB
MemAvailable:    1428152 kB
Buffers:           92592 kB
Cached:          1168112 kB
MemTotal:        1844596 kB
MemFree:          194808 kB
MemAvailable:    1426852 kB
Buffers:           92592 kB
Cached:          1168112 kB
MemTotal:        1844596 kB
MemFree:          196172 kB
MemAvailable:    1428216 kB
Buffers:           92592 kB
Cached:          1168112 kB
MemTotal:        1844596 kB
MemFree:          194792 kB
MemAvailable:    1426836 kB
Buffers:           92592 kB
Cached:          1168112 kB
MemTotal:        1844596 kB
MemFree:          194884 kB
MemAvailable:    1426928 kB
Buffers:           92592 kB
Cached:          1168112 kB
MemTotal:        1844596 kB
MemFree:          194796 kB
MemAvailable:    1426840 kB
Buffers:           92592 kB
Cached:          1168112 kB
MemTotal:        1844596 kB
MemFree:          194788 kB
MemAvailable:    1426832 kB
Buffers:           92592 kB
Cached:          1168112 kB
MemTotal:        1844596 kB
MemFree:          194748 kB
MemAvailable:    1426792 kB
Buffers:           92592 kB
Cached:          1168112 kB
MemTotal:        1844596 kB
MemFree:          196112 kB
MemAvailable:    1428156 kB
Buffers:           92592 kB
Cached:          1168112 kB
MemTotal:        1844596 kB
MemFree:          195200 kB
MemAvailable:    1427244 kB
Buffers:           92592 kB
Cached:          1168112 kB
MemTotal:        1844596 kB
MemFree:          195840 kB
MemAvailable:    1427888 kB
Buffers:           92592 kB
Cached:          1168116 kB
MemTotal:        1844596 kB
MemFree:          196060 kB
MemAvailable:    1428108 kB
Buffers:           92592 kB
Cached:          1168116 kB
MemTotal:        1844596 kB
MemFree:          196048 kB
MemAvailable:    1428096 kB
Buffers:           92592 kB
Cached:          1168116 kB
MemTotal:        1844596 kB
MemFree:          195936 kB
MemAvailable:    1427984 kB
Buffers:           92592 kB
Cached:          1168116 kB
MemTotal:        1844596 kB
MemFree:          195192 kB
MemAvailable:    1427240 kB
Buffers:           92592 kB
Cached:          1168116 kB
MemTotal:        1844596 kB
MemFree:          195068 kB
MemAvailable:    1427116 kB
Buffers:           92592 kB
Cached:          1168116 kB
MemTotal:        1844596 kB
MemFree:          194012 kB
MemAvailable:    1426060 kB
Buffers:           92592 kB
Cached:          1168116 kB
MemTotal:        1844596 kB
MemFree:          189480 kB
MemAvailable:    1421528 kB
Buffers:           92592 kB
Cached:          1168116 kB
MemTotal:        1844596 kB
MemFree:          189372 kB
MemAvailable:    1421420 kB
Buffers:           92592 kB
Cached:          1168116 kB
MemTotal:        1844596 kB
MemFree:          185396 kB
MemAvailable:    1417444 kB
Buffers:           92592 kB
Cached:          1168116 kB
MemTotal:        1844596 kB
MemFree:          184220 kB
MemAvailable:    1416268 kB
Buffers:           92592 kB
Cached:          1168116 kB
MemTotal:        1844596 kB
MemFree:          179692 kB
MemAvailable:    1411740 kB
Buffers:           92592 kB
Cached:          1168116 kB
MemTotal:        1844596 kB
MemFree:          178512 kB
MemAvailable:    1410560 kB
Buffers:           92592 kB
Cached:          1168116 kB
MemTotal:        1844596 kB
MemFree:          178140 kB
MemAvailable:    1410188 kB
Buffers:           92592 kB
Cached:          1168116 kB
MemTotal:        1844596 kB
MemFree:          178392 kB
MemAvailable:    1410440 kB
Buffers:           92592 kB
Cached:          1168116 kB
MemTotal:        1844596 kB
MemFree:          178252 kB
MemAvailable:    1410300 kB
Buffers:           92592 kB
Cached:          1168116 kB
MemTotal:        1844596 kB
MemFree:          178372 kB
MemAvailable:    1410420 kB
Buffers:           92592 kB
Cached:          1168116 kB
MemTotal:        1844596 kB
MemFree:          178252 kB
MemAvailable:    1410300 kB
Buffers:           92592 kB
Cached:          1168116 kB
MemTotal:        1844596 kB
MemFree:          178012 kB
MemAvailable:    1410060 kB
Buffers:           92592 kB
Cached:          1168116 kB
MemTotal:        1844596 kB
MemFree:          178072 kB
MemAvailable:    1410120 kB
Buffers:           92592 kB
Cached:          1168116 kB
MemTotal:        1844596 kB
MemFree:          177940 kB
MemAvailable:    1409988 kB
Buffers:           92592 kB
Cached:          1168116 kB
MemTotal:        1844596 kB
MemFree:          176368 kB
MemAvailable:    1408416 kB
Buffers:           92592 kB
Cached:          1168116 kB
MemTotal:        1844596 kB
MemFree:          176880 kB
MemAvailable:    1408928 kB
Buffers:           92592 kB
Cached:          1168116 kB
MemTotal:        1844596 kB
MemFree:          176632 kB
MemAvailable:    1408680 kB
Buffers:           92592 kB
Cached:          1168116 kB
MemTotal:        1844596 kB
MemFree:          178012 kB
MemAvailable:    1410060 kB
Buffers:           92592 kB
Cached:          1168116 kB
MemTotal:        1844596 kB
MemFree:          177900 kB
MemAvailable:    1409948 kB
Buffers:           92592 kB
Cached:          1168116 kB
MemTotal:        1844596 kB
MemFree:          177748 kB
MemAvailable:    1409800 kB
Buffers:           92592 kB
Cached:          1168120 kB
MemTotal:        1844596 kB
MemFree:          177708 kB
MemAvailable:    1409760 kB
Buffers:           92592 kB
Cached:          1168120 kB
MemTotal:        1844596 kB
MemFree:          177976 kB
MemAvailable:    1410032 kB
Buffers:           92592 kB
Cached:          1168124 kB
MemTotal:        1844596 kB
MemFree:          177716 kB
MemAvailable:    1409772 kB
Buffers:           92592 kB
Cached:          1168124 kB
MemTotal:        1844596 kB
MemFree:          176576 kB
MemAvailable:    1408632 kB
Buffers:           92592 kB
Cached:          1168124 kB
MemTotal:        1844596 kB
MemFree:          176544 kB
MemAvailable:    1408600 kB
Buffers:           92592 kB
Cached:          1168124 kB
MemTotal:        1844596 kB
MemFree:          177844 kB
MemAvailable:    1409900 kB
Buffers:           92592 kB
Cached:          1168124 kB
MemTotal:        1844596 kB
MemFree:          176964 kB
MemAvailable:    1409020 kB
Buffers:           92592 kB
Cached:          1168124 kB
MemTotal:        1844596 kB
MemFree:          178080 kB
MemAvailable:    1410136 kB
Buffers:           92592 kB
Cached:          1168124 kB
MemTotal:        1844596 kB
MemFree:          178008 kB
MemAvailable:    1410064 kB
Buffers:           92592 kB
Cached:          1168124 kB
MemTotal:        1844596 kB
MemFree:          177636 kB
MemAvailable:    1409692 kB
Buffers:           92592 kB
Cached:          1168124 kB
MemTotal:        1844596 kB
MemFree:          177636 kB
MemAvailable:    1409692 kB
Buffers:           92592 kB
Cached:          1168124 kB
MemTotal:        1844596 kB
MemFree:          176412 kB
MemAvailable:    1408468 kB
Buffers:           92592 kB
Cached:          1168124 kB
MemTotal:        1844596 kB
MemFree:          176580 kB
MemAvailable:    1408636 kB
Buffers:           92592 kB
Cached:          1168124 kB
MemTotal:        1844596 kB
MemFree:          177808 kB
MemAvailable:    1409864 kB
Buffers:           92592 kB
Cached:          1168124 kB
MemTotal:        1844596 kB
MemFree:          177700 kB
MemAvailable:    1409756 kB
Buffers:           92592 kB
Cached:          1168124 kB
MemTotal:        1844596 kB
MemFree:          177720 kB
MemAvailable:    1409776 kB
Buffers:           92592 kB
Cached:          1168124 kB
MemTotal:        1844596 kB
MemFree:          174468 kB
MemAvailable:    1406524 kB
Buffers:           92592 kB
Cached:          1168124 kB
MemTotal:        1844596 kB
MemFree:          174236 kB
MemAvailable:    1406292 kB
Buffers:           92592 kB
Cached:          1168124 kB
MemTotal:        1844596 kB
MemFree:          169028 kB
MemAvailable:    1401084 kB
Buffers:           92592 kB
Cached:          1168124 kB
MemTotal:        1844596 kB
MemFree:          166052 kB
MemAvailable:    1398108 kB
Buffers:           92592 kB
Cached:          1168124 kB
MemTotal:        1844596 kB
MemFree:          161400 kB
MemAvailable:    1393456 kB
Buffers:           92592 kB
Cached:          1168124 kB
MemTotal:        1844596 kB
MemFree:          160332 kB
MemAvailable:    1392388 kB
Buffers:           92592 kB
Cached:          1168124 kB
MemTotal:        1844596 kB
MemFree:          160416 kB
MemAvailable:    1392472 kB
Buffers:           92592 kB
Cached:          1168124 kB
MemTotal:        1844596 kB
MemFree:          160356 kB
MemAvailable:    1392412 kB
Buffers:           92592 kB
Cached:          1168124 kB
MemTotal:        1844596 kB
MemFree:          158712 kB
MemAvailable:    1390768 kB
Buffers:           92592 kB
Cached:          1168124 kB
MemTotal:        1844596 kB
MemFree:          158912 kB
MemAvailable:    1390968 kB
Buffers:           92592 kB
Cached:          1168124 kB
MemTotal:        1844596 kB
MemFree:          158956 kB
MemAvailable:    1391012 kB
Buffers:           92592 kB
Cached:          1168124 kB
MemTotal:        1844596 kB
MemFree:          160216 kB
MemAvailable:    1392272 kB
Buffers:           92592 kB
Cached:          1168124 kB
MemTotal:        1844596 kB
MemFree:          160468 kB
MemAvailable:    1392524 kB
Buffers:           92592 kB
Cached:          1168124 kB
MemTotal:        1844596 kB
MemFree:          160176 kB
MemAvailable:    1392232 kB
Buffers:           92592 kB
Cached:          1168124 kB
MemTotal:        1844596 kB
MemFree:          158972 kB
MemAvailable:    1391028 kB
Buffers:           92592 kB
Cached:          1168124 kB
MemTotal:        1844596 kB
MemFree:          160156 kB
MemAvailable:    1392212 kB
Buffers:           92592 kB
Cached:          1168124 kB
MemTotal:        1844596 kB
MemFree:          160100 kB
MemAvailable:    1392156 kB
Buffers:           92592 kB
Cached:          1168124 kB
MemTotal:        1844596 kB
MemFree:          160228 kB
MemAvailable:    1392284 kB
Buffers:           92592 kB
Cached:          1168124 kB
MemTotal:        1844596 kB
MemFree:          160392 kB
MemAvailable:    1392448 kB
Buffers:           92592 kB
Cached:          1168124 kB
MemTotal:        1844596 kB
MemFree:          160280 kB
MemAvailable:    1392336 kB
Buffers:           92592 kB
Cached:          1168124 kB
MemTotal:        1844596 kB
MemFree:          160200 kB
MemAvailable:    1392256 kB
Buffers:           92592 kB
Cached:          1168124 kB
MemTotal:        1844596 kB
MemFree:          159944 kB
MemAvailable:    1392000 kB
Buffers:           92592 kB
Cached:          1168124 kB
MemTotal:        1844596 kB
MemFree:          160248 kB
MemAvailable:    1392304 kB
Buffers:           92592 kB
Cached:          1168124 kB
MemTotal:        1844596 kB
MemFree:          159348 kB
MemAvailable:    1391404 kB
Buffers:           92592 kB
Cached:          1168124 kB
MemTotal:        1844596 kB
MemFree:          158496 kB
MemAvailable:    1390552 kB
Buffers:           92592 kB
Cached:          1168124 kB
MemTotal:        1844596 kB
MemFree:          157944 kB
MemAvailable:    1390000 kB
Buffers:           92592 kB
Cached:          1168124 kB
MemTotal:        1844596 kB
MemFree:          159184 kB
MemAvailable:    1391240 kB
Buffers:           92592 kB
Cached:          1168124 kB
MemTotal:        1844596 kB
MemFree:          159176 kB
MemAvailable:    1391232 kB
Buffers:           92592 kB
Cached:          1168124 kB
MemTotal:        1844596 kB
MemFree:          158868 kB
MemAvailable:    1390924 kB
Buffers:           92592 kB
Cached:          1168124 kB
MemTotal:        1844596 kB
MemFree:          158920 kB
MemAvailable:    1390976 kB
Buffers:           92592 kB
Cached:          1168124 kB
MemTotal:        1844596 kB
MemFree:          156984 kB
MemAvailable:    1389040 kB
Buffers:           92592 kB
Cached:          1168124 kB
MemTotal:        1844596 kB
MemFree:          157068 kB
MemAvailable:    1389124 kB
Buffers:           92592 kB
Cached:          1168124 kB
MemTotal:        1844596 kB
MemFree:          153776 kB
MemAvailable:    1385832 kB
Buffers:           92592 kB
Cached:          1168124 kB
MemTotal:        1844596 kB
MemFree:          151604 kB
MemAvailable:    1383660 kB
Buffers:           92592 kB
Cached:          1168124 kB
MemTotal:        1844596 kB
MemFree:          148072 kB
MemAvailable:    1380128 kB
Buffers:           92592 kB
Cached:          1168124 kB
MemTotal:        1844596 kB
MemFree:          145336 kB
MemAvailable:    1377392 kB
Buffers:           92592 kB
Cached:          1168124 kB
MemTotal:        1844596 kB
MemFree:          141624 kB
MemAvailable:    1373680 kB
Buffers:           92592 kB
Cached:          1168124 kB
MemTotal:        1844596 kB
MemFree:          138400 kB
MemAvailable:    1370456 kB
Buffers:           92592 kB
Cached:          1168124 kB
MemTotal:        1844596 kB
MemFree:          136152 kB
MemAvailable:    1368208 kB
Buffers:           92592 kB
Cached:          1168124 kB
MemTotal:        1844596 kB
MemFree:          136236 kB
MemAvailable:    1368292 kB
Buffers:           92592 kB
Cached:          1168124 kB
MemTotal:        1844596 kB
MemFree:          132944 kB
MemAvailable:    1365000 kB
Buffers:           92592 kB
Cached:          1168124 kB
MemTotal:        1844596 kB
MemFree:          131888 kB
MemAvailable:    1363944 kB
Buffers:           92592 kB
Cached:          1168124 kB
MemTotal:        1844596 kB
MemFree:          129348 kB
MemAvailable:    1361404 kB
Buffers:           92592 kB
Cached:          1168124 kB
MemTotal:        1844596 kB
MemFree:          128728 kB
MemAvailable:    1360784 kB
Buffers:           92592 kB
Cached:          1168124 kB
MemTotal:        1844596 kB
MemFree:          127488 kB
MemAvailable:    1359544 kB
Buffers:           92592 kB
Cached:          1168124 kB
MemTotal:        1844596 kB
MemFree:          127100 kB
MemAvailable:    1359156 kB
Buffers:           92592 kB
Cached:          1168124 kB
MemTotal:        1844596 kB
MemFree:          128596 kB
MemAvailable:    1360652 kB
Buffers:           92592 kB
Cached:          1168124 kB
MemTotal:        1844596 kB
MemFree:          128588 kB
MemAvailable:    1360644 kB
Buffers:           92592 kB
Cached:          1168124 kB
MemTotal:        1844596 kB
MemFree:          128328 kB
MemAvailable:    1360384 kB
Buffers:           92592 kB
Cached:          1168124 kB
MemTotal:        1844596 kB
MemFree:          128356 kB
MemAvailable:    1360412 kB
Buffers:           92592 kB
Cached:          1168124 kB
MemTotal:        1844596 kB
MemFree:          128468 kB
MemAvailable:    1360524 kB
Buffers:           92592 kB
Cached:          1168124 kB
MemTotal:        1844596 kB
MemFree:          128272 kB
MemAvailable:    1360328 kB
Buffers:           92592 kB
Cached:          1168124 kB
MemTotal:        1844596 kB
MemFree:          126380 kB
MemAvailable:    1358436 kB
Buffers:           92592 kB
Cached:          1168124 kB
MemTotal:        1844596 kB
MemFree:          127108 kB
MemAvailable:    1359164 kB
Buffers:           92592 kB
Cached:          1168124 kB
MemTotal:        1844596 kB
MemFree:          127364 kB
MemAvailable:    1359420 kB
Buffers:           92592 kB
Cached:          1168124 kB
MemTotal:        1844596 kB
MemFree:          127504 kB
MemAvailable:    1359560 kB
Buffers:           92592 kB
Cached:          1168124 kB
MemTotal:        1844596 kB
MemFree:          127448 kB
MemAvailable:    1359504 kB
Buffers:           92592 kB
Cached:          1168124 kB
MemTotal:        1844596 kB
MemFree:          125952 kB
MemAvailable:    1358016 kB
Buffers:           92592 kB
Cached:          1168132 kB
MemTotal:        1844596 kB
MemFree:          127108 kB
MemAvailable:    1359172 kB
Buffers:           92592 kB
Cached:          1168132 kB
MemTotal:        1844596 kB
MemFree:          126720 kB
MemAvailable:    1358784 kB
Buffers:           92592 kB
Cached:          1168132 kB
MemTotal:        1844596 kB
MemFree:          126372 kB
MemAvailable:    1358436 kB
Buffers:           92592 kB
Cached:          1168132 kB
MemTotal:        1844596 kB
MemFree:          125324 kB
MemAvailable:    1357388 kB
Buffers:           92592 kB
Cached:          1168132 kB
MemTotal:        1844596 kB
MemFree:          126108 kB
MemAvailable:    1358172 kB
Buffers:           92592 kB
Cached:          1168132 kB
MemTotal:        1844596 kB
MemFree:          125876 kB
MemAvailable:    1357940 kB
Buffers:           92592 kB
Cached:          1168132 kB
MemTotal:        1844596 kB
MemFree:          125820 kB
MemAvailable:    1357884 kB
Buffers:           92592 kB
Cached:          1168132 kB
MemTotal:        1844596 kB
MemFree:          124992 kB
MemAvailable:    1357056 kB
Buffers:           92592 kB
Cached:          1168132 kB
MemTotal:        1844596 kB
MemFree:          125328 kB
MemAvailable:    1357392 kB
Buffers:           92592 kB
Cached:          1168132 kB
MemTotal:        1844596 kB
MemFree:          124264 kB
MemAvailable:    1356328 kB
Buffers:           92592 kB
Cached:          1168132 kB
MemTotal:        1844596 kB
MemFree:          122752 kB
MemAvailable:    1354816 kB
Buffers:           92592 kB
Cached:          1168132 kB
MemTotal:        1844596 kB
MemFree:          123264 kB
MemAvailable:    1355328 kB
Buffers:           92592 kB
Cached:          1168132 kB
MemTotal:        1844596 kB
MemFree:          123016 kB
MemAvailable:    1355080 kB
Buffers:           92592 kB
Cached:          1168132 kB
MemTotal:        1844596 kB
MemFree:          124256 kB
MemAvailable:    1356320 kB
Buffers:           92592 kB
Cached:          1168132 kB
MemTotal:        1844596 kB
MemFree:          123404 kB
MemAvailable:    1355468 kB
Buffers:           92592 kB
Cached:          1168132 kB
MemTotal:        1844596 kB
MemFree:          124000 kB
MemAvailable:    1356064 kB
Buffers:           92592 kB
Cached:          1168132 kB
MemTotal:        1844596 kB
MemFree:          124336 kB
MemAvailable:    1356400 kB
Buffers:           92592 kB
Cached:          1168132 kB
MemTotal:        1844596 kB
MemFree:          124124 kB
MemAvailable:    1356188 kB
Buffers:           92592 kB
Cached:          1168132 kB
MemTotal:        1844596 kB
MemFree:          124336 kB
MemAvailable:    1356400 kB
Buffers:           92592 kB
Cached:          1168132 kB
MemTotal:        1844596 kB
MemFree:          124252 kB
MemAvailable:    1356316 kB
Buffers:           92592 kB
Cached:          1168132 kB
MemTotal:        1844596 kB
MemFree:          124140 kB
MemAvailable:    1356204 kB
Buffers:           92592 kB
Cached:          1168132 kB
MemTotal:        1844596 kB
MemFree:          123768 kB
MemAvailable:    1355832 kB
Buffers:           92592 kB
Cached:          1168132 kB
MemTotal:        1844596 kB
MemFree:          123988 kB
MemAvailable:    1356052 kB
Buffers:           92592 kB
Cached:          1168132 kB
MemTotal:        1844596 kB
MemFree:          124324 kB
MemAvailable:    1356388 kB
Buffers:           92592 kB
Cached:          1168132 kB
MemTotal:        1844596 kB
MemFree:          124116 kB
MemAvailable:    1356180 kB
Buffers:           92592 kB
Cached:          1168132 kB
MemTotal:        1844596 kB
MemFree:          124272 kB
MemAvailable:    1356336 kB
Buffers:           92592 kB
Cached:          1168132 kB
MemTotal:        1844596 kB
MemFree:          124092 kB
MemAvailable:    1356156 kB
Buffers:           92592 kB
Cached:          1168132 kB
MemTotal:        1844596 kB
MemFree:          124256 kB
MemAvailable:    1356320 kB
Buffers:           92592 kB
Cached:          1168132 kB
MemTotal:        1844596 kB
MemFree:          124204 kB
MemAvailable:    1356268 kB
Buffers:           92592 kB
Cached:          1168132 kB
MemTotal:        1844596 kB
MemFree:          124176 kB
MemAvailable:    1356240 kB
Buffers:           92592 kB
Cached:          1168132 kB
MemTotal:        1844596 kB
MemFree:          124136 kB
MemAvailable:    1356200 kB
Buffers:           92592 kB
Cached:          1168132 kB
MemTotal:        1844596 kB
MemFree:          124200 kB
MemAvailable:    1356264 kB
Buffers:           92592 kB
Cached:          1168132 kB
MemTotal:        1844596 kB
MemFree:          123148 kB
MemAvailable:    1355212 kB
Buffers:           92592 kB
Cached:          1168132 kB
MemTotal:        1844596 kB
MemFree:          124372 kB
MemAvailable:    1356436 kB
Buffers:           92592 kB
Cached:          1168132 kB
MemTotal:        1844596 kB
MemFree:          123768 kB
MemAvailable:    1355832 kB
Buffers:           92592 kB
Cached:          1168132 kB
MemTotal:        1844596 kB
MemFree:          124252 kB
MemAvailable:    1356316 kB
Buffers:           92592 kB
Cached:          1168132 kB
MemTotal:        1844596 kB
MemFree:          124140 kB
MemAvailable:    1356204 kB
Buffers:           92592 kB
Cached:          1168132 kB
MemTotal:        1844596 kB
MemFree:          124024 kB
MemAvailable:    1355964 kB
Buffers:           92592 kB
Cached:          1168132 kB
MemTotal:        1844596 kB
MemFree:          124000 kB
MemAvailable:    1356064 kB
Buffers:           92592 kB
Cached:          1168132 kB
MemTotal:        1844596 kB
MemFree:          124016 kB
MemAvailable:    1356080 kB
Buffers:           92592 kB
Cached:          1168132 kB
MemTotal:        1844596 kB
MemFree:          124012 kB
MemAvailable:    1356076 kB
Buffers:           92592 kB
Cached:          1168132 kB
MemTotal:        1844596 kB
MemFree:          124120 kB
MemAvailable:    1356184 kB
Buffers:           92592 kB
Cached:          1168132 kB
MemTotal:        1844596 kB
MemFree:          124372 kB
MemAvailable:    1356436 kB
Buffers:           92592 kB
Cached:          1168132 kB
MemTotal:        1844596 kB
MemFree:          122720 kB
MemAvailable:    1354784 kB
Buffers:           92592 kB
Cached:          1168132 kB
MemTotal:        1844596 kB
MemFree:          124132 kB
MemAvailable:    1356196 kB
Buffers:           92592 kB
Cached:          1168132 kB
MemTotal:        1844596 kB
MemFree:          124132 kB
MemAvailable:    1356196 kB
Buffers:           92592 kB
Cached:          1168132 kB
MemTotal:        1844596 kB
MemFree:          123892 kB
MemAvailable:    1355956 kB
Buffers:           92592 kB
Cached:          1168132 kB
MemTotal:        1844596 kB
MemFree:          123696 kB
MemAvailable:    1355760 kB
Buffers:           92592 kB
Cached:          1168132 kB
MemTotal:        1844596 kB
MemFree:          121100 kB
MemAvailable:    1353164 kB
Buffers:           92592 kB
Cached:          1168132 kB
MemTotal:        1844596 kB
MemFree:          117808 kB
MemAvailable:    1349872 kB
Buffers:           92592 kB
Cached:          1168132 kB
MemTotal:        1844596 kB
MemFree:          117808 kB
MemAvailable:    1349872 kB
Buffers:           92592 kB
Cached:          1168132 kB
MemTotal:        1844596 kB
MemFree:          117496 kB
MemAvailable:    1349560 kB
Buffers:           92592 kB
Cached:          1168132 kB
MemTotal:        1844596 kB
MemFree:          116196 kB
MemAvailable:    1348260 kB
Buffers:           92592 kB
Cached:          1168132 kB
MemTotal:        1844596 kB
MemFree:          116320 kB
MemAvailable:    1348384 kB
Buffers:           92592 kB
Cached:          1168132 kB
MemTotal:        1844596 kB
MemFree:          117616 kB
MemAvailable:    1349680 kB
Buffers:           92592 kB
Cached:          1168132 kB
MemTotal:        1844596 kB
MemFree:          117204 kB
MemAvailable:    1349268 kB
Buffers:           92592 kB
Cached:          1168132 kB
MemTotal:        1844596 kB
MemFree:          117568 kB
MemAvailable:    1349632 kB
Buffers:           92592 kB
Cached:          1168132 kB
MemTotal:        1844596 kB
MemFree:          116280 kB
MemAvailable:    1348344 kB
Buffers:           92592 kB
Cached:          1168132 kB
MemTotal:        1844596 kB
MemFree:          117552 kB
MemAvailable:    1349616 kB
Buffers:           92592 kB
Cached:          1168132 kB
MemTotal:        1844596 kB
MemFree:          117804 kB
MemAvailable:    1349868 kB
Buffers:           92592 kB
Cached:          1168132 kB
MemTotal:        1844596 kB
MemFree:          117428 kB
MemAvailable:    1349492 kB
Buffers:           92592 kB
Cached:          1168132 kB
MemTotal:        1844596 kB
MemFree:          117288 kB
MemAvailable:    1349436 kB
Buffers:           92596 kB
Cached:          1168252 kB
MemTotal:        1844596 kB
MemFree:          117320 kB
MemAvailable:    1349468 kB
Buffers:           92596 kB
Cached:          1168252 kB
MemTotal:        1844596 kB
MemFree:          117324 kB
MemAvailable:    1349556 kB
Buffers:           92596 kB
Cached:          1168376 kB
MemTotal:        1844596 kB
MemFree:          117068 kB
MemAvailable:    1349468 kB
Buffers:           92596 kB
Cached:          1168500 kB
MemTotal:        1844596 kB
MemFree:          116088 kB
MemAvailable:    1348488 kB
Buffers:           92596 kB
Cached:          1168500 kB
MemTotal:        1844596 kB
MemFree:          116940 kB
MemAvailable:    1349508 kB
Buffers:           92596 kB
Cached:          1168624 kB
MemTotal:        1844596 kB
MemFree:          116940 kB
MemAvailable:    1349508 kB
Buffers:           92596 kB
Cached:          1168624 kB
MemTotal:        1844596 kB
MemFree:          116744 kB
MemAvailable:    1349396 kB
Buffers:           92596 kB
Cached:          1168748 kB
MemTotal:        1844596 kB
MemFree:          115820 kB
MemAvailable:    1348472 kB
Buffers:           92600 kB
Cached:          1168744 kB
MemTotal:        1844596 kB
MemFree:          116632 kB
MemAvailable:    1349284 kB
Buffers:           92600 kB
Cached:          1168744 kB
MemTotal:        1844596 kB
MemFree:          116632 kB
MemAvailable:    1349284 kB
Buffers:           92600 kB
Cached:          1168744 kB
MemTotal:        1844596 kB
MemFree:          115328 kB
MemAvailable:    1347980 kB
Buffers:           92600 kB
Cached:          1168744 kB
MemTotal:        1844596 kB
MemFree:          116768 kB
MemAvailable:    1349524 kB
Buffers:           92600 kB
Cached:          1168816 kB
MemTotal:        1844596 kB
MemFree:          116936 kB
MemAvailable:    1349692 kB
Buffers:           92600 kB
Cached:          1168816 kB
MemTotal:        1844596 kB
MemFree:          116612 kB
MemAvailable:    1349452 kB
Buffers:           92600 kB
Cached:          1168940 kB
MemTotal:        1844596 kB
MemFree:          117256 kB
MemAvailable:    1349424 kB
Buffers:           92600 kB
Cached:          1168184 kB
MemTotal:        1844596 kB
MemFree:          115080 kB
MemAvailable:    1347248 kB
Buffers:           92600 kB
Cached:          1168184 kB
MemTotal:        1844596 kB
MemFree:          205732 kB
MemAvailable:    1437900 kB
Buffers:           92600 kB
Cached:          1168184 kB
MemTotal:        1844596 kB
MemFree:          312156 kB
MemAvailable:    1544324 kB
Buffers:           92600 kB
Cached:          1168184 kB
