MemTotal:        1844596 kB
MemFree:          404712 kB
MemAvailable:    1547180 kB
Buffers:           86408 kB
Cached:          1090976 kB
MemTotal:        1844596 kB
MemFree:          377152 kB
MemAvailable:    1519632 kB
Buffers:           86412 kB
Cached:          1090980 kB
MemTotal:        1844596 kB
MemFree:          375820 kB
MemAvailable:    1518300 kB
Buffers:           86412 kB
Cached:          1090980 kB
MemTotal:        1844596 kB
MemFree:          375216 kB
MemAvailable:    1517696 kB
Buffers:           86412 kB
Cached:          1090980 kB
MemTotal:        1844596 kB
MemFree:          373472 kB
MemAvailable:    1515952 kB
Buffers:           86412 kB
Cached:          1090980 kB
MemTotal:        1844596 kB
MemFree:          372092 kB
MemAvailable:    1514572 kB
Buffers:           86412 kB
Cached:          1090980 kB
MemTotal:        1844596 kB
MemFree:          373284 kB
MemAvailable:    1515764 kB
Buffers:           86412 kB
Cached:          1090980 kB
MemTotal:        1844596 kB
MemFree:          370480 kB
MemAvailable:    1512960 kB
Buffers:           86412 kB
Cached:          1090980 kB
MemTotal:        1844596 kB
MemFree:          370564 kB
MemAvailable:    1513044 kB
Buffers:           86412 kB
Cached:          1090980 kB
MemTotal:        1844596 kB
MemFree:          367016 kB
MemAvailable:    1509496 kB
Buffers:           86412 kB
Cached:          1090980 kB
MemTotal:        1844596 kB
MemFree:          366660 kB
MemAvailable:    1509140 kB
Buffers:           86412 kB
Cached:          1090980 kB
MemTotal:        1844596 kB
MemFree:          363012 kB
MemAvailable:    1505492 kB
Buffers:           86412 kB
Cached:          1090980 kB
MemTotal:        1844596 kB
MemFree:          363348 kB
MemAvailable:    1505828 kB
Buffers:           86412 kB
Cached:          1090980 kB
MemTotal:        1844596 kB
MemFree:          363124 kB
MemAvailable:    1505604 kB
Buffers:           86412 kB
Cached:          1090980 kB
MemTotal:        1844596 kB
MemFree:          363208 kB
MemAvailable:    1505688 kB
Buffers:           86412 kB
Cached:          1090980 kB
MemTotal:        1844596 kB
MemFree:          363360 kB
MemAvailable:    1505840 kB
Buffers:           86412 kB
Cached:          1090980 kB
MemTotal:        1844596 kB
MemFree:          361932 kB
MemAvailable:    1504412 kB
Buffers:           86412 kB
Cached:          1090980 kB
MemTotal:        1844596 kB
MemFree:          361932 kB
MemAvailable:    1504412 kB
Buffers:           86412 kB
Cached:          1090980 kB
MemTotal:        1844596 kB
MemFree:          362984 kB
MemAvailable:    1505464 kB
Buffers:           86412 kB
Cached:          1090980 kB
MemTotal:        1844596 kB
MemFree:          361800 kB
MemAvailable:    1504280 kB
Buffers:           86412 kB
Cached:          1090980 kB
MemTotal:        1844596 kB
MemFree:          361676 kB
MemAvailable:    1504156 kB
Buffers:           86412 kB
Cached:          1090980 kB
MemTotal:        1844596 kB
MemFree:          362520 kB
MemAvailable:    1505000 kB
Buffers:           86412 kB
Cached:          1090980 kB
MemTotal:        1844596 kB
MemFree:          362312 kB
MemAvailable:    1504792 kB
Buffers:           86412 kB
Cached:          1090980 kB
MemTotal:        1844596 kB
MemFree:          362504 kB
MemAvailable:    1504984 kB
Buffers:           86412 kB
Cached:          1090980 kB
MemTotal:        1844596 kB
MemFree:          361264 kB
MemAvailable:    1503744 kB
Buffers:           86412 kB
Cached:          1090980 kB
MemTotal:        1844596 kB
MemFree:          361992 kB
MemAvailable:    1504472 kB
Buffers:           86412 kB
Cached:          1090980 kB
MemTotal:        1844596 kB
MemFree:          361760 kB
MemAvailable:    1504240 kB
Buffers:           86412 kB
Cached:          1090980 kB
MemTotal:        1844596 kB
MemFree:          362012 kB
MemAvailable:    1504492 kB
Buffers:           86412 kB
Cached:          1090980 kB
MemTotal:        1844596 kB
MemFree:          361552 kB
MemAvailable:    1504032 kB
Buffers:           86412 kB
Cached:          1090980 kB
MemTotal:        1844596 kB
MemFree:          360816 kB
MemAvailable:    1503296 kB
Buffers:           86412 kB
Cached:          1090980 kB
MemTotal:        1844596 kB
MemFree:          361000 kB
MemAvailable:    1503480 kB
Buffers:           86412 kB
Cached:          1090980 kB
MemTotal:        1844596 kB
MemFree:          359964 kB
MemAvailable:    1502444 kB
Buffers:           86412 kB
Cached:          1090980 kB
MemTotal:        1844596 kB
MemFree:          360500 kB
MemAvailable:    1502980 kB
Buffers:           86412 kB
Cached:          1090980 kB
MemTotal:        1844596 kB
MemFree:          359460 kB
MemAvailable:    1501940 kB
Buffers:           86412 kB
Cached:          1090980 kB
MemTotal:        1844596 kB
MemFree:          360136 kB
MemAvailable:    1502616 kB
Buffers:           86412 kB
Cached:          1090980 kB
MemTotal:        1844596 kB
MemFree:          360388 kB
MemAvailable:    1502868 kB
Buffers:           86412 kB
Cached:          1090980 kB
MemTotal:        1844596 kB
MemFree:          359076 kB
MemAvailable:    1501556 kB
Buffers:           86412 kB
Cached:          1090980 kB
MemTotal:        1844596 kB
MemFree:          360400 kB
MemAvailable:    1502880 kB
Buffers:           86412 kB
Cached:          1090980 kB
MemTotal:        1844596 kB
MemFree:          359840 kB
MemAvailable:    1502320 kB
Buffers:           86412 kB
Cached:          1090980 kB
MemTotal:        1844596 kB
MemFree:          358916 kB
MemAvailable:    1501396 kB
Buffers:           86412 kB
Cached:          1090980 kB
MemTotal:        1844596 kB
MemFree:          361548 kB
MemAvailable:    1504028 kB
Buffers:           86412 kB
Cached:          1090980 kB
MemTotal:        1844596 kB
MemFree:          360824 kB
MemAvailable:    1503304 kB
Buffers:           86412 kB
Cached:          1090980 kB
MemTotal:        1844596 kB
MemFree:          359752 kB
MemAvailable:    1502232 kB
Buffers:           86412 kB
Cached:          1090980 kB
MemTotal:        1844596 kB
MemFree:          356352 kB
MemAvailable:    1498832 kB
Buffers:           86412 kB
Cached:          1090980 kB
MemTotal:        1844596 kB
MemFree:          355996 kB
MemAvailable:    1498476 kB
Buffers:           86412 kB
Cached:          1090980 kB
MemTotal:        1844596 kB
MemFree:          356056 kB
MemAvailable:    1498536 kB
Buffers:           86412 kB
Cached:          1090980 kB
MemTotal:        1844596 kB
MemFree:          356312 kB
MemAvailable:    1498792 kB
Buffers:           86412 kB
Cached:          1090980 kB
MemTotal:        1844596 kB
MemFree:          356084 kB
MemAvailable:    1498564 kB
Buffers:           86412 kB
Cached:          1090980 kB
MemTotal:        1844596 kB
MemFree:          356084 kB
MemAvailable:    1498564 kB
Buffers:           86412 kB
Cached:          1090980 kB
MemTotal:        1844596 kB
MemFree:          356116 kB
MemAvailable:    1498596 kB
Buffers:           86412 kB
Cached:          1090980 kB
MemTotal:        1844596 kB
MemFree:          354684 kB
MemAvailable:    1497164 kB
Buffers:           86412 kB
Cached:          1090980 kB
MemTotal:        1844596 kB
MemFree:          355784 kB
MemAvailable:    1498264 kB
Buffers:           86412 kB
Cached:          1090980 kB
MemTotal:        1844596 kB
MemFree:          355784 kB
MemAvailable:    1498264 kB
Buffers:           86412 kB
Cached:          1090980 kB
MemTotal:        1844596 kB
MemFree:          355692 kB
MemAvailable:    1498172 kB
Buffers:           86412 kB
Cached:          1090980 kB
MemTotal:        1844596 kB
MemFree:          355948 kB
MemAvailable:    1498428 kB
Buffers:           86412 kB
Cached:          1090980 kB
MemTotal:        1844596 kB
MemFree:          355744 kB
MemAvailable:    1498224 kB
Buffers:           86412 kB
Cached:          1090980 kB
MemTotal:        1844596 kB
MemFree:          355684 kB
MemAvailable:    1498164 kB
Buffers:           86412 kB
Cached:          1090980 kB
MemTotal:        1844596 kB
MemFree:          354692 kB
MemAvailable:    1497172 kB
Buffers:           86412 kB
Cached:          1090980 kB
MemTotal:        1844596 kB
MemFree:          352376 kB
MemAvailable:    1494856 kB
Buffers:           86412 kB
Cached:          1090980 kB
MemTotal:        1844596 kB
MemFree:          351896 kB
MemAvailable:    1494376 kB
Buffers:           86412 kB
Cached:          1090980 kB
MemTotal:        1844596 kB
MemFree:          350220 kB
MemAvailable:    1492700 kB
Buffers:           86412 kB
Cached:          1090980 kB
MemTotal:        1844596 kB
MemFree:          348788 kB
MemAvailable:    1491268 kB
Buffers:           86412 kB
Cached:          1090980 kB
MemTotal:        1844596 kB
MemFree:          349268 kB
MemAvailable:    1491748 kB
Buffers:           86412 kB
Cached:          1090980 kB
MemTotal:        1844596 kB
MemFree:          349268 kB
MemAvailable:    1491748 kB
Buffers:           86412 kB
Cached:          1090980 kB
MemTotal:        1844596 kB
MemFree:          347796 kB
MemAvailable:    1490276 kB
Buffers:           86412 kB
Cached:          1090980 kB
MemTotal:        1844596 kB
MemFree:          347880 kB
MemAvailable:    1490360 kB
Buffers:           86412 kB
Cached:          1090980 kB
MemTotal:        1844596 kB
MemFree:          347680 kB
MemAvailable:    1490160 kB
Buffers:           86412 kB
Cached:          1090980 kB
MemTotal:        1844596 kB
MemFree:          346308 kB
MemAvailable:    1488788 kB
Buffers:           86412 kB
Cached:          1090980 kB
MemTotal:        1844596 kB
MemFree:          346308 kB
MemAvailable:    1488788 kB
Buffers:           86412 kB
Cached:          1090980 kB
MemTotal:        1844596 kB
MemFree:          347416 kB
MemAvailable:    1489896 kB
Buffers:           86412 kB
Cached:          1090980 kB
MemTotal:        1844596 kB
MemFree:          346864 kB
MemAvailable:    1489344 kB
Buffers:           86412 kB
Cached:          1090980 kB
MemTotal:        1844596 kB
MemFree:          347200 kB
MemAvailable:    1489680 kB
Buffers:           86412 kB
Cached:          1090980 kB
MemTotal:        1844596 kB
MemFree:          345880 kB
MemAvailable:    1488360 kB
Buffers:           86412 kB
Cached:          1090980 kB
MemTotal:        1844596 kB
MemFree:          347184 kB
MemAvailable:    1489664 kB
Buffers:           86412 kB
Cached:          1090980 kB
MemTotal:        1844596 kB
MemFree:          347044 kB
MemAvailable:    1489524 kB
Buffers:           86412 kB
Cached:          1090980 kB
MemTotal:        1844596 kB
MemFree:          345744 kB
MemAvailable:    1488224 kB
Buffers:           86412 kB
Cached:          1090980 kB
MemTotal:        1844596 kB
MemFree:          346888 kB
MemAvailable:    1489368 kB
Buffers:           86412 kB
Cached:          1090980 kB
MemTotal:        1844596 kB
MemFree:          346972 kB
MemAvailable:    1489452 kB
Buffers:           86412 kB
Cached:          1090980 kB
MemTotal:        1844596 kB
MemFree:          347068 kB
MemAvailable:    1489548 kB
Buffers:           86412 kB
Cached:          1090980 kB
MemTotal:        1844596 kB
MemFree:          345508 kB
MemAvailable:    1487988 kB
Buffers:           86412 kB
Cached:          1090980 kB
MemTotal:        1844596 kB
MemFree:          346608 kB
MemAvailable:    1489088 kB
Buffers:           86412 kB
Cached:          1090980 kB
MemTotal:        1844596 kB
MemFree:          346608 kB
MemAvailable:    1489088 kB
Buffers:           86412 kB
Cached:          1090980 kB
MemTotal:        1844596 kB
MemFree:          345308 kB
MemAvailable:    1487788 kB
Buffers:           86412 kB
Cached:          1090980 kB
MemTotal:        1844596 kB
MemFree:          346732 kB
MemAvailable:    1489212 kB
Buffers:           86412 kB
Cached:          1090980 kB
MemTotal:        1844596 kB
MemFree:          345928 kB
MemAvailable:    1488408 kB
Buffers:           86412 kB
Cached:          1090980 kB
MemTotal:        1844596 kB
MemFree:          345448 kB
MemAvailable:    1487928 kB
Buffers:           86412 kB
Cached:          1090980 kB
MemTotal:        1844596 kB
MemFree:          342276 kB
MemAvailable:    1484756 kB
Buffers:           86412 kB
Cached:          1090980 kB
MemTotal:        1844596 kB
MemFree:          340052 kB
MemAvailable:    1482532 kB
Buffers:           86412 kB
Cached:          1090980 kB
MemTotal:        1844596 kB
MemFree:          337512 kB
MemAvailable:    1479992 kB
Buffers:           86412 kB
Cached:          1090980 kB
MemTotal:        1844596 kB
MemFree:          338496 kB
MemAvailable:    1480976 kB
Buffers:           86412 kB
Cached:          1090980 kB
MemTotal:        1844596 kB
MemFree:          338564 kB
MemAvailable:    1481044 kB
Buffers:           86412 kB
Cached:          1090980 kB
MemTotal:        1844596 kB
MemFree:          338556 kB
MemAvailable:    1481036 kB
Buffers:           86412 kB
Cached:          1090980 kB
MemTotal:        1844596 kB
MemFree:          337868 kB
MemAvailable:    1480356 kB
Buffers:           86412 kB
Cached:          1090988 kB
MemTotal:        1844596 kB
MemFree:          337636 kB
MemAvailable:    1480124 kB
Buffers:           86412 kB
Cached:          1090988 kB
MemTotal:        1844596 kB
MemFree:          337940 kB
MemAvailable:    1480428 kB
Buffers:           86412 kB
Cached:          1090988 kB
MemTotal:        1844596 kB
MemFree:          338192 kB
MemAvailable:    1480680 kB
Buffers:           86412 kB
Cached:          1090988 kB
MemTotal:        1844596 kB
MemFree:          336588 kB
MemAvailable:    1479080 kB
Buffers:           86412 kB
Cached:          1090992 kB
MemTotal:        1844596 kB
MemFree:          337988 kB
MemAvailable:    1480480 kB
Buffers:           86412 kB
Cached:          1090992 kB
MemTotal:        1844596 kB
MemFree:          337520 kB
MemAvailable:    1480012 kB
Buffers:           86412 kB
Cached:          1090992 kB
MemTotal:        1844596 kB
MemFree:          338000 kB
MemAvailable:    1480492 kB
Buffers:           86412 kB
Cached:          1090992 kB
MemTotal:        1844596 kB
MemFree:          338252 kB
MemAvailable:    1480744 kB
Buffers:           86412 kB
Cached:          1090992 kB
MemTotal:        1844596 kB
MemFree:          337828 kB
MemAvailable:    1480320 kB
Buffers:           86412 kB
Cached:          1090992 kB
MemTotal:        1844596 kB
MemFree:          338084 kB
MemAvailable:    1480576 kB
Buffers:           86412 kB
Cached:          1090992 kB
MemTotal:        1844596 kB
MemFree:          336880 kB
MemAvailable:    1479372 kB
Buffers:           86412 kB
Cached:          1090992 kB
MemTotal:        1844596 kB
MemFree:          338056 kB
MemAvailable:    1480548 kB
Buffers:           86412 kB
Cached:          1090992 kB
MemTotal:        1844596 kB
MemFree:          337272 kB
MemAvailable:    1479764 kB
Buffers:           86412 kB
Cached:          1090992 kB
MemTotal:        1844596 kB
MemFree:          337868 kB
MemAvailable:    1480360 kB
Buffers:           86412 kB
Cached:          1090992 kB
MemTotal:        1844596 kB
MemFree:          338204 kB
MemAvailable:    1480696 kB
Buffers:           86412 kB
Cached:          1090992 kB
MemTotal:        1844596 kB
MemFree:          337960 kB
MemAvailable:    1480452 kB
Buffers:           86412 kB
Cached:          1090992 kB
MemTotal:        1844596 kB
MemFree:          338140 kB
MemAvailable:    1480632 kB
Buffers:           86412 kB
Cached:          1090992 kB
MemTotal:        1844596 kB
MemFree:          336708 kB
MemAvailable:    1479200 kB
Buffers:           86412 kB
Cached:          1090992 kB
MemTotal:        1844596 kB
MemFree:          338008 kB
MemAvailable:    1480500 kB
Buffers:           86412 kB
Cached:          1090992 kB
MemTotal:        1844596 kB
MemFree:          338072 kB
MemAvailable:    1480564 kB
Buffers:           86412 kB
Cached:          1090992 kB
MemTotal:        1844596 kB
MemFree:          337264 kB
MemAvailable:    1479756 kB
Buffers:           86412 kB
Cached:          1090992 kB
MemTotal:        1844596 kB
MemFree:          338464 kB
MemAvailable:    1480956 kB
Buffers:           86412 kB
Cached:          1090992 kB
MemTotal:        1844596 kB
MemFree:          337140 kB
MemAvailable:    1479632 kB
Buffers:           86412 kB
Cached:          1090992 kB
MemTotal:        1844596 kB
MemFree:          337256 kB
MemAvailable:    1479748 kB
Buffers:           86412 kB
Cached:          1090992 kB
MemTotal:        1844596 kB
MemFree:          337132 kB
MemAvailable:    1479624 kB
Buffers:           86412 kB
Cached:          1090992 kB
MemTotal:        1844596 kB
MemFree:          333600 kB
MemAvailable:    1476092 kB
Buffers:           86412 kB
Cached:          1090992 kB
MemTotal:        1844596 kB
MemFree:          329568 kB
MemAvailable:    1472060 kB
Buffers:           86412 kB
Cached:          1090992 kB
MemTotal:        1844596 kB
MemFree:          329016 kB
MemAvailable:    1471508 kB
Buffers:           86412 kB
Cached:          1090992 kB
MemTotal:        1844596 kB
MemFree:          327724 kB
MemAvailable:    1470216 kB
Buffers:           86412 kB
Cached:          1090992 kB
MemTotal:        1844596 kB
MemFree:          328720 kB
MemAvailable:    1471212 kB
Buffers:           86412 kB
Cached:          1090992 kB
MemTotal:        1844596 kB
MemFree:          328720 kB
MemAvailable:    1471212 kB
Buffers:           86412 kB
Cached:          1090992 kB
MemTotal:        1844596 kB
MemFree:          328272 kB
MemAvailable:    1470764 kB
Buffers:           86412 kB
Cached:          1090992 kB
MemTotal:        1844596 kB
MemFree:          326228 kB
MemAvailable:    1468720 kB
Buffers:           86412 kB
Cached:          1090992 kB
MemTotal:        1844596 kB
MemFree:          325980 kB
MemAvailable:    1468472 kB
Buffers:           86412 kB
Cached:          1090992 kB
MemTotal:        1844596 kB
MemFree:          325476 kB
MemAvailable:    1467968 kB
Buffers:           86412 kB
Cached:          1090992 kB
MemTotal:        1844596 kB
MemFree:          326412 kB
MemAvailable:    1468904 kB
Buffers:           86412 kB
Cached:          1090992 kB
MemTotal:        1844596 kB
MemFree:          326172 kB
MemAvailable:    1468664 kB
Buffers:           86412 kB
Cached:          1090992 kB
MemTotal:        1844596 kB
MemFree:          326424 kB
MemAvailable:    1468916 kB
Buffers:           86412 kB
Cached:          1090992 kB
MemTotal:        1844596 kB
MemFree:          326240 kB
MemAvailable:    1468732 kB
Buffers:           86412 kB
Cached:          1090992 kB
MemTotal:        1844596 kB
MemFree:          326108 kB
MemAvailable:    1468600 kB
Buffers:           86412 kB
Cached:          1090992 kB
MemTotal:        1844596 kB
MemFree:          326340 kB
MemAvailable:    1468832 kB
Buffers:           86412 kB
Cached:          1090992 kB
MemTotal:        1844596 kB
MemFree:          325052 kB
MemAvailable:    1467544 kB
Buffers:           86412 kB
Cached:          1090992 kB
MemTotal:        1844596 kB
MemFree:          326140 kB
MemAvailable:    1468632 kB
Buffers:           86412 kB
Cached:          1090992 kB
MemTotal:        1844596 kB
MemFree:          325368 kB
MemAvailable:    1467860 kB
Buffers:           86412 kB
Cached:          1090992 kB
MemTotal:        1844596 kB
MemFree:          326660 kB
MemAvailable:    1469152 kB
Buffers:           86412 kB
Cached:          1090992 kB
MemTotal:        1844596 kB
MemFree:          326592 kB
MemAvailable:    1469084 kB
Buffers:           86412 kB
Cached:          1090992 kB
MemTotal:        1844596 kB
MemFree:          326468 kB
MemAvailable:    1468960 kB
Buffers:           86412 kB
Cached:          1090992 kB
MemTotal:        1844596 kB
MemFree:          326272 kB
MemAvailable:    1468764 kB
Buffers:           86412 kB
Cached:          1090992 kB
MemTotal:        1844596 kB
MemFree:          324840 kB
MemAvailable:    1467332 kB
Buffers:           86412 kB
Cached:          1090992 kB
MemTotal:        1844596 kB
MemFree:          326024 kB
MemAvailable:    1468516 kB
Buffers:           86412 kB
Cached:          1090992 kB
MemTotal:        1844596 kB
MemFree:          326024 kB
MemAvailable:    1468516 kB
Buffers:           86412 kB
Cached:          1090992 kB
MemTotal:        1844596 kB
MemFree:          326276 kB
MemAvailable:    1468768 kB
Buffers:           86412 kB
Cached:          1090992 kB
MemTotal:        1844596 kB
MemFree:          324844 kB
MemAvailable:    1467336 kB
Buffers:           86412 kB
Cached:          1090992 kB
MemTotal:        1844596 kB
MemFree:          325820 kB
MemAvailable:    1468312 kB
Buffers:           86412 kB
Cached:          1090992 kB
MemTotal:        1844596 kB
MemFree:          326048 kB
MemAvailable:    1468540 kB
Buffers:           86412 kB
Cached:          1090992 kB
MemTotal:        1844596 kB
MemFree:          326280 kB
MemAvailable:    1468772 kB
Buffers:           86412 kB
Cached:          1090992 kB
MemTotal:        1844596 kB
MemFree:          326344 kB
MemAvailable:    1468836 kB
Buffers:           86412 kB
Cached:          1090992 kB
MemTotal:        1844596 kB
MemFree:          325908 kB
MemAvailable:    1468400 kB
Buffers:           86412 kB
Cached:          1090992 kB
MemTotal:        1844596 kB
MemFree:          326048 kB
MemAvailable:    1468540 kB
Buffers:           86412 kB
Cached:          1090992 kB
MemTotal:        1844596 kB
MemFree:          326144 kB
MemAvailable:    1468636 kB
Buffers:           86412 kB
Cached:          1090992 kB
MemTotal:        1844596 kB
MemFree:          324844 kB
MemAvailable:    1467336 kB
Buffers:           86412 kB
Cached:          1090992 kB
MemTotal:        1844596 kB
MemFree:          325964 kB
MemAvailable:    1468456 kB
Buffers:           86412 kB
Cached:          1090992 kB
MemTotal:        1844596 kB
MemFree:          326300 kB
MemAvailable:    1468792 kB
Buffers:           86412 kB
Cached:          1090992 kB
MemTotal:        1844596 kB
MemFree:          326216 kB
MemAvailable:    1468708 kB
Buffers:           86412 kB
Cached:          1090992 kB
MemTotal:        1844596 kB
MemFree:          324804 kB
MemAvailable:    1467296 kB
Buffers:           86412 kB
Cached:          1090992 kB
MemTotal:        1844596 kB
MemFree:          325360 kB
MemAvailable:    1467852 kB
Buffers:           86412 kB
Cached:          1090992 kB
MemTotal:        1844596 kB
MemFree:          326036 kB
MemAvailable:    1468528 kB
Buffers:           86412 kB
Cached:          1090992 kB
MemTotal:        1844596 kB
MemFree:          326288 kB
MemAvailable:    1468780 kB
Buffers:           86412 kB
Cached:          1090992 kB
MemTotal:        1844596 kB
MemFree:          326216 kB
MemAvailable:    1468708 kB
Buffers:           86412 kB
Cached:          1090992 kB
MemTotal:        1844596 kB
MemFree:          326104 kB
MemAvailable:    1468596 kB
Buffers:           86412 kB
Cached:          1090992 kB
MemTotal:        1844596 kB
MemFree:          325244 kB
MemAvailable:    1467736 kB
Buffers:           86412 kB
Cached:          1090992 kB
MemTotal:        1844596 kB
MemFree:          326048 kB
MemAvailable:    1468540 kB
Buffers:           86412 kB
Cached:          1090992 kB
MemTotal:        1844596 kB
MemFree:          325964 kB
MemAvailable:    1468456 kB
Buffers:           86412 kB
Cached:          1090992 kB
MemTotal:        1844596 kB
MemFree:          326276 kB
MemAvailable:    1468768 kB
Buffers:           86412 kB
Cached:          1090992 kB
MemTotal:        1844596 kB
MemFree:          326272 kB
MemAvailable:    1468764 kB
Buffers:           86412 kB
Cached:          1090992 kB
MemTotal:        1844596 kB
MemFree:          325360 kB
MemAvailable:    1467852 kB
Buffers:           86412 kB
Cached:          1090992 kB
MemTotal:        1844596 kB
MemFree:          325360 kB
MemAvailable:    1467860 kB
Buffers:           86412 kB
Cached:          1091000 kB
MemTotal:        1844596 kB
MemFree:          326660 kB
MemAvailable:    1469160 kB
Buffers:           86412 kB
Cached:          1091000 kB
MemTotal:        1844596 kB
MemFree:          326336 kB
MemAvailable:    1468836 kB
Buffers:           86412 kB
Cached:          1091000 kB
MemTotal:        1844596 kB
MemFree:          326236 kB
MemAvailable:    1468736 kB
Buffers:           86412 kB
Cached:          1091000 kB
MemTotal:        1844596 kB
MemFree:          324732 kB
MemAvailable:    1467232 kB
Buffers:           86412 kB
Cached:          1091000 kB
MemTotal:        1844596 kB
MemFree:          326172 kB
MemAvailable:    1468672 kB
Buffers:           86412 kB
Cached:          1091000 kB
MemTotal:        1844596 kB
MemFree:          326172 kB
MemAvailable:    1468672 kB
Buffers:           86412 kB
Cached:          1091000 kB
MemTotal:        1844596 kB
MemFree:          325120 kB
MemAvailable:    1467620 kB
Buffers:           86412 kB
Cached:          1091000 kB
MemTotal:        1844596 kB
MemFree:          325836 kB
MemAvailable:    1468336 kB
Buffers:           86412 kB
Cached:          1091000 kB
MemTotal:        1844596 kB
MemFree:          326060 kB
MemAvailable:    1468560 kB
Buffers:           86412 kB
Cached:          1091000 kB
MemTotal:        1844596 kB
MemFree:          325804 kB
MemAvailable:    1468304 kB
Buffers:           86412 kB
Cached:          1091000 kB
MemTotal:        1844596 kB
MemFree:          325664 kB
MemAvailable:    1468164 kB
Buffers:           86412 kB
Cached:          1091000 kB
MemTotal:        1844596 kB
MemFree:          326000 kB
MemAvailable:    1468500 kB
Buffers:           86412 kB
Cached:          1091000 kB
MemTotal:        1844596 kB
MemFree:          324556 kB
MemAvailable:    1467056 kB
Buffers:           86412 kB
Cached:          1091000 kB
MemTotal:        1844596 kB
MemFree:          324556 kB
MemAvailable:    1467056 kB
Buffers:           86412 kB
Cached:          1091000 kB
MemTotal:        1844596 kB
MemFree:          324680 kB
MemAvailable:    1467180 kB
Buffers:           86412 kB
Cached:          1091000 kB
MemTotal:        1844596 kB
MemFree:          325856 kB
MemAvailable:    1468356 kB
Buffers:           86412 kB
Cached:          1091000 kB
MemTotal:        1844596 kB
MemFree:          325980 kB
MemAvailable:    1468480 kB
Buffers:           86412 kB
Cached:          1091000 kB
MemTotal:        1844596 kB
MemFree:          325228 kB
MemAvailable:    1467728 kB
Buffers:           86412 kB
Cached:          1091000 kB
MemTotal:        1844596 kB
MemFree:          325312 kB
MemAvailable:    1467812 kB
Buffers:           86412 kB
Cached:          1091000 kB
MemTotal:        1844596 kB
MemFree:          325064 kB
MemAvailable:    1467564 kB
Buffers:           86412 kB
Cached:          1091000 kB
MemTotal:        1844596 kB
MemFree:          325292 kB
MemAvailable:    1467792 kB
Buffers:           86412 kB
Cached:          1091000 kB
MemTotal:        1844596 kB
MemFree:          325308 kB
MemAvailable:    1467808 kB
Buffers:           86412 kB
Cached:          1091000 kB
MemTotal:        1844596 kB
MemFree:          324500 kB
MemAvailable:    1467000 kB
Buffers:           86412 kB
Cached:          1091000 kB
MemTotal:        1844596 kB
MemFree:          325544 kB
MemAvailable:    1468044 kB
Buffers:           86412 kB
Cached:          1091000 kB
MemTotal:        1844596 kB
MemFree:          324756 kB
MemAvailable:    1467256 kB
Buffers:           86412 kB
Cached:          1091000 kB
MemTotal:        1844596 kB
MemFree:          325172 kB
MemAvailable:    1467672 kB
Buffers:           86412 kB
Cached:          1091000 kB
MemTotal:        1844596 kB
MemFree:          325180 kB
MemAvailable:    1467680 kB
Buffers:           86412 kB
Cached:          1091000 kB
MemTotal:        1844596 kB
MemFree:          325244 kB
MemAvailable:    1467744 kB
Buffers:           86412 kB
Cached:          1091000 kB
MemTotal:        1844596 kB
MemFree:          325712 kB
MemAvailable:    1468216 kB
Buffers:           86412 kB
Cached:          1091004 kB
MemTotal:        1844596 kB
MemFree:          324376 kB
MemAvailable:    1466880 kB
Buffers:           86412 kB
Cached:          1091004 kB
MemTotal:        1844596 kB
MemFree:          324376 kB
MemAvailable:    1466880 kB
Buffers:           86412 kB
Cached:          1091004 kB
MemTotal:        1844596 kB
MemFree:          325040 kB
MemAvailable:    1467544 kB
Buffers:           86412 kB
Cached:          1091004 kB
MemTotal:        1844596 kB
MemFree:          323856 kB
MemAvailable:    1466360 kB
Buffers:           86412 kB
Cached:          1091004 kB
MemTotal:        1844596 kB
MemFree:          323856 kB
MemAvailable:    1466360 kB
Buffers:           86412 kB
Cached:          1091004 kB
MemTotal:        1844596 kB
MemFree:          323980 kB
MemAvailable:    1466484 kB
Buffers:           86412 kB
Cached:          1091004 kB
MemTotal:        1844596 kB
MemFree:          323136 kB
MemAvailable:    1465640 kB
Buffers:           86412 kB
Cached:          1091004 kB
MemTotal:        1844596 kB
MemFree:          320096 kB
MemAvailable:    1462600 kB
Buffers:           86412 kB
Cached:          1091004 kB
MemTotal:        1844596 kB
MemFree:          317120 kB
MemAvailable:    1459624 kB
Buffers:           86412 kB
Cached:          1091004 kB
MemTotal:        1844596 kB
MemFree:          314400 kB
MemAvailable:    1456904 kB
Buffers:           86412 kB
Cached:          1091004 kB
MemTotal:        1844596 kB
MemFree:          314484 kB
MemAvailable:    1456988 kB
Buffers:           86412 kB
Cached:          1091004 kB
MemTotal:        1844596 kB
MemFree:          313212 kB
MemAvailable:    1455716 kB
Buffers:           86412 kB
Cached:          1091004 kB
MemTotal:        1844596 kB
MemFree:          314152 kB
MemAvailable:    1456656 kB
Buffers:           86412 kB
Cached:          1091004 kB
MemTotal:        1844596 kB
MemFree:          314320 kB
MemAvailable:    1456824 kB
Buffers:           86412 kB
Cached:          1091004 kB
MemTotal:        1844596 kB
MemFree:          314088 kB
MemAvailable:    1456592 kB
Buffers:           86412 kB
Cached:          1091004 kB
MemTotal:        1844596 kB
MemFree:          314160 kB
MemAvailable:    1456664 kB
Buffers:           86412 kB
Cached:          1091004 kB
MemTotal:        1844596 kB
MemFree:          313572 kB
MemAvailable:    1456076 kB
Buffers:           86412 kB
Cached:          1091004 kB
MemTotal:        1844596 kB
MemFree:          313572 kB
MemAvailable:    1456076 kB
Buffers:           86412 kB
Cached:          1091004 kB
MemTotal:        1844596 kB
MemFree:          312680 kB
MemAvailable:    1455184 kB
Buffers:           86412 kB
Cached:          1091004 kB
MemTotal:        1844596 kB
MemFree:          311108 kB
MemAvailable:    1453612 kB
Buffers:           86412 kB
Cached:          1091004 kB
MemTotal:        1844596 kB
MemFree:          311464 kB
MemAvailable:    1453968 kB
Buffers:           86412 kB
Cached:          1091004 kB
MemTotal:        1844596 kB
MemFree:          311632 kB
MemAvailable:    1454136 kB
Buffers:           86412 kB
Cached:          1091004 kB
MemTotal:        1844596 kB
MemFree:          311956 kB
MemAvailable:    1454460 kB
Buffers:           86412 kB
Cached:          1091004 kB
MemTotal:        1844596 kB
MemFree:          311852 kB
MemAvailable:    1454356 kB
Buffers:           86412 kB
Cached:          1091004 kB
MemTotal:        1844596 kB
MemFree:          311416 kB
MemAvailable:    1453920 kB
Buffers:           86412 kB
Cached:          1091004 kB
MemTotal:        1844596 kB
MemFree:          311752 kB
MemAvailable:    1454256 kB
Buffers:           86412 kB
Cached:          1091004 kB
MemTotal:        1844596 kB
MemFree:          311800 kB
MemAvailable:    1454304 kB
Buffers:           86412 kB
Cached:          1091004 kB
MemTotal:        1844596 kB
MemFree:          310860 kB
MemAvailable:    1453364 kB
Buffers:           86412 kB
Cached:          1091004 kB
MemTotal:        1844596 kB
MemFree:          311584 kB
MemAvailable:    1454088 kB
Buffers:           86412 kB
Cached:          1091004 kB
MemTotal:        1844596 kB
MemFree:          311668 kB
MemAvailable:    1454172 kB
Buffers:           86412 kB
Cached:          1091004 kB
MemTotal:        1844596 kB
MemFree:          311656 kB
MemAvailable:    1454160 kB
Buffers:           86412 kB
Cached:          1091004 kB
MemTotal:        1844596 kB
MemFree:          310992 kB
MemAvailable:    1453496 kB
Buffers:           86412 kB
Cached:          1091004 kB
MemTotal:        1844596 kB
MemFree:          311788 kB
MemAvailable:    1454292 kB
Buffers:           86412 kB
Cached:          1091004 kB
MemTotal:        1844596 kB
MemFree:          310480 kB
MemAvailable:    1452984 kB
Buffers:           86412 kB
Cached:          1091004 kB
MemTotal:        1844596 kB
MemFree:          311740 kB
MemAvailable:    1454244 kB
Buffers:           86412 kB
Cached:          1091004 kB
MemTotal:        1844596 kB
MemFree:          310860 kB
MemAvailable:    1453364 kB
Buffers:           86412 kB
Cached:          1091004 kB
MemTotal:        1844596 kB
MemFree:          310976 kB
MemAvailable:    1453480 kB
Buffers:           86412 kB
Cached:          1091004 kB
MemTotal:        1844596 kB
MemFree:          311108 kB
MemAvailable:    1453612 kB
Buffers:           86412 kB
Cached:          1091004 kB
MemTotal:        1844596 kB
MemFree:          309860 kB
MemAvailable:    1452364 kB
Buffers:           86412 kB
Cached:          1091004 kB
MemTotal:        1844596 kB
MemFree:          309860 kB
MemAvailable:    1452364 kB
Buffers:           86412 kB
Cached:          1091004 kB
MemTotal:        1844596 kB
MemFree:          309416 kB
MemAvailable:    1451920 kB
Buffers:           86412 kB
Cached:          1091004 kB
MemTotal:        1844596 kB
MemFree:          309544 kB
MemAvailable:    1452048 kB
Buffers:           86412 kB
Cached:          1091004 kB
MemTotal:        1844596 kB
MemFree:          309352 kB
MemAvailable:    1451856 kB
Buffers:           86412 kB
Cached:          1091004 kB
MemTotal:        1844596 kB
MemFree:          309476 kB
MemAvailable:    1451980 kB
Buffers:           86412 kB
Cached:          1091004 kB
MemTotal:        1844596 kB
MemFree:          307760 kB
MemAvailable:    1450264 kB
Buffers:           86412 kB
Cached:          1091004 kB
MemTotal:        1844596 kB
MemFree:          308804 kB
MemAvailable:    1451312 kB
Buffers:           86412 kB
Cached:          1091008 kB
MemTotal:        1844596 kB
MemFree:          307944 kB
MemAvailable:    1450452 kB
Buffers:           86412 kB
Cached:          1091008 kB
MemTotal:        1844596 kB
MemFree:          306528 kB
MemAvailable:    1449036 kB
Buffers:           86412 kB
Cached:          1091008 kB
MemTotal:        1844596 kB
MemFree:          307464 kB
MemAvailable:    1449972 kB
Buffers:           86412 kB
Cached:          1091008 kB
MemTotal:        1844596 kB
MemFree:          306092 kB
MemAvailable:    1448600 kB
Buffers:           86412 kB
Cached:          1091008 kB
MemTotal:        1844596 kB
MemFree:          307076 kB
MemAvailable:    1449584 kB
Buffers:           86412 kB
Cached:          1091008 kB
MemTotal:        1844596 kB
MemFree:          306952 kB
MemAvailable:    1449460 kB
Buffers:           86412 kB
Cached:          1091008 kB
MemTotal:        1844596 kB
MemFree:          305652 kB
MemAvailable:    1448160 kB
Buffers:           86412 kB
Cached:          1091008 kB
MemTotal:        1844596 kB
MemFree:          306368 kB
MemAvailable:    1448876 kB
Buffers:           86412 kB
Cached:          1091008 kB
MemTotal:        1844596 kB
MemFree:          306260 kB
MemAvailable:    1448768 kB
Buffers:           86412 kB
Cached:          1091008 kB
MemTotal:        1844596 kB
MemFree:          306580 kB
MemAvailable:    1449088 kB
Buffers:           86412 kB
Cached:          1091008 kB
MemTotal:        1844596 kB
MemFree:          305776 kB
MemAvailable:    1448284 kB
Buffers:           86412 kB
Cached:          1091008 kB
MemTotal:        1844596 kB
MemFree:          306760 kB
MemAvailable:    1449272 kB
Buffers:           86412 kB
Cached:          1091012 kB
MemTotal:        1844596 kB
MemFree:          306760 kB
MemAvailable:    1449272 kB
Buffers:           86412 kB
Cached:          1091012 kB
MemTotal:        1844596 kB
MemFree:          305216 kB
MemAvailable:    1447728 kB
Buffers:           86412 kB
Cached:          1091012 kB
MemTotal:        1844596 kB
MemFree:          305092 kB
MemAvailable:    1447604 kB
Buffers:           86412 kB
Cached:          1091012 kB
MemTotal:        1844596 kB
MemFree:          306360 kB
MemAvailable:    1448872 kB
Buffers:           86412 kB
Cached:          1091012 kB
MemTotal:        1844596 kB
MemFree:          306360 kB
MemAvailable:    1448872 kB
Buffers:           86412 kB
Cached:          1091012 kB
MemTotal:        1844596 kB
MemFree:          306120 kB
MemAvailable:    1448632 kB
Buffers:           86412 kB
Cached:          1091012 kB
MemTotal:        1844596 kB
MemFree:          306456 kB
MemAvailable:    1448968 kB
Buffers:           86412 kB
Cached:          1091012 kB
MemTotal:        1844596 kB
MemFree:          306060 kB
MemAvailable:    1448572 kB
Buffers:           86412 kB
Cached:          1091012 kB
MemTotal:        1844596 kB
MemFree:          306256 kB
MemAvailable:    1448768 kB
Buffers:           86412 kB
Cached:          1091012 kB
MemTotal:        1844596 kB
MemFree:          306396 kB
MemAvailable:    1448908 kB
Buffers:           86412 kB
Cached:          1091012 kB
MemTotal:        1844596 kB
MemFree:          305272 kB
MemAvailable:    1447784 kB
Buffers:           86412 kB
Cached:          1091012 kB
MemTotal:        1844596 kB
MemFree:          305280 kB
MemAvailable:    1447792 kB
Buffers:           86412 kB
Cached:          1091012 kB
MemTotal:        1844596 kB
MemFree:          306636 kB
MemAvailable:    1449148 kB
Buffers:           86412 kB
Cached:          1091012 kB
MemTotal:        1844596 kB
MemFree:          306256 kB
MemAvailable:    1448768 kB
Buffers:           86412 kB
Cached:          1091012 kB
MemTotal:        1844596 kB
MemFree:          306340 kB
MemAvailable:    1448852 kB
Buffers:           86412 kB
Cached:          1091012 kB
MemTotal:        1844596 kB
MemFree:          306240 kB
MemAvailable:    1448752 kB
Buffers:           86412 kB
Cached:          1091012 kB
MemTotal:        1844596 kB
MemFree:          306148 kB
MemAvailable:    1448660 kB
Buffers:           86412 kB
Cached:          1091012 kB
MemTotal:        1844596 kB
MemFree:          306084 kB
MemAvailable:    1448596 kB
Buffers:           86412 kB
Cached:          1091012 kB
MemTotal:        1844596 kB
MemFree:          306340 kB
MemAvailable:    1448852 kB
Buffers:           86412 kB
Cached:          1091012 kB
MemTotal:        1844596 kB
MemFree:          306396 kB
MemAvailable:    1448908 kB
Buffers:           86412 kB
Cached:          1091012 kB
MemTotal:        1844596 kB
MemFree:          305280 kB
MemAvailable:    1447792 kB
Buffers:           86412 kB
Cached:          1091012 kB
MemTotal:        1844596 kB
MemFree:          304892 kB
MemAvailable:    1447404 kB
Buffers:           86412 kB
Cached:          1091012 kB
MemTotal:        1844596 kB
MemFree:          305144 kB
MemAvailable:    1447656 kB
Buffers:           86412 kB
Cached:          1091012 kB
MemTotal:        1844596 kB
MemFree:          303412 kB
MemAvailable:    1445924 kB
Buffers:           86412 kB
Cached:          1091012 kB
MemTotal:        1844596 kB
MemFree:          302304 kB
MemAvailable:    1444816 kB
Buffers:           86412 kB
Cached:          1091012 kB
MemTotal:        1844596 kB
MemFree:          301248 kB
MemAvailable:    1443760 kB
Buffers:           86412 kB
Cached:          1091012 kB
MemTotal:        1844596 kB
MemFree:          298196 kB
MemAvailable:    1440708 kB
Buffers:           86412 kB
Cached:          1091012 kB
MemTotal:        1844596 kB
MemFree:          297468 kB
MemAvailable:    1439980 kB
Buffers:           86412 kB
Cached:          1091012 kB
MemTotal:        1844596 kB
MemFree:          294360 kB
MemAvailable:    1436872 kB
Buffers:           86412 kB
Cached:          1091012 kB
MemTotal:        1844596 kB
MemFree:          291500 kB
MemAvailable:    1434012 kB
Buffers:           86412 kB
Cached:          1091012 kB
MemTotal:        1844596 kB
MemFree:          290524 kB
MemAvailable:    1433036 kB
Buffers:           86412 kB
Cached:          1091012 kB
MemTotal:        1844596 kB
MemFree:          289408 kB
MemAvailable:    1431920 kB
Buffers:           86412 kB
Cached:          1091012 kB
MemTotal:        1844596 kB
MemFree:          288104 kB
MemAvailable:    1430616 kB
Buffers:           86412 kB
Cached:          1091012 kB
MemTotal:        1844596 kB
MemFree:          286680 kB
MemAvailable:    1429192 kB
Buffers:           86412 kB
Cached:          1091012 kB
MemTotal:        1844596 kB
MemFree:          287612 kB
MemAvailable:    1430124 kB
Buffers:           86412 kB
Cached:          1091012 kB
MemTotal:        1844596 kB
MemFree:          287864 kB
MemAvailable:    1430376 kB
Buffers:           86412 kB
Cached:          1091012 kB
MemTotal:        1844596 kB
MemFree:          286688 kB
MemAvailable:    1429200 kB
Buffers:           86412 kB
Cached:          1091012 kB
MemTotal:        1844596 kB
MemFree:          287532 kB
MemAvailable:    1430044 kB
Buffers:           86412 kB
Cached:          1091012 kB
MemTotal:        1844596 kB
MemFree:          287424 kB
MemAvailable:    1429936 kB
Buffers:           86412 kB
Cached:          1091012 kB
MemTotal:        1844596 kB
MemFree:          287280 kB
MemAvailable:    1429792 kB
Buffers:           86412 kB
Cached:          1091012 kB
MemTotal:        1844596 kB
MemFree:          287536 kB
MemAvailable:    1430048 kB
Buffers:           86412 kB
Cached:          1091012 kB
MemTotal:        1844596 kB
MemFree:          287292 kB
MemAvailable:    1429804 kB
Buffers:           86412 kB
Cached:          1091012 kB
MemTotal:        1844596 kB
MemFree:          286788 kB
MemAvailable:    1429300 kB
Buffers:           86412 kB
Cached:          1091012 kB
MemTotal:        1844596 kB
MemFree:          286788 kB
MemAvailable:    1429300 kB
Buffers:           86412 kB
Cached:          1091012 kB
MemTotal:        1844596 kB
MemFree:          286560 kB
MemAvailable:    1429072 kB
Buffers:           86412 kB
Cached:          1091012 kB
MemTotal:        1844596 kB
MemFree:          286680 kB
MemAvailable:    1429192 kB
Buffers:           86412 kB
Cached:          1091012 kB
MemTotal:        1844596 kB
MemFree:          286592 kB
MemAvailable:    1429104 kB
Buffers:           86412 kB
Cached:          1091012 kB
MemTotal:        1844596 kB
MemFree:          286556 kB
MemAvailable:    1429068 kB
Buffers:           86412 kB
Cached:          1091012 kB
MemTotal:        1844596 kB
MemFree:          285812 kB
MemAvailable:    1428324 kB
Buffers:           86412 kB
Cached:          1091012 kB
MemTotal:        1844596 kB
MemFree:          286404 kB
MemAvailable:    1428916 kB
Buffers:           86412 kB
Cached:          1091012 kB
MemTotal:        1844596 kB
MemFree:          286740 kB
MemAvailable:    1429252 kB
Buffers:           86412 kB
Cached:          1091012 kB
MemTotal:        1844596 kB
MemFree:          286532 kB
MemAvailable:    1429044 kB
Buffers:           86412 kB
Cached:          1091012 kB
MemTotal:        1844596 kB
MemFree:          286532 kB
MemAvailable:    1429044 kB
Buffers:           86412 kB
Cached:          1091012 kB
MemTotal:        1844596 kB
MemFree:          286680 kB
MemAvailable:    1429192 kB
Buffers:           86412 kB
Cached:          1091012 kB
MemTotal:        1844596 kB
MemFree:          286632 kB
MemAvailable:    1429144 kB
Buffers:           86412 kB
Cached:          1091012 kB
MemTotal:        1844596 kB
MemFree:          285812 kB
MemAvailable:    1428324 kB
Buffers:           86412 kB
Cached:          1091012 kB
MemTotal:        1844596 kB
MemFree:          286544 kB
MemAvailable:    1429056 kB
Buffers:           86412 kB
Cached:          1091012 kB
MemTotal:        1844596 kB
MemFree:          286724 kB
MemAvailable:    1429236 kB
Buffers:           86412 kB
Cached:          1091012 kB
MemTotal:        1844596 kB
MemFree:          285688 kB
MemAvailable:    1428200 kB
Buffers:           86412 kB
Cached:          1091012 kB
MemTotal:        1844596 kB
MemFree:          286412 kB
MemAvailable:    1428924 kB
Buffers:           86412 kB
Cached:          1091012 kB
MemTotal:        1844596 kB
MemFree:          286668 kB
MemAvailable:    1429180 kB
Buffers:           86412 kB
Cached:          1091012 kB
MemTotal:        1844596 kB
MemFree:          286556 kB
MemAvailable:    1429068 kB
Buffers:           86412 kB
Cached:          1091012 kB
MemTotal:        1844596 kB
MemFree:          285256 kB
MemAvailable:    1427768 kB
Buffers:           86412 kB
Cached:          1091012 kB
MemTotal:        1844596 kB
MemFree:          286488 kB
MemAvailable:    1429000 kB
Buffers:           86412 kB
Cached:          1091012 kB
MemTotal:        1844596 kB
MemFree:          286656 kB
MemAvailable:    1429168 kB
Buffers:           86412 kB
Cached:          1091012 kB
MemTotal:        1844596 kB
MemFree:          286368 kB
MemAvailable:    1428880 kB
Buffers:           86412 kB
Cached:          1091012 kB
MemTotal:        1844596 kB
MemFree:          286624 kB
MemAvailable:    1429136 kB
Buffers:           86412 kB
Cached:          1091012 kB
MemTotal:        1844596 kB
MemFree:          285184 kB
MemAvailable:    1427696 kB
Buffers:           86412 kB
Cached:          1091012 kB
MemTotal:        1844596 kB
MemFree:          286632 kB
MemAvailable:    1429144 kB
Buffers:           86412 kB
Cached:          1091012 kB
MemTotal:        1844596 kB
MemFree:          281216 kB
MemAvailable:    1423728 kB
Buffers:           86412 kB
Cached:          1091012 kB
MemTotal:        1844596 kB
MemFree:          280968 kB
MemAvailable:    1423480 kB
Buffers:           86412 kB
Cached:          1091012 kB
MemTotal:        1844596 kB
MemFree:          275876 kB
MemAvailable:    1418388 kB
Buffers:           86412 kB
Cached:          1091012 kB
MemTotal:        1844596 kB
MemFree:          275768 kB
MemAvailable:    1418280 kB
Buffers:           86412 kB
Cached:          1091012 kB
MemTotal:        1844596 kB
MemFree:          271040 kB
MemAvailable:    1413552 kB
Buffers:           86412 kB
Cached:          1091012 kB
MemTotal:        1844596 kB
MemFree:          270932 kB
MemAvailable:    1413444 kB
Buffers:           86412 kB
Cached:          1091012 kB
MemTotal:        1844596 kB
MemFree:          268808 kB
MemAvailable:    1411332 kB
Buffers:           86412 kB
Cached:          1091024 kB
MemTotal:        1844596 kB
MemFree:          269144 kB
MemAvailable:    1411668 kB
Buffers:           86412 kB
Cached:          1091024 kB
MemTotal:        1844596 kB
MemFree:          267700 kB
MemAvailable:    1410224 kB
Buffers:           86412 kB
Cached:          1091024 kB
MemTotal:        1844596 kB
MemFree:          269000 kB
MemAvailable:    1411524 kB
Buffers:           86412 kB
Cached:          1091024 kB
MemTotal:        1844596 kB
MemFree:          267652 kB
MemAvailable:    1410176 kB
Buffers:           86412 kB
Cached:          1091024 kB
MemTotal:        1844596 kB
MemFree:          267652 kB
MemAvailable:    1410176 kB
Buffers:           86412 kB
Cached:          1091024 kB
MemTotal:        1844596 kB
MemFree:          268752 kB
MemAvailable:    1411276 kB
Buffers:           86412 kB
Cached:          1091024 kB
MemTotal:        1844596 kB
MemFree:          268752 kB
MemAvailable:    1411276 kB
Buffers:           86412 kB
Cached:          1091024 kB
MemTotal:        1844596 kB
MemFree:          268492 kB
MemAvailable:    1411016 kB
Buffers:           86412 kB
Cached:          1091024 kB
MemTotal:        1844596 kB
MemFree:          268576 kB
MemAvailable:    1411100 kB
Buffers:           86412 kB
Cached:          1091024 kB
MemTotal:        1844596 kB
MemFree:          267068 kB
MemAvailable:    1409592 kB
Buffers:           86412 kB
Cached:          1091024 kB
MemTotal:        1844596 kB
MemFree:          266944 kB
MemAvailable:    1409468 kB
Buffers:           86412 kB
Cached:          1091024 kB
MemTotal:        1844596 kB
MemFree:          267316 kB
MemAvailable:    1409840 kB
Buffers:           86412 kB
Cached:          1091024 kB
MemTotal:        1844596 kB
MemFree:          268480 kB
MemAvailable:    1411004 kB
Buffers:           86412 kB
Cached:          1091024 kB
MemTotal:        1844596 kB
MemFree:          268320 kB
MemAvailable:    1410844 kB
Buffers:           86412 kB
Cached:          1091024 kB
MemTotal:        1844596 kB
MemFree:          267304 kB
MemAvailable:    1409828 kB
Buffers:           86412 kB
Cached:          1091024 kB
MemTotal:        1844596 kB
MemFree:          268240 kB
MemAvailable:    1410764 kB
Buffers:           86412 kB
Cached:          1091024 kB
MemTotal:        1844596 kB
MemFree:          268576 kB
MemAvailable:    1411100 kB
Buffers:           86412 kB
Cached:          1091024 kB
MemTotal:        1844596 kB
MemFree:          268392 kB
MemAvailable:    1410916 kB
Buffers:           86412 kB
Cached:          1091024 kB
MemTotal:        1844596 kB
MemFree:          266940 kB
MemAvailable:    1409464 kB
Buffers:           86412 kB
Cached:          1091024 kB
MemTotal:        1844596 kB
MemFree:          268232 kB
MemAvailable:    1410756 kB
Buffers:           86412 kB
Cached:          1091024 kB
MemTotal:        1844596 kB
MemFree:          268256 kB
MemAvailable:    1410780 kB
Buffers:           86412 kB
Cached:          1091024 kB
MemTotal:        1844596 kB
MemFree:          268508 kB
MemAvailable:    1411032 kB
Buffers:           86412 kB
Cached:          1091024 kB
MemTotal:        1844596 kB
MemFree:          268332 kB
MemAvailable:    1410856 kB
Buffers:           86412 kB
Cached:          1091024 kB
MemTotal:        1844596 kB
MemFree:          268268 kB
MemAvailable:    1410792 kB
Buffers:           86412 kB
Cached:          1091024 kB
MemTotal:        1844596 kB
MemFree:          268520 kB
MemAvailable:    1411044 kB
Buffers:           86412 kB
Cached:          1091024 kB
MemTotal:        1844596 kB
MemFree:          268148 kB
MemAvailable:    1410672 kB
Buffers:           86412 kB
Cached:          1091024 kB
MemTotal:        1844596 kB
MemFree:          268404 kB
MemAvailable:    1410928 kB
Buffers:           86412 kB
Cached:          1091024 kB
MemTotal:        1844596 kB
MemFree:          268268 kB
MemAvailable:    1410792 kB
Buffers:           86412 kB
Cached:          1091024 kB
MemTotal:        1844596 kB
MemFree:          268520 kB
MemAvailable:    1411044 kB
Buffers:           86412 kB
Cached:          1091024 kB
MemTotal:        1844596 kB
MemFree:          267040 kB
MemAvailable:    1409564 kB
Buffers:           86412 kB
Cached:          1091024 kB
MemTotal:        1844596 kB
MemFree:          268280 kB
MemAvailable:    1410804 kB
Buffers:           86412 kB
Cached:          1091024 kB
MemTotal:        1844596 kB
MemFree:          267468 kB
MemAvailable:    1409992 kB
Buffers:           86412 kB
Cached:          1091024 kB
MemTotal:        1844596 kB
MemFree:          267064 kB
MemAvailable:    1409588 kB
Buffers:           86412 kB
Cached:          1091024 kB
MemTotal:        1844596 kB
MemFree:          267064 kB
MemAvailable:    1409588 kB
Buffers:           86412 kB
Cached:          1091024 kB
MemTotal:        1844596 kB
MemFree:          260880 kB
MemAvailable:    1403404 kB
Buffers:           86412 kB
Cached:          1091024 kB
MemTotal:        1844596 kB
MemFree:          260276 kB
MemAvailable:    1402800 kB
Buffers:           86412 kB
Cached:          1091024 kB
MemTotal:        1844596 kB
MemFree:          255988 kB
MemAvailable:    1398512 kB
Buffers:           86412 kB
Cached:          1091024 kB
MemTotal:        1844596 kB
MemFree:          252580 kB
MemAvailable:    1395104 kB
Buffers:           86412 kB
Cached:          1091024 kB
MemTotal:        1844596 kB
MemFree:          250904 kB
MemAvailable:    1393428 kB
Buffers:           86412 kB
Cached:          1091024 kB
MemTotal:        1844596 kB
MemFree:          250108 kB
MemAvailable:    1392632 kB
Buffers:           86412 kB
Cached:          1091024 kB
MemTotal:        1844596 kB
MemFree:          250712 kB
MemAvailable:    1393236 kB
Buffers:           86412 kB
Cached:          1091024 kB
MemTotal:        1844596 kB
MemFree:          250968 kB
MemAvailable:    1393492 kB
Buffers:           86412 kB
Cached:          1091024 kB
MemTotal:        1844596 kB
MemFree:          249472 kB
MemAvailable:    1391996 kB
Buffers:           86412 kB
Cached:          1091024 kB
MemTotal:        1844596 kB
MemFree:          250856 kB
MemAvailable:    1393380 kB
Buffers:           86412 kB
Cached:          1091024 kB
MemTotal:        1844596 kB
MemFree:          249416 kB
MemAvailable:    1391940 kB
Buffers:           86412 kB
Cached:          1091024 kB
MemTotal:        1844596 kB
MemFree:          250692 kB
MemAvailable:    1393216 kB
Buffers:           86412 kB
Cached:          1091024 kB
MemTotal:        1844596 kB
MemFree:          250692 kB
MemAvailable:    1393216 kB
Buffers:           86412 kB
Cached:          1091024 kB
MemTotal:        1844596 kB
MemFree:          250756 kB
MemAvailable:    1393280 kB
Buffers:           86412 kB
Cached:          1091024 kB
MemTotal:        1844596 kB
MemFree:          250756 kB
MemAvailable:    1393280 kB
Buffers:           86412 kB
Cached:          1091024 kB
MemTotal:        1844596 kB
MemFree:          250836 kB
MemAvailable:    1393360 kB
Buffers:           86412 kB
Cached:          1091024 kB
MemTotal:        1844596 kB
MemFree:          250836 kB
MemAvailable:    1393360 kB
Buffers:           86412 kB
Cached:          1091024 kB
MemTotal:        1844596 kB
MemFree:          250588 kB
MemAvailable:    1393112 kB
Buffers:           86412 kB
Cached:          1091024 kB
MemTotal:        1844596 kB
MemFree:          250844 kB
MemAvailable:    1393368 kB
Buffers:           86412 kB
Cached:          1091024 kB
MemTotal:        1844596 kB
MemFree:          249604 kB
MemAvailable:    1392128 kB
Buffers:           86412 kB
Cached:          1091024 kB
MemTotal:        1844596 kB
MemFree:          249480 kB
MemAvailable:    1392004 kB
Buffers:           86412 kB
Cached:          1091024 kB
MemTotal:        1844596 kB
MemFree:          250920 kB
MemAvailable:    1393444 kB
Buffers:           86412 kB
Cached:          1091024 kB
MemTotal:        1844596 kB
MemFree:          250332 kB
MemAvailable:    1392856 kB
Buffers:           86412 kB
Cached:          1091024 kB
MemTotal:        1844596 kB
MemFree:          249976 kB
MemAvailable:    1392500 kB
Buffers:           86412 kB
Cached:          1091024 kB
MemTotal:        1844596 kB
MemFree:          250144 kB
MemAvailable:    1392668 kB
Buffers:           86412 kB
Cached:          1091024 kB
MemTotal:        1844596 kB
MemFree:          250076 kB
MemAvailable:    1392600 kB
Buffers:           86412 kB
Cached:          1091024 kB
MemTotal:        1844596 kB
MemFree:          250036 kB
MemAvailable:    1392560 kB
Buffers:           86412 kB
Cached:          1091024 kB
MemTotal:        1844596 kB
MemFree:          248728 kB
MemAvailable:    1391252 kB
Buffers:           86412 kB
Cached:          1091024 kB
MemTotal:        1844596 kB
MemFree:          249472 kB
MemAvailable:    1391996 kB
Buffers:           86412 kB
Cached:          1091024 kB
MemTotal:        1844596 kB
MemFree:          249728 kB
MemAvailable:    1392252 kB
Buffers:           86412 kB
Cached:          1091024 kB
MemTotal:        1844596 kB
MemFree:          247744 kB
MemAvailable:    1390268 kB
Buffers:           86412 kB
Cached:          1091024 kB
MemTotal:        1844596 kB
MemFree:          246068 kB
MemAvailable:    1388592 kB
Buffers:           86412 kB
Cached:          1091024 kB
MemTotal:        1844596 kB
MemFree:          243784 kB
MemAvailable:    1386308 kB
Buffers:           86412 kB
Cached:          1091024 kB
MemTotal:        1844596 kB
MemFree:          242472 kB
MemAvailable:    1384996 kB
Buffers:           86412 kB
Cached:          1091024 kB
MemTotal:        1844596 kB
MemFree:          239992 kB
MemAvailable:    1382516 kB
Buffers:           86412 kB
Cached:          1091024 kB
MemTotal:        1844596 kB
MemFree:          237164 kB
MemAvailable:    1379688 kB
Buffers:           86412 kB
Cached:          1091024 kB
MemTotal:        1844596 kB
MemFree:          234228 kB
MemAvailable:    1376752 kB
Buffers:           86412 kB
Cached:          1091024 kB
MemTotal:        1844596 kB
MemFree:          232544 kB
MemAvailable:    1375076 kB
Buffers:           86412 kB
Cached:          1091032 kB
MemTotal:        1844596 kB
MemFree:          230516 kB
MemAvailable:    1373048 kB
Buffers:           86412 kB
Cached:          1091032 kB
MemTotal:        1844596 kB
MemFree:          228328 kB
MemAvailable:    1370860 kB
Buffers:           86412 kB
Cached:          1091032 kB
MemTotal:        1844596 kB
MemFree:          226972 kB
MemAvailable:    1369504 kB
Buffers:           86412 kB
Cached:          1091032 kB
MemTotal:        1844596 kB
MemFree:          224556 kB
MemAvailable:    1367088 kB
Buffers:           86412 kB
Cached:          1091032 kB
MemTotal:        1844596 kB
MemFree:          221944 kB
MemAvailable:    1364476 kB
Buffers:           86412 kB
Cached:          1091032 kB
MemTotal:        1844596 kB
MemFree:          221712 kB
MemAvailable:    1364244 kB
Buffers:           86412 kB
Cached:          1091032 kB
MemTotal:        1844596 kB
MemFree:          219208 kB
MemAvailable:    1361744 kB
Buffers:           86412 kB
Cached:          1091036 kB
MemTotal:        1844596 kB
MemFree:          219460 kB
MemAvailable:    1361996 kB
Buffers:           86412 kB
Cached:          1091036 kB
MemTotal:        1844596 kB
MemFree:          217976 kB
MemAvailable:    1360512 kB
Buffers:           86412 kB
Cached:          1091036 kB
MemTotal:        1844596 kB
MemFree:          219284 kB
MemAvailable:    1361820 kB
Buffers:           86412 kB
Cached:          1091036 kB
MemTotal:        1844596 kB
MemFree:          219044 kB
MemAvailable:    1361580 kB
Buffers:           86412 kB
Cached:          1091036 kB
MemTotal:        1844596 kB
MemFree:          218612 kB
MemAvailable:    1361148 kB
Buffers:           86412 kB
Cached:          1091036 kB
MemTotal:        1844596 kB
MemFree:          217596 kB
MemAvailable:    1360132 kB
Buffers:           86412 kB
Cached:          1091036 kB
MemTotal:        1844596 kB
MemFree:          217728 kB
MemAvailable:    1360264 kB
Buffers:           86412 kB
Cached:          1091036 kB
MemTotal:        1844596 kB
MemFree:          218712 kB
MemAvailable:    1361248 kB
Buffers:           86412 kB
Cached:          1091036 kB
MemTotal:        1844596 kB
MemFree:          218796 kB
MemAvailable:    1361332 kB
Buffers:           86412 kB
Cached:          1091036 kB
MemTotal:        1844596 kB
MemFree:          217852 kB
MemAvailable:    1360388 kB
Buffers:           86412 kB
Cached:          1091036 kB
MemTotal:        1844596 kB
MemFree:          217852 kB
MemAvailable:    1360388 kB
Buffers:           86412 kB
Cached:          1091036 kB
MemTotal:        1844596 kB
MemFree:          217844 kB
MemAvailable:    1360380 kB
Buffers:           86412 kB
Cached:          1091036 kB
MemTotal:        1844596 kB
MemFree:          217928 kB
MemAvailable:    1360464 kB
Buffers:           86412 kB
Cached:          1091036 kB
MemTotal:        1844596 kB
MemFree:          217740 kB
MemAvailable:    1360276 kB
Buffers:           86412 kB
Cached:          1091036 kB
MemTotal:        1844596 kB
MemFree:          217668 kB
MemAvailable:    1360204 kB
Buffers:           86412 kB
Cached:          1091036 kB
MemTotal:        1844596 kB
MemFree:          217364 kB
MemAvailable:    1359900 kB
Buffers:           86412 kB
Cached:          1091036 kB
MemTotal:        1844596 kB
MemFree:          217356 kB
MemAvailable:    1359892 kB
Buffers:           86412 kB
Cached:          1091036 kB
MemTotal:        1844596 kB
MemFree:          217612 kB
MemAvailable:    1360148 kB
Buffers:           86412 kB
Cached:          1091036 kB
MemTotal:        1844596 kB
MemFree:          217416 kB
MemAvailable:    1359952 kB
Buffers:           86412 kB
Cached:          1091036 kB
MemTotal:        1844596 kB
MemFree:          216604 kB
MemAvailable:    1359140 kB
Buffers:           86412 kB
Cached:          1091036 kB
MemTotal:        1844596 kB
MemFree:          216688 kB
MemAvailable:    1359224 kB
Buffers:           86412 kB
Cached:          1091036 kB
MemTotal:        1844596 kB
MemFree:          215324 kB
MemAvailable:    1357860 kB
Buffers:           86412 kB
Cached:          1091036 kB
MemTotal:        1844596 kB
MemFree:          215628 kB
MemAvailable:    1358164 kB
Buffers:           86412 kB
Cached:          1091036 kB
MemTotal:        1844596 kB
MemFree:          214760 kB
MemAvailable:    1357296 kB
Buffers:           86412 kB
Cached:          1091036 kB
MemTotal:        1844596 kB
MemFree:          215192 kB
MemAvailable:    1357728 kB
Buffers:           86412 kB
Cached:          1091036 kB
MemTotal:        1844596 kB
MemFree:          214272 kB
MemAvailable:    1356808 kB
Buffers:           86412 kB
Cached:          1091036 kB
MemTotal:        1844596 kB
MemFree:          214620 kB
MemAvailable:    1357156 kB
Buffers:           86412 kB
Cached:          1091036 kB
MemTotal:        1844596 kB
MemFree:          214704 kB
MemAvailable:    1357240 kB
Buffers:           86412 kB
Cached:          1091036 kB
MemTotal:        1844596 kB
MemFree:          213380 kB
MemAvailable:    1355916 kB
Buffers:           86412 kB
Cached:          1091036 kB
MemTotal:        1844596 kB
MemFree:          214764 kB
MemAvailable:    1357300 kB
Buffers:           86412 kB
Cached:          1091036 kB
MemTotal:        1844596 kB
MemFree:          214272 kB
MemAvailable:    1356808 kB
Buffers:           86412 kB
Cached:          1091036 kB
MemTotal:        1844596 kB
MemFree:          214760 kB
MemAvailable:    1357296 kB
Buffers:           86412 kB
Cached:          1091036 kB
MemTotal:        1844596 kB
MemFree:          214008 kB
MemAvailable:    1356544 kB
Buffers:           86412 kB
Cached:          1091036 kB
MemTotal:        1844596 kB
MemFree:          215060 kB
MemAvailable:    1357600 kB
Buffers:           86412 kB
Cached:          1091040 kB
MemTotal:        1844596 kB
MemFree:          214744 kB
MemAvailable:    1357284 kB
Buffers:           86412 kB
Cached:          1091040 kB
MemTotal:        1844596 kB
MemFree:          214744 kB
MemAvailable:    1357284 kB
Buffers:           86412 kB
Cached:          1091040 kB
MemTotal:        1844596 kB
MemFree:          214752 kB
MemAvailable:    1357292 kB
Buffers:           86412 kB
Cached:          1091040 kB
MemTotal:        1844596 kB
MemFree:          214644 kB
MemAvailable:    1357184 kB
Buffers:           86412 kB
Cached:          1091040 kB
MemTotal:        1844596 kB
MemFree:          213388 kB
MemAvailable:    1355928 kB
Buffers:           86412 kB
Cached:          1091040 kB
MemTotal:        1844596 kB
MemFree:          214572 kB
MemAvailable:    1357112 kB
Buffers:           86412 kB
Cached:          1091040 kB
MemTotal:        1844596 kB
MemFree:          214656 kB
MemAvailable:    1357196 kB
Buffers:           86412 kB
Cached:          1091040 kB
MemTotal:        1844596 kB
MemFree:          214800 kB
MemAvailable:    1357340 kB
Buffers:           86412 kB
Cached:          1091040 kB
MemTotal:        1844596 kB
MemFree:          213748 kB
MemAvailable:    1356288 kB
Buffers:           86412 kB
Cached:          1091040 kB
MemTotal:        1844596 kB
MemFree:          214884 kB
MemAvailable:    1357424 kB
Buffers:           86412 kB
Cached:          1091040 kB
MemTotal:        1844596 kB
MemFree:          213700 kB
MemAvailable:    1356240 kB
Buffers:           86412 kB
Cached:          1091040 kB
MemTotal:        1844596 kB
MemFree:          213452 kB
MemAvailable:    1355992 kB
Buffers:           86412 kB
Cached:          1091040 kB
MemTotal:        1844596 kB
MemFree:          214752 kB
MemAvailable:    1357292 kB
Buffers:           86412 kB
Cached:          1091040 kB
MemTotal:        1844596 kB
MemFree:          213900 kB
MemAvailable:    1356440 kB
Buffers:           86412 kB
Cached:          1091040 kB
MemTotal:        1844596 kB
MemFree:          215008 kB
MemAvailable:    1357548 kB
Buffers:           86412 kB
Cached:          1091040 kB
MemTotal:        1844596 kB
MemFree:          213768 kB
MemAvailable:    1356308 kB
Buffers:           86412 kB
Cached:          1091040 kB
MemTotal:        1844596 kB
MemFree:          214616 kB
MemAvailable:    1357156 kB
Buffers:           86412 kB
Cached:          1091040 kB
MemTotal:        1844596 kB
MemFree:          214700 kB
MemAvailable:    1357240 kB
Buffers:           86412 kB
Cached:          1091040 kB
MemTotal:        1844596 kB
MemFree:          214664 kB
MemAvailable:    1357204 kB
Buffers:           86412 kB
Cached:          1091040 kB
MemTotal:        1844596 kB
MemFree:          214884 kB
MemAvailable:    1357424 kB
Buffers:           86412 kB
Cached:          1091040 kB
MemTotal:        1844596 kB
MemFree:          214608 kB
MemAvailable:    1357148 kB
Buffers:           86412 kB
Cached:          1091040 kB
MemTotal:        1844596 kB
MemFree:          214944 kB
MemAvailable:    1357484 kB
Buffers:           86412 kB
Cached:          1091040 kB
MemTotal:        1844596 kB
MemFree:          214620 kB
MemAvailable:    1357160 kB
Buffers:           86412 kB
Cached:          1091040 kB
MemTotal:        1844596 kB
MemFree:          214620 kB
MemAvailable:    1357160 kB
Buffers:           86412 kB
Cached:          1091040 kB
MemTotal:        1844596 kB
MemFree:          213384 kB
MemAvailable:    1355924 kB
Buffers:           86412 kB
Cached:          1091040 kB
MemTotal:        1844596 kB
MemFree:          214768 kB
MemAvailable:    1357308 kB
Buffers:           86412 kB
Cached:          1091040 kB
MemTotal:        1844596 kB
MemFree:          214752 kB
MemAvailable:    1357292 kB
Buffers:           86412 kB
Cached:          1091040 kB
MemTotal:        1844596 kB
MemFree:          214752 kB
MemAvailable:    1357292 kB
Buffers:           86412 kB
Cached:          1091040 kB
MemTotal:        1844596 kB
MemFree:          214496 kB
MemAvailable:    1357036 kB
Buffers:           86412 kB
Cached:          1091040 kB
MemTotal:        1844596 kB
MemFree:          214832 kB
MemAvailable:    1357372 kB
Buffers:           86412 kB
Cached:          1091040 kB
MemTotal:        1844596 kB
MemFree:          213512 kB
MemAvailable:    1356052 kB
Buffers:           86412 kB
Cached:          1091040 kB
MemTotal:        1844596 kB
MemFree:          211636 kB
MemAvailable:    1354176 kB
Buffers:           86412 kB
Cached:          1091040 kB
MemTotal:        1844596 kB
MemFree:          211412 kB
MemAvailable:    1353952 kB
Buffers:           86412 kB
Cached:          1091040 kB
MemTotal:        1844596 kB
MemFree:          208172 kB
MemAvailable:    1350712 kB
Buffers:           86412 kB
Cached:          1091040 kB
MemTotal:        1844596 kB
MemFree:          207940 kB
MemAvailable:    1350480 kB
Buffers:           86412 kB
Cached:          1091040 kB
MemTotal:        1844596 kB
MemFree:          208104 kB
MemAvailable:    1350644 kB
Buffers:           86412 kB
Cached:          1091040 kB
MemTotal:        1844596 kB
MemFree:          208128 kB
MemAvailable:    1350668 kB
Buffers:           86412 kB
Cached:          1091040 kB
MemTotal:        1844596 kB
MemFree:          206760 kB
MemAvailable:    1349300 kB
Buffers:           86412 kB
Cached:          1091040 kB
MemTotal:        1844596 kB
MemFree:          208116 kB
MemAvailable:    1350656 kB
Buffers:           86412 kB
Cached:          1091040 kB
MemTotal:        1844596 kB
MemFree:          208056 kB
MemAvailable:    1350596 kB
Buffers:           86412 kB
Cached:          1091040 kB
MemTotal:        1844596 kB
MemFree:          207932 kB
MemAvailable:    1350472 kB
Buffers:           86412 kB
Cached:          1091040 kB
MemTotal:        1844596 kB
MemFree:          206808 kB
MemAvailable:    1349348 kB
Buffers:           86412 kB
Cached:          1091040 kB
MemTotal:        1844596 kB
MemFree:          206776 kB
MemAvailable:    1349316 kB
Buffers:           86412 kB
Cached:          1091040 kB
MemTotal:        1844596 kB
MemFree:          206816 kB
MemAvailable:    1349356 kB
Buffers:           86412 kB
Cached:          1091040 kB
MemTotal:        1844596 kB
MemFree:          208180 kB
MemAvailable:    1350720 kB
Buffers:           86412 kB
Cached:          1091040 kB
MemTotal:        1844596 kB
MemFree:          208000 kB
MemAvailable:    1350544 kB
Buffers:           86412 kB
Cached:          1091044 kB
MemTotal:        1844596 kB
MemFree:          206824 kB
MemAvailable:    1349452 kB
Buffers:           86412 kB
Cached:          1091168 kB
MemTotal:        1844596 kB
MemFree:          206824 kB
MemAvailable:    1349536 kB
Buffers:           86412 kB
Cached:          1091168 kB
MemTotal:        1844596 kB
MemFree:          207696 kB
MemAvailable:    1350492 kB
Buffers:           86412 kB
Cached:          1091292 kB
MemTotal:        1844596 kB
MemFree:          206700 kB
MemAvailable:    1349580 kB
Buffers:           86412 kB
Cached:          1091292 kB
MemTotal:        1844596 kB
MemFree:          207440 kB
MemAvailable:    1350404 kB
Buffers:           86412 kB
Cached:          1091540 kB
MemTotal:        1844596 kB
MemFree:          207388 kB
MemAvailable:    1350520 kB
Buffers:           86412 kB
Cached:          1091540 kB
MemTotal:        1844596 kB
MemFree:          207424 kB
MemAvailable:    1350556 kB
Buffers:           86412 kB
Cached:          1091540 kB
MemTotal:        1844596 kB
MemFree:          207312 kB
MemAvailable:    1350444 kB
Buffers:           86412 kB
Cached:          1091540 kB
MemTotal:        1844596 kB
MemFree:          206336 kB
MemAvailable:    1349468 kB
Buffers:           86412 kB
Cached:          1091664 kB
MemTotal:        1844596 kB
MemFree:          207320 kB
MemAvailable:    1350452 kB
Buffers:           86412 kB
Cached:          1091664 kB
MemTotal:        1844596 kB
MemFree:          207188 kB
MemAvailable:    1350320 kB
Buffers:           86412 kB
Cached:          1091664 kB
MemTotal:        1844596 kB
MemFree:          207524 kB
MemAvailable:    1350656 kB
Buffers:           86412 kB
Cached:          1091664 kB
MemTotal:        1844596 kB
MemFree:          207140 kB
MemAvailable:    1350272 kB
Buffers:           86412 kB
Cached:          1091664 kB
MemTotal:        1844596 kB
MemFree:          207396 kB
MemAvailable:    1350528 kB
Buffers:           86412 kB
Cached:          1091664 kB
MemTotal:        1844596 kB
MemFree:          207236 kB
MemAvailable:    1350368 kB
Buffers:           86412 kB
Cached:          1091664 kB
MemTotal:        1844596 kB
MemFree:          207920 kB
MemAvailable:    1350464 kB
Buffers:           86412 kB
Cached:          1091032 kB
MemTotal:        1844596 kB
MemFree:          207180 kB
MemAvailable:    1349724 kB
Buffers:           86412 kB
Cached:          1091032 kB
MemTotal:        1844596 kB
MemFree:          206700 kB
MemAvailable:    1349244 kB
Buffers:           86412 kB
Cached:          1091032 kB
MemTotal:        1844596 kB
MemFree:          351392 kB
MemAvailable:    1493936 kB
Buffers:           86412 kB
Cached:          1091032 kB
