MemTotal:        1844596 kB
MemFree:          271216 kB
MemAvailable:    1544172 kB
Buffers:          101116 kB
Cached:          1191636 kB
MemTotal:        1844596 kB
MemFree:          244152 kB
MemAvailable:    1517116 kB
Buffers:          101116 kB
Cached:          1191644 kB
MemTotal:        1844596 kB
MemFree:          243160 kB
MemAvailable:    1516124 kB
Buffers:          101116 kB
Cached:          1191644 kB
MemTotal:        1844596 kB
MemFree:          241984 kB
MemAvailable:    1514948 kB
Buffers:          101116 kB
Cached:          1191644 kB
MemTotal:        1844596 kB
MemFree:          239192 kB
MemAvailable:    1512156 kB
Buffers:          101116 kB
Cached:          1191644 kB
MemTotal:        1844596 kB
MemFree:          240120 kB
MemAvailable:    1513084 kB
Buffers:          101116 kB
Cached:          1191644 kB
MemTotal:        1844596 kB
MemFree:          238184 kB
MemAvailable:    1511148 kB
Buffers:          101116 kB
Cached:          1191644 kB
MemTotal:        1844596 kB
MemFree:          236216 kB
MemAvailable:    1509180 kB
Buffers:          101116 kB
Cached:          1191644 kB
MemTotal:        1844596 kB
MemFree:          234356 kB
MemAvailable:    1507320 kB
Buffers:          101116 kB
Cached:          1191644 kB
MemTotal:        1844596 kB
MemFree:          233000 kB
MemAvailable:    1505964 kB
Buffers:          101116 kB
Cached:          1191644 kB
MemTotal:        1844596 kB
MemFree:          229132 kB
MemAvailable:    1502096 kB
Buffers:          101116 kB
Cached:          1191644 kB
MemTotal:        1844596 kB
MemFree:          229132 kB
MemAvailable:    1502096 kB
Buffers:          101116 kB
Cached:          1191644 kB
MemTotal:        1844596 kB
MemFree:          231588 kB
MemAvailable:    1504552 kB
Buffers:          101116 kB
Cached:          1191644 kB
MemTotal:        1844596 kB
MemFree:          231688 kB
MemAvailable:    1504652 kB
Buffers:          101116 kB
Cached:          1191644 kB
MemTotal:        1844596 kB
MemFree:          231504 kB
MemAvailable:    1504468 kB
Buffers:          101116 kB
Cached:          1191644 kB
MemTotal:        1844596 kB
MemFree:          231324 kB
MemAvailable:    1504288 kB
Buffers:          101116 kB
Cached:          1191644 kB
MemTotal:        1844596 kB
MemFree:          231580 kB
MemAvailable:    1504544 kB
Buffers:          101116 kB
Cached:          1191644 kB
MemTotal:        1844596 kB
MemFree:          231408 kB
MemAvailable:    1504372 kB
Buffers:          101116 kB
Cached:          1191644 kB
MemTotal:        1844596 kB
MemFree:          230928 kB
MemAvailable:    1503892 kB
Buffers:          101116 kB
Cached:          1191644 kB
MemTotal:        1844596 kB
MemFree:          231180 kB
MemAvailable:    1504144 kB
Buffers:          101116 kB
Cached:          1191644 kB
MemTotal:        1844596 kB
MemFree:          229712 kB
MemAvailable:    1502676 kB
Buffers:          101116 kB
Cached:          1191644 kB
MemTotal:        1844596 kB
MemFree:          229456 kB
MemAvailable:    1502420 kB
Buffers:          101116 kB
Cached:          1191644 kB
MemTotal:        1844596 kB
MemFree:          230880 kB
MemAvailable:    1503844 kB
Buffers:          101116 kB
Cached:          1191644 kB
MemTotal:        1844596 kB
MemFree:          230756 kB
MemAvailable:    1503720 kB
Buffers:          101116 kB
Cached:          1191644 kB
MemTotal:        1844596 kB
MemFree:          230324 kB
MemAvailable:    1503288 kB
Buffers:          101116 kB
Cached:          1191644 kB
MemTotal:        1844596 kB
MemFree:          230152 kB
MemAvailable:    1503116 kB
Buffers:          101116 kB
Cached:          1191644 kB
MemTotal:        1844596 kB
MemFree:          230188 kB
MemAvailable:    1503152 kB
Buffers:          101116 kB
Cached:          1191644 kB
MemTotal:        1844596 kB
MemFree:          229932 kB
MemAvailable:    1502896 kB
Buffers:          101116 kB
Cached:          1191644 kB
MemTotal:        1844596 kB
MemFree:          229768 kB
MemAvailable:    1502732 kB
Buffers:          101116 kB
Cached:          1191644 kB
MemTotal:        1844596 kB
MemFree:          229580 kB
MemAvailable:    1502544 kB
Buffers:          101116 kB
Cached:          1191644 kB
MemTotal:        1844596 kB
MemFree:          228836 kB
MemAvailable:    1501800 kB
Buffers:          101116 kB
Cached:          1191644 kB
MemTotal:        1844596 kB
MemFree:          228512 kB
MemAvailable:    1501476 kB
Buffers:          101116 kB
Cached:          1191644 kB
MemTotal:        1844596 kB
MemFree:          227908 kB
MemAvailable:    1500872 kB
Buffers:          101116 kB
Cached:          1191644 kB
MemTotal:        1844596 kB
MemFree:          228336 kB
MemAvailable:    1501300 kB
Buffers:          101116 kB
Cached:          1191644 kB
MemTotal:        1844596 kB
MemFree:          228024 kB
MemAvailable:    1500988 kB
Buffers:          101116 kB
Cached:          1191644 kB
MemTotal:        1844596 kB
MemFree:          227268 kB
MemAvailable:    1500232 kB
Buffers:          101116 kB
Cached:          1191644 kB
MemTotal:        1844596 kB
MemFree:          228652 kB
MemAvailable:    1501616 kB
Buffers:          101116 kB
Cached:          1191644 kB
MemTotal:        1844596 kB
MemFree:          228564 kB
MemAvailable:    1501528 kB
Buffers:          101116 kB
Cached:          1191644 kB
MemTotal:        1844596 kB
MemFree:          227256 kB
MemAvailable:    1500220 kB
Buffers:          101116 kB
Cached:          1191644 kB
MemTotal:        1844596 kB
MemFree:          228316 kB
MemAvailable:    1501280 kB
Buffers:          101116 kB
Cached:          1191644 kB
MemTotal:        1844596 kB
MemFree:          228376 kB
MemAvailable:    1501340 kB
Buffers:          101116 kB
Cached:          1191644 kB
MemTotal:        1844596 kB
MemFree:          224296 kB
MemAvailable:    1497260 kB
Buffers:          101116 kB
Cached:          1191644 kB
MemTotal:        1844596 kB
MemFree:          224384 kB
MemAvailable:    1497348 kB
Buffers:          101116 kB
Cached:          1191644 kB
MemTotal:        1844596 kB
MemFree:          223188 kB
MemAvailable:    1496152 kB
Buffers:          101116 kB
Cached:          1191644 kB
MemTotal:        1844596 kB
MemFree:          223188 kB
MemAvailable:    1496152 kB
Buffers:          101116 kB
Cached:          1191644 kB
MemTotal:        1844596 kB
MemFree:          222884 kB
MemAvailable:    1495848 kB
Buffers:          101116 kB
Cached:          1191644 kB
MemTotal:        1844596 kB
MemFree:          223220 kB
MemAvailable:    1496184 kB
Buffers:          101116 kB
Cached:          1191644 kB
MemTotal:        1844596 kB
MemFree:          221652 kB
MemAvailable:    1494616 kB
Buffers:          101116 kB
Cached:          1191644 kB
MemTotal:        1844596 kB
MemFree:          221652 kB
MemAvailable:    1494616 kB
Buffers:          101116 kB
Cached:          1191644 kB
MemTotal:        1844596 kB
MemFree:          223008 kB
MemAvailable:    1495972 kB
Buffers:          101116 kB
Cached:          1191644 kB
MemTotal:        1844596 kB
MemFree:          221512 kB
MemAvailable:    1494476 kB
Buffers:          101116 kB
Cached:          1191644 kB
MemTotal:        1844596 kB
MemFree:          221264 kB
MemAvailable:    1494228 kB
Buffers:          101116 kB
Cached:          1191644 kB
MemTotal:        1844596 kB
MemFree:          222664 kB
MemAvailable:    1495628 kB
Buffers:          101116 kB
Cached:          1191644 kB
MemTotal:        1844596 kB
MemFree:          222260 kB
MemAvailable:    1495224 kB
Buffers:          101116 kB
Cached:          1191644 kB
MemTotal:        1844596 kB
MemFree:          222528 kB
MemAvailable:    1495492 kB
Buffers:          101116 kB
Cached:          1191644 kB
MemTotal:        1844596 kB
MemFree:          222612 kB
MemAvailable:    1495576 kB
Buffers:          101116 kB
Cached:          1191644 kB
MemTotal:        1844596 kB
MemFree:          222328 kB
MemAvailable:    1495292 kB
Buffers:          101116 kB
Cached:          1191644 kB
MemTotal:        1844596 kB
MemFree:          217924 kB
MemAvailable:    1490900 kB
Buffers:          101116 kB
Cached:          1191652 kB
MemTotal:        1844596 kB
MemFree:          215756 kB
MemAvailable:    1488732 kB
Buffers:          101116 kB
Cached:          1191652 kB
MemTotal:        1844596 kB
MemFree:          215632 kB
MemAvailable:    1488608 kB
Buffers:          101116 kB
Cached:          1191652 kB
MemTotal:        1844596 kB
MemFree:          216244 kB
MemAvailable:    1489220 kB
Buffers:          101116 kB
Cached:          1191652 kB
MemTotal:        1844596 kB
MemFree:          216244 kB
MemAvailable:    1489220 kB
Buffers:          101116 kB
Cached:          1191652 kB
MemTotal:        1844596 kB
MemFree:          214880 kB
MemAvailable:    1487856 kB
Buffers:          101116 kB
Cached:          1191652 kB
MemTotal:        1844596 kB
MemFree:          214524 kB
MemAvailable:    1487500 kB
Buffers:          101116 kB
Cached:          1191652 kB
MemTotal:        1844596 kB
MemFree:          213152 kB
MemAvailable:    1486128 kB
Buffers:          101116 kB
Cached:          1191652 kB
MemTotal:        1844596 kB
MemFree:          214384 kB
MemAvailable:    1487360 kB
Buffers:          101116 kB
Cached:          1191652 kB
MemTotal:        1844596 kB
MemFree:          213144 kB
MemAvailable:    1486120 kB
Buffers:          101116 kB
Cached:          1191652 kB
MemTotal:        1844596 kB
MemFree:          214488 kB
MemAvailable:    1487464 kB
Buffers:          101116 kB
Cached:          1191652 kB
MemTotal:        1844596 kB
MemFree:          213284 kB
MemAvailable:    1486260 kB
Buffers:          101116 kB
Cached:          1191652 kB
MemTotal:        1844596 kB
MemFree:          213152 kB
MemAvailable:    1486132 kB
Buffers:          101116 kB
Cached:          1191656 kB
MemTotal:        1844596 kB
MemFree:          214104 kB
MemAvailable:    1487084 kB
Buffers:          101116 kB
Cached:          1191656 kB
MemTotal:        1844596 kB
MemFree:          212912 kB
MemAvailable:    1485892 kB
Buffers:          101116 kB
Cached:          1191656 kB
MemTotal:        1844596 kB
MemFree:          213724 kB
MemAvailable:    1486704 kB
Buffers:          101116 kB
Cached:          1191656 kB
MemTotal:        1844596 kB
MemFree:          214060 kB
MemAvailable:    1487040 kB
Buffers:          101116 kB
Cached:          1191656 kB
MemTotal:        1844596 kB
MemFree:          213948 kB
MemAvailable:    1486928 kB
Buffers:          101116 kB
Cached:          1191656 kB
MemTotal:        1844596 kB
MemFree:          213932 kB
MemAvailable:    1486912 kB
Buffers:          101116 kB
Cached:          1191656 kB
MemTotal:        1844596 kB
MemFree:          214104 kB
MemAvailable:    1487084 kB
Buffers:          101116 kB
Cached:          1191656 kB
MemTotal:        1844596 kB
MemFree:          213624 kB
MemAvailable:    1486604 kB
Buffers:          101116 kB
Cached:          1191656 kB
MemTotal:        1844596 kB
MemFree:          213960 kB
MemAvailable:    1486940 kB
Buffers:          101116 kB
Cached:          1191656 kB
MemTotal:        1844596 kB
MemFree:          213576 kB
MemAvailable:    1486556 kB
Buffers:          101116 kB
Cached:          1191656 kB
MemTotal:        1844596 kB
MemFree:          213576 kB
MemAvailable:    1486556 kB
Buffers:          101116 kB
Cached:          1191656 kB
MemTotal:        1844596 kB
MemFree:          213592 kB
MemAvailable:    1486572 kB
Buffers:          101116 kB
Cached:          1191656 kB
MemTotal:        1844596 kB
MemFree:          213640 kB
MemAvailable:    1486620 kB
Buffers:          101116 kB
Cached:          1191656 kB
MemTotal:        1844596 kB
MemFree:          213516 kB
MemAvailable:    1486496 kB
Buffers:          101116 kB
Cached:          1191656 kB
MemTotal:        1844596 kB
MemFree:          213276 kB
MemAvailable:    1486256 kB
Buffers:          101116 kB
Cached:          1191656 kB
MemTotal:        1844596 kB
MemFree:          210608 kB
MemAvailable:    1483588 kB
Buffers:          101116 kB
Cached:          1191656 kB
MemTotal:        1844596 kB
MemFree:          208200 kB
MemAvailable:    1481180 kB
Buffers:          101116 kB
Cached:          1191656 kB
MemTotal:        1844596 kB
MemFree:          205704 kB
MemAvailable:    1478684 kB
Buffers:          101116 kB
Cached:          1191656 kB
MemTotal:        1844596 kB
MemFree:          205704 kB
MemAvailable:    1478684 kB
Buffers:          101116 kB
Cached:          1191656 kB
MemTotal:        1844596 kB
MemFree:          205416 kB
MemAvailable:    1478396 kB
Buffers:          101116 kB
Cached:          1191656 kB
MemTotal:        1844596 kB
MemFree:          205388 kB
MemAvailable:    1478368 kB
Buffers:          101116 kB
Cached:          1191656 kB
MemTotal:        1844596 kB
MemFree:          205340 kB
MemAvailable:    1478320 kB
Buffers:          101116 kB
Cached:          1191656 kB
MemTotal:        1844596 kB
MemFree:          205084 kB
MemAvailable:    1478064 kB
Buffers:          101116 kB
Cached:          1191656 kB
MemTotal:        1844596 kB
MemFree:          203908 kB
MemAvailable:    1476888 kB
Buffers:          101116 kB
Cached:          1191656 kB
MemTotal:        1844596 kB
MemFree:          204952 kB
MemAvailable:    1477932 kB
Buffers:          101116 kB
Cached:          1191656 kB
MemTotal:        1844596 kB
MemFree:          203728 kB
MemAvailable:    1476708 kB
Buffers:          101116 kB
Cached:          1191656 kB
MemTotal:        1844596 kB
MemFree:          204788 kB
MemAvailable:    1477768 kB
Buffers:          101116 kB
Cached:          1191656 kB
MemTotal:        1844596 kB
MemFree:          205044 kB
MemAvailable:    1478024 kB
Buffers:          101116 kB
Cached:          1191656 kB
MemTotal:        1844596 kB
MemFree:          205124 kB
MemAvailable:    1478104 kB
Buffers:          101116 kB
Cached:          1191656 kB
MemTotal:        1844596 kB
MemFree:          204944 kB
MemAvailable:    1477924 kB
Buffers:          101116 kB
Cached:          1191656 kB
MemTotal:        1844596 kB
MemFree:          204976 kB
MemAvailable:    1477956 kB
Buffers:          101116 kB
Cached:          1191656 kB
MemTotal:        1844596 kB
MemFree:          204920 kB
MemAvailable:    1477900 kB
Buffers:          101116 kB
Cached:          1191656 kB
MemTotal:        1844596 kB
MemFree:          203716 kB
MemAvailable:    1476696 kB
Buffers:          101116 kB
Cached:          1191656 kB
MemTotal:        1844596 kB
MemFree:          204908 kB
MemAvailable:    1477888 kB
Buffers:          101116 kB
Cached:          1191656 kB
MemTotal:        1844596 kB
MemFree:          204908 kB
MemAvailable:    1477888 kB
Buffers:          101116 kB
Cached:          1191656 kB
MemTotal:        1844596 kB
MemFree:          203604 kB
MemAvailable:    1476584 kB
Buffers:          101116 kB
Cached:          1191656 kB
MemTotal:        1844596 kB
MemFree:          204724 kB
MemAvailable:    1477704 kB
Buffers:          101116 kB
Cached:          1191656 kB
MemTotal:        1844596 kB
MemFree:          204732 kB
MemAvailable:    1477712 kB
Buffers:          101116 kB
Cached:          1191656 kB
MemTotal:        1844596 kB
MemFree:          203680 kB
MemAvailable:    1476660 kB
Buffers:          101116 kB
Cached:          1191656 kB
MemTotal:        1844596 kB
MemFree:          203804 kB
MemAvailable:    1476784 kB
Buffers:          101116 kB
Cached:          1191656 kB
MemTotal:        1844596 kB
MemFree:          204912 kB
MemAvailable:    1477892 kB
Buffers:          101116 kB
Cached:          1191656 kB
MemTotal:        1844596 kB
MemFree:          205164 kB
MemAvailable:    1478144 kB
Buffers:          101116 kB
Cached:          1191656 kB
MemTotal:        1844596 kB
MemFree:          204788 kB
MemAvailable:    1477768 kB
Buffers:          101116 kB
Cached:          1191656 kB
MemTotal:        1844596 kB
MemFree:          205044 kB
MemAvailable:    1478024 kB
Buffers:          101116 kB
Cached:          1191656 kB
MemTotal:        1844596 kB
MemFree:          204900 kB
MemAvailable:    1477880 kB
Buffers:          101116 kB
Cached:          1191656 kB
MemTotal:        1844596 kB
MemFree:          204900 kB
MemAvailable:    1477880 kB
Buffers:          101116 kB
Cached:          1191656 kB
MemTotal:        1844596 kB
MemFree:          203708 kB
MemAvailable:    1476688 kB
Buffers:          101116 kB
Cached:          1191656 kB
MemTotal:        1844596 kB
MemFree:          205004 kB
MemAvailable:    1477984 kB
Buffers:          101116 kB
Cached:          1191656 kB
MemTotal:        1844596 kB
MemFree:          204604 kB
MemAvailable:    1477584 kB
Buffers:          101116 kB
Cached:          1191656 kB
MemTotal:        1844596 kB
MemFree:          203728 kB
MemAvailable:    1476708 kB
Buffers:          101116 kB
Cached:          1191656 kB
MemTotal:        1844596 kB
MemFree:          203680 kB
MemAvailable:    1476660 kB
Buffers:          101116 kB
Cached:          1191656 kB
MemTotal:        1844596 kB
MemFree:          204788 kB
MemAvailable:    1477768 kB
Buffers:          101116 kB
Cached:          1191656 kB
MemTotal:        1844596 kB
MemFree:          205044 kB
MemAvailable:    1478024 kB
Buffers:          101116 kB
Cached:          1191656 kB
MemTotal:        1844596 kB
MemFree:          202348 kB
MemAvailable:    1475328 kB
Buffers:          101116 kB
Cached:          1191656 kB
MemTotal:        1844596 kB
MemFree:          202116 kB
MemAvailable:    1475096 kB
Buffers:          101116 kB
Cached:          1191656 kB
MemTotal:        1844596 kB
MemFree:          197148 kB
MemAvailable:    1470128 kB
Buffers:          101116 kB
Cached:          1191656 kB
MemTotal:        1844596 kB
MemFree:          195420 kB
MemAvailable:    1468400 kB
Buffers:          101116 kB
Cached:          1191656 kB
MemTotal:        1844596 kB
MemFree:          194172 kB
MemAvailable:    1467152 kB
Buffers:          101116 kB
Cached:          1191656 kB
MemTotal:        1844596 kB
MemFree:          193940 kB
MemAvailable:    1466920 kB
Buffers:          101116 kB
Cached:          1191656 kB
MemTotal:        1844596 kB
MemFree:          194164 kB
MemAvailable:    1467144 kB
Buffers:          101116 kB
Cached:          1191656 kB
MemTotal:        1844596 kB
MemFree:          193868 kB
MemAvailable:    1466848 kB
Buffers:          101116 kB
Cached:          1191656 kB
MemTotal:        1844596 kB
MemFree:          194124 kB
MemAvailable:    1467104 kB
Buffers:          101116 kB
Cached:          1191656 kB
MemTotal:        1844596 kB
MemFree:          194168 kB
MemAvailable:    1467148 kB
Buffers:          101116 kB
Cached:          1191656 kB
MemTotal:        1844596 kB
MemFree:          192872 kB
MemAvailable:    1465852 kB
Buffers:          101116 kB
Cached:          1191656 kB
MemTotal:        1844596 kB
MemFree:          194116 kB
MemAvailable:    1467104 kB
Buffers:          101116 kB
Cached:          1191664 kB
MemTotal:        1844596 kB
MemFree:          193444 kB
MemAvailable:    1466432 kB
Buffers:          101116 kB
Cached:          1191664 kB
MemTotal:        1844596 kB
MemFree:          194040 kB
MemAvailable:    1467028 kB
Buffers:          101116 kB
Cached:          1191664 kB
MemTotal:        1844596 kB
MemFree:          193932 kB
MemAvailable:    1466920 kB
Buffers:          101116 kB
Cached:          1191664 kB
MemTotal:        1844596 kB
MemFree:          192760 kB
MemAvailable:    1465748 kB
Buffers:          101116 kB
Cached:          1191664 kB
MemTotal:        1844596 kB
MemFree:          194060 kB
MemAvailable:    1467048 kB
Buffers:          101116 kB
Cached:          1191664 kB
MemTotal:        1844596 kB
MemFree:          194156 kB
MemAvailable:    1467144 kB
Buffers:          101116 kB
Cached:          1191664 kB
MemTotal:        1844596 kB
MemFree:          194156 kB
MemAvailable:    1467144 kB
Buffers:          101116 kB
Cached:          1191664 kB
MemTotal:        1844596 kB
MemFree:          194060 kB
MemAvailable:    1467048 kB
Buffers:          101116 kB
Cached:          1191664 kB
MemTotal:        1844596 kB
MemFree:          192884 kB
MemAvailable:    1465872 kB
Buffers:          101116 kB
Cached:          1191664 kB
MemTotal:        1844596 kB
MemFree:          192804 kB
MemAvailable:    1465792 kB
Buffers:          101116 kB
Cached:          1191664 kB
MemTotal:        1844596 kB
MemFree:          193004 kB
MemAvailable:    1465992 kB
Buffers:          101116 kB
Cached:          1191664 kB
MemTotal:        1844596 kB
MemFree:          192756 kB
MemAvailable:    1465744 kB
Buffers:          101116 kB
Cached:          1191664 kB
MemTotal:        1844596 kB
MemFree:          193996 kB
MemAvailable:    1466984 kB
Buffers:          101116 kB
Cached:          1191664 kB
MemTotal:        1844596 kB
MemFree:          193320 kB
MemAvailable:    1466308 kB
Buffers:          101116 kB
Cached:          1191664 kB
MemTotal:        1844596 kB
MemFree:          193916 kB
MemAvailable:    1466904 kB
Buffers:          101116 kB
Cached:          1191664 kB
MemTotal:        1844596 kB
MemFree:          194124 kB
MemAvailable:    1467112 kB
Buffers:          101116 kB
Cached:          1191664 kB
MemTotal:        1844596 kB
MemFree:          192692 kB
MemAvailable:    1465680 kB
Buffers:          101116 kB
Cached:          1191664 kB
MemTotal:        1844596 kB
MemFree:          194048 kB
MemAvailable:    1467036 kB
Buffers:          101116 kB
Cached:          1191664 kB
MemTotal:        1844596 kB
MemFree:          194300 kB
MemAvailable:    1467288 kB
Buffers:          101116 kB
Cached:          1191664 kB
MemTotal:        1844596 kB
MemFree:          194008 kB
MemAvailable:    1466996 kB
Buffers:          101116 kB
Cached:          1191664 kB
MemTotal:        1844596 kB
MemFree:          192804 kB
MemAvailable:    1465792 kB
Buffers:          101116 kB
Cached:          1191664 kB
MemTotal:        1844596 kB
MemFree:          193996 kB
MemAvailable:    1466984 kB
Buffers:          101116 kB
Cached:          1191664 kB
MemTotal:        1844596 kB
MemFree:          193676 kB
MemAvailable:    1466664 kB
Buffers:          101116 kB
Cached:          1191664 kB
MemTotal:        1844596 kB
MemFree:          194428 kB
MemAvailable:    1467420 kB
Buffers:          101116 kB
Cached:          1191668 kB
MemTotal:        1844596 kB
MemFree:          193312 kB
MemAvailable:    1466304 kB
Buffers:          101116 kB
Cached:          1191668 kB
MemTotal:        1844596 kB
MemFree:          194128 kB
MemAvailable:    1467120 kB
Buffers:          101116 kB
Cached:          1191668 kB
MemTotal:        1844596 kB
MemFree:          192880 kB
MemAvailable:    1465872 kB
Buffers:          101116 kB
Cached:          1191668 kB
MemTotal:        1844596 kB
MemFree:          194032 kB
MemAvailable:    1467024 kB
Buffers:          101116 kB
Cached:          1191668 kB
MemTotal:        1844596 kB
MemFree:          194032 kB
MemAvailable:    1467024 kB
Buffers:          101116 kB
Cached:          1191668 kB
MemTotal:        1844596 kB
MemFree:          194008 kB
MemAvailable:    1467000 kB
Buffers:          101116 kB
Cached:          1191668 kB
MemTotal:        1844596 kB
MemFree:          194188 kB
MemAvailable:    1467180 kB
Buffers:          101116 kB
Cached:          1191668 kB
MemTotal:        1844596 kB
MemFree:          194100 kB
MemAvailable:    1467092 kB
Buffers:          101116 kB
Cached:          1191668 kB
MemTotal:        1844596 kB
MemFree:          193320 kB
MemAvailable:    1466312 kB
Buffers:          101116 kB
Cached:          1191668 kB
MemTotal:        1844596 kB
MemFree:          194056 kB
MemAvailable:    1467048 kB
Buffers:          101116 kB
Cached:          1191668 kB
MemTotal:        1844596 kB
MemFree:          192816 kB
MemAvailable:    1465808 kB
Buffers:          101116 kB
Cached:          1191668 kB
MemTotal:        1844596 kB
MemFree:          193884 kB
MemAvailable:    1466876 kB
Buffers:          101116 kB
Cached:          1191668 kB
MemTotal:        1844596 kB
MemFree:          193992 kB
MemAvailable:    1466984 kB
Buffers:          101116 kB
Cached:          1191668 kB
MemTotal:        1844596 kB
MemFree:          193320 kB
MemAvailable:    1466312 kB
Buffers:          101116 kB
Cached:          1191668 kB
MemTotal:        1844596 kB
MemFree:          194056 kB
MemAvailable:    1467048 kB
Buffers:          101116 kB
Cached:          1191668 kB
MemTotal:        1844596 kB
MemFree:          192684 kB
MemAvailable:    1465676 kB
Buffers:          101116 kB
Cached:          1191668 kB
MemTotal:        1844596 kB
MemFree:          192676 kB
MemAvailable:    1465668 kB
Buffers:          101116 kB
Cached:          1191668 kB
MemTotal:        1844596 kB
MemFree:          193744 kB
MemAvailable:    1466736 kB
Buffers:          101116 kB
Cached:          1191668 kB
MemTotal:        1844596 kB
MemFree:          193496 kB
MemAvailable:    1466488 kB
Buffers:          101116 kB
Cached:          1191668 kB
MemTotal:        1844596 kB
MemFree:          193272 kB
MemAvailable:    1466268 kB
Buffers:          101116 kB
Cached:          1191672 kB
MemTotal:        1844596 kB
MemFree:          193008 kB
MemAvailable:    1466004 kB
Buffers:          101116 kB
Cached:          1191672 kB
MemTotal:        1844596 kB
MemFree:          193008 kB
MemAvailable:    1466004 kB
Buffers:          101116 kB
Cached:          1191672 kB
MemTotal:        1844596 kB
MemFree:          192668 kB
MemAvailable:    1465664 kB
Buffers:          101116 kB
Cached:          1191672 kB
MemTotal:        1844596 kB
MemFree:          193004 kB
MemAvailable:    1466000 kB
Buffers:          101116 kB
Cached:          1191672 kB
MemTotal:        1844596 kB
MemFree:          192760 kB
MemAvailable:    1465756 kB
Buffers:          101116 kB
Cached:          1191672 kB
MemTotal:        1844596 kB
MemFree:          191560 kB
MemAvailable:    1464556 kB
Buffers:          101116 kB
Cached:          1191672 kB
MemTotal:        1844596 kB
MemFree:          191388 kB
MemAvailable:    1464384 kB
Buffers:          101116 kB
Cached:          1191672 kB
MemTotal:        1844596 kB
MemFree:          192612 kB
MemAvailable:    1465608 kB
Buffers:          101116 kB
Cached:          1191672 kB
MemTotal:        1844596 kB
MemFree:          192612 kB
MemAvailable:    1465608 kB
Buffers:          101116 kB
Cached:          1191672 kB
MemTotal:        1844596 kB
MemFree:          192288 kB
MemAvailable:    1465284 kB
Buffers:          101116 kB
Cached:          1191672 kB
MemTotal:        1844596 kB
MemFree:          192624 kB
MemAvailable:    1465620 kB
Buffers:          101116 kB
Cached:          1191672 kB
MemTotal:        1844596 kB
MemFree:          192408 kB
MemAvailable:    1465404 kB
Buffers:          101116 kB
Cached:          1191672 kB
MemTotal:        1844596 kB
MemFree:          192660 kB
MemAvailable:    1465656 kB
Buffers:          101116 kB
Cached:          1191672 kB
MemTotal:        1844596 kB
MemFree:          191048 kB
MemAvailable:    1464044 kB
Buffers:          101116 kB
Cached:          1191672 kB
MemTotal:        1844596 kB
MemFree:          191172 kB
MemAvailable:    1464168 kB
Buffers:          101116 kB
Cached:          1191672 kB
MemTotal:        1844596 kB
MemFree:          192472 kB
MemAvailable:    1465468 kB
Buffers:          101116 kB
Cached:          1191672 kB
MemTotal:        1844596 kB
MemFree:          191528 kB
MemAvailable:    1464524 kB
Buffers:          101116 kB
Cached:          1191672 kB
MemTotal:        1844596 kB
MemFree:          192304 kB
MemAvailable:    1465300 kB
Buffers:          101116 kB
Cached:          1191672 kB
MemTotal:        1844596 kB
MemFree:          192640 kB
MemAvailable:    1465636 kB
Buffers:          101116 kB
Cached:          1191672 kB
MemTotal:        1844596 kB
MemFree:          192304 kB
MemAvailable:    1465300 kB
Buffers:          101116 kB
Cached:          1191672 kB
MemTotal:        1844596 kB
MemFree:          191072 kB
MemAvailable:    1464068 kB
Buffers:          101116 kB
Cached:          1191672 kB
MemTotal:        1844596 kB
MemFree:          192256 kB
MemAvailable:    1465252 kB
Buffers:          101116 kB
Cached:          1191672 kB
MemTotal:        1844596 kB
MemFree:          192256 kB
MemAvailable:    1465252 kB
Buffers:          101116 kB
Cached:          1191672 kB
MemTotal:        1844596 kB
MemFree:          188848 kB
MemAvailable:    1461844 kB
Buffers:          101116 kB
Cached:          1191672 kB
MemTotal:        1844596 kB
MemFree:          186616 kB
MemAvailable:    1459612 kB
Buffers:          101116 kB
Cached:          1191672 kB
MemTotal:        1844596 kB
MemFree:          182524 kB
MemAvailable:    1455520 kB
Buffers:          101116 kB
Cached:          1191672 kB
MemTotal:        1844596 kB
MemFree:          181392 kB
MemAvailable:    1454388 kB
Buffers:          101116 kB
Cached:          1191672 kB
MemTotal:        1844596 kB
MemFree:          181480 kB
MemAvailable:    1454476 kB
Buffers:          101116 kB
Cached:          1191672 kB
MemTotal:        1844596 kB
MemFree:          180780 kB
MemAvailable:    1453776 kB
Buffers:          101116 kB
Cached:          1191672 kB
MemTotal:        1844596 kB
MemFree:          180864 kB
MemAvailable:    1453860 kB
Buffers:          101116 kB
Cached:          1191672 kB
MemTotal:        1844596 kB
MemFree:          180580 kB
MemAvailable:    1453576 kB
Buffers:          101116 kB
Cached:          1191672 kB
MemTotal:        1844596 kB
MemFree:          180436 kB
MemAvailable:    1453432 kB
Buffers:          101116 kB
Cached:          1191672 kB
MemTotal:        1844596 kB
MemFree:          180224 kB
MemAvailable:    1453220 kB
Buffers:          101116 kB
Cached:          1191672 kB
MemTotal:        1844596 kB
MemFree:          180036 kB
MemAvailable:    1453032 kB
Buffers:          101116 kB
Cached:          1191672 kB
MemTotal:        1844596 kB
MemFree:          177944 kB
MemAvailable:    1450940 kB
Buffers:          101116 kB
Cached:          1191672 kB
MemTotal:        1844596 kB
MemFree:          178804 kB
MemAvailable:    1451804 kB
Buffers:          101116 kB
Cached:          1191676 kB
MemTotal:        1844596 kB
MemFree:          178556 kB
MemAvailable:    1451556 kB
Buffers:          101116 kB
Cached:          1191676 kB
MemTotal:        1844596 kB
MemFree:          176944 kB
MemAvailable:    1449944 kB
Buffers:          101116 kB
Cached:          1191676 kB
MemTotal:        1844596 kB
MemFree:          177424 kB
MemAvailable:    1450424 kB
Buffers:          101116 kB
Cached:          1191676 kB
MemTotal:        1844596 kB
MemFree:          176192 kB
MemAvailable:    1449192 kB
Buffers:          101116 kB
Cached:          1191676 kB
MemTotal:        1844596 kB
MemFree:          177260 kB
MemAvailable:    1450260 kB
Buffers:          101116 kB
Cached:          1191676 kB
MemTotal:        1844596 kB
MemFree:          176456 kB
MemAvailable:    1449456 kB
Buffers:          101116 kB
Cached:          1191676 kB
MemTotal:        1844596 kB
MemFree:          177176 kB
MemAvailable:    1450176 kB
Buffers:          101116 kB
Cached:          1191676 kB
MemTotal:        1844596 kB
MemFree:          177512 kB
MemAvailable:    1450512 kB
Buffers:          101116 kB
Cached:          1191676 kB
MemTotal:        1844596 kB
MemFree:          177268 kB
MemAvailable:    1450268 kB
Buffers:          101116 kB
Cached:          1191676 kB
MemTotal:        1844596 kB
MemFree:          177004 kB
MemAvailable:    1450004 kB
Buffers:          101116 kB
Cached:          1191676 kB
MemTotal:        1844596 kB
MemFree:          177340 kB
MemAvailable:    1450340 kB
Buffers:          101116 kB
Cached:          1191676 kB
MemTotal:        1844596 kB
MemFree:          177180 kB
MemAvailable:    1450180 kB
Buffers:          101116 kB
Cached:          1191676 kB
MemTotal:        1844596 kB
MemFree:          177320 kB
MemAvailable:    1450320 kB
Buffers:          101116 kB
Cached:          1191676 kB
MemTotal:        1844596 kB
MemFree:          177188 kB
MemAvailable:    1450188 kB
Buffers:          101116 kB
Cached:          1191676 kB
MemTotal:        1844596 kB
MemFree:          176988 kB
MemAvailable:    1449988 kB
Buffers:          101116 kB
Cached:          1191676 kB
MemTotal:        1844596 kB
MemFree:          177188 kB
MemAvailable:    1450188 kB
Buffers:          101116 kB
Cached:          1191676 kB
MemTotal:        1844596 kB
MemFree:          175880 kB
MemAvailable:    1448880 kB
Buffers:          101116 kB
Cached:          1191676 kB
MemTotal:        1844596 kB
MemFree:          176656 kB
MemAvailable:    1449656 kB
Buffers:          101116 kB
Cached:          1191676 kB
MemTotal:        1844596 kB
MemFree:          175768 kB
MemAvailable:    1448768 kB
Buffers:          101116 kB
Cached:          1191676 kB
MemTotal:        1844596 kB
MemFree:          175384 kB
MemAvailable:    1448384 kB
Buffers:          101116 kB
Cached:          1191676 kB
MemTotal:        1844596 kB
MemFree:          175012 kB
MemAvailable:    1448012 kB
Buffers:          101116 kB
Cached:          1191676 kB
MemTotal:        1844596 kB
MemFree:          175180 kB
MemAvailable:    1448180 kB
Buffers:          101116 kB
Cached:          1191676 kB
MemTotal:        1844596 kB
MemFree:          174572 kB
MemAvailable:    1447572 kB
Buffers:          101116 kB
Cached:          1191676 kB
MemTotal:        1844596 kB
MemFree:          174572 kB
MemAvailable:    1447572 kB
Buffers:          101116 kB
Cached:          1191676 kB
MemTotal:        1844596 kB
MemFree:          173960 kB
MemAvailable:    1446960 kB
Buffers:          101116 kB
Cached:          1191676 kB
MemTotal:        1844596 kB
MemFree:          174296 kB
MemAvailable:    1447296 kB
Buffers:          101116 kB
Cached:          1191676 kB
MemTotal:        1844596 kB
MemFree:          172712 kB
MemAvailable:    1445712 kB
Buffers:          101116 kB
Cached:          1191676 kB
MemTotal:        1844596 kB
MemFree:          172852 kB
MemAvailable:    1445852 kB
Buffers:          101116 kB
Cached:          1191676 kB
MemTotal:        1844596 kB
MemFree:          173540 kB
MemAvailable:    1446540 kB
Buffers:          101116 kB
Cached:          1191676 kB
MemTotal:        1844596 kB
MemFree:          173664 kB
MemAvailable:    1446664 kB
Buffers:          101116 kB
Cached:          1191676 kB
MemTotal:        1844596 kB
MemFree:          172480 kB
MemAvailable:    1445480 kB
Buffers:          101116 kB
Cached:          1191676 kB
MemTotal:        1844596 kB
MemFree:          173216 kB
MemAvailable:    1446216 kB
Buffers:          101116 kB
Cached:          1191676 kB
MemTotal:        1844596 kB
MemFree:          173216 kB
MemAvailable:    1446216 kB
Buffers:          101116 kB
Cached:          1191676 kB
MemTotal:        1844596 kB
MemFree:          172968 kB
MemAvailable:    1445968 kB
Buffers:          101116 kB
Cached:          1191676 kB
MemTotal:        1844596 kB
MemFree:          173224 kB
MemAvailable:    1446224 kB
Buffers:          101116 kB
Cached:          1191676 kB
MemTotal:        1844596 kB
MemFree:          171984 kB
MemAvailable:    1444984 kB
Buffers:          101116 kB
Cached:          1191676 kB
MemTotal:        1844596 kB
MemFree:          173100 kB
MemAvailable:    1446100 kB
Buffers:          101116 kB
Cached:          1191676 kB
MemTotal:        1844596 kB
MemFree:          173044 kB
MemAvailable:    1446044 kB
Buffers:          101116 kB
Cached:          1191676 kB
MemTotal:        1844596 kB
MemFree:          173092 kB
MemAvailable:    1446092 kB
Buffers:          101116 kB
Cached:          1191676 kB
MemTotal:        1844596 kB
MemFree:          173048 kB
MemAvailable:    1446048 kB
Buffers:          101116 kB
Cached:          1191676 kB
MemTotal:        1844596 kB
MemFree:          172844 kB
MemAvailable:    1445844 kB
Buffers:          101116 kB
Cached:          1191676 kB
MemTotal:        1844596 kB
MemFree:          172948 kB
MemAvailable:    1445948 kB
Buffers:          101116 kB
Cached:          1191676 kB
MemTotal:        1844596 kB
MemFree:          173032 kB
MemAvailable:    1446032 kB
Buffers:          101116 kB
Cached:          1191676 kB
MemTotal:        1844596 kB
MemFree:          172664 kB
MemAvailable:    1445664 kB
Buffers:          101116 kB
Cached:          1191676 kB
MemTotal:        1844596 kB
MemFree:          173000 kB
MemAvailable:    1446000 kB
Buffers:          101116 kB
Cached:          1191676 kB
MemTotal:        1844596 kB
MemFree:          171432 kB
MemAvailable:    1444432 kB
Buffers:          101116 kB
Cached:          1191676 kB
MemTotal:        1844596 kB
MemFree:          171548 kB
MemAvailable:    1444548 kB
Buffers:          101116 kB
Cached:          1191676 kB
MemTotal:        1844596 kB
MemFree:          172872 kB
MemAvailable:    1445872 kB
Buffers:          101116 kB
Cached:          1191676 kB
MemTotal:        1844596 kB
MemFree:          172856 kB
MemAvailable:    1445856 kB
Buffers:          101116 kB
Cached:          1191676 kB
MemTotal:        1844596 kB
MemFree:          172856 kB
MemAvailable:    1445856 kB
Buffers:          101116 kB
Cached:          1191676 kB
MemTotal:        1844596 kB
MemFree:          171804 kB
MemAvailable:    1444804 kB
Buffers:          101116 kB
Cached:          1191676 kB
MemTotal:        1844596 kB
MemFree:          172980 kB
MemAvailable:    1445980 kB
Buffers:          101116 kB
Cached:          1191676 kB
MemTotal:        1844596 kB
MemFree:          172108 kB
MemAvailable:    1445108 kB
Buffers:          101116 kB
Cached:          1191676 kB
MemTotal:        1844596 kB
MemFree:          172724 kB
MemAvailable:    1445724 kB
Buffers:          101116 kB
Cached:          1191676 kB
MemTotal:        1844596 kB
MemFree:          173024 kB
MemAvailable:    1446024 kB
Buffers:          101116 kB
Cached:          1191676 kB
MemTotal:        1844596 kB
MemFree:          172612 kB
MemAvailable:    1445612 kB
Buffers:          101116 kB
Cached:          1191676 kB
MemTotal:        1844596 kB
MemFree:          170992 kB
MemAvailable:    1443992 kB
Buffers:          101116 kB
Cached:          1191676 kB
MemTotal:        1844596 kB
MemFree:          171596 kB
MemAvailable:    1444596 kB
Buffers:          101116 kB
Cached:          1191676 kB
MemTotal:        1844596 kB
MemFree:          171596 kB
MemAvailable:    1444596 kB
Buffers:          101116 kB
Cached:          1191676 kB
MemTotal:        1844596 kB
MemFree:          170736 kB
MemAvailable:    1443736 kB
Buffers:          101116 kB
Cached:          1191676 kB
MemTotal:        1844596 kB
MemFree:          170820 kB
MemAvailable:    1443820 kB
Buffers:          101116 kB
Cached:          1191676 kB
MemTotal:        1844596 kB
MemFree:          169008 kB
MemAvailable:    1442008 kB
Buffers:          101116 kB
Cached:          1191676 kB
MemTotal:        1844596 kB
MemFree:          166712 kB
MemAvailable:    1439712 kB
Buffers:          101116 kB
Cached:          1191676 kB
MemTotal:        1844596 kB
MemFree:          164896 kB
MemAvailable:    1437896 kB
Buffers:          101116 kB
Cached:          1191676 kB
MemTotal:        1844596 kB
MemFree:          162312 kB
MemAvailable:    1435312 kB
Buffers:          101116 kB
Cached:          1191676 kB
MemTotal:        1844596 kB
MemFree:          158336 kB
MemAvailable:    1431336 kB
Buffers:          101116 kB
Cached:          1191676 kB
MemTotal:        1844596 kB
MemFree:          158212 kB
MemAvailable:    1431212 kB
Buffers:          101116 kB
Cached:          1191676 kB
MemTotal:        1844596 kB
MemFree:          154708 kB
MemAvailable:    1427708 kB
Buffers:          101116 kB
Cached:          1191676 kB
MemTotal:        1844596 kB
MemFree:          154444 kB
MemAvailable:    1427444 kB
Buffers:          101116 kB
Cached:          1191676 kB
MemTotal:        1844596 kB
MemFree:          154696 kB
MemAvailable:    1427696 kB
Buffers:          101116 kB
Cached:          1191676 kB
MemTotal:        1844596 kB
MemFree:          154484 kB
MemAvailable:    1427484 kB
Buffers:          101116 kB
Cached:          1191676 kB
MemTotal:        1844596 kB
MemFree:          154428 kB
MemAvailable:    1427428 kB
Buffers:          101116 kB
Cached:          1191676 kB
MemTotal:        1844596 kB
MemFree:          154296 kB
MemAvailable:    1427296 kB
Buffers:          101116 kB
Cached:          1191676 kB
MemTotal:        1844596 kB
MemFree:          153072 kB
MemAvailable:    1426072 kB
Buffers:          101116 kB
Cached:          1191676 kB
MemTotal:        1844596 kB
MemFree:          153764 kB
MemAvailable:    1426764 kB
Buffers:          101116 kB
Cached:          1191676 kB
MemTotal:        1844596 kB
MemFree:          154112 kB
MemAvailable:    1427112 kB
Buffers:          101116 kB
Cached:          1191676 kB
MemTotal:        1844596 kB
MemFree:          154304 kB
MemAvailable:    1427304 kB
Buffers:          101116 kB
Cached:          1191676 kB
MemTotal:        1844596 kB
MemFree:          153936 kB
MemAvailable:    1426936 kB
Buffers:          101116 kB
Cached:          1191676 kB
MemTotal:        1844596 kB
MemFree:          154272 kB
MemAvailable:    1427272 kB
Buffers:          101116 kB
Cached:          1191676 kB
MemTotal:        1844596 kB
MemFree:          154156 kB
MemAvailable:    1427164 kB
Buffers:          101116 kB
Cached:          1191684 kB
MemTotal:        1844596 kB
MemFree:          154328 kB
MemAvailable:    1427336 kB
Buffers:          101116 kB
Cached:          1191684 kB
MemTotal:        1844596 kB
MemFree:          152392 kB
MemAvailable:    1425404 kB
Buffers:          101116 kB
Cached:          1191688 kB
MemTotal:        1844596 kB
MemFree:          153632 kB
MemAvailable:    1426644 kB
Buffers:          101116 kB
Cached:          1191688 kB
MemTotal:        1844596 kB
MemFree:          152260 kB
MemAvailable:    1425272 kB
Buffers:          101116 kB
Cached:          1191688 kB
MemTotal:        1844596 kB
MemFree:          153500 kB
MemAvailable:    1426512 kB
Buffers:          101116 kB
Cached:          1191688 kB
MemTotal:        1844596 kB
MemFree:          152128 kB
MemAvailable:    1425140 kB
Buffers:          101116 kB
Cached:          1191688 kB
MemTotal:        1844596 kB
MemFree:          152252 kB
MemAvailable:    1425264 kB
Buffers:          101116 kB
Cached:          1191688 kB
MemTotal:        1844596 kB
MemFree:          153228 kB
MemAvailable:    1426240 kB
Buffers:          101116 kB
Cached:          1191688 kB
MemTotal:        1844596 kB
MemFree:          153312 kB
MemAvailable:    1426324 kB
Buffers:          101116 kB
Cached:          1191688 kB
MemTotal:        1844596 kB
MemFree:          153592 kB
MemAvailable:    1426604 kB
Buffers:          101116 kB
Cached:          1191688 kB
MemTotal:        1844596 kB
MemFree:          153324 kB
MemAvailable:    1426336 kB
Buffers:          101116 kB
Cached:          1191688 kB
MemTotal:        1844596 kB
MemFree:          153380 kB
MemAvailable:    1426392 kB
Buffers:          101116 kB
Cached:          1191688 kB
MemTotal:        1844596 kB
MemFree:          153416 kB
MemAvailable:    1426428 kB
Buffers:          101116 kB
Cached:          1191688 kB
MemTotal:        1844596 kB
MemFree:          153320 kB
MemAvailable:    1426332 kB
Buffers:          101116 kB
Cached:          1191688 kB
MemTotal:        1844596 kB
MemFree:          153272 kB
MemAvailable:    1426284 kB
Buffers:          101116 kB
Cached:          1191688 kB
MemTotal:        1844596 kB
MemFree:          153212 kB
MemAvailable:    1426224 kB
Buffers:          101116 kB
Cached:          1191688 kB
MemTotal:        1844596 kB
MemFree:          153396 kB
MemAvailable:    1426408 kB
Buffers:          101116 kB
Cached:          1191688 kB
MemTotal:        1844596 kB
MemFree:          153392 kB
MemAvailable:    1426404 kB
Buffers:          101116 kB
Cached:          1191688 kB
MemTotal:        1844596 kB
MemFree:          153228 kB
MemAvailable:    1426240 kB
Buffers:          101116 kB
Cached:          1191688 kB
MemTotal:        1844596 kB
MemFree:          153260 kB
MemAvailable:    1426272 kB
Buffers:          101116 kB
Cached:          1191688 kB
MemTotal:        1844596 kB
MemFree:          153444 kB
MemAvailable:    1426456 kB
Buffers:          101116 kB
Cached:          1191688 kB
MemTotal:        1844596 kB
MemFree:          152452 kB
MemAvailable:    1425464 kB
Buffers:          101116 kB
Cached:          1191688 kB
MemTotal:        1844596 kB
MemFree:          147804 kB
MemAvailable:    1420816 kB
Buffers:          101116 kB
Cached:          1191688 kB
MemTotal:        1844596 kB
MemFree:          144828 kB
MemAvailable:    1417840 kB
Buffers:          101116 kB
Cached:          1191688 kB
MemTotal:        1844596 kB
MemFree:          141976 kB
MemAvailable:    1414988 kB
Buffers:          101116 kB
Cached:          1191688 kB
MemTotal:        1844596 kB
MemFree:          138876 kB
MemAvailable:    1411888 kB
Buffers:          101116 kB
Cached:          1191688 kB
MemTotal:        1844596 kB
MemFree:          137076 kB
MemAvailable:    1410088 kB
Buffers:          101116 kB
Cached:          1191688 kB
MemTotal:        1844596 kB
MemFree:          134536 kB
MemAvailable:    1407548 kB
Buffers:          101116 kB
Cached:          1191688 kB
MemTotal:        1844596 kB
MemFree:          135224 kB
MemAvailable:    1408236 kB
Buffers:          101116 kB
Cached:          1191688 kB
MemTotal:        1844596 kB
MemFree:          135080 kB
MemAvailable:    1408092 kB
Buffers:          101116 kB
Cached:          1191688 kB
MemTotal:        1844596 kB
MemFree:          135248 kB
MemAvailable:    1408260 kB
Buffers:          101116 kB
Cached:          1191688 kB
MemTotal:        1844596 kB
MemFree:          135004 kB
MemAvailable:    1408016 kB
Buffers:          101116 kB
Cached:          1191688 kB
MemTotal:        1844596 kB
MemFree:          135340 kB
MemAvailable:    1408352 kB
Buffers:          101116 kB
Cached:          1191688 kB
MemTotal:        1844596 kB
MemFree:          133856 kB
MemAvailable:    1406868 kB
Buffers:          101116 kB
Cached:          1191688 kB
MemTotal:        1844596 kB
MemFree:          133724 kB
MemAvailable:    1406736 kB
Buffers:          101116 kB
Cached:          1191688 kB
MemTotal:        1844596 kB
MemFree:          135000 kB
MemAvailable:    1408012 kB
Buffers:          101116 kB
Cached:          1191688 kB
MemTotal:        1844596 kB
MemFree:          135084 kB
MemAvailable:    1408096 kB
Buffers:          101116 kB
Cached:          1191688 kB
MemTotal:        1844596 kB
MemFree:          135068 kB
MemAvailable:    1408080 kB
Buffers:          101116 kB
Cached:          1191688 kB
MemTotal:        1844596 kB
MemFree:          135068 kB
MemAvailable:    1408080 kB
Buffers:          101116 kB
Cached:          1191688 kB
MemTotal:        1844596 kB
MemFree:          134936 kB
MemAvailable:    1407948 kB
Buffers:          101116 kB
Cached:          1191688 kB
MemTotal:        1844596 kB
MemFree:          135272 kB
MemAvailable:    1408284 kB
Buffers:          101116 kB
Cached:          1191688 kB
MemTotal:        1844596 kB
MemFree:          135004 kB
MemAvailable:    1408016 kB
Buffers:          101116 kB
Cached:          1191688 kB
MemTotal:        1844596 kB
MemFree:          135340 kB
MemAvailable:    1408352 kB
Buffers:          101116 kB
Cached:          1191688 kB
MemTotal:        1844596 kB
MemFree:          133772 kB
MemAvailable:    1406784 kB
Buffers:          101116 kB
Cached:          1191688 kB
MemTotal:        1844596 kB
MemFree:          133896 kB
MemAvailable:    1406908 kB
Buffers:          101116 kB
Cached:          1191688 kB
MemTotal:        1844596 kB
MemFree:          135196 kB
MemAvailable:    1408208 kB
Buffers:          101116 kB
Cached:          1191688 kB
MemTotal:        1844596 kB
MemFree:          133764 kB
MemAvailable:    1406776 kB
Buffers:          101116 kB
Cached:          1191688 kB
MemTotal:        1844596 kB
MemFree:          133888 kB
MemAvailable:    1406900 kB
Buffers:          101116 kB
Cached:          1191688 kB
MemTotal:        1844596 kB
MemFree:          135004 kB
MemAvailable:    1408016 kB
Buffers:          101116 kB
Cached:          1191688 kB
MemTotal:        1844596 kB
MemFree:          135184 kB
MemAvailable:    1408196 kB
Buffers:          101116 kB
Cached:          1191688 kB
MemTotal:        1844596 kB
MemFree:          133752 kB
MemAvailable:    1406764 kB
Buffers:          101116 kB
Cached:          1191688 kB
MemTotal:        1844596 kB
MemFree:          134852 kB
MemAvailable:    1407864 kB
Buffers:          101116 kB
Cached:          1191688 kB
MemTotal:        1844596 kB
MemFree:          135188 kB
MemAvailable:    1408200 kB
Buffers:          101116 kB
Cached:          1191688 kB
MemTotal:        1844596 kB
MemFree:          134984 kB
MemAvailable:    1407996 kB
Buffers:          101116 kB
Cached:          1191688 kB
MemTotal:        1844596 kB
MemFree:          135320 kB
MemAvailable:    1408332 kB
Buffers:          101116 kB
Cached:          1191688 kB
MemTotal:        1844596 kB
MemFree:          133612 kB
MemAvailable:    1406624 kB
Buffers:          101116 kB
Cached:          1191688 kB
MemTotal:        1844596 kB
MemFree:          135016 kB
MemAvailable:    1408028 kB
Buffers:          101116 kB
Cached:          1191688 kB
MemTotal:        1844596 kB
MemFree:          135268 kB
MemAvailable:    1408280 kB
Buffers:          101116 kB
Cached:          1191688 kB
MemTotal:        1844596 kB
MemFree:          133736 kB
MemAvailable:    1406748 kB
Buffers:          101116 kB
Cached:          1191688 kB
MemTotal:        1844596 kB
MemFree:          133860 kB
MemAvailable:    1406872 kB
Buffers:          101116 kB
Cached:          1191688 kB
MemTotal:        1844596 kB
MemFree:          135156 kB
MemAvailable:    1408168 kB
Buffers:          101116 kB
Cached:          1191688 kB
MemTotal:        1844596 kB
MemFree:          133892 kB
MemAvailable:    1406904 kB
Buffers:          101116 kB
Cached:          1191688 kB
MemTotal:        1844596 kB
MemFree:          135208 kB
MemAvailable:    1408220 kB
Buffers:          101116 kB
Cached:          1191688 kB
MemTotal:        1844596 kB
MemFree:          133720 kB
MemAvailable:    1406732 kB
Buffers:          101116 kB
Cached:          1191688 kB
MemTotal:        1844596 kB
MemFree:          130124 kB
MemAvailable:    1403136 kB
Buffers:          101116 kB
Cached:          1191688 kB
MemTotal:        1844596 kB
MemFree:          127104 kB
MemAvailable:    1400116 kB
Buffers:          101116 kB
Cached:          1191688 kB
MemTotal:        1844596 kB
MemFree:          121872 kB
MemAvailable:    1394884 kB
Buffers:          101116 kB
Cached:          1191688 kB
MemTotal:        1844596 kB
MemFree:          121748 kB
MemAvailable:    1394760 kB
Buffers:          101116 kB
Cached:          1191688 kB
MemTotal:        1844596 kB
MemFree:          118108 kB
MemAvailable:    1391120 kB
Buffers:          101116 kB
Cached:          1191688 kB
MemTotal:        1844596 kB
MemFree:          117740 kB
MemAvailable:    1390752 kB
Buffers:          101116 kB
Cached:          1191688 kB
MemTotal:        1844596 kB
MemFree:          117804 kB
MemAvailable:    1390816 kB
Buffers:          101116 kB
Cached:          1191688 kB
MemTotal:        1844596 kB
MemFree:          117608 kB
MemAvailable:    1390620 kB
Buffers:          101116 kB
Cached:          1191688 kB
MemTotal:        1844596 kB
MemFree:          117776 kB
MemAvailable:    1390788 kB
Buffers:          101116 kB
Cached:          1191688 kB
MemTotal:        1844596 kB
MemFree:          116980 kB
MemAvailable:    1389992 kB
Buffers:          101116 kB
Cached:          1191688 kB
MemTotal:        1844596 kB
MemFree:          116856 kB
MemAvailable:    1389868 kB
Buffers:          101116 kB
Cached:          1191688 kB
MemTotal:        1844596 kB
MemFree:          116732 kB
MemAvailable:    1389744 kB
Buffers:          101116 kB
Cached:          1191688 kB
MemTotal:        1844596 kB
MemFree:          116492 kB
MemAvailable:    1389504 kB
Buffers:          101116 kB
Cached:          1191688 kB
MemTotal:        1844596 kB
MemFree:          116828 kB
MemAvailable:    1389840 kB
Buffers:          101116 kB
Cached:          1191688 kB
MemTotal:        1844596 kB
MemFree:          116300 kB
MemAvailable:    1389312 kB
Buffers:          101116 kB
Cached:          1191688 kB
MemTotal:        1844596 kB
MemFree:          116300 kB
MemAvailable:    1389312 kB
Buffers:          101116 kB
Cached:          1191688 kB
MemTotal:        1844596 kB
MemFree:          115008 kB
MemAvailable:    1388020 kB
Buffers:          101116 kB
Cached:          1191688 kB
MemTotal:        1844596 kB
MemFree:          116308 kB
MemAvailable:    1389328 kB
Buffers:          101116 kB
Cached:          1191696 kB
MemTotal:        1844596 kB
MemFree:          114808 kB
MemAvailable:    1387828 kB
Buffers:          101116 kB
Cached:          1191696 kB
MemTotal:        1844596 kB
MemFree:          115400 kB
MemAvailable:    1388420 kB
Buffers:          101116 kB
Cached:          1191696 kB
MemTotal:        1844596 kB
MemFree:          115572 kB
MemAvailable:    1388592 kB
Buffers:          101116 kB
Cached:          1191696 kB
MemTotal:        1844596 kB
MemFree:          114200 kB
MemAvailable:    1387220 kB
Buffers:          101116 kB
Cached:          1191696 kB
MemTotal:        1844596 kB
MemFree:          113836 kB
MemAvailable:    1386856 kB
Buffers:          101116 kB
Cached:          1191696 kB
MemTotal:        1844596 kB
MemFree:          114456 kB
MemAvailable:    1387476 kB
Buffers:          101116 kB
Cached:          1191696 kB
MemTotal:        1844596 kB
MemFree:          112712 kB
MemAvailable:    1385732 kB
Buffers:          101116 kB
Cached:          1191696 kB
MemTotal:        1844596 kB
MemFree:          113448 kB
MemAvailable:    1386468 kB
Buffers:          101116 kB
Cached:          1191696 kB
MemTotal:        1844596 kB
MemFree:          113700 kB
MemAvailable:    1386720 kB
Buffers:          101116 kB
Cached:          1191696 kB
MemTotal:        1844596 kB
MemFree:          112968 kB
MemAvailable:    1385988 kB
Buffers:          101116 kB
Cached:          1191696 kB
MemTotal:        1844596 kB
MemFree:          112408 kB
MemAvailable:    1385428 kB
Buffers:          101116 kB
Cached:          1191696 kB
MemTotal:        1844596 kB
MemFree:          110968 kB
MemAvailable:    1383988 kB
Buffers:          101116 kB
Cached:          1191696 kB
MemTotal:        1844596 kB
MemFree:          110928 kB
MemAvailable:    1383948 kB
Buffers:          101116 kB
Cached:          1191696 kB
MemTotal:        1844596 kB
MemFree:          110652 kB
MemAvailable:    1383672 kB
Buffers:          101116 kB
Cached:          1191696 kB
MemTotal:        1844596 kB
MemFree:          110988 kB
MemAvailable:    1384008 kB
Buffers:          101116 kB
Cached:          1191696 kB
MemTotal:        1844596 kB
MemFree:          110744 kB
MemAvailable:    1383764 kB
Buffers:          101116 kB
Cached:          1191696 kB
MemTotal:        1844596 kB
MemFree:          109620 kB
MemAvailable:    1382640 kB
Buffers:          101116 kB
Cached:          1191696 kB
MemTotal:        1844596 kB
MemFree:          110420 kB
MemAvailable:    1383440 kB
Buffers:          101116 kB
Cached:          1191696 kB
MemTotal:        1844596 kB
MemFree:          109744 kB
MemAvailable:    1382764 kB
Buffers:          101116 kB
Cached:          1191696 kB
MemTotal:        1844596 kB
MemFree:          110540 kB
MemAvailable:    1383560 kB
Buffers:          101116 kB
Cached:          1191696 kB
MemTotal:        1844596 kB
MemFree:          109496 kB
MemAvailable:    1382516 kB
Buffers:          101116 kB
Cached:          1191696 kB
MemTotal:        1844596 kB
MemFree:          108736 kB
MemAvailable:    1381756 kB
Buffers:          101116 kB
Cached:          1191696 kB
MemTotal:        1844596 kB
MemFree:          108256 kB
MemAvailable:    1381276 kB
Buffers:          101116 kB
Cached:          1191696 kB
MemTotal:        1844596 kB
MemFree:          108008 kB
MemAvailable:    1381028 kB
Buffers:          101116 kB
Cached:          1191696 kB
MemTotal:        1844596 kB
MemFree:          108132 kB
MemAvailable:    1381152 kB
Buffers:          101116 kB
Cached:          1191696 kB
MemTotal:        1844596 kB
MemFree:          109308 kB
MemAvailable:    1382328 kB
Buffers:          101116 kB
Cached:          1191696 kB
MemTotal:        1844596 kB
MemFree:          109176 kB
MemAvailable:    1382196 kB
Buffers:          101116 kB
Cached:          1191696 kB
MemTotal:        1844596 kB
MemFree:          108008 kB
MemAvailable:    1381028 kB
Buffers:          101116 kB
Cached:          1191696 kB
MemTotal:        1844596 kB
MemFree:          108948 kB
MemAvailable:    1381968 kB
Buffers:          101116 kB
Cached:          1191696 kB
MemTotal:        1844596 kB
MemFree:          108944 kB
MemAvailable:    1381964 kB
Buffers:          101116 kB
Cached:          1191696 kB
MemTotal:        1844596 kB
MemFree:          108504 kB
MemAvailable:    1381524 kB
Buffers:          101116 kB
Cached:          1191696 kB
MemTotal:        1844596 kB
MemFree:          108680 kB
MemAvailable:    1381700 kB
Buffers:          101116 kB
Cached:          1191696 kB
MemTotal:        1844596 kB
MemFree:          109016 kB
MemAvailable:    1382036 kB
Buffers:          101116 kB
Cached:          1191696 kB
MemTotal:        1844596 kB
MemFree:          107616 kB
MemAvailable:    1380636 kB
Buffers:          101116 kB
Cached:          1191696 kB
MemTotal:        1844596 kB
MemFree:          107740 kB
MemAvailable:    1380760 kB
Buffers:          101116 kB
Cached:          1191696 kB
MemTotal:        1844596 kB
MemFree:          108980 kB
MemAvailable:    1382000 kB
Buffers:          101116 kB
Cached:          1191696 kB
MemTotal:        1844596 kB
MemFree:          108980 kB
MemAvailable:    1382000 kB
Buffers:          101116 kB
Cached:          1191696 kB
MemTotal:        1844596 kB
MemFree:          107856 kB
MemAvailable:    1380876 kB
Buffers:          101116 kB
Cached:          1191696 kB
MemTotal:        1844596 kB
MemFree:          108008 kB
MemAvailable:    1381028 kB
Buffers:          101116 kB
Cached:          1191696 kB
MemTotal:        1844596 kB
MemFree:          108008 kB
MemAvailable:    1381028 kB
Buffers:          101116 kB
Cached:          1191696 kB
MemTotal:        1844596 kB
MemFree:          109308 kB
MemAvailable:    1382328 kB
Buffers:          101116 kB
Cached:          1191696 kB
MemTotal:        1844596 kB
MemFree:          109184 kB
MemAvailable:    1382204 kB
Buffers:          101116 kB
Cached:          1191696 kB
MemTotal:        1844596 kB
MemFree:          107876 kB
MemAvailable:    1380896 kB
Buffers:          101116 kB
Cached:          1191696 kB
MemTotal:        1844596 kB
MemFree:          108852 kB
MemAvailable:    1381872 kB
Buffers:          101116 kB
Cached:          1191696 kB
MemTotal:        1844596 kB
MemFree:          109188 kB
MemAvailable:    1382208 kB
Buffers:          101116 kB
Cached:          1191696 kB
MemTotal:        1844596 kB
MemFree:          108912 kB
MemAvailable:    1381932 kB
Buffers:          101116 kB
Cached:          1191696 kB
MemTotal:        1844596 kB
MemFree:          109040 kB
MemAvailable:    1382060 kB
Buffers:          101116 kB
Cached:          1191696 kB
MemTotal:        1844596 kB
MemFree:          108868 kB
MemAvailable:    1381888 kB
Buffers:          101116 kB
Cached:          1191696 kB
MemTotal:        1844596 kB
MemFree:          107560 kB
MemAvailable:    1380580 kB
Buffers:          101116 kB
Cached:          1191696 kB
MemTotal:        1844596 kB
MemFree:          108704 kB
MemAvailable:    1381724 kB
Buffers:          101116 kB
Cached:          1191696 kB
MemTotal:        1844596 kB
MemFree:          108556 kB
MemAvailable:    1381576 kB
Buffers:          101116 kB
Cached:          1191696 kB
MemTotal:        1844596 kB
MemFree:          107760 kB
MemAvailable:    1380780 kB
Buffers:          101116 kB
Cached:          1191696 kB
MemTotal:        1844596 kB
MemFree:          108936 kB
MemAvailable:    1381956 kB
Buffers:          101116 kB
Cached:          1191696 kB
MemTotal:        1844596 kB
MemFree:          109060 kB
MemAvailable:    1382080 kB
Buffers:          101116 kB
Cached:          1191696 kB
MemTotal:        1844596 kB
MemFree:          107628 kB
MemAvailable:    1380648 kB
Buffers:          101116 kB
Cached:          1191696 kB
MemTotal:        1844596 kB
MemFree:          108804 kB
MemAvailable:    1381824 kB
Buffers:          101116 kB
Cached:          1191696 kB
MemTotal:        1844596 kB
MemFree:          108812 kB
MemAvailable:    1381832 kB
Buffers:          101116 kB
Cached:          1191696 kB
MemTotal:        1844596 kB
MemFree:          108876 kB
MemAvailable:    1381896 kB
Buffers:          101116 kB
Cached:          1191696 kB
MemTotal:        1844596 kB
MemFree:          109048 kB
MemAvailable:    1382068 kB
Buffers:          101116 kB
Cached:          1191696 kB
MemTotal:        1844596 kB
MemFree:          108844 kB
MemAvailable:    1381864 kB
Buffers:          101116 kB
Cached:          1191696 kB
MemTotal:        1844596 kB
MemFree:          109000 kB
MemAvailable:    1382020 kB
Buffers:          101116 kB
Cached:          1191696 kB
MemTotal:        1844596 kB
MemFree:          108856 kB
MemAvailable:    1381876 kB
Buffers:          101116 kB
Cached:          1191696 kB
MemTotal:        1844596 kB
MemFree:          109112 kB
MemAvailable:    1382132 kB
Buffers:          101116 kB
Cached:          1191696 kB
MemTotal:        1844596 kB
MemFree:          107576 kB
MemAvailable:    1380596 kB
Buffers:          101116 kB
Cached:          1191696 kB
MemTotal:        1844596 kB
MemFree:          108008 kB
MemAvailable:    1381028 kB
Buffers:          101116 kB
Cached:          1191696 kB
MemTotal:        1844596 kB
MemFree:          108724 kB
MemAvailable:    1381744 kB
Buffers:          101116 kB
Cached:          1191696 kB
MemTotal:        1844596 kB
MemFree:          109060 kB
MemAvailable:    1382080 kB
Buffers:          101116 kB
Cached:          1191696 kB
MemTotal:        1844596 kB
MemFree:          104536 kB
MemAvailable:    1377556 kB
Buffers:          101116 kB
Cached:          1191696 kB
MemTotal:        1844596 kB
MemFree:          102364 kB
MemAvailable:    1375384 kB
Buffers:          101116 kB
Cached:          1191696 kB
MemTotal:        1844596 kB
MemFree:           98460 kB
MemAvailable:    1371480 kB
Buffers:          101116 kB
Cached:          1191696 kB
MemTotal:        1844596 kB
MemFree:           95096 kB
MemAvailable:    1368116 kB
Buffers:          101116 kB
Cached:          1191696 kB
MemTotal:        1844596 kB
MemFree:           94368 kB
MemAvailable:    1367388 kB
Buffers:          101116 kB
Cached:          1191696 kB
MemTotal:        1844596 kB
MemFree:           91576 kB
MemAvailable:    1364596 kB
Buffers:          101116 kB
Cached:          1191696 kB
MemTotal:        1844596 kB
MemFree:           89716 kB
MemAvailable:    1362736 kB
Buffers:          101116 kB
Cached:          1191696 kB
MemTotal:        1844596 kB
MemFree:           88408 kB
MemAvailable:    1361428 kB
Buffers:          101116 kB
Cached:          1191696 kB
MemTotal:        1844596 kB
MemFree:           89384 kB
MemAvailable:    1362404 kB
Buffers:          101116 kB
Cached:          1191696 kB
MemTotal:        1844596 kB
MemFree:           89720 kB
MemAvailable:    1362740 kB
Buffers:          101116 kB
Cached:          1191696 kB
MemTotal:        1844596 kB
MemFree:           89476 kB
MemAvailable:    1362496 kB
Buffers:          101116 kB
Cached:          1191696 kB
MemTotal:        1844596 kB
MemFree:           87968 kB
MemAvailable:    1360988 kB
Buffers:          101116 kB
Cached:          1191696 kB
MemTotal:        1844596 kB
MemFree:           89728 kB
MemAvailable:    1362748 kB
Buffers:          101116 kB
Cached:          1191696 kB
MemTotal:        1844596 kB
MemFree:           89228 kB
MemAvailable:    1362260 kB
Buffers:          101116 kB
Cached:          1191708 kB
MemTotal:        1844596 kB
MemFree:           89396 kB
MemAvailable:    1362428 kB
Buffers:          101116 kB
Cached:          1191708 kB
MemTotal:        1844596 kB
MemFree:           89412 kB
MemAvailable:    1362444 kB
Buffers:          101116 kB
Cached:          1191708 kB
MemTotal:        1844596 kB
MemFree:           89412 kB
MemAvailable:    1362444 kB
Buffers:          101116 kB
Cached:          1191708 kB
MemTotal:        1844596 kB
MemFree:           89700 kB
MemAvailable:    1362732 kB
Buffers:          101116 kB
Cached:          1191708 kB
MemTotal:        1844596 kB
MemFree:           88796 kB
MemAvailable:    1361828 kB
Buffers:          101116 kB
Cached:          1191708 kB
MemTotal:        1844596 kB
MemFree:           89656 kB
MemAvailable:    1362688 kB
Buffers:          101116 kB
Cached:          1191708 kB
MemTotal:        1844596 kB
MemFree:           88408 kB
MemAvailable:    1361440 kB
Buffers:          101116 kB
Cached:          1191708 kB
MemTotal:        1844596 kB
MemFree:           87656 kB
MemAvailable:    1360688 kB
Buffers:          101116 kB
Cached:          1191708 kB
MemTotal:        1844596 kB
MemFree:           89012 kB
MemAvailable:    1362044 kB
Buffers:          101116 kB
Cached:          1191708 kB
MemTotal:        1844596 kB
MemFree:           88788 kB
MemAvailable:    1361820 kB
Buffers:          101116 kB
Cached:          1191708 kB
MemTotal:        1844596 kB
MemFree:           89148 kB
MemAvailable:    1362180 kB
Buffers:          101116 kB
Cached:          1191708 kB
MemTotal:        1844596 kB
MemFree:           89076 kB
MemAvailable:    1362108 kB
Buffers:          101116 kB
Cached:          1191708 kB
MemTotal:        1844596 kB
MemFree:           89160 kB
MemAvailable:    1362192 kB
Buffers:          101116 kB
Cached:          1191708 kB
MemTotal:        1844596 kB
MemFree:           89196 kB
MemAvailable:    1362228 kB
Buffers:          101116 kB
Cached:          1191708 kB
MemTotal:        1844596 kB
MemFree:           87848 kB
MemAvailable:    1360880 kB
Buffers:          101116 kB
Cached:          1191708 kB
MemTotal:        1844596 kB
MemFree:           89148 kB
MemAvailable:    1362180 kB
Buffers:          101116 kB
Cached:          1191708 kB
MemTotal:        1844596 kB
MemFree:           89036 kB
MemAvailable:    1361944 kB
Buffers:          101116 kB
Cached:          1191708 kB
MemTotal:        1844596 kB
MemFree:           88980 kB
MemAvailable:    1362012 kB
Buffers:          101116 kB
Cached:          1191708 kB
MemTotal:        1844596 kB
MemFree:           88784 kB
MemAvailable:    1361816 kB
Buffers:          101116 kB
Cached:          1191708 kB
MemTotal:        1844596 kB
MemFree:           88520 kB
MemAvailable:    1361552 kB
Buffers:          101116 kB
Cached:          1191708 kB
MemTotal:        1844596 kB
MemFree:           88036 kB
MemAvailable:    1361068 kB
Buffers:          101116 kB
Cached:          1191708 kB
MemTotal:        1844596 kB
MemFree:           88036 kB
MemAvailable:    1361068 kB
Buffers:          101116 kB
Cached:          1191708 kB
MemTotal:        1844596 kB
MemFree:           81100 kB
MemAvailable:    1354132 kB
Buffers:          101116 kB
Cached:          1191708 kB
MemTotal:        1844596 kB
MemFree:           79224 kB
MemAvailable:    1352256 kB
Buffers:          101116 kB
Cached:          1191708 kB
MemTotal:        1844596 kB
MemFree:           79560 kB
MemAvailable:    1352592 kB
Buffers:          101116 kB
Cached:          1191708 kB
MemTotal:        1844596 kB
MemFree:           79284 kB
MemAvailable:    1352316 kB
Buffers:          101116 kB
Cached:          1191708 kB
MemTotal:        1844596 kB
MemFree:           79160 kB
MemAvailable:    1352192 kB
Buffers:          101116 kB
Cached:          1191708 kB
MemTotal:        1844596 kB
MemFree:           78988 kB
MemAvailable:    1352020 kB
Buffers:          101116 kB
Cached:          1191708 kB
MemTotal:        1844596 kB
MemFree:           78980 kB
MemAvailable:    1352012 kB
Buffers:          101116 kB
Cached:          1191708 kB
MemTotal:        1844596 kB
MemFree:           78604 kB
MemAvailable:    1351636 kB
Buffers:          101116 kB
Cached:          1191708 kB
MemTotal:        1844596 kB
MemFree:           78856 kB
MemAvailable:    1351888 kB
Buffers:          101116 kB
Cached:          1191708 kB
MemTotal:        1844596 kB
MemFree:           77248 kB
MemAvailable:    1350280 kB
Buffers:          101116 kB
Cached:          1191708 kB
MemTotal:        1844596 kB
MemFree:           77372 kB
MemAvailable:    1350404 kB
Buffers:          101116 kB
Cached:          1191708 kB
MemTotal:        1844596 kB
MemFree:           78060 kB
MemAvailable:    1351092 kB
Buffers:          101116 kB
Cached:          1191832 kB
MemTotal:        1844596 kB
MemFree:           77132 kB
MemAvailable:    1350248 kB
Buffers:          101116 kB
Cached:          1191832 kB
MemTotal:        1844596 kB
MemFree:           77308 kB
MemAvailable:    1350592 kB
Buffers:          101116 kB
Cached:          1191956 kB
MemTotal:        1844596 kB
MemFree:           77644 kB
MemAvailable:    1350928 kB
Buffers:          101116 kB
Cached:          1191956 kB
MemTotal:        1844596 kB
MemFree:           77368 kB
MemAvailable:    1350820 kB
Buffers:          101116 kB
Cached:          1192204 kB
MemTotal:        1844596 kB
MemFree:           77412 kB
MemAvailable:    1350948 kB
Buffers:          101116 kB
Cached:          1192204 kB
MemTotal:        1844596 kB
MemFree:           75972 kB
MemAvailable:    1349508 kB
Buffers:          101116 kB
Cached:          1192328 kB
MemTotal:        1844596 kB
MemFree:           77280 kB
MemAvailable:    1350816 kB
Buffers:          101116 kB
Cached:          1192328 kB
MemTotal:        1844596 kB
MemFree:           77192 kB
MemAvailable:    1350812 kB
Buffers:          101116 kB
Cached:          1192328 kB
MemTotal:        1844596 kB
MemFree:           75752 kB
MemAvailable:    1349372 kB
Buffers:          101116 kB
Cached:          1192328 kB
MemTotal:        1844596 kB
MemFree:           76944 kB
MemAvailable:    1350564 kB
Buffers:          101116 kB
Cached:          1192328 kB
MemTotal:        1844596 kB
MemFree:           76636 kB
MemAvailable:    1350132 kB
Buffers:          101116 kB
Cached:          1192328 kB
MemTotal:        1844596 kB
MemFree:           75880 kB
MemAvailable:    1349500 kB
Buffers:          101116 kB
Cached:          1192328 kB
MemTotal:        1844596 kB
MemFree:           76004 kB
MemAvailable:    1349624 kB
Buffers:          101116 kB
Cached:          1192328 kB
MemTotal:        1844596 kB
MemFree:           76004 kB
MemAvailable:    1349624 kB
Buffers:          101116 kB
Cached:          1192328 kB
MemTotal:        1844596 kB
MemFree:           76128 kB
MemAvailable:    1349832 kB
Buffers:          101116 kB
Cached:          1192452 kB
MemTotal:        1844596 kB
MemFree:           77528 kB
MemAvailable:    1350560 kB
Buffers:          101116 kB
Cached:          1191736 kB
MemTotal:        1844596 kB
MemFree:           77372 kB
MemAvailable:    1350404 kB
Buffers:          101116 kB
Cached:          1191736 kB
MemTotal:        1844596 kB
MemFree:          192748 kB
MemAvailable:    1465780 kB
Buffers:          101116 kB
Cached:          1191736 kB
MemTotal:        1844596 kB
MemFree:          269160 kB
MemAvailable:    1542192 kB
Buffers:          101116 kB
Cached:          1191736 kB
