MemTotal:        1844596 kB
MemFree:          334152 kB
MemAvailable:    1546592 kB
Buffers:           91232 kB
Cached:          1151288 kB
MemTotal:        1844596 kB
MemFree:          307880 kB
MemAvailable:    1520328 kB
Buffers:           91232 kB
Cached:          1151292 kB
MemTotal:        1844596 kB
MemFree:          306756 kB
MemAvailable:    1519204 kB
Buffers:           91232 kB
Cached:          1151292 kB
MemTotal:        1844596 kB
MemFree:          304460 kB
MemAvailable:    1516908 kB
Buffers:           91232 kB
Cached:          1151292 kB
MemTotal:        1844596 kB
MemFree:          301804 kB
MemAvailable:    1514252 kB
Buffers:           91232 kB
Cached:          1151292 kB
MemTotal:        1844596 kB
MemFree:          303044 kB
MemAvailable:    1515492 kB
Buffers:           91232 kB
Cached:          1151292 kB
MemTotal:        1844596 kB
MemFree:          301492 kB
MemAvailable:    1513940 kB
Buffers:           91232 kB
Cached:          1151292 kB
MemTotal:        1844596 kB
MemFree:          298952 kB
MemAvailable:    1511400 kB
Buffers:           91232 kB
Cached:          1151292 kB
MemTotal:        1844596 kB
MemFree:          295728 kB
MemAvailable:    1508176 kB
Buffers:           91232 kB
Cached:          1151292 kB
MemTotal:        1844596 kB
MemFree:          291752 kB
MemAvailable:    1504200 kB
Buffers:           91232 kB
Cached:          1151292 kB
MemTotal:        1844596 kB
MemFree:          291520 kB
MemAvailable:    1503968 kB
Buffers:           91232 kB
Cached:          1151292 kB
MemTotal:        1844596 kB
MemFree:          291680 kB
MemAvailable:    1504128 kB
Buffers:           91232 kB
Cached:          1151292 kB
MemTotal:        1844596 kB
MemFree:          292920 kB
MemAvailable:    1505368 kB
Buffers:           91232 kB
Cached:          1151292 kB
MemTotal:        1844596 kB
MemFree:          292780 kB
MemAvailable:    1505228 kB
Buffers:           91232 kB
Cached:          1151292 kB
MemTotal:        1844596 kB
MemFree:          293116 kB
MemAvailable:    1505564 kB
Buffers:           91232 kB
Cached:          1151292 kB
MemTotal:        1844596 kB
MemFree:          292488 kB
MemAvailable:    1504936 kB
Buffers:           91232 kB
Cached:          1151292 kB
MemTotal:        1844596 kB
MemFree:          292488 kB
MemAvailable:    1504936 kB
Buffers:           91232 kB
Cached:          1151292 kB
MemTotal:        1844596 kB
MemFree:          292372 kB
MemAvailable:    1504820 kB
Buffers:           91232 kB
Cached:          1151292 kB
MemTotal:        1844596 kB
MemFree:          291512 kB
MemAvailable:    1503960 kB
Buffers:           91232 kB
Cached:          1151292 kB
MemTotal:        1844596 kB
MemFree:          292244 kB
MemAvailable:    1504692 kB
Buffers:           91232 kB
Cached:          1151292 kB
MemTotal:        1844596 kB
MemFree:          292016 kB
MemAvailable:    1504464 kB
Buffers:           91232 kB
Cached:          1151292 kB
MemTotal:        1844596 kB
MemFree:          292116 kB
MemAvailable:    1504564 kB
Buffers:           91232 kB
Cached:          1151292 kB
MemTotal:        1844596 kB
MemFree:          292368 kB
MemAvailable:    1504816 kB
Buffers:           91232 kB
Cached:          1151292 kB
MemTotal:        1844596 kB
MemFree:          291504 kB
MemAvailable:    1503952 kB
Buffers:           91232 kB
Cached:          1151292 kB
MemTotal:        1844596 kB
MemFree:          291396 kB
MemAvailable:    1503844 kB
Buffers:           91232 kB
Cached:          1151292 kB
MemTotal:        1844596 kB
MemFree:          290100 kB
MemAvailable:    1502548 kB
Buffers:           91232 kB
Cached:          1151292 kB
MemTotal:        1844596 kB
MemFree:          291340 kB
MemAvailable:    1503788 kB
Buffers:           91232 kB
Cached:          1151292 kB
MemTotal:        1844596 kB
MemFree:          291144 kB
MemAvailable:    1503592 kB
Buffers:           91232 kB
Cached:          1151292 kB
MemTotal:        1844596 kB
MemFree:          289960 kB
MemAvailable:    1502408 kB
Buffers:           91232 kB
Cached:          1151292 kB
MemTotal:        1844596 kB
MemFree:          290332 kB
MemAvailable:    1502780 kB
Buffers:           91232 kB
Cached:          1151292 kB
MemTotal:        1844596 kB
MemFree:          288776 kB
MemAvailable:    1501224 kB
Buffers:           91232 kB
Cached:          1151292 kB
MemTotal:        1844596 kB
MemFree:          288908 kB
MemAvailable:    1501356 kB
Buffers:           91232 kB
Cached:          1151292 kB
MemTotal:        1844596 kB
MemFree:          289972 kB
MemAvailable:    1502420 kB
Buffers:           91232 kB
Cached:          1151292 kB
MemTotal:        1844596 kB
MemFree:          289968 kB
MemAvailable:    1502416 kB
Buffers:           91232 kB
Cached:          1151292 kB
MemTotal:        1844596 kB
MemFree:          289288 kB
MemAvailable:    1501736 kB
Buffers:           91232 kB
Cached:          1151292 kB
MemTotal:        1844596 kB
MemFree:          289900 kB
MemAvailable:    1502348 kB
Buffers:           91232 kB
Cached:          1151292 kB
MemTotal:        1844596 kB
MemFree:          289836 kB
MemAvailable:    1502284 kB
Buffers:           91232 kB
Cached:          1151292 kB
MemTotal:        1844596 kB
MemFree:          288736 kB
MemAvailable:    1501184 kB
Buffers:           91232 kB
Cached:          1151292 kB
MemTotal:        1844596 kB
MemFree:          289872 kB
MemAvailable:    1502320 kB
Buffers:           91232 kB
Cached:          1151292 kB
MemTotal:        1844596 kB
MemFree:          291244 kB
MemAvailable:    1503696 kB
Buffers:           91232 kB
Cached:          1151296 kB
MemTotal:        1844596 kB
MemFree:          289404 kB
MemAvailable:    1501732 kB
Buffers:           91232 kB
Cached:          1151296 kB
MemTotal:        1844596 kB
MemFree:          287420 kB
MemAvailable:    1499872 kB
Buffers:           91232 kB
Cached:          1151296 kB
MemTotal:        1844596 kB
MemFree:          284940 kB
MemAvailable:    1497392 kB
Buffers:           91232 kB
Cached:          1151296 kB
MemTotal:        1844596 kB
MemFree:          285312 kB
MemAvailable:    1497764 kB
Buffers:           91232 kB
Cached:          1151296 kB
MemTotal:        1844596 kB
MemFree:          285664 kB
MemAvailable:    1498116 kB
Buffers:           91232 kB
Cached:          1151296 kB
MemTotal:        1844596 kB
MemFree:          285920 kB
MemAvailable:    1498372 kB
Buffers:           91232 kB
Cached:          1151296 kB
MemTotal:        1844596 kB
MemFree:          284756 kB
MemAvailable:    1497208 kB
Buffers:           91232 kB
Cached:          1151296 kB
MemTotal:        1844596 kB
MemFree:          285872 kB
MemAvailable:    1498324 kB
Buffers:           91232 kB
Cached:          1151296 kB
MemTotal:        1844596 kB
MemFree:          284244 kB
MemAvailable:    1496696 kB
Buffers:           91232 kB
Cached:          1151296 kB
MemTotal:        1844596 kB
MemFree:          285476 kB
MemAvailable:    1497928 kB
Buffers:           91232 kB
Cached:          1151296 kB
MemTotal:        1844596 kB
MemFree:          283948 kB
MemAvailable:    1496400 kB
Buffers:           91232 kB
Cached:          1151296 kB
MemTotal:        1844596 kB
MemFree:          284072 kB
MemAvailable:    1496524 kB
Buffers:           91232 kB
Cached:          1151296 kB
MemTotal:        1844596 kB
MemFree:          284320 kB
MemAvailable:    1496772 kB
Buffers:           91232 kB
Cached:          1151296 kB
MemTotal:        1844596 kB
MemFree:          285256 kB
MemAvailable:    1497708 kB
Buffers:           91232 kB
Cached:          1151296 kB
MemTotal:        1844596 kB
MemFree:          285512 kB
MemAvailable:    1497964 kB
Buffers:           91232 kB
Cached:          1151296 kB
MemTotal:        1844596 kB
MemFree:          285376 kB
MemAvailable:    1497828 kB
Buffers:           91232 kB
Cached:          1151296 kB
MemTotal:        1844596 kB
MemFree:          285544 kB
MemAvailable:    1497996 kB
Buffers:           91232 kB
Cached:          1151296 kB
MemTotal:        1844596 kB
MemFree:          281520 kB
MemAvailable:    1493972 kB
Buffers:           91232 kB
Cached:          1151296 kB
MemTotal:        1844596 kB
MemFree:          278484 kB
MemAvailable:    1490936 kB
Buffers:           91232 kB
Cached:          1151296 kB
MemTotal:        1844596 kB
MemFree:          279600 kB
MemAvailable:    1492052 kB
Buffers:           91232 kB
Cached:          1151296 kB
MemTotal:        1844596 kB
MemFree:          277988 kB
MemAvailable:    1490440 kB
Buffers:           91232 kB
Cached:          1151296 kB
MemTotal:        1844596 kB
MemFree:          278368 kB
MemAvailable:    1490820 kB
Buffers:           91232 kB
Cached:          1151296 kB
MemTotal:        1844596 kB
MemFree:          276384 kB
MemAvailable:    1488836 kB
Buffers:           91232 kB
Cached:          1151296 kB
MemTotal:        1844596 kB
MemFree:          277004 kB
MemAvailable:    1489456 kB
Buffers:           91232 kB
Cached:          1151296 kB
MemTotal:        1844596 kB
MemFree:          275764 kB
MemAvailable:    1488216 kB
Buffers:           91232 kB
Cached:          1151296 kB
MemTotal:        1844596 kB
MemFree:          276612 kB
MemAvailable:    1489064 kB
Buffers:           91232 kB
Cached:          1151296 kB
MemTotal:        1844596 kB
MemFree:          276868 kB
MemAvailable:    1489320 kB
Buffers:           91232 kB
Cached:          1151296 kB
MemTotal:        1844596 kB
MemFree:          275456 kB
MemAvailable:    1487908 kB
Buffers:           91232 kB
Cached:          1151296 kB
MemTotal:        1844596 kB
MemFree:          276756 kB
MemAvailable:    1489208 kB
Buffers:           91232 kB
Cached:          1151296 kB
MemTotal:        1844596 kB
MemFree:          275896 kB
MemAvailable:    1488348 kB
Buffers:           91232 kB
Cached:          1151296 kB
MemTotal:        1844596 kB
MemFree:          276500 kB
MemAvailable:    1488952 kB
Buffers:           91232 kB
Cached:          1151296 kB
MemTotal:        1844596 kB
MemFree:          276584 kB
MemAvailable:    1489036 kB
Buffers:           91232 kB
Cached:          1151296 kB
MemTotal:        1844596 kB
MemFree:          276644 kB
MemAvailable:    1489096 kB
Buffers:           91232 kB
Cached:          1151296 kB
MemTotal:        1844596 kB
MemFree:          275212 kB
MemAvailable:    1487664 kB
Buffers:           91232 kB
Cached:          1151296 kB
MemTotal:        1844596 kB
MemFree:          276572 kB
MemAvailable:    1489024 kB
Buffers:           91232 kB
Cached:          1151296 kB
MemTotal:        1844596 kB
MemFree:          276640 kB
MemAvailable:    1489092 kB
Buffers:           91232 kB
Cached:          1151296 kB
MemTotal:        1844596 kB
MemFree:          276428 kB
MemAvailable:    1488880 kB
Buffers:           91232 kB
Cached:          1151296 kB
MemTotal:        1844596 kB
MemFree:          275212 kB
MemAvailable:    1487664 kB
Buffers:           91232 kB
Cached:          1151296 kB
MemTotal:        1844596 kB
MemFree:          276356 kB
MemAvailable:    1488808 kB
Buffers:           91232 kB
Cached:          1151296 kB
MemTotal:        1844596 kB
MemFree:          276356 kB
MemAvailable:    1488808 kB
Buffers:           91232 kB
Cached:          1151296 kB
MemTotal:        1844596 kB
MemFree:          276064 kB
MemAvailable:    1488516 kB
Buffers:           91232 kB
Cached:          1151296 kB
MemTotal:        1844596 kB
MemFree:          276400 kB
MemAvailable:    1488852 kB
Buffers:           91232 kB
Cached:          1151296 kB
MemTotal:        1844596 kB
MemFree:          276184 kB
MemAvailable:    1488636 kB
Buffers:           91232 kB
Cached:          1151296 kB
MemTotal:        1844596 kB
MemFree:          276352 kB
MemAvailable:    1488804 kB
Buffers:           91232 kB
Cached:          1151296 kB
MemTotal:        1844596 kB
MemFree:          273708 kB
MemAvailable:    1486160 kB
Buffers:           91232 kB
Cached:          1151296 kB
MemTotal:        1844596 kB
MemFree:          271052 kB
MemAvailable:    1483504 kB
Buffers:           91232 kB
Cached:          1151296 kB
MemTotal:        1844596 kB
MemFree:          268184 kB
MemAvailable:    1480636 kB
Buffers:           91232 kB
Cached:          1151296 kB
MemTotal:        1844596 kB
MemFree:          268076 kB
MemAvailable:    1480528 kB
Buffers:           91232 kB
Cached:          1151296 kB
MemTotal:        1844596 kB
MemFree:          267796 kB
MemAvailable:    1480248 kB
Buffers:           91232 kB
Cached:          1151296 kB
MemTotal:        1844596 kB
MemFree:          268132 kB
MemAvailable:    1480584 kB
Buffers:           91232 kB
Cached:          1151296 kB
MemTotal:        1844596 kB
MemFree:          267940 kB
MemAvailable:    1480392 kB
Buffers:           91232 kB
Cached:          1151296 kB
MemTotal:        1844596 kB
MemFree:          266844 kB
MemAvailable:    1479296 kB
Buffers:           91232 kB
Cached:          1151296 kB
MemTotal:        1844596 kB
MemFree:          267708 kB
MemAvailable:    1480160 kB
Buffers:           91232 kB
Cached:          1151296 kB
MemTotal:        1844596 kB
MemFree:          266968 kB
MemAvailable:    1479420 kB
Buffers:           91232 kB
Cached:          1151296 kB
MemTotal:        1844596 kB
MemFree:          267632 kB
MemAvailable:    1480084 kB
Buffers:           91232 kB
Cached:          1151296 kB
MemTotal:        1844596 kB
MemFree:          266844 kB
MemAvailable:    1479296 kB
Buffers:           91232 kB
Cached:          1151296 kB
MemTotal:        1844596 kB
MemFree:          267440 kB
MemAvailable:    1479892 kB
Buffers:           91232 kB
Cached:          1151296 kB
MemTotal:        1844596 kB
MemFree:          267648 kB
MemAvailable:    1480100 kB
Buffers:           91232 kB
Cached:          1151296 kB
MemTotal:        1844596 kB
MemFree:          267508 kB
MemAvailable:    1479960 kB
Buffers:           91232 kB
Cached:          1151296 kB
MemTotal:        1844596 kB
MemFree:          267640 kB
MemAvailable:    1480092 kB
Buffers:           91232 kB
Cached:          1151296 kB
MemTotal:        1844596 kB
MemFree:          266416 kB
MemAvailable:    1478868 kB
Buffers:           91232 kB
Cached:          1151296 kB
MemTotal:        1844596 kB
MemFree:          267564 kB
MemAvailable:    1480016 kB
Buffers:           91232 kB
Cached:          1151296 kB
MemTotal:        1844596 kB
MemFree:          267816 kB
MemAvailable:    1480268 kB
Buffers:           91232 kB
Cached:          1151296 kB
MemTotal:        1844596 kB
MemFree:          267524 kB
MemAvailable:    1479976 kB
Buffers:           91232 kB
Cached:          1151296 kB
MemTotal:        1844596 kB
MemFree:          267620 kB
MemAvailable:    1480072 kB
Buffers:           91232 kB
Cached:          1151296 kB
MemTotal:        1844596 kB
MemFree:          267572 kB
MemAvailable:    1480024 kB
Buffers:           91232 kB
Cached:          1151296 kB
MemTotal:        1844596 kB
MemFree:          266712 kB
MemAvailable:    1479164 kB
Buffers:           91232 kB
Cached:          1151296 kB
MemTotal:        1844596 kB
MemFree:          267436 kB
MemAvailable:    1479888 kB
Buffers:           91232 kB
Cached:          1151296 kB
MemTotal:        1844596 kB
MemFree:          267692 kB
MemAvailable:    1480144 kB
Buffers:           91232 kB
Cached:          1151296 kB
MemTotal:        1844596 kB
MemFree:          267448 kB
MemAvailable:    1479900 kB
Buffers:           91232 kB
Cached:          1151296 kB
MemTotal:        1844596 kB
MemFree:          266280 kB
MemAvailable:    1478732 kB
Buffers:           91232 kB
Cached:          1151296 kB
MemTotal:        1844596 kB
MemFree:          266404 kB
MemAvailable:    1478856 kB
Buffers:           91232 kB
Cached:          1151296 kB
MemTotal:        1844596 kB
MemFree:          267644 kB
MemAvailable:    1480096 kB
Buffers:           91232 kB
Cached:          1151296 kB
MemTotal:        1844596 kB
MemFree:          266836 kB
MemAvailable:    1479288 kB
Buffers:           91232 kB
Cached:          1151296 kB
MemTotal:        1844596 kB
MemFree:          265836 kB
MemAvailable:    1478288 kB
Buffers:           91232 kB
Cached:          1151296 kB
MemTotal:        1844596 kB
MemFree:          265800 kB
MemAvailable:    1478252 kB
Buffers:           91232 kB
Cached:          1151296 kB
MemTotal:        1844596 kB
MemFree:          260256 kB
MemAvailable:    1472708 kB
Buffers:           91232 kB
Cached:          1151296 kB
MemTotal:        1844596 kB
MemFree:          259652 kB
MemAvailable:    1472104 kB
Buffers:           91232 kB
Cached:          1151296 kB
MemTotal:        1844596 kB
MemFree:          257536 kB
MemAvailable:    1469996 kB
Buffers:           91232 kB
Cached:          1151304 kB
MemTotal:        1844596 kB
MemFree:          257412 kB
MemAvailable:    1469872 kB
Buffers:           91232 kB
Cached:          1151304 kB
MemTotal:        1844596 kB
MemFree:          258340 kB
MemAvailable:    1470800 kB
Buffers:           91232 kB
Cached:          1151304 kB
MemTotal:        1844596 kB
MemFree:          257396 kB
MemAvailable:    1469856 kB
Buffers:           91232 kB
Cached:          1151304 kB
MemTotal:        1844596 kB
MemFree:          257396 kB
MemAvailable:    1469856 kB
Buffers:           91232 kB
Cached:          1151304 kB
MemTotal:        1844596 kB
MemFree:          256596 kB
MemAvailable:    1469056 kB
Buffers:           91232 kB
Cached:          1151304 kB
MemTotal:        1844596 kB
MemFree:          256032 kB
MemAvailable:    1468492 kB
Buffers:           91232 kB
Cached:          1151304 kB
MemTotal:        1844596 kB
MemFree:          255684 kB
MemAvailable:    1468144 kB
Buffers:           91232 kB
Cached:          1151304 kB
MemTotal:        1844596 kB
MemFree:          255812 kB
MemAvailable:    1468272 kB
Buffers:           91232 kB
Cached:          1151304 kB
MemTotal:        1844596 kB
MemFree:          255932 kB
MemAvailable:    1468392 kB
Buffers:           91232 kB
Cached:          1151304 kB
MemTotal:        1844596 kB
MemFree:          255056 kB
MemAvailable:    1467516 kB
Buffers:           91232 kB
Cached:          1151304 kB
MemTotal:        1844596 kB
MemFree:          254932 kB
MemAvailable:    1467392 kB
Buffers:           91232 kB
Cached:          1151304 kB
MemTotal:        1844596 kB
MemFree:          256164 kB
MemAvailable:    1468624 kB
Buffers:           91232 kB
Cached:          1151304 kB
MemTotal:        1844596 kB
MemFree:          255776 kB
MemAvailable:    1468236 kB
Buffers:           91232 kB
Cached:          1151304 kB
MemTotal:        1844596 kB
MemFree:          255860 kB
MemAvailable:    1468320 kB
Buffers:           91232 kB
Cached:          1151304 kB
MemTotal:        1844596 kB
MemFree:          255648 kB
MemAvailable:    1468108 kB
Buffers:           91232 kB
Cached:          1151304 kB
MemTotal:        1844596 kB
MemFree:          255984 kB
MemAvailable:    1468444 kB
Buffers:           91232 kB
Cached:          1151304 kB
MemTotal:        1844596 kB
MemFree:          255768 kB
MemAvailable:    1468228 kB
Buffers:           91232 kB
Cached:          1151304 kB
MemTotal:        1844596 kB
MemFree:          256020 kB
MemAvailable:    1468480 kB
Buffers:           91232 kB
Cached:          1151304 kB
MemTotal:        1844596 kB
MemFree:          254604 kB
MemAvailable:    1467064 kB
Buffers:           91232 kB
Cached:          1151304 kB
MemTotal:        1844596 kB
MemFree:          254684 kB
MemAvailable:    1467144 kB
Buffers:           91232 kB
Cached:          1151304 kB
MemTotal:        1844596 kB
MemFree:          255860 kB
MemAvailable:    1468320 kB
Buffers:           91232 kB
Cached:          1151304 kB
MemTotal:        1844596 kB
MemFree:          254760 kB
MemAvailable:    1467220 kB
Buffers:           91232 kB
Cached:          1151304 kB
MemTotal:        1844596 kB
MemFree:          254512 kB
MemAvailable:    1466972 kB
Buffers:           91232 kB
Cached:          1151304 kB
MemTotal:        1844596 kB
MemFree:          255812 kB
MemAvailable:    1468272 kB
Buffers:           91232 kB
Cached:          1151304 kB
MemTotal:        1844596 kB
MemFree:          254636 kB
MemAvailable:    1467096 kB
Buffers:           91232 kB
Cached:          1151304 kB
MemTotal:        1844596 kB
MemFree:          255744 kB
MemAvailable:    1468204 kB
Buffers:           91232 kB
Cached:          1151304 kB
MemTotal:        1844596 kB
MemFree:          255996 kB
MemAvailable:    1468456 kB
Buffers:           91232 kB
Cached:          1151304 kB
MemTotal:        1844596 kB
MemFree:          254428 kB
MemAvailable:    1466888 kB
Buffers:           91232 kB
Cached:          1151304 kB
MemTotal:        1844596 kB
MemFree:          255812 kB
MemAvailable:    1468272 kB
Buffers:           91232 kB
Cached:          1151304 kB
MemTotal:        1844596 kB
MemFree:          254628 kB
MemAvailable:    1467088 kB
Buffers:           91232 kB
Cached:          1151304 kB
MemTotal:        1844596 kB
MemFree:          254672 kB
MemAvailable:    1467132 kB
Buffers:           91232 kB
Cached:          1151304 kB
MemTotal:        1844596 kB
MemFree:          255740 kB
MemAvailable:    1468200 kB
Buffers:           91232 kB
Cached:          1151304 kB
MemTotal:        1844596 kB
MemFree:          254932 kB
MemAvailable:    1467392 kB
Buffers:           91232 kB
Cached:          1151304 kB
MemTotal:        1844596 kB
MemFree:          255608 kB
MemAvailable:    1468068 kB
Buffers:           91232 kB
Cached:          1151304 kB
MemTotal:        1844596 kB
MemFree:          255860 kB
MemAvailable:    1468320 kB
Buffers:           91232 kB
Cached:          1151304 kB
MemTotal:        1844596 kB
MemFree:          254380 kB
MemAvailable:    1466840 kB
Buffers:           91232 kB
Cached:          1151304 kB
MemTotal:        1844596 kB
MemFree:          255620 kB
MemAvailable:    1468080 kB
Buffers:           91232 kB
Cached:          1151304 kB
MemTotal:        1844596 kB
MemFree:          254540 kB
MemAvailable:    1467000 kB
Buffers:           91232 kB
Cached:          1151304 kB
MemTotal:        1844596 kB
MemFree:          254540 kB
MemAvailable:    1467000 kB
Buffers:           91232 kB
Cached:          1151304 kB
MemTotal:        1844596 kB
MemFree:          255864 kB
MemAvailable:    1468324 kB
Buffers:           91232 kB
Cached:          1151304 kB
MemTotal:        1844596 kB
MemFree:          254800 kB
MemAvailable:    1467260 kB
Buffers:           91232 kB
Cached:          1151304 kB
MemTotal:        1844596 kB
MemFree:          255496 kB
MemAvailable:    1467960 kB
Buffers:           91232 kB
Cached:          1151308 kB
MemTotal:        1844596 kB
MemFree:          255832 kB
MemAvailable:    1468296 kB
Buffers:           91232 kB
Cached:          1151308 kB
MemTotal:        1844596 kB
MemFree:          255792 kB
MemAvailable:    1468256 kB
Buffers:           91232 kB
Cached:          1151308 kB
MemTotal:        1844596 kB
MemFree:          255312 kB
MemAvailable:    1467776 kB
Buffers:           91232 kB
Cached:          1151308 kB
MemTotal:        1844596 kB
MemFree:          255680 kB
MemAvailable:    1468144 kB
Buffers:           91232 kB
Cached:          1151308 kB
MemTotal:        1844596 kB
MemFree:          255808 kB
MemAvailable:    1468272 kB
Buffers:           91232 kB
Cached:          1151308 kB
MemTotal:        1844596 kB
MemFree:          255652 kB
MemAvailable:    1468116 kB
Buffers:           91232 kB
Cached:          1151308 kB
MemTotal:        1844596 kB
MemFree:          255908 kB
MemAvailable:    1468372 kB
Buffers:           91232 kB
Cached:          1151308 kB
MemTotal:        1844596 kB
MemFree:          255832 kB
MemAvailable:    1468296 kB
Buffers:           91232 kB
Cached:          1151308 kB
MemTotal:        1844596 kB
MemFree:          254924 kB
MemAvailable:    1467388 kB
Buffers:           91232 kB
Cached:          1151308 kB
MemTotal:        1844596 kB
MemFree:          255908 kB
MemAvailable:    1468372 kB
Buffers:           91232 kB
Cached:          1151308 kB
MemTotal:        1844596 kB
MemFree:          256164 kB
MemAvailable:    1468628 kB
Buffers:           91232 kB
Cached:          1151308 kB
MemTotal:        1844596 kB
MemFree:          254312 kB
MemAvailable:    1466776 kB
Buffers:           91232 kB
Cached:          1151308 kB
MemTotal:        1844596 kB
MemFree:          255604 kB
MemAvailable:    1468068 kB
Buffers:           91232 kB
Cached:          1151308 kB
MemTotal:        1844596 kB
MemFree:          254436 kB
MemAvailable:    1466900 kB
Buffers:           91232 kB
Cached:          1151308 kB
MemTotal:        1844596 kB
MemFree:          255288 kB
MemAvailable:    1467752 kB
Buffers:           91232 kB
Cached:          1151308 kB
MemTotal:        1844596 kB
MemFree:          255544 kB
MemAvailable:    1468008 kB
Buffers:           91232 kB
Cached:          1151308 kB
MemTotal:        1844596 kB
MemFree:          255216 kB
MemAvailable:    1467680 kB
Buffers:           91232 kB
Cached:          1151308 kB
MemTotal:        1844596 kB
MemFree:          253916 kB
MemAvailable:    1466380 kB
Buffers:           91232 kB
Cached:          1151308 kB
MemTotal:        1844596 kB
MemFree:          255108 kB
MemAvailable:    1467572 kB
Buffers:           91232 kB
Cached:          1151308 kB
MemTotal:        1844596 kB
MemFree:          255108 kB
MemAvailable:    1467572 kB
Buffers:           91232 kB
Cached:          1151308 kB
MemTotal:        1844596 kB
MemFree:          253892 kB
MemAvailable:    1466356 kB
Buffers:           91232 kB
Cached:          1151308 kB
MemTotal:        1844596 kB
MemFree:          255068 kB
MemAvailable:    1467532 kB
Buffers:           91232 kB
Cached:          1151308 kB
MemTotal:        1844596 kB
MemFree:          253760 kB
MemAvailable:    1466224 kB
Buffers:           91232 kB
Cached:          1151308 kB
MemTotal:        1844596 kB
MemFree:          254868 kB
MemAvailable:    1467332 kB
Buffers:           91232 kB
Cached:          1151308 kB
MemTotal:        1844596 kB
MemFree:          254868 kB
MemAvailable:    1467332 kB
Buffers:           91232 kB
Cached:          1151308 kB
MemTotal:        1844596 kB
MemFree:          254820 kB
MemAvailable:    1467284 kB
Buffers:           91232 kB
Cached:          1151308 kB
MemTotal:        1844596 kB
MemFree:          254964 kB
MemAvailable:    1467428 kB
Buffers:           91232 kB
Cached:          1151308 kB
MemTotal:        1844596 kB
MemFree:          254712 kB
MemAvailable:    1467180 kB
Buffers:           91232 kB
Cached:          1151312 kB
MemTotal:        1844596 kB
MemFree:          254560 kB
MemAvailable:    1467028 kB
Buffers:           91232 kB
Cached:          1151312 kB
MemTotal:        1844596 kB
MemFree:          253512 kB
MemAvailable:    1465980 kB
Buffers:           91232 kB
Cached:          1151312 kB
MemTotal:        1844596 kB
MemFree:          253568 kB
MemAvailable:    1466040 kB
Buffers:           91232 kB
Cached:          1151316 kB
MemTotal:        1844596 kB
MemFree:          254868 kB
MemAvailable:    1467340 kB
Buffers:           91232 kB
Cached:          1151316 kB
MemTotal:        1844596 kB
MemFree:          253948 kB
MemAvailable:    1466420 kB
Buffers:           91232 kB
Cached:          1151316 kB
MemTotal:        1844596 kB
MemFree:          254248 kB
MemAvailable:    1466720 kB
Buffers:           91232 kB
Cached:          1151316 kB
MemTotal:        1844596 kB
MemFree:          254188 kB
MemAvailable:    1466660 kB
Buffers:           91232 kB
Cached:          1151316 kB
MemTotal:        1844596 kB
MemFree:          253436 kB
MemAvailable:    1465908 kB
Buffers:           91232 kB
Cached:          1151316 kB
MemTotal:        1844596 kB
MemFree:          253436 kB
MemAvailable:    1465908 kB
Buffers:           91232 kB
Cached:          1151316 kB
MemTotal:        1844596 kB
MemFree:          253436 kB
MemAvailable:    1465908 kB
Buffers:           91232 kB
Cached:          1151316 kB
MemTotal:        1844596 kB
MemFree:          250584 kB
MemAvailable:    1463056 kB
Buffers:           91232 kB
Cached:          1151316 kB
MemTotal:        1844596 kB
MemFree:          249608 kB
MemAvailable:    1462080 kB
Buffers:           91232 kB
Cached:          1151316 kB
MemTotal:        1844596 kB
MemFree:          245880 kB
MemAvailable:    1458352 kB
Buffers:           91232 kB
Cached:          1151316 kB
MemTotal:        1844596 kB
MemFree:          244252 kB
MemAvailable:    1456724 kB
Buffers:           91232 kB
Cached:          1151316 kB
MemTotal:        1844596 kB
MemFree:          244336 kB
MemAvailable:    1456808 kB
Buffers:           91232 kB
Cached:          1151316 kB
MemTotal:        1844596 kB
MemFree:          243948 kB
MemAvailable:    1456420 kB
Buffers:           91232 kB
Cached:          1151316 kB
MemTotal:        1844596 kB
MemFree:          242972 kB
MemAvailable:    1455444 kB
Buffers:           91232 kB
Cached:          1151316 kB
MemTotal:        1844596 kB
MemFree:          243804 kB
MemAvailable:    1456276 kB
Buffers:           91232 kB
Cached:          1151316 kB
MemTotal:        1844596 kB
MemFree:          242656 kB
MemAvailable:    1455128 kB
Buffers:           91232 kB
Cached:          1151316 kB
MemTotal:        1844596 kB
MemFree:          243392 kB
MemAvailable:    1455868 kB
Buffers:           91232 kB
Cached:          1151320 kB
MemTotal:        1844596 kB
MemFree:          243392 kB
MemAvailable:    1455868 kB
Buffers:           91232 kB
Cached:          1151320 kB
MemTotal:        1844596 kB
MemFree:          243080 kB
MemAvailable:    1455556 kB
Buffers:           91232 kB
Cached:          1151320 kB
MemTotal:        1844596 kB
MemFree:          241896 kB
MemAvailable:    1454372 kB
Buffers:           91232 kB
Cached:          1151320 kB
MemTotal:        1844596 kB
MemFree:          241896 kB
MemAvailable:    1454372 kB
Buffers:           91232 kB
Cached:          1151320 kB
MemTotal:        1844596 kB
MemFree:          240300 kB
MemAvailable:    1452776 kB
Buffers:           91232 kB
Cached:          1151320 kB
MemTotal:        1844596 kB
MemFree:          241472 kB
MemAvailable:    1453948 kB
Buffers:           91232 kB
Cached:          1151320 kB
MemTotal:        1844596 kB
MemFree:          240176 kB
MemAvailable:    1452652 kB
Buffers:           91232 kB
Cached:          1151320 kB
MemTotal:        1844596 kB
MemFree:          241344 kB
MemAvailable:    1453820 kB
Buffers:           91232 kB
Cached:          1151320 kB
MemTotal:        1844596 kB
MemFree:          240044 kB
MemAvailable:    1452520 kB
Buffers:           91232 kB
Cached:          1151320 kB
MemTotal:        1844596 kB
MemFree:          241344 kB
MemAvailable:    1453820 kB
Buffers:           91232 kB
Cached:          1151320 kB
MemTotal:        1844596 kB
MemFree:          239996 kB
MemAvailable:    1452472 kB
Buffers:           91232 kB
Cached:          1151320 kB
MemTotal:        1844596 kB
MemFree:          241296 kB
MemAvailable:    1453772 kB
Buffers:           91232 kB
Cached:          1151320 kB
MemTotal:        1844596 kB
MemFree:          241332 kB
MemAvailable:    1453808 kB
Buffers:           91232 kB
Cached:          1151320 kB
MemTotal:        1844596 kB
MemFree:          241328 kB
MemAvailable:    1453804 kB
Buffers:           91232 kB
Cached:          1151320 kB
MemTotal:        1844596 kB
MemFree:          241392 kB
MemAvailable:    1453868 kB
Buffers:           91232 kB
Cached:          1151320 kB
MemTotal:        1844596 kB
MemFree:          241312 kB
MemAvailable:    1453788 kB
Buffers:           91232 kB
Cached:          1151320 kB
MemTotal:        1844596 kB
MemFree:          240060 kB
MemAvailable:    1452536 kB
Buffers:           91232 kB
Cached:          1151320 kB
MemTotal:        1844596 kB
MemFree:          241376 kB
MemAvailable:    1453852 kB
Buffers:           91232 kB
Cached:          1151320 kB
MemTotal:        1844596 kB
MemFree:          241360 kB
MemAvailable:    1453836 kB
Buffers:           91232 kB
Cached:          1151320 kB
MemTotal:        1844596 kB
MemFree:          240284 kB
MemAvailable:    1452760 kB
Buffers:           91232 kB
Cached:          1151320 kB
MemTotal:        1844596 kB
MemFree:          240120 kB
MemAvailable:    1452596 kB
Buffers:           91232 kB
Cached:          1151320 kB
MemTotal:        1844596 kB
MemFree:          239424 kB
MemAvailable:    1451900 kB
Buffers:           91232 kB
Cached:          1151320 kB
MemTotal:        1844596 kB
MemFree:          239680 kB
MemAvailable:    1452156 kB
Buffers:           91232 kB
Cached:          1151320 kB
MemTotal:        1844596 kB
MemFree:          239488 kB
MemAvailable:    1451964 kB
Buffers:           91232 kB
Cached:          1151320 kB
MemTotal:        1844596 kB
MemFree:          239112 kB
MemAvailable:    1451588 kB
Buffers:           91232 kB
Cached:          1151320 kB
MemTotal:        1844596 kB
MemFree:          239044 kB
MemAvailable:    1451520 kB
Buffers:           91232 kB
Cached:          1151320 kB
MemTotal:        1844596 kB
MemFree:          237944 kB
MemAvailable:    1450420 kB
Buffers:           91232 kB
Cached:          1151320 kB
MemTotal:        1844596 kB
MemFree:          238492 kB
MemAvailable:    1450968 kB
Buffers:           91232 kB
Cached:          1151320 kB
MemTotal:        1844596 kB
MemFree:          237068 kB
MemAvailable:    1449544 kB
Buffers:           91232 kB
Cached:          1151320 kB
MemTotal:        1844596 kB
MemFree:          237324 kB
MemAvailable:    1449800 kB
Buffers:           91232 kB
Cached:          1151320 kB
MemTotal:        1844596 kB
MemFree:          235712 kB
MemAvailable:    1448188 kB
Buffers:           91232 kB
Cached:          1151320 kB
MemTotal:        1844596 kB
MemFree:          236756 kB
MemAvailable:    1449232 kB
Buffers:           91232 kB
Cached:          1151320 kB
MemTotal:        1844596 kB
MemFree:          235704 kB
MemAvailable:    1448180 kB
Buffers:           91232 kB
Cached:          1151320 kB
MemTotal:        1844596 kB
MemFree:          236208 kB
MemAvailable:    1448684 kB
Buffers:           91232 kB
Cached:          1151320 kB
MemTotal:        1844596 kB
MemFree:          236200 kB
MemAvailable:    1448676 kB
Buffers:           91232 kB
Cached:          1151320 kB
MemTotal:        1844596 kB
MemFree:          236200 kB
MemAvailable:    1448676 kB
Buffers:           91232 kB
Cached:          1151320 kB
MemTotal:        1844596 kB
MemFree:          234828 kB
MemAvailable:    1447304 kB
Buffers:           91232 kB
Cached:          1151320 kB
MemTotal:        1844596 kB
MemFree:          236020 kB
MemAvailable:    1448496 kB
Buffers:           91232 kB
Cached:          1151320 kB
MemTotal:        1844596 kB
MemFree:          236020 kB
MemAvailable:    1448496 kB
Buffers:           91232 kB
Cached:          1151320 kB
MemTotal:        1844596 kB
MemFree:          236056 kB
MemAvailable:    1448532 kB
Buffers:           91232 kB
Cached:          1151320 kB
MemTotal:        1844596 kB
MemFree:          236084 kB
MemAvailable:    1448560 kB
Buffers:           91232 kB
Cached:          1151320 kB
MemTotal:        1844596 kB
MemFree:          234788 kB
MemAvailable:    1447264 kB
Buffers:           91232 kB
Cached:          1151320 kB
MemTotal:        1844596 kB
MemFree:          236152 kB
MemAvailable:    1448628 kB
Buffers:           91232 kB
Cached:          1151320 kB
MemTotal:        1844596 kB
MemFree:          236212 kB
MemAvailable:    1448688 kB
Buffers:           91232 kB
Cached:          1151320 kB
MemTotal:        1844596 kB
MemFree:          236012 kB
MemAvailable:    1448488 kB
Buffers:           91232 kB
Cached:          1151320 kB
MemTotal:        1844596 kB
MemFree:          235836 kB
MemAvailable:    1448312 kB
Buffers:           91232 kB
Cached:          1151320 kB
MemTotal:        1844596 kB
MemFree:          235948 kB
MemAvailable:    1448424 kB
Buffers:           91232 kB
Cached:          1151320 kB
MemTotal:        1844596 kB
MemFree:          235836 kB
MemAvailable:    1448312 kB
Buffers:           91232 kB
Cached:          1151320 kB
MemTotal:        1844596 kB
MemFree:          235216 kB
MemAvailable:    1447692 kB
Buffers:           91232 kB
Cached:          1151320 kB
MemTotal:        1844596 kB
MemFree:          236068 kB
MemAvailable:    1448548 kB
Buffers:           91232 kB
Cached:          1151324 kB
MemTotal:        1844596 kB
MemFree:          236404 kB
MemAvailable:    1448884 kB
Buffers:           91232 kB
Cached:          1151324 kB
MemTotal:        1844596 kB
MemFree:          234960 kB
MemAvailable:    1447440 kB
Buffers:           91232 kB
Cached:          1151324 kB
MemTotal:        1844596 kB
MemFree:          236260 kB
MemAvailable:    1448740 kB
Buffers:           91232 kB
Cached:          1151324 kB
MemTotal:        1844596 kB
MemFree:          235996 kB
MemAvailable:    1448476 kB
Buffers:           91232 kB
Cached:          1151324 kB
MemTotal:        1844596 kB
MemFree:          234952 kB
MemAvailable:    1447432 kB
Buffers:           91232 kB
Cached:          1151324 kB
MemTotal:        1844596 kB
MemFree:          236184 kB
MemAvailable:    1448664 kB
Buffers:           91232 kB
Cached:          1151324 kB
MemTotal:        1844596 kB
MemFree:          234688 kB
MemAvailable:    1447168 kB
Buffers:           91232 kB
Cached:          1151324 kB
MemTotal:        1844596 kB
MemFree:          235780 kB
MemAvailable:    1448264 kB
Buffers:           91232 kB
Cached:          1151328 kB
MemTotal:        1844596 kB
MemFree:          235988 kB
MemAvailable:    1448472 kB
Buffers:           91232 kB
Cached:          1151328 kB
MemTotal:        1844596 kB
MemFree:          234656 kB
MemAvailable:    1447140 kB
Buffers:           91232 kB
Cached:          1151328 kB
MemTotal:        1844596 kB
MemFree:          234532 kB
MemAvailable:    1447016 kB
Buffers:           91232 kB
Cached:          1151328 kB
MemTotal:        1844596 kB
MemFree:          234292 kB
MemAvailable:    1446776 kB
Buffers:           91232 kB
Cached:          1151328 kB
MemTotal:        1844596 kB
MemFree:          232984 kB
MemAvailable:    1445468 kB
Buffers:           91232 kB
Cached:          1151328 kB
MemTotal:        1844596 kB
MemFree:          231556 kB
MemAvailable:    1444040 kB
Buffers:           91232 kB
Cached:          1151328 kB
MemTotal:        1844596 kB
MemFree:          229876 kB
MemAvailable:    1442360 kB
Buffers:           91232 kB
Cached:          1151328 kB
MemTotal:        1844596 kB
MemFree:          229260 kB
MemAvailable:    1441744 kB
Buffers:           91232 kB
Cached:          1151328 kB
MemTotal:        1844596 kB
MemFree:          223924 kB
MemAvailable:    1436408 kB
Buffers:           91232 kB
Cached:          1151328 kB
MemTotal:        1844596 kB
MemFree:          223968 kB
MemAvailable:    1436452 kB
Buffers:           91232 kB
Cached:          1151328 kB
MemTotal:        1844596 kB
MemFree:          219476 kB
MemAvailable:    1431960 kB
Buffers:           91232 kB
Cached:          1151328 kB
MemTotal:        1844596 kB
MemFree:          217576 kB
MemAvailable:    1430060 kB
Buffers:           91232 kB
Cached:          1151328 kB
MemTotal:        1844596 kB
MemFree:          216088 kB
MemAvailable:    1428572 kB
Buffers:           91232 kB
Cached:          1151328 kB
MemTotal:        1844596 kB
MemFree:          216128 kB
MemAvailable:    1428612 kB
Buffers:           91232 kB
Cached:          1151328 kB
MemTotal:        1844596 kB
MemFree:          217112 kB
MemAvailable:    1429596 kB
Buffers:           91232 kB
Cached:          1151328 kB
MemTotal:        1844596 kB
MemFree:          217280 kB
MemAvailable:    1429764 kB
Buffers:           91232 kB
Cached:          1151328 kB
MemTotal:        1844596 kB
MemFree:          216848 kB
MemAvailable:    1429332 kB
Buffers:           91232 kB
Cached:          1151328 kB
MemTotal:        1844596 kB
MemFree:          216848 kB
MemAvailable:    1429332 kB
Buffers:           91232 kB
Cached:          1151328 kB
MemTotal:        1844596 kB
MemFree:          216844 kB
MemAvailable:    1429328 kB
Buffers:           91232 kB
Cached:          1151328 kB
MemTotal:        1844596 kB
MemFree:          217096 kB
MemAvailable:    1429580 kB
Buffers:           91232 kB
Cached:          1151328 kB
MemTotal:        1844596 kB
MemFree:          216844 kB
MemAvailable:    1429328 kB
Buffers:           91232 kB
Cached:          1151328 kB
MemTotal:        1844596 kB
MemFree:          217096 kB
MemAvailable:    1429580 kB
Buffers:           91232 kB
Cached:          1151328 kB
MemTotal:        1844596 kB
MemFree:          216684 kB
MemAvailable:    1429168 kB
Buffers:           91232 kB
Cached:          1151328 kB
MemTotal:        1844596 kB
MemFree:          217020 kB
MemAvailable:    1429504 kB
Buffers:           91232 kB
Cached:          1151328 kB
MemTotal:        1844596 kB
MemFree:          215376 kB
MemAvailable:    1427860 kB
Buffers:           91232 kB
Cached:          1151328 kB
MemTotal:        1844596 kB
MemFree:          216604 kB
MemAvailable:    1429088 kB
Buffers:           91232 kB
Cached:          1151328 kB
MemTotal:        1844596 kB
MemFree:          215136 kB
MemAvailable:    1427620 kB
Buffers:           91232 kB
Cached:          1151328 kB
MemTotal:        1844596 kB
MemFree:          215976 kB
MemAvailable:    1428460 kB
Buffers:           91232 kB
Cached:          1151328 kB
MemTotal:        1844596 kB
MemFree:          216312 kB
MemAvailable:    1428796 kB
Buffers:           91232 kB
Cached:          1151328 kB
MemTotal:        1844596 kB
MemFree:          215984 kB
MemAvailable:    1428468 kB
Buffers:           91232 kB
Cached:          1151328 kB
MemTotal:        1844596 kB
MemFree:          216060 kB
MemAvailable:    1428544 kB
Buffers:           91232 kB
Cached:          1151328 kB
MemTotal:        1844596 kB
MemFree:          216060 kB
MemAvailable:    1428544 kB
Buffers:           91232 kB
Cached:          1151328 kB
MemTotal:        1844596 kB
MemFree:          216316 kB
MemAvailable:    1428800 kB
Buffers:           91232 kB
Cached:          1151328 kB
MemTotal:        1844596 kB
MemFree:          216172 kB
MemAvailable:    1428656 kB
Buffers:           91232 kB
Cached:          1151328 kB
MemTotal:        1844596 kB
MemFree:          216172 kB
MemAvailable:    1428656 kB
Buffers:           91232 kB
Cached:          1151328 kB
MemTotal:        1844596 kB
MemFree:          216256 kB
MemAvailable:    1428740 kB
Buffers:           91232 kB
Cached:          1151328 kB
MemTotal:        1844596 kB
MemFree:          214948 kB
MemAvailable:    1427432 kB
Buffers:           91232 kB
Cached:          1151328 kB
MemTotal:        1844596 kB
MemFree:          216092 kB
MemAvailable:    1428576 kB
Buffers:           91232 kB
Cached:          1151328 kB
MemTotal:        1844596 kB
MemFree:          216092 kB
MemAvailable:    1428576 kB
Buffers:           91232 kB
Cached:          1151328 kB
MemTotal:        1844596 kB
MemFree:          215932 kB
MemAvailable:    1428416 kB
Buffers:           91232 kB
Cached:          1151328 kB
MemTotal:        1844596 kB
MemFree:          216268 kB
MemAvailable:    1428752 kB
Buffers:           91232 kB
Cached:          1151328 kB
MemTotal:        1844596 kB
MemFree:          214992 kB
MemAvailable:    1427476 kB
Buffers:           91232 kB
Cached:          1151328 kB
MemTotal:        1844596 kB
MemFree:          216052 kB
MemAvailable:    1428536 kB
Buffers:           91232 kB
Cached:          1151328 kB
MemTotal:        1844596 kB
MemFree:          216052 kB
MemAvailable:    1428536 kB
Buffers:           91232 kB
Cached:          1151328 kB
MemTotal:        1844596 kB
MemFree:          215940 kB
MemAvailable:    1428424 kB
Buffers:           91232 kB
Cached:          1151328 kB
MemTotal:        1844596 kB
MemFree:          216276 kB
MemAvailable:    1428760 kB
Buffers:           91232 kB
Cached:          1151328 kB
MemTotal:        1844596 kB
MemFree:          216060 kB
MemAvailable:    1428544 kB
Buffers:           91232 kB
Cached:          1151328 kB
MemTotal:        1844596 kB
MemFree:          216228 kB
MemAvailable:    1428712 kB
Buffers:           91232 kB
Cached:          1151328 kB
MemTotal:        1844596 kB
MemFree:          215716 kB
MemAvailable:    1428200 kB
Buffers:           91232 kB
Cached:          1151328 kB
MemTotal:        1844596 kB
MemFree:          210772 kB
MemAvailable:    1423256 kB
Buffers:           91232 kB
Cached:          1151328 kB
MemTotal:        1844596 kB
MemFree:          210772 kB
MemAvailable:    1423256 kB
Buffers:           91232 kB
Cached:          1151328 kB
MemTotal:        1844596 kB
MemFree:          206192 kB
MemAvailable:    1418676 kB
Buffers:           91232 kB
Cached:          1151328 kB
MemTotal:        1844596 kB
MemFree:          206276 kB
MemAvailable:    1418760 kB
Buffers:           91232 kB
Cached:          1151328 kB
MemTotal:        1844596 kB
MemFree:          202364 kB
MemAvailable:    1414848 kB
Buffers:           91232 kB
Cached:          1151328 kB
MemTotal:        1844596 kB
MemFree:          199140 kB
MemAvailable:    1411624 kB
Buffers:           91232 kB
Cached:          1151328 kB
MemTotal:        1844596 kB
MemFree:          197404 kB
MemAvailable:    1409888 kB
Buffers:           91232 kB
Cached:          1151328 kB
MemTotal:        1844596 kB
MemFree:          197404 kB
MemAvailable:    1409888 kB
Buffers:           91232 kB
Cached:          1151328 kB
MemTotal:        1844596 kB
MemFree:          198580 kB
MemAvailable:    1411064 kB
Buffers:           91232 kB
Cached:          1151328 kB
MemTotal:        1844596 kB
MemFree:          197404 kB
MemAvailable:    1409888 kB
Buffers:           91232 kB
Cached:          1151328 kB
MemTotal:        1844596 kB
MemFree:          197024 kB
MemAvailable:    1409508 kB
Buffers:           91232 kB
Cached:          1151328 kB
MemTotal:        1844596 kB
MemFree:          198512 kB
MemAvailable:    1410996 kB
Buffers:           91232 kB
Cached:          1151328 kB
MemTotal:        1844596 kB
MemFree:          198016 kB
MemAvailable:    1410500 kB
Buffers:           91232 kB
Cached:          1151328 kB
MemTotal:        1844596 kB
MemFree:          198132 kB
MemAvailable:    1410620 kB
Buffers:           91232 kB
Cached:          1151332 kB
MemTotal:        1844596 kB
MemFree:          198132 kB
MemAvailable:    1410620 kB
Buffers:           91232 kB
Cached:          1151332 kB
MemTotal:        1844596 kB
MemFree:          198064 kB
MemAvailable:    1410552 kB
Buffers:           91232 kB
Cached:          1151332 kB
MemTotal:        1844596 kB
MemFree:          196500 kB
MemAvailable:    1408988 kB
Buffers:           91232 kB
Cached:          1151332 kB
MemTotal:        1844596 kB
MemFree:          196764 kB
MemAvailable:    1409252 kB
Buffers:           91232 kB
Cached:          1151332 kB
MemTotal:        1844596 kB
MemFree:          198232 kB
MemAvailable:    1410720 kB
Buffers:           91232 kB
Cached:          1151332 kB
MemTotal:        1844596 kB
MemFree:          196756 kB
MemAvailable:    1409244 kB
Buffers:           91232 kB
Cached:          1151332 kB
MemTotal:        1844596 kB
MemFree:          196888 kB
MemAvailable:    1409376 kB
Buffers:           91232 kB
Cached:          1151332 kB
MemTotal:        1844596 kB
MemFree:          198232 kB
MemAvailable:    1410720 kB
Buffers:           91232 kB
Cached:          1151332 kB
MemTotal:        1844596 kB
MemFree:          197156 kB
MemAvailable:    1409644 kB
Buffers:           91232 kB
Cached:          1151332 kB
MemTotal:        1844596 kB
MemFree:          198324 kB
MemAvailable:    1410816 kB
Buffers:           91232 kB
Cached:          1151336 kB
MemTotal:        1844596 kB
MemFree:          198132 kB
MemAvailable:    1410624 kB
Buffers:           91232 kB
Cached:          1151336 kB
MemTotal:        1844596 kB
MemFree:          197900 kB
MemAvailable:    1410392 kB
Buffers:           91232 kB
Cached:          1151336 kB
MemTotal:        1844596 kB
MemFree:          198064 kB
MemAvailable:    1410556 kB
Buffers:           91232 kB
Cached:          1151336 kB
MemTotal:        1844596 kB
MemFree:          197012 kB
MemAvailable:    1409504 kB
Buffers:           91232 kB
Cached:          1151336 kB
MemTotal:        1844596 kB
MemFree:          196784 kB
MemAvailable:    1409276 kB
Buffers:           91232 kB
Cached:          1151336 kB
MemTotal:        1844596 kB
MemFree:          196908 kB
MemAvailable:    1409400 kB
Buffers:           91232 kB
Cached:          1151336 kB
MemTotal:        1844596 kB
MemFree:          198084 kB
MemAvailable:    1410576 kB
Buffers:           91232 kB
Cached:          1151336 kB
MemTotal:        1844596 kB
MemFree:          198084 kB
MemAvailable:    1410576 kB
Buffers:           91232 kB
Cached:          1151336 kB
MemTotal:        1844596 kB
MemFree:          198016 kB
MemAvailable:    1410508 kB
Buffers:           91232 kB
Cached:          1151336 kB
MemTotal:        1844596 kB
MemFree:          198032 kB
MemAvailable:    1410524 kB
Buffers:           91232 kB
Cached:          1151336 kB
MemTotal:        1844596 kB
MemFree:          198144 kB
MemAvailable:    1410636 kB
Buffers:           91232 kB
Cached:          1151336 kB
MemTotal:        1844596 kB
MemFree:          196724 kB
MemAvailable:    1409216 kB
Buffers:           91232 kB
Cached:          1151336 kB
MemTotal:        1844596 kB
MemFree:          198032 kB
MemAvailable:    1410524 kB
Buffers:           91240 kB
Cached:          1151328 kB
MemTotal:        1844596 kB
MemFree:          197832 kB
MemAvailable:    1410324 kB
Buffers:           91240 kB
Cached:          1151328 kB
MemTotal:        1844596 kB
MemFree:          198084 kB
MemAvailable:    1410576 kB
Buffers:           91240 kB
Cached:          1151328 kB
MemTotal:        1844596 kB
MemFree:          192436 kB
MemAvailable:    1404928 kB
Buffers:           91240 kB
Cached:          1151328 kB
MemTotal:        1844596 kB
MemFree:          192524 kB
MemAvailable:    1405016 kB
Buffers:           91240 kB
Cached:          1151328 kB
MemTotal:        1844596 kB
MemFree:          185120 kB
MemAvailable:    1397612 kB
Buffers:           91240 kB
Cached:          1151328 kB
MemTotal:        1844596 kB
MemFree:          184888 kB
MemAvailable:    1397380 kB
Buffers:           91240 kB
Cached:          1151328 kB
MemTotal:        1844596 kB
MemFree:          180524 kB
MemAvailable:    1393016 kB
Buffers:           91240 kB
Cached:          1151328 kB
MemTotal:        1844596 kB
MemFree:          180168 kB
MemAvailable:    1392660 kB
Buffers:           91240 kB
Cached:          1151328 kB
MemTotal:        1844596 kB
MemFree:          178996 kB
MemAvailable:    1391488 kB
Buffers:           91240 kB
Cached:          1151328 kB
MemTotal:        1844596 kB
MemFree:          180588 kB
MemAvailable:    1393080 kB
Buffers:           91240 kB
Cached:          1151328 kB
MemTotal:        1844596 kB
MemFree:          179548 kB
MemAvailable:    1392040 kB
Buffers:           91240 kB
Cached:          1151328 kB
MemTotal:        1844596 kB
MemFree:          180664 kB
MemAvailable:    1393156 kB
Buffers:           91240 kB
Cached:          1151328 kB
MemTotal:        1844596 kB
MemFree:          179160 kB
MemAvailable:    1391652 kB
Buffers:           91240 kB
Cached:          1151328 kB
MemTotal:        1844596 kB
MemFree:          179548 kB
MemAvailable:    1392040 kB
Buffers:           91240 kB
Cached:          1151328 kB
MemTotal:        1844596 kB
MemFree:          180476 kB
MemAvailable:    1392968 kB
Buffers:           91240 kB
Cached:          1151328 kB
MemTotal:        1844596 kB
MemFree:          180404 kB
MemAvailable:    1392896 kB
Buffers:           91240 kB
Cached:          1151328 kB
MemTotal:        1844596 kB
MemFree:          179672 kB
MemAvailable:    1392164 kB
Buffers:           91240 kB
Cached:          1151328 kB
MemTotal:        1844596 kB
MemFree:          180424 kB
MemAvailable:    1392916 kB
Buffers:           91240 kB
Cached:          1151328 kB
MemTotal:        1844596 kB
MemFree:          179680 kB
MemAvailable:    1392172 kB
Buffers:           91240 kB
Cached:          1151328 kB
MemTotal:        1844596 kB
MemFree:          180304 kB
MemAvailable:    1392796 kB
Buffers:           91240 kB
Cached:          1151328 kB
MemTotal:        1844596 kB
MemFree:          180476 kB
MemAvailable:    1392968 kB
Buffers:           91240 kB
Cached:          1151328 kB
MemTotal:        1844596 kB
MemFree:          180428 kB
MemAvailable:    1392920 kB
Buffers:           91240 kB
Cached:          1151328 kB
MemTotal:        1844596 kB
MemFree:          180356 kB
MemAvailable:    1392848 kB
Buffers:           91240 kB
Cached:          1151328 kB
MemTotal:        1844596 kB
MemFree:          180608 kB
MemAvailable:    1393100 kB
Buffers:           91240 kB
Cached:          1151328 kB
MemTotal:        1844596 kB
MemFree:          180368 kB
MemAvailable:    1392860 kB
Buffers:           91240 kB
Cached:          1151328 kB
MemTotal:        1844596 kB
MemFree:          180528 kB
MemAvailable:    1393020 kB
Buffers:           91240 kB
Cached:          1151328 kB
MemTotal:        1844596 kB
MemFree:          180520 kB
MemAvailable:    1393012 kB
Buffers:           91240 kB
Cached:          1151328 kB
MemTotal:        1844596 kB
MemFree:          179532 kB
MemAvailable:    1392024 kB
Buffers:           91240 kB
Cached:          1151328 kB
MemTotal:        1844596 kB
MemFree:          179532 kB
MemAvailable:    1392024 kB
Buffers:           91240 kB
Cached:          1151328 kB
MemTotal:        1844596 kB
MemFree:          179404 kB
MemAvailable:    1391896 kB
Buffers:           91240 kB
Cached:          1151328 kB
MemTotal:        1844596 kB
MemFree:          179184 kB
MemAvailable:    1391676 kB
Buffers:           91240 kB
Cached:          1151328 kB
MemTotal:        1844596 kB
MemFree:          178136 kB
MemAvailable:    1390628 kB
Buffers:           91240 kB
Cached:          1151328 kB
MemTotal:        1844596 kB
MemFree:          179376 kB
MemAvailable:    1391868 kB
Buffers:           91240 kB
Cached:          1151328 kB
MemTotal:        1844596 kB
MemFree:          177672 kB
MemAvailable:    1390164 kB
Buffers:           91240 kB
Cached:          1151328 kB
MemTotal:        1844596 kB
MemFree:          177760 kB
MemAvailable:    1390252 kB
Buffers:           91240 kB
Cached:          1151328 kB
MemTotal:        1844596 kB
MemFree:          173100 kB
MemAvailable:    1385592 kB
Buffers:           91240 kB
Cached:          1151328 kB
MemTotal:        1844596 kB
MemFree:          170992 kB
MemAvailable:    1383484 kB
Buffers:           91240 kB
Cached:          1151328 kB
MemTotal:        1844596 kB
MemFree:          167140 kB
MemAvailable:    1379632 kB
Buffers:           91240 kB
Cached:          1151328 kB
MemTotal:        1844596 kB
MemFree:          166660 kB
MemAvailable:    1379152 kB
Buffers:           91240 kB
Cached:          1151328 kB
MemTotal:        1844596 kB
MemFree:          162676 kB
MemAvailable:    1375168 kB
Buffers:           91240 kB
Cached:          1151328 kB
MemTotal:        1844596 kB
MemFree:          162196 kB
MemAvailable:    1374688 kB
Buffers:           91240 kB
Cached:          1151328 kB
MemTotal:        1844596 kB
MemFree:          158468 kB
MemAvailable:    1370960 kB
Buffers:           91240 kB
Cached:          1151328 kB
MemTotal:        1844596 kB
MemFree:          156916 kB
MemAvailable:    1369408 kB
Buffers:           91240 kB
Cached:          1151328 kB
MemTotal:        1844596 kB
MemFree:          155244 kB
MemAvailable:    1367736 kB
Buffers:           91240 kB
Cached:          1151328 kB
MemTotal:        1844596 kB
MemFree:          153624 kB
MemAvailable:    1366116 kB
Buffers:           91240 kB
Cached:          1151328 kB
MemTotal:        1844596 kB
MemFree:          153624 kB
MemAvailable:    1366116 kB
Buffers:           91240 kB
Cached:          1151328 kB
MemTotal:        1844596 kB
MemFree:          148796 kB
MemAvailable:    1361288 kB
Buffers:           91240 kB
Cached:          1151328 kB
MemTotal:        1844596 kB
MemFree:          148856 kB
MemAvailable:    1361348 kB
Buffers:           91240 kB
Cached:          1151328 kB
MemTotal:        1844596 kB
MemFree:          148724 kB
MemAvailable:    1361216 kB
Buffers:           91240 kB
Cached:          1151328 kB
MemTotal:        1844596 kB
MemFree:          147556 kB
MemAvailable:    1360048 kB
Buffers:           91240 kB
Cached:          1151328 kB
MemTotal:        1844596 kB
MemFree:          148536 kB
MemAvailable:    1361028 kB
Buffers:           91240 kB
Cached:          1151328 kB
MemTotal:        1844596 kB
MemFree:          147812 kB
MemAvailable:    1360304 kB
Buffers:           91240 kB
Cached:          1151328 kB
MemTotal:        1844596 kB
MemFree:          148672 kB
MemAvailable:    1361164 kB
Buffers:           91240 kB
Cached:          1151328 kB
MemTotal:        1844596 kB
MemFree:          147168 kB
MemAvailable:    1359660 kB
Buffers:           91240 kB
Cached:          1151328 kB
MemTotal:        1844596 kB
MemFree:          147424 kB
MemAvailable:    1359916 kB
Buffers:           91240 kB
Cached:          1151328 kB
MemTotal:        1844596 kB
MemFree:          147424 kB
MemAvailable:    1359916 kB
Buffers:           91240 kB
Cached:          1151328 kB
MemTotal:        1844596 kB
MemFree:          147432 kB
MemAvailable:    1359924 kB
Buffers:           91240 kB
Cached:          1151328 kB
MemTotal:        1844596 kB
MemFree:          147416 kB
MemAvailable:    1359908 kB
Buffers:           91240 kB
Cached:          1151328 kB
MemTotal:        1844596 kB
MemFree:          147752 kB
MemAvailable:    1360244 kB
Buffers:           91240 kB
Cached:          1151328 kB
MemTotal:        1844596 kB
MemFree:          147368 kB
MemAvailable:    1359860 kB
Buffers:           91240 kB
Cached:          1151328 kB
MemTotal:        1844596 kB
MemFree:          146936 kB
MemAvailable:    1359428 kB
Buffers:           91240 kB
Cached:          1151328 kB
MemTotal:        1844596 kB
MemFree:          147112 kB
MemAvailable:    1359604 kB
Buffers:           91240 kB
Cached:          1151328 kB
MemTotal:        1844596 kB
MemFree:          147448 kB
MemAvailable:    1359940 kB
Buffers:           91240 kB
Cached:          1151328 kB
MemTotal:        1844596 kB
MemFree:          147052 kB
MemAvailable:    1359544 kB
Buffers:           91240 kB
Cached:          1151328 kB
MemTotal:        1844596 kB
MemFree:          147052 kB
MemAvailable:    1359544 kB
Buffers:           91240 kB
Cached:          1151328 kB
MemTotal:        1844596 kB
MemFree:          146756 kB
MemAvailable:    1359248 kB
Buffers:           91240 kB
Cached:          1151328 kB
MemTotal:        1844596 kB
MemFree:          147012 kB
MemAvailable:    1359504 kB
Buffers:           91240 kB
Cached:          1151328 kB
MemTotal:        1844596 kB
MemFree:          146880 kB
MemAvailable:    1359372 kB
Buffers:           91240 kB
Cached:          1151328 kB
MemTotal:        1844596 kB
MemFree:          145260 kB
MemAvailable:    1357752 kB
Buffers:           91240 kB
Cached:          1151328 kB
MemTotal:        1844596 kB
MemFree:          146004 kB
MemAvailable:    1358516 kB
Buffers:           91240 kB
Cached:          1151348 kB
MemTotal:        1844596 kB
MemFree:          145756 kB
MemAvailable:    1358268 kB
Buffers:           91240 kB
Cached:          1151348 kB
MemTotal:        1844596 kB
MemFree:          145180 kB
MemAvailable:    1357692 kB
Buffers:           91240 kB
Cached:          1151348 kB
MemTotal:        1844596 kB
MemFree:          143464 kB
MemAvailable:    1355976 kB
Buffers:           91240 kB
Cached:          1151348 kB
MemTotal:        1844596 kB
MemFree:          144456 kB
MemAvailable:    1356968 kB
Buffers:           91240 kB
Cached:          1151348 kB
MemTotal:        1844596 kB
MemFree:          143224 kB
MemAvailable:    1355736 kB
Buffers:           91240 kB
Cached:          1151348 kB
MemTotal:        1844596 kB
MemFree:          144636 kB
MemAvailable:    1357148 kB
Buffers:           91240 kB
Cached:          1151348 kB
MemTotal:        1844596 kB
MemFree:          144580 kB
MemAvailable:    1357092 kB
Buffers:           91240 kB
Cached:          1151348 kB
MemTotal:        1844596 kB
MemFree:          144316 kB
MemAvailable:    1356828 kB
Buffers:           91240 kB
Cached:          1151348 kB
MemTotal:        1844596 kB
MemFree:          144316 kB
MemAvailable:    1356828 kB
Buffers:           91240 kB
Cached:          1151348 kB
MemTotal:        1844596 kB
MemFree:          144336 kB
MemAvailable:    1356848 kB
Buffers:           91240 kB
Cached:          1151348 kB
MemTotal:        1844596 kB
MemFree:          144396 kB
MemAvailable:    1356908 kB
Buffers:           91240 kB
Cached:          1151348 kB
MemTotal:        1844596 kB
MemFree:          143712 kB
MemAvailable:    1356224 kB
Buffers:           91240 kB
Cached:          1151348 kB
MemTotal:        1844596 kB
MemFree:          144188 kB
MemAvailable:    1356700 kB
Buffers:           91240 kB
Cached:          1151348 kB
MemTotal:        1844596 kB
MemFree:          143784 kB
MemAvailable:    1356296 kB
Buffers:           91240 kB
Cached:          1151348 kB
MemTotal:        1844596 kB
MemFree:          143064 kB
MemAvailable:    1355576 kB
Buffers:           91240 kB
Cached:          1151348 kB
MemTotal:        1844596 kB
MemFree:          144428 kB
MemAvailable:    1356940 kB
Buffers:           91240 kB
Cached:          1151348 kB
MemTotal:        1844596 kB
MemFree:          144300 kB
MemAvailable:    1356812 kB
Buffers:           91240 kB
Cached:          1151348 kB
MemTotal:        1844596 kB
MemFree:          144552 kB
MemAvailable:    1357064 kB
Buffers:           91240 kB
Cached:          1151348 kB
MemTotal:        1844596 kB
MemFree:          144144 kB
MemAvailable:    1356656 kB
Buffers:           91240 kB
Cached:          1151348 kB
MemTotal:        1844596 kB
MemFree:          142920 kB
MemAvailable:    1355432 kB
Buffers:           91240 kB
Cached:          1151348 kB
MemTotal:        1844596 kB
MemFree:          144284 kB
MemAvailable:    1356796 kB
Buffers:           91240 kB
Cached:          1151348 kB
MemTotal:        1844596 kB
MemFree:          143036 kB
MemAvailable:    1355548 kB
Buffers:           91240 kB
Cached:          1151348 kB
MemTotal:        1844596 kB
MemFree:          143160 kB
MemAvailable:    1355672 kB
Buffers:           91240 kB
Cached:          1151348 kB
MemTotal:        1844596 kB
MemFree:          144336 kB
MemAvailable:    1356848 kB
Buffers:           91240 kB
Cached:          1151348 kB
MemTotal:        1844596 kB
MemFree:          144256 kB
MemAvailable:    1356768 kB
Buffers:           91240 kB
Cached:          1151348 kB
MemTotal:        1844596 kB
MemFree:          144256 kB
MemAvailable:    1356768 kB
Buffers:           91240 kB
Cached:          1151348 kB
MemTotal:        1844596 kB
MemFree:          143064 kB
MemAvailable:    1355576 kB
Buffers:           91240 kB
Cached:          1151348 kB
MemTotal:        1844596 kB
MemFree:          143464 kB
MemAvailable:    1355976 kB
Buffers:           91240 kB
Cached:          1151348 kB
MemTotal:        1844596 kB
MemFree:          144140 kB
MemAvailable:    1356652 kB
Buffers:           91240 kB
Cached:          1151348 kB
MemTotal:        1844596 kB
MemFree:          144392 kB
MemAvailable:    1356720 kB
Buffers:           91240 kB
Cached:          1151348 kB
MemTotal:        1844596 kB
MemFree:          142912 kB
MemAvailable:    1355424 kB
Buffers:           91240 kB
Cached:          1151348 kB
MemTotal:        1844596 kB
MemFree:          144504 kB
MemAvailable:    1357016 kB
Buffers:           91240 kB
Cached:          1151348 kB
MemTotal:        1844596 kB
MemFree:          143464 kB
MemAvailable:    1355976 kB
Buffers:           91240 kB
Cached:          1151348 kB
MemTotal:        1844596 kB
MemFree:          144464 kB
MemAvailable:    1356976 kB
Buffers:           91240 kB
Cached:          1151348 kB
MemTotal:        1844596 kB
MemFree:          143580 kB
MemAvailable:    1356092 kB
Buffers:           91240 kB
Cached:          1151348 kB
MemTotal:        1844596 kB
MemFree:          144312 kB
MemAvailable:    1356824 kB
Buffers:           91240 kB
Cached:          1151348 kB
MemTotal:        1844596 kB
MemFree:          144620 kB
MemAvailable:    1357132 kB
Buffers:           91240 kB
Cached:          1151348 kB
MemTotal:        1844596 kB
MemFree:          144192 kB
MemAvailable:    1356704 kB
Buffers:           91240 kB
Cached:          1151348 kB
MemTotal:        1844596 kB
MemFree:          144528 kB
MemAvailable:    1357040 kB
Buffers:           91240 kB
Cached:          1151348 kB
MemTotal:        1844596 kB
MemFree:          143696 kB
MemAvailable:    1356208 kB
Buffers:           91240 kB
Cached:          1151348 kB
MemTotal:        1844596 kB
MemFree:          143288 kB
MemAvailable:    1355800 kB
Buffers:           91240 kB
Cached:          1151348 kB
MemTotal:        1844596 kB
MemFree:          144136 kB
MemAvailable:    1356652 kB
Buffers:           91240 kB
Cached:          1151352 kB
MemTotal:        1844596 kB
MemFree:          141596 kB
MemAvailable:    1354112 kB
Buffers:           91240 kB
Cached:          1151352 kB
MemTotal:        1844596 kB
MemFree:          141596 kB
MemAvailable:    1354112 kB
Buffers:           91240 kB
Cached:          1151352 kB
MemTotal:        1844596 kB
MemFree:          137876 kB
MemAvailable:    1350392 kB
Buffers:           91240 kB
Cached:          1151352 kB
MemTotal:        1844596 kB
MemFree:          136632 kB
MemAvailable:    1349148 kB
Buffers:           91240 kB
Cached:          1151352 kB
MemTotal:        1844596 kB
MemFree:          136252 kB
MemAvailable:    1348768 kB
Buffers:           91240 kB
Cached:          1151352 kB
MemTotal:        1844596 kB
MemFree:          137680 kB
MemAvailable:    1350196 kB
Buffers:           91240 kB
Cached:          1151352 kB
MemTotal:        1844596 kB
MemFree:          137632 kB
MemAvailable:    1350148 kB
Buffers:           91240 kB
Cached:          1151352 kB
MemTotal:        1844596 kB
MemFree:          136368 kB
MemAvailable:    1348884 kB
Buffers:           91240 kB
Cached:          1151352 kB
MemTotal:        1844596 kB
MemFree:          137820 kB
MemAvailable:    1350336 kB
Buffers:           91240 kB
Cached:          1151352 kB
MemTotal:        1844596 kB
MemFree:          137504 kB
MemAvailable:    1350020 kB
Buffers:           91240 kB
Cached:          1151352 kB
MemTotal:        1844596 kB
MemFree:          137840 kB
MemAvailable:    1350356 kB
Buffers:           91240 kB
Cached:          1151352 kB
MemTotal:        1844596 kB
MemFree:          136504 kB
MemAvailable:    1349020 kB
Buffers:           91240 kB
Cached:          1151352 kB
MemTotal:        1844596 kB
MemFree:          136512 kB
MemAvailable:    1349028 kB
Buffers:           91240 kB
Cached:          1151352 kB
MemTotal:        1844596 kB
MemFree:          136008 kB
MemAvailable:    1348524 kB
Buffers:           91240 kB
Cached:          1151352 kB
MemTotal:        1844596 kB
MemFree:          135876 kB
MemAvailable:    1348392 kB
Buffers:           91240 kB
Cached:          1151352 kB
MemTotal:        1844596 kB
MemFree:          136000 kB
MemAvailable:    1348516 kB
Buffers:           91240 kB
Cached:          1151352 kB
MemTotal:        1844596 kB
MemFree:          137240 kB
MemAvailable:    1349840 kB
Buffers:           91240 kB
Cached:          1151476 kB
MemTotal:        1844596 kB
MemFree:          136876 kB
MemAvailable:    1349728 kB
Buffers:           91240 kB
Cached:          1151724 kB
MemTotal:        1844596 kB
MemFree:          136960 kB
MemAvailable:    1349812 kB
Buffers:           91240 kB
Cached:          1151724 kB
MemTotal:        1844596 kB
MemFree:          136572 kB
MemAvailable:    1349592 kB
Buffers:           91240 kB
Cached:          1151848 kB
MemTotal:        1844596 kB
MemFree:          136908 kB
MemAvailable:    1349928 kB
Buffers:           91240 kB
Cached:          1151848 kB
MemTotal:        1844596 kB
MemFree:          135464 kB
MemAvailable:    1348568 kB
Buffers:           91240 kB
Cached:          1151972 kB
MemTotal:        1844596 kB
MemFree:          136440 kB
MemAvailable:    1349628 kB
Buffers:           91240 kB
Cached:          1152096 kB
MemTotal:        1844596 kB
MemFree:          136524 kB
MemAvailable:    1349712 kB
Buffers:           91240 kB
Cached:          1152096 kB
MemTotal:        1844596 kB
MemFree:          136508 kB
MemAvailable:    1349696 kB
Buffers:           91240 kB
Cached:          1152096 kB
MemTotal:        1844596 kB
MemFree:          136648 kB
MemAvailable:    1349836 kB
Buffers:           91240 kB
Cached:          1152096 kB
MemTotal:        1844596 kB
MemFree:          136552 kB
MemAvailable:    1349740 kB
Buffers:           91240 kB
Cached:          1152096 kB
MemTotal:        1844596 kB
MemFree:          135652 kB
MemAvailable:    1348840 kB
Buffers:           91240 kB
Cached:          1152096 kB
MemTotal:        1844596 kB
MemFree:          136688 kB
MemAvailable:    1349876 kB
Buffers:           91240 kB
Cached:          1152096 kB
MemTotal:        1844596 kB
MemFree:          135908 kB
MemAvailable:    1349096 kB
Buffers:           91240 kB
Cached:          1152096 kB
MemTotal:        1844596 kB
MemFree:          136644 kB
MemAvailable:    1349916 kB
Buffers:           91240 kB
Cached:          1152060 kB
MemTotal:        1844596 kB
MemFree:          135264 kB
MemAvailable:    1347864 kB
Buffers:           91240 kB
Cached:          1151428 kB
MemTotal:        1844596 kB
MemFree:          194828 kB
MemAvailable:    1407440 kB
Buffers:           91240 kB
Cached:          1151360 kB
MemTotal:        1844596 kB
MemFree:          213896 kB
MemAvailable:    1426424 kB
Buffers:           91240 kB
Cached:          1151360 kB
MemTotal:        1844596 kB
MemFree:          333764 kB
MemAvailable:    1546292 kB
Buffers:           91240 kB
Cached:          1151360 kB
