MemTotal:        1844596 kB
MemFree:          261144 kB
MemAvailable:    1542972 kB
Buffers:           96276 kB
Cached:          1209656 kB
MemTotal:        1844596 kB
MemFree:          232928 kB
MemAvailable:    1514760 kB
Buffers:           96276 kB
Cached:          1209660 kB
MemTotal:        1844596 kB
MemFree:          232492 kB
MemAvailable:    1514324 kB
Buffers:           96276 kB
Cached:          1209660 kB
MemTotal:        1844596 kB
MemFree:          232444 kB
MemAvailable:    1514276 kB
Buffers:           96276 kB
Cached:          1209660 kB
MemTotal:        1844596 kB
MemFree:          229648 kB
MemAvailable:    1511480 kB
Buffers:           96276 kB
Cached:          1209660 kB
MemTotal:        1844596 kB
MemFree:          229580 kB
MemAvailable:    1511412 kB
Buffers:           96276 kB
Cached:          1209660 kB
MemTotal:        1844596 kB
MemFree:          228316 kB
MemAvailable:    1510148 kB
Buffers:           96276 kB
Cached:          1209660 kB
MemTotal:        1844596 kB
MemFree:          226004 kB
MemAvailable:    1507836 kB
Buffers:           96276 kB
Cached:          1209660 kB
MemTotal:        1844596 kB
MemFree:          223708 kB
MemAvailable:    1505540 kB
Buffers:           96276 kB
Cached:          1209660 kB
MemTotal:        1844596 kB
MemFree:          218548 kB
MemAvailable:    1500380 kB
Buffers:           96276 kB
Cached:          1209660 kB
MemTotal:        1844596 kB
MemFree:          217012 kB
MemAvailable:    1498844 kB
Buffers:           96276 kB
Cached:          1209660 kB
MemTotal:        1844596 kB
MemFree:          221212 kB
MemAvailable:    1503044 kB
Buffers:           96276 kB
Cached:          1209660 kB
MemTotal:        1844596 kB
MemFree:          221292 kB
MemAvailable:    1503124 kB
Buffers:           96276 kB
Cached:          1209660 kB
MemTotal:        1844596 kB
MemFree:          219804 kB
MemAvailable:    1501636 kB
Buffers:           96276 kB
Cached:          1209660 kB
MemTotal:        1844596 kB
MemFree:          221104 kB
MemAvailable:    1502936 kB
Buffers:           96276 kB
Cached:          1209660 kB
MemTotal:        1844596 kB
MemFree:          219948 kB
MemAvailable:    1501780 kB
Buffers:           96276 kB
Cached:          1209660 kB
MemTotal:        1844596 kB
MemFree:          219576 kB
MemAvailable:    1501408 kB
Buffers:           96276 kB
Cached:          1209660 kB
MemTotal:        1844596 kB
MemFree:          220876 kB
MemAvailable:    1502708 kB
Buffers:           96276 kB
Cached:          1209660 kB
MemTotal:        1844596 kB
MemFree:          220764 kB
MemAvailable:    1502596 kB
Buffers:           96276 kB
Cached:          1209660 kB
MemTotal:        1844596 kB
MemFree:          219332 kB
MemAvailable:    1501164 kB
Buffers:           96276 kB
Cached:          1209660 kB
MemTotal:        1844596 kB
MemFree:          220308 kB
MemAvailable:    1502140 kB
Buffers:           96276 kB
Cached:          1209660 kB
MemTotal:        1844596 kB
MemFree:          220092 kB
MemAvailable:    1501924 kB
Buffers:           96276 kB
Cached:          1209660 kB
MemTotal:        1844596 kB
MemFree:          220220 kB
MemAvailable:    1502052 kB
Buffers:           96276 kB
Cached:          1209660 kB
MemTotal:        1844596 kB
MemFree:          218728 kB
MemAvailable:    1500560 kB
Buffers:           96276 kB
Cached:          1209660 kB
MemTotal:        1844596 kB
MemFree:          219712 kB
MemAvailable:    1501544 kB
Buffers:           96276 kB
Cached:          1209660 kB
MemTotal:        1844596 kB
MemFree:          218604 kB
MemAvailable:    1500436 kB
Buffers:           96276 kB
Cached:          1209660 kB
MemTotal:        1844596 kB
MemFree:          219312 kB
MemAvailable:    1501144 kB
Buffers:           96276 kB
Cached:          1209660 kB
MemTotal:        1844596 kB
MemFree:          218748 kB
MemAvailable:    1500580 kB
Buffers:           96276 kB
Cached:          1209660 kB
MemTotal:        1844596 kB
MemFree:          219040 kB
MemAvailable:    1500872 kB
Buffers:           96276 kB
Cached:          1209660 kB
MemTotal:        1844596 kB
MemFree:          218800 kB
MemAvailable:    1500632 kB
Buffers:           96276 kB
Cached:          1209660 kB
MemTotal:        1844596 kB
MemFree:          218304 kB
MemAvailable:    1500136 kB
Buffers:           96276 kB
Cached:          1209660 kB
MemTotal:        1844596 kB
MemFree:          218064 kB
MemAvailable:    1499896 kB
Buffers:           96276 kB
Cached:          1209660 kB
MemTotal:        1844596 kB
MemFree:          218064 kB
MemAvailable:    1499896 kB
Buffers:           96276 kB
Cached:          1209660 kB
MemTotal:        1844596 kB
MemFree:          218072 kB
MemAvailable:    1499904 kB
Buffers:           96276 kB
Cached:          1209660 kB
MemTotal:        1844596 kB
MemFree:          216828 kB
MemAvailable:    1498660 kB
Buffers:           96276 kB
Cached:          1209660 kB
MemTotal:        1844596 kB
MemFree:          218188 kB
MemAvailable:    1500020 kB
Buffers:           96276 kB
Cached:          1209660 kB
MemTotal:        1844596 kB
MemFree:          217968 kB
MemAvailable:    1499800 kB
Buffers:           96276 kB
Cached:          1209660 kB
MemTotal:        1844596 kB
MemFree:          218224 kB
MemAvailable:    1500056 kB
Buffers:           96276 kB
Cached:          1209660 kB
MemTotal:        1844596 kB
MemFree:          215764 kB
MemAvailable:    1497596 kB
Buffers:           96276 kB
Cached:          1209660 kB
MemTotal:        1844596 kB
MemFree:          212780 kB
MemAvailable:    1494612 kB
Buffers:           96276 kB
Cached:          1209660 kB
MemTotal:        1844596 kB
MemFree:          212904 kB
MemAvailable:    1494736 kB
Buffers:           96276 kB
Cached:          1209660 kB
MemTotal:        1844596 kB
MemFree:          211804 kB
MemAvailable:    1493636 kB
Buffers:           96276 kB
Cached:          1209660 kB
MemTotal:        1844596 kB
MemFree:          212488 kB
MemAvailable:    1494320 kB
Buffers:           96276 kB
Cached:          1209660 kB
MemTotal:        1844596 kB
MemFree:          212592 kB
MemAvailable:    1494424 kB
Buffers:           96276 kB
Cached:          1209660 kB
MemTotal:        1844596 kB
MemFree:          212516 kB
MemAvailable:    1494348 kB
Buffers:           96276 kB
Cached:          1209660 kB
MemTotal:        1844596 kB
MemFree:          211172 kB
MemAvailable:    1493004 kB
Buffers:           96276 kB
Cached:          1209660 kB
MemTotal:        1844596 kB
MemFree:          211180 kB
MemAvailable:    1493012 kB
Buffers:           96276 kB
Cached:          1209660 kB
MemTotal:        1844596 kB
MemFree:          211048 kB
MemAvailable:    1492880 kB
Buffers:           96276 kB
Cached:          1209660 kB
MemTotal:        1844596 kB
MemFree:          211172 kB
MemAvailable:    1493004 kB
Buffers:           96276 kB
Cached:          1209660 kB
MemTotal:        1844596 kB
MemFree:          212276 kB
MemAvailable:    1494108 kB
Buffers:           96276 kB
Cached:          1209660 kB
MemTotal:        1844596 kB
MemFree:          212360 kB
MemAvailable:    1494192 kB
Buffers:           96276 kB
Cached:          1209660 kB
MemTotal:        1844596 kB
MemFree:          212356 kB
MemAvailable:    1494188 kB
Buffers:           96276 kB
Cached:          1209660 kB
MemTotal:        1844596 kB
MemFree:          211140 kB
MemAvailable:    1492972 kB
Buffers:           96276 kB
Cached:          1209660 kB
MemTotal:        1844596 kB
MemFree:          212380 kB
MemAvailable:    1494212 kB
Buffers:           96276 kB
Cached:          1209660 kB
MemTotal:        1844596 kB
MemFree:          208464 kB
MemAvailable:    1490296 kB
Buffers:           96276 kB
Cached:          1209660 kB
MemTotal:        1844596 kB
MemFree:          206788 kB
MemAvailable:    1488628 kB
Buffers:           96276 kB
Cached:          1209664 kB
MemTotal:        1844596 kB
MemFree:          206232 kB
MemAvailable:    1488072 kB
Buffers:           96276 kB
Cached:          1209664 kB
MemTotal:        1844596 kB
MemFree:          205876 kB
MemAvailable:    1487716 kB
Buffers:           96276 kB
Cached:          1209664 kB
MemTotal:        1844596 kB
MemFree:          204876 kB
MemAvailable:    1486716 kB
Buffers:           96276 kB
Cached:          1209664 kB
MemTotal:        1844596 kB
MemFree:          204504 kB
MemAvailable:    1486344 kB
Buffers:           96276 kB
Cached:          1209664 kB
MemTotal:        1844596 kB
MemFree:          203744 kB
MemAvailable:    1485584 kB
Buffers:           96276 kB
Cached:          1209664 kB
MemTotal:        1844596 kB
MemFree:          203636 kB
MemAvailable:    1485476 kB
Buffers:           96276 kB
Cached:          1209664 kB
MemTotal:        1844596 kB
MemFree:          202508 kB
MemAvailable:    1484348 kB
Buffers:           96276 kB
Cached:          1209664 kB
MemTotal:        1844596 kB
MemFree:          202508 kB
MemAvailable:    1484348 kB
Buffers:           96276 kB
Cached:          1209664 kB
MemTotal:        1844596 kB
MemFree:          203808 kB
MemAvailable:    1485648 kB
Buffers:           96276 kB
Cached:          1209664 kB
MemTotal:        1844596 kB
MemFree:          202776 kB
MemAvailable:    1484616 kB
Buffers:           96276 kB
Cached:          1209664 kB
MemTotal:        1844596 kB
MemFree:          203556 kB
MemAvailable:    1485396 kB
Buffers:           96276 kB
Cached:          1209664 kB
MemTotal:        1844596 kB
MemFree:          203528 kB
MemAvailable:    1485368 kB
Buffers:           96276 kB
Cached:          1209664 kB
MemTotal:        1844596 kB
MemFree:          203628 kB
MemAvailable:    1485468 kB
Buffers:           96276 kB
Cached:          1209664 kB
MemTotal:        1844596 kB
MemFree:          203456 kB
MemAvailable:    1485296 kB
Buffers:           96276 kB
Cached:          1209664 kB
MemTotal:        1844596 kB
MemFree:          202204 kB
MemAvailable:    1484044 kB
Buffers:           96276 kB
Cached:          1209664 kB
MemTotal:        1844596 kB
MemFree:          203488 kB
MemAvailable:    1485328 kB
Buffers:           96276 kB
Cached:          1209664 kB
MemTotal:        1844596 kB
MemFree:          202244 kB
MemAvailable:    1484084 kB
Buffers:           96276 kB
Cached:          1209664 kB
MemTotal:        1844596 kB
MemFree:          202492 kB
MemAvailable:    1484332 kB
Buffers:           96276 kB
Cached:          1209664 kB
MemTotal:        1844596 kB
MemFree:          202396 kB
MemAvailable:    1484236 kB
Buffers:           96276 kB
Cached:          1209664 kB
MemTotal:        1844596 kB
MemFree:          202016 kB
MemAvailable:    1483856 kB
Buffers:           96276 kB
Cached:          1209664 kB
MemTotal:        1844596 kB
MemFree:          203256 kB
MemAvailable:    1485096 kB
Buffers:           96276 kB
Cached:          1209664 kB
MemTotal:        1844596 kB
MemFree:          202528 kB
MemAvailable:    1484368 kB
Buffers:           96276 kB
Cached:          1209664 kB
MemTotal:        1844596 kB
MemFree:          203092 kB
MemAvailable:    1484932 kB
Buffers:           96276 kB
Cached:          1209664 kB
MemTotal:        1844596 kB
MemFree:          202272 kB
MemAvailable:    1484112 kB
Buffers:           96276 kB
Cached:          1209664 kB
MemTotal:        1844596 kB
MemFree:          200908 kB
MemAvailable:    1482748 kB
Buffers:           96276 kB
Cached:          1209664 kB
MemTotal:        1844596 kB
MemFree:          198676 kB
MemAvailable:    1480516 kB
Buffers:           96276 kB
Cached:          1209664 kB
MemTotal:        1844596 kB
MemFree:          195700 kB
MemAvailable:    1477540 kB
Buffers:           96276 kB
Cached:          1209664 kB
MemTotal:        1844596 kB
MemFree:          194940 kB
MemAvailable:    1476780 kB
Buffers:           96276 kB
Cached:          1209664 kB
MemTotal:        1844596 kB
MemFree:          194220 kB
MemAvailable:    1476060 kB
Buffers:           96276 kB
Cached:          1209664 kB
MemTotal:        1844596 kB
MemFree:          193544 kB
MemAvailable:    1475384 kB
Buffers:           96276 kB
Cached:          1209664 kB
MemTotal:        1844596 kB
MemFree:          194816 kB
MemAvailable:    1476656 kB
Buffers:           96276 kB
Cached:          1209664 kB
MemTotal:        1844596 kB
MemFree:          194584 kB
MemAvailable:    1476424 kB
Buffers:           96276 kB
Cached:          1209664 kB
MemTotal:        1844596 kB
MemFree:          193536 kB
MemAvailable:    1475376 kB
Buffers:           96276 kB
Cached:          1209664 kB
MemTotal:        1844596 kB
MemFree:          193660 kB
MemAvailable:    1475500 kB
Buffers:           96276 kB
Cached:          1209664 kB
MemTotal:        1844596 kB
MemFree:          193660 kB
MemAvailable:    1475500 kB
Buffers:           96276 kB
Cached:          1209664 kB
MemTotal:        1844596 kB
MemFree:          193280 kB
MemAvailable:    1475120 kB
Buffers:           96276 kB
Cached:          1209664 kB
MemTotal:        1844596 kB
MemFree:          194520 kB
MemAvailable:    1476360 kB
Buffers:           96276 kB
Cached:          1209664 kB
MemTotal:        1844596 kB
MemFree:          194616 kB
MemAvailable:    1476456 kB
Buffers:           96276 kB
Cached:          1209664 kB
MemTotal:        1844596 kB
MemFree:          194412 kB
MemAvailable:    1476252 kB
Buffers:           96276 kB
Cached:          1209664 kB
MemTotal:        1844596 kB
MemFree:          194664 kB
MemAvailable:    1476504 kB
Buffers:           96276 kB
Cached:          1209664 kB
MemTotal:        1844596 kB
MemFree:          194572 kB
MemAvailable:    1476412 kB
Buffers:           96276 kB
Cached:          1209664 kB
MemTotal:        1844596 kB
MemFree:          193284 kB
MemAvailable:    1475124 kB
Buffers:           96276 kB
Cached:          1209664 kB
MemTotal:        1844596 kB
MemFree:          194516 kB
MemAvailable:    1476356 kB
Buffers:           96276 kB
Cached:          1209664 kB
MemTotal:        1844596 kB
MemFree:          194572 kB
MemAvailable:    1476412 kB
Buffers:           96276 kB
Cached:          1209664 kB
MemTotal:        1844596 kB
MemFree:          193020 kB
MemAvailable:    1474860 kB
Buffers:           96276 kB
Cached:          1209664 kB
MemTotal:        1844596 kB
MemFree:          194388 kB
MemAvailable:    1476228 kB
Buffers:           96276 kB
Cached:          1209664 kB
MemTotal:        1844596 kB
MemFree:          194412 kB
MemAvailable:    1476252 kB
Buffers:           96276 kB
Cached:          1209664 kB
MemTotal:        1844596 kB
MemFree:          194468 kB
MemAvailable:    1476308 kB
Buffers:           96276 kB
Cached:          1209664 kB
MemTotal:        1844596 kB
MemFree:          193172 kB
MemAvailable:    1475012 kB
Buffers:           96276 kB
Cached:          1209664 kB
MemTotal:        1844596 kB
MemFree:          194412 kB
MemAvailable:    1476252 kB
Buffers:           96276 kB
Cached:          1209664 kB
MemTotal:        1844596 kB
MemFree:          194460 kB
MemAvailable:    1476300 kB
Buffers:           96276 kB
Cached:          1209664 kB
MemTotal:        1844596 kB
MemFree:          194444 kB
MemAvailable:    1476284 kB
Buffers:           96276 kB
Cached:          1209664 kB
MemTotal:        1844596 kB
MemFree:          194460 kB
MemAvailable:    1476300 kB
Buffers:           96276 kB
Cached:          1209664 kB
MemTotal:        1844596 kB
MemFree:          194572 kB
MemAvailable:    1476412 kB
Buffers:           96276 kB
Cached:          1209664 kB
MemTotal:        1844596 kB
MemFree:          193284 kB
MemAvailable:    1475124 kB
Buffers:           96276 kB
Cached:          1209664 kB
MemTotal:        1844596 kB
MemFree:          194452 kB
MemAvailable:    1476292 kB
Buffers:           96276 kB
Cached:          1209664 kB
MemTotal:        1844596 kB
MemFree:          194452 kB
MemAvailable:    1476292 kB
Buffers:           96276 kB
Cached:          1209664 kB
MemTotal:        1844596 kB
MemFree:          194464 kB
MemAvailable:    1476304 kB
Buffers:           96276 kB
Cached:          1209664 kB
MemTotal:        1844596 kB
MemFree:          194592 kB
MemAvailable:    1476432 kB
Buffers:           96276 kB
Cached:          1209664 kB
MemTotal:        1844596 kB
MemFree:          194504 kB
MemAvailable:    1476344 kB
Buffers:           96276 kB
Cached:          1209664 kB
MemTotal:        1844596 kB
MemFree:          194432 kB
MemAvailable:    1476272 kB
Buffers:           96276 kB
Cached:          1209664 kB
MemTotal:        1844596 kB
MemFree:          194096 kB
MemAvailable:    1475936 kB
Buffers:           96276 kB
Cached:          1209664 kB
MemTotal:        1844596 kB
MemFree:          193592 kB
MemAvailable:    1475432 kB
Buffers:           96276 kB
Cached:          1209664 kB
MemTotal:        1844596 kB
MemFree:          191120 kB
MemAvailable:    1472960 kB
Buffers:           96276 kB
Cached:          1209664 kB
MemTotal:        1844596 kB
MemFree:          187388 kB
MemAvailable:    1469236 kB
Buffers:           96276 kB
Cached:          1209672 kB
MemTotal:        1844596 kB
MemFree:          186908 kB
MemAvailable:    1468756 kB
Buffers:           96276 kB
Cached:          1209672 kB
MemTotal:        1844596 kB
MemFree:          183916 kB
MemAvailable:    1465764 kB
Buffers:           96276 kB
Cached:          1209672 kB
MemTotal:        1844596 kB
MemFree:          184252 kB
MemAvailable:    1466100 kB
Buffers:           96276 kB
Cached:          1209672 kB
MemTotal:        1844596 kB
MemFree:          182560 kB
MemAvailable:    1464408 kB
Buffers:           96276 kB
Cached:          1209672 kB
MemTotal:        1844596 kB
MemFree:          183800 kB
MemAvailable:    1465648 kB
Buffers:           96276 kB
Cached:          1209672 kB
MemTotal:        1844596 kB
MemFree:          183792 kB
MemAvailable:    1465640 kB
Buffers:           96276 kB
Cached:          1209672 kB
MemTotal:        1844596 kB
MemFree:          182504 kB
MemAvailable:    1464352 kB
Buffers:           96276 kB
Cached:          1209672 kB
MemTotal:        1844596 kB
MemFree:          183940 kB
MemAvailable:    1465792 kB
Buffers:           96276 kB
Cached:          1209676 kB
MemTotal:        1844596 kB
MemFree:          183892 kB
MemAvailable:    1465744 kB
Buffers:           96276 kB
Cached:          1209676 kB
MemTotal:        1844596 kB
MemFree:          182280 kB
MemAvailable:    1464132 kB
Buffers:           96276 kB
Cached:          1209676 kB
MemTotal:        1844596 kB
MemFree:          183752 kB
MemAvailable:    1465604 kB
Buffers:           96276 kB
Cached:          1209676 kB
MemTotal:        1844596 kB
MemFree:          182264 kB
MemAvailable:    1464116 kB
Buffers:           96276 kB
Cached:          1209676 kB
MemTotal:        1844596 kB
MemFree:          183680 kB
MemAvailable:    1465532 kB
Buffers:           96276 kB
Cached:          1209676 kB
MemTotal:        1844596 kB
MemFree:          183444 kB
MemAvailable:    1465296 kB
Buffers:           96276 kB
Cached:          1209676 kB
MemTotal:        1844596 kB
MemFree:          183500 kB
MemAvailable:    1465352 kB
Buffers:           96276 kB
Cached:          1209676 kB
MemTotal:        1844596 kB
MemFree:          183320 kB
MemAvailable:    1465172 kB
Buffers:           96276 kB
Cached:          1209676 kB
MemTotal:        1844596 kB
MemFree:          183740 kB
MemAvailable:    1465592 kB
Buffers:           96276 kB
Cached:          1209676 kB
MemTotal:        1844596 kB
MemFree:          182560 kB
MemAvailable:    1464412 kB
Buffers:           96276 kB
Cached:          1209676 kB
MemTotal:        1844596 kB
MemFree:          183692 kB
MemAvailable:    1465544 kB
Buffers:           96276 kB
Cached:          1209676 kB
MemTotal:        1844596 kB
MemFree:          182280 kB
MemAvailable:    1464132 kB
Buffers:           96276 kB
Cached:          1209676 kB
MemTotal:        1844596 kB
MemFree:          182528 kB
MemAvailable:    1464380 kB
Buffers:           96276 kB
Cached:          1209676 kB
MemTotal:        1844596 kB
MemFree:          182528 kB
MemAvailable:    1464380 kB
Buffers:           96276 kB
Cached:          1209676 kB
MemTotal:        1844596 kB
MemFree:          182280 kB
MemAvailable:    1464132 kB
Buffers:           96276 kB
Cached:          1209676 kB
MemTotal:        1844596 kB
MemFree:          183552 kB
MemAvailable:    1465404 kB
Buffers:           96276 kB
Cached:          1209676 kB
MemTotal:        1844596 kB
MemFree:          183804 kB
MemAvailable:    1465656 kB
Buffers:           96276 kB
Cached:          1209676 kB
MemTotal:        1844596 kB
MemFree:          183680 kB
MemAvailable:    1465532 kB
Buffers:           96276 kB
Cached:          1209676 kB
MemTotal:        1844596 kB
MemFree:          182392 kB
MemAvailable:    1464244 kB
Buffers:           96276 kB
Cached:          1209676 kB
MemTotal:        1844596 kB
MemFree:          183628 kB
MemAvailable:    1465480 kB
Buffers:           96276 kB
Cached:          1209676 kB
MemTotal:        1844596 kB
MemFree:          182424 kB
MemAvailable:    1464276 kB
Buffers:           96276 kB
Cached:          1209676 kB
MemTotal:        1844596 kB
MemFree:          183740 kB
MemAvailable:    1465592 kB
Buffers:           96276 kB
Cached:          1209676 kB
MemTotal:        1844596 kB
MemFree:          182328 kB
MemAvailable:    1464180 kB
Buffers:           96276 kB
Cached:          1209676 kB
MemTotal:        1844596 kB
MemFree:          182652 kB
MemAvailable:    1464504 kB
Buffers:           96276 kB
Cached:          1209676 kB
MemTotal:        1844596 kB
MemFree:          183568 kB
MemAvailable:    1465420 kB
Buffers:           96276 kB
Cached:          1209676 kB
MemTotal:        1844596 kB
MemFree:          182956 kB
MemAvailable:    1464808 kB
Buffers:           96276 kB
Cached:          1209676 kB
MemTotal:        1844596 kB
MemFree:          183520 kB
MemAvailable:    1465372 kB
Buffers:           96276 kB
Cached:          1209676 kB
MemTotal:        1844596 kB
MemFree:          183116 kB
MemAvailable:    1464968 kB
Buffers:           96276 kB
Cached:          1209676 kB
MemTotal:        1844596 kB
MemFree:          183736 kB
MemAvailable:    1465588 kB
Buffers:           96276 kB
Cached:          1209676 kB
MemTotal:        1844596 kB
MemFree:          183944 kB
MemAvailable:    1465796 kB
Buffers:           96276 kB
Cached:          1209676 kB
MemTotal:        1844596 kB
MemFree:          182372 kB
MemAvailable:    1464224 kB
Buffers:           96276 kB
Cached:          1209676 kB
MemTotal:        1844596 kB
MemFree:          182576 kB
MemAvailable:    1464428 kB
Buffers:           96276 kB
Cached:          1209676 kB
MemTotal:        1844596 kB
MemFree:          182452 kB
MemAvailable:    1464304 kB
Buffers:           96276 kB
Cached:          1209676 kB
MemTotal:        1844596 kB
MemFree:          182452 kB
MemAvailable:    1464304 kB
Buffers:           96276 kB
Cached:          1209676 kB
MemTotal:        1844596 kB
MemFree:          183920 kB
MemAvailable:    1465772 kB
Buffers:           96276 kB
Cached:          1209676 kB
MemTotal:        1844596 kB
MemFree:          183876 kB
MemAvailable:    1465728 kB
Buffers:           96276 kB
Cached:          1209676 kB
MemTotal:        1844596 kB
MemFree:          183628 kB
MemAvailable:    1465480 kB
Buffers:           96276 kB
Cached:          1209676 kB
MemTotal:        1844596 kB
MemFree:          183512 kB
MemAvailable:    1465364 kB
Buffers:           96276 kB
Cached:          1209676 kB
MemTotal:        1844596 kB
MemFree:          183000 kB
MemAvailable:    1464852 kB
Buffers:           96276 kB
Cached:          1209676 kB
MemTotal:        1844596 kB
MemFree:          181660 kB
MemAvailable:    1463512 kB
Buffers:           96276 kB
Cached:          1209676 kB
MemTotal:        1844596 kB
MemFree:          182500 kB
MemAvailable:    1464352 kB
Buffers:           96276 kB
Cached:          1209676 kB
MemTotal:        1844596 kB
MemFree:          182836 kB
MemAvailable:    1464688 kB
Buffers:           96276 kB
Cached:          1209676 kB
MemTotal:        1844596 kB
MemFree:          182508 kB
MemAvailable:    1464360 kB
Buffers:           96276 kB
Cached:          1209676 kB
MemTotal:        1844596 kB
MemFree:          181428 kB
MemAvailable:    1463280 kB
Buffers:           96276 kB
Cached:          1209676 kB
MemTotal:        1844596 kB
MemFree:          181304 kB
MemAvailable:    1463156 kB
Buffers:           96276 kB
Cached:          1209676 kB
MemTotal:        1844596 kB
MemFree:          182404 kB
MemAvailable:    1464256 kB
Buffers:           96276 kB
Cached:          1209676 kB
MemTotal:        1844596 kB
MemFree:          182576 kB
MemAvailable:    1464428 kB
Buffers:           96276 kB
Cached:          1209676 kB
MemTotal:        1844596 kB
MemFree:          182272 kB
MemAvailable:    1464124 kB
Buffers:           96276 kB
Cached:          1209676 kB
MemTotal:        1844596 kB
MemFree:          181152 kB
MemAvailable:    1463004 kB
Buffers:           96276 kB
Cached:          1209676 kB
MemTotal:        1844596 kB
MemFree:          182136 kB
MemAvailable:    1463988 kB
Buffers:           96276 kB
Cached:          1209676 kB
MemTotal:        1844596 kB
MemFree:          181220 kB
MemAvailable:    1463072 kB
Buffers:           96276 kB
Cached:          1209676 kB
MemTotal:        1844596 kB
MemFree:          181996 kB
MemAvailable:    1463852 kB
Buffers:           96276 kB
Cached:          1209680 kB
MemTotal:        1844596 kB
MemFree:          181968 kB
MemAvailable:    1463824 kB
Buffers:           96276 kB
Cached:          1209680 kB
MemTotal:        1844596 kB
MemFree:          182208 kB
MemAvailable:    1464064 kB
Buffers:           96276 kB
Cached:          1209680 kB
MemTotal:        1844596 kB
MemFree:          180712 kB
MemAvailable:    1462568 kB
Buffers:           96276 kB
Cached:          1209680 kB
MemTotal:        1844596 kB
MemFree:          182200 kB
MemAvailable:    1464056 kB
Buffers:           96276 kB
Cached:          1209680 kB
MemTotal:        1844596 kB
MemFree:          182004 kB
MemAvailable:    1463860 kB
Buffers:           96276 kB
Cached:          1209680 kB
MemTotal:        1844596 kB
MemFree:          180912 kB
MemAvailable:    1462768 kB
Buffers:           96276 kB
Cached:          1209680 kB
MemTotal:        1844596 kB
MemFree:          181764 kB
MemAvailable:    1463620 kB
Buffers:           96276 kB
Cached:          1209680 kB
MemTotal:        1844596 kB
MemFree:          181896 kB
MemAvailable:    1463752 kB
Buffers:           96276 kB
Cached:          1209680 kB
MemTotal:        1844596 kB
MemFree:          182148 kB
MemAvailable:    1464004 kB
Buffers:           96276 kB
Cached:          1209680 kB
MemTotal:        1844596 kB
MemFree:          180660 kB
MemAvailable:    1462516 kB
Buffers:           96276 kB
Cached:          1209680 kB
MemTotal:        1844596 kB
MemFree:          181960 kB
MemAvailable:    1463816 kB
Buffers:           96276 kB
Cached:          1209680 kB
MemTotal:        1844596 kB
MemFree:          179168 kB
MemAvailable:    1461024 kB
Buffers:           96276 kB
Cached:          1209680 kB
MemTotal:        1844596 kB
MemFree:          174892 kB
MemAvailable:    1456748 kB
Buffers:           96276 kB
Cached:          1209680 kB
MemTotal:        1844596 kB
MemFree:          171288 kB
MemAvailable:    1453144 kB
Buffers:           96276 kB
Cached:          1209680 kB
MemTotal:        1844596 kB
MemFree:          170560 kB
MemAvailable:    1452416 kB
Buffers:           96276 kB
Cached:          1209680 kB
MemTotal:        1844596 kB
MemFree:          169800 kB
MemAvailable:    1451656 kB
Buffers:           96276 kB
Cached:          1209680 kB
MemTotal:        1844596 kB
MemFree:          169436 kB
MemAvailable:    1451292 kB
Buffers:           96276 kB
Cached:          1209680 kB
MemTotal:        1844596 kB
MemFree:          170424 kB
MemAvailable:    1452288 kB
Buffers:           96276 kB
Cached:          1209684 kB
MemTotal:        1844596 kB
MemFree:          169944 kB
MemAvailable:    1451808 kB
Buffers:           96276 kB
Cached:          1209684 kB
MemTotal:        1844596 kB
MemFree:          169680 kB
MemAvailable:    1451544 kB
Buffers:           96276 kB
Cached:          1209684 kB
MemTotal:        1844596 kB
MemFree:          169980 kB
MemAvailable:    1451844 kB
Buffers:           96276 kB
Cached:          1209684 kB
MemTotal:        1844596 kB
MemFree:          169556 kB
MemAvailable:    1451420 kB
Buffers:           96276 kB
Cached:          1209684 kB
MemTotal:        1844596 kB
MemFree:          167208 kB
MemAvailable:    1449072 kB
Buffers:           96276 kB
Cached:          1209684 kB
MemTotal:        1844596 kB
MemFree:          167076 kB
MemAvailable:    1448940 kB
Buffers:           96276 kB
Cached:          1209684 kB
MemTotal:        1844596 kB
MemFree:          167160 kB
MemAvailable:    1449024 kB
Buffers:           96276 kB
Cached:          1209684 kB
MemTotal:        1844596 kB
MemFree:          165588 kB
MemAvailable:    1447452 kB
Buffers:           96276 kB
Cached:          1209684 kB
MemTotal:        1844596 kB
MemFree:          166772 kB
MemAvailable:    1448636 kB
Buffers:           96276 kB
Cached:          1209684 kB
MemTotal:        1844596 kB
MemFree:          166464 kB
MemAvailable:    1448328 kB
Buffers:           96276 kB
Cached:          1209684 kB
MemTotal:        1844596 kB
MemFree:          166780 kB
MemAvailable:    1448644 kB
Buffers:           96276 kB
Cached:          1209684 kB
MemTotal:        1844596 kB
MemFree:          166840 kB
MemAvailable:    1448704 kB
Buffers:           96276 kB
Cached:          1209684 kB
MemTotal:        1844596 kB
MemFree:          166768 kB
MemAvailable:    1448632 kB
Buffers:           96276 kB
Cached:          1209684 kB
MemTotal:        1844596 kB
MemFree:          167024 kB
MemAvailable:    1448888 kB
Buffers:           96276 kB
Cached:          1209684 kB
MemTotal:        1844596 kB
MemFree:          166756 kB
MemAvailable:    1448620 kB
Buffers:           96276 kB
Cached:          1209684 kB
MemTotal:        1844596 kB
MemFree:          167008 kB
MemAvailable:    1448872 kB
Buffers:           96276 kB
Cached:          1209684 kB
MemTotal:        1844596 kB
MemFree:          165708 kB
MemAvailable:    1447572 kB
Buffers:           96276 kB
Cached:          1209684 kB
MemTotal:        1844596 kB
MemFree:          166876 kB
MemAvailable:    1448740 kB
Buffers:           96276 kB
Cached:          1209684 kB
MemTotal:        1844596 kB
MemFree:          165576 kB
MemAvailable:    1447440 kB
Buffers:           96276 kB
Cached:          1209684 kB
MemTotal:        1844596 kB
MemFree:          165464 kB
MemAvailable:    1447328 kB
Buffers:           96276 kB
Cached:          1209684 kB
MemTotal:        1844596 kB
MemFree:          166528 kB
MemAvailable:    1448392 kB
Buffers:           96276 kB
Cached:          1209684 kB
MemTotal:        1844596 kB
MemFree:          164836 kB
MemAvailable:    1446700 kB
Buffers:           96276 kB
Cached:          1209684 kB
MemTotal:        1844596 kB
MemFree:          163860 kB
MemAvailable:    1445724 kB
Buffers:           96276 kB
Cached:          1209684 kB
MemTotal:        1844596 kB
MemFree:          164896 kB
MemAvailable:    1446760 kB
Buffers:           96276 kB
Cached:          1209684 kB
MemTotal:        1844596 kB
MemFree:          164960 kB
MemAvailable:    1446824 kB
Buffers:           96276 kB
Cached:          1209684 kB
MemTotal:        1844596 kB
MemFree:          164216 kB
MemAvailable:    1446080 kB
Buffers:           96276 kB
Cached:          1209684 kB
MemTotal:        1844596 kB
MemFree:          164468 kB
MemAvailable:    1446332 kB
Buffers:           96276 kB
Cached:          1209684 kB
MemTotal:        1844596 kB
MemFree:          162812 kB
MemAvailable:    1444676 kB
Buffers:           96276 kB
Cached:          1209684 kB
MemTotal:        1844596 kB
MemFree:          163800 kB
MemAvailable:    1445664 kB
Buffers:           96276 kB
Cached:          1209684 kB
MemTotal:        1844596 kB
MemFree:          163416 kB
MemAvailable:    1445280 kB
Buffers:           96276 kB
Cached:          1209684 kB
MemTotal:        1844596 kB
MemFree:          163344 kB
MemAvailable:    1445208 kB
Buffers:           96276 kB
Cached:          1209684 kB
MemTotal:        1844596 kB
MemFree:          163372 kB
MemAvailable:    1445236 kB
Buffers:           96276 kB
Cached:          1209684 kB
MemTotal:        1844596 kB
MemFree:          163116 kB
MemAvailable:    1444980 kB
Buffers:           96276 kB
Cached:          1209684 kB
MemTotal:        1844596 kB
MemFree:          161876 kB
MemAvailable:    1443740 kB
Buffers:           96276 kB
Cached:          1209684 kB
MemTotal:        1844596 kB
MemFree:          162852 kB
MemAvailable:    1444716 kB
Buffers:           96276 kB
Cached:          1209684 kB
MemTotal:        1844596 kB
MemFree:          162852 kB
MemAvailable:    1444716 kB
Buffers:           96276 kB
Cached:          1209684 kB
MemTotal:        1844596 kB
MemFree:          162856 kB
MemAvailable:    1444720 kB
Buffers:           96276 kB
Cached:          1209684 kB
MemTotal:        1844596 kB
MemFree:          162712 kB
MemAvailable:    1444576 kB
Buffers:           96276 kB
Cached:          1209684 kB
MemTotal:        1844596 kB
MemFree:          162964 kB
MemAvailable:    1444828 kB
Buffers:           96276 kB
Cached:          1209684 kB
MemTotal:        1844596 kB
MemFree:          162784 kB
MemAvailable:    1444648 kB
Buffers:           96276 kB
Cached:          1209684 kB
MemTotal:        1844596 kB
MemFree:          161568 kB
MemAvailable:    1443432 kB
Buffers:           96276 kB
Cached:          1209684 kB
MemTotal:        1844596 kB
MemFree:          162656 kB
MemAvailable:    1444520 kB
Buffers:           96276 kB
Cached:          1209684 kB
MemTotal:        1844596 kB
MemFree:          162712 kB
MemAvailable:    1444576 kB
Buffers:           96276 kB
Cached:          1209684 kB
MemTotal:        1844596 kB
MemFree:          162464 kB
MemAvailable:    1444328 kB
Buffers:           96276 kB
Cached:          1209684 kB
MemTotal:        1844596 kB
MemFree:          161292 kB
MemAvailable:    1443156 kB
Buffers:           96276 kB
Cached:          1209684 kB
MemTotal:        1844596 kB
MemFree:          162476 kB
MemAvailable:    1444340 kB
Buffers:           96276 kB
Cached:          1209684 kB
MemTotal:        1844596 kB
MemFree:          161300 kB
MemAvailable:    1443164 kB
Buffers:           96276 kB
Cached:          1209684 kB
MemTotal:        1844596 kB
MemFree:          161424 kB
MemAvailable:    1443288 kB
Buffers:           96276 kB
Cached:          1209684 kB
MemTotal:        1844596 kB
MemFree:          162696 kB
MemAvailable:    1444560 kB
Buffers:           96276 kB
Cached:          1209684 kB
MemTotal:        1844596 kB
MemFree:          162448 kB
MemAvailable:    1444312 kB
Buffers:           96276 kB
Cached:          1209684 kB
MemTotal:        1844596 kB
MemFree:          162700 kB
MemAvailable:    1444564 kB
Buffers:           96276 kB
Cached:          1209684 kB
MemTotal:        1844596 kB
MemFree:          162424 kB
MemAvailable:    1444288 kB
Buffers:           96276 kB
Cached:          1209684 kB
MemTotal:        1844596 kB
MemFree:          161116 kB
MemAvailable:    1442980 kB
Buffers:           96276 kB
Cached:          1209684 kB
MemTotal:        1844596 kB
MemFree:          162496 kB
MemAvailable:    1444360 kB
Buffers:           96276 kB
Cached:          1209684 kB
MemTotal:        1844596 kB
MemFree:          161752 kB
MemAvailable:    1443616 kB
Buffers:           96276 kB
Cached:          1209684 kB
MemTotal:        1844596 kB
MemFree:          162544 kB
MemAvailable:    1444412 kB
Buffers:           96276 kB
Cached:          1209688 kB
MemTotal:        1844596 kB
MemFree:          161568 kB
MemAvailable:    1443436 kB
Buffers:           96276 kB
Cached:          1209688 kB
MemTotal:        1844596 kB
MemFree:          160392 kB
MemAvailable:    1442260 kB
Buffers:           96276 kB
Cached:          1209688 kB
MemTotal:        1844596 kB
MemFree:          161244 kB
MemAvailable:    1443112 kB
Buffers:           96276 kB
Cached:          1209688 kB
MemTotal:        1844596 kB
MemFree:          160508 kB
MemAvailable:    1442376 kB
Buffers:           96276 kB
Cached:          1209688 kB
MemTotal:        1844596 kB
MemFree:          159772 kB
MemAvailable:    1441640 kB
Buffers:           96276 kB
Cached:          1209688 kB
MemTotal:        1844596 kB
MemFree:          157664 kB
MemAvailable:    1439532 kB
Buffers:           96276 kB
Cached:          1209688 kB
MemTotal:        1844596 kB
MemFree:          154812 kB
MemAvailable:    1436680 kB
Buffers:           96276 kB
Cached:          1209688 kB
MemTotal:        1844596 kB
MemFree:          152268 kB
MemAvailable:    1434136 kB
Buffers:           96276 kB
Cached:          1209688 kB
MemTotal:        1844596 kB
MemFree:          149532 kB
MemAvailable:    1431400 kB
Buffers:           96276 kB
Cached:          1209688 kB
MemTotal:        1844596 kB
MemFree:          145124 kB
MemAvailable:    1426992 kB
Buffers:           96276 kB
Cached:          1209688 kB
MemTotal:        1844596 kB
MemFree:          144644 kB
MemAvailable:    1426512 kB
Buffers:           96276 kB
Cached:          1209688 kB
MemTotal:        1844596 kB
MemFree:          144396 kB
MemAvailable:    1426264 kB
Buffers:           96276 kB
Cached:          1209688 kB
MemTotal:        1844596 kB
MemFree:          143036 kB
MemAvailable:    1424912 kB
Buffers:           96276 kB
Cached:          1209696 kB
MemTotal:        1844596 kB
MemFree:          144104 kB
MemAvailable:    1425980 kB
Buffers:           96276 kB
Cached:          1209696 kB
MemTotal:        1844596 kB
MemFree:          143036 kB
MemAvailable:    1424912 kB
Buffers:           96276 kB
Cached:          1209696 kB
MemTotal:        1844596 kB
MemFree:          143896 kB
MemAvailable:    1425772 kB
Buffers:           96276 kB
Cached:          1209696 kB
MemTotal:        1844596 kB
MemFree:          143896 kB
MemAvailable:    1425772 kB
Buffers:           96276 kB
Cached:          1209696 kB
MemTotal:        1844596 kB
MemFree:          142656 kB
MemAvailable:    1424532 kB
Buffers:           96276 kB
Cached:          1209696 kB
MemTotal:        1844596 kB
MemFree:          143824 kB
MemAvailable:    1425700 kB
Buffers:           96276 kB
Cached:          1209696 kB
MemTotal:        1844596 kB
MemFree:          143952 kB
MemAvailable:    1425828 kB
Buffers:           96276 kB
Cached:          1209696 kB
MemTotal:        1844596 kB
MemFree:          143876 kB
MemAvailable:    1425752 kB
Buffers:           96276 kB
Cached:          1209696 kB
MemTotal:        1844596 kB
MemFree:          142388 kB
MemAvailable:    1424264 kB
Buffers:           96276 kB
Cached:          1209696 kB
MemTotal:        1844596 kB
MemFree:          142168 kB
MemAvailable:    1424044 kB
Buffers:           96276 kB
Cached:          1209696 kB
MemTotal:        1844596 kB
MemFree:          142044 kB
MemAvailable:    1423920 kB
Buffers:           96276 kB
Cached:          1209696 kB
MemTotal:        1844596 kB
MemFree:          143276 kB
MemAvailable:    1425152 kB
Buffers:           96276 kB
Cached:          1209696 kB
MemTotal:        1844596 kB
MemFree:          142916 kB
MemAvailable:    1424792 kB
Buffers:           96276 kB
Cached:          1209696 kB
MemTotal:        1844596 kB
MemFree:          143036 kB
MemAvailable:    1424912 kB
Buffers:           96276 kB
Cached:          1209696 kB
MemTotal:        1844596 kB
MemFree:          142956 kB
MemAvailable:    1424832 kB
Buffers:           96276 kB
Cached:          1209696 kB
MemTotal:        1844596 kB
MemFree:          143208 kB
MemAvailable:    1425084 kB
Buffers:           96276 kB
Cached:          1209696 kB
MemTotal:        1844596 kB
MemFree:          142916 kB
MemAvailable:    1424792 kB
Buffers:           96276 kB
Cached:          1209696 kB
MemTotal:        1844596 kB
MemFree:          141776 kB
MemAvailable:    1423652 kB
Buffers:           96276 kB
Cached:          1209696 kB
MemTotal:        1844596 kB
MemFree:          142956 kB
MemAvailable:    1424832 kB
Buffers:           96276 kB
Cached:          1209696 kB
MemTotal:        1844596 kB
MemFree:          143208 kB
MemAvailable:    1425084 kB
Buffers:           96276 kB
Cached:          1209696 kB
MemTotal:        1844596 kB
MemFree:          142948 kB
MemAvailable:    1424824 kB
Buffers:           96276 kB
Cached:          1209696 kB
MemTotal:        1844596 kB
MemFree:          143120 kB
MemAvailable:    1424996 kB
Buffers:           96276 kB
Cached:          1209696 kB
MemTotal:        1844596 kB
MemFree:          141664 kB
MemAvailable:    1423540 kB
Buffers:           96276 kB
Cached:          1209696 kB
MemTotal:        1844596 kB
MemFree:          143196 kB
MemAvailable:    1425072 kB
Buffers:           96276 kB
Cached:          1209696 kB
MemTotal:        1844596 kB
MemFree:          142960 kB
MemAvailable:    1424836 kB
Buffers:           96276 kB
Cached:          1209696 kB
MemTotal:        1844596 kB
MemFree:          143080 kB
MemAvailable:    1424956 kB
Buffers:           96276 kB
Cached:          1209696 kB
MemTotal:        1844596 kB
MemFree:          141624 kB
MemAvailable:    1423500 kB
Buffers:           96276 kB
Cached:          1209696 kB
MemTotal:        1844596 kB
MemFree:          142036 kB
MemAvailable:    1423912 kB
Buffers:           96276 kB
Cached:          1209696 kB
MemTotal:        1844596 kB
MemFree:          141184 kB
MemAvailable:    1423060 kB
Buffers:           96276 kB
Cached:          1209696 kB
MemTotal:        1844596 kB
MemFree:          137880 kB
MemAvailable:    1419756 kB
Buffers:           96276 kB
Cached:          1209696 kB
MemTotal:        1844596 kB
MemFree:          136348 kB
MemAvailable:    1418224 kB
Buffers:           96276 kB
Cached:          1209696 kB
MemTotal:        1844596 kB
MemFree:          130264 kB
MemAvailable:    1412140 kB
Buffers:           96276 kB
Cached:          1209696 kB
MemTotal:        1844596 kB
MemFree:          126652 kB
MemAvailable:    1408528 kB
Buffers:           96276 kB
Cached:          1209696 kB
MemTotal:        1844596 kB
MemFree:          126736 kB
MemAvailable:    1408612 kB
Buffers:           96276 kB
Cached:          1209696 kB
MemTotal:        1844596 kB
MemFree:          124860 kB
MemAvailable:    1406736 kB
Buffers:           96276 kB
Cached:          1209696 kB
MemTotal:        1844596 kB
MemFree:          124736 kB
MemAvailable:    1406612 kB
Buffers:           96276 kB
Cached:          1209696 kB
MemTotal:        1844596 kB
MemFree:          123428 kB
MemAvailable:    1405304 kB
Buffers:           96276 kB
Cached:          1209696 kB
MemTotal:        1844596 kB
MemFree:          124604 kB
MemAvailable:    1406480 kB
Buffers:           96276 kB
Cached:          1209696 kB
MemTotal:        1844596 kB
MemFree:          124724 kB
MemAvailable:    1406600 kB
Buffers:           96276 kB
Cached:          1209696 kB
MemTotal:        1844596 kB
MemFree:          123700 kB
MemAvailable:    1405576 kB
Buffers:           96276 kB
Cached:          1209696 kB
MemTotal:        1844596 kB
MemFree:          124932 kB
MemAvailable:    1406808 kB
Buffers:           96276 kB
Cached:          1209696 kB
MemTotal:        1844596 kB
MemFree:          124636 kB
MemAvailable:    1406512 kB
Buffers:           96276 kB
Cached:          1209696 kB
MemTotal:        1844596 kB
MemFree:          123516 kB
MemAvailable:    1405392 kB
Buffers:           96276 kB
Cached:          1209696 kB
MemTotal:        1844596 kB
MemFree:          124736 kB
MemAvailable:    1406612 kB
Buffers:           96276 kB
Cached:          1209696 kB
MemTotal:        1844596 kB
MemFree:          123824 kB
MemAvailable:    1405700 kB
Buffers:           96276 kB
Cached:          1209696 kB
MemTotal:        1844596 kB
MemFree:          124504 kB
MemAvailable:    1406380 kB
Buffers:           96276 kB
Cached:          1209696 kB
MemTotal:        1844596 kB
MemFree:          124148 kB
MemAvailable:    1406024 kB
Buffers:           96276 kB
Cached:          1209696 kB
MemTotal:        1844596 kB
MemFree:          124860 kB
MemAvailable:    1406736 kB
Buffers:           96276 kB
Cached:          1209696 kB
MemTotal:        1844596 kB
MemFree:          124700 kB
MemAvailable:    1406576 kB
Buffers:           96276 kB
Cached:          1209696 kB
MemTotal:        1844596 kB
MemFree:          124820 kB
MemAvailable:    1406696 kB
Buffers:           96276 kB
Cached:          1209696 kB
MemTotal:        1844596 kB
MemFree:          124616 kB
MemAvailable:    1406492 kB
Buffers:           96276 kB
Cached:          1209696 kB
MemTotal:        1844596 kB
MemFree:          124868 kB
MemAvailable:    1406744 kB
Buffers:           96276 kB
Cached:          1209696 kB
MemTotal:        1844596 kB
MemFree:          124732 kB
MemAvailable:    1406608 kB
Buffers:           96276 kB
Cached:          1209696 kB
MemTotal:        1844596 kB
MemFree:          124684 kB
MemAvailable:    1406560 kB
Buffers:           96276 kB
Cached:          1209696 kB
MemTotal:        1844596 kB
MemFree:          124528 kB
MemAvailable:    1406404 kB
Buffers:           96276 kB
Cached:          1209696 kB
MemTotal:        1844596 kB
MemFree:          124784 kB
MemAvailable:    1406660 kB
Buffers:           96276 kB
Cached:          1209696 kB
MemTotal:        1844596 kB
MemFree:          123444 kB
MemAvailable:    1405320 kB
Buffers:           96276 kB
Cached:          1209696 kB
MemTotal:        1844596 kB
MemFree:          123520 kB
MemAvailable:    1405396 kB
Buffers:           96276 kB
Cached:          1209696 kB
MemTotal:        1844596 kB
MemFree:          123568 kB
MemAvailable:    1405444 kB
Buffers:           96276 kB
Cached:          1209696 kB
MemTotal:        1844596 kB
MemFree:          124588 kB
MemAvailable:    1406464 kB
Buffers:           96276 kB
Cached:          1209696 kB
MemTotal:        1844596 kB
MemFree:          124436 kB
MemAvailable:    1406312 kB
Buffers:           96276 kB
Cached:          1209696 kB
MemTotal:        1844596 kB
MemFree:          124532 kB
MemAvailable:    1406408 kB
Buffers:           96276 kB
Cached:          1209696 kB
MemTotal:        1844596 kB
MemFree:          123392 kB
MemAvailable:    1405268 kB
Buffers:           96276 kB
Cached:          1209696 kB
MemTotal:        1844596 kB
MemFree:          124864 kB
MemAvailable:    1406740 kB
Buffers:           96276 kB
Cached:          1209696 kB
MemTotal:        1844596 kB
MemFree:          123648 kB
MemAvailable:    1405524 kB
Buffers:           96276 kB
Cached:          1209696 kB
MemTotal:        1844596 kB
MemFree:          124568 kB
MemAvailable:    1406444 kB
Buffers:           96276 kB
Cached:          1209696 kB
MemTotal:        1844596 kB
MemFree:          123392 kB
MemAvailable:    1405268 kB
Buffers:           96276 kB
Cached:          1209696 kB
MemTotal:        1844596 kB
MemFree:          124820 kB
MemAvailable:    1406696 kB
Buffers:           96276 kB
Cached:          1209696 kB
MemTotal:        1844596 kB
MemFree:          122008 kB
MemAvailable:    1403884 kB
Buffers:           96276 kB
Cached:          1209696 kB
MemTotal:        1844596 kB
MemFree:          116992 kB
MemAvailable:    1398876 kB
Buffers:           96276 kB
Cached:          1209704 kB
MemTotal:        1844596 kB
MemFree:          116884 kB
MemAvailable:    1398768 kB
Buffers:           96276 kB
Cached:          1209704 kB
MemTotal:        1844596 kB
MemFree:          110304 kB
MemAvailable:    1392188 kB
Buffers:           96276 kB
Cached:          1209704 kB
MemTotal:        1844596 kB
MemFree:          108948 kB
MemAvailable:    1390832 kB
Buffers:           96276 kB
Cached:          1209704 kB
MemTotal:        1844596 kB
MemFree:          107340 kB
MemAvailable:    1389224 kB
Buffers:           96276 kB
Cached:          1209704 kB
MemTotal:        1844596 kB
MemFree:          105908 kB
MemAvailable:    1387792 kB
Buffers:           96276 kB
Cached:          1209704 kB
MemTotal:        1844596 kB
MemFree:          106032 kB
MemAvailable:    1387916 kB
Buffers:           96276 kB
Cached:          1209704 kB
MemTotal:        1844596 kB
MemFree:          106336 kB
MemAvailable:    1388220 kB
Buffers:           96276 kB
Cached:          1209704 kB
MemTotal:        1844596 kB
MemFree:          105056 kB
MemAvailable:    1386940 kB
Buffers:           96276 kB
Cached:          1209704 kB
MemTotal:        1844596 kB
MemFree:          106328 kB
MemAvailable:    1388212 kB
Buffers:           96276 kB
Cached:          1209704 kB
MemTotal:        1844596 kB
MemFree:          105848 kB
MemAvailable:    1387732 kB
Buffers:           96276 kB
Cached:          1209704 kB
MemTotal:        1844596 kB
MemFree:          104924 kB
MemAvailable:    1386808 kB
Buffers:           96276 kB
Cached:          1209704 kB
MemTotal:        1844596 kB
MemFree:          106132 kB
MemAvailable:    1388016 kB
Buffers:           96276 kB
Cached:          1209704 kB
MemTotal:        1844596 kB
MemFree:          104832 kB
MemAvailable:    1386716 kB
Buffers:           96276 kB
Cached:          1209704 kB
MemTotal:        1844596 kB
MemFree:          106008 kB
MemAvailable:    1387892 kB
Buffers:           96276 kB
Cached:          1209704 kB
MemTotal:        1844596 kB
MemFree:          104972 kB
MemAvailable:    1386856 kB
Buffers:           96276 kB
Cached:          1209704 kB
MemTotal:        1844596 kB
MemFree:          105720 kB
MemAvailable:    1387604 kB
Buffers:           96276 kB
Cached:          1209704 kB
MemTotal:        1844596 kB
MemFree:          104228 kB
MemAvailable:    1386112 kB
Buffers:           96276 kB
Cached:          1209704 kB
MemTotal:        1844596 kB
MemFree:          103980 kB
MemAvailable:    1385864 kB
Buffers:           96276 kB
Cached:          1209704 kB
MemTotal:        1844596 kB
MemFree:          105212 kB
MemAvailable:    1387096 kB
Buffers:           96276 kB
Cached:          1209704 kB
MemTotal:        1844596 kB
MemFree:          103716 kB
MemAvailable:    1385600 kB
Buffers:           96276 kB
Cached:          1209704 kB
MemTotal:        1844596 kB
MemFree:          103364 kB
MemAvailable:    1385248 kB
Buffers:           96276 kB
Cached:          1209704 kB
MemTotal:        1844596 kB
MemFree:          101980 kB
MemAvailable:    1383864 kB
Buffers:           96276 kB
Cached:          1209704 kB
MemTotal:        1844596 kB
MemFree:          102864 kB
MemAvailable:    1384748 kB
Buffers:           96276 kB
Cached:          1209704 kB
MemTotal:        1844596 kB
MemFree:          102056 kB
MemAvailable:    1383940 kB
Buffers:           96276 kB
Cached:          1209704 kB
MemTotal:        1844596 kB
MemFree:          100384 kB
MemAvailable:    1382268 kB
Buffers:           96276 kB
Cached:          1209704 kB
MemTotal:        1844596 kB
MemFree:           99352 kB
MemAvailable:    1381236 kB
Buffers:           96276 kB
Cached:          1209704 kB
MemTotal:        1844596 kB
MemFree:           99004 kB
MemAvailable:    1380888 kB
Buffers:           96276 kB
Cached:          1209704 kB
MemTotal:        1844596 kB
MemFree:          100212 kB
MemAvailable:    1382096 kB
Buffers:           96276 kB
Cached:          1209704 kB
MemTotal:        1844596 kB
MemFree:          100184 kB
MemAvailable:    1382068 kB
Buffers:           96276 kB
Cached:          1209704 kB
MemTotal:        1844596 kB
MemFree:           99000 kB
MemAvailable:    1380884 kB
Buffers:           96276 kB
Cached:          1209704 kB
MemTotal:        1844596 kB
MemFree:          100136 kB
MemAvailable:    1382020 kB
Buffers:           96276 kB
Cached:          1209704 kB
MemTotal:        1844596 kB
MemFree:           99028 kB
MemAvailable:    1380912 kB
Buffers:           96276 kB
Cached:          1209704 kB
MemTotal:        1844596 kB
MemFree:          100160 kB
MemAvailable:    1382048 kB
Buffers:           96276 kB
Cached:          1209708 kB
MemTotal:        1844596 kB
MemFree:           98280 kB
MemAvailable:    1380168 kB
Buffers:           96276 kB
Cached:          1209708 kB
MemTotal:        1844596 kB
MemFree:           98672 kB
MemAvailable:    1380560 kB
Buffers:           96276 kB
Cached:          1209708 kB
MemTotal:        1844596 kB
MemFree:           98588 kB
MemAvailable:    1380476 kB
Buffers:           96276 kB
Cached:          1209708 kB
MemTotal:        1844596 kB
MemFree:           98472 kB
MemAvailable:    1380360 kB
Buffers:           96276 kB
Cached:          1209708 kB
MemTotal:        1844596 kB
MemFree:           97784 kB
MemAvailable:    1379672 kB
Buffers:           96276 kB
Cached:          1209708 kB
MemTotal:        1844596 kB
MemFree:           97356 kB
MemAvailable:    1379244 kB
Buffers:           96276 kB
Cached:          1209708 kB
MemTotal:        1844596 kB
MemFree:           97356 kB
MemAvailable:    1379244 kB
Buffers:           96276 kB
Cached:          1209708 kB
MemTotal:        1844596 kB
MemFree:           97356 kB
MemAvailable:    1379244 kB
Buffers:           96276 kB
Cached:          1209708 kB
MemTotal:        1844596 kB
MemFree:           98464 kB
MemAvailable:    1380352 kB
Buffers:           96276 kB
Cached:          1209708 kB
MemTotal:        1844596 kB
MemFree:           98288 kB
MemAvailable:    1380176 kB
Buffers:           96276 kB
Cached:          1209708 kB
MemTotal:        1844596 kB
MemFree:           98480 kB
MemAvailable:    1380368 kB
Buffers:           96276 kB
Cached:          1209708 kB
MemTotal:        1844596 kB
MemFree:           98388 kB
MemAvailable:    1380276 kB
Buffers:           96276 kB
Cached:          1209708 kB
MemTotal:        1844596 kB
MemFree:           98640 kB
MemAvailable:    1380528 kB
Buffers:           96276 kB
Cached:          1209708 kB
MemTotal:        1844596 kB
MemFree:           98568 kB
MemAvailable:    1380456 kB
Buffers:           96276 kB
Cached:          1209708 kB
MemTotal:        1844596 kB
MemFree:           97228 kB
MemAvailable:    1379116 kB
Buffers:           96276 kB
Cached:          1209708 kB
MemTotal:        1844596 kB
MemFree:           97096 kB
MemAvailable:    1378984 kB
Buffers:           96276 kB
Cached:          1209708 kB
MemTotal:        1844596 kB
MemFree:           97264 kB
MemAvailable:    1379152 kB
Buffers:           96276 kB
Cached:          1209708 kB
MemTotal:        1844596 kB
MemFree:           97264 kB
MemAvailable:    1379152 kB
Buffers:           96276 kB
Cached:          1209708 kB
MemTotal:        1844596 kB
MemFree:           98464 kB
MemAvailable:    1380352 kB
Buffers:           96276 kB
Cached:          1209708 kB
MemTotal:        1844596 kB
MemFree:           98612 kB
MemAvailable:    1380500 kB
Buffers:           96276 kB
Cached:          1209708 kB
MemTotal:        1844596 kB
MemFree:           98396 kB
MemAvailable:    1380284 kB
Buffers:           96276 kB
Cached:          1209708 kB
MemTotal:        1844596 kB
MemFree:           98652 kB
MemAvailable:    1380540 kB
Buffers:           96276 kB
Cached:          1209708 kB
MemTotal:        1844596 kB
MemFree:           98456 kB
MemAvailable:    1380344 kB
Buffers:           96276 kB
Cached:          1209708 kB
MemTotal:        1844596 kB
MemFree:           98396 kB
MemAvailable:    1380284 kB
Buffers:           96276 kB
Cached:          1209708 kB
MemTotal:        1844596 kB
MemFree:           98732 kB
MemAvailable:    1380620 kB
Buffers:           96276 kB
Cached:          1209708 kB
MemTotal:        1844596 kB
MemFree:           97240 kB
MemAvailable:    1379128 kB
Buffers:           96276 kB
Cached:          1209708 kB
MemTotal:        1844596 kB
MemFree:           98416 kB
MemAvailable:    1380304 kB
Buffers:           96276 kB
Cached:          1209708 kB
MemTotal:        1844596 kB
MemFree:           98536 kB
MemAvailable:    1380424 kB
Buffers:           96276 kB
Cached:          1209708 kB
MemTotal:        1844596 kB
MemFree:           98520 kB
MemAvailable:    1380408 kB
Buffers:           96276 kB
Cached:          1209708 kB
MemTotal:        1844596 kB
MemFree:           98772 kB
MemAvailable:    1380660 kB
Buffers:           96276 kB
Cached:          1209708 kB
MemTotal:        1844596 kB
MemFree:           97240 kB
MemAvailable:    1379128 kB
Buffers:           96276 kB
Cached:          1209708 kB
MemTotal:        1844596 kB
MemFree:           98652 kB
MemAvailable:    1380540 kB
Buffers:           96276 kB
Cached:          1209708 kB
MemTotal:        1844596 kB
MemFree:           98480 kB
MemAvailable:    1380368 kB
Buffers:           96276 kB
Cached:          1209708 kB
MemTotal:        1844596 kB
MemFree:           97108 kB
MemAvailable:    1378996 kB
Buffers:           96276 kB
Cached:          1209708 kB
MemTotal:        1844596 kB
MemFree:           98388 kB
MemAvailable:    1380276 kB
Buffers:           96276 kB
Cached:          1209708 kB
MemTotal:        1844596 kB
MemFree:           98640 kB
MemAvailable:    1380528 kB
Buffers:           96276 kB
Cached:          1209708 kB
MemTotal:        1844596 kB
MemFree:           97232 kB
MemAvailable:    1379120 kB
Buffers:           96276 kB
Cached:          1209708 kB
MemTotal:        1844596 kB
MemFree:           97356 kB
MemAvailable:    1379244 kB
Buffers:           96276 kB
Cached:          1209708 kB
MemTotal:        1844596 kB
MemFree:           98548 kB
MemAvailable:    1380440 kB
Buffers:           96276 kB
Cached:          1209712 kB
MemTotal:        1844596 kB
MemFree:           98484 kB
MemAvailable:    1380376 kB
Buffers:           96276 kB
Cached:          1209712 kB
MemTotal:        1844596 kB
MemFree:           97364 kB
MemAvailable:    1379256 kB
Buffers:           96276 kB
Cached:          1209712 kB
MemTotal:        1844596 kB
MemFree:           97660 kB
MemAvailable:    1379552 kB
Buffers:           96276 kB
Cached:          1209712 kB
MemTotal:        1844596 kB
MemFree:           93940 kB
MemAvailable:    1375832 kB
Buffers:           96276 kB
Cached:          1209712 kB
MemTotal:        1844596 kB
MemFree:           90592 kB
MemAvailable:    1372484 kB
Buffers:           96276 kB
Cached:          1209712 kB
MemTotal:        1844596 kB
MemFree:           87244 kB
MemAvailable:    1369136 kB
Buffers:           96276 kB
Cached:          1209712 kB
MemTotal:        1844596 kB
MemFree:           83344 kB
MemAvailable:    1365236 kB
Buffers:           96276 kB
Cached:          1209712 kB
MemTotal:        1844596 kB
MemFree:           83136 kB
MemAvailable:    1365028 kB
Buffers:           96276 kB
Cached:          1209712 kB
MemTotal:        1844596 kB
MemFree:           79184 kB
MemAvailable:    1361076 kB
Buffers:           96276 kB
Cached:          1209712 kB
MemTotal:        1844596 kB
MemFree:           78060 kB
MemAvailable:    1359952 kB
Buffers:           96276 kB
Cached:          1209712 kB
MemTotal:        1844596 kB
MemFree:           78192 kB
MemAvailable:    1360084 kB
Buffers:           96276 kB
Cached:          1209712 kB
MemTotal:        1844596 kB
MemFree:           77944 kB
MemAvailable:    1359836 kB
Buffers:           96276 kB
Cached:          1209712 kB
MemTotal:        1844596 kB
MemFree:           79368 kB
MemAvailable:    1361260 kB
Buffers:           96276 kB
Cached:          1209712 kB
MemTotal:        1844596 kB
MemFree:           78564 kB
MemAvailable:    1360456 kB
Buffers:           96276 kB
Cached:          1209712 kB
MemTotal:        1844596 kB
MemFree:           77808 kB
MemAvailable:    1359700 kB
Buffers:           96276 kB
Cached:          1209712 kB
MemTotal:        1844596 kB
MemFree:           79004 kB
MemAvailable:    1360896 kB
Buffers:           96276 kB
Cached:          1209712 kB
MemTotal:        1844596 kB
MemFree:           79172 kB
MemAvailable:    1361064 kB
Buffers:           96276 kB
Cached:          1209712 kB
MemTotal:        1844596 kB
MemFree:           77808 kB
MemAvailable:    1359700 kB
Buffers:           96276 kB
Cached:          1209712 kB
MemTotal:        1844596 kB
MemFree:           79160 kB
MemAvailable:    1361052 kB
Buffers:           96276 kB
Cached:          1209712 kB
MemTotal:        1844596 kB
MemFree:           78992 kB
MemAvailable:    1360884 kB
Buffers:           96276 kB
Cached:          1209712 kB
MemTotal:        1844596 kB
MemFree:           79052 kB
MemAvailable:    1360944 kB
Buffers:           96276 kB
Cached:          1209712 kB
MemTotal:        1844596 kB
MemFree:           79052 kB
MemAvailable:    1360944 kB
Buffers:           96276 kB
Cached:          1209712 kB
MemTotal:        1844596 kB
MemFree:           78876 kB
MemAvailable:    1360768 kB
Buffers:           96276 kB
Cached:          1209712 kB
MemTotal:        1844596 kB
MemFree:           78612 kB
MemAvailable:    1360504 kB
Buffers:           96276 kB
Cached:          1209712 kB
MemTotal:        1844596 kB
MemFree:           78868 kB
MemAvailable:    1360760 kB
Buffers:           96276 kB
Cached:          1209712 kB
MemTotal:        1844596 kB
MemFree:           78600 kB
MemAvailable:    1360492 kB
Buffers:           96276 kB
Cached:          1209712 kB
MemTotal:        1844596 kB
MemFree:           78440 kB
MemAvailable:    1360332 kB
Buffers:           96276 kB
Cached:          1209712 kB
MemTotal:        1844596 kB
MemFree:           78728 kB
MemAvailable:    1360620 kB
Buffers:           96276 kB
Cached:          1209712 kB
MemTotal:        1844596 kB
MemFree:           78856 kB
MemAvailable:    1360748 kB
Buffers:           96276 kB
Cached:          1209712 kB
MemTotal:        1844596 kB
MemFree:           78912 kB
MemAvailable:    1360804 kB
Buffers:           96276 kB
Cached:          1209712 kB
MemTotal:        1844596 kB
MemFree:           78548 kB
MemAvailable:    1360440 kB
Buffers:           96276 kB
Cached:          1209712 kB
MemTotal:        1844596 kB
MemFree:           78316 kB
MemAvailable:    1360208 kB
Buffers:           96276 kB
Cached:          1209712 kB
MemTotal:        1844596 kB
MemFree:           77076 kB
MemAvailable:    1358968 kB
Buffers:           96276 kB
Cached:          1209712 kB
MemTotal:        1844596 kB
MemFree:           78252 kB
MemAvailable:    1360144 kB
Buffers:           96276 kB
Cached:          1209712 kB
MemTotal:        1844596 kB
MemFree:           77680 kB
MemAvailable:    1359572 kB
Buffers:           96276 kB
Cached:          1209712 kB
MemTotal:        1844596 kB
MemFree:           76952 kB
MemAvailable:    1358844 kB
Buffers:           96276 kB
Cached:          1209712 kB
MemTotal:        1844596 kB
MemFree:           70484 kB
MemAvailable:    1352376 kB
Buffers:           96276 kB
Cached:          1209712 kB
MemTotal:        1844596 kB
MemFree:           68352 kB
MemAvailable:    1350244 kB
Buffers:           96276 kB
Cached:          1209712 kB
MemTotal:        1844596 kB
MemFree:           69076 kB
MemAvailable:    1350968 kB
Buffers:           96276 kB
Cached:          1209712 kB
MemTotal:        1844596 kB
MemFree:           67812 kB
MemAvailable:    1349704 kB
Buffers:           96276 kB
Cached:          1209712 kB
MemTotal:        1844596 kB
MemFree:           68568 kB
MemAvailable:    1350460 kB
Buffers:           96276 kB
Cached:          1209712 kB
MemTotal:        1844596 kB
MemFree:           68532 kB
MemAvailable:    1350424 kB
Buffers:           96276 kB
Cached:          1209712 kB
MemTotal:        1844596 kB
MemFree:           67240 kB
MemAvailable:    1349132 kB
Buffers:           96276 kB
Cached:          1209712 kB
MemTotal:        1844596 kB
MemFree:           67280 kB
MemAvailable:    1349172 kB
Buffers:           96276 kB
Cached:          1209712 kB
MemTotal:        1844596 kB
MemFree:           67304 kB
MemAvailable:    1349196 kB
Buffers:           96276 kB
Cached:          1209712 kB
MemTotal:        1844596 kB
MemFree:           66968 kB
MemAvailable:    1348860 kB
Buffers:           96276 kB
Cached:          1209712 kB
MemTotal:        1844596 kB
MemFree:           65684 kB
MemAvailable:    1347576 kB
Buffers:           96276 kB
Cached:          1209712 kB
MemTotal:        1844596 kB
MemFree:           66480 kB
MemAvailable:    1348544 kB
Buffers:           96276 kB
Cached:          1209840 kB
MemTotal:        1844596 kB
MemFree:           65960 kB
MemAvailable:    1348024 kB
Buffers:           96276 kB
Cached:          1209840 kB
MemTotal:        1844596 kB
MemFree:           66312 kB
MemAvailable:    1348544 kB
Buffers:           96276 kB
Cached:          1209964 kB
MemTotal:        1844596 kB
MemFree:           66356 kB
MemAvailable:    1348588 kB
Buffers:           96276 kB
Cached:          1209964 kB
MemTotal:        1844596 kB
MemFree:           65928 kB
MemAvailable:    1348244 kB
Buffers:           96276 kB
Cached:          1210212 kB
MemTotal:        1844596 kB
MemFree:           65528 kB
MemAvailable:    1348012 kB
Buffers:           96276 kB
Cached:          1210212 kB
MemTotal:        1844596 kB
MemFree:           64908 kB
MemAvailable:    1347392 kB
Buffers:           96276 kB
Cached:          1210212 kB
MemTotal:        1844596 kB
MemFree:           65796 kB
MemAvailable:    1348300 kB
Buffers:           96276 kB
Cached:          1210336 kB
MemTotal:        1844596 kB
MemFree:           66012 kB
MemAvailable:    1348496 kB
Buffers:           96276 kB
Cached:          1210336 kB
MemTotal:        1844596 kB
MemFree:           64524 kB
MemAvailable:    1347008 kB
Buffers:           96276 kB
Cached:          1210336 kB
MemTotal:        1844596 kB
MemFree:           66288 kB
MemAvailable:    1348772 kB
Buffers:           96276 kB
Cached:          1210336 kB
MemTotal:        1844596 kB
MemFree:           64544 kB
MemAvailable:    1347028 kB
Buffers:           96276 kB
Cached:          1210336 kB
MemTotal:        1844596 kB
MemFree:           65512 kB
MemAvailable:    1348072 kB
Buffers:           96276 kB
Cached:          1210332 kB
MemTotal:        1844596 kB
MemFree:           66128 kB
MemAvailable:    1348688 kB
Buffers:           96276 kB
Cached:          1210332 kB
MemTotal:        1844596 kB
MemFree:           66676 kB
MemAvailable:    1348648 kB
Buffers:           96276 kB
Cached:          1209700 kB
MemTotal:        1844596 kB
MemFree:           66392 kB
MemAvailable:    1348364 kB
Buffers:           96276 kB
Cached:          1209700 kB
MemTotal:        1844596 kB
MemFree:          101380 kB
MemAvailable:    1383352 kB
Buffers:           96276 kB
Cached:          1209700 kB
MemTotal:        1844596 kB
MemFree:          182940 kB
MemAvailable:    1464912 kB
Buffers:           96276 kB
Cached:          1209700 kB
MemTotal:        1844596 kB
MemFree:          257356 kB
MemAvailable:    1539328 kB
Buffers:           96276 kB
Cached:          1209700 kB
