MemTotal:        1844596 kB
MemFree:          263464 kB
MemAvailable:    1545048 kB
Buffers:           98028 kB
Cached:          1206088 kB
MemTotal:        1844596 kB
MemFree:          235572 kB
MemAvailable:    1517164 kB
Buffers:           98028 kB
Cached:          1206092 kB
MemTotal:        1844596 kB
MemFree:          235704 kB
MemAvailable:    1517296 kB
Buffers:           98028 kB
Cached:          1206092 kB
MemTotal:        1844596 kB
MemFree:          233844 kB
MemAvailable:    1515436 kB
Buffers:           98028 kB
Cached:          1206092 kB
MemTotal:        1844596 kB
MemFree:          232292 kB
MemAvailable:    1513884 kB
Buffers:           98028 kB
Cached:          1206092 kB
MemTotal:        1844596 kB
MemFree:          231976 kB
MemAvailable:    1513568 kB
Buffers:           98028 kB
Cached:          1206092 kB
MemTotal:        1844596 kB
MemFree:          230936 kB
MemAvailable:    1512528 kB
Buffers:           98028 kB
Cached:          1206092 kB
MemTotal:        1844596 kB
MemFree:          228636 kB
MemAvailable:    1510228 kB
Buffers:           98028 kB
Cached:          1206092 kB
MemTotal:        1844596 kB
MemFree:          226156 kB
MemAvailable:    1507748 kB
Buffers:           98028 kB
Cached:          1206092 kB
MemTotal:        1844596 kB
MemFree:          220940 kB
MemAvailable:    1502532 kB
Buffers:           98028 kB
Cached:          1206092 kB
MemTotal:        1844596 kB
MemFree:          220832 kB
MemAvailable:    1502424 kB
Buffers:           98028 kB
Cached:          1206092 kB
MemTotal:        1844596 kB
MemFree:          223564 kB
MemAvailable:    1505156 kB
Buffers:           98028 kB
Cached:          1206092 kB
MemTotal:        1844596 kB
MemFree:          222388 kB
MemAvailable:    1503980 kB
Buffers:           98028 kB
Cached:          1206092 kB
MemTotal:        1844596 kB
MemFree:          222264 kB
MemAvailable:    1503856 kB
Buffers:           98028 kB
Cached:          1206092 kB
MemTotal:        1844596 kB
MemFree:          223620 kB
MemAvailable:    1505212 kB
Buffers:           98028 kB
Cached:          1206092 kB
MemTotal:        1844596 kB
MemFree:          223372 kB
MemAvailable:    1504964 kB
Buffers:           98028 kB
Cached:          1206092 kB
MemTotal:        1844596 kB
MemFree:          223284 kB
MemAvailable:    1504876 kB
Buffers:           98028 kB
Cached:          1206092 kB
MemTotal:        1844596 kB
MemFree:          222064 kB
MemAvailable:    1503656 kB
Buffers:           98028 kB
Cached:          1206092 kB
MemTotal:        1844596 kB
MemFree:          222948 kB
MemAvailable:    1504540 kB
Buffers:           98028 kB
Cached:          1206092 kB
MemTotal:        1844596 kB
MemFree:          221556 kB
MemAvailable:    1503148 kB
Buffers:           98028 kB
Cached:          1206092 kB
MemTotal:        1844596 kB
MemFree:          222824 kB
MemAvailable:    1504416 kB
Buffers:           98028 kB
Cached:          1206092 kB
MemTotal:        1844596 kB
MemFree:          222176 kB
MemAvailable:    1503768 kB
Buffers:           98028 kB
Cached:          1206092 kB
MemTotal:        1844596 kB
MemFree:          221644 kB
MemAvailable:    1503236 kB
Buffers:           98028 kB
Cached:          1206092 kB
MemTotal:        1844596 kB
MemFree:          222500 kB
MemAvailable:    1504092 kB
Buffers:           98028 kB
Cached:          1206092 kB
MemTotal:        1844596 kB
MemFree:          221200 kB
MemAvailable:    1502792 kB
Buffers:           98028 kB
Cached:          1206092 kB
MemTotal:        1844596 kB
MemFree:          222112 kB
MemAvailable:    1503704 kB
Buffers:           98028 kB
Cached:          1206092 kB
MemTotal:        1844596 kB
MemFree:          220712 kB
MemAvailable:    1502304 kB
Buffers:           98028 kB
Cached:          1206092 kB
MemTotal:        1844596 kB
MemFree:          220712 kB
MemAvailable:    1502304 kB
Buffers:           98028 kB
Cached:          1206092 kB
MemTotal:        1844596 kB
MemFree:          221084 kB
MemAvailable:    1502676 kB
Buffers:           98028 kB
Cached:          1206092 kB
MemTotal:        1844596 kB
MemFree:          219720 kB
MemAvailable:    1501312 kB
Buffers:           98028 kB
Cached:          1206092 kB
MemTotal:        1844596 kB
MemFree:          220588 kB
MemAvailable:    1502184 kB
Buffers:           98028 kB
Cached:          1206096 kB
MemTotal:        1844596 kB
MemFree:          219168 kB
MemAvailable:    1500764 kB
Buffers:           98028 kB
Cached:          1206096 kB
MemTotal:        1844596 kB
MemFree:          219296 kB
MemAvailable:    1500892 kB
Buffers:           98028 kB
Cached:          1206096 kB
MemTotal:        1844596 kB
MemFree:          220404 kB
MemAvailable:    1502000 kB
Buffers:           98028 kB
Cached:          1206096 kB
MemTotal:        1844596 kB
MemFree:          220348 kB
MemAvailable:    1501944 kB
Buffers:           98028 kB
Cached:          1206096 kB
MemTotal:        1844596 kB
MemFree:          220672 kB
MemAvailable:    1502268 kB
Buffers:           98028 kB
Cached:          1206096 kB
MemTotal:        1844596 kB
MemFree:          220712 kB
MemAvailable:    1502308 kB
Buffers:           98028 kB
Cached:          1206096 kB
MemTotal:        1844596 kB
MemFree:          219216 kB
MemAvailable:    1500812 kB
Buffers:           98028 kB
Cached:          1206096 kB
MemTotal:        1844596 kB
MemFree:          220400 kB
MemAvailable:    1501996 kB
Buffers:           98028 kB
Cached:          1206096 kB
MemTotal:        1844596 kB
MemFree:          217868 kB
MemAvailable:    1499464 kB
Buffers:           98028 kB
Cached:          1206096 kB
MemTotal:        1844596 kB
MemFree:          215132 kB
MemAvailable:    1496728 kB
Buffers:           98028 kB
Cached:          1206096 kB
MemTotal:        1844596 kB
MemFree:          214256 kB
MemAvailable:    1495852 kB
Buffers:           98028 kB
Cached:          1206096 kB
MemTotal:        1844596 kB
MemFree:          214256 kB
MemAvailable:    1495852 kB
Buffers:           98028 kB
Cached:          1206096 kB
MemTotal:        1844596 kB
MemFree:          215240 kB
MemAvailable:    1496836 kB
Buffers:           98028 kB
Cached:          1206096 kB
MemTotal:        1844596 kB
MemFree:          214140 kB
MemAvailable:    1495736 kB
Buffers:           98028 kB
Cached:          1206096 kB
MemTotal:        1844596 kB
MemFree:          213772 kB
MemAvailable:    1495368 kB
Buffers:           98028 kB
Cached:          1206096 kB
MemTotal:        1844596 kB
MemFree:          213764 kB
MemAvailable:    1495360 kB
Buffers:           98028 kB
Cached:          1206096 kB
MemTotal:        1844596 kB
MemFree:          213640 kB
MemAvailable:    1495236 kB
Buffers:           98028 kB
Cached:          1206096 kB
MemTotal:        1844596 kB
MemFree:          213392 kB
MemAvailable:    1494988 kB
Buffers:           98028 kB
Cached:          1206096 kB
MemTotal:        1844596 kB
MemFree:          213524 kB
MemAvailable:    1495120 kB
Buffers:           98028 kB
Cached:          1206096 kB
MemTotal:        1844596 kB
MemFree:          213524 kB
MemAvailable:    1495120 kB
Buffers:           98028 kB
Cached:          1206096 kB
MemTotal:        1844596 kB
MemFree:          213516 kB
MemAvailable:    1495112 kB
Buffers:           98028 kB
Cached:          1206096 kB
MemTotal:        1844596 kB
MemFree:          213516 kB
MemAvailable:    1495112 kB
Buffers:           98028 kB
Cached:          1206096 kB
MemTotal:        1844596 kB
MemFree:          213516 kB
MemAvailable:    1495112 kB
Buffers:           98028 kB
Cached:          1206096 kB
MemTotal:        1844596 kB
MemFree:          212780 kB
MemAvailable:    1494376 kB
Buffers:           98028 kB
Cached:          1206096 kB
MemTotal:        1844596 kB
MemFree:          209864 kB
MemAvailable:    1491460 kB
Buffers:           98028 kB
Cached:          1206096 kB
MemTotal:        1844596 kB
MemFree:          209060 kB
MemAvailable:    1490656 kB
Buffers:           98028 kB
Cached:          1206096 kB
MemTotal:        1844596 kB
MemFree:          208136 kB
MemAvailable:    1489732 kB
Buffers:           98028 kB
Cached:          1206096 kB
MemTotal:        1844596 kB
MemFree:          208012 kB
MemAvailable:    1489608 kB
Buffers:           98028 kB
Cached:          1206096 kB
MemTotal:        1844596 kB
MemFree:          206952 kB
MemAvailable:    1488548 kB
Buffers:           98028 kB
Cached:          1206096 kB
MemTotal:        1844596 kB
MemFree:          206880 kB
MemAvailable:    1488476 kB
Buffers:           98028 kB
Cached:          1206096 kB
MemTotal:        1844596 kB
MemFree:          206572 kB
MemAvailable:    1488168 kB
Buffers:           98028 kB
Cached:          1206096 kB
MemTotal:        1844596 kB
MemFree:          206208 kB
MemAvailable:    1487804 kB
Buffers:           98028 kB
Cached:          1206096 kB
MemTotal:        1844596 kB
MemFree:          204916 kB
MemAvailable:    1486512 kB
Buffers:           98028 kB
Cached:          1206096 kB
MemTotal:        1844596 kB
MemFree:          204784 kB
MemAvailable:    1486380 kB
Buffers:           98028 kB
Cached:          1206096 kB
MemTotal:        1844596 kB
MemFree:          204784 kB
MemAvailable:    1486380 kB
Buffers:           98028 kB
Cached:          1206096 kB
MemTotal:        1844596 kB
MemFree:          206084 kB
MemAvailable:    1487680 kB
Buffers:           98028 kB
Cached:          1206096 kB
MemTotal:        1844596 kB
MemFree:          205796 kB
MemAvailable:    1487392 kB
Buffers:           98028 kB
Cached:          1206096 kB
MemTotal:        1844596 kB
MemFree:          206048 kB
MemAvailable:    1487644 kB
Buffers:           98028 kB
Cached:          1206096 kB
MemTotal:        1844596 kB
MemFree:          205816 kB
MemAvailable:    1487412 kB
Buffers:           98028 kB
Cached:          1206096 kB
MemTotal:        1844596 kB
MemFree:          204584 kB
MemAvailable:    1486180 kB
Buffers:           98028 kB
Cached:          1206096 kB
MemTotal:        1844596 kB
MemFree:          205816 kB
MemAvailable:    1487412 kB
Buffers:           98028 kB
Cached:          1206096 kB
MemTotal:        1844596 kB
MemFree:          205996 kB
MemAvailable:    1487592 kB
Buffers:           98028 kB
Cached:          1206096 kB
MemTotal:        1844596 kB
MemFree:          204444 kB
MemAvailable:    1486040 kB
Buffers:           98028 kB
Cached:          1206096 kB
MemTotal:        1844596 kB
MemFree:          205636 kB
MemAvailable:    1487232 kB
Buffers:           98028 kB
Cached:          1206096 kB
MemTotal:        1844596 kB
MemFree:          205472 kB
MemAvailable:    1487068 kB
Buffers:           98028 kB
Cached:          1206096 kB
MemTotal:        1844596 kB
MemFree:          204300 kB
MemAvailable:    1485896 kB
Buffers:           98028 kB
Cached:          1206096 kB
MemTotal:        1844596 kB
MemFree:          205592 kB
MemAvailable:    1487188 kB
Buffers:           98028 kB
Cached:          1206096 kB
MemTotal:        1844596 kB
MemFree:          205636 kB
MemAvailable:    1487232 kB
Buffers:           98028 kB
Cached:          1206096 kB
MemTotal:        1844596 kB
MemFree:          205432 kB
MemAvailable:    1487028 kB
Buffers:           98028 kB
Cached:          1206096 kB
MemTotal:        1844596 kB
MemFree:          205340 kB
MemAvailable:    1486936 kB
Buffers:           98028 kB
Cached:          1206096 kB
MemTotal:        1844596 kB
MemFree:          202116 kB
MemAvailable:    1483712 kB
Buffers:           98028 kB
Cached:          1206096 kB
MemTotal:        1844596 kB
MemFree:          199844 kB
MemAvailable:    1481440 kB
Buffers:           98028 kB
Cached:          1206096 kB
MemTotal:        1844596 kB
MemFree:          197288 kB
MemAvailable:    1478884 kB
Buffers:           98028 kB
Cached:          1206096 kB
MemTotal:        1844596 kB
MemFree:          197652 kB
MemAvailable:    1479252 kB
Buffers:           98028 kB
Cached:          1206100 kB
MemTotal:        1844596 kB
MemFree:          197736 kB
MemAvailable:    1479336 kB
Buffers:           98028 kB
Cached:          1206100 kB
MemTotal:        1844596 kB
MemFree:          197264 kB
MemAvailable:    1478864 kB
Buffers:           98028 kB
Cached:          1206100 kB
MemTotal:        1844596 kB
MemFree:          196420 kB
MemAvailable:    1478020 kB
Buffers:           98028 kB
Cached:          1206100 kB
MemTotal:        1844596 kB
MemFree:          197108 kB
MemAvailable:    1478708 kB
Buffers:           98028 kB
Cached:          1206100 kB
MemTotal:        1844596 kB
MemFree:          196836 kB
MemAvailable:    1478436 kB
Buffers:           98028 kB
Cached:          1206100 kB
MemTotal:        1844596 kB
MemFree:          197088 kB
MemAvailable:    1478688 kB
Buffers:           98028 kB
Cached:          1206100 kB
MemTotal:        1844596 kB
MemFree:          195728 kB
MemAvailable:    1477328 kB
Buffers:           98028 kB
Cached:          1206100 kB
MemTotal:        1844596 kB
MemFree:          195728 kB
MemAvailable:    1477328 kB
Buffers:           98028 kB
Cached:          1206100 kB
MemTotal:        1844596 kB
MemFree:          195764 kB
MemAvailable:    1477364 kB
Buffers:           98028 kB
Cached:          1206100 kB
MemTotal:        1844596 kB
MemFree:          195764 kB
MemAvailable:    1477364 kB
Buffers:           98028 kB
Cached:          1206100 kB
MemTotal:        1844596 kB
MemFree:          195800 kB
MemAvailable:    1477400 kB
Buffers:           98028 kB
Cached:          1206100 kB
MemTotal:        1844596 kB
MemFree:          195800 kB
MemAvailable:    1477400 kB
Buffers:           98028 kB
Cached:          1206100 kB
MemTotal:        1844596 kB
MemFree:          196860 kB
MemAvailable:    1478460 kB
Buffers:           98028 kB
Cached:          1206100 kB
MemTotal:        1844596 kB
MemFree:          196860 kB
MemAvailable:    1478460 kB
Buffers:           98028 kB
Cached:          1206100 kB
MemTotal:        1844596 kB
MemFree:          195620 kB
MemAvailable:    1477220 kB
Buffers:           98028 kB
Cached:          1206100 kB
MemTotal:        1844596 kB
MemFree:          196896 kB
MemAvailable:    1478496 kB
Buffers:           98028 kB
Cached:          1206100 kB
MemTotal:        1844596 kB
MemFree:          197048 kB
MemAvailable:    1478648 kB
Buffers:           98028 kB
Cached:          1206100 kB
MemTotal:        1844596 kB
MemFree:          195628 kB
MemAvailable:    1477228 kB
Buffers:           98028 kB
Cached:          1206100 kB
MemTotal:        1844596 kB
MemFree:          196868 kB
MemAvailable:    1478468 kB
Buffers:           98028 kB
Cached:          1206100 kB
MemTotal:        1844596 kB
MemFree:          196928 kB
MemAvailable:    1478528 kB
Buffers:           98028 kB
Cached:          1206100 kB
MemTotal:        1844596 kB
MemFree:          196856 kB
MemAvailable:    1478456 kB
Buffers:           98028 kB
Cached:          1206100 kB
MemTotal:        1844596 kB
MemFree:          197108 kB
MemAvailable:    1478708 kB
Buffers:           98028 kB
Cached:          1206100 kB
MemTotal:        1844596 kB
MemFree:          196784 kB
MemAvailable:    1478384 kB
Buffers:           98028 kB
Cached:          1206100 kB
MemTotal:        1844596 kB
MemFree:          196928 kB
MemAvailable:    1478528 kB
Buffers:           98028 kB
Cached:          1206100 kB
MemTotal:        1844596 kB
MemFree:          196764 kB
MemAvailable:    1478364 kB
Buffers:           98028 kB
Cached:          1206100 kB
MemTotal:        1844596 kB
MemFree:          197100 kB
MemAvailable:    1478700 kB
Buffers:           98028 kB
Cached:          1206100 kB
MemTotal:        1844596 kB
MemFree:          195616 kB
MemAvailable:    1477216 kB
Buffers:           98028 kB
Cached:          1206100 kB
MemTotal:        1844596 kB
MemFree:          195616 kB
MemAvailable:    1477216 kB
Buffers:           98028 kB
Cached:          1206100 kB
MemTotal:        1844596 kB
MemFree:          197080 kB
MemAvailable:    1478680 kB
Buffers:           98028 kB
Cached:          1206100 kB
MemTotal:        1844596 kB
MemFree:          196172 kB
MemAvailable:    1477772 kB
Buffers:           98028 kB
Cached:          1206100 kB
MemTotal:        1844596 kB
MemFree:          196828 kB
MemAvailable:    1478432 kB
Buffers:           98028 kB
Cached:          1206104 kB
MemTotal:        1844596 kB
MemFree:          197048 kB
MemAvailable:    1478652 kB
Buffers:           98028 kB
Cached:          1206104 kB
MemTotal:        1844596 kB
MemFree:          196936 kB
MemAvailable:    1478540 kB
Buffers:           98028 kB
Cached:          1206104 kB
MemTotal:        1844596 kB
MemFree:          196936 kB
MemAvailable:    1478540 kB
Buffers:           98028 kB
Cached:          1206104 kB
MemTotal:        1844596 kB
MemFree:          194940 kB
MemAvailable:    1476544 kB
Buffers:           98028 kB
Cached:          1206104 kB
MemTotal:        1844596 kB
MemFree:          191708 kB
MemAvailable:    1473312 kB
Buffers:           98028 kB
Cached:          1206104 kB
MemTotal:        1844596 kB
MemFree:          188096 kB
MemAvailable:    1469700 kB
Buffers:           98028 kB
Cached:          1206104 kB
MemTotal:        1844596 kB
MemFree:          187120 kB
MemAvailable:    1468724 kB
Buffers:           98028 kB
Cached:          1206104 kB
MemTotal:        1844596 kB
MemFree:          185136 kB
MemAvailable:    1466740 kB
Buffers:           98028 kB
Cached:          1206104 kB
MemTotal:        1844596 kB
MemFree:          186236 kB
MemAvailable:    1467840 kB
Buffers:           98028 kB
Cached:          1206104 kB
MemTotal:        1844596 kB
MemFree:          185756 kB
MemAvailable:    1467360 kB
Buffers:           98028 kB
Cached:          1206104 kB
MemTotal:        1844596 kB
MemFree:          186168 kB
MemAvailable:    1467772 kB
Buffers:           98028 kB
Cached:          1206104 kB
MemTotal:        1844596 kB
MemFree:          186128 kB
MemAvailable:    1467732 kB
Buffers:           98028 kB
Cached:          1206104 kB
MemTotal:        1844596 kB
MemFree:          186124 kB
MemAvailable:    1467728 kB
Buffers:           98028 kB
Cached:          1206104 kB
MemTotal:        1844596 kB
MemFree:          185992 kB
MemAvailable:    1467596 kB
Buffers:           98028 kB
Cached:          1206104 kB
MemTotal:        1844596 kB
MemFree:          186160 kB
MemAvailable:    1467764 kB
Buffers:           98028 kB
Cached:          1206104 kB
MemTotal:        1844596 kB
MemFree:          185268 kB
MemAvailable:    1466872 kB
Buffers:           98028 kB
Cached:          1206104 kB
MemTotal:        1844596 kB
MemFree:          185996 kB
MemAvailable:    1467604 kB
Buffers:           98028 kB
Cached:          1206108 kB
MemTotal:        1844596 kB
MemFree:          186332 kB
MemAvailable:    1467940 kB
Buffers:           98028 kB
Cached:          1206108 kB
MemTotal:        1844596 kB
MemFree:          186004 kB
MemAvailable:    1467612 kB
Buffers:           98028 kB
Cached:          1206108 kB
MemTotal:        1844596 kB
MemFree:          185948 kB
MemAvailable:    1467556 kB
Buffers:           98028 kB
Cached:          1206108 kB
MemTotal:        1844596 kB
MemFree:          186204 kB
MemAvailable:    1467812 kB
Buffers:           98028 kB
Cached:          1206108 kB
MemTotal:        1844596 kB
MemFree:          186116 kB
MemAvailable:    1467724 kB
Buffers:           98028 kB
Cached:          1206108 kB
MemTotal:        1844596 kB
MemFree:          185920 kB
MemAvailable:    1467528 kB
Buffers:           98028 kB
Cached:          1206108 kB
MemTotal:        1844596 kB
MemFree:          184828 kB
MemAvailable:    1466436 kB
Buffers:           98028 kB
Cached:          1206108 kB
MemTotal:        1844596 kB
MemFree:          186040 kB
MemAvailable:    1467648 kB
Buffers:           98028 kB
Cached:          1206108 kB
MemTotal:        1844596 kB
MemFree:          185392 kB
MemAvailable:    1467000 kB
Buffers:           98028 kB
Cached:          1206108 kB
MemTotal:        1844596 kB
MemFree:          185948 kB
MemAvailable:    1467556 kB
Buffers:           98028 kB
Cached:          1206108 kB
MemTotal:        1844596 kB
MemFree:          185948 kB
MemAvailable:    1467556 kB
Buffers:           98028 kB
Cached:          1206108 kB
MemTotal:        1844596 kB
MemFree:          186116 kB
MemAvailable:    1467724 kB
Buffers:           98028 kB
Cached:          1206108 kB
MemTotal:        1844596 kB
MemFree:          186164 kB
MemAvailable:    1467772 kB
Buffers:           98028 kB
Cached:          1206108 kB
MemTotal:        1844596 kB
MemFree:          185384 kB
MemAvailable:    1466992 kB
Buffers:           98028 kB
Cached:          1206108 kB
MemTotal:        1844596 kB
MemFree:          186008 kB
MemAvailable:    1467616 kB
Buffers:           98028 kB
Cached:          1206108 kB
MemTotal:        1844596 kB
MemFree:          185976 kB
MemAvailable:    1467584 kB
Buffers:           98028 kB
Cached:          1206108 kB
MemTotal:        1844596 kB
MemFree:          185508 kB
MemAvailable:    1467116 kB
Buffers:           98028 kB
Cached:          1206108 kB
MemTotal:        1844596 kB
MemFree:          186176 kB
MemAvailable:    1467784 kB
Buffers:           98028 kB
Cached:          1206108 kB
MemTotal:        1844596 kB
MemFree:          186004 kB
MemAvailable:    1467612 kB
Buffers:           98028 kB
Cached:          1206108 kB
MemTotal:        1844596 kB
MemFree:          185392 kB
MemAvailable:    1467000 kB
Buffers:           98028 kB
Cached:          1206108 kB
MemTotal:        1844596 kB
MemFree:          185864 kB
MemAvailable:    1467472 kB
Buffers:           98028 kB
Cached:          1206108 kB
MemTotal:        1844596 kB
MemFree:          186200 kB
MemAvailable:    1467808 kB
Buffers:           98028 kB
Cached:          1206108 kB
MemTotal:        1844596 kB
MemFree:          186008 kB
MemAvailable:    1467616 kB
Buffers:           98028 kB
Cached:          1206108 kB
MemTotal:        1844596 kB
MemFree:          186052 kB
MemAvailable:    1467660 kB
Buffers:           98028 kB
Cached:          1206108 kB
MemTotal:        1844596 kB
MemFree:          184848 kB
MemAvailable:    1466456 kB
Buffers:           98028 kB
Cached:          1206108 kB
MemTotal:        1844596 kB
MemFree:          185948 kB
MemAvailable:    1467556 kB
Buffers:           98028 kB
Cached:          1206108 kB
MemTotal:        1844596 kB
MemFree:          186204 kB
MemAvailable:    1467812 kB
Buffers:           98028 kB
Cached:          1206108 kB
MemTotal:        1844596 kB
MemFree:          186116 kB
MemAvailable:    1467724 kB
Buffers:           98028 kB
Cached:          1206108 kB
MemTotal:        1844596 kB
MemFree:          186004 kB
MemAvailable:    1467612 kB
Buffers:           98028 kB
Cached:          1206108 kB
MemTotal:        1844596 kB
MemFree:          185392 kB
MemAvailable:    1467000 kB
Buffers:           98028 kB
Cached:          1206108 kB
MemTotal:        1844596 kB
MemFree:          185988 kB
MemAvailable:    1467596 kB
Buffers:           98028 kB
Cached:          1206108 kB
MemTotal:        1844596 kB
MemFree:          185880 kB
MemAvailable:    1467488 kB
Buffers:           98028 kB
Cached:          1206108 kB
MemTotal:        1844596 kB
MemFree:          184700 kB
MemAvailable:    1466308 kB
Buffers:           98028 kB
Cached:          1206108 kB
MemTotal:        1844596 kB
MemFree:          184832 kB
MemAvailable:    1466440 kB
Buffers:           98028 kB
Cached:          1206108 kB
MemTotal:        1844596 kB
MemFree:          185976 kB
MemAvailable:    1467584 kB
Buffers:           98028 kB
Cached:          1206108 kB
MemTotal:        1844596 kB
MemFree:          186228 kB
MemAvailable:    1467836 kB
Buffers:           98028 kB
Cached:          1206108 kB
MemTotal:        1844596 kB
MemFree:          184956 kB
MemAvailable:    1466564 kB
Buffers:           98028 kB
Cached:          1206108 kB
MemTotal:        1844596 kB
MemFree:          184832 kB
MemAvailable:    1466440 kB
Buffers:           98028 kB
Cached:          1206108 kB
MemTotal:        1844596 kB
MemFree:          185692 kB
MemAvailable:    1467300 kB
Buffers:           98028 kB
Cached:          1206108 kB
MemTotal:        1844596 kB
MemFree:          185180 kB
MemAvailable:    1466788 kB
Buffers:           98028 kB
Cached:          1206108 kB
MemTotal:        1844596 kB
MemFree:          184028 kB
MemAvailable:    1465636 kB
Buffers:           98028 kB
Cached:          1206108 kB
MemTotal:        1844596 kB
MemFree:          185136 kB
MemAvailable:    1466744 kB
Buffers:           98028 kB
Cached:          1206108 kB
MemTotal:        1844596 kB
MemFree:          185124 kB
MemAvailable:    1466732 kB
Buffers:           98028 kB
Cached:          1206108 kB
MemTotal:        1844596 kB
MemFree:          183512 kB
MemAvailable:    1465120 kB
Buffers:           98028 kB
Cached:          1206108 kB
MemTotal:        1844596 kB
MemFree:          184936 kB
MemAvailable:    1466544 kB
Buffers:           98028 kB
Cached:          1206108 kB
MemTotal:        1844596 kB
MemFree:          184764 kB
MemAvailable:    1466372 kB
Buffers:           98028 kB
Cached:          1206108 kB
MemTotal:        1844596 kB
MemFree:          184020 kB
MemAvailable:    1465628 kB
Buffers:           98028 kB
Cached:          1206108 kB
MemTotal:        1844596 kB
MemFree:          184892 kB
MemAvailable:    1466508 kB
Buffers:           98028 kB
Cached:          1206116 kB
MemTotal:        1844596 kB
MemFree:          183524 kB
MemAvailable:    1465140 kB
Buffers:           98028 kB
Cached:          1206116 kB
MemTotal:        1844596 kB
MemFree:          184820 kB
MemAvailable:    1466436 kB
Buffers:           98028 kB
Cached:          1206116 kB
MemTotal:        1844596 kB
MemFree:          184820 kB
MemAvailable:    1466436 kB
Buffers:           98028 kB
Cached:          1206116 kB
MemTotal:        1844596 kB
MemFree:          184488 kB
MemAvailable:    1466104 kB
Buffers:           98028 kB
Cached:          1206116 kB
MemTotal:        1844596 kB
MemFree:          184020 kB
MemAvailable:    1465636 kB
Buffers:           98028 kB
Cached:          1206116 kB
MemTotal:        1844596 kB
MemFree:          184504 kB
MemAvailable:    1466120 kB
Buffers:           98028 kB
Cached:          1206116 kB
MemTotal:        1844596 kB
MemFree:          184628 kB
MemAvailable:    1466244 kB
Buffers:           98028 kB
Cached:          1206116 kB
MemTotal:        1844596 kB
MemFree:          184476 kB
MemAvailable:    1466092 kB
Buffers:           98028 kB
Cached:          1206116 kB
MemTotal:        1844596 kB
MemFree:          184452 kB
MemAvailable:    1466068 kB
Buffers:           98028 kB
Cached:          1206116 kB
MemTotal:        1844596 kB
MemFree:          184428 kB
MemAvailable:    1466044 kB
Buffers:           98028 kB
Cached:          1206116 kB
MemTotal:        1844596 kB
MemFree:          183896 kB
MemAvailable:    1465512 kB
Buffers:           98028 kB
Cached:          1206116 kB
MemTotal:        1844596 kB
MemFree:          184244 kB
MemAvailable:    1465860 kB
Buffers:           98028 kB
Cached:          1206116 kB
MemTotal:        1844596 kB
MemFree:          183096 kB
MemAvailable:    1464712 kB
Buffers:           98028 kB
Cached:          1206116 kB
MemTotal:        1844596 kB
MemFree:          183220 kB
MemAvailable:    1464836 kB
Buffers:           98028 kB
Cached:          1206116 kB
MemTotal:        1844596 kB
MemFree:          184396 kB
MemAvailable:    1466012 kB
Buffers:           98028 kB
Cached:          1206116 kB
MemTotal:        1844596 kB
MemFree:          184264 kB
MemAvailable:    1465880 kB
Buffers:           98028 kB
Cached:          1206116 kB
MemTotal:        1844596 kB
MemFree:          179548 kB
MemAvailable:    1461164 kB
Buffers:           98028 kB
Cached:          1206116 kB
MemTotal:        1844596 kB
MemFree:          179316 kB
MemAvailable:    1460932 kB
Buffers:           98028 kB
Cached:          1206116 kB
MemTotal:        1844596 kB
MemFree:          175152 kB
MemAvailable:    1456768 kB
Buffers:           98028 kB
Cached:          1206116 kB
MemTotal:        1844596 kB
MemFree:          172488 kB
MemAvailable:    1454104 kB
Buffers:           98028 kB
Cached:          1206116 kB
MemTotal:        1844596 kB
MemFree:          173092 kB
MemAvailable:    1454708 kB
Buffers:           98028 kB
Cached:          1206116 kB
MemTotal:        1844596 kB
MemFree:          173092 kB
MemAvailable:    1454708 kB
Buffers:           98028 kB
Cached:          1206116 kB
MemTotal:        1844596 kB
MemFree:          172804 kB
MemAvailable:    1454420 kB
Buffers:           98028 kB
Cached:          1206116 kB
MemTotal:        1844596 kB
MemFree:          172732 kB
MemAvailable:    1454348 kB
Buffers:           98028 kB
Cached:          1206116 kB
MemTotal:        1844596 kB
MemFree:          171372 kB
MemAvailable:    1452988 kB
Buffers:           98028 kB
Cached:          1206116 kB
MemTotal:        1844596 kB
MemFree:          171976 kB
MemAvailable:    1453592 kB
Buffers:           98028 kB
Cached:          1206116 kB
MemTotal:        1844596 kB
MemFree:          171976 kB
MemAvailable:    1453592 kB
Buffers:           98028 kB
Cached:          1206116 kB
MemTotal:        1844596 kB
MemFree:          171124 kB
MemAvailable:    1452740 kB
Buffers:           98028 kB
Cached:          1206116 kB
MemTotal:        1844596 kB
MemFree:          169884 kB
MemAvailable:    1451500 kB
Buffers:           98028 kB
Cached:          1206116 kB
MemTotal:        1844596 kB
MemFree:          168396 kB
MemAvailable:    1450012 kB
Buffers:           98028 kB
Cached:          1206116 kB
MemTotal:        1844596 kB
MemFree:          169248 kB
MemAvailable:    1450864 kB
Buffers:           98028 kB
Cached:          1206116 kB
MemTotal:        1844596 kB
MemFree:          169332 kB
MemAvailable:    1450948 kB
Buffers:           98028 kB
Cached:          1206116 kB
MemTotal:        1844596 kB
MemFree:          169240 kB
MemAvailable:    1450856 kB
Buffers:           98028 kB
Cached:          1206116 kB
MemTotal:        1844596 kB
MemFree:          169492 kB
MemAvailable:    1451108 kB
Buffers:           98028 kB
Cached:          1206116 kB
MemTotal:        1844596 kB
MemFree:          169196 kB
MemAvailable:    1450812 kB
Buffers:           98028 kB
Cached:          1206116 kB
MemTotal:        1844596 kB
MemFree:          169264 kB
MemAvailable:    1450880 kB
Buffers:           98028 kB
Cached:          1206116 kB
MemTotal:        1844596 kB
MemFree:          168012 kB
MemAvailable:    1449628 kB
Buffers:           98028 kB
Cached:          1206116 kB
MemTotal:        1844596 kB
MemFree:          169120 kB
MemAvailable:    1450736 kB
Buffers:           98028 kB
Cached:          1206116 kB
MemTotal:        1844596 kB
MemFree:          169120 kB
MemAvailable:    1450736 kB
Buffers:           98028 kB
Cached:          1206116 kB
MemTotal:        1844596 kB
MemFree:          168128 kB
MemAvailable:    1449744 kB
Buffers:           98028 kB
Cached:          1206116 kB
MemTotal:        1844596 kB
MemFree:          168252 kB
MemAvailable:    1449868 kB
Buffers:           98028 kB
Cached:          1206116 kB
MemTotal:        1844596 kB
MemFree:          168004 kB
MemAvailable:    1449620 kB
Buffers:           98028 kB
Cached:          1206116 kB
MemTotal:        1844596 kB
MemFree:          169304 kB
MemAvailable:    1450920 kB
Buffers:           98028 kB
Cached:          1206116 kB
MemTotal:        1844596 kB
MemFree:          167652 kB
MemAvailable:    1449268 kB
Buffers:           98028 kB
Cached:          1206116 kB
MemTotal:        1844596 kB
MemFree:          168388 kB
MemAvailable:    1450004 kB
Buffers:           98028 kB
Cached:          1206116 kB
MemTotal:        1844596 kB
MemFree:          167520 kB
MemAvailable:    1449136 kB
Buffers:           98028 kB
Cached:          1206116 kB
MemTotal:        1844596 kB
MemFree:          167264 kB
MemAvailable:    1448880 kB
Buffers:           98028 kB
Cached:          1206116 kB
MemTotal:        1844596 kB
MemFree:          167156 kB
MemAvailable:    1448772 kB
Buffers:           98028 kB
Cached:          1206116 kB
MemTotal:        1844596 kB
MemFree:          167268 kB
MemAvailable:    1448884 kB
Buffers:           98028 kB
Cached:          1206116 kB
MemTotal:        1844596 kB
MemFree:          167072 kB
MemAvailable:    1448688 kB
Buffers:           98028 kB
Cached:          1206116 kB
MemTotal:        1844596 kB
MemFree:          165544 kB
MemAvailable:    1447160 kB
Buffers:           98028 kB
Cached:          1206116 kB
MemTotal:        1844596 kB
MemFree:          166024 kB
MemAvailable:    1447640 kB
Buffers:           98028 kB
Cached:          1206116 kB
MemTotal:        1844596 kB
MemFree:          165916 kB
MemAvailable:    1447532 kB
Buffers:           98028 kB
Cached:          1206116 kB
MemTotal:        1844596 kB
MemFree:          164496 kB
MemAvailable:    1446112 kB
Buffers:           98028 kB
Cached:          1206116 kB
MemTotal:        1844596 kB
MemFree:          165788 kB
MemAvailable:    1447404 kB
Buffers:           98028 kB
Cached:          1206116 kB
MemTotal:        1844596 kB
MemFree:          164932 kB
MemAvailable:    1446548 kB
Buffers:           98028 kB
Cached:          1206116 kB
MemTotal:        1844596 kB
MemFree:          165404 kB
MemAvailable:    1447020 kB
Buffers:           98028 kB
Cached:          1206116 kB
MemTotal:        1844596 kB
MemFree:          165536 kB
MemAvailable:    1447152 kB
Buffers:           98028 kB
Cached:          1206116 kB
MemTotal:        1844596 kB
MemFree:          165136 kB
MemAvailable:    1446752 kB
Buffers:           98028 kB
Cached:          1206116 kB
MemTotal:        1844596 kB
MemFree:          165136 kB
MemAvailable:    1446752 kB
Buffers:           98028 kB
Cached:          1206116 kB
MemTotal:        1844596 kB
MemFree:          163984 kB
MemAvailable:    1445600 kB
Buffers:           98028 kB
Cached:          1206116 kB
MemTotal:        1844596 kB
MemFree:          165028 kB
MemAvailable:    1446644 kB
Buffers:           98028 kB
Cached:          1206116 kB
MemTotal:        1844596 kB
MemFree:          163844 kB
MemAvailable:    1445460 kB
Buffers:           98028 kB
Cached:          1206116 kB
MemTotal:        1844596 kB
MemFree:          164304 kB
MemAvailable:    1445920 kB
Buffers:           98028 kB
Cached:          1206116 kB
MemTotal:        1844596 kB
MemFree:          164304 kB
MemAvailable:    1445920 kB
Buffers:           98028 kB
Cached:          1206116 kB
MemTotal:        1844596 kB
MemFree:          165480 kB
MemAvailable:    1447096 kB
Buffers:           98028 kB
Cached:          1206116 kB
MemTotal:        1844596 kB
MemFree:          164544 kB
MemAvailable:    1446160 kB
Buffers:           98028 kB
Cached:          1206116 kB
MemTotal:        1844596 kB
MemFree:          164056 kB
MemAvailable:    1445672 kB
Buffers:           98028 kB
Cached:          1206116 kB
MemTotal:        1844596 kB
MemFree:          163800 kB
MemAvailable:    1445416 kB
Buffers:           98028 kB
Cached:          1206116 kB
MemTotal:        1844596 kB
MemFree:          165148 kB
MemAvailable:    1446764 kB
Buffers:           98028 kB
Cached:          1206116 kB
MemTotal:        1844596 kB
MemFree:          165076 kB
MemAvailable:    1446692 kB
Buffers:           98028 kB
Cached:          1206116 kB
MemTotal:        1844596 kB
MemFree:          164984 kB
MemAvailable:    1446600 kB
Buffers:           98028 kB
Cached:          1206116 kB
MemTotal:        1844596 kB
MemFree:          164820 kB
MemAvailable:    1446436 kB
Buffers:           98028 kB
Cached:          1206116 kB
MemTotal:        1844596 kB
MemFree:          163620 kB
MemAvailable:    1445236 kB
Buffers:           98028 kB
Cached:          1206116 kB
MemTotal:        1844596 kB
MemFree:          164896 kB
MemAvailable:    1446512 kB
Buffers:           98028 kB
Cached:          1206116 kB
MemTotal:        1844596 kB
MemFree:          165148 kB
MemAvailable:    1446764 kB
Buffers:           98028 kB
Cached:          1206116 kB
MemTotal:        1844596 kB
MemFree:          163552 kB
MemAvailable:    1445168 kB
Buffers:           98028 kB
Cached:          1206116 kB
MemTotal:        1844596 kB
MemFree:          165000 kB
MemAvailable:    1446616 kB
Buffers:           98028 kB
Cached:          1206116 kB
MemTotal:        1844596 kB
MemFree:          164856 kB
MemAvailable:    1446472 kB
Buffers:           98028 kB
Cached:          1206116 kB
MemTotal:        1844596 kB
MemFree:          164800 kB
MemAvailable:    1446416 kB
Buffers:           98028 kB
Cached:          1206116 kB
MemTotal:        1844596 kB
MemFree:          164972 kB
MemAvailable:    1446588 kB
Buffers:           98028 kB
Cached:          1206116 kB
MemTotal:        1844596 kB
MemFree:          165072 kB
MemAvailable:    1446688 kB
Buffers:           98028 kB
Cached:          1206116 kB
MemTotal:        1844596 kB
MemFree:          163932 kB
MemAvailable:    1445556 kB
Buffers:           98028 kB
Cached:          1206124 kB
MemTotal:        1844596 kB
MemFree:          163668 kB
MemAvailable:    1445296 kB
Buffers:           98028 kB
Cached:          1206128 kB
MemTotal:        1844596 kB
MemFree:          163312 kB
MemAvailable:    1444940 kB
Buffers:           98028 kB
Cached:          1206128 kB
MemTotal:        1844596 kB
MemFree:          163296 kB
MemAvailable:    1444924 kB
Buffers:           98028 kB
Cached:          1206128 kB
MemTotal:        1844596 kB
MemFree:          161948 kB
MemAvailable:    1443576 kB
Buffers:           98028 kB
Cached:          1206128 kB
MemTotal:        1844596 kB
MemFree:          160080 kB
MemAvailable:    1441708 kB
Buffers:           98028 kB
Cached:          1206128 kB
MemTotal:        1844596 kB
MemFree:          157236 kB
MemAvailable:    1438864 kB
Buffers:           98028 kB
Cached:          1206128 kB
MemTotal:        1844596 kB
MemFree:          154624 kB
MemAvailable:    1436252 kB
Buffers:           98028 kB
Cached:          1206128 kB
MemTotal:        1844596 kB
MemFree:          154624 kB
MemAvailable:    1436252 kB
Buffers:           98028 kB
Cached:          1206128 kB
MemTotal:        1844596 kB
MemFree:          149548 kB
MemAvailable:    1431176 kB
Buffers:           98028 kB
Cached:          1206128 kB
MemTotal:        1844596 kB
MemFree:          146696 kB
MemAvailable:    1428324 kB
Buffers:           98028 kB
Cached:          1206128 kB
MemTotal:        1844596 kB
MemFree:          146696 kB
MemAvailable:    1428324 kB
Buffers:           98028 kB
Cached:          1206128 kB
MemTotal:        1844596 kB
MemFree:          145456 kB
MemAvailable:    1427084 kB
Buffers:           98028 kB
Cached:          1206128 kB
MemTotal:        1844596 kB
MemFree:          146592 kB
MemAvailable:    1428220 kB
Buffers:           98028 kB
Cached:          1206128 kB
MemTotal:        1844596 kB
MemFree:          145028 kB
MemAvailable:    1426656 kB
Buffers:           98028 kB
Cached:          1206128 kB
MemTotal:        1844596 kB
MemFree:          145284 kB
MemAvailable:    1426912 kB
Buffers:           98028 kB
Cached:          1206128 kB
MemTotal:        1844596 kB
MemFree:          144904 kB
MemAvailable:    1426532 kB
Buffers:           98028 kB
Cached:          1206128 kB
MemTotal:        1844596 kB
MemFree:          146144 kB
MemAvailable:    1427772 kB
Buffers:           98028 kB
Cached:          1206128 kB
MemTotal:        1844596 kB
MemFree:          146400 kB
MemAvailable:    1428028 kB
Buffers:           98028 kB
Cached:          1206128 kB
MemTotal:        1844596 kB
MemFree:          146012 kB
MemAvailable:    1427640 kB
Buffers:           98028 kB
Cached:          1206128 kB
MemTotal:        1844596 kB
MemFree:          146348 kB
MemAvailable:    1427976 kB
Buffers:           98028 kB
Cached:          1206128 kB
MemTotal:        1844596 kB
MemFree:          144932 kB
MemAvailable:    1426560 kB
Buffers:           98028 kB
Cached:          1206128 kB
MemTotal:        1844596 kB
MemFree:          146180 kB
MemAvailable:    1427808 kB
Buffers:           98028 kB
Cached:          1206128 kB
MemTotal:        1844596 kB
MemFree:          145564 kB
MemAvailable:    1427192 kB
Buffers:           98028 kB
Cached:          1206128 kB
MemTotal:        1844596 kB
MemFree:          144968 kB
MemAvailable:    1426596 kB
Buffers:           98028 kB
Cached:          1206128 kB
MemTotal:        1844596 kB
MemFree:          145316 kB
MemAvailable:    1426944 kB
Buffers:           98028 kB
Cached:          1206128 kB
MemTotal:        1844596 kB
MemFree:          145568 kB
MemAvailable:    1427196 kB
Buffers:           98028 kB
Cached:          1206128 kB
MemTotal:        1844596 kB
MemFree:          145332 kB
MemAvailable:    1426960 kB
Buffers:           98028 kB
Cached:          1206128 kB
MemTotal:        1844596 kB
MemFree:          144216 kB
MemAvailable:    1425844 kB
Buffers:           98028 kB
Cached:          1206128 kB
MemTotal:        1844596 kB
MemFree:          145220 kB
MemAvailable:    1426848 kB
Buffers:           98028 kB
Cached:          1206128 kB
MemTotal:        1844596 kB
MemFree:          144172 kB
MemAvailable:    1425800 kB
Buffers:           98028 kB
Cached:          1206128 kB
MemTotal:        1844596 kB
MemFree:          145236 kB
MemAvailable:    1426864 kB
Buffers:           98028 kB
Cached:          1206128 kB
MemTotal:        1844596 kB
MemFree:          145456 kB
MemAvailable:    1427084 kB
Buffers:           98028 kB
Cached:          1206128 kB
MemTotal:        1844596 kB
MemFree:          144036 kB
MemAvailable:    1425664 kB
Buffers:           98028 kB
Cached:          1206128 kB
MemTotal:        1844596 kB
MemFree:          145212 kB
MemAvailable:    1426840 kB
Buffers:           98028 kB
Cached:          1206128 kB
MemTotal:        1844596 kB
MemFree:          145304 kB
MemAvailable:    1426932 kB
Buffers:           98028 kB
Cached:          1206128 kB
MemTotal:        1844596 kB
MemFree:          144960 kB
MemAvailable:    1426588 kB
Buffers:           98028 kB
Cached:          1206128 kB
MemTotal:        1844596 kB
MemFree:          145396 kB
MemAvailable:    1427024 kB
Buffers:           98028 kB
Cached:          1206128 kB
MemTotal:        1844596 kB
MemFree:          145564 kB
MemAvailable:    1427192 kB
Buffers:           98028 kB
Cached:          1206128 kB
MemTotal:        1844596 kB
MemFree:          145336 kB
MemAvailable:    1426964 kB
Buffers:           98028 kB
Cached:          1206128 kB
MemTotal:        1844596 kB
MemFree:          145464 kB
MemAvailable:    1427092 kB
Buffers:           98028 kB
Cached:          1206128 kB
MemTotal:        1844596 kB
MemFree:          145208 kB
MemAvailable:    1426836 kB
Buffers:           98028 kB
Cached:          1206128 kB
MemTotal:        1844596 kB
MemFree:          145400 kB
MemAvailable:    1427028 kB
Buffers:           98028 kB
Cached:          1206128 kB
MemTotal:        1844596 kB
MemFree:          144072 kB
MemAvailable:    1425700 kB
Buffers:           98028 kB
Cached:          1206128 kB
MemTotal:        1844596 kB
MemFree:          143596 kB
MemAvailable:    1425224 kB
Buffers:           98028 kB
Cached:          1206128 kB
MemTotal:        1844596 kB
MemFree:          139364 kB
MemAvailable:    1420992 kB
Buffers:           98028 kB
Cached:          1206128 kB
MemTotal:        1844596 kB
MemFree:          139364 kB
MemAvailable:    1420992 kB
Buffers:           98028 kB
Cached:          1206128 kB
MemTotal:        1844596 kB
MemFree:          133924 kB
MemAvailable:    1415552 kB
Buffers:           98028 kB
Cached:          1206128 kB
MemTotal:        1844596 kB
MemFree:          130428 kB
MemAvailable:    1412056 kB
Buffers:           98028 kB
Cached:          1206128 kB
MemTotal:        1844596 kB
MemFree:          130640 kB
MemAvailable:    1412268 kB
Buffers:           98028 kB
Cached:          1206128 kB
MemTotal:        1844596 kB
MemFree:          127048 kB
MemAvailable:    1408676 kB
Buffers:           98028 kB
Cached:          1206128 kB
MemTotal:        1844596 kB
MemFree:          127048 kB
MemAvailable:    1408676 kB
Buffers:           98028 kB
Cached:          1206128 kB
MemTotal:        1844596 kB
MemFree:          127084 kB
MemAvailable:    1408712 kB
Buffers:           98028 kB
Cached:          1206128 kB
MemTotal:        1844596 kB
MemFree:          127112 kB
MemAvailable:    1408740 kB
Buffers:           98028 kB
Cached:          1206128 kB
MemTotal:        1844596 kB
MemFree:          126916 kB
MemAvailable:    1408544 kB
Buffers:           98028 kB
Cached:          1206128 kB
MemTotal:        1844596 kB
MemFree:          127252 kB
MemAvailable:    1408880 kB
Buffers:           98028 kB
Cached:          1206128 kB
MemTotal:        1844596 kB
MemFree:          127260 kB
MemAvailable:    1408888 kB
Buffers:           98028 kB
Cached:          1206128 kB
MemTotal:        1844596 kB
MemFree:          126964 kB
MemAvailable:    1408592 kB
Buffers:           98028 kB
Cached:          1206128 kB
MemTotal:        1844596 kB
MemFree:          126980 kB
MemAvailable:    1408608 kB
Buffers:           98028 kB
Cached:          1206128 kB
MemTotal:        1844596 kB
MemFree:          127076 kB
MemAvailable:    1408704 kB
Buffers:           98028 kB
Cached:          1206128 kB
MemTotal:        1844596 kB
MemFree:          127328 kB
MemAvailable:    1408956 kB
Buffers:           98028 kB
Cached:          1206128 kB
MemTotal:        1844596 kB
MemFree:          125968 kB
MemAvailable:    1407596 kB
Buffers:           98028 kB
Cached:          1206128 kB
MemTotal:        1844596 kB
MemFree:          125968 kB
MemAvailable:    1407596 kB
Buffers:           98028 kB
Cached:          1206128 kB
MemTotal:        1844596 kB
MemFree:          127072 kB
MemAvailable:    1408700 kB
Buffers:           98028 kB
Cached:          1206128 kB
MemTotal:        1844596 kB
MemFree:          127328 kB
MemAvailable:    1408956 kB
Buffers:           98028 kB
Cached:          1206128 kB
MemTotal:        1844596 kB
MemFree:          125784 kB
MemAvailable:    1407412 kB
Buffers:           98028 kB
Cached:          1206128 kB
MemTotal:        1844596 kB
MemFree:          125916 kB
MemAvailable:    1407544 kB
Buffers:           98028 kB
Cached:          1206128 kB
MemTotal:        1844596 kB
MemFree:          125916 kB
MemAvailable:    1407544 kB
Buffers:           98028 kB
Cached:          1206128 kB
MemTotal:        1844596 kB
MemFree:          125916 kB
MemAvailable:    1407544 kB
Buffers:           98028 kB
Cached:          1206128 kB
MemTotal:        1844596 kB
MemFree:          127084 kB
MemAvailable:    1408712 kB
Buffers:           98028 kB
Cached:          1206128 kB
MemTotal:        1844596 kB
MemFree:          125952 kB
MemAvailable:    1407580 kB
Buffers:           98028 kB
Cached:          1206128 kB
MemTotal:        1844596 kB
MemFree:          127104 kB
MemAvailable:    1408732 kB
Buffers:           98028 kB
Cached:          1206128 kB
MemTotal:        1844596 kB
MemFree:          125684 kB
MemAvailable:    1407312 kB
Buffers:           98028 kB
Cached:          1206128 kB
MemTotal:        1844596 kB
MemFree:          127096 kB
MemAvailable:    1408724 kB
Buffers:           98028 kB
Cached:          1206128 kB
MemTotal:        1844596 kB
MemFree:          127096 kB
MemAvailable:    1408724 kB
Buffers:           98028 kB
Cached:          1206128 kB
MemTotal:        1844596 kB
MemFree:          127040 kB
MemAvailable:    1408668 kB
Buffers:           98028 kB
Cached:          1206128 kB
MemTotal:        1844596 kB
MemFree:          126064 kB
MemAvailable:    1407692 kB
Buffers:           98028 kB
Cached:          1206128 kB
MemTotal:        1844596 kB
MemFree:          125948 kB
MemAvailable:    1407584 kB
Buffers:           98028 kB
Cached:          1206136 kB
MemTotal:        1844596 kB
MemFree:          126960 kB
MemAvailable:    1408596 kB
Buffers:           98028 kB
Cached:          1206136 kB
MemTotal:        1844596 kB
MemFree:          127296 kB
MemAvailable:    1408932 kB
Buffers:           98028 kB
Cached:          1206136 kB
MemTotal:        1844596 kB
MemFree:          125812 kB
MemAvailable:    1407448 kB
Buffers:           98028 kB
Cached:          1206136 kB
MemTotal:        1844596 kB
MemFree:          127148 kB
MemAvailable:    1408784 kB
Buffers:           98028 kB
Cached:          1206136 kB
MemTotal:        1844596 kB
MemFree:          127320 kB
MemAvailable:    1408956 kB
Buffers:           98028 kB
Cached:          1206136 kB
MemTotal:        1844596 kB
MemFree:          125824 kB
MemAvailable:    1407460 kB
Buffers:           98028 kB
Cached:          1206136 kB
MemTotal:        1844596 kB
MemFree:          125484 kB
MemAvailable:    1407120 kB
Buffers:           98028 kB
Cached:          1206136 kB
MemTotal:        1844596 kB
MemFree:          125252 kB
MemAvailable:    1406888 kB
Buffers:           98028 kB
Cached:          1206136 kB
MemTotal:        1844596 kB
MemFree:          120664 kB
MemAvailable:    1402300 kB
Buffers:           98028 kB
Cached:          1206136 kB
MemTotal:        1844596 kB
MemFree:          117688 kB
MemAvailable:    1399324 kB
Buffers:           98028 kB
Cached:          1206136 kB
MemTotal:        1844596 kB
MemFree:          112100 kB
MemAvailable:    1393736 kB
Buffers:           98028 kB
Cached:          1206136 kB
MemTotal:        1844596 kB
MemFree:          111984 kB
MemAvailable:    1393620 kB
Buffers:           98028 kB
Cached:          1206136 kB
MemTotal:        1844596 kB
MemFree:          109928 kB
MemAvailable:    1391564 kB
Buffers:           98028 kB
Cached:          1206136 kB
MemTotal:        1844596 kB
MemFree:          108876 kB
MemAvailable:    1390512 kB
Buffers:           98028 kB
Cached:          1206136 kB
MemTotal:        1844596 kB
MemFree:          109240 kB
MemAvailable:    1390876 kB
Buffers:           98028 kB
Cached:          1206136 kB
MemTotal:        1844596 kB
MemFree:          108944 kB
MemAvailable:    1390580 kB
Buffers:           98028 kB
Cached:          1206136 kB
MemTotal:        1844596 kB
MemFree:          107596 kB
MemAvailable:    1389232 kB
Buffers:           98028 kB
Cached:          1206136 kB
MemTotal:        1844596 kB
MemFree:          108748 kB
MemAvailable:    1390384 kB
Buffers:           98028 kB
Cached:          1206136 kB
MemTotal:        1844596 kB
MemFree:          107768 kB
MemAvailable:    1389404 kB
Buffers:           98028 kB
Cached:          1206136 kB
MemTotal:        1844596 kB
MemFree:          108496 kB
MemAvailable:    1390136 kB
Buffers:           98028 kB
Cached:          1206140 kB
MemTotal:        1844596 kB
MemFree:          108060 kB
MemAvailable:    1389700 kB
Buffers:           98028 kB
Cached:          1206140 kB
MemTotal:        1844596 kB
MemFree:          108672 kB
MemAvailable:    1390312 kB
Buffers:           98028 kB
Cached:          1206140 kB
MemTotal:        1844596 kB
MemFree:          107396 kB
MemAvailable:    1389036 kB
Buffers:           98028 kB
Cached:          1206140 kB
MemTotal:        1844596 kB
MemFree:          108072 kB
MemAvailable:    1389712 kB
Buffers:           98028 kB
Cached:          1206140 kB
MemTotal:        1844596 kB
MemFree:          108016 kB
MemAvailable:    1389656 kB
Buffers:           98028 kB
Cached:          1206140 kB
MemTotal:        1844596 kB
MemFree:          106844 kB
MemAvailable:    1388484 kB
Buffers:           98028 kB
Cached:          1206140 kB
MemTotal:        1844596 kB
MemFree:          107636 kB
MemAvailable:    1389276 kB
Buffers:           98028 kB
Cached:          1206140 kB
MemTotal:        1844596 kB
MemFree:          107388 kB
MemAvailable:    1389028 kB
Buffers:           98028 kB
Cached:          1206140 kB
MemTotal:        1844596 kB
MemFree:          107264 kB
MemAvailable:    1388904 kB
Buffers:           98028 kB
Cached:          1206140 kB
MemTotal:        1844596 kB
MemFree:          105776 kB
MemAvailable:    1387416 kB
Buffers:           98028 kB
Cached:          1206140 kB
MemTotal:        1844596 kB
MemFree:          106024 kB
MemAvailable:    1387664 kB
Buffers:           98028 kB
Cached:          1206140 kB
MemTotal:        1844596 kB
MemFree:          105792 kB
MemAvailable:    1387432 kB
Buffers:           98028 kB
Cached:          1206140 kB
MemTotal:        1844596 kB
MemFree:          105652 kB
MemAvailable:    1387292 kB
Buffers:           98028 kB
Cached:          1206140 kB
MemTotal:        1844596 kB
MemFree:          104172 kB
MemAvailable:    1385812 kB
Buffers:           98028 kB
Cached:          1206140 kB
MemTotal:        1844596 kB
MemFree:          103180 kB
MemAvailable:    1384820 kB
Buffers:           98028 kB
Cached:          1206140 kB
MemTotal:        1844596 kB
MemFree:          102800 kB
MemAvailable:    1384440 kB
Buffers:           98028 kB
Cached:          1206140 kB
MemTotal:        1844596 kB
MemFree:          102884 kB
MemAvailable:    1384524 kB
Buffers:           98028 kB
Cached:          1206140 kB
MemTotal:        1844596 kB
MemFree:          102552 kB
MemAvailable:    1384192 kB
Buffers:           98028 kB
Cached:          1206140 kB
MemTotal:        1844596 kB
MemFree:          102600 kB
MemAvailable:    1384240 kB
Buffers:           98028 kB
Cached:          1206140 kB
MemTotal:        1844596 kB
MemFree:          102536 kB
MemAvailable:    1384176 kB
Buffers:           98028 kB
Cached:          1206140 kB
MemTotal:        1844596 kB
MemFree:          102196 kB
MemAvailable:    1383836 kB
Buffers:           98028 kB
Cached:          1206140 kB
MemTotal:        1844596 kB
MemFree:          102552 kB
MemAvailable:    1384192 kB
Buffers:           98028 kB
Cached:          1206140 kB
MemTotal:        1844596 kB
MemFree:          102804 kB
MemAvailable:    1384444 kB
Buffers:           98028 kB
Cached:          1206140 kB
MemTotal:        1844596 kB
MemFree:          101188 kB
MemAvailable:    1382828 kB
Buffers:           98028 kB
Cached:          1206140 kB
MemTotal:        1844596 kB
MemFree:          101180 kB
MemAvailable:    1382820 kB
Buffers:           98028 kB
Cached:          1206140 kB
MemTotal:        1844596 kB
MemFree:          101432 kB
MemAvailable:    1383072 kB
Buffers:           98028 kB
Cached:          1206140 kB
MemTotal:        1844596 kB
MemFree:          100924 kB
MemAvailable:    1382564 kB
Buffers:           98028 kB
Cached:          1206140 kB
MemTotal:        1844596 kB
MemFree:          101260 kB
MemAvailable:    1382900 kB
Buffers:           98028 kB
Cached:          1206140 kB
MemTotal:        1844596 kB
MemFree:           99692 kB
MemAvailable:    1381332 kB
Buffers:           98028 kB
Cached:          1206140 kB
MemTotal:        1844596 kB
MemFree:          101016 kB
MemAvailable:    1382656 kB
Buffers:           98028 kB
Cached:          1206140 kB
MemTotal:        1844596 kB
MemFree:          101000 kB
MemAvailable:    1382640 kB
Buffers:           98028 kB
Cached:          1206140 kB
MemTotal:        1844596 kB
MemFree:          100788 kB
MemAvailable:    1382428 kB
Buffers:           98028 kB
Cached:          1206140 kB
MemTotal:        1844596 kB
MemFree:          101124 kB
MemAvailable:    1382764 kB
Buffers:           98028 kB
Cached:          1206140 kB
MemTotal:        1844596 kB
MemFree:          100796 kB
MemAvailable:    1382436 kB
Buffers:           98028 kB
Cached:          1206140 kB
MemTotal:        1844596 kB
MemFree:           99540 kB
MemAvailable:    1381180 kB
Buffers:           98028 kB
Cached:          1206140 kB
MemTotal:        1844596 kB
MemFree:          100996 kB
MemAvailable:    1382636 kB
Buffers:           98028 kB
Cached:          1206140 kB
MemTotal:        1844596 kB
MemFree:          100860 kB
MemAvailable:    1382500 kB
Buffers:           98028 kB
Cached:          1206140 kB
MemTotal:        1844596 kB
MemFree:          100328 kB
MemAvailable:    1381968 kB
Buffers:           98028 kB
Cached:          1206140 kB
MemTotal:        1844596 kB
MemFree:          100988 kB
MemAvailable:    1382628 kB
Buffers:           98028 kB
Cached:          1206140 kB
MemTotal:        1844596 kB
MemFree:           99648 kB
MemAvailable:    1381288 kB
Buffers:           98028 kB
Cached:          1206140 kB
MemTotal:        1844596 kB
MemFree:           99896 kB
MemAvailable:    1381536 kB
Buffers:           98028 kB
Cached:          1206140 kB
MemTotal:        1844596 kB
MemFree:           99648 kB
MemAvailable:    1381288 kB
Buffers:           98028 kB
Cached:          1206140 kB
MemTotal:        1844596 kB
MemFree:           99772 kB
MemAvailable:    1381412 kB
Buffers:           98028 kB
Cached:          1206140 kB
MemTotal:        1844596 kB
MemFree:           99648 kB
MemAvailable:    1381288 kB
Buffers:           98028 kB
Cached:          1206140 kB
MemTotal:        1844596 kB
MemFree:          100880 kB
MemAvailable:    1382520 kB
Buffers:           98028 kB
Cached:          1206140 kB
MemTotal:        1844596 kB
MemFree:          101132 kB
MemAvailable:    1382772 kB
Buffers:           98028 kB
Cached:          1206140 kB
MemTotal:        1844596 kB
MemFree:          100900 kB
MemAvailable:    1382540 kB
Buffers:           98028 kB
Cached:          1206140 kB
MemTotal:        1844596 kB
MemFree:          100872 kB
MemAvailable:    1382512 kB
Buffers:           98028 kB
Cached:          1206140 kB
MemTotal:        1844596 kB
MemFree:           99940 kB
MemAvailable:    1381580 kB
Buffers:           98028 kB
Cached:          1206140 kB
MemTotal:        1844596 kB
MemFree:          100900 kB
MemAvailable:    1382540 kB
Buffers:           98028 kB
Cached:          1206140 kB
MemTotal:        1844596 kB
MemFree:           99780 kB
MemAvailable:    1381420 kB
Buffers:           98028 kB
Cached:          1206140 kB
MemTotal:        1844596 kB
MemFree:           99772 kB
MemAvailable:    1381412 kB
Buffers:           98028 kB
Cached:          1206140 kB
MemTotal:        1844596 kB
MemFree:           99648 kB
MemAvailable:    1381288 kB
Buffers:           98028 kB
Cached:          1206140 kB
MemTotal:        1844596 kB
MemFree:           99700 kB
MemAvailable:    1381348 kB
Buffers:           98028 kB
Cached:          1206148 kB
MemTotal:        1844596 kB
MemFree:           99832 kB
MemAvailable:    1381480 kB
Buffers:           98028 kB
Cached:          1206148 kB
MemTotal:        1844596 kB
MemFree:          101148 kB
MemAvailable:    1382796 kB
Buffers:           98028 kB
Cached:          1206148 kB
MemTotal:        1844596 kB
MemFree:          101064 kB
MemAvailable:    1382712 kB
Buffers:           98028 kB
Cached:          1206148 kB
MemTotal:        1844596 kB
MemFree:           99660 kB
MemAvailable:    1381308 kB
Buffers:           98028 kB
Cached:          1206148 kB
MemTotal:        1844596 kB
MemFree:          100768 kB
MemAvailable:    1382416 kB
Buffers:           98028 kB
Cached:          1206148 kB
MemTotal:        1844596 kB
MemFree:           99520 kB
MemAvailable:    1381168 kB
Buffers:           98028 kB
Cached:          1206148 kB
MemTotal:        1844596 kB
MemFree:           99652 kB
MemAvailable:    1381300 kB
Buffers:           98028 kB
Cached:          1206148 kB
MemTotal:        1844596 kB
MemFree:           99644 kB
MemAvailable:    1381292 kB
Buffers:           98028 kB
Cached:          1206148 kB
MemTotal:        1844596 kB
MemFree:          101008 kB
MemAvailable:    1382656 kB
Buffers:           98028 kB
Cached:          1206148 kB
MemTotal:        1844596 kB
MemFree:          100880 kB
MemAvailable:    1382528 kB
Buffers:           98028 kB
Cached:          1206148 kB
MemTotal:        1844596 kB
MemFree:          100584 kB
MemAvailable:    1382232 kB
Buffers:           98028 kB
Cached:          1206148 kB
MemTotal:        1844596 kB
MemFree:           98280 kB
MemAvailable:    1379928 kB
Buffers:           98028 kB
Cached:          1206148 kB
MemTotal:        1844596 kB
MemFree:           95428 kB
MemAvailable:    1377076 kB
Buffers:           98028 kB
Cached:          1206148 kB
MemTotal:        1844596 kB
MemFree:           92516 kB
MemAvailable:    1374164 kB
Buffers:           98028 kB
Cached:          1206148 kB
MemTotal:        1844596 kB
MemFree:           88532 kB
MemAvailable:    1370180 kB
Buffers:           98028 kB
Cached:          1206148 kB
MemTotal:        1844596 kB
MemFree:           88532 kB
MemAvailable:    1370180 kB
Buffers:           98028 kB
Cached:          1206148 kB
MemTotal:        1844596 kB
MemFree:           84516 kB
MemAvailable:    1366164 kB
Buffers:           98028 kB
Cached:          1206148 kB
MemTotal:        1844596 kB
MemFree:           81664 kB
MemAvailable:    1363312 kB
Buffers:           98028 kB
Cached:          1206148 kB
MemTotal:        1844596 kB
MemFree:           80496 kB
MemAvailable:    1362144 kB
Buffers:           98028 kB
Cached:          1206148 kB
MemTotal:        1844596 kB
MemFree:           81480 kB
MemAvailable:    1363128 kB
Buffers:           98028 kB
Cached:          1206148 kB
MemTotal:        1844596 kB
MemFree:           81292 kB
MemAvailable:    1362940 kB
Buffers:           98028 kB
Cached:          1206148 kB
MemTotal:        1844596 kB
MemFree:           81464 kB
MemAvailable:    1363112 kB
Buffers:           98028 kB
Cached:          1206148 kB
MemTotal:        1844596 kB
MemFree:           80232 kB
MemAvailable:    1361880 kB
Buffers:           98028 kB
Cached:          1206148 kB
MemTotal:        1844596 kB
MemFree:           80068 kB
MemAvailable:    1361716 kB
Buffers:           98028 kB
Cached:          1206148 kB
MemTotal:        1844596 kB
MemFree:           81300 kB
MemAvailable:    1362948 kB
Buffers:           98028 kB
Cached:          1206148 kB
MemTotal:        1844596 kB
MemFree:           81472 kB
MemAvailable:    1363120 kB
Buffers:           98028 kB
Cached:          1206148 kB
MemTotal:        1844596 kB
MemFree:           81432 kB
MemAvailable:    1363080 kB
Buffers:           98028 kB
Cached:          1206148 kB
MemTotal:        1844596 kB
MemFree:           81420 kB
MemAvailable:    1363068 kB
Buffers:           98028 kB
Cached:          1206148 kB
MemTotal:        1844596 kB
MemFree:           81420 kB
MemAvailable:    1363068 kB
Buffers:           98028 kB
Cached:          1206148 kB
MemTotal:        1844596 kB
MemFree:           80108 kB
MemAvailable:    1361756 kB
Buffers:           98028 kB
Cached:          1206148 kB
MemTotal:        1844596 kB
MemFree:           80356 kB
MemAvailable:    1362004 kB
Buffers:           98028 kB
Cached:          1206148 kB
MemTotal:        1844596 kB
MemFree:           81340 kB
MemAvailable:    1362988 kB
Buffers:           98028 kB
Cached:          1206148 kB
MemTotal:        1844596 kB
MemFree:           81116 kB
MemAvailable:    1362764 kB
Buffers:           98028 kB
Cached:          1206148 kB
MemTotal:        1844596 kB
MemFree:           81060 kB
MemAvailable:    1362708 kB
Buffers:           98028 kB
Cached:          1206148 kB
MemTotal:        1844596 kB
MemFree:           80104 kB
MemAvailable:    1361752 kB
Buffers:           98028 kB
Cached:          1206148 kB
MemTotal:        1844596 kB
MemFree:           81220 kB
MemAvailable:    1362868 kB
Buffers:           98028 kB
Cached:          1206148 kB
MemTotal:        1844596 kB
MemFree:           80488 kB
MemAvailable:    1362136 kB
Buffers:           98028 kB
Cached:          1206148 kB
MemTotal:        1844596 kB
MemFree:           81532 kB
MemAvailable:    1363180 kB
Buffers:           98028 kB
Cached:          1206148 kB
MemTotal:        1844596 kB
MemFree:           81216 kB
MemAvailable:    1362864 kB
Buffers:           98028 kB
Cached:          1206148 kB
MemTotal:        1844596 kB
MemFree:           81300 kB
MemAvailable:    1362948 kB
Buffers:           98028 kB
Cached:          1206148 kB
MemTotal:        1844596 kB
MemFree:           80920 kB
MemAvailable:    1362568 kB
Buffers:           98028 kB
Cached:          1206148 kB
MemTotal:        1844596 kB
MemFree:           80920 kB
MemAvailable:    1362568 kB
Buffers:           98028 kB
Cached:          1206148 kB
MemTotal:        1844596 kB
MemFree:           79496 kB
MemAvailable:    1361144 kB
Buffers:           98028 kB
Cached:          1206148 kB
MemTotal:        1844596 kB
MemFree:           79612 kB
MemAvailable:    1361260 kB
Buffers:           98028 kB
Cached:          1206148 kB
MemTotal:        1844596 kB
MemFree:           78380 kB
MemAvailable:    1360028 kB
Buffers:           98028 kB
Cached:          1206148 kB
MemTotal:        1844596 kB
MemFree:           70312 kB
MemAvailable:    1351960 kB
Buffers:           98028 kB
Cached:          1206148 kB
MemTotal:        1844596 kB
MemFree:           69832 kB
MemAvailable:    1351480 kB
Buffers:           98028 kB
Cached:          1206148 kB
MemTotal:        1844596 kB
MemFree:           70188 kB
MemAvailable:    1351836 kB
Buffers:           98028 kB
Cached:          1206148 kB
MemTotal:        1844596 kB
MemFree:           71240 kB
MemAvailable:    1352888 kB
Buffers:           98028 kB
Cached:          1206148 kB
MemTotal:        1844596 kB
MemFree:           71192 kB
MemAvailable:    1352840 kB
Buffers:           98028 kB
Cached:          1206148 kB
MemTotal:        1844596 kB
MemFree:           70988 kB
MemAvailable:    1352636 kB
Buffers:           98028 kB
Cached:          1206148 kB
MemTotal:        1844596 kB
MemFree:           71064 kB
MemAvailable:    1352712 kB
Buffers:           98028 kB
Cached:          1206148 kB
MemTotal:        1844596 kB
MemFree:           68328 kB
MemAvailable:    1349976 kB
Buffers:           98028 kB
Cached:          1206148 kB
MemTotal:        1844596 kB
MemFree:           68048 kB
MemAvailable:    1349696 kB
Buffers:           98028 kB
Cached:          1206148 kB
MemTotal:        1844596 kB
MemFree:           68060 kB
MemAvailable:    1349708 kB
Buffers:           98028 kB
Cached:          1206148 kB
MemTotal:        1844596 kB
MemFree:           69124 kB
MemAvailable:    1350772 kB
Buffers:           98028 kB
Cached:          1206148 kB
MemTotal:        1844596 kB
MemFree:           67728 kB
MemAvailable:    1349376 kB
Buffers:           98028 kB
Cached:          1206272 kB
MemTotal:        1844596 kB
MemFree:           68884 kB
MemAvailable:    1350700 kB
Buffers:           98028 kB
Cached:          1206396 kB
MemTotal:        1844596 kB
MemFree:           68604 kB
MemAvailable:    1350588 kB
Buffers:           98028 kB
Cached:          1206520 kB
MemTotal:        1844596 kB
MemFree:           67436 kB
MemAvailable:    1349420 kB
Buffers:           98028 kB
Cached:          1206520 kB
MemTotal:        1844596 kB
MemFree:           68496 kB
MemAvailable:    1350564 kB
Buffers:           98028 kB
Cached:          1206644 kB
MemTotal:        1844596 kB
MemFree:           68132 kB
MemAvailable:    1350284 kB
Buffers:           98028 kB
Cached:          1206768 kB
MemTotal:        1844596 kB
MemFree:           68132 kB
MemAvailable:    1350284 kB
Buffers:           98028 kB
Cached:          1206768 kB
MemTotal:        1844596 kB
MemFree:           68028 kB
MemAvailable:    1350264 kB
Buffers:           98028 kB
Cached:          1206768 kB
MemTotal:        1844596 kB
MemFree:           68108 kB
MemAvailable:    1350344 kB
Buffers:           98028 kB
Cached:          1206768 kB
MemTotal:        1844596 kB
MemFree:           67980 kB
MemAvailable:    1350216 kB
Buffers:           98028 kB
Cached:          1206768 kB
MemTotal:        1844596 kB
MemFree:           68244 kB
MemAvailable:    1350480 kB
Buffers:           98028 kB
Cached:          1206768 kB
MemTotal:        1844596 kB
MemFree:           67012 kB
MemAvailable:    1349248 kB
Buffers:           98028 kB
Cached:          1206768 kB
MemTotal:        1844596 kB
MemFree:           68052 kB
MemAvailable:    1350288 kB
Buffers:           98028 kB
Cached:          1206768 kB
MemTotal:        1844596 kB
MemFree:           68300 kB
MemAvailable:    1350536 kB
Buffers:           98028 kB
Cached:          1206768 kB
MemTotal:        1844596 kB
MemFree:           68944 kB
MemAvailable:    1350676 kB
Buffers:           98028 kB
Cached:          1206136 kB
MemTotal:        1844596 kB
MemFree:           69124 kB
MemAvailable:    1350856 kB
Buffers:           98028 kB
Cached:          1206136 kB
MemTotal:        1844596 kB
MemFree:           68804 kB
MemAvailable:    1350536 kB
Buffers:           98028 kB
Cached:          1206136 kB
MemTotal:        1844596 kB
MemFree:          223784 kB
MemAvailable:    1505516 kB
Buffers:           98028 kB
Cached:          1206136 kB
MemTotal:        1844596 kB
MemFree:          250020 kB
MemAvailable:    1531772 kB
Buffers:           98028 kB
Cached:          1206200 kB
