MemTotal:        1844596 kB
MemFree:          261116 kB
MemAvailable:    1545388 kB
Buffers:          106492 kB
Cached:          1190412 kB
MemTotal:        1844596 kB
MemFree:          232756 kB
MemAvailable:    1517036 kB
Buffers:          106492 kB
Cached:          1190416 kB
MemTotal:        1844596 kB
MemFree:          232996 kB
MemAvailable:    1517276 kB
Buffers:          106492 kB
Cached:          1190416 kB
MemTotal:        1844596 kB
MemFree:          232144 kB
MemAvailable:    1516424 kB
Buffers:          106492 kB
Cached:          1190416 kB
MemTotal:        1844596 kB
MemFree:          231392 kB
MemAvailable:    1515672 kB
Buffers:          106492 kB
Cached:          1190416 kB
MemTotal:        1844596 kB
MemFree:          229408 kB
MemAvailable:    1513688 kB
Buffers:          106492 kB
Cached:          1190416 kB
MemTotal:        1844596 kB
MemFree:          228292 kB
MemAvailable:    1512572 kB
Buffers:          106492 kB
Cached:          1190416 kB
MemTotal:        1844596 kB
MemFree:          225556 kB
MemAvailable:    1509836 kB
Buffers:          106492 kB
Cached:          1190416 kB
MemTotal:        1844596 kB
MemFree:          225068 kB
MemAvailable:    1509348 kB
Buffers:          106492 kB
Cached:          1190416 kB
MemTotal:        1844596 kB
MemFree:          219612 kB
MemAvailable:    1503892 kB
Buffers:          106492 kB
Cached:          1190416 kB
MemTotal:        1844596 kB
MemFree:          220228 kB
MemAvailable:    1504508 kB
Buffers:          106492 kB
Cached:          1190416 kB
MemTotal:        1844596 kB
MemFree:          221492 kB
MemAvailable:    1505772 kB
Buffers:          106492 kB
Cached:          1190416 kB
MemTotal:        1844596 kB
MemFree:          220976 kB
MemAvailable:    1505132 kB
Buffers:          106492 kB
Cached:          1190416 kB
MemTotal:        1844596 kB
MemFree:          221444 kB
MemAvailable:    1505724 kB
Buffers:          106492 kB
Cached:          1190416 kB
MemTotal:        1844596 kB
MemFree:          221696 kB
MemAvailable:    1505976 kB
Buffers:          106492 kB
Cached:          1190416 kB
MemTotal:        1844596 kB
MemFree:          221380 kB
MemAvailable:    1505660 kB
Buffers:          106492 kB
Cached:          1190416 kB
MemTotal:        1844596 kB
MemFree:          220364 kB
MemAvailable:    1504644 kB
Buffers:          106492 kB
Cached:          1190416 kB
MemTotal:        1844596 kB
MemFree:          220788 kB
MemAvailable:    1505068 kB
Buffers:          106492 kB
Cached:          1190416 kB
MemTotal:        1844596 kB
MemFree:          221124 kB
MemAvailable:    1505404 kB
Buffers:          106492 kB
Cached:          1190416 kB
MemTotal:        1844596 kB
MemFree:          219764 kB
MemAvailable:    1504044 kB
Buffers:          106492 kB
Cached:          1190416 kB
MemTotal:        1844596 kB
MemFree:          219880 kB
MemAvailable:    1504160 kB
Buffers:          106492 kB
Cached:          1190416 kB
MemTotal:        1844596 kB
MemFree:          220508 kB
MemAvailable:    1504788 kB
Buffers:          106492 kB
Cached:          1190416 kB
MemTotal:        1844596 kB
MemFree:          220700 kB
MemAvailable:    1504980 kB
Buffers:          106492 kB
Cached:          1190416 kB
MemTotal:        1844596 kB
MemFree:          219452 kB
MemAvailable:    1503732 kB
Buffers:          106492 kB
Cached:          1190416 kB
MemTotal:        1844596 kB
MemFree:          219144 kB
MemAvailable:    1503424 kB
Buffers:          106492 kB
Cached:          1190416 kB
MemTotal:        1844596 kB
MemFree:          220260 kB
MemAvailable:    1504540 kB
Buffers:          106492 kB
Cached:          1190416 kB
MemTotal:        1844596 kB
MemFree:          218772 kB
MemAvailable:    1503052 kB
Buffers:          106492 kB
Cached:          1190416 kB
MemTotal:        1844596 kB
MemFree:          218392 kB
MemAvailable:    1502672 kB
Buffers:          106492 kB
Cached:          1190416 kB
MemTotal:        1844596 kB
MemFree:          217904 kB
MemAvailable:    1502184 kB
Buffers:          106492 kB
Cached:          1190416 kB
MemTotal:        1844596 kB
MemFree:          218948 kB
MemAvailable:    1503228 kB
Buffers:          106492 kB
Cached:          1190416 kB
MemTotal:        1844596 kB
MemFree:          217540 kB
MemAvailable:    1501820 kB
Buffers:          106492 kB
Cached:          1190416 kB
MemTotal:        1844596 kB
MemFree:          218344 kB
MemAvailable:    1502624 kB
Buffers:          106492 kB
Cached:          1190416 kB
MemTotal:        1844596 kB
MemFree:          218596 kB
MemAvailable:    1502876 kB
Buffers:          106492 kB
Cached:          1190416 kB
MemTotal:        1844596 kB
MemFree:          218512 kB
MemAvailable:    1502792 kB
Buffers:          106492 kB
Cached:          1190416 kB
MemTotal:        1844596 kB
MemFree:          218400 kB
MemAvailable:    1502680 kB
Buffers:          106492 kB
Cached:          1190416 kB
MemTotal:        1844596 kB
MemFree:          217260 kB
MemAvailable:    1501540 kB
Buffers:          106492 kB
Cached:          1190416 kB
MemTotal:        1844596 kB
MemFree:          218544 kB
MemAvailable:    1502824 kB
Buffers:          106492 kB
Cached:          1190416 kB
MemTotal:        1844596 kB
MemFree:          217904 kB
MemAvailable:    1502184 kB
Buffers:          106492 kB
Cached:          1190416 kB
MemTotal:        1844596 kB
MemFree:          218440 kB
MemAvailable:    1502720 kB
Buffers:          106492 kB
Cached:          1190416 kB
MemTotal:        1844596 kB
MemFree:          216416 kB
MemAvailable:    1500696 kB
Buffers:          106492 kB
Cached:          1190416 kB
MemTotal:        1844596 kB
MemFree:          212944 kB
MemAvailable:    1497224 kB
Buffers:          106492 kB
Cached:          1190416 kB
MemTotal:        1844596 kB
MemFree:          212324 kB
MemAvailable:    1496604 kB
Buffers:          106492 kB
Cached:          1190416 kB
MemTotal:        1844596 kB
MemFree:          212324 kB
MemAvailable:    1496604 kB
Buffers:          106492 kB
Cached:          1190416 kB
MemTotal:        1844596 kB
MemFree:          213176 kB
MemAvailable:    1497456 kB
Buffers:          106492 kB
Cached:          1190416 kB
MemTotal:        1844596 kB
MemFree:          212944 kB
MemAvailable:    1497224 kB
Buffers:          106492 kB
Cached:          1190416 kB
MemTotal:        1844596 kB
MemFree:          213012 kB
MemAvailable:    1497292 kB
Buffers:          106492 kB
Cached:          1190416 kB
MemTotal:        1844596 kB
MemFree:          212816 kB
MemAvailable:    1497096 kB
Buffers:          106492 kB
Cached:          1190416 kB
MemTotal:        1844596 kB
MemFree:          211960 kB
MemAvailable:    1496240 kB
Buffers:          106492 kB
Cached:          1190416 kB
MemTotal:        1844596 kB
MemFree:          212680 kB
MemAvailable:    1496960 kB
Buffers:          106492 kB
Cached:          1190416 kB
MemTotal:        1844596 kB
MemFree:          212764 kB
MemAvailable:    1497044 kB
Buffers:          106492 kB
Cached:          1190416 kB
MemTotal:        1844596 kB
MemFree:          211444 kB
MemAvailable:    1495724 kB
Buffers:          106492 kB
Cached:          1190416 kB
MemTotal:        1844596 kB
MemFree:          212636 kB
MemAvailable:    1496916 kB
Buffers:          106492 kB
Cached:          1190416 kB
MemTotal:        1844596 kB
MemFree:          212492 kB
MemAvailable:    1496772 kB
Buffers:          106492 kB
Cached:          1190416 kB
MemTotal:        1844596 kB
MemFree:          212744 kB
MemAvailable:    1497024 kB
Buffers:          106492 kB
Cached:          1190416 kB
MemTotal:        1844596 kB
MemFree:          211444 kB
MemAvailable:    1495724 kB
Buffers:          106492 kB
Cached:          1190416 kB
MemTotal:        1844596 kB
MemFree:          211564 kB
MemAvailable:    1495844 kB
Buffers:          106492 kB
Cached:          1190416 kB
MemTotal:        1844596 kB
MemFree:          210836 kB
MemAvailable:    1495116 kB
Buffers:          106492 kB
Cached:          1190416 kB
MemTotal:        1844596 kB
MemFree:          206868 kB
MemAvailable:    1491148 kB
Buffers:          106492 kB
Cached:          1190416 kB
MemTotal:        1844596 kB
MemFree:          205884 kB
MemAvailable:    1490164 kB
Buffers:          106492 kB
Cached:          1190416 kB
MemTotal:        1844596 kB
MemFree:          206628 kB
MemAvailable:    1490912 kB
Buffers:          106492 kB
Cached:          1190420 kB
MemTotal:        1844596 kB
MemFree:          205628 kB
MemAvailable:    1489912 kB
Buffers:          106492 kB
Cached:          1190420 kB
MemTotal:        1844596 kB
MemFree:          204892 kB
MemAvailable:    1489176 kB
Buffers:          106492 kB
Cached:          1190420 kB
MemTotal:        1844596 kB
MemFree:          204760 kB
MemAvailable:    1489044 kB
Buffers:          106492 kB
Cached:          1190420 kB
MemTotal:        1844596 kB
MemFree:          203280 kB
MemAvailable:    1487564 kB
Buffers:          106492 kB
Cached:          1190420 kB
MemTotal:        1844596 kB
MemFree:          204084 kB
MemAvailable:    1488372 kB
Buffers:          106492 kB
Cached:          1190424 kB
MemTotal:        1844596 kB
MemFree:          204044 kB
MemAvailable:    1488332 kB
Buffers:          106492 kB
Cached:          1190424 kB
MemTotal:        1844596 kB
MemFree:          203544 kB
MemAvailable:    1487832 kB
Buffers:          106492 kB
Cached:          1190424 kB
MemTotal:        1844596 kB
MemFree:          204092 kB
MemAvailable:    1488380 kB
Buffers:          106492 kB
Cached:          1190424 kB
MemTotal:        1844596 kB
MemFree:          203960 kB
MemAvailable:    1488248 kB
Buffers:          106492 kB
Cached:          1190424 kB
MemTotal:        1844596 kB
MemFree:          202528 kB
MemAvailable:    1486816 kB
Buffers:          106492 kB
Cached:          1190424 kB
MemTotal:        1844596 kB
MemFree:          203828 kB
MemAvailable:    1488116 kB
Buffers:          106492 kB
Cached:          1190424 kB
MemTotal:        1844596 kB
MemFree:          203948 kB
MemAvailable:    1488236 kB
Buffers:          106492 kB
Cached:          1190424 kB
MemTotal:        1844596 kB
MemFree:          203884 kB
MemAvailable:    1488172 kB
Buffers:          106492 kB
Cached:          1190424 kB
MemTotal:        1844596 kB
MemFree:          203164 kB
MemAvailable:    1487452 kB
Buffers:          106492 kB
Cached:          1190424 kB
MemTotal:        1844596 kB
MemFree:          202424 kB
MemAvailable:    1486712 kB
Buffers:          106492 kB
Cached:          1190424 kB
MemTotal:        1844596 kB
MemFree:          204100 kB
MemAvailable:    1488388 kB
Buffers:          106492 kB
Cached:          1190424 kB
MemTotal:        1844596 kB
MemFree:          203988 kB
MemAvailable:    1488276 kB
Buffers:          106492 kB
Cached:          1190424 kB
MemTotal:        1844596 kB
MemFree:          203676 kB
MemAvailable:    1487964 kB
Buffers:          106492 kB
Cached:          1190424 kB
MemTotal:        1844596 kB
MemFree:          202616 kB
MemAvailable:    1486904 kB
Buffers:          106492 kB
Cached:          1190424 kB
MemTotal:        1844596 kB
MemFree:          202236 kB
MemAvailable:    1486524 kB
Buffers:          106492 kB
Cached:          1190424 kB
MemTotal:        1844596 kB
MemFree:          202360 kB
MemAvailable:    1486648 kB
Buffers:          106492 kB
Cached:          1190424 kB
MemTotal:        1844596 kB
MemFree:          203668 kB
MemAvailable:    1487956 kB
Buffers:          106492 kB
Cached:          1190424 kB
MemTotal:        1844596 kB
MemFree:          202548 kB
MemAvailable:    1486836 kB
Buffers:          106492 kB
Cached:          1190424 kB
MemTotal:        1844596 kB
MemFree:          201172 kB
MemAvailable:    1485460 kB
Buffers:          106492 kB
Cached:          1190424 kB
MemTotal:        1844596 kB
MemFree:          201260 kB
MemAvailable:    1485548 kB
Buffers:          106492 kB
Cached:          1190424 kB
MemTotal:        1844596 kB
MemFree:          196096 kB
MemAvailable:    1480384 kB
Buffers:          106492 kB
Cached:          1190424 kB
MemTotal:        1844596 kB
MemFree:          195864 kB
MemAvailable:    1480152 kB
Buffers:          106492 kB
Cached:          1190424 kB
MemTotal:        1844596 kB
MemFree:          195476 kB
MemAvailable:    1479764 kB
Buffers:          106492 kB
Cached:          1190424 kB
MemTotal:        1844596 kB
MemFree:          194748 kB
MemAvailable:    1479036 kB
Buffers:          106492 kB
Cached:          1190424 kB
MemTotal:        1844596 kB
MemFree:          193864 kB
MemAvailable:    1478152 kB
Buffers:          106492 kB
Cached:          1190424 kB
MemTotal:        1844596 kB
MemFree:          195288 kB
MemAvailable:    1479576 kB
Buffers:          106492 kB
Cached:          1190424 kB
MemTotal:        1844596 kB
MemFree:          195288 kB
MemAvailable:    1479576 kB
Buffers:          106492 kB
Cached:          1190424 kB
MemTotal:        1844596 kB
MemFree:          193996 kB
MemAvailable:    1478284 kB
Buffers:          106492 kB
Cached:          1190424 kB
MemTotal:        1844596 kB
MemFree:          194120 kB
MemAvailable:    1478412 kB
Buffers:          106492 kB
Cached:          1190428 kB
MemTotal:        1844596 kB
MemFree:          193996 kB
MemAvailable:    1478288 kB
Buffers:          106492 kB
Cached:          1190428 kB
MemTotal:        1844596 kB
MemFree:          195164 kB
MemAvailable:    1479456 kB
Buffers:          106492 kB
Cached:          1190428 kB
MemTotal:        1844596 kB
MemFree:          195040 kB
MemAvailable:    1479332 kB
Buffers:          106492 kB
Cached:          1190428 kB
MemTotal:        1844596 kB
MemFree:          194836 kB
MemAvailable:    1479128 kB
Buffers:          106492 kB
Cached:          1190428 kB
MemTotal:        1844596 kB
MemFree:          195088 kB
MemAvailable:    1479380 kB
Buffers:          106492 kB
Cached:          1190428 kB
MemTotal:        1844596 kB
MemFree:          193608 kB
MemAvailable:    1477900 kB
Buffers:          106492 kB
Cached:          1190428 kB
MemTotal:        1844596 kB
MemFree:          193692 kB
MemAvailable:    1477984 kB
Buffers:          106492 kB
Cached:          1190428 kB
MemTotal:        1844596 kB
MemFree:          194796 kB
MemAvailable:    1479088 kB
Buffers:          106492 kB
Cached:          1190428 kB
MemTotal:        1844596 kB
MemFree:          195048 kB
MemAvailable:    1479340 kB
Buffers:          106492 kB
Cached:          1190428 kB
MemTotal:        1844596 kB
MemFree:          193444 kB
MemAvailable:    1477736 kB
Buffers:          106492 kB
Cached:          1190428 kB
MemTotal:        1844596 kB
MemFree:          193732 kB
MemAvailable:    1478024 kB
Buffers:          106492 kB
Cached:          1190428 kB
MemTotal:        1844596 kB
MemFree:          193488 kB
MemAvailable:    1477780 kB
Buffers:          106492 kB
Cached:          1190428 kB
MemTotal:        1844596 kB
MemFree:          193500 kB
MemAvailable:    1477792 kB
Buffers:          106492 kB
Cached:          1190428 kB
MemTotal:        1844596 kB
MemFree:          194808 kB
MemAvailable:    1479100 kB
Buffers:          106492 kB
Cached:          1190428 kB
MemTotal:        1844596 kB
MemFree:          194892 kB
MemAvailable:    1479184 kB
Buffers:          106492 kB
Cached:          1190428 kB
MemTotal:        1844596 kB
MemFree:          194692 kB
MemAvailable:    1478984 kB
Buffers:          106492 kB
Cached:          1190428 kB
MemTotal:        1844596 kB
MemFree:          194948 kB
MemAvailable:    1479240 kB
Buffers:          106492 kB
Cached:          1190428 kB
MemTotal:        1844596 kB
MemFree:          194768 kB
MemAvailable:    1479060 kB
Buffers:          106492 kB
Cached:          1190428 kB
MemTotal:        1844596 kB
MemFree:          194940 kB
MemAvailable:    1479232 kB
Buffers:          106492 kB
Cached:          1190428 kB
MemTotal:        1844596 kB
MemFree:          194736 kB
MemAvailable:    1479028 kB
Buffers:          106492 kB
Cached:          1190428 kB
MemTotal:        1844596 kB
MemFree:          194744 kB
MemAvailable:    1479036 kB
Buffers:          106492 kB
Cached:          1190428 kB
MemTotal:        1844596 kB
MemFree:          193692 kB
MemAvailable:    1477984 kB
Buffers:          106492 kB
Cached:          1190428 kB
MemTotal:        1844596 kB
MemFree:          193676 kB
MemAvailable:    1477968 kB
Buffers:          106492 kB
Cached:          1190428 kB
MemTotal:        1844596 kB
MemFree:          193432 kB
MemAvailable:    1477724 kB
Buffers:          106492 kB
Cached:          1190428 kB
MemTotal:        1844596 kB
MemFree:          193600 kB
MemAvailable:    1477892 kB
Buffers:          106492 kB
Cached:          1190428 kB
MemTotal:        1844596 kB
MemFree:          194864 kB
MemAvailable:    1479156 kB
Buffers:          106492 kB
Cached:          1190428 kB
MemTotal:        1844596 kB
MemFree:          193748 kB
MemAvailable:    1478040 kB
Buffers:          106492 kB
Cached:          1190428 kB
MemTotal:        1844596 kB
MemFree:          193872 kB
MemAvailable:    1478164 kB
Buffers:          106492 kB
Cached:          1190428 kB
MemTotal:        1844596 kB
MemFree:          192004 kB
MemAvailable:    1476296 kB
Buffers:          106492 kB
Cached:          1190428 kB
MemTotal:        1844596 kB
MemFree:          187912 kB
MemAvailable:    1472204 kB
Buffers:          106492 kB
Cached:          1190428 kB
MemTotal:        1844596 kB
MemFree:          187556 kB
MemAvailable:    1471848 kB
Buffers:          106492 kB
Cached:          1190428 kB
MemTotal:        1844596 kB
MemFree:          184376 kB
MemAvailable:    1468668 kB
Buffers:          106492 kB
Cached:          1190428 kB
MemTotal:        1844596 kB
MemFree:          183208 kB
MemAvailable:    1467500 kB
Buffers:          106492 kB
Cached:          1190428 kB
MemTotal:        1844596 kB
MemFree:          183076 kB
MemAvailable:    1467368 kB
Buffers:          106492 kB
Cached:          1190428 kB
MemTotal:        1844596 kB
MemFree:          184060 kB
MemAvailable:    1468352 kB
Buffers:          106492 kB
Cached:          1190428 kB
MemTotal:        1844596 kB
MemFree:          184060 kB
MemAvailable:    1468352 kB
Buffers:          106492 kB
Cached:          1190428 kB
MemTotal:        1844596 kB
MemFree:          183996 kB
MemAvailable:    1468288 kB
Buffers:          106492 kB
Cached:          1190428 kB
MemTotal:        1844596 kB
MemFree:          184128 kB
MemAvailable:    1468420 kB
Buffers:          106492 kB
Cached:          1190428 kB
MemTotal:        1844596 kB
MemFree:          184124 kB
MemAvailable:    1468416 kB
Buffers:          106492 kB
Cached:          1190428 kB
MemTotal:        1844596 kB
MemFree:          184044 kB
MemAvailable:    1468336 kB
Buffers:          106492 kB
Cached:          1190428 kB
MemTotal:        1844596 kB
MemFree:          184128 kB
MemAvailable:    1468420 kB
Buffers:          106492 kB
Cached:          1190428 kB
MemTotal:        1844596 kB
MemFree:          182656 kB
MemAvailable:    1466948 kB
Buffers:          106492 kB
Cached:          1190428 kB
MemTotal:        1844596 kB
MemFree:          184116 kB
MemAvailable:    1468408 kB
Buffers:          106492 kB
Cached:          1190428 kB
MemTotal:        1844596 kB
MemFree:          182816 kB
MemAvailable:    1467108 kB
Buffers:          106492 kB
Cached:          1190428 kB
MemTotal:        1844596 kB
MemFree:          184116 kB
MemAvailable:    1468408 kB
Buffers:          106492 kB
Cached:          1190428 kB
MemTotal:        1844596 kB
MemFree:          183912 kB
MemAvailable:    1468204 kB
Buffers:          106492 kB
Cached:          1190428 kB
MemTotal:        1844596 kB
MemFree:          184076 kB
MemAvailable:    1468368 kB
Buffers:          106492 kB
Cached:          1190428 kB
MemTotal:        1844596 kB
MemFree:          182824 kB
MemAvailable:    1467116 kB
Buffers:          106492 kB
Cached:          1190428 kB
MemTotal:        1844596 kB
MemFree:          184016 kB
MemAvailable:    1468308 kB
Buffers:          106492 kB
Cached:          1190428 kB
MemTotal:        1844596 kB
MemFree:          184184 kB
MemAvailable:    1468476 kB
Buffers:          106492 kB
Cached:          1190428 kB
MemTotal:        1844596 kB
MemFree:          183956 kB
MemAvailable:    1468248 kB
Buffers:          106492 kB
Cached:          1190428 kB
MemTotal:        1844596 kB
MemFree:          184084 kB
MemAvailable:    1468376 kB
Buffers:          106492 kB
Cached:          1190428 kB
MemTotal:        1844596 kB
MemFree:          183208 kB
MemAvailable:    1467500 kB
Buffers:          106492 kB
Cached:          1190428 kB
MemTotal:        1844596 kB
MemFree:          184696 kB
MemAvailable:    1468992 kB
Buffers:          106492 kB
Cached:          1190432 kB
MemTotal:        1844596 kB
MemFree:          184508 kB
MemAvailable:    1468804 kB
Buffers:          106492 kB
Cached:          1190432 kB
MemTotal:        1844596 kB
MemFree:          184184 kB
MemAvailable:    1468480 kB
Buffers:          106492 kB
Cached:          1190432 kB
MemTotal:        1844596 kB
MemFree:          183704 kB
MemAvailable:    1468000 kB
Buffers:          106492 kB
Cached:          1190432 kB
MemTotal:        1844596 kB
MemFree:          184064 kB
MemAvailable:    1468360 kB
Buffers:          106492 kB
Cached:          1190432 kB
MemTotal:        1844596 kB
MemFree:          184076 kB
MemAvailable:    1468372 kB
Buffers:          106492 kB
Cached:          1190432 kB
MemTotal:        1844596 kB
MemFree:          183208 kB
MemAvailable:    1467504 kB
Buffers:          106492 kB
Cached:          1190432 kB
MemTotal:        1844596 kB
MemFree:          183856 kB
MemAvailable:    1468156 kB
Buffers:          106492 kB
Cached:          1190436 kB
MemTotal:        1844596 kB
MemFree:          183952 kB
MemAvailable:    1468252 kB
Buffers:          106492 kB
Cached:          1190436 kB
MemTotal:        1844596 kB
MemFree:          183896 kB
MemAvailable:    1468196 kB
Buffers:          106492 kB
Cached:          1190436 kB
MemTotal:        1844596 kB
MemFree:          182824 kB
MemAvailable:    1467124 kB
Buffers:          106492 kB
Cached:          1190436 kB
MemTotal:        1844596 kB
MemFree:          183952 kB
MemAvailable:    1468252 kB
Buffers:          106492 kB
Cached:          1190436 kB
MemTotal:        1844596 kB
MemFree:          184136 kB
MemAvailable:    1468436 kB
Buffers:          106492 kB
Cached:          1190436 kB
MemTotal:        1844596 kB
MemFree:          183332 kB
MemAvailable:    1467632 kB
Buffers:          106492 kB
Cached:          1190436 kB
MemTotal:        1844596 kB
MemFree:          183940 kB
MemAvailable:    1468240 kB
Buffers:          106492 kB
Cached:          1190436 kB
MemTotal:        1844596 kB
MemFree:          182572 kB
MemAvailable:    1466872 kB
Buffers:          106492 kB
Cached:          1190436 kB
MemTotal:        1844596 kB
MemFree:          184028 kB
MemAvailable:    1468328 kB
Buffers:          106492 kB
Cached:          1190436 kB
MemTotal:        1844596 kB
MemFree:          183832 kB
MemAvailable:    1468132 kB
Buffers:          106492 kB
Cached:          1190436 kB
MemTotal:        1844596 kB
MemFree:          182828 kB
MemAvailable:    1467128 kB
Buffers:          106492 kB
Cached:          1190436 kB
MemTotal:        1844596 kB
MemFree:          183208 kB
MemAvailable:    1467508 kB
Buffers:          106492 kB
Cached:          1190436 kB
MemTotal:        1844596 kB
MemFree:          183908 kB
MemAvailable:    1468208 kB
Buffers:          106492 kB
Cached:          1190436 kB
MemTotal:        1844596 kB
MemFree:          184164 kB
MemAvailable:    1468464 kB
Buffers:          106492 kB
Cached:          1190436 kB
MemTotal:        1844596 kB
MemFree:          183948 kB
MemAvailable:    1468248 kB
Buffers:          106492 kB
Cached:          1190436 kB
MemTotal:        1844596 kB
MemFree:          184284 kB
MemAvailable:    1468584 kB
Buffers:          106492 kB
Cached:          1190436 kB
MemTotal:        1844596 kB
MemFree:          183768 kB
MemAvailable:    1468068 kB
Buffers:          106492 kB
Cached:          1190436 kB
MemTotal:        1844596 kB
MemFree:          184104 kB
MemAvailable:    1468404 kB
Buffers:          106492 kB
Cached:          1190436 kB
MemTotal:        1844596 kB
MemFree:          183636 kB
MemAvailable:    1467936 kB
Buffers:          106492 kB
Cached:          1190436 kB
MemTotal:        1844596 kB
MemFree:          183636 kB
MemAvailable:    1467936 kB
Buffers:          106492 kB
Cached:          1190436 kB
MemTotal:        1844596 kB
MemFree:          183528 kB
MemAvailable:    1467828 kB
Buffers:          106492 kB
Cached:          1190436 kB
MemTotal:        1844596 kB
MemFree:          183148 kB
MemAvailable:    1467448 kB
Buffers:          106492 kB
Cached:          1190436 kB
MemTotal:        1844596 kB
MemFree:          182104 kB
MemAvailable:    1466404 kB
Buffers:          106492 kB
Cached:          1190436 kB
MemTotal:        1844596 kB
MemFree:          182960 kB
MemAvailable:    1467260 kB
Buffers:          106492 kB
Cached:          1190436 kB
MemTotal:        1844596 kB
MemFree:          181552 kB
MemAvailable:    1465852 kB
Buffers:          106492 kB
Cached:          1190436 kB
MemTotal:        1844596 kB
MemFree:          182776 kB
MemAvailable:    1467076 kB
Buffers:          106492 kB
Cached:          1190436 kB
MemTotal:        1844596 kB
MemFree:          182776 kB
MemAvailable:    1467076 kB
Buffers:          106492 kB
Cached:          1190436 kB
MemTotal:        1844596 kB
MemFree:          181452 kB
MemAvailable:    1465752 kB
Buffers:          106492 kB
Cached:          1190436 kB
MemTotal:        1844596 kB
MemFree:          182668 kB
MemAvailable:    1466968 kB
Buffers:          106492 kB
Cached:          1190436 kB
MemTotal:        1844596 kB
MemFree:          182668 kB
MemAvailable:    1466968 kB
Buffers:          106492 kB
Cached:          1190436 kB
MemTotal:        1844596 kB
MemFree:          182644 kB
MemAvailable:    1466944 kB
Buffers:          106492 kB
Cached:          1190436 kB
MemTotal:        1844596 kB
MemFree:          182604 kB
MemAvailable:    1466904 kB
Buffers:          106492 kB
Cached:          1190436 kB
MemTotal:        1844596 kB
MemFree:          182372 kB
MemAvailable:    1466672 kB
Buffers:          106492 kB
Cached:          1190436 kB
MemTotal:        1844596 kB
MemFree:          181340 kB
MemAvailable:    1465640 kB
Buffers:          106492 kB
Cached:          1190436 kB
MemTotal:        1844596 kB
MemFree:          181332 kB
MemAvailable:    1465632 kB
Buffers:          106492 kB
Cached:          1190436 kB
MemTotal:        1844596 kB
MemFree:          182384 kB
MemAvailable:    1466684 kB
Buffers:          106492 kB
Cached:          1190436 kB
MemTotal:        1844596 kB
MemFree:          181208 kB
MemAvailable:    1465508 kB
Buffers:          106492 kB
Cached:          1190436 kB
MemTotal:        1844596 kB
MemFree:          181208 kB
MemAvailable:    1465508 kB
Buffers:          106492 kB
Cached:          1190436 kB
MemTotal:        1844596 kB
MemFree:          181456 kB
MemAvailable:    1465756 kB
Buffers:          106492 kB
Cached:          1190436 kB
MemTotal:        1844596 kB
MemFree:          181332 kB
MemAvailable:    1465632 kB
Buffers:          106492 kB
Cached:          1190436 kB
MemTotal:        1844596 kB
MemFree:          182484 kB
MemAvailable:    1466784 kB
Buffers:          106492 kB
Cached:          1190436 kB
MemTotal:        1844596 kB
MemFree:          181096 kB
MemAvailable:    1465396 kB
Buffers:          106492 kB
Cached:          1190436 kB
MemTotal:        1844596 kB
MemFree:          181092 kB
MemAvailable:    1465392 kB
Buffers:          106492 kB
Cached:          1190436 kB
MemTotal:        1844596 kB
MemFree:          181092 kB
MemAvailable:    1465392 kB
Buffers:          106492 kB
Cached:          1190436 kB
MemTotal:        1844596 kB
MemFree:          181340 kB
MemAvailable:    1465640 kB
Buffers:          106492 kB
Cached:          1190436 kB
MemTotal:        1844596 kB
MemFree:          178848 kB
MemAvailable:    1463148 kB
Buffers:          106492 kB
Cached:          1190436 kB
MemTotal:        1844596 kB
MemFree:          178128 kB
MemAvailable:    1462428 kB
Buffers:          106492 kB
Cached:          1190436 kB
MemTotal:        1844596 kB
MemFree:          174532 kB
MemAvailable:    1458832 kB
Buffers:          106492 kB
Cached:          1190436 kB
MemTotal:        1844596 kB
MemFree:          170564 kB
MemAvailable:    1454864 kB
Buffers:          106492 kB
Cached:          1190436 kB
MemTotal:        1844596 kB
MemFree:          171548 kB
MemAvailable:    1455848 kB
Buffers:          106492 kB
Cached:          1190436 kB
MemTotal:        1844596 kB
MemFree:          170920 kB
MemAvailable:    1455220 kB
Buffers:          106492 kB
Cached:          1190436 kB
MemTotal:        1844596 kB
MemFree:          171004 kB
MemAvailable:    1455304 kB
Buffers:          106492 kB
Cached:          1190436 kB
MemTotal:        1844596 kB
MemFree:          169516 kB
MemAvailable:    1453816 kB
Buffers:          106492 kB
Cached:          1190436 kB
MemTotal:        1844596 kB
MemFree:          170624 kB
MemAvailable:    1454924 kB
Buffers:          106492 kB
Cached:          1190436 kB
MemTotal:        1844596 kB
MemFree:          170624 kB
MemAvailable:    1454924 kB
Buffers:          106492 kB
Cached:          1190436 kB
MemTotal:        1844596 kB
MemFree:          168944 kB
MemAvailable:    1453244 kB
Buffers:          106492 kB
Cached:          1190436 kB
MemTotal:        1844596 kB
MemFree:          170304 kB
MemAvailable:    1454604 kB
Buffers:          106492 kB
Cached:          1190436 kB
MemTotal:        1844596 kB
MemFree:          168564 kB
MemAvailable:    1452864 kB
Buffers:          106492 kB
Cached:          1190436 kB
MemTotal:        1844596 kB
MemFree:          168648 kB
MemAvailable:    1452948 kB
Buffers:          106492 kB
Cached:          1190436 kB
MemTotal:        1844596 kB
MemFree:          166596 kB
MemAvailable:    1450896 kB
Buffers:          106492 kB
Cached:          1190436 kB
MemTotal:        1844596 kB
MemFree:          167516 kB
MemAvailable:    1451816 kB
Buffers:          106492 kB
Cached:          1190436 kB
MemTotal:        1844596 kB
MemFree:          166348 kB
MemAvailable:    1450648 kB
Buffers:          106492 kB
Cached:          1190436 kB
MemTotal:        1844596 kB
MemFree:          167156 kB
MemAvailable:    1451456 kB
Buffers:          106492 kB
Cached:          1190436 kB
MemTotal:        1844596 kB
MemFree:          167156 kB
MemAvailable:    1451456 kB
Buffers:          106492 kB
Cached:          1190436 kB
MemTotal:        1844596 kB
MemFree:          167220 kB
MemAvailable:    1451520 kB
Buffers:          106492 kB
Cached:          1190436 kB
MemTotal:        1844596 kB
MemFree:          167072 kB
MemAvailable:    1451372 kB
Buffers:          106492 kB
Cached:          1190436 kB
MemTotal:        1844596 kB
MemFree:          167328 kB
MemAvailable:    1451628 kB
Buffers:          106492 kB
Cached:          1190436 kB
MemTotal:        1844596 kB
MemFree:          167324 kB
MemAvailable:    1451624 kB
Buffers:          106492 kB
Cached:          1190436 kB
MemTotal:        1844596 kB
MemFree:          167012 kB
MemAvailable:    1451312 kB
Buffers:          106492 kB
Cached:          1190436 kB
MemTotal:        1844596 kB
MemFree:          167180 kB
MemAvailable:    1451480 kB
Buffers:          106492 kB
Cached:          1190436 kB
MemTotal:        1844596 kB
MemFree:          165920 kB
MemAvailable:    1450220 kB
Buffers:          106492 kB
Cached:          1190436 kB
MemTotal:        1844596 kB
MemFree:          167160 kB
MemAvailable:    1451460 kB
Buffers:          106492 kB
Cached:          1190436 kB
MemTotal:        1844596 kB
MemFree:          167340 kB
MemAvailable:    1451640 kB
Buffers:          106492 kB
Cached:          1190436 kB
MemTotal:        1844596 kB
MemFree:          166580 kB
MemAvailable:    1450880 kB
Buffers:          106492 kB
Cached:          1190436 kB
MemTotal:        1844596 kB
MemFree:          166580 kB
MemAvailable:    1450880 kB
Buffers:          106492 kB
Cached:          1190436 kB
MemTotal:        1844596 kB
MemFree:          164968 kB
MemAvailable:    1449268 kB
Buffers:          106492 kB
Cached:          1190436 kB
MemTotal:        1844596 kB
MemFree:          165540 kB
MemAvailable:    1449840 kB
Buffers:          106492 kB
Cached:          1190436 kB
MemTotal:        1844596 kB
MemFree:          165216 kB
MemAvailable:    1449516 kB
Buffers:          106492 kB
Cached:          1190436 kB
MemTotal:        1844596 kB
MemFree:          165300 kB
MemAvailable:    1449600 kB
Buffers:          106492 kB
Cached:          1190436 kB
MemTotal:        1844596 kB
MemFree:          165104 kB
MemAvailable:    1449404 kB
Buffers:          106492 kB
Cached:          1190436 kB
MemTotal:        1844596 kB
MemFree:          163992 kB
MemAvailable:    1448292 kB
Buffers:          106492 kB
Cached:          1190436 kB
MemTotal:        1844596 kB
MemFree:          164596 kB
MemAvailable:    1448896 kB
Buffers:          106492 kB
Cached:          1190436 kB
MemTotal:        1844596 kB
MemFree:          164680 kB
MemAvailable:    1448980 kB
Buffers:          106492 kB
Cached:          1190436 kB
MemTotal:        1844596 kB
MemFree:          163860 kB
MemAvailable:    1448160 kB
Buffers:          106492 kB
Cached:          1190436 kB
MemTotal:        1844596 kB
MemFree:          163860 kB
MemAvailable:    1448160 kB
Buffers:          106492 kB
Cached:          1190436 kB
MemTotal:        1844596 kB
MemFree:          163356 kB
MemAvailable:    1447656 kB
Buffers:          106492 kB
Cached:          1190436 kB
MemTotal:        1844596 kB
MemFree:          163124 kB
MemAvailable:    1447424 kB
Buffers:          106492 kB
Cached:          1190436 kB
MemTotal:        1844596 kB
MemFree:          163084 kB
MemAvailable:    1447388 kB
Buffers:          106492 kB
Cached:          1190440 kB
MemTotal:        1844596 kB
MemFree:          162256 kB
MemAvailable:    1446560 kB
Buffers:          106492 kB
Cached:          1190440 kB
MemTotal:        1844596 kB
MemFree:          163068 kB
MemAvailable:    1447380 kB
Buffers:          106492 kB
Cached:          1190448 kB
MemTotal:        1844596 kB
MemFree:          162628 kB
MemAvailable:    1446940 kB
Buffers:          106492 kB
Cached:          1190448 kB
MemTotal:        1844596 kB
MemFree:          163004 kB
MemAvailable:    1447316 kB
Buffers:          106492 kB
Cached:          1190448 kB
MemTotal:        1844596 kB
MemFree:          161952 kB
MemAvailable:    1446264 kB
Buffers:          106492 kB
Cached:          1190448 kB
MemTotal:        1844596 kB
MemFree:          161864 kB
MemAvailable:    1446176 kB
Buffers:          106492 kB
Cached:          1190448 kB
MemTotal:        1844596 kB
MemFree:          163056 kB
MemAvailable:    1447368 kB
Buffers:          106492 kB
Cached:          1190448 kB
MemTotal:        1844596 kB
MemFree:          163056 kB
MemAvailable:    1447368 kB
Buffers:          106492 kB
Cached:          1190448 kB
MemTotal:        1844596 kB
MemFree:          163076 kB
MemAvailable:    1447388 kB
Buffers:          106492 kB
Cached:          1190448 kB
MemTotal:        1844596 kB
MemFree:          161828 kB
MemAvailable:    1446140 kB
Buffers:          106492 kB
Cached:          1190448 kB
MemTotal:        1844596 kB
MemFree:          163004 kB
MemAvailable:    1447316 kB
Buffers:          106492 kB
Cached:          1190448 kB
MemTotal:        1844596 kB
MemFree:          161572 kB
MemAvailable:    1445884 kB
Buffers:          106492 kB
Cached:          1190448 kB
MemTotal:        1844596 kB
MemFree:          162872 kB
MemAvailable:    1447184 kB
Buffers:          106492 kB
Cached:          1190448 kB
MemTotal:        1844596 kB
MemFree:          162792 kB
MemAvailable:    1447104 kB
Buffers:          106492 kB
Cached:          1190448 kB
MemTotal:        1844596 kB
MemFree:          163044 kB
MemAvailable:    1447356 kB
Buffers:          106492 kB
Cached:          1190448 kB
MemTotal:        1844596 kB
MemFree:          161580 kB
MemAvailable:    1445892 kB
Buffers:          106492 kB
Cached:          1190448 kB
MemTotal:        1844596 kB
MemFree:          162848 kB
MemAvailable:    1447160 kB
Buffers:          106492 kB
Cached:          1190448 kB
MemTotal:        1844596 kB
MemFree:          162848 kB
MemAvailable:    1447160 kB
Buffers:          106492 kB
Cached:          1190448 kB
MemTotal:        1844596 kB
MemFree:          162988 kB
MemAvailable:    1447300 kB
Buffers:          106492 kB
Cached:          1190448 kB
MemTotal:        1844596 kB
MemFree:          161616 kB
MemAvailable:    1445928 kB
Buffers:          106492 kB
Cached:          1190448 kB
MemTotal:        1844596 kB
MemFree:          161616 kB
MemAvailable:    1445928 kB
Buffers:          106492 kB
Cached:          1190448 kB
MemTotal:        1844596 kB
MemFree:          161988 kB
MemAvailable:    1446300 kB
Buffers:          106492 kB
Cached:          1190448 kB
MemTotal:        1844596 kB
MemFree:          162724 kB
MemAvailable:    1447036 kB
Buffers:          106492 kB
Cached:          1190448 kB
MemTotal:        1844596 kB
MemFree:          161948 kB
MemAvailable:    1446260 kB
Buffers:          106492 kB
Cached:          1190448 kB
MemTotal:        1844596 kB
MemFree:          161752 kB
MemAvailable:    1446064 kB
Buffers:          106492 kB
Cached:          1190448 kB
MemTotal:        1844596 kB
MemFree:          161752 kB
MemAvailable:    1446064 kB
Buffers:          106492 kB
Cached:          1190448 kB
MemTotal:        1844596 kB
MemFree:          161368 kB
MemAvailable:    1445680 kB
Buffers:          106492 kB
Cached:          1190448 kB
MemTotal:        1844596 kB
MemFree:          160252 kB
MemAvailable:    1444564 kB
Buffers:          106492 kB
Cached:          1190448 kB
MemTotal:        1844596 kB
MemFree:          160128 kB
MemAvailable:    1444440 kB
Buffers:          106492 kB
Cached:          1190448 kB
MemTotal:        1844596 kB
MemFree:          160396 kB
MemAvailable:    1444708 kB
Buffers:          106492 kB
Cached:          1190448 kB
MemTotal:        1844596 kB
MemFree:          157776 kB
MemAvailable:    1442088 kB
Buffers:          106492 kB
Cached:          1190448 kB
MemTotal:        1844596 kB
MemFree:          157864 kB
MemAvailable:    1442176 kB
Buffers:          106492 kB
Cached:          1190448 kB
MemTotal:        1844596 kB
MemFree:          152280 kB
MemAvailable:    1436592 kB
Buffers:          106492 kB
Cached:          1190448 kB
MemTotal:        1844596 kB
MemFree:          152212 kB
MemAvailable:    1436524 kB
Buffers:          106492 kB
Cached:          1190448 kB
MemTotal:        1844596 kB
MemFree:          147748 kB
MemAvailable:    1432060 kB
Buffers:          106492 kB
Cached:          1190448 kB
MemTotal:        1844596 kB
MemFree:          144508 kB
MemAvailable:    1428820 kB
Buffers:          106492 kB
Cached:          1190448 kB
MemTotal:        1844596 kB
MemFree:          144592 kB
MemAvailable:    1428904 kB
Buffers:          106492 kB
Cached:          1190448 kB
MemTotal:        1844596 kB
MemFree:          144280 kB
MemAvailable:    1428592 kB
Buffers:          106492 kB
Cached:          1190448 kB
MemTotal:        1844596 kB
MemFree:          144204 kB
MemAvailable:    1428516 kB
Buffers:          106492 kB
Cached:          1190448 kB
MemTotal:        1844596 kB
MemFree:          144540 kB
MemAvailable:    1428852 kB
Buffers:          106492 kB
Cached:          1190448 kB
MemTotal:        1844596 kB
MemFree:          144248 kB
MemAvailable:    1428560 kB
Buffers:          106492 kB
Cached:          1190448 kB
MemTotal:        1844596 kB
MemFree:          144332 kB
MemAvailable:    1428644 kB
Buffers:          106492 kB
Cached:          1190448 kB
MemTotal:        1844596 kB
MemFree:          142880 kB
MemAvailable:    1427192 kB
Buffers:          106492 kB
Cached:          1190448 kB
MemTotal:        1844596 kB
MemFree:          143408 kB
MemAvailable:    1427720 kB
Buffers:          106492 kB
Cached:          1190448 kB
MemTotal:        1844596 kB
MemFree:          144024 kB
MemAvailable:    1428336 kB
Buffers:          106492 kB
Cached:          1190448 kB
MemTotal:        1844596 kB
MemFree:          142856 kB
MemAvailable:    1427168 kB
Buffers:          106492 kB
Cached:          1190448 kB
MemTotal:        1844596 kB
MemFree:          143228 kB
MemAvailable:    1427540 kB
Buffers:          106492 kB
Cached:          1190448 kB
MemTotal:        1844596 kB
MemFree:          144280 kB
MemAvailable:    1428592 kB
Buffers:          106492 kB
Cached:          1190448 kB
MemTotal:        1844596 kB
MemFree:          142912 kB
MemAvailable:    1427224 kB
Buffers:          106492 kB
Cached:          1190448 kB
MemTotal:        1844596 kB
MemFree:          143400 kB
MemAvailable:    1427712 kB
Buffers:          106492 kB
Cached:          1190448 kB
MemTotal:        1844596 kB
MemFree:          142796 kB
MemAvailable:    1427108 kB
Buffers:          106492 kB
Cached:          1190448 kB
MemTotal:        1844596 kB
MemFree:          143408 kB
MemAvailable:    1427720 kB
Buffers:          106492 kB
Cached:          1190448 kB
MemTotal:        1844596 kB
MemFree:          142120 kB
MemAvailable:    1426432 kB
Buffers:          106492 kB
Cached:          1190448 kB
MemTotal:        1844596 kB
MemFree:          143332 kB
MemAvailable:    1427644 kB
Buffers:          106492 kB
Cached:          1190448 kB
MemTotal:        1844596 kB
MemFree:          143152 kB
MemAvailable:    1427464 kB
Buffers:          106492 kB
Cached:          1190448 kB
MemTotal:        1844596 kB
MemFree:          143408 kB
MemAvailable:    1427720 kB
Buffers:          106492 kB
Cached:          1190448 kB
MemTotal:        1844596 kB
MemFree:          143320 kB
MemAvailable:    1427632 kB
Buffers:          106492 kB
Cached:          1190448 kB
MemTotal:        1844596 kB
MemFree:          142120 kB
MemAvailable:    1426432 kB
Buffers:          106492 kB
Cached:          1190448 kB
MemTotal:        1844596 kB
MemFree:          143356 kB
MemAvailable:    1427668 kB
Buffers:          106492 kB
Cached:          1190448 kB
MemTotal:        1844596 kB
MemFree:          142540 kB
MemAvailable:    1426852 kB
Buffers:          106492 kB
Cached:          1190448 kB
MemTotal:        1844596 kB
MemFree:          143276 kB
MemAvailable:    1427588 kB
Buffers:          106492 kB
Cached:          1190448 kB
MemTotal:        1844596 kB
MemFree:          143528 kB
MemAvailable:    1427840 kB
Buffers:          106492 kB
Cached:          1190448 kB
MemTotal:        1844596 kB
MemFree:          143236 kB
MemAvailable:    1427548 kB
Buffers:          106492 kB
Cached:          1190448 kB
MemTotal:        1844596 kB
MemFree:          142280 kB
MemAvailable:    1426592 kB
Buffers:          106492 kB
Cached:          1190448 kB
MemTotal:        1844596 kB
MemFree:          142156 kB
MemAvailable:    1426468 kB
Buffers:          106492 kB
Cached:          1190448 kB
MemTotal:        1844596 kB
MemFree:          143132 kB
MemAvailable:    1427444 kB
Buffers:          106492 kB
Cached:          1190448 kB
MemTotal:        1844596 kB
MemFree:          143468 kB
MemAvailable:    1427780 kB
Buffers:          106492 kB
Cached:          1190448 kB
MemTotal:        1844596 kB
MemFree:          143252 kB
MemAvailable:    1427564 kB
Buffers:          106492 kB
Cached:          1190448 kB
MemTotal:        1844596 kB
MemFree:          143504 kB
MemAvailable:    1427816 kB
Buffers:          106492 kB
Cached:          1190448 kB
MemTotal:        1844596 kB
MemFree:          141548 kB
MemAvailable:    1425860 kB
Buffers:          106492 kB
Cached:          1190448 kB
MemTotal:        1844596 kB
MemFree:          137200 kB
MemAvailable:    1421512 kB
Buffers:          106492 kB
Cached:          1190448 kB
MemTotal:        1844596 kB
MemFree:          134480 kB
MemAvailable:    1418792 kB
Buffers:          106492 kB
Cached:          1190448 kB
MemTotal:        1844596 kB
MemFree:          131936 kB
MemAvailable:    1416248 kB
Buffers:          106492 kB
Cached:          1190448 kB
MemTotal:        1844596 kB
MemFree:          128164 kB
MemAvailable:    1412484 kB
Buffers:          106492 kB
Cached:          1190456 kB
MemTotal:        1844596 kB
MemFree:          125188 kB
MemAvailable:    1409508 kB
Buffers:          106492 kB
Cached:          1190456 kB
MemTotal:        1844596 kB
MemFree:          124196 kB
MemAvailable:    1408516 kB
Buffers:          106492 kB
Cached:          1190456 kB
MemTotal:        1844596 kB
MemFree:          125496 kB
MemAvailable:    1409816 kB
Buffers:          106492 kB
Cached:          1190456 kB
MemTotal:        1844596 kB
MemFree:          125240 kB
MemAvailable:    1409560 kB
Buffers:          106492 kB
Cached:          1190456 kB
MemTotal:        1844596 kB
MemFree:          125360 kB
MemAvailable:    1409680 kB
Buffers:          106492 kB
Cached:          1190456 kB
MemTotal:        1844596 kB
MemFree:          125256 kB
MemAvailable:    1409576 kB
Buffers:          106492 kB
Cached:          1190456 kB
MemTotal:        1844596 kB
MemFree:          123628 kB
MemAvailable:    1407948 kB
Buffers:          106492 kB
Cached:          1190456 kB
MemTotal:        1844596 kB
MemFree:          125060 kB
MemAvailable:    1409380 kB
Buffers:          106492 kB
Cached:          1190456 kB
MemTotal:        1844596 kB
MemFree:          124204 kB
MemAvailable:    1408524 kB
Buffers:          106492 kB
Cached:          1190456 kB
MemTotal:        1844596 kB
MemFree:          125116 kB
MemAvailable:    1409436 kB
Buffers:          106492 kB
Cached:          1190456 kB
MemTotal:        1844596 kB
MemFree:          124328 kB
MemAvailable:    1408648 kB
Buffers:          106492 kB
Cached:          1190456 kB
MemTotal:        1844596 kB
MemFree:          123652 kB
MemAvailable:    1407972 kB
Buffers:          106492 kB
Cached:          1190456 kB
MemTotal:        1844596 kB
MemFree:          125076 kB
MemAvailable:    1409396 kB
Buffers:          106492 kB
Cached:          1190456 kB
MemTotal:        1844596 kB
MemFree:          124312 kB
MemAvailable:    1408632 kB
Buffers:          106492 kB
Cached:          1190456 kB
MemTotal:        1844596 kB
MemFree:          125084 kB
MemAvailable:    1409404 kB
Buffers:          106492 kB
Cached:          1190456 kB
MemTotal:        1844596 kB
MemFree:          124072 kB
MemAvailable:    1408392 kB
Buffers:          106492 kB
Cached:          1190456 kB
MemTotal:        1844596 kB
MemFree:          125184 kB
MemAvailable:    1409504 kB
Buffers:          106492 kB
Cached:          1190456 kB
MemTotal:        1844596 kB
MemFree:          124444 kB
MemAvailable:    1408764 kB
Buffers:          106492 kB
Cached:          1190456 kB
MemTotal:        1844596 kB
MemFree:          125608 kB
MemAvailable:    1409932 kB
Buffers:          106492 kB
Cached:          1190460 kB
MemTotal:        1844596 kB
MemFree:          125552 kB
MemAvailable:    1409876 kB
Buffers:          106492 kB
Cached:          1190460 kB
MemTotal:        1844596 kB
MemFree:          125172 kB
MemAvailable:    1409496 kB
Buffers:          106492 kB
Cached:          1190460 kB
MemTotal:        1844596 kB
MemFree:          124048 kB
MemAvailable:    1408372 kB
Buffers:          106492 kB
Cached:          1190460 kB
MemTotal:        1844596 kB
MemFree:          123800 kB
MemAvailable:    1408124 kB
Buffers:          106492 kB
Cached:          1190460 kB
MemTotal:        1844596 kB
MemFree:          124984 kB
MemAvailable:    1409308 kB
Buffers:          106492 kB
Cached:          1190460 kB
MemTotal:        1844596 kB
MemFree:          124940 kB
MemAvailable:    1409264 kB
Buffers:          106492 kB
Cached:          1190460 kB
MemTotal:        1844596 kB
MemFree:          125112 kB
MemAvailable:    1409436 kB
Buffers:          106492 kB
Cached:          1190460 kB
MemTotal:        1844596 kB
MemFree:          124328 kB
MemAvailable:    1408652 kB
Buffers:          106492 kB
Cached:          1190460 kB
MemTotal:        1844596 kB
MemFree:          124976 kB
MemAvailable:    1409300 kB
Buffers:          106492 kB
Cached:          1190460 kB
MemTotal:        1844596 kB
MemFree:          125072 kB
MemAvailable:    1409396 kB
Buffers:          106492 kB
Cached:          1190460 kB
MemTotal:        1844596 kB
MemFree:          124992 kB
MemAvailable:    1409316 kB
Buffers:          106492 kB
Cached:          1190460 kB
MemTotal:        1844596 kB
MemFree:          123900 kB
MemAvailable:    1408224 kB
Buffers:          106492 kB
Cached:          1190460 kB
MemTotal:        1844596 kB
MemFree:          124920 kB
MemAvailable:    1409244 kB
Buffers:          106492 kB
Cached:          1190460 kB
MemTotal:        1844596 kB
MemFree:          125004 kB
MemAvailable:    1409328 kB
Buffers:          106492 kB
Cached:          1190460 kB
MemTotal:        1844596 kB
MemFree:          123776 kB
MemAvailable:    1408100 kB
Buffers:          106492 kB
Cached:          1190460 kB
MemTotal:        1844596 kB
MemFree:          123892 kB
MemAvailable:    1408216 kB
Buffers:          106492 kB
Cached:          1190460 kB
MemTotal:        1844596 kB
MemFree:          124996 kB
MemAvailable:    1409320 kB
Buffers:          106492 kB
Cached:          1190460 kB
MemTotal:        1844596 kB
MemFree:          125248 kB
MemAvailable:    1409572 kB
Buffers:          106492 kB
Cached:          1190460 kB
MemTotal:        1844596 kB
MemFree:          124060 kB
MemAvailable:    1408384 kB
Buffers:          106492 kB
Cached:          1190460 kB
MemTotal:        1844596 kB
MemFree:          119724 kB
MemAvailable:    1404048 kB
Buffers:          106492 kB
Cached:          1190460 kB
MemTotal:        1844596 kB
MemFree:          118996 kB
MemAvailable:    1403320 kB
Buffers:          106492 kB
Cached:          1190460 kB
MemTotal:        1844596 kB
MemFree:          114824 kB
MemAvailable:    1399148 kB
Buffers:          106492 kB
Cached:          1190460 kB
MemTotal:        1844596 kB
MemFree:          111804 kB
MemAvailable:    1396128 kB
Buffers:          106492 kB
Cached:          1190460 kB
MemTotal:        1844596 kB
MemFree:          108572 kB
MemAvailable:    1392896 kB
Buffers:          106492 kB
Cached:          1190460 kB
MemTotal:        1844596 kB
MemFree:          107812 kB
MemAvailable:    1392136 kB
Buffers:          106492 kB
Cached:          1190460 kB
MemTotal:        1844596 kB
MemFree:          107456 kB
MemAvailable:    1391780 kB
Buffers:          106492 kB
Cached:          1190460 kB
MemTotal:        1844596 kB
MemFree:          106408 kB
MemAvailable:    1390732 kB
Buffers:          106492 kB
Cached:          1190460 kB
MemTotal:        1844596 kB
MemFree:          107068 kB
MemAvailable:    1391392 kB
Buffers:          106492 kB
Cached:          1190460 kB
MemTotal:        1844596 kB
MemFree:          107152 kB
MemAvailable:    1391476 kB
Buffers:          106492 kB
Cached:          1190460 kB
MemTotal:        1844596 kB
MemFree:          106820 kB
MemAvailable:    1391144 kB
Buffers:          106492 kB
Cached:          1190460 kB
MemTotal:        1844596 kB
MemFree:          105408 kB
MemAvailable:    1389732 kB
Buffers:          106492 kB
Cached:          1190460 kB
MemTotal:        1844596 kB
MemFree:          106684 kB
MemAvailable:    1391008 kB
Buffers:          106492 kB
Cached:          1190460 kB
MemTotal:        1844596 kB
MemFree:          105440 kB
MemAvailable:    1389764 kB
Buffers:          106492 kB
Cached:          1190460 kB
MemTotal:        1844596 kB
MemFree:          106332 kB
MemAvailable:    1390656 kB
Buffers:          106492 kB
Cached:          1190460 kB
MemTotal:        1844596 kB
MemFree:          106332 kB
MemAvailable:    1390656 kB
Buffers:          106492 kB
Cached:          1190460 kB
MemTotal:        1844596 kB
MemFree:          106156 kB
MemAvailable:    1390480 kB
Buffers:          106492 kB
Cached:          1190460 kB
MemTotal:        1844596 kB
MemFree:          105728 kB
MemAvailable:    1390052 kB
Buffers:          106492 kB
Cached:          1190460 kB
MemTotal:        1844596 kB
MemFree:          106208 kB
MemAvailable:    1390532 kB
Buffers:          106492 kB
Cached:          1190460 kB
MemTotal:        1844596 kB
MemFree:          106460 kB
MemAvailable:    1390784 kB
Buffers:          106492 kB
Cached:          1190460 kB
MemTotal:        1844596 kB
MemFree:          104852 kB
MemAvailable:    1389176 kB
Buffers:          106492 kB
Cached:          1190460 kB
MemTotal:        1844596 kB
MemFree:          105472 kB
MemAvailable:    1389796 kB
Buffers:          106492 kB
Cached:          1190460 kB
MemTotal:        1844596 kB
MemFree:          103968 kB
MemAvailable:    1388292 kB
Buffers:          106492 kB
Cached:          1190460 kB
MemTotal:        1844596 kB
MemFree:          104604 kB
MemAvailable:    1388928 kB
Buffers:          106492 kB
Cached:          1190460 kB
MemTotal:        1844596 kB
MemFree:          103248 kB
MemAvailable:    1387572 kB
Buffers:          106492 kB
Cached:          1190460 kB
MemTotal:        1844596 kB
MemFree:          103712 kB
MemAvailable:    1388036 kB
Buffers:          106492 kB
Cached:          1190460 kB
MemTotal:        1844596 kB
MemFree:          103712 kB
MemAvailable:    1388036 kB
Buffers:          106492 kB
Cached:          1190460 kB
MemTotal:        1844596 kB
MemFree:          103100 kB
MemAvailable:    1387424 kB
Buffers:          106492 kB
Cached:          1190460 kB
MemTotal:        1844596 kB
MemFree:          103100 kB
MemAvailable:    1387424 kB
Buffers:          106492 kB
Cached:          1190460 kB
MemTotal:        1844596 kB
MemFree:          101256 kB
MemAvailable:    1385580 kB
Buffers:          106492 kB
Cached:          1190460 kB
MemTotal:        1844596 kB
MemFree:          101932 kB
MemAvailable:    1386256 kB
Buffers:          106492 kB
Cached:          1190460 kB
MemTotal:        1844596 kB
MemFree:          101388 kB
MemAvailable:    1385712 kB
Buffers:          106492 kB
Cached:          1190460 kB
MemTotal:        1844596 kB
MemFree:           99520 kB
MemAvailable:    1383844 kB
Buffers:          106492 kB
Cached:          1190460 kB
MemTotal:        1844596 kB
MemFree:          100628 kB
MemAvailable:    1384952 kB
Buffers:          106492 kB
Cached:          1190460 kB
MemTotal:        1844596 kB
MemFree:          100628 kB
MemAvailable:    1384960 kB
Buffers:          106492 kB
Cached:          1190468 kB
MemTotal:        1844596 kB
MemFree:          100636 kB
MemAvailable:    1384968 kB
Buffers:          106492 kB
Cached:          1190468 kB
MemTotal:        1844596 kB
MemFree:          100496 kB
MemAvailable:    1384828 kB
Buffers:          106492 kB
Cached:          1190468 kB
MemTotal:        1844596 kB
MemFree:          100636 kB
MemAvailable:    1384968 kB
Buffers:          106492 kB
Cached:          1190468 kB
MemTotal:        1844596 kB
MemFree:           99384 kB
MemAvailable:    1383716 kB
Buffers:          106492 kB
Cached:          1190468 kB
MemTotal:        1844596 kB
MemFree:           99132 kB
MemAvailable:    1383464 kB
Buffers:          106492 kB
Cached:          1190468 kB
MemTotal:        1844596 kB
MemFree:           99132 kB
MemAvailable:    1383464 kB
Buffers:          106492 kB
Cached:          1190468 kB
MemTotal:        1844596 kB
MemFree:           99028 kB
MemAvailable:    1383360 kB
Buffers:          106492 kB
Cached:          1190468 kB
MemTotal:        1844596 kB
MemFree:           98824 kB
MemAvailable:    1383156 kB
Buffers:          106492 kB
Cached:          1190468 kB
MemTotal:        1844596 kB
MemFree:           99076 kB
MemAvailable:    1383408 kB
Buffers:          106492 kB
Cached:          1190468 kB
MemTotal:        1844596 kB
MemFree:           98900 kB
MemAvailable:    1383232 kB
Buffers:          106492 kB
Cached:          1190468 kB
MemTotal:        1844596 kB
MemFree:           98156 kB
MemAvailable:    1382488 kB
Buffers:          106492 kB
Cached:          1190468 kB
MemTotal:        1844596 kB
MemFree:           98840 kB
MemAvailable:    1383172 kB
Buffers:          106492 kB
Cached:          1190468 kB
MemTotal:        1844596 kB
MemFree:           99092 kB
MemAvailable:    1383424 kB
Buffers:          106492 kB
Cached:          1190468 kB
MemTotal:        1844596 kB
MemFree:           98852 kB
MemAvailable:    1383184 kB
Buffers:          106492 kB
Cached:          1190468 kB
MemTotal:        1844596 kB
MemFree:           98900 kB
MemAvailable:    1383232 kB
Buffers:          106492 kB
Cached:          1190468 kB
MemTotal:        1844596 kB
MemFree:           98164 kB
MemAvailable:    1382496 kB
Buffers:          106492 kB
Cached:          1190468 kB
MemTotal:        1844596 kB
MemFree:           98768 kB
MemAvailable:    1383100 kB
Buffers:          106492 kB
Cached:          1190468 kB
MemTotal:        1844596 kB
MemFree:           99024 kB
MemAvailable:    1383356 kB
Buffers:          106492 kB
Cached:          1190468 kB
MemTotal:        1844596 kB
MemFree:           98884 kB
MemAvailable:    1383216 kB
Buffers:          106492 kB
Cached:          1190468 kB
MemTotal:        1844596 kB
MemFree:           98884 kB
MemAvailable:    1383216 kB
Buffers:          106492 kB
Cached:          1190468 kB
MemTotal:        1844596 kB
MemFree:           97520 kB
MemAvailable:    1381852 kB
Buffers:          106492 kB
Cached:          1190468 kB
MemTotal:        1844596 kB
MemFree:           97728 kB
MemAvailable:    1382060 kB
Buffers:          106492 kB
Cached:          1190468 kB
MemTotal:        1844596 kB
MemFree:           98880 kB
MemAvailable:    1383212 kB
Buffers:          106492 kB
Cached:          1190468 kB
MemTotal:        1844596 kB
MemFree:           97452 kB
MemAvailable:    1381784 kB
Buffers:          106492 kB
Cached:          1190468 kB
MemTotal:        1844596 kB
MemFree:           98404 kB
MemAvailable:    1382736 kB
Buffers:          106492 kB
Cached:          1190468 kB
MemTotal:        1844596 kB
MemFree:           98624 kB
MemAvailable:    1382956 kB
Buffers:          106492 kB
Cached:          1190468 kB
MemTotal:        1844596 kB
MemFree:           98116 kB
MemAvailable:    1382448 kB
Buffers:          106492 kB
Cached:          1190468 kB
MemTotal:        1844596 kB
MemFree:           98784 kB
MemAvailable:    1383116 kB
Buffers:          106492 kB
Cached:          1190468 kB
MemTotal:        1844596 kB
MemFree:           98820 kB
MemAvailable:    1383152 kB
Buffers:          106492 kB
Cached:          1190468 kB
MemTotal:        1844596 kB
MemFree:           98892 kB
MemAvailable:    1383224 kB
Buffers:          106492 kB
Cached:          1190468 kB
MemTotal:        1844596 kB
MemFree:           98784 kB
MemAvailable:    1383116 kB
Buffers:          106492 kB
Cached:          1190468 kB
MemTotal:        1844596 kB
MemFree:           97612 kB
MemAvailable:    1381944 kB
Buffers:          106492 kB
Cached:          1190468 kB
MemTotal:        1844596 kB
MemFree:           98976 kB
MemAvailable:    1383308 kB
Buffers:          106492 kB
Cached:          1190468 kB
MemTotal:        1844596 kB
MemFree:           97612 kB
MemAvailable:    1381944 kB
Buffers:          106492 kB
Cached:          1190468 kB
MemTotal:        1844596 kB
MemFree:           98884 kB
MemAvailable:    1383216 kB
Buffers:          106492 kB
Cached:          1190468 kB
MemTotal:        1844596 kB
MemFree:           98968 kB
MemAvailable:    1383300 kB
Buffers:          106492 kB
Cached:          1190468 kB
MemTotal:        1844596 kB
MemFree:           98940 kB
MemAvailable:    1383272 kB
Buffers:          106492 kB
Cached:          1190468 kB
MemTotal:        1844596 kB
MemFree:           98900 kB
MemAvailable:    1383232 kB
Buffers:          106492 kB
Cached:          1190468 kB
MemTotal:        1844596 kB
MemFree:           98828 kB
MemAvailable:    1383160 kB
Buffers:          106492 kB
Cached:          1190468 kB
MemTotal:        1844596 kB
MemFree:           98828 kB
MemAvailable:    1383160 kB
Buffers:          106492 kB
Cached:          1190468 kB
MemTotal:        1844596 kB
MemFree:           97520 kB
MemAvailable:    1381852 kB
Buffers:          106492 kB
Cached:          1190468 kB
MemTotal:        1844596 kB
MemFree:           99080 kB
MemAvailable:    1383412 kB
Buffers:          106492 kB
Cached:          1190468 kB
MemTotal:        1844596 kB
MemFree:           98032 kB
MemAvailable:    1382364 kB
Buffers:          106492 kB
Cached:          1190468 kB
MemTotal:        1844596 kB
MemFree:           98812 kB
MemAvailable:    1383144 kB
Buffers:          106492 kB
Cached:          1190468 kB
MemTotal:        1844596 kB
MemFree:           99148 kB
MemAvailable:    1383480 kB
Buffers:          106492 kB
Cached:          1190468 kB
MemTotal:        1844596 kB
MemFree:           98892 kB
MemAvailable:    1383224 kB
Buffers:          106492 kB
Cached:          1190468 kB
MemTotal:        1844596 kB
MemFree:           99144 kB
MemAvailable:    1383476 kB
Buffers:          106492 kB
Cached:          1190468 kB
MemTotal:        1844596 kB
MemFree:           97480 kB
MemAvailable:    1381812 kB
Buffers:          106492 kB
Cached:          1190468 kB
MemTotal:        1844596 kB
MemFree:           97612 kB
MemAvailable:    1381944 kB
Buffers:          106492 kB
Cached:          1190468 kB
MemTotal:        1844596 kB
MemFree:           97900 kB
MemAvailable:    1382232 kB
Buffers:          106492 kB
Cached:          1190468 kB
MemTotal:        1844596 kB
MemFree:           97900 kB
MemAvailable:    1382232 kB
Buffers:          106492 kB
Cached:          1190468 kB
MemTotal:        1844596 kB
MemFree:           93868 kB
MemAvailable:    1378200 kB
Buffers:          106492 kB
Cached:          1190468 kB
MemTotal:        1844596 kB
MemFree:           91520 kB
MemAvailable:    1375852 kB
Buffers:          106492 kB
Cached:          1190468 kB
MemTotal:        1844596 kB
MemFree:           88732 kB
MemAvailable:    1373064 kB
Buffers:          106492 kB
Cached:          1190468 kB
MemTotal:        1844596 kB
MemFree:           85492 kB
MemAvailable:    1369824 kB
Buffers:          106492 kB
Cached:          1190468 kB
MemTotal:        1844596 kB
MemFree:           85580 kB
MemAvailable:    1369912 kB
Buffers:          106492 kB
Cached:          1190468 kB
MemTotal:        1844596 kB
MemFree:           79796 kB
MemAvailable:    1364128 kB
Buffers:          106492 kB
Cached:          1190468 kB
MemTotal:        1844596 kB
MemFree:           79564 kB
MemAvailable:    1363896 kB
Buffers:          106492 kB
Cached:          1190468 kB
MemTotal:        1844596 kB
MemFree:           79424 kB
MemAvailable:    1363756 kB
Buffers:          106492 kB
Cached:          1190468 kB
MemTotal:        1844596 kB
MemFree:           79424 kB
MemAvailable:    1363756 kB
Buffers:          106492 kB
Cached:          1190468 kB
MemTotal:        1844596 kB
MemFree:           78308 kB
MemAvailable:    1362640 kB
Buffers:          106492 kB
Cached:          1190468 kB
MemTotal:        1844596 kB
MemFree:           79476 kB
MemAvailable:    1363808 kB
Buffers:          106492 kB
Cached:          1190468 kB
MemTotal:        1844596 kB
MemFree:           78572 kB
MemAvailable:    1362904 kB
Buffers:          106492 kB
Cached:          1190468 kB
MemTotal:        1844596 kB
MemFree:           79300 kB
MemAvailable:    1363632 kB
Buffers:          106492 kB
Cached:          1190468 kB
MemTotal:        1844596 kB
MemFree:           79636 kB
MemAvailable:    1363968 kB
Buffers:          106492 kB
Cached:          1190468 kB
MemTotal:        1844596 kB
MemFree:           78144 kB
MemAvailable:    1362476 kB
Buffers:          106492 kB
Cached:          1190468 kB
MemTotal:        1844596 kB
MemFree:           79384 kB
MemAvailable:    1363716 kB
Buffers:          106492 kB
Cached:          1190468 kB
MemTotal:        1844596 kB
MemFree:           79440 kB
MemAvailable:    1363772 kB
Buffers:          106492 kB
Cached:          1190468 kB
MemTotal:        1844596 kB
MemFree:           78688 kB
MemAvailable:    1363020 kB
Buffers:          106492 kB
Cached:          1190468 kB
MemTotal:        1844596 kB
MemFree:           79372 kB
MemAvailable:    1363704 kB
Buffers:          106492 kB
Cached:          1190468 kB
MemTotal:        1844596 kB
MemFree:           79624 kB
MemAvailable:    1363956 kB
Buffers:          106492 kB
Cached:          1190468 kB
MemTotal:        1844596 kB
MemFree:           79168 kB
MemAvailable:    1363500 kB
Buffers:          106492 kB
Cached:          1190468 kB
MemTotal:        1844596 kB
MemFree:           79424 kB
MemAvailable:    1363756 kB
Buffers:          106492 kB
Cached:          1190468 kB
MemTotal:        1844596 kB
MemFree:           79112 kB
MemAvailable:    1363444 kB
Buffers:          106492 kB
Cached:          1190468 kB
MemTotal:        1844596 kB
MemFree:           79184 kB
MemAvailable:    1363516 kB
Buffers:          106492 kB
Cached:          1190468 kB
MemTotal:        1844596 kB
MemFree:           79000 kB
MemAvailable:    1363340 kB
Buffers:          106492 kB
Cached:          1190476 kB
MemTotal:        1844596 kB
MemFree:           78448 kB
MemAvailable:    1362788 kB
Buffers:          106492 kB
Cached:          1190476 kB
MemTotal:        1844596 kB
MemFree:           79184 kB
MemAvailable:    1363524 kB
Buffers:          106492 kB
Cached:          1190476 kB
MemTotal:        1844596 kB
MemFree:           79072 kB
MemAvailable:    1363412 kB
Buffers:          106492 kB
Cached:          1190476 kB
MemTotal:        1844596 kB
MemFree:           78324 kB
MemAvailable:    1362664 kB
Buffers:          106492 kB
Cached:          1190476 kB
MemTotal:        1844596 kB
MemFree:           78920 kB
MemAvailable:    1363260 kB
Buffers:          106492 kB
Cached:          1190476 kB
MemTotal:        1844596 kB
MemFree:           79256 kB
MemAvailable:    1363596 kB
Buffers:          106492 kB
Cached:          1190476 kB
MemTotal:        1844596 kB
MemFree:           78680 kB
MemAvailable:    1363020 kB
Buffers:          106492 kB
Cached:          1190476 kB
MemTotal:        1844596 kB
MemFree:           78680 kB
MemAvailable:    1363020 kB
Buffers:          106492 kB
Cached:          1190476 kB
MemTotal:        1844596 kB
MemFree:           77308 kB
MemAvailable:    1361648 kB
Buffers:          106492 kB
Cached:          1190476 kB
MemTotal:        1844596 kB
MemFree:           76160 kB
MemAvailable:    1360500 kB
Buffers:          106492 kB
Cached:          1190476 kB
MemTotal:        1844596 kB
MemFree:           70256 kB
MemAvailable:    1354596 kB
Buffers:          106492 kB
Cached:          1190476 kB
MemTotal:        1844596 kB
MemFree:           68752 kB
MemAvailable:    1353092 kB
Buffers:          106492 kB
Cached:          1190476 kB
MemTotal:        1844596 kB
MemFree:           68140 kB
MemAvailable:    1352480 kB
Buffers:          106492 kB
Cached:          1190476 kB
MemTotal:        1844596 kB
MemFree:           69316 kB
MemAvailable:    1353656 kB
Buffers:          106492 kB
Cached:          1190476 kB
MemTotal:        1844596 kB
MemFree:           68272 kB
MemAvailable:    1352612 kB
Buffers:          106492 kB
Cached:          1190476 kB
MemTotal:        1844596 kB
MemFree:           68956 kB
MemAvailable:    1353296 kB
Buffers:          106492 kB
Cached:          1190476 kB
MemTotal:        1844596 kB
MemFree:           69208 kB
MemAvailable:    1353548 kB
Buffers:          106492 kB
Cached:          1190476 kB
MemTotal:        1844596 kB
MemFree:           66508 kB
MemAvailable:    1350848 kB
Buffers:          106492 kB
Cached:          1190476 kB
MemTotal:        1844596 kB
MemFree:           66388 kB
MemAvailable:    1350728 kB
Buffers:          106492 kB
Cached:          1190476 kB
MemTotal:        1844596 kB
MemFree:           64904 kB
MemAvailable:    1349244 kB
Buffers:          106492 kB
Cached:          1190476 kB
MemTotal:        1844596 kB
MemFree:           66312 kB
MemAvailable:    1350652 kB
Buffers:          106492 kB
Cached:          1190476 kB
MemTotal:        1844596 kB
MemFree:           66036 kB
MemAvailable:    1350376 kB
Buffers:          106492 kB
Cached:          1190476 kB
MemTotal:        1844596 kB
MemFree:           66120 kB
MemAvailable:    1350460 kB
Buffers:          106492 kB
Cached:          1190476 kB
MemTotal:        1844596 kB
MemFree:           65880 kB
MemAvailable:    1350304 kB
Buffers:          106492 kB
Cached:          1190600 kB
MemTotal:        1844596 kB
MemFree:           64656 kB
MemAvailable:    1349164 kB
Buffers:          106492 kB
Cached:          1190724 kB
MemTotal:        1844596 kB
MemFree:           65352 kB
MemAvailable:    1350028 kB
Buffers:          106492 kB
Cached:          1190848 kB
MemTotal:        1844596 kB
MemFree:           65396 kB
MemAvailable:    1350156 kB
Buffers:          106492 kB
Cached:          1190972 kB
MemTotal:        1844596 kB
MemFree:           65636 kB
MemAvailable:    1350480 kB
Buffers:          106492 kB
Cached:          1190972 kB
MemTotal:        1844596 kB
MemFree:           64300 kB
MemAvailable:    1349144 kB
Buffers:          106492 kB
Cached:          1190972 kB
MemTotal:        1844596 kB
MemFree:           64016 kB
MemAvailable:    1349024 kB
Buffers:          106492 kB
Cached:          1191176 kB
MemTotal:        1844596 kB
MemFree:           65724 kB
MemAvailable:    1350732 kB
Buffers:          106492 kB
Cached:          1191176 kB
MemTotal:        1844596 kB
MemFree:           65276 kB
MemAvailable:    1350284 kB
Buffers:          106492 kB
Cached:          1191176 kB
MemTotal:        1844596 kB
MemFree:           65616 kB
MemAvailable:    1350624 kB
Buffers:          106492 kB
Cached:          1191176 kB
MemTotal:        1844596 kB
MemFree:           64296 kB
MemAvailable:    1349304 kB
Buffers:          106492 kB
Cached:          1191176 kB
MemTotal:        1844596 kB
MemFree:           64924 kB
MemAvailable:    1349932 kB
Buffers:          106492 kB
Cached:          1191176 kB
MemTotal:        1844596 kB
MemFree:           65440 kB
MemAvailable:    1350448 kB
Buffers:          106492 kB
Cached:          1191176 kB
MemTotal:        1844596 kB
MemFree:           64704 kB
MemAvailable:    1349124 kB
Buffers:          106492 kB
Cached:          1190544 kB
MemTotal:        1844596 kB
MemFree:           63680 kB
MemAvailable:    1348100 kB
Buffers:          106492 kB
Cached:          1190544 kB
MemTotal:        1844596 kB
MemFree:          101364 kB
MemAvailable:    1385784 kB
Buffers:          106492 kB
Cached:          1190544 kB
MemTotal:        1844596 kB
MemFree:          181368 kB
MemAvailable:    1465788 kB
Buffers:          106492 kB
Cached:          1190544 kB
MemTotal:        1844596 kB
MemFree:          260908 kB
MemAvailable:    1545328 kB
Buffers:          106492 kB
Cached:          1190544 kB
