MemTotal:        1844596 kB
MemFree:          270716 kB
MemAvailable:    1546720 kB
Buffers:          107468 kB
Cached:          1179856 kB
MemTotal:        1844596 kB
MemFree:          242700 kB
MemAvailable:    1518712 kB
Buffers:          107468 kB
Cached:          1179860 kB
MemTotal:        1844596 kB
MemFree:          243168 kB
MemAvailable:    1519180 kB
Buffers:          107468 kB
Cached:          1179860 kB
MemTotal:        1844596 kB
MemFree:          242568 kB
MemAvailable:    1518580 kB
Buffers:          107468 kB
Cached:          1179860 kB
MemTotal:        1844596 kB
MemFree:          239544 kB
MemAvailable:    1515556 kB
Buffers:          107468 kB
Cached:          1179860 kB
MemTotal:        1844596 kB
MemFree:          239476 kB
MemAvailable:    1515488 kB
Buffers:          107468 kB
Cached:          1179860 kB
MemTotal:        1844596 kB
MemFree:          239472 kB
MemAvailable:    1515484 kB
Buffers:          107468 kB
Cached:          1179860 kB
MemTotal:        1844596 kB
MemFree:          237676 kB
MemAvailable:    1513688 kB
Buffers:          107468 kB
Cached:          1179860 kB
MemTotal:        1844596 kB
MemFree:          235260 kB
MemAvailable:    1511272 kB
Buffers:          107468 kB
Cached:          1179860 kB
MemTotal:        1844596 kB
MemFree:          233276 kB
MemAvailable:    1509288 kB
Buffers:          107468 kB
Cached:          1179860 kB
MemTotal:        1844596 kB
MemFree:          228176 kB
MemAvailable:    1504188 kB
Buffers:          107468 kB
Cached:          1179860 kB
MemTotal:        1844596 kB
MemFree:          231024 kB
MemAvailable:    1507036 kB
Buffers:          107468 kB
Cached:          1179860 kB
MemTotal:        1844596 kB
MemFree:          229888 kB
MemAvailable:    1505900 kB
Buffers:          107468 kB
Cached:          1179860 kB
MemTotal:        1844596 kB
MemFree:          229632 kB
MemAvailable:    1505644 kB
Buffers:          107468 kB
Cached:          1179860 kB
MemTotal:        1844596 kB
MemFree:          230932 kB
MemAvailable:    1506944 kB
Buffers:          107468 kB
Cached:          1179860 kB
MemTotal:        1844596 kB
MemFree:          229624 kB
MemAvailable:    1505636 kB
Buffers:          107468 kB
Cached:          1179860 kB
MemTotal:        1844596 kB
MemFree:          230880 kB
MemAvailable:    1506892 kB
Buffers:          107468 kB
Cached:          1179860 kB
MemTotal:        1844596 kB
MemFree:          229688 kB
MemAvailable:    1505700 kB
Buffers:          107468 kB
Cached:          1179860 kB
MemTotal:        1844596 kB
MemFree:          230476 kB
MemAvailable:    1506488 kB
Buffers:          107468 kB
Cached:          1179860 kB
MemTotal:        1844596 kB
MemFree:          230536 kB
MemAvailable:    1506548 kB
Buffers:          107468 kB
Cached:          1179860 kB
MemTotal:        1844596 kB
MemFree:          230360 kB
MemAvailable:    1506372 kB
Buffers:          107468 kB
Cached:          1179860 kB
MemTotal:        1844596 kB
MemFree:          229136 kB
MemAvailable:    1505148 kB
Buffers:          107468 kB
Cached:          1179860 kB
MemTotal:        1844596 kB
MemFree:          229004 kB
MemAvailable:    1505016 kB
Buffers:          107468 kB
Cached:          1179860 kB
MemTotal:        1844596 kB
MemFree:          230044 kB
MemAvailable:    1506056 kB
Buffers:          107468 kB
Cached:          1179860 kB
MemTotal:        1844596 kB
MemFree:          228564 kB
MemAvailable:    1504576 kB
Buffers:          107468 kB
Cached:          1179860 kB
MemTotal:        1844596 kB
MemFree:          229868 kB
MemAvailable:    1505880 kB
Buffers:          107468 kB
Cached:          1179860 kB
MemTotal:        1844596 kB
MemFree:          228316 kB
MemAvailable:    1504328 kB
Buffers:          107468 kB
Cached:          1179860 kB
MemTotal:        1844596 kB
MemFree:          229364 kB
MemAvailable:    1505376 kB
Buffers:          107468 kB
Cached:          1179860 kB
MemTotal:        1844596 kB
MemFree:          228780 kB
MemAvailable:    1504792 kB
Buffers:          107468 kB
Cached:          1179860 kB
MemTotal:        1844596 kB
MemFree:          228244 kB
MemAvailable:    1504256 kB
Buffers:          107468 kB
Cached:          1179860 kB
MemTotal:        1844596 kB
MemFree:          226936 kB
MemAvailable:    1502948 kB
Buffers:          107468 kB
Cached:          1179860 kB
MemTotal:        1844596 kB
MemFree:          227880 kB
MemAvailable:    1503892 kB
Buffers:          107468 kB
Cached:          1179860 kB
MemTotal:        1844596 kB
MemFree:          227604 kB
MemAvailable:    1503616 kB
Buffers:          107468 kB
Cached:          1179860 kB
MemTotal:        1844596 kB
MemFree:          226724 kB
MemAvailable:    1502736 kB
Buffers:          107468 kB
Cached:          1179860 kB
MemTotal:        1844596 kB
MemFree:          227908 kB
MemAvailable:    1503920 kB
Buffers:          107468 kB
Cached:          1179860 kB
MemTotal:        1844596 kB
MemFree:          227908 kB
MemAvailable:    1503920 kB
Buffers:          107468 kB
Cached:          1179860 kB
MemTotal:        1844596 kB
MemFree:          226964 kB
MemAvailable:    1502976 kB
Buffers:          107468 kB
Cached:          1179860 kB
MemTotal:        1844596 kB
MemFree:          228204 kB
MemAvailable:    1504216 kB
Buffers:          107468 kB
Cached:          1179860 kB
MemTotal:        1844596 kB
MemFree:          227912 kB
MemAvailable:    1503924 kB
Buffers:          107468 kB
Cached:          1179860 kB
MemTotal:        1844596 kB
MemFree:          225852 kB
MemAvailable:    1501864 kB
Buffers:          107468 kB
Cached:          1179860 kB
MemTotal:        1844596 kB
MemFree:          225620 kB
MemAvailable:    1501632 kB
Buffers:          107468 kB
Cached:          1179860 kB
MemTotal:        1844596 kB
MemFree:          222892 kB
MemAvailable:    1498904 kB
Buffers:          107468 kB
Cached:          1179860 kB
MemTotal:        1844596 kB
MemFree:          221768 kB
MemAvailable:    1497780 kB
Buffers:          107468 kB
Cached:          1179860 kB
MemTotal:        1844596 kB
MemFree:          221520 kB
MemAvailable:    1497532 kB
Buffers:          107468 kB
Cached:          1179860 kB
MemTotal:        1844596 kB
MemFree:          222760 kB
MemAvailable:    1498772 kB
Buffers:          107468 kB
Cached:          1179860 kB
MemTotal:        1844596 kB
MemFree:          221404 kB
MemAvailable:    1497416 kB
Buffers:          107468 kB
Cached:          1179860 kB
MemTotal:        1844596 kB
MemFree:          222688 kB
MemAvailable:    1498700 kB
Buffers:          107468 kB
Cached:          1179864 kB
MemTotal:        1844596 kB
MemFree:          221900 kB
MemAvailable:    1497912 kB
Buffers:          107468 kB
Cached:          1179864 kB
MemTotal:        1844596 kB
MemFree:          222276 kB
MemAvailable:    1498288 kB
Buffers:          107468 kB
Cached:          1179864 kB
MemTotal:        1844596 kB
MemFree:          222112 kB
MemAvailable:    1498124 kB
Buffers:          107468 kB
Cached:          1179864 kB
MemTotal:        1844596 kB
MemFree:          222112 kB
MemAvailable:    1498124 kB
Buffers:          107468 kB
Cached:          1179864 kB
MemTotal:        1844596 kB
MemFree:          222260 kB
MemAvailable:    1498272 kB
Buffers:          107468 kB
Cached:          1179864 kB
MemTotal:        1844596 kB
MemFree:          221948 kB
MemAvailable:    1497960 kB
Buffers:          107468 kB
Cached:          1179864 kB
MemTotal:        1844596 kB
MemFree:          222284 kB
MemAvailable:    1498296 kB
Buffers:          107468 kB
Cached:          1179864 kB
MemTotal:        1844596 kB
MemFree:          220832 kB
MemAvailable:    1496844 kB
Buffers:          107468 kB
Cached:          1179864 kB
MemTotal:        1844596 kB
MemFree:          221132 kB
MemAvailable:    1497144 kB
Buffers:          107468 kB
Cached:          1179864 kB
MemTotal:        1844596 kB
MemFree:          217304 kB
MemAvailable:    1493316 kB
Buffers:          107468 kB
Cached:          1179864 kB
MemTotal:        1844596 kB
MemFree:          216436 kB
MemAvailable:    1492448 kB
Buffers:          107468 kB
Cached:          1179864 kB
MemTotal:        1844596 kB
MemFree:          216240 kB
MemAvailable:    1492252 kB
Buffers:          107468 kB
Cached:          1179864 kB
MemTotal:        1844596 kB
MemFree:          214832 kB
MemAvailable:    1490844 kB
Buffers:          107468 kB
Cached:          1179864 kB
MemTotal:        1844596 kB
MemFree:          214816 kB
MemAvailable:    1490828 kB
Buffers:          107468 kB
Cached:          1179864 kB
MemTotal:        1844596 kB
MemFree:          215068 kB
MemAvailable:    1491080 kB
Buffers:          107468 kB
Cached:          1179864 kB
MemTotal:        1844596 kB
MemFree:          213220 kB
MemAvailable:    1489232 kB
Buffers:          107468 kB
Cached:          1179864 kB
MemTotal:        1844596 kB
MemFree:          214060 kB
MemAvailable:    1490072 kB
Buffers:          107468 kB
Cached:          1179864 kB
MemTotal:        1844596 kB
MemFree:          212724 kB
MemAvailable:    1488736 kB
Buffers:          107468 kB
Cached:          1179864 kB
MemTotal:        1844596 kB
MemFree:          212468 kB
MemAvailable:    1488484 kB
Buffers:          107468 kB
Cached:          1179868 kB
MemTotal:        1844596 kB
MemFree:          212600 kB
MemAvailable:    1488616 kB
Buffers:          107468 kB
Cached:          1179868 kB
MemTotal:        1844596 kB
MemFree:          213524 kB
MemAvailable:    1489540 kB
Buffers:          107468 kB
Cached:          1179868 kB
MemTotal:        1844596 kB
MemFree:          213692 kB
MemAvailable:    1489708 kB
Buffers:          107468 kB
Cached:          1179868 kB
MemTotal:        1844596 kB
MemFree:          212088 kB
MemAvailable:    1488104 kB
Buffers:          107468 kB
Cached:          1179868 kB
MemTotal:        1844596 kB
MemFree:          213472 kB
MemAvailable:    1489488 kB
Buffers:          107468 kB
Cached:          1179868 kB
MemTotal:        1844596 kB
MemFree:          213524 kB
MemAvailable:    1489540 kB
Buffers:          107468 kB
Cached:          1179868 kB
MemTotal:        1844596 kB
MemFree:          213444 kB
MemAvailable:    1489460 kB
Buffers:          107468 kB
Cached:          1179868 kB
MemTotal:        1844596 kB
MemFree:          212016 kB
MemAvailable:    1488032 kB
Buffers:          107468 kB
Cached:          1179868 kB
MemTotal:        1844596 kB
MemFree:          213096 kB
MemAvailable:    1489112 kB
Buffers:          107468 kB
Cached:          1179868 kB
MemTotal:        1844596 kB
MemFree:          213276 kB
MemAvailable:    1489292 kB
Buffers:          107468 kB
Cached:          1179868 kB
MemTotal:        1844596 kB
MemFree:          213096 kB
MemAvailable:    1489112 kB
Buffers:          107468 kB
Cached:          1179868 kB
MemTotal:        1844596 kB
MemFree:          212048 kB
MemAvailable:    1488064 kB
Buffers:          107468 kB
Cached:          1179868 kB
MemTotal:        1844596 kB
MemFree:          213148 kB
MemAvailable:    1489164 kB
Buffers:          107468 kB
Cached:          1179868 kB
MemTotal:        1844596 kB
MemFree:          213220 kB
MemAvailable:    1489236 kB
Buffers:          107468 kB
Cached:          1179868 kB
MemTotal:        1844596 kB
MemFree:          212956 kB
MemAvailable:    1488972 kB
Buffers:          107468 kB
Cached:          1179868 kB
MemTotal:        1844596 kB
MemFree:          211716 kB
MemAvailable:    1487732 kB
Buffers:          107468 kB
Cached:          1179868 kB
MemTotal:        1844596 kB
MemFree:          213184 kB
MemAvailable:    1489200 kB
Buffers:          107468 kB
Cached:          1179868 kB
MemTotal:        1844596 kB
MemFree:          212104 kB
MemAvailable:    1488120 kB
Buffers:          107468 kB
Cached:          1179868 kB
MemTotal:        1844596 kB
MemFree:          211980 kB
MemAvailable:    1487996 kB
Buffers:          107468 kB
Cached:          1179868 kB
MemTotal:        1844596 kB
MemFree:          208616 kB
MemAvailable:    1484632 kB
Buffers:          107468 kB
Cached:          1179868 kB
MemTotal:        1844596 kB
MemFree:          208616 kB
MemAvailable:    1484632 kB
Buffers:          107468 kB
Cached:          1179868 kB
MemTotal:        1844596 kB
MemFree:          205284 kB
MemAvailable:    1481300 kB
Buffers:          107468 kB
Cached:          1179868 kB
MemTotal:        1844596 kB
MemFree:          203920 kB
MemAvailable:    1479936 kB
Buffers:          107468 kB
Cached:          1179868 kB
MemTotal:        1844596 kB
MemFree:          205096 kB
MemAvailable:    1481112 kB
Buffers:          107468 kB
Cached:          1179868 kB
MemTotal:        1844596 kB
MemFree:          204300 kB
MemAvailable:    1480316 kB
Buffers:          107468 kB
Cached:          1179868 kB
MemTotal:        1844596 kB
MemFree:          204476 kB
MemAvailable:    1480492 kB
Buffers:          107468 kB
Cached:          1179868 kB
MemTotal:        1844596 kB
MemFree:          204812 kB
MemAvailable:    1480828 kB
Buffers:          107468 kB
Cached:          1179868 kB
MemTotal:        1844596 kB
MemFree:          204484 kB
MemAvailable:    1480500 kB
Buffers:          107468 kB
Cached:          1179868 kB
MemTotal:        1844596 kB
MemFree:          203556 kB
MemAvailable:    1479572 kB
Buffers:          107468 kB
Cached:          1179868 kB
MemTotal:        1844596 kB
MemFree:          204276 kB
MemAvailable:    1480292 kB
Buffers:          107468 kB
Cached:          1179868 kB
MemTotal:        1844596 kB
MemFree:          204612 kB
MemAvailable:    1480628 kB
Buffers:          107468 kB
Cached:          1179868 kB
MemTotal:        1844596 kB
MemFree:          203120 kB
MemAvailable:    1479136 kB
Buffers:          107468 kB
Cached:          1179868 kB
MemTotal:        1844596 kB
MemFree:          203412 kB
MemAvailable:    1479428 kB
Buffers:          107468 kB
Cached:          1179868 kB
MemTotal:        1844596 kB
MemFree:          204396 kB
MemAvailable:    1480412 kB
Buffers:          107468 kB
Cached:          1179868 kB
MemTotal:        1844596 kB
MemFree:          203672 kB
MemAvailable:    1479688 kB
Buffers:          107468 kB
Cached:          1179868 kB
MemTotal:        1844596 kB
MemFree:          205028 kB
MemAvailable:    1481048 kB
Buffers:          107468 kB
Cached:          1179872 kB
MemTotal:        1844596 kB
MemFree:          204788 kB
MemAvailable:    1480808 kB
Buffers:          107468 kB
Cached:          1179872 kB
MemTotal:        1844596 kB
MemFree:          204532 kB
MemAvailable:    1480552 kB
Buffers:          107468 kB
Cached:          1179872 kB
MemTotal:        1844596 kB
MemFree:          203928 kB
MemAvailable:    1479948 kB
Buffers:          107468 kB
Cached:          1179872 kB
MemTotal:        1844596 kB
MemFree:          204276 kB
MemAvailable:    1480296 kB
Buffers:          107468 kB
Cached:          1179872 kB
MemTotal:        1844596 kB
MemFree:          204612 kB
MemAvailable:    1480632 kB
Buffers:          107468 kB
Cached:          1179872 kB
MemTotal:        1844596 kB
MemFree:          204228 kB
MemAvailable:    1480248 kB
Buffers:          107468 kB
Cached:          1179872 kB
MemTotal:        1844596 kB
MemFree:          204400 kB
MemAvailable:    1480420 kB
Buffers:          107468 kB
Cached:          1179872 kB
MemTotal:        1844596 kB
MemFree:          204628 kB
MemAvailable:    1480648 kB
Buffers:          107468 kB
Cached:          1179872 kB
MemTotal:        1844596 kB
MemFree:          204352 kB
MemAvailable:    1480372 kB
Buffers:          107468 kB
Cached:          1179872 kB
MemTotal:        1844596 kB
MemFree:          203128 kB
MemAvailable:    1479148 kB
Buffers:          107468 kB
Cached:          1179872 kB
MemTotal:        1844596 kB
MemFree:          204488 kB
MemAvailable:    1480508 kB
Buffers:          107468 kB
Cached:          1179872 kB
MemTotal:        1844596 kB
MemFree:          204488 kB
MemAvailable:    1480508 kB
Buffers:          107468 kB
Cached:          1179872 kB
MemTotal:        1844596 kB
MemFree:          204228 kB
MemAvailable:    1480248 kB
Buffers:          107468 kB
Cached:          1179872 kB
MemTotal:        1844596 kB
MemFree:          204564 kB
MemAvailable:    1480584 kB
Buffers:          107468 kB
Cached:          1179872 kB
MemTotal:        1844596 kB
MemFree:          204592 kB
MemAvailable:    1480612 kB
Buffers:          107468 kB
Cached:          1179872 kB
MemTotal:        1844596 kB
MemFree:          203284 kB
MemAvailable:    1479304 kB
Buffers:          107468 kB
Cached:          1179872 kB
MemTotal:        1844596 kB
MemFree:          203152 kB
MemAvailable:    1479172 kB
Buffers:          107468 kB
Cached:          1179872 kB
MemTotal:        1844596 kB
MemFree:          203236 kB
MemAvailable:    1479256 kB
Buffers:          107468 kB
Cached:          1179872 kB
MemTotal:        1844596 kB
MemFree:          203360 kB
MemAvailable:    1479380 kB
Buffers:          107468 kB
Cached:          1179872 kB
MemTotal:        1844596 kB
MemFree:          203104 kB
MemAvailable:    1479124 kB
Buffers:          107468 kB
Cached:          1179872 kB
MemTotal:        1844596 kB
MemFree:          204532 kB
MemAvailable:    1480552 kB
Buffers:          107468 kB
Cached:          1179872 kB
MemTotal:        1844596 kB
MemFree:          203016 kB
MemAvailable:    1479036 kB
Buffers:          107468 kB
Cached:          1179872 kB
MemTotal:        1844596 kB
MemFree:          199448 kB
MemAvailable:    1475468 kB
Buffers:          107468 kB
Cached:          1179872 kB
MemTotal:        1844596 kB
MemFree:          199448 kB
MemAvailable:    1475468 kB
Buffers:          107468 kB
Cached:          1179872 kB
MemTotal:        1844596 kB
MemFree:          195116 kB
MemAvailable:    1471136 kB
Buffers:          107468 kB
Cached:          1179872 kB
MemTotal:        1844596 kB
MemFree:          194064 kB
MemAvailable:    1470084 kB
Buffers:          107468 kB
Cached:          1179872 kB
MemTotal:        1844596 kB
MemFree:          192832 kB
MemAvailable:    1468852 kB
Buffers:          107468 kB
Cached:          1179872 kB
MemTotal:        1844596 kB
MemFree:          192432 kB
MemAvailable:    1468456 kB
Buffers:          107468 kB
Cached:          1179876 kB
MemTotal:        1844596 kB
MemFree:          192512 kB
MemAvailable:    1468536 kB
Buffers:          107468 kB
Cached:          1179876 kB
MemTotal:        1844596 kB
MemFree:          193556 kB
MemAvailable:    1469580 kB
Buffers:          107468 kB
Cached:          1179876 kB
MemTotal:        1844596 kB
MemFree:          193688 kB
MemAvailable:    1469712 kB
Buffers:          107468 kB
Cached:          1179876 kB
MemTotal:        1844596 kB
MemFree:          192332 kB
MemAvailable:    1468356 kB
Buffers:          107468 kB
Cached:          1179876 kB
MemTotal:        1844596 kB
MemFree:          192464 kB
MemAvailable:    1468488 kB
Buffers:          107468 kB
Cached:          1179876 kB
MemTotal:        1844596 kB
MemFree:          192340 kB
MemAvailable:    1468364 kB
Buffers:          107468 kB
Cached:          1179876 kB
MemTotal:        1844596 kB
MemFree:          193892 kB
MemAvailable:    1469916 kB
Buffers:          107468 kB
Cached:          1179876 kB
MemTotal:        1844596 kB
MemFree:          193892 kB
MemAvailable:    1469916 kB
Buffers:          107468 kB
Cached:          1179876 kB
MemTotal:        1844596 kB
MemFree:          193740 kB
MemAvailable:    1469764 kB
Buffers:          107468 kB
Cached:          1179876 kB
MemTotal:        1844596 kB
MemFree:          192752 kB
MemAvailable:    1468776 kB
Buffers:          107468 kB
Cached:          1179876 kB
MemTotal:        1844596 kB
MemFree:          193744 kB
MemAvailable:    1469768 kB
Buffers:          107468 kB
Cached:          1179876 kB
MemTotal:        1844596 kB
MemFree:          193636 kB
MemAvailable:    1469660 kB
Buffers:          107468 kB
Cached:          1179876 kB
MemTotal:        1844596 kB
MemFree:          193488 kB
MemAvailable:    1469512 kB
Buffers:          107468 kB
Cached:          1179876 kB
MemTotal:        1844596 kB
MemFree:          193380 kB
MemAvailable:    1469404 kB
Buffers:          107468 kB
Cached:          1179876 kB
MemTotal:        1844596 kB
MemFree:          192208 kB
MemAvailable:    1468232 kB
Buffers:          107468 kB
Cached:          1179876 kB
MemTotal:        1844596 kB
MemFree:          193508 kB
MemAvailable:    1469532 kB
Buffers:          107468 kB
Cached:          1179876 kB
MemTotal:        1844596 kB
MemFree:          193760 kB
MemAvailable:    1469784 kB
Buffers:          107468 kB
Cached:          1179876 kB
MemTotal:        1844596 kB
MemFree:          192068 kB
MemAvailable:    1468092 kB
Buffers:          107468 kB
Cached:          1179876 kB
MemTotal:        1844596 kB
MemFree:          193668 kB
MemAvailable:    1469692 kB
Buffers:          107468 kB
Cached:          1179876 kB
MemTotal:        1844596 kB
MemFree:          192636 kB
MemAvailable:    1468660 kB
Buffers:          107468 kB
Cached:          1179876 kB
MemTotal:        1844596 kB
MemFree:          192504 kB
MemAvailable:    1468528 kB
Buffers:          107468 kB
Cached:          1179876 kB
MemTotal:        1844596 kB
MemFree:          193860 kB
MemAvailable:    1469884 kB
Buffers:          107468 kB
Cached:          1179876 kB
MemTotal:        1844596 kB
MemFree:          193788 kB
MemAvailable:    1469812 kB
Buffers:          107468 kB
Cached:          1179876 kB
MemTotal:        1844596 kB
MemFree:          192636 kB
MemAvailable:    1468660 kB
Buffers:          107468 kB
Cached:          1179876 kB
MemTotal:        1844596 kB
MemFree:          193712 kB
MemAvailable:    1469736 kB
Buffers:          107468 kB
Cached:          1179876 kB
MemTotal:        1844596 kB
MemFree:          192520 kB
MemAvailable:    1468544 kB
Buffers:          107468 kB
Cached:          1179876 kB
MemTotal:        1844596 kB
MemFree:          192264 kB
MemAvailable:    1468288 kB
Buffers:          107468 kB
Cached:          1179876 kB
MemTotal:        1844596 kB
MemFree:          193696 kB
MemAvailable:    1469720 kB
Buffers:          107468 kB
Cached:          1179876 kB
MemTotal:        1844596 kB
MemFree:          192388 kB
MemAvailable:    1468412 kB
Buffers:          107468 kB
Cached:          1179876 kB
MemTotal:        1844596 kB
MemFree:          192256 kB
MemAvailable:    1468280 kB
Buffers:          107468 kB
Cached:          1179876 kB
MemTotal:        1844596 kB
MemFree:          192340 kB
MemAvailable:    1468364 kB
Buffers:          107468 kB
Cached:          1179876 kB
MemTotal:        1844596 kB
MemFree:          192512 kB
MemAvailable:    1468536 kB
Buffers:          107468 kB
Cached:          1179876 kB
MemTotal:        1844596 kB
MemFree:          193576 kB
MemAvailable:    1469600 kB
Buffers:          107468 kB
Cached:          1179876 kB
MemTotal:        1844596 kB
MemFree:          193380 kB
MemAvailable:    1469404 kB
Buffers:          107468 kB
Cached:          1179876 kB
MemTotal:        1844596 kB
MemFree:          192196 kB
MemAvailable:    1468220 kB
Buffers:          107468 kB
Cached:          1179876 kB
MemTotal:        1844596 kB
MemFree:          193528 kB
MemAvailable:    1469552 kB
Buffers:          107468 kB
Cached:          1179876 kB
MemTotal:        1844596 kB
MemFree:          193432 kB
MemAvailable:    1469456 kB
Buffers:          107468 kB
Cached:          1179876 kB
MemTotal:        1844596 kB
MemFree:          193512 kB
MemAvailable:    1469536 kB
Buffers:          107468 kB
Cached:          1179876 kB
MemTotal:        1844596 kB
MemFree:          192256 kB
MemAvailable:    1468280 kB
Buffers:          107468 kB
Cached:          1179876 kB
MemTotal:        1844596 kB
MemFree:          192216 kB
MemAvailable:    1468240 kB
Buffers:          107468 kB
Cached:          1179876 kB
MemTotal:        1844596 kB
MemFree:          193664 kB
MemAvailable:    1469688 kB
Buffers:          107468 kB
Cached:          1179876 kB
MemTotal:        1844596 kB
MemFree:          192884 kB
MemAvailable:    1468908 kB
Buffers:          107468 kB
Cached:          1179876 kB
MemTotal:        1844596 kB
MemFree:          193324 kB
MemAvailable:    1469348 kB
Buffers:          107468 kB
Cached:          1179876 kB
MemTotal:        1844596 kB
MemFree:          193660 kB
MemAvailable:    1469684 kB
Buffers:          107468 kB
Cached:          1179876 kB
MemTotal:        1844596 kB
MemFree:          192092 kB
MemAvailable:    1468116 kB
Buffers:          107468 kB
Cached:          1179876 kB
MemTotal:        1844596 kB
MemFree:          193192 kB
MemAvailable:    1469216 kB
Buffers:          107468 kB
Cached:          1179876 kB
MemTotal:        1844596 kB
MemFree:          193528 kB
MemAvailable:    1469552 kB
Buffers:          107468 kB
Cached:          1179876 kB
MemTotal:        1844596 kB
MemFree:          192016 kB
MemAvailable:    1468040 kB
Buffers:          107468 kB
Cached:          1179876 kB
MemTotal:        1844596 kB
MemFree:          192628 kB
MemAvailable:    1468652 kB
Buffers:          107468 kB
Cached:          1179876 kB
MemTotal:        1844596 kB
MemFree:          192024 kB
MemAvailable:    1468048 kB
Buffers:          107468 kB
Cached:          1179876 kB
MemTotal:        1844596 kB
MemFree:          192424 kB
MemAvailable:    1468456 kB
Buffers:          107468 kB
Cached:          1179884 kB
MemTotal:        1844596 kB
MemFree:          192644 kB
MemAvailable:    1468676 kB
Buffers:          107468 kB
Cached:          1179884 kB
MemTotal:        1844596 kB
MemFree:          191016 kB
MemAvailable:    1467048 kB
Buffers:          107468 kB
Cached:          1179884 kB
MemTotal:        1844596 kB
MemFree:          192308 kB
MemAvailable:    1468340 kB
Buffers:          107468 kB
Cached:          1179884 kB
MemTotal:        1844596 kB
MemFree:          192316 kB
MemAvailable:    1468348 kB
Buffers:          107468 kB
Cached:          1179884 kB
MemTotal:        1844596 kB
MemFree:          191256 kB
MemAvailable:    1467288 kB
Buffers:          107468 kB
Cached:          1179884 kB
MemTotal:        1844596 kB
MemFree:          191008 kB
MemAvailable:    1467040 kB
Buffers:          107468 kB
Cached:          1179884 kB
MemTotal:        1844596 kB
MemFree:          192240 kB
MemAvailable:    1468272 kB
Buffers:          107468 kB
Cached:          1179884 kB
MemTotal:        1844596 kB
MemFree:          192052 kB
MemAvailable:    1468084 kB
Buffers:          107468 kB
Cached:          1179884 kB
MemTotal:        1844596 kB
MemFree:          190868 kB
MemAvailable:    1466900 kB
Buffers:          107468 kB
Cached:          1179884 kB
MemTotal:        1844596 kB
MemFree:          191920 kB
MemAvailable:    1467952 kB
Buffers:          107468 kB
Cached:          1179884 kB
MemTotal:        1844596 kB
MemFree:          191924 kB
MemAvailable:    1467956 kB
Buffers:          107468 kB
Cached:          1179884 kB
MemTotal:        1844596 kB
MemFree:          191924 kB
MemAvailable:    1467956 kB
Buffers:          107468 kB
Cached:          1179884 kB
MemTotal:        1844596 kB
MemFree:          190764 kB
MemAvailable:    1466796 kB
Buffers:          107468 kB
Cached:          1179884 kB
MemTotal:        1844596 kB
MemFree:          190756 kB
MemAvailable:    1466788 kB
Buffers:          107468 kB
Cached:          1179884 kB
MemTotal:        1844596 kB
MemFree:          190756 kB
MemAvailable:    1466788 kB
Buffers:          107468 kB
Cached:          1179884 kB
MemTotal:        1844596 kB
MemFree:          190756 kB
MemAvailable:    1466788 kB
Buffers:          107468 kB
Cached:          1179884 kB
MemTotal:        1844596 kB
MemFree:          191864 kB
MemAvailable:    1467896 kB
Buffers:          107468 kB
Cached:          1179884 kB
MemTotal:        1844596 kB
MemFree:          192092 kB
MemAvailable:    1468124 kB
Buffers:          107468 kB
Cached:          1179884 kB
MemTotal:        1844596 kB
MemFree:          190720 kB
MemAvailable:    1466752 kB
Buffers:          107468 kB
Cached:          1179884 kB
MemTotal:        1844596 kB
MemFree:          191828 kB
MemAvailable:    1467860 kB
Buffers:          107468 kB
Cached:          1179884 kB
MemTotal:        1844596 kB
MemFree:          190712 kB
MemAvailable:    1466744 kB
Buffers:          107468 kB
Cached:          1179884 kB
MemTotal:        1844596 kB
MemFree:          187056 kB
MemAvailable:    1463088 kB
Buffers:          107468 kB
Cached:          1179884 kB
MemTotal:        1844596 kB
MemFree:          184080 kB
MemAvailable:    1460112 kB
Buffers:          107468 kB
Cached:          1179884 kB
MemTotal:        1844596 kB
MemFree:          180972 kB
MemAvailable:    1457004 kB
Buffers:          107468 kB
Cached:          1179884 kB
MemTotal:        1844596 kB
MemFree:          181540 kB
MemAvailable:    1457576 kB
Buffers:          107468 kB
Cached:          1179888 kB
MemTotal:        1844596 kB
MemFree:          179740 kB
MemAvailable:    1455776 kB
Buffers:          107468 kB
Cached:          1179888 kB
MemTotal:        1844596 kB
MemFree:          179492 kB
MemAvailable:    1455528 kB
Buffers:          107468 kB
Cached:          1179888 kB
MemTotal:        1844596 kB
MemFree:          180592 kB
MemAvailable:    1456628 kB
Buffers:          107468 kB
Cached:          1179888 kB
MemTotal:        1844596 kB
MemFree:          179972 kB
MemAvailable:    1456008 kB
Buffers:          107468 kB
Cached:          1179888 kB
MemTotal:        1844596 kB
MemFree:          179492 kB
MemAvailable:    1455528 kB
Buffers:          107468 kB
Cached:          1179888 kB
MemTotal:        1844596 kB
MemFree:          178816 kB
MemAvailable:    1454852 kB
Buffers:          107468 kB
Cached:          1179888 kB
MemTotal:        1844596 kB
MemFree:          177756 kB
MemAvailable:    1453792 kB
Buffers:          107468 kB
Cached:          1179888 kB
MemTotal:        1844596 kB
MemFree:          178988 kB
MemAvailable:    1455024 kB
Buffers:          107468 kB
Cached:          1179888 kB
MemTotal:        1844596 kB
MemFree:          177376 kB
MemAvailable:    1453412 kB
Buffers:          107468 kB
Cached:          1179888 kB
MemTotal:        1844596 kB
MemFree:          177268 kB
MemAvailable:    1453304 kB
Buffers:          107468 kB
Cached:          1179888 kB
MemTotal:        1844596 kB
MemFree:          176948 kB
MemAvailable:    1452984 kB
Buffers:          107468 kB
Cached:          1179888 kB
MemTotal:        1844596 kB
MemFree:          175764 kB
MemAvailable:    1451800 kB
Buffers:          107468 kB
Cached:          1179888 kB
MemTotal:        1844596 kB
MemFree:          175640 kB
MemAvailable:    1451676 kB
Buffers:          107468 kB
Cached:          1179888 kB
MemTotal:        1844596 kB
MemFree:          176768 kB
MemAvailable:    1452804 kB
Buffers:          107468 kB
Cached:          1179888 kB
MemTotal:        1844596 kB
MemFree:          175588 kB
MemAvailable:    1451624 kB
Buffers:          107468 kB
Cached:          1179888 kB
MemTotal:        1844596 kB
MemFree:          175704 kB
MemAvailable:    1451740 kB
Buffers:          107468 kB
Cached:          1179888 kB
MemTotal:        1844596 kB
MemFree:          175580 kB
MemAvailable:    1451616 kB
Buffers:          107468 kB
Cached:          1179888 kB
MemTotal:        1844596 kB
MemFree:          176720 kB
MemAvailable:    1452756 kB
Buffers:          107468 kB
Cached:          1179888 kB
MemTotal:        1844596 kB
MemFree:          176888 kB
MemAvailable:    1452924 kB
Buffers:          107468 kB
Cached:          1179888 kB
MemTotal:        1844596 kB
MemFree:          175512 kB
MemAvailable:    1451548 kB
Buffers:          107468 kB
Cached:          1179888 kB
MemTotal:        1844596 kB
MemFree:          176696 kB
MemAvailable:    1452732 kB
Buffers:          107468 kB
Cached:          1179888 kB
MemTotal:        1844596 kB
MemFree:          176864 kB
MemAvailable:    1452900 kB
Buffers:          107468 kB
Cached:          1179888 kB
MemTotal:        1844596 kB
MemFree:          175896 kB
MemAvailable:    1451932 kB
Buffers:          107468 kB
Cached:          1179888 kB
MemTotal:        1844596 kB
MemFree:          176204 kB
MemAvailable:    1452240 kB
Buffers:          107468 kB
Cached:          1179888 kB
MemTotal:        1844596 kB
MemFree:          175956 kB
MemAvailable:    1451992 kB
Buffers:          107468 kB
Cached:          1179888 kB
MemTotal:        1844596 kB
MemFree:          175088 kB
MemAvailable:    1451124 kB
Buffers:          107468 kB
Cached:          1179888 kB
MemTotal:        1844596 kB
MemFree:          173656 kB
MemAvailable:    1449692 kB
Buffers:          107468 kB
Cached:          1179888 kB
MemTotal:        1844596 kB
MemFree:          174764 kB
MemAvailable:    1450800 kB
Buffers:          107468 kB
Cached:          1179888 kB
MemTotal:        1844596 kB
MemFree:          174664 kB
MemAvailable:    1450700 kB
Buffers:          107468 kB
Cached:          1179888 kB
MemTotal:        1844596 kB
MemFree:          173492 kB
MemAvailable:    1449528 kB
Buffers:          107468 kB
Cached:          1179888 kB
MemTotal:        1844596 kB
MemFree:          174152 kB
MemAvailable:    1450188 kB
Buffers:          107468 kB
Cached:          1179888 kB
MemTotal:        1844596 kB
MemFree:          174408 kB
MemAvailable:    1450444 kB
Buffers:          107468 kB
Cached:          1179888 kB
MemTotal:        1844596 kB
MemFree:          172424 kB
MemAvailable:    1448460 kB
Buffers:          107468 kB
Cached:          1179888 kB
MemTotal:        1844596 kB
MemFree:          172160 kB
MemAvailable:    1448196 kB
Buffers:          107468 kB
Cached:          1179888 kB
MemTotal:        1844596 kB
MemFree:          173524 kB
MemAvailable:    1449560 kB
Buffers:          107468 kB
Cached:          1179888 kB
MemTotal:        1844596 kB
MemFree:          171556 kB
MemAvailable:    1447592 kB
Buffers:          107468 kB
Cached:          1179888 kB
MemTotal:        1844596 kB
MemFree:          171376 kB
MemAvailable:    1447412 kB
Buffers:          107468 kB
Cached:          1179888 kB
MemTotal:        1844596 kB
MemFree:          172740 kB
MemAvailable:    1448776 kB
Buffers:          107468 kB
Cached:          1179888 kB
MemTotal:        1844596 kB
MemFree:          172576 kB
MemAvailable:    1448612 kB
Buffers:          107468 kB
Cached:          1179888 kB
MemTotal:        1844596 kB
MemFree:          171500 kB
MemAvailable:    1447536 kB
Buffers:          107468 kB
Cached:          1179888 kB
MemTotal:        1844596 kB
MemFree:          171376 kB
MemAvailable:    1447412 kB
Buffers:          107468 kB
Cached:          1179888 kB
MemTotal:        1844596 kB
MemFree:          172640 kB
MemAvailable:    1448676 kB
Buffers:          107468 kB
Cached:          1179888 kB
MemTotal:        1844596 kB
MemFree:          172640 kB
MemAvailable:    1448676 kB
Buffers:          107468 kB
Cached:          1179888 kB
MemTotal:        1844596 kB
MemFree:          172608 kB
MemAvailable:    1448644 kB
Buffers:          107468 kB
Cached:          1179888 kB
MemTotal:        1844596 kB
MemFree:          172608 kB
MemAvailable:    1448644 kB
Buffers:          107468 kB
Cached:          1179888 kB
MemTotal:        1844596 kB
MemFree:          171176 kB
MemAvailable:    1447216 kB
Buffers:          107468 kB
Cached:          1179892 kB
MemTotal:        1844596 kB
MemFree:          172540 kB
MemAvailable:    1448580 kB
Buffers:          107468 kB
Cached:          1179892 kB
MemTotal:        1844596 kB
MemFree:          171044 kB
MemAvailable:    1447084 kB
Buffers:          107468 kB
Cached:          1179892 kB
MemTotal:        1844596 kB
MemFree:          172360 kB
MemAvailable:    1448400 kB
Buffers:          107468 kB
Cached:          1179892 kB
MemTotal:        1844596 kB
MemFree:          172360 kB
MemAvailable:    1448400 kB
Buffers:          107468 kB
Cached:          1179892 kB
MemTotal:        1844596 kB
MemFree:          172376 kB
MemAvailable:    1448416 kB
Buffers:          107468 kB
Cached:          1179892 kB
MemTotal:        1844596 kB
MemFree:          172612 kB
MemAvailable:    1448652 kB
Buffers:          107468 kB
Cached:          1179892 kB
MemTotal:        1844596 kB
MemFree:          172160 kB
MemAvailable:    1448200 kB
Buffers:          107468 kB
Cached:          1179892 kB
MemTotal:        1844596 kB
MemFree:          172416 kB
MemAvailable:    1448456 kB
Buffers:          107468 kB
Cached:          1179892 kB
MemTotal:        1844596 kB
MemFree:          172376 kB
MemAvailable:    1448416 kB
Buffers:          107468 kB
Cached:          1179892 kB
MemTotal:        1844596 kB
MemFree:          171248 kB
MemAvailable:    1447288 kB
Buffers:          107468 kB
Cached:          1179892 kB
MemTotal:        1844596 kB
MemFree:          172492 kB
MemAvailable:    1448532 kB
Buffers:          107468 kB
Cached:          1179892 kB
MemTotal:        1844596 kB
MemFree:          171120 kB
MemAvailable:    1447160 kB
Buffers:          107468 kB
Cached:          1179892 kB
MemTotal:        1844596 kB
MemFree:          172436 kB
MemAvailable:    1448476 kB
Buffers:          107468 kB
Cached:          1179892 kB
MemTotal:        1844596 kB
MemFree:          171120 kB
MemAvailable:    1447160 kB
Buffers:          107468 kB
Cached:          1179892 kB
MemTotal:        1844596 kB
MemFree:          171176 kB
MemAvailable:    1447216 kB
Buffers:          107468 kB
Cached:          1179892 kB
MemTotal:        1844596 kB
MemFree:          170944 kB
MemAvailable:    1446984 kB
Buffers:          107468 kB
Cached:          1179892 kB
MemTotal:        1844596 kB
MemFree:          170948 kB
MemAvailable:    1446988 kB
Buffers:          107468 kB
Cached:          1179892 kB
MemTotal:        1844596 kB
MemFree:          169808 kB
MemAvailable:    1445848 kB
Buffers:          107468 kB
Cached:          1179892 kB
MemTotal:        1844596 kB
MemFree:          169800 kB
MemAvailable:    1445840 kB
Buffers:          107468 kB
Cached:          1179892 kB
MemTotal:        1844596 kB
MemFree:          167712 kB
MemAvailable:    1443752 kB
Buffers:          107468 kB
Cached:          1179892 kB
MemTotal:        1844596 kB
MemFree:          166348 kB
MemAvailable:    1442388 kB
Buffers:          107468 kB
Cached:          1179892 kB
MemTotal:        1844596 kB
MemFree:          163992 kB
MemAvailable:    1440032 kB
Buffers:          107468 kB
Cached:          1179892 kB
MemTotal:        1844596 kB
MemFree:          161076 kB
MemAvailable:    1437116 kB
Buffers:          107468 kB
Cached:          1179892 kB
MemTotal:        1844596 kB
MemFree:          157172 kB
MemAvailable:    1433212 kB
Buffers:          107468 kB
Cached:          1179892 kB
MemTotal:        1844596 kB
MemFree:          154132 kB
MemAvailable:    1430172 kB
Buffers:          107468 kB
Cached:          1179892 kB
MemTotal:        1844596 kB
MemFree:          152700 kB
MemAvailable:    1428740 kB
Buffers:          107468 kB
Cached:          1179892 kB
MemTotal:        1844596 kB
MemFree:          153808 kB
MemAvailable:    1429848 kB
Buffers:          107468 kB
Cached:          1179892 kB
MemTotal:        1844596 kB
MemFree:          153328 kB
MemAvailable:    1429368 kB
Buffers:          107468 kB
Cached:          1179892 kB
MemTotal:        1844596 kB
MemFree:          152772 kB
MemAvailable:    1428812 kB
Buffers:          107468 kB
Cached:          1179892 kB
MemTotal:        1844596 kB
MemFree:          153824 kB
MemAvailable:    1429864 kB
Buffers:          107468 kB
Cached:          1179892 kB
MemTotal:        1844596 kB
MemFree:          152840 kB
MemAvailable:    1428880 kB
Buffers:          107468 kB
Cached:          1179892 kB
MemTotal:        1844596 kB
MemFree:          153684 kB
MemAvailable:    1429724 kB
Buffers:          107468 kB
Cached:          1179892 kB
MemTotal:        1844596 kB
MemFree:          153576 kB
MemAvailable:    1429616 kB
Buffers:          107468 kB
Cached:          1179892 kB
MemTotal:        1844596 kB
MemFree:          152528 kB
MemAvailable:    1428568 kB
Buffers:          107468 kB
Cached:          1179892 kB
MemTotal:        1844596 kB
MemFree:          152528 kB
MemAvailable:    1428568 kB
Buffers:          107468 kB
Cached:          1179892 kB
MemTotal:        1844596 kB
MemFree:          153864 kB
MemAvailable:    1429904 kB
Buffers:          107468 kB
Cached:          1179892 kB
MemTotal:        1844596 kB
MemFree:          153740 kB
MemAvailable:    1429780 kB
Buffers:          107468 kB
Cached:          1179892 kB
MemTotal:        1844596 kB
MemFree:          153264 kB
MemAvailable:    1429304 kB
Buffers:          107468 kB
Cached:          1179892 kB
MemTotal:        1844596 kB
MemFree:          151964 kB
MemAvailable:    1428004 kB
Buffers:          107468 kB
Cached:          1179892 kB
MemTotal:        1844596 kB
MemFree:          152824 kB
MemAvailable:    1428864 kB
Buffers:          107468 kB
Cached:          1179892 kB
MemTotal:        1844596 kB
MemFree:          152716 kB
MemAvailable:    1428756 kB
Buffers:          107468 kB
Cached:          1179892 kB
MemTotal:        1844596 kB
MemFree:          151460 kB
MemAvailable:    1427500 kB
Buffers:          107468 kB
Cached:          1179892 kB
MemTotal:        1844596 kB
MemFree:          151668 kB
MemAvailable:    1427708 kB
Buffers:          107468 kB
Cached:          1179892 kB
MemTotal:        1844596 kB
MemFree:          152816 kB
MemAvailable:    1428856 kB
Buffers:          107468 kB
Cached:          1179892 kB
MemTotal:        1844596 kB
MemFree:          152832 kB
MemAvailable:    1428872 kB
Buffers:          107468 kB
Cached:          1179892 kB
MemTotal:        1844596 kB
MemFree:          151660 kB
MemAvailable:    1427700 kB
Buffers:          107468 kB
Cached:          1179892 kB
MemTotal:        1844596 kB
MemFree:          152900 kB
MemAvailable:    1428940 kB
Buffers:          107468 kB
Cached:          1179892 kB
MemTotal:        1844596 kB
MemFree:          152956 kB
MemAvailable:    1428996 kB
Buffers:          107468 kB
Cached:          1179892 kB
MemTotal:        1844596 kB
MemFree:          152868 kB
MemAvailable:    1428908 kB
Buffers:          107468 kB
Cached:          1179892 kB
MemTotal:        1844596 kB
MemFree:          152096 kB
MemAvailable:    1428136 kB
Buffers:          107468 kB
Cached:          1179892 kB
MemTotal:        1844596 kB
MemFree:          152816 kB
MemAvailable:    1428864 kB
Buffers:          107468 kB
Cached:          1179900 kB
MemTotal:        1844596 kB
MemFree:          152832 kB
MemAvailable:    1428880 kB
Buffers:          107468 kB
Cached:          1179900 kB
MemTotal:        1844596 kB
MemFree:          152944 kB
MemAvailable:    1428992 kB
Buffers:          107468 kB
Cached:          1179900 kB
MemTotal:        1844596 kB
MemFree:          151524 kB
MemAvailable:    1427572 kB
Buffers:          107468 kB
Cached:          1179900 kB
MemTotal:        1844596 kB
MemFree:          152188 kB
MemAvailable:    1428236 kB
Buffers:          107468 kB
Cached:          1179900 kB
MemTotal:        1844596 kB
MemFree:          153112 kB
MemAvailable:    1429160 kB
Buffers:          107468 kB
Cached:          1179900 kB
MemTotal:        1844596 kB
MemFree:          152344 kB
MemAvailable:    1428392 kB
Buffers:          107468 kB
Cached:          1179900 kB
MemTotal:        1844596 kB
MemFree:          151460 kB
MemAvailable:    1427508 kB
Buffers:          107468 kB
Cached:          1179900 kB
MemTotal:        1844596 kB
MemFree:          151452 kB
MemAvailable:    1427500 kB
Buffers:          107468 kB
Cached:          1179900 kB
MemTotal:        1844596 kB
MemFree:          150836 kB
MemAvailable:    1426884 kB
Buffers:          107468 kB
Cached:          1179900 kB
MemTotal:        1844596 kB
MemFree:          147112 kB
MemAvailable:    1423160 kB
Buffers:          107468 kB
Cached:          1179900 kB
MemTotal:        1844596 kB
MemFree:          147200 kB
MemAvailable:    1423248 kB
Buffers:          107468 kB
Cached:          1179900 kB
MemTotal:        1844596 kB
MemFree:          142044 kB
MemAvailable:    1418092 kB
Buffers:          107468 kB
Cached:          1179900 kB
MemTotal:        1844596 kB
MemFree:          139440 kB
MemAvailable:    1415488 kB
Buffers:          107468 kB
Cached:          1179900 kB
MemTotal:        1844596 kB
MemFree:          136960 kB
MemAvailable:    1413008 kB
Buffers:          107468 kB
Cached:          1179900 kB
MemTotal:        1844596 kB
MemFree:          134912 kB
MemAvailable:    1410960 kB
Buffers:          107468 kB
Cached:          1179900 kB
MemTotal:        1844596 kB
MemFree:          134908 kB
MemAvailable:    1410956 kB
Buffers:          107468 kB
Cached:          1179900 kB
MemTotal:        1844596 kB
MemFree:          134608 kB
MemAvailable:    1410656 kB
Buffers:          107468 kB
Cached:          1179900 kB
MemTotal:        1844596 kB
MemFree:          134572 kB
MemAvailable:    1410620 kB
Buffers:          107468 kB
Cached:          1179900 kB
MemTotal:        1844596 kB
MemFree:          134824 kB
MemAvailable:    1410872 kB
Buffers:          107468 kB
Cached:          1179900 kB
MemTotal:        1844596 kB
MemFree:          134624 kB
MemAvailable:    1410676 kB
Buffers:          107468 kB
Cached:          1179904 kB
MemTotal:        1844596 kB
MemFree:          134544 kB
MemAvailable:    1410596 kB
Buffers:          107468 kB
Cached:          1179904 kB
MemTotal:        1844596 kB
MemFree:          134796 kB
MemAvailable:    1410848 kB
Buffers:          107468 kB
Cached:          1179904 kB
MemTotal:        1844596 kB
MemFree:          134724 kB
MemAvailable:    1410776 kB
Buffers:          107468 kB
Cached:          1179904 kB
MemTotal:        1844596 kB
MemFree:          133744 kB
MemAvailable:    1409796 kB
Buffers:          107468 kB
Cached:          1179904 kB
MemTotal:        1844596 kB
MemFree:          134596 kB
MemAvailable:    1410648 kB
Buffers:          107468 kB
Cached:          1179904 kB
MemTotal:        1844596 kB
MemFree:          134848 kB
MemAvailable:    1410900 kB
Buffers:          107468 kB
Cached:          1179904 kB
MemTotal:        1844596 kB
MemFree:          134556 kB
MemAvailable:    1410608 kB
Buffers:          107468 kB
Cached:          1179904 kB
MemTotal:        1844596 kB
MemFree:          134736 kB
MemAvailable:    1410788 kB
Buffers:          107468 kB
Cached:          1179904 kB
MemTotal:        1844596 kB
MemFree:          133868 kB
MemAvailable:    1409920 kB
Buffers:          107468 kB
Cached:          1179904 kB
MemTotal:        1844596 kB
MemFree:          134524 kB
MemAvailable:    1410576 kB
Buffers:          107468 kB
Cached:          1179904 kB
MemTotal:        1844596 kB
MemFree:          134620 kB
MemAvailable:    1410672 kB
Buffers:          107468 kB
Cached:          1179904 kB
MemTotal:        1844596 kB
MemFree:          134480 kB
MemAvailable:    1410532 kB
Buffers:          107468 kB
Cached:          1179904 kB
MemTotal:        1844596 kB
MemFree:          134812 kB
MemAvailable:    1410864 kB
Buffers:          107468 kB
Cached:          1179904 kB
MemTotal:        1844596 kB
MemFree:          133484 kB
MemAvailable:    1409536 kB
Buffers:          107468 kB
Cached:          1179904 kB
MemTotal:        1844596 kB
MemFree:          134912 kB
MemAvailable:    1410964 kB
Buffers:          107468 kB
Cached:          1179904 kB
MemTotal:        1844596 kB
MemFree:          134612 kB
MemAvailable:    1410664 kB
Buffers:          107468 kB
Cached:          1179904 kB
MemTotal:        1844596 kB
MemFree:          134480 kB
MemAvailable:    1410532 kB
Buffers:          107468 kB
Cached:          1179904 kB
MemTotal:        1844596 kB
MemFree:          133472 kB
MemAvailable:    1409524 kB
Buffers:          107468 kB
Cached:          1179904 kB
MemTotal:        1844596 kB
MemFree:          134532 kB
MemAvailable:    1410584 kB
Buffers:          107468 kB
Cached:          1179904 kB
MemTotal:        1844596 kB
MemFree:          134488 kB
MemAvailable:    1410540 kB
Buffers:          107468 kB
Cached:          1179904 kB
MemTotal:        1844596 kB
MemFree:          134472 kB
MemAvailable:    1410524 kB
Buffers:          107468 kB
Cached:          1179904 kB
MemTotal:        1844596 kB
MemFree:          134584 kB
MemAvailable:    1410636 kB
Buffers:          107468 kB
Cached:          1179904 kB
MemTotal:        1844596 kB
MemFree:          134836 kB
MemAvailable:    1410888 kB
Buffers:          107468 kB
Cached:          1179904 kB
MemTotal:        1844596 kB
MemFree:          134600 kB
MemAvailable:    1410652 kB
Buffers:          107468 kB
Cached:          1179904 kB
MemTotal:        1844596 kB
MemFree:          133300 kB
MemAvailable:    1409352 kB
Buffers:          107468 kB
Cached:          1179904 kB
MemTotal:        1844596 kB
MemFree:          133300 kB
MemAvailable:    1409352 kB
Buffers:          107468 kB
Cached:          1179904 kB
MemTotal:        1844596 kB
MemFree:          133424 kB
MemAvailable:    1409476 kB
Buffers:          107468 kB
Cached:          1179904 kB
MemTotal:        1844596 kB
MemFree:          133420 kB
MemAvailable:    1409472 kB
Buffers:          107468 kB
Cached:          1179904 kB
MemTotal:        1844596 kB
MemFree:          134572 kB
MemAvailable:    1410624 kB
Buffers:          107468 kB
Cached:          1179904 kB
MemTotal:        1844596 kB
MemFree:          133372 kB
MemAvailable:    1409424 kB
Buffers:          107468 kB
Cached:          1179904 kB
MemTotal:        1844596 kB
MemFree:          134516 kB
MemAvailable:    1410568 kB
Buffers:          107468 kB
Cached:          1179904 kB
MemTotal:        1844596 kB
MemFree:          134488 kB
MemAvailable:    1410540 kB
Buffers:          107468 kB
Cached:          1179904 kB
MemTotal:        1844596 kB
MemFree:          131440 kB
MemAvailable:    1407492 kB
Buffers:          107468 kB
Cached:          1179904 kB
MemTotal:        1844596 kB
MemFree:          125924 kB
MemAvailable:    1401976 kB
Buffers:          107468 kB
Cached:          1179904 kB
MemTotal:        1844596 kB
MemFree:          125764 kB
MemAvailable:    1401816 kB
Buffers:          107468 kB
Cached:          1179904 kB
MemTotal:        1844596 kB
MemFree:          118608 kB
MemAvailable:    1394660 kB
Buffers:          107468 kB
Cached:          1179904 kB
MemTotal:        1844596 kB
MemFree:          118128 kB
MemAvailable:    1394180 kB
Buffers:          107468 kB
Cached:          1179904 kB
MemTotal:        1844596 kB
MemFree:          117552 kB
MemAvailable:    1393604 kB
Buffers:          107468 kB
Cached:          1179904 kB
MemTotal:        1844596 kB
MemFree:          116500 kB
MemAvailable:    1392552 kB
Buffers:          107468 kB
Cached:          1179904 kB
MemTotal:        1844596 kB
MemFree:          116128 kB
MemAvailable:    1392180 kB
Buffers:          107468 kB
Cached:          1179904 kB
MemTotal:        1844596 kB
MemFree:          116376 kB
MemAvailable:    1392428 kB
Buffers:          107468 kB
Cached:          1179904 kB
MemTotal:        1844596 kB
MemFree:          116376 kB
MemAvailable:    1392428 kB
Buffers:          107468 kB
Cached:          1179904 kB
MemTotal:        1844596 kB
MemFree:          114972 kB
MemAvailable:    1391024 kB
Buffers:          107468 kB
Cached:          1179904 kB
MemTotal:        1844596 kB
MemFree:          116328 kB
MemAvailable:    1392380 kB
Buffers:          107468 kB
Cached:          1179904 kB
MemTotal:        1844596 kB
MemFree:          116248 kB
MemAvailable:    1392300 kB
Buffers:          107468 kB
Cached:          1179904 kB
MemTotal:        1844596 kB
MemFree:          116136 kB
MemAvailable:    1392188 kB
Buffers:          107468 kB
Cached:          1179904 kB
MemTotal:        1844596 kB
MemFree:          116064 kB
MemAvailable:    1392116 kB
Buffers:          107468 kB
Cached:          1179904 kB
MemTotal:        1844596 kB
MemFree:          115692 kB
MemAvailable:    1391744 kB
Buffers:          107468 kB
Cached:          1179904 kB
MemTotal:        1844596 kB
MemFree:          115860 kB
MemAvailable:    1391912 kB
Buffers:          107468 kB
Cached:          1179904 kB
MemTotal:        1844596 kB
MemFree:          115752 kB
MemAvailable:    1391804 kB
Buffers:          107468 kB
Cached:          1179904 kB
MemTotal:        1844596 kB
MemFree:          115680 kB
MemAvailable:    1391732 kB
Buffers:          107468 kB
Cached:          1179904 kB
MemTotal:        1844596 kB
MemFree:          114400 kB
MemAvailable:    1390452 kB
Buffers:          107468 kB
Cached:          1179904 kB
MemTotal:        1844596 kB
MemFree:          115204 kB
MemAvailable:    1391256 kB
Buffers:          107468 kB
Cached:          1179904 kB
MemTotal:        1844596 kB
MemFree:          114028 kB
MemAvailable:    1390080 kB
Buffers:          107468 kB
Cached:          1179904 kB
MemTotal:        1844596 kB
MemFree:          114144 kB
MemAvailable:    1390196 kB
Buffers:          107468 kB
Cached:          1179904 kB
MemTotal:        1844596 kB
MemFree:          114144 kB
MemAvailable:    1390196 kB
Buffers:          107468 kB
Cached:          1179904 kB
MemTotal:        1844596 kB
MemFree:          112416 kB
MemAvailable:    1388468 kB
Buffers:          107468 kB
Cached:          1179904 kB
MemTotal:        1844596 kB
MemFree:          113020 kB
MemAvailable:    1389072 kB
Buffers:          107468 kB
Cached:          1179904 kB
MemTotal:        1844596 kB
MemFree:          113020 kB
MemAvailable:    1389072 kB
Buffers:          107468 kB
Cached:          1179904 kB
MemTotal:        1844596 kB
MemFree:          112096 kB
MemAvailable:    1388148 kB
Buffers:          107468 kB
Cached:          1179904 kB
MemTotal:        1844596 kB
MemFree:          110912 kB
MemAvailable:    1386964 kB
Buffers:          107468 kB
Cached:          1179904 kB
MemTotal:        1844596 kB
MemFree:          111248 kB
MemAvailable:    1387300 kB
Buffers:          107468 kB
Cached:          1179904 kB
MemTotal:        1844596 kB
MemFree:          110304 kB
MemAvailable:    1386356 kB
Buffers:          107468 kB
Cached:          1179904 kB
MemTotal:        1844596 kB
MemFree:          108800 kB
MemAvailable:    1384852 kB
Buffers:          107468 kB
Cached:          1179904 kB
MemTotal:        1844596 kB
MemFree:          108760 kB
MemAvailable:    1384812 kB
Buffers:          107468 kB
Cached:          1179904 kB
MemTotal:        1844596 kB
MemFree:          110056 kB
MemAvailable:    1386108 kB
Buffers:          107468 kB
Cached:          1179904 kB
MemTotal:        1844596 kB
MemFree:          109900 kB
MemAvailable:    1385952 kB
Buffers:          107468 kB
Cached:          1179904 kB
MemTotal:        1844596 kB
MemFree:          110236 kB
MemAvailable:    1386288 kB
Buffers:          107468 kB
Cached:          1179904 kB
MemTotal:        1844596 kB
MemFree:          108912 kB
MemAvailable:    1384964 kB
Buffers:          107468 kB
Cached:          1179904 kB
MemTotal:        1844596 kB
MemFree:          108904 kB
MemAvailable:    1384956 kB
Buffers:          107468 kB
Cached:          1179904 kB
MemTotal:        1844596 kB
MemFree:          107456 kB
MemAvailable:    1383508 kB
Buffers:          107468 kB
Cached:          1179904 kB
MemTotal:        1844596 kB
MemFree:          108432 kB
MemAvailable:    1384492 kB
Buffers:          107468 kB
Cached:          1179912 kB
MemTotal:        1844596 kB
MemFree:          108324 kB
MemAvailable:    1384384 kB
Buffers:          107468 kB
Cached:          1179912 kB
MemTotal:        1844596 kB
MemFree:          107152 kB
MemAvailable:    1383212 kB
Buffers:          107468 kB
Cached:          1179912 kB
MemTotal:        1844596 kB
MemFree:          107320 kB
MemAvailable:    1383380 kB
Buffers:          107468 kB
Cached:          1179912 kB
MemTotal:        1844596 kB
MemFree:          108416 kB
MemAvailable:    1384476 kB
Buffers:          107468 kB
Cached:          1179912 kB
MemTotal:        1844596 kB
MemFree:          108416 kB
MemAvailable:    1384476 kB
Buffers:          107468 kB
Cached:          1179912 kB
MemTotal:        1844596 kB
MemFree:          107152 kB
MemAvailable:    1383212 kB
Buffers:          107468 kB
Cached:          1179912 kB
MemTotal:        1844596 kB
MemFree:          108128 kB
MemAvailable:    1384188 kB
Buffers:          107468 kB
Cached:          1179912 kB
MemTotal:        1844596 kB
MemFree:          108464 kB
MemAvailable:    1384524 kB
Buffers:          107468 kB
Cached:          1179912 kB
MemTotal:        1844596 kB
MemFree:          108488 kB
MemAvailable:    1384548 kB
Buffers:          107468 kB
Cached:          1179912 kB
MemTotal:        1844596 kB
MemFree:          107008 kB
MemAvailable:    1383068 kB
Buffers:          107468 kB
Cached:          1179912 kB
MemTotal:        1844596 kB
MemFree:          107572 kB
MemAvailable:    1383632 kB
Buffers:          107468 kB
Cached:          1179912 kB
MemTotal:        1844596 kB
MemFree:          108248 kB
MemAvailable:    1384308 kB
Buffers:          107468 kB
Cached:          1179912 kB
MemTotal:        1844596 kB
MemFree:          108584 kB
MemAvailable:    1384644 kB
Buffers:          107468 kB
Cached:          1179912 kB
MemTotal:        1844596 kB
MemFree:          107308 kB
MemAvailable:    1383368 kB
Buffers:          107468 kB
Cached:          1179912 kB
MemTotal:        1844596 kB
MemFree:          108308 kB
MemAvailable:    1384368 kB
Buffers:          107468 kB
Cached:          1179912 kB
MemTotal:        1844596 kB
MemFree:          108560 kB
MemAvailable:    1384620 kB
Buffers:          107468 kB
Cached:          1179912 kB
MemTotal:        1844596 kB
MemFree:          107152 kB
MemAvailable:    1383212 kB
Buffers:          107468 kB
Cached:          1179912 kB
MemTotal:        1844596 kB
MemFree:          107152 kB
MemAvailable:    1383212 kB
Buffers:          107468 kB
Cached:          1179912 kB
MemTotal:        1844596 kB
MemFree:          108296 kB
MemAvailable:    1384356 kB
Buffers:          107468 kB
Cached:          1179912 kB
MemTotal:        1844596 kB
MemFree:          108324 kB
MemAvailable:    1384384 kB
Buffers:          107468 kB
Cached:          1179912 kB
MemTotal:        1844596 kB
MemFree:          108436 kB
MemAvailable:    1384496 kB
Buffers:          107468 kB
Cached:          1179912 kB
MemTotal:        1844596 kB
MemFree:          106940 kB
MemAvailable:    1383000 kB
Buffers:          107468 kB
Cached:          1179912 kB
MemTotal:        1844596 kB
MemFree:          108364 kB
MemAvailable:    1384424 kB
Buffers:          107468 kB
Cached:          1179912 kB
MemTotal:        1844596 kB
MemFree:          108364 kB
MemAvailable:    1384424 kB
Buffers:          107468 kB
Cached:          1179912 kB
MemTotal:        1844596 kB
MemFree:          108484 kB
MemAvailable:    1384544 kB
Buffers:          107468 kB
Cached:          1179912 kB
MemTotal:        1844596 kB
MemFree:          108084 kB
MemAvailable:    1384144 kB
Buffers:          107468 kB
Cached:          1179912 kB
MemTotal:        1844596 kB
MemFree:          108316 kB
MemAvailable:    1384376 kB
Buffers:          107468 kB
Cached:          1179912 kB
MemTotal:        1844596 kB
MemFree:          108652 kB
MemAvailable:    1384712 kB
Buffers:          107468 kB
Cached:          1179912 kB
MemTotal:        1844596 kB
MemFree:          108568 kB
MemAvailable:    1384628 kB
Buffers:          107468 kB
Cached:          1179912 kB
MemTotal:        1844596 kB
MemFree:          108524 kB
MemAvailable:    1384584 kB
Buffers:          107468 kB
Cached:          1179912 kB
MemTotal:        1844596 kB
MemFree:          108256 kB
MemAvailable:    1384316 kB
Buffers:          107468 kB
Cached:          1179912 kB
MemTotal:        1844596 kB
MemFree:          108508 kB
MemAvailable:    1384568 kB
Buffers:          107468 kB
Cached:          1179912 kB
MemTotal:        1844596 kB
MemFree:          108436 kB
MemAvailable:    1384496 kB
Buffers:          107468 kB
Cached:          1179912 kB
MemTotal:        1844596 kB
MemFree:          107148 kB
MemAvailable:    1383208 kB
Buffers:          107468 kB
Cached:          1179912 kB
MemTotal:        1844596 kB
MemFree:          108352 kB
MemAvailable:    1384412 kB
Buffers:          107468 kB
Cached:          1179912 kB
MemTotal:        1844596 kB
MemFree:          108524 kB
MemAvailable:    1384584 kB
Buffers:          107468 kB
Cached:          1179912 kB
MemTotal:        1844596 kB
MemFree:          107068 kB
MemAvailable:    1383128 kB
Buffers:          107468 kB
Cached:          1179912 kB
MemTotal:        1844596 kB
MemFree:          107152 kB
MemAvailable:    1383212 kB
Buffers:          107468 kB
Cached:          1179912 kB
MemTotal:        1844596 kB
MemFree:          107188 kB
MemAvailable:    1383248 kB
Buffers:          107468 kB
Cached:          1179912 kB
MemTotal:        1844596 kB
MemFree:          107184 kB
MemAvailable:    1383244 kB
Buffers:          107468 kB
Cached:          1179912 kB
MemTotal:        1844596 kB
MemFree:          108368 kB
MemAvailable:    1384428 kB
Buffers:          107468 kB
Cached:          1179912 kB
MemTotal:        1844596 kB
MemFree:          108076 kB
MemAvailable:    1384136 kB
Buffers:          107468 kB
Cached:          1179912 kB
MemTotal:        1844596 kB
MemFree:          105968 kB
MemAvailable:    1382028 kB
Buffers:          107468 kB
Cached:          1179912 kB
MemTotal:        1844596 kB
MemFree:          103672 kB
MemAvailable:    1379732 kB
Buffers:          107468 kB
Cached:          1179912 kB
MemTotal:        1844596 kB
MemFree:          101016 kB
MemAvailable:    1377076 kB
Buffers:          107468 kB
Cached:          1179912 kB
MemTotal:        1844596 kB
MemFree:           98520 kB
MemAvailable:    1374580 kB
Buffers:          107468 kB
Cached:          1179912 kB
MemTotal:        1844596 kB
MemFree:           97916 kB
MemAvailable:    1373976 kB
Buffers:          107468 kB
Cached:          1179912 kB
MemTotal:        1844596 kB
MemFree:           94436 kB
MemAvailable:    1370496 kB
Buffers:          107468 kB
Cached:          1179912 kB
MemTotal:        1844596 kB
MemFree:           91088 kB
MemAvailable:    1367148 kB
Buffers:          107468 kB
Cached:          1179912 kB
MemTotal:        1844596 kB
MemFree:           88360 kB
MemAvailable:    1364420 kB
Buffers:          107468 kB
Cached:          1179912 kB
MemTotal:        1844596 kB
MemFree:           89288 kB
MemAvailable:    1365348 kB
Buffers:          107468 kB
Cached:          1179912 kB
MemTotal:        1844596 kB
MemFree:           89288 kB
MemAvailable:    1365348 kB
Buffers:          107468 kB
Cached:          1179912 kB
MemTotal:        1844596 kB
MemFree:           89156 kB
MemAvailable:    1365216 kB
Buffers:          107468 kB
Cached:          1179912 kB
MemTotal:        1844596 kB
MemFree:           88952 kB
MemAvailable:    1365012 kB
Buffers:          107468 kB
Cached:          1179912 kB
MemTotal:        1844596 kB
MemFree:           88952 kB
MemAvailable:    1365012 kB
Buffers:          107468 kB
Cached:          1179912 kB
MemTotal:        1844596 kB
MemFree:           89020 kB
MemAvailable:    1365080 kB
Buffers:          107468 kB
Cached:          1179912 kB
MemTotal:        1844596 kB
MemFree:           88848 kB
MemAvailable:    1364908 kB
Buffers:          107468 kB
Cached:          1179912 kB
MemTotal:        1844596 kB
MemFree:           89184 kB
MemAvailable:    1365244 kB
Buffers:          107468 kB
Cached:          1179912 kB
MemTotal:        1844596 kB
MemFree:           89164 kB
MemAvailable:    1365224 kB
Buffers:          107468 kB
Cached:          1179912 kB
MemTotal:        1844596 kB
MemFree:           87740 kB
MemAvailable:    1363800 kB
Buffers:          107468 kB
Cached:          1179912 kB
MemTotal:        1844596 kB
MemFree:           89104 kB
MemAvailable:    1365164 kB
Buffers:          107468 kB
Cached:          1179912 kB
MemTotal:        1844596 kB
MemFree:           87692 kB
MemAvailable:    1363752 kB
Buffers:          107468 kB
Cached:          1179912 kB
MemTotal:        1844596 kB
MemFree:           88868 kB
MemAvailable:    1364928 kB
Buffers:          107468 kB
Cached:          1179912 kB
MemTotal:        1844596 kB
MemFree:           87296 kB
MemAvailable:    1363356 kB
Buffers:          107468 kB
Cached:          1179912 kB
MemTotal:        1844596 kB
MemFree:           88816 kB
MemAvailable:    1364876 kB
Buffers:          107468 kB
Cached:          1179912 kB
MemTotal:        1844596 kB
MemFree:           87740 kB
MemAvailable:    1363800 kB
Buffers:          107468 kB
Cached:          1179912 kB
MemTotal:        1844596 kB
MemFree:           88436 kB
MemAvailable:    1364496 kB
Buffers:          107468 kB
Cached:          1179912 kB
MemTotal:        1844596 kB
MemFree:           88772 kB
MemAvailable:    1364832 kB
Buffers:          107468 kB
Cached:          1179912 kB
MemTotal:        1844596 kB
MemFree:           87448 kB
MemAvailable:    1363508 kB
Buffers:          107468 kB
Cached:          1179912 kB
MemTotal:        1844596 kB
MemFree:           87448 kB
MemAvailable:    1363508 kB
Buffers:          107468 kB
Cached:          1179912 kB
MemTotal:        1844596 kB
MemFree:           88660 kB
MemAvailable:    1364720 kB
Buffers:          107468 kB
Cached:          1179912 kB
MemTotal:        1844596 kB
MemFree:           88112 kB
MemAvailable:    1364172 kB
Buffers:          107468 kB
Cached:          1179912 kB
MemTotal:        1844596 kB
MemFree:           87356 kB
MemAvailable:    1363416 kB
Buffers:          107468 kB
Cached:          1179912 kB
MemTotal:        1844596 kB
MemFree:           86976 kB
MemAvailable:    1363036 kB
Buffers:          107468 kB
Cached:          1179912 kB
MemTotal:        1844596 kB
MemFree:           88352 kB
MemAvailable:    1364424 kB
Buffers:          107468 kB
Cached:          1179924 kB
MemTotal:        1844596 kB
MemFree:           87980 kB
MemAvailable:    1364052 kB
Buffers:          107468 kB
Cached:          1179924 kB
MemTotal:        1844596 kB
MemFree:           78384 kB
MemAvailable:    1354456 kB
Buffers:          107468 kB
Cached:          1179924 kB
MemTotal:        1844596 kB
MemFree:           78276 kB
MemAvailable:    1354348 kB
Buffers:          107468 kB
Cached:          1179924 kB
MemTotal:        1844596 kB
MemFree:           77572 kB
MemAvailable:    1353644 kB
Buffers:          107468 kB
Cached:          1179924 kB
MemTotal:        1844596 kB
MemFree:           77564 kB
MemAvailable:    1353636 kB
Buffers:          107468 kB
Cached:          1179924 kB
MemTotal:        1844596 kB
MemFree:           77696 kB
MemAvailable:    1353768 kB
Buffers:          107468 kB
Cached:          1179924 kB
MemTotal:        1844596 kB
MemFree:           78476 kB
MemAvailable:    1354548 kB
Buffers:          107468 kB
Cached:          1179924 kB
MemTotal:        1844596 kB
MemFree:           78572 kB
MemAvailable:    1354644 kB
Buffers:          107468 kB
Cached:          1179924 kB
MemTotal:        1844596 kB
MemFree:           77572 kB
MemAvailable:    1353644 kB
Buffers:          107468 kB
Cached:          1179924 kB
MemTotal:        1844596 kB
MemFree:           77544 kB
MemAvailable:    1353616 kB
Buffers:          107468 kB
Cached:          1179924 kB
MemTotal:        1844596 kB
MemFree:           76332 kB
MemAvailable:    1352404 kB
Buffers:          107468 kB
Cached:          1179924 kB
MemTotal:        1844596 kB
MemFree:           77020 kB
MemAvailable:    1353092 kB
Buffers:          107468 kB
Cached:          1179924 kB
MemTotal:        1844596 kB
MemFree:           77272 kB
MemAvailable:    1353344 kB
Buffers:          107472 kB
Cached:          1179920 kB
MemTotal:        1844596 kB
MemFree:           76632 kB
MemAvailable:    1352872 kB
Buffers:          107472 kB
Cached:          1180044 kB
MemTotal:        1844596 kB
MemFree:           76448 kB
MemAvailable:    1352688 kB
Buffers:          107472 kB
Cached:          1180168 kB
MemTotal:        1844596 kB
MemFree:           76636 kB
MemAvailable:    1353044 kB
Buffers:          107472 kB
Cached:          1180292 kB
MemTotal:        1844596 kB
MemFree:           76636 kB
MemAvailable:    1353044 kB
Buffers:          107472 kB
Cached:          1180292 kB
MemTotal:        1844596 kB
MemFree:           76136 kB
MemAvailable:    1352712 kB
Buffers:          107472 kB
Cached:          1180540 kB
MemTotal:        1844596 kB
MemFree:           74976 kB
MemAvailable:    1351636 kB
Buffers:          107472 kB
Cached:          1180540 kB
MemTotal:        1844596 kB
MemFree:           75828 kB
MemAvailable:    1352488 kB
Buffers:          107472 kB
Cached:          1180540 kB
MemTotal:        1844596 kB
MemFree:           75960 kB
MemAvailable:    1352620 kB
Buffers:          107472 kB
Cached:          1180540 kB
MemTotal:        1844596 kB
MemFree:           76004 kB
MemAvailable:    1352664 kB
Buffers:          107472 kB
Cached:          1180540 kB
MemTotal:        1844596 kB
MemFree:           75092 kB
MemAvailable:    1351752 kB
Buffers:          107472 kB
Cached:          1180540 kB
MemTotal:        1844596 kB
MemFree:           76136 kB
MemAvailable:    1352836 kB
Buffers:          107472 kB
Cached:          1180548 kB
MemTotal:        1844596 kB
MemFree:           75100 kB
MemAvailable:    1351800 kB
Buffers:          107472 kB
Cached:          1180548 kB
MemTotal:        1844596 kB
MemFree:           75780 kB
MemAvailable:    1352480 kB
Buffers:          107472 kB
Cached:          1180548 kB
MemTotal:        1844596 kB
MemFree:           75780 kB
MemAvailable:    1352480 kB
Buffers:          107472 kB
Cached:          1180548 kB
MemTotal:        1844596 kB
MemFree:           75624 kB
MemAvailable:    1352492 kB
Buffers:          107472 kB
Cached:          1180796 kB
MemTotal:        1844596 kB
MemFree:           75472 kB
MemAvailable:    1352340 kB
Buffers:          107472 kB
Cached:          1180796 kB
MemTotal:        1844596 kB
MemFree:           76288 kB
MemAvailable:    1352400 kB
Buffers:          107472 kB
Cached:          1180040 kB
MemTotal:        1844596 kB
MemFree:           80244 kB
MemAvailable:    1356440 kB
Buffers:          107472 kB
Cached:          1180040 kB
MemTotal:        1844596 kB
MemFree:          223964 kB
MemAvailable:    1500076 kB
Buffers:          107472 kB
Cached:          1180040 kB
MemTotal:        1844596 kB
MemFree:          269796 kB
MemAvailable:    1545908 kB
Buffers:          107472 kB
Cached:          1180040 kB
