MemTotal:        1844596 kB
MemFree:          274668 kB
MemAvailable:    1546740 kB
Buffers:          107304 kB
Cached:          1176344 kB
MemTotal:        1844596 kB
MemFree:          245892 kB
MemAvailable:    1517968 kB
Buffers:          107304 kB
Cached:          1176348 kB
MemTotal:        1844596 kB
MemFree:          245232 kB
MemAvailable:    1517308 kB
Buffers:          107304 kB
Cached:          1176348 kB
MemTotal:        1844596 kB
MemFree:          246156 kB
MemAvailable:    1518232 kB
Buffers:          107304 kB
Cached:          1176348 kB
MemTotal:        1844596 kB
MemFree:          245040 kB
MemAvailable:    1517116 kB
Buffers:          107304 kB
Cached:          1176348 kB
MemTotal:        1844596 kB
MemFree:          243616 kB
MemAvailable:    1515692 kB
Buffers:          107304 kB
Cached:          1176348 kB
MemTotal:        1844596 kB
MemFree:          243316 kB
MemAvailable:    1515392 kB
Buffers:          107304 kB
Cached:          1176348 kB
MemTotal:        1844596 kB
MemFree:          240568 kB
MemAvailable:    1512644 kB
Buffers:          107304 kB
Cached:          1176348 kB
MemTotal:        1844596 kB
MemFree:          240584 kB
MemAvailable:    1512660 kB
Buffers:          107304 kB
Cached:          1176348 kB
MemTotal:        1844596 kB
MemFree:          236732 kB
MemAvailable:    1508808 kB
Buffers:          107304 kB
Cached:          1176348 kB
MemTotal:        1844596 kB
MemFree:          235120 kB
MemAvailable:    1507196 kB
Buffers:          107304 kB
Cached:          1176348 kB
MemTotal:        1844596 kB
MemFree:          234652 kB
MemAvailable:    1506728 kB
Buffers:          107304 kB
Cached:          1176348 kB
MemTotal:        1844596 kB
MemFree:          233676 kB
MemAvailable:    1505752 kB
Buffers:          107304 kB
Cached:          1176348 kB
MemTotal:        1844596 kB
MemFree:          233676 kB
MemAvailable:    1505752 kB
Buffers:          107304 kB
Cached:          1176348 kB
MemTotal:        1844596 kB
MemFree:          234976 kB
MemAvailable:    1507052 kB
Buffers:          107304 kB
Cached:          1176348 kB
MemTotal:        1844596 kB
MemFree:          233640 kB
MemAvailable:    1505716 kB
Buffers:          107304 kB
Cached:          1176348 kB
MemTotal:        1844596 kB
MemFree:          234616 kB
MemAvailable:    1506692 kB
Buffers:          107304 kB
Cached:          1176348 kB
MemTotal:        1844596 kB
MemFree:          234508 kB
MemAvailable:    1506584 kB
Buffers:          107304 kB
Cached:          1176348 kB
MemTotal:        1844596 kB
MemFree:          234104 kB
MemAvailable:    1506180 kB
Buffers:          107304 kB
Cached:          1176348 kB
MemTotal:        1844596 kB
MemFree:          233624 kB
MemAvailable:    1505700 kB
Buffers:          107304 kB
Cached:          1176348 kB
MemTotal:        1844596 kB
MemFree:          232952 kB
MemAvailable:    1505028 kB
Buffers:          107304 kB
Cached:          1176348 kB
MemTotal:        1844596 kB
MemFree:          234164 kB
MemAvailable:    1506240 kB
Buffers:          107304 kB
Cached:          1176348 kB
MemTotal:        1844596 kB
MemFree:          233392 kB
MemAvailable:    1505468 kB
Buffers:          107304 kB
Cached:          1176348 kB
MemTotal:        1844596 kB
MemFree:          233816 kB
MemAvailable:    1505892 kB
Buffers:          107304 kB
Cached:          1176348 kB
MemTotal:        1844596 kB
MemFree:          234152 kB
MemAvailable:    1506228 kB
Buffers:          107304 kB
Cached:          1176348 kB
MemTotal:        1844596 kB
MemFree:          233376 kB
MemAvailable:    1505452 kB
Buffers:          107304 kB
Cached:          1176348 kB
MemTotal:        1844596 kB
MemFree:          233268 kB
MemAvailable:    1505344 kB
Buffers:          107304 kB
Cached:          1176348 kB
MemTotal:        1844596 kB
MemFree:          231972 kB
MemAvailable:    1504048 kB
Buffers:          107304 kB
Cached:          1176348 kB
MemTotal:        1844596 kB
MemFree:          233072 kB
MemAvailable:    1505148 kB
Buffers:          107304 kB
Cached:          1176348 kB
MemTotal:        1844596 kB
MemFree:          233072 kB
MemAvailable:    1505148 kB
Buffers:          107304 kB
Cached:          1176348 kB
MemTotal:        1844596 kB
MemFree:          232268 kB
MemAvailable:    1504344 kB
Buffers:          107304 kB
Cached:          1176348 kB
MemTotal:        1844596 kB
MemFree:          232196 kB
MemAvailable:    1504272 kB
Buffers:          107304 kB
Cached:          1176348 kB
MemTotal:        1844596 kB
MemFree:          231152 kB
MemAvailable:    1503228 kB
Buffers:          107304 kB
Cached:          1176348 kB
MemTotal:        1844596 kB
MemFree:          231576 kB
MemAvailable:    1503652 kB
Buffers:          107304 kB
Cached:          1176348 kB
MemTotal:        1844596 kB
MemFree:          231828 kB
MemAvailable:    1503904 kB
Buffers:          107304 kB
Cached:          1176348 kB
MemTotal:        1844596 kB
MemFree:          231632 kB
MemAvailable:    1503708 kB
Buffers:          107304 kB
Cached:          1176348 kB
MemTotal:        1844596 kB
MemFree:          231884 kB
MemAvailable:    1503960 kB
Buffers:          107304 kB
Cached:          1176348 kB
MemTotal:        1844596 kB
MemFree:          231620 kB
MemAvailable:    1503696 kB
Buffers:          107304 kB
Cached:          1176348 kB
MemTotal:        1844596 kB
MemFree:          231956 kB
MemAvailable:    1504032 kB
Buffers:          107304 kB
Cached:          1176348 kB
MemTotal:        1844596 kB
MemFree:          230472 kB
MemAvailable:    1502548 kB
Buffers:          107304 kB
Cached:          1176348 kB
MemTotal:        1844596 kB
MemFree:          231012 kB
MemAvailable:    1503088 kB
Buffers:          107304 kB
Cached:          1176348 kB
MemTotal:        1844596 kB
MemFree:          231012 kB
MemAvailable:    1503088 kB
Buffers:          107304 kB
Cached:          1176348 kB
MemTotal:        1844596 kB
MemFree:          227060 kB
MemAvailable:    1499140 kB
Buffers:          107304 kB
Cached:          1176352 kB
MemTotal:        1844596 kB
MemFree:          226300 kB
MemAvailable:    1498380 kB
Buffers:          107304 kB
Cached:          1176352 kB
MemTotal:        1844596 kB
MemFree:          226384 kB
MemAvailable:    1498464 kB
Buffers:          107304 kB
Cached:          1176352 kB
MemTotal:        1844596 kB
MemFree:          224940 kB
MemAvailable:    1497020 kB
Buffers:          107304 kB
Cached:          1176352 kB
MemTotal:        1844596 kB
MemFree:          226256 kB
MemAvailable:    1498336 kB
Buffers:          107304 kB
Cached:          1176352 kB
MemTotal:        1844596 kB
MemFree:          226256 kB
MemAvailable:    1498336 kB
Buffers:          107304 kB
Cached:          1176352 kB
MemTotal:        1844596 kB
MemFree:          224888 kB
MemAvailable:    1496968 kB
Buffers:          107304 kB
Cached:          1176352 kB
MemTotal:        1844596 kB
MemFree:          224748 kB
MemAvailable:    1496828 kB
Buffers:          107304 kB
Cached:          1176352 kB
MemTotal:        1844596 kB
MemFree:          225864 kB
MemAvailable:    1497944 kB
Buffers:          107304 kB
Cached:          1176352 kB
MemTotal:        1844596 kB
MemFree:          225952 kB
MemAvailable:    1498032 kB
Buffers:          107304 kB
Cached:          1176352 kB
MemTotal:        1844596 kB
MemFree:          225764 kB
MemAvailable:    1497844 kB
Buffers:          107304 kB
Cached:          1176352 kB
MemTotal:        1844596 kB
MemFree:          225200 kB
MemAvailable:    1497280 kB
Buffers:          107304 kB
Cached:          1176352 kB
MemTotal:        1844596 kB
MemFree:          225944 kB
MemAvailable:    1498024 kB
Buffers:          107304 kB
Cached:          1176352 kB
MemTotal:        1844596 kB
MemFree:          224656 kB
MemAvailable:    1496736 kB
Buffers:          107304 kB
Cached:          1176352 kB
MemTotal:        1844596 kB
MemFree:          225956 kB
MemAvailable:    1498036 kB
Buffers:          107304 kB
Cached:          1176352 kB
MemTotal:        1844596 kB
MemFree:          224776 kB
MemAvailable:    1496856 kB
Buffers:          107304 kB
Cached:          1176352 kB
MemTotal:        1844596 kB
MemFree:          220356 kB
MemAvailable:    1492436 kB
Buffers:          107304 kB
Cached:          1176352 kB
MemTotal:        1844596 kB
MemFree:          220356 kB
MemAvailable:    1492436 kB
Buffers:          107304 kB
Cached:          1176352 kB
MemTotal:        1844596 kB
MemFree:          218844 kB
MemAvailable:    1490924 kB
Buffers:          107304 kB
Cached:          1176352 kB
MemTotal:        1844596 kB
MemFree:          220168 kB
MemAvailable:    1492252 kB
Buffers:          107304 kB
Cached:          1176356 kB
MemTotal:        1844596 kB
MemFree:          219640 kB
MemAvailable:    1491724 kB
Buffers:          107304 kB
Cached:          1176356 kB
MemTotal:        1844596 kB
MemFree:          217116 kB
MemAvailable:    1489200 kB
Buffers:          107304 kB
Cached:          1176356 kB
MemTotal:        1844596 kB
MemFree:          217672 kB
MemAvailable:    1489756 kB
Buffers:          107304 kB
Cached:          1176356 kB
MemTotal:        1844596 kB
MemFree:          217928 kB
MemAvailable:    1490012 kB
Buffers:          107304 kB
Cached:          1176356 kB
MemTotal:        1844596 kB
MemFree:          217408 kB
MemAvailable:    1489492 kB
Buffers:          107304 kB
Cached:          1176356 kB
MemTotal:        1844596 kB
MemFree:          217408 kB
MemAvailable:    1489492 kB
Buffers:          107304 kB
Cached:          1176356 kB
MemTotal:        1844596 kB
MemFree:          216212 kB
MemAvailable:    1488296 kB
Buffers:          107304 kB
Cached:          1176356 kB
MemTotal:        1844596 kB
MemFree:          217024 kB
MemAvailable:    1489108 kB
Buffers:          107304 kB
Cached:          1176356 kB
MemTotal:        1844596 kB
MemFree:          217024 kB
MemAvailable:    1489108 kB
Buffers:          107304 kB
Cached:          1176356 kB
MemTotal:        1844596 kB
MemFree:          217060 kB
MemAvailable:    1489144 kB
Buffers:          107304 kB
Cached:          1176356 kB
MemTotal:        1844596 kB
MemFree:          217180 kB
MemAvailable:    1489264 kB
Buffers:          107304 kB
Cached:          1176356 kB
MemTotal:        1844596 kB
MemFree:          216364 kB
MemAvailable:    1488448 kB
Buffers:          107304 kB
Cached:          1176356 kB
MemTotal:        1844596 kB
MemFree:          216928 kB
MemAvailable:    1489012 kB
Buffers:          107304 kB
Cached:          1176356 kB
MemTotal:        1844596 kB
MemFree:          217264 kB
MemAvailable:    1489348 kB
Buffers:          107304 kB
Cached:          1176356 kB
MemTotal:        1844596 kB
MemFree:          215948 kB
MemAvailable:    1488032 kB
Buffers:          107304 kB
Cached:          1176356 kB
MemTotal:        1844596 kB
MemFree:          216792 kB
MemAvailable:    1488876 kB
Buffers:          107304 kB
Cached:          1176356 kB
MemTotal:        1844596 kB
MemFree:          216792 kB
MemAvailable:    1488876 kB
Buffers:          107304 kB
Cached:          1176356 kB
MemTotal:        1844596 kB
MemFree:          216972 kB
MemAvailable:    1489056 kB
Buffers:          107304 kB
Cached:          1176356 kB
MemTotal:        1844596 kB
MemFree:          215684 kB
MemAvailable:    1487768 kB
Buffers:          107304 kB
Cached:          1176356 kB
MemTotal:        1844596 kB
MemFree:          216920 kB
MemAvailable:    1489004 kB
Buffers:          107304 kB
Cached:          1176356 kB
MemTotal:        1844596 kB
MemFree:          216784 kB
MemAvailable:    1488868 kB
Buffers:          107304 kB
Cached:          1176356 kB
MemTotal:        1844596 kB
MemFree:          216952 kB
MemAvailable:    1489036 kB
Buffers:          107304 kB
Cached:          1176356 kB
MemTotal:        1844596 kB
MemFree:          216728 kB
MemAvailable:    1488812 kB
Buffers:          107304 kB
Cached:          1176356 kB
MemTotal:        1844596 kB
MemFree:          213868 kB
MemAvailable:    1485952 kB
Buffers:          107304 kB
Cached:          1176356 kB
MemTotal:        1844596 kB
MemFree:          213868 kB
MemAvailable:    1485952 kB
Buffers:          107304 kB
Cached:          1176356 kB
MemTotal:        1844596 kB
MemFree:          209792 kB
MemAvailable:    1481876 kB
Buffers:          107304 kB
Cached:          1176356 kB
MemTotal:        1844596 kB
MemFree:          209028 kB
MemAvailable:    1481112 kB
Buffers:          107304 kB
Cached:          1176356 kB
MemTotal:        1844596 kB
MemFree:          207560 kB
MemAvailable:    1479644 kB
Buffers:          107304 kB
Cached:          1176356 kB
MemTotal:        1844596 kB
MemFree:          208676 kB
MemAvailable:    1480760 kB
Buffers:          107304 kB
Cached:          1176356 kB
MemTotal:        1844596 kB
MemFree:          207304 kB
MemAvailable:    1479388 kB
Buffers:          107304 kB
Cached:          1176356 kB
MemTotal:        1844596 kB
MemFree:          208172 kB
MemAvailable:    1480256 kB
Buffers:          107304 kB
Cached:          1176356 kB
MemTotal:        1844596 kB
MemFree:          208064 kB
MemAvailable:    1480148 kB
Buffers:          107304 kB
Cached:          1176356 kB
MemTotal:        1844596 kB
MemFree:          208192 kB
MemAvailable:    1480276 kB
Buffers:          107304 kB
Cached:          1176356 kB
MemTotal:        1844596 kB
MemFree:          208188 kB
MemAvailable:    1480272 kB
Buffers:          107304 kB
Cached:          1176356 kB
MemTotal:        1844596 kB
MemFree:          207436 kB
MemAvailable:    1479520 kB
Buffers:          107304 kB
Cached:          1176356 kB
MemTotal:        1844596 kB
MemFree:          208120 kB
MemAvailable:    1480204 kB
Buffers:          107304 kB
Cached:          1176356 kB
MemTotal:        1844596 kB
MemFree:          208120 kB
MemAvailable:    1480204 kB
Buffers:          107304 kB
Cached:          1176356 kB
MemTotal:        1844596 kB
MemFree:          206808 kB
MemAvailable:    1478892 kB
Buffers:          107304 kB
Cached:          1176356 kB
MemTotal:        1844596 kB
MemFree:          208444 kB
MemAvailable:    1480528 kB
Buffers:          107304 kB
Cached:          1176356 kB
MemTotal:        1844596 kB
MemFree:          207052 kB
MemAvailable:    1479136 kB
Buffers:          107304 kB
Cached:          1176356 kB
MemTotal:        1844596 kB
MemFree:          206880 kB
MemAvailable:    1478964 kB
Buffers:          107304 kB
Cached:          1176356 kB
MemTotal:        1844596 kB
MemFree:          208176 kB
MemAvailable:    1480260 kB
Buffers:          107304 kB
Cached:          1176356 kB
MemTotal:        1844596 kB
MemFree:          208020 kB
MemAvailable:    1480104 kB
Buffers:          107304 kB
Cached:          1176356 kB
MemTotal:        1844596 kB
MemFree:          208276 kB
MemAvailable:    1480360 kB
Buffers:          107304 kB
Cached:          1176356 kB
MemTotal:        1844596 kB
MemFree:          208104 kB
MemAvailable:    1480188 kB
Buffers:          107304 kB
Cached:          1176356 kB
MemTotal:        1844596 kB
MemFree:          206860 kB
MemAvailable:    1478944 kB
Buffers:          107304 kB
Cached:          1176356 kB
MemTotal:        1844596 kB
MemFree:          208140 kB
MemAvailable:    1480224 kB
Buffers:          107304 kB
Cached:          1176356 kB
MemTotal:        1844596 kB
MemFree:          208164 kB
MemAvailable:    1480248 kB
Buffers:          107304 kB
Cached:          1176356 kB
MemTotal:        1844596 kB
MemFree:          208164 kB
MemAvailable:    1480248 kB
Buffers:          107304 kB
Cached:          1176356 kB
MemTotal:        1844596 kB
MemFree:          208124 kB
MemAvailable:    1480208 kB
Buffers:          107304 kB
Cached:          1176356 kB
MemTotal:        1844596 kB
MemFree:          207124 kB
MemAvailable:    1479208 kB
Buffers:          107304 kB
Cached:          1176356 kB
MemTotal:        1844596 kB
MemFree:          207044 kB
MemAvailable:    1479128 kB
Buffers:          107304 kB
Cached:          1176356 kB
MemTotal:        1844596 kB
MemFree:          206912 kB
MemAvailable:    1478996 kB
Buffers:          107304 kB
Cached:          1176356 kB
MemTotal:        1844596 kB
MemFree:          206760 kB
MemAvailable:    1478848 kB
Buffers:          107304 kB
Cached:          1176360 kB
MemTotal:        1844596 kB
MemFree:          206892 kB
MemAvailable:    1478980 kB
Buffers:          107304 kB
Cached:          1176360 kB
MemTotal:        1844596 kB
MemFree:          208340 kB
MemAvailable:    1480428 kB
Buffers:          107304 kB
Cached:          1176360 kB
MemTotal:        1844596 kB
MemFree:          207312 kB
MemAvailable:    1479400 kB
Buffers:          107304 kB
Cached:          1176360 kB
MemTotal:        1844596 kB
MemFree:          208036 kB
MemAvailable:    1480124 kB
Buffers:          107304 kB
Cached:          1176360 kB
MemTotal:        1844596 kB
MemFree:          207376 kB
MemAvailable:    1479464 kB
Buffers:          107308 kB
Cached:          1176356 kB
MemTotal:        1844596 kB
MemFree:          207044 kB
MemAvailable:    1479132 kB
Buffers:          107308 kB
Cached:          1176356 kB
MemTotal:        1844596 kB
MemFree:          206940 kB
MemAvailable:    1479028 kB
Buffers:          107308 kB
Cached:          1176356 kB
MemTotal:        1844596 kB
MemFree:          208328 kB
MemAvailable:    1480416 kB
Buffers:          107308 kB
Cached:          1176356 kB
MemTotal:        1844596 kB
MemFree:          206768 kB
MemAvailable:    1478856 kB
Buffers:          107308 kB
Cached:          1176356 kB
MemTotal:        1844596 kB
MemFree:          204744 kB
MemAvailable:    1476832 kB
Buffers:          107308 kB
Cached:          1176356 kB
MemTotal:        1844596 kB
MemFree:          200740 kB
MemAvailable:    1472828 kB
Buffers:          107308 kB
Cached:          1176356 kB
MemTotal:        1844596 kB
MemFree:          197144 kB
MemAvailable:    1469232 kB
Buffers:          107308 kB
Cached:          1176356 kB
MemTotal:        1844596 kB
MemFree:          196268 kB
MemAvailable:    1468356 kB
Buffers:          107308 kB
Cached:          1176356 kB
MemTotal:        1844596 kB
MemFree:          197632 kB
MemAvailable:    1469720 kB
Buffers:          107308 kB
Cached:          1176356 kB
MemTotal:        1844596 kB
MemFree:          197468 kB
MemAvailable:    1469556 kB
Buffers:          107308 kB
Cached:          1176356 kB
MemTotal:        1844596 kB
MemFree:          197376 kB
MemAvailable:    1469464 kB
Buffers:          107308 kB
Cached:          1176356 kB
MemTotal:        1844596 kB
MemFree:          196140 kB
MemAvailable:    1468228 kB
Buffers:          107308 kB
Cached:          1176356 kB
MemTotal:        1844596 kB
MemFree:          197332 kB
MemAvailable:    1469420 kB
Buffers:          107308 kB
Cached:          1176356 kB
MemTotal:        1844596 kB
MemFree:          197584 kB
MemAvailable:    1469672 kB
Buffers:          107308 kB
Cached:          1176356 kB
MemTotal:        1844596 kB
MemFree:          195980 kB
MemAvailable:    1468068 kB
Buffers:          107308 kB
Cached:          1176356 kB
MemTotal:        1844596 kB
MemFree:          197252 kB
MemAvailable:    1469340 kB
Buffers:          107308 kB
Cached:          1176356 kB
MemTotal:        1844596 kB
MemFree:          197144 kB
MemAvailable:    1469232 kB
Buffers:          107308 kB
Cached:          1176356 kB
MemTotal:        1844596 kB
MemFree:          197380 kB
MemAvailable:    1469468 kB
Buffers:          107308 kB
Cached:          1176356 kB
MemTotal:        1844596 kB
MemFree:          196524 kB
MemAvailable:    1468612 kB
Buffers:          107308 kB
Cached:          1176356 kB
MemTotal:        1844596 kB
MemFree:          197208 kB
MemAvailable:    1469296 kB
Buffers:          107308 kB
Cached:          1176356 kB
MemTotal:        1844596 kB
MemFree:          197028 kB
MemAvailable:    1469116 kB
Buffers:          107308 kB
Cached:          1176356 kB
MemTotal:        1844596 kB
MemFree:          196020 kB
MemAvailable:    1468108 kB
Buffers:          107308 kB
Cached:          1176356 kB
MemTotal:        1844596 kB
MemFree:          197468 kB
MemAvailable:    1469556 kB
Buffers:          107308 kB
Cached:          1176356 kB
MemTotal:        1844596 kB
MemFree:          196096 kB
MemAvailable:    1468184 kB
Buffers:          107308 kB
Cached:          1176356 kB
MemTotal:        1844596 kB
MemFree:          196096 kB
MemAvailable:    1468184 kB
Buffers:          107308 kB
Cached:          1176356 kB
MemTotal:        1844596 kB
MemFree:          197248 kB
MemAvailable:    1469336 kB
Buffers:          107308 kB
Cached:          1176356 kB
MemTotal:        1844596 kB
MemFree:          197500 kB
MemAvailable:    1469588 kB
Buffers:          107308 kB
Cached:          1176356 kB
MemTotal:        1844596 kB
MemFree:          197392 kB
MemAvailable:    1469480 kB
Buffers:          107308 kB
Cached:          1176356 kB
MemTotal:        1844596 kB
MemFree:          197128 kB
MemAvailable:    1469216 kB
Buffers:          107308 kB
Cached:          1176356 kB
MemTotal:        1844596 kB
MemFree:          197144 kB
MemAvailable:    1469232 kB
Buffers:          107308 kB
Cached:          1176356 kB
MemTotal:        1844596 kB
MemFree:          197316 kB
MemAvailable:    1469404 kB
Buffers:          107308 kB
Cached:          1176356 kB
MemTotal:        1844596 kB
MemFree:          197436 kB
MemAvailable:    1469524 kB
Buffers:          107308 kB
Cached:          1176356 kB
MemTotal:        1844596 kB
MemFree:          197492 kB
MemAvailable:    1469580 kB
Buffers:          107308 kB
Cached:          1176356 kB
MemTotal:        1844596 kB
MemFree:          197120 kB
MemAvailable:    1469208 kB
Buffers:          107308 kB
Cached:          1176356 kB
MemTotal:        1844596 kB
MemFree:          197120 kB
MemAvailable:    1469208 kB
Buffers:          107308 kB
Cached:          1176356 kB
MemTotal:        1844596 kB
MemFree:          196112 kB
MemAvailable:    1468200 kB
Buffers:          107308 kB
Cached:          1176356 kB
MemTotal:        1844596 kB
MemFree:          197268 kB
MemAvailable:    1469356 kB
Buffers:          107308 kB
Cached:          1176356 kB
MemTotal:        1844596 kB
MemFree:          195980 kB
MemAvailable:    1468068 kB
Buffers:          107308 kB
Cached:          1176356 kB
MemTotal:        1844596 kB
MemFree:          197260 kB
MemAvailable:    1469348 kB
Buffers:          107308 kB
Cached:          1176356 kB
MemTotal:        1844596 kB
MemFree:          197400 kB
MemAvailable:    1469488 kB
Buffers:          107308 kB
Cached:          1176356 kB
MemTotal:        1844596 kB
MemFree:          197220 kB
MemAvailable:    1469308 kB
Buffers:          107308 kB
Cached:          1176356 kB
MemTotal:        1844596 kB
MemFree:          197400 kB
MemAvailable:    1469488 kB
Buffers:          107308 kB
Cached:          1176356 kB
MemTotal:        1844596 kB
MemFree:          196012 kB
MemAvailable:    1468100 kB
Buffers:          107308 kB
Cached:          1176356 kB
MemTotal:        1844596 kB
MemFree:          197172 kB
MemAvailable:    1469260 kB
Buffers:          107308 kB
Cached:          1176356 kB
MemTotal:        1844596 kB
MemFree:          197144 kB
MemAvailable:    1469232 kB
Buffers:          107308 kB
Cached:          1176356 kB
MemTotal:        1844596 kB
MemFree:          197316 kB
MemAvailable:    1469404 kB
Buffers:          107308 kB
Cached:          1176356 kB
MemTotal:        1844596 kB
MemFree:          197236 kB
MemAvailable:    1469324 kB
Buffers:          107308 kB
Cached:          1176356 kB
MemTotal:        1844596 kB
MemFree:          197128 kB
MemAvailable:    1469216 kB
Buffers:          107308 kB
Cached:          1176356 kB
MemTotal:        1844596 kB
MemFree:          197380 kB
MemAvailable:    1469468 kB
Buffers:          107308 kB
Cached:          1176356 kB
MemTotal:        1844596 kB
MemFree:          197436 kB
MemAvailable:    1469524 kB
Buffers:          107308 kB
Cached:          1176356 kB
MemTotal:        1844596 kB
MemFree:          197324 kB
MemAvailable:    1469412 kB
Buffers:          107308 kB
Cached:          1176356 kB
MemTotal:        1844596 kB
MemFree:          197244 kB
MemAvailable:    1469332 kB
Buffers:          107308 kB
Cached:          1176356 kB
MemTotal:        1844596 kB
MemFree:          196080 kB
MemAvailable:    1468168 kB
Buffers:          107308 kB
Cached:          1176356 kB
MemTotal:        1844596 kB
MemFree:          197256 kB
MemAvailable:    1469344 kB
Buffers:          107308 kB
Cached:          1176356 kB
MemTotal:        1844596 kB
MemFree:          195692 kB
MemAvailable:    1467780 kB
Buffers:          107308 kB
Cached:          1176356 kB
MemTotal:        1844596 kB
MemFree:          196524 kB
MemAvailable:    1468612 kB
Buffers:          107308 kB
Cached:          1176356 kB
MemTotal:        1844596 kB
MemFree:          196096 kB
MemAvailable:    1468184 kB
Buffers:          107308 kB
Cached:          1176356 kB
MemTotal:        1844596 kB
MemFree:          195780 kB
MemAvailable:    1467868 kB
Buffers:          107308 kB
Cached:          1176356 kB
MemTotal:        1844596 kB
MemFree:          194892 kB
MemAvailable:    1466980 kB
Buffers:          107308 kB
Cached:          1176356 kB
MemTotal:        1844596 kB
MemFree:          196132 kB
MemAvailable:    1468220 kB
Buffers:          107308 kB
Cached:          1176356 kB
MemTotal:        1844596 kB
MemFree:          196384 kB
MemAvailable:    1468472 kB
Buffers:          107308 kB
Cached:          1176356 kB
MemTotal:        1844596 kB
MemFree:          196164 kB
MemAvailable:    1468252 kB
Buffers:          107308 kB
Cached:          1176356 kB
MemTotal:        1844596 kB
MemFree:          195960 kB
MemAvailable:    1468048 kB
Buffers:          107308 kB
Cached:          1176356 kB
MemTotal:        1844596 kB
MemFree:          195780 kB
MemAvailable:    1467868 kB
Buffers:          107308 kB
Cached:          1176356 kB
MemTotal:        1844596 kB
MemFree:          195908 kB
MemAvailable:    1467996 kB
Buffers:          107308 kB
Cached:          1176356 kB
MemTotal:        1844596 kB
MemFree:          196196 kB
MemAvailable:    1468284 kB
Buffers:          107308 kB
Cached:          1176356 kB
MemTotal:        1844596 kB
MemFree:          194656 kB
MemAvailable:    1466760 kB
Buffers:          107308 kB
Cached:          1176372 kB
MemTotal:        1844596 kB
MemFree:          195756 kB
MemAvailable:    1467860 kB
Buffers:          107308 kB
Cached:          1176372 kB
MemTotal:        1844596 kB
MemFree:          195160 kB
MemAvailable:    1467264 kB
Buffers:          107308 kB
Cached:          1176372 kB
MemTotal:        1844596 kB
MemFree:          195852 kB
MemAvailable:    1467956 kB
Buffers:          107308 kB
Cached:          1176372 kB
MemTotal:        1844596 kB
MemFree:          195596 kB
MemAvailable:    1467700 kB
Buffers:          107308 kB
Cached:          1176372 kB
MemTotal:        1844596 kB
MemFree:          195516 kB
MemAvailable:    1467620 kB
Buffers:          107308 kB
Cached:          1176372 kB
MemTotal:        1844596 kB
MemFree:          195852 kB
MemAvailable:    1467956 kB
Buffers:          107308 kB
Cached:          1176372 kB
MemTotal:        1844596 kB
MemFree:          195704 kB
MemAvailable:    1467808 kB
Buffers:          107308 kB
Cached:          1176372 kB
MemTotal:        1844596 kB
MemFree:          195624 kB
MemAvailable:    1467728 kB
Buffers:          107308 kB
Cached:          1176372 kB
MemTotal:        1844596 kB
MemFree:          195876 kB
MemAvailable:    1467980 kB
Buffers:          107308 kB
Cached:          1176372 kB
MemTotal:        1844596 kB
MemFree:          194360 kB
MemAvailable:    1466464 kB
Buffers:          107308 kB
Cached:          1176372 kB
MemTotal:        1844596 kB
MemFree:          195840 kB
MemAvailable:    1467944 kB
Buffers:          107308 kB
Cached:          1176372 kB
MemTotal:        1844596 kB
MemFree:          194152 kB
MemAvailable:    1466256 kB
Buffers:          107308 kB
Cached:          1176372 kB
MemTotal:        1844596 kB
MemFree:          194532 kB
MemAvailable:    1466636 kB
Buffers:          107308 kB
Cached:          1176372 kB
MemTotal:        1844596 kB
MemFree:          194532 kB
MemAvailable:    1466636 kB
Buffers:          107308 kB
Cached:          1176372 kB
MemTotal:        1844596 kB
MemFree:          194524 kB
MemAvailable:    1466628 kB
Buffers:          107308 kB
Cached:          1176372 kB
MemTotal:        1844596 kB
MemFree:          190200 kB
MemAvailable:    1462304 kB
Buffers:          107308 kB
Cached:          1176372 kB
MemTotal:        1844596 kB
MemFree:          185612 kB
MemAvailable:    1457716 kB
Buffers:          107308 kB
Cached:          1176372 kB
MemTotal:        1844596 kB
MemFree:          184912 kB
MemAvailable:    1457016 kB
Buffers:          107308 kB
Cached:          1176372 kB
MemTotal:        1844596 kB
MemFree:          183628 kB
MemAvailable:    1455732 kB
Buffers:          107308 kB
Cached:          1176372 kB
MemTotal:        1844596 kB
MemFree:          184224 kB
MemAvailable:    1456332 kB
Buffers:          107308 kB
Cached:          1176376 kB
MemTotal:        1844596 kB
MemFree:          184560 kB
MemAvailable:    1456668 kB
Buffers:          107308 kB
Cached:          1176376 kB
MemTotal:        1844596 kB
MemFree:          182884 kB
MemAvailable:    1454992 kB
Buffers:          107308 kB
Cached:          1176376 kB
MemTotal:        1844596 kB
MemFree:          183132 kB
MemAvailable:    1455240 kB
Buffers:          107308 kB
Cached:          1176376 kB
MemTotal:        1844596 kB
MemFree:          183240 kB
MemAvailable:    1455348 kB
Buffers:          107308 kB
Cached:          1176376 kB
MemTotal:        1844596 kB
MemFree:          181836 kB
MemAvailable:    1453944 kB
Buffers:          107308 kB
Cached:          1176376 kB
MemTotal:        1844596 kB
MemFree:          182432 kB
MemAvailable:    1454540 kB
Buffers:          107308 kB
Cached:          1176376 kB
MemTotal:        1844596 kB
MemFree:          181892 kB
MemAvailable:    1454000 kB
Buffers:          107308 kB
Cached:          1176376 kB
MemTotal:        1844596 kB
MemFree:          180836 kB
MemAvailable:    1452944 kB
Buffers:          107308 kB
Cached:          1176376 kB
MemTotal:        1844596 kB
MemFree:          180888 kB
MemAvailable:    1452996 kB
Buffers:          107308 kB
Cached:          1176376 kB
MemTotal:        1844596 kB
MemFree:          180540 kB
MemAvailable:    1452648 kB
Buffers:          107308 kB
Cached:          1176376 kB
MemTotal:        1844596 kB
MemFree:          180396 kB
MemAvailable:    1452504 kB
Buffers:          107308 kB
Cached:          1176376 kB
MemTotal:        1844596 kB
MemFree:          179248 kB
MemAvailable:    1451356 kB
Buffers:          107308 kB
Cached:          1176376 kB
MemTotal:        1844596 kB
MemFree:          179488 kB
MemAvailable:    1451596 kB
Buffers:          107308 kB
Cached:          1176376 kB
MemTotal:        1844596 kB
MemFree:          180736 kB
MemAvailable:    1452844 kB
Buffers:          107308 kB
Cached:          1176376 kB
MemTotal:        1844596 kB
MemFree:          179908 kB
MemAvailable:    1452016 kB
Buffers:          107308 kB
Cached:          1176376 kB
MemTotal:        1844596 kB
MemFree:          180536 kB
MemAvailable:    1452644 kB
Buffers:          107308 kB
Cached:          1176376 kB
MemTotal:        1844596 kB
MemFree:          180572 kB
MemAvailable:    1452680 kB
Buffers:          107308 kB
Cached:          1176376 kB
MemTotal:        1844596 kB
MemFree:          180164 kB
MemAvailable:    1452272 kB
Buffers:          107308 kB
Cached:          1176376 kB
MemTotal:        1844596 kB
MemFree:          180512 kB
MemAvailable:    1452620 kB
Buffers:          107308 kB
Cached:          1176376 kB
MemTotal:        1844596 kB
MemFree:          180156 kB
MemAvailable:    1452264 kB
Buffers:          107308 kB
Cached:          1176376 kB
MemTotal:        1844596 kB
MemFree:          179232 kB
MemAvailable:    1451340 kB
Buffers:          107308 kB
Cached:          1176376 kB
MemTotal:        1844596 kB
MemFree:          179232 kB
MemAvailable:    1451340 kB
Buffers:          107308 kB
Cached:          1176376 kB
MemTotal:        1844596 kB
MemFree:          179968 kB
MemAvailable:    1452076 kB
Buffers:          107308 kB
Cached:          1176376 kB
MemTotal:        1844596 kB
MemFree:          178660 kB
MemAvailable:    1450768 kB
Buffers:          107308 kB
Cached:          1176376 kB
MemTotal:        1844596 kB
MemFree:          178528 kB
MemAvailable:    1450636 kB
Buffers:          107308 kB
Cached:          1176376 kB
MemTotal:        1844596 kB
MemFree:          178420 kB
MemAvailable:    1450528 kB
Buffers:          107308 kB
Cached:          1176376 kB
MemTotal:        1844596 kB
MemFree:          178532 kB
MemAvailable:    1450640 kB
Buffers:          107308 kB
Cached:          1176376 kB
MemTotal:        1844596 kB
MemFree:          178396 kB
MemAvailable:    1450504 kB
Buffers:          107308 kB
Cached:          1176376 kB
MemTotal:        1844596 kB
MemFree:          178648 kB
MemAvailable:    1450756 kB
Buffers:          107308 kB
Cached:          1176376 kB
MemTotal:        1844596 kB
MemFree:          177924 kB
MemAvailable:    1450032 kB
Buffers:          107308 kB
Cached:          1176376 kB
MemTotal:        1844596 kB
MemFree:          176940 kB
MemAvailable:    1449048 kB
Buffers:          107308 kB
Cached:          1176376 kB
MemTotal:        1844596 kB
MemFree:          177040 kB
MemAvailable:    1449152 kB
Buffers:          107308 kB
Cached:          1176380 kB
MemTotal:        1844596 kB
MemFree:          176932 kB
MemAvailable:    1449044 kB
Buffers:          107308 kB
Cached:          1176380 kB
MemTotal:        1844596 kB
MemFree:          177000 kB
MemAvailable:    1449112 kB
Buffers:          107308 kB
Cached:          1176380 kB
MemTotal:        1844596 kB
MemFree:          176668 kB
MemAvailable:    1448780 kB
Buffers:          107308 kB
Cached:          1176380 kB
MemTotal:        1844596 kB
MemFree:          177004 kB
MemAvailable:    1449116 kB
Buffers:          107308 kB
Cached:          1176380 kB
MemTotal:        1844596 kB
MemFree:          176428 kB
MemAvailable:    1448540 kB
Buffers:          107308 kB
Cached:          1176380 kB
MemTotal:        1844596 kB
MemFree:          176320 kB
MemAvailable:    1448432 kB
Buffers:          107308 kB
Cached:          1176380 kB
MemTotal:        1844596 kB
MemFree:          175064 kB
MemAvailable:    1447176 kB
Buffers:          107308 kB
Cached:          1176380 kB
MemTotal:        1844596 kB
MemFree:          175148 kB
MemAvailable:    1447260 kB
Buffers:          107308 kB
Cached:          1176380 kB
MemTotal:        1844596 kB
MemFree:          175140 kB
MemAvailable:    1447252 kB
Buffers:          107308 kB
Cached:          1176380 kB
MemTotal:        1844596 kB
MemFree:          175140 kB
MemAvailable:    1447252 kB
Buffers:          107308 kB
Cached:          1176380 kB
MemTotal:        1844596 kB
MemFree:          176284 kB
MemAvailable:    1448396 kB
Buffers:          107308 kB
Cached:          1176380 kB
MemTotal:        1844596 kB
MemFree:          176536 kB
MemAvailable:    1448648 kB
Buffers:          107308 kB
Cached:          1176380 kB
MemTotal:        1844596 kB
MemFree:          175132 kB
MemAvailable:    1447244 kB
Buffers:          107308 kB
Cached:          1176380 kB
MemTotal:        1844596 kB
MemFree:          176108 kB
MemAvailable:    1448220 kB
Buffers:          107308 kB
Cached:          1176380 kB
MemTotal:        1844596 kB
MemFree:          176276 kB
MemAvailable:    1448388 kB
Buffers:          107308 kB
Cached:          1176380 kB
MemTotal:        1844596 kB
MemFree:          174936 kB
MemAvailable:    1447048 kB
Buffers:          107308 kB
Cached:          1176380 kB
MemTotal:        1844596 kB
MemFree:          176128 kB
MemAvailable:    1448240 kB
Buffers:          107308 kB
Cached:          1176380 kB
MemTotal:        1844596 kB
MemFree:          176380 kB
MemAvailable:    1448492 kB
Buffers:          107308 kB
Cached:          1176380 kB
MemTotal:        1844596 kB
MemFree:          175064 kB
MemAvailable:    1447176 kB
Buffers:          107308 kB
Cached:          1176380 kB
MemTotal:        1844596 kB
MemFree:          174900 kB
MemAvailable:    1447012 kB
Buffers:          107308 kB
Cached:          1176380 kB
MemTotal:        1844596 kB
MemFree:          176188 kB
MemAvailable:    1448300 kB
Buffers:          107308 kB
Cached:          1176380 kB
MemTotal:        1844596 kB
MemFree:          175024 kB
MemAvailable:    1447136 kB
Buffers:          107308 kB
Cached:          1176380 kB
MemTotal:        1844596 kB
MemFree:          174804 kB
MemAvailable:    1446916 kB
Buffers:          107308 kB
Cached:          1176380 kB
MemTotal:        1844596 kB
MemFree:          174932 kB
MemAvailable:    1447044 kB
Buffers:          107308 kB
Cached:          1176380 kB
MemTotal:        1844596 kB
MemFree:          176232 kB
MemAvailable:    1448344 kB
Buffers:          107308 kB
Cached:          1176380 kB
MemTotal:        1844596 kB
MemFree:          175452 kB
MemAvailable:    1447564 kB
Buffers:          107308 kB
Cached:          1176380 kB
MemTotal:        1844596 kB
MemFree:          176296 kB
MemAvailable:    1448412 kB
Buffers:          107308 kB
Cached:          1176384 kB
MemTotal:        1844596 kB
MemFree:          175816 kB
MemAvailable:    1447932 kB
Buffers:          107308 kB
Cached:          1176384 kB
MemTotal:        1844596 kB
MemFree:          174936 kB
MemAvailable:    1447052 kB
Buffers:          107308 kB
Cached:          1176384 kB
MemTotal:        1844596 kB
MemFree:          176176 kB
MemAvailable:    1448292 kB
Buffers:          107308 kB
Cached:          1176384 kB
MemTotal:        1844596 kB
MemFree:          174088 kB
MemAvailable:    1446204 kB
Buffers:          107308 kB
Cached:          1176384 kB
MemTotal:        1844596 kB
MemFree:          174560 kB
MemAvailable:    1446676 kB
Buffers:          107308 kB
Cached:          1176384 kB
MemTotal:        1844596 kB
MemFree:          174812 kB
MemAvailable:    1446928 kB
Buffers:          107308 kB
Cached:          1176384 kB
MemTotal:        1844596 kB
MemFree:          174572 kB
MemAvailable:    1446688 kB
Buffers:          107308 kB
Cached:          1176384 kB
MemTotal:        1844596 kB
MemFree:          173576 kB
MemAvailable:    1445692 kB
Buffers:          107308 kB
Cached:          1176384 kB
MemTotal:        1844596 kB
MemFree:          173468 kB
MemAvailable:    1445584 kB
Buffers:          107308 kB
Cached:          1176384 kB
MemTotal:        1844596 kB
MemFree:          170360 kB
MemAvailable:    1442476 kB
Buffers:          107308 kB
Cached:          1176384 kB
MemTotal:        1844596 kB
MemFree:          168500 kB
MemAvailable:    1440616 kB
Buffers:          107308 kB
Cached:          1176384 kB
MemTotal:        1844596 kB
MemFree:          165336 kB
MemAvailable:    1437452 kB
Buffers:          107308 kB
Cached:          1176384 kB
MemTotal:        1844596 kB
MemFree:          163024 kB
MemAvailable:    1435140 kB
Buffers:          107308 kB
Cached:          1176384 kB
MemTotal:        1844596 kB
MemFree:          160068 kB
MemAvailable:    1432184 kB
Buffers:          107308 kB
Cached:          1176384 kB
MemTotal:        1844596 kB
MemFree:          157960 kB
MemAvailable:    1430076 kB
Buffers:          107308 kB
Cached:          1176384 kB
MemTotal:        1844596 kB
MemFree:          157884 kB
MemAvailable:    1430000 kB
Buffers:          107308 kB
Cached:          1176384 kB
MemTotal:        1844596 kB
MemFree:          156416 kB
MemAvailable:    1428532 kB
Buffers:          107308 kB
Cached:          1176384 kB
MemTotal:        1844596 kB
MemFree:          157760 kB
MemAvailable:    1429876 kB
Buffers:          107308 kB
Cached:          1176384 kB
MemTotal:        1844596 kB
MemFree:          157224 kB
MemAvailable:    1429340 kB
Buffers:          107308 kB
Cached:          1176384 kB
MemTotal:        1844596 kB
MemFree:          156472 kB
MemAvailable:    1428588 kB
Buffers:          107308 kB
Cached:          1176384 kB
MemTotal:        1844596 kB
MemFree:          157808 kB
MemAvailable:    1429924 kB
Buffers:          107308 kB
Cached:          1176384 kB
MemTotal:        1844596 kB
MemFree:          157092 kB
MemAvailable:    1429208 kB
Buffers:          107308 kB
Cached:          1176384 kB
MemTotal:        1844596 kB
MemFree:          156212 kB
MemAvailable:    1428328 kB
Buffers:          107308 kB
Cached:          1176384 kB
MemTotal:        1844596 kB
MemFree:          157620 kB
MemAvailable:    1429736 kB
Buffers:          107308 kB
Cached:          1176384 kB
MemTotal:        1844596 kB
MemFree:          157660 kB
MemAvailable:    1429776 kB
Buffers:          107308 kB
Cached:          1176384 kB
MemTotal:        1844596 kB
MemFree:          157368 kB
MemAvailable:    1429484 kB
Buffers:          107308 kB
Cached:          1176384 kB
MemTotal:        1844596 kB
MemFree:          157216 kB
MemAvailable:    1429332 kB
Buffers:          107308 kB
Cached:          1176384 kB
MemTotal:        1844596 kB
MemFree:          156044 kB
MemAvailable:    1428160 kB
Buffers:          107308 kB
Cached:          1176384 kB
MemTotal:        1844596 kB
MemFree:          157032 kB
MemAvailable:    1429148 kB
Buffers:          107308 kB
Cached:          1176384 kB
MemTotal:        1844596 kB
MemFree:          156772 kB
MemAvailable:    1428888 kB
Buffers:          107308 kB
Cached:          1176384 kB
MemTotal:        1844596 kB
MemFree:          155596 kB
MemAvailable:    1427712 kB
Buffers:          107308 kB
Cached:          1176384 kB
MemTotal:        1844596 kB
MemFree:          155464 kB
MemAvailable:    1427580 kB
Buffers:          107308 kB
Cached:          1176384 kB
MemTotal:        1844596 kB
MemFree:          155588 kB
MemAvailable:    1427704 kB
Buffers:          107308 kB
Cached:          1176384 kB
MemTotal:        1844596 kB
MemFree:          156592 kB
MemAvailable:    1428708 kB
Buffers:          107308 kB
Cached:          1176384 kB
MemTotal:        1844596 kB
MemFree:          155408 kB
MemAvailable:    1427524 kB
Buffers:          107308 kB
Cached:          1176384 kB
MemTotal:        1844596 kB
MemFree:          155284 kB
MemAvailable:    1427400 kB
Buffers:          107308 kB
Cached:          1176384 kB
MemTotal:        1844596 kB
MemFree:          155320 kB
MemAvailable:    1427436 kB
Buffers:          107308 kB
Cached:          1176384 kB
MemTotal:        1844596 kB
MemFree:          156560 kB
MemAvailable:    1428676 kB
Buffers:          107308 kB
Cached:          1176384 kB
MemTotal:        1844596 kB
MemFree:          156520 kB
MemAvailable:    1428636 kB
Buffers:          107308 kB
Cached:          1176384 kB
MemTotal:        1844596 kB
MemFree:          155604 kB
MemAvailable:    1427720 kB
Buffers:          107308 kB
Cached:          1176384 kB
MemTotal:        1844596 kB
MemFree:          156292 kB
MemAvailable:    1428412 kB
Buffers:          107308 kB
Cached:          1176388 kB
MemTotal:        1844596 kB
MemFree:          156628 kB
MemAvailable:    1428748 kB
Buffers:          107308 kB
Cached:          1176388 kB
MemTotal:        1844596 kB
MemFree:          156524 kB
MemAvailable:    1428644 kB
Buffers:          107308 kB
Cached:          1176388 kB
MemTotal:        1844596 kB
MemFree:          155356 kB
MemAvailable:    1427476 kB
Buffers:          107308 kB
Cached:          1176388 kB
MemTotal:        1844596 kB
MemFree:          156684 kB
MemAvailable:    1428804 kB
Buffers:          107308 kB
Cached:          1176388 kB
MemTotal:        1844596 kB
MemFree:          156720 kB
MemAvailable:    1428840 kB
Buffers:          107308 kB
Cached:          1176388 kB
MemTotal:        1844596 kB
MemFree:          156332 kB
MemAvailable:    1428452 kB
Buffers:          107308 kB
Cached:          1176388 kB
MemTotal:        1844596 kB
MemFree:          156232 kB
MemAvailable:    1428352 kB
Buffers:          107308 kB
Cached:          1176388 kB
MemTotal:        1844596 kB
MemFree:          151884 kB
MemAvailable:    1424004 kB
Buffers:          107308 kB
Cached:          1176388 kB
MemTotal:        1844596 kB
MemFree:          148412 kB
MemAvailable:    1420532 kB
Buffers:          107308 kB
Cached:          1176388 kB
MemTotal:        1844596 kB
MemFree:          144560 kB
MemAvailable:    1416680 kB
Buffers:          107308 kB
Cached:          1176388 kB
MemTotal:        1844596 kB
MemFree:          144204 kB
MemAvailable:    1416324 kB
Buffers:          107308 kB
Cached:          1176388 kB
MemTotal:        1844596 kB
MemFree:          140848 kB
MemAvailable:    1412968 kB
Buffers:          107308 kB
Cached:          1176388 kB
MemTotal:        1844596 kB
MemFree:          138676 kB
MemAvailable:    1410796 kB
Buffers:          107308 kB
Cached:          1176388 kB
MemTotal:        1844596 kB
MemFree:          138608 kB
MemAvailable:    1410728 kB
Buffers:          107308 kB
Cached:          1176388 kB
MemTotal:        1844596 kB
MemFree:          137112 kB
MemAvailable:    1409232 kB
Buffers:          107308 kB
Cached:          1176388 kB
MemTotal:        1844596 kB
MemFree:          138420 kB
MemAvailable:    1410540 kB
Buffers:          107308 kB
Cached:          1176388 kB
MemTotal:        1844596 kB
MemFree:          137260 kB
MemAvailable:    1409380 kB
Buffers:          107308 kB
Cached:          1176388 kB
MemTotal:        1844596 kB
MemFree:          138320 kB
MemAvailable:    1410440 kB
Buffers:          107308 kB
Cached:          1176388 kB
MemTotal:        1844596 kB
MemFree:          138572 kB
MemAvailable:    1410692 kB
Buffers:          107308 kB
Cached:          1176388 kB
MemTotal:        1844596 kB
MemFree:          138380 kB
MemAvailable:    1410500 kB
Buffers:          107308 kB
Cached:          1176388 kB
MemTotal:        1844596 kB
MemFree:          138176 kB
MemAvailable:    1410296 kB
Buffers:          107308 kB
Cached:          1176388 kB
MemTotal:        1844596 kB
MemFree:          138428 kB
MemAvailable:    1410548 kB
Buffers:          107308 kB
Cached:          1176388 kB
MemTotal:        1844596 kB
MemFree:          138356 kB
MemAvailable:    1410476 kB
Buffers:          107308 kB
Cached:          1176388 kB
MemTotal:        1844596 kB
MemFree:          136928 kB
MemAvailable:    1409048 kB
Buffers:          107308 kB
Cached:          1176388 kB
MemTotal:        1844596 kB
MemFree:          138468 kB
MemAvailable:    1410588 kB
Buffers:          107308 kB
Cached:          1176388 kB
MemTotal:        1844596 kB
MemFree:          138244 kB
MemAvailable:    1410368 kB
Buffers:          107308 kB
Cached:          1176392 kB
MemTotal:        1844596 kB
MemFree:          138236 kB
MemAvailable:    1410360 kB
Buffers:          107308 kB
Cached:          1176392 kB
MemTotal:        1844596 kB
MemFree:          138252 kB
MemAvailable:    1410376 kB
Buffers:          107308 kB
Cached:          1176392 kB
MemTotal:        1844596 kB
MemFree:          138256 kB
MemAvailable:    1410380 kB
Buffers:          107308 kB
Cached:          1176392 kB
MemTotal:        1844596 kB
MemFree:          138544 kB
MemAvailable:    1410668 kB
Buffers:          107308 kB
Cached:          1176392 kB
MemTotal:        1844596 kB
MemFree:          138432 kB
MemAvailable:    1410556 kB
Buffers:          107308 kB
Cached:          1176392 kB
MemTotal:        1844596 kB
MemFree:          137104 kB
MemAvailable:    1409228 kB
Buffers:          107308 kB
Cached:          1176392 kB
MemTotal:        1844596 kB
MemFree:          138304 kB
MemAvailable:    1410428 kB
Buffers:          107308 kB
Cached:          1176392 kB
MemTotal:        1844596 kB
MemFree:          137632 kB
MemAvailable:    1409756 kB
Buffers:          107308 kB
Cached:          1176392 kB
MemTotal:        1844596 kB
MemFree:          137500 kB
MemAvailable:    1409624 kB
Buffers:          107308 kB
Cached:          1176392 kB
MemTotal:        1844596 kB
MemFree:          138544 kB
MemAvailable:    1410668 kB
Buffers:          107308 kB
Cached:          1176392 kB
MemTotal:        1844596 kB
MemFree:          138608 kB
MemAvailable:    1410732 kB
Buffers:          107308 kB
Cached:          1176392 kB
MemTotal:        1844596 kB
MemFree:          138212 kB
MemAvailable:    1410336 kB
Buffers:          107308 kB
Cached:          1176392 kB
MemTotal:        1844596 kB
MemFree:          138368 kB
MemAvailable:    1410492 kB
Buffers:          107308 kB
Cached:          1176392 kB
MemTotal:        1844596 kB
MemFree:          138356 kB
MemAvailable:    1410480 kB
Buffers:          107308 kB
Cached:          1176392 kB
MemTotal:        1844596 kB
MemFree:          137068 kB
MemAvailable:    1409192 kB
Buffers:          107308 kB
Cached:          1176392 kB
MemTotal:        1844596 kB
MemFree:          137064 kB
MemAvailable:    1409188 kB
Buffers:          107308 kB
Cached:          1176392 kB
MemTotal:        1844596 kB
MemFree:          138236 kB
MemAvailable:    1410360 kB
Buffers:          107308 kB
Cached:          1176392 kB
MemTotal:        1844596 kB
MemFree:          138572 kB
MemAvailable:    1410696 kB
Buffers:          107308 kB
Cached:          1176392 kB
MemTotal:        1844596 kB
MemFree:          136940 kB
MemAvailable:    1409064 kB
Buffers:          107308 kB
Cached:          1176392 kB
MemTotal:        1844596 kB
MemFree:          138236 kB
MemAvailable:    1410360 kB
Buffers:          107308 kB
Cached:          1176392 kB
MemTotal:        1844596 kB
MemFree:          138572 kB
MemAvailable:    1410696 kB
Buffers:          107308 kB
Cached:          1176392 kB
MemTotal:        1844596 kB
MemFree:          136996 kB
MemAvailable:    1409120 kB
Buffers:          107308 kB
Cached:          1176392 kB
MemTotal:        1844596 kB
MemFree:          136996 kB
MemAvailable:    1409120 kB
Buffers:          107308 kB
Cached:          1176392 kB
MemTotal:        1844596 kB
MemFree:          135448 kB
MemAvailable:    1407572 kB
Buffers:          107308 kB
Cached:          1176392 kB
MemTotal:        1844596 kB
MemFree:          131176 kB
MemAvailable:    1403300 kB
Buffers:          107308 kB
Cached:          1176392 kB
MemTotal:        1844596 kB
MemFree:          126092 kB
MemAvailable:    1398216 kB
Buffers:          107308 kB
Cached:          1176392 kB
MemTotal:        1844596 kB
MemFree:          122372 kB
MemAvailable:    1394496 kB
Buffers:          107308 kB
Cached:          1176392 kB
MemTotal:        1844596 kB
MemFree:          119760 kB
MemAvailable:    1391884 kB
Buffers:          107308 kB
Cached:          1176392 kB
MemTotal:        1844596 kB
MemFree:          121124 kB
MemAvailable:    1393248 kB
Buffers:          107308 kB
Cached:          1176392 kB
MemTotal:        1844596 kB
MemFree:          119636 kB
MemAvailable:    1391760 kB
Buffers:          107308 kB
Cached:          1176392 kB
MemTotal:        1844596 kB
MemFree:          120008 kB
MemAvailable:    1392132 kB
Buffers:          107308 kB
Cached:          1176392 kB
MemTotal:        1844596 kB
MemFree:          120024 kB
MemAvailable:    1392148 kB
Buffers:          107308 kB
Cached:          1176392 kB
MemTotal:        1844596 kB
MemFree:          118728 kB
MemAvailable:    1390852 kB
Buffers:          107308 kB
Cached:          1176392 kB
MemTotal:        1844596 kB
MemFree:          119876 kB
MemAvailable:    1392000 kB
Buffers:          107308 kB
Cached:          1176392 kB
MemTotal:        1844596 kB
MemFree:          119768 kB
MemAvailable:    1391892 kB
Buffers:          107308 kB
Cached:          1176392 kB
MemTotal:        1844596 kB
MemFree:          119940 kB
MemAvailable:    1392064 kB
Buffers:          107308 kB
Cached:          1176392 kB
MemTotal:        1844596 kB
MemFree:          118368 kB
MemAvailable:    1390492 kB
Buffers:          107308 kB
Cached:          1176392 kB
MemTotal:        1844596 kB
MemFree:          119552 kB
MemAvailable:    1391676 kB
Buffers:          107308 kB
Cached:          1176392 kB
MemTotal:        1844596 kB
MemFree:          118120 kB
MemAvailable:    1390244 kB
Buffers:          107308 kB
Cached:          1176392 kB
MemTotal:        1844596 kB
MemFree:          119420 kB
MemAvailable:    1391544 kB
Buffers:          107308 kB
Cached:          1176392 kB
MemTotal:        1844596 kB
MemFree:          119456 kB
MemAvailable:    1391580 kB
Buffers:          107308 kB
Cached:          1176392 kB
MemTotal:        1844596 kB
MemFree:          117908 kB
MemAvailable:    1390032 kB
Buffers:          107308 kB
Cached:          1176392 kB
MemTotal:        1844596 kB
MemFree:          117412 kB
MemAvailable:    1389536 kB
Buffers:          107308 kB
Cached:          1176392 kB
MemTotal:        1844596 kB
MemFree:          117164 kB
MemAvailable:    1389288 kB
Buffers:          107308 kB
Cached:          1176392 kB
MemTotal:        1844596 kB
MemFree:          117272 kB
MemAvailable:    1389396 kB
Buffers:          107308 kB
Cached:          1176392 kB
MemTotal:        1844596 kB
MemFree:          117524 kB
MemAvailable:    1389648 kB
Buffers:          107308 kB
Cached:          1176392 kB
MemTotal:        1844596 kB
MemFree:          117168 kB
MemAvailable:    1389292 kB
Buffers:          107308 kB
Cached:          1176392 kB
MemTotal:        1844596 kB
MemFree:          116852 kB
MemAvailable:    1388976 kB
Buffers:          107308 kB
Cached:          1176392 kB
MemTotal:        1844596 kB
MemFree:          115560 kB
MemAvailable:    1387684 kB
Buffers:          107308 kB
Cached:          1176392 kB
MemTotal:        1844596 kB
MemFree:          114560 kB
MemAvailable:    1386684 kB
Buffers:          107308 kB
Cached:          1176392 kB
MemTotal:        1844596 kB
MemFree:          114304 kB
MemAvailable:    1386428 kB
Buffers:          107308 kB
Cached:          1176392 kB
MemTotal:        1844596 kB
MemFree:          114196 kB
MemAvailable:    1386320 kB
Buffers:          107308 kB
Cached:          1176392 kB
MemTotal:        1844596 kB
MemFree:          113932 kB
MemAvailable:    1386056 kB
Buffers:          107308 kB
Cached:          1176392 kB
MemTotal:        1844596 kB
MemFree:          113668 kB
MemAvailable:    1385792 kB
Buffers:          107308 kB
Cached:          1176392 kB
MemTotal:        1844596 kB
MemFree:          113924 kB
MemAvailable:    1386048 kB
Buffers:          107308 kB
Cached:          1176392 kB
MemTotal:        1844596 kB
MemFree:          113856 kB
MemAvailable:    1385980 kB
Buffers:          107308 kB
Cached:          1176392 kB
MemTotal:        1844596 kB
MemFree:          112956 kB
MemAvailable:    1385080 kB
Buffers:          107308 kB
Cached:          1176392 kB
MemTotal:        1844596 kB
MemFree:          113800 kB
MemAvailable:    1385924 kB
Buffers:          107308 kB
Cached:          1176392 kB
MemTotal:        1844596 kB
MemFree:          113692 kB
MemAvailable:    1385816 kB
Buffers:          107308 kB
Cached:          1176392 kB
MemTotal:        1844596 kB
MemFree:          113188 kB
MemAvailable:    1385312 kB
Buffers:          107308 kB
Cached:          1176392 kB
MemTotal:        1844596 kB
MemFree:          113188 kB
MemAvailable:    1385312 kB
Buffers:          107308 kB
Cached:          1176392 kB
MemTotal:        1844596 kB
MemFree:          112380 kB
MemAvailable:    1384504 kB
Buffers:          107308 kB
Cached:          1176392 kB
MemTotal:        1844596 kB
MemFree:          112256 kB
MemAvailable:    1384380 kB
Buffers:          107308 kB
Cached:          1176392 kB
MemTotal:        1844596 kB
MemFree:          111884 kB
MemAvailable:    1384008 kB
Buffers:          107308 kB
Cached:          1176392 kB
MemTotal:        1844596 kB
MemFree:          112220 kB
MemAvailable:    1384344 kB
Buffers:          107308 kB
Cached:          1176392 kB
MemTotal:        1844596 kB
MemFree:          112004 kB
MemAvailable:    1384128 kB
Buffers:          107308 kB
Cached:          1176392 kB
MemTotal:        1844596 kB
MemFree:          112256 kB
MemAvailable:    1384380 kB
Buffers:          107308 kB
Cached:          1176392 kB
MemTotal:        1844596 kB
MemFree:          110952 kB
MemAvailable:    1383076 kB
Buffers:          107308 kB
Cached:          1176392 kB
MemTotal:        1844596 kB
MemFree:          111076 kB
MemAvailable:    1383200 kB
Buffers:          107308 kB
Cached:          1176392 kB
MemTotal:        1844596 kB
MemFree:          111076 kB
MemAvailable:    1383200 kB
Buffers:          107308 kB
Cached:          1176392 kB
MemTotal:        1844596 kB
MemFree:          112388 kB
MemAvailable:    1384520 kB
Buffers:          107308 kB
Cached:          1176400 kB
MemTotal:        1844596 kB
MemFree:          112096 kB
MemAvailable:    1384228 kB
Buffers:          107308 kB
Cached:          1176400 kB
MemTotal:        1844596 kB
MemFree:          111624 kB
MemAvailable:    1383756 kB
Buffers:          107308 kB
Cached:          1176400 kB
MemTotal:        1844596 kB
MemFree:          112232 kB
MemAvailable:    1384364 kB
Buffers:          107308 kB
Cached:          1176400 kB
MemTotal:        1844596 kB
MemFree:          111108 kB
MemAvailable:    1383240 kB
Buffers:          107308 kB
Cached:          1176400 kB
MemTotal:        1844596 kB
MemFree:          110944 kB
MemAvailable:    1383076 kB
Buffers:          107308 kB
Cached:          1176400 kB
MemTotal:        1844596 kB
MemFree:          110936 kB
MemAvailable:    1383068 kB
Buffers:          107308 kB
Cached:          1176400 kB
MemTotal:        1844596 kB
MemFree:          112164 kB
MemAvailable:    1384296 kB
Buffers:          107308 kB
Cached:          1176400 kB
MemTotal:        1844596 kB
MemFree:          112416 kB
MemAvailable:    1384548 kB
Buffers:          107308 kB
Cached:          1176400 kB
MemTotal:        1844596 kB
MemFree:          112124 kB
MemAvailable:    1384256 kB
Buffers:          107308 kB
Cached:          1176400 kB
MemTotal:        1844596 kB
MemFree:          112112 kB
MemAvailable:    1384244 kB
Buffers:          107308 kB
Cached:          1176400 kB
MemTotal:        1844596 kB
MemFree:          112364 kB
MemAvailable:    1384496 kB
Buffers:          107308 kB
Cached:          1176400 kB
MemTotal:        1844596 kB
MemFree:          110832 kB
MemAvailable:    1382964 kB
Buffers:          107308 kB
Cached:          1176400 kB
MemTotal:        1844596 kB
MemFree:          112196 kB
MemAvailable:    1384328 kB
Buffers:          107308 kB
Cached:          1176400 kB
MemTotal:        1844596 kB
MemFree:          110956 kB
MemAvailable:    1383088 kB
Buffers:          107308 kB
Cached:          1176400 kB
MemTotal:        1844596 kB
MemFree:          112104 kB
MemAvailable:    1384236 kB
Buffers:          107308 kB
Cached:          1176400 kB
MemTotal:        1844596 kB
MemFree:          112104 kB
MemAvailable:    1384236 kB
Buffers:          107308 kB
Cached:          1176400 kB
MemTotal:        1844596 kB
MemFree:          112148 kB
MemAvailable:    1384280 kB
Buffers:          107308 kB
Cached:          1176400 kB
MemTotal:        1844596 kB
MemFree:          112148 kB
MemAvailable:    1384280 kB
Buffers:          107308 kB
Cached:          1176400 kB
MemTotal:        1844596 kB
MemFree:          112104 kB
MemAvailable:    1384236 kB
Buffers:          107308 kB
Cached:          1176400 kB
MemTotal:        1844596 kB
MemFree:          110864 kB
MemAvailable:    1382996 kB
Buffers:          107308 kB
Cached:          1176400 kB
MemTotal:        1844596 kB
MemFree:          112048 kB
MemAvailable:    1384180 kB
Buffers:          107308 kB
Cached:          1176400 kB
MemTotal:        1844596 kB
MemFree:          112048 kB
MemAvailable:    1384180 kB
Buffers:          107308 kB
Cached:          1176400 kB
MemTotal:        1844596 kB
MemFree:          112232 kB
MemAvailable:    1384364 kB
Buffers:          107308 kB
Cached:          1176400 kB
MemTotal:        1844596 kB
MemFree:          112088 kB
MemAvailable:    1384220 kB
Buffers:          107308 kB
Cached:          1176400 kB
MemTotal:        1844596 kB
MemFree:          112244 kB
MemAvailable:    1384376 kB
Buffers:          107308 kB
Cached:          1176400 kB
MemTotal:        1844596 kB
MemFree:          112232 kB
MemAvailable:    1384364 kB
Buffers:          107308 kB
Cached:          1176400 kB
MemTotal:        1844596 kB
MemFree:          112120 kB
MemAvailable:    1384252 kB
Buffers:          107308 kB
Cached:          1176400 kB
MemTotal:        1844596 kB
MemFree:          112196 kB
MemAvailable:    1384328 kB
Buffers:          107308 kB
Cached:          1176400 kB
MemTotal:        1844596 kB
MemFree:          112004 kB
MemAvailable:    1384136 kB
Buffers:          107308 kB
Cached:          1176400 kB
MemTotal:        1844596 kB
MemFree:          112072 kB
MemAvailable:    1384204 kB
Buffers:          107308 kB
Cached:          1176400 kB
MemTotal:        1844596 kB
MemFree:          110952 kB
MemAvailable:    1383084 kB
Buffers:          107308 kB
Cached:          1176400 kB
MemTotal:        1844596 kB
MemFree:          112204 kB
MemAvailable:    1384336 kB
Buffers:          107308 kB
Cached:          1176400 kB
MemTotal:        1844596 kB
MemFree:          111376 kB
MemAvailable:    1383508 kB
Buffers:          107308 kB
Cached:          1176400 kB
MemTotal:        1844596 kB
MemFree:          110872 kB
MemAvailable:    1383004 kB
Buffers:          107308 kB
Cached:          1176400 kB
MemTotal:        1844596 kB
MemFree:          110516 kB
MemAvailable:    1382648 kB
Buffers:          107308 kB
Cached:          1176400 kB
MemTotal:        1844596 kB
MemFree:          107780 kB
MemAvailable:    1379912 kB
Buffers:          107308 kB
Cached:          1176400 kB
MemTotal:        1844596 kB
MemFree:          105920 kB
MemAvailable:    1378052 kB
Buffers:          107308 kB
Cached:          1176400 kB
MemTotal:        1844596 kB
MemFree:          100340 kB
MemAvailable:    1372472 kB
Buffers:          107308 kB
Cached:          1176400 kB
MemTotal:        1844596 kB
MemFree:           98108 kB
MemAvailable:    1370240 kB
Buffers:          107308 kB
Cached:          1176400 kB
MemTotal:        1844596 kB
MemFree:           94248 kB
MemAvailable:    1366380 kB
Buffers:          107308 kB
Cached:          1176400 kB
MemTotal:        1844596 kB
MemFree:           94016 kB
MemAvailable:    1366148 kB
Buffers:          107308 kB
Cached:          1176400 kB
MemTotal:        1844596 kB
MemFree:           92032 kB
MemAvailable:    1364164 kB
Buffers:          107308 kB
Cached:          1176400 kB
MemTotal:        1844596 kB
MemFree:           91908 kB
MemAvailable:    1364040 kB
Buffers:          107308 kB
Cached:          1176400 kB
MemTotal:        1844596 kB
MemFree:           91784 kB
MemAvailable:    1363916 kB
Buffers:          107308 kB
Cached:          1176400 kB
MemTotal:        1844596 kB
MemFree:           92952 kB
MemAvailable:    1365084 kB
Buffers:          107308 kB
Cached:          1176400 kB
MemTotal:        1844596 kB
MemFree:           91792 kB
MemAvailable:    1363924 kB
Buffers:          107308 kB
Cached:          1176400 kB
MemTotal:        1844596 kB
MemFree:           92512 kB
MemAvailable:    1364644 kB
Buffers:          107308 kB
Cached:          1176400 kB
MemTotal:        1844596 kB
MemFree:           92848 kB
MemAvailable:    1364980 kB
Buffers:          107308 kB
Cached:          1176400 kB
MemTotal:        1844596 kB
MemFree:           92724 kB
MemAvailable:    1364856 kB
Buffers:          107308 kB
Cached:          1176400 kB
MemTotal:        1844596 kB
MemFree:           92892 kB
MemAvailable:    1365024 kB
Buffers:          107308 kB
Cached:          1176400 kB
MemTotal:        1844596 kB
MemFree:           92520 kB
MemAvailable:    1364652 kB
Buffers:          107308 kB
Cached:          1176400 kB
MemTotal:        1844596 kB
MemFree:           91488 kB
MemAvailable:    1363620 kB
Buffers:          107308 kB
Cached:          1176400 kB
MemTotal:        1844596 kB
MemFree:           92700 kB
MemAvailable:    1364832 kB
Buffers:          107308 kB
Cached:          1176400 kB
MemTotal:        1844596 kB
MemFree:           92040 kB
MemAvailable:    1364172 kB
Buffers:          107308 kB
Cached:          1176400 kB
MemTotal:        1844596 kB
MemFree:           92340 kB
MemAvailable:    1364472 kB
Buffers:          107308 kB
Cached:          1176400 kB
MemTotal:        1844596 kB
MemFree:           92156 kB
MemAvailable:    1364288 kB
Buffers:          107308 kB
Cached:          1176400 kB
MemTotal:        1844596 kB
MemFree:           92224 kB
MemAvailable:    1364356 kB
Buffers:          107308 kB
Cached:          1176400 kB
MemTotal:        1844596 kB
MemFree:           92384 kB
MemAvailable:    1364516 kB
Buffers:          107308 kB
Cached:          1176400 kB
MemTotal:        1844596 kB
MemFree:           92288 kB
MemAvailable:    1364420 kB
Buffers:          107308 kB
Cached:          1176400 kB
MemTotal:        1844596 kB
MemFree:           92416 kB
MemAvailable:    1364548 kB
Buffers:          107308 kB
Cached:          1176400 kB
MemTotal:        1844596 kB
MemFree:           92580 kB
MemAvailable:    1364712 kB
Buffers:          107308 kB
Cached:          1176400 kB
MemTotal:        1844596 kB
MemFree:           91660 kB
MemAvailable:    1363792 kB
Buffers:          107308 kB
Cached:          1176400 kB
MemTotal:        1844596 kB
MemFree:           92316 kB
MemAvailable:    1364452 kB
Buffers:          107308 kB
Cached:          1176404 kB
MemTotal:        1844596 kB
MemFree:           92660 kB
MemAvailable:    1364672 kB
Buffers:          107308 kB
Cached:          1176404 kB
MemTotal:        1844596 kB
MemFree:           91116 kB
MemAvailable:    1363252 kB
Buffers:          107308 kB
Cached:          1176404 kB
MemTotal:        1844596 kB
MemFree:           92024 kB
MemAvailable:    1364160 kB
Buffers:          107308 kB
Cached:          1176404 kB
MemTotal:        1844596 kB
MemFree:           91544 kB
MemAvailable:    1363680 kB
Buffers:          107308 kB
Cached:          1176404 kB
MemTotal:        1844596 kB
MemFree:           91604 kB
MemAvailable:    1363740 kB
Buffers:          107308 kB
Cached:          1176404 kB
MemTotal:        1844596 kB
MemFree:           90800 kB
MemAvailable:    1362936 kB
Buffers:          107308 kB
Cached:          1176404 kB
MemTotal:        1844596 kB
MemFree:           87320 kB
MemAvailable:    1359456 kB
Buffers:          107308 kB
Cached:          1176404 kB
MemTotal:        1844596 kB
MemFree:           81360 kB
MemAvailable:    1353496 kB
Buffers:          107308 kB
Cached:          1176404 kB
MemTotal:        1844596 kB
MemFree:           82084 kB
MemAvailable:    1354220 kB
Buffers:          107308 kB
Cached:          1176404 kB
MemTotal:        1844596 kB
MemFree:           82608 kB
MemAvailable:    1354752 kB
Buffers:          107308 kB
Cached:          1176412 kB
MemTotal:        1844596 kB
MemFree:           81500 kB
MemAvailable:    1353644 kB
Buffers:          107308 kB
Cached:          1176412 kB
MemTotal:        1844596 kB
MemFree:           81120 kB
MemAvailable:    1353264 kB
Buffers:          107308 kB
Cached:          1176412 kB
MemTotal:        1844596 kB
MemFree:           80608 kB
MemAvailable:    1352752 kB
Buffers:          107308 kB
Cached:          1176412 kB
MemTotal:        1844596 kB
MemFree:           79868 kB
MemAvailable:    1352012 kB
Buffers:          107308 kB
Cached:          1176412 kB
MemTotal:        1844596 kB
MemFree:           81028 kB
MemAvailable:    1353172 kB
Buffers:          107308 kB
Cached:          1176412 kB
MemTotal:        1844596 kB
MemFree:           79756 kB
MemAvailable:    1351900 kB
Buffers:          107308 kB
Cached:          1176412 kB
MemTotal:        1844596 kB
MemFree:           79832 kB
MemAvailable:    1351976 kB
Buffers:          107308 kB
Cached:          1176412 kB
MemTotal:        1844596 kB
MemFree:           79384 kB
MemAvailable:    1351528 kB
Buffers:          107308 kB
Cached:          1176412 kB
MemTotal:        1844596 kB
MemFree:           80236 kB
MemAvailable:    1352548 kB
Buffers:          107308 kB
Cached:          1176660 kB
MemTotal:        1844596 kB
MemFree:           79880 kB
MemAvailable:    1352192 kB
Buffers:          107308 kB
Cached:          1176660 kB
MemTotal:        1844596 kB
MemFree:           78708 kB
MemAvailable:    1351104 kB
Buffers:          107308 kB
Cached:          1176784 kB
MemTotal:        1844596 kB
MemFree:           79876 kB
MemAvailable:    1352524 kB
Buffers:          107308 kB
Cached:          1177032 kB
MemTotal:        1844596 kB
MemFree:           78576 kB
MemAvailable:    1351224 kB
Buffers:          107308 kB
Cached:          1177032 kB
MemTotal:        1844596 kB
MemFree:           79812 kB
MemAvailable:    1352460 kB
Buffers:          107308 kB
Cached:          1177032 kB
MemTotal:        1844596 kB
MemFree:           78640 kB
MemAvailable:    1351372 kB
Buffers:          107308 kB
Cached:          1177032 kB
MemTotal:        1844596 kB
MemFree:           79328 kB
MemAvailable:    1352132 kB
Buffers:          107308 kB
Cached:          1177024 kB
MemTotal:        1844596 kB
MemFree:           79664 kB
MemAvailable:    1352468 kB
Buffers:          107308 kB
Cached:          1177024 kB
MemTotal:        1844596 kB
MemFree:           79492 kB
MemAvailable:    1352296 kB
Buffers:          107308 kB
Cached:          1177024 kB
MemTotal:        1844596 kB
MemFree:           79744 kB
MemAvailable:    1352548 kB
Buffers:          107308 kB
Cached:          1177024 kB
MemTotal:        1844596 kB
MemFree:           79564 kB
MemAvailable:    1352368 kB
Buffers:          107308 kB
Cached:          1177024 kB
MemTotal:        1844596 kB
MemFree:           79632 kB
MemAvailable:    1352436 kB
Buffers:          107308 kB
Cached:          1177024 kB
MemTotal:        1844596 kB
MemFree:           78212 kB
MemAvailable:    1351100 kB
Buffers:          107308 kB
Cached:          1177148 kB
MemTotal:        1844596 kB
MemFree:           79472 kB
MemAvailable:    1351688 kB
Buffers:          107308 kB
Cached:          1176348 kB
MemTotal:        1844596 kB
MemFree:          118676 kB
MemAvailable:    1390892 kB
Buffers:          107308 kB
Cached:          1176348 kB
MemTotal:        1844596 kB
MemFree:          156512 kB
MemAvailable:    1428728 kB
Buffers:          107308 kB
Cached:          1176348 kB
MemTotal:        1844596 kB
MemFree:          274292 kB
MemAvailable:    1546508 kB
Buffers:          107308 kB
Cached:          1176348 kB
