MemTotal:        1844596 kB
MemFree:          350072 kB
MemAvailable:    1545620 kB
Buffers:           90192 kB
Cached:          1136620 kB
MemTotal:        1844596 kB
MemFree:          322892 kB
MemAvailable:    1518448 kB
Buffers:           90192 kB
Cached:          1136624 kB
MemTotal:        1844596 kB
MemFree:          322720 kB
MemAvailable:    1518276 kB
Buffers:           90192 kB
Cached:          1136624 kB
MemTotal:        1844596 kB
MemFree:          320472 kB
MemAvailable:    1516028 kB
Buffers:           90192 kB
Cached:          1136624 kB
MemTotal:        1844596 kB
MemFree:          319108 kB
MemAvailable:    1514664 kB
Buffers:           90192 kB
Cached:          1136624 kB
MemTotal:        1844596 kB
MemFree:          317940 kB
MemAvailable:    1513496 kB
Buffers:           90192 kB
Cached:          1136624 kB
MemTotal:        1844596 kB
MemFree:          318420 kB
MemAvailable:    1513976 kB
Buffers:           90192 kB
Cached:          1136624 kB
MemTotal:        1844596 kB
MemFree:          315560 kB
MemAvailable:    1511116 kB
Buffers:           90192 kB
Cached:          1136624 kB
MemTotal:        1844596 kB
MemFree:          315560 kB
MemAvailable:    1511116 kB
Buffers:           90192 kB
Cached:          1136624 kB
MemTotal:        1844596 kB
MemFree:          312476 kB
MemAvailable:    1508032 kB
Buffers:           90192 kB
Cached:          1136624 kB
MemTotal:        1844596 kB
MemFree:          308444 kB
MemAvailable:    1504000 kB
Buffers:           90192 kB
Cached:          1136624 kB
MemTotal:        1844596 kB
MemFree:          309244 kB
MemAvailable:    1504800 kB
Buffers:           90192 kB
Cached:          1136624 kB
MemTotal:        1844596 kB
MemFree:          308516 kB
MemAvailable:    1504072 kB
Buffers:           90192 kB
Cached:          1136624 kB
MemTotal:        1844596 kB
MemFree:          309360 kB
MemAvailable:    1504916 kB
Buffers:           90192 kB
Cached:          1136624 kB
MemTotal:        1844596 kB
MemFree:          309696 kB
MemAvailable:    1505252 kB
Buffers:           90192 kB
Cached:          1136624 kB
MemTotal:        1844596 kB
MemFree:          308136 kB
MemAvailable:    1503692 kB
Buffers:           90192 kB
Cached:          1136624 kB
MemTotal:        1844596 kB
MemFree:          308756 kB
MemAvailable:    1504312 kB
Buffers:           90192 kB
Cached:          1136624 kB
MemTotal:        1844596 kB
MemFree:          308444 kB
MemAvailable:    1504000 kB
Buffers:           90192 kB
Cached:          1136624 kB
MemTotal:        1844596 kB
MemFree:          308700 kB
MemAvailable:    1504256 kB
Buffers:           90192 kB
Cached:          1136624 kB
MemTotal:        1844596 kB
MemFree:          307864 kB
MemAvailable:    1503420 kB
Buffers:           90192 kB
Cached:          1136624 kB
MemTotal:        1844596 kB
MemFree:          307332 kB
MemAvailable:    1502888 kB
Buffers:           90192 kB
Cached:          1136624 kB
MemTotal:        1844596 kB
MemFree:          308252 kB
MemAvailable:    1503808 kB
Buffers:           90192 kB
Cached:          1136624 kB
MemTotal:        1844596 kB
MemFree:          308588 kB
MemAvailable:    1504144 kB
Buffers:           90192 kB
Cached:          1136624 kB
MemTotal:        1844596 kB
MemFree:          308396 kB
MemAvailable:    1503952 kB
Buffers:           90192 kB
Cached:          1136624 kB
MemTotal:        1844596 kB
MemFree:          306896 kB
MemAvailable:    1502452 kB
Buffers:           90192 kB
Cached:          1136624 kB
MemTotal:        1844596 kB
MemFree:          307880 kB
MemAvailable:    1503436 kB
Buffers:           90192 kB
Cached:          1136624 kB
MemTotal:        1844596 kB
MemFree:          307880 kB
MemAvailable:    1503436 kB
Buffers:           90192 kB
Cached:          1136624 kB
MemTotal:        1844596 kB
MemFree:          307508 kB
MemAvailable:    1503064 kB
Buffers:           90192 kB
Cached:          1136624 kB
MemTotal:        1844596 kB
MemFree:          307436 kB
MemAvailable:    1502992 kB
Buffers:           90192 kB
Cached:          1136624 kB
MemTotal:        1844596 kB
MemFree:          305904 kB
MemAvailable:    1501460 kB
Buffers:           90192 kB
Cached:          1136624 kB
MemTotal:        1844596 kB
MemFree:          305400 kB
MemAvailable:    1500956 kB
Buffers:           90192 kB
Cached:          1136624 kB
MemTotal:        1844596 kB
MemFree:          306212 kB
MemAvailable:    1501768 kB
Buffers:           90192 kB
Cached:          1136624 kB
MemTotal:        1844596 kB
MemFree:          306088 kB
MemAvailable:    1501644 kB
Buffers:           90192 kB
Cached:          1136624 kB
MemTotal:        1844596 kB
MemFree:          305036 kB
MemAvailable:    1500592 kB
Buffers:           90192 kB
Cached:          1136624 kB
MemTotal:        1844596 kB
MemFree:          305028 kB
MemAvailable:    1500584 kB
Buffers:           90192 kB
Cached:          1136624 kB
MemTotal:        1844596 kB
MemFree:          304780 kB
MemAvailable:    1500336 kB
Buffers:           90192 kB
Cached:          1136624 kB
MemTotal:        1844596 kB
MemFree:          305964 kB
MemAvailable:    1501520 kB
Buffers:           90192 kB
Cached:          1136624 kB
MemTotal:        1844596 kB
MemFree:          306216 kB
MemAvailable:    1501772 kB
Buffers:           90192 kB
Cached:          1136624 kB
MemTotal:        1844596 kB
MemFree:          307312 kB
MemAvailable:    1502868 kB
Buffers:           90192 kB
Cached:          1136624 kB
MemTotal:        1844596 kB
MemFree:          306824 kB
MemAvailable:    1502380 kB
Buffers:           90192 kB
Cached:          1136624 kB
MemTotal:        1844596 kB
MemFree:          304176 kB
MemAvailable:    1499732 kB
Buffers:           90192 kB
Cached:          1136624 kB
MemTotal:        1844596 kB
MemFree:          302168 kB
MemAvailable:    1497728 kB
Buffers:           90192 kB
Cached:          1136628 kB
MemTotal:        1844596 kB
MemFree:          302504 kB
MemAvailable:    1498064 kB
Buffers:           90192 kB
Cached:          1136628 kB
MemTotal:        1844596 kB
MemFree:          302044 kB
MemAvailable:    1497604 kB
Buffers:           90192 kB
Cached:          1136628 kB
MemTotal:        1844596 kB
MemFree:          302044 kB
MemAvailable:    1497604 kB
Buffers:           90192 kB
Cached:          1136628 kB
MemTotal:        1844596 kB
MemFree:          300760 kB
MemAvailable:    1496320 kB
Buffers:           90192 kB
Cached:          1136628 kB
MemTotal:        1844596 kB
MemFree:          301868 kB
MemAvailable:    1497428 kB
Buffers:           90192 kB
Cached:          1136628 kB
MemTotal:        1844596 kB
MemFree:          300628 kB
MemAvailable:    1496188 kB
Buffers:           90192 kB
Cached:          1136628 kB
MemTotal:        1844596 kB
MemFree:          300372 kB
MemAvailable:    1495932 kB
Buffers:           90192 kB
Cached:          1136628 kB
MemTotal:        1844596 kB
MemFree:          300324 kB
MemAvailable:    1495884 kB
Buffers:           90192 kB
Cached:          1136628 kB
MemTotal:        1844596 kB
MemFree:          301516 kB
MemAvailable:    1497076 kB
Buffers:           90192 kB
Cached:          1136628 kB
MemTotal:        1844596 kB
MemFree:          301772 kB
MemAvailable:    1497332 kB
Buffers:           90192 kB
Cached:          1136628 kB
MemTotal:        1844596 kB
MemFree:          301516 kB
MemAvailable:    1497076 kB
Buffers:           90192 kB
Cached:          1136628 kB
MemTotal:        1844596 kB
MemFree:          301696 kB
MemAvailable:    1497256 kB
Buffers:           90192 kB
Cached:          1136628 kB
MemTotal:        1844596 kB
MemFree:          301192 kB
MemAvailable:    1496752 kB
Buffers:           90192 kB
Cached:          1136628 kB
MemTotal:        1844596 kB
MemFree:          300396 kB
MemAvailable:    1495956 kB
Buffers:           90192 kB
Cached:          1136628 kB
MemTotal:        1844596 kB
MemFree:          299144 kB
MemAvailable:    1494704 kB
Buffers:           90192 kB
Cached:          1136628 kB
MemTotal:        1844596 kB
MemFree:          296108 kB
MemAvailable:    1491668 kB
Buffers:           90192 kB
Cached:          1136628 kB
MemTotal:        1844596 kB
MemFree:          295860 kB
MemAvailable:    1491420 kB
Buffers:           90192 kB
Cached:          1136628 kB
MemTotal:        1844596 kB
MemFree:          294496 kB
MemAvailable:    1490056 kB
Buffers:           90192 kB
Cached:          1136628 kB
MemTotal:        1844596 kB
MemFree:          294124 kB
MemAvailable:    1489684 kB
Buffers:           90192 kB
Cached:          1136628 kB
MemTotal:        1844596 kB
MemFree:          294000 kB
MemAvailable:    1489560 kB
Buffers:           90192 kB
Cached:          1136628 kB
MemTotal:        1844596 kB
MemFree:          292264 kB
MemAvailable:    1487824 kB
Buffers:           90192 kB
Cached:          1136628 kB
MemTotal:        1844596 kB
MemFree:          293340 kB
MemAvailable:    1488900 kB
Buffers:           90192 kB
Cached:          1136628 kB
MemTotal:        1844596 kB
MemFree:          292860 kB
MemAvailable:    1488420 kB
Buffers:           90192 kB
Cached:          1136628 kB
MemTotal:        1844596 kB
MemFree:          293112 kB
MemAvailable:    1488672 kB
Buffers:           90192 kB
Cached:          1136628 kB
MemTotal:        1844596 kB
MemFree:          292864 kB
MemAvailable:    1488424 kB
Buffers:           90192 kB
Cached:          1136628 kB
MemTotal:        1844596 kB
MemFree:          291576 kB
MemAvailable:    1487136 kB
Buffers:           90192 kB
Cached:          1136628 kB
MemTotal:        1844596 kB
MemFree:          292812 kB
MemAvailable:    1488372 kB
Buffers:           90192 kB
Cached:          1136628 kB
MemTotal:        1844596 kB
MemFree:          291440 kB
MemAvailable:    1487000 kB
Buffers:           90192 kB
Cached:          1136628 kB
MemTotal:        1844596 kB
MemFree:          292708 kB
MemAvailable:    1488268 kB
Buffers:           90192 kB
Cached:          1136628 kB
MemTotal:        1844596 kB
MemFree:          292140 kB
MemAvailable:    1487700 kB
Buffers:           90192 kB
Cached:          1136628 kB
MemTotal:        1844596 kB
MemFree:          292872 kB
MemAvailable:    1488432 kB
Buffers:           90192 kB
Cached:          1136628 kB
MemTotal:        1844596 kB
MemFree:          291872 kB
MemAvailable:    1487432 kB
Buffers:           90192 kB
Cached:          1136628 kB
MemTotal:        1844596 kB
MemFree:          291624 kB
MemAvailable:    1487184 kB
Buffers:           90192 kB
Cached:          1136628 kB
MemTotal:        1844596 kB
MemFree:          291624 kB
MemAvailable:    1487184 kB
Buffers:           90192 kB
Cached:          1136628 kB
MemTotal:        1844596 kB
MemFree:          292820 kB
MemAvailable:    1488380 kB
Buffers:           90192 kB
Cached:          1136628 kB
MemTotal:        1844596 kB
MemFree:          292688 kB
MemAvailable:    1488248 kB
Buffers:           90192 kB
Cached:          1136628 kB
MemTotal:        1844596 kB
MemFree:          291652 kB
MemAvailable:    1487212 kB
Buffers:           90192 kB
Cached:          1136628 kB
MemTotal:        1844596 kB
MemFree:          292504 kB
MemAvailable:    1488068 kB
Buffers:           90192 kB
Cached:          1136632 kB
MemTotal:        1844596 kB
MemFree:          292644 kB
MemAvailable:    1488208 kB
Buffers:           90192 kB
Cached:          1136632 kB
MemTotal:        1844596 kB
MemFree:          292380 kB
MemAvailable:    1487944 kB
Buffers:           90192 kB
Cached:          1136632 kB
MemTotal:        1844596 kB
MemFree:          292456 kB
MemAvailable:    1488020 kB
Buffers:           90192 kB
Cached:          1136632 kB
MemTotal:        1844596 kB
MemFree:          290652 kB
MemAvailable:    1486216 kB
Buffers:           90192 kB
Cached:          1136632 kB
MemTotal:        1844596 kB
MemFree:          285056 kB
MemAvailable:    1480620 kB
Buffers:           90192 kB
Cached:          1136632 kB
MemTotal:        1844596 kB
MemFree:          284700 kB
MemAvailable:    1480264 kB
Buffers:           90192 kB
Cached:          1136632 kB
MemTotal:        1844596 kB
MemFree:          283212 kB
MemAvailable:    1478776 kB
Buffers:           90192 kB
Cached:          1136632 kB
MemTotal:        1844596 kB
MemFree:          283336 kB
MemAvailable:    1478900 kB
Buffers:           90192 kB
Cached:          1136632 kB
MemTotal:        1844596 kB
MemFree:          284312 kB
MemAvailable:    1479876 kB
Buffers:           90192 kB
Cached:          1136632 kB
MemTotal:        1844596 kB
MemFree:          284204 kB
MemAvailable:    1479768 kB
Buffers:           90192 kB
Cached:          1136632 kB
MemTotal:        1844596 kB
MemFree:          284024 kB
MemAvailable:    1479588 kB
Buffers:           90192 kB
Cached:          1136632 kB
MemTotal:        1844596 kB
MemFree:          282900 kB
MemAvailable:    1478464 kB
Buffers:           90192 kB
Cached:          1136632 kB
MemTotal:        1844596 kB
MemFree:          283752 kB
MemAvailable:    1479316 kB
Buffers:           90192 kB
Cached:          1136632 kB
MemTotal:        1844596 kB
MemFree:          283584 kB
MemAvailable:    1479148 kB
Buffers:           90192 kB
Cached:          1136632 kB
MemTotal:        1844596 kB
MemFree:          283872 kB
MemAvailable:    1479436 kB
Buffers:           90192 kB
Cached:          1136632 kB
MemTotal:        1844596 kB
MemFree:          283832 kB
MemAvailable:    1479396 kB
Buffers:           90192 kB
Cached:          1136632 kB
MemTotal:        1844596 kB
MemFree:          283080 kB
MemAvailable:    1478644 kB
Buffers:           90192 kB
Cached:          1136632 kB
MemTotal:        1844596 kB
MemFree:          284288 kB
MemAvailable:    1479856 kB
Buffers:           90192 kB
Cached:          1136636 kB
MemTotal:        1844596 kB
MemFree:          283096 kB
MemAvailable:    1478664 kB
Buffers:           90192 kB
Cached:          1136636 kB
MemTotal:        1844596 kB
MemFree:          283940 kB
MemAvailable:    1479508 kB
Buffers:           90192 kB
Cached:          1136636 kB
MemTotal:        1844596 kB
MemFree:          283940 kB
MemAvailable:    1479508 kB
Buffers:           90192 kB
Cached:          1136636 kB
MemTotal:        1844596 kB
MemFree:          283944 kB
MemAvailable:    1479512 kB
Buffers:           90192 kB
Cached:          1136636 kB
MemTotal:        1844596 kB
MemFree:          283832 kB
MemAvailable:    1479400 kB
Buffers:           90192 kB
Cached:          1136636 kB
MemTotal:        1844596 kB
MemFree:          283468 kB
MemAvailable:    1479036 kB
Buffers:           90192 kB
Cached:          1136636 kB
MemTotal:        1844596 kB
MemFree:          283692 kB
MemAvailable:    1479260 kB
Buffers:           90192 kB
Cached:          1136636 kB
MemTotal:        1844596 kB
MemFree:          284028 kB
MemAvailable:    1479596 kB
Buffers:           90192 kB
Cached:          1136636 kB
MemTotal:        1844596 kB
MemFree:          282668 kB
MemAvailable:    1478236 kB
Buffers:           90192 kB
Cached:          1136636 kB
MemTotal:        1844596 kB
MemFree:          283908 kB
MemAvailable:    1479476 kB
Buffers:           90192 kB
Cached:          1136636 kB
MemTotal:        1844596 kB
MemFree:          283692 kB
MemAvailable:    1479260 kB
Buffers:           90192 kB
Cached:          1136636 kB
MemTotal:        1844596 kB
MemFree:          283776 kB
MemAvailable:    1479344 kB
Buffers:           90192 kB
Cached:          1136636 kB
MemTotal:        1844596 kB
MemFree:          283892 kB
MemAvailable:    1479460 kB
Buffers:           90192 kB
Cached:          1136636 kB
MemTotal:        1844596 kB
MemFree:          282688 kB
MemAvailable:    1478256 kB
Buffers:           90192 kB
Cached:          1136636 kB
MemTotal:        1844596 kB
MemFree:          282432 kB
MemAvailable:    1478000 kB
Buffers:           90192 kB
Cached:          1136636 kB
MemTotal:        1844596 kB
MemFree:          280220 kB
MemAvailable:    1475788 kB
Buffers:           90192 kB
Cached:          1136636 kB
MemTotal:        1844596 kB
MemFree:          279368 kB
MemAvailable:    1474936 kB
Buffers:           90192 kB
Cached:          1136636 kB
MemTotal:        1844596 kB
MemFree:          276144 kB
MemAvailable:    1471712 kB
Buffers:           90192 kB
Cached:          1136636 kB
MemTotal:        1844596 kB
MemFree:          274832 kB
MemAvailable:    1470400 kB
Buffers:           90192 kB
Cached:          1136636 kB
MemTotal:        1844596 kB
MemFree:          274708 kB
MemAvailable:    1470276 kB
Buffers:           90192 kB
Cached:          1136636 kB
MemTotal:        1844596 kB
MemFree:          273400 kB
MemAvailable:    1468968 kB
Buffers:           90192 kB
Cached:          1136636 kB
MemTotal:        1844596 kB
MemFree:          274020 kB
MemAvailable:    1469588 kB
Buffers:           90192 kB
Cached:          1136636 kB
MemTotal:        1844596 kB
MemFree:          274020 kB
MemAvailable:    1469588 kB
Buffers:           90192 kB
Cached:          1136636 kB
MemTotal:        1844596 kB
MemFree:          273044 kB
MemAvailable:    1468612 kB
Buffers:           90192 kB
Cached:          1136636 kB
MemTotal:        1844596 kB
MemFree:          272608 kB
MemAvailable:    1468176 kB
Buffers:           90192 kB
Cached:          1136636 kB
MemTotal:        1844596 kB
MemFree:          271912 kB
MemAvailable:    1467480 kB
Buffers:           90192 kB
Cached:          1136636 kB
MemTotal:        1844596 kB
MemFree:          272248 kB
MemAvailable:    1467816 kB
Buffers:           90192 kB
Cached:          1136636 kB
MemTotal:        1844596 kB
MemFree:          272036 kB
MemAvailable:    1467604 kB
Buffers:           90192 kB
Cached:          1136636 kB
MemTotal:        1844596 kB
MemFree:          272036 kB
MemAvailable:    1467604 kB
Buffers:           90192 kB
Cached:          1136636 kB
MemTotal:        1844596 kB
MemFree:          271924 kB
MemAvailable:    1467492 kB
Buffers:           90192 kB
Cached:          1136636 kB
MemTotal:        1844596 kB
MemFree:          270756 kB
MemAvailable:    1466324 kB
Buffers:           90192 kB
Cached:          1136636 kB
MemTotal:        1844596 kB
MemFree:          270880 kB
MemAvailable:    1466448 kB
Buffers:           90192 kB
Cached:          1136636 kB
MemTotal:        1844596 kB
MemFree:          272200 kB
MemAvailable:    1467768 kB
Buffers:           90192 kB
Cached:          1136636 kB
MemTotal:        1844596 kB
MemFree:          271308 kB
MemAvailable:    1466876 kB
Buffers:           90192 kB
Cached:          1136636 kB
MemTotal:        1844596 kB
MemFree:          272384 kB
MemAvailable:    1467952 kB
Buffers:           90192 kB
Cached:          1136636 kB
MemTotal:        1844596 kB
MemFree:          271184 kB
MemAvailable:    1466752 kB
Buffers:           90192 kB
Cached:          1136636 kB
MemTotal:        1844596 kB
MemFree:          272036 kB
MemAvailable:    1467604 kB
Buffers:           90192 kB
Cached:          1136636 kB
MemTotal:        1844596 kB
MemFree:          272372 kB
MemAvailable:    1467940 kB
Buffers:           90192 kB
Cached:          1136636 kB
MemTotal:        1844596 kB
MemFree:          272104 kB
MemAvailable:    1467672 kB
Buffers:           90192 kB
Cached:          1136636 kB
MemTotal:        1844596 kB
MemFree:          270756 kB
MemAvailable:    1466324 kB
Buffers:           90192 kB
Cached:          1136636 kB
MemTotal:        1844596 kB
MemFree:          271988 kB
MemAvailable:    1467556 kB
Buffers:           90192 kB
Cached:          1136636 kB
MemTotal:        1844596 kB
MemFree:          271768 kB
MemAvailable:    1467336 kB
Buffers:           90192 kB
Cached:          1136636 kB
MemTotal:        1844596 kB
MemFree:          272104 kB
MemAvailable:    1467672 kB
Buffers:           90192 kB
Cached:          1136636 kB
MemTotal:        1844596 kB
MemFree:          271896 kB
MemAvailable:    1467464 kB
Buffers:           90192 kB
Cached:          1136636 kB
MemTotal:        1844596 kB
MemFree:          272148 kB
MemAvailable:    1467716 kB
Buffers:           90192 kB
Cached:          1136636 kB
MemTotal:        1844596 kB
MemFree:          272052 kB
MemAvailable:    1467620 kB
Buffers:           90192 kB
Cached:          1136636 kB
MemTotal:        1844596 kB
MemFree:          272128 kB
MemAvailable:    1467696 kB
Buffers:           90192 kB
Cached:          1136636 kB
MemTotal:        1844596 kB
MemFree:          271988 kB
MemAvailable:    1467556 kB
Buffers:           90192 kB
Cached:          1136636 kB
MemTotal:        1844596 kB
MemFree:          271912 kB
MemAvailable:    1467480 kB
Buffers:           90192 kB
Cached:          1136636 kB
MemTotal:        1844596 kB
MemFree:          272164 kB
MemAvailable:    1467732 kB
Buffers:           90192 kB
Cached:          1136636 kB
MemTotal:        1844596 kB
MemFree:          271908 kB
MemAvailable:    1467476 kB
Buffers:           90192 kB
Cached:          1136636 kB
MemTotal:        1844596 kB
MemFree:          271812 kB
MemAvailable:    1467380 kB
Buffers:           90192 kB
Cached:          1136636 kB
MemTotal:        1844596 kB
MemFree:          270556 kB
MemAvailable:    1466124 kB
Buffers:           90192 kB
Cached:          1136636 kB
MemTotal:        1844596 kB
MemFree:          270936 kB
MemAvailable:    1466504 kB
Buffers:           90192 kB
Cached:          1136636 kB
MemTotal:        1844596 kB
MemFree:          270680 kB
MemAvailable:    1466248 kB
Buffers:           90192 kB
Cached:          1136636 kB
MemTotal:        1844596 kB
MemFree:          270888 kB
MemAvailable:    1466456 kB
Buffers:           90192 kB
Cached:          1136636 kB
MemTotal:        1844596 kB
MemFree:          271784 kB
MemAvailable:    1467360 kB
Buffers:           90192 kB
Cached:          1136644 kB
MemTotal:        1844596 kB
MemFree:          272120 kB
MemAvailable:    1467696 kB
Buffers:           90192 kB
Cached:          1136644 kB
MemTotal:        1844596 kB
MemFree:          272020 kB
MemAvailable:    1467596 kB
Buffers:           90192 kB
Cached:          1136644 kB
MemTotal:        1844596 kB
MemFree:          271996 kB
MemAvailable:    1467572 kB
Buffers:           90192 kB
Cached:          1136644 kB
MemTotal:        1844596 kB
MemFree:          271996 kB
MemAvailable:    1467572 kB
Buffers:           90192 kB
Cached:          1136644 kB
MemTotal:        1844596 kB
MemFree:          270696 kB
MemAvailable:    1466272 kB
Buffers:           90192 kB
Cached:          1136644 kB
MemTotal:        1844596 kB
MemFree:          272248 kB
MemAvailable:    1467824 kB
Buffers:           90192 kB
Cached:          1136644 kB
MemTotal:        1844596 kB
MemFree:          272144 kB
MemAvailable:    1467720 kB
Buffers:           90192 kB
Cached:          1136644 kB
MemTotal:        1844596 kB
MemFree:          272240 kB
MemAvailable:    1467816 kB
Buffers:           90192 kB
Cached:          1136644 kB
MemTotal:        1844596 kB
MemFree:          272184 kB
MemAvailable:    1467760 kB
Buffers:           90192 kB
Cached:          1136644 kB
MemTotal:        1844596 kB
MemFree:          272008 kB
MemAvailable:    1467584 kB
Buffers:           90192 kB
Cached:          1136644 kB
MemTotal:        1844596 kB
MemFree:          272176 kB
MemAvailable:    1467752 kB
Buffers:           90192 kB
Cached:          1136644 kB
MemTotal:        1844596 kB
MemFree:          270820 kB
MemAvailable:    1466396 kB
Buffers:           90192 kB
Cached:          1136644 kB
MemTotal:        1844596 kB
MemFree:          272060 kB
MemAvailable:    1467636 kB
Buffers:           90192 kB
Cached:          1136644 kB
MemTotal:        1844596 kB
MemFree:          272144 kB
MemAvailable:    1467720 kB
Buffers:           90192 kB
Cached:          1136644 kB
MemTotal:        1844596 kB
MemFree:          271804 kB
MemAvailable:    1467380 kB
Buffers:           90192 kB
Cached:          1136644 kB
MemTotal:        1844596 kB
MemFree:          271624 kB
MemAvailable:    1467200 kB
Buffers:           90192 kB
Cached:          1136644 kB
MemTotal:        1844596 kB
MemFree:          271876 kB
MemAvailable:    1467452 kB
Buffers:           90192 kB
Cached:          1136644 kB
MemTotal:        1844596 kB
MemFree:          271500 kB
MemAvailable:    1467076 kB
Buffers:           90192 kB
Cached:          1136644 kB
MemTotal:        1844596 kB
MemFree:          271192 kB
MemAvailable:    1466768 kB
Buffers:           90192 kB
Cached:          1136644 kB
MemTotal:        1844596 kB
MemFree:          271508 kB
MemAvailable:    1467084 kB
Buffers:           90192 kB
Cached:          1136644 kB
MemTotal:        1844596 kB
MemFree:          271604 kB
MemAvailable:    1467180 kB
Buffers:           90192 kB
Cached:          1136644 kB
MemTotal:        1844596 kB
MemFree:          271404 kB
MemAvailable:    1466980 kB
Buffers:           90192 kB
Cached:          1136644 kB
MemTotal:        1844596 kB
MemFree:          271740 kB
MemAvailable:    1467316 kB
Buffers:           90192 kB
Cached:          1136644 kB
MemTotal:        1844596 kB
MemFree:          271280 kB
MemAvailable:    1466856 kB
Buffers:           90192 kB
Cached:          1136644 kB
MemTotal:        1844596 kB
MemFree:          271532 kB
MemAvailable:    1467108 kB
Buffers:           90192 kB
Cached:          1136644 kB
MemTotal:        1844596 kB
MemFree:          271308 kB
MemAvailable:    1466884 kB
Buffers:           90192 kB
Cached:          1136644 kB
MemTotal:        1844596 kB
MemFree:          271076 kB
MemAvailable:    1466652 kB
Buffers:           90192 kB
Cached:          1136644 kB
MemTotal:        1844596 kB
MemFree:          269936 kB
MemAvailable:    1465512 kB
Buffers:           90192 kB
Cached:          1136644 kB
MemTotal:        1844596 kB
MemFree:          270068 kB
MemAvailable:    1465644 kB
Buffers:           90192 kB
Cached:          1136644 kB
MemTotal:        1844596 kB
MemFree:          271300 kB
MemAvailable:    1466876 kB
Buffers:           90192 kB
Cached:          1136644 kB
MemTotal:        1844596 kB
MemFree:          270920 kB
MemAvailable:    1466496 kB
Buffers:           90192 kB
Cached:          1136644 kB
MemTotal:        1844596 kB
MemFree:          271076 kB
MemAvailable:    1466652 kB
Buffers:           90192 kB
Cached:          1136644 kB
MemTotal:        1844596 kB
MemFree:          270812 kB
MemAvailable:    1466388 kB
Buffers:           90192 kB
Cached:          1136644 kB
MemTotal:        1844596 kB
MemFree:          269572 kB
MemAvailable:    1465148 kB
Buffers:           90192 kB
Cached:          1136644 kB
MemTotal:        1844596 kB
MemFree:          270948 kB
MemAvailable:    1466524 kB
Buffers:           90192 kB
Cached:          1136644 kB
MemTotal:        1844596 kB
MemFree:          269816 kB
MemAvailable:    1465392 kB
Buffers:           90192 kB
Cached:          1136644 kB
MemTotal:        1844596 kB
MemFree:          269768 kB
MemAvailable:    1465344 kB
Buffers:           90192 kB
Cached:          1136644 kB
MemTotal:        1844596 kB
MemFree:          269768 kB
MemAvailable:    1465344 kB
Buffers:           90192 kB
Cached:          1136644 kB
MemTotal:        1844596 kB
MemFree:          269192 kB
MemAvailable:    1464768 kB
Buffers:           90192 kB
Cached:          1136644 kB
MemTotal:        1844596 kB
MemFree:          269580 kB
MemAvailable:    1465156 kB
Buffers:           90192 kB
Cached:          1136644 kB
MemTotal:        1844596 kB
MemFree:          270840 kB
MemAvailable:    1466416 kB
Buffers:           90192 kB
Cached:          1136644 kB
MemTotal:        1844596 kB
MemFree:          269828 kB
MemAvailable:    1465404 kB
Buffers:           90192 kB
Cached:          1136644 kB
MemTotal:        1844596 kB
MemFree:          267596 kB
MemAvailable:    1463172 kB
Buffers:           90192 kB
Cached:          1136644 kB
MemTotal:        1844596 kB
MemFree:          264372 kB
MemAvailable:    1459948 kB
Buffers:           90192 kB
Cached:          1136644 kB
MemTotal:        1844596 kB
MemFree:          261272 kB
MemAvailable:    1456848 kB
Buffers:           90192 kB
Cached:          1136644 kB
MemTotal:        1844596 kB
MemFree:          259164 kB
MemAvailable:    1454740 kB
Buffers:           90192 kB
Cached:          1136644 kB
MemTotal:        1844596 kB
MemFree:          259280 kB
MemAvailable:    1454856 kB
Buffers:           90192 kB
Cached:          1136644 kB
MemTotal:        1844596 kB
MemFree:          260084 kB
MemAvailable:    1455660 kB
Buffers:           90192 kB
Cached:          1136644 kB
MemTotal:        1844596 kB
MemFree:          260420 kB
MemAvailable:    1455996 kB
Buffers:           90192 kB
Cached:          1136644 kB
MemTotal:        1844596 kB
MemFree:          259092 kB
MemAvailable:    1454668 kB
Buffers:           90192 kB
Cached:          1136644 kB
MemTotal:        1844596 kB
MemFree:          258792 kB
MemAvailable:    1454368 kB
Buffers:           90192 kB
Cached:          1136644 kB
MemTotal:        1844596 kB
MemFree:          259720 kB
MemAvailable:    1455296 kB
Buffers:           90192 kB
Cached:          1136644 kB
MemTotal:        1844596 kB
MemFree:          258900 kB
MemAvailable:    1454476 kB
Buffers:           90192 kB
Cached:          1136644 kB
MemTotal:        1844596 kB
MemFree:          258900 kB
MemAvailable:    1454476 kB
Buffers:           90192 kB
Cached:          1136644 kB
MemTotal:        1844596 kB
MemFree:          257800 kB
MemAvailable:    1453376 kB
Buffers:           90192 kB
Cached:          1136644 kB
MemTotal:        1844596 kB
MemFree:          257676 kB
MemAvailable:    1453252 kB
Buffers:           90192 kB
Cached:          1136644 kB
MemTotal:        1844596 kB
MemFree:          256560 kB
MemAvailable:    1452136 kB
Buffers:           90192 kB
Cached:          1136644 kB
MemTotal:        1844596 kB
MemFree:          257736 kB
MemAvailable:    1453312 kB
Buffers:           90192 kB
Cached:          1136644 kB
MemTotal:        1844596 kB
MemFree:          257412 kB
MemAvailable:    1452988 kB
Buffers:           90192 kB
Cached:          1136644 kB
MemTotal:        1844596 kB
MemFree:          257664 kB
MemAvailable:    1453240 kB
Buffers:           90192 kB
Cached:          1136644 kB
MemTotal:        1844596 kB
MemFree:          256300 kB
MemAvailable:    1451876 kB
Buffers:           90192 kB
Cached:          1136644 kB
MemTotal:        1844596 kB
MemFree:          256424 kB
MemAvailable:    1452000 kB
Buffers:           90192 kB
Cached:          1136644 kB
MemTotal:        1844596 kB
MemFree:          256300 kB
MemAvailable:    1451876 kB
Buffers:           90192 kB
Cached:          1136644 kB
MemTotal:        1844596 kB
MemFree:          257664 kB
MemAvailable:    1453240 kB
Buffers:           90192 kB
Cached:          1136644 kB
MemTotal:        1844596 kB
MemFree:          257420 kB
MemAvailable:    1452996 kB
Buffers:           90192 kB
Cached:          1136644 kB
MemTotal:        1844596 kB
MemFree:          257548 kB
MemAvailable:    1453124 kB
Buffers:           90192 kB
Cached:          1136644 kB
MemTotal:        1844596 kB
MemFree:          256684 kB
MemAvailable:    1452260 kB
Buffers:           90192 kB
Cached:          1136644 kB
MemTotal:        1844596 kB
MemFree:          257668 kB
MemAvailable:    1453244 kB
Buffers:           90192 kB
Cached:          1136644 kB
MemTotal:        1844596 kB
MemFree:          257420 kB
MemAvailable:    1452996 kB
Buffers:           90192 kB
Cached:          1136644 kB
MemTotal:        1844596 kB
MemFree:          257108 kB
MemAvailable:    1452684 kB
Buffers:           90192 kB
Cached:          1136644 kB
MemTotal:        1844596 kB
MemFree:          255816 kB
MemAvailable:    1451392 kB
Buffers:           90192 kB
Cached:          1136644 kB
MemTotal:        1844596 kB
MemFree:          255676 kB
MemAvailable:    1451252 kB
Buffers:           90192 kB
Cached:          1136644 kB
MemTotal:        1844596 kB
MemFree:          254700 kB
MemAvailable:    1450276 kB
Buffers:           90192 kB
Cached:          1136644 kB
MemTotal:        1844596 kB
MemFree:          255196 kB
MemAvailable:    1450780 kB
Buffers:           90192 kB
Cached:          1136652 kB
MemTotal:        1844596 kB
MemFree:          254072 kB
MemAvailable:    1449656 kB
Buffers:           90192 kB
Cached:          1136652 kB
MemTotal:        1844596 kB
MemFree:          255248 kB
MemAvailable:    1450832 kB
Buffers:           90192 kB
Cached:          1136652 kB
MemTotal:        1844596 kB
MemFree:          255148 kB
MemAvailable:    1450732 kB
Buffers:           90192 kB
Cached:          1136652 kB
MemTotal:        1844596 kB
MemFree:          254560 kB
MemAvailable:    1450144 kB
Buffers:           90192 kB
Cached:          1136652 kB
MemTotal:        1844596 kB
MemFree:          254328 kB
MemAvailable:    1449912 kB
Buffers:           90192 kB
Cached:          1136652 kB
MemTotal:        1844596 kB
MemFree:          253760 kB
MemAvailable:    1449344 kB
Buffers:           90192 kB
Cached:          1136652 kB
MemTotal:        1844596 kB
MemFree:          252468 kB
MemAvailable:    1448052 kB
Buffers:           90192 kB
Cached:          1136652 kB
MemTotal:        1844596 kB
MemFree:          251972 kB
MemAvailable:    1447556 kB
Buffers:           90192 kB
Cached:          1136652 kB
MemTotal:        1844596 kB
MemFree:          253264 kB
MemAvailable:    1448848 kB
Buffers:           90192 kB
Cached:          1136652 kB
MemTotal:        1844596 kB
MemFree:          252412 kB
MemAvailable:    1447996 kB
Buffers:           90192 kB
Cached:          1136652 kB
MemTotal:        1844596 kB
MemFree:          252412 kB
MemAvailable:    1447996 kB
Buffers:           90192 kB
Cached:          1136652 kB
MemTotal:        1844596 kB
MemFree:          252316 kB
MemAvailable:    1447900 kB
Buffers:           90192 kB
Cached:          1136652 kB
MemTotal:        1844596 kB
MemFree:          252400 kB
MemAvailable:    1447984 kB
Buffers:           90192 kB
Cached:          1136652 kB
MemTotal:        1844596 kB
MemFree:          252192 kB
MemAvailable:    1447776 kB
Buffers:           90192 kB
Cached:          1136652 kB
MemTotal:        1844596 kB
MemFree:          251548 kB
MemAvailable:    1447132 kB
Buffers:           90192 kB
Cached:          1136652 kB
MemTotal:        1844596 kB
MemFree:          252272 kB
MemAvailable:    1447856 kB
Buffers:           90192 kB
Cached:          1136652 kB
MemTotal:        1844596 kB
MemFree:          252204 kB
MemAvailable:    1447788 kB
Buffers:           90192 kB
Cached:          1136652 kB
MemTotal:        1844596 kB
MemFree:          252540 kB
MemAvailable:    1448124 kB
Buffers:           90192 kB
Cached:          1136652 kB
MemTotal:        1844596 kB
MemFree:          252384 kB
MemAvailable:    1447968 kB
Buffers:           90192 kB
Cached:          1136652 kB
MemTotal:        1844596 kB
MemFree:          252344 kB
MemAvailable:    1447928 kB
Buffers:           90192 kB
Cached:          1136652 kB
MemTotal:        1844596 kB
MemFree:          252212 kB
MemAvailable:    1447796 kB
Buffers:           90192 kB
Cached:          1136652 kB
MemTotal:        1844596 kB
MemFree:          251228 kB
MemAvailable:    1446812 kB
Buffers:           90192 kB
Cached:          1136652 kB
MemTotal:        1844596 kB
MemFree:          252036 kB
MemAvailable:    1447620 kB
Buffers:           90192 kB
Cached:          1136652 kB
MemTotal:        1844596 kB
MemFree:          252036 kB
MemAvailable:    1447620 kB
Buffers:           90192 kB
Cached:          1136652 kB
MemTotal:        1844596 kB
MemFree:          252048 kB
MemAvailable:    1447632 kB
Buffers:           90192 kB
Cached:          1136652 kB
MemTotal:        1844596 kB
MemFree:          250968 kB
MemAvailable:    1446552 kB
Buffers:           90192 kB
Cached:          1136652 kB
MemTotal:        1844596 kB
MemFree:          252144 kB
MemAvailable:    1447728 kB
Buffers:           90192 kB
Cached:          1136652 kB
MemTotal:        1844596 kB
MemFree:          250836 kB
MemAvailable:    1446420 kB
Buffers:           90192 kB
Cached:          1136652 kB
MemTotal:        1844596 kB
MemFree:          251896 kB
MemAvailable:    1447480 kB
Buffers:           90192 kB
Cached:          1136652 kB
MemTotal:        1844596 kB
MemFree:          252148 kB
MemAvailable:    1447732 kB
Buffers:           90192 kB
Cached:          1136652 kB
MemTotal:        1844596 kB
MemFree:          252268 kB
MemAvailable:    1447852 kB
Buffers:           90192 kB
Cached:          1136652 kB
MemTotal:        1844596 kB
MemFree:          251952 kB
MemAvailable:    1447536 kB
Buffers:           90192 kB
Cached:          1136652 kB
MemTotal:        1844596 kB
MemFree:          250920 kB
MemAvailable:    1446504 kB
Buffers:           90192 kB
Cached:          1136652 kB
MemTotal:        1844596 kB
MemFree:          252220 kB
MemAvailable:    1447804 kB
Buffers:           90192 kB
Cached:          1136652 kB
MemTotal:        1844596 kB
MemFree:          251228 kB
MemAvailable:    1446812 kB
Buffers:           90192 kB
Cached:          1136652 kB
MemTotal:        1844596 kB
MemFree:          252344 kB
MemAvailable:    1447928 kB
Buffers:           90192 kB
Cached:          1136652 kB
MemTotal:        1844596 kB
MemFree:          251104 kB
MemAvailable:    1446688 kB
Buffers:           90192 kB
Cached:          1136652 kB
MemTotal:        1844596 kB
MemFree:          250840 kB
MemAvailable:    1446424 kB
Buffers:           90192 kB
Cached:          1136652 kB
MemTotal:        1844596 kB
MemFree:          250840 kB
MemAvailable:    1446424 kB
Buffers:           90192 kB
Cached:          1136652 kB
MemTotal:        1844596 kB
MemFree:          250412 kB
MemAvailable:    1445996 kB
Buffers:           90192 kB
Cached:          1136652 kB
MemTotal:        1844596 kB
MemFree:          250432 kB
MemAvailable:    1446016 kB
Buffers:           90192 kB
Cached:          1136652 kB
MemTotal:        1844596 kB
MemFree:          247252 kB
MemAvailable:    1442836 kB
Buffers:           90192 kB
Cached:          1136652 kB
MemTotal:        1844596 kB
MemFree:          247252 kB
MemAvailable:    1442836 kB
Buffers:           90192 kB
Cached:          1136652 kB
MemTotal:        1844596 kB
MemFree:          242904 kB
MemAvailable:    1438488 kB
Buffers:           90192 kB
Cached:          1136652 kB
MemTotal:        1844596 kB
MemFree:          242796 kB
MemAvailable:    1438380 kB
Buffers:           90192 kB
Cached:          1136652 kB
MemTotal:        1844596 kB
MemFree:          239128 kB
MemAvailable:    1434712 kB
Buffers:           90192 kB
Cached:          1136652 kB
MemTotal:        1844596 kB
MemFree:          234596 kB
MemAvailable:    1430180 kB
Buffers:           90192 kB
Cached:          1136652 kB
MemTotal:        1844596 kB
MemFree:          234596 kB
MemAvailable:    1430180 kB
Buffers:           90192 kB
Cached:          1136652 kB
MemTotal:        1844596 kB
MemFree:          233716 kB
MemAvailable:    1429300 kB
Buffers:           90192 kB
Cached:          1136652 kB
MemTotal:        1844596 kB
MemFree:          232372 kB
MemAvailable:    1427956 kB
Buffers:           90192 kB
Cached:          1136652 kB
MemTotal:        1844596 kB
MemFree:          233352 kB
MemAvailable:    1428936 kB
Buffers:           90196 kB
Cached:          1136648 kB
MemTotal:        1844596 kB
MemFree:          233608 kB
MemAvailable:    1429192 kB
Buffers:           90196 kB
Cached:          1136648 kB
MemTotal:        1844596 kB
MemFree:          233352 kB
MemAvailable:    1428936 kB
Buffers:           90196 kB
Cached:          1136648 kB
MemTotal:        1844596 kB
MemFree:          233180 kB
MemAvailable:    1428764 kB
Buffers:           90196 kB
Cached:          1136648 kB
MemTotal:        1844596 kB
MemFree:          232256 kB
MemAvailable:    1427840 kB
Buffers:           90196 kB
Cached:          1136648 kB
MemTotal:        1844596 kB
MemFree:          233196 kB
MemAvailable:    1428780 kB
Buffers:           90196 kB
Cached:          1136648 kB
MemTotal:        1844596 kB
MemFree:          233060 kB
MemAvailable:    1428644 kB
Buffers:           90196 kB
Cached:          1136648 kB
MemTotal:        1844596 kB
MemFree:          233060 kB
MemAvailable:    1428644 kB
Buffers:           90196 kB
Cached:          1136648 kB
MemTotal:        1844596 kB
MemFree:          232992 kB
MemAvailable:    1428576 kB
Buffers:           90196 kB
Cached:          1136648 kB
MemTotal:        1844596 kB
MemFree:          232688 kB
MemAvailable:    1428272 kB
Buffers:           90196 kB
Cached:          1136648 kB
MemTotal:        1844596 kB
MemFree:          231256 kB
MemAvailable:    1426840 kB
Buffers:           90196 kB
Cached:          1136648 kB
MemTotal:        1844596 kB
MemFree:          232356 kB
MemAvailable:    1427940 kB
Buffers:           90196 kB
Cached:          1136648 kB
MemTotal:        1844596 kB
MemFree:          232356 kB
MemAvailable:    1427940 kB
Buffers:           90196 kB
Cached:          1136648 kB
MemTotal:        1844596 kB
MemFree:          232372 kB
MemAvailable:    1427956 kB
Buffers:           90196 kB
Cached:          1136648 kB
MemTotal:        1844596 kB
MemFree:          231072 kB
MemAvailable:    1426656 kB
Buffers:           90196 kB
Cached:          1136648 kB
MemTotal:        1844596 kB
MemFree:          232372 kB
MemAvailable:    1427956 kB
Buffers:           90196 kB
Cached:          1136648 kB
MemTotal:        1844596 kB
MemFree:          232372 kB
MemAvailable:    1427956 kB
Buffers:           90196 kB
Cached:          1136648 kB
MemTotal:        1844596 kB
MemFree:          230940 kB
MemAvailable:    1426524 kB
Buffers:           90196 kB
Cached:          1136648 kB
MemTotal:        1844596 kB
MemFree:          232292 kB
MemAvailable:    1427876 kB
Buffers:           90196 kB
Cached:          1136648 kB
MemTotal:        1844596 kB
MemFree:          232292 kB
MemAvailable:    1427876 kB
Buffers:           90196 kB
Cached:          1136648 kB
MemTotal:        1844596 kB
MemFree:          231000 kB
MemAvailable:    1426584 kB
Buffers:           90196 kB
Cached:          1136648 kB
MemTotal:        1844596 kB
MemFree:          231252 kB
MemAvailable:    1426836 kB
Buffers:           90196 kB
Cached:          1136648 kB
MemTotal:        1844596 kB
MemFree:          230996 kB
MemAvailable:    1426580 kB
Buffers:           90196 kB
Cached:          1136648 kB
MemTotal:        1844596 kB
MemFree:          230996 kB
MemAvailable:    1426580 kB
Buffers:           90196 kB
Cached:          1136648 kB
MemTotal:        1844596 kB
MemFree:          231120 kB
MemAvailable:    1426704 kB
Buffers:           90196 kB
Cached:          1136648 kB
MemTotal:        1844596 kB
MemFree:          231120 kB
MemAvailable:    1426704 kB
Buffers:           90196 kB
Cached:          1136648 kB
MemTotal:        1844596 kB
MemFree:          231244 kB
MemAvailable:    1426828 kB
Buffers:           90196 kB
Cached:          1136648 kB
MemTotal:        1844596 kB
MemFree:          231368 kB
MemAvailable:    1426952 kB
Buffers:           90196 kB
Cached:          1136648 kB
MemTotal:        1844596 kB
MemFree:          232364 kB
MemAvailable:    1427964 kB
Buffers:           90196 kB
Cached:          1136664 kB
MemTotal:        1844596 kB
MemFree:          231636 kB
MemAvailable:    1427236 kB
Buffers:           90196 kB
Cached:          1136664 kB
MemTotal:        1844596 kB
MemFree:          232252 kB
MemAvailable:    1427852 kB
Buffers:           90196 kB
Cached:          1136664 kB
MemTotal:        1844596 kB
MemFree:          231084 kB
MemAvailable:    1426684 kB
Buffers:           90196 kB
Cached:          1136664 kB
MemTotal:        1844596 kB
MemFree:          231080 kB
MemAvailable:    1426680 kB
Buffers:           90196 kB
Cached:          1136664 kB
MemTotal:        1844596 kB
MemFree:          229884 kB
MemAvailable:    1425484 kB
Buffers:           90196 kB
Cached:          1136664 kB
MemTotal:        1844596 kB
MemFree:          229884 kB
MemAvailable:    1425484 kB
Buffers:           90196 kB
Cached:          1136664 kB
MemTotal:        1844596 kB
MemFree:          224808 kB
MemAvailable:    1420408 kB
Buffers:           90196 kB
Cached:          1136664 kB
MemTotal:        1844596 kB
MemFree:          224576 kB
MemAvailable:    1420176 kB
Buffers:           90196 kB
Cached:          1136664 kB
MemTotal:        1844596 kB
MemFree:          221272 kB
MemAvailable:    1416872 kB
Buffers:           90196 kB
Cached:          1136664 kB
MemTotal:        1844596 kB
MemFree:          218616 kB
MemAvailable:    1414216 kB
Buffers:           90196 kB
Cached:          1136664 kB
MemTotal:        1844596 kB
MemFree:          214152 kB
MemAvailable:    1409752 kB
Buffers:           90196 kB
Cached:          1136664 kB
MemTotal:        1844596 kB
MemFree:          214700 kB
MemAvailable:    1410300 kB
Buffers:           90196 kB
Cached:          1136664 kB
MemTotal:        1844596 kB
MemFree:          213648 kB
MemAvailable:    1409248 kB
Buffers:           90196 kB
Cached:          1136664 kB
MemTotal:        1844596 kB
MemFree:          214816 kB
MemAvailable:    1410416 kB
Buffers:           90196 kB
Cached:          1136664 kB
MemTotal:        1844596 kB
MemFree:          214824 kB
MemAvailable:    1410424 kB
Buffers:           90196 kB
Cached:          1136664 kB
MemTotal:        1844596 kB
MemFree:          213524 kB
MemAvailable:    1409124 kB
Buffers:           90196 kB
Cached:          1136664 kB
MemTotal:        1844596 kB
MemFree:          214576 kB
MemAvailable:    1410176 kB
Buffers:           90196 kB
Cached:          1136664 kB
MemTotal:        1844596 kB
MemFree:          213392 kB
MemAvailable:    1408992 kB
Buffers:           90196 kB
Cached:          1136664 kB
MemTotal:        1844596 kB
MemFree:          214136 kB
MemAvailable:    1409736 kB
Buffers:           90196 kB
Cached:          1136664 kB
MemTotal:        1844596 kB
MemFree:          213656 kB
MemAvailable:    1409256 kB
Buffers:           90196 kB
Cached:          1136664 kB
MemTotal:        1844596 kB
MemFree:          214132 kB
MemAvailable:    1409732 kB
Buffers:           90196 kB
Cached:          1136664 kB
MemTotal:        1844596 kB
MemFree:          214388 kB
MemAvailable:    1409988 kB
Buffers:           90196 kB
Cached:          1136664 kB
MemTotal:        1844596 kB
MemFree:          214012 kB
MemAvailable:    1409612 kB
Buffers:           90196 kB
Cached:          1136664 kB
MemTotal:        1844596 kB
MemFree:          214096 kB
MemAvailable:    1409696 kB
Buffers:           90196 kB
Cached:          1136664 kB
MemTotal:        1844596 kB
MemFree:          214296 kB
MemAvailable:    1409896 kB
Buffers:           90196 kB
Cached:          1136664 kB
MemTotal:        1844596 kB
MemFree:          214328 kB
MemAvailable:    1409928 kB
Buffers:           90196 kB
Cached:          1136664 kB
MemTotal:        1844596 kB
MemFree:          214080 kB
MemAvailable:    1409680 kB
Buffers:           90196 kB
Cached:          1136664 kB
MemTotal:        1844596 kB
MemFree:          214212 kB
MemAvailable:    1409812 kB
Buffers:           90196 kB
Cached:          1136664 kB
MemTotal:        1844596 kB
MemFree:          212904 kB
MemAvailable:    1408504 kB
Buffers:           90196 kB
Cached:          1136664 kB
MemTotal:        1844596 kB
MemFree:          214228 kB
MemAvailable:    1409828 kB
Buffers:           90196 kB
Cached:          1136664 kB
MemTotal:        1844596 kB
MemFree:          214200 kB
MemAvailable:    1409800 kB
Buffers:           90196 kB
Cached:          1136664 kB
MemTotal:        1844596 kB
MemFree:          214236 kB
MemAvailable:    1409836 kB
Buffers:           90196 kB
Cached:          1136664 kB
MemTotal:        1844596 kB
MemFree:          213408 kB
MemAvailable:    1409008 kB
Buffers:           90196 kB
Cached:          1136664 kB
MemTotal:        1844596 kB
MemFree:          214092 kB
MemAvailable:    1409692 kB
Buffers:           90196 kB
Cached:          1136664 kB
MemTotal:        1844596 kB
MemFree:          214344 kB
MemAvailable:    1409944 kB
Buffers:           90196 kB
Cached:          1136664 kB
MemTotal:        1844596 kB
MemFree:          214336 kB
MemAvailable:    1409936 kB
Buffers:           90196 kB
Cached:          1136664 kB
MemTotal:        1844596 kB
MemFree:          212988 kB
MemAvailable:    1408588 kB
Buffers:           90196 kB
Cached:          1136664 kB
MemTotal:        1844596 kB
MemFree:          214008 kB
MemAvailable:    1409608 kB
Buffers:           90196 kB
Cached:          1136664 kB
MemTotal:        1844596 kB
MemFree:          214144 kB
MemAvailable:    1409744 kB
Buffers:           90196 kB
Cached:          1136664 kB
MemTotal:        1844596 kB
MemFree:          212764 kB
MemAvailable:    1408364 kB
Buffers:           90196 kB
Cached:          1136664 kB
MemTotal:        1844596 kB
MemFree:          214204 kB
MemAvailable:    1409804 kB
Buffers:           90196 kB
Cached:          1136664 kB
MemTotal:        1844596 kB
MemFree:          214088 kB
MemAvailable:    1409688 kB
Buffers:           90196 kB
Cached:          1136664 kB
MemTotal:        1844596 kB
MemFree:          214340 kB
MemAvailable:    1409940 kB
Buffers:           90196 kB
Cached:          1136664 kB
MemTotal:        1844596 kB
MemFree:          211408 kB
MemAvailable:    1407008 kB
Buffers:           90196 kB
Cached:          1136664 kB
MemTotal:        1844596 kB
MemFree:          208936 kB
MemAvailable:    1404536 kB
Buffers:           90196 kB
Cached:          1136664 kB
MemTotal:        1844596 kB
MemFree:          205960 kB
MemAvailable:    1401560 kB
Buffers:           90196 kB
Cached:          1136664 kB
MemTotal:        1844596 kB
MemFree:          201316 kB
MemAvailable:    1396916 kB
Buffers:           90196 kB
Cached:          1136664 kB
MemTotal:        1844596 kB
MemFree:          196784 kB
MemAvailable:    1392384 kB
Buffers:           90196 kB
Cached:          1136664 kB
MemTotal:        1844596 kB
MemFree:          196720 kB
MemAvailable:    1392320 kB
Buffers:           90196 kB
Cached:          1136664 kB
MemTotal:        1844596 kB
MemFree:          196680 kB
MemAvailable:    1392280 kB
Buffers:           90196 kB
Cached:          1136664 kB
MemTotal:        1844596 kB
MemFree:          195560 kB
MemAvailable:    1391160 kB
Buffers:           90196 kB
Cached:          1136664 kB
MemTotal:        1844596 kB
MemFree:          196536 kB
MemAvailable:    1392136 kB
Buffers:           90196 kB
Cached:          1136664 kB
MemTotal:        1844596 kB
MemFree:          196792 kB
MemAvailable:    1392392 kB
Buffers:           90196 kB
Cached:          1136664 kB
MemTotal:        1844596 kB
MemFree:          196620 kB
MemAvailable:    1392220 kB
Buffers:           90196 kB
Cached:          1136664 kB
MemTotal:        1844596 kB
MemFree:          195924 kB
MemAvailable:    1391524 kB
Buffers:           90196 kB
Cached:          1136664 kB
MemTotal:        1844596 kB
MemFree:          196392 kB
MemAvailable:    1391992 kB
Buffers:           90196 kB
Cached:          1136664 kB
MemTotal:        1844596 kB
MemFree:          196560 kB
MemAvailable:    1392160 kB
Buffers:           90196 kB
Cached:          1136664 kB
MemTotal:        1844596 kB
MemFree:          195416 kB
MemAvailable:    1391016 kB
Buffers:           90196 kB
Cached:          1136664 kB
MemTotal:        1844596 kB
MemFree:          195408 kB
MemAvailable:    1391008 kB
Buffers:           90196 kB
Cached:          1136664 kB
MemTotal:        1844596 kB
MemFree:          195268 kB
MemAvailable:    1390868 kB
Buffers:           90196 kB
Cached:          1136664 kB
MemTotal:        1844596 kB
MemFree:          195676 kB
MemAvailable:    1391276 kB
Buffers:           90196 kB
Cached:          1136664 kB
MemTotal:        1844596 kB
MemFree:          196916 kB
MemAvailable:    1392520 kB
Buffers:           90196 kB
Cached:          1136668 kB
MemTotal:        1844596 kB
MemFree:          196180 kB
MemAvailable:    1391784 kB
Buffers:           90196 kB
Cached:          1136668 kB
MemTotal:        1844596 kB
MemFree:          196836 kB
MemAvailable:    1392440 kB
Buffers:           90196 kB
Cached:          1136668 kB
MemTotal:        1844596 kB
MemFree:          196556 kB
MemAvailable:    1392160 kB
Buffers:           90196 kB
Cached:          1136668 kB
MemTotal:        1844596 kB
MemFree:          195500 kB
MemAvailable:    1391104 kB
Buffers:           90196 kB
Cached:          1136668 kB
MemTotal:        1844596 kB
MemFree:          196732 kB
MemAvailable:    1392336 kB
Buffers:           90196 kB
Cached:          1136668 kB
MemTotal:        1844596 kB
MemFree:          195916 kB
MemAvailable:    1391520 kB
Buffers:           90196 kB
Cached:          1136668 kB
MemTotal:        1844596 kB
MemFree:          196172 kB
MemAvailable:    1391776 kB
Buffers:           90196 kB
Cached:          1136668 kB
MemTotal:        1844596 kB
MemFree:          194676 kB
MemAvailable:    1390280 kB
Buffers:           90196 kB
Cached:          1136668 kB
MemTotal:        1844596 kB
MemFree:          196020 kB
MemAvailable:    1391624 kB
Buffers:           90196 kB
Cached:          1136668 kB
MemTotal:        1844596 kB
MemFree:          195908 kB
MemAvailable:    1391512 kB
Buffers:           90196 kB
Cached:          1136668 kB
MemTotal:        1844596 kB
MemFree:          195364 kB
MemAvailable:    1390968 kB
Buffers:           90196 kB
Cached:          1136668 kB
MemTotal:        1844596 kB
MemFree:          193924 kB
MemAvailable:    1389532 kB
Buffers:           90196 kB
Cached:          1136672 kB
MemTotal:        1844596 kB
MemFree:          193940 kB
MemAvailable:    1389548 kB
Buffers:           90196 kB
Cached:          1136672 kB
MemTotal:        1844596 kB
MemFree:          190344 kB
MemAvailable:    1385952 kB
Buffers:           90196 kB
Cached:          1136672 kB
MemTotal:        1844596 kB
MemFree:          188732 kB
MemAvailable:    1384340 kB
Buffers:           90196 kB
Cached:          1136672 kB
MemTotal:        1844596 kB
MemFree:          185128 kB
MemAvailable:    1380736 kB
Buffers:           90196 kB
Cached:          1136672 kB
MemTotal:        1844596 kB
MemFree:          185020 kB
MemAvailable:    1380628 kB
Buffers:           90196 kB
Cached:          1136672 kB
MemTotal:        1844596 kB
MemFree:          180920 kB
MemAvailable:    1376528 kB
Buffers:           90196 kB
Cached:          1136672 kB
MemTotal:        1844596 kB
MemFree:          177068 kB
MemAvailable:    1372676 kB
Buffers:           90196 kB
Cached:          1136672 kB
MemTotal:        1844596 kB
MemFree:          177068 kB
MemAvailable:    1372676 kB
Buffers:           90196 kB
Cached:          1136672 kB
MemTotal:        1844596 kB
MemFree:          173416 kB
MemAvailable:    1369024 kB
Buffers:           90196 kB
Cached:          1136672 kB
MemTotal:        1844596 kB
MemFree:          172052 kB
MemAvailable:    1367660 kB
Buffers:           90196 kB
Cached:          1136672 kB
MemTotal:        1844596 kB
MemFree:          169264 kB
MemAvailable:    1364872 kB
Buffers:           90196 kB
Cached:          1136672 kB
MemTotal:        1844596 kB
MemFree:          167280 kB
MemAvailable:    1362888 kB
Buffers:           90196 kB
Cached:          1136672 kB
MemTotal:        1844596 kB
MemFree:          164976 kB
MemAvailable:    1360584 kB
Buffers:           90196 kB
Cached:          1136672 kB
MemTotal:        1844596 kB
MemFree:          163668 kB
MemAvailable:    1359276 kB
Buffers:           90196 kB
Cached:          1136672 kB
MemTotal:        1844596 kB
MemFree:          163668 kB
MemAvailable:    1359276 kB
Buffers:           90196 kB
Cached:          1136672 kB
MemTotal:        1844596 kB
MemFree:          164900 kB
MemAvailable:    1360508 kB
Buffers:           90196 kB
Cached:          1136672 kB
MemTotal:        1844596 kB
MemFree:          164900 kB
MemAvailable:    1360508 kB
Buffers:           90196 kB
Cached:          1136672 kB
MemTotal:        1844596 kB
MemFree:          164900 kB
MemAvailable:    1360508 kB
Buffers:           90196 kB
Cached:          1136672 kB
MemTotal:        1844596 kB
MemFree:          164784 kB
MemAvailable:    1360392 kB
Buffers:           90196 kB
Cached:          1136672 kB
MemTotal:        1844596 kB
MemFree:          164676 kB
MemAvailable:    1360284 kB
Buffers:           90196 kB
Cached:          1136672 kB
MemTotal:        1844596 kB
MemFree:          164848 kB
MemAvailable:    1360456 kB
Buffers:           90196 kB
Cached:          1136672 kB
MemTotal:        1844596 kB
MemFree:          164716 kB
MemAvailable:    1360324 kB
Buffers:           90196 kB
Cached:          1136672 kB
MemTotal:        1844596 kB
MemFree:          162700 kB
MemAvailable:    1358308 kB
Buffers:           90196 kB
Cached:          1136672 kB
MemTotal:        1844596 kB
MemFree:          163504 kB
MemAvailable:    1359112 kB
Buffers:           90196 kB
Cached:          1136672 kB
MemTotal:        1844596 kB
MemFree:          163504 kB
MemAvailable:    1359112 kB
Buffers:           90196 kB
Cached:          1136672 kB
MemTotal:        1844596 kB
MemFree:          163884 kB
MemAvailable:    1359492 kB
Buffers:           90196 kB
Cached:          1136672 kB
MemTotal:        1844596 kB
MemFree:          163732 kB
MemAvailable:    1359340 kB
Buffers:           90196 kB
Cached:          1136672 kB
MemTotal:        1844596 kB
MemFree:          163064 kB
MemAvailable:    1358672 kB
Buffers:           90196 kB
Cached:          1136672 kB
MemTotal:        1844596 kB
MemFree:          163408 kB
MemAvailable:    1359016 kB
Buffers:           90196 kB
Cached:          1136672 kB
MemTotal:        1844596 kB
MemFree:          163660 kB
MemAvailable:    1359268 kB
Buffers:           90196 kB
Cached:          1136672 kB
MemTotal:        1844596 kB
MemFree:          163152 kB
MemAvailable:    1358760 kB
Buffers:           90196 kB
Cached:          1136672 kB
MemTotal:        1844596 kB
MemFree:          163236 kB
MemAvailable:    1358844 kB
Buffers:           90196 kB
Cached:          1136672 kB
MemTotal:        1844596 kB
MemFree:          162684 kB
MemAvailable:    1358292 kB
Buffers:           90196 kB
Cached:          1136672 kB
MemTotal:        1844596 kB
MemFree:          162196 kB
MemAvailable:    1357804 kB
Buffers:           90196 kB
Cached:          1136672 kB
MemTotal:        1844596 kB
MemFree:          160948 kB
MemAvailable:    1356556 kB
Buffers:           90196 kB
Cached:          1136672 kB
MemTotal:        1844596 kB
MemFree:          160824 kB
MemAvailable:    1356432 kB
Buffers:           90196 kB
Cached:          1136672 kB
MemTotal:        1844596 kB
MemFree:          160948 kB
MemAvailable:    1356556 kB
Buffers:           90196 kB
Cached:          1136672 kB
MemTotal:        1844596 kB
MemFree:          160468 kB
MemAvailable:    1356076 kB
Buffers:           90196 kB
Cached:          1136672 kB
MemTotal:        1844596 kB
MemFree:          160824 kB
MemAvailable:    1356432 kB
Buffers:           90196 kB
Cached:          1136672 kB
MemTotal:        1844596 kB
MemFree:          160628 kB
MemAvailable:    1356236 kB
Buffers:           90196 kB
Cached:          1136672 kB
MemTotal:        1844596 kB
MemFree:          160748 kB
MemAvailable:    1356356 kB
Buffers:           90196 kB
Cached:          1136672 kB
MemTotal:        1844596 kB
MemFree:          160636 kB
MemAvailable:    1356244 kB
Buffers:           90196 kB
Cached:          1136672 kB
MemTotal:        1844596 kB
MemFree:          160508 kB
MemAvailable:    1356116 kB
Buffers:           90196 kB
Cached:          1136672 kB
MemTotal:        1844596 kB
MemFree:          160760 kB
MemAvailable:    1356368 kB
Buffers:           90196 kB
Cached:          1136672 kB
MemTotal:        1844596 kB
MemFree:          160536 kB
MemAvailable:    1356144 kB
Buffers:           90196 kB
Cached:          1136672 kB
MemTotal:        1844596 kB
MemFree:          160632 kB
MemAvailable:    1356240 kB
Buffers:           90196 kB
Cached:          1136672 kB
MemTotal:        1844596 kB
MemFree:          160088 kB
MemAvailable:    1355696 kB
Buffers:           90196 kB
Cached:          1136672 kB
MemTotal:        1844596 kB
MemFree:          160432 kB
MemAvailable:    1356040 kB
Buffers:           90196 kB
Cached:          1136672 kB
MemTotal:        1844596 kB
MemFree:          160684 kB
MemAvailable:    1356292 kB
Buffers:           90196 kB
Cached:          1136672 kB
MemTotal:        1844596 kB
MemFree:          160488 kB
MemAvailable:    1356096 kB
Buffers:           90196 kB
Cached:          1136672 kB
MemTotal:        1844596 kB
MemFree:          160660 kB
MemAvailable:    1356268 kB
Buffers:           90196 kB
Cached:          1136672 kB
MemTotal:        1844596 kB
MemFree:          160624 kB
MemAvailable:    1356232 kB
Buffers:           90196 kB
Cached:          1136672 kB
MemTotal:        1844596 kB
MemFree:          159572 kB
MemAvailable:    1355180 kB
Buffers:           90196 kB
Cached:          1136672 kB
MemTotal:        1844596 kB
MemFree:          159408 kB
MemAvailable:    1355016 kB
Buffers:           90196 kB
Cached:          1136672 kB
MemTotal:        1844596 kB
MemFree:          159152 kB
MemAvailable:    1354760 kB
Buffers:           90196 kB
Cached:          1136672 kB
MemTotal:        1844596 kB
MemFree:          160552 kB
MemAvailable:    1356160 kB
Buffers:           90196 kB
Cached:          1136672 kB
MemTotal:        1844596 kB
MemFree:          160804 kB
MemAvailable:    1356412 kB
Buffers:           90196 kB
Cached:          1136672 kB
MemTotal:        1844596 kB
MemFree:          159268 kB
MemAvailable:    1354876 kB
Buffers:           90196 kB
Cached:          1136672 kB
MemTotal:        1844596 kB
MemFree:          160604 kB
MemAvailable:    1356212 kB
Buffers:           90196 kB
Cached:          1136672 kB
MemTotal:        1844596 kB
MemFree:          160856 kB
MemAvailable:    1356464 kB
Buffers:           90196 kB
Cached:          1136672 kB
MemTotal:        1844596 kB
MemFree:          160856 kB
MemAvailable:    1356464 kB
Buffers:           90196 kB
Cached:          1136672 kB
MemTotal:        1844596 kB
MemFree:          160584 kB
MemAvailable:    1356192 kB
Buffers:           90196 kB
Cached:          1136672 kB
MemTotal:        1844596 kB
MemFree:          159468 kB
MemAvailable:    1355076 kB
Buffers:           90196 kB
Cached:          1136672 kB
MemTotal:        1844596 kB
MemFree:          159840 kB
MemAvailable:    1355448 kB
Buffers:           90196 kB
Cached:          1136672 kB
MemTotal:        1844596 kB
MemFree:          160800 kB
MemAvailable:    1356408 kB
Buffers:           90196 kB
Cached:          1136672 kB
MemTotal:        1844596 kB
MemFree:          159324 kB
MemAvailable:    1354932 kB
Buffers:           90196 kB
Cached:          1136672 kB
MemTotal:        1844596 kB
MemFree:          160536 kB
MemAvailable:    1356144 kB
Buffers:           90196 kB
Cached:          1136672 kB
MemTotal:        1844596 kB
MemFree:          160792 kB
MemAvailable:    1356400 kB
Buffers:           90196 kB
Cached:          1136672 kB
MemTotal:        1844596 kB
MemFree:          160576 kB
MemAvailable:    1356184 kB
Buffers:           90196 kB
Cached:          1136672 kB
MemTotal:        1844596 kB
MemFree:          160716 kB
MemAvailable:    1356324 kB
Buffers:           90196 kB
Cached:          1136672 kB
MemTotal:        1844596 kB
MemFree:          160444 kB
MemAvailable:    1356052 kB
Buffers:           90196 kB
Cached:          1136672 kB
MemTotal:        1844596 kB
MemFree:          160696 kB
MemAvailable:    1356304 kB
Buffers:           90196 kB
Cached:          1136672 kB
MemTotal:        1844596 kB
MemFree:          160440 kB
MemAvailable:    1356048 kB
Buffers:           90196 kB
Cached:          1136672 kB
MemTotal:        1844596 kB
MemFree:          160776 kB
MemAvailable:    1356384 kB
Buffers:           90196 kB
Cached:          1136672 kB
MemTotal:        1844596 kB
MemFree:          160392 kB
MemAvailable:    1356000 kB
Buffers:           90196 kB
Cached:          1136672 kB
MemTotal:        1844596 kB
MemFree:          160560 kB
MemAvailable:    1356168 kB
Buffers:           90196 kB
Cached:          1136672 kB
MemTotal:        1844596 kB
MemFree:          157344 kB
MemAvailable:    1352964 kB
Buffers:           90196 kB
Cached:          1136684 kB
MemTotal:        1844596 kB
MemFree:          157680 kB
MemAvailable:    1353300 kB
Buffers:           90196 kB
Cached:          1136684 kB
MemTotal:        1844596 kB
MemFree:          153764 kB
MemAvailable:    1349384 kB
Buffers:           90196 kB
Cached:          1136684 kB
MemTotal:        1844596 kB
MemFree:          154072 kB
MemAvailable:    1349692 kB
Buffers:           90196 kB
Cached:          1136684 kB
MemTotal:        1844596 kB
MemFree:          154196 kB
MemAvailable:    1349816 kB
Buffers:           90196 kB
Cached:          1136684 kB
MemTotal:        1844596 kB
MemFree:          153028 kB
MemAvailable:    1348648 kB
Buffers:           90196 kB
Cached:          1136684 kB
MemTotal:        1844596 kB
MemFree:          153816 kB
MemAvailable:    1349436 kB
Buffers:           90196 kB
Cached:          1136684 kB
MemTotal:        1844596 kB
MemFree:          152600 kB
MemAvailable:    1348220 kB
Buffers:           90196 kB
Cached:          1136684 kB
MemTotal:        1844596 kB
MemFree:          153516 kB
MemAvailable:    1349136 kB
Buffers:           90196 kB
Cached:          1136684 kB
MemTotal:        1844596 kB
MemFree:          153696 kB
MemAvailable:    1349316 kB
Buffers:           90196 kB
Cached:          1136684 kB
MemTotal:        1844596 kB
MemFree:          153696 kB
MemAvailable:    1349316 kB
Buffers:           90196 kB
Cached:          1136684 kB
MemTotal:        1844596 kB
MemFree:          153828 kB
MemAvailable:    1349448 kB
Buffers:           90196 kB
Cached:          1136684 kB
MemTotal:        1844596 kB
MemFree:          153996 kB
MemAvailable:    1349616 kB
Buffers:           90196 kB
Cached:          1136684 kB
MemTotal:        1844596 kB
MemFree:          153748 kB
MemAvailable:    1349368 kB
Buffers:           90196 kB
Cached:          1136684 kB
MemTotal:        1844596 kB
MemFree:          153832 kB
MemAvailable:    1349452 kB
Buffers:           90196 kB
Cached:          1136684 kB
MemTotal:        1844596 kB
MemFree:          152592 kB
MemAvailable:    1348212 kB
Buffers:           90196 kB
Cached:          1136684 kB
MemTotal:        1844596 kB
MemFree:          153644 kB
MemAvailable:    1349348 kB
Buffers:           90200 kB
Cached:          1136804 kB
MemTotal:        1844596 kB
MemFree:          153568 kB
MemAvailable:    1349440 kB
Buffers:           90200 kB
Cached:          1136928 kB
MemTotal:        1844596 kB
MemFree:          153460 kB
MemAvailable:    1349332 kB
Buffers:           90200 kB
Cached:          1136928 kB
MemTotal:        1844596 kB
MemFree:          153236 kB
MemAvailable:    1349276 kB
Buffers:           90200 kB
Cached:          1137052 kB
MemTotal:        1844596 kB
MemFree:          153572 kB
MemAvailable:    1349612 kB
Buffers:           90200 kB
Cached:          1137052 kB
MemTotal:        1844596 kB
MemFree:          151996 kB
MemAvailable:    1348204 kB
Buffers:           90200 kB
Cached:          1137300 kB
MemTotal:        1844596 kB
MemFree:          153104 kB
MemAvailable:    1349312 kB
Buffers:           90200 kB
Cached:          1137300 kB
MemTotal:        1844596 kB
MemFree:          153172 kB
MemAvailable:    1349380 kB
Buffers:           90200 kB
Cached:          1137300 kB
MemTotal:        1844596 kB
MemFree:          152152 kB
MemAvailable:    1348404 kB
Buffers:           90200 kB
Cached:          1137348 kB
MemTotal:        1844596 kB
MemFree:          153204 kB
MemAvailable:    1349456 kB
Buffers:           90200 kB
Cached:          1137348 kB
MemTotal:        1844596 kB
MemFree:          153072 kB
MemAvailable:    1349324 kB
Buffers:           90200 kB
Cached:          1137348 kB
MemTotal:        1844596 kB
MemFree:          153072 kB
MemAvailable:    1349324 kB
Buffers:           90200 kB
Cached:          1137348 kB
MemTotal:        1844596 kB
MemFree:          152028 kB
MemAvailable:    1348280 kB
Buffers:           90200 kB
Cached:          1137348 kB
MemTotal:        1844596 kB
MemFree:          152952 kB
MemAvailable:    1349204 kB
Buffers:           90200 kB
Cached:          1137348 kB
MemTotal:        1844596 kB
MemFree:          153152 kB
MemAvailable:    1349404 kB
Buffers:           90200 kB
Cached:          1137348 kB
MemTotal:        1844596 kB
MemFree:          152492 kB
MemAvailable:    1348156 kB
Buffers:           90200 kB
Cached:          1136716 kB
MemTotal:        1844596 kB
MemFree:          152360 kB
MemAvailable:    1348024 kB
Buffers:           90200 kB
Cached:          1136716 kB
MemTotal:        1844596 kB
MemFree:          229652 kB
MemAvailable:    1425316 kB
Buffers:           90200 kB
Cached:          1136716 kB
MemTotal:        1844596 kB
MemFree:          349768 kB
MemAvailable:    1545432 kB
Buffers:           90200 kB
Cached:          1136716 kB
