MemTotal:        1844596 kB
MemFree:          701468 kB
MemAvailable:    1547604 kB
Buffers:           89400 kB
Cached:           780528 kB
MemTotal:        1844596 kB
MemFree:          672600 kB
MemAvailable:    1518740 kB
Buffers:           89400 kB
Cached:           780532 kB
MemTotal:        1844596 kB
MemFree:          672476 kB
MemAvailable:    1518616 kB
Buffers:           89400 kB
Cached:           780532 kB
MemTotal:        1844596 kB
MemFree:          672220 kB
MemAvailable:    1518360 kB
Buffers:           89400 kB
Cached:           780532 kB
MemTotal:        1844596 kB
MemFree:          671856 kB
MemAvailable:    1517996 kB
Buffers:           89400 kB
Cached:           780532 kB
MemTotal:        1844596 kB
MemFree:          669980 kB
MemAvailable:    1516120 kB
Buffers:           89400 kB
Cached:           780532 kB
MemTotal:        1844596 kB
MemFree:          670064 kB
MemAvailable:    1516204 kB
Buffers:           89400 kB
Cached:           780532 kB
MemTotal:        1844596 kB
MemFree:          666692 kB
MemAvailable:    1512832 kB
Buffers:           89400 kB
Cached:           780532 kB
MemTotal:        1844596 kB
MemFree:          664540 kB
MemAvailable:    1510680 kB
Buffers:           89400 kB
Cached:           780532 kB
MemTotal:        1844596 kB
MemFree:          659688 kB
MemAvailable:    1505828 kB
Buffers:           89400 kB
Cached:           780532 kB
MemTotal:        1844596 kB
MemFree:          659208 kB
MemAvailable:    1505348 kB
Buffers:           89400 kB
Cached:           780532 kB
MemTotal:        1844596 kB
MemFree:          660152 kB
MemAvailable:    1506292 kB
Buffers:           89400 kB
Cached:           780532 kB
MemTotal:        1844596 kB
MemFree:          660276 kB
MemAvailable:    1506416 kB
Buffers:           89400 kB
Cached:           780532 kB
MemTotal:        1844596 kB
MemFree:          661508 kB
MemAvailable:    1507648 kB
Buffers:           89400 kB
Cached:           780532 kB
MemTotal:        1844596 kB
MemFree:          661128 kB
MemAvailable:    1507268 kB
Buffers:           89400 kB
Cached:           780532 kB
MemTotal:        1844596 kB
MemFree:          661296 kB
MemAvailable:    1507436 kB
Buffers:           89400 kB
Cached:           780532 kB
MemTotal:        1844596 kB
MemFree:          660880 kB
MemAvailable:    1507020 kB
Buffers:           89400 kB
Cached:           780532 kB
MemTotal:        1844596 kB
MemFree:          660448 kB
MemAvailable:    1506588 kB
Buffers:           89400 kB
Cached:           780532 kB
MemTotal:        1844596 kB
MemFree:          660680 kB
MemAvailable:    1506820 kB
Buffers:           89400 kB
Cached:           780532 kB
MemTotal:        1844596 kB
MemFree:          659764 kB
MemAvailable:    1505904 kB
Buffers:           89400 kB
Cached:           780532 kB
MemTotal:        1844596 kB
MemFree:          660696 kB
MemAvailable:    1506836 kB
Buffers:           89400 kB
Cached:           780532 kB
MemTotal:        1844596 kB
MemFree:          660876 kB
MemAvailable:    1507016 kB
Buffers:           89400 kB
Cached:           780532 kB
MemTotal:        1844596 kB
MemFree:          660772 kB
MemAvailable:    1506912 kB
Buffers:           89400 kB
Cached:           780532 kB
MemTotal:        1844596 kB
MemFree:          659152 kB
MemAvailable:    1505292 kB
Buffers:           89400 kB
Cached:           780532 kB
MemTotal:        1844596 kB
MemFree:          658836 kB
MemAvailable:    1504976 kB
Buffers:           89400 kB
Cached:           780532 kB
MemTotal:        1844596 kB
MemFree:          659868 kB
MemAvailable:    1506008 kB
Buffers:           89400 kB
Cached:           780532 kB
MemTotal:        1844596 kB
MemFree:          659952 kB
MemAvailable:    1506092 kB
Buffers:           89400 kB
Cached:           780532 kB
MemTotal:        1844596 kB
MemFree:          659888 kB
MemAvailable:    1506028 kB
Buffers:           89400 kB
Cached:           780532 kB
MemTotal:        1844596 kB
MemFree:          658456 kB
MemAvailable:    1504596 kB
Buffers:           89400 kB
Cached:           780532 kB
MemTotal:        1844596 kB
MemFree:          657968 kB
MemAvailable:    1504108 kB
Buffers:           89400 kB
Cached:           780532 kB
MemTotal:        1844596 kB
MemFree:          658580 kB
MemAvailable:    1504720 kB
Buffers:           89400 kB
Cached:           780532 kB
MemTotal:        1844596 kB
MemFree:          658580 kB
MemAvailable:    1504720 kB
Buffers:           89400 kB
Cached:           780532 kB
MemTotal:        1844596 kB
MemFree:          657084 kB
MemAvailable:    1503224 kB
Buffers:           89400 kB
Cached:           780532 kB
MemTotal:        1844596 kB
MemFree:          657036 kB
MemAvailable:    1503176 kB
Buffers:           89400 kB
Cached:           780532 kB
MemTotal:        1844596 kB
MemFree:          657028 kB
MemAvailable:    1503168 kB
Buffers:           89400 kB
Cached:           780532 kB
MemTotal:        1844596 kB
MemFree:          658304 kB
MemAvailable:    1504444 kB
Buffers:           89400 kB
Cached:           780532 kB
MemTotal:        1844596 kB
MemFree:          658388 kB
MemAvailable:    1504528 kB
Buffers:           89400 kB
Cached:           780532 kB
MemTotal:        1844596 kB
MemFree:          656920 kB
MemAvailable:    1503060 kB
Buffers:           89400 kB
Cached:           780532 kB
MemTotal:        1844596 kB
MemFree:          658212 kB
MemAvailable:    1504352 kB
Buffers:           89400 kB
Cached:           780532 kB
MemTotal:        1844596 kB
MemFree:          655612 kB
MemAvailable:    1501752 kB
Buffers:           89400 kB
Cached:           780532 kB
MemTotal:        1844596 kB
MemFree:          655116 kB
MemAvailable:    1501256 kB
Buffers:           89400 kB
Cached:           780532 kB
MemTotal:        1844596 kB
MemFree:          652992 kB
MemAvailable:    1499132 kB
Buffers:           89400 kB
Cached:           780532 kB
MemTotal:        1844596 kB
MemFree:          652992 kB
MemAvailable:    1499132 kB
Buffers:           89400 kB
Cached:           780532 kB
MemTotal:        1844596 kB
MemFree:          651712 kB
MemAvailable:    1497852 kB
Buffers:           89400 kB
Cached:           780532 kB
MemTotal:        1844596 kB
MemFree:          652140 kB
MemAvailable:    1498280 kB
Buffers:           89400 kB
Cached:           780532 kB
MemTotal:        1844596 kB
MemFree:          652704 kB
MemAvailable:    1498844 kB
Buffers:           89400 kB
Cached:           780532 kB
MemTotal:        1844596 kB
MemFree:          651456 kB
MemAvailable:    1497596 kB
Buffers:           89400 kB
Cached:           780532 kB
MemTotal:        1844596 kB
MemFree:          652512 kB
MemAvailable:    1498652 kB
Buffers:           89400 kB
Cached:           780532 kB
MemTotal:        1844596 kB
MemFree:          652356 kB
MemAvailable:    1498496 kB
Buffers:           89400 kB
Cached:           780532 kB
MemTotal:        1844596 kB
MemFree:          652692 kB
MemAvailable:    1498832 kB
Buffers:           89400 kB
Cached:           780532 kB
MemTotal:        1844596 kB
MemFree:          651200 kB
MemAvailable:    1497340 kB
Buffers:           89400 kB
Cached:           780532 kB
MemTotal:        1844596 kB
MemFree:          651328 kB
MemAvailable:    1497468 kB
Buffers:           89400 kB
Cached:           780532 kB
MemTotal:        1844596 kB
MemFree:          651768 kB
MemAvailable:    1497908 kB
Buffers:           89400 kB
Cached:           780532 kB
MemTotal:        1844596 kB
MemFree:          652452 kB
MemAvailable:    1498592 kB
Buffers:           89400 kB
Cached:           780532 kB
MemTotal:        1844596 kB
MemFree:          652704 kB
MemAvailable:    1498844 kB
Buffers:           89400 kB
Cached:           780532 kB
MemTotal:        1844596 kB
MemFree:          651348 kB
MemAvailable:    1497488 kB
Buffers:           89400 kB
Cached:           780532 kB
MemTotal:        1844596 kB
MemFree:          648900 kB
MemAvailable:    1495040 kB
Buffers:           89400 kB
Cached:           780532 kB
MemTotal:        1844596 kB
MemFree:          648900 kB
MemAvailable:    1495040 kB
Buffers:           89400 kB
Cached:           780532 kB
MemTotal:        1844596 kB
MemFree:          646676 kB
MemAvailable:    1492816 kB
Buffers:           89400 kB
Cached:           780532 kB
MemTotal:        1844596 kB
MemFree:          646320 kB
MemAvailable:    1492460 kB
Buffers:           89400 kB
Cached:           780532 kB
MemTotal:        1844596 kB
MemFree:          645188 kB
MemAvailable:    1491328 kB
Buffers:           89400 kB
Cached:           780532 kB
MemTotal:        1844596 kB
MemFree:          646188 kB
MemAvailable:    1492328 kB
Buffers:           89400 kB
Cached:           780532 kB
MemTotal:        1844596 kB
MemFree:          644576 kB
MemAvailable:    1490716 kB
Buffers:           89400 kB
Cached:           780532 kB
MemTotal:        1844596 kB
MemFree:          643468 kB
MemAvailable:    1489608 kB
Buffers:           89400 kB
Cached:           780532 kB
MemTotal:        1844596 kB
MemFree:          644064 kB
MemAvailable:    1490204 kB
Buffers:           89400 kB
Cached:           780532 kB
MemTotal:        1844596 kB
MemFree:          643840 kB
MemAvailable:    1489980 kB
Buffers:           89400 kB
Cached:           780532 kB
MemTotal:        1844596 kB
MemFree:          644008 kB
MemAvailable:    1490148 kB
Buffers:           89400 kB
Cached:           780532 kB
MemTotal:        1844596 kB
MemFree:          644136 kB
MemAvailable:    1490276 kB
Buffers:           89400 kB
Cached:           780532 kB
MemTotal:        1844596 kB
MemFree:          643220 kB
MemAvailable:    1489360 kB
Buffers:           89400 kB
Cached:           780532 kB
MemTotal:        1844596 kB
MemFree:          644000 kB
MemAvailable:    1490148 kB
Buffers:           89400 kB
Cached:           780540 kB
MemTotal:        1844596 kB
MemFree:          642460 kB
MemAvailable:    1488608 kB
Buffers:           89400 kB
Cached:           780540 kB
MemTotal:        1844596 kB
MemFree:          643940 kB
MemAvailable:    1490088 kB
Buffers:           89400 kB
Cached:           780540 kB
MemTotal:        1844596 kB
MemFree:          643212 kB
MemAvailable:    1489360 kB
Buffers:           89400 kB
Cached:           780540 kB
MemTotal:        1844596 kB
MemFree:          643820 kB
MemAvailable:    1489968 kB
Buffers:           89400 kB
Cached:           780540 kB
MemTotal:        1844596 kB
MemFree:          642448 kB
MemAvailable:    1488596 kB
Buffers:           89400 kB
Cached:           780540 kB
MemTotal:        1844596 kB
MemFree:          642524 kB
MemAvailable:    1488672 kB
Buffers:           89400 kB
Cached:           780540 kB
MemTotal:        1844596 kB
MemFree:          642956 kB
MemAvailable:    1489104 kB
Buffers:           89400 kB
Cached:           780540 kB
MemTotal:        1844596 kB
MemFree:          643416 kB
MemAvailable:    1489564 kB
Buffers:           89400 kB
Cached:           780540 kB
MemTotal:        1844596 kB
MemFree:          643752 kB
MemAvailable:    1489900 kB
Buffers:           89400 kB
Cached:           780540 kB
MemTotal:        1844596 kB
MemFree:          642184 kB
MemAvailable:    1488332 kB
Buffers:           89400 kB
Cached:           780540 kB
MemTotal:        1844596 kB
MemFree:          643548 kB
MemAvailable:    1489696 kB
Buffers:           89400 kB
Cached:           780540 kB
MemTotal:        1844596 kB
MemFree:          643420 kB
MemAvailable:    1489568 kB
Buffers:           89400 kB
Cached:           780540 kB
MemTotal:        1844596 kB
MemFree:          643420 kB
MemAvailable:    1489568 kB
Buffers:           89400 kB
Cached:           780540 kB
MemTotal:        1844596 kB
MemFree:          643328 kB
MemAvailable:    1489476 kB
Buffers:           89400 kB
Cached:           780540 kB
MemTotal:        1844596 kB
MemFree:          642600 kB
MemAvailable:    1488748 kB
Buffers:           89400 kB
Cached:           780540 kB
MemTotal:        1844596 kB
MemFree:          641776 kB
MemAvailable:    1487924 kB
Buffers:           89400 kB
Cached:           780540 kB
MemTotal:        1844596 kB
MemFree:          638128 kB
MemAvailable:    1484276 kB
Buffers:           89400 kB
Cached:           780540 kB
MemTotal:        1844596 kB
MemFree:          636568 kB
MemAvailable:    1482716 kB
Buffers:           89400 kB
Cached:           780540 kB
MemTotal:        1844596 kB
MemFree:          635584 kB
MemAvailable:    1481732 kB
Buffers:           89400 kB
Cached:           780540 kB
MemTotal:        1844596 kB
MemFree:          634284 kB
MemAvailable:    1480432 kB
Buffers:           89400 kB
Cached:           780540 kB
MemTotal:        1844596 kB
MemFree:          634960 kB
MemAvailable:    1481108 kB
Buffers:           89400 kB
Cached:           780540 kB
MemTotal:        1844596 kB
MemFree:          635212 kB
MemAvailable:    1481360 kB
Buffers:           89400 kB
Cached:           780540 kB
MemTotal:        1844596 kB
MemFree:          634972 kB
MemAvailable:    1481120 kB
Buffers:           89400 kB
Cached:           780540 kB
MemTotal:        1844596 kB
MemFree:          633972 kB
MemAvailable:    1480120 kB
Buffers:           89400 kB
Cached:           780540 kB
MemTotal:        1844596 kB
MemFree:          634900 kB
MemAvailable:    1481048 kB
Buffers:           89400 kB
Cached:           780540 kB
MemTotal:        1844596 kB
MemFree:          633716 kB
MemAvailable:    1479864 kB
Buffers:           89400 kB
Cached:           780540 kB
MemTotal:        1844596 kB
MemFree:          634768 kB
MemAvailable:    1480916 kB
Buffers:           89400 kB
Cached:           780540 kB
MemTotal:        1844596 kB
MemFree:          633628 kB
MemAvailable:    1479776 kB
Buffers:           89400 kB
Cached:           780540 kB
MemTotal:        1844596 kB
MemFree:          634640 kB
MemAvailable:    1480792 kB
Buffers:           89400 kB
Cached:           780544 kB
MemTotal:        1844596 kB
MemFree:          634600 kB
MemAvailable:    1480752 kB
Buffers:           89400 kB
Cached:           780544 kB
MemTotal:        1844596 kB
MemFree:          634216 kB
MemAvailable:    1480368 kB
Buffers:           89400 kB
Cached:           780544 kB
MemTotal:        1844596 kB
MemFree:          633516 kB
MemAvailable:    1479668 kB
Buffers:           89400 kB
Cached:           780544 kB
MemTotal:        1844596 kB
MemFree:          634444 kB
MemAvailable:    1480596 kB
Buffers:           89400 kB
Cached:           780544 kB
MemTotal:        1844596 kB
MemFree:          634696 kB
MemAvailable:    1480848 kB
Buffers:           89400 kB
Cached:           780544 kB
MemTotal:        1844596 kB
MemFree:          633540 kB
MemAvailable:    1479692 kB
Buffers:           89400 kB
Cached:           780544 kB
MemTotal:        1844596 kB
MemFree:          634516 kB
MemAvailable:    1480668 kB
Buffers:           89400 kB
Cached:           780544 kB
MemTotal:        1844596 kB
MemFree:          634684 kB
MemAvailable:    1480836 kB
Buffers:           89400 kB
Cached:           780544 kB
MemTotal:        1844596 kB
MemFree:          634600 kB
MemAvailable:    1480752 kB
Buffers:           89400 kB
Cached:           780544 kB
MemTotal:        1844596 kB
MemFree:          634856 kB
MemAvailable:    1481008 kB
Buffers:           89400 kB
Cached:           780544 kB
MemTotal:        1844596 kB
MemFree:          634768 kB
MemAvailable:    1480920 kB
Buffers:           89400 kB
Cached:           780544 kB
MemTotal:        1844596 kB
MemFree:          634656 kB
MemAvailable:    1480808 kB
Buffers:           89400 kB
Cached:           780544 kB
MemTotal:        1844596 kB
MemFree:          634044 kB
MemAvailable:    1480196 kB
Buffers:           89400 kB
Cached:           780544 kB
MemTotal:        1844596 kB
MemFree:          634516 kB
MemAvailable:    1480668 kB
Buffers:           89400 kB
Cached:           780544 kB
MemTotal:        1844596 kB
MemFree:          634852 kB
MemAvailable:    1481004 kB
Buffers:           89400 kB
Cached:           780544 kB
MemTotal:        1844596 kB
MemFree:          633408 kB
MemAvailable:    1479560 kB
Buffers:           89400 kB
Cached:           780544 kB
MemTotal:        1844596 kB
MemFree:          634648 kB
MemAvailable:    1480800 kB
Buffers:           89400 kB
Cached:           780544 kB
MemTotal:        1844596 kB
MemFree:          634984 kB
MemAvailable:    1481136 kB
Buffers:           89400 kB
Cached:           780544 kB
MemTotal:        1844596 kB
MemFree:          634668 kB
MemAvailable:    1480820 kB
Buffers:           89400 kB
Cached:           780544 kB
MemTotal:        1844596 kB
MemFree:          634788 kB
MemAvailable:    1480940 kB
Buffers:           89400 kB
Cached:           780544 kB
MemTotal:        1844596 kB
MemFree:          633912 kB
MemAvailable:    1480064 kB
Buffers:           89400 kB
Cached:           780544 kB
MemTotal:        1844596 kB
MemFree:          634648 kB
MemAvailable:    1480800 kB
Buffers:           89400 kB
Cached:           780544 kB
MemTotal:        1844596 kB
MemFree:          634648 kB
MemAvailable:    1480800 kB
Buffers:           89400 kB
Cached:           780544 kB
MemTotal:        1844596 kB
MemFree:          634596 kB
MemAvailable:    1480748 kB
Buffers:           89400 kB
Cached:           780544 kB
MemTotal:        1844596 kB
MemFree:          634624 kB
MemAvailable:    1480776 kB
Buffers:           89400 kB
Cached:           780544 kB
MemTotal:        1844596 kB
MemFree:          634780 kB
MemAvailable:    1480932 kB
Buffers:           89400 kB
Cached:           780544 kB
MemTotal:        1844596 kB
MemFree:          633168 kB
MemAvailable:    1479320 kB
Buffers:           89400 kB
Cached:           780544 kB
MemTotal:        1844596 kB
MemFree:          630316 kB
MemAvailable:    1476468 kB
Buffers:           89400 kB
Cached:           780544 kB
MemTotal:        1844596 kB
MemFree:          626648 kB
MemAvailable:    1472800 kB
Buffers:           89400 kB
Cached:           780544 kB
MemTotal:        1844596 kB
MemFree:          624108 kB
MemAvailable:    1470260 kB
Buffers:           89400 kB
Cached:           780544 kB
MemTotal:        1844596 kB
MemFree:          623876 kB
MemAvailable:    1470028 kB
Buffers:           89400 kB
Cached:           780544 kB
MemTotal:        1844596 kB
MemFree:          622580 kB
MemAvailable:    1468732 kB
Buffers:           89400 kB
Cached:           780544 kB
MemTotal:        1844596 kB
MemFree:          623852 kB
MemAvailable:    1470004 kB
Buffers:           89400 kB
Cached:           780544 kB
MemTotal:        1844596 kB
MemFree:          624104 kB
MemAvailable:    1470256 kB
Buffers:           89400 kB
Cached:           780544 kB
MemTotal:        1844596 kB
MemFree:          622696 kB
MemAvailable:    1468848 kB
Buffers:           89400 kB
Cached:           780544 kB
MemTotal:        1844596 kB
MemFree:          622696 kB
MemAvailable:    1468848 kB
Buffers:           89400 kB
Cached:           780544 kB
MemTotal:        1844596 kB
MemFree:          622732 kB
MemAvailable:    1468884 kB
Buffers:           89400 kB
Cached:           780544 kB
MemTotal:        1844596 kB
MemFree:          623916 kB
MemAvailable:    1470068 kB
Buffers:           89400 kB
Cached:           780544 kB
MemTotal:        1844596 kB
MemFree:          623496 kB
MemAvailable:    1469648 kB
Buffers:           89400 kB
Cached:           780544 kB
MemTotal:        1844596 kB
MemFree:          623864 kB
MemAvailable:    1470016 kB
Buffers:           89400 kB
Cached:           780544 kB
MemTotal:        1844596 kB
MemFree:          624160 kB
MemAvailable:    1470312 kB
Buffers:           89400 kB
Cached:           780544 kB
MemTotal:        1844596 kB
MemFree:          624056 kB
MemAvailable:    1470208 kB
Buffers:           89400 kB
Cached:           780544 kB
MemTotal:        1844596 kB
MemFree:          623896 kB
MemAvailable:    1470048 kB
Buffers:           89400 kB
Cached:           780544 kB
MemTotal:        1844596 kB
MemFree:          623856 kB
MemAvailable:    1470008 kB
Buffers:           89400 kB
Cached:           780544 kB
MemTotal:        1844596 kB
MemFree:          623852 kB
MemAvailable:    1470004 kB
Buffers:           89400 kB
Cached:           780544 kB
MemTotal:        1844596 kB
MemFree:          623132 kB
MemAvailable:    1469284 kB
Buffers:           89400 kB
Cached:           780544 kB
MemTotal:        1844596 kB
MemFree:          623976 kB
MemAvailable:    1470128 kB
Buffers:           89400 kB
Cached:           780544 kB
MemTotal:        1844596 kB
MemFree:          623868 kB
MemAvailable:    1470020 kB
Buffers:           89400 kB
Cached:           780544 kB
MemTotal:        1844596 kB
MemFree:          622616 kB
MemAvailable:    1468768 kB
Buffers:           89400 kB
Cached:           780544 kB
MemTotal:        1844596 kB
MemFree:          623800 kB
MemAvailable:    1469952 kB
Buffers:           89400 kB
Cached:           780544 kB
MemTotal:        1844596 kB
MemFree:          624052 kB
MemAvailable:    1470204 kB
Buffers:           89400 kB
Cached:           780544 kB
MemTotal:        1844596 kB
MemFree:          622440 kB
MemAvailable:    1468592 kB
Buffers:           89400 kB
Cached:           780544 kB
MemTotal:        1844596 kB
MemFree:          623800 kB
MemAvailable:    1469952 kB
Buffers:           89400 kB
Cached:           780544 kB
MemTotal:        1844596 kB
MemFree:          623800 kB
MemAvailable:    1469952 kB
Buffers:           89400 kB
Cached:           780544 kB
MemTotal:        1844596 kB
MemFree:          623908 kB
MemAvailable:    1470060 kB
Buffers:           89400 kB
Cached:           780544 kB
MemTotal:        1844596 kB
MemFree:          623868 kB
MemAvailable:    1470020 kB
Buffers:           89400 kB
Cached:           780544 kB
MemTotal:        1844596 kB
MemFree:          623124 kB
MemAvailable:    1469276 kB
Buffers:           89400 kB
Cached:           780544 kB
MemTotal:        1844596 kB
MemFree:          623676 kB
MemAvailable:    1469828 kB
Buffers:           89400 kB
Cached:           780544 kB
MemTotal:        1844596 kB
MemFree:          623928 kB
MemAvailable:    1470080 kB
Buffers:           89400 kB
Cached:           780544 kB
MemTotal:        1844596 kB
MemFree:          623908 kB
MemAvailable:    1470060 kB
Buffers:           89400 kB
Cached:           780544 kB
MemTotal:        1844596 kB
MemFree:          623932 kB
MemAvailable:    1470084 kB
Buffers:           89400 kB
Cached:           780544 kB
MemTotal:        1844596 kB
MemFree:          623248 kB
MemAvailable:    1469400 kB
Buffers:           89400 kB
Cached:           780544 kB
MemTotal:        1844596 kB
MemFree:          623812 kB
MemAvailable:    1469964 kB
Buffers:           89400 kB
Cached:           780544 kB
MemTotal:        1844596 kB
MemFree:          623908 kB
MemAvailable:    1470060 kB
Buffers:           89400 kB
Cached:           780544 kB
MemTotal:        1844596 kB
MemFree:          623904 kB
MemAvailable:    1470056 kB
Buffers:           89400 kB
Cached:           780544 kB
MemTotal:        1844596 kB
MemFree:          623132 kB
MemAvailable:    1469284 kB
Buffers:           89400 kB
Cached:           780544 kB
MemTotal:        1844596 kB
MemFree:          623860 kB
MemAvailable:    1470012 kB
Buffers:           89400 kB
Cached:           780544 kB
MemTotal:        1844596 kB
MemFree:          624112 kB
MemAvailable:    1470264 kB
Buffers:           89400 kB
Cached:           780544 kB
MemTotal:        1844596 kB
MemFree:          622496 kB
MemAvailable:    1468648 kB
Buffers:           89400 kB
Cached:           780544 kB
MemTotal:        1844596 kB
MemFree:          623880 kB
MemAvailable:    1470032 kB
Buffers:           89400 kB
Cached:           780544 kB
MemTotal:        1844596 kB
MemFree:          624096 kB
MemAvailable:    1470248 kB
Buffers:           89400 kB
Cached:           780544 kB
MemTotal:        1844596 kB
MemFree:          623256 kB
MemAvailable:    1469408 kB
Buffers:           89400 kB
Cached:           780544 kB
MemTotal:        1844596 kB
MemFree:          622868 kB
MemAvailable:    1469024 kB
Buffers:           89400 kB
Cached:           780548 kB
MemTotal:        1844596 kB
MemFree:          624232 kB
MemAvailable:    1470388 kB
Buffers:           89400 kB
Cached:           780548 kB
MemTotal:        1844596 kB
MemFree:          623860 kB
MemAvailable:    1470016 kB
Buffers:           89400 kB
Cached:           780552 kB
MemTotal:        1844596 kB
MemFree:          623860 kB
MemAvailable:    1470016 kB
Buffers:           89400 kB
Cached:           780552 kB
MemTotal:        1844596 kB
MemFree:          622456 kB
MemAvailable:    1468612 kB
Buffers:           89400 kB
Cached:           780552 kB
MemTotal:        1844596 kB
MemFree:          623820 kB
MemAvailable:    1469976 kB
Buffers:           89400 kB
Cached:           780552 kB
MemTotal:        1844596 kB
MemFree:          622876 kB
MemAvailable:    1469032 kB
Buffers:           89400 kB
Cached:           780552 kB
MemTotal:        1844596 kB
MemFree:          624028 kB
MemAvailable:    1470188 kB
Buffers:           89400 kB
Cached:           780556 kB
MemTotal:        1844596 kB
MemFree:          622256 kB
MemAvailable:    1468416 kB
Buffers:           89400 kB
Cached:           780556 kB
MemTotal:        1844596 kB
MemFree:          623208 kB
MemAvailable:    1469368 kB
Buffers:           89400 kB
Cached:           780556 kB
MemTotal:        1844596 kB
MemFree:          622728 kB
MemAvailable:    1468888 kB
Buffers:           89400 kB
Cached:           780556 kB
MemTotal:        1844596 kB
MemFree:          622380 kB
MemAvailable:    1468540 kB
Buffers:           89400 kB
Cached:           780556 kB
MemTotal:        1844596 kB
MemFree:          622732 kB
MemAvailable:    1468892 kB
Buffers:           89400 kB
Cached:           780556 kB
MemTotal:        1844596 kB
MemFree:          622512 kB
MemAvailable:    1468672 kB
Buffers:           89400 kB
Cached:           780556 kB
MemTotal:        1844596 kB
MemFree:          622612 kB
MemAvailable:    1468772 kB
Buffers:           89400 kB
Cached:           780556 kB
MemTotal:        1844596 kB
MemFree:          621380 kB
MemAvailable:    1467540 kB
Buffers:           89400 kB
Cached:           780556 kB
MemTotal:        1844596 kB
MemFree:          622564 kB
MemAvailable:    1468724 kB
Buffers:           89400 kB
Cached:           780556 kB
MemTotal:        1844596 kB
MemFree:          622816 kB
MemAvailable:    1468976 kB
Buffers:           89400 kB
Cached:           780556 kB
MemTotal:        1844596 kB
MemFree:          622424 kB
MemAvailable:    1468584 kB
Buffers:           89400 kB
Cached:           780556 kB
MemTotal:        1844596 kB
MemFree:          622348 kB
MemAvailable:    1468508 kB
Buffers:           89400 kB
Cached:           780556 kB
MemTotal:        1844596 kB
MemFree:          622256 kB
MemAvailable:    1468416 kB
Buffers:           89400 kB
Cached:           780556 kB
MemTotal:        1844596 kB
MemFree:          622428 kB
MemAvailable:    1468588 kB
Buffers:           89400 kB
Cached:           780556 kB
MemTotal:        1844596 kB
MemFree:          621080 kB
MemAvailable:    1467240 kB
Buffers:           89400 kB
Cached:           780556 kB
MemTotal:        1844596 kB
MemFree:          621200 kB
MemAvailable:    1467360 kB
Buffers:           89400 kB
Cached:           780556 kB
MemTotal:        1844596 kB
MemFree:          622248 kB
MemAvailable:    1468408 kB
Buffers:           89400 kB
Cached:           780556 kB
MemTotal:        1844596 kB
MemFree:          622388 kB
MemAvailable:    1468548 kB
Buffers:           89400 kB
Cached:           780556 kB
MemTotal:        1844596 kB
MemFree:          622260 kB
MemAvailable:    1468420 kB
Buffers:           89400 kB
Cached:           780556 kB
MemTotal:        1844596 kB
MemFree:          622112 kB
MemAvailable:    1468272 kB
Buffers:           89400 kB
Cached:           780556 kB
MemTotal:        1844596 kB
MemFree:          622248 kB
MemAvailable:    1468408 kB
Buffers:           89400 kB
Cached:           780556 kB
MemTotal:        1844596 kB
MemFree:          620968 kB
MemAvailable:    1467128 kB
Buffers:           89400 kB
Cached:           780556 kB
MemTotal:        1844596 kB
MemFree:          622016 kB
MemAvailable:    1468176 kB
Buffers:           89400 kB
Cached:           780556 kB
MemTotal:        1844596 kB
MemFree:          620832 kB
MemAvailable:    1466992 kB
Buffers:           89400 kB
Cached:           780556 kB
MemTotal:        1844596 kB
MemFree:          620948 kB
MemAvailable:    1467108 kB
Buffers:           89400 kB
Cached:           780556 kB
MemTotal:        1844596 kB
MemFree:          621080 kB
MemAvailable:    1467240 kB
Buffers:           89400 kB
Cached:           780556 kB
MemTotal:        1844596 kB
MemFree:          620644 kB
MemAvailable:    1466804 kB
Buffers:           89400 kB
Cached:           780556 kB
MemTotal:        1844596 kB
MemFree:          617852 kB
MemAvailable:    1464012 kB
Buffers:           89400 kB
Cached:           780556 kB
MemTotal:        1844596 kB
MemFree:          614824 kB
MemAvailable:    1460984 kB
Buffers:           89400 kB
Cached:           780556 kB
MemTotal:        1844596 kB
MemFree:          611576 kB
MemAvailable:    1457740 kB
Buffers:           89400 kB
Cached:           780560 kB
MemTotal:        1844596 kB
MemFree:          610848 kB
MemAvailable:    1457012 kB
Buffers:           89400 kB
Cached:           780560 kB
MemTotal:        1844596 kB
MemFree:          611024 kB
MemAvailable:    1457188 kB
Buffers:           89400 kB
Cached:           780560 kB
MemTotal:        1844596 kB
MemFree:          611048 kB
MemAvailable:    1457212 kB
Buffers:           89400 kB
Cached:           780560 kB
MemTotal:        1844596 kB
MemFree:          609740 kB
MemAvailable:    1455904 kB
Buffers:           89400 kB
Cached:           780560 kB
MemTotal:        1844596 kB
MemFree:          610460 kB
MemAvailable:    1456624 kB
Buffers:           89400 kB
Cached:           780560 kB
MemTotal:        1844596 kB
MemFree:          610796 kB
MemAvailable:    1456960 kB
Buffers:           89400 kB
Cached:           780560 kB
MemTotal:        1844596 kB
MemFree:          610600 kB
MemAvailable:    1456764 kB
Buffers:           89400 kB
Cached:           780560 kB
MemTotal:        1844596 kB
MemFree:          609716 kB
MemAvailable:    1455880 kB
Buffers:           89400 kB
Cached:           780560 kB
MemTotal:        1844596 kB
MemFree:          608988 kB
MemAvailable:    1455152 kB
Buffers:           89400 kB
Cached:           780560 kB
MemTotal:        1844596 kB
MemFree:          607996 kB
MemAvailable:    1454160 kB
Buffers:           89400 kB
Cached:           780560 kB
MemTotal:        1844596 kB
MemFree:          607128 kB
MemAvailable:    1453292 kB
Buffers:           89400 kB
Cached:           780560 kB
MemTotal:        1844596 kB
MemFree:          607304 kB
MemAvailable:    1453468 kB
Buffers:           89400 kB
Cached:           780560 kB
MemTotal:        1844596 kB
MemFree:          607180 kB
MemAvailable:    1453344 kB
Buffers:           89400 kB
Cached:           780560 kB
MemTotal:        1844596 kB
MemFree:          606128 kB
MemAvailable:    1452292 kB
Buffers:           89400 kB
Cached:           780560 kB
MemTotal:        1844596 kB
MemFree:          606928 kB
MemAvailable:    1453092 kB
Buffers:           89400 kB
Cached:           780560 kB
MemTotal:        1844596 kB
MemFree:          606632 kB
MemAvailable:    1452796 kB
Buffers:           89400 kB
Cached:           780560 kB
MemTotal:        1844596 kB
MemFree:          607116 kB
MemAvailable:    1453280 kB
Buffers:           89400 kB
Cached:           780560 kB
MemTotal:        1844596 kB
MemFree:          607128 kB
MemAvailable:    1453292 kB
Buffers:           89400 kB
Cached:           780560 kB
MemTotal:        1844596 kB
MemFree:          607040 kB
MemAvailable:    1453204 kB
Buffers:           89400 kB
Cached:           780560 kB
MemTotal:        1844596 kB
MemFree:          605940 kB
MemAvailable:    1452104 kB
Buffers:           89400 kB
Cached:           780560 kB
MemTotal:        1844596 kB
MemFree:          605816 kB
MemAvailable:    1451980 kB
Buffers:           89400 kB
Cached:           780560 kB
MemTotal:        1844596 kB
MemFree:          607056 kB
MemAvailable:    1453220 kB
Buffers:           89400 kB
Cached:           780560 kB
MemTotal:        1844596 kB
MemFree:          606632 kB
MemAvailable:    1452796 kB
Buffers:           89400 kB
Cached:           780560 kB
MemTotal:        1844596 kB
MemFree:          606936 kB
MemAvailable:    1453100 kB
Buffers:           89400 kB
Cached:           780560 kB
MemTotal:        1844596 kB
MemFree:          607188 kB
MemAvailable:    1453352 kB
Buffers:           89400 kB
Cached:           780560 kB
MemTotal:        1844596 kB
MemFree:          605764 kB
MemAvailable:    1451928 kB
Buffers:           89400 kB
Cached:           780560 kB
MemTotal:        1844596 kB
MemFree:          606508 kB
MemAvailable:    1452672 kB
Buffers:           89400 kB
Cached:           780560 kB
MemTotal:        1844596 kB
MemFree:          606128 kB
MemAvailable:    1452292 kB
Buffers:           89400 kB
Cached:           780560 kB
MemTotal:        1844596 kB
MemFree:          606212 kB
MemAvailable:    1452376 kB
Buffers:           89400 kB
Cached:           780560 kB
MemTotal:        1844596 kB
MemFree:          604276 kB
MemAvailable:    1450440 kB
Buffers:           89400 kB
Cached:           780560 kB
MemTotal:        1844596 kB
MemFree:          604020 kB
MemAvailable:    1450184 kB
Buffers:           89400 kB
Cached:           780560 kB
MemTotal:        1844596 kB
MemFree:          605448 kB
MemAvailable:    1451612 kB
Buffers:           89400 kB
Cached:           780560 kB
MemTotal:        1844596 kB
MemFree:          603764 kB
MemAvailable:    1449928 kB
Buffers:           89400 kB
Cached:           780560 kB
MemTotal:        1844596 kB
MemFree:          604268 kB
MemAvailable:    1450432 kB
Buffers:           89400 kB
Cached:           780560 kB
MemTotal:        1844596 kB
MemFree:          604520 kB
MemAvailable:    1450684 kB
Buffers:           89400 kB
Cached:           780560 kB
MemTotal:        1844596 kB
MemFree:          602664 kB
MemAvailable:    1448828 kB
Buffers:           89400 kB
Cached:           780560 kB
MemTotal:        1844596 kB
MemFree:          603780 kB
MemAvailable:    1449944 kB
Buffers:           89400 kB
Cached:           780560 kB
MemTotal:        1844596 kB
MemFree:          603708 kB
MemAvailable:    1449872 kB
Buffers:           89400 kB
Cached:           780560 kB
MemTotal:        1844596 kB
MemFree:          602540 kB
MemAvailable:    1448708 kB
Buffers:           89400 kB
Cached:           780564 kB
MemTotal:        1844596 kB
MemFree:          603152 kB
MemAvailable:    1449320 kB
Buffers:           89400 kB
Cached:           780564 kB
MemTotal:        1844596 kB
MemFree:          603152 kB
MemAvailable:    1449320 kB
Buffers:           89400 kB
Cached:           780564 kB
MemTotal:        1844596 kB
MemFree:          602924 kB
MemAvailable:    1449092 kB
Buffers:           89400 kB
Cached:           780564 kB
MemTotal:        1844596 kB
MemFree:          602772 kB
MemAvailable:    1448940 kB
Buffers:           89400 kB
Cached:           780564 kB
MemTotal:        1844596 kB
MemFree:          602004 kB
MemAvailable:    1448172 kB
Buffers:           89400 kB
Cached:           780564 kB
MemTotal:        1844596 kB
MemFree:          602912 kB
MemAvailable:    1449080 kB
Buffers:           89400 kB
Cached:           780564 kB
MemTotal:        1844596 kB
MemFree:          601624 kB
MemAvailable:    1447792 kB
Buffers:           89400 kB
Cached:           780564 kB
MemTotal:        1844596 kB
MemFree:          602912 kB
MemAvailable:    1449080 kB
Buffers:           89400 kB
Cached:           780564 kB
MemTotal:        1844596 kB
MemFree:          602300 kB
MemAvailable:    1448468 kB
Buffers:           89400 kB
Cached:           780564 kB
MemTotal:        1844596 kB
MemFree:          603380 kB
MemAvailable:    1449548 kB
Buffers:           89400 kB
Cached:           780564 kB
MemTotal:        1844596 kB
MemFree:          603276 kB
MemAvailable:    1449444 kB
Buffers:           89400 kB
Cached:           780564 kB
MemTotal:        1844596 kB
MemFree:          601532 kB
MemAvailable:    1447700 kB
Buffers:           89400 kB
Cached:           780564 kB
MemTotal:        1844596 kB
MemFree:          602904 kB
MemAvailable:    1449072 kB
Buffers:           89400 kB
Cached:           780564 kB
MemTotal:        1844596 kB
MemFree:          602708 kB
MemAvailable:    1448876 kB
Buffers:           89400 kB
Cached:           780564 kB
MemTotal:        1844596 kB
MemFree:          601796 kB
MemAvailable:    1447964 kB
Buffers:           89400 kB
Cached:           780564 kB
MemTotal:        1844596 kB
MemFree:          603008 kB
MemAvailable:    1449176 kB
Buffers:           89400 kB
Cached:           780564 kB
MemTotal:        1844596 kB
MemFree:          601672 kB
MemAvailable:    1447840 kB
Buffers:           89400 kB
Cached:           780564 kB
MemTotal:        1844596 kB
MemFree:          602484 kB
MemAvailable:    1448652 kB
Buffers:           89400 kB
Cached:           780564 kB
MemTotal:        1844596 kB
MemFree:          602820 kB
MemAvailable:    1448988 kB
Buffers:           89400 kB
Cached:           780564 kB
MemTotal:        1844596 kB
MemFree:          602492 kB
MemAvailable:    1448660 kB
Buffers:           89400 kB
Cached:           780564 kB
MemTotal:        1844596 kB
MemFree:          601504 kB
MemAvailable:    1447672 kB
Buffers:           89400 kB
Cached:           780564 kB
MemTotal:        1844596 kB
MemFree:          601492 kB
MemAvailable:    1447660 kB
Buffers:           89400 kB
Cached:           780564 kB
MemTotal:        1844596 kB
MemFree:          602036 kB
MemAvailable:    1448204 kB
Buffers:           89400 kB
Cached:           780564 kB
MemTotal:        1844596 kB
MemFree:          602964 kB
MemAvailable:    1449136 kB
Buffers:           89400 kB
Cached:           780568 kB
MemTotal:        1844596 kB
MemFree:          601920 kB
MemAvailable:    1448092 kB
Buffers:           89400 kB
Cached:           780568 kB
MemTotal:        1844596 kB
MemFree:          601536 kB
MemAvailable:    1447708 kB
Buffers:           89400 kB
Cached:           780568 kB
MemTotal:        1844596 kB
MemFree:          602844 kB
MemAvailable:    1449016 kB
Buffers:           89400 kB
Cached:           780568 kB
MemTotal:        1844596 kB
MemFree:          601796 kB
MemAvailable:    1447968 kB
Buffers:           89400 kB
Cached:           780568 kB
MemTotal:        1844596 kB
MemFree:          603120 kB
MemAvailable:    1449292 kB
Buffers:           89400 kB
Cached:           780568 kB
MemTotal:        1844596 kB
MemFree:          601796 kB
MemAvailable:    1447968 kB
Buffers:           89400 kB
Cached:           780568 kB
MemTotal:        1844596 kB
MemFree:          601416 kB
MemAvailable:    1447588 kB
Buffers:           89400 kB
Cached:           780568 kB
MemTotal:        1844596 kB
MemFree:          601752 kB
MemAvailable:    1447924 kB
Buffers:           89400 kB
Cached:           780568 kB
MemTotal:        1844596 kB
MemFree:          600292 kB
MemAvailable:    1446464 kB
Buffers:           89400 kB
Cached:           780568 kB
MemTotal:        1844596 kB
MemFree:          600168 kB
MemAvailable:    1446340 kB
Buffers:           89400 kB
Cached:           780568 kB
MemTotal:        1844596 kB
MemFree:          599564 kB
MemAvailable:    1445736 kB
Buffers:           89400 kB
Cached:           780568 kB
MemTotal:        1844596 kB
MemFree:          598200 kB
MemAvailable:    1444372 kB
Buffers:           89400 kB
Cached:           780568 kB
MemTotal:        1844596 kB
MemFree:          594596 kB
MemAvailable:    1440768 kB
Buffers:           89400 kB
Cached:           780568 kB
MemTotal:        1844596 kB
MemFree:          592920 kB
MemAvailable:    1439092 kB
Buffers:           89400 kB
Cached:           780568 kB
MemTotal:        1844596 kB
MemFree:          589456 kB
MemAvailable:    1435628 kB
Buffers:           89400 kB
Cached:           780568 kB
MemTotal:        1844596 kB
MemFree:          587100 kB
MemAvailable:    1433272 kB
Buffers:           89400 kB
Cached:           780568 kB
MemTotal:        1844596 kB
MemFree:          584188 kB
MemAvailable:    1430360 kB
Buffers:           89400 kB
Cached:           780568 kB
MemTotal:        1844596 kB
MemFree:          584216 kB
MemAvailable:    1430388 kB
Buffers:           89400 kB
Cached:           780568 kB
MemTotal:        1844596 kB
MemFree:          583568 kB
MemAvailable:    1429740 kB
Buffers:           89400 kB
Cached:           780568 kB
MemTotal:        1844596 kB
MemFree:          584300 kB
MemAvailable:    1430472 kB
Buffers:           89400 kB
Cached:           780568 kB
MemTotal:        1844596 kB
MemFree:          584188 kB
MemAvailable:    1430360 kB
Buffers:           89400 kB
Cached:           780568 kB
MemTotal:        1844596 kB
MemFree:          583576 kB
MemAvailable:    1429748 kB
Buffers:           89400 kB
Cached:           780568 kB
MemTotal:        1844596 kB
MemFree:          583876 kB
MemAvailable:    1430048 kB
Buffers:           89400 kB
Cached:           780568 kB
MemTotal:        1844596 kB
MemFree:          584128 kB
MemAvailable:    1430300 kB
Buffers:           89400 kB
Cached:           780568 kB
MemTotal:        1844596 kB
MemFree:          584104 kB
MemAvailable:    1430276 kB
Buffers:           89400 kB
Cached:           780568 kB
MemTotal:        1844596 kB
MemFree:          584064 kB
MemAvailable:    1430236 kB
Buffers:           89400 kB
Cached:           780568 kB
MemTotal:        1844596 kB
MemFree:          583908 kB
MemAvailable:    1430080 kB
Buffers:           89400 kB
Cached:           780568 kB
MemTotal:        1844596 kB
MemFree:          584164 kB
MemAvailable:    1430336 kB
Buffers:           89400 kB
Cached:           780568 kB
MemTotal:        1844596 kB
MemFree:          582752 kB
MemAvailable:    1428924 kB
Buffers:           89400 kB
Cached:           780568 kB
MemTotal:        1844596 kB
MemFree:          583816 kB
MemAvailable:    1429988 kB
Buffers:           89400 kB
Cached:           780568 kB
MemTotal:        1844596 kB
MemFree:          583380 kB
MemAvailable:    1429552 kB
Buffers:           89400 kB
Cached:           780568 kB
MemTotal:        1844596 kB
MemFree:          582336 kB
MemAvailable:    1428508 kB
Buffers:           89400 kB
Cached:           780568 kB
MemTotal:        1844596 kB
MemFree:          583188 kB
MemAvailable:    1429360 kB
Buffers:           89400 kB
Cached:           780568 kB
MemTotal:        1844596 kB
MemFree:          583188 kB
MemAvailable:    1429360 kB
Buffers:           89400 kB
Cached:           780568 kB
MemTotal:        1844596 kB
MemFree:          583148 kB
MemAvailable:    1429320 kB
Buffers:           89400 kB
Cached:           780568 kB
MemTotal:        1844596 kB
MemFree:          581900 kB
MemAvailable:    1428072 kB
Buffers:           89400 kB
Cached:           780568 kB
MemTotal:        1844596 kB
MemFree:          583264 kB
MemAvailable:    1429436 kB
Buffers:           89400 kB
Cached:           780568 kB
MemTotal:        1844596 kB
MemFree:          583136 kB
MemAvailable:    1429308 kB
Buffers:           89400 kB
Cached:           780568 kB
MemTotal:        1844596 kB
MemFree:          583136 kB
MemAvailable:    1429308 kB
Buffers:           89400 kB
Cached:           780568 kB
MemTotal:        1844596 kB
MemFree:          581908 kB
MemAvailable:    1428080 kB
Buffers:           89400 kB
Cached:           780568 kB
MemTotal:        1844596 kB
MemFree:          583148 kB
MemAvailable:    1429320 kB
Buffers:           89400 kB
Cached:           780568 kB
MemTotal:        1844596 kB
MemFree:          583120 kB
MemAvailable:    1429292 kB
Buffers:           89400 kB
Cached:           780568 kB
MemTotal:        1844596 kB
MemFree:          582064 kB
MemAvailable:    1428236 kB
Buffers:           89400 kB
Cached:           780568 kB
MemTotal:        1844596 kB
MemFree:          581644 kB
MemAvailable:    1427816 kB
Buffers:           89400 kB
Cached:           780568 kB
MemTotal:        1844596 kB
MemFree:          582940 kB
MemAvailable:    1429112 kB
Buffers:           89400 kB
Cached:           780568 kB
MemTotal:        1844596 kB
MemFree:          582844 kB
MemAvailable:    1429016 kB
Buffers:           89400 kB
Cached:           780568 kB
MemTotal:        1844596 kB
MemFree:          583088 kB
MemAvailable:    1429260 kB
Buffers:           89400 kB
Cached:           780568 kB
MemTotal:        1844596 kB
MemFree:          581776 kB
MemAvailable:    1427948 kB
Buffers:           89400 kB
Cached:           780568 kB
MemTotal:        1844596 kB
MemFree:          582576 kB
MemAvailable:    1428748 kB
Buffers:           89400 kB
Cached:           780568 kB
MemTotal:        1844596 kB
MemFree:          581776 kB
MemAvailable:    1427948 kB
Buffers:           89400 kB
Cached:           780568 kB
MemTotal:        1844596 kB
MemFree:          583072 kB
MemAvailable:    1429248 kB
Buffers:           89400 kB
Cached:           780572 kB
MemTotal:        1844596 kB
MemFree:          577724 kB
MemAvailable:    1423908 kB
Buffers:           89400 kB
Cached:           780576 kB
MemTotal:        1844596 kB
MemFree:          577812 kB
MemAvailable:    1423996 kB
Buffers:           89400 kB
Cached:           780576 kB
MemTotal:        1844596 kB
MemFree:          571780 kB
MemAvailable:    1417964 kB
Buffers:           89400 kB
Cached:           780576 kB
MemTotal:        1844596 kB
MemFree:          571864 kB
MemAvailable:    1418048 kB
Buffers:           89400 kB
Cached:           780576 kB
MemTotal:        1844596 kB
MemFree:          567324 kB
MemAvailable:    1413508 kB
Buffers:           89400 kB
Cached:           780576 kB
MemTotal:        1844596 kB
MemFree:          564348 kB
MemAvailable:    1410532 kB
Buffers:           89400 kB
Cached:           780576 kB
MemTotal:        1844596 kB
MemFree:          565216 kB
MemAvailable:    1411400 kB
Buffers:           89400 kB
Cached:           780576 kB
MemTotal:        1844596 kB
MemFree:          564960 kB
MemAvailable:    1411144 kB
Buffers:           89400 kB
Cached:           780576 kB
MemTotal:        1844596 kB
MemFree:          564604 kB
MemAvailable:    1410788 kB
Buffers:           89400 kB
Cached:           780576 kB
MemTotal:        1844596 kB
MemFree:          563728 kB
MemAvailable:    1409912 kB
Buffers:           89400 kB
Cached:           780576 kB
MemTotal:        1844596 kB
MemFree:          563720 kB
MemAvailable:    1409904 kB
Buffers:           89400 kB
Cached:           780576 kB
MemTotal:        1844596 kB
MemFree:          564780 kB
MemAvailable:    1410964 kB
Buffers:           89400 kB
Cached:           780576 kB
MemTotal:        1844596 kB
MemFree:          565032 kB
MemAvailable:    1411216 kB
Buffers:           89400 kB
Cached:           780576 kB
MemTotal:        1844596 kB
MemFree:          563464 kB
MemAvailable:    1409648 kB
Buffers:           89400 kB
Cached:           780576 kB
MemTotal:        1844596 kB
MemFree:          563456 kB
MemAvailable:    1409640 kB
Buffers:           89400 kB
Cached:           780576 kB
MemTotal:        1844596 kB
MemFree:          564848 kB
MemAvailable:    1411032 kB
Buffers:           89400 kB
Cached:           780576 kB
MemTotal:        1844596 kB
MemFree:          563664 kB
MemAvailable:    1409848 kB
Buffers:           89400 kB
Cached:           780576 kB
MemTotal:        1844596 kB
MemFree:          563708 kB
MemAvailable:    1409892 kB
Buffers:           89400 kB
Cached:           780576 kB
MemTotal:        1844596 kB
MemFree:          564940 kB
MemAvailable:    1411124 kB
Buffers:           89400 kB
Cached:           780576 kB
MemTotal:        1844596 kB
MemFree:          564944 kB
MemAvailable:    1411128 kB
Buffers:           89400 kB
Cached:           780576 kB
MemTotal:        1844596 kB
MemFree:          565084 kB
MemAvailable:    1411268 kB
Buffers:           89400 kB
Cached:           780576 kB
MemTotal:        1844596 kB
MemFree:          564892 kB
MemAvailable:    1411076 kB
Buffers:           89400 kB
Cached:           780576 kB
MemTotal:        1844596 kB
MemFree:          564844 kB
MemAvailable:    1411028 kB
Buffers:           89400 kB
Cached:           780576 kB
MemTotal:        1844596 kB
MemFree:          564788 kB
MemAvailable:    1410972 kB
Buffers:           89400 kB
Cached:           780576 kB
MemTotal:        1844596 kB
MemFree:          565044 kB
MemAvailable:    1411228 kB
Buffers:           89400 kB
Cached:           780576 kB
MemTotal:        1844596 kB
MemFree:          563548 kB
MemAvailable:    1409732 kB
Buffers:           89400 kB
Cached:           780576 kB
MemTotal:        1844596 kB
MemFree:          564908 kB
MemAvailable:    1411092 kB
Buffers:           89400 kB
Cached:           780576 kB
MemTotal:        1844596 kB
MemFree:          564908 kB
MemAvailable:    1411092 kB
Buffers:           89400 kB
Cached:           780576 kB
MemTotal:        1844596 kB
MemFree:          563596 kB
MemAvailable:    1409780 kB
Buffers:           89400 kB
Cached:           780576 kB
MemTotal:        1844596 kB
MemFree:          564980 kB
MemAvailable:    1411164 kB
Buffers:           89400 kB
Cached:           780576 kB
MemTotal:        1844596 kB
MemFree:          563548 kB
MemAvailable:    1409732 kB
Buffers:           89400 kB
Cached:           780576 kB
MemTotal:        1844596 kB
MemFree:          564816 kB
MemAvailable:    1411000 kB
Buffers:           89400 kB
Cached:           780576 kB
MemTotal:        1844596 kB
MemFree:          565068 kB
MemAvailable:    1411252 kB
Buffers:           89400 kB
Cached:           780576 kB
MemTotal:        1844596 kB
MemFree:          564648 kB
MemAvailable:    1410832 kB
Buffers:           89400 kB
Cached:           780576 kB
MemTotal:        1844596 kB
MemFree:          564984 kB
MemAvailable:    1411168 kB
Buffers:           89400 kB
Cached:           780576 kB
MemTotal:        1844596 kB
MemFree:          564908 kB
MemAvailable:    1411092 kB
Buffers:           89400 kB
Cached:           780576 kB
MemTotal:        1844596 kB
MemFree:          563908 kB
MemAvailable:    1410092 kB
Buffers:           89400 kB
Cached:           780576 kB
MemTotal:        1844596 kB
MemFree:          563536 kB
MemAvailable:    1409720 kB
Buffers:           89400 kB
Cached:           780576 kB
MemTotal:        1844596 kB
MemFree:          565028 kB
MemAvailable:    1411212 kB
Buffers:           89400 kB
Cached:           780576 kB
MemTotal:        1844596 kB
MemFree:          564100 kB
MemAvailable:    1410284 kB
Buffers:           89400 kB
Cached:           780576 kB
MemTotal:        1844596 kB
MemFree:          563976 kB
MemAvailable:    1410160 kB
Buffers:           89400 kB
Cached:           780576 kB
MemTotal:        1844596 kB
MemFree:          563968 kB
MemAvailable:    1410152 kB
Buffers:           89400 kB
Cached:           780576 kB
MemTotal:        1844596 kB
MemFree:          560256 kB
MemAvailable:    1406440 kB
Buffers:           89400 kB
Cached:           780576 kB
MemTotal:        1844596 kB
MemFree:          557148 kB
MemAvailable:    1403332 kB
Buffers:           89400 kB
Cached:           780576 kB
MemTotal:        1844596 kB
MemFree:          552504 kB
MemAvailable:    1398688 kB
Buffers:           89400 kB
Cached:           780576 kB
MemTotal:        1844596 kB
MemFree:          548104 kB
MemAvailable:    1394288 kB
Buffers:           89400 kB
Cached:           780576 kB
MemTotal:        1844596 kB
MemFree:          546616 kB
MemAvailable:    1392800 kB
Buffers:           89400 kB
Cached:           780576 kB
MemTotal:        1844596 kB
MemFree:          547536 kB
MemAvailable:    1393720 kB
Buffers:           89400 kB
Cached:           780576 kB
MemTotal:        1844596 kB
MemFree:          546312 kB
MemAvailable:    1392496 kB
Buffers:           89400 kB
Cached:           780576 kB
MemTotal:        1844596 kB
MemFree:          547112 kB
MemAvailable:    1393296 kB
Buffers:           89400 kB
Cached:           780576 kB
MemTotal:        1844596 kB
MemFree:          546804 kB
MemAvailable:    1392988 kB
Buffers:           89400 kB
Cached:           780576 kB
MemTotal:        1844596 kB
MemFree:          546360 kB
MemAvailable:    1392544 kB
Buffers:           89400 kB
Cached:           780576 kB
MemTotal:        1844596 kB
MemFree:          545500 kB
MemAvailable:    1391684 kB
Buffers:           89400 kB
Cached:           780576 kB
MemTotal:        1844596 kB
MemFree:          546496 kB
MemAvailable:    1392680 kB
Buffers:           89400 kB
Cached:           780576 kB
MemTotal:        1844596 kB
MemFree:          546624 kB
MemAvailable:    1392808 kB
Buffers:           89400 kB
Cached:           780576 kB
MemTotal:        1844596 kB
MemFree:          545376 kB
MemAvailable:    1391560 kB
Buffers:           89400 kB
Cached:           780576 kB
MemTotal:        1844596 kB
MemFree:          546092 kB
MemAvailable:    1392276 kB
Buffers:           89400 kB
Cached:           780576 kB
MemTotal:        1844596 kB
MemFree:          546428 kB
MemAvailable:    1392612 kB
Buffers:           89400 kB
Cached:           780576 kB
MemTotal:        1844596 kB
MemFree:          546152 kB
MemAvailable:    1392336 kB
Buffers:           89400 kB
Cached:           780576 kB
MemTotal:        1844596 kB
MemFree:          545836 kB
MemAvailable:    1392020 kB
Buffers:           89400 kB
Cached:           780576 kB
MemTotal:        1844596 kB
MemFree:          545260 kB
MemAvailable:    1391444 kB
Buffers:           89400 kB
Cached:           780576 kB
MemTotal:        1844596 kB
MemFree:          545376 kB
MemAvailable:    1391560 kB
Buffers:           89400 kB
Cached:           780576 kB
MemTotal:        1844596 kB
MemFree:          545328 kB
MemAvailable:    1391512 kB
Buffers:           89400 kB
Cached:           780576 kB
MemTotal:        1844596 kB
MemFree:          544012 kB
MemAvailable:    1390196 kB
Buffers:           89400 kB
Cached:           780576 kB
MemTotal:        1844596 kB
MemFree:          543996 kB
MemAvailable:    1390180 kB
Buffers:           89400 kB
Cached:           780576 kB
MemTotal:        1844596 kB
MemFree:          543516 kB
MemAvailable:    1389700 kB
Buffers:           89400 kB
Cached:           780576 kB
MemTotal:        1844596 kB
MemFree:          543708 kB
MemAvailable:    1389892 kB
Buffers:           89400 kB
Cached:           780576 kB
MemTotal:        1844596 kB
MemFree:          542460 kB
MemAvailable:    1388644 kB
Buffers:           89400 kB
Cached:           780576 kB
MemTotal:        1844596 kB
MemFree:          542128 kB
MemAvailable:    1388312 kB
Buffers:           89400 kB
Cached:           780576 kB
MemTotal:        1844596 kB
MemFree:          542340 kB
MemAvailable:    1388524 kB
Buffers:           89400 kB
Cached:           780576 kB
MemTotal:        1844596 kB
MemFree:          541088 kB
MemAvailable:    1387272 kB
Buffers:           89400 kB
Cached:           780576 kB
MemTotal:        1844596 kB
MemFree:          539300 kB
MemAvailable:    1385484 kB
Buffers:           89400 kB
Cached:           780576 kB
MemTotal:        1844596 kB
MemFree:          539300 kB
MemAvailable:    1385484 kB
Buffers:           89400 kB
Cached:           780576 kB
MemTotal:        1844596 kB
MemFree:          540444 kB
MemAvailable:    1386628 kB
Buffers:           89400 kB
Cached:           780576 kB
MemTotal:        1844596 kB
MemFree:          539424 kB
MemAvailable:    1385608 kB
Buffers:           89400 kB
Cached:           780576 kB
MemTotal:        1844596 kB
MemFree:          540204 kB
MemAvailable:    1386396 kB
Buffers:           89400 kB
Cached:           780584 kB
MemTotal:        1844596 kB
MemFree:          540300 kB
MemAvailable:    1386492 kB
Buffers:           89400 kB
Cached:           780584 kB
MemTotal:        1844596 kB
MemFree:          540580 kB
MemAvailable:    1386772 kB
Buffers:           89400 kB
Cached:           780584 kB
MemTotal:        1844596 kB
MemFree:          540100 kB
MemAvailable:    1386292 kB
Buffers:           89400 kB
Cached:           780584 kB
MemTotal:        1844596 kB
MemFree:          540436 kB
MemAvailable:    1386628 kB
Buffers:           89400 kB
Cached:           780584 kB
MemTotal:        1844596 kB
MemFree:          538796 kB
MemAvailable:    1384988 kB
Buffers:           89400 kB
Cached:           780584 kB
MemTotal:        1844596 kB
MemFree:          538796 kB
MemAvailable:    1384988 kB
Buffers:           89400 kB
Cached:           780584 kB
MemTotal:        1844596 kB
MemFree:          538548 kB
MemAvailable:    1384740 kB
Buffers:           89400 kB
Cached:           780584 kB
MemTotal:        1844596 kB
MemFree:          538616 kB
MemAvailable:    1384808 kB
Buffers:           89400 kB
Cached:           780584 kB
MemTotal:        1844596 kB
MemFree:          538868 kB
MemAvailable:    1385060 kB
Buffers:           89400 kB
Cached:           780584 kB
MemTotal:        1844596 kB
MemFree:          538612 kB
MemAvailable:    1384804 kB
Buffers:           89400 kB
Cached:           780584 kB
MemTotal:        1844596 kB
MemFree:          538612 kB
MemAvailable:    1384804 kB
Buffers:           89400 kB
Cached:           780584 kB
MemTotal:        1844596 kB
MemFree:          538800 kB
MemAvailable:    1384992 kB
Buffers:           89400 kB
Cached:           780584 kB
MemTotal:        1844596 kB
MemFree:          537512 kB
MemAvailable:    1383704 kB
Buffers:           89400 kB
Cached:           780584 kB
MemTotal:        1844596 kB
MemFree:          538904 kB
MemAvailable:    1385096 kB
Buffers:           89400 kB
Cached:           780584 kB
MemTotal:        1844596 kB
MemFree:          538532 kB
MemAvailable:    1384724 kB
Buffers:           89400 kB
Cached:           780584 kB
MemTotal:        1844596 kB
MemFree:          538788 kB
MemAvailable:    1384980 kB
Buffers:           89400 kB
Cached:           780584 kB
MemTotal:        1844596 kB
MemFree:          537324 kB
MemAvailable:    1383516 kB
Buffers:           89400 kB
Cached:           780584 kB
MemTotal:        1844596 kB
MemFree:          538508 kB
MemAvailable:    1384700 kB
Buffers:           89400 kB
Cached:           780584 kB
MemTotal:        1844596 kB
MemFree:          537492 kB
MemAvailable:    1383684 kB
Buffers:           89400 kB
Cached:           780584 kB
MemTotal:        1844596 kB
MemFree:          537528 kB
MemAvailable:    1383720 kB
Buffers:           89400 kB
Cached:           780584 kB
MemTotal:        1844596 kB
MemFree:          538740 kB
MemAvailable:    1384932 kB
Buffers:           89400 kB
Cached:           780584 kB
MemTotal:        1844596 kB
MemFree:          538624 kB
MemAvailable:    1384816 kB
Buffers:           89400 kB
Cached:           780584 kB
MemTotal:        1844596 kB
MemFree:          538748 kB
MemAvailable:    1384940 kB
Buffers:           89400 kB
Cached:           780584 kB
MemTotal:        1844596 kB
MemFree:          537316 kB
MemAvailable:    1383508 kB
Buffers:           89400 kB
Cached:           780584 kB
MemTotal:        1844596 kB
MemFree:          538548 kB
MemAvailable:    1384740 kB
Buffers:           89400 kB
Cached:           780584 kB
MemTotal:        1844596 kB
MemFree:          538800 kB
MemAvailable:    1384992 kB
Buffers:           89400 kB
Cached:           780584 kB
MemTotal:        1844596 kB
MemFree:          537696 kB
MemAvailable:    1383888 kB
Buffers:           89400 kB
Cached:           780584 kB
MemTotal:        1844596 kB
MemFree:          539124 kB
MemAvailable:    1385316 kB
Buffers:           89400 kB
Cached:           780584 kB
MemTotal:        1844596 kB
MemFree:          537564 kB
MemAvailable:    1383756 kB
Buffers:           89400 kB
Cached:           780584 kB
MemTotal:        1844596 kB
MemFree:          538540 kB
MemAvailable:    1384732 kB
Buffers:           89400 kB
Cached:           780584 kB
MemTotal:        1844596 kB
MemFree:          538796 kB
MemAvailable:    1384988 kB
Buffers:           89400 kB
Cached:           780584 kB
MemTotal:        1844596 kB
MemFree:          538680 kB
MemAvailable:    1384872 kB
Buffers:           89400 kB
Cached:           780584 kB
MemTotal:        1844596 kB
MemFree:          538820 kB
MemAvailable:    1385012 kB
Buffers:           89400 kB
Cached:           780584 kB
MemTotal:        1844596 kB
MemFree:          537400 kB
MemAvailable:    1383592 kB
Buffers:           89400 kB
Cached:           780584 kB
MemTotal:        1844596 kB
MemFree:          537436 kB
MemAvailable:    1383628 kB
Buffers:           89400 kB
Cached:           780584 kB
MemTotal:        1844596 kB
MemFree:          537428 kB
MemAvailable:    1383620 kB
Buffers:           89400 kB
Cached:           780584 kB
MemTotal:        1844596 kB
MemFree:          538060 kB
MemAvailable:    1384252 kB
Buffers:           89400 kB
Cached:           780584 kB
MemTotal:        1844596 kB
MemFree:          537388 kB
MemAvailable:    1383580 kB
Buffers:           89400 kB
Cached:           780584 kB
MemTotal:        1844596 kB
MemFree:          538712 kB
MemAvailable:    1384904 kB
Buffers:           89400 kB
Cached:           780584 kB
MemTotal:        1844596 kB
MemFree:          538752 kB
MemAvailable:    1384944 kB
Buffers:           89400 kB
Cached:           780584 kB
MemTotal:        1844596 kB
MemFree:          538684 kB
MemAvailable:    1384876 kB
Buffers:           89400 kB
Cached:           780584 kB
MemTotal:        1844596 kB
MemFree:          537952 kB
MemAvailable:    1384144 kB
Buffers:           89400 kB
Cached:           780584 kB
MemTotal:        1844596 kB
MemFree:          538600 kB
MemAvailable:    1384796 kB
Buffers:           89400 kB
Cached:           780588 kB
MemTotal:        1844596 kB
MemFree:          538936 kB
MemAvailable:    1385132 kB
Buffers:           89400 kB
Cached:           780588 kB
MemTotal:        1844596 kB
MemFree:          538640 kB
MemAvailable:    1384836 kB
Buffers:           89400 kB
Cached:           780588 kB
MemTotal:        1844596 kB
MemFree:          538696 kB
MemAvailable:    1384892 kB
Buffers:           89400 kB
Cached:           780588 kB
MemTotal:        1844596 kB
MemFree:          538680 kB
MemAvailable:    1384876 kB
Buffers:           89400 kB
Cached:           780588 kB
MemTotal:        1844596 kB
MemFree:          538932 kB
MemAvailable:    1385128 kB
Buffers:           89400 kB
Cached:           780588 kB
MemTotal:        1844596 kB
MemFree:          537012 kB
MemAvailable:    1383208 kB
Buffers:           89400 kB
Cached:           780588 kB
MemTotal:        1844596 kB
MemFree:          534532 kB
MemAvailable:    1380728 kB
Buffers:           89400 kB
Cached:           780588 kB
MemTotal:        1844596 kB
MemFree:          530744 kB
MemAvailable:    1376940 kB
Buffers:           89400 kB
Cached:           780588 kB
MemTotal:        1844596 kB
MemFree:          530744 kB
MemAvailable:    1376940 kB
Buffers:           89400 kB
Cached:           780588 kB
MemTotal:        1844596 kB
MemFree:          525968 kB
MemAvailable:    1372164 kB
Buffers:           89400 kB
Cached:           780588 kB
MemTotal:        1844596 kB
MemFree:          522320 kB
MemAvailable:    1368516 kB
Buffers:           89400 kB
Cached:           780588 kB
MemTotal:        1844596 kB
MemFree:          519716 kB
MemAvailable:    1365912 kB
Buffers:           89400 kB
Cached:           780588 kB
MemTotal:        1844596 kB
MemFree:          518600 kB
MemAvailable:    1364796 kB
Buffers:           89400 kB
Cached:           780588 kB
MemTotal:        1844596 kB
MemFree:          519716 kB
MemAvailable:    1365912 kB
Buffers:           89400 kB
Cached:           780588 kB
MemTotal:        1844596 kB
MemFree:          518476 kB
MemAvailable:    1364672 kB
Buffers:           89400 kB
Cached:           780588 kB
MemTotal:        1844596 kB
MemFree:          518228 kB
MemAvailable:    1364424 kB
Buffers:           89400 kB
Cached:           780588 kB
MemTotal:        1844596 kB
MemFree:          518468 kB
MemAvailable:    1364664 kB
Buffers:           89400 kB
Cached:           780588 kB
MemTotal:        1844596 kB
MemFree:          518460 kB
MemAvailable:    1364656 kB
Buffers:           89400 kB
Cached:           780588 kB
MemTotal:        1844596 kB
MemFree:          518052 kB
MemAvailable:    1364248 kB
Buffers:           89400 kB
Cached:           780588 kB
MemTotal:        1844596 kB
MemFree:          518964 kB
MemAvailable:    1365160 kB
Buffers:           89400 kB
Cached:           780588 kB
MemTotal:        1844596 kB
MemFree:          519300 kB
MemAvailable:    1365496 kB
Buffers:           89400 kB
Cached:           780588 kB
MemTotal:        1844596 kB
MemFree:          519172 kB
MemAvailable:    1365368 kB
Buffers:           89400 kB
Cached:           780588 kB
MemTotal:        1844596 kB
MemFree:          519172 kB
MemAvailable:    1365368 kB
Buffers:           89400 kB
Cached:           780588 kB
MemTotal:        1844596 kB
MemFree:          519256 kB
MemAvailable:    1365452 kB
Buffers:           89400 kB
Cached:           780588 kB
MemTotal:        1844596 kB
MemFree:          517932 kB
MemAvailable:    1364128 kB
Buffers:           89400 kB
Cached:           780588 kB
MemTotal:        1844596 kB
MemFree:          518908 kB
MemAvailable:    1365104 kB
Buffers:           89400 kB
Cached:           780588 kB
MemTotal:        1844596 kB
MemFree:          518724 kB
MemAvailable:    1364920 kB
Buffers:           89400 kB
Cached:           780588 kB
MemTotal:        1844596 kB
MemFree:          518780 kB
MemAvailable:    1364976 kB
Buffers:           89400 kB
Cached:           780588 kB
MemTotal:        1844596 kB
MemFree:          518600 kB
MemAvailable:    1364796 kB
Buffers:           89400 kB
Cached:           780588 kB
MemTotal:        1844596 kB
MemFree:          518780 kB
MemAvailable:    1364976 kB
Buffers:           89400 kB
Cached:           780588 kB
MemTotal:        1844596 kB
MemFree:          518476 kB
MemAvailable:    1364672 kB
Buffers:           89400 kB
Cached:           780588 kB
MemTotal:        1844596 kB
MemFree:          518860 kB
MemAvailable:    1365064 kB
Buffers:           89400 kB
Cached:           780596 kB
MemTotal:        1844596 kB
MemFree:          518988 kB
MemAvailable:    1365192 kB
Buffers:           89400 kB
Cached:           780596 kB
MemTotal:        1844596 kB
MemFree:          518104 kB
MemAvailable:    1364308 kB
Buffers:           89400 kB
Cached:           780596 kB
MemTotal:        1844596 kB
MemFree:          519460 kB
MemAvailable:    1365664 kB
Buffers:           89400 kB
Cached:           780596 kB
MemTotal:        1844596 kB
MemFree:          519280 kB
MemAvailable:    1365484 kB
Buffers:           89400 kB
Cached:           780596 kB
MemTotal:        1844596 kB
MemFree:          518460 kB
MemAvailable:    1364664 kB
Buffers:           89400 kB
Cached:           780596 kB
MemTotal:        1844596 kB
MemFree:          518460 kB
MemAvailable:    1364664 kB
Buffers:           89400 kB
Cached:           780596 kB
MemTotal:        1844596 kB
MemFree:          518172 kB
MemAvailable:    1364376 kB
Buffers:           89400 kB
Cached:           780596 kB
MemTotal:        1844596 kB
MemFree:          516924 kB
MemAvailable:    1363128 kB
Buffers:           89400 kB
Cached:           780596 kB
MemTotal:        1844596 kB
MemFree:          509796 kB
MemAvailable:    1356000 kB
Buffers:           89400 kB
Cached:           780596 kB
MemTotal:        1844596 kB
MemFree:          509776 kB
MemAvailable:    1355980 kB
Buffers:           89400 kB
Cached:           780596 kB
MemTotal:        1844596 kB
MemFree:          507936 kB
MemAvailable:    1354140 kB
Buffers:           89400 kB
Cached:           780596 kB
MemTotal:        1844596 kB
MemFree:          508748 kB
MemAvailable:    1354952 kB
Buffers:           89400 kB
Cached:           780596 kB
MemTotal:        1844596 kB
MemFree:          508948 kB
MemAvailable:    1355152 kB
Buffers:           89400 kB
Cached:           780596 kB
MemTotal:        1844596 kB
MemFree:          507512 kB
MemAvailable:    1353716 kB
Buffers:           89400 kB
Cached:           780596 kB
MemTotal:        1844596 kB
MemFree:          507548 kB
MemAvailable:    1353752 kB
Buffers:           89400 kB
Cached:           780596 kB
MemTotal:        1844596 kB
MemFree:          508764 kB
MemAvailable:    1354968 kB
Buffers:           89400 kB
Cached:           780596 kB
MemTotal:        1844596 kB
MemFree:          507520 kB
MemAvailable:    1353724 kB
Buffers:           89400 kB
Cached:           780596 kB
MemTotal:        1844596 kB
MemFree:          508876 kB
MemAvailable:    1355080 kB
Buffers:           89400 kB
Cached:           780596 kB
MemTotal:        1844596 kB
MemFree:          508688 kB
MemAvailable:    1354892 kB
Buffers:           89400 kB
Cached:           780596 kB
MemTotal:        1844596 kB
MemFree:          507688 kB
MemAvailable:    1353892 kB
Buffers:           89400 kB
Cached:           780596 kB
MemTotal:        1844596 kB
MemFree:          508544 kB
MemAvailable:    1354832 kB
Buffers:           89400 kB
Cached:           780720 kB
MemTotal:        1844596 kB
MemFree:          508348 kB
MemAvailable:    1354804 kB
Buffers:           89400 kB
Cached:           780844 kB
MemTotal:        1844596 kB
MemFree:          507040 kB
MemAvailable:    1353496 kB
Buffers:           89400 kB
Cached:           780968 kB
MemTotal:        1844596 kB
MemFree:          508140 kB
MemAvailable:    1354848 kB
Buffers:           89400 kB
Cached:           781092 kB
MemTotal:        1844596 kB
MemFree:          508392 kB
MemAvailable:    1355184 kB
Buffers:           89400 kB
Cached:           781216 kB
MemTotal:        1844596 kB
MemFree:          507884 kB
MemAvailable:    1354760 kB
Buffers:           89400 kB
Cached:           781340 kB
MemTotal:        1844596 kB
MemFree:          507756 kB
MemAvailable:    1354632 kB
Buffers:           89400 kB
Cached:           781340 kB
MemTotal:        1844596 kB
MemFree:          507856 kB
MemAvailable:    1354732 kB
Buffers:           89400 kB
Cached:           781340 kB
MemTotal:        1844596 kB
MemFree:          508108 kB
MemAvailable:    1354984 kB
Buffers:           89400 kB
Cached:           781340 kB
MemTotal:        1844596 kB
MemFree:          506640 kB
MemAvailable:    1353516 kB
Buffers:           89400 kB
Cached:           781340 kB
MemTotal:        1844596 kB
MemFree:          506764 kB
MemAvailable:    1353640 kB
Buffers:           89400 kB
Cached:           781340 kB
MemTotal:        1844596 kB
MemFree:          507864 kB
MemAvailable:    1354740 kB
Buffers:           89400 kB
Cached:           781340 kB
MemTotal:        1844596 kB
MemFree:          508200 kB
MemAvailable:    1355076 kB
Buffers:           89400 kB
Cached:           781340 kB
MemTotal:        1844596 kB
MemFree:          507268 kB
MemAvailable:    1353556 kB
Buffers:           89400 kB
Cached:           780708 kB
MemTotal:        1844596 kB
MemFree:          506392 kB
MemAvailable:    1352680 kB
Buffers:           89400 kB
Cached:           780708 kB
MemTotal:        1844596 kB
MemFree:          584804 kB
MemAvailable:    1431092 kB
Buffers:           89400 kB
Cached:           780708 kB
MemTotal:        1844596 kB
MemFree:          700592 kB
MemAvailable:    1546880 kB
Buffers:           89400 kB
Cached:           780708 kB
