MemTotal:        1844596 kB
MemFree:          261040 kB
MemAvailable:    1546248 kB
Buffers:          104312 kB
Cached:          1196500 kB
MemTotal:        1844596 kB
MemFree:          234720 kB
MemAvailable:    1519932 kB
Buffers:          104312 kB
Cached:          1196504 kB
MemTotal:        1844596 kB
MemFree:          232000 kB
MemAvailable:    1517212 kB
Buffers:          104312 kB
Cached:          1196504 kB
MemTotal:        1844596 kB
MemFree:          232372 kB
MemAvailable:    1517584 kB
Buffers:          104312 kB
Cached:          1196504 kB
MemTotal:        1844596 kB
MemFree:          231612 kB
MemAvailable:    1516824 kB
Buffers:          104312 kB
Cached:          1196504 kB
MemTotal:        1844596 kB
MemFree:          230952 kB
MemAvailable:    1516164 kB
Buffers:          104312 kB
Cached:          1196504 kB
MemTotal:        1844596 kB
MemFree:          228768 kB
MemAvailable:    1513980 kB
Buffers:          104312 kB
Cached:          1196504 kB
MemTotal:        1844596 kB
MemFree:          230132 kB
MemAvailable:    1515344 kB
Buffers:          104312 kB
Cached:          1196504 kB
MemTotal:        1844596 kB
MemFree:          226048 kB
MemAvailable:    1511260 kB
Buffers:          104312 kB
Cached:          1196504 kB
MemTotal:        1844596 kB
MemFree:          224188 kB
MemAvailable:    1509400 kB
Buffers:          104312 kB
Cached:          1196504 kB
MemTotal:        1844596 kB
MemFree:          219592 kB
MemAvailable:    1504804 kB
Buffers:          104312 kB
Cached:          1196504 kB
MemTotal:        1844596 kB
MemFree:          218864 kB
MemAvailable:    1504076 kB
Buffers:          104312 kB
Cached:          1196504 kB
MemTotal:        1844596 kB
MemFree:          221140 kB
MemAvailable:    1506352 kB
Buffers:          104312 kB
Cached:          1196504 kB
MemTotal:        1844596 kB
MemFree:          221148 kB
MemAvailable:    1506360 kB
Buffers:          104312 kB
Cached:          1196504 kB
MemTotal:        1844596 kB
MemFree:          221148 kB
MemAvailable:    1506360 kB
Buffers:          104312 kB
Cached:          1196504 kB
MemTotal:        1844596 kB
MemFree:          220776 kB
MemAvailable:    1505988 kB
Buffers:          104312 kB
Cached:          1196504 kB
MemTotal:        1844596 kB
MemFree:          220592 kB
MemAvailable:    1505804 kB
Buffers:          104312 kB
Cached:          1196504 kB
MemTotal:        1844596 kB
MemFree:          219412 kB
MemAvailable:    1504624 kB
Buffers:          104312 kB
Cached:          1196504 kB
MemTotal:        1844596 kB
MemFree:          219420 kB
MemAvailable:    1504632 kB
Buffers:          104312 kB
Cached:          1196504 kB
MemTotal:        1844596 kB
MemFree:          220396 kB
MemAvailable:    1505608 kB
Buffers:          104312 kB
Cached:          1196504 kB
MemTotal:        1844596 kB
MemFree:          220564 kB
MemAvailable:    1505776 kB
Buffers:          104312 kB
Cached:          1196504 kB
MemTotal:        1844596 kB
MemFree:          220460 kB
MemAvailable:    1505672 kB
Buffers:          104312 kB
Cached:          1196504 kB
MemTotal:        1844596 kB
MemFree:          219476 kB
MemAvailable:    1504688 kB
Buffers:          104312 kB
Cached:          1196504 kB
MemTotal:        1844596 kB
MemFree:          220328 kB
MemAvailable:    1505540 kB
Buffers:          104312 kB
Cached:          1196504 kB
MemTotal:        1844596 kB
MemFree:          220412 kB
MemAvailable:    1505624 kB
Buffers:          104312 kB
Cached:          1196504 kB
MemTotal:        1844596 kB
MemFree:          218732 kB
MemAvailable:    1503944 kB
Buffers:          104312 kB
Cached:          1196504 kB
MemTotal:        1844596 kB
MemFree:          218608 kB
MemAvailable:    1503820 kB
Buffers:          104312 kB
Cached:          1196504 kB
MemTotal:        1844596 kB
MemFree:          218228 kB
MemAvailable:    1503440 kB
Buffers:          104312 kB
Cached:          1196504 kB
MemTotal:        1844596 kB
MemFree:          219212 kB
MemAvailable:    1504424 kB
Buffers:          104312 kB
Cached:          1196504 kB
MemTotal:        1844596 kB
MemFree:          219212 kB
MemAvailable:    1504424 kB
Buffers:          104312 kB
Cached:          1196504 kB
MemTotal:        1844596 kB
MemFree:          218668 kB
MemAvailable:    1503880 kB
Buffers:          104312 kB
Cached:          1196504 kB
MemTotal:        1844596 kB
MemFree:          218484 kB
MemAvailable:    1503696 kB
Buffers:          104312 kB
Cached:          1196504 kB
MemTotal:        1844596 kB
MemFree:          218476 kB
MemAvailable:    1503688 kB
Buffers:          104312 kB
Cached:          1196504 kB
MemTotal:        1844596 kB
MemFree:          216872 kB
MemAvailable:    1502084 kB
Buffers:          104312 kB
Cached:          1196504 kB
MemTotal:        1844596 kB
MemFree:          216872 kB
MemAvailable:    1502084 kB
Buffers:          104312 kB
Cached:          1196504 kB
MemTotal:        1844596 kB
MemFree:          217976 kB
MemAvailable:    1503188 kB
Buffers:          104312 kB
Cached:          1196504 kB
MemTotal:        1844596 kB
MemFree:          218276 kB
MemAvailable:    1503488 kB
Buffers:          104312 kB
Cached:          1196504 kB
MemTotal:        1844596 kB
MemFree:          218220 kB
MemAvailable:    1503432 kB
Buffers:          104312 kB
Cached:          1196504 kB
MemTotal:        1844596 kB
MemFree:          216676 kB
MemAvailable:    1501888 kB
Buffers:          104312 kB
Cached:          1196504 kB
MemTotal:        1844596 kB
MemFree:          218208 kB
MemAvailable:    1503420 kB
Buffers:          104312 kB
Cached:          1196504 kB
MemTotal:        1844596 kB
MemFree:          216236 kB
MemAvailable:    1501448 kB
Buffers:          104312 kB
Cached:          1196504 kB
MemTotal:        1844596 kB
MemFree:          216320 kB
MemAvailable:    1501532 kB
Buffers:          104312 kB
Cached:          1196504 kB
MemTotal:        1844596 kB
MemFree:          212160 kB
MemAvailable:    1497372 kB
Buffers:          104312 kB
Cached:          1196504 kB
MemTotal:        1844596 kB
MemFree:          212904 kB
MemAvailable:    1498116 kB
Buffers:          104312 kB
Cached:          1196504 kB
MemTotal:        1844596 kB
MemFree:          211664 kB
MemAvailable:    1496876 kB
Buffers:          104312 kB
Cached:          1196504 kB
MemTotal:        1844596 kB
MemFree:          212656 kB
MemAvailable:    1497868 kB
Buffers:          104312 kB
Cached:          1196504 kB
MemTotal:        1844596 kB
MemFree:          211400 kB
MemAvailable:    1496612 kB
Buffers:          104312 kB
Cached:          1196504 kB
MemTotal:        1844596 kB
MemFree:          211268 kB
MemAvailable:    1496480 kB
Buffers:          104312 kB
Cached:          1196504 kB
MemTotal:        1844596 kB
MemFree:          212376 kB
MemAvailable:    1497588 kB
Buffers:          104312 kB
Cached:          1196504 kB
MemTotal:        1844596 kB
MemFree:          212168 kB
MemAvailable:    1497380 kB
Buffers:          104312 kB
Cached:          1196504 kB
MemTotal:        1844596 kB
MemFree:          211160 kB
MemAvailable:    1496372 kB
Buffers:          104312 kB
Cached:          1196504 kB
MemTotal:        1844596 kB
MemFree:          211160 kB
MemAvailable:    1496372 kB
Buffers:          104312 kB
Cached:          1196504 kB
MemTotal:        1844596 kB
MemFree:          212384 kB
MemAvailable:    1497596 kB
Buffers:          104312 kB
Cached:          1196504 kB
MemTotal:        1844596 kB
MemFree:          210988 kB
MemAvailable:    1496200 kB
Buffers:          104312 kB
Cached:          1196504 kB
MemTotal:        1844596 kB
MemFree:          210980 kB
MemAvailable:    1496192 kB
Buffers:          104312 kB
Cached:          1196504 kB
MemTotal:        1844596 kB
MemFree:          211024 kB
MemAvailable:    1496236 kB
Buffers:          104312 kB
Cached:          1196504 kB
MemTotal:        1844596 kB
MemFree:          212428 kB
MemAvailable:    1497640 kB
Buffers:          104312 kB
Cached:          1196504 kB
MemTotal:        1844596 kB
MemFree:          211168 kB
MemAvailable:    1496380 kB
Buffers:          104312 kB
Cached:          1196504 kB
MemTotal:        1844596 kB
MemFree:          205464 kB
MemAvailable:    1490676 kB
Buffers:          104312 kB
Cached:          1196504 kB
MemTotal:        1844596 kB
MemFree:          206392 kB
MemAvailable:    1491604 kB
Buffers:          104312 kB
Cached:          1196504 kB
MemTotal:        1844596 kB
MemFree:          204844 kB
MemAvailable:    1490056 kB
Buffers:          104312 kB
Cached:          1196504 kB
MemTotal:        1844596 kB
MemFree:          204588 kB
MemAvailable:    1489800 kB
Buffers:          104312 kB
Cached:          1196504 kB
MemTotal:        1844596 kB
MemFree:          204588 kB
MemAvailable:    1489800 kB
Buffers:          104312 kB
Cached:          1196504 kB
MemTotal:        1844596 kB
MemFree:          202976 kB
MemAvailable:    1488188 kB
Buffers:          104312 kB
Cached:          1196504 kB
MemTotal:        1844596 kB
MemFree:          202612 kB
MemAvailable:    1487824 kB
Buffers:          104312 kB
Cached:          1196504 kB
MemTotal:        1844596 kB
MemFree:          203720 kB
MemAvailable:    1488932 kB
Buffers:          104312 kB
Cached:          1196504 kB
MemTotal:        1844596 kB
MemFree:          202612 kB
MemAvailable:    1487824 kB
Buffers:          104312 kB
Cached:          1196504 kB
MemTotal:        1844596 kB
MemFree:          203424 kB
MemAvailable:    1488636 kB
Buffers:          104312 kB
Cached:          1196504 kB
MemTotal:        1844596 kB
MemFree:          203432 kB
MemAvailable:    1488652 kB
Buffers:          104312 kB
Cached:          1196512 kB
MemTotal:        1844596 kB
MemFree:          203444 kB
MemAvailable:    1488664 kB
Buffers:          104312 kB
Cached:          1196512 kB
MemTotal:        1844596 kB
MemFree:          203612 kB
MemAvailable:    1488832 kB
Buffers:          104312 kB
Cached:          1196512 kB
MemTotal:        1844596 kB
MemFree:          203240 kB
MemAvailable:    1488460 kB
Buffers:          104312 kB
Cached:          1196512 kB
MemTotal:        1844596 kB
MemFree:          203316 kB
MemAvailable:    1488536 kB
Buffers:          104312 kB
Cached:          1196512 kB
MemTotal:        1844596 kB
MemFree:          203572 kB
MemAvailable:    1488792 kB
Buffers:          104312 kB
Cached:          1196512 kB
MemTotal:        1844596 kB
MemFree:          201936 kB
MemAvailable:    1487156 kB
Buffers:          104312 kB
Cached:          1196512 kB
MemTotal:        1844596 kB
MemFree:          202200 kB
MemAvailable:    1487420 kB
Buffers:          104312 kB
Cached:          1196512 kB
MemTotal:        1844596 kB
MemFree:          202200 kB
MemAvailable:    1487420 kB
Buffers:          104312 kB
Cached:          1196512 kB
MemTotal:        1844596 kB
MemFree:          203176 kB
MemAvailable:    1488396 kB
Buffers:          104312 kB
Cached:          1196512 kB
MemTotal:        1844596 kB
MemFree:          203000 kB
MemAvailable:    1488220 kB
Buffers:          104312 kB
Cached:          1196512 kB
MemTotal:        1844596 kB
MemFree:          203172 kB
MemAvailable:    1488392 kB
Buffers:          104312 kB
Cached:          1196512 kB
MemTotal:        1844596 kB
MemFree:          201808 kB
MemAvailable:    1487028 kB
Buffers:          104312 kB
Cached:          1196512 kB
MemTotal:        1844596 kB
MemFree:          201860 kB
MemAvailable:    1487080 kB
Buffers:          104312 kB
Cached:          1196512 kB
MemTotal:        1844596 kB
MemFree:          203100 kB
MemAvailable:    1488320 kB
Buffers:          104312 kB
Cached:          1196512 kB
MemTotal:        1844596 kB
MemFree:          201076 kB
MemAvailable:    1486296 kB
Buffers:          104312 kB
Cached:          1196512 kB
MemTotal:        1844596 kB
MemFree:          198100 kB
MemAvailable:    1483320 kB
Buffers:          104312 kB
Cached:          1196512 kB
MemTotal:        1844596 kB
MemFree:          195312 kB
MemAvailable:    1480532 kB
Buffers:          104312 kB
Cached:          1196512 kB
MemTotal:        1844596 kB
MemFree:          193692 kB
MemAvailable:    1478912 kB
Buffers:          104312 kB
Cached:          1196512 kB
MemTotal:        1844596 kB
MemFree:          193684 kB
MemAvailable:    1478904 kB
Buffers:          104312 kB
Cached:          1196512 kB
MemTotal:        1844596 kB
MemFree:          193560 kB
MemAvailable:    1478780 kB
Buffers:          104312 kB
Cached:          1196512 kB
MemTotal:        1844596 kB
MemFree:          193808 kB
MemAvailable:    1479028 kB
Buffers:          104312 kB
Cached:          1196512 kB
MemTotal:        1844596 kB
MemFree:          193320 kB
MemAvailable:    1478540 kB
Buffers:          104312 kB
Cached:          1196512 kB
MemTotal:        1844596 kB
MemFree:          193156 kB
MemAvailable:    1478376 kB
Buffers:          104312 kB
Cached:          1196512 kB
MemTotal:        1844596 kB
MemFree:          194452 kB
MemAvailable:    1479672 kB
Buffers:          104312 kB
Cached:          1196512 kB
MemTotal:        1844596 kB
MemFree:          194320 kB
MemAvailable:    1479540 kB
Buffers:          104312 kB
Cached:          1196512 kB
MemTotal:        1844596 kB
MemFree:          193188 kB
MemAvailable:    1478408 kB
Buffers:          104312 kB
Cached:          1196512 kB
MemTotal:        1844596 kB
MemFree:          193436 kB
MemAvailable:    1478656 kB
Buffers:          104312 kB
Cached:          1196512 kB
MemTotal:        1844596 kB
MemFree:          194488 kB
MemAvailable:    1479708 kB
Buffers:          104312 kB
Cached:          1196512 kB
MemTotal:        1844596 kB
MemFree:          194232 kB
MemAvailable:    1479452 kB
Buffers:          104312 kB
Cached:          1196512 kB
MemTotal:        1844596 kB
MemFree:          194416 kB
MemAvailable:    1479636 kB
Buffers:          104312 kB
Cached:          1196512 kB
MemTotal:        1844596 kB
MemFree:          194328 kB
MemAvailable:    1479548 kB
Buffers:          104312 kB
Cached:          1196512 kB
MemTotal:        1844596 kB
MemFree:          194628 kB
MemAvailable:    1479848 kB
Buffers:          104312 kB
Cached:          1196512 kB
MemTotal:        1844596 kB
MemFree:          194520 kB
MemAvailable:    1479740 kB
Buffers:          104312 kB
Cached:          1196512 kB
MemTotal:        1844596 kB
MemFree:          194072 kB
MemAvailable:    1479292 kB
Buffers:          104312 kB
Cached:          1196512 kB
MemTotal:        1844596 kB
MemFree:          194484 kB
MemAvailable:    1479704 kB
Buffers:          104312 kB
Cached:          1196512 kB
MemTotal:        1844596 kB
MemFree:          194508 kB
MemAvailable:    1479728 kB
Buffers:          104312 kB
Cached:          1196512 kB
MemTotal:        1844596 kB
MemFree:          194668 kB
MemAvailable:    1479888 kB
Buffers:          104312 kB
Cached:          1196512 kB
MemTotal:        1844596 kB
MemFree:          193048 kB
MemAvailable:    1478268 kB
Buffers:          104312 kB
Cached:          1196512 kB
MemTotal:        1844596 kB
MemFree:          194480 kB
MemAvailable:    1479700 kB
Buffers:          104312 kB
Cached:          1196512 kB
MemTotal:        1844596 kB
MemFree:          194428 kB
MemAvailable:    1479648 kB
Buffers:          104312 kB
Cached:          1196512 kB
MemTotal:        1844596 kB
MemFree:          194444 kB
MemAvailable:    1479664 kB
Buffers:          104312 kB
Cached:          1196512 kB
MemTotal:        1844596 kB
MemFree:          194316 kB
MemAvailable:    1479536 kB
Buffers:          104312 kB
Cached:          1196512 kB
MemTotal:        1844596 kB
MemFree:          194424 kB
MemAvailable:    1479644 kB
Buffers:          104312 kB
Cached:          1196512 kB
MemTotal:        1844596 kB
MemFree:          194676 kB
MemAvailable:    1479896 kB
Buffers:          104312 kB
Cached:          1196512 kB
MemTotal:        1844596 kB
MemFree:          193196 kB
MemAvailable:    1478416 kB
Buffers:          104312 kB
Cached:          1196512 kB
MemTotal:        1844596 kB
MemFree:          193196 kB
MemAvailable:    1478416 kB
Buffers:          104312 kB
Cached:          1196512 kB
MemTotal:        1844596 kB
MemFree:          193320 kB
MemAvailable:    1478540 kB
Buffers:          104312 kB
Cached:          1196512 kB
MemTotal:        1844596 kB
MemFree:          193196 kB
MemAvailable:    1478416 kB
Buffers:          104312 kB
Cached:          1196512 kB
MemTotal:        1844596 kB
MemFree:          193444 kB
MemAvailable:    1478664 kB
Buffers:          104312 kB
Cached:          1196512 kB
MemTotal:        1844596 kB
MemFree:          194488 kB
MemAvailable:    1479708 kB
Buffers:          104312 kB
Cached:          1196512 kB
MemTotal:        1844596 kB
MemFree:          194448 kB
MemAvailable:    1479668 kB
Buffers:          104312 kB
Cached:          1196512 kB
MemTotal:        1844596 kB
MemFree:          193452 kB
MemAvailable:    1478672 kB
Buffers:          104312 kB
Cached:          1196512 kB
MemTotal:        1844596 kB
MemFree:          189592 kB
MemAvailable:    1474812 kB
Buffers:          104312 kB
Cached:          1196512 kB
MemTotal:        1844596 kB
MemFree:          189484 kB
MemAvailable:    1474704 kB
Buffers:          104312 kB
Cached:          1196512 kB
MemTotal:        1844596 kB
MemFree:          185764 kB
MemAvailable:    1470984 kB
Buffers:          104312 kB
Cached:          1196512 kB
MemTotal:        1844596 kB
MemFree:          183964 kB
MemAvailable:    1469184 kB
Buffers:          104312 kB
Cached:          1196512 kB
MemTotal:        1844596 kB
MemFree:          182540 kB
MemAvailable:    1467760 kB
Buffers:          104312 kB
Cached:          1196512 kB
MemTotal:        1844596 kB
MemFree:          183648 kB
MemAvailable:    1468868 kB
Buffers:          104312 kB
Cached:          1196512 kB
MemTotal:        1844596 kB
MemFree:          183900 kB
MemAvailable:    1469120 kB
Buffers:          104312 kB
Cached:          1196512 kB
MemTotal:        1844596 kB
MemFree:          183608 kB
MemAvailable:    1468828 kB
Buffers:          104312 kB
Cached:          1196512 kB
MemTotal:        1844596 kB
MemFree:          183832 kB
MemAvailable:    1469052 kB
Buffers:          104312 kB
Cached:          1196512 kB
MemTotal:        1844596 kB
MemFree:          183720 kB
MemAvailable:    1468940 kB
Buffers:          104312 kB
Cached:          1196512 kB
MemTotal:        1844596 kB
MemFree:          183524 kB
MemAvailable:    1468744 kB
Buffers:          104312 kB
Cached:          1196512 kB
MemTotal:        1844596 kB
MemFree:          183860 kB
MemAvailable:    1469080 kB
Buffers:          104312 kB
Cached:          1196512 kB
MemTotal:        1844596 kB
MemFree:          183544 kB
MemAvailable:    1468764 kB
Buffers:          104312 kB
Cached:          1196512 kB
MemTotal:        1844596 kB
MemFree:          182356 kB
MemAvailable:    1467576 kB
Buffers:          104312 kB
Cached:          1196512 kB
MemTotal:        1844596 kB
MemFree:          183376 kB
MemAvailable:    1468596 kB
Buffers:          104312 kB
Cached:          1196512 kB
MemTotal:        1844596 kB
MemFree:          183596 kB
MemAvailable:    1468816 kB
Buffers:          104312 kB
Cached:          1196512 kB
MemTotal:        1844596 kB
MemFree:          182236 kB
MemAvailable:    1467456 kB
Buffers:          104312 kB
Cached:          1196512 kB
MemTotal:        1844596 kB
MemFree:          183392 kB
MemAvailable:    1468612 kB
Buffers:          104312 kB
Cached:          1196512 kB
MemTotal:        1844596 kB
MemFree:          183728 kB
MemAvailable:    1468948 kB
Buffers:          104312 kB
Cached:          1196512 kB
MemTotal:        1844596 kB
MemFree:          183552 kB
MemAvailable:    1468780 kB
Buffers:          104312 kB
Cached:          1196520 kB
MemTotal:        1844596 kB
MemFree:          183392 kB
MemAvailable:    1468620 kB
Buffers:          104312 kB
Cached:          1196520 kB
MemTotal:        1844596 kB
MemFree:          183728 kB
MemAvailable:    1468956 kB
Buffers:          104312 kB
Cached:          1196520 kB
MemTotal:        1844596 kB
MemFree:          183524 kB
MemAvailable:    1468752 kB
Buffers:          104312 kB
Cached:          1196520 kB
MemTotal:        1844596 kB
MemFree:          183776 kB
MemAvailable:    1469004 kB
Buffers:          104312 kB
Cached:          1196520 kB
MemTotal:        1844596 kB
MemFree:          183484 kB
MemAvailable:    1468712 kB
Buffers:          104312 kB
Cached:          1196520 kB
MemTotal:        1844596 kB
MemFree:          182140 kB
MemAvailable:    1467368 kB
Buffers:          104312 kB
Cached:          1196520 kB
MemTotal:        1844596 kB
MemFree:          183580 kB
MemAvailable:    1468808 kB
Buffers:          104312 kB
Cached:          1196520 kB
MemTotal:        1844596 kB
MemFree:          182404 kB
MemAvailable:    1467632 kB
Buffers:          104312 kB
Cached:          1196520 kB
MemTotal:        1844596 kB
MemFree:          183596 kB
MemAvailable:    1468824 kB
Buffers:          104312 kB
Cached:          1196520 kB
MemTotal:        1844596 kB
MemFree:          183764 kB
MemAvailable:    1468992 kB
Buffers:          104312 kB
Cached:          1196520 kB
MemTotal:        1844596 kB
MemFree:          183536 kB
MemAvailable:    1468764 kB
Buffers:          104312 kB
Cached:          1196520 kB
MemTotal:        1844596 kB
MemFree:          183472 kB
MemAvailable:    1468700 kB
Buffers:          104312 kB
Cached:          1196520 kB
MemTotal:        1844596 kB
MemFree:          183724 kB
MemAvailable:    1468952 kB
Buffers:          104312 kB
Cached:          1196520 kB
MemTotal:        1844596 kB
MemFree:          182244 kB
MemAvailable:    1467472 kB
Buffers:          104312 kB
Cached:          1196520 kB
MemTotal:        1844596 kB
MemFree:          183652 kB
MemAvailable:    1468880 kB
Buffers:          104312 kB
Cached:          1196520 kB
MemTotal:        1844596 kB
MemFree:          182912 kB
MemAvailable:    1468140 kB
Buffers:          104312 kB
Cached:          1196520 kB
MemTotal:        1844596 kB
MemFree:          184208 kB
MemAvailable:    1469440 kB
Buffers:          104312 kB
Cached:          1196524 kB
MemTotal:        1844596 kB
MemFree:          182400 kB
MemAvailable:    1467632 kB
Buffers:          104312 kB
Cached:          1196524 kB
MemTotal:        1844596 kB
MemFree:          183832 kB
MemAvailable:    1469064 kB
Buffers:          104312 kB
Cached:          1196524 kB
MemTotal:        1844596 kB
MemFree:          182664 kB
MemAvailable:    1467896 kB
Buffers:          104312 kB
Cached:          1196524 kB
MemTotal:        1844596 kB
MemFree:          183472 kB
MemAvailable:    1468704 kB
Buffers:          104312 kB
Cached:          1196524 kB
MemTotal:        1844596 kB
MemFree:          183728 kB
MemAvailable:    1468960 kB
Buffers:          104312 kB
Cached:          1196524 kB
MemTotal:        1844596 kB
MemFree:          183576 kB
MemAvailable:    1468808 kB
Buffers:          104312 kB
Cached:          1196524 kB
MemTotal:        1844596 kB
MemFree:          183504 kB
MemAvailable:    1468736 kB
Buffers:          104312 kB
Cached:          1196524 kB
MemTotal:        1844596 kB
MemFree:          183756 kB
MemAvailable:    1468988 kB
Buffers:          104312 kB
Cached:          1196524 kB
MemTotal:        1844596 kB
MemFree:          182160 kB
MemAvailable:    1467392 kB
Buffers:          104312 kB
Cached:          1196524 kB
MemTotal:        1844596 kB
MemFree:          182284 kB
MemAvailable:    1467516 kB
Buffers:          104312 kB
Cached:          1196524 kB
MemTotal:        1844596 kB
MemFree:          183584 kB
MemAvailable:    1468816 kB
Buffers:          104312 kB
Cached:          1196524 kB
MemTotal:        1844596 kB
MemFree:          182408 kB
MemAvailable:    1467640 kB
Buffers:          104312 kB
Cached:          1196524 kB
MemTotal:        1844596 kB
MemFree:          182408 kB
MemAvailable:    1467640 kB
Buffers:          104312 kB
Cached:          1196524 kB
MemTotal:        1844596 kB
MemFree:          183468 kB
MemAvailable:    1468700 kB
Buffers:          104312 kB
Cached:          1196524 kB
MemTotal:        1844596 kB
MemFree:          183036 kB
MemAvailable:    1468268 kB
Buffers:          104312 kB
Cached:          1196524 kB
MemTotal:        1844596 kB
MemFree:          181672 kB
MemAvailable:    1466904 kB
Buffers:          104312 kB
Cached:          1196524 kB
MemTotal:        1844596 kB
MemFree:          181672 kB
MemAvailable:    1466904 kB
Buffers:          104312 kB
Cached:          1196524 kB
MemTotal:        1844596 kB
MemFree:          181672 kB
MemAvailable:    1466904 kB
Buffers:          104312 kB
Cached:          1196524 kB
MemTotal:        1844596 kB
MemFree:          181540 kB
MemAvailable:    1466772 kB
Buffers:          104312 kB
Cached:          1196524 kB
MemTotal:        1844596 kB
MemFree:          182460 kB
MemAvailable:    1467692 kB
Buffers:          104312 kB
Cached:          1196524 kB
MemTotal:        1844596 kB
MemFree:          181152 kB
MemAvailable:    1466384 kB
Buffers:          104312 kB
Cached:          1196524 kB
MemTotal:        1844596 kB
MemFree:          182220 kB
MemAvailable:    1467452 kB
Buffers:          104312 kB
Cached:          1196524 kB
MemTotal:        1844596 kB
MemFree:          182220 kB
MemAvailable:    1467452 kB
Buffers:          104312 kB
Cached:          1196524 kB
MemTotal:        1844596 kB
MemFree:          181004 kB
MemAvailable:    1466236 kB
Buffers:          104312 kB
Cached:          1196524 kB
MemTotal:        1844596 kB
MemFree:          182244 kB
MemAvailable:    1467476 kB
Buffers:          104312 kB
Cached:          1196524 kB
MemTotal:        1844596 kB
MemFree:          181176 kB
MemAvailable:    1466408 kB
Buffers:          104312 kB
Cached:          1196524 kB
MemTotal:        1844596 kB
MemFree:          180752 kB
MemAvailable:    1465984 kB
Buffers:          104312 kB
Cached:          1196524 kB
MemTotal:        1844596 kB
MemFree:          182076 kB
MemAvailable:    1467308 kB
Buffers:          104312 kB
Cached:          1196524 kB
MemTotal:        1844596 kB
MemFree:          181984 kB
MemAvailable:    1467216 kB
Buffers:          104312 kB
Cached:          1196524 kB
MemTotal:        1844596 kB
MemFree:          181848 kB
MemAvailable:    1467080 kB
Buffers:          104312 kB
Cached:          1196524 kB
MemTotal:        1844596 kB
MemFree:          182100 kB
MemAvailable:    1467332 kB
Buffers:          104312 kB
Cached:          1196524 kB
MemTotal:        1844596 kB
MemFree:          180792 kB
MemAvailable:    1466024 kB
Buffers:          104312 kB
Cached:          1196524 kB
MemTotal:        1844596 kB
MemFree:          180792 kB
MemAvailable:    1466024 kB
Buffers:          104312 kB
Cached:          1196524 kB
MemTotal:        1844596 kB
MemFree:          180916 kB
MemAvailable:    1466148 kB
Buffers:          104312 kB
Cached:          1196524 kB
MemTotal:        1844596 kB
MemFree:          181984 kB
MemAvailable:    1467216 kB
Buffers:          104312 kB
Cached:          1196524 kB
MemTotal:        1844596 kB
MemFree:          182140 kB
MemAvailable:    1467372 kB
Buffers:          104312 kB
Cached:          1196524 kB
MemTotal:        1844596 kB
MemFree:          180660 kB
MemAvailable:    1465892 kB
Buffers:          104312 kB
Cached:          1196524 kB
MemTotal:        1844596 kB
MemFree:          182108 kB
MemAvailable:    1467340 kB
Buffers:          104312 kB
Cached:          1196524 kB
MemTotal:        1844596 kB
MemFree:          181548 kB
MemAvailable:    1466780 kB
Buffers:          104312 kB
Cached:          1196524 kB
MemTotal:        1844596 kB
MemFree:          178696 kB
MemAvailable:    1463928 kB
Buffers:          104312 kB
Cached:          1196524 kB
MemTotal:        1844596 kB
MemFree:          174588 kB
MemAvailable:    1459820 kB
Buffers:          104312 kB
Cached:          1196524 kB
MemTotal:        1844596 kB
MemFree:          174672 kB
MemAvailable:    1459904 kB
Buffers:          104312 kB
Cached:          1196524 kB
MemTotal:        1844596 kB
MemFree:          171132 kB
MemAvailable:    1456364 kB
Buffers:          104312 kB
Cached:          1196524 kB
MemTotal:        1844596 kB
MemFree:          169760 kB
MemAvailable:    1454992 kB
Buffers:          104312 kB
Cached:          1196524 kB
MemTotal:        1844596 kB
MemFree:          170564 kB
MemAvailable:    1455796 kB
Buffers:          104312 kB
Cached:          1196524 kB
MemTotal:        1844596 kB
MemFree:          170560 kB
MemAvailable:    1455792 kB
Buffers:          104312 kB
Cached:          1196524 kB
MemTotal:        1844596 kB
MemFree:          169000 kB
MemAvailable:    1454232 kB
Buffers:          104312 kB
Cached:          1196524 kB
MemTotal:        1844596 kB
MemFree:          168736 kB
MemAvailable:    1453968 kB
Buffers:          104312 kB
Cached:          1196524 kB
MemTotal:        1844596 kB
MemFree:          169380 kB
MemAvailable:    1454612 kB
Buffers:          104312 kB
Cached:          1196524 kB
MemTotal:        1844596 kB
MemFree:          169716 kB
MemAvailable:    1454948 kB
Buffers:          104312 kB
Cached:          1196524 kB
MemTotal:        1844596 kB
MemFree:          167288 kB
MemAvailable:    1452520 kB
Buffers:          104312 kB
Cached:          1196524 kB
MemTotal:        1844596 kB
MemFree:          167972 kB
MemAvailable:    1453204 kB
Buffers:          104312 kB
Cached:          1196524 kB
MemTotal:        1844596 kB
MemFree:          167528 kB
MemAvailable:    1452760 kB
Buffers:          104312 kB
Cached:          1196524 kB
MemTotal:        1844596 kB
MemFree:          166704 kB
MemAvailable:    1451936 kB
Buffers:          104312 kB
Cached:          1196524 kB
MemTotal:        1844596 kB
MemFree:          166304 kB
MemAvailable:    1451536 kB
Buffers:          104312 kB
Cached:          1196524 kB
MemTotal:        1844596 kB
MemFree:          166828 kB
MemAvailable:    1452064 kB
Buffers:          104312 kB
Cached:          1196528 kB
MemTotal:        1844596 kB
MemFree:          166040 kB
MemAvailable:    1451276 kB
Buffers:          104312 kB
Cached:          1196528 kB
MemTotal:        1844596 kB
MemFree:          166776 kB
MemAvailable:    1452016 kB
Buffers:          104312 kB
Cached:          1196532 kB
MemTotal:        1844596 kB
MemFree:          166668 kB
MemAvailable:    1451908 kB
Buffers:          104312 kB
Cached:          1196532 kB
MemTotal:        1844596 kB
MemFree:          166832 kB
MemAvailable:    1452072 kB
Buffers:          104312 kB
Cached:          1196532 kB
MemTotal:        1844596 kB
MemFree:          166960 kB
MemAvailable:    1452200 kB
Buffers:          104312 kB
Cached:          1196532 kB
MemTotal:        1844596 kB
MemFree:          166056 kB
MemAvailable:    1451296 kB
Buffers:          104312 kB
Cached:          1196532 kB
MemTotal:        1844596 kB
MemFree:          166820 kB
MemAvailable:    1452060 kB
Buffers:          104312 kB
Cached:          1196532 kB
MemTotal:        1844596 kB
MemFree:          166668 kB
MemAvailable:    1451908 kB
Buffers:          104312 kB
Cached:          1196532 kB
MemTotal:        1844596 kB
MemFree:          166704 kB
MemAvailable:    1451944 kB
Buffers:          104312 kB
Cached:          1196532 kB
MemTotal:        1844596 kB
MemFree:          165536 kB
MemAvailable:    1450776 kB
Buffers:          104312 kB
Cached:          1196532 kB
MemTotal:        1844596 kB
MemFree:          165660 kB
MemAvailable:    1450900 kB
Buffers:          104312 kB
Cached:          1196532 kB
MemTotal:        1844596 kB
MemFree:          166156 kB
MemAvailable:    1451396 kB
Buffers:          104312 kB
Cached:          1196532 kB
MemTotal:        1844596 kB
MemFree:          166156 kB
MemAvailable:    1451396 kB
Buffers:          104312 kB
Cached:          1196532 kB
MemTotal:        1844596 kB
MemFree:          164628 kB
MemAvailable:    1449868 kB
Buffers:          104312 kB
Cached:          1196532 kB
MemTotal:        1844596 kB
MemFree:          165056 kB
MemAvailable:    1450296 kB
Buffers:          104312 kB
Cached:          1196532 kB
MemTotal:        1844596 kB
MemFree:          164312 kB
MemAvailable:    1449552 kB
Buffers:          104312 kB
Cached:          1196532 kB
MemTotal:        1844596 kB
MemFree:          164616 kB
MemAvailable:    1449856 kB
Buffers:          104312 kB
Cached:          1196532 kB
MemTotal:        1844596 kB
MemFree:          164868 kB
MemAvailable:    1450108 kB
Buffers:          104312 kB
Cached:          1196532 kB
MemTotal:        1844596 kB
MemFree:          164312 kB
MemAvailable:    1449552 kB
Buffers:          104312 kB
Cached:          1196532 kB
MemTotal:        1844596 kB
MemFree:          163196 kB
MemAvailable:    1448436 kB
Buffers:          104312 kB
Cached:          1196532 kB
MemTotal:        1844596 kB
MemFree:          163552 kB
MemAvailable:    1448792 kB
Buffers:          104312 kB
Cached:          1196532 kB
MemTotal:        1844596 kB
MemFree:          163072 kB
MemAvailable:    1448312 kB
Buffers:          104312 kB
Cached:          1196532 kB
MemTotal:        1844596 kB
MemFree:          163264 kB
MemAvailable:    1448504 kB
Buffers:          104312 kB
Cached:          1196532 kB
MemTotal:        1844596 kB
MemFree:          163384 kB
MemAvailable:    1448624 kB
Buffers:          104312 kB
Cached:          1196532 kB
MemTotal:        1844596 kB
MemFree:          162576 kB
MemAvailable:    1447816 kB
Buffers:          104312 kB
Cached:          1196532 kB
MemTotal:        1844596 kB
MemFree:          162816 kB
MemAvailable:    1448060 kB
Buffers:          104312 kB
Cached:          1196536 kB
MemTotal:        1844596 kB
MemFree:          162584 kB
MemAvailable:    1447704 kB
Buffers:          104312 kB
Cached:          1196536 kB
MemTotal:        1844596 kB
MemFree:          162568 kB
MemAvailable:    1447812 kB
Buffers:          104312 kB
Cached:          1196536 kB
MemTotal:        1844596 kB
MemFree:          161452 kB
MemAvailable:    1446696 kB
Buffers:          104312 kB
Cached:          1196536 kB
MemTotal:        1844596 kB
MemFree:          161452 kB
MemAvailable:    1446696 kB
Buffers:          104312 kB
Cached:          1196536 kB
MemTotal:        1844596 kB
MemFree:          161700 kB
MemAvailable:    1446944 kB
Buffers:          104312 kB
Cached:          1196536 kB
MemTotal:        1844596 kB
MemFree:          161576 kB
MemAvailable:    1446820 kB
Buffers:          104312 kB
Cached:          1196536 kB
MemTotal:        1844596 kB
MemFree:          161576 kB
MemAvailable:    1446820 kB
Buffers:          104312 kB
Cached:          1196536 kB
MemTotal:        1844596 kB
MemFree:          162704 kB
MemAvailable:    1447948 kB
Buffers:          104312 kB
Cached:          1196536 kB
MemTotal:        1844596 kB
MemFree:          161300 kB
MemAvailable:    1446544 kB
Buffers:          104312 kB
Cached:          1196536 kB
MemTotal:        1844596 kB
MemFree:          161308 kB
MemAvailable:    1446552 kB
Buffers:          104312 kB
Cached:          1196536 kB
MemTotal:        1844596 kB
MemFree:          162484 kB
MemAvailable:    1447728 kB
Buffers:          104312 kB
Cached:          1196536 kB
MemTotal:        1844596 kB
MemFree:          161176 kB
MemAvailable:    1446420 kB
Buffers:          104312 kB
Cached:          1196536 kB
MemTotal:        1844596 kB
MemFree:          161172 kB
MemAvailable:    1446416 kB
Buffers:          104312 kB
Cached:          1196536 kB
MemTotal:        1844596 kB
MemFree:          162356 kB
MemAvailable:    1447600 kB
Buffers:          104312 kB
Cached:          1196536 kB
MemTotal:        1844596 kB
MemFree:          162576 kB
MemAvailable:    1447820 kB
Buffers:          104312 kB
Cached:          1196536 kB
MemTotal:        1844596 kB
MemFree:          162492 kB
MemAvailable:    1447736 kB
Buffers:          104312 kB
Cached:          1196536 kB
MemTotal:        1844596 kB
MemFree:          161716 kB
MemAvailable:    1446960 kB
Buffers:          104312 kB
Cached:          1196536 kB
MemTotal:        1844596 kB
MemFree:          162444 kB
MemAvailable:    1447688 kB
Buffers:          104312 kB
Cached:          1196536 kB
MemTotal:        1844596 kB
MemFree:          162696 kB
MemAvailable:    1447940 kB
Buffers:          104312 kB
Cached:          1196536 kB
MemTotal:        1844596 kB
MemFree:          162404 kB
MemAvailable:    1447648 kB
Buffers:          104312 kB
Cached:          1196536 kB
MemTotal:        1844596 kB
MemFree:          162176 kB
MemAvailable:    1447420 kB
Buffers:          104312 kB
Cached:          1196536 kB
MemTotal:        1844596 kB
MemFree:          162512 kB
MemAvailable:    1447756 kB
Buffers:          104312 kB
Cached:          1196536 kB
MemTotal:        1844596 kB
MemFree:          162268 kB
MemAvailable:    1447512 kB
Buffers:          104312 kB
Cached:          1196536 kB
MemTotal:        1844596 kB
MemFree:          162420 kB
MemAvailable:    1447664 kB
Buffers:          104312 kB
Cached:          1196536 kB
MemTotal:        1844596 kB
MemFree:          162672 kB
MemAvailable:    1447916 kB
Buffers:          104312 kB
Cached:          1196536 kB
MemTotal:        1844596 kB
MemFree:          161196 kB
MemAvailable:    1446440 kB
Buffers:          104312 kB
Cached:          1196536 kB
MemTotal:        1844596 kB
MemFree:          161272 kB
MemAvailable:    1446516 kB
Buffers:          104312 kB
Cached:          1196536 kB
MemTotal:        1844596 kB
MemFree:          160940 kB
MemAvailable:    1446184 kB
Buffers:          104312 kB
Cached:          1196536 kB
MemTotal:        1844596 kB
MemFree:          160940 kB
MemAvailable:    1446184 kB
Buffers:          104312 kB
Cached:          1196536 kB
MemTotal:        1844596 kB
MemFree:          159708 kB
MemAvailable:    1444952 kB
Buffers:          104312 kB
Cached:          1196536 kB
MemTotal:        1844596 kB
MemFree:          159228 kB
MemAvailable:    1444472 kB
Buffers:          104312 kB
Cached:          1196536 kB
MemTotal:        1844596 kB
MemFree:          157740 kB
MemAvailable:    1442984 kB
Buffers:          104312 kB
Cached:          1196536 kB
MemTotal:        1844596 kB
MemFree:          155012 kB
MemAvailable:    1440256 kB
Buffers:          104312 kB
Cached:          1196536 kB
MemTotal:        1844596 kB
MemFree:          152028 kB
MemAvailable:    1437272 kB
Buffers:          104312 kB
Cached:          1196536 kB
MemTotal:        1844596 kB
MemFree:          148068 kB
MemAvailable:    1433312 kB
Buffers:          104312 kB
Cached:          1196536 kB
MemTotal:        1844596 kB
MemFree:          145092 kB
MemAvailable:    1430336 kB
Buffers:          104312 kB
Cached:          1196536 kB
MemTotal:        1844596 kB
MemFree:          144216 kB
MemAvailable:    1429460 kB
Buffers:          104312 kB
Cached:          1196536 kB
MemTotal:        1844596 kB
MemFree:          144216 kB
MemAvailable:    1429460 kB
Buffers:          104312 kB
Cached:          1196536 kB
MemTotal:        1844596 kB
MemFree:          142688 kB
MemAvailable:    1427932 kB
Buffers:          104312 kB
Cached:          1196536 kB
MemTotal:        1844596 kB
MemFree:          143928 kB
MemAvailable:    1429172 kB
Buffers:          104312 kB
Cached:          1196536 kB
MemTotal:        1844596 kB
MemFree:          144024 kB
MemAvailable:    1429268 kB
Buffers:          104312 kB
Cached:          1196536 kB
MemTotal:        1844596 kB
MemFree:          143652 kB
MemAvailable:    1428896 kB
Buffers:          104312 kB
Cached:          1196536 kB
MemTotal:        1844596 kB
MemFree:          143904 kB
MemAvailable:    1429148 kB
Buffers:          104312 kB
Cached:          1196536 kB
MemTotal:        1844596 kB
MemFree:          143660 kB
MemAvailable:    1428904 kB
Buffers:          104312 kB
Cached:          1196536 kB
MemTotal:        1844596 kB
MemFree:          143480 kB
MemAvailable:    1428724 kB
Buffers:          104312 kB
Cached:          1196536 kB
MemTotal:        1844596 kB
MemFree:          143768 kB
MemAvailable:    1429012 kB
Buffers:          104312 kB
Cached:          1196536 kB
MemTotal:        1844596 kB
MemFree:          143728 kB
MemAvailable:    1428972 kB
Buffers:          104312 kB
Cached:          1196536 kB
MemTotal:        1844596 kB
MemFree:          142984 kB
MemAvailable:    1428228 kB
Buffers:          104312 kB
Cached:          1196536 kB
MemTotal:        1844596 kB
MemFree:          143604 kB
MemAvailable:    1428852 kB
Buffers:          104312 kB
Cached:          1196540 kB
MemTotal:        1844596 kB
MemFree:          143372 kB
MemAvailable:    1428620 kB
Buffers:          104312 kB
Cached:          1196540 kB
MemTotal:        1844596 kB
MemFree:          143116 kB
MemAvailable:    1428364 kB
Buffers:          104312 kB
Cached:          1196540 kB
MemTotal:        1844596 kB
MemFree:          143088 kB
MemAvailable:    1428336 kB
Buffers:          104312 kB
Cached:          1196540 kB
MemTotal:        1844596 kB
MemFree:          142968 kB
MemAvailable:    1428216 kB
Buffers:          104312 kB
Cached:          1196540 kB
MemTotal:        1844596 kB
MemFree:          141348 kB
MemAvailable:    1426596 kB
Buffers:          104312 kB
Cached:          1196540 kB
MemTotal:        1844596 kB
MemFree:          142872 kB
MemAvailable:    1428120 kB
Buffers:          104312 kB
Cached:          1196540 kB
MemTotal:        1844596 kB
MemFree:          142008 kB
MemAvailable:    1427256 kB
Buffers:          104312 kB
Cached:          1196540 kB
MemTotal:        1844596 kB
MemFree:          142688 kB
MemAvailable:    1427940 kB
Buffers:          104312 kB
Cached:          1196544 kB
MemTotal:        1844596 kB
MemFree:          142044 kB
MemAvailable:    1427296 kB
Buffers:          104312 kB
Cached:          1196544 kB
MemTotal:        1844596 kB
MemFree:          142868 kB
MemAvailable:    1428120 kB
Buffers:          104312 kB
Cached:          1196544 kB
MemTotal:        1844596 kB
MemFree:          141628 kB
MemAvailable:    1426880 kB
Buffers:          104312 kB
Cached:          1196544 kB
MemTotal:        1844596 kB
MemFree:          142820 kB
MemAvailable:    1428072 kB
Buffers:          104312 kB
Cached:          1196544 kB
MemTotal:        1844596 kB
MemFree:          142256 kB
MemAvailable:    1427508 kB
Buffers:          104312 kB
Cached:          1196544 kB
MemTotal:        1844596 kB
MemFree:          141752 kB
MemAvailable:    1427004 kB
Buffers:          104312 kB
Cached:          1196544 kB
MemTotal:        1844596 kB
MemFree:          142124 kB
MemAvailable:    1427376 kB
Buffers:          104312 kB
Cached:          1196544 kB
MemTotal:        1844596 kB
MemFree:          142808 kB
MemAvailable:    1428060 kB
Buffers:          104312 kB
Cached:          1196544 kB
MemTotal:        1844596 kB
MemFree:          143060 kB
MemAvailable:    1428312 kB
Buffers:          104312 kB
Cached:          1196544 kB
MemTotal:        1844596 kB
MemFree:          141936 kB
MemAvailable:    1427188 kB
Buffers:          104312 kB
Cached:          1196544 kB
MemTotal:        1844596 kB
MemFree:          142904 kB
MemAvailable:    1428156 kB
Buffers:          104312 kB
Cached:          1196544 kB
MemTotal:        1844596 kB
MemFree:          143076 kB
MemAvailable:    1428328 kB
Buffers:          104312 kB
Cached:          1196544 kB
MemTotal:        1844596 kB
MemFree:          141580 kB
MemAvailable:    1426832 kB
Buffers:          104312 kB
Cached:          1196544 kB
MemTotal:        1844596 kB
MemFree:          140000 kB
MemAvailable:    1425252 kB
Buffers:          104312 kB
Cached:          1196544 kB
MemTotal:        1844596 kB
MemFree:          139520 kB
MemAvailable:    1424772 kB
Buffers:          104312 kB
Cached:          1196544 kB
MemTotal:        1844596 kB
MemFree:          135428 kB
MemAvailable:    1420680 kB
Buffers:          104312 kB
Cached:          1196544 kB
MemTotal:        1844596 kB
MemFree:          132452 kB
MemAvailable:    1417704 kB
Buffers:          104312 kB
Cached:          1196544 kB
MemTotal:        1844596 kB
MemFree:          130404 kB
MemAvailable:    1415656 kB
Buffers:          104312 kB
Cached:          1196544 kB
MemTotal:        1844596 kB
MemFree:          126748 kB
MemAvailable:    1412000 kB
Buffers:          104312 kB
Cached:          1196544 kB
MemTotal:        1844596 kB
MemFree:          125012 kB
MemAvailable:    1410264 kB
Buffers:          104312 kB
Cached:          1196544 kB
MemTotal:        1844596 kB
MemFree:          123648 kB
MemAvailable:    1408900 kB
Buffers:          104312 kB
Cached:          1196544 kB
MemTotal:        1844596 kB
MemFree:          124764 kB
MemAvailable:    1410016 kB
Buffers:          104312 kB
Cached:          1196544 kB
MemTotal:        1844596 kB
MemFree:          123780 kB
MemAvailable:    1409032 kB
Buffers:          104312 kB
Cached:          1196544 kB
MemTotal:        1844596 kB
MemFree:          124652 kB
MemAvailable:    1409904 kB
Buffers:          104312 kB
Cached:          1196544 kB
MemTotal:        1844596 kB
MemFree:          124700 kB
MemAvailable:    1409952 kB
Buffers:          104312 kB
Cached:          1196544 kB
MemTotal:        1844596 kB
MemFree:          123352 kB
MemAvailable:    1408604 kB
Buffers:          104312 kB
Cached:          1196544 kB
MemTotal:        1844596 kB
MemFree:          124820 kB
MemAvailable:    1410072 kB
Buffers:          104312 kB
Cached:          1196544 kB
MemTotal:        1844596 kB
MemFree:          123352 kB
MemAvailable:    1408604 kB
Buffers:          104312 kB
Cached:          1196544 kB
MemTotal:        1844596 kB
MemFree:          124508 kB
MemAvailable:    1409760 kB
Buffers:          104312 kB
Cached:          1196544 kB
MemTotal:        1844596 kB
MemFree:          124848 kB
MemAvailable:    1410100 kB
Buffers:          104312 kB
Cached:          1196544 kB
MemTotal:        1844596 kB
MemFree:          123220 kB
MemAvailable:    1408472 kB
Buffers:          104312 kB
Cached:          1196544 kB
MemTotal:        1844596 kB
MemFree:          123220 kB
MemAvailable:    1408472 kB
Buffers:          104312 kB
Cached:          1196544 kB
MemTotal:        1844596 kB
MemFree:          124652 kB
MemAvailable:    1409904 kB
Buffers:          104312 kB
Cached:          1196544 kB
MemTotal:        1844596 kB
MemFree:          124580 kB
MemAvailable:    1409832 kB
Buffers:          104312 kB
Cached:          1196544 kB
MemTotal:        1844596 kB
MemFree:          124832 kB
MemAvailable:    1410084 kB
Buffers:          104312 kB
Cached:          1196544 kB
MemTotal:        1844596 kB
MemFree:          124592 kB
MemAvailable:    1409844 kB
Buffers:          104312 kB
Cached:          1196544 kB
MemTotal:        1844596 kB
MemFree:          123468 kB
MemAvailable:    1408720 kB
Buffers:          104312 kB
Cached:          1196544 kB
MemTotal:        1844596 kB
MemFree:          124572 kB
MemAvailable:    1409824 kB
Buffers:          104312 kB
Cached:          1196544 kB
MemTotal:        1844596 kB
MemFree:          124392 kB
MemAvailable:    1409644 kB
Buffers:          104312 kB
Cached:          1196544 kB
MemTotal:        1844596 kB
MemFree:          124680 kB
MemAvailable:    1409932 kB
Buffers:          104312 kB
Cached:          1196544 kB
MemTotal:        1844596 kB
MemFree:          124640 kB
MemAvailable:    1409892 kB
Buffers:          104312 kB
Cached:          1196544 kB
MemTotal:        1844596 kB
MemFree:          123624 kB
MemAvailable:    1408876 kB
Buffers:          104312 kB
Cached:          1196544 kB
MemTotal:        1844596 kB
MemFree:          124636 kB
MemAvailable:    1409888 kB
Buffers:          104312 kB
Cached:          1196544 kB
MemTotal:        1844596 kB
MemFree:          123904 kB
MemAvailable:    1409156 kB
Buffers:          104312 kB
Cached:          1196544 kB
MemTotal:        1844596 kB
MemFree:          124508 kB
MemAvailable:    1409760 kB
Buffers:          104312 kB
Cached:          1196544 kB
MemTotal:        1844596 kB
MemFree:          124764 kB
MemAvailable:    1410016 kB
Buffers:          104312 kB
Cached:          1196544 kB
MemTotal:        1844596 kB
MemFree:          124700 kB
MemAvailable:    1409952 kB
Buffers:          104312 kB
Cached:          1196544 kB
MemTotal:        1844596 kB
MemFree:          124584 kB
MemAvailable:    1409836 kB
Buffers:          104312 kB
Cached:          1196544 kB
MemTotal:        1844596 kB
MemFree:          124836 kB
MemAvailable:    1410088 kB
Buffers:          104312 kB
Cached:          1196544 kB
MemTotal:        1844596 kB
MemFree:          123344 kB
MemAvailable:    1408596 kB
Buffers:          104312 kB
Cached:          1196544 kB
MemTotal:        1844596 kB
MemFree:          124688 kB
MemAvailable:    1409940 kB
Buffers:          104312 kB
Cached:          1196544 kB
MemTotal:        1844596 kB
MemFree:          123464 kB
MemAvailable:    1408716 kB
Buffers:          104312 kB
Cached:          1196544 kB
MemTotal:        1844596 kB
MemFree:          123340 kB
MemAvailable:    1408592 kB
Buffers:          104312 kB
Cached:          1196544 kB
MemTotal:        1844596 kB
MemFree:          123500 kB
MemAvailable:    1408752 kB
Buffers:          104312 kB
Cached:          1196544 kB
MemTotal:        1844596 kB
MemFree:          123376 kB
MemAvailable:    1408628 kB
Buffers:          104312 kB
Cached:          1196544 kB
MemTotal:        1844596 kB
MemFree:          120168 kB
MemAvailable:    1405420 kB
Buffers:          104312 kB
Cached:          1196544 kB
MemTotal:        1844596 kB
MemFree:          119812 kB
MemAvailable:    1405064 kB
Buffers:          104312 kB
Cached:          1196544 kB
MemTotal:        1844596 kB
MemFree:          115276 kB
MemAvailable:    1400528 kB
Buffers:          104312 kB
Cached:          1196544 kB
MemTotal:        1844596 kB
MemFree:          109744 kB
MemAvailable:    1394996 kB
Buffers:          104312 kB
Cached:          1196544 kB
MemTotal:        1844596 kB
MemFree:          107024 kB
MemAvailable:    1392276 kB
Buffers:          104312 kB
Cached:          1196544 kB
MemTotal:        1844596 kB
MemFree:          107224 kB
MemAvailable:    1392476 kB
Buffers:          104312 kB
Cached:          1196544 kB
MemTotal:        1844596 kB
MemFree:          107476 kB
MemAvailable:    1392728 kB
Buffers:          104312 kB
Cached:          1196544 kB
MemTotal:        1844596 kB
MemFree:          105984 kB
MemAvailable:    1391236 kB
Buffers:          104312 kB
Cached:          1196544 kB
MemTotal:        1844596 kB
MemFree:          105916 kB
MemAvailable:    1391176 kB
Buffers:          104312 kB
Cached:          1196552 kB
MemTotal:        1844596 kB
MemFree:          105412 kB
MemAvailable:    1390672 kB
Buffers:          104312 kB
Cached:          1196552 kB
MemTotal:        1844596 kB
MemFree:          106464 kB
MemAvailable:    1391724 kB
Buffers:          104312 kB
Cached:          1196552 kB
MemTotal:        1844596 kB
MemFree:          105296 kB
MemAvailable:    1390556 kB
Buffers:          104312 kB
Cached:          1196552 kB
MemTotal:        1844596 kB
MemFree:          106012 kB
MemAvailable:    1391272 kB
Buffers:          104312 kB
Cached:          1196552 kB
MemTotal:        1844596 kB
MemFree:          106096 kB
MemAvailable:    1391356 kB
Buffers:          104312 kB
Cached:          1196552 kB
MemTotal:        1844596 kB
MemFree:          104864 kB
MemAvailable:    1390124 kB
Buffers:          104312 kB
Cached:          1196552 kB
MemTotal:        1844596 kB
MemFree:          106324 kB
MemAvailable:    1391584 kB
Buffers:          104312 kB
Cached:          1196552 kB
MemTotal:        1844596 kB
MemFree:          106092 kB
MemAvailable:    1391352 kB
Buffers:          104312 kB
Cached:          1196552 kB
MemTotal:        1844596 kB
MemFree:          104800 kB
MemAvailable:    1390060 kB
Buffers:          104312 kB
Cached:          1196552 kB
MemTotal:        1844596 kB
MemFree:          105412 kB
MemAvailable:    1390672 kB
Buffers:          104312 kB
Cached:          1196552 kB
MemTotal:        1844596 kB
MemFree:          105748 kB
MemAvailable:    1391008 kB
Buffers:          104312 kB
Cached:          1196552 kB
MemTotal:        1844596 kB
MemFree:          105048 kB
MemAvailable:    1390308 kB
Buffers:          104312 kB
Cached:          1196552 kB
MemTotal:        1844596 kB
MemFree:          103560 kB
MemAvailable:    1388820 kB
Buffers:          104312 kB
Cached:          1196552 kB
MemTotal:        1844596 kB
MemFree:          103676 kB
MemAvailable:    1388936 kB
Buffers:          104312 kB
Cached:          1196552 kB
MemTotal:        1844596 kB
MemFree:          103760 kB
MemAvailable:    1389020 kB
Buffers:          104312 kB
Cached:          1196552 kB
MemTotal:        1844596 kB
MemFree:          103620 kB
MemAvailable:    1388880 kB
Buffers:          104312 kB
Cached:          1196552 kB
MemTotal:        1844596 kB
MemFree:          101452 kB
MemAvailable:    1386712 kB
Buffers:          104312 kB
Cached:          1196552 kB
MemTotal:        1844596 kB
MemFree:          102032 kB
MemAvailable:    1387292 kB
Buffers:          104312 kB
Cached:          1196552 kB
MemTotal:        1844596 kB
MemFree:           99964 kB
MemAvailable:    1385224 kB
Buffers:          104312 kB
Cached:          1196552 kB
MemTotal:        1844596 kB
MemFree:          100272 kB
MemAvailable:    1385532 kB
Buffers:          104312 kB
Cached:          1196552 kB
MemTotal:        1844596 kB
MemFree:          100080 kB
MemAvailable:    1385340 kB
Buffers:          104312 kB
Cached:          1196552 kB
MemTotal:        1844596 kB
MemFree:           99972 kB
MemAvailable:    1385232 kB
Buffers:          104312 kB
Cached:          1196552 kB
MemTotal:        1844596 kB
MemFree:           98800 kB
MemAvailable:    1384060 kB
Buffers:          104312 kB
Cached:          1196552 kB
MemTotal:        1844596 kB
MemFree:          100080 kB
MemAvailable:    1385340 kB
Buffers:          104312 kB
Cached:          1196552 kB
MemTotal:        1844596 kB
MemFree:          100096 kB
MemAvailable:    1385356 kB
Buffers:          104312 kB
Cached:          1196552 kB
MemTotal:        1844596 kB
MemFree:           98716 kB
MemAvailable:    1383976 kB
Buffers:          104312 kB
Cached:          1196552 kB
MemTotal:        1844596 kB
MemFree:          100196 kB
MemAvailable:    1385456 kB
Buffers:          104312 kB
Cached:          1196552 kB
MemTotal:        1844596 kB
MemFree:          100196 kB
MemAvailable:    1385456 kB
Buffers:          104312 kB
Cached:          1196552 kB
MemTotal:        1844596 kB
MemFree:           98584 kB
MemAvailable:    1383844 kB
Buffers:          104312 kB
Cached:          1196552 kB
MemTotal:        1844596 kB
MemFree:           98352 kB
MemAvailable:    1383612 kB
Buffers:          104312 kB
Cached:          1196552 kB
MemTotal:        1844596 kB
MemFree:           97348 kB
MemAvailable:    1382608 kB
Buffers:          104312 kB
Cached:          1196552 kB
MemTotal:        1844596 kB
MemFree:           97216 kB
MemAvailable:    1382476 kB
Buffers:          104312 kB
Cached:          1196552 kB
MemTotal:        1844596 kB
MemFree:           97216 kB
MemAvailable:    1382476 kB
Buffers:          104312 kB
Cached:          1196552 kB
MemTotal:        1844596 kB
MemFree:           98512 kB
MemAvailable:    1383772 kB
Buffers:          104312 kB
Cached:          1196552 kB
MemTotal:        1844596 kB
MemFree:           98344 kB
MemAvailable:    1383604 kB
Buffers:          104312 kB
Cached:          1196552 kB
MemTotal:        1844596 kB
MemFree:           98440 kB
MemAvailable:    1383700 kB
Buffers:          104312 kB
Cached:          1196552 kB
MemTotal:        1844596 kB
MemFree:           96972 kB
MemAvailable:    1382232 kB
Buffers:          104312 kB
Cached:          1196552 kB
MemTotal:        1844596 kB
MemFree:           98488 kB
MemAvailable:    1383748 kB
Buffers:          104312 kB
Cached:          1196552 kB
MemTotal:        1844596 kB
MemFree:           98416 kB
MemAvailable:    1383676 kB
Buffers:          104312 kB
Cached:          1196552 kB
MemTotal:        1844596 kB
MemFree:           98668 kB
MemAvailable:    1383928 kB
Buffers:          104312 kB
Cached:          1196552 kB
MemTotal:        1844596 kB
MemFree:           97104 kB
MemAvailable:    1382364 kB
Buffers:          104312 kB
Cached:          1196552 kB
MemTotal:        1844596 kB
MemFree:           97312 kB
MemAvailable:    1382572 kB
Buffers:          104312 kB
Cached:          1196552 kB
MemTotal:        1844596 kB
MemFree:           97180 kB
MemAvailable:    1382440 kB
Buffers:          104312 kB
Cached:          1196552 kB
MemTotal:        1844596 kB
MemFree:           98524 kB
MemAvailable:    1383784 kB
Buffers:          104312 kB
Cached:          1196552 kB
MemTotal:        1844596 kB
MemFree:           97300 kB
MemAvailable:    1382560 kB
Buffers:          104312 kB
Cached:          1196552 kB
MemTotal:        1844596 kB
MemFree:           98496 kB
MemAvailable:    1383756 kB
Buffers:          104312 kB
Cached:          1196552 kB
MemTotal:        1844596 kB
MemFree:           97608 kB
MemAvailable:    1382868 kB
Buffers:          104312 kB
Cached:          1196552 kB
MemTotal:        1844596 kB
MemFree:           98464 kB
MemAvailable:    1383724 kB
Buffers:          104312 kB
Cached:          1196552 kB
MemTotal:        1844596 kB
MemFree:           98268 kB
MemAvailable:    1383528 kB
Buffers:          104312 kB
Cached:          1196552 kB
MemTotal:        1844596 kB
MemFree:           97084 kB
MemAvailable:    1382344 kB
Buffers:          104312 kB
Cached:          1196552 kB
MemTotal:        1844596 kB
MemFree:           97216 kB
MemAvailable:    1382476 kB
Buffers:          104312 kB
Cached:          1196552 kB
MemTotal:        1844596 kB
MemFree:           97176 kB
MemAvailable:    1382436 kB
Buffers:          104312 kB
Cached:          1196552 kB
MemTotal:        1844596 kB
MemFree:           98548 kB
MemAvailable:    1383808 kB
Buffers:          104312 kB
Cached:          1196552 kB
MemTotal:        1844596 kB
MemFree:           98528 kB
MemAvailable:    1383788 kB
Buffers:          104312 kB
Cached:          1196552 kB
MemTotal:        1844596 kB
MemFree:           97112 kB
MemAvailable:    1382372 kB
Buffers:          104312 kB
Cached:          1196552 kB
MemTotal:        1844596 kB
MemFree:           97188 kB
MemAvailable:    1382448 kB
Buffers:          104312 kB
Cached:          1196552 kB
MemTotal:        1844596 kB
MemFree:           97188 kB
MemAvailable:    1382448 kB
Buffers:          104312 kB
Cached:          1196552 kB
MemTotal:        1844596 kB
MemFree:           98592 kB
MemAvailable:    1383852 kB
Buffers:          104312 kB
Cached:          1196552 kB
MemTotal:        1844596 kB
MemFree:           97732 kB
MemAvailable:    1382992 kB
Buffers:          104312 kB
Cached:          1196552 kB
MemTotal:        1844596 kB
MemFree:           98304 kB
MemAvailable:    1383572 kB
Buffers:          104312 kB
Cached:          1196560 kB
MemTotal:        1844596 kB
MemFree:           98560 kB
MemAvailable:    1383828 kB
Buffers:          104312 kB
Cached:          1196560 kB
MemTotal:        1844596 kB
MemFree:           98420 kB
MemAvailable:    1383688 kB
Buffers:          104312 kB
Cached:          1196560 kB
MemTotal:        1844596 kB
MemFree:           98228 kB
MemAvailable:    1383496 kB
Buffers:          104312 kB
Cached:          1196560 kB
MemTotal:        1844596 kB
MemFree:           98156 kB
MemAvailable:    1383424 kB
Buffers:          104312 kB
Cached:          1196560 kB
MemTotal:        1844596 kB
MemFree:           98408 kB
MemAvailable:    1383676 kB
Buffers:          104312 kB
Cached:          1196560 kB
MemTotal:        1844596 kB
MemFree:           97088 kB
MemAvailable:    1382356 kB
Buffers:          104312 kB
Cached:          1196560 kB
MemTotal:        1844596 kB
MemFree:           97212 kB
MemAvailable:    1382480 kB
Buffers:          104312 kB
Cached:          1196560 kB
MemTotal:        1844596 kB
MemFree:           97164 kB
MemAvailable:    1382432 kB
Buffers:          104312 kB
Cached:          1196560 kB
MemTotal:        1844596 kB
MemFree:           97164 kB
MemAvailable:    1382432 kB
Buffers:          104312 kB
Cached:          1196560 kB
MemTotal:        1844596 kB
MemFree:           98476 kB
MemAvailable:    1383744 kB
Buffers:          104312 kB
Cached:          1196560 kB
MemTotal:        1844596 kB
MemFree:           97732 kB
MemAvailable:    1383000 kB
Buffers:          104312 kB
Cached:          1196560 kB
MemTotal:        1844596 kB
MemFree:           96104 kB
MemAvailable:    1381372 kB
Buffers:          104312 kB
Cached:          1196560 kB
MemTotal:        1844596 kB
MemFree:           95128 kB
MemAvailable:    1380396 kB
Buffers:          104312 kB
Cached:          1196560 kB
MemTotal:        1844596 kB
MemFree:           91904 kB
MemAvailable:    1377172 kB
Buffers:          104312 kB
Cached:          1196560 kB
MemTotal:        1844596 kB
MemFree:           89424 kB
MemAvailable:    1374692 kB
Buffers:          104312 kB
Cached:          1196560 kB
MemTotal:        1844596 kB
MemFree:           84456 kB
MemAvailable:    1369724 kB
Buffers:          104312 kB
Cached:          1196560 kB
MemTotal:        1844596 kB
MemFree:           84456 kB
MemAvailable:    1369724 kB
Buffers:          104312 kB
Cached:          1196560 kB
MemTotal:        1844596 kB
MemFree:           80000 kB
MemAvailable:    1365268 kB
Buffers:          104312 kB
Cached:          1196560 kB
MemTotal:        1844596 kB
MemFree:           79124 kB
MemAvailable:    1364392 kB
Buffers:          104312 kB
Cached:          1196560 kB
MemTotal:        1844596 kB
MemFree:           78644 kB
MemAvailable:    1363912 kB
Buffers:          104312 kB
Cached:          1196560 kB
MemTotal:        1844596 kB
MemFree:           78888 kB
MemAvailable:    1364156 kB
Buffers:          104312 kB
Cached:          1196560 kB
MemTotal:        1844596 kB
MemFree:           79016 kB
MemAvailable:    1364284 kB
Buffers:          104312 kB
Cached:          1196560 kB
MemTotal:        1844596 kB
MemFree:           78512 kB
MemAvailable:    1363780 kB
Buffers:          104312 kB
Cached:          1196560 kB
MemTotal:        1844596 kB
MemFree:           77716 kB
MemAvailable:    1362984 kB
Buffers:          104312 kB
Cached:          1196560 kB
MemTotal:        1844596 kB
MemFree:           78876 kB
MemAvailable:    1364144 kB
Buffers:          104312 kB
Cached:          1196560 kB
MemTotal:        1844596 kB
MemFree:           79128 kB
MemAvailable:    1364396 kB
Buffers:          104312 kB
Cached:          1196560 kB
MemTotal:        1844596 kB
MemFree:           77636 kB
MemAvailable:    1362904 kB
Buffers:          104312 kB
Cached:          1196560 kB
MemTotal:        1844596 kB
MemFree:           79020 kB
MemAvailable:    1364288 kB
Buffers:          104312 kB
Cached:          1196560 kB
MemTotal:        1844596 kB
MemFree:           77836 kB
MemAvailable:    1363104 kB
Buffers:          104312 kB
Cached:          1196560 kB
MemTotal:        1844596 kB
MemFree:           79056 kB
MemAvailable:    1364324 kB
Buffers:          104312 kB
Cached:          1196560 kB
MemTotal:        1844596 kB
MemFree:           79008 kB
MemAvailable:    1364276 kB
Buffers:          104312 kB
Cached:          1196560 kB
MemTotal:        1844596 kB
MemFree:           78140 kB
MemAvailable:    1363408 kB
Buffers:          104312 kB
Cached:          1196560 kB
MemTotal:        1844596 kB
MemFree:           77628 kB
MemAvailable:    1362896 kB
Buffers:          104312 kB
Cached:          1196560 kB
MemTotal:        1844596 kB
MemFree:           79000 kB
MemAvailable:    1364268 kB
Buffers:          104312 kB
Cached:          1196560 kB
MemTotal:        1844596 kB
MemFree:           77512 kB
MemAvailable:    1362780 kB
Buffers:          104312 kB
Cached:          1196560 kB
MemTotal:        1844596 kB
MemFree:           77628 kB
MemAvailable:    1362896 kB
Buffers:          104312 kB
Cached:          1196560 kB
MemTotal:        1844596 kB
MemFree:           77628 kB
MemAvailable:    1362896 kB
Buffers:          104312 kB
Cached:          1196560 kB
MemTotal:        1844596 kB
MemFree:           77324 kB
MemAvailable:    1362592 kB
Buffers:          104312 kB
Cached:          1196560 kB
MemTotal:        1844596 kB
MemFree:           78688 kB
MemAvailable:    1363956 kB
Buffers:          104312 kB
Cached:          1196560 kB
MemTotal:        1844596 kB
MemFree:           77368 kB
MemAvailable:    1362636 kB
Buffers:          104312 kB
Cached:          1196560 kB
MemTotal:        1844596 kB
MemFree:           77444 kB
MemAvailable:    1362712 kB
Buffers:          104312 kB
Cached:          1196560 kB
MemTotal:        1844596 kB
MemFree:           77024 kB
MemAvailable:    1362292 kB
Buffers:          104312 kB
Cached:          1196560 kB
MemTotal:        1844596 kB
MemFree:           77504 kB
MemAvailable:    1362772 kB
Buffers:          104312 kB
Cached:          1196560 kB
MemTotal:        1844596 kB
MemFree:           76848 kB
MemAvailable:    1362116 kB
Buffers:          104312 kB
Cached:          1196560 kB
MemTotal:        1844596 kB
MemFree:           74528 kB
MemAvailable:    1359796 kB
Buffers:          104312 kB
Cached:          1196560 kB
MemTotal:        1844596 kB
MemFree:           74048 kB
MemAvailable:    1359316 kB
Buffers:          104312 kB
Cached:          1196560 kB
MemTotal:        1844596 kB
MemFree:           67636 kB
MemAvailable:    1352904 kB
Buffers:          104312 kB
Cached:          1196560 kB
MemTotal:        1844596 kB
MemFree:           68832 kB
MemAvailable:    1354100 kB
Buffers:          104312 kB
Cached:          1196560 kB
MemTotal:        1844596 kB
MemFree:           67788 kB
MemAvailable:    1353056 kB
Buffers:          104312 kB
Cached:          1196560 kB
MemTotal:        1844596 kB
MemFree:           69000 kB
MemAvailable:    1354268 kB
Buffers:          104312 kB
Cached:          1196560 kB
MemTotal:        1844596 kB
MemFree:           68888 kB
MemAvailable:    1354156 kB
Buffers:          104312 kB
Cached:          1196560 kB
MemTotal:        1844596 kB
MemFree:           68808 kB
MemAvailable:    1354076 kB
Buffers:          104312 kB
Cached:          1196560 kB
MemTotal:        1844596 kB
MemFree:           68700 kB
MemAvailable:    1353968 kB
Buffers:          104312 kB
Cached:          1196560 kB
MemTotal:        1844596 kB
MemFree:           69012 kB
MemAvailable:    1354280 kB
Buffers:          104312 kB
Cached:          1196560 kB
MemTotal:        1844596 kB
MemFree:           68516 kB
MemAvailable:    1353784 kB
Buffers:          104312 kB
Cached:          1196560 kB
MemTotal:        1844596 kB
MemFree:           68852 kB
MemAvailable:    1354120 kB
Buffers:          104312 kB
Cached:          1196560 kB
MemTotal:        1844596 kB
MemFree:           68268 kB
MemAvailable:    1353704 kB
Buffers:          104312 kB
Cached:          1196808 kB
MemTotal:        1844596 kB
MemFree:           68268 kB
MemAvailable:    1353704 kB
Buffers:          104312 kB
Cached:          1196808 kB
MemTotal:        1844596 kB
MemFree:           68204 kB
MemAvailable:    1353808 kB
Buffers:          104312 kB
Cached:          1196932 kB
MemTotal:        1844596 kB
MemFree:           66412 kB
MemAvailable:    1352016 kB
Buffers:          104312 kB
Cached:          1197056 kB
MemTotal:        1844596 kB
MemFree:           67600 kB
MemAvailable:    1353372 kB
Buffers:          104312 kB
Cached:          1197180 kB
MemTotal:        1844596 kB
MemFree:           67852 kB
MemAvailable:    1353624 kB
Buffers:          104312 kB
Cached:          1197180 kB
MemTotal:        1844596 kB
MemFree:           66496 kB
MemAvailable:    1352352 kB
Buffers:          104312 kB
Cached:          1197180 kB
MemTotal:        1844596 kB
MemFree:           66976 kB
MemAvailable:    1352832 kB
Buffers:          104312 kB
Cached:          1197180 kB
MemTotal:        1844596 kB
MemFree:           67508 kB
MemAvailable:    1353444 kB
Buffers:          104312 kB
Cached:          1197180 kB
MemTotal:        1844596 kB
MemFree:           67676 kB
MemAvailable:    1353612 kB
Buffers:          104312 kB
Cached:          1197180 kB
MemTotal:        1844596 kB
MemFree:           67704 kB
MemAvailable:    1353640 kB
Buffers:          104312 kB
Cached:          1197180 kB
MemTotal:        1844596 kB
MemFree:           66620 kB
MemAvailable:    1352556 kB
Buffers:          104312 kB
Cached:          1197180 kB
MemTotal:        1844596 kB
MemFree:           67524 kB
MemAvailable:    1353460 kB
Buffers:          104312 kB
Cached:          1197304 kB
MemTotal:        1844596 kB
MemFree:           67596 kB
MemAvailable:    1353532 kB
Buffers:          104312 kB
Cached:          1197304 kB
MemTotal:        1844596 kB
MemFree:           67412 kB
MemAvailable:    1352676 kB
Buffers:          104312 kB
Cached:          1196672 kB
MemTotal:        1844596 kB
MemFree:          107048 kB
MemAvailable:    1392312 kB
Buffers:          104312 kB
Cached:          1196672 kB
MemTotal:        1844596 kB
MemFree:          107048 kB
MemAvailable:    1392312 kB
Buffers:          104312 kB
Cached:          1196672 kB
MemTotal:        1844596 kB
MemFree:          258872 kB
MemAvailable:    1544136 kB
Buffers:          104312 kB
Cached:          1196672 kB
