MemTotal:        1844596 kB
MemFree:          264324 kB
MemAvailable:    1544680 kB
Buffers:          105940 kB
Cached:          1187744 kB
MemTotal:        1844596 kB
MemFree:          237656 kB
MemAvailable:    1518024 kB
Buffers:          105940 kB
Cached:          1187752 kB
MemTotal:        1844596 kB
MemFree:          235424 kB
MemAvailable:    1515792 kB
Buffers:          105940 kB
Cached:          1187752 kB
MemTotal:        1844596 kB
MemFree:          235176 kB
MemAvailable:    1515544 kB
Buffers:          105940 kB
Cached:          1187752 kB
MemTotal:        1844596 kB
MemFree:          232448 kB
MemAvailable:    1512816 kB
Buffers:          105940 kB
Cached:          1187752 kB
MemTotal:        1844596 kB
MemFree:          232192 kB
MemAvailable:    1512560 kB
Buffers:          105940 kB
Cached:          1187752 kB
MemTotal:        1844596 kB
MemFree:          230084 kB
MemAvailable:    1510452 kB
Buffers:          105940 kB
Cached:          1187752 kB
MemTotal:        1844596 kB
MemFree:          229604 kB
MemAvailable:    1509972 kB
Buffers:          105940 kB
Cached:          1187752 kB
MemTotal:        1844596 kB
MemFree:          227168 kB
MemAvailable:    1507536 kB
Buffers:          105940 kB
Cached:          1187752 kB
MemTotal:        1844596 kB
MemFree:          225008 kB
MemAvailable:    1505376 kB
Buffers:          105940 kB
Cached:          1187752 kB
MemTotal:        1844596 kB
MemFree:          221164 kB
MemAvailable:    1501532 kB
Buffers:          105940 kB
Cached:          1187752 kB
MemTotal:        1844596 kB
MemFree:          223716 kB
MemAvailable:    1504084 kB
Buffers:          105940 kB
Cached:          1187752 kB
MemTotal:        1844596 kB
MemFree:          223592 kB
MemAvailable:    1503960 kB
Buffers:          105940 kB
Cached:          1187752 kB
MemTotal:        1844596 kB
MemFree:          224812 kB
MemAvailable:    1505180 kB
Buffers:          105940 kB
Cached:          1187752 kB
MemTotal:        1844596 kB
MemFree:          223472 kB
MemAvailable:    1503840 kB
Buffers:          105940 kB
Cached:          1187752 kB
MemTotal:        1844596 kB
MemFree:          223596 kB
MemAvailable:    1503964 kB
Buffers:          105940 kB
Cached:          1187752 kB
MemTotal:        1844596 kB
MemFree:          224572 kB
MemAvailable:    1504940 kB
Buffers:          105940 kB
Cached:          1187752 kB
MemTotal:        1844596 kB
MemFree:          224340 kB
MemAvailable:    1504708 kB
Buffers:          105940 kB
Cached:          1187752 kB
MemTotal:        1844596 kB
MemFree:          223652 kB
MemAvailable:    1504020 kB
Buffers:          105940 kB
Cached:          1187752 kB
MemTotal:        1844596 kB
MemFree:          224140 kB
MemAvailable:    1504508 kB
Buffers:          105940 kB
Cached:          1187752 kB
MemTotal:        1844596 kB
MemFree:          223396 kB
MemAvailable:    1503764 kB
Buffers:          105940 kB
Cached:          1187752 kB
MemTotal:        1844596 kB
MemFree:          222776 kB
MemAvailable:    1503144 kB
Buffers:          105940 kB
Cached:          1187752 kB
MemTotal:        1844596 kB
MemFree:          224320 kB
MemAvailable:    1504688 kB
Buffers:          105940 kB
Cached:          1187752 kB
MemTotal:        1844596 kB
MemFree:          224264 kB
MemAvailable:    1504632 kB
Buffers:          105940 kB
Cached:          1187752 kB
MemTotal:        1844596 kB
MemFree:          222404 kB
MemAvailable:    1502772 kB
Buffers:          105940 kB
Cached:          1187752 kB
MemTotal:        1844596 kB
MemFree:          223580 kB
MemAvailable:    1503948 kB
Buffers:          105940 kB
Cached:          1187752 kB
MemTotal:        1844596 kB
MemFree:          223016 kB
MemAvailable:    1503384 kB
Buffers:          105940 kB
Cached:          1187752 kB
MemTotal:        1844596 kB
MemFree:          222784 kB
MemAvailable:    1503152 kB
Buffers:          105940 kB
Cached:          1187752 kB
MemTotal:        1844596 kB
MemFree:          222768 kB
MemAvailable:    1503136 kB
Buffers:          105940 kB
Cached:          1187752 kB
MemTotal:        1844596 kB
MemFree:          222148 kB
MemAvailable:    1502516 kB
Buffers:          105940 kB
Cached:          1187752 kB
MemTotal:        1844596 kB
MemFree:          221544 kB
MemAvailable:    1501912 kB
Buffers:          105940 kB
Cached:          1187752 kB
MemTotal:        1844596 kB
MemFree:          221828 kB
MemAvailable:    1502196 kB
Buffers:          105940 kB
Cached:          1187752 kB
MemTotal:        1844596 kB
MemFree:          220348 kB
MemAvailable:    1500716 kB
Buffers:          105940 kB
Cached:          1187752 kB
MemTotal:        1844596 kB
MemFree:          221720 kB
MemAvailable:    1502088 kB
Buffers:          105940 kB
Cached:          1187752 kB
MemTotal:        1844596 kB
MemFree:          221584 kB
MemAvailable:    1501952 kB
Buffers:          105940 kB
Cached:          1187752 kB
MemTotal:        1844596 kB
MemFree:          221536 kB
MemAvailable:    1501904 kB
Buffers:          105940 kB
Cached:          1187752 kB
MemTotal:        1844596 kB
MemFree:          221772 kB
MemAvailable:    1502140 kB
Buffers:          105940 kB
Cached:          1187752 kB
MemTotal:        1844596 kB
MemFree:          221660 kB
MemAvailable:    1502028 kB
Buffers:          105940 kB
Cached:          1187752 kB
MemTotal:        1844596 kB
MemFree:          221040 kB
MemAvailable:    1501408 kB
Buffers:          105940 kB
Cached:          1187752 kB
MemTotal:        1844596 kB
MemFree:          221272 kB
MemAvailable:    1501640 kB
Buffers:          105940 kB
Cached:          1187752 kB
MemTotal:        1844596 kB
MemFree:          221400 kB
MemAvailable:    1501768 kB
Buffers:          105940 kB
Cached:          1187752 kB
MemTotal:        1844596 kB
MemFree:          216560 kB
MemAvailable:    1496928 kB
Buffers:          105940 kB
Cached:          1187752 kB
MemTotal:        1844596 kB
MemFree:          216560 kB
MemAvailable:    1496928 kB
Buffers:          105940 kB
Cached:          1187752 kB
MemTotal:        1844596 kB
MemFree:          216440 kB
MemAvailable:    1496808 kB
Buffers:          105940 kB
Cached:          1187752 kB
MemTotal:        1844596 kB
MemFree:          216128 kB
MemAvailable:    1496496 kB
Buffers:          105940 kB
Cached:          1187752 kB
MemTotal:        1844596 kB
MemFree:          216464 kB
MemAvailable:    1496832 kB
Buffers:          105940 kB
Cached:          1187752 kB
MemTotal:        1844596 kB
MemFree:          216164 kB
MemAvailable:    1496532 kB
Buffers:          105940 kB
Cached:          1187752 kB
MemTotal:        1844596 kB
MemFree:          216248 kB
MemAvailable:    1496616 kB
Buffers:          105940 kB
Cached:          1187752 kB
MemTotal:        1844596 kB
MemFree:          215992 kB
MemAvailable:    1496360 kB
Buffers:          105940 kB
Cached:          1187752 kB
MemTotal:        1844596 kB
MemFree:          216016 kB
MemAvailable:    1496384 kB
Buffers:          105940 kB
Cached:          1187752 kB
MemTotal:        1844596 kB
MemFree:          214956 kB
MemAvailable:    1495324 kB
Buffers:          105940 kB
Cached:          1187752 kB
MemTotal:        1844596 kB
MemFree:          215784 kB
MemAvailable:    1496156 kB
Buffers:          105940 kB
Cached:          1187756 kB
MemTotal:        1844596 kB
MemFree:          215504 kB
MemAvailable:    1495876 kB
Buffers:          105940 kB
Cached:          1187756 kB
MemTotal:        1844596 kB
MemFree:          214672 kB
MemAvailable:    1495044 kB
Buffers:          105940 kB
Cached:          1187756 kB
MemTotal:        1844596 kB
MemFree:          215948 kB
MemAvailable:    1496320 kB
Buffers:          105940 kB
Cached:          1187756 kB
MemTotal:        1844596 kB
MemFree:          215804 kB
MemAvailable:    1496176 kB
Buffers:          105940 kB
Cached:          1187756 kB
MemTotal:        1844596 kB
MemFree:          216056 kB
MemAvailable:    1496428 kB
Buffers:          105940 kB
Cached:          1187756 kB
MemTotal:        1844596 kB
MemFree:          211660 kB
MemAvailable:    1492032 kB
Buffers:          105940 kB
Cached:          1187756 kB
MemTotal:        1844596 kB
MemFree:          209012 kB
MemAvailable:    1489384 kB
Buffers:          105940 kB
Cached:          1187756 kB
MemTotal:        1844596 kB
MemFree:          208756 kB
MemAvailable:    1489128 kB
Buffers:          105940 kB
Cached:          1187756 kB
MemTotal:        1844596 kB
MemFree:          209988 kB
MemAvailable:    1490360 kB
Buffers:          105940 kB
Cached:          1187756 kB
MemTotal:        1844596 kB
MemFree:          208012 kB
MemAvailable:    1488384 kB
Buffers:          105940 kB
Cached:          1187756 kB
MemTotal:        1844596 kB
MemFree:          208268 kB
MemAvailable:    1488640 kB
Buffers:          105940 kB
Cached:          1187756 kB
MemTotal:        1844596 kB
MemFree:          207136 kB
MemAvailable:    1487508 kB
Buffers:          105940 kB
Cached:          1187756 kB
MemTotal:        1844596 kB
MemFree:          207472 kB
MemAvailable:    1487844 kB
Buffers:          105940 kB
Cached:          1187756 kB
MemTotal:        1844596 kB
MemFree:          207196 kB
MemAvailable:    1487568 kB
Buffers:          105940 kB
Cached:          1187756 kB
MemTotal:        1844596 kB
MemFree:          206028 kB
MemAvailable:    1486400 kB
Buffers:          105944 kB
Cached:          1187752 kB
MemTotal:        1844596 kB
MemFree:          205996 kB
MemAvailable:    1486368 kB
Buffers:          105944 kB
Cached:          1187752 kB
MemTotal:        1844596 kB
MemFree:          205864 kB
MemAvailable:    1486236 kB
Buffers:          105944 kB
Cached:          1187752 kB
MemTotal:        1844596 kB
MemFree:          205988 kB
MemAvailable:    1486360 kB
Buffers:          105944 kB
Cached:          1187752 kB
MemTotal:        1844596 kB
MemFree:          205864 kB
MemAvailable:    1486236 kB
Buffers:          105944 kB
Cached:          1187752 kB
MemTotal:        1844596 kB
MemFree:          207012 kB
MemAvailable:    1487384 kB
Buffers:          105944 kB
Cached:          1187752 kB
MemTotal:        1844596 kB
MemFree:          207264 kB
MemAvailable:    1487636 kB
Buffers:          105944 kB
Cached:          1187752 kB
MemTotal:        1844596 kB
MemFree:          207140 kB
MemAvailable:    1487512 kB
Buffers:          105944 kB
Cached:          1187752 kB
MemTotal:        1844596 kB
MemFree:          206884 kB
MemAvailable:    1487256 kB
Buffers:          105944 kB
Cached:          1187752 kB
MemTotal:        1844596 kB
MemFree:          205636 kB
MemAvailable:    1486008 kB
Buffers:          105944 kB
Cached:          1187752 kB
MemTotal:        1844596 kB
MemFree:          206936 kB
MemAvailable:    1487308 kB
Buffers:          105944 kB
Cached:          1187752 kB
MemTotal:        1844596 kB
MemFree:          206952 kB
MemAvailable:    1487324 kB
Buffers:          105944 kB
Cached:          1187752 kB
MemTotal:        1844596 kB
MemFree:          205624 kB
MemAvailable:    1485996 kB
Buffers:          105944 kB
Cached:          1187752 kB
MemTotal:        1844596 kB
MemFree:          206036 kB
MemAvailable:    1486408 kB
Buffers:          105944 kB
Cached:          1187752 kB
MemTotal:        1844596 kB
MemFree:          206724 kB
MemAvailable:    1487096 kB
Buffers:          105944 kB
Cached:          1187752 kB
MemTotal:        1844596 kB
MemFree:          205388 kB
MemAvailable:    1485760 kB
Buffers:          105944 kB
Cached:          1187752 kB
MemTotal:        1844596 kB
MemFree:          205292 kB
MemAvailable:    1485672 kB
Buffers:          105944 kB
Cached:          1187760 kB
MemTotal:        1844596 kB
MemFree:          201820 kB
MemAvailable:    1482200 kB
Buffers:          105944 kB
Cached:          1187760 kB
MemTotal:        1844596 kB
MemFree:          198580 kB
MemAvailable:    1478960 kB
Buffers:          105944 kB
Cached:          1187760 kB
MemTotal:        1844596 kB
MemFree:          198348 kB
MemAvailable:    1478728 kB
Buffers:          105944 kB
Cached:          1187760 kB
MemTotal:        1844596 kB
MemFree:          198408 kB
MemAvailable:    1478788 kB
Buffers:          105944 kB
Cached:          1187760 kB
MemTotal:        1844596 kB
MemFree:          198664 kB
MemAvailable:    1479044 kB
Buffers:          105944 kB
Cached:          1187760 kB
MemTotal:        1844596 kB
MemFree:          198312 kB
MemAvailable:    1478692 kB
Buffers:          105944 kB
Cached:          1187760 kB
MemTotal:        1844596 kB
MemFree:          198224 kB
MemAvailable:    1478604 kB
Buffers:          105944 kB
Cached:          1187760 kB
MemTotal:        1844596 kB
MemFree:          197052 kB
MemAvailable:    1477432 kB
Buffers:          105944 kB
Cached:          1187760 kB
MemTotal:        1844596 kB
MemFree:          198292 kB
MemAvailable:    1478672 kB
Buffers:          105944 kB
Cached:          1187760 kB
MemTotal:        1844596 kB
MemFree:          198220 kB
MemAvailable:    1478600 kB
Buffers:          105944 kB
Cached:          1187760 kB
MemTotal:        1844596 kB
MemFree:          198016 kB
MemAvailable:    1478396 kB
Buffers:          105944 kB
Cached:          1187760 kB
MemTotal:        1844596 kB
MemFree:          198100 kB
MemAvailable:    1478480 kB
Buffers:          105944 kB
Cached:          1187760 kB
MemTotal:        1844596 kB
MemFree:          198148 kB
MemAvailable:    1478528 kB
Buffers:          105944 kB
Cached:          1187760 kB
MemTotal:        1844596 kB
MemFree:          198068 kB
MemAvailable:    1478448 kB
Buffers:          105944 kB
Cached:          1187760 kB
MemTotal:        1844596 kB
MemFree:          197960 kB
MemAvailable:    1478340 kB
Buffers:          105944 kB
Cached:          1187760 kB
MemTotal:        1844596 kB
MemFree:          198272 kB
MemAvailable:    1478652 kB
Buffers:          105944 kB
Cached:          1187760 kB
MemTotal:        1844596 kB
MemFree:          198100 kB
MemAvailable:    1478480 kB
Buffers:          105944 kB
Cached:          1187760 kB
MemTotal:        1844596 kB
MemFree:          197488 kB
MemAvailable:    1477868 kB
Buffers:          105944 kB
Cached:          1187760 kB
MemTotal:        1844596 kB
MemFree:          197920 kB
MemAvailable:    1478304 kB
Buffers:          105944 kB
Cached:          1187764 kB
MemTotal:        1844596 kB
MemFree:          197276 kB
MemAvailable:    1477660 kB
Buffers:          105944 kB
Cached:          1187764 kB
MemTotal:        1844596 kB
MemFree:          198036 kB
MemAvailable:    1478420 kB
Buffers:          105944 kB
Cached:          1187764 kB
MemTotal:        1844596 kB
MemFree:          198160 kB
MemAvailable:    1478544 kB
Buffers:          105944 kB
Cached:          1187764 kB
MemTotal:        1844596 kB
MemFree:          197488 kB
MemAvailable:    1477872 kB
Buffers:          105944 kB
Cached:          1187764 kB
MemTotal:        1844596 kB
MemFree:          198120 kB
MemAvailable:    1478504 kB
Buffers:          105944 kB
Cached:          1187764 kB
MemTotal:        1844596 kB
MemFree:          197108 kB
MemAvailable:    1477492 kB
Buffers:          105944 kB
Cached:          1187764 kB
MemTotal:        1844596 kB
MemFree:          198128 kB
MemAvailable:    1478512 kB
Buffers:          105944 kB
Cached:          1187764 kB
MemTotal:        1844596 kB
MemFree:          198300 kB
MemAvailable:    1478684 kB
Buffers:          105944 kB
Cached:          1187764 kB
MemTotal:        1844596 kB
MemFree:          196804 kB
MemAvailable:    1477188 kB
Buffers:          105944 kB
Cached:          1187764 kB
MemTotal:        1844596 kB
MemFree:          196796 kB
MemAvailable:    1477180 kB
Buffers:          105944 kB
Cached:          1187764 kB
MemTotal:        1844596 kB
MemFree:          196840 kB
MemAvailable:    1477224 kB
Buffers:          105944 kB
Cached:          1187764 kB
MemTotal:        1844596 kB
MemFree:          196964 kB
MemAvailable:    1477348 kB
Buffers:          105944 kB
Cached:          1187764 kB
MemTotal:        1844596 kB
MemFree:          198284 kB
MemAvailable:    1478668 kB
Buffers:          105944 kB
Cached:          1187764 kB
MemTotal:        1844596 kB
MemFree:          196960 kB
MemAvailable:    1477344 kB
Buffers:          105944 kB
Cached:          1187764 kB
MemTotal:        1844596 kB
MemFree:          198020 kB
MemAvailable:    1478404 kB
Buffers:          105944 kB
Cached:          1187764 kB
MemTotal:        1844596 kB
MemFree:          198272 kB
MemAvailable:    1478656 kB
Buffers:          105944 kB
Cached:          1187764 kB
MemTotal:        1844596 kB
MemFree:          198148 kB
MemAvailable:    1478532 kB
Buffers:          105944 kB
Cached:          1187764 kB
MemTotal:        1844596 kB
MemFree:          196840 kB
MemAvailable:    1477224 kB
Buffers:          105944 kB
Cached:          1187764 kB
MemTotal:        1844596 kB
MemFree:          198224 kB
MemAvailable:    1478608 kB
Buffers:          105944 kB
Cached:          1187764 kB
MemTotal:        1844596 kB
MemFree:          198136 kB
MemAvailable:    1478520 kB
Buffers:          105944 kB
Cached:          1187764 kB
MemTotal:        1844596 kB
MemFree:          196860 kB
MemAvailable:    1477244 kB
Buffers:          105944 kB
Cached:          1187764 kB
MemTotal:        1844596 kB
MemFree:          193132 kB
MemAvailable:    1473516 kB
Buffers:          105944 kB
Cached:          1187764 kB
MemTotal:        1844596 kB
MemFree:          192652 kB
MemAvailable:    1473036 kB
Buffers:          105944 kB
Cached:          1187764 kB
MemTotal:        1844596 kB
MemFree:          189100 kB
MemAvailable:    1469484 kB
Buffers:          105944 kB
Cached:          1187764 kB
MemTotal:        1844596 kB
MemFree:          187620 kB
MemAvailable:    1468004 kB
Buffers:          105944 kB
Cached:          1187764 kB
MemTotal:        1844596 kB
MemFree:          186320 kB
MemAvailable:    1466704 kB
Buffers:          105944 kB
Cached:          1187764 kB
MemTotal:        1844596 kB
MemFree:          186056 kB
MemAvailable:    1466440 kB
Buffers:          105944 kB
Cached:          1187764 kB
MemTotal:        1844596 kB
MemFree:          187420 kB
MemAvailable:    1467804 kB
Buffers:          105944 kB
Cached:          1187764 kB
MemTotal:        1844596 kB
MemFree:          186008 kB
MemAvailable:    1466392 kB
Buffers:          105944 kB
Cached:          1187764 kB
MemTotal:        1844596 kB
MemFree:          186176 kB
MemAvailable:    1466560 kB
Buffers:          105944 kB
Cached:          1187764 kB
MemTotal:        1844596 kB
MemFree:          186300 kB
MemAvailable:    1466684 kB
Buffers:          105944 kB
Cached:          1187764 kB
MemTotal:        1844596 kB
MemFree:          186424 kB
MemAvailable:    1466808 kB
Buffers:          105944 kB
Cached:          1187764 kB
MemTotal:        1844596 kB
MemFree:          187416 kB
MemAvailable:    1467800 kB
Buffers:          105944 kB
Cached:          1187764 kB
MemTotal:        1844596 kB
MemFree:          186444 kB
MemAvailable:    1466828 kB
Buffers:          105944 kB
Cached:          1187764 kB
MemTotal:        1844596 kB
MemFree:          187228 kB
MemAvailable:    1467612 kB
Buffers:          105944 kB
Cached:          1187764 kB
MemTotal:        1844596 kB
MemFree:          186072 kB
MemAvailable:    1466456 kB
Buffers:          105944 kB
Cached:          1187764 kB
MemTotal:        1844596 kB
MemFree:          185900 kB
MemAvailable:    1466284 kB
Buffers:          105944 kB
Cached:          1187764 kB
MemTotal:        1844596 kB
MemFree:          187180 kB
MemAvailable:    1467564 kB
Buffers:          105944 kB
Cached:          1187764 kB
MemTotal:        1844596 kB
MemFree:          187432 kB
MemAvailable:    1467816 kB
Buffers:          105944 kB
Cached:          1187764 kB
MemTotal:        1844596 kB
MemFree:          185948 kB
MemAvailable:    1466332 kB
Buffers:          105944 kB
Cached:          1187764 kB
MemTotal:        1844596 kB
MemFree:          187396 kB
MemAvailable:    1467780 kB
Buffers:          105944 kB
Cached:          1187764 kB
MemTotal:        1844596 kB
MemFree:          186444 kB
MemAvailable:    1466828 kB
Buffers:          105944 kB
Cached:          1187764 kB
MemTotal:        1844596 kB
MemFree:          185824 kB
MemAvailable:    1466212 kB
Buffers:          105944 kB
Cached:          1187768 kB
MemTotal:        1844596 kB
MemFree:          187224 kB
MemAvailable:    1467612 kB
Buffers:          105944 kB
Cached:          1187768 kB
MemTotal:        1844596 kB
MemFree:          187568 kB
MemAvailable:    1467956 kB
Buffers:          105944 kB
Cached:          1187768 kB
MemTotal:        1844596 kB
MemFree:          187264 kB
MemAvailable:    1467652 kB
Buffers:          105944 kB
Cached:          1187768 kB
MemTotal:        1844596 kB
MemFree:          187300 kB
MemAvailable:    1467688 kB
Buffers:          105944 kB
Cached:          1187768 kB
MemTotal:        1844596 kB
MemFree:          186568 kB
MemAvailable:    1466956 kB
Buffers:          105944 kB
Cached:          1187768 kB
MemTotal:        1844596 kB
MemFree:          187228 kB
MemAvailable:    1467616 kB
Buffers:          105944 kB
Cached:          1187768 kB
MemTotal:        1844596 kB
MemFree:          187248 kB
MemAvailable:    1467636 kB
Buffers:          105944 kB
Cached:          1187768 kB
MemTotal:        1844596 kB
MemFree:          187180 kB
MemAvailable:    1467572 kB
Buffers:          105944 kB
Cached:          1187772 kB
MemTotal:        1844596 kB
MemFree:          187436 kB
MemAvailable:    1467828 kB
Buffers:          105944 kB
Cached:          1187772 kB
MemTotal:        1844596 kB
MemFree:          185900 kB
MemAvailable:    1466292 kB
Buffers:          105944 kB
Cached:          1187772 kB
MemTotal:        1844596 kB
MemFree:          187124 kB
MemAvailable:    1467516 kB
Buffers:          105944 kB
Cached:          1187772 kB
MemTotal:        1844596 kB
MemFree:          186196 kB
MemAvailable:    1466588 kB
Buffers:          105944 kB
Cached:          1187772 kB
MemTotal:        1844596 kB
MemFree:          187248 kB
MemAvailable:    1467640 kB
Buffers:          105944 kB
Cached:          1187772 kB
MemTotal:        1844596 kB
MemFree:          186072 kB
MemAvailable:    1466464 kB
Buffers:          105944 kB
Cached:          1187772 kB
MemTotal:        1844596 kB
MemFree:          187200 kB
MemAvailable:    1467592 kB
Buffers:          105944 kB
Cached:          1187772 kB
MemTotal:        1844596 kB
MemFree:          186824 kB
MemAvailable:    1467216 kB
Buffers:          105944 kB
Cached:          1187772 kB
MemTotal:        1844596 kB
MemFree:          187240 kB
MemAvailable:    1467632 kB
Buffers:          105944 kB
Cached:          1187772 kB
MemTotal:        1844596 kB
MemFree:          187248 kB
MemAvailable:    1467640 kB
Buffers:          105944 kB
Cached:          1187772 kB
MemTotal:        1844596 kB
MemFree:          186824 kB
MemAvailable:    1467216 kB
Buffers:          105944 kB
Cached:          1187772 kB
MemTotal:        1844596 kB
MemFree:          187312 kB
MemAvailable:    1467704 kB
Buffers:          105944 kB
Cached:          1187772 kB
MemTotal:        1844596 kB
MemFree:          187200 kB
MemAvailable:    1467592 kB
Buffers:          105944 kB
Cached:          1187772 kB
MemTotal:        1844596 kB
MemFree:          186824 kB
MemAvailable:    1467216 kB
Buffers:          105944 kB
Cached:          1187772 kB
MemTotal:        1844596 kB
MemFree:          187076 kB
MemAvailable:    1467468 kB
Buffers:          105944 kB
Cached:          1187772 kB
MemTotal:        1844596 kB
MemFree:          186024 kB
MemAvailable:    1466416 kB
Buffers:          105944 kB
Cached:          1187772 kB
MemTotal:        1844596 kB
MemFree:          187312 kB
MemAvailable:    1467704 kB
Buffers:          105944 kB
Cached:          1187772 kB
MemTotal:        1844596 kB
MemFree:          186444 kB
MemAvailable:    1466836 kB
Buffers:          105944 kB
Cached:          1187772 kB
MemTotal:        1844596 kB
MemFree:          187056 kB
MemAvailable:    1467448 kB
Buffers:          105944 kB
Cached:          1187772 kB
MemTotal:        1844596 kB
MemFree:          186576 kB
MemAvailable:    1466968 kB
Buffers:          105944 kB
Cached:          1187772 kB
MemTotal:        1844596 kB
MemFree:          186684 kB
MemAvailable:    1467076 kB
Buffers:          105944 kB
Cached:          1187772 kB
MemTotal:        1844596 kB
MemFree:          186504 kB
MemAvailable:    1466896 kB
Buffers:          105944 kB
Cached:          1187772 kB
MemTotal:        1844596 kB
MemFree:          185204 kB
MemAvailable:    1465596 kB
Buffers:          105944 kB
Cached:          1187772 kB
MemTotal:        1844596 kB
MemFree:          184832 kB
MemAvailable:    1465228 kB
Buffers:          105944 kB
Cached:          1187776 kB
MemTotal:        1844596 kB
MemFree:          186132 kB
MemAvailable:    1466528 kB
Buffers:          105944 kB
Cached:          1187776 kB
MemTotal:        1844596 kB
MemFree:          184784 kB
MemAvailable:    1465180 kB
Buffers:          105944 kB
Cached:          1187776 kB
MemTotal:        1844596 kB
MemFree:          185884 kB
MemAvailable:    1466280 kB
Buffers:          105944 kB
Cached:          1187776 kB
MemTotal:        1844596 kB
MemFree:          186136 kB
MemAvailable:    1466532 kB
Buffers:          105944 kB
Cached:          1187776 kB
MemTotal:        1844596 kB
MemFree:          184652 kB
MemAvailable:    1465048 kB
Buffers:          105944 kB
Cached:          1187776 kB
MemTotal:        1844596 kB
MemFree:          184820 kB
MemAvailable:    1465216 kB
Buffers:          105944 kB
Cached:          1187776 kB
MemTotal:        1844596 kB
MemFree:          185888 kB
MemAvailable:    1466284 kB
Buffers:          105944 kB
Cached:          1187776 kB
MemTotal:        1844596 kB
MemFree:          185860 kB
MemAvailable:    1466256 kB
Buffers:          105944 kB
Cached:          1187776 kB
MemTotal:        1844596 kB
MemFree:          184676 kB
MemAvailable:    1465072 kB
Buffers:          105944 kB
Cached:          1187776 kB
MemTotal:        1844596 kB
MemFree:          185852 kB
MemAvailable:    1466248 kB
Buffers:          105944 kB
Cached:          1187776 kB
MemTotal:        1844596 kB
MemFree:          184504 kB
MemAvailable:    1464900 kB
Buffers:          105944 kB
Cached:          1187776 kB
MemTotal:        1844596 kB
MemFree:          185612 kB
MemAvailable:    1466008 kB
Buffers:          105944 kB
Cached:          1187776 kB
MemTotal:        1844596 kB
MemFree:          185952 kB
MemAvailable:    1466348 kB
Buffers:          105944 kB
Cached:          1187776 kB
MemTotal:        1844596 kB
MemFree:          184412 kB
MemAvailable:    1464808 kB
Buffers:          105944 kB
Cached:          1187776 kB
MemTotal:        1844596 kB
MemFree:          185684 kB
MemAvailable:    1466080 kB
Buffers:          105944 kB
Cached:          1187776 kB
MemTotal:        1844596 kB
MemFree:          185700 kB
MemAvailable:    1466096 kB
Buffers:          105944 kB
Cached:          1187776 kB
MemTotal:        1844596 kB
MemFree:          185728 kB
MemAvailable:    1466124 kB
Buffers:          105944 kB
Cached:          1187776 kB
MemTotal:        1844596 kB
MemFree:          184400 kB
MemAvailable:    1464796 kB
Buffers:          105944 kB
Cached:          1187776 kB
MemTotal:        1844596 kB
MemFree:          184204 kB
MemAvailable:    1464600 kB
Buffers:          105944 kB
Cached:          1187776 kB
MemTotal:        1844596 kB
MemFree:          184412 kB
MemAvailable:    1464808 kB
Buffers:          105944 kB
Cached:          1187776 kB
MemTotal:        1844596 kB
MemFree:          185388 kB
MemAvailable:    1465784 kB
Buffers:          105944 kB
Cached:          1187776 kB
MemTotal:        1844596 kB
MemFree:          185388 kB
MemAvailable:    1465784 kB
Buffers:          105944 kB
Cached:          1187776 kB
MemTotal:        1844596 kB
MemFree:          184156 kB
MemAvailable:    1464552 kB
Buffers:          105944 kB
Cached:          1187776 kB
MemTotal:        1844596 kB
MemFree:          180244 kB
MemAvailable:    1460640 kB
Buffers:          105944 kB
Cached:          1187776 kB
MemTotal:        1844596 kB
MemFree:          176152 kB
MemAvailable:    1456548 kB
Buffers:          105944 kB
Cached:          1187776 kB
MemTotal:        1844596 kB
MemFree:          174872 kB
MemAvailable:    1455268 kB
Buffers:          105944 kB
Cached:          1187776 kB
MemTotal:        1844596 kB
MemFree:          174780 kB
MemAvailable:    1455176 kB
Buffers:          105944 kB
Cached:          1187776 kB
MemTotal:        1844596 kB
MemFree:          174220 kB
MemAvailable:    1454616 kB
Buffers:          105944 kB
Cached:          1187776 kB
MemTotal:        1844596 kB
MemFree:          173044 kB
MemAvailable:    1453440 kB
Buffers:          105944 kB
Cached:          1187776 kB
MemTotal:        1844596 kB
MemFree:          172680 kB
MemAvailable:    1453076 kB
Buffers:          105944 kB
Cached:          1187776 kB
MemTotal:        1844596 kB
MemFree:          172308 kB
MemAvailable:    1452704 kB
Buffers:          105944 kB
Cached:          1187776 kB
MemTotal:        1844596 kB
MemFree:          173176 kB
MemAvailable:    1453572 kB
Buffers:          105944 kB
Cached:          1187776 kB
MemTotal:        1844596 kB
MemFree:          171152 kB
MemAvailable:    1451548 kB
Buffers:          105944 kB
Cached:          1187776 kB
MemTotal:        1844596 kB
MemFree:          171956 kB
MemAvailable:    1452352 kB
Buffers:          105944 kB
Cached:          1187776 kB
MemTotal:        1844596 kB
MemFree:          170580 kB
MemAvailable:    1450976 kB
Buffers:          105944 kB
Cached:          1187776 kB
MemTotal:        1844596 kB
MemFree:          170440 kB
MemAvailable:    1450836 kB
Buffers:          105944 kB
Cached:          1187776 kB
MemTotal:        1844596 kB
MemFree:          169960 kB
MemAvailable:    1450356 kB
Buffers:          105944 kB
Cached:          1187776 kB
MemTotal:        1844596 kB
MemFree:          170400 kB
MemAvailable:    1450796 kB
Buffers:          105944 kB
Cached:          1187776 kB
MemTotal:        1844596 kB
MemFree:          169836 kB
MemAvailable:    1450232 kB
Buffers:          105944 kB
Cached:          1187776 kB
MemTotal:        1844596 kB
MemFree:          170308 kB
MemAvailable:    1450704 kB
Buffers:          105944 kB
Cached:          1187776 kB
MemTotal:        1844596 kB
MemFree:          170200 kB
MemAvailable:    1450596 kB
Buffers:          105944 kB
Cached:          1187776 kB
MemTotal:        1844596 kB
MemFree:          170488 kB
MemAvailable:    1450884 kB
Buffers:          105944 kB
Cached:          1187776 kB
MemTotal:        1844596 kB
MemFree:          169272 kB
MemAvailable:    1449668 kB
Buffers:          105944 kB
Cached:          1187776 kB
MemTotal:        1844596 kB
MemFree:          170432 kB
MemAvailable:    1450828 kB
Buffers:          105944 kB
Cached:          1187776 kB
MemTotal:        1844596 kB
MemFree:          170684 kB
MemAvailable:    1451080 kB
Buffers:          105944 kB
Cached:          1187776 kB
MemTotal:        1844596 kB
MemFree:          169152 kB
MemAvailable:    1449548 kB
Buffers:          105944 kB
Cached:          1187776 kB
MemTotal:        1844596 kB
MemFree:          170420 kB
MemAvailable:    1450816 kB
Buffers:          105944 kB
Cached:          1187776 kB
MemTotal:        1844596 kB
MemFree:          169704 kB
MemAvailable:    1450100 kB
Buffers:          105944 kB
Cached:          1187776 kB
MemTotal:        1844596 kB
MemFree:          170376 kB
MemAvailable:    1450772 kB
Buffers:          105944 kB
Cached:          1187776 kB
MemTotal:        1844596 kB
MemFree:          169208 kB
MemAvailable:    1449604 kB
Buffers:          105944 kB
Cached:          1187776 kB
MemTotal:        1844596 kB
MemFree:          169820 kB
MemAvailable:    1450220 kB
Buffers:          105944 kB
Cached:          1187780 kB
MemTotal:        1844596 kB
MemFree:          169208 kB
MemAvailable:    1449608 kB
Buffers:          105944 kB
Cached:          1187780 kB
MemTotal:        1844596 kB
MemFree:          169068 kB
MemAvailable:    1449468 kB
Buffers:          105944 kB
Cached:          1187780 kB
MemTotal:        1844596 kB
MemFree:          168588 kB
MemAvailable:    1448988 kB
Buffers:          105944 kB
Cached:          1187780 kB
MemTotal:        1844596 kB
MemFree:          168712 kB
MemAvailable:    1449112 kB
Buffers:          105944 kB
Cached:          1187780 kB
MemTotal:        1844596 kB
MemFree:          167596 kB
MemAvailable:    1447996 kB
Buffers:          105944 kB
Cached:          1187780 kB
MemTotal:        1844596 kB
MemFree:          168776 kB
MemAvailable:    1449176 kB
Buffers:          105944 kB
Cached:          1187780 kB
MemTotal:        1844596 kB
MemFree:          168028 kB
MemAvailable:    1448428 kB
Buffers:          105944 kB
Cached:          1187780 kB
MemTotal:        1844596 kB
MemFree:          166728 kB
MemAvailable:    1447128 kB
Buffers:          105944 kB
Cached:          1187780 kB
MemTotal:        1844596 kB
MemFree:          167772 kB
MemAvailable:    1448172 kB
Buffers:          105944 kB
Cached:          1187780 kB
MemTotal:        1844596 kB
MemFree:          166116 kB
MemAvailable:    1446516 kB
Buffers:          105944 kB
Cached:          1187780 kB
MemTotal:        1844596 kB
MemFree:          166796 kB
MemAvailable:    1447200 kB
Buffers:          105944 kB
Cached:          1187784 kB
MemTotal:        1844596 kB
MemFree:          167132 kB
MemAvailable:    1447536 kB
Buffers:          105944 kB
Cached:          1187784 kB
MemTotal:        1844596 kB
MemFree:          166580 kB
MemAvailable:    1446984 kB
Buffers:          105944 kB
Cached:          1187784 kB
MemTotal:        1844596 kB
MemFree:          166580 kB
MemAvailable:    1446984 kB
Buffers:          105944 kB
Cached:          1187784 kB
MemTotal:        1844596 kB
MemFree:          166360 kB
MemAvailable:    1446764 kB
Buffers:          105944 kB
Cached:          1187784 kB
MemTotal:        1844596 kB
MemFree:          165060 kB
MemAvailable:    1445464 kB
Buffers:          105944 kB
Cached:          1187784 kB
MemTotal:        1844596 kB
MemFree:          166352 kB
MemAvailable:    1446756 kB
Buffers:          105944 kB
Cached:          1187784 kB
MemTotal:        1844596 kB
MemFree:          165308 kB
MemAvailable:    1445712 kB
Buffers:          105944 kB
Cached:          1187784 kB
MemTotal:        1844596 kB
MemFree:          165184 kB
MemAvailable:    1445588 kB
Buffers:          105944 kB
Cached:          1187784 kB
MemTotal:        1844596 kB
MemFree:          166284 kB
MemAvailable:    1446688 kB
Buffers:          105944 kB
Cached:          1187784 kB
MemTotal:        1844596 kB
MemFree:          166620 kB
MemAvailable:    1447024 kB
Buffers:          105944 kB
Cached:          1187784 kB
MemTotal:        1844596 kB
MemFree:          165176 kB
MemAvailable:    1445580 kB
Buffers:          105944 kB
Cached:          1187784 kB
MemTotal:        1844596 kB
MemFree:          166276 kB
MemAvailable:    1446680 kB
Buffers:          105944 kB
Cached:          1187784 kB
MemTotal:        1844596 kB
MemFree:          165860 kB
MemAvailable:    1446264 kB
Buffers:          105944 kB
Cached:          1187784 kB
MemTotal:        1844596 kB
MemFree:          166052 kB
MemAvailable:    1446456 kB
Buffers:          105944 kB
Cached:          1187784 kB
MemTotal:        1844596 kB
MemFree:          166132 kB
MemAvailable:    1446536 kB
Buffers:          105944 kB
Cached:          1187784 kB
MemTotal:        1844596 kB
MemFree:          165372 kB
MemAvailable:    1445776 kB
Buffers:          105944 kB
Cached:          1187784 kB
MemTotal:        1844596 kB
MemFree:          166100 kB
MemAvailable:    1446504 kB
Buffers:          105944 kB
Cached:          1187784 kB
MemTotal:        1844596 kB
MemFree:          166352 kB
MemAvailable:    1446756 kB
Buffers:          105944 kB
Cached:          1187784 kB
MemTotal:        1844596 kB
MemFree:          166060 kB
MemAvailable:    1446464 kB
Buffers:          105944 kB
Cached:          1187784 kB
MemTotal:        1844596 kB
MemFree:          165916 kB
MemAvailable:    1446320 kB
Buffers:          105944 kB
Cached:          1187784 kB
MemTotal:        1844596 kB
MemFree:          166252 kB
MemAvailable:    1446656 kB
Buffers:          105944 kB
Cached:          1187784 kB
MemTotal:        1844596 kB
MemFree:          165968 kB
MemAvailable:    1446372 kB
Buffers:          105944 kB
Cached:          1187784 kB
MemTotal:        1844596 kB
MemFree:          166304 kB
MemAvailable:    1446708 kB
Buffers:          105944 kB
Cached:          1187784 kB
MemTotal:        1844596 kB
MemFree:          164812 kB
MemAvailable:    1445216 kB
Buffers:          105944 kB
Cached:          1187784 kB
MemTotal:        1844596 kB
MemFree:          166040 kB
MemAvailable:    1446444 kB
Buffers:          105944 kB
Cached:          1187784 kB
MemTotal:        1844596 kB
MemFree:          165984 kB
MemAvailable:    1446388 kB
Buffers:          105944 kB
Cached:          1187784 kB
MemTotal:        1844596 kB
MemFree:          165928 kB
MemAvailable:    1446332 kB
Buffers:          105944 kB
Cached:          1187784 kB
MemTotal:        1844596 kB
MemFree:          164856 kB
MemAvailable:    1445260 kB
Buffers:          105944 kB
Cached:          1187784 kB
MemTotal:        1844596 kB
MemFree:          163876 kB
MemAvailable:    1444280 kB
Buffers:          105944 kB
Cached:          1187784 kB
MemTotal:        1844596 kB
MemFree:          165176 kB
MemAvailable:    1445580 kB
Buffers:          105944 kB
Cached:          1187784 kB
MemTotal:        1844596 kB
MemFree:          163612 kB
MemAvailable:    1444016 kB
Buffers:          105944 kB
Cached:          1187784 kB
MemTotal:        1844596 kB
MemFree:          164620 kB
MemAvailable:    1445024 kB
Buffers:          105944 kB
Cached:          1187784 kB
MemTotal:        1844596 kB
MemFree:          162760 kB
MemAvailable:    1443164 kB
Buffers:          105944 kB
Cached:          1187784 kB
MemTotal:        1844596 kB
MemFree:          161828 kB
MemAvailable:    1442232 kB
Buffers:          105944 kB
Cached:          1187784 kB
MemTotal:        1844596 kB
MemFree:          159908 kB
MemAvailable:    1440312 kB
Buffers:          105944 kB
Cached:          1187784 kB
MemTotal:        1844596 kB
MemFree:          156312 kB
MemAvailable:    1436716 kB
Buffers:          105944 kB
Cached:          1187784 kB
MemTotal:        1844596 kB
MemFree:          153272 kB
MemAvailable:    1433676 kB
Buffers:          105944 kB
Cached:          1187784 kB
MemTotal:        1844596 kB
MemFree:          150484 kB
MemAvailable:    1430888 kB
Buffers:          105944 kB
Cached:          1187784 kB
MemTotal:        1844596 kB
MemFree:          146500 kB
MemAvailable:    1426904 kB
Buffers:          105944 kB
Cached:          1187784 kB
MemTotal:        1844596 kB
MemFree:          146384 kB
MemAvailable:    1426788 kB
Buffers:          105944 kB
Cached:          1187784 kB
MemTotal:        1844596 kB
MemFree:          147568 kB
MemAvailable:    1427972 kB
Buffers:          105944 kB
Cached:          1187784 kB
MemTotal:        1844596 kB
MemFree:          147736 kB
MemAvailable:    1428140 kB
Buffers:          105944 kB
Cached:          1187784 kB
MemTotal:        1844596 kB
MemFree:          147756 kB
MemAvailable:    1428160 kB
Buffers:          105944 kB
Cached:          1187784 kB
MemTotal:        1844596 kB
MemFree:          146640 kB
MemAvailable:    1427044 kB
Buffers:          105944 kB
Cached:          1187784 kB
MemTotal:        1844596 kB
MemFree:          146640 kB
MemAvailable:    1427044 kB
Buffers:          105944 kB
Cached:          1187784 kB
MemTotal:        1844596 kB
MemFree:          146384 kB
MemAvailable:    1426788 kB
Buffers:          105944 kB
Cached:          1187784 kB
MemTotal:        1844596 kB
MemFree:          147732 kB
MemAvailable:    1428136 kB
Buffers:          105944 kB
Cached:          1187784 kB
MemTotal:        1844596 kB
MemFree:          147360 kB
MemAvailable:    1427764 kB
Buffers:          105944 kB
Cached:          1187784 kB
MemTotal:        1844596 kB
MemFree:          146832 kB
MemAvailable:    1427236 kB
Buffers:          105944 kB
Cached:          1187784 kB
MemTotal:        1844596 kB
MemFree:          145992 kB
MemAvailable:    1426396 kB
Buffers:          105944 kB
Cached:          1187784 kB
MemTotal:        1844596 kB
MemFree:          147356 kB
MemAvailable:    1427760 kB
Buffers:          105944 kB
Cached:          1187784 kB
MemTotal:        1844596 kB
MemFree:          146764 kB
MemAvailable:    1427168 kB
Buffers:          105944 kB
Cached:          1187784 kB
MemTotal:        1844596 kB
MemFree:          146592 kB
MemAvailable:    1426996 kB
Buffers:          105944 kB
Cached:          1187784 kB
MemTotal:        1844596 kB
MemFree:          146488 kB
MemAvailable:    1426892 kB
Buffers:          105944 kB
Cached:          1187784 kB
MemTotal:        1844596 kB
MemFree:          146516 kB
MemAvailable:    1426920 kB
Buffers:          105944 kB
Cached:          1187784 kB
MemTotal:        1844596 kB
MemFree:          145212 kB
MemAvailable:    1425616 kB
Buffers:          105944 kB
Cached:          1187784 kB
MemTotal:        1844596 kB
MemFree:          145344 kB
MemAvailable:    1425748 kB
Buffers:          105944 kB
Cached:          1187784 kB
MemTotal:        1844596 kB
MemFree:          145212 kB
MemAvailable:    1425616 kB
Buffers:          105944 kB
Cached:          1187784 kB
MemTotal:        1844596 kB
MemFree:          146516 kB
MemAvailable:    1426920 kB
Buffers:          105944 kB
Cached:          1187784 kB
MemTotal:        1844596 kB
MemFree:          145444 kB
MemAvailable:    1425856 kB
Buffers:          105944 kB
Cached:          1187792 kB
MemTotal:        1844596 kB
MemFree:          145408 kB
MemAvailable:    1425820 kB
Buffers:          105944 kB
Cached:          1187792 kB
MemTotal:        1844596 kB
MemFree:          146584 kB
MemAvailable:    1426996 kB
Buffers:          105944 kB
Cached:          1187792 kB
MemTotal:        1844596 kB
MemFree:          145276 kB
MemAvailable:    1425688 kB
Buffers:          105944 kB
Cached:          1187792 kB
MemTotal:        1844596 kB
MemFree:          146516 kB
MemAvailable:    1426928 kB
Buffers:          105944 kB
Cached:          1187792 kB
MemTotal:        1844596 kB
MemFree:          146516 kB
MemAvailable:    1426928 kB
Buffers:          105944 kB
Cached:          1187792 kB
MemTotal:        1844596 kB
MemFree:          146572 kB
MemAvailable:    1426984 kB
Buffers:          105944 kB
Cached:          1187792 kB
MemTotal:        1844596 kB
MemFree:          146536 kB
MemAvailable:    1426948 kB
Buffers:          105944 kB
Cached:          1187792 kB
MemTotal:        1844596 kB
MemFree:          145360 kB
MemAvailable:    1425772 kB
Buffers:          105944 kB
Cached:          1187792 kB
MemTotal:        1844596 kB
MemFree:          146572 kB
MemAvailable:    1426984 kB
Buffers:          105944 kB
Cached:          1187792 kB
MemTotal:        1844596 kB
MemFree:          145912 kB
MemAvailable:    1426324 kB
Buffers:          105944 kB
Cached:          1187792 kB
MemTotal:        1844596 kB
MemFree:          142788 kB
MemAvailable:    1423200 kB
Buffers:          105944 kB
Cached:          1187792 kB
MemTotal:        1844596 kB
MemFree:          142788 kB
MemAvailable:    1423200 kB
Buffers:          105944 kB
Cached:          1187792 kB
MemTotal:        1844596 kB
MemFree:          138712 kB
MemAvailable:    1419124 kB
Buffers:          105944 kB
Cached:          1187792 kB
MemTotal:        1844596 kB
MemFree:          135676 kB
MemAvailable:    1416088 kB
Buffers:          105944 kB
Cached:          1187792 kB
MemTotal:        1844596 kB
MemFree:          132016 kB
MemAvailable:    1412428 kB
Buffers:          105944 kB
Cached:          1187792 kB
MemTotal:        1844596 kB
MemFree:          129712 kB
MemAvailable:    1410124 kB
Buffers:          105944 kB
Cached:          1187792 kB
MemTotal:        1844596 kB
MemFree:          127304 kB
MemAvailable:    1407716 kB
Buffers:          105944 kB
Cached:          1187792 kB
MemTotal:        1844596 kB
MemFree:          127552 kB
MemAvailable:    1407964 kB
Buffers:          105944 kB
Cached:          1187792 kB
MemTotal:        1844596 kB
MemFree:          127180 kB
MemAvailable:    1407592 kB
Buffers:          105944 kB
Cached:          1187792 kB
MemTotal:        1844596 kB
MemFree:          127172 kB
MemAvailable:    1407584 kB
Buffers:          105944 kB
Cached:          1187792 kB
MemTotal:        1844596 kB
MemFree:          127040 kB
MemAvailable:    1407452 kB
Buffers:          105944 kB
Cached:          1187792 kB
MemTotal:        1844596 kB
MemFree:          128340 kB
MemAvailable:    1408752 kB
Buffers:          105944 kB
Cached:          1187792 kB
MemTotal:        1844596 kB
MemFree:          127312 kB
MemAvailable:    1407724 kB
Buffers:          105944 kB
Cached:          1187792 kB
MemTotal:        1844596 kB
MemFree:          128164 kB
MemAvailable:    1408576 kB
Buffers:          105944 kB
Cached:          1187792 kB
MemTotal:        1844596 kB
MemFree:          128500 kB
MemAvailable:    1408912 kB
Buffers:          105944 kB
Cached:          1187792 kB
MemTotal:        1844596 kB
MemFree:          128288 kB
MemAvailable:    1408700 kB
Buffers:          105944 kB
Cached:          1187792 kB
MemTotal:        1844596 kB
MemFree:          128540 kB
MemAvailable:    1408952 kB
Buffers:          105944 kB
Cached:          1187792 kB
MemTotal:        1844596 kB
MemFree:          128308 kB
MemAvailable:    1408720 kB
Buffers:          105944 kB
Cached:          1187792 kB
MemTotal:        1844596 kB
MemFree:          127128 kB
MemAvailable:    1407540 kB
Buffers:          105944 kB
Cached:          1187792 kB
MemTotal:        1844596 kB
MemFree:          126996 kB
MemAvailable:    1407408 kB
Buffers:          105944 kB
Cached:          1187792 kB
MemTotal:        1844596 kB
MemFree:          126996 kB
MemAvailable:    1407408 kB
Buffers:          105944 kB
Cached:          1187792 kB
MemTotal:        1844596 kB
MemFree:          128236 kB
MemAvailable:    1408648 kB
Buffers:          105944 kB
Cached:          1187792 kB
MemTotal:        1844596 kB
MemFree:          128148 kB
MemAvailable:    1408560 kB
Buffers:          105944 kB
Cached:          1187792 kB
MemTotal:        1844596 kB
MemFree:          128232 kB
MemAvailable:    1408644 kB
Buffers:          105944 kB
Cached:          1187792 kB
MemTotal:        1844596 kB
MemFree:          127008 kB
MemAvailable:    1407420 kB
Buffers:          105944 kB
Cached:          1187792 kB
MemTotal:        1844596 kB
MemFree:          128356 kB
MemAvailable:    1408768 kB
Buffers:          105944 kB
Cached:          1187792 kB
MemTotal:        1844596 kB
MemFree:          128308 kB
MemAvailable:    1408720 kB
Buffers:          105944 kB
Cached:          1187792 kB
MemTotal:        1844596 kB
MemFree:          128228 kB
MemAvailable:    1408640 kB
Buffers:          105944 kB
Cached:          1187792 kB
MemTotal:        1844596 kB
MemFree:          128048 kB
MemAvailable:    1408460 kB
Buffers:          105944 kB
Cached:          1187792 kB
MemTotal:        1844596 kB
MemFree:          128300 kB
MemAvailable:    1408712 kB
Buffers:          105944 kB
Cached:          1187792 kB
MemTotal:        1844596 kB
MemFree:          128464 kB
MemAvailable:    1408876 kB
Buffers:          105944 kB
Cached:          1187792 kB
MemTotal:        1844596 kB
MemFree:          127552 kB
MemAvailable:    1407964 kB
Buffers:          105944 kB
Cached:          1187792 kB
MemTotal:        1844596 kB
MemFree:          128316 kB
MemAvailable:    1408728 kB
Buffers:          105944 kB
Cached:          1187792 kB
MemTotal:        1844596 kB
MemFree:          127136 kB
MemAvailable:    1407548 kB
Buffers:          105944 kB
Cached:          1187792 kB
MemTotal:        1844596 kB
MemFree:          127004 kB
MemAvailable:    1407416 kB
Buffers:          105944 kB
Cached:          1187792 kB
MemTotal:        1844596 kB
MemFree:          127004 kB
MemAvailable:    1407416 kB
Buffers:          105944 kB
Cached:          1187792 kB
MemTotal:        1844596 kB
MemFree:          128148 kB
MemAvailable:    1408560 kB
Buffers:          105944 kB
Cached:          1187792 kB
MemTotal:        1844596 kB
MemFree:          128400 kB
MemAvailable:    1408812 kB
Buffers:          105944 kB
Cached:          1187792 kB
MemTotal:        1844596 kB
MemFree:          128236 kB
MemAvailable:    1408648 kB
Buffers:          105944 kB
Cached:          1187792 kB
MemTotal:        1844596 kB
MemFree:          127932 kB
MemAvailable:    1408344 kB
Buffers:          105944 kB
Cached:          1187792 kB
MemTotal:        1844596 kB
MemFree:          126924 kB
MemAvailable:    1407336 kB
Buffers:          105944 kB
Cached:          1187792 kB
MemTotal:        1844596 kB
MemFree:          126916 kB
MemAvailable:    1407328 kB
Buffers:          105944 kB
Cached:          1187792 kB
MemTotal:        1844596 kB
MemFree:          126560 kB
MemAvailable:    1406972 kB
Buffers:          105944 kB
Cached:          1187792 kB
MemTotal:        1844596 kB
MemFree:          121452 kB
MemAvailable:    1401864 kB
Buffers:          105944 kB
Cached:          1187792 kB
MemTotal:        1844596 kB
MemFree:          121536 kB
MemAvailable:    1401948 kB
Buffers:          105944 kB
Cached:          1187792 kB
MemTotal:        1844596 kB
MemFree:          116452 kB
MemAvailable:    1396864 kB
Buffers:          105944 kB
Cached:          1187792 kB
MemTotal:        1844596 kB
MemFree:          113228 kB
MemAvailable:    1393640 kB
Buffers:          105944 kB
Cached:          1187792 kB
MemTotal:        1844596 kB
MemFree:          110068 kB
MemAvailable:    1390480 kB
Buffers:          105944 kB
Cached:          1187792 kB
MemTotal:        1844596 kB
MemFree:          110796 kB
MemAvailable:    1391208 kB
Buffers:          105944 kB
Cached:          1187792 kB
MemTotal:        1844596 kB
MemFree:          110756 kB
MemAvailable:    1391168 kB
Buffers:          105944 kB
Cached:          1187792 kB
MemTotal:        1844596 kB
MemFree:          110732 kB
MemAvailable:    1391144 kB
Buffers:          105944 kB
Cached:          1187792 kB
MemTotal:        1844596 kB
MemFree:          109288 kB
MemAvailable:    1389700 kB
Buffers:          105944 kB
Cached:          1187792 kB
MemTotal:        1844596 kB
MemFree:          110128 kB
MemAvailable:    1390540 kB
Buffers:          105944 kB
Cached:          1187792 kB
MemTotal:        1844596 kB
MemFree:          108820 kB
MemAvailable:    1389232 kB
Buffers:          105944 kB
Cached:          1187792 kB
MemTotal:        1844596 kB
MemFree:          109804 kB
MemAvailable:    1390216 kB
Buffers:          105944 kB
Cached:          1187792 kB
MemTotal:        1844596 kB
MemFree:          109864 kB
MemAvailable:    1390276 kB
Buffers:          105944 kB
Cached:          1187792 kB
MemTotal:        1844596 kB
MemFree:          108556 kB
MemAvailable:    1388968 kB
Buffers:          105944 kB
Cached:          1187792 kB
MemTotal:        1844596 kB
MemFree:          109392 kB
MemAvailable:    1389804 kB
Buffers:          105944 kB
Cached:          1187792 kB
MemTotal:        1844596 kB
MemFree:          109392 kB
MemAvailable:    1389804 kB
Buffers:          105944 kB
Cached:          1187792 kB
MemTotal:        1844596 kB
MemFree:          109392 kB
MemAvailable:    1389804 kB
Buffers:          105944 kB
Cached:          1187792 kB
MemTotal:        1844596 kB
MemFree:          109364 kB
MemAvailable:    1389776 kB
Buffers:          105944 kB
Cached:          1187792 kB
MemTotal:        1844596 kB
MemFree:          109124 kB
MemAvailable:    1389536 kB
Buffers:          105944 kB
Cached:          1187792 kB
MemTotal:        1844596 kB
MemFree:          108820 kB
MemAvailable:    1389232 kB
Buffers:          105944 kB
Cached:          1187792 kB
MemTotal:        1844596 kB
MemFree:          108572 kB
MemAvailable:    1388992 kB
Buffers:          105944 kB
Cached:          1187800 kB
MemTotal:        1844596 kB
MemFree:          108464 kB
MemAvailable:    1388884 kB
Buffers:          105944 kB
Cached:          1187800 kB
MemTotal:        1844596 kB
MemFree:          106844 kB
MemAvailable:    1387264 kB
Buffers:          105944 kB
Cached:          1187800 kB
MemTotal:        1844596 kB
MemFree:          107440 kB
MemAvailable:    1387860 kB
Buffers:          105944 kB
Cached:          1187800 kB
MemTotal:        1844596 kB
MemFree:          105852 kB
MemAvailable:    1386272 kB
Buffers:          105944 kB
Cached:          1187800 kB
MemTotal:        1844596 kB
MemFree:          106968 kB
MemAvailable:    1387388 kB
Buffers:          105944 kB
Cached:          1187800 kB
MemTotal:        1844596 kB
MemFree:          106160 kB
MemAvailable:    1386580 kB
Buffers:          105944 kB
Cached:          1187800 kB
MemTotal:        1844596 kB
MemFree:          104976 kB
MemAvailable:    1385396 kB
Buffers:          105944 kB
Cached:          1187800 kB
MemTotal:        1844596 kB
MemFree:          104976 kB
MemAvailable:    1385396 kB
Buffers:          105944 kB
Cached:          1187800 kB
MemTotal:        1844596 kB
MemFree:          104044 kB
MemAvailable:    1384464 kB
Buffers:          105944 kB
Cached:          1187800 kB
MemTotal:        1844596 kB
MemFree:          103860 kB
MemAvailable:    1384280 kB
Buffers:          105944 kB
Cached:          1187800 kB
MemTotal:        1844596 kB
MemFree:          103628 kB
MemAvailable:    1384048 kB
Buffers:          105944 kB
Cached:          1187800 kB
MemTotal:        1844596 kB
MemFree:          103696 kB
MemAvailable:    1384116 kB
Buffers:          105944 kB
Cached:          1187800 kB
MemTotal:        1844596 kB
MemFree:          103752 kB
MemAvailable:    1384172 kB
Buffers:          105944 kB
Cached:          1187800 kB
MemTotal:        1844596 kB
MemFree:          103612 kB
MemAvailable:    1384032 kB
Buffers:          105944 kB
Cached:          1187800 kB
MemTotal:        1844596 kB
MemFree:          103948 kB
MemAvailable:    1384368 kB
Buffers:          105944 kB
Cached:          1187800 kB
MemTotal:        1844596 kB
MemFree:          102372 kB
MemAvailable:    1382792 kB
Buffers:          105944 kB
Cached:          1187800 kB
MemTotal:        1844596 kB
MemFree:          101884 kB
MemAvailable:    1382304 kB
Buffers:          105944 kB
Cached:          1187800 kB
MemTotal:        1844596 kB
MemFree:          101140 kB
MemAvailable:    1381560 kB
Buffers:          105944 kB
Cached:          1187800 kB
MemTotal:        1844596 kB
MemFree:          102184 kB
MemAvailable:    1382604 kB
Buffers:          105944 kB
Cached:          1187800 kB
MemTotal:        1844596 kB
MemFree:          101272 kB
MemAvailable:    1381692 kB
Buffers:          105944 kB
Cached:          1187800 kB
MemTotal:        1844596 kB
MemFree:          101992 kB
MemAvailable:    1382412 kB
Buffers:          105944 kB
Cached:          1187800 kB
MemTotal:        1844596 kB
MemFree:          102328 kB
MemAvailable:    1382748 kB
Buffers:          105944 kB
Cached:          1187800 kB
MemTotal:        1844596 kB
MemFree:          100760 kB
MemAvailable:    1381180 kB
Buffers:          105944 kB
Cached:          1187800 kB
MemTotal:        1844596 kB
MemFree:          102184 kB
MemAvailable:    1382604 kB
Buffers:          105944 kB
Cached:          1187800 kB
MemTotal:        1844596 kB
MemFree:          101388 kB
MemAvailable:    1381808 kB
Buffers:          105944 kB
Cached:          1187800 kB
MemTotal:        1844596 kB
MemFree:          101856 kB
MemAvailable:    1382276 kB
Buffers:          105944 kB
Cached:          1187800 kB
MemTotal:        1844596 kB
MemFree:          102192 kB
MemAvailable:    1382612 kB
Buffers:          105944 kB
Cached:          1187800 kB
MemTotal:        1844596 kB
MemFree:          101944 kB
MemAvailable:    1382364 kB
Buffers:          105944 kB
Cached:          1187800 kB
MemTotal:        1844596 kB
MemFree:          101884 kB
MemAvailable:    1382304 kB
Buffers:          105944 kB
Cached:          1187800 kB
MemTotal:        1844596 kB
MemFree:          101980 kB
MemAvailable:    1382400 kB
Buffers:          105944 kB
Cached:          1187800 kB
MemTotal:        1844596 kB
MemFree:          102132 kB
MemAvailable:    1382552 kB
Buffers:          105944 kB
Cached:          1187800 kB
MemTotal:        1844596 kB
MemFree:          101952 kB
MemAvailable:    1382372 kB
Buffers:          105944 kB
Cached:          1187800 kB
MemTotal:        1844596 kB
MemFree:          101980 kB
MemAvailable:    1382400 kB
Buffers:          105944 kB
Cached:          1187800 kB
MemTotal:        1844596 kB
MemFree:          101760 kB
MemAvailable:    1382180 kB
Buffers:          105944 kB
Cached:          1187800 kB
MemTotal:        1844596 kB
MemFree:          101996 kB
MemAvailable:    1382416 kB
Buffers:          105944 kB
Cached:          1187800 kB
MemTotal:        1844596 kB
MemFree:          102344 kB
MemAvailable:    1382764 kB
Buffers:          105944 kB
Cached:          1187800 kB
MemTotal:        1844596 kB
MemFree:          102232 kB
MemAvailable:    1382652 kB
Buffers:          105944 kB
Cached:          1187800 kB
MemTotal:        1844596 kB
MemFree:          101972 kB
MemAvailable:    1382392 kB
Buffers:          105944 kB
Cached:          1187800 kB
MemTotal:        1844596 kB
MemFree:          102204 kB
MemAvailable:    1382624 kB
Buffers:          105944 kB
Cached:          1187800 kB
MemTotal:        1844596 kB
MemFree:          100880 kB
MemAvailable:    1381300 kB
Buffers:          105944 kB
Cached:          1187800 kB
MemTotal:        1844596 kB
MemFree:          100872 kB
MemAvailable:    1381292 kB
Buffers:          105944 kB
Cached:          1187800 kB
MemTotal:        1844596 kB
MemFree:          100880 kB
MemAvailable:    1381300 kB
Buffers:          105944 kB
Cached:          1187800 kB
MemTotal:        1844596 kB
MemFree:          102120 kB
MemAvailable:    1382540 kB
Buffers:          105944 kB
Cached:          1187800 kB
MemTotal:        1844596 kB
MemFree:          101636 kB
MemAvailable:    1382056 kB
Buffers:          105944 kB
Cached:          1187800 kB
MemTotal:        1844596 kB
MemFree:          101864 kB
MemAvailable:    1382284 kB
Buffers:          105944 kB
Cached:          1187800 kB
MemTotal:        1844596 kB
MemFree:          102200 kB
MemAvailable:    1382620 kB
Buffers:          105944 kB
Cached:          1187800 kB
MemTotal:        1844596 kB
MemFree:          101984 kB
MemAvailable:    1382404 kB
Buffers:          105944 kB
Cached:          1187800 kB
MemTotal:        1844596 kB
MemFree:          101984 kB
MemAvailable:    1382404 kB
Buffers:          105944 kB
Cached:          1187800 kB
MemTotal:        1844596 kB
MemFree:          101820 kB
MemAvailable:    1382240 kB
Buffers:          105944 kB
Cached:          1187800 kB
MemTotal:        1844596 kB
MemFree:          102156 kB
MemAvailable:    1382576 kB
Buffers:          105944 kB
Cached:          1187800 kB
MemTotal:        1844596 kB
MemFree:          101996 kB
MemAvailable:    1382416 kB
Buffers:          105944 kB
Cached:          1187800 kB
MemTotal:        1844596 kB
MemFree:          101496 kB
MemAvailable:    1381916 kB
Buffers:          105944 kB
Cached:          1187800 kB
MemTotal:        1844596 kB
MemFree:          100500 kB
MemAvailable:    1380920 kB
Buffers:          105944 kB
Cached:          1187800 kB
MemTotal:        1844596 kB
MemFree:          102056 kB
MemAvailable:    1382476 kB
Buffers:          105944 kB
Cached:          1187800 kB
MemTotal:        1844596 kB
MemFree:          100832 kB
MemAvailable:    1381252 kB
Buffers:          105944 kB
Cached:          1187800 kB
MemTotal:        1844596 kB
MemFree:          100708 kB
MemAvailable:    1381128 kB
Buffers:          105944 kB
Cached:          1187800 kB
MemTotal:        1844596 kB
MemFree:          102000 kB
MemAvailable:    1382420 kB
Buffers:          105944 kB
Cached:          1187800 kB
MemTotal:        1844596 kB
MemFree:          102252 kB
MemAvailable:    1382672 kB
Buffers:          105944 kB
Cached:          1187800 kB
MemTotal:        1844596 kB
MemFree:          101024 kB
MemAvailable:    1381444 kB
Buffers:          105944 kB
Cached:          1187800 kB
MemTotal:        1844596 kB
MemFree:          102324 kB
MemAvailable:    1382744 kB
Buffers:          105948 kB
Cached:          1187796 kB
MemTotal:        1844596 kB
MemFree:          101024 kB
MemAvailable:    1381444 kB
Buffers:          105948 kB
Cached:          1187796 kB
MemTotal:        1844596 kB
MemFree:          101372 kB
MemAvailable:    1381792 kB
Buffers:          105948 kB
Cached:          1187796 kB
MemTotal:        1844596 kB
MemFree:          101372 kB
MemAvailable:    1381792 kB
Buffers:          105948 kB
Cached:          1187796 kB
MemTotal:        1844596 kB
MemFree:           97048 kB
MemAvailable:    1377468 kB
Buffers:          105948 kB
Cached:          1187796 kB
MemTotal:        1844596 kB
MemFree:           95064 kB
MemAvailable:    1375484 kB
Buffers:          105948 kB
Cached:          1187796 kB
MemTotal:        1844596 kB
MemFree:           92296 kB
MemAvailable:    1372716 kB
Buffers:          105948 kB
Cached:          1187796 kB
MemTotal:        1844596 kB
MemFree:           89740 kB
MemAvailable:    1370160 kB
Buffers:          105948 kB
Cached:          1187796 kB
MemTotal:        1844596 kB
MemFree:           85996 kB
MemAvailable:    1366416 kB
Buffers:          105948 kB
Cached:          1187796 kB
MemTotal:        1844596 kB
MemFree:           85888 kB
MemAvailable:    1366308 kB
Buffers:          105948 kB
Cached:          1187796 kB
MemTotal:        1844596 kB
MemFree:           82972 kB
MemAvailable:    1363392 kB
Buffers:          105948 kB
Cached:          1187796 kB
MemTotal:        1844596 kB
MemFree:           81540 kB
MemAvailable:    1361960 kB
Buffers:          105948 kB
Cached:          1187796 kB
MemTotal:        1844596 kB
MemFree:           82780 kB
MemAvailable:    1363200 kB
Buffers:          105948 kB
Cached:          1187796 kB
MemTotal:        1844596 kB
MemFree:           81284 kB
MemAvailable:    1361704 kB
Buffers:          105948 kB
Cached:          1187796 kB
MemTotal:        1844596 kB
MemFree:           81540 kB
MemAvailable:    1361964 kB
Buffers:          105948 kB
Cached:          1187800 kB
MemTotal:        1844596 kB
MemFree:           81424 kB
MemAvailable:    1361848 kB
Buffers:          105948 kB
Cached:          1187800 kB
MemTotal:        1844596 kB
MemFree:           81376 kB
MemAvailable:    1361812 kB
Buffers:          105948 kB
Cached:          1187812 kB
MemTotal:        1844596 kB
MemFree:           82640 kB
MemAvailable:    1363076 kB
Buffers:          105948 kB
Cached:          1187812 kB
MemTotal:        1844596 kB
MemFree:           82724 kB
MemAvailable:    1363160 kB
Buffers:          105948 kB
Cached:          1187812 kB
MemTotal:        1844596 kB
MemFree:           82536 kB
MemAvailable:    1362972 kB
Buffers:          105948 kB
Cached:          1187812 kB
MemTotal:        1844596 kB
MemFree:           82388 kB
MemAvailable:    1362824 kB
Buffers:          105948 kB
Cached:          1187812 kB
MemTotal:        1844596 kB
MemFree:           82472 kB
MemAvailable:    1362908 kB
Buffers:          105948 kB
Cached:          1187812 kB
MemTotal:        1844596 kB
MemFree:           82492 kB
MemAvailable:    1362928 kB
Buffers:          105948 kB
Cached:          1187812 kB
MemTotal:        1844596 kB
MemFree:           81536 kB
MemAvailable:    1361972 kB
Buffers:          105948 kB
Cached:          1187812 kB
MemTotal:        1844596 kB
MemFree:           82520 kB
MemAvailable:    1362956 kB
Buffers:          105948 kB
Cached:          1187812 kB
MemTotal:        1844596 kB
MemFree:           80996 kB
MemAvailable:    1361432 kB
Buffers:          105948 kB
Cached:          1187812 kB
MemTotal:        1844596 kB
MemFree:           82272 kB
MemAvailable:    1362708 kB
Buffers:          105948 kB
Cached:          1187812 kB
MemTotal:        1844596 kB
MemFree:           82524 kB
MemAvailable:    1362960 kB
Buffers:          105948 kB
Cached:          1187812 kB
MemTotal:        1844596 kB
MemFree:           82180 kB
MemAvailable:    1362616 kB
Buffers:          105948 kB
Cached:          1187812 kB
MemTotal:        1844596 kB
MemFree:           82300 kB
MemAvailable:    1362736 kB
Buffers:          105948 kB
Cached:          1187812 kB
MemTotal:        1844596 kB
MemFree:           80992 kB
MemAvailable:    1361428 kB
Buffers:          105948 kB
Cached:          1187812 kB
MemTotal:        1844596 kB
MemFree:           80992 kB
MemAvailable:    1361428 kB
Buffers:          105948 kB
Cached:          1187812 kB
MemTotal:        1844596 kB
MemFree:           82220 kB
MemAvailable:    1362656 kB
Buffers:          105948 kB
Cached:          1187812 kB
MemTotal:        1844596 kB
MemFree:           81556 kB
MemAvailable:    1361992 kB
Buffers:          105948 kB
Cached:          1187812 kB
MemTotal:        1844596 kB
MemFree:           81912 kB
MemAvailable:    1362348 kB
Buffers:          105948 kB
Cached:          1187812 kB
MemTotal:        1844596 kB
MemFree:           81996 kB
MemAvailable:    1362432 kB
Buffers:          105948 kB
Cached:          1187812 kB
MemTotal:        1844596 kB
MemFree:           81476 kB
MemAvailable:    1361912 kB
Buffers:          105948 kB
Cached:          1187812 kB
MemTotal:        1844596 kB
MemFree:           75332 kB
MemAvailable:    1355768 kB
Buffers:          105948 kB
Cached:          1187812 kB
MemTotal:        1844596 kB
MemFree:           74728 kB
MemAvailable:    1355164 kB
Buffers:          105948 kB
Cached:          1187812 kB
MemTotal:        1844596 kB
MemFree:           71816 kB
MemAvailable:    1352252 kB
Buffers:          105948 kB
Cached:          1187812 kB
MemTotal:        1844596 kB
MemFree:           72372 kB
MemAvailable:    1352808 kB
Buffers:          105948 kB
Cached:          1187812 kB
MemTotal:        1844596 kB
MemFree:           71388 kB
MemAvailable:    1351824 kB
Buffers:          105948 kB
Cached:          1187812 kB
MemTotal:        1844596 kB
MemFree:           72108 kB
MemAvailable:    1352544 kB
Buffers:          105948 kB
Cached:          1187812 kB
MemTotal:        1844596 kB
MemFree:           71628 kB
MemAvailable:    1352064 kB
Buffers:          105948 kB
Cached:          1187812 kB
MemTotal:        1844596 kB
MemFree:           70944 kB
MemAvailable:    1351380 kB
Buffers:          105948 kB
Cached:          1187812 kB
MemTotal:        1844596 kB
MemFree:           69396 kB
MemAvailable:    1349832 kB
Buffers:          105948 kB
Cached:          1187812 kB
MemTotal:        1844596 kB
MemFree:           69728 kB
MemAvailable:    1350164 kB
Buffers:          105948 kB
Cached:          1187812 kB
MemTotal:        1844596 kB
MemFree:           69248 kB
MemAvailable:    1349684 kB
Buffers:          105948 kB
Cached:          1187812 kB
MemTotal:        1844596 kB
MemFree:           68776 kB
MemAvailable:    1349212 kB
Buffers:          105948 kB
Cached:          1187812 kB
MemTotal:        1844596 kB
MemFree:           69216 kB
MemAvailable:    1349652 kB
Buffers:          105948 kB
Cached:          1187812 kB
MemTotal:        1844596 kB
MemFree:           67872 kB
MemAvailable:    1348392 kB
Buffers:          105948 kB
Cached:          1187936 kB
MemTotal:        1844596 kB
MemFree:           69244 kB
MemAvailable:    1349848 kB
Buffers:          105948 kB
Cached:          1188060 kB
MemTotal:        1844596 kB
MemFree:           67756 kB
MemAvailable:    1348528 kB
Buffers:          105948 kB
Cached:          1188184 kB
MemTotal:        1844596 kB
MemFree:           69112 kB
MemAvailable:    1349968 kB
Buffers:          105948 kB
Cached:          1188308 kB
MemTotal:        1844596 kB
MemFree:           68604 kB
MemAvailable:    1349628 kB
Buffers:          105948 kB
Cached:          1188432 kB
MemTotal:        1844596 kB
MemFree:           68660 kB
MemAvailable:    1349684 kB
Buffers:          105948 kB
Cached:          1188432 kB
MemTotal:        1844596 kB
MemFree:           68664 kB
MemAvailable:    1349688 kB
Buffers:          105948 kB
Cached:          1188432 kB
MemTotal:        1844596 kB
MemFree:           67480 kB
MemAvailable:    1348504 kB
Buffers:          105948 kB
Cached:          1188432 kB
MemTotal:        1844596 kB
MemFree:           68592 kB
MemAvailable:    1349616 kB
Buffers:          105948 kB
Cached:          1188432 kB
MemTotal:        1844596 kB
MemFree:           68660 kB
MemAvailable:    1349684 kB
Buffers:          105948 kB
Cached:          1188432 kB
MemTotal:        1844596 kB
MemFree:           68388 kB
MemAvailable:    1349412 kB
Buffers:          105948 kB
Cached:          1188432 kB
MemTotal:        1844596 kB
MemFree:           68428 kB
MemAvailable:    1349452 kB
Buffers:          105948 kB
Cached:          1188432 kB
MemTotal:        1844596 kB
MemFree:           67364 kB
MemAvailable:    1348388 kB
Buffers:          105948 kB
Cached:          1188432 kB
MemTotal:        1844596 kB
MemFree:           67924 kB
MemAvailable:    1348360 kB
Buffers:          105948 kB
Cached:          1187800 kB
MemTotal:        1844596 kB
MemFree:           66840 kB
MemAvailable:    1347276 kB
Buffers:          105948 kB
Cached:          1187800 kB
MemTotal:        1844596 kB
MemFree:          145372 kB
MemAvailable:    1425808 kB
Buffers:          105948 kB
Cached:          1187800 kB
MemTotal:        1844596 kB
MemFree:          264276 kB
MemAvailable:    1544712 kB
Buffers:          105948 kB
Cached:          1187800 kB
