MemTotal:        1844596 kB
MemFree:          268508 kB
MemAvailable:    1545336 kB
Buffers:          103704 kB
Cached:          1189652 kB
MemTotal:        1844596 kB
MemFree:          240128 kB
MemAvailable:    1516964 kB
Buffers:          103704 kB
Cached:          1189656 kB
MemTotal:        1844596 kB
MemFree:          240740 kB
MemAvailable:    1517584 kB
Buffers:          103716 kB
Cached:          1189652 kB
MemTotal:        1844596 kB
MemFree:          240112 kB
MemAvailable:    1516960 kB
Buffers:          103716 kB
Cached:          1189656 kB
MemTotal:        1844596 kB
MemFree:          240448 kB
MemAvailable:    1517296 kB
Buffers:          103716 kB
Cached:          1189656 kB
MemTotal:        1844596 kB
MemFree:          236276 kB
MemAvailable:    1513124 kB
Buffers:          103716 kB
Cached:          1189656 kB
MemTotal:        1844596 kB
MemFree:          237640 kB
MemAvailable:    1514488 kB
Buffers:          103716 kB
Cached:          1189656 kB
MemTotal:        1844596 kB
MemFree:          235036 kB
MemAvailable:    1511884 kB
Buffers:          103716 kB
Cached:          1189656 kB
MemTotal:        1844596 kB
MemFree:          233564 kB
MemAvailable:    1510412 kB
Buffers:          103716 kB
Cached:          1189656 kB
MemTotal:        1844596 kB
MemFree:          230264 kB
MemAvailable:    1507112 kB
Buffers:          103716 kB
Cached:          1189656 kB
MemTotal:        1844596 kB
MemFree:          225124 kB
MemAvailable:    1501972 kB
Buffers:          103716 kB
Cached:          1189656 kB
MemTotal:        1844596 kB
MemFree:          227688 kB
MemAvailable:    1504536 kB
Buffers:          103716 kB
Cached:          1189656 kB
MemTotal:        1844596 kB
MemFree:          227472 kB
MemAvailable:    1504320 kB
Buffers:          103716 kB
Cached:          1189656 kB
MemTotal:        1844596 kB
MemFree:          227472 kB
MemAvailable:    1504320 kB
Buffers:          103716 kB
Cached:          1189656 kB
MemTotal:        1844596 kB
MemFree:          228656 kB
MemAvailable:    1505504 kB
Buffers:          103716 kB
Cached:          1189656 kB
MemTotal:        1844596 kB
MemFree:          227860 kB
MemAvailable:    1504708 kB
Buffers:          103716 kB
Cached:          1189656 kB
MemTotal:        1844596 kB
MemFree:          228160 kB
MemAvailable:    1505008 kB
Buffers:          103716 kB
Cached:          1189656 kB
MemTotal:        1844596 kB
MemFree:          228412 kB
MemAvailable:    1505260 kB
Buffers:          103716 kB
Cached:          1189656 kB
MemTotal:        1844596 kB
MemFree:          226844 kB
MemAvailable:    1503692 kB
Buffers:          103716 kB
Cached:          1189656 kB
MemTotal:        1844596 kB
MemFree:          228084 kB
MemAvailable:    1504932 kB
Buffers:          103716 kB
Cached:          1189656 kB
MemTotal:        1844596 kB
MemFree:          226968 kB
MemAvailable:    1503816 kB
Buffers:          103716 kB
Cached:          1189656 kB
MemTotal:        1844596 kB
MemFree:          226960 kB
MemAvailable:    1503808 kB
Buffers:          103716 kB
Cached:          1189656 kB
MemTotal:        1844596 kB
MemFree:          226736 kB
MemAvailable:    1503584 kB
Buffers:          103716 kB
Cached:          1189656 kB
MemTotal:        1844596 kB
MemFree:          226612 kB
MemAvailable:    1503460 kB
Buffers:          103716 kB
Cached:          1189656 kB
MemTotal:        1844596 kB
MemFree:          226116 kB
MemAvailable:    1502964 kB
Buffers:          103716 kB
Cached:          1189656 kB
MemTotal:        1844596 kB
MemFree:          226936 kB
MemAvailable:    1503784 kB
Buffers:          103716 kB
Cached:          1189656 kB
MemTotal:        1844596 kB
MemFree:          227188 kB
MemAvailable:    1504036 kB
Buffers:          103716 kB
Cached:          1189656 kB
MemTotal:        1844596 kB
MemFree:          225612 kB
MemAvailable:    1502460 kB
Buffers:          103716 kB
Cached:          1189656 kB
MemTotal:        1844596 kB
MemFree:          225976 kB
MemAvailable:    1502824 kB
Buffers:          103716 kB
Cached:          1189656 kB
MemTotal:        1844596 kB
MemFree:          225976 kB
MemAvailable:    1502824 kB
Buffers:          103716 kB
Cached:          1189656 kB
MemTotal:        1844596 kB
MemFree:          225720 kB
MemAvailable:    1502568 kB
Buffers:          103716 kB
Cached:          1189656 kB
MemTotal:        1844596 kB
MemFree:          225504 kB
MemAvailable:    1502352 kB
Buffers:          103716 kB
Cached:          1189656 kB
MemTotal:        1844596 kB
MemFree:          225736 kB
MemAvailable:    1502584 kB
Buffers:          103716 kB
Cached:          1189656 kB
MemTotal:        1844596 kB
MemFree:          225752 kB
MemAvailable:    1502600 kB
Buffers:          103716 kB
Cached:          1189656 kB
MemTotal:        1844596 kB
MemFree:          224456 kB
MemAvailable:    1501304 kB
Buffers:          103716 kB
Cached:          1189656 kB
MemTotal:        1844596 kB
MemFree:          225564 kB
MemAvailable:    1502412 kB
Buffers:          103716 kB
Cached:          1189656 kB
MemTotal:        1844596 kB
MemFree:          225820 kB
MemAvailable:    1502668 kB
Buffers:          103716 kB
Cached:          1189656 kB
MemTotal:        1844596 kB
MemFree:          225604 kB
MemAvailable:    1502452 kB
Buffers:          103716 kB
Cached:          1189656 kB
MemTotal:        1844596 kB
MemFree:          225248 kB
MemAvailable:    1502096 kB
Buffers:          103716 kB
Cached:          1189656 kB
MemTotal:        1844596 kB
MemFree:          224752 kB
MemAvailable:    1501600 kB
Buffers:          103716 kB
Cached:          1189656 kB
MemTotal:        1844596 kB
MemFree:          222272 kB
MemAvailable:    1499120 kB
Buffers:          103716 kB
Cached:          1189656 kB
MemTotal:        1844596 kB
MemFree:          219544 kB
MemAvailable:    1496392 kB
Buffers:          103716 kB
Cached:          1189656 kB
MemTotal:        1844596 kB
MemFree:          220660 kB
MemAvailable:    1497508 kB
Buffers:          103716 kB
Cached:          1189656 kB
MemTotal:        1844596 kB
MemFree:          219420 kB
MemAvailable:    1496268 kB
Buffers:          103716 kB
Cached:          1189656 kB
MemTotal:        1844596 kB
MemFree:          220484 kB
MemAvailable:    1497332 kB
Buffers:          103716 kB
Cached:          1189656 kB
MemTotal:        1844596 kB
MemFree:          220228 kB
MemAvailable:    1497076 kB
Buffers:          103716 kB
Cached:          1189656 kB
MemTotal:        1844596 kB
MemFree:          219228 kB
MemAvailable:    1496076 kB
Buffers:          103716 kB
Cached:          1189656 kB
MemTotal:        1844596 kB
MemFree:          218856 kB
MemAvailable:    1495704 kB
Buffers:          103716 kB
Cached:          1189656 kB
MemTotal:        1844596 kB
MemFree:          220408 kB
MemAvailable:    1497256 kB
Buffers:          103716 kB
Cached:          1189656 kB
MemTotal:        1844596 kB
MemFree:          218724 kB
MemAvailable:    1495572 kB
Buffers:          103716 kB
Cached:          1189656 kB
MemTotal:        1844596 kB
MemFree:          220016 kB
MemAvailable:    1496864 kB
Buffers:          103716 kB
Cached:          1189656 kB
MemTotal:        1844596 kB
MemFree:          219056 kB
MemAvailable:    1495904 kB
Buffers:          103716 kB
Cached:          1189656 kB
MemTotal:        1844596 kB
MemFree:          219976 kB
MemAvailable:    1496828 kB
Buffers:          103716 kB
Cached:          1189660 kB
MemTotal:        1844596 kB
MemFree:          219900 kB
MemAvailable:    1496752 kB
Buffers:          103716 kB
Cached:          1189660 kB
MemTotal:        1844596 kB
MemFree:          220152 kB
MemAvailable:    1497004 kB
Buffers:          103716 kB
Cached:          1189660 kB
MemTotal:        1844596 kB
MemFree:          219784 kB
MemAvailable:    1496636 kB
Buffers:          103716 kB
Cached:          1189660 kB
MemTotal:        1844596 kB
MemFree:          215436 kB
MemAvailable:    1492288 kB
Buffers:          103716 kB
Cached:          1189660 kB
MemTotal:        1844596 kB
MemFree:          214956 kB
MemAvailable:    1491808 kB
Buffers:          103716 kB
Cached:          1189660 kB
MemTotal:        1844596 kB
MemFree:          214264 kB
MemAvailable:    1491116 kB
Buffers:          103716 kB
Cached:          1189660 kB
MemTotal:        1844596 kB
MemFree:          212972 kB
MemAvailable:    1489824 kB
Buffers:          103716 kB
Cached:          1189660 kB
MemTotal:        1844596 kB
MemFree:          212352 kB
MemAvailable:    1489204 kB
Buffers:          103716 kB
Cached:          1189660 kB
MemTotal:        1844596 kB
MemFree:          211112 kB
MemAvailable:    1487964 kB
Buffers:          103716 kB
Cached:          1189660 kB
MemTotal:        1844596 kB
MemFree:          210732 kB
MemAvailable:    1487584 kB
Buffers:          103716 kB
Cached:          1189660 kB
MemTotal:        1844596 kB
MemFree:          211412 kB
MemAvailable:    1488264 kB
Buffers:          103716 kB
Cached:          1189660 kB
MemTotal:        1844596 kB
MemFree:          211364 kB
MemAvailable:    1488216 kB
Buffers:          103716 kB
Cached:          1189660 kB
MemTotal:        1844596 kB
MemFree:          210120 kB
MemAvailable:    1486972 kB
Buffers:          103716 kB
Cached:          1189660 kB
MemTotal:        1844596 kB
MemFree:          211096 kB
MemAvailable:    1487948 kB
Buffers:          103716 kB
Cached:          1189660 kB
MemTotal:        1844596 kB
MemFree:          211432 kB
MemAvailable:    1488284 kB
Buffers:          103716 kB
Cached:          1189660 kB
MemTotal:        1844596 kB
MemFree:          211056 kB
MemAvailable:    1487908 kB
Buffers:          103716 kB
Cached:          1189660 kB
MemTotal:        1844596 kB
MemFree:          211308 kB
MemAvailable:    1488160 kB
Buffers:          103716 kB
Cached:          1189660 kB
MemTotal:        1844596 kB
MemFree:          211064 kB
MemAvailable:    1487916 kB
Buffers:          103716 kB
Cached:          1189660 kB
MemTotal:        1844596 kB
MemFree:          211120 kB
MemAvailable:    1487972 kB
Buffers:          103716 kB
Cached:          1189660 kB
MemTotal:        1844596 kB
MemFree:          211220 kB
MemAvailable:    1488072 kB
Buffers:          103716 kB
Cached:          1189660 kB
MemTotal:        1844596 kB
MemFree:          209864 kB
MemAvailable:    1486716 kB
Buffers:          103716 kB
Cached:          1189660 kB
MemTotal:        1844596 kB
MemFree:          211172 kB
MemAvailable:    1488024 kB
Buffers:          103716 kB
Cached:          1189660 kB
MemTotal:        1844596 kB
MemFree:          209948 kB
MemAvailable:    1486800 kB
Buffers:          103716 kB
Cached:          1189660 kB
MemTotal:        1844596 kB
MemFree:          211000 kB
MemAvailable:    1487852 kB
Buffers:          103716 kB
Cached:          1189660 kB
MemTotal:        1844596 kB
MemFree:          210128 kB
MemAvailable:    1486980 kB
Buffers:          103716 kB
Cached:          1189660 kB
MemTotal:        1844596 kB
MemFree:          211424 kB
MemAvailable:    1488276 kB
Buffers:          103716 kB
Cached:          1189660 kB
MemTotal:        1844596 kB
MemFree:          210980 kB
MemAvailable:    1487832 kB
Buffers:          103716 kB
Cached:          1189660 kB
MemTotal:        1844596 kB
MemFree:          210908 kB
MemAvailable:    1487760 kB
Buffers:          103716 kB
Cached:          1189660 kB
MemTotal:        1844596 kB
MemFree:          209996 kB
MemAvailable:    1486848 kB
Buffers:          103716 kB
Cached:          1189660 kB
MemTotal:        1844596 kB
MemFree:          209492 kB
MemAvailable:    1486344 kB
Buffers:          103716 kB
Cached:          1189660 kB
MemTotal:        1844596 kB
MemFree:          210856 kB
MemAvailable:    1487708 kB
Buffers:          103716 kB
Cached:          1189660 kB
MemTotal:        1844596 kB
MemFree:          207136 kB
MemAvailable:    1483988 kB
Buffers:          103716 kB
Cached:          1189660 kB
MemTotal:        1844596 kB
MemFree:          206780 kB
MemAvailable:    1483632 kB
Buffers:          103716 kB
Cached:          1189660 kB
MemTotal:        1844596 kB
MemFree:          203796 kB
MemAvailable:    1480648 kB
Buffers:          103716 kB
Cached:          1189660 kB
MemTotal:        1844596 kB
MemFree:          201424 kB
MemAvailable:    1478276 kB
Buffers:          103716 kB
Cached:          1189660 kB
MemTotal:        1844596 kB
MemFree:          202796 kB
MemAvailable:    1479648 kB
Buffers:          103716 kB
Cached:          1189660 kB
MemTotal:        1844596 kB
MemFree:          201308 kB
MemAvailable:    1478160 kB
Buffers:          103716 kB
Cached:          1189660 kB
MemTotal:        1844596 kB
MemFree:          202556 kB
MemAvailable:    1479408 kB
Buffers:          103716 kB
Cached:          1189660 kB
MemTotal:        1844596 kB
MemFree:          201068 kB
MemAvailable:    1477920 kB
Buffers:          103716 kB
Cached:          1189660 kB
MemTotal:        1844596 kB
MemFree:          201192 kB
MemAvailable:    1478044 kB
Buffers:          103716 kB
Cached:          1189660 kB
MemTotal:        1844596 kB
MemFree:          201992 kB
MemAvailable:    1478844 kB
Buffers:          103716 kB
Cached:          1189660 kB
MemTotal:        1844596 kB
MemFree:          202328 kB
MemAvailable:    1479180 kB
Buffers:          103716 kB
Cached:          1189660 kB
MemTotal:        1844596 kB
MemFree:          202252 kB
MemAvailable:    1479104 kB
Buffers:          103716 kB
Cached:          1189660 kB
MemTotal:        1844596 kB
MemFree:          201448 kB
MemAvailable:    1478300 kB
Buffers:          103716 kB
Cached:          1189660 kB
MemTotal:        1844596 kB
MemFree:          202292 kB
MemAvailable:    1479152 kB
Buffers:          103716 kB
Cached:          1189668 kB
MemTotal:        1844596 kB
MemFree:          202628 kB
MemAvailable:    1479488 kB
Buffers:          103716 kB
Cached:          1189668 kB
MemTotal:        1844596 kB
MemFree:          202300 kB
MemAvailable:    1479160 kB
Buffers:          103716 kB
Cached:          1189668 kB
MemTotal:        1844596 kB
MemFree:          201324 kB
MemAvailable:    1478184 kB
Buffers:          103716 kB
Cached:          1189668 kB
MemTotal:        1844596 kB
MemFree:          202312 kB
MemAvailable:    1479172 kB
Buffers:          103716 kB
Cached:          1189668 kB
MemTotal:        1844596 kB
MemFree:          200944 kB
MemAvailable:    1477804 kB
Buffers:          103716 kB
Cached:          1189668 kB
MemTotal:        1844596 kB
MemFree:          200896 kB
MemAvailable:    1477756 kB
Buffers:          103716 kB
Cached:          1189668 kB
MemTotal:        1844596 kB
MemFree:          200896 kB
MemAvailable:    1477756 kB
Buffers:          103716 kB
Cached:          1189668 kB
MemTotal:        1844596 kB
MemFree:          202196 kB
MemAvailable:    1479056 kB
Buffers:          103716 kB
Cached:          1189668 kB
MemTotal:        1844596 kB
MemFree:          201448 kB
MemAvailable:    1478308 kB
Buffers:          103716 kB
Cached:          1189668 kB
MemTotal:        1844596 kB
MemFree:          202484 kB
MemAvailable:    1479344 kB
Buffers:          103716 kB
Cached:          1189668 kB
MemTotal:        1844596 kB
MemFree:          201324 kB
MemAvailable:    1478184 kB
Buffers:          103716 kB
Cached:          1189668 kB
MemTotal:        1844596 kB
MemFree:          202528 kB
MemAvailable:    1479388 kB
Buffers:          103716 kB
Cached:          1189668 kB
MemTotal:        1844596 kB
MemFree:          201192 kB
MemAvailable:    1478052 kB
Buffers:          103716 kB
Cached:          1189668 kB
MemTotal:        1844596 kB
MemFree:          202012 kB
MemAvailable:    1478872 kB
Buffers:          103716 kB
Cached:          1189668 kB
MemTotal:        1844596 kB
MemFree:          202268 kB
MemAvailable:    1479128 kB
Buffers:          103716 kB
Cached:          1189668 kB
MemTotal:        1844596 kB
MemFree:          200944 kB
MemAvailable:    1477804 kB
Buffers:          103716 kB
Cached:          1189668 kB
MemTotal:        1844596 kB
MemFree:          202072 kB
MemAvailable:    1478932 kB
Buffers:          103716 kB
Cached:          1189668 kB
MemTotal:        1844596 kB
MemFree:          202072 kB
MemAvailable:    1478932 kB
Buffers:          103716 kB
Cached:          1189668 kB
MemTotal:        1844596 kB
MemFree:          200888 kB
MemAvailable:    1477748 kB
Buffers:          103716 kB
Cached:          1189668 kB
MemTotal:        1844596 kB
MemFree:          202232 kB
MemAvailable:    1479092 kB
Buffers:          103716 kB
Cached:          1189668 kB
MemTotal:        1844596 kB
MemFree:          201008 kB
MemAvailable:    1477868 kB
Buffers:          103716 kB
Cached:          1189668 kB
MemTotal:        1844596 kB
MemFree:          202348 kB
MemAvailable:    1479208 kB
Buffers:          103716 kB
Cached:          1189668 kB
MemTotal:        1844596 kB
MemFree:          202432 kB
MemAvailable:    1479292 kB
Buffers:          103716 kB
Cached:          1189668 kB
MemTotal:        1844596 kB
MemFree:          200820 kB
MemAvailable:    1477680 kB
Buffers:          103716 kB
Cached:          1189668 kB
MemTotal:        1844596 kB
MemFree:          201912 kB
MemAvailable:    1478772 kB
Buffers:          103716 kB
Cached:          1189668 kB
MemTotal:        1844596 kB
MemFree:          201912 kB
MemAvailable:    1478772 kB
Buffers:          103716 kB
Cached:          1189668 kB
MemTotal:        1844596 kB
MemFree:          197100 kB
MemAvailable:    1473960 kB
Buffers:          103716 kB
Cached:          1189668 kB
MemTotal:        1844596 kB
MemFree:          194248 kB
MemAvailable:    1471108 kB
Buffers:          103716 kB
Cached:          1189668 kB
MemTotal:        1844596 kB
MemFree:          191512 kB
MemAvailable:    1468372 kB
Buffers:          103716 kB
Cached:          1189668 kB
MemTotal:        1844596 kB
MemFree:          191280 kB
MemAvailable:    1468140 kB
Buffers:          103716 kB
Cached:          1189668 kB
MemTotal:        1844596 kB
MemFree:          189984 kB
MemAvailable:    1466844 kB
Buffers:          103716 kB
Cached:          1189668 kB
MemTotal:        1844596 kB
MemFree:          191256 kB
MemAvailable:    1468116 kB
Buffers:          103716 kB
Cached:          1189668 kB
MemTotal:        1844596 kB
MemFree:          191024 kB
MemAvailable:    1467884 kB
Buffers:          103716 kB
Cached:          1189668 kB
MemTotal:        1844596 kB
MemFree:          190100 kB
MemAvailable:    1466960 kB
Buffers:          103716 kB
Cached:          1189668 kB
MemTotal:        1844596 kB
MemFree:          189976 kB
MemAvailable:    1466836 kB
Buffers:          103716 kB
Cached:          1189668 kB
MemTotal:        1844596 kB
MemFree:          191404 kB
MemAvailable:    1468264 kB
Buffers:          103716 kB
Cached:          1189668 kB
MemTotal:        1844596 kB
MemFree:          190220 kB
MemAvailable:    1467080 kB
Buffers:          103716 kB
Cached:          1189668 kB
MemTotal:        1844596 kB
MemFree:          190132 kB
MemAvailable:    1466992 kB
Buffers:          103716 kB
Cached:          1189668 kB
MemTotal:        1844596 kB
MemFree:          190248 kB
MemAvailable:    1467108 kB
Buffers:          103716 kB
Cached:          1189668 kB
MemTotal:        1844596 kB
MemFree:          191324 kB
MemAvailable:    1468184 kB
Buffers:          103716 kB
Cached:          1189668 kB
MemTotal:        1844596 kB
MemFree:          191260 kB
MemAvailable:    1468120 kB
Buffers:          103716 kB
Cached:          1189668 kB
MemTotal:        1844596 kB
MemFree:          190076 kB
MemAvailable:    1466936 kB
Buffers:          103716 kB
Cached:          1189668 kB
MemTotal:        1844596 kB
MemFree:          191288 kB
MemAvailable:    1468148 kB
Buffers:          103716 kB
Cached:          1189668 kB
MemTotal:        1844596 kB
MemFree:          190016 kB
MemAvailable:    1466876 kB
Buffers:          103716 kB
Cached:          1189668 kB
MemTotal:        1844596 kB
MemFree:          189900 kB
MemAvailable:    1466760 kB
Buffers:          103716 kB
Cached:          1189668 kB
MemTotal:        1844596 kB
MemFree:          191224 kB
MemAvailable:    1468084 kB
Buffers:          103716 kB
Cached:          1189668 kB
MemTotal:        1844596 kB
MemFree:          191156 kB
MemAvailable:    1468016 kB
Buffers:          103716 kB
Cached:          1189668 kB
MemTotal:        1844596 kB
MemFree:          189984 kB
MemAvailable:    1466844 kB
Buffers:          103716 kB
Cached:          1189668 kB
MemTotal:        1844596 kB
MemFree:          191264 kB
MemAvailable:    1468124 kB
Buffers:          103716 kB
Cached:          1189668 kB
MemTotal:        1844596 kB
MemFree:          191156 kB
MemAvailable:    1468016 kB
Buffers:          103716 kB
Cached:          1189668 kB
MemTotal:        1844596 kB
MemFree:          191264 kB
MemAvailable:    1468124 kB
Buffers:          103716 kB
Cached:          1189668 kB
MemTotal:        1844596 kB
MemFree:          191348 kB
MemAvailable:    1468208 kB
Buffers:          103716 kB
Cached:          1189668 kB
MemTotal:        1844596 kB
MemFree:          191224 kB
MemAvailable:    1468084 kB
Buffers:          103716 kB
Cached:          1189668 kB
MemTotal:        1844596 kB
MemFree:          191364 kB
MemAvailable:    1468224 kB
Buffers:          103716 kB
Cached:          1189668 kB
MemTotal:        1844596 kB
MemFree:          191320 kB
MemAvailable:    1468180 kB
Buffers:          103716 kB
Cached:          1189668 kB
MemTotal:        1844596 kB
MemFree:          191176 kB
MemAvailable:    1468036 kB
Buffers:          103716 kB
Cached:          1189668 kB
MemTotal:        1844596 kB
MemFree:          191348 kB
MemAvailable:    1468208 kB
Buffers:          103716 kB
Cached:          1189668 kB
MemTotal:        1844596 kB
MemFree:          190020 kB
MemAvailable:    1466880 kB
Buffers:          103716 kB
Cached:          1189668 kB
MemTotal:        1844596 kB
MemFree:          190012 kB
MemAvailable:    1466872 kB
Buffers:          103716 kB
Cached:          1189668 kB
MemTotal:        1844596 kB
MemFree:          191212 kB
MemAvailable:    1468072 kB
Buffers:          103716 kB
Cached:          1189668 kB
MemTotal:        1844596 kB
MemFree:          191372 kB
MemAvailable:    1468232 kB
Buffers:          103716 kB
Cached:          1189668 kB
MemTotal:        1844596 kB
MemFree:          191208 kB
MemAvailable:    1468068 kB
Buffers:          103716 kB
Cached:          1189668 kB
MemTotal:        1844596 kB
MemFree:          189892 kB
MemAvailable:    1466752 kB
Buffers:          103716 kB
Cached:          1189668 kB
MemTotal:        1844596 kB
MemFree:          191224 kB
MemAvailable:    1468084 kB
Buffers:          103716 kB
Cached:          1189668 kB
MemTotal:        1844596 kB
MemFree:          189712 kB
MemAvailable:    1466572 kB
Buffers:          103716 kB
Cached:          1189668 kB
MemTotal:        1844596 kB
MemFree:          191132 kB
MemAvailable:    1467992 kB
Buffers:          103716 kB
Cached:          1189668 kB
MemTotal:        1844596 kB
MemFree:          191468 kB
MemAvailable:    1468328 kB
Buffers:          103716 kB
Cached:          1189668 kB
MemTotal:        1844596 kB
MemFree:          191244 kB
MemAvailable:    1468104 kB
Buffers:          103716 kB
Cached:          1189668 kB
MemTotal:        1844596 kB
MemFree:          191396 kB
MemAvailable:    1468256 kB
Buffers:          103716 kB
Cached:          1189668 kB
MemTotal:        1844596 kB
MemFree:          191216 kB
MemAvailable:    1468076 kB
Buffers:          103716 kB
Cached:          1189668 kB
MemTotal:        1844596 kB
MemFree:          189968 kB
MemAvailable:    1466828 kB
Buffers:          103716 kB
Cached:          1189668 kB
MemTotal:        1844596 kB
MemFree:          190136 kB
MemAvailable:    1466996 kB
Buffers:          103716 kB
Cached:          1189668 kB
MemTotal:        1844596 kB
MemFree:          189964 kB
MemAvailable:    1466824 kB
Buffers:          103716 kB
Cached:          1189668 kB
MemTotal:        1844596 kB
MemFree:          190536 kB
MemAvailable:    1467396 kB
Buffers:          103716 kB
Cached:          1189668 kB
MemTotal:        1844596 kB
MemFree:          190032 kB
MemAvailable:    1466892 kB
Buffers:          103716 kB
Cached:          1189668 kB
MemTotal:        1844596 kB
MemFree:          191328 kB
MemAvailable:    1468196 kB
Buffers:          103716 kB
Cached:          1189676 kB
MemTotal:        1844596 kB
MemFree:          191272 kB
MemAvailable:    1468140 kB
Buffers:          103716 kB
Cached:          1189676 kB
MemTotal:        1844596 kB
MemFree:          190396 kB
MemAvailable:    1467264 kB
Buffers:          103716 kB
Cached:          1189676 kB
MemTotal:        1844596 kB
MemFree:          189916 kB
MemAvailable:    1466784 kB
Buffers:          103716 kB
Cached:          1189676 kB
MemTotal:        1844596 kB
MemFree:          188868 kB
MemAvailable:    1465736 kB
Buffers:          103716 kB
Cached:          1189676 kB
MemTotal:        1844596 kB
MemFree:          190140 kB
MemAvailable:    1467008 kB
Buffers:          103716 kB
Cached:          1189676 kB
MemTotal:        1844596 kB
MemFree:          190224 kB
MemAvailable:    1467092 kB
Buffers:          103716 kB
Cached:          1189676 kB
MemTotal:        1844596 kB
MemFree:          190004 kB
MemAvailable:    1466872 kB
Buffers:          103716 kB
Cached:          1189676 kB
MemTotal:        1844596 kB
MemFree:          190256 kB
MemAvailable:    1467124 kB
Buffers:          103716 kB
Cached:          1189676 kB
MemTotal:        1844596 kB
MemFree:          190020 kB
MemAvailable:    1466888 kB
Buffers:          103716 kB
Cached:          1189676 kB
MemTotal:        1844596 kB
MemFree:          190064 kB
MemAvailable:    1466932 kB
Buffers:          103716 kB
Cached:          1189676 kB
MemTotal:        1844596 kB
MemFree:          189860 kB
MemAvailable:    1466728 kB
Buffers:          103716 kB
Cached:          1189676 kB
MemTotal:        1844596 kB
MemFree:          190112 kB
MemAvailable:    1466980 kB
Buffers:          103716 kB
Cached:          1189676 kB
MemTotal:        1844596 kB
MemFree:          189852 kB
MemAvailable:    1466720 kB
Buffers:          103716 kB
Cached:          1189676 kB
MemTotal:        1844596 kB
MemFree:          189656 kB
MemAvailable:    1466524 kB
Buffers:          103716 kB
Cached:          1189676 kB
MemTotal:        1844596 kB
MemFree:          188480 kB
MemAvailable:    1465348 kB
Buffers:          103716 kB
Cached:          1189676 kB
MemTotal:        1844596 kB
MemFree:          189588 kB
MemAvailable:    1466456 kB
Buffers:          103716 kB
Cached:          1189676 kB
MemTotal:        1844596 kB
MemFree:          189840 kB
MemAvailable:    1466708 kB
Buffers:          103716 kB
Cached:          1189676 kB
MemTotal:        1844596 kB
MemFree:          189528 kB
MemAvailable:    1466396 kB
Buffers:          103716 kB
Cached:          1189676 kB
MemTotal:        1844596 kB
MemFree:          188496 kB
MemAvailable:    1465364 kB
Buffers:          103716 kB
Cached:          1189676 kB
MemTotal:        1844596 kB
MemFree:          189736 kB
MemAvailable:    1466604 kB
Buffers:          103716 kB
Cached:          1189676 kB
MemTotal:        1844596 kB
MemFree:          188916 kB
MemAvailable:    1465784 kB
Buffers:          103716 kB
Cached:          1189676 kB
MemTotal:        1844596 kB
MemFree:          188380 kB
MemAvailable:    1465248 kB
Buffers:          103716 kB
Cached:          1189676 kB
MemTotal:        1844596 kB
MemFree:          188040 kB
MemAvailable:    1464908 kB
Buffers:          103716 kB
Cached:          1189676 kB
MemTotal:        1844596 kB
MemFree:          188412 kB
MemAvailable:    1465280 kB
Buffers:          103716 kB
Cached:          1189676 kB
MemTotal:        1844596 kB
MemFree:          188412 kB
MemAvailable:    1465280 kB
Buffers:          103716 kB
Cached:          1189676 kB
MemTotal:        1844596 kB
MemFree:          188412 kB
MemAvailable:    1465280 kB
Buffers:          103716 kB
Cached:          1189676 kB
MemTotal:        1844596 kB
MemFree:          188296 kB
MemAvailable:    1465164 kB
Buffers:          103716 kB
Cached:          1189676 kB
MemTotal:        1844596 kB
MemFree:          185452 kB
MemAvailable:    1462320 kB
Buffers:          103716 kB
Cached:          1189676 kB
MemTotal:        1844596 kB
MemFree:          181716 kB
MemAvailable:    1458588 kB
Buffers:          103716 kB
Cached:          1189680 kB
MemTotal:        1844596 kB
MemFree:          181360 kB
MemAvailable:    1458232 kB
Buffers:          103716 kB
Cached:          1189680 kB
MemTotal:        1844596 kB
MemFree:          178996 kB
MemAvailable:    1455868 kB
Buffers:          103716 kB
Cached:          1189680 kB
MemTotal:        1844596 kB
MemFree:          177384 kB
MemAvailable:    1454256 kB
Buffers:          103716 kB
Cached:          1189680 kB
MemTotal:        1844596 kB
MemFree:          177128 kB
MemAvailable:    1454000 kB
Buffers:          103716 kB
Cached:          1189680 kB
MemTotal:        1844596 kB
MemFree:          178492 kB
MemAvailable:    1455364 kB
Buffers:          103716 kB
Cached:          1189680 kB
MemTotal:        1844596 kB
MemFree:          177740 kB
MemAvailable:    1454612 kB
Buffers:          103716 kB
Cached:          1189680 kB
MemTotal:        1844596 kB
MemFree:          177384 kB
MemAvailable:    1454256 kB
Buffers:          103716 kB
Cached:          1189680 kB
MemTotal:        1844596 kB
MemFree:          177492 kB
MemAvailable:    1454364 kB
Buffers:          103716 kB
Cached:          1189680 kB
MemTotal:        1844596 kB
MemFree:          175400 kB
MemAvailable:    1452272 kB
Buffers:          103716 kB
Cached:          1189680 kB
MemTotal:        1844596 kB
MemFree:          176632 kB
MemAvailable:    1453504 kB
Buffers:          103716 kB
Cached:          1189680 kB
MemTotal:        1844596 kB
MemFree:          175464 kB
MemAvailable:    1452336 kB
Buffers:          103716 kB
Cached:          1189680 kB
MemTotal:        1844596 kB
MemFree:          174716 kB
MemAvailable:    1451588 kB
Buffers:          103716 kB
Cached:          1189680 kB
MemTotal:        1844596 kB
MemFree:          173416 kB
MemAvailable:    1450288 kB
Buffers:          103716 kB
Cached:          1189680 kB
MemTotal:        1844596 kB
MemFree:          174740 kB
MemAvailable:    1451612 kB
Buffers:          103716 kB
Cached:          1189680 kB
MemTotal:        1844596 kB
MemFree:          173540 kB
MemAvailable:    1450412 kB
Buffers:          103716 kB
Cached:          1189680 kB
MemTotal:        1844596 kB
MemFree:          173280 kB
MemAvailable:    1450152 kB
Buffers:          103716 kB
Cached:          1189680 kB
MemTotal:        1844596 kB
MemFree:          174520 kB
MemAvailable:    1451392 kB
Buffers:          103716 kB
Cached:          1189680 kB
MemTotal:        1844596 kB
MemFree:          173404 kB
MemAvailable:    1450276 kB
Buffers:          103716 kB
Cached:          1189680 kB
MemTotal:        1844596 kB
MemFree:          174640 kB
MemAvailable:    1451512 kB
Buffers:          103716 kB
Cached:          1189680 kB
MemTotal:        1844596 kB
MemFree:          173912 kB
MemAvailable:    1450784 kB
Buffers:          103716 kB
Cached:          1189680 kB
MemTotal:        1844596 kB
MemFree:          174268 kB
MemAvailable:    1451144 kB
Buffers:          103716 kB
Cached:          1189684 kB
MemTotal:        1844596 kB
MemFree:          174604 kB
MemAvailable:    1451480 kB
Buffers:          103716 kB
Cached:          1189684 kB
MemTotal:        1844596 kB
MemFree:          174476 kB
MemAvailable:    1451352 kB
Buffers:          103716 kB
Cached:          1189684 kB
MemTotal:        1844596 kB
MemFree:          174644 kB
MemAvailable:    1451520 kB
Buffers:          103716 kB
Cached:          1189684 kB
MemTotal:        1844596 kB
MemFree:          174572 kB
MemAvailable:    1451448 kB
Buffers:          103716 kB
Cached:          1189684 kB
MemTotal:        1844596 kB
MemFree:          174096 kB
MemAvailable:    1450972 kB
Buffers:          103716 kB
Cached:          1189684 kB
MemTotal:        1844596 kB
MemFree:          172796 kB
MemAvailable:    1449672 kB
Buffers:          103716 kB
Cached:          1189684 kB
MemTotal:        1844596 kB
MemFree:          173524 kB
MemAvailable:    1450400 kB
Buffers:          103716 kB
Cached:          1189684 kB
MemTotal:        1844596 kB
MemFree:          173292 kB
MemAvailable:    1450168 kB
Buffers:          103716 kB
Cached:          1189684 kB
MemTotal:        1844596 kB
MemFree:          171680 kB
MemAvailable:    1448556 kB
Buffers:          103716 kB
Cached:          1189684 kB
MemTotal:        1844596 kB
MemFree:          171432 kB
MemAvailable:    1448308 kB
Buffers:          103716 kB
Cached:          1189684 kB
MemTotal:        1844596 kB
MemFree:          171432 kB
MemAvailable:    1448308 kB
Buffers:          103716 kB
Cached:          1189684 kB
MemTotal:        1844596 kB
MemFree:          171804 kB
MemAvailable:    1448680 kB
Buffers:          103716 kB
Cached:          1189684 kB
MemTotal:        1844596 kB
MemFree:          170292 kB
MemAvailable:    1447168 kB
Buffers:          103716 kB
Cached:          1189684 kB
MemTotal:        1844596 kB
MemFree:          171920 kB
MemAvailable:    1448796 kB
Buffers:          103716 kB
Cached:          1189684 kB
MemTotal:        1844596 kB
MemFree:          171112 kB
MemAvailable:    1447988 kB
Buffers:          103716 kB
Cached:          1189684 kB
MemTotal:        1844596 kB
MemFree:          171072 kB
MemAvailable:    1447948 kB
Buffers:          103716 kB
Cached:          1189684 kB
MemTotal:        1844596 kB
MemFree:          169936 kB
MemAvailable:    1446812 kB
Buffers:          103716 kB
Cached:          1189684 kB
MemTotal:        1844596 kB
MemFree:          170384 kB
MemAvailable:    1447260 kB
Buffers:          103716 kB
Cached:          1189684 kB
MemTotal:        1844596 kB
MemFree:          170316 kB
MemAvailable:    1447192 kB
Buffers:          103716 kB
Cached:          1189684 kB
MemTotal:        1844596 kB
MemFree:          170480 kB
MemAvailable:    1447356 kB
Buffers:          103716 kB
Cached:          1189684 kB
MemTotal:        1844596 kB
MemFree:          168928 kB
MemAvailable:    1445804 kB
Buffers:          103716 kB
Cached:          1189684 kB
MemTotal:        1844596 kB
MemFree:          169052 kB
MemAvailable:    1445928 kB
Buffers:          103716 kB
Cached:          1189684 kB
MemTotal:        1844596 kB
MemFree:          170260 kB
MemAvailable:    1447136 kB
Buffers:          103716 kB
Cached:          1189684 kB
MemTotal:        1844596 kB
MemFree:          170516 kB
MemAvailable:    1447392 kB
Buffers:          103716 kB
Cached:          1189684 kB
MemTotal:        1844596 kB
MemFree:          170400 kB
MemAvailable:    1447280 kB
Buffers:          103716 kB
Cached:          1189688 kB
MemTotal:        1844596 kB
MemFree:          169200 kB
MemAvailable:    1446080 kB
Buffers:          103716 kB
Cached:          1189688 kB
MemTotal:        1844596 kB
MemFree:          170316 kB
MemAvailable:    1447196 kB
Buffers:          103716 kB
Cached:          1189688 kB
MemTotal:        1844596 kB
MemFree:          169200 kB
MemAvailable:    1446080 kB
Buffers:          103716 kB
Cached:          1189688 kB
MemTotal:        1844596 kB
MemFree:          170432 kB
MemAvailable:    1447312 kB
Buffers:          103716 kB
Cached:          1189688 kB
MemTotal:        1844596 kB
MemFree:          170184 kB
MemAvailable:    1447064 kB
Buffers:          103716 kB
Cached:          1189688 kB
MemTotal:        1844596 kB
MemFree:          170196 kB
MemAvailable:    1447076 kB
Buffers:          103716 kB
Cached:          1189688 kB
MemTotal:        1844596 kB
MemFree:          168932 kB
MemAvailable:    1445812 kB
Buffers:          103716 kB
Cached:          1189688 kB
MemTotal:        1844596 kB
MemFree:          170228 kB
MemAvailable:    1447108 kB
Buffers:          103716 kB
Cached:          1189688 kB
MemTotal:        1844596 kB
MemFree:          169332 kB
MemAvailable:    1446212 kB
Buffers:          103716 kB
Cached:          1189688 kB
MemTotal:        1844596 kB
MemFree:          170052 kB
MemAvailable:    1446932 kB
Buffers:          103716 kB
Cached:          1189688 kB
MemTotal:        1844596 kB
MemFree:          170304 kB
MemAvailable:    1447184 kB
Buffers:          103716 kB
Cached:          1189688 kB
MemTotal:        1844596 kB
MemFree:          169880 kB
MemAvailable:    1446760 kB
Buffers:          103716 kB
Cached:          1189688 kB
MemTotal:        1844596 kB
MemFree:          170216 kB
MemAvailable:    1447096 kB
Buffers:          103716 kB
Cached:          1189688 kB
MemTotal:        1844596 kB
MemFree:          168816 kB
MemAvailable:    1445696 kB
Buffers:          103716 kB
Cached:          1189688 kB
MemTotal:        1844596 kB
MemFree:          169140 kB
MemAvailable:    1446020 kB
Buffers:          103716 kB
Cached:          1189688 kB
MemTotal:        1844596 kB
MemFree:          170036 kB
MemAvailable:    1446916 kB
Buffers:          103716 kB
Cached:          1189688 kB
MemTotal:        1844596 kB
MemFree:          170036 kB
MemAvailable:    1446916 kB
Buffers:          103716 kB
Cached:          1189688 kB
MemTotal:        1844596 kB
MemFree:          170180 kB
MemAvailable:    1447060 kB
Buffers:          103716 kB
Cached:          1189688 kB
MemTotal:        1844596 kB
MemFree:          168812 kB
MemAvailable:    1445692 kB
Buffers:          103716 kB
Cached:          1189688 kB
MemTotal:        1844596 kB
MemFree:          168704 kB
MemAvailable:    1445584 kB
Buffers:          103716 kB
Cached:          1189688 kB
MemTotal:        1844596 kB
MemFree:          167452 kB
MemAvailable:    1444332 kB
Buffers:          103716 kB
Cached:          1189688 kB
MemTotal:        1844596 kB
MemFree:          168996 kB
MemAvailable:    1445876 kB
Buffers:          103716 kB
Cached:          1189688 kB
MemTotal:        1844596 kB
MemFree:          167720 kB
MemAvailable:    1444600 kB
Buffers:          103716 kB
Cached:          1189688 kB
MemTotal:        1844596 kB
MemFree:          167084 kB
MemAvailable:    1443968 kB
Buffers:          103716 kB
Cached:          1189692 kB
MemTotal:        1844596 kB
MemFree:          166480 kB
MemAvailable:    1443364 kB
Buffers:          103716 kB
Cached:          1189692 kB
MemTotal:        1844596 kB
MemFree:          165108 kB
MemAvailable:    1441992 kB
Buffers:          103716 kB
Cached:          1189692 kB
MemTotal:        1844596 kB
MemFree:          161264 kB
MemAvailable:    1438148 kB
Buffers:          103716 kB
Cached:          1189692 kB
MemTotal:        1844596 kB
MemFree:          159632 kB
MemAvailable:    1436516 kB
Buffers:          103716 kB
Cached:          1189692 kB
MemTotal:        1844596 kB
MemFree:          157544 kB
MemAvailable:    1434428 kB
Buffers:          103716 kB
Cached:          1189692 kB
MemTotal:        1844596 kB
MemFree:          151708 kB
MemAvailable:    1428592 kB
Buffers:          103716 kB
Cached:          1189692 kB
MemTotal:        1844596 kB
MemFree:          151228 kB
MemAvailable:    1428112 kB
Buffers:          103716 kB
Cached:          1189692 kB
MemTotal:        1844596 kB
MemFree:          150304 kB
MemAvailable:    1427188 kB
Buffers:          103716 kB
Cached:          1189692 kB
MemTotal:        1844596 kB
MemFree:          150304 kB
MemAvailable:    1427188 kB
Buffers:          103716 kB
Cached:          1189692 kB
MemTotal:        1844596 kB
MemFree:          151752 kB
MemAvailable:    1428636 kB
Buffers:          103716 kB
Cached:          1189692 kB
MemTotal:        1844596 kB
MemFree:          150848 kB
MemAvailable:    1427732 kB
Buffers:          103716 kB
Cached:          1189692 kB
MemTotal:        1844596 kB
MemFree:          151464 kB
MemAvailable:    1428348 kB
Buffers:          103716 kB
Cached:          1189692 kB
MemTotal:        1844596 kB
MemFree:          151308 kB
MemAvailable:    1428192 kB
Buffers:          103716 kB
Cached:          1189692 kB
MemTotal:        1844596 kB
MemFree:          150920 kB
MemAvailable:    1427804 kB
Buffers:          103716 kB
Cached:          1189692 kB
MemTotal:        1844596 kB
MemFree:          151344 kB
MemAvailable:    1428228 kB
Buffers:          103716 kB
Cached:          1189692 kB
MemTotal:        1844596 kB
MemFree:          150180 kB
MemAvailable:    1427064 kB
Buffers:          103716 kB
Cached:          1189692 kB
MemTotal:        1844596 kB
MemFree:          150228 kB
MemAvailable:    1427112 kB
Buffers:          103716 kB
Cached:          1189692 kB
MemTotal:        1844596 kB
MemFree:          151616 kB
MemAvailable:    1428500 kB
Buffers:          103716 kB
Cached:          1189692 kB
MemTotal:        1844596 kB
MemFree:          150180 kB
MemAvailable:    1427064 kB
Buffers:          103716 kB
Cached:          1189692 kB
MemTotal:        1844596 kB
MemFree:          149732 kB
MemAvailable:    1426616 kB
Buffers:          103716 kB
Cached:          1189692 kB
MemTotal:        1844596 kB
MemFree:          149476 kB
MemAvailable:    1426360 kB
Buffers:          103716 kB
Cached:          1189692 kB
MemTotal:        1844596 kB
MemFree:          150832 kB
MemAvailable:    1427716 kB
Buffers:          103716 kB
Cached:          1189692 kB
MemTotal:        1844596 kB
MemFree:          150728 kB
MemAvailable:    1427612 kB
Buffers:          103716 kB
Cached:          1189692 kB
MemTotal:        1844596 kB
MemFree:          149740 kB
MemAvailable:    1426624 kB
Buffers:          103716 kB
Cached:          1189692 kB
MemTotal:        1844596 kB
MemFree:          149608 kB
MemAvailable:    1426492 kB
Buffers:          103716 kB
Cached:          1189692 kB
MemTotal:        1844596 kB
MemFree:          150460 kB
MemAvailable:    1427344 kB
Buffers:          103716 kB
Cached:          1189692 kB
MemTotal:        1844596 kB
MemFree:          150104 kB
MemAvailable:    1426988 kB
Buffers:          103716 kB
Cached:          1189692 kB
MemTotal:        1844596 kB
MemFree:          150640 kB
MemAvailable:    1427524 kB
Buffers:          103716 kB
Cached:          1189692 kB
MemTotal:        1844596 kB
MemFree:          149864 kB
MemAvailable:    1426748 kB
Buffers:          103716 kB
Cached:          1189692 kB
MemTotal:        1844596 kB
MemFree:          150468 kB
MemAvailable:    1427352 kB
Buffers:          103716 kB
Cached:          1189692 kB
MemTotal:        1844596 kB
MemFree:          150724 kB
MemAvailable:    1427608 kB
Buffers:          103716 kB
Cached:          1189692 kB
MemTotal:        1844596 kB
MemFree:          150552 kB
MemAvailable:    1427436 kB
Buffers:          103716 kB
Cached:          1189692 kB
MemTotal:        1844596 kB
MemFree:          150736 kB
MemAvailable:    1427620 kB
Buffers:          103716 kB
Cached:          1189692 kB
MemTotal:        1844596 kB
MemFree:          149468 kB
MemAvailable:    1426352 kB
Buffers:          103716 kB
Cached:          1189692 kB
MemTotal:        1844596 kB
MemFree:          149228 kB
MemAvailable:    1426112 kB
Buffers:          103716 kB
Cached:          1189692 kB
MemTotal:        1844596 kB
MemFree:          149360 kB
MemAvailable:    1426244 kB
Buffers:          103716 kB
Cached:          1189692 kB
MemTotal:        1844596 kB
MemFree:          150536 kB
MemAvailable:    1427420 kB
Buffers:          103716 kB
Cached:          1189692 kB
MemTotal:        1844596 kB
MemFree:          149864 kB
MemAvailable:    1426748 kB
Buffers:          103716 kB
Cached:          1189692 kB
MemTotal:        1844596 kB
MemFree:          150468 kB
MemAvailable:    1427352 kB
Buffers:          103716 kB
Cached:          1189692 kB
MemTotal:        1844596 kB
MemFree:          150724 kB
MemAvailable:    1427608 kB
Buffers:          103716 kB
Cached:          1189692 kB
MemTotal:        1844596 kB
MemFree:          144632 kB
MemAvailable:    1421516 kB
Buffers:          103716 kB
Cached:          1189692 kB
MemTotal:        1844596 kB
MemFree:          144152 kB
MemAvailable:    1421036 kB
Buffers:          103716 kB
Cached:          1189692 kB
MemTotal:        1844596 kB
MemFree:          140184 kB
MemAvailable:    1417068 kB
Buffers:          103716 kB
Cached:          1189692 kB
MemTotal:        1844596 kB
MemFree:          136448 kB
MemAvailable:    1413332 kB
Buffers:          103716 kB
Cached:          1189692 kB
MemTotal:        1844596 kB
MemFree:          136340 kB
MemAvailable:    1413224 kB
Buffers:          103716 kB
Cached:          1189692 kB
MemTotal:        1844596 kB
MemFree:          132248 kB
MemAvailable:    1409132 kB
Buffers:          103716 kB
Cached:          1189692 kB
MemTotal:        1844596 kB
MemFree:          132548 kB
MemAvailable:    1409432 kB
Buffers:          103716 kB
Cached:          1189692 kB
MemTotal:        1844596 kB
MemFree:          131248 kB
MemAvailable:    1408132 kB
Buffers:          103716 kB
Cached:          1189692 kB
MemTotal:        1844596 kB
MemFree:          132232 kB
MemAvailable:    1409120 kB
Buffers:          103716 kB
Cached:          1189696 kB
MemTotal:        1844596 kB
MemFree:          132316 kB
MemAvailable:    1409204 kB
Buffers:          103716 kB
Cached:          1189696 kB
MemTotal:        1844596 kB
MemFree:          132360 kB
MemAvailable:    1409248 kB
Buffers:          103716 kB
Cached:          1189696 kB
MemTotal:        1844596 kB
MemFree:          132312 kB
MemAvailable:    1409200 kB
Buffers:          103716 kB
Cached:          1189696 kB
MemTotal:        1844596 kB
MemFree:          132556 kB
MemAvailable:    1409444 kB
Buffers:          103716 kB
Cached:          1189696 kB
MemTotal:        1844596 kB
MemFree:          131628 kB
MemAvailable:    1408516 kB
Buffers:          103716 kB
Cached:          1189696 kB
MemTotal:        1844596 kB
MemFree:          132200 kB
MemAvailable:    1409088 kB
Buffers:          103716 kB
Cached:          1189696 kB
MemTotal:        1844596 kB
MemFree:          132456 kB
MemAvailable:    1409344 kB
Buffers:          103716 kB
Cached:          1189696 kB
MemTotal:        1844596 kB
MemFree:          132192 kB
MemAvailable:    1409080 kB
Buffers:          103716 kB
Cached:          1189696 kB
MemTotal:        1844596 kB
MemFree:          132448 kB
MemAvailable:    1409336 kB
Buffers:          103716 kB
Cached:          1189696 kB
MemTotal:        1844596 kB
MemFree:          132420 kB
MemAvailable:    1409308 kB
Buffers:          103716 kB
Cached:          1189696 kB
MemTotal:        1844596 kB
MemFree:          132248 kB
MemAvailable:    1409136 kB
Buffers:          103716 kB
Cached:          1189696 kB
MemTotal:        1844596 kB
MemFree:          132240 kB
MemAvailable:    1409128 kB
Buffers:          103716 kB
Cached:          1189696 kB
MemTotal:        1844596 kB
MemFree:          132576 kB
MemAvailable:    1409464 kB
Buffers:          103716 kB
Cached:          1189696 kB
MemTotal:        1844596 kB
MemFree:          131084 kB
MemAvailable:    1407972 kB
Buffers:          103716 kB
Cached:          1189696 kB
MemTotal:        1844596 kB
MemFree:          131244 kB
MemAvailable:    1408132 kB
Buffers:          103716 kB
Cached:          1189696 kB
MemTotal:        1844596 kB
MemFree:          130996 kB
MemAvailable:    1407884 kB
Buffers:          103716 kB
Cached:          1189696 kB
MemTotal:        1844596 kB
MemFree:          132096 kB
MemAvailable:    1408984 kB
Buffers:          103716 kB
Cached:          1189696 kB
MemTotal:        1844596 kB
MemFree:          132432 kB
MemAvailable:    1409320 kB
Buffers:          103716 kB
Cached:          1189696 kB
MemTotal:        1844596 kB
MemFree:          130988 kB
MemAvailable:    1407876 kB
Buffers:          103716 kB
Cached:          1189696 kB
MemTotal:        1844596 kB
MemFree:          131196 kB
MemAvailable:    1408084 kB
Buffers:          103716 kB
Cached:          1189696 kB
MemTotal:        1844596 kB
MemFree:          132396 kB
MemAvailable:    1409284 kB
Buffers:          103716 kB
Cached:          1189696 kB
MemTotal:        1844596 kB
MemFree:          131884 kB
MemAvailable:    1408772 kB
Buffers:          103716 kB
Cached:          1189696 kB
MemTotal:        1844596 kB
MemFree:          132240 kB
MemAvailable:    1409128 kB
Buffers:          103716 kB
Cached:          1189696 kB
MemTotal:        1844596 kB
MemFree:          132496 kB
MemAvailable:    1409384 kB
Buffers:          103716 kB
Cached:          1189696 kB
MemTotal:        1844596 kB
MemFree:          132240 kB
MemAvailable:    1409128 kB
Buffers:          103716 kB
Cached:          1189696 kB
MemTotal:        1844596 kB
MemFree:          131208 kB
MemAvailable:    1408096 kB
Buffers:          103716 kB
Cached:          1189696 kB
MemTotal:        1844596 kB
MemFree:          131208 kB
MemAvailable:    1408096 kB
Buffers:          103716 kB
Cached:          1189696 kB
MemTotal:        1844596 kB
MemFree:          131124 kB
MemAvailable:    1408012 kB
Buffers:          103716 kB
Cached:          1189696 kB
MemTotal:        1844596 kB
MemFree:          132292 kB
MemAvailable:    1409180 kB
Buffers:          103716 kB
Cached:          1189696 kB
MemTotal:        1844596 kB
MemFree:          132588 kB
MemAvailable:    1409476 kB
Buffers:          103716 kB
Cached:          1189696 kB
MemTotal:        1844596 kB
MemFree:          132104 kB
MemAvailable:    1408992 kB
Buffers:          103716 kB
Cached:          1189696 kB
MemTotal:        1844596 kB
MemFree:          130856 kB
MemAvailable:    1407744 kB
Buffers:          103716 kB
Cached:          1189696 kB
MemTotal:        1844596 kB
MemFree:          126900 kB
MemAvailable:    1403788 kB
Buffers:          103716 kB
Cached:          1189696 kB
MemTotal:        1844596 kB
MemFree:          126544 kB
MemAvailable:    1403432 kB
Buffers:          103716 kB
Cached:          1189696 kB
MemTotal:        1844596 kB
MemFree:          119956 kB
MemAvailable:    1396844 kB
Buffers:          103716 kB
Cached:          1189696 kB
MemTotal:        1844596 kB
MemFree:          119956 kB
MemAvailable:    1396844 kB
Buffers:          103716 kB
Cached:          1189696 kB
MemTotal:        1844596 kB
MemFree:          115312 kB
MemAvailable:    1392200 kB
Buffers:          103716 kB
Cached:          1189696 kB
MemTotal:        1844596 kB
MemFree:          114888 kB
MemAvailable:    1391776 kB
Buffers:          103716 kB
Cached:          1189696 kB
MemTotal:        1844596 kB
MemFree:          115060 kB
MemAvailable:    1391948 kB
Buffers:          103716 kB
Cached:          1189696 kB
MemTotal:        1844596 kB
MemFree:          115140 kB
MemAvailable:    1392028 kB
Buffers:          103716 kB
Cached:          1189696 kB
MemTotal:        1844596 kB
MemFree:          114936 kB
MemAvailable:    1391824 kB
Buffers:          103716 kB
Cached:          1189696 kB
MemTotal:        1844596 kB
MemFree:          114452 kB
MemAvailable:    1391340 kB
Buffers:          103716 kB
Cached:          1189696 kB
MemTotal:        1844596 kB
MemFree:          113996 kB
MemAvailable:    1390884 kB
Buffers:          103716 kB
Cached:          1189696 kB
MemTotal:        1844596 kB
MemFree:          113392 kB
MemAvailable:    1390280 kB
Buffers:          103716 kB
Cached:          1189696 kB
MemTotal:        1844596 kB
MemFree:          113820 kB
MemAvailable:    1390708 kB
Buffers:          103716 kB
Cached:          1189696 kB
MemTotal:        1844596 kB
MemFree:          113820 kB
MemAvailable:    1390708 kB
Buffers:          103716 kB
Cached:          1189696 kB
MemTotal:        1844596 kB
MemFree:          113768 kB
MemAvailable:    1390656 kB
Buffers:          103716 kB
Cached:          1189696 kB
MemTotal:        1844596 kB
MemFree:          112468 kB
MemAvailable:    1389356 kB
Buffers:          103716 kB
Cached:          1189696 kB
MemTotal:        1844596 kB
MemFree:          113444 kB
MemAvailable:    1390332 kB
Buffers:          103716 kB
Cached:          1189696 kB
MemTotal:        1844596 kB
MemFree:          113028 kB
MemAvailable:    1389916 kB
Buffers:          103716 kB
Cached:          1189696 kB
MemTotal:        1844596 kB
MemFree:          112764 kB
MemAvailable:    1389652 kB
Buffers:          103716 kB
Cached:          1189696 kB
MemTotal:        1844596 kB
MemFree:          112036 kB
MemAvailable:    1388924 kB
Buffers:          103716 kB
Cached:          1189696 kB
MemTotal:        1844596 kB
MemFree:          112444 kB
MemAvailable:    1389332 kB
Buffers:          103716 kB
Cached:          1189696 kB
MemTotal:        1844596 kB
MemFree:          111176 kB
MemAvailable:    1388064 kB
Buffers:          103716 kB
Cached:          1189696 kB
MemTotal:        1844596 kB
MemFree:          111524 kB
MemAvailable:    1388420 kB
Buffers:          103716 kB
Cached:          1189704 kB
MemTotal:        1844596 kB
MemFree:          111860 kB
MemAvailable:    1388756 kB
Buffers:          103716 kB
Cached:          1189704 kB
MemTotal:        1844596 kB
MemFree:          111168 kB
MemAvailable:    1388064 kB
Buffers:          103716 kB
Cached:          1189704 kB
MemTotal:        1844596 kB
MemFree:          109928 kB
MemAvailable:    1386824 kB
Buffers:          103716 kB
Cached:          1189704 kB
MemTotal:        1844596 kB
MemFree:          110168 kB
MemAvailable:    1387064 kB
Buffers:          103716 kB
Cached:          1189704 kB
MemTotal:        1844596 kB
MemFree:          110424 kB
MemAvailable:    1387320 kB
Buffers:          103716 kB
Cached:          1189704 kB
MemTotal:        1844596 kB
MemFree:          108548 kB
MemAvailable:    1385444 kB
Buffers:          103716 kB
Cached:          1189704 kB
MemTotal:        1844596 kB
MemFree:          107944 kB
MemAvailable:    1384840 kB
Buffers:          103716 kB
Cached:          1189704 kB
MemTotal:        1844596 kB
MemFree:          107996 kB
MemAvailable:    1384892 kB
Buffers:          103716 kB
Cached:          1189704 kB
MemTotal:        1844596 kB
MemFree:          107872 kB
MemAvailable:    1384768 kB
Buffers:          103716 kB
Cached:          1189704 kB
MemTotal:        1844596 kB
MemFree:          106696 kB
MemAvailable:    1383592 kB
Buffers:          103716 kB
Cached:          1189704 kB
MemTotal:        1844596 kB
MemFree:          107804 kB
MemAvailable:    1384700 kB
Buffers:          103716 kB
Cached:          1189704 kB
MemTotal:        1844596 kB
MemFree:          108056 kB
MemAvailable:    1384952 kB
Buffers:          103716 kB
Cached:          1189704 kB
MemTotal:        1844596 kB
MemFree:          107508 kB
MemAvailable:    1384404 kB
Buffers:          103716 kB
Cached:          1189704 kB
MemTotal:        1844596 kB
MemFree:          107844 kB
MemAvailable:    1384740 kB
Buffers:          103716 kB
Cached:          1189704 kB
MemTotal:        1844596 kB
MemFree:          107184 kB
MemAvailable:    1384080 kB
Buffers:          103716 kB
Cached:          1189704 kB
MemTotal:        1844596 kB
MemFree:          106828 kB
MemAvailable:    1383724 kB
Buffers:          103716 kB
Cached:          1189704 kB
MemTotal:        1844596 kB
MemFree:          106384 kB
MemAvailable:    1383280 kB
Buffers:          103716 kB
Cached:          1189704 kB
MemTotal:        1844596 kB
MemFree:          106068 kB
MemAvailable:    1382968 kB
Buffers:          103716 kB
Cached:          1189708 kB
MemTotal:        1844596 kB
MemFree:          105712 kB
MemAvailable:    1382612 kB
Buffers:          103716 kB
Cached:          1189708 kB
MemTotal:        1844596 kB
MemFree:          106196 kB
MemAvailable:    1383096 kB
Buffers:          103716 kB
Cached:          1189708 kB
MemTotal:        1844596 kB
MemFree:          106336 kB
MemAvailable:    1383236 kB
Buffers:          103716 kB
Cached:          1189708 kB
MemTotal:        1844596 kB
MemFree:          105332 kB
MemAvailable:    1382232 kB
Buffers:          103716 kB
Cached:          1189708 kB
MemTotal:        1844596 kB
MemFree:          105896 kB
MemAvailable:    1382796 kB
Buffers:          103716 kB
Cached:          1189708 kB
MemTotal:        1844596 kB
MemFree:          106376 kB
MemAvailable:    1383276 kB
Buffers:          103716 kB
Cached:          1189708 kB
MemTotal:        1844596 kB
MemFree:          105536 kB
MemAvailable:    1382436 kB
Buffers:          103716 kB
Cached:          1189708 kB
MemTotal:        1844596 kB
MemFree:          106332 kB
MemAvailable:    1383232 kB
Buffers:          103716 kB
Cached:          1189708 kB
MemTotal:        1844596 kB
MemFree:          105224 kB
MemAvailable:    1382124 kB
Buffers:          103716 kB
Cached:          1189708 kB
MemTotal:        1844596 kB
MemFree:          105944 kB
MemAvailable:    1382844 kB
Buffers:          103716 kB
Cached:          1189708 kB
MemTotal:        1844596 kB
MemFree:          106280 kB
MemAvailable:    1383180 kB
Buffers:          103716 kB
Cached:          1189708 kB
MemTotal:        1844596 kB
MemFree:          106068 kB
MemAvailable:    1382968 kB
Buffers:          103716 kB
Cached:          1189708 kB
MemTotal:        1844596 kB
MemFree:          106280 kB
MemAvailable:    1383180 kB
Buffers:          103716 kB
Cached:          1189708 kB
MemTotal:        1844596 kB
MemFree:          106116 kB
MemAvailable:    1383016 kB
Buffers:          103716 kB
Cached:          1189708 kB
MemTotal:        1844596 kB
MemFree:          105040 kB
MemAvailable:    1381940 kB
Buffers:          103716 kB
Cached:          1189708 kB
MemTotal:        1844596 kB
MemFree:          106068 kB
MemAvailable:    1382968 kB
Buffers:          103716 kB
Cached:          1189708 kB
MemTotal:        1844596 kB
MemFree:          106456 kB
MemAvailable:    1383356 kB
Buffers:          103716 kB
Cached:          1189708 kB
MemTotal:        1844596 kB
MemFree:          105348 kB
MemAvailable:    1382248 kB
Buffers:          103716 kB
Cached:          1189708 kB
MemTotal:        1844596 kB
MemFree:          105944 kB
MemAvailable:    1382844 kB
Buffers:          103716 kB
Cached:          1189708 kB
MemTotal:        1844596 kB
MemFree:          105836 kB
MemAvailable:    1382736 kB
Buffers:          103716 kB
Cached:          1189708 kB
MemTotal:        1844596 kB
MemFree:          106124 kB
MemAvailable:    1383024 kB
Buffers:          103716 kB
Cached:          1189708 kB
MemTotal:        1844596 kB
MemFree:          104776 kB
MemAvailable:    1381676 kB
Buffers:          103716 kB
Cached:          1189708 kB
MemTotal:        1844596 kB
MemFree:          106080 kB
MemAvailable:    1382980 kB
Buffers:          103716 kB
Cached:          1189708 kB
MemTotal:        1844596 kB
MemFree:          106116 kB
MemAvailable:    1383016 kB
Buffers:          103716 kB
Cached:          1189708 kB
MemTotal:        1844596 kB
MemFree:          105332 kB
MemAvailable:    1382232 kB
Buffers:          103716 kB
Cached:          1189708 kB
MemTotal:        1844596 kB
MemFree:          106540 kB
MemAvailable:    1383444 kB
Buffers:          103716 kB
Cached:          1189712 kB
MemTotal:        1844596 kB
MemFree:          105084 kB
MemAvailable:    1381988 kB
Buffers:          103716 kB
Cached:          1189712 kB
MemTotal:        1844596 kB
MemFree:          106192 kB
MemAvailable:    1383096 kB
Buffers:          103716 kB
Cached:          1189712 kB
MemTotal:        1844596 kB
MemFree:          106192 kB
MemAvailable:    1383096 kB
Buffers:          103716 kB
Cached:          1189712 kB
MemTotal:        1844596 kB
MemFree:          104796 kB
MemAvailable:    1381700 kB
Buffers:          103716 kB
Cached:          1189712 kB
MemTotal:        1844596 kB
MemFree:          104788 kB
MemAvailable:    1381692 kB
Buffers:          103716 kB
Cached:          1189712 kB
MemTotal:        1844596 kB
MemFree:          106072 kB
MemAvailable:    1382976 kB
Buffers:          103716 kB
Cached:          1189712 kB
MemTotal:        1844596 kB
MemFree:          106068 kB
MemAvailable:    1382972 kB
Buffers:          103716 kB
Cached:          1189712 kB
MemTotal:        1844596 kB
MemFree:          106196 kB
MemAvailable:    1383100 kB
Buffers:          103716 kB
Cached:          1189712 kB
MemTotal:        1844596 kB
MemFree:          104656 kB
MemAvailable:    1381560 kB
Buffers:          103716 kB
Cached:          1189712 kB
MemTotal:        1844596 kB
MemFree:          104780 kB
MemAvailable:    1381684 kB
Buffers:          103716 kB
Cached:          1189712 kB
MemTotal:        1844596 kB
MemFree:          106304 kB
MemAvailable:    1383208 kB
Buffers:          103716 kB
Cached:          1189712 kB
MemTotal:        1844596 kB
MemFree:          104908 kB
MemAvailable:    1381812 kB
Buffers:          103716 kB
Cached:          1189712 kB
MemTotal:        1844596 kB
MemFree:          104776 kB
MemAvailable:    1381680 kB
Buffers:          103716 kB
Cached:          1189712 kB
MemTotal:        1844596 kB
MemFree:          104900 kB
MemAvailable:    1381804 kB
Buffers:          103716 kB
Cached:          1189712 kB
MemTotal:        1844596 kB
MemFree:          106240 kB
MemAvailable:    1383144 kB
Buffers:          103716 kB
Cached:          1189712 kB
MemTotal:        1844596 kB
MemFree:          106128 kB
MemAvailable:    1383032 kB
Buffers:          103716 kB
Cached:          1189712 kB
MemTotal:        1844596 kB
MemFree:          103348 kB
MemAvailable:    1380252 kB
Buffers:          103716 kB
Cached:          1189712 kB
MemTotal:        1844596 kB
MemFree:          102496 kB
MemAvailable:    1379400 kB
Buffers:          103716 kB
Cached:          1189712 kB
MemTotal:        1844596 kB
MemFree:           99812 kB
MemAvailable:    1376716 kB
Buffers:          103716 kB
Cached:          1189712 kB
MemTotal:        1844596 kB
MemFree:           96660 kB
MemAvailable:    1373564 kB
Buffers:          103716 kB
Cached:          1189712 kB
MemTotal:        1844596 kB
MemFree:           94180 kB
MemAvailable:    1371084 kB
Buffers:          103716 kB
Cached:          1189712 kB
MemTotal:        1844596 kB
MemFree:           90336 kB
MemAvailable:    1367240 kB
Buffers:          103716 kB
Cached:          1189712 kB
MemTotal:        1844596 kB
MemFree:           87360 kB
MemAvailable:    1364264 kB
Buffers:          103716 kB
Cached:          1189712 kB
MemTotal:        1844596 kB
MemFree:           86740 kB
MemAvailable:    1363644 kB
Buffers:          103716 kB
Cached:          1189712 kB
MemTotal:        1844596 kB
MemFree:           85748 kB
MemAvailable:    1362652 kB
Buffers:          103716 kB
Cached:          1189712 kB
MemTotal:        1844596 kB
MemFree:           85364 kB
MemAvailable:    1362268 kB
Buffers:          103716 kB
Cached:          1189712 kB
MemTotal:        1844596 kB
MemFree:           86824 kB
MemAvailable:    1363728 kB
Buffers:          103716 kB
Cached:          1189712 kB
MemTotal:        1844596 kB
MemFree:           86656 kB
MemAvailable:    1363560 kB
Buffers:          103716 kB
Cached:          1189712 kB
MemTotal:        1844596 kB
MemFree:           85176 kB
MemAvailable:    1362080 kB
Buffers:          103716 kB
Cached:          1189712 kB
MemTotal:        1844596 kB
MemFree:           86848 kB
MemAvailable:    1363752 kB
Buffers:          103716 kB
Cached:          1189712 kB
MemTotal:        1844596 kB
MemFree:           85212 kB
MemAvailable:    1362116 kB
Buffers:          103716 kB
Cached:          1189712 kB
MemTotal:        1844596 kB
MemFree:           86600 kB
MemAvailable:    1363504 kB
Buffers:          103716 kB
Cached:          1189712 kB
MemTotal:        1844596 kB
MemFree:           86600 kB
MemAvailable:    1363504 kB
Buffers:          103716 kB
Cached:          1189712 kB
MemTotal:        1844596 kB
MemFree:           86476 kB
MemAvailable:    1363380 kB
Buffers:          103716 kB
Cached:          1189712 kB
MemTotal:        1844596 kB
MemFree:           85228 kB
MemAvailable:    1362132 kB
Buffers:          103716 kB
Cached:          1189712 kB
MemTotal:        1844596 kB
MemFree:           86468 kB
MemAvailable:    1363372 kB
Buffers:          103716 kB
Cached:          1189712 kB
MemTotal:        1844596 kB
MemFree:           86720 kB
MemAvailable:    1363624 kB
Buffers:          103716 kB
Cached:          1189712 kB
MemTotal:        1844596 kB
MemFree:           86312 kB
MemAvailable:    1363216 kB
Buffers:          103716 kB
Cached:          1189712 kB
MemTotal:        1844596 kB
MemFree:           86004 kB
MemAvailable:    1362908 kB
Buffers:          103716 kB
Cached:          1189712 kB
MemTotal:        1844596 kB
MemFree:           86248 kB
MemAvailable:    1363152 kB
Buffers:          103716 kB
Cached:          1189712 kB
MemTotal:        1844596 kB
MemFree:           86376 kB
MemAvailable:    1363280 kB
Buffers:          103716 kB
Cached:          1189712 kB
MemTotal:        1844596 kB
MemFree:           85500 kB
MemAvailable:    1362404 kB
Buffers:          103716 kB
Cached:          1189712 kB
MemTotal:        1844596 kB
MemFree:           86104 kB
MemAvailable:    1363008 kB
Buffers:          103716 kB
Cached:          1189712 kB
MemTotal:        1844596 kB
MemFree:           86440 kB
MemAvailable:    1363344 kB
Buffers:          103716 kB
Cached:          1189712 kB
MemTotal:        1844596 kB
MemFree:           85004 kB
MemAvailable:    1361908 kB
Buffers:          103716 kB
Cached:          1189712 kB
MemTotal:        1844596 kB
MemFree:           86304 kB
MemAvailable:    1363208 kB
Buffers:          103716 kB
Cached:          1189712 kB
MemTotal:        1844596 kB
MemFree:           84996 kB
MemAvailable:    1361904 kB
Buffers:          103716 kB
Cached:          1189716 kB
MemTotal:        1844596 kB
MemFree:           85916 kB
MemAvailable:    1362824 kB
Buffers:          103716 kB
Cached:          1189716 kB
MemTotal:        1844596 kB
MemFree:           85436 kB
MemAvailable:    1362344 kB
Buffers:          103716 kB
Cached:          1189716 kB
MemTotal:        1844596 kB
MemFree:           84128 kB
MemAvailable:    1361036 kB
Buffers:          103716 kB
Cached:          1189716 kB
MemTotal:        1844596 kB
MemFree:           78556 kB
MemAvailable:    1355464 kB
Buffers:          103716 kB
Cached:          1189716 kB
MemTotal:        1844596 kB
MemFree:           77172 kB
MemAvailable:    1354080 kB
Buffers:          103716 kB
Cached:          1189716 kB
MemTotal:        1844596 kB
MemFree:           75456 kB
MemAvailable:    1352364 kB
Buffers:          103716 kB
Cached:          1189716 kB
MemTotal:        1844596 kB
MemFree:           75324 kB
MemAvailable:    1352232 kB
Buffers:          103716 kB
Cached:          1189716 kB
MemTotal:        1844596 kB
MemFree:           75324 kB
MemAvailable:    1352232 kB
Buffers:          103716 kB
Cached:          1189716 kB
MemTotal:        1844596 kB
MemFree:           73968 kB
MemAvailable:    1350876 kB
Buffers:          103716 kB
Cached:          1189716 kB
MemTotal:        1844596 kB
MemFree:           73532 kB
MemAvailable:    1350440 kB
Buffers:          103716 kB
Cached:          1189716 kB
MemTotal:        1844596 kB
MemFree:           72184 kB
MemAvailable:    1349092 kB
Buffers:          103716 kB
Cached:          1189716 kB
MemTotal:        1844596 kB
MemFree:           72176 kB
MemAvailable:    1349084 kB
Buffers:          103716 kB
Cached:          1189716 kB
MemTotal:        1844596 kB
MemFree:           73540 kB
MemAvailable:    1350448 kB
Buffers:          103716 kB
Cached:          1189716 kB
MemTotal:        1844596 kB
MemFree:           72204 kB
MemAvailable:    1349112 kB
Buffers:          103716 kB
Cached:          1189716 kB
MemTotal:        1844596 kB
MemFree:           73196 kB
MemAvailable:    1350188 kB
Buffers:          103716 kB
Cached:          1189840 kB
MemTotal:        1844596 kB
MemFree:           72240 kB
MemAvailable:    1349316 kB
Buffers:          103716 kB
Cached:          1189840 kB
MemTotal:        1844596 kB
MemFree:           72920 kB
MemAvailable:    1350164 kB
Buffers:          103716 kB
Cached:          1189964 kB
MemTotal:        1844596 kB
MemFree:           73176 kB
MemAvailable:    1350420 kB
Buffers:          103716 kB
Cached:          1189964 kB
MemTotal:        1844596 kB
MemFree:           72788 kB
MemAvailable:    1350284 kB
Buffers:          103716 kB
Cached:          1190212 kB
MemTotal:        1844596 kB
MemFree:           72956 kB
MemAvailable:    1350452 kB
Buffers:          103716 kB
Cached:          1190212 kB
MemTotal:        1844596 kB
MemFree:           72680 kB
MemAvailable:    1350176 kB
Buffers:          103716 kB
Cached:          1190212 kB
MemTotal:        1844596 kB
MemFree:           72776 kB
MemAvailable:    1350272 kB
Buffers:          103716 kB
Cached:          1190336 kB
MemTotal:        1844596 kB
MemFree:           71860 kB
MemAvailable:    1349356 kB
Buffers:          103716 kB
Cached:          1190336 kB
MemTotal:        1844596 kB
MemFree:           73196 kB
MemAvailable:    1350704 kB
Buffers:          103716 kB
Cached:          1190396 kB
MemTotal:        1844596 kB
MemFree:           71860 kB
MemAvailable:    1349368 kB
Buffers:          103716 kB
Cached:          1190396 kB
MemTotal:        1844596 kB
MemFree:           73184 kB
MemAvailable:    1350692 kB
Buffers:          103716 kB
Cached:          1190396 kB
MemTotal:        1844596 kB
MemFree:           71860 kB
MemAvailable:    1349368 kB
Buffers:          103716 kB
Cached:          1190396 kB
MemTotal:        1844596 kB
MemFree:           72432 kB
MemAvailable:    1349940 kB
Buffers:          103716 kB
Cached:          1190520 kB
MemTotal:        1844596 kB
MemFree:           72768 kB
MemAvailable:    1350276 kB
Buffers:          103716 kB
Cached:          1190520 kB
MemTotal:        1844596 kB
MemFree:           71100 kB
MemAvailable:    1348020 kB
Buffers:          103716 kB
Cached:          1189764 kB
MemTotal:        1844596 kB
MemFree:          110624 kB
MemAvailable:    1387544 kB
Buffers:          103716 kB
Cached:          1189764 kB
MemTotal:        1844596 kB
MemFree:          188620 kB
MemAvailable:    1465540 kB
Buffers:          103716 kB
Cached:          1189764 kB
MemTotal:        1844596 kB
MemFree:          267636 kB
MemAvailable:    1544556 kB
Buffers:          103716 kB
Cached:          1189764 kB
