MemTotal:        1844596 kB
MemFree:          264276 kB
MemAvailable:    1546720 kB
Buffers:          107220 kB
Cached:          1186716 kB
MemTotal:        1844596 kB
MemFree:          235388 kB
MemAvailable:    1517836 kB
Buffers:          107220 kB
Cached:          1186720 kB
MemTotal:        1844596 kB
MemFree:          236324 kB
MemAvailable:    1518772 kB
Buffers:          107220 kB
Cached:          1186720 kB
MemTotal:        1844596 kB
MemFree:          234784 kB
MemAvailable:    1517232 kB
Buffers:          107220 kB
Cached:          1186720 kB
MemTotal:        1844596 kB
MemFree:          232552 kB
MemAvailable:    1515000 kB
Buffers:          107220 kB
Cached:          1186720 kB
MemTotal:        1844596 kB
MemFree:          232180 kB
MemAvailable:    1514628 kB
Buffers:          107220 kB
Cached:          1186720 kB
MemTotal:        1844596 kB
MemFree:          231296 kB
MemAvailable:    1513744 kB
Buffers:          107220 kB
Cached:          1186720 kB
MemTotal:        1844596 kB
MemFree:          230196 kB
MemAvailable:    1512644 kB
Buffers:          107220 kB
Cached:          1186720 kB
MemTotal:        1844596 kB
MemFree:          228396 kB
MemAvailable:    1510844 kB
Buffers:          107220 kB
Cached:          1186720 kB
MemTotal:        1844596 kB
MemFree:          226040 kB
MemAvailable:    1508488 kB
Buffers:          107220 kB
Cached:          1186720 kB
MemTotal:        1844596 kB
MemFree:          221144 kB
MemAvailable:    1503592 kB
Buffers:          107220 kB
Cached:          1186720 kB
MemTotal:        1844596 kB
MemFree:          223048 kB
MemAvailable:    1505496 kB
Buffers:          107220 kB
Cached:          1186720 kB
MemTotal:        1844596 kB
MemFree:          223252 kB
MemAvailable:    1505700 kB
Buffers:          107220 kB
Cached:          1186720 kB
MemTotal:        1844596 kB
MemFree:          224348 kB
MemAvailable:    1506796 kB
Buffers:          107220 kB
Cached:          1186720 kB
MemTotal:        1844596 kB
MemFree:          223520 kB
MemAvailable:    1505968 kB
Buffers:          107220 kB
Cached:          1186720 kB
MemTotal:        1844596 kB
MemFree:          223016 kB
MemAvailable:    1505464 kB
Buffers:          107220 kB
Cached:          1186720 kB
MemTotal:        1844596 kB
MemFree:          224016 kB
MemAvailable:    1506464 kB
Buffers:          107220 kB
Cached:          1186720 kB
MemTotal:        1844596 kB
MemFree:          223620 kB
MemAvailable:    1506068 kB
Buffers:          107220 kB
Cached:          1186720 kB
MemTotal:        1844596 kB
MemFree:          223520 kB
MemAvailable:    1505968 kB
Buffers:          107220 kB
Cached:          1186720 kB
MemTotal:        1844596 kB
MemFree:          223648 kB
MemAvailable:    1506096 kB
Buffers:          107220 kB
Cached:          1186720 kB
MemTotal:        1844596 kB
MemFree:          223360 kB
MemAvailable:    1505808 kB
Buffers:          107220 kB
Cached:          1186720 kB
MemTotal:        1844596 kB
MemFree:          223696 kB
MemAvailable:    1506144 kB
Buffers:          107220 kB
Cached:          1186720 kB
MemTotal:        1844596 kB
MemFree:          222212 kB
MemAvailable:    1504660 kB
Buffers:          107220 kB
Cached:          1186720 kB
MemTotal:        1844596 kB
MemFree:          223576 kB
MemAvailable:    1506024 kB
Buffers:          107220 kB
Cached:          1186720 kB
MemTotal:        1844596 kB
MemFree:          222760 kB
MemAvailable:    1505208 kB
Buffers:          107220 kB
Cached:          1186720 kB
MemTotal:        1844596 kB
MemFree:          222652 kB
MemAvailable:    1505100 kB
Buffers:          107220 kB
Cached:          1186720 kB
MemTotal:        1844596 kB
MemFree:          221480 kB
MemAvailable:    1503928 kB
Buffers:          107220 kB
Cached:          1186720 kB
MemTotal:        1844596 kB
MemFree:          221480 kB
MemAvailable:    1503928 kB
Buffers:          107220 kB
Cached:          1186720 kB
MemTotal:        1844596 kB
MemFree:          222404 kB
MemAvailable:    1504852 kB
Buffers:          107220 kB
Cached:          1186720 kB
MemTotal:        1844596 kB
MemFree:          220668 kB
MemAvailable:    1503116 kB
Buffers:          107220 kB
Cached:          1186720 kB
MemTotal:        1844596 kB
MemFree:          220420 kB
MemAvailable:    1502868 kB
Buffers:          107220 kB
Cached:          1186720 kB
MemTotal:        1844596 kB
MemFree:          220032 kB
MemAvailable:    1502480 kB
Buffers:          107220 kB
Cached:          1186720 kB
MemTotal:        1844596 kB
MemFree:          221396 kB
MemAvailable:    1503844 kB
Buffers:          107220 kB
Cached:          1186720 kB
MemTotal:        1844596 kB
MemFree:          219908 kB
MemAvailable:    1502356 kB
Buffers:          107220 kB
Cached:          1186720 kB
MemTotal:        1844596 kB
MemFree:          221100 kB
MemAvailable:    1503548 kB
Buffers:          107220 kB
Cached:          1186720 kB
MemTotal:        1844596 kB
MemFree:          219984 kB
MemAvailable:    1502432 kB
Buffers:          107220 kB
Cached:          1186720 kB
MemTotal:        1844596 kB
MemFree:          221220 kB
MemAvailable:    1503668 kB
Buffers:          107220 kB
Cached:          1186720 kB
MemTotal:        1844596 kB
MemFree:          220016 kB
MemAvailable:    1502464 kB
Buffers:          107220 kB
Cached:          1186720 kB
MemTotal:        1844596 kB
MemFree:          220280 kB
MemAvailable:    1502728 kB
Buffers:          107220 kB
Cached:          1186720 kB
MemTotal:        1844596 kB
MemFree:          220048 kB
MemAvailable:    1502496 kB
Buffers:          107220 kB
Cached:          1186720 kB
MemTotal:        1844596 kB
MemFree:          216876 kB
MemAvailable:    1499324 kB
Buffers:          107220 kB
Cached:          1186720 kB
MemTotal:        1844596 kB
MemFree:          215100 kB
MemAvailable:    1497552 kB
Buffers:          107220 kB
Cached:          1186724 kB
MemTotal:        1844596 kB
MemFree:          216216 kB
MemAvailable:    1498668 kB
Buffers:          107220 kB
Cached:          1186724 kB
MemTotal:        1844596 kB
MemFree:          214844 kB
MemAvailable:    1497296 kB
Buffers:          107220 kB
Cached:          1186724 kB
MemTotal:        1844596 kB
MemFree:          214728 kB
MemAvailable:    1497180 kB
Buffers:          107220 kB
Cached:          1186724 kB
MemTotal:        1844596 kB
MemFree:          215704 kB
MemAvailable:    1498156 kB
Buffers:          107220 kB
Cached:          1186724 kB
MemTotal:        1844596 kB
MemFree:          215100 kB
MemAvailable:    1497552 kB
Buffers:          107220 kB
Cached:          1186724 kB
MemTotal:        1844596 kB
MemFree:          215540 kB
MemAvailable:    1497992 kB
Buffers:          107220 kB
Cached:          1186724 kB
MemTotal:        1844596 kB
MemFree:          214424 kB
MemAvailable:    1496876 kB
Buffers:          107220 kB
Cached:          1186724 kB
MemTotal:        1844596 kB
MemFree:          214300 kB
MemAvailable:    1496752 kB
Buffers:          107220 kB
Cached:          1186724 kB
MemTotal:        1844596 kB
MemFree:          215624 kB
MemAvailable:    1498076 kB
Buffers:          107220 kB
Cached:          1186724 kB
MemTotal:        1844596 kB
MemFree:          215664 kB
MemAvailable:    1498116 kB
Buffers:          107220 kB
Cached:          1186724 kB
MemTotal:        1844596 kB
MemFree:          214168 kB
MemAvailable:    1496620 kB
Buffers:          107220 kB
Cached:          1186724 kB
MemTotal:        1844596 kB
MemFree:          215400 kB
MemAvailable:    1497852 kB
Buffers:          107220 kB
Cached:          1186724 kB
MemTotal:        1844596 kB
MemFree:          214328 kB
MemAvailable:    1496780 kB
Buffers:          107220 kB
Cached:          1186724 kB
MemTotal:        1844596 kB
MemFree:          211752 kB
MemAvailable:    1494204 kB
Buffers:          107220 kB
Cached:          1186724 kB
MemTotal:        1844596 kB
MemFree:          208404 kB
MemAvailable:    1490856 kB
Buffers:          107220 kB
Cached:          1186724 kB
MemTotal:        1844596 kB
MemFree:          209008 kB
MemAvailable:    1491460 kB
Buffers:          107220 kB
Cached:          1186724 kB
MemTotal:        1844596 kB
MemFree:          208528 kB
MemAvailable:    1490980 kB
Buffers:          107220 kB
Cached:          1186724 kB
MemTotal:        1844596 kB
MemFree:          207728 kB
MemAvailable:    1490180 kB
Buffers:          107220 kB
Cached:          1186724 kB
MemTotal:        1844596 kB
MemFree:          206412 kB
MemAvailable:    1488864 kB
Buffers:          107220 kB
Cached:          1186724 kB
MemTotal:        1844596 kB
MemFree:          206164 kB
MemAvailable:    1488616 kB
Buffers:          107220 kB
Cached:          1186724 kB
MemTotal:        1844596 kB
MemFree:          205676 kB
MemAvailable:    1488128 kB
Buffers:          107220 kB
Cached:          1186724 kB
MemTotal:        1844596 kB
MemFree:          206776 kB
MemAvailable:    1489228 kB
Buffers:          107220 kB
Cached:          1186724 kB
MemTotal:        1844596 kB
MemFree:          206296 kB
MemAvailable:    1488748 kB
Buffers:          107220 kB
Cached:          1186724 kB
MemTotal:        1844596 kB
MemFree:          205744 kB
MemAvailable:    1488196 kB
Buffers:          107220 kB
Cached:          1186724 kB
MemTotal:        1844596 kB
MemFree:          205620 kB
MemAvailable:    1488072 kB
Buffers:          107220 kB
Cached:          1186724 kB
MemTotal:        1844596 kB
MemFree:          205868 kB
MemAvailable:    1488320 kB
Buffers:          107220 kB
Cached:          1186724 kB
MemTotal:        1844596 kB
MemFree:          207040 kB
MemAvailable:    1489492 kB
Buffers:          107220 kB
Cached:          1186724 kB
MemTotal:        1844596 kB
MemFree:          206664 kB
MemAvailable:    1489116 kB
Buffers:          107220 kB
Cached:          1186724 kB
MemTotal:        1844596 kB
MemFree:          205400 kB
MemAvailable:    1487852 kB
Buffers:          107220 kB
Cached:          1186724 kB
MemTotal:        1844596 kB
MemFree:          205524 kB
MemAvailable:    1487976 kB
Buffers:          107220 kB
Cached:          1186724 kB
MemTotal:        1844596 kB
MemFree:          205516 kB
MemAvailable:    1487968 kB
Buffers:          107220 kB
Cached:          1186724 kB
MemTotal:        1844596 kB
MemFree:          205400 kB
MemAvailable:    1487852 kB
Buffers:          107220 kB
Cached:          1186724 kB
MemTotal:        1844596 kB
MemFree:          205268 kB
MemAvailable:    1487720 kB
Buffers:          107220 kB
Cached:          1186724 kB
MemTotal:        1844596 kB
MemFree:          205012 kB
MemAvailable:    1487464 kB
Buffers:          107220 kB
Cached:          1186724 kB
MemTotal:        1844596 kB
MemFree:          205012 kB
MemAvailable:    1487464 kB
Buffers:          107220 kB
Cached:          1186724 kB
MemTotal:        1844596 kB
MemFree:          205136 kB
MemAvailable:    1487588 kB
Buffers:          107220 kB
Cached:          1186724 kB
MemTotal:        1844596 kB
MemFree:          205136 kB
MemAvailable:    1487588 kB
Buffers:          107220 kB
Cached:          1186724 kB
MemTotal:        1844596 kB
MemFree:          205004 kB
MemAvailable:    1487456 kB
Buffers:          107220 kB
Cached:          1186724 kB
MemTotal:        1844596 kB
MemFree:          205128 kB
MemAvailable:    1487580 kB
Buffers:          107220 kB
Cached:          1186724 kB
MemTotal:        1844596 kB
MemFree:          201584 kB
MemAvailable:    1484036 kB
Buffers:          107220 kB
Cached:          1186724 kB
MemTotal:        1844596 kB
MemFree:          199188 kB
MemAvailable:    1481640 kB
Buffers:          107220 kB
Cached:          1186724 kB
MemTotal:        1844596 kB
MemFree:          196864 kB
MemAvailable:    1479316 kB
Buffers:          107220 kB
Cached:          1186724 kB
MemTotal:        1844596 kB
MemFree:          198148 kB
MemAvailable:    1480600 kB
Buffers:          107220 kB
Cached:          1186724 kB
MemTotal:        1844596 kB
MemFree:          198056 kB
MemAvailable:    1480508 kB
Buffers:          107220 kB
Cached:          1186724 kB
MemTotal:        1844596 kB
MemFree:          196860 kB
MemAvailable:    1479312 kB
Buffers:          107220 kB
Cached:          1186724 kB
MemTotal:        1844596 kB
MemFree:          196500 kB
MemAvailable:    1478952 kB
Buffers:          107220 kB
Cached:          1186724 kB
MemTotal:        1844596 kB
MemFree:          196328 kB
MemAvailable:    1478780 kB
Buffers:          107220 kB
Cached:          1186724 kB
MemTotal:        1844596 kB
MemFree:          197968 kB
MemAvailable:    1480420 kB
Buffers:          107220 kB
Cached:          1186724 kB
MemTotal:        1844596 kB
MemFree:          197628 kB
MemAvailable:    1480080 kB
Buffers:          107220 kB
Cached:          1186724 kB
MemTotal:        1844596 kB
MemFree:          196488 kB
MemAvailable:    1478940 kB
Buffers:          107220 kB
Cached:          1186724 kB
MemTotal:        1844596 kB
MemFree:          196344 kB
MemAvailable:    1478796 kB
Buffers:          107220 kB
Cached:          1186724 kB
MemTotal:        1844596 kB
MemFree:          197552 kB
MemAvailable:    1480004 kB
Buffers:          107220 kB
Cached:          1186724 kB
MemTotal:        1844596 kB
MemFree:          196472 kB
MemAvailable:    1478924 kB
Buffers:          107220 kB
Cached:          1186724 kB
MemTotal:        1844596 kB
MemFree:          196160 kB
MemAvailable:    1478612 kB
Buffers:          107220 kB
Cached:          1186724 kB
MemTotal:        1844596 kB
MemFree:          197568 kB
MemAvailable:    1480020 kB
Buffers:          107220 kB
Cached:          1186724 kB
MemTotal:        1844596 kB
MemFree:          197616 kB
MemAvailable:    1480068 kB
Buffers:          107220 kB
Cached:          1186724 kB
MemTotal:        1844596 kB
MemFree:          197560 kB
MemAvailable:    1480012 kB
Buffers:          107220 kB
Cached:          1186724 kB
MemTotal:        1844596 kB
MemFree:          196816 kB
MemAvailable:    1479268 kB
Buffers:          107220 kB
Cached:          1186724 kB
MemTotal:        1844596 kB
MemFree:          197680 kB
MemAvailable:    1480132 kB
Buffers:          107220 kB
Cached:          1186724 kB
MemTotal:        1844596 kB
MemFree:          196180 kB
MemAvailable:    1478632 kB
Buffers:          107220 kB
Cached:          1186724 kB
MemTotal:        1844596 kB
MemFree:          196348 kB
MemAvailable:    1478800 kB
Buffers:          107220 kB
Cached:          1186724 kB
MemTotal:        1844596 kB
MemFree:          196236 kB
MemAvailable:    1478688 kB
Buffers:          107220 kB
Cached:          1186724 kB
MemTotal:        1844596 kB
MemFree:          197676 kB
MemAvailable:    1480128 kB
Buffers:          107220 kB
Cached:          1186724 kB
MemTotal:        1844596 kB
MemFree:          197436 kB
MemAvailable:    1479888 kB
Buffers:          107220 kB
Cached:          1186724 kB
MemTotal:        1844596 kB
MemFree:          197692 kB
MemAvailable:    1480144 kB
Buffers:          107220 kB
Cached:          1186724 kB
MemTotal:        1844596 kB
MemFree:          196380 kB
MemAvailable:    1478836 kB
Buffers:          107220 kB
Cached:          1186728 kB
MemTotal:        1844596 kB
MemFree:          196332 kB
MemAvailable:    1478788 kB
Buffers:          107220 kB
Cached:          1186728 kB
MemTotal:        1844596 kB
MemFree:          196332 kB
MemAvailable:    1478792 kB
Buffers:          107220 kB
Cached:          1186732 kB
MemTotal:        1844596 kB
MemFree:          197540 kB
MemAvailable:    1480000 kB
Buffers:          107220 kB
Cached:          1186732 kB
MemTotal:        1844596 kB
MemFree:          196464 kB
MemAvailable:    1478924 kB
Buffers:          107220 kB
Cached:          1186732 kB
MemTotal:        1844596 kB
MemFree:          196340 kB
MemAvailable:    1478800 kB
Buffers:          107220 kB
Cached:          1186732 kB
MemTotal:        1844596 kB
MemFree:          197820 kB
MemAvailable:    1480280 kB
Buffers:          107220 kB
Cached:          1186732 kB
MemTotal:        1844596 kB
MemFree:          197864 kB
MemAvailable:    1480324 kB
Buffers:          107220 kB
Cached:          1186732 kB
MemTotal:        1844596 kB
MemFree:          197636 kB
MemAvailable:    1480096 kB
Buffers:          107220 kB
Cached:          1186732 kB
MemTotal:        1844596 kB
MemFree:          196900 kB
MemAvailable:    1479360 kB
Buffers:          107220 kB
Cached:          1186732 kB
MemTotal:        1844596 kB
MemFree:          197372 kB
MemAvailable:    1479832 kB
Buffers:          107220 kB
Cached:          1186732 kB
MemTotal:        1844596 kB
MemFree:          196652 kB
MemAvailable:    1479112 kB
Buffers:          107220 kB
Cached:          1186732 kB
MemTotal:        1844596 kB
MemFree:          193472 kB
MemAvailable:    1475932 kB
Buffers:          107220 kB
Cached:          1186732 kB
MemTotal:        1844596 kB
MemFree:          190380 kB
MemAvailable:    1472840 kB
Buffers:          107220 kB
Cached:          1186732 kB
MemTotal:        1844596 kB
MemFree:          186972 kB
MemAvailable:    1469432 kB
Buffers:          107220 kB
Cached:          1186732 kB
MemTotal:        1844596 kB
MemFree:          185848 kB
MemAvailable:    1468308 kB
Buffers:          107220 kB
Cached:          1186732 kB
MemTotal:        1844596 kB
MemFree:          185724 kB
MemAvailable:    1468184 kB
Buffers:          107220 kB
Cached:          1186732 kB
MemTotal:        1844596 kB
MemFree:          185724 kB
MemAvailable:    1468184 kB
Buffers:          107220 kB
Cached:          1186732 kB
MemTotal:        1844596 kB
MemFree:          186928 kB
MemAvailable:    1469388 kB
Buffers:          107220 kB
Cached:          1186732 kB
MemTotal:        1844596 kB
MemFree:          186908 kB
MemAvailable:    1469368 kB
Buffers:          107220 kB
Cached:          1186732 kB
MemTotal:        1844596 kB
MemFree:          186780 kB
MemAvailable:    1469240 kB
Buffers:          107220 kB
Cached:          1186732 kB
MemTotal:        1844596 kB
MemFree:          186360 kB
MemAvailable:    1468820 kB
Buffers:          107220 kB
Cached:          1186732 kB
MemTotal:        1844596 kB
MemFree:          186900 kB
MemAvailable:    1469360 kB
Buffers:          107220 kB
Cached:          1186732 kB
MemTotal:        1844596 kB
MemFree:          185560 kB
MemAvailable:    1468020 kB
Buffers:          107220 kB
Cached:          1186732 kB
MemTotal:        1844596 kB
MemFree:          186792 kB
MemAvailable:    1469252 kB
Buffers:          107220 kB
Cached:          1186732 kB
MemTotal:        1844596 kB
MemFree:          185428 kB
MemAvailable:    1467888 kB
Buffers:          107220 kB
Cached:          1186732 kB
MemTotal:        1844596 kB
MemFree:          185720 kB
MemAvailable:    1468180 kB
Buffers:          107220 kB
Cached:          1186732 kB
MemTotal:        1844596 kB
MemFree:          185608 kB
MemAvailable:    1468068 kB
Buffers:          107220 kB
Cached:          1186732 kB
MemTotal:        1844596 kB
MemFree:          185484 kB
MemAvailable:    1467944 kB
Buffers:          107220 kB
Cached:          1186732 kB
MemTotal:        1844596 kB
MemFree:          185560 kB
MemAvailable:    1468020 kB
Buffers:          107220 kB
Cached:          1186732 kB
MemTotal:        1844596 kB
MemFree:          185436 kB
MemAvailable:    1467896 kB
Buffers:          107220 kB
Cached:          1186732 kB
MemTotal:        1844596 kB
MemFree:          185436 kB
MemAvailable:    1467896 kB
Buffers:          107220 kB
Cached:          1186732 kB
MemTotal:        1844596 kB
MemFree:          185556 kB
MemAvailable:    1468016 kB
Buffers:          107220 kB
Cached:          1186732 kB
MemTotal:        1844596 kB
MemFree:          185548 kB
MemAvailable:    1468008 kB
Buffers:          107220 kB
Cached:          1186732 kB
MemTotal:        1844596 kB
MemFree:          185716 kB
MemAvailable:    1468176 kB
Buffers:          107220 kB
Cached:          1186732 kB
MemTotal:        1844596 kB
MemFree:          185544 kB
MemAvailable:    1468004 kB
Buffers:          107220 kB
Cached:          1186732 kB
MemTotal:        1844596 kB
MemFree:          186864 kB
MemAvailable:    1469324 kB
Buffers:          107220 kB
Cached:          1186732 kB
MemTotal:        1844596 kB
MemFree:          186772 kB
MemAvailable:    1469232 kB
Buffers:          107220 kB
Cached:          1186732 kB
MemTotal:        1844596 kB
MemFree:          185452 kB
MemAvailable:    1467912 kB
Buffers:          107220 kB
Cached:          1186732 kB
MemTotal:        1844596 kB
MemFree:          185568 kB
MemAvailable:    1468028 kB
Buffers:          107220 kB
Cached:          1186732 kB
MemTotal:        1844596 kB
MemFree:          186704 kB
MemAvailable:    1469164 kB
Buffers:          107220 kB
Cached:          1186732 kB
MemTotal:        1844596 kB
MemFree:          185568 kB
MemAvailable:    1468028 kB
Buffers:          107220 kB
Cached:          1186732 kB
MemTotal:        1844596 kB
MemFree:          185436 kB
MemAvailable:    1467896 kB
Buffers:          107220 kB
Cached:          1186732 kB
MemTotal:        1844596 kB
MemFree:          185604 kB
MemAvailable:    1468064 kB
Buffers:          107220 kB
Cached:          1186732 kB
MemTotal:        1844596 kB
MemFree:          185852 kB
MemAvailable:    1468312 kB
Buffers:          107220 kB
Cached:          1186732 kB
MemTotal:        1844596 kB
MemFree:          185844 kB
MemAvailable:    1468304 kB
Buffers:          107220 kB
Cached:          1186732 kB
MemTotal:        1844596 kB
MemFree:          185484 kB
MemAvailable:    1467944 kB
Buffers:          107220 kB
Cached:          1186732 kB
MemTotal:        1844596 kB
MemFree:          185484 kB
MemAvailable:    1467944 kB
Buffers:          107220 kB
Cached:          1186732 kB
MemTotal:        1844596 kB
MemFree:          186668 kB
MemAvailable:    1469128 kB
Buffers:          107220 kB
Cached:          1186732 kB
MemTotal:        1844596 kB
MemFree:          186228 kB
MemAvailable:    1468688 kB
Buffers:          107220 kB
Cached:          1186732 kB
MemTotal:        1844596 kB
MemFree:          185800 kB
MemAvailable:    1468260 kB
Buffers:          107220 kB
Cached:          1186732 kB
MemTotal:        1844596 kB
MemFree:          185552 kB
MemAvailable:    1468012 kB
Buffers:          107220 kB
Cached:          1186732 kB
MemTotal:        1844596 kB
MemFree:          185552 kB
MemAvailable:    1468012 kB
Buffers:          107220 kB
Cached:          1186732 kB
MemTotal:        1844596 kB
MemFree:          185668 kB
MemAvailable:    1468128 kB
Buffers:          107220 kB
Cached:          1186732 kB
MemTotal:        1844596 kB
MemFree:          185712 kB
MemAvailable:    1468172 kB
Buffers:          107220 kB
Cached:          1186732 kB
MemTotal:        1844596 kB
MemFree:          185468 kB
MemAvailable:    1467928 kB
Buffers:          107220 kB
Cached:          1186732 kB
MemTotal:        1844596 kB
MemFree:          185556 kB
MemAvailable:    1468016 kB
Buffers:          107220 kB
Cached:          1186732 kB
MemTotal:        1844596 kB
MemFree:          185360 kB
MemAvailable:    1467820 kB
Buffers:          107220 kB
Cached:          1186732 kB
MemTotal:        1844596 kB
MemFree:          186684 kB
MemAvailable:    1469144 kB
Buffers:          107220 kB
Cached:          1186732 kB
MemTotal:        1844596 kB
MemFree:          185852 kB
MemAvailable:    1468312 kB
Buffers:          107220 kB
Cached:          1186732 kB
MemTotal:        1844596 kB
MemFree:          186720 kB
MemAvailable:    1469180 kB
Buffers:          107220 kB
Cached:          1186732 kB
MemTotal:        1844596 kB
MemFree:          185236 kB
MemAvailable:    1467696 kB
Buffers:          107220 kB
Cached:          1186732 kB
MemTotal:        1844596 kB
MemFree:          185972 kB
MemAvailable:    1468432 kB
Buffers:          107220 kB
Cached:          1186732 kB
MemTotal:        1844596 kB
MemFree:          185368 kB
MemAvailable:    1467828 kB
Buffers:          107220 kB
Cached:          1186732 kB
MemTotal:        1844596 kB
MemFree:          185684 kB
MemAvailable:    1468144 kB
Buffers:          107220 kB
Cached:          1186732 kB
MemTotal:        1844596 kB
MemFree:          184564 kB
MemAvailable:    1467024 kB
Buffers:          107220 kB
Cached:          1186732 kB
MemTotal:        1844596 kB
MemFree:          185804 kB
MemAvailable:    1468264 kB
Buffers:          107220 kB
Cached:          1186732 kB
MemTotal:        1844596 kB
MemFree:          185864 kB
MemAvailable:    1468324 kB
Buffers:          107220 kB
Cached:          1186732 kB
MemTotal:        1844596 kB
MemFree:          185544 kB
MemAvailable:    1468008 kB
Buffers:          107220 kB
Cached:          1186736 kB
MemTotal:        1844596 kB
MemFree:          184320 kB
MemAvailable:    1466784 kB
Buffers:          107220 kB
Cached:          1186736 kB
MemTotal:        1844596 kB
MemFree:          184192 kB
MemAvailable:    1466660 kB
Buffers:          107220 kB
Cached:          1186740 kB
MemTotal:        1844596 kB
MemFree:          185672 kB
MemAvailable:    1468140 kB
Buffers:          107220 kB
Cached:          1186740 kB
MemTotal:        1844596 kB
MemFree:          185236 kB
MemAvailable:    1467704 kB
Buffers:          107220 kB
Cached:          1186740 kB
MemTotal:        1844596 kB
MemFree:          184096 kB
MemAvailable:    1466564 kB
Buffers:          107220 kB
Cached:          1186740 kB
MemTotal:        1844596 kB
MemFree:          185344 kB
MemAvailable:    1467812 kB
Buffers:          107220 kB
Cached:          1186740 kB
MemTotal:        1844596 kB
MemFree:          185220 kB
MemAvailable:    1467688 kB
Buffers:          107220 kB
Cached:          1186740 kB
MemTotal:        1844596 kB
MemFree:          183956 kB
MemAvailable:    1466424 kB
Buffers:          107220 kB
Cached:          1186740 kB
MemTotal:        1844596 kB
MemFree:          185196 kB
MemAvailable:    1467664 kB
Buffers:          107220 kB
Cached:          1186740 kB
MemTotal:        1844596 kB
MemFree:          184072 kB
MemAvailable:    1466540 kB
Buffers:          107220 kB
Cached:          1186740 kB
MemTotal:        1844596 kB
MemFree:          184196 kB
MemAvailable:    1466664 kB
Buffers:          107220 kB
Cached:          1186740 kB
MemTotal:        1844596 kB
MemFree:          185096 kB
MemAvailable:    1467564 kB
Buffers:          107220 kB
Cached:          1186740 kB
MemTotal:        1844596 kB
MemFree:          184864 kB
MemAvailable:    1467332 kB
Buffers:          107220 kB
Cached:          1186740 kB
MemTotal:        1844596 kB
MemFree:          183492 kB
MemAvailable:    1465960 kB
Buffers:          107220 kB
Cached:          1186740 kB
MemTotal:        1844596 kB
MemFree:          183748 kB
MemAvailable:    1466216 kB
Buffers:          107220 kB
Cached:          1186740 kB
MemTotal:        1844596 kB
MemFree:          183956 kB
MemAvailable:    1466424 kB
Buffers:          107220 kB
Cached:          1186740 kB
MemTotal:        1844596 kB
MemFree:          185056 kB
MemAvailable:    1467524 kB
Buffers:          107220 kB
Cached:          1186740 kB
MemTotal:        1844596 kB
MemFree:          184864 kB
MemAvailable:    1467332 kB
Buffers:          107220 kB
Cached:          1186740 kB
MemTotal:        1844596 kB
MemFree:          182632 kB
MemAvailable:    1465100 kB
Buffers:          107220 kB
Cached:          1186740 kB
MemTotal:        1844596 kB
MemFree:          177160 kB
MemAvailable:    1459628 kB
Buffers:          107220 kB
Cached:          1186740 kB
MemTotal:        1844596 kB
MemFree:          176556 kB
MemAvailable:    1459024 kB
Buffers:          107220 kB
Cached:          1186740 kB
MemTotal:        1844596 kB
MemFree:          174316 kB
MemAvailable:    1456784 kB
Buffers:          107220 kB
Cached:          1186740 kB
MemTotal:        1844596 kB
MemFree:          173960 kB
MemAvailable:    1456428 kB
Buffers:          107220 kB
Cached:          1186740 kB
MemTotal:        1844596 kB
MemFree:          173888 kB
MemAvailable:    1456356 kB
Buffers:          107220 kB
Cached:          1186740 kB
MemTotal:        1844596 kB
MemFree:          172704 kB
MemAvailable:    1455172 kB
Buffers:          107220 kB
Cached:          1186740 kB
MemTotal:        1844596 kB
MemFree:          172324 kB
MemAvailable:    1454792 kB
Buffers:          107220 kB
Cached:          1186740 kB
MemTotal:        1844596 kB
MemFree:          172092 kB
MemAvailable:    1454560 kB
Buffers:          107220 kB
Cached:          1186740 kB
MemTotal:        1844596 kB
MemFree:          172084 kB
MemAvailable:    1454552 kB
Buffers:          107220 kB
Cached:          1186740 kB
MemTotal:        1844596 kB
MemFree:          171844 kB
MemAvailable:    1454312 kB
Buffers:          107220 kB
Cached:          1186740 kB
MemTotal:        1844596 kB
MemFree:          170432 kB
MemAvailable:    1452900 kB
Buffers:          107220 kB
Cached:          1186740 kB
MemTotal:        1844596 kB
MemFree:          170100 kB
MemAvailable:    1452568 kB
Buffers:          107220 kB
Cached:          1186740 kB
MemTotal:        1844596 kB
MemFree:          170564 kB
MemAvailable:    1453032 kB
Buffers:          107220 kB
Cached:          1186740 kB
MemTotal:        1844596 kB
MemFree:          170012 kB
MemAvailable:    1452480 kB
Buffers:          107220 kB
Cached:          1186740 kB
MemTotal:        1844596 kB
MemFree:          170184 kB
MemAvailable:    1452652 kB
Buffers:          107220 kB
Cached:          1186740 kB
MemTotal:        1844596 kB
MemFree:          168824 kB
MemAvailable:    1451292 kB
Buffers:          107220 kB
Cached:          1186740 kB
MemTotal:        1844596 kB
MemFree:          170064 kB
MemAvailable:    1452532 kB
Buffers:          107220 kB
Cached:          1186740 kB
MemTotal:        1844596 kB
MemFree:          168860 kB
MemAvailable:    1451328 kB
Buffers:          107220 kB
Cached:          1186740 kB
MemTotal:        1844596 kB
MemFree:          168852 kB
MemAvailable:    1451320 kB
Buffers:          107220 kB
Cached:          1186740 kB
MemTotal:        1844596 kB
MemFree:          169100 kB
MemAvailable:    1451568 kB
Buffers:          107220 kB
Cached:          1186740 kB
MemTotal:        1844596 kB
MemFree:          169788 kB
MemAvailable:    1452256 kB
Buffers:          107220 kB
Cached:          1186740 kB
MemTotal:        1844596 kB
MemFree:          169116 kB
MemAvailable:    1451584 kB
Buffers:          107220 kB
Cached:          1186740 kB
MemTotal:        1844596 kB
MemFree:          168788 kB
MemAvailable:    1451256 kB
Buffers:          107220 kB
Cached:          1186740 kB
MemTotal:        1844596 kB
MemFree:          168704 kB
MemAvailable:    1451172 kB
Buffers:          107220 kB
Cached:          1186740 kB
MemTotal:        1844596 kB
MemFree:          169896 kB
MemAvailable:    1452364 kB
Buffers:          107220 kB
Cached:          1186740 kB
MemTotal:        1844596 kB
MemFree:          169744 kB
MemAvailable:    1452212 kB
Buffers:          107220 kB
Cached:          1186740 kB
MemTotal:        1844596 kB
MemFree:          168984 kB
MemAvailable:    1451452 kB
Buffers:          107220 kB
Cached:          1186740 kB
MemTotal:        1844596 kB
MemFree:          168116 kB
MemAvailable:    1450584 kB
Buffers:          107220 kB
Cached:          1186740 kB
MemTotal:        1844596 kB
MemFree:          168984 kB
MemAvailable:    1451452 kB
Buffers:          107220 kB
Cached:          1186740 kB
MemTotal:        1844596 kB
MemFree:          168504 kB
MemAvailable:    1450972 kB
Buffers:          107220 kB
Cached:          1186740 kB
MemTotal:        1844596 kB
MemFree:          168248 kB
MemAvailable:    1450716 kB
Buffers:          107220 kB
Cached:          1186740 kB
MemTotal:        1844596 kB
MemFree:          167008 kB
MemAvailable:    1449476 kB
Buffers:          107220 kB
Cached:          1186740 kB
MemTotal:        1844596 kB
MemFree:          167820 kB
MemAvailable:    1450296 kB
Buffers:          107220 kB
Cached:          1186748 kB
MemTotal:        1844596 kB
MemFree:          167876 kB
MemAvailable:    1450352 kB
Buffers:          107220 kB
Cached:          1186748 kB
MemTotal:        1844596 kB
MemFree:          166264 kB
MemAvailable:    1448740 kB
Buffers:          107220 kB
Cached:          1186748 kB
MemTotal:        1844596 kB
MemFree:          167476 kB
MemAvailable:    1449952 kB
Buffers:          107220 kB
Cached:          1186748 kB
MemTotal:        1844596 kB
MemFree:          167364 kB
MemAvailable:    1449840 kB
Buffers:          107220 kB
Cached:          1186748 kB
MemTotal:        1844596 kB
MemFree:          165644 kB
MemAvailable:    1448120 kB
Buffers:          107220 kB
Cached:          1186748 kB
MemTotal:        1844596 kB
MemFree:          165644 kB
MemAvailable:    1448120 kB
Buffers:          107220 kB
Cached:          1186748 kB
MemTotal:        1844596 kB
MemFree:          165348 kB
MemAvailable:    1447824 kB
Buffers:          107220 kB
Cached:          1186748 kB
MemTotal:        1844596 kB
MemFree:          166016 kB
MemAvailable:    1448492 kB
Buffers:          107220 kB
Cached:          1186748 kB
MemTotal:        1844596 kB
MemFree:          166128 kB
MemAvailable:    1448604 kB
Buffers:          107220 kB
Cached:          1186748 kB
MemTotal:        1844596 kB
MemFree:          164516 kB
MemAvailable:    1446992 kB
Buffers:          107220 kB
Cached:          1186748 kB
MemTotal:        1844596 kB
MemFree:          165940 kB
MemAvailable:    1448416 kB
Buffers:          107220 kB
Cached:          1186748 kB
MemTotal:        1844596 kB
MemFree:          165768 kB
MemAvailable:    1448244 kB
Buffers:          107220 kB
Cached:          1186748 kB
MemTotal:        1844596 kB
MemFree:          165856 kB
MemAvailable:    1448332 kB
Buffers:          107220 kB
Cached:          1186748 kB
MemTotal:        1844596 kB
MemFree:          165520 kB
MemAvailable:    1447996 kB
Buffers:          107220 kB
Cached:          1186748 kB
MemTotal:        1844596 kB
MemFree:          165824 kB
MemAvailable:    1448300 kB
Buffers:          107220 kB
Cached:          1186748 kB
MemTotal:        1844596 kB
MemFree:          165892 kB
MemAvailable:    1448368 kB
Buffers:          107220 kB
Cached:          1186748 kB
MemTotal:        1844596 kB
MemFree:          165852 kB
MemAvailable:    1448332 kB
Buffers:          107220 kB
Cached:          1186752 kB
MemTotal:        1844596 kB
MemFree:          164612 kB
MemAvailable:    1447092 kB
Buffers:          107220 kB
Cached:          1186752 kB
MemTotal:        1844596 kB
MemFree:          165596 kB
MemAvailable:    1448076 kB
Buffers:          107220 kB
Cached:          1186752 kB
MemTotal:        1844596 kB
MemFree:          165412 kB
MemAvailable:    1447892 kB
Buffers:          107220 kB
Cached:          1186752 kB
MemTotal:        1844596 kB
MemFree:          165644 kB
MemAvailable:    1448124 kB
Buffers:          107220 kB
Cached:          1186752 kB
MemTotal:        1844596 kB
MemFree:          165896 kB
MemAvailable:    1448376 kB
Buffers:          107220 kB
Cached:          1186752 kB
MemTotal:        1844596 kB
MemFree:          165604 kB
MemAvailable:    1448084 kB
Buffers:          107220 kB
Cached:          1186752 kB
MemTotal:        1844596 kB
MemFree:          164908 kB
MemAvailable:    1447388 kB
Buffers:          107220 kB
Cached:          1186752 kB
MemTotal:        1844596 kB
MemFree:          164288 kB
MemAvailable:    1446768 kB
Buffers:          107220 kB
Cached:          1186752 kB
MemTotal:        1844596 kB
MemFree:          165672 kB
MemAvailable:    1448152 kB
Buffers:          107220 kB
Cached:          1186752 kB
MemTotal:        1844596 kB
MemFree:          165472 kB
MemAvailable:    1447952 kB
Buffers:          107220 kB
Cached:          1186752 kB
MemTotal:        1844596 kB
MemFree:          165728 kB
MemAvailable:    1448208 kB
Buffers:          107220 kB
Cached:          1186752 kB
MemTotal:        1844596 kB
MemFree:          165640 kB
MemAvailable:    1448120 kB
Buffers:          107220 kB
Cached:          1186752 kB
MemTotal:        1844596 kB
MemFree:          164352 kB
MemAvailable:    1446832 kB
Buffers:          107220 kB
Cached:          1186752 kB
MemTotal:        1844596 kB
MemFree:          164472 kB
MemAvailable:    1446952 kB
Buffers:          107220 kB
Cached:          1186752 kB
MemTotal:        1844596 kB
MemFree:          165624 kB
MemAvailable:    1448104 kB
Buffers:          107220 kB
Cached:          1186752 kB
MemTotal:        1844596 kB
MemFree:          165756 kB
MemAvailable:    1448236 kB
Buffers:          107220 kB
Cached:          1186752 kB
MemTotal:        1844596 kB
MemFree:          164412 kB
MemAvailable:    1446892 kB
Buffers:          107220 kB
Cached:          1186752 kB
MemTotal:        1844596 kB
MemFree:          164784 kB
MemAvailable:    1447264 kB
Buffers:          107220 kB
Cached:          1186752 kB
MemTotal:        1844596 kB
MemFree:          163420 kB
MemAvailable:    1445900 kB
Buffers:          107220 kB
Cached:          1186752 kB
MemTotal:        1844596 kB
MemFree:          163172 kB
MemAvailable:    1445652 kB
Buffers:          107220 kB
Cached:          1186752 kB
MemTotal:        1844596 kB
MemFree:          163480 kB
MemAvailable:    1445960 kB
Buffers:          107220 kB
Cached:          1186752 kB
MemTotal:        1844596 kB
MemFree:          163280 kB
MemAvailable:    1445760 kB
Buffers:          107220 kB
Cached:          1186752 kB
MemTotal:        1844596 kB
MemFree:          161180 kB
MemAvailable:    1443660 kB
Buffers:          107220 kB
Cached:          1186752 kB
MemTotal:        1844596 kB
MemFree:          157832 kB
MemAvailable:    1440312 kB
Buffers:          107220 kB
Cached:          1186752 kB
MemTotal:        1844596 kB
MemFree:          154848 kB
MemAvailable:    1437328 kB
Buffers:          107220 kB
Cached:          1186752 kB
MemTotal:        1844596 kB
MemFree:          150516 kB
MemAvailable:    1432996 kB
Buffers:          107220 kB
Cached:          1186752 kB
MemTotal:        1844596 kB
MemFree:          147424 kB
MemAvailable:    1429912 kB
Buffers:          107220 kB
Cached:          1186756 kB
MemTotal:        1844596 kB
MemFree:          146492 kB
MemAvailable:    1428980 kB
Buffers:          107220 kB
Cached:          1186756 kB
MemTotal:        1844596 kB
MemFree:          145752 kB
MemAvailable:    1428240 kB
Buffers:          107220 kB
Cached:          1186756 kB
MemTotal:        1844596 kB
MemFree:          147156 kB
MemAvailable:    1429644 kB
Buffers:          107220 kB
Cached:          1186756 kB
MemTotal:        1844596 kB
MemFree:          146060 kB
MemAvailable:    1428548 kB
Buffers:          107220 kB
Cached:          1186756 kB
MemTotal:        1844596 kB
MemFree:          147064 kB
MemAvailable:    1429552 kB
Buffers:          107220 kB
Cached:          1186756 kB
MemTotal:        1844596 kB
MemFree:          146308 kB
MemAvailable:    1428796 kB
Buffers:          107220 kB
Cached:          1186756 kB
MemTotal:        1844596 kB
MemFree:          146776 kB
MemAvailable:    1429264 kB
Buffers:          107220 kB
Cached:          1186756 kB
MemTotal:        1844596 kB
MemFree:          147112 kB
MemAvailable:    1429600 kB
Buffers:          107220 kB
Cached:          1186756 kB
MemTotal:        1844596 kB
MemFree:          145628 kB
MemAvailable:    1428116 kB
Buffers:          107220 kB
Cached:          1186756 kB
MemTotal:        1844596 kB
MemFree:          146788 kB
MemAvailable:    1429276 kB
Buffers:          107220 kB
Cached:          1186756 kB
MemTotal:        1844596 kB
MemFree:          146804 kB
MemAvailable:    1429292 kB
Buffers:          107220 kB
Cached:          1186756 kB
MemTotal:        1844596 kB
MemFree:          146976 kB
MemAvailable:    1429464 kB
Buffers:          107220 kB
Cached:          1186756 kB
MemTotal:        1844596 kB
MemFree:          145440 kB
MemAvailable:    1427928 kB
Buffers:          107220 kB
Cached:          1186756 kB
MemTotal:        1844596 kB
MemFree:          146308 kB
MemAvailable:    1428796 kB
Buffers:          107220 kB
Cached:          1186756 kB
MemTotal:        1844596 kB
MemFree:          146120 kB
MemAvailable:    1428608 kB
Buffers:          107220 kB
Cached:          1186756 kB
MemTotal:        1844596 kB
MemFree:          145564 kB
MemAvailable:    1428052 kB
Buffers:          107220 kB
Cached:          1186756 kB
MemTotal:        1844596 kB
MemFree:          144672 kB
MemAvailable:    1427160 kB
Buffers:          107220 kB
Cached:          1186756 kB
MemTotal:        1844596 kB
MemFree:          146128 kB
MemAvailable:    1428616 kB
Buffers:          107220 kB
Cached:          1186756 kB
MemTotal:        1844596 kB
MemFree:          146100 kB
MemAvailable:    1428588 kB
Buffers:          107220 kB
Cached:          1186756 kB
MemTotal:        1844596 kB
MemFree:          146028 kB
MemAvailable:    1428516 kB
Buffers:          107220 kB
Cached:          1186756 kB
MemTotal:        1844596 kB
MemFree:          146280 kB
MemAvailable:    1428768 kB
Buffers:          107220 kB
Cached:          1186756 kB
MemTotal:        1844596 kB
MemFree:          146244 kB
MemAvailable:    1428732 kB
Buffers:          107220 kB
Cached:          1186756 kB
MemTotal:        1844596 kB
MemFree:          146136 kB
MemAvailable:    1428624 kB
Buffers:          107220 kB
Cached:          1186756 kB
MemTotal:        1844596 kB
MemFree:          144904 kB
MemAvailable:    1427392 kB
Buffers:          107220 kB
Cached:          1186756 kB
MemTotal:        1844596 kB
MemFree:          144812 kB
MemAvailable:    1427300 kB
Buffers:          107220 kB
Cached:          1186756 kB
MemTotal:        1844596 kB
MemFree:          144648 kB
MemAvailable:    1427136 kB
Buffers:          107220 kB
Cached:          1186756 kB
MemTotal:        1844596 kB
MemFree:          144944 kB
MemAvailable:    1427432 kB
Buffers:          107220 kB
Cached:          1186756 kB
MemTotal:        1844596 kB
MemFree:          144896 kB
MemAvailable:    1427384 kB
Buffers:          107220 kB
Cached:          1186756 kB
MemTotal:        1844596 kB
MemFree:          146072 kB
MemAvailable:    1428560 kB
Buffers:          107220 kB
Cached:          1186756 kB
MemTotal:        1844596 kB
MemFree:          144808 kB
MemAvailable:    1427296 kB
Buffers:          107220 kB
Cached:          1186756 kB
MemTotal:        1844596 kB
MemFree:          145992 kB
MemAvailable:    1428480 kB
Buffers:          107220 kB
Cached:          1186756 kB
MemTotal:        1844596 kB
MemFree:          146060 kB
MemAvailable:    1428548 kB
Buffers:          107220 kB
Cached:          1186756 kB
MemTotal:        1844596 kB
MemFree:          144812 kB
MemAvailable:    1427300 kB
Buffers:          107220 kB
Cached:          1186756 kB
MemTotal:        1844596 kB
MemFree:          143960 kB
MemAvailable:    1426448 kB
Buffers:          107220 kB
Cached:          1186756 kB
MemTotal:        1844596 kB
MemFree:          140604 kB
MemAvailable:    1423092 kB
Buffers:          107220 kB
Cached:          1186756 kB
MemTotal:        1844596 kB
MemFree:          137804 kB
MemAvailable:    1420292 kB
Buffers:          107220 kB
Cached:          1186756 kB
MemTotal:        1844596 kB
MemFree:          133412 kB
MemAvailable:    1415900 kB
Buffers:          107220 kB
Cached:          1186756 kB
MemTotal:        1844596 kB
MemFree:          130736 kB
MemAvailable:    1413224 kB
Buffers:          107220 kB
Cached:          1186756 kB
MemTotal:        1844596 kB
MemFree:          129072 kB
MemAvailable:    1411560 kB
Buffers:          107220 kB
Cached:          1186756 kB
MemTotal:        1844596 kB
MemFree:          126716 kB
MemAvailable:    1409204 kB
Buffers:          107220 kB
Cached:          1186756 kB
MemTotal:        1844596 kB
MemFree:          127856 kB
MemAvailable:    1410348 kB
Buffers:          107220 kB
Cached:          1186760 kB
MemTotal:        1844596 kB
MemFree:          126796 kB
MemAvailable:    1409288 kB
Buffers:          107220 kB
Cached:          1186760 kB
MemTotal:        1844596 kB
MemFree:          126920 kB
MemAvailable:    1409412 kB
Buffers:          107220 kB
Cached:          1186760 kB
MemTotal:        1844596 kB
MemFree:          126672 kB
MemAvailable:    1409164 kB
Buffers:          107220 kB
Cached:          1186760 kB
MemTotal:        1844596 kB
MemFree:          126712 kB
MemAvailable:    1409204 kB
Buffers:          107220 kB
Cached:          1186760 kB
MemTotal:        1844596 kB
MemFree:          126596 kB
MemAvailable:    1409088 kB
Buffers:          107220 kB
Cached:          1186760 kB
MemTotal:        1844596 kB
MemFree:          127872 kB
MemAvailable:    1410364 kB
Buffers:          107220 kB
Cached:          1186760 kB
MemTotal:        1844596 kB
MemFree:          127948 kB
MemAvailable:    1410440 kB
Buffers:          107220 kB
Cached:          1186760 kB
MemTotal:        1844596 kB
MemFree:          127812 kB
MemAvailable:    1410304 kB
Buffers:          107220 kB
Cached:          1186760 kB
MemTotal:        1844596 kB
MemFree:          126284 kB
MemAvailable:    1408776 kB
Buffers:          107220 kB
Cached:          1186760 kB
MemTotal:        1844596 kB
MemFree:          126408 kB
MemAvailable:    1408900 kB
Buffers:          107220 kB
Cached:          1186760 kB
MemTotal:        1844596 kB
MemFree:          126700 kB
MemAvailable:    1409192 kB
Buffers:          107220 kB
Cached:          1186760 kB
MemTotal:        1844596 kB
MemFree:          126568 kB
MemAvailable:    1409060 kB
Buffers:          107220 kB
Cached:          1186760 kB
MemTotal:        1844596 kB
MemFree:          126692 kB
MemAvailable:    1409184 kB
Buffers:          107220 kB
Cached:          1186760 kB
MemTotal:        1844596 kB
MemFree:          126568 kB
MemAvailable:    1409060 kB
Buffers:          107220 kB
Cached:          1186760 kB
MemTotal:        1844596 kB
MemFree:          128080 kB
MemAvailable:    1410572 kB
Buffers:          107220 kB
Cached:          1186760 kB
MemTotal:        1844596 kB
MemFree:          126768 kB
MemAvailable:    1409260 kB
Buffers:          107220 kB
Cached:          1186760 kB
MemTotal:        1844596 kB
MemFree:          127760 kB
MemAvailable:    1410252 kB
Buffers:          107220 kB
Cached:          1186760 kB
MemTotal:        1844596 kB
MemFree:          126804 kB
MemAvailable:    1409296 kB
Buffers:          107220 kB
Cached:          1186760 kB
MemTotal:        1844596 kB
MemFree:          126960 kB
MemAvailable:    1409452 kB
Buffers:          107220 kB
Cached:          1186760 kB
MemTotal:        1844596 kB
MemFree:          127744 kB
MemAvailable:    1410236 kB
Buffers:          107220 kB
Cached:          1186760 kB
MemTotal:        1844596 kB
MemFree:          126700 kB
MemAvailable:    1409192 kB
Buffers:          107220 kB
Cached:          1186760 kB
MemTotal:        1844596 kB
MemFree:          127768 kB
MemAvailable:    1410260 kB
Buffers:          107220 kB
Cached:          1186760 kB
MemTotal:        1844596 kB
MemFree:          128020 kB
MemAvailable:    1410512 kB
Buffers:          107220 kB
Cached:          1186760 kB
MemTotal:        1844596 kB
MemFree:          127764 kB
MemAvailable:    1410256 kB
Buffers:          107220 kB
Cached:          1186760 kB
MemTotal:        1844596 kB
MemFree:          126672 kB
MemAvailable:    1409164 kB
Buffers:          107220 kB
Cached:          1186760 kB
MemTotal:        1844596 kB
MemFree:          127776 kB
MemAvailable:    1410268 kB
Buffers:          107220 kB
Cached:          1186760 kB
MemTotal:        1844596 kB
MemFree:          127596 kB
MemAvailable:    1410088 kB
Buffers:          107220 kB
Cached:          1186760 kB
MemTotal:        1844596 kB
MemFree:          127820 kB
MemAvailable:    1410312 kB
Buffers:          107220 kB
Cached:          1186760 kB
MemTotal:        1844596 kB
MemFree:          127836 kB
MemAvailable:    1410328 kB
Buffers:          107220 kB
Cached:          1186760 kB
MemTotal:        1844596 kB
MemFree:          126540 kB
MemAvailable:    1409032 kB
Buffers:          107220 kB
Cached:          1186760 kB
MemTotal:        1844596 kB
MemFree:          126540 kB
MemAvailable:    1409032 kB
Buffers:          107220 kB
Cached:          1186760 kB
MemTotal:        1844596 kB
MemFree:          126540 kB
MemAvailable:    1409032 kB
Buffers:          107220 kB
Cached:          1186760 kB
MemTotal:        1844596 kB
MemFree:          126708 kB
MemAvailable:    1409200 kB
Buffers:          107220 kB
Cached:          1186760 kB
MemTotal:        1844596 kB
MemFree:          123620 kB
MemAvailable:    1406112 kB
Buffers:          107220 kB
Cached:          1186760 kB
MemTotal:        1844596 kB
MemFree:          119652 kB
MemAvailable:    1402144 kB
Buffers:          107220 kB
Cached:          1186760 kB
MemTotal:        1844596 kB
MemFree:          115552 kB
MemAvailable:    1398044 kB
Buffers:          107220 kB
Cached:          1186760 kB
MemTotal:        1844596 kB
MemFree:          112832 kB
MemAvailable:    1395324 kB
Buffers:          107220 kB
Cached:          1186760 kB
MemTotal:        1844596 kB
MemFree:          110972 kB
MemAvailable:    1393464 kB
Buffers:          107220 kB
Cached:          1186760 kB
MemTotal:        1844596 kB
MemFree:          109360 kB
MemAvailable:    1391852 kB
Buffers:          107220 kB
Cached:          1186760 kB
MemTotal:        1844596 kB
MemFree:          109360 kB
MemAvailable:    1391852 kB
Buffers:          107220 kB
Cached:          1186760 kB
MemTotal:        1844596 kB
MemFree:          109360 kB
MemAvailable:    1391852 kB
Buffers:          107220 kB
Cached:          1186760 kB
MemTotal:        1844596 kB
MemFree:          108368 kB
MemAvailable:    1390860 kB
Buffers:          107220 kB
Cached:          1186760 kB
MemTotal:        1844596 kB
MemFree:          108368 kB
MemAvailable:    1390860 kB
Buffers:          107220 kB
Cached:          1186760 kB
MemTotal:        1844596 kB
MemFree:          108196 kB
MemAvailable:    1390688 kB
Buffers:          107220 kB
Cached:          1186760 kB
MemTotal:        1844596 kB
MemFree:          108180 kB
MemAvailable:    1390672 kB
Buffers:          107220 kB
Cached:          1186760 kB
MemTotal:        1844596 kB
MemFree:          108436 kB
MemAvailable:    1390928 kB
Buffers:          107220 kB
Cached:          1186760 kB
MemTotal:        1844596 kB
MemFree:          108368 kB
MemAvailable:    1390860 kB
Buffers:          107220 kB
Cached:          1186760 kB
MemTotal:        1844596 kB
MemFree:          107740 kB
MemAvailable:    1390232 kB
Buffers:          107220 kB
Cached:          1186760 kB
MemTotal:        1844596 kB
MemFree:          107740 kB
MemAvailable:    1390232 kB
Buffers:          107220 kB
Cached:          1186760 kB
MemTotal:        1844596 kB
MemFree:          107824 kB
MemAvailable:    1390316 kB
Buffers:          107220 kB
Cached:          1186760 kB
MemTotal:        1844596 kB
MemFree:          107252 kB
MemAvailable:    1389744 kB
Buffers:          107220 kB
Cached:          1186760 kB
MemTotal:        1844596 kB
MemFree:          106880 kB
MemAvailable:    1389372 kB
Buffers:          107220 kB
Cached:          1186760 kB
MemTotal:        1844596 kB
MemFree:          107112 kB
MemAvailable:    1389604 kB
Buffers:          107220 kB
Cached:          1186760 kB
MemTotal:        1844596 kB
MemFree:          106756 kB
MemAvailable:    1389248 kB
Buffers:          107220 kB
Cached:          1186760 kB
MemTotal:        1844596 kB
MemFree:          106748 kB
MemAvailable:    1389240 kB
Buffers:          107220 kB
Cached:          1186760 kB
MemTotal:        1844596 kB
MemFree:          106260 kB
MemAvailable:    1388752 kB
Buffers:          107220 kB
Cached:          1186760 kB
MemTotal:        1844596 kB
MemFree:          105128 kB
MemAvailable:    1387620 kB
Buffers:          107220 kB
Cached:          1186760 kB
MemTotal:        1844596 kB
MemFree:          105948 kB
MemAvailable:    1388440 kB
Buffers:          107220 kB
Cached:          1186760 kB
MemTotal:        1844596 kB
MemFree:          104400 kB
MemAvailable:    1386892 kB
Buffers:          107220 kB
Cached:          1186760 kB
MemTotal:        1844596 kB
MemFree:          103284 kB
MemAvailable:    1385776 kB
Buffers:          107220 kB
Cached:          1186760 kB
MemTotal:        1844596 kB
MemFree:          102292 kB
MemAvailable:    1384784 kB
Buffers:          107220 kB
Cached:          1186760 kB
MemTotal:        1844596 kB
MemFree:          103400 kB
MemAvailable:    1385892 kB
Buffers:          107220 kB
Cached:          1186760 kB
MemTotal:        1844596 kB
MemFree:          102120 kB
MemAvailable:    1384612 kB
Buffers:          107220 kB
Cached:          1186760 kB
MemTotal:        1844596 kB
MemFree:          102116 kB
MemAvailable:    1384608 kB
Buffers:          107220 kB
Cached:          1186760 kB
MemTotal:        1844596 kB
MemFree:          102152 kB
MemAvailable:    1384652 kB
Buffers:          107220 kB
Cached:          1186768 kB
MemTotal:        1844596 kB
MemFree:          101980 kB
MemAvailable:    1384480 kB
Buffers:          107220 kB
Cached:          1186768 kB
MemTotal:        1844596 kB
MemFree:          102128 kB
MemAvailable:    1384628 kB
Buffers:          107220 kB
Cached:          1186768 kB
MemTotal:        1844596 kB
MemFree:          102128 kB
MemAvailable:    1384628 kB
Buffers:          107220 kB
Cached:          1186768 kB
MemTotal:        1844596 kB
MemFree:          101664 kB
MemAvailable:    1384164 kB
Buffers:          107220 kB
Cached:          1186768 kB
MemTotal:        1844596 kB
MemFree:          101184 kB
MemAvailable:    1383684 kB
Buffers:          107220 kB
Cached:          1186768 kB
MemTotal:        1844596 kB
MemFree:          101468 kB
MemAvailable:    1383968 kB
Buffers:          107220 kB
Cached:          1186768 kB
MemTotal:        1844596 kB
MemFree:          100384 kB
MemAvailable:    1382884 kB
Buffers:          107220 kB
Cached:          1186768 kB
MemTotal:        1844596 kB
MemFree:          101796 kB
MemAvailable:    1384296 kB
Buffers:          107220 kB
Cached:          1186768 kB
MemTotal:        1844596 kB
MemFree:          101916 kB
MemAvailable:    1384416 kB
Buffers:          107220 kB
Cached:          1186768 kB
MemTotal:        1844596 kB
MemFree:          101776 kB
MemAvailable:    1384276 kB
Buffers:          107220 kB
Cached:          1186768 kB
MemTotal:        1844596 kB
MemFree:          100352 kB
MemAvailable:    1382852 kB
Buffers:          107220 kB
Cached:          1186768 kB
MemTotal:        1844596 kB
MemFree:          100352 kB
MemAvailable:    1382852 kB
Buffers:          107220 kB
Cached:          1186768 kB
MemTotal:        1844596 kB
MemFree:          101796 kB
MemAvailable:    1384296 kB
Buffers:          107220 kB
Cached:          1186768 kB
MemTotal:        1844596 kB
MemFree:          100392 kB
MemAvailable:    1382892 kB
Buffers:          107220 kB
Cached:          1186768 kB
MemTotal:        1844596 kB
MemFree:          101540 kB
MemAvailable:    1384040 kB
Buffers:          107220 kB
Cached:          1186768 kB
MemTotal:        1844596 kB
MemFree:          101184 kB
MemAvailable:    1383684 kB
Buffers:          107220 kB
Cached:          1186768 kB
MemTotal:        1844596 kB
MemFree:          100424 kB
MemAvailable:    1382924 kB
Buffers:          107220 kB
Cached:          1186768 kB
MemTotal:        1844596 kB
MemFree:          100508 kB
MemAvailable:    1383008 kB
Buffers:          107220 kB
Cached:          1186768 kB
MemTotal:        1844596 kB
MemFree:          100420 kB
MemAvailable:    1382920 kB
Buffers:          107220 kB
Cached:          1186768 kB
MemTotal:        1844596 kB
MemFree:          100408 kB
MemAvailable:    1382908 kB
Buffers:          107220 kB
Cached:          1186768 kB
MemTotal:        1844596 kB
MemFree:          101672 kB
MemAvailable:    1384172 kB
Buffers:          107220 kB
Cached:          1186768 kB
MemTotal:        1844596 kB
MemFree:          101484 kB
MemAvailable:    1383984 kB
Buffers:          107220 kB
Cached:          1186768 kB
MemTotal:        1844596 kB
MemFree:          101584 kB
MemAvailable:    1384084 kB
Buffers:          107220 kB
Cached:          1186768 kB
MemTotal:        1844596 kB
MemFree:          101924 kB
MemAvailable:    1384424 kB
Buffers:          107220 kB
Cached:          1186768 kB
MemTotal:        1844596 kB
MemFree:          100352 kB
MemAvailable:    1382852 kB
Buffers:          107220 kB
Cached:          1186768 kB
MemTotal:        1844596 kB
MemFree:          100352 kB
MemAvailable:    1382852 kB
Buffers:          107220 kB
Cached:          1186768 kB
MemTotal:        1844596 kB
MemFree:          101540 kB
MemAvailable:    1384040 kB
Buffers:          107220 kB
Cached:          1186768 kB
MemTotal:        1844596 kB
MemFree:          101792 kB
MemAvailable:    1384292 kB
Buffers:          107220 kB
Cached:          1186768 kB
MemTotal:        1844596 kB
MemFree:          101552 kB
MemAvailable:    1384052 kB
Buffers:          107220 kB
Cached:          1186768 kB
MemTotal:        1844596 kB
MemFree:          101680 kB
MemAvailable:    1384180 kB
Buffers:          107220 kB
Cached:          1186768 kB
MemTotal:        1844596 kB
MemFree:          101532 kB
MemAvailable:    1384032 kB
Buffers:          107220 kB
Cached:          1186768 kB
MemTotal:        1844596 kB
MemFree:          101672 kB
MemAvailable:    1384172 kB
Buffers:          107220 kB
Cached:          1186768 kB
MemTotal:        1844596 kB
MemFree:          101576 kB
MemAvailable:    1384076 kB
Buffers:          107220 kB
Cached:          1186768 kB
MemTotal:        1844596 kB
MemFree:          100500 kB
MemAvailable:    1383000 kB
Buffers:          107220 kB
Cached:          1186768 kB
MemTotal:        1844596 kB
MemFree:          100420 kB
MemAvailable:    1382920 kB
Buffers:          107220 kB
Cached:          1186768 kB
MemTotal:        1844596 kB
MemFree:          100372 kB
MemAvailable:    1382872 kB
Buffers:          107220 kB
Cached:          1186768 kB
MemTotal:        1844596 kB
MemFree:          100276 kB
MemAvailable:    1382776 kB
Buffers:          107220 kB
Cached:          1186768 kB
MemTotal:        1844596 kB
MemFree:          101724 kB
MemAvailable:    1384224 kB
Buffers:          107220 kB
Cached:          1186768 kB
MemTotal:        1844596 kB
MemFree:          100308 kB
MemAvailable:    1382808 kB
Buffers:          107220 kB
Cached:          1186768 kB
MemTotal:        1844596 kB
MemFree:          100308 kB
MemAvailable:    1382808 kB
Buffers:          107220 kB
Cached:          1186768 kB
MemTotal:        1844596 kB
MemFree:          100556 kB
MemAvailable:    1383056 kB
Buffers:          107220 kB
Cached:          1186768 kB
MemTotal:        1844596 kB
MemFree:          100516 kB
MemAvailable:    1383016 kB
Buffers:          107220 kB
Cached:          1186768 kB
MemTotal:        1844596 kB
MemFree:          100392 kB
MemAvailable:    1382892 kB
Buffers:          107220 kB
Cached:          1186768 kB
MemTotal:        1844596 kB
MemFree:          100508 kB
MemAvailable:    1383008 kB
Buffers:          107220 kB
Cached:          1186768 kB
MemTotal:        1844596 kB
MemFree:          100380 kB
MemAvailable:    1382880 kB
Buffers:          107220 kB
Cached:          1186768 kB
MemTotal:        1844596 kB
MemFree:          101488 kB
MemAvailable:    1383988 kB
Buffers:          107220 kB
Cached:          1186768 kB
MemTotal:        1844596 kB
MemFree:           98572 kB
MemAvailable:    1381072 kB
Buffers:          107220 kB
Cached:          1186768 kB
MemTotal:        1844596 kB
MemFree:           95588 kB
MemAvailable:    1378088 kB
Buffers:          107220 kB
Cached:          1186768 kB
MemTotal:        1844596 kB
MemFree:           92868 kB
MemAvailable:    1375368 kB
Buffers:          107220 kB
Cached:          1186768 kB
MemTotal:        1844596 kB
MemFree:           89504 kB
MemAvailable:    1372004 kB
Buffers:          107220 kB
Cached:          1186768 kB
MemTotal:        1844596 kB
MemFree:           89644 kB
MemAvailable:    1372144 kB
Buffers:          107220 kB
Cached:          1186768 kB
MemTotal:        1844596 kB
MemFree:           84860 kB
MemAvailable:    1367360 kB
Buffers:          107220 kB
Cached:          1186768 kB
MemTotal:        1844596 kB
MemFree:           81212 kB
MemAvailable:    1363712 kB
Buffers:          107220 kB
Cached:          1186768 kB
MemTotal:        1844596 kB
MemFree:           80964 kB
MemAvailable:    1363464 kB
Buffers:          107220 kB
Cached:          1186768 kB
MemTotal:        1844596 kB
MemFree:           80964 kB
MemAvailable:    1363464 kB
Buffers:          107220 kB
Cached:          1186768 kB
MemTotal:        1844596 kB
MemFree:           80964 kB
MemAvailable:    1363464 kB
Buffers:          107220 kB
Cached:          1186768 kB
MemTotal:        1844596 kB
MemFree:           80956 kB
MemAvailable:    1363456 kB
Buffers:          107220 kB
Cached:          1186768 kB
MemTotal:        1844596 kB
MemFree:           82196 kB
MemAvailable:    1364696 kB
Buffers:          107220 kB
Cached:          1186768 kB
MemTotal:        1844596 kB
MemFree:           82336 kB
MemAvailable:    1364836 kB
Buffers:          107220 kB
Cached:          1186768 kB
MemTotal:        1844596 kB
MemFree:           82008 kB
MemAvailable:    1364508 kB
Buffers:          107220 kB
Cached:          1186768 kB
MemTotal:        1844596 kB
MemFree:           80916 kB
MemAvailable:    1363416 kB
Buffers:          107220 kB
Cached:          1186768 kB
MemTotal:        1844596 kB
MemFree:           82196 kB
MemAvailable:    1364696 kB
Buffers:          107220 kB
Cached:          1186768 kB
MemTotal:        1844596 kB
MemFree:           81964 kB
MemAvailable:    1364464 kB
Buffers:          107220 kB
Cached:          1186768 kB
MemTotal:        1844596 kB
MemFree:           82204 kB
MemAvailable:    1364704 kB
Buffers:          107220 kB
Cached:          1186768 kB
MemTotal:        1844596 kB
MemFree:           81468 kB
MemAvailable:    1363968 kB
Buffers:          107220 kB
Cached:          1186768 kB
MemTotal:        1844596 kB
MemFree:           80924 kB
MemAvailable:    1363428 kB
Buffers:          107220 kB
Cached:          1186772 kB
MemTotal:        1844596 kB
MemFree:           82132 kB
MemAvailable:    1364636 kB
Buffers:          107220 kB
Cached:          1186772 kB
MemTotal:        1844596 kB
MemFree:           80824 kB
MemAvailable:    1363328 kB
Buffers:          107220 kB
Cached:          1186772 kB
MemTotal:        1844596 kB
MemFree:           80528 kB
MemAvailable:    1363040 kB
Buffers:          107220 kB
Cached:          1186780 kB
MemTotal:        1844596 kB
MemFree:           80528 kB
MemAvailable:    1363040 kB
Buffers:          107220 kB
Cached:          1186780 kB
MemTotal:        1844596 kB
MemFree:           82124 kB
MemAvailable:    1364636 kB
Buffers:          107220 kB
Cached:          1186780 kB
MemTotal:        1844596 kB
MemFree:           81824 kB
MemAvailable:    1364336 kB
Buffers:          107220 kB
Cached:          1186780 kB
MemTotal:        1844596 kB
MemFree:           80644 kB
MemAvailable:    1363156 kB
Buffers:          107220 kB
Cached:          1186780 kB
MemTotal:        1844596 kB
MemFree:           82036 kB
MemAvailable:    1364548 kB
Buffers:          107220 kB
Cached:          1186780 kB
MemTotal:        1844596 kB
MemFree:           81912 kB
MemAvailable:    1364424 kB
Buffers:          107220 kB
Cached:          1186780 kB
MemTotal:        1844596 kB
MemFree:           80592 kB
MemAvailable:    1363104 kB
Buffers:          107220 kB
Cached:          1186780 kB
MemTotal:        1844596 kB
MemFree:           81444 kB
MemAvailable:    1363956 kB
Buffers:          107220 kB
Cached:          1186780 kB
MemTotal:        1844596 kB
MemFree:           81696 kB
MemAvailable:    1364208 kB
Buffers:          107220 kB
Cached:          1186780 kB
MemTotal:        1844596 kB
MemFree:           79724 kB
MemAvailable:    1362236 kB
Buffers:          107220 kB
Cached:          1186780 kB
MemTotal:        1844596 kB
MemFree:           74196 kB
MemAvailable:    1356708 kB
Buffers:          107220 kB
Cached:          1186780 kB
MemTotal:        1844596 kB
MemFree:           72588 kB
MemAvailable:    1355100 kB
Buffers:          107220 kB
Cached:          1186780 kB
MemTotal:        1844596 kB
MemFree:           72840 kB
MemAvailable:    1355352 kB
Buffers:          107220 kB
Cached:          1186780 kB
MemTotal:        1844596 kB
MemFree:           72036 kB
MemAvailable:    1354548 kB
Buffers:          107220 kB
Cached:          1186780 kB
MemTotal:        1844596 kB
MemFree:           70796 kB
MemAvailable:    1353308 kB
Buffers:          107220 kB
Cached:          1186780 kB
MemTotal:        1844596 kB
MemFree:           70796 kB
MemAvailable:    1353308 kB
Buffers:          107220 kB
Cached:          1186780 kB
MemTotal:        1844596 kB
MemFree:           69672 kB
MemAvailable:    1352184 kB
Buffers:          107220 kB
Cached:          1186780 kB
MemTotal:        1844596 kB
MemFree:           69548 kB
MemAvailable:    1352060 kB
Buffers:          107220 kB
Cached:          1186780 kB
MemTotal:        1844596 kB
MemFree:           69756 kB
MemAvailable:    1352268 kB
Buffers:          107220 kB
Cached:          1186780 kB
MemTotal:        1844596 kB
MemFree:           69812 kB
MemAvailable:    1352324 kB
Buffers:          107220 kB
Cached:          1186780 kB
MemTotal:        1844596 kB
MemFree:           68432 kB
MemAvailable:    1350944 kB
Buffers:          107220 kB
Cached:          1186780 kB
MemTotal:        1844596 kB
MemFree:           68556 kB
MemAvailable:    1351068 kB
Buffers:          107220 kB
Cached:          1186780 kB
MemTotal:        1844596 kB
MemFree:           68556 kB
MemAvailable:    1351236 kB
Buffers:          107220 kB
Cached:          1186904 kB
MemTotal:        1844596 kB
MemFree:           69640 kB
MemAvailable:    1352488 kB
Buffers:          107220 kB
Cached:          1187152 kB
MemTotal:        1844596 kB
MemFree:           68060 kB
MemAvailable:    1350992 kB
Buffers:          107220 kB
Cached:          1187152 kB
MemTotal:        1844596 kB
MemFree:           69168 kB
MemAvailable:    1352268 kB
Buffers:          107220 kB
Cached:          1187400 kB
MemTotal:        1844596 kB
MemFree:           68944 kB
MemAvailable:    1352044 kB
Buffers:          107220 kB
Cached:          1187400 kB
MemTotal:        1844596 kB
MemFree:           67812 kB
MemAvailable:    1350912 kB
Buffers:          107220 kB
Cached:          1187400 kB
MemTotal:        1844596 kB
MemFree:           67688 kB
MemAvailable:    1350788 kB
Buffers:          107220 kB
Cached:          1187400 kB
MemTotal:        1844596 kB
MemFree:           69116 kB
MemAvailable:    1352216 kB
Buffers:          107220 kB
Cached:          1187400 kB
MemTotal:        1844596 kB
MemFree:           68068 kB
MemAvailable:    1351168 kB
Buffers:          107220 kB
Cached:          1187400 kB
MemTotal:        1844596 kB
MemFree:           68764 kB
MemAvailable:    1351900 kB
Buffers:          107220 kB
Cached:          1187404 kB
MemTotal:        1844596 kB
MemFree:           69020 kB
MemAvailable:    1352156 kB
Buffers:          107220 kB
Cached:          1187404 kB
MemTotal:        1844596 kB
MemFree:           67696 kB
MemAvailable:    1350832 kB
Buffers:          107220 kB
Cached:          1187404 kB
MemTotal:        1844596 kB
MemFree:           68824 kB
MemAvailable:    1351960 kB
Buffers:          107220 kB
Cached:          1187528 kB
MemTotal:        1844596 kB
MemFree:           68052 kB
MemAvailable:    1350600 kB
Buffers:          107220 kB
Cached:          1186812 kB
MemTotal:        1844596 kB
MemFree:           68308 kB
MemAvailable:    1350856 kB
Buffers:          107220 kB
Cached:          1186812 kB
MemTotal:        1844596 kB
MemFree:          185716 kB
MemAvailable:    1468264 kB
Buffers:          107220 kB
Cached:          1186812 kB
MemTotal:        1844596 kB
MemFree:          264108 kB
MemAvailable:    1546656 kB
Buffers:          107220 kB
Cached:          1186812 kB
