MemTotal:        1844596 kB
MemFree:          703124 kB
MemAvailable:    1547064 kB
Buffers:           89364 kB
Cached:           778464 kB
MemTotal:        1844596 kB
MemFree:          675308 kB
MemAvailable:    1519128 kB
Buffers:           89364 kB
Cached:           778468 kB
MemTotal:        1844596 kB
MemFree:          673904 kB
MemAvailable:    1517848 kB
Buffers:           89364 kB
Cached:           778468 kB
MemTotal:        1844596 kB
MemFree:          675136 kB
MemAvailable:    1519080 kB
Buffers:           89364 kB
Cached:           778468 kB
MemTotal:        1844596 kB
MemFree:          672224 kB
MemAvailable:    1516168 kB
Buffers:           89364 kB
Cached:           778468 kB
MemTotal:        1844596 kB
MemFree:          672100 kB
MemAvailable:    1516044 kB
Buffers:           89364 kB
Cached:           778468 kB
MemTotal:        1844596 kB
MemFree:          670852 kB
MemAvailable:    1514796 kB
Buffers:           89364 kB
Cached:           778468 kB
MemTotal:        1844596 kB
MemFree:          668380 kB
MemAvailable:    1512324 kB
Buffers:           89364 kB
Cached:           778468 kB
MemTotal:        1844596 kB
MemFree:          665736 kB
MemAvailable:    1509680 kB
Buffers:           89364 kB
Cached:           778468 kB
MemTotal:        1844596 kB
MemFree:          661272 kB
MemAvailable:    1505216 kB
Buffers:           89364 kB
Cached:           778468 kB
MemTotal:        1844596 kB
MemFree:          663464 kB
MemAvailable:    1507408 kB
Buffers:           89364 kB
Cached:           778468 kB
MemTotal:        1844596 kB
MemFree:          662140 kB
MemAvailable:    1506084 kB
Buffers:           89364 kB
Cached:           778468 kB
MemTotal:        1844596 kB
MemFree:          662140 kB
MemAvailable:    1506084 kB
Buffers:           89364 kB
Cached:           778468 kB
MemTotal:        1844596 kB
MemFree:          662264 kB
MemAvailable:    1506208 kB
Buffers:           89364 kB
Cached:           778468 kB
MemTotal:        1844596 kB
MemFree:          663248 kB
MemAvailable:    1507192 kB
Buffers:           89364 kB
Cached:           778468 kB
MemTotal:        1844596 kB
MemFree:          661876 kB
MemAvailable:    1505820 kB
Buffers:           89364 kB
Cached:           778468 kB
MemTotal:        1844596 kB
MemFree:          662984 kB
MemAvailable:    1506928 kB
Buffers:           89364 kB
Cached:           778468 kB
MemTotal:        1844596 kB
MemFree:          662932 kB
MemAvailable:    1506876 kB
Buffers:           89364 kB
Cached:           778468 kB
MemTotal:        1844596 kB
MemFree:          661552 kB
MemAvailable:    1505496 kB
Buffers:           89364 kB
Cached:           778468 kB
MemTotal:        1844596 kB
MemFree:          662728 kB
MemAvailable:    1506672 kB
Buffers:           89364 kB
Cached:           778468 kB
MemTotal:        1844596 kB
MemFree:          661676 kB
MemAvailable:    1505620 kB
Buffers:           89364 kB
Cached:           778468 kB
MemTotal:        1844596 kB
MemFree:          661288 kB
MemAvailable:    1505232 kB
Buffers:           89364 kB
Cached:           778468 kB
MemTotal:        1844596 kB
MemFree:          662304 kB
MemAvailable:    1506248 kB
Buffers:           89364 kB
Cached:           778468 kB
MemTotal:        1844596 kB
MemFree:          660816 kB
MemAvailable:    1504760 kB
Buffers:           89364 kB
Cached:           778468 kB
MemTotal:        1844596 kB
MemFree:          661884 kB
MemAvailable:    1505828 kB
Buffers:           89364 kB
Cached:           778468 kB
MemTotal:        1844596 kB
MemFree:          660824 kB
MemAvailable:    1504768 kB
Buffers:           89364 kB
Cached:           778468 kB
MemTotal:        1844596 kB
MemFree:          660520 kB
MemAvailable:    1504464 kB
Buffers:           89364 kB
Cached:           778468 kB
MemTotal:        1844596 kB
MemFree:          661296 kB
MemAvailable:    1505240 kB
Buffers:           89364 kB
Cached:           778468 kB
MemTotal:        1844596 kB
MemFree:          661296 kB
MemAvailable:    1505240 kB
Buffers:           89364 kB
Cached:           778468 kB
MemTotal:        1844596 kB
MemFree:          660320 kB
MemAvailable:    1504264 kB
Buffers:           89364 kB
Cached:           778468 kB
MemTotal:        1844596 kB
MemFree:          660504 kB
MemAvailable:    1504448 kB
Buffers:           89364 kB
Cached:           778468 kB
MemTotal:        1844596 kB
MemFree:          659280 kB
MemAvailable:    1503224 kB
Buffers:           89364 kB
Cached:           778468 kB
MemTotal:        1844596 kB
MemFree:          660192 kB
MemAvailable:    1504136 kB
Buffers:           89364 kB
Cached:           778468 kB
MemTotal:        1844596 kB
MemFree:          660324 kB
MemAvailable:    1504268 kB
Buffers:           89364 kB
Cached:           778468 kB
MemTotal:        1844596 kB
MemFree:          659148 kB
MemAvailable:    1503092 kB
Buffers:           89364 kB
Cached:           778468 kB
MemTotal:        1844596 kB
MemFree:          660472 kB
MemAvailable:    1504416 kB
Buffers:           89364 kB
Cached:           778468 kB
MemTotal:        1844596 kB
MemFree:          659196 kB
MemAvailable:    1503140 kB
Buffers:           89364 kB
Cached:           778468 kB
MemTotal:        1844596 kB
MemFree:          659164 kB
MemAvailable:    1503108 kB
Buffers:           89364 kB
Cached:           778468 kB
MemTotal:        1844596 kB
MemFree:          658956 kB
MemAvailable:    1502900 kB
Buffers:           89364 kB
Cached:           778468 kB
MemTotal:        1844596 kB
MemFree:          655724 kB
MemAvailable:    1499668 kB
Buffers:           89364 kB
Cached:           778468 kB
MemTotal:        1844596 kB
MemFree:          655740 kB
MemAvailable:    1499684 kB
Buffers:           89364 kB
Cached:           778468 kB
MemTotal:        1844596 kB
MemFree:          654368 kB
MemAvailable:    1498312 kB
Buffers:           89364 kB
Cached:           778468 kB
MemTotal:        1844596 kB
MemFree:          655236 kB
MemAvailable:    1499180 kB
Buffers:           89364 kB
Cached:           778468 kB
MemTotal:        1844596 kB
MemFree:          653996 kB
MemAvailable:    1497940 kB
Buffers:           89364 kB
Cached:           778468 kB
MemTotal:        1844596 kB
MemFree:          655040 kB
MemAvailable:    1498984 kB
Buffers:           89364 kB
Cached:           778468 kB
MemTotal:        1844596 kB
MemFree:          653740 kB
MemAvailable:    1497684 kB
Buffers:           89364 kB
Cached:           778468 kB
MemTotal:        1844596 kB
MemFree:          653864 kB
MemAvailable:    1497808 kB
Buffers:           89364 kB
Cached:           778468 kB
MemTotal:        1844596 kB
MemFree:          653360 kB
MemAvailable:    1497304 kB
Buffers:           89364 kB
Cached:           778468 kB
MemTotal:        1844596 kB
MemFree:          654560 kB
MemAvailable:    1498504 kB
Buffers:           89364 kB
Cached:           778468 kB
MemTotal:        1844596 kB
MemFree:          653756 kB
MemAvailable:    1497700 kB
Buffers:           89364 kB
Cached:           778468 kB
MemTotal:        1844596 kB
MemFree:          654444 kB
MemAvailable:    1498388 kB
Buffers:           89364 kB
Cached:           778468 kB
MemTotal:        1844596 kB
MemFree:          653240 kB
MemAvailable:    1497184 kB
Buffers:           89364 kB
Cached:           778468 kB
MemTotal:        1844596 kB
MemFree:          654424 kB
MemAvailable:    1498368 kB
Buffers:           89364 kB
Cached:           778468 kB
MemTotal:        1844596 kB
MemFree:          654244 kB
MemAvailable:    1498188 kB
Buffers:           89364 kB
Cached:           778468 kB
MemTotal:        1844596 kB
MemFree:          653444 kB
MemAvailable:    1497388 kB
Buffers:           89364 kB
Cached:           778468 kB
MemTotal:        1844596 kB
MemFree:          650020 kB
MemAvailable:    1493964 kB
Buffers:           89364 kB
Cached:           778468 kB
MemTotal:        1844596 kB
MemFree:          647796 kB
MemAvailable:    1491740 kB
Buffers:           89364 kB
Cached:           778468 kB
MemTotal:        1844596 kB
MemFree:          648416 kB
MemAvailable:    1492360 kB
Buffers:           89364 kB
Cached:           778468 kB
MemTotal:        1844596 kB
MemFree:          648344 kB
MemAvailable:    1492288 kB
Buffers:           89364 kB
Cached:           778468 kB
MemTotal:        1844596 kB
MemFree:          646928 kB
MemAvailable:    1490872 kB
Buffers:           89364 kB
Cached:           778468 kB
MemTotal:        1844596 kB
MemFree:          646864 kB
MemAvailable:    1490812 kB
Buffers:           89364 kB
Cached:           778472 kB
MemTotal:        1844596 kB
MemFree:          645928 kB
MemAvailable:    1489876 kB
Buffers:           89364 kB
Cached:           778472 kB
MemTotal:        1844596 kB
MemFree:          645920 kB
MemAvailable:    1489868 kB
Buffers:           89364 kB
Cached:           778472 kB
MemTotal:        1844596 kB
MemFree:          646172 kB
MemAvailable:    1490120 kB
Buffers:           89364 kB
Cached:           778472 kB
MemTotal:        1844596 kB
MemFree:          645984 kB
MemAvailable:    1489932 kB
Buffers:           89364 kB
Cached:           778472 kB
MemTotal:        1844596 kB
MemFree:          645076 kB
MemAvailable:    1489024 kB
Buffers:           89364 kB
Cached:           778472 kB
MemTotal:        1844596 kB
MemFree:          645764 kB
MemAvailable:    1489716 kB
Buffers:           89364 kB
Cached:           778476 kB
MemTotal:        1844596 kB
MemFree:          645268 kB
MemAvailable:    1489220 kB
Buffers:           89364 kB
Cached:           778476 kB
MemTotal:        1844596 kB
MemFree:          645876 kB
MemAvailable:    1489828 kB
Buffers:           89364 kB
Cached:           778476 kB
MemTotal:        1844596 kB
MemFree:          644572 kB
MemAvailable:    1488524 kB
Buffers:           89364 kB
Cached:           778476 kB
MemTotal:        1844596 kB
MemFree:          644448 kB
MemAvailable:    1488400 kB
Buffers:           89364 kB
Cached:           778476 kB
MemTotal:        1844596 kB
MemFree:          645764 kB
MemAvailable:    1489716 kB
Buffers:           89364 kB
Cached:           778476 kB
MemTotal:        1844596 kB
MemFree:          644944 kB
MemAvailable:    1488896 kB
Buffers:           89364 kB
Cached:           778476 kB
MemTotal:        1844596 kB
MemFree:          645508 kB
MemAvailable:    1489460 kB
Buffers:           89364 kB
Cached:           778476 kB
MemTotal:        1844596 kB
MemFree:          645844 kB
MemAvailable:    1489796 kB
Buffers:           89364 kB
Cached:           778476 kB
MemTotal:        1844596 kB
MemFree:          645684 kB
MemAvailable:    1489636 kB
Buffers:           89364 kB
Cached:           778476 kB
MemTotal:        1844596 kB
MemFree:          645364 kB
MemAvailable:    1489316 kB
Buffers:           89364 kB
Cached:           778476 kB
MemTotal:        1844596 kB
MemFree:          645616 kB
MemAvailable:    1489568 kB
Buffers:           89364 kB
Cached:           778476 kB
MemTotal:        1844596 kB
MemFree:          644304 kB
MemAvailable:    1488256 kB
Buffers:           89364 kB
Cached:           778476 kB
MemTotal:        1844596 kB
MemFree:          645488 kB
MemAvailable:    1489440 kB
Buffers:           89364 kB
Cached:           778476 kB
MemTotal:        1844596 kB
MemFree:          645740 kB
MemAvailable:    1489692 kB
Buffers:           89364 kB
Cached:           778476 kB
MemTotal:        1844596 kB
MemFree:          645360 kB
MemAvailable:    1489312 kB
Buffers:           89364 kB
Cached:           778476 kB
MemTotal:        1844596 kB
MemFree:          644184 kB
MemAvailable:    1488136 kB
Buffers:           89364 kB
Cached:           778476 kB
MemTotal:        1844596 kB
MemFree:          641464 kB
MemAvailable:    1485416 kB
Buffers:           89364 kB
Cached:           778476 kB
MemTotal:        1844596 kB
MemFree:          641548 kB
MemAvailable:    1485500 kB
Buffers:           89364 kB
Cached:           778476 kB
MemTotal:        1844596 kB
MemFree:          638000 kB
MemAvailable:    1481952 kB
Buffers:           89364 kB
Cached:           778476 kB
MemTotal:        1844596 kB
MemFree:          636380 kB
MemAvailable:    1480332 kB
Buffers:           89364 kB
Cached:           778476 kB
MemTotal:        1844596 kB
MemFree:          636264 kB
MemAvailable:    1480216 kB
Buffers:           89364 kB
Cached:           778476 kB
MemTotal:        1844596 kB
MemFree:          636140 kB
MemAvailable:    1480092 kB
Buffers:           89364 kB
Cached:           778476 kB
MemTotal:        1844596 kB
MemFree:          637236 kB
MemAvailable:    1481188 kB
Buffers:           89364 kB
Cached:           778476 kB
MemTotal:        1844596 kB
MemFree:          637116 kB
MemAvailable:    1481068 kB
Buffers:           89364 kB
Cached:           778476 kB
MemTotal:        1844596 kB
MemFree:          635636 kB
MemAvailable:    1479588 kB
Buffers:           89364 kB
Cached:           778476 kB
MemTotal:        1844596 kB
MemFree:          635636 kB
MemAvailable:    1479588 kB
Buffers:           89364 kB
Cached:           778476 kB
MemTotal:        1844596 kB
MemFree:          636828 kB
MemAvailable:    1480780 kB
Buffers:           89364 kB
Cached:           778476 kB
MemTotal:        1844596 kB
MemFree:          635500 kB
MemAvailable:    1479452 kB
Buffers:           89364 kB
Cached:           778476 kB
MemTotal:        1844596 kB
MemFree:          636600 kB
MemAvailable:    1480552 kB
Buffers:           89364 kB
Cached:           778476 kB
MemTotal:        1844596 kB
MemFree:          636936 kB
MemAvailable:    1480888 kB
Buffers:           89364 kB
Cached:           778476 kB
MemTotal:        1844596 kB
MemFree:          635480 kB
MemAvailable:    1479436 kB
Buffers:           89364 kB
Cached:           778480 kB
MemTotal:        1844596 kB
MemFree:          636672 kB
MemAvailable:    1480628 kB
Buffers:           89364 kB
Cached:           778480 kB
MemTotal:        1844596 kB
MemFree:          636892 kB
MemAvailable:    1480848 kB
Buffers:           89364 kB
Cached:           778480 kB
MemTotal:        1844596 kB
MemFree:          636884 kB
MemAvailable:    1480840 kB
Buffers:           89364 kB
Cached:           778480 kB
MemTotal:        1844596 kB
MemFree:          635464 kB
MemAvailable:    1479420 kB
Buffers:           89364 kB
Cached:           778480 kB
MemTotal:        1844596 kB
MemFree:          636820 kB
MemAvailable:    1480776 kB
Buffers:           89364 kB
Cached:           778480 kB
MemTotal:        1844596 kB
MemFree:          636748 kB
MemAvailable:    1480704 kB
Buffers:           89364 kB
Cached:           778480 kB
MemTotal:        1844596 kB
MemFree:          635460 kB
MemAvailable:    1479416 kB
Buffers:           89364 kB
Cached:           778480 kB
MemTotal:        1844596 kB
MemFree:          635584 kB
MemAvailable:    1479540 kB
Buffers:           89364 kB
Cached:           778480 kB
MemTotal:        1844596 kB
MemFree:          635584 kB
MemAvailable:    1479540 kB
Buffers:           89364 kB
Cached:           778480 kB
MemTotal:        1844596 kB
MemFree:          636824 kB
MemAvailable:    1480780 kB
Buffers:           89364 kB
Cached:           778480 kB
MemTotal:        1844596 kB
MemFree:          635708 kB
MemAvailable:    1479664 kB
Buffers:           89364 kB
Cached:           778480 kB
MemTotal:        1844596 kB
MemFree:          636684 kB
MemAvailable:    1480640 kB
Buffers:           89364 kB
Cached:           778480 kB
MemTotal:        1844596 kB
MemFree:          636936 kB
MemAvailable:    1480892 kB
Buffers:           89364 kB
Cached:           778480 kB
MemTotal:        1844596 kB
MemFree:          635588 kB
MemAvailable:    1479544 kB
Buffers:           89364 kB
Cached:           778480 kB
MemTotal:        1844596 kB
MemFree:          635588 kB
MemAvailable:    1479544 kB
Buffers:           89364 kB
Cached:           778480 kB
MemTotal:        1844596 kB
MemFree:          635588 kB
MemAvailable:    1479544 kB
Buffers:           89364 kB
Cached:           778480 kB
MemTotal:        1844596 kB
MemFree:          636740 kB
MemAvailable:    1480696 kB
Buffers:           89364 kB
Cached:           778480 kB
MemTotal:        1844596 kB
MemFree:          636796 kB
MemAvailable:    1480752 kB
Buffers:           89364 kB
Cached:           778480 kB
MemTotal:        1844596 kB
MemFree:          635736 kB
MemAvailable:    1479692 kB
Buffers:           89364 kB
Cached:           778480 kB
MemTotal:        1844596 kB
MemFree:          636744 kB
MemAvailable:    1480700 kB
Buffers:           89364 kB
Cached:           778480 kB
MemTotal:        1844596 kB
MemFree:          636744 kB
MemAvailable:    1480700 kB
Buffers:           89364 kB
Cached:           778480 kB
MemTotal:        1844596 kB
MemFree:          636192 kB
MemAvailable:    1480148 kB
Buffers:           89364 kB
Cached:           778480 kB
MemTotal:        1844596 kB
MemFree:          632280 kB
MemAvailable:    1476236 kB
Buffers:           89364 kB
Cached:           778480 kB
MemTotal:        1844596 kB
MemFree:          629436 kB
MemAvailable:    1473392 kB
Buffers:           89364 kB
Cached:           778480 kB
MemTotal:        1844596 kB
MemFree:          628436 kB
MemAvailable:    1472392 kB
Buffers:           89364 kB
Cached:           778480 kB
MemTotal:        1844596 kB
MemFree:          624856 kB
MemAvailable:    1468812 kB
Buffers:           89364 kB
Cached:           778480 kB
MemTotal:        1844596 kB
MemFree:          625956 kB
MemAvailable:    1469912 kB
Buffers:           89364 kB
Cached:           778480 kB
MemTotal:        1844596 kB
MemFree:          625476 kB
MemAvailable:    1469432 kB
Buffers:           89364 kB
Cached:           778480 kB
MemTotal:        1844596 kB
MemFree:          626012 kB
MemAvailable:    1469968 kB
Buffers:           89364 kB
Cached:           778480 kB
MemTotal:        1844596 kB
MemFree:          624672 kB
MemAvailable:    1468628 kB
Buffers:           89364 kB
Cached:           778480 kB
MemTotal:        1844596 kB
MemFree:          624656 kB
MemAvailable:    1468612 kB
Buffers:           89364 kB
Cached:           778480 kB
MemTotal:        1844596 kB
MemFree:          624832 kB
MemAvailable:    1468788 kB
Buffers:           89364 kB
Cached:           778480 kB
MemTotal:        1844596 kB
MemFree:          624528 kB
MemAvailable:    1468484 kB
Buffers:           89364 kB
Cached:           778480 kB
MemTotal:        1844596 kB
MemFree:          626060 kB
MemAvailable:    1470016 kB
Buffers:           89364 kB
Cached:           778480 kB
MemTotal:        1844596 kB
MemFree:          624648 kB
MemAvailable:    1468604 kB
Buffers:           89364 kB
Cached:           778480 kB
MemTotal:        1844596 kB
MemFree:          625932 kB
MemAvailable:    1469888 kB
Buffers:           89364 kB
Cached:           778480 kB
MemTotal:        1844596 kB
MemFree:          625908 kB
MemAvailable:    1469864 kB
Buffers:           89364 kB
Cached:           778480 kB
MemTotal:        1844596 kB
MemFree:          624808 kB
MemAvailable:    1468764 kB
Buffers:           89364 kB
Cached:           778480 kB
MemTotal:        1844596 kB
MemFree:          625860 kB
MemAvailable:    1469816 kB
Buffers:           89364 kB
Cached:           778480 kB
MemTotal:        1844596 kB
MemFree:          625104 kB
MemAvailable:    1469060 kB
Buffers:           89364 kB
Cached:           778480 kB
MemTotal:        1844596 kB
MemFree:          625676 kB
MemAvailable:    1469636 kB
Buffers:           89364 kB
Cached:           778484 kB
MemTotal:        1844596 kB
MemFree:          626012 kB
MemAvailable:    1469972 kB
Buffers:           89364 kB
Cached:           778484 kB
MemTotal:        1844596 kB
MemFree:          624608 kB
MemAvailable:    1468568 kB
Buffers:           89364 kB
Cached:           778484 kB
MemTotal:        1844596 kB
MemFree:          624692 kB
MemAvailable:    1468652 kB
Buffers:           89364 kB
Cached:           778484 kB
MemTotal:        1844596 kB
MemFree:          625924 kB
MemAvailable:    1469884 kB
Buffers:           89364 kB
Cached:           778484 kB
MemTotal:        1844596 kB
MemFree:          625832 kB
MemAvailable:    1469792 kB
Buffers:           89364 kB
Cached:           778484 kB
MemTotal:        1844596 kB
MemFree:          625600 kB
MemAvailable:    1469560 kB
Buffers:           89364 kB
Cached:           778484 kB
MemTotal:        1844596 kB
MemFree:          625960 kB
MemAvailable:    1469920 kB
Buffers:           89364 kB
Cached:           778484 kB
MemTotal:        1844596 kB
MemFree:          625848 kB
MemAvailable:    1469808 kB
Buffers:           89364 kB
Cached:           778484 kB
MemTotal:        1844596 kB
MemFree:          624668 kB
MemAvailable:    1468628 kB
Buffers:           89364 kB
Cached:           778484 kB
MemTotal:        1844596 kB
MemFree:          624784 kB
MemAvailable:    1468744 kB
Buffers:           89364 kB
Cached:           778484 kB
MemTotal:        1844596 kB
MemFree:          624704 kB
MemAvailable:    1468664 kB
Buffers:           89364 kB
Cached:           778484 kB
MemTotal:        1844596 kB
MemFree:          626100 kB
MemAvailable:    1470060 kB
Buffers:           89364 kB
Cached:           778484 kB
MemTotal:        1844596 kB
MemFree:          624684 kB
MemAvailable:    1468644 kB
Buffers:           89364 kB
Cached:           778484 kB
MemTotal:        1844596 kB
MemFree:          624560 kB
MemAvailable:    1468520 kB
Buffers:           89364 kB
Cached:           778484 kB
MemTotal:        1844596 kB
MemFree:          624732 kB
MemAvailable:    1468692 kB
Buffers:           89364 kB
Cached:           778484 kB
MemTotal:        1844596 kB
MemFree:          626088 kB
MemAvailable:    1470048 kB
Buffers:           89364 kB
Cached:           778484 kB
MemTotal:        1844596 kB
MemFree:          625908 kB
MemAvailable:    1469868 kB
Buffers:           89364 kB
Cached:           778484 kB
MemTotal:        1844596 kB
MemFree:          625840 kB
MemAvailable:    1469800 kB
Buffers:           89364 kB
Cached:           778484 kB
MemTotal:        1844596 kB
MemFree:          625972 kB
MemAvailable:    1469932 kB
Buffers:           89364 kB
Cached:           778484 kB
MemTotal:        1844596 kB
MemFree:          626036 kB
MemAvailable:    1469996 kB
Buffers:           89364 kB
Cached:           778484 kB
MemTotal:        1844596 kB
MemFree:          624592 kB
MemAvailable:    1468552 kB
Buffers:           89364 kB
Cached:           778484 kB
MemTotal:        1844596 kB
MemFree:          624668 kB
MemAvailable:    1468628 kB
Buffers:           89364 kB
Cached:           778484 kB
MemTotal:        1844596 kB
MemFree:          624668 kB
MemAvailable:    1468628 kB
Buffers:           89364 kB
Cached:           778484 kB
MemTotal:        1844596 kB
MemFree:          625868 kB
MemAvailable:    1469828 kB
Buffers:           89364 kB
Cached:           778484 kB
MemTotal:        1844596 kB
MemFree:          624792 kB
MemAvailable:    1468752 kB
Buffers:           89364 kB
Cached:           778484 kB
MemTotal:        1844596 kB
MemFree:          624668 kB
MemAvailable:    1468628 kB
Buffers:           89364 kB
Cached:           778484 kB
MemTotal:        1844596 kB
MemFree:          624668 kB
MemAvailable:    1468628 kB
Buffers:           89364 kB
Cached:           778484 kB
MemTotal:        1844596 kB
MemFree:          625784 kB
MemAvailable:    1469748 kB
Buffers:           89364 kB
Cached:           778488 kB
MemTotal:        1844596 kB
MemFree:          624732 kB
MemAvailable:    1468696 kB
Buffers:           89364 kB
Cached:           778488 kB
MemTotal:        1844596 kB
MemFree:          624476 kB
MemAvailable:    1468440 kB
Buffers:           89364 kB
Cached:           778488 kB
MemTotal:        1844596 kB
MemFree:          624228 kB
MemAvailable:    1468192 kB
Buffers:           89364 kB
Cached:           778488 kB
MemTotal:        1844596 kB
MemFree:          625040 kB
MemAvailable:    1469004 kB
Buffers:           89364 kB
Cached:           778488 kB
MemTotal:        1844596 kB
MemFree:          624848 kB
MemAvailable:    1468812 kB
Buffers:           89364 kB
Cached:           778488 kB
MemTotal:        1844596 kB
MemFree:          624932 kB
MemAvailable:    1468896 kB
Buffers:           89364 kB
Cached:           778488 kB
MemTotal:        1844596 kB
MemFree:          623304 kB
MemAvailable:    1467268 kB
Buffers:           89364 kB
Cached:           778488 kB
MemTotal:        1844596 kB
MemFree:          624736 kB
MemAvailable:    1468700 kB
Buffers:           89364 kB
Cached:           778488 kB
MemTotal:        1844596 kB
MemFree:          624536 kB
MemAvailable:    1468500 kB
Buffers:           89364 kB
Cached:           778488 kB
MemTotal:        1844596 kB
MemFree:          624360 kB
MemAvailable:    1468324 kB
Buffers:           89364 kB
Cached:           778488 kB
MemTotal:        1844596 kB
MemFree:          623348 kB
MemAvailable:    1467312 kB
Buffers:           89364 kB
Cached:           778488 kB
MemTotal:        1844596 kB
MemFree:          624588 kB
MemAvailable:    1468552 kB
Buffers:           89364 kB
Cached:           778488 kB
MemTotal:        1844596 kB
MemFree:          624588 kB
MemAvailable:    1468552 kB
Buffers:           89364 kB
Cached:           778488 kB
MemTotal:        1844596 kB
MemFree:          624476 kB
MemAvailable:    1468440 kB
Buffers:           89364 kB
Cached:           778488 kB
MemTotal:        1844596 kB
MemFree:          623236 kB
MemAvailable:    1467200 kB
Buffers:           89364 kB
Cached:           778488 kB
MemTotal:        1844596 kB
MemFree:          623188 kB
MemAvailable:    1467152 kB
Buffers:           89364 kB
Cached:           778488 kB
MemTotal:        1844596 kB
MemFree:          624528 kB
MemAvailable:    1468492 kB
Buffers:           89364 kB
Cached:           778488 kB
MemTotal:        1844596 kB
MemFree:          622920 kB
MemAvailable:    1466884 kB
Buffers:           89364 kB
Cached:           778488 kB
MemTotal:        1844596 kB
MemFree:          623176 kB
MemAvailable:    1467140 kB
Buffers:           89364 kB
Cached:           778488 kB
MemTotal:        1844596 kB
MemFree:          624228 kB
MemAvailable:    1468192 kB
Buffers:           89364 kB
Cached:           778488 kB
MemTotal:        1844596 kB
MemFree:          623212 kB
MemAvailable:    1467176 kB
Buffers:           89364 kB
Cached:           778488 kB
MemTotal:        1844596 kB
MemFree:          623088 kB
MemAvailable:    1467052 kB
Buffers:           89364 kB
Cached:           778488 kB
MemTotal:        1844596 kB
MemFree:          622956 kB
MemAvailable:    1466920 kB
Buffers:           89364 kB
Cached:           778488 kB
MemTotal:        1844596 kB
MemFree:          624228 kB
MemAvailable:    1468192 kB
Buffers:           89364 kB
Cached:           778488 kB
MemTotal:        1844596 kB
MemFree:          624228 kB
MemAvailable:    1468192 kB
Buffers:           89364 kB
Cached:           778488 kB
MemTotal:        1844596 kB
MemFree:          623108 kB
MemAvailable:    1467072 kB
Buffers:           89364 kB
Cached:           778488 kB
MemTotal:        1844596 kB
MemFree:          623232 kB
MemAvailable:    1467196 kB
Buffers:           89364 kB
Cached:           778488 kB
MemTotal:        1844596 kB
MemFree:          623180 kB
MemAvailable:    1467144 kB
Buffers:           89364 kB
Cached:           778488 kB
MemTotal:        1844596 kB
MemFree:          618888 kB
MemAvailable:    1462852 kB
Buffers:           89364 kB
Cached:           778488 kB
MemTotal:        1844596 kB
MemFree:          615804 kB
MemAvailable:    1459768 kB
Buffers:           89364 kB
Cached:           778488 kB
MemTotal:        1844596 kB
MemFree:          612332 kB
MemAvailable:    1456296 kB
Buffers:           89364 kB
Cached:           778488 kB
MemTotal:        1844596 kB
MemFree:          612812 kB
MemAvailable:    1456776 kB
Buffers:           89364 kB
Cached:           778488 kB
MemTotal:        1844596 kB
MemFree:          612828 kB
MemAvailable:    1456792 kB
Buffers:           89364 kB
Cached:           778488 kB
MemTotal:        1844596 kB
MemFree:          611448 kB
MemAvailable:    1455412 kB
Buffers:           89364 kB
Cached:           778488 kB
MemTotal:        1844596 kB
MemFree:          612688 kB
MemAvailable:    1456652 kB
Buffers:           89364 kB
Cached:           778488 kB
MemTotal:        1844596 kB
MemFree:          612492 kB
MemAvailable:    1456456 kB
Buffers:           89364 kB
Cached:           778488 kB
MemTotal:        1844596 kB
MemFree:          611092 kB
MemAvailable:    1455056 kB
Buffers:           89364 kB
Cached:           778488 kB
MemTotal:        1844596 kB
MemFree:          612024 kB
MemAvailable:    1455988 kB
Buffers:           89364 kB
Cached:           778488 kB
MemTotal:        1844596 kB
MemFree:          611404 kB
MemAvailable:    1455368 kB
Buffers:           89364 kB
Cached:           778488 kB
MemTotal:        1844596 kB
MemFree:          609836 kB
MemAvailable:    1453800 kB
Buffers:           89364 kB
Cached:           778488 kB
MemTotal:        1844596 kB
MemFree:          609728 kB
MemAvailable:    1453692 kB
Buffers:           89364 kB
Cached:           778488 kB
MemTotal:        1844596 kB
MemFree:          609408 kB
MemAvailable:    1453372 kB
Buffers:           89364 kB
Cached:           778488 kB
MemTotal:        1844596 kB
MemFree:          609284 kB
MemAvailable:    1453248 kB
Buffers:           89364 kB
Cached:           778488 kB
MemTotal:        1844596 kB
MemFree:          608108 kB
MemAvailable:    1452072 kB
Buffers:           89364 kB
Cached:           778488 kB
MemTotal:        1844596 kB
MemFree:          608116 kB
MemAvailable:    1452084 kB
Buffers:           89364 kB
Cached:           778492 kB
MemTotal:        1844596 kB
MemFree:          609292 kB
MemAvailable:    1453260 kB
Buffers:           89364 kB
Cached:           778492 kB
MemTotal:        1844596 kB
MemFree:          609044 kB
MemAvailable:    1453012 kB
Buffers:           89364 kB
Cached:           778492 kB
MemTotal:        1844596 kB
MemFree:          608860 kB
MemAvailable:    1452828 kB
Buffers:           89364 kB
Cached:           778492 kB
MemTotal:        1844596 kB
MemFree:          609220 kB
MemAvailable:    1453188 kB
Buffers:           89364 kB
Cached:           778492 kB
MemTotal:        1844596 kB
MemFree:          609076 kB
MemAvailable:    1453044 kB
Buffers:           89364 kB
Cached:           778492 kB
MemTotal:        1844596 kB
MemFree:          609076 kB
MemAvailable:    1453044 kB
Buffers:           89364 kB
Cached:           778492 kB
MemTotal:        1844596 kB
MemFree:          609220 kB
MemAvailable:    1453188 kB
Buffers:           89364 kB
Cached:           778492 kB
MemTotal:        1844596 kB
MemFree:          607848 kB
MemAvailable:    1451816 kB
Buffers:           89364 kB
Cached:           778492 kB
MemTotal:        1844596 kB
MemFree:          609088 kB
MemAvailable:    1453056 kB
Buffers:           89364 kB
Cached:           778492 kB
MemTotal:        1844596 kB
MemFree:          608844 kB
MemAvailable:    1452812 kB
Buffers:           89364 kB
Cached:           778492 kB
MemTotal:        1844596 kB
MemFree:          608736 kB
MemAvailable:    1452704 kB
Buffers:           89364 kB
Cached:           778492 kB
MemTotal:        1844596 kB
MemFree:          608400 kB
MemAvailable:    1452368 kB
Buffers:           89364 kB
Cached:           778492 kB
MemTotal:        1844596 kB
MemFree:          607000 kB
MemAvailable:    1450968 kB
Buffers:           89364 kB
Cached:           778492 kB
MemTotal:        1844596 kB
MemFree:          607248 kB
MemAvailable:    1451216 kB
Buffers:           89364 kB
Cached:           778492 kB
MemTotal:        1844596 kB
MemFree:          606132 kB
MemAvailable:    1450100 kB
Buffers:           89364 kB
Cached:           778492 kB
MemTotal:        1844596 kB
MemFree:          607436 kB
MemAvailable:    1451408 kB
Buffers:           89364 kB
Cached:           778496 kB
MemTotal:        1844596 kB
MemFree:          606204 kB
MemAvailable:    1450176 kB
Buffers:           89364 kB
Cached:           778496 kB
MemTotal:        1844596 kB
MemFree:          606488 kB
MemAvailable:    1450460 kB
Buffers:           89364 kB
Cached:           778496 kB
MemTotal:        1844596 kB
MemFree:          606824 kB
MemAvailable:    1450796 kB
Buffers:           89364 kB
Cached:           778496 kB
MemTotal:        1844596 kB
MemFree:          605876 kB
MemAvailable:    1449848 kB
Buffers:           89364 kB
Cached:           778496 kB
MemTotal:        1844596 kB
MemFree:          605768 kB
MemAvailable:    1449740 kB
Buffers:           89364 kB
Cached:           778496 kB
MemTotal:        1844596 kB
MemFree:          605640 kB
MemAvailable:    1449612 kB
Buffers:           89364 kB
Cached:           778496 kB
MemTotal:        1844596 kB
MemFree:          605684 kB
MemAvailable:    1449656 kB
Buffers:           89364 kB
Cached:           778496 kB
MemTotal:        1844596 kB
MemFree:          604768 kB
MemAvailable:    1448740 kB
Buffers:           89364 kB
Cached:           778496 kB
MemTotal:        1844596 kB
MemFree:          605192 kB
MemAvailable:    1449164 kB
Buffers:           89364 kB
Cached:           778496 kB
MemTotal:        1844596 kB
MemFree:          605192 kB
MemAvailable:    1449164 kB
Buffers:           89364 kB
Cached:           778496 kB
MemTotal:        1844596 kB
MemFree:          604876 kB
MemAvailable:    1448848 kB
Buffers:           89364 kB
Cached:           778496 kB
MemTotal:        1844596 kB
MemFree:          603844 kB
MemAvailable:    1447816 kB
Buffers:           89364 kB
Cached:           778496 kB
MemTotal:        1844596 kB
MemFree:          604996 kB
MemAvailable:    1448968 kB
Buffers:           89364 kB
Cached:           778496 kB
MemTotal:        1844596 kB
MemFree:          604876 kB
MemAvailable:    1448852 kB
Buffers:           89364 kB
Cached:           778500 kB
MemTotal:        1844596 kB
MemFree:          605212 kB
MemAvailable:    1449188 kB
Buffers:           89364 kB
Cached:           778500 kB
MemTotal:        1844596 kB
MemFree:          604968 kB
MemAvailable:    1448944 kB
Buffers:           89364 kB
Cached:           778500 kB
MemTotal:        1844596 kB
MemFree:          603596 kB
MemAvailable:    1447572 kB
Buffers:           89364 kB
Cached:           778500 kB
MemTotal:        1844596 kB
MemFree:          604956 kB
MemAvailable:    1448932 kB
Buffers:           89364 kB
Cached:           778500 kB
MemTotal:        1844596 kB
MemFree:          604528 kB
MemAvailable:    1448504 kB
Buffers:           89364 kB
Cached:           778500 kB
MemTotal:        1844596 kB
MemFree:          604704 kB
MemAvailable:    1448680 kB
Buffers:           89364 kB
Cached:           778500 kB
MemTotal:        1844596 kB
MemFree:          604644 kB
MemAvailable:    1448620 kB
Buffers:           89364 kB
Cached:           778500 kB
MemTotal:        1844596 kB
MemFree:          604588 kB
MemAvailable:    1448564 kB
Buffers:           89364 kB
Cached:           778500 kB
MemTotal:        1844596 kB
MemFree:          604588 kB
MemAvailable:    1448564 kB
Buffers:           89364 kB
Cached:           778500 kB
MemTotal:        1844596 kB
MemFree:          603596 kB
MemAvailable:    1447572 kB
Buffers:           89364 kB
Cached:           778500 kB
MemTotal:        1844596 kB
MemFree:          604696 kB
MemAvailable:    1448672 kB
Buffers:           89364 kB
Cached:           778500 kB
MemTotal:        1844596 kB
MemFree:          604948 kB
MemAvailable:    1448924 kB
Buffers:           89364 kB
Cached:           778500 kB
MemTotal:        1844596 kB
MemFree:          603588 kB
MemAvailable:    1447564 kB
Buffers:           89364 kB
Cached:           778500 kB
MemTotal:        1844596 kB
MemFree:          603456 kB
MemAvailable:    1447432 kB
Buffers:           89364 kB
Cached:           778500 kB
MemTotal:        1844596 kB
MemFree:          604668 kB
MemAvailable:    1448644 kB
Buffers:           89364 kB
Cached:           778500 kB
MemTotal:        1844596 kB
MemFree:          604796 kB
MemAvailable:    1448772 kB
Buffers:           89364 kB
Cached:           778500 kB
MemTotal:        1844596 kB
MemFree:          604616 kB
MemAvailable:    1448592 kB
Buffers:           89364 kB
Cached:           778500 kB
MemTotal:        1844596 kB
MemFree:          603488 kB
MemAvailable:    1447464 kB
Buffers:           89364 kB
Cached:           778500 kB
MemTotal:        1844596 kB
MemFree:          604596 kB
MemAvailable:    1448572 kB
Buffers:           89364 kB
Cached:           778500 kB
MemTotal:        1844596 kB
MemFree:          604852 kB
MemAvailable:    1448828 kB
Buffers:           89364 kB
Cached:           778500 kB
MemTotal:        1844596 kB
MemFree:          602412 kB
MemAvailable:    1446388 kB
Buffers:           89364 kB
Cached:           778500 kB
MemTotal:        1844596 kB
MemFree:          602288 kB
MemAvailable:    1446264 kB
Buffers:           89364 kB
Cached:           778500 kB
MemTotal:        1844596 kB
MemFree:          603388 kB
MemAvailable:    1447364 kB
Buffers:           89364 kB
Cached:           778500 kB
MemTotal:        1844596 kB
MemFree:          603388 kB
MemAvailable:    1447364 kB
Buffers:           89364 kB
Cached:           778500 kB
MemTotal:        1844596 kB
MemFree:          601296 kB
MemAvailable:    1445272 kB
Buffers:           89364 kB
Cached:           778500 kB
MemTotal:        1844596 kB
MemFree:          600240 kB
MemAvailable:    1444216 kB
Buffers:           89364 kB
Cached:           778500 kB
MemTotal:        1844596 kB
MemFree:          597760 kB
MemAvailable:    1441736 kB
Buffers:           89364 kB
Cached:           778500 kB
MemTotal:        1844596 kB
MemFree:          595900 kB
MemAvailable:    1439876 kB
Buffers:           89364 kB
Cached:           778500 kB
MemTotal:        1844596 kB
MemFree:          593528 kB
MemAvailable:    1437504 kB
Buffers:           89364 kB
Cached:           778500 kB
MemTotal:        1844596 kB
MemFree:          590500 kB
MemAvailable:    1434476 kB
Buffers:           89364 kB
Cached:           778500 kB
MemTotal:        1844596 kB
MemFree:          587836 kB
MemAvailable:    1431812 kB
Buffers:           89364 kB
Cached:           778500 kB
MemTotal:        1844596 kB
MemFree:          586284 kB
MemAvailable:    1430260 kB
Buffers:           89364 kB
Cached:           778500 kB
MemTotal:        1844596 kB
MemFree:          585120 kB
MemAvailable:    1429096 kB
Buffers:           89364 kB
Cached:           778500 kB
MemTotal:        1844596 kB
MemFree:          584996 kB
MemAvailable:    1428972 kB
Buffers:           89364 kB
Cached:           778500 kB
MemTotal:        1844596 kB
MemFree:          586464 kB
MemAvailable:    1430440 kB
Buffers:           89364 kB
Cached:           778500 kB
MemTotal:        1844596 kB
MemFree:          585120 kB
MemAvailable:    1429096 kB
Buffers:           89364 kB
Cached:           778500 kB
MemTotal:        1844596 kB
MemFree:          586244 kB
MemAvailable:    1430220 kB
Buffers:           89364 kB
Cached:           778500 kB
MemTotal:        1844596 kB
MemFree:          586292 kB
MemAvailable:    1430268 kB
Buffers:           89364 kB
Cached:           778500 kB
MemTotal:        1844596 kB
MemFree:          586236 kB
MemAvailable:    1430212 kB
Buffers:           89364 kB
Cached:           778500 kB
MemTotal:        1844596 kB
MemFree:          584756 kB
MemAvailable:    1428732 kB
Buffers:           89364 kB
Cached:           778500 kB
MemTotal:        1844596 kB
MemFree:          586080 kB
MemAvailable:    1430056 kB
Buffers:           89364 kB
Cached:           778500 kB
MemTotal:        1844596 kB
MemFree:          585052 kB
MemAvailable:    1429028 kB
Buffers:           89364 kB
Cached:           778500 kB
MemTotal:        1844596 kB
MemFree:          584928 kB
MemAvailable:    1428904 kB
Buffers:           89364 kB
Cached:           778500 kB
MemTotal:        1844596 kB
MemFree:          585160 kB
MemAvailable:    1429136 kB
Buffers:           89364 kB
Cached:           778500 kB
MemTotal:        1844596 kB
MemFree:          585412 kB
MemAvailable:    1429388 kB
Buffers:           89364 kB
Cached:           778500 kB
MemTotal:        1844596 kB
MemFree:          585096 kB
MemAvailable:    1429072 kB
Buffers:           89364 kB
Cached:           778500 kB
MemTotal:        1844596 kB
MemFree:          584012 kB
MemAvailable:    1427988 kB
Buffers:           89364 kB
Cached:           778500 kB
MemTotal:        1844596 kB
MemFree:          585152 kB
MemAvailable:    1429128 kB
Buffers:           89364 kB
Cached:           778500 kB
MemTotal:        1844596 kB
MemFree:          583624 kB
MemAvailable:    1427600 kB
Buffers:           89364 kB
Cached:           778500 kB
MemTotal:        1844596 kB
MemFree:          585172 kB
MemAvailable:    1429148 kB
Buffers:           89364 kB
Cached:           778500 kB
MemTotal:        1844596 kB
MemFree:          584432 kB
MemAvailable:    1428408 kB
Buffers:           89364 kB
Cached:           778500 kB
MemTotal:        1844596 kB
MemFree:          585160 kB
MemAvailable:    1429140 kB
Buffers:           89364 kB
Cached:           778504 kB
MemTotal:        1844596 kB
MemFree:          585244 kB
MemAvailable:    1429224 kB
Buffers:           89364 kB
Cached:           778504 kB
MemTotal:        1844596 kB
MemFree:          585216 kB
MemAvailable:    1429196 kB
Buffers:           89364 kB
Cached:           778504 kB
MemTotal:        1844596 kB
MemFree:          585176 kB
MemAvailable:    1429156 kB
Buffers:           89364 kB
Cached:           778504 kB
MemTotal:        1844596 kB
MemFree:          584424 kB
MemAvailable:    1428404 kB
Buffers:           89364 kB
Cached:           778504 kB
MemTotal:        1844596 kB
MemFree:          585292 kB
MemAvailable:    1429276 kB
Buffers:           89364 kB
Cached:           778508 kB
MemTotal:        1844596 kB
MemFree:          585376 kB
MemAvailable:    1429360 kB
Buffers:           89364 kB
Cached:           778508 kB
MemTotal:        1844596 kB
MemFree:          585300 kB
MemAvailable:    1429284 kB
Buffers:           89364 kB
Cached:           778508 kB
MemTotal:        1844596 kB
MemFree:          585104 kB
MemAvailable:    1429088 kB
Buffers:           89364 kB
Cached:           778508 kB
MemTotal:        1844596 kB
MemFree:          583920 kB
MemAvailable:    1427904 kB
Buffers:           89364 kB
Cached:           778508 kB
MemTotal:        1844596 kB
MemFree:          585112 kB
MemAvailable:    1429096 kB
Buffers:           89364 kB
Cached:           778508 kB
MemTotal:        1844596 kB
MemFree:          585112 kB
MemAvailable:    1429096 kB
Buffers:           89364 kB
Cached:           778508 kB
MemTotal:        1844596 kB
MemFree:          584040 kB
MemAvailable:    1428024 kB
Buffers:           89364 kB
Cached:           778508 kB
MemTotal:        1844596 kB
MemFree:          585176 kB
MemAvailable:    1429160 kB
Buffers:           89364 kB
Cached:           778508 kB
MemTotal:        1844596 kB
MemFree:          582924 kB
MemAvailable:    1426908 kB
Buffers:           89364 kB
Cached:           778508 kB
MemTotal:        1844596 kB
MemFree:          579728 kB
MemAvailable:    1423712 kB
Buffers:           89364 kB
Cached:           778508 kB
MemTotal:        1844596 kB
MemFree:          577540 kB
MemAvailable:    1421524 kB
Buffers:           89364 kB
Cached:           778508 kB
MemTotal:        1844596 kB
MemFree:          574944 kB
MemAvailable:    1418928 kB
Buffers:           89364 kB
Cached:           778508 kB
MemTotal:        1844596 kB
MemFree:          572040 kB
MemAvailable:    1416024 kB
Buffers:           89364 kB
Cached:           778508 kB
MemTotal:        1844596 kB
MemFree:          570356 kB
MemAvailable:    1414340 kB
Buffers:           89364 kB
Cached:           778508 kB
MemTotal:        1844596 kB
MemFree:          567816 kB
MemAvailable:    1411800 kB
Buffers:           89364 kB
Cached:           778508 kB
MemTotal:        1844596 kB
MemFree:          567064 kB
MemAvailable:    1411048 kB
Buffers:           89364 kB
Cached:           778508 kB
MemTotal:        1844596 kB
MemFree:          566460 kB
MemAvailable:    1410444 kB
Buffers:           89364 kB
Cached:           778508 kB
MemTotal:        1844596 kB
MemFree:          566760 kB
MemAvailable:    1410744 kB
Buffers:           89364 kB
Cached:           778508 kB
MemTotal:        1844596 kB
MemFree:          566968 kB
MemAvailable:    1410952 kB
Buffers:           89364 kB
Cached:           778508 kB
MemTotal:        1844596 kB
MemFree:          565704 kB
MemAvailable:    1409688 kB
Buffers:           89364 kB
Cached:           778508 kB
MemTotal:        1844596 kB
MemFree:          565772 kB
MemAvailable:    1409756 kB
Buffers:           89364 kB
Cached:           778508 kB
MemTotal:        1844596 kB
MemFree:          565404 kB
MemAvailable:    1409388 kB
Buffers:           89364 kB
Cached:           778508 kB
MemTotal:        1844596 kB
MemFree:          565592 kB
MemAvailable:    1409576 kB
Buffers:           89364 kB
Cached:           778508 kB
MemTotal:        1844596 kB
MemFree:          567084 kB
MemAvailable:    1411068 kB
Buffers:           89364 kB
Cached:           778508 kB
MemTotal:        1844596 kB
MemFree:          566212 kB
MemAvailable:    1410196 kB
Buffers:           89364 kB
Cached:           778508 kB
MemTotal:        1844596 kB
MemFree:          566776 kB
MemAvailable:    1410764 kB
Buffers:           89364 kB
Cached:           778512 kB
MemTotal:        1844596 kB
MemFree:          567112 kB
MemAvailable:    1411100 kB
Buffers:           89364 kB
Cached:           778512 kB
MemTotal:        1844596 kB
MemFree:          565716 kB
MemAvailable:    1409704 kB
Buffers:           89364 kB
Cached:           778512 kB
MemTotal:        1844596 kB
MemFree:          566752 kB
MemAvailable:    1410740 kB
Buffers:           89364 kB
Cached:           778512 kB
MemTotal:        1844596 kB
MemFree:          565668 kB
MemAvailable:    1409656 kB
Buffers:           89364 kB
Cached:           778512 kB
MemTotal:        1844596 kB
MemFree:          566820 kB
MemAvailable:    1410808 kB
Buffers:           89364 kB
Cached:           778512 kB
MemTotal:        1844596 kB
MemFree:          566976 kB
MemAvailable:    1410964 kB
Buffers:           89364 kB
Cached:           778512 kB
MemTotal:        1844596 kB
MemFree:          567016 kB
MemAvailable:    1411004 kB
Buffers:           89364 kB
Cached:           778512 kB
MemTotal:        1844596 kB
MemFree:          566816 kB
MemAvailable:    1410804 kB
Buffers:           89364 kB
Cached:           778512 kB
MemTotal:        1844596 kB
MemFree:          567068 kB
MemAvailable:    1411056 kB
Buffers:           89364 kB
Cached:           778512 kB
MemTotal:        1844596 kB
MemFree:          566996 kB
MemAvailable:    1410984 kB
Buffers:           89364 kB
Cached:           778512 kB
MemTotal:        1844596 kB
MemFree:          565656 kB
MemAvailable:    1409644 kB
Buffers:           89364 kB
Cached:           778512 kB
MemTotal:        1844596 kB
MemFree:          566792 kB
MemAvailable:    1410780 kB
Buffers:           89364 kB
Cached:           778512 kB
MemTotal:        1844596 kB
MemFree:          567044 kB
MemAvailable:    1411032 kB
Buffers:           89364 kB
Cached:           778512 kB
MemTotal:        1844596 kB
MemFree:          565696 kB
MemAvailable:    1409684 kB
Buffers:           89364 kB
Cached:           778512 kB
MemTotal:        1844596 kB
MemFree:          566888 kB
MemAvailable:    1410876 kB
Buffers:           89364 kB
Cached:           778512 kB
MemTotal:        1844596 kB
MemFree:          567140 kB
MemAvailable:    1411128 kB
Buffers:           89364 kB
Cached:           778512 kB
MemTotal:        1844596 kB
MemFree:          566644 kB
MemAvailable:    1410632 kB
Buffers:           89364 kB
Cached:           778512 kB
MemTotal:        1844596 kB
MemFree:          566336 kB
MemAvailable:    1410324 kB
Buffers:           89364 kB
Cached:           778512 kB
MemTotal:        1844596 kB
MemFree:          567116 kB
MemAvailable:    1411104 kB
Buffers:           89364 kB
Cached:           778512 kB
MemTotal:        1844596 kB
MemFree:          566708 kB
MemAvailable:    1410696 kB
Buffers:           89364 kB
Cached:           778512 kB
MemTotal:        1844596 kB
MemFree:          566692 kB
MemAvailable:    1410680 kB
Buffers:           89364 kB
Cached:           778512 kB
MemTotal:        1844596 kB
MemFree:          565576 kB
MemAvailable:    1409564 kB
Buffers:           89364 kB
Cached:           778512 kB
MemTotal:        1844596 kB
MemFree:          565568 kB
MemAvailable:    1409556 kB
Buffers:           89364 kB
Cached:           778512 kB
MemTotal:        1844596 kB
MemFree:          567016 kB
MemAvailable:    1411004 kB
Buffers:           89364 kB
Cached:           778512 kB
MemTotal:        1844596 kB
MemFree:          566880 kB
MemAvailable:    1410868 kB
Buffers:           89364 kB
Cached:           778512 kB
MemTotal:        1844596 kB
MemFree:          566336 kB
MemAvailable:    1410324 kB
Buffers:           89364 kB
Cached:           778512 kB
MemTotal:        1844596 kB
MemFree:          563660 kB
MemAvailable:    1407648 kB
Buffers:           89364 kB
Cached:           778512 kB
MemTotal:        1844596 kB
MemFree:          559020 kB
MemAvailable:    1403008 kB
Buffers:           89364 kB
Cached:           778512 kB
MemTotal:        1844596 kB
MemFree:          554680 kB
MemAvailable:    1398668 kB
Buffers:           89364 kB
Cached:           778512 kB
MemTotal:        1844596 kB
MemFree:          551944 kB
MemAvailable:    1395932 kB
Buffers:           89364 kB
Cached:           778512 kB
MemTotal:        1844596 kB
MemFree:          548356 kB
MemAvailable:    1392344 kB
Buffers:           89364 kB
Cached:           778512 kB
MemTotal:        1844596 kB
MemFree:          549692 kB
MemAvailable:    1393680 kB
Buffers:           89364 kB
Cached:           778512 kB
MemTotal:        1844596 kB
MemFree:          548480 kB
MemAvailable:    1392468 kB
Buffers:           89364 kB
Cached:           778512 kB
MemTotal:        1844596 kB
MemFree:          549292 kB
MemAvailable:    1393280 kB
Buffers:           89364 kB
Cached:           778512 kB
MemTotal:        1844596 kB
MemFree:          549100 kB
MemAvailable:    1393088 kB
Buffers:           89364 kB
Cached:           778512 kB
MemTotal:        1844596 kB
MemFree:          548904 kB
MemAvailable:    1392892 kB
Buffers:           89364 kB
Cached:           778512 kB
MemTotal:        1844596 kB
MemFree:          548788 kB
MemAvailable:    1392776 kB
Buffers:           89364 kB
Cached:           778512 kB
MemTotal:        1844596 kB
MemFree:          548664 kB
MemAvailable:    1392652 kB
Buffers:           89364 kB
Cached:           778512 kB
MemTotal:        1844596 kB
MemFree:          547352 kB
MemAvailable:    1391340 kB
Buffers:           89364 kB
Cached:           778512 kB
MemTotal:        1844596 kB
MemFree:          548576 kB
MemAvailable:    1392564 kB
Buffers:           89364 kB
Cached:           778512 kB
MemTotal:        1844596 kB
MemFree:          548296 kB
MemAvailable:    1392284 kB
Buffers:           89364 kB
Cached:           778512 kB
MemTotal:        1844596 kB
MemFree:          548060 kB
MemAvailable:    1392048 kB
Buffers:           89364 kB
Cached:           778512 kB
MemTotal:        1844596 kB
MemFree:          547916 kB
MemAvailable:    1391904 kB
Buffers:           89364 kB
Cached:           778512 kB
MemTotal:        1844596 kB
MemFree:          548168 kB
MemAvailable:    1392156 kB
Buffers:           89364 kB
Cached:           778512 kB
MemTotal:        1844596 kB
MemFree:          546856 kB
MemAvailable:    1390844 kB
Buffers:           89364 kB
Cached:           778512 kB
MemTotal:        1844596 kB
MemFree:          547604 kB
MemAvailable:    1391592 kB
Buffers:           89364 kB
Cached:           778512 kB
MemTotal:        1844596 kB
MemFree:          547496 kB
MemAvailable:    1391484 kB
Buffers:           89364 kB
Cached:           778512 kB
MemTotal:        1844596 kB
MemFree:          547108 kB
MemAvailable:    1391096 kB
Buffers:           89364 kB
Cached:           778512 kB
MemTotal:        1844596 kB
MemFree:          546240 kB
MemAvailable:    1390228 kB
Buffers:           89364 kB
Cached:           778512 kB
MemTotal:        1844596 kB
MemFree:          546240 kB
MemAvailable:    1390228 kB
Buffers:           89364 kB
Cached:           778512 kB
MemTotal:        1844596 kB
MemFree:          545804 kB
MemAvailable:    1389792 kB
Buffers:           89364 kB
Cached:           778512 kB
MemTotal:        1844596 kB
MemFree:          545372 kB
MemAvailable:    1389360 kB
Buffers:           89364 kB
Cached:           778512 kB
MemTotal:        1844596 kB
MemFree:          545584 kB
MemAvailable:    1389572 kB
Buffers:           89364 kB
Cached:           778512 kB
MemTotal:        1844596 kB
MemFree:          543884 kB
MemAvailable:    1387872 kB
Buffers:           89364 kB
Cached:           778512 kB
MemTotal:        1844596 kB
MemFree:          543652 kB
MemAvailable:    1387640 kB
Buffers:           89364 kB
Cached:           778512 kB
MemTotal:        1844596 kB
MemFree:          542148 kB
MemAvailable:    1386136 kB
Buffers:           89364 kB
Cached:           778512 kB
MemTotal:        1844596 kB
MemFree:          542588 kB
MemAvailable:    1386576 kB
Buffers:           89364 kB
Cached:           778512 kB
MemTotal:        1844596 kB
MemFree:          542456 kB
MemAvailable:    1386444 kB
Buffers:           89364 kB
Cached:           778512 kB
MemTotal:        1844596 kB
MemFree:          541412 kB
MemAvailable:    1385400 kB
Buffers:           89364 kB
Cached:           778512 kB
MemTotal:        1844596 kB
MemFree:          542768 kB
MemAvailable:    1386760 kB
Buffers:           89364 kB
Cached:           778516 kB
MemTotal:        1844596 kB
MemFree:          541412 kB
MemAvailable:    1385404 kB
Buffers:           89364 kB
Cached:           778516 kB
MemTotal:        1844596 kB
MemFree:          542392 kB
MemAvailable:    1386384 kB
Buffers:           89364 kB
Cached:           778516 kB
MemTotal:        1844596 kB
MemFree:          540984 kB
MemAvailable:    1384980 kB
Buffers:           89364 kB
Cached:           778520 kB
MemTotal:        1844596 kB
MemFree:          542528 kB
MemAvailable:    1386524 kB
Buffers:           89364 kB
Cached:           778520 kB
MemTotal:        1844596 kB
MemFree:          540792 kB
MemAvailable:    1384788 kB
Buffers:           89364 kB
Cached:           778520 kB
MemTotal:        1844596 kB
MemFree:          540768 kB
MemAvailable:    1384764 kB
Buffers:           89364 kB
Cached:           778520 kB
MemTotal:        1844596 kB
MemFree:          540852 kB
MemAvailable:    1384848 kB
Buffers:           89364 kB
Cached:           778520 kB
MemTotal:        1844596 kB
MemFree:          540832 kB
MemAvailable:    1384828 kB
Buffers:           89364 kB
Cached:           778520 kB
MemTotal:        1844596 kB
MemFree:          539616 kB
MemAvailable:    1383612 kB
Buffers:           89364 kB
Cached:           778520 kB
MemTotal:        1844596 kB
MemFree:          540716 kB
MemAvailable:    1384712 kB
Buffers:           89364 kB
Cached:           778520 kB
MemTotal:        1844596 kB
MemFree:          539404 kB
MemAvailable:    1383400 kB
Buffers:           89364 kB
Cached:           778520 kB
MemTotal:        1844596 kB
MemFree:          540668 kB
MemAvailable:    1384664 kB
Buffers:           89364 kB
Cached:           778520 kB
MemTotal:        1844596 kB
MemFree:          540056 kB
MemAvailable:    1384052 kB
Buffers:           89364 kB
Cached:           778520 kB
MemTotal:        1844596 kB
MemFree:          540980 kB
MemAvailable:    1384976 kB
Buffers:           89364 kB
Cached:           778520 kB
MemTotal:        1844596 kB
MemFree:          540536 kB
MemAvailable:    1384532 kB
Buffers:           89364 kB
Cached:           778520 kB
MemTotal:        1844596 kB
MemFree:          540804 kB
MemAvailable:    1384800 kB
Buffers:           89364 kB
Cached:           778520 kB
MemTotal:        1844596 kB
MemFree:          540600 kB
MemAvailable:    1384596 kB
Buffers:           89364 kB
Cached:           778520 kB
MemTotal:        1844596 kB
MemFree:          540852 kB
MemAvailable:    1384848 kB
Buffers:           89364 kB
Cached:           778520 kB
MemTotal:        1844596 kB
MemFree:          539540 kB
MemAvailable:    1383536 kB
Buffers:           89364 kB
Cached:           778520 kB
MemTotal:        1844596 kB
MemFree:          540732 kB
MemAvailable:    1384728 kB
Buffers:           89364 kB
Cached:           778520 kB
MemTotal:        1844596 kB
MemFree:          540900 kB
MemAvailable:    1384896 kB
Buffers:           89364 kB
Cached:           778520 kB
MemTotal:        1844596 kB
MemFree:          539380 kB
MemAvailable:    1383376 kB
Buffers:           89364 kB
Cached:           778520 kB
MemTotal:        1844596 kB
MemFree:          540808 kB
MemAvailable:    1384804 kB
Buffers:           89364 kB
Cached:           778520 kB
MemTotal:        1844596 kB
MemFree:          539624 kB
MemAvailable:    1383620 kB
Buffers:           89364 kB
Cached:           778520 kB
MemTotal:        1844596 kB
MemFree:          539500 kB
MemAvailable:    1383496 kB
Buffers:           89364 kB
Cached:           778520 kB
MemTotal:        1844596 kB
MemFree:          539500 kB
MemAvailable:    1383496 kB
Buffers:           89364 kB
Cached:           778520 kB
MemTotal:        1844596 kB
MemFree:          539368 kB
MemAvailable:    1383364 kB
Buffers:           89364 kB
Cached:           778520 kB
MemTotal:        1844596 kB
MemFree:          540648 kB
MemAvailable:    1384644 kB
Buffers:           89364 kB
Cached:           778520 kB
MemTotal:        1844596 kB
MemFree:          539504 kB
MemAvailable:    1383500 kB
Buffers:           89364 kB
Cached:           778520 kB
MemTotal:        1844596 kB
MemFree:          540740 kB
MemAvailable:    1384736 kB
Buffers:           89364 kB
Cached:           778520 kB
MemTotal:        1844596 kB
MemFree:          540056 kB
MemAvailable:    1384052 kB
Buffers:           89364 kB
Cached:           778520 kB
MemTotal:        1844596 kB
MemFree:          540660 kB
MemAvailable:    1384656 kB
Buffers:           89364 kB
Cached:           778520 kB
MemTotal:        1844596 kB
MemFree:          540428 kB
MemAvailable:    1384424 kB
Buffers:           89364 kB
Cached:           778520 kB
MemTotal:        1844596 kB
MemFree:          539420 kB
MemAvailable:    1383416 kB
Buffers:           89364 kB
Cached:           778520 kB
MemTotal:        1844596 kB
MemFree:          539420 kB
MemAvailable:    1383416 kB
Buffers:           89364 kB
Cached:           778520 kB
MemTotal:        1844596 kB
MemFree:          539504 kB
MemAvailable:    1383500 kB
Buffers:           89364 kB
Cached:           778520 kB
MemTotal:        1844596 kB
MemFree:          540704 kB
MemAvailable:    1384700 kB
Buffers:           89364 kB
Cached:           778520 kB
MemTotal:        1844596 kB
MemFree:          540056 kB
MemAvailable:    1384052 kB
Buffers:           89364 kB
Cached:           778520 kB
MemTotal:        1844596 kB
MemFree:          540488 kB
MemAvailable:    1384488 kB
Buffers:           89364 kB
Cached:           778524 kB
MemTotal:        1844596 kB
MemFree:          540824 kB
MemAvailable:    1384824 kB
Buffers:           89364 kB
Cached:           778524 kB
MemTotal:        1844596 kB
MemFree:          540668 kB
MemAvailable:    1384668 kB
Buffers:           89364 kB
Cached:           778524 kB
MemTotal:        1844596 kB
MemFree:          539668 kB
MemAvailable:    1383668 kB
Buffers:           89364 kB
Cached:           778524 kB
MemTotal:        1844596 kB
MemFree:          539544 kB
MemAvailable:    1383544 kB
Buffers:           89364 kB
Cached:           778524 kB
MemTotal:        1844596 kB
MemFree:          539420 kB
MemAvailable:    1383420 kB
Buffers:           89364 kB
Cached:           778524 kB
MemTotal:        1844596 kB
MemFree:          540660 kB
MemAvailable:    1384660 kB
Buffers:           89364 kB
Cached:           778524 kB
MemTotal:        1844596 kB
MemFree:          540912 kB
MemAvailable:    1384912 kB
Buffers:           89364 kB
Cached:           778524 kB
MemTotal:        1844596 kB
MemFree:          539380 kB
MemAvailable:    1383380 kB
Buffers:           89364 kB
Cached:           778524 kB
MemTotal:        1844596 kB
MemFree:          539660 kB
MemAvailable:    1383660 kB
Buffers:           89364 kB
Cached:           778524 kB
MemTotal:        1844596 kB
MemFree:          539872 kB
MemAvailable:    1383872 kB
Buffers:           89364 kB
Cached:           778524 kB
MemTotal:        1844596 kB
MemFree:          534716 kB
MemAvailable:    1378716 kB
Buffers:           89364 kB
Cached:           778524 kB
MemTotal:        1844596 kB
MemFree:          531864 kB
MemAvailable:    1375864 kB
Buffers:           89364 kB
Cached:           778524 kB
MemTotal:        1844596 kB
MemFree:          529716 kB
MemAvailable:    1373716 kB
Buffers:           89364 kB
Cached:           778524 kB
MemTotal:        1844596 kB
MemFree:          526656 kB
MemAvailable:    1370656 kB
Buffers:           89364 kB
Cached:           778524 kB
MemTotal:        1844596 kB
MemFree:          524300 kB
MemAvailable:    1368300 kB
Buffers:           89364 kB
Cached:           778524 kB
MemTotal:        1844596 kB
MemFree:          520332 kB
MemAvailable:    1364332 kB
Buffers:           89364 kB
Cached:           778524 kB
MemTotal:        1844596 kB
MemFree:          520076 kB
MemAvailable:    1364076 kB
Buffers:           89364 kB
Cached:           778524 kB
MemTotal:        1844596 kB
MemFree:          520200 kB
MemAvailable:    1364200 kB
Buffers:           89364 kB
Cached:           778524 kB
MemTotal:        1844596 kB
MemFree:          521276 kB
MemAvailable:    1365276 kB
Buffers:           89364 kB
Cached:           778524 kB
MemTotal:        1844596 kB
MemFree:          520712 kB
MemAvailable:    1364712 kB
Buffers:           89364 kB
Cached:           778524 kB
MemTotal:        1844596 kB
MemFree:          521068 kB
MemAvailable:    1365068 kB
Buffers:           89364 kB
Cached:           778524 kB
MemTotal:        1844596 kB
MemFree:          519952 kB
MemAvailable:    1363952 kB
Buffers:           89364 kB
Cached:           778524 kB
MemTotal:        1844596 kB
MemFree:          520076 kB
MemAvailable:    1364076 kB
Buffers:           89364 kB
Cached:           778524 kB
MemTotal:        1844596 kB
MemFree:          520076 kB
MemAvailable:    1364076 kB
Buffers:           89364 kB
Cached:           778524 kB
MemTotal:        1844596 kB
MemFree:          521312 kB
MemAvailable:    1365312 kB
Buffers:           89364 kB
Cached:           778524 kB
MemTotal:        1844596 kB
MemFree:          520216 kB
MemAvailable:    1364216 kB
Buffers:           89364 kB
Cached:           778524 kB
MemTotal:        1844596 kB
MemFree:          521316 kB
MemAvailable:    1365316 kB
Buffers:           89364 kB
Cached:           778524 kB
MemTotal:        1844596 kB
MemFree:          520952 kB
MemAvailable:    1364952 kB
Buffers:           89364 kB
Cached:           778524 kB
MemTotal:        1844596 kB
MemFree:          520072 kB
MemAvailable:    1364072 kB
Buffers:           89364 kB
Cached:           778524 kB
MemTotal:        1844596 kB
MemFree:          521180 kB
MemAvailable:    1365180 kB
Buffers:           89364 kB
Cached:           778524 kB
MemTotal:        1844596 kB
MemFree:          520464 kB
MemAvailable:    1364464 kB
Buffers:           89364 kB
Cached:           778524 kB
MemTotal:        1844596 kB
MemFree:          520904 kB
MemAvailable:    1364904 kB
Buffers:           89364 kB
Cached:           778524 kB
MemTotal:        1844596 kB
MemFree:          521024 kB
MemAvailable:    1365024 kB
Buffers:           89364 kB
Cached:           778524 kB
MemTotal:        1844596 kB
MemFree:          520848 kB
MemAvailable:    1364852 kB
Buffers:           89364 kB
Cached:           778528 kB
MemTotal:        1844596 kB
MemFree:          520680 kB
MemAvailable:    1364684 kB
Buffers:           89364 kB
Cached:           778528 kB
MemTotal:        1844596 kB
MemFree:          521016 kB
MemAvailable:    1365020 kB
Buffers:           89364 kB
Cached:           778528 kB
MemTotal:        1844596 kB
MemFree:          520952 kB
MemAvailable:    1364956 kB
Buffers:           89364 kB
Cached:           778528 kB
MemTotal:        1844596 kB
MemFree:          521156 kB
MemAvailable:    1365160 kB
Buffers:           89364 kB
Cached:           778528 kB
MemTotal:        1844596 kB
MemFree:          519784 kB
MemAvailable:    1363788 kB
Buffers:           89364 kB
Cached:           778528 kB
MemTotal:        1844596 kB
MemFree:          519340 kB
MemAvailable:    1363344 kB
Buffers:           89364 kB
Cached:           778528 kB
MemTotal:        1844596 kB
MemFree:          520076 kB
MemAvailable:    1364080 kB
Buffers:           89364 kB
Cached:           778528 kB
MemTotal:        1844596 kB
MemFree:          519844 kB
MemAvailable:    1363848 kB
Buffers:           89364 kB
Cached:           778528 kB
MemTotal:        1844596 kB
MemFree:          515496 kB
MemAvailable:    1359500 kB
Buffers:           89364 kB
Cached:           778528 kB
MemTotal:        1844596 kB
MemFree:          511720 kB
MemAvailable:    1355724 kB
Buffers:           89364 kB
Cached:           778528 kB
MemTotal:        1844596 kB
MemFree:          511888 kB
MemAvailable:    1355892 kB
Buffers:           89364 kB
Cached:           778528 kB
MemTotal:        1844596 kB
MemFree:          510040 kB
MemAvailable:    1354044 kB
Buffers:           89364 kB
Cached:           778528 kB
MemTotal:        1844596 kB
MemFree:          509916 kB
MemAvailable:    1353920 kB
Buffers:           89364 kB
Cached:           778528 kB
MemTotal:        1844596 kB
MemFree:          511272 kB
MemAvailable:    1355276 kB
Buffers:           89364 kB
Cached:           778528 kB
MemTotal:        1844596 kB
MemFree:          510960 kB
MemAvailable:    1354964 kB
Buffers:           89364 kB
Cached:           778528 kB
MemTotal:        1844596 kB
MemFree:          509736 kB
MemAvailable:    1353740 kB
Buffers:           89364 kB
Cached:           778528 kB
MemTotal:        1844596 kB
MemFree:          510840 kB
MemAvailable:    1354844 kB
Buffers:           89364 kB
Cached:           778528 kB
MemTotal:        1844596 kB
MemFree:          510668 kB
MemAvailable:    1354672 kB
Buffers:           89364 kB
Cached:           778528 kB
MemTotal:        1844596 kB
MemFree:          510672 kB
MemAvailable:    1354676 kB
Buffers:           89368 kB
Cached:           778524 kB
MemTotal:        1844596 kB
MemFree:          509540 kB
MemAvailable:    1353544 kB
Buffers:           89368 kB
Cached:           778648 kB
MemTotal:        1844596 kB
MemFree:          510524 kB
MemAvailable:    1354696 kB
Buffers:           89368 kB
Cached:           778772 kB
MemTotal:        1844596 kB
MemFree:          510212 kB
MemAvailable:    1354552 kB
Buffers:           89368 kB
Cached:           778896 kB
MemTotal:        1844596 kB
MemFree:          510288 kB
MemAvailable:    1354628 kB
Buffers:           89368 kB
Cached:           778896 kB
MemTotal:        1844596 kB
MemFree:          510232 kB
MemAvailable:    1354656 kB
Buffers:           89368 kB
Cached:           779020 kB
MemTotal:        1844596 kB
MemFree:          510036 kB
MemAvailable:    1354544 kB
Buffers:           89368 kB
Cached:           779144 kB
MemTotal:        1844596 kB
MemFree:          509180 kB
MemAvailable:    1353688 kB
Buffers:           89368 kB
Cached:           779144 kB
MemTotal:        1844596 kB
MemFree:          509900 kB
MemAvailable:    1354492 kB
Buffers:           89368 kB
Cached:           779144 kB
MemTotal:        1844596 kB
MemFree:          510236 kB
MemAvailable:    1354828 kB
Buffers:           89368 kB
Cached:           779144 kB
MemTotal:        1844596 kB
MemFree:          510160 kB
MemAvailable:    1354752 kB
Buffers:           89368 kB
Cached:           779144 kB
MemTotal:        1844596 kB
MemFree:          509428 kB
MemAvailable:    1354020 kB
Buffers:           89368 kB
Cached:           779144 kB
MemTotal:        1844596 kB
MemFree:          509900 kB
MemAvailable:    1354492 kB
Buffers:           89368 kB
Cached:           779144 kB
MemTotal:        1844596 kB
MemFree:          510236 kB
MemAvailable:    1354828 kB
Buffers:           89368 kB
Cached:           779144 kB
MemTotal:        1844596 kB
MemFree:          509908 kB
MemAvailable:    1354668 kB
Buffers:           89368 kB
Cached:           779268 kB
MemTotal:        1844596 kB
MemFree:          509992 kB
MemAvailable:    1354752 kB
Buffers:           89368 kB
Cached:           779268 kB
MemTotal:        1844596 kB
MemFree:          508412 kB
MemAvailable:    1352416 kB
Buffers:           89368 kB
Cached:           778552 kB
MemTotal:        1844596 kB
MemFree:          546128 kB
MemAvailable:    1390216 kB
Buffers:           89368 kB
Cached:           778552 kB
MemTotal:        1844596 kB
MemFree:          626228 kB
MemAvailable:    1470232 kB
Buffers:           89368 kB
Cached:           778552 kB
MemTotal:        1844596 kB
MemFree:          702008 kB
MemAvailable:    1546012 kB
Buffers:           89368 kB
Cached:           778552 kB
