MemTotal:        1844596 kB
MemFree:          616824 kB
MemAvailable:    1544628 kB
Buffers:           91148 kB
Cached:           856940 kB
MemTotal:        1844596 kB
MemFree:          590312 kB
MemAvailable:    1518124 kB
Buffers:           91148 kB
Cached:           856944 kB
MemTotal:        1844596 kB
MemFree:          587832 kB
MemAvailable:    1515644 kB
Buffers:           91148 kB
Cached:           856944 kB
MemTotal:        1844596 kB
MemFree:          588312 kB
MemAvailable:    1516124 kB
Buffers:           91148 kB
Cached:           856944 kB
MemTotal:        1844596 kB
MemFree:          588080 kB
MemAvailable:    1515892 kB
Buffers:           91148 kB
Cached:           856944 kB
MemTotal:        1844596 kB
MemFree:          585724 kB
MemAvailable:    1513536 kB
Buffers:           91148 kB
Cached:           856944 kB
MemTotal:        1844596 kB
MemFree:          584484 kB
MemAvailable:    1512296 kB
Buffers:           91148 kB
Cached:           856944 kB
MemTotal:        1844596 kB
MemFree:          584228 kB
MemAvailable:    1512040 kB
Buffers:           91148 kB
Cached:           856944 kB
MemTotal:        1844596 kB
MemFree:          583748 kB
MemAvailable:    1511560 kB
Buffers:           91148 kB
Cached:           856944 kB
MemTotal:        1844596 kB
MemFree:          579632 kB
MemAvailable:    1507444 kB
Buffers:           91148 kB
Cached:           856944 kB
MemTotal:        1844596 kB
MemFree:          579152 kB
MemAvailable:    1506964 kB
Buffers:           91148 kB
Cached:           856944 kB
MemTotal:        1844596 kB
MemFree:          574564 kB
MemAvailable:    1502376 kB
Buffers:           91148 kB
Cached:           856944 kB
MemTotal:        1844596 kB
MemFree:          575796 kB
MemAvailable:    1503608 kB
Buffers:           91148 kB
Cached:           856944 kB
MemTotal:        1844596 kB
MemFree:          576920 kB
MemAvailable:    1504732 kB
Buffers:           91148 kB
Cached:           856944 kB
MemTotal:        1844596 kB
MemFree:          576724 kB
MemAvailable:    1504536 kB
Buffers:           91148 kB
Cached:           856944 kB
MemTotal:        1844596 kB
MemFree:          575756 kB
MemAvailable:    1503568 kB
Buffers:           91148 kB
Cached:           856944 kB
MemTotal:        1844596 kB
MemFree:          576740 kB
MemAvailable:    1504552 kB
Buffers:           91148 kB
Cached:           856944 kB
MemTotal:        1844596 kB
MemFree:          576544 kB
MemAvailable:    1504356 kB
Buffers:           91148 kB
Cached:           856944 kB
MemTotal:        1844596 kB
MemFree:          576668 kB
MemAvailable:    1504480 kB
Buffers:           91148 kB
Cached:           856944 kB
MemTotal:        1844596 kB
MemFree:          575184 kB
MemAvailable:    1502996 kB
Buffers:           91148 kB
Cached:           856944 kB
MemTotal:        1844596 kB
MemFree:          575300 kB
MemAvailable:    1503112 kB
Buffers:           91148 kB
Cached:           856944 kB
MemTotal:        1844596 kB
MemFree:          576388 kB
MemAvailable:    1504200 kB
Buffers:           91148 kB
Cached:           856944 kB
MemTotal:        1844596 kB
MemFree:          576284 kB
MemAvailable:    1504096 kB
Buffers:           91148 kB
Cached:           856944 kB
MemTotal:        1844596 kB
MemFree:          574788 kB
MemAvailable:    1502600 kB
Buffers:           91148 kB
Cached:           856944 kB
MemTotal:        1844596 kB
MemFree:          575368 kB
MemAvailable:    1503180 kB
Buffers:           91148 kB
Cached:           856944 kB
MemTotal:        1844596 kB
MemFree:          575556 kB
MemAvailable:    1503368 kB
Buffers:           91148 kB
Cached:           856944 kB
MemTotal:        1844596 kB
MemFree:          575548 kB
MemAvailable:    1503360 kB
Buffers:           91148 kB
Cached:           856944 kB
MemTotal:        1844596 kB
MemFree:          573944 kB
MemAvailable:    1501756 kB
Buffers:           91148 kB
Cached:           856944 kB
MemTotal:        1844596 kB
MemFree:          574748 kB
MemAvailable:    1502560 kB
Buffers:           91148 kB
Cached:           856944 kB
MemTotal:        1844596 kB
MemFree:          572952 kB
MemAvailable:    1500764 kB
Buffers:           91148 kB
Cached:           856944 kB
MemTotal:        1844596 kB
MemFree:          572828 kB
MemAvailable:    1500640 kB
Buffers:           91148 kB
Cached:           856944 kB
MemTotal:        1844596 kB
MemFree:          574048 kB
MemAvailable:    1501860 kB
Buffers:           91148 kB
Cached:           856944 kB
MemTotal:        1844596 kB
MemFree:          573928 kB
MemAvailable:    1501740 kB
Buffers:           91148 kB
Cached:           856944 kB
MemTotal:        1844596 kB
MemFree:          573772 kB
MemAvailable:    1501584 kB
Buffers:           91148 kB
Cached:           856944 kB
MemTotal:        1844596 kB
MemFree:          572568 kB
MemAvailable:    1500380 kB
Buffers:           91148 kB
Cached:           856944 kB
MemTotal:        1844596 kB
MemFree:          573760 kB
MemAvailable:    1501572 kB
Buffers:           91148 kB
Cached:           856944 kB
MemTotal:        1844596 kB
MemFree:          573828 kB
MemAvailable:    1501640 kB
Buffers:           91148 kB
Cached:           856944 kB
MemTotal:        1844596 kB
MemFree:          573772 kB
MemAvailable:    1501584 kB
Buffers:           91148 kB
Cached:           856944 kB
MemTotal:        1844596 kB
MemFree:          572568 kB
MemAvailable:    1500380 kB
Buffers:           91148 kB
Cached:           856944 kB
MemTotal:        1844596 kB
MemFree:          571276 kB
MemAvailable:    1499088 kB
Buffers:           91148 kB
Cached:           856944 kB
MemTotal:        1844596 kB
MemFree:          568240 kB
MemAvailable:    1496052 kB
Buffers:           91148 kB
Cached:           856944 kB
MemTotal:        1844596 kB
MemFree:          568480 kB
MemAvailable:    1496292 kB
Buffers:           91148 kB
Cached:           856944 kB
MemTotal:        1844596 kB
MemFree:          568372 kB
MemAvailable:    1496184 kB
Buffers:           91148 kB
Cached:           856944 kB
MemTotal:        1844596 kB
MemFree:          568368 kB
MemAvailable:    1496180 kB
Buffers:           91148 kB
Cached:           856944 kB
MemTotal:        1844596 kB
MemFree:          567320 kB
MemAvailable:    1495132 kB
Buffers:           91148 kB
Cached:           856944 kB
MemTotal:        1844596 kB
MemFree:          567304 kB
MemAvailable:    1495116 kB
Buffers:           91148 kB
Cached:           856944 kB
MemTotal:        1844596 kB
MemFree:          567312 kB
MemAvailable:    1495124 kB
Buffers:           91148 kB
Cached:           856944 kB
MemTotal:        1844596 kB
MemFree:          568356 kB
MemAvailable:    1496168 kB
Buffers:           91148 kB
Cached:           856944 kB
MemTotal:        1844596 kB
MemFree:          568428 kB
MemAvailable:    1496240 kB
Buffers:           91148 kB
Cached:           856944 kB
MemTotal:        1844596 kB
MemFree:          567000 kB
MemAvailable:    1494816 kB
Buffers:           91148 kB
Cached:           856948 kB
MemTotal:        1844596 kB
MemFree:          566744 kB
MemAvailable:    1494560 kB
Buffers:           91148 kB
Cached:           856948 kB
MemTotal:        1844596 kB
MemFree:          566696 kB
MemAvailable:    1494512 kB
Buffers:           91148 kB
Cached:           856948 kB
MemTotal:        1844596 kB
MemFree:          566688 kB
MemAvailable:    1494504 kB
Buffers:           91148 kB
Cached:           856948 kB
MemTotal:        1844596 kB
MemFree:          566732 kB
MemAvailable:    1494548 kB
Buffers:           91148 kB
Cached:           856948 kB
MemTotal:        1844596 kB
MemFree:          566732 kB
MemAvailable:    1494548 kB
Buffers:           91148 kB
Cached:           856948 kB
MemTotal:        1844596 kB
MemFree:          563156 kB
MemAvailable:    1490972 kB
Buffers:           91148 kB
Cached:           856948 kB
MemTotal:        1844596 kB
MemFree:          562516 kB
MemAvailable:    1490332 kB
Buffers:           91148 kB
Cached:           856948 kB
MemTotal:        1844596 kB
MemFree:          561976 kB
MemAvailable:    1489792 kB
Buffers:           91148 kB
Cached:           856948 kB
MemTotal:        1844596 kB
MemFree:          560544 kB
MemAvailable:    1488360 kB
Buffers:           91148 kB
Cached:           856948 kB
MemTotal:        1844596 kB
MemFree:          559064 kB
MemAvailable:    1486880 kB
Buffers:           91148 kB
Cached:           856948 kB
MemTotal:        1844596 kB
MemFree:          560056 kB
MemAvailable:    1487872 kB
Buffers:           91148 kB
Cached:           856948 kB
MemTotal:        1844596 kB
MemFree:          559296 kB
MemAvailable:    1487112 kB
Buffers:           91148 kB
Cached:           856948 kB
MemTotal:        1844596 kB
MemFree:          558692 kB
MemAvailable:    1486508 kB
Buffers:           91148 kB
Cached:           856948 kB
MemTotal:        1844596 kB
MemFree:          559424 kB
MemAvailable:    1487240 kB
Buffers:           91148 kB
Cached:           856948 kB
MemTotal:        1844596 kB
MemFree:          559228 kB
MemAvailable:    1487044 kB
Buffers:           91148 kB
Cached:           856948 kB
MemTotal:        1844596 kB
MemFree:          558176 kB
MemAvailable:    1485992 kB
Buffers:           91148 kB
Cached:           856948 kB
MemTotal:        1844596 kB
MemFree:          558176 kB
MemAvailable:    1485992 kB
Buffers:           91148 kB
Cached:           856948 kB
MemTotal:        1844596 kB
MemFree:          558052 kB
MemAvailable:    1485868 kB
Buffers:           91148 kB
Cached:           856948 kB
MemTotal:        1844596 kB
MemFree:          559244 kB
MemAvailable:    1487060 kB
Buffers:           91148 kB
Cached:           856948 kB
MemTotal:        1844596 kB
MemFree:          558040 kB
MemAvailable:    1485856 kB
Buffers:           91148 kB
Cached:           856948 kB
MemTotal:        1844596 kB
MemFree:          559408 kB
MemAvailable:    1487224 kB
Buffers:           91148 kB
Cached:           856948 kB
MemTotal:        1844596 kB
MemFree:          558444 kB
MemAvailable:    1486260 kB
Buffers:           91148 kB
Cached:           856948 kB
MemTotal:        1844596 kB
MemFree:          559224 kB
MemAvailable:    1487040 kB
Buffers:           91148 kB
Cached:           856948 kB
MemTotal:        1844596 kB
MemFree:          559196 kB
MemAvailable:    1487012 kB
Buffers:           91148 kB
Cached:           856948 kB
MemTotal:        1844596 kB
MemFree:          558916 kB
MemAvailable:    1486732 kB
Buffers:           91148 kB
Cached:           856948 kB
MemTotal:        1844596 kB
MemFree:          558560 kB
MemAvailable:    1486376 kB
Buffers:           91148 kB
Cached:           856948 kB
MemTotal:        1844596 kB
MemFree:          557680 kB
MemAvailable:    1485496 kB
Buffers:           91148 kB
Cached:           856948 kB
MemTotal:        1844596 kB
MemFree:          557680 kB
MemAvailable:    1485496 kB
Buffers:           91148 kB
Cached:           856948 kB
MemTotal:        1844596 kB
MemFree:          558864 kB
MemAvailable:    1486680 kB
Buffers:           91148 kB
Cached:           856948 kB
MemTotal:        1844596 kB
MemFree:          558568 kB
MemAvailable:    1486384 kB
Buffers:           91148 kB
Cached:           856948 kB
MemTotal:        1844596 kB
MemFree:          558752 kB
MemAvailable:    1486568 kB
Buffers:           91148 kB
Cached:           856948 kB
MemTotal:        1844596 kB
MemFree:          558452 kB
MemAvailable:    1486268 kB
Buffers:           91148 kB
Cached:           856948 kB
MemTotal:        1844596 kB
MemFree:          557040 kB
MemAvailable:    1484856 kB
Buffers:           91148 kB
Cached:           856948 kB
MemTotal:        1844596 kB
MemFree:          553980 kB
MemAvailable:    1481796 kB
Buffers:           91148 kB
Cached:           856948 kB
MemTotal:        1844596 kB
MemFree:          550864 kB
MemAvailable:    1478680 kB
Buffers:           91148 kB
Cached:           856948 kB
MemTotal:        1844596 kB
MemFree:          550508 kB
MemAvailable:    1478324 kB
Buffers:           91148 kB
Cached:           856948 kB
MemTotal:        1844596 kB
MemFree:          550604 kB
MemAvailable:    1478420 kB
Buffers:           91148 kB
Cached:           856948 kB
MemTotal:        1844596 kB
MemFree:          550856 kB
MemAvailable:    1478672 kB
Buffers:           91148 kB
Cached:           856948 kB
MemTotal:        1844596 kB
MemFree:          550304 kB
MemAvailable:    1478120 kB
Buffers:           91148 kB
Cached:           856948 kB
MemTotal:        1844596 kB
MemFree:          550556 kB
MemAvailable:    1478372 kB
Buffers:           91148 kB
Cached:           856948 kB
MemTotal:        1844596 kB
MemFree:          550372 kB
MemAvailable:    1478188 kB
Buffers:           91148 kB
Cached:           856948 kB
MemTotal:        1844596 kB
MemFree:          550444 kB
MemAvailable:    1478260 kB
Buffers:           91148 kB
Cached:           856948 kB
MemTotal:        1844596 kB
MemFree:          549072 kB
MemAvailable:    1476888 kB
Buffers:           91148 kB
Cached:           856948 kB
MemTotal:        1844596 kB
MemFree:          549232 kB
MemAvailable:    1477048 kB
Buffers:           91148 kB
Cached:           856948 kB
MemTotal:        1844596 kB
MemFree:          550224 kB
MemAvailable:    1478040 kB
Buffers:           91148 kB
Cached:           856948 kB
MemTotal:        1844596 kB
MemFree:          549108 kB
MemAvailable:    1476924 kB
Buffers:           91148 kB
Cached:           856948 kB
MemTotal:        1844596 kB
MemFree:          550168 kB
MemAvailable:    1477984 kB
Buffers:           91148 kB
Cached:           856948 kB
MemTotal:        1844596 kB
MemFree:          549764 kB
MemAvailable:    1477580 kB
Buffers:           91148 kB
Cached:           856948 kB
MemTotal:        1844596 kB
MemFree:          550300 kB
MemAvailable:    1478116 kB
Buffers:           91148 kB
Cached:           856948 kB
MemTotal:        1844596 kB
MemFree:          549084 kB
MemAvailable:    1476900 kB
Buffers:           91148 kB
Cached:           856948 kB
MemTotal:        1844596 kB
MemFree:          550500 kB
MemAvailable:    1478316 kB
Buffers:           91148 kB
Cached:           856948 kB
MemTotal:        1844596 kB
MemFree:          550444 kB
MemAvailable:    1478260 kB
Buffers:           91148 kB
Cached:           856948 kB
MemTotal:        1844596 kB
MemFree:          548992 kB
MemAvailable:    1476808 kB
Buffers:           91148 kB
Cached:           856948 kB
MemTotal:        1844596 kB
MemFree:          550552 kB
MemAvailable:    1478368 kB
Buffers:           91148 kB
Cached:           856948 kB
MemTotal:        1844596 kB
MemFree:          550160 kB
MemAvailable:    1477976 kB
Buffers:           91148 kB
Cached:           856948 kB
MemTotal:        1844596 kB
MemFree:          549068 kB
MemAvailable:    1476884 kB
Buffers:           91148 kB
Cached:           856948 kB
MemTotal:        1844596 kB
MemFree:          550220 kB
MemAvailable:    1478036 kB
Buffers:           91148 kB
Cached:           856948 kB
MemTotal:        1844596 kB
MemFree:          549096 kB
MemAvailable:    1476912 kB
Buffers:           91148 kB
Cached:           856948 kB
MemTotal:        1844596 kB
MemFree:          549144 kB
MemAvailable:    1476960 kB
Buffers:           91148 kB
Cached:           856948 kB
MemTotal:        1844596 kB
MemFree:          550120 kB
MemAvailable:    1477936 kB
Buffers:           91148 kB
Cached:           856948 kB
MemTotal:        1844596 kB
MemFree:          549640 kB
MemAvailable:    1477456 kB
Buffers:           91148 kB
Cached:           856948 kB
MemTotal:        1844596 kB
MemFree:          550248 kB
MemAvailable:    1478064 kB
Buffers:           91148 kB
Cached:           856948 kB
MemTotal:        1844596 kB
MemFree:          549000 kB
MemAvailable:    1476816 kB
Buffers:           91148 kB
Cached:           856948 kB
MemTotal:        1844596 kB
MemFree:          549084 kB
MemAvailable:    1476900 kB
Buffers:           91148 kB
Cached:           856948 kB
MemTotal:        1844596 kB
MemFree:          548960 kB
MemAvailable:    1476776 kB
Buffers:           91148 kB
Cached:           856948 kB
MemTotal:        1844596 kB
MemFree:          550228 kB
MemAvailable:    1478044 kB
Buffers:           91148 kB
Cached:           856948 kB
MemTotal:        1844596 kB
MemFree:          550120 kB
MemAvailable:    1477936 kB
Buffers:           91148 kB
Cached:           856948 kB
MemTotal:        1844596 kB
MemFree:          550272 kB
MemAvailable:    1478092 kB
Buffers:           91148 kB
Cached:           856956 kB
MemTotal:        1844596 kB
MemFree:          549144 kB
MemAvailable:    1476964 kB
Buffers:           91148 kB
Cached:           856956 kB
MemTotal:        1844596 kB
MemFree:          549136 kB
MemAvailable:    1476956 kB
Buffers:           91148 kB
Cached:           856956 kB
MemTotal:        1844596 kB
MemFree:          548888 kB
MemAvailable:    1476708 kB
Buffers:           91148 kB
Cached:           856956 kB
MemTotal:        1844596 kB
MemFree:          546168 kB
MemAvailable:    1473988 kB
Buffers:           91148 kB
Cached:           856956 kB
MemTotal:        1844596 kB
MemFree:          542944 kB
MemAvailable:    1470764 kB
Buffers:           91148 kB
Cached:           856956 kB
MemTotal:        1844596 kB
MemFree:          540392 kB
MemAvailable:    1468212 kB
Buffers:           91148 kB
Cached:           856956 kB
MemTotal:        1844596 kB
MemFree:          538728 kB
MemAvailable:    1466548 kB
Buffers:           91148 kB
Cached:           856956 kB
MemTotal:        1844596 kB
MemFree:          538720 kB
MemAvailable:    1466540 kB
Buffers:           91148 kB
Cached:           856956 kB
MemTotal:        1844596 kB
MemFree:          538728 kB
MemAvailable:    1466548 kB
Buffers:           91148 kB
Cached:           856956 kB
MemTotal:        1844596 kB
MemFree:          538852 kB
MemAvailable:    1466672 kB
Buffers:           91148 kB
Cached:           856956 kB
MemTotal:        1844596 kB
MemFree:          539596 kB
MemAvailable:    1467416 kB
Buffers:           91148 kB
Cached:           856956 kB
MemTotal:        1844596 kB
MemFree:          538348 kB
MemAvailable:    1466168 kB
Buffers:           91148 kB
Cached:           856956 kB
MemTotal:        1844596 kB
MemFree:          538052 kB
MemAvailable:    1465872 kB
Buffers:           91148 kB
Cached:           856956 kB
MemTotal:        1844596 kB
MemFree:          539320 kB
MemAvailable:    1467140 kB
Buffers:           91148 kB
Cached:           856956 kB
MemTotal:        1844596 kB
MemFree:          538852 kB
MemAvailable:    1466672 kB
Buffers:           91148 kB
Cached:           856956 kB
MemTotal:        1844596 kB
MemFree:          539544 kB
MemAvailable:    1467364 kB
Buffers:           91148 kB
Cached:           856956 kB
MemTotal:        1844596 kB
MemFree:          539452 kB
MemAvailable:    1467272 kB
Buffers:           91148 kB
Cached:           856956 kB
MemTotal:        1844596 kB
MemFree:          538088 kB
MemAvailable:    1465908 kB
Buffers:           91148 kB
Cached:           856956 kB
MemTotal:        1844596 kB
MemFree:          538088 kB
MemAvailable:    1465908 kB
Buffers:           91148 kB
Cached:           856956 kB
MemTotal:        1844596 kB
MemFree:          538088 kB
MemAvailable:    1465908 kB
Buffers:           91148 kB
Cached:           856956 kB
MemTotal:        1844596 kB
MemFree:          539272 kB
MemAvailable:    1467092 kB
Buffers:           91148 kB
Cached:           856956 kB
MemTotal:        1844596 kB
MemFree:          538852 kB
MemAvailable:    1466672 kB
Buffers:           91148 kB
Cached:           856956 kB
MemTotal:        1844596 kB
MemFree:          539460 kB
MemAvailable:    1467280 kB
Buffers:           91148 kB
Cached:           856956 kB
MemTotal:        1844596 kB
MemFree:          538604 kB
MemAvailable:    1466424 kB
Buffers:           91148 kB
Cached:           856956 kB
MemTotal:        1844596 kB
MemFree:          539504 kB
MemAvailable:    1467324 kB
Buffers:           91148 kB
Cached:           856956 kB
MemTotal:        1844596 kB
MemFree:          539392 kB
MemAvailable:    1467212 kB
Buffers:           91148 kB
Cached:           856956 kB
MemTotal:        1844596 kB
MemFree:          538044 kB
MemAvailable:    1465864 kB
Buffers:           91148 kB
Cached:           856956 kB
MemTotal:        1844596 kB
MemFree:          539284 kB
MemAvailable:    1467104 kB
Buffers:           91148 kB
Cached:           856956 kB
MemTotal:        1844596 kB
MemFree:          538164 kB
MemAvailable:    1465984 kB
Buffers:           91148 kB
Cached:           856956 kB
MemTotal:        1844596 kB
MemFree:          539268 kB
MemAvailable:    1467088 kB
Buffers:           91148 kB
Cached:           856956 kB
MemTotal:        1844596 kB
MemFree:          539108 kB
MemAvailable:    1466928 kB
Buffers:           91148 kB
Cached:           856956 kB
MemTotal:        1844596 kB
MemFree:          539340 kB
MemAvailable:    1467160 kB
Buffers:           91148 kB
Cached:           856956 kB
MemTotal:        1844596 kB
MemFree:          539232 kB
MemAvailable:    1467052 kB
Buffers:           91148 kB
Cached:           856956 kB
MemTotal:        1844596 kB
MemFree:          539340 kB
MemAvailable:    1467160 kB
Buffers:           91148 kB
Cached:           856956 kB
MemTotal:        1844596 kB
MemFree:          539592 kB
MemAvailable:    1467412 kB
Buffers:           91148 kB
Cached:           856956 kB
MemTotal:        1844596 kB
MemFree:          539300 kB
MemAvailable:    1467120 kB
Buffers:           91148 kB
Cached:           856956 kB
MemTotal:        1844596 kB
MemFree:          539480 kB
MemAvailable:    1467300 kB
Buffers:           91148 kB
Cached:           856956 kB
MemTotal:        1844596 kB
MemFree:          539208 kB
MemAvailable:    1467028 kB
Buffers:           91148 kB
Cached:           856956 kB
MemTotal:        1844596 kB
MemFree:          539544 kB
MemAvailable:    1467364 kB
Buffers:           91148 kB
Cached:           856956 kB
MemTotal:        1844596 kB
MemFree:          539284 kB
MemAvailable:    1467104 kB
Buffers:           91148 kB
Cached:           856956 kB
MemTotal:        1844596 kB
MemFree:          539208 kB
MemAvailable:    1467028 kB
Buffers:           91148 kB
Cached:           856956 kB
MemTotal:        1844596 kB
MemFree:          539100 kB
MemAvailable:    1466920 kB
Buffers:           91148 kB
Cached:           856956 kB
MemTotal:        1844596 kB
MemFree:          539396 kB
MemAvailable:    1467216 kB
Buffers:           91148 kB
Cached:           856956 kB
MemTotal:        1844596 kB
MemFree:          538172 kB
MemAvailable:    1465992 kB
Buffers:           91148 kB
Cached:           856956 kB
MemTotal:        1844596 kB
MemFree:          539524 kB
MemAvailable:    1467344 kB
Buffers:           91148 kB
Cached:           856956 kB
MemTotal:        1844596 kB
MemFree:          539524 kB
MemAvailable:    1467344 kB
Buffers:           91148 kB
Cached:           856956 kB
MemTotal:        1844596 kB
MemFree:          538080 kB
MemAvailable:    1465900 kB
Buffers:           91148 kB
Cached:           856956 kB
MemTotal:        1844596 kB
MemFree:          539272 kB
MemAvailable:    1467092 kB
Buffers:           91148 kB
Cached:           856956 kB
MemTotal:        1844596 kB
MemFree:          538068 kB
MemAvailable:    1465888 kB
Buffers:           91148 kB
Cached:           856956 kB
MemTotal:        1844596 kB
MemFree:          538060 kB
MemAvailable:    1465880 kB
Buffers:           91148 kB
Cached:           856956 kB
MemTotal:        1844596 kB
MemFree:          539340 kB
MemAvailable:    1467160 kB
Buffers:           91148 kB
Cached:           856956 kB
MemTotal:        1844596 kB
MemFree:          539592 kB
MemAvailable:    1467412 kB
Buffers:           91148 kB
Cached:           856956 kB
MemTotal:        1844596 kB
MemFree:          539216 kB
MemAvailable:    1467036 kB
Buffers:           91148 kB
Cached:           856956 kB
MemTotal:        1844596 kB
MemFree:          539152 kB
MemAvailable:    1466972 kB
Buffers:           91148 kB
Cached:           856956 kB
MemTotal:        1844596 kB
MemFree:          538712 kB
MemAvailable:    1466532 kB
Buffers:           91148 kB
Cached:           856956 kB
MemTotal:        1844596 kB
MemFree:          537984 kB
MemAvailable:    1465804 kB
Buffers:           91148 kB
Cached:           856956 kB
MemTotal:        1844596 kB
MemFree:          538464 kB
MemAvailable:    1466284 kB
Buffers:           91148 kB
Cached:           856956 kB
MemTotal:        1844596 kB
MemFree:          537216 kB
MemAvailable:    1465036 kB
Buffers:           91148 kB
Cached:           856956 kB
MemTotal:        1844596 kB
MemFree:          537092 kB
MemAvailable:    1464912 kB
Buffers:           91148 kB
Cached:           856956 kB
MemTotal:        1844596 kB
MemFree:          537092 kB
MemAvailable:    1464912 kB
Buffers:           91148 kB
Cached:           856956 kB
MemTotal:        1844596 kB
MemFree:          536960 kB
MemAvailable:    1464780 kB
Buffers:           91148 kB
Cached:           856956 kB
MemTotal:        1844596 kB
MemFree:          538088 kB
MemAvailable:    1465908 kB
Buffers:           91148 kB
Cached:           856956 kB
MemTotal:        1844596 kB
MemFree:          536952 kB
MemAvailable:    1464772 kB
Buffers:           91148 kB
Cached:           856956 kB
MemTotal:        1844596 kB
MemFree:          538204 kB
MemAvailable:    1466024 kB
Buffers:           91148 kB
Cached:           856956 kB
MemTotal:        1844596 kB
MemFree:          536944 kB
MemAvailable:    1464764 kB
Buffers:           91148 kB
Cached:           856956 kB
MemTotal:        1844596 kB
MemFree:          536944 kB
MemAvailable:    1464772 kB
Buffers:           91148 kB
Cached:           856964 kB
MemTotal:        1844596 kB
MemFree:          536620 kB
MemAvailable:    1464448 kB
Buffers:           91148 kB
Cached:           856964 kB
MemTotal:        1844596 kB
MemFree:          536620 kB
MemAvailable:    1464452 kB
Buffers:           91148 kB
Cached:           856968 kB
MemTotal:        1844596 kB
MemFree:          536564 kB
MemAvailable:    1464396 kB
Buffers:           91148 kB
Cached:           856968 kB
MemTotal:        1844596 kB
MemFree:          536484 kB
MemAvailable:    1464316 kB
Buffers:           91148 kB
Cached:           856968 kB
MemTotal:        1844596 kB
MemFree:          537844 kB
MemAvailable:    1465676 kB
Buffers:           91148 kB
Cached:           856968 kB
MemTotal:        1844596 kB
MemFree:          536472 kB
MemAvailable:    1464304 kB
Buffers:           91148 kB
Cached:           856968 kB
MemTotal:        1844596 kB
MemFree:          536472 kB
MemAvailable:    1464304 kB
Buffers:           91148 kB
Cached:           856968 kB
MemTotal:        1844596 kB
MemFree:          537656 kB
MemAvailable:    1465488 kB
Buffers:           91148 kB
Cached:           856968 kB
MemTotal:        1844596 kB
MemFree:          537364 kB
MemAvailable:    1465196 kB
Buffers:           91148 kB
Cached:           856968 kB
MemTotal:        1844596 kB
MemFree:          537356 kB
MemAvailable:    1465188 kB
Buffers:           91148 kB
Cached:           856968 kB
MemTotal:        1844596 kB
MemFree:          537920 kB
MemAvailable:    1465752 kB
Buffers:           91148 kB
Cached:           856968 kB
MemTotal:        1844596 kB
MemFree:          537804 kB
MemAvailable:    1465636 kB
Buffers:           91148 kB
Cached:           856968 kB
MemTotal:        1844596 kB
MemFree:          536484 kB
MemAvailable:    1464316 kB
Buffers:           91148 kB
Cached:           856968 kB
MemTotal:        1844596 kB
MemFree:          536484 kB
MemAvailable:    1464316 kB
Buffers:           91148 kB
Cached:           856968 kB
MemTotal:        1844596 kB
MemFree:          535256 kB
MemAvailable:    1463088 kB
Buffers:           91148 kB
Cached:           856968 kB
MemTotal:        1844596 kB
MemFree:          532528 kB
MemAvailable:    1460360 kB
Buffers:           91148 kB
Cached:           856968 kB
MemTotal:        1844596 kB
MemFree:          528808 kB
MemAvailable:    1456640 kB
Buffers:           91148 kB
Cached:           856968 kB
MemTotal:        1844596 kB
MemFree:          526808 kB
MemAvailable:    1454640 kB
Buffers:           91148 kB
Cached:           856968 kB
MemTotal:        1844596 kB
MemFree:          526892 kB
MemAvailable:    1454724 kB
Buffers:           91148 kB
Cached:           856968 kB
MemTotal:        1844596 kB
MemFree:          526452 kB
MemAvailable:    1454284 kB
Buffers:           91148 kB
Cached:           856968 kB
MemTotal:        1844596 kB
MemFree:          525080 kB
MemAvailable:    1452912 kB
Buffers:           91148 kB
Cached:           856968 kB
MemTotal:        1844596 kB
MemFree:          525932 kB
MemAvailable:    1453764 kB
Buffers:           91148 kB
Cached:           856968 kB
MemTotal:        1844596 kB
MemFree:          525336 kB
MemAvailable:    1453168 kB
Buffers:           91148 kB
Cached:           856968 kB
MemTotal:        1844596 kB
MemFree:          525704 kB
MemAvailable:    1453536 kB
Buffers:           91148 kB
Cached:           856968 kB
MemTotal:        1844596 kB
MemFree:          524468 kB
MemAvailable:    1452300 kB
Buffers:           91148 kB
Cached:           856968 kB
MemTotal:        1844596 kB
MemFree:          524776 kB
MemAvailable:    1452612 kB
Buffers:           91148 kB
Cached:           856972 kB
MemTotal:        1844596 kB
MemFree:          523352 kB
MemAvailable:    1451188 kB
Buffers:           91148 kB
Cached:           856972 kB
MemTotal:        1844596 kB
MemFree:          522608 kB
MemAvailable:    1450444 kB
Buffers:           91148 kB
Cached:           856972 kB
MemTotal:        1844596 kB
MemFree:          521740 kB
MemAvailable:    1449576 kB
Buffers:           91148 kB
Cached:           856972 kB
MemTotal:        1844596 kB
MemFree:          522592 kB
MemAvailable:    1450428 kB
Buffers:           91148 kB
Cached:           856972 kB
MemTotal:        1844596 kB
MemFree:          522676 kB
MemAvailable:    1450512 kB
Buffers:           91148 kB
Cached:           856972 kB
MemTotal:        1844596 kB
MemFree:          521436 kB
MemAvailable:    1449272 kB
Buffers:           91148 kB
Cached:           856972 kB
MemTotal:        1844596 kB
MemFree:          521480 kB
MemAvailable:    1449316 kB
Buffers:           91148 kB
Cached:           856972 kB
MemTotal:        1844596 kB
MemFree:          521308 kB
MemAvailable:    1449144 kB
Buffers:           91148 kB
Cached:           856972 kB
MemTotal:        1844596 kB
MemFree:          522584 kB
MemAvailable:    1450420 kB
Buffers:           91148 kB
Cached:           856972 kB
MemTotal:        1844596 kB
MemFree:          522644 kB
MemAvailable:    1450480 kB
Buffers:           91148 kB
Cached:           856972 kB
MemTotal:        1844596 kB
MemFree:          522644 kB
MemAvailable:    1450480 kB
Buffers:           91148 kB
Cached:           856972 kB
MemTotal:        1844596 kB
MemFree:          521468 kB
MemAvailable:    1449304 kB
Buffers:           91148 kB
Cached:           856972 kB
MemTotal:        1844596 kB
MemFree:          522576 kB
MemAvailable:    1450412 kB
Buffers:           91148 kB
Cached:           856972 kB
MemTotal:        1844596 kB
MemFree:          522828 kB
MemAvailable:    1450664 kB
Buffers:           91148 kB
Cached:           856972 kB
MemTotal:        1844596 kB
MemFree:          522692 kB
MemAvailable:    1450528 kB
Buffers:           91148 kB
Cached:           856972 kB
MemTotal:        1844596 kB
MemFree:          522724 kB
MemAvailable:    1450560 kB
Buffers:           91148 kB
Cached:           856972 kB
MemTotal:        1844596 kB
MemFree:          520740 kB
MemAvailable:    1448576 kB
Buffers:           91148 kB
Cached:           856972 kB
MemTotal:        1844596 kB
MemFree:          521668 kB
MemAvailable:    1449504 kB
Buffers:           91148 kB
Cached:           856972 kB
MemTotal:        1844596 kB
MemFree:          521080 kB
MemAvailable:    1448916 kB
Buffers:           91148 kB
Cached:           856972 kB
MemTotal:        1844596 kB
MemFree:          519508 kB
MemAvailable:    1447344 kB
Buffers:           91148 kB
Cached:           856972 kB
MemTotal:        1844596 kB
MemFree:          519384 kB
MemAvailable:    1447220 kB
Buffers:           91148 kB
Cached:           856972 kB
MemTotal:        1844596 kB
MemFree:          519624 kB
MemAvailable:    1447460 kB
Buffers:           91148 kB
Cached:           856972 kB
MemTotal:        1844596 kB
MemFree:          519004 kB
MemAvailable:    1446840 kB
Buffers:           91148 kB
Cached:           856972 kB
MemTotal:        1844596 kB
MemFree:          519880 kB
MemAvailable:    1447716 kB
Buffers:           91148 kB
Cached:           856972 kB
MemTotal:        1844596 kB
MemFree:          518020 kB
MemAvailable:    1445856 kB
Buffers:           91148 kB
Cached:           856972 kB
MemTotal:        1844596 kB
MemFree:          519156 kB
MemAvailable:    1447000 kB
Buffers:           91148 kB
Cached:           856976 kB
MemTotal:        1844596 kB
MemFree:          517896 kB
MemAvailable:    1445740 kB
Buffers:           91148 kB
Cached:           856976 kB
MemTotal:        1844596 kB
MemFree:          518748 kB
MemAvailable:    1446592 kB
Buffers:           91148 kB
Cached:           856976 kB
MemTotal:        1844596 kB
MemFree:          518020 kB
MemAvailable:    1445864 kB
Buffers:           91148 kB
Cached:           856976 kB
MemTotal:        1844596 kB
MemFree:          518504 kB
MemAvailable:    1446348 kB
Buffers:           91148 kB
Cached:           856976 kB
MemTotal:        1844596 kB
MemFree:          517780 kB
MemAvailable:    1445624 kB
Buffers:           91148 kB
Cached:           856976 kB
MemTotal:        1844596 kB
MemFree:          518344 kB
MemAvailable:    1446188 kB
Buffers:           91148 kB
Cached:           856976 kB
MemTotal:        1844596 kB
MemFree:          517896 kB
MemAvailable:    1445740 kB
Buffers:           91148 kB
Cached:           856976 kB
MemTotal:        1844596 kB
MemFree:          517016 kB
MemAvailable:    1444860 kB
Buffers:           91148 kB
Cached:           856976 kB
MemTotal:        1844596 kB
MemFree:          518692 kB
MemAvailable:    1446536 kB
Buffers:           91148 kB
Cached:           856976 kB
MemTotal:        1844596 kB
MemFree:          517896 kB
MemAvailable:    1445740 kB
Buffers:           91148 kB
Cached:           856976 kB
MemTotal:        1844596 kB
MemFree:          518556 kB
MemAvailable:    1446400 kB
Buffers:           91148 kB
Cached:           856976 kB
MemTotal:        1844596 kB
MemFree:          517340 kB
MemAvailable:    1445184 kB
Buffers:           91148 kB
Cached:           856976 kB
MemTotal:        1844596 kB
MemFree:          517208 kB
MemAvailable:    1445052 kB
Buffers:           91148 kB
Cached:           856976 kB
MemTotal:        1844596 kB
MemFree:          517252 kB
MemAvailable:    1445096 kB
Buffers:           91148 kB
Cached:           856976 kB
MemTotal:        1844596 kB
MemFree:          518244 kB
MemAvailable:    1446088 kB
Buffers:           91148 kB
Cached:           856976 kB
MemTotal:        1844596 kB
MemFree:          517772 kB
MemAvailable:    1445616 kB
Buffers:           91148 kB
Cached:           856976 kB
MemTotal:        1844596 kB
MemFree:          518144 kB
MemAvailable:    1445988 kB
Buffers:           91148 kB
Cached:           856976 kB
MemTotal:        1844596 kB
MemFree:          517028 kB
MemAvailable:    1444872 kB
Buffers:           91148 kB
Cached:           856976 kB
MemTotal:        1844596 kB
MemFree:          518136 kB
MemAvailable:    1445980 kB
Buffers:           91148 kB
Cached:           856976 kB
MemTotal:        1844596 kB
MemFree:          518392 kB
MemAvailable:    1446236 kB
Buffers:           91148 kB
Cached:           856976 kB
MemTotal:        1844596 kB
MemFree:          517144 kB
MemAvailable:    1444988 kB
Buffers:           91148 kB
Cached:           856976 kB
MemTotal:        1844596 kB
MemFree:          518220 kB
MemAvailable:    1446064 kB
Buffers:           91148 kB
Cached:           856976 kB
MemTotal:        1844596 kB
MemFree:          518208 kB
MemAvailable:    1446052 kB
Buffers:           91148 kB
Cached:           856976 kB
MemTotal:        1844596 kB
MemFree:          518268 kB
MemAvailable:    1446112 kB
Buffers:           91148 kB
Cached:           856976 kB
MemTotal:        1844596 kB
MemFree:          518328 kB
MemAvailable:    1446172 kB
Buffers:           91148 kB
Cached:           856976 kB
MemTotal:        1844596 kB
MemFree:          517656 kB
MemAvailable:    1445500 kB
Buffers:           91148 kB
Cached:           856976 kB
MemTotal:        1844596 kB
MemFree:          518320 kB
MemAvailable:    1446164 kB
Buffers:           91148 kB
Cached:           856976 kB
MemTotal:        1844596 kB
MemFree:          517104 kB
MemAvailable:    1444948 kB
Buffers:           91148 kB
Cached:           856976 kB
MemTotal:        1844596 kB
MemFree:          518136 kB
MemAvailable:    1445980 kB
Buffers:           91148 kB
Cached:           856976 kB
MemTotal:        1844596 kB
MemFree:          518136 kB
MemAvailable:    1445980 kB
Buffers:           91148 kB
Cached:           856976 kB
MemTotal:        1844596 kB
MemFree:          516036 kB
MemAvailable:    1443880 kB
Buffers:           91148 kB
Cached:           856976 kB
MemTotal:        1844596 kB
MemFree:          517020 kB
MemAvailable:    1444864 kB
Buffers:           91148 kB
Cached:           856976 kB
MemTotal:        1844596 kB
MemFree:          516540 kB
MemAvailable:    1444384 kB
Buffers:           91148 kB
Cached:           856976 kB
MemTotal:        1844596 kB
MemFree:          515532 kB
MemAvailable:    1443376 kB
Buffers:           91148 kB
Cached:           856976 kB
MemTotal:        1844596 kB
MemFree:          515416 kB
MemAvailable:    1443260 kB
Buffers:           91148 kB
Cached:           856976 kB
MemTotal:        1844596 kB
MemFree:          513804 kB
MemAvailable:    1441648 kB
Buffers:           91148 kB
Cached:           856976 kB
MemTotal:        1844596 kB
MemFree:          511680 kB
MemAvailable:    1439524 kB
Buffers:           91148 kB
Cached:           856976 kB
MemTotal:        1844596 kB
MemFree:          511572 kB
MemAvailable:    1439292 kB
Buffers:           91148 kB
Cached:           856976 kB
MemTotal:        1844596 kB
MemFree:          508844 kB
MemAvailable:    1436688 kB
Buffers:           91148 kB
Cached:           856976 kB
MemTotal:        1844596 kB
MemFree:          505124 kB
MemAvailable:    1432968 kB
Buffers:           91148 kB
Cached:           856976 kB
MemTotal:        1844596 kB
MemFree:          501264 kB
MemAvailable:    1429108 kB
Buffers:           91148 kB
Cached:           856976 kB
MemTotal:        1844596 kB
MemFree:          501156 kB
MemAvailable:    1429000 kB
Buffers:           91148 kB
Cached:           856976 kB
MemTotal:        1844596 kB
MemFree:          499296 kB
MemAvailable:    1427140 kB
Buffers:           91148 kB
Cached:           856976 kB
MemTotal:        1844596 kB
MemFree:          500164 kB
MemAvailable:    1428008 kB
Buffers:           91148 kB
Cached:           856976 kB
MemTotal:        1844596 kB
MemFree:          498800 kB
MemAvailable:    1426644 kB
Buffers:           91148 kB
Cached:           856976 kB
MemTotal:        1844596 kB
MemFree:          499908 kB
MemAvailable:    1427752 kB
Buffers:           91148 kB
Cached:           856976 kB
MemTotal:        1844596 kB
MemFree:          499056 kB
MemAvailable:    1426900 kB
Buffers:           91148 kB
Cached:           856976 kB
MemTotal:        1844596 kB
MemFree:          499660 kB
MemAvailable:    1427504 kB
Buffers:           91148 kB
Cached:           856976 kB
MemTotal:        1844596 kB
MemFree:          498668 kB
MemAvailable:    1426512 kB
Buffers:           91148 kB
Cached:           856976 kB
MemTotal:        1844596 kB
MemFree:          498544 kB
MemAvailable:    1426388 kB
Buffers:           91148 kB
Cached:           856976 kB
MemTotal:        1844596 kB
MemFree:          499520 kB
MemAvailable:    1427364 kB
Buffers:           91148 kB
Cached:           856976 kB
MemTotal:        1844596 kB
MemFree:          499048 kB
MemAvailable:    1426892 kB
Buffers:           91148 kB
Cached:           856976 kB
MemTotal:        1844596 kB
MemFree:          499584 kB
MemAvailable:    1427428 kB
Buffers:           91148 kB
Cached:           856976 kB
MemTotal:        1844596 kB
MemFree:          499656 kB
MemAvailable:    1427500 kB
Buffers:           91148 kB
Cached:           856976 kB
MemTotal:        1844596 kB
MemFree:          498984 kB
MemAvailable:    1426828 kB
Buffers:           91148 kB
Cached:           856976 kB
MemTotal:        1844596 kB
MemFree:          497552 kB
MemAvailable:    1425396 kB
Buffers:           91148 kB
Cached:           856976 kB
MemTotal:        1844596 kB
MemFree:          497552 kB
MemAvailable:    1425396 kB
Buffers:           91148 kB
Cached:           856976 kB
MemTotal:        1844596 kB
MemFree:          498736 kB
MemAvailable:    1426580 kB
Buffers:           91148 kB
Cached:           856976 kB
MemTotal:        1844596 kB
MemFree:          498652 kB
MemAvailable:    1426496 kB
Buffers:           91148 kB
Cached:           856976 kB
MemTotal:        1844596 kB
MemFree:          498640 kB
MemAvailable:    1426484 kB
Buffers:           91148 kB
Cached:           856976 kB
MemTotal:        1844596 kB
MemFree:          498676 kB
MemAvailable:    1426520 kB
Buffers:           91148 kB
Cached:           856976 kB
MemTotal:        1844596 kB
MemFree:          498348 kB
MemAvailable:    1426192 kB
Buffers:           91148 kB
Cached:           856976 kB
MemTotal:        1844596 kB
MemFree:          498684 kB
MemAvailable:    1426528 kB
Buffers:           91148 kB
Cached:           856976 kB
MemTotal:        1844596 kB
MemFree:          497368 kB
MemAvailable:    1425212 kB
Buffers:           91148 kB
Cached:           856976 kB
MemTotal:        1844596 kB
MemFree:          497748 kB
MemAvailable:    1425592 kB
Buffers:           91148 kB
Cached:           856976 kB
MemTotal:        1844596 kB
MemFree:          497624 kB
MemAvailable:    1425468 kB
Buffers:           91148 kB
Cached:           856976 kB
MemTotal:        1844596 kB
MemFree:          497624 kB
MemAvailable:    1425468 kB
Buffers:           91148 kB
Cached:           856976 kB
MemTotal:        1844596 kB
MemFree:          497624 kB
MemAvailable:    1425468 kB
Buffers:           91148 kB
Cached:           856976 kB
MemTotal:        1844596 kB
MemFree:          498792 kB
MemAvailable:    1426636 kB
Buffers:           91148 kB
Cached:           856976 kB
MemTotal:        1844596 kB
MemFree:          498768 kB
MemAvailable:    1426612 kB
Buffers:           91148 kB
Cached:           856976 kB
MemTotal:        1844596 kB
MemFree:          497280 kB
MemAvailable:    1425124 kB
Buffers:           91148 kB
Cached:           856976 kB
MemTotal:        1844596 kB
MemFree:          498656 kB
MemAvailable:    1426500 kB
Buffers:           91148 kB
Cached:           856976 kB
MemTotal:        1844596 kB
MemFree:          497356 kB
MemAvailable:    1425200 kB
Buffers:           91148 kB
Cached:           856976 kB
MemTotal:        1844596 kB
MemFree:          497064 kB
MemAvailable:    1424908 kB
Buffers:           91148 kB
Cached:           856976 kB
MemTotal:        1844596 kB
MemFree:          493220 kB
MemAvailable:    1421064 kB
Buffers:           91148 kB
Cached:           856976 kB
MemTotal:        1844596 kB
MemFree:          491484 kB
MemAvailable:    1419328 kB
Buffers:           91148 kB
Cached:           856976 kB
MemTotal:        1844596 kB
MemFree:          489252 kB
MemAvailable:    1417096 kB
Buffers:           91148 kB
Cached:           856976 kB
MemTotal:        1844596 kB
MemFree:          484416 kB
MemAvailable:    1412260 kB
Buffers:           91148 kB
Cached:           856976 kB
MemTotal:        1844596 kB
MemFree:          481564 kB
MemAvailable:    1409408 kB
Buffers:           91148 kB
Cached:           856976 kB
MemTotal:        1844596 kB
MemFree:          480936 kB
MemAvailable:    1408780 kB
Buffers:           91148 kB
Cached:           856976 kB
MemTotal:        1844596 kB
MemFree:          479332 kB
MemAvailable:    1407176 kB
Buffers:           91148 kB
Cached:           856976 kB
MemTotal:        1844596 kB
MemFree:          479456 kB
MemAvailable:    1407300 kB
Buffers:           91148 kB
Cached:           856976 kB
MemTotal:        1844596 kB
MemFree:          479332 kB
MemAvailable:    1407176 kB
Buffers:           91148 kB
Cached:           856976 kB
MemTotal:        1844596 kB
MemFree:          479200 kB
MemAvailable:    1407044 kB
Buffers:           91148 kB
Cached:           856976 kB
MemTotal:        1844596 kB
MemFree:          480308 kB
MemAvailable:    1408160 kB
Buffers:           91148 kB
Cached:           856984 kB
MemTotal:        1844596 kB
MemFree:          480644 kB
MemAvailable:    1408496 kB
Buffers:           91148 kB
Cached:           856984 kB
MemTotal:        1844596 kB
MemFree:          479160 kB
MemAvailable:    1407012 kB
Buffers:           91148 kB
Cached:           856984 kB
MemTotal:        1844596 kB
MemFree:          479160 kB
MemAvailable:    1407012 kB
Buffers:           91148 kB
Cached:           856984 kB
MemTotal:        1844596 kB
MemFree:          479160 kB
MemAvailable:    1407012 kB
Buffers:           91148 kB
Cached:           856984 kB
MemTotal:        1844596 kB
MemFree:          480384 kB
MemAvailable:    1408236 kB
Buffers:           91148 kB
Cached:           856984 kB
MemTotal:        1844596 kB
MemFree:          479064 kB
MemAvailable:    1406916 kB
Buffers:           91148 kB
Cached:           856984 kB
MemTotal:        1844596 kB
MemFree:          479280 kB
MemAvailable:    1407132 kB
Buffers:           91148 kB
Cached:           856984 kB
MemTotal:        1844596 kB
MemFree:          479264 kB
MemAvailable:    1407116 kB
Buffers:           91148 kB
Cached:           856984 kB
MemTotal:        1844596 kB
MemFree:          479272 kB
MemAvailable:    1407124 kB
Buffers:           91148 kB
Cached:           856984 kB
MemTotal:        1844596 kB
MemFree:          480444 kB
MemAvailable:    1408296 kB
Buffers:           91148 kB
Cached:           856984 kB
MemTotal:        1844596 kB
MemFree:          480480 kB
MemAvailable:    1408332 kB
Buffers:           91148 kB
Cached:           856984 kB
MemTotal:        1844596 kB
MemFree:          480216 kB
MemAvailable:    1408068 kB
Buffers:           91148 kB
Cached:           856984 kB
MemTotal:        1844596 kB
MemFree:          479172 kB
MemAvailable:    1407024 kB
Buffers:           91148 kB
Cached:           856984 kB
MemTotal:        1844596 kB
MemFree:          479172 kB
MemAvailable:    1407024 kB
Buffers:           91148 kB
Cached:           856984 kB
MemTotal:        1844596 kB
MemFree:          480580 kB
MemAvailable:    1408432 kB
Buffers:           91148 kB
Cached:           856984 kB
MemTotal:        1844596 kB
MemFree:          480440 kB
MemAvailable:    1408292 kB
Buffers:           91148 kB
Cached:           856984 kB
MemTotal:        1844596 kB
MemFree:          480440 kB
MemAvailable:    1408292 kB
Buffers:           91148 kB
Cached:           856984 kB
MemTotal:        1844596 kB
MemFree:          480432 kB
MemAvailable:    1408284 kB
Buffers:           91148 kB
Cached:           856984 kB
MemTotal:        1844596 kB
MemFree:          480660 kB
MemAvailable:    1408512 kB
Buffers:           91148 kB
Cached:           856984 kB
MemTotal:        1844596 kB
MemFree:          480448 kB
MemAvailable:    1408300 kB
Buffers:           91148 kB
Cached:           856984 kB
MemTotal:        1844596 kB
MemFree:          480448 kB
MemAvailable:    1408300 kB
Buffers:           91148 kB
Cached:           856984 kB
MemTotal:        1844596 kB
MemFree:          480276 kB
MemAvailable:    1408128 kB
Buffers:           91148 kB
Cached:           856984 kB
MemTotal:        1844596 kB
MemFree:          480532 kB
MemAvailable:    1408384 kB
Buffers:           91148 kB
Cached:           856984 kB
MemTotal:        1844596 kB
MemFree:          479204 kB
MemAvailable:    1407056 kB
Buffers:           91148 kB
Cached:           856984 kB
MemTotal:        1844596 kB
MemFree:          479156 kB
MemAvailable:    1407008 kB
Buffers:           91148 kB
Cached:           856984 kB
MemTotal:        1844596 kB
MemFree:          480316 kB
MemAvailable:    1408168 kB
Buffers:           91148 kB
Cached:           856984 kB
MemTotal:        1844596 kB
MemFree:          480084 kB
MemAvailable:    1407936 kB
Buffers:           91148 kB
Cached:           856984 kB
MemTotal:        1844596 kB
MemFree:          480496 kB
MemAvailable:    1408348 kB
Buffers:           91148 kB
Cached:           856984 kB
MemTotal:        1844596 kB
MemFree:          480568 kB
MemAvailable:    1408420 kB
Buffers:           91148 kB
Cached:           856984 kB
MemTotal:        1844596 kB
MemFree:          475372 kB
MemAvailable:    1403224 kB
Buffers:           91148 kB
Cached:           856984 kB
MemTotal:        1844596 kB
MemFree:          470148 kB
MemAvailable:    1398000 kB
Buffers:           91148 kB
Cached:           856984 kB
MemTotal:        1844596 kB
MemFree:          470040 kB
MemAvailable:    1397892 kB
Buffers:           91148 kB
Cached:           856984 kB
MemTotal:        1844596 kB
MemFree:          465328 kB
MemAvailable:    1393180 kB
Buffers:           91148 kB
Cached:           856984 kB
MemTotal:        1844596 kB
MemFree:          463572 kB
MemAvailable:    1391424 kB
Buffers:           91148 kB
Cached:           856984 kB
MemTotal:        1844596 kB
MemFree:          463148 kB
MemAvailable:    1391000 kB
Buffers:           91148 kB
Cached:           856984 kB
MemTotal:        1844596 kB
MemFree:          461924 kB
MemAvailable:    1389776 kB
Buffers:           91148 kB
Cached:           856984 kB
MemTotal:        1844596 kB
MemFree:          463012 kB
MemAvailable:    1390864 kB
Buffers:           91148 kB
Cached:           856984 kB
MemTotal:        1844596 kB
MemFree:          461112 kB
MemAvailable:    1388964 kB
Buffers:           91148 kB
Cached:           856984 kB
MemTotal:        1844596 kB
MemFree:          460852 kB
MemAvailable:    1388704 kB
Buffers:           91148 kB
Cached:           856984 kB
MemTotal:        1844596 kB
MemFree:          462044 kB
MemAvailable:    1389896 kB
Buffers:           91148 kB
Cached:           856984 kB
MemTotal:        1844596 kB
MemFree:          461616 kB
MemAvailable:    1389468 kB
Buffers:           91148 kB
Cached:           856984 kB
MemTotal:        1844596 kB
MemFree:          460816 kB
MemAvailable:    1388668 kB
Buffers:           91148 kB
Cached:           856984 kB
MemTotal:        1844596 kB
MemFree:          461992 kB
MemAvailable:    1389844 kB
Buffers:           91148 kB
Cached:           856984 kB
MemTotal:        1844596 kB
MemFree:          461352 kB
MemAvailable:    1389204 kB
Buffers:           91148 kB
Cached:           856984 kB
MemTotal:        1844596 kB
MemFree:          460800 kB
MemAvailable:    1388652 kB
Buffers:           91148 kB
Cached:           856984 kB
MemTotal:        1844596 kB
MemFree:          461652 kB
MemAvailable:    1389504 kB
Buffers:           91148 kB
Cached:           856984 kB
MemTotal:        1844596 kB
MemFree:          461484 kB
MemAvailable:    1389336 kB
Buffers:           91148 kB
Cached:           856984 kB
MemTotal:        1844596 kB
MemFree:          461428 kB
MemAvailable:    1389280 kB
Buffers:           91148 kB
Cached:           856984 kB
MemTotal:        1844596 kB
MemFree:          460348 kB
MemAvailable:    1388200 kB
Buffers:           91148 kB
Cached:           856984 kB
MemTotal:        1844596 kB
MemFree:          460924 kB
MemAvailable:    1388776 kB
Buffers:           91148 kB
Cached:           856984 kB
MemTotal:        1844596 kB
MemFree:          460104 kB
MemAvailable:    1387956 kB
Buffers:           91148 kB
Cached:           856984 kB
MemTotal:        1844596 kB
MemFree:          459872 kB
MemAvailable:    1387724 kB
Buffers:           91148 kB
Cached:           856984 kB
MemTotal:        1844596 kB
MemFree:          459832 kB
MemAvailable:    1387684 kB
Buffers:           91148 kB
Cached:           856984 kB
MemTotal:        1844596 kB
MemFree:          459616 kB
MemAvailable:    1387468 kB
Buffers:           91148 kB
Cached:           856984 kB
MemTotal:        1844596 kB
MemFree:          457764 kB
MemAvailable:    1385616 kB
Buffers:           91148 kB
Cached:           856984 kB
MemTotal:        1844596 kB
MemFree:          458252 kB
MemAvailable:    1386104 kB
Buffers:           91148 kB
Cached:           856984 kB
MemTotal:        1844596 kB
MemFree:          457276 kB
MemAvailable:    1385128 kB
Buffers:           91148 kB
Cached:           856984 kB
MemTotal:        1844596 kB
MemFree:          457328 kB
MemAvailable:    1385180 kB
Buffers:           91148 kB
Cached:           856984 kB
MemTotal:        1844596 kB
MemFree:          456460 kB
MemAvailable:    1384312 kB
Buffers:           91148 kB
Cached:           856984 kB
MemTotal:        1844596 kB
MemFree:          455848 kB
MemAvailable:    1383700 kB
Buffers:           91148 kB
Cached:           856984 kB
MemTotal:        1844596 kB
MemFree:          455160 kB
MemAvailable:    1383012 kB
Buffers:           91148 kB
Cached:           856984 kB
MemTotal:        1844596 kB
MemFree:          454856 kB
MemAvailable:    1382708 kB
Buffers:           91148 kB
Cached:           856984 kB
MemTotal:        1844596 kB
MemFree:          456016 kB
MemAvailable:    1383868 kB
Buffers:           91148 kB
Cached:           856984 kB
MemTotal:        1844596 kB
MemFree:          456008 kB
MemAvailable:    1383860 kB
Buffers:           91148 kB
Cached:           856984 kB
MemTotal:        1844596 kB
MemFree:          454604 kB
MemAvailable:    1382456 kB
Buffers:           91148 kB
Cached:           856984 kB
MemTotal:        1844596 kB
MemFree:          454888 kB
MemAvailable:    1382740 kB
Buffers:           91148 kB
Cached:           856984 kB
MemTotal:        1844596 kB
MemFree:          454888 kB
MemAvailable:    1382740 kB
Buffers:           91148 kB
Cached:           856984 kB
MemTotal:        1844596 kB
MemFree:          453408 kB
MemAvailable:    1381260 kB
Buffers:           91148 kB
Cached:           856984 kB
MemTotal:        1844596 kB
MemFree:          454276 kB
MemAvailable:    1382140 kB
Buffers:           91148 kB
Cached:           856996 kB
MemTotal:        1844596 kB
MemFree:          454052 kB
MemAvailable:    1381916 kB
Buffers:           91148 kB
Cached:           856996 kB
MemTotal:        1844596 kB
MemFree:          452920 kB
MemAvailable:    1380784 kB
Buffers:           91148 kB
Cached:           856996 kB
MemTotal:        1844596 kB
MemFree:          454104 kB
MemAvailable:    1381968 kB
Buffers:           91148 kB
Cached:           856996 kB
MemTotal:        1844596 kB
MemFree:          454356 kB
MemAvailable:    1382220 kB
Buffers:           91148 kB
Cached:           856996 kB
MemTotal:        1844596 kB
MemFree:          454280 kB
MemAvailable:    1382144 kB
Buffers:           91148 kB
Cached:           856996 kB
MemTotal:        1844596 kB
MemFree:          452992 kB
MemAvailable:    1380856 kB
Buffers:           91148 kB
Cached:           856996 kB
MemTotal:        1844596 kB
MemFree:          454388 kB
MemAvailable:    1382252 kB
Buffers:           91148 kB
Cached:           856996 kB
MemTotal:        1844596 kB
MemFree:          454368 kB
MemAvailable:    1382232 kB
Buffers:           91148 kB
Cached:           856996 kB
MemTotal:        1844596 kB
MemFree:          453176 kB
MemAvailable:    1381040 kB
Buffers:           91148 kB
Cached:           856996 kB
MemTotal:        1844596 kB
MemFree:          452864 kB
MemAvailable:    1380728 kB
Buffers:           91148 kB
Cached:           856996 kB
MemTotal:        1844596 kB
MemFree:          454368 kB
MemAvailable:    1382232 kB
Buffers:           91148 kB
Cached:           856996 kB
MemTotal:        1844596 kB
MemFree:          452880 kB
MemAvailable:    1380744 kB
Buffers:           91148 kB
Cached:           856996 kB
MemTotal:        1844596 kB
MemFree:          454152 kB
MemAvailable:    1382016 kB
Buffers:           91148 kB
Cached:           856996 kB
MemTotal:        1844596 kB
MemFree:          453796 kB
MemAvailable:    1381660 kB
Buffers:           91148 kB
Cached:           856996 kB
MemTotal:        1844596 kB
MemFree:          454280 kB
MemAvailable:    1382144 kB
Buffers:           91148 kB
Cached:           856996 kB
MemTotal:        1844596 kB
MemFree:          454352 kB
MemAvailable:    1382216 kB
Buffers:           91148 kB
Cached:           856996 kB
MemTotal:        1844596 kB
MemFree:          452876 kB
MemAvailable:    1380740 kB
Buffers:           91148 kB
Cached:           856996 kB
MemTotal:        1844596 kB
MemFree:          454168 kB
MemAvailable:    1382032 kB
Buffers:           91148 kB
Cached:           856996 kB
MemTotal:        1844596 kB
MemFree:          453052 kB
MemAvailable:    1380916 kB
Buffers:           91148 kB
Cached:           856996 kB
MemTotal:        1844596 kB
MemFree:          453004 kB
MemAvailable:    1380868 kB
Buffers:           91148 kB
Cached:           856996 kB
MemTotal:        1844596 kB
MemFree:          452916 kB
MemAvailable:    1380780 kB
Buffers:           91148 kB
Cached:           856996 kB
MemTotal:        1844596 kB
MemFree:          454084 kB
MemAvailable:    1381948 kB
Buffers:           91148 kB
Cached:           856996 kB
MemTotal:        1844596 kB
MemFree:          454208 kB
MemAvailable:    1382072 kB
Buffers:           91148 kB
Cached:           856996 kB
MemTotal:        1844596 kB
MemFree:          452908 kB
MemAvailable:    1380772 kB
Buffers:           91148 kB
Cached:           856996 kB
MemTotal:        1844596 kB
MemFree:          454092 kB
MemAvailable:    1381956 kB
Buffers:           91148 kB
Cached:           856996 kB
MemTotal:        1844596 kB
MemFree:          454044 kB
MemAvailable:    1381908 kB
Buffers:           91148 kB
Cached:           856996 kB
MemTotal:        1844596 kB
MemFree:          452996 kB
MemAvailable:    1380860 kB
Buffers:           91148 kB
Cached:           856996 kB
MemTotal:        1844596 kB
MemFree:          453120 kB
MemAvailable:    1380984 kB
Buffers:           91148 kB
Cached:           856996 kB
MemTotal:        1844596 kB
MemFree:          453120 kB
MemAvailable:    1380984 kB
Buffers:           91148 kB
Cached:           856996 kB
MemTotal:        1844596 kB
MemFree:          453032 kB
MemAvailable:    1380896 kB
Buffers:           91148 kB
Cached:           856996 kB
MemTotal:        1844596 kB
MemFree:          452852 kB
MemAvailable:    1380716 kB
Buffers:           91148 kB
Cached:           856996 kB
MemTotal:        1844596 kB
MemFree:          453020 kB
MemAvailable:    1380884 kB
Buffers:           91148 kB
Cached:           856996 kB
MemTotal:        1844596 kB
MemFree:          453020 kB
MemAvailable:    1380884 kB
Buffers:           91148 kB
Cached:           856996 kB
MemTotal:        1844596 kB
MemFree:          452848 kB
MemAvailable:    1380712 kB
Buffers:           91148 kB
Cached:           856996 kB
MemTotal:        1844596 kB
MemFree:          453016 kB
MemAvailable:    1380880 kB
Buffers:           91148 kB
Cached:           856996 kB
MemTotal:        1844596 kB
MemFree:          453044 kB
MemAvailable:    1380908 kB
Buffers:           91148 kB
Cached:           856996 kB
MemTotal:        1844596 kB
MemFree:          453012 kB
MemAvailable:    1380876 kB
Buffers:           91148 kB
Cached:           856996 kB
MemTotal:        1844596 kB
MemFree:          452920 kB
MemAvailable:    1380784 kB
Buffers:           91148 kB
Cached:           856996 kB
MemTotal:        1844596 kB
MemFree:          452996 kB
MemAvailable:    1380860 kB
Buffers:           91148 kB
Cached:           856996 kB
MemTotal:        1844596 kB
MemFree:          453252 kB
MemAvailable:    1381116 kB
Buffers:           91148 kB
Cached:           856996 kB
MemTotal:        1844596 kB
MemFree:          452300 kB
MemAvailable:    1380164 kB
Buffers:           91148 kB
Cached:           856996 kB
MemTotal:        1844596 kB
MemFree:          449440 kB
MemAvailable:    1377304 kB
Buffers:           91148 kB
Cached:           856996 kB
MemTotal:        1844596 kB
MemFree:          449068 kB
MemAvailable:    1376932 kB
Buffers:           91148 kB
Cached:           856996 kB
MemTotal:        1844596 kB
MemFree:          445984 kB
MemAvailable:    1373848 kB
Buffers:           91148 kB
Cached:           856996 kB
MemTotal:        1844596 kB
MemFree:          441512 kB
MemAvailable:    1369376 kB
Buffers:           91148 kB
Cached:           856996 kB
MemTotal:        1844596 kB
MemFree:          441280 kB
MemAvailable:    1369144 kB
Buffers:           91148 kB
Cached:           856996 kB
MemTotal:        1844596 kB
MemFree:          437108 kB
MemAvailable:    1364972 kB
Buffers:           91148 kB
Cached:           856996 kB
MemTotal:        1844596 kB
MemFree:          435008 kB
MemAvailable:    1362872 kB
Buffers:           91148 kB
Cached:           856996 kB
MemTotal:        1844596 kB
MemFree:          433700 kB
MemAvailable:    1361564 kB
Buffers:           91148 kB
Cached:           856996 kB
MemTotal:        1844596 kB
MemFree:          433684 kB
MemAvailable:    1361548 kB
Buffers:           91148 kB
Cached:           856996 kB
MemTotal:        1844596 kB
MemFree:          433776 kB
MemAvailable:    1361640 kB
Buffers:           91148 kB
Cached:           856996 kB
MemTotal:        1844596 kB
MemFree:          433396 kB
MemAvailable:    1361260 kB
Buffers:           91148 kB
Cached:           856996 kB
MemTotal:        1844596 kB
MemFree:          434664 kB
MemAvailable:    1362528 kB
Buffers:           91148 kB
Cached:           856996 kB
MemTotal:        1844596 kB
MemFree:          434328 kB
MemAvailable:    1362192 kB
Buffers:           91148 kB
Cached:           856996 kB
MemTotal:        1844596 kB
MemFree:          434812 kB
MemAvailable:    1362676 kB
Buffers:           91148 kB
Cached:           856996 kB
MemTotal:        1844596 kB
MemFree:          433648 kB
MemAvailable:    1361512 kB
Buffers:           91148 kB
Cached:           856996 kB
MemTotal:        1844596 kB
MemFree:          433560 kB
MemAvailable:    1361424 kB
Buffers:           91148 kB
Cached:           856996 kB
MemTotal:        1844596 kB
MemFree:          434940 kB
MemAvailable:    1362804 kB
Buffers:           91148 kB
Cached:           856996 kB
MemTotal:        1844596 kB
MemFree:          434760 kB
MemAvailable:    1362624 kB
Buffers:           91148 kB
Cached:           856996 kB
MemTotal:        1844596 kB
MemFree:          434080 kB
MemAvailable:    1361944 kB
Buffers:           91148 kB
Cached:           856996 kB
MemTotal:        1844596 kB
MemFree:          434812 kB
MemAvailable:    1362676 kB
Buffers:           91148 kB
Cached:           856996 kB
MemTotal:        1844596 kB
MemFree:          433524 kB
MemAvailable:    1361388 kB
Buffers:           91148 kB
Cached:           856996 kB
MemTotal:        1844596 kB
MemFree:          434676 kB
MemAvailable:    1362540 kB
Buffers:           91148 kB
Cached:           856996 kB
MemTotal:        1844596 kB
MemFree:          434624 kB
MemAvailable:    1362488 kB
Buffers:           91148 kB
Cached:           856996 kB
MemTotal:        1844596 kB
MemFree:          434112 kB
MemAvailable:    1361976 kB
Buffers:           91148 kB
Cached:           856996 kB
MemTotal:        1844596 kB
MemFree:          434008 kB
MemAvailable:    1361872 kB
Buffers:           91148 kB
Cached:           856996 kB
MemTotal:        1844596 kB
MemFree:          433288 kB
MemAvailable:    1361156 kB
Buffers:           91148 kB
Cached:           857000 kB
MemTotal:        1844596 kB
MemFree:          433212 kB
MemAvailable:    1361080 kB
Buffers:           91148 kB
Cached:           857000 kB
MemTotal:        1844596 kB
MemFree:          434320 kB
MemAvailable:    1362192 kB
Buffers:           91148 kB
Cached:           857004 kB
MemTotal:        1844596 kB
MemFree:          434212 kB
MemAvailable:    1362084 kB
Buffers:           91148 kB
Cached:           857004 kB
MemTotal:        1844596 kB
MemFree:          434248 kB
MemAvailable:    1362120 kB
Buffers:           91148 kB
Cached:           857004 kB
MemTotal:        1844596 kB
MemFree:          433088 kB
MemAvailable:    1360960 kB
Buffers:           91148 kB
Cached:           857004 kB
MemTotal:        1844596 kB
MemFree:          433816 kB
MemAvailable:    1361688 kB
Buffers:           91148 kB
Cached:           857004 kB
MemTotal:        1844596 kB
MemFree:          433584 kB
MemAvailable:    1361456 kB
Buffers:           91148 kB
Cached:           857004 kB
MemTotal:        1844596 kB
MemFree:          432288 kB
MemAvailable:    1360160 kB
Buffers:           91148 kB
Cached:           857004 kB
MemTotal:        1844596 kB
MemFree:          426568 kB
MemAvailable:    1354440 kB
Buffers:           91148 kB
Cached:           857004 kB
MemTotal:        1844596 kB
MemFree:          424148 kB
MemAvailable:    1352020 kB
Buffers:           91148 kB
Cached:           857004 kB
MemTotal:        1844596 kB
MemFree:          424656 kB
MemAvailable:    1352528 kB
Buffers:           91148 kB
Cached:           857004 kB
MemTotal:        1844596 kB
MemFree:          423408 kB
MemAvailable:    1351280 kB
Buffers:           91148 kB
Cached:           857004 kB
MemTotal:        1844596 kB
MemFree:          423408 kB
MemAvailable:    1351280 kB
Buffers:           91148 kB
Cached:           857004 kB
MemTotal:        1844596 kB
MemFree:          424560 kB
MemAvailable:    1352432 kB
Buffers:           91148 kB
Cached:           857004 kB
MemTotal:        1844596 kB
MemFree:          424508 kB
MemAvailable:    1352380 kB
Buffers:           91148 kB
Cached:           857004 kB
MemTotal:        1844596 kB
MemFree:          422896 kB
MemAvailable:    1350768 kB
Buffers:           91148 kB
Cached:           857004 kB
MemTotal:        1844596 kB
MemFree:          424356 kB
MemAvailable:    1352228 kB
Buffers:           91148 kB
Cached:           857004 kB
MemTotal:        1844596 kB
MemFree:          424160 kB
MemAvailable:    1352032 kB
Buffers:           91148 kB
Cached:           857004 kB
MemTotal:        1844596 kB
MemFree:          423344 kB
MemAvailable:    1351300 kB
Buffers:           91148 kB
Cached:           857128 kB
MemTotal:        1844596 kB
MemFree:          422052 kB
MemAvailable:    1350092 kB
Buffers:           91148 kB
Cached:           857252 kB
MemTotal:        1844596 kB
MemFree:          423328 kB
MemAvailable:    1351536 kB
Buffers:           91148 kB
Cached:           857376 kB
MemTotal:        1844596 kB
MemFree:          423104 kB
MemAvailable:    1351396 kB
Buffers:           91148 kB
Cached:           857500 kB
MemTotal:        1844596 kB
MemFree:          422856 kB
MemAvailable:    1351316 kB
Buffers:           91148 kB
Cached:           857624 kB
MemTotal:        1844596 kB
MemFree:          421632 kB
MemAvailable:    1350092 kB
Buffers:           91148 kB
Cached:           857624 kB
MemTotal:        1844596 kB
MemFree:          422616 kB
MemAvailable:    1351160 kB
Buffers:           91148 kB
Cached:           857624 kB
MemTotal:        1844596 kB
MemFree:          422184 kB
MemAvailable:    1350728 kB
Buffers:           91148 kB
Cached:           857624 kB
MemTotal:        1844596 kB
MemFree:          422624 kB
MemAvailable:    1351168 kB
Buffers:           91148 kB
Cached:           857624 kB
MemTotal:        1844596 kB
MemFree:          422804 kB
MemAvailable:    1351348 kB
Buffers:           91148 kB
Cached:           857624 kB
MemTotal:        1844596 kB
MemFree:          421928 kB
MemAvailable:    1350472 kB
Buffers:           91148 kB
Cached:           857624 kB
MemTotal:        1844596 kB
MemFree:          422528 kB
MemAvailable:    1351072 kB
Buffers:           91148 kB
Cached:           857624 kB
MemTotal:        1844596 kB
MemFree:          422784 kB
MemAvailable:    1351328 kB
Buffers:           91148 kB
Cached:           857624 kB
MemTotal:        1844596 kB
MemFree:          422612 kB
MemAvailable:    1351240 kB
Buffers:           91148 kB
Cached:           857872 kB
MemTotal:        1844596 kB
MemFree:          421964 kB
MemAvailable:    1349920 kB
Buffers:           91148 kB
Cached:           857032 kB
MemTotal:        1844596 kB
MemFree:          461964 kB
MemAvailable:    1389920 kB
Buffers:           91148 kB
Cached:           857032 kB
MemTotal:        1844596 kB
MemFree:          461964 kB
MemAvailable:    1389920 kB
Buffers:           91148 kB
Cached:           857032 kB
MemTotal:        1844596 kB
MemFree:          614532 kB
MemAvailable:    1542488 kB
Buffers:           91148 kB
Cached:           857032 kB
