MemTotal:        1844596 kB
MemFree:          341184 kB
MemAvailable:    1545032 kB
Buffers:           90684 kB
Cached:          1143860 kB
MemTotal:        1844596 kB
MemFree:          314788 kB
MemAvailable:    1518648 kB
Buffers:           90684 kB
Cached:          1143868 kB
MemTotal:        1844596 kB
MemFree:          311192 kB
MemAvailable:    1515052 kB
Buffers:           90684 kB
Cached:          1143868 kB
MemTotal:        1844596 kB
MemFree:          311276 kB
MemAvailable:    1515136 kB
Buffers:           90684 kB
Cached:          1143868 kB
MemTotal:        1844596 kB
MemFree:          309092 kB
MemAvailable:    1512952 kB
Buffers:           90684 kB
Cached:          1143868 kB
MemTotal:        1844596 kB
MemFree:          310144 kB
MemAvailable:    1514004 kB
Buffers:           90684 kB
Cached:          1143868 kB
MemTotal:        1844596 kB
MemFree:          307216 kB
MemAvailable:    1511076 kB
Buffers:           90684 kB
Cached:          1143868 kB
MemTotal:        1844596 kB
MemFree:          306968 kB
MemAvailable:    1510828 kB
Buffers:           90684 kB
Cached:          1143868 kB
MemTotal:        1844596 kB
MemFree:          303944 kB
MemAvailable:    1507804 kB
Buffers:           90684 kB
Cached:          1143868 kB
MemTotal:        1844596 kB
MemFree:          298792 kB
MemAvailable:    1502652 kB
Buffers:           90684 kB
Cached:          1143868 kB
MemTotal:        1844596 kB
MemFree:          298876 kB
MemAvailable:    1502736 kB
Buffers:           90684 kB
Cached:          1143868 kB
MemTotal:        1844596 kB
MemFree:          298480 kB
MemAvailable:    1502340 kB
Buffers:           90684 kB
Cached:          1143868 kB
MemTotal:        1844596 kB
MemFree:          298480 kB
MemAvailable:    1502340 kB
Buffers:           90684 kB
Cached:          1143868 kB
MemTotal:        1844596 kB
MemFree:          299784 kB
MemAvailable:    1503644 kB
Buffers:           90684 kB
Cached:          1143868 kB
MemTotal:        1844596 kB
MemFree:          299784 kB
MemAvailable:    1503644 kB
Buffers:           90684 kB
Cached:          1143868 kB
MemTotal:        1844596 kB
MemFree:          299496 kB
MemAvailable:    1503356 kB
Buffers:           90684 kB
Cached:          1143868 kB
MemTotal:        1844596 kB
MemFree:          299648 kB
MemAvailable:    1503508 kB
Buffers:           90684 kB
Cached:          1143868 kB
MemTotal:        1844596 kB
MemFree:          298296 kB
MemAvailable:    1502156 kB
Buffers:           90684 kB
Cached:          1143868 kB
MemTotal:        1844596 kB
MemFree:          299204 kB
MemAvailable:    1503064 kB
Buffers:           90684 kB
Cached:          1143868 kB
MemTotal:        1844596 kB
MemFree:          299164 kB
MemAvailable:    1503024 kB
Buffers:           90684 kB
Cached:          1143868 kB
MemTotal:        1844596 kB
MemFree:          298436 kB
MemAvailable:    1502296 kB
Buffers:           90684 kB
Cached:          1143868 kB
MemTotal:        1844596 kB
MemFree:          299000 kB
MemAvailable:    1502860 kB
Buffers:           90684 kB
Cached:          1143868 kB
MemTotal:        1844596 kB
MemFree:          299096 kB
MemAvailable:    1502956 kB
Buffers:           90684 kB
Cached:          1143868 kB
MemTotal:        1844596 kB
MemFree:          298412 kB
MemAvailable:    1502272 kB
Buffers:           90684 kB
Cached:          1143868 kB
MemTotal:        1844596 kB
MemFree:          298496 kB
MemAvailable:    1502356 kB
Buffers:           90684 kB
Cached:          1143868 kB
MemTotal:        1844596 kB
MemFree:          298116 kB
MemAvailable:    1501976 kB
Buffers:           90684 kB
Cached:          1143868 kB
MemTotal:        1844596 kB
MemFree:          298372 kB
MemAvailable:    1502232 kB
Buffers:           90684 kB
Cached:          1143868 kB
MemTotal:        1844596 kB
MemFree:          297852 kB
MemAvailable:    1501712 kB
Buffers:           90684 kB
Cached:          1143868 kB
MemTotal:        1844596 kB
MemFree:          297808 kB
MemAvailable:    1501668 kB
Buffers:           90684 kB
Cached:          1143868 kB
MemTotal:        1844596 kB
MemFree:          297248 kB
MemAvailable:    1501108 kB
Buffers:           90684 kB
Cached:          1143868 kB
MemTotal:        1844596 kB
MemFree:          297124 kB
MemAvailable:    1500984 kB
Buffers:           90684 kB
Cached:          1143868 kB
MemTotal:        1844596 kB
MemFree:          295824 kB
MemAvailable:    1499684 kB
Buffers:           90684 kB
Cached:          1143868 kB
MemTotal:        1844596 kB
MemFree:          296636 kB
MemAvailable:    1500500 kB
Buffers:           90684 kB
Cached:          1143872 kB
MemTotal:        1844596 kB
MemFree:          296972 kB
MemAvailable:    1500836 kB
Buffers:           90684 kB
Cached:          1143872 kB
MemTotal:        1844596 kB
MemFree:          296684 kB
MemAvailable:    1500548 kB
Buffers:           90684 kB
Cached:          1143872 kB
MemTotal:        1844596 kB
MemFree:          296700 kB
MemAvailable:    1500564 kB
Buffers:           90684 kB
Cached:          1143872 kB
MemTotal:        1844596 kB
MemFree:          296696 kB
MemAvailable:    1500560 kB
Buffers:           90684 kB
Cached:          1143872 kB
MemTotal:        1844596 kB
MemFree:          296728 kB
MemAvailable:    1500592 kB
Buffers:           90684 kB
Cached:          1143872 kB
MemTotal:        1844596 kB
MemFree:          298072 kB
MemAvailable:    1501936 kB
Buffers:           90684 kB
Cached:          1143872 kB
MemTotal:        1844596 kB
MemFree:          295312 kB
MemAvailable:    1499176 kB
Buffers:           90684 kB
Cached:          1143872 kB
MemTotal:        1844596 kB
MemFree:          295312 kB
MemAvailable:    1499176 kB
Buffers:           90684 kB
Cached:          1143872 kB
MemTotal:        1844596 kB
MemFree:          292900 kB
MemAvailable:    1496764 kB
Buffers:           90684 kB
Cached:          1143872 kB
MemTotal:        1844596 kB
MemFree:          291724 kB
MemAvailable:    1495588 kB
Buffers:           90684 kB
Cached:          1143872 kB
MemTotal:        1844596 kB
MemFree:          292900 kB
MemAvailable:    1496764 kB
Buffers:           90684 kB
Cached:          1143872 kB
MemTotal:        1844596 kB
MemFree:          291336 kB
MemAvailable:    1495200 kB
Buffers:           90684 kB
Cached:          1143872 kB
MemTotal:        1844596 kB
MemFree:          292660 kB
MemAvailable:    1496524 kB
Buffers:           90684 kB
Cached:          1143872 kB
MemTotal:        1844596 kB
MemFree:          291352 kB
MemAvailable:    1495216 kB
Buffers:           90684 kB
Cached:          1143872 kB
MemTotal:        1844596 kB
MemFree:          292288 kB
MemAvailable:    1496152 kB
Buffers:           90684 kB
Cached:          1143872 kB
MemTotal:        1844596 kB
MemFree:          292436 kB
MemAvailable:    1496300 kB
Buffers:           90684 kB
Cached:          1143872 kB
MemTotal:        1844596 kB
MemFree:          291104 kB
MemAvailable:    1494968 kB
Buffers:           90684 kB
Cached:          1143872 kB
MemTotal:        1844596 kB
MemFree:          292460 kB
MemAvailable:    1496324 kB
Buffers:           90684 kB
Cached:          1143872 kB
MemTotal:        1844596 kB
MemFree:          291064 kB
MemAvailable:    1494928 kB
Buffers:           90684 kB
Cached:          1143872 kB
MemTotal:        1844596 kB
MemFree:          292108 kB
MemAvailable:    1495972 kB
Buffers:           90684 kB
Cached:          1143872 kB
MemTotal:        1844596 kB
MemFree:          291056 kB
MemAvailable:    1494920 kB
Buffers:           90684 kB
Cached:          1143872 kB
MemTotal:        1844596 kB
MemFree:          287500 kB
MemAvailable:    1491364 kB
Buffers:           90684 kB
Cached:          1143872 kB
MemTotal:        1844596 kB
MemFree:          286360 kB
MemAvailable:    1490224 kB
Buffers:           90684 kB
Cached:          1143872 kB
MemTotal:        1844596 kB
MemFree:          285036 kB
MemAvailable:    1488900 kB
Buffers:           90684 kB
Cached:          1143872 kB
MemTotal:        1844596 kB
MemFree:          284780 kB
MemAvailable:    1488644 kB
Buffers:           90684 kB
Cached:          1143872 kB
MemTotal:        1844596 kB
MemFree:          284400 kB
MemAvailable:    1488264 kB
Buffers:           90684 kB
Cached:          1143872 kB
MemTotal:        1844596 kB
MemFree:          284652 kB
MemAvailable:    1488516 kB
Buffers:           90684 kB
Cached:          1143872 kB
MemTotal:        1844596 kB
MemFree:          283756 kB
MemAvailable:    1487620 kB
Buffers:           90684 kB
Cached:          1143872 kB
MemTotal:        1844596 kB
MemFree:          283460 kB
MemAvailable:    1487324 kB
Buffers:           90684 kB
Cached:          1143872 kB
MemTotal:        1844596 kB
MemFree:          283480 kB
MemAvailable:    1487344 kB
Buffers:           90684 kB
Cached:          1143872 kB
MemTotal:        1844596 kB
MemFree:          283548 kB
MemAvailable:    1487412 kB
Buffers:           90684 kB
Cached:          1143872 kB
MemTotal:        1844596 kB
MemFree:          283492 kB
MemAvailable:    1487356 kB
Buffers:           90684 kB
Cached:          1143872 kB
MemTotal:        1844596 kB
MemFree:          283484 kB
MemAvailable:    1487348 kB
Buffers:           90684 kB
Cached:          1143872 kB
MemTotal:        1844596 kB
MemFree:          283556 kB
MemAvailable:    1487420 kB
Buffers:           90684 kB
Cached:          1143872 kB
MemTotal:        1844596 kB
MemFree:          283428 kB
MemAvailable:    1487292 kB
Buffers:           90684 kB
Cached:          1143872 kB
MemTotal:        1844596 kB
MemFree:          283280 kB
MemAvailable:    1487144 kB
Buffers:           90684 kB
Cached:          1143872 kB
MemTotal:        1844596 kB
MemFree:          283760 kB
MemAvailable:    1487624 kB
Buffers:           90684 kB
Cached:          1143872 kB
MemTotal:        1844596 kB
MemFree:          283656 kB
MemAvailable:    1487520 kB
Buffers:           90684 kB
Cached:          1143872 kB
MemTotal:        1844596 kB
MemFree:          283388 kB
MemAvailable:    1487252 kB
Buffers:           90684 kB
Cached:          1143872 kB
MemTotal:        1844596 kB
MemFree:          283388 kB
MemAvailable:    1487252 kB
Buffers:           90684 kB
Cached:          1143872 kB
MemTotal:        1844596 kB
MemFree:          283428 kB
MemAvailable:    1487292 kB
Buffers:           90684 kB
Cached:          1143872 kB
MemTotal:        1844596 kB
MemFree:          283172 kB
MemAvailable:    1487036 kB
Buffers:           90684 kB
Cached:          1143872 kB
MemTotal:        1844596 kB
MemFree:          282192 kB
MemAvailable:    1486056 kB
Buffers:           90684 kB
Cached:          1143872 kB
MemTotal:        1844596 kB
MemFree:          283036 kB
MemAvailable:    1486900 kB
Buffers:           90684 kB
Cached:          1143872 kB
MemTotal:        1844596 kB
MemFree:          283372 kB
MemAvailable:    1487236 kB
Buffers:           90684 kB
Cached:          1143872 kB
MemTotal:        1844596 kB
MemFree:          283128 kB
MemAvailable:    1486992 kB
Buffers:           90684 kB
Cached:          1143872 kB
MemTotal:        1844596 kB
MemFree:          283124 kB
MemAvailable:    1486988 kB
Buffers:           90684 kB
Cached:          1143872 kB
MemTotal:        1844596 kB
MemFree:          279888 kB
MemAvailable:    1483752 kB
Buffers:           90684 kB
Cached:          1143872 kB
MemTotal:        1844596 kB
MemFree:          277356 kB
MemAvailable:    1481220 kB
Buffers:           90684 kB
Cached:          1143872 kB
MemTotal:        1844596 kB
MemFree:          275860 kB
MemAvailable:    1479732 kB
Buffers:           90684 kB
Cached:          1143872 kB
MemTotal:        1844596 kB
MemFree:          274976 kB
MemAvailable:    1478848 kB
Buffers:           90684 kB
Cached:          1143872 kB
MemTotal:        1844596 kB
MemFree:          274736 kB
MemAvailable:    1478608 kB
Buffers:           90684 kB
Cached:          1143872 kB
MemTotal:        1844596 kB
MemFree:          274976 kB
MemAvailable:    1478848 kB
Buffers:           90684 kB
Cached:          1143872 kB
MemTotal:        1844596 kB
MemFree:          274804 kB
MemAvailable:    1478676 kB
Buffers:           90684 kB
Cached:          1143872 kB
MemTotal:        1844596 kB
MemFree:          274732 kB
MemAvailable:    1478604 kB
Buffers:           90684 kB
Cached:          1143872 kB
MemTotal:        1844596 kB
MemFree:          273504 kB
MemAvailable:    1477376 kB
Buffers:           90684 kB
Cached:          1143872 kB
MemTotal:        1844596 kB
MemFree:          274992 kB
MemAvailable:    1478872 kB
Buffers:           90684 kB
Cached:          1143880 kB
MemTotal:        1844596 kB
MemFree:          274868 kB
MemAvailable:    1478748 kB
Buffers:           90684 kB
Cached:          1143880 kB
MemTotal:        1844596 kB
MemFree:          274540 kB
MemAvailable:    1478420 kB
Buffers:           90684 kB
Cached:          1143880 kB
MemTotal:        1844596 kB
MemFree:          274308 kB
MemAvailable:    1478188 kB
Buffers:           90684 kB
Cached:          1143880 kB
MemTotal:        1844596 kB
MemFree:          274564 kB
MemAvailable:    1478444 kB
Buffers:           90684 kB
Cached:          1143880 kB
MemTotal:        1844596 kB
MemFree:          273316 kB
MemAvailable:    1477196 kB
Buffers:           90684 kB
Cached:          1143880 kB
MemTotal:        1844596 kB
MemFree:          274420 kB
MemAvailable:    1478300 kB
Buffers:           90684 kB
Cached:          1143880 kB
MemTotal:        1844596 kB
MemFree:          274248 kB
MemAvailable:    1478128 kB
Buffers:           90684 kB
Cached:          1143880 kB
MemTotal:        1844596 kB
MemFree:          274368 kB
MemAvailable:    1478248 kB
Buffers:           90684 kB
Cached:          1143880 kB
MemTotal:        1844596 kB
MemFree:          274608 kB
MemAvailable:    1478488 kB
Buffers:           90684 kB
Cached:          1143880 kB
MemTotal:        1844596 kB
MemFree:          274496 kB
MemAvailable:    1478376 kB
Buffers:           90684 kB
Cached:          1143880 kB
MemTotal:        1844596 kB
MemFree:          273192 kB
MemAvailable:    1477072 kB
Buffers:           90684 kB
Cached:          1143880 kB
MemTotal:        1844596 kB
MemFree:          273440 kB
MemAvailable:    1477320 kB
Buffers:           90684 kB
Cached:          1143880 kB
MemTotal:        1844596 kB
MemFree:          274616 kB
MemAvailable:    1478496 kB
Buffers:           90684 kB
Cached:          1143880 kB
MemTotal:        1844596 kB
MemFree:          274416 kB
MemAvailable:    1478296 kB
Buffers:           90684 kB
Cached:          1143880 kB
MemTotal:        1844596 kB
MemFree:          274584 kB
MemAvailable:    1478464 kB
Buffers:           90684 kB
Cached:          1143880 kB
MemTotal:        1844596 kB
MemFree:          274344 kB
MemAvailable:    1478224 kB
Buffers:           90684 kB
Cached:          1143880 kB
MemTotal:        1844596 kB
MemFree:          274680 kB
MemAvailable:    1478560 kB
Buffers:           90684 kB
Cached:          1143880 kB
MemTotal:        1844596 kB
MemFree:          274352 kB
MemAvailable:    1478232 kB
Buffers:           90684 kB
Cached:          1143880 kB
MemTotal:        1844596 kB
MemFree:          274352 kB
MemAvailable:    1478232 kB
Buffers:           90684 kB
Cached:          1143880 kB
MemTotal:        1844596 kB
MemFree:          270760 kB
MemAvailable:    1474640 kB
Buffers:           90684 kB
Cached:          1143880 kB
MemTotal:        1844596 kB
MemFree:          270760 kB
MemAvailable:    1474640 kB
Buffers:           90684 kB
Cached:          1143880 kB
MemTotal:        1844596 kB
MemFree:          266988 kB
MemAvailable:    1470868 kB
Buffers:           90684 kB
Cached:          1143880 kB
MemTotal:        1844596 kB
MemFree:          265372 kB
MemAvailable:    1469252 kB
Buffers:           90684 kB
Cached:          1143880 kB
MemTotal:        1844596 kB
MemFree:          265000 kB
MemAvailable:    1468880 kB
Buffers:           90684 kB
Cached:          1143880 kB
MemTotal:        1844596 kB
MemFree:          265084 kB
MemAvailable:    1468964 kB
Buffers:           90684 kB
Cached:          1143880 kB
MemTotal:        1844596 kB
MemFree:          263652 kB
MemAvailable:    1467532 kB
Buffers:           90684 kB
Cached:          1143880 kB
MemTotal:        1844596 kB
MemFree:          263824 kB
MemAvailable:    1467704 kB
Buffers:           90684 kB
Cached:          1143880 kB
MemTotal:        1844596 kB
MemFree:          263592 kB
MemAvailable:    1467472 kB
Buffers:           90684 kB
Cached:          1143880 kB
MemTotal:        1844596 kB
MemFree:          263212 kB
MemAvailable:    1467092 kB
Buffers:           90684 kB
Cached:          1143880 kB
MemTotal:        1844596 kB
MemFree:          262900 kB
MemAvailable:    1466780 kB
Buffers:           90684 kB
Cached:          1143880 kB
MemTotal:        1844596 kB
MemFree:          261724 kB
MemAvailable:    1465604 kB
Buffers:           90684 kB
Cached:          1143880 kB
MemTotal:        1844596 kB
MemFree:          262524 kB
MemAvailable:    1466404 kB
Buffers:           90684 kB
Cached:          1143880 kB
MemTotal:        1844596 kB
MemFree:          262608 kB
MemAvailable:    1466488 kB
Buffers:           90684 kB
Cached:          1143880 kB
MemTotal:        1844596 kB
MemFree:          262660 kB
MemAvailable:    1466540 kB
Buffers:           90684 kB
Cached:          1143880 kB
MemTotal:        1844596 kB
MemFree:          262716 kB
MemAvailable:    1466596 kB
Buffers:           90684 kB
Cached:          1143880 kB
MemTotal:        1844596 kB
MemFree:          262588 kB
MemAvailable:    1466468 kB
Buffers:           90684 kB
Cached:          1143880 kB
MemTotal:        1844596 kB
MemFree:          262696 kB
MemAvailable:    1466576 kB
Buffers:           90684 kB
Cached:          1143880 kB
MemTotal:        1844596 kB
MemFree:          262724 kB
MemAvailable:    1466604 kB
Buffers:           90684 kB
Cached:          1143880 kB
MemTotal:        1844596 kB
MemFree:          262668 kB
MemAvailable:    1466548 kB
Buffers:           90684 kB
Cached:          1143880 kB
MemTotal:        1844596 kB
MemFree:          261296 kB
MemAvailable:    1465176 kB
Buffers:           90684 kB
Cached:          1143880 kB
MemTotal:        1844596 kB
MemFree:          262648 kB
MemAvailable:    1466528 kB
Buffers:           90684 kB
Cached:          1143880 kB
MemTotal:        1844596 kB
MemFree:          262220 kB
MemAvailable:    1466100 kB
Buffers:           90684 kB
Cached:          1143880 kB
MemTotal:        1844596 kB
MemFree:          262756 kB
MemAvailable:    1466636 kB
Buffers:           90684 kB
Cached:          1143880 kB
MemTotal:        1844596 kB
MemFree:          261856 kB
MemAvailable:    1465736 kB
Buffers:           90684 kB
Cached:          1143880 kB
MemTotal:        1844596 kB
MemFree:          262584 kB
MemAvailable:    1466464 kB
Buffers:           90684 kB
Cached:          1143880 kB
MemTotal:        1844596 kB
MemFree:          262840 kB
MemAvailable:    1466720 kB
Buffers:           90684 kB
Cached:          1143880 kB
MemTotal:        1844596 kB
MemFree:          262596 kB
MemAvailable:    1466476 kB
Buffers:           90684 kB
Cached:          1143880 kB
MemTotal:        1844596 kB
MemFree:          262584 kB
MemAvailable:    1466464 kB
Buffers:           90684 kB
Cached:          1143880 kB
MemTotal:        1844596 kB
MemFree:          262336 kB
MemAvailable:    1466216 kB
Buffers:           90684 kB
Cached:          1143880 kB
MemTotal:        1844596 kB
MemFree:          263024 kB
MemAvailable:    1466904 kB
Buffers:           90684 kB
Cached:          1143880 kB
MemTotal:        1844596 kB
MemFree:          261452 kB
MemAvailable:    1465332 kB
Buffers:           90684 kB
Cached:          1143880 kB
MemTotal:        1844596 kB
MemFree:          262824 kB
MemAvailable:    1466704 kB
Buffers:           90684 kB
Cached:          1143880 kB
MemTotal:        1844596 kB
MemFree:          262628 kB
MemAvailable:    1466508 kB
Buffers:           90684 kB
Cached:          1143880 kB
MemTotal:        1844596 kB
MemFree:          261316 kB
MemAvailable:    1465196 kB
Buffers:           90684 kB
Cached:          1143880 kB
MemTotal:        1844596 kB
MemFree:          261408 kB
MemAvailable:    1465288 kB
Buffers:           90684 kB
Cached:          1143880 kB
MemTotal:        1844596 kB
MemFree:          261276 kB
MemAvailable:    1465156 kB
Buffers:           90684 kB
Cached:          1143880 kB
MemTotal:        1844596 kB
MemFree:          261276 kB
MemAvailable:    1465156 kB
Buffers:           90684 kB
Cached:          1143880 kB
MemTotal:        1844596 kB
MemFree:          262744 kB
MemAvailable:    1466624 kB
Buffers:           90684 kB
Cached:          1143880 kB
MemTotal:        1844596 kB
MemFree:          262540 kB
MemAvailable:    1466420 kB
Buffers:           90684 kB
Cached:          1143880 kB
MemTotal:        1844596 kB
MemFree:          262540 kB
MemAvailable:    1466420 kB
Buffers:           90684 kB
Cached:          1143880 kB
MemTotal:        1844596 kB
MemFree:          262764 kB
MemAvailable:    1466644 kB
Buffers:           90684 kB
Cached:          1143880 kB
MemTotal:        1844596 kB
MemFree:          261456 kB
MemAvailable:    1465336 kB
Buffers:           90684 kB
Cached:          1143880 kB
MemTotal:        1844596 kB
MemFree:          261540 kB
MemAvailable:    1465420 kB
Buffers:           90684 kB
Cached:          1143880 kB
MemTotal:        1844596 kB
MemFree:          262692 kB
MemAvailable:    1466572 kB
Buffers:           90684 kB
Cached:          1143880 kB
MemTotal:        1844596 kB
MemFree:          261404 kB
MemAvailable:    1465284 kB
Buffers:           90684 kB
Cached:          1143880 kB
MemTotal:        1844596 kB
MemFree:          261396 kB
MemAvailable:    1465276 kB
Buffers:           90684 kB
Cached:          1143880 kB
MemTotal:        1844596 kB
MemFree:          261440 kB
MemAvailable:    1465320 kB
Buffers:           90684 kB
Cached:          1143880 kB
MemTotal:        1844596 kB
MemFree:          262632 kB
MemAvailable:    1466512 kB
Buffers:           90684 kB
Cached:          1143880 kB
MemTotal:        1844596 kB
MemFree:          262632 kB
MemAvailable:    1466512 kB
Buffers:           90684 kB
Cached:          1143880 kB
MemTotal:        1844596 kB
MemFree:          262536 kB
MemAvailable:    1466416 kB
Buffers:           90684 kB
Cached:          1143880 kB
MemTotal:        1844596 kB
MemFree:          262792 kB
MemAvailable:    1466672 kB
Buffers:           90684 kB
Cached:          1143880 kB
MemTotal:        1844596 kB
MemFree:          262592 kB
MemAvailable:    1466472 kB
Buffers:           90684 kB
Cached:          1143880 kB
MemTotal:        1844596 kB
MemFree:          261848 kB
MemAvailable:    1465728 kB
Buffers:           90684 kB
Cached:          1143880 kB
MemTotal:        1844596 kB
MemFree:          262452 kB
MemAvailable:    1466340 kB
Buffers:           90684 kB
Cached:          1143888 kB
MemTotal:        1844596 kB
MemFree:          262788 kB
MemAvailable:    1466676 kB
Buffers:           90684 kB
Cached:          1143888 kB
MemTotal:        1844596 kB
MemFree:          262584 kB
MemAvailable:    1466472 kB
Buffers:           90684 kB
Cached:          1143888 kB
MemTotal:        1844596 kB
MemFree:          262584 kB
MemAvailable:    1466472 kB
Buffers:           90684 kB
Cached:          1143888 kB
MemTotal:        1844596 kB
MemFree:          261220 kB
MemAvailable:    1465108 kB
Buffers:           90684 kB
Cached:          1143888 kB
MemTotal:        1844596 kB
MemFree:          262520 kB
MemAvailable:    1466408 kB
Buffers:           90684 kB
Cached:          1143888 kB
MemTotal:        1844596 kB
MemFree:          261080 kB
MemAvailable:    1464968 kB
Buffers:           90684 kB
Cached:          1143888 kB
MemTotal:        1844596 kB
MemFree:          262188 kB
MemAvailable:    1466076 kB
Buffers:           90684 kB
Cached:          1143888 kB
MemTotal:        1844596 kB
MemFree:          262524 kB
MemAvailable:    1466412 kB
Buffers:           90684 kB
Cached:          1143888 kB
MemTotal:        1844596 kB
MemFree:          262196 kB
MemAvailable:    1466084 kB
Buffers:           90684 kB
Cached:          1143888 kB
MemTotal:        1844596 kB
MemFree:          262016 kB
MemAvailable:    1465904 kB
Buffers:           90684 kB
Cached:          1143888 kB
MemTotal:        1844596 kB
MemFree:          262016 kB
MemAvailable:    1465904 kB
Buffers:           90684 kB
Cached:          1143888 kB
MemTotal:        1844596 kB
MemFree:          260808 kB
MemAvailable:    1464696 kB
Buffers:           90684 kB
Cached:          1143888 kB
MemTotal:        1844596 kB
MemFree:          260676 kB
MemAvailable:    1464564 kB
Buffers:           90684 kB
Cached:          1143888 kB
MemTotal:        1844596 kB
MemFree:          261784 kB
MemAvailable:    1465672 kB
Buffers:           90684 kB
Cached:          1143888 kB
MemTotal:        1844596 kB
MemFree:          261784 kB
MemAvailable:    1465672 kB
Buffers:           90684 kB
Cached:          1143888 kB
MemTotal:        1844596 kB
MemFree:          261604 kB
MemAvailable:    1465492 kB
Buffers:           90684 kB
Cached:          1143888 kB
MemTotal:        1844596 kB
MemFree:          261532 kB
MemAvailable:    1465420 kB
Buffers:           90684 kB
Cached:          1143888 kB
MemTotal:        1844596 kB
MemFree:          261868 kB
MemAvailable:    1465756 kB
Buffers:           90684 kB
Cached:          1143888 kB
MemTotal:        1844596 kB
MemFree:          261592 kB
MemAvailable:    1465480 kB
Buffers:           90684 kB
Cached:          1143888 kB
MemTotal:        1844596 kB
MemFree:          261928 kB
MemAvailable:    1465816 kB
Buffers:           90684 kB
Cached:          1143888 kB
MemTotal:        1844596 kB
MemFree:          261604 kB
MemAvailable:    1465492 kB
Buffers:           90684 kB
Cached:          1143888 kB
MemTotal:        1844596 kB
MemFree:          261648 kB
MemAvailable:    1465536 kB
Buffers:           90684 kB
Cached:          1143888 kB
MemTotal:        1844596 kB
MemFree:          261836 kB
MemAvailable:    1465724 kB
Buffers:           90684 kB
Cached:          1143888 kB
MemTotal:        1844596 kB
MemFree:          260424 kB
MemAvailable:    1464312 kB
Buffers:           90684 kB
Cached:          1143888 kB
MemTotal:        1844596 kB
MemFree:          261864 kB
MemAvailable:    1465752 kB
Buffers:           90684 kB
Cached:          1143888 kB
MemTotal:        1844596 kB
MemFree:          261592 kB
MemAvailable:    1465480 kB
Buffers:           90684 kB
Cached:          1143888 kB
MemTotal:        1844596 kB
MemFree:          261592 kB
MemAvailable:    1465480 kB
Buffers:           90684 kB
Cached:          1143888 kB
MemTotal:        1844596 kB
MemFree:          261648 kB
MemAvailable:    1465536 kB
Buffers:           90684 kB
Cached:          1143888 kB
MemTotal:        1844596 kB
MemFree:          260732 kB
MemAvailable:    1464620 kB
Buffers:           90684 kB
Cached:          1143888 kB
MemTotal:        1844596 kB
MemFree:          260332 kB
MemAvailable:    1464220 kB
Buffers:           90684 kB
Cached:          1143888 kB
MemTotal:        1844596 kB
MemFree:          255772 kB
MemAvailable:    1459660 kB
Buffers:           90684 kB
Cached:          1143888 kB
MemTotal:        1844596 kB
MemFree:          253096 kB
MemAvailable:    1456984 kB
Buffers:           90684 kB
Cached:          1143888 kB
MemTotal:        1844596 kB
MemFree:          250820 kB
MemAvailable:    1454708 kB
Buffers:           90684 kB
Cached:          1143888 kB
MemTotal:        1844596 kB
MemFree:          250920 kB
MemAvailable:    1454808 kB
Buffers:           90684 kB
Cached:          1143888 kB
MemTotal:        1844596 kB
MemFree:          251256 kB
MemAvailable:    1455144 kB
Buffers:           90684 kB
Cached:          1143888 kB
MemTotal:        1844596 kB
MemFree:          251136 kB
MemAvailable:    1455024 kB
Buffers:           90684 kB
Cached:          1143888 kB
MemTotal:        1844596 kB
MemFree:          249820 kB
MemAvailable:    1453708 kB
Buffers:           90684 kB
Cached:          1143888 kB
MemTotal:        1844596 kB
MemFree:          250548 kB
MemAvailable:    1454436 kB
Buffers:           90684 kB
Cached:          1143888 kB
MemTotal:        1844596 kB
MemFree:          250884 kB
MemAvailable:    1454772 kB
Buffers:           90684 kB
Cached:          1143888 kB
MemTotal:        1844596 kB
MemFree:          249936 kB
MemAvailable:    1453824 kB
Buffers:           90684 kB
Cached:          1143888 kB
MemTotal:        1844596 kB
MemFree:          249936 kB
MemAvailable:    1453824 kB
Buffers:           90684 kB
Cached:          1143888 kB
MemTotal:        1844596 kB
MemFree:          249004 kB
MemAvailable:    1452892 kB
Buffers:           90684 kB
Cached:          1143888 kB
MemTotal:        1844596 kB
MemFree:          247712 kB
MemAvailable:    1451600 kB
Buffers:           90684 kB
Cached:          1143888 kB
MemTotal:        1844596 kB
MemFree:          248704 kB
MemAvailable:    1452592 kB
Buffers:           90684 kB
Cached:          1143888 kB
MemTotal:        1844596 kB
MemFree:          248192 kB
MemAvailable:    1452080 kB
Buffers:           90684 kB
Cached:          1143888 kB
MemTotal:        1844596 kB
MemFree:          248192 kB
MemAvailable:    1452080 kB
Buffers:           90684 kB
Cached:          1143888 kB
MemTotal:        1844596 kB
MemFree:          247996 kB
MemAvailable:    1451884 kB
Buffers:           90684 kB
Cached:          1143888 kB
MemTotal:        1844596 kB
MemFree:          247996 kB
MemAvailable:    1451884 kB
Buffers:           90684 kB
Cached:          1143888 kB
MemTotal:        1844596 kB
MemFree:          246952 kB
MemAvailable:    1450840 kB
Buffers:           90684 kB
Cached:          1143888 kB
MemTotal:        1844596 kB
MemFree:          248304 kB
MemAvailable:    1452192 kB
Buffers:           90684 kB
Cached:          1143888 kB
MemTotal:        1844596 kB
MemFree:          248248 kB
MemAvailable:    1452136 kB
Buffers:           90684 kB
Cached:          1143888 kB
MemTotal:        1844596 kB
MemFree:          246816 kB
MemAvailable:    1450704 kB
Buffers:           90684 kB
Cached:          1143888 kB
MemTotal:        1844596 kB
MemFree:          248176 kB
MemAvailable:    1452064 kB
Buffers:           90684 kB
Cached:          1143888 kB
MemTotal:        1844596 kB
MemFree:          248176 kB
MemAvailable:    1452064 kB
Buffers:           90684 kB
Cached:          1143888 kB
MemTotal:        1844596 kB
MemFree:          246836 kB
MemAvailable:    1450724 kB
Buffers:           90684 kB
Cached:          1143888 kB
MemTotal:        1844596 kB
MemFree:          248136 kB
MemAvailable:    1452024 kB
Buffers:           90684 kB
Cached:          1143888 kB
MemTotal:        1844596 kB
MemFree:          246976 kB
MemAvailable:    1450864 kB
Buffers:           90684 kB
Cached:          1143888 kB
MemTotal:        1844596 kB
MemFree:          245712 kB
MemAvailable:    1449600 kB
Buffers:           90684 kB
Cached:          1143888 kB
MemTotal:        1844596 kB
MemFree:          245464 kB
MemAvailable:    1449352 kB
Buffers:           90684 kB
Cached:          1143888 kB
MemTotal:        1844596 kB
MemFree:          246404 kB
MemAvailable:    1450292 kB
Buffers:           90684 kB
Cached:          1143888 kB
MemTotal:        1844596 kB
MemFree:          244852 kB
MemAvailable:    1448740 kB
Buffers:           90684 kB
Cached:          1143888 kB
MemTotal:        1844596 kB
MemFree:          244844 kB
MemAvailable:    1448732 kB
Buffers:           90684 kB
Cached:          1143888 kB
MemTotal:        1844596 kB
MemFree:          245796 kB
MemAvailable:    1449684 kB
Buffers:           90684 kB
Cached:          1143888 kB
MemTotal:        1844596 kB
MemFree:          245852 kB
MemAvailable:    1449740 kB
Buffers:           90684 kB
Cached:          1143888 kB
MemTotal:        1844596 kB
MemFree:          245416 kB
MemAvailable:    1449304 kB
Buffers:           90684 kB
Cached:          1143888 kB
MemTotal:        1844596 kB
MemFree:          243984 kB
MemAvailable:    1447872 kB
Buffers:           90684 kB
Cached:          1143888 kB
MemTotal:        1844596 kB
MemFree:          244108 kB
MemAvailable:    1447996 kB
Buffers:           90684 kB
Cached:          1143888 kB
MemTotal:        1844596 kB
MemFree:          244108 kB
MemAvailable:    1447996 kB
Buffers:           90684 kB
Cached:          1143888 kB
MemTotal:        1844596 kB
MemFree:          242564 kB
MemAvailable:    1446452 kB
Buffers:           90684 kB
Cached:          1143888 kB
MemTotal:        1844596 kB
MemFree:          243804 kB
MemAvailable:    1447692 kB
Buffers:           90684 kB
Cached:          1143888 kB
MemTotal:        1844596 kB
MemFree:          243176 kB
MemAvailable:    1447064 kB
Buffers:           90684 kB
Cached:          1143888 kB
MemTotal:        1844596 kB
MemFree:          242016 kB
MemAvailable:    1445904 kB
Buffers:           90684 kB
Cached:          1143888 kB
MemTotal:        1844596 kB
MemFree:          243116 kB
MemAvailable:    1447004 kB
Buffers:           90684 kB
Cached:          1143888 kB
MemTotal:        1844596 kB
MemFree:          243116 kB
MemAvailable:    1447004 kB
Buffers:           90684 kB
Cached:          1143888 kB
MemTotal:        1844596 kB
MemFree:          243060 kB
MemAvailable:    1446948 kB
Buffers:           90684 kB
Cached:          1143888 kB
MemTotal:        1844596 kB
MemFree:          241712 kB
MemAvailable:    1445600 kB
Buffers:           90684 kB
Cached:          1143888 kB
MemTotal:        1844596 kB
MemFree:          241712 kB
MemAvailable:    1445600 kB
Buffers:           90684 kB
Cached:          1143888 kB
MemTotal:        1844596 kB
MemFree:          243124 kB
MemAvailable:    1447024 kB
Buffers:           90684 kB
Cached:          1143900 kB
MemTotal:        1844596 kB
MemFree:          241712 kB
MemAvailable:    1445612 kB
Buffers:           90684 kB
Cached:          1143900 kB
MemTotal:        1844596 kB
MemFree:          243076 kB
MemAvailable:    1446976 kB
Buffers:           90684 kB
Cached:          1143900 kB
MemTotal:        1844596 kB
MemFree:          242256 kB
MemAvailable:    1446032 kB
Buffers:           90684 kB
Cached:          1143900 kB
MemTotal:        1844596 kB
MemFree:          243184 kB
MemAvailable:    1447084 kB
Buffers:           90684 kB
Cached:          1143900 kB
MemTotal:        1844596 kB
MemFree:          242256 kB
MemAvailable:    1446156 kB
Buffers:           90684 kB
Cached:          1143900 kB
MemTotal:        1844596 kB
MemFree:          242744 kB
MemAvailable:    1446644 kB
Buffers:           90684 kB
Cached:          1143900 kB
MemTotal:        1844596 kB
MemFree:          242744 kB
MemAvailable:    1446644 kB
Buffers:           90684 kB
Cached:          1143900 kB
MemTotal:        1844596 kB
MemFree:          242848 kB
MemAvailable:    1446748 kB
Buffers:           90684 kB
Cached:          1143900 kB
MemTotal:        1844596 kB
MemFree:          242828 kB
MemAvailable:    1446728 kB
Buffers:           90684 kB
Cached:          1143900 kB
MemTotal:        1844596 kB
MemFree:          242804 kB
MemAvailable:    1446704 kB
Buffers:           90684 kB
Cached:          1143900 kB
MemTotal:        1844596 kB
MemFree:          242140 kB
MemAvailable:    1446040 kB
Buffers:           90684 kB
Cached:          1143900 kB
MemTotal:        1844596 kB
MemFree:          242804 kB
MemAvailable:    1446704 kB
Buffers:           90684 kB
Cached:          1143900 kB
MemTotal:        1844596 kB
MemFree:          241504 kB
MemAvailable:    1445404 kB
Buffers:           90684 kB
Cached:          1143900 kB
MemTotal:        1844596 kB
MemFree:          242756 kB
MemAvailable:    1446656 kB
Buffers:           90684 kB
Cached:          1143900 kB
MemTotal:        1844596 kB
MemFree:          242800 kB
MemAvailable:    1446700 kB
Buffers:           90684 kB
Cached:          1143900 kB
MemTotal:        1844596 kB
MemFree:          242924 kB
MemAvailable:    1446824 kB
Buffers:           90684 kB
Cached:          1143900 kB
MemTotal:        1844596 kB
MemFree:          242612 kB
MemAvailable:    1446512 kB
Buffers:           90684 kB
Cached:          1143900 kB
MemTotal:        1844596 kB
MemFree:          242948 kB
MemAvailable:    1446848 kB
Buffers:           90684 kB
Cached:          1143900 kB
MemTotal:        1844596 kB
MemFree:          242624 kB
MemAvailable:    1446524 kB
Buffers:           90684 kB
Cached:          1143900 kB
MemTotal:        1844596 kB
MemFree:          241696 kB
MemAvailable:    1445596 kB
Buffers:           90684 kB
Cached:          1143900 kB
MemTotal:        1844596 kB
MemFree:          242008 kB
MemAvailable:    1445908 kB
Buffers:           90684 kB
Cached:          1143900 kB
MemTotal:        1844596 kB
MemFree:          240148 kB
MemAvailable:    1444048 kB
Buffers:           90684 kB
Cached:          1143900 kB
MemTotal:        1844596 kB
MemFree:          239280 kB
MemAvailable:    1443180 kB
Buffers:           90684 kB
Cached:          1143900 kB
MemTotal:        1844596 kB
MemFree:          238464 kB
MemAvailable:    1442364 kB
Buffers:           90684 kB
Cached:          1143900 kB
MemTotal:        1844596 kB
MemFree:          237056 kB
MemAvailable:    1440956 kB
Buffers:           90684 kB
Cached:          1143900 kB
MemTotal:        1844596 kB
MemFree:          233816 kB
MemAvailable:    1437716 kB
Buffers:           90684 kB
Cached:          1143900 kB
MemTotal:        1844596 kB
MemFree:          233212 kB
MemAvailable:    1437112 kB
Buffers:           90684 kB
Cached:          1143900 kB
MemTotal:        1844596 kB
MemFree:          228972 kB
MemAvailable:    1432872 kB
Buffers:           90684 kB
Cached:          1143900 kB
MemTotal:        1844596 kB
MemFree:          228492 kB
MemAvailable:    1432392 kB
Buffers:           90684 kB
Cached:          1143900 kB
MemTotal:        1844596 kB
MemFree:          225020 kB
MemAvailable:    1428920 kB
Buffers:           90684 kB
Cached:          1143900 kB
MemTotal:        1844596 kB
MemFree:          223284 kB
MemAvailable:    1427184 kB
Buffers:           90684 kB
Cached:          1143900 kB
MemTotal:        1844596 kB
MemFree:          224084 kB
MemAvailable:    1427984 kB
Buffers:           90684 kB
Cached:          1143900 kB
MemTotal:        1844596 kB
MemFree:          224336 kB
MemAvailable:    1428236 kB
Buffers:           90684 kB
Cached:          1143900 kB
MemTotal:        1844596 kB
MemFree:          224020 kB
MemAvailable:    1427920 kB
Buffers:           90684 kB
Cached:          1143900 kB
MemTotal:        1844596 kB
MemFree:          222888 kB
MemAvailable:    1426788 kB
Buffers:           90684 kB
Cached:          1143900 kB
MemTotal:        1844596 kB
MemFree:          223872 kB
MemAvailable:    1427772 kB
Buffers:           90684 kB
Cached:          1143900 kB
MemTotal:        1844596 kB
MemFree:          223872 kB
MemAvailable:    1427772 kB
Buffers:           90684 kB
Cached:          1143900 kB
MemTotal:        1844596 kB
MemFree:          223592 kB
MemAvailable:    1427492 kB
Buffers:           90684 kB
Cached:          1143900 kB
MemTotal:        1844596 kB
MemFree:          223928 kB
MemAvailable:    1427828 kB
Buffers:           90684 kB
Cached:          1143900 kB
MemTotal:        1844596 kB
MemFree:          223720 kB
MemAvailable:    1427620 kB
Buffers:           90684 kB
Cached:          1143900 kB
MemTotal:        1844596 kB
MemFree:          223972 kB
MemAvailable:    1427872 kB
Buffers:           90684 kB
Cached:          1143900 kB
MemTotal:        1844596 kB
MemFree:          223408 kB
MemAvailable:    1427308 kB
Buffers:           90684 kB
Cached:          1143900 kB
MemTotal:        1844596 kB
MemFree:          223144 kB
MemAvailable:    1427044 kB
Buffers:           90684 kB
Cached:          1143900 kB
MemTotal:        1844596 kB
MemFree:          223480 kB
MemAvailable:    1427380 kB
Buffers:           90684 kB
Cached:          1143900 kB
MemTotal:        1844596 kB
MemFree:          223012 kB
MemAvailable:    1426912 kB
Buffers:           90684 kB
Cached:          1143900 kB
MemTotal:        1844596 kB
MemFree:          223012 kB
MemAvailable:    1426912 kB
Buffers:           90684 kB
Cached:          1143900 kB
MemTotal:        1844596 kB
MemFree:          223148 kB
MemAvailable:    1427048 kB
Buffers:           90684 kB
Cached:          1143900 kB
MemTotal:        1844596 kB
MemFree:          221900 kB
MemAvailable:    1425800 kB
Buffers:           90684 kB
Cached:          1143900 kB
MemTotal:        1844596 kB
MemFree:          222968 kB
MemAvailable:    1426868 kB
Buffers:           90684 kB
Cached:          1143900 kB
MemTotal:        1844596 kB
MemFree:          223044 kB
MemAvailable:    1426944 kB
Buffers:           90684 kB
Cached:          1143900 kB
MemTotal:        1844596 kB
MemFree:          223028 kB
MemAvailable:    1426928 kB
Buffers:           90684 kB
Cached:          1143900 kB
MemTotal:        1844596 kB
MemFree:          222548 kB
MemAvailable:    1426448 kB
Buffers:           90684 kB
Cached:          1143900 kB
MemTotal:        1844596 kB
MemFree:          223196 kB
MemAvailable:    1427096 kB
Buffers:           90684 kB
Cached:          1143900 kB
MemTotal:        1844596 kB
MemFree:          223028 kB
MemAvailable:    1426928 kB
Buffers:           90684 kB
Cached:          1143900 kB
MemTotal:        1844596 kB
MemFree:          221736 kB
MemAvailable:    1425636 kB
Buffers:           90684 kB
Cached:          1143900 kB
MemTotal:        1844596 kB
MemFree:          223044 kB
MemAvailable:    1426944 kB
Buffers:           90684 kB
Cached:          1143900 kB
MemTotal:        1844596 kB
MemFree:          223164 kB
MemAvailable:    1427064 kB
Buffers:           90684 kB
Cached:          1143900 kB
MemTotal:        1844596 kB
MemFree:          221732 kB
MemAvailable:    1425632 kB
Buffers:           90684 kB
Cached:          1143900 kB
MemTotal:        1844596 kB
MemFree:          223100 kB
MemAvailable:    1427000 kB
Buffers:           90684 kB
Cached:          1143900 kB
MemTotal:        1844596 kB
MemFree:          221604 kB
MemAvailable:    1425504 kB
Buffers:           90684 kB
Cached:          1143900 kB
MemTotal:        1844596 kB
MemFree:          221728 kB
MemAvailable:    1425628 kB
Buffers:           90684 kB
Cached:          1143900 kB
MemTotal:        1844596 kB
MemFree:          221852 kB
MemAvailable:    1425752 kB
Buffers:           90684 kB
Cached:          1143900 kB
MemTotal:        1844596 kB
MemFree:          223192 kB
MemAvailable:    1427092 kB
Buffers:           90684 kB
Cached:          1143900 kB
MemTotal:        1844596 kB
MemFree:          222964 kB
MemAvailable:    1426864 kB
Buffers:           90684 kB
Cached:          1143900 kB
MemTotal:        1844596 kB
MemFree:          222524 kB
MemAvailable:    1426424 kB
Buffers:           90684 kB
Cached:          1143900 kB
MemTotal:        1844596 kB
MemFree:          222736 kB
MemAvailable:    1426636 kB
Buffers:           90684 kB
Cached:          1143900 kB
MemTotal:        1844596 kB
MemFree:          216332 kB
MemAvailable:    1420232 kB
Buffers:           90684 kB
Cached:          1143900 kB
MemTotal:        1844596 kB
MemFree:          216420 kB
MemAvailable:    1420320 kB
Buffers:           90684 kB
Cached:          1143900 kB
MemTotal:        1844596 kB
MemFree:          211628 kB
MemAvailable:    1415528 kB
Buffers:           90684 kB
Cached:          1143900 kB
MemTotal:        1844596 kB
MemFree:          211380 kB
MemAvailable:    1415280 kB
Buffers:           90684 kB
Cached:          1143900 kB
MemTotal:        1844596 kB
MemFree:          204800 kB
MemAvailable:    1408700 kB
Buffers:           90684 kB
Cached:          1143900 kB
MemTotal:        1844596 kB
MemFree:          205612 kB
MemAvailable:    1409516 kB
Buffers:           90684 kB
Cached:          1143904 kB
MemTotal:        1844596 kB
MemFree:          204312 kB
MemAvailable:    1408216 kB
Buffers:           90684 kB
Cached:          1143904 kB
MemTotal:        1844596 kB
MemFree:          205208 kB
MemAvailable:    1409116 kB
Buffers:           90684 kB
Cached:          1143908 kB
MemTotal:        1844596 kB
MemFree:          205380 kB
MemAvailable:    1409288 kB
Buffers:           90684 kB
Cached:          1143908 kB
MemTotal:        1844596 kB
MemFree:          203884 kB
MemAvailable:    1407792 kB
Buffers:           90684 kB
Cached:          1143908 kB
MemTotal:        1844596 kB
MemFree:          205308 kB
MemAvailable:    1409216 kB
Buffers:           90684 kB
Cached:          1143908 kB
MemTotal:        1844596 kB
MemFree:          205248 kB
MemAvailable:    1409156 kB
Buffers:           90684 kB
Cached:          1143908 kB
MemTotal:        1844596 kB
MemFree:          205460 kB
MemAvailable:    1409368 kB
Buffers:           90684 kB
Cached:          1143908 kB
MemTotal:        1844596 kB
MemFree:          205004 kB
MemAvailable:    1408912 kB
Buffers:           90684 kB
Cached:          1143908 kB
MemTotal:        1844596 kB
MemFree:          204560 kB
MemAvailable:    1408468 kB
Buffers:           90684 kB
Cached:          1143908 kB
MemTotal:        1844596 kB
MemFree:          203680 kB
MemAvailable:    1407588 kB
Buffers:           90684 kB
Cached:          1143908 kB
MemTotal:        1844596 kB
MemFree:          204912 kB
MemAvailable:    1408820 kB
Buffers:           90684 kB
Cached:          1143908 kB
MemTotal:        1844596 kB
MemFree:          204668 kB
MemAvailable:    1408576 kB
Buffers:           90684 kB
Cached:          1143908 kB
MemTotal:        1844596 kB
MemFree:          205004 kB
MemAvailable:    1408912 kB
Buffers:           90684 kB
Cached:          1143908 kB
MemTotal:        1844596 kB
MemFree:          205112 kB
MemAvailable:    1409020 kB
Buffers:           90684 kB
Cached:          1143908 kB
MemTotal:        1844596 kB
MemFree:          204064 kB
MemAvailable:    1407972 kB
Buffers:           90684 kB
Cached:          1143908 kB
MemTotal:        1844596 kB
MemFree:          205108 kB
MemAvailable:    1409020 kB
Buffers:           90684 kB
Cached:          1143912 kB
MemTotal:        1844596 kB
MemFree:          204072 kB
MemAvailable:    1407984 kB
Buffers:           90684 kB
Cached:          1143912 kB
MemTotal:        1844596 kB
MemFree:          204916 kB
MemAvailable:    1408828 kB
Buffers:           90684 kB
Cached:          1143912 kB
MemTotal:        1844596 kB
MemFree:          204916 kB
MemAvailable:    1408828 kB
Buffers:           90684 kB
Cached:          1143912 kB
MemTotal:        1844596 kB
MemFree:          203512 kB
MemAvailable:    1407424 kB
Buffers:           90684 kB
Cached:          1143912 kB
MemTotal:        1844596 kB
MemFree:          203512 kB
MemAvailable:    1407424 kB
Buffers:           90684 kB
Cached:          1143912 kB
MemTotal:        1844596 kB
MemFree:          204876 kB
MemAvailable:    1408788 kB
Buffers:           90684 kB
Cached:          1143912 kB
MemTotal:        1844596 kB
MemFree:          203504 kB
MemAvailable:    1407416 kB
Buffers:           90684 kB
Cached:          1143912 kB
MemTotal:        1844596 kB
MemFree:          205140 kB
MemAvailable:    1409052 kB
Buffers:           90684 kB
Cached:          1143912 kB
MemTotal:        1844596 kB
MemFree:          204768 kB
MemAvailable:    1408680 kB
Buffers:           90684 kB
Cached:          1143912 kB
MemTotal:        1844596 kB
MemFree:          204932 kB
MemAvailable:    1408844 kB
Buffers:           90684 kB
Cached:          1143912 kB
MemTotal:        1844596 kB
MemFree:          203680 kB
MemAvailable:    1407592 kB
Buffers:           90684 kB
Cached:          1143912 kB
MemTotal:        1844596 kB
MemFree:          203508 kB
MemAvailable:    1407420 kB
Buffers:           90684 kB
Cached:          1143912 kB
MemTotal:        1844596 kB
MemFree:          204748 kB
MemAvailable:    1408660 kB
Buffers:           90684 kB
Cached:          1143912 kB
MemTotal:        1844596 kB
MemFree:          204928 kB
MemAvailable:    1408840 kB
Buffers:           90684 kB
Cached:          1143912 kB
MemTotal:        1844596 kB
MemFree:          205056 kB
MemAvailable:    1408968 kB
Buffers:           90684 kB
Cached:          1143912 kB
MemTotal:        1844596 kB
MemFree:          203364 kB
MemAvailable:    1407276 kB
Buffers:           90684 kB
Cached:          1143912 kB
MemTotal:        1844596 kB
MemFree:          201328 kB
MemAvailable:    1405240 kB
Buffers:           90684 kB
Cached:          1143912 kB
MemTotal:        1844596 kB
MemFree:          201220 kB
MemAvailable:    1405132 kB
Buffers:           90684 kB
Cached:          1143912 kB
MemTotal:        1844596 kB
MemFree:          195756 kB
MemAvailable:    1399668 kB
Buffers:           90684 kB
Cached:          1143912 kB
MemTotal:        1844596 kB
MemFree:          191168 kB
MemAvailable:    1395080 kB
Buffers:           90684 kB
Cached:          1143912 kB
MemTotal:        1844596 kB
MemFree:          187696 kB
MemAvailable:    1391608 kB
Buffers:           90684 kB
Cached:          1143912 kB
MemTotal:        1844596 kB
MemFree:          186572 kB
MemAvailable:    1390484 kB
Buffers:           90684 kB
Cached:          1143912 kB
MemTotal:        1844596 kB
MemFree:          186208 kB
MemAvailable:    1390120 kB
Buffers:           90684 kB
Cached:          1143912 kB
MemTotal:        1844596 kB
MemFree:          187376 kB
MemAvailable:    1391288 kB
Buffers:           90684 kB
Cached:          1143912 kB
MemTotal:        1844596 kB
MemFree:          187336 kB
MemAvailable:    1391248 kB
Buffers:           90684 kB
Cached:          1143912 kB
MemTotal:        1844596 kB
MemFree:          187048 kB
MemAvailable:    1390960 kB
Buffers:           90684 kB
Cached:          1143912 kB
MemTotal:        1844596 kB
MemFree:          187384 kB
MemAvailable:    1391296 kB
Buffers:           90684 kB
Cached:          1143912 kB
MemTotal:        1844596 kB
MemFree:          187476 kB
MemAvailable:    1391388 kB
Buffers:           90684 kB
Cached:          1143912 kB
MemTotal:        1844596 kB
MemFree:          186332 kB
MemAvailable:    1390244 kB
Buffers:           90684 kB
Cached:          1143912 kB
MemTotal:        1844596 kB
MemFree:          187180 kB
MemAvailable:    1391092 kB
Buffers:           90684 kB
Cached:          1143912 kB
MemTotal:        1844596 kB
MemFree:          187516 kB
MemAvailable:    1391428 kB
Buffers:           90684 kB
Cached:          1143912 kB
MemTotal:        1844596 kB
MemFree:          187300 kB
MemAvailable:    1391212 kB
Buffers:           90684 kB
Cached:          1143912 kB
MemTotal:        1844596 kB
MemFree:          187532 kB
MemAvailable:    1391444 kB
Buffers:           90684 kB
Cached:          1143912 kB
MemTotal:        1844596 kB
MemFree:          187440 kB
MemAvailable:    1391352 kB
Buffers:           90684 kB
Cached:          1143912 kB
MemTotal:        1844596 kB
MemFree:          187276 kB
MemAvailable:    1391188 kB
Buffers:           90684 kB
Cached:          1143912 kB
MemTotal:        1844596 kB
MemFree:          187260 kB
MemAvailable:    1391172 kB
Buffers:           90684 kB
Cached:          1143912 kB
MemTotal:        1844596 kB
MemFree:          187324 kB
MemAvailable:    1391236 kB
Buffers:           90684 kB
Cached:          1143912 kB
MemTotal:        1844596 kB
MemFree:          186588 kB
MemAvailable:    1390500 kB
Buffers:           90684 kB
Cached:          1143912 kB
MemTotal:        1844596 kB
MemFree:          186572 kB
MemAvailable:    1390484 kB
Buffers:           90684 kB
Cached:          1143912 kB
MemTotal:        1844596 kB
MemFree:          186828 kB
MemAvailable:    1390740 kB
Buffers:           90684 kB
Cached:          1143912 kB
MemTotal:        1844596 kB
MemFree:          186308 kB
MemAvailable:    1390220 kB
Buffers:           90684 kB
Cached:          1143912 kB
MemTotal:        1844596 kB
MemFree:          186308 kB
MemAvailable:    1390220 kB
Buffers:           90684 kB
Cached:          1143912 kB
MemTotal:        1844596 kB
MemFree:          186372 kB
MemAvailable:    1390284 kB
Buffers:           90684 kB
Cached:          1143912 kB
MemTotal:        1844596 kB
MemFree:          186332 kB
MemAvailable:    1390244 kB
Buffers:           90684 kB
Cached:          1143912 kB
MemTotal:        1844596 kB
MemFree:          185588 kB
MemAvailable:    1389500 kB
Buffers:           90684 kB
Cached:          1143912 kB
MemTotal:        1844596 kB
MemFree:          184828 kB
MemAvailable:    1388740 kB
Buffers:           90684 kB
Cached:          1143912 kB
MemTotal:        1844596 kB
MemFree:          183728 kB
MemAvailable:    1387640 kB
Buffers:           90684 kB
Cached:          1143912 kB
MemTotal:        1844596 kB
MemFree:          179744 kB
MemAvailable:    1383656 kB
Buffers:           90684 kB
Cached:          1143912 kB
MemTotal:        1844596 kB
MemFree:          179832 kB
MemAvailable:    1383744 kB
Buffers:           90684 kB
Cached:          1143912 kB
MemTotal:        1844596 kB
MemFree:          174412 kB
MemAvailable:    1378324 kB
Buffers:           90684 kB
Cached:          1143912 kB
MemTotal:        1844596 kB
MemFree:          174180 kB
MemAvailable:    1378092 kB
Buffers:           90684 kB
Cached:          1143912 kB
MemTotal:        1844596 kB
MemFree:          170388 kB
MemAvailable:    1374300 kB
Buffers:           90684 kB
Cached:          1143912 kB
MemTotal:        1844596 kB
MemFree:          168164 kB
MemAvailable:    1372076 kB
Buffers:           90684 kB
Cached:          1143912 kB
MemTotal:        1844596 kB
MemFree:          165756 kB
MemAvailable:    1369668 kB
Buffers:           90684 kB
Cached:          1143912 kB
MemTotal:        1844596 kB
MemFree:          163012 kB
MemAvailable:    1366924 kB
Buffers:           90684 kB
Cached:          1143912 kB
MemTotal:        1844596 kB
MemFree:          163100 kB
MemAvailable:    1367012 kB
Buffers:           90684 kB
Cached:          1143912 kB
MemTotal:        1844596 kB
MemFree:          159292 kB
MemAvailable:    1363204 kB
Buffers:           90684 kB
Cached:          1143912 kB
MemTotal:        1844596 kB
MemFree:          159292 kB
MemAvailable:    1363204 kB
Buffers:           90684 kB
Cached:          1143912 kB
MemTotal:        1844596 kB
MemFree:          154960 kB
MemAvailable:    1358872 kB
Buffers:           90684 kB
Cached:          1143912 kB
MemTotal:        1844596 kB
MemFree:          154464 kB
MemAvailable:    1358376 kB
Buffers:           90684 kB
Cached:          1143912 kB
MemTotal:        1844596 kB
MemFree:          155888 kB
MemAvailable:    1359800 kB
Buffers:           90684 kB
Cached:          1143912 kB
MemTotal:        1844596 kB
MemFree:          154596 kB
MemAvailable:    1358516 kB
Buffers:           90684 kB
Cached:          1143920 kB
MemTotal:        1844596 kB
MemFree:          154596 kB
MemAvailable:    1358516 kB
Buffers:           90684 kB
Cached:          1143920 kB
MemTotal:        1844596 kB
MemFree:          155836 kB
MemAvailable:    1359756 kB
Buffers:           90684 kB
Cached:          1143920 kB
MemTotal:        1844596 kB
MemFree:          155632 kB
MemAvailable:    1359552 kB
Buffers:           90684 kB
Cached:          1143920 kB
MemTotal:        1844596 kB
MemFree:          155568 kB
MemAvailable:    1359488 kB
Buffers:           90684 kB
Cached:          1143920 kB
MemTotal:        1844596 kB
MemFree:          155568 kB
MemAvailable:    1359488 kB
Buffers:           90684 kB
Cached:          1143920 kB
MemTotal:        1844596 kB
MemFree:          154332 kB
MemAvailable:    1358252 kB
Buffers:           90684 kB
Cached:          1143920 kB
MemTotal:        1844596 kB
MemFree:          154416 kB
MemAvailable:    1358336 kB
Buffers:           90684 kB
Cached:          1143920 kB
MemTotal:        1844596 kB
MemFree:          154168 kB
MemAvailable:    1358088 kB
Buffers:           90684 kB
Cached:          1143920 kB
MemTotal:        1844596 kB
MemFree:          154228 kB
MemAvailable:    1358148 kB
Buffers:           90684 kB
Cached:          1143920 kB
MemTotal:        1844596 kB
MemFree:          153088 kB
MemAvailable:    1357008 kB
Buffers:           90684 kB
Cached:          1143920 kB
MemTotal:        1844596 kB
MemFree:          154148 kB
MemAvailable:    1358068 kB
Buffers:           90684 kB
Cached:          1143920 kB
MemTotal:        1844596 kB
MemFree:          154528 kB
MemAvailable:    1358448 kB
Buffers:           90684 kB
Cached:          1143920 kB
MemTotal:        1844596 kB
MemFree:          154084 kB
MemAvailable:    1358004 kB
Buffers:           90684 kB
Cached:          1143920 kB
MemTotal:        1844596 kB
MemFree:          152992 kB
MemAvailable:    1356912 kB
Buffers:           90684 kB
Cached:          1143920 kB
MemTotal:        1844596 kB
MemFree:          153712 kB
MemAvailable:    1357632 kB
Buffers:           90684 kB
Cached:          1143920 kB
MemTotal:        1844596 kB
MemFree:          153964 kB
MemAvailable:    1357884 kB
Buffers:           90684 kB
Cached:          1143920 kB
MemTotal:        1844596 kB
MemFree:          152116 kB
MemAvailable:    1356036 kB
Buffers:           90684 kB
Cached:          1143920 kB
MemTotal:        1844596 kB
MemFree:          151984 kB
MemAvailable:    1355904 kB
Buffers:           90684 kB
Cached:          1143920 kB
MemTotal:        1844596 kB
MemFree:          152672 kB
MemAvailable:    1356592 kB
Buffers:           90684 kB
Cached:          1143920 kB
MemTotal:        1844596 kB
MemFree:          152472 kB
MemAvailable:    1356392 kB
Buffers:           90684 kB
Cached:          1143920 kB
MemTotal:        1844596 kB
MemFree:          150256 kB
MemAvailable:    1354176 kB
Buffers:           90684 kB
Cached:          1143920 kB
MemTotal:        1844596 kB
MemFree:          150132 kB
MemAvailable:    1354052 kB
Buffers:           90684 kB
Cached:          1143920 kB
MemTotal:        1844596 kB
MemFree:          151372 kB
MemAvailable:    1355292 kB
Buffers:           90684 kB
Cached:          1143920 kB
MemTotal:        1844596 kB
MemFree:          150132 kB
MemAvailable:    1354052 kB
Buffers:           90684 kB
Cached:          1143920 kB
MemTotal:        1844596 kB
MemFree:          150000 kB
MemAvailable:    1353924 kB
Buffers:           90684 kB
Cached:          1143924 kB
MemTotal:        1844596 kB
MemFree:          149960 kB
MemAvailable:    1353884 kB
Buffers:           90684 kB
Cached:          1143924 kB
MemTotal:        1844596 kB
MemFree:          150084 kB
MemAvailable:    1354008 kB
Buffers:           90684 kB
Cached:          1143924 kB
MemTotal:        1844596 kB
MemFree:          151240 kB
MemAvailable:    1355164 kB
Buffers:           90684 kB
Cached:          1143924 kB
MemTotal:        1844596 kB
MemFree:          151324 kB
MemAvailable:    1355248 kB
Buffers:           90684 kB
Cached:          1143924 kB
MemTotal:        1844596 kB
MemFree:          151200 kB
MemAvailable:    1355124 kB
Buffers:           90684 kB
Cached:          1143924 kB
MemTotal:        1844596 kB
MemFree:          151380 kB
MemAvailable:    1355304 kB
Buffers:           90684 kB
Cached:          1143924 kB
MemTotal:        1844596 kB
MemFree:          151312 kB
MemAvailable:    1355236 kB
Buffers:           90684 kB
Cached:          1143924 kB
MemTotal:        1844596 kB
MemFree:          151232 kB
MemAvailable:    1355156 kB
Buffers:           90684 kB
Cached:          1143924 kB
MemTotal:        1844596 kB
MemFree:          150008 kB
MemAvailable:    1353932 kB
Buffers:           90684 kB
Cached:          1143924 kB
MemTotal:        1844596 kB
MemFree:          151200 kB
MemAvailable:    1355124 kB
Buffers:           90684 kB
Cached:          1143924 kB
MemTotal:        1844596 kB
MemFree:          149588 kB
MemAvailable:    1353512 kB
Buffers:           90684 kB
Cached:          1143924 kB
MemTotal:        1844596 kB
MemFree:          150688 kB
MemAvailable:    1354612 kB
Buffers:           90684 kB
Cached:          1143924 kB
MemTotal:        1844596 kB
MemFree:          150380 kB
MemAvailable:    1354304 kB
Buffers:           90684 kB
Cached:          1143924 kB
MemTotal:        1844596 kB
MemFree:          149636 kB
MemAvailable:    1353560 kB
Buffers:           90684 kB
Cached:          1143924 kB
MemTotal:        1844596 kB
MemFree:          149712 kB
MemAvailable:    1353636 kB
Buffers:           90684 kB
Cached:          1143924 kB
MemTotal:        1844596 kB
MemFree:          149712 kB
MemAvailable:    1353636 kB
Buffers:           90684 kB
Cached:          1143924 kB
MemTotal:        1844596 kB
MemFree:          150888 kB
MemAvailable:    1354812 kB
Buffers:           90684 kB
Cached:          1143924 kB
MemTotal:        1844596 kB
MemFree:          150132 kB
MemAvailable:    1354056 kB
Buffers:           90684 kB
Cached:          1143924 kB
MemTotal:        1844596 kB
MemFree:          150000 kB
MemAvailable:    1353924 kB
Buffers:           90684 kB
Cached:          1143924 kB
MemTotal:        1844596 kB
MemFree:          151232 kB
MemAvailable:    1355156 kB
Buffers:           90684 kB
Cached:          1143924 kB
MemTotal:        1844596 kB
MemFree:          152492 kB
MemAvailable:    1356500 kB
Buffers:           90684 kB
Cached:          1143924 kB
MemTotal:        1844596 kB
MemFree:          152496 kB
MemAvailable:    1356420 kB
Buffers:           90684 kB
Cached:          1143924 kB
MemTotal:        1844596 kB
MemFree:          152748 kB
MemAvailable:    1356672 kB
Buffers:           90684 kB
Cached:          1143924 kB
MemTotal:        1844596 kB
MemFree:          151232 kB
MemAvailable:    1355156 kB
Buffers:           90684 kB
Cached:          1143924 kB
MemTotal:        1844596 kB
MemFree:          151356 kB
MemAvailable:    1355280 kB
Buffers:           90684 kB
Cached:          1143924 kB
MemTotal:        1844596 kB
MemFree:          151516 kB
MemAvailable:    1355440 kB
Buffers:           90684 kB
Cached:          1143924 kB
MemTotal:        1844596 kB
MemFree:          151268 kB
MemAvailable:    1355192 kB
Buffers:           90684 kB
Cached:          1143924 kB
MemTotal:        1844596 kB
MemFree:          152452 kB
MemAvailable:    1356376 kB
Buffers:           90684 kB
Cached:          1143924 kB
MemTotal:        1844596 kB
MemFree:          152704 kB
MemAvailable:    1356628 kB
Buffers:           90684 kB
Cached:          1143924 kB
MemTotal:        1844596 kB
MemFree:          152532 kB
MemAvailable:    1356456 kB
Buffers:           90684 kB
Cached:          1143924 kB
MemTotal:        1844596 kB
MemFree:          152444 kB
MemAvailable:    1356368 kB
Buffers:           90684 kB
Cached:          1143924 kB
MemTotal:        1844596 kB
MemFree:          150480 kB
MemAvailable:    1354404 kB
Buffers:           90684 kB
Cached:          1143924 kB
MemTotal:        1844596 kB
MemFree:          150032 kB
MemAvailable:    1353956 kB
Buffers:           90684 kB
Cached:          1143924 kB
MemTotal:        1844596 kB
MemFree:          144964 kB
MemAvailable:    1348888 kB
Buffers:           90684 kB
Cached:          1143924 kB
MemTotal:        1844596 kB
MemFree:          145940 kB
MemAvailable:    1349864 kB
Buffers:           90684 kB
Cached:          1143924 kB
MemTotal:        1844596 kB
MemFree:          145940 kB
MemAvailable:    1349864 kB
Buffers:           90684 kB
Cached:          1143924 kB
MemTotal:        1844596 kB
MemFree:          145688 kB
MemAvailable:    1349612 kB
Buffers:           90684 kB
Cached:          1143924 kB
MemTotal:        1844596 kB
MemFree:          146024 kB
MemAvailable:    1349948 kB
Buffers:           90684 kB
Cached:          1143924 kB
MemTotal:        1844596 kB
MemFree:          145808 kB
MemAvailable:    1349732 kB
Buffers:           90684 kB
Cached:          1143924 kB
MemTotal:        1844596 kB
MemFree:          145964 kB
MemAvailable:    1349888 kB
Buffers:           90684 kB
Cached:          1143924 kB
MemTotal:        1844596 kB
MemFree:          145692 kB
MemAvailable:    1349616 kB
Buffers:           90684 kB
Cached:          1143924 kB
MemTotal:        1844596 kB
MemFree:          145584 kB
MemAvailable:    1349508 kB
Buffers:           90684 kB
Cached:          1143924 kB
MemTotal:        1844596 kB
MemFree:          145880 kB
MemAvailable:    1349804 kB
Buffers:           90684 kB
Cached:          1143924 kB
MemTotal:        1844596 kB
MemFree:          145876 kB
MemAvailable:    1349800 kB
Buffers:           90684 kB
Cached:          1143924 kB
MemTotal:        1844596 kB
MemFree:          144972 kB
MemAvailable:    1348896 kB
Buffers:           90684 kB
Cached:          1143924 kB
MemTotal:        1844596 kB
MemFree:          145792 kB
MemAvailable:    1349720 kB
Buffers:           90684 kB
Cached:          1143928 kB
MemTotal:        1844596 kB
MemFree:          145768 kB
MemAvailable:    1349696 kB
Buffers:           90688 kB
Cached:          1143924 kB
MemTotal:        1844596 kB
MemFree:          145444 kB
MemAvailable:    1349456 kB
Buffers:           90688 kB
Cached:          1144048 kB
MemTotal:        1844596 kB
MemFree:          145528 kB
MemAvailable:    1349624 kB
Buffers:           90688 kB
Cached:          1144048 kB
MemTotal:        1844596 kB
MemFree:          144076 kB
MemAvailable:    1348340 kB
Buffers:           90688 kB
Cached:          1144296 kB
MemTotal:        1844596 kB
MemFree:          145432 kB
MemAvailable:    1349696 kB
Buffers:           90688 kB
Cached:          1144296 kB
MemTotal:        1844596 kB
MemFree:          145184 kB
MemAvailable:    1349616 kB
Buffers:           90688 kB
Cached:          1144544 kB
MemTotal:        1844596 kB
MemFree:          145240 kB
MemAvailable:    1349756 kB
Buffers:           90688 kB
Cached:          1144544 kB
MemTotal:        1844596 kB
MemFree:          143808 kB
MemAvailable:    1348324 kB
Buffers:           90688 kB
Cached:          1144544 kB
MemTotal:        1844596 kB
MemFree:          144916 kB
MemAvailable:    1349432 kB
Buffers:           90688 kB
Cached:          1144544 kB
MemTotal:        1844596 kB
MemFree:          145024 kB
MemAvailable:    1349624 kB
Buffers:           90688 kB
Cached:          1144544 kB
MemTotal:        1844596 kB
MemFree:          144948 kB
MemAvailable:    1349548 kB
Buffers:           90688 kB
Cached:          1144544 kB
MemTotal:        1844596 kB
MemFree:          145200 kB
MemAvailable:    1349800 kB
Buffers:           90688 kB
Cached:          1144544 kB
MemTotal:        1844596 kB
MemFree:          144944 kB
MemAvailable:    1349544 kB
Buffers:           90688 kB
Cached:          1144544 kB
MemTotal:        1844596 kB
MemFree:          144944 kB
MemAvailable:    1349544 kB
Buffers:           90688 kB
Cached:          1144544 kB
MemTotal:        1844596 kB
MemFree:          144776 kB
MemAvailable:    1349460 kB
Buffers:           90688 kB
Cached:          1144668 kB
MemTotal:        1844596 kB
MemFree:          145112 kB
MemAvailable:    1349796 kB
Buffers:           90688 kB
Cached:          1144792 kB
MemTotal:        1844596 kB
MemFree:          184092 kB
MemAvailable:    1388104 kB
Buffers:           90688 kB
Cached:          1143952 kB
MemTotal:        1844596 kB
MemFree:          184344 kB
MemAvailable:    1388356 kB
Buffers:           90688 kB
Cached:          1143952 kB
MemTotal:        1844596 kB
MemFree:          341824 kB
MemAvailable:    1545836 kB
Buffers:           90688 kB
Cached:          1143952 kB
