MemTotal:        1844596 kB
MemFree:          349136 kB
MemAvailable:    1545980 kB
Buffers:           90280 kB
Cached:          1137744 kB
MemTotal:        1844596 kB
MemFree:          321368 kB
MemAvailable:    1518220 kB
Buffers:           90280 kB
Cached:          1137748 kB
MemTotal:        1844596 kB
MemFree:          319996 kB
MemAvailable:    1516848 kB
Buffers:           90280 kB
Cached:          1137748 kB
MemTotal:        1844596 kB
MemFree:          319136 kB
MemAvailable:    1515988 kB
Buffers:           90280 kB
Cached:          1137748 kB
MemTotal:        1844596 kB
MemFree:          319136 kB
MemAvailable:    1515988 kB
Buffers:           90280 kB
Cached:          1137748 kB
MemTotal:        1844596 kB
MemFree:          317764 kB
MemAvailable:    1514616 kB
Buffers:           90280 kB
Cached:          1137748 kB
MemTotal:        1844596 kB
MemFree:          318100 kB
MemAvailable:    1514952 kB
Buffers:           90280 kB
Cached:          1137748 kB
MemTotal:        1844596 kB
MemFree:          314184 kB
MemAvailable:    1511036 kB
Buffers:           90280 kB
Cached:          1137748 kB
MemTotal:        1844596 kB
MemFree:          310960 kB
MemAvailable:    1507812 kB
Buffers:           90280 kB
Cached:          1137748 kB
MemTotal:        1844596 kB
MemFree:          310092 kB
MemAvailable:    1506944 kB
Buffers:           90280 kB
Cached:          1137748 kB
MemTotal:        1844596 kB
MemFree:          307808 kB
MemAvailable:    1504660 kB
Buffers:           90280 kB
Cached:          1137748 kB
MemTotal:        1844596 kB
MemFree:          307808 kB
MemAvailable:    1504660 kB
Buffers:           90280 kB
Cached:          1137748 kB
MemTotal:        1844596 kB
MemFree:          308040 kB
MemAvailable:    1504892 kB
Buffers:           90280 kB
Cached:          1137748 kB
MemTotal:        1844596 kB
MemFree:          307984 kB
MemAvailable:    1504836 kB
Buffers:           90280 kB
Cached:          1137748 kB
MemTotal:        1844596 kB
MemFree:          307596 kB
MemAvailable:    1504448 kB
Buffers:           90280 kB
Cached:          1137748 kB
MemTotal:        1844596 kB
MemFree:          307596 kB
MemAvailable:    1504448 kB
Buffers:           90280 kB
Cached:          1137748 kB
MemTotal:        1844596 kB
MemFree:          306068 kB
MemAvailable:    1502920 kB
Buffers:           90280 kB
Cached:          1137748 kB
MemTotal:        1844596 kB
MemFree:          307424 kB
MemAvailable:    1504276 kB
Buffers:           90280 kB
Cached:          1137748 kB
MemTotal:        1844596 kB
MemFree:          307492 kB
MemAvailable:    1504344 kB
Buffers:           90280 kB
Cached:          1137748 kB
MemTotal:        1844596 kB
MemFree:          307432 kB
MemAvailable:    1504284 kB
Buffers:           90280 kB
Cached:          1137748 kB
MemTotal:        1844596 kB
MemFree:          307036 kB
MemAvailable:    1503888 kB
Buffers:           90280 kB
Cached:          1137748 kB
MemTotal:        1844596 kB
MemFree:          307120 kB
MemAvailable:    1503972 kB
Buffers:           90280 kB
Cached:          1137748 kB
MemTotal:        1844596 kB
MemFree:          306908 kB
MemAvailable:    1503760 kB
Buffers:           90280 kB
Cached:          1137748 kB
MemTotal:        1844596 kB
MemFree:          306908 kB
MemAvailable:    1503760 kB
Buffers:           90280 kB
Cached:          1137748 kB
MemTotal:        1844596 kB
MemFree:          306356 kB
MemAvailable:    1503208 kB
Buffers:           90280 kB
Cached:          1137748 kB
MemTotal:        1844596 kB
MemFree:          306692 kB
MemAvailable:    1503544 kB
Buffers:           90280 kB
Cached:          1137748 kB
MemTotal:        1844596 kB
MemFree:          306300 kB
MemAvailable:    1503152 kB
Buffers:           90280 kB
Cached:          1137748 kB
MemTotal:        1844596 kB
MemFree:          306116 kB
MemAvailable:    1502968 kB
Buffers:           90280 kB
Cached:          1137748 kB
MemTotal:        1844596 kB
MemFree:          306200 kB
MemAvailable:    1503052 kB
Buffers:           90280 kB
Cached:          1137748 kB
MemTotal:        1844596 kB
MemFree:          305132 kB
MemAvailable:    1501984 kB
Buffers:           90280 kB
Cached:          1137748 kB
MemTotal:        1844596 kB
MemFree:          304024 kB
MemAvailable:    1500876 kB
Buffers:           90280 kB
Cached:          1137748 kB
MemTotal:        1844596 kB
MemFree:          304696 kB
MemAvailable:    1501548 kB
Buffers:           90280 kB
Cached:          1137748 kB
MemTotal:        1844596 kB
MemFree:          304888 kB
MemAvailable:    1501740 kB
Buffers:           90280 kB
Cached:          1137748 kB
MemTotal:        1844596 kB
MemFree:          304892 kB
MemAvailable:    1501744 kB
Buffers:           90280 kB
Cached:          1137748 kB
MemTotal:        1844596 kB
MemFree:          304016 kB
MemAvailable:    1500868 kB
Buffers:           90280 kB
Cached:          1137748 kB
MemTotal:        1844596 kB
MemFree:          304832 kB
MemAvailable:    1501684 kB
Buffers:           90280 kB
Cached:          1137748 kB
MemTotal:        1844596 kB
MemFree:          304804 kB
MemAvailable:    1501656 kB
Buffers:           90280 kB
Cached:          1137748 kB
MemTotal:        1844596 kB
MemFree:          304024 kB
MemAvailable:    1500876 kB
Buffers:           90280 kB
Cached:          1137748 kB
MemTotal:        1844596 kB
MemFree:          306052 kB
MemAvailable:    1502904 kB
Buffers:           90280 kB
Cached:          1137748 kB
MemTotal:        1844596 kB
MemFree:          305388 kB
MemAvailable:    1502240 kB
Buffers:           90280 kB
Cached:          1137748 kB
MemTotal:        1844596 kB
MemFree:          304868 kB
MemAvailable:    1501720 kB
Buffers:           90280 kB
Cached:          1137748 kB
MemTotal:        1844596 kB
MemFree:          304868 kB
MemAvailable:    1501720 kB
Buffers:           90280 kB
Cached:          1137748 kB
MemTotal:        1844596 kB
MemFree:          301100 kB
MemAvailable:    1497952 kB
Buffers:           90280 kB
Cached:          1137748 kB
MemTotal:        1844596 kB
MemFree:          299668 kB
MemAvailable:    1496520 kB
Buffers:           90280 kB
Cached:          1137748 kB
MemTotal:        1844596 kB
MemFree:          300900 kB
MemAvailable:    1497752 kB
Buffers:           90280 kB
Cached:          1137748 kB
MemTotal:        1844596 kB
MemFree:          300796 kB
MemAvailable:    1497648 kB
Buffers:           90280 kB
Cached:          1137748 kB
MemTotal:        1844596 kB
MemFree:          300540 kB
MemAvailable:    1497392 kB
Buffers:           90280 kB
Cached:          1137748 kB
MemTotal:        1844596 kB
MemFree:          299648 kB
MemAvailable:    1496500 kB
Buffers:           90280 kB
Cached:          1137748 kB
MemTotal:        1844596 kB
MemFree:          300576 kB
MemAvailable:    1497428 kB
Buffers:           90280 kB
Cached:          1137748 kB
MemTotal:        1844596 kB
MemFree:          299004 kB
MemAvailable:    1495856 kB
Buffers:           90280 kB
Cached:          1137748 kB
MemTotal:        1844596 kB
MemFree:          299180 kB
MemAvailable:    1496032 kB
Buffers:           90280 kB
Cached:          1137748 kB
MemTotal:        1844596 kB
MemFree:          300380 kB
MemAvailable:    1497232 kB
Buffers:           90280 kB
Cached:          1137748 kB
MemTotal:        1844596 kB
MemFree:          299180 kB
MemAvailable:    1496032 kB
Buffers:           90280 kB
Cached:          1137748 kB
MemTotal:        1844596 kB
MemFree:          300236 kB
MemAvailable:    1497088 kB
Buffers:           90280 kB
Cached:          1137748 kB
MemTotal:        1844596 kB
MemFree:          300428 kB
MemAvailable:    1497280 kB
Buffers:           90280 kB
Cached:          1137748 kB
MemTotal:        1844596 kB
MemFree:          300156 kB
MemAvailable:    1497008 kB
Buffers:           90280 kB
Cached:          1137748 kB
MemTotal:        1844596 kB
MemFree:          300156 kB
MemAvailable:    1497008 kB
Buffers:           90280 kB
Cached:          1137748 kB
MemTotal:        1844596 kB
MemFree:          297940 kB
MemAvailable:    1494792 kB
Buffers:           90280 kB
Cached:          1137748 kB
MemTotal:        1844596 kB
MemFree:          294652 kB
MemAvailable:    1491504 kB
Buffers:           90280 kB
Cached:          1137748 kB
MemTotal:        1844596 kB
MemFree:          293484 kB
MemAvailable:    1490336 kB
Buffers:           90280 kB
Cached:          1137748 kB
MemTotal:        1844596 kB
MemFree:          294172 kB
MemAvailable:    1491024 kB
Buffers:           90280 kB
Cached:          1137748 kB
MemTotal:        1844596 kB
MemFree:          293112 kB
MemAvailable:    1489964 kB
Buffers:           90280 kB
Cached:          1137748 kB
MemTotal:        1844596 kB
MemFree:          292600 kB
MemAvailable:    1489452 kB
Buffers:           90280 kB
Cached:          1137748 kB
MemTotal:        1844596 kB
MemFree:          292856 kB
MemAvailable:    1489708 kB
Buffers:           90280 kB
Cached:          1137748 kB
MemTotal:        1844596 kB
MemFree:          291908 kB
MemAvailable:    1488760 kB
Buffers:           90280 kB
Cached:          1137748 kB
MemTotal:        1844596 kB
MemFree:          291988 kB
MemAvailable:    1488840 kB
Buffers:           90280 kB
Cached:          1137748 kB
MemTotal:        1844596 kB
MemFree:          290872 kB
MemAvailable:    1487724 kB
Buffers:           90280 kB
Cached:          1137748 kB
MemTotal:        1844596 kB
MemFree:          291620 kB
MemAvailable:    1488472 kB
Buffers:           90280 kB
Cached:          1137748 kB
MemTotal:        1844596 kB
MemFree:          291620 kB
MemAvailable:    1488472 kB
Buffers:           90280 kB
Cached:          1137748 kB
MemTotal:        1844596 kB
MemFree:          291456 kB
MemAvailable:    1488308 kB
Buffers:           90280 kB
Cached:          1137748 kB
MemTotal:        1844596 kB
MemFree:          291456 kB
MemAvailable:    1488308 kB
Buffers:           90280 kB
Cached:          1137748 kB
MemTotal:        1844596 kB
MemFree:          291280 kB
MemAvailable:    1488132 kB
Buffers:           90280 kB
Cached:          1137748 kB
MemTotal:        1844596 kB
MemFree:          291436 kB
MemAvailable:    1488288 kB
Buffers:           90280 kB
Cached:          1137748 kB
MemTotal:        1844596 kB
MemFree:          290368 kB
MemAvailable:    1487220 kB
Buffers:           90280 kB
Cached:          1137748 kB
MemTotal:        1844596 kB
MemFree:          290204 kB
MemAvailable:    1487056 kB
Buffers:           90280 kB
Cached:          1137748 kB
MemTotal:        1844596 kB
MemFree:          291312 kB
MemAvailable:    1488172 kB
Buffers:           90280 kB
Cached:          1137756 kB
MemTotal:        1844596 kB
MemFree:          290624 kB
MemAvailable:    1487484 kB
Buffers:           90280 kB
Cached:          1137756 kB
MemTotal:        1844596 kB
MemFree:          290240 kB
MemAvailable:    1487100 kB
Buffers:           90280 kB
Cached:          1137756 kB
MemTotal:        1844596 kB
MemFree:          291416 kB
MemAvailable:    1488276 kB
Buffers:           90280 kB
Cached:          1137756 kB
MemTotal:        1844596 kB
MemFree:          291304 kB
MemAvailable:    1488164 kB
Buffers:           90280 kB
Cached:          1137756 kB
MemTotal:        1844596 kB
MemFree:          291352 kB
MemAvailable:    1488212 kB
Buffers:           90280 kB
Cached:          1137756 kB
MemTotal:        1844596 kB
MemFree:          290080 kB
MemAvailable:    1486940 kB
Buffers:           90280 kB
Cached:          1137756 kB
MemTotal:        1844596 kB
MemFree:          291316 kB
MemAvailable:    1488176 kB
Buffers:           90280 kB
Cached:          1137756 kB
MemTotal:        1844596 kB
MemFree:          290252 kB
MemAvailable:    1487112 kB
Buffers:           90280 kB
Cached:          1137756 kB
MemTotal:        1844596 kB
MemFree:          290616 kB
MemAvailable:    1487476 kB
Buffers:           90280 kB
Cached:          1137756 kB
MemTotal:        1844596 kB
MemFree:          290500 kB
MemAvailable:    1487360 kB
Buffers:           90280 kB
Cached:          1137756 kB
MemTotal:        1844596 kB
MemFree:          285276 kB
MemAvailable:    1482136 kB
Buffers:           90280 kB
Cached:          1137756 kB
MemTotal:        1844596 kB
MemFree:          284920 kB
MemAvailable:    1481780 kB
Buffers:           90280 kB
Cached:          1137756 kB
MemTotal:        1844596 kB
MemFree:          283168 kB
MemAvailable:    1480028 kB
Buffers:           90280 kB
Cached:          1137756 kB
MemTotal:        1844596 kB
MemFree:          283504 kB
MemAvailable:    1480364 kB
Buffers:           90280 kB
Cached:          1137756 kB
MemTotal:        1844596 kB
MemFree:          281804 kB
MemAvailable:    1478664 kB
Buffers:           90280 kB
Cached:          1137756 kB
MemTotal:        1844596 kB
MemFree:          281680 kB
MemAvailable:    1478540 kB
Buffers:           90280 kB
Cached:          1137756 kB
MemTotal:        1844596 kB
MemFree:          282748 kB
MemAvailable:    1479608 kB
Buffers:           90280 kB
Cached:          1137756 kB
MemTotal:        1844596 kB
MemFree:          281704 kB
MemAvailable:    1478564 kB
Buffers:           90280 kB
Cached:          1137756 kB
MemTotal:        1844596 kB
MemFree:          282564 kB
MemAvailable:    1479424 kB
Buffers:           90280 kB
Cached:          1137756 kB
MemTotal:        1844596 kB
MemFree:          281316 kB
MemAvailable:    1478176 kB
Buffers:           90280 kB
Cached:          1137756 kB
MemTotal:        1844596 kB
MemFree:          282492 kB
MemAvailable:    1479352 kB
Buffers:           90280 kB
Cached:          1137756 kB
MemTotal:        1844596 kB
MemFree:          282508 kB
MemAvailable:    1479368 kB
Buffers:           90280 kB
Cached:          1137756 kB
MemTotal:        1844596 kB
MemFree:          282760 kB
MemAvailable:    1479620 kB
Buffers:           90280 kB
Cached:          1137756 kB
MemTotal:        1844596 kB
MemFree:          282452 kB
MemAvailable:    1479312 kB
Buffers:           90280 kB
Cached:          1137756 kB
MemTotal:        1844596 kB
MemFree:          282572 kB
MemAvailable:    1479432 kB
Buffers:           90280 kB
Cached:          1137756 kB
MemTotal:        1844596 kB
MemFree:          281264 kB
MemAvailable:    1478124 kB
Buffers:           90280 kB
Cached:          1137756 kB
MemTotal:        1844596 kB
MemFree:          282504 kB
MemAvailable:    1479364 kB
Buffers:           90280 kB
Cached:          1137756 kB
MemTotal:        1844596 kB
MemFree:          281264 kB
MemAvailable:    1478124 kB
Buffers:           90280 kB
Cached:          1137756 kB
MemTotal:        1844596 kB
MemFree:          281264 kB
MemAvailable:    1478124 kB
Buffers:           90280 kB
Cached:          1137756 kB
MemTotal:        1844596 kB
MemFree:          281512 kB
MemAvailable:    1478372 kB
Buffers:           90280 kB
Cached:          1137756 kB
MemTotal:        1844596 kB
MemFree:          282628 kB
MemAvailable:    1479488 kB
Buffers:           90280 kB
Cached:          1137756 kB
MemTotal:        1844596 kB
MemFree:          281696 kB
MemAvailable:    1478556 kB
Buffers:           90280 kB
Cached:          1137756 kB
MemTotal:        1844596 kB
MemFree:          282564 kB
MemAvailable:    1479424 kB
Buffers:           90280 kB
Cached:          1137756 kB
MemTotal:        1844596 kB
MemFree:          282608 kB
MemAvailable:    1479468 kB
Buffers:           90280 kB
Cached:          1137756 kB
MemTotal:        1844596 kB
MemFree:          281696 kB
MemAvailable:    1478556 kB
Buffers:           90280 kB
Cached:          1137756 kB
MemTotal:        1844596 kB
MemFree:          282372 kB
MemAvailable:    1479232 kB
Buffers:           90280 kB
Cached:          1137756 kB
MemTotal:        1844596 kB
MemFree:          282372 kB
MemAvailable:    1479232 kB
Buffers:           90280 kB
Cached:          1137756 kB
MemTotal:        1844596 kB
MemFree:          282472 kB
MemAvailable:    1479332 kB
Buffers:           90280 kB
Cached:          1137756 kB
MemTotal:        1844596 kB
MemFree:          282432 kB
MemAvailable:    1479292 kB
Buffers:           90280 kB
Cached:          1137756 kB
MemTotal:        1844596 kB
MemFree:          280516 kB
MemAvailable:    1477376 kB
Buffers:           90280 kB
Cached:          1137756 kB
MemTotal:        1844596 kB
MemFree:          278108 kB
MemAvailable:    1474968 kB
Buffers:           90280 kB
Cached:          1137756 kB
MemTotal:        1844596 kB
MemFree:          275920 kB
MemAvailable:    1472780 kB
Buffers:           90280 kB
Cached:          1137756 kB
MemTotal:        1844596 kB
MemFree:          273644 kB
MemAvailable:    1470504 kB
Buffers:           90280 kB
Cached:          1137756 kB
MemTotal:        1844596 kB
MemFree:          273760 kB
MemAvailable:    1470620 kB
Buffers:           90280 kB
Cached:          1137756 kB
MemTotal:        1844596 kB
MemFree:          273388 kB
MemAvailable:    1470248 kB
Buffers:           90280 kB
Cached:          1137756 kB
MemTotal:        1844596 kB
MemFree:          273132 kB
MemAvailable:    1469992 kB
Buffers:           90280 kB
Cached:          1137756 kB
MemTotal:        1844596 kB
MemFree:          273024 kB
MemAvailable:    1469884 kB
Buffers:           90280 kB
Cached:          1137756 kB
MemTotal:        1844596 kB
MemFree:          271388 kB
MemAvailable:    1468248 kB
Buffers:           90280 kB
Cached:          1137756 kB
MemTotal:        1844596 kB
MemFree:          270856 kB
MemAvailable:    1467716 kB
Buffers:           90280 kB
Cached:          1137756 kB
MemTotal:        1844596 kB
MemFree:          271332 kB
MemAvailable:    1468196 kB
Buffers:           90280 kB
Cached:          1137760 kB
MemTotal:        1844596 kB
MemFree:          270172 kB
MemAvailable:    1467036 kB
Buffers:           90280 kB
Cached:          1137760 kB
MemTotal:        1844596 kB
MemFree:          270920 kB
MemAvailable:    1467784 kB
Buffers:           90280 kB
Cached:          1137760 kB
MemTotal:        1844596 kB
MemFree:          270860 kB
MemAvailable:    1467724 kB
Buffers:           90280 kB
Cached:          1137760 kB
MemTotal:        1844596 kB
MemFree:          270920 kB
MemAvailable:    1467784 kB
Buffers:           90280 kB
Cached:          1137760 kB
MemTotal:        1844596 kB
MemFree:          270788 kB
MemAvailable:    1467652 kB
Buffers:           90280 kB
Cached:          1137760 kB
MemTotal:        1844596 kB
MemFree:          270992 kB
MemAvailable:    1467856 kB
Buffers:           90280 kB
Cached:          1137760 kB
MemTotal:        1844596 kB
MemFree:          269916 kB
MemAvailable:    1466780 kB
Buffers:           90280 kB
Cached:          1137760 kB
MemTotal:        1844596 kB
MemFree:          270640 kB
MemAvailable:    1467504 kB
Buffers:           90280 kB
Cached:          1137760 kB
MemTotal:        1844596 kB
MemFree:          270832 kB
MemAvailable:    1467696 kB
Buffers:           90280 kB
Cached:          1137760 kB
MemTotal:        1844596 kB
MemFree:          270644 kB
MemAvailable:    1467384 kB
Buffers:           90280 kB
Cached:          1137760 kB
MemTotal:        1844596 kB
MemFree:          270604 kB
MemAvailable:    1467468 kB
Buffers:           90280 kB
Cached:          1137760 kB
MemTotal:        1844596 kB
MemFree:          270760 kB
MemAvailable:    1467624 kB
Buffers:           90280 kB
Cached:          1137760 kB
MemTotal:        1844596 kB
MemFree:          270888 kB
MemAvailable:    1467752 kB
Buffers:           90280 kB
Cached:          1137760 kB
MemTotal:        1844596 kB
MemFree:          270040 kB
MemAvailable:    1466904 kB
Buffers:           90280 kB
Cached:          1137760 kB
MemTotal:        1844596 kB
MemFree:          271116 kB
MemAvailable:    1467984 kB
Buffers:           90280 kB
Cached:          1137764 kB
MemTotal:        1844596 kB
MemFree:          269924 kB
MemAvailable:    1466792 kB
Buffers:           90280 kB
Cached:          1137764 kB
MemTotal:        1844596 kB
MemFree:          270960 kB
MemAvailable:    1467828 kB
Buffers:           90280 kB
Cached:          1137764 kB
MemTotal:        1844596 kB
MemFree:          270296 kB
MemAvailable:    1467164 kB
Buffers:           90280 kB
Cached:          1137764 kB
MemTotal:        1844596 kB
MemFree:          270540 kB
MemAvailable:    1467408 kB
Buffers:           90280 kB
Cached:          1137764 kB
MemTotal:        1844596 kB
MemFree:          270596 kB
MemAvailable:    1467464 kB
Buffers:           90280 kB
Cached:          1137764 kB
MemTotal:        1844596 kB
MemFree:          270848 kB
MemAvailable:    1467716 kB
Buffers:           90280 kB
Cached:          1137764 kB
MemTotal:        1844596 kB
MemFree:          270604 kB
MemAvailable:    1467472 kB
Buffers:           90280 kB
Cached:          1137764 kB
MemTotal:        1844596 kB
MemFree:          270700 kB
MemAvailable:    1467568 kB
Buffers:           90280 kB
Cached:          1137764 kB
MemTotal:        1844596 kB
MemFree:          269352 kB
MemAvailable:    1466220 kB
Buffers:           90280 kB
Cached:          1137764 kB
MemTotal:        1844596 kB
MemFree:          270452 kB
MemAvailable:    1467320 kB
Buffers:           90280 kB
Cached:          1137764 kB
MemTotal:        1844596 kB
MemFree:          270788 kB
MemAvailable:    1467656 kB
Buffers:           90280 kB
Cached:          1137764 kB
MemTotal:        1844596 kB
MemFree:          269420 kB
MemAvailable:    1466292 kB
Buffers:           90280 kB
Cached:          1137768 kB
MemTotal:        1844596 kB
MemFree:          269420 kB
MemAvailable:    1466292 kB
Buffers:           90280 kB
Cached:          1137768 kB
MemTotal:        1844596 kB
MemFree:          269544 kB
MemAvailable:    1466416 kB
Buffers:           90280 kB
Cached:          1137768 kB
MemTotal:        1844596 kB
MemFree:          269420 kB
MemAvailable:    1466292 kB
Buffers:           90280 kB
Cached:          1137768 kB
MemTotal:        1844596 kB
MemFree:          269420 kB
MemAvailable:    1466292 kB
Buffers:           90280 kB
Cached:          1137768 kB
MemTotal:        1844596 kB
MemFree:          269544 kB
MemAvailable:    1466416 kB
Buffers:           90280 kB
Cached:          1137768 kB
MemTotal:        1844596 kB
MemFree:          269544 kB
MemAvailable:    1466416 kB
Buffers:           90280 kB
Cached:          1137768 kB
MemTotal:        1844596 kB
MemFree:          269544 kB
MemAvailable:    1466416 kB
Buffers:           90280 kB
Cached:          1137768 kB
MemTotal:        1844596 kB
MemFree:          270644 kB
MemAvailable:    1467516 kB
Buffers:           90280 kB
Cached:          1137768 kB
MemTotal:        1844596 kB
MemFree:          270784 kB
MemAvailable:    1467656 kB
Buffers:           90280 kB
Cached:          1137768 kB
MemTotal:        1844596 kB
MemFree:          270776 kB
MemAvailable:    1467648 kB
Buffers:           90280 kB
Cached:          1137768 kB
MemTotal:        1844596 kB
MemFree:          270172 kB
MemAvailable:    1467044 kB
Buffers:           90280 kB
Cached:          1137768 kB
MemTotal:        1844596 kB
MemFree:          270480 kB
MemAvailable:    1467352 kB
Buffers:           90280 kB
Cached:          1137768 kB
MemTotal:        1844596 kB
MemFree:          269248 kB
MemAvailable:    1466120 kB
Buffers:           90280 kB
Cached:          1137768 kB
MemTotal:        1844596 kB
MemFree:          270652 kB
MemAvailable:    1467524 kB
Buffers:           90280 kB
Cached:          1137768 kB
MemTotal:        1844596 kB
MemFree:          270652 kB
MemAvailable:    1467524 kB
Buffers:           90280 kB
Cached:          1137768 kB
MemTotal:        1844596 kB
MemFree:          270480 kB
MemAvailable:    1467352 kB
Buffers:           90280 kB
Cached:          1137768 kB
MemTotal:        1844596 kB
MemFree:          270736 kB
MemAvailable:    1467608 kB
Buffers:           90280 kB
Cached:          1137768 kB
MemTotal:        1844596 kB
MemFree:          269400 kB
MemAvailable:    1466272 kB
Buffers:           90280 kB
Cached:          1137768 kB
MemTotal:        1844596 kB
MemFree:          270288 kB
MemAvailable:    1467160 kB
Buffers:           90280 kB
Cached:          1137768 kB
MemTotal:        1844596 kB
MemFree:          270720 kB
MemAvailable:    1467592 kB
Buffers:           90280 kB
Cached:          1137768 kB
MemTotal:        1844596 kB
MemFree:          269792 kB
MemAvailable:    1466664 kB
Buffers:           90280 kB
Cached:          1137768 kB
MemTotal:        1844596 kB
MemFree:          270908 kB
MemAvailable:    1467780 kB
Buffers:           90280 kB
Cached:          1137768 kB
MemTotal:        1844596 kB
MemFree:          269668 kB
MemAvailable:    1466540 kB
Buffers:           90280 kB
Cached:          1137768 kB
MemTotal:        1844596 kB
MemFree:          270352 kB
MemAvailable:    1467224 kB
Buffers:           90280 kB
Cached:          1137768 kB
MemTotal:        1844596 kB
MemFree:          270544 kB
MemAvailable:    1467416 kB
Buffers:           90280 kB
Cached:          1137768 kB
MemTotal:        1844596 kB
MemFree:          269120 kB
MemAvailable:    1465992 kB
Buffers:           90280 kB
Cached:          1137768 kB
MemTotal:        1844596 kB
MemFree:          268980 kB
MemAvailable:    1465852 kB
Buffers:           90280 kB
Cached:          1137768 kB
MemTotal:        1844596 kB
MemFree:          270212 kB
MemAvailable:    1467084 kB
Buffers:           90280 kB
Cached:          1137768 kB
MemTotal:        1844596 kB
MemFree:          270464 kB
MemAvailable:    1467336 kB
Buffers:           90280 kB
Cached:          1137768 kB
MemTotal:        1844596 kB
MemFree:          270208 kB
MemAvailable:    1467080 kB
Buffers:           90280 kB
Cached:          1137768 kB
MemTotal:        1844596 kB
MemFree:          268860 kB
MemAvailable:    1465732 kB
Buffers:           90280 kB
Cached:          1137768 kB
MemTotal:        1844596 kB
MemFree:          269836 kB
MemAvailable:    1466708 kB
Buffers:           90280 kB
Cached:          1137768 kB
MemTotal:        1844596 kB
MemFree:          270172 kB
MemAvailable:    1467044 kB
Buffers:           90280 kB
Cached:          1137768 kB
MemTotal:        1844596 kB
MemFree:          268728 kB
MemAvailable:    1465600 kB
Buffers:           90280 kB
Cached:          1137768 kB
MemTotal:        1844596 kB
MemFree:          269836 kB
MemAvailable:    1466708 kB
Buffers:           90280 kB
Cached:          1137768 kB
MemTotal:        1844596 kB
MemFree:          269836 kB
MemAvailable:    1466708 kB
Buffers:           90280 kB
Cached:          1137768 kB
MemTotal:        1844596 kB
MemFree:          269652 kB
MemAvailable:    1466524 kB
Buffers:           90280 kB
Cached:          1137768 kB
MemTotal:        1844596 kB
MemFree:          269420 kB
MemAvailable:    1466292 kB
Buffers:           90280 kB
Cached:          1137768 kB
MemTotal:        1844596 kB
MemFree:          269708 kB
MemAvailable:    1466580 kB
Buffers:           90280 kB
Cached:          1137768 kB
MemTotal:        1844596 kB
MemFree:          268408 kB
MemAvailable:    1465280 kB
Buffers:           90280 kB
Cached:          1137768 kB
MemTotal:        1844596 kB
MemFree:          269792 kB
MemAvailable:    1466664 kB
Buffers:           90280 kB
Cached:          1137768 kB
MemTotal:        1844596 kB
MemFree:          268924 kB
MemAvailable:    1465796 kB
Buffers:           90280 kB
Cached:          1137768 kB
MemTotal:        1844596 kB
MemFree:          270100 kB
MemAvailable:    1466976 kB
Buffers:           90280 kB
Cached:          1137772 kB
MemTotal:        1844596 kB
MemFree:          268668 kB
MemAvailable:    1465544 kB
Buffers:           90280 kB
Cached:          1137772 kB
MemTotal:        1844596 kB
MemFree:          268412 kB
MemAvailable:    1465288 kB
Buffers:           90280 kB
Cached:          1137772 kB
MemTotal:        1844596 kB
MemFree:          269520 kB
MemAvailable:    1466396 kB
Buffers:           90280 kB
Cached:          1137772 kB
MemTotal:        1844596 kB
MemFree:          269776 kB
MemAvailable:    1466652 kB
Buffers:           90280 kB
Cached:          1137772 kB
MemTotal:        1844596 kB
MemFree:          268256 kB
MemAvailable:    1465132 kB
Buffers:           90280 kB
Cached:          1137772 kB
MemTotal:        1844596 kB
MemFree:          268256 kB
MemAvailable:    1465132 kB
Buffers:           90280 kB
Cached:          1137772 kB
MemTotal:        1844596 kB
MemFree:          269356 kB
MemAvailable:    1466232 kB
Buffers:           90280 kB
Cached:          1137772 kB
MemTotal:        1844596 kB
MemFree:          269440 kB
MemAvailable:    1466316 kB
Buffers:           90280 kB
Cached:          1137772 kB
MemTotal:        1844596 kB
MemFree:          265636 kB
MemAvailable:    1462512 kB
Buffers:           90280 kB
Cached:          1137772 kB
MemTotal:        1844596 kB
MemFree:          262352 kB
MemAvailable:    1459228 kB
Buffers:           90280 kB
Cached:          1137772 kB
MemTotal:        1844596 kB
MemFree:          258864 kB
MemAvailable:    1455740 kB
Buffers:           90280 kB
Cached:          1137772 kB
MemTotal:        1844596 kB
MemFree:          259032 kB
MemAvailable:    1455908 kB
Buffers:           90280 kB
Cached:          1137772 kB
MemTotal:        1844596 kB
MemFree:          259176 kB
MemAvailable:    1456052 kB
Buffers:           90280 kB
Cached:          1137772 kB
MemTotal:        1844596 kB
MemFree:          257868 kB
MemAvailable:    1454744 kB
Buffers:           90280 kB
Cached:          1137772 kB
MemTotal:        1844596 kB
MemFree:          258748 kB
MemAvailable:    1455624 kB
Buffers:           90280 kB
Cached:          1137772 kB
MemTotal:        1844596 kB
MemFree:          258832 kB
MemAvailable:    1455708 kB
Buffers:           90280 kB
Cached:          1137772 kB
MemTotal:        1844596 kB
MemFree:          258236 kB
MemAvailable:    1455112 kB
Buffers:           90280 kB
Cached:          1137772 kB
MemTotal:        1844596 kB
MemFree:          258572 kB
MemAvailable:    1455448 kB
Buffers:           90280 kB
Cached:          1137772 kB
MemTotal:        1844596 kB
MemFree:          258064 kB
MemAvailable:    1454940 kB
Buffers:           90280 kB
Cached:          1137772 kB
MemTotal:        1844596 kB
MemFree:          256764 kB
MemAvailable:    1453640 kB
Buffers:           90280 kB
Cached:          1137772 kB
MemTotal:        1844596 kB
MemFree:          256764 kB
MemAvailable:    1453640 kB
Buffers:           90280 kB
Cached:          1137772 kB
MemTotal:        1844596 kB
MemFree:          256328 kB
MemAvailable:    1453204 kB
Buffers:           90280 kB
Cached:          1137772 kB
MemTotal:        1844596 kB
MemFree:          255028 kB
MemAvailable:    1451904 kB
Buffers:           90280 kB
Cached:          1137772 kB
MemTotal:        1844596 kB
MemFree:          256088 kB
MemAvailable:    1452964 kB
Buffers:           90280 kB
Cached:          1137772 kB
MemTotal:        1844596 kB
MemFree:          256088 kB
MemAvailable:    1452964 kB
Buffers:           90280 kB
Cached:          1137772 kB
MemTotal:        1844596 kB
MemFree:          256132 kB
MemAvailable:    1453008 kB
Buffers:           90280 kB
Cached:          1137772 kB
MemTotal:        1844596 kB
MemFree:          256384 kB
MemAvailable:    1453260 kB
Buffers:           90280 kB
Cached:          1137772 kB
MemTotal:        1844596 kB
MemFree:          256104 kB
MemAvailable:    1452980 kB
Buffers:           90280 kB
Cached:          1137772 kB
MemTotal:        1844596 kB
MemFree:          254976 kB
MemAvailable:    1451852 kB
Buffers:           90280 kB
Cached:          1137772 kB
MemTotal:        1844596 kB
MemFree:          254984 kB
MemAvailable:    1451860 kB
Buffers:           90280 kB
Cached:          1137772 kB
MemTotal:        1844596 kB
MemFree:          256284 kB
MemAvailable:    1453160 kB
Buffers:           90280 kB
Cached:          1137772 kB
MemTotal:        1844596 kB
MemFree:          256196 kB
MemAvailable:    1453072 kB
Buffers:           90280 kB
Cached:          1137772 kB
MemTotal:        1844596 kB
MemFree:          254972 kB
MemAvailable:    1451848 kB
Buffers:           90280 kB
Cached:          1137772 kB
MemTotal:        1844596 kB
MemFree:          256116 kB
MemAvailable:    1452992 kB
Buffers:           90280 kB
Cached:          1137772 kB
MemTotal:        1844596 kB
MemFree:          256368 kB
MemAvailable:    1453244 kB
Buffers:           90280 kB
Cached:          1137772 kB
MemTotal:        1844596 kB
MemFree:          256152 kB
MemAvailable:    1453032 kB
Buffers:           90280 kB
Cached:          1137776 kB
MemTotal:        1844596 kB
MemFree:          255524 kB
MemAvailable:    1452404 kB
Buffers:           90280 kB
Cached:          1137776 kB
MemTotal:        1844596 kB
MemFree:          255168 kB
MemAvailable:    1452048 kB
Buffers:           90280 kB
Cached:          1137776 kB
MemTotal:        1844596 kB
MemFree:          253804 kB
MemAvailable:    1450684 kB
Buffers:           90280 kB
Cached:          1137776 kB
MemTotal:        1844596 kB
MemFree:          254168 kB
MemAvailable:    1451048 kB
Buffers:           90280 kB
Cached:          1137776 kB
MemTotal:        1844596 kB
MemFree:          254168 kB
MemAvailable:    1451048 kB
Buffers:           90280 kB
Cached:          1137776 kB
MemTotal:        1844596 kB
MemFree:          254168 kB
MemAvailable:    1451048 kB
Buffers:           90280 kB
Cached:          1137776 kB
MemTotal:        1844596 kB
MemFree:          253192 kB
MemAvailable:    1450072 kB
Buffers:           90280 kB
Cached:          1137776 kB
MemTotal:        1844596 kB
MemFree:          253912 kB
MemAvailable:    1450796 kB
Buffers:           90280 kB
Cached:          1137780 kB
MemTotal:        1844596 kB
MemFree:          254248 kB
MemAvailable:    1451132 kB
Buffers:           90280 kB
Cached:          1137780 kB
MemTotal:        1844596 kB
MemFree:          253176 kB
MemAvailable:    1450060 kB
Buffers:           90280 kB
Cached:          1137780 kB
MemTotal:        1844596 kB
MemFree:          253432 kB
MemAvailable:    1450316 kB
Buffers:           90280 kB
Cached:          1137780 kB
MemTotal:        1844596 kB
MemFree:          252004 kB
MemAvailable:    1448888 kB
Buffers:           90280 kB
Cached:          1137780 kB
MemTotal:        1844596 kB
MemFree:          251632 kB
MemAvailable:    1448516 kB
Buffers:           90280 kB
Cached:          1137780 kB
MemTotal:        1844596 kB
MemFree:          251632 kB
MemAvailable:    1448516 kB
Buffers:           90280 kB
Cached:          1137780 kB
MemTotal:        1844596 kB
MemFree:          251448 kB
MemAvailable:    1448332 kB
Buffers:           90280 kB
Cached:          1137780 kB
MemTotal:        1844596 kB
MemFree:          250076 kB
MemAvailable:    1446960 kB
Buffers:           90280 kB
Cached:          1137780 kB
MemTotal:        1844596 kB
MemFree:          251192 kB
MemAvailable:    1448076 kB
Buffers:           90280 kB
Cached:          1137780 kB
MemTotal:        1844596 kB
MemFree:          251080 kB
MemAvailable:    1447964 kB
Buffers:           90280 kB
Cached:          1137780 kB
MemTotal:        1844596 kB
MemFree:          249772 kB
MemAvailable:    1446656 kB
Buffers:           90280 kB
Cached:          1137780 kB
MemTotal:        1844596 kB
MemFree:          249904 kB
MemAvailable:    1446788 kB
Buffers:           90280 kB
Cached:          1137780 kB
MemTotal:        1844596 kB
MemFree:          249772 kB
MemAvailable:    1446656 kB
Buffers:           90280 kB
Cached:          1137780 kB
MemTotal:        1844596 kB
MemFree:          251128 kB
MemAvailable:    1448012 kB
Buffers:           90280 kB
Cached:          1137780 kB
MemTotal:        1844596 kB
MemFree:          250076 kB
MemAvailable:    1446960 kB
Buffers:           90280 kB
Cached:          1137780 kB
MemTotal:        1844596 kB
MemFree:          251060 kB
MemAvailable:    1447944 kB
Buffers:           90280 kB
Cached:          1137780 kB
MemTotal:        1844596 kB
MemFree:          251312 kB
MemAvailable:    1448196 kB
Buffers:           90280 kB
Cached:          1137780 kB
MemTotal:        1844596 kB
MemFree:          250076 kB
MemAvailable:    1446960 kB
Buffers:           90280 kB
Cached:          1137780 kB
MemTotal:        1844596 kB
MemFree:          250888 kB
MemAvailable:    1447772 kB
Buffers:           90280 kB
Cached:          1137780 kB
MemTotal:        1844596 kB
MemFree:          250812 kB
MemAvailable:    1447696 kB
Buffers:           90280 kB
Cached:          1137780 kB
MemTotal:        1844596 kB
MemFree:          250332 kB
MemAvailable:    1447216 kB
Buffers:           90280 kB
Cached:          1137780 kB
MemTotal:        1844596 kB
MemFree:          251128 kB
MemAvailable:    1448012 kB
Buffers:           90280 kB
Cached:          1137780 kB
MemTotal:        1844596 kB
MemFree:          249436 kB
MemAvailable:    1446320 kB
Buffers:           90280 kB
Cached:          1137780 kB
MemTotal:        1844596 kB
MemFree:          250868 kB
MemAvailable:    1447752 kB
Buffers:           90280 kB
Cached:          1137780 kB
MemTotal:        1844596 kB
MemFree:          250668 kB
MemAvailable:    1447552 kB
Buffers:           90280 kB
Cached:          1137780 kB
MemTotal:        1844596 kB
MemFree:          251004 kB
MemAvailable:    1447888 kB
Buffers:           90280 kB
Cached:          1137780 kB
MemTotal:        1844596 kB
MemFree:          250788 kB
MemAvailable:    1447672 kB
Buffers:           90280 kB
Cached:          1137780 kB
MemTotal:        1844596 kB
MemFree:          251040 kB
MemAvailable:    1447924 kB
Buffers:           90280 kB
Cached:          1137780 kB
MemTotal:        1844596 kB
MemFree:          250640 kB
MemAvailable:    1447524 kB
Buffers:           90280 kB
Cached:          1137780 kB
MemTotal:        1844596 kB
MemFree:          250896 kB
MemAvailable:    1447780 kB
Buffers:           90280 kB
Cached:          1137780 kB
MemTotal:        1844596 kB
MemFree:          250820 kB
MemAvailable:    1447704 kB
Buffers:           90280 kB
Cached:          1137780 kB
MemTotal:        1844596 kB
MemFree:          250748 kB
MemAvailable:    1447632 kB
Buffers:           90280 kB
Cached:          1137780 kB
MemTotal:        1844596 kB
MemFree:          250748 kB
MemAvailable:    1447632 kB
Buffers:           90280 kB
Cached:          1137780 kB
MemTotal:        1844596 kB
MemFree:          249448 kB
MemAvailable:    1446332 kB
Buffers:           90280 kB
Cached:          1137780 kB
MemTotal:        1844596 kB
MemFree:          249784 kB
MemAvailable:    1446668 kB
Buffers:           90280 kB
Cached:          1137780 kB
MemTotal:        1844596 kB
MemFree:          249076 kB
MemAvailable:    1445960 kB
Buffers:           90280 kB
Cached:          1137780 kB
MemTotal:        1844596 kB
MemFree:          249076 kB
MemAvailable:    1445960 kB
Buffers:           90280 kB
Cached:          1137780 kB
MemTotal:        1844596 kB
MemFree:          246348 kB
MemAvailable:    1443232 kB
Buffers:           90280 kB
Cached:          1137780 kB
MemTotal:        1844596 kB
MemFree:          246348 kB
MemAvailable:    1443232 kB
Buffers:           90280 kB
Cached:          1137780 kB
MemTotal:        1844596 kB
MemFree:          243636 kB
MemAvailable:    1440520 kB
Buffers:           90280 kB
Cached:          1137780 kB
MemTotal:        1844596 kB
MemFree:          241156 kB
MemAvailable:    1438040 kB
Buffers:           90280 kB
Cached:          1137780 kB
MemTotal:        1844596 kB
MemFree:          237924 kB
MemAvailable:    1434808 kB
Buffers:           90280 kB
Cached:          1137780 kB
MemTotal:        1844596 kB
MemFree:          237924 kB
MemAvailable:    1434808 kB
Buffers:           90280 kB
Cached:          1137780 kB
MemTotal:        1844596 kB
MemFree:          233220 kB
MemAvailable:    1430104 kB
Buffers:           90280 kB
Cached:          1137780 kB
MemTotal:        1844596 kB
MemFree:          231360 kB
MemAvailable:    1428244 kB
Buffers:           90280 kB
Cached:          1137780 kB
MemTotal:        1844596 kB
MemFree:          232336 kB
MemAvailable:    1429220 kB
Buffers:           90280 kB
Cached:          1137780 kB
MemTotal:        1844596 kB
MemFree:          232420 kB
MemAvailable:    1429304 kB
Buffers:           90280 kB
Cached:          1137780 kB
MemTotal:        1844596 kB
MemFree:          232040 kB
MemAvailable:    1428924 kB
Buffers:           90280 kB
Cached:          1137780 kB
MemTotal:        1844596 kB
MemFree:          232296 kB
MemAvailable:    1429180 kB
Buffers:           90280 kB
Cached:          1137780 kB
MemTotal:        1844596 kB
MemFree:          231968 kB
MemAvailable:    1428852 kB
Buffers:           90280 kB
Cached:          1137780 kB
MemTotal:        1844596 kB
MemFree:          231844 kB
MemAvailable:    1428728 kB
Buffers:           90280 kB
Cached:          1137780 kB
MemTotal:        1844596 kB
MemFree:          230864 kB
MemAvailable:    1427748 kB
Buffers:           90280 kB
Cached:          1137780 kB
MemTotal:        1844596 kB
MemFree:          231580 kB
MemAvailable:    1428464 kB
Buffers:           90280 kB
Cached:          1137780 kB
MemTotal:        1844596 kB
MemFree:          231916 kB
MemAvailable:    1428800 kB
Buffers:           90280 kB
Cached:          1137780 kB
MemTotal:        1844596 kB
MemFree:          231344 kB
MemAvailable:    1428228 kB
Buffers:           90280 kB
Cached:          1137780 kB
MemTotal:        1844596 kB
MemFree:          231680 kB
MemAvailable:    1428564 kB
Buffers:           90280 kB
Cached:          1137780 kB
MemTotal:        1844596 kB
MemFree:          231212 kB
MemAvailable:    1428096 kB
Buffers:           90280 kB
Cached:          1137780 kB
MemTotal:        1844596 kB
MemFree:          231212 kB
MemAvailable:    1428096 kB
Buffers:           90280 kB
Cached:          1137780 kB
MemTotal:        1844596 kB
MemFree:          230792 kB
MemAvailable:    1427676 kB
Buffers:           90280 kB
Cached:          1137780 kB
MemTotal:        1844596 kB
MemFree:          231128 kB
MemAvailable:    1428012 kB
Buffers:           90280 kB
Cached:          1137780 kB
MemTotal:        1844596 kB
MemFree:          231052 kB
MemAvailable:    1427936 kB
Buffers:           90280 kB
Cached:          1137780 kB
MemTotal:        1844596 kB
MemFree:          230956 kB
MemAvailable:    1427840 kB
Buffers:           90280 kB
Cached:          1137780 kB
MemTotal:        1844596 kB
MemFree:          231212 kB
MemAvailable:    1428096 kB
Buffers:           90280 kB
Cached:          1137780 kB
MemTotal:        1844596 kB
MemFree:          229800 kB
MemAvailable:    1426684 kB
Buffers:           90280 kB
Cached:          1137780 kB
MemTotal:        1844596 kB
MemFree:          231200 kB
MemAvailable:    1428084 kB
Buffers:           90280 kB
Cached:          1137780 kB
MemTotal:        1844596 kB
MemFree:          229836 kB
MemAvailable:    1426720 kB
Buffers:           90280 kB
Cached:          1137780 kB
MemTotal:        1844596 kB
MemFree:          229696 kB
MemAvailable:    1426580 kB
Buffers:           90280 kB
Cached:          1137780 kB
MemTotal:        1844596 kB
MemFree:          231236 kB
MemAvailable:    1428120 kB
Buffers:           90280 kB
Cached:          1137780 kB
MemTotal:        1844596 kB
MemFree:          231124 kB
MemAvailable:    1428008 kB
Buffers:           90280 kB
Cached:          1137780 kB
MemTotal:        1844596 kB
MemFree:          230376 kB
MemAvailable:    1427260 kB
Buffers:           90280 kB
Cached:          1137780 kB
MemTotal:        1844596 kB
MemFree:          231412 kB
MemAvailable:    1428304 kB
Buffers:           90280 kB
Cached:          1137788 kB
MemTotal:        1844596 kB
MemFree:          230244 kB
MemAvailable:    1427136 kB
Buffers:           90280 kB
Cached:          1137788 kB
MemTotal:        1844596 kB
MemFree:          231420 kB
MemAvailable:    1428312 kB
Buffers:           90280 kB
Cached:          1137788 kB
MemTotal:        1844596 kB
MemFree:          230120 kB
MemAvailable:    1427012 kB
Buffers:           90280 kB
Cached:          1137788 kB
MemTotal:        1844596 kB
MemFree:          230920 kB
MemAvailable:    1427812 kB
Buffers:           90280 kB
Cached:          1137788 kB
MemTotal:        1844596 kB
MemFree:          230920 kB
MemAvailable:    1427812 kB
Buffers:           90280 kB
Cached:          1137788 kB
MemTotal:        1844596 kB
MemFree:          230960 kB
MemAvailable:    1427852 kB
Buffers:           90280 kB
Cached:          1137788 kB
MemTotal:        1844596 kB
MemFree:          231112 kB
MemAvailable:    1428004 kB
Buffers:           90280 kB
Cached:          1137788 kB
MemTotal:        1844596 kB
MemFree:          230960 kB
MemAvailable:    1427852 kB
Buffers:           90280 kB
Cached:          1137788 kB
MemTotal:        1844596 kB
MemFree:          231296 kB
MemAvailable:    1428188 kB
Buffers:           90280 kB
Cached:          1137788 kB
MemTotal:        1844596 kB
MemFree:          229852 kB
MemAvailable:    1426744 kB
Buffers:           90280 kB
Cached:          1137788 kB
MemTotal:        1844596 kB
MemFree:          226888 kB
MemAvailable:    1423780 kB
Buffers:           90280 kB
Cached:          1137788 kB
MemTotal:        1844596 kB
MemFree:          226888 kB
MemAvailable:    1423780 kB
Buffers:           90280 kB
Cached:          1137788 kB
MemTotal:        1844596 kB
MemFree:          222052 kB
MemAvailable:    1418944 kB
Buffers:           90280 kB
Cached:          1137788 kB
MemTotal:        1844596 kB
MemFree:          222060 kB
MemAvailable:    1418952 kB
Buffers:           90280 kB
Cached:          1137788 kB
MemTotal:        1844596 kB
MemFree:          217596 kB
MemAvailable:    1414488 kB
Buffers:           90280 kB
Cached:          1137788 kB
MemTotal:        1844596 kB
MemFree:          213132 kB
MemAvailable:    1410024 kB
Buffers:           90280 kB
Cached:          1137788 kB
MemTotal:        1844596 kB
MemFree:          212264 kB
MemAvailable:    1409156 kB
Buffers:           90280 kB
Cached:          1137788 kB
MemTotal:        1844596 kB
MemFree:          213308 kB
MemAvailable:    1410200 kB
Buffers:           90280 kB
Cached:          1137788 kB
MemTotal:        1844596 kB
MemFree:          212272 kB
MemAvailable:    1409164 kB
Buffers:           90280 kB
Cached:          1137788 kB
MemTotal:        1844596 kB
MemFree:          213136 kB
MemAvailable:    1410028 kB
Buffers:           90280 kB
Cached:          1137788 kB
MemTotal:        1844596 kB
MemFree:          213248 kB
MemAvailable:    1410140 kB
Buffers:           90280 kB
Cached:          1137788 kB
MemTotal:        1844596 kB
MemFree:          213504 kB
MemAvailable:    1410396 kB
Buffers:           90280 kB
Cached:          1137788 kB
MemTotal:        1844596 kB
MemFree:          212092 kB
MemAvailable:    1408984 kB
Buffers:           90280 kB
Cached:          1137788 kB
MemTotal:        1844596 kB
MemFree:          213268 kB
MemAvailable:    1410160 kB
Buffers:           90280 kB
Cached:          1137788 kB
MemTotal:        1844596 kB
MemFree:          212512 kB
MemAvailable:    1409404 kB
Buffers:           90280 kB
Cached:          1137788 kB
MemTotal:        1844596 kB
MemFree:          212732 kB
MemAvailable:    1409624 kB
Buffers:           90280 kB
Cached:          1137788 kB
MemTotal:        1844596 kB
MemFree:          212816 kB
MemAvailable:    1409708 kB
Buffers:           90280 kB
Cached:          1137788 kB
MemTotal:        1844596 kB
MemFree:          212756 kB
MemAvailable:    1409648 kB
Buffers:           90280 kB
Cached:          1137788 kB
MemTotal:        1844596 kB
MemFree:          211624 kB
MemAvailable:    1408516 kB
Buffers:           90280 kB
Cached:          1137788 kB
MemTotal:        1844596 kB
MemFree:          212816 kB
MemAvailable:    1409708 kB
Buffers:           90280 kB
Cached:          1137788 kB
MemTotal:        1844596 kB
MemFree:          212628 kB
MemAvailable:    1409520 kB
Buffers:           90280 kB
Cached:          1137788 kB
MemTotal:        1844596 kB
MemFree:          213184 kB
MemAvailable:    1410076 kB
Buffers:           90280 kB
Cached:          1137788 kB
MemTotal:        1844596 kB
MemFree:          212024 kB
MemAvailable:    1408916 kB
Buffers:           90280 kB
Cached:          1137788 kB
MemTotal:        1844596 kB
MemFree:          212876 kB
MemAvailable:    1409768 kB
Buffers:           90280 kB
Cached:          1137788 kB
MemTotal:        1844596 kB
MemFree:          212876 kB
MemAvailable:    1409768 kB
Buffers:           90280 kB
Cached:          1137788 kB
MemTotal:        1844596 kB
MemFree:          212876 kB
MemAvailable:    1409768 kB
Buffers:           90280 kB
Cached:          1137788 kB
MemTotal:        1844596 kB
MemFree:          213128 kB
MemAvailable:    1410020 kB
Buffers:           90280 kB
Cached:          1137788 kB
MemTotal:        1844596 kB
MemFree:          212812 kB
MemAvailable:    1409704 kB
Buffers:           90280 kB
Cached:          1137788 kB
MemTotal:        1844596 kB
MemFree:          212512 kB
MemAvailable:    1409404 kB
Buffers:           90280 kB
Cached:          1137788 kB
MemTotal:        1844596 kB
MemFree:          212872 kB
MemAvailable:    1409764 kB
Buffers:           90280 kB
Cached:          1137788 kB
MemTotal:        1844596 kB
MemFree:          211500 kB
MemAvailable:    1408392 kB
Buffers:           90280 kB
Cached:          1137788 kB
MemTotal:        1844596 kB
MemFree:          211624 kB
MemAvailable:    1408516 kB
Buffers:           90280 kB
Cached:          1137788 kB
MemTotal:        1844596 kB
MemFree:          211624 kB
MemAvailable:    1408516 kB
Buffers:           90280 kB
Cached:          1137788 kB
MemTotal:        1844596 kB
MemFree:          212924 kB
MemAvailable:    1409816 kB
Buffers:           90280 kB
Cached:          1137788 kB
MemTotal:        1844596 kB
MemFree:          212920 kB
MemAvailable:    1409812 kB
Buffers:           90280 kB
Cached:          1137788 kB
MemTotal:        1844596 kB
MemFree:          212716 kB
MemAvailable:    1409608 kB
Buffers:           90280 kB
Cached:          1137788 kB
MemTotal:        1844596 kB
MemFree:          212636 kB
MemAvailable:    1409528 kB
Buffers:           90280 kB
Cached:          1137788 kB
MemTotal:        1844596 kB
MemFree:          212872 kB
MemAvailable:    1409764 kB
Buffers:           90280 kB
Cached:          1137788 kB
MemTotal:        1844596 kB
MemFree:          211624 kB
MemAvailable:    1408516 kB
Buffers:           90280 kB
Cached:          1137788 kB
MemTotal:        1844596 kB
MemFree:          212884 kB
MemAvailable:    1409776 kB
Buffers:           90280 kB
Cached:          1137788 kB
MemTotal:        1844596 kB
MemFree:          209776 kB
MemAvailable:    1406668 kB
Buffers:           90280 kB
Cached:          1137788 kB
MemTotal:        1844596 kB
MemFree:          209776 kB
MemAvailable:    1406668 kB
Buffers:           90280 kB
Cached:          1137788 kB
MemTotal:        1844596 kB
MemFree:          203956 kB
MemAvailable:    1400848 kB
Buffers:           90280 kB
Cached:          1137788 kB
MemTotal:        1844596 kB
MemFree:          200484 kB
MemAvailable:    1397376 kB
Buffers:           90280 kB
Cached:          1137788 kB
MemTotal:        1844596 kB
MemFree:          195384 kB
MemAvailable:    1392276 kB
Buffers:           90280 kB
Cached:          1137788 kB
MemTotal:        1844596 kB
MemFree:          195468 kB
MemAvailable:    1392360 kB
Buffers:           90280 kB
Cached:          1137788 kB
MemTotal:        1844596 kB
MemFree:          195332 kB
MemAvailable:    1392224 kB
Buffers:           90280 kB
Cached:          1137788 kB
MemTotal:        1844596 kB
MemFree:          195500 kB
MemAvailable:    1392392 kB
Buffers:           90280 kB
Cached:          1137788 kB
MemTotal:        1844596 kB
MemFree:          195080 kB
MemAvailable:    1391972 kB
Buffers:           90280 kB
Cached:          1137788 kB
MemTotal:        1844596 kB
MemFree:          195416 kB
MemAvailable:    1392308 kB
Buffers:           90280 kB
Cached:          1137788 kB
MemTotal:        1844596 kB
MemFree:          195256 kB
MemAvailable:    1392148 kB
Buffers:           90280 kB
Cached:          1137788 kB
MemTotal:        1844596 kB
MemFree:          195244 kB
MemAvailable:    1392136 kB
Buffers:           90280 kB
Cached:          1137788 kB
MemTotal:        1844596 kB
MemFree:          195328 kB
MemAvailable:    1392220 kB
Buffers:           90280 kB
Cached:          1137788 kB
MemTotal:        1844596 kB
MemFree:          195528 kB
MemAvailable:    1392420 kB
Buffers:           90280 kB
Cached:          1137788 kB
MemTotal:        1844596 kB
MemFree:          195444 kB
MemAvailable:    1392336 kB
Buffers:           90280 kB
Cached:          1137788 kB
MemTotal:        1844596 kB
MemFree:          194532 kB
MemAvailable:    1391424 kB
Buffers:           90280 kB
Cached:          1137788 kB
MemTotal:        1844596 kB
MemFree:          195124 kB
MemAvailable:    1392016 kB
Buffers:           90280 kB
Cached:          1137788 kB
MemTotal:        1844596 kB
MemFree:          195208 kB
MemAvailable:    1392100 kB
Buffers:           90284 kB
Cached:          1137784 kB
MemTotal:        1844596 kB
MemFree:          194140 kB
MemAvailable:    1391032 kB
Buffers:           90284 kB
Cached:          1137784 kB
MemTotal:        1844596 kB
MemFree:          194100 kB
MemAvailable:    1390992 kB
Buffers:           90284 kB
Cached:          1137784 kB
MemTotal:        1844596 kB
MemFree:          195252 kB
MemAvailable:    1392144 kB
Buffers:           90284 kB
Cached:          1137784 kB
MemTotal:        1844596 kB
MemFree:          195012 kB
MemAvailable:    1391904 kB
Buffers:           90284 kB
Cached:          1137784 kB
MemTotal:        1844596 kB
MemFree:          195264 kB
MemAvailable:    1392156 kB
Buffers:           90284 kB
Cached:          1137784 kB
MemTotal:        1844596 kB
MemFree:          193904 kB
MemAvailable:    1390796 kB
Buffers:           90284 kB
Cached:          1137784 kB
MemTotal:        1844596 kB
MemFree:          193664 kB
MemAvailable:    1390556 kB
Buffers:           90284 kB
Cached:          1137784 kB
MemTotal:        1844596 kB
MemFree:          194532 kB
MemAvailable:    1391432 kB
Buffers:           90284 kB
Cached:          1137792 kB
MemTotal:        1844596 kB
MemFree:          193424 kB
MemAvailable:    1390324 kB
Buffers:           90284 kB
Cached:          1137792 kB
MemTotal:        1844596 kB
MemFree:          194468 kB
MemAvailable:    1391376 kB
Buffers:           90284 kB
Cached:          1137800 kB
MemTotal:        1844596 kB
MemFree:          193532 kB
MemAvailable:    1390440 kB
Buffers:           90284 kB
Cached:          1137800 kB
MemTotal:        1844596 kB
MemFree:          194824 kB
MemAvailable:    1391732 kB
Buffers:           90284 kB
Cached:          1137800 kB
MemTotal:        1844596 kB
MemFree:          193284 kB
MemAvailable:    1390192 kB
Buffers:           90284 kB
Cached:          1137800 kB
MemTotal:        1844596 kB
MemFree:          192796 kB
MemAvailable:    1389704 kB
Buffers:           90284 kB
Cached:          1137800 kB
MemTotal:        1844596 kB
MemFree:          192608 kB
MemAvailable:    1389516 kB
Buffers:           90284 kB
Cached:          1137800 kB
MemTotal:        1844596 kB
MemFree:          190316 kB
MemAvailable:    1387224 kB
Buffers:           90284 kB
Cached:          1137800 kB
MemTotal:        1844596 kB
MemFree:          188704 kB
MemAvailable:    1385612 kB
Buffers:           90284 kB
Cached:          1137800 kB
MemTotal:        1844596 kB
MemFree:          186532 kB
MemAvailable:    1383440 kB
Buffers:           90284 kB
Cached:          1137800 kB
MemTotal:        1844596 kB
MemFree:          184000 kB
MemAvailable:    1380908 kB
Buffers:           90284 kB
Cached:          1137800 kB
MemTotal:        1844596 kB
MemFree:          180008 kB
MemAvailable:    1376916 kB
Buffers:           90284 kB
Cached:          1137800 kB
MemTotal:        1844596 kB
MemFree:          180096 kB
MemAvailable:    1377004 kB
Buffers:           90284 kB
Cached:          1137800 kB
MemTotal:        1844596 kB
MemFree:          175436 kB
MemAvailable:    1372344 kB
Buffers:           90284 kB
Cached:          1137800 kB
MemTotal:        1844596 kB
MemFree:          173568 kB
MemAvailable:    1370476 kB
Buffers:           90284 kB
Cached:          1137800 kB
MemTotal:        1844596 kB
MemFree:          170848 kB
MemAvailable:    1367756 kB
Buffers:           90284 kB
Cached:          1137800 kB
MemTotal:        1844596 kB
MemFree:          170652 kB
MemAvailable:    1367560 kB
Buffers:           90284 kB
Cached:          1137800 kB
MemTotal:        1844596 kB
MemFree:          167616 kB
MemAvailable:    1364524 kB
Buffers:           90284 kB
Cached:          1137800 kB
MemTotal:        1844596 kB
MemFree:          166888 kB
MemAvailable:    1363796 kB
Buffers:           90284 kB
Cached:          1137800 kB
MemTotal:        1844596 kB
MemFree:          163772 kB
MemAvailable:    1360680 kB
Buffers:           90284 kB
Cached:          1137800 kB
MemTotal:        1844596 kB
MemFree:          164108 kB
MemAvailable:    1361016 kB
Buffers:           90284 kB
Cached:          1137800 kB
MemTotal:        1844596 kB
MemFree:          163640 kB
MemAvailable:    1360548 kB
Buffers:           90284 kB
Cached:          1137800 kB
MemTotal:        1844596 kB
MemFree:          163640 kB
MemAvailable:    1360548 kB
Buffers:           90284 kB
Cached:          1137800 kB
MemTotal:        1844596 kB
MemFree:          163700 kB
MemAvailable:    1360608 kB
Buffers:           90284 kB
Cached:          1137800 kB
MemTotal:        1844596 kB
MemFree:          163500 kB
MemAvailable:    1360408 kB
Buffers:           90284 kB
Cached:          1137800 kB
MemTotal:        1844596 kB
MemFree:          163664 kB
MemAvailable:    1360572 kB
Buffers:           90284 kB
Cached:          1137800 kB
MemTotal:        1844596 kB
MemFree:          163220 kB
MemAvailable:    1360128 kB
Buffers:           90284 kB
Cached:          1137800 kB
MemTotal:        1844596 kB
MemFree:          163556 kB
MemAvailable:    1360464 kB
Buffers:           90284 kB
Cached:          1137800 kB
MemTotal:        1844596 kB
MemFree:          162112 kB
MemAvailable:    1359020 kB
Buffers:           90284 kB
Cached:          1137800 kB
MemTotal:        1844596 kB
MemFree:          162600 kB
MemAvailable:    1359508 kB
Buffers:           90284 kB
Cached:          1137800 kB
MemTotal:        1844596 kB
MemFree:          161168 kB
MemAvailable:    1358076 kB
Buffers:           90284 kB
Cached:          1137800 kB
MemTotal:        1844596 kB
MemFree:          161168 kB
MemAvailable:    1358076 kB
Buffers:           90284 kB
Cached:          1137800 kB
MemTotal:        1844596 kB
MemFree:          162336 kB
MemAvailable:    1359244 kB
Buffers:           90284 kB
Cached:          1137800 kB
MemTotal:        1844596 kB
MemFree:          162344 kB
MemAvailable:    1359252 kB
Buffers:           90284 kB
Cached:          1137800 kB
MemTotal:        1844596 kB
MemFree:          161036 kB
MemAvailable:    1357944 kB
Buffers:           90284 kB
Cached:          1137800 kB
MemTotal:        1844596 kB
MemFree:          161920 kB
MemAvailable:    1358828 kB
Buffers:           90284 kB
Cached:          1137800 kB
MemTotal:        1844596 kB
MemFree:          161808 kB
MemAvailable:    1358716 kB
Buffers:           90284 kB
Cached:          1137800 kB
MemTotal:        1844596 kB
MemFree:          160236 kB
MemAvailable:    1357144 kB
Buffers:           90284 kB
Cached:          1137800 kB
MemTotal:        1844596 kB
MemFree:          161676 kB
MemAvailable:    1358584 kB
Buffers:           90284 kB
Cached:          1137800 kB
MemTotal:        1844596 kB
MemFree:          160192 kB
MemAvailable:    1357100 kB
Buffers:           90284 kB
Cached:          1137800 kB
MemTotal:        1844596 kB
MemFree:          160988 kB
MemAvailable:    1357896 kB
Buffers:           90284 kB
Cached:          1137800 kB
MemTotal:        1844596 kB
MemFree:          161072 kB
MemAvailable:    1357980 kB
Buffers:           90284 kB
Cached:          1137800 kB
MemTotal:        1844596 kB
MemFree:          160748 kB
MemAvailable:    1357656 kB
Buffers:           90284 kB
Cached:          1137800 kB
MemTotal:        1844596 kB
MemFree:          159192 kB
MemAvailable:    1356100 kB
Buffers:           90284 kB
Cached:          1137800 kB
MemTotal:        1844596 kB
MemFree:          158820 kB
MemAvailable:    1355728 kB
Buffers:           90284 kB
Cached:          1137800 kB
MemTotal:        1844596 kB
MemFree:          159068 kB
MemAvailable:    1355976 kB
Buffers:           90284 kB
Cached:          1137800 kB
MemTotal:        1844596 kB
MemFree:          159164 kB
MemAvailable:    1356072 kB
Buffers:           90284 kB
Cached:          1137800 kB
MemTotal:        1844596 kB
MemFree:          159416 kB
MemAvailable:    1356324 kB
Buffers:           90284 kB
Cached:          1137800 kB
MemTotal:        1844596 kB
MemFree:          159184 kB
MemAvailable:    1356092 kB
Buffers:           90284 kB
Cached:          1137800 kB
MemTotal:        1844596 kB
MemFree:          159112 kB
MemAvailable:    1356020 kB
Buffers:           90284 kB
Cached:          1137800 kB
MemTotal:        1844596 kB
MemFree:          159364 kB
MemAvailable:    1356272 kB
Buffers:           90284 kB
Cached:          1137800 kB
MemTotal:        1844596 kB
MemFree:          159172 kB
MemAvailable:    1356080 kB
Buffers:           90284 kB
Cached:          1137800 kB
MemTotal:        1844596 kB
MemFree:          159172 kB
MemAvailable:    1356080 kB
Buffers:           90284 kB
Cached:          1137800 kB
MemTotal:        1844596 kB
MemFree:          159004 kB
MemAvailable:    1355912 kB
Buffers:           90284 kB
Cached:          1137800 kB
MemTotal:        1844596 kB
MemFree:          159340 kB
MemAvailable:    1356248 kB
Buffers:           90284 kB
Cached:          1137800 kB
MemTotal:        1844596 kB
MemFree:          159040 kB
MemAvailable:    1355948 kB
Buffers:           90284 kB
Cached:          1137800 kB
MemTotal:        1844596 kB
MemFree:          159124 kB
MemAvailable:    1356032 kB
Buffers:           90284 kB
Cached:          1137800 kB
MemTotal:        1844596 kB
MemFree:          158996 kB
MemAvailable:    1355904 kB
Buffers:           90284 kB
Cached:          1137800 kB
MemTotal:        1844596 kB
MemFree:          159332 kB
MemAvailable:    1356240 kB
Buffers:           90284 kB
Cached:          1137800 kB
MemTotal:        1844596 kB
MemFree:          158304 kB
MemAvailable:    1355212 kB
Buffers:           90284 kB
Cached:          1137800 kB
MemTotal:        1844596 kB
MemFree:          159184 kB
MemAvailable:    1356092 kB
Buffers:           90284 kB
Cached:          1137800 kB
MemTotal:        1844596 kB
MemFree:          159308 kB
MemAvailable:    1356216 kB
Buffers:           90284 kB
Cached:          1137800 kB
MemTotal:        1844596 kB
MemFree:          159224 kB
MemAvailable:    1356132 kB
Buffers:           90284 kB
Cached:          1137800 kB
MemTotal:        1844596 kB
MemFree:          159320 kB
MemAvailable:    1356228 kB
Buffers:           90284 kB
Cached:          1137800 kB
MemTotal:        1844596 kB
MemFree:          158448 kB
MemAvailable:    1355356 kB
Buffers:           90284 kB
Cached:          1137800 kB
MemTotal:        1844596 kB
MemFree:          159432 kB
MemAvailable:    1356344 kB
Buffers:           90284 kB
Cached:          1137804 kB
MemTotal:        1844596 kB
MemFree:          159432 kB
MemAvailable:    1356344 kB
Buffers:           90284 kB
Cached:          1137804 kB
MemTotal:        1844596 kB
MemFree:          159164 kB
MemAvailable:    1356076 kB
Buffers:           90284 kB
Cached:          1137804 kB
MemTotal:        1844596 kB
MemFree:          159416 kB
MemAvailable:    1356328 kB
Buffers:           90284 kB
Cached:          1137804 kB
MemTotal:        1844596 kB
MemFree:          159172 kB
MemAvailable:    1356084 kB
Buffers:           90284 kB
Cached:          1137804 kB
MemTotal:        1844596 kB
MemFree:          159200 kB
MemAvailable:    1356112 kB
Buffers:           90284 kB
Cached:          1137804 kB
MemTotal:        1844596 kB
MemFree:          157904 kB
MemAvailable:    1354816 kB
Buffers:           90284 kB
Cached:          1137804 kB
MemTotal:        1844596 kB
MemFree:          159316 kB
MemAvailable:    1356228 kB
Buffers:           90284 kB
Cached:          1137804 kB
MemTotal:        1844596 kB
MemFree:          159052 kB
MemAvailable:    1355964 kB
Buffers:           90284 kB
Cached:          1137804 kB
MemTotal:        1844596 kB
MemFree:          159052 kB
MemAvailable:    1355964 kB
Buffers:           90284 kB
Cached:          1137804 kB
MemTotal:        1844596 kB
MemFree:          157900 kB
MemAvailable:    1354812 kB
Buffers:           90284 kB
Cached:          1137804 kB
MemTotal:        1844596 kB
MemFree:          159000 kB
MemAvailable:    1355912 kB
Buffers:           90284 kB
Cached:          1137804 kB
MemTotal:        1844596 kB
MemFree:          159252 kB
MemAvailable:    1356164 kB
Buffers:           90284 kB
Cached:          1137804 kB
MemTotal:        1844596 kB
MemFree:          159316 kB
MemAvailable:    1356228 kB
Buffers:           90284 kB
Cached:          1137804 kB
MemTotal:        1844596 kB
MemFree:          159212 kB
MemAvailable:    1356128 kB
Buffers:           90284 kB
Cached:          1137808 kB
MemTotal:        1844596 kB
MemFree:          158076 kB
MemAvailable:    1354992 kB
Buffers:           90284 kB
Cached:          1137808 kB
MemTotal:        1844596 kB
MemFree:          159252 kB
MemAvailable:    1356168 kB
Buffers:           90284 kB
Cached:          1137808 kB
MemTotal:        1844596 kB
MemFree:          157516 kB
MemAvailable:    1354432 kB
Buffers:           90284 kB
Cached:          1137808 kB
MemTotal:        1844596 kB
MemFree:          157268 kB
MemAvailable:    1354184 kB
Buffers:           90284 kB
Cached:          1137808 kB
MemTotal:        1844596 kB
MemFree:          156152 kB
MemAvailable:    1353068 kB
Buffers:           90284 kB
Cached:          1137808 kB
MemTotal:        1844596 kB
MemFree:          154976 kB
MemAvailable:    1351892 kB
Buffers:           90284 kB
Cached:          1137808 kB
MemTotal:        1844596 kB
MemFree:          152728 kB
MemAvailable:    1349644 kB
Buffers:           90284 kB
Cached:          1137808 kB
MemTotal:        1844596 kB
MemFree:          153064 kB
MemAvailable:    1349980 kB
Buffers:           90284 kB
Cached:          1137808 kB
MemTotal:        1844596 kB
MemFree:          151496 kB
MemAvailable:    1348412 kB
Buffers:           90284 kB
Cached:          1137808 kB
MemTotal:        1844596 kB
MemFree:          152852 kB
MemAvailable:    1349768 kB
Buffers:           90284 kB
Cached:          1137808 kB
MemTotal:        1844596 kB
MemFree:          152664 kB
MemAvailable:    1349580 kB
Buffers:           90284 kB
Cached:          1137808 kB
MemTotal:        1844596 kB
MemFree:          151504 kB
MemAvailable:    1348420 kB
Buffers:           90284 kB
Cached:          1137808 kB
MemTotal:        1844596 kB
MemFree:          152620 kB
MemAvailable:    1349536 kB
Buffers:           90284 kB
Cached:          1137808 kB
MemTotal:        1844596 kB
MemFree:          152664 kB
MemAvailable:    1349580 kB
Buffers:           90284 kB
Cached:          1137808 kB
MemTotal:        1844596 kB
MemFree:          152124 kB
MemAvailable:    1349040 kB
Buffers:           90284 kB
Cached:          1137808 kB
MemTotal:        1844596 kB
MemFree:          152564 kB
MemAvailable:    1349480 kB
Buffers:           90284 kB
Cached:          1137808 kB
MemTotal:        1844596 kB
MemFree:          152372 kB
MemAvailable:    1349288 kB
Buffers:           90284 kB
Cached:          1137808 kB
MemTotal:        1844596 kB
MemFree:          152608 kB
MemAvailable:    1349524 kB
Buffers:           90284 kB
Cached:          1137808 kB
MemTotal:        1844596 kB
MemFree:          152536 kB
MemAvailable:    1349452 kB
Buffers:           90284 kB
Cached:          1137808 kB
MemTotal:        1844596 kB
MemFree:          151504 kB
MemAvailable:    1348420 kB
Buffers:           90284 kB
Cached:          1137808 kB
MemTotal:        1844596 kB
MemFree:          152220 kB
MemAvailable:    1349220 kB
Buffers:           90284 kB
Cached:          1137932 kB
MemTotal:        1844596 kB
MemFree:          152220 kB
MemAvailable:    1349220 kB
Buffers:           90284 kB
Cached:          1137932 kB
MemTotal:        1844596 kB
MemFree:          152052 kB
MemAvailable:    1349220 kB
Buffers:           90284 kB
Cached:          1138056 kB
MemTotal:        1844596 kB
MemFree:          152304 kB
MemAvailable:    1349472 kB
Buffers:           90284 kB
Cached:          1138056 kB
MemTotal:        1844596 kB
MemFree:          150696 kB
MemAvailable:    1348032 kB
Buffers:           90284 kB
Cached:          1138304 kB
MemTotal:        1844596 kB
MemFree:          150944 kB
MemAvailable:    1348364 kB
Buffers:           90284 kB
Cached:          1138304 kB
MemTotal:        1844596 kB
MemFree:          152120 kB
MemAvailable:    1349540 kB
Buffers:           90284 kB
Cached:          1138428 kB
MemTotal:        1844596 kB
MemFree:          150760 kB
MemAvailable:    1348180 kB
Buffers:           90284 kB
Cached:          1138428 kB
MemTotal:        1844596 kB
MemFree:          151476 kB
MemAvailable:    1348980 kB
Buffers:           90284 kB
Cached:          1138428 kB
MemTotal:        1844596 kB
MemFree:          151812 kB
MemAvailable:    1349316 kB
Buffers:           90284 kB
Cached:          1138428 kB
MemTotal:        1844596 kB
MemFree:          151428 kB
MemAvailable:    1348932 kB
Buffers:           90284 kB
Cached:          1138428 kB
MemTotal:        1844596 kB
MemFree:          151680 kB
MemAvailable:    1349184 kB
Buffers:           90284 kB
Cached:          1138428 kB
MemTotal:        1844596 kB
MemFree:          151680 kB
MemAvailable:    1349184 kB
Buffers:           90284 kB
Cached:          1138428 kB
MemTotal:        1844596 kB
MemFree:          150892 kB
MemAvailable:    1348396 kB
Buffers:           90284 kB
Cached:          1138428 kB
MemTotal:        1844596 kB
MemFree:          150464 kB
MemAvailable:    1347968 kB
Buffers:           90284 kB
Cached:          1138428 kB
MemTotal:        1844596 kB
MemFree:          152384 kB
MemAvailable:    1349384 kB
Buffers:           90284 kB
Cached:          1137796 kB
MemTotal:        1844596 kB
MemFree:          150124 kB
MemAvailable:    1347124 kB
Buffers:           90284 kB
Cached:          1137796 kB
MemTotal:        1844596 kB
MemFree:          307240 kB
MemAvailable:    1504240 kB
Buffers:           90284 kB
Cached:          1137796 kB
MemTotal:        1844596 kB
MemFree:          189688 kB
MemAvailable:    1386688 kB
Buffers:           90284 kB
Cached:          1137796 kB
