MemTotal:        1844596 kB
MemFree:          315500 kB
MemAvailable:    1545664 kB
Buffers:           92492 kB
Cached:          1166472 kB
MemTotal:        1844596 kB
MemFree:          287136 kB
MemAvailable:    1517312 kB
Buffers:           92492 kB
Cached:          1166476 kB
MemTotal:        1844596 kB
MemFree:          286144 kB
MemAvailable:    1516320 kB
Buffers:           92492 kB
Cached:          1166476 kB
MemTotal:        1844596 kB
MemFree:          285028 kB
MemAvailable:    1515204 kB
Buffers:           92492 kB
Cached:          1166476 kB
MemTotal:        1844596 kB
MemFree:          284516 kB
MemAvailable:    1514692 kB
Buffers:           92492 kB
Cached:          1166476 kB
MemTotal:        1844596 kB
MemFree:          284600 kB
MemAvailable:    1514776 kB
Buffers:           92492 kB
Cached:          1166476 kB
MemTotal:        1844596 kB
MemFree:          283228 kB
MemAvailable:    1513404 kB
Buffers:           92492 kB
Cached:          1166476 kB
MemTotal:        1844596 kB
MemFree:          280688 kB
MemAvailable:    1510864 kB
Buffers:           92492 kB
Cached:          1166476 kB
MemTotal:        1844596 kB
MemFree:          277464 kB
MemAvailable:    1507640 kB
Buffers:           92492 kB
Cached:          1166476 kB
MemTotal:        1844596 kB
MemFree:          274820 kB
MemAvailable:    1504996 kB
Buffers:           92492 kB
Cached:          1166476 kB
MemTotal:        1844596 kB
MemFree:          273224 kB
MemAvailable:    1503484 kB
Buffers:           92492 kB
Cached:          1166476 kB
MemTotal:        1844596 kB
MemFree:          273192 kB
MemAvailable:    1503368 kB
Buffers:           92492 kB
Cached:          1166476 kB
MemTotal:        1844596 kB
MemFree:          274472 kB
MemAvailable:    1504648 kB
Buffers:           92492 kB
Cached:          1166476 kB
MemTotal:        1844596 kB
MemFree:          274556 kB
MemAvailable:    1504732 kB
Buffers:           92492 kB
Cached:          1166476 kB
MemTotal:        1844596 kB
MemFree:          274300 kB
MemAvailable:    1504476 kB
Buffers:           92492 kB
Cached:          1166476 kB
MemTotal:        1844596 kB
MemFree:          273504 kB
MemAvailable:    1503680 kB
Buffers:           92492 kB
Cached:          1166476 kB
MemTotal:        1844596 kB
MemFree:          273844 kB
MemAvailable:    1504020 kB
Buffers:           92492 kB
Cached:          1166476 kB
MemTotal:        1844596 kB
MemFree:          274180 kB
MemAvailable:    1504356 kB
Buffers:           92492 kB
Cached:          1166476 kB
MemTotal:        1844596 kB
MemFree:          273804 kB
MemAvailable:    1503980 kB
Buffers:           92492 kB
Cached:          1166476 kB
MemTotal:        1844596 kB
MemFree:          274056 kB
MemAvailable:    1504232 kB
Buffers:           92492 kB
Cached:          1166476 kB
MemTotal:        1844596 kB
MemFree:          273860 kB
MemAvailable:    1504036 kB
Buffers:           92492 kB
Cached:          1166476 kB
MemTotal:        1844596 kB
MemFree:          273752 kB
MemAvailable:    1503928 kB
Buffers:           92492 kB
Cached:          1166476 kB
MemTotal:        1844596 kB
MemFree:          273796 kB
MemAvailable:    1503972 kB
Buffers:           92492 kB
Cached:          1166476 kB
MemTotal:        1844596 kB
MemFree:          273540 kB
MemAvailable:    1503716 kB
Buffers:           92492 kB
Cached:          1166476 kB
MemTotal:        1844596 kB
MemFree:          272008 kB
MemAvailable:    1502184 kB
Buffers:           92492 kB
Cached:          1166476 kB
MemTotal:        1844596 kB
MemFree:          273248 kB
MemAvailable:    1503424 kB
Buffers:           92492 kB
Cached:          1166476 kB
MemTotal:        1844596 kB
MemFree:          271884 kB
MemAvailable:    1502060 kB
Buffers:           92492 kB
Cached:          1166476 kB
MemTotal:        1844596 kB
MemFree:          272612 kB
MemAvailable:    1502788 kB
Buffers:           92492 kB
Cached:          1166476 kB
MemTotal:        1844596 kB
MemFree:          272752 kB
MemAvailable:    1502928 kB
Buffers:           92492 kB
Cached:          1166476 kB
MemTotal:        1844596 kB
MemFree:          271868 kB
MemAvailable:    1502044 kB
Buffers:           92492 kB
Cached:          1166476 kB
MemTotal:        1844596 kB
MemFree:          271264 kB
MemAvailable:    1501440 kB
Buffers:           92492 kB
Cached:          1166476 kB
MemTotal:        1844596 kB
MemFree:          270340 kB
MemAvailable:    1500516 kB
Buffers:           92492 kB
Cached:          1166476 kB
MemTotal:        1844596 kB
MemFree:          271640 kB
MemAvailable:    1501816 kB
Buffers:           92492 kB
Cached:          1166476 kB
MemTotal:        1844596 kB
MemFree:          270208 kB
MemAvailable:    1500384 kB
Buffers:           92492 kB
Cached:          1166476 kB
MemTotal:        1844596 kB
MemFree:          270084 kB
MemAvailable:    1500260 kB
Buffers:           92492 kB
Cached:          1166476 kB
MemTotal:        1844596 kB
MemFree:          270332 kB
MemAvailable:    1500508 kB
Buffers:           92492 kB
Cached:          1166476 kB
MemTotal:        1844596 kB
MemFree:          270244 kB
MemAvailable:    1500420 kB
Buffers:           92492 kB
Cached:          1166476 kB
MemTotal:        1844596 kB
MemFree:          271476 kB
MemAvailable:    1501652 kB
Buffers:           92492 kB
Cached:          1166476 kB
MemTotal:        1844596 kB
MemFree:          272948 kB
MemAvailable:    1503124 kB
Buffers:           92492 kB
Cached:          1166476 kB
MemTotal:        1844596 kB
MemFree:          272132 kB
MemAvailable:    1502308 kB
Buffers:           92492 kB
Cached:          1166476 kB
MemTotal:        1844596 kB
MemFree:          270720 kB
MemAvailable:    1500900 kB
Buffers:           92492 kB
Cached:          1166480 kB
MemTotal:        1844596 kB
MemFree:          268908 kB
MemAvailable:    1499088 kB
Buffers:           92492 kB
Cached:          1166480 kB
MemTotal:        1844596 kB
MemFree:          267720 kB
MemAvailable:    1497900 kB
Buffers:           92492 kB
Cached:          1166480 kB
MemTotal:        1844596 kB
MemFree:          266428 kB
MemAvailable:    1496608 kB
Buffers:           92492 kB
Cached:          1166480 kB
MemTotal:        1844596 kB
MemFree:          267272 kB
MemAvailable:    1497452 kB
Buffers:           92492 kB
Cached:          1166480 kB
MemTotal:        1844596 kB
MemFree:          267272 kB
MemAvailable:    1497452 kB
Buffers:           92492 kB
Cached:          1166480 kB
MemTotal:        1844596 kB
MemFree:          267300 kB
MemAvailable:    1497480 kB
Buffers:           92492 kB
Cached:          1166480 kB
MemTotal:        1844596 kB
MemFree:          267212 kB
MemAvailable:    1497392 kB
Buffers:           92492 kB
Cached:          1166480 kB
MemTotal:        1844596 kB
MemFree:          266436 kB
MemAvailable:    1496616 kB
Buffers:           92492 kB
Cached:          1166480 kB
MemTotal:        1844596 kB
MemFree:          266784 kB
MemAvailable:    1496964 kB
Buffers:           92492 kB
Cached:          1166480 kB
MemTotal:        1844596 kB
MemFree:          267120 kB
MemAvailable:    1497300 kB
Buffers:           92492 kB
Cached:          1166480 kB
MemTotal:        1844596 kB
MemFree:          266988 kB
MemAvailable:    1497168 kB
Buffers:           92492 kB
Cached:          1166480 kB
MemTotal:        1844596 kB
MemFree:          266924 kB
MemAvailable:    1497104 kB
Buffers:           92492 kB
Cached:          1166480 kB
MemTotal:        1844596 kB
MemFree:          266868 kB
MemAvailable:    1497048 kB
Buffers:           92492 kB
Cached:          1166480 kB
MemTotal:        1844596 kB
MemFree:          266916 kB
MemAvailable:    1497096 kB
Buffers:           92492 kB
Cached:          1166480 kB
MemTotal:        1844596 kB
MemFree:          266560 kB
MemAvailable:    1496740 kB
Buffers:           92492 kB
Cached:          1166480 kB
MemTotal:        1844596 kB
MemFree:          264072 kB
MemAvailable:    1494252 kB
Buffers:           92492 kB
Cached:          1166480 kB
MemTotal:        1844596 kB
MemFree:          261528 kB
MemAvailable:    1491708 kB
Buffers:           92492 kB
Cached:          1166480 kB
MemTotal:        1844596 kB
MemFree:          261280 kB
MemAvailable:    1491460 kB
Buffers:           92492 kB
Cached:          1166480 kB
MemTotal:        1844596 kB
MemFree:          260724 kB
MemAvailable:    1490904 kB
Buffers:           92492 kB
Cached:          1166480 kB
MemTotal:        1844596 kB
MemFree:          259608 kB
MemAvailable:    1489788 kB
Buffers:           92492 kB
Cached:          1166480 kB
MemTotal:        1844596 kB
MemFree:          259296 kB
MemAvailable:    1489476 kB
Buffers:           92492 kB
Cached:          1166480 kB
MemTotal:        1844596 kB
MemFree:          258676 kB
MemAvailable:    1488856 kB
Buffers:           92492 kB
Cached:          1166480 kB
MemTotal:        1844596 kB
MemFree:          257244 kB
MemAvailable:    1487424 kB
Buffers:           92492 kB
Cached:          1166480 kB
MemTotal:        1844596 kB
MemFree:          257608 kB
MemAvailable:    1487788 kB
Buffers:           92492 kB
Cached:          1166480 kB
MemTotal:        1844596 kB
MemFree:          257200 kB
MemAvailable:    1487380 kB
Buffers:           92492 kB
Cached:          1166480 kB
MemTotal:        1844596 kB
MemFree:          258104 kB
MemAvailable:    1488288 kB
Buffers:           92492 kB
Cached:          1166484 kB
MemTotal:        1844596 kB
MemFree:          258120 kB
MemAvailable:    1488304 kB
Buffers:           92492 kB
Cached:          1166484 kB
MemTotal:        1844596 kB
MemFree:          258064 kB
MemAvailable:    1488248 kB
Buffers:           92492 kB
Cached:          1166484 kB
MemTotal:        1844596 kB
MemFree:          257924 kB
MemAvailable:    1488108 kB
Buffers:           92492 kB
Cached:          1166484 kB
MemTotal:        1844596 kB
MemFree:          258260 kB
MemAvailable:    1488444 kB
Buffers:           92492 kB
Cached:          1166484 kB
MemTotal:        1844596 kB
MemFree:          258104 kB
MemAvailable:    1488288 kB
Buffers:           92492 kB
Cached:          1166484 kB
MemTotal:        1844596 kB
MemFree:          258356 kB
MemAvailable:    1488540 kB
Buffers:           92492 kB
Cached:          1166484 kB
MemTotal:        1844596 kB
MemFree:          256992 kB
MemAvailable:    1487176 kB
Buffers:           92492 kB
Cached:          1166484 kB
MemTotal:        1844596 kB
MemFree:          256984 kB
MemAvailable:    1487168 kB
Buffers:           92492 kB
Cached:          1166484 kB
MemTotal:        1844596 kB
MemFree:          258168 kB
MemAvailable:    1488352 kB
Buffers:           92492 kB
Cached:          1166484 kB
MemTotal:        1844596 kB
MemFree:          256860 kB
MemAvailable:    1487044 kB
Buffers:           92492 kB
Cached:          1166484 kB
MemTotal:        1844596 kB
MemFree:          256596 kB
MemAvailable:    1486780 kB
Buffers:           92492 kB
Cached:          1166484 kB
MemTotal:        1844596 kB
MemFree:          257788 kB
MemAvailable:    1487972 kB
Buffers:           92492 kB
Cached:          1166484 kB
MemTotal:        1844596 kB
MemFree:          257624 kB
MemAvailable:    1487808 kB
Buffers:           92492 kB
Cached:          1166484 kB
MemTotal:        1844596 kB
MemFree:          257816 kB
MemAvailable:    1488000 kB
Buffers:           92492 kB
Cached:          1166484 kB
MemTotal:        1844596 kB
MemFree:          257012 kB
MemAvailable:    1487196 kB
Buffers:           92492 kB
Cached:          1166484 kB
MemTotal:        1844596 kB
MemFree:          254888 kB
MemAvailable:    1485072 kB
Buffers:           92492 kB
Cached:          1166484 kB
MemTotal:        1844596 kB
MemFree:          254896 kB
MemAvailable:    1485080 kB
Buffers:           92492 kB
Cached:          1166484 kB
MemTotal:        1844596 kB
MemFree:          251912 kB
MemAvailable:    1482096 kB
Buffers:           92492 kB
Cached:          1166484 kB
MemTotal:        1844596 kB
MemFree:          249864 kB
MemAvailable:    1480048 kB
Buffers:           92492 kB
Cached:          1166484 kB
MemTotal:        1844596 kB
MemFree:          248564 kB
MemAvailable:    1478748 kB
Buffers:           92492 kB
Cached:          1166484 kB
MemTotal:        1844596 kB
MemFree:          249500 kB
MemAvailable:    1479684 kB
Buffers:           92492 kB
Cached:          1166484 kB
MemTotal:        1844596 kB
MemFree:          249752 kB
MemAvailable:    1479936 kB
Buffers:           92492 kB
Cached:          1166484 kB
MemTotal:        1844596 kB
MemFree:          248192 kB
MemAvailable:    1478376 kB
Buffers:           92492 kB
Cached:          1166484 kB
MemTotal:        1844596 kB
MemFree:          248192 kB
MemAvailable:    1478376 kB
Buffers:           92492 kB
Cached:          1166484 kB
MemTotal:        1844596 kB
MemFree:          248060 kB
MemAvailable:    1478244 kB
Buffers:           92492 kB
Cached:          1166484 kB
MemTotal:        1844596 kB
MemFree:          249160 kB
MemAvailable:    1479344 kB
Buffers:           92492 kB
Cached:          1166484 kB
MemTotal:        1844596 kB
MemFree:          249068 kB
MemAvailable:    1479252 kB
Buffers:           92492 kB
Cached:          1166484 kB
MemTotal:        1844596 kB
MemFree:          249364 kB
MemAvailable:    1479548 kB
Buffers:           92492 kB
Cached:          1166484 kB
MemTotal:        1844596 kB
MemFree:          249108 kB
MemAvailable:    1479292 kB
Buffers:           92492 kB
Cached:          1166484 kB
MemTotal:        1844596 kB
MemFree:          248008 kB
MemAvailable:    1478192 kB
Buffers:           92492 kB
Cached:          1166484 kB
MemTotal:        1844596 kB
MemFree:          249248 kB
MemAvailable:    1479432 kB
Buffers:           92492 kB
Cached:          1166484 kB
MemTotal:        1844596 kB
MemFree:          249112 kB
MemAvailable:    1479296 kB
Buffers:           92492 kB
Cached:          1166484 kB
MemTotal:        1844596 kB
MemFree:          249364 kB
MemAvailable:    1479548 kB
Buffers:           92492 kB
Cached:          1166484 kB
MemTotal:        1844596 kB
MemFree:          247896 kB
MemAvailable:    1478080 kB
Buffers:           92492 kB
Cached:          1166484 kB
MemTotal:        1844596 kB
MemFree:          249072 kB
MemAvailable:    1479256 kB
Buffers:           92492 kB
Cached:          1166484 kB
MemTotal:        1844596 kB
MemFree:          248020 kB
MemAvailable:    1478204 kB
Buffers:           92492 kB
Cached:          1166484 kB
MemTotal:        1844596 kB
MemFree:          249164 kB
MemAvailable:    1479348 kB
Buffers:           92492 kB
Cached:          1166484 kB
MemTotal:        1844596 kB
MemFree:          249248 kB
MemAvailable:    1479432 kB
Buffers:           92492 kB
Cached:          1166484 kB
MemTotal:        1844596 kB
MemFree:          249120 kB
MemAvailable:    1479304 kB
Buffers:           92492 kB
Cached:          1166484 kB
MemTotal:        1844596 kB
MemFree:          249200 kB
MemAvailable:    1479384 kB
Buffers:           92492 kB
Cached:          1166484 kB
MemTotal:        1844596 kB
MemFree:          249060 kB
MemAvailable:    1479244 kB
Buffers:           92492 kB
Cached:          1166484 kB
MemTotal:        1844596 kB
MemFree:          249004 kB
MemAvailable:    1479188 kB
Buffers:           92492 kB
Cached:          1166484 kB
MemTotal:        1844596 kB
MemFree:          248696 kB
MemAvailable:    1478880 kB
Buffers:           92492 kB
Cached:          1166484 kB
MemTotal:        1844596 kB
MemFree:          247564 kB
MemAvailable:    1477748 kB
Buffers:           92492 kB
Cached:          1166484 kB
MemTotal:        1844596 kB
MemFree:          247332 kB
MemAvailable:    1477516 kB
Buffers:           92492 kB
Cached:          1166484 kB
MemTotal:        1844596 kB
MemFree:          243364 kB
MemAvailable:    1473548 kB
Buffers:           92492 kB
Cached:          1166484 kB
MemTotal:        1844596 kB
MemFree:          241192 kB
MemAvailable:    1471376 kB
Buffers:           92492 kB
Cached:          1166484 kB
MemTotal:        1844596 kB
MemFree:          238900 kB
MemAvailable:    1469084 kB
Buffers:           92492 kB
Cached:          1166484 kB
MemTotal:        1844596 kB
MemFree:          240100 kB
MemAvailable:    1470284 kB
Buffers:           92492 kB
Cached:          1166484 kB
MemTotal:        1844596 kB
MemFree:          239024 kB
MemAvailable:    1469208 kB
Buffers:           92492 kB
Cached:          1166484 kB
MemTotal:        1844596 kB
MemFree:          238644 kB
MemAvailable:    1468828 kB
Buffers:           92492 kB
Cached:          1166484 kB
MemTotal:        1844596 kB
MemFree:          239704 kB
MemAvailable:    1469888 kB
Buffers:           92492 kB
Cached:          1166484 kB
MemTotal:        1844596 kB
MemFree:          238456 kB
MemAvailable:    1468640 kB
Buffers:           92492 kB
Cached:          1166484 kB
MemTotal:        1844596 kB
MemFree:          237040 kB
MemAvailable:    1467224 kB
Buffers:           92492 kB
Cached:          1166484 kB
MemTotal:        1844596 kB
MemFree:          237520 kB
MemAvailable:    1467704 kB
Buffers:           92492 kB
Cached:          1166484 kB
MemTotal:        1844596 kB
MemFree:          237288 kB
MemAvailable:    1467472 kB
Buffers:           92492 kB
Cached:          1166484 kB
MemTotal:        1844596 kB
MemFree:          237284 kB
MemAvailable:    1467468 kB
Buffers:           92492 kB
Cached:          1166484 kB
MemTotal:        1844596 kB
MemFree:          237224 kB
MemAvailable:    1467408 kB
Buffers:           92492 kB
Cached:          1166484 kB
MemTotal:        1844596 kB
MemFree:          236656 kB
MemAvailable:    1466840 kB
Buffers:           92492 kB
Cached:          1166484 kB
MemTotal:        1844596 kB
MemFree:          236024 kB
MemAvailable:    1466208 kB
Buffers:           92492 kB
Cached:          1166484 kB
MemTotal:        1844596 kB
MemFree:          236148 kB
MemAvailable:    1466332 kB
Buffers:           92492 kB
Cached:          1166484 kB
MemTotal:        1844596 kB
MemFree:          236148 kB
MemAvailable:    1466332 kB
Buffers:           92492 kB
Cached:          1166484 kB
MemTotal:        1844596 kB
MemFree:          237348 kB
MemAvailable:    1467532 kB
Buffers:           92492 kB
Cached:          1166484 kB
MemTotal:        1844596 kB
MemFree:          236296 kB
MemAvailable:    1466480 kB
Buffers:           92492 kB
Cached:          1166484 kB
MemTotal:        1844596 kB
MemFree:          236412 kB
MemAvailable:    1466596 kB
Buffers:           92492 kB
Cached:          1166484 kB
MemTotal:        1844596 kB
MemFree:          236164 kB
MemAvailable:    1466348 kB
Buffers:           92492 kB
Cached:          1166484 kB
MemTotal:        1844596 kB
MemFree:          237644 kB
MemAvailable:    1467828 kB
Buffers:           92492 kB
Cached:          1166484 kB
MemTotal:        1844596 kB
MemFree:          237604 kB
MemAvailable:    1467788 kB
Buffers:           92492 kB
Cached:          1166484 kB
MemTotal:        1844596 kB
MemFree:          237432 kB
MemAvailable:    1467616 kB
Buffers:           92492 kB
Cached:          1166484 kB
MemTotal:        1844596 kB
MemFree:          236124 kB
MemAvailable:    1466308 kB
Buffers:           92492 kB
Cached:          1166484 kB
MemTotal:        1844596 kB
MemFree:          237472 kB
MemAvailable:    1467656 kB
Buffers:           92492 kB
Cached:          1166484 kB
MemTotal:        1844596 kB
MemFree:          236040 kB
MemAvailable:    1466224 kB
Buffers:           92492 kB
Cached:          1166484 kB
MemTotal:        1844596 kB
MemFree:          237472 kB
MemAvailable:    1467656 kB
Buffers:           92492 kB
Cached:          1166484 kB
MemTotal:        1844596 kB
MemFree:          237340 kB
MemAvailable:    1467524 kB
Buffers:           92492 kB
Cached:          1166484 kB
MemTotal:        1844596 kB
MemFree:          237516 kB
MemAvailable:    1467700 kB
Buffers:           92492 kB
Cached:          1166484 kB
MemTotal:        1844596 kB
MemFree:          237488 kB
MemAvailable:    1467672 kB
Buffers:           92492 kB
Cached:          1166484 kB
MemTotal:        1844596 kB
MemFree:          237280 kB
MemAvailable:    1467464 kB
Buffers:           92492 kB
Cached:          1166484 kB
MemTotal:        1844596 kB
MemFree:          237280 kB
MemAvailable:    1467464 kB
Buffers:           92492 kB
Cached:          1166484 kB
MemTotal:        1844596 kB
MemFree:          236124 kB
MemAvailable:    1466308 kB
Buffers:           92492 kB
Cached:          1166484 kB
MemTotal:        1844596 kB
MemFree:          237404 kB
MemAvailable:    1467588 kB
Buffers:           92492 kB
Cached:          1166484 kB
MemTotal:        1844596 kB
MemFree:          237420 kB
MemAvailable:    1467604 kB
Buffers:           92492 kB
Cached:          1166484 kB
MemTotal:        1844596 kB
MemFree:          237292 kB
MemAvailable:    1467476 kB
Buffers:           92492 kB
Cached:          1166484 kB
MemTotal:        1844596 kB
MemFree:          237420 kB
MemAvailable:    1467604 kB
Buffers:           92492 kB
Cached:          1166484 kB
MemTotal:        1844596 kB
MemFree:          236676 kB
MemAvailable:    1466860 kB
Buffers:           92492 kB
Cached:          1166484 kB
MemTotal:        1844596 kB
MemFree:          237784 kB
MemAvailable:    1467980 kB
Buffers:           92492 kB
Cached:          1166496 kB
MemTotal:        1844596 kB
MemFree:          237844 kB
MemAvailable:    1468040 kB
Buffers:           92492 kB
Cached:          1166496 kB
MemTotal:        1844596 kB
MemFree:          237520 kB
MemAvailable:    1467716 kB
Buffers:           92492 kB
Cached:          1166496 kB
MemTotal:        1844596 kB
MemFree:          237040 kB
MemAvailable:    1467236 kB
Buffers:           92492 kB
Cached:          1166496 kB
MemTotal:        1844596 kB
MemFree:          237292 kB
MemAvailable:    1467488 kB
Buffers:           92492 kB
Cached:          1166496 kB
MemTotal:        1844596 kB
MemFree:          237260 kB
MemAvailable:    1467456 kB
Buffers:           92492 kB
Cached:          1166496 kB
MemTotal:        1844596 kB
MemFree:          237288 kB
MemAvailable:    1467484 kB
Buffers:           92492 kB
Cached:          1166496 kB
MemTotal:        1844596 kB
MemFree:          236116 kB
MemAvailable:    1466312 kB
Buffers:           92492 kB
Cached:          1166496 kB
MemTotal:        1844596 kB
MemFree:          236116 kB
MemAvailable:    1466312 kB
Buffers:           92492 kB
Cached:          1166496 kB
MemTotal:        1844596 kB
MemFree:          237356 kB
MemAvailable:    1467552 kB
Buffers:           92492 kB
Cached:          1166496 kB
MemTotal:        1844596 kB
MemFree:          236152 kB
MemAvailable:    1466348 kB
Buffers:           92492 kB
Cached:          1166496 kB
MemTotal:        1844596 kB
MemFree:          236152 kB
MemAvailable:    1466348 kB
Buffers:           92492 kB
Cached:          1166496 kB
MemTotal:        1844596 kB
MemFree:          237452 kB
MemAvailable:    1467648 kB
Buffers:           92492 kB
Cached:          1166496 kB
MemTotal:        1844596 kB
MemFree:          236276 kB
MemAvailable:    1466472 kB
Buffers:           92492 kB
Cached:          1166496 kB
MemTotal:        1844596 kB
MemFree:          236648 kB
MemAvailable:    1466844 kB
Buffers:           92492 kB
Cached:          1166496 kB
MemTotal:        1844596 kB
MemFree:          237472 kB
MemAvailable:    1467668 kB
Buffers:           92492 kB
Cached:          1166496 kB
MemTotal:        1844596 kB
MemFree:          236288 kB
MemAvailable:    1466484 kB
Buffers:           92492 kB
Cached:          1166496 kB
MemTotal:        1844596 kB
MemFree:          237340 kB
MemAvailable:    1467536 kB
Buffers:           92492 kB
Cached:          1166496 kB
MemTotal:        1844596 kB
MemFree:          237008 kB
MemAvailable:    1467204 kB
Buffers:           92492 kB
Cached:          1166496 kB
MemTotal:        1844596 kB
MemFree:          236900 kB
MemAvailable:    1467096 kB
Buffers:           92492 kB
Cached:          1166496 kB
MemTotal:        1844596 kB
MemFree:          236752 kB
MemAvailable:    1466948 kB
Buffers:           92492 kB
Cached:          1166496 kB
MemTotal:        1844596 kB
MemFree:          235392 kB
MemAvailable:    1465588 kB
Buffers:           92492 kB
Cached:          1166496 kB
MemTotal:        1844596 kB
MemFree:          236852 kB
MemAvailable:    1467048 kB
Buffers:           92492 kB
Cached:          1166496 kB
MemTotal:        1844596 kB
MemFree:          236776 kB
MemAvailable:    1466972 kB
Buffers:           92492 kB
Cached:          1166496 kB
MemTotal:        1844596 kB
MemFree:          236668 kB
MemAvailable:    1466864 kB
Buffers:           92492 kB
Cached:          1166496 kB
MemTotal:        1844596 kB
MemFree:          236664 kB
MemAvailable:    1466860 kB
Buffers:           92492 kB
Cached:          1166496 kB
MemTotal:        1844596 kB
MemFree:          236772 kB
MemAvailable:    1466968 kB
Buffers:           92492 kB
Cached:          1166496 kB
MemTotal:        1844596 kB
MemFree:          236764 kB
MemAvailable:    1466960 kB
Buffers:           92492 kB
Cached:          1166496 kB
MemTotal:        1844596 kB
MemFree:          235152 kB
MemAvailable:    1465348 kB
Buffers:           92492 kB
Cached:          1166496 kB
MemTotal:        1844596 kB
MemFree:          236600 kB
MemAvailable:    1466796 kB
Buffers:           92492 kB
Cached:          1166496 kB
MemTotal:        1844596 kB
MemFree:          236576 kB
MemAvailable:    1466772 kB
Buffers:           92492 kB
Cached:          1166496 kB
MemTotal:        1844596 kB
MemFree:          235400 kB
MemAvailable:    1465596 kB
Buffers:           92492 kB
Cached:          1166496 kB
MemTotal:        1844596 kB
MemFree:          236404 kB
MemAvailable:    1466600 kB
Buffers:           92492 kB
Cached:          1166496 kB
MemTotal:        1844596 kB
MemFree:          235924 kB
MemAvailable:    1466120 kB
Buffers:           92492 kB
Cached:          1166496 kB
MemTotal:        1844596 kB
MemFree:          236240 kB
MemAvailable:    1466436 kB
Buffers:           92492 kB
Cached:          1166496 kB
MemTotal:        1844596 kB
MemFree:          235244 kB
MemAvailable:    1465440 kB
Buffers:           92492 kB
Cached:          1166496 kB
MemTotal:        1844596 kB
MemFree:          235024 kB
MemAvailable:    1465220 kB
Buffers:           92492 kB
Cached:          1166496 kB
MemTotal:        1844596 kB
MemFree:          236472 kB
MemAvailable:    1466668 kB
Buffers:           92492 kB
Cached:          1166496 kB
MemTotal:        1844596 kB
MemFree:          234880 kB
MemAvailable:    1465076 kB
Buffers:           92492 kB
Cached:          1166496 kB
MemTotal:        1844596 kB
MemFree:          236288 kB
MemAvailable:    1466484 kB
Buffers:           92492 kB
Cached:          1166496 kB
MemTotal:        1844596 kB
MemFree:          234916 kB
MemAvailable:    1465112 kB
Buffers:           92492 kB
Cached:          1166496 kB
MemTotal:        1844596 kB
MemFree:          234064 kB
MemAvailable:    1464260 kB
Buffers:           92492 kB
Cached:          1166496 kB
MemTotal:        1844596 kB
MemFree:          230776 kB
MemAvailable:    1460972 kB
Buffers:           92492 kB
Cached:          1166496 kB
MemTotal:        1844596 kB
MemFree:          226500 kB
MemAvailable:    1456696 kB
Buffers:           92492 kB
Cached:          1166496 kB
MemTotal:        1844596 kB
MemFree:          225756 kB
MemAvailable:    1455952 kB
Buffers:           92492 kB
Cached:          1166496 kB
MemTotal:        1844596 kB
MemFree:          224648 kB
MemAvailable:    1454844 kB
Buffers:           92492 kB
Cached:          1166496 kB
MemTotal:        1844596 kB
MemFree:          225616 kB
MemAvailable:    1455812 kB
Buffers:           92492 kB
Cached:          1166496 kB
MemTotal:        1844596 kB
MemFree:          225952 kB
MemAvailable:    1456148 kB
Buffers:           92492 kB
Cached:          1166496 kB
MemTotal:        1844596 kB
MemFree:          225376 kB
MemAvailable:    1455572 kB
Buffers:           92492 kB
Cached:          1166496 kB
MemTotal:        1844596 kB
MemFree:          224896 kB
MemAvailable:    1455092 kB
Buffers:           92492 kB
Cached:          1166496 kB
MemTotal:        1844596 kB
MemFree:          225128 kB
MemAvailable:    1455324 kB
Buffers:           92492 kB
Cached:          1166496 kB
MemTotal:        1844596 kB
MemFree:          224500 kB
MemAvailable:    1454696 kB
Buffers:           92492 kB
Cached:          1166496 kB
MemTotal:        1844596 kB
MemFree:          224020 kB
MemAvailable:    1454216 kB
Buffers:           92492 kB
Cached:          1166496 kB
MemTotal:        1844596 kB
MemFree:          223772 kB
MemAvailable:    1453968 kB
Buffers:           92492 kB
Cached:          1166496 kB
MemTotal:        1844596 kB
MemFree:          221912 kB
MemAvailable:    1452108 kB
Buffers:           92492 kB
Cached:          1166496 kB
MemTotal:        1844596 kB
MemFree:          221780 kB
MemAvailable:    1451976 kB
Buffers:           92492 kB
Cached:          1166496 kB
MemTotal:        1844596 kB
MemFree:          222948 kB
MemAvailable:    1453144 kB
Buffers:           92492 kB
Cached:          1166496 kB
MemTotal:        1844596 kB
MemFree:          222624 kB
MemAvailable:    1452820 kB
Buffers:           92492 kB
Cached:          1166496 kB
MemTotal:        1844596 kB
MemFree:          222848 kB
MemAvailable:    1453044 kB
Buffers:           92492 kB
Cached:          1166496 kB
MemTotal:        1844596 kB
MemFree:          222944 kB
MemAvailable:    1453140 kB
Buffers:           92492 kB
Cached:          1166496 kB
MemTotal:        1844596 kB
MemFree:          222904 kB
MemAvailable:    1453100 kB
Buffers:           92492 kB
Cached:          1166496 kB
MemTotal:        1844596 kB
MemFree:          222160 kB
MemAvailable:    1452356 kB
Buffers:           92492 kB
Cached:          1166496 kB
MemTotal:        1844596 kB
MemFree:          222852 kB
MemAvailable:    1453048 kB
Buffers:           92492 kB
Cached:          1166496 kB
MemTotal:        1844596 kB
MemFree:          222948 kB
MemAvailable:    1453144 kB
Buffers:           92492 kB
Cached:          1166496 kB
MemTotal:        1844596 kB
MemFree:          222036 kB
MemAvailable:    1452232 kB
Buffers:           92492 kB
Cached:          1166496 kB
MemTotal:        1844596 kB
MemFree:          222904 kB
MemAvailable:    1453100 kB
Buffers:           92492 kB
Cached:          1166496 kB
MemTotal:        1844596 kB
MemFree:          221604 kB
MemAvailable:    1451800 kB
Buffers:           92492 kB
Cached:          1166496 kB
MemTotal:        1844596 kB
MemFree:          222748 kB
MemAvailable:    1452944 kB
Buffers:           92492 kB
Cached:          1166496 kB
MemTotal:        1844596 kB
MemFree:          222532 kB
MemAvailable:    1452728 kB
Buffers:           92492 kB
Cached:          1166496 kB
MemTotal:        1844596 kB
MemFree:          221484 kB
MemAvailable:    1451680 kB
Buffers:           92492 kB
Cached:          1166496 kB
MemTotal:        1844596 kB
MemFree:          222028 kB
MemAvailable:    1452224 kB
Buffers:           92492 kB
Cached:          1166496 kB
MemTotal:        1844596 kB
MemFree:          220680 kB
MemAvailable:    1450876 kB
Buffers:           92492 kB
Cached:          1166496 kB
MemTotal:        1844596 kB
MemFree:          220780 kB
MemAvailable:    1450976 kB
Buffers:           92492 kB
Cached:          1166496 kB
MemTotal:        1844596 kB
MemFree:          220864 kB
MemAvailable:    1451060 kB
Buffers:           92492 kB
Cached:          1166496 kB
MemTotal:        1844596 kB
MemFree:          220920 kB
MemAvailable:    1451116 kB
Buffers:           92492 kB
Cached:          1166496 kB
MemTotal:        1844596 kB
MemFree:          220524 kB
MemAvailable:    1450720 kB
Buffers:           92492 kB
Cached:          1166496 kB
MemTotal:        1844596 kB
MemFree:          220672 kB
MemAvailable:    1450868 kB
Buffers:           92492 kB
Cached:          1166496 kB
MemTotal:        1844596 kB
MemFree:          218936 kB
MemAvailable:    1449132 kB
Buffers:           92492 kB
Cached:          1166496 kB
MemTotal:        1844596 kB
MemFree:          218796 kB
MemAvailable:    1449000 kB
Buffers:           92492 kB
Cached:          1166504 kB
MemTotal:        1844596 kB
MemFree:          219120 kB
MemAvailable:    1449324 kB
Buffers:           92492 kB
Cached:          1166504 kB
MemTotal:        1844596 kB
MemFree:          217572 kB
MemAvailable:    1447776 kB
Buffers:           92492 kB
Cached:          1166504 kB
MemTotal:        1844596 kB
MemFree:          218624 kB
MemAvailable:    1448828 kB
Buffers:           92492 kB
Cached:          1166504 kB
MemTotal:        1844596 kB
MemFree:          218492 kB
MemAvailable:    1448696 kB
Buffers:           92492 kB
Cached:          1166504 kB
MemTotal:        1844596 kB
MemFree:          218448 kB
MemAvailable:    1448652 kB
Buffers:           92492 kB
Cached:          1166504 kB
MemTotal:        1844596 kB
MemFree:          216704 kB
MemAvailable:    1446908 kB
Buffers:           92492 kB
Cached:          1166504 kB
MemTotal:        1844596 kB
MemFree:          217944 kB
MemAvailable:    1448148 kB
Buffers:           92492 kB
Cached:          1166504 kB
MemTotal:        1844596 kB
MemFree:          217756 kB
MemAvailable:    1447960 kB
Buffers:           92492 kB
Cached:          1166504 kB
MemTotal:        1844596 kB
MemFree:          217324 kB
MemAvailable:    1447528 kB
Buffers:           92492 kB
Cached:          1166504 kB
MemTotal:        1844596 kB
MemFree:          216316 kB
MemAvailable:    1446520 kB
Buffers:           92492 kB
Cached:          1166504 kB
MemTotal:        1844596 kB
MemFree:          216440 kB
MemAvailable:    1446644 kB
Buffers:           92492 kB
Cached:          1166504 kB
MemTotal:        1844596 kB
MemFree:          217732 kB
MemAvailable:    1447936 kB
Buffers:           92492 kB
Cached:          1166504 kB
MemTotal:        1844596 kB
MemFree:          216712 kB
MemAvailable:    1446916 kB
Buffers:           92492 kB
Cached:          1166504 kB
MemTotal:        1844596 kB
MemFree:          217516 kB
MemAvailable:    1447720 kB
Buffers:           92492 kB
Cached:          1166504 kB
MemTotal:        1844596 kB
MemFree:          217852 kB
MemAvailable:    1448056 kB
Buffers:           92492 kB
Cached:          1166504 kB
MemTotal:        1844596 kB
MemFree:          217392 kB
MemAvailable:    1447596 kB
Buffers:           92492 kB
Cached:          1166504 kB
MemTotal:        1844596 kB
MemFree:          216024 kB
MemAvailable:    1446228 kB
Buffers:           92492 kB
Cached:          1166504 kB
MemTotal:        1844596 kB
MemFree:          217376 kB
MemAvailable:    1447580 kB
Buffers:           92492 kB
Cached:          1166504 kB
MemTotal:        1844596 kB
MemFree:          217448 kB
MemAvailable:    1447652 kB
Buffers:           92492 kB
Cached:          1166504 kB
MemTotal:        1844596 kB
MemFree:          216144 kB
MemAvailable:    1446348 kB
Buffers:           92492 kB
Cached:          1166504 kB
MemTotal:        1844596 kB
MemFree:          217452 kB
MemAvailable:    1447656 kB
Buffers:           92492 kB
Cached:          1166504 kB
MemTotal:        1844596 kB
MemFree:          217440 kB
MemAvailable:    1447644 kB
Buffers:           92492 kB
Cached:          1166504 kB
MemTotal:        1844596 kB
MemFree:          217692 kB
MemAvailable:    1447896 kB
Buffers:           92492 kB
Cached:          1166504 kB
MemTotal:        1844596 kB
MemFree:          217452 kB
MemAvailable:    1447656 kB
Buffers:           92492 kB
Cached:          1166504 kB
MemTotal:        1844596 kB
MemFree:          217440 kB
MemAvailable:    1447644 kB
Buffers:           92492 kB
Cached:          1166504 kB
MemTotal:        1844596 kB
MemFree:          217692 kB
MemAvailable:    1447896 kB
Buffers:           92492 kB
Cached:          1166504 kB
MemTotal:        1844596 kB
MemFree:          216160 kB
MemAvailable:    1446364 kB
Buffers:           92492 kB
Cached:          1166504 kB
MemTotal:        1844596 kB
MemFree:          217452 kB
MemAvailable:    1447656 kB
Buffers:           92492 kB
Cached:          1166504 kB
MemTotal:        1844596 kB
MemFree:          217580 kB
MemAvailable:    1447784 kB
Buffers:           92492 kB
Cached:          1166504 kB
MemTotal:        1844596 kB
MemFree:          216572 kB
MemAvailable:    1446776 kB
Buffers:           92492 kB
Cached:          1166504 kB
MemTotal:        1844596 kB
MemFree:          215092 kB
MemAvailable:    1445296 kB
Buffers:           92492 kB
Cached:          1166504 kB
MemTotal:        1844596 kB
MemFree:          216332 kB
MemAvailable:    1446536 kB
Buffers:           92492 kB
Cached:          1166504 kB
MemTotal:        1844596 kB
MemFree:          216260 kB
MemAvailable:    1446464 kB
Buffers:           92492 kB
Cached:          1166504 kB
MemTotal:        1844596 kB
MemFree:          214844 kB
MemAvailable:    1445048 kB
Buffers:           92492 kB
Cached:          1166504 kB
MemTotal:        1844596 kB
MemFree:          214332 kB
MemAvailable:    1444544 kB
Buffers:           92492 kB
Cached:          1166512 kB
MemTotal:        1844596 kB
MemFree:          214668 kB
MemAvailable:    1444880 kB
Buffers:           92492 kB
Cached:          1166512 kB
MemTotal:        1844596 kB
MemFree:          210752 kB
MemAvailable:    1440964 kB
Buffers:           92492 kB
Cached:          1166512 kB
MemTotal:        1844596 kB
MemFree:          208644 kB
MemAvailable:    1438856 kB
Buffers:           92492 kB
Cached:          1166512 kB
MemTotal:        1844596 kB
MemFree:          205172 kB
MemAvailable:    1435384 kB
Buffers:           92492 kB
Cached:          1166512 kB
MemTotal:        1844596 kB
MemFree:          203108 kB
MemAvailable:    1433320 kB
Buffers:           92492 kB
Cached:          1166512 kB
MemTotal:        1844596 kB
MemFree:          201080 kB
MemAvailable:    1431292 kB
Buffers:           92492 kB
Cached:          1166512 kB
MemTotal:        1844596 kB
MemFree:          199344 kB
MemAvailable:    1429556 kB
Buffers:           92492 kB
Cached:          1166512 kB
MemTotal:        1844596 kB
MemFree:          198916 kB
MemAvailable:    1429128 kB
Buffers:           92492 kB
Cached:          1166512 kB
MemTotal:        1844596 kB
MemFree:          198848 kB
MemAvailable:    1429060 kB
Buffers:           92492 kB
Cached:          1166512 kB
MemTotal:        1844596 kB
MemFree:          198708 kB
MemAvailable:    1428920 kB
Buffers:           92492 kB
Cached:          1166512 kB
MemTotal:        1844596 kB
MemFree:          198636 kB
MemAvailable:    1428848 kB
Buffers:           92492 kB
Cached:          1166512 kB
MemTotal:        1844596 kB
MemFree:          197236 kB
MemAvailable:    1427448 kB
Buffers:           92492 kB
Cached:          1166512 kB
MemTotal:        1844596 kB
MemFree:          197220 kB
MemAvailable:    1427432 kB
Buffers:           92492 kB
Cached:          1166512 kB
MemTotal:        1844596 kB
MemFree:          197360 kB
MemAvailable:    1427572 kB
Buffers:           92492 kB
Cached:          1166512 kB
MemTotal:        1844596 kB
MemFree:          198416 kB
MemAvailable:    1428628 kB
Buffers:           92492 kB
Cached:          1166512 kB
MemTotal:        1844596 kB
MemFree:          198668 kB
MemAvailable:    1428880 kB
Buffers:           92492 kB
Cached:          1166512 kB
MemTotal:        1844596 kB
MemFree:          198288 kB
MemAvailable:    1428500 kB
Buffers:           92492 kB
Cached:          1166512 kB
MemTotal:        1844596 kB
MemFree:          196740 kB
MemAvailable:    1426952 kB
Buffers:           92492 kB
Cached:          1166512 kB
MemTotal:        1844596 kB
MemFree:          197784 kB
MemAvailable:    1427996 kB
Buffers:           92492 kB
Cached:          1166512 kB
MemTotal:        1844596 kB
MemFree:          196728 kB
MemAvailable:    1426940 kB
Buffers:           92492 kB
Cached:          1166512 kB
MemTotal:        1844596 kB
MemFree:          197844 kB
MemAvailable:    1428056 kB
Buffers:           92492 kB
Cached:          1166512 kB
MemTotal:        1844596 kB
MemFree:          196432 kB
MemAvailable:    1426644 kB
Buffers:           92492 kB
Cached:          1166512 kB
MemTotal:        1844596 kB
MemFree:          196468 kB
MemAvailable:    1426680 kB
Buffers:           92492 kB
Cached:          1166512 kB
MemTotal:        1844596 kB
MemFree:          196592 kB
MemAvailable:    1426804 kB
Buffers:           92492 kB
Cached:          1166512 kB
MemTotal:        1844596 kB
MemFree:          196592 kB
MemAvailable:    1426804 kB
Buffers:           92492 kB
Cached:          1166512 kB
MemTotal:        1844596 kB
MemFree:          196584 kB
MemAvailable:    1426796 kB
Buffers:           92492 kB
Cached:          1166512 kB
MemTotal:        1844596 kB
MemFree:          197784 kB
MemAvailable:    1427996 kB
Buffers:           92492 kB
Cached:          1166512 kB
MemTotal:        1844596 kB
MemFree:          197640 kB
MemAvailable:    1427852 kB
Buffers:           92492 kB
Cached:          1166512 kB
MemTotal:        1844596 kB
MemFree:          197360 kB
MemAvailable:    1427572 kB
Buffers:           92492 kB
Cached:          1166512 kB
MemTotal:        1844596 kB
MemFree:          196560 kB
MemAvailable:    1426772 kB
Buffers:           92492 kB
Cached:          1166512 kB
MemTotal:        1844596 kB
MemFree:          196436 kB
MemAvailable:    1426648 kB
Buffers:           92492 kB
Cached:          1166512 kB
MemTotal:        1844596 kB
MemFree:          197760 kB
MemAvailable:    1427972 kB
Buffers:           92492 kB
Cached:          1166512 kB
MemTotal:        1844596 kB
MemFree:          196996 kB
MemAvailable:    1427208 kB
Buffers:           92492 kB
Cached:          1166512 kB
MemTotal:        1844596 kB
MemFree:          197592 kB
MemAvailable:    1427808 kB
Buffers:           92492 kB
Cached:          1166516 kB
MemTotal:        1844596 kB
MemFree:          197484 kB
MemAvailable:    1427700 kB
Buffers:           92492 kB
Cached:          1166516 kB
MemTotal:        1844596 kB
MemFree:          197772 kB
MemAvailable:    1427988 kB
Buffers:           92492 kB
Cached:          1166516 kB
MemTotal:        1844596 kB
MemFree:          197732 kB
MemAvailable:    1427948 kB
Buffers:           92492 kB
Cached:          1166516 kB
MemTotal:        1844596 kB
MemFree:          197832 kB
MemAvailable:    1428048 kB
Buffers:           92492 kB
Cached:          1166516 kB
MemTotal:        1844596 kB
MemFree:          197860 kB
MemAvailable:    1428076 kB
Buffers:           92492 kB
Cached:          1166516 kB
MemTotal:        1844596 kB
MemFree:          197808 kB
MemAvailable:    1428024 kB
Buffers:           92492 kB
Cached:          1166516 kB
MemTotal:        1844596 kB
MemFree:          197560 kB
MemAvailable:    1427776 kB
Buffers:           92492 kB
Cached:          1166516 kB
MemTotal:        1844596 kB
MemFree:          194880 kB
MemAvailable:    1425096 kB
Buffers:           92492 kB
Cached:          1166516 kB
MemTotal:        1844596 kB
MemFree:          190972 kB
MemAvailable:    1421188 kB
Buffers:           92492 kB
Cached:          1166516 kB
MemTotal:        1844596 kB
MemFree:          190664 kB
MemAvailable:    1420880 kB
Buffers:           92492 kB
Cached:          1166516 kB
MemTotal:        1844596 kB
MemFree:          185888 kB
MemAvailable:    1416104 kB
Buffers:           92492 kB
Cached:          1166516 kB
MemTotal:        1844596 kB
MemFree:          184720 kB
MemAvailable:    1414936 kB
Buffers:           92492 kB
Cached:          1166516 kB
MemTotal:        1844596 kB
MemFree:          181548 kB
MemAvailable:    1411764 kB
Buffers:           92492 kB
Cached:          1166516 kB
MemTotal:        1844596 kB
MemFree:          180352 kB
MemAvailable:    1410568 kB
Buffers:           92492 kB
Cached:          1166516 kB
MemTotal:        1844596 kB
MemFree:          180240 kB
MemAvailable:    1410456 kB
Buffers:           92492 kB
Cached:          1166516 kB
MemTotal:        1844596 kB
MemFree:          179944 kB
MemAvailable:    1410160 kB
Buffers:           92492 kB
Cached:          1166516 kB
MemTotal:        1844596 kB
MemFree:          180008 kB
MemAvailable:    1410224 kB
Buffers:           92492 kB
Cached:          1166516 kB
MemTotal:        1844596 kB
MemFree:          180124 kB
MemAvailable:    1410340 kB
Buffers:           92492 kB
Cached:          1166516 kB
MemTotal:        1844596 kB
MemFree:          180012 kB
MemAvailable:    1410228 kB
Buffers:           92492 kB
Cached:          1166516 kB
MemTotal:        1844596 kB
MemFree:          179256 kB
MemAvailable:    1409472 kB
Buffers:           92492 kB
Cached:          1166516 kB
MemTotal:        1844596 kB
MemFree:          179828 kB
MemAvailable:    1410044 kB
Buffers:           92492 kB
Cached:          1166516 kB
MemTotal:        1844596 kB
MemFree:          180164 kB
MemAvailable:    1410380 kB
Buffers:           92492 kB
Cached:          1166516 kB
MemTotal:        1844596 kB
MemFree:          179696 kB
MemAvailable:    1409912 kB
Buffers:           92492 kB
Cached:          1166516 kB
MemTotal:        1844596 kB
MemFree:          179512 kB
MemAvailable:    1409604 kB
Buffers:           92492 kB
Cached:          1166516 kB
MemTotal:        1844596 kB
MemFree:          179640 kB
MemAvailable:    1409856 kB
Buffers:           92492 kB
Cached:          1166516 kB
MemTotal:        1844596 kB
MemFree:          179576 kB
MemAvailable:    1409792 kB
Buffers:           92492 kB
Cached:          1166516 kB
MemTotal:        1844596 kB
MemFree:          179348 kB
MemAvailable:    1409564 kB
Buffers:           92492 kB
Cached:          1166516 kB
MemTotal:        1844596 kB
MemFree:          179080 kB
MemAvailable:    1409296 kB
Buffers:           92492 kB
Cached:          1166516 kB
MemTotal:        1844596 kB
MemFree:          179772 kB
MemAvailable:    1409988 kB
Buffers:           92492 kB
Cached:          1166516 kB
MemTotal:        1844596 kB
MemFree:          178588 kB
MemAvailable:    1408804 kB
Buffers:           92492 kB
Cached:          1166516 kB
MemTotal:        1844596 kB
MemFree:          178464 kB
MemAvailable:    1408680 kB
Buffers:           92492 kB
Cached:          1166516 kB
MemTotal:        1844596 kB
MemFree:          179744 kB
MemAvailable:    1409960 kB
Buffers:           92492 kB
Cached:          1166516 kB
MemTotal:        1844596 kB
MemFree:          179996 kB
MemAvailable:    1410212 kB
Buffers:           92492 kB
Cached:          1166516 kB
MemTotal:        1844596 kB
MemFree:          178504 kB
MemAvailable:    1408720 kB
Buffers:           92492 kB
Cached:          1166516 kB
MemTotal:        1844596 kB
MemFree:          178628 kB
MemAvailable:    1408844 kB
Buffers:           92492 kB
Cached:          1166516 kB
MemTotal:        1844596 kB
MemFree:          178504 kB
MemAvailable:    1408720 kB
Buffers:           92492 kB
Cached:          1166516 kB
MemTotal:        1844596 kB
MemFree:          179688 kB
MemAvailable:    1409904 kB
Buffers:           92492 kB
Cached:          1166516 kB
MemTotal:        1844596 kB
MemFree:          179940 kB
MemAvailable:    1410156 kB
Buffers:           92492 kB
Cached:          1166516 kB
MemTotal:        1844596 kB
MemFree:          179864 kB
MemAvailable:    1410080 kB
Buffers:           92492 kB
Cached:          1166516 kB
MemTotal:        1844596 kB
MemFree:          179816 kB
MemAvailable:    1410032 kB
Buffers:           92492 kB
Cached:          1166516 kB
MemTotal:        1844596 kB
MemFree:          179808 kB
MemAvailable:    1410024 kB
Buffers:           92492 kB
Cached:          1166516 kB
MemTotal:        1844596 kB
MemFree:          178488 kB
MemAvailable:    1408704 kB
Buffers:           92492 kB
Cached:          1166516 kB
MemTotal:        1844596 kB
MemFree:          178572 kB
MemAvailable:    1408788 kB
Buffers:           92492 kB
Cached:          1166516 kB
MemTotal:        1844596 kB
MemFree:          178564 kB
MemAvailable:    1408780 kB
Buffers:           92492 kB
Cached:          1166516 kB
MemTotal:        1844596 kB
MemFree:          179248 kB
MemAvailable:    1409464 kB
Buffers:           92492 kB
Cached:          1166516 kB
MemTotal:        1844596 kB
MemFree:          178644 kB
MemAvailable:    1408860 kB
Buffers:           92492 kB
Cached:          1166516 kB
MemTotal:        1844596 kB
MemFree:          174296 kB
MemAvailable:    1404512 kB
Buffers:           92492 kB
Cached:          1166516 kB
MemTotal:        1844596 kB
MemFree:          168700 kB
MemAvailable:    1398916 kB
Buffers:           92492 kB
Cached:          1166516 kB
MemTotal:        1844596 kB
MemFree:          168700 kB
MemAvailable:    1398916 kB
Buffers:           92492 kB
Cached:          1166516 kB
MemTotal:        1844596 kB
MemFree:          163436 kB
MemAvailable:    1393652 kB
Buffers:           92492 kB
Cached:          1166516 kB
MemTotal:        1844596 kB
MemFree:          161400 kB
MemAvailable:    1391616 kB
Buffers:           92492 kB
Cached:          1166516 kB
MemTotal:        1844596 kB
MemFree:          162452 kB
MemAvailable:    1392668 kB
Buffers:           92492 kB
Cached:          1166516 kB
MemTotal:        1844596 kB
MemFree:          162452 kB
MemAvailable:    1392668 kB
Buffers:           92492 kB
Cached:          1166516 kB
MemTotal:        1844596 kB
MemFree:          161284 kB
MemAvailable:    1391500 kB
Buffers:           92492 kB
Cached:          1166516 kB
MemTotal:        1844596 kB
MemFree:          162096 kB
MemAvailable:    1392312 kB
Buffers:           92492 kB
Cached:          1166516 kB
MemTotal:        1844596 kB
MemFree:          160976 kB
MemAvailable:    1391192 kB
Buffers:           92492 kB
Cached:          1166516 kB
MemTotal:        1844596 kB
MemFree:          162252 kB
MemAvailable:    1392468 kB
Buffers:           92492 kB
Cached:          1166516 kB
MemTotal:        1844596 kB
MemFree:          162328 kB
MemAvailable:    1392544 kB
Buffers:           92492 kB
Cached:          1166516 kB
MemTotal:        1844596 kB
MemFree:          162012 kB
MemAvailable:    1392228 kB
Buffers:           92492 kB
Cached:          1166516 kB
MemTotal:        1844596 kB
MemFree:          162180 kB
MemAvailable:    1392396 kB
Buffers:           92492 kB
Cached:          1166516 kB
MemTotal:        1844596 kB
MemFree:          160772 kB
MemAvailable:    1390988 kB
Buffers:           92492 kB
Cached:          1166516 kB
MemTotal:        1844596 kB
MemFree:          162196 kB
MemAvailable:    1392412 kB
Buffers:           92492 kB
Cached:          1166516 kB
MemTotal:        1844596 kB
MemFree:          162080 kB
MemAvailable:    1392296 kB
Buffers:           92492 kB
Cached:          1166516 kB
MemTotal:        1844596 kB
MemFree:          162332 kB
MemAvailable:    1392548 kB
Buffers:           92492 kB
Cached:          1166516 kB
MemTotal:        1844596 kB
MemFree:          162276 kB
MemAvailable:    1392492 kB
Buffers:           92492 kB
Cached:          1166516 kB
MemTotal:        1844596 kB
MemFree:          162328 kB
MemAvailable:    1392544 kB
Buffers:           92492 kB
Cached:          1166516 kB
MemTotal:        1844596 kB
MemFree:          162204 kB
MemAvailable:    1392420 kB
Buffers:           92492 kB
Cached:          1166516 kB
MemTotal:        1844596 kB
MemFree:          162012 kB
MemAvailable:    1392228 kB
Buffers:           92492 kB
Cached:          1166516 kB
MemTotal:        1844596 kB
MemFree:          162264 kB
MemAvailable:    1392480 kB
Buffers:           92492 kB
Cached:          1166516 kB
MemTotal:        1844596 kB
MemFree:          161400 kB
MemAvailable:    1391616 kB
Buffers:           92492 kB
Cached:          1166516 kB
MemTotal:        1844596 kB
MemFree:          161328 kB
MemAvailable:    1391544 kB
Buffers:           92492 kB
Cached:          1166516 kB
MemTotal:        1844596 kB
MemFree:          160656 kB
MemAvailable:    1390872 kB
Buffers:           92492 kB
Cached:          1166516 kB
MemTotal:        1844596 kB
MemFree:          161000 kB
MemAvailable:    1391216 kB
Buffers:           92492 kB
Cached:          1166516 kB
MemTotal:        1844596 kB
MemFree:          161336 kB
MemAvailable:    1391552 kB
Buffers:           92492 kB
Cached:          1166516 kB
MemTotal:        1844596 kB
MemFree:          159892 kB
MemAvailable:    1390108 kB
Buffers:           92492 kB
Cached:          1166516 kB
MemTotal:        1844596 kB
MemFree:          160596 kB
MemAvailable:    1390812 kB
Buffers:           92492 kB
Cached:          1166516 kB
MemTotal:        1844596 kB
MemFree:          157300 kB
MemAvailable:    1387516 kB
Buffers:           92492 kB
Cached:          1166516 kB
MemTotal:        1844596 kB
MemFree:          154192 kB
MemAvailable:    1384416 kB
Buffers:           92492 kB
Cached:          1166524 kB
MemTotal:        1844596 kB
MemFree:          154320 kB
MemAvailable:    1384544 kB
Buffers:           92492 kB
Cached:          1166524 kB
MemTotal:        1844596 kB
MemFree:          149176 kB
MemAvailable:    1379400 kB
Buffers:           92492 kB
Cached:          1166524 kB
MemTotal:        1844596 kB
MemFree:          146456 kB
MemAvailable:    1376680 kB
Buffers:           92492 kB
Cached:          1166524 kB
MemTotal:        1844596 kB
MemFree:          142504 kB
MemAvailable:    1372728 kB
Buffers:           92492 kB
Cached:          1166524 kB
MemTotal:        1844596 kB
MemFree:          142504 kB
MemAvailable:    1372728 kB
Buffers:           92492 kB
Cached:          1166524 kB
MemTotal:        1844596 kB
MemFree:          138832 kB
MemAvailable:    1369056 kB
Buffers:           92492 kB
Cached:          1166524 kB
MemTotal:        1844596 kB
MemFree:          136716 kB
MemAvailable:    1366940 kB
Buffers:           92492 kB
Cached:          1166524 kB
MemTotal:        1844596 kB
MemFree:          136608 kB
MemAvailable:    1366832 kB
Buffers:           92492 kB
Cached:          1166524 kB
MemTotal:        1844596 kB
MemFree:          133128 kB
MemAvailable:    1363352 kB
Buffers:           92492 kB
Cached:          1166524 kB
MemTotal:        1844596 kB
MemFree:          130584 kB
MemAvailable:    1360808 kB
Buffers:           92492 kB
Cached:          1166524 kB
MemTotal:        1844596 kB
MemFree:          129152 kB
MemAvailable:    1359376 kB
Buffers:           92492 kB
Cached:          1166524 kB
MemTotal:        1844596 kB
MemFree:          130448 kB
MemAvailable:    1360672 kB
Buffers:           92492 kB
Cached:          1166524 kB
MemTotal:        1844596 kB
MemFree:          129416 kB
MemAvailable:    1359640 kB
Buffers:           92492 kB
Cached:          1166524 kB
MemTotal:        1844596 kB
MemFree:          130268 kB
MemAvailable:    1360492 kB
Buffers:           92492 kB
Cached:          1166524 kB
MemTotal:        1844596 kB
MemFree:          130524 kB
MemAvailable:    1360748 kB
Buffers:           92492 kB
Cached:          1166524 kB
MemTotal:        1844596 kB
MemFree:          130088 kB
MemAvailable:    1360312 kB
Buffers:           92492 kB
Cached:          1166524 kB
MemTotal:        1844596 kB
MemFree:          130344 kB
MemAvailable:    1360568 kB
Buffers:           92492 kB
Cached:          1166524 kB
MemTotal:        1844596 kB
MemFree:          130332 kB
MemAvailable:    1360556 kB
Buffers:           92492 kB
Cached:          1166524 kB
MemTotal:        1844596 kB
MemFree:          129904 kB
MemAvailable:    1360128 kB
Buffers:           92492 kB
Cached:          1166524 kB
MemTotal:        1844596 kB
MemFree:          128904 kB
MemAvailable:    1359128 kB
Buffers:           92492 kB
Cached:          1166524 kB
MemTotal:        1844596 kB
MemFree:          128044 kB
MemAvailable:    1358268 kB
Buffers:           92492 kB
Cached:          1166524 kB
MemTotal:        1844596 kB
MemFree:          129336 kB
MemAvailable:    1359560 kB
Buffers:           92492 kB
Cached:          1166524 kB
MemTotal:        1844596 kB
MemFree:          128036 kB
MemAvailable:    1358260 kB
Buffers:           92492 kB
Cached:          1166524 kB
MemTotal:        1844596 kB
MemFree:          127864 kB
MemAvailable:    1358088 kB
Buffers:           92492 kB
Cached:          1166524 kB
MemTotal:        1844596 kB
MemFree:          127856 kB
MemAvailable:    1358080 kB
Buffers:           92492 kB
Cached:          1166524 kB
MemTotal:        1844596 kB
MemFree:          129164 kB
MemAvailable:    1359388 kB
Buffers:           92492 kB
Cached:          1166524 kB
MemTotal:        1844596 kB
MemFree:          127540 kB
MemAvailable:    1357764 kB
Buffers:           92492 kB
Cached:          1166524 kB
MemTotal:        1844596 kB
MemFree:          128904 kB
MemAvailable:    1359128 kB
Buffers:           92492 kB
Cached:          1166524 kB
MemTotal:        1844596 kB
MemFree:          128716 kB
MemAvailable:    1358940 kB
Buffers:           92492 kB
Cached:          1166524 kB
MemTotal:        1844596 kB
MemFree:          128540 kB
MemAvailable:    1358764 kB
Buffers:           92492 kB
Cached:          1166524 kB
MemTotal:        1844596 kB
MemFree:          127972 kB
MemAvailable:    1358196 kB
Buffers:           92492 kB
Cached:          1166524 kB
MemTotal:        1844596 kB
MemFree:          126516 kB
MemAvailable:    1356740 kB
Buffers:           92492 kB
Cached:          1166524 kB
MemTotal:        1844596 kB
MemFree:          127036 kB
MemAvailable:    1357260 kB
Buffers:           92492 kB
Cached:          1166524 kB
MemTotal:        1844596 kB
MemFree:          127052 kB
MemAvailable:    1357276 kB
Buffers:           92492 kB
Cached:          1166524 kB
MemTotal:        1844596 kB
MemFree:          126484 kB
MemAvailable:    1356708 kB
Buffers:           92492 kB
Cached:          1166524 kB
MemTotal:        1844596 kB
MemFree:          126424 kB
MemAvailable:    1356648 kB
Buffers:           92492 kB
Cached:          1166524 kB
MemTotal:        1844596 kB
MemFree:          126416 kB
MemAvailable:    1356640 kB
Buffers:           92492 kB
Cached:          1166524 kB
MemTotal:        1844596 kB
MemFree:          125988 kB
MemAvailable:    1356212 kB
Buffers:           92492 kB
Cached:          1166524 kB
MemTotal:        1844596 kB
MemFree:          125688 kB
MemAvailable:    1355912 kB
Buffers:           92492 kB
Cached:          1166524 kB
MemTotal:        1844596 kB
MemFree:          126172 kB
MemAvailable:    1356396 kB
Buffers:           92492 kB
Cached:          1166524 kB
MemTotal:        1844596 kB
MemFree:          126060 kB
MemAvailable:    1356284 kB
Buffers:           92492 kB
Cached:          1166524 kB
MemTotal:        1844596 kB
MemFree:          125192 kB
MemAvailable:    1355416 kB
Buffers:           92492 kB
Cached:          1166524 kB
MemTotal:        1844596 kB
MemFree:          126672 kB
MemAvailable:    1356896 kB
Buffers:           92492 kB
Cached:          1166524 kB
MemTotal:        1844596 kB
MemFree:          125316 kB
MemAvailable:    1355540 kB
Buffers:           92492 kB
Cached:          1166524 kB
MemTotal:        1844596 kB
MemFree:          126124 kB
MemAvailable:    1356348 kB
Buffers:           92492 kB
Cached:          1166524 kB
MemTotal:        1844596 kB
MemFree:          126292 kB
MemAvailable:    1356516 kB
Buffers:           92492 kB
Cached:          1166524 kB
MemTotal:        1844596 kB
MemFree:          125996 kB
MemAvailable:    1356220 kB
Buffers:           92492 kB
Cached:          1166524 kB
MemTotal:        1844596 kB
MemFree:          124944 kB
MemAvailable:    1355168 kB
Buffers:           92492 kB
Cached:          1166524 kB
MemTotal:        1844596 kB
MemFree:          126144 kB
MemAvailable:    1356368 kB
Buffers:           92492 kB
Cached:          1166524 kB
MemTotal:        1844596 kB
MemFree:          125316 kB
MemAvailable:    1355540 kB
Buffers:           92492 kB
Cached:          1166524 kB
MemTotal:        1844596 kB
MemFree:          125184 kB
MemAvailable:    1355416 kB
Buffers:           92492 kB
Cached:          1166532 kB
MemTotal:        1844596 kB
MemFree:          126540 kB
MemAvailable:    1356772 kB
Buffers:           92492 kB
Cached:          1166532 kB
MemTotal:        1844596 kB
MemFree:          126168 kB
MemAvailable:    1356400 kB
Buffers:           92492 kB
Cached:          1166532 kB
MemTotal:        1844596 kB
MemFree:          126068 kB
MemAvailable:    1356300 kB
Buffers:           92492 kB
Cached:          1166532 kB
MemTotal:        1844596 kB
MemFree:          126064 kB
MemAvailable:    1356296 kB
Buffers:           92492 kB
Cached:          1166532 kB
MemTotal:        1844596 kB
MemFree:          126052 kB
MemAvailable:    1356284 kB
Buffers:           92492 kB
Cached:          1166532 kB
MemTotal:        1844596 kB
MemFree:          126052 kB
MemAvailable:    1356284 kB
Buffers:           92492 kB
Cached:          1166532 kB
MemTotal:        1844596 kB
MemFree:          124768 kB
MemAvailable:    1355000 kB
Buffers:           92492 kB
Cached:          1166532 kB
MemTotal:        1844596 kB
MemFree:          126176 kB
MemAvailable:    1356408 kB
Buffers:           92492 kB
Cached:          1166532 kB
MemTotal:        1844596 kB
MemFree:          126068 kB
MemAvailable:    1356300 kB
Buffers:           92492 kB
Cached:          1166532 kB
MemTotal:        1844596 kB
MemFree:          125992 kB
MemAvailable:    1356224 kB
Buffers:           92492 kB
Cached:          1166532 kB
MemTotal:        1844596 kB
MemFree:          125688 kB
MemAvailable:    1355920 kB
Buffers:           92492 kB
Cached:          1166532 kB
MemTotal:        1844596 kB
MemFree:          126172 kB
MemAvailable:    1356404 kB
Buffers:           92492 kB
Cached:          1166532 kB
MemTotal:        1844596 kB
MemFree:          126228 kB
MemAvailable:    1356460 kB
Buffers:           92492 kB
Cached:          1166532 kB
MemTotal:        1844596 kB
MemFree:          126284 kB
MemAvailable:    1356516 kB
Buffers:           92492 kB
Cached:          1166532 kB
MemTotal:        1844596 kB
MemFree:          126120 kB
MemAvailable:    1356352 kB
Buffers:           92492 kB
Cached:          1166532 kB
MemTotal:        1844596 kB
MemFree:          125040 kB
MemAvailable:    1355272 kB
Buffers:           92492 kB
Cached:          1166532 kB
MemTotal:        1844596 kB
MemFree:          126060 kB
MemAvailable:    1356292 kB
Buffers:           92492 kB
Cached:          1166532 kB
MemTotal:        1844596 kB
MemFree:          125448 kB
MemAvailable:    1355680 kB
Buffers:           92492 kB
Cached:          1166532 kB
MemTotal:        1844596 kB
MemFree:          126052 kB
MemAvailable:    1356284 kB
Buffers:           92492 kB
Cached:          1166532 kB
MemTotal:        1844596 kB
MemFree:          126388 kB
MemAvailable:    1356620 kB
Buffers:           92492 kB
Cached:          1166532 kB
MemTotal:        1844596 kB
MemFree:          124688 kB
MemAvailable:    1354920 kB
Buffers:           92492 kB
Cached:          1166532 kB
MemTotal:        1844596 kB
MemFree:          125804 kB
MemAvailable:    1356036 kB
Buffers:           92492 kB
Cached:          1166532 kB
MemTotal:        1844596 kB
MemFree:          126140 kB
MemAvailable:    1356372 kB
Buffers:           92492 kB
Cached:          1166532 kB
MemTotal:        1844596 kB
MemFree:          121836 kB
MemAvailable:    1352068 kB
Buffers:           92492 kB
Cached:          1166532 kB
MemTotal:        1844596 kB
MemFree:          121728 kB
MemAvailable:    1351960 kB
Buffers:           92492 kB
Cached:          1166532 kB
MemTotal:        1844596 kB
MemFree:          118372 kB
MemAvailable:    1348604 kB
Buffers:           92492 kB
Cached:          1166532 kB
MemTotal:        1844596 kB
MemFree:          119664 kB
MemAvailable:    1349900 kB
Buffers:           92492 kB
Cached:          1166536 kB
MemTotal:        1844596 kB
MemFree:          119796 kB
MemAvailable:    1350032 kB
Buffers:           92492 kB
Cached:          1166536 kB
MemTotal:        1844596 kB
MemFree:          118496 kB
MemAvailable:    1348732 kB
Buffers:           92492 kB
Cached:          1166536 kB
MemTotal:        1844596 kB
MemFree:          118060 kB
MemAvailable:    1348296 kB
Buffers:           92492 kB
Cached:          1166536 kB
MemTotal:        1844596 kB
MemFree:          119536 kB
MemAvailable:    1349772 kB
Buffers:           92492 kB
Cached:          1166536 kB
MemTotal:        1844596 kB
MemFree:          119488 kB
MemAvailable:    1349724 kB
Buffers:           92492 kB
Cached:          1166536 kB
MemTotal:        1844596 kB
MemFree:          119432 kB
MemAvailable:    1349668 kB
Buffers:           92492 kB
Cached:          1166536 kB
MemTotal:        1844596 kB
MemFree:          119600 kB
MemAvailable:    1349836 kB
Buffers:           92492 kB
Cached:          1166536 kB
MemTotal:        1844596 kB
MemFree:          119476 kB
MemAvailable:    1349712 kB
Buffers:           92492 kB
Cached:          1166536 kB
MemTotal:        1844596 kB
MemFree:          118228 kB
MemAvailable:    1348464 kB
Buffers:           92492 kB
Cached:          1166536 kB
MemTotal:        1844596 kB
MemFree:          119204 kB
MemAvailable:    1349440 kB
Buffers:           92492 kB
Cached:          1166536 kB
MemTotal:        1844596 kB
MemFree:          119240 kB
MemAvailable:    1349476 kB
Buffers:           92492 kB
Cached:          1166536 kB
MemTotal:        1844596 kB
MemFree:          119184 kB
MemAvailable:    1349504 kB
Buffers:           92492 kB
Cached:          1166660 kB
MemTotal:        1844596 kB
MemFree:          119308 kB
MemAvailable:    1349712 kB
Buffers:           92492 kB
Cached:          1166784 kB
MemTotal:        1844596 kB
MemFree:          118920 kB
MemAvailable:    1349576 kB
Buffers:           92492 kB
Cached:          1166908 kB
MemTotal:        1844596 kB
MemFree:          118920 kB
MemAvailable:    1349576 kB
Buffers:           92492 kB
Cached:          1166908 kB
MemTotal:        1844596 kB
MemFree:          118680 kB
MemAvailable:    1349504 kB
Buffers:           92492 kB
Cached:          1167032 kB
MemTotal:        1844596 kB
MemFree:          118932 kB
MemAvailable:    1349756 kB
Buffers:           92492 kB
Cached:          1167032 kB
MemTotal:        1844596 kB
MemFree:          117448 kB
MemAvailable:    1348272 kB
Buffers:           92492 kB
Cached:          1167156 kB
MemTotal:        1844596 kB
MemFree:          118848 kB
MemAvailable:    1349672 kB
Buffers:           92492 kB
Cached:          1167156 kB
MemTotal:        1844596 kB
MemFree:          117484 kB
MemAvailable:    1348308 kB
Buffers:           92492 kB
Cached:          1167156 kB
MemTotal:        1844596 kB
MemFree:          118724 kB
MemAvailable:    1349548 kB
Buffers:           92492 kB
Cached:          1167156 kB
MemTotal:        1844596 kB
MemFree:          117304 kB
MemAvailable:    1348128 kB
Buffers:           92492 kB
Cached:          1167156 kB
MemTotal:        1844596 kB
MemFree:          118712 kB
MemAvailable:    1349536 kB
Buffers:           92492 kB
Cached:          1167156 kB
MemTotal:        1844596 kB
MemFree:          118504 kB
MemAvailable:    1349328 kB
Buffers:           92492 kB
Cached:          1167156 kB
MemTotal:        1844596 kB
MemFree:          118044 kB
MemAvailable:    1348280 kB
Buffers:           92492 kB
Cached:          1166564 kB
MemTotal:        1844596 kB
MemFree:          118440 kB
MemAvailable:    1348676 kB
Buffers:           92492 kB
Cached:          1166564 kB
MemTotal:        1844596 kB
MemFree:          167012 kB
MemAvailable:    1397248 kB
Buffers:           92492 kB
Cached:          1166564 kB
MemTotal:        1844596 kB
MemFree:          313492 kB
MemAvailable:    1543728 kB
Buffers:           92492 kB
Cached:          1166564 kB
