MemTotal:        1844596 kB
MemFree:          731568 kB
MemAvailable:    1546324 kB
Buffers:           88768 kB
Cached:           751040 kB
MemTotal:        1844596 kB
MemFree:          702692 kB
MemAvailable:    1517452 kB
Buffers:           88768 kB
Cached:           751044 kB
MemTotal:        1844596 kB
MemFree:          702684 kB
MemAvailable:    1517444 kB
Buffers:           88768 kB
Cached:           751044 kB
MemTotal:        1844596 kB
MemFree:          701824 kB
MemAvailable:    1516584 kB
Buffers:           88768 kB
Cached:           751044 kB
MemTotal:        1844596 kB
MemFree:          698964 kB
MemAvailable:    1513724 kB
Buffers:           88768 kB
Cached:           751044 kB
MemTotal:        1844596 kB
MemFree:          700328 kB
MemAvailable:    1515088 kB
Buffers:           88768 kB
Cached:           751044 kB
MemTotal:        1844596 kB
MemFree:          697592 kB
MemAvailable:    1512352 kB
Buffers:           88768 kB
Cached:           751044 kB
MemTotal:        1844596 kB
MemFree:          697112 kB
MemAvailable:    1511872 kB
Buffers:           88768 kB
Cached:           751044 kB
MemTotal:        1844596 kB
MemFree:          693640 kB
MemAvailable:    1508400 kB
Buffers:           88768 kB
Cached:           751044 kB
MemTotal:        1844596 kB
MemFree:          690036 kB
MemAvailable:    1504796 kB
Buffers:           88768 kB
Cached:           751044 kB
MemTotal:        1844596 kB
MemFree:          689928 kB
MemAvailable:    1504688 kB
Buffers:           88768 kB
Cached:           751044 kB
MemTotal:        1844596 kB
MemFree:          691484 kB
MemAvailable:    1506244 kB
Buffers:           88768 kB
Cached:           751044 kB
MemTotal:        1844596 kB
MemFree:          691524 kB
MemAvailable:    1506284 kB
Buffers:           88768 kB
Cached:           751044 kB
MemTotal:        1844596 kB
MemFree:          691740 kB
MemAvailable:    1506500 kB
Buffers:           88768 kB
Cached:           751044 kB
MemTotal:        1844596 kB
MemFree:          690244 kB
MemAvailable:    1505004 kB
Buffers:           88768 kB
Cached:           751044 kB
MemTotal:        1844596 kB
MemFree:          691352 kB
MemAvailable:    1506112 kB
Buffers:           88768 kB
Cached:           751044 kB
MemTotal:        1844596 kB
MemFree:          691044 kB
MemAvailable:    1505804 kB
Buffers:           88768 kB
Cached:           751044 kB
MemTotal:        1844596 kB
MemFree:          690036 kB
MemAvailable:    1504796 kB
Buffers:           88768 kB
Cached:           751044 kB
MemTotal:        1844596 kB
MemFree:          689912 kB
MemAvailable:    1504672 kB
Buffers:           88768 kB
Cached:           751044 kB
MemTotal:        1844596 kB
MemFree:          690036 kB
MemAvailable:    1504796 kB
Buffers:           88768 kB
Cached:           751044 kB
MemTotal:        1844596 kB
MemFree:          691152 kB
MemAvailable:    1505912 kB
Buffers:           88768 kB
Cached:           751044 kB
MemTotal:        1844596 kB
MemFree:          691080 kB
MemAvailable:    1505840 kB
Buffers:           88768 kB
Cached:           751044 kB
MemTotal:        1844596 kB
MemFree:          690524 kB
MemAvailable:    1505284 kB
Buffers:           88768 kB
Cached:           751044 kB
MemTotal:        1844596 kB
MemFree:          690416 kB
MemAvailable:    1505176 kB
Buffers:           88768 kB
Cached:           751044 kB
MemTotal:        1844596 kB
MemFree:          689120 kB
MemAvailable:    1503880 kB
Buffers:           88768 kB
Cached:           751044 kB
MemTotal:        1844596 kB
MemFree:          688928 kB
MemAvailable:    1503688 kB
Buffers:           88768 kB
Cached:           751044 kB
MemTotal:        1844596 kB
MemFree:          688920 kB
MemAvailable:    1503680 kB
Buffers:           88768 kB
Cached:           751044 kB
MemTotal:        1844596 kB
MemFree:          688928 kB
MemAvailable:    1503688 kB
Buffers:           88768 kB
Cached:           751044 kB
MemTotal:        1844596 kB
MemFree:          688556 kB
MemAvailable:    1503316 kB
Buffers:           88768 kB
Cached:           751044 kB
MemTotal:        1844596 kB
MemFree:          687680 kB
MemAvailable:    1502440 kB
Buffers:           88768 kB
Cached:           751044 kB
MemTotal:        1844596 kB
MemFree:          689044 kB
MemAvailable:    1503804 kB
Buffers:           88768 kB
Cached:           751044 kB
MemTotal:        1844596 kB
MemFree:          688764 kB
MemAvailable:    1503524 kB
Buffers:           88768 kB
Cached:           751044 kB
MemTotal:        1844596 kB
MemFree:          687440 kB
MemAvailable:    1502200 kB
Buffers:           88768 kB
Cached:           751044 kB
MemTotal:        1844596 kB
MemFree:          687316 kB
MemAvailable:    1502080 kB
Buffers:           88768 kB
Cached:           751048 kB
MemTotal:        1844596 kB
MemFree:          688672 kB
MemAvailable:    1503436 kB
Buffers:           88768 kB
Cached:           751048 kB
MemTotal:        1844596 kB
MemFree:          687268 kB
MemAvailable:    1502032 kB
Buffers:           88768 kB
Cached:           751048 kB
MemTotal:        1844596 kB
MemFree:          688648 kB
MemAvailable:    1503412 kB
Buffers:           88768 kB
Cached:           751048 kB
MemTotal:        1844596 kB
MemFree:          687564 kB
MemAvailable:    1502328 kB
Buffers:           88768 kB
Cached:           751048 kB
MemTotal:        1844596 kB
MemFree:          688252 kB
MemAvailable:    1503016 kB
Buffers:           88768 kB
Cached:           751048 kB
MemTotal:        1844596 kB
MemFree:          687484 kB
MemAvailable:    1502248 kB
Buffers:           88768 kB
Cached:           751048 kB
MemTotal:        1844596 kB
MemFree:          685756 kB
MemAvailable:    1500520 kB
Buffers:           88768 kB
Cached:           751048 kB
MemTotal:        1844596 kB
MemFree:          683408 kB
MemAvailable:    1498172 kB
Buffers:           88768 kB
Cached:           751048 kB
MemTotal:        1844596 kB
MemFree:          683076 kB
MemAvailable:    1497840 kB
Buffers:           88768 kB
Cached:           751048 kB
MemTotal:        1844596 kB
MemFree:          683224 kB
MemAvailable:    1497988 kB
Buffers:           88768 kB
Cached:           751048 kB
MemTotal:        1844596 kB
MemFree:          683044 kB
MemAvailable:    1497808 kB
Buffers:           88768 kB
Cached:           751048 kB
MemTotal:        1844596 kB
MemFree:          682828 kB
MemAvailable:    1497596 kB
Buffers:           88768 kB
Cached:           751052 kB
MemTotal:        1844596 kB
MemFree:          683164 kB
MemAvailable:    1497932 kB
Buffers:           88768 kB
Cached:           751052 kB
MemTotal:        1844596 kB
MemFree:          683148 kB
MemAvailable:    1497916 kB
Buffers:           88768 kB
Cached:           751052 kB
MemTotal:        1844596 kB
MemFree:          682108 kB
MemAvailable:    1496876 kB
Buffers:           88768 kB
Cached:           751052 kB
MemTotal:        1844596 kB
MemFree:          682596 kB
MemAvailable:    1497364 kB
Buffers:           88768 kB
Cached:           751052 kB
MemTotal:        1844596 kB
MemFree:          682364 kB
MemAvailable:    1497132 kB
Buffers:           88768 kB
Cached:           751052 kB
MemTotal:        1844596 kB
MemFree:          682556 kB
MemAvailable:    1497324 kB
Buffers:           88768 kB
Cached:           751052 kB
MemTotal:        1844596 kB
MemFree:          681296 kB
MemAvailable:    1496064 kB
Buffers:           88768 kB
Cached:           751052 kB
MemTotal:        1844596 kB
MemFree:          682668 kB
MemAvailable:    1497436 kB
Buffers:           88768 kB
Cached:           751052 kB
MemTotal:        1844596 kB
MemFree:          682588 kB
MemAvailable:    1497356 kB
Buffers:           88768 kB
Cached:           751052 kB
MemTotal:        1844596 kB
MemFree:          682840 kB
MemAvailable:    1497608 kB
Buffers:           88768 kB
Cached:           751052 kB
MemTotal:        1844596 kB
MemFree:          682716 kB
MemAvailable:    1497484 kB
Buffers:           88768 kB
Cached:           751052 kB
MemTotal:        1844596 kB
MemFree:          680744 kB
MemAvailable:    1495512 kB
Buffers:           88768 kB
Cached:           751052 kB
MemTotal:        1844596 kB
MemFree:          677016 kB
MemAvailable:    1491784 kB
Buffers:           88768 kB
Cached:           751052 kB
MemTotal:        1844596 kB
MemFree:          677272 kB
MemAvailable:    1492040 kB
Buffers:           88768 kB
Cached:           751052 kB
MemTotal:        1844596 kB
MemFree:          676388 kB
MemAvailable:    1491156 kB
Buffers:           88768 kB
Cached:           751052 kB
MemTotal:        1844596 kB
MemFree:          676388 kB
MemAvailable:    1491156 kB
Buffers:           88768 kB
Cached:           751052 kB
MemTotal:        1844596 kB
MemFree:          674784 kB
MemAvailable:    1489552 kB
Buffers:           88768 kB
Cached:           751052 kB
MemTotal:        1844596 kB
MemFree:          674304 kB
MemAvailable:    1489072 kB
Buffers:           88768 kB
Cached:           751052 kB
MemTotal:        1844596 kB
MemFree:          673296 kB
MemAvailable:    1488064 kB
Buffers:           88768 kB
Cached:           751052 kB
MemTotal:        1844596 kB
MemFree:          674248 kB
MemAvailable:    1489016 kB
Buffers:           88768 kB
Cached:           751052 kB
MemTotal:        1844596 kB
MemFree:          674240 kB
MemAvailable:    1489008 kB
Buffers:           88768 kB
Cached:           751052 kB
MemTotal:        1844596 kB
MemFree:          672796 kB
MemAvailable:    1487564 kB
Buffers:           88768 kB
Cached:           751052 kB
MemTotal:        1844596 kB
MemFree:          673964 kB
MemAvailable:    1488732 kB
Buffers:           88768 kB
Cached:           751052 kB
MemTotal:        1844596 kB
MemFree:          672788 kB
MemAvailable:    1487556 kB
Buffers:           88768 kB
Cached:           751052 kB
MemTotal:        1844596 kB
MemFree:          673916 kB
MemAvailable:    1488684 kB
Buffers:           88768 kB
Cached:           751052 kB
MemTotal:        1844596 kB
MemFree:          672940 kB
MemAvailable:    1487708 kB
Buffers:           88768 kB
Cached:           751052 kB
MemTotal:        1844596 kB
MemFree:          673752 kB
MemAvailable:    1488524 kB
Buffers:           88768 kB
Cached:           751056 kB
MemTotal:        1844596 kB
MemFree:          674088 kB
MemAvailable:    1488860 kB
Buffers:           88768 kB
Cached:           751056 kB
MemTotal:        1844596 kB
MemFree:          672684 kB
MemAvailable:    1487456 kB
Buffers:           88768 kB
Cached:           751056 kB
MemTotal:        1844596 kB
MemFree:          673972 kB
MemAvailable:    1488744 kB
Buffers:           88768 kB
Cached:           751056 kB
MemTotal:        1844596 kB
MemFree:          673180 kB
MemAvailable:    1487952 kB
Buffers:           88768 kB
Cached:           751056 kB
MemTotal:        1844596 kB
MemFree:          673536 kB
MemAvailable:    1488308 kB
Buffers:           88768 kB
Cached:           751056 kB
MemTotal:        1844596 kB
MemFree:          672932 kB
MemAvailable:    1487704 kB
Buffers:           88768 kB
Cached:           751056 kB
MemTotal:        1844596 kB
MemFree:          673660 kB
MemAvailable:    1488432 kB
Buffers:           88768 kB
Cached:           751056 kB
MemTotal:        1844596 kB
MemFree:          673808 kB
MemAvailable:    1488456 kB
Buffers:           88768 kB
Cached:           751056 kB
MemTotal:        1844596 kB
MemFree:          672388 kB
MemAvailable:    1487160 kB
Buffers:           88768 kB
Cached:           751056 kB
MemTotal:        1844596 kB
MemFree:          673536 kB
MemAvailable:    1488308 kB
Buffers:           88768 kB
Cached:           751056 kB
MemTotal:        1844596 kB
MemFree:          673788 kB
MemAvailable:    1488560 kB
Buffers:           88768 kB
Cached:           751056 kB
MemTotal:        1844596 kB
MemFree:          673496 kB
MemAvailable:    1488268 kB
Buffers:           88768 kB
Cached:           751056 kB
MemTotal:        1844596 kB
MemFree:          671188 kB
MemAvailable:    1485960 kB
Buffers:           88768 kB
Cached:           751056 kB
MemTotal:        1844596 kB
MemFree:          668840 kB
MemAvailable:    1483612 kB
Buffers:           88768 kB
Cached:           751056 kB
MemTotal:        1844596 kB
MemFree:          665740 kB
MemAvailable:    1480512 kB
Buffers:           88768 kB
Cached:           751056 kB
MemTotal:        1844596 kB
MemFree:          665596 kB
MemAvailable:    1480368 kB
Buffers:           88768 kB
Cached:           751056 kB
MemTotal:        1844596 kB
MemFree:          664252 kB
MemAvailable:    1479024 kB
Buffers:           88768 kB
Cached:           751056 kB
MemTotal:        1844596 kB
MemFree:          665064 kB
MemAvailable:    1479836 kB
Buffers:           88768 kB
Cached:           751056 kB
MemTotal:        1844596 kB
MemFree:          665400 kB
MemAvailable:    1480172 kB
Buffers:           88768 kB
Cached:           751056 kB
MemTotal:        1844596 kB
MemFree:          663832 kB
MemAvailable:    1478604 kB
Buffers:           88768 kB
Cached:           751056 kB
MemTotal:        1844596 kB
MemFree:          664368 kB
MemAvailable:    1479140 kB
Buffers:           88768 kB
Cached:           751056 kB
MemTotal:        1844596 kB
MemFree:          664864 kB
MemAvailable:    1479636 kB
Buffers:           88768 kB
Cached:           751056 kB
MemTotal:        1844596 kB
MemFree:          664880 kB
MemAvailable:    1479652 kB
Buffers:           88768 kB
Cached:           751056 kB
MemTotal:        1844596 kB
MemFree:          663500 kB
MemAvailable:    1478272 kB
Buffers:           88768 kB
Cached:           751056 kB
MemTotal:        1844596 kB
MemFree:          665176 kB
MemAvailable:    1479948 kB
Buffers:           88768 kB
Cached:           751056 kB
MemTotal:        1844596 kB
MemFree:          665072 kB
MemAvailable:    1479844 kB
Buffers:           88768 kB
Cached:           751056 kB
MemTotal:        1844596 kB
MemFree:          664804 kB
MemAvailable:    1479576 kB
Buffers:           88768 kB
Cached:           751056 kB
MemTotal:        1844596 kB
MemFree:          665056 kB
MemAvailable:    1479828 kB
Buffers:           88768 kB
Cached:           751056 kB
MemTotal:        1844596 kB
MemFree:          664984 kB
MemAvailable:    1479756 kB
Buffers:           88768 kB
Cached:           751056 kB
MemTotal:        1844596 kB
MemFree:          663736 kB
MemAvailable:    1478508 kB
Buffers:           88768 kB
Cached:           751056 kB
MemTotal:        1844596 kB
MemFree:          664804 kB
MemAvailable:    1479576 kB
Buffers:           88768 kB
Cached:           751056 kB
MemTotal:        1844596 kB
MemFree:          664756 kB
MemAvailable:    1479528 kB
Buffers:           88768 kB
Cached:           751056 kB
MemTotal:        1844596 kB
MemFree:          663584 kB
MemAvailable:    1478356 kB
Buffers:           88768 kB
Cached:           751056 kB
MemTotal:        1844596 kB
MemFree:          665144 kB
MemAvailable:    1479916 kB
Buffers:           88768 kB
Cached:           751056 kB
MemTotal:        1844596 kB
MemFree:          665056 kB
MemAvailable:    1479828 kB
Buffers:           88768 kB
Cached:           751056 kB
MemTotal:        1844596 kB
MemFree:          664948 kB
MemAvailable:    1479720 kB
Buffers:           88768 kB
Cached:           751056 kB
MemTotal:        1844596 kB
MemFree:          665116 kB
MemAvailable:    1479888 kB
Buffers:           88768 kB
Cached:           751056 kB
MemTotal:        1844596 kB
MemFree:          664876 kB
MemAvailable:    1479648 kB
Buffers:           88768 kB
Cached:           751056 kB
MemTotal:        1844596 kB
MemFree:          665004 kB
MemAvailable:    1479776 kB
Buffers:           88768 kB
Cached:           751056 kB
MemTotal:        1844596 kB
MemFree:          664812 kB
MemAvailable:    1479584 kB
Buffers:           88768 kB
Cached:           751056 kB
MemTotal:        1844596 kB
MemFree:          665064 kB
MemAvailable:    1479836 kB
Buffers:           88768 kB
Cached:           751056 kB
MemTotal:        1844596 kB
MemFree:          664368 kB
MemAvailable:    1479140 kB
Buffers:           88768 kB
Cached:           751056 kB
MemTotal:        1844596 kB
MemFree:          663696 kB
MemAvailable:    1478468 kB
Buffers:           88768 kB
Cached:           751056 kB
MemTotal:        1844596 kB
MemFree:          664908 kB
MemAvailable:    1479680 kB
Buffers:           88768 kB
Cached:           751056 kB
MemTotal:        1844596 kB
MemFree:          664836 kB
MemAvailable:    1479608 kB
Buffers:           88768 kB
Cached:           751056 kB
MemTotal:        1844596 kB
MemFree:          665004 kB
MemAvailable:    1479776 kB
Buffers:           88768 kB
Cached:           751056 kB
MemTotal:        1844596 kB
MemFree:          664824 kB
MemAvailable:    1479596 kB
Buffers:           88768 kB
Cached:           751056 kB
MemTotal:        1844596 kB
MemFree:          665060 kB
MemAvailable:    1479832 kB
Buffers:           88768 kB
Cached:           751056 kB
MemTotal:        1844596 kB
MemFree:          663740 kB
MemAvailable:    1478512 kB
Buffers:           88768 kB
Cached:           751056 kB
MemTotal:        1844596 kB
MemFree:          664824 kB
MemAvailable:    1479604 kB
Buffers:           88768 kB
Cached:           751064 kB
MemTotal:        1844596 kB
MemFree:          664880 kB
MemAvailable:    1479660 kB
Buffers:           88768 kB
Cached:           751064 kB
MemTotal:        1844596 kB
MemFree:          664824 kB
MemAvailable:    1479604 kB
Buffers:           88768 kB
Cached:           751064 kB
MemTotal:        1844596 kB
MemFree:          663692 kB
MemAvailable:    1478472 kB
Buffers:           88768 kB
Cached:           751064 kB
MemTotal:        1844596 kB
MemFree:          660840 kB
MemAvailable:    1475620 kB
Buffers:           88768 kB
Cached:           751064 kB
MemTotal:        1844596 kB
MemFree:          656804 kB
MemAvailable:    1471584 kB
Buffers:           88768 kB
Cached:           751064 kB
MemTotal:        1844596 kB
MemFree:          656696 kB
MemAvailable:    1471476 kB
Buffers:           88768 kB
Cached:           751064 kB
MemTotal:        1844596 kB
MemFree:          653092 kB
MemAvailable:    1467872 kB
Buffers:           88768 kB
Cached:           751064 kB
MemTotal:        1844596 kB
MemFree:          654200 kB
MemAvailable:    1468980 kB
Buffers:           88768 kB
Cached:           751064 kB
MemTotal:        1844596 kB
MemFree:          654284 kB
MemAvailable:    1469064 kB
Buffers:           88768 kB
Cached:           751064 kB
MemTotal:        1844596 kB
MemFree:          653952 kB
MemAvailable:    1468732 kB
Buffers:           88768 kB
Cached:           751064 kB
MemTotal:        1844596 kB
MemFree:          653952 kB
MemAvailable:    1468732 kB
Buffers:           88768 kB
Cached:           751064 kB
MemTotal:        1844596 kB
MemFree:          652960 kB
MemAvailable:    1467740 kB
Buffers:           88768 kB
Cached:           751064 kB
MemTotal:        1844596 kB
MemFree:          653964 kB
MemAvailable:    1468744 kB
Buffers:           88768 kB
Cached:           751064 kB
MemTotal:        1844596 kB
MemFree:          652908 kB
MemAvailable:    1467688 kB
Buffers:           88768 kB
Cached:           751064 kB
MemTotal:        1844596 kB
MemFree:          653892 kB
MemAvailable:    1468672 kB
Buffers:           88768 kB
Cached:           751064 kB
MemTotal:        1844596 kB
MemFree:          652776 kB
MemAvailable:    1467556 kB
Buffers:           88768 kB
Cached:           751064 kB
MemTotal:        1844596 kB
MemFree:          653944 kB
MemAvailable:    1468724 kB
Buffers:           88768 kB
Cached:           751064 kB
MemTotal:        1844596 kB
MemFree:          652776 kB
MemAvailable:    1467556 kB
Buffers:           88768 kB
Cached:           751064 kB
MemTotal:        1844596 kB
MemFree:          652892 kB
MemAvailable:    1467672 kB
Buffers:           88768 kB
Cached:           751064 kB
MemTotal:        1844596 kB
MemFree:          654112 kB
MemAvailable:    1468892 kB
Buffers:           88768 kB
Cached:           751064 kB
MemTotal:        1844596 kB
MemFree:          652804 kB
MemAvailable:    1467584 kB
Buffers:           88768 kB
Cached:           751064 kB
MemTotal:        1844596 kB
MemFree:          652680 kB
MemAvailable:    1467460 kB
Buffers:           88768 kB
Cached:           751064 kB
MemTotal:        1844596 kB
MemFree:          652804 kB
MemAvailable:    1467584 kB
Buffers:           88768 kB
Cached:           751064 kB
MemTotal:        1844596 kB
MemFree:          652804 kB
MemAvailable:    1467584 kB
Buffers:           88768 kB
Cached:           751064 kB
MemTotal:        1844596 kB
MemFree:          652800 kB
MemAvailable:    1467580 kB
Buffers:           88768 kB
Cached:           751064 kB
MemTotal:        1844596 kB
MemFree:          654012 kB
MemAvailable:    1468792 kB
Buffers:           88768 kB
Cached:           751064 kB
MemTotal:        1844596 kB
MemFree:          653224 kB
MemAvailable:    1468004 kB
Buffers:           88768 kB
Cached:           751064 kB
MemTotal:        1844596 kB
MemFree:          654448 kB
MemAvailable:    1469228 kB
Buffers:           88768 kB
Cached:           751064 kB
MemTotal:        1844596 kB
MemFree:          654012 kB
MemAvailable:    1468792 kB
Buffers:           88768 kB
Cached:           751064 kB
MemTotal:        1844596 kB
MemFree:          652960 kB
MemAvailable:    1467740 kB
Buffers:           88768 kB
Cached:           751064 kB
MemTotal:        1844596 kB
MemFree:          653084 kB
MemAvailable:    1467864 kB
Buffers:           88768 kB
Cached:           751064 kB
MemTotal:        1844596 kB
MemFree:          653888 kB
MemAvailable:    1468668 kB
Buffers:           88768 kB
Cached:           751064 kB
MemTotal:        1844596 kB
MemFree:          654140 kB
MemAvailable:    1468920 kB
Buffers:           88768 kB
Cached:           751064 kB
MemTotal:        1844596 kB
MemFree:          653820 kB
MemAvailable:    1468600 kB
Buffers:           88768 kB
Cached:           751064 kB
MemTotal:        1844596 kB
MemFree:          652580 kB
MemAvailable:    1467360 kB
Buffers:           88768 kB
Cached:           751064 kB
MemTotal:        1844596 kB
MemFree:          652828 kB
MemAvailable:    1467608 kB
Buffers:           88768 kB
Cached:           751064 kB
MemTotal:        1844596 kB
MemFree:          652704 kB
MemAvailable:    1467484 kB
Buffers:           88768 kB
Cached:           751064 kB
MemTotal:        1844596 kB
MemFree:          654064 kB
MemAvailable:    1468844 kB
Buffers:           88768 kB
Cached:           751064 kB
MemTotal:        1844596 kB
MemFree:          654064 kB
MemAvailable:    1468844 kB
Buffers:           88768 kB
Cached:           751064 kB
MemTotal:        1844596 kB
MemFree:          653964 kB
MemAvailable:    1468744 kB
Buffers:           88768 kB
Cached:           751064 kB
MemTotal:        1844596 kB
MemFree:          653816 kB
MemAvailable:    1468596 kB
Buffers:           88768 kB
Cached:           751064 kB
MemTotal:        1844596 kB
MemFree:          654152 kB
MemAvailable:    1468932 kB
Buffers:           88768 kB
Cached:           751064 kB
MemTotal:        1844596 kB
MemFree:          653936 kB
MemAvailable:    1468716 kB
Buffers:           88768 kB
Cached:           751064 kB
MemTotal:        1844596 kB
MemFree:          653952 kB
MemAvailable:    1468732 kB
Buffers:           88768 kB
Cached:           751064 kB
MemTotal:        1844596 kB
MemFree:          653960 kB
MemAvailable:    1468740 kB
Buffers:           88768 kB
Cached:           751064 kB
MemTotal:        1844596 kB
MemFree:          652796 kB
MemAvailable:    1467576 kB
Buffers:           88768 kB
Cached:           751064 kB
MemTotal:        1844596 kB
MemFree:          652796 kB
MemAvailable:    1467576 kB
Buffers:           88768 kB
Cached:           751064 kB
MemTotal:        1844596 kB
MemFree:          653944 kB
MemAvailable:    1468724 kB
Buffers:           88768 kB
Cached:           751064 kB
MemTotal:        1844596 kB
MemFree:          654196 kB
MemAvailable:    1468976 kB
Buffers:           88768 kB
Cached:           751064 kB
MemTotal:        1844596 kB
MemFree:          652664 kB
MemAvailable:    1467444 kB
Buffers:           88768 kB
Cached:           751064 kB
MemTotal:        1844596 kB
MemFree:          654072 kB
MemAvailable:    1468852 kB
Buffers:           88768 kB
Cached:           751064 kB
MemTotal:        1844596 kB
MemFree:          652968 kB
MemAvailable:    1467748 kB
Buffers:           88768 kB
Cached:           751064 kB
MemTotal:        1844596 kB
MemFree:          653648 kB
MemAvailable:    1468432 kB
Buffers:           88768 kB
Cached:           751068 kB
MemTotal:        1844596 kB
MemFree:          653516 kB
MemAvailable:    1468300 kB
Buffers:           88768 kB
Cached:           751068 kB
MemTotal:        1844596 kB
MemFree:          652348 kB
MemAvailable:    1467132 kB
Buffers:           88768 kB
Cached:           751068 kB
MemTotal:        1844596 kB
MemFree:          653028 kB
MemAvailable:    1467812 kB
Buffers:           88768 kB
Cached:           751068 kB
MemTotal:        1844596 kB
MemFree:          651844 kB
MemAvailable:    1466628 kB
Buffers:           88768 kB
Cached:           751068 kB
MemTotal:        1844596 kB
MemFree:          651720 kB
MemAvailable:    1466504 kB
Buffers:           88768 kB
Cached:           751068 kB
MemTotal:        1844596 kB
MemFree:          651968 kB
MemAvailable:    1466752 kB
Buffers:           88768 kB
Cached:           751068 kB
MemTotal:        1844596 kB
MemFree:          651728 kB
MemAvailable:    1466512 kB
Buffers:           88768 kB
Cached:           751068 kB
MemTotal:        1844596 kB
MemFree:          651728 kB
MemAvailable:    1466512 kB
Buffers:           88768 kB
Cached:           751068 kB
MemTotal:        1844596 kB
MemFree:          651604 kB
MemAvailable:    1466388 kB
Buffers:           88768 kB
Cached:           751068 kB
MemTotal:        1844596 kB
MemFree:          651472 kB
MemAvailable:    1466256 kB
Buffers:           88768 kB
Cached:           751068 kB
MemTotal:        1844596 kB
MemFree:          652464 kB
MemAvailable:    1467248 kB
Buffers:           88768 kB
Cached:           751068 kB
MemTotal:        1844596 kB
MemFree:          652356 kB
MemAvailable:    1467140 kB
Buffers:           88768 kB
Cached:           751068 kB
MemTotal:        1844596 kB
MemFree:          652292 kB
MemAvailable:    1467076 kB
Buffers:           88768 kB
Cached:           751068 kB
MemTotal:        1844596 kB
MemFree:          651604 kB
MemAvailable:    1466388 kB
Buffers:           88768 kB
Cached:           751068 kB
MemTotal:        1844596 kB
MemFree:          652408 kB
MemAvailable:    1467192 kB
Buffers:           88768 kB
Cached:           751068 kB
MemTotal:        1844596 kB
MemFree:          652408 kB
MemAvailable:    1467192 kB
Buffers:           88768 kB
Cached:           751068 kB
MemTotal:        1844596 kB
MemFree:          651308 kB
MemAvailable:    1466092 kB
Buffers:           88768 kB
Cached:           751068 kB
MemTotal:        1844596 kB
MemFree:          651184 kB
MemAvailable:    1465968 kB
Buffers:           88768 kB
Cached:           751068 kB
MemTotal:        1844596 kB
MemFree:          652308 kB
MemAvailable:    1467096 kB
Buffers:           88768 kB
Cached:           751072 kB
MemTotal:        1844596 kB
MemFree:          652408 kB
MemAvailable:    1467196 kB
Buffers:           88768 kB
Cached:           751072 kB
MemTotal:        1844596 kB
MemFree:          652556 kB
MemAvailable:    1467344 kB
Buffers:           88768 kB
Cached:           751072 kB
MemTotal:        1844596 kB
MemFree:          650728 kB
MemAvailable:    1465516 kB
Buffers:           88768 kB
Cached:           751072 kB
MemTotal:        1844596 kB
MemFree:          651036 kB
MemAvailable:    1465824 kB
Buffers:           88768 kB
Cached:           751072 kB
MemTotal:        1844596 kB
MemFree:          651036 kB
MemAvailable:    1465824 kB
Buffers:           88768 kB
Cached:           751072 kB
MemTotal:        1844596 kB
MemFree:          651160 kB
MemAvailable:    1465948 kB
Buffers:           88768 kB
Cached:           751072 kB
MemTotal:        1844596 kB
MemFree:          650984 kB
MemAvailable:    1465772 kB
Buffers:           88768 kB
Cached:           751072 kB
MemTotal:        1844596 kB
MemFree:          646520 kB
MemAvailable:    1461308 kB
Buffers:           88768 kB
Cached:           751072 kB
MemTotal:        1844596 kB
MemFree:          643916 kB
MemAvailable:    1458704 kB
Buffers:           88768 kB
Cached:           751072 kB
MemTotal:        1844596 kB
MemFree:          640320 kB
MemAvailable:    1455108 kB
Buffers:           88768 kB
Cached:           751072 kB
MemTotal:        1844596 kB
MemFree:          641056 kB
MemAvailable:    1455844 kB
Buffers:           88768 kB
Cached:           751072 kB
MemTotal:        1844596 kB
MemFree:          641056 kB
MemAvailable:    1455844 kB
Buffers:           88768 kB
Cached:           751072 kB
MemTotal:        1844596 kB
MemFree:          640880 kB
MemAvailable:    1455668 kB
Buffers:           88768 kB
Cached:           751072 kB
MemTotal:        1844596 kB
MemFree:          640796 kB
MemAvailable:    1455584 kB
Buffers:           88768 kB
Cached:           751072 kB
MemTotal:        1844596 kB
MemFree:          639416 kB
MemAvailable:    1454204 kB
Buffers:           88768 kB
Cached:           751072 kB
MemTotal:        1844596 kB
MemFree:          640380 kB
MemAvailable:    1455168 kB
Buffers:           88768 kB
Cached:           751072 kB
MemTotal:        1844596 kB
MemFree:          638204 kB
MemAvailable:    1452992 kB
Buffers:           88768 kB
Cached:           751072 kB
MemTotal:        1844596 kB
MemFree:          637964 kB
MemAvailable:    1452752 kB
Buffers:           88768 kB
Cached:           751072 kB
MemTotal:        1844596 kB
MemFree:          637212 kB
MemAvailable:    1452000 kB
Buffers:           88768 kB
Cached:           751072 kB
MemTotal:        1844596 kB
MemFree:          638328 kB
MemAvailable:    1453116 kB
Buffers:           88768 kB
Cached:           751072 kB
MemTotal:        1844596 kB
MemFree:          636228 kB
MemAvailable:    1451016 kB
Buffers:           88768 kB
Cached:           751072 kB
MemTotal:        1844596 kB
MemFree:          636220 kB
MemAvailable:    1451008 kB
Buffers:           88768 kB
Cached:           751072 kB
MemTotal:        1844596 kB
MemFree:          636220 kB
MemAvailable:    1451008 kB
Buffers:           88768 kB
Cached:           751072 kB
MemTotal:        1844596 kB
MemFree:          636096 kB
MemAvailable:    1450884 kB
Buffers:           88768 kB
Cached:           751072 kB
MemTotal:        1844596 kB
MemFree:          637224 kB
MemAvailable:    1452012 kB
Buffers:           88768 kB
Cached:           751072 kB
MemTotal:        1844596 kB
MemFree:          635792 kB
MemAvailable:    1450580 kB
Buffers:           88768 kB
Cached:           751072 kB
MemTotal:        1844596 kB
MemFree:          636164 kB
MemAvailable:    1450952 kB
Buffers:           88768 kB
Cached:           751072 kB
MemTotal:        1844596 kB
MemFree:          637252 kB
MemAvailable:    1452040 kB
Buffers:           88768 kB
Cached:           751072 kB
MemTotal:        1844596 kB
MemFree:          637212 kB
MemAvailable:    1452000 kB
Buffers:           88768 kB
Cached:           751072 kB
MemTotal:        1844596 kB
MemFree:          635948 kB
MemAvailable:    1450736 kB
Buffers:           88768 kB
Cached:           751072 kB
MemTotal:        1844596 kB
MemFree:          636196 kB
MemAvailable:    1450984 kB
Buffers:           88768 kB
Cached:           751072 kB
MemTotal:        1844596 kB
MemFree:          636072 kB
MemAvailable:    1450860 kB
Buffers:           88768 kB
Cached:           751072 kB
MemTotal:        1844596 kB
MemFree:          636336 kB
MemAvailable:    1451124 kB
Buffers:           88768 kB
Cached:           751072 kB
MemTotal:        1844596 kB
MemFree:          636476 kB
MemAvailable:    1451264 kB
Buffers:           88768 kB
Cached:           751072 kB
MemTotal:        1844596 kB
MemFree:          634972 kB
MemAvailable:    1449760 kB
Buffers:           88768 kB
Cached:           751072 kB
MemTotal:        1844596 kB
MemFree:          635484 kB
MemAvailable:    1450272 kB
Buffers:           88768 kB
Cached:           751072 kB
MemTotal:        1844596 kB
MemFree:          635228 kB
MemAvailable:    1450016 kB
Buffers:           88768 kB
Cached:           751072 kB
MemTotal:        1844596 kB
MemFree:          634996 kB
MemAvailable:    1449784 kB
Buffers:           88768 kB
Cached:           751072 kB
MemTotal:        1844596 kB
MemFree:          633864 kB
MemAvailable:    1448652 kB
Buffers:           88768 kB
Cached:           751072 kB
MemTotal:        1844596 kB
MemFree:          633624 kB
MemAvailable:    1448412 kB
Buffers:           88768 kB
Cached:           751072 kB
MemTotal:        1844596 kB
MemFree:          633980 kB
MemAvailable:    1448768 kB
Buffers:           88768 kB
Cached:           751072 kB
MemTotal:        1844596 kB
MemFree:          634316 kB
MemAvailable:    1449104 kB
Buffers:           88768 kB
Cached:           751072 kB
MemTotal:        1844596 kB
MemFree:          632632 kB
MemAvailable:    1447420 kB
Buffers:           88768 kB
Cached:           751072 kB
MemTotal:        1844596 kB
MemFree:          632872 kB
MemAvailable:    1447660 kB
Buffers:           88768 kB
Cached:           751072 kB
MemTotal:        1844596 kB
MemFree:          632136 kB
MemAvailable:    1446924 kB
Buffers:           88768 kB
Cached:           751072 kB
MemTotal:        1844596 kB
MemFree:          633304 kB
MemAvailable:    1448092 kB
Buffers:           88768 kB
Cached:           751072 kB
MemTotal:        1844596 kB
MemFree:          633120 kB
MemAvailable:    1447908 kB
Buffers:           88768 kB
Cached:           751072 kB
MemTotal:        1844596 kB
MemFree:          632516 kB
MemAvailable:    1447304 kB
Buffers:           88768 kB
Cached:           751072 kB
MemTotal:        1844596 kB
MemFree:          632932 kB
MemAvailable:    1447720 kB
Buffers:           88768 kB
Cached:           751072 kB
MemTotal:        1844596 kB
MemFree:          633188 kB
MemAvailable:    1447976 kB
Buffers:           88768 kB
Cached:           751072 kB
MemTotal:        1844596 kB
MemFree:          632096 kB
MemAvailable:    1446884 kB
Buffers:           88768 kB
Cached:           751072 kB
MemTotal:        1844596 kB
MemFree:          631888 kB
MemAvailable:    1446676 kB
Buffers:           88768 kB
Cached:           751072 kB
MemTotal:        1844596 kB
MemFree:          631840 kB
MemAvailable:    1446628 kB
Buffers:           88768 kB
Cached:           751072 kB
MemTotal:        1844596 kB
MemFree:          632012 kB
MemAvailable:    1446800 kB
Buffers:           88768 kB
Cached:           751072 kB
MemTotal:        1844596 kB
MemFree:          631840 kB
MemAvailable:    1446628 kB
Buffers:           88768 kB
Cached:           751072 kB
MemTotal:        1844596 kB
MemFree:          631880 kB
MemAvailable:    1446668 kB
Buffers:           88768 kB
Cached:           751072 kB
MemTotal:        1844596 kB
MemFree:          631756 kB
MemAvailable:    1446544 kB
Buffers:           88768 kB
Cached:           751072 kB
MemTotal:        1844596 kB
MemFree:          633012 kB
MemAvailable:    1447800 kB
Buffers:           88768 kB
Cached:           751072 kB
MemTotal:        1844596 kB
MemFree:          631828 kB
MemAvailable:    1446616 kB
Buffers:           88768 kB
Cached:           751072 kB
MemTotal:        1844596 kB
MemFree:          632916 kB
MemAvailable:    1447704 kB
Buffers:           88768 kB
Cached:           751072 kB
MemTotal:        1844596 kB
MemFree:          633036 kB
MemAvailable:    1447824 kB
Buffers:           88768 kB
Cached:           751072 kB
MemTotal:        1844596 kB
MemFree:          633100 kB
MemAvailable:    1447888 kB
Buffers:           88768 kB
Cached:           751072 kB
MemTotal:        1844596 kB
MemFree:          631728 kB
MemAvailable:    1446516 kB
Buffers:           88768 kB
Cached:           751072 kB
MemTotal:        1844596 kB
MemFree:          632904 kB
MemAvailable:    1447692 kB
Buffers:           88768 kB
Cached:           751072 kB
MemTotal:        1844596 kB
MemFree:          631888 kB
MemAvailable:    1446676 kB
Buffers:           88768 kB
Cached:           751072 kB
MemTotal:        1844596 kB
MemFree:          631764 kB
MemAvailable:    1446552 kB
Buffers:           88768 kB
Cached:           751072 kB
MemTotal:        1844596 kB
MemFree:          631640 kB
MemAvailable:    1446428 kB
Buffers:           88768 kB
Cached:           751072 kB
MemTotal:        1844596 kB
MemFree:          631600 kB
MemAvailable:    1446388 kB
Buffers:           88768 kB
Cached:           751072 kB
MemTotal:        1844596 kB
MemFree:          632252 kB
MemAvailable:    1447040 kB
Buffers:           88768 kB
Cached:           751072 kB
MemTotal:        1844596 kB
MemFree:          631620 kB
MemAvailable:    1446408 kB
Buffers:           88768 kB
Cached:           751072 kB
MemTotal:        1844596 kB
MemFree:          632012 kB
MemAvailable:    1446808 kB
Buffers:           88768 kB
Cached:           751080 kB
MemTotal:        1844596 kB
MemFree:          630772 kB
MemAvailable:    1445568 kB
Buffers:           88768 kB
Cached:           751080 kB
MemTotal:        1844596 kB
MemFree:          630648 kB
MemAvailable:    1445452 kB
Buffers:           88768 kB
Cached:           751084 kB
MemTotal:        1844596 kB
MemFree:          630152 kB
MemAvailable:    1444956 kB
Buffers:           88768 kB
Cached:           751084 kB
MemTotal:        1844596 kB
MemFree:          629344 kB
MemAvailable:    1444148 kB
Buffers:           88768 kB
Cached:           751084 kB
MemTotal:        1844596 kB
MemFree:          628272 kB
MemAvailable:    1443076 kB
Buffers:           88768 kB
Cached:           751084 kB
MemTotal:        1844596 kB
MemFree:          625316 kB
MemAvailable:    1440120 kB
Buffers:           88768 kB
Cached:           751084 kB
MemTotal:        1844596 kB
MemFree:          623076 kB
MemAvailable:    1437880 kB
Buffers:           88768 kB
Cached:           751084 kB
MemTotal:        1844596 kB
MemFree:          619100 kB
MemAvailable:    1433904 kB
Buffers:           88768 kB
Cached:           751084 kB
MemTotal:        1844596 kB
MemFree:          619100 kB
MemAvailable:    1433904 kB
Buffers:           88768 kB
Cached:           751084 kB
MemTotal:        1844596 kB
MemFree:          614528 kB
MemAvailable:    1429332 kB
Buffers:           88768 kB
Cached:           751084 kB
MemTotal:        1844596 kB
MemFree:          613412 kB
MemAvailable:    1428216 kB
Buffers:           88768 kB
Cached:           751084 kB
MemTotal:        1844596 kB
MemFree:          614260 kB
MemAvailable:    1429064 kB
Buffers:           88768 kB
Cached:           751084 kB
MemTotal:        1844596 kB
MemFree:          614516 kB
MemAvailable:    1429320 kB
Buffers:           88768 kB
Cached:           751084 kB
MemTotal:        1844596 kB
MemFree:          614132 kB
MemAvailable:    1428936 kB
Buffers:           88768 kB
Cached:           751084 kB
MemTotal:        1844596 kB
MemFree:          614472 kB
MemAvailable:    1429276 kB
Buffers:           88768 kB
Cached:           751084 kB
MemTotal:        1844596 kB
MemFree:          612984 kB
MemAvailable:    1427788 kB
Buffers:           88768 kB
Cached:           751084 kB
MemTotal:        1844596 kB
MemFree:          614276 kB
MemAvailable:    1429080 kB
Buffers:           88768 kB
Cached:           751084 kB
MemTotal:        1844596 kB
MemFree:          613108 kB
MemAvailable:    1427912 kB
Buffers:           88768 kB
Cached:           751084 kB
MemTotal:        1844596 kB
MemFree:          613348 kB
MemAvailable:    1428152 kB
Buffers:           88768 kB
Cached:           751084 kB
MemTotal:        1844596 kB
MemFree:          613232 kB
MemAvailable:    1428036 kB
Buffers:           88768 kB
Cached:           751084 kB
MemTotal:        1844596 kB
MemFree:          613232 kB
MemAvailable:    1428036 kB
Buffers:           88768 kB
Cached:           751084 kB
MemTotal:        1844596 kB
MemFree:          613100 kB
MemAvailable:    1427904 kB
Buffers:           88768 kB
Cached:           751084 kB
MemTotal:        1844596 kB
MemFree:          612296 kB
MemAvailable:    1427100 kB
Buffers:           88768 kB
Cached:           751084 kB
MemTotal:        1844596 kB
MemFree:          613404 kB
MemAvailable:    1428208 kB
Buffers:           88768 kB
Cached:           751084 kB
MemTotal:        1844596 kB
MemFree:          613296 kB
MemAvailable:    1428100 kB
Buffers:           88768 kB
Cached:           751084 kB
MemTotal:        1844596 kB
MemFree:          612040 kB
MemAvailable:    1426844 kB
Buffers:           88768 kB
Cached:           751084 kB
MemTotal:        1844596 kB
MemFree:          612124 kB
MemAvailable:    1426928 kB
Buffers:           88768 kB
Cached:           751084 kB
MemTotal:        1844596 kB
MemFree:          613424 kB
MemAvailable:    1428228 kB
Buffers:           88768 kB
Cached:           751084 kB
MemTotal:        1844596 kB
MemFree:          612420 kB
MemAvailable:    1427224 kB
Buffers:           88768 kB
Cached:           751084 kB
MemTotal:        1844596 kB
MemFree:          612296 kB
MemAvailable:    1427104 kB
Buffers:           88768 kB
Cached:           751088 kB
MemTotal:        1844596 kB
MemFree:          613652 kB
MemAvailable:    1428460 kB
Buffers:           88768 kB
Cached:           751088 kB
MemTotal:        1844596 kB
MemFree:          612164 kB
MemAvailable:    1426972 kB
Buffers:           88768 kB
Cached:           751088 kB
MemTotal:        1844596 kB
MemFree:          612032 kB
MemAvailable:    1426840 kB
Buffers:           88768 kB
Cached:           751088 kB
MemTotal:        1844596 kB
MemFree:          612156 kB
MemAvailable:    1426964 kB
Buffers:           88768 kB
Cached:           751088 kB
MemTotal:        1844596 kB
MemFree:          613388 kB
MemAvailable:    1428196 kB
Buffers:           88768 kB
Cached:           751088 kB
MemTotal:        1844596 kB
MemFree:          611976 kB
MemAvailable:    1426784 kB
Buffers:           88768 kB
Cached:           751088 kB
MemTotal:        1844596 kB
MemFree:          612420 kB
MemAvailable:    1427228 kB
Buffers:           88768 kB
Cached:           751088 kB
MemTotal:        1844596 kB
MemFree:          613192 kB
MemAvailable:    1428000 kB
Buffers:           88768 kB
Cached:           751088 kB
MemTotal:        1844596 kB
MemFree:          613040 kB
MemAvailable:    1427848 kB
Buffers:           88768 kB
Cached:           751088 kB
MemTotal:        1844596 kB
MemFree:          613220 kB
MemAvailable:    1428028 kB
Buffers:           88768 kB
Cached:           751088 kB
MemTotal:        1844596 kB
MemFree:          612916 kB
MemAvailable:    1427724 kB
Buffers:           88768 kB
Cached:           751088 kB
MemTotal:        1844596 kB
MemFree:          613168 kB
MemAvailable:    1427976 kB
Buffers:           88768 kB
Cached:           751088 kB
MemTotal:        1844596 kB
MemFree:          612908 kB
MemAvailable:    1427716 kB
Buffers:           88768 kB
Cached:           751088 kB
MemTotal:        1844596 kB
MemFree:          612428 kB
MemAvailable:    1427236 kB
Buffers:           88768 kB
Cached:           751088 kB
MemTotal:        1844596 kB
MemFree:          608576 kB
MemAvailable:    1423384 kB
Buffers:           88768 kB
Cached:           751088 kB
MemTotal:        1844596 kB
MemFree:          605228 kB
MemAvailable:    1420036 kB
Buffers:           88768 kB
Cached:           751088 kB
MemTotal:        1844596 kB
MemFree:          603180 kB
MemAvailable:    1417988 kB
Buffers:           88768 kB
Cached:           751088 kB
MemTotal:        1844596 kB
MemFree:          599392 kB
MemAvailable:    1414200 kB
Buffers:           88768 kB
Cached:           751088 kB
MemTotal:        1844596 kB
MemFree:          596796 kB
MemAvailable:    1411604 kB
Buffers:           88768 kB
Cached:           751088 kB
MemTotal:        1844596 kB
MemFree:          593772 kB
MemAvailable:    1408580 kB
Buffers:           88768 kB
Cached:           751088 kB
MemTotal:        1844596 kB
MemFree:          595072 kB
MemAvailable:    1409880 kB
Buffers:           88768 kB
Cached:           751088 kB
MemTotal:        1844596 kB
MemFree:          593952 kB
MemAvailable:    1408760 kB
Buffers:           88768 kB
Cached:           751088 kB
MemTotal:        1844596 kB
MemFree:          593812 kB
MemAvailable:    1408620 kB
Buffers:           88768 kB
Cached:           751088 kB
MemTotal:        1844596 kB
MemFree:          595128 kB
MemAvailable:    1409936 kB
Buffers:           88768 kB
Cached:           751088 kB
MemTotal:        1844596 kB
MemFree:          595000 kB
MemAvailable:    1409808 kB
Buffers:           88768 kB
Cached:           751088 kB
MemTotal:        1844596 kB
MemFree:          594688 kB
MemAvailable:    1409496 kB
Buffers:           88768 kB
Cached:           751088 kB
MemTotal:        1844596 kB
MemFree:          595132 kB
MemAvailable:    1409940 kB
Buffers:           88768 kB
Cached:           751088 kB
MemTotal:        1844596 kB
MemFree:          593676 kB
MemAvailable:    1408484 kB
Buffers:           88768 kB
Cached:           751088 kB
MemTotal:        1844596 kB
MemFree:          593884 kB
MemAvailable:    1408692 kB
Buffers:           88768 kB
Cached:           751088 kB
MemTotal:        1844596 kB
MemFree:          595288 kB
MemAvailable:    1410096 kB
Buffers:           88768 kB
Cached:           751088 kB
MemTotal:        1844596 kB
MemFree:          595236 kB
MemAvailable:    1410044 kB
Buffers:           88768 kB
Cached:           751088 kB
MemTotal:        1844596 kB
MemFree:          593624 kB
MemAvailable:    1408432 kB
Buffers:           88768 kB
Cached:           751088 kB
MemTotal:        1844596 kB
MemFree:          593748 kB
MemAvailable:    1408556 kB
Buffers:           88768 kB
Cached:           751088 kB
MemTotal:        1844596 kB
MemFree:          595108 kB
MemAvailable:    1409916 kB
Buffers:           88768 kB
Cached:           751088 kB
MemTotal:        1844596 kB
MemFree:          594316 kB
MemAvailable:    1409124 kB
Buffers:           88768 kB
Cached:           751088 kB
MemTotal:        1844596 kB
MemFree:          594972 kB
MemAvailable:    1409780 kB
Buffers:           88768 kB
Cached:           751088 kB
MemTotal:        1844596 kB
MemFree:          594944 kB
MemAvailable:    1409752 kB
Buffers:           88768 kB
Cached:           751088 kB
MemTotal:        1844596 kB
MemFree:          595072 kB
MemAvailable:    1409880 kB
Buffers:           88768 kB
Cached:           751088 kB
MemTotal:        1844596 kB
MemFree:          595196 kB
MemAvailable:    1410004 kB
Buffers:           88768 kB
Cached:           751088 kB
MemTotal:        1844596 kB
MemFree:          593928 kB
MemAvailable:    1408736 kB
Buffers:           88768 kB
Cached:           751088 kB
MemTotal:        1844596 kB
MemFree:          593696 kB
MemAvailable:    1408504 kB
Buffers:           88768 kB
Cached:           751088 kB
MemTotal:        1844596 kB
MemFree:          593648 kB
MemAvailable:    1408460 kB
Buffers:           88768 kB
Cached:           751092 kB
MemTotal:        1844596 kB
MemFree:          595088 kB
MemAvailable:    1409900 kB
Buffers:           88768 kB
Cached:           751092 kB
MemTotal:        1844596 kB
MemFree:          594448 kB
MemAvailable:    1409260 kB
Buffers:           88768 kB
Cached:           751092 kB
MemTotal:        1844596 kB
MemFree:          595300 kB
MemAvailable:    1410112 kB
Buffers:           88768 kB
Cached:           751092 kB
MemTotal:        1844596 kB
MemFree:          595300 kB
MemAvailable:    1410112 kB
Buffers:           88768 kB
Cached:           751092 kB
MemTotal:        1844596 kB
MemFree:          595176 kB
MemAvailable:    1409988 kB
Buffers:           88768 kB
Cached:           751092 kB
MemTotal:        1844596 kB
MemFree:          595052 kB
MemAvailable:    1409864 kB
Buffers:           88768 kB
Cached:           751092 kB
MemTotal:        1844596 kB
MemFree:          595304 kB
MemAvailable:    1410116 kB
Buffers:           88768 kB
Cached:           751092 kB
MemTotal:        1844596 kB
MemFree:          595176 kB
MemAvailable:    1409988 kB
Buffers:           88768 kB
Cached:           751092 kB
MemTotal:        1844596 kB
MemFree:          595012 kB
MemAvailable:    1409824 kB
Buffers:           88768 kB
Cached:           751092 kB
MemTotal:        1844596 kB
MemFree:          594316 kB
MemAvailable:    1409128 kB
Buffers:           88768 kB
Cached:           751092 kB
MemTotal:        1844596 kB
MemFree:          595112 kB
MemAvailable:    1409924 kB
Buffers:           88768 kB
Cached:           751092 kB
MemTotal:        1844596 kB
MemFree:          595172 kB
MemAvailable:    1409984 kB
Buffers:           88768 kB
Cached:           751092 kB
MemTotal:        1844596 kB
MemFree:          595008 kB
MemAvailable:    1409820 kB
Buffers:           88768 kB
Cached:           751092 kB
MemTotal:        1844596 kB
MemFree:          593812 kB
MemAvailable:    1408624 kB
Buffers:           88768 kB
Cached:           751092 kB
MemTotal:        1844596 kB
MemFree:          593376 kB
MemAvailable:    1408188 kB
Buffers:           88768 kB
Cached:           751092 kB
MemTotal:        1844596 kB
MemFree:          589836 kB
MemAvailable:    1404648 kB
Buffers:           88768 kB
Cached:           751092 kB
MemTotal:        1844596 kB
MemFree:          587992 kB
MemAvailable:    1402804 kB
Buffers:           88768 kB
Cached:           751092 kB
MemTotal:        1844596 kB
MemFree:          583900 kB
MemAvailable:    1398712 kB
Buffers:           88768 kB
Cached:           751092 kB
MemTotal:        1844596 kB
MemFree:          581380 kB
MemAvailable:    1396192 kB
Buffers:           88768 kB
Cached:           751092 kB
MemTotal:        1844596 kB
MemFree:          578072 kB
MemAvailable:    1392884 kB
Buffers:           88768 kB
Cached:           751092 kB
MemTotal:        1844596 kB
MemFree:          576584 kB
MemAvailable:    1391396 kB
Buffers:           88768 kB
Cached:           751092 kB
MemTotal:        1844596 kB
MemFree:          577692 kB
MemAvailable:    1392504 kB
Buffers:           88768 kB
Cached:           751092 kB
MemTotal:        1844596 kB
MemFree:          576404 kB
MemAvailable:    1391216 kB
Buffers:           88768 kB
Cached:           751092 kB
MemTotal:        1844596 kB
MemFree:          577636 kB
MemAvailable:    1392448 kB
Buffers:           88768 kB
Cached:           751092 kB
MemTotal:        1844596 kB
MemFree:          576652 kB
MemAvailable:    1391464 kB
Buffers:           88768 kB
Cached:           751092 kB
MemTotal:        1844596 kB
MemFree:          576528 kB
MemAvailable:    1391340 kB
Buffers:           88768 kB
Cached:           751092 kB
MemTotal:        1844596 kB
MemFree:          575444 kB
MemAvailable:    1390256 kB
Buffers:           88768 kB
Cached:           751092 kB
MemTotal:        1844596 kB
MemFree:          575312 kB
MemAvailable:    1390124 kB
Buffers:           88768 kB
Cached:           751092 kB
MemTotal:        1844596 kB
MemFree:          576636 kB
MemAvailable:    1391448 kB
Buffers:           88768 kB
Cached:           751092 kB
MemTotal:        1844596 kB
MemFree:          576240 kB
MemAvailable:    1391052 kB
Buffers:           88768 kB
Cached:           751092 kB
MemTotal:        1844596 kB
MemFree:          576328 kB
MemAvailable:    1391140 kB
Buffers:           88768 kB
Cached:           751092 kB
MemTotal:        1844596 kB
MemFree:          576200 kB
MemAvailable:    1391012 kB
Buffers:           88768 kB
Cached:           751092 kB
MemTotal:        1844596 kB
MemFree:          574828 kB
MemAvailable:    1389640 kB
Buffers:           88768 kB
Cached:           751092 kB
MemTotal:        1844596 kB
MemFree:          576144 kB
MemAvailable:    1390956 kB
Buffers:           88768 kB
Cached:           751092 kB
MemTotal:        1844596 kB
MemFree:          575584 kB
MemAvailable:    1390396 kB
Buffers:           88768 kB
Cached:           751092 kB
MemTotal:        1844596 kB
MemFree:          575584 kB
MemAvailable:    1390396 kB
Buffers:           88768 kB
Cached:           751092 kB
MemTotal:        1844596 kB
MemFree:          575096 kB
MemAvailable:    1389908 kB
Buffers:           88768 kB
Cached:           751092 kB
MemTotal:        1844596 kB
MemFree:          573608 kB
MemAvailable:    1388420 kB
Buffers:           88768 kB
Cached:           751092 kB
MemTotal:        1844596 kB
MemFree:          574228 kB
MemAvailable:    1389040 kB
Buffers:           88768 kB
Cached:           751092 kB
MemTotal:        1844596 kB
MemFree:          572484 kB
MemAvailable:    1387296 kB
Buffers:           88768 kB
Cached:           751092 kB
MemTotal:        1844596 kB
MemFree:          573848 kB
MemAvailable:    1388660 kB
Buffers:           88768 kB
Cached:           751092 kB
MemTotal:        1844596 kB
MemFree:          573484 kB
MemAvailable:    1388296 kB
Buffers:           88768 kB
Cached:           751092 kB
MemTotal:        1844596 kB
MemFree:          572172 kB
MemAvailable:    1386984 kB
Buffers:           88768 kB
Cached:           751092 kB
MemTotal:        1844596 kB
MemFree:          570872 kB
MemAvailable:    1385684 kB
Buffers:           88768 kB
Cached:           751092 kB
MemTotal:        1844596 kB
MemFree:          571012 kB
MemAvailable:    1385824 kB
Buffers:           88768 kB
Cached:           751092 kB
MemTotal:        1844596 kB
MemFree:          570748 kB
MemAvailable:    1385560 kB
Buffers:           88768 kB
Cached:           751092 kB
MemTotal:        1844596 kB
MemFree:          569376 kB
MemAvailable:    1384188 kB
Buffers:           88768 kB
Cached:           751092 kB
MemTotal:        1844596 kB
MemFree:          570608 kB
MemAvailable:    1385420 kB
Buffers:           88768 kB
Cached:           751092 kB
MemTotal:        1844596 kB
MemFree:          570444 kB
MemAvailable:    1385256 kB
Buffers:           88768 kB
Cached:           751092 kB
MemTotal:        1844596 kB
MemFree:          569324 kB
MemAvailable:    1384136 kB
Buffers:           88768 kB
Cached:           751092 kB
MemTotal:        1844596 kB
MemFree:          570556 kB
MemAvailable:    1385368 kB
Buffers:           88768 kB
Cached:           751092 kB
MemTotal:        1844596 kB
MemFree:          570252 kB
MemAvailable:    1385064 kB
Buffers:           88768 kB
Cached:           751092 kB
MemTotal:        1844596 kB
MemFree:          570252 kB
MemAvailable:    1385064 kB
Buffers:           88768 kB
Cached:           751092 kB
MemTotal:        1844596 kB
MemFree:          569260 kB
MemAvailable:    1384072 kB
Buffers:           88768 kB
Cached:           751092 kB
MemTotal:        1844596 kB
MemFree:          568028 kB
MemAvailable:    1382840 kB
Buffers:           88768 kB
Cached:           751092 kB
MemTotal:        1844596 kB
MemFree:          568948 kB
MemAvailable:    1383764 kB
Buffers:           88768 kB
Cached:           751096 kB
MemTotal:        1844596 kB
MemFree:          567912 kB
MemAvailable:    1382728 kB
Buffers:           88768 kB
Cached:           751096 kB
MemTotal:        1844596 kB
MemFree:          568948 kB
MemAvailable:    1383764 kB
Buffers:           88768 kB
Cached:           751096 kB
MemTotal:        1844596 kB
MemFree:          567656 kB
MemAvailable:    1382472 kB
Buffers:           88768 kB
Cached:           751096 kB
MemTotal:        1844596 kB
MemFree:          567904 kB
MemAvailable:    1382720 kB
Buffers:           88768 kB
Cached:           751096 kB
MemTotal:        1844596 kB
MemFree:          567780 kB
MemAvailable:    1382596 kB
Buffers:           88768 kB
Cached:           751096 kB
MemTotal:        1844596 kB
MemFree:          568956 kB
MemAvailable:    1383772 kB
Buffers:           88768 kB
Cached:           751096 kB
MemTotal:        1844596 kB
MemFree:          569020 kB
MemAvailable:    1383836 kB
Buffers:           88768 kB
Cached:           751096 kB
MemTotal:        1844596 kB
MemFree:          568880 kB
MemAvailable:    1383696 kB
Buffers:           88768 kB
Cached:           751096 kB
MemTotal:        1844596 kB
MemFree:          569020 kB
MemAvailable:    1383836 kB
Buffers:           88768 kB
Cached:           751096 kB
MemTotal:        1844596 kB
MemFree:          568944 kB
MemAvailable:    1383760 kB
Buffers:           88768 kB
Cached:           751096 kB
MemTotal:        1844596 kB
MemFree:          568812 kB
MemAvailable:    1383628 kB
Buffers:           88768 kB
Cached:           751096 kB
MemTotal:        1844596 kB
MemFree:          567760 kB
MemAvailable:    1382576 kB
Buffers:           88768 kB
Cached:           751096 kB
MemTotal:        1844596 kB
MemFree:          567756 kB
MemAvailable:    1382572 kB
Buffers:           88768 kB
Cached:           751096 kB
MemTotal:        1844596 kB
MemFree:          568824 kB
MemAvailable:    1383640 kB
Buffers:           88768 kB
Cached:           751096 kB
MemTotal:        1844596 kB
MemFree:          568880 kB
MemAvailable:    1383696 kB
Buffers:           88768 kB
Cached:           751096 kB
MemTotal:        1844596 kB
MemFree:          567616 kB
MemAvailable:    1382432 kB
Buffers:           88768 kB
Cached:           751096 kB
MemTotal:        1844596 kB
MemFree:          568840 kB
MemAvailable:    1383656 kB
Buffers:           88768 kB
Cached:           751096 kB
MemTotal:        1844596 kB
MemFree:          569156 kB
MemAvailable:    1383972 kB
Buffers:           88768 kB
Cached:           751096 kB
MemTotal:        1844596 kB
MemFree:          567472 kB
MemAvailable:    1382288 kB
Buffers:           88768 kB
Cached:           751096 kB
MemTotal:        1844596 kB
MemFree:          569000 kB
MemAvailable:    1383816 kB
Buffers:           88768 kB
Cached:           751096 kB
MemTotal:        1844596 kB
MemFree:          568152 kB
MemAvailable:    1382968 kB
Buffers:           88768 kB
Cached:           751096 kB
MemTotal:        1844596 kB
MemFree:          569196 kB
MemAvailable:    1384020 kB
Buffers:           88768 kB
Cached:           751104 kB
MemTotal:        1844596 kB
MemFree:          568036 kB
MemAvailable:    1382860 kB
Buffers:           88768 kB
Cached:           751104 kB
MemTotal:        1844596 kB
MemFree:          567780 kB
MemAvailable:    1382604 kB
Buffers:           88768 kB
Cached:           751104 kB
MemTotal:        1844596 kB
MemFree:          567772 kB
MemAvailable:    1382596 kB
Buffers:           88768 kB
Cached:           751104 kB
MemTotal:        1844596 kB
MemFree:          568824 kB
MemAvailable:    1383648 kB
Buffers:           88768 kB
Cached:           751104 kB
MemTotal:        1844596 kB
MemFree:          567392 kB
MemAvailable:    1382216 kB
Buffers:           88768 kB
Cached:           751104 kB
MemTotal:        1844596 kB
MemFree:          568816 kB
MemAvailable:    1383640 kB
Buffers:           88768 kB
Cached:           751104 kB
MemTotal:        1844596 kB
MemFree:          567516 kB
MemAvailable:    1382340 kB
Buffers:           88768 kB
Cached:           751104 kB
MemTotal:        1844596 kB
MemFree:          567600 kB
MemAvailable:    1382424 kB
Buffers:           88768 kB
Cached:           751104 kB
MemTotal:        1844596 kB
MemFree:          567912 kB
MemAvailable:    1382736 kB
Buffers:           88768 kB
Cached:           751104 kB
MemTotal:        1844596 kB
MemFree:          568764 kB
MemAvailable:    1383588 kB
Buffers:           88768 kB
Cached:           751104 kB
MemTotal:        1844596 kB
MemFree:          568848 kB
MemAvailable:    1383672 kB
Buffers:           88768 kB
Cached:           751104 kB
MemTotal:        1844596 kB
MemFree:          567780 kB
MemAvailable:    1382604 kB
Buffers:           88768 kB
Cached:           751104 kB
MemTotal:        1844596 kB
MemFree:          568884 kB
MemAvailable:    1383708 kB
Buffers:           88768 kB
Cached:           751104 kB
MemTotal:        1844596 kB
MemFree:          568788 kB
MemAvailable:    1383612 kB
Buffers:           88768 kB
Cached:           751104 kB
MemTotal:        1844596 kB
MemFree:          568584 kB
MemAvailable:    1383408 kB
Buffers:           88768 kB
Cached:           751104 kB
MemTotal:        1844596 kB
MemFree:          568920 kB
MemAvailable:    1383744 kB
Buffers:           88768 kB
Cached:           751104 kB
MemTotal:        1844596 kB
MemFree:          568652 kB
MemAvailable:    1383476 kB
Buffers:           88768 kB
Cached:           751104 kB
MemTotal:        1844596 kB
MemFree:          568844 kB
MemAvailable:    1383668 kB
Buffers:           88768 kB
Cached:           751104 kB
MemTotal:        1844596 kB
MemFree:          568844 kB
MemAvailable:    1383668 kB
Buffers:           88768 kB
Cached:           751104 kB
MemTotal:        1844596 kB
MemFree:          568856 kB
MemAvailable:    1383680 kB
Buffers:           88768 kB
Cached:           751104 kB
MemTotal:        1844596 kB
MemFree:          567168 kB
MemAvailable:    1381992 kB
Buffers:           88768 kB
Cached:           751104 kB
MemTotal:        1844596 kB
MemFree:          564936 kB
MemAvailable:    1379760 kB
Buffers:           88768 kB
Cached:           751104 kB
MemTotal:        1844596 kB
MemFree:          562580 kB
MemAvailable:    1377404 kB
Buffers:           88768 kB
Cached:           751104 kB
MemTotal:        1844596 kB
MemFree:          559168 kB
MemAvailable:    1373992 kB
Buffers:           88768 kB
Cached:           751104 kB
MemTotal:        1844596 kB
MemFree:          555496 kB
MemAvailable:    1370320 kB
Buffers:           88768 kB
Cached:           751104 kB
MemTotal:        1844596 kB
MemFree:          555496 kB
MemAvailable:    1370320 kB
Buffers:           88768 kB
Cached:           751104 kB
MemTotal:        1844596 kB
MemFree:          551048 kB
MemAvailable:    1365872 kB
Buffers:           88768 kB
Cached:           751104 kB
MemTotal:        1844596 kB
MemFree:          549552 kB
MemAvailable:    1364376 kB
Buffers:           88768 kB
Cached:           751104 kB
MemTotal:        1844596 kB
MemFree:          549552 kB
MemAvailable:    1364376 kB
Buffers:           88768 kB
Cached:           751104 kB
MemTotal:        1844596 kB
MemFree:          549376 kB
MemAvailable:    1364200 kB
Buffers:           88768 kB
Cached:           751104 kB
MemTotal:        1844596 kB
MemFree:          549376 kB
MemAvailable:    1364200 kB
Buffers:           88768 kB
Cached:           751104 kB
MemTotal:        1844596 kB
MemFree:          549248 kB
MemAvailable:    1364072 kB
Buffers:           88768 kB
Cached:           751104 kB
MemTotal:        1844596 kB
MemFree:          549500 kB
MemAvailable:    1364324 kB
Buffers:           88768 kB
Cached:           751104 kB
MemTotal:        1844596 kB
MemFree:          547892 kB
MemAvailable:    1362716 kB
Buffers:           88768 kB
Cached:           751104 kB
MemTotal:        1844596 kB
MemFree:          548264 kB
MemAvailable:    1363088 kB
Buffers:           88768 kB
Cached:           751104 kB
MemTotal:        1844596 kB
MemFree:          549484 kB
MemAvailable:    1364308 kB
Buffers:           88768 kB
Cached:           751104 kB
MemTotal:        1844596 kB
MemFree:          549436 kB
MemAvailable:    1364260 kB
Buffers:           88768 kB
Cached:           751104 kB
MemTotal:        1844596 kB
MemFree:          548692 kB
MemAvailable:    1363516 kB
Buffers:           88768 kB
Cached:           751104 kB
MemTotal:        1844596 kB
MemFree:          549244 kB
MemAvailable:    1364068 kB
Buffers:           88768 kB
Cached:           751104 kB
MemTotal:        1844596 kB
MemFree:          549436 kB
MemAvailable:    1364260 kB
Buffers:           88768 kB
Cached:           751104 kB
MemTotal:        1844596 kB
MemFree:          548196 kB
MemAvailable:    1363020 kB
Buffers:           88768 kB
Cached:           751104 kB
MemTotal:        1844596 kB
MemFree:          549428 kB
MemAvailable:    1364252 kB
Buffers:           88768 kB
Cached:           751104 kB
MemTotal:        1844596 kB
MemFree:          548064 kB
MemAvailable:    1362888 kB
Buffers:           88768 kB
Cached:           751104 kB
MemTotal:        1844596 kB
MemFree:          549040 kB
MemAvailable:    1363864 kB
Buffers:           88768 kB
Cached:           751104 kB
MemTotal:        1844596 kB
MemFree:          549124 kB
MemAvailable:    1363948 kB
Buffers:           88768 kB
Cached:           751104 kB
MemTotal:        1844596 kB
MemFree:          548912 kB
MemAvailable:    1363736 kB
Buffers:           88768 kB
Cached:           751104 kB
MemTotal:        1844596 kB
MemFree:          549248 kB
MemAvailable:    1364072 kB
Buffers:           88768 kB
Cached:           751104 kB
MemTotal:        1844596 kB
MemFree:          547764 kB
MemAvailable:    1362588 kB
Buffers:           88768 kB
Cached:           751104 kB
MemTotal:        1844596 kB
MemFree:          547624 kB
MemAvailable:    1362448 kB
Buffers:           88768 kB
Cached:           751104 kB
MemTotal:        1844596 kB
MemFree:          549164 kB
MemAvailable:    1363988 kB
Buffers:           88768 kB
Cached:           751104 kB
MemTotal:        1844596 kB
MemFree:          548320 kB
MemAvailable:    1363144 kB
Buffers:           88768 kB
Cached:           751104 kB
MemTotal:        1844596 kB
MemFree:          549124 kB
MemAvailable:    1363948 kB
Buffers:           88768 kB
Cached:           751104 kB
MemTotal:        1844596 kB
MemFree:          547768 kB
MemAvailable:    1362592 kB
Buffers:           88768 kB
Cached:           751104 kB
MemTotal:        1844596 kB
MemFree:          547328 kB
MemAvailable:    1362152 kB
Buffers:           88768 kB
Cached:           751104 kB
MemTotal:        1844596 kB
MemFree:          541112 kB
MemAvailable:    1355936 kB
Buffers:           88768 kB
Cached:           751104 kB
MemTotal:        1844596 kB
MemFree:          541112 kB
MemAvailable:    1355936 kB
Buffers:           88768 kB
Cached:           751104 kB
MemTotal:        1844596 kB
MemFree:          539268 kB
MemAvailable:    1354092 kB
Buffers:           88768 kB
Cached:           751104 kB
MemTotal:        1844596 kB
MemFree:          537896 kB
MemAvailable:    1352720 kB
Buffers:           88768 kB
Cached:           751104 kB
MemTotal:        1844596 kB
MemFree:          538152 kB
MemAvailable:    1352976 kB
Buffers:           88768 kB
Cached:           751104 kB
MemTotal:        1844596 kB
MemFree:          539008 kB
MemAvailable:    1353832 kB
Buffers:           88768 kB
Cached:           751104 kB
MemTotal:        1844596 kB
MemFree:          538152 kB
MemAvailable:    1352976 kB
Buffers:           88768 kB
Cached:           751104 kB
MemTotal:        1844596 kB
MemFree:          538884 kB
MemAvailable:    1353708 kB
Buffers:           88768 kB
Cached:           751104 kB
MemTotal:        1844596 kB
MemFree:          539024 kB
MemAvailable:    1353848 kB
Buffers:           88768 kB
Cached:           751104 kB
MemTotal:        1844596 kB
MemFree:          538892 kB
MemAvailable:    1353716 kB
Buffers:           88768 kB
Cached:           751104 kB
MemTotal:        1844596 kB
MemFree:          537268 kB
MemAvailable:    1352092 kB
Buffers:           88768 kB
Cached:           751104 kB
MemTotal:        1844596 kB
MemFree:          537268 kB
MemAvailable:    1352092 kB
Buffers:           88768 kB
Cached:           751104 kB
MemTotal:        1844596 kB
MemFree:          537388 kB
MemAvailable:    1352212 kB
Buffers:           88768 kB
Cached:           751104 kB
MemTotal:        1844596 kB
MemFree:          535720 kB
MemAvailable:    1350628 kB
Buffers:           88768 kB
Cached:           751228 kB
MemTotal:        1844596 kB
MemFree:          536044 kB
MemAvailable:    1351036 kB
Buffers:           88768 kB
Cached:           751228 kB
MemTotal:        1844596 kB
MemFree:          536964 kB
MemAvailable:    1352044 kB
Buffers:           88768 kB
Cached:           751356 kB
MemTotal:        1844596 kB
MemFree:          536840 kB
MemAvailable:    1352004 kB
Buffers:           88768 kB
Cached:           751480 kB
MemTotal:        1844596 kB
MemFree:          535408 kB
MemAvailable:    1350572 kB
Buffers:           88768 kB
Cached:           751480 kB
MemTotal:        1844596 kB
MemFree:          536400 kB
MemAvailable:    1351816 kB
Buffers:           88768 kB
Cached:           751728 kB
MemTotal:        1844596 kB
MemFree:          536736 kB
MemAvailable:    1352152 kB
Buffers:           88768 kB
Cached:           751728 kB
MemTotal:        1844596 kB
MemFree:          536236 kB
MemAvailable:    1351652 kB
Buffers:           88768 kB
Cached:           751728 kB
MemTotal:        1844596 kB
MemFree:          536492 kB
MemAvailable:    1351908 kB
Buffers:           88768 kB
Cached:           751728 kB
MemTotal:        1844596 kB
MemFree:          536404 kB
MemAvailable:    1351904 kB
Buffers:           88768 kB
Cached:           751728 kB
MemTotal:        1844596 kB
MemFree:          535300 kB
MemAvailable:    1350800 kB
Buffers:           88768 kB
Cached:           751728 kB
MemTotal:        1844596 kB
MemFree:          536292 kB
MemAvailable:    1351796 kB
Buffers:           88768 kB
Cached:           751784 kB
MemTotal:        1844596 kB
MemFree:          536352 kB
MemAvailable:    1351856 kB
Buffers:           88768 kB
Cached:           751784 kB
MemTotal:        1844596 kB
MemFree:          535128 kB
MemAvailable:    1350632 kB
Buffers:           88768 kB
Cached:           751784 kB
MemTotal:        1844596 kB
MemFree:          536304 kB
MemAvailable:    1351892 kB
Buffers:           88768 kB
Cached:           751908 kB
MemTotal:        1844596 kB
MemFree:          535128 kB
MemAvailable:    1350800 kB
Buffers:           88768 kB
Cached:           752032 kB
MemTotal:        1844596 kB
MemFree:          536612 kB
MemAvailable:    1351528 kB
Buffers:           88768 kB
Cached:           751192 kB
MemTotal:        1844596 kB
MemFree:          536276 kB
MemAvailable:    1351192 kB
Buffers:           88768 kB
Cached:           751192 kB
MemTotal:        1844596 kB
MemFree:          635816 kB
MemAvailable:    1450732 kB
Buffers:           88768 kB
Cached:           751192 kB
MemTotal:        1844596 kB
MemFree:          731244 kB
MemAvailable:    1546160 kB
Buffers:           88768 kB
Cached:           751192 kB
