MemTotal:        1844596 kB
MemFree:          273128 kB
MemAvailable:    1544908 kB
Buffers:          103088 kB
Cached:          1186240 kB
MemTotal:        1844596 kB
MemFree:          245740 kB
MemAvailable:    1517524 kB
Buffers:          103088 kB
Cached:          1186244 kB
MemTotal:        1844596 kB
MemFree:          245304 kB
MemAvailable:    1517088 kB
Buffers:          103088 kB
Cached:          1186244 kB
MemTotal:        1844596 kB
MemFree:          243384 kB
MemAvailable:    1515168 kB
Buffers:          103088 kB
Cached:          1186244 kB
MemTotal:        1844596 kB
MemFree:          241756 kB
MemAvailable:    1513540 kB
Buffers:          103088 kB
Cached:          1186244 kB
MemTotal:        1844596 kB
MemFree:          240532 kB
MemAvailable:    1512316 kB
Buffers:          103088 kB
Cached:          1186244 kB
MemTotal:        1844596 kB
MemFree:          241772 kB
MemAvailable:    1513556 kB
Buffers:          103088 kB
Cached:          1186244 kB
MemTotal:        1844596 kB
MemFree:          240408 kB
MemAvailable:    1512192 kB
Buffers:          103088 kB
Cached:          1186244 kB
MemTotal:        1844596 kB
MemFree:          238300 kB
MemAvailable:    1510084 kB
Buffers:          103088 kB
Cached:          1186244 kB
MemTotal:        1844596 kB
MemFree:          235656 kB
MemAvailable:    1507440 kB
Buffers:          103088 kB
Cached:          1186244 kB
MemTotal:        1844596 kB
MemFree:          231480 kB
MemAvailable:    1503264 kB
Buffers:          103088 kB
Cached:          1186244 kB
MemTotal:        1844596 kB
MemFree:          229232 kB
MemAvailable:    1501016 kB
Buffers:          103088 kB
Cached:          1186244 kB
MemTotal:        1844596 kB
MemFree:          233112 kB
MemAvailable:    1504896 kB
Buffers:          103088 kB
Cached:          1186244 kB
MemTotal:        1844596 kB
MemFree:          232356 kB
MemAvailable:    1504140 kB
Buffers:          103088 kB
Cached:          1186244 kB
MemTotal:        1844596 kB
MemFree:          232952 kB
MemAvailable:    1504736 kB
Buffers:          103088 kB
Cached:          1186244 kB
MemTotal:        1844596 kB
MemFree:          233288 kB
MemAvailable:    1505072 kB
Buffers:          103088 kB
Cached:          1186244 kB
MemTotal:        1844596 kB
MemFree:          231720 kB
MemAvailable:    1503504 kB
Buffers:          103088 kB
Cached:          1186244 kB
MemTotal:        1844596 kB
MemFree:          231968 kB
MemAvailable:    1503752 kB
Buffers:          103088 kB
Cached:          1186244 kB
MemTotal:        1844596 kB
MemFree:          232392 kB
MemAvailable:    1504176 kB
Buffers:          103088 kB
Cached:          1186244 kB
MemTotal:        1844596 kB
MemFree:          232224 kB
MemAvailable:    1504008 kB
Buffers:          103088 kB
Cached:          1186244 kB
MemTotal:        1844596 kB
MemFree:          231176 kB
MemAvailable:    1502960 kB
Buffers:          103088 kB
Cached:          1186244 kB
MemTotal:        1844596 kB
MemFree:          232476 kB
MemAvailable:    1504260 kB
Buffers:          103088 kB
Cached:          1186244 kB
MemTotal:        1844596 kB
MemFree:          231612 kB
MemAvailable:    1503396 kB
Buffers:          103088 kB
Cached:          1186244 kB
MemTotal:        1844596 kB
MemFree:          232332 kB
MemAvailable:    1504116 kB
Buffers:          103088 kB
Cached:          1186244 kB
MemTotal:        1844596 kB
MemFree:          232544 kB
MemAvailable:    1504328 kB
Buffers:          103088 kB
Cached:          1186244 kB
MemTotal:        1844596 kB
MemFree:          231728 kB
MemAvailable:    1503512 kB
Buffers:          103088 kB
Cached:          1186244 kB
MemTotal:        1844596 kB
MemFree:          230992 kB
MemAvailable:    1502776 kB
Buffers:          103088 kB
Cached:          1186244 kB
MemTotal:        1844596 kB
MemFree:          231464 kB
MemAvailable:    1503248 kB
Buffers:          103088 kB
Cached:          1186244 kB
MemTotal:        1844596 kB
MemFree:          231232 kB
MemAvailable:    1503016 kB
Buffers:          103088 kB
Cached:          1186244 kB
MemTotal:        1844596 kB
MemFree:          229936 kB
MemAvailable:    1501720 kB
Buffers:          103088 kB
Cached:          1186244 kB
MemTotal:        1844596 kB
MemFree:          230844 kB
MemAvailable:    1502628 kB
Buffers:          103088 kB
Cached:          1186244 kB
MemTotal:        1844596 kB
MemFree:          230240 kB
MemAvailable:    1502024 kB
Buffers:          103088 kB
Cached:          1186244 kB
MemTotal:        1844596 kB
MemFree:          230556 kB
MemAvailable:    1502340 kB
Buffers:          103088 kB
Cached:          1186244 kB
MemTotal:        1844596 kB
MemFree:          229000 kB
MemAvailable:    1500784 kB
Buffers:          103088 kB
Cached:          1186244 kB
MemTotal:        1844596 kB
MemFree:          230232 kB
MemAvailable:    1502016 kB
Buffers:          103088 kB
Cached:          1186244 kB
MemTotal:        1844596 kB
MemFree:          229852 kB
MemAvailable:    1501636 kB
Buffers:          103088 kB
Cached:          1186244 kB
MemTotal:        1844596 kB
MemFree:          230108 kB
MemAvailable:    1501892 kB
Buffers:          103088 kB
Cached:          1186244 kB
MemTotal:        1844596 kB
MemFree:          228740 kB
MemAvailable:    1500524 kB
Buffers:          103088 kB
Cached:          1186244 kB
MemTotal:        1844596 kB
MemFree:          228816 kB
MemAvailable:    1500600 kB
Buffers:          103088 kB
Cached:          1186244 kB
MemTotal:        1844596 kB
MemFree:          229992 kB
MemAvailable:    1501776 kB
Buffers:          103088 kB
Cached:          1186244 kB
MemTotal:        1844596 kB
MemFree:          229380 kB
MemAvailable:    1501164 kB
Buffers:          103088 kB
Cached:          1186244 kB
MemTotal:        1844596 kB
MemFree:          229356 kB
MemAvailable:    1501140 kB
Buffers:          103088 kB
Cached:          1186244 kB
MemTotal:        1844596 kB
MemFree:          229356 kB
MemAvailable:    1501140 kB
Buffers:          103088 kB
Cached:          1186244 kB
MemTotal:        1844596 kB
MemFree:          225156 kB
MemAvailable:    1496940 kB
Buffers:          103088 kB
Cached:          1186244 kB
MemTotal:        1844596 kB
MemFree:          224776 kB
MemAvailable:    1496560 kB
Buffers:          103088 kB
Cached:          1186244 kB
MemTotal:        1844596 kB
MemFree:          224296 kB
MemAvailable:    1496080 kB
Buffers:          103088 kB
Cached:          1186244 kB
MemTotal:        1844596 kB
MemFree:          224612 kB
MemAvailable:    1496396 kB
Buffers:          103088 kB
Cached:          1186244 kB
MemTotal:        1844596 kB
MemFree:          224668 kB
MemAvailable:    1496452 kB
Buffers:          103088 kB
Cached:          1186244 kB
MemTotal:        1844596 kB
MemFree:          224512 kB
MemAvailable:    1496296 kB
Buffers:          103088 kB
Cached:          1186244 kB
MemTotal:        1844596 kB
MemFree:          224596 kB
MemAvailable:    1496380 kB
Buffers:          103088 kB
Cached:          1186244 kB
MemTotal:        1844596 kB
MemFree:          223296 kB
MemAvailable:    1495080 kB
Buffers:          103088 kB
Cached:          1186244 kB
MemTotal:        1844596 kB
MemFree:          223164 kB
MemAvailable:    1494948 kB
Buffers:          103088 kB
Cached:          1186244 kB
MemTotal:        1844596 kB
MemFree:          223156 kB
MemAvailable:    1494940 kB
Buffers:          103088 kB
Cached:          1186244 kB
MemTotal:        1844596 kB
MemFree:          223156 kB
MemAvailable:    1494940 kB
Buffers:          103088 kB
Cached:          1186244 kB
MemTotal:        1844596 kB
MemFree:          223024 kB
MemAvailable:    1494808 kB
Buffers:          103088 kB
Cached:          1186244 kB
MemTotal:        1844596 kB
MemFree:          223296 kB
MemAvailable:    1495080 kB
Buffers:          103088 kB
Cached:          1186244 kB
MemTotal:        1844596 kB
MemFree:          223420 kB
MemAvailable:    1495208 kB
Buffers:          103088 kB
Cached:          1186248 kB
MemTotal:        1844596 kB
MemFree:          224272 kB
MemAvailable:    1496060 kB
Buffers:          103088 kB
Cached:          1186248 kB
MemTotal:        1844596 kB
MemFree:          224356 kB
MemAvailable:    1496144 kB
Buffers:          103088 kB
Cached:          1186248 kB
MemTotal:        1844596 kB
MemFree:          222992 kB
MemAvailable:    1494780 kB
Buffers:          103088 kB
Cached:          1186248 kB
MemTotal:        1844596 kB
MemFree:          220196 kB
MemAvailable:    1491984 kB
Buffers:          103088 kB
Cached:          1186248 kB
MemTotal:        1844596 kB
MemFree:          218520 kB
MemAvailable:    1490308 kB
Buffers:          103088 kB
Cached:          1186248 kB
MemTotal:        1844596 kB
MemFree:          218272 kB
MemAvailable:    1490060 kB
Buffers:          103088 kB
Cached:          1186248 kB
MemTotal:        1844596 kB
MemFree:          216848 kB
MemAvailable:    1488636 kB
Buffers:          103088 kB
Cached:          1186248 kB
MemTotal:        1844596 kB
MemFree:          217660 kB
MemAvailable:    1489448 kB
Buffers:          103088 kB
Cached:          1186248 kB
MemTotal:        1844596 kB
MemFree:          215608 kB
MemAvailable:    1487396 kB
Buffers:          103088 kB
Cached:          1186248 kB
MemTotal:        1844596 kB
MemFree:          216412 kB
MemAvailable:    1488200 kB
Buffers:          103088 kB
Cached:          1186248 kB
MemTotal:        1844596 kB
MemFree:          215468 kB
MemAvailable:    1487256 kB
Buffers:          103088 kB
Cached:          1186248 kB
MemTotal:        1844596 kB
MemFree:          215468 kB
MemAvailable:    1487256 kB
Buffers:          103088 kB
Cached:          1186248 kB
MemTotal:        1844596 kB
MemFree:          214188 kB
MemAvailable:    1485976 kB
Buffers:          103088 kB
Cached:          1186248 kB
MemTotal:        1844596 kB
MemFree:          215612 kB
MemAvailable:    1487400 kB
Buffers:          103088 kB
Cached:          1186248 kB
MemTotal:        1844596 kB
MemFree:          214616 kB
MemAvailable:    1486404 kB
Buffers:          103088 kB
Cached:          1186248 kB
MemTotal:        1844596 kB
MemFree:          215332 kB
MemAvailable:    1487120 kB
Buffers:          103088 kB
Cached:          1186248 kB
MemTotal:        1844596 kB
MemFree:          215332 kB
MemAvailable:    1487120 kB
Buffers:          103088 kB
Cached:          1186248 kB
MemTotal:        1844596 kB
MemFree:          215304 kB
MemAvailable:    1487092 kB
Buffers:          103088 kB
Cached:          1186248 kB
MemTotal:        1844596 kB
MemFree:          215292 kB
MemAvailable:    1487080 kB
Buffers:          103088 kB
Cached:          1186248 kB
MemTotal:        1844596 kB
MemFree:          215548 kB
MemAvailable:    1487336 kB
Buffers:          103088 kB
Cached:          1186248 kB
MemTotal:        1844596 kB
MemFree:          214052 kB
MemAvailable:    1485840 kB
Buffers:          103088 kB
Cached:          1186248 kB
MemTotal:        1844596 kB
MemFree:          215520 kB
MemAvailable:    1487308 kB
Buffers:          103088 kB
Cached:          1186248 kB
MemTotal:        1844596 kB
MemFree:          215388 kB
MemAvailable:    1487176 kB
Buffers:          103088 kB
Cached:          1186248 kB
MemTotal:        1844596 kB
MemFree:          214244 kB
MemAvailable:    1486032 kB
Buffers:          103088 kB
Cached:          1186248 kB
MemTotal:        1844596 kB
MemFree:          215228 kB
MemAvailable:    1487016 kB
Buffers:          103088 kB
Cached:          1186248 kB
MemTotal:        1844596 kB
MemFree:          214608 kB
MemAvailable:    1486396 kB
Buffers:          103088 kB
Cached:          1186248 kB
MemTotal:        1844596 kB
MemFree:          215360 kB
MemAvailable:    1487152 kB
Buffers:          103088 kB
Cached:          1186252 kB
MemTotal:        1844596 kB
MemFree:          214492 kB
MemAvailable:    1486284 kB
Buffers:          103088 kB
Cached:          1186252 kB
MemTotal:        1844596 kB
MemFree:          215052 kB
MemAvailable:    1486844 kB
Buffers:          103088 kB
Cached:          1186252 kB
MemTotal:        1844596 kB
MemFree:          215308 kB
MemAvailable:    1487100 kB
Buffers:          103088 kB
Cached:          1186252 kB
MemTotal:        1844596 kB
MemFree:          215052 kB
MemAvailable:    1486844 kB
Buffers:          103088 kB
Cached:          1186252 kB
MemTotal:        1844596 kB
MemFree:          213500 kB
MemAvailable:    1485292 kB
Buffers:          103088 kB
Cached:          1186252 kB
MemTotal:        1844596 kB
MemFree:          210400 kB
MemAvailable:    1482192 kB
Buffers:          103088 kB
Cached:          1186252 kB
MemTotal:        1844596 kB
MemFree:          209072 kB
MemAvailable:    1480864 kB
Buffers:          103088 kB
Cached:          1186252 kB
MemTotal:        1844596 kB
MemFree:          206432 kB
MemAvailable:    1478224 kB
Buffers:          103088 kB
Cached:          1186252 kB
MemTotal:        1844596 kB
MemFree:          206928 kB
MemAvailable:    1478724 kB
Buffers:          103088 kB
Cached:          1186256 kB
MemTotal:        1844596 kB
MemFree:          206940 kB
MemAvailable:    1478736 kB
Buffers:          103088 kB
Cached:          1186256 kB
MemTotal:        1844596 kB
MemFree:          206652 kB
MemAvailable:    1478448 kB
Buffers:          103088 kB
Cached:          1186256 kB
MemTotal:        1844596 kB
MemFree:          206820 kB
MemAvailable:    1478616 kB
Buffers:          103088 kB
Cached:          1186256 kB
MemTotal:        1844596 kB
MemFree:          205376 kB
MemAvailable:    1477172 kB
Buffers:          103088 kB
Cached:          1186256 kB
MemTotal:        1844596 kB
MemFree:          205440 kB
MemAvailable:    1477236 kB
Buffers:          103088 kB
Cached:          1186256 kB
MemTotal:        1844596 kB
MemFree:          206424 kB
MemAvailable:    1478220 kB
Buffers:          103088 kB
Cached:          1186256 kB
MemTotal:        1844596 kB
MemFree:          206424 kB
MemAvailable:    1478220 kB
Buffers:          103088 kB
Cached:          1186256 kB
MemTotal:        1844596 kB
MemFree:          205060 kB
MemAvailable:    1476856 kB
Buffers:          103088 kB
Cached:          1186256 kB
MemTotal:        1844596 kB
MemFree:          206368 kB
MemAvailable:    1478164 kB
Buffers:          103088 kB
Cached:          1186256 kB
MemTotal:        1844596 kB
MemFree:          206368 kB
MemAvailable:    1478164 kB
Buffers:          103088 kB
Cached:          1186256 kB
MemTotal:        1844596 kB
MemFree:          206404 kB
MemAvailable:    1478200 kB
Buffers:          103088 kB
Cached:          1186256 kB
MemTotal:        1844596 kB
MemFree:          206432 kB
MemAvailable:    1478228 kB
Buffers:          103088 kB
Cached:          1186256 kB
MemTotal:        1844596 kB
MemFree:          205172 kB
MemAvailable:    1476968 kB
Buffers:          103088 kB
Cached:          1186256 kB
MemTotal:        1844596 kB
MemFree:          205688 kB
MemAvailable:    1477484 kB
Buffers:          103088 kB
Cached:          1186256 kB
MemTotal:        1844596 kB
MemFree:          206740 kB
MemAvailable:    1478536 kB
Buffers:          103088 kB
Cached:          1186256 kB
MemTotal:        1844596 kB
MemFree:          205572 kB
MemAvailable:    1477368 kB
Buffers:          103088 kB
Cached:          1186256 kB
MemTotal:        1844596 kB
MemFree:          206300 kB
MemAvailable:    1478096 kB
Buffers:          103088 kB
Cached:          1186256 kB
MemTotal:        1844596 kB
MemFree:          206556 kB
MemAvailable:    1478352 kB
Buffers:          103088 kB
Cached:          1186256 kB
MemTotal:        1844596 kB
MemFree:          206168 kB
MemAvailable:    1477964 kB
Buffers:          103088 kB
Cached:          1186256 kB
MemTotal:        1844596 kB
MemFree:          206504 kB
MemAvailable:    1478300 kB
Buffers:          103088 kB
Cached:          1186256 kB
MemTotal:        1844596 kB
MemFree:          205144 kB
MemAvailable:    1476940 kB
Buffers:          103088 kB
Cached:          1186256 kB
MemTotal:        1844596 kB
MemFree:          206424 kB
MemAvailable:    1478220 kB
Buffers:          103088 kB
Cached:          1186256 kB
MemTotal:        1844596 kB
MemFree:          206676 kB
MemAvailable:    1478472 kB
Buffers:          103088 kB
Cached:          1186256 kB
MemTotal:        1844596 kB
MemFree:          206244 kB
MemAvailable:    1478040 kB
Buffers:          103088 kB
Cached:          1186256 kB
MemTotal:        1844596 kB
MemFree:          206580 kB
MemAvailable:    1478376 kB
Buffers:          103088 kB
Cached:          1186256 kB
MemTotal:        1844596 kB
MemFree:          206480 kB
MemAvailable:    1478276 kB
Buffers:          103088 kB
Cached:          1186256 kB
MemTotal:        1844596 kB
MemFree:          206308 kB
MemAvailable:    1478104 kB
Buffers:          103088 kB
Cached:          1186256 kB
MemTotal:        1844596 kB
MemFree:          205132 kB
MemAvailable:    1476928 kB
Buffers:          103088 kB
Cached:          1186256 kB
MemTotal:        1844596 kB
MemFree:          206532 kB
MemAvailable:    1478328 kB
Buffers:          103088 kB
Cached:          1186256 kB
MemTotal:        1844596 kB
MemFree:          206588 kB
MemAvailable:    1478384 kB
Buffers:          103088 kB
Cached:          1186256 kB
MemTotal:        1844596 kB
MemFree:          205688 kB
MemAvailable:    1477484 kB
Buffers:          103088 kB
Cached:          1186256 kB
MemTotal:        1844596 kB
MemFree:          206680 kB
MemAvailable:    1478476 kB
Buffers:          103088 kB
Cached:          1186256 kB
MemTotal:        1844596 kB
MemFree:          206652 kB
MemAvailable:    1478448 kB
Buffers:          103088 kB
Cached:          1186256 kB
MemTotal:        1844596 kB
MemFree:          205564 kB
MemAvailable:    1477360 kB
Buffers:          103088 kB
Cached:          1186256 kB
MemTotal:        1844596 kB
MemFree:          206344 kB
MemAvailable:    1478140 kB
Buffers:          103088 kB
Cached:          1186256 kB
MemTotal:        1844596 kB
MemFree:          206316 kB
MemAvailable:    1478112 kB
Buffers:          103088 kB
Cached:          1186256 kB
MemTotal:        1844596 kB
MemFree:          205144 kB
MemAvailable:    1476940 kB
Buffers:          103088 kB
Cached:          1186256 kB
MemTotal:        1844596 kB
MemFree:          205268 kB
MemAvailable:    1477064 kB
Buffers:          103088 kB
Cached:          1186256 kB
MemTotal:        1844596 kB
MemFree:          200836 kB
MemAvailable:    1472632 kB
Buffers:          103088 kB
Cached:          1186256 kB
MemTotal:        1844596 kB
MemFree:          200920 kB
MemAvailable:    1472716 kB
Buffers:          103088 kB
Cached:          1186256 kB
MemTotal:        1844596 kB
MemFree:          196132 kB
MemAvailable:    1467928 kB
Buffers:          103088 kB
Cached:          1186256 kB
MemTotal:        1844596 kB
MemFree:          195652 kB
MemAvailable:    1467448 kB
Buffers:          103088 kB
Cached:          1186256 kB
MemTotal:        1844596 kB
MemFree:          195884 kB
MemAvailable:    1467680 kB
Buffers:          103088 kB
Cached:          1186256 kB
MemTotal:        1844596 kB
MemFree:          194512 kB
MemAvailable:    1466308 kB
Buffers:          103088 kB
Cached:          1186256 kB
MemTotal:        1844596 kB
MemFree:          195620 kB
MemAvailable:    1467416 kB
Buffers:          103088 kB
Cached:          1186256 kB
MemTotal:        1844596 kB
MemFree:          195876 kB
MemAvailable:    1467672 kB
Buffers:          103088 kB
Cached:          1186256 kB
MemTotal:        1844596 kB
MemFree:          194628 kB
MemAvailable:    1466424 kB
Buffers:          103088 kB
Cached:          1186256 kB
MemTotal:        1844596 kB
MemFree:          194504 kB
MemAvailable:    1466300 kB
Buffers:          103088 kB
Cached:          1186256 kB
MemTotal:        1844596 kB
MemFree:          194900 kB
MemAvailable:    1466696 kB
Buffers:          103088 kB
Cached:          1186256 kB
MemTotal:        1844596 kB
MemFree:          195632 kB
MemAvailable:    1467428 kB
Buffers:          103088 kB
Cached:          1186256 kB
MemTotal:        1844596 kB
MemFree:          194260 kB
MemAvailable:    1466056 kB
Buffers:          103088 kB
Cached:          1186256 kB
MemTotal:        1844596 kB
MemFree:          194632 kB
MemAvailable:    1466428 kB
Buffers:          103088 kB
Cached:          1186256 kB
MemTotal:        1844596 kB
MemFree:          195624 kB
MemAvailable:    1467420 kB
Buffers:          103088 kB
Cached:          1186256 kB
MemTotal:        1844596 kB
MemFree:          194900 kB
MemAvailable:    1466696 kB
Buffers:          103088 kB
Cached:          1186256 kB
MemTotal:        1844596 kB
MemFree:          195644 kB
MemAvailable:    1467440 kB
Buffers:          103088 kB
Cached:          1186256 kB
MemTotal:        1844596 kB
MemFree:          195520 kB
MemAvailable:    1467316 kB
Buffers:          103088 kB
Cached:          1186256 kB
MemTotal:        1844596 kB
MemFree:          194344 kB
MemAvailable:    1466140 kB
Buffers:          103088 kB
Cached:          1186256 kB
MemTotal:        1844596 kB
MemFree:          195688 kB
MemAvailable:    1467484 kB
Buffers:          103088 kB
Cached:          1186256 kB
MemTotal:        1844596 kB
MemFree:          194900 kB
MemAvailable:    1466696 kB
Buffers:          103088 kB
Cached:          1186256 kB
MemTotal:        1844596 kB
MemFree:          195752 kB
MemAvailable:    1467552 kB
Buffers:          103088 kB
Cached:          1186260 kB
MemTotal:        1844596 kB
MemFree:          195752 kB
MemAvailable:    1467552 kB
Buffers:          103088 kB
Cached:          1186260 kB
MemTotal:        1844596 kB
MemFree:          194216 kB
MemAvailable:    1466016 kB
Buffers:          103088 kB
Cached:          1186260 kB
MemTotal:        1844596 kB
MemFree:          195024 kB
MemAvailable:    1466824 kB
Buffers:          103088 kB
Cached:          1186260 kB
MemTotal:        1844596 kB
MemFree:          195368 kB
MemAvailable:    1467168 kB
Buffers:          103088 kB
Cached:          1186260 kB
MemTotal:        1844596 kB
MemFree:          195704 kB
MemAvailable:    1467504 kB
Buffers:          103088 kB
Cached:          1186260 kB
MemTotal:        1844596 kB
MemFree:          194512 kB
MemAvailable:    1466312 kB
Buffers:          103088 kB
Cached:          1186260 kB
MemTotal:        1844596 kB
MemFree:          195580 kB
MemAvailable:    1467380 kB
Buffers:          103088 kB
Cached:          1186260 kB
MemTotal:        1844596 kB
MemFree:          195436 kB
MemAvailable:    1467236 kB
Buffers:          103088 kB
Cached:          1186260 kB
MemTotal:        1844596 kB
MemFree:          195436 kB
MemAvailable:    1467236 kB
Buffers:          103088 kB
Cached:          1186260 kB
MemTotal:        1844596 kB
MemFree:          194140 kB
MemAvailable:    1465940 kB
Buffers:          103088 kB
Cached:          1186260 kB
MemTotal:        1844596 kB
MemFree:          195632 kB
MemAvailable:    1467432 kB
Buffers:          103088 kB
Cached:          1186260 kB
MemTotal:        1844596 kB
MemFree:          194272 kB
MemAvailable:    1466072 kB
Buffers:          103088 kB
Cached:          1186260 kB
MemTotal:        1844596 kB
MemFree:          194396 kB
MemAvailable:    1466200 kB
Buffers:          103088 kB
Cached:          1186264 kB
MemTotal:        1844596 kB
MemFree:          194480 kB
MemAvailable:    1466284 kB
Buffers:          103088 kB
Cached:          1186264 kB
MemTotal:        1844596 kB
MemFree:          195676 kB
MemAvailable:    1467480 kB
Buffers:          103088 kB
Cached:          1186264 kB
MemTotal:        1844596 kB
MemFree:          194768 kB
MemAvailable:    1466572 kB
Buffers:          103088 kB
Cached:          1186264 kB
MemTotal:        1844596 kB
MemFree:          195368 kB
MemAvailable:    1467172 kB
Buffers:          103088 kB
Cached:          1186264 kB
MemTotal:        1844596 kB
MemFree:          195704 kB
MemAvailable:    1467508 kB
Buffers:          103088 kB
Cached:          1186264 kB
MemTotal:        1844596 kB
MemFree:          195620 kB
MemAvailable:    1467424 kB
Buffers:          103088 kB
Cached:          1186264 kB
MemTotal:        1844596 kB
MemFree:          194776 kB
MemAvailable:    1466580 kB
Buffers:          103088 kB
Cached:          1186264 kB
MemTotal:        1844596 kB
MemFree:          195452 kB
MemAvailable:    1467256 kB
Buffers:          103088 kB
Cached:          1186264 kB
MemTotal:        1844596 kB
MemFree:          195452 kB
MemAvailable:    1467256 kB
Buffers:          103088 kB
Cached:          1186264 kB
MemTotal:        1844596 kB
MemFree:          194224 kB
MemAvailable:    1466028 kB
Buffers:          103088 kB
Cached:          1186264 kB
MemTotal:        1844596 kB
MemFree:          194776 kB
MemAvailable:    1466580 kB
Buffers:          103088 kB
Cached:          1186264 kB
MemTotal:        1844596 kB
MemFree:          195760 kB
MemAvailable:    1467564 kB
Buffers:          103088 kB
Cached:          1186264 kB
MemTotal:        1844596 kB
MemFree:          195720 kB
MemAvailable:    1467524 kB
Buffers:          103088 kB
Cached:          1186264 kB
MemTotal:        1844596 kB
MemFree:          194660 kB
MemAvailable:    1466464 kB
Buffers:          103088 kB
Cached:          1186264 kB
MemTotal:        1844596 kB
MemFree:          195256 kB
MemAvailable:    1467060 kB
Buffers:          103088 kB
Cached:          1186264 kB
MemTotal:        1844596 kB
MemFree:          194900 kB
MemAvailable:    1466704 kB
Buffers:          103088 kB
Cached:          1186264 kB
MemTotal:        1844596 kB
MemFree:          195380 kB
MemAvailable:    1467188 kB
Buffers:          103088 kB
Cached:          1186268 kB
MemTotal:        1844596 kB
MemFree:          195380 kB
MemAvailable:    1467188 kB
Buffers:          103088 kB
Cached:          1186268 kB
MemTotal:        1844596 kB
MemFree:          195248 kB
MemAvailable:    1467056 kB
Buffers:          103088 kB
Cached:          1186268 kB
MemTotal:        1844596 kB
MemFree:          194612 kB
MemAvailable:    1466420 kB
Buffers:          103088 kB
Cached:          1186268 kB
MemTotal:        1844596 kB
MemFree:          194612 kB
MemAvailable:    1466420 kB
Buffers:          103088 kB
Cached:          1186268 kB
MemTotal:        1844596 kB
MemFree:          194672 kB
MemAvailable:    1466480 kB
Buffers:          103088 kB
Cached:          1186268 kB
MemTotal:        1844596 kB
MemFree:          193232 kB
MemAvailable:    1465040 kB
Buffers:          103088 kB
Cached:          1186268 kB
MemTotal:        1844596 kB
MemFree:          193108 kB
MemAvailable:    1464916 kB
Buffers:          103088 kB
Cached:          1186268 kB
MemTotal:        1844596 kB
MemFree:          194208 kB
MemAvailable:    1466016 kB
Buffers:          103088 kB
Cached:          1186268 kB
MemTotal:        1844596 kB
MemFree:          194372 kB
MemAvailable:    1466180 kB
Buffers:          103088 kB
Cached:          1186268 kB
MemTotal:        1844596 kB
MemFree:          194296 kB
MemAvailable:    1466104 kB
Buffers:          103088 kB
Cached:          1186268 kB
MemTotal:        1844596 kB
MemFree:          192988 kB
MemAvailable:    1464796 kB
Buffers:          103088 kB
Cached:          1186268 kB
MemTotal:        1844596 kB
MemFree:          194248 kB
MemAvailable:    1466056 kB
Buffers:          103088 kB
Cached:          1186268 kB
MemTotal:        1844596 kB
MemFree:          193072 kB
MemAvailable:    1464880 kB
Buffers:          103088 kB
Cached:          1186268 kB
MemTotal:        1844596 kB
MemFree:          194372 kB
MemAvailable:    1466180 kB
Buffers:          103088 kB
Cached:          1186268 kB
MemTotal:        1844596 kB
MemFree:          193132 kB
MemAvailable:    1464940 kB
Buffers:          103088 kB
Cached:          1186268 kB
MemTotal:        1844596 kB
MemFree:          193724 kB
MemAvailable:    1465532 kB
Buffers:          103088 kB
Cached:          1186268 kB
MemTotal:        1844596 kB
MemFree:          194060 kB
MemAvailable:    1465868 kB
Buffers:          103088 kB
Cached:          1186268 kB
MemTotal:        1844596 kB
MemFree:          193876 kB
MemAvailable:    1465684 kB
Buffers:          103088 kB
Cached:          1186268 kB
MemTotal:        1844596 kB
MemFree:          192712 kB
MemAvailable:    1464520 kB
Buffers:          103088 kB
Cached:          1186268 kB
MemTotal:        1844596 kB
MemFree:          192712 kB
MemAvailable:    1464520 kB
Buffers:          103088 kB
Cached:          1186268 kB
MemTotal:        1844596 kB
MemFree:          193880 kB
MemAvailable:    1465688 kB
Buffers:          103088 kB
Cached:          1186268 kB
MemTotal:        1844596 kB
MemFree:          194072 kB
MemAvailable:    1465880 kB
Buffers:          103088 kB
Cached:          1186268 kB
MemTotal:        1844596 kB
MemFree:          193700 kB
MemAvailable:    1465508 kB
Buffers:          103088 kB
Cached:          1186268 kB
MemTotal:        1844596 kB
MemFree:          194036 kB
MemAvailable:    1465844 kB
Buffers:          103088 kB
Cached:          1186268 kB
MemTotal:        1844596 kB
MemFree:          192496 kB
MemAvailable:    1464304 kB
Buffers:          103088 kB
Cached:          1186268 kB
MemTotal:        1844596 kB
MemFree:          193796 kB
MemAvailable:    1465604 kB
Buffers:          103088 kB
Cached:          1186268 kB
MemTotal:        1844596 kB
MemFree:          193548 kB
MemAvailable:    1465356 kB
Buffers:          103088 kB
Cached:          1186268 kB
MemTotal:        1844596 kB
MemFree:          193000 kB
MemAvailable:    1464808 kB
Buffers:          103088 kB
Cached:          1186268 kB
MemTotal:        1844596 kB
MemFree:          189536 kB
MemAvailable:    1461344 kB
Buffers:          103088 kB
Cached:          1186268 kB
MemTotal:        1844596 kB
MemFree:          186496 kB
MemAvailable:    1458304 kB
Buffers:          103088 kB
Cached:          1186268 kB
MemTotal:        1844596 kB
MemFree:          183592 kB
MemAvailable:    1455400 kB
Buffers:          103088 kB
Cached:          1186268 kB
MemTotal:        1844596 kB
MemFree:          183072 kB
MemAvailable:    1454880 kB
Buffers:          103088 kB
Cached:          1186268 kB
MemTotal:        1844596 kB
MemFree:          183036 kB
MemAvailable:    1454844 kB
Buffers:          103088 kB
Cached:          1186268 kB
MemTotal:        1844596 kB
MemFree:          182768 kB
MemAvailable:    1454576 kB
Buffers:          103088 kB
Cached:          1186268 kB
MemTotal:        1844596 kB
MemFree:          181476 kB
MemAvailable:    1453284 kB
Buffers:          103088 kB
Cached:          1186268 kB
MemTotal:        1844596 kB
MemFree:          181956 kB
MemAvailable:    1453764 kB
Buffers:          103088 kB
Cached:          1186268 kB
MemTotal:        1844596 kB
MemFree:          182292 kB
MemAvailable:    1454100 kB
Buffers:          103088 kB
Cached:          1186268 kB
MemTotal:        1844596 kB
MemFree:          179848 kB
MemAvailable:    1451656 kB
Buffers:          103088 kB
Cached:          1186268 kB
MemTotal:        1844596 kB
MemFree:          179188 kB
MemAvailable:    1450996 kB
Buffers:          103088 kB
Cached:          1186268 kB
MemTotal:        1844596 kB
MemFree:          179120 kB
MemAvailable:    1450928 kB
Buffers:          103088 kB
Cached:          1186268 kB
MemTotal:        1844596 kB
MemFree:          178996 kB
MemAvailable:    1450804 kB
Buffers:          103088 kB
Cached:          1186268 kB
MemTotal:        1844596 kB
MemFree:          177592 kB
MemAvailable:    1449400 kB
Buffers:          103088 kB
Cached:          1186268 kB
MemTotal:        1844596 kB
MemFree:          178636 kB
MemAvailable:    1450444 kB
Buffers:          103088 kB
Cached:          1186268 kB
MemTotal:        1844596 kB
MemFree:          177460 kB
MemAvailable:    1449268 kB
Buffers:          103088 kB
Cached:          1186268 kB
MemTotal:        1844596 kB
MemFree:          177460 kB
MemAvailable:    1449268 kB
Buffers:          103088 kB
Cached:          1186268 kB
MemTotal:        1844596 kB
MemFree:          178752 kB
MemAvailable:    1450560 kB
Buffers:          103088 kB
Cached:          1186268 kB
MemTotal:        1844596 kB
MemFree:          177764 kB
MemAvailable:    1449572 kB
Buffers:          103088 kB
Cached:          1186268 kB
MemTotal:        1844596 kB
MemFree:          178692 kB
MemAvailable:    1450500 kB
Buffers:          103088 kB
Cached:          1186268 kB
MemTotal:        1844596 kB
MemFree:          178944 kB
MemAvailable:    1450752 kB
Buffers:          103088 kB
Cached:          1186268 kB
MemTotal:        1844596 kB
MemFree:          177452 kB
MemAvailable:    1449260 kB
Buffers:          103088 kB
Cached:          1186268 kB
MemTotal:        1844596 kB
MemFree:          178752 kB
MemAvailable:    1450560 kB
Buffers:          103088 kB
Cached:          1186268 kB
MemTotal:        1844596 kB
MemFree:          178012 kB
MemAvailable:    1449820 kB
Buffers:          103088 kB
Cached:          1186268 kB
MemTotal:        1844596 kB
MemFree:          178732 kB
MemAvailable:    1450548 kB
Buffers:          103088 kB
Cached:          1186276 kB
MemTotal:        1844596 kB
MemFree:          178816 kB
MemAvailable:    1450632 kB
Buffers:          103088 kB
Cached:          1186276 kB
MemTotal:        1844596 kB
MemFree:          177452 kB
MemAvailable:    1449268 kB
Buffers:          103088 kB
Cached:          1186276 kB
MemTotal:        1844596 kB
MemFree:          178500 kB
MemAvailable:    1450316 kB
Buffers:          103088 kB
Cached:          1186276 kB
MemTotal:        1844596 kB
MemFree:          178128 kB
MemAvailable:    1449944 kB
Buffers:          103088 kB
Cached:          1186276 kB
MemTotal:        1844596 kB
MemFree:          176772 kB
MemAvailable:    1448588 kB
Buffers:          103088 kB
Cached:          1186276 kB
MemTotal:        1844596 kB
MemFree:          177136 kB
MemAvailable:    1448952 kB
Buffers:          103088 kB
Cached:          1186276 kB
MemTotal:        1844596 kB
MemFree:          176940 kB
MemAvailable:    1448756 kB
Buffers:          103088 kB
Cached:          1186276 kB
MemTotal:        1844596 kB
MemFree:          175764 kB
MemAvailable:    1447580 kB
Buffers:          103088 kB
Cached:          1186276 kB
MemTotal:        1844596 kB
MemFree:          175764 kB
MemAvailable:    1447580 kB
Buffers:          103088 kB
Cached:          1186276 kB
MemTotal:        1844596 kB
MemFree:          176352 kB
MemAvailable:    1448168 kB
Buffers:          103088 kB
Cached:          1186276 kB
MemTotal:        1844596 kB
MemFree:          175028 kB
MemAvailable:    1446844 kB
Buffers:          103088 kB
Cached:          1186276 kB
MemTotal:        1844596 kB
MemFree:          175384 kB
MemAvailable:    1447200 kB
Buffers:          103088 kB
Cached:          1186276 kB
MemTotal:        1844596 kB
MemFree:          175720 kB
MemAvailable:    1447536 kB
Buffers:          103088 kB
Cached:          1186276 kB
MemTotal:        1844596 kB
MemFree:          174152 kB
MemAvailable:    1445968 kB
Buffers:          103088 kB
Cached:          1186276 kB
MemTotal:        1844596 kB
MemFree:          175620 kB
MemAvailable:    1447436 kB
Buffers:          103088 kB
Cached:          1186276 kB
MemTotal:        1844596 kB
MemFree:          173788 kB
MemAvailable:    1445604 kB
Buffers:          103088 kB
Cached:          1186276 kB
MemTotal:        1844596 kB
MemFree:          174684 kB
MemAvailable:    1446500 kB
Buffers:          103088 kB
Cached:          1186276 kB
MemTotal:        1844596 kB
MemFree:          174684 kB
MemAvailable:    1446500 kB
Buffers:          103088 kB
Cached:          1186276 kB
MemTotal:        1844596 kB
MemFree:          174628 kB
MemAvailable:    1446444 kB
Buffers:          103088 kB
Cached:          1186276 kB
MemTotal:        1844596 kB
MemFree:          174036 kB
MemAvailable:    1445852 kB
Buffers:          103088 kB
Cached:          1186276 kB
MemTotal:        1844596 kB
MemFree:          173404 kB
MemAvailable:    1445220 kB
Buffers:          103088 kB
Cached:          1186276 kB
MemTotal:        1844596 kB
MemFree:          173272 kB
MemAvailable:    1445088 kB
Buffers:          103088 kB
Cached:          1186276 kB
MemTotal:        1844596 kB
MemFree:          174512 kB
MemAvailable:    1446328 kB
Buffers:          103088 kB
Cached:          1186276 kB
MemTotal:        1844596 kB
MemFree:          173396 kB
MemAvailable:    1445212 kB
Buffers:          103088 kB
Cached:          1186276 kB
MemTotal:        1844596 kB
MemFree:          174696 kB
MemAvailable:    1446512 kB
Buffers:          103088 kB
Cached:          1186276 kB
MemTotal:        1844596 kB
MemFree:          173920 kB
MemAvailable:    1445736 kB
Buffers:          103088 kB
Cached:          1186276 kB
MemTotal:        1844596 kB
MemFree:          174344 kB
MemAvailable:    1446160 kB
Buffers:          103088 kB
Cached:          1186276 kB
MemTotal:        1844596 kB
MemFree:          174680 kB
MemAvailable:    1446496 kB
Buffers:          103088 kB
Cached:          1186276 kB
MemTotal:        1844596 kB
MemFree:          174352 kB
MemAvailable:    1446168 kB
Buffers:          103088 kB
Cached:          1186276 kB
MemTotal:        1844596 kB
MemFree:          174352 kB
MemAvailable:    1446168 kB
Buffers:          103088 kB
Cached:          1186276 kB
MemTotal:        1844596 kB
MemFree:          174536 kB
MemAvailable:    1446352 kB
Buffers:          103088 kB
Cached:          1186276 kB
MemTotal:        1844596 kB
MemFree:          174448 kB
MemAvailable:    1446264 kB
Buffers:          103088 kB
Cached:          1186276 kB
MemTotal:        1844596 kB
MemFree:          174400 kB
MemAvailable:    1446216 kB
Buffers:          103088 kB
Cached:          1186276 kB
MemTotal:        1844596 kB
MemFree:          174196 kB
MemAvailable:    1446012 kB
Buffers:          103088 kB
Cached:          1186276 kB
MemTotal:        1844596 kB
MemFree:          174448 kB
MemAvailable:    1446264 kB
Buffers:          103088 kB
Cached:          1186276 kB
MemTotal:        1844596 kB
MemFree:          173156 kB
MemAvailable:    1444972 kB
Buffers:          103088 kB
Cached:          1186276 kB
MemTotal:        1844596 kB
MemFree:          174348 kB
MemAvailable:    1446164 kB
Buffers:          103088 kB
Cached:          1186276 kB
MemTotal:        1844596 kB
MemFree:          173144 kB
MemAvailable:    1444960 kB
Buffers:          103088 kB
Cached:          1186276 kB
MemTotal:        1844596 kB
MemFree:          173268 kB
MemAvailable:    1445084 kB
Buffers:          103088 kB
Cached:          1186276 kB
MemTotal:        1844596 kB
MemFree:          174500 kB
MemAvailable:    1446316 kB
Buffers:          103088 kB
Cached:          1186276 kB
MemTotal:        1844596 kB
MemFree:          174408 kB
MemAvailable:    1446224 kB
Buffers:          103088 kB
Cached:          1186276 kB
MemTotal:        1844596 kB
MemFree:          174296 kB
MemAvailable:    1446112 kB
Buffers:          103088 kB
Cached:          1186276 kB
MemTotal:        1844596 kB
MemFree:          172176 kB
MemAvailable:    1443992 kB
Buffers:          103088 kB
Cached:          1186276 kB
MemTotal:        1844596 kB
MemFree:          171920 kB
MemAvailable:    1443736 kB
Buffers:          103088 kB
Cached:          1186276 kB
MemTotal:        1844596 kB
MemFree:          173104 kB
MemAvailable:    1444920 kB
Buffers:          103088 kB
Cached:          1186276 kB
MemTotal:        1844596 kB
MemFree:          171928 kB
MemAvailable:    1443744 kB
Buffers:          103088 kB
Cached:          1186276 kB
MemTotal:        1844596 kB
MemFree:          171236 kB
MemAvailable:    1443052 kB
Buffers:          103088 kB
Cached:          1186276 kB
MemTotal:        1844596 kB
MemFree:          169060 kB
MemAvailable:    1440876 kB
Buffers:          103088 kB
Cached:          1186276 kB
MemTotal:        1844596 kB
MemFree:          166836 kB
MemAvailable:    1438652 kB
Buffers:          103088 kB
Cached:          1186276 kB
MemTotal:        1844596 kB
MemFree:          164860 kB
MemAvailable:    1436676 kB
Buffers:          103088 kB
Cached:          1186276 kB
MemTotal:        1844596 kB
MemFree:          160760 kB
MemAvailable:    1432576 kB
Buffers:          103088 kB
Cached:          1186276 kB
MemTotal:        1844596 kB
MemFree:          160844 kB
MemAvailable:    1432660 kB
Buffers:          103088 kB
Cached:          1186276 kB
MemTotal:        1844596 kB
MemFree:          156040 kB
MemAvailable:    1427856 kB
Buffers:          103088 kB
Cached:          1186276 kB
MemTotal:        1844596 kB
MemFree:          155932 kB
MemAvailable:    1427748 kB
Buffers:          103088 kB
Cached:          1186276 kB
MemTotal:        1844596 kB
MemFree:          155864 kB
MemAvailable:    1427680 kB
Buffers:          103088 kB
Cached:          1186276 kB
MemTotal:        1844596 kB
MemFree:          155864 kB
MemAvailable:    1427680 kB
Buffers:          103088 kB
Cached:          1186276 kB
MemTotal:        1844596 kB
MemFree:          154636 kB
MemAvailable:    1426452 kB
Buffers:          103088 kB
Cached:          1186276 kB
MemTotal:        1844596 kB
MemFree:          155936 kB
MemAvailable:    1427752 kB
Buffers:          103088 kB
Cached:          1186276 kB
MemTotal:        1844596 kB
MemFree:          154816 kB
MemAvailable:    1426632 kB
Buffers:          103088 kB
Cached:          1186276 kB
MemTotal:        1844596 kB
MemFree:          155756 kB
MemAvailable:    1427572 kB
Buffers:          103088 kB
Cached:          1186276 kB
MemTotal:        1844596 kB
MemFree:          155728 kB
MemAvailable:    1427544 kB
Buffers:          103088 kB
Cached:          1186276 kB
MemTotal:        1844596 kB
MemFree:          155072 kB
MemAvailable:    1426888 kB
Buffers:          103088 kB
Cached:          1186276 kB
MemTotal:        1844596 kB
MemFree:          155744 kB
MemAvailable:    1427560 kB
Buffers:          103088 kB
Cached:          1186276 kB
MemTotal:        1844596 kB
MemFree:          155828 kB
MemAvailable:    1427644 kB
Buffers:          103088 kB
Cached:          1186276 kB
MemTotal:        1844596 kB
MemFree:          155544 kB
MemAvailable:    1427360 kB
Buffers:          103088 kB
Cached:          1186276 kB
MemTotal:        1844596 kB
MemFree:          155628 kB
MemAvailable:    1427444 kB
Buffers:          103088 kB
Cached:          1186276 kB
MemTotal:        1844596 kB
MemFree:          155248 kB
MemAvailable:    1427064 kB
Buffers:          103088 kB
Cached:          1186276 kB
MemTotal:        1844596 kB
MemFree:          154792 kB
MemAvailable:    1426608 kB
Buffers:          103088 kB
Cached:          1186276 kB
MemTotal:        1844596 kB
MemFree:          154816 kB
MemAvailable:    1426632 kB
Buffers:          103088 kB
Cached:          1186276 kB
MemTotal:        1844596 kB
MemFree:          154988 kB
MemAvailable:    1426804 kB
Buffers:          103088 kB
Cached:          1186276 kB
MemTotal:        1844596 kB
MemFree:          154816 kB
MemAvailable:    1426632 kB
Buffers:          103088 kB
Cached:          1186276 kB
MemTotal:        1844596 kB
MemFree:          154936 kB
MemAvailable:    1426752 kB
Buffers:          103088 kB
Cached:          1186276 kB
MemTotal:        1844596 kB
MemFree:          154732 kB
MemAvailable:    1426548 kB
Buffers:          103088 kB
Cached:          1186276 kB
MemTotal:        1844596 kB
MemFree:          154984 kB
MemAvailable:    1426800 kB
Buffers:          103088 kB
Cached:          1186276 kB
MemTotal:        1844596 kB
MemFree:          154864 kB
MemAvailable:    1426680 kB
Buffers:          103088 kB
Cached:          1186276 kB
MemTotal:        1844596 kB
MemFree:          153556 kB
MemAvailable:    1425372 kB
Buffers:          103088 kB
Cached:          1186276 kB
MemTotal:        1844596 kB
MemFree:          154800 kB
MemAvailable:    1426616 kB
Buffers:          103088 kB
Cached:          1186276 kB
MemTotal:        1844596 kB
MemFree:          154800 kB
MemAvailable:    1426616 kB
Buffers:          103088 kB
Cached:          1186276 kB
MemTotal:        1844596 kB
MemFree:          153560 kB
MemAvailable:    1425376 kB
Buffers:          103088 kB
Cached:          1186276 kB
MemTotal:        1844596 kB
MemFree:          154736 kB
MemAvailable:    1426552 kB
Buffers:          103088 kB
Cached:          1186276 kB
MemTotal:        1844596 kB
MemFree:          153684 kB
MemAvailable:    1425500 kB
Buffers:          103088 kB
Cached:          1186276 kB
MemTotal:        1844596 kB
MemFree:          153932 kB
MemAvailable:    1425748 kB
Buffers:          103088 kB
Cached:          1186276 kB
MemTotal:        1844596 kB
MemFree:          155000 kB
MemAvailable:    1426824 kB
Buffers:          103088 kB
Cached:          1186284 kB
MemTotal:        1844596 kB
MemFree:          154796 kB
MemAvailable:    1426620 kB
Buffers:          103088 kB
Cached:          1186284 kB
MemTotal:        1844596 kB
MemFree:          155048 kB
MemAvailable:    1426872 kB
Buffers:          103088 kB
Cached:          1186284 kB
MemTotal:        1844596 kB
MemFree:          154936 kB
MemAvailable:    1426760 kB
Buffers:          103088 kB
Cached:          1186284 kB
MemTotal:        1844596 kB
MemFree:          153516 kB
MemAvailable:    1425340 kB
Buffers:          103088 kB
Cached:          1186284 kB
MemTotal:        1844596 kB
MemFree:          154204 kB
MemAvailable:    1426028 kB
Buffers:          103088 kB
Cached:          1186284 kB
MemTotal:        1844596 kB
MemFree:          152396 kB
MemAvailable:    1424220 kB
Buffers:          103088 kB
Cached:          1186284 kB
MemTotal:        1844596 kB
MemFree:          148360 kB
MemAvailable:    1420184 kB
Buffers:          103088 kB
Cached:          1186284 kB
MemTotal:        1844596 kB
MemFree:          147012 kB
MemAvailable:    1418836 kB
Buffers:          103088 kB
Cached:          1186284 kB
MemTotal:        1844596 kB
MemFree:          145452 kB
MemAvailable:    1417276 kB
Buffers:          103088 kB
Cached:          1186284 kB
MemTotal:        1844596 kB
MemFree:          142904 kB
MemAvailable:    1414728 kB
Buffers:          103088 kB
Cached:          1186284 kB
MemTotal:        1844596 kB
MemFree:          142004 kB
MemAvailable:    1413828 kB
Buffers:          103088 kB
Cached:          1186284 kB
MemTotal:        1844596 kB
MemFree:          138580 kB
MemAvailable:    1410404 kB
Buffers:          103088 kB
Cached:          1186284 kB
MemTotal:        1844596 kB
MemFree:          135596 kB
MemAvailable:    1407420 kB
Buffers:          103088 kB
Cached:          1186284 kB
MemTotal:        1844596 kB
MemFree:          135860 kB
MemAvailable:    1407684 kB
Buffers:          103088 kB
Cached:          1186284 kB
MemTotal:        1844596 kB
MemFree:          136844 kB
MemAvailable:    1408668 kB
Buffers:          103088 kB
Cached:          1186284 kB
MemTotal:        1844596 kB
MemFree:          135728 kB
MemAvailable:    1407552 kB
Buffers:          103088 kB
Cached:          1186284 kB
MemTotal:        1844596 kB
MemFree:          135424 kB
MemAvailable:    1407248 kB
Buffers:          103088 kB
Cached:          1186284 kB
MemTotal:        1844596 kB
MemFree:          136644 kB
MemAvailable:    1408468 kB
Buffers:          103088 kB
Cached:          1186284 kB
MemTotal:        1844596 kB
MemFree:          136596 kB
MemAvailable:    1408420 kB
Buffers:          103088 kB
Cached:          1186284 kB
MemTotal:        1844596 kB
MemFree:          135844 kB
MemAvailable:    1407668 kB
Buffers:          103088 kB
Cached:          1186284 kB
MemTotal:        1844596 kB
MemFree:          136396 kB
MemAvailable:    1408220 kB
Buffers:          103088 kB
Cached:          1186284 kB
MemTotal:        1844596 kB
MemFree:          136540 kB
MemAvailable:    1408364 kB
Buffers:          103088 kB
Cached:          1186284 kB
MemTotal:        1844596 kB
MemFree:          135220 kB
MemAvailable:    1407044 kB
Buffers:          103088 kB
Cached:          1186284 kB
MemTotal:        1844596 kB
MemFree:          135428 kB
MemAvailable:    1407252 kB
Buffers:          103088 kB
Cached:          1186284 kB
MemTotal:        1844596 kB
MemFree:          136660 kB
MemAvailable:    1408484 kB
Buffers:          103088 kB
Cached:          1186284 kB
MemTotal:        1844596 kB
MemFree:          136664 kB
MemAvailable:    1408488 kB
Buffers:          103088 kB
Cached:          1186284 kB
MemTotal:        1844596 kB
MemFree:          136636 kB
MemAvailable:    1408460 kB
Buffers:          103088 kB
Cached:          1186284 kB
MemTotal:        1844596 kB
MemFree:          136588 kB
MemAvailable:    1408412 kB
Buffers:          103088 kB
Cached:          1186284 kB
MemTotal:        1844596 kB
MemFree:          135852 kB
MemAvailable:    1407676 kB
Buffers:          103088 kB
Cached:          1186284 kB
MemTotal:        1844596 kB
MemFree:          136604 kB
MemAvailable:    1408428 kB
Buffers:          103088 kB
Cached:          1186284 kB
MemTotal:        1844596 kB
MemFree:          136640 kB
MemAvailable:    1408464 kB
Buffers:          103088 kB
Cached:          1186284 kB
MemTotal:        1844596 kB
MemFree:          136532 kB
MemAvailable:    1408356 kB
Buffers:          103088 kB
Cached:          1186284 kB
MemTotal:        1844596 kB
MemFree:          136540 kB
MemAvailable:    1408364 kB
Buffers:          103088 kB
Cached:          1186284 kB
MemTotal:        1844596 kB
MemFree:          136540 kB
MemAvailable:    1408364 kB
Buffers:          103088 kB
Cached:          1186284 kB
MemTotal:        1844596 kB
MemFree:          136408 kB
MemAvailable:    1408232 kB
Buffers:          103088 kB
Cached:          1186284 kB
MemTotal:        1844596 kB
MemFree:          136664 kB
MemAvailable:    1408488 kB
Buffers:          103088 kB
Cached:          1186284 kB
MemTotal:        1844596 kB
MemFree:          136596 kB
MemAvailable:    1408420 kB
Buffers:          103088 kB
Cached:          1186284 kB
MemTotal:        1844596 kB
MemFree:          136800 kB
MemAvailable:    1408624 kB
Buffers:          103088 kB
Cached:          1186284 kB
MemTotal:        1844596 kB
MemFree:          135976 kB
MemAvailable:    1407800 kB
Buffers:          103088 kB
Cached:          1186284 kB
MemTotal:        1844596 kB
MemFree:          136968 kB
MemAvailable:    1408796 kB
Buffers:          103088 kB
Cached:          1186288 kB
MemTotal:        1844596 kB
MemFree:          135860 kB
MemAvailable:    1407688 kB
Buffers:          103088 kB
Cached:          1186288 kB
MemTotal:        1844596 kB
MemFree:          136596 kB
MemAvailable:    1408424 kB
Buffers:          103088 kB
Cached:          1186288 kB
MemTotal:        1844596 kB
MemFree:          135472 kB
MemAvailable:    1407300 kB
Buffers:          103088 kB
Cached:          1186288 kB
MemTotal:        1844596 kB
MemFree:          136756 kB
MemAvailable:    1408584 kB
Buffers:          103088 kB
Cached:          1186288 kB
MemTotal:        1844596 kB
MemFree:          135852 kB
MemAvailable:    1407680 kB
Buffers:          103088 kB
Cached:          1186288 kB
MemTotal:        1844596 kB
MemFree:          136536 kB
MemAvailable:    1408364 kB
Buffers:          103088 kB
Cached:          1186288 kB
MemTotal:        1844596 kB
MemFree:          136536 kB
MemAvailable:    1408364 kB
Buffers:          103088 kB
Cached:          1186288 kB
MemTotal:        1844596 kB
MemFree:          136416 kB
MemAvailable:    1408244 kB
Buffers:          103088 kB
Cached:          1186288 kB
MemTotal:        1844596 kB
MemFree:          136752 kB
MemAvailable:    1408580 kB
Buffers:          103088 kB
Cached:          1186288 kB
MemTotal:        1844596 kB
MemFree:          136536 kB
MemAvailable:    1408364 kB
Buffers:          103088 kB
Cached:          1186288 kB
MemTotal:        1844596 kB
MemFree:          136788 kB
MemAvailable:    1408616 kB
Buffers:          103088 kB
Cached:          1186288 kB
MemTotal:        1844596 kB
MemFree:          132860 kB
MemAvailable:    1404688 kB
Buffers:          103088 kB
Cached:          1186288 kB
MemTotal:        1844596 kB
MemFree:          132860 kB
MemAvailable:    1404688 kB
Buffers:          103088 kB
Cached:          1186288 kB
MemTotal:        1844596 kB
MemFree:          126924 kB
MemAvailable:    1398752 kB
Buffers:          103088 kB
Cached:          1186288 kB
MemTotal:        1844596 kB
MemFree:          122336 kB
MemAvailable:    1394164 kB
Buffers:          103088 kB
Cached:          1186288 kB
MemTotal:        1844596 kB
MemFree:          120964 kB
MemAvailable:    1392792 kB
Buffers:          103088 kB
Cached:          1186288 kB
MemTotal:        1844596 kB
MemFree:          119220 kB
MemAvailable:    1391048 kB
Buffers:          103088 kB
Cached:          1186288 kB
MemTotal:        1844596 kB
MemFree:          119472 kB
MemAvailable:    1391300 kB
Buffers:          103088 kB
Cached:          1186288 kB
MemTotal:        1844596 kB
MemFree:          119228 kB
MemAvailable:    1391056 kB
Buffers:          103088 kB
Cached:          1186288 kB
MemTotal:        1844596 kB
MemFree:          117624 kB
MemAvailable:    1389452 kB
Buffers:          103088 kB
Cached:          1186288 kB
MemTotal:        1844596 kB
MemFree:          118428 kB
MemAvailable:    1390256 kB
Buffers:          103088 kB
Cached:          1186288 kB
MemTotal:        1844596 kB
MemFree:          118296 kB
MemAvailable:    1390124 kB
Buffers:          103088 kB
Cached:          1186288 kB
MemTotal:        1844596 kB
MemFree:          118096 kB
MemAvailable:    1389924 kB
Buffers:          103088 kB
Cached:          1186288 kB
MemTotal:        1844596 kB
MemFree:          118180 kB
MemAvailable:    1390008 kB
Buffers:          103088 kB
Cached:          1186288 kB
MemTotal:        1844596 kB
MemFree:          118232 kB
MemAvailable:    1390060 kB
Buffers:          103088 kB
Cached:          1186288 kB
MemTotal:        1844596 kB
MemFree:          118276 kB
MemAvailable:    1390104 kB
Buffers:          103088 kB
Cached:          1186288 kB
MemTotal:        1844596 kB
MemFree:          116880 kB
MemAvailable:    1388708 kB
Buffers:          103088 kB
Cached:          1186288 kB
MemTotal:        1844596 kB
MemFree:          117996 kB
MemAvailable:    1389828 kB
Buffers:          103088 kB
Cached:          1186292 kB
MemTotal:        1844596 kB
MemFree:          117800 kB
MemAvailable:    1389632 kB
Buffers:          103088 kB
Cached:          1186292 kB
MemTotal:        1844596 kB
MemFree:          116576 kB
MemAvailable:    1388408 kB
Buffers:          103088 kB
Cached:          1186292 kB
MemTotal:        1844596 kB
MemFree:          117692 kB
MemAvailable:    1389524 kB
Buffers:          103088 kB
Cached:          1186292 kB
MemTotal:        1844596 kB
MemFree:          117056 kB
MemAvailable:    1388888 kB
Buffers:          103088 kB
Cached:          1186292 kB
MemTotal:        1844596 kB
MemFree:          115748 kB
MemAvailable:    1387580 kB
Buffers:          103088 kB
Cached:          1186292 kB
MemTotal:        1844596 kB
MemFree:          116004 kB
MemAvailable:    1387836 kB
Buffers:          103088 kB
Cached:          1186292 kB
MemTotal:        1844596 kB
MemFree:          116260 kB
MemAvailable:    1388092 kB
Buffers:          103088 kB
Cached:          1186292 kB
MemTotal:        1844596 kB
MemFree:          115128 kB
MemAvailable:    1386960 kB
Buffers:          103088 kB
Cached:          1186292 kB
MemTotal:        1844596 kB
MemFree:          115144 kB
MemAvailable:    1386976 kB
Buffers:          103088 kB
Cached:          1186292 kB
MemTotal:        1844596 kB
MemFree:          114764 kB
MemAvailable:    1386596 kB
Buffers:          103088 kB
Cached:          1186292 kB
MemTotal:        1844596 kB
MemFree:          114896 kB
MemAvailable:    1386728 kB
Buffers:          103088 kB
Cached:          1186292 kB
MemTotal:        1844596 kB
MemFree:          113144 kB
MemAvailable:    1384980 kB
Buffers:          103088 kB
Cached:          1186296 kB
MemTotal:        1844596 kB
MemFree:          113228 kB
MemAvailable:    1385064 kB
Buffers:          103088 kB
Cached:          1186296 kB
MemTotal:        1844596 kB
MemFree:          112292 kB
MemAvailable:    1384128 kB
Buffers:          103088 kB
Cached:          1186296 kB
MemTotal:        1844596 kB
MemFree:          111176 kB
MemAvailable:    1383012 kB
Buffers:          103088 kB
Cached:          1186296 kB
MemTotal:        1844596 kB
MemFree:          111856 kB
MemAvailable:    1383692 kB
Buffers:          103088 kB
Cached:          1186296 kB
MemTotal:        1844596 kB
MemFree:          112112 kB
MemAvailable:    1383948 kB
Buffers:          103088 kB
Cached:          1186296 kB
MemTotal:        1844596 kB
MemFree:          112108 kB
MemAvailable:    1383944 kB
Buffers:          103088 kB
Cached:          1186296 kB
MemTotal:        1844596 kB
MemFree:          111880 kB
MemAvailable:    1383716 kB
Buffers:          103088 kB
Cached:          1186296 kB
MemTotal:        1844596 kB
MemFree:          111964 kB
MemAvailable:    1383800 kB
Buffers:          103088 kB
Cached:          1186296 kB
MemTotal:        1844596 kB
MemFree:          111948 kB
MemAvailable:    1383784 kB
Buffers:          103088 kB
Cached:          1186296 kB
MemTotal:        1844596 kB
MemFree:          111948 kB
MemAvailable:    1383784 kB
Buffers:          103088 kB
Cached:          1186296 kB
MemTotal:        1844596 kB
MemFree:          110540 kB
MemAvailable:    1382376 kB
Buffers:          103088 kB
Cached:          1186296 kB
MemTotal:        1844596 kB
MemFree:          110876 kB
MemAvailable:    1382712 kB
Buffers:          103088 kB
Cached:          1186296 kB
MemTotal:        1844596 kB
MemFree:          109680 kB
MemAvailable:    1381516 kB
Buffers:          103088 kB
Cached:          1186296 kB
MemTotal:        1844596 kB
MemFree:          109432 kB
MemAvailable:    1381268 kB
Buffers:          103088 kB
Cached:          1186296 kB
MemTotal:        1844596 kB
MemFree:          110416 kB
MemAvailable:    1382252 kB
Buffers:          103088 kB
Cached:          1186296 kB
MemTotal:        1844596 kB
MemFree:          110500 kB
MemAvailable:    1382336 kB
Buffers:          103088 kB
Cached:          1186296 kB
MemTotal:        1844596 kB
MemFree:          110408 kB
MemAvailable:    1382244 kB
Buffers:          103088 kB
Cached:          1186296 kB
MemTotal:        1844596 kB
MemFree:          110408 kB
MemAvailable:    1382244 kB
Buffers:          103088 kB
Cached:          1186296 kB
MemTotal:        1844596 kB
MemFree:          110472 kB
MemAvailable:    1382308 kB
Buffers:          103088 kB
Cached:          1186296 kB
MemTotal:        1844596 kB
MemFree:          110432 kB
MemAvailable:    1382268 kB
Buffers:          103088 kB
Cached:          1186296 kB
MemTotal:        1844596 kB
MemFree:          110512 kB
MemAvailable:    1382348 kB
Buffers:          103088 kB
Cached:          1186296 kB
MemTotal:        1844596 kB
MemFree:          110360 kB
MemAvailable:    1382196 kB
Buffers:          103088 kB
Cached:          1186296 kB
MemTotal:        1844596 kB
MemFree:          110612 kB
MemAvailable:    1382448 kB
Buffers:          103088 kB
Cached:          1186296 kB
MemTotal:        1844596 kB
MemFree:          110468 kB
MemAvailable:    1382304 kB
Buffers:          103088 kB
Cached:          1186296 kB
MemTotal:        1844596 kB
MemFree:          110380 kB
MemAvailable:    1382216 kB
Buffers:          103088 kB
Cached:          1186296 kB
MemTotal:        1844596 kB
MemFree:          110280 kB
MemAvailable:    1382116 kB
Buffers:          103088 kB
Cached:          1186296 kB
MemTotal:        1844596 kB
MemFree:          110532 kB
MemAvailable:    1382368 kB
Buffers:          103088 kB
Cached:          1186296 kB
MemTotal:        1844596 kB
MemFree:          109048 kB
MemAvailable:    1380884 kB
Buffers:          103088 kB
Cached:          1186296 kB
MemTotal:        1844596 kB
MemFree:          110240 kB
MemAvailable:    1382076 kB
Buffers:          103088 kB
Cached:          1186296 kB
MemTotal:        1844596 kB
MemFree:          110408 kB
MemAvailable:    1382244 kB
Buffers:          103088 kB
Cached:          1186296 kB
MemTotal:        1844596 kB
MemFree:          110384 kB
MemAvailable:    1382220 kB
Buffers:          103088 kB
Cached:          1186296 kB
MemTotal:        1844596 kB
MemFree:          110380 kB
MemAvailable:    1382216 kB
Buffers:          103088 kB
Cached:          1186296 kB
MemTotal:        1844596 kB
MemFree:          110416 kB
MemAvailable:    1382252 kB
Buffers:          103088 kB
Cached:          1186296 kB
MemTotal:        1844596 kB
MemFree:          110168 kB
MemAvailable:    1382004 kB
Buffers:          103088 kB
Cached:          1186296 kB
MemTotal:        1844596 kB
MemFree:          110504 kB
MemAvailable:    1382340 kB
Buffers:          103088 kB
Cached:          1186296 kB
MemTotal:        1844596 kB
MemFree:          110516 kB
MemAvailable:    1382352 kB
Buffers:          103088 kB
Cached:          1186296 kB
MemTotal:        1844596 kB
MemFree:          110120 kB
MemAvailable:    1381956 kB
Buffers:          103088 kB
Cached:          1186296 kB
MemTotal:        1844596 kB
MemFree:          110456 kB
MemAvailable:    1382292 kB
Buffers:          103088 kB
Cached:          1186296 kB
MemTotal:        1844596 kB
MemFree:          109192 kB
MemAvailable:    1381028 kB
Buffers:          103088 kB
Cached:          1186296 kB
MemTotal:        1844596 kB
MemFree:          109144 kB
MemAvailable:    1380980 kB
Buffers:          103088 kB
Cached:          1186296 kB
MemTotal:        1844596 kB
MemFree:          110492 kB
MemAvailable:    1382328 kB
Buffers:          103088 kB
Cached:          1186296 kB
MemTotal:        1844596 kB
MemFree:          109268 kB
MemAvailable:    1381104 kB
Buffers:          103088 kB
Cached:          1186296 kB
MemTotal:        1844596 kB
MemFree:          110440 kB
MemAvailable:    1382276 kB
Buffers:          103088 kB
Cached:          1186296 kB
MemTotal:        1844596 kB
MemFree:          109132 kB
MemAvailable:    1380968 kB
Buffers:          103088 kB
Cached:          1186296 kB
MemTotal:        1844596 kB
MemFree:          109300 kB
MemAvailable:    1381136 kB
Buffers:          103088 kB
Cached:          1186296 kB
MemTotal:        1844596 kB
MemFree:          109060 kB
MemAvailable:    1380896 kB
Buffers:          103088 kB
Cached:          1186296 kB
MemTotal:        1844596 kB
MemFree:          110360 kB
MemAvailable:    1382196 kB
Buffers:          103088 kB
Cached:          1186296 kB
MemTotal:        1844596 kB
MemFree:          110176 kB
MemAvailable:    1382012 kB
Buffers:          103088 kB
Cached:          1186296 kB
MemTotal:        1844596 kB
MemFree:          110512 kB
MemAvailable:    1382348 kB
Buffers:          103088 kB
Cached:          1186296 kB
MemTotal:        1844596 kB
MemFree:          110300 kB
MemAvailable:    1382136 kB
Buffers:          103088 kB
Cached:          1186296 kB
MemTotal:        1844596 kB
MemFree:          110316 kB
MemAvailable:    1382152 kB
Buffers:          103088 kB
Cached:          1186296 kB
MemTotal:        1844596 kB
MemFree:          110556 kB
MemAvailable:    1382392 kB
Buffers:          103088 kB
Cached:          1186296 kB
MemTotal:        1844596 kB
MemFree:          110492 kB
MemAvailable:    1382328 kB
Buffers:          103088 kB
Cached:          1186296 kB
MemTotal:        1844596 kB
MemFree:          109688 kB
MemAvailable:    1381524 kB
Buffers:          103088 kB
Cached:          1186296 kB
MemTotal:        1844596 kB
MemFree:          106704 kB
MemAvailable:    1378540 kB
Buffers:          103088 kB
Cached:          1186296 kB
MemTotal:        1844596 kB
MemFree:          105640 kB
MemAvailable:    1377480 kB
Buffers:          103088 kB
Cached:          1186300 kB
MemTotal:        1844596 kB
MemFree:          102868 kB
MemAvailable:    1374708 kB
Buffers:          103088 kB
Cached:          1186300 kB
MemTotal:        1844596 kB
MemFree:           99512 kB
MemAvailable:    1371352 kB
Buffers:          103088 kB
Cached:          1186300 kB
MemTotal:        1844596 kB
MemFree:           98908 kB
MemAvailable:    1370748 kB
Buffers:          103088 kB
Cached:          1186300 kB
MemTotal:        1844596 kB
MemFree:           95356 kB
MemAvailable:    1367196 kB
Buffers:          103088 kB
Cached:          1186300 kB
MemTotal:        1844596 kB
MemFree:           93132 kB
MemAvailable:    1364972 kB
Buffers:          103088 kB
Cached:          1186300 kB
MemTotal:        1844596 kB
MemFree:           90220 kB
MemAvailable:    1362060 kB
Buffers:          103088 kB
Cached:          1186300 kB
MemTotal:        1844596 kB
MemFree:           90900 kB
MemAvailable:    1362740 kB
Buffers:          103088 kB
Cached:          1186300 kB
MemTotal:        1844596 kB
MemFree:           90900 kB
MemAvailable:    1362740 kB
Buffers:          103088 kB
Cached:          1186300 kB
MemTotal:        1844596 kB
MemFree:           90916 kB
MemAvailable:    1362756 kB
Buffers:          103088 kB
Cached:          1186300 kB
MemTotal:        1844596 kB
MemFree:           89796 kB
MemAvailable:    1361636 kB
Buffers:          103088 kB
Cached:          1186300 kB
MemTotal:        1844596 kB
MemFree:           89540 kB
MemAvailable:    1361380 kB
Buffers:          103088 kB
Cached:          1186300 kB
MemTotal:        1844596 kB
MemFree:           91008 kB
MemAvailable:    1362848 kB
Buffers:          103088 kB
Cached:          1186300 kB
MemTotal:        1844596 kB
MemFree:           89584 kB
MemAvailable:    1361424 kB
Buffers:          103088 kB
Cached:          1186300 kB
MemTotal:        1844596 kB
MemFree:           89972 kB
MemAvailable:    1361812 kB
Buffers:          103088 kB
Cached:          1186300 kB
MemTotal:        1844596 kB
MemFree:           91080 kB
MemAvailable:    1362924 kB
Buffers:          103088 kB
Cached:          1186304 kB
MemTotal:        1844596 kB
MemFree:           91080 kB
MemAvailable:    1362924 kB
Buffers:          103088 kB
Cached:          1186304 kB
MemTotal:        1844596 kB
MemFree:           90812 kB
MemAvailable:    1362656 kB
Buffers:          103088 kB
Cached:          1186304 kB
MemTotal:        1844596 kB
MemFree:           90812 kB
MemAvailable:    1362656 kB
Buffers:          103088 kB
Cached:          1186304 kB
MemTotal:        1844596 kB
MemFree:           90904 kB
MemAvailable:    1362748 kB
Buffers:          103088 kB
Cached:          1186304 kB
MemTotal:        1844596 kB
MemFree:           90904 kB
MemAvailable:    1362748 kB
Buffers:          103088 kB
Cached:          1186304 kB
MemTotal:        1844596 kB
MemFree:           90700 kB
MemAvailable:    1362548 kB
Buffers:          103088 kB
Cached:          1186308 kB
MemTotal:        1844596 kB
MemFree:           90952 kB
MemAvailable:    1362800 kB
Buffers:          103088 kB
Cached:          1186308 kB
MemTotal:        1844596 kB
MemFree:           89716 kB
MemAvailable:    1361564 kB
Buffers:          103088 kB
Cached:          1186308 kB
MemTotal:        1844596 kB
MemFree:           89468 kB
MemAvailable:    1361316 kB
Buffers:          103088 kB
Cached:          1186308 kB
MemTotal:        1844596 kB
MemFree:           90768 kB
MemAvailable:    1362616 kB
Buffers:          103088 kB
Cached:          1186308 kB
MemTotal:        1844596 kB
MemFree:           90768 kB
MemAvailable:    1362616 kB
Buffers:          103088 kB
Cached:          1186308 kB
MemTotal:        1844596 kB
MemFree:           90692 kB
MemAvailable:    1362540 kB
Buffers:          103088 kB
Cached:          1186308 kB
MemTotal:        1844596 kB
MemFree:           90776 kB
MemAvailable:    1362624 kB
Buffers:          103088 kB
Cached:          1186308 kB
MemTotal:        1844596 kB
MemFree:           90404 kB
MemAvailable:    1362252 kB
Buffers:          103088 kB
Cached:          1186308 kB
MemTotal:        1844596 kB
MemFree:           90660 kB
MemAvailable:    1362508 kB
Buffers:          103088 kB
Cached:          1186308 kB
MemTotal:        1844596 kB
MemFree:           89412 kB
MemAvailable:    1361260 kB
Buffers:          103088 kB
Cached:          1186308 kB
MemTotal:        1844596 kB
MemFree:           89784 kB
MemAvailable:    1361632 kB
Buffers:          103088 kB
Cached:          1186308 kB
MemTotal:        1844596 kB
MemFree:           90156 kB
MemAvailable:    1362004 kB
Buffers:          103088 kB
Cached:          1186308 kB
MemTotal:        1844596 kB
MemFree:           81656 kB
MemAvailable:    1353504 kB
Buffers:          103088 kB
Cached:          1186308 kB
MemTotal:        1844596 kB
MemFree:           81548 kB
MemAvailable:    1353396 kB
Buffers:          103088 kB
Cached:          1186308 kB
MemTotal:        1844596 kB
MemFree:           80656 kB
MemAvailable:    1352504 kB
Buffers:          103088 kB
Cached:          1186308 kB
MemTotal:        1844596 kB
MemFree:           80992 kB
MemAvailable:    1352840 kB
Buffers:          103088 kB
Cached:          1186308 kB
MemTotal:        1844596 kB
MemFree:           79548 kB
MemAvailable:    1351396 kB
Buffers:          103088 kB
Cached:          1186308 kB
MemTotal:        1844596 kB
MemFree:           79292 kB
MemAvailable:    1351140 kB
Buffers:          103088 kB
Cached:          1186308 kB
MemTotal:        1844596 kB
MemFree:           80484 kB
MemAvailable:    1352332 kB
Buffers:          103088 kB
Cached:          1186308 kB
MemTotal:        1844596 kB
MemFree:           80484 kB
MemAvailable:    1352332 kB
Buffers:          103088 kB
Cached:          1186308 kB
MemTotal:        1844596 kB
MemFree:           80408 kB
MemAvailable:    1352256 kB
Buffers:          103088 kB
Cached:          1186308 kB
MemTotal:        1844596 kB
MemFree:           80176 kB
MemAvailable:    1352024 kB
Buffers:          103088 kB
Cached:          1186308 kB
MemTotal:        1844596 kB
MemFree:           79120 kB
MemAvailable:    1350968 kB
Buffers:          103088 kB
Cached:          1186308 kB
MemTotal:        1844596 kB
MemFree:           79376 kB
MemAvailable:    1351224 kB
Buffers:          103088 kB
Cached:          1186308 kB
MemTotal:        1844596 kB
MemFree:           80352 kB
MemAvailable:    1352368 kB
Buffers:          103088 kB
Cached:          1186556 kB
MemTotal:        1844596 kB
MemFree:           80352 kB
MemAvailable:    1352368 kB
Buffers:          103088 kB
Cached:          1186556 kB
MemTotal:        1844596 kB
MemFree:           79988 kB
MemAvailable:    1352172 kB
Buffers:          103088 kB
Cached:          1186680 kB
MemTotal:        1844596 kB
MemFree:           80060 kB
MemAvailable:    1352244 kB
Buffers:          103088 kB
Cached:          1186680 kB
MemTotal:        1844596 kB
MemFree:           78556 kB
MemAvailable:    1350908 kB
Buffers:          103088 kB
Cached:          1186804 kB
MemTotal:        1844596 kB
MemFree:           78804 kB
MemAvailable:    1351156 kB
Buffers:          103088 kB
Cached:          1186804 kB
MemTotal:        1844596 kB
MemFree:           80104 kB
MemAvailable:    1352540 kB
Buffers:          103088 kB
Cached:          1186804 kB
MemTotal:        1844596 kB
MemFree:           78944 kB
MemAvailable:    1351380 kB
Buffers:          103088 kB
Cached:          1186928 kB
MemTotal:        1844596 kB
MemFree:           79540 kB
MemAvailable:    1351976 kB
Buffers:          103088 kB
Cached:          1186928 kB
MemTotal:        1844596 kB
MemFree:           79740 kB
MemAvailable:    1352176 kB
Buffers:          103088 kB
Cached:          1186928 kB
MemTotal:        1844596 kB
MemFree:           79680 kB
MemAvailable:    1352116 kB
Buffers:          103088 kB
Cached:          1186928 kB
MemTotal:        1844596 kB
MemFree:           79784 kB
MemAvailable:    1352220 kB
Buffers:          103088 kB
Cached:          1186928 kB
MemTotal:        1844596 kB
MemFree:           78936 kB
MemAvailable:    1351372 kB
Buffers:          103088 kB
Cached:          1186928 kB
MemTotal:        1844596 kB
MemFree:           79780 kB
MemAvailable:    1352284 kB
Buffers:          103088 kB
Cached:          1187040 kB
MemTotal:        1844596 kB
MemFree:           79864 kB
MemAvailable:    1352452 kB
Buffers:          103088 kB
Cached:          1187040 kB
MemTotal:        1844596 kB
MemFree:           79320 kB
MemAvailable:    1351236 kB
Buffers:          103088 kB
Cached:          1186324 kB
MemTotal:        1844596 kB
MemFree:           79492 kB
MemAvailable:    1351408 kB
Buffers:          103088 kB
Cached:          1186324 kB
MemTotal:        1844596 kB
MemFree:          150372 kB
MemAvailable:    1422372 kB
Buffers:          103088 kB
Cached:          1186324 kB
MemTotal:        1844596 kB
MemFree:          271488 kB
MemAvailable:    1543404 kB
Buffers:          103088 kB
Cached:          1186324 kB
