MemTotal:        1844596 kB
MemFree:          817520 kB
MemAvailable:    1545444 kB
Buffers:           86804 kB
Cached:           669628 kB
MemTotal:        1844596 kB
MemFree:          792252 kB
MemAvailable:    1520180 kB
Buffers:           86804 kB
Cached:           669632 kB
MemTotal:        1844596 kB
MemFree:          790144 kB
MemAvailable:    1518072 kB
Buffers:           86804 kB
Cached:           669632 kB
MemTotal:        1844596 kB
MemFree:          788100 kB
MemAvailable:    1516028 kB
Buffers:           86804 kB
Cached:           669632 kB
MemTotal:        1844596 kB
MemFree:          788408 kB
MemAvailable:    1516336 kB
Buffers:           86804 kB
Cached:           669632 kB
MemTotal:        1844596 kB
MemFree:          785496 kB
MemAvailable:    1513424 kB
Buffers:           86804 kB
Cached:           669632 kB
MemTotal:        1844596 kB
MemFree:          786564 kB
MemAvailable:    1514492 kB
Buffers:           86804 kB
Cached:           669632 kB
MemTotal:        1844596 kB
MemFree:          785372 kB
MemAvailable:    1513300 kB
Buffers:           86804 kB
Cached:           669632 kB
MemTotal:        1844596 kB
MemFree:          780908 kB
MemAvailable:    1508836 kB
Buffers:           86804 kB
Cached:           669632 kB
MemTotal:        1844596 kB
MemFree:          779472 kB
MemAvailable:    1507400 kB
Buffers:           86804 kB
Cached:           669632 kB
MemTotal:        1844596 kB
MemFree:          774212 kB
MemAvailable:    1502140 kB
Buffers:           86804 kB
Cached:           669632 kB
MemTotal:        1844596 kB
MemFree:          776692 kB
MemAvailable:    1504620 kB
Buffers:           86804 kB
Cached:           669632 kB
MemTotal:        1844596 kB
MemFree:          776692 kB
MemAvailable:    1504620 kB
Buffers:           86804 kB
Cached:           669632 kB
MemTotal:        1844596 kB
MemFree:          776816 kB
MemAvailable:    1504744 kB
Buffers:           86804 kB
Cached:           669632 kB
MemTotal:        1844596 kB
MemFree:          776892 kB
MemAvailable:    1504820 kB
Buffers:           86804 kB
Cached:           669632 kB
MemTotal:        1844596 kB
MemFree:          776676 kB
MemAvailable:    1504604 kB
Buffers:           86804 kB
Cached:           669632 kB
MemTotal:        1844596 kB
MemFree:          776320 kB
MemAvailable:    1504248 kB
Buffers:           86804 kB
Cached:           669632 kB
MemTotal:        1844596 kB
MemFree:          777668 kB
MemAvailable:    1505596 kB
Buffers:           86804 kB
Cached:           669632 kB
MemTotal:        1844596 kB
MemFree:          777544 kB
MemAvailable:    1505472 kB
Buffers:           86804 kB
Cached:           669632 kB
MemTotal:        1844596 kB
MemFree:          777116 kB
MemAvailable:    1505044 kB
Buffers:           86804 kB
Cached:           669632 kB
MemTotal:        1844596 kB
MemFree:          777188 kB
MemAvailable:    1505116 kB
Buffers:           86804 kB
Cached:           669632 kB
MemTotal:        1844596 kB
MemFree:          777160 kB
MemAvailable:    1505088 kB
Buffers:           86804 kB
Cached:           669632 kB
MemTotal:        1844596 kB
MemFree:          776692 kB
MemAvailable:    1504620 kB
Buffers:           86804 kB
Cached:           669632 kB
MemTotal:        1844596 kB
MemFree:          776560 kB
MemAvailable:    1504488 kB
Buffers:           86804 kB
Cached:           669632 kB
MemTotal:        1844596 kB
MemFree:          776560 kB
MemAvailable:    1504488 kB
Buffers:           86804 kB
Cached:           669632 kB
MemTotal:        1844596 kB
MemFree:          775272 kB
MemAvailable:    1503200 kB
Buffers:           86804 kB
Cached:           669632 kB
MemTotal:        1844596 kB
MemFree:          776568 kB
MemAvailable:    1504496 kB
Buffers:           86804 kB
Cached:           669632 kB
MemTotal:        1844596 kB
MemFree:          774956 kB
MemAvailable:    1502884 kB
Buffers:           86804 kB
Cached:           669632 kB
MemTotal:        1844596 kB
MemFree:          775760 kB
MemAvailable:    1503688 kB
Buffers:           86804 kB
Cached:           669632 kB
MemTotal:        1844596 kB
MemFree:          775444 kB
MemAvailable:    1503372 kB
Buffers:           86804 kB
Cached:           669632 kB
MemTotal:        1844596 kB
MemFree:          774976 kB
MemAvailable:    1502904 kB
Buffers:           86804 kB
Cached:           669632 kB
MemTotal:        1844596 kB
MemFree:          774908 kB
MemAvailable:    1502836 kB
Buffers:           86804 kB
Cached:           669632 kB
MemTotal:        1844596 kB
MemFree:          773592 kB
MemAvailable:    1501520 kB
Buffers:           86804 kB
Cached:           669632 kB
MemTotal:        1844596 kB
MemFree:          774884 kB
MemAvailable:    1502812 kB
Buffers:           86804 kB
Cached:           669632 kB
MemTotal:        1844596 kB
MemFree:          773668 kB
MemAvailable:    1501596 kB
Buffers:           86804 kB
Cached:           669632 kB
MemTotal:        1844596 kB
MemFree:          773820 kB
MemAvailable:    1501748 kB
Buffers:           86804 kB
Cached:           669632 kB
MemTotal:        1844596 kB
MemFree:          773572 kB
MemAvailable:    1501500 kB
Buffers:           86804 kB
Cached:           669632 kB
MemTotal:        1844596 kB
MemFree:          773780 kB
MemAvailable:    1501708 kB
Buffers:           86804 kB
Cached:           669632 kB
MemTotal:        1844596 kB
MemFree:          772848 kB
MemAvailable:    1500776 kB
Buffers:           86804 kB
Cached:           669632 kB
MemTotal:        1844596 kB
MemFree:          770120 kB
MemAvailable:    1498048 kB
Buffers:           86804 kB
Cached:           669632 kB
MemTotal:        1844596 kB
MemFree:          768260 kB
MemAvailable:    1496188 kB
Buffers:           86804 kB
Cached:           669632 kB
MemTotal:        1844596 kB
MemFree:          768260 kB
MemAvailable:    1496188 kB
Buffers:           86804 kB
Cached:           669632 kB
MemTotal:        1844596 kB
MemFree:          769444 kB
MemAvailable:    1497372 kB
Buffers:           86804 kB
Cached:           669632 kB
MemTotal:        1844596 kB
MemFree:          769512 kB
MemAvailable:    1497440 kB
Buffers:           86804 kB
Cached:           669632 kB
MemTotal:        1844596 kB
MemFree:          769380 kB
MemAvailable:    1497308 kB
Buffers:           86804 kB
Cached:           669632 kB
MemTotal:        1844596 kB
MemFree:          769308 kB
MemAvailable:    1497236 kB
Buffers:           86804 kB
Cached:           669632 kB
MemTotal:        1844596 kB
MemFree:          769384 kB
MemAvailable:    1497312 kB
Buffers:           86804 kB
Cached:           669632 kB
MemTotal:        1844596 kB
MemFree:          769172 kB
MemAvailable:    1497100 kB
Buffers:           86804 kB
Cached:           669632 kB
MemTotal:        1844596 kB
MemFree:          768120 kB
MemAvailable:    1496048 kB
Buffers:           86804 kB
Cached:           669632 kB
MemTotal:        1844596 kB
MemFree:          767748 kB
MemAvailable:    1495676 kB
Buffers:           86804 kB
Cached:           669632 kB
MemTotal:        1844596 kB
MemFree:          767856 kB
MemAvailable:    1495784 kB
Buffers:           86804 kB
Cached:           669632 kB
MemTotal:        1844596 kB
MemFree:          767824 kB
MemAvailable:    1495752 kB
Buffers:           86804 kB
Cached:           669632 kB
MemTotal:        1844596 kB
MemFree:          769000 kB
MemAvailable:    1496928 kB
Buffers:           86804 kB
Cached:           669632 kB
MemTotal:        1844596 kB
MemFree:          767860 kB
MemAvailable:    1495788 kB
Buffers:           86804 kB
Cached:           669632 kB
MemTotal:        1844596 kB
MemFree:          767392 kB
MemAvailable:    1495320 kB
Buffers:           86804 kB
Cached:           669632 kB
MemTotal:        1844596 kB
MemFree:          763300 kB
MemAvailable:    1491228 kB
Buffers:           86804 kB
Cached:           669632 kB
MemTotal:        1844596 kB
MemFree:          763228 kB
MemAvailable:    1491156 kB
Buffers:           86804 kB
Cached:           669632 kB
MemTotal:        1844596 kB
MemFree:          761688 kB
MemAvailable:    1489616 kB
Buffers:           86804 kB
Cached:           669632 kB
MemTotal:        1844596 kB
MemFree:          762724 kB
MemAvailable:    1490652 kB
Buffers:           86804 kB
Cached:           669632 kB
MemTotal:        1844596 kB
MemFree:          761088 kB
MemAvailable:    1489016 kB
Buffers:           86804 kB
Cached:           669632 kB
MemTotal:        1844596 kB
MemFree:          760964 kB
MemAvailable:    1488900 kB
Buffers:           86804 kB
Cached:           669640 kB
MemTotal:        1844596 kB
MemFree:          759376 kB
MemAvailable:    1487312 kB
Buffers:           86804 kB
Cached:           669640 kB
MemTotal:        1844596 kB
MemFree:          759292 kB
MemAvailable:    1487228 kB
Buffers:           86804 kB
Cached:           669640 kB
MemTotal:        1844596 kB
MemFree:          759208 kB
MemAvailable:    1487144 kB
Buffers:           86804 kB
Cached:           669640 kB
MemTotal:        1844596 kB
MemFree:          759400 kB
MemAvailable:    1487336 kB
Buffers:           86804 kB
Cached:           669640 kB
MemTotal:        1844596 kB
MemFree:          759076 kB
MemAvailable:    1487012 kB
Buffers:           86804 kB
Cached:           669640 kB
MemTotal:        1844596 kB
MemFree:          760456 kB
MemAvailable:    1488392 kB
Buffers:           86804 kB
Cached:           669640 kB
MemTotal:        1844596 kB
MemFree:          759136 kB
MemAvailable:    1487072 kB
Buffers:           86804 kB
Cached:           669640 kB
MemTotal:        1844596 kB
MemFree:          759064 kB
MemAvailable:    1487000 kB
Buffers:           86804 kB
Cached:           669640 kB
MemTotal:        1844596 kB
MemFree:          759016 kB
MemAvailable:    1486952 kB
Buffers:           86804 kB
Cached:           669640 kB
MemTotal:        1844596 kB
MemFree:          759176 kB
MemAvailable:    1487112 kB
Buffers:           86804 kB
Cached:           669640 kB
MemTotal:        1844596 kB
MemFree:          759052 kB
MemAvailable:    1486988 kB
Buffers:           86804 kB
Cached:           669640 kB
MemTotal:        1844596 kB
MemFree:          758960 kB
MemAvailable:    1486896 kB
Buffers:           86804 kB
Cached:           669640 kB
MemTotal:        1844596 kB
MemFree:          758836 kB
MemAvailable:    1486772 kB
Buffers:           86804 kB
Cached:           669640 kB
MemTotal:        1844596 kB
MemFree:          760076 kB
MemAvailable:    1488012 kB
Buffers:           86804 kB
Cached:           669640 kB
MemTotal:        1844596 kB
MemFree:          759076 kB
MemAvailable:    1487012 kB
Buffers:           86804 kB
Cached:           669640 kB
MemTotal:        1844596 kB
MemFree:          759888 kB
MemAvailable:    1487824 kB
Buffers:           86804 kB
Cached:           669640 kB
MemTotal:        1844596 kB
MemFree:          759704 kB
MemAvailable:    1487516 kB
Buffers:           86804 kB
Cached:           669640 kB
MemTotal:        1844596 kB
MemFree:          758656 kB
MemAvailable:    1486592 kB
Buffers:           86804 kB
Cached:           669640 kB
MemTotal:        1844596 kB
MemFree:          757968 kB
MemAvailable:    1485904 kB
Buffers:           86804 kB
Cached:           669640 kB
MemTotal:        1844596 kB
MemFree:          755116 kB
MemAvailable:    1483052 kB
Buffers:           86804 kB
Cached:           669640 kB
MemTotal:        1844596 kB
MemFree:          752512 kB
MemAvailable:    1480448 kB
Buffers:           86804 kB
Cached:           669640 kB
MemTotal:        1844596 kB
MemFree:          750776 kB
MemAvailable:    1478712 kB
Buffers:           86804 kB
Cached:           669640 kB
MemTotal:        1844596 kB
MemFree:          750644 kB
MemAvailable:    1478580 kB
Buffers:           86804 kB
Cached:           669640 kB
MemTotal:        1844596 kB
MemFree:          750520 kB
MemAvailable:    1478456 kB
Buffers:           86804 kB
Cached:           669640 kB
MemTotal:        1844596 kB
MemFree:          750472 kB
MemAvailable:    1478408 kB
Buffers:           86804 kB
Cached:           669640 kB
MemTotal:        1844596 kB
MemFree:          751316 kB
MemAvailable:    1479252 kB
Buffers:           86804 kB
Cached:           669640 kB
MemTotal:        1844596 kB
MemFree:          751484 kB
MemAvailable:    1479420 kB
Buffers:           86804 kB
Cached:           669640 kB
MemTotal:        1844596 kB
MemFree:          750080 kB
MemAvailable:    1478016 kB
Buffers:           86804 kB
Cached:           669640 kB
MemTotal:        1844596 kB
MemFree:          751416 kB
MemAvailable:    1479352 kB
Buffers:           86804 kB
Cached:           669640 kB
MemTotal:        1844596 kB
MemFree:          751352 kB
MemAvailable:    1479288 kB
Buffers:           86804 kB
Cached:           669640 kB
MemTotal:        1844596 kB
MemFree:          751604 kB
MemAvailable:    1479540 kB
Buffers:           86804 kB
Cached:           669640 kB
MemTotal:        1844596 kB
MemFree:          751276 kB
MemAvailable:    1479212 kB
Buffers:           86804 kB
Cached:           669640 kB
MemTotal:        1844596 kB
MemFree:          751212 kB
MemAvailable:    1479148 kB
Buffers:           86804 kB
Cached:           669640 kB
MemTotal:        1844596 kB
MemFree:          751464 kB
MemAvailable:    1479400 kB
Buffers:           86804 kB
Cached:           669640 kB
MemTotal:        1844596 kB
MemFree:          750216 kB
MemAvailable:    1478152 kB
Buffers:           86804 kB
Cached:           669640 kB
MemTotal:        1844596 kB
MemFree:          749968 kB
MemAvailable:    1477904 kB
Buffers:           86804 kB
Cached:           669640 kB
MemTotal:        1844596 kB
MemFree:          750092 kB
MemAvailable:    1478028 kB
Buffers:           86804 kB
Cached:           669640 kB
MemTotal:        1844596 kB
MemFree:          751324 kB
MemAvailable:    1479260 kB
Buffers:           86804 kB
Cached:           669640 kB
MemTotal:        1844596 kB
MemFree:          750528 kB
MemAvailable:    1478464 kB
Buffers:           86804 kB
Cached:           669640 kB
MemTotal:        1844596 kB
MemFree:          750224 kB
MemAvailable:    1478160 kB
Buffers:           86804 kB
Cached:           669640 kB
MemTotal:        1844596 kB
MemFree:          751320 kB
MemAvailable:    1479256 kB
Buffers:           86804 kB
Cached:           669640 kB
MemTotal:        1844596 kB
MemFree:          751016 kB
MemAvailable:    1478952 kB
Buffers:           86804 kB
Cached:           669640 kB
MemTotal:        1844596 kB
MemFree:          751196 kB
MemAvailable:    1479132 kB
Buffers:           86804 kB
Cached:           669640 kB
MemTotal:        1844596 kB
MemFree:          751448 kB
MemAvailable:    1479384 kB
Buffers:           86804 kB
Cached:           669640 kB
MemTotal:        1844596 kB
MemFree:          751328 kB
MemAvailable:    1479264 kB
Buffers:           86804 kB
Cached:           669640 kB
MemTotal:        1844596 kB
MemFree:          751396 kB
MemAvailable:    1479332 kB
Buffers:           86804 kB
Cached:           669640 kB
MemTotal:        1844596 kB
MemFree:          751184 kB
MemAvailable:    1479120 kB
Buffers:           86804 kB
Cached:           669640 kB
MemTotal:        1844596 kB
MemFree:          750016 kB
MemAvailable:    1477952 kB
Buffers:           86804 kB
Cached:           669640 kB
MemTotal:        1844596 kB
MemFree:          750016 kB
MemAvailable:    1477952 kB
Buffers:           86804 kB
Cached:           669640 kB
MemTotal:        1844596 kB
MemFree:          751208 kB
MemAvailable:    1479144 kB
Buffers:           86804 kB
Cached:           669640 kB
MemTotal:        1844596 kB
MemFree:          751460 kB
MemAvailable:    1479396 kB
Buffers:           86804 kB
Cached:           669640 kB
MemTotal:        1844596 kB
MemFree:          751224 kB
MemAvailable:    1479160 kB
Buffers:           86804 kB
Cached:           669640 kB
MemTotal:        1844596 kB
MemFree:          751320 kB
MemAvailable:    1479256 kB
Buffers:           86804 kB
Cached:           669640 kB
MemTotal:        1844596 kB
MemFree:          749972 kB
MemAvailable:    1477908 kB
Buffers:           86804 kB
Cached:           669640 kB
MemTotal:        1844596 kB
MemFree:          750096 kB
MemAvailable:    1478032 kB
Buffers:           86804 kB
Cached:           669640 kB
MemTotal:        1844596 kB
MemFree:          750256 kB
MemAvailable:    1478192 kB
Buffers:           86804 kB
Cached:           669640 kB
MemTotal:        1844596 kB
MemFree:          750256 kB
MemAvailable:    1478192 kB
Buffers:           86804 kB
Cached:           669640 kB
MemTotal:        1844596 kB
MemFree:          749496 kB
MemAvailable:    1477432 kB
Buffers:           86804 kB
Cached:           669640 kB
MemTotal:        1844596 kB
MemFree:          746304 kB
MemAvailable:    1474240 kB
Buffers:           86804 kB
Cached:           669640 kB
MemTotal:        1844596 kB
MemFree:          743204 kB
MemAvailable:    1471144 kB
Buffers:           86804 kB
Cached:           669644 kB
MemTotal:        1844596 kB
MemFree:          742724 kB
MemAvailable:    1470664 kB
Buffers:           86804 kB
Cached:           669644 kB
MemTotal:        1844596 kB
MemFree:          740784 kB
MemAvailable:    1468724 kB
Buffers:           86804 kB
Cached:           669644 kB
MemTotal:        1844596 kB
MemFree:          739492 kB
MemAvailable:    1467432 kB
Buffers:           86804 kB
Cached:           669644 kB
MemTotal:        1844596 kB
MemFree:          739616 kB
MemAvailable:    1467560 kB
Buffers:           86804 kB
Cached:           669648 kB
MemTotal:        1844596 kB
MemFree:          739352 kB
MemAvailable:    1467296 kB
Buffers:           86804 kB
Cached:           669648 kB
MemTotal:        1844596 kB
MemFree:          740480 kB
MemAvailable:    1468424 kB
Buffers:           86804 kB
Cached:           669648 kB
MemTotal:        1844596 kB
MemFree:          740416 kB
MemAvailable:    1468360 kB
Buffers:           86804 kB
Cached:           669648 kB
MemTotal:        1844596 kB
MemFree:          740416 kB
MemAvailable:    1468360 kB
Buffers:           86804 kB
Cached:           669648 kB
MemTotal:        1844596 kB
MemFree:          739048 kB
MemAvailable:    1466992 kB
Buffers:           86804 kB
Cached:           669648 kB
MemTotal:        1844596 kB
MemFree:          739172 kB
MemAvailable:    1467116 kB
Buffers:           86804 kB
Cached:           669648 kB
MemTotal:        1844596 kB
MemFree:          739164 kB
MemAvailable:    1467108 kB
Buffers:           86804 kB
Cached:           669648 kB
MemTotal:        1844596 kB
MemFree:          739208 kB
MemAvailable:    1467152 kB
Buffers:           86804 kB
Cached:           669648 kB
MemTotal:        1844596 kB
MemFree:          740316 kB
MemAvailable:    1468260 kB
Buffers:           86804 kB
Cached:           669648 kB
MemTotal:        1844596 kB
MemFree:          740400 kB
MemAvailable:    1468344 kB
Buffers:           86804 kB
Cached:           669648 kB
MemTotal:        1844596 kB
MemFree:          740420 kB
MemAvailable:    1468364 kB
Buffers:           86804 kB
Cached:           669648 kB
MemTotal:        1844596 kB
MemFree:          740336 kB
MemAvailable:    1468280 kB
Buffers:           86804 kB
Cached:           669648 kB
MemTotal:        1844596 kB
MemFree:          740336 kB
MemAvailable:    1468280 kB
Buffers:           86804 kB
Cached:           669648 kB
MemTotal:        1844596 kB
MemFree:          740464 kB
MemAvailable:    1468408 kB
Buffers:           86804 kB
Cached:           669648 kB
MemTotal:        1844596 kB
MemFree:          740476 kB
MemAvailable:    1468420 kB
Buffers:           86804 kB
Cached:           669648 kB
MemTotal:        1844596 kB
MemFree:          739044 kB
MemAvailable:    1466988 kB
Buffers:           86804 kB
Cached:           669648 kB
MemTotal:        1844596 kB
MemFree:          739088 kB
MemAvailable:    1467032 kB
Buffers:           86804 kB
Cached:           669648 kB
MemTotal:        1844596 kB
MemFree:          740272 kB
MemAvailable:    1468216 kB
Buffers:           86804 kB
Cached:           669648 kB
MemTotal:        1844596 kB
MemFree:          740356 kB
MemAvailable:    1468300 kB
Buffers:           86804 kB
Cached:           669648 kB
MemTotal:        1844596 kB
MemFree:          740096 kB
MemAvailable:    1468040 kB
Buffers:           86804 kB
Cached:           669648 kB
MemTotal:        1844596 kB
MemFree:          739700 kB
MemAvailable:    1467644 kB
Buffers:           86804 kB
Cached:           669648 kB
MemTotal:        1844596 kB
MemFree:          740180 kB
MemAvailable:    1468124 kB
Buffers:           86804 kB
Cached:           669648 kB
MemTotal:        1844596 kB
MemFree:          740516 kB
MemAvailable:    1468460 kB
Buffers:           86804 kB
Cached:           669648 kB
MemTotal:        1844596 kB
MemFree:          740352 kB
MemAvailable:    1468296 kB
Buffers:           86804 kB
Cached:           669648 kB
MemTotal:        1844596 kB
MemFree:          740352 kB
MemAvailable:    1468296 kB
Buffers:           86804 kB
Cached:           669648 kB
MemTotal:        1844596 kB
MemFree:          739064 kB
MemAvailable:    1467008 kB
Buffers:           86804 kB
Cached:           669648 kB
MemTotal:        1844596 kB
MemFree:          739312 kB
MemAvailable:    1467256 kB
Buffers:           86804 kB
Cached:           669648 kB
MemTotal:        1844596 kB
MemFree:          740476 kB
MemAvailable:    1468420 kB
Buffers:           86804 kB
Cached:           669648 kB
MemTotal:        1844596 kB
MemFree:          740244 kB
MemAvailable:    1468188 kB
Buffers:           86804 kB
Cached:           669648 kB
MemTotal:        1844596 kB
MemFree:          740344 kB
MemAvailable:    1468288 kB
Buffers:           86804 kB
Cached:           669648 kB
MemTotal:        1844596 kB
MemFree:          740236 kB
MemAvailable:    1468180 kB
Buffers:           86804 kB
Cached:           669648 kB
MemTotal:        1844596 kB
MemFree:          740532 kB
MemAvailable:    1468476 kB
Buffers:           86804 kB
Cached:           669648 kB
MemTotal:        1844596 kB
MemFree:          740360 kB
MemAvailable:    1468304 kB
Buffers:           86804 kB
Cached:           669648 kB
MemTotal:        1844596 kB
MemFree:          739740 kB
MemAvailable:    1467684 kB
Buffers:           86804 kB
Cached:           669648 kB
MemTotal:        1844596 kB
MemFree:          740952 kB
MemAvailable:    1468896 kB
Buffers:           86804 kB
Cached:           669648 kB
MemTotal:        1844596 kB
MemFree:          740660 kB
MemAvailable:    1468604 kB
Buffers:           86804 kB
Cached:           669648 kB
MemTotal:        1844596 kB
MemFree:          740600 kB
MemAvailable:    1468544 kB
Buffers:           86804 kB
Cached:           669648 kB
MemTotal:        1844596 kB
MemFree:          739608 kB
MemAvailable:    1467552 kB
Buffers:           86804 kB
Cached:           669648 kB
MemTotal:        1844596 kB
MemFree:          739732 kB
MemAvailable:    1467676 kB
Buffers:           86804 kB
Cached:           669648 kB
MemTotal:        1844596 kB
MemFree:          739492 kB
MemAvailable:    1467436 kB
Buffers:           86804 kB
Cached:           669648 kB
MemTotal:        1844596 kB
MemFree:          740592 kB
MemAvailable:    1468536 kB
Buffers:           86804 kB
Cached:           669648 kB
MemTotal:        1844596 kB
MemFree:          740592 kB
MemAvailable:    1468536 kB
Buffers:           86804 kB
Cached:           669648 kB
MemTotal:        1844596 kB
MemFree:          740364 kB
MemAvailable:    1468308 kB
Buffers:           86804 kB
Cached:           669648 kB
MemTotal:        1844596 kB
MemFree:          740232 kB
MemAvailable:    1468176 kB
Buffers:           86804 kB
Cached:           669648 kB
MemTotal:        1844596 kB
MemFree:          740100 kB
MemAvailable:    1468044 kB
Buffers:           86804 kB
Cached:           669648 kB
MemTotal:        1844596 kB
MemFree:          738668 kB
MemAvailable:    1466612 kB
Buffers:           86804 kB
Cached:           669648 kB
MemTotal:        1844596 kB
MemFree:          738252 kB
MemAvailable:    1466196 kB
Buffers:           86804 kB
Cached:           669648 kB
MemTotal:        1844596 kB
MemFree:          739492 kB
MemAvailable:    1467436 kB
Buffers:           86804 kB
Cached:           669648 kB
MemTotal:        1844596 kB
MemFree:          738252 kB
MemAvailable:    1466196 kB
Buffers:           86804 kB
Cached:           669648 kB
MemTotal:        1844596 kB
MemFree:          739084 kB
MemAvailable:    1467028 kB
Buffers:           86804 kB
Cached:           669648 kB
MemTotal:        1844596 kB
MemFree:          739420 kB
MemAvailable:    1467364 kB
Buffers:           86804 kB
Cached:           669648 kB
MemTotal:        1844596 kB
MemFree:          739224 kB
MemAvailable:    1467168 kB
Buffers:           86804 kB
Cached:           669648 kB
MemTotal:        1844596 kB
MemFree:          738376 kB
MemAvailable:    1466320 kB
Buffers:           86804 kB
Cached:           669648 kB
MemTotal:        1844596 kB
MemFree:          739228 kB
MemAvailable:    1467172 kB
Buffers:           86804 kB
Cached:           669648 kB
MemTotal:        1844596 kB
MemFree:          739312 kB
MemAvailable:    1467256 kB
Buffers:           86804 kB
Cached:           669648 kB
MemTotal:        1844596 kB
MemFree:          739168 kB
MemAvailable:    1467112 kB
Buffers:           86804 kB
Cached:           669648 kB
MemTotal:        1844596 kB
MemFree:          739036 kB
MemAvailable:    1466980 kB
Buffers:           86804 kB
Cached:           669648 kB
MemTotal:        1844596 kB
MemFree:          738012 kB
MemAvailable:    1465956 kB
Buffers:           86804 kB
Cached:           669648 kB
MemTotal:        1844596 kB
MemFree:          739048 kB
MemAvailable:    1467000 kB
Buffers:           86804 kB
Cached:           669656 kB
MemTotal:        1844596 kB
MemFree:          737748 kB
MemAvailable:    1465700 kB
Buffers:           86804 kB
Cached:           669656 kB
MemTotal:        1844596 kB
MemFree:          738864 kB
MemAvailable:    1466816 kB
Buffers:           86804 kB
Cached:           669656 kB
MemTotal:        1844596 kB
MemFree:          738876 kB
MemAvailable:    1466828 kB
Buffers:           86804 kB
Cached:           669656 kB
MemTotal:        1844596 kB
MemFree:          737736 kB
MemAvailable:    1465688 kB
Buffers:           86804 kB
Cached:           669656 kB
MemTotal:        1844596 kB
MemFree:          738908 kB
MemAvailable:    1466860 kB
Buffers:           86804 kB
Cached:           669656 kB
MemTotal:        1844596 kB
MemFree:          737888 kB
MemAvailable:    1465840 kB
Buffers:           86804 kB
Cached:           669656 kB
MemTotal:        1844596 kB
MemFree:          738872 kB
MemAvailable:    1466824 kB
Buffers:           86804 kB
Cached:           669656 kB
MemTotal:        1844596 kB
MemFree:          739052 kB
MemAvailable:    1467004 kB
Buffers:           86804 kB
Cached:           669656 kB
MemTotal:        1844596 kB
MemFree:          738676 kB
MemAvailable:    1466628 kB
Buffers:           86804 kB
Cached:           669656 kB
MemTotal:        1844596 kB
MemFree:          737456 kB
MemAvailable:    1465408 kB
Buffers:           86804 kB
Cached:           669656 kB
MemTotal:        1844596 kB
MemFree:          737328 kB
MemAvailable:    1465280 kB
Buffers:           86804 kB
Cached:           669656 kB
MemTotal:        1844596 kB
MemFree:          738628 kB
MemAvailable:    1466580 kB
Buffers:           86804 kB
Cached:           669656 kB
MemTotal:        1844596 kB
MemFree:          737488 kB
MemAvailable:    1465440 kB
Buffers:           86804 kB
Cached:           669656 kB
MemTotal:        1844596 kB
MemFree:          736392 kB
MemAvailable:    1464344 kB
Buffers:           86804 kB
Cached:           669656 kB
MemTotal:        1844596 kB
MemFree:          733540 kB
MemAvailable:    1461492 kB
Buffers:           86804 kB
Cached:           669656 kB
MemTotal:        1844596 kB
MemFree:          729324 kB
MemAvailable:    1457276 kB
Buffers:           86804 kB
Cached:           669656 kB
MemTotal:        1844596 kB
MemFree:          726844 kB
MemAvailable:    1454796 kB
Buffers:           86804 kB
Cached:           669656 kB
MemTotal:        1844596 kB
MemFree:          726604 kB
MemAvailable:    1454556 kB
Buffers:           86804 kB
Cached:           669656 kB
MemTotal:        1844596 kB
MemFree:          726356 kB
MemAvailable:    1454308 kB
Buffers:           86804 kB
Cached:           669656 kB
MemTotal:        1844596 kB
MemFree:          726348 kB
MemAvailable:    1454300 kB
Buffers:           86804 kB
Cached:           669656 kB
MemTotal:        1844596 kB
MemFree:          725984 kB
MemAvailable:    1453936 kB
Buffers:           86804 kB
Cached:           669656 kB
MemTotal:        1844596 kB
MemFree:          726728 kB
MemAvailable:    1454680 kB
Buffers:           86804 kB
Cached:           669656 kB
MemTotal:        1844596 kB
MemFree:          726092 kB
MemAvailable:    1454044 kB
Buffers:           86804 kB
Cached:           669656 kB
MemTotal:        1844596 kB
MemFree:          726092 kB
MemAvailable:    1454044 kB
Buffers:           86804 kB
Cached:           669656 kB
MemTotal:        1844596 kB
MemFree:          725416 kB
MemAvailable:    1453368 kB
Buffers:           86804 kB
Cached:           669656 kB
MemTotal:        1844596 kB
MemFree:          724124 kB
MemAvailable:    1452076 kB
Buffers:           86804 kB
Cached:           669656 kB
MemTotal:        1844596 kB
MemFree:          723936 kB
MemAvailable:    1451888 kB
Buffers:           86804 kB
Cached:           669656 kB
MemTotal:        1844596 kB
MemFree:          722636 kB
MemAvailable:    1450588 kB
Buffers:           86804 kB
Cached:           669656 kB
MemTotal:        1844596 kB
MemFree:          722636 kB
MemAvailable:    1450588 kB
Buffers:           86804 kB
Cached:           669656 kB
MemTotal:        1844596 kB
MemFree:          723876 kB
MemAvailable:    1451828 kB
Buffers:           86804 kB
Cached:           669656 kB
MemTotal:        1844596 kB
MemFree:          723140 kB
MemAvailable:    1451092 kB
Buffers:           86804 kB
Cached:           669656 kB
MemTotal:        1844596 kB
MemFree:          723680 kB
MemAvailable:    1451632 kB
Buffers:           86804 kB
Cached:           669656 kB
MemTotal:        1844596 kB
MemFree:          723772 kB
MemAvailable:    1451724 kB
Buffers:           86804 kB
Cached:           669656 kB
MemTotal:        1844596 kB
MemFree:          722464 kB
MemAvailable:    1450416 kB
Buffers:           86804 kB
Cached:           669656 kB
MemTotal:        1844596 kB
MemFree:          723612 kB
MemAvailable:    1451564 kB
Buffers:           86804 kB
Cached:           669656 kB
MemTotal:        1844596 kB
MemFree:          723612 kB
MemAvailable:    1451564 kB
Buffers:           86804 kB
Cached:           669656 kB
MemTotal:        1844596 kB
MemFree:          723432 kB
MemAvailable:    1451384 kB
Buffers:           86804 kB
Cached:           669656 kB
MemTotal:        1844596 kB
MemFree:          723768 kB
MemAvailable:    1451720 kB
Buffers:           86804 kB
Cached:           669656 kB
MemTotal:        1844596 kB
MemFree:          723476 kB
MemAvailable:    1451428 kB
Buffers:           86804 kB
Cached:           669656 kB
MemTotal:        1844596 kB
MemFree:          723812 kB
MemAvailable:    1451764 kB
Buffers:           86804 kB
Cached:           669656 kB
MemTotal:        1844596 kB
MemFree:          723000 kB
MemAvailable:    1450952 kB
Buffers:           86804 kB
Cached:           669656 kB
MemTotal:        1844596 kB
MemFree:          723000 kB
MemAvailable:    1450952 kB
Buffers:           86804 kB
Cached:           669656 kB
MemTotal:        1844596 kB
MemFree:          722016 kB
MemAvailable:    1449968 kB
Buffers:           86804 kB
Cached:           669656 kB
MemTotal:        1844596 kB
MemFree:          720644 kB
MemAvailable:    1448596 kB
Buffers:           86804 kB
Cached:           669656 kB
MemTotal:        1844596 kB
MemFree:          721712 kB
MemAvailable:    1449664 kB
Buffers:           86804 kB
Cached:           669656 kB
MemTotal:        1844596 kB
MemFree:          720652 kB
MemAvailable:    1448604 kB
Buffers:           86804 kB
Cached:           669656 kB
MemTotal:        1844596 kB
MemFree:          721000 kB
MemAvailable:    1448952 kB
Buffers:           86804 kB
Cached:           669656 kB
MemTotal:        1844596 kB
MemFree:          721000 kB
MemAvailable:    1448952 kB
Buffers:           86804 kB
Cached:           669656 kB
MemTotal:        1844596 kB
MemFree:          720932 kB
MemAvailable:    1448884 kB
Buffers:           86804 kB
Cached:           669656 kB
MemTotal:        1844596 kB
MemFree:          720588 kB
MemAvailable:    1448540 kB
Buffers:           86804 kB
Cached:           669656 kB
MemTotal:        1844596 kB
MemFree:          720500 kB
MemAvailable:    1448452 kB
Buffers:           86804 kB
Cached:           669656 kB
MemTotal:        1844596 kB
MemFree:          719164 kB
MemAvailable:    1447116 kB
Buffers:           86804 kB
Cached:           669656 kB
MemTotal:        1844596 kB
MemFree:          720144 kB
MemAvailable:    1448096 kB
Buffers:           86804 kB
Cached:           669656 kB
MemTotal:        1844596 kB
MemFree:          719020 kB
MemAvailable:    1446972 kB
Buffers:           86804 kB
Cached:           669656 kB
MemTotal:        1844596 kB
MemFree:          718668 kB
MemAvailable:    1446620 kB
Buffers:           86804 kB
Cached:           669656 kB
MemTotal:        1844596 kB
MemFree:          718404 kB
MemAvailable:    1446356 kB
Buffers:           86804 kB
Cached:           669656 kB
MemTotal:        1844596 kB
MemFree:          719712 kB
MemAvailable:    1447664 kB
Buffers:           86804 kB
Cached:           669656 kB
MemTotal:        1844596 kB
MemFree:          719776 kB
MemAvailable:    1447728 kB
Buffers:           86804 kB
Cached:           669656 kB
MemTotal:        1844596 kB
MemFree:          719604 kB
MemAvailable:    1447556 kB
Buffers:           86804 kB
Cached:           669656 kB
MemTotal:        1844596 kB
MemFree:          719376 kB
MemAvailable:    1447328 kB
Buffers:           86804 kB
Cached:           669656 kB
MemTotal:        1844596 kB
MemFree:          719712 kB
MemAvailable:    1447664 kB
Buffers:           86804 kB
Cached:           669656 kB
MemTotal:        1844596 kB
MemFree:          719468 kB
MemAvailable:    1447420 kB
Buffers:           86804 kB
Cached:           669656 kB
MemTotal:        1844596 kB
MemFree:          719484 kB
MemAvailable:    1447436 kB
Buffers:           86804 kB
Cached:           669656 kB
MemTotal:        1844596 kB
MemFree:          719652 kB
MemAvailable:    1447604 kB
Buffers:           86804 kB
Cached:           669656 kB
MemTotal:        1844596 kB
MemFree:          719400 kB
MemAvailable:    1447352 kB
Buffers:           86804 kB
Cached:           669656 kB
MemTotal:        1844596 kB
MemFree:          719276 kB
MemAvailable:    1447228 kB
Buffers:           86804 kB
Cached:           669656 kB
MemTotal:        1844596 kB
MemFree:          719196 kB
MemAvailable:    1447148 kB
Buffers:           86804 kB
Cached:           669656 kB
MemTotal:        1844596 kB
MemFree:          719212 kB
MemAvailable:    1447164 kB
Buffers:           86804 kB
Cached:           669656 kB
MemTotal:        1844596 kB
MemFree:          718092 kB
MemAvailable:    1446044 kB
Buffers:           86804 kB
Cached:           669656 kB
MemTotal:        1844596 kB
MemFree:          719332 kB
MemAvailable:    1447284 kB
Buffers:           86804 kB
Cached:           669656 kB
MemTotal:        1844596 kB
MemFree:          719148 kB
MemAvailable:    1447100 kB
Buffers:           86804 kB
Cached:           669656 kB
MemTotal:        1844596 kB
MemFree:          719148 kB
MemAvailable:    1447100 kB
Buffers:           86804 kB
Cached:           669656 kB
MemTotal:        1844596 kB
MemFree:          719212 kB
MemAvailable:    1447164 kB
Buffers:           86804 kB
Cached:           669656 kB
MemTotal:        1844596 kB
MemFree:          719380 kB
MemAvailable:    1447332 kB
Buffers:           86804 kB
Cached:           669656 kB
MemTotal:        1844596 kB
MemFree:          719128 kB
MemAvailable:    1447080 kB
Buffers:           86804 kB
Cached:           669656 kB
MemTotal:        1844596 kB
MemFree:          719464 kB
MemAvailable:    1447416 kB
Buffers:           86804 kB
Cached:           669656 kB
MemTotal:        1844596 kB
MemFree:          717980 kB
MemAvailable:    1445932 kB
Buffers:           86804 kB
Cached:           669656 kB
MemTotal:        1844596 kB
MemFree:          719088 kB
MemAvailable:    1447040 kB
Buffers:           86804 kB
Cached:           669656 kB
MemTotal:        1844596 kB
MemFree:          718140 kB
MemAvailable:    1446092 kB
Buffers:           86804 kB
Cached:           669656 kB
MemTotal:        1844596 kB
MemFree:          719372 kB
MemAvailable:    1447324 kB
Buffers:           86804 kB
Cached:           669656 kB
MemTotal:        1844596 kB
MemFree:          718040 kB
MemAvailable:    1445992 kB
Buffers:           86804 kB
Cached:           669656 kB
MemTotal:        1844596 kB
MemFree:          718376 kB
MemAvailable:    1446328 kB
Buffers:           86804 kB
Cached:           669656 kB
MemTotal:        1844596 kB
MemFree:          717792 kB
MemAvailable:    1445744 kB
Buffers:           86804 kB
Cached:           669656 kB
MemTotal:        1844596 kB
MemFree:          717560 kB
MemAvailable:    1445512 kB
Buffers:           86804 kB
Cached:           669656 kB
MemTotal:        1844596 kB
MemFree:          715816 kB
MemAvailable:    1443768 kB
Buffers:           86804 kB
Cached:           669656 kB
MemTotal:        1844596 kB
MemFree:          714560 kB
MemAvailable:    1442512 kB
Buffers:           86804 kB
Cached:           669656 kB
MemTotal:        1844596 kB
MemFree:          714452 kB
MemAvailable:    1442404 kB
Buffers:           86804 kB
Cached:           669656 kB
MemTotal:        1844596 kB
MemFree:          710592 kB
MemAvailable:    1438544 kB
Buffers:           86804 kB
Cached:           669656 kB
MemTotal:        1844596 kB
MemFree:          710112 kB
MemAvailable:    1438064 kB
Buffers:           86804 kB
Cached:           669656 kB
MemTotal:        1844596 kB
MemFree:          706516 kB
MemAvailable:    1434468 kB
Buffers:           86804 kB
Cached:           669656 kB
MemTotal:        1844596 kB
MemFree:          704224 kB
MemAvailable:    1432176 kB
Buffers:           86804 kB
Cached:           669656 kB
MemTotal:        1844596 kB
MemFree:          701244 kB
MemAvailable:    1429208 kB
Buffers:           86804 kB
Cached:           669668 kB
MemTotal:        1844596 kB
MemFree:          701120 kB
MemAvailable:    1429084 kB
Buffers:           86804 kB
Cached:           669668 kB
MemTotal:        1844596 kB
MemFree:          701004 kB
MemAvailable:    1428968 kB
Buffers:           86804 kB
Cached:           669668 kB
MemTotal:        1844596 kB
MemFree:          700924 kB
MemAvailable:    1428888 kB
Buffers:           86804 kB
Cached:           669668 kB
MemTotal:        1844596 kB
MemFree:          699636 kB
MemAvailable:    1427600 kB
Buffers:           86804 kB
Cached:           669668 kB
MemTotal:        1844596 kB
MemFree:          700612 kB
MemAvailable:    1428576 kB
Buffers:           86804 kB
Cached:           669668 kB
MemTotal:        1844596 kB
MemFree:          700696 kB
MemAvailable:    1428660 kB
Buffers:           86804 kB
Cached:           669668 kB
MemTotal:        1844596 kB
MemFree:          700376 kB
MemAvailable:    1428340 kB
Buffers:           86804 kB
Cached:           669668 kB
MemTotal:        1844596 kB
MemFree:          700712 kB
MemAvailable:    1428676 kB
Buffers:           86804 kB
Cached:           669668 kB
MemTotal:        1844596 kB
MemFree:          700628 kB
MemAvailable:    1428592 kB
Buffers:           86804 kB
Cached:           669668 kB
MemTotal:        1844596 kB
MemFree:          700400 kB
MemAvailable:    1428364 kB
Buffers:           86804 kB
Cached:           669668 kB
MemTotal:        1844596 kB
MemFree:          700736 kB
MemAvailable:    1428700 kB
Buffers:           86804 kB
Cached:           669668 kB
MemTotal:        1844596 kB
MemFree:          699292 kB
MemAvailable:    1427256 kB
Buffers:           86804 kB
Cached:           669668 kB
MemTotal:        1844596 kB
MemFree:          700128 kB
MemAvailable:    1428092 kB
Buffers:           86804 kB
Cached:           669668 kB
MemTotal:        1844596 kB
MemFree:          698828 kB
MemAvailable:    1426792 kB
Buffers:           86804 kB
Cached:           669668 kB
MemTotal:        1844596 kB
MemFree:          699824 kB
MemAvailable:    1427788 kB
Buffers:           86804 kB
Cached:           669668 kB
MemTotal:        1844596 kB
MemFree:          698456 kB
MemAvailable:    1426420 kB
Buffers:           86804 kB
Cached:           669668 kB
MemTotal:        1844596 kB
MemFree:          699648 kB
MemAvailable:    1427612 kB
Buffers:           86804 kB
Cached:           669668 kB
MemTotal:        1844596 kB
MemFree:          699732 kB
MemAvailable:    1427696 kB
Buffers:           86804 kB
Cached:           669668 kB
MemTotal:        1844596 kB
MemFree:          699508 kB
MemAvailable:    1427472 kB
Buffers:           86804 kB
Cached:           669668 kB
MemTotal:        1844596 kB
MemFree:          699076 kB
MemAvailable:    1427040 kB
Buffers:           86804 kB
Cached:           669668 kB
MemTotal:        1844596 kB
MemFree:          699632 kB
MemAvailable:    1427596 kB
Buffers:           86804 kB
Cached:           669668 kB
MemTotal:        1844596 kB
MemFree:          699836 kB
MemAvailable:    1427800 kB
Buffers:           86804 kB
Cached:           669668 kB
MemTotal:        1844596 kB
MemFree:          699872 kB
MemAvailable:    1427836 kB
Buffers:           86804 kB
Cached:           669668 kB
MemTotal:        1844596 kB
MemFree:          699756 kB
MemAvailable:    1427720 kB
Buffers:           86804 kB
Cached:           669668 kB
MemTotal:        1844596 kB
MemFree:          699756 kB
MemAvailable:    1427720 kB
Buffers:           86804 kB
Cached:           669668 kB
MemTotal:        1844596 kB
MemFree:          699084 kB
MemAvailable:    1427048 kB
Buffers:           86804 kB
Cached:           669668 kB
MemTotal:        1844596 kB
MemFree:          699640 kB
MemAvailable:    1427604 kB
Buffers:           86804 kB
Cached:           669668 kB
MemTotal:        1844596 kB
MemFree:          699724 kB
MemAvailable:    1427688 kB
Buffers:           86804 kB
Cached:           669668 kB
MemTotal:        1844596 kB
MemFree:          699672 kB
MemAvailable:    1427636 kB
Buffers:           86804 kB
Cached:           669668 kB
MemTotal:        1844596 kB
MemFree:          699732 kB
MemAvailable:    1427696 kB
Buffers:           86804 kB
Cached:           669668 kB
MemTotal:        1844596 kB
MemFree:          699828 kB
MemAvailable:    1427792 kB
Buffers:           86804 kB
Cached:           669668 kB
MemTotal:        1844596 kB
MemFree:          699700 kB
MemAvailable:    1427664 kB
Buffers:           86804 kB
Cached:           669668 kB
MemTotal:        1844596 kB
MemFree:          698568 kB
MemAvailable:    1426532 kB
Buffers:           86804 kB
Cached:           669668 kB
MemTotal:        1844596 kB
MemFree:          698568 kB
MemAvailable:    1426532 kB
Buffers:           86804 kB
Cached:           669668 kB
MemTotal:        1844596 kB
MemFree:          695596 kB
MemAvailable:    1423560 kB
Buffers:           86804 kB
Cached:           669668 kB
MemTotal:        1844596 kB
MemFree:          692008 kB
MemAvailable:    1419972 kB
Buffers:           86804 kB
Cached:           669668 kB
MemTotal:        1844596 kB
MemFree:          689892 kB
MemAvailable:    1417856 kB
Buffers:           86804 kB
Cached:           669668 kB
MemTotal:        1844596 kB
MemFree:          687180 kB
MemAvailable:    1415144 kB
Buffers:           86804 kB
Cached:           669668 kB
MemTotal:        1844596 kB
MemFree:          683568 kB
MemAvailable:    1411532 kB
Buffers:           86804 kB
Cached:           669668 kB
MemTotal:        1844596 kB
MemFree:          683452 kB
MemAvailable:    1411416 kB
Buffers:           86804 kB
Cached:           669668 kB
MemTotal:        1844596 kB
MemFree:          681800 kB
MemAvailable:    1409764 kB
Buffers:           86804 kB
Cached:           669668 kB
MemTotal:        1844596 kB
MemFree:          680600 kB
MemAvailable:    1408564 kB
Buffers:           86804 kB
Cached:           669668 kB
MemTotal:        1844596 kB
MemFree:          681584 kB
MemAvailable:    1409548 kB
Buffers:           86804 kB
Cached:           669668 kB
MemTotal:        1844596 kB
MemFree:          681840 kB
MemAvailable:    1409804 kB
Buffers:           86804 kB
Cached:           669668 kB
MemTotal:        1844596 kB
MemFree:          681528 kB
MemAvailable:    1409492 kB
Buffers:           86804 kB
Cached:           669668 kB
MemTotal:        1844596 kB
MemFree:          681528 kB
MemAvailable:    1409492 kB
Buffers:           86804 kB
Cached:           669668 kB
MemTotal:        1844596 kB
MemFree:          681268 kB
MemAvailable:    1409232 kB
Buffers:           86804 kB
Cached:           669668 kB
MemTotal:        1844596 kB
MemFree:          681156 kB
MemAvailable:    1409120 kB
Buffers:           86804 kB
Cached:           669668 kB
MemTotal:        1844596 kB
MemFree:          681428 kB
MemAvailable:    1409392 kB
Buffers:           86804 kB
Cached:           669668 kB
MemTotal:        1844596 kB
MemFree:          681680 kB
MemAvailable:    1409644 kB
Buffers:           86804 kB
Cached:           669668 kB
MemTotal:        1844596 kB
MemFree:          681420 kB
MemAvailable:    1409384 kB
Buffers:           86804 kB
Cached:           669668 kB
MemTotal:        1844596 kB
MemFree:          681600 kB
MemAvailable:    1409564 kB
Buffers:           86804 kB
Cached:           669668 kB
MemTotal:        1844596 kB
MemFree:          680724 kB
MemAvailable:    1408688 kB
Buffers:           86804 kB
Cached:           669668 kB
MemTotal:        1844596 kB
MemFree:          681316 kB
MemAvailable:    1409280 kB
Buffers:           86804 kB
Cached:           669668 kB
MemTotal:        1844596 kB
MemFree:          681652 kB
MemAvailable:    1409616 kB
Buffers:           86804 kB
Cached:           669668 kB
MemTotal:        1844596 kB
MemFree:          681528 kB
MemAvailable:    1409492 kB
Buffers:           86804 kB
Cached:           669668 kB
MemTotal:        1844596 kB
MemFree:          681476 kB
MemAvailable:    1409440 kB
Buffers:           86804 kB
Cached:           669668 kB
MemTotal:        1844596 kB
MemFree:          680220 kB
MemAvailable:    1408184 kB
Buffers:           86804 kB
Cached:           669668 kB
MemTotal:        1844596 kB
MemFree:          681604 kB
MemAvailable:    1409568 kB
Buffers:           86804 kB
Cached:           669668 kB
MemTotal:        1844596 kB
MemFree:          681516 kB
MemAvailable:    1409480 kB
Buffers:           86804 kB
Cached:           669668 kB
MemTotal:        1844596 kB
MemFree:          680460 kB
MemAvailable:    1408424 kB
Buffers:           86804 kB
Cached:           669668 kB
MemTotal:        1844596 kB
MemFree:          680428 kB
MemAvailable:    1408392 kB
Buffers:           86804 kB
Cached:           669668 kB
MemTotal:        1844596 kB
MemFree:          680476 kB
MemAvailable:    1408440 kB
Buffers:           86804 kB
Cached:           669668 kB
MemTotal:        1844596 kB
MemFree:          681280 kB
MemAvailable:    1409244 kB
Buffers:           86804 kB
Cached:           669668 kB
MemTotal:        1844596 kB
MemFree:          681616 kB
MemAvailable:    1409580 kB
Buffers:           86804 kB
Cached:           669668 kB
MemTotal:        1844596 kB
MemFree:          681316 kB
MemAvailable:    1409280 kB
Buffers:           86804 kB
Cached:           669668 kB
MemTotal:        1844596 kB
MemFree:          681652 kB
MemAvailable:    1409616 kB
Buffers:           86804 kB
Cached:           669668 kB
MemTotal:        1844596 kB
MemFree:          680312 kB
MemAvailable:    1408276 kB
Buffers:           86804 kB
Cached:           669668 kB
MemTotal:        1844596 kB
MemFree:          680716 kB
MemAvailable:    1408680 kB
Buffers:           86804 kB
Cached:           669668 kB
MemTotal:        1844596 kB
MemFree:          681400 kB
MemAvailable:    1409364 kB
Buffers:           86804 kB
Cached:           669668 kB
MemTotal:        1844596 kB
MemFree:          681532 kB
MemAvailable:    1409496 kB
Buffers:           86804 kB
Cached:           669668 kB
MemTotal:        1844596 kB
MemFree:          681592 kB
MemAvailable:    1409556 kB
Buffers:           86804 kB
Cached:           669668 kB
MemTotal:        1844596 kB
MemFree:          681524 kB
MemAvailable:    1409488 kB
Buffers:           86804 kB
Cached:           669668 kB
MemTotal:        1844596 kB
MemFree:          680572 kB
MemAvailable:    1408536 kB
Buffers:           86804 kB
Cached:           669668 kB
MemTotal:        1844596 kB
MemFree:          680324 kB
MemAvailable:    1408292 kB
Buffers:           86804 kB
Cached:           669672 kB
MemTotal:        1844596 kB
MemFree:          681420 kB
MemAvailable:    1409392 kB
Buffers:           86804 kB
Cached:           669676 kB
MemTotal:        1844596 kB
MemFree:          681588 kB
MemAvailable:    1409560 kB
Buffers:           86804 kB
Cached:           669676 kB
MemTotal:        1844596 kB
MemFree:          674880 kB
MemAvailable:    1402852 kB
Buffers:           86804 kB
Cached:           669676 kB
MemTotal:        1844596 kB
MemFree:          674968 kB
MemAvailable:    1402940 kB
Buffers:           86804 kB
Cached:           669676 kB
MemTotal:        1844596 kB
MemFree:          669316 kB
MemAvailable:    1397288 kB
Buffers:           86804 kB
Cached:           669676 kB
MemTotal:        1844596 kB
MemFree:          664348 kB
MemAvailable:    1392320 kB
Buffers:           86804 kB
Cached:           669676 kB
MemTotal:        1844596 kB
MemFree:          663620 kB
MemAvailable:    1391592 kB
Buffers:           86804 kB
Cached:           669676 kB
MemTotal:        1844596 kB
MemFree:          663928 kB
MemAvailable:    1391900 kB
Buffers:           86804 kB
Cached:           669676 kB
MemTotal:        1844596 kB
MemFree:          663364 kB
MemAvailable:    1391336 kB
Buffers:           86804 kB
Cached:           669676 kB
MemTotal:        1844596 kB
MemFree:          663852 kB
MemAvailable:    1391824 kB
Buffers:           86804 kB
Cached:           669676 kB
MemTotal:        1844596 kB
MemFree:          663232 kB
MemAvailable:    1391204 kB
Buffers:           86804 kB
Cached:           669676 kB
MemTotal:        1844596 kB
MemFree:          663316 kB
MemAvailable:    1391288 kB
Buffers:           86804 kB
Cached:           669676 kB
MemTotal:        1844596 kB
MemFree:          663100 kB
MemAvailable:    1391072 kB
Buffers:           86804 kB
Cached:           669676 kB
MemTotal:        1844596 kB
MemFree:          662992 kB
MemAvailable:    1390964 kB
Buffers:           86804 kB
Cached:           669676 kB
MemTotal:        1844596 kB
MemFree:          661820 kB
MemAvailable:    1389792 kB
Buffers:           86804 kB
Cached:           669676 kB
MemTotal:        1844596 kB
MemFree:          661820 kB
MemAvailable:    1389792 kB
Buffers:           86804 kB
Cached:           669676 kB
MemTotal:        1844596 kB
MemFree:          662728 kB
MemAvailable:    1390700 kB
Buffers:           86804 kB
Cached:           669676 kB
MemTotal:        1844596 kB
MemFree:          662728 kB
MemAvailable:    1390700 kB
Buffers:           86804 kB
Cached:           669676 kB
MemTotal:        1844596 kB
MemFree:          662572 kB
MemAvailable:    1390544 kB
Buffers:           86804 kB
Cached:           669676 kB
MemTotal:        1844596 kB
MemFree:          662536 kB
MemAvailable:    1390508 kB
Buffers:           86804 kB
Cached:           669676 kB
MemTotal:        1844596 kB
MemFree:          661320 kB
MemAvailable:    1389292 kB
Buffers:           86804 kB
Cached:           669676 kB
MemTotal:        1844596 kB
MemFree:          661256 kB
MemAvailable:    1389228 kB
Buffers:           86804 kB
Cached:           669676 kB
MemTotal:        1844596 kB
MemFree:          660760 kB
MemAvailable:    1388732 kB
Buffers:           86804 kB
Cached:           669676 kB
MemTotal:        1844596 kB
MemFree:          660388 kB
MemAvailable:    1388360 kB
Buffers:           86804 kB
Cached:           669676 kB
MemTotal:        1844596 kB
MemFree:          660496 kB
MemAvailable:    1388468 kB
Buffers:           86804 kB
Cached:           669676 kB
MemTotal:        1844596 kB
MemFree:          660496 kB
MemAvailable:    1388468 kB
Buffers:           86804 kB
Cached:           669676 kB
MemTotal:        1844596 kB
MemFree:          659944 kB
MemAvailable:    1387916 kB
Buffers:           86804 kB
Cached:           669676 kB
MemTotal:        1844596 kB
MemFree:          660280 kB
MemAvailable:    1388252 kB
Buffers:           86804 kB
Cached:           669676 kB
MemTotal:        1844596 kB
MemFree:          658388 kB
MemAvailable:    1386360 kB
Buffers:           86804 kB
Cached:           669676 kB
MemTotal:        1844596 kB
MemFree:          658388 kB
MemAvailable:    1386360 kB
Buffers:           86804 kB
Cached:           669676 kB
MemTotal:        1844596 kB
MemFree:          657032 kB
MemAvailable:    1384872 kB
Buffers:           86804 kB
Cached:           669676 kB
MemTotal:        1844596 kB
MemFree:          655496 kB
MemAvailable:    1383468 kB
Buffers:           86804 kB
Cached:           669676 kB
MemTotal:        1844596 kB
MemFree:          657040 kB
MemAvailable:    1385012 kB
Buffers:           86804 kB
Cached:           669676 kB
MemTotal:        1844596 kB
MemFree:          656960 kB
MemAvailable:    1384932 kB
Buffers:           86804 kB
Cached:           669676 kB
MemTotal:        1844596 kB
MemFree:          656056 kB
MemAvailable:    1384028 kB
Buffers:           86804 kB
Cached:           669676 kB
MemTotal:        1844596 kB
MemFree:          656736 kB
MemAvailable:    1384712 kB
Buffers:           86804 kB
Cached:           669680 kB
MemTotal:        1844596 kB
MemFree:          657072 kB
MemAvailable:    1385048 kB
Buffers:           86804 kB
Cached:           669680 kB
MemTotal:        1844596 kB
MemFree:          655752 kB
MemAvailable:    1383728 kB
Buffers:           86804 kB
Cached:           669680 kB
MemTotal:        1844596 kB
MemFree:          655628 kB
MemAvailable:    1383604 kB
Buffers:           86804 kB
Cached:           669680 kB
MemTotal:        1844596 kB
MemFree:          655304 kB
MemAvailable:    1383280 kB
Buffers:           86804 kB
Cached:           669680 kB
MemTotal:        1844596 kB
MemFree:          654436 kB
MemAvailable:    1382412 kB
Buffers:           86804 kB
Cached:           669680 kB
MemTotal:        1844596 kB
MemFree:          654436 kB
MemAvailable:    1382412 kB
Buffers:           86804 kB
Cached:           669680 kB
MemTotal:        1844596 kB
MemFree:          655536 kB
MemAvailable:    1383512 kB
Buffers:           86804 kB
Cached:           669680 kB
MemTotal:        1844596 kB
MemFree:          655536 kB
MemAvailable:    1383512 kB
Buffers:           86804 kB
Cached:           669680 kB
MemTotal:        1844596 kB
MemFree:          655284 kB
MemAvailable:    1383260 kB
Buffers:           86804 kB
Cached:           669680 kB
MemTotal:        1844596 kB
MemFree:          655536 kB
MemAvailable:    1383512 kB
Buffers:           86804 kB
Cached:           669680 kB
MemTotal:        1844596 kB
MemFree:          655296 kB
MemAvailable:    1383272 kB
Buffers:           86804 kB
Cached:           669680 kB
MemTotal:        1844596 kB
MemFree:          655296 kB
MemAvailable:    1383272 kB
Buffers:           86804 kB
Cached:           669680 kB
MemTotal:        1844596 kB
MemFree:          653880 kB
MemAvailable:    1381856 kB
Buffers:           86804 kB
Cached:           669680 kB
MemTotal:        1844596 kB
MemFree:          655376 kB
MemAvailable:    1383352 kB
Buffers:           86804 kB
Cached:           669680 kB
MemTotal:        1844596 kB
MemFree:          655536 kB
MemAvailable:    1383512 kB
Buffers:           86804 kB
Cached:           669680 kB
MemTotal:        1844596 kB
MemFree:          655156 kB
MemAvailable:    1383132 kB
Buffers:           86804 kB
Cached:           669680 kB
MemTotal:        1844596 kB
MemFree:          655156 kB
MemAvailable:    1383132 kB
Buffers:           86804 kB
Cached:           669680 kB
MemTotal:        1844596 kB
MemFree:          655228 kB
MemAvailable:    1383204 kB
Buffers:           86804 kB
Cached:           669680 kB
MemTotal:        1844596 kB
MemFree:          655056 kB
MemAvailable:    1383032 kB
Buffers:           86804 kB
Cached:           669680 kB
MemTotal:        1844596 kB
MemFree:          655152 kB
MemAvailable:    1383128 kB
Buffers:           86804 kB
Cached:           669680 kB
MemTotal:        1844596 kB
MemFree:          654384 kB
MemAvailable:    1382360 kB
Buffers:           86804 kB
Cached:           669680 kB
MemTotal:        1844596 kB
MemFree:          655208 kB
MemAvailable:    1383184 kB
Buffers:           86804 kB
Cached:           669680 kB
MemTotal:        1844596 kB
MemFree:          655380 kB
MemAvailable:    1383356 kB
Buffers:           86804 kB
Cached:           669680 kB
MemTotal:        1844596 kB
MemFree:          654052 kB
MemAvailable:    1382028 kB
Buffers:           86804 kB
Cached:           669680 kB
MemTotal:        1844596 kB
MemFree:          655344 kB
MemAvailable:    1383320 kB
Buffers:           86804 kB
Cached:           669680 kB
MemTotal:        1844596 kB
MemFree:          654004 kB
MemAvailable:    1381980 kB
Buffers:           86804 kB
Cached:           669680 kB
MemTotal:        1844596 kB
MemFree:          654288 kB
MemAvailable:    1382264 kB
Buffers:           86804 kB
Cached:           669680 kB
MemTotal:        1844596 kB
MemFree:          654040 kB
MemAvailable:    1382016 kB
Buffers:           86804 kB
Cached:           669680 kB
MemTotal:        1844596 kB
MemFree:          655232 kB
MemAvailable:    1383208 kB
Buffers:           86804 kB
Cached:           669680 kB
MemTotal:        1844596 kB
MemFree:          655484 kB
MemAvailable:    1383460 kB
Buffers:           86804 kB
Cached:           669680 kB
MemTotal:        1844596 kB
MemFree:          655256 kB
MemAvailable:    1383232 kB
Buffers:           86804 kB
Cached:           669680 kB
MemTotal:        1844596 kB
MemFree:          655312 kB
MemAvailable:    1383288 kB
Buffers:           86804 kB
Cached:           669680 kB
MemTotal:        1844596 kB
MemFree:          654568 kB
MemAvailable:    1382544 kB
Buffers:           86804 kB
Cached:           669680 kB
MemTotal:        1844596 kB
MemFree:          655412 kB
MemAvailable:    1383396 kB
Buffers:           86804 kB
Cached:           669688 kB
MemTotal:        1844596 kB
MemFree:          655412 kB
MemAvailable:    1383396 kB
Buffers:           86804 kB
Cached:           669688 kB
MemTotal:        1844596 kB
MemFree:          655236 kB
MemAvailable:    1383220 kB
Buffers:           86804 kB
Cached:           669688 kB
MemTotal:        1844596 kB
MemFree:          655404 kB
MemAvailable:    1383388 kB
Buffers:           86804 kB
Cached:           669688 kB
MemTotal:        1844596 kB
MemFree:          654052 kB
MemAvailable:    1382036 kB
Buffers:           86804 kB
Cached:           669688 kB
MemTotal:        1844596 kB
MemFree:          654168 kB
MemAvailable:    1382152 kB
Buffers:           86804 kB
Cached:           669688 kB
MemTotal:        1844596 kB
MemFree:          654176 kB
MemAvailable:    1382160 kB
Buffers:           86804 kB
Cached:           669688 kB
MemTotal:        1844596 kB
MemFree:          654312 kB
MemAvailable:    1382296 kB
Buffers:           86804 kB
Cached:           669688 kB
MemTotal:        1844596 kB
MemFree:          655116 kB
MemAvailable:    1383100 kB
Buffers:           86804 kB
Cached:           669688 kB
MemTotal:        1844596 kB
MemFree:          654436 kB
MemAvailable:    1382420 kB
Buffers:           86804 kB
Cached:           669688 kB
MemTotal:        1844596 kB
MemFree:          653928 kB
MemAvailable:    1381912 kB
Buffers:           86804 kB
Cached:           669688 kB
MemTotal:        1844596 kB
MemFree:          655228 kB
MemAvailable:    1383212 kB
Buffers:           86804 kB
Cached:           669688 kB
MemTotal:        1844596 kB
MemFree:          655112 kB
MemAvailable:    1383096 kB
Buffers:           86804 kB
Cached:           669688 kB
MemTotal:        1844596 kB
MemFree:          655364 kB
MemAvailable:    1383348 kB
Buffers:           86804 kB
Cached:           669688 kB
MemTotal:        1844596 kB
MemFree:          655124 kB
MemAvailable:    1383108 kB
Buffers:           86804 kB
Cached:           669688 kB
MemTotal:        1844596 kB
MemFree:          652576 kB
MemAvailable:    1380560 kB
Buffers:           86804 kB
Cached:           669688 kB
MemTotal:        1844596 kB
MemFree:          650404 kB
MemAvailable:    1378388 kB
Buffers:           86804 kB
Cached:           669688 kB
MemTotal:        1844596 kB
MemFree:          646492 kB
MemAvailable:    1374476 kB
Buffers:           86804 kB
Cached:           669688 kB
MemTotal:        1844596 kB
MemFree:          646576 kB
MemAvailable:    1374560 kB
Buffers:           86804 kB
Cached:           669688 kB
MemTotal:        1844596 kB
MemFree:          642284 kB
MemAvailable:    1370268 kB
Buffers:           86804 kB
Cached:           669688 kB
MemTotal:        1844596 kB
MemFree:          639492 kB
MemAvailable:    1367476 kB
Buffers:           86804 kB
Cached:           669688 kB
MemTotal:        1844596 kB
MemFree:          635836 kB
MemAvailable:    1363820 kB
Buffers:           86804 kB
Cached:           669688 kB
MemTotal:        1844596 kB
MemFree:          635952 kB
MemAvailable:    1363936 kB
Buffers:           86804 kB
Cached:           669688 kB
MemTotal:        1844596 kB
MemFree:          635952 kB
MemAvailable:    1363936 kB
Buffers:           86804 kB
Cached:           669688 kB
MemTotal:        1844596 kB
MemFree:          634708 kB
MemAvailable:    1362692 kB
Buffers:           86804 kB
Cached:           669688 kB
MemTotal:        1844596 kB
MemFree:          635776 kB
MemAvailable:    1363760 kB
Buffers:           86804 kB
Cached:           669688 kB
MemTotal:        1844596 kB
MemFree:          634660 kB
MemAvailable:    1362644 kB
Buffers:           86804 kB
Cached:           669688 kB
MemTotal:        1844596 kB
MemFree:          635804 kB
MemAvailable:    1363788 kB
Buffers:           86804 kB
Cached:           669688 kB
MemTotal:        1844596 kB
MemFree:          635804 kB
MemAvailable:    1363788 kB
Buffers:           86804 kB
Cached:           669688 kB
MemTotal:        1844596 kB
MemFree:          635948 kB
MemAvailable:    1363932 kB
Buffers:           86804 kB
Cached:           669688 kB
MemTotal:        1844596 kB
MemFree:          634660 kB
MemAvailable:    1362644 kB
Buffers:           86804 kB
Cached:           669688 kB
MemTotal:        1844596 kB
MemFree:          635896 kB
MemAvailable:    1363880 kB
Buffers:           86804 kB
Cached:           669688 kB
MemTotal:        1844596 kB
MemFree:          635092 kB
MemAvailable:    1363076 kB
Buffers:           86804 kB
Cached:           669688 kB
MemTotal:        1844596 kB
MemFree:          635776 kB
MemAvailable:    1363760 kB
Buffers:           86804 kB
Cached:           669688 kB
MemTotal:        1844596 kB
MemFree:          636028 kB
MemAvailable:    1364012 kB
Buffers:           86804 kB
Cached:           669688 kB
MemTotal:        1844596 kB
MemFree:          635648 kB
MemAvailable:    1363632 kB
Buffers:           86804 kB
Cached:           669688 kB
MemTotal:        1844596 kB
MemFree:          635340 kB
MemAvailable:    1363324 kB
Buffers:           86804 kB
Cached:           669688 kB
MemTotal:        1844596 kB
MemFree:          634292 kB
MemAvailable:    1362276 kB
Buffers:           86804 kB
Cached:           669688 kB
MemTotal:        1844596 kB
MemFree:          634460 kB
MemAvailable:    1362444 kB
Buffers:           86804 kB
Cached:           669688 kB
MemTotal:        1844596 kB
MemFree:          634288 kB
MemAvailable:    1362272 kB
Buffers:           86804 kB
Cached:           669688 kB
MemTotal:        1844596 kB
MemFree:          635500 kB
MemAvailable:    1363484 kB
Buffers:           86804 kB
Cached:           669688 kB
MemTotal:        1844596 kB
MemFree:          634852 kB
MemAvailable:    1362836 kB
Buffers:           86804 kB
Cached:           669688 kB
MemTotal:        1844596 kB
MemFree:          635888 kB
MemAvailable:    1363872 kB
Buffers:           86804 kB
Cached:           669688 kB
MemTotal:        1844596 kB
MemFree:          635216 kB
MemAvailable:    1363200 kB
Buffers:           86804 kB
Cached:           669688 kB
MemTotal:        1844596 kB
MemFree:          635512 kB
MemAvailable:    1363496 kB
Buffers:           86804 kB
Cached:           669688 kB
MemTotal:        1844596 kB
MemFree:          635464 kB
MemAvailable:    1363448 kB
Buffers:           86804 kB
Cached:           669688 kB
MemTotal:        1844596 kB
MemFree:          635132 kB
MemAvailable:    1363116 kB
Buffers:           86804 kB
Cached:           669688 kB
MemTotal:        1844596 kB
MemFree:          635132 kB
MemAvailable:    1363116 kB
Buffers:           86804 kB
Cached:           669688 kB
MemTotal:        1844596 kB
MemFree:          633348 kB
MemAvailable:    1361332 kB
Buffers:           86804 kB
Cached:           669688 kB
MemTotal:        1844596 kB
MemFree:          633224 kB
MemAvailable:    1361208 kB
Buffers:           86804 kB
Cached:           669688 kB
MemTotal:        1844596 kB
MemFree:          625232 kB
MemAvailable:    1353216 kB
Buffers:           86804 kB
Cached:           669688 kB
MemTotal:        1844596 kB
MemFree:          626336 kB
MemAvailable:    1354320 kB
Buffers:           86804 kB
Cached:           669688 kB
MemTotal:        1844596 kB
MemFree:          625720 kB
MemAvailable:    1353704 kB
Buffers:           86804 kB
Cached:           669688 kB
MemTotal:        1844596 kB
MemFree:          625340 kB
MemAvailable:    1353324 kB
Buffers:           86804 kB
Cached:           669688 kB
MemTotal:        1844596 kB
MemFree:          625340 kB
MemAvailable:    1353324 kB
Buffers:           86804 kB
Cached:           669688 kB
MemTotal:        1844596 kB
MemFree:          625232 kB
MemAvailable:    1353216 kB
Buffers:           86804 kB
Cached:           669688 kB
MemTotal:        1844596 kB
MemFree:          624832 kB
MemAvailable:    1352900 kB
Buffers:           86804 kB
Cached:           669688 kB
MemTotal:        1844596 kB
MemFree:          622568 kB
MemAvailable:    1350552 kB
Buffers:           86804 kB
Cached:           669688 kB
MemTotal:        1844596 kB
MemFree:          623000 kB
MemAvailable:    1350984 kB
Buffers:           86804 kB
Cached:           669688 kB
MemTotal:        1844596 kB
MemFree:          621568 kB
MemAvailable:    1349552 kB
Buffers:           86804 kB
Cached:           669688 kB
MemTotal:        1844596 kB
MemFree:          622684 kB
MemAvailable:    1350668 kB
Buffers:           86804 kB
Cached:           669688 kB
MemTotal:        1844596 kB
MemFree:          621436 kB
MemAvailable:    1349420 kB
Buffers:           86804 kB
Cached:           669688 kB
MemTotal:        1844596 kB
MemFree:          621304 kB
MemAvailable:    1349372 kB
Buffers:           86804 kB
Cached:           669812 kB
MemTotal:        1844596 kB
MemFree:          621072 kB
MemAvailable:    1349392 kB
Buffers:           86804 kB
Cached:           670060 kB
MemTotal:        1844596 kB
MemFree:          620824 kB
MemAvailable:    1349228 kB
Buffers:           86804 kB
Cached:           670060 kB
MemTotal:        1844596 kB
MemFree:          622076 kB
MemAvailable:    1350564 kB
Buffers:           86804 kB
Cached:           670184 kB
MemTotal:        1844596 kB
MemFree:          621760 kB
MemAvailable:    1350332 kB
Buffers:           86804 kB
Cached:           670308 kB
MemTotal:        1844596 kB
MemFree:          621664 kB
MemAvailable:    1350236 kB
Buffers:           86804 kB
Cached:           670308 kB
MemTotal:        1844596 kB
MemFree:          621916 kB
MemAvailable:    1350488 kB
Buffers:           86804 kB
Cached:           670308 kB
MemTotal:        1844596 kB
MemFree:          621732 kB
MemAvailable:    1350388 kB
Buffers:           86804 kB
Cached:           670308 kB
MemTotal:        1844596 kB
MemFree:          621732 kB
MemAvailable:    1350388 kB
Buffers:           86804 kB
Cached:           670308 kB
MemTotal:        1844596 kB
MemFree:          620696 kB
MemAvailable:    1349352 kB
Buffers:           86804 kB
Cached:           670308 kB
MemTotal:        1844596 kB
MemFree:          620428 kB
MemAvailable:    1349084 kB
Buffers:           86804 kB
Cached:           670308 kB
MemTotal:        1844596 kB
MemFree:          620408 kB
MemAvailable:    1349064 kB
Buffers:           86804 kB
Cached:           670308 kB
MemTotal:        1844596 kB
MemFree:          621768 kB
MemAvailable:    1350424 kB
Buffers:           86804 kB
Cached:           670308 kB
MemTotal:        1844596 kB
MemFree:          621768 kB
MemAvailable:    1350424 kB
Buffers:           86804 kB
Cached:           670308 kB
MemTotal:        1844596 kB
MemFree:          621736 kB
MemAvailable:    1349720 kB
Buffers:           86804 kB
Cached:           669716 kB
MemTotal:        1844596 kB
MemFree:          622628 kB
MemAvailable:    1350612 kB
Buffers:           86804 kB
Cached:           669716 kB
MemTotal:        1844596 kB
MemFree:          621948 kB
MemAvailable:    1349932 kB
Buffers:           86804 kB
Cached:           669716 kB
MemTotal:        1844596 kB
MemFree:          770092 kB
MemAvailable:    1498076 kB
Buffers:           86804 kB
Cached:           669716 kB
MemTotal:        1844596 kB
MemFree:          817316 kB
MemAvailable:    1545300 kB
Buffers:           86804 kB
Cached:           669716 kB
