MemTotal:        1844596 kB
MemFree:          266364 kB
MemAvailable:    1545388 kB
Buffers:          103776 kB
Cached:          1191632 kB
MemTotal:        1844596 kB
MemFree:          238108 kB
MemAvailable:    1517140 kB
Buffers:          103776 kB
Cached:          1191640 kB
MemTotal:        1844596 kB
MemFree:          237612 kB
MemAvailable:    1516644 kB
Buffers:          103776 kB
Cached:          1191640 kB
MemTotal:        1844596 kB
MemFree:          238052 kB
MemAvailable:    1517084 kB
Buffers:          103776 kB
Cached:          1191640 kB
MemTotal:        1844596 kB
MemFree:          235316 kB
MemAvailable:    1514348 kB
Buffers:          103776 kB
Cached:          1191640 kB
MemTotal:        1844596 kB
MemFree:          234280 kB
MemAvailable:    1513312 kB
Buffers:          103776 kB
Cached:          1191640 kB
MemTotal:        1844596 kB
MemFree:          234000 kB
MemAvailable:    1513032 kB
Buffers:          103776 kB
Cached:          1191640 kB
MemTotal:        1844596 kB
MemFree:          233968 kB
MemAvailable:    1513000 kB
Buffers:          103776 kB
Cached:          1191640 kB
MemTotal:        1844596 kB
MemFree:          231172 kB
MemAvailable:    1510204 kB
Buffers:          103776 kB
Cached:          1191640 kB
MemTotal:        1844596 kB
MemFree:          229000 kB
MemAvailable:    1508032 kB
Buffers:          103776 kB
Cached:          1191640 kB
MemTotal:        1844596 kB
MemFree:          226088 kB
MemAvailable:    1505120 kB
Buffers:          103776 kB
Cached:          1191640 kB
MemTotal:        1844596 kB
MemFree:          223236 kB
MemAvailable:    1502268 kB
Buffers:          103776 kB
Cached:          1191640 kB
MemTotal:        1844596 kB
MemFree:          225668 kB
MemAvailable:    1504700 kB
Buffers:          103776 kB
Cached:          1191640 kB
MemTotal:        1844596 kB
MemFree:          225544 kB
MemAvailable:    1504576 kB
Buffers:          103776 kB
Cached:          1191640 kB
MemTotal:        1844596 kB
MemFree:          225592 kB
MemAvailable:    1504624 kB
Buffers:          103776 kB
Cached:          1191640 kB
MemTotal:        1844596 kB
MemFree:          225468 kB
MemAvailable:    1504500 kB
Buffers:          103776 kB
Cached:          1191640 kB
MemTotal:        1844596 kB
MemFree:          225336 kB
MemAvailable:    1504368 kB
Buffers:          103776 kB
Cached:          1191640 kB
MemTotal:        1844596 kB
MemFree:          226772 kB
MemAvailable:    1505804 kB
Buffers:          103776 kB
Cached:          1191640 kB
MemTotal:        1844596 kB
MemFree:          225088 kB
MemAvailable:    1504120 kB
Buffers:          103776 kB
Cached:          1191640 kB
MemTotal:        1844596 kB
MemFree:          225460 kB
MemAvailable:    1504492 kB
Buffers:          103776 kB
Cached:          1191640 kB
MemTotal:        1844596 kB
MemFree:          225096 kB
MemAvailable:    1504128 kB
Buffers:          103776 kB
Cached:          1191640 kB
MemTotal:        1844596 kB
MemFree:          225344 kB
MemAvailable:    1504376 kB
Buffers:          103776 kB
Cached:          1191640 kB
MemTotal:        1844596 kB
MemFree:          225840 kB
MemAvailable:    1504872 kB
Buffers:          103776 kB
Cached:          1191640 kB
MemTotal:        1844596 kB
MemFree:          225836 kB
MemAvailable:    1504868 kB
Buffers:          103776 kB
Cached:          1191640 kB
MemTotal:        1844596 kB
MemFree:          225336 kB
MemAvailable:    1504368 kB
Buffers:          103776 kB
Cached:          1191640 kB
MemTotal:        1844596 kB
MemFree:          225592 kB
MemAvailable:    1504624 kB
Buffers:          103776 kB
Cached:          1191640 kB
MemTotal:        1844596 kB
MemFree:          224104 kB
MemAvailable:    1503136 kB
Buffers:          103776 kB
Cached:          1191640 kB
MemTotal:        1844596 kB
MemFree:          223732 kB
MemAvailable:    1502764 kB
Buffers:          103776 kB
Cached:          1191640 kB
MemTotal:        1844596 kB
MemFree:          223956 kB
MemAvailable:    1502988 kB
Buffers:          103776 kB
Cached:          1191640 kB
MemTotal:        1844596 kB
MemFree:          223956 kB
MemAvailable:    1502988 kB
Buffers:          103776 kB
Cached:          1191640 kB
MemTotal:        1844596 kB
MemFree:          223792 kB
MemAvailable:    1502824 kB
Buffers:          103776 kB
Cached:          1191640 kB
MemTotal:        1844596 kB
MemFree:          223616 kB
MemAvailable:    1502648 kB
Buffers:          103776 kB
Cached:          1191640 kB
MemTotal:        1844596 kB
MemFree:          222444 kB
MemAvailable:    1501476 kB
Buffers:          103776 kB
Cached:          1191640 kB
MemTotal:        1844596 kB
MemFree:          223716 kB
MemAvailable:    1502748 kB
Buffers:          103776 kB
Cached:          1191640 kB
MemTotal:        1844596 kB
MemFree:          223716 kB
MemAvailable:    1502748 kB
Buffers:          103776 kB
Cached:          1191640 kB
MemTotal:        1844596 kB
MemFree:          223676 kB
MemAvailable:    1502708 kB
Buffers:          103776 kB
Cached:          1191640 kB
MemTotal:        1844596 kB
MemFree:          222552 kB
MemAvailable:    1501584 kB
Buffers:          103776 kB
Cached:          1191640 kB
MemTotal:        1844596 kB
MemFree:          223656 kB
MemAvailable:    1502688 kB
Buffers:          103776 kB
Cached:          1191640 kB
MemTotal:        1844596 kB
MemFree:          223360 kB
MemAvailable:    1502392 kB
Buffers:          103776 kB
Cached:          1191640 kB
MemTotal:        1844596 kB
MemFree:          222352 kB
MemAvailable:    1501384 kB
Buffers:          103776 kB
Cached:          1191640 kB
MemTotal:        1844596 kB
MemFree:          222440 kB
MemAvailable:    1501472 kB
Buffers:          103776 kB
Cached:          1191640 kB
MemTotal:        1844596 kB
MemFree:          218508 kB
MemAvailable:    1497540 kB
Buffers:          103776 kB
Cached:          1191640 kB
MemTotal:        1844596 kB
MemFree:          218276 kB
MemAvailable:    1497308 kB
Buffers:          103776 kB
Cached:          1191640 kB
MemTotal:        1844596 kB
MemFree:          218208 kB
MemAvailable:    1497240 kB
Buffers:          103776 kB
Cached:          1191640 kB
MemTotal:        1844596 kB
MemFree:          218276 kB
MemAvailable:    1497308 kB
Buffers:          103776 kB
Cached:          1191640 kB
MemTotal:        1844596 kB
MemFree:          218388 kB
MemAvailable:    1497420 kB
Buffers:          103776 kB
Cached:          1191640 kB
MemTotal:        1844596 kB
MemFree:          217992 kB
MemAvailable:    1497024 kB
Buffers:          103776 kB
Cached:          1191640 kB
MemTotal:        1844596 kB
MemFree:          218328 kB
MemAvailable:    1497360 kB
Buffers:          103776 kB
Cached:          1191640 kB
MemTotal:        1844596 kB
MemFree:          218084 kB
MemAvailable:    1497116 kB
Buffers:          103776 kB
Cached:          1191640 kB
MemTotal:        1844596 kB
MemFree:          216884 kB
MemAvailable:    1495916 kB
Buffers:          103776 kB
Cached:          1191640 kB
MemTotal:        1844596 kB
MemFree:          216628 kB
MemAvailable:    1495660 kB
Buffers:          103776 kB
Cached:          1191640 kB
MemTotal:        1844596 kB
MemFree:          216752 kB
MemAvailable:    1495784 kB
Buffers:          103776 kB
Cached:          1191640 kB
MemTotal:        1844596 kB
MemFree:          216752 kB
MemAvailable:    1495784 kB
Buffers:          103776 kB
Cached:          1191640 kB
MemTotal:        1844596 kB
MemFree:          217920 kB
MemAvailable:    1496952 kB
Buffers:          103776 kB
Cached:          1191640 kB
MemTotal:        1844596 kB
MemFree:          216788 kB
MemAvailable:    1495820 kB
Buffers:          103776 kB
Cached:          1191640 kB
MemTotal:        1844596 kB
MemFree:          217816 kB
MemAvailable:    1496852 kB
Buffers:          103776 kB
Cached:          1191644 kB
MemTotal:        1844596 kB
MemFree:          217912 kB
MemAvailable:    1496948 kB
Buffers:          103776 kB
Cached:          1191644 kB
MemTotal:        1844596 kB
MemFree:          212696 kB
MemAvailable:    1491732 kB
Buffers:          103776 kB
Cached:          1191644 kB
MemTotal:        1844596 kB
MemFree:          212060 kB
MemAvailable:    1491096 kB
Buffers:          103776 kB
Cached:          1191644 kB
MemTotal:        1844596 kB
MemFree:          211828 kB
MemAvailable:    1490864 kB
Buffers:          103776 kB
Cached:          1191644 kB
MemTotal:        1844596 kB
MemFree:          211580 kB
MemAvailable:    1490616 kB
Buffers:          103776 kB
Cached:          1191644 kB
MemTotal:        1844596 kB
MemFree:          210332 kB
MemAvailable:    1489368 kB
Buffers:          103776 kB
Cached:          1191644 kB
MemTotal:        1844596 kB
MemFree:          210028 kB
MemAvailable:    1489068 kB
Buffers:          103776 kB
Cached:          1191648 kB
MemTotal:        1844596 kB
MemFree:          208480 kB
MemAvailable:    1487520 kB
Buffers:          103776 kB
Cached:          1191648 kB
MemTotal:        1844596 kB
MemFree:          208232 kB
MemAvailable:    1487272 kB
Buffers:          103776 kB
Cached:          1191648 kB
MemTotal:        1844596 kB
MemFree:          208100 kB
MemAvailable:    1487140 kB
Buffers:          103776 kB
Cached:          1191648 kB
MemTotal:        1844596 kB
MemFree:          209528 kB
MemAvailable:    1488568 kB
Buffers:          103776 kB
Cached:          1191648 kB
MemTotal:        1844596 kB
MemFree:          209060 kB
MemAvailable:    1488100 kB
Buffers:          103776 kB
Cached:          1191648 kB
MemTotal:        1844596 kB
MemFree:          209084 kB
MemAvailable:    1488124 kB
Buffers:          103776 kB
Cached:          1191648 kB
MemTotal:        1844596 kB
MemFree:          209168 kB
MemAvailable:    1488208 kB
Buffers:          103776 kB
Cached:          1191648 kB
MemTotal:        1844596 kB
MemFree:          207984 kB
MemAvailable:    1487024 kB
Buffers:          103776 kB
Cached:          1191648 kB
MemTotal:        1844596 kB
MemFree:          209284 kB
MemAvailable:    1488324 kB
Buffers:          103776 kB
Cached:          1191648 kB
MemTotal:        1844596 kB
MemFree:          209152 kB
MemAvailable:    1488192 kB
Buffers:          103776 kB
Cached:          1191648 kB
MemTotal:        1844596 kB
MemFree:          209032 kB
MemAvailable:    1488072 kB
Buffers:          103776 kB
Cached:          1191648 kB
MemTotal:        1844596 kB
MemFree:          209200 kB
MemAvailable:    1488240 kB
Buffers:          103776 kB
Cached:          1191648 kB
MemTotal:        1844596 kB
MemFree:          208888 kB
MemAvailable:    1487928 kB
Buffers:          103776 kB
Cached:          1191648 kB
MemTotal:        1844596 kB
MemFree:          208848 kB
MemAvailable:    1487888 kB
Buffers:          103776 kB
Cached:          1191648 kB
MemTotal:        1844596 kB
MemFree:          208760 kB
MemAvailable:    1487800 kB
Buffers:          103776 kB
Cached:          1191648 kB
MemTotal:        1844596 kB
MemFree:          209008 kB
MemAvailable:    1488048 kB
Buffers:          103776 kB
Cached:          1191648 kB
MemTotal:        1844596 kB
MemFree:          207400 kB
MemAvailable:    1486440 kB
Buffers:          103776 kB
Cached:          1191648 kB
MemTotal:        1844596 kB
MemFree:          207532 kB
MemAvailable:    1486572 kB
Buffers:          103776 kB
Cached:          1191648 kB
MemTotal:        1844596 kB
MemFree:          208632 kB
MemAvailable:    1487672 kB
Buffers:          103776 kB
Cached:          1191648 kB
MemTotal:        1844596 kB
MemFree:          208632 kB
MemAvailable:    1487672 kB
Buffers:          103776 kB
Cached:          1191648 kB
MemTotal:        1844596 kB
MemFree:          205380 kB
MemAvailable:    1484420 kB
Buffers:          103776 kB
Cached:          1191648 kB
MemTotal:        1844596 kB
MemFree:          202032 kB
MemAvailable:    1481072 kB
Buffers:          103776 kB
Cached:          1191648 kB
MemTotal:        1844596 kB
MemFree:          200652 kB
MemAvailable:    1479692 kB
Buffers:          103776 kB
Cached:          1191648 kB
MemTotal:        1844596 kB
MemFree:          200652 kB
MemAvailable:    1479692 kB
Buffers:          103776 kB
Cached:          1191648 kB
MemTotal:        1844596 kB
MemFree:          200584 kB
MemAvailable:    1479624 kB
Buffers:          103776 kB
Cached:          1191648 kB
MemTotal:        1844596 kB
MemFree:          200544 kB
MemAvailable:    1479584 kB
Buffers:          103776 kB
Cached:          1191648 kB
MemTotal:        1844596 kB
MemFree:          200212 kB
MemAvailable:    1479252 kB
Buffers:          103776 kB
Cached:          1191648 kB
MemTotal:        1844596 kB
MemFree:          200048 kB
MemAvailable:    1479088 kB
Buffers:          103776 kB
Cached:          1191648 kB
MemTotal:        1844596 kB
MemFree:          198744 kB
MemAvailable:    1477784 kB
Buffers:          103776 kB
Cached:          1191648 kB
MemTotal:        1844596 kB
MemFree:          200152 kB
MemAvailable:    1479192 kB
Buffers:          103776 kB
Cached:          1191648 kB
MemTotal:        1844596 kB
MemFree:          199668 kB
MemAvailable:    1478708 kB
Buffers:          103776 kB
Cached:          1191648 kB
MemTotal:        1844596 kB
MemFree:          200732 kB
MemAvailable:    1479776 kB
Buffers:          103776 kB
Cached:          1191652 kB
MemTotal:        1844596 kB
MemFree:          200732 kB
MemAvailable:    1479776 kB
Buffers:          103776 kB
Cached:          1191652 kB
MemTotal:        1844596 kB
MemFree:          200340 kB
MemAvailable:    1479384 kB
Buffers:          103776 kB
Cached:          1191652 kB
MemTotal:        1844596 kB
MemFree:          198916 kB
MemAvailable:    1477960 kB
Buffers:          103776 kB
Cached:          1191652 kB
MemTotal:        1844596 kB
MemFree:          200100 kB
MemAvailable:    1479144 kB
Buffers:          103776 kB
Cached:          1191652 kB
MemTotal:        1844596 kB
MemFree:          200268 kB
MemAvailable:    1479312 kB
Buffers:          103776 kB
Cached:          1191652 kB
MemTotal:        1844596 kB
MemFree:          200148 kB
MemAvailable:    1479192 kB
Buffers:          103776 kB
Cached:          1191652 kB
MemTotal:        1844596 kB
MemFree:          198920 kB
MemAvailable:    1477964 kB
Buffers:          103776 kB
Cached:          1191652 kB
MemTotal:        1844596 kB
MemFree:          200276 kB
MemAvailable:    1479320 kB
Buffers:          103776 kB
Cached:          1191652 kB
MemTotal:        1844596 kB
MemFree:          199660 kB
MemAvailable:    1478704 kB
Buffers:          103776 kB
Cached:          1191652 kB
MemTotal:        1844596 kB
MemFree:          199128 kB
MemAvailable:    1478172 kB
Buffers:          103776 kB
Cached:          1191652 kB
MemTotal:        1844596 kB
MemFree:          199916 kB
MemAvailable:    1478960 kB
Buffers:          103776 kB
Cached:          1191652 kB
MemTotal:        1844596 kB
MemFree:          200172 kB
MemAvailable:    1479216 kB
Buffers:          103776 kB
Cached:          1191652 kB
MemTotal:        1844596 kB
MemFree:          200116 kB
MemAvailable:    1479160 kB
Buffers:          103776 kB
Cached:          1191652 kB
MemTotal:        1844596 kB
MemFree:          199924 kB
MemAvailable:    1478968 kB
Buffers:          103776 kB
Cached:          1191652 kB
MemTotal:        1844596 kB
MemFree:          200176 kB
MemAvailable:    1479220 kB
Buffers:          103776 kB
Cached:          1191652 kB
MemTotal:        1844596 kB
MemFree:          198864 kB
MemAvailable:    1477908 kB
Buffers:          103776 kB
Cached:          1191652 kB
MemTotal:        1844596 kB
MemFree:          200228 kB
MemAvailable:    1479272 kB
Buffers:          103776 kB
Cached:          1191652 kB
MemTotal:        1844596 kB
MemFree:          198740 kB
MemAvailable:    1477784 kB
Buffers:          103776 kB
Cached:          1191652 kB
MemTotal:        1844596 kB
MemFree:          200040 kB
MemAvailable:    1479084 kB
Buffers:          103776 kB
Cached:          1191652 kB
MemTotal:        1844596 kB
MemFree:          200224 kB
MemAvailable:    1479268 kB
Buffers:          103776 kB
Cached:          1191652 kB
MemTotal:        1844596 kB
MemFree:          200040 kB
MemAvailable:    1479084 kB
Buffers:          103776 kB
Cached:          1191652 kB
MemTotal:        1844596 kB
MemFree:          200040 kB
MemAvailable:    1479084 kB
Buffers:          103776 kB
Cached:          1191652 kB
MemTotal:        1844596 kB
MemFree:          198800 kB
MemAvailable:    1477844 kB
Buffers:          103776 kB
Cached:          1191652 kB
MemTotal:        1844596 kB
MemFree:          198924 kB
MemAvailable:    1477968 kB
Buffers:          103776 kB
Cached:          1191652 kB
MemTotal:        1844596 kB
MemFree:          198920 kB
MemAvailable:    1477964 kB
Buffers:          103776 kB
Cached:          1191652 kB
MemTotal:        1844596 kB
MemFree:          198748 kB
MemAvailable:    1477792 kB
Buffers:          103776 kB
Cached:          1191652 kB
MemTotal:        1844596 kB
MemFree:          198860 kB
MemAvailable:    1477904 kB
Buffers:          103776 kB
Cached:          1191652 kB
MemTotal:        1844596 kB
MemFree:          194328 kB
MemAvailable:    1473372 kB
Buffers:          103776 kB
Cached:          1191652 kB
MemTotal:        1844596 kB
MemFree:          193600 kB
MemAvailable:    1472644 kB
Buffers:          103776 kB
Cached:          1191652 kB
MemTotal:        1844596 kB
MemFree:          190872 kB
MemAvailable:    1469916 kB
Buffers:          103776 kB
Cached:          1191652 kB
MemTotal:        1844596 kB
MemFree:          188392 kB
MemAvailable:    1467436 kB
Buffers:          103776 kB
Cached:          1191652 kB
MemTotal:        1844596 kB
MemFree:          188136 kB
MemAvailable:    1467180 kB
Buffers:          103776 kB
Cached:          1191652 kB
MemTotal:        1844596 kB
MemFree:          188004 kB
MemAvailable:    1467048 kB
Buffers:          103776 kB
Cached:          1191652 kB
MemTotal:        1844596 kB
MemFree:          188004 kB
MemAvailable:    1467048 kB
Buffers:          103776 kB
Cached:          1191652 kB
MemTotal:        1844596 kB
MemFree:          189568 kB
MemAvailable:    1468612 kB
Buffers:          103776 kB
Cached:          1191652 kB
MemTotal:        1844596 kB
MemFree:          188764 kB
MemAvailable:    1467808 kB
Buffers:          103776 kB
Cached:          1191652 kB
MemTotal:        1844596 kB
MemFree:          189204 kB
MemAvailable:    1468248 kB
Buffers:          103776 kB
Cached:          1191652 kB
MemTotal:        1844596 kB
MemFree:          188132 kB
MemAvailable:    1467176 kB
Buffers:          103776 kB
Cached:          1191652 kB
MemTotal:        1844596 kB
MemFree:          187960 kB
MemAvailable:    1467004 kB
Buffers:          103776 kB
Cached:          1191652 kB
MemTotal:        1844596 kB
MemFree:          187828 kB
MemAvailable:    1466872 kB
Buffers:          103776 kB
Cached:          1191652 kB
MemTotal:        1844596 kB
MemFree:          189200 kB
MemAvailable:    1468248 kB
Buffers:          103776 kB
Cached:          1191656 kB
MemTotal:        1844596 kB
MemFree:          188120 kB
MemAvailable:    1467168 kB
Buffers:          103776 kB
Cached:          1191656 kB
MemTotal:        1844596 kB
MemFree:          189260 kB
MemAvailable:    1468308 kB
Buffers:          103776 kB
Cached:          1191656 kB
MemTotal:        1844596 kB
MemFree:          189196 kB
MemAvailable:    1468244 kB
Buffers:          103776 kB
Cached:          1191656 kB
MemTotal:        1844596 kB
MemFree:          187972 kB
MemAvailable:    1467020 kB
Buffers:          103776 kB
Cached:          1191656 kB
MemTotal:        1844596 kB
MemFree:          188948 kB
MemAvailable:    1467996 kB
Buffers:          103776 kB
Cached:          1191656 kB
MemTotal:        1844596 kB
MemFree:          189284 kB
MemAvailable:    1468332 kB
Buffers:          103776 kB
Cached:          1191656 kB
MemTotal:        1844596 kB
MemFree:          187968 kB
MemAvailable:    1467016 kB
Buffers:          103776 kB
Cached:          1191656 kB
MemTotal:        1844596 kB
MemFree:          189244 kB
MemAvailable:    1468292 kB
Buffers:          103776 kB
Cached:          1191656 kB
MemTotal:        1844596 kB
MemFree:          189100 kB
MemAvailable:    1468148 kB
Buffers:          103776 kB
Cached:          1191656 kB
MemTotal:        1844596 kB
MemFree:          189012 kB
MemAvailable:    1468060 kB
Buffers:          103776 kB
Cached:          1191656 kB
MemTotal:        1844596 kB
MemFree:          189080 kB
MemAvailable:    1468128 kB
Buffers:          103776 kB
Cached:          1191656 kB
MemTotal:        1844596 kB
MemFree:          188132 kB
MemAvailable:    1467180 kB
Buffers:          103776 kB
Cached:          1191656 kB
MemTotal:        1844596 kB
MemFree:          189260 kB
MemAvailable:    1468308 kB
Buffers:          103776 kB
Cached:          1191656 kB
MemTotal:        1844596 kB
MemFree:          188524 kB
MemAvailable:    1467572 kB
Buffers:          103776 kB
Cached:          1191656 kB
MemTotal:        1844596 kB
MemFree:          189172 kB
MemAvailable:    1468224 kB
Buffers:          103776 kB
Cached:          1191660 kB
MemTotal:        1844596 kB
MemFree:          189516 kB
MemAvailable:    1468568 kB
Buffers:          103776 kB
Cached:          1191660 kB
MemTotal:        1844596 kB
MemFree:          189064 kB
MemAvailable:    1468116 kB
Buffers:          103776 kB
Cached:          1191660 kB
MemTotal:        1844596 kB
MemFree:          188144 kB
MemAvailable:    1467196 kB
Buffers:          103776 kB
Cached:          1191660 kB
MemTotal:        1844596 kB
MemFree:          188228 kB
MemAvailable:    1467280 kB
Buffers:          103776 kB
Cached:          1191660 kB
MemTotal:        1844596 kB
MemFree:          189320 kB
MemAvailable:    1468372 kB
Buffers:          103776 kB
Cached:          1191660 kB
MemTotal:        1844596 kB
MemFree:          189320 kB
MemAvailable:    1468372 kB
Buffers:          103776 kB
Cached:          1191660 kB
MemTotal:        1844596 kB
MemFree:          188524 kB
MemAvailable:    1467576 kB
Buffers:          103776 kB
Cached:          1191660 kB
MemTotal:        1844596 kB
MemFree:          189244 kB
MemAvailable:    1468296 kB
Buffers:          103776 kB
Cached:          1191660 kB
MemTotal:        1844596 kB
MemFree:          189012 kB
MemAvailable:    1468064 kB
Buffers:          103776 kB
Cached:          1191660 kB
MemTotal:        1844596 kB
MemFree:          187880 kB
MemAvailable:    1466932 kB
Buffers:          103776 kB
Cached:          1191660 kB
MemTotal:        1844596 kB
MemFree:          188004 kB
MemAvailable:    1467056 kB
Buffers:          103776 kB
Cached:          1191660 kB
MemTotal:        1844596 kB
MemFree:          189232 kB
MemAvailable:    1468284 kB
Buffers:          103776 kB
Cached:          1191660 kB
MemTotal:        1844596 kB
MemFree:          189316 kB
MemAvailable:    1468368 kB
Buffers:          103776 kB
Cached:          1191660 kB
MemTotal:        1844596 kB
MemFree:          188008 kB
MemAvailable:    1467060 kB
Buffers:          103776 kB
Cached:          1191660 kB
MemTotal:        1844596 kB
MemFree:          189300 kB
MemAvailable:    1468352 kB
Buffers:          103776 kB
Cached:          1191660 kB
MemTotal:        1844596 kB
MemFree:          189108 kB
MemAvailable:    1468160 kB
Buffers:          103776 kB
Cached:          1191660 kB
MemTotal:        1844596 kB
MemFree:          188888 kB
MemAvailable:    1467940 kB
Buffers:          103776 kB
Cached:          1191660 kB
MemTotal:        1844596 kB
MemFree:          189248 kB
MemAvailable:    1468300 kB
Buffers:          103776 kB
Cached:          1191660 kB
MemTotal:        1844596 kB
MemFree:          188000 kB
MemAvailable:    1467052 kB
Buffers:          103776 kB
Cached:          1191660 kB
MemTotal:        1844596 kB
MemFree:          187960 kB
MemAvailable:    1467012 kB
Buffers:          103776 kB
Cached:          1191660 kB
MemTotal:        1844596 kB
MemFree:          189060 kB
MemAvailable:    1468112 kB
Buffers:          103776 kB
Cached:          1191660 kB
MemTotal:        1844596 kB
MemFree:          189060 kB
MemAvailable:    1468112 kB
Buffers:          103776 kB
Cached:          1191660 kB
MemTotal:        1844596 kB
MemFree:          187384 kB
MemAvailable:    1466436 kB
Buffers:          103776 kB
Cached:          1191660 kB
MemTotal:        1844596 kB
MemFree:          188392 kB
MemAvailable:    1467444 kB
Buffers:          103776 kB
Cached:          1191660 kB
MemTotal:        1844596 kB
MemFree:          187284 kB
MemAvailable:    1466336 kB
Buffers:          103776 kB
Cached:          1191660 kB
MemTotal:        1844596 kB
MemFree:          187028 kB
MemAvailable:    1466084 kB
Buffers:          103776 kB
Cached:          1191664 kB
MemTotal:        1844596 kB
MemFree:          188072 kB
MemAvailable:    1467128 kB
Buffers:          103776 kB
Cached:          1191664 kB
MemTotal:        1844596 kB
MemFree:          186904 kB
MemAvailable:    1465960 kB
Buffers:          103776 kB
Cached:          1191664 kB
MemTotal:        1844596 kB
MemFree:          186824 kB
MemAvailable:    1465880 kB
Buffers:          103776 kB
Cached:          1191664 kB
MemTotal:        1844596 kB
MemFree:          186740 kB
MemAvailable:    1465796 kB
Buffers:          103776 kB
Cached:          1191664 kB
MemTotal:        1844596 kB
MemFree:          187932 kB
MemAvailable:    1466988 kB
Buffers:          103776 kB
Cached:          1191664 kB
MemTotal:        1844596 kB
MemFree:          188152 kB
MemAvailable:    1467208 kB
Buffers:          103776 kB
Cached:          1191664 kB
MemTotal:        1844596 kB
MemFree:          187816 kB
MemAvailable:    1466872 kB
Buffers:          103776 kB
Cached:          1191664 kB
MemTotal:        1844596 kB
MemFree:          186772 kB
MemAvailable:    1465828 kB
Buffers:          103776 kB
Cached:          1191664 kB
MemTotal:        1844596 kB
MemFree:          187748 kB
MemAvailable:    1466804 kB
Buffers:          103776 kB
Cached:          1191664 kB
MemTotal:        1844596 kB
MemFree:          188084 kB
MemAvailable:    1467140 kB
Buffers:          103776 kB
Cached:          1191664 kB
MemTotal:        1844596 kB
MemFree:          187624 kB
MemAvailable:    1466680 kB
Buffers:          103776 kB
Cached:          1191664 kB
MemTotal:        1844596 kB
MemFree:          187532 kB
MemAvailable:    1466588 kB
Buffers:          103776 kB
Cached:          1191664 kB
MemTotal:        1844596 kB
MemFree:          187772 kB
MemAvailable:    1466828 kB
Buffers:          103776 kB
Cached:          1191664 kB
MemTotal:        1844596 kB
MemFree:          187508 kB
MemAvailable:    1466564 kB
Buffers:          103776 kB
Cached:          1191664 kB
MemTotal:        1844596 kB
MemFree:          187844 kB
MemAvailable:    1466900 kB
Buffers:          103776 kB
Cached:          1191664 kB
MemTotal:        1844596 kB
MemFree:          186520 kB
MemAvailable:    1465576 kB
Buffers:          103776 kB
Cached:          1191664 kB
MemTotal:        1844596 kB
MemFree:          187712 kB
MemAvailable:    1466768 kB
Buffers:          103776 kB
Cached:          1191664 kB
MemTotal:        1844596 kB
MemFree:          187468 kB
MemAvailable:    1466524 kB
Buffers:          103776 kB
Cached:          1191664 kB
MemTotal:        1844596 kB
MemFree:          187720 kB
MemAvailable:    1466776 kB
Buffers:          103776 kB
Cached:          1191664 kB
MemTotal:        1844596 kB
MemFree:          187596 kB
MemAvailable:    1466652 kB
Buffers:          103776 kB
Cached:          1191664 kB
MemTotal:        1844596 kB
MemFree:          186356 kB
MemAvailable:    1465412 kB
Buffers:          103776 kB
Cached:          1191664 kB
MemTotal:        1844596 kB
MemFree:          184664 kB
MemAvailable:    1463720 kB
Buffers:          103776 kB
Cached:          1191664 kB
MemTotal:        1844596 kB
MemFree:          184556 kB
MemAvailable:    1463612 kB
Buffers:          103776 kB
Cached:          1191664 kB
MemTotal:        1844596 kB
MemFree:          179836 kB
MemAvailable:    1458892 kB
Buffers:          103776 kB
Cached:          1191664 kB
MemTotal:        1844596 kB
MemFree:          176736 kB
MemAvailable:    1455792 kB
Buffers:          103776 kB
Cached:          1191664 kB
MemTotal:        1844596 kB
MemFree:          175488 kB
MemAvailable:    1454544 kB
Buffers:          103776 kB
Cached:          1191664 kB
MemTotal:        1844596 kB
MemFree:          176108 kB
MemAvailable:    1455164 kB
Buffers:          103776 kB
Cached:          1191664 kB
MemTotal:        1844596 kB
MemFree:          176108 kB
MemAvailable:    1455164 kB
Buffers:          103776 kB
Cached:          1191664 kB
MemTotal:        1844596 kB
MemFree:          175984 kB
MemAvailable:    1455040 kB
Buffers:          103776 kB
Cached:          1191664 kB
MemTotal:        1844596 kB
MemFree:          174744 kB
MemAvailable:    1453800 kB
Buffers:          103776 kB
Cached:          1191664 kB
MemTotal:        1844596 kB
MemFree:          175496 kB
MemAvailable:    1454556 kB
Buffers:          103776 kB
Cached:          1191668 kB
MemTotal:        1844596 kB
MemFree:          174364 kB
MemAvailable:    1453424 kB
Buffers:          103776 kB
Cached:          1191668 kB
MemTotal:        1844596 kB
MemFree:          174616 kB
MemAvailable:    1453676 kB
Buffers:          103776 kB
Cached:          1191668 kB
MemTotal:        1844596 kB
MemFree:          173936 kB
MemAvailable:    1452996 kB
Buffers:          103776 kB
Cached:          1191668 kB
MemTotal:        1844596 kB
MemFree:          173324 kB
MemAvailable:    1452384 kB
Buffers:          103776 kB
Cached:          1191668 kB
MemTotal:        1844596 kB
MemFree:          171660 kB
MemAvailable:    1450720 kB
Buffers:          103776 kB
Cached:          1191668 kB
MemTotal:        1844596 kB
MemFree:          172372 kB
MemAvailable:    1451432 kB
Buffers:          103776 kB
Cached:          1191668 kB
MemTotal:        1844596 kB
MemFree:          172456 kB
MemAvailable:    1451516 kB
Buffers:          103776 kB
Cached:          1191668 kB
MemTotal:        1844596 kB
MemFree:          171232 kB
MemAvailable:    1450292 kB
Buffers:          103776 kB
Cached:          1191668 kB
MemTotal:        1844596 kB
MemFree:          172512 kB
MemAvailable:    1451572 kB
Buffers:          103776 kB
Cached:          1191668 kB
MemTotal:        1844596 kB
MemFree:          172764 kB
MemAvailable:    1451824 kB
Buffers:          103776 kB
Cached:          1191668 kB
MemTotal:        1844596 kB
MemFree:          172408 kB
MemAvailable:    1451468 kB
Buffers:          103776 kB
Cached:          1191668 kB
MemTotal:        1844596 kB
MemFree:          172528 kB
MemAvailable:    1451588 kB
Buffers:          103776 kB
Cached:          1191668 kB
MemTotal:        1844596 kB
MemFree:          171220 kB
MemAvailable:    1450280 kB
Buffers:          103776 kB
Cached:          1191668 kB
MemTotal:        1844596 kB
MemFree:          171220 kB
MemAvailable:    1450280 kB
Buffers:          103776 kB
Cached:          1191668 kB
MemTotal:        1844596 kB
MemFree:          171220 kB
MemAvailable:    1450280 kB
Buffers:          103776 kB
Cached:          1191668 kB
MemTotal:        1844596 kB
MemFree:          172496 kB
MemAvailable:    1451556 kB
Buffers:          103776 kB
Cached:          1191668 kB
MemTotal:        1844596 kB
MemFree:          172580 kB
MemAvailable:    1451640 kB
Buffers:          103776 kB
Cached:          1191668 kB
MemTotal:        1844596 kB
MemFree:          172272 kB
MemAvailable:    1451332 kB
Buffers:          103776 kB
Cached:          1191668 kB
MemTotal:        1844596 kB
MemFree:          172084 kB
MemAvailable:    1451144 kB
Buffers:          103776 kB
Cached:          1191668 kB
MemTotal:        1844596 kB
MemFree:          170784 kB
MemAvailable:    1449844 kB
Buffers:          103776 kB
Cached:          1191668 kB
MemTotal:        1844596 kB
MemFree:          170288 kB
MemAvailable:    1449348 kB
Buffers:          103776 kB
Cached:          1191668 kB
MemTotal:        1844596 kB
MemFree:          169544 kB
MemAvailable:    1448604 kB
Buffers:          103776 kB
Cached:          1191668 kB
MemTotal:        1844596 kB
MemFree:          169544 kB
MemAvailable:    1448604 kB
Buffers:          103776 kB
Cached:          1191668 kB
MemTotal:        1844596 kB
MemFree:          170528 kB
MemAvailable:    1449588 kB
Buffers:          103776 kB
Cached:          1191668 kB
MemTotal:        1844596 kB
MemFree:          170612 kB
MemAvailable:    1449480 kB
Buffers:          103776 kB
Cached:          1191668 kB
MemTotal:        1844596 kB
MemFree:          168800 kB
MemAvailable:    1447860 kB
Buffers:          103776 kB
Cached:          1191668 kB
MemTotal:        1844596 kB
MemFree:          169288 kB
MemAvailable:    1448348 kB
Buffers:          103776 kB
Cached:          1191668 kB
MemTotal:        1844596 kB
MemFree:          169056 kB
MemAvailable:    1448116 kB
Buffers:          103776 kB
Cached:          1191668 kB
MemTotal:        1844596 kB
MemFree:          168916 kB
MemAvailable:    1447976 kB
Buffers:          103776 kB
Cached:          1191668 kB
MemTotal:        1844596 kB
MemFree:          167760 kB
MemAvailable:    1446820 kB
Buffers:          103776 kB
Cached:          1191668 kB
MemTotal:        1844596 kB
MemFree:          167684 kB
MemAvailable:    1446744 kB
Buffers:          103776 kB
Cached:          1191668 kB
MemTotal:        1844596 kB
MemFree:          168856 kB
MemAvailable:    1447916 kB
Buffers:          103776 kB
Cached:          1191668 kB
MemTotal:        1844596 kB
MemFree:          167756 kB
MemAvailable:    1446816 kB
Buffers:          103776 kB
Cached:          1191668 kB
MemTotal:        1844596 kB
MemFree:          168256 kB
MemAvailable:    1447320 kB
Buffers:          103776 kB
Cached:          1191672 kB
MemTotal:        1844596 kB
MemFree:          168512 kB
MemAvailable:    1447576 kB
Buffers:          103776 kB
Cached:          1191672 kB
MemTotal:        1844596 kB
MemFree:          168372 kB
MemAvailable:    1447436 kB
Buffers:          103776 kB
Cached:          1191672 kB
MemTotal:        1844596 kB
MemFree:          168624 kB
MemAvailable:    1447688 kB
Buffers:          103776 kB
Cached:          1191672 kB
MemTotal:        1844596 kB
MemFree:          167132 kB
MemAvailable:    1446196 kB
Buffers:          103776 kB
Cached:          1191672 kB
MemTotal:        1844596 kB
MemFree:          168372 kB
MemAvailable:    1447436 kB
Buffers:          103776 kB
Cached:          1191672 kB
MemTotal:        1844596 kB
MemFree:          167000 kB
MemAvailable:    1446064 kB
Buffers:          103776 kB
Cached:          1191672 kB
MemTotal:        1844596 kB
MemFree:          168108 kB
MemAvailable:    1447172 kB
Buffers:          103776 kB
Cached:          1191672 kB
MemTotal:        1844596 kB
MemFree:          168276 kB
MemAvailable:    1447340 kB
Buffers:          103776 kB
Cached:          1191672 kB
MemTotal:        1844596 kB
MemFree:          167976 kB
MemAvailable:    1447040 kB
Buffers:          103776 kB
Cached:          1191672 kB
MemTotal:        1844596 kB
MemFree:          168240 kB
MemAvailable:    1447304 kB
Buffers:          103776 kB
Cached:          1191672 kB
MemTotal:        1844596 kB
MemFree:          168320 kB
MemAvailable:    1447384 kB
Buffers:          103776 kB
Cached:          1191672 kB
MemTotal:        1844596 kB
MemFree:          168128 kB
MemAvailable:    1447192 kB
Buffers:          103776 kB
Cached:          1191672 kB
MemTotal:        1844596 kB
MemFree:          168048 kB
MemAvailable:    1447112 kB
Buffers:          103776 kB
Cached:          1191672 kB
MemTotal:        1844596 kB
MemFree:          168384 kB
MemAvailable:    1447448 kB
Buffers:          103776 kB
Cached:          1191672 kB
MemTotal:        1844596 kB
MemFree:          168068 kB
MemAvailable:    1447132 kB
Buffers:          103776 kB
Cached:          1191672 kB
MemTotal:        1844596 kB
MemFree:          168104 kB
MemAvailable:    1447168 kB
Buffers:          103776 kB
Cached:          1191672 kB
MemTotal:        1844596 kB
MemFree:          167048 kB
MemAvailable:    1446112 kB
Buffers:          103776 kB
Cached:          1191672 kB
MemTotal:        1844596 kB
MemFree:          167172 kB
MemAvailable:    1446236 kB
Buffers:          103776 kB
Cached:          1191672 kB
MemTotal:        1844596 kB
MemFree:          168192 kB
MemAvailable:    1447256 kB
Buffers:          103776 kB
Cached:          1191672 kB
MemTotal:        1844596 kB
MemFree:          166892 kB
MemAvailable:    1445956 kB
Buffers:          103776 kB
Cached:          1191672 kB
MemTotal:        1844596 kB
MemFree:          167064 kB
MemAvailable:    1446128 kB
Buffers:          103776 kB
Cached:          1191672 kB
MemTotal:        1844596 kB
MemFree:          167992 kB
MemAvailable:    1447056 kB
Buffers:          103776 kB
Cached:          1191672 kB
MemTotal:        1844596 kB
MemFree:          167808 kB
MemAvailable:    1446872 kB
Buffers:          103776 kB
Cached:          1191672 kB
MemTotal:        1844596 kB
MemFree:          167064 kB
MemAvailable:    1446128 kB
Buffers:          103776 kB
Cached:          1191672 kB
MemTotal:        1844596 kB
MemFree:          165700 kB
MemAvailable:    1444764 kB
Buffers:          103776 kB
Cached:          1191672 kB
MemTotal:        1844596 kB
MemFree:          166428 kB
MemAvailable:    1445492 kB
Buffers:          103776 kB
Cached:          1191672 kB
MemTotal:        1844596 kB
MemFree:          165948 kB
MemAvailable:    1445012 kB
Buffers:          103776 kB
Cached:          1191672 kB
MemTotal:        1844596 kB
MemFree:          165380 kB
MemAvailable:    1444444 kB
Buffers:          103776 kB
Cached:          1191672 kB
MemTotal:        1844596 kB
MemFree:          163900 kB
MemAvailable:    1442964 kB
Buffers:          103776 kB
Cached:          1191672 kB
MemTotal:        1844596 kB
MemFree:          162228 kB
MemAvailable:    1441292 kB
Buffers:          103776 kB
Cached:          1191672 kB
MemTotal:        1844596 kB
MemFree:          157816 kB
MemAvailable:    1436880 kB
Buffers:          103776 kB
Cached:          1191672 kB
MemTotal:        1844596 kB
MemFree:          154788 kB
MemAvailable:    1433852 kB
Buffers:          103776 kB
Cached:          1191672 kB
MemTotal:        1844596 kB
MemFree:          150764 kB
MemAvailable:    1429828 kB
Buffers:          103776 kB
Cached:          1191672 kB
MemTotal:        1844596 kB
MemFree:          150764 kB
MemAvailable:    1429828 kB
Buffers:          103776 kB
Cached:          1191672 kB
MemTotal:        1844596 kB
MemFree:          148588 kB
MemAvailable:    1427652 kB
Buffers:          103776 kB
Cached:          1191672 kB
MemTotal:        1844596 kB
MemFree:          148704 kB
MemAvailable:    1427768 kB
Buffers:          103776 kB
Cached:          1191672 kB
MemTotal:        1844596 kB
MemFree:          149880 kB
MemAvailable:    1428944 kB
Buffers:          103776 kB
Cached:          1191672 kB
MemTotal:        1844596 kB
MemFree:          149772 kB
MemAvailable:    1428836 kB
Buffers:          103776 kB
Cached:          1191672 kB
MemTotal:        1844596 kB
MemFree:          148408 kB
MemAvailable:    1427472 kB
Buffers:          103776 kB
Cached:          1191672 kB
MemTotal:        1844596 kB
MemFree:          149772 kB
MemAvailable:    1428836 kB
Buffers:          103776 kB
Cached:          1191672 kB
MemTotal:        1844596 kB
MemFree:          149772 kB
MemAvailable:    1428836 kB
Buffers:          103776 kB
Cached:          1191672 kB
MemTotal:        1844596 kB
MemFree:          148168 kB
MemAvailable:    1427236 kB
Buffers:          103776 kB
Cached:          1191676 kB
MemTotal:        1844596 kB
MemFree:          149532 kB
MemAvailable:    1428600 kB
Buffers:          103776 kB
Cached:          1191676 kB
MemTotal:        1844596 kB
MemFree:          148044 kB
MemAvailable:    1427112 kB
Buffers:          103776 kB
Cached:          1191676 kB
MemTotal:        1844596 kB
MemFree:          149344 kB
MemAvailable:    1428412 kB
Buffers:          103776 kB
Cached:          1191676 kB
MemTotal:        1844596 kB
MemFree:          148548 kB
MemAvailable:    1427616 kB
Buffers:          103776 kB
Cached:          1191676 kB
MemTotal:        1844596 kB
MemFree:          148800 kB
MemAvailable:    1427868 kB
Buffers:          103776 kB
Cached:          1191676 kB
MemTotal:        1844596 kB
MemFree:          147340 kB
MemAvailable:    1426408 kB
Buffers:          103776 kB
Cached:          1191676 kB
MemTotal:        1844596 kB
MemFree:          147604 kB
MemAvailable:    1426672 kB
Buffers:          103776 kB
Cached:          1191676 kB
MemTotal:        1844596 kB
MemFree:          147224 kB
MemAvailable:    1426292 kB
Buffers:          103776 kB
Cached:          1191676 kB
MemTotal:        1844596 kB
MemFree:          147480 kB
MemAvailable:    1426548 kB
Buffers:          103776 kB
Cached:          1191676 kB
MemTotal:        1844596 kB
MemFree:          147356 kB
MemAvailable:    1426424 kB
Buffers:          103776 kB
Cached:          1191676 kB
MemTotal:        1844596 kB
MemFree:          148536 kB
MemAvailable:    1427604 kB
Buffers:          103776 kB
Cached:          1191676 kB
MemTotal:        1844596 kB
MemFree:          148704 kB
MemAvailable:    1427772 kB
Buffers:          103776 kB
Cached:          1191676 kB
MemTotal:        1844596 kB
MemFree:          148468 kB
MemAvailable:    1427536 kB
Buffers:          103776 kB
Cached:          1191676 kB
MemTotal:        1844596 kB
MemFree:          147344 kB
MemAvailable:    1426412 kB
Buffers:          103776 kB
Cached:          1191676 kB
MemTotal:        1844596 kB
MemFree:          147232 kB
MemAvailable:    1426300 kB
Buffers:          103776 kB
Cached:          1191676 kB
MemTotal:        1844596 kB
MemFree:          148608 kB
MemAvailable:    1427676 kB
Buffers:          103776 kB
Cached:          1191676 kB
MemTotal:        1844596 kB
MemFree:          147348 kB
MemAvailable:    1426416 kB
Buffers:          103776 kB
Cached:          1191676 kB
MemTotal:        1844596 kB
MemFree:          148672 kB
MemAvailable:    1427740 kB
Buffers:          103776 kB
Cached:          1191676 kB
MemTotal:        1844596 kB
MemFree:          147356 kB
MemAvailable:    1426424 kB
Buffers:          103776 kB
Cached:          1191676 kB
MemTotal:        1844596 kB
MemFree:          147184 kB
MemAvailable:    1426252 kB
Buffers:          103776 kB
Cached:          1191676 kB
MemTotal:        1844596 kB
MemFree:          147432 kB
MemAvailable:    1426500 kB
Buffers:          103776 kB
Cached:          1191676 kB
MemTotal:        1844596 kB
MemFree:          148588 kB
MemAvailable:    1427656 kB
Buffers:          103776 kB
Cached:          1191676 kB
MemTotal:        1844596 kB
MemFree:          148604 kB
MemAvailable:    1427672 kB
Buffers:          103776 kB
Cached:          1191676 kB
MemTotal:        1844596 kB
MemFree:          146364 kB
MemAvailable:    1425432 kB
Buffers:          103776 kB
Cached:          1191676 kB
MemTotal:        1844596 kB
MemFree:          142828 kB
MemAvailable:    1421896 kB
Buffers:          103776 kB
Cached:          1191676 kB
MemTotal:        1844596 kB
MemFree:          138792 kB
MemAvailable:    1417860 kB
Buffers:          103776 kB
Cached:          1191676 kB
MemTotal:        1844596 kB
MemFree:          138544 kB
MemAvailable:    1417612 kB
Buffers:          103776 kB
Cached:          1191676 kB
MemTotal:        1844596 kB
MemFree:          134080 kB
MemAvailable:    1413148 kB
Buffers:          103776 kB
Cached:          1191676 kB
MemTotal:        1844596 kB
MemFree:          133476 kB
MemAvailable:    1412544 kB
Buffers:          103776 kB
Cached:          1191676 kB
MemTotal:        1844596 kB
MemFree:          130616 kB
MemAvailable:    1409684 kB
Buffers:          103776 kB
Cached:          1191676 kB
MemTotal:        1844596 kB
MemFree:          130420 kB
MemAvailable:    1409488 kB
Buffers:          103776 kB
Cached:          1191676 kB
MemTotal:        1844596 kB
MemFree:          129384 kB
MemAvailable:    1408452 kB
Buffers:          103776 kB
Cached:          1191676 kB
MemTotal:        1844596 kB
MemFree:          130236 kB
MemAvailable:    1409304 kB
Buffers:          103776 kB
Cached:          1191676 kB
MemTotal:        1844596 kB
MemFree:          130492 kB
MemAvailable:    1409560 kB
Buffers:          103776 kB
Cached:          1191676 kB
MemTotal:        1844596 kB
MemFree:          130228 kB
MemAvailable:    1409296 kB
Buffers:          103776 kB
Cached:          1191676 kB
MemTotal:        1844596 kB
MemFree:          130228 kB
MemAvailable:    1409296 kB
Buffers:          103776 kB
Cached:          1191676 kB
MemTotal:        1844596 kB
MemFree:          130356 kB
MemAvailable:    1409424 kB
Buffers:          103776 kB
Cached:          1191676 kB
MemTotal:        1844596 kB
MemFree:          130368 kB
MemAvailable:    1409436 kB
Buffers:          103776 kB
Cached:          1191676 kB
MemTotal:        1844596 kB
MemFree:          129500 kB
MemAvailable:    1408568 kB
Buffers:          103776 kB
Cached:          1191676 kB
MemTotal:        1844596 kB
MemFree:          130092 kB
MemAvailable:    1409160 kB
Buffers:          103776 kB
Cached:          1191676 kB
MemTotal:        1844596 kB
MemFree:          130428 kB
MemAvailable:    1409496 kB
Buffers:          103776 kB
Cached:          1191676 kB
MemTotal:        1844596 kB
MemFree:          130280 kB
MemAvailable:    1409348 kB
Buffers:          103776 kB
Cached:          1191676 kB
MemTotal:        1844596 kB
MemFree:          130452 kB
MemAvailable:    1409520 kB
Buffers:          103776 kB
Cached:          1191676 kB
MemTotal:        1844596 kB
MemFree:          128956 kB
MemAvailable:    1408024 kB
Buffers:          103776 kB
Cached:          1191676 kB
MemTotal:        1844596 kB
MemFree:          130056 kB
MemAvailable:    1409124 kB
Buffers:          103776 kB
Cached:          1191676 kB
MemTotal:        1844596 kB
MemFree:          130392 kB
MemAvailable:    1409460 kB
Buffers:          103776 kB
Cached:          1191676 kB
MemTotal:        1844596 kB
MemFree:          129076 kB
MemAvailable:    1408144 kB
Buffers:          103776 kB
Cached:          1191676 kB
MemTotal:        1844596 kB
MemFree:          130184 kB
MemAvailable:    1409252 kB
Buffers:          103776 kB
Cached:          1191676 kB
MemTotal:        1844596 kB
MemFree:          128936 kB
MemAvailable:    1408004 kB
Buffers:          103776 kB
Cached:          1191676 kB
MemTotal:        1844596 kB
MemFree:          130404 kB
MemAvailable:    1409472 kB
Buffers:          103776 kB
Cached:          1191676 kB
MemTotal:        1844596 kB
MemFree:          129632 kB
MemAvailable:    1408700 kB
Buffers:          103776 kB
Cached:          1191676 kB
MemTotal:        1844596 kB
MemFree:          130712 kB
MemAvailable:    1409784 kB
Buffers:          103776 kB
Cached:          1191680 kB
MemTotal:        1844596 kB
MemFree:          129616 kB
MemAvailable:    1408688 kB
Buffers:          103776 kB
Cached:          1191680 kB
MemTotal:        1844596 kB
MemFree:          130276 kB
MemAvailable:    1409348 kB
Buffers:          103776 kB
Cached:          1191680 kB
MemTotal:        1844596 kB
MemFree:          130404 kB
MemAvailable:    1409476 kB
Buffers:          103776 kB
Cached:          1191680 kB
MemTotal:        1844596 kB
MemFree:          129500 kB
MemAvailable:    1408572 kB
Buffers:          103776 kB
Cached:          1191680 kB
MemTotal:        1844596 kB
MemFree:          130236 kB
MemAvailable:    1409308 kB
Buffers:          103776 kB
Cached:          1191680 kB
MemTotal:        1844596 kB
MemFree:          130488 kB
MemAvailable:    1409560 kB
Buffers:          103776 kB
Cached:          1191680 kB
MemTotal:        1844596 kB
MemFree:          128996 kB
MemAvailable:    1408068 kB
Buffers:          103776 kB
Cached:          1191680 kB
MemTotal:        1844596 kB
MemFree:          130380 kB
MemAvailable:    1409452 kB
Buffers:          103776 kB
Cached:          1191680 kB
MemTotal:        1844596 kB
MemFree:          128976 kB
MemAvailable:    1408048 kB
Buffers:          103776 kB
Cached:          1191680 kB
MemTotal:        1844596 kB
MemFree:          130348 kB
MemAvailable:    1409420 kB
Buffers:          103776 kB
Cached:          1191680 kB
MemTotal:        1844596 kB
MemFree:          128944 kB
MemAvailable:    1408016 kB
Buffers:          103776 kB
Cached:          1191680 kB
MemTotal:        1844596 kB
MemFree:          130212 kB
MemAvailable:    1409284 kB
Buffers:          103776 kB
Cached:          1191680 kB
MemTotal:        1844596 kB
MemFree:          130244 kB
MemAvailable:    1409316 kB
Buffers:          103776 kB
Cached:          1191680 kB
MemTotal:        1844596 kB
MemFree:          130356 kB
MemAvailable:    1409428 kB
Buffers:          103776 kB
Cached:          1191680 kB
MemTotal:        1844596 kB
MemFree:          129108 kB
MemAvailable:    1408180 kB
Buffers:          103776 kB
Cached:          1191680 kB
MemTotal:        1844596 kB
MemFree:          125780 kB
MemAvailable:    1404852 kB
Buffers:          103776 kB
Cached:          1191680 kB
MemTotal:        1844596 kB
MemFree:          122492 kB
MemAvailable:    1401564 kB
Buffers:          103776 kB
Cached:          1191680 kB
MemTotal:        1844596 kB
MemFree:          118216 kB
MemAvailable:    1397288 kB
Buffers:          103776 kB
Cached:          1191680 kB
MemTotal:        1844596 kB
MemFree:          114868 kB
MemAvailable:    1393940 kB
Buffers:          103776 kB
Cached:          1191680 kB
MemTotal:        1844596 kB
MemFree:          112016 kB
MemAvailable:    1391088 kB
Buffers:          103776 kB
Cached:          1191680 kB
MemTotal:        1844596 kB
MemFree:          111876 kB
MemAvailable:    1390956 kB
Buffers:          103776 kB
Cached:          1191688 kB
MemTotal:        1844596 kB
MemFree:          111760 kB
MemAvailable:    1390840 kB
Buffers:          103776 kB
Cached:          1191688 kB
MemTotal:        1844596 kB
MemFree:          112000 kB
MemAvailable:    1391080 kB
Buffers:          103776 kB
Cached:          1191688 kB
MemTotal:        1844596 kB
MemFree:          111892 kB
MemAvailable:    1390972 kB
Buffers:          103776 kB
Cached:          1191688 kB
MemTotal:        1844596 kB
MemFree:          110596 kB
MemAvailable:    1389676 kB
Buffers:          103776 kB
Cached:          1191688 kB
MemTotal:        1844596 kB
MemFree:          110756 kB
MemAvailable:    1389836 kB
Buffers:          103776 kB
Cached:          1191688 kB
MemTotal:        1844596 kB
MemFree:          111996 kB
MemAvailable:    1391076 kB
Buffers:          103776 kB
Cached:          1191688 kB
MemTotal:        1844596 kB
MemFree:          110584 kB
MemAvailable:    1389664 kB
Buffers:          103776 kB
Cached:          1191688 kB
MemTotal:        1844596 kB
MemFree:          111908 kB
MemAvailable:    1390988 kB
Buffers:          103776 kB
Cached:          1191688 kB
MemTotal:        1844596 kB
MemFree:          110652 kB
MemAvailable:    1389732 kB
Buffers:          103776 kB
Cached:          1191688 kB
MemTotal:        1844596 kB
MemFree:          110144 kB
MemAvailable:    1389224 kB
Buffers:          103776 kB
Cached:          1191688 kB
MemTotal:        1844596 kB
MemFree:          111328 kB
MemAvailable:    1390408 kB
Buffers:          103776 kB
Cached:          1191688 kB
MemTotal:        1844596 kB
MemFree:          111580 kB
MemAvailable:    1390660 kB
Buffers:          103776 kB
Cached:          1191688 kB
MemTotal:        1844596 kB
MemFree:          111276 kB
MemAvailable:    1390356 kB
Buffers:          103776 kB
Cached:          1191688 kB
MemTotal:        1844596 kB
MemFree:          111004 kB
MemAvailable:    1390084 kB
Buffers:          103776 kB
Cached:          1191688 kB
MemTotal:        1844596 kB
MemFree:          110892 kB
MemAvailable:    1389972 kB
Buffers:          103776 kB
Cached:          1191688 kB
MemTotal:        1844596 kB
MemFree:          108544 kB
MemAvailable:    1387624 kB
Buffers:          103776 kB
Cached:          1191688 kB
MemTotal:        1844596 kB
MemFree:          109472 kB
MemAvailable:    1388552 kB
Buffers:          103776 kB
Cached:          1191688 kB
MemTotal:        1844596 kB
MemFree:          108776 kB
MemAvailable:    1387856 kB
Buffers:          103776 kB
Cached:          1191688 kB
MemTotal:        1844596 kB
MemFree:          108296 kB
MemAvailable:    1387376 kB
Buffers:          103776 kB
Cached:          1191688 kB
MemTotal:        1844596 kB
MemFree:          108544 kB
MemAvailable:    1387624 kB
Buffers:          103776 kB
Cached:          1191688 kB
MemTotal:        1844596 kB
MemFree:          106792 kB
MemAvailable:    1385872 kB
Buffers:          103776 kB
Cached:          1191688 kB
MemTotal:        1844596 kB
MemFree:          106992 kB
MemAvailable:    1386072 kB
Buffers:          103776 kB
Cached:          1191688 kB
MemTotal:        1844596 kB
MemFree:          105808 kB
MemAvailable:    1384888 kB
Buffers:          103776 kB
Cached:          1191688 kB
MemTotal:        1844596 kB
MemFree:          105576 kB
MemAvailable:    1384656 kB
Buffers:          103776 kB
Cached:          1191688 kB
MemTotal:        1844596 kB
MemFree:          105504 kB
MemAvailable:    1384584 kB
Buffers:          103776 kB
Cached:          1191688 kB
MemTotal:        1844596 kB
MemFree:          105840 kB
MemAvailable:    1384920 kB
Buffers:          103776 kB
Cached:          1191688 kB
MemTotal:        1844596 kB
MemFree:          105564 kB
MemAvailable:    1384644 kB
Buffers:          103776 kB
Cached:          1191688 kB
MemTotal:        1844596 kB
MemFree:          104564 kB
MemAvailable:    1383644 kB
Buffers:          103776 kB
Cached:          1191688 kB
MemTotal:        1844596 kB
MemFree:          105928 kB
MemAvailable:    1385008 kB
Buffers:          103776 kB
Cached:          1191688 kB
MemTotal:        1844596 kB
MemFree:          105660 kB
MemAvailable:    1384740 kB
Buffers:          103776 kB
Cached:          1191688 kB
MemTotal:        1844596 kB
MemFree:          105692 kB
MemAvailable:    1384772 kB
Buffers:          103776 kB
Cached:          1191688 kB
MemTotal:        1844596 kB
MemFree:          103212 kB
MemAvailable:    1382292 kB
Buffers:          103776 kB
Cached:          1191688 kB
MemTotal:        1844596 kB
MemFree:          103080 kB
MemAvailable:    1382160 kB
Buffers:          103776 kB
Cached:          1191688 kB
MemTotal:        1844596 kB
MemFree:          104196 kB
MemAvailable:    1383276 kB
Buffers:          103776 kB
Cached:          1191688 kB
MemTotal:        1844596 kB
MemFree:          104252 kB
MemAvailable:    1383332 kB
Buffers:          103776 kB
Cached:          1191688 kB
MemTotal:        1844596 kB
MemFree:          104180 kB
MemAvailable:    1383260 kB
Buffers:          103776 kB
Cached:          1191688 kB
MemTotal:        1844596 kB
MemFree:          104180 kB
MemAvailable:    1383260 kB
Buffers:          103776 kB
Cached:          1191688 kB
MemTotal:        1844596 kB
MemFree:          104196 kB
MemAvailable:    1383276 kB
Buffers:          103776 kB
Cached:          1191688 kB
MemTotal:        1844596 kB
MemFree:          104196 kB
MemAvailable:    1383276 kB
Buffers:          103776 kB
Cached:          1191688 kB
MemTotal:        1844596 kB
MemFree:          102916 kB
MemAvailable:    1381996 kB
Buffers:          103776 kB
Cached:          1191688 kB
MemTotal:        1844596 kB
MemFree:          102916 kB
MemAvailable:    1381996 kB
Buffers:          103776 kB
Cached:          1191688 kB
MemTotal:        1844596 kB
MemFree:          102776 kB
MemAvailable:    1381856 kB
Buffers:          103776 kB
Cached:          1191688 kB
MemTotal:        1844596 kB
MemFree:          104148 kB
MemAvailable:    1383228 kB
Buffers:          103776 kB
Cached:          1191688 kB
MemTotal:        1844596 kB
MemFree:          104012 kB
MemAvailable:    1383092 kB
Buffers:          103776 kB
Cached:          1191688 kB
MemTotal:        1844596 kB
MemFree:          104264 kB
MemAvailable:    1383344 kB
Buffers:          103776 kB
Cached:          1191688 kB
MemTotal:        1844596 kB
MemFree:          102776 kB
MemAvailable:    1381856 kB
Buffers:          103776 kB
Cached:          1191688 kB
MemTotal:        1844596 kB
MemFree:          104076 kB
MemAvailable:    1383156 kB
Buffers:          103776 kB
Cached:          1191688 kB
MemTotal:        1844596 kB
MemFree:          104196 kB
MemAvailable:    1383276 kB
Buffers:          103776 kB
Cached:          1191688 kB
MemTotal:        1844596 kB
MemFree:          104108 kB
MemAvailable:    1383188 kB
Buffers:          103776 kB
Cached:          1191688 kB
MemTotal:        1844596 kB
MemFree:          103708 kB
MemAvailable:    1382788 kB
Buffers:          103776 kB
Cached:          1191688 kB
MemTotal:        1844596 kB
MemFree:          104068 kB
MemAvailable:    1383148 kB
Buffers:          103776 kB
Cached:          1191688 kB
MemTotal:        1844596 kB
MemFree:          102700 kB
MemAvailable:    1381780 kB
Buffers:          103776 kB
Cached:          1191688 kB
MemTotal:        1844596 kB
MemFree:          104156 kB
MemAvailable:    1383236 kB
Buffers:          103776 kB
Cached:          1191688 kB
MemTotal:        1844596 kB
MemFree:          102840 kB
MemAvailable:    1381920 kB
Buffers:          103776 kB
Cached:          1191688 kB
MemTotal:        1844596 kB
MemFree:          104080 kB
MemAvailable:    1383160 kB
Buffers:          103776 kB
Cached:          1191688 kB
MemTotal:        1844596 kB
MemFree:          102792 kB
MemAvailable:    1381872 kB
Buffers:          103776 kB
Cached:          1191688 kB
MemTotal:        1844596 kB
MemFree:          104140 kB
MemAvailable:    1383220 kB
Buffers:          103776 kB
Cached:          1191688 kB
MemTotal:        1844596 kB
MemFree:          102916 kB
MemAvailable:    1381996 kB
Buffers:          103776 kB
Cached:          1191688 kB
MemTotal:        1844596 kB
MemFree:          103088 kB
MemAvailable:    1382168 kB
Buffers:          103776 kB
Cached:          1191688 kB
MemTotal:        1844596 kB
MemFree:          102916 kB
MemAvailable:    1381996 kB
Buffers:          103776 kB
Cached:          1191688 kB
MemTotal:        1844596 kB
MemFree:          102916 kB
MemAvailable:    1381996 kB
Buffers:          103776 kB
Cached:          1191688 kB
MemTotal:        1844596 kB
MemFree:          104032 kB
MemAvailable:    1383112 kB
Buffers:          103776 kB
Cached:          1191688 kB
MemTotal:        1844596 kB
MemFree:          103040 kB
MemAvailable:    1382120 kB
Buffers:          103776 kB
Cached:          1191688 kB
MemTotal:        1844596 kB
MemFree:          103412 kB
MemAvailable:    1382492 kB
Buffers:          103776 kB
Cached:          1191688 kB
MemTotal:        1844596 kB
MemFree:          102956 kB
MemAvailable:    1382036 kB
Buffers:          103776 kB
Cached:          1191688 kB
MemTotal:        1844596 kB
MemFree:          104052 kB
MemAvailable:    1383132 kB
Buffers:          103776 kB
Cached:          1191688 kB
MemTotal:        1844596 kB
MemFree:          104204 kB
MemAvailable:    1383284 kB
Buffers:          103776 kB
Cached:          1191688 kB
MemTotal:        1844596 kB
MemFree:          104192 kB
MemAvailable:    1383272 kB
Buffers:          103776 kB
Cached:          1191688 kB
MemTotal:        1844596 kB
MemFree:          104048 kB
MemAvailable:    1383128 kB
Buffers:          103776 kB
Cached:          1191688 kB
MemTotal:        1844596 kB
MemFree:          103708 kB
MemAvailable:    1382788 kB
Buffers:          103776 kB
Cached:          1191688 kB
MemTotal:        1844596 kB
MemFree:          104080 kB
MemAvailable:    1383164 kB
Buffers:          103776 kB
Cached:          1191692 kB
MemTotal:        1844596 kB
MemFree:          102964 kB
MemAvailable:    1382048 kB
Buffers:          103776 kB
Cached:          1191692 kB
MemTotal:        1844596 kB
MemFree:          102468 kB
MemAvailable:    1381556 kB
Buffers:          103776 kB
Cached:          1191696 kB
MemTotal:        1844596 kB
MemFree:          100916 kB
MemAvailable:    1380004 kB
Buffers:          103776 kB
Cached:          1191696 kB
MemTotal:        1844596 kB
MemFree:           98260 kB
MemAvailable:    1377348 kB
Buffers:          103776 kB
Cached:          1191696 kB
MemTotal:        1844596 kB
MemFree:           95516 kB
MemAvailable:    1374604 kB
Buffers:          103776 kB
Cached:          1191696 kB
MemTotal:        1844596 kB
MemFree:           93476 kB
MemAvailable:    1372564 kB
Buffers:          103776 kB
Cached:          1191696 kB
MemTotal:        1844596 kB
MemFree:           90812 kB
MemAvailable:    1369900 kB
Buffers:          103776 kB
Cached:          1191696 kB
MemTotal:        1844596 kB
MemFree:           87960 kB
MemAvailable:    1367048 kB
Buffers:          103776 kB
Cached:          1191696 kB
MemTotal:        1844596 kB
MemFree:           85532 kB
MemAvailable:    1364620 kB
Buffers:          103776 kB
Cached:          1191696 kB
MemTotal:        1844596 kB
MemFree:           83868 kB
MemAvailable:    1362956 kB
Buffers:          103776 kB
Cached:          1191696 kB
MemTotal:        1844596 kB
MemFree:           84516 kB
MemAvailable:    1363604 kB
Buffers:          103776 kB
Cached:          1191696 kB
MemTotal:        1844596 kB
MemFree:           84240 kB
MemAvailable:    1363328 kB
Buffers:          103776 kB
Cached:          1191696 kB
MemTotal:        1844596 kB
MemFree:           83484 kB
MemAvailable:    1362572 kB
Buffers:          103776 kB
Cached:          1191696 kB
MemTotal:        1844596 kB
MemFree:           84848 kB
MemAvailable:    1363936 kB
Buffers:          103776 kB
Cached:          1191696 kB
MemTotal:        1844596 kB
MemFree:           84580 kB
MemAvailable:    1363668 kB
Buffers:          103776 kB
Cached:          1191696 kB
MemTotal:        1844596 kB
MemFree:           84488 kB
MemAvailable:    1363576 kB
Buffers:          103776 kB
Cached:          1191696 kB
MemTotal:        1844596 kB
MemFree:           84724 kB
MemAvailable:    1363812 kB
Buffers:          103776 kB
Cached:          1191696 kB
MemTotal:        1844596 kB
MemFree:           84720 kB
MemAvailable:    1363808 kB
Buffers:          103776 kB
Cached:          1191696 kB
MemTotal:        1844596 kB
MemFree:           84668 kB
MemAvailable:    1363756 kB
Buffers:          103776 kB
Cached:          1191696 kB
MemTotal:        1844596 kB
MemFree:           83432 kB
MemAvailable:    1362520 kB
Buffers:          103776 kB
Cached:          1191696 kB
MemTotal:        1844596 kB
MemFree:           83468 kB
MemAvailable:    1362556 kB
Buffers:          103776 kB
Cached:          1191696 kB
MemTotal:        1844596 kB
MemFree:           84604 kB
MemAvailable:    1363692 kB
Buffers:          103776 kB
Cached:          1191696 kB
MemTotal:        1844596 kB
MemFree:           84940 kB
MemAvailable:    1364028 kB
Buffers:          103776 kB
Cached:          1191696 kB
MemTotal:        1844596 kB
MemFree:           84604 kB
MemAvailable:    1363692 kB
Buffers:          103776 kB
Cached:          1191696 kB
MemTotal:        1844596 kB
MemFree:           84588 kB
MemAvailable:    1363676 kB
Buffers:          103776 kB
Cached:          1191696 kB
MemTotal:        1844596 kB
MemFree:           84464 kB
MemAvailable:    1363552 kB
Buffers:          103776 kB
Cached:          1191696 kB
MemTotal:        1844596 kB
MemFree:           84404 kB
MemAvailable:    1363492 kB
Buffers:          103776 kB
Cached:          1191696 kB
MemTotal:        1844596 kB
MemFree:           84108 kB
MemAvailable:    1363196 kB
Buffers:          103776 kB
Cached:          1191696 kB
MemTotal:        1844596 kB
MemFree:           84364 kB
MemAvailable:    1363452 kB
Buffers:          103776 kB
Cached:          1191696 kB
MemTotal:        1844596 kB
MemFree:           83124 kB
MemAvailable:    1362212 kB
Buffers:          103776 kB
Cached:          1191696 kB
MemTotal:        1844596 kB
MemFree:           84292 kB
MemAvailable:    1363380 kB
Buffers:          103776 kB
Cached:          1191696 kB
MemTotal:        1844596 kB
MemFree:           83076 kB
MemAvailable:    1362164 kB
Buffers:          103776 kB
Cached:          1191696 kB
MemTotal:        1844596 kB
MemFree:           83984 kB
MemAvailable:    1363072 kB
Buffers:          103776 kB
Cached:          1191696 kB
MemTotal:        1844596 kB
MemFree:           83380 kB
MemAvailable:    1362468 kB
Buffers:          103776 kB
Cached:          1191696 kB
MemTotal:        1844596 kB
MemFree:           82456 kB
MemAvailable:    1361544 kB
Buffers:          103776 kB
Cached:          1191696 kB
MemTotal:        1844596 kB
MemFree:           83664 kB
MemAvailable:    1362752 kB
Buffers:          103776 kB
Cached:          1191696 kB
MemTotal:        1844596 kB
MemFree:           78660 kB
MemAvailable:    1357748 kB
Buffers:          103776 kB
Cached:          1191696 kB
MemTotal:        1844596 kB
MemFree:           75392 kB
MemAvailable:    1354480 kB
Buffers:          103776 kB
Cached:          1191696 kB
MemTotal:        1844596 kB
MemFree:           73576 kB
MemAvailable:    1352664 kB
Buffers:          103776 kB
Cached:          1191696 kB
MemTotal:        1844596 kB
MemFree:           73320 kB
MemAvailable:    1352408 kB
Buffers:          103776 kB
Cached:          1191696 kB
MemTotal:        1844596 kB
MemFree:           74428 kB
MemAvailable:    1353516 kB
Buffers:          103776 kB
Cached:          1191696 kB
MemTotal:        1844596 kB
MemFree:           74316 kB
MemAvailable:    1353404 kB
Buffers:          103776 kB
Cached:          1191696 kB
MemTotal:        1844596 kB
MemFree:           72884 kB
MemAvailable:    1351972 kB
Buffers:          103776 kB
Cached:          1191696 kB
MemTotal:        1844596 kB
MemFree:           74184 kB
MemAvailable:    1353272 kB
Buffers:          103776 kB
Cached:          1191696 kB
MemTotal:        1844596 kB
MemFree:           73008 kB
MemAvailable:    1352096 kB
Buffers:          103776 kB
Cached:          1191696 kB
MemTotal:        1844596 kB
MemFree:           74284 kB
MemAvailable:    1353372 kB
Buffers:          103776 kB
Cached:          1191696 kB
MemTotal:        1844596 kB
MemFree:           74284 kB
MemAvailable:    1353372 kB
Buffers:          103776 kB
Cached:          1191696 kB
MemTotal:        1844596 kB
MemFree:           73924 kB
MemAvailable:    1353180 kB
Buffers:          103776 kB
Cached:          1191820 kB
MemTotal:        1844596 kB
MemFree:           73328 kB
MemAvailable:    1352584 kB
Buffers:          103776 kB
Cached:          1191820 kB
MemTotal:        1844596 kB
MemFree:           73892 kB
MemAvailable:    1353232 kB
Buffers:          103776 kB
Cached:          1191944 kB
MemTotal:        1844596 kB
MemFree:           73820 kB
MemAvailable:    1353244 kB
Buffers:          103776 kB
Cached:          1192068 kB
MemTotal:        1844596 kB
MemFree:           73532 kB
MemAvailable:    1353208 kB
Buffers:          103776 kB
Cached:          1192192 kB
MemTotal:        1844596 kB
MemFree:           73532 kB
MemAvailable:    1353208 kB
Buffers:          103776 kB
Cached:          1192192 kB
MemTotal:        1844596 kB
MemFree:           72380 kB
MemAvailable:    1352056 kB
Buffers:          103776 kB
Cached:          1192192 kB
MemTotal:        1844596 kB
MemFree:           72460 kB
MemAvailable:    1352136 kB
Buffers:          103776 kB
Cached:          1192316 kB
MemTotal:        1844596 kB
MemFree:           73576 kB
MemAvailable:    1353252 kB
Buffers:          103776 kB
Cached:          1192316 kB
MemTotal:        1844596 kB
MemFree:           73256 kB
MemAvailable:    1352932 kB
Buffers:          103776 kB
Cached:          1192316 kB
MemTotal:        1844596 kB
MemFree:           73592 kB
MemAvailable:    1353268 kB
Buffers:          103776 kB
Cached:          1192316 kB
MemTotal:        1844596 kB
MemFree:           72276 kB
MemAvailable:    1351952 kB
Buffers:          103776 kB
Cached:          1192316 kB
MemTotal:        1844596 kB
MemFree:           73516 kB
MemAvailable:    1353192 kB
Buffers:          103776 kB
Cached:          1192316 kB
MemTotal:        1844596 kB
MemFree:           73516 kB
MemAvailable:    1353276 kB
Buffers:          103776 kB
Cached:          1192564 kB
MemTotal:        1844596 kB
MemFree:           73628 kB
MemAvailable:    1352716 kB
Buffers:          103776 kB
Cached:          1191724 kB
MemTotal:        1844596 kB
MemFree:          112448 kB
MemAvailable:    1391536 kB
Buffers:          103776 kB
Cached:          1191724 kB
MemTotal:        1844596 kB
MemFree:          229368 kB
MemAvailable:    1508456 kB
Buffers:          103776 kB
Cached:          1191724 kB
MemTotal:        1844596 kB
MemFree:          266196 kB
MemAvailable:    1545284 kB
Buffers:          103776 kB
Cached:          1191724 kB
