MemTotal:        1844596 kB
MemFree:          735584 kB
MemAvailable:    1545368 kB
Buffers:           88644 kB
Cached:           746380 kB
MemTotal:        1844596 kB
MemFree:          708784 kB
MemAvailable:    1518576 kB
Buffers:           88644 kB
Cached:           746384 kB
MemTotal:        1844596 kB
MemFree:          707856 kB
MemAvailable:    1517648 kB
Buffers:           88644 kB
Cached:           746384 kB
MemTotal:        1844596 kB
MemFree:          707800 kB
MemAvailable:    1517592 kB
Buffers:           88644 kB
Cached:           746384 kB
MemTotal:        1844596 kB
MemFree:          703708 kB
MemAvailable:    1513500 kB
Buffers:           88644 kB
Cached:           746384 kB
MemTotal:        1844596 kB
MemFree:          703568 kB
MemAvailable:    1513360 kB
Buffers:           88644 kB
Cached:           746384 kB
MemTotal:        1844596 kB
MemFree:          701104 kB
MemAvailable:    1510896 kB
Buffers:           88644 kB
Cached:           746384 kB
MemTotal:        1844596 kB
MemFree:          699960 kB
MemAvailable:    1509752 kB
Buffers:           88644 kB
Cached:           746384 kB
MemTotal:        1844596 kB
MemFree:          696880 kB
MemAvailable:    1506672 kB
Buffers:           88644 kB
Cached:           746384 kB
MemTotal:        1844596 kB
MemFree:          696160 kB
MemAvailable:    1505952 kB
Buffers:           88644 kB
Cached:           746384 kB
MemTotal:        1844596 kB
MemFree:          696032 kB
MemAvailable:    1505824 kB
Buffers:           88644 kB
Cached:           746384 kB
MemTotal:        1844596 kB
MemFree:          696284 kB
MemAvailable:    1506076 kB
Buffers:           88644 kB
Cached:           746384 kB
MemTotal:        1844596 kB
MemFree:          694904 kB
MemAvailable:    1504696 kB
Buffers:           88644 kB
Cached:           746384 kB
MemTotal:        1844596 kB
MemFree:          695276 kB
MemAvailable:    1505068 kB
Buffers:           88644 kB
Cached:           746384 kB
MemTotal:        1844596 kB
MemFree:          696204 kB
MemAvailable:    1505996 kB
Buffers:           88644 kB
Cached:           746384 kB
MemTotal:        1844596 kB
MemFree:          696084 kB
MemAvailable:    1505876 kB
Buffers:           88644 kB
Cached:           746384 kB
MemTotal:        1844596 kB
MemFree:          694852 kB
MemAvailable:    1504644 kB
Buffers:           88644 kB
Cached:           746384 kB
MemTotal:        1844596 kB
MemFree:          695384 kB
MemAvailable:    1505176 kB
Buffers:           88644 kB
Cached:           746384 kB
MemTotal:        1844596 kB
MemFree:          694616 kB
MemAvailable:    1504408 kB
Buffers:           88644 kB
Cached:           746384 kB
MemTotal:        1844596 kB
MemFree:          694284 kB
MemAvailable:    1504076 kB
Buffers:           88644 kB
Cached:           746384 kB
MemTotal:        1844596 kB
MemFree:          695516 kB
MemAvailable:    1505308 kB
Buffers:           88644 kB
Cached:           746384 kB
MemTotal:        1844596 kB
MemFree:          695128 kB
MemAvailable:    1504920 kB
Buffers:           88644 kB
Cached:           746384 kB
MemTotal:        1844596 kB
MemFree:          695212 kB
MemAvailable:    1505004 kB
Buffers:           88644 kB
Cached:           746384 kB
MemTotal:        1844596 kB
MemFree:          693592 kB
MemAvailable:    1503384 kB
Buffers:           88644 kB
Cached:           746384 kB
MemTotal:        1844596 kB
MemFree:          694096 kB
MemAvailable:    1503888 kB
Buffers:           88644 kB
Cached:           746384 kB
MemTotal:        1844596 kB
MemFree:          693416 kB
MemAvailable:    1503208 kB
Buffers:           88644 kB
Cached:           746384 kB
MemTotal:        1844596 kB
MemFree:          694504 kB
MemAvailable:    1504296 kB
Buffers:           88644 kB
Cached:           746384 kB
MemTotal:        1844596 kB
MemFree:          692920 kB
MemAvailable:    1502712 kB
Buffers:           88644 kB
Cached:           746384 kB
MemTotal:        1844596 kB
MemFree:          693400 kB
MemAvailable:    1503192 kB
Buffers:           88644 kB
Cached:           746384 kB
MemTotal:        1844596 kB
MemFree:          693736 kB
MemAvailable:    1503528 kB
Buffers:           88644 kB
Cached:           746384 kB
MemTotal:        1844596 kB
MemFree:          693152 kB
MemAvailable:    1502944 kB
Buffers:           88644 kB
Cached:           746384 kB
MemTotal:        1844596 kB
MemFree:          692672 kB
MemAvailable:    1502464 kB
Buffers:           88644 kB
Cached:           746384 kB
MemTotal:        1844596 kB
MemFree:          692988 kB
MemAvailable:    1502780 kB
Buffers:           88644 kB
Cached:           746384 kB
MemTotal:        1844596 kB
MemFree:          693096 kB
MemAvailable:    1502892 kB
Buffers:           88644 kB
Cached:           746388 kB
MemTotal:        1844596 kB
MemFree:          693108 kB
MemAvailable:    1502904 kB
Buffers:           88644 kB
Cached:           746388 kB
MemTotal:        1844596 kB
MemFree:          693276 kB
MemAvailable:    1503072 kB
Buffers:           88644 kB
Cached:           746388 kB
MemTotal:        1844596 kB
MemFree:          691748 kB
MemAvailable:    1501544 kB
Buffers:           88644 kB
Cached:           746388 kB
MemTotal:        1844596 kB
MemFree:          692848 kB
MemAvailable:    1502644 kB
Buffers:           88644 kB
Cached:           746388 kB
MemTotal:        1844596 kB
MemFree:          692548 kB
MemAvailable:    1502344 kB
Buffers:           88644 kB
Cached:           746388 kB
MemTotal:        1844596 kB
MemFree:          689944 kB
MemAvailable:    1499740 kB
Buffers:           88644 kB
Cached:           746388 kB
MemTotal:        1844596 kB
MemFree:          686720 kB
MemAvailable:    1496516 kB
Buffers:           88644 kB
Cached:           746388 kB
MemTotal:        1844596 kB
MemFree:          687764 kB
MemAvailable:    1497560 kB
Buffers:           88644 kB
Cached:           746388 kB
MemTotal:        1844596 kB
MemFree:          686852 kB
MemAvailable:    1496648 kB
Buffers:           88644 kB
Cached:           746388 kB
MemTotal:        1844596 kB
MemFree:          687572 kB
MemAvailable:    1497368 kB
Buffers:           88644 kB
Cached:           746388 kB
MemTotal:        1844596 kB
MemFree:          687588 kB
MemAvailable:    1497384 kB
Buffers:           88644 kB
Cached:           746388 kB
MemTotal:        1844596 kB
MemFree:          687584 kB
MemAvailable:    1497380 kB
Buffers:           88644 kB
Cached:           746388 kB
MemTotal:        1844596 kB
MemFree:          687796 kB
MemAvailable:    1497592 kB
Buffers:           88644 kB
Cached:           746388 kB
MemTotal:        1844596 kB
MemFree:          687684 kB
MemAvailable:    1497480 kB
Buffers:           88644 kB
Cached:           746388 kB
MemTotal:        1844596 kB
MemFree:          686064 kB
MemAvailable:    1495860 kB
Buffers:           88644 kB
Cached:           746388 kB
MemTotal:        1844596 kB
MemFree:          687428 kB
MemAvailable:    1497224 kB
Buffers:           88644 kB
Cached:           746388 kB
MemTotal:        1844596 kB
MemFree:          687264 kB
MemAvailable:    1497060 kB
Buffers:           88644 kB
Cached:           746388 kB
MemTotal:        1844596 kB
MemFree:          686184 kB
MemAvailable:    1495980 kB
Buffers:           88644 kB
Cached:           746388 kB
MemTotal:        1844596 kB
MemFree:          686020 kB
MemAvailable:    1495816 kB
Buffers:           88644 kB
Cached:           746388 kB
MemTotal:        1844596 kB
MemFree:          686100 kB
MemAvailable:    1495896 kB
Buffers:           88644 kB
Cached:           746388 kB
MemTotal:        1844596 kB
MemFree:          686348 kB
MemAvailable:    1496144 kB
Buffers:           88644 kB
Cached:           746388 kB
MemTotal:        1844596 kB
MemFree:          682008 kB
MemAvailable:    1491804 kB
Buffers:           88644 kB
Cached:           746388 kB
MemTotal:        1844596 kB
MemFree:          681380 kB
MemAvailable:    1491176 kB
Buffers:           88644 kB
Cached:           746388 kB
MemTotal:        1844596 kB
MemFree:          681632 kB
MemAvailable:    1491428 kB
Buffers:           88644 kB
Cached:           746388 kB
MemTotal:        1844596 kB
MemFree:          679900 kB
MemAvailable:    1489696 kB
Buffers:           88644 kB
Cached:           746388 kB
MemTotal:        1844596 kB
MemFree:          680952 kB
MemAvailable:    1490748 kB
Buffers:           88644 kB
Cached:           746388 kB
MemTotal:        1844596 kB
MemFree:          678412 kB
MemAvailable:    1488208 kB
Buffers:           88644 kB
Cached:           746388 kB
MemTotal:        1844596 kB
MemFree:          679156 kB
MemAvailable:    1488956 kB
Buffers:           88644 kB
Cached:           746392 kB
MemTotal:        1844596 kB
MemFree:          677668 kB
MemAvailable:    1487468 kB
Buffers:           88644 kB
Cached:           746392 kB
MemTotal:        1844596 kB
MemFree:          678880 kB
MemAvailable:    1488680 kB
Buffers:           88644 kB
Cached:           746392 kB
MemTotal:        1844596 kB
MemFree:          677668 kB
MemAvailable:    1487468 kB
Buffers:           88644 kB
Cached:           746392 kB
MemTotal:        1844596 kB
MemFree:          678564 kB
MemAvailable:    1488364 kB
Buffers:           88644 kB
Cached:           746392 kB
MemTotal:        1844596 kB
MemFree:          678908 kB
MemAvailable:    1488708 kB
Buffers:           88644 kB
Cached:           746392 kB
MemTotal:        1844596 kB
MemFree:          677364 kB
MemAvailable:    1487164 kB
Buffers:           88644 kB
Cached:           746392 kB
MemTotal:        1844596 kB
MemFree:          678784 kB
MemAvailable:    1488584 kB
Buffers:           88644 kB
Cached:           746392 kB
MemTotal:        1844596 kB
MemFree:          677232 kB
MemAvailable:    1487032 kB
Buffers:           88644 kB
Cached:           746392 kB
MemTotal:        1844596 kB
MemFree:          678508 kB
MemAvailable:    1488308 kB
Buffers:           88644 kB
Cached:           746392 kB
MemTotal:        1844596 kB
MemFree:          678668 kB
MemAvailable:    1488468 kB
Buffers:           88644 kB
Cached:           746392 kB
MemTotal:        1844596 kB
MemFree:          678488 kB
MemAvailable:    1488288 kB
Buffers:           88644 kB
Cached:           746392 kB
MemTotal:        1844596 kB
MemFree:          677368 kB
MemAvailable:    1487168 kB
Buffers:           88644 kB
Cached:           746392 kB
MemTotal:        1844596 kB
MemFree:          678600 kB
MemAvailable:    1488400 kB
Buffers:           88644 kB
Cached:           746392 kB
MemTotal:        1844596 kB
MemFree:          677104 kB
MemAvailable:    1486904 kB
Buffers:           88644 kB
Cached:           746392 kB
MemTotal:        1844596 kB
MemFree:          676972 kB
MemAvailable:    1486772 kB
Buffers:           88644 kB
Cached:           746392 kB
MemTotal:        1844596 kB
MemFree:          677104 kB
MemAvailable:    1486904 kB
Buffers:           88644 kB
Cached:           746392 kB
MemTotal:        1844596 kB
MemFree:          678280 kB
MemAvailable:    1488080 kB
Buffers:           88644 kB
Cached:           746392 kB
MemTotal:        1844596 kB
MemFree:          677220 kB
MemAvailable:    1487020 kB
Buffers:           88644 kB
Cached:           746392 kB
MemTotal:        1844596 kB
MemFree:          678296 kB
MemAvailable:    1488096 kB
Buffers:           88644 kB
Cached:           746392 kB
MemTotal:        1844596 kB
MemFree:          677172 kB
MemAvailable:    1486972 kB
Buffers:           88644 kB
Cached:           746392 kB
MemTotal:        1844596 kB
MemFree:          675668 kB
MemAvailable:    1485468 kB
Buffers:           88644 kB
Cached:           746392 kB
MemTotal:        1844596 kB
MemFree:          675064 kB
MemAvailable:    1484864 kB
Buffers:           88644 kB
Cached:           746392 kB
MemTotal:        1844596 kB
MemFree:          672212 kB
MemAvailable:    1482012 kB
Buffers:           88644 kB
Cached:           746392 kB
MemTotal:        1844596 kB
MemFree:          669112 kB
MemAvailable:    1478912 kB
Buffers:           88644 kB
Cached:           746392 kB
MemTotal:        1844596 kB
MemFree:          670164 kB
MemAvailable:    1479964 kB
Buffers:           88644 kB
Cached:           746392 kB
MemTotal:        1844596 kB
MemFree:          668856 kB
MemAvailable:    1478656 kB
Buffers:           88644 kB
Cached:           746392 kB
MemTotal:        1844596 kB
MemFree:          670152 kB
MemAvailable:    1479952 kB
Buffers:           88644 kB
Cached:           746392 kB
MemTotal:        1844596 kB
MemFree:          670152 kB
MemAvailable:    1479952 kB
Buffers:           88644 kB
Cached:           746392 kB
MemTotal:        1844596 kB
MemFree:          668328 kB
MemAvailable:    1478128 kB
Buffers:           88644 kB
Cached:           746392 kB
MemTotal:        1844596 kB
MemFree:          668576 kB
MemAvailable:    1478376 kB
Buffers:           88644 kB
Cached:           746392 kB
MemTotal:        1844596 kB
MemFree:          668328 kB
MemAvailable:    1478128 kB
Buffers:           88644 kB
Cached:           746392 kB
MemTotal:        1844596 kB
MemFree:          669428 kB
MemAvailable:    1479228 kB
Buffers:           88644 kB
Cached:           746392 kB
MemTotal:        1844596 kB
MemFree:          669484 kB
MemAvailable:    1479284 kB
Buffers:           88644 kB
Cached:           746392 kB
MemTotal:        1844596 kB
MemFree:          669428 kB
MemAvailable:    1479228 kB
Buffers:           88644 kB
Cached:           746392 kB
MemTotal:        1844596 kB
MemFree:          668312 kB
MemAvailable:    1478112 kB
Buffers:           88644 kB
Cached:           746392 kB
MemTotal:        1844596 kB
MemFree:          669588 kB
MemAvailable:    1479388 kB
Buffers:           88644 kB
Cached:           746392 kB
MemTotal:        1844596 kB
MemFree:          669664 kB
MemAvailable:    1479464 kB
Buffers:           88644 kB
Cached:           746392 kB
MemTotal:        1844596 kB
MemFree:          669528 kB
MemAvailable:    1479328 kB
Buffers:           88644 kB
Cached:           746392 kB
MemTotal:        1844596 kB
MemFree:          669484 kB
MemAvailable:    1479284 kB
Buffers:           88644 kB
Cached:           746392 kB
MemTotal:        1844596 kB
MemFree:          669480 kB
MemAvailable:    1479280 kB
Buffers:           88644 kB
Cached:           746392 kB
MemTotal:        1844596 kB
MemFree:          668180 kB
MemAvailable:    1477980 kB
Buffers:           88644 kB
Cached:           746392 kB
MemTotal:        1844596 kB
MemFree:          668428 kB
MemAvailable:    1478228 kB
Buffers:           88644 kB
Cached:           746392 kB
MemTotal:        1844596 kB
MemFree:          669544 kB
MemAvailable:    1479344 kB
Buffers:           88644 kB
Cached:           746392 kB
MemTotal:        1844596 kB
MemFree:          668368 kB
MemAvailable:    1478168 kB
Buffers:           88644 kB
Cached:           746392 kB
MemTotal:        1844596 kB
MemFree:          668236 kB
MemAvailable:    1478040 kB
Buffers:           88644 kB
Cached:           746396 kB
MemTotal:        1844596 kB
MemFree:          668236 kB
MemAvailable:    1478040 kB
Buffers:           88644 kB
Cached:           746396 kB
MemTotal:        1844596 kB
MemFree:          669428 kB
MemAvailable:    1479232 kB
Buffers:           88644 kB
Cached:           746396 kB
MemTotal:        1844596 kB
MemFree:          669680 kB
MemAvailable:    1479484 kB
Buffers:           88644 kB
Cached:           746396 kB
MemTotal:        1844596 kB
MemFree:          669436 kB
MemAvailable:    1479240 kB
Buffers:           88644 kB
Cached:           746396 kB
MemTotal:        1844596 kB
MemFree:          669476 kB
MemAvailable:    1479280 kB
Buffers:           88644 kB
Cached:           746396 kB
MemTotal:        1844596 kB
MemFree:          669368 kB
MemAvailable:    1479172 kB
Buffers:           88644 kB
Cached:           746396 kB
MemTotal:        1844596 kB
MemFree:          669488 kB
MemAvailable:    1479292 kB
Buffers:           88644 kB
Cached:           746396 kB
MemTotal:        1844596 kB
MemFree:          668440 kB
MemAvailable:    1478244 kB
Buffers:           88644 kB
Cached:           746396 kB
MemTotal:        1844596 kB
MemFree:          668432 kB
MemAvailable:    1478236 kB
Buffers:           88644 kB
Cached:           746396 kB
MemTotal:        1844596 kB
MemFree:          668308 kB
MemAvailable:    1478112 kB
Buffers:           88644 kB
Cached:           746396 kB
MemTotal:        1844596 kB
MemFree:          668352 kB
MemAvailable:    1478156 kB
Buffers:           88644 kB
Cached:           746396 kB
MemTotal:        1844596 kB
MemFree:          668328 kB
MemAvailable:    1478132 kB
Buffers:           88644 kB
Cached:           746396 kB
MemTotal:        1844596 kB
MemFree:          669536 kB
MemAvailable:    1479340 kB
Buffers:           88644 kB
Cached:           746396 kB
MemTotal:        1844596 kB
MemFree:          666128 kB
MemAvailable:    1475932 kB
Buffers:           88644 kB
Cached:           746396 kB
MemTotal:        1844596 kB
MemFree:          665896 kB
MemAvailable:    1475700 kB
Buffers:           88644 kB
Cached:           746396 kB
MemTotal:        1844596 kB
MemFree:          661724 kB
MemAvailable:    1471528 kB
Buffers:           88644 kB
Cached:           746396 kB
MemTotal:        1844596 kB
MemFree:          658200 kB
MemAvailable:    1468004 kB
Buffers:           88644 kB
Cached:           746396 kB
MemTotal:        1844596 kB
MemFree:          657704 kB
MemAvailable:    1467508 kB
Buffers:           88644 kB
Cached:           746396 kB
MemTotal:        1844596 kB
MemFree:          658632 kB
MemAvailable:    1468436 kB
Buffers:           88644 kB
Cached:           746396 kB
MemTotal:        1844596 kB
MemFree:          658632 kB
MemAvailable:    1468436 kB
Buffers:           88644 kB
Cached:           746396 kB
MemTotal:        1844596 kB
MemFree:          658700 kB
MemAvailable:    1468504 kB
Buffers:           88644 kB
Cached:           746396 kB
MemTotal:        1844596 kB
MemFree:          657520 kB
MemAvailable:    1467324 kB
Buffers:           88644 kB
Cached:           746396 kB
MemTotal:        1844596 kB
MemFree:          658672 kB
MemAvailable:    1468476 kB
Buffers:           88644 kB
Cached:           746396 kB
MemTotal:        1844596 kB
MemFree:          658612 kB
MemAvailable:    1468416 kB
Buffers:           88644 kB
Cached:           746396 kB
MemTotal:        1844596 kB
MemFree:          658864 kB
MemAvailable:    1468668 kB
Buffers:           88644 kB
Cached:           746396 kB
MemTotal:        1844596 kB
MemFree:          657400 kB
MemAvailable:    1467204 kB
Buffers:           88644 kB
Cached:           746396 kB
MemTotal:        1844596 kB
MemFree:          658676 kB
MemAvailable:    1468480 kB
Buffers:           88644 kB
Cached:           746396 kB
MemTotal:        1844596 kB
MemFree:          658456 kB
MemAvailable:    1468260 kB
Buffers:           88644 kB
Cached:           746396 kB
MemTotal:        1844596 kB
MemFree:          658648 kB
MemAvailable:    1468452 kB
Buffers:           88644 kB
Cached:           746396 kB
MemTotal:        1844596 kB
MemFree:          658556 kB
MemAvailable:    1468360 kB
Buffers:           88644 kB
Cached:           746396 kB
MemTotal:        1844596 kB
MemFree:          658324 kB
MemAvailable:    1468128 kB
Buffers:           88644 kB
Cached:           746396 kB
MemTotal:        1844596 kB
MemFree:          658568 kB
MemAvailable:    1468372 kB
Buffers:           88644 kB
Cached:           746396 kB
MemTotal:        1844596 kB
MemFree:          658864 kB
MemAvailable:    1468668 kB
Buffers:           88644 kB
Cached:           746396 kB
MemTotal:        1844596 kB
MemFree:          658752 kB
MemAvailable:    1468556 kB
Buffers:           88644 kB
Cached:           746396 kB
MemTotal:        1844596 kB
MemFree:          657264 kB
MemAvailable:    1467068 kB
Buffers:           88644 kB
Cached:           746396 kB
MemTotal:        1844596 kB
MemFree:          658524 kB
MemAvailable:    1468328 kB
Buffers:           88644 kB
Cached:           746396 kB
MemTotal:        1844596 kB
MemFree:          658524 kB
MemAvailable:    1468328 kB
Buffers:           88644 kB
Cached:           746396 kB
MemTotal:        1844596 kB
MemFree:          658676 kB
MemAvailable:    1468480 kB
Buffers:           88644 kB
Cached:           746396 kB
MemTotal:        1844596 kB
MemFree:          658564 kB
MemAvailable:    1468368 kB
Buffers:           88644 kB
Cached:           746396 kB
MemTotal:        1844596 kB
MemFree:          657508 kB
MemAvailable:    1467312 kB
Buffers:           88644 kB
Cached:           746396 kB
MemTotal:        1844596 kB
MemFree:          658528 kB
MemAvailable:    1468332 kB
Buffers:           88644 kB
Cached:           746396 kB
MemTotal:        1844596 kB
MemFree:          658780 kB
MemAvailable:    1468584 kB
Buffers:           88644 kB
Cached:           746396 kB
MemTotal:        1844596 kB
MemFree:          657276 kB
MemAvailable:    1467080 kB
Buffers:           88644 kB
Cached:           746396 kB
MemTotal:        1844596 kB
MemFree:          658684 kB
MemAvailable:    1468488 kB
Buffers:           88644 kB
Cached:           746396 kB
MemTotal:        1844596 kB
MemFree:          657436 kB
MemAvailable:    1467240 kB
Buffers:           88644 kB
Cached:           746396 kB
MemTotal:        1844596 kB
MemFree:          658880 kB
MemAvailable:    1468684 kB
Buffers:           88644 kB
Cached:           746396 kB
MemTotal:        1844596 kB
MemFree:          658568 kB
MemAvailable:    1468372 kB
Buffers:           88644 kB
Cached:           746396 kB
MemTotal:        1844596 kB
MemFree:          657520 kB
MemAvailable:    1467324 kB
Buffers:           88644 kB
Cached:           746396 kB
MemTotal:        1844596 kB
MemFree:          658608 kB
MemAvailable:    1468412 kB
Buffers:           88644 kB
Cached:           746396 kB
MemTotal:        1844596 kB
MemFree:          657384 kB
MemAvailable:    1467188 kB
Buffers:           88644 kB
Cached:           746396 kB
MemTotal:        1844596 kB
MemFree:          658528 kB
MemAvailable:    1468332 kB
Buffers:           88644 kB
Cached:           746396 kB
MemTotal:        1844596 kB
MemFree:          658572 kB
MemAvailable:    1468376 kB
Buffers:           88644 kB
Cached:           746396 kB
MemTotal:        1844596 kB
MemFree:          657524 kB
MemAvailable:    1467328 kB
Buffers:           88644 kB
Cached:           746396 kB
MemTotal:        1844596 kB
MemFree:          657524 kB
MemAvailable:    1467328 kB
Buffers:           88644 kB
Cached:           746396 kB
MemTotal:        1844596 kB
MemFree:          657400 kB
MemAvailable:    1467204 kB
Buffers:           88644 kB
Cached:           746396 kB
MemTotal:        1844596 kB
MemFree:          657696 kB
MemAvailable:    1467500 kB
Buffers:           88644 kB
Cached:           746396 kB
MemTotal:        1844596 kB
MemFree:          658636 kB
MemAvailable:    1468440 kB
Buffers:           88644 kB
Cached:           746396 kB
MemTotal:        1844596 kB
MemFree:          657388 kB
MemAvailable:    1467192 kB
Buffers:           88644 kB
Cached:           746396 kB
MemTotal:        1844596 kB
MemFree:          657264 kB
MemAvailable:    1467068 kB
Buffers:           88644 kB
Cached:           746396 kB
MemTotal:        1844596 kB
MemFree:          658840 kB
MemAvailable:    1468644 kB
Buffers:           88644 kB
Cached:           746396 kB
MemTotal:        1844596 kB
MemFree:          657952 kB
MemAvailable:    1467756 kB
Buffers:           88644 kB
Cached:           746396 kB
MemTotal:        1844596 kB
MemFree:          658656 kB
MemAvailable:    1468468 kB
Buffers:           88644 kB
Cached:           746404 kB
MemTotal:        1844596 kB
MemFree:          657532 kB
MemAvailable:    1467344 kB
Buffers:           88644 kB
Cached:           746404 kB
MemTotal:        1844596 kB
MemFree:          657408 kB
MemAvailable:    1467220 kB
Buffers:           88644 kB
Cached:           746404 kB
MemTotal:        1844596 kB
MemFree:          658068 kB
MemAvailable:    1467880 kB
Buffers:           88644 kB
Cached:           746404 kB
MemTotal:        1844596 kB
MemFree:          657092 kB
MemAvailable:    1466904 kB
Buffers:           88644 kB
Cached:           746404 kB
MemTotal:        1844596 kB
MemFree:          657696 kB
MemAvailable:    1467508 kB
Buffers:           88644 kB
Cached:           746404 kB
MemTotal:        1844596 kB
MemFree:          657556 kB
MemAvailable:    1467368 kB
Buffers:           88644 kB
Cached:           746404 kB
MemTotal:        1844596 kB
MemFree:          657892 kB
MemAvailable:    1467704 kB
Buffers:           88644 kB
Cached:           746404 kB
MemTotal:        1844596 kB
MemFree:          656340 kB
MemAvailable:    1466156 kB
Buffers:           88644 kB
Cached:           746408 kB
MemTotal:        1844596 kB
MemFree:          657440 kB
MemAvailable:    1467256 kB
Buffers:           88644 kB
Cached:           746408 kB
MemTotal:        1844596 kB
MemFree:          657332 kB
MemAvailable:    1467148 kB
Buffers:           88644 kB
Cached:           746408 kB
MemTotal:        1844596 kB
MemFree:          657316 kB
MemAvailable:    1467132 kB
Buffers:           88644 kB
Cached:           746408 kB
MemTotal:        1844596 kB
MemFree:          656200 kB
MemAvailable:    1466016 kB
Buffers:           88644 kB
Cached:           746408 kB
MemTotal:        1844596 kB
MemFree:          657184 kB
MemAvailable:    1467000 kB
Buffers:           88644 kB
Cached:           746408 kB
MemTotal:        1844596 kB
MemFree:          657440 kB
MemAvailable:    1467256 kB
Buffers:           88644 kB
Cached:           746408 kB
MemTotal:        1844596 kB
MemFree:          655944 kB
MemAvailable:    1465760 kB
Buffers:           88644 kB
Cached:           746408 kB
MemTotal:        1844596 kB
MemFree:          656980 kB
MemAvailable:    1466796 kB
Buffers:           88644 kB
Cached:           746408 kB
MemTotal:        1844596 kB
MemFree:          657112 kB
MemAvailable:    1466928 kB
Buffers:           88644 kB
Cached:           746408 kB
MemTotal:        1844596 kB
MemFree:          655936 kB
MemAvailable:    1465752 kB
Buffers:           88644 kB
Cached:           746408 kB
MemTotal:        1844596 kB
MemFree:          655764 kB
MemAvailable:    1465580 kB
Buffers:           88644 kB
Cached:           746408 kB
MemTotal:        1844596 kB
MemFree:          657044 kB
MemAvailable:    1466860 kB
Buffers:           88644 kB
Cached:           746408 kB
MemTotal:        1844596 kB
MemFree:          655804 kB
MemAvailable:    1465620 kB
Buffers:           88644 kB
Cached:           746408 kB
MemTotal:        1844596 kB
MemFree:          657152 kB
MemAvailable:    1466968 kB
Buffers:           88644 kB
Cached:           746408 kB
MemTotal:        1844596 kB
MemFree:          656912 kB
MemAvailable:    1466728 kB
Buffers:           88644 kB
Cached:           746408 kB
MemTotal:        1844596 kB
MemFree:          657060 kB
MemAvailable:    1466876 kB
Buffers:           88644 kB
Cached:           746408 kB
MemTotal:        1844596 kB
MemFree:          656332 kB
MemAvailable:    1466148 kB
Buffers:           88644 kB
Cached:           746408 kB
MemTotal:        1844596 kB
MemFree:          655704 kB
MemAvailable:    1465520 kB
Buffers:           88644 kB
Cached:           746408 kB
MemTotal:        1844596 kB
MemFree:          656896 kB
MemAvailable:    1466712 kB
Buffers:           88644 kB
Cached:           746408 kB
MemTotal:        1844596 kB
MemFree:          656100 kB
MemAvailable:    1465916 kB
Buffers:           88644 kB
Cached:           746408 kB
MemTotal:        1844596 kB
MemFree:          652356 kB
MemAvailable:    1462172 kB
Buffers:           88644 kB
Cached:           746408 kB
MemTotal:        1844596 kB
MemFree:          651876 kB
MemAvailable:    1461692 kB
Buffers:           88644 kB
Cached:           746408 kB
MemTotal:        1844596 kB
MemFree:          645536 kB
MemAvailable:    1455352 kB
Buffers:           88644 kB
Cached:           746408 kB
MemTotal:        1844596 kB
MemFree:          645128 kB
MemAvailable:    1454944 kB
Buffers:           88644 kB
Cached:           746408 kB
MemTotal:        1844596 kB
MemFree:          645976 kB
MemAvailable:    1455792 kB
Buffers:           88644 kB
Cached:           746408 kB
MemTotal:        1844596 kB
MemFree:          645852 kB
MemAvailable:    1455668 kB
Buffers:           88644 kB
Cached:           746408 kB
MemTotal:        1844596 kB
MemFree:          645396 kB
MemAvailable:    1455212 kB
Buffers:           88644 kB
Cached:           746408 kB
MemTotal:        1844596 kB
MemFree:          645304 kB
MemAvailable:    1455120 kB
Buffers:           88644 kB
Cached:           746408 kB
MemTotal:        1844596 kB
MemFree:          645248 kB
MemAvailable:    1455064 kB
Buffers:           88644 kB
Cached:           746408 kB
MemTotal:        1844596 kB
MemFree:          644976 kB
MemAvailable:    1454792 kB
Buffers:           88644 kB
Cached:           746408 kB
MemTotal:        1844596 kB
MemFree:          644064 kB
MemAvailable:    1453880 kB
Buffers:           88644 kB
Cached:           746408 kB
MemTotal:        1844596 kB
MemFree:          643684 kB
MemAvailable:    1453500 kB
Buffers:           88644 kB
Cached:           746408 kB
MemTotal:        1844596 kB
MemFree:          643700 kB
MemAvailable:    1453516 kB
Buffers:           88644 kB
Cached:           746408 kB
MemTotal:        1844596 kB
MemFree:          642204 kB
MemAvailable:    1452020 kB
Buffers:           88644 kB
Cached:           746408 kB
MemTotal:        1844596 kB
MemFree:          642072 kB
MemAvailable:    1451888 kB
Buffers:           88644 kB
Cached:           746408 kB
MemTotal:        1844596 kB
MemFree:          641840 kB
MemAvailable:    1451656 kB
Buffers:           88644 kB
Cached:           746408 kB
MemTotal:        1844596 kB
MemFree:          641836 kB
MemAvailable:    1451652 kB
Buffers:           88644 kB
Cached:           746408 kB
MemTotal:        1844596 kB
MemFree:          640664 kB
MemAvailable:    1450480 kB
Buffers:           88644 kB
Cached:           746408 kB
MemTotal:        1844596 kB
MemFree:          641868 kB
MemAvailable:    1451684 kB
Buffers:           88644 kB
Cached:           746408 kB
MemTotal:        1844596 kB
MemFree:          641220 kB
MemAvailable:    1451036 kB
Buffers:           88644 kB
Cached:           746408 kB
MemTotal:        1844596 kB
MemFree:          642136 kB
MemAvailable:    1451952 kB
Buffers:           88644 kB
Cached:           746408 kB
MemTotal:        1844596 kB
MemFree:          641844 kB
MemAvailable:    1451660 kB
Buffers:           88644 kB
Cached:           746408 kB
MemTotal:        1844596 kB
MemFree:          641824 kB
MemAvailable:    1451640 kB
Buffers:           88644 kB
Cached:           746408 kB
MemTotal:        1844596 kB
MemFree:          641824 kB
MemAvailable:    1451640 kB
Buffers:           88644 kB
Cached:           746408 kB
MemTotal:        1844596 kB
MemFree:          640668 kB
MemAvailable:    1450484 kB
Buffers:           88644 kB
Cached:           746408 kB
MemTotal:        1844596 kB
MemFree:          641880 kB
MemAvailable:    1451696 kB
Buffers:           88644 kB
Cached:           746408 kB
MemTotal:        1844596 kB
MemFree:          641096 kB
MemAvailable:    1450912 kB
Buffers:           88644 kB
Cached:           746408 kB
MemTotal:        1844596 kB
MemFree:          641844 kB
MemAvailable:    1451660 kB
Buffers:           88644 kB
Cached:           746408 kB
MemTotal:        1844596 kB
MemFree:          641892 kB
MemAvailable:    1451708 kB
Buffers:           88644 kB
Cached:           746408 kB
MemTotal:        1844596 kB
MemFree:          641320 kB
MemAvailable:    1451136 kB
Buffers:           88644 kB
Cached:           746408 kB
MemTotal:        1844596 kB
MemFree:          641212 kB
MemAvailable:    1451028 kB
Buffers:           88644 kB
Cached:           746408 kB
MemTotal:        1844596 kB
MemFree:          640908 kB
MemAvailable:    1450724 kB
Buffers:           88644 kB
Cached:           746408 kB
MemTotal:        1844596 kB
MemFree:          638972 kB
MemAvailable:    1448788 kB
Buffers:           88644 kB
Cached:           746408 kB
MemTotal:        1844596 kB
MemFree:          638980 kB
MemAvailable:    1448796 kB
Buffers:           88644 kB
Cached:           746408 kB
MemTotal:        1844596 kB
MemFree:          639696 kB
MemAvailable:    1449512 kB
Buffers:           88644 kB
Cached:           746408 kB
MemTotal:        1844596 kB
MemFree:          639696 kB
MemAvailable:    1449512 kB
Buffers:           88644 kB
Cached:           746408 kB
MemTotal:        1844596 kB
MemFree:          638112 kB
MemAvailable:    1447928 kB
Buffers:           88644 kB
Cached:           746408 kB
MemTotal:        1844596 kB
MemFree:          637980 kB
MemAvailable:    1447796 kB
Buffers:           88644 kB
Cached:           746408 kB
MemTotal:        1844596 kB
MemFree:          639344 kB
MemAvailable:    1449160 kB
Buffers:           88644 kB
Cached:           746408 kB
MemTotal:        1844596 kB
MemFree:          638476 kB
MemAvailable:    1448292 kB
Buffers:           88644 kB
Cached:           746408 kB
MemTotal:        1844596 kB
MemFree:          637872 kB
MemAvailable:    1447688 kB
Buffers:           88644 kB
Cached:           746408 kB
MemTotal:        1844596 kB
MemFree:          636980 kB
MemAvailable:    1446796 kB
Buffers:           88644 kB
Cached:           746408 kB
MemTotal:        1844596 kB
MemFree:          636872 kB
MemAvailable:    1446688 kB
Buffers:           88644 kB
Cached:           746408 kB
MemTotal:        1844596 kB
MemFree:          636864 kB
MemAvailable:    1446680 kB
Buffers:           88644 kB
Cached:           746408 kB
MemTotal:        1844596 kB
MemFree:          637844 kB
MemAvailable:    1447660 kB
Buffers:           88644 kB
Cached:           746408 kB
MemTotal:        1844596 kB
MemFree:          637844 kB
MemAvailable:    1447660 kB
Buffers:           88644 kB
Cached:           746408 kB
MemTotal:        1844596 kB
MemFree:          637744 kB
MemAvailable:    1447560 kB
Buffers:           88644 kB
Cached:           746408 kB
MemTotal:        1844596 kB
MemFree:          637596 kB
MemAvailable:    1447412 kB
Buffers:           88644 kB
Cached:           746408 kB
MemTotal:        1844596 kB
MemFree:          637680 kB
MemAvailable:    1447496 kB
Buffers:           88644 kB
Cached:           746408 kB
MemTotal:        1844596 kB
MemFree:          637692 kB
MemAvailable:    1447508 kB
Buffers:           88644 kB
Cached:           746408 kB
MemTotal:        1844596 kB
MemFree:          637872 kB
MemAvailable:    1447688 kB
Buffers:           88644 kB
Cached:           746408 kB
MemTotal:        1844596 kB
MemFree:          636996 kB
MemAvailable:    1446812 kB
Buffers:           88644 kB
Cached:           746408 kB
MemTotal:        1844596 kB
MemFree:          636864 kB
MemAvailable:    1446684 kB
Buffers:           88644 kB
Cached:           746412 kB
MemTotal:        1844596 kB
MemFree:          637988 kB
MemAvailable:    1447812 kB
Buffers:           88644 kB
Cached:           746416 kB
MemTotal:        1844596 kB
MemFree:          636624 kB
MemAvailable:    1446448 kB
Buffers:           88644 kB
Cached:           746416 kB
MemTotal:        1844596 kB
MemFree:          638112 kB
MemAvailable:    1447936 kB
Buffers:           88644 kB
Cached:           746416 kB
MemTotal:        1844596 kB
MemFree:          637732 kB
MemAvailable:    1447556 kB
Buffers:           88644 kB
Cached:           746416 kB
MemTotal:        1844596 kB
MemFree:          636624 kB
MemAvailable:    1446448 kB
Buffers:           88644 kB
Cached:           746416 kB
MemTotal:        1844596 kB
MemFree:          637312 kB
MemAvailable:    1447136 kB
Buffers:           88644 kB
Cached:           746416 kB
MemTotal:        1844596 kB
MemFree:          637648 kB
MemAvailable:    1447472 kB
Buffers:           88644 kB
Cached:           746416 kB
MemTotal:        1844596 kB
MemFree:          636252 kB
MemAvailable:    1446076 kB
Buffers:           88644 kB
Cached:           746416 kB
MemTotal:        1844596 kB
MemFree:          636244 kB
MemAvailable:    1446068 kB
Buffers:           88644 kB
Cached:           746416 kB
MemTotal:        1844596 kB
MemFree:          636328 kB
MemAvailable:    1446152 kB
Buffers:           88644 kB
Cached:           746416 kB
MemTotal:        1844596 kB
MemFree:          637480 kB
MemAvailable:    1447304 kB
Buffers:           88644 kB
Cached:           746416 kB
MemTotal:        1844596 kB
MemFree:          637616 kB
MemAvailable:    1447440 kB
Buffers:           88644 kB
Cached:           746416 kB
MemTotal:        1844596 kB
MemFree:          637700 kB
MemAvailable:    1447524 kB
Buffers:           88644 kB
Cached:           746416 kB
MemTotal:        1844596 kB
MemFree:          636204 kB
MemAvailable:    1446028 kB
Buffers:           88644 kB
Cached:           746416 kB
MemTotal:        1844596 kB
MemFree:          636196 kB
MemAvailable:    1446020 kB
Buffers:           88644 kB
Cached:           746416 kB
MemTotal:        1844596 kB
MemFree:          635252 kB
MemAvailable:    1445076 kB
Buffers:           88644 kB
Cached:           746416 kB
MemTotal:        1844596 kB
MemFree:          636236 kB
MemAvailable:    1446060 kB
Buffers:           88644 kB
Cached:           746416 kB
MemTotal:        1844596 kB
MemFree:          635136 kB
MemAvailable:    1444960 kB
Buffers:           88644 kB
Cached:           746416 kB
MemTotal:        1844596 kB
MemFree:          635860 kB
MemAvailable:    1445684 kB
Buffers:           88644 kB
Cached:           746416 kB
MemTotal:        1844596 kB
MemFree:          636196 kB
MemAvailable:    1446020 kB
Buffers:           88644 kB
Cached:           746416 kB
MemTotal:        1844596 kB
MemFree:          633584 kB
MemAvailable:    1443408 kB
Buffers:           88644 kB
Cached:           746416 kB
MemTotal:        1844596 kB
MemFree:          631540 kB
MemAvailable:    1441364 kB
Buffers:           88644 kB
Cached:           746416 kB
MemTotal:        1844596 kB
MemFree:          629740 kB
MemAvailable:    1439564 kB
Buffers:           88644 kB
Cached:           746416 kB
MemTotal:        1844596 kB
MemFree:          626084 kB
MemAvailable:    1435908 kB
Buffers:           88644 kB
Cached:           746416 kB
MemTotal:        1844596 kB
MemFree:          623788 kB
MemAvailable:    1433612 kB
Buffers:           88644 kB
Cached:           746416 kB
MemTotal:        1844596 kB
MemFree:          621380 kB
MemAvailable:    1431204 kB
Buffers:           88644 kB
Cached:           746416 kB
MemTotal:        1844596 kB
MemFree:          619256 kB
MemAvailable:    1429080 kB
Buffers:           88644 kB
Cached:           746416 kB
MemTotal:        1844596 kB
MemFree:          619256 kB
MemAvailable:    1429080 kB
Buffers:           88644 kB
Cached:           746416 kB
MemTotal:        1844596 kB
MemFree:          617728 kB
MemAvailable:    1427552 kB
Buffers:           88644 kB
Cached:           746416 kB
MemTotal:        1844596 kB
MemFree:          619000 kB
MemAvailable:    1428824 kB
Buffers:           88644 kB
Cached:           746416 kB
MemTotal:        1844596 kB
MemFree:          619084 kB
MemAvailable:    1428908 kB
Buffers:           88644 kB
Cached:           746416 kB
MemTotal:        1844596 kB
MemFree:          617720 kB
MemAvailable:    1427544 kB
Buffers:           88644 kB
Cached:           746416 kB
MemTotal:        1844596 kB
MemFree:          618960 kB
MemAvailable:    1428784 kB
Buffers:           88644 kB
Cached:           746416 kB
MemTotal:        1844596 kB
MemFree:          618280 kB
MemAvailable:    1428104 kB
Buffers:           88644 kB
Cached:           746416 kB
MemTotal:        1844596 kB
MemFree:          618628 kB
MemAvailable:    1428452 kB
Buffers:           88644 kB
Cached:           746416 kB
MemTotal:        1844596 kB
MemFree:          618964 kB
MemAvailable:    1428788 kB
Buffers:           88644 kB
Cached:           746416 kB
MemTotal:        1844596 kB
MemFree:          618772 kB
MemAvailable:    1428596 kB
Buffers:           88644 kB
Cached:           746416 kB
MemTotal:        1844596 kB
MemFree:          618156 kB
MemAvailable:    1427980 kB
Buffers:           88644 kB
Cached:           746416 kB
MemTotal:        1844596 kB
MemFree:          619228 kB
MemAvailable:    1429052 kB
Buffers:           88644 kB
Cached:           746416 kB
MemTotal:        1844596 kB
MemFree:          618008 kB
MemAvailable:    1427832 kB
Buffers:           88644 kB
Cached:           746416 kB
MemTotal:        1844596 kB
MemFree:          617900 kB
MemAvailable:    1427724 kB
Buffers:           88644 kB
Cached:           746416 kB
MemTotal:        1844596 kB
MemFree:          617880 kB
MemAvailable:    1427704 kB
Buffers:           88644 kB
Cached:           746416 kB
MemTotal:        1844596 kB
MemFree:          617660 kB
MemAvailable:    1427484 kB
Buffers:           88644 kB
Cached:           746416 kB
MemTotal:        1844596 kB
MemFree:          616612 kB
MemAvailable:    1426436 kB
Buffers:           88644 kB
Cached:           746416 kB
MemTotal:        1844596 kB
MemFree:          617972 kB
MemAvailable:    1427796 kB
Buffers:           88644 kB
Cached:           746416 kB
MemTotal:        1844596 kB
MemFree:          617156 kB
MemAvailable:    1426980 kB
Buffers:           88644 kB
Cached:           746416 kB
MemTotal:        1844596 kB
MemFree:          617756 kB
MemAvailable:    1427580 kB
Buffers:           88644 kB
Cached:           746416 kB
MemTotal:        1844596 kB
MemFree:          618092 kB
MemAvailable:    1427916 kB
Buffers:           88644 kB
Cached:           746416 kB
MemTotal:        1844596 kB
MemFree:          617900 kB
MemAvailable:    1427724 kB
Buffers:           88644 kB
Cached:           746416 kB
MemTotal:        1844596 kB
MemFree:          617960 kB
MemAvailable:    1427784 kB
Buffers:           88644 kB
Cached:           746416 kB
MemTotal:        1844596 kB
MemFree:          617912 kB
MemAvailable:    1427736 kB
Buffers:           88644 kB
Cached:           746416 kB
MemTotal:        1844596 kB
MemFree:          617280 kB
MemAvailable:    1427104 kB
Buffers:           88644 kB
Cached:           746416 kB
MemTotal:        1844596 kB
MemFree:          617984 kB
MemAvailable:    1427812 kB
Buffers:           88644 kB
Cached:           746424 kB
MemTotal:        1844596 kB
MemFree:          616652 kB
MemAvailable:    1426480 kB
Buffers:           88644 kB
Cached:           746424 kB
MemTotal:        1844596 kB
MemFree:          617148 kB
MemAvailable:    1426976 kB
Buffers:           88644 kB
Cached:           746424 kB
MemTotal:        1844596 kB
MemFree:          618272 kB
MemAvailable:    1428100 kB
Buffers:           88644 kB
Cached:           746424 kB
MemTotal:        1844596 kB
MemFree:          617536 kB
MemAvailable:    1427364 kB
Buffers:           88644 kB
Cached:           746424 kB
MemTotal:        1844596 kB
MemFree:          618024 kB
MemAvailable:    1427852 kB
Buffers:           88644 kB
Cached:           746424 kB
MemTotal:        1844596 kB
MemFree:          617884 kB
MemAvailable:    1427712 kB
Buffers:           88644 kB
Cached:           746424 kB
MemTotal:        1844596 kB
MemFree:          618096 kB
MemAvailable:    1427924 kB
Buffers:           88644 kB
Cached:           746424 kB
MemTotal:        1844596 kB
MemFree:          618012 kB
MemAvailable:    1427840 kB
Buffers:           88644 kB
Cached:           746424 kB
MemTotal:        1844596 kB
MemFree:          617964 kB
MemAvailable:    1427792 kB
Buffers:           88644 kB
Cached:           746424 kB
MemTotal:        1844596 kB
MemFree:          617280 kB
MemAvailable:    1427108 kB
Buffers:           88644 kB
Cached:           746424 kB
MemTotal:        1844596 kB
MemFree:          613420 kB
MemAvailable:    1423248 kB
Buffers:           88644 kB
Cached:           746424 kB
MemTotal:        1844596 kB
MemFree:          613508 kB
MemAvailable:    1423336 kB
Buffers:           88644 kB
Cached:           746424 kB
MemTotal:        1844596 kB
MemFree:          608716 kB
MemAvailable:    1418544 kB
Buffers:           88644 kB
Cached:           746424 kB
MemTotal:        1844596 kB
MemFree:          605996 kB
MemAvailable:    1415824 kB
Buffers:           88644 kB
Cached:           746424 kB
MemTotal:        1844596 kB
MemFree:          602648 kB
MemAvailable:    1412476 kB
Buffers:           88644 kB
Cached:           746424 kB
MemTotal:        1844596 kB
MemFree:          600972 kB
MemAvailable:    1410800 kB
Buffers:           88644 kB
Cached:           746424 kB
MemTotal:        1844596 kB
MemFree:          599616 kB
MemAvailable:    1409444 kB
Buffers:           88644 kB
Cached:           746424 kB
MemTotal:        1844596 kB
MemFree:          599052 kB
MemAvailable:    1408880 kB
Buffers:           88644 kB
Cached:           746424 kB
MemTotal:        1844596 kB
MemFree:          599544 kB
MemAvailable:    1409372 kB
Buffers:           88644 kB
Cached:           746424 kB
MemTotal:        1844596 kB
MemFree:          599652 kB
MemAvailable:    1409480 kB
Buffers:           88644 kB
Cached:           746424 kB
MemTotal:        1844596 kB
MemFree:          599804 kB
MemAvailable:    1409632 kB
Buffers:           88644 kB
Cached:           746424 kB
MemTotal:        1844596 kB
MemFree:          598392 kB
MemAvailable:    1408224 kB
Buffers:           88644 kB
Cached:           746428 kB
MemTotal:        1844596 kB
MemFree:          599800 kB
MemAvailable:    1409632 kB
Buffers:           88644 kB
Cached:           746428 kB
MemTotal:        1844596 kB
MemFree:          599632 kB
MemAvailable:    1409464 kB
Buffers:           88644 kB
Cached:           746428 kB
MemTotal:        1844596 kB
MemFree:          598936 kB
MemAvailable:    1408768 kB
Buffers:           88644 kB
Cached:           746428 kB
MemTotal:        1844596 kB
MemFree:          599532 kB
MemAvailable:    1409364 kB
Buffers:           88644 kB
Cached:           746428 kB
MemTotal:        1844596 kB
MemFree:          599868 kB
MemAvailable:    1409700 kB
Buffers:           88644 kB
Cached:           746428 kB
MemTotal:        1844596 kB
MemFree:          599540 kB
MemAvailable:    1409372 kB
Buffers:           88644 kB
Cached:           746428 kB
MemTotal:        1844596 kB
MemFree:          598508 kB
MemAvailable:    1408340 kB
Buffers:           88644 kB
Cached:           746428 kB
MemTotal:        1844596 kB
MemFree:          599740 kB
MemAvailable:    1409572 kB
Buffers:           88644 kB
Cached:           746428 kB
MemTotal:        1844596 kB
MemFree:          599532 kB
MemAvailable:    1409364 kB
Buffers:           88644 kB
Cached:           746428 kB
MemTotal:        1844596 kB
MemFree:          599868 kB
MemAvailable:    1409700 kB
Buffers:           88644 kB
Cached:           746428 kB
MemTotal:        1844596 kB
MemFree:          598544 kB
MemAvailable:    1408376 kB
Buffers:           88644 kB
Cached:           746428 kB
MemTotal:        1844596 kB
MemFree:          599712 kB
MemAvailable:    1409544 kB
Buffers:           88644 kB
Cached:           746428 kB
MemTotal:        1844596 kB
MemFree:          598536 kB
MemAvailable:    1408368 kB
Buffers:           88644 kB
Cached:           746428 kB
MemTotal:        1844596 kB
MemFree:          598412 kB
MemAvailable:    1408244 kB
Buffers:           88644 kB
Cached:           746428 kB
MemTotal:        1844596 kB
MemFree:          598412 kB
MemAvailable:    1408244 kB
Buffers:           88644 kB
Cached:           746428 kB
MemTotal:        1844596 kB
MemFree:          599736 kB
MemAvailable:    1409568 kB
Buffers:           88644 kB
Cached:           746428 kB
MemTotal:        1844596 kB
MemFree:          598928 kB
MemAvailable:    1408760 kB
Buffers:           88644 kB
Cached:           746428 kB
MemTotal:        1844596 kB
MemFree:          599788 kB
MemAvailable:    1409620 kB
Buffers:           88644 kB
Cached:           746428 kB
MemTotal:        1844596 kB
MemFree:          600044 kB
MemAvailable:    1409876 kB
Buffers:           88644 kB
Cached:           746428 kB
MemTotal:        1844596 kB
MemFree:          599516 kB
MemAvailable:    1409348 kB
Buffers:           88644 kB
Cached:           746428 kB
MemTotal:        1844596 kB
MemFree:          599684 kB
MemAvailable:    1409516 kB
Buffers:           88644 kB
Cached:           746428 kB
MemTotal:        1844596 kB
MemFree:          599704 kB
MemAvailable:    1409536 kB
Buffers:           88644 kB
Cached:           746428 kB
MemTotal:        1844596 kB
MemFree:          599664 kB
MemAvailable:    1409496 kB
Buffers:           88644 kB
Cached:           746428 kB
MemTotal:        1844596 kB
MemFree:          598928 kB
MemAvailable:    1408760 kB
Buffers:           88644 kB
Cached:           746428 kB
MemTotal:        1844596 kB
MemFree:          599388 kB
MemAvailable:    1409220 kB
Buffers:           88644 kB
Cached:           746428 kB
MemTotal:        1844596 kB
MemFree:          599724 kB
MemAvailable:    1409556 kB
Buffers:           88644 kB
Cached:           746428 kB
MemTotal:        1844596 kB
MemFree:          599576 kB
MemAvailable:    1409408 kB
Buffers:           88644 kB
Cached:           746428 kB
MemTotal:        1844596 kB
MemFree:          599748 kB
MemAvailable:    1409580 kB
Buffers:           88644 kB
Cached:           746428 kB
MemTotal:        1844596 kB
MemFree:          599712 kB
MemAvailable:    1409544 kB
Buffers:           88644 kB
Cached:           746428 kB
MemTotal:        1844596 kB
MemFree:          598672 kB
MemAvailable:    1408504 kB
Buffers:           88644 kB
Cached:           746428 kB
MemTotal:        1844596 kB
MemFree:          599588 kB
MemAvailable:    1409420 kB
Buffers:           88644 kB
Cached:           746428 kB
MemTotal:        1844596 kB
MemFree:          591984 kB
MemAvailable:    1401816 kB
Buffers:           88644 kB
Cached:           746428 kB
MemTotal:        1844596 kB
MemFree:          587644 kB
MemAvailable:    1397476 kB
Buffers:           88644 kB
Cached:           746428 kB
MemTotal:        1844596 kB
MemFree:          584472 kB
MemAvailable:    1394304 kB
Buffers:           88644 kB
Cached:           746428 kB
MemTotal:        1844596 kB
MemFree:          582304 kB
MemAvailable:    1392136 kB
Buffers:           88644 kB
Cached:           746428 kB
MemTotal:        1844596 kB
MemFree:          582444 kB
MemAvailable:    1392276 kB
Buffers:           88644 kB
Cached:           746428 kB
MemTotal:        1844596 kB
MemFree:          581024 kB
MemAvailable:    1390856 kB
Buffers:           88644 kB
Cached:           746428 kB
MemTotal:        1844596 kB
MemFree:          581932 kB
MemAvailable:    1391764 kB
Buffers:           88644 kB
Cached:           746428 kB
MemTotal:        1844596 kB
MemFree:          581932 kB
MemAvailable:    1391764 kB
Buffers:           88644 kB
Cached:           746428 kB
MemTotal:        1844596 kB
MemFree:          581488 kB
MemAvailable:    1391320 kB
Buffers:           88644 kB
Cached:           746428 kB
MemTotal:        1844596 kB
MemFree:          581364 kB
MemAvailable:    1391196 kB
Buffers:           88644 kB
Cached:           746428 kB
MemTotal:        1844596 kB
MemFree:          580196 kB
MemAvailable:    1390028 kB
Buffers:           88644 kB
Cached:           746428 kB
MemTotal:        1844596 kB
MemFree:          581344 kB
MemAvailable:    1391176 kB
Buffers:           88644 kB
Cached:           746428 kB
MemTotal:        1844596 kB
MemFree:          581368 kB
MemAvailable:    1391200 kB
Buffers:           88644 kB
Cached:           746428 kB
MemTotal:        1844596 kB
MemFree:          581368 kB
MemAvailable:    1391200 kB
Buffers:           88644 kB
Cached:           746428 kB
MemTotal:        1844596 kB
MemFree:          579964 kB
MemAvailable:    1389796 kB
Buffers:           88644 kB
Cached:           746428 kB
MemTotal:        1844596 kB
MemFree:          580644 kB
MemAvailable:    1390476 kB
Buffers:           88644 kB
Cached:           746428 kB
MemTotal:        1844596 kB
MemFree:          580900 kB
MemAvailable:    1390732 kB
Buffers:           88644 kB
Cached:           746428 kB
MemTotal:        1844596 kB
MemFree:          579444 kB
MemAvailable:    1389276 kB
Buffers:           88644 kB
Cached:           746428 kB
MemTotal:        1844596 kB
MemFree:          579940 kB
MemAvailable:    1389772 kB
Buffers:           88644 kB
Cached:           746428 kB
MemTotal:        1844596 kB
MemFree:          579956 kB
MemAvailable:    1389788 kB
Buffers:           88644 kB
Cached:           746428 kB
MemTotal:        1844596 kB
MemFree:          579828 kB
MemAvailable:    1389660 kB
Buffers:           88644 kB
Cached:           746428 kB
MemTotal:        1844596 kB
MemFree:          579148 kB
MemAvailable:    1388980 kB
Buffers:           88644 kB
Cached:           746428 kB
MemTotal:        1844596 kB
MemFree:          577848 kB
MemAvailable:    1387680 kB
Buffers:           88644 kB
Cached:           746428 kB
MemTotal:        1844596 kB
MemFree:          578520 kB
MemAvailable:    1388352 kB
Buffers:           88644 kB
Cached:           746428 kB
MemTotal:        1844596 kB
MemFree:          577848 kB
MemAvailable:    1387680 kB
Buffers:           88644 kB
Cached:           746428 kB
MemTotal:        1844596 kB
MemFree:          577584 kB
MemAvailable:    1387416 kB
Buffers:           88644 kB
Cached:           746428 kB
MemTotal:        1844596 kB
MemFree:          577920 kB
MemAvailable:    1387752 kB
Buffers:           88644 kB
Cached:           746428 kB
MemTotal:        1844596 kB
MemFree:          575192 kB
MemAvailable:    1385024 kB
Buffers:           88644 kB
Cached:           746428 kB
MemTotal:        1844596 kB
MemFree:          574624 kB
MemAvailable:    1384456 kB
Buffers:           88644 kB
Cached:           746428 kB
MemTotal:        1844596 kB
MemFree:          574376 kB
MemAvailable:    1384208 kB
Buffers:           88644 kB
Cached:           746428 kB
MemTotal:        1844596 kB
MemFree:          574120 kB
MemAvailable:    1383952 kB
Buffers:           88644 kB
Cached:           746428 kB
MemTotal:        1844596 kB
MemFree:          575164 kB
MemAvailable:    1384996 kB
Buffers:           88644 kB
Cached:           746428 kB
MemTotal:        1844596 kB
MemFree:          575312 kB
MemAvailable:    1385144 kB
Buffers:           88644 kB
Cached:           746428 kB
MemTotal:        1844596 kB
MemFree:          575180 kB
MemAvailable:    1385012 kB
Buffers:           88644 kB
Cached:           746428 kB
MemTotal:        1844596 kB
MemFree:          574376 kB
MemAvailable:    1384208 kB
Buffers:           88644 kB
Cached:           746428 kB
MemTotal:        1844596 kB
MemFree:          574856 kB
MemAvailable:    1384688 kB
Buffers:           88644 kB
Cached:           746428 kB
MemTotal:        1844596 kB
MemFree:          574116 kB
MemAvailable:    1383948 kB
Buffers:           88644 kB
Cached:           746428 kB
MemTotal:        1844596 kB
MemFree:          573616 kB
MemAvailable:    1383448 kB
Buffers:           88644 kB
Cached:           746428 kB
MemTotal:        1844596 kB
MemFree:          573952 kB
MemAvailable:    1383784 kB
Buffers:           88644 kB
Cached:           746428 kB
MemTotal:        1844596 kB
MemFree:          572384 kB
MemAvailable:    1382216 kB
Buffers:           88644 kB
Cached:           746428 kB
MemTotal:        1844596 kB
MemFree:          572244 kB
MemAvailable:    1382076 kB
Buffers:           88644 kB
Cached:           746428 kB
MemTotal:        1844596 kB
MemFree:          573508 kB
MemAvailable:    1383344 kB
Buffers:           88644 kB
Cached:           746432 kB
MemTotal:        1844596 kB
MemFree:          573452 kB
MemAvailable:    1383292 kB
Buffers:           88644 kB
Cached:           746436 kB
MemTotal:        1844596 kB
MemFree:          573136 kB
MemAvailable:    1382976 kB
Buffers:           88644 kB
Cached:           746436 kB
MemTotal:        1844596 kB
MemFree:          572256 kB
MemAvailable:    1382096 kB
Buffers:           88644 kB
Cached:           746436 kB
MemTotal:        1844596 kB
MemFree:          573548 kB
MemAvailable:    1383388 kB
Buffers:           88644 kB
Cached:           746436 kB
MemTotal:        1844596 kB
MemFree:          572332 kB
MemAvailable:    1382172 kB
Buffers:           88644 kB
Cached:           746436 kB
MemTotal:        1844596 kB
MemFree:          572068 kB
MemAvailable:    1381908 kB
Buffers:           88644 kB
Cached:           746436 kB
MemTotal:        1844596 kB
MemFree:          573428 kB
MemAvailable:    1383268 kB
Buffers:           88644 kB
Cached:           746436 kB
MemTotal:        1844596 kB
MemFree:          573012 kB
MemAvailable:    1382852 kB
Buffers:           88644 kB
Cached:           746436 kB
MemTotal:        1844596 kB
MemFree:          573440 kB
MemAvailable:    1383280 kB
Buffers:           88644 kB
Cached:           746436 kB
MemTotal:        1844596 kB
MemFree:          573608 kB
MemAvailable:    1383448 kB
Buffers:           88644 kB
Cached:           746436 kB
MemTotal:        1844596 kB
MemFree:          573548 kB
MemAvailable:    1383388 kB
Buffers:           88644 kB
Cached:           746436 kB
MemTotal:        1844596 kB
MemFree:          572068 kB
MemAvailable:    1381908 kB
Buffers:           88644 kB
Cached:           746436 kB
MemTotal:        1844596 kB
MemFree:          573564 kB
MemAvailable:    1383404 kB
Buffers:           88644 kB
Cached:           746436 kB
MemTotal:        1844596 kB
MemFree:          573436 kB
MemAvailable:    1383276 kB
Buffers:           88644 kB
Cached:           746436 kB
MemTotal:        1844596 kB
MemFree:          573144 kB
MemAvailable:    1382984 kB
Buffers:           88644 kB
Cached:           746436 kB
MemTotal:        1844596 kB
MemFree:          572220 kB
MemAvailable:    1382060 kB
Buffers:           88644 kB
Cached:           746436 kB
MemTotal:        1844596 kB
MemFree:          573460 kB
MemAvailable:    1383300 kB
Buffers:           88644 kB
Cached:           746436 kB
MemTotal:        1844596 kB
MemFree:          572340 kB
MemAvailable:    1382180 kB
Buffers:           88644 kB
Cached:           746436 kB
MemTotal:        1844596 kB
MemFree:          573492 kB
MemAvailable:    1383332 kB
Buffers:           88644 kB
Cached:           746436 kB
MemTotal:        1844596 kB
MemFree:          572632 kB
MemAvailable:    1382472 kB
Buffers:           88644 kB
Cached:           746436 kB
MemTotal:        1844596 kB
MemFree:          573468 kB
MemAvailable:    1383312 kB
Buffers:           88644 kB
Cached:           746440 kB
MemTotal:        1844596 kB
MemFree:          573568 kB
MemAvailable:    1383412 kB
Buffers:           88644 kB
Cached:           746440 kB
MemTotal:        1844596 kB
MemFree:          572764 kB
MemAvailable:    1382608 kB
Buffers:           88644 kB
Cached:           746440 kB
MemTotal:        1844596 kB
MemFree:          573232 kB
MemAvailable:    1383076 kB
Buffers:           88644 kB
Cached:           746440 kB
MemTotal:        1844596 kB
MemFree:          573568 kB
MemAvailable:    1383412 kB
Buffers:           88644 kB
Cached:           746440 kB
MemTotal:        1844596 kB
MemFree:          573412 kB
MemAvailable:    1383256 kB
Buffers:           88644 kB
Cached:           746440 kB
MemTotal:        1844596 kB
MemFree:          573584 kB
MemAvailable:    1383428 kB
Buffers:           88644 kB
Cached:           746440 kB
MemTotal:        1844596 kB
MemFree:          573548 kB
MemAvailable:    1383392 kB
Buffers:           88644 kB
Cached:           746440 kB
MemTotal:        1844596 kB
MemFree:          572372 kB
MemAvailable:    1382216 kB
Buffers:           88644 kB
Cached:           746440 kB
MemTotal:        1844596 kB
MemFree:          572248 kB
MemAvailable:    1382092 kB
Buffers:           88644 kB
Cached:           746440 kB
MemTotal:        1844596 kB
MemFree:          572248 kB
MemAvailable:    1382092 kB
Buffers:           88644 kB
Cached:           746440 kB
MemTotal:        1844596 kB
MemFree:          573500 kB
MemAvailable:    1383344 kB
Buffers:           88644 kB
Cached:           746440 kB
MemTotal:        1844596 kB
MemFree:          572076 kB
MemAvailable:    1381920 kB
Buffers:           88644 kB
Cached:           746440 kB
MemTotal:        1844596 kB
MemFree:          572368 kB
MemAvailable:    1382212 kB
Buffers:           88644 kB
Cached:           746440 kB
MemTotal:        1844596 kB
MemFree:          573352 kB
MemAvailable:    1383196 kB
Buffers:           88644 kB
Cached:           746440 kB
MemTotal:        1844596 kB
MemFree:          572236 kB
MemAvailable:    1382080 kB
Buffers:           88644 kB
Cached:           746440 kB
MemTotal:        1844596 kB
MemFree:          573532 kB
MemAvailable:    1383376 kB
Buffers:           88644 kB
Cached:           746440 kB
MemTotal:        1844596 kB
MemFree:          572772 kB
MemAvailable:    1382616 kB
Buffers:           88644 kB
Cached:           746440 kB
MemTotal:        1844596 kB
MemFree:          573120 kB
MemAvailable:    1382964 kB
Buffers:           88644 kB
Cached:           746440 kB
MemTotal:        1844596 kB
MemFree:          572380 kB
MemAvailable:    1382224 kB
Buffers:           88644 kB
Cached:           746440 kB
MemTotal:        1844596 kB
MemFree:          570896 kB
MemAvailable:    1380740 kB
Buffers:           88644 kB
Cached:           746440 kB
MemTotal:        1844596 kB
MemFree:          570416 kB
MemAvailable:    1380260 kB
Buffers:           88644 kB
Cached:           746440 kB
MemTotal:        1844596 kB
MemFree:          566688 kB
MemAvailable:    1376532 kB
Buffers:           88644 kB
Cached:           746440 kB
MemTotal:        1844596 kB
MemFree:          564208 kB
MemAvailable:    1374052 kB
Buffers:           88644 kB
Cached:           746440 kB
MemTotal:        1844596 kB
MemFree:          561728 kB
MemAvailable:    1371572 kB
Buffers:           88644 kB
Cached:           746440 kB
MemTotal:        1844596 kB
MemFree:          557884 kB
MemAvailable:    1367728 kB
Buffers:           88644 kB
Cached:           746440 kB
MemTotal:        1844596 kB
MemFree:          554288 kB
MemAvailable:    1364132 kB
Buffers:           88644 kB
Cached:           746440 kB
MemTotal:        1844596 kB
MemFree:          554352 kB
MemAvailable:    1364196 kB
Buffers:           88644 kB
Cached:           746440 kB
MemTotal:        1844596 kB
MemFree:          552792 kB
MemAvailable:    1362636 kB
Buffers:           88644 kB
Cached:           746440 kB
MemTotal:        1844596 kB
MemFree:          554032 kB
MemAvailable:    1363876 kB
Buffers:           88644 kB
Cached:           746440 kB
MemTotal:        1844596 kB
MemFree:          552912 kB
MemAvailable:    1362756 kB
Buffers:           88644 kB
Cached:           746440 kB
MemTotal:        1844596 kB
MemFree:          552740 kB
MemAvailable:    1362584 kB
Buffers:           88644 kB
Cached:           746440 kB
MemTotal:        1844596 kB
MemFree:          553964 kB
MemAvailable:    1363808 kB
Buffers:           88644 kB
Cached:           746440 kB
MemTotal:        1844596 kB
MemFree:          553836 kB
MemAvailable:    1363680 kB
Buffers:           88644 kB
Cached:           746440 kB
MemTotal:        1844596 kB
MemFree:          553916 kB
MemAvailable:    1363760 kB
Buffers:           88644 kB
Cached:           746440 kB
MemTotal:        1844596 kB
MemFree:          554028 kB
MemAvailable:    1363872 kB
Buffers:           88644 kB
Cached:           746440 kB
MemTotal:        1844596 kB
MemFree:          552740 kB
MemAvailable:    1362584 kB
Buffers:           88644 kB
Cached:           746440 kB
MemTotal:        1844596 kB
MemFree:          554036 kB
MemAvailable:    1363880 kB
Buffers:           88644 kB
Cached:           746440 kB
MemTotal:        1844596 kB
MemFree:          553872 kB
MemAvailable:    1363716 kB
Buffers:           88644 kB
Cached:           746440 kB
MemTotal:        1844596 kB
MemFree:          554124 kB
MemAvailable:    1363968 kB
Buffers:           88644 kB
Cached:           746440 kB
MemTotal:        1844596 kB
MemFree:          553808 kB
MemAvailable:    1363652 kB
Buffers:           88644 kB
Cached:           746440 kB
MemTotal:        1844596 kB
MemFree:          553660 kB
MemAvailable:    1363504 kB
Buffers:           88644 kB
Cached:           746440 kB
MemTotal:        1844596 kB
MemFree:          553912 kB
MemAvailable:    1363756 kB
Buffers:           88644 kB
Cached:           746440 kB
MemTotal:        1844596 kB
MemFree:          553620 kB
MemAvailable:    1363464 kB
Buffers:           88644 kB
Cached:           746440 kB
MemTotal:        1844596 kB
MemFree:          553528 kB
MemAvailable:    1363372 kB
Buffers:           88644 kB
Cached:           746440 kB
MemTotal:        1844596 kB
MemFree:          553780 kB
MemAvailable:    1363624 kB
Buffers:           88644 kB
Cached:           746440 kB
MemTotal:        1844596 kB
MemFree:          552248 kB
MemAvailable:    1362092 kB
Buffers:           88644 kB
Cached:           746440 kB
MemTotal:        1844596 kB
MemFree:          552372 kB
MemAvailable:    1362216 kB
Buffers:           88644 kB
Cached:           746440 kB
MemTotal:        1844596 kB
MemFree:          553728 kB
MemAvailable:    1363572 kB
Buffers:           88644 kB
Cached:           746440 kB
MemTotal:        1844596 kB
MemFree:          552532 kB
MemAvailable:    1362376 kB
Buffers:           88644 kB
Cached:           746440 kB
MemTotal:        1844596 kB
MemFree:          551932 kB
MemAvailable:    1361776 kB
Buffers:           88644 kB
Cached:           746440 kB
MemTotal:        1844596 kB
MemFree:          553040 kB
MemAvailable:    1362888 kB
Buffers:           88644 kB
Cached:           746444 kB
MemTotal:        1844596 kB
MemFree:          551560 kB
MemAvailable:    1361408 kB
Buffers:           88644 kB
Cached:           746444 kB
MemTotal:        1844596 kB
MemFree:          549072 kB
MemAvailable:    1358920 kB
Buffers:           88644 kB
Cached:           746444 kB
MemTotal:        1844596 kB
MemFree:          548964 kB
MemAvailable:    1358812 kB
Buffers:           88644 kB
Cached:           746444 kB
MemTotal:        1844596 kB
MemFree:          543360 kB
MemAvailable:    1353208 kB
Buffers:           88644 kB
Cached:           746444 kB
MemTotal:        1844596 kB
MemFree:          544172 kB
MemAvailable:    1354020 kB
Buffers:           88644 kB
Cached:           746444 kB
MemTotal:        1844596 kB
MemFree:          544040 kB
MemAvailable:    1353888 kB
Buffers:           88644 kB
Cached:           746444 kB
MemTotal:        1844596 kB
MemFree:          542608 kB
MemAvailable:    1352456 kB
Buffers:           88644 kB
Cached:           746444 kB
MemTotal:        1844596 kB
MemFree:          542508 kB
MemAvailable:    1352356 kB
Buffers:           88644 kB
Cached:           746444 kB
MemTotal:        1844596 kB
MemFree:          541700 kB
MemAvailable:    1351548 kB
Buffers:           88644 kB
Cached:           746444 kB
MemTotal:        1844596 kB
MemFree:          540212 kB
MemAvailable:    1350060 kB
Buffers:           88644 kB
Cached:           746444 kB
MemTotal:        1844596 kB
MemFree:          541576 kB
MemAvailable:    1351424 kB
Buffers:           88644 kB
Cached:           746444 kB
MemTotal:        1844596 kB
MemFree:          541724 kB
MemAvailable:    1351572 kB
Buffers:           88644 kB
Cached:           746444 kB
MemTotal:        1844596 kB
MemFree:          540524 kB
MemAvailable:    1350372 kB
Buffers:           88644 kB
Cached:           746444 kB
MemTotal:        1844596 kB
MemFree:          541252 kB
MemAvailable:    1351184 kB
Buffers:           88644 kB
Cached:           746568 kB
MemTotal:        1844596 kB
MemFree:          541588 kB
MemAvailable:    1351520 kB
Buffers:           88644 kB
Cached:           746568 kB
MemTotal:        1844596 kB
MemFree:          541120 kB
MemAvailable:    1351304 kB
Buffers:           88644 kB
Cached:           746816 kB
MemTotal:        1844596 kB
MemFree:          541268 kB
MemAvailable:    1351452 kB
Buffers:           88644 kB
Cached:           746816 kB
MemTotal:        1844596 kB
MemFree:          541004 kB
MemAvailable:    1351272 kB
Buffers:           88644 kB
Cached:           746940 kB
MemTotal:        1844596 kB
MemFree:          540892 kB
MemAvailable:    1351244 kB
Buffers:           88644 kB
Cached:           747064 kB
MemTotal:        1844596 kB
MemFree:          539912 kB
MemAvailable:    1350264 kB
Buffers:           88644 kB
Cached:           747064 kB
MemTotal:        1844596 kB
MemFree:          540980 kB
MemAvailable:    1351416 kB
Buffers:           88644 kB
Cached:           747064 kB
MemTotal:        1844596 kB
MemFree:          540784 kB
MemAvailable:    1351220 kB
Buffers:           88644 kB
Cached:           747064 kB
MemTotal:        1844596 kB
MemFree:          540820 kB
MemAvailable:    1351256 kB
Buffers:           88644 kB
Cached:           747064 kB
MemTotal:        1844596 kB
MemFree:          540160 kB
MemAvailable:    1350596 kB
Buffers:           88644 kB
Cached:           747064 kB
MemTotal:        1844596 kB
MemFree:          540632 kB
MemAvailable:    1351068 kB
Buffers:           88644 kB
Cached:           747064 kB
MemTotal:        1844596 kB
MemFree:          540968 kB
MemAvailable:    1351404 kB
Buffers:           88644 kB
Cached:           747064 kB
MemTotal:        1844596 kB
MemFree:          539648 kB
MemAvailable:    1350084 kB
Buffers:           88644 kB
Cached:           747064 kB
MemTotal:        1844596 kB
MemFree:          540112 kB
MemAvailable:    1350044 kB
Buffers:           88644 kB
Cached:           746388 kB
MemTotal:        1844596 kB
MemFree:          539276 kB
MemAvailable:    1349208 kB
Buffers:           88644 kB
Cached:           746388 kB
MemTotal:        1844596 kB
MemFree:          619032 kB
MemAvailable:    1428964 kB
Buffers:           88644 kB
Cached:           746388 kB
MemTotal:        1844596 kB
MemFree:          733704 kB
MemAvailable:    1543636 kB
Buffers:           88644 kB
Cached:           746388 kB
MemTotal:        1844596 kB
MemFree:          735600 kB
MemAvailable:    1545532 kB
Buffers:           88644 kB
Cached:           746388 kB
