MemTotal:        1844596 kB
MemFree:          264708 kB
MemAvailable:    1544172 kB
Buffers:           96840 kB
Cached:          1206280 kB
MemTotal:        1844596 kB
MemFree:          235832 kB
MemAvailable:    1515300 kB
Buffers:           96840 kB
Cached:          1206284 kB
MemTotal:        1844596 kB
MemFree:          235816 kB
MemAvailable:    1515284 kB
Buffers:           96840 kB
Cached:          1206284 kB
MemTotal:        1844596 kB
MemFree:          234452 kB
MemAvailable:    1513920 kB
Buffers:           96840 kB
Cached:          1206284 kB
MemTotal:        1844596 kB
MemFree:          232360 kB
MemAvailable:    1511828 kB
Buffers:           96840 kB
Cached:          1206284 kB
MemTotal:        1844596 kB
MemFree:          233288 kB
MemAvailable:    1512756 kB
Buffers:           96840 kB
Cached:          1206284 kB
MemTotal:        1844596 kB
MemFree:          231924 kB
MemAvailable:    1511392 kB
Buffers:           96840 kB
Cached:          1206284 kB
MemTotal:        1844596 kB
MemFree:          228872 kB
MemAvailable:    1508340 kB
Buffers:           96840 kB
Cached:          1206284 kB
MemTotal:        1844596 kB
MemFree:          228764 kB
MemAvailable:    1508232 kB
Buffers:           96840 kB
Cached:          1206284 kB
MemTotal:        1844596 kB
MemFree:          225416 kB
MemAvailable:    1504884 kB
Buffers:           96840 kB
Cached:          1206284 kB
MemTotal:        1844596 kB
MemFree:          224724 kB
MemAvailable:    1504192 kB
Buffers:           96840 kB
Cached:          1206284 kB
MemTotal:        1844596 kB
MemFree:          223680 kB
MemAvailable:    1503148 kB
Buffers:           96840 kB
Cached:          1206284 kB
MemTotal:        1844596 kB
MemFree:          224664 kB
MemAvailable:    1504132 kB
Buffers:           96840 kB
Cached:          1206284 kB
MemTotal:        1844596 kB
MemFree:          225000 kB
MemAvailable:    1504468 kB
Buffers:           96840 kB
Cached:          1206284 kB
MemTotal:        1844596 kB
MemFree:          224488 kB
MemAvailable:    1503956 kB
Buffers:           96840 kB
Cached:          1206284 kB
MemTotal:        1844596 kB
MemFree:          224488 kB
MemAvailable:    1503956 kB
Buffers:           96840 kB
Cached:          1206284 kB
MemTotal:        1844596 kB
MemFree:          222992 kB
MemAvailable:    1502460 kB
Buffers:           96840 kB
Cached:          1206284 kB
MemTotal:        1844596 kB
MemFree:          222992 kB
MemAvailable:    1502460 kB
Buffers:           96840 kB
Cached:          1206284 kB
MemTotal:        1844596 kB
MemFree:          224232 kB
MemAvailable:    1503700 kB
Buffers:           96840 kB
Cached:          1206284 kB
MemTotal:        1844596 kB
MemFree:          222860 kB
MemAvailable:    1502328 kB
Buffers:           96840 kB
Cached:          1206284 kB
MemTotal:        1844596 kB
MemFree:          224160 kB
MemAvailable:    1503628 kB
Buffers:           96840 kB
Cached:          1206284 kB
MemTotal:        1844596 kB
MemFree:          222936 kB
MemAvailable:    1502404 kB
Buffers:           96840 kB
Cached:          1206284 kB
MemTotal:        1844596 kB
MemFree:          222440 kB
MemAvailable:    1501908 kB
Buffers:           96840 kB
Cached:          1206284 kB
MemTotal:        1844596 kB
MemFree:          223168 kB
MemAvailable:    1502636 kB
Buffers:           96840 kB
Cached:          1206284 kB
MemTotal:        1844596 kB
MemFree:          223060 kB
MemAvailable:    1502528 kB
Buffers:           96840 kB
Cached:          1206284 kB
MemTotal:        1844596 kB
MemFree:          223128 kB
MemAvailable:    1502596 kB
Buffers:           96840 kB
Cached:          1206284 kB
MemTotal:        1844596 kB
MemFree:          222732 kB
MemAvailable:    1502200 kB
Buffers:           96840 kB
Cached:          1206284 kB
MemTotal:        1844596 kB
MemFree:          223068 kB
MemAvailable:    1502536 kB
Buffers:           96840 kB
Cached:          1206284 kB
MemTotal:        1844596 kB
MemFree:          221888 kB
MemAvailable:    1501356 kB
Buffers:           96840 kB
Cached:          1206284 kB
MemTotal:        1844596 kB
MemFree:          221448 kB
MemAvailable:    1500916 kB
Buffers:           96840 kB
Cached:          1206284 kB
MemTotal:        1844596 kB
MemFree:          221764 kB
MemAvailable:    1501232 kB
Buffers:           96840 kB
Cached:          1206284 kB
MemTotal:        1844596 kB
MemFree:          220648 kB
MemAvailable:    1500116 kB
Buffers:           96840 kB
Cached:          1206284 kB
MemTotal:        1844596 kB
MemFree:          221640 kB
MemAvailable:    1501112 kB
Buffers:           96840 kB
Cached:          1206288 kB
MemTotal:        1844596 kB
MemFree:          221640 kB
MemAvailable:    1501112 kB
Buffers:           96840 kB
Cached:          1206288 kB
MemTotal:        1844596 kB
MemFree:          220400 kB
MemAvailable:    1499872 kB
Buffers:           96840 kB
Cached:          1206288 kB
MemTotal:        1844596 kB
MemFree:          221880 kB
MemAvailable:    1501352 kB
Buffers:           96840 kB
Cached:          1206288 kB
MemTotal:        1844596 kB
MemFree:          221756 kB
MemAvailable:    1501228 kB
Buffers:           96840 kB
Cached:          1206288 kB
MemTotal:        1844596 kB
MemFree:          221436 kB
MemAvailable:    1500908 kB
Buffers:           96840 kB
Cached:          1206288 kB
MemTotal:        1844596 kB
MemFree:          218968 kB
MemAvailable:    1498440 kB
Buffers:           96840 kB
Cached:          1206288 kB
MemTotal:        1844596 kB
MemFree:          215620 kB
MemAvailable:    1495092 kB
Buffers:           96840 kB
Cached:          1206288 kB
MemTotal:        1844596 kB
MemFree:          216416 kB
MemAvailable:    1495888 kB
Buffers:           96840 kB
Cached:          1206288 kB
MemTotal:        1844596 kB
MemFree:          216168 kB
MemAvailable:    1495640 kB
Buffers:           96840 kB
Cached:          1206288 kB
MemTotal:        1844596 kB
MemFree:          216116 kB
MemAvailable:    1495464 kB
Buffers:           96840 kB
Cached:          1206288 kB
MemTotal:        1844596 kB
MemFree:          216100 kB
MemAvailable:    1495572 kB
Buffers:           96840 kB
Cached:          1206288 kB
MemTotal:        1844596 kB
MemFree:          215184 kB
MemAvailable:    1494656 kB
Buffers:           96840 kB
Cached:          1206288 kB
MemTotal:        1844596 kB
MemFree:          214812 kB
MemAvailable:    1494284 kB
Buffers:           96840 kB
Cached:          1206288 kB
MemTotal:        1844596 kB
MemFree:          216104 kB
MemAvailable:    1495576 kB
Buffers:           96840 kB
Cached:          1206288 kB
MemTotal:        1844596 kB
MemFree:          214804 kB
MemAvailable:    1494276 kB
Buffers:           96840 kB
Cached:          1206288 kB
MemTotal:        1844596 kB
MemFree:          216104 kB
MemAvailable:    1495576 kB
Buffers:           96840 kB
Cached:          1206288 kB
MemTotal:        1844596 kB
MemFree:          214672 kB
MemAvailable:    1494144 kB
Buffers:           96840 kB
Cached:          1206288 kB
MemTotal:        1844596 kB
MemFree:          214796 kB
MemAvailable:    1494268 kB
Buffers:           96840 kB
Cached:          1206288 kB
MemTotal:        1844596 kB
MemFree:          214672 kB
MemAvailable:    1494144 kB
Buffers:           96840 kB
Cached:          1206288 kB
MemTotal:        1844596 kB
MemFree:          215232 kB
MemAvailable:    1494704 kB
Buffers:           96840 kB
Cached:          1206288 kB
MemTotal:        1844596 kB
MemFree:          215372 kB
MemAvailable:    1494844 kB
Buffers:           96840 kB
Cached:          1206288 kB
MemTotal:        1844596 kB
MemFree:          210224 kB
MemAvailable:    1489696 kB
Buffers:           96840 kB
Cached:          1206288 kB
MemTotal:        1844596 kB
MemFree:          209768 kB
MemAvailable:    1489240 kB
Buffers:           96840 kB
Cached:          1206288 kB
MemTotal:        1844596 kB
MemFree:          209668 kB
MemAvailable:    1489140 kB
Buffers:           96840 kB
Cached:          1206288 kB
MemTotal:        1844596 kB
MemFree:          209672 kB
MemAvailable:    1489144 kB
Buffers:           96840 kB
Cached:          1206288 kB
MemTotal:        1844596 kB
MemFree:          207916 kB
MemAvailable:    1487388 kB
Buffers:           96840 kB
Cached:          1206288 kB
MemTotal:        1844596 kB
MemFree:          207560 kB
MemAvailable:    1487032 kB
Buffers:           96840 kB
Cached:          1206288 kB
MemTotal:        1844596 kB
MemFree:          207488 kB
MemAvailable:    1486960 kB
Buffers:           96840 kB
Cached:          1206288 kB
MemTotal:        1844596 kB
MemFree:          207256 kB
MemAvailable:    1486728 kB
Buffers:           96840 kB
Cached:          1206288 kB
MemTotal:        1844596 kB
MemFree:          207256 kB
MemAvailable:    1486728 kB
Buffers:           96840 kB
Cached:          1206288 kB
MemTotal:        1844596 kB
MemFree:          206024 kB
MemAvailable:    1485496 kB
Buffers:           96840 kB
Cached:          1206288 kB
MemTotal:        1844596 kB
MemFree:          207348 kB
MemAvailable:    1486820 kB
Buffers:           96840 kB
Cached:          1206288 kB
MemTotal:        1844596 kB
MemFree:          206196 kB
MemAvailable:    1485668 kB
Buffers:           96840 kB
Cached:          1206288 kB
MemTotal:        1844596 kB
MemFree:          207180 kB
MemAvailable:    1486652 kB
Buffers:           96840 kB
Cached:          1206288 kB
MemTotal:        1844596 kB
MemFree:          206948 kB
MemAvailable:    1486420 kB
Buffers:           96840 kB
Cached:          1206288 kB
MemTotal:        1844596 kB
MemFree:          206992 kB
MemAvailable:    1486464 kB
Buffers:           96840 kB
Cached:          1206288 kB
MemTotal:        1844596 kB
MemFree:          207048 kB
MemAvailable:    1486520 kB
Buffers:           96840 kB
Cached:          1206288 kB
MemTotal:        1844596 kB
MemFree:          206444 kB
MemAvailable:    1485916 kB
Buffers:           96840 kB
Cached:          1206288 kB
MemTotal:        1844596 kB
MemFree:          207104 kB
MemAvailable:    1486576 kB
Buffers:           96840 kB
Cached:          1206288 kB
MemTotal:        1844596 kB
MemFree:          207064 kB
MemAvailable:    1486536 kB
Buffers:           96840 kB
Cached:          1206288 kB
MemTotal:        1844596 kB
MemFree:          205948 kB
MemAvailable:    1485420 kB
Buffers:           96840 kB
Cached:          1206288 kB
MemTotal:        1844596 kB
MemFree:          205444 kB
MemAvailable:    1484916 kB
Buffers:           96840 kB
Cached:          1206288 kB
MemTotal:        1844596 kB
MemFree:          206816 kB
MemAvailable:    1486288 kB
Buffers:           96840 kB
Cached:          1206288 kB
MemTotal:        1844596 kB
MemFree:          206828 kB
MemAvailable:    1486300 kB
Buffers:           96840 kB
Cached:          1206288 kB
MemTotal:        1844596 kB
MemFree:          205564 kB
MemAvailable:    1485036 kB
Buffers:           96840 kB
Cached:          1206288 kB
MemTotal:        1844596 kB
MemFree:          206636 kB
MemAvailable:    1486108 kB
Buffers:           96840 kB
Cached:          1206288 kB
MemTotal:        1844596 kB
MemFree:          206452 kB
MemAvailable:    1485924 kB
Buffers:           96840 kB
Cached:          1206288 kB
MemTotal:        1844596 kB
MemFree:          206644 kB
MemAvailable:    1486116 kB
Buffers:           96840 kB
Cached:          1206288 kB
MemTotal:        1844596 kB
MemFree:          205204 kB
MemAvailable:    1484676 kB
Buffers:           96840 kB
Cached:          1206288 kB
MemTotal:        1844596 kB
MemFree:          202600 kB
MemAvailable:    1482072 kB
Buffers:           96840 kB
Cached:          1206288 kB
MemTotal:        1844596 kB
MemFree:          199484 kB
MemAvailable:    1478956 kB
Buffers:           96840 kB
Cached:          1206288 kB
MemTotal:        1844596 kB
MemFree:          199484 kB
MemAvailable:    1478956 kB
Buffers:           96840 kB
Cached:          1206288 kB
MemTotal:        1844596 kB
MemFree:          198692 kB
MemAvailable:    1478164 kB
Buffers:           96840 kB
Cached:          1206288 kB
MemTotal:        1844596 kB
MemFree:          197344 kB
MemAvailable:    1476816 kB
Buffers:           96840 kB
Cached:          1206288 kB
MemTotal:        1844596 kB
MemFree:          197256 kB
MemAvailable:    1476728 kB
Buffers:           96840 kB
Cached:          1206288 kB
MemTotal:        1844596 kB
MemFree:          198480 kB
MemAvailable:    1477952 kB
Buffers:           96840 kB
Cached:          1206288 kB
MemTotal:        1844596 kB
MemFree:          197956 kB
MemAvailable:    1477428 kB
Buffers:           96840 kB
Cached:          1206288 kB
MemTotal:        1844596 kB
MemFree:          197764 kB
MemAvailable:    1477236 kB
Buffers:           96840 kB
Cached:          1206288 kB
MemTotal:        1844596 kB
MemFree:          198184 kB
MemAvailable:    1477656 kB
Buffers:           96840 kB
Cached:          1206288 kB
MemTotal:        1844596 kB
MemFree:          198264 kB
MemAvailable:    1477736 kB
Buffers:           96840 kB
Cached:          1206288 kB
MemTotal:        1844596 kB
MemFree:          198072 kB
MemAvailable:    1477544 kB
Buffers:           96840 kB
Cached:          1206288 kB
MemTotal:        1844596 kB
MemFree:          197276 kB
MemAvailable:    1476748 kB
Buffers:           96840 kB
Cached:          1206288 kB
MemTotal:        1844596 kB
MemFree:          198088 kB
MemAvailable:    1477560 kB
Buffers:           96840 kB
Cached:          1206288 kB
MemTotal:        1844596 kB
MemFree:          198144 kB
MemAvailable:    1477616 kB
Buffers:           96840 kB
Cached:          1206288 kB
MemTotal:        1844596 kB
MemFree:          198088 kB
MemAvailable:    1477560 kB
Buffers:           96840 kB
Cached:          1206288 kB
MemTotal:        1844596 kB
MemFree:          198060 kB
MemAvailable:    1477532 kB
Buffers:           96840 kB
Cached:          1206288 kB
MemTotal:        1844596 kB
MemFree:          197400 kB
MemAvailable:    1476872 kB
Buffers:           96840 kB
Cached:          1206288 kB
MemTotal:        1844596 kB
MemFree:          197128 kB
MemAvailable:    1476604 kB
Buffers:           96840 kB
Cached:          1206292 kB
MemTotal:        1844596 kB
MemFree:          198568 kB
MemAvailable:    1478044 kB
Buffers:           96840 kB
Cached:          1206292 kB
MemTotal:        1844596 kB
MemFree:          198764 kB
MemAvailable:    1478240 kB
Buffers:           96840 kB
Cached:          1206292 kB
MemTotal:        1844596 kB
MemFree:          198376 kB
MemAvailable:    1477852 kB
Buffers:           96840 kB
Cached:          1206292 kB
MemTotal:        1844596 kB
MemFree:          198268 kB
MemAvailable:    1477744 kB
Buffers:           96840 kB
Cached:          1206292 kB
MemTotal:        1844596 kB
MemFree:          196848 kB
MemAvailable:    1476324 kB
Buffers:           96840 kB
Cached:          1206292 kB
MemTotal:        1844596 kB
MemFree:          196888 kB
MemAvailable:    1476368 kB
Buffers:           96840 kB
Cached:          1206296 kB
MemTotal:        1844596 kB
MemFree:          197824 kB
MemAvailable:    1477304 kB
Buffers:           96840 kB
Cached:          1206296 kB
MemTotal:        1844596 kB
MemFree:          197996 kB
MemAvailable:    1477476 kB
Buffers:           96840 kB
Cached:          1206296 kB
MemTotal:        1844596 kB
MemFree:          196760 kB
MemAvailable:    1476240 kB
Buffers:           96840 kB
Cached:          1206296 kB
MemTotal:        1844596 kB
MemFree:          198248 kB
MemAvailable:    1477728 kB
Buffers:           96840 kB
Cached:          1206296 kB
MemTotal:        1844596 kB
MemFree:          198012 kB
MemAvailable:    1477492 kB
Buffers:           96840 kB
Cached:          1206296 kB
MemTotal:        1844596 kB
MemFree:          198196 kB
MemAvailable:    1477676 kB
Buffers:           96840 kB
Cached:          1206296 kB
MemTotal:        1844596 kB
MemFree:          197996 kB
MemAvailable:    1477476 kB
Buffers:           96840 kB
Cached:          1206296 kB
MemTotal:        1844596 kB
MemFree:          197516 kB
MemAvailable:    1476996 kB
Buffers:           96840 kB
Cached:          1206296 kB
MemTotal:        1844596 kB
MemFree:          198184 kB
MemAvailable:    1477664 kB
Buffers:           96840 kB
Cached:          1206296 kB
MemTotal:        1844596 kB
MemFree:          196836 kB
MemAvailable:    1476316 kB
Buffers:           96840 kB
Cached:          1206296 kB
MemTotal:        1844596 kB
MemFree:          197932 kB
MemAvailable:    1477412 kB
Buffers:           96840 kB
Cached:          1206296 kB
MemTotal:        1844596 kB
MemFree:          198184 kB
MemAvailable:    1477664 kB
Buffers:           96840 kB
Cached:          1206296 kB
MemTotal:        1844596 kB
MemFree:          197516 kB
MemAvailable:    1476996 kB
Buffers:           96840 kB
Cached:          1206296 kB
MemTotal:        1844596 kB
MemFree:          192920 kB
MemAvailable:    1472400 kB
Buffers:           96840 kB
Cached:          1206296 kB
MemTotal:        1844596 kB
MemFree:          192812 kB
MemAvailable:    1472292 kB
Buffers:           96840 kB
Cached:          1206296 kB
MemTotal:        1844596 kB
MemFree:          189144 kB
MemAvailable:    1468624 kB
Buffers:           96840 kB
Cached:          1206296 kB
MemTotal:        1844596 kB
MemFree:          186356 kB
MemAvailable:    1465836 kB
Buffers:           96840 kB
Cached:          1206296 kB
MemTotal:        1844596 kB
MemFree:          187332 kB
MemAvailable:    1466812 kB
Buffers:           96840 kB
Cached:          1206296 kB
MemTotal:        1844596 kB
MemFree:          187224 kB
MemAvailable:    1466704 kB
Buffers:           96840 kB
Cached:          1206296 kB
MemTotal:        1844596 kB
MemFree:          187228 kB
MemAvailable:    1466708 kB
Buffers:           96840 kB
Cached:          1206296 kB
MemTotal:        1844596 kB
MemFree:          186052 kB
MemAvailable:    1465532 kB
Buffers:           96840 kB
Cached:          1206296 kB
MemTotal:        1844596 kB
MemFree:          186052 kB
MemAvailable:    1465532 kB
Buffers:           96840 kB
Cached:          1206296 kB
MemTotal:        1844596 kB
MemFree:          187264 kB
MemAvailable:    1466744 kB
Buffers:           96840 kB
Cached:          1206296 kB
MemTotal:        1844596 kB
MemFree:          186488 kB
MemAvailable:    1465968 kB
Buffers:           96840 kB
Cached:          1206296 kB
MemTotal:        1844596 kB
MemFree:          187168 kB
MemAvailable:    1466652 kB
Buffers:           96840 kB
Cached:          1206300 kB
MemTotal:        1844596 kB
MemFree:          187420 kB
MemAvailable:    1466904 kB
Buffers:           96840 kB
Cached:          1206300 kB
MemTotal:        1844596 kB
MemFree:          187208 kB
MemAvailable:    1466692 kB
Buffers:           96840 kB
Cached:          1206300 kB
MemTotal:        1844596 kB
MemFree:          187420 kB
MemAvailable:    1466904 kB
Buffers:           96840 kB
Cached:          1206300 kB
MemTotal:        1844596 kB
MemFree:          185932 kB
MemAvailable:    1465416 kB
Buffers:           96840 kB
Cached:          1206300 kB
MemTotal:        1844596 kB
MemFree:          187400 kB
MemAvailable:    1466884 kB
Buffers:           96840 kB
Cached:          1206300 kB
MemTotal:        1844596 kB
MemFree:          187232 kB
MemAvailable:    1466716 kB
Buffers:           96840 kB
Cached:          1206300 kB
MemTotal:        1844596 kB
MemFree:          187156 kB
MemAvailable:    1466640 kB
Buffers:           96840 kB
Cached:          1206300 kB
MemTotal:        1844596 kB
MemFree:          187408 kB
MemAvailable:    1466892 kB
Buffers:           96840 kB
Cached:          1206300 kB
MemTotal:        1844596 kB
MemFree:          185788 kB
MemAvailable:    1465272 kB
Buffers:           96840 kB
Cached:          1206300 kB
MemTotal:        1844596 kB
MemFree:          185920 kB
MemAvailable:    1465404 kB
Buffers:           96840 kB
Cached:          1206300 kB
MemTotal:        1844596 kB
MemFree:          187220 kB
MemAvailable:    1466704 kB
Buffers:           96840 kB
Cached:          1206300 kB
MemTotal:        1844596 kB
MemFree:          187256 kB
MemAvailable:    1466740 kB
Buffers:           96840 kB
Cached:          1206300 kB
MemTotal:        1844596 kB
MemFree:          185908 kB
MemAvailable:    1465392 kB
Buffers:           96840 kB
Cached:          1206300 kB
MemTotal:        1844596 kB
MemFree:          187184 kB
MemAvailable:    1466668 kB
Buffers:           96840 kB
Cached:          1206300 kB
MemTotal:        1844596 kB
MemFree:          186984 kB
MemAvailable:    1466468 kB
Buffers:           96840 kB
Cached:          1206300 kB
MemTotal:        1844596 kB
MemFree:          187348 kB
MemAvailable:    1466832 kB
Buffers:           96840 kB
Cached:          1206300 kB
MemTotal:        1844596 kB
MemFree:          186480 kB
MemAvailable:    1465964 kB
Buffers:           96840 kB
Cached:          1206300 kB
MemTotal:        1844596 kB
MemFree:          187784 kB
MemAvailable:    1467268 kB
Buffers:           96840 kB
Cached:          1206300 kB
MemTotal:        1844596 kB
MemFree:          186472 kB
MemAvailable:    1465956 kB
Buffers:           96840 kB
Cached:          1206300 kB
MemTotal:        1844596 kB
MemFree:          186596 kB
MemAvailable:    1466080 kB
Buffers:           96840 kB
Cached:          1206300 kB
MemTotal:        1844596 kB
MemFree:          186596 kB
MemAvailable:    1466080 kB
Buffers:           96840 kB
Cached:          1206300 kB
MemTotal:        1844596 kB
MemFree:          186232 kB
MemAvailable:    1465716 kB
Buffers:           96840 kB
Cached:          1206300 kB
MemTotal:        1844596 kB
MemFree:          187340 kB
MemAvailable:    1466824 kB
Buffers:           96840 kB
Cached:          1206300 kB
MemTotal:        1844596 kB
MemFree:          187424 kB
MemAvailable:    1466908 kB
Buffers:           96840 kB
Cached:          1206300 kB
MemTotal:        1844596 kB
MemFree:          187236 kB
MemAvailable:    1466720 kB
Buffers:           96840 kB
Cached:          1206300 kB
MemTotal:        1844596 kB
MemFree:          187212 kB
MemAvailable:    1466696 kB
Buffers:           96840 kB
Cached:          1206300 kB
MemTotal:        1844596 kB
MemFree:          187272 kB
MemAvailable:    1466756 kB
Buffers:           96840 kB
Cached:          1206300 kB
MemTotal:        1844596 kB
MemFree:          187072 kB
MemAvailable:    1466556 kB
Buffers:           96840 kB
Cached:          1206300 kB
MemTotal:        1844596 kB
MemFree:          187324 kB
MemAvailable:    1466808 kB
Buffers:           96840 kB
Cached:          1206300 kB
MemTotal:        1844596 kB
MemFree:          187212 kB
MemAvailable:    1466696 kB
Buffers:           96840 kB
Cached:          1206300 kB
MemTotal:        1844596 kB
MemFree:          187392 kB
MemAvailable:    1466876 kB
Buffers:           96840 kB
Cached:          1206300 kB
MemTotal:        1844596 kB
MemFree:          187432 kB
MemAvailable:    1466916 kB
Buffers:           96840 kB
Cached:          1206300 kB
MemTotal:        1844596 kB
MemFree:          187276 kB
MemAvailable:    1466760 kB
Buffers:           96840 kB
Cached:          1206300 kB
MemTotal:        1844596 kB
MemFree:          187236 kB
MemAvailable:    1466720 kB
Buffers:           96840 kB
Cached:          1206300 kB
MemTotal:        1844596 kB
MemFree:          187148 kB
MemAvailable:    1466632 kB
Buffers:           96840 kB
Cached:          1206300 kB
MemTotal:        1844596 kB
MemFree:          185964 kB
MemAvailable:    1465448 kB
Buffers:           96840 kB
Cached:          1206300 kB
MemTotal:        1844596 kB
MemFree:          185860 kB
MemAvailable:    1465344 kB
Buffers:           96840 kB
Cached:          1206300 kB
MemTotal:        1844596 kB
MemFree:          185612 kB
MemAvailable:    1465096 kB
Buffers:           96840 kB
Cached:          1206300 kB
MemTotal:        1844596 kB
MemFree:          186348 kB
MemAvailable:    1465832 kB
Buffers:           96840 kB
Cached:          1206300 kB
MemTotal:        1844596 kB
MemFree:          185620 kB
MemAvailable:    1465104 kB
Buffers:           96840 kB
Cached:          1206300 kB
MemTotal:        1844596 kB
MemFree:          186060 kB
MemAvailable:    1465544 kB
Buffers:           96840 kB
Cached:          1206300 kB
MemTotal:        1844596 kB
MemFree:          185060 kB
MemAvailable:    1464544 kB
Buffers:           96840 kB
Cached:          1206300 kB
MemTotal:        1844596 kB
MemFree:          184812 kB
MemAvailable:    1464296 kB
Buffers:           96840 kB
Cached:          1206300 kB
MemTotal:        1844596 kB
MemFree:          184812 kB
MemAvailable:    1464296 kB
Buffers:           96840 kB
Cached:          1206300 kB
MemTotal:        1844596 kB
MemFree:          186112 kB
MemAvailable:    1465596 kB
Buffers:           96840 kB
Cached:          1206300 kB
MemTotal:        1844596 kB
MemFree:          185308 kB
MemAvailable:    1464800 kB
Buffers:           96840 kB
Cached:          1206308 kB
MemTotal:        1844596 kB
MemFree:          184744 kB
MemAvailable:    1464236 kB
Buffers:           96840 kB
Cached:          1206308 kB
MemTotal:        1844596 kB
MemFree:          185912 kB
MemAvailable:    1465404 kB
Buffers:           96840 kB
Cached:          1206308 kB
MemTotal:        1844596 kB
MemFree:          184984 kB
MemAvailable:    1464476 kB
Buffers:           96840 kB
Cached:          1206308 kB
MemTotal:        1844596 kB
MemFree:          184488 kB
MemAvailable:    1463980 kB
Buffers:           96840 kB
Cached:          1206308 kB
MemTotal:        1844596 kB
MemFree:          185948 kB
MemAvailable:    1465440 kB
Buffers:           96840 kB
Cached:          1206308 kB
MemTotal:        1844596 kB
MemFree:          184744 kB
MemAvailable:    1464236 kB
Buffers:           96840 kB
Cached:          1206308 kB
MemTotal:        1844596 kB
MemFree:          185728 kB
MemAvailable:    1465220 kB
Buffers:           96840 kB
Cached:          1206308 kB
MemTotal:        1844596 kB
MemFree:          185812 kB
MemAvailable:    1465304 kB
Buffers:           96840 kB
Cached:          1206308 kB
MemTotal:        1844596 kB
MemFree:          185424 kB
MemAvailable:    1464916 kB
Buffers:           96840 kB
Cached:          1206308 kB
MemTotal:        1844596 kB
MemFree:          185760 kB
MemAvailable:    1465252 kB
Buffers:           96840 kB
Cached:          1206308 kB
MemTotal:        1844596 kB
MemFree:          183860 kB
MemAvailable:    1463352 kB
Buffers:           96840 kB
Cached:          1206308 kB
MemTotal:        1844596 kB
MemFree:          185656 kB
MemAvailable:    1465148 kB
Buffers:           96840 kB
Cached:          1206308 kB
MemTotal:        1844596 kB
MemFree:          185784 kB
MemAvailable:    1465276 kB
Buffers:           96840 kB
Cached:          1206308 kB
MemTotal:        1844596 kB
MemFree:          184352 kB
MemAvailable:    1463844 kB
Buffers:           96840 kB
Cached:          1206308 kB
MemTotal:        1844596 kB
MemFree:          184476 kB
MemAvailable:    1463968 kB
Buffers:           96840 kB
Cached:          1206308 kB
MemTotal:        1844596 kB
MemFree:          180488 kB
MemAvailable:    1459980 kB
Buffers:           96840 kB
Cached:          1206308 kB
MemTotal:        1844596 kB
MemFree:          177240 kB
MemAvailable:    1456732 kB
Buffers:           96840 kB
Cached:          1206308 kB
MemTotal:        1844596 kB
MemFree:          173956 kB
MemAvailable:    1453448 kB
Buffers:           96840 kB
Cached:          1206308 kB
MemTotal:        1844596 kB
MemFree:          174188 kB
MemAvailable:    1453680 kB
Buffers:           96840 kB
Cached:          1206308 kB
MemTotal:        1844596 kB
MemFree:          174188 kB
MemAvailable:    1453680 kB
Buffers:           96840 kB
Cached:          1206308 kB
MemTotal:        1844596 kB
MemFree:          172784 kB
MemAvailable:    1452276 kB
Buffers:           96840 kB
Cached:          1206308 kB
MemTotal:        1844596 kB
MemFree:          173832 kB
MemAvailable:    1453324 kB
Buffers:           96840 kB
Cached:          1206308 kB
MemTotal:        1844596 kB
MemFree:          173604 kB
MemAvailable:    1453096 kB
Buffers:           96840 kB
Cached:          1206308 kB
MemTotal:        1844596 kB
MemFree:          173164 kB
MemAvailable:    1452656 kB
Buffers:           96840 kB
Cached:          1206308 kB
MemTotal:        1844596 kB
MemFree:          173164 kB
MemAvailable:    1452656 kB
Buffers:           96840 kB
Cached:          1206308 kB
MemTotal:        1844596 kB
MemFree:          171228 kB
MemAvailable:    1450720 kB
Buffers:           96840 kB
Cached:          1206308 kB
MemTotal:        1844596 kB
MemFree:          171296 kB
MemAvailable:    1450788 kB
Buffers:           96840 kB
Cached:          1206308 kB
MemTotal:        1844596 kB
MemFree:          171352 kB
MemAvailable:    1450844 kB
Buffers:           96840 kB
Cached:          1206308 kB
MemTotal:        1844596 kB
MemFree:          169492 kB
MemAvailable:    1448984 kB
Buffers:           96840 kB
Cached:          1206308 kB
MemTotal:        1844596 kB
MemFree:          170732 kB
MemAvailable:    1450224 kB
Buffers:           96840 kB
Cached:          1206308 kB
MemTotal:        1844596 kB
MemFree:          169492 kB
MemAvailable:    1448984 kB
Buffers:           96840 kB
Cached:          1206308 kB
MemTotal:        1844596 kB
MemFree:          170344 kB
MemAvailable:    1449836 kB
Buffers:           96840 kB
Cached:          1206308 kB
MemTotal:        1844596 kB
MemFree:          170484 kB
MemAvailable:    1449976 kB
Buffers:           96840 kB
Cached:          1206308 kB
MemTotal:        1844596 kB
MemFree:          170524 kB
MemAvailable:    1450016 kB
Buffers:           96840 kB
Cached:          1206308 kB
MemTotal:        1844596 kB
MemFree:          170612 kB
MemAvailable:    1450104 kB
Buffers:           96840 kB
Cached:          1206308 kB
MemTotal:        1844596 kB
MemFree:          170388 kB
MemAvailable:    1449880 kB
Buffers:           96840 kB
Cached:          1206308 kB
MemTotal:        1844596 kB
MemFree:          170388 kB
MemAvailable:    1449880 kB
Buffers:           96840 kB
Cached:          1206308 kB
MemTotal:        1844596 kB
MemFree:          170560 kB
MemAvailable:    1450052 kB
Buffers:           96840 kB
Cached:          1206308 kB
MemTotal:        1844596 kB
MemFree:          169064 kB
MemAvailable:    1448556 kB
Buffers:           96840 kB
Cached:          1206308 kB
MemTotal:        1844596 kB
MemFree:          169064 kB
MemAvailable:    1448556 kB
Buffers:           96840 kB
Cached:          1206308 kB
MemTotal:        1844596 kB
MemFree:          169180 kB
MemAvailable:    1448672 kB
Buffers:           96840 kB
Cached:          1206308 kB
MemTotal:        1844596 kB
MemFree:          170544 kB
MemAvailable:    1450036 kB
Buffers:           96840 kB
Cached:          1206308 kB
MemTotal:        1844596 kB
MemFree:          169724 kB
MemAvailable:    1449216 kB
Buffers:           96840 kB
Cached:          1206308 kB
MemTotal:        1844596 kB
MemFree:          169244 kB
MemAvailable:    1448736 kB
Buffers:           96840 kB
Cached:          1206308 kB
MemTotal:        1844596 kB
MemFree:          169244 kB
MemAvailable:    1448736 kB
Buffers:           96840 kB
Cached:          1206308 kB
MemTotal:        1844596 kB
MemFree:          167880 kB
MemAvailable:    1447372 kB
Buffers:           96840 kB
Cached:          1206308 kB
MemTotal:        1844596 kB
MemFree:          168684 kB
MemAvailable:    1448176 kB
Buffers:           96840 kB
Cached:          1206308 kB
MemTotal:        1844596 kB
MemFree:          168552 kB
MemAvailable:    1448044 kB
Buffers:           96840 kB
Cached:          1206308 kB
MemTotal:        1844596 kB
MemFree:          166640 kB
MemAvailable:    1446132 kB
Buffers:           96840 kB
Cached:          1206308 kB
MemTotal:        1844596 kB
MemFree:          167808 kB
MemAvailable:    1447300 kB
Buffers:           96840 kB
Cached:          1206308 kB
MemTotal:        1844596 kB
MemFree:          166764 kB
MemAvailable:    1446256 kB
Buffers:           96840 kB
Cached:          1206308 kB
MemTotal:        1844596 kB
MemFree:          167196 kB
MemAvailable:    1446692 kB
Buffers:           96840 kB
Cached:          1206312 kB
MemTotal:        1844596 kB
MemFree:          166020 kB
MemAvailable:    1445516 kB
Buffers:           96840 kB
Cached:          1206312 kB
MemTotal:        1844596 kB
MemFree:          167096 kB
MemAvailable:    1446592 kB
Buffers:           96840 kB
Cached:          1206312 kB
MemTotal:        1844596 kB
MemFree:          165896 kB
MemAvailable:    1445268 kB
Buffers:           96840 kB
Cached:          1206312 kB
MemTotal:        1844596 kB
MemFree:          166508 kB
MemAvailable:    1446004 kB
Buffers:           96840 kB
Cached:          1206312 kB
MemTotal:        1844596 kB
MemFree:          166844 kB
MemAvailable:    1446340 kB
Buffers:           96840 kB
Cached:          1206312 kB
MemTotal:        1844596 kB
MemFree:          166568 kB
MemAvailable:    1446064 kB
Buffers:           96840 kB
Cached:          1206312 kB
MemTotal:        1844596 kB
MemFree:          166632 kB
MemAvailable:    1446128 kB
Buffers:           96840 kB
Cached:          1206312 kB
MemTotal:        1844596 kB
MemFree:          166304 kB
MemAvailable:    1445800 kB
Buffers:           96840 kB
Cached:          1206312 kB
MemTotal:        1844596 kB
MemFree:          165004 kB
MemAvailable:    1444500 kB
Buffers:           96840 kB
Cached:          1206312 kB
MemTotal:        1844596 kB
MemFree:          166304 kB
MemAvailable:    1445800 kB
Buffers:           96840 kB
Cached:          1206312 kB
MemTotal:        1844596 kB
MemFree:          166428 kB
MemAvailable:    1445924 kB
Buffers:           96840 kB
Cached:          1206312 kB
MemTotal:        1844596 kB
MemFree:          164996 kB
MemAvailable:    1444492 kB
Buffers:           96840 kB
Cached:          1206312 kB
MemTotal:        1844596 kB
MemFree:          164988 kB
MemAvailable:    1444484 kB
Buffers:           96840 kB
Cached:          1206312 kB
MemTotal:        1844596 kB
MemFree:          166268 kB
MemAvailable:    1445764 kB
Buffers:           96840 kB
Cached:          1206312 kB
MemTotal:        1844596 kB
MemFree:          166004 kB
MemAvailable:    1445500 kB
Buffers:           96840 kB
Cached:          1206312 kB
MemTotal:        1844596 kB
MemFree:          165524 kB
MemAvailable:    1445020 kB
Buffers:           96840 kB
Cached:          1206312 kB
MemTotal:        1844596 kB
MemFree:          166060 kB
MemAvailable:    1445556 kB
Buffers:           96840 kB
Cached:          1206312 kB
MemTotal:        1844596 kB
MemFree:          164760 kB
MemAvailable:    1444256 kB
Buffers:           96840 kB
Cached:          1206312 kB
MemTotal:        1844596 kB
MemFree:          165988 kB
MemAvailable:    1445484 kB
Buffers:           96840 kB
Cached:          1206312 kB
MemTotal:        1844596 kB
MemFree:          166216 kB
MemAvailable:    1445712 kB
Buffers:           96840 kB
Cached:          1206312 kB
MemTotal:        1844596 kB
MemFree:          166104 kB
MemAvailable:    1445604 kB
Buffers:           96840 kB
Cached:          1206316 kB
MemTotal:        1844596 kB
MemFree:          164732 kB
MemAvailable:    1444232 kB
Buffers:           96840 kB
Cached:          1206316 kB
MemTotal:        1844596 kB
MemFree:          164904 kB
MemAvailable:    1444404 kB
Buffers:           96840 kB
Cached:          1206316 kB
MemTotal:        1844596 kB
MemFree:          166128 kB
MemAvailable:    1445628 kB
Buffers:           96840 kB
Cached:          1206316 kB
MemTotal:        1844596 kB
MemFree:          166024 kB
MemAvailable:    1445524 kB
Buffers:           96840 kB
Cached:          1206316 kB
MemTotal:        1844596 kB
MemFree:          164892 kB
MemAvailable:    1444392 kB
Buffers:           96840 kB
Cached:          1206316 kB
MemTotal:        1844596 kB
MemFree:          164720 kB
MemAvailable:    1444220 kB
Buffers:           96840 kB
Cached:          1206316 kB
MemTotal:        1844596 kB
MemFree:          165988 kB
MemAvailable:    1445488 kB
Buffers:           96840 kB
Cached:          1206316 kB
MemTotal:        1844596 kB
MemFree:          165648 kB
MemAvailable:    1445148 kB
Buffers:           96840 kB
Cached:          1206316 kB
MemTotal:        1844596 kB
MemFree:          163788 kB
MemAvailable:    1443288 kB
Buffers:           96840 kB
Cached:          1206316 kB
MemTotal:        1844596 kB
MemFree:          163788 kB
MemAvailable:    1443288 kB
Buffers:           96840 kB
Cached:          1206316 kB
MemTotal:        1844596 kB
MemFree:          164592 kB
MemAvailable:    1444092 kB
Buffers:           96840 kB
Cached:          1206316 kB
MemTotal:        1844596 kB
MemFree:          162912 kB
MemAvailable:    1442412 kB
Buffers:           96840 kB
Cached:          1206316 kB
MemTotal:        1844596 kB
MemFree:          162432 kB
MemAvailable:    1441932 kB
Buffers:           96840 kB
Cached:          1206316 kB
MemTotal:        1844596 kB
MemFree:          160812 kB
MemAvailable:    1440312 kB
Buffers:           96840 kB
Cached:          1206316 kB
MemTotal:        1844596 kB
MemFree:          156836 kB
MemAvailable:    1436336 kB
Buffers:           96840 kB
Cached:          1206316 kB
MemTotal:        1844596 kB
MemFree:          156720 kB
MemAvailable:    1436220 kB
Buffers:           96840 kB
Cached:          1206316 kB
MemTotal:        1844596 kB
MemFree:          150752 kB
MemAvailable:    1430252 kB
Buffers:           96840 kB
Cached:          1206316 kB
MemTotal:        1844596 kB
MemFree:          150272 kB
MemAvailable:    1429772 kB
Buffers:           96840 kB
Cached:          1206316 kB
MemTotal:        1844596 kB
MemFree:          147852 kB
MemAvailable:    1427352 kB
Buffers:           96840 kB
Cached:          1206316 kB
MemTotal:        1844596 kB
MemFree:          146544 kB
MemAvailable:    1426044 kB
Buffers:           96840 kB
Cached:          1206316 kB
MemTotal:        1844596 kB
MemFree:          147696 kB
MemAvailable:    1427196 kB
Buffers:           96840 kB
Cached:          1206316 kB
MemTotal:        1844596 kB
MemFree:          147604 kB
MemAvailable:    1427104 kB
Buffers:           96840 kB
Cached:          1206316 kB
MemTotal:        1844596 kB
MemFree:          146116 kB
MemAvailable:    1425616 kB
Buffers:           96840 kB
Cached:          1206316 kB
MemTotal:        1844596 kB
MemFree:          147540 kB
MemAvailable:    1427040 kB
Buffers:           96840 kB
Cached:          1206316 kB
MemTotal:        1844596 kB
MemFree:          147252 kB
MemAvailable:    1426752 kB
Buffers:           96840 kB
Cached:          1206316 kB
MemTotal:        1844596 kB
MemFree:          146552 kB
MemAvailable:    1426052 kB
Buffers:           96840 kB
Cached:          1206316 kB
MemTotal:        1844596 kB
MemFree:          146168 kB
MemAvailable:    1425668 kB
Buffers:           96840 kB
Cached:          1206316 kB
MemTotal:        1844596 kB
MemFree:          147360 kB
MemAvailable:    1426860 kB
Buffers:           96840 kB
Cached:          1206316 kB
MemTotal:        1844596 kB
MemFree:          147612 kB
MemAvailable:    1427112 kB
Buffers:           96840 kB
Cached:          1206316 kB
MemTotal:        1844596 kB
MemFree:          147308 kB
MemAvailable:    1426808 kB
Buffers:           96840 kB
Cached:          1206316 kB
MemTotal:        1844596 kB
MemFree:          146064 kB
MemAvailable:    1425564 kB
Buffers:           96840 kB
Cached:          1206316 kB
MemTotal:        1844596 kB
MemFree:          146988 kB
MemAvailable:    1426492 kB
Buffers:           96840 kB
Cached:          1206320 kB
MemTotal:        1844596 kB
MemFree:          145428 kB
MemAvailable:    1424932 kB
Buffers:           96840 kB
Cached:          1206320 kB
MemTotal:        1844596 kB
MemFree:          145420 kB
MemAvailable:    1424924 kB
Buffers:           96840 kB
Cached:          1206320 kB
MemTotal:        1844596 kB
MemFree:          145288 kB
MemAvailable:    1424792 kB
Buffers:           96840 kB
Cached:          1206320 kB
MemTotal:        1844596 kB
MemFree:          146392 kB
MemAvailable:    1425896 kB
Buffers:           96840 kB
Cached:          1206320 kB
MemTotal:        1844596 kB
MemFree:          146552 kB
MemAvailable:    1426056 kB
Buffers:           96840 kB
Cached:          1206320 kB
MemTotal:        1844596 kB
MemFree:          146540 kB
MemAvailable:    1426044 kB
Buffers:           96840 kB
Cached:          1206320 kB
MemTotal:        1844596 kB
MemFree:          146664 kB
MemAvailable:    1426168 kB
Buffers:           96840 kB
Cached:          1206320 kB
MemTotal:        1844596 kB
MemFree:          145244 kB
MemAvailable:    1424748 kB
Buffers:           96840 kB
Cached:          1206320 kB
MemTotal:        1844596 kB
MemFree:          146520 kB
MemAvailable:    1426024 kB
Buffers:           96840 kB
Cached:          1206320 kB
MemTotal:        1844596 kB
MemFree:          146752 kB
MemAvailable:    1426256 kB
Buffers:           96840 kB
Cached:          1206320 kB
MemTotal:        1844596 kB
MemFree:          145256 kB
MemAvailable:    1424760 kB
Buffers:           96840 kB
Cached:          1206320 kB
MemTotal:        1844596 kB
MemFree:          145248 kB
MemAvailable:    1424752 kB
Buffers:           96840 kB
Cached:          1206320 kB
MemTotal:        1844596 kB
MemFree:          146556 kB
MemAvailable:    1426060 kB
Buffers:           96840 kB
Cached:          1206320 kB
MemTotal:        1844596 kB
MemFree:          145292 kB
MemAvailable:    1424796 kB
Buffers:           96840 kB
Cached:          1206320 kB
MemTotal:        1844596 kB
MemFree:          146400 kB
MemAvailable:    1425904 kB
Buffers:           96840 kB
Cached:          1206320 kB
MemTotal:        1844596 kB
MemFree:          146656 kB
MemAvailable:    1426160 kB
Buffers:           96840 kB
Cached:          1206320 kB
MemTotal:        1844596 kB
MemFree:          144996 kB
MemAvailable:    1424500 kB
Buffers:           96840 kB
Cached:          1206320 kB
MemTotal:        1844596 kB
MemFree:          144876 kB
MemAvailable:    1424380 kB
Buffers:           96840 kB
Cached:          1206320 kB
MemTotal:        1844596 kB
MemFree:          141716 kB
MemAvailable:    1421220 kB
Buffers:           96840 kB
Cached:          1206320 kB
MemTotal:        1844596 kB
MemFree:          138476 kB
MemAvailable:    1417980 kB
Buffers:           96840 kB
Cached:          1206320 kB
MemTotal:        1844596 kB
MemFree:          138120 kB
MemAvailable:    1417624 kB
Buffers:           96840 kB
Cached:          1206320 kB
MemTotal:        1844596 kB
MemFree:          134584 kB
MemAvailable:    1414088 kB
Buffers:           96840 kB
Cached:          1206320 kB
MemTotal:        1844596 kB
MemFree:          130664 kB
MemAvailable:    1410168 kB
Buffers:           96840 kB
Cached:          1206320 kB
MemTotal:        1844596 kB
MemFree:          130184 kB
MemAvailable:    1409688 kB
Buffers:           96840 kB
Cached:          1206320 kB
MemTotal:        1844596 kB
MemFree:          127208 kB
MemAvailable:    1406712 kB
Buffers:           96840 kB
Cached:          1206320 kB
MemTotal:        1844596 kB
MemFree:          128308 kB
MemAvailable:    1407812 kB
Buffers:           96840 kB
Cached:          1206320 kB
MemTotal:        1844596 kB
MemFree:          127952 kB
MemAvailable:    1407456 kB
Buffers:           96840 kB
Cached:          1206320 kB
MemTotal:        1844596 kB
MemFree:          128144 kB
MemAvailable:    1407648 kB
Buffers:           96840 kB
Cached:          1206320 kB
MemTotal:        1844596 kB
MemFree:          127028 kB
MemAvailable:    1406532 kB
Buffers:           96840 kB
Cached:          1206320 kB
MemTotal:        1844596 kB
MemFree:          128304 kB
MemAvailable:    1407808 kB
Buffers:           96840 kB
Cached:          1206320 kB
MemTotal:        1844596 kB
MemFree:          128332 kB
MemAvailable:    1407836 kB
Buffers:           96840 kB
Cached:          1206320 kB
MemTotal:        1844596 kB
MemFree:          128276 kB
MemAvailable:    1407780 kB
Buffers:           96840 kB
Cached:          1206320 kB
MemTotal:        1844596 kB
MemFree:          127332 kB
MemAvailable:    1406836 kB
Buffers:           96840 kB
Cached:          1206320 kB
MemTotal:        1844596 kB
MemFree:          128104 kB
MemAvailable:    1407608 kB
Buffers:           96840 kB
Cached:          1206320 kB
MemTotal:        1844596 kB
MemFree:          128076 kB
MemAvailable:    1407580 kB
Buffers:           96840 kB
Cached:          1206320 kB
MemTotal:        1844596 kB
MemFree:          128312 kB
MemAvailable:    1407816 kB
Buffers:           96840 kB
Cached:          1206320 kB
MemTotal:        1844596 kB
MemFree:          127588 kB
MemAvailable:    1407092 kB
Buffers:           96840 kB
Cached:          1206320 kB
MemTotal:        1844596 kB
MemFree:          128752 kB
MemAvailable:    1408256 kB
Buffers:           96840 kB
Cached:          1206320 kB
MemTotal:        1844596 kB
MemFree:          128696 kB
MemAvailable:    1408200 kB
Buffers:           96840 kB
Cached:          1206320 kB
MemTotal:        1844596 kB
MemFree:          127076 kB
MemAvailable:    1406580 kB
Buffers:           96840 kB
Cached:          1206320 kB
MemTotal:        1844596 kB
MemFree:          128628 kB
MemAvailable:    1408132 kB
Buffers:           96840 kB
Cached:          1206320 kB
MemTotal:        1844596 kB
MemFree:          126952 kB
MemAvailable:    1406464 kB
Buffers:           96840 kB
Cached:          1206328 kB
MemTotal:        1844596 kB
MemFree:          126944 kB
MemAvailable:    1406456 kB
Buffers:           96840 kB
Cached:          1206328 kB
MemTotal:        1844596 kB
MemFree:          127568 kB
MemAvailable:    1407080 kB
Buffers:           96840 kB
Cached:          1206328 kB
MemTotal:        1844596 kB
MemFree:          128168 kB
MemAvailable:    1407680 kB
Buffers:           96840 kB
Cached:          1206328 kB
MemTotal:        1844596 kB
MemFree:          128420 kB
MemAvailable:    1407932 kB
Buffers:           96840 kB
Cached:          1206328 kB
MemTotal:        1844596 kB
MemFree:          128320 kB
MemAvailable:    1407832 kB
Buffers:           96840 kB
Cached:          1206328 kB
MemTotal:        1844596 kB
MemFree:          128176 kB
MemAvailable:    1407688 kB
Buffers:           96840 kB
Cached:          1206328 kB
MemTotal:        1844596 kB
MemFree:          128332 kB
MemAvailable:    1407844 kB
Buffers:           96840 kB
Cached:          1206328 kB
MemTotal:        1844596 kB
MemFree:          128320 kB
MemAvailable:    1407832 kB
Buffers:           96840 kB
Cached:          1206328 kB
MemTotal:        1844596 kB
MemFree:          128376 kB
MemAvailable:    1407888 kB
Buffers:           96840 kB
Cached:          1206328 kB
MemTotal:        1844596 kB
MemFree:          128424 kB
MemAvailable:    1407936 kB
Buffers:           96840 kB
Cached:          1206328 kB
MemTotal:        1844596 kB
MemFree:          127028 kB
MemAvailable:    1406540 kB
Buffers:           96840 kB
Cached:          1206328 kB
MemTotal:        1844596 kB
MemFree:          128384 kB
MemAvailable:    1407896 kB
Buffers:           96840 kB
Cached:          1206328 kB
MemTotal:        1844596 kB
MemFree:          127064 kB
MemAvailable:    1406576 kB
Buffers:           96840 kB
Cached:          1206328 kB
MemTotal:        1844596 kB
MemFree:          127052 kB
MemAvailable:    1406564 kB
Buffers:           96840 kB
Cached:          1206328 kB
MemTotal:        1844596 kB
MemFree:          128244 kB
MemAvailable:    1407756 kB
Buffers:           96840 kB
Cached:          1206328 kB
MemTotal:        1844596 kB
MemFree:          128216 kB
MemAvailable:    1407728 kB
Buffers:           96840 kB
Cached:          1206328 kB
MemTotal:        1844596 kB
MemFree:          128212 kB
MemAvailable:    1407724 kB
Buffers:           96840 kB
Cached:          1206328 kB
MemTotal:        1844596 kB
MemFree:          127224 kB
MemAvailable:    1406736 kB
Buffers:           96840 kB
Cached:          1206328 kB
MemTotal:        1844596 kB
MemFree:          123744 kB
MemAvailable:    1403256 kB
Buffers:           96840 kB
Cached:          1206328 kB
MemTotal:        1844596 kB
MemFree:          120644 kB
MemAvailable:    1400156 kB
Buffers:           96840 kB
Cached:          1206328 kB
MemTotal:        1844596 kB
MemFree:          115860 kB
MemAvailable:    1395372 kB
Buffers:           96840 kB
Cached:          1206328 kB
MemTotal:        1844596 kB
MemFree:          111344 kB
MemAvailable:    1390856 kB
Buffers:           96840 kB
Cached:          1206328 kB
MemTotal:        1844596 kB
MemFree:          111284 kB
MemAvailable:    1390796 kB
Buffers:           96840 kB
Cached:          1206328 kB
MemTotal:        1844596 kB
MemFree:          109848 kB
MemAvailable:    1389360 kB
Buffers:           96840 kB
Cached:          1206328 kB
MemTotal:        1844596 kB
MemFree:          109552 kB
MemAvailable:    1389064 kB
Buffers:           96840 kB
Cached:          1206328 kB
MemTotal:        1844596 kB
MemFree:          109980 kB
MemAvailable:    1389492 kB
Buffers:           96840 kB
Cached:          1206328 kB
MemTotal:        1844596 kB
MemFree:          109996 kB
MemAvailable:    1389508 kB
Buffers:           96840 kB
Cached:          1206328 kB
MemTotal:        1844596 kB
MemFree:          109736 kB
MemAvailable:    1389248 kB
Buffers:           96840 kB
Cached:          1206328 kB
MemTotal:        1844596 kB
MemFree:          108436 kB
MemAvailable:    1387948 kB
Buffers:           96848 kB
Cached:          1206320 kB
MemTotal:        1844596 kB
MemFree:          108560 kB
MemAvailable:    1388072 kB
Buffers:           96848 kB
Cached:          1206320 kB
MemTotal:        1844596 kB
MemFree:          109304 kB
MemAvailable:    1388816 kB
Buffers:           96848 kB
Cached:          1206320 kB
MemTotal:        1844596 kB
MemFree:          109304 kB
MemAvailable:    1388816 kB
Buffers:           96848 kB
Cached:          1206320 kB
MemTotal:        1844596 kB
MemFree:          108104 kB
MemAvailable:    1387616 kB
Buffers:           96848 kB
Cached:          1206320 kB
MemTotal:        1844596 kB
MemFree:          108104 kB
MemAvailable:    1387616 kB
Buffers:           96848 kB
Cached:          1206320 kB
MemTotal:        1844596 kB
MemFree:          108848 kB
MemAvailable:    1388360 kB
Buffers:           96848 kB
Cached:          1206320 kB
MemTotal:        1844596 kB
MemFree:          107872 kB
MemAvailable:    1387384 kB
Buffers:           96848 kB
Cached:          1206320 kB
MemTotal:        1844596 kB
MemFree:          107320 kB
MemAvailable:    1386832 kB
Buffers:           96848 kB
Cached:          1206320 kB
MemTotal:        1844596 kB
MemFree:          107988 kB
MemAvailable:    1387500 kB
Buffers:           96848 kB
Cached:          1206320 kB
MemTotal:        1844596 kB
MemFree:          107632 kB
MemAvailable:    1387144 kB
Buffers:           96848 kB
Cached:          1206320 kB
MemTotal:        1844596 kB
MemFree:          107428 kB
MemAvailable:    1386940 kB
Buffers:           96848 kB
Cached:          1206320 kB
MemTotal:        1844596 kB
MemFree:          106940 kB
MemAvailable:    1386452 kB
Buffers:           96848 kB
Cached:          1206320 kB
MemTotal:        1844596 kB
MemFree:          105508 kB
MemAvailable:    1385020 kB
Buffers:           96848 kB
Cached:          1206320 kB
MemTotal:        1844596 kB
MemFree:          104880 kB
MemAvailable:    1384392 kB
Buffers:           96848 kB
Cached:          1206320 kB
MemTotal:        1844596 kB
MemFree:          105328 kB
MemAvailable:    1384840 kB
Buffers:           96848 kB
Cached:          1206320 kB
MemTotal:        1844596 kB
MemFree:          103284 kB
MemAvailable:    1382796 kB
Buffers:           96848 kB
Cached:          1206320 kB
MemTotal:        1844596 kB
MemFree:          103508 kB
MemAvailable:    1383020 kB
Buffers:           96848 kB
Cached:          1206320 kB
MemTotal:        1844596 kB
MemFree:          103844 kB
MemAvailable:    1383356 kB
Buffers:           96848 kB
Cached:          1206320 kB
MemTotal:        1844596 kB
MemFree:          102528 kB
MemAvailable:    1382040 kB
Buffers:           96848 kB
Cached:          1206320 kB
MemTotal:        1844596 kB
MemFree:          103748 kB
MemAvailable:    1383260 kB
Buffers:           96848 kB
Cached:          1206320 kB
MemTotal:        1844596 kB
MemFree:          103748 kB
MemAvailable:    1383260 kB
Buffers:           96848 kB
Cached:          1206320 kB
MemTotal:        1844596 kB
MemFree:          102512 kB
MemAvailable:    1382024 kB
Buffers:           96848 kB
Cached:          1206320 kB
MemTotal:        1844596 kB
MemFree:          103688 kB
MemAvailable:    1383200 kB
Buffers:           96848 kB
Cached:          1206320 kB
MemTotal:        1844596 kB
MemFree:          102284 kB
MemAvailable:    1381796 kB
Buffers:           96848 kB
Cached:          1206320 kB
MemTotal:        1844596 kB
MemFree:          102052 kB
MemAvailable:    1381564 kB
Buffers:           96848 kB
Cached:          1206320 kB
MemTotal:        1844596 kB
MemFree:          100756 kB
MemAvailable:    1380268 kB
Buffers:           96848 kB
Cached:          1206320 kB
MemTotal:        1844596 kB
MemFree:          102300 kB
MemAvailable:    1381812 kB
Buffers:           96848 kB
Cached:          1206320 kB
MemTotal:        1844596 kB
MemFree:          102176 kB
MemAvailable:    1381688 kB
Buffers:           96848 kB
Cached:          1206320 kB
MemTotal:        1844596 kB
MemFree:          101904 kB
MemAvailable:    1381416 kB
Buffers:           96848 kB
Cached:          1206320 kB
MemTotal:        1844596 kB
MemFree:          102156 kB
MemAvailable:    1381668 kB
Buffers:           96848 kB
Cached:          1206320 kB
MemTotal:        1844596 kB
MemFree:          100792 kB
MemAvailable:    1380304 kB
Buffers:           96848 kB
Cached:          1206320 kB
MemTotal:        1844596 kB
MemFree:          101892 kB
MemAvailable:    1381404 kB
Buffers:           96848 kB
Cached:          1206320 kB
MemTotal:        1844596 kB
MemFree:          102228 kB
MemAvailable:    1381740 kB
Buffers:           96848 kB
Cached:          1206320 kB
MemTotal:        1844596 kB
MemFree:          102020 kB
MemAvailable:    1381532 kB
Buffers:           96848 kB
Cached:          1206320 kB
MemTotal:        1844596 kB
MemFree:          102176 kB
MemAvailable:    1381688 kB
Buffers:           96848 kB
Cached:          1206320 kB
MemTotal:        1844596 kB
MemFree:          100756 kB
MemAvailable:    1380268 kB
Buffers:           96848 kB
Cached:          1206320 kB
MemTotal:        1844596 kB
MemFree:          102036 kB
MemAvailable:    1381548 kB
Buffers:           96848 kB
Cached:          1206320 kB
MemTotal:        1844596 kB
MemFree:          102288 kB
MemAvailable:    1381800 kB
Buffers:           96848 kB
Cached:          1206320 kB
MemTotal:        1844596 kB
MemFree:          102048 kB
MemAvailable:    1381560 kB
Buffers:           96848 kB
Cached:          1206320 kB
MemTotal:        1844596 kB
MemFree:          102156 kB
MemAvailable:    1381668 kB
Buffers:           96848 kB
Cached:          1206320 kB
MemTotal:        1844596 kB
MemFree:          100660 kB
MemAvailable:    1380172 kB
Buffers:           96848 kB
Cached:          1206320 kB
MemTotal:        1844596 kB
MemFree:          100804 kB
MemAvailable:    1380332 kB
Buffers:           96848 kB
Cached:          1206336 kB
MemTotal:        1844596 kB
MemFree:          100888 kB
MemAvailable:    1380416 kB
Buffers:           96848 kB
Cached:          1206336 kB
MemTotal:        1844596 kB
MemFree:          100804 kB
MemAvailable:    1380332 kB
Buffers:           96848 kB
Cached:          1206336 kB
MemTotal:        1844596 kB
MemFree:          102160 kB
MemAvailable:    1381688 kB
Buffers:           96848 kB
Cached:          1206336 kB
MemTotal:        1844596 kB
MemFree:          102036 kB
MemAvailable:    1381564 kB
Buffers:           96848 kB
Cached:          1206336 kB
MemTotal:        1844596 kB
MemFree:          101680 kB
MemAvailable:    1381208 kB
Buffers:           96848 kB
Cached:          1206336 kB
MemTotal:        1844596 kB
MemFree:          101996 kB
MemAvailable:    1381524 kB
Buffers:           96848 kB
Cached:          1206336 kB
MemTotal:        1844596 kB
MemFree:          101984 kB
MemAvailable:    1381512 kB
Buffers:           96848 kB
Cached:          1206336 kB
MemTotal:        1844596 kB
MemFree:          102236 kB
MemAvailable:    1381764 kB
Buffers:           96848 kB
Cached:          1206336 kB
MemTotal:        1844596 kB
MemFree:          101996 kB
MemAvailable:    1381524 kB
Buffers:           96848 kB
Cached:          1206336 kB
MemTotal:        1844596 kB
MemFree:          102092 kB
MemAvailable:    1381620 kB
Buffers:           96848 kB
Cached:          1206336 kB
MemTotal:        1844596 kB
MemFree:          101176 kB
MemAvailable:    1380704 kB
Buffers:           96848 kB
Cached:          1206336 kB
MemTotal:        1844596 kB
MemFree:          101892 kB
MemAvailable:    1381420 kB
Buffers:           96848 kB
Cached:          1206336 kB
MemTotal:        1844596 kB
MemFree:          102144 kB
MemAvailable:    1381672 kB
Buffers:           96848 kB
Cached:          1206336 kB
MemTotal:        1844596 kB
MemFree:          101972 kB
MemAvailable:    1381500 kB
Buffers:           96848 kB
Cached:          1206336 kB
MemTotal:        1844596 kB
MemFree:          101308 kB
MemAvailable:    1380836 kB
Buffers:           96848 kB
Cached:          1206336 kB
MemTotal:        1844596 kB
MemFree:          102152 kB
MemAvailable:    1381680 kB
Buffers:           96848 kB
Cached:          1206336 kB
MemTotal:        1844596 kB
MemFree:          101796 kB
MemAvailable:    1381324 kB
Buffers:           96848 kB
Cached:          1206336 kB
MemTotal:        1844596 kB
MemFree:          101892 kB
MemAvailable:    1381420 kB
Buffers:           96848 kB
Cached:          1206336 kB
MemTotal:        1844596 kB
MemFree:          101784 kB
MemAvailable:    1381312 kB
Buffers:           96848 kB
Cached:          1206336 kB
MemTotal:        1844596 kB
MemFree:          101984 kB
MemAvailable:    1381512 kB
Buffers:           96848 kB
Cached:          1206336 kB
MemTotal:        1844596 kB
MemFree:          100864 kB
MemAvailable:    1380392 kB
Buffers:           96848 kB
Cached:          1206336 kB
MemTotal:        1844596 kB
MemFree:          100732 kB
MemAvailable:    1380260 kB
Buffers:           96848 kB
Cached:          1206336 kB
MemTotal:        1844596 kB
MemFree:          101972 kB
MemAvailable:    1381500 kB
Buffers:           96848 kB
Cached:          1206336 kB
MemTotal:        1844596 kB
MemFree:          100556 kB
MemAvailable:    1380084 kB
Buffers:           96848 kB
Cached:          1206336 kB
MemTotal:        1844596 kB
MemFree:           98076 kB
MemAvailable:    1377604 kB
Buffers:           96848 kB
Cached:          1206336 kB
MemTotal:        1844596 kB
MemFree:           95100 kB
MemAvailable:    1374628 kB
Buffers:           96848 kB
Cached:          1206336 kB
MemTotal:        1844596 kB
MemFree:           91620 kB
MemAvailable:    1371148 kB
Buffers:           96848 kB
Cached:          1206336 kB
MemTotal:        1844596 kB
MemFree:           87116 kB
MemAvailable:    1366644 kB
Buffers:           96848 kB
Cached:          1206336 kB
MemTotal:        1844596 kB
MemFree:           86760 kB
MemAvailable:    1366288 kB
Buffers:           96848 kB
Cached:          1206336 kB
MemTotal:        1844596 kB
MemFree:           83660 kB
MemAvailable:    1363188 kB
Buffers:           96848 kB
Cached:          1206336 kB
MemTotal:        1844596 kB
MemFree:           82528 kB
MemAvailable:    1362056 kB
Buffers:           96848 kB
Cached:          1206336 kB
MemTotal:        1844596 kB
MemFree:           82612 kB
MemAvailable:    1362140 kB
Buffers:           96848 kB
Cached:          1206336 kB
MemTotal:        1844596 kB
MemFree:           82584 kB
MemAvailable:    1362112 kB
Buffers:           96848 kB
Cached:          1206336 kB
MemTotal:        1844596 kB
MemFree:           82520 kB
MemAvailable:    1362048 kB
Buffers:           96848 kB
Cached:          1206336 kB
MemTotal:        1844596 kB
MemFree:           82772 kB
MemAvailable:    1362300 kB
Buffers:           96848 kB
Cached:          1206336 kB
MemTotal:        1844596 kB
MemFree:           81172 kB
MemAvailable:    1360700 kB
Buffers:           96848 kB
Cached:          1206336 kB
MemTotal:        1844596 kB
MemFree:           82496 kB
MemAvailable:    1362024 kB
Buffers:           96848 kB
Cached:          1206336 kB
MemTotal:        1844596 kB
MemFree:           82592 kB
MemAvailable:    1362120 kB
Buffers:           96848 kB
Cached:          1206336 kB
MemTotal:        1844596 kB
MemFree:           81272 kB
MemAvailable:    1360800 kB
Buffers:           96848 kB
Cached:          1206336 kB
MemTotal:        1844596 kB
MemFree:           82620 kB
MemAvailable:    1362148 kB
Buffers:           96848 kB
Cached:          1206336 kB
MemTotal:        1844596 kB
MemFree:           82404 kB
MemAvailable:    1361932 kB
Buffers:           96848 kB
Cached:          1206336 kB
MemTotal:        1844596 kB
MemFree:           82544 kB
MemAvailable:    1362072 kB
Buffers:           96848 kB
Cached:          1206336 kB
MemTotal:        1844596 kB
MemFree:           82416 kB
MemAvailable:    1361944 kB
Buffers:           96848 kB
Cached:          1206336 kB
MemTotal:        1844596 kB
MemFree:           82356 kB
MemAvailable:    1361884 kB
Buffers:           96848 kB
Cached:          1206336 kB
MemTotal:        1844596 kB
MemFree:           81992 kB
MemAvailable:    1361520 kB
Buffers:           96848 kB
Cached:          1206336 kB
MemTotal:        1844596 kB
MemFree:           80992 kB
MemAvailable:    1360520 kB
Buffers:           96848 kB
Cached:          1206336 kB
MemTotal:        1844596 kB
MemFree:           82092 kB
MemAvailable:    1361620 kB
Buffers:           96848 kB
Cached:          1206336 kB
MemTotal:        1844596 kB
MemFree:           82344 kB
MemAvailable:    1361872 kB
Buffers:           96848 kB
Cached:          1206336 kB
MemTotal:        1844596 kB
MemFree:           82044 kB
MemAvailable:    1361572 kB
Buffers:           96848 kB
Cached:          1206336 kB
MemTotal:        1844596 kB
MemFree:           82152 kB
MemAvailable:    1361680 kB
Buffers:           96848 kB
Cached:          1206336 kB
MemTotal:        1844596 kB
MemFree:           82056 kB
MemAvailable:    1361584 kB
Buffers:           96848 kB
Cached:          1206336 kB
MemTotal:        1844596 kB
MemFree:           80800 kB
MemAvailable:    1360328 kB
Buffers:           96848 kB
Cached:          1206336 kB
MemTotal:        1844596 kB
MemFree:           80924 kB
MemAvailable:    1360452 kB
Buffers:           96848 kB
Cached:          1206336 kB
MemTotal:        1844596 kB
MemFree:           80800 kB
MemAvailable:    1360328 kB
Buffers:           96848 kB
Cached:          1206336 kB
MemTotal:        1844596 kB
MemFree:           80436 kB
MemAvailable:    1359964 kB
Buffers:           96848 kB
Cached:          1206336 kB
MemTotal:        1844596 kB
MemFree:           76948 kB
MemAvailable:    1356476 kB
Buffers:           96848 kB
Cached:          1206336 kB
MemTotal:        1844596 kB
MemFree:           75352 kB
MemAvailable:    1354880 kB
Buffers:           96848 kB
Cached:          1206336 kB
MemTotal:        1844596 kB
MemFree:           73092 kB
MemAvailable:    1352620 kB
Buffers:           96848 kB
Cached:          1206336 kB
MemTotal:        1844596 kB
MemFree:           72560 kB
MemAvailable:    1352088 kB
Buffers:           96848 kB
Cached:          1206336 kB
MemTotal:        1844596 kB
MemFree:           71128 kB
MemAvailable:    1350656 kB
Buffers:           96848 kB
Cached:          1206336 kB
MemTotal:        1844596 kB
MemFree:           71252 kB
MemAvailable:    1350780 kB
Buffers:           96848 kB
Cached:          1206336 kB
MemTotal:        1844596 kB
MemFree:           70996 kB
MemAvailable:    1350524 kB
Buffers:           96848 kB
Cached:          1206336 kB
MemTotal:        1844596 kB
MemFree:           70864 kB
MemAvailable:    1350392 kB
Buffers:           96848 kB
Cached:          1206336 kB
MemTotal:        1844596 kB
MemFree:           70736 kB
MemAvailable:    1350264 kB
Buffers:           96848 kB
Cached:          1206336 kB
MemTotal:        1844596 kB
MemFree:           69204 kB
MemAvailable:    1348732 kB
Buffers:           96848 kB
Cached:          1206336 kB
MemTotal:        1844596 kB
MemFree:           70312 kB
MemAvailable:    1349848 kB
Buffers:           96848 kB
Cached:          1206344 kB
MemTotal:        1844596 kB
MemFree:           70184 kB
MemAvailable:    1349720 kB
Buffers:           96852 kB
Cached:          1206464 kB
MemTotal:        1844596 kB
MemFree:           68568 kB
MemAvailable:    1348188 kB
Buffers:           96852 kB
Cached:          1206464 kB
MemTotal:        1844596 kB
MemFree:           70160 kB
MemAvailable:    1349864 kB
Buffers:           96852 kB
Cached:          1206588 kB
MemTotal:        1844596 kB
MemFree:           69816 kB
MemAvailable:    1349792 kB
Buffers:           96852 kB
Cached:          1206852 kB
MemTotal:        1844596 kB
MemFree:           69832 kB
MemAvailable:    1349808 kB
Buffers:           96852 kB
Cached:          1206852 kB
MemTotal:        1844596 kB
MemFree:           69572 kB
MemAvailable:    1349632 kB
Buffers:           96852 kB
Cached:          1206976 kB
MemTotal:        1844596 kB
MemFree:           69568 kB
MemAvailable:    1349688 kB
Buffers:           96852 kB
Cached:          1206996 kB
MemTotal:        1844596 kB
MemFree:           69728 kB
MemAvailable:    1349848 kB
Buffers:           96852 kB
Cached:          1206996 kB
MemTotal:        1844596 kB
MemFree:           69532 kB
MemAvailable:    1349652 kB
Buffers:           96852 kB
Cached:          1206996 kB
MemTotal:        1844596 kB
MemFree:           69720 kB
MemAvailable:    1349840 kB
Buffers:           96852 kB
Cached:          1206996 kB
MemTotal:        1844596 kB
MemFree:           69344 kB
MemAvailable:    1349464 kB
Buffers:           96852 kB
Cached:          1206996 kB
MemTotal:        1844596 kB
MemFree:           69268 kB
MemAvailable:    1349388 kB
Buffers:           96852 kB
Cached:          1206996 kB
MemTotal:        1844596 kB
MemFree:           69532 kB
MemAvailable:    1349652 kB
Buffers:           96852 kB
Cached:          1206996 kB
MemTotal:        1844596 kB
MemFree:           69260 kB
MemAvailable:    1349380 kB
Buffers:           96852 kB
Cached:          1207120 kB
MemTotal:        1844596 kB
MemFree:           70096 kB
MemAvailable:    1349628 kB
Buffers:           96852 kB
Cached:          1206404 kB
MemTotal:        1844596 kB
MemFree:           68984 kB
MemAvailable:    1348516 kB
Buffers:           96852 kB
Cached:          1206404 kB
MemTotal:        1844596 kB
MemFree:           68864 kB
MemAvailable:    1348396 kB
Buffers:           96852 kB
Cached:          1206404 kB
MemTotal:        1844596 kB
MemFree:          186352 kB
MemAvailable:    1465884 kB
Buffers:           96852 kB
Cached:          1206404 kB
MemTotal:        1844596 kB
MemFree:          253280 kB
MemAvailable:    1532812 kB
Buffers:           96852 kB
Cached:          1206404 kB
