MemTotal:        1844596 kB
MemFree:          687708 kB
MemAvailable:    1548040 kB
Buffers:           89640 kB
Cached:           793916 kB
MemTotal:        1844596 kB
MemFree:          663056 kB
MemAvailable:    1523392 kB
Buffers:           89640 kB
Cached:           793920 kB
MemTotal:        1844596 kB
MemFree:          660320 kB
MemAvailable:    1520656 kB
Buffers:           89640 kB
Cached:           793920 kB
MemTotal:        1844596 kB
MemFree:          657972 kB
MemAvailable:    1518308 kB
Buffers:           89640 kB
Cached:           793920 kB
MemTotal:        1844596 kB
MemFree:          657840 kB
MemAvailable:    1518176 kB
Buffers:           89640 kB
Cached:           793920 kB
MemTotal:        1844596 kB
MemFree:          656344 kB
MemAvailable:    1516680 kB
Buffers:           89640 kB
Cached:           793920 kB
MemTotal:        1844596 kB
MemFree:          656428 kB
MemAvailable:    1516764 kB
Buffers:           89640 kB
Cached:           793920 kB
MemTotal:        1844596 kB
MemFree:          655196 kB
MemAvailable:    1515532 kB
Buffers:           89640 kB
Cached:           793920 kB
MemTotal:        1844596 kB
MemFree:          651764 kB
MemAvailable:    1512100 kB
Buffers:           89640 kB
Cached:           793920 kB
MemTotal:        1844596 kB
MemFree:          651848 kB
MemAvailable:    1512184 kB
Buffers:           89640 kB
Cached:           793920 kB
MemTotal:        1844596 kB
MemFree:          647804 kB
MemAvailable:    1508140 kB
Buffers:           89640 kB
Cached:           793920 kB
MemTotal:        1844596 kB
MemFree:          647868 kB
MemAvailable:    1508204 kB
Buffers:           89640 kB
Cached:           793920 kB
MemTotal:        1844596 kB
MemFree:          648120 kB
MemAvailable:    1508456 kB
Buffers:           89640 kB
Cached:           793920 kB
MemTotal:        1844596 kB
MemFree:          647788 kB
MemAvailable:    1508124 kB
Buffers:           89640 kB
Cached:           793920 kB
MemTotal:        1844596 kB
MemFree:          647920 kB
MemAvailable:    1508256 kB
Buffers:           89640 kB
Cached:           793920 kB
MemTotal:        1844596 kB
MemFree:          646500 kB
MemAvailable:    1506836 kB
Buffers:           89640 kB
Cached:           793920 kB
MemTotal:        1844596 kB
MemFree:          646748 kB
MemAvailable:    1507084 kB
Buffers:           89640 kB
Cached:           793920 kB
MemTotal:        1844596 kB
MemFree:          646564 kB
MemAvailable:    1506900 kB
Buffers:           89640 kB
Cached:           793920 kB
MemTotal:        1844596 kB
MemFree:          646316 kB
MemAvailable:    1506652 kB
Buffers:           89640 kB
Cached:           793920 kB
MemTotal:        1844596 kB
MemFree:          646316 kB
MemAvailable:    1506652 kB
Buffers:           89640 kB
Cached:           793920 kB
MemTotal:        1844596 kB
MemFree:          647236 kB
MemAvailable:    1507572 kB
Buffers:           89640 kB
Cached:           793920 kB
MemTotal:        1844596 kB
MemFree:          646200 kB
MemAvailable:    1506536 kB
Buffers:           89640 kB
Cached:           793920 kB
MemTotal:        1844596 kB
MemFree:          647052 kB
MemAvailable:    1507388 kB
Buffers:           89640 kB
Cached:           793920 kB
MemTotal:        1844596 kB
MemFree:          647176 kB
MemAvailable:    1507512 kB
Buffers:           89640 kB
Cached:           793920 kB
MemTotal:        1844596 kB
MemFree:          646864 kB
MemAvailable:    1507200 kB
Buffers:           89640 kB
Cached:           793920 kB
MemTotal:        1844596 kB
MemFree:          645324 kB
MemAvailable:    1505660 kB
Buffers:           89640 kB
Cached:           793920 kB
MemTotal:        1844596 kB
MemFree:          645316 kB
MemAvailable:    1505652 kB
Buffers:           89640 kB
Cached:           793920 kB
MemTotal:        1844596 kB
MemFree:          645928 kB
MemAvailable:    1506264 kB
Buffers:           89640 kB
Cached:           793920 kB
MemTotal:        1844596 kB
MemFree:          645944 kB
MemAvailable:    1506280 kB
Buffers:           89640 kB
Cached:           793920 kB
MemTotal:        1844596 kB
MemFree:          645792 kB
MemAvailable:    1506128 kB
Buffers:           89640 kB
Cached:           793920 kB
MemTotal:        1844596 kB
MemFree:          646044 kB
MemAvailable:    1506380 kB
Buffers:           89640 kB
Cached:           793920 kB
MemTotal:        1844596 kB
MemFree:          645068 kB
MemAvailable:    1505404 kB
Buffers:           89640 kB
Cached:           793920 kB
MemTotal:        1844596 kB
MemFree:          645324 kB
MemAvailable:    1505660 kB
Buffers:           89640 kB
Cached:           793920 kB
MemTotal:        1844596 kB
MemFree:          644820 kB
MemAvailable:    1505156 kB
Buffers:           89640 kB
Cached:           793920 kB
MemTotal:        1844596 kB
MemFree:          645072 kB
MemAvailable:    1505408 kB
Buffers:           89640 kB
Cached:           793920 kB
MemTotal:        1844596 kB
MemFree:          644692 kB
MemAvailable:    1505028 kB
Buffers:           89640 kB
Cached:           793920 kB
MemTotal:        1844596 kB
MemFree:          643452 kB
MemAvailable:    1503788 kB
Buffers:           89640 kB
Cached:           793920 kB
MemTotal:        1844596 kB
MemFree:          643576 kB
MemAvailable:    1503912 kB
Buffers:           89640 kB
Cached:           793920 kB
MemTotal:        1844596 kB
MemFree:          643576 kB
MemAvailable:    1503912 kB
Buffers:           89640 kB
Cached:           793920 kB
MemTotal:        1844596 kB
MemFree:          643568 kB
MemAvailable:    1503904 kB
Buffers:           89640 kB
Cached:           793920 kB
MemTotal:        1844596 kB
MemFree:          644628 kB
MemAvailable:    1504964 kB
Buffers:           89640 kB
Cached:           793920 kB
MemTotal:        1844596 kB
MemFree:          644880 kB
MemAvailable:    1505216 kB
Buffers:           89640 kB
Cached:           793920 kB
MemTotal:        1844596 kB
MemFree:          638116 kB
MemAvailable:    1498452 kB
Buffers:           89640 kB
Cached:           793920 kB
MemTotal:        1844596 kB
MemFree:          639868 kB
MemAvailable:    1500204 kB
Buffers:           89640 kB
Cached:           793920 kB
MemTotal:        1844596 kB
MemFree:          639472 kB
MemAvailable:    1499808 kB
Buffers:           89640 kB
Cached:           793920 kB
MemTotal:        1844596 kB
MemFree:          639728 kB
MemAvailable:    1500064 kB
Buffers:           89640 kB
Cached:           793920 kB
MemTotal:        1844596 kB
MemFree:          638224 kB
MemAvailable:    1498560 kB
Buffers:           89640 kB
Cached:           793920 kB
MemTotal:        1844596 kB
MemFree:          638224 kB
MemAvailable:    1498560 kB
Buffers:           89640 kB
Cached:           793920 kB
MemTotal:        1844596 kB
MemFree:          639192 kB
MemAvailable:    1499528 kB
Buffers:           89640 kB
Cached:           793920 kB
MemTotal:        1844596 kB
MemFree:          639192 kB
MemAvailable:    1499528 kB
Buffers:           89640 kB
Cached:           793920 kB
MemTotal:        1844596 kB
MemFree:          637868 kB
MemAvailable:    1498204 kB
Buffers:           89640 kB
Cached:           793920 kB
MemTotal:        1844596 kB
MemFree:          637992 kB
MemAvailable:    1498328 kB
Buffers:           89640 kB
Cached:           793920 kB
MemTotal:        1844596 kB
MemFree:          638984 kB
MemAvailable:    1499320 kB
Buffers:           89640 kB
Cached:           793920 kB
MemTotal:        1844596 kB
MemFree:          638868 kB
MemAvailable:    1499204 kB
Buffers:           89640 kB
Cached:           793920 kB
MemTotal:        1844596 kB
MemFree:          637876 kB
MemAvailable:    1498212 kB
Buffers:           89640 kB
Cached:           793920 kB
MemTotal:        1844596 kB
MemFree:          639176 kB
MemAvailable:    1499512 kB
Buffers:           89640 kB
Cached:           793920 kB
MemTotal:        1844596 kB
MemFree:          639004 kB
MemAvailable:    1499340 kB
Buffers:           89640 kB
Cached:           793920 kB
MemTotal:        1844596 kB
MemFree:          638016 kB
MemAvailable:    1498352 kB
Buffers:           89640 kB
Cached:           793920 kB
MemTotal:        1844596 kB
MemFree:          635140 kB
MemAvailable:    1495476 kB
Buffers:           89640 kB
Cached:           793920 kB
MemTotal:        1844596 kB
MemFree:          634660 kB
MemAvailable:    1494996 kB
Buffers:           89640 kB
Cached:           793920 kB
MemTotal:        1844596 kB
MemFree:          633276 kB
MemAvailable:    1493612 kB
Buffers:           89640 kB
Cached:           793920 kB
MemTotal:        1844596 kB
MemFree:          631760 kB
MemAvailable:    1492096 kB
Buffers:           89640 kB
Cached:           793920 kB
MemTotal:        1844596 kB
MemFree:          631808 kB
MemAvailable:    1492144 kB
Buffers:           89640 kB
Cached:           793920 kB
MemTotal:        1844596 kB
MemFree:          630924 kB
MemAvailable:    1491260 kB
Buffers:           89640 kB
Cached:           793920 kB
MemTotal:        1844596 kB
MemFree:          630928 kB
MemAvailable:    1491264 kB
Buffers:           89640 kB
Cached:           793920 kB
MemTotal:        1844596 kB
MemFree:          630868 kB
MemAvailable:    1491204 kB
Buffers:           89640 kB
Cached:           793920 kB
MemTotal:        1844596 kB
MemFree:          630628 kB
MemAvailable:    1490964 kB
Buffers:           89640 kB
Cached:           793920 kB
MemTotal:        1844596 kB
MemFree:          629204 kB
MemAvailable:    1489540 kB
Buffers:           89640 kB
Cached:           793920 kB
MemTotal:        1844596 kB
MemFree:          629204 kB
MemAvailable:    1489540 kB
Buffers:           89640 kB
Cached:           793920 kB
MemTotal:        1844596 kB
MemFree:          630304 kB
MemAvailable:    1490640 kB
Buffers:           89640 kB
Cached:           793920 kB
MemTotal:        1844596 kB
MemFree:          630444 kB
MemAvailable:    1490780 kB
Buffers:           89640 kB
Cached:           793920 kB
MemTotal:        1844596 kB
MemFree:          630200 kB
MemAvailable:    1490536 kB
Buffers:           89640 kB
Cached:           793920 kB
MemTotal:        1844596 kB
MemFree:          629060 kB
MemAvailable:    1489396 kB
Buffers:           89640 kB
Cached:           793920 kB
MemTotal:        1844596 kB
MemFree:          629864 kB
MemAvailable:    1490200 kB
Buffers:           89640 kB
Cached:           793920 kB
MemTotal:        1844596 kB
MemFree:          629140 kB
MemAvailable:    1489476 kB
Buffers:           89640 kB
Cached:           793920 kB
MemTotal:        1844596 kB
MemFree:          629856 kB
MemAvailable:    1490192 kB
Buffers:           89640 kB
Cached:           793920 kB
MemTotal:        1844596 kB
MemFree:          630108 kB
MemAvailable:    1490444 kB
Buffers:           89640 kB
Cached:           793920 kB
MemTotal:        1844596 kB
MemFree:          630188 kB
MemAvailable:    1490524 kB
Buffers:           89640 kB
Cached:           793920 kB
MemTotal:        1844596 kB
MemFree:          629816 kB
MemAvailable:    1490152 kB
Buffers:           89640 kB
Cached:           793920 kB
MemTotal:        1844596 kB
MemFree:          630180 kB
MemAvailable:    1490524 kB
Buffers:           89640 kB
Cached:           793928 kB
MemTotal:        1844596 kB
MemFree:          630516 kB
MemAvailable:    1490860 kB
Buffers:           89640 kB
Cached:           793928 kB
MemTotal:        1844596 kB
MemFree:          630272 kB
MemAvailable:    1490616 kB
Buffers:           89640 kB
Cached:           793928 kB
MemTotal:        1844596 kB
MemFree:          630116 kB
MemAvailable:    1490460 kB
Buffers:           89640 kB
Cached:           793928 kB
MemTotal:        1844596 kB
MemFree:          628956 kB
MemAvailable:    1489300 kB
Buffers:           89640 kB
Cached:           793928 kB
MemTotal:        1844596 kB
MemFree:          629948 kB
MemAvailable:    1490292 kB
Buffers:           89640 kB
Cached:           793928 kB
MemTotal:        1844596 kB
MemFree:          629824 kB
MemAvailable:    1490168 kB
Buffers:           89640 kB
Cached:           793928 kB
MemTotal:        1844596 kB
MemFree:          628692 kB
MemAvailable:    1489036 kB
Buffers:           89640 kB
Cached:           793928 kB
MemTotal:        1844596 kB
MemFree:          628512 kB
MemAvailable:    1488856 kB
Buffers:           89640 kB
Cached:           793928 kB
MemTotal:        1844596 kB
MemFree:          628948 kB
MemAvailable:    1489292 kB
Buffers:           89640 kB
Cached:           793928 kB
MemTotal:        1844596 kB
MemFree:          625716 kB
MemAvailable:    1486064 kB
Buffers:           89640 kB
Cached:           793932 kB
MemTotal:        1844596 kB
MemFree:          625716 kB
MemAvailable:    1486064 kB
Buffers:           89640 kB
Cached:           793932 kB
MemTotal:        1844596 kB
MemFree:          621888 kB
MemAvailable:    1482236 kB
Buffers:           89640 kB
Cached:           793932 kB
MemTotal:        1844596 kB
MemFree:          620516 kB
MemAvailable:    1480864 kB
Buffers:           89640 kB
Cached:           793932 kB
MemTotal:        1844596 kB
MemFree:          621816 kB
MemAvailable:    1482164 kB
Buffers:           89640 kB
Cached:           793932 kB
MemTotal:        1844596 kB
MemFree:          620524 kB
MemAvailable:    1480872 kB
Buffers:           89640 kB
Cached:           793932 kB
MemTotal:        1844596 kB
MemFree:          621640 kB
MemAvailable:    1481988 kB
Buffers:           89640 kB
Cached:           793932 kB
MemTotal:        1844596 kB
MemFree:          621268 kB
MemAvailable:    1481616 kB
Buffers:           89640 kB
Cached:           793932 kB
MemTotal:        1844596 kB
MemFree:          620028 kB
MemAvailable:    1480376 kB
Buffers:           89640 kB
Cached:           793932 kB
MemTotal:        1844596 kB
MemFree:          621136 kB
MemAvailable:    1481484 kB
Buffers:           89640 kB
Cached:           793932 kB
MemTotal:        1844596 kB
MemFree:          620276 kB
MemAvailable:    1480624 kB
Buffers:           89640 kB
Cached:           793932 kB
MemTotal:        1844596 kB
MemFree:          620952 kB
MemAvailable:    1481300 kB
Buffers:           89640 kB
Cached:           793932 kB
MemTotal:        1844596 kB
MemFree:          621288 kB
MemAvailable:    1481636 kB
Buffers:           89640 kB
Cached:           793932 kB
MemTotal:        1844596 kB
MemFree:          620996 kB
MemAvailable:    1481344 kB
Buffers:           89640 kB
Cached:           793932 kB
MemTotal:        1844596 kB
MemFree:          621220 kB
MemAvailable:    1481568 kB
Buffers:           89640 kB
Cached:           793932 kB
MemTotal:        1844596 kB
MemFree:          621476 kB
MemAvailable:    1481824 kB
Buffers:           89640 kB
Cached:           793932 kB
MemTotal:        1844596 kB
MemFree:          620996 kB
MemAvailable:    1481344 kB
Buffers:           89640 kB
Cached:           793932 kB
MemTotal:        1844596 kB
MemFree:          621332 kB
MemAvailable:    1481680 kB
Buffers:           89640 kB
Cached:           793932 kB
MemTotal:        1844596 kB
MemFree:          621068 kB
MemAvailable:    1481416 kB
Buffers:           89640 kB
Cached:           793932 kB
MemTotal:        1844596 kB
MemFree:          621320 kB
MemAvailable:    1481668 kB
Buffers:           89640 kB
Cached:           793932 kB
MemTotal:        1844596 kB
MemFree:          619848 kB
MemAvailable:    1480196 kB
Buffers:           89640 kB
Cached:           793932 kB
MemTotal:        1844596 kB
MemFree:          621116 kB
MemAvailable:    1481464 kB
Buffers:           89640 kB
Cached:           793932 kB
MemTotal:        1844596 kB
MemFree:          621116 kB
MemAvailable:    1481464 kB
Buffers:           89640 kB
Cached:           793932 kB
MemTotal:        1844596 kB
MemFree:          620948 kB
MemAvailable:    1481296 kB
Buffers:           89640 kB
Cached:           793932 kB
MemTotal:        1844596 kB
MemFree:          621284 kB
MemAvailable:    1481632 kB
Buffers:           89640 kB
Cached:           793932 kB
MemTotal:        1844596 kB
MemFree:          620956 kB
MemAvailable:    1481304 kB
Buffers:           89640 kB
Cached:           793932 kB
MemTotal:        1844596 kB
MemFree:          620008 kB
MemAvailable:    1480356 kB
Buffers:           89640 kB
Cached:           793932 kB
MemTotal:        1844596 kB
MemFree:          619752 kB
MemAvailable:    1480100 kB
Buffers:           89640 kB
Cached:           793932 kB
MemTotal:        1844596 kB
MemFree:          620936 kB
MemAvailable:    1481284 kB
Buffers:           89640 kB
Cached:           793932 kB
MemTotal:        1844596 kB
MemFree:          621272 kB
MemAvailable:    1481620 kB
Buffers:           89640 kB
Cached:           793932 kB
MemTotal:        1844596 kB
MemFree:          621164 kB
MemAvailable:    1481512 kB
Buffers:           89640 kB
Cached:           793932 kB
MemTotal:        1844596 kB
MemFree:          619864 kB
MemAvailable:    1480212 kB
Buffers:           89640 kB
Cached:           793932 kB
MemTotal:        1844596 kB
MemFree:          621292 kB
MemAvailable:    1481640 kB
Buffers:           89640 kB
Cached:           793932 kB
MemTotal:        1844596 kB
MemFree:          620400 kB
MemAvailable:    1480748 kB
Buffers:           89640 kB
Cached:           793932 kB
MemTotal:        1844596 kB
MemFree:          620992 kB
MemAvailable:    1481340 kB
Buffers:           89640 kB
Cached:           793932 kB
MemTotal:        1844596 kB
MemFree:          621076 kB
MemAvailable:    1481424 kB
Buffers:           89640 kB
Cached:           793932 kB
MemTotal:        1844596 kB
MemFree:          621088 kB
MemAvailable:    1481436 kB
Buffers:           89640 kB
Cached:           793932 kB
MemTotal:        1844596 kB
MemFree:          621268 kB
MemAvailable:    1481616 kB
Buffers:           89640 kB
Cached:           793932 kB
MemTotal:        1844596 kB
MemFree:          620400 kB
MemAvailable:    1480748 kB
Buffers:           89640 kB
Cached:           793932 kB
MemTotal:        1844596 kB
MemFree:          620888 kB
MemAvailable:    1481236 kB
Buffers:           89640 kB
Cached:           793932 kB
MemTotal:        1844596 kB
MemFree:          620144 kB
MemAvailable:    1480492 kB
Buffers:           89640 kB
Cached:           793932 kB
MemTotal:        1844596 kB
MemFree:          616052 kB
MemAvailable:    1476400 kB
Buffers:           89640 kB
Cached:           793932 kB
MemTotal:        1844596 kB
MemFree:          615696 kB
MemAvailable:    1476044 kB
Buffers:           89640 kB
Cached:           793932 kB
MemTotal:        1844596 kB
MemFree:          612464 kB
MemAvailable:    1472812 kB
Buffers:           89640 kB
Cached:           793932 kB
MemTotal:        1844596 kB
MemFree:          609860 kB
MemAvailable:    1470208 kB
Buffers:           89640 kB
Cached:           793932 kB
MemTotal:        1844596 kB
MemFree:          609364 kB
MemAvailable:    1469712 kB
Buffers:           89640 kB
Cached:           793932 kB
MemTotal:        1844596 kB
MemFree:          610284 kB
MemAvailable:    1470632 kB
Buffers:           89640 kB
Cached:           793932 kB
MemTotal:        1844596 kB
MemFree:          610368 kB
MemAvailable:    1470716 kB
Buffers:           89640 kB
Cached:           793932 kB
MemTotal:        1844596 kB
MemFree:          610428 kB
MemAvailable:    1470776 kB
Buffers:           89640 kB
Cached:           793932 kB
MemTotal:        1844596 kB
MemFree:          609224 kB
MemAvailable:    1469572 kB
Buffers:           89640 kB
Cached:           793932 kB
MemTotal:        1844596 kB
MemFree:          610208 kB
MemAvailable:    1470556 kB
Buffers:           89640 kB
Cached:           793932 kB
MemTotal:        1844596 kB
MemFree:          610208 kB
MemAvailable:    1470556 kB
Buffers:           89640 kB
Cached:           793932 kB
MemTotal:        1844596 kB
MemFree:          610580 kB
MemAvailable:    1470928 kB
Buffers:           89640 kB
Cached:           793932 kB
MemTotal:        1844596 kB
MemFree:          610332 kB
MemAvailable:    1470680 kB
Buffers:           89640 kB
Cached:           793932 kB
MemTotal:        1844596 kB
MemFree:          609488 kB
MemAvailable:    1469836 kB
Buffers:           89640 kB
Cached:           793932 kB
MemTotal:        1844596 kB
MemFree:          610300 kB
MemAvailable:    1470648 kB
Buffers:           89640 kB
Cached:           793932 kB
MemTotal:        1844596 kB
MemFree:          610300 kB
MemAvailable:    1470648 kB
Buffers:           89640 kB
Cached:           793932 kB
MemTotal:        1844596 kB
MemFree:          610412 kB
MemAvailable:    1470760 kB
Buffers:           89640 kB
Cached:           793932 kB
MemTotal:        1844596 kB
MemFree:          610324 kB
MemAvailable:    1470672 kB
Buffers:           89640 kB
Cached:           793932 kB
MemTotal:        1844596 kB
MemFree:          610332 kB
MemAvailable:    1470680 kB
Buffers:           89640 kB
Cached:           793932 kB
MemTotal:        1844596 kB
MemFree:          610728 kB
MemAvailable:    1471084 kB
Buffers:           89640 kB
Cached:           793940 kB
MemTotal:        1844596 kB
MemFree:          609488 kB
MemAvailable:    1469844 kB
Buffers:           89640 kB
Cached:           793940 kB
MemTotal:        1844596 kB
MemFree:          610604 kB
MemAvailable:    1470960 kB
Buffers:           89640 kB
Cached:           793940 kB
MemTotal:        1844596 kB
MemFree:          610532 kB
MemAvailable:    1470888 kB
Buffers:           89640 kB
Cached:           793940 kB
MemTotal:        1844596 kB
MemFree:          609100 kB
MemAvailable:    1469456 kB
Buffers:           89640 kB
Cached:           793940 kB
MemTotal:        1844596 kB
MemFree:          610292 kB
MemAvailable:    1470648 kB
Buffers:           89640 kB
Cached:           793940 kB
MemTotal:        1844596 kB
MemFree:          610292 kB
MemAvailable:    1470648 kB
Buffers:           89640 kB
Cached:           793940 kB
MemTotal:        1844596 kB
MemFree:          608936 kB
MemAvailable:    1469292 kB
Buffers:           89640 kB
Cached:           793940 kB
MemTotal:        1844596 kB
MemFree:          609192 kB
MemAvailable:    1469548 kB
Buffers:           89640 kB
Cached:           793940 kB
MemTotal:        1844596 kB
MemFree:          609068 kB
MemAvailable:    1469424 kB
Buffers:           89640 kB
Cached:           793940 kB
MemTotal:        1844596 kB
MemFree:          608936 kB
MemAvailable:    1469292 kB
Buffers:           89640 kB
Cached:           793940 kB
MemTotal:        1844596 kB
MemFree:          608928 kB
MemAvailable:    1469284 kB
Buffers:           89640 kB
Cached:           793940 kB
MemTotal:        1844596 kB
MemFree:          610236 kB
MemAvailable:    1470592 kB
Buffers:           89640 kB
Cached:           793940 kB
MemTotal:        1844596 kB
MemFree:          608936 kB
MemAvailable:    1469292 kB
Buffers:           89640 kB
Cached:           793940 kB
MemTotal:        1844596 kB
MemFree:          609184 kB
MemAvailable:    1469540 kB
Buffers:           89640 kB
Cached:           793940 kB
MemTotal:        1844596 kB
MemFree:          610224 kB
MemAvailable:    1470580 kB
Buffers:           89640 kB
Cached:           793940 kB
MemTotal:        1844596 kB
MemFree:          610364 kB
MemAvailable:    1470720 kB
Buffers:           89640 kB
Cached:           793940 kB
MemTotal:        1844596 kB
MemFree:          610220 kB
MemAvailable:    1470576 kB
Buffers:           89640 kB
Cached:           793940 kB
MemTotal:        1844596 kB
MemFree:          609236 kB
MemAvailable:    1469592 kB
Buffers:           89640 kB
Cached:           793940 kB
MemTotal:        1844596 kB
MemFree:          610304 kB
MemAvailable:    1470660 kB
Buffers:           89640 kB
Cached:           793940 kB
MemTotal:        1844596 kB
MemFree:          610556 kB
MemAvailable:    1470912 kB
Buffers:           89640 kB
Cached:           793940 kB
MemTotal:        1844596 kB
MemFree:          609060 kB
MemAvailable:    1469416 kB
Buffers:           89640 kB
Cached:           793940 kB
MemTotal:        1844596 kB
MemFree:          610360 kB
MemAvailable:    1470716 kB
Buffers:           89640 kB
Cached:           793940 kB
MemTotal:        1844596 kB
MemFree:          609496 kB
MemAvailable:    1469852 kB
Buffers:           89640 kB
Cached:           793940 kB
MemTotal:        1844596 kB
MemFree:          610172 kB
MemAvailable:    1470528 kB
Buffers:           89640 kB
Cached:           793940 kB
MemTotal:        1844596 kB
MemFree:          610392 kB
MemAvailable:    1470748 kB
Buffers:           89640 kB
Cached:           793940 kB
MemTotal:        1844596 kB
MemFree:          610212 kB
MemAvailable:    1470568 kB
Buffers:           89640 kB
Cached:           793940 kB
MemTotal:        1844596 kB
MemFree:          610364 kB
MemAvailable:    1470720 kB
Buffers:           89640 kB
Cached:           793940 kB
MemTotal:        1844596 kB
MemFree:          608944 kB
MemAvailable:    1469300 kB
Buffers:           89640 kB
Cached:           793940 kB
MemTotal:        1844596 kB
MemFree:          610352 kB
MemAvailable:    1470708 kB
Buffers:           89640 kB
Cached:           793940 kB
MemTotal:        1844596 kB
MemFree:          610492 kB
MemAvailable:    1470848 kB
Buffers:           89640 kB
Cached:           793940 kB
MemTotal:        1844596 kB
MemFree:          609444 kB
MemAvailable:    1469800 kB
Buffers:           89640 kB
Cached:           793940 kB
MemTotal:        1844596 kB
MemFree:          610480 kB
MemAvailable:    1470840 kB
Buffers:           89640 kB
Cached:           793944 kB
MemTotal:        1844596 kB
MemFree:          608752 kB
MemAvailable:    1469112 kB
Buffers:           89640 kB
Cached:           793944 kB
MemTotal:        1844596 kB
MemFree:          608628 kB
MemAvailable:    1468988 kB
Buffers:           89640 kB
Cached:           793944 kB
MemTotal:        1844596 kB
MemFree:          608372 kB
MemAvailable:    1468732 kB
Buffers:           89640 kB
Cached:           793944 kB
MemTotal:        1844596 kB
MemFree:          609736 kB
MemAvailable:    1470096 kB
Buffers:           89640 kB
Cached:           793944 kB
MemTotal:        1844596 kB
MemFree:          609572 kB
MemAvailable:    1469932 kB
Buffers:           89640 kB
Cached:           793944 kB
MemTotal:        1844596 kB
MemFree:          609092 kB
MemAvailable:    1469452 kB
Buffers:           89640 kB
Cached:           793944 kB
MemTotal:        1844596 kB
MemFree:          609000 kB
MemAvailable:    1469360 kB
Buffers:           89640 kB
Cached:           793944 kB
MemTotal:        1844596 kB
MemFree:          607704 kB
MemAvailable:    1468064 kB
Buffers:           89640 kB
Cached:           793944 kB
MemTotal:        1844596 kB
MemFree:          609172 kB
MemAvailable:    1469532 kB
Buffers:           89640 kB
Cached:           793944 kB
MemTotal:        1844596 kB
MemFree:          608968 kB
MemAvailable:    1469328 kB
Buffers:           89640 kB
Cached:           793944 kB
MemTotal:        1844596 kB
MemFree:          609220 kB
MemAvailable:    1469580 kB
Buffers:           89640 kB
Cached:           793944 kB
MemTotal:        1844596 kB
MemFree:          607828 kB
MemAvailable:    1468188 kB
Buffers:           89640 kB
Cached:           793944 kB
MemTotal:        1844596 kB
MemFree:          607704 kB
MemAvailable:    1468064 kB
Buffers:           89640 kB
Cached:           793944 kB
MemTotal:        1844596 kB
MemFree:          608804 kB
MemAvailable:    1469164 kB
Buffers:           89640 kB
Cached:           793944 kB
MemTotal:        1844596 kB
MemFree:          609140 kB
MemAvailable:    1469500 kB
Buffers:           89640 kB
Cached:           793944 kB
MemTotal:        1844596 kB
MemFree:          608672 kB
MemAvailable:    1469032 kB
Buffers:           89640 kB
Cached:           793944 kB
MemTotal:        1844596 kB
MemFree:          608672 kB
MemAvailable:    1469032 kB
Buffers:           89640 kB
Cached:           793944 kB
MemTotal:        1844596 kB
MemFree:          608696 kB
MemAvailable:    1469056 kB
Buffers:           89640 kB
Cached:           793944 kB
MemTotal:        1844596 kB
MemFree:          607616 kB
MemAvailable:    1467976 kB
Buffers:           89640 kB
Cached:           793944 kB
MemTotal:        1844596 kB
MemFree:          608684 kB
MemAvailable:    1469044 kB
Buffers:           89640 kB
Cached:           793944 kB
MemTotal:        1844596 kB
MemFree:          608512 kB
MemAvailable:    1468872 kB
Buffers:           89640 kB
Cached:           793944 kB
MemTotal:        1844596 kB
MemFree:          608528 kB
MemAvailable:    1468888 kB
Buffers:           89640 kB
Cached:           793944 kB
MemTotal:        1844596 kB
MemFree:          608940 kB
MemAvailable:    1469300 kB
Buffers:           89640 kB
Cached:           793944 kB
MemTotal:        1844596 kB
MemFree:          608372 kB
MemAvailable:    1468732 kB
Buffers:           89640 kB
Cached:           793944 kB
MemTotal:        1844596 kB
MemFree:          608608 kB
MemAvailable:    1468968 kB
Buffers:           89640 kB
Cached:           793944 kB
MemTotal:        1844596 kB
MemFree:          608468 kB
MemAvailable:    1468828 kB
Buffers:           89640 kB
Cached:           793944 kB
MemTotal:        1844596 kB
MemFree:          607512 kB
MemAvailable:    1467872 kB
Buffers:           89640 kB
Cached:           793944 kB
MemTotal:        1844596 kB
MemFree:          602164 kB
MemAvailable:    1462524 kB
Buffers:           89640 kB
Cached:           793944 kB
MemTotal:        1844596 kB
MemFree:          601932 kB
MemAvailable:    1462292 kB
Buffers:           89640 kB
Cached:           793944 kB
MemTotal:        1844596 kB
MemFree:          597344 kB
MemAvailable:    1457704 kB
Buffers:           89640 kB
Cached:           793944 kB
MemTotal:        1844596 kB
MemFree:          597840 kB
MemAvailable:    1458200 kB
Buffers:           89640 kB
Cached:           793944 kB
MemTotal:        1844596 kB
MemFree:          597964 kB
MemAvailable:    1458324 kB
Buffers:           89640 kB
Cached:           793944 kB
MemTotal:        1844596 kB
MemFree:          597204 kB
MemAvailable:    1457564 kB
Buffers:           89640 kB
Cached:           793944 kB
MemTotal:        1844596 kB
MemFree:          597204 kB
MemAvailable:    1457564 kB
Buffers:           89640 kB
Cached:           793944 kB
MemTotal:        1844596 kB
MemFree:          596956 kB
MemAvailable:    1457316 kB
Buffers:           89640 kB
Cached:           793944 kB
MemTotal:        1844596 kB
MemFree:          595708 kB
MemAvailable:    1456068 kB
Buffers:           89640 kB
Cached:           793944 kB
MemTotal:        1844596 kB
MemFree:          595360 kB
MemAvailable:    1455720 kB
Buffers:           89640 kB
Cached:           793944 kB
MemTotal:        1844596 kB
MemFree:          595668 kB
MemAvailable:    1456028 kB
Buffers:           89640 kB
Cached:           793944 kB
MemTotal:        1844596 kB
MemFree:          594600 kB
MemAvailable:    1454960 kB
Buffers:           89640 kB
Cached:           793944 kB
MemTotal:        1844596 kB
MemFree:          594684 kB
MemAvailable:    1455044 kB
Buffers:           89640 kB
Cached:           793944 kB
MemTotal:        1844596 kB
MemFree:          592632 kB
MemAvailable:    1452992 kB
Buffers:           89640 kB
Cached:           793944 kB
MemTotal:        1844596 kB
MemFree:          593740 kB
MemAvailable:    1454100 kB
Buffers:           89640 kB
Cached:           793944 kB
MemTotal:        1844596 kB
MemFree:          593628 kB
MemAvailable:    1453988 kB
Buffers:           89640 kB
Cached:           793944 kB
MemTotal:        1844596 kB
MemFree:          593556 kB
MemAvailable:    1453916 kB
Buffers:           89640 kB
Cached:           793944 kB
MemTotal:        1844596 kB
MemFree:          593556 kB
MemAvailable:    1453916 kB
Buffers:           89640 kB
Cached:           793944 kB
MemTotal:        1844596 kB
MemFree:          592252 kB
MemAvailable:    1452612 kB
Buffers:           89640 kB
Cached:           793944 kB
MemTotal:        1844596 kB
MemFree:          593636 kB
MemAvailable:    1453996 kB
Buffers:           89640 kB
Cached:           793944 kB
MemTotal:        1844596 kB
MemFree:          593672 kB
MemAvailable:    1454032 kB
Buffers:           89640 kB
Cached:           793944 kB
MemTotal:        1844596 kB
MemFree:          592240 kB
MemAvailable:    1452600 kB
Buffers:           89640 kB
Cached:           793944 kB
MemTotal:        1844596 kB
MemFree:          593668 kB
MemAvailable:    1454028 kB
Buffers:           89640 kB
Cached:           793944 kB
MemTotal:        1844596 kB
MemFree:          593444 kB
MemAvailable:    1453804 kB
Buffers:           89640 kB
Cached:           793944 kB
MemTotal:        1844596 kB
MemFree:          593700 kB
MemAvailable:    1454060 kB
Buffers:           89640 kB
Cached:           793944 kB
MemTotal:        1844596 kB
MemFree:          592496 kB
MemAvailable:    1452856 kB
Buffers:           89640 kB
Cached:           793944 kB
MemTotal:        1844596 kB
MemFree:          593500 kB
MemAvailable:    1453860 kB
Buffers:           89640 kB
Cached:           793944 kB
MemTotal:        1844596 kB
MemFree:          593188 kB
MemAvailable:    1453548 kB
Buffers:           89640 kB
Cached:           793944 kB
MemTotal:        1844596 kB
MemFree:          592932 kB
MemAvailable:    1453292 kB
Buffers:           89640 kB
Cached:           793944 kB
MemTotal:        1844596 kB
MemFree:          592376 kB
MemAvailable:    1452736 kB
Buffers:           89640 kB
Cached:           793944 kB
MemTotal:        1844596 kB
MemFree:          592252 kB
MemAvailable:    1452488 kB
Buffers:           89640 kB
Cached:           793944 kB
MemTotal:        1844596 kB
MemFree:          591616 kB
MemAvailable:    1451984 kB
Buffers:           89640 kB
Cached:           793952 kB
MemTotal:        1844596 kB
MemFree:          591952 kB
MemAvailable:    1452320 kB
Buffers:           89640 kB
Cached:           793952 kB
MemTotal:        1844596 kB
MemFree:          590516 kB
MemAvailable:    1450884 kB
Buffers:           89640 kB
Cached:           793952 kB
MemTotal:        1844596 kB
MemFree:          590888 kB
MemAvailable:    1451256 kB
Buffers:           89640 kB
Cached:           793952 kB
MemTotal:        1844596 kB
MemFree:          589780 kB
MemAvailable:    1450148 kB
Buffers:           89640 kB
Cached:           793952 kB
MemTotal:        1844596 kB
MemFree:          590384 kB
MemAvailable:    1450752 kB
Buffers:           89640 kB
Cached:           793952 kB
MemTotal:        1844596 kB
MemFree:          590468 kB
MemAvailable:    1450836 kB
Buffers:           89640 kB
Cached:           793952 kB
MemTotal:        1844596 kB
MemFree:          589336 kB
MemAvailable:    1449704 kB
Buffers:           89640 kB
Cached:           793952 kB
MemTotal:        1844596 kB
MemFree:          588636 kB
MemAvailable:    1449004 kB
Buffers:           89640 kB
Cached:           793952 kB
MemTotal:        1844596 kB
MemFree:          589960 kB
MemAvailable:    1450328 kB
Buffers:           89640 kB
Cached:           793952 kB
MemTotal:        1844596 kB
MemFree:          589716 kB
MemAvailable:    1450084 kB
Buffers:           89640 kB
Cached:           793952 kB
MemTotal:        1844596 kB
MemFree:          588672 kB
MemAvailable:    1449040 kB
Buffers:           89640 kB
Cached:           793952 kB
MemTotal:        1844596 kB
MemFree:          589268 kB
MemAvailable:    1449636 kB
Buffers:           89640 kB
Cached:           793952 kB
MemTotal:        1844596 kB
MemFree:          589604 kB
MemAvailable:    1449972 kB
Buffers:           89640 kB
Cached:           793952 kB
MemTotal:        1844596 kB
MemFree:          588160 kB
MemAvailable:    1448528 kB
Buffers:           89640 kB
Cached:           793952 kB
MemTotal:        1844596 kB
MemFree:          588160 kB
MemAvailable:    1448528 kB
Buffers:           89640 kB
Cached:           793952 kB
MemTotal:        1844596 kB
MemFree:          588160 kB
MemAvailable:    1448528 kB
Buffers:           89640 kB
Cached:           793952 kB
MemTotal:        1844596 kB
MemFree:          589344 kB
MemAvailable:    1449712 kB
Buffers:           89640 kB
Cached:           793952 kB
MemTotal:        1844596 kB
MemFree:          589344 kB
MemAvailable:    1449712 kB
Buffers:           89640 kB
Cached:           793952 kB
MemTotal:        1844596 kB
MemFree:          589276 kB
MemAvailable:    1449644 kB
Buffers:           89640 kB
Cached:           793952 kB
MemTotal:        1844596 kB
MemFree:          589284 kB
MemAvailable:    1449652 kB
Buffers:           89640 kB
Cached:           793952 kB
MemTotal:        1844596 kB
MemFree:          588232 kB
MemAvailable:    1448600 kB
Buffers:           89640 kB
Cached:           793952 kB
MemTotal:        1844596 kB
MemFree:          588224 kB
MemAvailable:    1448592 kB
Buffers:           89640 kB
Cached:           793952 kB
MemTotal:        1844596 kB
MemFree:          589340 kB
MemAvailable:    1449708 kB
Buffers:           89640 kB
Cached:           793952 kB
MemTotal:        1844596 kB
MemFree:          589340 kB
MemAvailable:    1449708 kB
Buffers:           89640 kB
Cached:           793952 kB
MemTotal:        1844596 kB
MemFree:          587912 kB
MemAvailable:    1448280 kB
Buffers:           89640 kB
Cached:           793952 kB
MemTotal:        1844596 kB
MemFree:          589296 kB
MemAvailable:    1449664 kB
Buffers:           89640 kB
Cached:           793952 kB
MemTotal:        1844596 kB
MemFree:          589096 kB
MemAvailable:    1449464 kB
Buffers:           89640 kB
Cached:           793952 kB
MemTotal:        1844596 kB
MemFree:          588112 kB
MemAvailable:    1448480 kB
Buffers:           89640 kB
Cached:           793952 kB
MemTotal:        1844596 kB
MemFree:          589372 kB
MemAvailable:    1449740 kB
Buffers:           89640 kB
Cached:           793952 kB
MemTotal:        1844596 kB
MemFree:          588416 kB
MemAvailable:    1448784 kB
Buffers:           89640 kB
Cached:           793952 kB
MemTotal:        1844596 kB
MemFree:          589100 kB
MemAvailable:    1449468 kB
Buffers:           89640 kB
Cached:           793952 kB
MemTotal:        1844596 kB
MemFree:          589232 kB
MemAvailable:    1449600 kB
Buffers:           89640 kB
Cached:           793952 kB
MemTotal:        1844596 kB
MemFree:          589212 kB
MemAvailable:    1449580 kB
Buffers:           89640 kB
Cached:           793952 kB
MemTotal:        1844596 kB
MemFree:          589300 kB
MemAvailable:    1449668 kB
Buffers:           89640 kB
Cached:           793952 kB
MemTotal:        1844596 kB
MemFree:          589152 kB
MemAvailable:    1449520 kB
Buffers:           89640 kB
Cached:           793952 kB
MemTotal:        1844596 kB
MemFree:          588292 kB
MemAvailable:    1448660 kB
Buffers:           89640 kB
Cached:           793952 kB
MemTotal:        1844596 kB
MemFree:          586796 kB
MemAvailable:    1447164 kB
Buffers:           89640 kB
Cached:           793952 kB
MemTotal:        1844596 kB
MemFree:          588096 kB
MemAvailable:    1448464 kB
Buffers:           89640 kB
Cached:           793952 kB
MemTotal:        1844596 kB
MemFree:          586680 kB
MemAvailable:    1447048 kB
Buffers:           89640 kB
Cached:           793952 kB
MemTotal:        1844596 kB
MemFree:          586680 kB
MemAvailable:    1447048 kB
Buffers:           89640 kB
Cached:           793952 kB
MemTotal:        1844596 kB
MemFree:          584448 kB
MemAvailable:    1444816 kB
Buffers:           89640 kB
Cached:           793952 kB
MemTotal:        1844596 kB
MemFree:          583580 kB
MemAvailable:    1443948 kB
Buffers:           89640 kB
Cached:           793952 kB
MemTotal:        1844596 kB
MemFree:          579860 kB
MemAvailable:    1440228 kB
Buffers:           89640 kB
Cached:           793952 kB
MemTotal:        1844596 kB
MemFree:          577752 kB
MemAvailable:    1438120 kB
Buffers:           89640 kB
Cached:           793952 kB
MemTotal:        1844596 kB
MemFree:          573148 kB
MemAvailable:    1433516 kB
Buffers:           89640 kB
Cached:           793952 kB
MemTotal:        1844596 kB
MemFree:          572792 kB
MemAvailable:    1433160 kB
Buffers:           89640 kB
Cached:           793952 kB
MemTotal:        1844596 kB
MemFree:          570932 kB
MemAvailable:    1431300 kB
Buffers:           89640 kB
Cached:           793952 kB
MemTotal:        1844596 kB
MemFree:          569684 kB
MemAvailable:    1430052 kB
Buffers:           89640 kB
Cached:           793952 kB
MemTotal:        1844596 kB
MemFree:          570660 kB
MemAvailable:    1431028 kB
Buffers:           89640 kB
Cached:           793952 kB
MemTotal:        1844596 kB
MemFree:          570684 kB
MemAvailable:    1431052 kB
Buffers:           89640 kB
Cached:           793952 kB
MemTotal:        1844596 kB
MemFree:          570856 kB
MemAvailable:    1431224 kB
Buffers:           89640 kB
Cached:           793952 kB
MemTotal:        1844596 kB
MemFree:          569300 kB
MemAvailable:    1429668 kB
Buffers:           89640 kB
Cached:           793952 kB
MemTotal:        1844596 kB
MemFree:          569672 kB
MemAvailable:    1430040 kB
Buffers:           89640 kB
Cached:           793952 kB
MemTotal:        1844596 kB
MemFree:          569424 kB
MemAvailable:    1429792 kB
Buffers:           89640 kB
Cached:           793952 kB
MemTotal:        1844596 kB
MemFree:          569560 kB
MemAvailable:    1429928 kB
Buffers:           89640 kB
Cached:           793952 kB
MemTotal:        1844596 kB
MemFree:          570536 kB
MemAvailable:    1430904 kB
Buffers:           89640 kB
Cached:           793952 kB
MemTotal:        1844596 kB
MemFree:          570536 kB
MemAvailable:    1430904 kB
Buffers:           89640 kB
Cached:           793952 kB
MemTotal:        1844596 kB
MemFree:          569148 kB
MemAvailable:    1429516 kB
Buffers:           89640 kB
Cached:           793952 kB
MemTotal:        1844596 kB
MemFree:          569396 kB
MemAvailable:    1429764 kB
Buffers:           89640 kB
Cached:           793952 kB
MemTotal:        1844596 kB
MemFree:          570000 kB
MemAvailable:    1430368 kB
Buffers:           89640 kB
Cached:           793952 kB
MemTotal:        1844596 kB
MemFree:          569676 kB
MemAvailable:    1430044 kB
Buffers:           89640 kB
Cached:           793952 kB
MemTotal:        1844596 kB
MemFree:          569676 kB
MemAvailable:    1430044 kB
Buffers:           89640 kB
Cached:           793952 kB
MemTotal:        1844596 kB
MemFree:          569604 kB
MemAvailable:    1429972 kB
Buffers:           89640 kB
Cached:           793952 kB
MemTotal:        1844596 kB
MemFree:          569452 kB
MemAvailable:    1429820 kB
Buffers:           89640 kB
Cached:           793952 kB
MemTotal:        1844596 kB
MemFree:          568444 kB
MemAvailable:    1428812 kB
Buffers:           89640 kB
Cached:           793952 kB
MemTotal:        1844596 kB
MemFree:          568404 kB
MemAvailable:    1428772 kB
Buffers:           89640 kB
Cached:           793952 kB
MemTotal:        1844596 kB
MemFree:          569272 kB
MemAvailable:    1429640 kB
Buffers:           89640 kB
Cached:           793952 kB
MemTotal:        1844596 kB
MemFree:          569676 kB
MemAvailable:    1430044 kB
Buffers:           89640 kB
Cached:           793952 kB
MemTotal:        1844596 kB
MemFree:          569444 kB
MemAvailable:    1429812 kB
Buffers:           89640 kB
Cached:           793952 kB
MemTotal:        1844596 kB
MemFree:          569680 kB
MemAvailable:    1430048 kB
Buffers:           89640 kB
Cached:           793952 kB
MemTotal:        1844596 kB
MemFree:          569552 kB
MemAvailable:    1429920 kB
Buffers:           89640 kB
Cached:           793952 kB
MemTotal:        1844596 kB
MemFree:          569888 kB
MemAvailable:    1430256 kB
Buffers:           89640 kB
Cached:           793952 kB
MemTotal:        1844596 kB
MemFree:          569504 kB
MemAvailable:    1429872 kB
Buffers:           89640 kB
Cached:           793952 kB
MemTotal:        1844596 kB
MemFree:          568812 kB
MemAvailable:    1429180 kB
Buffers:           89640 kB
Cached:           793952 kB
MemTotal:        1844596 kB
MemFree:          569604 kB
MemAvailable:    1429972 kB
Buffers:           89640 kB
Cached:           793952 kB
MemTotal:        1844596 kB
MemFree:          568428 kB
MemAvailable:    1428804 kB
Buffers:           89640 kB
Cached:           793960 kB
MemTotal:        1844596 kB
MemFree:          568304 kB
MemAvailable:    1428680 kB
Buffers:           89640 kB
Cached:           793960 kB
MemTotal:        1844596 kB
MemFree:          568948 kB
MemAvailable:    1429324 kB
Buffers:           89640 kB
Cached:           793960 kB
MemTotal:        1844596 kB
MemFree:          569692 kB
MemAvailable:    1430068 kB
Buffers:           89640 kB
Cached:           793960 kB
MemTotal:        1844596 kB
MemFree:          569752 kB
MemAvailable:    1430128 kB
Buffers:           89640 kB
Cached:           793960 kB
MemTotal:        1844596 kB
MemFree:          570024 kB
MemAvailable:    1430400 kB
Buffers:           89640 kB
Cached:           793960 kB
MemTotal:        1844596 kB
MemFree:          570004 kB
MemAvailable:    1430380 kB
Buffers:           89640 kB
Cached:           793960 kB
MemTotal:        1844596 kB
MemFree:          567948 kB
MemAvailable:    1428324 kB
Buffers:           89640 kB
Cached:           793960 kB
MemTotal:        1844596 kB
MemFree:          563732 kB
MemAvailable:    1424108 kB
Buffers:           89640 kB
Cached:           793960 kB
MemTotal:        1844596 kB
MemFree:          563608 kB
MemAvailable:    1423984 kB
Buffers:           89640 kB
Cached:           793960 kB
MemTotal:        1844596 kB
MemFree:          558904 kB
MemAvailable:    1419280 kB
Buffers:           89640 kB
Cached:           793960 kB
MemTotal:        1844596 kB
MemFree:          556176 kB
MemAvailable:    1416552 kB
Buffers:           89640 kB
Cached:           793960 kB
MemTotal:        1844596 kB
MemFree:          552432 kB
MemAvailable:    1412808 kB
Buffers:           89640 kB
Cached:           793960 kB
MemTotal:        1844596 kB
MemFree:          552332 kB
MemAvailable:    1412708 kB
Buffers:           89640 kB
Cached:           793960 kB
MemTotal:        1844596 kB
MemFree:          551456 kB
MemAvailable:    1411832 kB
Buffers:           89640 kB
Cached:           793960 kB
MemTotal:        1844596 kB
MemFree:          551712 kB
MemAvailable:    1412088 kB
Buffers:           89640 kB
Cached:           793960 kB
MemTotal:        1844596 kB
MemFree:          551316 kB
MemAvailable:    1411692 kB
Buffers:           89640 kB
Cached:           793960 kB
MemTotal:        1844596 kB
MemFree:          551568 kB
MemAvailable:    1411944 kB
Buffers:           89640 kB
Cached:           793960 kB
MemTotal:        1844596 kB
MemFree:          551324 kB
MemAvailable:    1411700 kB
Buffers:           89640 kB
Cached:           793960 kB
MemTotal:        1844596 kB
MemFree:          550076 kB
MemAvailable:    1410452 kB
Buffers:           89640 kB
Cached:           793960 kB
MemTotal:        1844596 kB
MemFree:          550160 kB
MemAvailable:    1410536 kB
Buffers:           89640 kB
Cached:           793960 kB
MemTotal:        1844596 kB
MemFree:          551212 kB
MemAvailable:    1411588 kB
Buffers:           89640 kB
Cached:           793960 kB
MemTotal:        1844596 kB
MemFree:          551404 kB
MemAvailable:    1411780 kB
Buffers:           89640 kB
Cached:           793960 kB
MemTotal:        1844596 kB
MemFree:          551376 kB
MemAvailable:    1411752 kB
Buffers:           89640 kB
Cached:           793960 kB
MemTotal:        1844596 kB
MemFree:          551496 kB
MemAvailable:    1411872 kB
Buffers:           89640 kB
Cached:           793960 kB
MemTotal:        1844596 kB
MemFree:          551124 kB
MemAvailable:    1411500 kB
Buffers:           89640 kB
Cached:           793960 kB
MemTotal:        1844596 kB
MemFree:          551284 kB
MemAvailable:    1411660 kB
Buffers:           89640 kB
Cached:           793960 kB
MemTotal:        1844596 kB
MemFree:          550212 kB
MemAvailable:    1410588 kB
Buffers:           89640 kB
Cached:           793960 kB
MemTotal:        1844596 kB
MemFree:          549956 kB
MemAvailable:    1410332 kB
Buffers:           89640 kB
Cached:           793960 kB
MemTotal:        1844596 kB
MemFree:          550080 kB
MemAvailable:    1410456 kB
Buffers:           89640 kB
Cached:           793960 kB
MemTotal:        1844596 kB
MemFree:          550080 kB
MemAvailable:    1410456 kB
Buffers:           89640 kB
Cached:           793960 kB
MemTotal:        1844596 kB
MemFree:          551384 kB
MemAvailable:    1411760 kB
Buffers:           89640 kB
Cached:           793960 kB
MemTotal:        1844596 kB
MemFree:          551384 kB
MemAvailable:    1411760 kB
Buffers:           89640 kB
Cached:           793960 kB
MemTotal:        1844596 kB
MemFree:          551384 kB
MemAvailable:    1411760 kB
Buffers:           89640 kB
Cached:           793960 kB
MemTotal:        1844596 kB
MemFree:          551552 kB
MemAvailable:    1411928 kB
Buffers:           89640 kB
Cached:           793960 kB
MemTotal:        1844596 kB
MemFree:          549960 kB
MemAvailable:    1410336 kB
Buffers:           89640 kB
Cached:           793960 kB
MemTotal:        1844596 kB
MemFree:          551468 kB
MemAvailable:    1411844 kB
Buffers:           89640 kB
Cached:           793960 kB
MemTotal:        1844596 kB
MemFree:          551264 kB
MemAvailable:    1411640 kB
Buffers:           89640 kB
Cached:           793960 kB
MemTotal:        1844596 kB
MemFree:          551264 kB
MemAvailable:    1411640 kB
Buffers:           89640 kB
Cached:           793960 kB
MemTotal:        1844596 kB
MemFree:          551452 kB
MemAvailable:    1411828 kB
Buffers:           89640 kB
Cached:           793960 kB
MemTotal:        1844596 kB
MemFree:          550080 kB
MemAvailable:    1410456 kB
Buffers:           89640 kB
Cached:           793960 kB
MemTotal:        1844596 kB
MemFree:          550204 kB
MemAvailable:    1410580 kB
Buffers:           89640 kB
Cached:           793960 kB
MemTotal:        1844596 kB
MemFree:          550204 kB
MemAvailable:    1410580 kB
Buffers:           89640 kB
Cached:           793960 kB
MemTotal:        1844596 kB
MemFree:          551444 kB
MemAvailable:    1411820 kB
Buffers:           89640 kB
Cached:           793960 kB
MemTotal:        1844596 kB
MemFree:          550472 kB
MemAvailable:    1410848 kB
Buffers:           89640 kB
Cached:           793960 kB
MemTotal:        1844596 kB
MemFree:          551472 kB
MemAvailable:    1411848 kB
Buffers:           89640 kB
Cached:           793960 kB
MemTotal:        1844596 kB
MemFree:          550208 kB
MemAvailable:    1410584 kB
Buffers:           89640 kB
Cached:           793960 kB
MemTotal:        1844596 kB
MemFree:          550200 kB
MemAvailable:    1410576 kB
Buffers:           89640 kB
Cached:           793960 kB
MemTotal:        1844596 kB
MemFree:          551192 kB
MemAvailable:    1411568 kB
Buffers:           89640 kB
Cached:           793960 kB
MemTotal:        1844596 kB
MemFree:          551192 kB
MemAvailable:    1411568 kB
Buffers:           89640 kB
Cached:           793960 kB
MemTotal:        1844596 kB
MemFree:          550072 kB
MemAvailable:    1410448 kB
Buffers:           89640 kB
Cached:           793960 kB
MemTotal:        1844596 kB
MemFree:          549480 kB
MemAvailable:    1409856 kB
Buffers:           89640 kB
Cached:           793960 kB
MemTotal:        1844596 kB
MemFree:          542536 kB
MemAvailable:    1402912 kB
Buffers:           89640 kB
Cached:           793960 kB
MemTotal:        1844596 kB
MemFree:          538304 kB
MemAvailable:    1398680 kB
Buffers:           89640 kB
Cached:           793960 kB
MemTotal:        1844596 kB
MemFree:          538304 kB
MemAvailable:    1398680 kB
Buffers:           89640 kB
Cached:           793960 kB
MemTotal:        1844596 kB
MemFree:          532988 kB
MemAvailable:    1393364 kB
Buffers:           89640 kB
Cached:           793960 kB
MemTotal:        1844596 kB
MemFree:          533236 kB
MemAvailable:    1393612 kB
Buffers:           89640 kB
Cached:           793960 kB
MemTotal:        1844596 kB
MemFree:          533112 kB
MemAvailable:    1393488 kB
Buffers:           89640 kB
Cached:           793960 kB
MemTotal:        1844596 kB
MemFree:          534336 kB
MemAvailable:    1394712 kB
Buffers:           89640 kB
Cached:           793960 kB
MemTotal:        1844596 kB
MemFree:          533320 kB
MemAvailable:    1393696 kB
Buffers:           89640 kB
Cached:           793960 kB
MemTotal:        1844596 kB
MemFree:          531872 kB
MemAvailable:    1392248 kB
Buffers:           89640 kB
Cached:           793960 kB
MemTotal:        1844596 kB
MemFree:          532120 kB
MemAvailable:    1392496 kB
Buffers:           89640 kB
Cached:           793960 kB
MemTotal:        1844596 kB
MemFree:          533172 kB
MemAvailable:    1393548 kB
Buffers:           89640 kB
Cached:           793960 kB
MemTotal:        1844596 kB
MemFree:          531740 kB
MemAvailable:    1392116 kB
Buffers:           89640 kB
Cached:           793960 kB
MemTotal:        1844596 kB
MemFree:          532436 kB
MemAvailable:    1392812 kB
Buffers:           89640 kB
Cached:           793960 kB
MemTotal:        1844596 kB
MemFree:          532436 kB
MemAvailable:    1392812 kB
Buffers:           89640 kB
Cached:           793960 kB
MemTotal:        1844596 kB
MemFree:          531068 kB
MemAvailable:    1391444 kB
Buffers:           89640 kB
Cached:           793960 kB
MemTotal:        1844596 kB
MemFree:          532308 kB
MemAvailable:    1392684 kB
Buffers:           89640 kB
Cached:           793960 kB
MemTotal:        1844596 kB
MemFree:          532476 kB
MemAvailable:    1392852 kB
Buffers:           89640 kB
Cached:           793960 kB
MemTotal:        1844596 kB
MemFree:          531732 kB
MemAvailable:    1392108 kB
Buffers:           89640 kB
Cached:           793960 kB
MemTotal:        1844596 kB
MemFree:          531732 kB
MemAvailable:    1392108 kB
Buffers:           89640 kB
Cached:           793960 kB
MemTotal:        1844596 kB
MemFree:          531120 kB
MemAvailable:    1391496 kB
Buffers:           89640 kB
Cached:           793960 kB
MemTotal:        1844596 kB
MemFree:          530392 kB
MemAvailable:    1390768 kB
Buffers:           89640 kB
Cached:           793960 kB
MemTotal:        1844596 kB
MemFree:          530376 kB
MemAvailable:    1390752 kB
Buffers:           89640 kB
Cached:           793960 kB
MemTotal:        1844596 kB
MemFree:          530460 kB
MemAvailable:    1390836 kB
Buffers:           89640 kB
Cached:           793960 kB
MemTotal:        1844596 kB
MemFree:          529988 kB
MemAvailable:    1390364 kB
Buffers:           89640 kB
Cached:           793960 kB
MemTotal:        1844596 kB
MemFree:          529988 kB
MemAvailable:    1390364 kB
Buffers:           89640 kB
Cached:           793960 kB
MemTotal:        1844596 kB
MemFree:          528640 kB
MemAvailable:    1389024 kB
Buffers:           89640 kB
Cached:           793968 kB
MemTotal:        1844596 kB
MemFree:          528532 kB
MemAvailable:    1388916 kB
Buffers:           89640 kB
Cached:           793968 kB
MemTotal:        1844596 kB
MemFree:          526664 kB
MemAvailable:    1387052 kB
Buffers:           89640 kB
Cached:           793972 kB
MemTotal:        1844596 kB
MemFree:          527648 kB
MemAvailable:    1388036 kB
Buffers:           89640 kB
Cached:           793972 kB
MemTotal:        1844596 kB
MemFree:          526168 kB
MemAvailable:    1386556 kB
Buffers:           89640 kB
Cached:           793972 kB
MemTotal:        1844596 kB
MemFree:          527096 kB
MemAvailable:    1387484 kB
Buffers:           89640 kB
Cached:           793972 kB
MemTotal:        1844596 kB
MemFree:          525664 kB
MemAvailable:    1386052 kB
Buffers:           89640 kB
Cached:           793972 kB
MemTotal:        1844596 kB
MemFree:          526900 kB
MemAvailable:    1387288 kB
Buffers:           89640 kB
Cached:           793972 kB
MemTotal:        1844596 kB
MemFree:          526588 kB
MemAvailable:    1386976 kB
Buffers:           89640 kB
Cached:           793972 kB
MemTotal:        1844596 kB
MemFree:          526672 kB
MemAvailable:    1387060 kB
Buffers:           89640 kB
Cached:           793972 kB
MemTotal:        1844596 kB
MemFree:          526524 kB
MemAvailable:    1386912 kB
Buffers:           89640 kB
Cached:           793972 kB
MemTotal:        1844596 kB
MemFree:          526608 kB
MemAvailable:    1386996 kB
Buffers:           89640 kB
Cached:           793972 kB
MemTotal:        1844596 kB
MemFree:          525736 kB
MemAvailable:    1386124 kB
Buffers:           89640 kB
Cached:           793972 kB
MemTotal:        1844596 kB
MemFree:          524628 kB
MemAvailable:    1385016 kB
Buffers:           89640 kB
Cached:           793972 kB
MemTotal:        1844596 kB
MemFree:          524968 kB
MemAvailable:    1385356 kB
Buffers:           89640 kB
Cached:           793972 kB
MemTotal:        1844596 kB
MemFree:          525304 kB
MemAvailable:    1385692 kB
Buffers:           89640 kB
Cached:           793972 kB
MemTotal:        1844596 kB
MemFree:          525312 kB
MemAvailable:    1385700 kB
Buffers:           89640 kB
Cached:           793972 kB
MemTotal:        1844596 kB
MemFree:          525344 kB
MemAvailable:    1385732 kB
Buffers:           89640 kB
Cached:           793972 kB
MemTotal:        1844596 kB
MemFree:          525324 kB
MemAvailable:    1385712 kB
Buffers:           89640 kB
Cached:           793972 kB
MemTotal:        1844596 kB
MemFree:          525404 kB
MemAvailable:    1385792 kB
Buffers:           89640 kB
Cached:           793972 kB
MemTotal:        1844596 kB
MemFree:          524432 kB
MemAvailable:    1384820 kB
Buffers:           89640 kB
Cached:           793972 kB
MemTotal:        1844596 kB
MemFree:          525672 kB
MemAvailable:    1386060 kB
Buffers:           89640 kB
Cached:           793972 kB
MemTotal:        1844596 kB
MemFree:          524432 kB
MemAvailable:    1384820 kB
Buffers:           89640 kB
Cached:           793972 kB
MemTotal:        1844596 kB
MemFree:          525408 kB
MemAvailable:    1385796 kB
Buffers:           89640 kB
Cached:           793972 kB
MemTotal:        1844596 kB
MemFree:          525408 kB
MemAvailable:    1385796 kB
Buffers:           89640 kB
Cached:           793972 kB
MemTotal:        1844596 kB
MemFree:          523880 kB
MemAvailable:    1384268 kB
Buffers:           89640 kB
Cached:           793972 kB
MemTotal:        1844596 kB
MemFree:          523908 kB
MemAvailable:    1384296 kB
Buffers:           89640 kB
Cached:           793972 kB
MemTotal:        1844596 kB
MemFree:          525216 kB
MemAvailable:    1385604 kB
Buffers:           89640 kB
Cached:           793972 kB
MemTotal:        1844596 kB
MemFree:          525168 kB
MemAvailable:    1385556 kB
Buffers:           89640 kB
Cached:           793972 kB
MemTotal:        1844596 kB
MemFree:          523992 kB
MemAvailable:    1384380 kB
Buffers:           89640 kB
Cached:           793972 kB
MemTotal:        1844596 kB
MemFree:          524976 kB
MemAvailable:    1385364 kB
Buffers:           89640 kB
Cached:           793972 kB
MemTotal:        1844596 kB
MemFree:          525232 kB
MemAvailable:    1385620 kB
Buffers:           89640 kB
Cached:           793972 kB
MemTotal:        1844596 kB
MemFree:          523988 kB
MemAvailable:    1384376 kB
Buffers:           89640 kB
Cached:           793972 kB
MemTotal:        1844596 kB
MemFree:          525220 kB
MemAvailable:    1385608 kB
Buffers:           89640 kB
Cached:           793972 kB
MemTotal:        1844596 kB
MemFree:          525084 kB
MemAvailable:    1385472 kB
Buffers:           89640 kB
Cached:           793972 kB
MemTotal:        1844596 kB
MemFree:          525052 kB
MemAvailable:    1385440 kB
Buffers:           89640 kB
Cached:           793972 kB
MemTotal:        1844596 kB
MemFree:          525224 kB
MemAvailable:    1385612 kB
Buffers:           89640 kB
Cached:           793972 kB
MemTotal:        1844596 kB
MemFree:          524040 kB
MemAvailable:    1384428 kB
Buffers:           89640 kB
Cached:           793972 kB
MemTotal:        1844596 kB
MemFree:          525400 kB
MemAvailable:    1385788 kB
Buffers:           89640 kB
Cached:           793972 kB
MemTotal:        1844596 kB
MemFree:          524556 kB
MemAvailable:    1384944 kB
Buffers:           89640 kB
Cached:           793972 kB
MemTotal:        1844596 kB
MemFree:          525476 kB
MemAvailable:    1385864 kB
Buffers:           89640 kB
Cached:           793972 kB
MemTotal:        1844596 kB
MemFree:          524440 kB
MemAvailable:    1384828 kB
Buffers:           89640 kB
Cached:           793972 kB
MemTotal:        1844596 kB
MemFree:          525176 kB
MemAvailable:    1385564 kB
Buffers:           89640 kB
Cached:           793972 kB
MemTotal:        1844596 kB
MemFree:          524012 kB
MemAvailable:    1384400 kB
Buffers:           89640 kB
Cached:           793972 kB
MemTotal:        1844596 kB
MemFree:          525356 kB
MemAvailable:    1385744 kB
Buffers:           89640 kB
Cached:           793972 kB
MemTotal:        1844596 kB
MemFree:          525168 kB
MemAvailable:    1385556 kB
Buffers:           89640 kB
Cached:           793972 kB
MemTotal:        1844596 kB
MemFree:          523880 kB
MemAvailable:    1384268 kB
Buffers:           89640 kB
Cached:           793972 kB
MemTotal:        1844596 kB
MemFree:          525180 kB
MemAvailable:    1385568 kB
Buffers:           89640 kB
Cached:           793972 kB
MemTotal:        1844596 kB
MemFree:          524376 kB
MemAvailable:    1384764 kB
Buffers:           89640 kB
Cached:           793972 kB
MemTotal:        1844596 kB
MemFree:          525344 kB
MemAvailable:    1385732 kB
Buffers:           89640 kB
Cached:           793972 kB
MemTotal:        1844596 kB
MemFree:          524036 kB
MemAvailable:    1384424 kB
Buffers:           89640 kB
Cached:           793972 kB
MemTotal:        1844596 kB
MemFree:          523904 kB
MemAvailable:    1384292 kB
Buffers:           89640 kB
Cached:           793972 kB
MemTotal:        1844596 kB
MemFree:          525144 kB
MemAvailable:    1385532 kB
Buffers:           89640 kB
Cached:           793972 kB
MemTotal:        1844596 kB
MemFree:          523900 kB
MemAvailable:    1384288 kB
Buffers:           89640 kB
Cached:           793972 kB
MemTotal:        1844596 kB
MemFree:          525160 kB
MemAvailable:    1385548 kB
Buffers:           89640 kB
Cached:           793972 kB
MemTotal:        1844596 kB
MemFree:          524440 kB
MemAvailable:    1384828 kB
Buffers:           89640 kB
Cached:           793972 kB
MemTotal:        1844596 kB
MemFree:          522440 kB
MemAvailable:    1382828 kB
Buffers:           89640 kB
Cached:           793972 kB
MemTotal:        1844596 kB
MemFree:          522440 kB
MemAvailable:    1382828 kB
Buffers:           89640 kB
Cached:           793972 kB
MemTotal:        1844596 kB
MemFree:          518656 kB
MemAvailable:    1379044 kB
Buffers:           89640 kB
Cached:           793972 kB
MemTotal:        1844596 kB
MemFree:          516308 kB
MemAvailable:    1376696 kB
Buffers:           89640 kB
Cached:           793972 kB
MemTotal:        1844596 kB
MemFree:          513652 kB
MemAvailable:    1374040 kB
Buffers:           89640 kB
Cached:           793972 kB
MemTotal:        1844596 kB
MemFree:          510288 kB
MemAvailable:    1370680 kB
Buffers:           89640 kB
Cached:           793976 kB
MemTotal:        1844596 kB
MemFree:          510296 kB
MemAvailable:    1370688 kB
Buffers:           89640 kB
Cached:           793976 kB
MemTotal:        1844596 kB
MemFree:          506080 kB
MemAvailable:    1366472 kB
Buffers:           89640 kB
Cached:           793976 kB
MemTotal:        1844596 kB
MemFree:          505344 kB
MemAvailable:    1365736 kB
Buffers:           89640 kB
Cached:           793976 kB
MemTotal:        1844596 kB
MemFree:          505700 kB
MemAvailable:    1366092 kB
Buffers:           89640 kB
Cached:           793976 kB
MemTotal:        1844596 kB
MemFree:          505840 kB
MemAvailable:    1366232 kB
Buffers:           89640 kB
Cached:           793976 kB
MemTotal:        1844596 kB
MemFree:          505700 kB
MemAvailable:    1366092 kB
Buffers:           89640 kB
Cached:           793976 kB
MemTotal:        1844596 kB
MemFree:          504416 kB
MemAvailable:    1364808 kB
Buffers:           89640 kB
Cached:           793976 kB
MemTotal:        1844596 kB
MemFree:          505700 kB
MemAvailable:    1366092 kB
Buffers:           89640 kB
Cached:           793976 kB
MemTotal:        1844596 kB
MemFree:          505652 kB
MemAvailable:    1366044 kB
Buffers:           89640 kB
Cached:           793976 kB
MemTotal:        1844596 kB
MemFree:          504404 kB
MemAvailable:    1364796 kB
Buffers:           89640 kB
Cached:           793976 kB
MemTotal:        1844596 kB
MemFree:          505936 kB
MemAvailable:    1366328 kB
Buffers:           89640 kB
Cached:           793976 kB
MemTotal:        1844596 kB
MemFree:          505508 kB
MemAvailable:    1365900 kB
Buffers:           89640 kB
Cached:           793976 kB
MemTotal:        1844596 kB
MemFree:          505652 kB
MemAvailable:    1366044 kB
Buffers:           89640 kB
Cached:           793976 kB
MemTotal:        1844596 kB
MemFree:          505684 kB
MemAvailable:    1366076 kB
Buffers:           89640 kB
Cached:           793976 kB
MemTotal:        1844596 kB
MemFree:          505684 kB
MemAvailable:    1366076 kB
Buffers:           89640 kB
Cached:           793976 kB
MemTotal:        1844596 kB
MemFree:          505680 kB
MemAvailable:    1366072 kB
Buffers:           89640 kB
Cached:           793976 kB
MemTotal:        1844596 kB
MemFree:          505832 kB
MemAvailable:    1366224 kB
Buffers:           89640 kB
Cached:           793976 kB
MemTotal:        1844596 kB
MemFree:          504476 kB
MemAvailable:    1364876 kB
Buffers:           89640 kB
Cached:           793984 kB
MemTotal:        1844596 kB
MemFree:          504220 kB
MemAvailable:    1364620 kB
Buffers:           89640 kB
Cached:           793984 kB
MemTotal:        1844596 kB
MemFree:          505320 kB
MemAvailable:    1365720 kB
Buffers:           89640 kB
Cached:           793984 kB
MemTotal:        1844596 kB
MemFree:          505572 kB
MemAvailable:    1365868 kB
Buffers:           89640 kB
Cached:           793984 kB
MemTotal:        1844596 kB
MemFree:          505408 kB
MemAvailable:    1365808 kB
Buffers:           89640 kB
Cached:           793984 kB
MemTotal:        1844596 kB
MemFree:          505104 kB
MemAvailable:    1365504 kB
Buffers:           89640 kB
Cached:           793984 kB
MemTotal:        1844596 kB
MemFree:          505296 kB
MemAvailable:    1365696 kB
Buffers:           89640 kB
Cached:           793984 kB
MemTotal:        1844596 kB
MemFree:          505476 kB
MemAvailable:    1365876 kB
Buffers:           89640 kB
Cached:           793984 kB
MemTotal:        1844596 kB
MemFree:          504600 kB
MemAvailable:    1365000 kB
Buffers:           89640 kB
Cached:           793984 kB
MemTotal:        1844596 kB
MemFree:          505584 kB
MemAvailable:    1365984 kB
Buffers:           89640 kB
Cached:           793984 kB
MemTotal:        1844596 kB
MemFree:          505212 kB
MemAvailable:    1365612 kB
Buffers:           89640 kB
Cached:           793984 kB
MemTotal:        1844596 kB
MemFree:          503788 kB
MemAvailable:    1364188 kB
Buffers:           89640 kB
Cached:           793984 kB
MemTotal:        1844596 kB
MemFree:          504468 kB
MemAvailable:    1364868 kB
Buffers:           89640 kB
Cached:           793984 kB
MemTotal:        1844596 kB
MemFree:          504468 kB
MemAvailable:    1364868 kB
Buffers:           89640 kB
Cached:           793984 kB
MemTotal:        1844596 kB
MemFree:          498028 kB
MemAvailable:    1358428 kB
Buffers:           89640 kB
Cached:           793984 kB
MemTotal:        1844596 kB
MemFree:          495664 kB
MemAvailable:    1356064 kB
Buffers:           89640 kB
Cached:           793984 kB
MemTotal:        1844596 kB
MemFree:          495432 kB
MemAvailable:    1355832 kB
Buffers:           89640 kB
Cached:           793984 kB
MemTotal:        1844596 kB
MemFree:          495304 kB
MemAvailable:    1355704 kB
Buffers:           89640 kB
Cached:           793984 kB
MemTotal:        1844596 kB
MemFree:          494296 kB
MemAvailable:    1354696 kB
Buffers:           89640 kB
Cached:           793984 kB
MemTotal:        1844596 kB
MemFree:          493376 kB
MemAvailable:    1353776 kB
Buffers:           89640 kB
Cached:           793984 kB
MemTotal:        1844596 kB
MemFree:          493244 kB
MemAvailable:    1353644 kB
Buffers:           89640 kB
Cached:           793984 kB
MemTotal:        1844596 kB
MemFree:          492324 kB
MemAvailable:    1352724 kB
Buffers:           89640 kB
Cached:           793984 kB
MemTotal:        1844596 kB
MemFree:          493060 kB
MemAvailable:    1353460 kB
Buffers:           89640 kB
Cached:           793984 kB
MemTotal:        1844596 kB
MemFree:          493312 kB
MemAvailable:    1353712 kB
Buffers:           89640 kB
Cached:           793984 kB
MemTotal:        1844596 kB
MemFree:          491696 kB
MemAvailable:    1352096 kB
Buffers:           89640 kB
Cached:           793984 kB
MemTotal:        1844596 kB
MemFree:          492796 kB
MemAvailable:    1353196 kB
Buffers:           89640 kB
Cached:           793984 kB
MemTotal:        1844596 kB
MemFree:          492796 kB
MemAvailable:    1353196 kB
Buffers:           89640 kB
Cached:           793984 kB
MemTotal:        1844596 kB
MemFree:          491512 kB
MemAvailable:    1351996 kB
Buffers:           89640 kB
Cached:           794108 kB
MemTotal:        1844596 kB
MemFree:          491388 kB
MemAvailable:    1352124 kB
Buffers:           89640 kB
Cached:           794356 kB
MemTotal:        1844596 kB
MemFree:          491388 kB
MemAvailable:    1352208 kB
Buffers:           89640 kB
Cached:           794356 kB
MemTotal:        1844596 kB
MemFree:          491512 kB
MemAvailable:    1352416 kB
Buffers:           89640 kB
Cached:           794480 kB
MemTotal:        1844596 kB
MemFree:          491208 kB
MemAvailable:    1352196 kB
Buffers:           89640 kB
Cached:           794604 kB
MemTotal:        1844596 kB
MemFree:          492500 kB
MemAvailable:    1353488 kB
Buffers:           89640 kB
Cached:           794604 kB
MemTotal:        1844596 kB
MemFree:          491208 kB
MemAvailable:    1352280 kB
Buffers:           89640 kB
Cached:           794604 kB
MemTotal:        1844596 kB
MemFree:          491084 kB
MemAvailable:    1352156 kB
Buffers:           89640 kB
Cached:           794604 kB
MemTotal:        1844596 kB
MemFree:          492120 kB
MemAvailable:    1353192 kB
Buffers:           89640 kB
Cached:           794604 kB
MemTotal:        1844596 kB
MemFree:          491216 kB
MemAvailable:    1352288 kB
Buffers:           89640 kB
Cached:           794604 kB
MemTotal:        1844596 kB
MemFree:          492276 kB
MemAvailable:    1353348 kB
Buffers:           89640 kB
Cached:           794604 kB
MemTotal:        1844596 kB
MemFree:          491076 kB
MemAvailable:    1352148 kB
Buffers:           89640 kB
Cached:           794604 kB
MemTotal:        1844596 kB
MemFree:          491820 kB
MemAvailable:    1352976 kB
Buffers:           89640 kB
Cached:           794728 kB
MemTotal:        1844596 kB
MemFree:          492076 kB
MemAvailable:    1353316 kB
Buffers:           89640 kB
Cached:           794852 kB
MemTotal:        1844596 kB
MemFree:          522412 kB
MemAvailable:    1382896 kB
Buffers:           89640 kB
Cached:           793928 kB
MemTotal:        1844596 kB
MemFree:          570244 kB
MemAvailable:    1430728 kB
Buffers:           89640 kB
Cached:           793928 kB
MemTotal:        1844596 kB
MemFree:          686824 kB
MemAvailable:    1547308 kB
Buffers:           89640 kB
Cached:           793928 kB
