MemTotal:        1844596 kB
MemFree:          683956 kB
MemAvailable:    1548380 kB
Buffers:           89744 kB
Cached:           797740 kB
MemTotal:        1844596 kB
MemFree:          657436 kB
MemAvailable:    1521864 kB
Buffers:           89744 kB
Cached:           797744 kB
MemTotal:        1844596 kB
MemFree:          654956 kB
MemAvailable:    1519384 kB
Buffers:           89744 kB
Cached:           797744 kB
MemTotal:        1844596 kB
MemFree:          654204 kB
MemAvailable:    1518632 kB
Buffers:           89744 kB
Cached:           797744 kB
MemTotal:        1844596 kB
MemFree:          652584 kB
MemAvailable:    1517012 kB
Buffers:           89744 kB
Cached:           797744 kB
MemTotal:        1844596 kB
MemFree:          652352 kB
MemAvailable:    1516780 kB
Buffers:           89744 kB
Cached:           797744 kB
MemTotal:        1844596 kB
MemFree:          651856 kB
MemAvailable:    1516284 kB
Buffers:           89744 kB
Cached:           797744 kB
MemTotal:        1844596 kB
MemFree:          649808 kB
MemAvailable:    1514236 kB
Buffers:           89744 kB
Cached:           797744 kB
MemTotal:        1844596 kB
MemFree:          646392 kB
MemAvailable:    1510820 kB
Buffers:           89744 kB
Cached:           797744 kB
MemTotal:        1844596 kB
MemFree:          642292 kB
MemAvailable:    1506720 kB
Buffers:           89744 kB
Cached:           797744 kB
MemTotal:        1844596 kB
MemFree:          642292 kB
MemAvailable:    1506720 kB
Buffers:           89744 kB
Cached:           797744 kB
MemTotal:        1844596 kB
MemFree:          643980 kB
MemAvailable:    1508408 kB
Buffers:           89744 kB
Cached:           797744 kB
MemTotal:        1844596 kB
MemFree:          643980 kB
MemAvailable:    1508408 kB
Buffers:           89744 kB
Cached:           797744 kB
MemTotal:        1844596 kB
MemFree:          643176 kB
MemAvailable:    1507604 kB
Buffers:           89744 kB
Cached:           797744 kB
MemTotal:        1844596 kB
MemFree:          643768 kB
MemAvailable:    1508196 kB
Buffers:           89744 kB
Cached:           797744 kB
MemTotal:        1844596 kB
MemFree:          643656 kB
MemAvailable:    1508084 kB
Buffers:           89744 kB
Cached:           797744 kB
MemTotal:        1844596 kB
MemFree:          643524 kB
MemAvailable:    1507952 kB
Buffers:           89744 kB
Cached:           797744 kB
MemTotal:        1844596 kB
MemFree:          643536 kB
MemAvailable:    1507964 kB
Buffers:           89744 kB
Cached:           797744 kB
MemTotal:        1844596 kB
MemFree:          642556 kB
MemAvailable:    1506984 kB
Buffers:           89744 kB
Cached:           797744 kB
MemTotal:        1844596 kB
MemFree:          643204 kB
MemAvailable:    1507632 kB
Buffers:           89744 kB
Cached:           797744 kB
MemTotal:        1844596 kB
MemFree:          643376 kB
MemAvailable:    1507804 kB
Buffers:           89744 kB
Cached:           797744 kB
MemTotal:        1844596 kB
MemFree:          643172 kB
MemAvailable:    1507600 kB
Buffers:           89744 kB
Cached:           797744 kB
MemTotal:        1844596 kB
MemFree:          643108 kB
MemAvailable:    1507536 kB
Buffers:           89744 kB
Cached:           797744 kB
MemTotal:        1844596 kB
MemFree:          643360 kB
MemAvailable:    1507788 kB
Buffers:           89744 kB
Cached:           797744 kB
MemTotal:        1844596 kB
MemFree:          643044 kB
MemAvailable:    1507472 kB
Buffers:           89744 kB
Cached:           797744 kB
MemTotal:        1844596 kB
MemFree:          641432 kB
MemAvailable:    1505860 kB
Buffers:           89744 kB
Cached:           797744 kB
MemTotal:        1844596 kB
MemFree:          642740 kB
MemAvailable:    1507168 kB
Buffers:           89744 kB
Cached:           797744 kB
MemTotal:        1844596 kB
MemFree:          642244 kB
MemAvailable:    1506672 kB
Buffers:           89744 kB
Cached:           797744 kB
MemTotal:        1844596 kB
MemFree:          641200 kB
MemAvailable:    1505628 kB
Buffers:           89744 kB
Cached:           797744 kB
MemTotal:        1844596 kB
MemFree:          640820 kB
MemAvailable:    1505248 kB
Buffers:           89744 kB
Cached:           797744 kB
MemTotal:        1844596 kB
MemFree:          641300 kB
MemAvailable:    1505728 kB
Buffers:           89744 kB
Cached:           797744 kB
MemTotal:        1844596 kB
MemFree:          641192 kB
MemAvailable:    1505620 kB
Buffers:           89744 kB
Cached:           797744 kB
MemTotal:        1844596 kB
MemFree:          640948 kB
MemAvailable:    1505376 kB
Buffers:           89744 kB
Cached:           797744 kB
MemTotal:        1844596 kB
MemFree:          640316 kB
MemAvailable:    1504744 kB
Buffers:           89744 kB
Cached:           797744 kB
MemTotal:        1844596 kB
MemFree:          640692 kB
MemAvailable:    1505120 kB
Buffers:           89744 kB
Cached:           797744 kB
MemTotal:        1844596 kB
MemFree:          640616 kB
MemAvailable:    1505044 kB
Buffers:           89744 kB
Cached:           797744 kB
MemTotal:        1844596 kB
MemFree:          640952 kB
MemAvailable:    1505380 kB
Buffers:           89744 kB
Cached:           797744 kB
MemTotal:        1844596 kB
MemFree:          640912 kB
MemAvailable:    1505340 kB
Buffers:           89744 kB
Cached:           797744 kB
MemTotal:        1844596 kB
MemFree:          640952 kB
MemAvailable:    1505380 kB
Buffers:           89744 kB
Cached:           797744 kB
MemTotal:        1844596 kB
MemFree:          639664 kB
MemAvailable:    1504096 kB
Buffers:           89744 kB
Cached:           797748 kB
MemTotal:        1844596 kB
MemFree:          640812 kB
MemAvailable:    1505244 kB
Buffers:           89744 kB
Cached:           797748 kB
MemTotal:        1844596 kB
MemFree:          640952 kB
MemAvailable:    1505384 kB
Buffers:           89744 kB
Cached:           797748 kB
MemTotal:        1844596 kB
MemFree:          636588 kB
MemAvailable:    1501020 kB
Buffers:           89744 kB
Cached:           797748 kB
MemTotal:        1844596 kB
MemFree:          636108 kB
MemAvailable:    1500540 kB
Buffers:           89744 kB
Cached:           797748 kB
MemTotal:        1844596 kB
MemFree:          635796 kB
MemAvailable:    1500228 kB
Buffers:           89744 kB
Cached:           797748 kB
MemTotal:        1844596 kB
MemFree:          635664 kB
MemAvailable:    1500096 kB
Buffers:           89744 kB
Cached:           797748 kB
MemTotal:        1844596 kB
MemFree:          634488 kB
MemAvailable:    1498920 kB
Buffers:           89744 kB
Cached:           797748 kB
MemTotal:        1844596 kB
MemFree:          634496 kB
MemAvailable:    1498928 kB
Buffers:           89744 kB
Cached:           797748 kB
MemTotal:        1844596 kB
MemFree:          635604 kB
MemAvailable:    1500036 kB
Buffers:           89744 kB
Cached:           797748 kB
MemTotal:        1844596 kB
MemFree:          634116 kB
MemAvailable:    1498548 kB
Buffers:           89744 kB
Cached:           797748 kB
MemTotal:        1844596 kB
MemFree:          635300 kB
MemAvailable:    1499732 kB
Buffers:           89744 kB
Cached:           797748 kB
MemTotal:        1844596 kB
MemFree:          633992 kB
MemAvailable:    1498424 kB
Buffers:           89744 kB
Cached:           797748 kB
MemTotal:        1844596 kB
MemFree:          634944 kB
MemAvailable:    1499376 kB
Buffers:           89744 kB
Cached:           797748 kB
MemTotal:        1844596 kB
MemFree:          635280 kB
MemAvailable:    1499712 kB
Buffers:           89744 kB
Cached:           797748 kB
MemTotal:        1844596 kB
MemFree:          634984 kB
MemAvailable:    1499416 kB
Buffers:           89744 kB
Cached:           797748 kB
MemTotal:        1844596 kB
MemFree:          635320 kB
MemAvailable:    1499752 kB
Buffers:           89744 kB
Cached:           797748 kB
MemTotal:        1844596 kB
MemFree:          633744 kB
MemAvailable:    1498176 kB
Buffers:           89744 kB
Cached:           797748 kB
MemTotal:        1844596 kB
MemFree:          633744 kB
MemAvailable:    1498176 kB
Buffers:           89744 kB
Cached:           797748 kB
MemTotal:        1844596 kB
MemFree:          632992 kB
MemAvailable:    1497424 kB
Buffers:           89744 kB
Cached:           797748 kB
MemTotal:        1844596 kB
MemFree:          632992 kB
MemAvailable:    1497424 kB
Buffers:           89744 kB
Cached:           797748 kB
MemTotal:        1844596 kB
MemFree:          628420 kB
MemAvailable:    1492852 kB
Buffers:           89744 kB
Cached:           797748 kB
MemTotal:        1844596 kB
MemFree:          628048 kB
MemAvailable:    1492480 kB
Buffers:           89744 kB
Cached:           797748 kB
MemTotal:        1844596 kB
MemFree:          627544 kB
MemAvailable:    1491976 kB
Buffers:           89744 kB
Cached:           797748 kB
MemTotal:        1844596 kB
MemFree:          627380 kB
MemAvailable:    1491812 kB
Buffers:           89744 kB
Cached:           797748 kB
MemTotal:        1844596 kB
MemFree:          626064 kB
MemAvailable:    1490496 kB
Buffers:           89744 kB
Cached:           797748 kB
MemTotal:        1844596 kB
MemFree:          626800 kB
MemAvailable:    1491232 kB
Buffers:           89744 kB
Cached:           797748 kB
MemTotal:        1844596 kB
MemFree:          626320 kB
MemAvailable:    1490752 kB
Buffers:           89744 kB
Cached:           797748 kB
MemTotal:        1844596 kB
MemFree:          626388 kB
MemAvailable:    1490820 kB
Buffers:           89744 kB
Cached:           797748 kB
MemTotal:        1844596 kB
MemFree:          625268 kB
MemAvailable:    1489700 kB
Buffers:           89744 kB
Cached:           797748 kB
MemTotal:        1844596 kB
MemFree:          626500 kB
MemAvailable:    1490932 kB
Buffers:           89744 kB
Cached:           797748 kB
MemTotal:        1844596 kB
MemFree:          626280 kB
MemAvailable:    1490712 kB
Buffers:           89744 kB
Cached:           797748 kB
MemTotal:        1844596 kB
MemFree:          626364 kB
MemAvailable:    1490796 kB
Buffers:           89744 kB
Cached:           797748 kB
MemTotal:        1844596 kB
MemFree:          625060 kB
MemAvailable:    1489492 kB
Buffers:           89744 kB
Cached:           797748 kB
MemTotal:        1844596 kB
MemFree:          626252 kB
MemAvailable:    1490684 kB
Buffers:           89744 kB
Cached:           797748 kB
MemTotal:        1844596 kB
MemFree:          625568 kB
MemAvailable:    1490000 kB
Buffers:           89744 kB
Cached:           797748 kB
MemTotal:        1844596 kB
MemFree:          626008 kB
MemAvailable:    1490444 kB
Buffers:           89744 kB
Cached:           797752 kB
MemTotal:        1844596 kB
MemFree:          626344 kB
MemAvailable:    1490780 kB
Buffers:           89744 kB
Cached:           797752 kB
MemTotal:        1844596 kB
MemFree:          625032 kB
MemAvailable:    1489468 kB
Buffers:           89744 kB
Cached:           797752 kB
MemTotal:        1844596 kB
MemFree:          626272 kB
MemAvailable:    1490708 kB
Buffers:           89744 kB
Cached:           797752 kB
MemTotal:        1844596 kB
MemFree:          626500 kB
MemAvailable:    1490936 kB
Buffers:           89744 kB
Cached:           797752 kB
MemTotal:        1844596 kB
MemFree:          626056 kB
MemAvailable:    1490492 kB
Buffers:           89744 kB
Cached:           797752 kB
MemTotal:        1844596 kB
MemFree:          626044 kB
MemAvailable:    1490480 kB
Buffers:           89744 kB
Cached:           797752 kB
MemTotal:        1844596 kB
MemFree:          626072 kB
MemAvailable:    1490508 kB
Buffers:           89744 kB
Cached:           797752 kB
MemTotal:        1844596 kB
MemFree:          624776 kB
MemAvailable:    1489212 kB
Buffers:           89744 kB
Cached:           797752 kB
MemTotal:        1844596 kB
MemFree:          625884 kB
MemAvailable:    1490320 kB
Buffers:           89744 kB
Cached:           797752 kB
MemTotal:        1844596 kB
MemFree:          625948 kB
MemAvailable:    1490384 kB
Buffers:           89744 kB
Cached:           797752 kB
MemTotal:        1844596 kB
MemFree:          625628 kB
MemAvailable:    1490064 kB
Buffers:           89744 kB
Cached:           797752 kB
MemTotal:        1844596 kB
MemFree:          621584 kB
MemAvailable:    1486020 kB
Buffers:           89744 kB
Cached:           797752 kB
MemTotal:        1844596 kB
MemFree:          620048 kB
MemAvailable:    1484484 kB
Buffers:           89744 kB
Cached:           797752 kB
MemTotal:        1844596 kB
MemFree:          617700 kB
MemAvailable:    1482136 kB
Buffers:           89744 kB
Cached:           797752 kB
MemTotal:        1844596 kB
MemFree:          617952 kB
MemAvailable:    1482388 kB
Buffers:           89744 kB
Cached:           797752 kB
MemTotal:        1844596 kB
MemFree:          616460 kB
MemAvailable:    1480896 kB
Buffers:           89744 kB
Cached:           797752 kB
MemTotal:        1844596 kB
MemFree:          616460 kB
MemAvailable:    1480896 kB
Buffers:           89744 kB
Cached:           797752 kB
MemTotal:        1844596 kB
MemFree:          616888 kB
MemAvailable:    1481324 kB
Buffers:           89744 kB
Cached:           797752 kB
MemTotal:        1844596 kB
MemFree:          616212 kB
MemAvailable:    1480648 kB
Buffers:           89744 kB
Cached:           797752 kB
MemTotal:        1844596 kB
MemFree:          617504 kB
MemAvailable:    1481940 kB
Buffers:           89744 kB
Cached:           797752 kB
MemTotal:        1844596 kB
MemFree:          617436 kB
MemAvailable:    1481872 kB
Buffers:           89744 kB
Cached:           797752 kB
MemTotal:        1844596 kB
MemFree:          616888 kB
MemAvailable:    1481324 kB
Buffers:           89744 kB
Cached:           797752 kB
MemTotal:        1844596 kB
MemFree:          617256 kB
MemAvailable:    1481692 kB
Buffers:           89744 kB
Cached:           797752 kB
MemTotal:        1844596 kB
MemFree:          617384 kB
MemAvailable:    1481820 kB
Buffers:           89744 kB
Cached:           797752 kB
MemTotal:        1844596 kB
MemFree:          616516 kB
MemAvailable:    1480952 kB
Buffers:           89744 kB
Cached:           797752 kB
MemTotal:        1844596 kB
MemFree:          616392 kB
MemAvailable:    1480832 kB
Buffers:           89744 kB
Cached:           797756 kB
MemTotal:        1844596 kB
MemFree:          616260 kB
MemAvailable:    1480700 kB
Buffers:           89744 kB
Cached:           797756 kB
MemTotal:        1844596 kB
MemFree:          616384 kB
MemAvailable:    1480824 kB
Buffers:           89744 kB
Cached:           797756 kB
MemTotal:        1844596 kB
MemFree:          617624 kB
MemAvailable:    1482064 kB
Buffers:           89744 kB
Cached:           797756 kB
MemTotal:        1844596 kB
MemFree:          616524 kB
MemAvailable:    1480964 kB
Buffers:           89744 kB
Cached:           797756 kB
MemTotal:        1844596 kB
MemFree:          617088 kB
MemAvailable:    1481528 kB
Buffers:           89744 kB
Cached:           797756 kB
MemTotal:        1844596 kB
MemFree:          617424 kB
MemAvailable:    1481864 kB
Buffers:           89744 kB
Cached:           797756 kB
MemTotal:        1844596 kB
MemFree:          617400 kB
MemAvailable:    1481840 kB
Buffers:           89744 kB
Cached:           797756 kB
MemTotal:        1844596 kB
MemFree:          617244 kB
MemAvailable:    1481684 kB
Buffers:           89744 kB
Cached:           797756 kB
MemTotal:        1844596 kB
MemFree:          617460 kB
MemAvailable:    1481900 kB
Buffers:           89744 kB
Cached:           797756 kB
MemTotal:        1844596 kB
MemFree:          617432 kB
MemAvailable:    1481872 kB
Buffers:           89744 kB
Cached:           797756 kB
MemTotal:        1844596 kB
MemFree:          616124 kB
MemAvailable:    1480564 kB
Buffers:           89744 kB
Cached:           797756 kB
MemTotal:        1844596 kB
MemFree:          616104 kB
MemAvailable:    1480544 kB
Buffers:           89744 kB
Cached:           797756 kB
MemTotal:        1844596 kB
MemFree:          617376 kB
MemAvailable:    1481816 kB
Buffers:           89744 kB
Cached:           797756 kB
MemTotal:        1844596 kB
MemFree:          617296 kB
MemAvailable:    1481736 kB
Buffers:           89744 kB
Cached:           797756 kB
MemTotal:        1844596 kB
MemFree:          616120 kB
MemAvailable:    1480560 kB
Buffers:           89744 kB
Cached:           797756 kB
MemTotal:        1844596 kB
MemFree:          615980 kB
MemAvailable:    1480420 kB
Buffers:           89744 kB
Cached:           797756 kB
MemTotal:        1844596 kB
MemFree:          617172 kB
MemAvailable:    1481612 kB
Buffers:           89744 kB
Cached:           797756 kB
MemTotal:        1844596 kB
MemFree:          617508 kB
MemAvailable:    1481948 kB
Buffers:           89744 kB
Cached:           797756 kB
MemTotal:        1844596 kB
MemFree:          617128 kB
MemAvailable:    1481568 kB
Buffers:           89744 kB
Cached:           797756 kB
MemTotal:        1844596 kB
MemFree:          616096 kB
MemAvailable:    1480536 kB
Buffers:           89744 kB
Cached:           797756 kB
MemTotal:        1844596 kB
MemFree:          615964 kB
MemAvailable:    1480404 kB
Buffers:           89744 kB
Cached:           797756 kB
MemTotal:        1844596 kB
MemFree:          617140 kB
MemAvailable:    1481580 kB
Buffers:           89744 kB
Cached:           797756 kB
MemTotal:        1844596 kB
MemFree:          616088 kB
MemAvailable:    1480528 kB
Buffers:           89744 kB
Cached:           797756 kB
MemTotal:        1844596 kB
MemFree:          616212 kB
MemAvailable:    1480652 kB
Buffers:           89744 kB
Cached:           797756 kB
MemTotal:        1844596 kB
MemFree:          615400 kB
MemAvailable:    1479840 kB
Buffers:           89744 kB
Cached:           797756 kB
MemTotal:        1844596 kB
MemFree:          611292 kB
MemAvailable:    1475732 kB
Buffers:           89744 kB
Cached:           797756 kB
MemTotal:        1844596 kB
MemFree:          611184 kB
MemAvailable:    1475624 kB
Buffers:           89744 kB
Cached:           797756 kB
MemTotal:        1844596 kB
MemFree:          607772 kB
MemAvailable:    1472212 kB
Buffers:           89744 kB
Cached:           797756 kB
MemTotal:        1844596 kB
MemFree:          606656 kB
MemAvailable:    1471096 kB
Buffers:           89744 kB
Cached:           797756 kB
MemTotal:        1844596 kB
MemFree:          605480 kB
MemAvailable:    1469920 kB
Buffers:           89744 kB
Cached:           797756 kB
MemTotal:        1844596 kB
MemFree:          606332 kB
MemAvailable:    1470772 kB
Buffers:           89744 kB
Cached:           797756 kB
MemTotal:        1844596 kB
MemFree:          606584 kB
MemAvailable:    1471024 kB
Buffers:           89744 kB
Cached:           797756 kB
MemTotal:        1844596 kB
MemFree:          605212 kB
MemAvailable:    1469652 kB
Buffers:           89744 kB
Cached:           797756 kB
MemTotal:        1844596 kB
MemFree:          605220 kB
MemAvailable:    1469660 kB
Buffers:           89744 kB
Cached:           797756 kB
MemTotal:        1844596 kB
MemFree:          605468 kB
MemAvailable:    1469908 kB
Buffers:           89744 kB
Cached:           797756 kB
MemTotal:        1844596 kB
MemFree:          605344 kB
MemAvailable:    1469784 kB
Buffers:           89744 kB
Cached:           797756 kB
MemTotal:        1844596 kB
MemFree:          605592 kB
MemAvailable:    1470032 kB
Buffers:           89744 kB
Cached:           797756 kB
MemTotal:        1844596 kB
MemFree:          605344 kB
MemAvailable:    1469784 kB
Buffers:           89744 kB
Cached:           797756 kB
MemTotal:        1844596 kB
MemFree:          606520 kB
MemAvailable:    1470960 kB
Buffers:           89744 kB
Cached:           797756 kB
MemTotal:        1844596 kB
MemFree:          606332 kB
MemAvailable:    1470772 kB
Buffers:           89744 kB
Cached:           797756 kB
MemTotal:        1844596 kB
MemFree:          606472 kB
MemAvailable:    1470912 kB
Buffers:           89744 kB
Cached:           797756 kB
MemTotal:        1844596 kB
MemFree:          606512 kB
MemAvailable:    1470952 kB
Buffers:           89744 kB
Cached:           797756 kB
MemTotal:        1844596 kB
MemFree:          606472 kB
MemAvailable:    1470912 kB
Buffers:           89744 kB
Cached:           797756 kB
MemTotal:        1844596 kB
MemFree:          605604 kB
MemAvailable:    1470044 kB
Buffers:           89744 kB
Cached:           797756 kB
MemTotal:        1844596 kB
MemFree:          606340 kB
MemAvailable:    1470780 kB
Buffers:           89744 kB
Cached:           797756 kB
MemTotal:        1844596 kB
MemFree:          606340 kB
MemAvailable:    1470780 kB
Buffers:           89744 kB
Cached:           797756 kB
MemTotal:        1844596 kB
MemFree:          606392 kB
MemAvailable:    1470832 kB
Buffers:           89744 kB
Cached:           797756 kB
MemTotal:        1844596 kB
MemFree:          606512 kB
MemAvailable:    1470952 kB
Buffers:           89744 kB
Cached:           797756 kB
MemTotal:        1844596 kB
MemFree:          606108 kB
MemAvailable:    1470548 kB
Buffers:           89744 kB
Cached:           797756 kB
MemTotal:        1844596 kB
MemFree:          606472 kB
MemAvailable:    1470912 kB
Buffers:           89744 kB
Cached:           797756 kB
MemTotal:        1844596 kB
MemFree:          606160 kB
MemAvailable:    1470600 kB
Buffers:           89744 kB
Cached:           797756 kB
MemTotal:        1844596 kB
MemFree:          606496 kB
MemAvailable:    1470936 kB
Buffers:           89744 kB
Cached:           797756 kB
MemTotal:        1844596 kB
MemFree:          606420 kB
MemAvailable:    1470860 kB
Buffers:           89744 kB
Cached:           797756 kB
MemTotal:        1844596 kB
MemFree:          606420 kB
MemAvailable:    1470860 kB
Buffers:           89744 kB
Cached:           797756 kB
MemTotal:        1844596 kB
MemFree:          606384 kB
MemAvailable:    1470824 kB
Buffers:           89744 kB
Cached:           797756 kB
MemTotal:        1844596 kB
MemFree:          606356 kB
MemAvailable:    1470796 kB
Buffers:           89744 kB
Cached:           797756 kB
MemTotal:        1844596 kB
MemFree:          606360 kB
MemAvailable:    1470800 kB
Buffers:           89744 kB
Cached:           797756 kB
MemTotal:        1844596 kB
MemFree:          605468 kB
MemAvailable:    1469908 kB
Buffers:           89744 kB
Cached:           797756 kB
MemTotal:        1844596 kB
MemFree:          605220 kB
MemAvailable:    1469660 kB
Buffers:           89744 kB
Cached:           797756 kB
MemTotal:        1844596 kB
MemFree:          606648 kB
MemAvailable:    1471088 kB
Buffers:           89744 kB
Cached:           797756 kB
MemTotal:        1844596 kB
MemFree:          606732 kB
MemAvailable:    1471172 kB
Buffers:           89744 kB
Cached:           797756 kB
MemTotal:        1844596 kB
MemFree:          606408 kB
MemAvailable:    1470848 kB
Buffers:           89744 kB
Cached:           797756 kB
MemTotal:        1844596 kB
MemFree:          606576 kB
MemAvailable:    1471016 kB
Buffers:           89744 kB
Cached:           797756 kB
MemTotal:        1844596 kB
MemFree:          605060 kB
MemAvailable:    1469500 kB
Buffers:           89744 kB
Cached:           797756 kB
MemTotal:        1844596 kB
MemFree:          606352 kB
MemAvailable:    1470792 kB
Buffers:           89744 kB
Cached:           797756 kB
MemTotal:        1844596 kB
MemFree:          605180 kB
MemAvailable:    1469620 kB
Buffers:           89744 kB
Cached:           797756 kB
MemTotal:        1844596 kB
MemFree:          606340 kB
MemAvailable:    1470780 kB
Buffers:           89744 kB
Cached:           797756 kB
MemTotal:        1844596 kB
MemFree:          606592 kB
MemAvailable:    1471032 kB
Buffers:           89744 kB
Cached:           797756 kB
MemTotal:        1844596 kB
MemFree:          606352 kB
MemAvailable:    1470792 kB
Buffers:           89744 kB
Cached:           797756 kB
MemTotal:        1844596 kB
MemFree:          605304 kB
MemAvailable:    1469744 kB
Buffers:           89744 kB
Cached:           797756 kB
MemTotal:        1844596 kB
MemFree:          606340 kB
MemAvailable:    1470780 kB
Buffers:           89744 kB
Cached:           797756 kB
MemTotal:        1844596 kB
MemFree:          606676 kB
MemAvailable:    1471116 kB
Buffers:           89744 kB
Cached:           797756 kB
MemTotal:        1844596 kB
MemFree:          606352 kB
MemAvailable:    1470792 kB
Buffers:           89744 kB
Cached:           797756 kB
MemTotal:        1844596 kB
MemFree:          606288 kB
MemAvailable:    1470728 kB
Buffers:           89744 kB
Cached:           797756 kB
MemTotal:        1844596 kB
MemFree:          606540 kB
MemAvailable:    1470980 kB
Buffers:           89744 kB
Cached:           797756 kB
MemTotal:        1844596 kB
MemFree:          606300 kB
MemAvailable:    1470740 kB
Buffers:           89744 kB
Cached:           797756 kB
MemTotal:        1844596 kB
MemFree:          606396 kB
MemAvailable:    1470836 kB
Buffers:           89744 kB
Cached:           797756 kB
MemTotal:        1844596 kB
MemFree:          604972 kB
MemAvailable:    1469412 kB
Buffers:           89744 kB
Cached:           797756 kB
MemTotal:        1844596 kB
MemFree:          605456 kB
MemAvailable:    1469896 kB
Buffers:           89744 kB
Cached:           797756 kB
MemTotal:        1844596 kB
MemFree:          605540 kB
MemAvailable:    1469980 kB
Buffers:           89744 kB
Cached:           797756 kB
MemTotal:        1844596 kB
MemFree:          605236 kB
MemAvailable:    1469676 kB
Buffers:           89744 kB
Cached:           797756 kB
MemTotal:        1844596 kB
MemFree:          604180 kB
MemAvailable:    1468620 kB
Buffers:           89744 kB
Cached:           797756 kB
MemTotal:        1844596 kB
MemFree:          605332 kB
MemAvailable:    1469772 kB
Buffers:           89744 kB
Cached:           797756 kB
MemTotal:        1844596 kB
MemFree:          605472 kB
MemAvailable:    1469912 kB
Buffers:           89744 kB
Cached:           797756 kB
MemTotal:        1844596 kB
MemFree:          603912 kB
MemAvailable:    1468352 kB
Buffers:           89744 kB
Cached:           797756 kB
MemTotal:        1844596 kB
MemFree:          605124 kB
MemAvailable:    1469564 kB
Buffers:           89744 kB
Cached:           797756 kB
MemTotal:        1844596 kB
MemFree:          605052 kB
MemAvailable:    1469504 kB
Buffers:           89744 kB
Cached:           797768 kB
MemTotal:        1844596 kB
MemFree:          604680 kB
MemAvailable:    1469132 kB
Buffers:           89744 kB
Cached:           797768 kB
MemTotal:        1844596 kB
MemFree:          605224 kB
MemAvailable:    1469676 kB
Buffers:           89744 kB
Cached:           797768 kB
MemTotal:        1844596 kB
MemFree:          605232 kB
MemAvailable:    1469684 kB
Buffers:           89744 kB
Cached:           797768 kB
MemTotal:        1844596 kB
MemFree:          605036 kB
MemAvailable:    1469488 kB
Buffers:           89744 kB
Cached:           797768 kB
MemTotal:        1844596 kB
MemFree:          603612 kB
MemAvailable:    1468064 kB
Buffers:           89744 kB
Cached:           797768 kB
MemTotal:        1844596 kB
MemFree:          604968 kB
MemAvailable:    1469420 kB
Buffers:           89744 kB
Cached:           797768 kB
MemTotal:        1844596 kB
MemFree:          604824 kB
MemAvailable:    1469276 kB
Buffers:           89744 kB
Cached:           797768 kB
MemTotal:        1844596 kB
MemFree:          603564 kB
MemAvailable:    1468016 kB
Buffers:           89744 kB
Cached:           797768 kB
MemTotal:        1844596 kB
MemFree:          604708 kB
MemAvailable:    1469160 kB
Buffers:           89744 kB
Cached:           797768 kB
MemTotal:        1844596 kB
MemFree:          604960 kB
MemAvailable:    1469412 kB
Buffers:           89744 kB
Cached:           797768 kB
MemTotal:        1844596 kB
MemFree:          604848 kB
MemAvailable:    1469300 kB
Buffers:           89744 kB
Cached:           797768 kB
MemTotal:        1844596 kB
MemFree:          603724 kB
MemAvailable:    1468176 kB
Buffers:           89744 kB
Cached:           797768 kB
MemTotal:        1844596 kB
MemFree:          603240 kB
MemAvailable:    1467692 kB
Buffers:           89744 kB
Cached:           797768 kB
MemTotal:        1844596 kB
MemFree:          604588 kB
MemAvailable:    1469040 kB
Buffers:           89744 kB
Cached:           797768 kB
MemTotal:        1844596 kB
MemFree:          603496 kB
MemAvailable:    1467948 kB
Buffers:           89744 kB
Cached:           797768 kB
MemTotal:        1844596 kB
MemFree:          603488 kB
MemAvailable:    1467940 kB
Buffers:           89744 kB
Cached:           797768 kB
MemTotal:        1844596 kB
MemFree:          603744 kB
MemAvailable:    1468196 kB
Buffers:           89744 kB
Cached:           797768 kB
MemTotal:        1844596 kB
MemFree:          600396 kB
MemAvailable:    1464848 kB
Buffers:           89744 kB
Cached:           797768 kB
MemTotal:        1844596 kB
MemFree:          595668 kB
MemAvailable:    1460120 kB
Buffers:           89744 kB
Cached:           797768 kB
MemTotal:        1844596 kB
MemFree:          595668 kB
MemAvailable:    1460120 kB
Buffers:           89744 kB
Cached:           797768 kB
MemTotal:        1844596 kB
MemFree:          594132 kB
MemAvailable:    1458584 kB
Buffers:           89744 kB
Cached:           797768 kB
MemTotal:        1844596 kB
MemFree:          593784 kB
MemAvailable:    1458236 kB
Buffers:           89744 kB
Cached:           797768 kB
MemTotal:        1844596 kB
MemFree:          592336 kB
MemAvailable:    1456788 kB
Buffers:           89744 kB
Cached:           797768 kB
MemTotal:        1844596 kB
MemFree:          592460 kB
MemAvailable:    1456912 kB
Buffers:           89744 kB
Cached:           797768 kB
MemTotal:        1844596 kB
MemFree:          591964 kB
MemAvailable:    1456416 kB
Buffers:           89744 kB
Cached:           797768 kB
MemTotal:        1844596 kB
MemFree:          592832 kB
MemAvailable:    1457284 kB
Buffers:           89744 kB
Cached:           797768 kB
MemTotal:        1844596 kB
MemFree:          591220 kB
MemAvailable:    1455672 kB
Buffers:           89744 kB
Cached:           797768 kB
MemTotal:        1844596 kB
MemFree:          590476 kB
MemAvailable:    1454928 kB
Buffers:           89744 kB
Cached:           797768 kB
MemTotal:        1844596 kB
MemFree:          590956 kB
MemAvailable:    1455408 kB
Buffers:           89744 kB
Cached:           797768 kB
MemTotal:        1844596 kB
MemFree:          590228 kB
MemAvailable:    1454680 kB
Buffers:           89744 kB
Cached:           797768 kB
MemTotal:        1844596 kB
MemFree:          588864 kB
MemAvailable:    1453316 kB
Buffers:           89744 kB
Cached:           797768 kB
MemTotal:        1844596 kB
MemFree:          589584 kB
MemAvailable:    1454036 kB
Buffers:           89744 kB
Cached:           797768 kB
MemTotal:        1844596 kB
MemFree:          589584 kB
MemAvailable:    1454036 kB
Buffers:           89744 kB
Cached:           797768 kB
MemTotal:        1844596 kB
MemFree:          589580 kB
MemAvailable:    1454032 kB
Buffers:           89744 kB
Cached:           797768 kB
MemTotal:        1844596 kB
MemFree:          589836 kB
MemAvailable:    1454288 kB
Buffers:           89744 kB
Cached:           797768 kB
MemTotal:        1844596 kB
MemFree:          589768 kB
MemAvailable:    1454220 kB
Buffers:           89744 kB
Cached:           797768 kB
MemTotal:        1844596 kB
MemFree:          589352 kB
MemAvailable:    1453804 kB
Buffers:           89744 kB
Cached:           797768 kB
MemTotal:        1844596 kB
MemFree:          589648 kB
MemAvailable:    1454100 kB
Buffers:           89744 kB
Cached:           797768 kB
MemTotal:        1844596 kB
MemFree:          588424 kB
MemAvailable:    1452876 kB
Buffers:           89744 kB
Cached:           797768 kB
MemTotal:        1844596 kB
MemFree:          589568 kB
MemAvailable:    1454020 kB
Buffers:           89744 kB
Cached:           797768 kB
MemTotal:        1844596 kB
MemFree:          589820 kB
MemAvailable:    1454272 kB
Buffers:           89744 kB
Cached:           797768 kB
MemTotal:        1844596 kB
MemFree:          588348 kB
MemAvailable:    1452800 kB
Buffers:           89744 kB
Cached:           797768 kB
MemTotal:        1844596 kB
MemFree:          588348 kB
MemAvailable:    1452800 kB
Buffers:           89744 kB
Cached:           797768 kB
MemTotal:        1844596 kB
MemFree:          589536 kB
MemAvailable:    1453988 kB
Buffers:           89744 kB
Cached:           797768 kB
MemTotal:        1844596 kB
MemFree:          588848 kB
MemAvailable:    1453300 kB
Buffers:           89744 kB
Cached:           797768 kB
MemTotal:        1844596 kB
MemFree:          588932 kB
MemAvailable:    1453384 kB
Buffers:           89744 kB
Cached:           797768 kB
MemTotal:        1844596 kB
MemFree:          588544 kB
MemAvailable:    1452996 kB
Buffers:           89744 kB
Cached:           797768 kB
MemTotal:        1844596 kB
MemFree:          588688 kB
MemAvailable:    1453140 kB
Buffers:           89744 kB
Cached:           797768 kB
MemTotal:        1844596 kB
MemFree:          587748 kB
MemAvailable:    1452200 kB
Buffers:           89744 kB
Cached:           797768 kB
MemTotal:        1844596 kB
MemFree:          587436 kB
MemAvailable:    1451888 kB
Buffers:           89744 kB
Cached:           797768 kB
MemTotal:        1844596 kB
MemFree:          587772 kB
MemAvailable:    1452224 kB
Buffers:           89744 kB
Cached:           797768 kB
MemTotal:        1844596 kB
MemFree:          587004 kB
MemAvailable:    1451456 kB
Buffers:           89744 kB
Cached:           797768 kB
MemTotal:        1844596 kB
MemFree:          586932 kB
MemAvailable:    1451384 kB
Buffers:           89744 kB
Cached:           797768 kB
MemTotal:        1844596 kB
MemFree:          586320 kB
MemAvailable:    1450772 kB
Buffers:           89744 kB
Cached:           797768 kB
MemTotal:        1844596 kB
MemFree:          584880 kB
MemAvailable:    1449332 kB
Buffers:           89744 kB
Cached:           797768 kB
MemTotal:        1844596 kB
MemFree:          585020 kB
MemAvailable:    1449472 kB
Buffers:           89744 kB
Cached:           797768 kB
MemTotal:        1844596 kB
MemFree:          586156 kB
MemAvailable:    1450612 kB
Buffers:           89744 kB
Cached:           797772 kB
MemTotal:        1844596 kB
MemFree:          585508 kB
MemAvailable:    1449964 kB
Buffers:           89744 kB
Cached:           797772 kB
MemTotal:        1844596 kB
MemFree:          585508 kB
MemAvailable:    1449964 kB
Buffers:           89744 kB
Cached:           797772 kB
MemTotal:        1844596 kB
MemFree:          585328 kB
MemAvailable:    1449784 kB
Buffers:           89744 kB
Cached:           797772 kB
MemTotal:        1844596 kB
MemFree:          584772 kB
MemAvailable:    1449228 kB
Buffers:           89744 kB
Cached:           797772 kB
MemTotal:        1844596 kB
MemFree:          585420 kB
MemAvailable:    1449876 kB
Buffers:           89744 kB
Cached:           797772 kB
MemTotal:        1844596 kB
MemFree:          585764 kB
MemAvailable:    1450220 kB
Buffers:           89744 kB
Cached:           797772 kB
MemTotal:        1844596 kB
MemFree:          584388 kB
MemAvailable:    1448844 kB
Buffers:           89744 kB
Cached:           797772 kB
MemTotal:        1844596 kB
MemFree:          585516 kB
MemAvailable:    1449972 kB
Buffers:           89744 kB
Cached:           797772 kB
MemTotal:        1844596 kB
MemFree:          584780 kB
MemAvailable:    1449236 kB
Buffers:           89744 kB
Cached:           797772 kB
MemTotal:        1844596 kB
MemFree:          585516 kB
MemAvailable:    1449972 kB
Buffers:           89744 kB
Cached:           797772 kB
MemTotal:        1844596 kB
MemFree:          585452 kB
MemAvailable:    1449908 kB
Buffers:           89744 kB
Cached:           797772 kB
MemTotal:        1844596 kB
MemFree:          585576 kB
MemAvailable:    1450032 kB
Buffers:           89744 kB
Cached:           797772 kB
MemTotal:        1844596 kB
MemFree:          584772 kB
MemAvailable:    1449228 kB
Buffers:           89744 kB
Cached:           797772 kB
MemTotal:        1844596 kB
MemFree:          584516 kB
MemAvailable:    1448976 kB
Buffers:           89744 kB
Cached:           797776 kB
MemTotal:        1844596 kB
MemFree:          585568 kB
MemAvailable:    1450028 kB
Buffers:           89744 kB
Cached:           797776 kB
MemTotal:        1844596 kB
MemFree:          585260 kB
MemAvailable:    1449720 kB
Buffers:           89744 kB
Cached:           797776 kB
MemTotal:        1844596 kB
MemFree:          585512 kB
MemAvailable:    1449972 kB
Buffers:           89744 kB
Cached:           797776 kB
MemTotal:        1844596 kB
MemFree:          585220 kB
MemAvailable:    1449680 kB
Buffers:           89744 kB
Cached:           797776 kB
MemTotal:        1844596 kB
MemFree:          585352 kB
MemAvailable:    1449816 kB
Buffers:           89744 kB
Cached:           797780 kB
MemTotal:        1844596 kB
MemFree:          585344 kB
MemAvailable:    1449808 kB
Buffers:           89744 kB
Cached:           797780 kB
MemTotal:        1844596 kB
MemFree:          585260 kB
MemAvailable:    1449724 kB
Buffers:           89744 kB
Cached:           797780 kB
MemTotal:        1844596 kB
MemFree:          585512 kB
MemAvailable:    1449976 kB
Buffers:           89744 kB
Cached:           797780 kB
MemTotal:        1844596 kB
MemFree:          585220 kB
MemAvailable:    1449684 kB
Buffers:           89744 kB
Cached:           797780 kB
MemTotal:        1844596 kB
MemFree:          585416 kB
MemAvailable:    1449880 kB
Buffers:           89744 kB
Cached:           797780 kB
MemTotal:        1844596 kB
MemFree:          584524 kB
MemAvailable:    1448988 kB
Buffers:           89744 kB
Cached:           797780 kB
MemTotal:        1844596 kB
MemFree:          585228 kB
MemAvailable:    1449692 kB
Buffers:           89744 kB
Cached:           797780 kB
MemTotal:        1844596 kB
MemFree:          585252 kB
MemAvailable:    1449716 kB
Buffers:           89744 kB
Cached:           797780 kB
MemTotal:        1844596 kB
MemFree:          585464 kB
MemAvailable:    1449928 kB
Buffers:           89744 kB
Cached:           797780 kB
MemTotal:        1844596 kB
MemFree:          585316 kB
MemAvailable:    1449780 kB
Buffers:           89744 kB
Cached:           797780 kB
MemTotal:        1844596 kB
MemFree:          583036 kB
MemAvailable:    1447500 kB
Buffers:           89744 kB
Cached:           797780 kB
MemTotal:        1844596 kB
MemFree:          584020 kB
MemAvailable:    1448484 kB
Buffers:           89744 kB
Cached:           797780 kB
MemTotal:        1844596 kB
MemFree:          584160 kB
MemAvailable:    1448624 kB
Buffers:           89744 kB
Cached:           797780 kB
MemTotal:        1844596 kB
MemFree:          584160 kB
MemAvailable:    1448624 kB
Buffers:           89744 kB
Cached:           797780 kB
MemTotal:        1844596 kB
MemFree:          582788 kB
MemAvailable:    1447252 kB
Buffers:           89744 kB
Cached:           797780 kB
MemTotal:        1844596 kB
MemFree:          580424 kB
MemAvailable:    1444888 kB
Buffers:           89744 kB
Cached:           797780 kB
MemTotal:        1844596 kB
MemFree:          578688 kB
MemAvailable:    1443152 kB
Buffers:           89744 kB
Cached:           797780 kB
MemTotal:        1844596 kB
MemFree:          575472 kB
MemAvailable:    1439936 kB
Buffers:           89744 kB
Cached:           797780 kB
MemTotal:        1844596 kB
MemFree:          572868 kB
MemAvailable:    1437332 kB
Buffers:           89744 kB
Cached:           797780 kB
MemTotal:        1844596 kB
MemFree:          571248 kB
MemAvailable:    1435712 kB
Buffers:           89744 kB
Cached:           797780 kB
MemTotal:        1844596 kB
MemFree:          566792 kB
MemAvailable:    1431256 kB
Buffers:           89744 kB
Cached:           797780 kB
MemTotal:        1844596 kB
MemFree:          566900 kB
MemAvailable:    1431364 kB
Buffers:           89744 kB
Cached:           797780 kB
MemTotal:        1844596 kB
MemFree:          566900 kB
MemAvailable:    1431364 kB
Buffers:           89744 kB
Cached:           797780 kB
MemTotal:        1844596 kB
MemFree:          566736 kB
MemAvailable:    1431200 kB
Buffers:           89744 kB
Cached:           797780 kB
MemTotal:        1844596 kB
MemFree:          565620 kB
MemAvailable:    1430084 kB
Buffers:           89744 kB
Cached:           797780 kB
MemTotal:        1844596 kB
MemFree:          566736 kB
MemAvailable:    1431200 kB
Buffers:           89744 kB
Cached:           797780 kB
MemTotal:        1844596 kB
MemFree:          565808 kB
MemAvailable:    1430272 kB
Buffers:           89744 kB
Cached:           797780 kB
MemTotal:        1844596 kB
MemFree:          566404 kB
MemAvailable:    1430868 kB
Buffers:           89744 kB
Cached:           797780 kB
MemTotal:        1844596 kB
MemFree:          566740 kB
MemAvailable:    1431204 kB
Buffers:           89744 kB
Cached:           797780 kB
MemTotal:        1844596 kB
MemFree:          565420 kB
MemAvailable:    1429884 kB
Buffers:           89744 kB
Cached:           797780 kB
MemTotal:        1844596 kB
MemFree:          566724 kB
MemAvailable:    1431188 kB
Buffers:           89744 kB
Cached:           797780 kB
MemTotal:        1844596 kB
MemFree:          566784 kB
MemAvailable:    1431248 kB
Buffers:           89744 kB
Cached:           797780 kB
MemTotal:        1844596 kB
MemFree:          566588 kB
MemAvailable:    1431052 kB
Buffers:           89744 kB
Cached:           797780 kB
MemTotal:        1844596 kB
MemFree:          566108 kB
MemAvailable:    1430572 kB
Buffers:           89744 kB
Cached:           797780 kB
MemTotal:        1844596 kB
MemFree:          566104 kB
MemAvailable:    1430568 kB
Buffers:           89744 kB
Cached:           797780 kB
MemTotal:        1844596 kB
MemFree:          564544 kB
MemAvailable:    1429008 kB
Buffers:           89744 kB
Cached:           797780 kB
MemTotal:        1844596 kB
MemFree:          565604 kB
MemAvailable:    1430068 kB
Buffers:           89744 kB
Cached:           797780 kB
MemTotal:        1844596 kB
MemFree:          565856 kB
MemAvailable:    1430320 kB
Buffers:           89744 kB
Cached:           797780 kB
MemTotal:        1844596 kB
MemFree:          565788 kB
MemAvailable:    1430252 kB
Buffers:           89744 kB
Cached:           797780 kB
MemTotal:        1844596 kB
MemFree:          565824 kB
MemAvailable:    1430288 kB
Buffers:           89744 kB
Cached:           797780 kB
MemTotal:        1844596 kB
MemFree:          565660 kB
MemAvailable:    1430124 kB
Buffers:           89744 kB
Cached:           797780 kB
MemTotal:        1844596 kB
MemFree:          565800 kB
MemAvailable:    1430264 kB
Buffers:           89744 kB
Cached:           797780 kB
MemTotal:        1844596 kB
MemFree:          565672 kB
MemAvailable:    1430136 kB
Buffers:           89744 kB
Cached:           797780 kB
MemTotal:        1844596 kB
MemFree:          565928 kB
MemAvailable:    1430392 kB
Buffers:           89744 kB
Cached:           797780 kB
MemTotal:        1844596 kB
MemFree:          565704 kB
MemAvailable:    1430168 kB
Buffers:           89744 kB
Cached:           797780 kB
MemTotal:        1844596 kB
MemFree:          564652 kB
MemAvailable:    1429116 kB
Buffers:           89744 kB
Cached:           797780 kB
MemTotal:        1844596 kB
MemFree:          564356 kB
MemAvailable:    1428820 kB
Buffers:           89744 kB
Cached:           797780 kB
MemTotal:        1844596 kB
MemFree:          565916 kB
MemAvailable:    1430380 kB
Buffers:           89744 kB
Cached:           797780 kB
MemTotal:        1844596 kB
MemFree:          565472 kB
MemAvailable:    1429936 kB
Buffers:           89744 kB
Cached:           797780 kB
MemTotal:        1844596 kB
MemFree:          564524 kB
MemAvailable:    1428988 kB
Buffers:           89744 kB
Cached:           797780 kB
MemTotal:        1844596 kB
MemFree:          565716 kB
MemAvailable:    1430180 kB
Buffers:           89744 kB
Cached:           797780 kB
MemTotal:        1844596 kB
MemFree:          565560 kB
MemAvailable:    1430024 kB
Buffers:           89744 kB
Cached:           797780 kB
MemTotal:        1844596 kB
MemFree:          564428 kB
MemAvailable:    1428892 kB
Buffers:           89744 kB
Cached:           797780 kB
MemTotal:        1844596 kB
MemFree:          564512 kB
MemAvailable:    1428976 kB
Buffers:           89744 kB
Cached:           797780 kB
MemTotal:        1844596 kB
MemFree:          561892 kB
MemAvailable:    1426356 kB
Buffers:           89744 kB
Cached:           797780 kB
MemTotal:        1844596 kB
MemFree:          560696 kB
MemAvailable:    1425160 kB
Buffers:           89744 kB
Cached:           797780 kB
MemTotal:        1844596 kB
MemFree:          557552 kB
MemAvailable:    1422016 kB
Buffers:           89744 kB
Cached:           797780 kB
MemTotal:        1844596 kB
MemFree:          553104 kB
MemAvailable:    1417568 kB
Buffers:           89744 kB
Cached:           797780 kB
MemTotal:        1844596 kB
MemFree:          552912 kB
MemAvailable:    1417376 kB
Buffers:           89744 kB
Cached:           797780 kB
MemTotal:        1844596 kB
MemFree:          549608 kB
MemAvailable:    1414072 kB
Buffers:           89744 kB
Cached:           797780 kB
MemTotal:        1844596 kB
MemFree:          546580 kB
MemAvailable:    1411044 kB
Buffers:           89744 kB
Cached:           797780 kB
MemTotal:        1844596 kB
MemFree:          547820 kB
MemAvailable:    1412284 kB
Buffers:           89744 kB
Cached:           797780 kB
MemTotal:        1844596 kB
MemFree:          547440 kB
MemAvailable:    1411904 kB
Buffers:           89744 kB
Cached:           797780 kB
MemTotal:        1844596 kB
MemFree:          546152 kB
MemAvailable:    1410616 kB
Buffers:           89744 kB
Cached:           797780 kB
MemTotal:        1844596 kB
MemFree:          547300 kB
MemAvailable:    1411764 kB
Buffers:           89744 kB
Cached:           797780 kB
MemTotal:        1844596 kB
MemFree:          547636 kB
MemAvailable:    1412100 kB
Buffers:           89744 kB
Cached:           797780 kB
MemTotal:        1844596 kB
MemFree:          547612 kB
MemAvailable:    1412076 kB
Buffers:           89744 kB
Cached:           797780 kB
MemTotal:        1844596 kB
MemFree:          546180 kB
MemAvailable:    1410644 kB
Buffers:           89744 kB
Cached:           797780 kB
MemTotal:        1844596 kB
MemFree:          547372 kB
MemAvailable:    1411836 kB
Buffers:           89744 kB
Cached:           797780 kB
MemTotal:        1844596 kB
MemFree:          547624 kB
MemAvailable:    1412088 kB
Buffers:           89744 kB
Cached:           797780 kB
MemTotal:        1844596 kB
MemFree:          547408 kB
MemAvailable:    1411880 kB
Buffers:           89744 kB
Cached:           797788 kB
MemTotal:        1844596 kB
MemFree:          547596 kB
MemAvailable:    1412068 kB
Buffers:           89744 kB
Cached:           797788 kB
MemTotal:        1844596 kB
MemFree:          546712 kB
MemAvailable:    1411184 kB
Buffers:           89744 kB
Cached:           797788 kB
MemTotal:        1844596 kB
MemFree:          547600 kB
MemAvailable:    1412072 kB
Buffers:           89744 kB
Cached:           797788 kB
MemTotal:        1844596 kB
MemFree:          547436 kB
MemAvailable:    1411908 kB
Buffers:           89744 kB
Cached:           797788 kB
MemTotal:        1844596 kB
MemFree:          547688 kB
MemAvailable:    1412160 kB
Buffers:           89744 kB
Cached:           797788 kB
MemTotal:        1844596 kB
MemFree:          547408 kB
MemAvailable:    1411880 kB
Buffers:           89744 kB
Cached:           797788 kB
MemTotal:        1844596 kB
MemFree:          547464 kB
MemAvailable:    1411936 kB
Buffers:           89744 kB
Cached:           797788 kB
MemTotal:        1844596 kB
MemFree:          546844 kB
MemAvailable:    1411316 kB
Buffers:           89744 kB
Cached:           797788 kB
MemTotal:        1844596 kB
MemFree:          548068 kB
MemAvailable:    1412540 kB
Buffers:           89744 kB
Cached:           797788 kB
MemTotal:        1844596 kB
MemFree:          546712 kB
MemAvailable:    1411184 kB
Buffers:           89744 kB
Cached:           797788 kB
MemTotal:        1844596 kB
MemFree:          547468 kB
MemAvailable:    1411940 kB
Buffers:           89744 kB
Cached:           797788 kB
MemTotal:        1844596 kB
MemFree:          547600 kB
MemAvailable:    1412072 kB
Buffers:           89744 kB
Cached:           797788 kB
MemTotal:        1844596 kB
MemFree:          546044 kB
MemAvailable:    1410516 kB
Buffers:           89744 kB
Cached:           797788 kB
MemTotal:        1844596 kB
MemFree:          547456 kB
MemAvailable:    1411928 kB
Buffers:           89744 kB
Cached:           797788 kB
MemTotal:        1844596 kB
MemFree:          546076 kB
MemAvailable:    1410548 kB
Buffers:           89744 kB
Cached:           797788 kB
MemTotal:        1844596 kB
MemFree:          547532 kB
MemAvailable:    1412004 kB
Buffers:           89744 kB
Cached:           797788 kB
MemTotal:        1844596 kB
MemFree:          546712 kB
MemAvailable:    1411184 kB
Buffers:           89744 kB
Cached:           797788 kB
MemTotal:        1844596 kB
MemFree:          547564 kB
MemAvailable:    1412036 kB
Buffers:           89744 kB
Cached:           797788 kB
MemTotal:        1844596 kB
MemFree:          547900 kB
MemAvailable:    1412372 kB
Buffers:           89744 kB
Cached:           797788 kB
MemTotal:        1844596 kB
MemFree:          547572 kB
MemAvailable:    1412044 kB
Buffers:           89744 kB
Cached:           797788 kB
MemTotal:        1844596 kB
MemFree:          547584 kB
MemAvailable:    1412056 kB
Buffers:           89744 kB
Cached:           797788 kB
MemTotal:        1844596 kB
MemFree:          546276 kB
MemAvailable:    1410748 kB
Buffers:           89744 kB
Cached:           797788 kB
MemTotal:        1844596 kB
MemFree:          546312 kB
MemAvailable:    1410784 kB
Buffers:           89744 kB
Cached:           797788 kB
MemTotal:        1844596 kB
MemFree:          547448 kB
MemAvailable:    1411920 kB
Buffers:           89744 kB
Cached:           797788 kB
MemTotal:        1844596 kB
MemFree:          547376 kB
MemAvailable:    1411848 kB
Buffers:           89744 kB
Cached:           797788 kB
MemTotal:        1844596 kB
MemFree:          547712 kB
MemAvailable:    1412184 kB
Buffers:           89744 kB
Cached:           797788 kB
MemTotal:        1844596 kB
MemFree:          545224 kB
MemAvailable:    1409696 kB
Buffers:           89744 kB
Cached:           797788 kB
MemTotal:        1844596 kB
MemFree:          539628 kB
MemAvailable:    1404100 kB
Buffers:           89744 kB
Cached:           797788 kB
MemTotal:        1844596 kB
MemFree:          539592 kB
MemAvailable:    1404064 kB
Buffers:           89744 kB
Cached:           797788 kB
MemTotal:        1844596 kB
MemFree:          532948 kB
MemAvailable:    1397420 kB
Buffers:           89744 kB
Cached:           797788 kB
MemTotal:        1844596 kB
MemFree:          530220 kB
MemAvailable:    1394692 kB
Buffers:           89744 kB
Cached:           797788 kB
MemTotal:        1844596 kB
MemFree:          528980 kB
MemAvailable:    1393452 kB
Buffers:           89744 kB
Cached:           797788 kB
MemTotal:        1844596 kB
MemFree:          529956 kB
MemAvailable:    1394428 kB
Buffers:           89744 kB
Cached:           797788 kB
MemTotal:        1844596 kB
MemFree:          530208 kB
MemAvailable:    1394680 kB
Buffers:           89744 kB
Cached:           797788 kB
MemTotal:        1844596 kB
MemFree:          529968 kB
MemAvailable:    1394440 kB
Buffers:           89744 kB
Cached:           797788 kB
MemTotal:        1844596 kB
MemFree:          529352 kB
MemAvailable:    1393824 kB
Buffers:           89744 kB
Cached:           797788 kB
MemTotal:        1844596 kB
MemFree:          528228 kB
MemAvailable:    1392700 kB
Buffers:           89744 kB
Cached:           797788 kB
MemTotal:        1844596 kB
MemFree:          527804 kB
MemAvailable:    1392276 kB
Buffers:           89744 kB
Cached:           797788 kB
MemTotal:        1844596 kB
MemFree:          528964 kB
MemAvailable:    1393436 kB
Buffers:           89744 kB
Cached:           797788 kB
MemTotal:        1844596 kB
MemFree:          528964 kB
MemAvailable:    1393436 kB
Buffers:           89744 kB
Cached:           797788 kB
MemTotal:        1844596 kB
MemFree:          528784 kB
MemAvailable:    1393256 kB
Buffers:           89744 kB
Cached:           797788 kB
MemTotal:        1844596 kB
MemFree:          528112 kB
MemAvailable:    1392584 kB
Buffers:           89744 kB
Cached:           797788 kB
MemTotal:        1844596 kB
MemFree:          528552 kB
MemAvailable:    1393024 kB
Buffers:           89744 kB
Cached:           797788 kB
MemTotal:        1844596 kB
MemFree:          528608 kB
MemAvailable:    1393080 kB
Buffers:           89744 kB
Cached:           797788 kB
MemTotal:        1844596 kB
MemFree:          527168 kB
MemAvailable:    1391640 kB
Buffers:           89744 kB
Cached:           797788 kB
MemTotal:        1844596 kB
MemFree:          527424 kB
MemAvailable:    1391896 kB
Buffers:           89744 kB
Cached:           797788 kB
MemTotal:        1844596 kB
MemFree:          526996 kB
MemAvailable:    1391468 kB
Buffers:           89744 kB
Cached:           797788 kB
MemTotal:        1844596 kB
MemFree:          528104 kB
MemAvailable:    1392576 kB
Buffers:           89744 kB
Cached:           797788 kB
MemTotal:        1844596 kB
MemFree:          526988 kB
MemAvailable:    1391460 kB
Buffers:           89744 kB
Cached:           797788 kB
MemTotal:        1844596 kB
MemFree:          526508 kB
MemAvailable:    1390980 kB
Buffers:           89744 kB
Cached:           797788 kB
MemTotal:        1844596 kB
MemFree:          525260 kB
MemAvailable:    1389732 kB
Buffers:           89744 kB
Cached:           797788 kB
MemTotal:        1844596 kB
MemFree:          525252 kB
MemAvailable:    1389724 kB
Buffers:           89744 kB
Cached:           797788 kB
MemTotal:        1844596 kB
MemFree:          524500 kB
MemAvailable:    1388972 kB
Buffers:           89744 kB
Cached:           797788 kB
MemTotal:        1844596 kB
MemFree:          523968 kB
MemAvailable:    1388440 kB
Buffers:           89744 kB
Cached:           797788 kB
MemTotal:        1844596 kB
MemFree:          524692 kB
MemAvailable:    1389164 kB
Buffers:           89744 kB
Cached:           797788 kB
MemTotal:        1844596 kB
MemFree:          522896 kB
MemAvailable:    1387368 kB
Buffers:           89744 kB
Cached:           797788 kB
MemTotal:        1844596 kB
MemFree:          523012 kB
MemAvailable:    1387484 kB
Buffers:           89744 kB
Cached:           797788 kB
MemTotal:        1844596 kB
MemFree:          523096 kB
MemAvailable:    1387568 kB
Buffers:           89744 kB
Cached:           797788 kB
MemTotal:        1844596 kB
MemFree:          523016 kB
MemAvailable:    1387488 kB
Buffers:           89744 kB
Cached:           797788 kB
MemTotal:        1844596 kB
MemFree:          523156 kB
MemAvailable:    1387628 kB
Buffers:           89744 kB
Cached:           797788 kB
MemTotal:        1844596 kB
MemFree:          521640 kB
MemAvailable:    1386112 kB
Buffers:           89744 kB
Cached:           797788 kB
MemTotal:        1844596 kB
MemFree:          522964 kB
MemAvailable:    1387436 kB
Buffers:           89744 kB
Cached:           797788 kB
MemTotal:        1844596 kB
MemFree:          522408 kB
MemAvailable:    1386880 kB
Buffers:           89744 kB
Cached:           797788 kB
MemTotal:        1844596 kB
MemFree:          522844 kB
MemAvailable:    1387316 kB
Buffers:           89744 kB
Cached:           797788 kB
MemTotal:        1844596 kB
MemFree:          522844 kB
MemAvailable:    1387316 kB
Buffers:           89744 kB
Cached:           797788 kB
MemTotal:        1844596 kB
MemFree:          520424 kB
MemAvailable:    1384896 kB
Buffers:           89744 kB
Cached:           797788 kB
MemTotal:        1844596 kB
MemFree:          520672 kB
MemAvailable:    1385144 kB
Buffers:           89744 kB
Cached:           797788 kB
MemTotal:        1844596 kB
MemFree:          521292 kB
MemAvailable:    1385764 kB
Buffers:           89744 kB
Cached:           797788 kB
MemTotal:        1844596 kB
MemFree:          521224 kB
MemAvailable:    1385696 kB
Buffers:           89744 kB
Cached:           797788 kB
MemTotal:        1844596 kB
MemFree:          521168 kB
MemAvailable:    1385640 kB
Buffers:           89744 kB
Cached:           797788 kB
MemTotal:        1844596 kB
MemFree:          521164 kB
MemAvailable:    1385636 kB
Buffers:           89744 kB
Cached:           797788 kB
MemTotal:        1844596 kB
MemFree:          519996 kB
MemAvailable:    1384468 kB
Buffers:           89744 kB
Cached:           797788 kB
MemTotal:        1844596 kB
MemFree:          519996 kB
MemAvailable:    1384468 kB
Buffers:           89744 kB
Cached:           797788 kB
MemTotal:        1844596 kB
MemFree:          521292 kB
MemAvailable:    1385772 kB
Buffers:           89744 kB
Cached:           797796 kB
MemTotal:        1844596 kB
MemFree:          521236 kB
MemAvailable:    1385708 kB
Buffers:           89744 kB
Cached:           797788 kB
MemTotal:        1844596 kB
MemFree:          521292 kB
MemAvailable:    1385772 kB
Buffers:           89744 kB
Cached:           797796 kB
MemTotal:        1844596 kB
MemFree:          520128 kB
MemAvailable:    1384608 kB
Buffers:           89744 kB
Cached:           797796 kB
MemTotal:        1844596 kB
MemFree:          521152 kB
MemAvailable:    1385632 kB
Buffers:           89744 kB
Cached:           797796 kB
MemTotal:        1844596 kB
MemFree:          521044 kB
MemAvailable:    1385524 kB
Buffers:           89744 kB
Cached:           797796 kB
MemTotal:        1844596 kB
MemFree:          520040 kB
MemAvailable:    1384520 kB
Buffers:           89744 kB
Cached:           797796 kB
MemTotal:        1844596 kB
MemFree:          521224 kB
MemAvailable:    1385704 kB
Buffers:           89744 kB
Cached:           797796 kB
MemTotal:        1844596 kB
MemFree:          521308 kB
MemAvailable:    1385788 kB
Buffers:           89744 kB
Cached:           797796 kB
MemTotal:        1844596 kB
MemFree:          521288 kB
MemAvailable:    1385768 kB
Buffers:           89744 kB
Cached:           797796 kB
MemTotal:        1844596 kB
MemFree:          520672 kB
MemAvailable:    1385152 kB
Buffers:           89744 kB
Cached:           797796 kB
MemTotal:        1844596 kB
MemFree:          520040 kB
MemAvailable:    1384520 kB
Buffers:           89744 kB
Cached:           797796 kB
MemTotal:        1844596 kB
MemFree:          521364 kB
MemAvailable:    1385844 kB
Buffers:           89744 kB
Cached:           797796 kB
MemTotal:        1844596 kB
MemFree:          521340 kB
MemAvailable:    1385820 kB
Buffers:           89744 kB
Cached:           797796 kB
MemTotal:        1844596 kB
MemFree:          521224 kB
MemAvailable:    1385704 kB
Buffers:           89744 kB
Cached:           797796 kB
MemTotal:        1844596 kB
MemFree:          521292 kB
MemAvailable:    1385772 kB
Buffers:           89744 kB
Cached:           797796 kB
MemTotal:        1844596 kB
MemFree:          519996 kB
MemAvailable:    1384476 kB
Buffers:           89744 kB
Cached:           797796 kB
MemTotal:        1844596 kB
MemFree:          521424 kB
MemAvailable:    1385904 kB
Buffers:           89744 kB
Cached:           797796 kB
MemTotal:        1844596 kB
MemFree:          519984 kB
MemAvailable:    1384464 kB
Buffers:           89744 kB
Cached:           797796 kB
MemTotal:        1844596 kB
MemFree:          521352 kB
MemAvailable:    1385832 kB
Buffers:           89744 kB
Cached:           797796 kB
MemTotal:        1844596 kB
MemFree:          521220 kB
MemAvailable:    1385700 kB
Buffers:           89744 kB
Cached:           797796 kB
MemTotal:        1844596 kB
MemFree:          521300 kB
MemAvailable:    1385780 kB
Buffers:           89744 kB
Cached:           797796 kB
MemTotal:        1844596 kB
MemFree:          521112 kB
MemAvailable:    1385592 kB
Buffers:           89744 kB
Cached:           797796 kB
MemTotal:        1844596 kB
MemFree:          521368 kB
MemAvailable:    1385848 kB
Buffers:           89744 kB
Cached:           797796 kB
MemTotal:        1844596 kB
MemFree:          520912 kB
MemAvailable:    1385392 kB
Buffers:           89744 kB
Cached:           797796 kB
MemTotal:        1844596 kB
MemFree:          520504 kB
MemAvailable:    1384984 kB
Buffers:           89744 kB
Cached:           797796 kB
MemTotal:        1844596 kB
MemFree:          521072 kB
MemAvailable:    1385552 kB
Buffers:           89744 kB
Cached:           797796 kB
MemTotal:        1844596 kB
MemFree:          521408 kB
MemAvailable:    1385888 kB
Buffers:           89744 kB
Cached:           797796 kB
MemTotal:        1844596 kB
MemFree:          521252 kB
MemAvailable:    1385732 kB
Buffers:           89744 kB
Cached:           797796 kB
MemTotal:        1844596 kB
MemFree:          520176 kB
MemAvailable:    1384656 kB
Buffers:           89744 kB
Cached:           797796 kB
MemTotal:        1844596 kB
MemFree:          521168 kB
MemAvailable:    1385648 kB
Buffers:           89744 kB
Cached:           797796 kB
MemTotal:        1844596 kB
MemFree:          520040 kB
MemAvailable:    1384520 kB
Buffers:           89744 kB
Cached:           797796 kB
MemTotal:        1844596 kB
MemFree:          521280 kB
MemAvailable:    1385760 kB
Buffers:           89744 kB
Cached:           797796 kB
MemTotal:        1844596 kB
MemFree:          520424 kB
MemAvailable:    1384904 kB
Buffers:           89744 kB
Cached:           797796 kB
MemTotal:        1844596 kB
MemFree:          521152 kB
MemAvailable:    1385632 kB
Buffers:           89744 kB
Cached:           797796 kB
MemTotal:        1844596 kB
MemFree:          521404 kB
MemAvailable:    1385884 kB
Buffers:           89744 kB
Cached:           797796 kB
MemTotal:        1844596 kB
MemFree:          519912 kB
MemAvailable:    1384392 kB
Buffers:           89744 kB
Cached:           797796 kB
MemTotal:        1844596 kB
MemFree:          518192 kB
MemAvailable:    1382672 kB
Buffers:           89744 kB
Cached:           797796 kB
MemTotal:        1844596 kB
MemFree:          516416 kB
MemAvailable:    1380896 kB
Buffers:           89744 kB
Cached:           797796 kB
MemTotal:        1844596 kB
MemFree:          513596 kB
MemAvailable:    1378076 kB
Buffers:           89744 kB
Cached:           797796 kB
MemTotal:        1844596 kB
MemFree:          510124 kB
MemAvailable:    1374604 kB
Buffers:           89744 kB
Cached:           797796 kB
MemTotal:        1844596 kB
MemFree:          509140 kB
MemAvailable:    1373620 kB
Buffers:           89744 kB
Cached:           797796 kB
MemTotal:        1844596 kB
MemFree:          505048 kB
MemAvailable:    1369528 kB
Buffers:           89744 kB
Cached:           797796 kB
MemTotal:        1844596 kB
MemFree:          502876 kB
MemAvailable:    1367356 kB
Buffers:           89744 kB
Cached:           797796 kB
MemTotal:        1844596 kB
MemFree:          500700 kB
MemAvailable:    1365180 kB
Buffers:           89744 kB
Cached:           797796 kB
MemTotal:        1844596 kB
MemFree:          501768 kB
MemAvailable:    1366248 kB
Buffers:           89744 kB
Cached:           797796 kB
MemTotal:        1844596 kB
MemFree:          501768 kB
MemAvailable:    1366248 kB
Buffers:           89744 kB
Cached:           797796 kB
MemTotal:        1844596 kB
MemFree:          501776 kB
MemAvailable:    1366256 kB
Buffers:           89744 kB
Cached:           797796 kB
MemTotal:        1844596 kB
MemFree:          501832 kB
MemAvailable:    1366312 kB
Buffers:           89744 kB
Cached:           797796 kB
MemTotal:        1844596 kB
MemFree:          501684 kB
MemAvailable:    1366164 kB
Buffers:           89744 kB
Cached:           797796 kB
MemTotal:        1844596 kB
MemFree:          501576 kB
MemAvailable:    1366056 kB
Buffers:           89744 kB
Cached:           797796 kB
MemTotal:        1844596 kB
MemFree:          501864 kB
MemAvailable:    1366344 kB
Buffers:           89744 kB
Cached:           797796 kB
MemTotal:        1844596 kB
MemFree:          501740 kB
MemAvailable:    1366220 kB
Buffers:           89744 kB
Cached:           797796 kB
MemTotal:        1844596 kB
MemFree:          500648 kB
MemAvailable:    1365128 kB
Buffers:           89744 kB
Cached:           797796 kB
MemTotal:        1844596 kB
MemFree:          500516 kB
MemAvailable:    1364996 kB
Buffers:           89744 kB
Cached:           797796 kB
MemTotal:        1844596 kB
MemFree:          501784 kB
MemAvailable:    1366264 kB
Buffers:           89744 kB
Cached:           797796 kB
MemTotal:        1844596 kB
MemFree:          502036 kB
MemAvailable:    1366516 kB
Buffers:           89744 kB
Cached:           797796 kB
MemTotal:        1844596 kB
MemFree:          501684 kB
MemAvailable:    1366164 kB
Buffers:           89744 kB
Cached:           797796 kB
MemTotal:        1844596 kB
MemFree:          500560 kB
MemAvailable:    1365040 kB
Buffers:           89744 kB
Cached:           797796 kB
MemTotal:        1844596 kB
MemFree:          501412 kB
MemAvailable:    1365892 kB
Buffers:           89744 kB
Cached:           797796 kB
MemTotal:        1844596 kB
MemFree:          501328 kB
MemAvailable:    1365808 kB
Buffers:           89744 kB
Cached:           797796 kB
MemTotal:        1844596 kB
MemFree:          500324 kB
MemAvailable:    1364804 kB
Buffers:           89744 kB
Cached:           797796 kB
MemTotal:        1844596 kB
MemFree:          501508 kB
MemAvailable:    1365988 kB
Buffers:           89744 kB
Cached:           797796 kB
MemTotal:        1844596 kB
MemFree:          501576 kB
MemAvailable:    1366056 kB
Buffers:           89744 kB
Cached:           797796 kB
MemTotal:        1844596 kB
MemFree:          501448 kB
MemAvailable:    1365928 kB
Buffers:           89744 kB
Cached:           797796 kB
MemTotal:        1844596 kB
MemFree:          500268 kB
MemAvailable:    1364748 kB
Buffers:           89744 kB
Cached:           797796 kB
MemTotal:        1844596 kB
MemFree:          501372 kB
MemAvailable:    1365852 kB
Buffers:           89744 kB
Cached:           797796 kB
MemTotal:        1844596 kB
MemFree:          501204 kB
MemAvailable:    1365684 kB
Buffers:           89744 kB
Cached:           797796 kB
MemTotal:        1844596 kB
MemFree:          500280 kB
MemAvailable:    1364760 kB
Buffers:           89744 kB
Cached:           797796 kB
MemTotal:        1844596 kB
MemFree:          499964 kB
MemAvailable:    1364444 kB
Buffers:           89744 kB
Cached:           797796 kB
MemTotal:        1844596 kB
MemFree:          499840 kB
MemAvailable:    1364320 kB
Buffers:           89744 kB
Cached:           797796 kB
MemTotal:        1844596 kB
MemFree:          496244 kB
MemAvailable:    1360724 kB
Buffers:           89744 kB
Cached:           797796 kB
MemTotal:        1844596 kB
MemFree:          490600 kB
MemAvailable:    1355080 kB
Buffers:           89744 kB
Cached:           797796 kB
MemTotal:        1844596 kB
MemFree:          491656 kB
MemAvailable:    1356136 kB
Buffers:           89744 kB
Cached:           797796 kB
MemTotal:        1844596 kB
MemFree:          491524 kB
MemAvailable:    1356012 kB
Buffers:           89744 kB
Cached:           797804 kB
MemTotal:        1844596 kB
MemFree:          491524 kB
MemAvailable:    1356012 kB
Buffers:           89744 kB
Cached:           797804 kB
MemTotal:        1844596 kB
MemFree:          489300 kB
MemAvailable:    1353792 kB
Buffers:           89744 kB
Cached:           797808 kB
MemTotal:        1844596 kB
MemFree:          489228 kB
MemAvailable:    1353720 kB
Buffers:           89744 kB
Cached:           797808 kB
MemTotal:        1844596 kB
MemFree:          489108 kB
MemAvailable:    1353600 kB
Buffers:           89744 kB
Cached:           797808 kB
MemTotal:        1844596 kB
MemFree:          489176 kB
MemAvailable:    1353668 kB
Buffers:           89744 kB
Cached:           797808 kB
MemTotal:        1844596 kB
MemFree:          487756 kB
MemAvailable:    1352248 kB
Buffers:           89744 kB
Cached:           797808 kB
MemTotal:        1844596 kB
MemFree:          489048 kB
MemAvailable:    1353540 kB
Buffers:           89744 kB
Cached:           797808 kB
MemTotal:        1844596 kB
MemFree:          487748 kB
MemAvailable:    1352240 kB
Buffers:           89744 kB
Cached:           797808 kB
MemTotal:        1844596 kB
MemFree:          488740 kB
MemAvailable:    1353232 kB
Buffers:           89744 kB
Cached:           797808 kB
MemTotal:        1844596 kB
MemFree:          487308 kB
MemAvailable:    1351800 kB
Buffers:           89744 kB
Cached:           797808 kB
MemTotal:        1844596 kB
MemFree:          487440 kB
MemAvailable:    1352100 kB
Buffers:           89744 kB
Cached:           798056 kB
MemTotal:        1844596 kB
MemFree:          488260 kB
MemAvailable:    1353172 kB
Buffers:           89744 kB
Cached:           798180 kB
MemTotal:        1844596 kB
MemFree:          488260 kB
MemAvailable:    1353172 kB
Buffers:           89744 kB
Cached:           798180 kB
MemTotal:        1844596 kB
MemFree:          487912 kB
MemAvailable:    1352992 kB
Buffers:           89744 kB
Cached:           798304 kB
MemTotal:        1844596 kB
MemFree:          488248 kB
MemAvailable:    1353328 kB
Buffers:           89744 kB
Cached:           798304 kB
MemTotal:        1844596 kB
MemFree:          486764 kB
MemAvailable:    1351844 kB
Buffers:           89744 kB
Cached:           798304 kB
MemTotal:        1844596 kB
MemFree:          487068 kB
MemAvailable:    1352148 kB
Buffers:           89744 kB
Cached:           798428 kB
MemTotal:        1844596 kB
MemFree:          488112 kB
MemAvailable:    1353212 kB
Buffers:           89744 kB
Cached:           798492 kB
MemTotal:        1844596 kB
MemFree:          487076 kB
MemAvailable:    1352176 kB
Buffers:           89744 kB
Cached:           798492 kB
MemTotal:        1844596 kB
MemFree:          487936 kB
MemAvailable:    1353036 kB
Buffers:           89744 kB
Cached:           798492 kB
MemTotal:        1844596 kB
MemFree:          488080 kB
MemAvailable:    1353180 kB
Buffers:           89744 kB
Cached:           798492 kB
MemTotal:        1844596 kB
MemFree:          486772 kB
MemAvailable:    1351872 kB
Buffers:           89744 kB
Cached:           798492 kB
MemTotal:        1844596 kB
MemFree:          487948 kB
MemAvailable:    1353048 kB
Buffers:           89744 kB
Cached:           798492 kB
MemTotal:        1844596 kB
MemFree:          486684 kB
MemAvailable:    1351784 kB
Buffers:           89744 kB
Cached:           798492 kB
MemTotal:        1844596 kB
MemFree:          487192 kB
MemAvailable:    1352376 kB
Buffers:           89744 kB
Cached:           798616 kB
MemTotal:        1844596 kB
MemFree:          486432 kB
MemAvailable:    1350944 kB
Buffers:           89744 kB
Cached:           797860 kB
MemTotal:        1844596 kB
MemFree:          541580 kB
MemAvailable:    1406176 kB
Buffers:           89744 kB
Cached:           797860 kB
MemTotal:        1844596 kB
MemFree:          604384 kB
MemAvailable:    1468896 kB
Buffers:           89744 kB
Cached:           797860 kB
MemTotal:        1844596 kB
MemFree:          681972 kB
MemAvailable:    1546484 kB
Buffers:           89744 kB
Cached:           797860 kB
