MemTotal:        1844596 kB
MemFree:          312628 kB
MemAvailable:    1545900 kB
Buffers:           92692 kB
Cached:          1169164 kB
MemTotal:        1844596 kB
MemFree:          285620 kB
MemAvailable:    1518896 kB
Buffers:           92692 kB
Cached:          1169168 kB
MemTotal:        1844596 kB
MemFree:          283264 kB
MemAvailable:    1516540 kB
Buffers:           92692 kB
Cached:          1169168 kB
MemTotal:        1844596 kB
MemFree:          283068 kB
MemAvailable:    1516344 kB
Buffers:           92692 kB
Cached:          1169168 kB
MemTotal:        1844596 kB
MemFree:          280668 kB
MemAvailable:    1513944 kB
Buffers:           92692 kB
Cached:          1169168 kB
MemTotal:        1844596 kB
MemFree:          281776 kB
MemAvailable:    1515052 kB
Buffers:           92692 kB
Cached:          1169168 kB
MemTotal:        1844596 kB
MemFree:          280784 kB
MemAvailable:    1514060 kB
Buffers:           92692 kB
Cached:          1169168 kB
MemTotal:        1844596 kB
MemFree:          278420 kB
MemAvailable:    1511696 kB
Buffers:           92692 kB
Cached:          1169168 kB
MemTotal:        1844596 kB
MemFree:          277816 kB
MemAvailable:    1511092 kB
Buffers:           92692 kB
Cached:          1169168 kB
MemTotal:        1844596 kB
MemFree:          275328 kB
MemAvailable:    1508604 kB
Buffers:           92692 kB
Cached:          1169168 kB
MemTotal:        1844596 kB
MemFree:          272104 kB
MemAvailable:    1505380 kB
Buffers:           92692 kB
Cached:          1169168 kB
MemTotal:        1844596 kB
MemFree:          270732 kB
MemAvailable:    1504008 kB
Buffers:           92692 kB
Cached:          1169168 kB
MemTotal:        1844596 kB
MemFree:          271652 kB
MemAvailable:    1504928 kB
Buffers:           92692 kB
Cached:          1169168 kB
MemTotal:        1844596 kB
MemFree:          271712 kB
MemAvailable:    1504988 kB
Buffers:           92692 kB
Cached:          1169168 kB
MemTotal:        1844596 kB
MemFree:          270368 kB
MemAvailable:    1503644 kB
Buffers:           92692 kB
Cached:          1169168 kB
MemTotal:        1844596 kB
MemFree:          271476 kB
MemAvailable:    1504752 kB
Buffers:           92692 kB
Cached:          1169168 kB
MemTotal:        1844596 kB
MemFree:          271368 kB
MemAvailable:    1504644 kB
Buffers:           92692 kB
Cached:          1169168 kB
MemTotal:        1844596 kB
MemFree:          269864 kB
MemAvailable:    1503140 kB
Buffers:           92692 kB
Cached:          1169168 kB
MemTotal:        1844596 kB
MemFree:          271416 kB
MemAvailable:    1504692 kB
Buffers:           92692 kB
Cached:          1169168 kB
MemTotal:        1844596 kB
MemFree:          269856 kB
MemAvailable:    1503132 kB
Buffers:           92692 kB
Cached:          1169168 kB
MemTotal:        1844596 kB
MemFree:          269856 kB
MemAvailable:    1503132 kB
Buffers:           92692 kB
Cached:          1169168 kB
MemTotal:        1844596 kB
MemFree:          271048 kB
MemAvailable:    1504324 kB
Buffers:           92692 kB
Cached:          1169168 kB
MemTotal:        1844596 kB
MemFree:          271084 kB
MemAvailable:    1504360 kB
Buffers:           92692 kB
Cached:          1169168 kB
MemTotal:        1844596 kB
MemFree:          270428 kB
MemAvailable:    1503704 kB
Buffers:           92692 kB
Cached:          1169168 kB
MemTotal:        1844596 kB
MemFree:          270104 kB
MemAvailable:    1503380 kB
Buffers:           92692 kB
Cached:          1169168 kB
MemTotal:        1844596 kB
MemFree:          270120 kB
MemAvailable:    1503396 kB
Buffers:           92692 kB
Cached:          1169168 kB
MemTotal:        1844596 kB
MemFree:          270064 kB
MemAvailable:    1503340 kB
Buffers:           92692 kB
Cached:          1169168 kB
MemTotal:        1844596 kB
MemFree:          269868 kB
MemAvailable:    1503144 kB
Buffers:           92692 kB
Cached:          1169168 kB
MemTotal:        1844596 kB
MemFree:          268560 kB
MemAvailable:    1501836 kB
Buffers:           92692 kB
Cached:          1169168 kB
MemTotal:        1844596 kB
MemFree:          269064 kB
MemAvailable:    1502340 kB
Buffers:           92692 kB
Cached:          1169168 kB
MemTotal:        1844596 kB
MemFree:          267592 kB
MemAvailable:    1500868 kB
Buffers:           92692 kB
Cached:          1169168 kB
MemTotal:        1844596 kB
MemFree:          268452 kB
MemAvailable:    1501728 kB
Buffers:           92692 kB
Cached:          1169168 kB
MemTotal:        1844596 kB
MemFree:          268452 kB
MemAvailable:    1501728 kB
Buffers:           92692 kB
Cached:          1169168 kB
MemTotal:        1844596 kB
MemFree:          267380 kB
MemAvailable:    1500656 kB
Buffers:           92692 kB
Cached:          1169168 kB
MemTotal:        1844596 kB
MemFree:          267268 kB
MemAvailable:    1500556 kB
Buffers:           92692 kB
Cached:          1169176 kB
MemTotal:        1844596 kB
MemFree:          268536 kB
MemAvailable:    1501824 kB
Buffers:           92692 kB
Cached:          1169176 kB
MemTotal:        1844596 kB
MemFree:          268708 kB
MemAvailable:    1501996 kB
Buffers:           92692 kB
Cached:          1169176 kB
MemTotal:        1844596 kB
MemFree:          268596 kB
MemAvailable:    1501884 kB
Buffers:           92692 kB
Cached:          1169176 kB
MemTotal:        1844596 kB
MemFree:          268136 kB
MemAvailable:    1501424 kB
Buffers:           92692 kB
Cached:          1169176 kB
MemTotal:        1844596 kB
MemFree:          266152 kB
MemAvailable:    1499440 kB
Buffers:           92692 kB
Cached:          1169176 kB
MemTotal:        1844596 kB
MemFree:          264524 kB
MemAvailable:    1497812 kB
Buffers:           92692 kB
Cached:          1169176 kB
MemTotal:        1844596 kB
MemFree:          264776 kB
MemAvailable:    1498064 kB
Buffers:           92692 kB
Cached:          1169176 kB
MemTotal:        1844596 kB
MemFree:          264716 kB
MemAvailable:    1498004 kB
Buffers:           92692 kB
Cached:          1169176 kB
MemTotal:        1844596 kB
MemFree:          264676 kB
MemAvailable:    1497964 kB
Buffers:           92692 kB
Cached:          1169176 kB
MemTotal:        1844596 kB
MemFree:          263548 kB
MemAvailable:    1496836 kB
Buffers:           92692 kB
Cached:          1169176 kB
MemTotal:        1844596 kB
MemFree:          264164 kB
MemAvailable:    1497452 kB
Buffers:           92692 kB
Cached:          1169176 kB
MemTotal:        1844596 kB
MemFree:          264104 kB
MemAvailable:    1497392 kB
Buffers:           92692 kB
Cached:          1169176 kB
MemTotal:        1844596 kB
MemFree:          264104 kB
MemAvailable:    1497392 kB
Buffers:           92692 kB
Cached:          1169176 kB
MemTotal:        1844596 kB
MemFree:          264120 kB
MemAvailable:    1497408 kB
Buffers:           92692 kB
Cached:          1169176 kB
MemTotal:        1844596 kB
MemFree:          263976 kB
MemAvailable:    1497264 kB
Buffers:           92692 kB
Cached:          1169176 kB
MemTotal:        1844596 kB
MemFree:          263920 kB
MemAvailable:    1497208 kB
Buffers:           92692 kB
Cached:          1169176 kB
MemTotal:        1844596 kB
MemFree:          262748 kB
MemAvailable:    1496036 kB
Buffers:           92692 kB
Cached:          1169176 kB
MemTotal:        1844596 kB
MemFree:          264228 kB
MemAvailable:    1497516 kB
Buffers:           92692 kB
Cached:          1169176 kB
MemTotal:        1844596 kB
MemFree:          264396 kB
MemAvailable:    1497684 kB
Buffers:           92692 kB
Cached:          1169176 kB
MemTotal:        1844596 kB
MemFree:          263300 kB
MemAvailable:    1496588 kB
Buffers:           92692 kB
Cached:          1169176 kB
MemTotal:        1844596 kB
MemFree:          260012 kB
MemAvailable:    1493300 kB
Buffers:           92692 kB
Cached:          1169176 kB
MemTotal:        1844596 kB
MemFree:          257472 kB
MemAvailable:    1490760 kB
Buffers:           92692 kB
Cached:          1169176 kB
MemTotal:        1844596 kB
MemFree:          257828 kB
MemAvailable:    1491116 kB
Buffers:           92692 kB
Cached:          1169176 kB
MemTotal:        1844596 kB
MemFree:          257720 kB
MemAvailable:    1491008 kB
Buffers:           92692 kB
Cached:          1169176 kB
MemTotal:        1844596 kB
MemFree:          256340 kB
MemAvailable:    1489628 kB
Buffers:           92692 kB
Cached:          1169176 kB
MemTotal:        1844596 kB
MemFree:          256552 kB
MemAvailable:    1489840 kB
Buffers:           92692 kB
Cached:          1169176 kB
MemTotal:        1844596 kB
MemFree:          255612 kB
MemAvailable:    1488900 kB
Buffers:           92692 kB
Cached:          1169176 kB
MemTotal:        1844596 kB
MemFree:          255604 kB
MemAvailable:    1488892 kB
Buffers:           92692 kB
Cached:          1169176 kB
MemTotal:        1844596 kB
MemFree:          255688 kB
MemAvailable:    1488976 kB
Buffers:           92692 kB
Cached:          1169176 kB
MemTotal:        1844596 kB
MemFree:          254108 kB
MemAvailable:    1487396 kB
Buffers:           92692 kB
Cached:          1169176 kB
MemTotal:        1844596 kB
MemFree:          255416 kB
MemAvailable:    1488704 kB
Buffers:           92692 kB
Cached:          1169176 kB
MemTotal:        1844596 kB
MemFree:          255340 kB
MemAvailable:    1488628 kB
Buffers:           92692 kB
Cached:          1169176 kB
MemTotal:        1844596 kB
MemFree:          254744 kB
MemAvailable:    1488032 kB
Buffers:           92692 kB
Cached:          1169176 kB
MemTotal:        1844596 kB
MemFree:          255352 kB
MemAvailable:    1488640 kB
Buffers:           92692 kB
Cached:          1169176 kB
MemTotal:        1844596 kB
MemFree:          255408 kB
MemAvailable:    1488696 kB
Buffers:           92692 kB
Cached:          1169176 kB
MemTotal:        1844596 kB
MemFree:          254628 kB
MemAvailable:    1487916 kB
Buffers:           92692 kB
Cached:          1169176 kB
MemTotal:        1844596 kB
MemFree:          255316 kB
MemAvailable:    1488604 kB
Buffers:           92692 kB
Cached:          1169176 kB
MemTotal:        1844596 kB
MemFree:          255572 kB
MemAvailable:    1488860 kB
Buffers:           92692 kB
Cached:          1169176 kB
MemTotal:        1844596 kB
MemFree:          255316 kB
MemAvailable:    1488604 kB
Buffers:           92692 kB
Cached:          1169176 kB
MemTotal:        1844596 kB
MemFree:          255120 kB
MemAvailable:    1488408 kB
Buffers:           92692 kB
Cached:          1169176 kB
MemTotal:        1844596 kB
MemFree:          254256 kB
MemAvailable:    1487544 kB
Buffers:           92692 kB
Cached:          1169176 kB
MemTotal:        1844596 kB
MemFree:          255108 kB
MemAvailable:    1488396 kB
Buffers:           92692 kB
Cached:          1169176 kB
MemTotal:        1844596 kB
MemFree:          255108 kB
MemAvailable:    1488396 kB
Buffers:           92692 kB
Cached:          1169176 kB
MemTotal:        1844596 kB
MemFree:          254936 kB
MemAvailable:    1488224 kB
Buffers:           92692 kB
Cached:          1169176 kB
MemTotal:        1844596 kB
MemFree:          255272 kB
MemAvailable:    1488560 kB
Buffers:           92692 kB
Cached:          1169176 kB
MemTotal:        1844596 kB
MemFree:          255020 kB
MemAvailable:    1488308 kB
Buffers:           92692 kB
Cached:          1169176 kB
MemTotal:        1844596 kB
MemFree:          253820 kB
MemAvailable:    1487108 kB
Buffers:           92692 kB
Cached:          1169176 kB
MemTotal:        1844596 kB
MemFree:          252512 kB
MemAvailable:    1485800 kB
Buffers:           92692 kB
Cached:          1169176 kB
MemTotal:        1844596 kB
MemFree:          250032 kB
MemAvailable:    1483320 kB
Buffers:           92692 kB
Cached:          1169176 kB
MemTotal:        1844596 kB
MemFree:          247048 kB
MemAvailable:    1480336 kB
Buffers:           92692 kB
Cached:          1169176 kB
MemTotal:        1844596 kB
MemFree:          247048 kB
MemAvailable:    1480336 kB
Buffers:           92692 kB
Cached:          1169176 kB
MemTotal:        1844596 kB
MemFree:          246620 kB
MemAvailable:    1479908 kB
Buffers:           92692 kB
Cached:          1169176 kB
MemTotal:        1844596 kB
MemFree:          246872 kB
MemAvailable:    1480160 kB
Buffers:           92692 kB
Cached:          1169176 kB
MemTotal:        1844596 kB
MemFree:          245388 kB
MemAvailable:    1478676 kB
Buffers:           92692 kB
Cached:          1169176 kB
MemTotal:        1844596 kB
MemFree:          246488 kB
MemAvailable:    1479776 kB
Buffers:           92692 kB
Cached:          1169176 kB
MemTotal:        1844596 kB
MemFree:          246488 kB
MemAvailable:    1479776 kB
Buffers:           92692 kB
Cached:          1169176 kB
MemTotal:        1844596 kB
MemFree:          246424 kB
MemAvailable:    1479712 kB
Buffers:           92692 kB
Cached:          1169176 kB
MemTotal:        1844596 kB
MemFree:          246304 kB
MemAvailable:    1479592 kB
Buffers:           92692 kB
Cached:          1169176 kB
MemTotal:        1844596 kB
MemFree:          245576 kB
MemAvailable:    1478864 kB
Buffers:           92692 kB
Cached:          1169176 kB
MemTotal:        1844596 kB
MemFree:          246172 kB
MemAvailable:    1479460 kB
Buffers:           92692 kB
Cached:          1169176 kB
MemTotal:        1844596 kB
MemFree:          246380 kB
MemAvailable:    1479668 kB
Buffers:           92692 kB
Cached:          1169176 kB
MemTotal:        1844596 kB
MemFree:          246484 kB
MemAvailable:    1479772 kB
Buffers:           92692 kB
Cached:          1169176 kB
MemTotal:        1844596 kB
MemFree:          245176 kB
MemAvailable:    1478464 kB
Buffers:           92692 kB
Cached:          1169176 kB
MemTotal:        1844596 kB
MemFree:          246304 kB
MemAvailable:    1479592 kB
Buffers:           92692 kB
Cached:          1169176 kB
MemTotal:        1844596 kB
MemFree:          246320 kB
MemAvailable:    1479608 kB
Buffers:           92692 kB
Cached:          1169176 kB
MemTotal:        1844596 kB
MemFree:          246436 kB
MemAvailable:    1479724 kB
Buffers:           92692 kB
Cached:          1169176 kB
MemTotal:        1844596 kB
MemFree:          245188 kB
MemAvailable:    1478476 kB
Buffers:           92692 kB
Cached:          1169176 kB
MemTotal:        1844596 kB
MemFree:          245188 kB
MemAvailable:    1478476 kB
Buffers:           92692 kB
Cached:          1169176 kB
MemTotal:        1844596 kB
MemFree:          246312 kB
MemAvailable:    1479600 kB
Buffers:           92692 kB
Cached:          1169176 kB
MemTotal:        1844596 kB
MemFree:          245568 kB
MemAvailable:    1478856 kB
Buffers:           92692 kB
Cached:          1169176 kB
MemTotal:        1844596 kB
MemFree:          246168 kB
MemAvailable:    1479456 kB
Buffers:           92692 kB
Cached:          1169176 kB
MemTotal:        1844596 kB
MemFree:          246424 kB
MemAvailable:    1479712 kB
Buffers:           92692 kB
Cached:          1169176 kB
MemTotal:        1844596 kB
MemFree:          246252 kB
MemAvailable:    1479540 kB
Buffers:           92692 kB
Cached:          1169176 kB
MemTotal:        1844596 kB
MemFree:          246280 kB
MemAvailable:    1479568 kB
Buffers:           92692 kB
Cached:          1169176 kB
MemTotal:        1844596 kB
MemFree:          246312 kB
MemAvailable:    1479600 kB
Buffers:           92692 kB
Cached:          1169176 kB
MemTotal:        1844596 kB
MemFree:          246424 kB
MemAvailable:    1479712 kB
Buffers:           92692 kB
Cached:          1169176 kB
MemTotal:        1844596 kB
MemFree:          246312 kB
MemAvailable:    1479604 kB
Buffers:           92692 kB
Cached:          1169180 kB
MemTotal:        1844596 kB
MemFree:          244328 kB
MemAvailable:    1477620 kB
Buffers:           92692 kB
Cached:          1169180 kB
MemTotal:        1844596 kB
MemFree:          240972 kB
MemAvailable:    1474268 kB
Buffers:           92692 kB
Cached:          1169184 kB
MemTotal:        1844596 kB
MemFree:          240492 kB
MemAvailable:    1473788 kB
Buffers:           92692 kB
Cached:          1169184 kB
MemTotal:        1844596 kB
MemFree:          237384 kB
MemAvailable:    1470680 kB
Buffers:           92692 kB
Cached:          1169184 kB
MemTotal:        1844596 kB
MemFree:          237128 kB
MemAvailable:    1470424 kB
Buffers:           92692 kB
Cached:          1169184 kB
MemTotal:        1844596 kB
MemFree:          236152 kB
MemAvailable:    1469448 kB
Buffers:           92692 kB
Cached:          1169184 kB
MemTotal:        1844596 kB
MemFree:          236832 kB
MemAvailable:    1470128 kB
Buffers:           92692 kB
Cached:          1169184 kB
MemTotal:        1844596 kB
MemFree:          237088 kB
MemAvailable:    1470384 kB
Buffers:           92692 kB
Cached:          1169184 kB
MemTotal:        1844596 kB
MemFree:          235708 kB
MemAvailable:    1469004 kB
Buffers:           92692 kB
Cached:          1169184 kB
MemTotal:        1844596 kB
MemFree:          234036 kB
MemAvailable:    1467332 kB
Buffers:           92692 kB
Cached:          1169184 kB
MemTotal:        1844596 kB
MemFree:          235144 kB
MemAvailable:    1468440 kB
Buffers:           92692 kB
Cached:          1169184 kB
MemTotal:        1844596 kB
MemFree:          234740 kB
MemAvailable:    1468036 kB
Buffers:           92692 kB
Cached:          1169184 kB
MemTotal:        1844596 kB
MemFree:          233416 kB
MemAvailable:    1466712 kB
Buffers:           92692 kB
Cached:          1169184 kB
MemTotal:        1844596 kB
MemFree:          234656 kB
MemAvailable:    1467952 kB
Buffers:           92692 kB
Cached:          1169184 kB
MemTotal:        1844596 kB
MemFree:          234796 kB
MemAvailable:    1468092 kB
Buffers:           92692 kB
Cached:          1169184 kB
MemTotal:        1844596 kB
MemFree:          233236 kB
MemAvailable:    1466532 kB
Buffers:           92692 kB
Cached:          1169184 kB
MemTotal:        1844596 kB
MemFree:          234436 kB
MemAvailable:    1467732 kB
Buffers:           92692 kB
Cached:          1169184 kB
MemTotal:        1844596 kB
MemFree:          234504 kB
MemAvailable:    1467800 kB
Buffers:           92692 kB
Cached:          1169184 kB
MemTotal:        1844596 kB
MemFree:          234036 kB
MemAvailable:    1467332 kB
Buffers:           92692 kB
Cached:          1169184 kB
MemTotal:        1844596 kB
MemFree:          234512 kB
MemAvailable:    1467808 kB
Buffers:           92692 kB
Cached:          1169184 kB
MemTotal:        1844596 kB
MemFree:          234664 kB
MemAvailable:    1467960 kB
Buffers:           92692 kB
Cached:          1169184 kB
MemTotal:        1844596 kB
MemFree:          234484 kB
MemAvailable:    1467780 kB
Buffers:           92692 kB
Cached:          1169184 kB
MemTotal:        1844596 kB
MemFree:          234580 kB
MemAvailable:    1467876 kB
Buffers:           92692 kB
Cached:          1169184 kB
MemTotal:        1844596 kB
MemFree:          233788 kB
MemAvailable:    1467084 kB
Buffers:           92692 kB
Cached:          1169184 kB
MemTotal:        1844596 kB
MemFree:          234772 kB
MemAvailable:    1468068 kB
Buffers:           92692 kB
Cached:          1169184 kB
MemTotal:        1844596 kB
MemFree:          234540 kB
MemAvailable:    1467836 kB
Buffers:           92692 kB
Cached:          1169184 kB
MemTotal:        1844596 kB
MemFree:          234544 kB
MemAvailable:    1467840 kB
Buffers:           92692 kB
Cached:          1169184 kB
MemTotal:        1844596 kB
MemFree:          234288 kB
MemAvailable:    1467584 kB
Buffers:           92692 kB
Cached:          1169184 kB
MemTotal:        1844596 kB
MemFree:          234580 kB
MemAvailable:    1467876 kB
Buffers:           92692 kB
Cached:          1169184 kB
MemTotal:        1844596 kB
MemFree:          234532 kB
MemAvailable:    1467828 kB
Buffers:           92692 kB
Cached:          1169184 kB
MemTotal:        1844596 kB
MemFree:          233664 kB
MemAvailable:    1466960 kB
Buffers:           92692 kB
Cached:          1169184 kB
MemTotal:        1844596 kB
MemFree:          234228 kB
MemAvailable:    1467528 kB
Buffers:           92692 kB
Cached:          1169188 kB
MemTotal:        1844596 kB
MemFree:          234564 kB
MemAvailable:    1467864 kB
Buffers:           92692 kB
Cached:          1169188 kB
MemTotal:        1844596 kB
MemFree:          234348 kB
MemAvailable:    1467648 kB
Buffers:           92692 kB
Cached:          1169188 kB
MemTotal:        1844596 kB
MemFree:          234600 kB
MemAvailable:    1467900 kB
Buffers:           92692 kB
Cached:          1169188 kB
MemTotal:        1844596 kB
MemFree:          233112 kB
MemAvailable:    1466412 kB
Buffers:           92692 kB
Cached:          1169188 kB
MemTotal:        1844596 kB
MemFree:          234688 kB
MemAvailable:    1467988 kB
Buffers:           92692 kB
Cached:          1169188 kB
MemTotal:        1844596 kB
MemFree:          234208 kB
MemAvailable:    1467508 kB
Buffers:           92692 kB
Cached:          1169188 kB
MemTotal:        1844596 kB
MemFree:          234460 kB
MemAvailable:    1467760 kB
Buffers:           92692 kB
Cached:          1169188 kB
MemTotal:        1844596 kB
MemFree:          233168 kB
MemAvailable:    1466468 kB
Buffers:           92692 kB
Cached:          1169188 kB
MemTotal:        1844596 kB
MemFree:          234552 kB
MemAvailable:    1467852 kB
Buffers:           92692 kB
Cached:          1169188 kB
MemTotal:        1844596 kB
MemFree:          233292 kB
MemAvailable:    1466592 kB
Buffers:           92692 kB
Cached:          1169188 kB
MemTotal:        1844596 kB
MemFree:          234444 kB
MemAvailable:    1467744 kB
Buffers:           92692 kB
Cached:          1169188 kB
MemTotal:        1844596 kB
MemFree:          234616 kB
MemAvailable:    1467916 kB
Buffers:           92692 kB
Cached:          1169188 kB
MemTotal:        1844596 kB
MemFree:          233292 kB
MemAvailable:    1466592 kB
Buffers:           92692 kB
Cached:          1169188 kB
MemTotal:        1844596 kB
MemFree:          234460 kB
MemAvailable:    1467760 kB
Buffers:           92692 kB
Cached:          1169188 kB
MemTotal:        1844596 kB
MemFree:          233292 kB
MemAvailable:    1466592 kB
Buffers:           92692 kB
Cached:          1169188 kB
MemTotal:        1844596 kB
MemFree:          234392 kB
MemAvailable:    1467692 kB
Buffers:           92692 kB
Cached:          1169188 kB
MemTotal:        1844596 kB
MemFree:          234604 kB
MemAvailable:    1467904 kB
Buffers:           92692 kB
Cached:          1169188 kB
MemTotal:        1844596 kB
MemFree:          234468 kB
MemAvailable:    1467768 kB
Buffers:           92692 kB
Cached:          1169188 kB
MemTotal:        1844596 kB
MemFree:          233292 kB
MemAvailable:    1466592 kB
Buffers:           92692 kB
Cached:          1169188 kB
MemTotal:        1844596 kB
MemFree:          234524 kB
MemAvailable:    1467824 kB
Buffers:           92692 kB
Cached:          1169188 kB
MemTotal:        1844596 kB
MemFree:          234412 kB
MemAvailable:    1467712 kB
Buffers:           92692 kB
Cached:          1169188 kB
MemTotal:        1844596 kB
MemFree:          234540 kB
MemAvailable:    1467840 kB
Buffers:           92692 kB
Cached:          1169188 kB
MemTotal:        1844596 kB
MemFree:          233796 kB
MemAvailable:    1467096 kB
Buffers:           92692 kB
Cached:          1169188 kB
MemTotal:        1844596 kB
MemFree:          233168 kB
MemAvailable:    1466468 kB
Buffers:           92692 kB
Cached:          1169188 kB
MemTotal:        1844596 kB
MemFree:          234468 kB
MemAvailable:    1467768 kB
Buffers:           92692 kB
Cached:          1169188 kB
MemTotal:        1844596 kB
MemFree:          234144 kB
MemAvailable:    1467444 kB
Buffers:           92692 kB
Cached:          1169188 kB
MemTotal:        1844596 kB
MemFree:          232776 kB
MemAvailable:    1466076 kB
Buffers:           92692 kB
Cached:          1169188 kB
MemTotal:        1844596 kB
MemFree:          234140 kB
MemAvailable:    1467440 kB
Buffers:           92692 kB
Cached:          1169188 kB
MemTotal:        1844596 kB
MemFree:          234200 kB
MemAvailable:    1467500 kB
Buffers:           92692 kB
Cached:          1169188 kB
MemTotal:        1844596 kB
MemFree:          234000 kB
MemAvailable:    1467300 kB
Buffers:           92692 kB
Cached:          1169188 kB
MemTotal:        1844596 kB
MemFree:          233912 kB
MemAvailable:    1467212 kB
Buffers:           92692 kB
Cached:          1169188 kB
MemTotal:        1844596 kB
MemFree:          234024 kB
MemAvailable:    1467324 kB
Buffers:           92692 kB
Cached:          1169188 kB
MemTotal:        1844596 kB
MemFree:          233836 kB
MemAvailable:    1467136 kB
Buffers:           92692 kB
Cached:          1169188 kB
MemTotal:        1844596 kB
MemFree:          233836 kB
MemAvailable:    1467136 kB
Buffers:           92692 kB
Cached:          1169188 kB
MemTotal:        1844596 kB
MemFree:          232532 kB
MemAvailable:    1465832 kB
Buffers:           92692 kB
Cached:          1169188 kB
MemTotal:        1844596 kB
MemFree:          232740 kB
MemAvailable:    1466040 kB
Buffers:           92692 kB
Cached:          1169188 kB
MemTotal:        1844596 kB
MemFree:          233600 kB
MemAvailable:    1466900 kB
Buffers:           92692 kB
Cached:          1169188 kB
MemTotal:        1844596 kB
MemFree:          233652 kB
MemAvailable:    1466952 kB
Buffers:           92692 kB
Cached:          1169188 kB
MemTotal:        1844596 kB
MemFree:          233972 kB
MemAvailable:    1467272 kB
Buffers:           92692 kB
Cached:          1169188 kB
MemTotal:        1844596 kB
MemFree:          233524 kB
MemAvailable:    1466824 kB
Buffers:           92692 kB
Cached:          1169188 kB
MemTotal:        1844596 kB
MemFree:          233292 kB
MemAvailable:    1466592 kB
Buffers:           92692 kB
Cached:          1169188 kB
MemTotal:        1844596 kB
MemFree:          232120 kB
MemAvailable:    1465420 kB
Buffers:           92692 kB
Cached:          1169188 kB
MemTotal:        1844596 kB
MemFree:          233444 kB
MemAvailable:    1466752 kB
Buffers:           92692 kB
Cached:          1169196 kB
MemTotal:        1844596 kB
MemFree:          233444 kB
MemAvailable:    1466752 kB
Buffers:           92692 kB
Cached:          1169196 kB
MemTotal:        1844596 kB
MemFree:          233580 kB
MemAvailable:    1466888 kB
Buffers:           92692 kB
Cached:          1169196 kB
MemTotal:        1844596 kB
MemFree:          232776 kB
MemAvailable:    1466084 kB
Buffers:           92692 kB
Cached:          1169196 kB
MemTotal:        1844596 kB
MemFree:          233448 kB
MemAvailable:    1466756 kB
Buffers:           92692 kB
Cached:          1169196 kB
MemTotal:        1844596 kB
MemFree:          233604 kB
MemAvailable:    1466912 kB
Buffers:           92692 kB
Cached:          1169196 kB
MemTotal:        1844596 kB
MemFree:          233152 kB
MemAvailable:    1466460 kB
Buffers:           92692 kB
Cached:          1169196 kB
MemTotal:        1844596 kB
MemFree:          232344 kB
MemAvailable:    1465652 kB
Buffers:           92692 kB
Cached:          1169196 kB
MemTotal:        1844596 kB
MemFree:          232004 kB
MemAvailable:    1465312 kB
Buffers:           92692 kB
Cached:          1169196 kB
MemTotal:        1844596 kB
MemFree:          232228 kB
MemAvailable:    1465536 kB
Buffers:           92692 kB
Cached:          1169196 kB
MemTotal:        1844596 kB
MemFree:          227332 kB
MemAvailable:    1460640 kB
Buffers:           92692 kB
Cached:          1169196 kB
MemTotal:        1844596 kB
MemFree:          227332 kB
MemAvailable:    1460640 kB
Buffers:           92692 kB
Cached:          1169196 kB
MemTotal:        1844596 kB
MemFree:          225232 kB
MemAvailable:    1458540 kB
Buffers:           92692 kB
Cached:          1169196 kB
MemTotal:        1844596 kB
MemFree:          222256 kB
MemAvailable:    1455564 kB
Buffers:           92692 kB
Cached:          1169196 kB
MemTotal:        1844596 kB
MemFree:          223060 kB
MemAvailable:    1456368 kB
Buffers:           92692 kB
Cached:          1169196 kB
MemTotal:        1844596 kB
MemFree:          221636 kB
MemAvailable:    1454944 kB
Buffers:           92692 kB
Cached:          1169196 kB
MemTotal:        1844596 kB
MemFree:          221380 kB
MemAvailable:    1454688 kB
Buffers:           92692 kB
Cached:          1169196 kB
MemTotal:        1844596 kB
MemFree:          222240 kB
MemAvailable:    1455548 kB
Buffers:           92692 kB
Cached:          1169196 kB
MemTotal:        1844596 kB
MemFree:          222576 kB
MemAvailable:    1455884 kB
Buffers:           92692 kB
Cached:          1169196 kB
MemTotal:        1844596 kB
MemFree:          221496 kB
MemAvailable:    1454804 kB
Buffers:           92692 kB
Cached:          1169196 kB
MemTotal:        1844596 kB
MemFree:          221388 kB
MemAvailable:    1454696 kB
Buffers:           92692 kB
Cached:          1169196 kB
MemTotal:        1844596 kB
MemFree:          220448 kB
MemAvailable:    1453756 kB
Buffers:           92692 kB
Cached:          1169196 kB
MemTotal:        1844596 kB
MemFree:          218644 kB
MemAvailable:    1451952 kB
Buffers:           92692 kB
Cached:          1169196 kB
MemTotal:        1844596 kB
MemFree:          219960 kB
MemAvailable:    1453268 kB
Buffers:           92692 kB
Cached:          1169196 kB
MemTotal:        1844596 kB
MemFree:          220212 kB
MemAvailable:    1453520 kB
Buffers:           92692 kB
Cached:          1169196 kB
MemTotal:        1844596 kB
MemFree:          219912 kB
MemAvailable:    1453220 kB
Buffers:           92692 kB
Cached:          1169196 kB
MemTotal:        1844596 kB
MemFree:          219884 kB
MemAvailable:    1453192 kB
Buffers:           92692 kB
Cached:          1169196 kB
MemTotal:        1844596 kB
MemFree:          220136 kB
MemAvailable:    1453444 kB
Buffers:           92692 kB
Cached:          1169196 kB
MemTotal:        1844596 kB
MemFree:          220064 kB
MemAvailable:    1453372 kB
Buffers:           92692 kB
Cached:          1169196 kB
MemTotal:        1844596 kB
MemFree:          218888 kB
MemAvailable:    1452196 kB
Buffers:           92692 kB
Cached:          1169196 kB
MemTotal:        1844596 kB
MemFree:          219824 kB
MemAvailable:    1453132 kB
Buffers:           92692 kB
Cached:          1169196 kB
MemTotal:        1844596 kB
MemFree:          219652 kB
MemAvailable:    1452960 kB
Buffers:           92692 kB
Cached:          1169196 kB
MemTotal:        1844596 kB
MemFree:          219844 kB
MemAvailable:    1453152 kB
Buffers:           92692 kB
Cached:          1169196 kB
MemTotal:        1844596 kB
MemFree:          218604 kB
MemAvailable:    1451912 kB
Buffers:           92692 kB
Cached:          1169196 kB
MemTotal:        1844596 kB
MemFree:          218976 kB
MemAvailable:    1452284 kB
Buffers:           92692 kB
Cached:          1169196 kB
MemTotal:        1844596 kB
MemFree:          218852 kB
MemAvailable:    1452160 kB
Buffers:           92692 kB
Cached:          1169196 kB
MemTotal:        1844596 kB
MemFree:          218720 kB
MemAvailable:    1452028 kB
Buffers:           92692 kB
Cached:          1169196 kB
MemTotal:        1844596 kB
MemFree:          218960 kB
MemAvailable:    1452268 kB
Buffers:           92692 kB
Cached:          1169196 kB
MemTotal:        1844596 kB
MemFree:          218784 kB
MemAvailable:    1452092 kB
Buffers:           92692 kB
Cached:          1169196 kB
MemTotal:        1844596 kB
MemFree:          217908 kB
MemAvailable:    1451216 kB
Buffers:           92692 kB
Cached:          1169196 kB
MemTotal:        1844596 kB
MemFree:          217428 kB
MemAvailable:    1450736 kB
Buffers:           92692 kB
Cached:          1169196 kB
MemTotal:        1844596 kB
MemFree:          217856 kB
MemAvailable:    1451164 kB
Buffers:           92692 kB
Cached:          1169196 kB
MemTotal:        1844596 kB
MemFree:          217604 kB
MemAvailable:    1450912 kB
Buffers:           92692 kB
Cached:          1169196 kB
MemTotal:        1844596 kB
MemFree:          216408 kB
MemAvailable:    1449716 kB
Buffers:           92692 kB
Cached:          1169196 kB
MemTotal:        1844596 kB
MemFree:          216056 kB
MemAvailable:    1449364 kB
Buffers:           92692 kB
Cached:          1169196 kB
MemTotal:        1844596 kB
MemFree:          217040 kB
MemAvailable:    1450348 kB
Buffers:           92692 kB
Cached:          1169196 kB
MemTotal:        1844596 kB
MemFree:          216116 kB
MemAvailable:    1449424 kB
Buffers:           92692 kB
Cached:          1169196 kB
MemTotal:        1844596 kB
MemFree:          214692 kB
MemAvailable:    1448000 kB
Buffers:           92692 kB
Cached:          1169196 kB
MemTotal:        1844596 kB
MemFree:          214684 kB
MemAvailable:    1447992 kB
Buffers:           92692 kB
Cached:          1169196 kB
MemTotal:        1844596 kB
MemFree:          214560 kB
MemAvailable:    1447868 kB
Buffers:           92692 kB
Cached:          1169196 kB
MemTotal:        1844596 kB
MemFree:          215372 kB
MemAvailable:    1448680 kB
Buffers:           92692 kB
Cached:          1169196 kB
MemTotal:        1844596 kB
MemFree:          213932 kB
MemAvailable:    1447240 kB
Buffers:           92692 kB
Cached:          1169196 kB
MemTotal:        1844596 kB
MemFree:          215296 kB
MemAvailable:    1448604 kB
Buffers:           92692 kB
Cached:          1169196 kB
MemTotal:        1844596 kB
MemFree:          215056 kB
MemAvailable:    1448364 kB
Buffers:           92692 kB
Cached:          1169196 kB
MemTotal:        1844596 kB
MemFree:          214916 kB
MemAvailable:    1448224 kB
Buffers:           92692 kB
Cached:          1169196 kB
MemTotal:        1844596 kB
MemFree:          215252 kB
MemAvailable:    1448560 kB
Buffers:           92692 kB
Cached:          1169196 kB
MemTotal:        1844596 kB
MemFree:          214792 kB
MemAvailable:    1448100 kB
Buffers:           92692 kB
Cached:          1169196 kB
MemTotal:        1844596 kB
MemFree:          214792 kB
MemAvailable:    1448100 kB
Buffers:           92692 kB
Cached:          1169196 kB
MemTotal:        1844596 kB
MemFree:          213444 kB
MemAvailable:    1446752 kB
Buffers:           92692 kB
Cached:          1169196 kB
MemTotal:        1844596 kB
MemFree:          214988 kB
MemAvailable:    1448296 kB
Buffers:           92692 kB
Cached:          1169196 kB
MemTotal:        1844596 kB
MemFree:          214552 kB
MemAvailable:    1447860 kB
Buffers:           92692 kB
Cached:          1169196 kB
MemTotal:        1844596 kB
MemFree:          213512 kB
MemAvailable:    1446820 kB
Buffers:           92692 kB
Cached:          1169196 kB
MemTotal:        1844596 kB
MemFree:          213388 kB
MemAvailable:    1446696 kB
Buffers:           92692 kB
Cached:          1169196 kB
MemTotal:        1844596 kB
MemFree:          214664 kB
MemAvailable:    1447972 kB
Buffers:           92692 kB
Cached:          1169196 kB
MemTotal:        1844596 kB
MemFree:          214748 kB
MemAvailable:    1448056 kB
Buffers:           92692 kB
Cached:          1169196 kB
MemTotal:        1844596 kB
MemFree:          214488 kB
MemAvailable:    1447796 kB
Buffers:           92692 kB
Cached:          1169196 kB
MemTotal:        1844596 kB
MemFree:          214752 kB
MemAvailable:    1448060 kB
Buffers:           92692 kB
Cached:          1169196 kB
MemTotal:        1844596 kB
MemFree:          214504 kB
MemAvailable:    1447812 kB
Buffers:           92692 kB
Cached:          1169196 kB
MemTotal:        1844596 kB
MemFree:          214552 kB
MemAvailable:    1447860 kB
Buffers:           92692 kB
Cached:          1169196 kB
MemTotal:        1844596 kB
MemFree:          214696 kB
MemAvailable:    1448004 kB
Buffers:           92692 kB
Cached:          1169196 kB
MemTotal:        1844596 kB
MemFree:          213432 kB
MemAvailable:    1446740 kB
Buffers:           92692 kB
Cached:          1169196 kB
MemTotal:        1844596 kB
MemFree:          213308 kB
MemAvailable:    1446616 kB
Buffers:           92692 kB
Cached:          1169196 kB
MemTotal:        1844596 kB
MemFree:          214600 kB
MemAvailable:    1447908 kB
Buffers:           92692 kB
Cached:          1169196 kB
MemTotal:        1844596 kB
MemFree:          214700 kB
MemAvailable:    1448016 kB
Buffers:           92692 kB
Cached:          1169204 kB
MemTotal:        1844596 kB
MemFree:          213832 kB
MemAvailable:    1447148 kB
Buffers:           92692 kB
Cached:          1169204 kB
MemTotal:        1844596 kB
MemFree:          213512 kB
MemAvailable:    1446828 kB
Buffers:           92692 kB
Cached:          1169204 kB
MemTotal:        1844596 kB
MemFree:          212080 kB
MemAvailable:    1445396 kB
Buffers:           92692 kB
Cached:          1169204 kB
MemTotal:        1844596 kB
MemFree:          212344 kB
MemAvailable:    1445660 kB
Buffers:           92692 kB
Cached:          1169204 kB
MemTotal:        1844596 kB
MemFree:          210608 kB
MemAvailable:    1443924 kB
Buffers:           92692 kB
Cached:          1169204 kB
MemTotal:        1844596 kB
MemFree:          208748 kB
MemAvailable:    1442064 kB
Buffers:           92692 kB
Cached:          1169204 kB
MemTotal:        1844596 kB
MemFree:          206516 kB
MemAvailable:    1439832 kB
Buffers:           92692 kB
Cached:          1169204 kB
MemTotal:        1844596 kB
MemFree:          203912 kB
MemAvailable:    1437228 kB
Buffers:           92692 kB
Cached:          1169204 kB
MemTotal:        1844596 kB
MemFree:          201308 kB
MemAvailable:    1434624 kB
Buffers:           92692 kB
Cached:          1169204 kB
MemTotal:        1844596 kB
MemFree:          196836 kB
MemAvailable:    1430152 kB
Buffers:           92692 kB
Cached:          1169204 kB
MemTotal:        1844596 kB
MemFree:          196604 kB
MemAvailable:    1429920 kB
Buffers:           92692 kB
Cached:          1169204 kB
MemTotal:        1844596 kB
MemFree:          196224 kB
MemAvailable:    1429540 kB
Buffers:           92692 kB
Cached:          1169204 kB
MemTotal:        1844596 kB
MemFree:          196028 kB
MemAvailable:    1429344 kB
Buffers:           92692 kB
Cached:          1169204 kB
MemTotal:        1844596 kB
MemFree:          196148 kB
MemAvailable:    1429464 kB
Buffers:           92692 kB
Cached:          1169204 kB
MemTotal:        1844596 kB
MemFree:          194984 kB
MemAvailable:    1428300 kB
Buffers:           92692 kB
Cached:          1169204 kB
MemTotal:        1844596 kB
MemFree:          196184 kB
MemAvailable:    1429500 kB
Buffers:           92692 kB
Cached:          1169204 kB
MemTotal:        1844596 kB
MemFree:          194612 kB
MemAvailable:    1427928 kB
Buffers:           92692 kB
Cached:          1169204 kB
MemTotal:        1844596 kB
MemFree:          195968 kB
MemAvailable:    1429284 kB
Buffers:           92692 kB
Cached:          1169204 kB
MemTotal:        1844596 kB
MemFree:          194612 kB
MemAvailable:    1427928 kB
Buffers:           92692 kB
Cached:          1169204 kB
MemTotal:        1844596 kB
MemFree:          195548 kB
MemAvailable:    1428864 kB
Buffers:           92692 kB
Cached:          1169204 kB
MemTotal:        1844596 kB
MemFree:          195804 kB
MemAvailable:    1429120 kB
Buffers:           92692 kB
Cached:          1169204 kB
MemTotal:        1844596 kB
MemFree:          194308 kB
MemAvailable:    1427624 kB
Buffers:           92692 kB
Cached:          1169204 kB
MemTotal:        1844596 kB
MemFree:          195632 kB
MemAvailable:    1428948 kB
Buffers:           92692 kB
Cached:          1169204 kB
MemTotal:        1844596 kB
MemFree:          195348 kB
MemAvailable:    1428664 kB
Buffers:           92692 kB
Cached:          1169204 kB
MemTotal:        1844596 kB
MemFree:          195288 kB
MemAvailable:    1428604 kB
Buffers:           92692 kB
Cached:          1169204 kB
MemTotal:        1844596 kB
MemFree:          194788 kB
MemAvailable:    1428104 kB
Buffers:           92692 kB
Cached:          1169204 kB
MemTotal:        1844596 kB
MemFree:          194736 kB
MemAvailable:    1428052 kB
Buffers:           92692 kB
Cached:          1169204 kB
MemTotal:        1844596 kB
MemFree:          195032 kB
MemAvailable:    1428348 kB
Buffers:           92692 kB
Cached:          1169204 kB
MemTotal:        1844596 kB
MemFree:          193592 kB
MemAvailable:    1426908 kB
Buffers:           92692 kB
Cached:          1169204 kB
MemTotal:        1844596 kB
MemFree:          194984 kB
MemAvailable:    1428300 kB
Buffers:           92692 kB
Cached:          1169204 kB
MemTotal:        1844596 kB
MemFree:          194728 kB
MemAvailable:    1428044 kB
Buffers:           92692 kB
Cached:          1169204 kB
MemTotal:        1844596 kB
MemFree:          193552 kB
MemAvailable:    1426868 kB
Buffers:           92692 kB
Cached:          1169204 kB
MemTotal:        1844596 kB
MemFree:          194828 kB
MemAvailable:    1428144 kB
Buffers:           92692 kB
Cached:          1169204 kB
MemTotal:        1844596 kB
MemFree:          193712 kB
MemAvailable:    1427028 kB
Buffers:           92692 kB
Cached:          1169204 kB
MemTotal:        1844596 kB
MemFree:          193712 kB
MemAvailable:    1427028 kB
Buffers:           92692 kB
Cached:          1169204 kB
MemTotal:        1844596 kB
MemFree:          193704 kB
MemAvailable:    1427020 kB
Buffers:           92692 kB
Cached:          1169204 kB
MemTotal:        1844596 kB
MemFree:          194952 kB
MemAvailable:    1428268 kB
Buffers:           92692 kB
Cached:          1169204 kB
MemTotal:        1844596 kB
MemFree:          194696 kB
MemAvailable:    1428012 kB
Buffers:           92692 kB
Cached:          1169204 kB
MemTotal:        1844596 kB
MemFree:          194852 kB
MemAvailable:    1428168 kB
Buffers:           92692 kB
Cached:          1169204 kB
MemTotal:        1844596 kB
MemFree:          194992 kB
MemAvailable:    1428308 kB
Buffers:           92692 kB
Cached:          1169204 kB
MemTotal:        1844596 kB
MemFree:          193612 kB
MemAvailable:    1426928 kB
Buffers:           92692 kB
Cached:          1169204 kB
MemTotal:        1844596 kB
MemFree:          195124 kB
MemAvailable:    1428440 kB
Buffers:           92692 kB
Cached:          1169204 kB
MemTotal:        1844596 kB
MemFree:          193928 kB
MemAvailable:    1427244 kB
Buffers:           92692 kB
Cached:          1169204 kB
MemTotal:        1844596 kB
MemFree:          194972 kB
MemAvailable:    1428288 kB
Buffers:           92692 kB
Cached:          1169204 kB
MemTotal:        1844596 kB
MemFree:          193992 kB
MemAvailable:    1427308 kB
Buffers:           92692 kB
Cached:          1169204 kB
MemTotal:        1844596 kB
MemFree:          195108 kB
MemAvailable:    1428428 kB
Buffers:           92692 kB
Cached:          1169208 kB
MemTotal:        1844596 kB
MemFree:          193752 kB
MemAvailable:    1427072 kB
Buffers:           92692 kB
Cached:          1169208 kB
MemTotal:        1844596 kB
MemFree:          192008 kB
MemAvailable:    1425328 kB
Buffers:           92692 kB
Cached:          1169208 kB
MemTotal:        1844596 kB
MemFree:          187900 kB
MemAvailable:    1421220 kB
Buffers:           92692 kB
Cached:          1169208 kB
MemTotal:        1844596 kB
MemFree:          186304 kB
MemAvailable:    1419624 kB
Buffers:           92692 kB
Cached:          1169208 kB
MemTotal:        1844596 kB
MemFree:          183560 kB
MemAvailable:    1416880 kB
Buffers:           92692 kB
Cached:          1169208 kB
MemTotal:        1844596 kB
MemFree:          183560 kB
MemAvailable:    1416880 kB
Buffers:           92692 kB
Cached:          1169208 kB
MemTotal:        1844596 kB
MemFree:          178864 kB
MemAvailable:    1412184 kB
Buffers:           92692 kB
Cached:          1169208 kB
MemTotal:        1844596 kB
MemFree:          177236 kB
MemAvailable:    1410556 kB
Buffers:           92692 kB
Cached:          1169208 kB
MemTotal:        1844596 kB
MemFree:          177320 kB
MemAvailable:    1410640 kB
Buffers:           92692 kB
Cached:          1169208 kB
MemTotal:        1844596 kB
MemFree:          177060 kB
MemAvailable:    1410380 kB
Buffers:           92692 kB
Cached:          1169208 kB
MemTotal:        1844596 kB
MemFree:          177004 kB
MemAvailable:    1410324 kB
Buffers:           92692 kB
Cached:          1169208 kB
MemTotal:        1844596 kB
MemFree:          177168 kB
MemAvailable:    1410488 kB
Buffers:           92692 kB
Cached:          1169208 kB
MemTotal:        1844596 kB
MemFree:          176116 kB
MemAvailable:    1409436 kB
Buffers:           92692 kB
Cached:          1169208 kB
MemTotal:        1844596 kB
MemFree:          175952 kB
MemAvailable:    1409272 kB
Buffers:           92692 kB
Cached:          1169208 kB
MemTotal:        1844596 kB
MemFree:          176076 kB
MemAvailable:    1409396 kB
Buffers:           92692 kB
Cached:          1169208 kB
MemTotal:        1844596 kB
MemFree:          177060 kB
MemAvailable:    1410380 kB
Buffers:           92692 kB
Cached:          1169208 kB
MemTotal:        1844596 kB
MemFree:          176392 kB
MemAvailable:    1409712 kB
Buffers:           92692 kB
Cached:          1169208 kB
MemTotal:        1844596 kB
MemFree:          176616 kB
MemAvailable:    1409936 kB
Buffers:           92692 kB
Cached:          1169208 kB
MemTotal:        1844596 kB
MemFree:          176632 kB
MemAvailable:    1409952 kB
Buffers:           92692 kB
Cached:          1169208 kB
MemTotal:        1844596 kB
MemFree:          176744 kB
MemAvailable:    1410064 kB
Buffers:           92692 kB
Cached:          1169208 kB
MemTotal:        1844596 kB
MemFree:          176800 kB
MemAvailable:    1410120 kB
Buffers:           92692 kB
Cached:          1169208 kB
MemTotal:        1844596 kB
MemFree:          176552 kB
MemAvailable:    1409872 kB
Buffers:           92692 kB
Cached:          1169208 kB
MemTotal:        1844596 kB
MemFree:          176616 kB
MemAvailable:    1409936 kB
Buffers:           92692 kB
Cached:          1169208 kB
MemTotal:        1844596 kB
MemFree:          175332 kB
MemAvailable:    1408652 kB
Buffers:           92692 kB
Cached:          1169208 kB
MemTotal:        1844596 kB
MemFree:          176580 kB
MemAvailable:    1409900 kB
Buffers:           92692 kB
Cached:          1169208 kB
MemTotal:        1844596 kB
MemFree:          175464 kB
MemAvailable:    1408784 kB
Buffers:           92692 kB
Cached:          1169208 kB
MemTotal:        1844596 kB
MemFree:          176624 kB
MemAvailable:    1409944 kB
Buffers:           92692 kB
Cached:          1169208 kB
MemTotal:        1844596 kB
MemFree:          176876 kB
MemAvailable:    1410196 kB
Buffers:           92692 kB
Cached:          1169208 kB
MemTotal:        1844596 kB
MemFree:          175352 kB
MemAvailable:    1408680 kB
Buffers:           92692 kB
Cached:          1169216 kB
MemTotal:        1844596 kB
MemFree:          176644 kB
MemAvailable:    1409972 kB
Buffers:           92692 kB
Cached:          1169216 kB
MemTotal:        1844596 kB
MemFree:          176020 kB
MemAvailable:    1409348 kB
Buffers:           92692 kB
Cached:          1169216 kB
MemTotal:        1844596 kB
MemFree:          176492 kB
MemAvailable:    1409820 kB
Buffers:           92692 kB
Cached:          1169216 kB
MemTotal:        1844596 kB
MemFree:          176492 kB
MemAvailable:    1409904 kB
Buffers:           92692 kB
Cached:          1169216 kB
MemTotal:        1844596 kB
MemFree:          175476 kB
MemAvailable:    1408804 kB
Buffers:           92692 kB
Cached:          1169216 kB
MemTotal:        1844596 kB
MemFree:          175468 kB
MemAvailable:    1408796 kB
Buffers:           92692 kB
Cached:          1169216 kB
MemTotal:        1844596 kB
MemFree:          175468 kB
MemAvailable:    1408796 kB
Buffers:           92692 kB
Cached:          1169216 kB
MemTotal:        1844596 kB
MemFree:          175468 kB
MemAvailable:    1408796 kB
Buffers:           92692 kB
Cached:          1169216 kB
MemTotal:        1844596 kB
MemFree:          176576 kB
MemAvailable:    1409904 kB
Buffers:           92692 kB
Cached:          1169216 kB
MemTotal:        1844596 kB
MemFree:          176828 kB
MemAvailable:    1410156 kB
Buffers:           92692 kB
Cached:          1169216 kB
MemTotal:        1844596 kB
MemFree:          176616 kB
MemAvailable:    1409944 kB
Buffers:           92692 kB
Cached:          1169216 kB
MemTotal:        1844596 kB
MemFree:          176868 kB
MemAvailable:    1410196 kB
Buffers:           92692 kB
Cached:          1169216 kB
MemTotal:        1844596 kB
MemFree:          170920 kB
MemAvailable:    1404248 kB
Buffers:           92692 kB
Cached:          1169216 kB
MemTotal:        1844596 kB
MemFree:          170316 kB
MemAvailable:    1403644 kB
Buffers:           92692 kB
Cached:          1169216 kB
MemTotal:        1844596 kB
MemFree:          165720 kB
MemAvailable:    1399048 kB
Buffers:           92692 kB
Cached:          1169216 kB
MemTotal:        1844596 kB
MemFree:          162556 kB
MemAvailable:    1395884 kB
Buffers:           92692 kB
Cached:          1169216 kB
MemTotal:        1844596 kB
MemFree:          159396 kB
MemAvailable:    1392724 kB
Buffers:           92692 kB
Cached:          1169216 kB
MemTotal:        1844596 kB
MemFree:          159084 kB
MemAvailable:    1392416 kB
Buffers:           92692 kB
Cached:          1169220 kB
MemTotal:        1844596 kB
MemFree:          158900 kB
MemAvailable:    1392232 kB
Buffers:           92692 kB
Cached:          1169220 kB
MemTotal:        1844596 kB
MemFree:          159188 kB
MemAvailable:    1392520 kB
Buffers:           92692 kB
Cached:          1169220 kB
MemTotal:        1844596 kB
MemFree:          159016 kB
MemAvailable:    1392348 kB
Buffers:           92692 kB
Cached:          1169220 kB
MemTotal:        1844596 kB
MemFree:          159124 kB
MemAvailable:    1392456 kB
Buffers:           92692 kB
Cached:          1169220 kB
MemTotal:        1844596 kB
MemFree:          157900 kB
MemAvailable:    1391232 kB
Buffers:           92692 kB
Cached:          1169220 kB
MemTotal:        1844596 kB
MemFree:          159224 kB
MemAvailable:    1392556 kB
Buffers:           92692 kB
Cached:          1169220 kB
MemTotal:        1844596 kB
MemFree:          158280 kB
MemAvailable:    1391612 kB
Buffers:           92692 kB
Cached:          1169220 kB
MemTotal:        1844596 kB
MemFree:          159324 kB
MemAvailable:    1392656 kB
Buffers:           92692 kB
Cached:          1169220 kB
MemTotal:        1844596 kB
MemFree:          158288 kB
MemAvailable:    1391496 kB
Buffers:           92692 kB
Cached:          1169220 kB
MemTotal:        1844596 kB
MemFree:          159008 kB
MemAvailable:    1392340 kB
Buffers:           92692 kB
Cached:          1169220 kB
MemTotal:        1844596 kB
MemFree:          159260 kB
MemAvailable:    1392592 kB
Buffers:           92692 kB
Cached:          1169220 kB
MemTotal:        1844596 kB
MemFree:          157908 kB
MemAvailable:    1391240 kB
Buffers:           92692 kB
Cached:          1169220 kB
MemTotal:        1844596 kB
MemFree:          159148 kB
MemAvailable:    1392480 kB
Buffers:           92692 kB
Cached:          1169220 kB
MemTotal:        1844596 kB
MemFree:          159084 kB
MemAvailable:    1392416 kB
Buffers:           92692 kB
Cached:          1169220 kB
MemTotal:        1844596 kB
MemFree:          158108 kB
MemAvailable:    1391440 kB
Buffers:           92692 kB
Cached:          1169220 kB
MemTotal:        1844596 kB
MemFree:          159100 kB
MemAvailable:    1392432 kB
Buffers:           92692 kB
Cached:          1169220 kB
MemTotal:        1844596 kB
MemFree:          158280 kB
MemAvailable:    1391612 kB
Buffers:           92692 kB
Cached:          1169220 kB
MemTotal:        1844596 kB
MemFree:          158768 kB
MemAvailable:    1392100 kB
Buffers:           92692 kB
Cached:          1169220 kB
MemTotal:        1844596 kB
MemFree:          158768 kB
MemAvailable:    1392100 kB
Buffers:           92692 kB
Cached:          1169220 kB
MemTotal:        1844596 kB
MemFree:          158132 kB
MemAvailable:    1391464 kB
Buffers:           92692 kB
Cached:          1169220 kB
MemTotal:        1844596 kB
MemFree:          157528 kB
MemAvailable:    1390736 kB
Buffers:           92692 kB
Cached:          1169220 kB
MemTotal:        1844596 kB
MemFree:          158080 kB
MemAvailable:    1391412 kB
Buffers:           92692 kB
Cached:          1169220 kB
MemTotal:        1844596 kB
MemFree:          158332 kB
MemAvailable:    1391664 kB
Buffers:           92692 kB
Cached:          1169220 kB
MemTotal:        1844596 kB
MemFree:          158016 kB
MemAvailable:    1391348 kB
Buffers:           92692 kB
Cached:          1169220 kB
MemTotal:        1844596 kB
MemFree:          157588 kB
MemAvailable:    1390920 kB
Buffers:           92692 kB
Cached:          1169220 kB
MemTotal:        1844596 kB
MemFree:          157164 kB
MemAvailable:    1390496 kB
Buffers:           92692 kB
Cached:          1169220 kB
MemTotal:        1844596 kB
MemFree:          154684 kB
MemAvailable:    1388016 kB
Buffers:           92692 kB
Cached:          1169220 kB
MemTotal:        1844596 kB
MemFree:          152204 kB
MemAvailable:    1385536 kB
Buffers:           92692 kB
Cached:          1169220 kB
MemTotal:        1844596 kB
MemFree:          150096 kB
MemAvailable:    1383428 kB
Buffers:           92692 kB
Cached:          1169220 kB
MemTotal:        1844596 kB
MemFree:          146616 kB
MemAvailable:    1379948 kB
Buffers:           92692 kB
Cached:          1169220 kB
MemTotal:        1844596 kB
MemFree:          146260 kB
MemAvailable:    1379592 kB
Buffers:           92692 kB
Cached:          1169220 kB
MemTotal:        1844596 kB
MemFree:          142160 kB
MemAvailable:    1375492 kB
Buffers:           92692 kB
Cached:          1169220 kB
MemTotal:        1844596 kB
MemFree:          138672 kB
MemAvailable:    1372004 kB
Buffers:           92692 kB
Cached:          1169220 kB
MemTotal:        1844596 kB
MemFree:          138672 kB
MemAvailable:    1372004 kB
Buffers:           92692 kB
Cached:          1169220 kB
MemTotal:        1844596 kB
MemFree:          135464 kB
MemAvailable:    1368796 kB
Buffers:           92692 kB
Cached:          1169220 kB
MemTotal:        1844596 kB
MemFree:          133728 kB
MemAvailable:    1367060 kB
Buffers:           92692 kB
Cached:          1169220 kB
MemTotal:        1844596 kB
MemFree:          132052 kB
MemAvailable:    1365384 kB
Buffers:           92692 kB
Cached:          1169220 kB
MemTotal:        1844596 kB
MemFree:          128264 kB
MemAvailable:    1361596 kB
Buffers:           92692 kB
Cached:          1169220 kB
MemTotal:        1844596 kB
MemFree:          126660 kB
MemAvailable:    1359992 kB
Buffers:           92692 kB
Cached:          1169220 kB
MemTotal:        1844596 kB
MemFree:          127396 kB
MemAvailable:    1360728 kB
Buffers:           92692 kB
Cached:          1169220 kB
MemTotal:        1844596 kB
MemFree:          127480 kB
MemAvailable:    1360812 kB
Buffers:           92692 kB
Cached:          1169220 kB
MemTotal:        1844596 kB
MemFree:          127100 kB
MemAvailable:    1360432 kB
Buffers:           92692 kB
Cached:          1169220 kB
MemTotal:        1844596 kB
MemFree:          126536 kB
MemAvailable:    1359868 kB
Buffers:           92692 kB
Cached:          1169220 kB
MemTotal:        1844596 kB
MemFree:          127460 kB
MemAvailable:    1360792 kB
Buffers:           92692 kB
Cached:          1169220 kB
MemTotal:        1844596 kB
MemFree:          125992 kB
MemAvailable:    1359324 kB
Buffers:           92692 kB
Cached:          1169220 kB
MemTotal:        1844596 kB
MemFree:          127292 kB
MemAvailable:    1360624 kB
Buffers:           92692 kB
Cached:          1169220 kB
MemTotal:        1844596 kB
MemFree:          125984 kB
MemAvailable:    1359316 kB
Buffers:           92692 kB
Cached:          1169220 kB
MemTotal:        1844596 kB
MemFree:          126348 kB
MemAvailable:    1359680 kB
Buffers:           92692 kB
Cached:          1169220 kB
MemTotal:        1844596 kB
MemFree:          126016 kB
MemAvailable:    1359348 kB
Buffers:           92692 kB
Cached:          1169220 kB
MemTotal:        1844596 kB
MemFree:          126268 kB
MemAvailable:    1359600 kB
Buffers:           92692 kB
Cached:          1169220 kB
MemTotal:        1844596 kB
MemFree:          126152 kB
MemAvailable:    1359484 kB
Buffers:           92692 kB
Cached:          1169220 kB
MemTotal:        1844596 kB
MemFree:          124864 kB
MemAvailable:    1358196 kB
Buffers:           92692 kB
Cached:          1169220 kB
MemTotal:        1844596 kB
MemFree:          124980 kB
MemAvailable:    1358312 kB
Buffers:           92692 kB
Cached:          1169220 kB
MemTotal:        1844596 kB
MemFree:          124988 kB
MemAvailable:    1358320 kB
Buffers:           92692 kB
Cached:          1169220 kB
MemTotal:        1844596 kB
MemFree:          124988 kB
MemAvailable:    1358320 kB
Buffers:           92692 kB
Cached:          1169220 kB
MemTotal:        1844596 kB
MemFree:          125644 kB
MemAvailable:    1358976 kB
Buffers:           92692 kB
Cached:          1169220 kB
MemTotal:        1844596 kB
MemFree:          125544 kB
MemAvailable:    1358876 kB
Buffers:           92692 kB
Cached:          1169220 kB
MemTotal:        1844596 kB
MemFree:          124248 kB
MemAvailable:    1357584 kB
Buffers:           92692 kB
Cached:          1169224 kB
MemTotal:        1844596 kB
MemFree:          124784 kB
MemAvailable:    1358124 kB
Buffers:           92692 kB
Cached:          1169228 kB
MemTotal:        1844596 kB
MemFree:          124996 kB
MemAvailable:    1358336 kB
Buffers:           92692 kB
Cached:          1169228 kB
MemTotal:        1844596 kB
MemFree:          123188 kB
MemAvailable:    1356528 kB
Buffers:           92692 kB
Cached:          1169228 kB
MemTotal:        1844596 kB
MemFree:          123296 kB
MemAvailable:    1356636 kB
Buffers:           92692 kB
Cached:          1169228 kB
MemTotal:        1844596 kB
MemFree:          123508 kB
MemAvailable:    1356848 kB
Buffers:           92692 kB
Cached:          1169228 kB
MemTotal:        1844596 kB
MemFree:          123040 kB
MemAvailable:    1356380 kB
Buffers:           92692 kB
Cached:          1169228 kB
MemTotal:        1844596 kB
MemFree:          123040 kB
MemAvailable:    1356380 kB
Buffers:           92692 kB
Cached:          1169228 kB
MemTotal:        1844596 kB
MemFree:          121928 kB
MemAvailable:    1355268 kB
Buffers:           92692 kB
Cached:          1169228 kB
MemTotal:        1844596 kB
MemFree:          122060 kB
MemAvailable:    1355400 kB
Buffers:           92692 kB
Cached:          1169228 kB
MemTotal:        1844596 kB
MemFree:          121936 kB
MemAvailable:    1355276 kB
Buffers:           92692 kB
Cached:          1169228 kB
MemTotal:        1844596 kB
MemFree:          123168 kB
MemAvailable:    1356508 kB
Buffers:           92692 kB
Cached:          1169228 kB
MemTotal:        1844596 kB
MemFree:          123140 kB
MemAvailable:    1356480 kB
Buffers:           92692 kB
Cached:          1169228 kB
MemTotal:        1844596 kB
MemFree:          123104 kB
MemAvailable:    1356444 kB
Buffers:           92692 kB
Cached:          1169228 kB
MemTotal:        1844596 kB
MemFree:          122988 kB
MemAvailable:    1356328 kB
Buffers:           92692 kB
Cached:          1169228 kB
MemTotal:        1844596 kB
MemFree:          123064 kB
MemAvailable:    1356404 kB
Buffers:           92692 kB
Cached:          1169228 kB
MemTotal:        1844596 kB
MemFree:          121644 kB
MemAvailable:    1354984 kB
Buffers:           92692 kB
Cached:          1169228 kB
MemTotal:        1844596 kB
MemFree:          121768 kB
MemAvailable:    1355108 kB
Buffers:           92692 kB
Cached:          1169228 kB
MemTotal:        1844596 kB
MemFree:          122008 kB
MemAvailable:    1355348 kB
Buffers:           92692 kB
Cached:          1169228 kB
MemTotal:        1844596 kB
MemFree:          123132 kB
MemAvailable:    1356472 kB
Buffers:           92692 kB
Cached:          1169228 kB
MemTotal:        1844596 kB
MemFree:          123104 kB
MemAvailable:    1356444 kB
Buffers:           92692 kB
Cached:          1169228 kB
MemTotal:        1844596 kB
MemFree:          123100 kB
MemAvailable:    1356440 kB
Buffers:           92692 kB
Cached:          1169228 kB
MemTotal:        1844596 kB
MemFree:          122328 kB
MemAvailable:    1355668 kB
Buffers:           92692 kB
Cached:          1169228 kB
MemTotal:        1844596 kB
MemFree:          122924 kB
MemAvailable:    1356264 kB
Buffers:           92692 kB
Cached:          1169228 kB
MemTotal:        1844596 kB
MemFree:          123260 kB
MemAvailable:    1356600 kB
Buffers:           92692 kB
Cached:          1169228 kB
MemTotal:        1844596 kB
MemFree:          121776 kB
MemAvailable:    1355116 kB
Buffers:           92692 kB
Cached:          1169228 kB
MemTotal:        1844596 kB
MemFree:          121936 kB
MemAvailable:    1355276 kB
Buffers:           92692 kB
Cached:          1169228 kB
MemTotal:        1844596 kB
MemFree:          123204 kB
MemAvailable:    1356544 kB
Buffers:           92692 kB
Cached:          1169228 kB
MemTotal:        1844596 kB
MemFree:          123064 kB
MemAvailable:    1356404 kB
Buffers:           92692 kB
Cached:          1169228 kB
MemTotal:        1844596 kB
MemFree:          121888 kB
MemAvailable:    1355228 kB
Buffers:           92692 kB
Cached:          1169228 kB
MemTotal:        1844596 kB
MemFree:          123108 kB
MemAvailable:    1356448 kB
Buffers:           92692 kB
Cached:          1169228 kB
MemTotal:        1844596 kB
MemFree:          121884 kB
MemAvailable:    1355224 kB
Buffers:           92692 kB
Cached:          1169228 kB
MemTotal:        1844596 kB
MemFree:          122924 kB
MemAvailable:    1356264 kB
Buffers:           92692 kB
Cached:          1169228 kB
MemTotal:        1844596 kB
MemFree:          123028 kB
MemAvailable:    1356368 kB
Buffers:           92692 kB
Cached:          1169228 kB
MemTotal:        1844596 kB
MemFree:          122912 kB
MemAvailable:    1356252 kB
Buffers:           92692 kB
Cached:          1169228 kB
MemTotal:        1844596 kB
MemFree:          122816 kB
MemAvailable:    1356156 kB
Buffers:           92692 kB
Cached:          1169228 kB
MemTotal:        1844596 kB
MemFree:          122996 kB
MemAvailable:    1356336 kB
Buffers:           92692 kB
Cached:          1169228 kB
MemTotal:        1844596 kB
MemFree:          122940 kB
MemAvailable:    1356280 kB
Buffers:           92692 kB
Cached:          1169228 kB
MemTotal:        1844596 kB
MemFree:          122912 kB
MemAvailable:    1356252 kB
Buffers:           92692 kB
Cached:          1169228 kB
MemTotal:        1844596 kB
MemFree:          122816 kB
MemAvailable:    1356156 kB
Buffers:           92692 kB
Cached:          1169228 kB
MemTotal:        1844596 kB
MemFree:          123220 kB
MemAvailable:    1356560 kB
Buffers:           92692 kB
Cached:          1169228 kB
MemTotal:        1844596 kB
MemFree:          122920 kB
MemAvailable:    1356260 kB
Buffers:           92692 kB
Cached:          1169228 kB
MemTotal:        1844596 kB
MemFree:          121680 kB
MemAvailable:    1355020 kB
Buffers:           92692 kB
Cached:          1169228 kB
MemTotal:        1844596 kB
MemFree:          118848 kB
MemAvailable:    1352188 kB
Buffers:           92692 kB
Cached:          1169228 kB
MemTotal:        1844596 kB
MemFree:          116800 kB
MemAvailable:    1350140 kB
Buffers:           92692 kB
Cached:          1169228 kB
MemTotal:        1844596 kB
MemFree:          115508 kB
MemAvailable:    1348848 kB
Buffers:           92692 kB
Cached:          1169228 kB
MemTotal:        1844596 kB
MemFree:          116296 kB
MemAvailable:    1349636 kB
Buffers:           92692 kB
Cached:          1169228 kB
MemTotal:        1844596 kB
MemFree:          116304 kB
MemAvailable:    1349644 kB
Buffers:           92692 kB
Cached:          1169228 kB
MemTotal:        1844596 kB
MemFree:          116452 kB
MemAvailable:    1349792 kB
Buffers:           92692 kB
Cached:          1169228 kB
MemTotal:        1844596 kB
MemFree:          115624 kB
MemAvailable:    1348964 kB
Buffers:           92692 kB
Cached:          1169228 kB
MemTotal:        1844596 kB
MemFree:          116344 kB
MemAvailable:    1349688 kB
Buffers:           92692 kB
Cached:          1169232 kB
MemTotal:        1844596 kB
MemFree:          116680 kB
MemAvailable:    1350024 kB
Buffers:           92692 kB
Cached:          1169232 kB
MemTotal:        1844596 kB
MemFree:          116404 kB
MemAvailable:    1349748 kB
Buffers:           92692 kB
Cached:          1169232 kB
MemTotal:        1844596 kB
MemFree:          116344 kB
MemAvailable:    1349688 kB
Buffers:           92692 kB
Cached:          1169232 kB
MemTotal:        1844596 kB
MemFree:          116428 kB
MemAvailable:    1349772 kB
Buffers:           92692 kB
Cached:          1169232 kB
MemTotal:        1844596 kB
MemFree:          116196 kB
MemAvailable:    1349540 kB
Buffers:           92692 kB
Cached:          1169232 kB
MemTotal:        1844596 kB
MemFree:          115240 kB
MemAvailable:    1348584 kB
Buffers:           92692 kB
Cached:          1169232 kB
MemTotal:        1844596 kB
MemFree:          116092 kB
MemAvailable:    1349436 kB
Buffers:           92692 kB
Cached:          1169232 kB
MemTotal:        1844596 kB
MemFree:          116176 kB
MemAvailable:    1349520 kB
Buffers:           92692 kB
Cached:          1169232 kB
MemTotal:        1844596 kB
MemFree:          115992 kB
MemAvailable:    1349504 kB
Buffers:           92692 kB
Cached:          1169480 kB
MemTotal:        1844596 kB
MemFree:          115868 kB
MemAvailable:    1349464 kB
Buffers:           92692 kB
Cached:          1169480 kB
MemTotal:        1844596 kB
MemFree:          114756 kB
MemAvailable:    1348436 kB
Buffers:           92692 kB
Cached:          1169604 kB
MemTotal:        1844596 kB
MemFree:          115664 kB
MemAvailable:    1349512 kB
Buffers:           92692 kB
Cached:          1169728 kB
MemTotal:        1844596 kB
MemFree:          115624 kB
MemAvailable:    1349556 kB
Buffers:           92692 kB
Cached:          1169852 kB
MemTotal:        1844596 kB
MemFree:          114888 kB
MemAvailable:    1348820 kB
Buffers:           92692 kB
Cached:          1169852 kB
MemTotal:        1844596 kB
MemFree:          115492 kB
MemAvailable:    1349424 kB
Buffers:           92692 kB
Cached:          1169852 kB
MemTotal:        1844596 kB
MemFree:          115684 kB
MemAvailable:    1349616 kB
Buffers:           92692 kB
Cached:          1169852 kB
MemTotal:        1844596 kB
MemFree:          115376 kB
MemAvailable:    1349308 kB
Buffers:           92692 kB
Cached:          1169852 kB
MemTotal:        1844596 kB
MemFree:          115452 kB
MemAvailable:    1349384 kB
Buffers:           92692 kB
Cached:          1169852 kB
MemTotal:        1844596 kB
MemFree:          115708 kB
MemAvailable:    1349640 kB
Buffers:           92692 kB
Cached:          1169852 kB
MemTotal:        1844596 kB
MemFree:          115492 kB
MemAvailable:    1349424 kB
Buffers:           92692 kB
Cached:          1169852 kB
MemTotal:        1844596 kB
MemFree:          115744 kB
MemAvailable:    1349676 kB
Buffers:           92692 kB
Cached:          1169852 kB
MemTotal:        1844596 kB
MemFree:          115616 kB
MemAvailable:    1349548 kB
Buffers:           92692 kB
Cached:          1169852 kB
MemTotal:        1844596 kB
MemFree:          115288 kB
MemAvailable:    1348716 kB
Buffers:           92692 kB
Cached:          1169220 kB
MemTotal:        1844596 kB
MemFree:          114332 kB
MemAvailable:    1347760 kB
Buffers:           92692 kB
Cached:          1169220 kB
MemTotal:        1844596 kB
MemFree:          220764 kB
MemAvailable:    1454212 kB
Buffers:           92692 kB
Cached:          1169244 kB
MemTotal:        1844596 kB
MemFree:          311288 kB
MemAvailable:    1544736 kB
Buffers:           92692 kB
Cached:          1169244 kB
