MemTotal:        1844596 kB
MemFree:          266424 kB
MemAvailable:    1546392 kB
Buffers:          101928 kB
Cached:          1196708 kB
MemTotal:        1844596 kB
MemFree:          237788 kB
MemAvailable:    1517760 kB
Buffers:          101928 kB
Cached:          1196712 kB
MemTotal:        1844596 kB
MemFree:          237804 kB
MemAvailable:    1517776 kB
Buffers:          101928 kB
Cached:          1196712 kB
MemTotal:        1844596 kB
MemFree:          238020 kB
MemAvailable:    1517992 kB
Buffers:          101928 kB
Cached:          1196712 kB
MemTotal:        1844596 kB
MemFree:          236616 kB
MemAvailable:    1516588 kB
Buffers:          101928 kB
Cached:          1196712 kB
MemTotal:        1844596 kB
MemFree:          235616 kB
MemAvailable:    1515588 kB
Buffers:          101928 kB
Cached:          1196712 kB
MemTotal:        1844596 kB
MemFree:          235660 kB
MemAvailable:    1515632 kB
Buffers:          101928 kB
Cached:          1196712 kB
MemTotal:        1844596 kB
MemFree:          233588 kB
MemAvailable:    1513560 kB
Buffers:          101928 kB
Cached:          1196712 kB
MemTotal:        1844596 kB
MemFree:          230960 kB
MemAvailable:    1510932 kB
Buffers:          101928 kB
Cached:          1196712 kB
MemTotal:        1844596 kB
MemFree:          230924 kB
MemAvailable:    1510896 kB
Buffers:          101928 kB
Cached:          1196712 kB
MemTotal:        1844596 kB
MemFree:          224264 kB
MemAvailable:    1504236 kB
Buffers:          101928 kB
Cached:          1196712 kB
MemTotal:        1844596 kB
MemFree:          224404 kB
MemAvailable:    1504376 kB
Buffers:          101928 kB
Cached:          1196712 kB
MemTotal:        1844596 kB
MemFree:          225396 kB
MemAvailable:    1505368 kB
Buffers:          101928 kB
Cached:          1196712 kB
MemTotal:        1844596 kB
MemFree:          225644 kB
MemAvailable:    1505616 kB
Buffers:          101928 kB
Cached:          1196712 kB
MemTotal:        1844596 kB
MemFree:          225644 kB
MemAvailable:    1505616 kB
Buffers:          101928 kB
Cached:          1196712 kB
MemTotal:        1844596 kB
MemFree:          226960 kB
MemAvailable:    1506932 kB
Buffers:          101928 kB
Cached:          1196712 kB
MemTotal:        1844596 kB
MemFree:          225464 kB
MemAvailable:    1505436 kB
Buffers:          101928 kB
Cached:          1196712 kB
MemTotal:        1844596 kB
MemFree:          226572 kB
MemAvailable:    1506544 kB
Buffers:          101928 kB
Cached:          1196712 kB
MemTotal:        1844596 kB
MemFree:          226440 kB
MemAvailable:    1506412 kB
Buffers:          101928 kB
Cached:          1196712 kB
MemTotal:        1844596 kB
MemFree:          225008 kB
MemAvailable:    1504980 kB
Buffers:          101928 kB
Cached:          1196712 kB
MemTotal:        1844596 kB
MemFree:          226136 kB
MemAvailable:    1506108 kB
Buffers:          101928 kB
Cached:          1196712 kB
MemTotal:        1844596 kB
MemFree:          226236 kB
MemAvailable:    1506208 kB
Buffers:          101928 kB
Cached:          1196712 kB
MemTotal:        1844596 kB
MemFree:          226236 kB
MemAvailable:    1506208 kB
Buffers:          101928 kB
Cached:          1196712 kB
MemTotal:        1844596 kB
MemFree:          224968 kB
MemAvailable:    1504940 kB
Buffers:          101928 kB
Cached:          1196712 kB
MemTotal:        1844596 kB
MemFree:          224240 kB
MemAvailable:    1504212 kB
Buffers:          101928 kB
Cached:          1196712 kB
MemTotal:        1844596 kB
MemFree:          225232 kB
MemAvailable:    1505204 kB
Buffers:          101928 kB
Cached:          1196712 kB
MemTotal:        1844596 kB
MemFree:          225132 kB
MemAvailable:    1505104 kB
Buffers:          101928 kB
Cached:          1196712 kB
MemTotal:        1844596 kB
MemFree:          224776 kB
MemAvailable:    1504748 kB
Buffers:          101928 kB
Cached:          1196712 kB
MemTotal:        1844596 kB
MemFree:          223728 kB
MemAvailable:    1503700 kB
Buffers:          101928 kB
Cached:          1196712 kB
MemTotal:        1844596 kB
MemFree:          224772 kB
MemAvailable:    1504744 kB
Buffers:          101928 kB
Cached:          1196712 kB
MemTotal:        1844596 kB
MemFree:          222916 kB
MemAvailable:    1502888 kB
Buffers:          101928 kB
Cached:          1196712 kB
MemTotal:        1844596 kB
MemFree:          223844 kB
MemAvailable:    1503816 kB
Buffers:          101928 kB
Cached:          1196712 kB
MemTotal:        1844596 kB
MemFree:          223768 kB
MemAvailable:    1503740 kB
Buffers:          101928 kB
Cached:          1196712 kB
MemTotal:        1844596 kB
MemFree:          223768 kB
MemAvailable:    1503740 kB
Buffers:          101928 kB
Cached:          1196712 kB
MemTotal:        1844596 kB
MemFree:          222488 kB
MemAvailable:    1502460 kB
Buffers:          101928 kB
Cached:          1196712 kB
MemTotal:        1844596 kB
MemFree:          223728 kB
MemAvailable:    1503700 kB
Buffers:          101928 kB
Cached:          1196712 kB
MemTotal:        1844596 kB
MemFree:          222384 kB
MemAvailable:    1502356 kB
Buffers:          101928 kB
Cached:          1196712 kB
MemTotal:        1844596 kB
MemFree:          223288 kB
MemAvailable:    1503260 kB
Buffers:          101928 kB
Cached:          1196712 kB
MemTotal:        1844596 kB
MemFree:          223700 kB
MemAvailable:    1503672 kB
Buffers:          101928 kB
Cached:          1196712 kB
MemTotal:        1844596 kB
MemFree:          223600 kB
MemAvailable:    1503572 kB
Buffers:          101928 kB
Cached:          1196712 kB
MemTotal:        1844596 kB
MemFree:          222032 kB
MemAvailable:    1502004 kB
Buffers:          101928 kB
Cached:          1196712 kB
MemTotal:        1844596 kB
MemFree:          222032 kB
MemAvailable:    1502004 kB
Buffers:          101928 kB
Cached:          1196712 kB
MemTotal:        1844596 kB
MemFree:          218760 kB
MemAvailable:    1498732 kB
Buffers:          101928 kB
Cached:          1196712 kB
MemTotal:        1844596 kB
MemFree:          218436 kB
MemAvailable:    1498408 kB
Buffers:          101928 kB
Cached:          1196712 kB
MemTotal:        1844596 kB
MemFree:          218772 kB
MemAvailable:    1498744 kB
Buffers:          101928 kB
Cached:          1196712 kB
MemTotal:        1844596 kB
MemFree:          217204 kB
MemAvailable:    1497176 kB
Buffers:          101928 kB
Cached:          1196712 kB
MemTotal:        1844596 kB
MemFree:          218188 kB
MemAvailable:    1498160 kB
Buffers:          101928 kB
Cached:          1196712 kB
MemTotal:        1844596 kB
MemFree:          218188 kB
MemAvailable:    1498160 kB
Buffers:          101928 kB
Cached:          1196712 kB
MemTotal:        1844596 kB
MemFree:          217924 kB
MemAvailable:    1497896 kB
Buffers:          101928 kB
Cached:          1196712 kB
MemTotal:        1844596 kB
MemFree:          218260 kB
MemAvailable:    1498232 kB
Buffers:          101928 kB
Cached:          1196712 kB
MemTotal:        1844596 kB
MemFree:          217884 kB
MemAvailable:    1497856 kB
Buffers:          101928 kB
Cached:          1196712 kB
MemTotal:        1844596 kB
MemFree:          218136 kB
MemAvailable:    1498108 kB
Buffers:          101928 kB
Cached:          1196712 kB
MemTotal:        1844596 kB
MemFree:          217644 kB
MemAvailable:    1497616 kB
Buffers:          101928 kB
Cached:          1196712 kB
MemTotal:        1844596 kB
MemFree:          217980 kB
MemAvailable:    1497952 kB
Buffers:          101928 kB
Cached:          1196712 kB
MemTotal:        1844596 kB
MemFree:          216704 kB
MemAvailable:    1496676 kB
Buffers:          101928 kB
Cached:          1196712 kB
MemTotal:        1844596 kB
MemFree:          216704 kB
MemAvailable:    1496676 kB
Buffers:          101928 kB
Cached:          1196712 kB
MemTotal:        1844596 kB
MemFree:          214592 kB
MemAvailable:    1494564 kB
Buffers:          101928 kB
Cached:          1196712 kB
MemTotal:        1844596 kB
MemFree:          214360 kB
MemAvailable:    1494332 kB
Buffers:          101928 kB
Cached:          1196712 kB
MemTotal:        1844596 kB
MemFree:          211012 kB
MemAvailable:    1490984 kB
Buffers:          101928 kB
Cached:          1196712 kB
MemTotal:        1844596 kB
MemFree:          211932 kB
MemAvailable:    1491904 kB
Buffers:          101928 kB
Cached:          1196712 kB
MemTotal:        1844596 kB
MemFree:          210772 kB
MemAvailable:    1490744 kB
Buffers:          101928 kB
Cached:          1196712 kB
MemTotal:        1844596 kB
MemFree:          210128 kB
MemAvailable:    1490100 kB
Buffers:          101928 kB
Cached:          1196712 kB
MemTotal:        1844596 kB
MemFree:          210464 kB
MemAvailable:    1490436 kB
Buffers:          101928 kB
Cached:          1196712 kB
MemTotal:        1844596 kB
MemFree:          209152 kB
MemAvailable:    1489124 kB
Buffers:          101928 kB
Cached:          1196712 kB
MemTotal:        1844596 kB
MemFree:          209620 kB
MemAvailable:    1489592 kB
Buffers:          101928 kB
Cached:          1196712 kB
MemTotal:        1844596 kB
MemFree:          209384 kB
MemAvailable:    1489356 kB
Buffers:          101928 kB
Cached:          1196712 kB
MemTotal:        1844596 kB
MemFree:          208788 kB
MemAvailable:    1488760 kB
Buffers:          101928 kB
Cached:          1196712 kB
MemTotal:        1844596 kB
MemFree:          209260 kB
MemAvailable:    1489232 kB
Buffers:          101928 kB
Cached:          1196712 kB
MemTotal:        1844596 kB
MemFree:          209028 kB
MemAvailable:    1489000 kB
Buffers:          101928 kB
Cached:          1196712 kB
MemTotal:        1844596 kB
MemFree:          209088 kB
MemAvailable:    1489060 kB
Buffers:          101928 kB
Cached:          1196712 kB
MemTotal:        1844596 kB
MemFree:          209160 kB
MemAvailable:    1489132 kB
Buffers:          101928 kB
Cached:          1196712 kB
MemTotal:        1844596 kB
MemFree:          209104 kB
MemAvailable:    1489084 kB
Buffers:          101928 kB
Cached:          1196720 kB
MemTotal:        1844596 kB
MemFree:          209100 kB
MemAvailable:    1489080 kB
Buffers:          101928 kB
Cached:          1196720 kB
MemTotal:        1844596 kB
MemFree:          208416 kB
MemAvailable:    1488396 kB
Buffers:          101928 kB
Cached:          1196720 kB
MemTotal:        1844596 kB
MemFree:          208980 kB
MemAvailable:    1488960 kB
Buffers:          101928 kB
Cached:          1196720 kB
MemTotal:        1844596 kB
MemFree:          209012 kB
MemAvailable:    1488992 kB
Buffers:          101928 kB
Cached:          1196720 kB
MemTotal:        1844596 kB
MemFree:          209152 kB
MemAvailable:    1489132 kB
Buffers:          101928 kB
Cached:          1196720 kB
MemTotal:        1844596 kB
MemFree:          208832 kB
MemAvailable:    1488812 kB
Buffers:          101928 kB
Cached:          1196720 kB
MemTotal:        1844596 kB
MemFree:          208904 kB
MemAvailable:    1488884 kB
Buffers:          101928 kB
Cached:          1196720 kB
MemTotal:        1844596 kB
MemFree:          207484 kB
MemAvailable:    1487464 kB
Buffers:          101928 kB
Cached:          1196720 kB
MemTotal:        1844596 kB
MemFree:          208908 kB
MemAvailable:    1488888 kB
Buffers:          101928 kB
Cached:          1196720 kB
MemTotal:        1844596 kB
MemFree:          208876 kB
MemAvailable:    1488856 kB
Buffers:          101928 kB
Cached:          1196720 kB
MemTotal:        1844596 kB
MemFree:          208960 kB
MemAvailable:    1488940 kB
Buffers:          101928 kB
Cached:          1196720 kB
MemTotal:        1844596 kB
MemFree:          208752 kB
MemAvailable:    1488732 kB
Buffers:          101928 kB
Cached:          1196720 kB
MemTotal:        1844596 kB
MemFree:          208408 kB
MemAvailable:    1488388 kB
Buffers:          101928 kB
Cached:          1196720 kB
MemTotal:        1844596 kB
MemFree:          207528 kB
MemAvailable:    1487508 kB
Buffers:          101928 kB
Cached:          1196720 kB
MemTotal:        1844596 kB
MemFree:          207416 kB
MemAvailable:    1487396 kB
Buffers:          101928 kB
Cached:          1196720 kB
MemTotal:        1844596 kB
MemFree:          201952 kB
MemAvailable:    1481932 kB
Buffers:          101928 kB
Cached:          1196720 kB
MemTotal:        1844596 kB
MemFree:          201952 kB
MemAvailable:    1481932 kB
Buffers:          101928 kB
Cached:          1196720 kB
MemTotal:        1844596 kB
MemFree:          200844 kB
MemAvailable:    1480824 kB
Buffers:          101928 kB
Cached:          1196720 kB
MemTotal:        1844596 kB
MemFree:          199472 kB
MemAvailable:    1479452 kB
Buffers:          101928 kB
Cached:          1196720 kB
MemTotal:        1844596 kB
MemFree:          199340 kB
MemAvailable:    1479320 kB
Buffers:          101928 kB
Cached:          1196720 kB
MemTotal:        1844596 kB
MemFree:          199208 kB
MemAvailable:    1479188 kB
Buffers:          101928 kB
Cached:          1196720 kB
MemTotal:        1844596 kB
MemFree:          200284 kB
MemAvailable:    1480264 kB
Buffers:          101928 kB
Cached:          1196720 kB
MemTotal:        1844596 kB
MemFree:          200104 kB
MemAvailable:    1480084 kB
Buffers:          101928 kB
Cached:          1196720 kB
MemTotal:        1844596 kB
MemFree:          200296 kB
MemAvailable:    1480276 kB
Buffers:          101928 kB
Cached:          1196720 kB
MemTotal:        1844596 kB
MemFree:          199232 kB
MemAvailable:    1479212 kB
Buffers:          101928 kB
Cached:          1196720 kB
MemTotal:        1844596 kB
MemFree:          200052 kB
MemAvailable:    1480036 kB
Buffers:          101928 kB
Cached:          1196724 kB
MemTotal:        1844596 kB
MemFree:          200388 kB
MemAvailable:    1480372 kB
Buffers:          101928 kB
Cached:          1196724 kB
MemTotal:        1844596 kB
MemFree:          200112 kB
MemAvailable:    1480096 kB
Buffers:          101928 kB
Cached:          1196724 kB
MemTotal:        1844596 kB
MemFree:          200112 kB
MemAvailable:    1480096 kB
Buffers:          101928 kB
Cached:          1196724 kB
MemTotal:        1844596 kB
MemFree:          200216 kB
MemAvailable:    1480200 kB
Buffers:          101928 kB
Cached:          1196724 kB
MemTotal:        1844596 kB
MemFree:          200468 kB
MemAvailable:    1480452 kB
Buffers:          101928 kB
Cached:          1196724 kB
MemTotal:        1844596 kB
MemFree:          200084 kB
MemAvailable:    1480068 kB
Buffers:          101928 kB
Cached:          1196724 kB
MemTotal:        1844596 kB
MemFree:          200336 kB
MemAvailable:    1480320 kB
Buffers:          101928 kB
Cached:          1196724 kB
MemTotal:        1844596 kB
MemFree:          200272 kB
MemAvailable:    1480256 kB
Buffers:          101928 kB
Cached:          1196724 kB
MemTotal:        1844596 kB
MemFree:          199088 kB
MemAvailable:    1479072 kB
Buffers:          101928 kB
Cached:          1196724 kB
MemTotal:        1844596 kB
MemFree:          200200 kB
MemAvailable:    1480184 kB
Buffers:          101928 kB
Cached:          1196724 kB
MemTotal:        1844596 kB
MemFree:          200284 kB
MemAvailable:    1480268 kB
Buffers:          101928 kB
Cached:          1196724 kB
MemTotal:        1844596 kB
MemFree:          200084 kB
MemAvailable:    1480068 kB
Buffers:          101928 kB
Cached:          1196724 kB
MemTotal:        1844596 kB
MemFree:          200100 kB
MemAvailable:    1480084 kB
Buffers:          101928 kB
Cached:          1196724 kB
MemTotal:        1844596 kB
MemFree:          198972 kB
MemAvailable:    1478956 kB
Buffers:          101928 kB
Cached:          1196724 kB
MemTotal:        1844596 kB
MemFree:          198840 kB
MemAvailable:    1478824 kB
Buffers:          101928 kB
Cached:          1196724 kB
MemTotal:        1844596 kB
MemFree:          200092 kB
MemAvailable:    1480076 kB
Buffers:          101928 kB
Cached:          1196724 kB
MemTotal:        1844596 kB
MemFree:          200232 kB
MemAvailable:    1480216 kB
Buffers:          101928 kB
Cached:          1196724 kB
MemTotal:        1844596 kB
MemFree:          200104 kB
MemAvailable:    1480088 kB
Buffers:          101928 kB
Cached:          1196724 kB
MemTotal:        1844596 kB
MemFree:          199096 kB
MemAvailable:    1479080 kB
Buffers:          101928 kB
Cached:          1196724 kB
MemTotal:        1844596 kB
MemFree:          198972 kB
MemAvailable:    1478956 kB
Buffers:          101928 kB
Cached:          1196724 kB
MemTotal:        1844596 kB
MemFree:          200296 kB
MemAvailable:    1480280 kB
Buffers:          101928 kB
Cached:          1196724 kB
MemTotal:        1844596 kB
MemFree:          199480 kB
MemAvailable:    1479464 kB
Buffers:          101928 kB
Cached:          1196724 kB
MemTotal:        1844596 kB
MemFree:          200556 kB
MemAvailable:    1480544 kB
Buffers:          101928 kB
Cached:          1196728 kB
MemTotal:        1844596 kB
MemFree:          199852 kB
MemAvailable:    1479840 kB
Buffers:          101928 kB
Cached:          1196728 kB
MemTotal:        1844596 kB
MemFree:          199948 kB
MemAvailable:    1479936 kB
Buffers:          101928 kB
Cached:          1196728 kB
MemTotal:        1844596 kB
MemFree:          200284 kB
MemAvailable:    1480272 kB
Buffers:          101928 kB
Cached:          1196728 kB
MemTotal:        1844596 kB
MemFree:          200136 kB
MemAvailable:    1480124 kB
Buffers:          101928 kB
Cached:          1196728 kB
MemTotal:        1844596 kB
MemFree:          199720 kB
MemAvailable:    1479708 kB
Buffers:          101928 kB
Cached:          1196728 kB
MemTotal:        1844596 kB
MemFree:          197976 kB
MemAvailable:    1477964 kB
Buffers:          101928 kB
Cached:          1196728 kB
MemTotal:        1844596 kB
MemFree:          197976 kB
MemAvailable:    1477964 kB
Buffers:          101928 kB
Cached:          1196728 kB
MemTotal:        1844596 kB
MemFree:          192784 kB
MemAvailable:    1472772 kB
Buffers:          101928 kB
Cached:          1196728 kB
MemTotal:        1844596 kB
MemFree:          189420 kB
MemAvailable:    1469408 kB
Buffers:          101928 kB
Cached:          1196728 kB
MemTotal:        1844596 kB
MemFree:          188676 kB
MemAvailable:    1468664 kB
Buffers:          101928 kB
Cached:          1196728 kB
MemTotal:        1844596 kB
MemFree:          189644 kB
MemAvailable:    1469632 kB
Buffers:          101928 kB
Cached:          1196728 kB
MemTotal:        1844596 kB
MemFree:          188576 kB
MemAvailable:    1468564 kB
Buffers:          101928 kB
Cached:          1196728 kB
MemTotal:        1844596 kB
MemFree:          189180 kB
MemAvailable:    1469168 kB
Buffers:          101928 kB
Cached:          1196728 kB
MemTotal:        1844596 kB
MemFree:          189436 kB
MemAvailable:    1469424 kB
Buffers:          101928 kB
Cached:          1196728 kB
MemTotal:        1844596 kB
MemFree:          189180 kB
MemAvailable:    1469168 kB
Buffers:          101928 kB
Cached:          1196728 kB
MemTotal:        1844596 kB
MemFree:          189348 kB
MemAvailable:    1469336 kB
Buffers:          101928 kB
Cached:          1196728 kB
MemTotal:        1844596 kB
MemFree:          188152 kB
MemAvailable:    1468140 kB
Buffers:          101928 kB
Cached:          1196728 kB
MemTotal:        1844596 kB
MemFree:          189428 kB
MemAvailable:    1469416 kB
Buffers:          101928 kB
Cached:          1196728 kB
MemTotal:        1844596 kB
MemFree:          188568 kB
MemAvailable:    1468556 kB
Buffers:          101928 kB
Cached:          1196728 kB
MemTotal:        1844596 kB
MemFree:          188060 kB
MemAvailable:    1468048 kB
Buffers:          101928 kB
Cached:          1196728 kB
MemTotal:        1844596 kB
MemFree:          189252 kB
MemAvailable:    1469240 kB
Buffers:          101928 kB
Cached:          1196728 kB
MemTotal:        1844596 kB
MemFree:          189504 kB
MemAvailable:    1469492 kB
Buffers:          101928 kB
Cached:          1196728 kB
MemTotal:        1844596 kB
MemFree:          189304 kB
MemAvailable:    1469292 kB
Buffers:          101928 kB
Cached:          1196728 kB
MemTotal:        1844596 kB
MemFree:          189556 kB
MemAvailable:    1469544 kB
Buffers:          101928 kB
Cached:          1196728 kB
MemTotal:        1844596 kB
MemFree:          189304 kB
MemAvailable:    1469292 kB
Buffers:          101928 kB
Cached:          1196728 kB
MemTotal:        1844596 kB
MemFree:          189556 kB
MemAvailable:    1469544 kB
Buffers:          101928 kB
Cached:          1196728 kB
MemTotal:        1844596 kB
MemFree:          189372 kB
MemAvailable:    1469360 kB
Buffers:          101928 kB
Cached:          1196728 kB
MemTotal:        1844596 kB
MemFree:          189240 kB
MemAvailable:    1469228 kB
Buffers:          101928 kB
Cached:          1196728 kB
MemTotal:        1844596 kB
MemFree:          189428 kB
MemAvailable:    1469416 kB
Buffers:          101928 kB
Cached:          1196728 kB
MemTotal:        1844596 kB
MemFree:          188016 kB
MemAvailable:    1468004 kB
Buffers:          101928 kB
Cached:          1196728 kB
MemTotal:        1844596 kB
MemFree:          188072 kB
MemAvailable:    1468064 kB
Buffers:          101928 kB
Cached:          1196732 kB
MemTotal:        1844596 kB
MemFree:          188328 kB
MemAvailable:    1468320 kB
Buffers:          101928 kB
Cached:          1196732 kB
MemTotal:        1844596 kB
MemFree:          189504 kB
MemAvailable:    1469496 kB
Buffers:          101928 kB
Cached:          1196732 kB
MemTotal:        1844596 kB
MemFree:          189248 kB
MemAvailable:    1469240 kB
Buffers:          101928 kB
Cached:          1196732 kB
MemTotal:        1844596 kB
MemFree:          188196 kB
MemAvailable:    1468188 kB
Buffers:          101928 kB
Cached:          1196732 kB
MemTotal:        1844596 kB
MemFree:          188188 kB
MemAvailable:    1468180 kB
Buffers:          101928 kB
Cached:          1196732 kB
MemTotal:        1844596 kB
MemFree:          189256 kB
MemAvailable:    1469248 kB
Buffers:          101928 kB
Cached:          1196732 kB
MemTotal:        1844596 kB
MemFree:          188700 kB
MemAvailable:    1468692 kB
Buffers:          101928 kB
Cached:          1196732 kB
MemTotal:        1844596 kB
MemFree:          189000 kB
MemAvailable:    1468992 kB
Buffers:          101928 kB
Cached:          1196732 kB
MemTotal:        1844596 kB
MemFree:          189084 kB
MemAvailable:    1469076 kB
Buffers:          101928 kB
Cached:          1196732 kB
MemTotal:        1844596 kB
MemFree:          189260 kB
MemAvailable:    1469252 kB
Buffers:          101928 kB
Cached:          1196732 kB
MemTotal:        1844596 kB
MemFree:          188180 kB
MemAvailable:    1468172 kB
Buffers:          101928 kB
Cached:          1196732 kB
MemTotal:        1844596 kB
MemFree:          189248 kB
MemAvailable:    1469240 kB
Buffers:          101928 kB
Cached:          1196732 kB
MemTotal:        1844596 kB
MemFree:          188940 kB
MemAvailable:    1468932 kB
Buffers:          101928 kB
Cached:          1196732 kB
MemTotal:        1844596 kB
MemFree:          188676 kB
MemAvailable:    1468668 kB
Buffers:          101928 kB
Cached:          1196732 kB
MemTotal:        1844596 kB
MemFree:          187760 kB
MemAvailable:    1467752 kB
Buffers:          101928 kB
Cached:          1196732 kB
MemTotal:        1844596 kB
MemFree:          188060 kB
MemAvailable:    1468052 kB
Buffers:          101928 kB
Cached:          1196732 kB
MemTotal:        1844596 kB
MemFree:          189300 kB
MemAvailable:    1469292 kB
Buffers:          101928 kB
Cached:          1196732 kB
MemTotal:        1844596 kB
MemFree:          188460 kB
MemAvailable:    1468452 kB
Buffers:          101928 kB
Cached:          1196732 kB
MemTotal:        1844596 kB
MemFree:          189048 kB
MemAvailable:    1469040 kB
Buffers:          101928 kB
Cached:          1196732 kB
MemTotal:        1844596 kB
MemFree:          189180 kB
MemAvailable:    1469172 kB
Buffers:          101928 kB
Cached:          1196732 kB
MemTotal:        1844596 kB
MemFree:          189192 kB
MemAvailable:    1469184 kB
Buffers:          101928 kB
Cached:          1196732 kB
MemTotal:        1844596 kB
MemFree:          188060 kB
MemAvailable:    1468052 kB
Buffers:          101928 kB
Cached:          1196732 kB
MemTotal:        1844596 kB
MemFree:          189244 kB
MemAvailable:    1469236 kB
Buffers:          101928 kB
Cached:          1196732 kB
MemTotal:        1844596 kB
MemFree:          189496 kB
MemAvailable:    1469488 kB
Buffers:          101928 kB
Cached:          1196732 kB
MemTotal:        1844596 kB
MemFree:          189292 kB
MemAvailable:    1469284 kB
Buffers:          101928 kB
Cached:          1196732 kB
MemTotal:        1844596 kB
MemFree:          189196 kB
MemAvailable:    1469188 kB
Buffers:          101928 kB
Cached:          1196732 kB
MemTotal:        1844596 kB
MemFree:          187940 kB
MemAvailable:    1467932 kB
Buffers:          101928 kB
Cached:          1196732 kB
MemTotal:        1844596 kB
MemFree:          187808 kB
MemAvailable:    1467800 kB
Buffers:          101928 kB
Cached:          1196732 kB
MemTotal:        1844596 kB
MemFree:          187336 kB
MemAvailable:    1467328 kB
Buffers:          101928 kB
Cached:          1196732 kB
MemTotal:        1844596 kB
MemFree:          187212 kB
MemAvailable:    1467204 kB
Buffers:          101928 kB
Cached:          1196732 kB
MemTotal:        1844596 kB
MemFree:          187080 kB
MemAvailable:    1467072 kB
Buffers:          101928 kB
Cached:          1196732 kB
MemTotal:        1844596 kB
MemFree:          188188 kB
MemAvailable:    1468180 kB
Buffers:          101928 kB
Cached:          1196732 kB
MemTotal:        1844596 kB
MemFree:          188188 kB
MemAvailable:    1468180 kB
Buffers:          101928 kB
Cached:          1196732 kB
MemTotal:        1844596 kB
MemFree:          186832 kB
MemAvailable:    1466824 kB
Buffers:          101928 kB
Cached:          1196732 kB
MemTotal:        1844596 kB
MemFree:          188072 kB
MemAvailable:    1468064 kB
Buffers:          101928 kB
Cached:          1196732 kB
MemTotal:        1844596 kB
MemFree:          188128 kB
MemAvailable:    1468120 kB
Buffers:          101928 kB
Cached:          1196732 kB
MemTotal:        1844596 kB
MemFree:          187220 kB
MemAvailable:    1467212 kB
Buffers:          101928 kB
Cached:          1196732 kB
MemTotal:        1844596 kB
MemFree:          187940 kB
MemAvailable:    1467932 kB
Buffers:          101928 kB
Cached:          1196732 kB
MemTotal:        1844596 kB
MemFree:          188192 kB
MemAvailable:    1468184 kB
Buffers:          101928 kB
Cached:          1196732 kB
MemTotal:        1844596 kB
MemFree:          187684 kB
MemAvailable:    1467676 kB
Buffers:          101928 kB
Cached:          1196732 kB
MemTotal:        1844596 kB
MemFree:          187768 kB
MemAvailable:    1467760 kB
Buffers:          101928 kB
Cached:          1196732 kB
MemTotal:        1844596 kB
MemFree:          187580 kB
MemAvailable:    1467572 kB
Buffers:          101928 kB
Cached:          1196732 kB
MemTotal:        1844596 kB
MemFree:          187688 kB
MemAvailable:    1467680 kB
Buffers:          101928 kB
Cached:          1196732 kB
MemTotal:        1844596 kB
MemFree:          187592 kB
MemAvailable:    1467584 kB
Buffers:          101928 kB
Cached:          1196732 kB
MemTotal:        1844596 kB
MemFree:          187832 kB
MemAvailable:    1467824 kB
Buffers:          101928 kB
Cached:          1196732 kB
MemTotal:        1844596 kB
MemFree:          186584 kB
MemAvailable:    1466576 kB
Buffers:          101928 kB
Cached:          1196732 kB
MemTotal:        1844596 kB
MemFree:          187888 kB
MemAvailable:    1467880 kB
Buffers:          101928 kB
Cached:          1196732 kB
MemTotal:        1844596 kB
MemFree:          186572 kB
MemAvailable:    1466564 kB
Buffers:          101928 kB
Cached:          1196732 kB
MemTotal:        1844596 kB
MemFree:          186468 kB
MemAvailable:    1466460 kB
Buffers:          101928 kB
Cached:          1196732 kB
MemTotal:        1844596 kB
MemFree:          187520 kB
MemAvailable:    1467512 kB
Buffers:          101928 kB
Cached:          1196732 kB
MemTotal:        1844596 kB
MemFree:          187772 kB
MemAvailable:    1467764 kB
Buffers:          101928 kB
Cached:          1196732 kB
MemTotal:        1844596 kB
MemFree:          186400 kB
MemAvailable:    1466392 kB
Buffers:          101928 kB
Cached:          1196732 kB
MemTotal:        1844596 kB
MemFree:          187516 kB
MemAvailable:    1467508 kB
Buffers:          101928 kB
Cached:          1196732 kB
MemTotal:        1844596 kB
MemFree:          187768 kB
MemAvailable:    1467760 kB
Buffers:          101928 kB
Cached:          1196732 kB
MemTotal:        1844596 kB
MemFree:          180748 kB
MemAvailable:    1460740 kB
Buffers:          101928 kB
Cached:          1196732 kB
MemTotal:        1844596 kB
MemFree:          180712 kB
MemAvailable:    1460704 kB
Buffers:          101928 kB
Cached:          1196732 kB
MemTotal:        1844596 kB
MemFree:          175680 kB
MemAvailable:    1455672 kB
Buffers:          101928 kB
Cached:          1196732 kB
MemTotal:        1844596 kB
MemFree:          176052 kB
MemAvailable:    1456044 kB
Buffers:          101928 kB
Cached:          1196732 kB
MemTotal:        1844596 kB
MemFree:          175432 kB
MemAvailable:    1455424 kB
Buffers:          101928 kB
Cached:          1196732 kB
MemTotal:        1844596 kB
MemFree:          176036 kB
MemAvailable:    1456028 kB
Buffers:          101928 kB
Cached:          1196732 kB
MemTotal:        1844596 kB
MemFree:          176248 kB
MemAvailable:    1456240 kB
Buffers:          101928 kB
Cached:          1196732 kB
MemTotal:        1844596 kB
MemFree:          175424 kB
MemAvailable:    1455416 kB
Buffers:          101928 kB
Cached:          1196732 kB
MemTotal:        1844596 kB
MemFree:          175508 kB
MemAvailable:    1455500 kB
Buffers:          101928 kB
Cached:          1196732 kB
MemTotal:        1844596 kB
MemFree:          174740 kB
MemAvailable:    1454732 kB
Buffers:          101928 kB
Cached:          1196732 kB
MemTotal:        1844596 kB
MemFree:          172952 kB
MemAvailable:    1452944 kB
Buffers:          101928 kB
Cached:          1196732 kB
MemTotal:        1844596 kB
MemFree:          172704 kB
MemAvailable:    1452696 kB
Buffers:          101928 kB
Cached:          1196732 kB
MemTotal:        1844596 kB
MemFree:          172696 kB
MemAvailable:    1452688 kB
Buffers:          101928 kB
Cached:          1196732 kB
MemTotal:        1844596 kB
MemFree:          172216 kB
MemAvailable:    1452208 kB
Buffers:          101928 kB
Cached:          1196732 kB
MemTotal:        1844596 kB
MemFree:          172532 kB
MemAvailable:    1452524 kB
Buffers:          101928 kB
Cached:          1196732 kB
MemTotal:        1844596 kB
MemFree:          172588 kB
MemAvailable:    1452580 kB
Buffers:          101928 kB
Cached:          1196732 kB
MemTotal:        1844596 kB
MemFree:          171844 kB
MemAvailable:    1451836 kB
Buffers:          101928 kB
Cached:          1196732 kB
MemTotal:        1844596 kB
MemFree:          172440 kB
MemAvailable:    1452432 kB
Buffers:          101928 kB
Cached:          1196732 kB
MemTotal:        1844596 kB
MemFree:          172692 kB
MemAvailable:    1452684 kB
Buffers:          101928 kB
Cached:          1196732 kB
MemTotal:        1844596 kB
MemFree:          172316 kB
MemAvailable:    1452316 kB
Buffers:          101928 kB
Cached:          1196740 kB
MemTotal:        1844596 kB
MemFree:          171424 kB
MemAvailable:    1451424 kB
Buffers:          101928 kB
Cached:          1196740 kB
MemTotal:        1844596 kB
MemFree:          172516 kB
MemAvailable:    1452516 kB
Buffers:          101928 kB
Cached:          1196740 kB
MemTotal:        1844596 kB
MemFree:          172440 kB
MemAvailable:    1452440 kB
Buffers:          101928 kB
Cached:          1196740 kB
MemTotal:        1844596 kB
MemFree:          172692 kB
MemAvailable:    1452692 kB
Buffers:          101928 kB
Cached:          1196740 kB
MemTotal:        1844596 kB
MemFree:          172384 kB
MemAvailable:    1452384 kB
Buffers:          101928 kB
Cached:          1196740 kB
MemTotal:        1844596 kB
MemFree:          171168 kB
MemAvailable:    1451168 kB
Buffers:          101928 kB
Cached:          1196740 kB
MemTotal:        1844596 kB
MemFree:          171960 kB
MemAvailable:    1451960 kB
Buffers:          101928 kB
Cached:          1196740 kB
MemTotal:        1844596 kB
MemFree:          171448 kB
MemAvailable:    1451448 kB
Buffers:          101928 kB
Cached:          1196740 kB
MemTotal:        1844596 kB
MemFree:          171284 kB
MemAvailable:    1451284 kB
Buffers:          101928 kB
Cached:          1196740 kB
MemTotal:        1844596 kB
MemFree:          169480 kB
MemAvailable:    1449480 kB
Buffers:          101928 kB
Cached:          1196740 kB
MemTotal:        1844596 kB
MemFree:          170580 kB
MemAvailable:    1450580 kB
Buffers:          101928 kB
Cached:          1196740 kB
MemTotal:        1844596 kB
MemFree:          170224 kB
MemAvailable:    1450224 kB
Buffers:          101928 kB
Cached:          1196740 kB
MemTotal:        1844596 kB
MemFree:          170320 kB
MemAvailable:    1450320 kB
Buffers:          101928 kB
Cached:          1196740 kB
MemTotal:        1844596 kB
MemFree:          170100 kB
MemAvailable:    1450100 kB
Buffers:          101928 kB
Cached:          1196740 kB
MemTotal:        1844596 kB
MemFree:          168736 kB
MemAvailable:    1448736 kB
Buffers:          101928 kB
Cached:          1196740 kB
MemTotal:        1844596 kB
MemFree:          168984 kB
MemAvailable:    1448984 kB
Buffers:          101928 kB
Cached:          1196740 kB
MemTotal:        1844596 kB
MemFree:          169604 kB
MemAvailable:    1449604 kB
Buffers:          101928 kB
Cached:          1196740 kB
MemTotal:        1844596 kB
MemFree:          167984 kB
MemAvailable:    1447984 kB
Buffers:          101928 kB
Cached:          1196740 kB
MemTotal:        1844596 kB
MemFree:          168116 kB
MemAvailable:    1448116 kB
Buffers:          101928 kB
Cached:          1196740 kB
MemTotal:        1844596 kB
MemFree:          168720 kB
MemAvailable:    1448720 kB
Buffers:          101928 kB
Cached:          1196740 kB
MemTotal:        1844596 kB
MemFree:          168932 kB
MemAvailable:    1448932 kB
Buffers:          101928 kB
Cached:          1196740 kB
MemTotal:        1844596 kB
MemFree:          167364 kB
MemAvailable:    1447364 kB
Buffers:          101928 kB
Cached:          1196740 kB
MemTotal:        1844596 kB
MemFree:          167488 kB
MemAvailable:    1447488 kB
Buffers:          101928 kB
Cached:          1196740 kB
MemTotal:        1844596 kB
MemFree:          168664 kB
MemAvailable:    1448664 kB
Buffers:          101928 kB
Cached:          1196740 kB
MemTotal:        1844596 kB
MemFree:          167612 kB
MemAvailable:    1447612 kB
Buffers:          101928 kB
Cached:          1196740 kB
MemTotal:        1844596 kB
MemFree:          168532 kB
MemAvailable:    1448532 kB
Buffers:          101928 kB
Cached:          1196740 kB
MemTotal:        1844596 kB
MemFree:          168464 kB
MemAvailable:    1448464 kB
Buffers:          101928 kB
Cached:          1196740 kB
MemTotal:        1844596 kB
MemFree:          168372 kB
MemAvailable:    1448372 kB
Buffers:          101928 kB
Cached:          1196740 kB
MemTotal:        1844596 kB
MemFree:          168356 kB
MemAvailable:    1448356 kB
Buffers:          101928 kB
Cached:          1196740 kB
MemTotal:        1844596 kB
MemFree:          168000 kB
MemAvailable:    1448000 kB
Buffers:          101928 kB
Cached:          1196740 kB
MemTotal:        1844596 kB
MemFree:          168092 kB
MemAvailable:    1448092 kB
Buffers:          101928 kB
Cached:          1196740 kB
MemTotal:        1844596 kB
MemFree:          167992 kB
MemAvailable:    1447868 kB
Buffers:          101928 kB
Cached:          1196740 kB
MemTotal:        1844596 kB
MemFree:          166736 kB
MemAvailable:    1446736 kB
Buffers:          101928 kB
Cached:          1196740 kB
MemTotal:        1844596 kB
MemFree:          168088 kB
MemAvailable:    1448088 kB
Buffers:          101928 kB
Cached:          1196740 kB
MemTotal:        1844596 kB
MemFree:          167688 kB
MemAvailable:    1447688 kB
Buffers:          101928 kB
Cached:          1196740 kB
MemTotal:        1844596 kB
MemFree:          168708 kB
MemAvailable:    1448708 kB
Buffers:          101928 kB
Cached:          1196740 kB
MemTotal:        1844596 kB
MemFree:          167372 kB
MemAvailable:    1447372 kB
Buffers:          101928 kB
Cached:          1196740 kB
MemTotal:        1844596 kB
MemFree:          168224 kB
MemAvailable:    1448224 kB
Buffers:          101928 kB
Cached:          1196740 kB
MemTotal:        1844596 kB
MemFree:          168308 kB
MemAvailable:    1448308 kB
Buffers:          101928 kB
Cached:          1196740 kB
MemTotal:        1844596 kB
MemFree:          166820 kB
MemAvailable:    1446820 kB
Buffers:          101928 kB
Cached:          1196740 kB
MemTotal:        1844596 kB
MemFree:          166944 kB
MemAvailable:    1446944 kB
Buffers:          101928 kB
Cached:          1196740 kB
MemTotal:        1844596 kB
MemFree:          168180 kB
MemAvailable:    1448180 kB
Buffers:          101928 kB
Cached:          1196740 kB
MemTotal:        1844596 kB
MemFree:          167372 kB
MemAvailable:    1447372 kB
Buffers:          101928 kB
Cached:          1196740 kB
MemTotal:        1844596 kB
MemFree:          168108 kB
MemAvailable:    1448108 kB
Buffers:          101928 kB
Cached:          1196740 kB
MemTotal:        1844596 kB
MemFree:          168248 kB
MemAvailable:    1448248 kB
Buffers:          101928 kB
Cached:          1196740 kB
MemTotal:        1844596 kB
MemFree:          168120 kB
MemAvailable:    1448120 kB
Buffers:          101928 kB
Cached:          1196740 kB
MemTotal:        1844596 kB
MemFree:          168248 kB
MemAvailable:    1448248 kB
Buffers:          101928 kB
Cached:          1196740 kB
MemTotal:        1844596 kB
MemFree:          167372 kB
MemAvailable:    1447372 kB
Buffers:          101928 kB
Cached:          1196740 kB
MemTotal:        1844596 kB
MemFree:          167168 kB
MemAvailable:    1447176 kB
Buffers:          101928 kB
Cached:          1196748 kB
MemTotal:        1844596 kB
MemFree:          166728 kB
MemAvailable:    1446736 kB
Buffers:          101928 kB
Cached:          1196748 kB
MemTotal:        1844596 kB
MemFree:          166628 kB
MemAvailable:    1446636 kB
Buffers:          101928 kB
Cached:          1196748 kB
MemTotal:        1844596 kB
MemFree:          166572 kB
MemAvailable:    1446580 kB
Buffers:          101928 kB
Cached:          1196748 kB
MemTotal:        1844596 kB
MemFree:          165820 kB
MemAvailable:    1445828 kB
Buffers:          101928 kB
Cached:          1196748 kB
MemTotal:        1844596 kB
MemFree:          163404 kB
MemAvailable:    1443412 kB
Buffers:          101928 kB
Cached:          1196748 kB
MemTotal:        1844596 kB
MemFree:          161720 kB
MemAvailable:    1441728 kB
Buffers:          101928 kB
Cached:          1196748 kB
MemTotal:        1844596 kB
MemFree:          159436 kB
MemAvailable:    1439444 kB
Buffers:          101928 kB
Cached:          1196748 kB
MemTotal:        1844596 kB
MemFree:          155840 kB
MemAvailable:    1435848 kB
Buffers:          101928 kB
Cached:          1196748 kB
MemTotal:        1844596 kB
MemFree:          154104 kB
MemAvailable:    1434112 kB
Buffers:          101928 kB
Cached:          1196748 kB
MemTotal:        1844596 kB
MemFree:          151128 kB
MemAvailable:    1431136 kB
Buffers:          101928 kB
Cached:          1196748 kB
MemTotal:        1844596 kB
MemFree:          149748 kB
MemAvailable:    1429756 kB
Buffers:          101928 kB
Cached:          1196748 kB
MemTotal:        1844596 kB
MemFree:          150084 kB
MemAvailable:    1430092 kB
Buffers:          101928 kB
Cached:          1196748 kB
MemTotal:        1844596 kB
MemFree:          149756 kB
MemAvailable:    1429764 kB
Buffers:          101928 kB
Cached:          1196748 kB
MemTotal:        1844596 kB
MemFree:          148384 kB
MemAvailable:    1428392 kB
Buffers:          101928 kB
Cached:          1196748 kB
MemTotal:        1844596 kB
MemFree:          149484 kB
MemAvailable:    1429492 kB
Buffers:          101928 kB
Cached:          1196748 kB
MemTotal:        1844596 kB
MemFree:          148756 kB
MemAvailable:    1428764 kB
Buffers:          101928 kB
Cached:          1196748 kB
MemTotal:        1844596 kB
MemFree:          149376 kB
MemAvailable:    1429384 kB
Buffers:          101928 kB
Cached:          1196748 kB
MemTotal:        1844596 kB
MemFree:          149712 kB
MemAvailable:    1429720 kB
Buffers:          101928 kB
Cached:          1196748 kB
MemTotal:        1844596 kB
MemFree:          149508 kB
MemAvailable:    1429516 kB
Buffers:          101928 kB
Cached:          1196748 kB
MemTotal:        1844596 kB
MemFree:          149592 kB
MemAvailable:    1429600 kB
Buffers:          101928 kB
Cached:          1196748 kB
MemTotal:        1844596 kB
MemFree:          149204 kB
MemAvailable:    1429212 kB
Buffers:          101928 kB
Cached:          1196748 kB
MemTotal:        1844596 kB
MemFree:          149540 kB
MemAvailable:    1429548 kB
Buffers:          101928 kB
Cached:          1196748 kB
MemTotal:        1844596 kB
MemFree:          148764 kB
MemAvailable:    1428772 kB
Buffers:          101928 kB
Cached:          1196748 kB
MemTotal:        1844596 kB
MemFree:          148764 kB
MemAvailable:    1428772 kB
Buffers:          101928 kB
Cached:          1196748 kB
MemTotal:        1844596 kB
MemFree:          148520 kB
MemAvailable:    1428528 kB
Buffers:          101928 kB
Cached:          1196748 kB
MemTotal:        1844596 kB
MemFree:          147472 kB
MemAvailable:    1427480 kB
Buffers:          101928 kB
Cached:          1196748 kB
MemTotal:        1844596 kB
MemFree:          148560 kB
MemAvailable:    1428568 kB
Buffers:          101928 kB
Cached:          1196748 kB
MemTotal:        1844596 kB
MemFree:          147336 kB
MemAvailable:    1427348 kB
Buffers:          101928 kB
Cached:          1196752 kB
MemTotal:        1844596 kB
MemFree:          148636 kB
MemAvailable:    1428648 kB
Buffers:          101928 kB
Cached:          1196752 kB
MemTotal:        1844596 kB
MemFree:          148544 kB
MemAvailable:    1428556 kB
Buffers:          101928 kB
Cached:          1196752 kB
MemTotal:        1844596 kB
MemFree:          147408 kB
MemAvailable:    1427420 kB
Buffers:          101928 kB
Cached:          1196752 kB
MemTotal:        1844596 kB
MemFree:          148468 kB
MemAvailable:    1428480 kB
Buffers:          101928 kB
Cached:          1196752 kB
MemTotal:        1844596 kB
MemFree:          148724 kB
MemAvailable:    1428736 kB
Buffers:          101928 kB
Cached:          1196752 kB
MemTotal:        1844596 kB
MemFree:          147396 kB
MemAvailable:    1427408 kB
Buffers:          101928 kB
Cached:          1196752 kB
MemTotal:        1844596 kB
MemFree:          148628 kB
MemAvailable:    1428640 kB
Buffers:          101928 kB
Cached:          1196752 kB
MemTotal:        1844596 kB
MemFree:          148516 kB
MemAvailable:    1428528 kB
Buffers:          101928 kB
Cached:          1196752 kB
MemTotal:        1844596 kB
MemFree:          148516 kB
MemAvailable:    1428528 kB
Buffers:          101928 kB
Cached:          1196752 kB
MemTotal:        1844596 kB
MemFree:          148768 kB
MemAvailable:    1428780 kB
Buffers:          101928 kB
Cached:          1196752 kB
MemTotal:        1844596 kB
MemFree:          147236 kB
MemAvailable:    1427248 kB
Buffers:          101928 kB
Cached:          1196752 kB
MemTotal:        1844596 kB
MemFree:          148528 kB
MemAvailable:    1428540 kB
Buffers:          101928 kB
Cached:          1196752 kB
MemTotal:        1844596 kB
MemFree:          147480 kB
MemAvailable:    1427492 kB
Buffers:          101928 kB
Cached:          1196752 kB
MemTotal:        1844596 kB
MemFree:          148716 kB
MemAvailable:    1428728 kB
Buffers:          101928 kB
Cached:          1196752 kB
MemTotal:        1844596 kB
MemFree:          147284 kB
MemAvailable:    1427296 kB
Buffers:          101928 kB
Cached:          1196752 kB
MemTotal:        1844596 kB
MemFree:          144308 kB
MemAvailable:    1424320 kB
Buffers:          101928 kB
Cached:          1196752 kB
MemTotal:        1844596 kB
MemFree:          141580 kB
MemAvailable:    1421592 kB
Buffers:          101928 kB
Cached:          1196752 kB
MemTotal:        1844596 kB
MemFree:          138852 kB
MemAvailable:    1418864 kB
Buffers:          101928 kB
Cached:          1196752 kB
MemTotal:        1844596 kB
MemFree:          135628 kB
MemAvailable:    1415640 kB
Buffers:          101928 kB
Cached:          1196752 kB
MemTotal:        1844596 kB
MemFree:          134140 kB
MemAvailable:    1414152 kB
Buffers:          101928 kB
Cached:          1196752 kB
MemTotal:        1844596 kB
MemFree:          130784 kB
MemAvailable:    1410796 kB
Buffers:          101928 kB
Cached:          1196752 kB
MemTotal:        1844596 kB
MemFree:          130872 kB
MemAvailable:    1410884 kB
Buffers:          101928 kB
Cached:          1196752 kB
MemTotal:        1844596 kB
MemFree:          130404 kB
MemAvailable:    1410416 kB
Buffers:          101928 kB
Cached:          1196752 kB
MemTotal:        1844596 kB
MemFree:          130404 kB
MemAvailable:    1410416 kB
Buffers:          101928 kB
Cached:          1196752 kB
MemTotal:        1844596 kB
MemFree:          130248 kB
MemAvailable:    1410260 kB
Buffers:          101928 kB
Cached:          1196752 kB
MemTotal:        1844596 kB
MemFree:          129000 kB
MemAvailable:    1409012 kB
Buffers:          101928 kB
Cached:          1196752 kB
MemTotal:        1844596 kB
MemFree:          130228 kB
MemAvailable:    1410240 kB
Buffers:          101928 kB
Cached:          1196752 kB
MemTotal:        1844596 kB
MemFree:          129868 kB
MemAvailable:    1409880 kB
Buffers:          101928 kB
Cached:          1196752 kB
MemTotal:        1844596 kB
MemFree:          130588 kB
MemAvailable:    1410600 kB
Buffers:          101928 kB
Cached:          1196752 kB
MemTotal:        1844596 kB
MemFree:          129436 kB
MemAvailable:    1409448 kB
Buffers:          101928 kB
Cached:          1196752 kB
MemTotal:        1844596 kB
MemFree:          130164 kB
MemAvailable:    1410176 kB
Buffers:          101928 kB
Cached:          1196752 kB
MemTotal:        1844596 kB
MemFree:          130500 kB
MemAvailable:    1410512 kB
Buffers:          101928 kB
Cached:          1196752 kB
MemTotal:        1844596 kB
MemFree:          130288 kB
MemAvailable:    1410300 kB
Buffers:          101928 kB
Cached:          1196752 kB
MemTotal:        1844596 kB
MemFree:          130288 kB
MemAvailable:    1410300 kB
Buffers:          101928 kB
Cached:          1196752 kB
MemTotal:        1844596 kB
MemFree:          130108 kB
MemAvailable:    1410120 kB
Buffers:          101928 kB
Cached:          1196752 kB
MemTotal:        1844596 kB
MemFree:          130444 kB
MemAvailable:    1410456 kB
Buffers:          101928 kB
Cached:          1196752 kB
MemTotal:        1844596 kB
MemFree:          130284 kB
MemAvailable:    1410296 kB
Buffers:          101928 kB
Cached:          1196752 kB
MemTotal:        1844596 kB
MemFree:          130224 kB
MemAvailable:    1410236 kB
Buffers:          101928 kB
Cached:          1196752 kB
MemTotal:        1844596 kB
MemFree:          130224 kB
MemAvailable:    1410236 kB
Buffers:          101928 kB
Cached:          1196752 kB
MemTotal:        1844596 kB
MemFree:          130336 kB
MemAvailable:    1410348 kB
Buffers:          101928 kB
Cached:          1196752 kB
MemTotal:        1844596 kB
MemFree:          130296 kB
MemAvailable:    1410308 kB
Buffers:          101928 kB
Cached:          1196752 kB
MemTotal:        1844596 kB
MemFree:          129544 kB
MemAvailable:    1409556 kB
Buffers:          101928 kB
Cached:          1196752 kB
MemTotal:        1844596 kB
MemFree:          130240 kB
MemAvailable:    1410256 kB
Buffers:          101928 kB
Cached:          1196756 kB
MemTotal:        1844596 kB
MemFree:          130492 kB
MemAvailable:    1410508 kB
Buffers:          101928 kB
Cached:          1196756 kB
MemTotal:        1844596 kB
MemFree:          130280 kB
MemAvailable:    1410296 kB
Buffers:          101928 kB
Cached:          1196756 kB
MemTotal:        1844596 kB
MemFree:          130280 kB
MemAvailable:    1410296 kB
Buffers:          101928 kB
Cached:          1196756 kB
MemTotal:        1844596 kB
MemFree:          129916 kB
MemAvailable:    1409932 kB
Buffers:          101928 kB
Cached:          1196756 kB
MemTotal:        1844596 kB
MemFree:          129384 kB
MemAvailable:    1409400 kB
Buffers:          101928 kB
Cached:          1196756 kB
MemTotal:        1844596 kB
MemFree:          130116 kB
MemAvailable:    1410132 kB
Buffers:          101928 kB
Cached:          1196756 kB
MemTotal:        1844596 kB
MemFree:          130368 kB
MemAvailable:    1410384 kB
Buffers:          101928 kB
Cached:          1196756 kB
MemTotal:        1844596 kB
MemFree:          130224 kB
MemAvailable:    1410240 kB
Buffers:          101928 kB
Cached:          1196756 kB
MemTotal:        1844596 kB
MemFree:          129560 kB
MemAvailable:    1409576 kB
Buffers:          101928 kB
Cached:          1196756 kB
MemTotal:        1844596 kB
MemFree:          130288 kB
MemAvailable:    1410304 kB
Buffers:          101928 kB
Cached:          1196756 kB
MemTotal:        1844596 kB
MemFree:          130288 kB
MemAvailable:    1410304 kB
Buffers:          101928 kB
Cached:          1196756 kB
MemTotal:        1844596 kB
MemFree:          130288 kB
MemAvailable:    1410304 kB
Buffers:          101928 kB
Cached:          1196756 kB
MemTotal:        1844596 kB
MemFree:          130428 kB
MemAvailable:    1410444 kB
Buffers:          101928 kB
Cached:          1196756 kB
MemTotal:        1844596 kB
MemFree:          130248 kB
MemAvailable:    1410264 kB
Buffers:          101928 kB
Cached:          1196756 kB
MemTotal:        1844596 kB
MemFree:          130304 kB
MemAvailable:    1410320 kB
Buffers:          101928 kB
Cached:          1196756 kB
MemTotal:        1844596 kB
MemFree:          128732 kB
MemAvailable:    1408748 kB
Buffers:          101928 kB
Cached:          1196756 kB
MemTotal:        1844596 kB
MemFree:          125452 kB
MemAvailable:    1405468 kB
Buffers:          101928 kB
Cached:          1196756 kB
MemTotal:        1844596 kB
MemFree:          120996 kB
MemAvailable:    1401012 kB
Buffers:          101928 kB
Cached:          1196756 kB
MemTotal:        1844596 kB
MemFree:          115896 kB
MemAvailable:    1395912 kB
Buffers:          101928 kB
Cached:          1196756 kB
MemTotal:        1844596 kB
MemFree:          115896 kB
MemAvailable:    1395912 kB
Buffers:          101928 kB
Cached:          1196756 kB
MemTotal:        1844596 kB
MemFree:          111820 kB
MemAvailable:    1391836 kB
Buffers:          101928 kB
Cached:          1196756 kB
MemTotal:        1844596 kB
MemFree:          113060 kB
MemAvailable:    1393076 kB
Buffers:          101928 kB
Cached:          1196756 kB
MemTotal:        1844596 kB
MemFree:          111820 kB
MemAvailable:    1391836 kB
Buffers:          101928 kB
Cached:          1196756 kB
MemTotal:        1844596 kB
MemFree:          112308 kB
MemAvailable:    1392324 kB
Buffers:          101928 kB
Cached:          1196756 kB
MemTotal:        1844596 kB
MemFree:          112440 kB
MemAvailable:    1392456 kB
Buffers:          101928 kB
Cached:          1196756 kB
MemTotal:        1844596 kB
MemFree:          112112 kB
MemAvailable:    1392128 kB
Buffers:          101928 kB
Cached:          1196756 kB
MemTotal:        1844596 kB
MemFree:          111988 kB
MemAvailable:    1392004 kB
Buffers:          101928 kB
Cached:          1196756 kB
MemTotal:        1844596 kB
MemFree:          111084 kB
MemAvailable:    1391100 kB
Buffers:          101928 kB
Cached:          1196756 kB
MemTotal:        1844596 kB
MemFree:          111764 kB
MemAvailable:    1391784 kB
Buffers:          101928 kB
Cached:          1196760 kB
MemTotal:        1844596 kB
MemFree:          112020 kB
MemAvailable:    1392040 kB
Buffers:          101928 kB
Cached:          1196760 kB
MemTotal:        1844596 kB
MemFree:          110524 kB
MemAvailable:    1390544 kB
Buffers:          101928 kB
Cached:          1196760 kB
MemTotal:        1844596 kB
MemFree:          111656 kB
MemAvailable:    1391676 kB
Buffers:          101928 kB
Cached:          1196760 kB
MemTotal:        1844596 kB
MemFree:          110960 kB
MemAvailable:    1390980 kB
Buffers:          101928 kB
Cached:          1196760 kB
MemTotal:        1844596 kB
MemFree:          111300 kB
MemAvailable:    1391320 kB
Buffers:          101928 kB
Cached:          1196760 kB
MemTotal:        1844596 kB
MemFree:          111552 kB
MemAvailable:    1391572 kB
Buffers:          101928 kB
Cached:          1196760 kB
MemTotal:        1844596 kB
MemFree:          110680 kB
MemAvailable:    1390700 kB
Buffers:          101928 kB
Cached:          1196760 kB
MemTotal:        1844596 kB
MemFree:          110680 kB
MemAvailable:    1390700 kB
Buffers:          101928 kB
Cached:          1196760 kB
MemTotal:        1844596 kB
MemFree:          110460 kB
MemAvailable:    1390480 kB
Buffers:          101928 kB
Cached:          1196760 kB
MemTotal:        1844596 kB
MemFree:          108596 kB
MemAvailable:    1388616 kB
Buffers:          101928 kB
Cached:          1196760 kB
MemTotal:        1844596 kB
MemFree:          108224 kB
MemAvailable:    1388244 kB
Buffers:          101928 kB
Cached:          1196760 kB
MemTotal:        1844596 kB
MemFree:          108100 kB
MemAvailable:    1388120 kB
Buffers:          101928 kB
Cached:          1196760 kB
MemTotal:        1844596 kB
MemFree:          108532 kB
MemAvailable:    1388552 kB
Buffers:          101928 kB
Cached:          1196760 kB
MemTotal:        1844596 kB
MemFree:          107788 kB
MemAvailable:    1387808 kB
Buffers:          101928 kB
Cached:          1196760 kB
MemTotal:        1844596 kB
MemFree:          106364 kB
MemAvailable:    1386384 kB
Buffers:          101928 kB
Cached:          1196760 kB
MemTotal:        1844596 kB
MemFree:          105860 kB
MemAvailable:    1385880 kB
Buffers:          101928 kB
Cached:          1196760 kB
MemTotal:        1844596 kB
MemFree:          105804 kB
MemAvailable:    1385824 kB
Buffers:          101928 kB
Cached:          1196760 kB
MemTotal:        1844596 kB
MemFree:          105804 kB
MemAvailable:    1385824 kB
Buffers:          101928 kB
Cached:          1196760 kB
MemTotal:        1844596 kB
MemFree:          105740 kB
MemAvailable:    1385760 kB
Buffers:          101928 kB
Cached:          1196760 kB
MemTotal:        1844596 kB
MemFree:          104688 kB
MemAvailable:    1384708 kB
Buffers:          101928 kB
Cached:          1196760 kB
MemTotal:        1844596 kB
MemFree:          104440 kB
MemAvailable:    1384460 kB
Buffers:          101928 kB
Cached:          1196760 kB
MemTotal:        1844596 kB
MemFree:          105740 kB
MemAvailable:    1385760 kB
Buffers:          101928 kB
Cached:          1196760 kB
MemTotal:        1844596 kB
MemFree:          105908 kB
MemAvailable:    1385928 kB
Buffers:          101928 kB
Cached:          1196760 kB
MemTotal:        1844596 kB
MemFree:          105488 kB
MemAvailable:    1385508 kB
Buffers:          101928 kB
Cached:          1196760 kB
MemTotal:        1844596 kB
MemFree:          103264 kB
MemAvailable:    1383284 kB
Buffers:          101928 kB
Cached:          1196760 kB
MemTotal:        1844596 kB
MemFree:          104116 kB
MemAvailable:    1384136 kB
Buffers:          101928 kB
Cached:          1196760 kB
MemTotal:        1844596 kB
MemFree:          104132 kB
MemAvailable:    1384152 kB
Buffers:          101928 kB
Cached:          1196760 kB
MemTotal:        1844596 kB
MemFree:          104112 kB
MemAvailable:    1384132 kB
Buffers:          101928 kB
Cached:          1196760 kB
MemTotal:        1844596 kB
MemFree:          104364 kB
MemAvailable:    1384384 kB
Buffers:          101928 kB
Cached:          1196760 kB
MemTotal:        1844596 kB
MemFree:          104084 kB
MemAvailable:    1384104 kB
Buffers:          101928 kB
Cached:          1196760 kB
MemTotal:        1844596 kB
MemFree:          104180 kB
MemAvailable:    1384200 kB
Buffers:          101928 kB
Cached:          1196760 kB
MemTotal:        1844596 kB
MemFree:          104176 kB
MemAvailable:    1384196 kB
Buffers:          101928 kB
Cached:          1196760 kB
MemTotal:        1844596 kB
MemFree:          102992 kB
MemAvailable:    1383012 kB
Buffers:          101928 kB
Cached:          1196760 kB
MemTotal:        1844596 kB
MemFree:          102952 kB
MemAvailable:    1382972 kB
Buffers:          101928 kB
Cached:          1196760 kB
MemTotal:        1844596 kB
MemFree:          104184 kB
MemAvailable:    1384204 kB
Buffers:          101928 kB
Cached:          1196760 kB
MemTotal:        1844596 kB
MemFree:          103936 kB
MemAvailable:    1383956 kB
Buffers:          101928 kB
Cached:          1196760 kB
MemTotal:        1844596 kB
MemFree:          104116 kB
MemAvailable:    1384136 kB
Buffers:          101928 kB
Cached:          1196760 kB
MemTotal:        1844596 kB
MemFree:          103760 kB
MemAvailable:    1383780 kB
Buffers:          101928 kB
Cached:          1196760 kB
MemTotal:        1844596 kB
MemFree:          104120 kB
MemAvailable:    1384140 kB
Buffers:          101928 kB
Cached:          1196760 kB
MemTotal:        1844596 kB
MemFree:          102872 kB
MemAvailable:    1382892 kB
Buffers:          101928 kB
Cached:          1196760 kB
MemTotal:        1844596 kB
MemFree:          103992 kB
MemAvailable:    1384012 kB
Buffers:          101928 kB
Cached:          1196760 kB
MemTotal:        1844596 kB
MemFree:          104132 kB
MemAvailable:    1384152 kB
Buffers:          101928 kB
Cached:          1196760 kB
MemTotal:        1844596 kB
MemFree:          104172 kB
MemAvailable:    1384192 kB
Buffers:          101928 kB
Cached:          1196760 kB
MemTotal:        1844596 kB
MemFree:          104132 kB
MemAvailable:    1384152 kB
Buffers:          101928 kB
Cached:          1196760 kB
MemTotal:        1844596 kB
MemFree:          103264 kB
MemAvailable:    1383284 kB
Buffers:          101928 kB
Cached:          1196760 kB
MemTotal:        1844596 kB
MemFree:          103856 kB
MemAvailable:    1383876 kB
Buffers:          101928 kB
Cached:          1196760 kB
MemTotal:        1844596 kB
MemFree:          104192 kB
MemAvailable:    1384212 kB
Buffers:          101928 kB
Cached:          1196760 kB
MemTotal:        1844596 kB
MemFree:          104312 kB
MemAvailable:    1384332 kB
Buffers:          101928 kB
Cached:          1196760 kB
MemTotal:        1844596 kB
MemFree:          103396 kB
MemAvailable:    1383416 kB
Buffers:          101928 kB
Cached:          1196760 kB
MemTotal:        1844596 kB
MemFree:          104240 kB
MemAvailable:    1384264 kB
Buffers:          101928 kB
Cached:          1196764 kB
MemTotal:        1844596 kB
MemFree:          104240 kB
MemAvailable:    1384264 kB
Buffers:          101928 kB
Cached:          1196764 kB
MemTotal:        1844596 kB
MemFree:          103980 kB
MemAvailable:    1384004 kB
Buffers:          101928 kB
Cached:          1196764 kB
MemTotal:        1844596 kB
MemFree:          104316 kB
MemAvailable:    1384340 kB
Buffers:          101928 kB
Cached:          1196764 kB
MemTotal:        1844596 kB
MemFree:          104108 kB
MemAvailable:    1384132 kB
Buffers:          101928 kB
Cached:          1196764 kB
MemTotal:        1844596 kB
MemFree:          104360 kB
MemAvailable:    1384384 kB
Buffers:          101928 kB
Cached:          1196764 kB
MemTotal:        1844596 kB
MemFree:          103952 kB
MemAvailable:    1383976 kB
Buffers:          101928 kB
Cached:          1196764 kB
MemTotal:        1844596 kB
MemFree:          104208 kB
MemAvailable:    1384232 kB
Buffers:          101928 kB
Cached:          1196764 kB
MemTotal:        1844596 kB
MemFree:          104132 kB
MemAvailable:    1384156 kB
Buffers:          101928 kB
Cached:          1196764 kB
MemTotal:        1844596 kB
MemFree:          104176 kB
MemAvailable:    1384200 kB
Buffers:          101928 kB
Cached:          1196764 kB
MemTotal:        1844596 kB
MemFree:          102868 kB
MemAvailable:    1382892 kB
Buffers:          101928 kB
Cached:          1196764 kB
MemTotal:        1844596 kB
MemFree:          104192 kB
MemAvailable:    1384216 kB
Buffers:          101928 kB
Cached:          1196764 kB
MemTotal:        1844596 kB
MemFree:          103264 kB
MemAvailable:    1383288 kB
Buffers:          101928 kB
Cached:          1196764 kB
MemTotal:        1844596 kB
MemFree:          103960 kB
MemAvailable:    1383984 kB
Buffers:          101928 kB
Cached:          1196764 kB
MemTotal:        1844596 kB
MemFree:          102728 kB
MemAvailable:    1382752 kB
Buffers:          101928 kB
Cached:          1196764 kB
MemTotal:        1844596 kB
MemFree:          104092 kB
MemAvailable:    1384116 kB
Buffers:          101928 kB
Cached:          1196764 kB
MemTotal:        1844596 kB
MemFree:          103264 kB
MemAvailable:    1383288 kB
Buffers:          101928 kB
Cached:          1196764 kB
MemTotal:        1844596 kB
MemFree:          104216 kB
MemAvailable:    1384240 kB
Buffers:          101928 kB
Cached:          1196764 kB
MemTotal:        1844596 kB
MemFree:          103004 kB
MemAvailable:    1383028 kB
Buffers:          101928 kB
Cached:          1196764 kB
MemTotal:        1844596 kB
MemFree:          101828 kB
MemAvailable:    1381852 kB
Buffers:          101928 kB
Cached:          1196764 kB
MemTotal:        1844596 kB
MemFree:           99420 kB
MemAvailable:    1379444 kB
Buffers:          101928 kB
Cached:          1196764 kB
MemTotal:        1844596 kB
MemFree:           96312 kB
MemAvailable:    1376336 kB
Buffers:          101928 kB
Cached:          1196764 kB
MemTotal:        1844596 kB
MemFree:           94832 kB
MemAvailable:    1374856 kB
Buffers:          101928 kB
Cached:          1196764 kB
MemTotal:        1844596 kB
MemFree:           92112 kB
MemAvailable:    1372136 kB
Buffers:          101928 kB
Cached:          1196764 kB
MemTotal:        1844596 kB
MemFree:           86344 kB
MemAvailable:    1366368 kB
Buffers:          101928 kB
Cached:          1196764 kB
MemTotal:        1844596 kB
MemFree:           87080 kB
MemAvailable:    1367104 kB
Buffers:          101928 kB
Cached:          1196764 kB
MemTotal:        1844596 kB
MemFree:           84648 kB
MemAvailable:    1364672 kB
Buffers:          101928 kB
Cached:          1196764 kB
MemTotal:        1844596 kB
MemFree:           84732 kB
MemAvailable:    1364756 kB
Buffers:          101928 kB
Cached:          1196764 kB
MemTotal:        1844596 kB
MemFree:           83412 kB
MemAvailable:    1363436 kB
Buffers:          101928 kB
Cached:          1196764 kB
MemTotal:        1844596 kB
MemFree:           84596 kB
MemAvailable:    1364620 kB
Buffers:          101928 kB
Cached:          1196764 kB
MemTotal:        1844596 kB
MemFree:           84596 kB
MemAvailable:    1364620 kB
Buffers:          101928 kB
Cached:          1196764 kB
MemTotal:        1844596 kB
MemFree:           84676 kB
MemAvailable:    1364708 kB
Buffers:          101928 kB
Cached:          1196772 kB
MemTotal:        1844596 kB
MemFree:           84616 kB
MemAvailable:    1364648 kB
Buffers:          101928 kB
Cached:          1196772 kB
MemTotal:        1844596 kB
MemFree:           84868 kB
MemAvailable:    1364900 kB
Buffers:          101928 kB
Cached:          1196772 kB
MemTotal:        1844596 kB
MemFree:           84484 kB
MemAvailable:    1364516 kB
Buffers:          101928 kB
Cached:          1196772 kB
MemTotal:        1844596 kB
MemFree:           84740 kB
MemAvailable:    1364772 kB
Buffers:          101928 kB
Cached:          1196772 kB
MemTotal:        1844596 kB
MemFree:           84608 kB
MemAvailable:    1364640 kB
Buffers:          101928 kB
Cached:          1196772 kB
MemTotal:        1844596 kB
MemFree:           84608 kB
MemAvailable:    1364640 kB
Buffers:          101928 kB
Cached:          1196772 kB
MemTotal:        1844596 kB
MemFree:           84704 kB
MemAvailable:    1364736 kB
Buffers:          101928 kB
Cached:          1196772 kB
MemTotal:        1844596 kB
MemFree:           83364 kB
MemAvailable:    1363396 kB
Buffers:          101928 kB
Cached:          1196772 kB
MemTotal:        1844596 kB
MemFree:           84604 kB
MemAvailable:    1364636 kB
Buffers:          101928 kB
Cached:          1196772 kB
MemTotal:        1844596 kB
MemFree:           84596 kB
MemAvailable:    1364628 kB
Buffers:          101928 kB
Cached:          1196772 kB
MemTotal:        1844596 kB
MemFree:           84556 kB
MemAvailable:    1364588 kB
Buffers:          101928 kB
Cached:          1196772 kB
MemTotal:        1844596 kB
MemFree:           83424 kB
MemAvailable:    1363456 kB
Buffers:          101928 kB
Cached:          1196772 kB
MemTotal:        1844596 kB
MemFree:           84400 kB
MemAvailable:    1364432 kB
Buffers:          101928 kB
Cached:          1196772 kB
MemTotal:        1844596 kB
MemFree:           84484 kB
MemAvailable:    1364516 kB
Buffers:          101928 kB
Cached:          1196772 kB
MemTotal:        1844596 kB
MemFree:           84096 kB
MemAvailable:    1364128 kB
Buffers:          101928 kB
Cached:          1196772 kB
MemTotal:        1844596 kB
MemFree:           84432 kB
MemAvailable:    1364464 kB
Buffers:          101928 kB
Cached:          1196772 kB
MemTotal:        1844596 kB
MemFree:           84224 kB
MemAvailable:    1364256 kB
Buffers:          101928 kB
Cached:          1196772 kB
MemTotal:        1844596 kB
MemFree:           84476 kB
MemAvailable:    1364508 kB
Buffers:          101928 kB
Cached:          1196772 kB
MemTotal:        1844596 kB
MemFree:           83004 kB
MemAvailable:    1363036 kB
Buffers:          101928 kB
Cached:          1196772 kB
MemTotal:        1844596 kB
MemFree:           84044 kB
MemAvailable:    1364076 kB
Buffers:          101928 kB
Cached:          1196772 kB
MemTotal:        1844596 kB
MemFree:           82936 kB
MemAvailable:    1362968 kB
Buffers:          101928 kB
Cached:          1196772 kB
MemTotal:        1844596 kB
MemFree:           83360 kB
MemAvailable:    1363392 kB
Buffers:          101928 kB
Cached:          1196772 kB
MemTotal:        1844596 kB
MemFree:           83696 kB
MemAvailable:    1363728 kB
Buffers:          101928 kB
Cached:          1196772 kB
MemTotal:        1844596 kB
MemFree:           74792 kB
MemAvailable:    1354824 kB
Buffers:          101928 kB
Cached:          1196772 kB
MemTotal:        1844596 kB
MemFree:           74692 kB
MemAvailable:    1354724 kB
Buffers:          101928 kB
Cached:          1196772 kB
MemTotal:        1844596 kB
MemFree:           74356 kB
MemAvailable:    1354392 kB
Buffers:          101928 kB
Cached:          1196776 kB
MemTotal:        1844596 kB
MemFree:           74124 kB
MemAvailable:    1354160 kB
Buffers:          101928 kB
Cached:          1196776 kB
MemTotal:        1844596 kB
MemFree:           72620 kB
MemAvailable:    1352656 kB
Buffers:          101928 kB
Cached:          1196776 kB
MemTotal:        1844596 kB
MemFree:           72256 kB
MemAvailable:    1352292 kB
Buffers:          101932 kB
Cached:          1196772 kB
MemTotal:        1844596 kB
MemFree:           71132 kB
MemAvailable:    1351168 kB
Buffers:          101932 kB
Cached:          1196772 kB
MemTotal:        1844596 kB
MemFree:           72356 kB
MemAvailable:    1352392 kB
Buffers:          101932 kB
Cached:          1196772 kB
MemTotal:        1844596 kB
MemFree:           71760 kB
MemAvailable:    1351796 kB
Buffers:          101932 kB
Cached:          1196772 kB
MemTotal:        1844596 kB
MemFree:           71440 kB
MemAvailable:    1351476 kB
Buffers:          101932 kB
Cached:          1196772 kB
MemTotal:        1844596 kB
MemFree:           70392 kB
MemAvailable:    1350428 kB
Buffers:          101932 kB
Cached:          1196772 kB
MemTotal:        1844596 kB
MemFree:           71208 kB
MemAvailable:    1351244 kB
Buffers:          101932 kB
Cached:          1196772 kB
MemTotal:        1844596 kB
MemFree:           69340 kB
MemAvailable:    1349460 kB
Buffers:          101932 kB
Cached:          1196896 kB
MemTotal:        1844596 kB
MemFree:           70904 kB
MemAvailable:    1351276 kB
Buffers:          101932 kB
Cached:          1197144 kB
MemTotal:        1844596 kB
MemFree:           70836 kB
MemAvailable:    1351208 kB
Buffers:          101932 kB
Cached:          1197144 kB
MemTotal:        1844596 kB
MemFree:           70860 kB
MemAvailable:    1351400 kB
Buffers:          101932 kB
Cached:          1197268 kB
MemTotal:        1844596 kB
MemFree:           70776 kB
MemAvailable:    1351400 kB
Buffers:          101932 kB
Cached:          1197392 kB
MemTotal:        1844596 kB
MemFree:           70040 kB
MemAvailable:    1350664 kB
Buffers:          101932 kB
Cached:          1197392 kB
MemTotal:        1844596 kB
MemFree:           70776 kB
MemAvailable:    1351400 kB
Buffers:          101932 kB
Cached:          1197392 kB
MemTotal:        1844596 kB
MemFree:           70604 kB
MemAvailable:    1351228 kB
Buffers:          101932 kB
Cached:          1197392 kB
MemTotal:        1844596 kB
MemFree:           69608 kB
MemAvailable:    1350232 kB
Buffers:          101932 kB
Cached:          1197392 kB
MemTotal:        1844596 kB
MemFree:           70528 kB
MemAvailable:    1351152 kB
Buffers:          101932 kB
Cached:          1197392 kB
MemTotal:        1844596 kB
MemFree:           70536 kB
MemAvailable:    1351160 kB
Buffers:          101932 kB
Cached:          1197392 kB
MemTotal:        1844596 kB
MemFree:           70644 kB
MemAvailable:    1351268 kB
Buffers:          101932 kB
Cached:          1197392 kB
MemTotal:        1844596 kB
MemFree:           70900 kB
MemAvailable:    1351524 kB
Buffers:          101932 kB
Cached:          1197392 kB
MemTotal:        1844596 kB
MemFree:           70572 kB
MemAvailable:    1351364 kB
Buffers:          101932 kB
Cached:          1197516 kB
MemTotal:        1844596 kB
MemFree:           70404 kB
MemAvailable:    1350440 kB
Buffers:          101932 kB
Cached:          1196760 kB
MemTotal:        1844596 kB
MemFree:          109688 kB
MemAvailable:    1389724 kB
Buffers:          101932 kB
Cached:          1196760 kB
MemTotal:        1844596 kB
MemFree:          147656 kB
MemAvailable:    1427692 kB
Buffers:          101932 kB
Cached:          1196760 kB
MemTotal:        1844596 kB
MemFree:          266224 kB
MemAvailable:    1546260 kB
Buffers:          101932 kB
Cached:          1196760 kB
