MemTotal:        1844596 kB
MemFree:          366716 kB
MemAvailable:    1545116 kB
Buffers:           89048 kB
Cached:          1121800 kB
MemTotal:        1844596 kB
MemFree:          340204 kB
MemAvailable:    1518608 kB
Buffers:           89048 kB
Cached:          1121804 kB
MemTotal:        1844596 kB
MemFree:          336592 kB
MemAvailable:    1514996 kB
Buffers:           89048 kB
Cached:          1121804 kB
MemTotal:        1844596 kB
MemFree:          335560 kB
MemAvailable:    1513964 kB
Buffers:           89048 kB
Cached:          1121804 kB
MemTotal:        1844596 kB
MemFree:          335560 kB
MemAvailable:    1513964 kB
Buffers:           89048 kB
Cached:          1121804 kB
MemTotal:        1844596 kB
MemFree:          335560 kB
MemAvailable:    1513964 kB
Buffers:           89048 kB
Cached:          1121804 kB
MemTotal:        1844596 kB
MemFree:          334560 kB
MemAvailable:    1512964 kB
Buffers:           89048 kB
Cached:          1121804 kB
MemTotal:        1844596 kB
MemFree:          331384 kB
MemAvailable:    1509788 kB
Buffers:           89048 kB
Cached:          1121804 kB
MemTotal:        1844596 kB
MemFree:          331896 kB
MemAvailable:    1510300 kB
Buffers:           89048 kB
Cached:          1121804 kB
MemTotal:        1844596 kB
MemFree:          325680 kB
MemAvailable:    1504084 kB
Buffers:           89048 kB
Cached:          1121804 kB
MemTotal:        1844596 kB
MemFree:          325076 kB
MemAvailable:    1503480 kB
Buffers:           89048 kB
Cached:          1121804 kB
MemTotal:        1844596 kB
MemFree:          325740 kB
MemAvailable:    1504144 kB
Buffers:           89048 kB
Cached:          1121804 kB
MemTotal:        1844596 kB
MemFree:          325552 kB
MemAvailable:    1503956 kB
Buffers:           89048 kB
Cached:          1121804 kB
MemTotal:        1844596 kB
MemFree:          324384 kB
MemAvailable:    1502788 kB
Buffers:           89048 kB
Cached:          1121804 kB
MemTotal:        1844596 kB
MemFree:          324632 kB
MemAvailable:    1503036 kB
Buffers:           89048 kB
Cached:          1121804 kB
MemTotal:        1844596 kB
MemFree:          325616 kB
MemAvailable:    1504020 kB
Buffers:           89048 kB
Cached:          1121804 kB
MemTotal:        1844596 kB
MemFree:          324408 kB
MemAvailable:    1502812 kB
Buffers:           89048 kB
Cached:          1121804 kB
MemTotal:        1844596 kB
MemFree:          325264 kB
MemAvailable:    1503668 kB
Buffers:           89048 kB
Cached:          1121804 kB
MemTotal:        1844596 kB
MemFree:          325068 kB
MemAvailable:    1503472 kB
Buffers:           89048 kB
Cached:          1121804 kB
MemTotal:        1844596 kB
MemFree:          323884 kB
MemAvailable:    1502288 kB
Buffers:           89048 kB
Cached:          1121804 kB
MemTotal:        1844596 kB
MemFree:          324680 kB
MemAvailable:    1503084 kB
Buffers:           89048 kB
Cached:          1121804 kB
MemTotal:        1844596 kB
MemFree:          323940 kB
MemAvailable:    1502344 kB
Buffers:           89048 kB
Cached:          1121804 kB
MemTotal:        1844596 kB
MemFree:          324740 kB
MemAvailable:    1503144 kB
Buffers:           89048 kB
Cached:          1121804 kB
MemTotal:        1844596 kB
MemFree:          325076 kB
MemAvailable:    1503480 kB
Buffers:           89048 kB
Cached:          1121804 kB
MemTotal:        1844596 kB
MemFree:          323464 kB
MemAvailable:    1501868 kB
Buffers:           89048 kB
Cached:          1121804 kB
MemTotal:        1844596 kB
MemFree:          323464 kB
MemAvailable:    1501868 kB
Buffers:           89048 kB
Cached:          1121804 kB
MemTotal:        1844596 kB
MemFree:          323340 kB
MemAvailable:    1501744 kB
Buffers:           89048 kB
Cached:          1121804 kB
MemTotal:        1844596 kB
MemFree:          323092 kB
MemAvailable:    1501496 kB
Buffers:           89048 kB
Cached:          1121804 kB
MemTotal:        1844596 kB
MemFree:          323712 kB
MemAvailable:    1502116 kB
Buffers:           89048 kB
Cached:          1121804 kB
MemTotal:        1844596 kB
MemFree:          321976 kB
MemAvailable:    1500380 kB
Buffers:           89048 kB
Cached:          1121804 kB
MemTotal:        1844596 kB
MemFree:          323020 kB
MemAvailable:    1501424 kB
Buffers:           89048 kB
Cached:          1121804 kB
MemTotal:        1844596 kB
MemFree:          321604 kB
MemAvailable:    1500008 kB
Buffers:           89048 kB
Cached:          1121804 kB
MemTotal:        1844596 kB
MemFree:          322668 kB
MemAvailable:    1501072 kB
Buffers:           89048 kB
Cached:          1121804 kB
MemTotal:        1844596 kB
MemFree:          321544 kB
MemAvailable:    1499948 kB
Buffers:           89048 kB
Cached:          1121804 kB
MemTotal:        1844596 kB
MemFree:          321420 kB
MemAvailable:    1499824 kB
Buffers:           89048 kB
Cached:          1121804 kB
MemTotal:        1844596 kB
MemFree:          322720 kB
MemAvailable:    1501124 kB
Buffers:           89048 kB
Cached:          1121804 kB
MemTotal:        1844596 kB
MemFree:          322432 kB
MemAvailable:    1500836 kB
Buffers:           89048 kB
Cached:          1121804 kB
MemTotal:        1844596 kB
MemFree:          322600 kB
MemAvailable:    1501004 kB
Buffers:           89048 kB
Cached:          1121804 kB
MemTotal:        1844596 kB
MemFree:          322764 kB
MemAvailable:    1501168 kB
Buffers:           89048 kB
Cached:          1121804 kB
MemTotal:        1844596 kB
MemFree:          322532 kB
MemAvailable:    1500936 kB
Buffers:           89048 kB
Cached:          1121804 kB
MemTotal:        1844596 kB
MemFree:          320176 kB
MemAvailable:    1498580 kB
Buffers:           89048 kB
Cached:          1121804 kB
MemTotal:        1844596 kB
MemFree:          318936 kB
MemAvailable:    1497340 kB
Buffers:           89048 kB
Cached:          1121804 kB
MemTotal:        1844596 kB
MemFree:          318828 kB
MemAvailable:    1497232 kB
Buffers:           89048 kB
Cached:          1121804 kB
MemTotal:        1844596 kB
MemFree:          317504 kB
MemAvailable:    1495908 kB
Buffers:           89048 kB
Cached:          1121804 kB
MemTotal:        1844596 kB
MemFree:          317752 kB
MemAvailable:    1496156 kB
Buffers:           89048 kB
Cached:          1121804 kB
MemTotal:        1844596 kB
MemFree:          318488 kB
MemAvailable:    1496892 kB
Buffers:           89048 kB
Cached:          1121804 kB
MemTotal:        1844596 kB
MemFree:          318572 kB
MemAvailable:    1496976 kB
Buffers:           89048 kB
Cached:          1121804 kB
MemTotal:        1844596 kB
MemFree:          318240 kB
MemAvailable:    1496648 kB
Buffers:           89048 kB
Cached:          1121808 kB
MemTotal:        1844596 kB
MemFree:          318576 kB
MemAvailable:    1496984 kB
Buffers:           89048 kB
Cached:          1121808 kB
MemTotal:        1844596 kB
MemFree:          317256 kB
MemAvailable:    1495664 kB
Buffers:           89048 kB
Cached:          1121808 kB
MemTotal:        1844596 kB
MemFree:          318240 kB
MemAvailable:    1496648 kB
Buffers:           89048 kB
Cached:          1121808 kB
MemTotal:        1844596 kB
MemFree:          318388 kB
MemAvailable:    1496796 kB
Buffers:           89048 kB
Cached:          1121808 kB
MemTotal:        1844596 kB
MemFree:          318208 kB
MemAvailable:    1496616 kB
Buffers:           89048 kB
Cached:          1121808 kB
MemTotal:        1844596 kB
MemFree:          316964 kB
MemAvailable:    1495372 kB
Buffers:           89048 kB
Cached:          1121808 kB
MemTotal:        1844596 kB
MemFree:          318320 kB
MemAvailable:    1496728 kB
Buffers:           89048 kB
Cached:          1121808 kB
MemTotal:        1844596 kB
MemFree:          316952 kB
MemAvailable:    1495360 kB
Buffers:           89048 kB
Cached:          1121808 kB
MemTotal:        1844596 kB
MemFree:          314048 kB
MemAvailable:    1492456 kB
Buffers:           89048 kB
Cached:          1121808 kB
MemTotal:        1844596 kB
MemFree:          312552 kB
MemAvailable:    1490960 kB
Buffers:           89048 kB
Cached:          1121808 kB
MemTotal:        1844596 kB
MemFree:          311916 kB
MemAvailable:    1490324 kB
Buffers:           89048 kB
Cached:          1121808 kB
MemTotal:        1844596 kB
MemFree:          312000 kB
MemAvailable:    1490408 kB
Buffers:           89048 kB
Cached:          1121808 kB
MemTotal:        1844596 kB
MemFree:          311868 kB
MemAvailable:    1490276 kB
Buffers:           89048 kB
Cached:          1121808 kB
MemTotal:        1844596 kB
MemFree:          310504 kB
MemAvailable:    1488912 kB
Buffers:           89048 kB
Cached:          1121808 kB
MemTotal:        1844596 kB
MemFree:          309072 kB
MemAvailable:    1487480 kB
Buffers:           89048 kB
Cached:          1121808 kB
MemTotal:        1844596 kB
MemFree:          309684 kB
MemAvailable:    1488092 kB
Buffers:           89048 kB
Cached:          1121808 kB
MemTotal:        1844596 kB
MemFree:          309768 kB
MemAvailable:    1488176 kB
Buffers:           89048 kB
Cached:          1121808 kB
MemTotal:        1844596 kB
MemFree:          309508 kB
MemAvailable:    1487916 kB
Buffers:           89048 kB
Cached:          1121808 kB
MemTotal:        1844596 kB
MemFree:          309676 kB
MemAvailable:    1488084 kB
Buffers:           89048 kB
Cached:          1121808 kB
MemTotal:        1844596 kB
MemFree:          309644 kB
MemAvailable:    1488052 kB
Buffers:           89048 kB
Cached:          1121808 kB
MemTotal:        1844596 kB
MemFree:          308024 kB
MemAvailable:    1486432 kB
Buffers:           89048 kB
Cached:          1121808 kB
MemTotal:        1844596 kB
MemFree:          309616 kB
MemAvailable:    1488024 kB
Buffers:           89048 kB
Cached:          1121808 kB
MemTotal:        1844596 kB
MemFree:          309468 kB
MemAvailable:    1487876 kB
Buffers:           89048 kB
Cached:          1121808 kB
MemTotal:        1844596 kB
MemFree:          308460 kB
MemAvailable:    1486868 kB
Buffers:           89048 kB
Cached:          1121808 kB
MemTotal:        1844596 kB
MemFree:          309700 kB
MemAvailable:    1488108 kB
Buffers:           89048 kB
Cached:          1121808 kB
MemTotal:        1844596 kB
MemFree:          309760 kB
MemAvailable:    1488168 kB
Buffers:           89048 kB
Cached:          1121808 kB
MemTotal:        1844596 kB
MemFree:          309700 kB
MemAvailable:    1488108 kB
Buffers:           89048 kB
Cached:          1121808 kB
MemTotal:        1844596 kB
MemFree:          308212 kB
MemAvailable:    1486620 kB
Buffers:           89048 kB
Cached:          1121808 kB
MemTotal:        1844596 kB
MemFree:          309188 kB
MemAvailable:    1487596 kB
Buffers:           89048 kB
Cached:          1121808 kB
MemTotal:        1844596 kB
MemFree:          309272 kB
MemAvailable:    1487680 kB
Buffers:           89048 kB
Cached:          1121808 kB
MemTotal:        1844596 kB
MemFree:          307952 kB
MemAvailable:    1486360 kB
Buffers:           89048 kB
Cached:          1121808 kB
MemTotal:        1844596 kB
MemFree:          308336 kB
MemAvailable:    1486744 kB
Buffers:           89048 kB
Cached:          1121808 kB
MemTotal:        1844596 kB
MemFree:          309012 kB
MemAvailable:    1487420 kB
Buffers:           89048 kB
Cached:          1121808 kB
MemTotal:        1844596 kB
MemFree:          309264 kB
MemAvailable:    1487672 kB
Buffers:           89048 kB
Cached:          1121808 kB
MemTotal:        1844596 kB
MemFree:          309024 kB
MemAvailable:    1487432 kB
Buffers:           89048 kB
Cached:          1121808 kB
MemTotal:        1844596 kB
MemFree:          307900 kB
MemAvailable:    1486308 kB
Buffers:           89048 kB
Cached:          1121808 kB
MemTotal:        1844596 kB
MemFree:          303856 kB
MemAvailable:    1482264 kB
Buffers:           89048 kB
Cached:          1121808 kB
MemTotal:        1844596 kB
MemFree:          303128 kB
MemAvailable:    1481536 kB
Buffers:           89048 kB
Cached:          1121808 kB
MemTotal:        1844596 kB
MemFree:          300276 kB
MemAvailable:    1478684 kB
Buffers:           89048 kB
Cached:          1121808 kB
MemTotal:        1844596 kB
MemFree:          300028 kB
MemAvailable:    1478436 kB
Buffers:           89048 kB
Cached:          1121808 kB
MemTotal:        1844596 kB
MemFree:          301260 kB
MemAvailable:    1479668 kB
Buffers:           89048 kB
Cached:          1121808 kB
MemTotal:        1844596 kB
MemFree:          300872 kB
MemAvailable:    1479280 kB
Buffers:           89048 kB
Cached:          1121808 kB
MemTotal:        1844596 kB
MemFree:          300872 kB
MemAvailable:    1479280 kB
Buffers:           89048 kB
Cached:          1121808 kB
MemTotal:        1844596 kB
MemFree:          300692 kB
MemAvailable:    1479100 kB
Buffers:           89048 kB
Cached:          1121808 kB
MemTotal:        1844596 kB
MemFree:          299508 kB
MemAvailable:    1477916 kB
Buffers:           89048 kB
Cached:          1121808 kB
MemTotal:        1844596 kB
MemFree:          299260 kB
MemAvailable:    1477668 kB
Buffers:           89048 kB
Cached:          1121808 kB
MemTotal:        1844596 kB
MemFree:          300368 kB
MemAvailable:    1478776 kB
Buffers:           89048 kB
Cached:          1121808 kB
MemTotal:        1844596 kB
MemFree:          300452 kB
MemAvailable:    1478860 kB
Buffers:           89048 kB
Cached:          1121808 kB
MemTotal:        1844596 kB
MemFree:          300384 kB
MemAvailable:    1478792 kB
Buffers:           89048 kB
Cached:          1121808 kB
MemTotal:        1844596 kB
MemFree:          299780 kB
MemAvailable:    1478188 kB
Buffers:           89048 kB
Cached:          1121808 kB
MemTotal:        1844596 kB
MemFree:          300440 kB
MemAvailable:    1478848 kB
Buffers:           89048 kB
Cached:          1121808 kB
MemTotal:        1844596 kB
MemFree:          300400 kB
MemAvailable:    1478808 kB
Buffers:           89048 kB
Cached:          1121808 kB
MemTotal:        1844596 kB
MemFree:          300396 kB
MemAvailable:    1478804 kB
Buffers:           89048 kB
Cached:          1121808 kB
MemTotal:        1844596 kB
MemFree:          299664 kB
MemAvailable:    1478072 kB
Buffers:           89048 kB
Cached:          1121808 kB
MemTotal:        1844596 kB
MemFree:          300832 kB
MemAvailable:    1479244 kB
Buffers:           89048 kB
Cached:          1121812 kB
MemTotal:        1844596 kB
MemFree:          300764 kB
MemAvailable:    1479176 kB
Buffers:           89048 kB
Cached:          1121812 kB
MemTotal:        1844596 kB
MemFree:          300568 kB
MemAvailable:    1478980 kB
Buffers:           89048 kB
Cached:          1121812 kB
MemTotal:        1844596 kB
MemFree:          299540 kB
MemAvailable:    1477952 kB
Buffers:           89048 kB
Cached:          1121812 kB
MemTotal:        1844596 kB
MemFree:          300508 kB
MemAvailable:    1478920 kB
Buffers:           89048 kB
Cached:          1121812 kB
MemTotal:        1844596 kB
MemFree:          300592 kB
MemAvailable:    1479004 kB
Buffers:           89048 kB
Cached:          1121812 kB
MemTotal:        1844596 kB
MemFree:          300312 kB
MemAvailable:    1478724 kB
Buffers:           89048 kB
Cached:          1121812 kB
MemTotal:        1844596 kB
MemFree:          300572 kB
MemAvailable:    1478984 kB
Buffers:           89048 kB
Cached:          1121812 kB
MemTotal:        1844596 kB
MemFree:          299140 kB
MemAvailable:    1477552 kB
Buffers:           89048 kB
Cached:          1121812 kB
MemTotal:        1844596 kB
MemFree:          300524 kB
MemAvailable:    1478936 kB
Buffers:           89048 kB
Cached:          1121812 kB
MemTotal:        1844596 kB
MemFree:          299788 kB
MemAvailable:    1478200 kB
Buffers:           89048 kB
Cached:          1121812 kB
MemTotal:        1844596 kB
MemFree:          299144 kB
MemAvailable:    1477556 kB
Buffers:           89048 kB
Cached:          1121812 kB
MemTotal:        1844596 kB
MemFree:          299144 kB
MemAvailable:    1477556 kB
Buffers:           89048 kB
Cached:          1121812 kB
MemTotal:        1844596 kB
MemFree:          294872 kB
MemAvailable:    1473284 kB
Buffers:           89048 kB
Cached:          1121812 kB
MemTotal:        1844596 kB
MemFree:          292648 kB
MemAvailable:    1471060 kB
Buffers:           89048 kB
Cached:          1121812 kB
MemTotal:        1844596 kB
MemFree:          291084 kB
MemAvailable:    1469496 kB
Buffers:           89048 kB
Cached:          1121812 kB
MemTotal:        1844596 kB
MemFree:          291044 kB
MemAvailable:    1469456 kB
Buffers:           89048 kB
Cached:          1121812 kB
MemTotal:        1844596 kB
MemFree:          290936 kB
MemAvailable:    1469348 kB
Buffers:           89048 kB
Cached:          1121812 kB
MemTotal:        1844596 kB
MemFree:          291272 kB
MemAvailable:    1469684 kB
Buffers:           89048 kB
Cached:          1121812 kB
MemTotal:        1844596 kB
MemFree:          289844 kB
MemAvailable:    1468256 kB
Buffers:           89048 kB
Cached:          1121812 kB
MemTotal:        1844596 kB
MemFree:          289928 kB
MemAvailable:    1468340 kB
Buffers:           89048 kB
Cached:          1121812 kB
MemTotal:        1844596 kB
MemFree:          287876 kB
MemAvailable:    1466288 kB
Buffers:           89048 kB
Cached:          1121812 kB
MemTotal:        1844596 kB
MemFree:          289108 kB
MemAvailable:    1467528 kB
Buffers:           89048 kB
Cached:          1121820 kB
MemTotal:        1844596 kB
MemFree:          288564 kB
MemAvailable:    1466984 kB
Buffers:           89048 kB
Cached:          1121820 kB
MemTotal:        1844596 kB
MemFree:          288564 kB
MemAvailable:    1466984 kB
Buffers:           89048 kB
Cached:          1121820 kB
MemTotal:        1844596 kB
MemFree:          288632 kB
MemAvailable:    1467052 kB
Buffers:           89048 kB
Cached:          1121820 kB
MemTotal:        1844596 kB
MemFree:          287504 kB
MemAvailable:    1465924 kB
Buffers:           89048 kB
Cached:          1121820 kB
MemTotal:        1844596 kB
MemFree:          287364 kB
MemAvailable:    1465784 kB
Buffers:           89048 kB
Cached:          1121820 kB
MemTotal:        1844596 kB
MemFree:          288480 kB
MemAvailable:    1466900 kB
Buffers:           89048 kB
Cached:          1121820 kB
MemTotal:        1844596 kB
MemFree:          288816 kB
MemAvailable:    1467236 kB
Buffers:           89048 kB
Cached:          1121820 kB
MemTotal:        1844596 kB
MemFree:          288552 kB
MemAvailable:    1466972 kB
Buffers:           89048 kB
Cached:          1121820 kB
MemTotal:        1844596 kB
MemFree:          288620 kB
MemAvailable:    1467040 kB
Buffers:           89048 kB
Cached:          1121820 kB
MemTotal:        1844596 kB
MemFree:          288680 kB
MemAvailable:    1467100 kB
Buffers:           89048 kB
Cached:          1121820 kB
MemTotal:        1844596 kB
MemFree:          288552 kB
MemAvailable:    1466972 kB
Buffers:           89048 kB
Cached:          1121820 kB
MemTotal:        1844596 kB
MemFree:          288552 kB
MemAvailable:    1466972 kB
Buffers:           89048 kB
Cached:          1121820 kB
MemTotal:        1844596 kB
MemFree:          287360 kB
MemAvailable:    1465780 kB
Buffers:           89048 kB
Cached:          1121820 kB
MemTotal:        1844596 kB
MemFree:          288724 kB
MemAvailable:    1467144 kB
Buffers:           89048 kB
Cached:          1121820 kB
MemTotal:        1844596 kB
MemFree:          288588 kB
MemAvailable:    1467008 kB
Buffers:           89048 kB
Cached:          1121820 kB
MemTotal:        1844596 kB
MemFree:          288588 kB
MemAvailable:    1467008 kB
Buffers:           89048 kB
Cached:          1121820 kB
MemTotal:        1844596 kB
MemFree:          288692 kB
MemAvailable:    1467112 kB
Buffers:           89048 kB
Cached:          1121820 kB
MemTotal:        1844596 kB
MemFree:          287240 kB
MemAvailable:    1465660 kB
Buffers:           89048 kB
Cached:          1121820 kB
MemTotal:        1844596 kB
MemFree:          288720 kB
MemAvailable:    1467140 kB
Buffers:           89048 kB
Cached:          1121820 kB
MemTotal:        1844596 kB
MemFree:          288664 kB
MemAvailable:    1467084 kB
Buffers:           89048 kB
Cached:          1121820 kB
MemTotal:        1844596 kB
MemFree:          288724 kB
MemAvailable:    1467144 kB
Buffers:           89048 kB
Cached:          1121820 kB
MemTotal:        1844596 kB
MemFree:          287752 kB
MemAvailable:    1466172 kB
Buffers:           89048 kB
Cached:          1121820 kB
MemTotal:        1844596 kB
MemFree:          288344 kB
MemAvailable:    1466764 kB
Buffers:           89048 kB
Cached:          1121820 kB
MemTotal:        1844596 kB
MemFree:          288680 kB
MemAvailable:    1467100 kB
Buffers:           89048 kB
Cached:          1121820 kB
MemTotal:        1844596 kB
MemFree:          288488 kB
MemAvailable:    1466908 kB
Buffers:           89048 kB
Cached:          1121820 kB
MemTotal:        1844596 kB
MemFree:          288416 kB
MemAvailable:    1466836 kB
Buffers:           89048 kB
Cached:          1121820 kB
MemTotal:        1844596 kB
MemFree:          288668 kB
MemAvailable:    1467088 kB
Buffers:           89048 kB
Cached:          1121820 kB
MemTotal:        1844596 kB
MemFree:          288300 kB
MemAvailable:    1466720 kB
Buffers:           89048 kB
Cached:          1121820 kB
MemTotal:        1844596 kB
MemFree:          288636 kB
MemAvailable:    1467056 kB
Buffers:           89048 kB
Cached:          1121820 kB
MemTotal:        1844596 kB
MemFree:          287984 kB
MemAvailable:    1466404 kB
Buffers:           89048 kB
Cached:          1121820 kB
MemTotal:        1844596 kB
MemFree:          287120 kB
MemAvailable:    1465540 kB
Buffers:           89048 kB
Cached:          1121820 kB
MemTotal:        1844596 kB
MemFree:          287328 kB
MemAvailable:    1465748 kB
Buffers:           89048 kB
Cached:          1121820 kB
MemTotal:        1844596 kB
MemFree:          288564 kB
MemAvailable:    1466984 kB
Buffers:           89048 kB
Cached:          1121820 kB
MemTotal:        1844596 kB
MemFree:          287752 kB
MemAvailable:    1466172 kB
Buffers:           89048 kB
Cached:          1121820 kB
MemTotal:        1844596 kB
MemFree:          288344 kB
MemAvailable:    1466764 kB
Buffers:           89048 kB
Cached:          1121820 kB
MemTotal:        1844596 kB
MemFree:          287236 kB
MemAvailable:    1465656 kB
Buffers:           89048 kB
Cached:          1121820 kB
MemTotal:        1844596 kB
MemFree:          287332 kB
MemAvailable:    1465752 kB
Buffers:           89048 kB
Cached:          1121820 kB
MemTotal:        1844596 kB
MemFree:          288432 kB
MemAvailable:    1466852 kB
Buffers:           89048 kB
Cached:          1121820 kB
MemTotal:        1844596 kB
MemFree:          288604 kB
MemAvailable:    1467024 kB
Buffers:           89048 kB
Cached:          1121820 kB
MemTotal:        1844596 kB
MemFree:          288600 kB
MemAvailable:    1467020 kB
Buffers:           89048 kB
Cached:          1121820 kB
MemTotal:        1844596 kB
MemFree:          288256 kB
MemAvailable:    1466676 kB
Buffers:           89048 kB
Cached:          1121820 kB
MemTotal:        1844596 kB
MemFree:          288308 kB
MemAvailable:    1466728 kB
Buffers:           89048 kB
Cached:          1121820 kB
MemTotal:        1844596 kB
MemFree:          288644 kB
MemAvailable:    1467064 kB
Buffers:           89048 kB
Cached:          1121820 kB
MemTotal:        1844596 kB
MemFree:          288604 kB
MemAvailable:    1467024 kB
Buffers:           89048 kB
Cached:          1121820 kB
MemTotal:        1844596 kB
MemFree:          288488 kB
MemAvailable:    1466908 kB
Buffers:           89048 kB
Cached:          1121820 kB
MemTotal:        1844596 kB
MemFree:          288500 kB
MemAvailable:    1466920 kB
Buffers:           89048 kB
Cached:          1121820 kB
MemTotal:        1844596 kB
MemFree:          287244 kB
MemAvailable:    1465664 kB
Buffers:           89048 kB
Cached:          1121820 kB
MemTotal:        1844596 kB
MemFree:          287368 kB
MemAvailable:    1465788 kB
Buffers:           89048 kB
Cached:          1121820 kB
MemTotal:        1844596 kB
MemFree:          288668 kB
MemAvailable:    1467088 kB
Buffers:           89048 kB
Cached:          1121820 kB
MemTotal:        1844596 kB
MemFree:          288412 kB
MemAvailable:    1466832 kB
Buffers:           89048 kB
Cached:          1121820 kB
MemTotal:        1844596 kB
MemFree:          288172 kB
MemAvailable:    1466592 kB
Buffers:           89048 kB
Cached:          1121820 kB
MemTotal:        1844596 kB
MemFree:          288340 kB
MemAvailable:    1466760 kB
Buffers:           89048 kB
Cached:          1121820 kB
MemTotal:        1844596 kB
MemFree:          288128 kB
MemAvailable:    1466548 kB
Buffers:           89048 kB
Cached:          1121820 kB
MemTotal:        1844596 kB
MemFree:          286828 kB
MemAvailable:    1465248 kB
Buffers:           89048 kB
Cached:          1121820 kB
MemTotal:        1844596 kB
MemFree:          286952 kB
MemAvailable:    1465372 kB
Buffers:           89048 kB
Cached:          1121820 kB
MemTotal:        1844596 kB
MemFree:          288096 kB
MemAvailable:    1466516 kB
Buffers:           89048 kB
Cached:          1121820 kB
MemTotal:        1844596 kB
MemFree:          287848 kB
MemAvailable:    1466268 kB
Buffers:           89048 kB
Cached:          1121820 kB
MemTotal:        1844596 kB
MemFree:          288100 kB
MemAvailable:    1466520 kB
Buffers:           89048 kB
Cached:          1121820 kB
MemTotal:        1844596 kB
MemFree:          287688 kB
MemAvailable:    1466108 kB
Buffers:           89048 kB
Cached:          1121820 kB
MemTotal:        1844596 kB
MemFree:          288024 kB
MemAvailable:    1466444 kB
Buffers:           89048 kB
Cached:          1121820 kB
MemTotal:        1844596 kB
MemFree:          287556 kB
MemAvailable:    1465976 kB
Buffers:           89048 kB
Cached:          1121820 kB
MemTotal:        1844596 kB
MemFree:          287556 kB
MemAvailable:    1465976 kB
Buffers:           89056 kB
Cached:          1121812 kB
MemTotal:        1844596 kB
MemFree:          286196 kB
MemAvailable:    1464616 kB
Buffers:           89060 kB
Cached:          1121808 kB
MemTotal:        1844596 kB
MemFree:          287496 kB
MemAvailable:    1465916 kB
Buffers:           89060 kB
Cached:          1121808 kB
MemTotal:        1844596 kB
MemFree:          286320 kB
MemAvailable:    1464740 kB
Buffers:           89060 kB
Cached:          1121808 kB
MemTotal:        1844596 kB
MemFree:          287628 kB
MemAvailable:    1466048 kB
Buffers:           89060 kB
Cached:          1121808 kB
MemTotal:        1844596 kB
MemFree:          287484 kB
MemAvailable:    1465904 kB
Buffers:           89060 kB
Cached:          1121808 kB
MemTotal:        1844596 kB
MemFree:          287740 kB
MemAvailable:    1466160 kB
Buffers:           89060 kB
Cached:          1121808 kB
MemTotal:        1844596 kB
MemFree:          287604 kB
MemAvailable:    1466024 kB
Buffers:           89060 kB
Cached:          1121808 kB
MemTotal:        1844596 kB
MemFree:          287856 kB
MemAvailable:    1466276 kB
Buffers:           89060 kB
Cached:          1121808 kB
MemTotal:        1844596 kB
MemFree:          287768 kB
MemAvailable:    1466188 kB
Buffers:           89060 kB
Cached:          1121808 kB
MemTotal:        1844596 kB
MemFree:          286212 kB
MemAvailable:    1464632 kB
Buffers:           89060 kB
Cached:          1121808 kB
MemTotal:        1844596 kB
MemFree:          286088 kB
MemAvailable:    1464508 kB
Buffers:           89060 kB
Cached:          1121808 kB
MemTotal:        1844596 kB
MemFree:          286504 kB
MemAvailable:    1464924 kB
Buffers:           89060 kB
Cached:          1121808 kB
MemTotal:        1844596 kB
MemFree:          286248 kB
MemAvailable:    1464668 kB
Buffers:           89060 kB
Cached:          1121808 kB
MemTotal:        1844596 kB
MemFree:          281792 kB
MemAvailable:    1460212 kB
Buffers:           89060 kB
Cached:          1121808 kB
MemTotal:        1844596 kB
MemFree:          281876 kB
MemAvailable:    1460296 kB
Buffers:           89060 kB
Cached:          1121808 kB
MemTotal:        1844596 kB
MemFree:          277212 kB
MemAvailable:    1455632 kB
Buffers:           89060 kB
Cached:          1121808 kB
MemTotal:        1844596 kB
MemFree:          275840 kB
MemAvailable:    1454260 kB
Buffers:           89060 kB
Cached:          1121808 kB
MemTotal:        1844596 kB
MemFree:          276576 kB
MemAvailable:    1455016 kB
Buffers:           89060 kB
Cached:          1121828 kB
MemTotal:        1844596 kB
MemFree:          276576 kB
MemAvailable:    1455016 kB
Buffers:           89060 kB
Cached:          1121828 kB
MemTotal:        1844596 kB
MemFree:          276340 kB
MemAvailable:    1454780 kB
Buffers:           89060 kB
Cached:          1121828 kB
MemTotal:        1844596 kB
MemFree:          276472 kB
MemAvailable:    1454912 kB
Buffers:           89060 kB
Cached:          1121828 kB
MemTotal:        1844596 kB
MemFree:          276784 kB
MemAvailable:    1455224 kB
Buffers:           89060 kB
Cached:          1121828 kB
MemTotal:        1844596 kB
MemFree:          275716 kB
MemAvailable:    1454156 kB
Buffers:           89060 kB
Cached:          1121828 kB
MemTotal:        1844596 kB
MemFree:          275716 kB
MemAvailable:    1454156 kB
Buffers:           89060 kB
Cached:          1121828 kB
MemTotal:        1844596 kB
MemFree:          275040 kB
MemAvailable:    1453480 kB
Buffers:           89060 kB
Cached:          1121828 kB
MemTotal:        1844596 kB
MemFree:          273244 kB
MemAvailable:    1451684 kB
Buffers:           89060 kB
Cached:          1121828 kB
MemTotal:        1844596 kB
MemFree:          273244 kB
MemAvailable:    1451684 kB
Buffers:           89060 kB
Cached:          1121828 kB
MemTotal:        1844596 kB
MemFree:          273120 kB
MemAvailable:    1451560 kB
Buffers:           89060 kB
Cached:          1121828 kB
MemTotal:        1844596 kB
MemFree:          274420 kB
MemAvailable:    1452860 kB
Buffers:           89060 kB
Cached:          1121828 kB
MemTotal:        1844596 kB
MemFree:          274296 kB
MemAvailable:    1452736 kB
Buffers:           89060 kB
Cached:          1121828 kB
MemTotal:        1844596 kB
MemFree:          273120 kB
MemAvailable:    1451560 kB
Buffers:           89060 kB
Cached:          1121828 kB
MemTotal:        1844596 kB
MemFree:          274228 kB
MemAvailable:    1452668 kB
Buffers:           89060 kB
Cached:          1121828 kB
MemTotal:        1844596 kB
MemFree:          273120 kB
MemAvailable:    1451560 kB
Buffers:           89060 kB
Cached:          1121828 kB
MemTotal:        1844596 kB
MemFree:          274244 kB
MemAvailable:    1452684 kB
Buffers:           89060 kB
Cached:          1121828 kB
MemTotal:        1844596 kB
MemFree:          274156 kB
MemAvailable:    1452596 kB
Buffers:           89060 kB
Cached:          1121828 kB
MemTotal:        1844596 kB
MemFree:          273368 kB
MemAvailable:    1451808 kB
Buffers:           89060 kB
Cached:          1121828 kB
MemTotal:        1844596 kB
MemFree:          273920 kB
MemAvailable:    1452360 kB
Buffers:           89060 kB
Cached:          1121828 kB
MemTotal:        1844596 kB
MemFree:          274256 kB
MemAvailable:    1452696 kB
Buffers:           89060 kB
Cached:          1121828 kB
MemTotal:        1844596 kB
MemFree:          272732 kB
MemAvailable:    1451172 kB
Buffers:           89060 kB
Cached:          1121828 kB
MemTotal:        1844596 kB
MemFree:          272612 kB
MemAvailable:    1451052 kB
Buffers:           89060 kB
Cached:          1121828 kB
MemTotal:        1844596 kB
MemFree:          273600 kB
MemAvailable:    1452040 kB
Buffers:           89060 kB
Cached:          1121828 kB
MemTotal:        1844596 kB
MemFree:          273600 kB
MemAvailable:    1452040 kB
Buffers:           89060 kB
Cached:          1121828 kB
MemTotal:        1844596 kB
MemFree:          272608 kB
MemAvailable:    1451048 kB
Buffers:           89060 kB
Cached:          1121828 kB
MemTotal:        1844596 kB
MemFree:          272608 kB
MemAvailable:    1451048 kB
Buffers:           89060 kB
Cached:          1121828 kB
MemTotal:        1844596 kB
MemFree:          272320 kB
MemAvailable:    1450760 kB
Buffers:           89060 kB
Cached:          1121828 kB
MemTotal:        1844596 kB
MemFree:          272064 kB
MemAvailable:    1450504 kB
Buffers:           89060 kB
Cached:          1121828 kB
MemTotal:        1844596 kB
MemFree:          270764 kB
MemAvailable:    1449204 kB
Buffers:           89060 kB
Cached:          1121828 kB
MemTotal:        1844596 kB
MemFree:          271604 kB
MemAvailable:    1450044 kB
Buffers:           89060 kB
Cached:          1121828 kB
MemTotal:        1844596 kB
MemFree:          271940 kB
MemAvailable:    1450380 kB
Buffers:           89060 kB
Cached:          1121828 kB
MemTotal:        1844596 kB
MemFree:          270144 kB
MemAvailable:    1448584 kB
Buffers:           89060 kB
Cached:          1121828 kB
MemTotal:        1844596 kB
MemFree:          271444 kB
MemAvailable:    1449884 kB
Buffers:           89060 kB
Cached:          1121828 kB
MemTotal:        1844596 kB
MemFree:          269756 kB
MemAvailable:    1448196 kB
Buffers:           89060 kB
Cached:          1121828 kB
MemTotal:        1844596 kB
MemFree:          269400 kB
MemAvailable:    1447840 kB
Buffers:           89060 kB
Cached:          1121828 kB
MemTotal:        1844596 kB
MemFree:          268228 kB
MemAvailable:    1446668 kB
Buffers:           89060 kB
Cached:          1121828 kB
MemTotal:        1844596 kB
MemFree:          269636 kB
MemAvailable:    1448076 kB
Buffers:           89060 kB
Cached:          1121828 kB
MemTotal:        1844596 kB
MemFree:          269336 kB
MemAvailable:    1447776 kB
Buffers:           89060 kB
Cached:          1121828 kB
MemTotal:        1844596 kB
MemFree:          269204 kB
MemAvailable:    1447644 kB
Buffers:           89060 kB
Cached:          1121828 kB
MemTotal:        1844596 kB
MemFree:          269072 kB
MemAvailable:    1447512 kB
Buffers:           89060 kB
Cached:          1121828 kB
MemTotal:        1844596 kB
MemFree:          268036 kB
MemAvailable:    1446476 kB
Buffers:           89060 kB
Cached:          1121828 kB
MemTotal:        1844596 kB
MemFree:          268724 kB
MemAvailable:    1447164 kB
Buffers:           89060 kB
Cached:          1121828 kB
MemTotal:        1844596 kB
MemFree:          268752 kB
MemAvailable:    1447192 kB
Buffers:           89060 kB
Cached:          1121828 kB
MemTotal:        1844596 kB
MemFree:          269088 kB
MemAvailable:    1447528 kB
Buffers:           89060 kB
Cached:          1121828 kB
MemTotal:        1844596 kB
MemFree:          268764 kB
MemAvailable:    1447204 kB
Buffers:           89060 kB
Cached:          1121828 kB
MemTotal:        1844596 kB
MemFree:          268848 kB
MemAvailable:    1447288 kB
Buffers:           89060 kB
Cached:          1121828 kB
MemTotal:        1844596 kB
MemFree:          268884 kB
MemAvailable:    1447324 kB
Buffers:           89060 kB
Cached:          1121828 kB
MemTotal:        1844596 kB
MemFree:          268108 kB
MemAvailable:    1446548 kB
Buffers:           89060 kB
Cached:          1121828 kB
MemTotal:        1844596 kB
MemFree:          268756 kB
MemAvailable:    1447196 kB
Buffers:           89060 kB
Cached:          1121828 kB
MemTotal:        1844596 kB
MemFree:          268612 kB
MemAvailable:    1447052 kB
Buffers:           89060 kB
Cached:          1121828 kB
MemTotal:        1844596 kB
MemFree:          268612 kB
MemAvailable:    1447052 kB
Buffers:           89060 kB
Cached:          1121828 kB
MemTotal:        1844596 kB
MemFree:          268636 kB
MemAvailable:    1447076 kB
Buffers:           89060 kB
Cached:          1121828 kB
MemTotal:        1844596 kB
MemFree:          268892 kB
MemAvailable:    1447332 kB
Buffers:           89060 kB
Cached:          1121828 kB
MemTotal:        1844596 kB
MemFree:          268624 kB
MemAvailable:    1447064 kB
Buffers:           89060 kB
Cached:          1121828 kB
MemTotal:        1844596 kB
MemFree:          268708 kB
MemAvailable:    1447148 kB
Buffers:           89060 kB
Cached:          1121828 kB
MemTotal:        1844596 kB
MemFree:          267648 kB
MemAvailable:    1446088 kB
Buffers:           89060 kB
Cached:          1121828 kB
MemTotal:        1844596 kB
MemFree:          267280 kB
MemAvailable:    1445720 kB
Buffers:           89060 kB
Cached:          1121828 kB
MemTotal:        1844596 kB
MemFree:          267280 kB
MemAvailable:    1445720 kB
Buffers:           89060 kB
Cached:          1121828 kB
MemTotal:        1844596 kB
MemFree:          267532 kB
MemAvailable:    1445972 kB
Buffers:           89060 kB
Cached:          1121828 kB
MemTotal:        1844596 kB
MemFree:          267408 kB
MemAvailable:    1445848 kB
Buffers:           89060 kB
Cached:          1121828 kB
MemTotal:        1844596 kB
MemFree:          268844 kB
MemAvailable:    1447284 kB
Buffers:           89060 kB
Cached:          1121828 kB
MemTotal:        1844596 kB
MemFree:          268668 kB
MemAvailable:    1447108 kB
Buffers:           89060 kB
Cached:          1121828 kB
MemTotal:        1844596 kB
MemFree:          268640 kB
MemAvailable:    1447080 kB
Buffers:           89060 kB
Cached:          1121828 kB
MemTotal:        1844596 kB
MemFree:          268852 kB
MemAvailable:    1447292 kB
Buffers:           89060 kB
Cached:          1121828 kB
MemTotal:        1844596 kB
MemFree:          266424 kB
MemAvailable:    1444864 kB
Buffers:           89060 kB
Cached:          1121828 kB
MemTotal:        1844596 kB
MemFree:          266300 kB
MemAvailable:    1444740 kB
Buffers:           89060 kB
Cached:          1121828 kB
MemTotal:        1844596 kB
MemFree:          265796 kB
MemAvailable:    1444236 kB
Buffers:           89060 kB
Cached:          1121828 kB
MemTotal:        1844596 kB
MemFree:          265796 kB
MemAvailable:    1444236 kB
Buffers:           89060 kB
Cached:          1121828 kB
MemTotal:        1844596 kB
MemFree:          263060 kB
MemAvailable:    1441500 kB
Buffers:           89060 kB
Cached:          1121828 kB
MemTotal:        1844596 kB
MemFree:          263396 kB
MemAvailable:    1441836 kB
Buffers:           89060 kB
Cached:          1121828 kB
MemTotal:        1844596 kB
MemFree:          257852 kB
MemAvailable:    1436292 kB
Buffers:           89060 kB
Cached:          1121828 kB
MemTotal:        1844596 kB
MemFree:          257620 kB
MemAvailable:    1436060 kB
Buffers:           89060 kB
Cached:          1121828 kB
MemTotal:        1844596 kB
MemFree:          253704 kB
MemAvailable:    1432144 kB
Buffers:           89060 kB
Cached:          1121828 kB
MemTotal:        1844596 kB
MemFree:          250860 kB
MemAvailable:    1429300 kB
Buffers:           89060 kB
Cached:          1121828 kB
MemTotal:        1844596 kB
MemFree:          249072 kB
MemAvailable:    1427512 kB
Buffers:           89060 kB
Cached:          1121828 kB
MemTotal:        1844596 kB
MemFree:          249876 kB
MemAvailable:    1428328 kB
Buffers:           89060 kB
Cached:          1121840 kB
MemTotal:        1844596 kB
MemFree:          250212 kB
MemAvailable:    1428664 kB
Buffers:           89060 kB
Cached:          1121840 kB
MemTotal:        1844596 kB
MemFree:          248768 kB
MemAvailable:    1427220 kB
Buffers:           89060 kB
Cached:          1121840 kB
MemTotal:        1844596 kB
MemFree:          248768 kB
MemAvailable:    1427220 kB
Buffers:           89060 kB
Cached:          1121840 kB
MemTotal:        1844596 kB
MemFree:          250068 kB
MemAvailable:    1428520 kB
Buffers:           89060 kB
Cached:          1121840 kB
MemTotal:        1844596 kB
MemFree:          248892 kB
MemAvailable:    1427344 kB
Buffers:           89060 kB
Cached:          1121840 kB
MemTotal:        1844596 kB
MemFree:          248892 kB
MemAvailable:    1427344 kB
Buffers:           89060 kB
Cached:          1121840 kB
MemTotal:        1844596 kB
MemFree:          249908 kB
MemAvailable:    1428360 kB
Buffers:           89060 kB
Cached:          1121840 kB
MemTotal:        1844596 kB
MemFree:          249908 kB
MemAvailable:    1428360 kB
Buffers:           89060 kB
Cached:          1121840 kB
MemTotal:        1844596 kB
MemFree:          249180 kB
MemAvailable:    1427632 kB
Buffers:           89060 kB
Cached:          1121840 kB
MemTotal:        1844596 kB
MemFree:          249436 kB
MemAvailable:    1427888 kB
Buffers:           89060 kB
Cached:          1121840 kB
MemTotal:        1844596 kB
MemFree:          249180 kB
MemAvailable:    1427632 kB
Buffers:           89060 kB
Cached:          1121840 kB
MemTotal:        1844596 kB
MemFree:          248784 kB
MemAvailable:    1427236 kB
Buffers:           89060 kB
Cached:          1121840 kB
MemTotal:        1844596 kB
MemFree:          249120 kB
MemAvailable:    1427572 kB
Buffers:           89060 kB
Cached:          1121840 kB
MemTotal:        1844596 kB
MemFree:          249104 kB
MemAvailable:    1427556 kB
Buffers:           89060 kB
Cached:          1121840 kB
MemTotal:        1844596 kB
MemFree:          248320 kB
MemAvailable:    1426772 kB
Buffers:           89060 kB
Cached:          1121840 kB
MemTotal:        1844596 kB
MemFree:          248880 kB
MemAvailable:    1427332 kB
Buffers:           89060 kB
Cached:          1121840 kB
MemTotal:        1844596 kB
MemFree:          248880 kB
MemAvailable:    1427332 kB
Buffers:           89060 kB
Cached:          1121840 kB
MemTotal:        1844596 kB
MemFree:          248844 kB
MemAvailable:    1427296 kB
Buffers:           89060 kB
Cached:          1121840 kB
MemTotal:        1844596 kB
MemFree:          248816 kB
MemAvailable:    1427268 kB
Buffers:           89060 kB
Cached:          1121840 kB
MemTotal:        1844596 kB
MemFree:          248980 kB
MemAvailable:    1427432 kB
Buffers:           89060 kB
Cached:          1121840 kB
MemTotal:        1844596 kB
MemFree:          248940 kB
MemAvailable:    1427392 kB
Buffers:           89060 kB
Cached:          1121840 kB
MemTotal:        1844596 kB
MemFree:          247760 kB
MemAvailable:    1426212 kB
Buffers:           89060 kB
Cached:          1121840 kB
MemTotal:        1844596 kB
MemFree:          247628 kB
MemAvailable:    1426080 kB
Buffers:           89060 kB
Cached:          1121840 kB
MemTotal:        1844596 kB
MemFree:          248896 kB
MemAvailable:    1427348 kB
Buffers:           89060 kB
Cached:          1121840 kB
MemTotal:        1844596 kB
MemFree:          249148 kB
MemAvailable:    1427600 kB
Buffers:           89060 kB
Cached:          1121840 kB
MemTotal:        1844596 kB
MemFree:          249008 kB
MemAvailable:    1427460 kB
Buffers:           89060 kB
Cached:          1121840 kB
MemTotal:        1844596 kB
MemFree:          249004 kB
MemAvailable:    1427456 kB
Buffers:           89060 kB
Cached:          1121840 kB
MemTotal:        1844596 kB
MemFree:          248976 kB
MemAvailable:    1427428 kB
Buffers:           89060 kB
Cached:          1121840 kB
MemTotal:        1844596 kB
MemFree:          248204 kB
MemAvailable:    1426656 kB
Buffers:           89060 kB
Cached:          1121840 kB
MemTotal:        1844596 kB
MemFree:          247700 kB
MemAvailable:    1426152 kB
Buffers:           89060 kB
Cached:          1121840 kB
MemTotal:        1844596 kB
MemFree:          247652 kB
MemAvailable:    1426104 kB
Buffers:           89060 kB
Cached:          1121840 kB
MemTotal:        1844596 kB
MemFree:          248880 kB
MemAvailable:    1427332 kB
Buffers:           89060 kB
Cached:          1121840 kB
MemTotal:        1844596 kB
MemFree:          248880 kB
MemAvailable:    1427332 kB
Buffers:           89060 kB
Cached:          1121840 kB
MemTotal:        1844596 kB
MemFree:          247692 kB
MemAvailable:    1426144 kB
Buffers:           89060 kB
Cached:          1121840 kB
MemTotal:        1844596 kB
MemFree:          246144 kB
MemAvailable:    1424596 kB
Buffers:           89060 kB
Cached:          1121840 kB
MemTotal:        1844596 kB
MemFree:          242112 kB
MemAvailable:    1420564 kB
Buffers:           89060 kB
Cached:          1121840 kB
MemTotal:        1844596 kB
MemFree:          241756 kB
MemAvailable:    1420208 kB
Buffers:           89060 kB
Cached:          1121840 kB
MemTotal:        1844596 kB
MemFree:          237764 kB
MemAvailable:    1416216 kB
Buffers:           89060 kB
Cached:          1121840 kB
MemTotal:        1844596 kB
MemFree:          236664 kB
MemAvailable:    1415116 kB
Buffers:           89060 kB
Cached:          1121840 kB
MemTotal:        1844596 kB
MemFree:          231440 kB
MemAvailable:    1409892 kB
Buffers:           89060 kB
Cached:          1121840 kB
MemTotal:        1844596 kB
MemFree:          231692 kB
MemAvailable:    1410144 kB
Buffers:           89060 kB
Cached:          1121840 kB
MemTotal:        1844596 kB
MemFree:          230160 kB
MemAvailable:    1408612 kB
Buffers:           89060 kB
Cached:          1121840 kB
MemTotal:        1844596 kB
MemFree:          231400 kB
MemAvailable:    1409852 kB
Buffers:           89060 kB
Cached:          1121840 kB
MemTotal:        1844596 kB
MemFree:          231172 kB
MemAvailable:    1409624 kB
Buffers:           89060 kB
Cached:          1121840 kB
MemTotal:        1844596 kB
MemFree:          231424 kB
MemAvailable:    1409876 kB
Buffers:           89060 kB
Cached:          1121840 kB
MemTotal:        1844596 kB
MemFree:          231020 kB
MemAvailable:    1409472 kB
Buffers:           89060 kB
Cached:          1121840 kB
MemTotal:        1844596 kB
MemFree:          231276 kB
MemAvailable:    1409728 kB
Buffers:           89060 kB
Cached:          1121840 kB
MemTotal:        1844596 kB
MemFree:          231008 kB
MemAvailable:    1409460 kB
Buffers:           89060 kB
Cached:          1121840 kB
MemTotal:        1844596 kB
MemFree:          231008 kB
MemAvailable:    1409460 kB
Buffers:           89060 kB
Cached:          1121840 kB
MemTotal:        1844596 kB
MemFree:          231012 kB
MemAvailable:    1409464 kB
Buffers:           89060 kB
Cached:          1121840 kB
MemTotal:        1844596 kB
MemFree:          231012 kB
MemAvailable:    1409464 kB
Buffers:           89060 kB
Cached:          1121840 kB
MemTotal:        1844596 kB
MemFree:          230812 kB
MemAvailable:    1409264 kB
Buffers:           89060 kB
Cached:          1121840 kB
MemTotal:        1844596 kB
MemFree:          230896 kB
MemAvailable:    1409348 kB
Buffers:           89060 kB
Cached:          1121840 kB
MemTotal:        1844596 kB
MemFree:          230684 kB
MemAvailable:    1409136 kB
Buffers:           89060 kB
Cached:          1121840 kB
MemTotal:        1844596 kB
MemFree:          230936 kB
MemAvailable:    1409388 kB
Buffers:           89060 kB
Cached:          1121840 kB
MemTotal:        1844596 kB
MemFree:          230516 kB
MemAvailable:    1408968 kB
Buffers:           89060 kB
Cached:          1121840 kB
MemTotal:        1844596 kB
MemFree:          230852 kB
MemAvailable:    1409304 kB
Buffers:           89060 kB
Cached:          1121840 kB
MemTotal:        1844596 kB
MemFree:          230704 kB
MemAvailable:    1409156 kB
Buffers:           89060 kB
Cached:          1121840 kB
MemTotal:        1844596 kB
MemFree:          230788 kB
MemAvailable:    1409240 kB
Buffers:           89060 kB
Cached:          1121840 kB
MemTotal:        1844596 kB
MemFree:          230716 kB
MemAvailable:    1409168 kB
Buffers:           89060 kB
Cached:          1121840 kB
MemTotal:        1844596 kB
MemFree:          229540 kB
MemAvailable:    1407992 kB
Buffers:           89060 kB
Cached:          1121840 kB
MemTotal:        1844596 kB
MemFree:          229276 kB
MemAvailable:    1407728 kB
Buffers:           89060 kB
Cached:          1121840 kB
MemTotal:        1844596 kB
MemFree:          230716 kB
MemAvailable:    1409168 kB
Buffers:           89060 kB
Cached:          1121840 kB
MemTotal:        1844596 kB
MemFree:          229408 kB
MemAvailable:    1407860 kB
Buffers:           89060 kB
Cached:          1121840 kB
MemTotal:        1844596 kB
MemFree:          229540 kB
MemAvailable:    1407992 kB
Buffers:           89060 kB
Cached:          1121840 kB
MemTotal:        1844596 kB
MemFree:          229540 kB
MemAvailable:    1407992 kB
Buffers:           89060 kB
Cached:          1121840 kB
MemTotal:        1844596 kB
MemFree:          230704 kB
MemAvailable:    1409156 kB
Buffers:           89060 kB
Cached:          1121840 kB
MemTotal:        1844596 kB
MemFree:          230956 kB
MemAvailable:    1409408 kB
Buffers:           89060 kB
Cached:          1121840 kB
MemTotal:        1844596 kB
MemFree:          230696 kB
MemAvailable:    1409148 kB
Buffers:           89060 kB
Cached:          1121840 kB
MemTotal:        1844596 kB
MemFree:          230836 kB
MemAvailable:    1409288 kB
Buffers:           89060 kB
Cached:          1121840 kB
MemTotal:        1844596 kB
MemFree:          230684 kB
MemAvailable:    1409136 kB
Buffers:           89060 kB
Cached:          1121840 kB
MemTotal:        1844596 kB
MemFree:          230824 kB
MemAvailable:    1409276 kB
Buffers:           89060 kB
Cached:          1121840 kB
MemTotal:        1844596 kB
MemFree:          230572 kB
MemAvailable:    1409024 kB
Buffers:           89060 kB
Cached:          1121840 kB
MemTotal:        1844596 kB
MemFree:          230908 kB
MemAvailable:    1409360 kB
Buffers:           89060 kB
Cached:          1121840 kB
MemTotal:        1844596 kB
MemFree:          225488 kB
MemAvailable:    1403948 kB
Buffers:           89060 kB
Cached:          1121848 kB
MemTotal:        1844596 kB
MemFree:          224760 kB
MemAvailable:    1403220 kB
Buffers:           89060 kB
Cached:          1121848 kB
MemTotal:        1844596 kB
MemFree:          220544 kB
MemAvailable:    1399004 kB
Buffers:           89060 kB
Cached:          1121848 kB
MemTotal:        1844596 kB
MemFree:          215080 kB
MemAvailable:    1393544 kB
Buffers:           89060 kB
Cached:          1121852 kB
MemTotal:        1844596 kB
MemFree:          214964 kB
MemAvailable:    1393428 kB
Buffers:           89060 kB
Cached:          1121852 kB
MemTotal:        1844596 kB
MemFree:          213212 kB
MemAvailable:    1391676 kB
Buffers:           89060 kB
Cached:          1121852 kB
MemTotal:        1844596 kB
MemFree:          213228 kB
MemAvailable:    1391692 kB
Buffers:           89060 kB
Cached:          1121852 kB
MemTotal:        1844596 kB
MemFree:          213040 kB
MemAvailable:    1391504 kB
Buffers:           89060 kB
Cached:          1121852 kB
MemTotal:        1844596 kB
MemFree:          213296 kB
MemAvailable:    1391760 kB
Buffers:           89060 kB
Cached:          1121852 kB
MemTotal:        1844596 kB
MemFree:          213028 kB
MemAvailable:    1391492 kB
Buffers:           89060 kB
Cached:          1121852 kB
MemTotal:        1844596 kB
MemFree:          213280 kB
MemAvailable:    1391744 kB
Buffers:           89060 kB
Cached:          1121852 kB
MemTotal:        1844596 kB
MemFree:          213216 kB
MemAvailable:    1391680 kB
Buffers:           89060 kB
Cached:          1121852 kB
MemTotal:        1844596 kB
MemFree:          212092 kB
MemAvailable:    1390556 kB
Buffers:           89060 kB
Cached:          1121852 kB
MemTotal:        1844596 kB
MemFree:          213396 kB
MemAvailable:    1391860 kB
Buffers:           89060 kB
Cached:          1121852 kB
MemTotal:        1844596 kB
MemFree:          213148 kB
MemAvailable:    1391612 kB
Buffers:           89060 kB
Cached:          1121852 kB
MemTotal:        1844596 kB
MemFree:          213316 kB
MemAvailable:    1391780 kB
Buffers:           89060 kB
Cached:          1121852 kB
MemTotal:        1844596 kB
MemFree:          213076 kB
MemAvailable:    1391540 kB
Buffers:           89060 kB
Cached:          1121852 kB
MemTotal:        1844596 kB
MemFree:          213328 kB
MemAvailable:    1391792 kB
Buffers:           89060 kB
Cached:          1121852 kB
MemTotal:        1844596 kB
MemFree:          213160 kB
MemAvailable:    1391624 kB
Buffers:           89060 kB
Cached:          1121852 kB
MemTotal:        1844596 kB
MemFree:          213328 kB
MemAvailable:    1391792 kB
Buffers:           89060 kB
Cached:          1121852 kB
MemTotal:        1844596 kB
MemFree:          212100 kB
MemAvailable:    1390564 kB
Buffers:           89060 kB
Cached:          1121852 kB
MemTotal:        1844596 kB
MemFree:          213088 kB
MemAvailable:    1391552 kB
Buffers:           89060 kB
Cached:          1121852 kB
MemTotal:        1844596 kB
MemFree:          213340 kB
MemAvailable:    1391804 kB
Buffers:           89060 kB
Cached:          1121852 kB
MemTotal:        1844596 kB
MemFree:          212908 kB
MemAvailable:    1391372 kB
Buffers:           89060 kB
Cached:          1121852 kB
MemTotal:        1844596 kB
MemFree:          212980 kB
MemAvailable:    1391444 kB
Buffers:           89060 kB
Cached:          1121852 kB
MemTotal:        1844596 kB
MemFree:          212352 kB
MemAvailable:    1390816 kB
Buffers:           89060 kB
Cached:          1121852 kB
MemTotal:        1844596 kB
MemFree:          212436 kB
MemAvailable:    1390900 kB
Buffers:           89060 kB
Cached:          1121852 kB
MemTotal:        1844596 kB
MemFree:          212248 kB
MemAvailable:    1390712 kB
Buffers:           89060 kB
Cached:          1121852 kB
MemTotal:        1844596 kB
MemFree:          210984 kB
MemAvailable:    1389448 kB
Buffers:           89060 kB
Cached:          1121852 kB
MemTotal:        1844596 kB
MemFree:          212280 kB
MemAvailable:    1390744 kB
Buffers:           89060 kB
Cached:          1121852 kB
MemTotal:        1844596 kB
MemFree:          211872 kB
MemAvailable:    1390336 kB
Buffers:           89060 kB
Cached:          1121852 kB
MemTotal:        1844596 kB
MemFree:          211476 kB
MemAvailable:    1389940 kB
Buffers:           89060 kB
Cached:          1121852 kB
MemTotal:        1844596 kB
MemFree:          211812 kB
MemAvailable:    1390276 kB
Buffers:           89060 kB
Cached:          1121852 kB
MemTotal:        1844596 kB
MemFree:          208144 kB
MemAvailable:    1386608 kB
Buffers:           89060 kB
Cached:          1121852 kB
MemTotal:        1844596 kB
MemFree:          204920 kB
MemAvailable:    1383384 kB
Buffers:           89060 kB
Cached:          1121852 kB
MemTotal:        1844596 kB
MemFree:          204548 kB
MemAvailable:    1383012 kB
Buffers:           89060 kB
Cached:          1121852 kB
MemTotal:        1844596 kB
MemFree:          198340 kB
MemAvailable:    1376804 kB
Buffers:           89060 kB
Cached:          1121852 kB
MemTotal:        1844596 kB
MemFree:          198092 kB
MemAvailable:    1376556 kB
Buffers:           89060 kB
Cached:          1121852 kB
MemTotal:        1844596 kB
MemFree:          194116 kB
MemAvailable:    1372580 kB
Buffers:           89060 kB
Cached:          1121852 kB
MemTotal:        1844596 kB
MemFree:          193636 kB
MemAvailable:    1371976 kB
Buffers:           89060 kB
Cached:          1121852 kB
MemTotal:        1844596 kB
MemFree:          189916 kB
MemAvailable:    1368380 kB
Buffers:           89060 kB
Cached:          1121852 kB
MemTotal:        1844596 kB
MemFree:          188676 kB
MemAvailable:    1367140 kB
Buffers:           89060 kB
Cached:          1121852 kB
MemTotal:        1844596 kB
MemFree:          186196 kB
MemAvailable:    1364660 kB
Buffers:           89060 kB
Cached:          1121852 kB
MemTotal:        1844596 kB
MemFree:          184892 kB
MemAvailable:    1363356 kB
Buffers:           89060 kB
Cached:          1121852 kB
MemTotal:        1844596 kB
MemFree:          182828 kB
MemAvailable:    1361292 kB
Buffers:           89060 kB
Cached:          1121852 kB
MemTotal:        1844596 kB
MemFree:          181848 kB
MemAvailable:    1360312 kB
Buffers:           89060 kB
Cached:          1121852 kB
MemTotal:        1844596 kB
MemFree:          181336 kB
MemAvailable:    1359800 kB
Buffers:           89060 kB
Cached:          1121852 kB
MemTotal:        1844596 kB
MemFree:          181420 kB
MemAvailable:    1359884 kB
Buffers:           89060 kB
Cached:          1121852 kB
MemTotal:        1844596 kB
MemFree:          180044 kB
MemAvailable:    1358508 kB
Buffers:           89060 kB
Cached:          1121852 kB
MemTotal:        1844596 kB
MemFree:          180368 kB
MemAvailable:    1358832 kB
Buffers:           89060 kB
Cached:          1121852 kB
MemTotal:        1844596 kB
MemFree:          181536 kB
MemAvailable:    1360000 kB
Buffers:           89060 kB
Cached:          1121852 kB
MemTotal:        1844596 kB
MemFree:          180376 kB
MemAvailable:    1358840 kB
Buffers:           89060 kB
Cached:          1121852 kB
MemTotal:        1844596 kB
MemFree:          181412 kB
MemAvailable:    1359876 kB
Buffers:           89060 kB
Cached:          1121852 kB
MemTotal:        1844596 kB
MemFree:          181420 kB
MemAvailable:    1359884 kB
Buffers:           89060 kB
Cached:          1121852 kB
MemTotal:        1844596 kB
MemFree:          180352 kB
MemAvailable:    1358816 kB
Buffers:           89060 kB
Cached:          1121852 kB
MemTotal:        1844596 kB
MemFree:          180436 kB
MemAvailable:    1358900 kB
Buffers:           89060 kB
Cached:          1121852 kB
MemTotal:        1844596 kB
MemFree:          180248 kB
MemAvailable:    1358712 kB
Buffers:           89060 kB
Cached:          1121852 kB
MemTotal:        1844596 kB
MemFree:          180224 kB
MemAvailable:    1358688 kB
Buffers:           89060 kB
Cached:          1121852 kB
MemTotal:        1844596 kB
MemFree:          179376 kB
MemAvailable:    1357840 kB
Buffers:           89060 kB
Cached:          1121852 kB
MemTotal:        1844596 kB
MemFree:          180492 kB
MemAvailable:    1358964 kB
Buffers:           89060 kB
Cached:          1121860 kB
MemTotal:        1844596 kB
MemFree:          179252 kB
MemAvailable:    1357724 kB
Buffers:           89060 kB
Cached:          1121860 kB
MemTotal:        1844596 kB
MemFree:          179976 kB
MemAvailable:    1358448 kB
Buffers:           89060 kB
Cached:          1121860 kB
MemTotal:        1844596 kB
MemFree:          179976 kB
MemAvailable:    1358448 kB
Buffers:           89060 kB
Cached:          1121860 kB
MemTotal:        1844596 kB
MemFree:          179732 kB
MemAvailable:    1358204 kB
Buffers:           89060 kB
Cached:          1121860 kB
MemTotal:        1844596 kB
MemFree:          179984 kB
MemAvailable:    1358456 kB
Buffers:           89060 kB
Cached:          1121860 kB
MemTotal:        1844596 kB
MemFree:          178444 kB
MemAvailable:    1356916 kB
Buffers:           89060 kB
Cached:          1121860 kB
MemTotal:        1844596 kB
MemFree:          179748 kB
MemAvailable:    1358220 kB
Buffers:           89060 kB
Cached:          1121860 kB
MemTotal:        1844596 kB
MemFree:          178332 kB
MemAvailable:    1356804 kB
Buffers:           89060 kB
Cached:          1121860 kB
MemTotal:        1844596 kB
MemFree:          178880 kB
MemAvailable:    1357352 kB
Buffers:           89060 kB
Cached:          1121860 kB
MemTotal:        1844596 kB
MemFree:          177648 kB
MemAvailable:    1356120 kB
Buffers:           89060 kB
Cached:          1121860 kB
MemTotal:        1844596 kB
MemFree:          178512 kB
MemAvailable:    1356984 kB
Buffers:           89060 kB
Cached:          1121860 kB
MemTotal:        1844596 kB
MemFree:          178072 kB
MemAvailable:    1356544 kB
Buffers:           89060 kB
Cached:          1121860 kB
MemTotal:        1844596 kB
MemFree:          177620 kB
MemAvailable:    1356092 kB
Buffers:           89060 kB
Cached:          1121860 kB
MemTotal:        1844596 kB
MemFree:          176152 kB
MemAvailable:    1354624 kB
Buffers:           89060 kB
Cached:          1121860 kB
MemTotal:        1844596 kB
MemFree:          177328 kB
MemAvailable:    1355800 kB
Buffers:           89060 kB
Cached:          1121860 kB
MemTotal:        1844596 kB
MemFree:          176028 kB
MemAvailable:    1354500 kB
Buffers:           89060 kB
Cached:          1121860 kB
MemTotal:        1844596 kB
MemFree:          177276 kB
MemAvailable:    1355748 kB
Buffers:           89060 kB
Cached:          1121860 kB
MemTotal:        1844596 kB
MemFree:          177188 kB
MemAvailable:    1355660 kB
Buffers:           89060 kB
Cached:          1121860 kB
MemTotal:        1844596 kB
MemFree:          177056 kB
MemAvailable:    1355528 kB
Buffers:           89060 kB
Cached:          1121860 kB
MemTotal:        1844596 kB
MemFree:          175756 kB
MemAvailable:    1354228 kB
Buffers:           89060 kB
Cached:          1121860 kB
MemTotal:        1844596 kB
MemFree:          175864 kB
MemAvailable:    1354336 kB
Buffers:           89060 kB
Cached:          1121860 kB
MemTotal:        1844596 kB
MemFree:          176400 kB
MemAvailable:    1354872 kB
Buffers:           89060 kB
Cached:          1121860 kB
MemTotal:        1844596 kB
MemFree:          177048 kB
MemAvailable:    1355520 kB
Buffers:           89060 kB
Cached:          1121860 kB
MemTotal:        1844596 kB
MemFree:          177268 kB
MemAvailable:    1355740 kB
Buffers:           89060 kB
Cached:          1121860 kB
MemTotal:        1844596 kB
MemFree:          177256 kB
MemAvailable:    1355728 kB
Buffers:           89060 kB
Cached:          1121860 kB
MemTotal:        1844596 kB
MemFree:          177272 kB
MemAvailable:    1355744 kB
Buffers:           89060 kB
Cached:          1121860 kB
MemTotal:        1844596 kB
MemFree:          177180 kB
MemAvailable:    1355652 kB
Buffers:           89060 kB
Cached:          1121860 kB
MemTotal:        1844596 kB
MemFree:          177204 kB
MemAvailable:    1355676 kB
Buffers:           89060 kB
Cached:          1121860 kB
MemTotal:        1844596 kB
MemFree:          176276 kB
MemAvailable:    1354748 kB
Buffers:           89060 kB
Cached:          1121860 kB
MemTotal:        1844596 kB
MemFree:          176964 kB
MemAvailable:    1355436 kB
Buffers:           89060 kB
Cached:          1121860 kB
MemTotal:        1844596 kB
MemFree:          176964 kB
MemAvailable:    1355436 kB
Buffers:           89060 kB
Cached:          1121860 kB
MemTotal:        1844596 kB
MemFree:          177124 kB
MemAvailable:    1355596 kB
Buffers:           89060 kB
Cached:          1121860 kB
MemTotal:        1844596 kB
MemFree:          177028 kB
MemAvailable:    1355500 kB
Buffers:           89060 kB
Cached:          1121860 kB
MemTotal:        1844596 kB
MemFree:          177156 kB
MemAvailable:    1355628 kB
Buffers:           89060 kB
Cached:          1121860 kB
MemTotal:        1844596 kB
MemFree:          175892 kB
MemAvailable:    1354364 kB
Buffers:           89060 kB
Cached:          1121860 kB
MemTotal:        1844596 kB
MemFree:          176140 kB
MemAvailable:    1354612 kB
Buffers:           89060 kB
Cached:          1121860 kB
MemTotal:        1844596 kB
MemFree:          176992 kB
MemAvailable:    1355464 kB
Buffers:           89060 kB
Cached:          1121860 kB
MemTotal:        1844596 kB
MemFree:          177244 kB
MemAvailable:    1355716 kB
Buffers:           89060 kB
Cached:          1121860 kB
MemTotal:        1844596 kB
MemFree:          177132 kB
MemAvailable:    1355604 kB
Buffers:           89060 kB
Cached:          1121860 kB
MemTotal:        1844596 kB
MemFree:          177144 kB
MemAvailable:    1355616 kB
Buffers:           89060 kB
Cached:          1121860 kB
MemTotal:        1844596 kB
MemFree:          175836 kB
MemAvailable:    1354308 kB
Buffers:           89060 kB
Cached:          1121860 kB
MemTotal:        1844596 kB
MemFree:          176980 kB
MemAvailable:    1355452 kB
Buffers:           89060 kB
Cached:          1121860 kB
MemTotal:        1844596 kB
MemFree:          177316 kB
MemAvailable:    1355788 kB
Buffers:           89060 kB
Cached:          1121860 kB
MemTotal:        1844596 kB
MemFree:          176988 kB
MemAvailable:    1355460 kB
Buffers:           89060 kB
Cached:          1121860 kB
MemTotal:        1844596 kB
MemFree:          176988 kB
MemAvailable:    1355460 kB
Buffers:           89060 kB
Cached:          1121860 kB
MemTotal:        1844596 kB
MemFree:          177004 kB
MemAvailable:    1355476 kB
Buffers:           89060 kB
Cached:          1121860 kB
MemTotal:        1844596 kB
MemFree:          177004 kB
MemAvailable:    1355476 kB
Buffers:           89060 kB
Cached:          1121860 kB
MemTotal:        1844596 kB
MemFree:          176824 kB
MemAvailable:    1355296 kB
Buffers:           89060 kB
Cached:          1121860 kB
MemTotal:        1844596 kB
MemFree:          177076 kB
MemAvailable:    1355548 kB
Buffers:           89060 kB
Cached:          1121860 kB
MemTotal:        1844596 kB
MemFree:          176940 kB
MemAvailable:    1355412 kB
Buffers:           89060 kB
Cached:          1121860 kB
MemTotal:        1844596 kB
MemFree:          177004 kB
MemAvailable:    1355476 kB
Buffers:           89060 kB
Cached:          1121860 kB
MemTotal:        1844596 kB
MemFree:          176740 kB
MemAvailable:    1355212 kB
Buffers:           89060 kB
Cached:          1121860 kB
MemTotal:        1844596 kB
MemFree:          176740 kB
MemAvailable:    1355212 kB
Buffers:           89060 kB
Cached:          1121860 kB
MemTotal:        1844596 kB
MemFree:          175584 kB
MemAvailable:    1354056 kB
Buffers:           89060 kB
Cached:          1121860 kB
MemTotal:        1844596 kB
MemFree:          175584 kB
MemAvailable:    1354056 kB
Buffers:           89060 kB
Cached:          1121860 kB
MemTotal:        1844596 kB
MemFree:          170688 kB
MemAvailable:    1349160 kB
Buffers:           89060 kB
Cached:          1121860 kB
MemTotal:        1844596 kB
MemFree:          170580 kB
MemAvailable:    1349052 kB
Buffers:           89060 kB
Cached:          1121860 kB
MemTotal:        1844596 kB
MemFree:          170260 kB
MemAvailable:    1348732 kB
Buffers:           89060 kB
Cached:          1121860 kB
MemTotal:        1844596 kB
MemFree:          170432 kB
MemAvailable:    1348904 kB
Buffers:           89060 kB
Cached:          1121860 kB
MemTotal:        1844596 kB
MemFree:          170376 kB
MemAvailable:    1348848 kB
Buffers:           89060 kB
Cached:          1121860 kB
MemTotal:        1844596 kB
MemFree:          170656 kB
MemAvailable:    1349128 kB
Buffers:           89060 kB
Cached:          1121860 kB
MemTotal:        1844596 kB
MemFree:          169704 kB
MemAvailable:    1348176 kB
Buffers:           89060 kB
Cached:          1121860 kB
MemTotal:        1844596 kB
MemFree:          170820 kB
MemAvailable:    1349292 kB
Buffers:           89060 kB
Cached:          1121860 kB
MemTotal:        1844596 kB
MemFree:          170688 kB
MemAvailable:    1349160 kB
Buffers:           89060 kB
Cached:          1121860 kB
MemTotal:        1844596 kB
MemFree:          170580 kB
MemAvailable:    1349052 kB
Buffers:           89060 kB
Cached:          1121860 kB
MemTotal:        1844596 kB
MemFree:          170440 kB
MemAvailable:    1348912 kB
Buffers:           89060 kB
Cached:          1121860 kB
MemTotal:        1844596 kB
MemFree:          170456 kB
MemAvailable:    1348928 kB
Buffers:           89060 kB
Cached:          1121860 kB
MemTotal:        1844596 kB
MemFree:          170268 kB
MemAvailable:    1348740 kB
Buffers:           89060 kB
Cached:          1121860 kB
MemTotal:        1844596 kB
MemFree:          170524 kB
MemAvailable:    1348996 kB
Buffers:           89060 kB
Cached:          1121860 kB
MemTotal:        1844596 kB
MemFree:          169196 kB
MemAvailable:    1347668 kB
Buffers:           89060 kB
Cached:          1121984 kB
MemTotal:        1844596 kB
MemFree:          169444 kB
MemAvailable:    1348000 kB
Buffers:           89060 kB
Cached:          1121984 kB
MemTotal:        1844596 kB
MemFree:          170316 kB
MemAvailable:    1349124 kB
Buffers:           89060 kB
Cached:          1122232 kB
MemTotal:        1844596 kB
MemFree:          170316 kB
MemAvailable:    1349124 kB
Buffers:           89060 kB
Cached:          1122232 kB
MemTotal:        1844596 kB
MemFree:          169788 kB
MemAvailable:    1348680 kB
Buffers:           89060 kB
Cached:          1122356 kB
MemTotal:        1844596 kB
MemFree:          169716 kB
MemAvailable:    1348692 kB
Buffers:           89060 kB
Cached:          1122480 kB
MemTotal:        1844596 kB
MemFree:          168540 kB
MemAvailable:    1347516 kB
Buffers:           89060 kB
Cached:          1122480 kB
MemTotal:        1844596 kB
MemFree:          168664 kB
MemAvailable:    1347640 kB
Buffers:           89060 kB
Cached:          1122480 kB
MemTotal:        1844596 kB
MemFree:          169640 kB
MemAvailable:    1348700 kB
Buffers:           89060 kB
Cached:          1122480 kB
MemTotal:        1844596 kB
MemFree:          168912 kB
MemAvailable:    1347972 kB
Buffers:           89060 kB
Cached:          1122480 kB
MemTotal:        1844596 kB
MemFree:          168320 kB
MemAvailable:    1347380 kB
Buffers:           89060 kB
Cached:          1122480 kB
MemTotal:        1844596 kB
MemFree:          169512 kB
MemAvailable:    1348572 kB
Buffers:           89060 kB
Cached:          1122480 kB
MemTotal:        1844596 kB
MemFree:          169680 kB
MemAvailable:    1348740 kB
Buffers:           89060 kB
Cached:          1122480 kB
MemTotal:        1844596 kB
MemFree:          169604 kB
MemAvailable:    1348664 kB
Buffers:           89060 kB
Cached:          1122480 kB
MemTotal:        1844596 kB
MemFree:          169688 kB
MemAvailable:    1348160 kB
Buffers:           89060 kB
Cached:          1121888 kB
MemTotal:        1844596 kB
MemFree:          169572 kB
MemAvailable:    1348044 kB
Buffers:           89060 kB
Cached:          1121888 kB
MemTotal:        1844596 kB
MemFree:          325256 kB
MemAvailable:    1503728 kB
Buffers:           89060 kB
Cached:          1121888 kB
MemTotal:        1844596 kB
MemFree:          207768 kB
MemAvailable:    1386240 kB
Buffers:           89060 kB
Cached:          1121888 kB
