MemTotal:        1844596 kB
MemFree:          705252 kB
MemAvailable:    1547256 kB
Buffers:           89320 kB
Cached:           776644 kB
MemTotal:        1844596 kB
MemFree:          677616 kB
MemAvailable:    1519632 kB
Buffers:           89320 kB
Cached:           776648 kB
MemTotal:        1844596 kB
MemFree:          676120 kB
MemAvailable:    1518136 kB
Buffers:           89320 kB
Cached:           776648 kB
MemTotal:        1844596 kB
MemFree:          676616 kB
MemAvailable:    1518632 kB
Buffers:           89320 kB
Cached:           776648 kB
MemTotal:        1844596 kB
MemFree:          676632 kB
MemAvailable:    1518648 kB
Buffers:           89320 kB
Cached:           776648 kB
MemTotal:        1844596 kB
MemFree:          674268 kB
MemAvailable:    1516284 kB
Buffers:           89320 kB
Cached:           776648 kB
MemTotal:        1844596 kB
MemFree:          672964 kB
MemAvailable:    1514980 kB
Buffers:           89328 kB
Cached:           776640 kB
MemTotal:        1844596 kB
MemFree:          671004 kB
MemAvailable:    1513020 kB
Buffers:           89328 kB
Cached:           776640 kB
MemTotal:        1844596 kB
MemFree:          668688 kB
MemAvailable:    1510704 kB
Buffers:           89328 kB
Cached:           776640 kB
MemTotal:        1844596 kB
MemFree:          664952 kB
MemAvailable:    1506976 kB
Buffers:           89328 kB
Cached:           776648 kB
MemTotal:        1844596 kB
MemFree:          664916 kB
MemAvailable:    1506940 kB
Buffers:           89328 kB
Cached:           776648 kB
MemTotal:        1844596 kB
MemFree:          664100 kB
MemAvailable:    1506124 kB
Buffers:           89328 kB
Cached:           776648 kB
MemTotal:        1844596 kB
MemFree:          664092 kB
MemAvailable:    1506116 kB
Buffers:           89328 kB
Cached:           776648 kB
MemTotal:        1844596 kB
MemFree:          665292 kB
MemAvailable:    1507316 kB
Buffers:           89328 kB
Cached:           776648 kB
MemTotal:        1844596 kB
MemFree:          665220 kB
MemAvailable:    1507244 kB
Buffers:           89328 kB
Cached:           776648 kB
MemTotal:        1844596 kB
MemFree:          664100 kB
MemAvailable:    1506124 kB
Buffers:           89328 kB
Cached:           776648 kB
MemTotal:        1844596 kB
MemFree:          663584 kB
MemAvailable:    1505608 kB
Buffers:           89328 kB
Cached:           776648 kB
MemTotal:        1844596 kB
MemFree:          664956 kB
MemAvailable:    1506980 kB
Buffers:           89328 kB
Cached:           776648 kB
MemTotal:        1844596 kB
MemFree:          663976 kB
MemAvailable:    1506000 kB
Buffers:           89328 kB
Cached:           776648 kB
MemTotal:        1844596 kB
MemFree:          664576 kB
MemAvailable:    1506600 kB
Buffers:           89328 kB
Cached:           776648 kB
MemTotal:        1844596 kB
MemFree:          664832 kB
MemAvailable:    1506856 kB
Buffers:           89328 kB
Cached:           776648 kB
MemTotal:        1844596 kB
MemFree:          664596 kB
MemAvailable:    1506620 kB
Buffers:           89328 kB
Cached:           776648 kB
MemTotal:        1844596 kB
MemFree:          663976 kB
MemAvailable:    1506000 kB
Buffers:           89328 kB
Cached:           776648 kB
MemTotal:        1844596 kB
MemFree:          663176 kB
MemAvailable:    1505200 kB
Buffers:           89328 kB
Cached:           776648 kB
MemTotal:        1844596 kB
MemFree:          664216 kB
MemAvailable:    1506240 kB
Buffers:           89328 kB
Cached:           776648 kB
MemTotal:        1844596 kB
MemFree:          664092 kB
MemAvailable:    1506116 kB
Buffers:           89328 kB
Cached:           776648 kB
MemTotal:        1844596 kB
MemFree:          663604 kB
MemAvailable:    1505628 kB
Buffers:           89328 kB
Cached:           776648 kB
MemTotal:        1844596 kB
MemFree:          662316 kB
MemAvailable:    1504340 kB
Buffers:           89328 kB
Cached:           776648 kB
MemTotal:        1844596 kB
MemFree:          663468 kB
MemAvailable:    1505492 kB
Buffers:           89328 kB
Cached:           776648 kB
MemTotal:        1844596 kB
MemFree:          662672 kB
MemAvailable:    1504696 kB
Buffers:           89328 kB
Cached:           776648 kB
MemTotal:        1844596 kB
MemFree:          661364 kB
MemAvailable:    1503388 kB
Buffers:           89328 kB
Cached:           776648 kB
MemTotal:        1844596 kB
MemFree:          661100 kB
MemAvailable:    1503124 kB
Buffers:           89328 kB
Cached:           776648 kB
MemTotal:        1844596 kB
MemFree:          660876 kB
MemAvailable:    1502900 kB
Buffers:           89328 kB
Cached:           776648 kB
MemTotal:        1844596 kB
MemFree:          662240 kB
MemAvailable:    1504264 kB
Buffers:           89328 kB
Cached:           776648 kB
MemTotal:        1844596 kB
MemFree:          662300 kB
MemAvailable:    1504324 kB
Buffers:           89328 kB
Cached:           776648 kB
MemTotal:        1844596 kB
MemFree:          661132 kB
MemAvailable:    1503156 kB
Buffers:           89328 kB
Cached:           776648 kB
MemTotal:        1844596 kB
MemFree:          660828 kB
MemAvailable:    1502852 kB
Buffers:           89328 kB
Cached:           776648 kB
MemTotal:        1844596 kB
MemFree:          662552 kB
MemAvailable:    1504576 kB
Buffers:           89328 kB
Cached:           776648 kB
MemTotal:        1844596 kB
MemFree:          662552 kB
MemAvailable:    1504576 kB
Buffers:           89328 kB
Cached:           776648 kB
MemTotal:        1844596 kB
MemFree:          660620 kB
MemAvailable:    1502644 kB
Buffers:           89328 kB
Cached:           776648 kB
MemTotal:        1844596 kB
MemFree:          660388 kB
MemAvailable:    1502412 kB
Buffers:           89328 kB
Cached:           776648 kB
MemTotal:        1844596 kB
MemFree:          657216 kB
MemAvailable:    1499240 kB
Buffers:           89328 kB
Cached:           776648 kB
MemTotal:        1844596 kB
MemFree:          657212 kB
MemAvailable:    1499236 kB
Buffers:           89328 kB
Cached:           776648 kB
MemTotal:        1844596 kB
MemFree:          656112 kB
MemAvailable:    1498136 kB
Buffers:           89328 kB
Cached:           776648 kB
MemTotal:        1844596 kB
MemFree:          656812 kB
MemAvailable:    1498836 kB
Buffers:           89328 kB
Cached:           776648 kB
MemTotal:        1844596 kB
MemFree:          657148 kB
MemAvailable:    1499172 kB
Buffers:           89328 kB
Cached:           776648 kB
MemTotal:        1844596 kB
MemFree:          656768 kB
MemAvailable:    1498792 kB
Buffers:           89328 kB
Cached:           776648 kB
MemTotal:        1844596 kB
MemFree:          656908 kB
MemAvailable:    1498932 kB
Buffers:           89328 kB
Cached:           776648 kB
MemTotal:        1844596 kB
MemFree:          656112 kB
MemAvailable:    1498136 kB
Buffers:           89328 kB
Cached:           776648 kB
MemTotal:        1844596 kB
MemFree:          656396 kB
MemAvailable:    1498420 kB
Buffers:           89328 kB
Cached:           776648 kB
MemTotal:        1844596 kB
MemFree:          656732 kB
MemAvailable:    1498756 kB
Buffers:           89328 kB
Cached:           776648 kB
MemTotal:        1844596 kB
MemFree:          656488 kB
MemAvailable:    1498512 kB
Buffers:           89328 kB
Cached:           776648 kB
MemTotal:        1844596 kB
MemFree:          656416 kB
MemAvailable:    1498440 kB
Buffers:           89328 kB
Cached:           776648 kB
MemTotal:        1844596 kB
MemFree:          656396 kB
MemAvailable:    1498420 kB
Buffers:           89328 kB
Cached:           776648 kB
MemTotal:        1844596 kB
MemFree:          656288 kB
MemAvailable:    1498312 kB
Buffers:           89328 kB
Cached:           776648 kB
MemTotal:        1844596 kB
MemFree:          655116 kB
MemAvailable:    1497140 kB
Buffers:           89328 kB
Cached:           776648 kB
MemTotal:        1844596 kB
MemFree:          655284 kB
MemAvailable:    1497308 kB
Buffers:           89328 kB
Cached:           776648 kB
MemTotal:        1844596 kB
MemFree:          655472 kB
MemAvailable:    1497496 kB
Buffers:           89328 kB
Cached:           776648 kB
MemTotal:        1844596 kB
MemFree:          650708 kB
MemAvailable:    1492732 kB
Buffers:           89328 kB
Cached:           776648 kB
MemTotal:        1844596 kB
MemFree:          650876 kB
MemAvailable:    1492900 kB
Buffers:           89328 kB
Cached:           776648 kB
MemTotal:        1844596 kB
MemFree:          649592 kB
MemAvailable:    1491616 kB
Buffers:           89328 kB
Cached:           776648 kB
MemTotal:        1844596 kB
MemFree:          650072 kB
MemAvailable:    1492100 kB
Buffers:           89328 kB
Cached:           776652 kB
MemTotal:        1844596 kB
MemFree:          649468 kB
MemAvailable:    1491496 kB
Buffers:           89328 kB
Cached:           776652 kB
MemTotal:        1844596 kB
MemFree:          648600 kB
MemAvailable:    1490628 kB
Buffers:           89328 kB
Cached:           776652 kB
MemTotal:        1844596 kB
MemFree:          648468 kB
MemAvailable:    1490496 kB
Buffers:           89328 kB
Cached:           776652 kB
MemTotal:        1844596 kB
MemFree:          646864 kB
MemAvailable:    1488892 kB
Buffers:           89328 kB
Cached:           776652 kB
MemTotal:        1844596 kB
MemFree:          647760 kB
MemAvailable:    1489788 kB
Buffers:           89328 kB
Cached:           776652 kB
MemTotal:        1844596 kB
MemFree:          647732 kB
MemAvailable:    1489760 kB
Buffers:           89328 kB
Cached:           776652 kB
MemTotal:        1844596 kB
MemFree:          647844 kB
MemAvailable:    1489872 kB
Buffers:           89328 kB
Cached:           776652 kB
MemTotal:        1844596 kB
MemFree:          647856 kB
MemAvailable:    1489884 kB
Buffers:           89328 kB
Cached:           776652 kB
MemTotal:        1844596 kB
MemFree:          646856 kB
MemAvailable:    1488884 kB
Buffers:           89328 kB
Cached:           776652 kB
MemTotal:        1844596 kB
MemFree:          647520 kB
MemAvailable:    1489548 kB
Buffers:           89328 kB
Cached:           776652 kB
MemTotal:        1844596 kB
MemFree:          647616 kB
MemAvailable:    1489644 kB
Buffers:           89328 kB
Cached:           776652 kB
MemTotal:        1844596 kB
MemFree:          646616 kB
MemAvailable:    1488644 kB
Buffers:           89328 kB
Cached:           776652 kB
MemTotal:        1844596 kB
MemFree:          647592 kB
MemAvailable:    1489620 kB
Buffers:           89328 kB
Cached:           776652 kB
MemTotal:        1844596 kB
MemFree:          647360 kB
MemAvailable:    1489388 kB
Buffers:           89328 kB
Cached:           776652 kB
MemTotal:        1844596 kB
MemFree:          646480 kB
MemAvailable:    1488508 kB
Buffers:           89328 kB
Cached:           776652 kB
MemTotal:        1844596 kB
MemFree:          647532 kB
MemAvailable:    1489560 kB
Buffers:           89328 kB
Cached:           776652 kB
MemTotal:        1844596 kB
MemFree:          647784 kB
MemAvailable:    1489812 kB
Buffers:           89328 kB
Cached:           776652 kB
MemTotal:        1844596 kB
MemFree:          646296 kB
MemAvailable:    1488324 kB
Buffers:           89328 kB
Cached:           776652 kB
MemTotal:        1844596 kB
MemFree:          647480 kB
MemAvailable:    1489508 kB
Buffers:           89328 kB
Cached:           776652 kB
MemTotal:        1844596 kB
MemFree:          647448 kB
MemAvailable:    1489476 kB
Buffers:           89328 kB
Cached:           776652 kB
MemTotal:        1844596 kB
MemFree:          647320 kB
MemAvailable:    1489348 kB
Buffers:           89328 kB
Cached:           776652 kB
MemTotal:        1844596 kB
MemFree:          647572 kB
MemAvailable:    1489600 kB
Buffers:           89328 kB
Cached:           776652 kB
MemTotal:        1844596 kB
MemFree:          646072 kB
MemAvailable:    1488100 kB
Buffers:           89328 kB
Cached:           776652 kB
MemTotal:        1844596 kB
MemFree:          647312 kB
MemAvailable:    1489340 kB
Buffers:           89328 kB
Cached:           776652 kB
MemTotal:        1844596 kB
MemFree:          647116 kB
MemAvailable:    1489144 kB
Buffers:           89328 kB
Cached:           776652 kB
MemTotal:        1844596 kB
MemFree:          644392 kB
MemAvailable:    1486420 kB
Buffers:           89328 kB
Cached:           776652 kB
MemTotal:        1844596 kB
MemFree:          641888 kB
MemAvailable:    1483924 kB
Buffers:           89328 kB
Cached:           776660 kB
MemTotal:        1844596 kB
MemFree:          641160 kB
MemAvailable:    1483196 kB
Buffers:           89328 kB
Cached:           776660 kB
MemTotal:        1844596 kB
MemFree:          639424 kB
MemAvailable:    1481460 kB
Buffers:           89328 kB
Cached:           776660 kB
MemTotal:        1844596 kB
MemFree:          638184 kB
MemAvailable:    1480220 kB
Buffers:           89328 kB
Cached:           776660 kB
MemTotal:        1844596 kB
MemFree:          637876 kB
MemAvailable:    1479912 kB
Buffers:           89328 kB
Cached:           776660 kB
MemTotal:        1844596 kB
MemFree:          638904 kB
MemAvailable:    1480940 kB
Buffers:           89328 kB
Cached:           776660 kB
MemTotal:        1844596 kB
MemFree:          639160 kB
MemAvailable:    1481196 kB
Buffers:           89328 kB
Cached:           776660 kB
MemTotal:        1844596 kB
MemFree:          637532 kB
MemAvailable:    1479568 kB
Buffers:           89328 kB
Cached:           776660 kB
MemTotal:        1844596 kB
MemFree:          638640 kB
MemAvailable:    1480676 kB
Buffers:           89328 kB
Cached:           776660 kB
MemTotal:        1844596 kB
MemFree:          638724 kB
MemAvailable:    1480760 kB
Buffers:           89328 kB
Cached:           776660 kB
MemTotal:        1844596 kB
MemFree:          637428 kB
MemAvailable:    1479464 kB
Buffers:           89328 kB
Cached:           776660 kB
MemTotal:        1844596 kB
MemFree:          638668 kB
MemAvailable:    1480704 kB
Buffers:           89328 kB
Cached:           776660 kB
MemTotal:        1844596 kB
MemFree:          638680 kB
MemAvailable:    1480716 kB
Buffers:           89328 kB
Cached:           776660 kB
MemTotal:        1844596 kB
MemFree:          637416 kB
MemAvailable:    1479452 kB
Buffers:           89328 kB
Cached:           776660 kB
MemTotal:        1844596 kB
MemFree:          638716 kB
MemAvailable:    1480752 kB
Buffers:           89328 kB
Cached:           776660 kB
MemTotal:        1844596 kB
MemFree:          638616 kB
MemAvailable:    1480652 kB
Buffers:           89328 kB
Cached:           776660 kB
MemTotal:        1844596 kB
MemFree:          637392 kB
MemAvailable:    1479428 kB
Buffers:           89328 kB
Cached:           776660 kB
MemTotal:        1844596 kB
MemFree:          638740 kB
MemAvailable:    1480776 kB
Buffers:           89328 kB
Cached:           776660 kB
MemTotal:        1844596 kB
MemFree:          638692 kB
MemAvailable:    1480728 kB
Buffers:           89328 kB
Cached:           776660 kB
MemTotal:        1844596 kB
MemFree:          637508 kB
MemAvailable:    1479544 kB
Buffers:           89328 kB
Cached:           776660 kB
MemTotal:        1844596 kB
MemFree:          637552 kB
MemAvailable:    1479588 kB
Buffers:           89328 kB
Cached:           776660 kB
MemTotal:        1844596 kB
MemFree:          637420 kB
MemAvailable:    1479456 kB
Buffers:           89328 kB
Cached:           776660 kB
MemTotal:        1844596 kB
MemFree:          638680 kB
MemAvailable:    1480716 kB
Buffers:           89328 kB
Cached:           776660 kB
MemTotal:        1844596 kB
MemFree:          638732 kB
MemAvailable:    1480768 kB
Buffers:           89328 kB
Cached:           776660 kB
MemTotal:        1844596 kB
MemFree:          637244 kB
MemAvailable:    1479280 kB
Buffers:           89328 kB
Cached:           776660 kB
MemTotal:        1844596 kB
MemFree:          638616 kB
MemAvailable:    1480652 kB
Buffers:           89328 kB
Cached:           776660 kB
MemTotal:        1844596 kB
MemFree:          637944 kB
MemAvailable:    1479980 kB
Buffers:           89328 kB
Cached:           776660 kB
MemTotal:        1844596 kB
MemFree:          638548 kB
MemAvailable:    1480584 kB
Buffers:           89328 kB
Cached:           776660 kB
MemTotal:        1844596 kB
MemFree:          637316 kB
MemAvailable:    1479352 kB
Buffers:           89328 kB
Cached:           776660 kB
MemTotal:        1844596 kB
MemFree:          637392 kB
MemAvailable:    1479428 kB
Buffers:           89328 kB
Cached:           776660 kB
MemTotal:        1844596 kB
MemFree:          638672 kB
MemAvailable:    1480708 kB
Buffers:           89328 kB
Cached:           776660 kB
MemTotal:        1844596 kB
MemFree:          638884 kB
MemAvailable:    1480920 kB
Buffers:           89328 kB
Cached:           776660 kB
MemTotal:        1844596 kB
MemFree:          637424 kB
MemAvailable:    1479460 kB
Buffers:           89328 kB
Cached:           776660 kB
MemTotal:        1844596 kB
MemFree:          637516 kB
MemAvailable:    1479552 kB
Buffers:           89328 kB
Cached:           776660 kB
MemTotal:        1844596 kB
MemFree:          638620 kB
MemAvailable:    1480656 kB
Buffers:           89328 kB
Cached:           776660 kB
MemTotal:        1844596 kB
MemFree:          638564 kB
MemAvailable:    1480600 kB
Buffers:           89328 kB
Cached:           776660 kB
MemTotal:        1844596 kB
MemFree:          638632 kB
MemAvailable:    1480668 kB
Buffers:           89328 kB
Cached:           776660 kB
MemTotal:        1844596 kB
MemFree:          638752 kB
MemAvailable:    1480788 kB
Buffers:           89328 kB
Cached:           776660 kB
MemTotal:        1844596 kB
MemFree:          637688 kB
MemAvailable:    1479724 kB
Buffers:           89328 kB
Cached:           776660 kB
MemTotal:        1844596 kB
MemFree:          631480 kB
MemAvailable:    1473516 kB
Buffers:           89328 kB
Cached:           776660 kB
MemTotal:        1844596 kB
MemFree:          631000 kB
MemAvailable:    1473036 kB
Buffers:           89328 kB
Cached:           776660 kB
MemTotal:        1844596 kB
MemFree:          628200 kB
MemAvailable:    1470236 kB
Buffers:           89328 kB
Cached:           776660 kB
MemTotal:        1844596 kB
MemFree:          627744 kB
MemAvailable:    1469780 kB
Buffers:           89328 kB
Cached:           776660 kB
MemTotal:        1844596 kB
MemFree:          627768 kB
MemAvailable:    1469804 kB
Buffers:           89328 kB
Cached:           776660 kB
MemTotal:        1844596 kB
MemFree:          626720 kB
MemAvailable:    1468756 kB
Buffers:           89328 kB
Cached:           776660 kB
MemTotal:        1844596 kB
MemFree:          626596 kB
MemAvailable:    1468632 kB
Buffers:           89328 kB
Cached:           776660 kB
MemTotal:        1844596 kB
MemFree:          627892 kB
MemAvailable:    1469928 kB
Buffers:           89328 kB
Cached:           776660 kB
MemTotal:        1844596 kB
MemFree:          627156 kB
MemAvailable:    1469192 kB
Buffers:           89328 kB
Cached:           776660 kB
MemTotal:        1844596 kB
MemFree:          627720 kB
MemAvailable:    1469760 kB
Buffers:           89328 kB
Cached:           776664 kB
MemTotal:        1844596 kB
MemFree:          627976 kB
MemAvailable:    1470016 kB
Buffers:           89328 kB
Cached:           776664 kB
MemTotal:        1844596 kB
MemFree:          628080 kB
MemAvailable:    1470120 kB
Buffers:           89328 kB
Cached:           776664 kB
MemTotal:        1844596 kB
MemFree:          627752 kB
MemAvailable:    1469792 kB
Buffers:           89328 kB
Cached:           776664 kB
MemTotal:        1844596 kB
MemFree:          627396 kB
MemAvailable:    1469436 kB
Buffers:           89328 kB
Cached:           776664 kB
MemTotal:        1844596 kB
MemFree:          626472 kB
MemAvailable:    1468512 kB
Buffers:           89328 kB
Cached:           776664 kB
MemTotal:        1844596 kB
MemFree:          626596 kB
MemAvailable:    1468636 kB
Buffers:           89328 kB
Cached:           776664 kB
MemTotal:        1844596 kB
MemFree:          627896 kB
MemAvailable:    1469936 kB
Buffers:           89328 kB
Cached:           776664 kB
MemTotal:        1844596 kB
MemFree:          627824 kB
MemAvailable:    1469864 kB
Buffers:           89328 kB
Cached:           776664 kB
MemTotal:        1844596 kB
MemFree:          627528 kB
MemAvailable:    1469568 kB
Buffers:           89328 kB
Cached:           776664 kB
MemTotal:        1844596 kB
MemFree:          626480 kB
MemAvailable:    1468520 kB
Buffers:           89328 kB
Cached:           776664 kB
MemTotal:        1844596 kB
MemFree:          626480 kB
MemAvailable:    1468520 kB
Buffers:           89328 kB
Cached:           776664 kB
MemTotal:        1844596 kB
MemFree:          626900 kB
MemAvailable:    1468940 kB
Buffers:           89328 kB
Cached:           776664 kB
MemTotal:        1844596 kB
MemFree:          626516 kB
MemAvailable:    1468556 kB
Buffers:           89328 kB
Cached:           776664 kB
MemTotal:        1844596 kB
MemFree:          626516 kB
MemAvailable:    1468556 kB
Buffers:           89328 kB
Cached:           776664 kB
MemTotal:        1844596 kB
MemFree:          626888 kB
MemAvailable:    1468928 kB
Buffers:           89328 kB
Cached:           776664 kB
MemTotal:        1844596 kB
MemFree:          626640 kB
MemAvailable:    1468680 kB
Buffers:           89328 kB
Cached:           776664 kB
MemTotal:        1844596 kB
MemFree:          626508 kB
MemAvailable:    1468548 kB
Buffers:           89328 kB
Cached:           776664 kB
MemTotal:        1844596 kB
MemFree:          627940 kB
MemAvailable:    1469980 kB
Buffers:           89328 kB
Cached:           776664 kB
MemTotal:        1844596 kB
MemFree:          627864 kB
MemAvailable:    1469904 kB
Buffers:           89328 kB
Cached:           776664 kB
MemTotal:        1844596 kB
MemFree:          627520 kB
MemAvailable:    1469560 kB
Buffers:           89328 kB
Cached:           776664 kB
MemTotal:        1844596 kB
MemFree:          626472 kB
MemAvailable:    1468512 kB
Buffers:           89328 kB
Cached:           776664 kB
MemTotal:        1844596 kB
MemFree:          627764 kB
MemAvailable:    1469804 kB
Buffers:           89328 kB
Cached:           776664 kB
MemTotal:        1844596 kB
MemFree:          626464 kB
MemAvailable:    1468504 kB
Buffers:           89328 kB
Cached:           776664 kB
MemTotal:        1844596 kB
MemFree:          627684 kB
MemAvailable:    1469724 kB
Buffers:           89328 kB
Cached:           776664 kB
MemTotal:        1844596 kB
MemFree:          627512 kB
MemAvailable:    1469552 kB
Buffers:           89328 kB
Cached:           776664 kB
MemTotal:        1844596 kB
MemFree:          626528 kB
MemAvailable:    1468572 kB
Buffers:           89328 kB
Cached:           776668 kB
MemTotal:        1844596 kB
MemFree:          626528 kB
MemAvailable:    1468572 kB
Buffers:           89328 kB
Cached:           776668 kB
MemTotal:        1844596 kB
MemFree:          627804 kB
MemAvailable:    1469848 kB
Buffers:           89328 kB
Cached:           776668 kB
MemTotal:        1844596 kB
MemFree:          627804 kB
MemAvailable:    1469848 kB
Buffers:           89328 kB
Cached:           776668 kB
MemTotal:        1844596 kB
MemFree:          627704 kB
MemAvailable:    1469748 kB
Buffers:           89328 kB
Cached:           776668 kB
MemTotal:        1844596 kB
MemFree:          627712 kB
MemAvailable:    1469756 kB
Buffers:           89328 kB
Cached:           776668 kB
MemTotal:        1844596 kB
MemFree:          627712 kB
MemAvailable:    1469756 kB
Buffers:           89328 kB
Cached:           776668 kB
MemTotal:        1844596 kB
MemFree:          626504 kB
MemAvailable:    1468548 kB
Buffers:           89328 kB
Cached:           776668 kB
MemTotal:        1844596 kB
MemFree:          627768 kB
MemAvailable:    1469812 kB
Buffers:           89328 kB
Cached:           776668 kB
MemTotal:        1844596 kB
MemFree:          627024 kB
MemAvailable:    1469068 kB
Buffers:           89328 kB
Cached:           776668 kB
MemTotal:        1844596 kB
MemFree:          627708 kB
MemAvailable:    1469752 kB
Buffers:           89328 kB
Cached:           776668 kB
MemTotal:        1844596 kB
MemFree:          627528 kB
MemAvailable:    1469572 kB
Buffers:           89328 kB
Cached:           776668 kB
MemTotal:        1844596 kB
MemFree:          626396 kB
MemAvailable:    1468440 kB
Buffers:           89328 kB
Cached:           776668 kB
MemTotal:        1844596 kB
MemFree:          627752 kB
MemAvailable:    1469796 kB
Buffers:           89328 kB
Cached:           776668 kB
MemTotal:        1844596 kB
MemFree:          627836 kB
MemAvailable:    1469880 kB
Buffers:           89328 kB
Cached:           776668 kB
MemTotal:        1844596 kB
MemFree:          626340 kB
MemAvailable:    1468384 kB
Buffers:           89328 kB
Cached:           776668 kB
MemTotal:        1844596 kB
MemFree:          626280 kB
MemAvailable:    1468324 kB
Buffers:           89328 kB
Cached:           776668 kB
MemTotal:        1844596 kB
MemFree:          627024 kB
MemAvailable:    1469068 kB
Buffers:           89328 kB
Cached:           776668 kB
MemTotal:        1844596 kB
MemFree:          625916 kB
MemAvailable:    1467960 kB
Buffers:           89328 kB
Cached:           776668 kB
MemTotal:        1844596 kB
MemFree:          626644 kB
MemAvailable:    1468688 kB
Buffers:           89328 kB
Cached:           776668 kB
MemTotal:        1844596 kB
MemFree:          626980 kB
MemAvailable:    1469024 kB
Buffers:           89328 kB
Cached:           776668 kB
MemTotal:        1844596 kB
MemFree:          626596 kB
MemAvailable:    1468640 kB
Buffers:           89328 kB
Cached:           776668 kB
MemTotal:        1844596 kB
MemFree:          626660 kB
MemAvailable:    1468704 kB
Buffers:           89328 kB
Cached:           776668 kB
MemTotal:        1844596 kB
MemFree:          626480 kB
MemAvailable:    1468524 kB
Buffers:           89328 kB
Cached:           776668 kB
MemTotal:        1844596 kB
MemFree:          626788 kB
MemAvailable:    1468832 kB
Buffers:           89328 kB
Cached:           776668 kB
MemTotal:        1844596 kB
MemFree:          625980 kB
MemAvailable:    1468024 kB
Buffers:           89328 kB
Cached:           776668 kB
MemTotal:        1844596 kB
MemFree:          626460 kB
MemAvailable:    1468504 kB
Buffers:           89328 kB
Cached:           776668 kB
MemTotal:        1844596 kB
MemFree:          626320 kB
MemAvailable:    1468364 kB
Buffers:           89328 kB
Cached:           776668 kB
MemTotal:        1844596 kB
MemFree:          626488 kB
MemAvailable:    1468532 kB
Buffers:           89328 kB
Cached:           776668 kB
MemTotal:        1844596 kB
MemFree:          626140 kB
MemAvailable:    1468184 kB
Buffers:           89328 kB
Cached:           776668 kB
MemTotal:        1844596 kB
MemFree:          626320 kB
MemAvailable:    1468364 kB
Buffers:           89328 kB
Cached:           776668 kB
MemTotal:        1844596 kB
MemFree:          624972 kB
MemAvailable:    1467016 kB
Buffers:           89328 kB
Cached:           776668 kB
MemTotal:        1844596 kB
MemFree:          626176 kB
MemAvailable:    1468220 kB
Buffers:           89328 kB
Cached:           776668 kB
MemTotal:        1844596 kB
MemFree:          625420 kB
MemAvailable:    1467464 kB
Buffers:           89328 kB
Cached:           776668 kB
MemTotal:        1844596 kB
MemFree:          625976 kB
MemAvailable:    1468024 kB
Buffers:           89328 kB
Cached:           776672 kB
MemTotal:        1844596 kB
MemFree:          626312 kB
MemAvailable:    1468360 kB
Buffers:           89328 kB
Cached:           776672 kB
MemTotal:        1844596 kB
MemFree:          624992 kB
MemAvailable:    1467040 kB
Buffers:           89328 kB
Cached:           776672 kB
MemTotal:        1844596 kB
MemFree:          626280 kB
MemAvailable:    1468328 kB
Buffers:           89328 kB
Cached:           776672 kB
MemTotal:        1844596 kB
MemFree:          626476 kB
MemAvailable:    1468524 kB
Buffers:           89328 kB
Cached:           776672 kB
MemTotal:        1844596 kB
MemFree:          624740 kB
MemAvailable:    1466788 kB
Buffers:           89328 kB
Cached:           776672 kB
MemTotal:        1844596 kB
MemFree:          624900 kB
MemAvailable:    1466948 kB
Buffers:           89328 kB
Cached:           776672 kB
MemTotal:        1844596 kB
MemFree:          624900 kB
MemAvailable:    1466948 kB
Buffers:           89328 kB
Cached:           776672 kB
MemTotal:        1844596 kB
MemFree:          625876 kB
MemAvailable:    1467924 kB
Buffers:           89328 kB
Cached:           776672 kB
MemTotal:        1844596 kB
MemFree:          626128 kB
MemAvailable:    1468176 kB
Buffers:           89328 kB
Cached:           776672 kB
MemTotal:        1844596 kB
MemFree:          621320 kB
MemAvailable:    1463368 kB
Buffers:           89328 kB
Cached:           776672 kB
MemTotal:        1844596 kB
MemFree:          617228 kB
MemAvailable:    1459276 kB
Buffers:           89328 kB
Cached:           776672 kB
MemTotal:        1844596 kB
MemFree:          615244 kB
MemAvailable:    1457292 kB
Buffers:           89328 kB
Cached:           776672 kB
MemTotal:        1844596 kB
MemFree:          614732 kB
MemAvailable:    1456780 kB
Buffers:           89328 kB
Cached:           776672 kB
MemTotal:        1844596 kB
MemFree:          614816 kB
MemAvailable:    1456864 kB
Buffers:           89328 kB
Cached:           776672 kB
MemTotal:        1844596 kB
MemFree:          613452 kB
MemAvailable:    1455500 kB
Buffers:           89328 kB
Cached:           776672 kB
MemTotal:        1844596 kB
MemFree:          614552 kB
MemAvailable:    1456600 kB
Buffers:           89328 kB
Cached:           776672 kB
MemTotal:        1844596 kB
MemFree:          614360 kB
MemAvailable:    1456408 kB
Buffers:           89328 kB
Cached:           776672 kB
MemTotal:        1844596 kB
MemFree:          614236 kB
MemAvailable:    1456284 kB
Buffers:           89328 kB
Cached:           776672 kB
MemTotal:        1844596 kB
MemFree:          613128 kB
MemAvailable:    1455176 kB
Buffers:           89328 kB
Cached:           776672 kB
MemTotal:        1844596 kB
MemFree:          612896 kB
MemAvailable:    1454944 kB
Buffers:           89328 kB
Cached:           776672 kB
MemTotal:        1844596 kB
MemFree:          612816 kB
MemAvailable:    1454864 kB
Buffers:           89328 kB
Cached:           776672 kB
MemTotal:        1844596 kB
MemFree:          612080 kB
MemAvailable:    1454128 kB
Buffers:           89328 kB
Cached:           776672 kB
MemTotal:        1844596 kB
MemFree:          610664 kB
MemAvailable:    1452712 kB
Buffers:           89328 kB
Cached:           776672 kB
MemTotal:        1844596 kB
MemFree:          611128 kB
MemAvailable:    1453176 kB
Buffers:           89328 kB
Cached:           776672 kB
MemTotal:        1844596 kB
MemFree:          611028 kB
MemAvailable:    1453076 kB
Buffers:           89328 kB
Cached:           776672 kB
MemTotal:        1844596 kB
MemFree:          611068 kB
MemAvailable:    1453116 kB
Buffers:           89328 kB
Cached:           776672 kB
MemTotal:        1844596 kB
MemFree:          611004 kB
MemAvailable:    1453052 kB
Buffers:           89328 kB
Cached:           776672 kB
MemTotal:        1844596 kB
MemFree:          611256 kB
MemAvailable:    1453304 kB
Buffers:           89328 kB
Cached:           776672 kB
MemTotal:        1844596 kB
MemFree:          609740 kB
MemAvailable:    1451788 kB
Buffers:           89328 kB
Cached:           776672 kB
MemTotal:        1844596 kB
MemFree:          611020 kB
MemAvailable:    1453068 kB
Buffers:           89328 kB
Cached:           776672 kB
MemTotal:        1844596 kB
MemFree:          611272 kB
MemAvailable:    1453320 kB
Buffers:           89328 kB
Cached:           776672 kB
MemTotal:        1844596 kB
MemFree:          609656 kB
MemAvailable:    1451704 kB
Buffers:           89328 kB
Cached:           776672 kB
MemTotal:        1844596 kB
MemFree:          609904 kB
MemAvailable:    1451952 kB
Buffers:           89328 kB
Cached:           776672 kB
MemTotal:        1844596 kB
MemFree:          610964 kB
MemAvailable:    1453012 kB
Buffers:           89328 kB
Cached:           776672 kB
MemTotal:        1844596 kB
MemFree:          609604 kB
MemAvailable:    1451652 kB
Buffers:           89328 kB
Cached:           776672 kB
MemTotal:        1844596 kB
MemFree:          611008 kB
MemAvailable:    1453056 kB
Buffers:           89328 kB
Cached:           776672 kB
MemTotal:        1844596 kB
MemFree:          610284 kB
MemAvailable:    1452332 kB
Buffers:           89328 kB
Cached:           776672 kB
MemTotal:        1844596 kB
MemFree:          609292 kB
MemAvailable:    1451340 kB
Buffers:           89328 kB
Cached:           776672 kB
MemTotal:        1844596 kB
MemFree:          610648 kB
MemAvailable:    1452696 kB
Buffers:           89328 kB
Cached:           776672 kB
MemTotal:        1844596 kB
MemFree:          609284 kB
MemAvailable:    1451336 kB
Buffers:           89328 kB
Cached:           776676 kB
MemTotal:        1844596 kB
MemFree:          609052 kB
MemAvailable:    1451104 kB
Buffers:           89328 kB
Cached:           776676 kB
MemTotal:        1844596 kB
MemFree:          607672 kB
MemAvailable:    1449728 kB
Buffers:           89328 kB
Cached:           776680 kB
MemTotal:        1844596 kB
MemFree:          607796 kB
MemAvailable:    1449852 kB
Buffers:           89328 kB
Cached:           776680 kB
MemTotal:        1844596 kB
MemFree:          608408 kB
MemAvailable:    1450464 kB
Buffers:           89328 kB
Cached:           776680 kB
MemTotal:        1844596 kB
MemFree:          608408 kB
MemAvailable:    1450464 kB
Buffers:           89328 kB
Cached:           776680 kB
MemTotal:        1844596 kB
MemFree:          607048 kB
MemAvailable:    1449104 kB
Buffers:           89328 kB
Cached:           776680 kB
MemTotal:        1844596 kB
MemFree:          608096 kB
MemAvailable:    1450152 kB
Buffers:           89328 kB
Cached:           776680 kB
MemTotal:        1844596 kB
MemFree:          606812 kB
MemAvailable:    1448868 kB
Buffers:           89328 kB
Cached:           776680 kB
MemTotal:        1844596 kB
MemFree:          607556 kB
MemAvailable:    1449612 kB
Buffers:           89328 kB
Cached:           776680 kB
MemTotal:        1844596 kB
MemFree:          606268 kB
MemAvailable:    1448324 kB
Buffers:           89328 kB
Cached:           776680 kB
MemTotal:        1844596 kB
MemFree:          607308 kB
MemAvailable:    1449364 kB
Buffers:           89328 kB
Cached:           776680 kB
MemTotal:        1844596 kB
MemFree:          606068 kB
MemAvailable:    1448124 kB
Buffers:           89328 kB
Cached:           776680 kB
MemTotal:        1844596 kB
MemFree:          606744 kB
MemAvailable:    1448800 kB
Buffers:           89328 kB
Cached:           776680 kB
MemTotal:        1844596 kB
MemFree:          607080 kB
MemAvailable:    1449136 kB
Buffers:           89328 kB
Cached:           776680 kB
MemTotal:        1844596 kB
MemFree:          607108 kB
MemAvailable:    1449164 kB
Buffers:           89328 kB
Cached:           776680 kB
MemTotal:        1844596 kB
MemFree:          605540 kB
MemAvailable:    1447596 kB
Buffers:           89328 kB
Cached:           776680 kB
MemTotal:        1844596 kB
MemFree:          606932 kB
MemAvailable:    1448988 kB
Buffers:           89328 kB
Cached:           776680 kB
MemTotal:        1844596 kB
MemFree:          605792 kB
MemAvailable:    1447848 kB
Buffers:           89328 kB
Cached:           776680 kB
MemTotal:        1844596 kB
MemFree:          606848 kB
MemAvailable:    1448904 kB
Buffers:           89328 kB
Cached:           776680 kB
MemTotal:        1844596 kB
MemFree:          607016 kB
MemAvailable:    1449072 kB
Buffers:           89328 kB
Cached:           776680 kB
MemTotal:        1844596 kB
MemFree:          606924 kB
MemAvailable:    1448980 kB
Buffers:           89328 kB
Cached:           776680 kB
MemTotal:        1844596 kB
MemFree:          606852 kB
MemAvailable:    1448908 kB
Buffers:           89328 kB
Cached:           776680 kB
MemTotal:        1844596 kB
MemFree:          605820 kB
MemAvailable:    1447876 kB
Buffers:           89328 kB
Cached:           776680 kB
MemTotal:        1844596 kB
MemFree:          607060 kB
MemAvailable:    1449116 kB
Buffers:           89328 kB
Cached:           776680 kB
MemTotal:        1844596 kB
MemFree:          605820 kB
MemAvailable:    1447876 kB
Buffers:           89328 kB
Cached:           776680 kB
MemTotal:        1844596 kB
MemFree:          606632 kB
MemAvailable:    1448688 kB
Buffers:           89328 kB
Cached:           776680 kB
MemTotal:        1844596 kB
MemFree:          606632 kB
MemAvailable:    1448688 kB
Buffers:           89328 kB
Cached:           776680 kB
MemTotal:        1844596 kB
MemFree:          606572 kB
MemAvailable:    1448628 kB
Buffers:           89328 kB
Cached:           776680 kB
MemTotal:        1844596 kB
MemFree:          605396 kB
MemAvailable:    1447452 kB
Buffers:           89328 kB
Cached:           776680 kB
MemTotal:        1844596 kB
MemFree:          606672 kB
MemAvailable:    1448728 kB
Buffers:           89328 kB
Cached:           776680 kB
MemTotal:        1844596 kB
MemFree:          606672 kB
MemAvailable:    1448728 kB
Buffers:           89328 kB
Cached:           776680 kB
MemTotal:        1844596 kB
MemFree:          606640 kB
MemAvailable:    1448696 kB
Buffers:           89328 kB
Cached:           776680 kB
MemTotal:        1844596 kB
MemFree:          606864 kB
MemAvailable:    1448920 kB
Buffers:           89328 kB
Cached:           776680 kB
MemTotal:        1844596 kB
MemFree:          605548 kB
MemAvailable:    1447604 kB
Buffers:           89328 kB
Cached:           776680 kB
MemTotal:        1844596 kB
MemFree:          605508 kB
MemAvailable:    1447564 kB
Buffers:           89328 kB
Cached:           776680 kB
MemTotal:        1844596 kB
MemFree:          605244 kB
MemAvailable:    1447300 kB
Buffers:           89328 kB
Cached:           776680 kB
MemTotal:        1844596 kB
MemFree:          605252 kB
MemAvailable:    1447308 kB
Buffers:           89328 kB
Cached:           776680 kB
MemTotal:        1844596 kB
MemFree:          605432 kB
MemAvailable:    1447488 kB
Buffers:           89328 kB
Cached:           776680 kB
MemTotal:        1844596 kB
MemFree:          605768 kB
MemAvailable:    1447824 kB
Buffers:           89328 kB
Cached:           776680 kB
MemTotal:        1844596 kB
MemFree:          604200 kB
MemAvailable:    1446256 kB
Buffers:           89328 kB
Cached:           776680 kB
MemTotal:        1844596 kB
MemFree:          605200 kB
MemAvailable:    1447256 kB
Buffers:           89328 kB
Cached:           776680 kB
MemTotal:        1844596 kB
MemFree:          603448 kB
MemAvailable:    1445504 kB
Buffers:           89328 kB
Cached:           776680 kB
MemTotal:        1844596 kB
MemFree:          603532 kB
MemAvailable:    1445588 kB
Buffers:           89328 kB
Cached:           776680 kB
MemTotal:        1844596 kB
MemFree:          601540 kB
MemAvailable:    1443596 kB
Buffers:           89328 kB
Cached:           776680 kB
MemTotal:        1844596 kB
MemFree:          598812 kB
MemAvailable:    1440868 kB
Buffers:           89328 kB
Cached:           776680 kB
MemTotal:        1844596 kB
MemFree:          596652 kB
MemAvailable:    1438708 kB
Buffers:           89328 kB
Cached:           776680 kB
MemTotal:        1844596 kB
MemFree:          593536 kB
MemAvailable:    1435592 kB
Buffers:           89328 kB
Cached:           776680 kB
MemTotal:        1844596 kB
MemFree:          591496 kB
MemAvailable:    1433552 kB
Buffers:           89328 kB
Cached:           776680 kB
MemTotal:        1844596 kB
MemFree:          588204 kB
MemAvailable:    1430260 kB
Buffers:           89328 kB
Cached:           776680 kB
MemTotal:        1844596 kB
MemFree:          588344 kB
MemAvailable:    1430400 kB
Buffers:           89328 kB
Cached:           776680 kB
MemTotal:        1844596 kB
MemFree:          588204 kB
MemAvailable:    1430260 kB
Buffers:           89328 kB
Cached:           776680 kB
MemTotal:        1844596 kB
MemFree:          588456 kB
MemAvailable:    1430512 kB
Buffers:           89328 kB
Cached:           776680 kB
MemTotal:        1844596 kB
MemFree:          586832 kB
MemAvailable:    1428888 kB
Buffers:           89328 kB
Cached:           776680 kB
MemTotal:        1844596 kB
MemFree:          588140 kB
MemAvailable:    1430196 kB
Buffers:           89328 kB
Cached:           776680 kB
MemTotal:        1844596 kB
MemFree:          586916 kB
MemAvailable:    1428972 kB
Buffers:           89328 kB
Cached:           776680 kB
MemTotal:        1844596 kB
MemFree:          588260 kB
MemAvailable:    1430316 kB
Buffers:           89328 kB
Cached:           776680 kB
MemTotal:        1844596 kB
MemFree:          586916 kB
MemAvailable:    1428972 kB
Buffers:           89328 kB
Cached:           776680 kB
MemTotal:        1844596 kB
MemFree:          588024 kB
MemAvailable:    1430080 kB
Buffers:           89328 kB
Cached:           776680 kB
MemTotal:        1844596 kB
MemFree:          588096 kB
MemAvailable:    1430152 kB
Buffers:           89328 kB
Cached:           776680 kB
MemTotal:        1844596 kB
MemFree:          586668 kB
MemAvailable:    1428724 kB
Buffers:           89328 kB
Cached:           776680 kB
MemTotal:        1844596 kB
MemFree:          586848 kB
MemAvailable:    1428904 kB
Buffers:           89328 kB
Cached:           776680 kB
MemTotal:        1844596 kB
MemFree:          586964 kB
MemAvailable:    1429020 kB
Buffers:           89328 kB
Cached:           776680 kB
MemTotal:        1844596 kB
MemFree:          586352 kB
MemAvailable:    1428408 kB
Buffers:           89328 kB
Cached:           776680 kB
MemTotal:        1844596 kB
MemFree:          585964 kB
MemAvailable:    1428020 kB
Buffers:           89328 kB
Cached:           776680 kB
MemTotal:        1844596 kB
MemFree:          586344 kB
MemAvailable:    1428400 kB
Buffers:           89328 kB
Cached:           776680 kB
MemTotal:        1844596 kB
MemFree:          586096 kB
MemAvailable:    1428152 kB
Buffers:           89328 kB
Cached:           776680 kB
MemTotal:        1844596 kB
MemFree:          587396 kB
MemAvailable:    1429452 kB
Buffers:           89328 kB
Cached:           776680 kB
MemTotal:        1844596 kB
MemFree:          587264 kB
MemAvailable:    1429320 kB
Buffers:           89328 kB
Cached:           776680 kB
MemTotal:        1844596 kB
MemFree:          586096 kB
MemAvailable:    1428152 kB
Buffers:           89328 kB
Cached:           776680 kB
MemTotal:        1844596 kB
MemFree:          585808 kB
MemAvailable:    1427868 kB
Buffers:           89328 kB
Cached:           776684 kB
MemTotal:        1844596 kB
MemFree:          585808 kB
MemAvailable:    1427868 kB
Buffers:           89328 kB
Cached:           776684 kB
MemTotal:        1844596 kB
MemFree:          586956 kB
MemAvailable:    1429016 kB
Buffers:           89328 kB
Cached:           776684 kB
MemTotal:        1844596 kB
MemFree:          587208 kB
MemAvailable:    1429268 kB
Buffers:           89328 kB
Cached:           776684 kB
MemTotal:        1844596 kB
MemFree:          585844 kB
MemAvailable:    1427904 kB
Buffers:           89328 kB
Cached:           776684 kB
MemTotal:        1844596 kB
MemFree:          587148 kB
MemAvailable:    1429212 kB
Buffers:           89328 kB
Cached:           776688 kB
MemTotal:        1844596 kB
MemFree:          586352 kB
MemAvailable:    1428416 kB
Buffers:           89328 kB
Cached:           776688 kB
MemTotal:        1844596 kB
MemFree:          587028 kB
MemAvailable:    1429092 kB
Buffers:           89328 kB
Cached:           776688 kB
MemTotal:        1844596 kB
MemFree:          587096 kB
MemAvailable:    1429160 kB
Buffers:           89328 kB
Cached:           776688 kB
MemTotal:        1844596 kB
MemFree:          586900 kB
MemAvailable:    1428964 kB
Buffers:           89328 kB
Cached:           776688 kB
MemTotal:        1844596 kB
MemFree:          587152 kB
MemAvailable:    1429216 kB
Buffers:           89328 kB
Cached:           776688 kB
MemTotal:        1844596 kB
MemFree:          587196 kB
MemAvailable:    1429260 kB
Buffers:           89328 kB
Cached:           776688 kB
MemTotal:        1844596 kB
MemFree:          587092 kB
MemAvailable:    1429156 kB
Buffers:           89328 kB
Cached:           776688 kB
MemTotal:        1844596 kB
MemFree:          585732 kB
MemAvailable:    1427796 kB
Buffers:           89328 kB
Cached:           776688 kB
MemTotal:        1844596 kB
MemFree:          583740 kB
MemAvailable:    1425804 kB
Buffers:           89328 kB
Cached:           776688 kB
MemTotal:        1844596 kB
MemFree:          578408 kB
MemAvailable:    1420472 kB
Buffers:           89328 kB
Cached:           776688 kB
MemTotal:        1844596 kB
MemFree:          575936 kB
MemAvailable:    1418000 kB
Buffers:           89328 kB
Cached:           776688 kB
MemTotal:        1844596 kB
MemFree:          572092 kB
MemAvailable:    1414156 kB
Buffers:           89328 kB
Cached:           776688 kB
MemTotal:        1844596 kB
MemFree:          569860 kB
MemAvailable:    1411924 kB
Buffers:           89328 kB
Cached:           776688 kB
MemTotal:        1844596 kB
MemFree:          568000 kB
MemAvailable:    1410064 kB
Buffers:           89328 kB
Cached:           776688 kB
MemTotal:        1844596 kB
MemFree:          569240 kB
MemAvailable:    1411304 kB
Buffers:           89328 kB
Cached:           776688 kB
MemTotal:        1844596 kB
MemFree:          568132 kB
MemAvailable:    1410196 kB
Buffers:           89328 kB
Cached:           776688 kB
MemTotal:        1844596 kB
MemFree:          567628 kB
MemAvailable:    1409692 kB
Buffers:           89328 kB
Cached:           776688 kB
MemTotal:        1844596 kB
MemFree:          567712 kB
MemAvailable:    1409776 kB
Buffers:           89328 kB
Cached:           776688 kB
MemTotal:        1844596 kB
MemFree:          568868 kB
MemAvailable:    1410932 kB
Buffers:           89328 kB
Cached:           776688 kB
MemTotal:        1844596 kB
MemFree:          568000 kB
MemAvailable:    1410064 kB
Buffers:           89328 kB
Cached:           776688 kB
MemTotal:        1844596 kB
MemFree:          568676 kB
MemAvailable:    1410740 kB
Buffers:           89328 kB
Cached:           776688 kB
MemTotal:        1844596 kB
MemFree:          569012 kB
MemAvailable:    1411076 kB
Buffers:           89328 kB
Cached:           776688 kB
MemTotal:        1844596 kB
MemFree:          568852 kB
MemAvailable:    1410916 kB
Buffers:           89328 kB
Cached:           776688 kB
MemTotal:        1844596 kB
MemFree:          568740 kB
MemAvailable:    1410804 kB
Buffers:           89328 kB
Cached:           776688 kB
MemTotal:        1844596 kB
MemFree:          568772 kB
MemAvailable:    1410836 kB
Buffers:           89328 kB
Cached:           776688 kB
MemTotal:        1844596 kB
MemFree:          568944 kB
MemAvailable:    1411008 kB
Buffers:           89328 kB
Cached:           776688 kB
MemTotal:        1844596 kB
MemFree:          568740 kB
MemAvailable:    1410804 kB
Buffers:           89328 kB
Cached:           776688 kB
MemTotal:        1844596 kB
MemFree:          569036 kB
MemAvailable:    1411100 kB
Buffers:           89328 kB
Cached:           776688 kB
MemTotal:        1844596 kB
MemFree:          568124 kB
MemAvailable:    1410188 kB
Buffers:           89328 kB
Cached:           776688 kB
MemTotal:        1844596 kB
MemFree:          568688 kB
MemAvailable:    1410752 kB
Buffers:           89328 kB
Cached:           776688 kB
MemTotal:        1844596 kB
MemFree:          568940 kB
MemAvailable:    1411004 kB
Buffers:           89328 kB
Cached:           776688 kB
MemTotal:        1844596 kB
MemFree:          568744 kB
MemAvailable:    1410808 kB
Buffers:           89328 kB
Cached:           776688 kB
MemTotal:        1844596 kB
MemFree:          568664 kB
MemAvailable:    1410728 kB
Buffers:           89328 kB
Cached:           776688 kB
MemTotal:        1844596 kB
MemFree:          568744 kB
MemAvailable:    1410808 kB
Buffers:           89328 kB
Cached:           776688 kB
MemTotal:        1844596 kB
MemFree:          568856 kB
MemAvailable:    1410920 kB
Buffers:           89328 kB
Cached:           776688 kB
MemTotal:        1844596 kB
MemFree:          567736 kB
MemAvailable:    1409800 kB
Buffers:           89328 kB
Cached:           776688 kB
MemTotal:        1844596 kB
MemFree:          568868 kB
MemAvailable:    1410932 kB
Buffers:           89328 kB
Cached:           776688 kB
MemTotal:        1844596 kB
MemFree:          568000 kB
MemAvailable:    1410064 kB
Buffers:           89328 kB
Cached:           776688 kB
MemTotal:        1844596 kB
MemFree:          568592 kB
MemAvailable:    1410656 kB
Buffers:           89328 kB
Cached:           776688 kB
MemTotal:        1844596 kB
MemFree:          568928 kB
MemAvailable:    1410992 kB
Buffers:           89328 kB
Cached:           776688 kB
MemTotal:        1844596 kB
MemFree:          568772 kB
MemAvailable:    1410836 kB
Buffers:           89328 kB
Cached:           776688 kB
MemTotal:        1844596 kB
MemFree:          568944 kB
MemAvailable:    1411008 kB
Buffers:           89328 kB
Cached:           776688 kB
MemTotal:        1844596 kB
MemFree:          567488 kB
MemAvailable:    1409552 kB
Buffers:           89328 kB
Cached:           776688 kB
MemTotal:        1844596 kB
MemFree:          568848 kB
MemAvailable:    1410912 kB
Buffers:           89328 kB
Cached:           776688 kB
MemTotal:        1844596 kB
MemFree:          569000 kB
MemAvailable:    1411064 kB
Buffers:           89328 kB
Cached:           776688 kB
MemTotal:        1844596 kB
MemFree:          567496 kB
MemAvailable:    1409560 kB
Buffers:           89328 kB
Cached:           776688 kB
MemTotal:        1844596 kB
MemFree:          567488 kB
MemAvailable:    1409552 kB
Buffers:           89328 kB
Cached:           776688 kB
MemTotal:        1844596 kB
MemFree:          568796 kB
MemAvailable:    1410860 kB
Buffers:           89328 kB
Cached:           776688 kB
MemTotal:        1844596 kB
MemFree:          569064 kB
MemAvailable:    1411128 kB
Buffers:           89328 kB
Cached:           776688 kB
MemTotal:        1844596 kB
MemFree:          568124 kB
MemAvailable:    1410188 kB
Buffers:           89328 kB
Cached:           776688 kB
MemTotal:        1844596 kB
MemFree:          564016 kB
MemAvailable:    1406084 kB
Buffers:           89328 kB
Cached:           776692 kB
MemTotal:        1844596 kB
MemFree:          563420 kB
MemAvailable:    1405488 kB
Buffers:           89328 kB
Cached:           776692 kB
MemTotal:        1844596 kB
MemFree:          559072 kB
MemAvailable:    1401140 kB
Buffers:           89328 kB
Cached:           776692 kB
MemTotal:        1844596 kB
MemFree:          554484 kB
MemAvailable:    1396552 kB
Buffers:           89328 kB
Cached:           776692 kB
MemTotal:        1844596 kB
MemFree:          552128 kB
MemAvailable:    1394196 kB
Buffers:           89328 kB
Cached:           776692 kB
MemTotal:        1844596 kB
MemFree:          551616 kB
MemAvailable:    1393684 kB
Buffers:           89328 kB
Cached:           776692 kB
MemTotal:        1844596 kB
MemFree:          551384 kB
MemAvailable:    1393452 kB
Buffers:           89328 kB
Cached:           776692 kB
MemTotal:        1844596 kB
MemFree:          550244 kB
MemAvailable:    1392312 kB
Buffers:           89328 kB
Cached:           776692 kB
MemTotal:        1844596 kB
MemFree:          549524 kB
MemAvailable:    1391592 kB
Buffers:           89328 kB
Cached:           776692 kB
MemTotal:        1844596 kB
MemFree:          550860 kB
MemAvailable:    1392928 kB
Buffers:           89328 kB
Cached:           776692 kB
MemTotal:        1844596 kB
MemFree:          549392 kB
MemAvailable:    1391460 kB
Buffers:           89328 kB
Cached:           776692 kB
MemTotal:        1844596 kB
MemFree:          550568 kB
MemAvailable:    1392636 kB
Buffers:           89328 kB
Cached:           776692 kB
MemTotal:        1844596 kB
MemFree:          550492 kB
MemAvailable:    1392560 kB
Buffers:           89328 kB
Cached:           776692 kB
MemTotal:        1844596 kB
MemFree:          550276 kB
MemAvailable:    1392344 kB
Buffers:           89328 kB
Cached:           776692 kB
MemTotal:        1844596 kB
MemFree:          548904 kB
MemAvailable:    1390972 kB
Buffers:           89328 kB
Cached:           776692 kB
MemTotal:        1844596 kB
MemFree:          550144 kB
MemAvailable:    1392212 kB
Buffers:           89328 kB
Cached:           776692 kB
MemTotal:        1844596 kB
MemFree:          548896 kB
MemAvailable:    1390964 kB
Buffers:           89328 kB
Cached:           776692 kB
MemTotal:        1844596 kB
MemFree:          550012 kB
MemAvailable:    1392080 kB
Buffers:           89328 kB
Cached:           776692 kB
MemTotal:        1844596 kB
MemFree:          549836 kB
MemAvailable:    1391904 kB
Buffers:           89328 kB
Cached:           776692 kB
MemTotal:        1844596 kB
MemFree:          549588 kB
MemAvailable:    1391656 kB
Buffers:           89328 kB
Cached:           776692 kB
MemTotal:        1844596 kB
MemFree:          547664 kB
MemAvailable:    1389732 kB
Buffers:           89328 kB
Cached:           776692 kB
MemTotal:        1844596 kB
MemFree:          548188 kB
MemAvailable:    1390264 kB
Buffers:           89328 kB
Cached:           776700 kB
MemTotal:        1844596 kB
MemFree:          546812 kB
MemAvailable:    1388888 kB
Buffers:           89328 kB
Cached:           776700 kB
MemTotal:        1844596 kB
MemFree:          546680 kB
MemAvailable:    1388756 kB
Buffers:           89328 kB
Cached:           776700 kB
MemTotal:        1844596 kB
MemFree:          546300 kB
MemAvailable:    1388376 kB
Buffers:           89328 kB
Cached:           776700 kB
MemTotal:        1844596 kB
MemFree:          546788 kB
MemAvailable:    1388864 kB
Buffers:           89328 kB
Cached:           776700 kB
MemTotal:        1844596 kB
MemFree:          546788 kB
MemAvailable:    1388864 kB
Buffers:           89328 kB
Cached:           776700 kB
MemTotal:        1844596 kB
MemFree:          545740 kB
MemAvailable:    1387816 kB
Buffers:           89328 kB
Cached:           776700 kB
MemTotal:        1844596 kB
MemFree:          545004 kB
MemAvailable:    1387080 kB
Buffers:           89328 kB
Cached:           776700 kB
MemTotal:        1844596 kB
MemFree:          543340 kB
MemAvailable:    1385416 kB
Buffers:           89328 kB
Cached:           776700 kB
MemTotal:        1844596 kB
MemFree:          544228 kB
MemAvailable:    1386304 kB
Buffers:           89328 kB
Cached:           776700 kB
MemTotal:        1844596 kB
MemFree:          544324 kB
MemAvailable:    1386400 kB
Buffers:           89328 kB
Cached:           776700 kB
MemTotal:        1844596 kB
MemFree:          543028 kB
MemAvailable:    1385104 kB
Buffers:           89328 kB
Cached:           776700 kB
MemTotal:        1844596 kB
MemFree:          543028 kB
MemAvailable:    1385104 kB
Buffers:           89328 kB
Cached:           776700 kB
MemTotal:        1844596 kB
MemFree:          544388 kB
MemAvailable:    1386464 kB
Buffers:           89328 kB
Cached:           776700 kB
MemTotal:        1844596 kB
MemFree:          543580 kB
MemAvailable:    1385656 kB
Buffers:           89328 kB
Cached:           776700 kB
MemTotal:        1844596 kB
MemFree:          544264 kB
MemAvailable:    1386340 kB
Buffers:           89328 kB
Cached:           776700 kB
MemTotal:        1844596 kB
MemFree:          544208 kB
MemAvailable:    1386284 kB
Buffers:           89328 kB
Cached:           776700 kB
MemTotal:        1844596 kB
MemFree:          542588 kB
MemAvailable:    1384664 kB
Buffers:           89328 kB
Cached:           776700 kB
MemTotal:        1844596 kB
MemFree:          542820 kB
MemAvailable:    1384896 kB
Buffers:           89328 kB
Cached:           776700 kB
MemTotal:        1844596 kB
MemFree:          542340 kB
MemAvailable:    1384416 kB
Buffers:           89328 kB
Cached:           776700 kB
MemTotal:        1844596 kB
MemFree:          542752 kB
MemAvailable:    1384828 kB
Buffers:           89328 kB
Cached:           776700 kB
MemTotal:        1844596 kB
MemFree:          541328 kB
MemAvailable:    1383404 kB
Buffers:           89328 kB
Cached:           776700 kB
MemTotal:        1844596 kB
MemFree:          542712 kB
MemAvailable:    1384788 kB
Buffers:           89328 kB
Cached:           776700 kB
MemTotal:        1844596 kB
MemFree:          541976 kB
MemAvailable:    1384052 kB
Buffers:           89328 kB
Cached:           776700 kB
MemTotal:        1844596 kB
MemFree:          542408 kB
MemAvailable:    1384484 kB
Buffers:           89328 kB
Cached:           776700 kB
MemTotal:        1844596 kB
MemFree:          542744 kB
MemAvailable:    1384820 kB
Buffers:           89328 kB
Cached:           776700 kB
MemTotal:        1844596 kB
MemFree:          542616 kB
MemAvailable:    1384692 kB
Buffers:           89328 kB
Cached:           776700 kB
MemTotal:        1844596 kB
MemFree:          542588 kB
MemAvailable:    1384664 kB
Buffers:           89328 kB
Cached:           776700 kB
MemTotal:        1844596 kB
MemFree:          542700 kB
MemAvailable:    1384776 kB
Buffers:           89328 kB
Cached:           776700 kB
MemTotal:        1844596 kB
MemFree:          542880 kB
MemAvailable:    1384956 kB
Buffers:           89328 kB
Cached:           776700 kB
MemTotal:        1844596 kB
MemFree:          542776 kB
MemAvailable:    1384852 kB
Buffers:           89328 kB
Cached:           776700 kB
MemTotal:        1844596 kB
MemFree:          541408 kB
MemAvailable:    1383484 kB
Buffers:           89328 kB
Cached:           776700 kB
MemTotal:        1844596 kB
MemFree:          541400 kB
MemAvailable:    1383476 kB
Buffers:           89328 kB
Cached:           776700 kB
MemTotal:        1844596 kB
MemFree:          541400 kB
MemAvailable:    1383476 kB
Buffers:           89328 kB
Cached:           776700 kB
MemTotal:        1844596 kB
MemFree:          542544 kB
MemAvailable:    1384620 kB
Buffers:           89328 kB
Cached:           776700 kB
MemTotal:        1844596 kB
MemFree:          542796 kB
MemAvailable:    1384872 kB
Buffers:           89328 kB
Cached:           776700 kB
MemTotal:        1844596 kB
MemFree:          542532 kB
MemAvailable:    1384608 kB
Buffers:           89328 kB
Cached:           776700 kB
MemTotal:        1844596 kB
MemFree:          541416 kB
MemAvailable:    1383492 kB
Buffers:           89328 kB
Cached:           776700 kB
MemTotal:        1844596 kB
MemFree:          542752 kB
MemAvailable:    1384828 kB
Buffers:           89328 kB
Cached:           776700 kB
MemTotal:        1844596 kB
MemFree:          542688 kB
MemAvailable:    1384764 kB
Buffers:           89328 kB
Cached:           776700 kB
MemTotal:        1844596 kB
MemFree:          542224 kB
MemAvailable:    1384300 kB
Buffers:           89328 kB
Cached:           776700 kB
MemTotal:        1844596 kB
MemFree:          542508 kB
MemAvailable:    1384584 kB
Buffers:           89328 kB
Cached:           776700 kB
MemTotal:        1844596 kB
MemFree:          542704 kB
MemAvailable:    1384780 kB
Buffers:           89328 kB
Cached:           776700 kB
MemTotal:        1844596 kB
MemFree:          542788 kB
MemAvailable:    1384864 kB
Buffers:           89328 kB
Cached:           776700 kB
MemTotal:        1844596 kB
MemFree:          542660 kB
MemAvailable:    1384736 kB
Buffers:           89328 kB
Cached:           776700 kB
MemTotal:        1844596 kB
MemFree:          541412 kB
MemAvailable:    1383488 kB
Buffers:           89328 kB
Cached:           776700 kB
MemTotal:        1844596 kB
MemFree:          542652 kB
MemAvailable:    1384728 kB
Buffers:           89328 kB
Cached:           776700 kB
MemTotal:        1844596 kB
MemFree:          541412 kB
MemAvailable:    1383488 kB
Buffers:           89328 kB
Cached:           776700 kB
MemTotal:        1844596 kB
MemFree:          542712 kB
MemAvailable:    1384788 kB
Buffers:           89328 kB
Cached:           776700 kB
MemTotal:        1844596 kB
MemFree:          542216 kB
MemAvailable:    1384292 kB
Buffers:           89328 kB
Cached:           776700 kB
MemTotal:        1844596 kB
MemFree:          542572 kB
MemAvailable:    1384648 kB
Buffers:           89328 kB
Cached:           776700 kB
MemTotal:        1844596 kB
MemFree:          542588 kB
MemAvailable:    1384664 kB
Buffers:           89328 kB
Cached:           776700 kB
MemTotal:        1844596 kB
MemFree:          541332 kB
MemAvailable:    1383408 kB
Buffers:           89328 kB
Cached:           776700 kB
MemTotal:        1844596 kB
MemFree:          542776 kB
MemAvailable:    1384852 kB
Buffers:           89328 kB
Cached:           776700 kB
MemTotal:        1844596 kB
MemFree:          542696 kB
MemAvailable:    1384772 kB
Buffers:           89328 kB
Cached:           776700 kB
MemTotal:        1844596 kB
MemFree:          541556 kB
MemAvailable:    1383632 kB
Buffers:           89328 kB
Cached:           776700 kB
MemTotal:        1844596 kB
MemFree:          542788 kB
MemAvailable:    1384864 kB
Buffers:           89328 kB
Cached:           776700 kB
MemTotal:        1844596 kB
MemFree:          542780 kB
MemAvailable:    1384856 kB
Buffers:           89328 kB
Cached:           776700 kB
MemTotal:        1844596 kB
MemFree:          542580 kB
MemAvailable:    1384656 kB
Buffers:           89328 kB
Cached:           776700 kB
MemTotal:        1844596 kB
MemFree:          542916 kB
MemAvailable:    1384992 kB
Buffers:           89328 kB
Cached:           776700 kB
MemTotal:        1844596 kB
MemFree:          542508 kB
MemAvailable:    1384584 kB
Buffers:           89328 kB
Cached:           776700 kB
MemTotal:        1844596 kB
MemFree:          539488 kB
MemAvailable:    1381564 kB
Buffers:           89328 kB
Cached:           776700 kB
MemTotal:        1844596 kB
MemFree:          537680 kB
MemAvailable:    1379756 kB
Buffers:           89328 kB
Cached:           776700 kB
MemTotal:        1844596 kB
MemFree:          535148 kB
MemAvailable:    1377224 kB
Buffers:           89328 kB
Cached:           776700 kB
MemTotal:        1844596 kB
MemFree:          532528 kB
MemAvailable:    1374608 kB
Buffers:           89328 kB
Cached:           776704 kB
MemTotal:        1844596 kB
MemFree:          531924 kB
MemAvailable:    1374004 kB
Buffers:           89328 kB
Cached:           776704 kB
MemTotal:        1844596 kB
MemFree:          528452 kB
MemAvailable:    1370532 kB
Buffers:           89328 kB
Cached:           776704 kB
MemTotal:        1844596 kB
MemFree:          525228 kB
MemAvailable:    1367308 kB
Buffers:           89328 kB
Cached:           776704 kB
MemTotal:        1844596 kB
MemFree:          522376 kB
MemAvailable:    1364456 kB
Buffers:           89328 kB
Cached:           776704 kB
MemTotal:        1844596 kB
MemFree:          522252 kB
MemAvailable:    1364332 kB
Buffers:           89328 kB
Cached:           776704 kB
MemTotal:        1844596 kB
MemFree:          521996 kB
MemAvailable:    1364076 kB
Buffers:           89328 kB
Cached:           776704 kB
MemTotal:        1844596 kB
MemFree:          521988 kB
MemAvailable:    1364068 kB
Buffers:           89328 kB
Cached:           776704 kB
MemTotal:        1844596 kB
MemFree:          521956 kB
MemAvailable:    1364040 kB
Buffers:           89328 kB
Cached:           776708 kB
MemTotal:        1844596 kB
MemFree:          523236 kB
MemAvailable:    1365320 kB
Buffers:           89328 kB
Cached:           776708 kB
MemTotal:        1844596 kB
MemFree:          523320 kB
MemAvailable:    1365404 kB
Buffers:           89328 kB
Cached:           776708 kB
MemTotal:        1844596 kB
MemFree:          521872 kB
MemAvailable:    1363956 kB
Buffers:           89328 kB
Cached:           776708 kB
MemTotal:        1844596 kB
MemFree:          523236 kB
MemAvailable:    1365320 kB
Buffers:           89328 kB
Cached:           776708 kB
MemTotal:        1844596 kB
MemFree:          523128 kB
MemAvailable:    1365212 kB
Buffers:           89328 kB
Cached:           776708 kB
MemTotal:        1844596 kB
MemFree:          521748 kB
MemAvailable:    1363832 kB
Buffers:           89328 kB
Cached:           776708 kB
MemTotal:        1844596 kB
MemFree:          521956 kB
MemAvailable:    1364040 kB
Buffers:           89328 kB
Cached:           776708 kB
MemTotal:        1844596 kB
MemFree:          522072 kB
MemAvailable:    1364156 kB
Buffers:           89328 kB
Cached:           776708 kB
MemTotal:        1844596 kB
MemFree:          521824 kB
MemAvailable:    1363908 kB
Buffers:           89328 kB
Cached:           776708 kB
MemTotal:        1844596 kB
MemFree:          523064 kB
MemAvailable:    1365148 kB
Buffers:           89328 kB
Cached:           776708 kB
MemTotal:        1844596 kB
MemFree:          521692 kB
MemAvailable:    1363776 kB
Buffers:           89328 kB
Cached:           776708 kB
MemTotal:        1844596 kB
MemFree:          521940 kB
MemAvailable:    1364024 kB
Buffers:           89328 kB
Cached:           776708 kB
MemTotal:        1844596 kB
MemFree:          521692 kB
MemAvailable:    1363776 kB
Buffers:           89328 kB
Cached:           776708 kB
MemTotal:        1844596 kB
MemFree:          521808 kB
MemAvailable:    1363892 kB
Buffers:           89328 kB
Cached:           776708 kB
MemTotal:        1844596 kB
MemFree:          521688 kB
MemAvailable:    1363772 kB
Buffers:           89328 kB
Cached:           776708 kB
MemTotal:        1844596 kB
MemFree:          521556 kB
MemAvailable:    1363640 kB
Buffers:           89328 kB
Cached:           776708 kB
MemTotal:        1844596 kB
MemFree:          522700 kB
MemAvailable:    1364784 kB
Buffers:           89328 kB
Cached:           776708 kB
MemTotal:        1844596 kB
MemFree:          522500 kB
MemAvailable:    1364584 kB
Buffers:           89328 kB
Cached:           776708 kB
MemTotal:        1844596 kB
MemFree:          521452 kB
MemAvailable:    1363536 kB
Buffers:           89328 kB
Cached:           776708 kB
MemTotal:        1844596 kB
MemFree:          522560 kB
MemAvailable:    1364644 kB
Buffers:           89328 kB
Cached:           776708 kB
MemTotal:        1844596 kB
MemFree:          522056 kB
MemAvailable:    1364140 kB
Buffers:           89328 kB
Cached:           776708 kB
MemTotal:        1844596 kB
MemFree:          514532 kB
MemAvailable:    1356616 kB
Buffers:           89328 kB
Cached:           776708 kB
MemTotal:        1844596 kB
MemFree:          514532 kB
MemAvailable:    1356616 kB
Buffers:           89328 kB
Cached:           776708 kB
MemTotal:        1844596 kB
MemFree:          513076 kB
MemAvailable:    1355160 kB
Buffers:           89328 kB
Cached:           776708 kB
MemTotal:        1844596 kB
MemFree:          512680 kB
MemAvailable:    1354764 kB
Buffers:           89328 kB
Cached:           776708 kB
MemTotal:        1844596 kB
MemFree:          513016 kB
MemAvailable:    1355100 kB
Buffers:           89328 kB
Cached:           776708 kB
MemTotal:        1844596 kB
MemFree:          512772 kB
MemAvailable:    1354856 kB
Buffers:           89328 kB
Cached:           776708 kB
MemTotal:        1844596 kB
MemFree:          511968 kB
MemAvailable:    1354052 kB
Buffers:           89328 kB
Cached:           776708 kB
MemTotal:        1844596 kB
MemFree:          511572 kB
MemAvailable:    1353660 kB
Buffers:           89328 kB
Cached:           776712 kB
MemTotal:        1844596 kB
MemFree:          512936 kB
MemAvailable:    1355024 kB
Buffers:           89328 kB
Cached:           776712 kB
MemTotal:        1844596 kB
MemFree:          512556 kB
MemAvailable:    1354644 kB
Buffers:           89328 kB
Cached:           776712 kB
MemTotal:        1844596 kB
MemFree:          512892 kB
MemAvailable:    1354980 kB
Buffers:           89328 kB
Cached:           776712 kB
MemTotal:        1844596 kB
MemFree:          512316 kB
MemAvailable:    1354488 kB
Buffers:           89332 kB
Cached:           776832 kB
MemTotal:        1844596 kB
MemFree:          512652 kB
MemAvailable:    1354824 kB
Buffers:           89332 kB
Cached:           776832 kB
MemTotal:        1844596 kB
MemFree:          512576 kB
MemAvailable:    1355000 kB
Buffers:           89332 kB
Cached:           777080 kB
MemTotal:        1844596 kB
MemFree:          511224 kB
MemAvailable:    1353732 kB
Buffers:           89332 kB
Cached:           777080 kB
MemTotal:        1844596 kB
MemFree:          512028 kB
MemAvailable:    1354704 kB
Buffers:           89332 kB
Cached:           777204 kB
MemTotal:        1844596 kB
MemFree:          512284 kB
MemAvailable:    1354960 kB
Buffers:           89332 kB
Cached:           777204 kB
MemTotal:        1844596 kB
MemFree:          512056 kB
MemAvailable:    1354732 kB
Buffers:           89332 kB
Cached:           777328 kB
MemTotal:        1844596 kB
MemFree:          512056 kB
MemAvailable:    1354732 kB
Buffers:           89332 kB
Cached:           777328 kB
MemTotal:        1844596 kB
MemFree:          511764 kB
MemAvailable:    1354440 kB
Buffers:           89332 kB
Cached:           777328 kB
MemTotal:        1844596 kB
MemFree:          512100 kB
MemAvailable:    1354776 kB
Buffers:           89332 kB
Cached:           777328 kB
MemTotal:        1844596 kB
MemFree:          510824 kB
MemAvailable:    1353500 kB
Buffers:           89332 kB
Cached:           777328 kB
MemTotal:        1844596 kB
MemFree:          512060 kB
MemAvailable:    1354736 kB
Buffers:           89332 kB
Cached:           777328 kB
MemTotal:        1844596 kB
MemFree:          511948 kB
MemAvailable:    1354624 kB
Buffers:           89332 kB
Cached:           777328 kB
MemTotal:        1844596 kB
MemFree:          511948 kB
MemAvailable:    1354708 kB
Buffers:           89332 kB
Cached:           777452 kB
MemTotal:        1844596 kB
MemFree:          511084 kB
MemAvailable:    1353172 kB
Buffers:           89332 kB
Cached:           776736 kB
MemTotal:        1844596 kB
MemFree:          550872 kB
MemAvailable:    1392960 kB
Buffers:           89332 kB
Cached:           776736 kB
MemTotal:        1844596 kB
MemFree:          551336 kB
MemAvailable:    1393424 kB
Buffers:           89332 kB
Cached:           776736 kB
MemTotal:        1844596 kB
MemFree:          704796 kB
MemAvailable:    1546884 kB
Buffers:           89332 kB
Cached:           776736 kB
