MemTotal:        1844596 kB
MemFree:          719572 kB
MemAvailable:    1546364 kB
Buffers:           88992 kB
Cached:           762380 kB
MemTotal:        1844596 kB
MemFree:          691268 kB
MemAvailable:    1518064 kB
Buffers:           88992 kB
Cached:           762384 kB
MemTotal:        1844596 kB
MemFree:          692312 kB
MemAvailable:    1519108 kB
Buffers:           88992 kB
Cached:           762384 kB
MemTotal:        1844596 kB
MemFree:          691888 kB
MemAvailable:    1518684 kB
Buffers:           88992 kB
Cached:           762384 kB
MemTotal:        1844596 kB
MemFree:          688780 kB
MemAvailable:    1515576 kB
Buffers:           88992 kB
Cached:           762384 kB
MemTotal:        1844596 kB
MemFree:          688648 kB
MemAvailable:    1515444 kB
Buffers:           88992 kB
Cached:           762384 kB
MemTotal:        1844596 kB
MemFree:          686680 kB
MemAvailable:    1513476 kB
Buffers:           88992 kB
Cached:           762384 kB
MemTotal:        1844596 kB
MemFree:          685120 kB
MemAvailable:    1511916 kB
Buffers:           88992 kB
Cached:           762384 kB
MemTotal:        1844596 kB
MemFree:          681348 kB
MemAvailable:    1508144 kB
Buffers:           88992 kB
Cached:           762384 kB
MemTotal:        1844596 kB
MemFree:          677116 kB
MemAvailable:    1503912 kB
Buffers:           88992 kB
Cached:           762384 kB
MemTotal:        1844596 kB
MemFree:          677452 kB
MemAvailable:    1504248 kB
Buffers:           88992 kB
Cached:           762384 kB
MemTotal:        1844596 kB
MemFree:          679888 kB
MemAvailable:    1506684 kB
Buffers:           88992 kB
Cached:           762384 kB
MemTotal:        1844596 kB
MemFree:          679888 kB
MemAvailable:    1506684 kB
Buffers:           88992 kB
Cached:           762384 kB
MemTotal:        1844596 kB
MemFree:          678788 kB
MemAvailable:    1505584 kB
Buffers:           88992 kB
Cached:           762384 kB
MemTotal:        1844596 kB
MemFree:          679860 kB
MemAvailable:    1506656 kB
Buffers:           88992 kB
Cached:           762384 kB
MemTotal:        1844596 kB
MemFree:          678744 kB
MemAvailable:    1505540 kB
Buffers:           88992 kB
Cached:           762384 kB
MemTotal:        1844596 kB
MemFree:          679796 kB
MemAvailable:    1506592 kB
Buffers:           88992 kB
Cached:           762384 kB
MemTotal:        1844596 kB
MemFree:          678496 kB
MemAvailable:    1505292 kB
Buffers:           88992 kB
Cached:           762384 kB
MemTotal:        1844596 kB
MemFree:          679232 kB
MemAvailable:    1506028 kB
Buffers:           88992 kB
Cached:           762384 kB
MemTotal:        1844596 kB
MemFree:          678868 kB
MemAvailable:    1505664 kB
Buffers:           88992 kB
Cached:           762384 kB
MemTotal:        1844596 kB
MemFree:          679160 kB
MemAvailable:    1505956 kB
Buffers:           88992 kB
Cached:           762384 kB
MemTotal:        1844596 kB
MemFree:          677992 kB
MemAvailable:    1504788 kB
Buffers:           88992 kB
Cached:           762384 kB
MemTotal:        1844596 kB
MemFree:          678604 kB
MemAvailable:    1505400 kB
Buffers:           88992 kB
Cached:           762384 kB
MemTotal:        1844596 kB
MemFree:          678356 kB
MemAvailable:    1505152 kB
Buffers:           88992 kB
Cached:           762384 kB
MemTotal:        1844596 kB
MemFree:          677232 kB
MemAvailable:    1504028 kB
Buffers:           88992 kB
Cached:           762384 kB
MemTotal:        1844596 kB
MemFree:          678232 kB
MemAvailable:    1505028 kB
Buffers:           88992 kB
Cached:           762384 kB
MemTotal:        1844596 kB
MemFree:          678316 kB
MemAvailable:    1505112 kB
Buffers:           88992 kB
Cached:           762384 kB
MemTotal:        1844596 kB
MemFree:          678076 kB
MemAvailable:    1504872 kB
Buffers:           88992 kB
Cached:           762384 kB
MemTotal:        1844596 kB
MemFree:          676952 kB
MemAvailable:    1503748 kB
Buffers:           88992 kB
Cached:           762384 kB
MemTotal:        1844596 kB
MemFree:          676264 kB
MemAvailable:    1503060 kB
Buffers:           88992 kB
Cached:           762384 kB
MemTotal:        1844596 kB
MemFree:          675760 kB
MemAvailable:    1502556 kB
Buffers:           88992 kB
Cached:           762384 kB
MemTotal:        1844596 kB
MemFree:          675892 kB
MemAvailable:    1502688 kB
Buffers:           88992 kB
Cached:           762384 kB
MemTotal:        1844596 kB
MemFree:          677016 kB
MemAvailable:    1503812 kB
Buffers:           88992 kB
Cached:           762384 kB
MemTotal:        1844596 kB
MemFree:          677180 kB
MemAvailable:    1503976 kB
Buffers:           88992 kB
Cached:           762384 kB
MemTotal:        1844596 kB
MemFree:          675448 kB
MemAvailable:    1502244 kB
Buffers:           88992 kB
Cached:           762384 kB
MemTotal:        1844596 kB
MemFree:          676848 kB
MemAvailable:    1503644 kB
Buffers:           88992 kB
Cached:           762384 kB
MemTotal:        1844596 kB
MemFree:          676828 kB
MemAvailable:    1503624 kB
Buffers:           88992 kB
Cached:           762384 kB
MemTotal:        1844596 kB
MemFree:          676860 kB
MemAvailable:    1503656 kB
Buffers:           88992 kB
Cached:           762384 kB
MemTotal:        1844596 kB
MemFree:          675944 kB
MemAvailable:    1502740 kB
Buffers:           88992 kB
Cached:           762384 kB
MemTotal:        1844596 kB
MemFree:          673288 kB
MemAvailable:    1500084 kB
Buffers:           88992 kB
Cached:           762384 kB
MemTotal:        1844596 kB
MemFree:          670560 kB
MemAvailable:    1497356 kB
Buffers:           88992 kB
Cached:           762384 kB
MemTotal:        1844596 kB
MemFree:          671668 kB
MemAvailable:    1498464 kB
Buffers:           88992 kB
Cached:           762384 kB
MemTotal:        1844596 kB
MemFree:          671668 kB
MemAvailable:    1498464 kB
Buffers:           88992 kB
Cached:           762384 kB
MemTotal:        1844596 kB
MemFree:          670264 kB
MemAvailable:    1497064 kB
Buffers:           88992 kB
Cached:           762388 kB
MemTotal:        1844596 kB
MemFree:          670188 kB
MemAvailable:    1496988 kB
Buffers:           88992 kB
Cached:           762388 kB
MemTotal:        1844596 kB
MemFree:          671412 kB
MemAvailable:    1498212 kB
Buffers:           88992 kB
Cached:           762388 kB
MemTotal:        1844596 kB
MemFree:          671496 kB
MemAvailable:    1498296 kB
Buffers:           88992 kB
Cached:           762388 kB
MemTotal:        1844596 kB
MemFree:          671164 kB
MemAvailable:    1497964 kB
Buffers:           88992 kB
Cached:           762388 kB
MemTotal:        1844596 kB
MemFree:          671116 kB
MemAvailable:    1497916 kB
Buffers:           88992 kB
Cached:           762388 kB
MemTotal:        1844596 kB
MemFree:          670312 kB
MemAvailable:    1497112 kB
Buffers:           88992 kB
Cached:           762388 kB
MemTotal:        1844596 kB
MemFree:          671492 kB
MemAvailable:    1498292 kB
Buffers:           88992 kB
Cached:           762388 kB
MemTotal:        1844596 kB
MemFree:          671108 kB
MemAvailable:    1497908 kB
Buffers:           88992 kB
Cached:           762388 kB
MemTotal:        1844596 kB
MemFree:          669800 kB
MemAvailable:    1496600 kB
Buffers:           88992 kB
Cached:           762388 kB
MemTotal:        1844596 kB
MemFree:          670056 kB
MemAvailable:    1496856 kB
Buffers:           88992 kB
Cached:           762388 kB
MemTotal:        1844596 kB
MemFree:          669932 kB
MemAvailable:    1496732 kB
Buffers:           88992 kB
Cached:           762388 kB
MemTotal:        1844596 kB
MemFree:          665956 kB
MemAvailable:    1492756 kB
Buffers:           88992 kB
Cached:           762388 kB
MemTotal:        1844596 kB
MemFree:          665848 kB
MemAvailable:    1492648 kB
Buffers:           88992 kB
Cached:           762388 kB
MemTotal:        1844596 kB
MemFree:          664236 kB
MemAvailable:    1491036 kB
Buffers:           88992 kB
Cached:           762388 kB
MemTotal:        1844596 kB
MemFree:          664236 kB
MemAvailable:    1491036 kB
Buffers:           88992 kB
Cached:           762388 kB
MemTotal:        1844596 kB
MemFree:          664884 kB
MemAvailable:    1491684 kB
Buffers:           88992 kB
Cached:           762388 kB
MemTotal:        1844596 kB
MemFree:          662508 kB
MemAvailable:    1489308 kB
Buffers:           88992 kB
Cached:           762388 kB
MemTotal:        1844596 kB
MemFree:          663256 kB
MemAvailable:    1490056 kB
Buffers:           88992 kB
Cached:           762388 kB
MemTotal:        1844596 kB
MemFree:          662684 kB
MemAvailable:    1489484 kB
Buffers:           88992 kB
Cached:           762388 kB
MemTotal:        1844596 kB
MemFree:          661640 kB
MemAvailable:    1488440 kB
Buffers:           88992 kB
Cached:           762388 kB
MemTotal:        1844596 kB
MemFree:          662492 kB
MemAvailable:    1489292 kB
Buffers:           88992 kB
Cached:           762388 kB
MemTotal:        1844596 kB
MemFree:          662744 kB
MemAvailable:    1489544 kB
Buffers:           88992 kB
Cached:           762388 kB
MemTotal:        1844596 kB
MemFree:          662320 kB
MemAvailable:    1489120 kB
Buffers:           88992 kB
Cached:           762388 kB
MemTotal:        1844596 kB
MemFree:          662576 kB
MemAvailable:    1489376 kB
Buffers:           88992 kB
Cached:           762388 kB
MemTotal:        1844596 kB
MemFree:          662224 kB
MemAvailable:    1489024 kB
Buffers:           88992 kB
Cached:           762388 kB
MemTotal:        1844596 kB
MemFree:          660864 kB
MemAvailable:    1487664 kB
Buffers:           88992 kB
Cached:           762388 kB
MemTotal:        1844596 kB
MemFree:          661012 kB
MemAvailable:    1487812 kB
Buffers:           88992 kB
Cached:           762388 kB
MemTotal:        1844596 kB
MemFree:          662420 kB
MemAvailable:    1489220 kB
Buffers:           88992 kB
Cached:           762388 kB
MemTotal:        1844596 kB
MemFree:          662452 kB
MemAvailable:    1489252 kB
Buffers:           88992 kB
Cached:           762388 kB
MemTotal:        1844596 kB
MemFree:          662480 kB
MemAvailable:    1489280 kB
Buffers:           88992 kB
Cached:           762388 kB
MemTotal:        1844596 kB
MemFree:          661632 kB
MemAvailable:    1488432 kB
Buffers:           88992 kB
Cached:           762388 kB
MemTotal:        1844596 kB
MemFree:          662624 kB
MemAvailable:    1489428 kB
Buffers:           88992 kB
Cached:           762392 kB
MemTotal:        1844596 kB
MemFree:          661136 kB
MemAvailable:    1487940 kB
Buffers:           88992 kB
Cached:           762392 kB
MemTotal:        1844596 kB
MemFree:          662244 kB
MemAvailable:    1489048 kB
Buffers:           88992 kB
Cached:           762392 kB
MemTotal:        1844596 kB
MemFree:          662136 kB
MemAvailable:    1488940 kB
Buffers:           88992 kB
Cached:           762392 kB
MemTotal:        1844596 kB
MemFree:          661956 kB
MemAvailable:    1488760 kB
Buffers:           88992 kB
Cached:           762392 kB
MemTotal:        1844596 kB
MemFree:          662136 kB
MemAvailable:    1488940 kB
Buffers:           88992 kB
Cached:           762392 kB
MemTotal:        1844596 kB
MemFree:          661848 kB
MemAvailable:    1488652 kB
Buffers:           88992 kB
Cached:           762392 kB
MemTotal:        1844596 kB
MemFree:          662100 kB
MemAvailable:    1488904 kB
Buffers:           88992 kB
Cached:           762392 kB
MemTotal:        1844596 kB
MemFree:          660708 kB
MemAvailable:    1487512 kB
Buffers:           88992 kB
Cached:           762392 kB
MemTotal:        1844596 kB
MemFree:          658468 kB
MemAvailable:    1485272 kB
Buffers:           88992 kB
Cached:           762392 kB
MemTotal:        1844596 kB
MemFree:          656300 kB
MemAvailable:    1483104 kB
Buffers:           88992 kB
Cached:           762392 kB
MemTotal:        1844596 kB
MemFree:          652952 kB
MemAvailable:    1479756 kB
Buffers:           88992 kB
Cached:           762392 kB
MemTotal:        1844596 kB
MemFree:          654308 kB
MemAvailable:    1481112 kB
Buffers:           88992 kB
Cached:           762392 kB
MemTotal:        1844596 kB
MemFree:          654184 kB
MemAvailable:    1480988 kB
Buffers:           88992 kB
Cached:           762392 kB
MemTotal:        1844596 kB
MemFree:          654184 kB
MemAvailable:    1480988 kB
Buffers:           88992 kB
Cached:           762392 kB
MemTotal:        1844596 kB
MemFree:          653308 kB
MemAvailable:    1480112 kB
Buffers:           88992 kB
Cached:           762392 kB
MemTotal:        1844596 kB
MemFree:          652704 kB
MemAvailable:    1479508 kB
Buffers:           88992 kB
Cached:           762392 kB
MemTotal:        1844596 kB
MemFree:          653364 kB
MemAvailable:    1480168 kB
Buffers:           88992 kB
Cached:           762392 kB
MemTotal:        1844596 kB
MemFree:          651800 kB
MemAvailable:    1478604 kB
Buffers:           88992 kB
Cached:           762392 kB
MemTotal:        1844596 kB
MemFree:          653240 kB
MemAvailable:    1480044 kB
Buffers:           88992 kB
Cached:           762392 kB
MemTotal:        1844596 kB
MemFree:          652064 kB
MemAvailable:    1478868 kB
Buffers:           88992 kB
Cached:           762392 kB
MemTotal:        1844596 kB
MemFree:          651884 kB
MemAvailable:    1478688 kB
Buffers:           88992 kB
Cached:           762392 kB
MemTotal:        1844596 kB
MemFree:          652016 kB
MemAvailable:    1478820 kB
Buffers:           88992 kB
Cached:           762392 kB
MemTotal:        1844596 kB
MemFree:          653316 kB
MemAvailable:    1480120 kB
Buffers:           88992 kB
Cached:           762392 kB
MemTotal:        1844596 kB
MemFree:          653248 kB
MemAvailable:    1480052 kB
Buffers:           88992 kB
Cached:           762392 kB
MemTotal:        1844596 kB
MemFree:          653332 kB
MemAvailable:    1480136 kB
Buffers:           88992 kB
Cached:           762392 kB
MemTotal:        1844596 kB
MemFree:          652036 kB
MemAvailable:    1478840 kB
Buffers:           88992 kB
Cached:           762392 kB
MemTotal:        1844596 kB
MemFree:          653360 kB
MemAvailable:    1480164 kB
Buffers:           88992 kB
Cached:           762392 kB
MemTotal:        1844596 kB
MemFree:          652836 kB
MemAvailable:    1479640 kB
Buffers:           88992 kB
Cached:           762392 kB
MemTotal:        1844596 kB
MemFree:          653656 kB
MemAvailable:    1480464 kB
Buffers:           88992 kB
Cached:           762396 kB
MemTotal:        1844596 kB
MemFree:          652712 kB
MemAvailable:    1479520 kB
Buffers:           88992 kB
Cached:           762396 kB
MemTotal:        1844596 kB
MemFree:          652464 kB
MemAvailable:    1479272 kB
Buffers:           88992 kB
Cached:           762396 kB
MemTotal:        1844596 kB
MemFree:          652332 kB
MemAvailable:    1479140 kB
Buffers:           88992 kB
Cached:           762396 kB
MemTotal:        1844596 kB
MemFree:          653572 kB
MemAvailable:    1480380 kB
Buffers:           88992 kB
Cached:           762396 kB
MemTotal:        1844596 kB
MemFree:          652456 kB
MemAvailable:    1479264 kB
Buffers:           88992 kB
Cached:           762396 kB
MemTotal:        1844596 kB
MemFree:          653180 kB
MemAvailable:    1479988 kB
Buffers:           88992 kB
Cached:           762396 kB
MemTotal:        1844596 kB
MemFree:          653436 kB
MemAvailable:    1480244 kB
Buffers:           88992 kB
Cached:           762396 kB
MemTotal:        1844596 kB
MemFree:          653244 kB
MemAvailable:    1480052 kB
Buffers:           88992 kB
Cached:           762396 kB
MemTotal:        1844596 kB
MemFree:          653244 kB
MemAvailable:    1480052 kB
Buffers:           88992 kB
Cached:           762396 kB
MemTotal:        1844596 kB
MemFree:          651896 kB
MemAvailable:    1478704 kB
Buffers:           88992 kB
Cached:           762396 kB
MemTotal:        1844596 kB
MemFree:          652020 kB
MemAvailable:    1478828 kB
Buffers:           88992 kB
Cached:           762396 kB
MemTotal:        1844596 kB
MemFree:          653420 kB
MemAvailable:    1480228 kB
Buffers:           88992 kB
Cached:           762396 kB
MemTotal:        1844596 kB
MemFree:          652044 kB
MemAvailable:    1478852 kB
Buffers:           88992 kB
Cached:           762396 kB
MemTotal:        1844596 kB
MemFree:          652580 kB
MemAvailable:    1479388 kB
Buffers:           88992 kB
Cached:           762396 kB
MemTotal:        1844596 kB
MemFree:          653312 kB
MemAvailable:    1480120 kB
Buffers:           88992 kB
Cached:           762396 kB
MemTotal:        1844596 kB
MemFree:          652192 kB
MemAvailable:    1479000 kB
Buffers:           88992 kB
Cached:           762396 kB
MemTotal:        1844596 kB
MemFree:          653344 kB
MemAvailable:    1480152 kB
Buffers:           88992 kB
Cached:           762396 kB
MemTotal:        1844596 kB
MemFree:          651340 kB
MemAvailable:    1478148 kB
Buffers:           88992 kB
Cached:           762396 kB
MemTotal:        1844596 kB
MemFree:          648364 kB
MemAvailable:    1475172 kB
Buffers:           88992 kB
Cached:           762396 kB
MemTotal:        1844596 kB
MemFree:          644504 kB
MemAvailable:    1471312 kB
Buffers:           88992 kB
Cached:           762396 kB
MemTotal:        1844596 kB
MemFree:          643652 kB
MemAvailable:    1470460 kB
Buffers:           88992 kB
Cached:           762396 kB
MemTotal:        1844596 kB
MemFree:          641668 kB
MemAvailable:    1468476 kB
Buffers:           88992 kB
Cached:           762396 kB
MemTotal:        1844596 kB
MemFree:          642520 kB
MemAvailable:    1469328 kB
Buffers:           88992 kB
Cached:           762396 kB
MemTotal:        1844596 kB
MemFree:          642288 kB
MemAvailable:    1469096 kB
Buffers:           88992 kB
Cached:           762396 kB
MemTotal:        1844596 kB
MemFree:          641284 kB
MemAvailable:    1468092 kB
Buffers:           88992 kB
Cached:           762396 kB
MemTotal:        1844596 kB
MemFree:          642524 kB
MemAvailable:    1469332 kB
Buffers:           88992 kB
Cached:           762396 kB
MemTotal:        1844596 kB
MemFree:          641360 kB
MemAvailable:    1468168 kB
Buffers:           88992 kB
Cached:           762396 kB
MemTotal:        1844596 kB
MemFree:          641352 kB
MemAvailable:    1468160 kB
Buffers:           88992 kB
Cached:           762396 kB
MemTotal:        1844596 kB
MemFree:          642572 kB
MemAvailable:    1469380 kB
Buffers:           88992 kB
Cached:           762396 kB
MemTotal:        1844596 kB
MemFree:          642400 kB
MemAvailable:    1469208 kB
Buffers:           88992 kB
Cached:           762396 kB
MemTotal:        1844596 kB
MemFree:          641676 kB
MemAvailable:    1468484 kB
Buffers:           88992 kB
Cached:           762396 kB
MemTotal:        1844596 kB
MemFree:          642272 kB
MemAvailable:    1469080 kB
Buffers:           88992 kB
Cached:           762396 kB
MemTotal:        1844596 kB
MemFree:          642608 kB
MemAvailable:    1469416 kB
Buffers:           88992 kB
Cached:           762396 kB
MemTotal:        1844596 kB
MemFree:          642404 kB
MemAvailable:    1469212 kB
Buffers:           88992 kB
Cached:           762396 kB
MemTotal:        1844596 kB
MemFree:          642660 kB
MemAvailable:    1469468 kB
Buffers:           88992 kB
Cached:           762396 kB
MemTotal:        1844596 kB
MemFree:          642388 kB
MemAvailable:    1469196 kB
Buffers:           88992 kB
Cached:           762396 kB
MemTotal:        1844596 kB
MemFree:          642348 kB
MemAvailable:    1469156 kB
Buffers:           88992 kB
Cached:           762396 kB
MemTotal:        1844596 kB
MemFree:          642488 kB
MemAvailable:    1469296 kB
Buffers:           88992 kB
Cached:           762396 kB
MemTotal:        1844596 kB
MemFree:          642172 kB
MemAvailable:    1468980 kB
Buffers:           88992 kB
Cached:           762396 kB
MemTotal:        1844596 kB
MemFree:          642536 kB
MemAvailable:    1469344 kB
Buffers:           88992 kB
Cached:           762396 kB
MemTotal:        1844596 kB
MemFree:          642424 kB
MemAvailable:    1469232 kB
Buffers:           88992 kB
Cached:           762396 kB
MemTotal:        1844596 kB
MemFree:          642460 kB
MemAvailable:    1469268 kB
Buffers:           88992 kB
Cached:           762396 kB
MemTotal:        1844596 kB
MemFree:          641236 kB
MemAvailable:    1468044 kB
Buffers:           88992 kB
Cached:           762396 kB
MemTotal:        1844596 kB
MemFree:          642380 kB
MemAvailable:    1469188 kB
Buffers:           88992 kB
Cached:           762396 kB
MemTotal:        1844596 kB
MemFree:          642040 kB
MemAvailable:    1468848 kB
Buffers:           88992 kB
Cached:           762396 kB
MemTotal:        1844596 kB
MemFree:          642524 kB
MemAvailable:    1469332 kB
Buffers:           88992 kB
Cached:           762396 kB
MemTotal:        1844596 kB
MemFree:          642380 kB
MemAvailable:    1469188 kB
Buffers:           88992 kB
Cached:           762396 kB
MemTotal:        1844596 kB
MemFree:          642380 kB
MemAvailable:    1469188 kB
Buffers:           88992 kB
Cached:           762396 kB
MemTotal:        1844596 kB
MemFree:          641284 kB
MemAvailable:    1468092 kB
Buffers:           88992 kB
Cached:           762396 kB
MemTotal:        1844596 kB
MemFree:          642692 kB
MemAvailable:    1469500 kB
Buffers:           88992 kB
Cached:           762396 kB
MemTotal:        1844596 kB
MemFree:          641152 kB
MemAvailable:    1467960 kB
Buffers:           88992 kB
Cached:           762396 kB
MemTotal:        1844596 kB
MemFree:          642336 kB
MemAvailable:    1469144 kB
Buffers:           88992 kB
Cached:           762396 kB
MemTotal:        1844596 kB
MemFree:          642588 kB
MemAvailable:    1469396 kB
Buffers:           88992 kB
Cached:           762396 kB
MemTotal:        1844596 kB
MemFree:          642524 kB
MemAvailable:    1469332 kB
Buffers:           88992 kB
Cached:           762396 kB
MemTotal:        1844596 kB
MemFree:          642412 kB
MemAvailable:    1469220 kB
Buffers:           88992 kB
Cached:           762396 kB
MemTotal:        1844596 kB
MemFree:          642340 kB
MemAvailable:    1469148 kB
Buffers:           88992 kB
Cached:           762396 kB
MemTotal:        1844596 kB
MemFree:          642592 kB
MemAvailable:    1469400 kB
Buffers:           88992 kB
Cached:           762396 kB
MemTotal:        1844596 kB
MemFree:          642224 kB
MemAvailable:    1469032 kB
Buffers:           88992 kB
Cached:           762396 kB
MemTotal:        1844596 kB
MemFree:          642560 kB
MemAvailable:    1469368 kB
Buffers:           88992 kB
Cached:           762396 kB
MemTotal:        1844596 kB
MemFree:          642484 kB
MemAvailable:    1469292 kB
Buffers:           88992 kB
Cached:           762396 kB
MemTotal:        1844596 kB
MemFree:          642748 kB
MemAvailable:    1469556 kB
Buffers:           88992 kB
Cached:           762396 kB
MemTotal:        1844596 kB
MemFree:          641800 kB
MemAvailable:    1468608 kB
Buffers:           88992 kB
Cached:           762396 kB
MemTotal:        1844596 kB
MemFree:          642528 kB
MemAvailable:    1469336 kB
Buffers:           88992 kB
Cached:           762396 kB
MemTotal:        1844596 kB
MemFree:          642544 kB
MemAvailable:    1469352 kB
Buffers:           88992 kB
Cached:           762396 kB
MemTotal:        1844596 kB
MemFree:          642416 kB
MemAvailable:    1469224 kB
Buffers:           88992 kB
Cached:           762396 kB
MemTotal:        1844596 kB
MemFree:          642544 kB
MemAvailable:    1469352 kB
Buffers:           88992 kB
Cached:           762396 kB
MemTotal:        1844596 kB
MemFree:          641668 kB
MemAvailable:    1468476 kB
Buffers:           88992 kB
Cached:           762396 kB
MemTotal:        1844596 kB
MemFree:          642280 kB
MemAvailable:    1469088 kB
Buffers:           88992 kB
Cached:           762396 kB
MemTotal:        1844596 kB
MemFree:          642536 kB
MemAvailable:    1469344 kB
Buffers:           88992 kB
Cached:           762396 kB
MemTotal:        1844596 kB
MemFree:          640908 kB
MemAvailable:    1467716 kB
Buffers:           88992 kB
Cached:           762396 kB
MemTotal:        1844596 kB
MemFree:          641172 kB
MemAvailable:    1467980 kB
Buffers:           88992 kB
Cached:           762396 kB
MemTotal:        1844596 kB
MemFree:          640620 kB
MemAvailable:    1467428 kB
Buffers:           88992 kB
Cached:           762396 kB
MemTotal:        1844596 kB
MemFree:          641668 kB
MemAvailable:    1468476 kB
Buffers:           88992 kB
Cached:           762396 kB
MemTotal:        1844596 kB
MemFree:          640156 kB
MemAvailable:    1466964 kB
Buffers:           88992 kB
Cached:           762396 kB
MemTotal:        1844596 kB
MemFree:          641528 kB
MemAvailable:    1468336 kB
Buffers:           88992 kB
Cached:           762396 kB
MemTotal:        1844596 kB
MemFree:          641468 kB
MemAvailable:    1468276 kB
Buffers:           88992 kB
Cached:           762396 kB
MemTotal:        1844596 kB
MemFree:          639908 kB
MemAvailable:    1466716 kB
Buffers:           88992 kB
Cached:           762396 kB
MemTotal:        1844596 kB
MemFree:          641084 kB
MemAvailable:    1467892 kB
Buffers:           88992 kB
Cached:           762396 kB
MemTotal:        1844596 kB
MemFree:          641076 kB
MemAvailable:    1467884 kB
Buffers:           88992 kB
Cached:           762396 kB
MemTotal:        1844596 kB
MemFree:          639900 kB
MemAvailable:    1466708 kB
Buffers:           88992 kB
Cached:           762396 kB
MemTotal:        1844596 kB
MemFree:          640108 kB
MemAvailable:    1466916 kB
Buffers:           88992 kB
Cached:           762396 kB
MemTotal:        1844596 kB
MemFree:          639728 kB
MemAvailable:    1466536 kB
Buffers:           88992 kB
Cached:           762396 kB
MemTotal:        1844596 kB
MemFree:          640868 kB
MemAvailable:    1467676 kB
Buffers:           88992 kB
Cached:           762396 kB
MemTotal:        1844596 kB
MemFree:          640676 kB
MemAvailable:    1467484 kB
Buffers:           88992 kB
Cached:           762396 kB
MemTotal:        1844596 kB
MemFree:          639544 kB
MemAvailable:    1466352 kB
Buffers:           88992 kB
Cached:           762396 kB
MemTotal:        1844596 kB
MemFree:          639752 kB
MemAvailable:    1466560 kB
Buffers:           88992 kB
Cached:           762396 kB
MemTotal:        1844596 kB
MemFree:          639664 kB
MemAvailable:    1466484 kB
Buffers:           88992 kB
Cached:           762408 kB
MemTotal:        1844596 kB
MemFree:          640904 kB
MemAvailable:    1467724 kB
Buffers:           88992 kB
Cached:           762408 kB
MemTotal:        1844596 kB
MemFree:          639512 kB
MemAvailable:    1466332 kB
Buffers:           88992 kB
Cached:           762408 kB
MemTotal:        1844596 kB
MemFree:          640928 kB
MemAvailable:    1467748 kB
Buffers:           88992 kB
Cached:           762408 kB
MemTotal:        1844596 kB
MemFree:          640800 kB
MemAvailable:    1467620 kB
Buffers:           88992 kB
Cached:           762408 kB
MemTotal:        1844596 kB
MemFree:          641056 kB
MemAvailable:    1467876 kB
Buffers:           88992 kB
Cached:           762408 kB
MemTotal:        1844596 kB
MemFree:          639392 kB
MemAvailable:    1466212 kB
Buffers:           88992 kB
Cached:           762408 kB
MemTotal:        1844596 kB
MemFree:          639516 kB
MemAvailable:    1466336 kB
Buffers:           88992 kB
Cached:           762408 kB
MemTotal:        1844596 kB
MemFree:          640692 kB
MemAvailable:    1467512 kB
Buffers:           88992 kB
Cached:           762408 kB
MemTotal:        1844596 kB
MemFree:          640520 kB
MemAvailable:    1467340 kB
Buffers:           88992 kB
Cached:           762408 kB
MemTotal:        1844596 kB
MemFree:          639188 kB
MemAvailable:    1466008 kB
Buffers:           88992 kB
Cached:           762408 kB
MemTotal:        1844596 kB
MemFree:          634972 kB
MemAvailable:    1461792 kB
Buffers:           88992 kB
Cached:           762408 kB
MemTotal:        1844596 kB
MemFree:          631748 kB
MemAvailable:    1458568 kB
Buffers:           88992 kB
Cached:           762408 kB
MemTotal:        1844596 kB
MemFree:          629948 kB
MemAvailable:    1456768 kB
Buffers:           88992 kB
Cached:           762408 kB
MemTotal:        1844596 kB
MemFree:          628764 kB
MemAvailable:    1455584 kB
Buffers:           88992 kB
Cached:           762408 kB
MemTotal:        1844596 kB
MemFree:          628028 kB
MemAvailable:    1454848 kB
Buffers:           88992 kB
Cached:           762408 kB
MemTotal:        1844596 kB
MemFree:          629096 kB
MemAvailable:    1455916 kB
Buffers:           88992 kB
Cached:           762408 kB
MemTotal:        1844596 kB
MemFree:          629028 kB
MemAvailable:    1455848 kB
Buffers:           88992 kB
Cached:           762408 kB
MemTotal:        1844596 kB
MemFree:          629012 kB
MemAvailable:    1455832 kB
Buffers:           88992 kB
Cached:           762408 kB
MemTotal:        1844596 kB
MemFree:          627656 kB
MemAvailable:    1454476 kB
Buffers:           88992 kB
Cached:           762408 kB
MemTotal:        1844596 kB
MemFree:          627264 kB
MemAvailable:    1454084 kB
Buffers:           88992 kB
Cached:           762408 kB
MemTotal:        1844596 kB
MemFree:          628012 kB
MemAvailable:    1454832 kB
Buffers:           88992 kB
Cached:           762408 kB
MemTotal:        1844596 kB
MemFree:          626764 kB
MemAvailable:    1453584 kB
Buffers:           88992 kB
Cached:           762408 kB
MemTotal:        1844596 kB
MemFree:          626284 kB
MemAvailable:    1453104 kB
Buffers:           88992 kB
Cached:           762408 kB
MemTotal:        1844596 kB
MemFree:          624680 kB
MemAvailable:    1451500 kB
Buffers:           88992 kB
Cached:           762408 kB
MemTotal:        1844596 kB
MemFree:          625920 kB
MemAvailable:    1452740 kB
Buffers:           88992 kB
Cached:           762408 kB
MemTotal:        1844596 kB
MemFree:          625176 kB
MemAvailable:    1451996 kB
Buffers:           88992 kB
Cached:           762408 kB
MemTotal:        1844596 kB
MemFree:          624504 kB
MemAvailable:    1451324 kB
Buffers:           88992 kB
Cached:           762408 kB
MemTotal:        1844596 kB
MemFree:          624372 kB
MemAvailable:    1451192 kB
Buffers:           88992 kB
Cached:           762408 kB
MemTotal:        1844596 kB
MemFree:          624664 kB
MemAvailable:    1451484 kB
Buffers:           88992 kB
Cached:           762408 kB
MemTotal:        1844596 kB
MemFree:          625780 kB
MemAvailable:    1452600 kB
Buffers:           88992 kB
Cached:           762408 kB
MemTotal:        1844596 kB
MemFree:          624556 kB
MemAvailable:    1451376 kB
Buffers:           88992 kB
Cached:           762408 kB
MemTotal:        1844596 kB
MemFree:          624384 kB
MemAvailable:    1451204 kB
Buffers:           88992 kB
Cached:           762408 kB
MemTotal:        1844596 kB
MemFree:          625656 kB
MemAvailable:    1452476 kB
Buffers:           88992 kB
Cached:           762408 kB
MemTotal:        1844596 kB
MemFree:          625908 kB
MemAvailable:    1452728 kB
Buffers:           88992 kB
Cached:           762408 kB
MemTotal:        1844596 kB
MemFree:          624544 kB
MemAvailable:    1451364 kB
Buffers:           88992 kB
Cached:           762408 kB
MemTotal:        1844596 kB
MemFree:          625512 kB
MemAvailable:    1452332 kB
Buffers:           88992 kB
Cached:           762408 kB
MemTotal:        1844596 kB
MemFree:          625764 kB
MemAvailable:    1452584 kB
Buffers:           88992 kB
Cached:           762408 kB
MemTotal:        1844596 kB
MemFree:          625176 kB
MemAvailable:    1451996 kB
Buffers:           88992 kB
Cached:           762408 kB
MemTotal:        1844596 kB
MemFree:          625104 kB
MemAvailable:    1451924 kB
Buffers:           88992 kB
Cached:           762408 kB
MemTotal:        1844596 kB
MemFree:          623796 kB
MemAvailable:    1450616 kB
Buffers:           88992 kB
Cached:           762408 kB
MemTotal:        1844596 kB
MemFree:          623880 kB
MemAvailable:    1450700 kB
Buffers:           88992 kB
Cached:           762408 kB
MemTotal:        1844596 kB
MemFree:          622384 kB
MemAvailable:    1449204 kB
Buffers:           88992 kB
Cached:           762408 kB
MemTotal:        1844596 kB
MemFree:          622392 kB
MemAvailable:    1449212 kB
Buffers:           88992 kB
Cached:           762408 kB
MemTotal:        1844596 kB
MemFree:          622632 kB
MemAvailable:    1449452 kB
Buffers:           88992 kB
Cached:           762408 kB
MemTotal:        1844596 kB
MemFree:          623564 kB
MemAvailable:    1450384 kB
Buffers:           88992 kB
Cached:           762408 kB
MemTotal:        1844596 kB
MemFree:          621332 kB
MemAvailable:    1448152 kB
Buffers:           88992 kB
Cached:           762408 kB
MemTotal:        1844596 kB
MemFree:          621332 kB
MemAvailable:    1448152 kB
Buffers:           88992 kB
Cached:           762408 kB
MemTotal:        1844596 kB
MemFree:          621448 kB
MemAvailable:    1448268 kB
Buffers:           88992 kB
Cached:           762408 kB
MemTotal:        1844596 kB
MemFree:          621200 kB
MemAvailable:    1448020 kB
Buffers:           88992 kB
Cached:           762408 kB
MemTotal:        1844596 kB
MemFree:          621696 kB
MemAvailable:    1448516 kB
Buffers:           88992 kB
Cached:           762408 kB
MemTotal:        1844596 kB
MemFree:          621696 kB
MemAvailable:    1448516 kB
Buffers:           88992 kB
Cached:           762408 kB
MemTotal:        1844596 kB
MemFree:          621532 kB
MemAvailable:    1448352 kB
Buffers:           88992 kB
Cached:           762408 kB
MemTotal:        1844596 kB
MemFree:          621520 kB
MemAvailable:    1448340 kB
Buffers:           88992 kB
Cached:           762408 kB
MemTotal:        1844596 kB
MemFree:          621520 kB
MemAvailable:    1448340 kB
Buffers:           88992 kB
Cached:           762408 kB
MemTotal:        1844596 kB
MemFree:          621572 kB
MemAvailable:    1448392 kB
Buffers:           88992 kB
Cached:           762408 kB
MemTotal:        1844596 kB
MemFree:          621092 kB
MemAvailable:    1447912 kB
Buffers:           88992 kB
Cached:           762408 kB
MemTotal:        1844596 kB
MemFree:          621640 kB
MemAvailable:    1448460 kB
Buffers:           88992 kB
Cached:           762408 kB
MemTotal:        1844596 kB
MemFree:          621076 kB
MemAvailable:    1447896 kB
Buffers:           88992 kB
Cached:           762408 kB
MemTotal:        1844596 kB
MemFree:          621560 kB
MemAvailable:    1448380 kB
Buffers:           88992 kB
Cached:           762408 kB
MemTotal:        1844596 kB
MemFree:          621616 kB
MemAvailable:    1448436 kB
Buffers:           88992 kB
Cached:           762408 kB
MemTotal:        1844596 kB
MemFree:          620836 kB
MemAvailable:    1447656 kB
Buffers:           88992 kB
Cached:           762408 kB
MemTotal:        1844596 kB
MemFree:          621800 kB
MemAvailable:    1448628 kB
Buffers:           88992 kB
Cached:           762416 kB
MemTotal:        1844596 kB
MemFree:          620588 kB
MemAvailable:    1447416 kB
Buffers:           88992 kB
Cached:           762416 kB
MemTotal:        1844596 kB
MemFree:          621316 kB
MemAvailable:    1448144 kB
Buffers:           88992 kB
Cached:           762416 kB
MemTotal:        1844596 kB
MemFree:          621400 kB
MemAvailable:    1448228 kB
Buffers:           88992 kB
Cached:           762416 kB
MemTotal:        1844596 kB
MemFree:          621372 kB
MemAvailable:    1448200 kB
Buffers:           88992 kB
Cached:           762416 kB
MemTotal:        1844596 kB
MemFree:          621332 kB
MemAvailable:    1448160 kB
Buffers:           88992 kB
Cached:           762416 kB
MemTotal:        1844596 kB
MemFree:          620588 kB
MemAvailable:    1447416 kB
Buffers:           88992 kB
Cached:           762416 kB
MemTotal:        1844596 kB
MemFree:          621140 kB
MemAvailable:    1447968 kB
Buffers:           88992 kB
Cached:           762416 kB
MemTotal:        1844596 kB
MemFree:          621476 kB
MemAvailable:    1448304 kB
Buffers:           88992 kB
Cached:           762416 kB
MemTotal:        1844596 kB
MemFree:          621260 kB
MemAvailable:    1448088 kB
Buffers:           88992 kB
Cached:           762416 kB
MemTotal:        1844596 kB
MemFree:          621512 kB
MemAvailable:    1448340 kB
Buffers:           88992 kB
Cached:           762416 kB
MemTotal:        1844596 kB
MemFree:          620036 kB
MemAvailable:    1446864 kB
Buffers:           88992 kB
Cached:           762416 kB
MemTotal:        1844596 kB
MemFree:          621276 kB
MemAvailable:    1448104 kB
Buffers:           88992 kB
Cached:           762416 kB
MemTotal:        1844596 kB
MemFree:          620464 kB
MemAvailable:    1447292 kB
Buffers:           88992 kB
Cached:           762416 kB
MemTotal:        1844596 kB
MemFree:          621088 kB
MemAvailable:    1447920 kB
Buffers:           88992 kB
Cached:           762420 kB
MemTotal:        1844596 kB
MemFree:          621180 kB
MemAvailable:    1448012 kB
Buffers:           88992 kB
Cached:           762420 kB
MemTotal:        1844596 kB
MemFree:          621516 kB
MemAvailable:    1448348 kB
Buffers:           88992 kB
Cached:           762420 kB
MemTotal:        1844596 kB
MemFree:          620084 kB
MemAvailable:    1446916 kB
Buffers:           88992 kB
Cached:           762420 kB
MemTotal:        1844596 kB
MemFree:          620168 kB
MemAvailable:    1447000 kB
Buffers:           88992 kB
Cached:           762420 kB
MemTotal:        1844596 kB
MemFree:          619772 kB
MemAvailable:    1446604 kB
Buffers:           88992 kB
Cached:           762420 kB
MemTotal:        1844596 kB
MemFree:          619920 kB
MemAvailable:    1446752 kB
Buffers:           88992 kB
Cached:           762420 kB
MemTotal:        1844596 kB
MemFree:          618416 kB
MemAvailable:    1445248 kB
Buffers:           88992 kB
Cached:           762420 kB
MemTotal:        1844596 kB
MemFree:          616928 kB
MemAvailable:    1443760 kB
Buffers:           88992 kB
Cached:           762420 kB
MemTotal:        1844596 kB
MemFree:          613512 kB
MemAvailable:    1440344 kB
Buffers:           88992 kB
Cached:           762420 kB
MemTotal:        1844596 kB
MemFree:          613596 kB
MemAvailable:    1440428 kB
Buffers:           88992 kB
Cached:           762420 kB
MemTotal:        1844596 kB
MemFree:          608544 kB
MemAvailable:    1435376 kB
Buffers:           88992 kB
Cached:           762420 kB
MemTotal:        1844596 kB
MemFree:          607444 kB
MemAvailable:    1434276 kB
Buffers:           88992 kB
Cached:           762420 kB
MemTotal:        1844596 kB
MemFree:          603220 kB
MemAvailable:    1430052 kB
Buffers:           88992 kB
Cached:           762420 kB
MemTotal:        1844596 kB
MemFree:          602972 kB
MemAvailable:    1429804 kB
Buffers:           88992 kB
Cached:           762420 kB
MemTotal:        1844596 kB
MemFree:          602828 kB
MemAvailable:    1429660 kB
Buffers:           88992 kB
Cached:           762420 kB
MemTotal:        1844596 kB
MemFree:          603080 kB
MemAvailable:    1429912 kB
Buffers:           88992 kB
Cached:           762420 kB
MemTotal:        1844596 kB
MemFree:          601560 kB
MemAvailable:    1428392 kB
Buffers:           88992 kB
Cached:           762420 kB
MemTotal:        1844596 kB
MemFree:          601684 kB
MemAvailable:    1428516 kB
Buffers:           88992 kB
Cached:           762420 kB
MemTotal:        1844596 kB
MemFree:          602916 kB
MemAvailable:    1429748 kB
Buffers:           88992 kB
Cached:           762420 kB
MemTotal:        1844596 kB
MemFree:          602668 kB
MemAvailable:    1429500 kB
Buffers:           88992 kB
Cached:           762420 kB
MemTotal:        1844596 kB
MemFree:          602640 kB
MemAvailable:    1429472 kB
Buffers:           88992 kB
Cached:           762420 kB
MemTotal:        1844596 kB
MemFree:          601540 kB
MemAvailable:    1428372 kB
Buffers:           88992 kB
Cached:           762420 kB
MemTotal:        1844596 kB
MemFree:          601416 kB
MemAvailable:    1428248 kB
Buffers:           88992 kB
Cached:           762420 kB
MemTotal:        1844596 kB
MemFree:          602732 kB
MemAvailable:    1429564 kB
Buffers:           88992 kB
Cached:           762420 kB
MemTotal:        1844596 kB
MemFree:          602504 kB
MemAvailable:    1429336 kB
Buffers:           88992 kB
Cached:           762420 kB
MemTotal:        1844596 kB
MemFree:          602172 kB
MemAvailable:    1429004 kB
Buffers:           88992 kB
Cached:           762420 kB
MemTotal:        1844596 kB
MemFree:          600748 kB
MemAvailable:    1427580 kB
Buffers:           88992 kB
Cached:           762420 kB
MemTotal:        1844596 kB
MemFree:          600748 kB
MemAvailable:    1427580 kB
Buffers:           88992 kB
Cached:           762420 kB
MemTotal:        1844596 kB
MemFree:          601848 kB
MemAvailable:    1428680 kB
Buffers:           88992 kB
Cached:           762420 kB
MemTotal:        1844596 kB
MemFree:          601932 kB
MemAvailable:    1428764 kB
Buffers:           88992 kB
Cached:           762420 kB
MemTotal:        1844596 kB
MemFree:          601600 kB
MemAvailable:    1428432 kB
Buffers:           88992 kB
Cached:           762420 kB
MemTotal:        1844596 kB
MemFree:          600612 kB
MemAvailable:    1427444 kB
Buffers:           88992 kB
Cached:           762420 kB
MemTotal:        1844596 kB
MemFree:          600624 kB
MemAvailable:    1427456 kB
Buffers:           88992 kB
Cached:           762420 kB
MemTotal:        1844596 kB
MemFree:          601960 kB
MemAvailable:    1428792 kB
Buffers:           88992 kB
Cached:           762420 kB
MemTotal:        1844596 kB
MemFree:          601120 kB
MemAvailable:    1427952 kB
Buffers:           88992 kB
Cached:           762420 kB
MemTotal:        1844596 kB
MemFree:          601672 kB
MemAvailable:    1428504 kB
Buffers:           88992 kB
Cached:           762420 kB
MemTotal:        1844596 kB
MemFree:          601492 kB
MemAvailable:    1428324 kB
Buffers:           88992 kB
Cached:           762420 kB
MemTotal:        1844596 kB
MemFree:          601852 kB
MemAvailable:    1428684 kB
Buffers:           88992 kB
Cached:           762420 kB
MemTotal:        1844596 kB
MemFree:          601824 kB
MemAvailable:    1428656 kB
Buffers:           88992 kB
Cached:           762420 kB
MemTotal:        1844596 kB
MemFree:          601128 kB
MemAvailable:    1427960 kB
Buffers:           88992 kB
Cached:           762420 kB
MemTotal:        1844596 kB
MemFree:          602280 kB
MemAvailable:    1429112 kB
Buffers:           88992 kB
Cached:           762420 kB
MemTotal:        1844596 kB
MemFree:          600996 kB
MemAvailable:    1427828 kB
Buffers:           88992 kB
Cached:           762420 kB
MemTotal:        1844596 kB
MemFree:          601824 kB
MemAvailable:    1428656 kB
Buffers:           88992 kB
Cached:           762420 kB
MemTotal:        1844596 kB
MemFree:          602008 kB
MemAvailable:    1428840 kB
Buffers:           88992 kB
Cached:           762420 kB
MemTotal:        1844596 kB
MemFree:          600448 kB
MemAvailable:    1427280 kB
Buffers:           88992 kB
Cached:           762420 kB
MemTotal:        1844596 kB
MemFree:          601916 kB
MemAvailable:    1428748 kB
Buffers:           88992 kB
Cached:           762420 kB
MemTotal:        1844596 kB
MemFree:          601120 kB
MemAvailable:    1427952 kB
Buffers:           88992 kB
Cached:           762420 kB
MemTotal:        1844596 kB
MemFree:          597500 kB
MemAvailable:    1424336 kB
Buffers:           88992 kB
Cached:           762424 kB
MemTotal:        1844596 kB
MemFree:          597464 kB
MemAvailable:    1424300 kB
Buffers:           88992 kB
Cached:           762424 kB
MemTotal:        1844596 kB
MemFree:          592052 kB
MemAvailable:    1418888 kB
Buffers:           88992 kB
Cached:           762424 kB
MemTotal:        1844596 kB
MemFree:          591696 kB
MemAvailable:    1418532 kB
Buffers:           88992 kB
Cached:           762424 kB
MemTotal:        1844596 kB
MemFree:          588036 kB
MemAvailable:    1414872 kB
Buffers:           88992 kB
Cached:           762424 kB
MemTotal:        1844596 kB
MemFree:          584936 kB
MemAvailable:    1411772 kB
Buffers:           88992 kB
Cached:           762424 kB
MemTotal:        1844596 kB
MemFree:          583696 kB
MemAvailable:    1410532 kB
Buffers:           88992 kB
Cached:           762424 kB
MemTotal:        1844596 kB
MemFree:          582388 kB
MemAvailable:    1409224 kB
Buffers:           88992 kB
Cached:           762424 kB
MemTotal:        1844596 kB
MemFree:          582264 kB
MemAvailable:    1409100 kB
Buffers:           88992 kB
Cached:           762424 kB
MemTotal:        1844596 kB
MemFree:          582264 kB
MemAvailable:    1409100 kB
Buffers:           88992 kB
Cached:           762424 kB
MemTotal:        1844596 kB
MemFree:          583572 kB
MemAvailable:    1410408 kB
Buffers:           88992 kB
Cached:           762424 kB
MemTotal:        1844596 kB
MemFree:          582084 kB
MemAvailable:    1408920 kB
Buffers:           88992 kB
Cached:           762424 kB
MemTotal:        1844596 kB
MemFree:          582208 kB
MemAvailable:    1409044 kB
Buffers:           88992 kB
Cached:           762424 kB
MemTotal:        1844596 kB
MemFree:          583608 kB
MemAvailable:    1410444 kB
Buffers:           88992 kB
Cached:           762424 kB
MemTotal:        1844596 kB
MemFree:          583480 kB
MemAvailable:    1410316 kB
Buffers:           88992 kB
Cached:           762424 kB
MemTotal:        1844596 kB
MemFree:          582892 kB
MemAvailable:    1409728 kB
Buffers:           88992 kB
Cached:           762424 kB
MemTotal:        1844596 kB
MemFree:          583552 kB
MemAvailable:    1410388 kB
Buffers:           88992 kB
Cached:           762424 kB
MemTotal:        1844596 kB
MemFree:          583512 kB
MemAvailable:    1410348 kB
Buffers:           88992 kB
Cached:           762424 kB
MemTotal:        1844596 kB
MemFree:          582768 kB
MemAvailable:    1409604 kB
Buffers:           88992 kB
Cached:           762424 kB
MemTotal:        1844596 kB
MemFree:          584052 kB
MemAvailable:    1410892 kB
Buffers:           88992 kB
Cached:           762428 kB
MemTotal:        1844596 kB
MemFree:          582768 kB
MemAvailable:    1409608 kB
Buffers:           88992 kB
Cached:           762428 kB
MemTotal:        1844596 kB
MemFree:          583332 kB
MemAvailable:    1410172 kB
Buffers:           88992 kB
Cached:           762428 kB
MemTotal:        1844596 kB
MemFree:          583668 kB
MemAvailable:    1410508 kB
Buffers:           88992 kB
Cached:           762428 kB
MemTotal:        1844596 kB
MemFree:          582100 kB
MemAvailable:    1408940 kB
Buffers:           88992 kB
Cached:           762428 kB
MemTotal:        1844596 kB
MemFree:          583372 kB
MemAvailable:    1410212 kB
Buffers:           88992 kB
Cached:           762428 kB
MemTotal:        1844596 kB
MemFree:          583624 kB
MemAvailable:    1410464 kB
Buffers:           88992 kB
Cached:           762428 kB
MemTotal:        1844596 kB
MemFree:          582240 kB
MemAvailable:    1409080 kB
Buffers:           88992 kB
Cached:           762428 kB
MemTotal:        1844596 kB
MemFree:          583424 kB
MemAvailable:    1410264 kB
Buffers:           88992 kB
Cached:           762428 kB
MemTotal:        1844596 kB
MemFree:          583396 kB
MemAvailable:    1410236 kB
Buffers:           88992 kB
Cached:           762428 kB
MemTotal:        1844596 kB
MemFree:          583400 kB
MemAvailable:    1410240 kB
Buffers:           88992 kB
Cached:           762428 kB
MemTotal:        1844596 kB
MemFree:          583500 kB
MemAvailable:    1410340 kB
Buffers:           88992 kB
Cached:           762428 kB
MemTotal:        1844596 kB
MemFree:          583528 kB
MemAvailable:    1410368 kB
Buffers:           88992 kB
Cached:           762428 kB
MemTotal:        1844596 kB
MemFree:          583472 kB
MemAvailable:    1410312 kB
Buffers:           88992 kB
Cached:           762428 kB
MemTotal:        1844596 kB
MemFree:          583528 kB
MemAvailable:    1410368 kB
Buffers:           88992 kB
Cached:           762428 kB
MemTotal:        1844596 kB
MemFree:          582776 kB
MemAvailable:    1409616 kB
Buffers:           88992 kB
Cached:           762428 kB
MemTotal:        1844596 kB
MemFree:          583460 kB
MemAvailable:    1410300 kB
Buffers:           88992 kB
Cached:           762428 kB
MemTotal:        1844596 kB
MemFree:          583712 kB
MemAvailable:    1410552 kB
Buffers:           88992 kB
Cached:           762428 kB
MemTotal:        1844596 kB
MemFree:          583652 kB
MemAvailable:    1410492 kB
Buffers:           88992 kB
Cached:           762428 kB
MemTotal:        1844596 kB
MemFree:          582536 kB
MemAvailable:    1409376 kB
Buffers:           88992 kB
Cached:           762428 kB
MemTotal:        1844596 kB
MemFree:          583580 kB
MemAvailable:    1410420 kB
Buffers:           88992 kB
Cached:           762428 kB
MemTotal:        1844596 kB
MemFree:          583572 kB
MemAvailable:    1410412 kB
Buffers:           88992 kB
Cached:           762428 kB
MemTotal:        1844596 kB
MemFree:          583504 kB
MemAvailable:    1410344 kB
Buffers:           88992 kB
Cached:           762428 kB
MemTotal:        1844596 kB
MemFree:          583716 kB
MemAvailable:    1410556 kB
Buffers:           88992 kB
Cached:           762428 kB
MemTotal:        1844596 kB
MemFree:          581288 kB
MemAvailable:    1408128 kB
Buffers:           88992 kB
Cached:           762428 kB
MemTotal:        1844596 kB
MemFree:          576444 kB
MemAvailable:    1403284 kB
Buffers:           88992 kB
Cached:           762428 kB
MemTotal:        1844596 kB
MemFree:          576336 kB
MemAvailable:    1403176 kB
Buffers:           88992 kB
Cached:           762428 kB
MemTotal:        1844596 kB
MemFree:          571492 kB
MemAvailable:    1398332 kB
Buffers:           88992 kB
Cached:           762428 kB
MemTotal:        1844596 kB
MemFree:          566896 kB
MemAvailable:    1393736 kB
Buffers:           88992 kB
Cached:           762428 kB
MemTotal:        1844596 kB
MemFree:          566524 kB
MemAvailable:    1393364 kB
Buffers:           88992 kB
Cached:           762428 kB
MemTotal:        1844596 kB
MemFree:          566144 kB
MemAvailable:    1392984 kB
Buffers:           88992 kB
Cached:           762428 kB
MemTotal:        1844596 kB
MemFree:          565796 kB
MemAvailable:    1392636 kB
Buffers:           88992 kB
Cached:           762428 kB
MemTotal:        1844596 kB
MemFree:          564912 kB
MemAvailable:    1391752 kB
Buffers:           88992 kB
Cached:           762428 kB
MemTotal:        1844596 kB
MemFree:          564176 kB
MemAvailable:    1391016 kB
Buffers:           88992 kB
Cached:           762428 kB
MemTotal:        1844596 kB
MemFree:          565152 kB
MemAvailable:    1391992 kB
Buffers:           88992 kB
Cached:           762428 kB
MemTotal:        1844596 kB
MemFree:          565236 kB
MemAvailable:    1392076 kB
Buffers:           88992 kB
Cached:           762428 kB
MemTotal:        1844596 kB
MemFree:          565208 kB
MemAvailable:    1392048 kB
Buffers:           88992 kB
Cached:           762428 kB
MemTotal:        1844596 kB
MemFree:          563728 kB
MemAvailable:    1390568 kB
Buffers:           88992 kB
Cached:           762428 kB
MemTotal:        1844596 kB
MemFree:          565224 kB
MemAvailable:    1392064 kB
Buffers:           88996 kB
Cached:           762424 kB
MemTotal:        1844596 kB
MemFree:          565224 kB
MemAvailable:    1392064 kB
Buffers:           88996 kB
Cached:           762424 kB
MemTotal:        1844596 kB
MemFree:          563736 kB
MemAvailable:    1390576 kB
Buffers:           88996 kB
Cached:           762424 kB
MemTotal:        1844596 kB
MemFree:          564968 kB
MemAvailable:    1391808 kB
Buffers:           88996 kB
Cached:           762424 kB
MemTotal:        1844596 kB
MemFree:          563480 kB
MemAvailable:    1390320 kB
Buffers:           88996 kB
Cached:           762424 kB
MemTotal:        1844596 kB
MemFree:          562812 kB
MemAvailable:    1389652 kB
Buffers:           88996 kB
Cached:           762424 kB
MemTotal:        1844596 kB
MemFree:          562432 kB
MemAvailable:    1389272 kB
Buffers:           88996 kB
Cached:           762424 kB
MemTotal:        1844596 kB
MemFree:          562920 kB
MemAvailable:    1389760 kB
Buffers:           88996 kB
Cached:           762424 kB
MemTotal:        1844596 kB
MemFree:          562812 kB
MemAvailable:    1389652 kB
Buffers:           88996 kB
Cached:           762424 kB
MemTotal:        1844596 kB
MemFree:          562440 kB
MemAvailable:    1389280 kB
Buffers:           88996 kB
Cached:           762424 kB
MemTotal:        1844596 kB
MemFree:          562060 kB
MemAvailable:    1388900 kB
Buffers:           88996 kB
Cached:           762424 kB
MemTotal:        1844596 kB
MemFree:          562316 kB
MemAvailable:    1389156 kB
Buffers:           88996 kB
Cached:           762424 kB
MemTotal:        1844596 kB
MemFree:          560564 kB
MemAvailable:    1387404 kB
Buffers:           88996 kB
Cached:           762424 kB
MemTotal:        1844596 kB
MemFree:          560208 kB
MemAvailable:    1387048 kB
Buffers:           88996 kB
Cached:           762424 kB
MemTotal:        1844596 kB
MemFree:          560020 kB
MemAvailable:    1386860 kB
Buffers:           88996 kB
Cached:           762424 kB
MemTotal:        1844596 kB
MemFree:          557844 kB
MemAvailable:    1384684 kB
Buffers:           88996 kB
Cached:           762424 kB
MemTotal:        1844596 kB
MemFree:          559208 kB
MemAvailable:    1386048 kB
Buffers:           88996 kB
Cached:           762424 kB
MemTotal:        1844596 kB
MemFree:          559084 kB
MemAvailable:    1385924 kB
Buffers:           88996 kB
Cached:           762424 kB
MemTotal:        1844596 kB
MemFree:          558356 kB
MemAvailable:    1385196 kB
Buffers:           88996 kB
Cached:           762424 kB
MemTotal:        1844596 kB
MemFree:          557720 kB
MemAvailable:    1384560 kB
Buffers:           88996 kB
Cached:           762424 kB
MemTotal:        1844596 kB
MemFree:          557720 kB
MemAvailable:    1384560 kB
Buffers:           88996 kB
Cached:           762424 kB
MemTotal:        1844596 kB
MemFree:          559084 kB
MemAvailable:    1385924 kB
Buffers:           88996 kB
Cached:           762424 kB
MemTotal:        1844596 kB
MemFree:          557796 kB
MemAvailable:    1384636 kB
Buffers:           88996 kB
Cached:           762424 kB
MemTotal:        1844596 kB
MemFree:          556488 kB
MemAvailable:    1383328 kB
Buffers:           88996 kB
Cached:           762424 kB
MemTotal:        1844596 kB
MemFree:          557728 kB
MemAvailable:    1384568 kB
Buffers:           88996 kB
Cached:           762424 kB
MemTotal:        1844596 kB
MemFree:          556488 kB
MemAvailable:    1383328 kB
Buffers:           88996 kB
Cached:           762424 kB
MemTotal:        1844596 kB
MemFree:          557268 kB
MemAvailable:    1384108 kB
Buffers:           88996 kB
Cached:           762424 kB
MemTotal:        1844596 kB
MemFree:          557240 kB
MemAvailable:    1384080 kB
Buffers:           88996 kB
Cached:           762424 kB
MemTotal:        1844596 kB
MemFree:          557308 kB
MemAvailable:    1384148 kB
Buffers:           88996 kB
Cached:           762424 kB
MemTotal:        1844596 kB
MemFree:          557404 kB
MemAvailable:    1384244 kB
Buffers:           88996 kB
Cached:           762424 kB
MemTotal:        1844596 kB
MemFree:          556056 kB
MemAvailable:    1382896 kB
Buffers:           88996 kB
Cached:           762424 kB
MemTotal:        1844596 kB
MemFree:          556056 kB
MemAvailable:    1382896 kB
Buffers:           88996 kB
Cached:           762424 kB
MemTotal:        1844596 kB
MemFree:          557520 kB
MemAvailable:    1384360 kB
Buffers:           88996 kB
Cached:           762424 kB
MemTotal:        1844596 kB
MemFree:          557408 kB
MemAvailable:    1384248 kB
Buffers:           88996 kB
Cached:           762424 kB
MemTotal:        1844596 kB
MemFree:          557328 kB
MemAvailable:    1384168 kB
Buffers:           88996 kB
Cached:           762424 kB
MemTotal:        1844596 kB
MemFree:          556204 kB
MemAvailable:    1383044 kB
Buffers:           88996 kB
Cached:           762424 kB
MemTotal:        1844596 kB
MemFree:          556164 kB
MemAvailable:    1383004 kB
Buffers:           88996 kB
Cached:           762424 kB
MemTotal:        1844596 kB
MemFree:          557316 kB
MemAvailable:    1384156 kB
Buffers:           88996 kB
Cached:           762424 kB
MemTotal:        1844596 kB
MemFree:          556612 kB
MemAvailable:    1383452 kB
Buffers:           88996 kB
Cached:           762424 kB
MemTotal:        1844596 kB
MemFree:          557080 kB
MemAvailable:    1383920 kB
Buffers:           88996 kB
Cached:           762424 kB
MemTotal:        1844596 kB
MemFree:          557416 kB
MemAvailable:    1384256 kB
Buffers:           88996 kB
Cached:           762424 kB
MemTotal:        1844596 kB
MemFree:          557260 kB
MemAvailable:    1384112 kB
Buffers:           88996 kB
Cached:           762440 kB
MemTotal:        1844596 kB
MemFree:          557432 kB
MemAvailable:    1384284 kB
Buffers:           88996 kB
Cached:           762440 kB
MemTotal:        1844596 kB
MemFree:          556104 kB
MemAvailable:    1382956 kB
Buffers:           88996 kB
Cached:           762440 kB
MemTotal:        1844596 kB
MemFree:          557564 kB
MemAvailable:    1384416 kB
Buffers:           88996 kB
Cached:           762440 kB
MemTotal:        1844596 kB
MemFree:          557212 kB
MemAvailable:    1384064 kB
Buffers:           88996 kB
Cached:           762440 kB
MemTotal:        1844596 kB
MemFree:          556048 kB
MemAvailable:    1382900 kB
Buffers:           88996 kB
Cached:           762440 kB
MemTotal:        1844596 kB
MemFree:          557412 kB
MemAvailable:    1384264 kB
Buffers:           88996 kB
Cached:           762440 kB
MemTotal:        1844596 kB
MemFree:          557200 kB
MemAvailable:    1384052 kB
Buffers:           88996 kB
Cached:           762440 kB
MemTotal:        1844596 kB
MemFree:          557536 kB
MemAvailable:    1384388 kB
Buffers:           88996 kB
Cached:           762440 kB
MemTotal:        1844596 kB
MemFree:          557284 kB
MemAvailable:    1384136 kB
Buffers:           88996 kB
Cached:           762440 kB
MemTotal:        1844596 kB
MemFree:          556612 kB
MemAvailable:    1383464 kB
Buffers:           88996 kB
Cached:           762440 kB
MemTotal:        1844596 kB
MemFree:          557080 kB
MemAvailable:    1383932 kB
Buffers:           88996 kB
Cached:           762440 kB
MemTotal:        1844596 kB
MemFree:          557416 kB
MemAvailable:    1384268 kB
Buffers:           88996 kB
Cached:           762440 kB
MemTotal:        1844596 kB
MemFree:          556116 kB
MemAvailable:    1382968 kB
Buffers:           88996 kB
Cached:           762440 kB
MemTotal:        1844596 kB
MemFree:          557184 kB
MemAvailable:    1384036 kB
Buffers:           88996 kB
Cached:           762440 kB
MemTotal:        1844596 kB
MemFree:          556068 kB
MemAvailable:    1382920 kB
Buffers:           88996 kB
Cached:           762440 kB
MemTotal:        1844596 kB
MemFree:          556068 kB
MemAvailable:    1382920 kB
Buffers:           88996 kB
Cached:           762440 kB
MemTotal:        1844596 kB
MemFree:          556064 kB
MemAvailable:    1382916 kB
Buffers:           88996 kB
Cached:           762440 kB
MemTotal:        1844596 kB
MemFree:          556100 kB
MemAvailable:    1382952 kB
Buffers:           88996 kB
Cached:           762440 kB
MemTotal:        1844596 kB
MemFree:          557408 kB
MemAvailable:    1384260 kB
Buffers:           88996 kB
Cached:           762440 kB
MemTotal:        1844596 kB
MemFree:          555920 kB
MemAvailable:    1382772 kB
Buffers:           88996 kB
Cached:           762440 kB
MemTotal:        1844596 kB
MemFree:          557352 kB
MemAvailable:    1384204 kB
Buffers:           88996 kB
Cached:           762440 kB
MemTotal:        1844596 kB
MemFree:          557152 kB
MemAvailable:    1384004 kB
Buffers:           88996 kB
Cached:           762440 kB
MemTotal:        1844596 kB
MemFree:          557404 kB
MemAvailable:    1384256 kB
Buffers:           88996 kB
Cached:           762440 kB
MemTotal:        1844596 kB
MemFree:          556084 kB
MemAvailable:    1382936 kB
Buffers:           88996 kB
Cached:           762440 kB
MemTotal:        1844596 kB
MemFree:          557232 kB
MemAvailable:    1384084 kB
Buffers:           88996 kB
Cached:           762440 kB
MemTotal:        1844596 kB
MemFree:          552024 kB
MemAvailable:    1378876 kB
Buffers:           88996 kB
Cached:           762440 kB
MemTotal:        1844596 kB
MemFree:          550372 kB
MemAvailable:    1377224 kB
Buffers:           88996 kB
Cached:           762440 kB
MemTotal:        1844596 kB
MemFree:          547808 kB
MemAvailable:    1374660 kB
Buffers:           88996 kB
Cached:           762440 kB
MemTotal:        1844596 kB
MemFree:          544080 kB
MemAvailable:    1370936 kB
Buffers:           88996 kB
Cached:           762444 kB
MemTotal:        1844596 kB
MemFree:          544044 kB
MemAvailable:    1370900 kB
Buffers:           88996 kB
Cached:           762444 kB
MemTotal:        1844596 kB
MemFree:          538376 kB
MemAvailable:    1365232 kB
Buffers:           88996 kB
Cached:           762444 kB
MemTotal:        1844596 kB
MemFree:          537648 kB
MemAvailable:    1364504 kB
Buffers:           88996 kB
Cached:           762444 kB
MemTotal:        1844596 kB
MemFree:          538064 kB
MemAvailable:    1364920 kB
Buffers:           88996 kB
Cached:           762444 kB
MemTotal:        1844596 kB
MemFree:          537996 kB
MemAvailable:    1364852 kB
Buffers:           88996 kB
Cached:           762444 kB
MemTotal:        1844596 kB
MemFree:          536896 kB
MemAvailable:    1363752 kB
Buffers:           88996 kB
Cached:           762444 kB
MemTotal:        1844596 kB
MemFree:          537792 kB
MemAvailable:    1364648 kB
Buffers:           88996 kB
Cached:           762444 kB
MemTotal:        1844596 kB
MemFree:          537640 kB
MemAvailable:    1364496 kB
Buffers:           88996 kB
Cached:           762444 kB
MemTotal:        1844596 kB
MemFree:          536376 kB
MemAvailable:    1363232 kB
Buffers:           88996 kB
Cached:           762444 kB
MemTotal:        1844596 kB
MemFree:          537808 kB
MemAvailable:    1364664 kB
Buffers:           88996 kB
Cached:           762444 kB
MemTotal:        1844596 kB
MemFree:          536632 kB
MemAvailable:    1363488 kB
Buffers:           88996 kB
Cached:           762444 kB
MemTotal:        1844596 kB
MemFree:          537692 kB
MemAvailable:    1364548 kB
Buffers:           88996 kB
Cached:           762444 kB
MemTotal:        1844596 kB
MemFree:          537944 kB
MemAvailable:    1364800 kB
Buffers:           88996 kB
Cached:           762444 kB
MemTotal:        1844596 kB
MemFree:          536636 kB
MemAvailable:    1363492 kB
Buffers:           88996 kB
Cached:           762444 kB
MemTotal:        1844596 kB
MemFree:          537928 kB
MemAvailable:    1364784 kB
Buffers:           88996 kB
Cached:           762444 kB
MemTotal:        1844596 kB
MemFree:          538176 kB
MemAvailable:    1365032 kB
Buffers:           88996 kB
Cached:           762444 kB
MemTotal:        1844596 kB
MemFree:          537268 kB
MemAvailable:    1364124 kB
Buffers:           88996 kB
Cached:           762444 kB
MemTotal:        1844596 kB
MemFree:          537756 kB
MemAvailable:    1364612 kB
Buffers:           88996 kB
Cached:           762444 kB
MemTotal:        1844596 kB
MemFree:          537756 kB
MemAvailable:    1364612 kB
Buffers:           88996 kB
Cached:           762444 kB
MemTotal:        1844596 kB
MemFree:          537468 kB
MemAvailable:    1364324 kB
Buffers:           88996 kB
Cached:           762444 kB
MemTotal:        1844596 kB
MemFree:          537648 kB
MemAvailable:    1364504 kB
Buffers:           88996 kB
Cached:           762444 kB
MemTotal:        1844596 kB
MemFree:          537144 kB
MemAvailable:    1364000 kB
Buffers:           88996 kB
Cached:           762444 kB
MemTotal:        1844596 kB
MemFree:          537456 kB
MemAvailable:    1364312 kB
Buffers:           88996 kB
Cached:           762444 kB
MemTotal:        1844596 kB
MemFree:          537400 kB
MemAvailable:    1364256 kB
Buffers:           88996 kB
Cached:           762444 kB
MemTotal:        1844596 kB
MemFree:          536144 kB
MemAvailable:    1363000 kB
Buffers:           88996 kB
Cached:           762444 kB
MemTotal:        1844596 kB
MemFree:          536268 kB
MemAvailable:    1363124 kB
Buffers:           88996 kB
Cached:           762444 kB
MemTotal:        1844596 kB
MemFree:          536392 kB
MemAvailable:    1363248 kB
Buffers:           88996 kB
Cached:           762444 kB
MemTotal:        1844596 kB
MemFree:          537268 kB
MemAvailable:    1364124 kB
Buffers:           88996 kB
Cached:           762444 kB
MemTotal:        1844596 kB
MemFree:          535888 kB
MemAvailable:    1362744 kB
Buffers:           88996 kB
Cached:           762444 kB
MemTotal:        1844596 kB
MemFree:          535532 kB
MemAvailable:    1362388 kB
Buffers:           88996 kB
Cached:           762444 kB
MemTotal:        1844596 kB
MemFree:          532432 kB
MemAvailable:    1359288 kB
Buffers:           88996 kB
Cached:           762444 kB
MemTotal:        1844596 kB
MemFree:          526472 kB
MemAvailable:    1353328 kB
Buffers:           88996 kB
Cached:           762444 kB
MemTotal:        1844596 kB
MemFree:          526240 kB
MemAvailable:    1353096 kB
Buffers:           88996 kB
Cached:           762444 kB
MemTotal:        1844596 kB
MemFree:          527904 kB
MemAvailable:    1354760 kB
Buffers:           88996 kB
Cached:           762444 kB
MemTotal:        1844596 kB
MemFree:          527712 kB
MemAvailable:    1354568 kB
Buffers:           88996 kB
Cached:           762444 kB
MemTotal:        1844596 kB
MemFree:          527416 kB
MemAvailable:    1354272 kB
Buffers:           88996 kB
Cached:           762444 kB
MemTotal:        1844596 kB
MemFree:          527320 kB
MemAvailable:    1354176 kB
Buffers:           88996 kB
Cached:           762444 kB
MemTotal:        1844596 kB
MemFree:          527576 kB
MemAvailable:    1354432 kB
Buffers:           88996 kB
Cached:           762444 kB
MemTotal:        1844596 kB
MemFree:          526164 kB
MemAvailable:    1353020 kB
Buffers:           88996 kB
Cached:           762444 kB
MemTotal:        1844596 kB
MemFree:          524620 kB
MemAvailable:    1351476 kB
Buffers:           88996 kB
Cached:           762444 kB
MemTotal:        1844596 kB
MemFree:          525532 kB
MemAvailable:    1352388 kB
Buffers:           88996 kB
Cached:           762444 kB
MemTotal:        1844596 kB
MemFree:          524232 kB
MemAvailable:    1351088 kB
Buffers:           88996 kB
Cached:           762444 kB
MemTotal:        1844596 kB
MemFree:          525464 kB
MemAvailable:    1352404 kB
Buffers:           88996 kB
Cached:           762568 kB
MemTotal:        1844596 kB
MemFree:          525068 kB
MemAvailable:    1352264 kB
Buffers:           88996 kB
Cached:           762816 kB
MemTotal:        1844596 kB
MemFree:          525324 kB
MemAvailable:    1352520 kB
Buffers:           88996 kB
Cached:           762816 kB
MemTotal:        1844596 kB
MemFree:          523744 kB
MemAvailable:    1351028 kB
Buffers:           88996 kB
Cached:           762908 kB
MemTotal:        1844596 kB
MemFree:          524920 kB
MemAvailable:    1352288 kB
Buffers:           88996 kB
Cached:           763032 kB
MemTotal:        1844596 kB
MemFree:          523564 kB
MemAvailable:    1351016 kB
Buffers:           88996 kB
Cached:           763032 kB
MemTotal:        1844596 kB
MemFree:          523876 kB
MemAvailable:    1351328 kB
Buffers:           88996 kB
Cached:           763032 kB
MemTotal:        1844596 kB
MemFree:          524860 kB
MemAvailable:    1352396 kB
Buffers:           88996 kB
Cached:           763156 kB
MemTotal:        1844596 kB
MemFree:          524796 kB
MemAvailable:    1352332 kB
Buffers:           88996 kB
Cached:           763156 kB
MemTotal:        1844596 kB
MemFree:          524916 kB
MemAvailable:    1352452 kB
Buffers:           88996 kB
Cached:           763156 kB
MemTotal:        1844596 kB
MemFree:          524712 kB
MemAvailable:    1352248 kB
Buffers:           88996 kB
Cached:           763156 kB
MemTotal:        1844596 kB
MemFree:          524712 kB
MemAvailable:    1352248 kB
Buffers:           88996 kB
Cached:           763156 kB
MemTotal:        1844596 kB
MemFree:          524688 kB
MemAvailable:    1352224 kB
Buffers:           88996 kB
Cached:           763156 kB
MemTotal:        1844596 kB
MemFree:          524668 kB
MemAvailable:    1352288 kB
Buffers:           88996 kB
Cached:           763280 kB
MemTotal:        1844596 kB
MemFree:          524372 kB
MemAvailable:    1351992 kB
Buffers:           88996 kB
Cached:           763280 kB
MemTotal:        1844596 kB
MemFree:          523860 kB
MemAvailable:    1350724 kB
Buffers:           88996 kB
Cached:           762480 kB
MemTotal:        1844596 kB
MemFree:          548988 kB
MemAvailable:    1375936 kB
Buffers:           88996 kB
Cached:           762480 kB
MemTotal:        1844596 kB
MemFree:          613732 kB
MemAvailable:    1440680 kB
Buffers:           88996 kB
Cached:           762480 kB
MemTotal:        1844596 kB
MemFree:          719352 kB
MemAvailable:    1546216 kB
Buffers:           88996 kB
Cached:           762480 kB
