MemTotal:        1844596 kB
MemFree:          376392 kB
MemAvailable:    1547996 kB
Buffers:           88520 kB
Cached:          1116016 kB
MemTotal:        1844596 kB
MemFree:          349188 kB
MemAvailable:    1520796 kB
Buffers:           88520 kB
Cached:          1116020 kB
MemTotal:        1844596 kB
MemFree:          347632 kB
MemAvailable:    1519240 kB
Buffers:           88520 kB
Cached:          1116020 kB
MemTotal:        1844596 kB
MemFree:          346708 kB
MemAvailable:    1518316 kB
Buffers:           88520 kB
Cached:          1116020 kB
MemTotal:        1844596 kB
MemFree:          345268 kB
MemAvailable:    1516880 kB
Buffers:           88520 kB
Cached:          1116020 kB
MemTotal:        1844596 kB
MemFree:          343908 kB
MemAvailable:    1515520 kB
Buffers:           88520 kB
Cached:          1116020 kB
MemTotal:        1844596 kB
MemFree:          344152 kB
MemAvailable:    1515764 kB
Buffers:           88520 kB
Cached:          1116020 kB
MemTotal:        1844596 kB
MemFree:          343920 kB
MemAvailable:    1515532 kB
Buffers:           88520 kB
Cached:          1116020 kB
MemTotal:        1844596 kB
MemFree:          341564 kB
MemAvailable:    1513176 kB
Buffers:           88520 kB
Cached:          1116020 kB
MemTotal:        1844596 kB
MemFree:          338560 kB
MemAvailable:    1510172 kB
Buffers:           88520 kB
Cached:          1116020 kB
MemTotal:        1844596 kB
MemFree:          333752 kB
MemAvailable:    1505364 kB
Buffers:           88520 kB
Cached:          1116020 kB
MemTotal:        1844596 kB
MemFree:          335524 kB
MemAvailable:    1507136 kB
Buffers:           88520 kB
Cached:          1116020 kB
MemTotal:        1844596 kB
MemFree:          334620 kB
MemAvailable:    1506232 kB
Buffers:           88520 kB
Cached:          1116020 kB
MemTotal:        1844596 kB
MemFree:          335296 kB
MemAvailable:    1506908 kB
Buffers:           88520 kB
Cached:          1116020 kB
MemTotal:        1844596 kB
MemFree:          335632 kB
MemAvailable:    1507244 kB
Buffers:           88520 kB
Cached:          1116020 kB
MemTotal:        1844596 kB
MemFree:          335172 kB
MemAvailable:    1506784 kB
Buffers:           88520 kB
Cached:          1116020 kB
MemTotal:        1844596 kB
MemFree:          335124 kB
MemAvailable:    1506736 kB
Buffers:           88520 kB
Cached:          1116020 kB
MemTotal:        1844596 kB
MemFree:          333620 kB
MemAvailable:    1505232 kB
Buffers:           88520 kB
Cached:          1116020 kB
MemTotal:        1844596 kB
MemFree:          335044 kB
MemAvailable:    1506656 kB
Buffers:           88520 kB
Cached:          1116020 kB
MemTotal:        1844596 kB
MemFree:          334000 kB
MemAvailable:    1505612 kB
Buffers:           88520 kB
Cached:          1116020 kB
MemTotal:        1844596 kB
MemFree:          334816 kB
MemAvailable:    1506428 kB
Buffers:           88520 kB
Cached:          1116020 kB
MemTotal:        1844596 kB
MemFree:          334788 kB
MemAvailable:    1506400 kB
Buffers:           88520 kB
Cached:          1116020 kB
MemTotal:        1844596 kB
MemFree:          334656 kB
MemAvailable:    1506268 kB
Buffers:           88520 kB
Cached:          1116020 kB
MemTotal:        1844596 kB
MemFree:          333480 kB
MemAvailable:    1505092 kB
Buffers:           88520 kB
Cached:          1116020 kB
MemTotal:        1844596 kB
MemFree:          334124 kB
MemAvailable:    1505736 kB
Buffers:           88520 kB
Cached:          1116020 kB
MemTotal:        1844596 kB
MemFree:          333812 kB
MemAvailable:    1505424 kB
Buffers:           88520 kB
Cached:          1116020 kB
MemTotal:        1844596 kB
MemFree:          333752 kB
MemAvailable:    1505364 kB
Buffers:           88520 kB
Cached:          1116020 kB
MemTotal:        1844596 kB
MemFree:          332580 kB
MemAvailable:    1504192 kB
Buffers:           88520 kB
Cached:          1116020 kB
MemTotal:        1844596 kB
MemFree:          332704 kB
MemAvailable:    1504316 kB
Buffers:           88520 kB
Cached:          1116020 kB
MemTotal:        1844596 kB
MemFree:          333256 kB
MemAvailable:    1504868 kB
Buffers:           88520 kB
Cached:          1116020 kB
MemTotal:        1844596 kB
MemFree:          331520 kB
MemAvailable:    1503132 kB
Buffers:           88520 kB
Cached:          1116020 kB
MemTotal:        1844596 kB
MemFree:          332752 kB
MemAvailable:    1504364 kB
Buffers:           88520 kB
Cached:          1116020 kB
MemTotal:        1844596 kB
MemFree:          332524 kB
MemAvailable:    1504136 kB
Buffers:           88520 kB
Cached:          1116020 kB
MemTotal:        1844596 kB
MemFree:          332268 kB
MemAvailable:    1503880 kB
Buffers:           88520 kB
Cached:          1116020 kB
MemTotal:        1844596 kB
MemFree:          331128 kB
MemAvailable:    1502740 kB
Buffers:           88520 kB
Cached:          1116020 kB
MemTotal:        1844596 kB
MemFree:          332428 kB
MemAvailable:    1504040 kB
Buffers:           88520 kB
Cached:          1116020 kB
MemTotal:        1844596 kB
MemFree:          332424 kB
MemAvailable:    1504036 kB
Buffers:           88520 kB
Cached:          1116020 kB
MemTotal:        1844596 kB
MemFree:          332352 kB
MemAvailable:    1503964 kB
Buffers:           88520 kB
Cached:          1116020 kB
MemTotal:        1844596 kB
MemFree:          332520 kB
MemAvailable:    1504132 kB
Buffers:           88520 kB
Cached:          1116020 kB
MemTotal:        1844596 kB
MemFree:          333240 kB
MemAvailable:    1504852 kB
Buffers:           88520 kB
Cached:          1116020 kB
MemTotal:        1844596 kB
MemFree:          333328 kB
MemAvailable:    1504940 kB
Buffers:           88520 kB
Cached:          1116020 kB
MemTotal:        1844596 kB
MemFree:          328404 kB
MemAvailable:    1500016 kB
Buffers:           88520 kB
Cached:          1116020 kB
MemTotal:        1844596 kB
MemFree:          327552 kB
MemAvailable:    1499164 kB
Buffers:           88520 kB
Cached:          1116020 kB
MemTotal:        1844596 kB
MemFree:          327044 kB
MemAvailable:    1498656 kB
Buffers:           88520 kB
Cached:          1116020 kB
MemTotal:        1844596 kB
MemFree:          328408 kB
MemAvailable:    1500020 kB
Buffers:           88520 kB
Cached:          1116020 kB
MemTotal:        1844596 kB
MemFree:          327168 kB
MemAvailable:    1498780 kB
Buffers:           88520 kB
Cached:          1116020 kB
MemTotal:        1844596 kB
MemFree:          328468 kB
MemAvailable:    1500080 kB
Buffers:           88520 kB
Cached:          1116020 kB
MemTotal:        1844596 kB
MemFree:          328276 kB
MemAvailable:    1499888 kB
Buffers:           88520 kB
Cached:          1116020 kB
MemTotal:        1844596 kB
MemFree:          326780 kB
MemAvailable:    1498392 kB
Buffers:           88520 kB
Cached:          1116020 kB
MemTotal:        1844596 kB
MemFree:          326780 kB
MemAvailable:    1498392 kB
Buffers:           88520 kB
Cached:          1116020 kB
MemTotal:        1844596 kB
MemFree:          328144 kB
MemAvailable:    1499756 kB
Buffers:           88520 kB
Cached:          1116020 kB
MemTotal:        1844596 kB
MemFree:          326648 kB
MemAvailable:    1498260 kB
Buffers:           88520 kB
Cached:          1116020 kB
MemTotal:        1844596 kB
MemFree:          326764 kB
MemAvailable:    1498376 kB
Buffers:           88520 kB
Cached:          1116020 kB
MemTotal:        1844596 kB
MemFree:          328012 kB
MemAvailable:    1499624 kB
Buffers:           88520 kB
Cached:          1116020 kB
MemTotal:        1844596 kB
MemFree:          328048 kB
MemAvailable:    1499660 kB
Buffers:           88520 kB
Cached:          1116020 kB
MemTotal:        1844596 kB
MemFree:          328160 kB
MemAvailable:    1499772 kB
Buffers:           88520 kB
Cached:          1116020 kB
MemTotal:        1844596 kB
MemFree:          324824 kB
MemAvailable:    1496436 kB
Buffers:           88520 kB
Cached:          1116020 kB
MemTotal:        1844596 kB
MemFree:          322180 kB
MemAvailable:    1493792 kB
Buffers:           88520 kB
Cached:          1116020 kB
MemTotal:        1844596 kB
MemFree:          321484 kB
MemAvailable:    1493096 kB
Buffers:           88520 kB
Cached:          1116020 kB
MemTotal:        1844596 kB
MemFree:          321660 kB
MemAvailable:    1493272 kB
Buffers:           88520 kB
Cached:          1116020 kB
MemTotal:        1844596 kB
MemFree:          321996 kB
MemAvailable:    1493608 kB
Buffers:           88520 kB
Cached:          1116020 kB
MemTotal:        1844596 kB
MemFree:          320404 kB
MemAvailable:    1492016 kB
Buffers:           88520 kB
Cached:          1116020 kB
MemTotal:        1844596 kB
MemFree:          319004 kB
MemAvailable:    1490616 kB
Buffers:           88520 kB
Cached:          1116020 kB
MemTotal:        1844596 kB
MemFree:          319476 kB
MemAvailable:    1491092 kB
Buffers:           88520 kB
Cached:          1116024 kB
MemTotal:        1844596 kB
MemFree:          318996 kB
MemAvailable:    1490612 kB
Buffers:           88520 kB
Cached:          1116024 kB
MemTotal:        1844596 kB
MemFree:          318116 kB
MemAvailable:    1489732 kB
Buffers:           88520 kB
Cached:          1116024 kB
MemTotal:        1844596 kB
MemFree:          319216 kB
MemAvailable:    1490832 kB
Buffers:           88520 kB
Cached:          1116024 kB
MemTotal:        1844596 kB
MemFree:          319120 kB
MemAvailable:    1490736 kB
Buffers:           88520 kB
Cached:          1116024 kB
MemTotal:        1844596 kB
MemFree:          319104 kB
MemAvailable:    1490720 kB
Buffers:           88520 kB
Cached:          1116024 kB
MemTotal:        1844596 kB
MemFree:          317844 kB
MemAvailable:    1489460 kB
Buffers:           88520 kB
Cached:          1116024 kB
MemTotal:        1844596 kB
MemFree:          317728 kB
MemAvailable:    1489344 kB
Buffers:           88520 kB
Cached:          1116024 kB
MemTotal:        1844596 kB
MemFree:          319044 kB
MemAvailable:    1490660 kB
Buffers:           88520 kB
Cached:          1116024 kB
MemTotal:        1844596 kB
MemFree:          319128 kB
MemAvailable:    1490744 kB
Buffers:           88520 kB
Cached:          1116024 kB
MemTotal:        1844596 kB
MemFree:          319072 kB
MemAvailable:    1490688 kB
Buffers:           88520 kB
Cached:          1116024 kB
MemTotal:        1844596 kB
MemFree:          319252 kB
MemAvailable:    1490868 kB
Buffers:           88520 kB
Cached:          1116024 kB
MemTotal:        1844596 kB
MemFree:          318252 kB
MemAvailable:    1489868 kB
Buffers:           88520 kB
Cached:          1116024 kB
MemTotal:        1844596 kB
MemFree:          318932 kB
MemAvailable:    1490552 kB
Buffers:           88520 kB
Cached:          1116028 kB
MemTotal:        1844596 kB
MemFree:          318988 kB
MemAvailable:    1490608 kB
Buffers:           88520 kB
Cached:          1116028 kB
MemTotal:        1844596 kB
MemFree:          317444 kB
MemAvailable:    1489064 kB
Buffers:           88520 kB
Cached:          1116028 kB
MemTotal:        1844596 kB
MemFree:          318736 kB
MemAvailable:    1490356 kB
Buffers:           88520 kB
Cached:          1116028 kB
MemTotal:        1844596 kB
MemFree:          317568 kB
MemAvailable:    1489188 kB
Buffers:           88520 kB
Cached:          1116028 kB
MemTotal:        1844596 kB
MemFree:          318844 kB
MemAvailable:    1490464 kB
Buffers:           88520 kB
Cached:          1116028 kB
MemTotal:        1844596 kB
MemFree:          319096 kB
MemAvailable:    1490716 kB
Buffers:           88520 kB
Cached:          1116028 kB
MemTotal:        1844596 kB
MemFree:          318608 kB
MemAvailable:    1490228 kB
Buffers:           88520 kB
Cached:          1116028 kB
MemTotal:        1844596 kB
MemFree:          318864 kB
MemAvailable:    1490484 kB
Buffers:           88520 kB
Cached:          1116028 kB
MemTotal:        1844596 kB
MemFree:          313648 kB
MemAvailable:    1485268 kB
Buffers:           88520 kB
Cached:          1116028 kB
MemTotal:        1844596 kB
MemFree:          313732 kB
MemAvailable:    1485352 kB
Buffers:           88520 kB
Cached:          1116028 kB
MemTotal:        1844596 kB
MemFree:          310864 kB
MemAvailable:    1482484 kB
Buffers:           88520 kB
Cached:          1116028 kB
MemTotal:        1844596 kB
MemFree:          310624 kB
MemAvailable:    1482244 kB
Buffers:           88520 kB
Cached:          1116028 kB
MemTotal:        1844596 kB
MemFree:          309456 kB
MemAvailable:    1481076 kB
Buffers:           88520 kB
Cached:          1116028 kB
MemTotal:        1844596 kB
MemFree:          309200 kB
MemAvailable:    1480820 kB
Buffers:           88520 kB
Cached:          1116028 kB
MemTotal:        1844596 kB
MemFree:          310500 kB
MemAvailable:    1482120 kB
Buffers:           88520 kB
Cached:          1116028 kB
MemTotal:        1844596 kB
MemFree:          310168 kB
MemAvailable:    1481788 kB
Buffers:           88520 kB
Cached:          1116028 kB
MemTotal:        1844596 kB
MemFree:          310316 kB
MemAvailable:    1481936 kB
Buffers:           88520 kB
Cached:          1116028 kB
MemTotal:        1844596 kB
MemFree:          310064 kB
MemAvailable:    1481684 kB
Buffers:           88520 kB
Cached:          1116028 kB
MemTotal:        1844596 kB
MemFree:          308888 kB
MemAvailable:    1480508 kB
Buffers:           88520 kB
Cached:          1116028 kB
MemTotal:        1844596 kB
MemFree:          308932 kB
MemAvailable:    1480552 kB
Buffers:           88520 kB
Cached:          1116028 kB
MemTotal:        1844596 kB
MemFree:          310172 kB
MemAvailable:    1481792 kB
Buffers:           88520 kB
Cached:          1116028 kB
MemTotal:        1844596 kB
MemFree:          309200 kB
MemAvailable:    1480820 kB
Buffers:           88520 kB
Cached:          1116028 kB
MemTotal:        1844596 kB
MemFree:          310000 kB
MemAvailable:    1481620 kB
Buffers:           88520 kB
Cached:          1116028 kB
MemTotal:        1844596 kB
MemFree:          310000 kB
MemAvailable:    1481620 kB
Buffers:           88520 kB
Cached:          1116028 kB
MemTotal:        1844596 kB
MemFree:          308704 kB
MemAvailable:    1480324 kB
Buffers:           88520 kB
Cached:          1116028 kB
MemTotal:        1844596 kB
MemFree:          310012 kB
MemAvailable:    1481632 kB
Buffers:           88520 kB
Cached:          1116028 kB
MemTotal:        1844596 kB
MemFree:          310096 kB
MemAvailable:    1481716 kB
Buffers:           88520 kB
Cached:          1116028 kB
MemTotal:        1844596 kB
MemFree:          310196 kB
MemAvailable:    1481816 kB
Buffers:           88520 kB
Cached:          1116028 kB
MemTotal:        1844596 kB
MemFree:          308888 kB
MemAvailable:    1480508 kB
Buffers:           88520 kB
Cached:          1116028 kB
MemTotal:        1844596 kB
MemFree:          310064 kB
MemAvailable:    1481684 kB
Buffers:           88520 kB
Cached:          1116028 kB
MemTotal:        1844596 kB
MemFree:          308756 kB
MemAvailable:    1480376 kB
Buffers:           88520 kB
Cached:          1116028 kB
MemTotal:        1844596 kB
MemFree:          309136 kB
MemAvailable:    1480756 kB
Buffers:           88520 kB
Cached:          1116028 kB
MemTotal:        1844596 kB
MemFree:          310128 kB
MemAvailable:    1481748 kB
Buffers:           88520 kB
Cached:          1116028 kB
MemTotal:        1844596 kB
MemFree:          309200 kB
MemAvailable:    1480820 kB
Buffers:           88520 kB
Cached:          1116028 kB
MemTotal:        1844596 kB
MemFree:          310108 kB
MemAvailable:    1481728 kB
Buffers:           88520 kB
Cached:          1116028 kB
MemTotal:        1844596 kB
MemFree:          308892 kB
MemAvailable:    1480512 kB
Buffers:           88520 kB
Cached:          1116028 kB
MemTotal:        1844596 kB
MemFree:          310072 kB
MemAvailable:    1481692 kB
Buffers:           88520 kB
Cached:          1116028 kB
MemTotal:        1844596 kB
MemFree:          306580 kB
MemAvailable:    1478200 kB
Buffers:           88520 kB
Cached:          1116028 kB
MemTotal:        1844596 kB
MemFree:          306100 kB
MemAvailable:    1477720 kB
Buffers:           88520 kB
Cached:          1116028 kB
MemTotal:        1844596 kB
MemFree:          303060 kB
MemAvailable:    1474680 kB
Buffers:           88520 kB
Cached:          1116028 kB
MemTotal:        1844596 kB
MemFree:          301200 kB
MemAvailable:    1472820 kB
Buffers:           88520 kB
Cached:          1116028 kB
MemTotal:        1844596 kB
MemFree:          299900 kB
MemAvailable:    1471520 kB
Buffers:           88520 kB
Cached:          1116028 kB
MemTotal:        1844596 kB
MemFree:          301184 kB
MemAvailable:    1472804 kB
Buffers:           88520 kB
Cached:          1116028 kB
MemTotal:        1844596 kB
MemFree:          299776 kB
MemAvailable:    1471396 kB
Buffers:           88520 kB
Cached:          1116028 kB
MemTotal:        1844596 kB
MemFree:          300512 kB
MemAvailable:    1472132 kB
Buffers:           88520 kB
Cached:          1116028 kB
MemTotal:        1844596 kB
MemFree:          300768 kB
MemAvailable:    1472388 kB
Buffers:           88520 kB
Cached:          1116028 kB
MemTotal:        1844596 kB
MemFree:          299024 kB
MemAvailable:    1470644 kB
Buffers:           88520 kB
Cached:          1116028 kB
MemTotal:        1844596 kB
MemFree:          298668 kB
MemAvailable:    1470288 kB
Buffers:           88520 kB
Cached:          1116028 kB
MemTotal:        1844596 kB
MemFree:          298720 kB
MemAvailable:    1470340 kB
Buffers:           88520 kB
Cached:          1116028 kB
MemTotal:        1844596 kB
MemFree:          298464 kB
MemAvailable:    1470084 kB
Buffers:           88520 kB
Cached:          1116028 kB
MemTotal:        1844596 kB
MemFree:          297412 kB
MemAvailable:    1469032 kB
Buffers:           88520 kB
Cached:          1116028 kB
MemTotal:        1844596 kB
MemFree:          298472 kB
MemAvailable:    1470092 kB
Buffers:           88520 kB
Cached:          1116028 kB
MemTotal:        1844596 kB
MemFree:          297164 kB
MemAvailable:    1468784 kB
Buffers:           88520 kB
Cached:          1116028 kB
MemTotal:        1844596 kB
MemFree:          298224 kB
MemAvailable:    1469844 kB
Buffers:           88520 kB
Cached:          1116028 kB
MemTotal:        1844596 kB
MemFree:          298108 kB
MemAvailable:    1469728 kB
Buffers:           88520 kB
Cached:          1116028 kB
MemTotal:        1844596 kB
MemFree:          298216 kB
MemAvailable:    1469836 kB
Buffers:           88520 kB
Cached:          1116028 kB
MemTotal:        1844596 kB
MemFree:          298172 kB
MemAvailable:    1469792 kB
Buffers:           88520 kB
Cached:          1116028 kB
MemTotal:        1844596 kB
MemFree:          298216 kB
MemAvailable:    1469836 kB
Buffers:           88520 kB
Cached:          1116028 kB
MemTotal:        1844596 kB
MemFree:          296908 kB
MemAvailable:    1468528 kB
Buffers:           88520 kB
Cached:          1116028 kB
MemTotal:        1844596 kB
MemFree:          298340 kB
MemAvailable:    1469960 kB
Buffers:           88520 kB
Cached:          1116028 kB
MemTotal:        1844596 kB
MemFree:          297296 kB
MemAvailable:    1468916 kB
Buffers:           88520 kB
Cached:          1116028 kB
MemTotal:        1844596 kB
MemFree:          298068 kB
MemAvailable:    1469688 kB
Buffers:           88520 kB
Cached:          1116028 kB
MemTotal:        1844596 kB
MemFree:          298164 kB
MemAvailable:    1469784 kB
Buffers:           88520 kB
Cached:          1116028 kB
MemTotal:        1844596 kB
MemFree:          298276 kB
MemAvailable:    1469896 kB
Buffers:           88520 kB
Cached:          1116028 kB
MemTotal:        1844596 kB
MemFree:          298456 kB
MemAvailable:    1470076 kB
Buffers:           88520 kB
Cached:          1116028 kB
MemTotal:        1844596 kB
MemFree:          297668 kB
MemAvailable:    1469288 kB
Buffers:           88520 kB
Cached:          1116028 kB
MemTotal:        1844596 kB
MemFree:          298328 kB
MemAvailable:    1469948 kB
Buffers:           88520 kB
Cached:          1116028 kB
MemTotal:        1844596 kB
MemFree:          298156 kB
MemAvailable:    1469776 kB
Buffers:           88520 kB
Cached:          1116028 kB
MemTotal:        1844596 kB
MemFree:          298408 kB
MemAvailable:    1470028 kB
Buffers:           88520 kB
Cached:          1116028 kB
MemTotal:        1844596 kB
MemFree:          296916 kB
MemAvailable:    1468536 kB
Buffers:           88520 kB
Cached:          1116028 kB
MemTotal:        1844596 kB
MemFree:          298428 kB
MemAvailable:    1470048 kB
Buffers:           88520 kB
Cached:          1116028 kB
MemTotal:        1844596 kB
MemFree:          296868 kB
MemAvailable:    1468488 kB
Buffers:           88520 kB
Cached:          1116028 kB
MemTotal:        1844596 kB
MemFree:          298136 kB
MemAvailable:    1469756 kB
Buffers:           88520 kB
Cached:          1116028 kB
MemTotal:        1844596 kB
MemFree:          298040 kB
MemAvailable:    1469660 kB
Buffers:           88520 kB
Cached:          1116028 kB
MemTotal:        1844596 kB
MemFree:          296868 kB
MemAvailable:    1468496 kB
Buffers:           88520 kB
Cached:          1116036 kB
MemTotal:        1844596 kB
MemFree:          298268 kB
MemAvailable:    1469896 kB
Buffers:           88520 kB
Cached:          1116036 kB
MemTotal:        1844596 kB
MemFree:          298172 kB
MemAvailable:    1469800 kB
Buffers:           88520 kB
Cached:          1116036 kB
MemTotal:        1844596 kB
MemFree:          298168 kB
MemAvailable:    1469800 kB
Buffers:           88520 kB
Cached:          1116040 kB
MemTotal:        1844596 kB
MemFree:          298104 kB
MemAvailable:    1469736 kB
Buffers:           88520 kB
Cached:          1116040 kB
MemTotal:        1844596 kB
MemFree:          298440 kB
MemAvailable:    1470072 kB
Buffers:           88520 kB
Cached:          1116040 kB
MemTotal:        1844596 kB
MemFree:          298440 kB
MemAvailable:    1470072 kB
Buffers:           88520 kB
Cached:          1116040 kB
MemTotal:        1844596 kB
MemFree:          298396 kB
MemAvailable:    1470028 kB
Buffers:           88520 kB
Cached:          1116040 kB
MemTotal:        1844596 kB
MemFree:          296776 kB
MemAvailable:    1468408 kB
Buffers:           88520 kB
Cached:          1116040 kB
MemTotal:        1844596 kB
MemFree:          298200 kB
MemAvailable:    1469832 kB
Buffers:           88520 kB
Cached:          1116040 kB
MemTotal:        1844596 kB
MemFree:          298364 kB
MemAvailable:    1469996 kB
Buffers:           88520 kB
Cached:          1116040 kB
MemTotal:        1844596 kB
MemFree:          298176 kB
MemAvailable:    1469808 kB
Buffers:           88520 kB
Cached:          1116040 kB
MemTotal:        1844596 kB
MemFree:          296992 kB
MemAvailable:    1468624 kB
Buffers:           88520 kB
Cached:          1116040 kB
MemTotal:        1844596 kB
MemFree:          297124 kB
MemAvailable:    1468756 kB
Buffers:           88520 kB
Cached:          1116040 kB
MemTotal:        1844596 kB
MemFree:          298300 kB
MemAvailable:    1469932 kB
Buffers:           88520 kB
Cached:          1116040 kB
MemTotal:        1844596 kB
MemFree:          298336 kB
MemAvailable:    1469968 kB
Buffers:           88520 kB
Cached:          1116040 kB
MemTotal:        1844596 kB
MemFree:          296904 kB
MemAvailable:    1468536 kB
Buffers:           88520 kB
Cached:          1116040 kB
MemTotal:        1844596 kB
MemFree:          298228 kB
MemAvailable:    1469860 kB
Buffers:           88520 kB
Cached:          1116040 kB
MemTotal:        1844596 kB
MemFree:          297428 kB
MemAvailable:    1469060 kB
Buffers:           88520 kB
Cached:          1116040 kB
MemTotal:        1844596 kB
MemFree:          298288 kB
MemAvailable:    1469920 kB
Buffers:           88520 kB
Cached:          1116040 kB
MemTotal:        1844596 kB
MemFree:          298248 kB
MemAvailable:    1469880 kB
Buffers:           88520 kB
Cached:          1116040 kB
MemTotal:        1844596 kB
MemFree:          298024 kB
MemAvailable:    1469656 kB
Buffers:           88520 kB
Cached:          1116040 kB
MemTotal:        1844596 kB
MemFree:          297544 kB
MemAvailable:    1469176 kB
Buffers:           88520 kB
Cached:          1116040 kB
MemTotal:        1844596 kB
MemFree:          298028 kB
MemAvailable:    1469660 kB
Buffers:           88520 kB
Cached:          1116040 kB
MemTotal:        1844596 kB
MemFree:          297980 kB
MemAvailable:    1469612 kB
Buffers:           88520 kB
Cached:          1116040 kB
MemTotal:        1844596 kB
MemFree:          297048 kB
MemAvailable:    1468680 kB
Buffers:           88520 kB
Cached:          1116040 kB
MemTotal:        1844596 kB
MemFree:          297744 kB
MemAvailable:    1469376 kB
Buffers:           88520 kB
Cached:          1116040 kB
MemTotal:        1844596 kB
MemFree:          298000 kB
MemAvailable:    1469632 kB
Buffers:           88520 kB
Cached:          1116040 kB
MemTotal:        1844596 kB
MemFree:          297652 kB
MemAvailable:    1469284 kB
Buffers:           88520 kB
Cached:          1116040 kB
MemTotal:        1844596 kB
MemFree:          297792 kB
MemAvailable:    1469424 kB
Buffers:           88520 kB
Cached:          1116040 kB
MemTotal:        1844596 kB
MemFree:          297480 kB
MemAvailable:    1469112 kB
Buffers:           88520 kB
Cached:          1116040 kB
MemTotal:        1844596 kB
MemFree:          297160 kB
MemAvailable:    1468792 kB
Buffers:           88520 kB
Cached:          1116040 kB
MemTotal:        1844596 kB
MemFree:          297656 kB
MemAvailable:    1469288 kB
Buffers:           88520 kB
Cached:          1116040 kB
MemTotal:        1844596 kB
MemFree:          296524 kB
MemAvailable:    1468156 kB
Buffers:           88520 kB
Cached:          1116040 kB
MemTotal:        1844596 kB
MemFree:          297696 kB
MemAvailable:    1469328 kB
Buffers:           88520 kB
Cached:          1116040 kB
MemTotal:        1844596 kB
MemFree:          296004 kB
MemAvailable:    1467636 kB
Buffers:           88520 kB
Cached:          1116040 kB
MemTotal:        1844596 kB
MemFree:          297280 kB
MemAvailable:    1468912 kB
Buffers:           88520 kB
Cached:          1116040 kB
MemTotal:        1844596 kB
MemFree:          296924 kB
MemAvailable:    1468556 kB
Buffers:           88520 kB
Cached:          1116040 kB
MemTotal:        1844596 kB
MemFree:          297336 kB
MemAvailable:    1468968 kB
Buffers:           88520 kB
Cached:          1116040 kB
MemTotal:        1844596 kB
MemFree:          296436 kB
MemAvailable:    1468068 kB
Buffers:           88520 kB
Cached:          1116040 kB
MemTotal:        1844596 kB
MemFree:          297764 kB
MemAvailable:    1469400 kB
Buffers:           88520 kB
Cached:          1116044 kB
MemTotal:        1844596 kB
MemFree:          296304 kB
MemAvailable:    1467940 kB
Buffers:           88520 kB
Cached:          1116044 kB
MemTotal:        1844596 kB
MemFree:          296992 kB
MemAvailable:    1468628 kB
Buffers:           88520 kB
Cached:          1116044 kB
MemTotal:        1844596 kB
MemFree:          297328 kB
MemAvailable:    1468964 kB
Buffers:           88520 kB
Cached:          1116044 kB
MemTotal:        1844596 kB
MemFree:          296004 kB
MemAvailable:    1467640 kB
Buffers:           88520 kB
Cached:          1116044 kB
MemTotal:        1844596 kB
MemFree:          297348 kB
MemAvailable:    1468984 kB
Buffers:           88524 kB
Cached:          1116040 kB
MemTotal:        1844596 kB
MemFree:          297344 kB
MemAvailable:    1468980 kB
Buffers:           88524 kB
Cached:          1116040 kB
MemTotal:        1844596 kB
MemFree:          295800 kB
MemAvailable:    1467436 kB
Buffers:           88524 kB
Cached:          1116040 kB
MemTotal:        1844596 kB
MemFree:          297320 kB
MemAvailable:    1468956 kB
Buffers:           88524 kB
Cached:          1116040 kB
MemTotal:        1844596 kB
MemFree:          296012 kB
MemAvailable:    1467652 kB
Buffers:           88524 kB
Cached:          1116044 kB
MemTotal:        1844596 kB
MemFree:          296012 kB
MemAvailable:    1467652 kB
Buffers:           88524 kB
Cached:          1116044 kB
MemTotal:        1844596 kB
MemFree:          293824 kB
MemAvailable:    1465464 kB
Buffers:           88524 kB
Cached:          1116044 kB
MemTotal:        1844596 kB
MemFree:          289856 kB
MemAvailable:    1461496 kB
Buffers:           88524 kB
Cached:          1116044 kB
MemTotal:        1844596 kB
MemFree:          286012 kB
MemAvailable:    1457652 kB
Buffers:           88524 kB
Cached:          1116044 kB
MemTotal:        1844596 kB
MemFree:          285764 kB
MemAvailable:    1457404 kB
Buffers:           88524 kB
Cached:          1116044 kB
MemTotal:        1844596 kB
MemFree:          287120 kB
MemAvailable:    1458760 kB
Buffers:           88524 kB
Cached:          1116044 kB
MemTotal:        1844596 kB
MemFree:          286624 kB
MemAvailable:    1458264 kB
Buffers:           88524 kB
Cached:          1116044 kB
MemTotal:        1844596 kB
MemFree:          286436 kB
MemAvailable:    1458076 kB
Buffers:           88524 kB
Cached:          1116044 kB
MemTotal:        1844596 kB
MemFree:          286180 kB
MemAvailable:    1457820 kB
Buffers:           88524 kB
Cached:          1116044 kB
MemTotal:        1844596 kB
MemFree:          284996 kB
MemAvailable:    1456636 kB
Buffers:           88524 kB
Cached:          1116044 kB
MemTotal:        1844596 kB
MemFree:          284400 kB
MemAvailable:    1456040 kB
Buffers:           88524 kB
Cached:          1116044 kB
MemTotal:        1844596 kB
MemFree:          285144 kB
MemAvailable:    1456784 kB
Buffers:           88524 kB
Cached:          1116044 kB
MemTotal:        1844596 kB
MemFree:          283788 kB
MemAvailable:    1455428 kB
Buffers:           88524 kB
Cached:          1116044 kB
MemTotal:        1844596 kB
MemFree:          284004 kB
MemAvailable:    1455644 kB
Buffers:           88524 kB
Cached:          1116044 kB
MemTotal:        1844596 kB
MemFree:          283036 kB
MemAvailable:    1454676 kB
Buffers:           88524 kB
Cached:          1116044 kB
MemTotal:        1844596 kB
MemFree:          282484 kB
MemAvailable:    1454124 kB
Buffers:           88524 kB
Cached:          1116044 kB
MemTotal:        1844596 kB
MemFree:          282484 kB
MemAvailable:    1454124 kB
Buffers:           88524 kB
Cached:          1116044 kB
MemTotal:        1844596 kB
MemFree:          283752 kB
MemAvailable:    1455392 kB
Buffers:           88524 kB
Cached:          1116044 kB
MemTotal:        1844596 kB
MemFree:          283836 kB
MemAvailable:    1455476 kB
Buffers:           88524 kB
Cached:          1116044 kB
MemTotal:        1844596 kB
MemFree:          283652 kB
MemAvailable:    1455292 kB
Buffers:           88524 kB
Cached:          1116044 kB
MemTotal:        1844596 kB
MemFree:          283952 kB
MemAvailable:    1455592 kB
Buffers:           88524 kB
Cached:          1116044 kB
MemTotal:        1844596 kB
MemFree:          283840 kB
MemAvailable:    1455480 kB
Buffers:           88524 kB
Cached:          1116044 kB
MemTotal:        1844596 kB
MemFree:          283940 kB
MemAvailable:    1455580 kB
Buffers:           88524 kB
Cached:          1116044 kB
MemTotal:        1844596 kB
MemFree:          283880 kB
MemAvailable:    1455520 kB
Buffers:           88524 kB
Cached:          1116044 kB
MemTotal:        1844596 kB
MemFree:          282632 kB
MemAvailable:    1454272 kB
Buffers:           88524 kB
Cached:          1116044 kB
MemTotal:        1844596 kB
MemFree:          282548 kB
MemAvailable:    1454192 kB
Buffers:           88524 kB
Cached:          1116048 kB
MemTotal:        1844596 kB
MemFree:          283600 kB
MemAvailable:    1455244 kB
Buffers:           88524 kB
Cached:          1116048 kB
MemTotal:        1844596 kB
MemFree:          283236 kB
MemAvailable:    1454880 kB
Buffers:           88524 kB
Cached:          1116048 kB
MemTotal:        1844596 kB
MemFree:          283468 kB
MemAvailable:    1455112 kB
Buffers:           88524 kB
Cached:          1116048 kB
MemTotal:        1844596 kB
MemFree:          282432 kB
MemAvailable:    1454076 kB
Buffers:           88524 kB
Cached:          1116048 kB
MemTotal:        1844596 kB
MemFree:          282160 kB
MemAvailable:    1453804 kB
Buffers:           88524 kB
Cached:          1116048 kB
MemTotal:        1844596 kB
MemFree:          282052 kB
MemAvailable:    1453696 kB
Buffers:           88524 kB
Cached:          1116048 kB
MemTotal:        1844596 kB
MemFree:          282112 kB
MemAvailable:    1453756 kB
Buffers:           88524 kB
Cached:          1116048 kB
MemTotal:        1844596 kB
MemFree:          281956 kB
MemAvailable:    1453600 kB
Buffers:           88524 kB
Cached:          1116048 kB
MemTotal:        1844596 kB
MemFree:          280564 kB
MemAvailable:    1452208 kB
Buffers:           88524 kB
Cached:          1116048 kB
MemTotal:        1844596 kB
MemFree:          281848 kB
MemAvailable:    1453492 kB
Buffers:           88524 kB
Cached:          1116048 kB
MemTotal:        1844596 kB
MemFree:          280440 kB
MemAvailable:    1452084 kB
Buffers:           88524 kB
Cached:          1116048 kB
MemTotal:        1844596 kB
MemFree:          280864 kB
MemAvailable:    1452508 kB
Buffers:           88524 kB
Cached:          1116048 kB
MemTotal:        1844596 kB
MemFree:          279704 kB
MemAvailable:    1451348 kB
Buffers:           88524 kB
Cached:          1116048 kB
MemTotal:        1844596 kB
MemFree:          280128 kB
MemAvailable:    1451772 kB
Buffers:           88524 kB
Cached:          1116048 kB
MemTotal:        1844596 kB
MemFree:          278704 kB
MemAvailable:    1450348 kB
Buffers:           88524 kB
Cached:          1116048 kB
MemTotal:        1844596 kB
MemFree:          279252 kB
MemAvailable:    1450896 kB
Buffers:           88524 kB
Cached:          1116048 kB
MemTotal:        1844596 kB
MemFree:          279504 kB
MemAvailable:    1451148 kB
Buffers:           88524 kB
Cached:          1116048 kB
MemTotal:        1844596 kB
MemFree:          278936 kB
MemAvailable:    1450580 kB
Buffers:           88524 kB
Cached:          1116048 kB
MemTotal:        1844596 kB
MemFree:          278208 kB
MemAvailable:    1449728 kB
Buffers:           88524 kB
Cached:          1116048 kB
MemTotal:        1844596 kB
MemFree:          278748 kB
MemAvailable:    1450392 kB
Buffers:           88524 kB
Cached:          1116048 kB
MemTotal:        1844596 kB
MemFree:          277588 kB
MemAvailable:    1449232 kB
Buffers:           88524 kB
Cached:          1116048 kB
MemTotal:        1844596 kB
MemFree:          278620 kB
MemAvailable:    1450264 kB
Buffers:           88524 kB
Cached:          1116048 kB
MemTotal:        1844596 kB
MemFree:          277452 kB
MemAvailable:    1449096 kB
Buffers:           88524 kB
Cached:          1116048 kB
MemTotal:        1844596 kB
MemFree:          278716 kB
MemAvailable:    1450360 kB
Buffers:           88524 kB
Cached:          1116048 kB
MemTotal:        1844596 kB
MemFree:          278900 kB
MemAvailable:    1450544 kB
Buffers:           88524 kB
Cached:          1116048 kB
MemTotal:        1844596 kB
MemFree:          278808 kB
MemAvailable:    1450452 kB
Buffers:           88524 kB
Cached:          1116048 kB
MemTotal:        1844596 kB
MemFree:          278548 kB
MemAvailable:    1450192 kB
Buffers:           88524 kB
Cached:          1116048 kB
MemTotal:        1844596 kB
MemFree:          278548 kB
MemAvailable:    1450192 kB
Buffers:           88524 kB
Cached:          1116048 kB
MemTotal:        1844596 kB
MemFree:          278524 kB
MemAvailable:    1450168 kB
Buffers:           88524 kB
Cached:          1116048 kB
MemTotal:        1844596 kB
MemFree:          277452 kB
MemAvailable:    1449180 kB
Buffers:           88524 kB
Cached:          1116048 kB
MemTotal:        1844596 kB
MemFree:          278624 kB
MemAvailable:    1450268 kB
Buffers:           88524 kB
Cached:          1116048 kB
MemTotal:        1844596 kB
MemFree:          277056 kB
MemAvailable:    1448700 kB
Buffers:           88524 kB
Cached:          1116048 kB
MemTotal:        1844596 kB
MemFree:          278364 kB
MemAvailable:    1450008 kB
Buffers:           88524 kB
Cached:          1116048 kB
MemTotal:        1844596 kB
MemFree:          277140 kB
MemAvailable:    1448784 kB
Buffers:           88524 kB
Cached:          1116048 kB
MemTotal:        1844596 kB
MemFree:          278440 kB
MemAvailable:    1450084 kB
Buffers:           88524 kB
Cached:          1116048 kB
MemTotal:        1844596 kB
MemFree:          278236 kB
MemAvailable:    1449880 kB
Buffers:           88524 kB
Cached:          1116048 kB
MemTotal:        1844596 kB
MemFree:          278572 kB
MemAvailable:    1450216 kB
Buffers:           88524 kB
Cached:          1116048 kB
MemTotal:        1844596 kB
MemFree:          278388 kB
MemAvailable:    1450032 kB
Buffers:           88524 kB
Cached:          1116048 kB
MemTotal:        1844596 kB
MemFree:          278556 kB
MemAvailable:    1450200 kB
Buffers:           88524 kB
Cached:          1116048 kB
MemTotal:        1844596 kB
MemFree:          277204 kB
MemAvailable:    1448848 kB
Buffers:           88524 kB
Cached:          1116048 kB
MemTotal:        1844596 kB
MemFree:          278684 kB
MemAvailable:    1450328 kB
Buffers:           88524 kB
Cached:          1116048 kB
MemTotal:        1844596 kB
MemFree:          277072 kB
MemAvailable:    1448716 kB
Buffers:           88524 kB
Cached:          1116048 kB
MemTotal:        1844596 kB
MemFree:          278372 kB
MemAvailable:    1450016 kB
Buffers:           88524 kB
Cached:          1116048 kB
MemTotal:        1844596 kB
MemFree:          277148 kB
MemAvailable:    1448792 kB
Buffers:           88524 kB
Cached:          1116048 kB
MemTotal:        1844596 kB
MemFree:          276216 kB
MemAvailable:    1447860 kB
Buffers:           88524 kB
Cached:          1116048 kB
MemTotal:        1844596 kB
MemFree:          276224 kB
MemAvailable:    1447868 kB
Buffers:           88524 kB
Cached:          1116048 kB
MemTotal:        1844596 kB
MemFree:          276464 kB
MemAvailable:    1448108 kB
Buffers:           88524 kB
Cached:          1116048 kB
MemTotal:        1844596 kB
MemFree:          276464 kB
MemAvailable:    1448108 kB
Buffers:           88524 kB
Cached:          1116048 kB
MemTotal:        1844596 kB
MemFree:          274116 kB
MemAvailable:    1445760 kB
Buffers:           88524 kB
Cached:          1116048 kB
MemTotal:        1844596 kB
MemFree:          272936 kB
MemAvailable:    1444580 kB
Buffers:           88524 kB
Cached:          1116048 kB
MemTotal:        1844596 kB
MemFree:          269140 kB
MemAvailable:    1440784 kB
Buffers:           88524 kB
Cached:          1116048 kB
MemTotal:        1844596 kB
MemFree:          268892 kB
MemAvailable:    1440536 kB
Buffers:           88524 kB
Cached:          1116048 kB
MemTotal:        1844596 kB
MemFree:          265372 kB
MemAvailable:    1437016 kB
Buffers:           88524 kB
Cached:          1116048 kB
MemTotal:        1844596 kB
MemFree:          262460 kB
MemAvailable:    1434104 kB
Buffers:           88524 kB
Cached:          1116048 kB
MemTotal:        1844596 kB
MemFree:          258740 kB
MemAvailable:    1430384 kB
Buffers:           88524 kB
Cached:          1116048 kB
MemTotal:        1844596 kB
MemFree:          259848 kB
MemAvailable:    1431492 kB
Buffers:           88524 kB
Cached:          1116048 kB
MemTotal:        1844596 kB
MemFree:          259848 kB
MemAvailable:    1431492 kB
Buffers:           88524 kB
Cached:          1116048 kB
MemTotal:        1844596 kB
MemFree:          258444 kB
MemAvailable:    1430088 kB
Buffers:           88524 kB
Cached:          1116048 kB
MemTotal:        1844596 kB
MemFree:          259736 kB
MemAvailable:    1431380 kB
Buffers:           88524 kB
Cached:          1116048 kB
MemTotal:        1844596 kB
MemFree:          259584 kB
MemAvailable:    1431228 kB
Buffers:           88524 kB
Cached:          1116048 kB
MemTotal:        1844596 kB
MemFree:          259112 kB
MemAvailable:    1430756 kB
Buffers:           88524 kB
Cached:          1116048 kB
MemTotal:        1844596 kB
MemFree:          259356 kB
MemAvailable:    1431000 kB
Buffers:           88524 kB
Cached:          1116048 kB
MemTotal:        1844596 kB
MemFree:          259400 kB
MemAvailable:    1431044 kB
Buffers:           88524 kB
Cached:          1116048 kB
MemTotal:        1844596 kB
MemFree:          258500 kB
MemAvailable:    1430144 kB
Buffers:           88524 kB
Cached:          1116048 kB
MemTotal:        1844596 kB
MemFree:          259220 kB
MemAvailable:    1430864 kB
Buffers:           88524 kB
Cached:          1116048 kB
MemTotal:        1844596 kB
MemFree:          259556 kB
MemAvailable:    1431200 kB
Buffers:           88524 kB
Cached:          1116048 kB
MemTotal:        1844596 kB
MemFree:          257872 kB
MemAvailable:    1429516 kB
Buffers:           88524 kB
Cached:          1116048 kB
MemTotal:        1844596 kB
MemFree:          258916 kB
MemAvailable:    1430560 kB
Buffers:           88524 kB
Cached:          1116048 kB
MemTotal:        1844596 kB
MemFree:          258784 kB
MemAvailable:    1430428 kB
Buffers:           88524 kB
Cached:          1116048 kB
MemTotal:        1844596 kB
MemFree:          258784 kB
MemAvailable:    1430428 kB
Buffers:           88524 kB
Cached:          1116048 kB
MemTotal:        1844596 kB
MemFree:          258908 kB
MemAvailable:    1430552 kB
Buffers:           88524 kB
Cached:          1116048 kB
MemTotal:        1844596 kB
MemFree:          258444 kB
MemAvailable:    1430088 kB
Buffers:           88524 kB
Cached:          1116048 kB
MemTotal:        1844596 kB
MemFree:          258780 kB
MemAvailable:    1430424 kB
Buffers:           88524 kB
Cached:          1116048 kB
MemTotal:        1844596 kB
MemFree:          257304 kB
MemAvailable:    1428948 kB
Buffers:           88524 kB
Cached:          1116048 kB
MemTotal:        1844596 kB
MemFree:          257428 kB
MemAvailable:    1429072 kB
Buffers:           88524 kB
Cached:          1116048 kB
MemTotal:        1844596 kB
MemFree:          258600 kB
MemAvailable:    1430256 kB
Buffers:           88524 kB
Cached:          1116060 kB
MemTotal:        1844596 kB
MemFree:          258852 kB
MemAvailable:    1430508 kB
Buffers:           88524 kB
Cached:          1116060 kB
MemTotal:        1844596 kB
MemFree:          258560 kB
MemAvailable:    1430216 kB
Buffers:           88524 kB
Cached:          1116060 kB
MemTotal:        1844596 kB
MemFree:          258620 kB
MemAvailable:    1430276 kB
Buffers:           88524 kB
Cached:          1116060 kB
MemTotal:        1844596 kB
MemFree:          257480 kB
MemAvailable:    1429136 kB
Buffers:           88524 kB
Cached:          1116060 kB
MemTotal:        1844596 kB
MemFree:          258660 kB
MemAvailable:    1430316 kB
Buffers:           88524 kB
Cached:          1116060 kB
MemTotal:        1844596 kB
MemFree:          258660 kB
MemAvailable:    1430316 kB
Buffers:           88524 kB
Cached:          1116060 kB
MemTotal:        1844596 kB
MemFree:          258588 kB
MemAvailable:    1430244 kB
Buffers:           88524 kB
Cached:          1116060 kB
MemTotal:        1844596 kB
MemFree:          258840 kB
MemAvailable:    1430496 kB
Buffers:           88524 kB
Cached:          1116060 kB
MemTotal:        1844596 kB
MemFree:          257356 kB
MemAvailable:    1429012 kB
Buffers:           88524 kB
Cached:          1116060 kB
MemTotal:        1844596 kB
MemFree:          257488 kB
MemAvailable:    1429144 kB
Buffers:           88524 kB
Cached:          1116060 kB
MemTotal:        1844596 kB
MemFree:          258728 kB
MemAvailable:    1430384 kB
Buffers:           88524 kB
Cached:          1116060 kB
MemTotal:        1844596 kB
MemFree:          257612 kB
MemAvailable:    1429268 kB
Buffers:           88524 kB
Cached:          1116060 kB
MemTotal:        1844596 kB
MemFree:          258912 kB
MemAvailable:    1430568 kB
Buffers:           88524 kB
Cached:          1116060 kB
MemTotal:        1844596 kB
MemFree:          257604 kB
MemAvailable:    1429260 kB
Buffers:           88524 kB
Cached:          1116060 kB
MemTotal:        1844596 kB
MemFree:          256872 kB
MemAvailable:    1428528 kB
Buffers:           88524 kB
Cached:          1116060 kB
MemTotal:        1844596 kB
MemFree:          252664 kB
MemAvailable:    1424320 kB
Buffers:           88524 kB
Cached:          1116060 kB
MemTotal:        1844596 kB
MemFree:          251920 kB
MemAvailable:    1423576 kB
Buffers:           88524 kB
Cached:          1116060 kB
MemTotal:        1844596 kB
MemFree:          248020 kB
MemAvailable:    1419676 kB
Buffers:           88524 kB
Cached:          1116060 kB
MemTotal:        1844596 kB
MemFree:          246720 kB
MemAvailable:    1418376 kB
Buffers:           88524 kB
Cached:          1116060 kB
MemTotal:        1844596 kB
MemFree:          241248 kB
MemAvailable:    1412904 kB
Buffers:           88524 kB
Cached:          1116060 kB
MemTotal:        1844596 kB
MemFree:          241068 kB
MemAvailable:    1412724 kB
Buffers:           88524 kB
Cached:          1116060 kB
MemTotal:        1844596 kB
MemFree:          239900 kB
MemAvailable:    1411556 kB
Buffers:           88524 kB
Cached:          1116060 kB
MemTotal:        1844596 kB
MemFree:          240696 kB
MemAvailable:    1412352 kB
Buffers:           88524 kB
Cached:          1116060 kB
MemTotal:        1844596 kB
MemFree:          240888 kB
MemAvailable:    1412544 kB
Buffers:           88524 kB
Cached:          1116060 kB
MemTotal:        1844596 kB
MemFree:          240884 kB
MemAvailable:    1412540 kB
Buffers:           88524 kB
Cached:          1116060 kB
MemTotal:        1844596 kB
MemFree:          241012 kB
MemAvailable:    1412668 kB
Buffers:           88524 kB
Cached:          1116060 kB
MemTotal:        1844596 kB
MemFree:          240808 kB
MemAvailable:    1412464 kB
Buffers:           88524 kB
Cached:          1116060 kB
MemTotal:        1844596 kB
MemFree:          240808 kB
MemAvailable:    1412464 kB
Buffers:           88524 kB
Cached:          1116060 kB
MemTotal:        1844596 kB
MemFree:          239588 kB
MemAvailable:    1411244 kB
Buffers:           88524 kB
Cached:          1116060 kB
MemTotal:        1844596 kB
MemFree:          240828 kB
MemAvailable:    1412484 kB
Buffers:           88524 kB
Cached:          1116060 kB
MemTotal:        1844596 kB
MemFree:          240024 kB
MemAvailable:    1411680 kB
Buffers:           88524 kB
Cached:          1116060 kB
MemTotal:        1844596 kB
MemFree:          240372 kB
MemAvailable:    1412028 kB
Buffers:           88524 kB
Cached:          1116060 kB
MemTotal:        1844596 kB
MemFree:          240372 kB
MemAvailable:    1412028 kB
Buffers:           88524 kB
Cached:          1116060 kB
MemTotal:        1844596 kB
MemFree:          240552 kB
MemAvailable:    1412208 kB
Buffers:           88524 kB
Cached:          1116060 kB
MemTotal:        1844596 kB
MemFree:          239252 kB
MemAvailable:    1410908 kB
Buffers:           88524 kB
Cached:          1116060 kB
MemTotal:        1844596 kB
MemFree:          240552 kB
MemAvailable:    1412208 kB
Buffers:           88524 kB
Cached:          1116060 kB
MemTotal:        1844596 kB
MemFree:          239252 kB
MemAvailable:    1410908 kB
Buffers:           88524 kB
Cached:          1116060 kB
MemTotal:        1844596 kB
MemFree:          240436 kB
MemAvailable:    1412092 kB
Buffers:           88524 kB
Cached:          1116060 kB
MemTotal:        1844596 kB
MemFree:          240520 kB
MemAvailable:    1412176 kB
Buffers:           88524 kB
Cached:          1116060 kB
MemTotal:        1844596 kB
MemFree:          240572 kB
MemAvailable:    1412228 kB
Buffers:           88524 kB
Cached:          1116060 kB
MemTotal:        1844596 kB
MemFree:          240344 kB
MemAvailable:    1412000 kB
Buffers:           88524 kB
Cached:          1116060 kB
MemTotal:        1844596 kB
MemFree:          240680 kB
MemAvailable:    1412336 kB
Buffers:           88524 kB
Cached:          1116060 kB
MemTotal:        1844596 kB
MemFree:          240676 kB
MemAvailable:    1412332 kB
Buffers:           88524 kB
Cached:          1116060 kB
MemTotal:        1844596 kB
MemFree:          240636 kB
MemAvailable:    1412292 kB
Buffers:           88524 kB
Cached:          1116060 kB
MemTotal:        1844596 kB
MemFree:          240340 kB
MemAvailable:    1411996 kB
Buffers:           88524 kB
Cached:          1116060 kB
MemTotal:        1844596 kB
MemFree:          240424 kB
MemAvailable:    1412080 kB
Buffers:           88524 kB
Cached:          1116060 kB
MemTotal:        1844596 kB
MemFree:          240700 kB
MemAvailable:    1412356 kB
Buffers:           88524 kB
Cached:          1116060 kB
MemTotal:        1844596 kB
MemFree:          238968 kB
MemAvailable:    1410624 kB
Buffers:           88524 kB
Cached:          1116060 kB
MemTotal:        1844596 kB
MemFree:          239100 kB
MemAvailable:    1410756 kB
Buffers:           88524 kB
Cached:          1116060 kB
MemTotal:        1844596 kB
MemFree:          240512 kB
MemAvailable:    1412168 kB
Buffers:           88524 kB
Cached:          1116060 kB
MemTotal:        1844596 kB
MemFree:          240416 kB
MemAvailable:    1412072 kB
Buffers:           88524 kB
Cached:          1116060 kB
MemTotal:        1844596 kB
MemFree:          240416 kB
MemAvailable:    1412072 kB
Buffers:           88524 kB
Cached:          1116060 kB
MemTotal:        1844596 kB
MemFree:          239092 kB
MemAvailable:    1410748 kB
Buffers:           88524 kB
Cached:          1116060 kB
MemTotal:        1844596 kB
MemFree:          236668 kB
MemAvailable:    1408324 kB
Buffers:           88524 kB
Cached:          1116060 kB
MemTotal:        1844596 kB
MemFree:          233568 kB
MemAvailable:    1405224 kB
Buffers:           88524 kB
Cached:          1116060 kB
MemTotal:        1844596 kB
MemFree:          228344 kB
MemAvailable:    1400000 kB
Buffers:           88524 kB
Cached:          1116060 kB
MemTotal:        1844596 kB
MemFree:          228308 kB
MemAvailable:    1399964 kB
Buffers:           88524 kB
Cached:          1116060 kB
MemTotal:        1844596 kB
MemFree:          222656 kB
MemAvailable:    1394312 kB
Buffers:           88524 kB
Cached:          1116060 kB
MemTotal:        1844596 kB
MemFree:          222036 kB
MemAvailable:    1393692 kB
Buffers:           88524 kB
Cached:          1116060 kB
MemTotal:        1844596 kB
MemFree:          222160 kB
MemAvailable:    1393816 kB
Buffers:           88524 kB
Cached:          1116060 kB
MemTotal:        1844596 kB
MemFree:          223400 kB
MemAvailable:    1395056 kB
Buffers:           88524 kB
Cached:          1116060 kB
MemTotal:        1844596 kB
MemFree:          223204 kB
MemAvailable:    1394860 kB
Buffers:           88524 kB
Cached:          1116060 kB
MemTotal:        1844596 kB
MemFree:          222832 kB
MemAvailable:    1394488 kB
Buffers:           88524 kB
Cached:          1116060 kB
MemTotal:        1844596 kB
MemFree:          222476 kB
MemAvailable:    1394132 kB
Buffers:           88524 kB
Cached:          1116060 kB
MemTotal:        1844596 kB
MemFree:          223020 kB
MemAvailable:    1394680 kB
Buffers:           88524 kB
Cached:          1116064 kB
MemTotal:        1844596 kB
MemFree:          223104 kB
MemAvailable:    1394764 kB
Buffers:           88524 kB
Cached:          1116064 kB
MemTotal:        1844596 kB
MemFree:          223160 kB
MemAvailable:    1394820 kB
Buffers:           88524 kB
Cached:          1116064 kB
MemTotal:        1844596 kB
MemFree:          223160 kB
MemAvailable:    1394820 kB
Buffers:           88524 kB
Cached:          1116064 kB
MemTotal:        1844596 kB
MemFree:          222880 kB
MemAvailable:    1394540 kB
Buffers:           88524 kB
Cached:          1116064 kB
MemTotal:        1844596 kB
MemFree:          223132 kB
MemAvailable:    1394792 kB
Buffers:           88524 kB
Cached:          1116064 kB
MemTotal:        1844596 kB
MemFree:          223028 kB
MemAvailable:    1394688 kB
Buffers:           88524 kB
Cached:          1116064 kB
MemTotal:        1844596 kB
MemFree:          221596 kB
MemAvailable:    1393256 kB
Buffers:           88524 kB
Cached:          1116064 kB
MemTotal:        1844596 kB
MemFree:          222836 kB
MemAvailable:    1394500 kB
Buffers:           88524 kB
Cached:          1116068 kB
MemTotal:        1844596 kB
MemFree:          222824 kB
MemAvailable:    1394488 kB
Buffers:           88524 kB
Cached:          1116068 kB
MemTotal:        1844596 kB
MemFree:          223160 kB
MemAvailable:    1394824 kB
Buffers:           88524 kB
Cached:          1116068 kB
MemTotal:        1844596 kB
MemFree:          222824 kB
MemAvailable:    1394488 kB
Buffers:           88524 kB
Cached:          1116068 kB
MemTotal:        1844596 kB
MemFree:          220920 kB
MemAvailable:    1392584 kB
Buffers:           88524 kB
Cached:          1116068 kB
MemTotal:        1844596 kB
MemFree:          222088 kB
MemAvailable:    1393752 kB
Buffers:           88524 kB
Cached:          1116068 kB
MemTotal:        1844596 kB
MemFree:          222048 kB
MemAvailable:    1393712 kB
Buffers:           88524 kB
Cached:          1116068 kB
MemTotal:        1844596 kB
MemFree:          220740 kB
MemAvailable:    1392404 kB
Buffers:           88524 kB
Cached:          1116068 kB
MemTotal:        1844596 kB
MemFree:          221884 kB
MemAvailable:    1393548 kB
Buffers:           88524 kB
Cached:          1116068 kB
MemTotal:        1844596 kB
MemFree:          221168 kB
MemAvailable:    1392832 kB
Buffers:           88524 kB
Cached:          1116068 kB
MemTotal:        1844596 kB
MemFree:          221592 kB
MemAvailable:    1393256 kB
Buffers:           88524 kB
Cached:          1116068 kB
MemTotal:        1844596 kB
MemFree:          220300 kB
MemAvailable:    1391964 kB
Buffers:           88524 kB
Cached:          1116068 kB
MemTotal:        1844596 kB
MemFree:          219144 kB
MemAvailable:    1390808 kB
Buffers:           88524 kB
Cached:          1116068 kB
MemTotal:        1844596 kB
MemFree:          216084 kB
MemAvailable:    1387748 kB
Buffers:           88524 kB
Cached:          1116068 kB
MemTotal:        1844596 kB
MemFree:          214092 kB
MemAvailable:    1385756 kB
Buffers:           88524 kB
Cached:          1116068 kB
MemTotal:        1844596 kB
MemFree:          211000 kB
MemAvailable:    1382664 kB
Buffers:           88524 kB
Cached:          1116068 kB
MemTotal:        1844596 kB
MemFree:          206024 kB
MemAvailable:    1377688 kB
Buffers:           88524 kB
Cached:          1116068 kB
MemTotal:        1844596 kB
MemFree:          206112 kB
MemAvailable:    1377776 kB
Buffers:           88524 kB
Cached:          1116068 kB
MemTotal:        1844596 kB
MemFree:          200824 kB
MemAvailable:    1372488 kB
Buffers:           88524 kB
Cached:          1116068 kB
MemTotal:        1844596 kB
MemFree:          200964 kB
MemAvailable:    1372628 kB
Buffers:           88524 kB
Cached:          1116068 kB
MemTotal:        1844596 kB
MemFree:          198344 kB
MemAvailable:    1370008 kB
Buffers:           88524 kB
Cached:          1116068 kB
MemTotal:        1844596 kB
MemFree:          198344 kB
MemAvailable:    1370008 kB
Buffers:           88524 kB
Cached:          1116068 kB
MemTotal:        1844596 kB
MemFree:          193740 kB
MemAvailable:    1365404 kB
Buffers:           88524 kB
Cached:          1116068 kB
MemTotal:        1844596 kB
MemFree:          193764 kB
MemAvailable:    1365428 kB
Buffers:           88524 kB
Cached:          1116068 kB
MemTotal:        1844596 kB
MemFree:          190168 kB
MemAvailable:    1361832 kB
Buffers:           88524 kB
Cached:          1116068 kB
MemTotal:        1844596 kB
MemFree:          191268 kB
MemAvailable:    1362932 kB
Buffers:           88524 kB
Cached:          1116068 kB
MemTotal:        1844596 kB
MemFree:          191268 kB
MemAvailable:    1362932 kB
Buffers:           88524 kB
Cached:          1116068 kB
MemTotal:        1844596 kB
MemFree:          191080 kB
MemAvailable:    1362744 kB
Buffers:           88524 kB
Cached:          1116068 kB
MemTotal:        1844596 kB
MemFree:          189904 kB
MemAvailable:    1361568 kB
Buffers:           88524 kB
Cached:          1116068 kB
MemTotal:        1844596 kB
MemFree:          191204 kB
MemAvailable:    1362868 kB
Buffers:           88524 kB
Cached:          1116068 kB
MemTotal:        1844596 kB
MemFree:          190160 kB
MemAvailable:    1361824 kB
Buffers:           88524 kB
Cached:          1116068 kB
MemTotal:        1844596 kB
MemFree:          191152 kB
MemAvailable:    1362816 kB
Buffers:           88524 kB
Cached:          1116068 kB
MemTotal:        1844596 kB
MemFree:          190408 kB
MemAvailable:    1362072 kB
Buffers:           88524 kB
Cached:          1116068 kB
MemTotal:        1844596 kB
MemFree:          191368 kB
MemAvailable:    1363032 kB
Buffers:           88524 kB
Cached:          1116068 kB
MemTotal:        1844596 kB
MemFree:          189912 kB
MemAvailable:    1361576 kB
Buffers:           88524 kB
Cached:          1116068 kB
MemTotal:        1844596 kB
MemFree:          190356 kB
MemAvailable:    1362020 kB
Buffers:           88524 kB
Cached:          1116068 kB
MemTotal:        1844596 kB
MemFree:          188920 kB
MemAvailable:    1360584 kB
Buffers:           88524 kB
Cached:          1116068 kB
MemTotal:        1844596 kB
MemFree:          188788 kB
MemAvailable:    1360452 kB
Buffers:           88524 kB
Cached:          1116068 kB
MemTotal:        1844596 kB
MemFree:          189896 kB
MemAvailable:    1361560 kB
Buffers:           88524 kB
Cached:          1116068 kB
MemTotal:        1844596 kB
MemFree:          189980 kB
MemAvailable:    1361644 kB
Buffers:           88524 kB
Cached:          1116068 kB
MemTotal:        1844596 kB
MemFree:          189792 kB
MemAvailable:    1361456 kB
Buffers:           88524 kB
Cached:          1116068 kB
MemTotal:        1844596 kB
MemFree:          189668 kB
MemAvailable:    1361332 kB
Buffers:           88524 kB
Cached:          1116068 kB
MemTotal:        1844596 kB
MemFree:          188936 kB
MemAvailable:    1360600 kB
Buffers:           88524 kB
Cached:          1116068 kB
MemTotal:        1844596 kB
MemFree:          189284 kB
MemAvailable:    1360948 kB
Buffers:           88524 kB
Cached:          1116068 kB
MemTotal:        1844596 kB
MemFree:          189620 kB
MemAvailable:    1361284 kB
Buffers:           88524 kB
Cached:          1116068 kB
MemTotal:        1844596 kB
MemFree:          189272 kB
MemAvailable:    1360936 kB
Buffers:           88524 kB
Cached:          1116068 kB
MemTotal:        1844596 kB
MemFree:          188416 kB
MemAvailable:    1360080 kB
Buffers:           88524 kB
Cached:          1116068 kB
MemTotal:        1844596 kB
MemFree:          188308 kB
MemAvailable:    1359972 kB
Buffers:           88524 kB
Cached:          1116068 kB
MemTotal:        1844596 kB
MemFree:          187672 kB
MemAvailable:    1359336 kB
Buffers:           88524 kB
Cached:          1116068 kB
MemTotal:        1844596 kB
MemFree:          186696 kB
MemAvailable:    1358360 kB
Buffers:           88524 kB
Cached:          1116068 kB
MemTotal:        1844596 kB
MemFree:          186996 kB
MemAvailable:    1358660 kB
Buffers:           88524 kB
Cached:          1116068 kB
MemTotal:        1844596 kB
MemFree:          187124 kB
MemAvailable:    1358788 kB
Buffers:           88524 kB
Cached:          1116068 kB
MemTotal:        1844596 kB
MemFree:          185828 kB
MemAvailable:    1357492 kB
Buffers:           88524 kB
Cached:          1116068 kB
MemTotal:        1844596 kB
MemFree:          186800 kB
MemAvailable:    1358464 kB
Buffers:           88524 kB
Cached:          1116068 kB
MemTotal:        1844596 kB
MemFree:          186148 kB
MemAvailable:    1357812 kB
Buffers:           88524 kB
Cached:          1116068 kB
MemTotal:        1844596 kB
MemFree:          186988 kB
MemAvailable:    1358652 kB
Buffers:           88524 kB
Cached:          1116068 kB
MemTotal:        1844596 kB
MemFree:          187020 kB
MemAvailable:    1358684 kB
Buffers:           88524 kB
Cached:          1116068 kB
MemTotal:        1844596 kB
MemFree:          186872 kB
MemAvailable:    1358536 kB
Buffers:           88524 kB
Cached:          1116068 kB
MemTotal:        1844596 kB
MemFree:          186832 kB
MemAvailable:    1358496 kB
Buffers:           88524 kB
Cached:          1116068 kB
MemTotal:        1844596 kB
MemFree:          186812 kB
MemAvailable:    1358476 kB
Buffers:           88524 kB
Cached:          1116068 kB
MemTotal:        1844596 kB
MemFree:          186812 kB
MemAvailable:    1358476 kB
Buffers:           88524 kB
Cached:          1116068 kB
MemTotal:        1844596 kB
MemFree:          186824 kB
MemAvailable:    1358488 kB
Buffers:           88524 kB
Cached:          1116068 kB
MemTotal:        1844596 kB
MemFree:          186700 kB
MemAvailable:    1358364 kB
Buffers:           88524 kB
Cached:          1116068 kB
MemTotal:        1844596 kB
MemFree:          186884 kB
MemAvailable:    1358548 kB
Buffers:           88524 kB
Cached:          1116068 kB
MemTotal:        1844596 kB
MemFree:          187052 kB
MemAvailable:    1358716 kB
Buffers:           88524 kB
Cached:          1116068 kB
MemTotal:        1844596 kB
MemFree:          186840 kB
MemAvailable:    1358504 kB
Buffers:           88524 kB
Cached:          1116068 kB
MemTotal:        1844596 kB
MemFree:          186856 kB
MemAvailable:    1358520 kB
Buffers:           88524 kB
Cached:          1116068 kB
MemTotal:        1844596 kB
MemFree:          186740 kB
MemAvailable:    1358404 kB
Buffers:           88524 kB
Cached:          1116068 kB
MemTotal:        1844596 kB
MemFree:          186992 kB
MemAvailable:    1358656 kB
Buffers:           88524 kB
Cached:          1116068 kB
MemTotal:        1844596 kB
MemFree:          186932 kB
MemAvailable:    1358596 kB
Buffers:           88524 kB
Cached:          1116068 kB
MemTotal:        1844596 kB
MemFree:          186944 kB
MemAvailable:    1358608 kB
Buffers:           88524 kB
Cached:          1116068 kB
MemTotal:        1844596 kB
MemFree:          187004 kB
MemAvailable:    1358668 kB
Buffers:           88524 kB
Cached:          1116068 kB
MemTotal:        1844596 kB
MemFree:          186784 kB
MemAvailable:    1358448 kB
Buffers:           88524 kB
Cached:          1116068 kB
MemTotal:        1844596 kB
MemFree:          187040 kB
MemAvailable:    1358704 kB
Buffers:           88524 kB
Cached:          1116068 kB
MemTotal:        1844596 kB
MemFree:          185532 kB
MemAvailable:    1357200 kB
Buffers:           88524 kB
Cached:          1116072 kB
MemTotal:        1844596 kB
MemFree:          186896 kB
MemAvailable:    1358564 kB
Buffers:           88524 kB
Cached:          1116072 kB
MemTotal:        1844596 kB
MemFree:          186820 kB
MemAvailable:    1358496 kB
Buffers:           88524 kB
Cached:          1116080 kB
MemTotal:        1844596 kB
MemFree:          185572 kB
MemAvailable:    1357248 kB
Buffers:           88524 kB
Cached:          1116080 kB
MemTotal:        1844596 kB
MemFree:          186708 kB
MemAvailable:    1358384 kB
Buffers:           88524 kB
Cached:          1116080 kB
MemTotal:        1844596 kB
MemFree:          185828 kB
MemAvailable:    1357504 kB
Buffers:           88524 kB
Cached:          1116080 kB
MemTotal:        1844596 kB
MemFree:          187028 kB
MemAvailable:    1358704 kB
Buffers:           88524 kB
Cached:          1116080 kB
MemTotal:        1844596 kB
MemFree:          186936 kB
MemAvailable:    1358612 kB
Buffers:           88524 kB
Cached:          1116080 kB
MemTotal:        1844596 kB
MemFree:          186764 kB
MemAvailable:    1358440 kB
Buffers:           88524 kB
Cached:          1116080 kB
MemTotal:        1844596 kB
MemFree:          187016 kB
MemAvailable:    1358692 kB
Buffers:           88524 kB
Cached:          1116080 kB
MemTotal:        1844596 kB
MemFree:          185692 kB
MemAvailable:    1357368 kB
Buffers:           88524 kB
Cached:          1116080 kB
MemTotal:        1844596 kB
MemFree:          185692 kB
MemAvailable:    1357368 kB
Buffers:           88524 kB
Cached:          1116080 kB
MemTotal:        1844596 kB
MemFree:          186572 kB
MemAvailable:    1358248 kB
Buffers:           88524 kB
Cached:          1116080 kB
MemTotal:        1844596 kB
MemFree:          185200 kB
MemAvailable:    1356876 kB
Buffers:           88524 kB
Cached:          1116080 kB
MemTotal:        1844596 kB
MemFree:          182852 kB
MemAvailable:    1354528 kB
Buffers:           88524 kB
Cached:          1116080 kB
MemTotal:        1844596 kB
MemFree:          180348 kB
MemAvailable:    1352024 kB
Buffers:           88524 kB
Cached:          1116080 kB
MemTotal:        1844596 kB
MemFree:          179752 kB
MemAvailable:    1351428 kB
Buffers:           88524 kB
Cached:          1116080 kB
MemTotal:        1844596 kB
MemFree:          180120 kB
MemAvailable:    1351796 kB
Buffers:           88524 kB
Cached:          1116080 kB
MemTotal:        1844596 kB
MemFree:          178944 kB
MemAvailable:    1350620 kB
Buffers:           88524 kB
Cached:          1116080 kB
MemTotal:        1844596 kB
MemFree:          180416 kB
MemAvailable:    1352092 kB
Buffers:           88524 kB
Cached:          1116080 kB
MemTotal:        1844596 kB
MemFree:          178808 kB
MemAvailable:    1350484 kB
Buffers:           88524 kB
Cached:          1116080 kB
MemTotal:        1844596 kB
MemFree:          178932 kB
MemAvailable:    1350608 kB
Buffers:           88524 kB
Cached:          1116080 kB
MemTotal:        1844596 kB
MemFree:          178976 kB
MemAvailable:    1350652 kB
Buffers:           88524 kB
Cached:          1116080 kB
MemTotal:        1844596 kB
MemFree:          180168 kB
MemAvailable:    1351844 kB
Buffers:           88524 kB
Cached:          1116080 kB
MemTotal:        1844596 kB
MemFree:          180168 kB
MemAvailable:    1351844 kB
Buffers:           88524 kB
Cached:          1116080 kB
MemTotal:        1844596 kB
MemFree:          180128 kB
MemAvailable:    1351804 kB
Buffers:           88524 kB
Cached:          1116080 kB
MemTotal:        1844596 kB
MemFree:          180340 kB
MemAvailable:    1352016 kB
Buffers:           88524 kB
Cached:          1116080 kB
MemTotal:        1844596 kB
MemFree:          180228 kB
MemAvailable:    1351904 kB
Buffers:           88524 kB
Cached:          1116080 kB
MemTotal:        1844596 kB
MemFree:          180040 kB
MemAvailable:    1351716 kB
Buffers:           88524 kB
Cached:          1116080 kB
MemTotal:        1844596 kB
MemFree:          178864 kB
MemAvailable:    1350708 kB
Buffers:           88524 kB
Cached:          1116204 kB
MemTotal:        1844596 kB
MemFree:          178988 kB
MemAvailable:    1350916 kB
Buffers:           88524 kB
Cached:          1116328 kB
MemTotal:        1844596 kB
MemFree:          178636 kB
MemAvailable:    1350732 kB
Buffers:           88524 kB
Cached:          1116452 kB
MemTotal:        1844596 kB
MemFree:          179812 kB
MemAvailable:    1351992 kB
Buffers:           88524 kB
Cached:          1116576 kB
MemTotal:        1844596 kB
MemFree:          179812 kB
MemAvailable:    1352076 kB
Buffers:           88524 kB
Cached:          1116700 kB
MemTotal:        1844596 kB
MemFree:          180000 kB
MemAvailable:    1352264 kB
Buffers:           88524 kB
Cached:          1116700 kB
MemTotal:        1844596 kB
MemFree:          179488 kB
MemAvailable:    1351836 kB
Buffers:           88524 kB
Cached:          1116700 kB
MemTotal:        1844596 kB
MemFree:          179572 kB
MemAvailable:    1351920 kB
Buffers:           88524 kB
Cached:          1116700 kB
MemTotal:        1844596 kB
MemFree:          179360 kB
MemAvailable:    1351708 kB
Buffers:           88524 kB
Cached:          1116700 kB
MemTotal:        1844596 kB
MemFree:          179512 kB
MemAvailable:    1351860 kB
Buffers:           88524 kB
Cached:          1116700 kB
MemTotal:        1844596 kB
MemFree:          179200 kB
MemAvailable:    1351548 kB
Buffers:           88524 kB
Cached:          1116700 kB
MemTotal:        1844596 kB
MemFree:          179456 kB
MemAvailable:    1351804 kB
Buffers:           88524 kB
Cached:          1116700 kB
MemTotal:        1844596 kB
MemFree:          179200 kB
MemAvailable:    1351632 kB
Buffers:           88524 kB
Cached:          1116824 kB
MemTotal:        1844596 kB
MemFree:          178416 kB
MemAvailable:    1350176 kB
Buffers:           88524 kB
Cached:          1116108 kB
MemTotal:        1844596 kB
MemFree:          218508 kB
MemAvailable:    1390268 kB
Buffers:           88524 kB
Cached:          1116108 kB
MemTotal:        1844596 kB
MemFree:          256260 kB
MemAvailable:    1428020 kB
Buffers:           88524 kB
Cached:          1116108 kB
MemTotal:        1844596 kB
MemFree:          376216 kB
MemAvailable:    1547976 kB
Buffers:           88524 kB
Cached:          1116108 kB
