MemTotal:        1844596 kB
MemFree:          261456 kB
MemAvailable:    1544508 kB
Buffers:           98120 kB
Cached:          1207376 kB
MemTotal:        1844596 kB
MemFree:          236444 kB
MemAvailable:    1519524 kB
Buffers:           98120 kB
Cached:          1207408 kB
MemTotal:        1844596 kB
MemFree:          233468 kB
MemAvailable:    1516548 kB
Buffers:           98120 kB
Cached:          1207408 kB
MemTotal:        1844596 kB
MemFree:          233584 kB
MemAvailable:    1516664 kB
Buffers:           98120 kB
Cached:          1207408 kB
MemTotal:        1844596 kB
MemFree:          233104 kB
MemAvailable:    1516184 kB
Buffers:           98120 kB
Cached:          1207408 kB
MemTotal:        1844596 kB
MemFree:          229528 kB
MemAvailable:    1512608 kB
Buffers:           98120 kB
Cached:          1207408 kB
MemTotal:        1844596 kB
MemFree:          230752 kB
MemAvailable:    1513832 kB
Buffers:           98120 kB
Cached:          1207408 kB
MemTotal:        1844596 kB
MemFree:          230752 kB
MemAvailable:    1513832 kB
Buffers:           98120 kB
Cached:          1207408 kB
MemTotal:        1844596 kB
MemFree:          226924 kB
MemAvailable:    1510004 kB
Buffers:           98120 kB
Cached:          1207408 kB
MemTotal:        1844596 kB
MemFree:          223700 kB
MemAvailable:    1506780 kB
Buffers:           98120 kB
Cached:          1207408 kB
MemTotal:        1844596 kB
MemFree:          220600 kB
MemAvailable:    1503680 kB
Buffers:           98120 kB
Cached:          1207408 kB
MemTotal:        1844596 kB
MemFree:          220868 kB
MemAvailable:    1503948 kB
Buffers:           98120 kB
Cached:          1207408 kB
MemTotal:        1844596 kB
MemFree:          222052 kB
MemAvailable:    1505132 kB
Buffers:           98120 kB
Cached:          1207408 kB
MemTotal:        1844596 kB
MemFree:          222116 kB
MemAvailable:    1505196 kB
Buffers:           98120 kB
Cached:          1207408 kB
MemTotal:        1844596 kB
MemFree:          221004 kB
MemAvailable:    1504084 kB
Buffers:           98120 kB
Cached:          1207408 kB
MemTotal:        1844596 kB
MemFree:          222056 kB
MemAvailable:    1505136 kB
Buffers:           98120 kB
Cached:          1207408 kB
MemTotal:        1844596 kB
MemFree:          222056 kB
MemAvailable:    1505136 kB
Buffers:           98120 kB
Cached:          1207408 kB
MemTotal:        1844596 kB
MemFree:          221864 kB
MemAvailable:    1504944 kB
Buffers:           98120 kB
Cached:          1207408 kB
MemTotal:        1844596 kB
MemFree:          221732 kB
MemAvailable:    1504812 kB
Buffers:           98120 kB
Cached:          1207408 kB
MemTotal:        1844596 kB
MemFree:          221544 kB
MemAvailable:    1504624 kB
Buffers:           98120 kB
Cached:          1207408 kB
MemTotal:        1844596 kB
MemFree:          220516 kB
MemAvailable:    1503596 kB
Buffers:           98120 kB
Cached:          1207408 kB
MemTotal:        1844596 kB
MemFree:          220128 kB
MemAvailable:    1503208 kB
Buffers:           98120 kB
Cached:          1207408 kB
MemTotal:        1844596 kB
MemFree:          221296 kB
MemAvailable:    1504376 kB
Buffers:           98120 kB
Cached:          1207408 kB
MemTotal:        1844596 kB
MemFree:          221192 kB
MemAvailable:    1504272 kB
Buffers:           98120 kB
Cached:          1207408 kB
MemTotal:        1844596 kB
MemFree:          219960 kB
MemAvailable:    1503040 kB
Buffers:           98120 kB
Cached:          1207408 kB
MemTotal:        1844596 kB
MemFree:          220488 kB
MemAvailable:    1503568 kB
Buffers:           98120 kB
Cached:          1207408 kB
MemTotal:        1844596 kB
MemFree:          220652 kB
MemAvailable:    1503732 kB
Buffers:           98120 kB
Cached:          1207408 kB
MemTotal:        1844596 kB
MemFree:          219224 kB
MemAvailable:    1502304 kB
Buffers:           98120 kB
Cached:          1207408 kB
MemTotal:        1844596 kB
MemFree:          219356 kB
MemAvailable:    1502436 kB
Buffers:           98120 kB
Cached:          1207408 kB
MemTotal:        1844596 kB
MemFree:          219528 kB
MemAvailable:    1502608 kB
Buffers:           98120 kB
Cached:          1207408 kB
MemTotal:        1844596 kB
MemFree:          219296 kB
MemAvailable:    1502376 kB
Buffers:           98120 kB
Cached:          1207408 kB
MemTotal:        1844596 kB
MemFree:          217916 kB
MemAvailable:    1500996 kB
Buffers:           98120 kB
Cached:          1207408 kB
MemTotal:        1844596 kB
MemFree:          219024 kB
MemAvailable:    1502104 kB
Buffers:           98120 kB
Cached:          1207408 kB
MemTotal:        1844596 kB
MemFree:          218800 kB
MemAvailable:    1501880 kB
Buffers:           98120 kB
Cached:          1207408 kB
MemTotal:        1844596 kB
MemFree:          218992 kB
MemAvailable:    1502072 kB
Buffers:           98120 kB
Cached:          1207408 kB
MemTotal:        1844596 kB
MemFree:          218296 kB
MemAvailable:    1501376 kB
Buffers:           98120 kB
Cached:          1207408 kB
MemTotal:        1844596 kB
MemFree:          219156 kB
MemAvailable:    1502236 kB
Buffers:           98120 kB
Cached:          1207408 kB
MemTotal:        1844596 kB
MemFree:          219048 kB
MemAvailable:    1502128 kB
Buffers:           98120 kB
Cached:          1207408 kB
MemTotal:        1844596 kB
MemFree:          219088 kB
MemAvailable:    1502168 kB
Buffers:           98120 kB
Cached:          1207408 kB
MemTotal:        1844596 kB
MemFree:          219048 kB
MemAvailable:    1502128 kB
Buffers:           98120 kB
Cached:          1207408 kB
MemTotal:        1844596 kB
MemFree:          216552 kB
MemAvailable:    1499632 kB
Buffers:           98120 kB
Cached:          1207408 kB
MemTotal:        1844596 kB
MemFree:          215700 kB
MemAvailable:    1498780 kB
Buffers:           98120 kB
Cached:          1207408 kB
MemTotal:        1844596 kB
MemFree:          214088 kB
MemAvailable:    1497168 kB
Buffers:           98120 kB
Cached:          1207408 kB
MemTotal:        1844596 kB
MemFree:          212848 kB
MemAvailable:    1495928 kB
Buffers:           98120 kB
Cached:          1207408 kB
MemTotal:        1844596 kB
MemFree:          212848 kB
MemAvailable:    1495928 kB
Buffers:           98120 kB
Cached:          1207408 kB
MemTotal:        1844596 kB
MemFree:          214192 kB
MemAvailable:    1497272 kB
Buffers:           98120 kB
Cached:          1207408 kB
MemTotal:        1844596 kB
MemFree:          213708 kB
MemAvailable:    1496788 kB
Buffers:           98120 kB
Cached:          1207408 kB
MemTotal:        1844596 kB
MemFree:          213512 kB
MemAvailable:    1496592 kB
Buffers:           98120 kB
Cached:          1207408 kB
MemTotal:        1844596 kB
MemFree:          212204 kB
MemAvailable:    1495284 kB
Buffers:           98120 kB
Cached:          1207408 kB
MemTotal:        1844596 kB
MemFree:          212124 kB
MemAvailable:    1495204 kB
Buffers:           98120 kB
Cached:          1207408 kB
MemTotal:        1844596 kB
MemFree:          213184 kB
MemAvailable:    1496264 kB
Buffers:           98120 kB
Cached:          1207408 kB
MemTotal:        1844596 kB
MemFree:          212372 kB
MemAvailable:    1495452 kB
Buffers:           98120 kB
Cached:          1207408 kB
MemTotal:        1844596 kB
MemFree:          213088 kB
MemAvailable:    1496168 kB
Buffers:           98120 kB
Cached:          1207408 kB
MemTotal:        1844596 kB
MemFree:          213424 kB
MemAvailable:    1496504 kB
Buffers:           98120 kB
Cached:          1207408 kB
MemTotal:        1844596 kB
MemFree:          211940 kB
MemAvailable:    1495020 kB
Buffers:           98120 kB
Cached:          1207408 kB
MemTotal:        1844596 kB
MemFree:          213488 kB
MemAvailable:    1496568 kB
Buffers:           98120 kB
Cached:          1207408 kB
MemTotal:        1844596 kB
MemFree:          209388 kB
MemAvailable:    1492468 kB
Buffers:           98120 kB
Cached:          1207408 kB
MemTotal:        1844596 kB
MemFree:          206296 kB
MemAvailable:    1489376 kB
Buffers:           98120 kB
Cached:          1207408 kB
MemTotal:        1844596 kB
MemFree:          207100 kB
MemAvailable:    1490180 kB
Buffers:           98120 kB
Cached:          1207408 kB
MemTotal:        1844596 kB
MemFree:          207164 kB
MemAvailable:    1490244 kB
Buffers:           98120 kB
Cached:          1207408 kB
MemTotal:        1844596 kB
MemFree:          205428 kB
MemAvailable:    1488508 kB
Buffers:           98120 kB
Cached:          1207408 kB
MemTotal:        1844596 kB
MemFree:          205412 kB
MemAvailable:    1488492 kB
Buffers:           98120 kB
Cached:          1207408 kB
MemTotal:        1844596 kB
MemFree:          204768 kB
MemAvailable:    1487848 kB
Buffers:           98120 kB
Cached:          1207408 kB
MemTotal:        1844596 kB
MemFree:          204880 kB
MemAvailable:    1487960 kB
Buffers:           98120 kB
Cached:          1207408 kB
MemTotal:        1844596 kB
MemFree:          204628 kB
MemAvailable:    1487708 kB
Buffers:           98120 kB
Cached:          1207408 kB
MemTotal:        1844596 kB
MemFree:          203824 kB
MemAvailable:    1486904 kB
Buffers:           98120 kB
Cached:          1207408 kB
MemTotal:        1844596 kB
MemFree:          204684 kB
MemAvailable:    1487764 kB
Buffers:           98120 kB
Cached:          1207408 kB
MemTotal:        1844596 kB
MemFree:          204480 kB
MemAvailable:    1487560 kB
Buffers:           98120 kB
Cached:          1207408 kB
MemTotal:        1844596 kB
MemFree:          203568 kB
MemAvailable:    1486648 kB
Buffers:           98120 kB
Cached:          1207408 kB
MemTotal:        1844596 kB
MemFree:          203460 kB
MemAvailable:    1486544 kB
Buffers:           98120 kB
Cached:          1207412 kB
MemTotal:        1844596 kB
MemFree:          204692 kB
MemAvailable:    1487776 kB
Buffers:           98120 kB
Cached:          1207412 kB
MemTotal:        1844596 kB
MemFree:          203204 kB
MemAvailable:    1486288 kB
Buffers:           98120 kB
Cached:          1207412 kB
MemTotal:        1844596 kB
MemFree:          204264 kB
MemAvailable:    1487348 kB
Buffers:           98120 kB
Cached:          1207412 kB
MemTotal:        1844596 kB
MemFree:          203028 kB
MemAvailable:    1486112 kB
Buffers:           98120 kB
Cached:          1207412 kB
MemTotal:        1844596 kB
MemFree:          203396 kB
MemAvailable:    1486480 kB
Buffers:           98120 kB
Cached:          1207412 kB
MemTotal:        1844596 kB
MemFree:          204124 kB
MemAvailable:    1487208 kB
Buffers:           98120 kB
Cached:          1207412 kB
MemTotal:        1844596 kB
MemFree:          203832 kB
MemAvailable:    1486916 kB
Buffers:           98120 kB
Cached:          1207412 kB
MemTotal:        1844596 kB
MemFree:          204192 kB
MemAvailable:    1487276 kB
Buffers:           98120 kB
Cached:          1207412 kB
MemTotal:        1844596 kB
MemFree:          202820 kB
MemAvailable:    1485904 kB
Buffers:           98120 kB
Cached:          1207412 kB
MemTotal:        1844596 kB
MemFree:          204072 kB
MemAvailable:    1487156 kB
Buffers:           98120 kB
Cached:          1207412 kB
MemTotal:        1844596 kB
MemFree:          204088 kB
MemAvailable:    1487172 kB
Buffers:           98120 kB
Cached:          1207412 kB
MemTotal:        1844596 kB
MemFree:          203808 kB
MemAvailable:    1486892 kB
Buffers:           98120 kB
Cached:          1207412 kB
MemTotal:        1844596 kB
MemFree:          204144 kB
MemAvailable:    1487228 kB
Buffers:           98120 kB
Cached:          1207412 kB
MemTotal:        1844596 kB
MemFree:          200360 kB
MemAvailable:    1483444 kB
Buffers:           98120 kB
Cached:          1207412 kB
MemTotal:        1844596 kB
MemFree:          198376 kB
MemAvailable:    1481460 kB
Buffers:           98120 kB
Cached:          1207412 kB
MemTotal:        1844596 kB
MemFree:          196104 kB
MemAvailable:    1479192 kB
Buffers:           98120 kB
Cached:          1207416 kB
MemTotal:        1844596 kB
MemFree:          194796 kB
MemAvailable:    1477884 kB
Buffers:           98120 kB
Cached:          1207416 kB
MemTotal:        1844596 kB
MemFree:          194796 kB
MemAvailable:    1477884 kB
Buffers:           98120 kB
Cached:          1207416 kB
MemTotal:        1844596 kB
MemFree:          194804 kB
MemAvailable:    1477892 kB
Buffers:           98120 kB
Cached:          1207416 kB
MemTotal:        1844596 kB
MemFree:          194432 kB
MemAvailable:    1477520 kB
Buffers:           98120 kB
Cached:          1207416 kB
MemTotal:        1844596 kB
MemFree:          194432 kB
MemAvailable:    1477520 kB
Buffers:           98120 kB
Cached:          1207416 kB
MemTotal:        1844596 kB
MemFree:          194300 kB
MemAvailable:    1477388 kB
Buffers:           98120 kB
Cached:          1207416 kB
MemTotal:        1844596 kB
MemFree:          195476 kB
MemAvailable:    1478564 kB
Buffers:           98120 kB
Cached:          1207416 kB
MemTotal:        1844596 kB
MemFree:          195492 kB
MemAvailable:    1478580 kB
Buffers:           98120 kB
Cached:          1207416 kB
MemTotal:        1844596 kB
MemFree:          195744 kB
MemAvailable:    1478832 kB
Buffers:           98120 kB
Cached:          1207416 kB
MemTotal:        1844596 kB
MemFree:          194124 kB
MemAvailable:    1477212 kB
Buffers:           98120 kB
Cached:          1207416 kB
MemTotal:        1844596 kB
MemFree:          194248 kB
MemAvailable:    1477336 kB
Buffers:           98120 kB
Cached:          1207416 kB
MemTotal:        1844596 kB
MemFree:          195344 kB
MemAvailable:    1478432 kB
Buffers:           98120 kB
Cached:          1207416 kB
MemTotal:        1844596 kB
MemFree:          195596 kB
MemAvailable:    1478684 kB
Buffers:           98120 kB
Cached:          1207416 kB
MemTotal:        1844596 kB
MemFree:          194128 kB
MemAvailable:    1477216 kB
Buffers:           98120 kB
Cached:          1207416 kB
MemTotal:        1844596 kB
MemFree:          195404 kB
MemAvailable:    1478492 kB
Buffers:           98120 kB
Cached:          1207416 kB
MemTotal:        1844596 kB
MemFree:          195184 kB
MemAvailable:    1478272 kB
Buffers:           98120 kB
Cached:          1207416 kB
MemTotal:        1844596 kB
MemFree:          195236 kB
MemAvailable:    1478324 kB
Buffers:           98120 kB
Cached:          1207416 kB
MemTotal:        1844596 kB
MemFree:          195572 kB
MemAvailable:    1478660 kB
Buffers:           98120 kB
Cached:          1207416 kB
MemTotal:        1844596 kB
MemFree:          195792 kB
MemAvailable:    1478880 kB
Buffers:           98120 kB
Cached:          1207416 kB
MemTotal:        1844596 kB
MemFree:          195424 kB
MemAvailable:    1478512 kB
Buffers:           98120 kB
Cached:          1207416 kB
MemTotal:        1844596 kB
MemFree:          194292 kB
MemAvailable:    1477380 kB
Buffers:           98120 kB
Cached:          1207416 kB
MemTotal:        1844596 kB
MemFree:          194144 kB
MemAvailable:    1477232 kB
Buffers:           98120 kB
Cached:          1207416 kB
MemTotal:        1844596 kB
MemFree:          195328 kB
MemAvailable:    1478416 kB
Buffers:           98120 kB
Cached:          1207416 kB
MemTotal:        1844596 kB
MemFree:          194928 kB
MemAvailable:    1478016 kB
Buffers:           98120 kB
Cached:          1207416 kB
MemTotal:        1844596 kB
MemFree:          195536 kB
MemAvailable:    1478624 kB
Buffers:           98120 kB
Cached:          1207416 kB
MemTotal:        1844596 kB
MemFree:          194040 kB
MemAvailable:    1477128 kB
Buffers:           98120 kB
Cached:          1207416 kB
MemTotal:        1844596 kB
MemFree:          195516 kB
MemAvailable:    1478604 kB
Buffers:           98120 kB
Cached:          1207416 kB
MemTotal:        1844596 kB
MemFree:          195492 kB
MemAvailable:    1478580 kB
Buffers:           98120 kB
Cached:          1207416 kB
MemTotal:        1844596 kB
MemFree:          195428 kB
MemAvailable:    1478516 kB
Buffers:           98120 kB
Cached:          1207416 kB
MemTotal:        1844596 kB
MemFree:          194564 kB
MemAvailable:    1477652 kB
Buffers:           98120 kB
Cached:          1207416 kB
MemTotal:        1844596 kB
MemFree:          195444 kB
MemAvailable:    1478536 kB
Buffers:           98120 kB
Cached:          1207420 kB
MemTotal:        1844596 kB
MemFree:          194316 kB
MemAvailable:    1477408 kB
Buffers:           98120 kB
Cached:          1207420 kB
MemTotal:        1844596 kB
MemFree:          194316 kB
MemAvailable:    1477408 kB
Buffers:           98120 kB
Cached:          1207420 kB
MemTotal:        1844596 kB
MemFree:          194252 kB
MemAvailable:    1477344 kB
Buffers:           98120 kB
Cached:          1207420 kB
MemTotal:        1844596 kB
MemFree:          190532 kB
MemAvailable:    1473624 kB
Buffers:           98120 kB
Cached:          1207420 kB
MemTotal:        1844596 kB
MemFree:          187000 kB
MemAvailable:    1470092 kB
Buffers:           98120 kB
Cached:          1207420 kB
MemTotal:        1844596 kB
MemFree:          184820 kB
MemAvailable:    1467912 kB
Buffers:           98120 kB
Cached:          1207420 kB
MemTotal:        1844596 kB
MemFree:          183644 kB
MemAvailable:    1466736 kB
Buffers:           98120 kB
Cached:          1207420 kB
MemTotal:        1844596 kB
MemFree:          184776 kB
MemAvailable:    1467868 kB
Buffers:           98120 kB
Cached:          1207420 kB
MemTotal:        1844596 kB
MemFree:          184644 kB
MemAvailable:    1467736 kB
Buffers:           98120 kB
Cached:          1207420 kB
MemTotal:        1844596 kB
MemFree:          183504 kB
MemAvailable:    1466596 kB
Buffers:           98120 kB
Cached:          1207420 kB
MemTotal:        1844596 kB
MemFree:          184564 kB
MemAvailable:    1467656 kB
Buffers:           98120 kB
Cached:          1207420 kB
MemTotal:        1844596 kB
MemFree:          184644 kB
MemAvailable:    1467736 kB
Buffers:           98120 kB
Cached:          1207420 kB
MemTotal:        1844596 kB
MemFree:          184692 kB
MemAvailable:    1467784 kB
Buffers:           98120 kB
Cached:          1207420 kB
MemTotal:        1844596 kB
MemFree:          183384 kB
MemAvailable:    1466476 kB
Buffers:           98120 kB
Cached:          1207420 kB
MemTotal:        1844596 kB
MemFree:          184644 kB
MemAvailable:    1467736 kB
Buffers:           98120 kB
Cached:          1207420 kB
MemTotal:        1844596 kB
MemFree:          184572 kB
MemAvailable:    1467664 kB
Buffers:           98120 kB
Cached:          1207420 kB
MemTotal:        1844596 kB
MemFree:          184280 kB
MemAvailable:    1467372 kB
Buffers:           98120 kB
Cached:          1207420 kB
MemTotal:        1844596 kB
MemFree:          183232 kB
MemAvailable:    1466324 kB
Buffers:           98120 kB
Cached:          1207420 kB
MemTotal:        1844596 kB
MemFree:          183404 kB
MemAvailable:    1466496 kB
Buffers:           98120 kB
Cached:          1207420 kB
MemTotal:        1844596 kB
MemFree:          184704 kB
MemAvailable:    1467796 kB
Buffers:           98120 kB
Cached:          1207420 kB
MemTotal:        1844596 kB
MemFree:          183528 kB
MemAvailable:    1466620 kB
Buffers:           98120 kB
Cached:          1207420 kB
MemTotal:        1844596 kB
MemFree:          183404 kB
MemAvailable:    1466496 kB
Buffers:           98120 kB
Cached:          1207420 kB
MemTotal:        1844596 kB
MemFree:          184704 kB
MemAvailable:    1467796 kB
Buffers:           98120 kB
Cached:          1207420 kB
MemTotal:        1844596 kB
MemFree:          183908 kB
MemAvailable:    1467000 kB
Buffers:           98120 kB
Cached:          1207420 kB
MemTotal:        1844596 kB
MemFree:          184556 kB
MemAvailable:    1467648 kB
Buffers:           98120 kB
Cached:          1207420 kB
MemTotal:        1844596 kB
MemFree:          184652 kB
MemAvailable:    1467744 kB
Buffers:           98120 kB
Cached:          1207420 kB
MemTotal:        1844596 kB
MemFree:          184596 kB
MemAvailable:    1467688 kB
Buffers:           98120 kB
Cached:          1207420 kB
MemTotal:        1844596 kB
MemFree:          184652 kB
MemAvailable:    1467744 kB
Buffers:           98120 kB
Cached:          1207420 kB
MemTotal:        1844596 kB
MemFree:          184512 kB
MemAvailable:    1467604 kB
Buffers:           98120 kB
Cached:          1207420 kB
MemTotal:        1844596 kB
MemFree:          184652 kB
MemAvailable:    1467744 kB
Buffers:           98120 kB
Cached:          1207420 kB
MemTotal:        1844596 kB
MemFree:          183644 kB
MemAvailable:    1466736 kB
Buffers:           98120 kB
Cached:          1207420 kB
MemTotal:        1844596 kB
MemFree:          183356 kB
MemAvailable:    1466448 kB
Buffers:           98124 kB
Cached:          1207416 kB
MemTotal:        1844596 kB
MemFree:          184576 kB
MemAvailable:    1467668 kB
Buffers:           98124 kB
Cached:          1207416 kB
MemTotal:        1844596 kB
MemFree:          184576 kB
MemAvailable:    1467668 kB
Buffers:           98124 kB
Cached:          1207416 kB
MemTotal:        1844596 kB
MemFree:          184520 kB
MemAvailable:    1467612 kB
Buffers:           98124 kB
Cached:          1207416 kB
MemTotal:        1844596 kB
MemFree:          184408 kB
MemAvailable:    1467500 kB
Buffers:           98124 kB
Cached:          1207416 kB
MemTotal:        1844596 kB
MemFree:          183356 kB
MemAvailable:    1466448 kB
Buffers:           98124 kB
Cached:          1207416 kB
MemTotal:        1844596 kB
MemFree:          184712 kB
MemAvailable:    1467808 kB
Buffers:           98124 kB
Cached:          1207420 kB
MemTotal:        1844596 kB
MemFree:          183908 kB
MemAvailable:    1467004 kB
Buffers:           98124 kB
Cached:          1207420 kB
MemTotal:        1844596 kB
MemFree:          184476 kB
MemAvailable:    1467580 kB
Buffers:           98124 kB
Cached:          1207428 kB
MemTotal:        1844596 kB
MemFree:          184872 kB
MemAvailable:    1467976 kB
Buffers:           98124 kB
Cached:          1207428 kB
MemTotal:        1844596 kB
MemFree:          184596 kB
MemAvailable:    1467700 kB
Buffers:           98124 kB
Cached:          1207428 kB
MemTotal:        1844596 kB
MemFree:          184368 kB
MemAvailable:    1467472 kB
Buffers:           98124 kB
Cached:          1207428 kB
MemTotal:        1844596 kB
MemFree:          184704 kB
MemAvailable:    1467808 kB
Buffers:           98124 kB
Cached:          1207428 kB
MemTotal:        1844596 kB
MemFree:          183220 kB
MemAvailable:    1466324 kB
Buffers:           98124 kB
Cached:          1207428 kB
MemTotal:        1844596 kB
MemFree:          183284 kB
MemAvailable:    1466388 kB
Buffers:           98124 kB
Cached:          1207428 kB
MemTotal:        1844596 kB
MemFree:          184592 kB
MemAvailable:    1467696 kB
Buffers:           98124 kB
Cached:          1207428 kB
MemTotal:        1844596 kB
MemFree:          184524 kB
MemAvailable:    1467628 kB
Buffers:           98124 kB
Cached:          1207428 kB
MemTotal:        1844596 kB
MemFree:          184416 kB
MemAvailable:    1467520 kB
Buffers:           98124 kB
Cached:          1207428 kB
MemTotal:        1844596 kB
MemFree:          184484 kB
MemAvailable:    1467588 kB
Buffers:           98124 kB
Cached:          1207428 kB
MemTotal:        1844596 kB
MemFree:          184792 kB
MemAvailable:    1467896 kB
Buffers:           98124 kB
Cached:          1207428 kB
MemTotal:        1844596 kB
MemFree:          183100 kB
MemAvailable:    1466204 kB
Buffers:           98124 kB
Cached:          1207428 kB
MemTotal:        1844596 kB
MemFree:          184208 kB
MemAvailable:    1467312 kB
Buffers:           98124 kB
Cached:          1207428 kB
MemTotal:        1844596 kB
MemFree:          183292 kB
MemAvailable:    1466396 kB
Buffers:           98124 kB
Cached:          1207428 kB
MemTotal:        1844596 kB
MemFree:          183856 kB
MemAvailable:    1466960 kB
Buffers:           98124 kB
Cached:          1207428 kB
MemTotal:        1844596 kB
MemFree:          182740 kB
MemAvailable:    1465844 kB
Buffers:           98124 kB
Cached:          1207428 kB
MemTotal:        1844596 kB
MemFree:          182672 kB
MemAvailable:    1465776 kB
Buffers:           98124 kB
Cached:          1207428 kB
MemTotal:        1844596 kB
MemFree:          183392 kB
MemAvailable:    1466496 kB
Buffers:           98124 kB
Cached:          1207428 kB
MemTotal:        1844596 kB
MemFree:          182548 kB
MemAvailable:    1465652 kB
Buffers:           98124 kB
Cached:          1207428 kB
MemTotal:        1844596 kB
MemFree:          183236 kB
MemAvailable:    1466340 kB
Buffers:           98124 kB
Cached:          1207428 kB
MemTotal:        1844596 kB
MemFree:          183264 kB
MemAvailable:    1466368 kB
Buffers:           98124 kB
Cached:          1207428 kB
MemTotal:        1844596 kB
MemFree:          183044 kB
MemAvailable:    1466148 kB
Buffers:           98124 kB
Cached:          1207428 kB
MemTotal:        1844596 kB
MemFree:          183404 kB
MemAvailable:    1466508 kB
Buffers:           98124 kB
Cached:          1207428 kB
MemTotal:        1844596 kB
MemFree:          183292 kB
MemAvailable:    1466396 kB
Buffers:           98124 kB
Cached:          1207428 kB
MemTotal:        1844596 kB
MemFree:          182556 kB
MemAvailable:    1465660 kB
Buffers:           98124 kB
Cached:          1207428 kB
MemTotal:        1844596 kB
MemFree:          183036 kB
MemAvailable:    1466144 kB
Buffers:           98124 kB
Cached:          1207432 kB
MemTotal:        1844596 kB
MemFree:          182424 kB
MemAvailable:    1465532 kB
Buffers:           98124 kB
Cached:          1207432 kB
MemTotal:        1844596 kB
MemFree:          181752 kB
MemAvailable:    1464860 kB
Buffers:           98124 kB
Cached:          1207432 kB
MemTotal:        1844596 kB
MemFree:          183028 kB
MemAvailable:    1466136 kB
Buffers:           98124 kB
Cached:          1207432 kB
MemTotal:        1844596 kB
MemFree:          182804 kB
MemAvailable:    1465912 kB
Buffers:           98124 kB
Cached:          1207432 kB
MemTotal:        1844596 kB
MemFree:          182932 kB
MemAvailable:    1466040 kB
Buffers:           98124 kB
Cached:          1207432 kB
MemTotal:        1844596 kB
MemFree:          181612 kB
MemAvailable:    1464720 kB
Buffers:           98124 kB
Cached:          1207432 kB
MemTotal:        1844596 kB
MemFree:          183028 kB
MemAvailable:    1466136 kB
Buffers:           98124 kB
Cached:          1207432 kB
MemTotal:        1844596 kB
MemFree:          181680 kB
MemAvailable:    1464788 kB
Buffers:           98124 kB
Cached:          1207432 kB
MemTotal:        1844596 kB
MemFree:          181672 kB
MemAvailable:    1464780 kB
Buffers:           98124 kB
Cached:          1207432 kB
MemTotal:        1844596 kB
MemFree:          182876 kB
MemAvailable:    1465984 kB
Buffers:           98124 kB
Cached:          1207432 kB
MemTotal:        1844596 kB
MemFree:          181796 kB
MemAvailable:    1464904 kB
Buffers:           98124 kB
Cached:          1207432 kB
MemTotal:        1844596 kB
MemFree:          181796 kB
MemAvailable:    1464904 kB
Buffers:           98124 kB
Cached:          1207432 kB
MemTotal:        1844596 kB
MemFree:          182036 kB
MemAvailable:    1465144 kB
Buffers:           98124 kB
Cached:          1207432 kB
MemTotal:        1844596 kB
MemFree:          182120 kB
MemAvailable:    1465228 kB
Buffers:           98124 kB
Cached:          1207432 kB
MemTotal:        1844596 kB
MemFree:          175728 kB
MemAvailable:    1458836 kB
Buffers:           98124 kB
Cached:          1207432 kB
MemTotal:        1844596 kB
MemFree:          171992 kB
MemAvailable:    1455100 kB
Buffers:           98124 kB
Cached:          1207432 kB
MemTotal:        1844596 kB
MemFree:          171992 kB
MemAvailable:    1455100 kB
Buffers:           98124 kB
Cached:          1207432 kB
MemTotal:        1844596 kB
MemFree:          170620 kB
MemAvailable:    1453728 kB
Buffers:           98124 kB
Cached:          1207432 kB
MemTotal:        1844596 kB
MemFree:          170520 kB
MemAvailable:    1453628 kB
Buffers:           98124 kB
Cached:          1207432 kB
MemTotal:        1844596 kB
MemFree:          171248 kB
MemAvailable:    1454356 kB
Buffers:           98124 kB
Cached:          1207432 kB
MemTotal:        1844596 kB
MemFree:          170892 kB
MemAvailable:    1454000 kB
Buffers:           98124 kB
Cached:          1207432 kB
MemTotal:        1844596 kB
MemFree:          170952 kB
MemAvailable:    1454060 kB
Buffers:           98124 kB
Cached:          1207432 kB
MemTotal:        1844596 kB
MemFree:          170952 kB
MemAvailable:    1454060 kB
Buffers:           98124 kB
Cached:          1207432 kB
MemTotal:        1844596 kB
MemFree:          169900 kB
MemAvailable:    1453008 kB
Buffers:           98124 kB
Cached:          1207432 kB
MemTotal:        1844596 kB
MemFree:          168404 kB
MemAvailable:    1451512 kB
Buffers:           98124 kB
Cached:          1207432 kB
MemTotal:        1844596 kB
MemFree:          167916 kB
MemAvailable:    1451024 kB
Buffers:           98124 kB
Cached:          1207432 kB
MemTotal:        1844596 kB
MemFree:          167868 kB
MemAvailable:    1450976 kB
Buffers:           98124 kB
Cached:          1207432 kB
MemTotal:        1844596 kB
MemFree:          167180 kB
MemAvailable:    1450288 kB
Buffers:           98124 kB
Cached:          1207432 kB
MemTotal:        1844596 kB
MemFree:          167916 kB
MemAvailable:    1451024 kB
Buffers:           98124 kB
Cached:          1207432 kB
MemTotal:        1844596 kB
MemFree:          167796 kB
MemAvailable:    1450904 kB
Buffers:           98124 kB
Cached:          1207432 kB
MemTotal:        1844596 kB
MemFree:          167840 kB
MemAvailable:    1450948 kB
Buffers:           98124 kB
Cached:          1207432 kB
MemTotal:        1844596 kB
MemFree:          167960 kB
MemAvailable:    1451068 kB
Buffers:           98124 kB
Cached:          1207432 kB
MemTotal:        1844596 kB
MemFree:          167868 kB
MemAvailable:    1450976 kB
Buffers:           98124 kB
Cached:          1207432 kB
MemTotal:        1844596 kB
MemFree:          167672 kB
MemAvailable:    1450780 kB
Buffers:           98124 kB
Cached:          1207432 kB
MemTotal:        1844596 kB
MemFree:          166504 kB
MemAvailable:    1449612 kB
Buffers:           98124 kB
Cached:          1207432 kB
MemTotal:        1844596 kB
MemFree:          167948 kB
MemAvailable:    1451056 kB
Buffers:           98124 kB
Cached:          1207432 kB
MemTotal:        1844596 kB
MemFree:          167668 kB
MemAvailable:    1450776 kB
Buffers:           98124 kB
Cached:          1207432 kB
MemTotal:        1844596 kB
MemFree:          167976 kB
MemAvailable:    1451084 kB
Buffers:           98124 kB
Cached:          1207432 kB
MemTotal:        1844596 kB
MemFree:          167048 kB
MemAvailable:    1450156 kB
Buffers:           98124 kB
Cached:          1207432 kB
MemTotal:        1844596 kB
MemFree:          167664 kB
MemAvailable:    1450772 kB
Buffers:           98124 kB
Cached:          1207432 kB
MemTotal:        1844596 kB
MemFree:          166180 kB
MemAvailable:    1449288 kB
Buffers:           98124 kB
Cached:          1207432 kB
MemTotal:        1844596 kB
MemFree:          166176 kB
MemAvailable:    1449288 kB
Buffers:           98124 kB
Cached:          1207436 kB
MemTotal:        1844596 kB
MemFree:          165920 kB
MemAvailable:    1449032 kB
Buffers:           98124 kB
Cached:          1207436 kB
MemTotal:        1844596 kB
MemFree:          166256 kB
MemAvailable:    1449368 kB
Buffers:           98124 kB
Cached:          1207436 kB
MemTotal:        1844596 kB
MemFree:          165796 kB
MemAvailable:    1448908 kB
Buffers:           98124 kB
Cached:          1207436 kB
MemTotal:        1844596 kB
MemFree:          165200 kB
MemAvailable:    1448312 kB
Buffers:           98124 kB
Cached:          1207436 kB
MemTotal:        1844596 kB
MemFree:          165376 kB
MemAvailable:    1448488 kB
Buffers:           98124 kB
Cached:          1207436 kB
MemTotal:        1844596 kB
MemFree:          164068 kB
MemAvailable:    1447180 kB
Buffers:           98124 kB
Cached:          1207436 kB
MemTotal:        1844596 kB
MemFree:          164432 kB
MemAvailable:    1447544 kB
Buffers:           98124 kB
Cached:          1207436 kB
MemTotal:        1844596 kB
MemFree:          163952 kB
MemAvailable:    1447064 kB
Buffers:           98124 kB
Cached:          1207436 kB
MemTotal:        1844596 kB
MemFree:          164436 kB
MemAvailable:    1447548 kB
Buffers:           98124 kB
Cached:          1207436 kB
MemTotal:        1844596 kB
MemFree:          163148 kB
MemAvailable:    1446260 kB
Buffers:           98124 kB
Cached:          1207436 kB
MemTotal:        1844596 kB
MemFree:          163140 kB
MemAvailable:    1446252 kB
Buffers:           98124 kB
Cached:          1207436 kB
MemTotal:        1844596 kB
MemFree:          162712 kB
MemAvailable:    1445824 kB
Buffers:           98124 kB
Cached:          1207436 kB
MemTotal:        1844596 kB
MemFree:          163812 kB
MemAvailable:    1446924 kB
Buffers:           98124 kB
Cached:          1207436 kB
MemTotal:        1844596 kB
MemFree:          163456 kB
MemAvailable:    1446568 kB
Buffers:           98124 kB
Cached:          1207436 kB
MemTotal:        1844596 kB
MemFree:          162576 kB
MemAvailable:    1445688 kB
Buffers:           98124 kB
Cached:          1207436 kB
MemTotal:        1844596 kB
MemFree:          163920 kB
MemAvailable:    1447032 kB
Buffers:           98124 kB
Cached:          1207436 kB
MemTotal:        1844596 kB
MemFree:          162320 kB
MemAvailable:    1445432 kB
Buffers:           98124 kB
Cached:          1207436 kB
MemTotal:        1844596 kB
MemFree:          163704 kB
MemAvailable:    1446816 kB
Buffers:           98124 kB
Cached:          1207436 kB
MemTotal:        1844596 kB
MemFree:          162564 kB
MemAvailable:    1445676 kB
Buffers:           98124 kB
Cached:          1207436 kB
MemTotal:        1844596 kB
MemFree:          162556 kB
MemAvailable:    1445668 kB
Buffers:           98124 kB
Cached:          1207436 kB
MemTotal:        1844596 kB
MemFree:          163600 kB
MemAvailable:    1446712 kB
Buffers:           98124 kB
Cached:          1207436 kB
MemTotal:        1844596 kB
MemFree:          162596 kB
MemAvailable:    1445708 kB
Buffers:           98124 kB
Cached:          1207436 kB
MemTotal:        1844596 kB
MemFree:          163440 kB
MemAvailable:    1446556 kB
Buffers:           98124 kB
Cached:          1207440 kB
MemTotal:        1844596 kB
MemFree:          162960 kB
MemAvailable:    1446076 kB
Buffers:           98124 kB
Cached:          1207440 kB
MemTotal:        1844596 kB
MemFree:          163496 kB
MemAvailable:    1446612 kB
Buffers:           98124 kB
Cached:          1207440 kB
MemTotal:        1844596 kB
MemFree:          162720 kB
MemAvailable:    1445836 kB
Buffers:           98124 kB
Cached:          1207440 kB
MemTotal:        1844596 kB
MemFree:          162588 kB
MemAvailable:    1445704 kB
Buffers:           98124 kB
Cached:          1207440 kB
MemTotal:        1844596 kB
MemFree:          162580 kB
MemAvailable:    1445696 kB
Buffers:           98124 kB
Cached:          1207440 kB
MemTotal:        1844596 kB
MemFree:          163696 kB
MemAvailable:    1446812 kB
Buffers:           98124 kB
Cached:          1207440 kB
MemTotal:        1844596 kB
MemFree:          162456 kB
MemAvailable:    1445572 kB
Buffers:           98124 kB
Cached:          1207440 kB
MemTotal:        1844596 kB
MemFree:          163440 kB
MemAvailable:    1446556 kB
Buffers:           98124 kB
Cached:          1207440 kB
MemTotal:        1844596 kB
MemFree:          163692 kB
MemAvailable:    1446808 kB
Buffers:           98124 kB
Cached:          1207440 kB
MemTotal:        1844596 kB
MemFree:          162204 kB
MemAvailable:    1445320 kB
Buffers:           98124 kB
Cached:          1207440 kB
MemTotal:        1844596 kB
MemFree:          163388 kB
MemAvailable:    1446504 kB
Buffers:           98124 kB
Cached:          1207440 kB
MemTotal:        1844596 kB
MemFree:          163388 kB
MemAvailable:    1446504 kB
Buffers:           98124 kB
Cached:          1207440 kB
MemTotal:        1844596 kB
MemFree:          163568 kB
MemAvailable:    1446684 kB
Buffers:           98124 kB
Cached:          1207440 kB
MemTotal:        1844596 kB
MemFree:          162580 kB
MemAvailable:    1445696 kB
Buffers:           98124 kB
Cached:          1207440 kB
MemTotal:        1844596 kB
MemFree:          161092 kB
MemAvailable:    1444208 kB
Buffers:           98124 kB
Cached:          1207440 kB
MemTotal:        1844596 kB
MemFree:          162436 kB
MemAvailable:    1445552 kB
Buffers:           98124 kB
Cached:          1207440 kB
MemTotal:        1844596 kB
MemFree:          162332 kB
MemAvailable:    1445448 kB
Buffers:           98124 kB
Cached:          1207440 kB
MemTotal:        1844596 kB
MemFree:          159796 kB
MemAvailable:    1442912 kB
Buffers:           98124 kB
Cached:          1207440 kB
MemTotal:        1844596 kB
MemFree:          156496 kB
MemAvailable:    1439612 kB
Buffers:           98124 kB
Cached:          1207440 kB
MemTotal:        1844596 kB
MemFree:          156388 kB
MemAvailable:    1439504 kB
Buffers:           98124 kB
Cached:          1207440 kB
MemTotal:        1844596 kB
MemFree:          153596 kB
MemAvailable:    1436712 kB
Buffers:           98124 kB
Cached:          1207440 kB
MemTotal:        1844596 kB
MemFree:          149816 kB
MemAvailable:    1432932 kB
Buffers:           98124 kB
Cached:          1207440 kB
MemTotal:        1844596 kB
MemFree:          146344 kB
MemAvailable:    1429460 kB
Buffers:           98124 kB
Cached:          1207440 kB
MemTotal:        1844596 kB
MemFree:          144980 kB
MemAvailable:    1428096 kB
Buffers:           98124 kB
Cached:          1207440 kB
MemTotal:        1844596 kB
MemFree:          143608 kB
MemAvailable:    1426724 kB
Buffers:           98124 kB
Cached:          1207440 kB
MemTotal:        1844596 kB
MemFree:          143816 kB
MemAvailable:    1426932 kB
Buffers:           98124 kB
Cached:          1207440 kB
MemTotal:        1844596 kB
MemFree:          144912 kB
MemAvailable:    1428028 kB
Buffers:           98124 kB
Cached:          1207440 kB
MemTotal:        1844596 kB
MemFree:          144980 kB
MemAvailable:    1428096 kB
Buffers:           98124 kB
Cached:          1207440 kB
MemTotal:        1844596 kB
MemFree:          144924 kB
MemAvailable:    1428040 kB
Buffers:           98124 kB
Cached:          1207440 kB
MemTotal:        1844596 kB
MemFree:          143684 kB
MemAvailable:    1426800 kB
Buffers:           98124 kB
Cached:          1207440 kB
MemTotal:        1844596 kB
MemFree:          145008 kB
MemAvailable:    1428124 kB
Buffers:           98124 kB
Cached:          1207440 kB
MemTotal:        1844596 kB
MemFree:          145048 kB
MemAvailable:    1428164 kB
Buffers:           98124 kB
Cached:          1207440 kB
MemTotal:        1844596 kB
MemFree:          144828 kB
MemAvailable:    1427944 kB
Buffers:           98124 kB
Cached:          1207440 kB
MemTotal:        1844596 kB
MemFree:          145080 kB
MemAvailable:    1428196 kB
Buffers:           98124 kB
Cached:          1207440 kB
MemTotal:        1844596 kB
MemFree:          144608 kB
MemAvailable:    1427724 kB
Buffers:           98124 kB
Cached:          1207440 kB
MemTotal:        1844596 kB
MemFree:          143848 kB
MemAvailable:    1426964 kB
Buffers:           98124 kB
Cached:          1207440 kB
MemTotal:        1844596 kB
MemFree:          144100 kB
MemAvailable:    1427216 kB
Buffers:           98124 kB
Cached:          1207440 kB
MemTotal:        1844596 kB
MemFree:          143936 kB
MemAvailable:    1427052 kB
Buffers:           98124 kB
Cached:          1207440 kB
MemTotal:        1844596 kB
MemFree:          142732 kB
MemAvailable:    1425848 kB
Buffers:           98124 kB
Cached:          1207440 kB
MemTotal:        1844596 kB
MemFree:          143836 kB
MemAvailable:    1426952 kB
Buffers:           98124 kB
Cached:          1207440 kB
MemTotal:        1844596 kB
MemFree:          143804 kB
MemAvailable:    1426920 kB
Buffers:           98124 kB
Cached:          1207440 kB
MemTotal:        1844596 kB
MemFree:          143792 kB
MemAvailable:    1426908 kB
Buffers:           98124 kB
Cached:          1207440 kB
MemTotal:        1844596 kB
MemFree:          144020 kB
MemAvailable:    1427136 kB
Buffers:           98124 kB
Cached:          1207440 kB
MemTotal:        1844596 kB
MemFree:          144072 kB
MemAvailable:    1427188 kB
Buffers:           98124 kB
Cached:          1207440 kB
MemTotal:        1844596 kB
MemFree:          142492 kB
MemAvailable:    1425608 kB
Buffers:           98124 kB
Cached:          1207440 kB
MemTotal:        1844596 kB
MemFree:          142708 kB
MemAvailable:    1425824 kB
Buffers:           98124 kB
Cached:          1207440 kB
MemTotal:        1844596 kB
MemFree:          142824 kB
MemAvailable:    1425940 kB
Buffers:           98124 kB
Cached:          1207440 kB
MemTotal:        1844596 kB
MemFree:          144012 kB
MemAvailable:    1427136 kB
Buffers:           98124 kB
Cached:          1207448 kB
MemTotal:        1844596 kB
MemFree:          144052 kB
MemAvailable:    1427176 kB
Buffers:           98124 kB
Cached:          1207448 kB
MemTotal:        1844596 kB
MemFree:          143952 kB
MemAvailable:    1427076 kB
Buffers:           98124 kB
Cached:          1207448 kB
MemTotal:        1844596 kB
MemFree:          142752 kB
MemAvailable:    1425876 kB
Buffers:           98124 kB
Cached:          1207448 kB
MemTotal:        1844596 kB
MemFree:          143904 kB
MemAvailable:    1427028 kB
Buffers:           98124 kB
Cached:          1207448 kB
MemTotal:        1844596 kB
MemFree:          144076 kB
MemAvailable:    1427200 kB
Buffers:           98124 kB
Cached:          1207448 kB
MemTotal:        1844596 kB
MemFree:          142580 kB
MemAvailable:    1425704 kB
Buffers:           98124 kB
Cached:          1207448 kB
MemTotal:        1844596 kB
MemFree:          140200 kB
MemAvailable:    1423324 kB
Buffers:           98124 kB
Cached:          1207448 kB
MemTotal:        1844596 kB
MemFree:          139776 kB
MemAvailable:    1422900 kB
Buffers:           98124 kB
Cached:          1207448 kB
MemTotal:        1844596 kB
MemFree:          133808 kB
MemAvailable:    1416932 kB
Buffers:           98124 kB
Cached:          1207448 kB
MemTotal:        1844596 kB
MemFree:          133892 kB
MemAvailable:    1417016 kB
Buffers:           98124 kB
Cached:          1207448 kB
MemTotal:        1844596 kB
MemFree:          129732 kB
MemAvailable:    1412856 kB
Buffers:           98124 kB
Cached:          1207448 kB
MemTotal:        1844596 kB
MemFree:          128376 kB
MemAvailable:    1411500 kB
Buffers:           98124 kB
Cached:          1207448 kB
MemTotal:        1844596 kB
MemFree:          125888 kB
MemAvailable:    1409012 kB
Buffers:           98124 kB
Cached:          1207448 kB
MemTotal:        1844596 kB
MemFree:          125576 kB
MemAvailable:    1408700 kB
Buffers:           98124 kB
Cached:          1207448 kB
MemTotal:        1844596 kB
MemFree:          125268 kB
MemAvailable:    1408392 kB
Buffers:           98124 kB
Cached:          1207448 kB
MemTotal:        1844596 kB
MemFree:          125680 kB
MemAvailable:    1408804 kB
Buffers:           98124 kB
Cached:          1207448 kB
MemTotal:        1844596 kB
MemFree:          125744 kB
MemAvailable:    1408868 kB
Buffers:           98124 kB
Cached:          1207448 kB
MemTotal:        1844596 kB
MemFree:          125448 kB
MemAvailable:    1408572 kB
Buffers:           98124 kB
Cached:          1207448 kB
MemTotal:        1844596 kB
MemFree:          125128 kB
MemAvailable:    1408252 kB
Buffers:           98124 kB
Cached:          1207448 kB
MemTotal:        1844596 kB
MemFree:          124400 kB
MemAvailable:    1407524 kB
Buffers:           98124 kB
Cached:          1207448 kB
MemTotal:        1844596 kB
MemFree:          124400 kB
MemAvailable:    1407524 kB
Buffers:           98124 kB
Cached:          1207448 kB
MemTotal:        1844596 kB
MemFree:          125652 kB
MemAvailable:    1408776 kB
Buffers:           98124 kB
Cached:          1207448 kB
MemTotal:        1844596 kB
MemFree:          125772 kB
MemAvailable:    1408896 kB
Buffers:           98124 kB
Cached:          1207448 kB
MemTotal:        1844596 kB
MemFree:          124772 kB
MemAvailable:    1407896 kB
Buffers:           98124 kB
Cached:          1207448 kB
MemTotal:        1844596 kB
MemFree:          125468 kB
MemAvailable:    1408592 kB
Buffers:           98124 kB
Cached:          1207448 kB
MemTotal:        1844596 kB
MemFree:          124524 kB
MemAvailable:    1407648 kB
Buffers:           98124 kB
Cached:          1207448 kB
MemTotal:        1844596 kB
MemFree:          125692 kB
MemAvailable:    1408816 kB
Buffers:           98124 kB
Cached:          1207448 kB
MemTotal:        1844596 kB
MemFree:          124400 kB
MemAvailable:    1407524 kB
Buffers:           98124 kB
Cached:          1207448 kB
MemTotal:        1844596 kB
MemFree:          125576 kB
MemAvailable:    1408700 kB
Buffers:           98124 kB
Cached:          1207448 kB
MemTotal:        1844596 kB
MemFree:          125724 kB
MemAvailable:    1408848 kB
Buffers:           98124 kB
Cached:          1207448 kB
MemTotal:        1844596 kB
MemFree:          124400 kB
MemAvailable:    1407524 kB
Buffers:           98124 kB
Cached:          1207448 kB
MemTotal:        1844596 kB
MemFree:          124400 kB
MemAvailable:    1407524 kB
Buffers:           98124 kB
Cached:          1207448 kB
MemTotal:        1844596 kB
MemFree:          125700 kB
MemAvailable:    1408824 kB
Buffers:           98124 kB
Cached:          1207448 kB
MemTotal:        1844596 kB
MemFree:          125848 kB
MemAvailable:    1408972 kB
Buffers:           98124 kB
Cached:          1207448 kB
MemTotal:        1844596 kB
MemFree:          125544 kB
MemAvailable:    1408668 kB
Buffers:           98124 kB
Cached:          1207448 kB
MemTotal:        1844596 kB
MemFree:          125716 kB
MemAvailable:    1408840 kB
Buffers:           98124 kB
Cached:          1207448 kB
MemTotal:        1844596 kB
MemFree:          124344 kB
MemAvailable:    1407468 kB
Buffers:           98124 kB
Cached:          1207448 kB
MemTotal:        1844596 kB
MemFree:          124344 kB
MemAvailable:    1407468 kB
Buffers:           98124 kB
Cached:          1207448 kB
MemTotal:        1844596 kB
MemFree:          124340 kB
MemAvailable:    1407464 kB
Buffers:           98124 kB
Cached:          1207448 kB
MemTotal:        1844596 kB
MemFree:          125700 kB
MemAvailable:    1408824 kB
Buffers:           98124 kB
Cached:          1207448 kB
MemTotal:        1844596 kB
MemFree:          125824 kB
MemAvailable:    1408948 kB
Buffers:           98124 kB
Cached:          1207448 kB
MemTotal:        1844596 kB
MemFree:          124524 kB
MemAvailable:    1407648 kB
Buffers:           98124 kB
Cached:          1207448 kB
MemTotal:        1844596 kB
MemFree:          125544 kB
MemAvailable:    1408668 kB
Buffers:           98124 kB
Cached:          1207448 kB
MemTotal:        1844596 kB
MemFree:          125716 kB
MemAvailable:    1408840 kB
Buffers:           98124 kB
Cached:          1207448 kB
MemTotal:        1844596 kB
MemFree:          124344 kB
MemAvailable:    1407468 kB
Buffers:           98124 kB
Cached:          1207448 kB
MemTotal:        1844596 kB
MemFree:          124028 kB
MemAvailable:    1407152 kB
Buffers:           98124 kB
Cached:          1207448 kB
MemTotal:        1844596 kB
MemFree:          120928 kB
MemAvailable:    1404052 kB
Buffers:           98124 kB
Cached:          1207448 kB
MemTotal:        1844596 kB
MemFree:          116464 kB
MemAvailable:    1399588 kB
Buffers:           98124 kB
Cached:          1207448 kB
MemTotal:        1844596 kB
MemFree:          113372 kB
MemAvailable:    1396496 kB
Buffers:           98124 kB
Cached:          1207448 kB
MemTotal:        1844596 kB
MemFree:          108512 kB
MemAvailable:    1391640 kB
Buffers:           98124 kB
Cached:          1207452 kB
MemTotal:        1844596 kB
MemFree:          108848 kB
MemAvailable:    1391976 kB
Buffers:           98124 kB
Cached:          1207452 kB
MemTotal:        1844596 kB
MemFree:          107404 kB
MemAvailable:    1390532 kB
Buffers:           98124 kB
Cached:          1207452 kB
MemTotal:        1844596 kB
MemFree:          107528 kB
MemAvailable:    1390656 kB
Buffers:           98124 kB
Cached:          1207452 kB
MemTotal:        1844596 kB
MemFree:          107596 kB
MemAvailable:    1390724 kB
Buffers:           98124 kB
Cached:          1207452 kB
MemTotal:        1844596 kB
MemFree:          107272 kB
MemAvailable:    1390400 kB
Buffers:           98124 kB
Cached:          1207452 kB
MemTotal:        1844596 kB
MemFree:          106800 kB
MemAvailable:    1389928 kB
Buffers:           98124 kB
Cached:          1207452 kB
MemTotal:        1844596 kB
MemFree:          107216 kB
MemAvailable:    1390344 kB
Buffers:           98124 kB
Cached:          1207452 kB
MemTotal:        1844596 kB
MemFree:          107364 kB
MemAvailable:    1390492 kB
Buffers:           98124 kB
Cached:          1207452 kB
MemTotal:        1844596 kB
MemFree:          106036 kB
MemAvailable:    1389164 kB
Buffers:           98124 kB
Cached:          1207452 kB
MemTotal:        1844596 kB
MemFree:          107024 kB
MemAvailable:    1390152 kB
Buffers:           98124 kB
Cached:          1207452 kB
MemTotal:        1844596 kB
MemFree:          106420 kB
MemAvailable:    1389548 kB
Buffers:           98124 kB
Cached:          1207452 kB
MemTotal:        1844596 kB
MemFree:          106796 kB
MemAvailable:    1389924 kB
Buffers:           98124 kB
Cached:          1207452 kB
MemTotal:        1844596 kB
MemFree:          106592 kB
MemAvailable:    1389720 kB
Buffers:           98124 kB
Cached:          1207452 kB
MemTotal:        1844596 kB
MemFree:          106844 kB
MemAvailable:    1389972 kB
Buffers:           98124 kB
Cached:          1207452 kB
MemTotal:        1844596 kB
MemFree:          106164 kB
MemAvailable:    1389292 kB
Buffers:           98124 kB
Cached:          1207452 kB
MemTotal:        1844596 kB
MemFree:          106500 kB
MemAvailable:    1389628 kB
Buffers:           98124 kB
Cached:          1207452 kB
MemTotal:        1844596 kB
MemFree:          105296 kB
MemAvailable:    1388424 kB
Buffers:           98124 kB
Cached:          1207452 kB
MemTotal:        1844596 kB
MemFree:          105380 kB
MemAvailable:    1388508 kB
Buffers:           98124 kB
Cached:          1207452 kB
MemTotal:        1844596 kB
MemFree:          105048 kB
MemAvailable:    1388180 kB
Buffers:           98124 kB
Cached:          1207456 kB
MemTotal:        1844596 kB
MemFree:          104180 kB
MemAvailable:    1387312 kB
Buffers:           98124 kB
Cached:          1207456 kB
MemTotal:        1844596 kB
MemFree:          104264 kB
MemAvailable:    1387396 kB
Buffers:           98124 kB
Cached:          1207456 kB
MemTotal:        1844596 kB
MemFree:          102328 kB
MemAvailable:    1385460 kB
Buffers:           98124 kB
Cached:          1207456 kB
MemTotal:        1844596 kB
MemFree:          101528 kB
MemAvailable:    1384660 kB
Buffers:           98124 kB
Cached:          1207456 kB
MemTotal:        1844596 kB
MemFree:          100964 kB
MemAvailable:    1384096 kB
Buffers:           98124 kB
Cached:          1207456 kB
MemTotal:        1844596 kB
MemFree:          101320 kB
MemAvailable:    1384452 kB
Buffers:           98124 kB
Cached:          1207456 kB
MemTotal:        1844596 kB
MemFree:          100840 kB
MemAvailable:    1383972 kB
Buffers:           98124 kB
Cached:          1207456 kB
MemTotal:        1844596 kB
MemFree:          101092 kB
MemAvailable:    1384224 kB
Buffers:           98124 kB
Cached:          1207456 kB
MemTotal:        1844596 kB
MemFree:           99916 kB
MemAvailable:    1383048 kB
Buffers:           98124 kB
Cached:          1207456 kB
MemTotal:        1844596 kB
MemFree:          101060 kB
MemAvailable:    1384192 kB
Buffers:           98124 kB
Cached:          1207456 kB
MemTotal:        1844596 kB
MemFree:          101312 kB
MemAvailable:    1384444 kB
Buffers:           98124 kB
Cached:          1207456 kB
MemTotal:        1844596 kB
MemFree:          101200 kB
MemAvailable:    1384332 kB
Buffers:           98124 kB
Cached:          1207456 kB
MemTotal:        1844596 kB
MemFree:           99780 kB
MemAvailable:    1382912 kB
Buffers:           98124 kB
Cached:          1207456 kB
MemTotal:        1844596 kB
MemFree:          100716 kB
MemAvailable:    1383848 kB
Buffers:           98124 kB
Cached:          1207456 kB
MemTotal:        1844596 kB
MemFree:           99584 kB
MemAvailable:    1382716 kB
Buffers:           98124 kB
Cached:          1207456 kB
MemTotal:        1844596 kB
MemFree:           99668 kB
MemAvailable:    1382800 kB
Buffers:           98124 kB
Cached:          1207456 kB
MemTotal:        1844596 kB
MemFree:           98428 kB
MemAvailable:    1381560 kB
Buffers:           98124 kB
Cached:          1207456 kB
MemTotal:        1844596 kB
MemFree:           99472 kB
MemAvailable:    1382604 kB
Buffers:           98124 kB
Cached:          1207456 kB
MemTotal:        1844596 kB
MemFree:           98304 kB
MemAvailable:    1381436 kB
Buffers:           98124 kB
Cached:          1207456 kB
MemTotal:        1844596 kB
MemFree:           98428 kB
MemAvailable:    1381560 kB
Buffers:           98124 kB
Cached:          1207456 kB
MemTotal:        1844596 kB
MemFree:           99580 kB
MemAvailable:    1382712 kB
Buffers:           98124 kB
Cached:          1207456 kB
MemTotal:        1844596 kB
MemFree:           99444 kB
MemAvailable:    1382576 kB
Buffers:           98124 kB
Cached:          1207456 kB
MemTotal:        1844596 kB
MemFree:           98972 kB
MemAvailable:    1382104 kB
Buffers:           98124 kB
Cached:          1207456 kB
MemTotal:        1844596 kB
MemFree:           99716 kB
MemAvailable:    1382848 kB
Buffers:           98124 kB
Cached:          1207456 kB
MemTotal:        1844596 kB
MemFree:           98864 kB
MemAvailable:    1381996 kB
Buffers:           98124 kB
Cached:          1207456 kB
MemTotal:        1844596 kB
MemFree:           99428 kB
MemAvailable:    1382560 kB
Buffers:           98124 kB
Cached:          1207456 kB
MemTotal:        1844596 kB
MemFree:           98740 kB
MemAvailable:    1381872 kB
Buffers:           98124 kB
Cached:          1207456 kB
MemTotal:        1844596 kB
MemFree:           98236 kB
MemAvailable:    1381368 kB
Buffers:           98124 kB
Cached:          1207456 kB
MemTotal:        1844596 kB
MemFree:           99428 kB
MemAvailable:    1382560 kB
Buffers:           98124 kB
Cached:          1207456 kB
MemTotal:        1844596 kB
MemFree:           99588 kB
MemAvailable:    1382720 kB
Buffers:           98124 kB
Cached:          1207456 kB
MemTotal:        1844596 kB
MemFree:           99336 kB
MemAvailable:    1382468 kB
Buffers:           98124 kB
Cached:          1207456 kB
MemTotal:        1844596 kB
MemFree:           99228 kB
MemAvailable:    1382360 kB
Buffers:           98124 kB
Cached:          1207456 kB
MemTotal:        1844596 kB
MemFree:           99408 kB
MemAvailable:    1382540 kB
Buffers:           98124 kB
Cached:          1207456 kB
MemTotal:        1844596 kB
MemFree:           99352 kB
MemAvailable:    1382484 kB
Buffers:           98124 kB
Cached:          1207456 kB
MemTotal:        1844596 kB
MemFree:           99348 kB
MemAvailable:    1382480 kB
Buffers:           98124 kB
Cached:          1207456 kB
MemTotal:        1844596 kB
MemFree:           98180 kB
MemAvailable:    1381312 kB
Buffers:           98124 kB
Cached:          1207456 kB
MemTotal:        1844596 kB
MemFree:           98304 kB
MemAvailable:    1381436 kB
Buffers:           98124 kB
Cached:          1207456 kB
MemTotal:        1844596 kB
MemFree:           98304 kB
MemAvailable:    1381436 kB
Buffers:           98124 kB
Cached:          1207456 kB
MemTotal:        1844596 kB
MemFree:           98164 kB
MemAvailable:    1381296 kB
Buffers:           98124 kB
Cached:          1207456 kB
MemTotal:        1844596 kB
MemFree:           98216 kB
MemAvailable:    1381348 kB
Buffers:           98124 kB
Cached:          1207456 kB
MemTotal:        1844596 kB
MemFree:           99408 kB
MemAvailable:    1382540 kB
Buffers:           98124 kB
Cached:          1207456 kB
MemTotal:        1844596 kB
MemFree:           99660 kB
MemAvailable:    1382792 kB
Buffers:           98124 kB
Cached:          1207456 kB
MemTotal:        1844596 kB
MemFree:           99428 kB
MemAvailable:    1382560 kB
Buffers:           98124 kB
Cached:          1207456 kB
MemTotal:        1844596 kB
MemFree:           99548 kB
MemAvailable:    1382680 kB
Buffers:           98124 kB
Cached:          1207456 kB
MemTotal:        1844596 kB
MemFree:           99540 kB
MemAvailable:    1382672 kB
Buffers:           98124 kB
Cached:          1207456 kB
MemTotal:        1844596 kB
MemFree:           98220 kB
MemAvailable:    1381352 kB
Buffers:           98124 kB
Cached:          1207456 kB
MemTotal:        1844596 kB
MemFree:           99412 kB
MemAvailable:    1382544 kB
Buffers:           98124 kB
Cached:          1207456 kB
MemTotal:        1844596 kB
MemFree:           98236 kB
MemAvailable:    1381368 kB
Buffers:           98124 kB
Cached:          1207456 kB
MemTotal:        1844596 kB
MemFree:           98360 kB
MemAvailable:    1381492 kB
Buffers:           98124 kB
Cached:          1207456 kB
MemTotal:        1844596 kB
MemFree:           98188 kB
MemAvailable:    1381320 kB
Buffers:           98124 kB
Cached:          1207456 kB
MemTotal:        1844596 kB
MemFree:           99332 kB
MemAvailable:    1382464 kB
Buffers:           98124 kB
Cached:          1207456 kB
MemTotal:        1844596 kB
MemFree:           99552 kB
MemAvailable:    1382684 kB
Buffers:           98124 kB
Cached:          1207456 kB
MemTotal:        1844596 kB
MemFree:           99428 kB
MemAvailable:    1382560 kB
Buffers:           98124 kB
Cached:          1207456 kB
MemTotal:        1844596 kB
MemFree:           98740 kB
MemAvailable:    1381872 kB
Buffers:           98124 kB
Cached:          1207456 kB
MemTotal:        1844596 kB
MemFree:           99344 kB
MemAvailable:    1382476 kB
Buffers:           98124 kB
Cached:          1207456 kB
MemTotal:        1844596 kB
MemFree:           99484 kB
MemAvailable:    1382616 kB
Buffers:           98124 kB
Cached:          1207456 kB
MemTotal:        1844596 kB
MemFree:           97924 kB
MemAvailable:    1381056 kB
Buffers:           98124 kB
Cached:          1207456 kB
MemTotal:        1844596 kB
MemFree:           95568 kB
MemAvailable:    1378700 kB
Buffers:           98124 kB
Cached:          1207456 kB
MemTotal:        1844596 kB
MemFree:           93036 kB
MemAvailable:    1376168 kB
Buffers:           98124 kB
Cached:          1207456 kB
MemTotal:        1844596 kB
MemFree:           90920 kB
MemAvailable:    1374052 kB
Buffers:           98124 kB
Cached:          1207456 kB
MemTotal:        1844596 kB
MemFree:           88544 kB
MemAvailable:    1371676 kB
Buffers:           98124 kB
Cached:          1207456 kB
MemTotal:        1844596 kB
MemFree:           84596 kB
MemAvailable:    1367728 kB
Buffers:           98124 kB
Cached:          1207456 kB
MemTotal:        1844596 kB
MemFree:           80736 kB
MemAvailable:    1363868 kB
Buffers:           98124 kB
Cached:          1207456 kB
MemTotal:        1844596 kB
MemFree:           80504 kB
MemAvailable:    1363636 kB
Buffers:           98124 kB
Cached:          1207456 kB
MemTotal:        1844596 kB
MemFree:           80432 kB
MemAvailable:    1363564 kB
Buffers:           98124 kB
Cached:          1207456 kB
MemTotal:        1844596 kB
MemFree:           79008 kB
MemAvailable:    1362140 kB
Buffers:           98124 kB
Cached:          1207456 kB
MemTotal:        1844596 kB
MemFree:           80116 kB
MemAvailable:    1363248 kB
Buffers:           98124 kB
Cached:          1207456 kB
MemTotal:        1844596 kB
MemFree:           79768 kB
MemAvailable:    1362900 kB
Buffers:           98124 kB
Cached:          1207456 kB
MemTotal:        1844596 kB
MemFree:           79960 kB
MemAvailable:    1363092 kB
Buffers:           98124 kB
Cached:          1207456 kB
MemTotal:        1844596 kB
MemFree:           80120 kB
MemAvailable:    1363260 kB
Buffers:           98124 kB
Cached:          1207464 kB
MemTotal:        1844596 kB
MemFree:           78624 kB
MemAvailable:    1361764 kB
Buffers:           98124 kB
Cached:          1207464 kB
MemTotal:        1844596 kB
MemFree:           78768 kB
MemAvailable:    1361908 kB
Buffers:           98124 kB
Cached:          1207464 kB
MemTotal:        1844596 kB
MemFree:           80320 kB
MemAvailable:    1363460 kB
Buffers:           98124 kB
Cached:          1207464 kB
MemTotal:        1844596 kB
MemFree:           80080 kB
MemAvailable:    1363220 kB
Buffers:           98124 kB
Cached:          1207464 kB
MemTotal:        1844596 kB
MemFree:           80080 kB
MemAvailable:    1363220 kB
Buffers:           98124 kB
Cached:          1207464 kB
MemTotal:        1844596 kB
MemFree:           80012 kB
MemAvailable:    1363152 kB
Buffers:           98124 kB
Cached:          1207464 kB
MemTotal:        1844596 kB
MemFree:           79696 kB
MemAvailable:    1362836 kB
Buffers:           98124 kB
Cached:          1207464 kB
MemTotal:        1844596 kB
MemFree:           79024 kB
MemAvailable:    1362164 kB
Buffers:           98124 kB
Cached:          1207464 kB
MemTotal:        1844596 kB
MemFree:           79504 kB
MemAvailable:    1362644 kB
Buffers:           98124 kB
Cached:          1207464 kB
MemTotal:        1844596 kB
MemFree:           78472 kB
MemAvailable:    1361612 kB
Buffers:           98124 kB
Cached:          1207464 kB
MemTotal:        1844596 kB
MemFree:           78348 kB
MemAvailable:    1361488 kB
Buffers:           98124 kB
Cached:          1207464 kB
MemTotal:        1844596 kB
MemFree:           78340 kB
MemAvailable:    1361480 kB
Buffers:           98124 kB
Cached:          1207464 kB
MemTotal:        1844596 kB
MemFree:           79768 kB
MemAvailable:    1362908 kB
Buffers:           98124 kB
Cached:          1207464 kB
MemTotal:        1844596 kB
MemFree:           78124 kB
MemAvailable:    1361264 kB
Buffers:           98124 kB
Cached:          1207464 kB
MemTotal:        1844596 kB
MemFree:           78248 kB
MemAvailable:    1361388 kB
Buffers:           98124 kB
Cached:          1207464 kB
MemTotal:        1844596 kB
MemFree:           79548 kB
MemAvailable:    1362688 kB
Buffers:           98124 kB
Cached:          1207464 kB
MemTotal:        1844596 kB
MemFree:           79324 kB
MemAvailable:    1362464 kB
Buffers:           98124 kB
Cached:          1207464 kB
MemTotal:        1844596 kB
MemFree:           79388 kB
MemAvailable:    1362528 kB
Buffers:           98124 kB
Cached:          1207464 kB
MemTotal:        1844596 kB
MemFree:           76288 kB
MemAvailable:    1359428 kB
Buffers:           98124 kB
Cached:          1207464 kB
MemTotal:        1844596 kB
MemFree:           68584 kB
MemAvailable:    1351724 kB
Buffers:           98124 kB
Cached:          1207464 kB
MemTotal:        1844596 kB
MemFree:           68836 kB
MemAvailable:    1351976 kB
Buffers:           98124 kB
Cached:          1207464 kB
MemTotal:        1844596 kB
MemFree:           70088 kB
MemAvailable:    1353228 kB
Buffers:           98124 kB
Cached:          1207464 kB
MemTotal:        1844596 kB
MemFree:           69824 kB
MemAvailable:    1352964 kB
Buffers:           98124 kB
Cached:          1207464 kB
MemTotal:        1844596 kB
MemFree:           69344 kB
MemAvailable:    1352484 kB
Buffers:           98124 kB
Cached:          1207464 kB
MemTotal:        1844596 kB
MemFree:           69636 kB
MemAvailable:    1352776 kB
Buffers:           98124 kB
Cached:          1207464 kB
MemTotal:        1844596 kB
MemFree:           67900 kB
MemAvailable:    1351040 kB
Buffers:           98124 kB
Cached:          1207464 kB
MemTotal:        1844596 kB
MemFree:           67512 kB
MemAvailable:    1350652 kB
Buffers:           98124 kB
Cached:          1207464 kB
MemTotal:        1844596 kB
MemFree:           66832 kB
MemAvailable:    1349972 kB
Buffers:           98124 kB
Cached:          1207464 kB
MemTotal:        1844596 kB
MemFree:           67296 kB
MemAvailable:    1350436 kB
Buffers:           98124 kB
Cached:          1207464 kB
MemTotal:        1844596 kB
MemFree:           66156 kB
MemAvailable:    1349296 kB
Buffers:           98124 kB
Cached:          1207464 kB
MemTotal:        1844596 kB
MemFree:           67124 kB
MemAvailable:    1350348 kB
Buffers:           98124 kB
Cached:          1207588 kB
MemTotal:        1844596 kB
MemFree:           67164 kB
MemAvailable:    1350556 kB
Buffers:           98124 kB
Cached:          1207712 kB
MemTotal:        1844596 kB
MemFree:           66884 kB
MemAvailable:    1350276 kB
Buffers:           98124 kB
Cached:          1207712 kB
MemTotal:        1844596 kB
MemFree:           66952 kB
MemAvailable:    1350428 kB
Buffers:           98124 kB
Cached:          1207836 kB
MemTotal:        1844596 kB
MemFree:           67352 kB
MemAvailable:    1350912 kB
Buffers:           98124 kB
Cached:          1207960 kB
MemTotal:        1844596 kB
MemFree:           65316 kB
MemAvailable:    1349044 kB
Buffers:           98124 kB
Cached:          1208084 kB
MemTotal:        1844596 kB
MemFree:           66648 kB
MemAvailable:    1350376 kB
Buffers:           98124 kB
Cached:          1208084 kB
MemTotal:        1844596 kB
MemFree:           67068 kB
MemAvailable:    1350796 kB
Buffers:           98124 kB
Cached:          1208084 kB
MemTotal:        1844596 kB
MemFree:           66580 kB
MemAvailable:    1350392 kB
Buffers:           98124 kB
Cached:          1208208 kB
MemTotal:        1844596 kB
MemFree:           64988 kB
MemAvailable:    1348800 kB
Buffers:           98124 kB
Cached:          1208208 kB
MemTotal:        1844596 kB
MemFree:           64992 kB
MemAvailable:    1348804 kB
Buffers:           98124 kB
Cached:          1208208 kB
MemTotal:        1844596 kB
MemFree:           66388 kB
MemAvailable:    1350200 kB
Buffers:           98124 kB
Cached:          1208208 kB
MemTotal:        1844596 kB
MemFree:           66388 kB
MemAvailable:    1350200 kB
Buffers:           98124 kB
Cached:          1208208 kB
MemTotal:        1844596 kB
MemFree:           65140 kB
MemAvailable:    1348952 kB
Buffers:           98124 kB
Cached:          1208208 kB
MemTotal:        1844596 kB
MemFree:           65972 kB
MemAvailable:    1349112 kB
Buffers:           98124 kB
Cached:          1207492 kB
MemTotal:        1844596 kB
MemFree:           66260 kB
MemAvailable:    1349380 kB
Buffers:           98124 kB
Cached:          1207492 kB
MemTotal:        1844596 kB
MemFree:          183704 kB
MemAvailable:    1466844 kB
Buffers:           98124 kB
Cached:          1207492 kB
MemTotal:        1844596 kB
MemFree:          248792 kB
MemAvailable:    1531932 kB
Buffers:           98124 kB
Cached:          1207492 kB
