MemTotal:        1844596 kB
MemFree:          699424 kB
MemAvailable:    1547744 kB
Buffers:           89444 kB
Cached:           782588 kB
MemTotal:        1844596 kB
MemFree:          671672 kB
MemAvailable:    1520000 kB
Buffers:           89444 kB
Cached:           782592 kB
MemTotal:        1844596 kB
MemFree:          671644 kB
MemAvailable:    1519972 kB
Buffers:           89444 kB
Cached:           782592 kB
MemTotal:        1844596 kB
MemFree:          669804 kB
MemAvailable:    1518132 kB
Buffers:           89444 kB
Cached:           782592 kB
MemTotal:        1844596 kB
MemFree:          669416 kB
MemAvailable:    1517744 kB
Buffers:           89444 kB
Cached:           782592 kB
MemTotal:        1844596 kB
MemFree:          668812 kB
MemAvailable:    1517140 kB
Buffers:           89444 kB
Cached:           782592 kB
MemTotal:        1844596 kB
MemFree:          668200 kB
MemAvailable:    1516528 kB
Buffers:           89444 kB
Cached:           782592 kB
MemTotal:        1844596 kB
MemFree:          667540 kB
MemAvailable:    1515868 kB
Buffers:           89444 kB
Cached:           782592 kB
MemTotal:        1844596 kB
MemFree:          665224 kB
MemAvailable:    1513552 kB
Buffers:           89444 kB
Cached:           782592 kB
MemTotal:        1844596 kB
MemFree:          662612 kB
MemAvailable:    1510940 kB
Buffers:           89444 kB
Cached:           782592 kB
MemTotal:        1844596 kB
MemFree:          662132 kB
MemAvailable:    1510460 kB
Buffers:           89444 kB
Cached:           782592 kB
MemTotal:        1844596 kB
MemFree:          658828 kB
MemAvailable:    1507156 kB
Buffers:           89444 kB
Cached:           782592 kB
MemTotal:        1844596 kB
MemFree:          655800 kB
MemAvailable:    1504128 kB
Buffers:           89444 kB
Cached:           782592 kB
MemTotal:        1844596 kB
MemFree:          659300 kB
MemAvailable:    1507628 kB
Buffers:           89444 kB
Cached:           782592 kB
MemTotal:        1844596 kB
MemFree:          659640 kB
MemAvailable:    1507968 kB
Buffers:           89444 kB
Cached:           782592 kB
MemTotal:        1844596 kB
MemFree:          659444 kB
MemAvailable:    1507772 kB
Buffers:           89444 kB
Cached:           782592 kB
MemTotal:        1844596 kB
MemFree:          659120 kB
MemAvailable:    1507448 kB
Buffers:           89444 kB
Cached:           782592 kB
MemTotal:        1844596 kB
MemFree:          659120 kB
MemAvailable:    1507448 kB
Buffers:           89444 kB
Cached:           782592 kB
MemTotal:        1844596 kB
MemFree:          658892 kB
MemAvailable:    1507220 kB
Buffers:           89444 kB
Cached:           782592 kB
MemTotal:        1844596 kB
MemFree:          658948 kB
MemAvailable:    1507276 kB
Buffers:           89444 kB
Cached:           782592 kB
MemTotal:        1844596 kB
MemFree:          657784 kB
MemAvailable:    1506112 kB
Buffers:           89444 kB
Cached:           782592 kB
MemTotal:        1844596 kB
MemFree:          658548 kB
MemAvailable:    1506876 kB
Buffers:           89444 kB
Cached:           782592 kB
MemTotal:        1844596 kB
MemFree:          658892 kB
MemAvailable:    1507220 kB
Buffers:           89444 kB
Cached:           782592 kB
MemTotal:        1844596 kB
MemFree:          657472 kB
MemAvailable:    1505800 kB
Buffers:           89444 kB
Cached:           782592 kB
MemTotal:        1844596 kB
MemFree:          657472 kB
MemAvailable:    1505800 kB
Buffers:           89444 kB
Cached:           782592 kB
MemTotal:        1844596 kB
MemFree:          657288 kB
MemAvailable:    1505616 kB
Buffers:           89444 kB
Cached:           782592 kB
MemTotal:        1844596 kB
MemFree:          658076 kB
MemAvailable:    1506404 kB
Buffers:           89444 kB
Cached:           782592 kB
MemTotal:        1844596 kB
MemFree:          657836 kB
MemAvailable:    1506164 kB
Buffers:           89444 kB
Cached:           782592 kB
MemTotal:        1844596 kB
MemFree:          657784 kB
MemAvailable:    1506112 kB
Buffers:           89444 kB
Cached:           782592 kB
MemTotal:        1844596 kB
MemFree:          657696 kB
MemAvailable:    1506024 kB
Buffers:           89444 kB
Cached:           782592 kB
MemTotal:        1844596 kB
MemFree:          657280 kB
MemAvailable:    1505608 kB
Buffers:           89444 kB
Cached:           782592 kB
MemTotal:        1844596 kB
MemFree:          656552 kB
MemAvailable:    1504880 kB
Buffers:           89444 kB
Cached:           782592 kB
MemTotal:        1844596 kB
MemFree:          655552 kB
MemAvailable:    1503880 kB
Buffers:           89444 kB
Cached:           782592 kB
MemTotal:        1844596 kB
MemFree:          656404 kB
MemAvailable:    1504732 kB
Buffers:           89444 kB
Cached:           782592 kB
MemTotal:        1844596 kB
MemFree:          656488 kB
MemAvailable:    1504816 kB
Buffers:           89444 kB
Cached:           782592 kB
MemTotal:        1844596 kB
MemFree:          656408 kB
MemAvailable:    1504736 kB
Buffers:           89444 kB
Cached:           782592 kB
MemTotal:        1844596 kB
MemFree:          656444 kB
MemAvailable:    1504772 kB
Buffers:           89444 kB
Cached:           782592 kB
MemTotal:        1844596 kB
MemFree:          655552 kB
MemAvailable:    1503880 kB
Buffers:           89444 kB
Cached:           782592 kB
MemTotal:        1844596 kB
MemFree:          656560 kB
MemAvailable:    1504892 kB
Buffers:           89444 kB
Cached:           782596 kB
MemTotal:        1844596 kB
MemFree:          656184 kB
MemAvailable:    1504516 kB
Buffers:           89444 kB
Cached:           782596 kB
MemTotal:        1844596 kB
MemFree:          655136 kB
MemAvailable:    1503468 kB
Buffers:           89444 kB
Cached:           782596 kB
MemTotal:        1844596 kB
MemFree:          655128 kB
MemAvailable:    1503460 kB
Buffers:           89444 kB
Cached:           782596 kB
MemTotal:        1844596 kB
MemFree:          654744 kB
MemAvailable:    1503076 kB
Buffers:           89444 kB
Cached:           782596 kB
MemTotal:        1844596 kB
MemFree:          652452 kB
MemAvailable:    1500784 kB
Buffers:           89444 kB
Cached:           782596 kB
MemTotal:        1844596 kB
MemFree:          650096 kB
MemAvailable:    1498428 kB
Buffers:           89444 kB
Cached:           782596 kB
MemTotal:        1844596 kB
MemFree:          650812 kB
MemAvailable:    1499144 kB
Buffers:           89444 kB
Cached:           782596 kB
MemTotal:        1844596 kB
MemFree:          651148 kB
MemAvailable:    1499480 kB
Buffers:           89444 kB
Cached:           782596 kB
MemTotal:        1844596 kB
MemFree:          650772 kB
MemAvailable:    1499104 kB
Buffers:           89444 kB
Cached:           782596 kB
MemTotal:        1844596 kB
MemFree:          650600 kB
MemAvailable:    1498932 kB
Buffers:           89444 kB
Cached:           782596 kB
MemTotal:        1844596 kB
MemFree:          650728 kB
MemAvailable:    1499060 kB
Buffers:           89444 kB
Cached:           782596 kB
MemTotal:        1844596 kB
MemFree:          650648 kB
MemAvailable:    1498980 kB
Buffers:           89444 kB
Cached:           782596 kB
MemTotal:        1844596 kB
MemFree:          650900 kB
MemAvailable:    1499232 kB
Buffers:           89444 kB
Cached:           782596 kB
MemTotal:        1844596 kB
MemFree:          650512 kB
MemAvailable:    1498844 kB
Buffers:           89444 kB
Cached:           782596 kB
MemTotal:        1844596 kB
MemFree:          650612 kB
MemAvailable:    1498944 kB
Buffers:           89444 kB
Cached:           782596 kB
MemTotal:        1844596 kB
MemFree:          649724 kB
MemAvailable:    1498056 kB
Buffers:           89444 kB
Cached:           782596 kB
MemTotal:        1844596 kB
MemFree:          650516 kB
MemAvailable:    1498848 kB
Buffers:           89444 kB
Cached:           782596 kB
MemTotal:        1844596 kB
MemFree:          650444 kB
MemAvailable:    1498776 kB
Buffers:           89444 kB
Cached:           782596 kB
MemTotal:        1844596 kB
MemFree:          650444 kB
MemAvailable:    1498776 kB
Buffers:           89444 kB
Cached:           782596 kB
MemTotal:        1844596 kB
MemFree:          649344 kB
MemAvailable:    1497676 kB
Buffers:           89444 kB
Cached:           782596 kB
MemTotal:        1844596 kB
MemFree:          648484 kB
MemAvailable:    1496816 kB
Buffers:           89444 kB
Cached:           782596 kB
MemTotal:        1844596 kB
MemFree:          644756 kB
MemAvailable:    1493088 kB
Buffers:           89444 kB
Cached:           782596 kB
MemTotal:        1844596 kB
MemFree:          644152 kB
MemAvailable:    1492484 kB
Buffers:           89444 kB
Cached:           782596 kB
MemTotal:        1844596 kB
MemFree:          644444 kB
MemAvailable:    1492776 kB
Buffers:           89444 kB
Cached:           782596 kB
MemTotal:        1844596 kB
MemFree:          644004 kB
MemAvailable:    1492336 kB
Buffers:           89444 kB
Cached:           782596 kB
MemTotal:        1844596 kB
MemFree:          642524 kB
MemAvailable:    1490856 kB
Buffers:           89444 kB
Cached:           782596 kB
MemTotal:        1844596 kB
MemFree:          642664 kB
MemAvailable:    1490996 kB
Buffers:           89444 kB
Cached:           782596 kB
MemTotal:        1844596 kB
MemFree:          642020 kB
MemAvailable:    1490352 kB
Buffers:           89444 kB
Cached:           782596 kB
MemTotal:        1844596 kB
MemFree:          641540 kB
MemAvailable:    1489872 kB
Buffers:           89444 kB
Cached:           782596 kB
MemTotal:        1844596 kB
MemFree:          640660 kB
MemAvailable:    1488992 kB
Buffers:           89444 kB
Cached:           782596 kB
MemTotal:        1844596 kB
MemFree:          640776 kB
MemAvailable:    1489108 kB
Buffers:           89444 kB
Cached:           782596 kB
MemTotal:        1844596 kB
MemFree:          640736 kB
MemAvailable:    1489068 kB
Buffers:           89444 kB
Cached:           782596 kB
MemTotal:        1844596 kB
MemFree:          641712 kB
MemAvailable:    1490044 kB
Buffers:           89444 kB
Cached:           782596 kB
MemTotal:        1844596 kB
MemFree:          641880 kB
MemAvailable:    1490212 kB
Buffers:           89444 kB
Cached:           782596 kB
MemTotal:        1844596 kB
MemFree:          641708 kB
MemAvailable:    1490044 kB
Buffers:           89444 kB
Cached:           782600 kB
MemTotal:        1844596 kB
MemFree:          641808 kB
MemAvailable:    1490144 kB
Buffers:           89444 kB
Cached:           782600 kB
MemTotal:        1844596 kB
MemFree:          641600 kB
MemAvailable:    1489936 kB
Buffers:           89444 kB
Cached:           782600 kB
MemTotal:        1844596 kB
MemFree:          641856 kB
MemAvailable:    1490192 kB
Buffers:           89444 kB
Cached:           782600 kB
MemTotal:        1844596 kB
MemFree:          640528 kB
MemAvailable:    1488864 kB
Buffers:           89444 kB
Cached:           782600 kB
MemTotal:        1844596 kB
MemFree:          641720 kB
MemAvailable:    1490056 kB
Buffers:           89444 kB
Cached:           782600 kB
MemTotal:        1844596 kB
MemFree:          641972 kB
MemAvailable:    1490308 kB
Buffers:           89444 kB
Cached:           782600 kB
MemTotal:        1844596 kB
MemFree:          640416 kB
MemAvailable:    1488752 kB
Buffers:           89444 kB
Cached:           782600 kB
MemTotal:        1844596 kB
MemFree:          640284 kB
MemAvailable:    1488620 kB
Buffers:           89444 kB
Cached:           782600 kB
MemTotal:        1844596 kB
MemFree:          641524 kB
MemAvailable:    1489860 kB
Buffers:           89444 kB
Cached:           782600 kB
MemTotal:        1844596 kB
MemFree:          641776 kB
MemAvailable:    1490112 kB
Buffers:           89444 kB
Cached:           782600 kB
MemTotal:        1844596 kB
MemFree:          641492 kB
MemAvailable:    1489828 kB
Buffers:           89444 kB
Cached:           782600 kB
MemTotal:        1844596 kB
MemFree:          641096 kB
MemAvailable:    1489432 kB
Buffers:           89444 kB
Cached:           782600 kB
MemTotal:        1844596 kB
MemFree:          640536 kB
MemAvailable:    1488872 kB
Buffers:           89444 kB
Cached:           782600 kB
MemTotal:        1844596 kB
MemFree:          638432 kB
MemAvailable:    1486768 kB
Buffers:           89444 kB
Cached:           782600 kB
MemTotal:        1844596 kB
MemFree:          636704 kB
MemAvailable:    1485040 kB
Buffers:           89444 kB
Cached:           782600 kB
MemTotal:        1844596 kB
MemFree:          633216 kB
MemAvailable:    1481552 kB
Buffers:           89444 kB
Cached:           782600 kB
MemTotal:        1844596 kB
MemFree:          632984 kB
MemAvailable:    1481196 kB
Buffers:           89444 kB
Cached:           782600 kB
MemTotal:        1844596 kB
MemFree:          633104 kB
MemAvailable:    1481440 kB
Buffers:           89444 kB
Cached:           782600 kB
MemTotal:        1844596 kB
MemFree:          633232 kB
MemAvailable:    1481568 kB
Buffers:           89444 kB
Cached:           782600 kB
MemTotal:        1844596 kB
MemFree:          632240 kB
MemAvailable:    1480576 kB
Buffers:           89444 kB
Cached:           782600 kB
MemTotal:        1844596 kB
MemFree:          631724 kB
MemAvailable:    1480060 kB
Buffers:           89444 kB
Cached:           782600 kB
MemTotal:        1844596 kB
MemFree:          633324 kB
MemAvailable:    1481660 kB
Buffers:           89444 kB
Cached:           782600 kB
MemTotal:        1844596 kB
MemFree:          633212 kB
MemAvailable:    1481548 kB
Buffers:           89444 kB
Cached:           782600 kB
MemTotal:        1844596 kB
MemFree:          631724 kB
MemAvailable:    1480060 kB
Buffers:           89444 kB
Cached:           782600 kB
MemTotal:        1844596 kB
MemFree:          632964 kB
MemAvailable:    1481300 kB
Buffers:           89444 kB
Cached:           782600 kB
MemTotal:        1844596 kB
MemFree:          631716 kB
MemAvailable:    1480052 kB
Buffers:           89444 kB
Cached:           782600 kB
MemTotal:        1844596 kB
MemFree:          633024 kB
MemAvailable:    1481360 kB
Buffers:           89444 kB
Cached:           782600 kB
MemTotal:        1844596 kB
MemFree:          631868 kB
MemAvailable:    1480204 kB
Buffers:           89444 kB
Cached:           782600 kB
MemTotal:        1844596 kB
MemFree:          632812 kB
MemAvailable:    1481148 kB
Buffers:           89444 kB
Cached:           782600 kB
MemTotal:        1844596 kB
MemFree:          632728 kB
MemAvailable:    1481064 kB
Buffers:           89444 kB
Cached:           782600 kB
MemTotal:        1844596 kB
MemFree:          631436 kB
MemAvailable:    1479772 kB
Buffers:           89444 kB
Cached:           782600 kB
MemTotal:        1844596 kB
MemFree:          632664 kB
MemAvailable:    1481000 kB
Buffers:           89444 kB
Cached:           782600 kB
MemTotal:        1844596 kB
MemFree:          632748 kB
MemAvailable:    1481084 kB
Buffers:           89444 kB
Cached:           782600 kB
MemTotal:        1844596 kB
MemFree:          631472 kB
MemAvailable:    1479808 kB
Buffers:           89444 kB
Cached:           782600 kB
MemTotal:        1844596 kB
MemFree:          631424 kB
MemAvailable:    1479760 kB
Buffers:           89444 kB
Cached:           782600 kB
MemTotal:        1844596 kB
MemFree:          631424 kB
MemAvailable:    1479760 kB
Buffers:           89444 kB
Cached:           782600 kB
MemTotal:        1844596 kB
MemFree:          631424 kB
MemAvailable:    1479760 kB
Buffers:           89444 kB
Cached:           782600 kB
MemTotal:        1844596 kB
MemFree:          632652 kB
MemAvailable:    1480988 kB
Buffers:           89444 kB
Cached:           782600 kB
MemTotal:        1844596 kB
MemFree:          632904 kB
MemAvailable:    1481240 kB
Buffers:           89444 kB
Cached:           782600 kB
MemTotal:        1844596 kB
MemFree:          632932 kB
MemAvailable:    1481268 kB
Buffers:           89444 kB
Cached:           782600 kB
MemTotal:        1844596 kB
MemFree:          631868 kB
MemAvailable:    1480204 kB
Buffers:           89444 kB
Cached:           782600 kB
MemTotal:        1844596 kB
MemFree:          632720 kB
MemAvailable:    1481056 kB
Buffers:           89444 kB
Cached:           782600 kB
MemTotal:        1844596 kB
MemFree:          632860 kB
MemAvailable:    1481196 kB
Buffers:           89444 kB
Cached:           782600 kB
MemTotal:        1844596 kB
MemFree:          632732 kB
MemAvailable:    1481068 kB
Buffers:           89444 kB
Cached:           782600 kB
MemTotal:        1844596 kB
MemFree:          631468 kB
MemAvailable:    1479804 kB
Buffers:           89444 kB
Cached:           782600 kB
MemTotal:        1844596 kB
MemFree:          632988 kB
MemAvailable:    1481324 kB
Buffers:           89444 kB
Cached:           782600 kB
MemTotal:        1844596 kB
MemFree:          631428 kB
MemAvailable:    1479764 kB
Buffers:           89444 kB
Cached:           782600 kB
MemTotal:        1844596 kB
MemFree:          631552 kB
MemAvailable:    1479888 kB
Buffers:           89444 kB
Cached:           782600 kB
MemTotal:        1844596 kB
MemFree:          631424 kB
MemAvailable:    1479760 kB
Buffers:           89444 kB
Cached:           782600 kB
MemTotal:        1844596 kB
MemFree:          632780 kB
MemAvailable:    1481116 kB
Buffers:           89444 kB
Cached:           782600 kB
MemTotal:        1844596 kB
MemFree:          631540 kB
MemAvailable:    1479876 kB
Buffers:           89444 kB
Cached:           782600 kB
MemTotal:        1844596 kB
MemFree:          631584 kB
MemAvailable:    1479920 kB
Buffers:           89444 kB
Cached:           782600 kB
MemTotal:        1844596 kB
MemFree:          629860 kB
MemAvailable:    1478196 kB
Buffers:           89444 kB
Cached:           782600 kB
MemTotal:        1844596 kB
MemFree:          629628 kB
MemAvailable:    1477964 kB
Buffers:           89444 kB
Cached:           782600 kB
MemTotal:        1844596 kB
MemFree:          625728 kB
MemAvailable:    1474064 kB
Buffers:           89444 kB
Cached:           782600 kB
MemTotal:        1844596 kB
MemFree:          622056 kB
MemAvailable:    1470392 kB
Buffers:           89444 kB
Cached:           782600 kB
MemTotal:        1844596 kB
MemFree:          622392 kB
MemAvailable:    1470728 kB
Buffers:           89444 kB
Cached:           782600 kB
MemTotal:        1844596 kB
MemFree:          620824 kB
MemAvailable:    1469160 kB
Buffers:           89444 kB
Cached:           782600 kB
MemTotal:        1844596 kB
MemFree:          620940 kB
MemAvailable:    1469276 kB
Buffers:           89444 kB
Cached:           782600 kB
MemTotal:        1844596 kB
MemFree:          620816 kB
MemAvailable:    1469152 kB
Buffers:           89444 kB
Cached:           782600 kB
MemTotal:        1844596 kB
MemFree:          620832 kB
MemAvailable:    1469168 kB
Buffers:           89444 kB
Cached:           782600 kB
MemTotal:        1844596 kB
MemFree:          622000 kB
MemAvailable:    1470336 kB
Buffers:           89444 kB
Cached:           782600 kB
MemTotal:        1844596 kB
MemFree:          622056 kB
MemAvailable:    1470392 kB
Buffers:           89444 kB
Cached:           782600 kB
MemTotal:        1844596 kB
MemFree:          622048 kB
MemAvailable:    1470384 kB
Buffers:           89444 kB
Cached:           782600 kB
MemTotal:        1844596 kB
MemFree:          620812 kB
MemAvailable:    1469148 kB
Buffers:           89444 kB
Cached:           782600 kB
MemTotal:        1844596 kB
MemFree:          620724 kB
MemAvailable:    1469060 kB
Buffers:           89444 kB
Cached:           782600 kB
MemTotal:        1844596 kB
MemFree:          621916 kB
MemAvailable:    1470252 kB
Buffers:           89444 kB
Cached:           782600 kB
MemTotal:        1844596 kB
MemFree:          621988 kB
MemAvailable:    1470324 kB
Buffers:           89444 kB
Cached:           782600 kB
MemTotal:        1844596 kB
MemFree:          620692 kB
MemAvailable:    1469028 kB
Buffers:           89444 kB
Cached:           782600 kB
MemTotal:        1844596 kB
MemFree:          621708 kB
MemAvailable:    1470052 kB
Buffers:           89444 kB
Cached:           782608 kB
MemTotal:        1844596 kB
MemFree:          622044 kB
MemAvailable:    1470388 kB
Buffers:           89444 kB
Cached:           782608 kB
MemTotal:        1844596 kB
MemFree:          620568 kB
MemAvailable:    1468912 kB
Buffers:           89444 kB
Cached:           782608 kB
MemTotal:        1844596 kB
MemFree:          622168 kB
MemAvailable:    1470512 kB
Buffers:           89444 kB
Cached:           782608 kB
MemTotal:        1844596 kB
MemFree:          622052 kB
MemAvailable:    1470396 kB
Buffers:           89444 kB
Cached:           782608 kB
MemTotal:        1844596 kB
MemFree:          620432 kB
MemAvailable:    1468776 kB
Buffers:           89444 kB
Cached:           782608 kB
MemTotal:        1844596 kB
MemFree:          621848 kB
MemAvailable:    1470192 kB
Buffers:           89444 kB
Cached:           782608 kB
MemTotal:        1844596 kB
MemFree:          621848 kB
MemAvailable:    1470192 kB
Buffers:           89444 kB
Cached:           782608 kB
MemTotal:        1844596 kB
MemFree:          621860 kB
MemAvailable:    1470204 kB
Buffers:           89444 kB
Cached:           782608 kB
MemTotal:        1844596 kB
MemFree:          621244 kB
MemAvailable:    1469588 kB
Buffers:           89444 kB
Cached:           782608 kB
MemTotal:        1844596 kB
MemFree:          620988 kB
MemAvailable:    1469336 kB
Buffers:           89444 kB
Cached:           782612 kB
MemTotal:        1844596 kB
MemFree:          622032 kB
MemAvailable:    1470380 kB
Buffers:           89444 kB
Cached:           782612 kB
MemTotal:        1844596 kB
MemFree:          620732 kB
MemAvailable:    1469080 kB
Buffers:           89444 kB
Cached:           782612 kB
MemTotal:        1844596 kB
MemFree:          620560 kB
MemAvailable:    1468908 kB
Buffers:           89444 kB
Cached:           782612 kB
MemTotal:        1844596 kB
MemFree:          621660 kB
MemAvailable:    1470008 kB
Buffers:           89444 kB
Cached:           782612 kB
MemTotal:        1844596 kB
MemFree:          621996 kB
MemAvailable:    1470344 kB
Buffers:           89444 kB
Cached:           782612 kB
MemTotal:        1844596 kB
MemFree:          621956 kB
MemAvailable:    1470304 kB
Buffers:           89444 kB
Cached:           782612 kB
MemTotal:        1844596 kB
MemFree:          621740 kB
MemAvailable:    1470088 kB
Buffers:           89444 kB
Cached:           782612 kB
MemTotal:        1844596 kB
MemFree:          621860 kB
MemAvailable:    1470208 kB
Buffers:           89444 kB
Cached:           782612 kB
MemTotal:        1844596 kB
MemFree:          620688 kB
MemAvailable:    1469036 kB
Buffers:           89444 kB
Cached:           782612 kB
MemTotal:        1844596 kB
MemFree:          621920 kB
MemAvailable:    1470268 kB
Buffers:           89444 kB
Cached:           782612 kB
MemTotal:        1844596 kB
MemFree:          622028 kB
MemAvailable:    1470376 kB
Buffers:           89444 kB
Cached:           782612 kB
MemTotal:        1844596 kB
MemFree:          621792 kB
MemAvailable:    1470140 kB
Buffers:           89444 kB
Cached:           782612 kB
MemTotal:        1844596 kB
MemFree:          622044 kB
MemAvailable:    1470392 kB
Buffers:           89444 kB
Cached:           782612 kB
MemTotal:        1844596 kB
MemFree:          621668 kB
MemAvailable:    1470016 kB
Buffers:           89444 kB
Cached:           782612 kB
MemTotal:        1844596 kB
MemFree:          622004 kB
MemAvailable:    1470352 kB
Buffers:           89444 kB
Cached:           782612 kB
MemTotal:        1844596 kB
MemFree:          621848 kB
MemAvailable:    1470196 kB
Buffers:           89444 kB
Cached:           782612 kB
MemTotal:        1844596 kB
MemFree:          621848 kB
MemAvailable:    1470196 kB
Buffers:           89444 kB
Cached:           782612 kB
MemTotal:        1844596 kB
MemFree:          621868 kB
MemAvailable:    1470216 kB
Buffers:           89444 kB
Cached:           782612 kB
MemTotal:        1844596 kB
MemFree:          620464 kB
MemAvailable:    1468812 kB
Buffers:           89444 kB
Cached:           782612 kB
MemTotal:        1844596 kB
MemFree:          622044 kB
MemAvailable:    1470392 kB
Buffers:           89444 kB
Cached:           782612 kB
MemTotal:        1844596 kB
MemFree:          621984 kB
MemAvailable:    1470332 kB
Buffers:           89444 kB
Cached:           782612 kB
MemTotal:        1844596 kB
MemFree:          620936 kB
MemAvailable:    1469284 kB
Buffers:           89444 kB
Cached:           782612 kB
MemTotal:        1844596 kB
MemFree:          621284 kB
MemAvailable:    1469632 kB
Buffers:           89444 kB
Cached:           782612 kB
MemTotal:        1844596 kB
MemFree:          620872 kB
MemAvailable:    1469220 kB
Buffers:           89444 kB
Cached:           782612 kB
MemTotal:        1844596 kB
MemFree:          619864 kB
MemAvailable:    1468212 kB
Buffers:           89444 kB
Cached:           782612 kB
MemTotal:        1844596 kB
MemFree:          619864 kB
MemAvailable:    1468212 kB
Buffers:           89444 kB
Cached:           782612 kB
MemTotal:        1844596 kB
MemFree:          619996 kB
MemAvailable:    1468344 kB
Buffers:           89444 kB
Cached:           782612 kB
MemTotal:        1844596 kB
MemFree:          620852 kB
MemAvailable:    1469200 kB
Buffers:           89444 kB
Cached:           782612 kB
MemTotal:        1844596 kB
MemFree:          620680 kB
MemAvailable:    1469028 kB
Buffers:           89444 kB
Cached:           782612 kB
MemTotal:        1844596 kB
MemFree:          619604 kB
MemAvailable:    1467952 kB
Buffers:           89444 kB
Cached:           782612 kB
MemTotal:        1844596 kB
MemFree:          619604 kB
MemAvailable:    1467952 kB
Buffers:           89444 kB
Cached:           782612 kB
MemTotal:        1844596 kB
MemFree:          619604 kB
MemAvailable:    1467952 kB
Buffers:           89444 kB
Cached:           782612 kB
MemTotal:        1844596 kB
MemFree:          620600 kB
MemAvailable:    1468948 kB
Buffers:           89444 kB
Cached:           782612 kB
MemTotal:        1844596 kB
MemFree:          619300 kB
MemAvailable:    1467648 kB
Buffers:           89444 kB
Cached:           782612 kB
MemTotal:        1844596 kB
MemFree:          620268 kB
MemAvailable:    1468616 kB
Buffers:           89444 kB
Cached:           782612 kB
MemTotal:        1844596 kB
MemFree:          620236 kB
MemAvailable:    1468584 kB
Buffers:           89444 kB
Cached:           782612 kB
MemTotal:        1844596 kB
MemFree:          619108 kB
MemAvailable:    1467456 kB
Buffers:           89444 kB
Cached:           782612 kB
MemTotal:        1844596 kB
MemFree:          620408 kB
MemAvailable:    1468756 kB
Buffers:           89444 kB
Cached:           782612 kB
MemTotal:        1844596 kB
MemFree:          620300 kB
MemAvailable:    1468648 kB
Buffers:           89444 kB
Cached:           782612 kB
MemTotal:        1844596 kB
MemFree:          620128 kB
MemAvailable:    1468476 kB
Buffers:           89444 kB
Cached:           782612 kB
MemTotal:        1844596 kB
MemFree:          620420 kB
MemAvailable:    1468768 kB
Buffers:           89444 kB
Cached:           782612 kB
MemTotal:        1844596 kB
MemFree:          620380 kB
MemAvailable:    1468728 kB
Buffers:           89444 kB
Cached:           782612 kB
MemTotal:        1844596 kB
MemFree:          620228 kB
MemAvailable:    1468576 kB
Buffers:           89444 kB
Cached:           782612 kB
MemTotal:        1844596 kB
MemFree:          620480 kB
MemAvailable:    1468828 kB
Buffers:           89444 kB
Cached:           782612 kB
MemTotal:        1844596 kB
MemFree:          619988 kB
MemAvailable:    1468336 kB
Buffers:           89444 kB
Cached:           782612 kB
MemTotal:        1844596 kB
MemFree:          620192 kB
MemAvailable:    1468540 kB
Buffers:           89444 kB
Cached:           782612 kB
MemTotal:        1844596 kB
MemFree:          618816 kB
MemAvailable:    1467164 kB
Buffers:           89444 kB
Cached:           782612 kB
MemTotal:        1844596 kB
MemFree:          619064 kB
MemAvailable:    1467412 kB
Buffers:           89444 kB
Cached:           782612 kB
MemTotal:        1844596 kB
MemFree:          619064 kB
MemAvailable:    1467412 kB
Buffers:           89444 kB
Cached:           782612 kB
MemTotal:        1844596 kB
MemFree:          619056 kB
MemAvailable:    1467404 kB
Buffers:           89444 kB
Cached:           782612 kB
MemTotal:        1844596 kB
MemFree:          613664 kB
MemAvailable:    1462012 kB
Buffers:           89444 kB
Cached:           782612 kB
MemTotal:        1844596 kB
MemFree:          612804 kB
MemAvailable:    1461152 kB
Buffers:           89444 kB
Cached:           782612 kB
MemTotal:        1844596 kB
MemFree:          609456 kB
MemAvailable:    1457804 kB
Buffers:           89444 kB
Cached:           782612 kB
MemTotal:        1844596 kB
MemFree:          608896 kB
MemAvailable:    1457244 kB
Buffers:           89444 kB
Cached:           782612 kB
MemTotal:        1844596 kB
MemFree:          608820 kB
MemAvailable:    1457168 kB
Buffers:           89444 kB
Cached:           782612 kB
MemTotal:        1844596 kB
MemFree:          608960 kB
MemAvailable:    1457308 kB
Buffers:           89444 kB
Cached:           782612 kB
MemTotal:        1844596 kB
MemFree:          608632 kB
MemAvailable:    1456980 kB
Buffers:           89444 kB
Cached:           782612 kB
MemTotal:        1844596 kB
MemFree:          608400 kB
MemAvailable:    1456748 kB
Buffers:           89444 kB
Cached:           782612 kB
MemTotal:        1844596 kB
MemFree:          608152 kB
MemAvailable:    1456500 kB
Buffers:           89444 kB
Cached:           782612 kB
MemTotal:        1844596 kB
MemFree:          606960 kB
MemAvailable:    1455308 kB
Buffers:           89444 kB
Cached:           782612 kB
MemTotal:        1844596 kB
MemFree:          606960 kB
MemAvailable:    1455308 kB
Buffers:           89444 kB
Cached:           782612 kB
MemTotal:        1844596 kB
MemFree:          606920 kB
MemAvailable:    1455268 kB
Buffers:           89444 kB
Cached:           782612 kB
MemTotal:        1844596 kB
MemFree:          606292 kB
MemAvailable:    1454648 kB
Buffers:           89444 kB
Cached:           782620 kB
MemTotal:        1844596 kB
MemFree:          604736 kB
MemAvailable:    1453092 kB
Buffers:           89444 kB
Cached:           782620 kB
MemTotal:        1844596 kB
MemFree:          605292 kB
MemAvailable:    1453648 kB
Buffers:           89444 kB
Cached:           782620 kB
MemTotal:        1844596 kB
MemFree:          603992 kB
MemAvailable:    1452348 kB
Buffers:           89444 kB
Cached:           782620 kB
MemTotal:        1844596 kB
MemFree:          605052 kB
MemAvailable:    1453408 kB
Buffers:           89444 kB
Cached:           782620 kB
MemTotal:        1844596 kB
MemFree:          605052 kB
MemAvailable:    1453408 kB
Buffers:           89444 kB
Cached:           782620 kB
MemTotal:        1844596 kB
MemFree:          604996 kB
MemAvailable:    1453352 kB
Buffers:           89444 kB
Cached:           782620 kB
MemTotal:        1844596 kB
MemFree:          603944 kB
MemAvailable:    1452300 kB
Buffers:           89444 kB
Cached:           782620 kB
MemTotal:        1844596 kB
MemFree:          603812 kB
MemAvailable:    1452168 kB
Buffers:           89444 kB
Cached:           782620 kB
MemTotal:        1844596 kB
MemFree:          604976 kB
MemAvailable:    1453332 kB
Buffers:           89444 kB
Cached:           782620 kB
MemTotal:        1844596 kB
MemFree:          604992 kB
MemAvailable:    1453348 kB
Buffers:           89444 kB
Cached:           782620 kB
MemTotal:        1844596 kB
MemFree:          603988 kB
MemAvailable:    1452344 kB
Buffers:           89444 kB
Cached:           782620 kB
MemTotal:        1844596 kB
MemFree:          605164 kB
MemAvailable:    1453520 kB
Buffers:           89444 kB
Cached:           782620 kB
MemTotal:        1844596 kB
MemFree:          603808 kB
MemAvailable:    1452164 kB
Buffers:           89444 kB
Cached:           782620 kB
MemTotal:        1844596 kB
MemFree:          605172 kB
MemAvailable:    1453528 kB
Buffers:           89444 kB
Cached:           782620 kB
MemTotal:        1844596 kB
MemFree:          604612 kB
MemAvailable:    1452968 kB
Buffers:           89444 kB
Cached:           782620 kB
MemTotal:        1844596 kB
MemFree:          603240 kB
MemAvailable:    1451596 kB
Buffers:           89444 kB
Cached:           782620 kB
MemTotal:        1844596 kB
MemFree:          604308 kB
MemAvailable:    1452664 kB
Buffers:           89444 kB
Cached:           782620 kB
MemTotal:        1844596 kB
MemFree:          602140 kB
MemAvailable:    1450496 kB
Buffers:           89444 kB
Cached:           782620 kB
MemTotal:        1844596 kB
MemFree:          603316 kB
MemAvailable:    1451672 kB
Buffers:           89444 kB
Cached:           782620 kB
MemTotal:        1844596 kB
MemFree:          602016 kB
MemAvailable:    1450372 kB
Buffers:           89444 kB
Cached:           782620 kB
MemTotal:        1844596 kB
MemFree:          601760 kB
MemAvailable:    1450116 kB
Buffers:           89444 kB
Cached:           782620 kB
MemTotal:        1844596 kB
MemFree:          601644 kB
MemAvailable:    1450000 kB
Buffers:           89444 kB
Cached:           782620 kB
MemTotal:        1844596 kB
MemFree:          601884 kB
MemAvailable:    1450240 kB
Buffers:           89444 kB
Cached:           782620 kB
MemTotal:        1844596 kB
MemFree:          602068 kB
MemAvailable:    1450424 kB
Buffers:           89444 kB
Cached:           782620 kB
MemTotal:        1844596 kB
MemFree:          601504 kB
MemAvailable:    1449860 kB
Buffers:           89444 kB
Cached:           782620 kB
MemTotal:        1844596 kB
MemFree:          600848 kB
MemAvailable:    1449204 kB
Buffers:           89444 kB
Cached:           782620 kB
MemTotal:        1844596 kB
MemFree:          601868 kB
MemAvailable:    1450224 kB
Buffers:           89444 kB
Cached:           782620 kB
MemTotal:        1844596 kB
MemFree:          600156 kB
MemAvailable:    1448512 kB
Buffers:           89444 kB
Cached:           782620 kB
MemTotal:        1844596 kB
MemFree:          601264 kB
MemAvailable:    1449620 kB
Buffers:           89444 kB
Cached:           782620 kB
MemTotal:        1844596 kB
MemFree:          600660 kB
MemAvailable:    1449016 kB
Buffers:           89444 kB
Cached:           782620 kB
MemTotal:        1844596 kB
MemFree:          601016 kB
MemAvailable:    1449372 kB
Buffers:           89444 kB
Cached:           782620 kB
MemTotal:        1844596 kB
MemFree:          600660 kB
MemAvailable:    1449016 kB
Buffers:           89444 kB
Cached:           782620 kB
MemTotal:        1844596 kB
MemFree:          600976 kB
MemAvailable:    1449332 kB
Buffers:           89444 kB
Cached:           782620 kB
MemTotal:        1844596 kB
MemFree:          601284 kB
MemAvailable:    1449640 kB
Buffers:           89444 kB
Cached:           782620 kB
MemTotal:        1844596 kB
MemFree:          601284 kB
MemAvailable:    1449640 kB
Buffers:           89444 kB
Cached:           782620 kB
MemTotal:        1844596 kB
MemFree:          601016 kB
MemAvailable:    1449372 kB
Buffers:           89444 kB
Cached:           782620 kB
MemTotal:        1844596 kB
MemFree:          601268 kB
MemAvailable:    1449624 kB
Buffers:           89444 kB
Cached:           782620 kB
MemTotal:        1844596 kB
MemFree:          600892 kB
MemAvailable:    1449248 kB
Buffers:           89444 kB
Cached:           782620 kB
MemTotal:        1844596 kB
MemFree:          599644 kB
MemAvailable:    1448000 kB
Buffers:           89444 kB
Cached:           782620 kB
MemTotal:        1844596 kB
MemFree:          599776 kB
MemAvailable:    1448132 kB
Buffers:           89444 kB
Cached:           782620 kB
MemTotal:        1844596 kB
MemFree:          600024 kB
MemAvailable:    1448380 kB
Buffers:           89444 kB
Cached:           782620 kB
MemTotal:        1844596 kB
MemFree:          599776 kB
MemAvailable:    1448132 kB
Buffers:           89444 kB
Cached:           782620 kB
MemTotal:        1844596 kB
MemFree:          599768 kB
MemAvailable:    1448124 kB
Buffers:           89444 kB
Cached:           782620 kB
MemTotal:        1844596 kB
MemFree:          599636 kB
MemAvailable:    1447992 kB
Buffers:           89444 kB
Cached:           782620 kB
MemTotal:        1844596 kB
MemFree:          599892 kB
MemAvailable:    1448248 kB
Buffers:           89444 kB
Cached:           782620 kB
MemTotal:        1844596 kB
MemFree:          601196 kB
MemAvailable:    1449552 kB
Buffers:           89444 kB
Cached:           782620 kB
MemTotal:        1844596 kB
MemFree:          599504 kB
MemAvailable:    1447860 kB
Buffers:           89444 kB
Cached:           782620 kB
MemTotal:        1844596 kB
MemFree:          599636 kB
MemAvailable:    1447992 kB
Buffers:           89444 kB
Cached:           782620 kB
MemTotal:        1844596 kB
MemFree:          599784 kB
MemAvailable:    1448140 kB
Buffers:           89444 kB
Cached:           782620 kB
MemTotal:        1844596 kB
MemFree:          600708 kB
MemAvailable:    1449064 kB
Buffers:           89444 kB
Cached:           782620 kB
MemTotal:        1844596 kB
MemFree:          600960 kB
MemAvailable:    1449316 kB
Buffers:           89444 kB
Cached:           782620 kB
MemTotal:        1844596 kB
MemFree:          600756 kB
MemAvailable:    1449112 kB
Buffers:           89444 kB
Cached:           782620 kB
MemTotal:        1844596 kB
MemFree:          601008 kB
MemAvailable:    1449364 kB
Buffers:           89444 kB
Cached:           782620 kB
MemTotal:        1844596 kB
MemFree:          600768 kB
MemAvailable:    1449124 kB
Buffers:           89444 kB
Cached:           782620 kB
MemTotal:        1844596 kB
MemFree:          600660 kB
MemAvailable:    1449016 kB
Buffers:           89444 kB
Cached:           782620 kB
MemTotal:        1844596 kB
MemFree:          599720 kB
MemAvailable:    1448076 kB
Buffers:           89444 kB
Cached:           782620 kB
MemTotal:        1844596 kB
MemFree:          598660 kB
MemAvailable:    1447016 kB
Buffers:           89444 kB
Cached:           782620 kB
MemTotal:        1844596 kB
MemFree:          598156 kB
MemAvailable:    1446512 kB
Buffers:           89444 kB
Cached:           782620 kB
MemTotal:        1844596 kB
MemFree:          598528 kB
MemAvailable:    1446884 kB
Buffers:           89444 kB
Cached:           782620 kB
MemTotal:        1844596 kB
MemFree:          597056 kB
MemAvailable:    1445412 kB
Buffers:           89444 kB
Cached:           782620 kB
MemTotal:        1844596 kB
MemFree:          596436 kB
MemAvailable:    1444792 kB
Buffers:           89444 kB
Cached:           782620 kB
MemTotal:        1844596 kB
MemFree:          592956 kB
MemAvailable:    1441312 kB
Buffers:           89444 kB
Cached:           782620 kB
MemTotal:        1844596 kB
MemFree:          592972 kB
MemAvailable:    1441328 kB
Buffers:           89444 kB
Cached:           782620 kB
MemTotal:        1844596 kB
MemFree:          589492 kB
MemAvailable:    1437848 kB
Buffers:           89444 kB
Cached:           782620 kB
MemTotal:        1844596 kB
MemFree:          585384 kB
MemAvailable:    1433740 kB
Buffers:           89444 kB
Cached:           782620 kB
MemTotal:        1844596 kB
MemFree:          585276 kB
MemAvailable:    1433632 kB
Buffers:           89444 kB
Cached:           782620 kB
MemTotal:        1844596 kB
MemFree:          582548 kB
MemAvailable:    1430904 kB
Buffers:           89444 kB
Cached:           782620 kB
MemTotal:        1844596 kB
MemFree:          582236 kB
MemAvailable:    1430592 kB
Buffers:           89444 kB
Cached:           782620 kB
MemTotal:        1844596 kB
MemFree:          582236 kB
MemAvailable:    1430592 kB
Buffers:           89444 kB
Cached:           782620 kB
MemTotal:        1844596 kB
MemFree:          580992 kB
MemAvailable:    1429348 kB
Buffers:           89444 kB
Cached:           782620 kB
MemTotal:        1844596 kB
MemFree:          582108 kB
MemAvailable:    1430464 kB
Buffers:           89444 kB
Cached:           782620 kB
MemTotal:        1844596 kB
MemFree:          581688 kB
MemAvailable:    1430044 kB
Buffers:           89444 kB
Cached:           782620 kB
MemTotal:        1844596 kB
MemFree:          582004 kB
MemAvailable:    1430360 kB
Buffers:           89444 kB
Cached:           782620 kB
MemTotal:        1844596 kB
MemFree:          580884 kB
MemAvailable:    1429244 kB
Buffers:           89444 kB
Cached:           782624 kB
MemTotal:        1844596 kB
MemFree:          582036 kB
MemAvailable:    1430396 kB
Buffers:           89444 kB
Cached:           782624 kB
MemTotal:        1844596 kB
MemFree:          581988 kB
MemAvailable:    1430352 kB
Buffers:           89444 kB
Cached:           782628 kB
MemTotal:        1844596 kB
MemFree:          580936 kB
MemAvailable:    1429300 kB
Buffers:           89444 kB
Cached:           782628 kB
MemTotal:        1844596 kB
MemFree:          582124 kB
MemAvailable:    1430488 kB
Buffers:           89444 kB
Cached:           782628 kB
MemTotal:        1844596 kB
MemFree:          582292 kB
MemAvailable:    1430656 kB
Buffers:           89444 kB
Cached:           782628 kB
MemTotal:        1844596 kB
MemFree:          581432 kB
MemAvailable:    1429796 kB
Buffers:           89444 kB
Cached:           782628 kB
MemTotal:        1844596 kB
MemFree:          581360 kB
MemAvailable:    1429724 kB
Buffers:           89444 kB
Cached:           782628 kB
MemTotal:        1844596 kB
MemFree:          580192 kB
MemAvailable:    1428556 kB
Buffers:           89444 kB
Cached:           782628 kB
MemTotal:        1844596 kB
MemFree:          581260 kB
MemAvailable:    1429628 kB
Buffers:           89444 kB
Cached:           782632 kB
MemTotal:        1844596 kB
MemFree:          581068 kB
MemAvailable:    1429312 kB
Buffers:           89444 kB
Cached:           782632 kB
MemTotal:        1844596 kB
MemFree:          581052 kB
MemAvailable:    1429420 kB
Buffers:           89444 kB
Cached:           782632 kB
MemTotal:        1844596 kB
MemFree:          580020 kB
MemAvailable:    1428388 kB
Buffers:           89444 kB
Cached:           782632 kB
MemTotal:        1844596 kB
MemFree:          581172 kB
MemAvailable:    1429540 kB
Buffers:           89444 kB
Cached:           782632 kB
MemTotal:        1844596 kB
MemFree:          580572 kB
MemAvailable:    1428940 kB
Buffers:           89444 kB
Cached:           782632 kB
MemTotal:        1844596 kB
MemFree:          581044 kB
MemAvailable:    1429412 kB
Buffers:           89444 kB
Cached:           782632 kB
MemTotal:        1844596 kB
MemFree:          581380 kB
MemAvailable:    1429748 kB
Buffers:           89444 kB
Cached:           782632 kB
MemTotal:        1844596 kB
MemFree:          581136 kB
MemAvailable:    1429504 kB
Buffers:           89444 kB
Cached:           782632 kB
MemTotal:        1844596 kB
MemFree:          579888 kB
MemAvailable:    1428256 kB
Buffers:           89444 kB
Cached:           782632 kB
MemTotal:        1844596 kB
MemFree:          581232 kB
MemAvailable:    1429600 kB
Buffers:           89444 kB
Cached:           782632 kB
MemTotal:        1844596 kB
MemFree:          579924 kB
MemAvailable:    1428292 kB
Buffers:           89444 kB
Cached:           782632 kB
MemTotal:        1844596 kB
MemFree:          581168 kB
MemAvailable:    1429536 kB
Buffers:           89444 kB
Cached:           782632 kB
MemTotal:        1844596 kB
MemFree:          581184 kB
MemAvailable:    1429552 kB
Buffers:           89444 kB
Cached:           782632 kB
MemTotal:        1844596 kB
MemFree:          581180 kB
MemAvailable:    1429548 kB
Buffers:           89444 kB
Cached:           782632 kB
MemTotal:        1844596 kB
MemFree:          580132 kB
MemAvailable:    1428500 kB
Buffers:           89444 kB
Cached:           782632 kB
MemTotal:        1844596 kB
MemFree:          581308 kB
MemAvailable:    1429676 kB
Buffers:           89444 kB
Cached:           782632 kB
MemTotal:        1844596 kB
MemFree:          580920 kB
MemAvailable:    1429288 kB
Buffers:           89444 kB
Cached:           782632 kB
MemTotal:        1844596 kB
MemFree:          580920 kB
MemAvailable:    1429288 kB
Buffers:           89444 kB
Cached:           782632 kB
MemTotal:        1844596 kB
MemFree:          576152 kB
MemAvailable:    1424520 kB
Buffers:           89444 kB
Cached:           782632 kB
MemTotal:        1844596 kB
MemFree:          572752 kB
MemAvailable:    1421120 kB
Buffers:           89444 kB
Cached:           782632 kB
MemTotal:        1844596 kB
MemFree:          568892 kB
MemAvailable:    1417260 kB
Buffers:           89444 kB
Cached:           782632 kB
MemTotal:        1844596 kB
MemFree:          568892 kB
MemAvailable:    1417260 kB
Buffers:           89444 kB
Cached:           782632 kB
MemTotal:        1844596 kB
MemFree:          565064 kB
MemAvailable:    1413432 kB
Buffers:           89444 kB
Cached:           782632 kB
MemTotal:        1844596 kB
MemFree:          561840 kB
MemAvailable:    1410208 kB
Buffers:           89444 kB
Cached:           782632 kB
MemTotal:        1844596 kB
MemFree:          562768 kB
MemAvailable:    1411136 kB
Buffers:           89444 kB
Cached:           782632 kB
MemTotal:        1844596 kB
MemFree:          562940 kB
MemAvailable:    1411308 kB
Buffers:           89444 kB
Cached:           782632 kB
MemTotal:        1844596 kB
MemFree:          561664 kB
MemAvailable:    1410032 kB
Buffers:           89444 kB
Cached:           782632 kB
MemTotal:        1844596 kB
MemFree:          562904 kB
MemAvailable:    1411272 kB
Buffers:           89444 kB
Cached:           782632 kB
MemTotal:        1844596 kB
MemFree:          562816 kB
MemAvailable:    1411184 kB
Buffers:           89444 kB
Cached:           782632 kB
MemTotal:        1844596 kB
MemFree:          562336 kB
MemAvailable:    1410704 kB
Buffers:           89444 kB
Cached:           782632 kB
MemTotal:        1844596 kB
MemFree:          562996 kB
MemAvailable:    1411364 kB
Buffers:           89444 kB
Cached:           782632 kB
MemTotal:        1844596 kB
MemFree:          561572 kB
MemAvailable:    1409940 kB
Buffers:           89444 kB
Cached:           782632 kB
MemTotal:        1844596 kB
MemFree:          562956 kB
MemAvailable:    1411324 kB
Buffers:           89444 kB
Cached:           782632 kB
MemTotal:        1844596 kB
MemFree:          562884 kB
MemAvailable:    1411252 kB
Buffers:           89444 kB
Cached:           782632 kB
MemTotal:        1844596 kB
MemFree:          563136 kB
MemAvailable:    1411504 kB
Buffers:           89444 kB
Cached:           782632 kB
MemTotal:        1844596 kB
MemFree:          561668 kB
MemAvailable:    1410036 kB
Buffers:           89444 kB
Cached:           782632 kB
MemTotal:        1844596 kB
MemFree:          562948 kB
MemAvailable:    1411316 kB
Buffers:           89444 kB
Cached:           782632 kB
MemTotal:        1844596 kB
MemFree:          563200 kB
MemAvailable:    1411568 kB
Buffers:           89444 kB
Cached:           782632 kB
MemTotal:        1844596 kB
MemFree:          562908 kB
MemAvailable:    1411276 kB
Buffers:           89444 kB
Cached:           782632 kB
MemTotal:        1844596 kB
MemFree:          563088 kB
MemAvailable:    1411456 kB
Buffers:           89444 kB
Cached:           782632 kB
MemTotal:        1844596 kB
MemFree:          562212 kB
MemAvailable:    1410580 kB
Buffers:           89444 kB
Cached:           782632 kB
MemTotal:        1844596 kB
MemFree:          562976 kB
MemAvailable:    1411348 kB
Buffers:           89444 kB
Cached:           782636 kB
MemTotal:        1844596 kB
MemFree:          562892 kB
MemAvailable:    1411264 kB
Buffers:           89444 kB
Cached:           782636 kB
MemTotal:        1844596 kB
MemFree:          562220 kB
MemAvailable:    1410592 kB
Buffers:           89444 kB
Cached:           782636 kB
MemTotal:        1844596 kB
MemFree:          562868 kB
MemAvailable:    1411240 kB
Buffers:           89444 kB
Cached:           782636 kB
MemTotal:        1844596 kB
MemFree:          562840 kB
MemAvailable:    1411212 kB
Buffers:           89444 kB
Cached:           782636 kB
MemTotal:        1844596 kB
MemFree:          562776 kB
MemAvailable:    1411148 kB
Buffers:           89444 kB
Cached:           782636 kB
MemTotal:        1844596 kB
MemFree:          563032 kB
MemAvailable:    1411404 kB
Buffers:           89444 kB
Cached:           782636 kB
MemTotal:        1844596 kB
MemFree:          562816 kB
MemAvailable:    1411188 kB
Buffers:           89444 kB
Cached:           782636 kB
MemTotal:        1844596 kB
MemFree:          562956 kB
MemAvailable:    1411328 kB
Buffers:           89444 kB
Cached:           782636 kB
MemTotal:        1844596 kB
MemFree:          561660 kB
MemAvailable:    1410032 kB
Buffers:           89444 kB
Cached:           782636 kB
MemTotal:        1844596 kB
MemFree:          561784 kB
MemAvailable:    1410156 kB
Buffers:           89444 kB
Cached:           782636 kB
MemTotal:        1844596 kB
MemFree:          563200 kB
MemAvailable:    1411572 kB
Buffers:           89444 kB
Cached:           782636 kB
MemTotal:        1844596 kB
MemFree:          562468 kB
MemAvailable:    1410840 kB
Buffers:           89444 kB
Cached:           782636 kB
MemTotal:        1844596 kB
MemFree:          562948 kB
MemAvailable:    1411320 kB
Buffers:           89444 kB
Cached:           782636 kB
MemTotal:        1844596 kB
MemFree:          562716 kB
MemAvailable:    1411088 kB
Buffers:           89444 kB
Cached:           782636 kB
MemTotal:        1844596 kB
MemFree:          561824 kB
MemAvailable:    1410196 kB
Buffers:           89444 kB
Cached:           782636 kB
MemTotal:        1844596 kB
MemFree:          563136 kB
MemAvailable:    1411508 kB
Buffers:           89444 kB
Cached:           782636 kB
MemTotal:        1844596 kB
MemFree:          562212 kB
MemAvailable:    1410584 kB
Buffers:           89444 kB
Cached:           782636 kB
MemTotal:        1844596 kB
MemFree:          562868 kB
MemAvailable:    1411240 kB
Buffers:           89444 kB
Cached:           782636 kB
MemTotal:        1844596 kB
MemFree:          563204 kB
MemAvailable:    1411576 kB
Buffers:           89444 kB
Cached:           782636 kB
MemTotal:        1844596 kB
MemFree:          561964 kB
MemAvailable:    1410336 kB
Buffers:           89444 kB
Cached:           782636 kB
MemTotal:        1844596 kB
MemFree:          558864 kB
MemAvailable:    1407236 kB
Buffers:           89444 kB
Cached:           782636 kB
MemTotal:        1844596 kB
MemFree:          555640 kB
MemAvailable:    1404012 kB
Buffers:           89444 kB
Cached:           782636 kB
MemTotal:        1844596 kB
MemFree:          552416 kB
MemAvailable:    1400788 kB
Buffers:           89444 kB
Cached:           782636 kB
MemTotal:        1844596 kB
MemFree:          549316 kB
MemAvailable:    1397692 kB
Buffers:           89444 kB
Cached:           782640 kB
MemTotal:        1844596 kB
MemFree:          546260 kB
MemAvailable:    1394636 kB
Buffers:           89444 kB
Cached:           782640 kB
MemTotal:        1844596 kB
MemFree:          544728 kB
MemAvailable:    1393104 kB
Buffers:           89444 kB
Cached:           782640 kB
MemTotal:        1844596 kB
MemFree:          545500 kB
MemAvailable:    1393876 kB
Buffers:           89444 kB
Cached:           782640 kB
MemTotal:        1844596 kB
MemFree:          545500 kB
MemAvailable:    1393876 kB
Buffers:           89444 kB
Cached:           782640 kB
MemTotal:        1844596 kB
MemFree:          545468 kB
MemAvailable:    1393844 kB
Buffers:           89444 kB
Cached:           782640 kB
MemTotal:        1844596 kB
MemFree:          544788 kB
MemAvailable:    1393164 kB
Buffers:           89444 kB
Cached:           782640 kB
MemTotal:        1844596 kB
MemFree:          543364 kB
MemAvailable:    1391740 kB
Buffers:           89444 kB
Cached:           782640 kB
MemTotal:        1844596 kB
MemFree:          544556 kB
MemAvailable:    1392932 kB
Buffers:           89444 kB
Cached:           782640 kB
MemTotal:        1844596 kB
MemFree:          544808 kB
MemAvailable:    1393184 kB
Buffers:           89444 kB
Cached:           782640 kB
MemTotal:        1844596 kB
MemFree:          544492 kB
MemAvailable:    1392868 kB
Buffers:           89444 kB
Cached:           782640 kB
MemTotal:        1844596 kB
MemFree:          544528 kB
MemAvailable:    1392904 kB
Buffers:           89444 kB
Cached:           782640 kB
MemTotal:        1844596 kB
MemFree:          543372 kB
MemAvailable:    1391748 kB
Buffers:           89444 kB
Cached:           782640 kB
MemTotal:        1844596 kB
MemFree:          544232 kB
MemAvailable:    1392608 kB
Buffers:           89444 kB
Cached:           782640 kB
MemTotal:        1844596 kB
MemFree:          544160 kB
MemAvailable:    1392536 kB
Buffers:           89444 kB
Cached:           782640 kB
MemTotal:        1844596 kB
MemFree:          543988 kB
MemAvailable:    1392364 kB
Buffers:           89444 kB
Cached:           782640 kB
MemTotal:        1844596 kB
MemFree:          542848 kB
MemAvailable:    1391224 kB
Buffers:           89444 kB
Cached:           782640 kB
MemTotal:        1844596 kB
MemFree:          543232 kB
MemAvailable:    1391608 kB
Buffers:           89444 kB
Cached:           782640 kB
MemTotal:        1844596 kB
MemFree:          543316 kB
MemAvailable:    1391692 kB
Buffers:           89444 kB
Cached:           782640 kB
MemTotal:        1844596 kB
MemFree:          542744 kB
MemAvailable:    1391120 kB
Buffers:           89444 kB
Cached:           782640 kB
MemTotal:        1844596 kB
MemFree:          542432 kB
MemAvailable:    1390808 kB
Buffers:           89444 kB
Cached:           782640 kB
MemTotal:        1844596 kB
MemFree:          540636 kB
MemAvailable:    1389012 kB
Buffers:           89444 kB
Cached:           782640 kB
MemTotal:        1844596 kB
MemFree:          541364 kB
MemAvailable:    1389740 kB
Buffers:           89444 kB
Cached:           782640 kB
MemTotal:        1844596 kB
MemFree:          541084 kB
MemAvailable:    1389460 kB
Buffers:           89444 kB
Cached:           782640 kB
MemTotal:        1844596 kB
MemFree:          540948 kB
MemAvailable:    1389324 kB
Buffers:           89444 kB
Cached:           782640 kB
MemTotal:        1844596 kB
MemFree:          538736 kB
MemAvailable:    1387112 kB
Buffers:           89444 kB
Cached:           782640 kB
MemTotal:        1844596 kB
MemFree:          539232 kB
MemAvailable:    1387608 kB
Buffers:           89444 kB
Cached:           782640 kB
MemTotal:        1844596 kB
MemFree:          537412 kB
MemAvailable:    1385788 kB
Buffers:           89444 kB
Cached:           782640 kB
MemTotal:        1844596 kB
MemFree:          538348 kB
MemAvailable:    1386724 kB
Buffers:           89444 kB
Cached:           782640 kB
MemTotal:        1844596 kB
MemFree:          538612 kB
MemAvailable:    1386988 kB
Buffers:           89444 kB
Cached:           782640 kB
MemTotal:        1844596 kB
MemFree:          537660 kB
MemAvailable:    1386036 kB
Buffers:           89444 kB
Cached:           782640 kB
MemTotal:        1844596 kB
MemFree:          537276 kB
MemAvailable:    1385652 kB
Buffers:           89444 kB
Cached:           782640 kB
MemTotal:        1844596 kB
MemFree:          537240 kB
MemAvailable:    1385616 kB
Buffers:           89444 kB
Cached:           782640 kB
MemTotal:        1844596 kB
MemFree:          538472 kB
MemAvailable:    1386848 kB
Buffers:           89444 kB
Cached:           782640 kB
MemTotal:        1844596 kB
MemFree:          538344 kB
MemAvailable:    1386720 kB
Buffers:           89444 kB
Cached:           782640 kB
MemTotal:        1844596 kB
MemFree:          538288 kB
MemAvailable:    1386664 kB
Buffers:           89444 kB
Cached:           782640 kB
MemTotal:        1844596 kB
MemFree:          536420 kB
MemAvailable:    1384796 kB
Buffers:           89444 kB
Cached:           782640 kB
MemTotal:        1844596 kB
MemFree:          537280 kB
MemAvailable:    1385656 kB
Buffers:           89444 kB
Cached:           782640 kB
MemTotal:        1844596 kB
MemFree:          535924 kB
MemAvailable:    1384300 kB
Buffers:           89444 kB
Cached:           782640 kB
MemTotal:        1844596 kB
MemFree:          536832 kB
MemAvailable:    1385208 kB
Buffers:           89444 kB
Cached:           782640 kB
MemTotal:        1844596 kB
MemFree:          536792 kB
MemAvailable:    1385168 kB
Buffers:           89444 kB
Cached:           782640 kB
MemTotal:        1844596 kB
MemFree:          536780 kB
MemAvailable:    1385156 kB
Buffers:           89444 kB
Cached:           782640 kB
MemTotal:        1844596 kB
MemFree:          536708 kB
MemAvailable:    1385084 kB
Buffers:           89444 kB
Cached:           782640 kB
MemTotal:        1844596 kB
MemFree:          536544 kB
MemAvailable:    1384920 kB
Buffers:           89444 kB
Cached:           782640 kB
MemTotal:        1844596 kB
MemFree:          536832 kB
MemAvailable:    1385208 kB
Buffers:           89444 kB
Cached:           782640 kB
MemTotal:        1844596 kB
MemFree:          535484 kB
MemAvailable:    1383860 kB
Buffers:           89444 kB
Cached:           782640 kB
MemTotal:        1844596 kB
MemFree:          535484 kB
MemAvailable:    1383860 kB
Buffers:           89444 kB
Cached:           782640 kB
MemTotal:        1844596 kB
MemFree:          535652 kB
MemAvailable:    1384028 kB
Buffers:           89444 kB
Cached:           782640 kB
MemTotal:        1844596 kB
MemFree:          535528 kB
MemAvailable:    1383904 kB
Buffers:           89444 kB
Cached:           782640 kB
MemTotal:        1844596 kB
MemFree:          536844 kB
MemAvailable:    1385220 kB
Buffers:           89444 kB
Cached:           782640 kB
MemTotal:        1844596 kB
MemFree:          536048 kB
MemAvailable:    1384424 kB
Buffers:           89444 kB
Cached:           782640 kB
MemTotal:        1844596 kB
MemFree:          536572 kB
MemAvailable:    1384948 kB
Buffers:           89444 kB
Cached:           782640 kB
MemTotal:        1844596 kB
MemFree:          536668 kB
MemAvailable:    1385044 kB
Buffers:           89444 kB
Cached:           782640 kB
MemTotal:        1844596 kB
MemFree:          536780 kB
MemAvailable:    1385156 kB
Buffers:           89444 kB
Cached:           782640 kB
MemTotal:        1844596 kB
MemFree:          536056 kB
MemAvailable:    1384432 kB
Buffers:           89444 kB
Cached:           782640 kB
MemTotal:        1844596 kB
MemFree:          536784 kB
MemAvailable:    1385160 kB
Buffers:           89444 kB
Cached:           782640 kB
MemTotal:        1844596 kB
MemFree:          536996 kB
MemAvailable:    1385372 kB
Buffers:           89444 kB
Cached:           782640 kB
MemTotal:        1844596 kB
MemFree:          536744 kB
MemAvailable:    1385120 kB
Buffers:           89444 kB
Cached:           782640 kB
MemTotal:        1844596 kB
MemFree:          535624 kB
MemAvailable:    1384000 kB
Buffers:           89444 kB
Cached:           782640 kB
MemTotal:        1844596 kB
MemFree:          535536 kB
MemAvailable:    1383912 kB
Buffers:           89444 kB
Cached:           782640 kB
MemTotal:        1844596 kB
MemFree:          536720 kB
MemAvailable:    1385096 kB
Buffers:           89444 kB
Cached:           782640 kB
MemTotal:        1844596 kB
MemFree:          536660 kB
MemAvailable:    1385036 kB
Buffers:           89444 kB
Cached:           782640 kB
MemTotal:        1844596 kB
MemFree:          536660 kB
MemAvailable:    1385036 kB
Buffers:           89444 kB
Cached:           782640 kB
MemTotal:        1844596 kB
MemFree:          535628 kB
MemAvailable:    1384004 kB
Buffers:           89444 kB
Cached:           782640 kB
MemTotal:        1844596 kB
MemFree:          535380 kB
MemAvailable:    1383756 kB
Buffers:           89444 kB
Cached:           782640 kB
MemTotal:        1844596 kB
MemFree:          536680 kB
MemAvailable:    1385056 kB
Buffers:           89444 kB
Cached:           782640 kB
MemTotal:        1844596 kB
MemFree:          535628 kB
MemAvailable:    1384004 kB
Buffers:           89444 kB
Cached:           782640 kB
MemTotal:        1844596 kB
MemFree:          535628 kB
MemAvailable:    1384004 kB
Buffers:           89444 kB
Cached:           782640 kB
MemTotal:        1844596 kB
MemFree:          535620 kB
MemAvailable:    1383996 kB
Buffers:           89444 kB
Cached:           782640 kB
MemTotal:        1844596 kB
MemFree:          535664 kB
MemAvailable:    1384040 kB
Buffers:           89444 kB
Cached:           782640 kB
MemTotal:        1844596 kB
MemFree:          535492 kB
MemAvailable:    1383868 kB
Buffers:           89444 kB
Cached:           782640 kB
MemTotal:        1844596 kB
MemFree:          535428 kB
MemAvailable:    1383804 kB
Buffers:           89444 kB
Cached:           782640 kB
MemTotal:        1844596 kB
MemFree:          536752 kB
MemAvailable:    1385136 kB
Buffers:           89444 kB
Cached:           782648 kB
MemTotal:        1844596 kB
MemFree:          535552 kB
MemAvailable:    1383936 kB
Buffers:           89444 kB
Cached:           782648 kB
MemTotal:        1844596 kB
MemFree:          535504 kB
MemAvailable:    1383888 kB
Buffers:           89444 kB
Cached:           782648 kB
MemTotal:        1844596 kB
MemFree:          535504 kB
MemAvailable:    1383888 kB
Buffers:           89444 kB
Cached:           782648 kB
MemTotal:        1844596 kB
MemFree:          536784 kB
MemAvailable:    1385168 kB
Buffers:           89444 kB
Cached:           782648 kB
MemTotal:        1844596 kB
MemFree:          536924 kB
MemAvailable:    1385308 kB
Buffers:           89444 kB
Cached:           782648 kB
MemTotal:        1844596 kB
MemFree:          535372 kB
MemAvailable:    1383756 kB
Buffers:           89444 kB
Cached:           782648 kB
MemTotal:        1844596 kB
MemFree:          536868 kB
MemAvailable:    1385252 kB
Buffers:           89444 kB
Cached:           782648 kB
MemTotal:        1844596 kB
MemFree:          532684 kB
MemAvailable:    1381068 kB
Buffers:           89444 kB
Cached:           782648 kB
MemTotal:        1844596 kB
MemFree:          532684 kB
MemAvailable:    1381068 kB
Buffers:           89444 kB
Cached:           782648 kB
MemTotal:        1844596 kB
MemFree:          528848 kB
MemAvailable:    1377232 kB
Buffers:           89444 kB
Cached:           782648 kB
MemTotal:        1844596 kB
MemFree:          526384 kB
MemAvailable:    1374768 kB
Buffers:           89444 kB
Cached:           782648 kB
MemTotal:        1844596 kB
MemFree:          522888 kB
MemAvailable:    1371272 kB
Buffers:           89444 kB
Cached:           782648 kB
MemTotal:        1844596 kB
MemFree:          522656 kB
MemAvailable:    1371040 kB
Buffers:           89444 kB
Cached:           782648 kB
MemTotal:        1844596 kB
MemFree:          519184 kB
MemAvailable:    1367568 kB
Buffers:           89444 kB
Cached:           782648 kB
MemTotal:        1844596 kB
MemFree:          516580 kB
MemAvailable:    1364964 kB
Buffers:           89444 kB
Cached:           782648 kB
MemTotal:        1844596 kB
MemFree:          517632 kB
MemAvailable:    1366016 kB
Buffers:           89444 kB
Cached:           782648 kB
MemTotal:        1844596 kB
MemFree:          517500 kB
MemAvailable:    1365884 kB
Buffers:           89444 kB
Cached:           782648 kB
MemTotal:        1844596 kB
MemFree:          517296 kB
MemAvailable:    1365680 kB
Buffers:           89444 kB
Cached:           782648 kB
MemTotal:        1844596 kB
MemFree:          517380 kB
MemAvailable:    1365764 kB
Buffers:           89444 kB
Cached:           782648 kB
MemTotal:        1844596 kB
MemFree:          516072 kB
MemAvailable:    1364456 kB
Buffers:           89444 kB
Cached:           782648 kB
MemTotal:        1844596 kB
MemFree:          517256 kB
MemAvailable:    1365640 kB
Buffers:           89444 kB
Cached:           782648 kB
MemTotal:        1844596 kB
MemFree:          517324 kB
MemAvailable:    1365708 kB
Buffers:           89444 kB
Cached:           782648 kB
MemTotal:        1844596 kB
MemFree:          517364 kB
MemAvailable:    1365748 kB
Buffers:           89444 kB
Cached:           782648 kB
MemTotal:        1844596 kB
MemFree:          517472 kB
MemAvailable:    1365856 kB
Buffers:           89444 kB
Cached:           782648 kB
MemTotal:        1844596 kB
MemFree:          516448 kB
MemAvailable:    1364832 kB
Buffers:           89444 kB
Cached:           782648 kB
MemTotal:        1844596 kB
MemFree:          517228 kB
MemAvailable:    1365616 kB
Buffers:           89444 kB
Cached:           782652 kB
MemTotal:        1844596 kB
MemFree:          517076 kB
MemAvailable:    1365464 kB
Buffers:           89444 kB
Cached:           782652 kB
MemTotal:        1844596 kB
MemFree:          517196 kB
MemAvailable:    1365584 kB
Buffers:           89444 kB
Cached:           782652 kB
MemTotal:        1844596 kB
MemFree:          517328 kB
MemAvailable:    1365716 kB
Buffers:           89444 kB
Cached:           782652 kB
MemTotal:        1844596 kB
MemFree:          516152 kB
MemAvailable:    1364540 kB
Buffers:           89444 kB
Cached:           782652 kB
MemTotal:        1844596 kB
MemFree:          516400 kB
MemAvailable:    1364788 kB
Buffers:           89444 kB
Cached:           782652 kB
MemTotal:        1844596 kB
MemFree:          516276 kB
MemAvailable:    1364664 kB
Buffers:           89444 kB
Cached:           782652 kB
MemTotal:        1844596 kB
MemFree:          517476 kB
MemAvailable:    1365864 kB
Buffers:           89444 kB
Cached:           782652 kB
MemTotal:        1844596 kB
MemFree:          516084 kB
MemAvailable:    1364472 kB
Buffers:           89444 kB
Cached:           782652 kB
MemTotal:        1844596 kB
MemFree:          516680 kB
MemAvailable:    1365072 kB
Buffers:           89444 kB
Cached:           782656 kB
MemTotal:        1844596 kB
MemFree:          515456 kB
MemAvailable:    1363848 kB
Buffers:           89444 kB
Cached:           782656 kB
MemTotal:        1844596 kB
MemFree:          515796 kB
MemAvailable:    1364188 kB
Buffers:           89444 kB
Cached:           782656 kB
MemTotal:        1844596 kB
MemFree:          516564 kB
MemAvailable:    1364956 kB
Buffers:           89444 kB
Cached:           782656 kB
MemTotal:        1844596 kB
MemFree:          516456 kB
MemAvailable:    1364848 kB
Buffers:           89444 kB
Cached:           782656 kB
MemTotal:        1844596 kB
MemFree:          515160 kB
MemAvailable:    1363552 kB
Buffers:           89444 kB
Cached:           782656 kB
MemTotal:        1844596 kB
MemFree:          516144 kB
MemAvailable:    1364536 kB
Buffers:           89444 kB
Cached:           782656 kB
MemTotal:        1844596 kB
MemFree:          514976 kB
MemAvailable:    1363368 kB
Buffers:           89444 kB
Cached:           782656 kB
MemTotal:        1844596 kB
MemFree:          507644 kB
MemAvailable:    1356036 kB
Buffers:           89444 kB
Cached:           782656 kB
MemTotal:        1844596 kB
MemFree:          506864 kB
MemAvailable:    1355256 kB
Buffers:           89444 kB
Cached:           782656 kB
MemTotal:        1844596 kB
MemFree:          507024 kB
MemAvailable:    1355416 kB
Buffers:           89444 kB
Cached:           782656 kB
MemTotal:        1844596 kB
MemFree:          506792 kB
MemAvailable:    1355184 kB
Buffers:           89444 kB
Cached:           782656 kB
MemTotal:        1844596 kB
MemFree:          506860 kB
MemAvailable:    1355252 kB
Buffers:           89444 kB
Cached:           782656 kB
MemTotal:        1844596 kB
MemFree:          506980 kB
MemAvailable:    1355372 kB
Buffers:           89444 kB
Cached:           782656 kB
MemTotal:        1844596 kB
MemFree:          506164 kB
MemAvailable:    1354556 kB
Buffers:           89444 kB
Cached:           782656 kB
MemTotal:        1844596 kB
MemFree:          506928 kB
MemAvailable:    1355320 kB
Buffers:           89444 kB
Cached:           782656 kB
MemTotal:        1844596 kB
MemFree:          505748 kB
MemAvailable:    1354140 kB
Buffers:           89444 kB
Cached:           782656 kB
MemTotal:        1844596 kB
MemFree:          506972 kB
MemAvailable:    1355364 kB
Buffers:           89444 kB
Cached:           782656 kB
MemTotal:        1844596 kB
MemFree:          506792 kB
MemAvailable:    1355184 kB
Buffers:           89444 kB
Cached:           782656 kB
MemTotal:        1844596 kB
MemFree:          507044 kB
MemAvailable:    1355520 kB
Buffers:           89444 kB
Cached:           782780 kB
MemTotal:        1844596 kB
MemFree:          505476 kB
MemAvailable:    1354036 kB
Buffers:           89444 kB
Cached:           782780 kB
MemTotal:        1844596 kB
MemFree:          506468 kB
MemAvailable:    1355196 kB
Buffers:           89444 kB
Cached:           783028 kB
MemTotal:        1844596 kB
MemFree:          505304 kB
MemAvailable:    1354032 kB
Buffers:           89444 kB
Cached:           783028 kB
MemTotal:        1844596 kB
MemFree:          506240 kB
MemAvailable:    1355052 kB
Buffers:           89444 kB
Cached:           783152 kB
MemTotal:        1844596 kB
MemFree:          504868 kB
MemAvailable:    1353764 kB
Buffers:           89444 kB
Cached:           783276 kB
MemTotal:        1844596 kB
MemFree:          504736 kB
MemAvailable:    1353632 kB
Buffers:           89444 kB
Cached:           783276 kB
MemTotal:        1844596 kB
MemFree:          504904 kB
MemAvailable:    1353884 kB
Buffers:           89444 kB
Cached:           783276 kB
MemTotal:        1844596 kB
MemFree:          506104 kB
MemAvailable:    1355084 kB
Buffers:           89444 kB
Cached:           783276 kB
MemTotal:        1844596 kB
MemFree:          506076 kB
MemAvailable:    1355056 kB
Buffers:           89444 kB
Cached:           783276 kB
MemTotal:        1844596 kB
MemFree:          504888 kB
MemAvailable:    1353868 kB
Buffers:           89444 kB
Cached:           783276 kB
MemTotal:        1844596 kB
MemFree:          506016 kB
MemAvailable:    1354996 kB
Buffers:           89444 kB
Cached:           783276 kB
MemTotal:        1844596 kB
MemFree:          506144 kB
MemAvailable:    1355124 kB
Buffers:           89444 kB
Cached:           783276 kB
MemTotal:        1844596 kB
MemFree:          505288 kB
MemAvailable:    1354268 kB
Buffers:           89444 kB
Cached:           783276 kB
MemTotal:        1844596 kB
MemFree:          506272 kB
MemAvailable:    1354664 kB
Buffers:           89444 kB
Cached:           782684 kB
MemTotal:        1844596 kB
MemFree:          506404 kB
MemAvailable:    1354796 kB
Buffers:           89444 kB
Cached:           782684 kB
MemTotal:        1844596 kB
MemFree:          506892 kB
MemAvailable:    1355284 kB
Buffers:           89444 kB
Cached:           782684 kB
MemTotal:        1844596 kB
MemFree:          689092 kB
MemAvailable:    1537484 kB
Buffers:           89444 kB
Cached:           782684 kB
MemTotal:        1844596 kB
MemFree:          697156 kB
MemAvailable:    1545548 kB
Buffers:           89444 kB
Cached:           782684 kB
