MemTotal:        1844596 kB
MemFree:          262744 kB
MemAvailable:    1542008 kB
Buffers:           95368 kB
Cached:          1208768 kB
MemTotal:        1844596 kB
MemFree:          236724 kB
MemAvailable:    1515996 kB
Buffers:           95368 kB
Cached:          1208776 kB
MemTotal:        1844596 kB
MemFree:          234492 kB
MemAvailable:    1513764 kB
Buffers:           95368 kB
Cached:          1208776 kB
MemTotal:        1844596 kB
MemFree:          231024 kB
MemAvailable:    1510296 kB
Buffers:           95368 kB
Cached:          1208776 kB
MemTotal:        1844596 kB
MemFree:          232652 kB
MemAvailable:    1511924 kB
Buffers:           95368 kB
Cached:          1208776 kB
MemTotal:        1844596 kB
MemFree:          231784 kB
MemAvailable:    1511056 kB
Buffers:           95368 kB
Cached:          1208776 kB
MemTotal:        1844596 kB
MemFree:          230272 kB
MemAvailable:    1509544 kB
Buffers:           95368 kB
Cached:          1208776 kB
MemTotal:        1844596 kB
MemFree:          228332 kB
MemAvailable:    1507604 kB
Buffers:           95368 kB
Cached:          1208776 kB
MemTotal:        1844596 kB
MemFree:          225780 kB
MemAvailable:    1505052 kB
Buffers:           95368 kB
Cached:          1208776 kB
MemTotal:        1844596 kB
MemFree:          225672 kB
MemAvailable:    1504944 kB
Buffers:           95368 kB
Cached:          1208776 kB
MemTotal:        1844596 kB
MemFree:          219280 kB
MemAvailable:    1498552 kB
Buffers:           95368 kB
Cached:          1208776 kB
MemTotal:        1844596 kB
MemFree:          220584 kB
MemAvailable:    1499856 kB
Buffers:           95368 kB
Cached:          1208776 kB
MemTotal:        1844596 kB
MemFree:          221760 kB
MemAvailable:    1501032 kB
Buffers:           95368 kB
Cached:          1208776 kB
MemTotal:        1844596 kB
MemFree:          221536 kB
MemAvailable:    1500808 kB
Buffers:           95368 kB
Cached:          1208776 kB
MemTotal:        1844596 kB
MemFree:          221788 kB
MemAvailable:    1501060 kB
Buffers:           95368 kB
Cached:          1208776 kB
MemTotal:        1844596 kB
MemFree:          220324 kB
MemAvailable:    1499596 kB
Buffers:           95368 kB
Cached:          1208776 kB
MemTotal:        1844596 kB
MemFree:          221308 kB
MemAvailable:    1500580 kB
Buffers:           95368 kB
Cached:          1208776 kB
MemTotal:        1844596 kB
MemFree:          220704 kB
MemAvailable:    1499976 kB
Buffers:           95368 kB
Cached:          1208776 kB
MemTotal:        1844596 kB
MemFree:          221020 kB
MemAvailable:    1500292 kB
Buffers:           95368 kB
Cached:          1208776 kB
MemTotal:        1844596 kB
MemFree:          219816 kB
MemAvailable:    1499088 kB
Buffers:           95368 kB
Cached:          1208776 kB
MemTotal:        1844596 kB
MemFree:          219932 kB
MemAvailable:    1499204 kB
Buffers:           95368 kB
Cached:          1208776 kB
MemTotal:        1844596 kB
MemFree:          220984 kB
MemAvailable:    1500256 kB
Buffers:           95368 kB
Cached:          1208776 kB
MemTotal:        1844596 kB
MemFree:          220784 kB
MemAvailable:    1500056 kB
Buffers:           95368 kB
Cached:          1208776 kB
MemTotal:        1844596 kB
MemFree:          219236 kB
MemAvailable:    1498508 kB
Buffers:           95368 kB
Cached:          1208776 kB
MemTotal:        1844596 kB
MemFree:          219484 kB
MemAvailable:    1498756 kB
Buffers:           95368 kB
Cached:          1208776 kB
MemTotal:        1844596 kB
MemFree:          218988 kB
MemAvailable:    1498260 kB
Buffers:           95368 kB
Cached:          1208776 kB
MemTotal:        1844596 kB
MemFree:          218864 kB
MemAvailable:    1498136 kB
Buffers:           95368 kB
Cached:          1208776 kB
MemTotal:        1844596 kB
MemFree:          218112 kB
MemAvailable:    1497384 kB
Buffers:           95368 kB
Cached:          1208776 kB
MemTotal:        1844596 kB
MemFree:          218980 kB
MemAvailable:    1498252 kB
Buffers:           95368 kB
Cached:          1208776 kB
MemTotal:        1844596 kB
MemFree:          218560 kB
MemAvailable:    1497832 kB
Buffers:           95368 kB
Cached:          1208776 kB
MemTotal:        1844596 kB
MemFree:          218244 kB
MemAvailable:    1497516 kB
Buffers:           95368 kB
Cached:          1208776 kB
MemTotal:        1844596 kB
MemFree:          218656 kB
MemAvailable:    1497928 kB
Buffers:           95368 kB
Cached:          1208776 kB
MemTotal:        1844596 kB
MemFree:          217176 kB
MemAvailable:    1496448 kB
Buffers:           95368 kB
Cached:          1208776 kB
MemTotal:        1844596 kB
MemFree:          218612 kB
MemAvailable:    1497884 kB
Buffers:           95368 kB
Cached:          1208776 kB
MemTotal:        1844596 kB
MemFree:          218712 kB
MemAvailable:    1497984 kB
Buffers:           95368 kB
Cached:          1208776 kB
MemTotal:        1844596 kB
MemFree:          218636 kB
MemAvailable:    1497908 kB
Buffers:           95368 kB
Cached:          1208776 kB
MemTotal:        1844596 kB
MemFree:          219716 kB
MemAvailable:    1498988 kB
Buffers:           95368 kB
Cached:          1208776 kB
MemTotal:        1844596 kB
MemFree:          220072 kB
MemAvailable:    1499344 kB
Buffers:           95368 kB
Cached:          1208776 kB
MemTotal:        1844596 kB
MemFree:          215784 kB
MemAvailable:    1495056 kB
Buffers:           95368 kB
Cached:          1208776 kB
MemTotal:        1844596 kB
MemFree:          214776 kB
MemAvailable:    1494048 kB
Buffers:           95368 kB
Cached:          1208776 kB
MemTotal:        1844596 kB
MemFree:          214172 kB
MemAvailable:    1493444 kB
Buffers:           95368 kB
Cached:          1208776 kB
MemTotal:        1844596 kB
MemFree:          213248 kB
MemAvailable:    1492520 kB
Buffers:           95368 kB
Cached:          1208776 kB
MemTotal:        1844596 kB
MemFree:          213372 kB
MemAvailable:    1492644 kB
Buffers:           95368 kB
Cached:          1208776 kB
MemTotal:        1844596 kB
MemFree:          214540 kB
MemAvailable:    1493812 kB
Buffers:           95368 kB
Cached:          1208776 kB
MemTotal:        1844596 kB
MemFree:          214416 kB
MemAvailable:    1493688 kB
Buffers:           95368 kB
Cached:          1208776 kB
MemTotal:        1844596 kB
MemFree:          214092 kB
MemAvailable:    1493364 kB
Buffers:           95368 kB
Cached:          1208776 kB
MemTotal:        1844596 kB
MemFree:          213436 kB
MemAvailable:    1492708 kB
Buffers:           95368 kB
Cached:          1208776 kB
MemTotal:        1844596 kB
MemFree:          214052 kB
MemAvailable:    1493324 kB
Buffers:           95368 kB
Cached:          1208776 kB
MemTotal:        1844596 kB
MemFree:          213312 kB
MemAvailable:    1492584 kB
Buffers:           95368 kB
Cached:          1208776 kB
MemTotal:        1844596 kB
MemFree:          213968 kB
MemAvailable:    1493248 kB
Buffers:           95368 kB
Cached:          1208780 kB
MemTotal:        1844596 kB
MemFree:          214064 kB
MemAvailable:    1493344 kB
Buffers:           95368 kB
Cached:          1208780 kB
MemTotal:        1844596 kB
MemFree:          214236 kB
MemAvailable:    1493516 kB
Buffers:           95368 kB
Cached:          1208780 kB
MemTotal:        1844596 kB
MemFree:          212804 kB
MemAvailable:    1492084 kB
Buffers:           95368 kB
Cached:          1208780 kB
MemTotal:        1844596 kB
MemFree:          214188 kB
MemAvailable:    1493468 kB
Buffers:           95368 kB
Cached:          1208780 kB
MemTotal:        1844596 kB
MemFree:          212452 kB
MemAvailable:    1491732 kB
Buffers:           95368 kB
Cached:          1208780 kB
MemTotal:        1844596 kB
MemFree:          207244 kB
MemAvailable:    1486524 kB
Buffers:           95368 kB
Cached:          1208780 kB
MemTotal:        1844596 kB
MemFree:          208236 kB
MemAvailable:    1487516 kB
Buffers:           95368 kB
Cached:          1208780 kB
MemTotal:        1844596 kB
MemFree:          206624 kB
MemAvailable:    1485904 kB
Buffers:           95368 kB
Cached:          1208780 kB
MemTotal:        1844596 kB
MemFree:          206360 kB
MemAvailable:    1485640 kB
Buffers:           95368 kB
Cached:          1208780 kB
MemTotal:        1844596 kB
MemFree:          205632 kB
MemAvailable:    1484912 kB
Buffers:           95368 kB
Cached:          1208780 kB
MemTotal:        1844596 kB
MemFree:          205880 kB
MemAvailable:    1485160 kB
Buffers:           95368 kB
Cached:          1208780 kB
MemTotal:        1844596 kB
MemFree:          204548 kB
MemAvailable:    1483828 kB
Buffers:           95368 kB
Cached:          1208780 kB
MemTotal:        1844596 kB
MemFree:          205780 kB
MemAvailable:    1485060 kB
Buffers:           95368 kB
Cached:          1208780 kB
MemTotal:        1844596 kB
MemFree:          204168 kB
MemAvailable:    1483452 kB
Buffers:           95368 kB
Cached:          1208784 kB
MemTotal:        1844596 kB
MemFree:          204300 kB
MemAvailable:    1483584 kB
Buffers:           95368 kB
Cached:          1208784 kB
MemTotal:        1844596 kB
MemFree:          204416 kB
MemAvailable:    1483700 kB
Buffers:           95368 kB
Cached:          1208784 kB
MemTotal:        1844596 kB
MemFree:          204292 kB
MemAvailable:    1483576 kB
Buffers:           95368 kB
Cached:          1208784 kB
MemTotal:        1844596 kB
MemFree:          204540 kB
MemAvailable:    1483824 kB
Buffers:           95368 kB
Cached:          1208784 kB
MemTotal:        1844596 kB
MemFree:          204524 kB
MemAvailable:    1483808 kB
Buffers:           95368 kB
Cached:          1208784 kB
MemTotal:        1844596 kB
MemFree:          203900 kB
MemAvailable:    1483184 kB
Buffers:           95368 kB
Cached:          1208784 kB
MemTotal:        1844596 kB
MemFree:          204236 kB
MemAvailable:    1483520 kB
Buffers:           95368 kB
Cached:          1208784 kB
MemTotal:        1844596 kB
MemFree:          205288 kB
MemAvailable:    1484572 kB
Buffers:           95368 kB
Cached:          1208784 kB
MemTotal:        1844596 kB
MemFree:          203716 kB
MemAvailable:    1483000 kB
Buffers:           95368 kB
Cached:          1208784 kB
MemTotal:        1844596 kB
MemFree:          205132 kB
MemAvailable:    1484416 kB
Buffers:           95368 kB
Cached:          1208784 kB
MemTotal:        1844596 kB
MemFree:          205104 kB
MemAvailable:    1484388 kB
Buffers:           95368 kB
Cached:          1208784 kB
MemTotal:        1844596 kB
MemFree:          205292 kB
MemAvailable:    1484576 kB
Buffers:           95368 kB
Cached:          1208784 kB
MemTotal:        1844596 kB
MemFree:          203908 kB
MemAvailable:    1483192 kB
Buffers:           95368 kB
Cached:          1208784 kB
MemTotal:        1844596 kB
MemFree:          203908 kB
MemAvailable:    1483192 kB
Buffers:           95368 kB
Cached:          1208784 kB
MemTotal:        1844596 kB
MemFree:          204052 kB
MemAvailable:    1483336 kB
Buffers:           95368 kB
Cached:          1208784 kB
MemTotal:        1844596 kB
MemFree:          200208 kB
MemAvailable:    1479492 kB
Buffers:           95368 kB
Cached:          1208784 kB
MemTotal:        1844596 kB
MemFree:          197540 kB
MemAvailable:    1476824 kB
Buffers:           95368 kB
Cached:          1208784 kB
MemTotal:        1844596 kB
MemFree:          195992 kB
MemAvailable:    1475276 kB
Buffers:           95368 kB
Cached:          1208784 kB
MemTotal:        1844596 kB
MemFree:          195992 kB
MemAvailable:    1475276 kB
Buffers:           95368 kB
Cached:          1208784 kB
MemTotal:        1844596 kB
MemFree:          197036 kB
MemAvailable:    1476320 kB
Buffers:           95368 kB
Cached:          1208784 kB
MemTotal:        1844596 kB
MemFree:          196480 kB
MemAvailable:    1475764 kB
Buffers:           95368 kB
Cached:          1208784 kB
MemTotal:        1844596 kB
MemFree:          196736 kB
MemAvailable:    1476020 kB
Buffers:           95368 kB
Cached:          1208784 kB
MemTotal:        1844596 kB
MemFree:          195240 kB
MemAvailable:    1474524 kB
Buffers:           95368 kB
Cached:          1208784 kB
MemTotal:        1844596 kB
MemFree:          195364 kB
MemAvailable:    1474648 kB
Buffers:           95368 kB
Cached:          1208784 kB
MemTotal:        1844596 kB
MemFree:          195240 kB
MemAvailable:    1474524 kB
Buffers:           95368 kB
Cached:          1208784 kB
MemTotal:        1844596 kB
MemFree:          196336 kB
MemAvailable:    1475620 kB
Buffers:           95368 kB
Cached:          1208784 kB
MemTotal:        1844596 kB
MemFree:          196488 kB
MemAvailable:    1475772 kB
Buffers:           95368 kB
Cached:          1208784 kB
MemTotal:        1844596 kB
MemFree:          196296 kB
MemAvailable:    1475580 kB
Buffers:           95368 kB
Cached:          1208784 kB
MemTotal:        1844596 kB
MemFree:          196464 kB
MemAvailable:    1475748 kB
Buffers:           95368 kB
Cached:          1208784 kB
MemTotal:        1844596 kB
MemFree:          196352 kB
MemAvailable:    1475636 kB
Buffers:           95368 kB
Cached:          1208784 kB
MemTotal:        1844596 kB
MemFree:          196532 kB
MemAvailable:    1475816 kB
Buffers:           95368 kB
Cached:          1208784 kB
MemTotal:        1844596 kB
MemFree:          196592 kB
MemAvailable:    1475876 kB
Buffers:           95368 kB
Cached:          1208784 kB
MemTotal:        1844596 kB
MemFree:          195000 kB
MemAvailable:    1474284 kB
Buffers:           95368 kB
Cached:          1208784 kB
MemTotal:        1844596 kB
MemFree:          196408 kB
MemAvailable:    1475692 kB
Buffers:           95368 kB
Cached:          1208784 kB
MemTotal:        1844596 kB
MemFree:          195620 kB
MemAvailable:    1474904 kB
Buffers:           95368 kB
Cached:          1208784 kB
MemTotal:        1844596 kB
MemFree:          196296 kB
MemAvailable:    1475580 kB
Buffers:           95368 kB
Cached:          1208784 kB
MemTotal:        1844596 kB
MemFree:          196364 kB
MemAvailable:    1475648 kB
Buffers:           95368 kB
Cached:          1208784 kB
MemTotal:        1844596 kB
MemFree:          196184 kB
MemAvailable:    1475468 kB
Buffers:           95368 kB
Cached:          1208784 kB
MemTotal:        1844596 kB
MemFree:          195192 kB
MemAvailable:    1474476 kB
Buffers:           95368 kB
Cached:          1208784 kB
MemTotal:        1844596 kB
MemFree:          196476 kB
MemAvailable:    1475760 kB
Buffers:           95368 kB
Cached:          1208784 kB
MemTotal:        1844596 kB
MemFree:          194976 kB
MemAvailable:    1474260 kB
Buffers:           95368 kB
Cached:          1208784 kB
MemTotal:        1844596 kB
MemFree:          196292 kB
MemAvailable:    1475576 kB
Buffers:           95368 kB
Cached:          1208784 kB
MemTotal:        1844596 kB
MemFree:          196240 kB
MemAvailable:    1475524 kB
Buffers:           95368 kB
Cached:          1208784 kB
MemTotal:        1844596 kB
MemFree:          190288 kB
MemAvailable:    1469572 kB
Buffers:           95368 kB
Cached:          1208784 kB
MemTotal:        1844596 kB
MemFree:          187560 kB
MemAvailable:    1466844 kB
Buffers:           95368 kB
Cached:          1208784 kB
MemTotal:        1844596 kB
MemFree:          186436 kB
MemAvailable:    1465720 kB
Buffers:           95368 kB
Cached:          1208784 kB
MemTotal:        1844596 kB
MemFree:          187056 kB
MemAvailable:    1466340 kB
Buffers:           95368 kB
Cached:          1208784 kB
MemTotal:        1844596 kB
MemFree:          186824 kB
MemAvailable:    1466108 kB
Buffers:           95368 kB
Cached:          1208784 kB
MemTotal:        1844596 kB
MemFree:          186444 kB
MemAvailable:    1465728 kB
Buffers:           95368 kB
Cached:          1208784 kB
MemTotal:        1844596 kB
MemFree:          185932 kB
MemAvailable:    1465216 kB
Buffers:           95368 kB
Cached:          1208784 kB
MemTotal:        1844596 kB
MemFree:          183840 kB
MemAvailable:    1463124 kB
Buffers:           95368 kB
Cached:          1208784 kB
MemTotal:        1844596 kB
MemFree:          184772 kB
MemAvailable:    1464056 kB
Buffers:           95368 kB
Cached:          1208784 kB
MemTotal:        1844596 kB
MemFree:          183584 kB
MemAvailable:    1462868 kB
Buffers:           95368 kB
Cached:          1208784 kB
MemTotal:        1844596 kB
MemFree:          184704 kB
MemAvailable:    1463988 kB
Buffers:           95368 kB
Cached:          1208784 kB
MemTotal:        1844596 kB
MemFree:          184572 kB
MemAvailable:    1463856 kB
Buffers:           95368 kB
Cached:          1208784 kB
MemTotal:        1844596 kB
MemFree:          183328 kB
MemAvailable:    1462612 kB
Buffers:           95368 kB
Cached:          1208784 kB
MemTotal:        1844596 kB
MemFree:          184512 kB
MemAvailable:    1463796 kB
Buffers:           95368 kB
Cached:          1208784 kB
MemTotal:        1844596 kB
MemFree:          184212 kB
MemAvailable:    1463372 kB
Buffers:           95368 kB
Cached:          1208784 kB
MemTotal:        1844596 kB
MemFree:          184624 kB
MemAvailable:    1463908 kB
Buffers:           95368 kB
Cached:          1208784 kB
MemTotal:        1844596 kB
MemFree:          183724 kB
MemAvailable:    1463008 kB
Buffers:           95368 kB
Cached:          1208784 kB
MemTotal:        1844596 kB
MemFree:          183236 kB
MemAvailable:    1462528 kB
Buffers:           95368 kB
Cached:          1208792 kB
MemTotal:        1844596 kB
MemFree:          183360 kB
MemAvailable:    1462652 kB
Buffers:           95368 kB
Cached:          1208792 kB
MemTotal:        1844596 kB
MemFree:          184428 kB
MemAvailable:    1463720 kB
Buffers:           95368 kB
Cached:          1208792 kB
MemTotal:        1844596 kB
MemFree:          182916 kB
MemAvailable:    1462208 kB
Buffers:           95368 kB
Cached:          1208792 kB
MemTotal:        1844596 kB
MemFree:          184540 kB
MemAvailable:    1463832 kB
Buffers:           95368 kB
Cached:          1208792 kB
MemTotal:        1844596 kB
MemFree:          184484 kB
MemAvailable:    1463776 kB
Buffers:           95368 kB
Cached:          1208792 kB
MemTotal:        1844596 kB
MemFree:          183500 kB
MemAvailable:    1462792 kB
Buffers:           95368 kB
Cached:          1208792 kB
MemTotal:        1844596 kB
MemFree:          183500 kB
MemAvailable:    1462792 kB
Buffers:           95368 kB
Cached:          1208792 kB
MemTotal:        1844596 kB
MemFree:          184492 kB
MemAvailable:    1463784 kB
Buffers:           95368 kB
Cached:          1208792 kB
MemTotal:        1844596 kB
MemFree:          183120 kB
MemAvailable:    1462412 kB
Buffers:           95368 kB
Cached:          1208792 kB
MemTotal:        1844596 kB
MemFree:          184472 kB
MemAvailable:    1463764 kB
Buffers:           95368 kB
Cached:          1208792 kB
MemTotal:        1844596 kB
MemFree:          184252 kB
MemAvailable:    1463544 kB
Buffers:           95368 kB
Cached:          1208792 kB
MemTotal:        1844596 kB
MemFree:          184540 kB
MemAvailable:    1463832 kB
Buffers:           95368 kB
Cached:          1208792 kB
MemTotal:        1844596 kB
MemFree:          184604 kB
MemAvailable:    1463896 kB
Buffers:           95368 kB
Cached:          1208792 kB
MemTotal:        1844596 kB
MemFree:          183116 kB
MemAvailable:    1462408 kB
Buffers:           95368 kB
Cached:          1208792 kB
MemTotal:        1844596 kB
MemFree:          183324 kB
MemAvailable:    1462616 kB
Buffers:           95368 kB
Cached:          1208792 kB
MemTotal:        1844596 kB
MemFree:          183324 kB
MemAvailable:    1462616 kB
Buffers:           95368 kB
Cached:          1208792 kB
MemTotal:        1844596 kB
MemFree:          184684 kB
MemAvailable:    1463976 kB
Buffers:           95368 kB
Cached:          1208792 kB
MemTotal:        1844596 kB
MemFree:          184500 kB
MemAvailable:    1463792 kB
Buffers:           95368 kB
Cached:          1208792 kB
MemTotal:        1844596 kB
MemFree:          183384 kB
MemAvailable:    1462676 kB
Buffers:           95368 kB
Cached:          1208792 kB
MemTotal:        1844596 kB
MemFree:          183204 kB
MemAvailable:    1462496 kB
Buffers:           95368 kB
Cached:          1208792 kB
MemTotal:        1844596 kB
MemFree:          184320 kB
MemAvailable:    1463612 kB
Buffers:           95368 kB
Cached:          1208792 kB
MemTotal:        1844596 kB
MemFree:          183620 kB
MemAvailable:    1462912 kB
Buffers:           95368 kB
Cached:          1208792 kB
MemTotal:        1844596 kB
MemFree:          183200 kB
MemAvailable:    1462492 kB
Buffers:           95368 kB
Cached:          1208792 kB
MemTotal:        1844596 kB
MemFree:          183200 kB
MemAvailable:    1462492 kB
Buffers:           95368 kB
Cached:          1208792 kB
MemTotal:        1844596 kB
MemFree:          183192 kB
MemAvailable:    1462484 kB
Buffers:           95368 kB
Cached:          1208792 kB
MemTotal:        1844596 kB
MemFree:          184752 kB
MemAvailable:    1464044 kB
Buffers:           95368 kB
Cached:          1208792 kB
MemTotal:        1844596 kB
MemFree:          183360 kB
MemAvailable:    1462652 kB
Buffers:           95368 kB
Cached:          1208792 kB
MemTotal:        1844596 kB
MemFree:          184420 kB
MemAvailable:    1463712 kB
Buffers:           95368 kB
Cached:          1208792 kB
MemTotal:        1844596 kB
MemFree:          184376 kB
MemAvailable:    1463668 kB
Buffers:           95368 kB
Cached:          1208792 kB
MemTotal:        1844596 kB
MemFree:          183204 kB
MemAvailable:    1462496 kB
Buffers:           95368 kB
Cached:          1208792 kB
MemTotal:        1844596 kB
MemFree:          183204 kB
MemAvailable:    1462496 kB
Buffers:           95368 kB
Cached:          1208792 kB
MemTotal:        1844596 kB
MemFree:          184480 kB
MemAvailable:    1463772 kB
Buffers:           95368 kB
Cached:          1208792 kB
MemTotal:        1844596 kB
MemFree:          184012 kB
MemAvailable:    1463304 kB
Buffers:           95368 kB
Cached:          1208792 kB
MemTotal:        1844596 kB
MemFree:          184452 kB
MemAvailable:    1463744 kB
Buffers:           95368 kB
Cached:          1208792 kB
MemTotal:        1844596 kB
MemFree:          183080 kB
MemAvailable:    1462372 kB
Buffers:           95368 kB
Cached:          1208792 kB
MemTotal:        1844596 kB
MemFree:          184400 kB
MemAvailable:    1463692 kB
Buffers:           95368 kB
Cached:          1208792 kB
MemTotal:        1844596 kB
MemFree:          184088 kB
MemAvailable:    1463380 kB
Buffers:           95368 kB
Cached:          1208792 kB
MemTotal:        1844596 kB
MemFree:          184088 kB
MemAvailable:    1463380 kB
Buffers:           95368 kB
Cached:          1208792 kB
MemTotal:        1844596 kB
MemFree:          184020 kB
MemAvailable:    1463312 kB
Buffers:           95368 kB
Cached:          1208792 kB
MemTotal:        1844596 kB
MemFree:          184260 kB
MemAvailable:    1463552 kB
Buffers:           95368 kB
Cached:          1208792 kB
MemTotal:        1844596 kB
MemFree:          182764 kB
MemAvailable:    1462056 kB
Buffers:           95368 kB
Cached:          1208792 kB
MemTotal:        1844596 kB
MemFree:          183892 kB
MemAvailable:    1463184 kB
Buffers:           95368 kB
Cached:          1208792 kB
MemTotal:        1844596 kB
MemFree:          182752 kB
MemAvailable:    1462044 kB
Buffers:           95368 kB
Cached:          1208792 kB
MemTotal:        1844596 kB
MemFree:          182580 kB
MemAvailable:    1461872 kB
Buffers:           95368 kB
Cached:          1208792 kB
MemTotal:        1844596 kB
MemFree:          183792 kB
MemAvailable:    1463084 kB
Buffers:           95368 kB
Cached:          1208792 kB
MemTotal:        1844596 kB
MemFree:          183856 kB
MemAvailable:    1463148 kB
Buffers:           95368 kB
Cached:          1208792 kB
MemTotal:        1844596 kB
MemFree:          183600 kB
MemAvailable:    1462892 kB
Buffers:           95368 kB
Cached:          1208792 kB
MemTotal:        1844596 kB
MemFree:          183456 kB
MemAvailable:    1462748 kB
Buffers:           95368 kB
Cached:          1208792 kB
MemTotal:        1844596 kB
MemFree:          183012 kB
MemAvailable:    1462304 kB
Buffers:           95368 kB
Cached:          1208792 kB
MemTotal:        1844596 kB
MemFree:          183548 kB
MemAvailable:    1462840 kB
Buffers:           95368 kB
Cached:          1208792 kB
MemTotal:        1844596 kB
MemFree:          183508 kB
MemAvailable:    1462800 kB
Buffers:           95368 kB
Cached:          1208792 kB
MemTotal:        1844596 kB
MemFree:          182320 kB
MemAvailable:    1461612 kB
Buffers:           95368 kB
Cached:          1208792 kB
MemTotal:        1844596 kB
MemFree:          183560 kB
MemAvailable:    1462852 kB
Buffers:           95368 kB
Cached:          1208792 kB
MemTotal:        1844596 kB
MemFree:          182240 kB
MemAvailable:    1461532 kB
Buffers:           95368 kB
Cached:          1208792 kB
MemTotal:        1844596 kB
MemFree:          182364 kB
MemAvailable:    1461656 kB
Buffers:           95368 kB
Cached:          1208792 kB
MemTotal:        1844596 kB
MemFree:          182488 kB
MemAvailable:    1461780 kB
Buffers:           95368 kB
Cached:          1208792 kB
MemTotal:        1844596 kB
MemFree:          182136 kB
MemAvailable:    1461428 kB
Buffers:           95368 kB
Cached:          1208792 kB
MemTotal:        1844596 kB
MemFree:          182260 kB
MemAvailable:    1461552 kB
Buffers:           95368 kB
Cached:          1208792 kB
MemTotal:        1844596 kB
MemFree:          182260 kB
MemAvailable:    1461552 kB
Buffers:           95368 kB
Cached:          1208792 kB
MemTotal:        1844596 kB
MemFree:          179540 kB
MemAvailable:    1458832 kB
Buffers:           95368 kB
Cached:          1208792 kB
MemTotal:        1844596 kB
MemFree:          176916 kB
MemAvailable:    1456208 kB
Buffers:           95368 kB
Cached:          1208792 kB
MemTotal:        1844596 kB
MemFree:          172928 kB
MemAvailable:    1452220 kB
Buffers:           95368 kB
Cached:          1208792 kB
MemTotal:        1844596 kB
MemFree:          172788 kB
MemAvailable:    1452080 kB
Buffers:           95368 kB
Cached:          1208792 kB
MemTotal:        1844596 kB
MemFree:          172100 kB
MemAvailable:    1451392 kB
Buffers:           95368 kB
Cached:          1208792 kB
MemTotal:        1844596 kB
MemFree:          172788 kB
MemAvailable:    1452080 kB
Buffers:           95368 kB
Cached:          1208792 kB
MemTotal:        1844596 kB
MemFree:          171604 kB
MemAvailable:    1450896 kB
Buffers:           95368 kB
Cached:          1208792 kB
MemTotal:        1844596 kB
MemFree:          172424 kB
MemAvailable:    1451720 kB
Buffers:           95368 kB
Cached:          1208796 kB
MemTotal:        1844596 kB
MemFree:          172232 kB
MemAvailable:    1451528 kB
Buffers:           95368 kB
Cached:          1208796 kB
MemTotal:        1844596 kB
MemFree:          172340 kB
MemAvailable:    1451636 kB
Buffers:           95368 kB
Cached:          1208796 kB
MemTotal:        1844596 kB
MemFree:          170984 kB
MemAvailable:    1450280 kB
Buffers:           95368 kB
Cached:          1208796 kB
MemTotal:        1844596 kB
MemFree:          172232 kB
MemAvailable:    1451528 kB
Buffers:           95368 kB
Cached:          1208796 kB
MemTotal:        1844596 kB
MemFree:          170480 kB
MemAvailable:    1449776 kB
Buffers:           95368 kB
Cached:          1208796 kB
MemTotal:        1844596 kB
MemFree:          170000 kB
MemAvailable:    1449296 kB
Buffers:           95368 kB
Cached:          1208796 kB
MemTotal:        1844596 kB
MemFree:          169008 kB
MemAvailable:    1448308 kB
Buffers:           95368 kB
Cached:          1208800 kB
MemTotal:        1844596 kB
MemFree:          169008 kB
MemAvailable:    1448308 kB
Buffers:           95368 kB
Cached:          1208800 kB
MemTotal:        1844596 kB
MemFree:          169008 kB
MemAvailable:    1448308 kB
Buffers:           95368 kB
Cached:          1208800 kB
MemTotal:        1844596 kB
MemFree:          169008 kB
MemAvailable:    1448308 kB
Buffers:           95368 kB
Cached:          1208800 kB
MemTotal:        1844596 kB
MemFree:          170308 kB
MemAvailable:    1449608 kB
Buffers:           95368 kB
Cached:          1208800 kB
MemTotal:        1844596 kB
MemFree:          170176 kB
MemAvailable:    1449476 kB
Buffers:           95368 kB
Cached:          1208800 kB
MemTotal:        1844596 kB
MemFree:          170004 kB
MemAvailable:    1449304 kB
Buffers:           95368 kB
Cached:          1208800 kB
MemTotal:        1844596 kB
MemFree:          169932 kB
MemAvailable:    1449232 kB
Buffers:           95368 kB
Cached:          1208800 kB
MemTotal:        1844596 kB
MemFree:          169884 kB
MemAvailable:    1449184 kB
Buffers:           95368 kB
Cached:          1208800 kB
MemTotal:        1844596 kB
MemFree:          170184 kB
MemAvailable:    1449484 kB
Buffers:           95368 kB
Cached:          1208800 kB
MemTotal:        1844596 kB
MemFree:          168836 kB
MemAvailable:    1448136 kB
Buffers:           95368 kB
Cached:          1208800 kB
MemTotal:        1844596 kB
MemFree:          169988 kB
MemAvailable:    1449288 kB
Buffers:           95368 kB
Cached:          1208800 kB
MemTotal:        1844596 kB
MemFree:          169140 kB
MemAvailable:    1448440 kB
Buffers:           95368 kB
Cached:          1208800 kB
MemTotal:        1844596 kB
MemFree:          169372 kB
MemAvailable:    1448676 kB
Buffers:           95368 kB
Cached:          1208804 kB
MemTotal:        1844596 kB
MemFree:          168892 kB
MemAvailable:    1448196 kB
Buffers:           95368 kB
Cached:          1208804 kB
MemTotal:        1844596 kB
MemFree:          168688 kB
MemAvailable:    1447992 kB
Buffers:           95368 kB
Cached:          1208804 kB
MemTotal:        1844596 kB
MemFree:          168068 kB
MemAvailable:    1447372 kB
Buffers:           95368 kB
Cached:          1208804 kB
MemTotal:        1844596 kB
MemFree:          166752 kB
MemAvailable:    1446056 kB
Buffers:           95368 kB
Cached:          1208804 kB
MemTotal:        1844596 kB
MemFree:          166884 kB
MemAvailable:    1446188 kB
Buffers:           95368 kB
Cached:          1208804 kB
MemTotal:        1844596 kB
MemFree:          166504 kB
MemAvailable:    1445808 kB
Buffers:           95368 kB
Cached:          1208804 kB
MemTotal:        1844596 kB
MemFree:          167108 kB
MemAvailable:    1446412 kB
Buffers:           95368 kB
Cached:          1208804 kB
MemTotal:        1844596 kB
MemFree:          165776 kB
MemAvailable:    1445080 kB
Buffers:           95368 kB
Cached:          1208804 kB
MemTotal:        1844596 kB
MemFree:          166704 kB
MemAvailable:    1446008 kB
Buffers:           95368 kB
Cached:          1208804 kB
MemTotal:        1844596 kB
MemFree:          164916 kB
MemAvailable:    1444220 kB
Buffers:           95368 kB
Cached:          1208804 kB
MemTotal:        1844596 kB
MemFree:          165776 kB
MemAvailable:    1445080 kB
Buffers:           95368 kB
Cached:          1208804 kB
MemTotal:        1844596 kB
MemFree:          165464 kB
MemAvailable:    1444768 kB
Buffers:           95368 kB
Cached:          1208804 kB
MemTotal:        1844596 kB
MemFree:          165412 kB
MemAvailable:    1444716 kB
Buffers:           95368 kB
Cached:          1208804 kB
MemTotal:        1844596 kB
MemFree:          165348 kB
MemAvailable:    1444652 kB
Buffers:           95368 kB
Cached:          1208804 kB
MemTotal:        1844596 kB
MemFree:          164048 kB
MemAvailable:    1443352 kB
Buffers:           95368 kB
Cached:          1208804 kB
MemTotal:        1844596 kB
MemFree:          164828 kB
MemAvailable:    1444132 kB
Buffers:           95368 kB
Cached:          1208804 kB
MemTotal:        1844596 kB
MemFree:          165172 kB
MemAvailable:    1444476 kB
Buffers:           95368 kB
Cached:          1208804 kB
MemTotal:        1844596 kB
MemFree:          163552 kB
MemAvailable:    1442856 kB
Buffers:           95368 kB
Cached:          1208804 kB
MemTotal:        1844596 kB
MemFree:          164908 kB
MemAvailable:    1444212 kB
Buffers:           95368 kB
Cached:          1208804 kB
MemTotal:        1844596 kB
MemFree:          164676 kB
MemAvailable:    1443980 kB
Buffers:           95368 kB
Cached:          1208804 kB
MemTotal:        1844596 kB
MemFree:          164908 kB
MemAvailable:    1444212 kB
Buffers:           95368 kB
Cached:          1208804 kB
MemTotal:        1844596 kB
MemFree:          165160 kB
MemAvailable:    1444464 kB
Buffers:           95368 kB
Cached:          1208804 kB
MemTotal:        1844596 kB
MemFree:          164868 kB
MemAvailable:    1444172 kB
Buffers:           95368 kB
Cached:          1208804 kB
MemTotal:        1844596 kB
MemFree:          163496 kB
MemAvailable:    1442800 kB
Buffers:           95368 kB
Cached:          1208804 kB
MemTotal:        1844596 kB
MemFree:          164876 kB
MemAvailable:    1444180 kB
Buffers:           95368 kB
Cached:          1208804 kB
MemTotal:        1844596 kB
MemFree:          164764 kB
MemAvailable:    1444068 kB
Buffers:           95368 kB
Cached:          1208804 kB
MemTotal:        1844596 kB
MemFree:          163360 kB
MemAvailable:    1442664 kB
Buffers:           95368 kB
Cached:          1208804 kB
MemTotal:        1844596 kB
MemFree:          164656 kB
MemAvailable:    1443960 kB
Buffers:           95368 kB
Cached:          1208804 kB
MemTotal:        1844596 kB
MemFree:          163480 kB
MemAvailable:    1442784 kB
Buffers:           95368 kB
Cached:          1208804 kB
MemTotal:        1844596 kB
MemFree:          163356 kB
MemAvailable:    1442660 kB
Buffers:           95368 kB
Cached:          1208804 kB
MemTotal:        1844596 kB
MemFree:          163348 kB
MemAvailable:    1442652 kB
Buffers:           95368 kB
Cached:          1208804 kB
MemTotal:        1844596 kB
MemFree:          163516 kB
MemAvailable:    1442820 kB
Buffers:           95368 kB
Cached:          1208804 kB
MemTotal:        1844596 kB
MemFree:          164576 kB
MemAvailable:    1443880 kB
Buffers:           95368 kB
Cached:          1208804 kB
MemTotal:        1844596 kB
MemFree:          164744 kB
MemAvailable:    1444048 kB
Buffers:           95368 kB
Cached:          1208804 kB
MemTotal:        1844596 kB
MemFree:          164876 kB
MemAvailable:    1444180 kB
Buffers:           95368 kB
Cached:          1208804 kB
MemTotal:        1844596 kB
MemFree:          163408 kB
MemAvailable:    1442712 kB
Buffers:           95368 kB
Cached:          1208804 kB
MemTotal:        1844596 kB
MemFree:          163492 kB
MemAvailable:    1442796 kB
Buffers:           95368 kB
Cached:          1208804 kB
MemTotal:        1844596 kB
MemFree:          163536 kB
MemAvailable:    1442840 kB
Buffers:           95368 kB
Cached:          1208804 kB
MemTotal:        1844596 kB
MemFree:          162808 kB
MemAvailable:    1442112 kB
Buffers:           95368 kB
Cached:          1208804 kB
MemTotal:        1844596 kB
MemFree:          163176 kB
MemAvailable:    1442480 kB
Buffers:           95368 kB
Cached:          1208804 kB
MemTotal:        1844596 kB
MemFree:          161780 kB
MemAvailable:    1441084 kB
Buffers:           95368 kB
Cached:          1208804 kB
MemTotal:        1844596 kB
MemFree:          163284 kB
MemAvailable:    1442588 kB
Buffers:           95368 kB
Cached:          1208804 kB
MemTotal:        1844596 kB
MemFree:          160188 kB
MemAvailable:    1439492 kB
Buffers:           95368 kB
Cached:          1208804 kB
MemTotal:        1844596 kB
MemFree:          159584 kB
MemAvailable:    1438888 kB
Buffers:           95368 kB
Cached:          1208804 kB
MemTotal:        1844596 kB
MemFree:          157724 kB
MemAvailable:    1437028 kB
Buffers:           95368 kB
Cached:          1208804 kB
MemTotal:        1844596 kB
MemFree:          154500 kB
MemAvailable:    1433804 kB
Buffers:           95368 kB
Cached:          1208804 kB
MemTotal:        1844596 kB
MemFree:          150888 kB
MemAvailable:    1430192 kB
Buffers:           95368 kB
Cached:          1208804 kB
MemTotal:        1844596 kB
MemFree:          150780 kB
MemAvailable:    1430084 kB
Buffers:           95368 kB
Cached:          1208804 kB
MemTotal:        1844596 kB
MemFree:          146688 kB
MemAvailable:    1425992 kB
Buffers:           95368 kB
Cached:          1208804 kB
MemTotal:        1844596 kB
MemFree:          146060 kB
MemAvailable:    1425364 kB
Buffers:           95368 kB
Cached:          1208804 kB
MemTotal:        1844596 kB
MemFree:          146144 kB
MemAvailable:    1425448 kB
Buffers:           95368 kB
Cached:          1208804 kB
MemTotal:        1844596 kB
MemFree:          144944 kB
MemAvailable:    1424248 kB
Buffers:           95368 kB
Cached:          1208804 kB
MemTotal:        1844596 kB
MemFree:          144772 kB
MemAvailable:    1424076 kB
Buffers:           95368 kB
Cached:          1208804 kB
MemTotal:        1844596 kB
MemFree:          145996 kB
MemAvailable:    1425300 kB
Buffers:           95368 kB
Cached:          1208804 kB
MemTotal:        1844596 kB
MemFree:          145728 kB
MemAvailable:    1425032 kB
Buffers:           95368 kB
Cached:          1208804 kB
MemTotal:        1844596 kB
MemFree:          145612 kB
MemAvailable:    1424924 kB
Buffers:           95368 kB
Cached:          1208812 kB
MemTotal:        1844596 kB
MemFree:          145584 kB
MemAvailable:    1424896 kB
Buffers:           95368 kB
Cached:          1208812 kB
MemTotal:        1844596 kB
MemFree:          145588 kB
MemAvailable:    1424900 kB
Buffers:           95368 kB
Cached:          1208812 kB
MemTotal:        1844596 kB
MemFree:          144412 kB
MemAvailable:    1423724 kB
Buffers:           95368 kB
Cached:          1208812 kB
MemTotal:        1844596 kB
MemFree:          145064 kB
MemAvailable:    1424376 kB
Buffers:           95368 kB
Cached:          1208812 kB
MemTotal:        1844596 kB
MemFree:          144336 kB
MemAvailable:    1423648 kB
Buffers:           95368 kB
Cached:          1208812 kB
MemTotal:        1844596 kB
MemFree:          144776 kB
MemAvailable:    1424088 kB
Buffers:           95368 kB
Cached:          1208812 kB
MemTotal:        1844596 kB
MemFree:          143828 kB
MemAvailable:    1423140 kB
Buffers:           95368 kB
Cached:          1208812 kB
MemTotal:        1844596 kB
MemFree:          144896 kB
MemAvailable:    1424208 kB
Buffers:           95368 kB
Cached:          1208812 kB
MemTotal:        1844596 kB
MemFree:          143524 kB
MemAvailable:    1422836 kB
Buffers:           95368 kB
Cached:          1208812 kB
MemTotal:        1844596 kB
MemFree:          144992 kB
MemAvailable:    1424304 kB
Buffers:           95368 kB
Cached:          1208812 kB
MemTotal:        1844596 kB
MemFree:          144920 kB
MemAvailable:    1424232 kB
Buffers:           95368 kB
Cached:          1208812 kB
MemTotal:        1844596 kB
MemFree:          145172 kB
MemAvailable:    1424484 kB
Buffers:           95368 kB
Cached:          1208812 kB
MemTotal:        1844596 kB
MemFree:          144884 kB
MemAvailable:    1424196 kB
Buffers:           95368 kB
Cached:          1208812 kB
MemTotal:        1844596 kB
MemFree:          143792 kB
MemAvailable:    1423104 kB
Buffers:           95368 kB
Cached:          1208812 kB
MemTotal:        1844596 kB
MemFree:          145212 kB
MemAvailable:    1424524 kB
Buffers:           95368 kB
Cached:          1208812 kB
MemTotal:        1844596 kB
MemFree:          143704 kB
MemAvailable:    1423016 kB
Buffers:           95368 kB
Cached:          1208812 kB
MemTotal:        1844596 kB
MemFree:          144888 kB
MemAvailable:    1424200 kB
Buffers:           95368 kB
Cached:          1208812 kB
MemTotal:        1844596 kB
MemFree:          144584 kB
MemAvailable:    1423896 kB
Buffers:           95368 kB
Cached:          1208812 kB
MemTotal:        1844596 kB
MemFree:          144996 kB
MemAvailable:    1424308 kB
Buffers:           95368 kB
Cached:          1208812 kB
MemTotal:        1844596 kB
MemFree:          144220 kB
MemAvailable:    1423532 kB
Buffers:           95368 kB
Cached:          1208812 kB
MemTotal:        1844596 kB
MemFree:          143956 kB
MemAvailable:    1423268 kB
Buffers:           95368 kB
Cached:          1208812 kB
MemTotal:        1844596 kB
MemFree:          143956 kB
MemAvailable:    1423268 kB
Buffers:           95368 kB
Cached:          1208812 kB
MemTotal:        1844596 kB
MemFree:          143956 kB
MemAvailable:    1423268 kB
Buffers:           95368 kB
Cached:          1208812 kB
MemTotal:        1844596 kB
MemFree:          143948 kB
MemAvailable:    1423260 kB
Buffers:           95368 kB
Cached:          1208812 kB
MemTotal:        1844596 kB
MemFree:          143832 kB
MemAvailable:    1423144 kB
Buffers:           95368 kB
Cached:          1208812 kB
MemTotal:        1844596 kB
MemFree:          143832 kB
MemAvailable:    1423144 kB
Buffers:           95368 kB
Cached:          1208812 kB
MemTotal:        1844596 kB
MemFree:          144960 kB
MemAvailable:    1424272 kB
Buffers:           95368 kB
Cached:          1208812 kB
MemTotal:        1844596 kB
MemFree:          144344 kB
MemAvailable:    1423656 kB
Buffers:           95368 kB
Cached:          1208812 kB
MemTotal:        1844596 kB
MemFree:          139436 kB
MemAvailable:    1418748 kB
Buffers:           95368 kB
Cached:          1208812 kB
MemTotal:        1844596 kB
MemFree:          136028 kB
MemAvailable:    1415340 kB
Buffers:           95368 kB
Cached:          1208812 kB
MemTotal:        1844596 kB
MemFree:          133352 kB
MemAvailable:    1412664 kB
Buffers:           95368 kB
Cached:          1208812 kB
MemTotal:        1844596 kB
MemFree:          131324 kB
MemAvailable:    1410636 kB
Buffers:           95368 kB
Cached:          1208812 kB
MemTotal:        1844596 kB
MemFree:          127176 kB
MemAvailable:    1406488 kB
Buffers:           95368 kB
Cached:          1208812 kB
MemTotal:        1844596 kB
MemFree:          126364 kB
MemAvailable:    1405676 kB
Buffers:           95368 kB
Cached:          1208812 kB
MemTotal:        1844596 kB
MemFree:          127112 kB
MemAvailable:    1406424 kB
Buffers:           95368 kB
Cached:          1208812 kB
MemTotal:        1844596 kB
MemFree:          127344 kB
MemAvailable:    1406656 kB
Buffers:           95368 kB
Cached:          1208812 kB
MemTotal:        1844596 kB
MemFree:          125932 kB
MemAvailable:    1405244 kB
Buffers:           95368 kB
Cached:          1208812 kB
MemTotal:        1844596 kB
MemFree:          125960 kB
MemAvailable:    1405272 kB
Buffers:           95368 kB
Cached:          1208812 kB
MemTotal:        1844596 kB
MemFree:          127096 kB
MemAvailable:    1406408 kB
Buffers:           95368 kB
Cached:          1208812 kB
MemTotal:        1844596 kB
MemFree:          125916 kB
MemAvailable:    1405228 kB
Buffers:           95368 kB
Cached:          1208812 kB
MemTotal:        1844596 kB
MemFree:          127016 kB
MemAvailable:    1406328 kB
Buffers:           95368 kB
Cached:          1208812 kB
MemTotal:        1844596 kB
MemFree:          126728 kB
MemAvailable:    1406040 kB
Buffers:           95368 kB
Cached:          1208812 kB
MemTotal:        1844596 kB
MemFree:          125432 kB
MemAvailable:    1404744 kB
Buffers:           95368 kB
Cached:          1208812 kB
MemTotal:        1844596 kB
MemFree:          126708 kB
MemAvailable:    1406020 kB
Buffers:           95368 kB
Cached:          1208812 kB
MemTotal:        1844596 kB
MemFree:          126240 kB
MemAvailable:    1405552 kB
Buffers:           95368 kB
Cached:          1208812 kB
MemTotal:        1844596 kB
MemFree:          125440 kB
MemAvailable:    1404752 kB
Buffers:           95368 kB
Cached:          1208812 kB
MemTotal:        1844596 kB
MemFree:          126860 kB
MemAvailable:    1406172 kB
Buffers:           95368 kB
Cached:          1208812 kB
MemTotal:        1844596 kB
MemFree:          126860 kB
MemAvailable:    1406172 kB
Buffers:           95368 kB
Cached:          1208812 kB
MemTotal:        1844596 kB
MemFree:          126572 kB
MemAvailable:    1405884 kB
Buffers:           95368 kB
Cached:          1208812 kB
MemTotal:        1844596 kB
MemFree:          125612 kB
MemAvailable:    1404924 kB
Buffers:           95368 kB
Cached:          1208812 kB
MemTotal:        1844596 kB
MemFree:          125440 kB
MemAvailable:    1404752 kB
Buffers:           95368 kB
Cached:          1208812 kB
MemTotal:        1844596 kB
MemFree:          126720 kB
MemAvailable:    1406032 kB
Buffers:           95368 kB
Cached:          1208812 kB
MemTotal:        1844596 kB
MemFree:          126488 kB
MemAvailable:    1405800 kB
Buffers:           95368 kB
Cached:          1208812 kB
MemTotal:        1844596 kB
MemFree:          126852 kB
MemAvailable:    1406164 kB
Buffers:           95368 kB
Cached:          1208812 kB
MemTotal:        1844596 kB
MemFree:          126116 kB
MemAvailable:    1405428 kB
Buffers:           95368 kB
Cached:          1208812 kB
MemTotal:        1844596 kB
MemFree:          125440 kB
MemAvailable:    1404752 kB
Buffers:           95368 kB
Cached:          1208812 kB
MemTotal:        1844596 kB
MemFree:          126740 kB
MemAvailable:    1406052 kB
Buffers:           95368 kB
Cached:          1208812 kB
MemTotal:        1844596 kB
MemFree:          125600 kB
MemAvailable:    1404912 kB
Buffers:           95368 kB
Cached:          1208812 kB
MemTotal:        1844596 kB
MemFree:          126860 kB
MemAvailable:    1406172 kB
Buffers:           95368 kB
Cached:          1208812 kB
MemTotal:        1844596 kB
MemFree:          126528 kB
MemAvailable:    1405840 kB
Buffers:           95368 kB
Cached:          1208812 kB
MemTotal:        1844596 kB
MemFree:          126864 kB
MemAvailable:    1406176 kB
Buffers:           95368 kB
Cached:          1208812 kB
MemTotal:        1844596 kB
MemFree:          126588 kB
MemAvailable:    1405900 kB
Buffers:           95368 kB
Cached:          1208812 kB
MemTotal:        1844596 kB
MemFree:          126924 kB
MemAvailable:    1406236 kB
Buffers:           95368 kB
Cached:          1208812 kB
MemTotal:        1844596 kB
MemFree:          125600 kB
MemAvailable:    1404912 kB
Buffers:           95368 kB
Cached:          1208812 kB
MemTotal:        1844596 kB
MemFree:          125060 kB
MemAvailable:    1404372 kB
Buffers:           95368 kB
Cached:          1208812 kB
MemTotal:        1844596 kB
MemFree:          124952 kB
MemAvailable:    1404264 kB
Buffers:           95368 kB
Cached:          1208812 kB
MemTotal:        1844596 kB
MemFree:          119836 kB
MemAvailable:    1399148 kB
Buffers:           95368 kB
Cached:          1208812 kB
MemTotal:        1844596 kB
MemFree:          115504 kB
MemAvailable:    1394816 kB
Buffers:           95368 kB
Cached:          1208812 kB
MemTotal:        1844596 kB
MemFree:          112352 kB
MemAvailable:    1391664 kB
Buffers:           95368 kB
Cached:          1208812 kB
MemTotal:        1844596 kB
MemFree:          108252 kB
MemAvailable:    1387568 kB
Buffers:           95368 kB
Cached:          1208816 kB
MemTotal:        1844596 kB
MemFree:          109680 kB
MemAvailable:    1388996 kB
Buffers:           95368 kB
Cached:          1208816 kB
MemTotal:        1844596 kB
MemFree:          109236 kB
MemAvailable:    1388556 kB
Buffers:           95368 kB
Cached:          1208820 kB
MemTotal:        1844596 kB
MemFree:          109360 kB
MemAvailable:    1388680 kB
Buffers:           95368 kB
Cached:          1208820 kB
MemTotal:        1844596 kB
MemFree:          107948 kB
MemAvailable:    1387268 kB
Buffers:           95368 kB
Cached:          1208820 kB
MemTotal:        1844596 kB
MemFree:          107852 kB
MemAvailable:    1387172 kB
Buffers:           95368 kB
Cached:          1208820 kB
MemTotal:        1844596 kB
MemFree:          109220 kB
MemAvailable:    1388540 kB
Buffers:           95368 kB
Cached:          1208820 kB
MemTotal:        1844596 kB
MemFree:          109344 kB
MemAvailable:    1388664 kB
Buffers:           95368 kB
Cached:          1208820 kB
MemTotal:        1844596 kB
MemFree:          108352 kB
MemAvailable:    1387756 kB
Buffers:           95368 kB
Cached:          1208820 kB
MemTotal:        1844596 kB
MemFree:          109208 kB
MemAvailable:    1388528 kB
Buffers:           95368 kB
Cached:          1208820 kB
MemTotal:        1844596 kB
MemFree:          108500 kB
MemAvailable:    1387820 kB
Buffers:           95368 kB
Cached:          1208820 kB
MemTotal:        1844596 kB
MemFree:          109192 kB
MemAvailable:    1388512 kB
Buffers:           95368 kB
Cached:          1208820 kB
MemTotal:        1844596 kB
MemFree:          109236 kB
MemAvailable:    1388556 kB
Buffers:           95368 kB
Cached:          1208820 kB
MemTotal:        1844596 kB
MemFree:          109448 kB
MemAvailable:    1388768 kB
Buffers:           95368 kB
Cached:          1208820 kB
MemTotal:        1844596 kB
MemFree:          107832 kB
MemAvailable:    1387152 kB
Buffers:           95368 kB
Cached:          1208820 kB
MemTotal:        1844596 kB
MemFree:          107816 kB
MemAvailable:    1387136 kB
Buffers:           95368 kB
Cached:          1208820 kB
MemTotal:        1844596 kB
MemFree:          107984 kB
MemAvailable:    1387304 kB
Buffers:           95368 kB
Cached:          1208820 kB
MemTotal:        1844596 kB
MemFree:          107828 kB
MemAvailable:    1387148 kB
Buffers:           95368 kB
Cached:          1208820 kB
MemTotal:        1844596 kB
MemFree:          107384 kB
MemAvailable:    1386704 kB
Buffers:           95368 kB
Cached:          1208820 kB
MemTotal:        1844596 kB
MemFree:          107252 kB
MemAvailable:    1386572 kB
Buffers:           95368 kB
Cached:          1208820 kB
MemTotal:        1844596 kB
MemFree:          108552 kB
MemAvailable:    1387872 kB
Buffers:           95368 kB
Cached:          1208820 kB
MemTotal:        1844596 kB
MemFree:          108428 kB
MemAvailable:    1387748 kB
Buffers:           95368 kB
Cached:          1208820 kB
MemTotal:        1844596 kB
MemFree:          108096 kB
MemAvailable:    1387416 kB
Buffers:           95368 kB
Cached:          1208820 kB
MemTotal:        1844596 kB
MemFree:          107756 kB
MemAvailable:    1387076 kB
Buffers:           95368 kB
Cached:          1208820 kB
MemTotal:        1844596 kB
MemFree:          106872 kB
MemAvailable:    1386192 kB
Buffers:           95368 kB
Cached:          1208820 kB
MemTotal:        1844596 kB
MemFree:          106872 kB
MemAvailable:    1386192 kB
Buffers:           95368 kB
Cached:          1208820 kB
MemTotal:        1844596 kB
MemFree:          103664 kB
MemAvailable:    1382984 kB
Buffers:           95368 kB
Cached:          1208820 kB
MemTotal:        1844596 kB
MemFree:          101316 kB
MemAvailable:    1380636 kB
Buffers:           95368 kB
Cached:          1208820 kB
MemTotal:        1844596 kB
MemFree:           98952 kB
MemAvailable:    1378276 kB
Buffers:           95368 kB
Cached:          1208824 kB
MemTotal:        1844596 kB
MemFree:           95852 kB
MemAvailable:    1375176 kB
Buffers:           95368 kB
Cached:          1208824 kB
MemTotal:        1844596 kB
MemFree:           93432 kB
MemAvailable:    1372756 kB
Buffers:           95368 kB
Cached:          1208824 kB
MemTotal:        1844596 kB
MemFree:           90456 kB
MemAvailable:    1369780 kB
Buffers:           95368 kB
Cached:          1208824 kB
MemTotal:        1844596 kB
MemFree:           87420 kB
MemAvailable:    1366744 kB
Buffers:           95368 kB
Cached:          1208824 kB
MemTotal:        1844596 kB
MemFree:           85420 kB
MemAvailable:    1364744 kB
Buffers:           95368 kB
Cached:          1208824 kB
MemTotal:        1844596 kB
MemFree:           84940 kB
MemAvailable:    1364264 kB
Buffers:           95368 kB
Cached:          1208824 kB
MemTotal:        1844596 kB
MemFree:           82452 kB
MemAvailable:    1361776 kB
Buffers:           95368 kB
Cached:          1208824 kB
MemTotal:        1844596 kB
MemFree:           82584 kB
MemAvailable:    1361908 kB
Buffers:           95368 kB
Cached:          1208824 kB
MemTotal:        1844596 kB
MemFree:           77376 kB
MemAvailable:    1356700 kB
Buffers:           95368 kB
Cached:          1208824 kB
MemTotal:        1844596 kB
MemFree:           77740 kB
MemAvailable:    1357064 kB
Buffers:           95368 kB
Cached:          1208824 kB
MemTotal:        1844596 kB
MemFree:           77380 kB
MemAvailable:    1356704 kB
Buffers:           95368 kB
Cached:          1208824 kB
MemTotal:        1844596 kB
MemFree:           77308 kB
MemAvailable:    1356632 kB
Buffers:           95368 kB
Cached:          1208824 kB
MemTotal:        1844596 kB
MemFree:           77012 kB
MemAvailable:    1356336 kB
Buffers:           95368 kB
Cached:          1208824 kB
MemTotal:        1844596 kB
MemFree:           77328 kB
MemAvailable:    1356652 kB
Buffers:           95368 kB
Cached:          1208824 kB
MemTotal:        1844596 kB
MemFree:           77236 kB
MemAvailable:    1356560 kB
Buffers:           95368 kB
Cached:          1208824 kB
MemTotal:        1844596 kB
MemFree:           77252 kB
MemAvailable:    1356576 kB
Buffers:           95368 kB
Cached:          1208824 kB
MemTotal:        1844596 kB
MemFree:           77416 kB
MemAvailable:    1356740 kB
Buffers:           95368 kB
Cached:          1208824 kB
MemTotal:        1844596 kB
MemFree:           77376 kB
MemAvailable:    1356700 kB
Buffers:           95368 kB
Cached:          1208824 kB
MemTotal:        1844596 kB
MemFree:           76192 kB
MemAvailable:    1355516 kB
Buffers:           95368 kB
Cached:          1208824 kB
MemTotal:        1844596 kB
MemFree:           75268 kB
MemAvailable:    1354592 kB
Buffers:           95368 kB
Cached:          1208824 kB
MemTotal:        1844596 kB
MemFree:           75012 kB
MemAvailable:    1354336 kB
Buffers:           95368 kB
Cached:          1208824 kB
MemTotal:        1844596 kB
MemFree:           75136 kB
MemAvailable:    1354460 kB
Buffers:           95368 kB
Cached:          1208824 kB
MemTotal:        1844596 kB
MemFree:           75012 kB
MemAvailable:    1354336 kB
Buffers:           95368 kB
Cached:          1208824 kB
MemTotal:        1844596 kB
MemFree:           75004 kB
MemAvailable:    1354328 kB
Buffers:           95368 kB
Cached:          1208824 kB
MemTotal:        1844596 kB
MemFree:           75020 kB
MemAvailable:    1354344 kB
Buffers:           95368 kB
Cached:          1208824 kB
MemTotal:        1844596 kB
MemFree:           74772 kB
MemAvailable:    1354096 kB
Buffers:           95368 kB
Cached:          1208824 kB
MemTotal:        1844596 kB
MemFree:           74648 kB
MemAvailable:    1353972 kB
Buffers:           95368 kB
Cached:          1208824 kB
MemTotal:        1844596 kB
MemFree:           73904 kB
MemAvailable:    1353228 kB
Buffers:           95368 kB
Cached:          1208824 kB
MemTotal:        1844596 kB
MemFree:           73648 kB
MemAvailable:    1352972 kB
Buffers:           95368 kB
Cached:          1208824 kB
MemTotal:        1844596 kB
MemFree:           74608 kB
MemAvailable:    1353932 kB
Buffers:           95368 kB
Cached:          1208824 kB
MemTotal:        1844596 kB
MemFree:           74516 kB
MemAvailable:    1353840 kB
Buffers:           95368 kB
Cached:          1208824 kB
MemTotal:        1844596 kB
MemFree:           73020 kB
MemAvailable:    1352344 kB
Buffers:           95368 kB
Cached:          1208824 kB
MemTotal:        1844596 kB
MemFree:           73272 kB
MemAvailable:    1352596 kB
Buffers:           95368 kB
Cached:          1208824 kB
MemTotal:        1844596 kB
MemFree:           73036 kB
MemAvailable:    1352360 kB
Buffers:           95368 kB
Cached:          1208824 kB
MemTotal:        1844596 kB
MemFree:           72300 kB
MemAvailable:    1351624 kB
Buffers:           95368 kB
Cached:          1208824 kB
MemTotal:        1844596 kB
MemFree:           71796 kB
MemAvailable:    1351120 kB
Buffers:           95368 kB
Cached:          1208824 kB
MemTotal:        1844596 kB
MemFree:           73020 kB
MemAvailable:    1352344 kB
Buffers:           95368 kB
Cached:          1208824 kB
MemTotal:        1844596 kB
MemFree:           72540 kB
MemAvailable:    1351864 kB
Buffers:           95368 kB
Cached:          1208824 kB
MemTotal:        1844596 kB
MemFree:           73208 kB
MemAvailable:    1352532 kB
Buffers:           95368 kB
Cached:          1208824 kB
MemTotal:        1844596 kB
MemFree:           72300 kB
MemAvailable:    1351624 kB
Buffers:           95368 kB
Cached:          1208824 kB
MemTotal:        1844596 kB
MemFree:           73028 kB
MemAvailable:    1352352 kB
Buffers:           95368 kB
Cached:          1208824 kB
MemTotal:        1844596 kB
MemFree:           73364 kB
MemAvailable:    1352688 kB
Buffers:           95368 kB
Cached:          1208824 kB
MemTotal:        1844596 kB
MemFree:           72864 kB
MemAvailable:    1352192 kB
Buffers:           95368 kB
Cached:          1208828 kB
MemTotal:        1844596 kB
MemFree:           72344 kB
MemAvailable:    1351672 kB
Buffers:           95368 kB
Cached:          1208828 kB
MemTotal:        1844596 kB
MemFree:           73216 kB
MemAvailable:    1352544 kB
Buffers:           95368 kB
Cached:          1208828 kB
MemTotal:        1844596 kB
MemFree:           73044 kB
MemAvailable:    1352372 kB
Buffers:           95368 kB
Cached:          1208828 kB
MemTotal:        1844596 kB
MemFree:           73252 kB
MemAvailable:    1352580 kB
Buffers:           95368 kB
Cached:          1208828 kB
MemTotal:        1844596 kB
MemFree:           73104 kB
MemAvailable:    1352432 kB
Buffers:           95368 kB
Cached:          1208828 kB
MemTotal:        1844596 kB
MemFree:           73056 kB
MemAvailable:    1352384 kB
Buffers:           95368 kB
Cached:          1208828 kB
MemTotal:        1844596 kB
MemFree:           72680 kB
MemAvailable:    1352008 kB
Buffers:           95368 kB
Cached:          1208828 kB
MemTotal:        1844596 kB
MemFree:           72996 kB
MemAvailable:    1352324 kB
Buffers:           95368 kB
Cached:          1208828 kB
MemTotal:        1844596 kB
MemFree:           73028 kB
MemAvailable:    1352356 kB
Buffers:           95368 kB
Cached:          1208828 kB
MemTotal:        1844596 kB
MemFree:           72548 kB
MemAvailable:    1351876 kB
Buffers:           95368 kB
Cached:          1208828 kB
MemTotal:        1844596 kB
MemFree:           73156 kB
MemAvailable:    1352484 kB
Buffers:           95368 kB
Cached:          1208828 kB
MemTotal:        1844596 kB
MemFree:           72308 kB
MemAvailable:    1351636 kB
Buffers:           95368 kB
Cached:          1208828 kB
MemTotal:        1844596 kB
MemFree:           72052 kB
MemAvailable:    1351380 kB
Buffers:           95368 kB
Cached:          1208828 kB
MemTotal:        1844596 kB
MemFree:           73160 kB
MemAvailable:    1352488 kB
Buffers:           95368 kB
Cached:          1208828 kB
MemTotal:        1844596 kB
MemFree:           72184 kB
MemAvailable:    1351512 kB
Buffers:           95368 kB
Cached:          1208828 kB
MemTotal:        1844596 kB
MemFree:           73064 kB
MemAvailable:    1352392 kB
Buffers:           95368 kB
Cached:          1208828 kB
MemTotal:        1844596 kB
MemFree:           73248 kB
MemAvailable:    1352576 kB
Buffers:           95368 kB
Cached:          1208828 kB
MemTotal:        1844596 kB
MemFree:           73160 kB
MemAvailable:    1352488 kB
Buffers:           95368 kB
Cached:          1208828 kB
MemTotal:        1844596 kB
MemFree:           73016 kB
MemAvailable:    1352344 kB
Buffers:           95368 kB
Cached:          1208828 kB
MemTotal:        1844596 kB
MemFree:           72920 kB
MemAvailable:    1352248 kB
Buffers:           95368 kB
Cached:          1208828 kB
MemTotal:        1844596 kB
MemFree:           71872 kB
MemAvailable:    1351200 kB
Buffers:           95368 kB
Cached:          1208828 kB
MemTotal:        1844596 kB
MemFree:           71996 kB
MemAvailable:    1351324 kB
Buffers:           95368 kB
Cached:          1208828 kB
MemTotal:        1844596 kB
MemFree:           71872 kB
MemAvailable:    1351200 kB
Buffers:           95368 kB
Cached:          1208828 kB
MemTotal:        1844596 kB
MemFree:           73148 kB
MemAvailable:    1352476 kB
Buffers:           95368 kB
Cached:          1208828 kB
MemTotal:        1844596 kB
MemFree:           72804 kB
MemAvailable:    1352132 kB
Buffers:           95368 kB
Cached:          1208828 kB
MemTotal:        1844596 kB
MemFree:           73048 kB
MemAvailable:    1352376 kB
Buffers:           95368 kB
Cached:          1208828 kB
MemTotal:        1844596 kB
MemFree:           71484 kB
MemAvailable:    1350812 kB
Buffers:           95368 kB
Cached:          1208828 kB
MemTotal:        1844596 kB
MemFree:           70912 kB
MemAvailable:    1350240 kB
Buffers:           95368 kB
Cached:          1208828 kB
MemTotal:        1844596 kB
MemFree:           68712 kB
MemAvailable:    1348040 kB
Buffers:           95368 kB
Cached:          1208828 kB
MemTotal:        1844596 kB
MemFree:           66336 kB
MemAvailable:    1345668 kB
Buffers:           95368 kB
Cached:          1208832 kB
MemTotal:        1844596 kB
MemFree:           66480 kB
MemAvailable:    1345812 kB
Buffers:           95368 kB
Cached:          1208832 kB
MemTotal:        1844596 kB
MemFree:           66480 kB
MemAvailable:    1345812 kB
Buffers:           95368 kB
Cached:          1208832 kB
MemTotal:        1844596 kB
MemFree:           65216 kB
MemAvailable:    1344548 kB
Buffers:           95368 kB
Cached:          1208832 kB
MemTotal:        1844596 kB
MemFree:           66292 kB
MemAvailable:    1345624 kB
Buffers:           95368 kB
Cached:          1208832 kB
MemTotal:        1844596 kB
MemFree:           64960 kB
MemAvailable:    1344292 kB
Buffers:           95368 kB
Cached:          1208832 kB
MemTotal:        1844596 kB
MemFree:           64600 kB
MemAvailable:    1343932 kB
Buffers:           95368 kB
Cached:          1208832 kB
MemTotal:        1844596 kB
MemFree:           65984 kB
MemAvailable:    1345316 kB
Buffers:           95368 kB
Cached:          1208832 kB
MemTotal:        1844596 kB
MemFree:           65984 kB
MemAvailable:    1345316 kB
Buffers:           95368 kB
Cached:          1208832 kB
MemTotal:        1844596 kB
MemFree:           64632 kB
MemAvailable:    1343964 kB
Buffers:           95368 kB
Cached:          1208832 kB
MemTotal:        1844596 kB
MemFree:           65300 kB
MemAvailable:    1344632 kB
Buffers:           95368 kB
Cached:          1208832 kB
MemTotal:        1844596 kB
MemFree:           66684 kB
MemAvailable:    1346016 kB
Buffers:           95368 kB
Cached:          1208832 kB
MemTotal:        1844596 kB
MemFree:           64896 kB
MemAvailable:    1344228 kB
Buffers:           95368 kB
Cached:          1208832 kB
MemTotal:        1844596 kB
MemFree:           65804 kB
MemAvailable:    1345224 kB
Buffers:           95368 kB
Cached:          1208960 kB
MemTotal:        1844596 kB
MemFree:           64488 kB
MemAvailable:    1343908 kB
Buffers:           95368 kB
Cached:          1209084 kB
MemTotal:        1844596 kB
MemFree:           64304 kB
MemAvailable:    1343976 kB
Buffers:           95368 kB
Cached:          1209208 kB
MemTotal:        1844596 kB
MemFree:           65900 kB
MemAvailable:    1345740 kB
Buffers:           95368 kB
Cached:          1209332 kB
MemTotal:        1844596 kB
MemFree:           65648 kB
MemAvailable:    1345488 kB
Buffers:           95368 kB
Cached:          1209332 kB
MemTotal:        1844596 kB
MemFree:           64444 kB
MemAvailable:    1344284 kB
Buffers:           95368 kB
Cached:          1209332 kB
MemTotal:        1844596 kB
MemFree:           65256 kB
MemAvailable:    1345180 kB
Buffers:           95368 kB
Cached:          1209456 kB
MemTotal:        1844596 kB
MemFree:           65056 kB
MemAvailable:    1344980 kB
Buffers:           95368 kB
Cached:          1209456 kB
MemTotal:        1844596 kB
MemFree:           63872 kB
MemAvailable:    1343796 kB
Buffers:           95368 kB
Cached:          1209456 kB
MemTotal:        1844596 kB
MemFree:           65276 kB
MemAvailable:    1345200 kB
Buffers:           95368 kB
Cached:          1209456 kB
MemTotal:        1844596 kB
MemFree:           65292 kB
MemAvailable:    1345216 kB
Buffers:           95368 kB
Cached:          1209456 kB
MemTotal:        1844596 kB
MemFree:           64204 kB
MemAvailable:    1344128 kB
Buffers:           95368 kB
Cached:          1209456 kB
MemTotal:        1844596 kB
MemFree:           65536 kB
MemAvailable:    1345544 kB
Buffers:           95368 kB
Cached:          1209580 kB
MemTotal:        1844596 kB
MemFree:           65500 kB
MemAvailable:    1344836 kB
Buffers:           95368 kB
Cached:          1208864 kB
MemTotal:        1844596 kB
MemFree:           65876 kB
MemAvailable:    1345212 kB
Buffers:           95368 kB
Cached:          1208864 kB
MemTotal:        1844596 kB
MemFree:          143936 kB
MemAvailable:    1423272 kB
Buffers:           95368 kB
Cached:          1208864 kB
MemTotal:        1844596 kB
MemFree:          247500 kB
MemAvailable:    1526836 kB
Buffers:           95368 kB
Cached:          1208864 kB
