MemTotal:        1844596 kB
MemFree:          263992 kB
MemAvailable:    1547616 kB
Buffers:          105584 kB
Cached:          1191760 kB
MemTotal:        1844596 kB
MemFree:          236372 kB
MemAvailable:    1520004 kB
Buffers:          105584 kB
Cached:          1191764 kB
MemTotal:        1844596 kB
MemFree:          235000 kB
MemAvailable:    1518632 kB
Buffers:          105584 kB
Cached:          1191764 kB
MemTotal:        1844596 kB
MemFree:          234256 kB
MemAvailable:    1517888 kB
Buffers:          105584 kB
Cached:          1191764 kB
MemTotal:        1844596 kB
MemFree:          234008 kB
MemAvailable:    1517640 kB
Buffers:          105584 kB
Cached:          1191764 kB
MemTotal:        1844596 kB
MemFree:          231908 kB
MemAvailable:    1515540 kB
Buffers:          105584 kB
Cached:          1191764 kB
MemTotal:        1844596 kB
MemFree:          232032 kB
MemAvailable:    1515664 kB
Buffers:          105584 kB
Cached:          1191764 kB
MemTotal:        1844596 kB
MemFree:          229784 kB
MemAvailable:    1513416 kB
Buffers:          105584 kB
Cached:          1191764 kB
MemTotal:        1844596 kB
MemFree:          229056 kB
MemAvailable:    1512688 kB
Buffers:          105584 kB
Cached:          1191764 kB
MemTotal:        1844596 kB
MemFree:          226700 kB
MemAvailable:    1510332 kB
Buffers:          105584 kB
Cached:          1191764 kB
MemTotal:        1844596 kB
MemFree:          222236 kB
MemAvailable:    1505868 kB
Buffers:          105584 kB
Cached:          1191764 kB
MemTotal:        1844596 kB
MemFree:          224396 kB
MemAvailable:    1508028 kB
Buffers:          105584 kB
Cached:          1191764 kB
MemTotal:        1844596 kB
MemFree:          224296 kB
MemAvailable:    1507928 kB
Buffers:          105584 kB
Cached:          1191764 kB
MemTotal:        1844596 kB
MemFree:          224548 kB
MemAvailable:    1508180 kB
Buffers:          105584 kB
Cached:          1191764 kB
MemTotal:        1844596 kB
MemFree:          223056 kB
MemAvailable:    1506688 kB
Buffers:          105584 kB
Cached:          1191764 kB
MemTotal:        1844596 kB
MemFree:          224072 kB
MemAvailable:    1507704 kB
Buffers:          105584 kB
Cached:          1191764 kB
MemTotal:        1844596 kB
MemFree:          224156 kB
MemAvailable:    1507788 kB
Buffers:          105584 kB
Cached:          1191764 kB
MemTotal:        1844596 kB
MemFree:          223832 kB
MemAvailable:    1507464 kB
Buffers:          105584 kB
Cached:          1191764 kB
MemTotal:        1844596 kB
MemFree:          223520 kB
MemAvailable:    1507152 kB
Buffers:          105584 kB
Cached:          1191764 kB
MemTotal:        1844596 kB
MemFree:          223600 kB
MemAvailable:    1507232 kB
Buffers:          105584 kB
Cached:          1191764 kB
MemTotal:        1844596 kB
MemFree:          223640 kB
MemAvailable:    1507272 kB
Buffers:          105584 kB
Cached:          1191764 kB
MemTotal:        1844596 kB
MemFree:          223664 kB
MemAvailable:    1507296 kB
Buffers:          105584 kB
Cached:          1191764 kB
MemTotal:        1844596 kB
MemFree:          223664 kB
MemAvailable:    1507296 kB
Buffers:          105584 kB
Cached:          1191764 kB
MemTotal:        1844596 kB
MemFree:          223336 kB
MemAvailable:    1506968 kB
Buffers:          105584 kB
Cached:          1191764 kB
MemTotal:        1844596 kB
MemFree:          221864 kB
MemAvailable:    1505496 kB
Buffers:          105584 kB
Cached:          1191764 kB
MemTotal:        1844596 kB
MemFree:          221740 kB
MemAvailable:    1505372 kB
Buffers:          105584 kB
Cached:          1191764 kB
MemTotal:        1844596 kB
MemFree:          222600 kB
MemAvailable:    1506232 kB
Buffers:          105584 kB
Cached:          1191764 kB
MemTotal:        1844596 kB
MemFree:          222600 kB
MemAvailable:    1506232 kB
Buffers:          105584 kB
Cached:          1191764 kB
MemTotal:        1844596 kB
MemFree:          221196 kB
MemAvailable:    1504828 kB
Buffers:          105584 kB
Cached:          1191764 kB
MemTotal:        1844596 kB
MemFree:          222464 kB
MemAvailable:    1506096 kB
Buffers:          105584 kB
Cached:          1191764 kB
MemTotal:        1844596 kB
MemFree:          221988 kB
MemAvailable:    1505620 kB
Buffers:          105584 kB
Cached:          1191764 kB
MemTotal:        1844596 kB
MemFree:          220128 kB
MemAvailable:    1503760 kB
Buffers:          105584 kB
Cached:          1191764 kB
MemTotal:        1844596 kB
MemFree:          221236 kB
MemAvailable:    1504868 kB
Buffers:          105584 kB
Cached:          1191764 kB
MemTotal:        1844596 kB
MemFree:          221248 kB
MemAvailable:    1504880 kB
Buffers:          105584 kB
Cached:          1191764 kB
MemTotal:        1844596 kB
MemFree:          220128 kB
MemAvailable:    1503760 kB
Buffers:          105584 kB
Cached:          1191764 kB
MemTotal:        1844596 kB
MemFree:          221244 kB
MemAvailable:    1504876 kB
Buffers:          105584 kB
Cached:          1191764 kB
MemTotal:        1844596 kB
MemFree:          219744 kB
MemAvailable:    1503376 kB
Buffers:          105584 kB
Cached:          1191764 kB
MemTotal:        1844596 kB
MemFree:          219744 kB
MemAvailable:    1503376 kB
Buffers:          105584 kB
Cached:          1191764 kB
MemTotal:        1844596 kB
MemFree:          219952 kB
MemAvailable:    1503584 kB
Buffers:          105584 kB
Cached:          1191764 kB
MemTotal:        1844596 kB
MemFree:          219944 kB
MemAvailable:    1503576 kB
Buffers:          105584 kB
Cached:          1191764 kB
MemTotal:        1844596 kB
MemFree:          217896 kB
MemAvailable:    1501528 kB
Buffers:          105584 kB
Cached:          1191764 kB
MemTotal:        1844596 kB
MemFree:          216276 kB
MemAvailable:    1499908 kB
Buffers:          105584 kB
Cached:          1191764 kB
MemTotal:        1844596 kB
MemFree:          216160 kB
MemAvailable:    1499792 kB
Buffers:          105584 kB
Cached:          1191764 kB
MemTotal:        1844596 kB
MemFree:          216000 kB
MemAvailable:    1499632 kB
Buffers:          105584 kB
Cached:          1191764 kB
MemTotal:        1844596 kB
MemFree:          214660 kB
MemAvailable:    1498292 kB
Buffers:          105584 kB
Cached:          1191764 kB
MemTotal:        1844596 kB
MemFree:          215704 kB
MemAvailable:    1499336 kB
Buffers:          105584 kB
Cached:          1191764 kB
MemTotal:        1844596 kB
MemFree:          215632 kB
MemAvailable:    1499264 kB
Buffers:          105584 kB
Cached:          1191764 kB
MemTotal:        1844596 kB
MemFree:          215532 kB
MemAvailable:    1499164 kB
Buffers:          105584 kB
Cached:          1191764 kB
MemTotal:        1844596 kB
MemFree:          215348 kB
MemAvailable:    1498980 kB
Buffers:          105584 kB
Cached:          1191764 kB
MemTotal:        1844596 kB
MemFree:          215684 kB
MemAvailable:    1499316 kB
Buffers:          105584 kB
Cached:          1191764 kB
MemTotal:        1844596 kB
MemFree:          215728 kB
MemAvailable:    1499360 kB
Buffers:          105584 kB
Cached:          1191764 kB
MemTotal:        1844596 kB
MemFree:          214232 kB
MemAvailable:    1497864 kB
Buffers:          105584 kB
Cached:          1191764 kB
MemTotal:        1844596 kB
MemFree:          214224 kB
MemAvailable:    1497856 kB
Buffers:          105584 kB
Cached:          1191764 kB
MemTotal:        1844596 kB
MemFree:          215376 kB
MemAvailable:    1499012 kB
Buffers:          105584 kB
Cached:          1191768 kB
MemTotal:        1844596 kB
MemFree:          214176 kB
MemAvailable:    1497812 kB
Buffers:          105584 kB
Cached:          1191768 kB
MemTotal:        1844596 kB
MemFree:          212804 kB
MemAvailable:    1496440 kB
Buffers:          105584 kB
Cached:          1191768 kB
MemTotal:        1844596 kB
MemFree:          209712 kB
MemAvailable:    1493348 kB
Buffers:          105584 kB
Cached:          1191768 kB
MemTotal:        1844596 kB
MemFree:          209516 kB
MemAvailable:    1493152 kB
Buffers:          105584 kB
Cached:          1191768 kB
MemTotal:        1844596 kB
MemFree:          207968 kB
MemAvailable:    1491604 kB
Buffers:          105584 kB
Cached:          1191768 kB
MemTotal:        1844596 kB
MemFree:          207464 kB
MemAvailable:    1491184 kB
Buffers:          105584 kB
Cached:          1191768 kB
MemTotal:        1844596 kB
MemFree:          207548 kB
MemAvailable:    1491184 kB
Buffers:          105584 kB
Cached:          1191768 kB
MemTotal:        1844596 kB
MemFree:          207476 kB
MemAvailable:    1491112 kB
Buffers:          105584 kB
Cached:          1191768 kB
MemTotal:        1844596 kB
MemFree:          206240 kB
MemAvailable:    1489876 kB
Buffers:          105584 kB
Cached:          1191768 kB
MemTotal:        1844596 kB
MemFree:          205868 kB
MemAvailable:    1489504 kB
Buffers:          105584 kB
Cached:          1191768 kB
MemTotal:        1844596 kB
MemFree:          205744 kB
MemAvailable:    1489380 kB
Buffers:          105584 kB
Cached:          1191768 kB
MemTotal:        1844596 kB
MemFree:          205736 kB
MemAvailable:    1489372 kB
Buffers:          105584 kB
Cached:          1191768 kB
MemTotal:        1844596 kB
MemFree:          205496 kB
MemAvailable:    1489132 kB
Buffers:          105584 kB
Cached:          1191768 kB
MemTotal:        1844596 kB
MemFree:          206604 kB
MemAvailable:    1490240 kB
Buffers:          105584 kB
Cached:          1191768 kB
MemTotal:        1844596 kB
MemFree:          206856 kB
MemAvailable:    1490492 kB
Buffers:          105584 kB
Cached:          1191768 kB
MemTotal:        1844596 kB
MemFree:          205484 kB
MemAvailable:    1489120 kB
Buffers:          105584 kB
Cached:          1191768 kB
MemTotal:        1844596 kB
MemFree:          205360 kB
MemAvailable:    1488996 kB
Buffers:          105584 kB
Cached:          1191768 kB
MemTotal:        1844596 kB
MemFree:          206544 kB
MemAvailable:    1490180 kB
Buffers:          105584 kB
Cached:          1191768 kB
MemTotal:        1844596 kB
MemFree:          206544 kB
MemAvailable:    1490180 kB
Buffers:          105584 kB
Cached:          1191768 kB
MemTotal:        1844596 kB
MemFree:          206472 kB
MemAvailable:    1490108 kB
Buffers:          105584 kB
Cached:          1191768 kB
MemTotal:        1844596 kB
MemFree:          206400 kB
MemAvailable:    1490036 kB
Buffers:          105584 kB
Cached:          1191768 kB
MemTotal:        1844596 kB
MemFree:          206416 kB
MemAvailable:    1490052 kB
Buffers:          105584 kB
Cached:          1191768 kB
MemTotal:        1844596 kB
MemFree:          205096 kB
MemAvailable:    1488732 kB
Buffers:          105584 kB
Cached:          1191768 kB
MemTotal:        1844596 kB
MemFree:          206452 kB
MemAvailable:    1490088 kB
Buffers:          105584 kB
Cached:          1191768 kB
MemTotal:        1844596 kB
MemFree:          206156 kB
MemAvailable:    1489792 kB
Buffers:          105584 kB
Cached:          1191768 kB
MemTotal:        1844596 kB
MemFree:          206492 kB
MemAvailable:    1490128 kB
Buffers:          105584 kB
Cached:          1191768 kB
MemTotal:        1844596 kB
MemFree:          205116 kB
MemAvailable:    1488752 kB
Buffers:          105584 kB
Cached:          1191768 kB
MemTotal:        1844596 kB
MemFree:          204884 kB
MemAvailable:    1488520 kB
Buffers:          105584 kB
Cached:          1191768 kB
MemTotal:        1844596 kB
MemFree:          201580 kB
MemAvailable:    1485216 kB
Buffers:          105584 kB
Cached:          1191768 kB
MemTotal:        1844596 kB
MemFree:          198364 kB
MemAvailable:    1482000 kB
Buffers:          105584 kB
Cached:          1191768 kB
MemTotal:        1844596 kB
MemFree:          198108 kB
MemAvailable:    1481744 kB
Buffers:          105584 kB
Cached:          1191768 kB
MemTotal:        1844596 kB
MemFree:          196800 kB
MemAvailable:    1480436 kB
Buffers:          105584 kB
Cached:          1191768 kB
MemTotal:        1844596 kB
MemFree:          197992 kB
MemAvailable:    1481628 kB
Buffers:          105584 kB
Cached:          1191768 kB
MemTotal:        1844596 kB
MemFree:          198064 kB
MemAvailable:    1481700 kB
Buffers:          105584 kB
Cached:          1191768 kB
MemTotal:        1844596 kB
MemFree:          197924 kB
MemAvailable:    1481560 kB
Buffers:          105584 kB
Cached:          1191768 kB
MemTotal:        1844596 kB
MemFree:          196692 kB
MemAvailable:    1480328 kB
Buffers:          105584 kB
Cached:          1191768 kB
MemTotal:        1844596 kB
MemFree:          197500 kB
MemAvailable:    1481136 kB
Buffers:          105584 kB
Cached:          1191768 kB
MemTotal:        1844596 kB
MemFree:          197836 kB
MemAvailable:    1481472 kB
Buffers:          105584 kB
Cached:          1191768 kB
MemTotal:        1844596 kB
MemFree:          197676 kB
MemAvailable:    1481312 kB
Buffers:          105584 kB
Cached:          1191768 kB
MemTotal:        1844596 kB
MemFree:          197888 kB
MemAvailable:    1481524 kB
Buffers:          105584 kB
Cached:          1191768 kB
MemTotal:        1844596 kB
MemFree:          196396 kB
MemAvailable:    1480032 kB
Buffers:          105584 kB
Cached:          1191768 kB
MemTotal:        1844596 kB
MemFree:          197636 kB
MemAvailable:    1481272 kB
Buffers:          105584 kB
Cached:          1191768 kB
MemTotal:        1844596 kB
MemFree:          197492 kB
MemAvailable:    1481128 kB
Buffers:          105584 kB
Cached:          1191768 kB
MemTotal:        1844596 kB
MemFree:          197744 kB
MemAvailable:    1481380 kB
Buffers:          105584 kB
Cached:          1191768 kB
MemTotal:        1844596 kB
MemFree:          197624 kB
MemAvailable:    1481260 kB
Buffers:          105584 kB
Cached:          1191768 kB
MemTotal:        1844596 kB
MemFree:          197692 kB
MemAvailable:    1481328 kB
Buffers:          105584 kB
Cached:          1191768 kB
MemTotal:        1844596 kB
MemFree:          196272 kB
MemAvailable:    1479908 kB
Buffers:          105584 kB
Cached:          1191768 kB
MemTotal:        1844596 kB
MemFree:          197632 kB
MemAvailable:    1481268 kB
Buffers:          105584 kB
Cached:          1191768 kB
MemTotal:        1844596 kB
MemFree:          197544 kB
MemAvailable:    1481180 kB
Buffers:          105584 kB
Cached:          1191768 kB
MemTotal:        1844596 kB
MemFree:          197796 kB
MemAvailable:    1481432 kB
Buffers:          105584 kB
Cached:          1191768 kB
MemTotal:        1844596 kB
MemFree:          197672 kB
MemAvailable:    1481308 kB
Buffers:          105584 kB
Cached:          1191768 kB
MemTotal:        1844596 kB
MemFree:          197416 kB
MemAvailable:    1481052 kB
Buffers:          105584 kB
Cached:          1191768 kB
MemTotal:        1844596 kB
MemFree:          196508 kB
MemAvailable:    1480144 kB
Buffers:          105584 kB
Cached:          1191768 kB
MemTotal:        1844596 kB
MemFree:          196244 kB
MemAvailable:    1479880 kB
Buffers:          105584 kB
Cached:          1191768 kB
MemTotal:        1844596 kB
MemFree:          197520 kB
MemAvailable:    1481156 kB
Buffers:          105584 kB
Cached:          1191768 kB
MemTotal:        1844596 kB
MemFree:          197684 kB
MemAvailable:    1481320 kB
Buffers:          105584 kB
Cached:          1191768 kB
MemTotal:        1844596 kB
MemFree:          197504 kB
MemAvailable:    1481140 kB
Buffers:          105584 kB
Cached:          1191768 kB
MemTotal:        1844596 kB
MemFree:          196548 kB
MemAvailable:    1480184 kB
Buffers:          105584 kB
Cached:          1191768 kB
MemTotal:        1844596 kB
MemFree:          196424 kB
MemAvailable:    1480060 kB
Buffers:          105584 kB
Cached:          1191768 kB
MemTotal:        1844596 kB
MemFree:          197612 kB
MemAvailable:    1481248 kB
Buffers:          105584 kB
Cached:          1191768 kB
MemTotal:        1844596 kB
MemFree:          197612 kB
MemAvailable:    1481248 kB
Buffers:          105584 kB
Cached:          1191768 kB
MemTotal:        1844596 kB
MemFree:          197684 kB
MemAvailable:    1481320 kB
Buffers:          105584 kB
Cached:          1191768 kB
MemTotal:        1844596 kB
MemFree:          197764 kB
MemAvailable:    1481400 kB
Buffers:          105584 kB
Cached:          1191768 kB
MemTotal:        1844596 kB
MemFree:          196940 kB
MemAvailable:    1480576 kB
Buffers:          105584 kB
Cached:          1191768 kB
MemTotal:        1844596 kB
MemFree:          196404 kB
MemAvailable:    1480048 kB
Buffers:          105584 kB
Cached:          1191776 kB
MemTotal:        1844596 kB
MemFree:          197644 kB
MemAvailable:    1481288 kB
Buffers:          105584 kB
Cached:          1191776 kB
MemTotal:        1844596 kB
MemFree:          197620 kB
MemAvailable:    1481264 kB
Buffers:          105584 kB
Cached:          1191776 kB
MemTotal:        1844596 kB
MemFree:          196396 kB
MemAvailable:    1480040 kB
Buffers:          105584 kB
Cached:          1191776 kB
MemTotal:        1844596 kB
MemFree:          191964 kB
MemAvailable:    1475608 kB
Buffers:          105584 kB
Cached:          1191776 kB
MemTotal:        1844596 kB
MemFree:          191964 kB
MemAvailable:    1475608 kB
Buffers:          105584 kB
Cached:          1191776 kB
MemTotal:        1844596 kB
MemFree:          188260 kB
MemAvailable:    1471904 kB
Buffers:          105584 kB
Cached:          1191776 kB
MemTotal:        1844596 kB
MemFree:          185648 kB
MemAvailable:    1469292 kB
Buffers:          105584 kB
Cached:          1191776 kB
MemTotal:        1844596 kB
MemFree:          185532 kB
MemAvailable:    1469180 kB
Buffers:          105584 kB
Cached:          1191780 kB
MemTotal:        1844596 kB
MemFree:          185532 kB
MemAvailable:    1469180 kB
Buffers:          105584 kB
Cached:          1191780 kB
MemTotal:        1844596 kB
MemFree:          186896 kB
MemAvailable:    1470544 kB
Buffers:          105584 kB
Cached:          1191780 kB
MemTotal:        1844596 kB
MemFree:          186756 kB
MemAvailable:    1470404 kB
Buffers:          105584 kB
Cached:          1191780 kB
MemTotal:        1844596 kB
MemFree:          186400 kB
MemAvailable:    1470048 kB
Buffers:          105584 kB
Cached:          1191780 kB
MemTotal:        1844596 kB
MemFree:          186644 kB
MemAvailable:    1470292 kB
Buffers:          105584 kB
Cached:          1191780 kB
MemTotal:        1844596 kB
MemFree:          186752 kB
MemAvailable:    1470400 kB
Buffers:          105584 kB
Cached:          1191780 kB
MemTotal:        1844596 kB
MemFree:          186656 kB
MemAvailable:    1470304 kB
Buffers:          105584 kB
Cached:          1191780 kB
MemTotal:        1844596 kB
MemFree:          186724 kB
MemAvailable:    1470372 kB
Buffers:          105584 kB
Cached:          1191780 kB
MemTotal:        1844596 kB
MemFree:          185604 kB
MemAvailable:    1469252 kB
Buffers:          105584 kB
Cached:          1191780 kB
MemTotal:        1844596 kB
MemFree:          185472 kB
MemAvailable:    1469120 kB
Buffers:          105584 kB
Cached:          1191780 kB
MemTotal:        1844596 kB
MemFree:          186632 kB
MemAvailable:    1470280 kB
Buffers:          105584 kB
Cached:          1191780 kB
MemTotal:        1844596 kB
MemFree:          186884 kB
MemAvailable:    1470532 kB
Buffers:          105584 kB
Cached:          1191780 kB
MemTotal:        1844596 kB
MemFree:          185396 kB
MemAvailable:    1469044 kB
Buffers:          105584 kB
Cached:          1191780 kB
MemTotal:        1844596 kB
MemFree:          186640 kB
MemAvailable:    1470288 kB
Buffers:          105584 kB
Cached:          1191780 kB
MemTotal:        1844596 kB
MemFree:          186976 kB
MemAvailable:    1470624 kB
Buffers:          105584 kB
Cached:          1191780 kB
MemTotal:        1844596 kB
MemFree:          186724 kB
MemAvailable:    1470372 kB
Buffers:          105584 kB
Cached:          1191780 kB
MemTotal:        1844596 kB
MemFree:          186720 kB
MemAvailable:    1470368 kB
Buffers:          105584 kB
Cached:          1191780 kB
MemTotal:        1844596 kB
MemFree:          186036 kB
MemAvailable:    1469684 kB
Buffers:          105584 kB
Cached:          1191780 kB
MemTotal:        1844596 kB
MemFree:          186640 kB
MemAvailable:    1470288 kB
Buffers:          105584 kB
Cached:          1191780 kB
MemTotal:        1844596 kB
MemFree:          186976 kB
MemAvailable:    1470624 kB
Buffers:          105584 kB
Cached:          1191780 kB
MemTotal:        1844596 kB
MemFree:          186952 kB
MemAvailable:    1470600 kB
Buffers:          105584 kB
Cached:          1191780 kB
MemTotal:        1844596 kB
MemFree:          185352 kB
MemAvailable:    1469000 kB
Buffers:          105584 kB
Cached:          1191780 kB
MemTotal:        1844596 kB
MemFree:          185520 kB
MemAvailable:    1469168 kB
Buffers:          105584 kB
Cached:          1191780 kB
MemTotal:        1844596 kB
MemFree:          185760 kB
MemAvailable:    1469408 kB
Buffers:          105584 kB
Cached:          1191780 kB
MemTotal:        1844596 kB
MemFree:          186712 kB
MemAvailable:    1470360 kB
Buffers:          105584 kB
Cached:          1191780 kB
MemTotal:        1844596 kB
MemFree:          186684 kB
MemAvailable:    1470332 kB
Buffers:          105584 kB
Cached:          1191780 kB
MemTotal:        1844596 kB
MemFree:          187028 kB
MemAvailable:    1470676 kB
Buffers:          105584 kB
Cached:          1191780 kB
MemTotal:        1844596 kB
MemFree:          185484 kB
MemAvailable:    1469132 kB
Buffers:          105584 kB
Cached:          1191780 kB
MemTotal:        1844596 kB
MemFree:          186764 kB
MemAvailable:    1470412 kB
Buffers:          105584 kB
Cached:          1191780 kB
MemTotal:        1844596 kB
MemFree:          187016 kB
MemAvailable:    1470664 kB
Buffers:          105584 kB
Cached:          1191780 kB
MemTotal:        1844596 kB
MemFree:          186724 kB
MemAvailable:    1470372 kB
Buffers:          105584 kB
Cached:          1191780 kB
MemTotal:        1844596 kB
MemFree:          186888 kB
MemAvailable:    1470536 kB
Buffers:          105584 kB
Cached:          1191780 kB
MemTotal:        1844596 kB
MemFree:          186836 kB
MemAvailable:    1470484 kB
Buffers:          105584 kB
Cached:          1191780 kB
MemTotal:        1844596 kB
MemFree:          186756 kB
MemAvailable:    1470404 kB
Buffers:          105584 kB
Cached:          1191780 kB
MemTotal:        1844596 kB
MemFree:          186708 kB
MemAvailable:    1470356 kB
Buffers:          105584 kB
Cached:          1191780 kB
MemTotal:        1844596 kB
MemFree:          186036 kB
MemAvailable:    1469684 kB
Buffers:          105584 kB
Cached:          1191780 kB
MemTotal:        1844596 kB
MemFree:          186640 kB
MemAvailable:    1470288 kB
Buffers:          105584 kB
Cached:          1191780 kB
MemTotal:        1844596 kB
MemFree:          186896 kB
MemAvailable:    1470544 kB
Buffers:          105584 kB
Cached:          1191780 kB
MemTotal:        1844596 kB
MemFree:          186632 kB
MemAvailable:    1470280 kB
Buffers:          105584 kB
Cached:          1191780 kB
MemTotal:        1844596 kB
MemFree:          186220 kB
MemAvailable:    1469868 kB
Buffers:          105584 kB
Cached:          1191780 kB
MemTotal:        1844596 kB
MemFree:          186468 kB
MemAvailable:    1470120 kB
Buffers:          105584 kB
Cached:          1191784 kB
MemTotal:        1844596 kB
MemFree:          186804 kB
MemAvailable:    1470456 kB
Buffers:          105584 kB
Cached:          1191784 kB
MemTotal:        1844596 kB
MemFree:          186700 kB
MemAvailable:    1470352 kB
Buffers:          105584 kB
Cached:          1191784 kB
MemTotal:        1844596 kB
MemFree:          185400 kB
MemAvailable:    1469052 kB
Buffers:          105584 kB
Cached:          1191784 kB
MemTotal:        1844596 kB
MemFree:          186640 kB
MemAvailable:    1470292 kB
Buffers:          105584 kB
Cached:          1191784 kB
MemTotal:        1844596 kB
MemFree:          186444 kB
MemAvailable:    1470096 kB
Buffers:          105584 kB
Cached:          1191784 kB
MemTotal:        1844596 kB
MemFree:          185772 kB
MemAvailable:    1469424 kB
Buffers:          105584 kB
Cached:          1191784 kB
MemTotal:        1844596 kB
MemFree:          186028 kB
MemAvailable:    1469680 kB
Buffers:          105584 kB
Cached:          1191784 kB
MemTotal:        1844596 kB
MemFree:          185508 kB
MemAvailable:    1469160 kB
Buffers:          105584 kB
Cached:          1191784 kB
MemTotal:        1844596 kB
MemFree:          185844 kB
MemAvailable:    1469496 kB
Buffers:          105584 kB
Cached:          1191784 kB
MemTotal:        1844596 kB
MemFree:          185352 kB
MemAvailable:    1469004 kB
Buffers:          105584 kB
Cached:          1191784 kB
MemTotal:        1844596 kB
MemFree:          185408 kB
MemAvailable:    1469060 kB
Buffers:          105584 kB
Cached:          1191784 kB
MemTotal:        1844596 kB
MemFree:          185520 kB
MemAvailable:    1469172 kB
Buffers:          105584 kB
Cached:          1191784 kB
MemTotal:        1844596 kB
MemFree:          184092 kB
MemAvailable:    1467744 kB
Buffers:          105584 kB
Cached:          1191784 kB
MemTotal:        1844596 kB
MemFree:          185464 kB
MemAvailable:    1469116 kB
Buffers:          105584 kB
Cached:          1191784 kB
MemTotal:        1844596 kB
MemFree:          185244 kB
MemAvailable:    1468896 kB
Buffers:          105584 kB
Cached:          1191784 kB
MemTotal:        1844596 kB
MemFree:          185496 kB
MemAvailable:    1469148 kB
Buffers:          105584 kB
Cached:          1191784 kB
MemTotal:        1844596 kB
MemFree:          183988 kB
MemAvailable:    1467640 kB
Buffers:          105584 kB
Cached:          1191784 kB
MemTotal:        1844596 kB
MemFree:          183988 kB
MemAvailable:    1467640 kB
Buffers:          105584 kB
Cached:          1191784 kB
MemTotal:        1844596 kB
MemFree:          185280 kB
MemAvailable:    1468932 kB
Buffers:          105584 kB
Cached:          1191784 kB
MemTotal:        1844596 kB
MemFree:          185476 kB
MemAvailable:    1469128 kB
Buffers:          105584 kB
Cached:          1191784 kB
MemTotal:        1844596 kB
MemFree:          184104 kB
MemAvailable:    1467756 kB
Buffers:          105584 kB
Cached:          1191784 kB
MemTotal:        1844596 kB
MemFree:          184992 kB
MemAvailable:    1468644 kB
Buffers:          105584 kB
Cached:          1191784 kB
MemTotal:        1844596 kB
MemFree:          184788 kB
MemAvailable:    1468440 kB
Buffers:          105584 kB
Cached:          1191784 kB
MemTotal:        1844596 kB
MemFree:          185100 kB
MemAvailable:    1468752 kB
Buffers:          105584 kB
Cached:          1191784 kB
MemTotal:        1844596 kB
MemFree:          185352 kB
MemAvailable:    1469004 kB
Buffers:          105584 kB
Cached:          1191784 kB
MemTotal:        1844596 kB
MemFree:          184648 kB
MemAvailable:    1468300 kB
Buffers:          105584 kB
Cached:          1191784 kB
MemTotal:        1844596 kB
MemFree:          183904 kB
MemAvailable:    1467556 kB
Buffers:          105584 kB
Cached:          1191784 kB
MemTotal:        1844596 kB
MemFree:          183604 kB
MemAvailable:    1467256 kB
Buffers:          105584 kB
Cached:          1191784 kB
MemTotal:        1844596 kB
MemFree:          185072 kB
MemAvailable:    1468724 kB
Buffers:          105584 kB
Cached:          1191784 kB
MemTotal:        1844596 kB
MemFree:          183764 kB
MemAvailable:    1467416 kB
Buffers:          105584 kB
Cached:          1191784 kB
MemTotal:        1844596 kB
MemFree:          182804 kB
MemAvailable:    1466456 kB
Buffers:          105584 kB
Cached:          1191784 kB
MemTotal:        1844596 kB
MemFree:          179332 kB
MemAvailable:    1462988 kB
Buffers:          105584 kB
Cached:          1191788 kB
MemTotal:        1844596 kB
MemFree:          176356 kB
MemAvailable:    1460012 kB
Buffers:          105584 kB
Cached:          1191788 kB
MemTotal:        1844596 kB
MemFree:          173380 kB
MemAvailable:    1457036 kB
Buffers:          105584 kB
Cached:          1191788 kB
MemTotal:        1844596 kB
MemFree:          172760 kB
MemAvailable:    1456416 kB
Buffers:          105584 kB
Cached:          1191788 kB
MemTotal:        1844596 kB
MemFree:          173008 kB
MemAvailable:    1456664 kB
Buffers:          105584 kB
Cached:          1191788 kB
MemTotal:        1844596 kB
MemFree:          173620 kB
MemAvailable:    1457276 kB
Buffers:          105584 kB
Cached:          1191788 kB
MemTotal:        1844596 kB
MemFree:          172644 kB
MemAvailable:    1456300 kB
Buffers:          105584 kB
Cached:          1191788 kB
MemTotal:        1844596 kB
MemFree:          173176 kB
MemAvailable:    1456832 kB
Buffers:          105584 kB
Cached:          1191788 kB
MemTotal:        1844596 kB
MemFree:          172752 kB
MemAvailable:    1456408 kB
Buffers:          105584 kB
Cached:          1191788 kB
MemTotal:        1844596 kB
MemFree:          172396 kB
MemAvailable:    1456052 kB
Buffers:          105584 kB
Cached:          1191788 kB
MemTotal:        1844596 kB
MemFree:          171628 kB
MemAvailable:    1455284 kB
Buffers:          105584 kB
Cached:          1191788 kB
MemTotal:        1844596 kB
MemFree:          171840 kB
MemAvailable:    1455496 kB
Buffers:          105584 kB
Cached:          1191788 kB
MemTotal:        1844596 kB
MemFree:          170024 kB
MemAvailable:    1453680 kB
Buffers:          105584 kB
Cached:          1191788 kB
MemTotal:        1844596 kB
MemFree:          170024 kB
MemAvailable:    1453680 kB
Buffers:          105584 kB
Cached:          1191788 kB
MemTotal:        1844596 kB
MemFree:          169912 kB
MemAvailable:    1453568 kB
Buffers:          105584 kB
Cached:          1191788 kB
MemTotal:        1844596 kB
MemFree:          170040 kB
MemAvailable:    1453696 kB
Buffers:          105584 kB
Cached:          1191788 kB
MemTotal:        1844596 kB
MemFree:          169164 kB
MemAvailable:    1452820 kB
Buffers:          105584 kB
Cached:          1191788 kB
MemTotal:        1844596 kB
MemFree:          169756 kB
MemAvailable:    1453412 kB
Buffers:          105584 kB
Cached:          1191788 kB
MemTotal:        1844596 kB
MemFree:          170092 kB
MemAvailable:    1453748 kB
Buffers:          105584 kB
Cached:          1191788 kB
MemTotal:        1844596 kB
MemFree:          169776 kB
MemAvailable:    1453432 kB
Buffers:          105584 kB
Cached:          1191788 kB
MemTotal:        1844596 kB
MemFree:          169944 kB
MemAvailable:    1453600 kB
Buffers:          105584 kB
Cached:          1191788 kB
MemTotal:        1844596 kB
MemFree:          168536 kB
MemAvailable:    1452192 kB
Buffers:          105584 kB
Cached:          1191788 kB
MemTotal:        1844596 kB
MemFree:          170024 kB
MemAvailable:    1453680 kB
Buffers:          105584 kB
Cached:          1191788 kB
MemTotal:        1844596 kB
MemFree:          170024 kB
MemAvailable:    1453680 kB
Buffers:          105584 kB
Cached:          1191788 kB
MemTotal:        1844596 kB
MemFree:          169912 kB
MemAvailable:    1453568 kB
Buffers:          105584 kB
Cached:          1191788 kB
MemTotal:        1844596 kB
MemFree:          168612 kB
MemAvailable:    1452268 kB
Buffers:          105584 kB
Cached:          1191788 kB
MemTotal:        1844596 kB
MemFree:          169272 kB
MemAvailable:    1452928 kB
Buffers:          105584 kB
Cached:          1191788 kB
MemTotal:        1844596 kB
MemFree:          168048 kB
MemAvailable:    1451704 kB
Buffers:          105584 kB
Cached:          1191788 kB
MemTotal:        1844596 kB
MemFree:          169248 kB
MemAvailable:    1452904 kB
Buffers:          105584 kB
Cached:          1191788 kB
MemTotal:        1844596 kB
MemFree:          167428 kB
MemAvailable:    1451084 kB
Buffers:          105584 kB
Cached:          1191788 kB
MemTotal:        1844596 kB
MemFree:          167908 kB
MemAvailable:    1451564 kB
Buffers:          105584 kB
Cached:          1191788 kB
MemTotal:        1844596 kB
MemFree:          168048 kB
MemAvailable:    1451704 kB
Buffers:          105584 kB
Cached:          1191788 kB
MemTotal:        1844596 kB
MemFree:          167972 kB
MemAvailable:    1451628 kB
Buffers:          105584 kB
Cached:          1191788 kB
MemTotal:        1844596 kB
MemFree:          167612 kB
MemAvailable:    1451268 kB
Buffers:          105584 kB
Cached:          1191788 kB
MemTotal:        1844596 kB
MemFree:          166312 kB
MemAvailable:    1449968 kB
Buffers:          105584 kB
Cached:          1191788 kB
MemTotal:        1844596 kB
MemFree:          166436 kB
MemAvailable:    1450092 kB
Buffers:          105584 kB
Cached:          1191788 kB
MemTotal:        1844596 kB
MemFree:          166916 kB
MemAvailable:    1450572 kB
Buffers:          105584 kB
Cached:          1191788 kB
MemTotal:        1844596 kB
MemFree:          166916 kB
MemAvailable:    1450572 kB
Buffers:          105584 kB
Cached:          1191788 kB
MemTotal:        1844596 kB
MemFree:          166412 kB
MemAvailable:    1450068 kB
Buffers:          105584 kB
Cached:          1191788 kB
MemTotal:        1844596 kB
MemFree:          166664 kB
MemAvailable:    1450320 kB
Buffers:          105584 kB
Cached:          1191788 kB
MemTotal:        1844596 kB
MemFree:          166064 kB
MemAvailable:    1449720 kB
Buffers:          105584 kB
Cached:          1191788 kB
MemTotal:        1844596 kB
MemFree:          164816 kB
MemAvailable:    1448472 kB
Buffers:          105584 kB
Cached:          1191788 kB
MemTotal:        1844596 kB
MemFree:          165800 kB
MemAvailable:    1449456 kB
Buffers:          105584 kB
Cached:          1191788 kB
MemTotal:        1844596 kB
MemFree:          165576 kB
MemAvailable:    1449232 kB
Buffers:          105584 kB
Cached:          1191788 kB
MemTotal:        1844596 kB
MemFree:          164568 kB
MemAvailable:    1448224 kB
Buffers:          105584 kB
Cached:          1191788 kB
MemTotal:        1844596 kB
MemFree:          165924 kB
MemAvailable:    1449580 kB
Buffers:          105584 kB
Cached:          1191788 kB
MemTotal:        1844596 kB
MemFree:          166008 kB
MemAvailable:    1449664 kB
Buffers:          105584 kB
Cached:          1191788 kB
MemTotal:        1844596 kB
MemFree:          165812 kB
MemAvailable:    1449468 kB
Buffers:          105584 kB
Cached:          1191788 kB
MemTotal:        1844596 kB
MemFree:          165940 kB
MemAvailable:    1449596 kB
Buffers:          105584 kB
Cached:          1191788 kB
MemTotal:        1844596 kB
MemFree:          165064 kB
MemAvailable:    1448720 kB
Buffers:          105584 kB
Cached:          1191788 kB
MemTotal:        1844596 kB
MemFree:          164700 kB
MemAvailable:    1448360 kB
Buffers:          105584 kB
Cached:          1191792 kB
MemTotal:        1844596 kB
MemFree:          165876 kB
MemAvailable:    1449536 kB
Buffers:          105584 kB
Cached:          1191792 kB
MemTotal:        1844596 kB
MemFree:          165552 kB
MemAvailable:    1449212 kB
Buffers:          105584 kB
Cached:          1191792 kB
MemTotal:        1844596 kB
MemFree:          165804 kB
MemAvailable:    1449464 kB
Buffers:          105584 kB
Cached:          1191792 kB
MemTotal:        1844596 kB
MemFree:          164280 kB
MemAvailable:    1447940 kB
Buffers:          105584 kB
Cached:          1191792 kB
MemTotal:        1844596 kB
MemFree:          165552 kB
MemAvailable:    1449212 kB
Buffers:          105584 kB
Cached:          1191792 kB
MemTotal:        1844596 kB
MemFree:          165804 kB
MemAvailable:    1449464 kB
Buffers:          105584 kB
Cached:          1191792 kB
MemTotal:        1844596 kB
MemFree:          165512 kB
MemAvailable:    1449172 kB
Buffers:          105584 kB
Cached:          1191792 kB
MemTotal:        1844596 kB
MemFree:          165560 kB
MemAvailable:    1449220 kB
Buffers:          105584 kB
Cached:          1191792 kB
MemTotal:        1844596 kB
MemFree:          164260 kB
MemAvailable:    1447920 kB
Buffers:          105584 kB
Cached:          1191792 kB
MemTotal:        1844596 kB
MemFree:          165560 kB
MemAvailable:    1449220 kB
Buffers:          105584 kB
Cached:          1191792 kB
MemTotal:        1844596 kB
MemFree:          165536 kB
MemAvailable:    1449196 kB
Buffers:          105584 kB
Cached:          1191792 kB
MemTotal:        1844596 kB
MemFree:          165204 kB
MemAvailable:    1448864 kB
Buffers:          105584 kB
Cached:          1191792 kB
MemTotal:        1844596 kB
MemFree:          164064 kB
MemAvailable:    1447724 kB
Buffers:          105584 kB
Cached:          1191792 kB
MemTotal:        1844596 kB
MemFree:          164568 kB
MemAvailable:    1448228 kB
Buffers:          105584 kB
Cached:          1191792 kB
MemTotal:        1844596 kB
MemFree:          164528 kB
MemAvailable:    1448188 kB
Buffers:          105584 kB
Cached:          1191792 kB
MemTotal:        1844596 kB
MemFree:          164804 kB
MemAvailable:    1448464 kB
Buffers:          105584 kB
Cached:          1191792 kB
MemTotal:        1844596 kB
MemFree:          164636 kB
MemAvailable:    1448296 kB
Buffers:          105584 kB
Cached:          1191792 kB
MemTotal:        1844596 kB
MemFree:          164188 kB
MemAvailable:    1447848 kB
Buffers:          105584 kB
Cached:          1191792 kB
MemTotal:        1844596 kB
MemFree:          164080 kB
MemAvailable:    1447740 kB
Buffers:          105584 kB
Cached:          1191792 kB
MemTotal:        1844596 kB
MemFree:          163032 kB
MemAvailable:    1446692 kB
Buffers:          105584 kB
Cached:          1191792 kB
MemTotal:        1844596 kB
MemFree:          160608 kB
MemAvailable:    1444268 kB
Buffers:          105584 kB
Cached:          1191792 kB
MemTotal:        1844596 kB
MemFree:          158360 kB
MemAvailable:    1442020 kB
Buffers:          105584 kB
Cached:          1191792 kB
MemTotal:        1844596 kB
MemFree:          158252 kB
MemAvailable:    1441912 kB
Buffers:          105584 kB
Cached:          1191792 kB
MemTotal:        1844596 kB
MemFree:          154832 kB
MemAvailable:    1438492 kB
Buffers:          105584 kB
Cached:          1191792 kB
MemTotal:        1844596 kB
MemFree:          150928 kB
MemAvailable:    1434588 kB
Buffers:          105584 kB
Cached:          1191792 kB
MemTotal:        1844596 kB
MemFree:          150440 kB
MemAvailable:    1434108 kB
Buffers:          105584 kB
Cached:          1191800 kB
MemTotal:        1844596 kB
MemFree:          145976 kB
MemAvailable:    1429644 kB
Buffers:          105584 kB
Cached:          1191800 kB
MemTotal:        1844596 kB
MemFree:          147216 kB
MemAvailable:    1430884 kB
Buffers:          105584 kB
Cached:          1191800 kB
MemTotal:        1844596 kB
MemFree:          147076 kB
MemAvailable:    1430744 kB
Buffers:          105584 kB
Cached:          1191800 kB
MemTotal:        1844596 kB
MemFree:          146720 kB
MemAvailable:    1430388 kB
Buffers:          105584 kB
Cached:          1191800 kB
MemTotal:        1844596 kB
MemFree:          147132 kB
MemAvailable:    1430800 kB
Buffers:          105584 kB
Cached:          1191800 kB
MemTotal:        1844596 kB
MemFree:          146108 kB
MemAvailable:    1429776 kB
Buffers:          105584 kB
Cached:          1191800 kB
MemTotal:        1844596 kB
MemFree:          146704 kB
MemAvailable:    1430372 kB
Buffers:          105584 kB
Cached:          1191800 kB
MemTotal:        1844596 kB
MemFree:          147040 kB
MemAvailable:    1430708 kB
Buffers:          105584 kB
Cached:          1191800 kB
MemTotal:        1844596 kB
MemFree:          146796 kB
MemAvailable:    1430464 kB
Buffers:          105584 kB
Cached:          1191800 kB
MemTotal:        1844596 kB
MemFree:          146836 kB
MemAvailable:    1430504 kB
Buffers:          105584 kB
Cached:          1191800 kB
MemTotal:        1844596 kB
MemFree:          146604 kB
MemAvailable:    1430272 kB
Buffers:          105584 kB
Cached:          1191800 kB
MemTotal:        1844596 kB
MemFree:          146848 kB
MemAvailable:    1430516 kB
Buffers:          105584 kB
Cached:          1191800 kB
MemTotal:        1844596 kB
MemFree:          145676 kB
MemAvailable:    1429344 kB
Buffers:          105584 kB
Cached:          1191800 kB
MemTotal:        1844596 kB
MemFree:          145232 kB
MemAvailable:    1428900 kB
Buffers:          105584 kB
Cached:          1191800 kB
MemTotal:        1844596 kB
MemFree:          145960 kB
MemAvailable:    1429628 kB
Buffers:          105584 kB
Cached:          1191800 kB
MemTotal:        1844596 kB
MemFree:          144596 kB
MemAvailable:    1428264 kB
Buffers:          105584 kB
Cached:          1191800 kB
MemTotal:        1844596 kB
MemFree:          146044 kB
MemAvailable:    1429712 kB
Buffers:          105584 kB
Cached:          1191800 kB
MemTotal:        1844596 kB
MemFree:          145900 kB
MemAvailable:    1429568 kB
Buffers:          105584 kB
Cached:          1191800 kB
MemTotal:        1844596 kB
MemFree:          145976 kB
MemAvailable:    1429644 kB
Buffers:          105584 kB
Cached:          1191800 kB
MemTotal:        1844596 kB
MemFree:          144680 kB
MemAvailable:    1428348 kB
Buffers:          105584 kB
Cached:          1191800 kB
MemTotal:        1844596 kB
MemFree:          146040 kB
MemAvailable:    1429708 kB
Buffers:          105584 kB
Cached:          1191800 kB
MemTotal:        1844596 kB
MemFree:          146040 kB
MemAvailable:    1429708 kB
Buffers:          105584 kB
Cached:          1191800 kB
MemTotal:        1844596 kB
MemFree:          145980 kB
MemAvailable:    1429648 kB
Buffers:          105584 kB
Cached:          1191800 kB
MemTotal:        1844596 kB
MemFree:          144972 kB
MemAvailable:    1428640 kB
Buffers:          105584 kB
Cached:          1191800 kB
MemTotal:        1844596 kB
MemFree:          146024 kB
MemAvailable:    1429692 kB
Buffers:          105584 kB
Cached:          1191800 kB
MemTotal:        1844596 kB
MemFree:          145976 kB
MemAvailable:    1429644 kB
Buffers:          105584 kB
Cached:          1191800 kB
MemTotal:        1844596 kB
MemFree:          145364 kB
MemAvailable:    1429032 kB
Buffers:          105584 kB
Cached:          1191800 kB
MemTotal:        1844596 kB
MemFree:          145836 kB
MemAvailable:    1429504 kB
Buffers:          105584 kB
Cached:          1191800 kB
MemTotal:        1844596 kB
MemFree:          146172 kB
MemAvailable:    1429840 kB
Buffers:          105584 kB
Cached:          1191800 kB
MemTotal:        1844596 kB
MemFree:          145980 kB
MemAvailable:    1429648 kB
Buffers:          105584 kB
Cached:          1191800 kB
MemTotal:        1844596 kB
MemFree:          146204 kB
MemAvailable:    1429872 kB
Buffers:          105584 kB
Cached:          1191800 kB
MemTotal:        1844596 kB
MemFree:          145364 kB
MemAvailable:    1429032 kB
Buffers:          105584 kB
Cached:          1191800 kB
MemTotal:        1844596 kB
MemFree:          145928 kB
MemAvailable:    1429600 kB
Buffers:          105584 kB
Cached:          1191804 kB
MemTotal:        1844596 kB
MemFree:          146184 kB
MemAvailable:    1429856 kB
Buffers:          105584 kB
Cached:          1191804 kB
MemTotal:        1844596 kB
MemFree:          142860 kB
MemAvailable:    1426532 kB
Buffers:          105584 kB
Cached:          1191804 kB
MemTotal:        1844596 kB
MemFree:          142628 kB
MemAvailable:    1426300 kB
Buffers:          105584 kB
Cached:          1191804 kB
MemTotal:        1844596 kB
MemFree:          139032 kB
MemAvailable:    1422704 kB
Buffers:          105584 kB
Cached:          1191804 kB
MemTotal:        1844596 kB
MemFree:          134428 kB
MemAvailable:    1418100 kB
Buffers:          105584 kB
Cached:          1191804 kB
MemTotal:        1844596 kB
MemFree:          134512 kB
MemAvailable:    1418184 kB
Buffers:          105584 kB
Cached:          1191804 kB
MemTotal:        1844596 kB
MemFree:          130228 kB
MemAvailable:    1413900 kB
Buffers:          105584 kB
Cached:          1191804 kB
MemTotal:        1844596 kB
MemFree:          126872 kB
MemAvailable:    1410544 kB
Buffers:          105584 kB
Cached:          1191804 kB
MemTotal:        1844596 kB
MemFree:          126880 kB
MemAvailable:    1410552 kB
Buffers:          105584 kB
Cached:          1191804 kB
MemTotal:        1844596 kB
MemFree:          127856 kB
MemAvailable:    1411528 kB
Buffers:          105584 kB
Cached:          1191804 kB
MemTotal:        1844596 kB
MemFree:          127236 kB
MemAvailable:    1410908 kB
Buffers:          105584 kB
Cached:          1191804 kB
MemTotal:        1844596 kB
MemFree:          128080 kB
MemAvailable:    1411752 kB
Buffers:          105584 kB
Cached:          1191804 kB
MemTotal:        1844596 kB
MemFree:          126880 kB
MemAvailable:    1410552 kB
Buffers:          105584 kB
Cached:          1191804 kB
MemTotal:        1844596 kB
MemFree:          127864 kB
MemAvailable:    1411540 kB
Buffers:          105584 kB
Cached:          1191808 kB
MemTotal:        1844596 kB
MemFree:          127120 kB
MemAvailable:    1410796 kB
Buffers:          105584 kB
Cached:          1191808 kB
MemTotal:        1844596 kB
MemFree:          127760 kB
MemAvailable:    1411436 kB
Buffers:          105584 kB
Cached:          1191808 kB
MemTotal:        1844596 kB
MemFree:          126632 kB
MemAvailable:    1410308 kB
Buffers:          105584 kB
Cached:          1191808 kB
MemTotal:        1844596 kB
MemFree:          126756 kB
MemAvailable:    1410432 kB
Buffers:          105584 kB
Cached:          1191808 kB
MemTotal:        1844596 kB
MemFree:          126460 kB
MemAvailable:    1410136 kB
Buffers:          105584 kB
Cached:          1191808 kB
MemTotal:        1844596 kB
MemFree:          126744 kB
MemAvailable:    1410420 kB
Buffers:          105584 kB
Cached:          1191808 kB
MemTotal:        1844596 kB
MemFree:          127680 kB
MemAvailable:    1411356 kB
Buffers:          105584 kB
Cached:          1191808 kB
MemTotal:        1844596 kB
MemFree:          127932 kB
MemAvailable:    1411608 kB
Buffers:          105584 kB
Cached:          1191808 kB
MemTotal:        1844596 kB
MemFree:          127860 kB
MemAvailable:    1411536 kB
Buffers:          105584 kB
Cached:          1191808 kB
MemTotal:        1844596 kB
MemFree:          126736 kB
MemAvailable:    1410412 kB
Buffers:          105584 kB
Cached:          1191808 kB
MemTotal:        1844596 kB
MemFree:          128000 kB
MemAvailable:    1411676 kB
Buffers:          105584 kB
Cached:          1191808 kB
MemTotal:        1844596 kB
MemFree:          126316 kB
MemAvailable:    1409992 kB
Buffers:          105584 kB
Cached:          1191808 kB
MemTotal:        1844596 kB
MemFree:          127716 kB
MemAvailable:    1411392 kB
Buffers:          105584 kB
Cached:          1191808 kB
MemTotal:        1844596 kB
MemFree:          127968 kB
MemAvailable:    1411644 kB
Buffers:          105584 kB
Cached:          1191808 kB
MemTotal:        1844596 kB
MemFree:          126460 kB
MemAvailable:    1410136 kB
Buffers:          105584 kB
Cached:          1191808 kB
MemTotal:        1844596 kB
MemFree:          127752 kB
MemAvailable:    1411428 kB
Buffers:          105584 kB
Cached:          1191808 kB
MemTotal:        1844596 kB
MemFree:          127948 kB
MemAvailable:    1411624 kB
Buffers:          105584 kB
Cached:          1191808 kB
MemTotal:        1844596 kB
MemFree:          127692 kB
MemAvailable:    1411368 kB
Buffers:          105584 kB
Cached:          1191808 kB
MemTotal:        1844596 kB
MemFree:          127756 kB
MemAvailable:    1411432 kB
Buffers:          105584 kB
Cached:          1191808 kB
MemTotal:        1844596 kB
MemFree:          127700 kB
MemAvailable:    1411376 kB
Buffers:          105584 kB
Cached:          1191808 kB
MemTotal:        1844596 kB
MemFree:          127608 kB
MemAvailable:    1411284 kB
Buffers:          105584 kB
Cached:          1191808 kB
MemTotal:        1844596 kB
MemFree:          127944 kB
MemAvailable:    1411620 kB
Buffers:          105584 kB
Cached:          1191808 kB
MemTotal:        1844596 kB
MemFree:          127680 kB
MemAvailable:    1411356 kB
Buffers:          105584 kB
Cached:          1191808 kB
MemTotal:        1844596 kB
MemFree:          127932 kB
MemAvailable:    1411608 kB
Buffers:          105584 kB
Cached:          1191808 kB
MemTotal:        1844596 kB
MemFree:          126620 kB
MemAvailable:    1410296 kB
Buffers:          105584 kB
Cached:          1191808 kB
MemTotal:        1844596 kB
MemFree:          127004 kB
MemAvailable:    1410680 kB
Buffers:          105584 kB
Cached:          1191808 kB
MemTotal:        1844596 kB
MemFree:          127748 kB
MemAvailable:    1411424 kB
Buffers:          105584 kB
Cached:          1191808 kB
MemTotal:        1844596 kB
MemFree:          126880 kB
MemAvailable:    1410556 kB
Buffers:          105584 kB
Cached:          1191808 kB
MemTotal:        1844596 kB
MemFree:          127760 kB
MemAvailable:    1411436 kB
Buffers:          105584 kB
Cached:          1191808 kB
MemTotal:        1844596 kB
MemFree:          127972 kB
MemAvailable:    1411648 kB
Buffers:          105584 kB
Cached:          1191808 kB
MemTotal:        1844596 kB
MemFree:          127012 kB
MemAvailable:    1410688 kB
Buffers:          105584 kB
Cached:          1191808 kB
MemTotal:        1844596 kB
MemFree:          127864 kB
MemAvailable:    1411540 kB
Buffers:          105584 kB
Cached:          1191808 kB
MemTotal:        1844596 kB
MemFree:          127864 kB
MemAvailable:    1411540 kB
Buffers:          105584 kB
Cached:          1191808 kB
MemTotal:        1844596 kB
MemFree:          122168 kB
MemAvailable:    1405844 kB
Buffers:          105584 kB
Cached:          1191808 kB
MemTotal:        1844596 kB
MemFree:          118828 kB
MemAvailable:    1402504 kB
Buffers:          105584 kB
Cached:          1191808 kB
MemTotal:        1844596 kB
MemFree:          113992 kB
MemAvailable:    1397668 kB
Buffers:          105584 kB
Cached:          1191808 kB
MemTotal:        1844596 kB
MemFree:          110628 kB
MemAvailable:    1394304 kB
Buffers:          105584 kB
Cached:          1191808 kB
MemTotal:        1844596 kB
MemFree:          110628 kB
MemAvailable:    1394304 kB
Buffers:          105584 kB
Cached:          1191808 kB
MemTotal:        1844596 kB
MemFree:          110436 kB
MemAvailable:    1394112 kB
Buffers:          105584 kB
Cached:          1191808 kB
MemTotal:        1844596 kB
MemFree:          110204 kB
MemAvailable:    1393880 kB
Buffers:          105584 kB
Cached:          1191808 kB
MemTotal:        1844596 kB
MemFree:          110540 kB
MemAvailable:    1394216 kB
Buffers:          105584 kB
Cached:          1191808 kB
MemTotal:        1844596 kB
MemFree:          109652 kB
MemAvailable:    1393328 kB
Buffers:          105584 kB
Cached:          1191808 kB
MemTotal:        1844596 kB
MemFree:          108412 kB
MemAvailable:    1392088 kB
Buffers:          105584 kB
Cached:          1191808 kB
MemTotal:        1844596 kB
MemFree:          109128 kB
MemAvailable:    1392804 kB
Buffers:          105584 kB
Cached:          1191808 kB
MemTotal:        1844596 kB
MemFree:          109464 kB
MemAvailable:    1393140 kB
Buffers:          105584 kB
Cached:          1191808 kB
MemTotal:        1844596 kB
MemFree:          109224 kB
MemAvailable:    1392900 kB
Buffers:          105584 kB
Cached:          1191808 kB
MemTotal:        1844596 kB
MemFree:          109280 kB
MemAvailable:    1392956 kB
Buffers:          105584 kB
Cached:          1191808 kB
MemTotal:        1844596 kB
MemFree:          109224 kB
MemAvailable:    1392900 kB
Buffers:          105584 kB
Cached:          1191808 kB
MemTotal:        1844596 kB
MemFree:          108828 kB
MemAvailable:    1392504 kB
Buffers:          105584 kB
Cached:          1191808 kB
MemTotal:        1844596 kB
MemFree:          108996 kB
MemAvailable:    1392672 kB
Buffers:          105584 kB
Cached:          1191808 kB
MemTotal:        1844596 kB
MemFree:          108948 kB
MemAvailable:    1392624 kB
Buffers:          105584 kB
Cached:          1191808 kB
MemTotal:        1844596 kB
MemFree:          108712 kB
MemAvailable:    1392388 kB
Buffers:          105584 kB
Cached:          1191808 kB
MemTotal:        1844596 kB
MemFree:          107164 kB
MemAvailable:    1390840 kB
Buffers:          105584 kB
Cached:          1191808 kB
MemTotal:        1844596 kB
MemFree:          107880 kB
MemAvailable:    1391556 kB
Buffers:          105584 kB
Cached:          1191808 kB
MemTotal:        1844596 kB
MemFree:          107964 kB
MemAvailable:    1391640 kB
Buffers:          105584 kB
Cached:          1191808 kB
MemTotal:        1844596 kB
MemFree:          107040 kB
MemAvailable:    1390716 kB
Buffers:          105584 kB
Cached:          1191808 kB
MemTotal:        1844596 kB
MemFree:          106180 kB
MemAvailable:    1389856 kB
Buffers:          105584 kB
Cached:          1191808 kB
MemTotal:        1844596 kB
MemFree:          105188 kB
MemAvailable:    1388864 kB
Buffers:          105584 kB
Cached:          1191808 kB
MemTotal:        1844596 kB
MemFree:          106056 kB
MemAvailable:    1389732 kB
Buffers:          105584 kB
Cached:          1191808 kB
MemTotal:        1844596 kB
MemFree:          104816 kB
MemAvailable:    1388492 kB
Buffers:          105584 kB
Cached:          1191808 kB
MemTotal:        1844596 kB
MemFree:          104560 kB
MemAvailable:    1388236 kB
Buffers:          105584 kB
Cached:          1191808 kB
MemTotal:        1844596 kB
MemFree:          104692 kB
MemAvailable:    1388368 kB
Buffers:          105584 kB
Cached:          1191808 kB
MemTotal:        1844596 kB
MemFree:          103380 kB
MemAvailable:    1387056 kB
Buffers:          105584 kB
Cached:          1191808 kB
MemTotal:        1844596 kB
MemFree:          103256 kB
MemAvailable:    1386932 kB
Buffers:          105584 kB
Cached:          1191808 kB
MemTotal:        1844596 kB
MemFree:          103268 kB
MemAvailable:    1386944 kB
Buffers:          105584 kB
Cached:          1191808 kB
MemTotal:        1844596 kB
MemFree:          103268 kB
MemAvailable:    1386944 kB
Buffers:          105584 kB
Cached:          1191808 kB
MemTotal:        1844596 kB
MemFree:          103208 kB
MemAvailable:    1386884 kB
Buffers:          105584 kB
Cached:          1191808 kB
MemTotal:        1844596 kB
MemFree:          102068 kB
MemAvailable:    1385744 kB
Buffers:          105584 kB
Cached:          1191808 kB
MemTotal:        1844596 kB
MemFree:          103136 kB
MemAvailable:    1386812 kB
Buffers:          105584 kB
Cached:          1191808 kB
MemTotal:        1844596 kB
MemFree:          102832 kB
MemAvailable:    1386508 kB
Buffers:          105584 kB
Cached:          1191808 kB
MemTotal:        1844596 kB
MemFree:          102636 kB
MemAvailable:    1386312 kB
Buffers:          105584 kB
Cached:          1191808 kB
MemTotal:        1844596 kB
MemFree:          101776 kB
MemAvailable:    1385452 kB
Buffers:          105584 kB
Cached:          1191808 kB
MemTotal:        1844596 kB
MemFree:          100732 kB
MemAvailable:    1384408 kB
Buffers:          105584 kB
Cached:          1191808 kB
MemTotal:        1844596 kB
MemFree:          101452 kB
MemAvailable:    1385128 kB
Buffers:          105584 kB
Cached:          1191808 kB
MemTotal:        1844596 kB
MemFree:          101788 kB
MemAvailable:    1385464 kB
Buffers:          105584 kB
Cached:          1191808 kB
MemTotal:        1844596 kB
MemFree:          100304 kB
MemAvailable:    1383980 kB
Buffers:          105584 kB
Cached:          1191808 kB
MemTotal:        1844596 kB
MemFree:          101576 kB
MemAvailable:    1385252 kB
Buffers:          105584 kB
Cached:          1191808 kB
MemTotal:        1844596 kB
MemFree:          101576 kB
MemAvailable:    1385252 kB
Buffers:          105584 kB
Cached:          1191808 kB
MemTotal:        1844596 kB
MemFree:          100340 kB
MemAvailable:    1384016 kB
Buffers:          105584 kB
Cached:          1191808 kB
MemTotal:        1844596 kB
MemFree:          101704 kB
MemAvailable:    1385380 kB
Buffers:          105584 kB
Cached:          1191808 kB
MemTotal:        1844596 kB
MemFree:          101572 kB
MemAvailable:    1385248 kB
Buffers:          105584 kB
Cached:          1191808 kB
MemTotal:        1844596 kB
MemFree:          101352 kB
MemAvailable:    1385028 kB
Buffers:          105584 kB
Cached:          1191808 kB
MemTotal:        1844596 kB
MemFree:          101544 kB
MemAvailable:    1385220 kB
Buffers:          105584 kB
Cached:          1191808 kB
MemTotal:        1844596 kB
MemFree:          101508 kB
MemAvailable:    1385184 kB
Buffers:          105584 kB
Cached:          1191808 kB
MemTotal:        1844596 kB
MemFree:          100328 kB
MemAvailable:    1384004 kB
Buffers:          105584 kB
Cached:          1191808 kB
MemTotal:        1844596 kB
MemFree:          100840 kB
MemAvailable:    1384516 kB
Buffers:          105584 kB
Cached:          1191808 kB
MemTotal:        1844596 kB
MemFree:          101572 kB
MemAvailable:    1385248 kB
Buffers:          105584 kB
Cached:          1191808 kB
MemTotal:        1844596 kB
MemFree:          101392 kB
MemAvailable:    1385068 kB
Buffers:          105584 kB
Cached:          1191808 kB
MemTotal:        1844596 kB
MemFree:          101648 kB
MemAvailable:    1385324 kB
Buffers:          105584 kB
Cached:          1191808 kB
MemTotal:        1844596 kB
MemFree:          100152 kB
MemAvailable:    1383828 kB
Buffers:          105584 kB
Cached:          1191808 kB
MemTotal:        1844596 kB
MemFree:          100444 kB
MemAvailable:    1384120 kB
Buffers:          105584 kB
Cached:          1191808 kB
MemTotal:        1844596 kB
MemFree:          100264 kB
MemAvailable:    1383940 kB
Buffers:          105584 kB
Cached:          1191808 kB
MemTotal:        1844596 kB
MemFree:          101652 kB
MemAvailable:    1385328 kB
Buffers:          105584 kB
Cached:          1191808 kB
MemTotal:        1844596 kB
MemFree:          100164 kB
MemAvailable:    1383840 kB
Buffers:          105584 kB
Cached:          1191808 kB
MemTotal:        1844596 kB
MemFree:          101704 kB
MemAvailable:    1385380 kB
Buffers:          105584 kB
Cached:          1191808 kB
MemTotal:        1844596 kB
MemFree:          101452 kB
MemAvailable:    1385128 kB
Buffers:          105584 kB
Cached:          1191808 kB
MemTotal:        1844596 kB
MemFree:          101592 kB
MemAvailable:    1385268 kB
Buffers:          105584 kB
Cached:          1191808 kB
MemTotal:        1844596 kB
MemFree:          100172 kB
MemAvailable:    1383848 kB
Buffers:          105584 kB
Cached:          1191808 kB
MemTotal:        1844596 kB
MemFree:          101632 kB
MemAvailable:    1385308 kB
Buffers:          105584 kB
Cached:          1191808 kB
MemTotal:        1844596 kB
MemFree:          100856 kB
MemAvailable:    1384532 kB
Buffers:          105584 kB
Cached:          1191808 kB
MemTotal:        1844596 kB
MemFree:          101460 kB
MemAvailable:    1385136 kB
Buffers:          105584 kB
Cached:          1191808 kB
MemTotal:        1844596 kB
MemFree:          101716 kB
MemAvailable:    1385392 kB
Buffers:          105584 kB
Cached:          1191808 kB
MemTotal:        1844596 kB
MemFree:          101656 kB
MemAvailable:    1385344 kB
Buffers:          105584 kB
Cached:          1191820 kB
MemTotal:        1844596 kB
MemFree:          100352 kB
MemAvailable:    1384040 kB
Buffers:          105584 kB
Cached:          1191820 kB
MemTotal:        1844596 kB
MemFree:          100352 kB
MemAvailable:    1384040 kB
Buffers:          105584 kB
Cached:          1191820 kB
MemTotal:        1844596 kB
MemFree:          100228 kB
MemAvailable:    1383916 kB
Buffers:          105584 kB
Cached:          1191820 kB
MemTotal:        1844596 kB
MemFree:          100352 kB
MemAvailable:    1384040 kB
Buffers:          105584 kB
Cached:          1191820 kB
MemTotal:        1844596 kB
MemFree:          100352 kB
MemAvailable:    1384040 kB
Buffers:          105584 kB
Cached:          1191820 kB
MemTotal:        1844596 kB
MemFree:          101528 kB
MemAvailable:    1385216 kB
Buffers:          105584 kB
Cached:          1191820 kB
MemTotal:        1844596 kB
MemFree:          101504 kB
MemAvailable:    1385192 kB
Buffers:          105584 kB
Cached:          1191820 kB
MemTotal:        1844596 kB
MemFree:          101352 kB
MemAvailable:    1385040 kB
Buffers:          105584 kB
Cached:          1191820 kB
MemTotal:        1844596 kB
MemFree:          100220 kB
MemAvailable:    1383908 kB
Buffers:          105584 kB
Cached:          1191820 kB
MemTotal:        1844596 kB
MemFree:          100220 kB
MemAvailable:    1383908 kB
Buffers:          105584 kB
Cached:          1191820 kB
MemTotal:        1844596 kB
MemFree:          101604 kB
MemAvailable:    1385292 kB
Buffers:          105584 kB
Cached:          1191820 kB
MemTotal:        1844596 kB
MemFree:          100536 kB
MemAvailable:    1384224 kB
Buffers:          105584 kB
Cached:          1191820 kB
MemTotal:        1844596 kB
MemFree:           97624 kB
MemAvailable:    1381312 kB
Buffers:          105584 kB
Cached:          1191820 kB
MemTotal:        1844596 kB
MemFree:           95020 kB
MemAvailable:    1378708 kB
Buffers:          105584 kB
Cached:          1191820 kB
MemTotal:        1844596 kB
MemFree:           92476 kB
MemAvailable:    1376164 kB
Buffers:          105584 kB
Cached:          1191820 kB
MemTotal:        1844596 kB
MemFree:           89748 kB
MemAvailable:    1373436 kB
Buffers:          105584 kB
Cached:          1191820 kB
MemTotal:        1844596 kB
MemFree:           85464 kB
MemAvailable:    1369152 kB
Buffers:          105584 kB
Cached:          1191820 kB
MemTotal:        1844596 kB
MemFree:           85356 kB
MemAvailable:    1369044 kB
Buffers:          105584 kB
Cached:          1191820 kB
MemTotal:        1844596 kB
MemFree:           81256 kB
MemAvailable:    1364944 kB
Buffers:          105584 kB
Cached:          1191820 kB
MemTotal:        1844596 kB
MemFree:           82108 kB
MemAvailable:    1365796 kB
Buffers:          105584 kB
Cached:          1191820 kB
MemTotal:        1844596 kB
MemFree:           82192 kB
MemAvailable:    1365880 kB
Buffers:          105584 kB
Cached:          1191820 kB
MemTotal:        1844596 kB
MemFree:           81972 kB
MemAvailable:    1365660 kB
Buffers:          105584 kB
Cached:          1191820 kB
MemTotal:        1844596 kB
MemFree:           82056 kB
MemAvailable:    1365744 kB
Buffers:          105584 kB
Cached:          1191820 kB
MemTotal:        1844596 kB
MemFree:           80824 kB
MemAvailable:    1364512 kB
Buffers:          105584 kB
Cached:          1191820 kB
MemTotal:        1844596 kB
MemFree:           80684 kB
MemAvailable:    1364372 kB
Buffers:          105584 kB
Cached:          1191820 kB
MemTotal:        1844596 kB
MemFree:           82044 kB
MemAvailable:    1365732 kB
Buffers:          105584 kB
Cached:          1191820 kB
MemTotal:        1844596 kB
MemFree:           81628 kB
MemAvailable:    1365316 kB
Buffers:          105584 kB
Cached:          1191820 kB
MemTotal:        1844596 kB
MemFree:           82164 kB
MemAvailable:    1365852 kB
Buffers:          105584 kB
Cached:          1191820 kB
MemTotal:        1844596 kB
MemFree:           82040 kB
MemAvailable:    1365728 kB
Buffers:          105584 kB
Cached:          1191820 kB
MemTotal:        1844596 kB
MemFree:           82124 kB
MemAvailable:    1365812 kB
Buffers:          105584 kB
Cached:          1191820 kB
MemTotal:        1844596 kB
MemFree:           80816 kB
MemAvailable:    1364504 kB
Buffers:          105584 kB
Cached:          1191820 kB
MemTotal:        1844596 kB
MemFree:           81792 kB
MemAvailable:    1365480 kB
Buffers:          105584 kB
Cached:          1191820 kB
MemTotal:        1844596 kB
MemFree:           81080 kB
MemAvailable:    1364768 kB
Buffers:          105584 kB
Cached:          1191820 kB
MemTotal:        1844596 kB
MemFree:           80572 kB
MemAvailable:    1364260 kB
Buffers:          105584 kB
Cached:          1191820 kB
MemTotal:        1844596 kB
MemFree:           80440 kB
MemAvailable:    1364128 kB
Buffers:          105584 kB
Cached:          1191820 kB
MemTotal:        1844596 kB
MemFree:           81708 kB
MemAvailable:    1365396 kB
Buffers:          105584 kB
Cached:          1191820 kB
MemTotal:        1844596 kB
MemFree:           81628 kB
MemAvailable:    1365316 kB
Buffers:          105584 kB
Cached:          1191820 kB
MemTotal:        1844596 kB
MemFree:           81792 kB
MemAvailable:    1365480 kB
Buffers:          105584 kB
Cached:          1191820 kB
MemTotal:        1844596 kB
MemFree:           81920 kB
MemAvailable:    1365608 kB
Buffers:          105584 kB
Cached:          1191820 kB
MemTotal:        1844596 kB
MemFree:           81696 kB
MemAvailable:    1365384 kB
Buffers:          105584 kB
Cached:          1191820 kB
MemTotal:        1844596 kB
MemFree:           81696 kB
MemAvailable:    1365384 kB
Buffers:          105584 kB
Cached:          1191820 kB
MemTotal:        1844596 kB
MemFree:           80624 kB
MemAvailable:    1364312 kB
Buffers:          105584 kB
Cached:          1191820 kB
MemTotal:        1844596 kB
MemFree:           80492 kB
MemAvailable:    1364180 kB
Buffers:          105584 kB
Cached:          1191820 kB
MemTotal:        1844596 kB
MemFree:           80140 kB
MemAvailable:    1363828 kB
Buffers:          105584 kB
Cached:          1191820 kB
MemTotal:        1844596 kB
MemFree:           81184 kB
MemAvailable:    1364872 kB
Buffers:          105584 kB
Cached:          1191820 kB
MemTotal:        1844596 kB
MemFree:           77900 kB
MemAvailable:    1361588 kB
Buffers:          105584 kB
Cached:          1191820 kB
MemTotal:        1844596 kB
MemFree:           77984 kB
MemAvailable:    1361672 kB
Buffers:          105584 kB
Cached:          1191820 kB
MemTotal:        1844596 kB
MemFree:           70344 kB
MemAvailable:    1354032 kB
Buffers:          105584 kB
Cached:          1191820 kB
MemTotal:        1844596 kB
MemFree:           71956 kB
MemAvailable:    1355644 kB
Buffers:          105584 kB
Cached:          1191820 kB
MemTotal:        1844596 kB
MemFree:           70584 kB
MemAvailable:    1354272 kB
Buffers:          105584 kB
Cached:          1191820 kB
MemTotal:        1844596 kB
MemFree:           71816 kB
MemAvailable:    1355504 kB
Buffers:          105584 kB
Cached:          1191820 kB
MemTotal:        1844596 kB
MemFree:           71688 kB
MemAvailable:    1355376 kB
Buffers:          105584 kB
Cached:          1191820 kB
MemTotal:        1844596 kB
MemFree:           71940 kB
MemAvailable:    1355628 kB
Buffers:          105584 kB
Cached:          1191820 kB
MemTotal:        1844596 kB
MemFree:           70404 kB
MemAvailable:    1354092 kB
Buffers:          105584 kB
Cached:          1191820 kB
MemTotal:        1844596 kB
MemFree:           70220 kB
MemAvailable:    1353908 kB
Buffers:          105584 kB
Cached:          1191820 kB
MemTotal:        1844596 kB
MemFree:           70156 kB
MemAvailable:    1353844 kB
Buffers:          105584 kB
Cached:          1191820 kB
MemTotal:        1844596 kB
MemFree:           69040 kB
MemAvailable:    1352728 kB
Buffers:          105584 kB
Cached:          1191820 kB
MemTotal:        1844596 kB
MemFree:           68908 kB
MemAvailable:    1352596 kB
Buffers:          105584 kB
Cached:          1191820 kB
MemTotal:        1844596 kB
MemFree:           67872 kB
MemAvailable:    1351560 kB
Buffers:          105584 kB
Cached:          1191820 kB
MemTotal:        1844596 kB
MemFree:           68552 kB
MemAvailable:    1352408 kB
Buffers:          105584 kB
Cached:          1192068 kB
MemTotal:        1844596 kB
MemFree:           68804 kB
MemAvailable:    1352660 kB
Buffers:          105584 kB
Cached:          1192068 kB
MemTotal:        1844596 kB
MemFree:           68344 kB
MemAvailable:    1352368 kB
Buffers:          105584 kB
Cached:          1192316 kB
MemTotal:        1844596 kB
MemFree:           68600 kB
MemAvailable:    1352708 kB
Buffers:          105584 kB
Cached:          1192316 kB
MemTotal:        1844596 kB
MemFree:           66804 kB
MemAvailable:    1350996 kB
Buffers:          105584 kB
Cached:          1192440 kB
MemTotal:        1844596 kB
MemFree:           68104 kB
MemAvailable:    1352296 kB
Buffers:          105584 kB
Cached:          1192440 kB
MemTotal:        1844596 kB
MemFree:           67140 kB
MemAvailable:    1351332 kB
Buffers:          105584 kB
Cached:          1192440 kB
MemTotal:        1844596 kB
MemFree:           68036 kB
MemAvailable:    1352312 kB
Buffers:          105584 kB
Cached:          1192440 kB
MemTotal:        1844596 kB
MemFree:           67304 kB
MemAvailable:    1351580 kB
Buffers:          105584 kB
Cached:          1192440 kB
MemTotal:        1844596 kB
MemFree:           68152 kB
MemAvailable:    1352428 kB
Buffers:          105584 kB
Cached:          1192440 kB
MemTotal:        1844596 kB
MemFree:           66684 kB
MemAvailable:    1350960 kB
Buffers:          105584 kB
Cached:          1192440 kB
MemTotal:        1844596 kB
MemFree:           67976 kB
MemAvailable:    1352252 kB
Buffers:          105584 kB
Cached:          1192440 kB
MemTotal:        1844596 kB
MemFree:           67992 kB
MemAvailable:    1352280 kB
Buffers:          105584 kB
Cached:          1192456 kB
MemTotal:        1844596 kB
MemFree:           68244 kB
MemAvailable:    1352616 kB
Buffers:          105584 kB
Cached:          1192456 kB
MemTotal:        1844596 kB
MemFree:           68564 kB
MemAvailable:    1352348 kB
Buffers:          105584 kB
Cached:          1191824 kB
MemTotal:        1844596 kB
MemFree:           68476 kB
MemAvailable:    1352260 kB
Buffers:          105584 kB
Cached:          1191872 kB
MemTotal:        1844596 kB
MemFree:           69008 kB
MemAvailable:    1352792 kB
Buffers:          105584 kB
Cached:          1191872 kB
MemTotal:        1844596 kB
MemFree:          199436 kB
MemAvailable:    1483304 kB
Buffers:          105584 kB
Cached:          1191872 kB
MemTotal:        1844596 kB
MemFree:          263640 kB
MemAvailable:    1547424 kB
Buffers:          105584 kB
Cached:          1191872 kB
