MemTotal:        1844596 kB
MemFree:          308620 kB
MemAvailable:    1545976 kB
Buffers:           92912 kB
Cached:          1172744 kB
MemTotal:        1844596 kB
MemFree:          281564 kB
MemAvailable:    1518928 kB
Buffers:           92912 kB
Cached:          1172748 kB
MemTotal:        1844596 kB
MemFree:          279324 kB
MemAvailable:    1516688 kB
Buffers:           92912 kB
Cached:          1172748 kB
MemTotal:        1844596 kB
MemFree:          278100 kB
MemAvailable:    1515464 kB
Buffers:           92912 kB
Cached:          1172748 kB
MemTotal:        1844596 kB
MemFree:          276480 kB
MemAvailable:    1513844 kB
Buffers:           92912 kB
Cached:          1172748 kB
MemTotal:        1844596 kB
MemFree:          277836 kB
MemAvailable:    1515200 kB
Buffers:           92912 kB
Cached:          1172748 kB
MemTotal:        1844596 kB
MemFree:          275108 kB
MemAvailable:    1512472 kB
Buffers:           92912 kB
Cached:          1172748 kB
MemTotal:        1844596 kB
MemFree:          273876 kB
MemAvailable:    1511240 kB
Buffers:           92912 kB
Cached:          1172748 kB
MemTotal:        1844596 kB
MemFree:          270760 kB
MemAvailable:    1508124 kB
Buffers:           92912 kB
Cached:          1172748 kB
MemTotal:        1844596 kB
MemFree:          270280 kB
MemAvailable:    1507644 kB
Buffers:           92912 kB
Cached:          1172748 kB
MemTotal:        1844596 kB
MemFree:          267660 kB
MemAvailable:    1505024 kB
Buffers:           92912 kB
Cached:          1172748 kB
MemTotal:        1844596 kB
MemFree:          266492 kB
MemAvailable:    1503856 kB
Buffers:           92912 kB
Cached:          1172748 kB
MemTotal:        1844596 kB
MemFree:          266484 kB
MemAvailable:    1503848 kB
Buffers:           92912 kB
Cached:          1172748 kB
MemTotal:        1844596 kB
MemFree:          267660 kB
MemAvailable:    1505024 kB
Buffers:           92912 kB
Cached:          1172748 kB
MemTotal:        1844596 kB
MemFree:          266352 kB
MemAvailable:    1503716 kB
Buffers:           92912 kB
Cached:          1172748 kB
MemTotal:        1844596 kB
MemFree:          267428 kB
MemAvailable:    1504792 kB
Buffers:           92912 kB
Cached:          1172748 kB
MemTotal:        1844596 kB
MemFree:          266320 kB
MemAvailable:    1503684 kB
Buffers:           92912 kB
Cached:          1172748 kB
MemTotal:        1844596 kB
MemFree:          267512 kB
MemAvailable:    1504876 kB
Buffers:           92912 kB
Cached:          1172748 kB
MemTotal:        1844596 kB
MemFree:          267420 kB
MemAvailable:    1504784 kB
Buffers:           92912 kB
Cached:          1172748 kB
MemTotal:        1844596 kB
MemFree:          265924 kB
MemAvailable:    1503288 kB
Buffers:           92912 kB
Cached:          1172748 kB
MemTotal:        1844596 kB
MemFree:          266908 kB
MemAvailable:    1504272 kB
Buffers:           92912 kB
Cached:          1172748 kB
MemTotal:        1844596 kB
MemFree:          266992 kB
MemAvailable:    1504356 kB
Buffers:           92912 kB
Cached:          1172748 kB
MemTotal:        1844596 kB
MemFree:          266372 kB
MemAvailable:    1503736 kB
Buffers:           92912 kB
Cached:          1172748 kB
MemTotal:        1844596 kB
MemFree:          266240 kB
MemAvailable:    1503604 kB
Buffers:           92912 kB
Cached:          1172748 kB
MemTotal:        1844596 kB
MemFree:          266364 kB
MemAvailable:    1503728 kB
Buffers:           92912 kB
Cached:          1172748 kB
MemTotal:        1844596 kB
MemFree:          264824 kB
MemAvailable:    1502188 kB
Buffers:           92912 kB
Cached:          1172748 kB
MemTotal:        1844596 kB
MemFree:          265748 kB
MemAvailable:    1503112 kB
Buffers:           92912 kB
Cached:          1172748 kB
MemTotal:        1844596 kB
MemFree:          266000 kB
MemAvailable:    1503364 kB
Buffers:           92912 kB
Cached:          1172748 kB
MemTotal:        1844596 kB
MemFree:          264080 kB
MemAvailable:    1501444 kB
Buffers:           92912 kB
Cached:          1172748 kB
MemTotal:        1844596 kB
MemFree:          263832 kB
MemAvailable:    1501196 kB
Buffers:           92912 kB
Cached:          1172748 kB
MemTotal:        1844596 kB
MemFree:          263452 kB
MemAvailable:    1500816 kB
Buffers:           92912 kB
Cached:          1172748 kB
MemTotal:        1844596 kB
MemFree:          264552 kB
MemAvailable:    1501916 kB
Buffers:           92912 kB
Cached:          1172748 kB
MemTotal:        1844596 kB
MemFree:          264024 kB
MemAvailable:    1501388 kB
Buffers:           92912 kB
Cached:          1172748 kB
MemTotal:        1844596 kB
MemFree:          264652 kB
MemAvailable:    1502016 kB
Buffers:           92912 kB
Cached:          1172748 kB
MemTotal:        1844596 kB
MemFree:          264088 kB
MemAvailable:    1501452 kB
Buffers:           92912 kB
Cached:          1172748 kB
MemTotal:        1844596 kB
MemFree:          263288 kB
MemAvailable:    1500652 kB
Buffers:           92912 kB
Cached:          1172748 kB
MemTotal:        1844596 kB
MemFree:          265912 kB
MemAvailable:    1503276 kB
Buffers:           92912 kB
Cached:          1172748 kB
MemTotal:        1844596 kB
MemFree:          266168 kB
MemAvailable:    1503532 kB
Buffers:           92912 kB
Cached:          1172748 kB
MemTotal:        1844596 kB
MemFree:          265328 kB
MemAvailable:    1502692 kB
Buffers:           92912 kB
Cached:          1172748 kB
MemTotal:        1844596 kB
MemFree:          264640 kB
MemAvailable:    1502008 kB
Buffers:           92912 kB
Cached:          1172752 kB
MemTotal:        1844596 kB
MemFree:          262788 kB
MemAvailable:    1500156 kB
Buffers:           92912 kB
Cached:          1172752 kB
MemTotal:        1844596 kB
MemFree:          260716 kB
MemAvailable:    1498084 kB
Buffers:           92912 kB
Cached:          1172752 kB
MemTotal:        1844596 kB
MemFree:          260716 kB
MemAvailable:    1498084 kB
Buffers:           92912 kB
Cached:          1172752 kB
MemTotal:        1844596 kB
MemFree:          260552 kB
MemAvailable:    1497920 kB
Buffers:           92912 kB
Cached:          1172752 kB
MemTotal:        1844596 kB
MemFree:          259556 kB
MemAvailable:    1496924 kB
Buffers:           92912 kB
Cached:          1172752 kB
MemTotal:        1844596 kB
MemFree:          260476 kB
MemAvailable:    1497844 kB
Buffers:           92912 kB
Cached:          1172752 kB
MemTotal:        1844596 kB
MemFree:          259616 kB
MemAvailable:    1496984 kB
Buffers:           92912 kB
Cached:          1172752 kB
MemTotal:        1844596 kB
MemFree:          260848 kB
MemAvailable:    1498216 kB
Buffers:           92912 kB
Cached:          1172752 kB
MemTotal:        1844596 kB
MemFree:          260352 kB
MemAvailable:    1497720 kB
Buffers:           92912 kB
Cached:          1172752 kB
MemTotal:        1844596 kB
MemFree:          260352 kB
MemAvailable:    1497720 kB
Buffers:           92912 kB
Cached:          1172752 kB
MemTotal:        1844596 kB
MemFree:          260228 kB
MemAvailable:    1497596 kB
Buffers:           92912 kB
Cached:          1172752 kB
MemTotal:        1844596 kB
MemFree:          259748 kB
MemAvailable:    1497116 kB
Buffers:           92912 kB
Cached:          1172752 kB
MemTotal:        1844596 kB
MemFree:          260248 kB
MemAvailable:    1497616 kB
Buffers:           92912 kB
Cached:          1172752 kB
MemTotal:        1844596 kB
MemFree:          258860 kB
MemAvailable:    1496228 kB
Buffers:           92912 kB
Cached:          1172752 kB
MemTotal:        1844596 kB
MemFree:          260284 kB
MemAvailable:    1497652 kB
Buffers:           92912 kB
Cached:          1172752 kB
MemTotal:        1844596 kB
MemFree:          257632 kB
MemAvailable:    1495000 kB
Buffers:           92912 kB
Cached:          1172752 kB
MemTotal:        1844596 kB
MemFree:          254592 kB
MemAvailable:    1491960 kB
Buffers:           92912 kB
Cached:          1172752 kB
MemTotal:        1844596 kB
MemFree:          253408 kB
MemAvailable:    1490776 kB
Buffers:           92912 kB
Cached:          1172752 kB
MemTotal:        1844596 kB
MemFree:          253972 kB
MemAvailable:    1491340 kB
Buffers:           92912 kB
Cached:          1172752 kB
MemTotal:        1844596 kB
MemFree:          252664 kB
MemAvailable:    1490032 kB
Buffers:           92912 kB
Cached:          1172752 kB
MemTotal:        1844596 kB
MemFree:          251060 kB
MemAvailable:    1488428 kB
Buffers:           92912 kB
Cached:          1172752 kB
MemTotal:        1844596 kB
MemFree:          251672 kB
MemAvailable:    1489040 kB
Buffers:           92912 kB
Cached:          1172752 kB
MemTotal:        1844596 kB
MemFree:          251552 kB
MemAvailable:    1488920 kB
Buffers:           92912 kB
Cached:          1172752 kB
MemTotal:        1844596 kB
MemFree:          250572 kB
MemAvailable:    1487940 kB
Buffers:           92912 kB
Cached:          1172752 kB
MemTotal:        1844596 kB
MemFree:          251632 kB
MemAvailable:    1489000 kB
Buffers:           92912 kB
Cached:          1172752 kB
MemTotal:        1844596 kB
MemFree:          251564 kB
MemAvailable:    1488932 kB
Buffers:           92912 kB
Cached:          1172752 kB
MemTotal:        1844596 kB
MemFree:          251476 kB
MemAvailable:    1488844 kB
Buffers:           92912 kB
Cached:          1172752 kB
MemTotal:        1844596 kB
MemFree:          251412 kB
MemAvailable:    1488780 kB
Buffers:           92912 kB
Cached:          1172752 kB
MemTotal:        1844596 kB
MemFree:          251300 kB
MemAvailable:    1488668 kB
Buffers:           92912 kB
Cached:          1172752 kB
MemTotal:        1844596 kB
MemFree:          251416 kB
MemAvailable:    1488784 kB
Buffers:           92912 kB
Cached:          1172752 kB
MemTotal:        1844596 kB
MemFree:          251168 kB
MemAvailable:    1488536 kB
Buffers:           92912 kB
Cached:          1172752 kB
MemTotal:        1844596 kB
MemFree:          251504 kB
MemAvailable:    1488872 kB
Buffers:           92912 kB
Cached:          1172752 kB
MemTotal:        1844596 kB
MemFree:          251492 kB
MemAvailable:    1488860 kB
Buffers:           92912 kB
Cached:          1172752 kB
MemTotal:        1844596 kB
MemFree:          250564 kB
MemAvailable:    1487932 kB
Buffers:           92912 kB
Cached:          1172752 kB
MemTotal:        1844596 kB
MemFree:          250988 kB
MemAvailable:    1488356 kB
Buffers:           92912 kB
Cached:          1172752 kB
MemTotal:        1844596 kB
MemFree:          251240 kB
MemAvailable:    1488608 kB
Buffers:           92912 kB
Cached:          1172752 kB
MemTotal:        1844596 kB
MemFree:          251172 kB
MemAvailable:    1488540 kB
Buffers:           92912 kB
Cached:          1172752 kB
MemTotal:        1844596 kB
MemFree:          250048 kB
MemAvailable:    1487416 kB
Buffers:           92912 kB
Cached:          1172752 kB
MemTotal:        1844596 kB
MemFree:          249800 kB
MemAvailable:    1487168 kB
Buffers:           92912 kB
Cached:          1172752 kB
MemTotal:        1844596 kB
MemFree:          250172 kB
MemAvailable:    1487540 kB
Buffers:           92912 kB
Cached:          1172752 kB
MemTotal:        1844596 kB
MemFree:          249944 kB
MemAvailable:    1487316 kB
Buffers:           92912 kB
Cached:          1172756 kB
MemTotal:        1844596 kB
MemFree:          247944 kB
MemAvailable:    1485316 kB
Buffers:           92912 kB
Cached:          1172756 kB
MemTotal:        1844596 kB
MemFree:          247944 kB
MemAvailable:    1485316 kB
Buffers:           92912 kB
Cached:          1172756 kB
MemTotal:        1844596 kB
MemFree:          244240 kB
MemAvailable:    1481612 kB
Buffers:           92912 kB
Cached:          1172756 kB
MemTotal:        1844596 kB
MemFree:          242256 kB
MemAvailable:    1479628 kB
Buffers:           92912 kB
Cached:          1172756 kB
MemTotal:        1844596 kB
MemFree:          242008 kB
MemAvailable:    1479380 kB
Buffers:           92912 kB
Cached:          1172756 kB
MemTotal:        1844596 kB
MemFree:          242860 kB
MemAvailable:    1480232 kB
Buffers:           92912 kB
Cached:          1172756 kB
MemTotal:        1844596 kB
MemFree:          242860 kB
MemAvailable:    1480232 kB
Buffers:           92912 kB
Cached:          1172756 kB
MemTotal:        1844596 kB
MemFree:          242556 kB
MemAvailable:    1479928 kB
Buffers:           92912 kB
Cached:          1172756 kB
MemTotal:        1844596 kB
MemFree:          241340 kB
MemAvailable:    1478712 kB
Buffers:           92912 kB
Cached:          1172756 kB
MemTotal:        1844596 kB
MemFree:          241208 kB
MemAvailable:    1478580 kB
Buffers:           92912 kB
Cached:          1172756 kB
MemTotal:        1844596 kB
MemFree:          242384 kB
MemAvailable:    1479756 kB
Buffers:           92912 kB
Cached:          1172756 kB
MemTotal:        1844596 kB
MemFree:          242504 kB
MemAvailable:    1479876 kB
Buffers:           92912 kB
Cached:          1172756 kB
MemTotal:        1844596 kB
MemFree:          241072 kB
MemAvailable:    1478444 kB
Buffers:           92912 kB
Cached:          1172756 kB
MemTotal:        1844596 kB
MemFree:          242172 kB
MemAvailable:    1479544 kB
Buffers:           92912 kB
Cached:          1172756 kB
MemTotal:        1844596 kB
MemFree:          242508 kB
MemAvailable:    1479880 kB
Buffers:           92912 kB
Cached:          1172756 kB
MemTotal:        1844596 kB
MemFree:          242300 kB
MemAvailable:    1479672 kB
Buffers:           92912 kB
Cached:          1172756 kB
MemTotal:        1844596 kB
MemFree:          242636 kB
MemAvailable:    1480008 kB
Buffers:           92912 kB
Cached:          1172756 kB
MemTotal:        1844596 kB
MemFree:          242364 kB
MemAvailable:    1479736 kB
Buffers:           92912 kB
Cached:          1172756 kB
MemTotal:        1844596 kB
MemFree:          242380 kB
MemAvailable:    1479752 kB
Buffers:           92912 kB
Cached:          1172756 kB
MemTotal:        1844596 kB
MemFree:          242492 kB
MemAvailable:    1479864 kB
Buffers:           92912 kB
Cached:          1172756 kB
MemTotal:        1844596 kB
MemFree:          241120 kB
MemAvailable:    1478492 kB
Buffers:           92912 kB
Cached:          1172756 kB
MemTotal:        1844596 kB
MemFree:          242504 kB
MemAvailable:    1479876 kB
Buffers:           92912 kB
Cached:          1172756 kB
MemTotal:        1844596 kB
MemFree:          241364 kB
MemAvailable:    1478736 kB
Buffers:           92912 kB
Cached:          1172756 kB
MemTotal:        1844596 kB
MemFree:          242408 kB
MemAvailable:    1479780 kB
Buffers:           92912 kB
Cached:          1172756 kB
MemTotal:        1844596 kB
MemFree:          242440 kB
MemAvailable:    1479812 kB
Buffers:           92912 kB
Cached:          1172756 kB
MemTotal:        1844596 kB
MemFree:          242364 kB
MemAvailable:    1479736 kB
Buffers:           92912 kB
Cached:          1172756 kB
MemTotal:        1844596 kB
MemFree:          242576 kB
MemAvailable:    1479948 kB
Buffers:           92912 kB
Cached:          1172756 kB
MemTotal:        1844596 kB
MemFree:          242324 kB
MemAvailable:    1479696 kB
Buffers:           92912 kB
Cached:          1172756 kB
MemTotal:        1844596 kB
MemFree:          242324 kB
MemAvailable:    1479696 kB
Buffers:           92912 kB
Cached:          1172756 kB
MemTotal:        1844596 kB
MemFree:          239280 kB
MemAvailable:    1476652 kB
Buffers:           92912 kB
Cached:          1172756 kB
MemTotal:        1844596 kB
MemFree:          237232 kB
MemAvailable:    1474604 kB
Buffers:           92912 kB
Cached:          1172756 kB
MemTotal:        1844596 kB
MemFree:          234008 kB
MemAvailable:    1471380 kB
Buffers:           92912 kB
Cached:          1172756 kB
MemTotal:        1844596 kB
MemFree:          233196 kB
MemAvailable:    1470568 kB
Buffers:           92912 kB
Cached:          1172756 kB
MemTotal:        1844596 kB
MemFree:          233196 kB
MemAvailable:    1470568 kB
Buffers:           92912 kB
Cached:          1172756 kB
MemTotal:        1844596 kB
MemFree:          233132 kB
MemAvailable:    1470504 kB
Buffers:           92912 kB
Cached:          1172756 kB
MemTotal:        1844596 kB
MemFree:          232636 kB
MemAvailable:    1470008 kB
Buffers:           92912 kB
Cached:          1172756 kB
MemTotal:        1844596 kB
MemFree:          231352 kB
MemAvailable:    1468724 kB
Buffers:           92912 kB
Cached:          1172756 kB
MemTotal:        1844596 kB
MemFree:          231204 kB
MemAvailable:    1468576 kB
Buffers:           92912 kB
Cached:          1172756 kB
MemTotal:        1844596 kB
MemFree:          231204 kB
MemAvailable:    1468576 kB
Buffers:           92912 kB
Cached:          1172756 kB
MemTotal:        1844596 kB
MemFree:          230784 kB
MemAvailable:    1468156 kB
Buffers:           92912 kB
Cached:          1172756 kB
MemTotal:        1844596 kB
MemFree:          230784 kB
MemAvailable:    1468156 kB
Buffers:           92912 kB
Cached:          1172756 kB
MemTotal:        1844596 kB
MemFree:          230592 kB
MemAvailable:    1467964 kB
Buffers:           92912 kB
Cached:          1172756 kB
MemTotal:        1844596 kB
MemFree:          230484 kB
MemAvailable:    1467856 kB
Buffers:           92912 kB
Cached:          1172756 kB
MemTotal:        1844596 kB
MemFree:          230552 kB
MemAvailable:    1467924 kB
Buffers:           92912 kB
Cached:          1172756 kB
MemTotal:        1844596 kB
MemFree:          230608 kB
MemAvailable:    1467980 kB
Buffers:           92912 kB
Cached:          1172756 kB
MemTotal:        1844596 kB
MemFree:          229864 kB
MemAvailable:    1467236 kB
Buffers:           92912 kB
Cached:          1172756 kB
MemTotal:        1844596 kB
MemFree:          230460 kB
MemAvailable:    1467832 kB
Buffers:           92912 kB
Cached:          1172756 kB
MemTotal:        1844596 kB
MemFree:          230544 kB
MemAvailable:    1467916 kB
Buffers:           92912 kB
Cached:          1172756 kB
MemTotal:        1844596 kB
MemFree:          230604 kB
MemAvailable:    1467976 kB
Buffers:           92912 kB
Cached:          1172756 kB
MemTotal:        1844596 kB
MemFree:          229340 kB
MemAvailable:    1466712 kB
Buffers:           92912 kB
Cached:          1172756 kB
MemTotal:        1844596 kB
MemFree:          230532 kB
MemAvailable:    1467904 kB
Buffers:           92912 kB
Cached:          1172756 kB
MemTotal:        1844596 kB
MemFree:          230532 kB
MemAvailable:    1467904 kB
Buffers:           92912 kB
Cached:          1172756 kB
MemTotal:        1844596 kB
MemFree:          230592 kB
MemAvailable:    1467964 kB
Buffers:           92912 kB
Cached:          1172756 kB
MemTotal:        1844596 kB
MemFree:          230608 kB
MemAvailable:    1467980 kB
Buffers:           92912 kB
Cached:          1172756 kB
MemTotal:        1844596 kB
MemFree:          229312 kB
MemAvailable:    1466684 kB
Buffers:           92912 kB
Cached:          1172756 kB
MemTotal:        1844596 kB
MemFree:          230488 kB
MemAvailable:    1467860 kB
Buffers:           92912 kB
Cached:          1172756 kB
MemTotal:        1844596 kB
MemFree:          229864 kB
MemAvailable:    1467236 kB
Buffers:           92912 kB
Cached:          1172756 kB
MemTotal:        1844596 kB
MemFree:          230716 kB
MemAvailable:    1468092 kB
Buffers:           92912 kB
Cached:          1172760 kB
MemTotal:        1844596 kB
MemFree:          230972 kB
MemAvailable:    1468348 kB
Buffers:           92912 kB
Cached:          1172760 kB
MemTotal:        1844596 kB
MemFree:          230644 kB
MemAvailable:    1468020 kB
Buffers:           92912 kB
Cached:          1172760 kB
MemTotal:        1844596 kB
MemFree:          229428 kB
MemAvailable:    1466804 kB
Buffers:           92912 kB
Cached:          1172760 kB
MemTotal:        1844596 kB
MemFree:          230580 kB
MemAvailable:    1467956 kB
Buffers:           92912 kB
Cached:          1172760 kB
MemTotal:        1844596 kB
MemFree:          229608 kB
MemAvailable:    1466984 kB
Buffers:           92912 kB
Cached:          1172760 kB
MemTotal:        1844596 kB
MemFree:          230768 kB
MemAvailable:    1468144 kB
Buffers:           92912 kB
Cached:          1172760 kB
MemTotal:        1844596 kB
MemFree:          230664 kB
MemAvailable:    1468040 kB
Buffers:           92912 kB
Cached:          1172760 kB
MemTotal:        1844596 kB
MemFree:          229212 kB
MemAvailable:    1466588 kB
Buffers:           92912 kB
Cached:          1172760 kB
MemTotal:        1844596 kB
MemFree:          230576 kB
MemAvailable:    1467952 kB
Buffers:           92912 kB
Cached:          1172760 kB
MemTotal:        1844596 kB
MemFree:          230440 kB
MemAvailable:    1467816 kB
Buffers:           92912 kB
Cached:          1172760 kB
MemTotal:        1844596 kB
MemFree:          230692 kB
MemAvailable:    1468068 kB
Buffers:           92912 kB
Cached:          1172760 kB
MemTotal:        1844596 kB
MemFree:          230588 kB
MemAvailable:    1467964 kB
Buffers:           92912 kB
Cached:          1172760 kB
MemTotal:        1844596 kB
MemFree:          229464 kB
MemAvailable:    1466840 kB
Buffers:           92912 kB
Cached:          1172760 kB
MemTotal:        1844596 kB
MemFree:          230516 kB
MemAvailable:    1467892 kB
Buffers:           92912 kB
Cached:          1172760 kB
MemTotal:        1844596 kB
MemFree:          230536 kB
MemAvailable:    1467912 kB
Buffers:           92912 kB
Cached:          1172760 kB
MemTotal:        1844596 kB
MemFree:          229360 kB
MemAvailable:    1466736 kB
Buffers:           92912 kB
Cached:          1172760 kB
MemTotal:        1844596 kB
MemFree:          230468 kB
MemAvailable:    1467848 kB
Buffers:           92912 kB
Cached:          1172764 kB
MemTotal:        1844596 kB
MemFree:          230724 kB
MemAvailable:    1468104 kB
Buffers:           92912 kB
Cached:          1172764 kB
MemTotal:        1844596 kB
MemFree:          229172 kB
MemAvailable:    1466552 kB
Buffers:           92912 kB
Cached:          1172764 kB
MemTotal:        1844596 kB
MemFree:          229224 kB
MemAvailable:    1466608 kB
Buffers:           92912 kB
Cached:          1172768 kB
MemTotal:        1844596 kB
MemFree:          230408 kB
MemAvailable:    1467792 kB
Buffers:           92912 kB
Cached:          1172768 kB
MemTotal:        1844596 kB
MemFree:          230408 kB
MemAvailable:    1467792 kB
Buffers:           92912 kB
Cached:          1172768 kB
MemTotal:        1844596 kB
MemFree:          230448 kB
MemAvailable:    1467832 kB
Buffers:           92912 kB
Cached:          1172768 kB
MemTotal:        1844596 kB
MemFree:          230352 kB
MemAvailable:    1467736 kB
Buffers:           92912 kB
Cached:          1172768 kB
MemTotal:        1844596 kB
MemFree:          230588 kB
MemAvailable:    1467972 kB
Buffers:           92912 kB
Cached:          1172768 kB
MemTotal:        1844596 kB
MemFree:          230476 kB
MemAvailable:    1467860 kB
Buffers:           92912 kB
Cached:          1172768 kB
MemTotal:        1844596 kB
MemFree:          229864 kB
MemAvailable:    1467248 kB
Buffers:           92912 kB
Cached:          1172768 kB
MemTotal:        1844596 kB
MemFree:          230460 kB
MemAvailable:    1467844 kB
Buffers:           92912 kB
Cached:          1172768 kB
MemTotal:        1844596 kB
MemFree:          230460 kB
MemAvailable:    1467844 kB
Buffers:           92912 kB
Cached:          1172768 kB
MemTotal:        1844596 kB
MemFree:          230536 kB
MemAvailable:    1467920 kB
Buffers:           92912 kB
Cached:          1172768 kB
MemTotal:        1844596 kB
MemFree:          230296 kB
MemAvailable:    1467680 kB
Buffers:           92912 kB
Cached:          1172768 kB
MemTotal:        1844596 kB
MemFree:          230356 kB
MemAvailable:    1467740 kB
Buffers:           92912 kB
Cached:          1172768 kB
MemTotal:        1844596 kB
MemFree:          229048 kB
MemAvailable:    1466432 kB
Buffers:           92912 kB
Cached:          1172768 kB
MemTotal:        1844596 kB
MemFree:          230348 kB
MemAvailable:    1467732 kB
Buffers:           92912 kB
Cached:          1172768 kB
MemTotal:        1844596 kB
MemFree:          230100 kB
MemAvailable:    1467484 kB
Buffers:           92912 kB
Cached:          1172768 kB
MemTotal:        1844596 kB
MemFree:          229900 kB
MemAvailable:    1467284 kB
Buffers:           92912 kB
Cached:          1172768 kB
MemTotal:        1844596 kB
MemFree:          229740 kB
MemAvailable:    1467124 kB
Buffers:           92912 kB
Cached:          1172768 kB
MemTotal:        1844596 kB
MemFree:          228600 kB
MemAvailable:    1465984 kB
Buffers:           92912 kB
Cached:          1172768 kB
MemTotal:        1844596 kB
MemFree:          229908 kB
MemAvailable:    1467292 kB
Buffers:           92912 kB
Cached:          1172768 kB
MemTotal:        1844596 kB
MemFree:          228996 kB
MemAvailable:    1466380 kB
Buffers:           92912 kB
Cached:          1172768 kB
MemTotal:        1844596 kB
MemFree:          229736 kB
MemAvailable:    1467120 kB
Buffers:           92912 kB
Cached:          1172768 kB
MemTotal:        1844596 kB
MemFree:          229456 kB
MemAvailable:    1466840 kB
Buffers:           92912 kB
Cached:          1172768 kB
MemTotal:        1844596 kB
MemFree:          229456 kB
MemAvailable:    1466840 kB
Buffers:           92912 kB
Cached:          1172768 kB
MemTotal:        1844596 kB
MemFree:          229596 kB
MemAvailable:    1466980 kB
Buffers:           92912 kB
Cached:          1172768 kB
MemTotal:        1844596 kB
MemFree:          229524 kB
MemAvailable:    1466908 kB
Buffers:           92912 kB
Cached:          1172768 kB
MemTotal:        1844596 kB
MemFree:          228348 kB
MemAvailable:    1465732 kB
Buffers:           92912 kB
Cached:          1172768 kB
MemTotal:        1844596 kB
MemFree:          229648 kB
MemAvailable:    1467032 kB
Buffers:           92912 kB
Cached:          1172768 kB
MemTotal:        1844596 kB
MemFree:          228616 kB
MemAvailable:    1466000 kB
Buffers:           92912 kB
Cached:          1172768 kB
MemTotal:        1844596 kB
MemFree:          229784 kB
MemAvailable:    1467168 kB
Buffers:           92912 kB
Cached:          1172768 kB
MemTotal:        1844596 kB
MemFree:          228484 kB
MemAvailable:    1465868 kB
Buffers:           92912 kB
Cached:          1172768 kB
MemTotal:        1844596 kB
MemFree:          229460 kB
MemAvailable:    1466844 kB
Buffers:           92912 kB
Cached:          1172768 kB
MemTotal:        1844596 kB
MemFree:          229608 kB
MemAvailable:    1466992 kB
Buffers:           92912 kB
Cached:          1172768 kB
MemTotal:        1844596 kB
MemFree:          229372 kB
MemAvailable:    1466756 kB
Buffers:           92912 kB
Cached:          1172768 kB
MemTotal:        1844596 kB
MemFree:          228108 kB
MemAvailable:    1465492 kB
Buffers:           92912 kB
Cached:          1172768 kB
MemTotal:        1844596 kB
MemFree:          229492 kB
MemAvailable:    1466876 kB
Buffers:           92912 kB
Cached:          1172768 kB
MemTotal:        1844596 kB
MemFree:          229544 kB
MemAvailable:    1466928 kB
Buffers:           92912 kB
Cached:          1172768 kB
MemTotal:        1844596 kB
MemFree:          226012 kB
MemAvailable:    1463396 kB
Buffers:           92912 kB
Cached:          1172768 kB
MemTotal:        1844596 kB
MemFree:          222168 kB
MemAvailable:    1459552 kB
Buffers:           92912 kB
Cached:          1172768 kB
MemTotal:        1844596 kB
MemFree:          218200 kB
MemAvailable:    1455584 kB
Buffers:           92912 kB
Cached:          1172768 kB
MemTotal:        1844596 kB
MemFree:          218076 kB
MemAvailable:    1455460 kB
Buffers:           92912 kB
Cached:          1172768 kB
MemTotal:        1844596 kB
MemFree:          218068 kB
MemAvailable:    1455452 kB
Buffers:           92912 kB
Cached:          1172768 kB
MemTotal:        1844596 kB
MemFree:          217704 kB
MemAvailable:    1455088 kB
Buffers:           92912 kB
Cached:          1172768 kB
MemTotal:        1844596 kB
MemFree:          218688 kB
MemAvailable:    1456072 kB
Buffers:           92912 kB
Cached:          1172768 kB
MemTotal:        1844596 kB
MemFree:          218688 kB
MemAvailable:    1456072 kB
Buffers:           92912 kB
Cached:          1172768 kB
MemTotal:        1844596 kB
MemFree:          218176 kB
MemAvailable:    1455560 kB
Buffers:           92912 kB
Cached:          1172768 kB
MemTotal:        1844596 kB
MemFree:          218076 kB
MemAvailable:    1455460 kB
Buffers:           92912 kB
Cached:          1172768 kB
MemTotal:        1844596 kB
MemFree:          217756 kB
MemAvailable:    1455140 kB
Buffers:           92912 kB
Cached:          1172768 kB
MemTotal:        1844596 kB
MemFree:          217756 kB
MemAvailable:    1455140 kB
Buffers:           92912 kB
Cached:          1172768 kB
MemTotal:        1844596 kB
MemFree:          216652 kB
MemAvailable:    1454036 kB
Buffers:           92912 kB
Cached:          1172768 kB
MemTotal:        1844596 kB
MemFree:          214960 kB
MemAvailable:    1452344 kB
Buffers:           92912 kB
Cached:          1172768 kB
MemTotal:        1844596 kB
MemFree:          216152 kB
MemAvailable:    1453536 kB
Buffers:           92912 kB
Cached:          1172768 kB
MemTotal:        1844596 kB
MemFree:          216152 kB
MemAvailable:    1453536 kB
Buffers:           92912 kB
Cached:          1172768 kB
MemTotal:        1844596 kB
MemFree:          214928 kB
MemAvailable:    1452312 kB
Buffers:           92912 kB
Cached:          1172768 kB
MemTotal:        1844596 kB
MemFree:          215912 kB
MemAvailable:    1453296 kB
Buffers:           92912 kB
Cached:          1172768 kB
MemTotal:        1844596 kB
MemFree:          216168 kB
MemAvailable:    1453552 kB
Buffers:           92912 kB
Cached:          1172768 kB
MemTotal:        1844596 kB
MemFree:          214672 kB
MemAvailable:    1452056 kB
Buffers:           92912 kB
Cached:          1172768 kB
MemTotal:        1844596 kB
MemFree:          214840 kB
MemAvailable:    1452224 kB
Buffers:           92912 kB
Cached:          1172768 kB
MemTotal:        1844596 kB
MemFree:          215100 kB
MemAvailable:    1452484 kB
Buffers:           92912 kB
Cached:          1172768 kB
MemTotal:        1844596 kB
MemFree:          216024 kB
MemAvailable:    1453408 kB
Buffers:           92912 kB
Cached:          1172768 kB
MemTotal:        1844596 kB
MemFree:          216276 kB
MemAvailable:    1453660 kB
Buffers:           92912 kB
Cached:          1172768 kB
MemTotal:        1844596 kB
MemFree:          214840 kB
MemAvailable:    1452224 kB
Buffers:           92912 kB
Cached:          1172768 kB
MemTotal:        1844596 kB
MemFree:          214708 kB
MemAvailable:    1452092 kB
Buffers:           92912 kB
Cached:          1172768 kB
MemTotal:        1844596 kB
MemFree:          216176 kB
MemAvailable:    1453560 kB
Buffers:           92912 kB
Cached:          1172768 kB
MemTotal:        1844596 kB
MemFree:          214976 kB
MemAvailable:    1452360 kB
Buffers:           92912 kB
Cached:          1172768 kB
MemTotal:        1844596 kB
MemFree:          215224 kB
MemAvailable:    1452612 kB
Buffers:           92912 kB
Cached:          1172772 kB
MemTotal:        1844596 kB
MemFree:          214788 kB
MemAvailable:    1452176 kB
Buffers:           92912 kB
Cached:          1172772 kB
MemTotal:        1844596 kB
MemFree:          214168 kB
MemAvailable:    1451556 kB
Buffers:           92912 kB
Cached:          1172772 kB
MemTotal:        1844596 kB
MemFree:          214044 kB
MemAvailable:    1451432 kB
Buffers:           92912 kB
Cached:          1172772 kB
MemTotal:        1844596 kB
MemFree:          212744 kB
MemAvailable:    1450132 kB
Buffers:           92912 kB
Cached:          1172772 kB
MemTotal:        1844596 kB
MemFree:          213776 kB
MemAvailable:    1451164 kB
Buffers:           92912 kB
Cached:          1172772 kB
MemTotal:        1844596 kB
MemFree:          213000 kB
MemAvailable:    1450388 kB
Buffers:           92912 kB
Cached:          1172772 kB
MemTotal:        1844596 kB
MemFree:          213232 kB
MemAvailable:    1450620 kB
Buffers:           92912 kB
Cached:          1172772 kB
MemTotal:        1844596 kB
MemFree:          213232 kB
MemAvailable:    1450620 kB
Buffers:           92912 kB
Cached:          1172772 kB
MemTotal:        1844596 kB
MemFree:          211688 kB
MemAvailable:    1449076 kB
Buffers:           92912 kB
Cached:          1172772 kB
MemTotal:        1844596 kB
MemFree:          211008 kB
MemAvailable:    1448396 kB
Buffers:           92912 kB
Cached:          1172772 kB
MemTotal:        1844596 kB
MemFree:          210504 kB
MemAvailable:    1447892 kB
Buffers:           92912 kB
Cached:          1172772 kB
MemTotal:        1844596 kB
MemFree:          211612 kB
MemAvailable:    1449004 kB
Buffers:           92912 kB
Cached:          1172776 kB
MemTotal:        1844596 kB
MemFree:          211864 kB
MemAvailable:    1449256 kB
Buffers:           92912 kB
Cached:          1172776 kB
MemTotal:        1844596 kB
MemFree:          210420 kB
MemAvailable:    1447812 kB
Buffers:           92912 kB
Cached:          1172776 kB
MemTotal:        1844596 kB
MemFree:          210048 kB
MemAvailable:    1447440 kB
Buffers:           92912 kB
Cached:          1172776 kB
MemTotal:        1844596 kB
MemFree:          210296 kB
MemAvailable:    1447688 kB
Buffers:           92912 kB
Cached:          1172776 kB
MemTotal:        1844596 kB
MemFree:          211016 kB
MemAvailable:    1448408 kB
Buffers:           92912 kB
Cached:          1172776 kB
MemTotal:        1844596 kB
MemFree:          211100 kB
MemAvailable:    1448492 kB
Buffers:           92912 kB
Cached:          1172776 kB
MemTotal:        1844596 kB
MemFree:          211088 kB
MemAvailable:    1448480 kB
Buffers:           92912 kB
Cached:          1172776 kB
MemTotal:        1844596 kB
MemFree:          209772 kB
MemAvailable:    1447164 kB
Buffers:           92912 kB
Cached:          1172776 kB
MemTotal:        1844596 kB
MemFree:          211104 kB
MemAvailable:    1448496 kB
Buffers:           92912 kB
Cached:          1172776 kB
MemTotal:        1844596 kB
MemFree:          211204 kB
MemAvailable:    1448596 kB
Buffers:           92912 kB
Cached:          1172776 kB
MemTotal:        1844596 kB
MemFree:          209644 kB
MemAvailable:    1447036 kB
Buffers:           92912 kB
Cached:          1172776 kB
MemTotal:        1844596 kB
MemFree:          210752 kB
MemAvailable:    1448144 kB
Buffers:           92912 kB
Cached:          1172776 kB
MemTotal:        1844596 kB
MemFree:          211008 kB
MemAvailable:    1448400 kB
Buffers:           92912 kB
Cached:          1172776 kB
MemTotal:        1844596 kB
MemFree:          210932 kB
MemAvailable:    1448324 kB
Buffers:           92912 kB
Cached:          1172776 kB
MemTotal:        1844596 kB
MemFree:          210868 kB
MemAvailable:    1448260 kB
Buffers:           92912 kB
Cached:          1172776 kB
MemTotal:        1844596 kB
MemFree:          210748 kB
MemAvailable:    1448140 kB
Buffers:           92912 kB
Cached:          1172776 kB
MemTotal:        1844596 kB
MemFree:          210652 kB
MemAvailable:    1448044 kB
Buffers:           92912 kB
Cached:          1172776 kB
MemTotal:        1844596 kB
MemFree:          210908 kB
MemAvailable:    1448300 kB
Buffers:           92912 kB
Cached:          1172776 kB
MemTotal:        1844596 kB
MemFree:          210640 kB
MemAvailable:    1448032 kB
Buffers:           92912 kB
Cached:          1172776 kB
MemTotal:        1844596 kB
MemFree:          210640 kB
MemAvailable:    1448032 kB
Buffers:           92912 kB
Cached:          1172776 kB
MemTotal:        1844596 kB
MemFree:          210732 kB
MemAvailable:    1448124 kB
Buffers:           92912 kB
Cached:          1172776 kB
MemTotal:        1844596 kB
MemFree:          210412 kB
MemAvailable:    1447804 kB
Buffers:           92912 kB
Cached:          1172776 kB
MemTotal:        1844596 kB
MemFree:          211032 kB
MemAvailable:    1448424 kB
Buffers:           92912 kB
Cached:          1172776 kB
MemTotal:        1844596 kB
MemFree:          209660 kB
MemAvailable:    1447052 kB
Buffers:           92912 kB
Cached:          1172776 kB
MemTotal:        1844596 kB
MemFree:          210768 kB
MemAvailable:    1448160 kB
Buffers:           92912 kB
Cached:          1172776 kB
MemTotal:        1844596 kB
MemFree:          210768 kB
MemAvailable:    1448160 kB
Buffers:           92912 kB
Cached:          1172776 kB
MemTotal:        1844596 kB
MemFree:          209736 kB
MemAvailable:    1447128 kB
Buffers:           92912 kB
Cached:          1172776 kB
MemTotal:        1844596 kB
MemFree:          208304 kB
MemAvailable:    1445696 kB
Buffers:           92912 kB
Cached:          1172776 kB
MemTotal:        1844596 kB
MemFree:          209048 kB
MemAvailable:    1446440 kB
Buffers:           92912 kB
Cached:          1172776 kB
MemTotal:        1844596 kB
MemFree:          208940 kB
MemAvailable:    1446332 kB
Buffers:           92912 kB
Cached:          1172776 kB
MemTotal:        1844596 kB
MemFree:          207504 kB
MemAvailable:    1444896 kB
Buffers:           92912 kB
Cached:          1172776 kB
MemTotal:        1844596 kB
MemFree:          204964 kB
MemAvailable:    1442356 kB
Buffers:           92912 kB
Cached:          1172776 kB
MemTotal:        1844596 kB
MemFree:          203228 kB
MemAvailable:    1440620 kB
Buffers:           92912 kB
Cached:          1172776 kB
MemTotal:        1844596 kB
MemFree:          200936 kB
MemAvailable:    1438328 kB
Buffers:           92912 kB
Cached:          1172776 kB
MemTotal:        1844596 kB
MemFree:          197824 kB
MemAvailable:    1435216 kB
Buffers:           92912 kB
Cached:          1172776 kB
MemTotal:        1844596 kB
MemFree:          195168 kB
MemAvailable:    1432560 kB
Buffers:           92912 kB
Cached:          1172776 kB
MemTotal:        1844596 kB
MemFree:          191160 kB
MemAvailable:    1428552 kB
Buffers:           92912 kB
Cached:          1172776 kB
MemTotal:        1844596 kB
MemFree:          192192 kB
MemAvailable:    1429584 kB
Buffers:           92912 kB
Cached:          1172776 kB
MemTotal:        1844596 kB
MemFree:          190952 kB
MemAvailable:    1428344 kB
Buffers:           92912 kB
Cached:          1172776 kB
MemTotal:        1844596 kB
MemFree:          192104 kB
MemAvailable:    1429496 kB
Buffers:           92912 kB
Cached:          1172776 kB
MemTotal:        1844596 kB
MemFree:          191936 kB
MemAvailable:    1429328 kB
Buffers:           92912 kB
Cached:          1172776 kB
MemTotal:        1844596 kB
MemFree:          191936 kB
MemAvailable:    1429328 kB
Buffers:           92912 kB
Cached:          1172776 kB
MemTotal:        1844596 kB
MemFree:          190636 kB
MemAvailable:    1428028 kB
Buffers:           92912 kB
Cached:          1172776 kB
MemTotal:        1844596 kB
MemFree:          191612 kB
MemAvailable:    1429004 kB
Buffers:           92912 kB
Cached:          1172776 kB
MemTotal:        1844596 kB
MemFree:          191696 kB
MemAvailable:    1429088 kB
Buffers:           92912 kB
Cached:          1172776 kB
MemTotal:        1844596 kB
MemFree:          191668 kB
MemAvailable:    1429060 kB
Buffers:           92912 kB
Cached:          1172776 kB
MemTotal:        1844596 kB
MemFree:          191920 kB
MemAvailable:    1429312 kB
Buffers:           92912 kB
Cached:          1172776 kB
MemTotal:        1844596 kB
MemFree:          191604 kB
MemAvailable:    1428996 kB
Buffers:           92912 kB
Cached:          1172776 kB
MemTotal:        1844596 kB
MemFree:          191060 kB
MemAvailable:    1428452 kB
Buffers:           92912 kB
Cached:          1172776 kB
MemTotal:        1844596 kB
MemFree:          191060 kB
MemAvailable:    1428452 kB
Buffers:           92912 kB
Cached:          1172776 kB
MemTotal:        1844596 kB
MemFree:          190936 kB
MemAvailable:    1428328 kB
Buffers:           92912 kB
Cached:          1172776 kB
MemTotal:        1844596 kB
MemFree:          191076 kB
MemAvailable:    1428468 kB
Buffers:           92912 kB
Cached:          1172776 kB
MemTotal:        1844596 kB
MemFree:          189824 kB
MemAvailable:    1427216 kB
Buffers:           92912 kB
Cached:          1172776 kB
MemTotal:        1844596 kB
MemFree:          190920 kB
MemAvailable:    1428312 kB
Buffers:           92912 kB
Cached:          1172776 kB
MemTotal:        1844596 kB
MemFree:          190828 kB
MemAvailable:    1428220 kB
Buffers:           92912 kB
Cached:          1172776 kB
MemTotal:        1844596 kB
MemFree:          191064 kB
MemAvailable:    1428456 kB
Buffers:           92912 kB
Cached:          1172776 kB
MemTotal:        1844596 kB
MemFree:          191076 kB
MemAvailable:    1428468 kB
Buffers:           92912 kB
Cached:          1172776 kB
MemTotal:        1844596 kB
MemFree:          189644 kB
MemAvailable:    1427036 kB
Buffers:           92912 kB
Cached:          1172776 kB
MemTotal:        1844596 kB
MemFree:          191112 kB
MemAvailable:    1428504 kB
Buffers:           92912 kB
Cached:          1172776 kB
MemTotal:        1844596 kB
MemFree:          190940 kB
MemAvailable:    1428332 kB
Buffers:           92912 kB
Cached:          1172776 kB
MemTotal:        1844596 kB
MemFree:          189632 kB
MemAvailable:    1427024 kB
Buffers:           92912 kB
Cached:          1172776 kB
MemTotal:        1844596 kB
MemFree:          190932 kB
MemAvailable:    1428324 kB
Buffers:           92912 kB
Cached:          1172776 kB
MemTotal:        1844596 kB
MemFree:          190900 kB
MemAvailable:    1428292 kB
Buffers:           92912 kB
Cached:          1172776 kB
MemTotal:        1844596 kB
MemFree:          191152 kB
MemAvailable:    1428544 kB
Buffers:           92912 kB
Cached:          1172776 kB
MemTotal:        1844596 kB
MemFree:          191064 kB
MemAvailable:    1428456 kB
Buffers:           92912 kB
Cached:          1172776 kB
MemTotal:        1844596 kB
MemFree:          189776 kB
MemAvailable:    1427168 kB
Buffers:           92912 kB
Cached:          1172776 kB
MemTotal:        1844596 kB
MemFree:          189644 kB
MemAvailable:    1427036 kB
Buffers:           92912 kB
Cached:          1172776 kB
MemTotal:        1844596 kB
MemFree:          190996 kB
MemAvailable:    1428388 kB
Buffers:           92912 kB
Cached:          1172776 kB
MemTotal:        1844596 kB
MemFree:          191248 kB
MemAvailable:    1428640 kB
Buffers:           92912 kB
Cached:          1172776 kB
MemTotal:        1844596 kB
MemFree:          189780 kB
MemAvailable:    1427172 kB
Buffers:           92912 kB
Cached:          1172776 kB
MemTotal:        1844596 kB
MemFree:          191180 kB
MemAvailable:    1428572 kB
Buffers:           92912 kB
Cached:          1172776 kB
MemTotal:        1844596 kB
MemFree:          189904 kB
MemAvailable:    1427296 kB
Buffers:           92912 kB
Cached:          1172776 kB
MemTotal:        1844596 kB
MemFree:          189904 kB
MemAvailable:    1427296 kB
Buffers:           92912 kB
Cached:          1172776 kB
MemTotal:        1844596 kB
MemFree:          188284 kB
MemAvailable:    1425676 kB
Buffers:           92912 kB
Cached:          1172776 kB
MemTotal:        1844596 kB
MemFree:          183752 kB
MemAvailable:    1421156 kB
Buffers:           92912 kB
Cached:          1172788 kB
MemTotal:        1844596 kB
MemFree:          183752 kB
MemAvailable:    1421156 kB
Buffers:           92912 kB
Cached:          1172788 kB
MemTotal:        1844596 kB
MemFree:          180092 kB
MemAvailable:    1417496 kB
Buffers:           92912 kB
Cached:          1172788 kB
MemTotal:        1844596 kB
MemFree:          177436 kB
MemAvailable:    1414840 kB
Buffers:           92912 kB
Cached:          1172788 kB
MemTotal:        1844596 kB
MemFree:          173396 kB
MemAvailable:    1410800 kB
Buffers:           92912 kB
Cached:          1172788 kB
MemTotal:        1844596 kB
MemFree:          173072 kB
MemAvailable:    1410476 kB
Buffers:           92912 kB
Cached:          1172788 kB
MemTotal:        1844596 kB
MemFree:          172428 kB
MemAvailable:    1409832 kB
Buffers:           92912 kB
Cached:          1172788 kB
MemTotal:        1844596 kB
MemFree:          173256 kB
MemAvailable:    1410660 kB
Buffers:           92912 kB
Cached:          1172788 kB
MemTotal:        1844596 kB
MemFree:          173192 kB
MemAvailable:    1410596 kB
Buffers:           92912 kB
Cached:          1172788 kB
MemTotal:        1844596 kB
MemFree:          173276 kB
MemAvailable:    1410680 kB
Buffers:           92912 kB
Cached:          1172788 kB
MemTotal:        1844596 kB
MemFree:          173224 kB
MemAvailable:    1410628 kB
Buffers:           92912 kB
Cached:          1172788 kB
MemTotal:        1844596 kB
MemFree:          172092 kB
MemAvailable:    1409496 kB
Buffers:           92912 kB
Cached:          1172788 kB
MemTotal:        1844596 kB
MemFree:          171912 kB
MemAvailable:    1409316 kB
Buffers:           92912 kB
Cached:          1172788 kB
MemTotal:        1844596 kB
MemFree:          173220 kB
MemAvailable:    1410624 kB
Buffers:           92912 kB
Cached:          1172788 kB
MemTotal:        1844596 kB
MemFree:          171648 kB
MemAvailable:    1409052 kB
Buffers:           92912 kB
Cached:          1172788 kB
MemTotal:        1844596 kB
MemFree:          172036 kB
MemAvailable:    1409440 kB
Buffers:           92912 kB
Cached:          1172788 kB
MemTotal:        1844596 kB
MemFree:          173276 kB
MemAvailable:    1410680 kB
Buffers:           92912 kB
Cached:          1172788 kB
MemTotal:        1844596 kB
MemFree:          171980 kB
MemAvailable:    1409384 kB
Buffers:           92912 kB
Cached:          1172788 kB
MemTotal:        1844596 kB
MemFree:          173024 kB
MemAvailable:    1410428 kB
Buffers:           92912 kB
Cached:          1172788 kB
MemTotal:        1844596 kB
MemFree:          171988 kB
MemAvailable:    1409392 kB
Buffers:           92912 kB
Cached:          1172788 kB
MemTotal:        1844596 kB
MemFree:          172716 kB
MemAvailable:    1410120 kB
Buffers:           92912 kB
Cached:          1172788 kB
MemTotal:        1844596 kB
MemFree:          173052 kB
MemAvailable:    1410456 kB
Buffers:           92912 kB
Cached:          1172788 kB
MemTotal:        1844596 kB
MemFree:          172840 kB
MemAvailable:    1410244 kB
Buffers:           92912 kB
Cached:          1172788 kB
MemTotal:        1844596 kB
MemFree:          172608 kB
MemAvailable:    1410012 kB
Buffers:           92912 kB
Cached:          1172788 kB
MemTotal:        1844596 kB
MemFree:          172860 kB
MemAvailable:    1410264 kB
Buffers:           92912 kB
Cached:          1172788 kB
MemTotal:        1844596 kB
MemFree:          171420 kB
MemAvailable:    1408824 kB
Buffers:           92912 kB
Cached:          1172788 kB
MemTotal:        1844596 kB
MemFree:          172704 kB
MemAvailable:    1410108 kB
Buffers:           92912 kB
Cached:          1172788 kB
MemTotal:        1844596 kB
MemFree:          173040 kB
MemAvailable:    1410444 kB
Buffers:           92912 kB
Cached:          1172788 kB
MemTotal:        1844596 kB
MemFree:          171456 kB
MemAvailable:    1408860 kB
Buffers:           92912 kB
Cached:          1172788 kB
MemTotal:        1844596 kB
MemFree:          172848 kB
MemAvailable:    1410252 kB
Buffers:           92912 kB
Cached:          1172788 kB
MemTotal:        1844596 kB
MemFree:          172104 kB
MemAvailable:    1409508 kB
Buffers:           92912 kB
Cached:          1172788 kB
MemTotal:        1844596 kB
MemFree:          172780 kB
MemAvailable:    1410184 kB
Buffers:           92912 kB
Cached:          1172788 kB
MemTotal:        1844596 kB
MemFree:          172980 kB
MemAvailable:    1410384 kB
Buffers:           92912 kB
Cached:          1172788 kB
MemTotal:        1844596 kB
MemFree:          171468 kB
MemAvailable:    1408872 kB
Buffers:           92912 kB
Cached:          1172788 kB
MemTotal:        1844596 kB
MemFree:          172708 kB
MemAvailable:    1410112 kB
Buffers:           92912 kB
Cached:          1172788 kB
MemTotal:        1844596 kB
MemFree:          172708 kB
MemAvailable:    1410112 kB
Buffers:           92912 kB
Cached:          1172788 kB
MemTotal:        1844596 kB
MemFree:          172788 kB
MemAvailable:    1410192 kB
Buffers:           92912 kB
Cached:          1172788 kB
MemTotal:        1844596 kB
MemFree:          173040 kB
MemAvailable:    1410444 kB
Buffers:           92912 kB
Cached:          1172788 kB
MemTotal:        1844596 kB
MemFree:          169872 kB
MemAvailable:    1407276 kB
Buffers:           92912 kB
Cached:          1172788 kB
MemTotal:        1844596 kB
MemFree:          165028 kB
MemAvailable:    1402432 kB
Buffers:           92912 kB
Cached:          1172788 kB
MemTotal:        1844596 kB
MemFree:          164796 kB
MemAvailable:    1402200 kB
Buffers:           92912 kB
Cached:          1172788 kB
MemTotal:        1844596 kB
MemFree:          159704 kB
MemAvailable:    1397108 kB
Buffers:           92912 kB
Cached:          1172788 kB
MemTotal:        1844596 kB
MemFree:          156292 kB
MemAvailable:    1393696 kB
Buffers:           92912 kB
Cached:          1172788 kB
MemTotal:        1844596 kB
MemFree:          155224 kB
MemAvailable:    1392628 kB
Buffers:           92912 kB
Cached:          1172788 kB
MemTotal:        1844596 kB
MemFree:          155116 kB
MemAvailable:    1392520 kB
Buffers:           92912 kB
Cached:          1172788 kB
MemTotal:        1844596 kB
MemFree:          155212 kB
MemAvailable:    1392616 kB
Buffers:           92912 kB
Cached:          1172788 kB
MemTotal:        1844596 kB
MemFree:          155464 kB
MemAvailable:    1392868 kB
Buffers:           92912 kB
Cached:          1172788 kB
MemTotal:        1844596 kB
MemFree:          155208 kB
MemAvailable:    1392612 kB
Buffers:           92912 kB
Cached:          1172788 kB
MemTotal:        1844596 kB
MemFree:          155208 kB
MemAvailable:    1392612 kB
Buffers:           92912 kB
Cached:          1172788 kB
MemTotal:        1844596 kB
MemFree:          155304 kB
MemAvailable:    1392708 kB
Buffers:           92912 kB
Cached:          1172788 kB
MemTotal:        1844596 kB
MemFree:          155372 kB
MemAvailable:    1392776 kB
Buffers:           92912 kB
Cached:          1172788 kB
MemTotal:        1844596 kB
MemFree:          155052 kB
MemAvailable:    1392456 kB
Buffers:           92912 kB
Cached:          1172788 kB
MemTotal:        1844596 kB
MemFree:          155388 kB
MemAvailable:    1392792 kB
Buffers:           92912 kB
Cached:          1172788 kB
MemTotal:        1844596 kB
MemFree:          153944 kB
MemAvailable:    1391348 kB
Buffers:           92912 kB
Cached:          1172788 kB
MemTotal:        1844596 kB
MemFree:          155172 kB
MemAvailable:    1392576 kB
Buffers:           92912 kB
Cached:          1172788 kB
MemTotal:        1844596 kB
MemFree:          155172 kB
MemAvailable:    1392576 kB
Buffers:           92912 kB
Cached:          1172788 kB
MemTotal:        1844596 kB
MemFree:          155580 kB
MemAvailable:    1392984 kB
Buffers:           92912 kB
Cached:          1172788 kB
MemTotal:        1844596 kB
MemFree:          155208 kB
MemAvailable:    1392612 kB
Buffers:           92912 kB
Cached:          1172788 kB
MemTotal:        1844596 kB
MemFree:          155364 kB
MemAvailable:    1392768 kB
Buffers:           92912 kB
Cached:          1172788 kB
MemTotal:        1844596 kB
MemFree:          155280 kB
MemAvailable:    1392684 kB
Buffers:           92912 kB
Cached:          1172788 kB
MemTotal:        1844596 kB
MemFree:          155240 kB
MemAvailable:    1392644 kB
Buffers:           92912 kB
Cached:          1172788 kB
MemTotal:        1844596 kB
MemFree:          154480 kB
MemAvailable:    1391884 kB
Buffers:           92912 kB
Cached:          1172788 kB
MemTotal:        1844596 kB
MemFree:          154480 kB
MemAvailable:    1391884 kB
Buffers:           92912 kB
Cached:          1172788 kB
MemTotal:        1844596 kB
MemFree:          154192 kB
MemAvailable:    1391596 kB
Buffers:           92912 kB
Cached:          1172788 kB
MemTotal:        1844596 kB
MemFree:          153112 kB
MemAvailable:    1390516 kB
Buffers:           92912 kB
Cached:          1172788 kB
MemTotal:        1844596 kB
MemFree:          154088 kB
MemAvailable:    1391492 kB
Buffers:           92912 kB
Cached:          1172788 kB
MemTotal:        1844596 kB
MemFree:          154424 kB
MemAvailable:    1391828 kB
Buffers:           92912 kB
Cached:          1172788 kB
MemTotal:        1844596 kB
MemFree:          154000 kB
MemAvailable:    1391404 kB
Buffers:           92912 kB
Cached:          1172788 kB
MemTotal:        1844596 kB
MemFree:          152644 kB
MemAvailable:    1390048 kB
Buffers:           92912 kB
Cached:          1172788 kB
MemTotal:        1844596 kB
MemFree:          150892 kB
MemAvailable:    1388296 kB
Buffers:           92912 kB
Cached:          1172788 kB
MemTotal:        1844596 kB
MemFree:          150892 kB
MemAvailable:    1388296 kB
Buffers:           92912 kB
Cached:          1172788 kB
MemTotal:        1844596 kB
MemFree:          146436 kB
MemAvailable:    1383840 kB
Buffers:           92912 kB
Cached:          1172788 kB
MemTotal:        1844596 kB
MemFree:          144380 kB
MemAvailable:    1381784 kB
Buffers:           92912 kB
Cached:          1172788 kB
MemTotal:        1844596 kB
MemFree:          140360 kB
MemAvailable:    1377764 kB
Buffers:           92912 kB
Cached:          1172788 kB
MemTotal:        1844596 kB
MemFree:          138004 kB
MemAvailable:    1375408 kB
Buffers:           92912 kB
Cached:          1172788 kB
MemTotal:        1844596 kB
MemFree:          134020 kB
MemAvailable:    1371424 kB
Buffers:           92912 kB
Cached:          1172788 kB
MemTotal:        1844596 kB
MemFree:          134272 kB
MemAvailable:    1371676 kB
Buffers:           92912 kB
Cached:          1172788 kB
MemTotal:        1844596 kB
MemFree:          131608 kB
MemAvailable:    1369012 kB
Buffers:           92912 kB
Cached:          1172788 kB
MemTotal:        1844596 kB
MemFree:          130004 kB
MemAvailable:    1367416 kB
Buffers:           92912 kB
Cached:          1172796 kB
MemTotal:        1844596 kB
MemFree:          127844 kB
MemAvailable:    1365256 kB
Buffers:           92912 kB
Cached:          1172796 kB
MemTotal:        1844596 kB
MemFree:          124844 kB
MemAvailable:    1362260 kB
Buffers:           92912 kB
Cached:          1172800 kB
MemTotal:        1844596 kB
MemFree:          124844 kB
MemAvailable:    1362260 kB
Buffers:           92912 kB
Cached:          1172800 kB
MemTotal:        1844596 kB
MemFree:          123480 kB
MemAvailable:    1360896 kB
Buffers:           92912 kB
Cached:          1172800 kB
MemTotal:        1844596 kB
MemFree:          123816 kB
MemAvailable:    1361232 kB
Buffers:           92912 kB
Cached:          1172800 kB
MemTotal:        1844596 kB
MemFree:          122248 kB
MemAvailable:    1359664 kB
Buffers:           92912 kB
Cached:          1172800 kB
MemTotal:        1844596 kB
MemFree:          123672 kB
MemAvailable:    1361088 kB
Buffers:           92912 kB
Cached:          1172800 kB
MemTotal:        1844596 kB
MemFree:          123584 kB
MemAvailable:    1361000 kB
Buffers:           92912 kB
Cached:          1172800 kB
MemTotal:        1844596 kB
MemFree:          123000 kB
MemAvailable:    1360416 kB
Buffers:           92912 kB
Cached:          1172800 kB
MemTotal:        1844596 kB
MemFree:          123428 kB
MemAvailable:    1360844 kB
Buffers:           92912 kB
Cached:          1172800 kB
MemTotal:        1844596 kB
MemFree:          123680 kB
MemAvailable:    1361096 kB
Buffers:           92912 kB
Cached:          1172800 kB
MemTotal:        1844596 kB
MemFree:          123308 kB
MemAvailable:    1360724 kB
Buffers:           92912 kB
Cached:          1172800 kB
MemTotal:        1844596 kB
MemFree:          123372 kB
MemAvailable:    1360788 kB
Buffers:           92912 kB
Cached:          1172800 kB
MemTotal:        1844596 kB
MemFree:          122432 kB
MemAvailable:    1359848 kB
Buffers:           92912 kB
Cached:          1172800 kB
MemTotal:        1844596 kB
MemFree:          122116 kB
MemAvailable:    1359532 kB
Buffers:           92912 kB
Cached:          1172800 kB
MemTotal:        1844596 kB
MemFree:          122452 kB
MemAvailable:    1359868 kB
Buffers:           92912 kB
Cached:          1172800 kB
MemTotal:        1844596 kB
MemFree:          122068 kB
MemAvailable:    1359484 kB
Buffers:           92912 kB
Cached:          1172800 kB
MemTotal:        1844596 kB
MemFree:          122324 kB
MemAvailable:    1359740 kB
Buffers:           92912 kB
Cached:          1172800 kB
MemTotal:        1844596 kB
MemFree:          120952 kB
MemAvailable:    1358368 kB
Buffers:           92912 kB
Cached:          1172800 kB
MemTotal:        1844596 kB
MemFree:          120512 kB
MemAvailable:    1357928 kB
Buffers:           92912 kB
Cached:          1172800 kB
MemTotal:        1844596 kB
MemFree:          120768 kB
MemAvailable:    1358184 kB
Buffers:           92912 kB
Cached:          1172800 kB
MemTotal:        1844596 kB
MemFree:          121448 kB
MemAvailable:    1358864 kB
Buffers:           92912 kB
Cached:          1172800 kB
MemTotal:        1844596 kB
MemFree:          121024 kB
MemAvailable:    1358440 kB
Buffers:           92912 kB
Cached:          1172800 kB
MemTotal:        1844596 kB
MemFree:          121000 kB
MemAvailable:    1358416 kB
Buffers:           92912 kB
Cached:          1172800 kB
MemTotal:        1844596 kB
MemFree:          120528 kB
MemAvailable:    1357944 kB
Buffers:           92912 kB
Cached:          1172800 kB
MemTotal:        1844596 kB
MemFree:          120688 kB
MemAvailable:    1358104 kB
Buffers:           92912 kB
Cached:          1172800 kB
MemTotal:        1844596 kB
MemFree:          120076 kB
MemAvailable:    1357492 kB
Buffers:           92912 kB
Cached:          1172800 kB
MemTotal:        1844596 kB
MemFree:          119272 kB
MemAvailable:    1356688 kB
Buffers:           92912 kB
Cached:          1172800 kB
MemTotal:        1844596 kB
MemFree:          119164 kB
MemAvailable:    1356580 kB
Buffers:           92912 kB
Cached:          1172800 kB
MemTotal:        1844596 kB
MemFree:          119148 kB
MemAvailable:    1356564 kB
Buffers:           92912 kB
Cached:          1172800 kB
MemTotal:        1844596 kB
MemFree:          119040 kB
MemAvailable:    1356456 kB
Buffers:           92912 kB
Cached:          1172800 kB
MemTotal:        1844596 kB
MemFree:          117784 kB
MemAvailable:    1355200 kB
Buffers:           92912 kB
Cached:          1172800 kB
MemTotal:        1844596 kB
MemFree:          119232 kB
MemAvailable:    1356648 kB
Buffers:           92912 kB
Cached:          1172800 kB
MemTotal:        1844596 kB
MemFree:          119372 kB
MemAvailable:    1356788 kB
Buffers:           92912 kB
Cached:          1172800 kB
MemTotal:        1844596 kB
MemFree:          117856 kB
MemAvailable:    1355272 kB
Buffers:           92912 kB
Cached:          1172800 kB
MemTotal:        1844596 kB
MemFree:          119408 kB
MemAvailable:    1356824 kB
Buffers:           92912 kB
Cached:          1172800 kB
MemTotal:        1844596 kB
MemFree:          118608 kB
MemAvailable:    1356024 kB
Buffers:           92912 kB
Cached:          1172800 kB
MemTotal:        1844596 kB
MemFree:          119768 kB
MemAvailable:    1357184 kB
Buffers:           92912 kB
Cached:          1172800 kB
MemTotal:        1844596 kB
MemFree:          119456 kB
MemAvailable:    1356872 kB
Buffers:           92912 kB
Cached:          1172800 kB
MemTotal:        1844596 kB
MemFree:          119216 kB
MemAvailable:    1356632 kB
Buffers:           92912 kB
Cached:          1172800 kB
MemTotal:        1844596 kB
MemFree:          119384 kB
MemAvailable:    1356800 kB
Buffers:           92912 kB
Cached:          1172800 kB
MemTotal:        1844596 kB
MemFree:          119076 kB
MemAvailable:    1356492 kB
Buffers:           92912 kB
Cached:          1172800 kB
MemTotal:        1844596 kB
MemFree:          117908 kB
MemAvailable:    1355324 kB
Buffers:           92912 kB
Cached:          1172800 kB
MemTotal:        1844596 kB
MemFree:          118156 kB
MemAvailable:    1355572 kB
Buffers:           92912 kB
Cached:          1172800 kB
MemTotal:        1844596 kB
MemFree:          119092 kB
MemAvailable:    1356508 kB
Buffers:           92912 kB
Cached:          1172800 kB
MemTotal:        1844596 kB
MemFree:          118908 kB
MemAvailable:    1356324 kB
Buffers:           92912 kB
Cached:          1172800 kB
MemTotal:        1844596 kB
MemFree:          119212 kB
MemAvailable:    1356628 kB
Buffers:           92912 kB
Cached:          1172800 kB
MemTotal:        1844596 kB
MemFree:          119032 kB
MemAvailable:    1356448 kB
Buffers:           92912 kB
Cached:          1172800 kB
MemTotal:        1844596 kB
MemFree:          119152 kB
MemAvailable:    1356568 kB
Buffers:           92912 kB
Cached:          1172800 kB
MemTotal:        1844596 kB
MemFree:          118020 kB
MemAvailable:    1355436 kB
Buffers:           92912 kB
Cached:          1172800 kB
MemTotal:        1844596 kB
MemFree:          119148 kB
MemAvailable:    1356564 kB
Buffers:           92912 kB
Cached:          1172800 kB
MemTotal:        1844596 kB
MemFree:          119148 kB
MemAvailable:    1356564 kB
Buffers:           92912 kB
Cached:          1172800 kB
MemTotal:        1844596 kB
MemFree:          119160 kB
MemAvailable:    1356576 kB
Buffers:           92912 kB
Cached:          1172800 kB
MemTotal:        1844596 kB
MemFree:          117984 kB
MemAvailable:    1355400 kB
Buffers:           92912 kB
Cached:          1172800 kB
MemTotal:        1844596 kB
MemFree:          117860 kB
MemAvailable:    1355276 kB
Buffers:           92912 kB
Cached:          1172800 kB
MemTotal:        1844596 kB
MemFree:          119224 kB
MemAvailable:    1356640 kB
Buffers:           92912 kB
Cached:          1172800 kB
MemTotal:        1844596 kB
MemFree:          118412 kB
MemAvailable:    1355828 kB
Buffers:           92912 kB
Cached:          1172800 kB
MemTotal:        1844596 kB
MemFree:          119456 kB
MemAvailable:    1356872 kB
Buffers:           92912 kB
Cached:          1172800 kB
MemTotal:        1844596 kB
MemFree:          118024 kB
MemAvailable:    1355440 kB
Buffers:           92912 kB
Cached:          1172800 kB
MemTotal:        1844596 kB
MemFree:          119132 kB
MemAvailable:    1356548 kB
Buffers:           92912 kB
Cached:          1172800 kB
MemTotal:        1844596 kB
MemFree:          119132 kB
MemAvailable:    1356548 kB
Buffers:           92912 kB
Cached:          1172800 kB
MemTotal:        1844596 kB
MemFree:          119212 kB
MemAvailable:    1356628 kB
Buffers:           92912 kB
Cached:          1172800 kB
MemTotal:        1844596 kB
MemFree:          119156 kB
MemAvailable:    1356572 kB
Buffers:           92912 kB
Cached:          1172800 kB
MemTotal:        1844596 kB
MemFree:          119068 kB
MemAvailable:    1356484 kB
Buffers:           92912 kB
Cached:          1172800 kB
MemTotal:        1844596 kB
MemFree:          118024 kB
MemAvailable:    1355440 kB
Buffers:           92912 kB
Cached:          1172800 kB
MemTotal:        1844596 kB
MemFree:          117916 kB
MemAvailable:    1355332 kB
Buffers:           92912 kB
Cached:          1172800 kB
MemTotal:        1844596 kB
MemFree:          116116 kB
MemAvailable:    1353532 kB
Buffers:           92912 kB
Cached:          1172800 kB
MemTotal:        1844596 kB
MemFree:          116180 kB
MemAvailable:    1353596 kB
Buffers:           92912 kB
Cached:          1172800 kB
MemTotal:        1844596 kB
MemFree:          112568 kB
MemAvailable:    1349984 kB
Buffers:           92912 kB
Cached:          1172800 kB
MemTotal:        1844596 kB
MemFree:          112652 kB
MemAvailable:    1350068 kB
Buffers:           92912 kB
Cached:          1172800 kB
MemTotal:        1844596 kB
MemFree:          111080 kB
MemAvailable:    1348496 kB
Buffers:           92912 kB
Cached:          1172800 kB
MemTotal:        1844596 kB
MemFree:          111160 kB
MemAvailable:    1348576 kB
Buffers:           92912 kB
Cached:          1172800 kB
MemTotal:        1844596 kB
MemFree:          112644 kB
MemAvailable:    1350060 kB
Buffers:           92912 kB
Cached:          1172800 kB
MemTotal:        1844596 kB
MemFree:          112432 kB
MemAvailable:    1349848 kB
Buffers:           92912 kB
Cached:          1172800 kB
MemTotal:        1844596 kB
MemFree:          112684 kB
MemAvailable:    1350100 kB
Buffers:           92912 kB
Cached:          1172800 kB
MemTotal:        1844596 kB
MemFree:          112628 kB
MemAvailable:    1350044 kB
Buffers:           92912 kB
Cached:          1172800 kB
MemTotal:        1844596 kB
MemFree:          111216 kB
MemAvailable:    1348632 kB
Buffers:           92912 kB
Cached:          1172800 kB
MemTotal:        1844596 kB
MemFree:          111264 kB
MemAvailable:    1348688 kB
Buffers:           92912 kB
Cached:          1172808 kB
MemTotal:        1844596 kB
MemFree:          111220 kB
MemAvailable:    1348644 kB
Buffers:           92912 kB
Cached:          1172808 kB
MemTotal:        1844596 kB
MemFree:          112412 kB
MemAvailable:    1349836 kB
Buffers:           92916 kB
Cached:          1172804 kB
MemTotal:        1844596 kB
MemFree:          112580 kB
MemAvailable:    1350004 kB
Buffers:           92916 kB
Cached:          1172804 kB
MemTotal:        1844596 kB
MemFree:          112256 kB
MemAvailable:    1349848 kB
Buffers:           92916 kB
Cached:          1172928 kB
MemTotal:        1844596 kB
MemFree:          111080 kB
MemAvailable:    1348672 kB
Buffers:           92916 kB
Cached:          1173052 kB
MemTotal:        1844596 kB
MemFree:          110956 kB
MemAvailable:    1348716 kB
Buffers:           92916 kB
Cached:          1173176 kB
MemTotal:        1844596 kB
MemFree:          112256 kB
MemAvailable:    1350184 kB
Buffers:           92916 kB
Cached:          1173300 kB
MemTotal:        1844596 kB
MemFree:          110848 kB
MemAvailable:    1348860 kB
Buffers:           92916 kB
Cached:          1173424 kB
MemTotal:        1844596 kB
MemFree:          110724 kB
MemAvailable:    1348736 kB
Buffers:           92916 kB
Cached:          1173424 kB
MemTotal:        1844596 kB
MemFree:          111708 kB
MemAvailable:    1349804 kB
Buffers:           92916 kB
Cached:          1173424 kB
MemTotal:        1844596 kB
MemFree:          111096 kB
MemAvailable:    1349192 kB
Buffers:           92916 kB
Cached:          1173424 kB
MemTotal:        1844596 kB
MemFree:          111524 kB
MemAvailable:    1349620 kB
Buffers:           92916 kB
Cached:          1173424 kB
MemTotal:        1844596 kB
MemFree:          111660 kB
MemAvailable:    1349756 kB
Buffers:           92916 kB
Cached:          1173424 kB
MemTotal:        1844596 kB
MemFree:          110560 kB
MemAvailable:    1348656 kB
Buffers:           92916 kB
Cached:          1173424 kB
MemTotal:        1844596 kB
MemFree:          110304 kB
MemAvailable:    1348400 kB
Buffers:           92916 kB
Cached:          1173424 kB
MemTotal:        1844596 kB
MemFree:          111728 kB
MemAvailable:    1349824 kB
Buffers:           92916 kB
Cached:          1173424 kB
MemTotal:        1844596 kB
MemFree:          112308 kB
MemAvailable:    1349816 kB
Buffers:           92916 kB
Cached:          1172792 kB
MemTotal:        1844596 kB
MemFree:          110848 kB
MemAvailable:    1348356 kB
Buffers:           92916 kB
Cached:          1172792 kB
MemTotal:        1844596 kB
MemFree:          189772 kB
MemAvailable:    1427280 kB
Buffers:           92916 kB
Cached:          1172792 kB
MemTotal:        1844596 kB
MemFree:          192628 kB
MemAvailable:    1430136 kB
Buffers:           92916 kB
Cached:          1172792 kB
MemTotal:        1844596 kB
MemFree:          308128 kB
MemAvailable:    1545636 kB
Buffers:           92916 kB
Cached:          1172792 kB
