MemTotal:        1844596 kB
MemFree:          264712 kB
MemAvailable:    1545268 kB
Buffers:           98624 kB
Cached:          1203976 kB
MemTotal:        1844596 kB
MemFree:          236084 kB
MemAvailable:    1516644 kB
Buffers:           98624 kB
Cached:          1203980 kB
MemTotal:        1844596 kB
MemFree:          236684 kB
MemAvailable:    1517244 kB
Buffers:           98624 kB
Cached:          1203980 kB
MemTotal:        1844596 kB
MemFree:          235464 kB
MemAvailable:    1516024 kB
Buffers:           98624 kB
Cached:          1203980 kB
MemTotal:        1844596 kB
MemFree:          232488 kB
MemAvailable:    1513048 kB
Buffers:           98624 kB
Cached:          1203980 kB
MemTotal:        1844596 kB
MemFree:          233720 kB
MemAvailable:    1514280 kB
Buffers:           98624 kB
Cached:          1203980 kB
MemTotal:        1844596 kB
MemFree:          231000 kB
MemAvailable:    1511560 kB
Buffers:           98624 kB
Cached:          1203980 kB
MemTotal:        1844596 kB
MemFree:          229892 kB
MemAvailable:    1510452 kB
Buffers:           98624 kB
Cached:          1203980 kB
MemTotal:        1844596 kB
MemFree:          222800 kB
MemAvailable:    1503360 kB
Buffers:           98624 kB
Cached:          1203980 kB
MemTotal:        1844596 kB
MemFree:          222800 kB
MemAvailable:    1503360 kB
Buffers:           98624 kB
Cached:          1203980 kB
MemTotal:        1844596 kB
MemFree:          224968 kB
MemAvailable:    1505528 kB
Buffers:           98624 kB
Cached:          1203980 kB
MemTotal:        1844596 kB
MemFree:          224944 kB
MemAvailable:    1505504 kB
Buffers:           98624 kB
Cached:          1203980 kB
MemTotal:        1844596 kB
MemFree:          224868 kB
MemAvailable:    1505428 kB
Buffers:           98624 kB
Cached:          1203980 kB
MemTotal:        1844596 kB
MemFree:          224868 kB
MemAvailable:    1505428 kB
Buffers:           98624 kB
Cached:          1203980 kB
MemTotal:        1844596 kB
MemFree:          224536 kB
MemAvailable:    1505096 kB
Buffers:           98624 kB
Cached:          1203980 kB
MemTotal:        1844596 kB
MemFree:          224552 kB
MemAvailable:    1505112 kB
Buffers:           98624 kB
Cached:          1203980 kB
MemTotal:        1844596 kB
MemFree:          223172 kB
MemAvailable:    1503732 kB
Buffers:           98624 kB
Cached:          1203980 kB
MemTotal:        1844596 kB
MemFree:          224472 kB
MemAvailable:    1505032 kB
Buffers:           98624 kB
Cached:          1203980 kB
MemTotal:        1844596 kB
MemFree:          224100 kB
MemAvailable:    1504660 kB
Buffers:           98624 kB
Cached:          1203980 kB
MemTotal:        1844596 kB
MemFree:          224100 kB
MemAvailable:    1504660 kB
Buffers:           98624 kB
Cached:          1203980 kB
MemTotal:        1844596 kB
MemFree:          224160 kB
MemAvailable:    1504720 kB
Buffers:           98624 kB
Cached:          1203980 kB
MemTotal:        1844596 kB
MemFree:          224064 kB
MemAvailable:    1504624 kB
Buffers:           98624 kB
Cached:          1203980 kB
MemTotal:        1844596 kB
MemFree:          223800 kB
MemAvailable:    1504360 kB
Buffers:           98624 kB
Cached:          1203980 kB
MemTotal:        1844596 kB
MemFree:          223568 kB
MemAvailable:    1504128 kB
Buffers:           98624 kB
Cached:          1203980 kB
MemTotal:        1844596 kB
MemFree:          223488 kB
MemAvailable:    1504048 kB
Buffers:           98624 kB
Cached:          1203980 kB
MemTotal:        1844596 kB
MemFree:          222312 kB
MemAvailable:    1502872 kB
Buffers:           98624 kB
Cached:          1203980 kB
MemTotal:        1844596 kB
MemFree:          223364 kB
MemAvailable:    1503924 kB
Buffers:           98624 kB
Cached:          1203980 kB
MemTotal:        1844596 kB
MemFree:          222204 kB
MemAvailable:    1502764 kB
Buffers:           98624 kB
Cached:          1203980 kB
MemTotal:        1844596 kB
MemFree:          222312 kB
MemAvailable:    1502872 kB
Buffers:           98624 kB
Cached:          1203980 kB
MemTotal:        1844596 kB
MemFree:          222312 kB
MemAvailable:    1502872 kB
Buffers:           98624 kB
Cached:          1203980 kB
MemTotal:        1844596 kB
MemFree:          220700 kB
MemAvailable:    1501260 kB
Buffers:           98624 kB
Cached:          1203980 kB
MemTotal:        1844596 kB
MemFree:          221868 kB
MemAvailable:    1502428 kB
Buffers:           98624 kB
Cached:          1203980 kB
MemTotal:        1844596 kB
MemFree:          221828 kB
MemAvailable:    1502388 kB
Buffers:           98624 kB
Cached:          1203980 kB
MemTotal:        1844596 kB
MemFree:          220640 kB
MemAvailable:    1501200 kB
Buffers:           98624 kB
Cached:          1203980 kB
MemTotal:        1844596 kB
MemFree:          220640 kB
MemAvailable:    1501200 kB
Buffers:           98624 kB
Cached:          1203980 kB
MemTotal:        1844596 kB
MemFree:          221868 kB
MemAvailable:    1502428 kB
Buffers:           98624 kB
Cached:          1203980 kB
MemTotal:        1844596 kB
MemFree:          222036 kB
MemAvailable:    1502596 kB
Buffers:           98624 kB
Cached:          1203980 kB
MemTotal:        1844596 kB
MemFree:          221768 kB
MemAvailable:    1502328 kB
Buffers:           98624 kB
Cached:          1203980 kB
MemTotal:        1844596 kB
MemFree:          221512 kB
MemAvailable:    1502072 kB
Buffers:           98624 kB
Cached:          1203980 kB
MemTotal:        1844596 kB
MemFree:          218716 kB
MemAvailable:    1499276 kB
Buffers:           98624 kB
Cached:          1203980 kB
MemTotal:        1844596 kB
MemFree:          215996 kB
MemAvailable:    1496560 kB
Buffers:           98624 kB
Cached:          1203984 kB
MemTotal:        1844596 kB
MemFree:          216484 kB
MemAvailable:    1497048 kB
Buffers:           98624 kB
Cached:          1203984 kB
MemTotal:        1844596 kB
MemFree:          216340 kB
MemAvailable:    1496904 kB
Buffers:           98624 kB
Cached:          1203984 kB
MemTotal:        1844596 kB
MemFree:          216424 kB
MemAvailable:    1496988 kB
Buffers:           98624 kB
Cached:          1203984 kB
MemTotal:        1844596 kB
MemFree:          214864 kB
MemAvailable:    1495428 kB
Buffers:           98624 kB
Cached:          1203984 kB
MemTotal:        1844596 kB
MemFree:          215076 kB
MemAvailable:    1495640 kB
Buffers:           98624 kB
Cached:          1203984 kB
MemTotal:        1844596 kB
MemFree:          216148 kB
MemAvailable:    1496712 kB
Buffers:           98624 kB
Cached:          1203984 kB
MemTotal:        1844596 kB
MemFree:          216148 kB
MemAvailable:    1496712 kB
Buffers:           98624 kB
Cached:          1203984 kB
MemTotal:        1844596 kB
MemFree:          214824 kB
MemAvailable:    1495388 kB
Buffers:           98624 kB
Cached:          1203984 kB
MemTotal:        1844596 kB
MemFree:          216124 kB
MemAvailable:    1496688 kB
Buffers:           98624 kB
Cached:          1203984 kB
MemTotal:        1844596 kB
MemFree:          216000 kB
MemAvailable:    1496564 kB
Buffers:           98624 kB
Cached:          1203984 kB
MemTotal:        1844596 kB
MemFree:          214820 kB
MemAvailable:    1495384 kB
Buffers:           98624 kB
Cached:          1203984 kB
MemTotal:        1844596 kB
MemFree:          215128 kB
MemAvailable:    1495692 kB
Buffers:           98624 kB
Cached:          1203984 kB
MemTotal:        1844596 kB
MemFree:          216244 kB
MemAvailable:    1496808 kB
Buffers:           98624 kB
Cached:          1203984 kB
MemTotal:        1844596 kB
MemFree:          216048 kB
MemAvailable:    1496612 kB
Buffers:           98624 kB
Cached:          1203984 kB
MemTotal:        1844596 kB
MemFree:          216000 kB
MemAvailable:    1496564 kB
Buffers:           98624 kB
Cached:          1203984 kB
MemTotal:        1844596 kB
MemFree:          213400 kB
MemAvailable:    1493964 kB
Buffers:           98624 kB
Cached:          1203984 kB
MemTotal:        1844596 kB
MemFree:          210724 kB
MemAvailable:    1491288 kB
Buffers:           98624 kB
Cached:          1203984 kB
MemTotal:        1844596 kB
MemFree:          209904 kB
MemAvailable:    1490468 kB
Buffers:           98624 kB
Cached:          1203984 kB
MemTotal:        1844596 kB
MemFree:          209920 kB
MemAvailable:    1490484 kB
Buffers:           98624 kB
Cached:          1203984 kB
MemTotal:        1844596 kB
MemFree:          208624 kB
MemAvailable:    1489188 kB
Buffers:           98624 kB
Cached:          1203984 kB
MemTotal:        1844596 kB
MemFree:          208184 kB
MemAvailable:    1488748 kB
Buffers:           98624 kB
Cached:          1203984 kB
MemTotal:        1844596 kB
MemFree:          208120 kB
MemAvailable:    1488684 kB
Buffers:           98624 kB
Cached:          1203984 kB
MemTotal:        1844596 kB
MemFree:          207556 kB
MemAvailable:    1488120 kB
Buffers:           98624 kB
Cached:          1203984 kB
MemTotal:        1844596 kB
MemFree:          207324 kB
MemAvailable:    1487888 kB
Buffers:           98624 kB
Cached:          1203984 kB
MemTotal:        1844596 kB
MemFree:          207432 kB
MemAvailable:    1487996 kB
Buffers:           98624 kB
Cached:          1203984 kB
MemTotal:        1844596 kB
MemFree:          206952 kB
MemAvailable:    1487516 kB
Buffers:           98624 kB
Cached:          1203984 kB
MemTotal:        1844596 kB
MemFree:          206068 kB
MemAvailable:    1486632 kB
Buffers:           98624 kB
Cached:          1203984 kB
MemTotal:        1844596 kB
MemFree:          206192 kB
MemAvailable:    1486756 kB
Buffers:           98624 kB
Cached:          1203984 kB
MemTotal:        1844596 kB
MemFree:          207260 kB
MemAvailable:    1487824 kB
Buffers:           98624 kB
Cached:          1203984 kB
MemTotal:        1844596 kB
MemFree:          207116 kB
MemAvailable:    1487680 kB
Buffers:           98624 kB
Cached:          1203984 kB
MemTotal:        1844596 kB
MemFree:          207368 kB
MemAvailable:    1487932 kB
Buffers:           98624 kB
Cached:          1203984 kB
MemTotal:        1844596 kB
MemFree:          207304 kB
MemAvailable:    1487868 kB
Buffers:           98624 kB
Cached:          1203984 kB
MemTotal:        1844596 kB
MemFree:          207256 kB
MemAvailable:    1487820 kB
Buffers:           98624 kB
Cached:          1203984 kB
MemTotal:        1844596 kB
MemFree:          207112 kB
MemAvailable:    1487676 kB
Buffers:           98624 kB
Cached:          1203984 kB
MemTotal:        1844596 kB
MemFree:          207196 kB
MemAvailable:    1487760 kB
Buffers:           98624 kB
Cached:          1203984 kB
MemTotal:        1844596 kB
MemFree:          206860 kB
MemAvailable:    1487424 kB
Buffers:           98624 kB
Cached:          1203984 kB
MemTotal:        1844596 kB
MemFree:          206944 kB
MemAvailable:    1487508 kB
Buffers:           98624 kB
Cached:          1203984 kB
MemTotal:        1844596 kB
MemFree:          207140 kB
MemAvailable:    1487704 kB
Buffers:           98624 kB
Cached:          1203984 kB
MemTotal:        1844596 kB
MemFree:          207252 kB
MemAvailable:    1487816 kB
Buffers:           98624 kB
Cached:          1203984 kB
MemTotal:        1844596 kB
MemFree:          206980 kB
MemAvailable:    1487544 kB
Buffers:           98624 kB
Cached:          1203984 kB
MemTotal:        1844596 kB
MemFree:          206980 kB
MemAvailable:    1487544 kB
Buffers:           98624 kB
Cached:          1203984 kB
MemTotal:        1844596 kB
MemFree:          205696 kB
MemAvailable:    1486260 kB
Buffers:           98624 kB
Cached:          1203984 kB
MemTotal:        1844596 kB
MemFree:          207164 kB
MemAvailable:    1487728 kB
Buffers:           98624 kB
Cached:          1203984 kB
MemTotal:        1844596 kB
MemFree:          204100 kB
MemAvailable:    1484664 kB
Buffers:           98624 kB
Cached:          1203984 kB
MemTotal:        1844596 kB
MemFree:          201100 kB
MemAvailable:    1481668 kB
Buffers:           98624 kB
Cached:          1203988 kB
MemTotal:        1844596 kB
MemFree:          201188 kB
MemAvailable:    1481756 kB
Buffers:           98624 kB
Cached:          1203988 kB
MemTotal:        1844596 kB
MemFree:          198884 kB
MemAvailable:    1479452 kB
Buffers:           98624 kB
Cached:          1203988 kB
MemTotal:        1844596 kB
MemFree:          197900 kB
MemAvailable:    1478344 kB
Buffers:           98624 kB
Cached:          1203988 kB
MemTotal:        1844596 kB
MemFree:          198620 kB
MemAvailable:    1479188 kB
Buffers:           98624 kB
Cached:          1203988 kB
MemTotal:        1844596 kB
MemFree:          198956 kB
MemAvailable:    1479524 kB
Buffers:           98624 kB
Cached:          1203988 kB
MemTotal:        1844596 kB
MemFree:          198256 kB
MemAvailable:    1478824 kB
Buffers:           98624 kB
Cached:          1203988 kB
MemTotal:        1844596 kB
MemFree:          198592 kB
MemAvailable:    1479160 kB
Buffers:           98624 kB
Cached:          1203988 kB
MemTotal:        1844596 kB
MemFree:          198124 kB
MemAvailable:    1478692 kB
Buffers:           98624 kB
Cached:          1203988 kB
MemTotal:        1844596 kB
MemFree:          198380 kB
MemAvailable:    1478948 kB
Buffers:           98624 kB
Cached:          1203988 kB
MemTotal:        1844596 kB
MemFree:          196956 kB
MemAvailable:    1477524 kB
Buffers:           98624 kB
Cached:          1203988 kB
MemTotal:        1844596 kB
MemFree:          196836 kB
MemAvailable:    1477404 kB
Buffers:           98624 kB
Cached:          1203988 kB
MemTotal:        1844596 kB
MemFree:          198196 kB
MemAvailable:    1478764 kB
Buffers:           98624 kB
Cached:          1203988 kB
MemTotal:        1844596 kB
MemFree:          198196 kB
MemAvailable:    1478764 kB
Buffers:           98624 kB
Cached:          1203988 kB
MemTotal:        1844596 kB
MemFree:          198216 kB
MemAvailable:    1478784 kB
Buffers:           98624 kB
Cached:          1203988 kB
MemTotal:        1844596 kB
MemFree:          197012 kB
MemAvailable:    1477580 kB
Buffers:           98624 kB
Cached:          1203988 kB
MemTotal:        1844596 kB
MemFree:          198440 kB
MemAvailable:    1479008 kB
Buffers:           98624 kB
Cached:          1203988 kB
MemTotal:        1844596 kB
MemFree:          198196 kB
MemAvailable:    1478764 kB
Buffers:           98624 kB
Cached:          1203988 kB
MemTotal:        1844596 kB
MemFree:          198448 kB
MemAvailable:    1479016 kB
Buffers:           98624 kB
Cached:          1203988 kB
MemTotal:        1844596 kB
MemFree:          198292 kB
MemAvailable:    1478860 kB
Buffers:           98624 kB
Cached:          1203988 kB
MemTotal:        1844596 kB
MemFree:          197024 kB
MemAvailable:    1477596 kB
Buffers:           98624 kB
Cached:          1203992 kB
MemTotal:        1844596 kB
MemFree:          198216 kB
MemAvailable:    1478788 kB
Buffers:           98624 kB
Cached:          1203992 kB
MemTotal:        1844596 kB
MemFree:          198216 kB
MemAvailable:    1478788 kB
Buffers:           98624 kB
Cached:          1203992 kB
MemTotal:        1844596 kB
MemFree:          198216 kB
MemAvailable:    1478788 kB
Buffers:           98624 kB
Cached:          1203992 kB
MemTotal:        1844596 kB
MemFree:          197004 kB
MemAvailable:    1477576 kB
Buffers:           98624 kB
Cached:          1203992 kB
MemTotal:        1844596 kB
MemFree:          197012 kB
MemAvailable:    1477584 kB
Buffers:           98624 kB
Cached:          1203992 kB
MemTotal:        1844596 kB
MemFree:          198120 kB
MemAvailable:    1478692 kB
Buffers:           98624 kB
Cached:          1203992 kB
MemTotal:        1844596 kB
MemFree:          198204 kB
MemAvailable:    1478776 kB
Buffers:           98624 kB
Cached:          1203992 kB
MemTotal:        1844596 kB
MemFree:          196892 kB
MemAvailable:    1477464 kB
Buffers:           98624 kB
Cached:          1203992 kB
MemTotal:        1844596 kB
MemFree:          198140 kB
MemAvailable:    1478712 kB
Buffers:           98624 kB
Cached:          1203992 kB
MemTotal:        1844596 kB
MemFree:          198324 kB
MemAvailable:    1478896 kB
Buffers:           98624 kB
Cached:          1203992 kB
MemTotal:        1844596 kB
MemFree:          198200 kB
MemAvailable:    1478772 kB
Buffers:           98624 kB
Cached:          1203992 kB
MemTotal:        1844596 kB
MemFree:          198324 kB
MemAvailable:    1478896 kB
Buffers:           98624 kB
Cached:          1203992 kB
MemTotal:        1844596 kB
MemFree:          198200 kB
MemAvailable:    1478772 kB
Buffers:           98624 kB
Cached:          1203992 kB
MemTotal:        1844596 kB
MemFree:          198152 kB
MemAvailable:    1478724 kB
Buffers:           98624 kB
Cached:          1203992 kB
MemTotal:        1844596 kB
MemFree:          197148 kB
MemAvailable:    1477720 kB
Buffers:           98624 kB
Cached:          1203992 kB
MemTotal:        1844596 kB
MemFree:          196892 kB
MemAvailable:    1477464 kB
Buffers:           98624 kB
Cached:          1203992 kB
MemTotal:        1844596 kB
MemFree:          196528 kB
MemAvailable:    1477100 kB
Buffers:           98624 kB
Cached:          1203992 kB
MemTotal:        1844596 kB
MemFree:          193612 kB
MemAvailable:    1474184 kB
Buffers:           98624 kB
Cached:          1203992 kB
MemTotal:        1844596 kB
MemFree:          191576 kB
MemAvailable:    1472148 kB
Buffers:           98624 kB
Cached:          1203992 kB
MemTotal:        1844596 kB
MemFree:          189048 kB
MemAvailable:    1469620 kB
Buffers:           98624 kB
Cached:          1203992 kB
MemTotal:        1844596 kB
MemFree:          187584 kB
MemAvailable:    1468156 kB
Buffers:           98624 kB
Cached:          1203992 kB
MemTotal:        1844596 kB
MemFree:          187668 kB
MemAvailable:    1468240 kB
Buffers:           98624 kB
Cached:          1203992 kB
MemTotal:        1844596 kB
MemFree:          187288 kB
MemAvailable:    1467860 kB
Buffers:           98624 kB
Cached:          1203992 kB
MemTotal:        1844596 kB
MemFree:          187544 kB
MemAvailable:    1468116 kB
Buffers:           98624 kB
Cached:          1203992 kB
MemTotal:        1844596 kB
MemFree:          187476 kB
MemAvailable:    1468048 kB
Buffers:           98624 kB
Cached:          1203992 kB
MemTotal:        1844596 kB
MemFree:          187404 kB
MemAvailable:    1467976 kB
Buffers:           98624 kB
Cached:          1203992 kB
MemTotal:        1844596 kB
MemFree:          187656 kB
MemAvailable:    1468228 kB
Buffers:           98624 kB
Cached:          1203992 kB
MemTotal:        1844596 kB
MemFree:          187344 kB
MemAvailable:    1467916 kB
Buffers:           98624 kB
Cached:          1203992 kB
MemTotal:        1844596 kB
MemFree:          187280 kB
MemAvailable:    1467852 kB
Buffers:           98624 kB
Cached:          1203992 kB
MemTotal:        1844596 kB
MemFree:          186228 kB
MemAvailable:    1466800 kB
Buffers:           98624 kB
Cached:          1203992 kB
MemTotal:        1844596 kB
MemFree:          187704 kB
MemAvailable:    1468276 kB
Buffers:           98624 kB
Cached:          1203992 kB
MemTotal:        1844596 kB
MemFree:          187468 kB
MemAvailable:    1468040 kB
Buffers:           98624 kB
Cached:          1203992 kB
MemTotal:        1844596 kB
MemFree:          187680 kB
MemAvailable:    1468252 kB
Buffers:           98624 kB
Cached:          1203992 kB
MemTotal:        1844596 kB
MemFree:          187244 kB
MemAvailable:    1467816 kB
Buffers:           98624 kB
Cached:          1203992 kB
MemTotal:        1844596 kB
MemFree:          187056 kB
MemAvailable:    1467628 kB
Buffers:           98624 kB
Cached:          1203992 kB
MemTotal:        1844596 kB
MemFree:          187296 kB
MemAvailable:    1467868 kB
Buffers:           98624 kB
Cached:          1203992 kB
MemTotal:        1844596 kB
MemFree:          187320 kB
MemAvailable:    1467892 kB
Buffers:           98624 kB
Cached:          1203992 kB
MemTotal:        1844596 kB
MemFree:          187532 kB
MemAvailable:    1468104 kB
Buffers:           98624 kB
Cached:          1203992 kB
MemTotal:        1844596 kB
MemFree:          187508 kB
MemAvailable:    1468080 kB
Buffers:           98624 kB
Cached:          1203992 kB
MemTotal:        1844596 kB
MemFree:          187500 kB
MemAvailable:    1468072 kB
Buffers:           98624 kB
Cached:          1203992 kB
MemTotal:        1844596 kB
MemFree:          187388 kB
MemAvailable:    1467960 kB
Buffers:           98624 kB
Cached:          1203992 kB
MemTotal:        1844596 kB
MemFree:          187240 kB
MemAvailable:    1467812 kB
Buffers:           98624 kB
Cached:          1203992 kB
MemTotal:        1844596 kB
MemFree:          187324 kB
MemAvailable:    1467896 kB
Buffers:           98624 kB
Cached:          1203992 kB
MemTotal:        1844596 kB
MemFree:          185956 kB
MemAvailable:    1466528 kB
Buffers:           98624 kB
Cached:          1203992 kB
MemTotal:        1844596 kB
MemFree:          186204 kB
MemAvailable:    1466776 kB
Buffers:           98624 kB
Cached:          1203992 kB
MemTotal:        1844596 kB
MemFree:          186072 kB
MemAvailable:    1466644 kB
Buffers:           98624 kB
Cached:          1203992 kB
MemTotal:        1844596 kB
MemFree:          187604 kB
MemAvailable:    1468176 kB
Buffers:           98624 kB
Cached:          1203992 kB
MemTotal:        1844596 kB
MemFree:          187308 kB
MemAvailable:    1467880 kB
Buffers:           98624 kB
Cached:          1203992 kB
MemTotal:        1844596 kB
MemFree:          187376 kB
MemAvailable:    1467948 kB
Buffers:           98624 kB
Cached:          1203992 kB
MemTotal:        1844596 kB
MemFree:          187444 kB
MemAvailable:    1468016 kB
Buffers:           98624 kB
Cached:          1203992 kB
MemTotal:        1844596 kB
MemFree:          187272 kB
MemAvailable:    1467844 kB
Buffers:           98624 kB
Cached:          1203992 kB
MemTotal:        1844596 kB
MemFree:          186096 kB
MemAvailable:    1466668 kB
Buffers:           98624 kB
Cached:          1203992 kB
MemTotal:        1844596 kB
MemFree:          186764 kB
MemAvailable:    1467336 kB
Buffers:           98624 kB
Cached:          1203992 kB
MemTotal:        1844596 kB
MemFree:          187356 kB
MemAvailable:    1467928 kB
Buffers:           98624 kB
Cached:          1203992 kB
MemTotal:        1844596 kB
MemFree:          187608 kB
MemAvailable:    1468180 kB
Buffers:           98624 kB
Cached:          1203992 kB
MemTotal:        1844596 kB
MemFree:          186248 kB
MemAvailable:    1466820 kB
Buffers:           98624 kB
Cached:          1203992 kB
MemTotal:        1844596 kB
MemFree:          187460 kB
MemAvailable:    1468032 kB
Buffers:           98624 kB
Cached:          1203992 kB
MemTotal:        1844596 kB
MemFree:          187460 kB
MemAvailable:    1468032 kB
Buffers:           98624 kB
Cached:          1203992 kB
MemTotal:        1844596 kB
MemFree:          187636 kB
MemAvailable:    1468208 kB
Buffers:           98624 kB
Cached:          1203992 kB
MemTotal:        1844596 kB
MemFree:          186764 kB
MemAvailable:    1467336 kB
Buffers:           98624 kB
Cached:          1203992 kB
MemTotal:        1844596 kB
MemFree:          187616 kB
MemAvailable:    1468196 kB
Buffers:           98624 kB
Cached:          1203996 kB
MemTotal:        1844596 kB
MemFree:          187868 kB
MemAvailable:    1468448 kB
Buffers:           98624 kB
Cached:          1203996 kB
MemTotal:        1844596 kB
MemFree:          186508 kB
MemAvailable:    1467088 kB
Buffers:           98624 kB
Cached:          1203996 kB
MemTotal:        1844596 kB
MemFree:          186384 kB
MemAvailable:    1466964 kB
Buffers:           98624 kB
Cached:          1203996 kB
MemTotal:        1844596 kB
MemFree:          187428 kB
MemAvailable:    1468008 kB
Buffers:           98624 kB
Cached:          1203996 kB
MemTotal:        1844596 kB
MemFree:          187340 kB
MemAvailable:    1467920 kB
Buffers:           98624 kB
Cached:          1203996 kB
MemTotal:        1844596 kB
MemFree:          186832 kB
MemAvailable:    1467412 kB
Buffers:           98624 kB
Cached:          1203996 kB
MemTotal:        1844596 kB
MemFree:          186144 kB
MemAvailable:    1466724 kB
Buffers:           98624 kB
Cached:          1203996 kB
MemTotal:        1844596 kB
MemFree:          186708 kB
MemAvailable:    1467288 kB
Buffers:           98624 kB
Cached:          1203996 kB
MemTotal:        1844596 kB
MemFree:          185336 kB
MemAvailable:    1465916 kB
Buffers:           98624 kB
Cached:          1203996 kB
MemTotal:        1844596 kB
MemFree:          186312 kB
MemAvailable:    1466892 kB
Buffers:           98624 kB
Cached:          1203996 kB
MemTotal:        1844596 kB
MemFree:          186396 kB
MemAvailable:    1466976 kB
Buffers:           98624 kB
Cached:          1203996 kB
MemTotal:        1844596 kB
MemFree:          186420 kB
MemAvailable:    1467000 kB
Buffers:           98624 kB
Cached:          1203996 kB
MemTotal:        1844596 kB
MemFree:          186312 kB
MemAvailable:    1466892 kB
Buffers:           98624 kB
Cached:          1203996 kB
MemTotal:        1844596 kB
MemFree:          184904 kB
MemAvailable:    1465484 kB
Buffers:           98624 kB
Cached:          1203996 kB
MemTotal:        1844596 kB
MemFree:          186328 kB
MemAvailable:    1466916 kB
Buffers:           98624 kB
Cached:          1204004 kB
MemTotal:        1844596 kB
MemFree:          185152 kB
MemAvailable:    1465740 kB
Buffers:           98624 kB
Cached:          1204004 kB
MemTotal:        1844596 kB
MemFree:          186268 kB
MemAvailable:    1466856 kB
Buffers:           98624 kB
Cached:          1204004 kB
MemTotal:        1844596 kB
MemFree:          186080 kB
MemAvailable:    1466668 kB
Buffers:           98624 kB
Cached:          1204004 kB
MemTotal:        1844596 kB
MemFree:          186140 kB
MemAvailable:    1466728 kB
Buffers:           98624 kB
Cached:          1204004 kB
MemTotal:        1844596 kB
MemFree:          185844 kB
MemAvailable:    1466432 kB
Buffers:           98624 kB
Cached:          1204004 kB
MemTotal:        1844596 kB
MemFree:          184640 kB
MemAvailable:    1465228 kB
Buffers:           98624 kB
Cached:          1204004 kB
MemTotal:        1844596 kB
MemFree:          185876 kB
MemAvailable:    1466464 kB
Buffers:           98624 kB
Cached:          1204004 kB
MemTotal:        1844596 kB
MemFree:          184628 kB
MemAvailable:    1465216 kB
Buffers:           98624 kB
Cached:          1204004 kB
MemTotal:        1844596 kB
MemFree:          185804 kB
MemAvailable:    1466392 kB
Buffers:           98624 kB
Cached:          1204004 kB
MemTotal:        1844596 kB
MemFree:          184456 kB
MemAvailable:    1465044 kB
Buffers:           98624 kB
Cached:          1204004 kB
MemTotal:        1844596 kB
MemFree:          184580 kB
MemAvailable:    1465168 kB
Buffers:           98624 kB
Cached:          1204004 kB
MemTotal:        1844596 kB
MemFree:          184268 kB
MemAvailable:    1464856 kB
Buffers:           98624 kB
Cached:          1204004 kB
MemTotal:        1844596 kB
MemFree:          184352 kB
MemAvailable:    1464940 kB
Buffers:           98624 kB
Cached:          1204004 kB
MemTotal:        1844596 kB
MemFree:          184644 kB
MemAvailable:    1465232 kB
Buffers:           98624 kB
Cached:          1204004 kB
MemTotal:        1844596 kB
MemFree:          185712 kB
MemAvailable:    1466300 kB
Buffers:           98624 kB
Cached:          1204004 kB
MemTotal:        1844596 kB
MemFree:          185420 kB
MemAvailable:    1466008 kB
Buffers:           98624 kB
Cached:          1204004 kB
MemTotal:        1844596 kB
MemFree:          180432 kB
MemAvailable:    1461020 kB
Buffers:           98624 kB
Cached:          1204004 kB
MemTotal:        1844596 kB
MemFree:          180200 kB
MemAvailable:    1460788 kB
Buffers:           98624 kB
Cached:          1204004 kB
MemTotal:        1844596 kB
MemFree:          175160 kB
MemAvailable:    1455748 kB
Buffers:           98624 kB
Cached:          1204004 kB
MemTotal:        1844596 kB
MemFree:          174968 kB
MemAvailable:    1455556 kB
Buffers:           98624 kB
Cached:          1204004 kB
MemTotal:        1844596 kB
MemFree:          174224 kB
MemAvailable:    1454812 kB
Buffers:           98624 kB
Cached:          1204004 kB
MemTotal:        1844596 kB
MemFree:          174560 kB
MemAvailable:    1455148 kB
Buffers:           98624 kB
Cached:          1204004 kB
MemTotal:        1844596 kB
MemFree:          173364 kB
MemAvailable:    1453952 kB
Buffers:           98624 kB
Cached:          1204004 kB
MemTotal:        1844596 kB
MemFree:          173736 kB
MemAvailable:    1454324 kB
Buffers:           98624 kB
Cached:          1204004 kB
MemTotal:        1844596 kB
MemFree:          173988 kB
MemAvailable:    1454576 kB
Buffers:           98624 kB
Cached:          1204004 kB
MemTotal:        1844596 kB
MemFree:          172256 kB
MemAvailable:    1452844 kB
Buffers:           98624 kB
Cached:          1204004 kB
MemTotal:        1844596 kB
MemFree:          172564 kB
MemAvailable:    1453152 kB
Buffers:           98624 kB
Cached:          1204004 kB
MemTotal:        1844596 kB
MemFree:          171140 kB
MemAvailable:    1451728 kB
Buffers:           98624 kB
Cached:          1204004 kB
MemTotal:        1844596 kB
MemFree:          171504 kB
MemAvailable:    1452092 kB
Buffers:           98624 kB
Cached:          1204004 kB
MemTotal:        1844596 kB
MemFree:          171504 kB
MemAvailable:    1452092 kB
Buffers:           98624 kB
Cached:          1204004 kB
MemTotal:        1844596 kB
MemFree:          170944 kB
MemAvailable:    1451532 kB
Buffers:           98624 kB
Cached:          1204004 kB
MemTotal:        1844596 kB
MemFree:          170628 kB
MemAvailable:    1451216 kB
Buffers:           98624 kB
Cached:          1204004 kB
MemTotal:        1844596 kB
MemFree:          170628 kB
MemAvailable:    1451216 kB
Buffers:           98624 kB
Cached:          1204004 kB
MemTotal:        1844596 kB
MemFree:          169344 kB
MemAvailable:    1449932 kB
Buffers:           98624 kB
Cached:          1204004 kB
MemTotal:        1844596 kB
MemFree:          170556 kB
MemAvailable:    1451144 kB
Buffers:           98624 kB
Cached:          1204004 kB
MemTotal:        1844596 kB
MemFree:          170680 kB
MemAvailable:    1451268 kB
Buffers:           98624 kB
Cached:          1204004 kB
MemTotal:        1844596 kB
MemFree:          170564 kB
MemAvailable:    1451152 kB
Buffers:           98624 kB
Cached:          1204004 kB
MemTotal:        1844596 kB
MemFree:          170024 kB
MemAvailable:    1450612 kB
Buffers:           98624 kB
Cached:          1204004 kB
MemTotal:        1844596 kB
MemFree:          170820 kB
MemAvailable:    1451408 kB
Buffers:           98624 kB
Cached:          1204004 kB
MemTotal:        1844596 kB
MemFree:          169260 kB
MemAvailable:    1449848 kB
Buffers:           98624 kB
Cached:          1204004 kB
MemTotal:        1844596 kB
MemFree:          170644 kB
MemAvailable:    1451232 kB
Buffers:           98624 kB
Cached:          1204004 kB
MemTotal:        1844596 kB
MemFree:          170480 kB
MemAvailable:    1451068 kB
Buffers:           98624 kB
Cached:          1204004 kB
MemTotal:        1844596 kB
MemFree:          170732 kB
MemAvailable:    1451320 kB
Buffers:           98624 kB
Cached:          1204004 kB
MemTotal:        1844596 kB
MemFree:          169156 kB
MemAvailable:    1449744 kB
Buffers:           98624 kB
Cached:          1204004 kB
MemTotal:        1844596 kB
MemFree:          170108 kB
MemAvailable:    1450696 kB
Buffers:           98624 kB
Cached:          1204004 kB
MemTotal:        1844596 kB
MemFree:          168288 kB
MemAvailable:    1448876 kB
Buffers:           98624 kB
Cached:          1204004 kB
MemTotal:        1844596 kB
MemFree:          168836 kB
MemAvailable:    1449424 kB
Buffers:           98624 kB
Cached:          1204004 kB
MemTotal:        1844596 kB
MemFree:          168596 kB
MemAvailable:    1449184 kB
Buffers:           98624 kB
Cached:          1204004 kB
MemTotal:        1844596 kB
MemFree:          168848 kB
MemAvailable:    1449436 kB
Buffers:           98624 kB
Cached:          1204004 kB
MemTotal:        1844596 kB
MemFree:          168100 kB
MemAvailable:    1448688 kB
Buffers:           98624 kB
Cached:          1204004 kB
MemTotal:        1844596 kB
MemFree:          166660 kB
MemAvailable:    1447248 kB
Buffers:           98624 kB
Cached:          1204004 kB
MemTotal:        1844596 kB
MemFree:          167356 kB
MemAvailable:    1447944 kB
Buffers:           98624 kB
Cached:          1204004 kB
MemTotal:        1844596 kB
MemFree:          166312 kB
MemAvailable:    1446900 kB
Buffers:           98624 kB
Cached:          1204004 kB
MemTotal:        1844596 kB
MemFree:          167052 kB
MemAvailable:    1447640 kB
Buffers:           98624 kB
Cached:          1204004 kB
MemTotal:        1844596 kB
MemFree:          166860 kB
MemAvailable:    1447448 kB
Buffers:           98624 kB
Cached:          1204004 kB
MemTotal:        1844596 kB
MemFree:          167116 kB
MemAvailable:    1447704 kB
Buffers:           98624 kB
Cached:          1204004 kB
MemTotal:        1844596 kB
MemFree:          167104 kB
MemAvailable:    1447692 kB
Buffers:           98624 kB
Cached:          1204004 kB
MemTotal:        1844596 kB
MemFree:          165880 kB
MemAvailable:    1446468 kB
Buffers:           98624 kB
Cached:          1204004 kB
MemTotal:        1844596 kB
MemFree:          166800 kB
MemAvailable:    1447388 kB
Buffers:           98624 kB
Cached:          1204004 kB
MemTotal:        1844596 kB
MemFree:          166404 kB
MemAvailable:    1446992 kB
Buffers:           98624 kB
Cached:          1204004 kB
MemTotal:        1844596 kB
MemFree:          166740 kB
MemAvailable:    1447328 kB
Buffers:           98624 kB
Cached:          1204004 kB
MemTotal:        1844596 kB
MemFree:          166364 kB
MemAvailable:    1446952 kB
Buffers:           98624 kB
Cached:          1204004 kB
MemTotal:        1844596 kB
MemFree:          166700 kB
MemAvailable:    1447288 kB
Buffers:           98624 kB
Cached:          1204004 kB
MemTotal:        1844596 kB
MemFree:          166532 kB
MemAvailable:    1447120 kB
Buffers:           98624 kB
Cached:          1204004 kB
MemTotal:        1844596 kB
MemFree:          165412 kB
MemAvailable:    1446000 kB
Buffers:           98624 kB
Cached:          1204004 kB
MemTotal:        1844596 kB
MemFree:          166396 kB
MemAvailable:    1446984 kB
Buffers:           98624 kB
Cached:          1204004 kB
MemTotal:        1844596 kB
MemFree:          165280 kB
MemAvailable:    1445868 kB
Buffers:           98624 kB
Cached:          1204004 kB
MemTotal:        1844596 kB
MemFree:          165024 kB
MemAvailable:    1445612 kB
Buffers:           98624 kB
Cached:          1204004 kB
MemTotal:        1844596 kB
MemFree:          166200 kB
MemAvailable:    1446788 kB
Buffers:           98624 kB
Cached:          1204004 kB
MemTotal:        1844596 kB
MemFree:          166132 kB
MemAvailable:    1446720 kB
Buffers:           98624 kB
Cached:          1204004 kB
MemTotal:        1844596 kB
MemFree:          166388 kB
MemAvailable:    1446976 kB
Buffers:           98624 kB
Cached:          1204004 kB
MemTotal:        1844596 kB
MemFree:          166124 kB
MemAvailable:    1446712 kB
Buffers:           98624 kB
Cached:          1204004 kB
MemTotal:        1844596 kB
MemFree:          166124 kB
MemAvailable:    1446712 kB
Buffers:           98624 kB
Cached:          1204004 kB
MemTotal:        1844596 kB
MemFree:          166236 kB
MemAvailable:    1446824 kB
Buffers:           98624 kB
Cached:          1204004 kB
MemTotal:        1844596 kB
MemFree:          166236 kB
MemAvailable:    1446824 kB
Buffers:           98624 kB
Cached:          1204004 kB
MemTotal:        1844596 kB
MemFree:          164924 kB
MemAvailable:    1445512 kB
Buffers:           98624 kB
Cached:          1204004 kB
MemTotal:        1844596 kB
MemFree:          166308 kB
MemAvailable:    1446896 kB
Buffers:           98624 kB
Cached:          1204004 kB
MemTotal:        1844596 kB
MemFree:          165444 kB
MemAvailable:    1446032 kB
Buffers:           98624 kB
Cached:          1204004 kB
MemTotal:        1844596 kB
MemFree:          166288 kB
MemAvailable:    1446884 kB
Buffers:           98624 kB
Cached:          1204012 kB
MemTotal:        1844596 kB
MemFree:          166500 kB
MemAvailable:    1447096 kB
Buffers:           98624 kB
Cached:          1204012 kB
MemTotal:        1844596 kB
MemFree:          164924 kB
MemAvailable:    1445520 kB
Buffers:           98624 kB
Cached:          1204012 kB
MemTotal:        1844596 kB
MemFree:          165248 kB
MemAvailable:    1445844 kB
Buffers:           98624 kB
Cached:          1204012 kB
MemTotal:        1844596 kB
MemFree:          165056 kB
MemAvailable:    1445652 kB
Buffers:           98624 kB
Cached:          1204012 kB
MemTotal:        1844596 kB
MemFree:          165056 kB
MemAvailable:    1445652 kB
Buffers:           98624 kB
Cached:          1204012 kB
MemTotal:        1844596 kB
MemFree:          164544 kB
MemAvailable:    1445140 kB
Buffers:           98624 kB
Cached:          1204012 kB
MemTotal:        1844596 kB
MemFree:          164880 kB
MemAvailable:    1445476 kB
Buffers:           98624 kB
Cached:          1204012 kB
MemTotal:        1844596 kB
MemFree:          161576 kB
MemAvailable:    1442172 kB
Buffers:           98624 kB
Cached:          1204012 kB
MemTotal:        1844596 kB
MemFree:          161660 kB
MemAvailable:    1442256 kB
Buffers:           98624 kB
Cached:          1204012 kB
MemTotal:        1844596 kB
MemFree:          157608 kB
MemAvailable:    1438204 kB
Buffers:           98624 kB
Cached:          1204012 kB
MemTotal:        1844596 kB
MemFree:          157128 kB
MemAvailable:    1437724 kB
Buffers:           98624 kB
Cached:          1204012 kB
MemTotal:        1844596 kB
MemFree:          153220 kB
MemAvailable:    1433816 kB
Buffers:           98624 kB
Cached:          1204012 kB
MemTotal:        1844596 kB
MemFree:          150308 kB
MemAvailable:    1430904 kB
Buffers:           98624 kB
Cached:          1204012 kB
MemTotal:        1844596 kB
MemFree:          147812 kB
MemAvailable:    1428408 kB
Buffers:           98624 kB
Cached:          1204012 kB
MemTotal:        1844596 kB
MemFree:          147896 kB
MemAvailable:    1428492 kB
Buffers:           98624 kB
Cached:          1204012 kB
MemTotal:        1844596 kB
MemFree:          147760 kB
MemAvailable:    1428356 kB
Buffers:           98624 kB
Cached:          1204012 kB
MemTotal:        1844596 kB
MemFree:          147704 kB
MemAvailable:    1428300 kB
Buffers:           98624 kB
Cached:          1204012 kB
MemTotal:        1844596 kB
MemFree:          146532 kB
MemAvailable:    1427128 kB
Buffers:           98624 kB
Cached:          1204012 kB
MemTotal:        1844596 kB
MemFree:          147640 kB
MemAvailable:    1428236 kB
Buffers:           98624 kB
Cached:          1204012 kB
MemTotal:        1844596 kB
MemFree:          147640 kB
MemAvailable:    1428236 kB
Buffers:           98624 kB
Cached:          1204012 kB
MemTotal:        1844596 kB
MemFree:          147484 kB
MemAvailable:    1428080 kB
Buffers:           98624 kB
Cached:          1204012 kB
MemTotal:        1844596 kB
MemFree:          147580 kB
MemAvailable:    1428176 kB
Buffers:           98624 kB
Cached:          1204012 kB
MemTotal:        1844596 kB
MemFree:          147692 kB
MemAvailable:    1428288 kB
Buffers:           98624 kB
Cached:          1204012 kB
MemTotal:        1844596 kB
MemFree:          146320 kB
MemAvailable:    1426916 kB
Buffers:           98624 kB
Cached:          1204012 kB
MemTotal:        1844596 kB
MemFree:          147728 kB
MemAvailable:    1428324 kB
Buffers:           98624 kB
Cached:          1204012 kB
MemTotal:        1844596 kB
MemFree:          147620 kB
MemAvailable:    1428216 kB
Buffers:           98624 kB
Cached:          1204012 kB
MemTotal:        1844596 kB
MemFree:          146820 kB
MemAvailable:    1427416 kB
Buffers:           98624 kB
Cached:          1204012 kB
MemTotal:        1844596 kB
MemFree:          146904 kB
MemAvailable:    1427500 kB
Buffers:           98624 kB
Cached:          1204012 kB
MemTotal:        1844596 kB
MemFree:          146752 kB
MemAvailable:    1427348 kB
Buffers:           98624 kB
Cached:          1204012 kB
MemTotal:        1844596 kB
MemFree:          145412 kB
MemAvailable:    1426008 kB
Buffers:           98624 kB
Cached:          1204012 kB
MemTotal:        1844596 kB
MemFree:          145536 kB
MemAvailable:    1426132 kB
Buffers:           98624 kB
Cached:          1204012 kB
MemTotal:        1844596 kB
MemFree:          145536 kB
MemAvailable:    1426132 kB
Buffers:           98624 kB
Cached:          1204012 kB
MemTotal:        1844596 kB
MemFree:          146704 kB
MemAvailable:    1427300 kB
Buffers:           98624 kB
Cached:          1204012 kB
MemTotal:        1844596 kB
MemFree:          146812 kB
MemAvailable:    1427408 kB
Buffers:           98624 kB
Cached:          1204012 kB
MemTotal:        1844596 kB
MemFree:          146716 kB
MemAvailable:    1427312 kB
Buffers:           98624 kB
Cached:          1204012 kB
MemTotal:        1844596 kB
MemFree:          145536 kB
MemAvailable:    1426132 kB
Buffers:           98624 kB
Cached:          1204012 kB
MemTotal:        1844596 kB
MemFree:          146696 kB
MemAvailable:    1427292 kB
Buffers:           98624 kB
Cached:          1204012 kB
MemTotal:        1844596 kB
MemFree:          146448 kB
MemAvailable:    1427044 kB
Buffers:           98624 kB
Cached:          1204012 kB
MemTotal:        1844596 kB
MemFree:          146700 kB
MemAvailable:    1427296 kB
Buffers:           98624 kB
Cached:          1204012 kB
MemTotal:        1844596 kB
MemFree:          146644 kB
MemAvailable:    1427240 kB
Buffers:           98624 kB
Cached:          1204012 kB
MemTotal:        1844596 kB
MemFree:          146896 kB
MemAvailable:    1427492 kB
Buffers:           98624 kB
Cached:          1204012 kB
MemTotal:        1844596 kB
MemFree:          146752 kB
MemAvailable:    1427348 kB
Buffers:           98624 kB
Cached:          1204012 kB
MemTotal:        1844596 kB
MemFree:          146816 kB
MemAvailable:    1427412 kB
Buffers:           98624 kB
Cached:          1204012 kB
MemTotal:        1844596 kB
MemFree:          146568 kB
MemAvailable:    1427164 kB
Buffers:           98624 kB
Cached:          1204012 kB
MemTotal:        1844596 kB
MemFree:          145452 kB
MemAvailable:    1426048 kB
Buffers:           98624 kB
Cached:          1204012 kB
MemTotal:        1844596 kB
MemFree:          145452 kB
MemAvailable:    1426048 kB
Buffers:           98624 kB
Cached:          1204012 kB
MemTotal:        1844596 kB
MemFree:          142928 kB
MemAvailable:    1423524 kB
Buffers:           98624 kB
Cached:          1204012 kB
MemTotal:        1844596 kB
MemFree:          140264 kB
MemAvailable:    1420860 kB
Buffers:           98624 kB
Cached:          1204012 kB
MemTotal:        1844596 kB
MemFree:          136528 kB
MemAvailable:    1417124 kB
Buffers:           98624 kB
Cached:          1204012 kB
MemTotal:        1844596 kB
MemFree:          136528 kB
MemAvailable:    1417124 kB
Buffers:           98624 kB
Cached:          1204012 kB
MemTotal:        1844596 kB
MemFree:          132080 kB
MemAvailable:    1412676 kB
Buffers:           98624 kB
Cached:          1204012 kB
MemTotal:        1844596 kB
MemFree:          129476 kB
MemAvailable:    1410072 kB
Buffers:           98624 kB
Cached:          1204012 kB
MemTotal:        1844596 kB
MemFree:          127740 kB
MemAvailable:    1408336 kB
Buffers:           98624 kB
Cached:          1204012 kB
MemTotal:        1844596 kB
MemFree:          128288 kB
MemAvailable:    1408884 kB
Buffers:           98624 kB
Cached:          1204012 kB
MemTotal:        1844596 kB
MemFree:          128624 kB
MemAvailable:    1409220 kB
Buffers:           98624 kB
Cached:          1204012 kB
MemTotal:        1844596 kB
MemFree:          127180 kB
MemAvailable:    1407776 kB
Buffers:           98624 kB
Cached:          1204012 kB
MemTotal:        1844596 kB
MemFree:          127180 kB
MemAvailable:    1407776 kB
Buffers:           98624 kB
Cached:          1204012 kB
MemTotal:        1844596 kB
MemFree:          127428 kB
MemAvailable:    1408024 kB
Buffers:           98624 kB
Cached:          1204012 kB
MemTotal:        1844596 kB
MemFree:          127428 kB
MemAvailable:    1408024 kB
Buffers:           98624 kB
Cached:          1204012 kB
MemTotal:        1844596 kB
MemFree:          127296 kB
MemAvailable:    1407892 kB
Buffers:           98624 kB
Cached:          1204012 kB
MemTotal:        1844596 kB
MemFree:          128440 kB
MemAvailable:    1409036 kB
Buffers:           98624 kB
Cached:          1204012 kB
MemTotal:        1844596 kB
MemFree:          128608 kB
MemAvailable:    1409204 kB
Buffers:           98624 kB
Cached:          1204012 kB
MemTotal:        1844596 kB
MemFree:          128164 kB
MemAvailable:    1408760 kB
Buffers:           98624 kB
Cached:          1204012 kB
MemTotal:        1844596 kB
MemFree:          128500 kB
MemAvailable:    1409096 kB
Buffers:           98624 kB
Cached:          1204012 kB
MemTotal:        1844596 kB
MemFree:          128392 kB
MemAvailable:    1408988 kB
Buffers:           98624 kB
Cached:          1204012 kB
MemTotal:        1844596 kB
MemFree:          128332 kB
MemAvailable:    1408928 kB
Buffers:           98624 kB
Cached:          1204012 kB
MemTotal:        1844596 kB
MemFree:          128588 kB
MemAvailable:    1409184 kB
Buffers:           98624 kB
Cached:          1204012 kB
MemTotal:        1844596 kB
MemFree:          127216 kB
MemAvailable:    1407812 kB
Buffers:           98624 kB
Cached:          1204012 kB
MemTotal:        1844596 kB
MemFree:          127092 kB
MemAvailable:    1407688 kB
Buffers:           98624 kB
Cached:          1204012 kB
MemTotal:        1844596 kB
MemFree:          127300 kB
MemAvailable:    1407896 kB
Buffers:           98624 kB
Cached:          1204012 kB
MemTotal:        1844596 kB
MemFree:          127044 kB
MemAvailable:    1407640 kB
Buffers:           98624 kB
Cached:          1204012 kB
MemTotal:        1844596 kB
MemFree:          128660 kB
MemAvailable:    1409256 kB
Buffers:           98624 kB
Cached:          1204012 kB
MemTotal:        1844596 kB
MemFree:          128404 kB
MemAvailable:    1409000 kB
Buffers:           98624 kB
Cached:          1204012 kB
MemTotal:        1844596 kB
MemFree:          128520 kB
MemAvailable:    1409116 kB
Buffers:           98624 kB
Cached:          1204012 kB
MemTotal:        1844596 kB
MemFree:          127244 kB
MemAvailable:    1407840 kB
Buffers:           98624 kB
Cached:          1204012 kB
MemTotal:        1844596 kB
MemFree:          128148 kB
MemAvailable:    1408756 kB
Buffers:           98624 kB
Cached:          1204024 kB
MemTotal:        1844596 kB
MemFree:          128404 kB
MemAvailable:    1409012 kB
Buffers:           98624 kB
Cached:          1204024 kB
MemTotal:        1844596 kB
MemFree:          128740 kB
MemAvailable:    1409348 kB
Buffers:           98624 kB
Cached:          1204024 kB
MemTotal:        1844596 kB
MemFree:          128484 kB
MemAvailable:    1409092 kB
Buffers:           98624 kB
Cached:          1204024 kB
MemTotal:        1844596 kB
MemFree:          128736 kB
MemAvailable:    1409344 kB
Buffers:           98624 kB
Cached:          1204024 kB
MemTotal:        1844596 kB
MemFree:          128312 kB
MemAvailable:    1408920 kB
Buffers:           98624 kB
Cached:          1204024 kB
MemTotal:        1844596 kB
MemFree:          128568 kB
MemAvailable:    1409176 kB
Buffers:           98624 kB
Cached:          1204024 kB
MemTotal:        1844596 kB
MemFree:          128636 kB
MemAvailable:    1409244 kB
Buffers:           98624 kB
Cached:          1204024 kB
MemTotal:        1844596 kB
MemFree:          128420 kB
MemAvailable:    1409028 kB
Buffers:           98624 kB
Cached:          1204024 kB
MemTotal:        1844596 kB
MemFree:          128424 kB
MemAvailable:    1409032 kB
Buffers:           98624 kB
Cached:          1204024 kB
MemTotal:        1844596 kB
MemFree:          128424 kB
MemAvailable:    1409032 kB
Buffers:           98624 kB
Cached:          1204024 kB
MemTotal:        1844596 kB
MemFree:          127676 kB
MemAvailable:    1408284 kB
Buffers:           98624 kB
Cached:          1204024 kB
MemTotal:        1844596 kB
MemFree:          124524 kB
MemAvailable:    1405132 kB
Buffers:           98624 kB
Cached:          1204024 kB
MemTotal:        1844596 kB
MemFree:          120616 kB
MemAvailable:    1401224 kB
Buffers:           98624 kB
Cached:          1204024 kB
MemTotal:        1844596 kB
MemFree:          117560 kB
MemAvailable:    1398168 kB
Buffers:           98624 kB
Cached:          1204024 kB
MemTotal:        1844596 kB
MemFree:          112612 kB
MemAvailable:    1393220 kB
Buffers:           98624 kB
Cached:          1204024 kB
MemTotal:        1844596 kB
MemFree:          111256 kB
MemAvailable:    1391864 kB
Buffers:           98624 kB
Cached:          1204024 kB
MemTotal:        1844596 kB
MemFree:          111320 kB
MemAvailable:    1391928 kB
Buffers:           98624 kB
Cached:          1204024 kB
MemTotal:        1844596 kB
MemFree:          110016 kB
MemAvailable:    1390624 kB
Buffers:           98624 kB
Cached:          1204024 kB
MemTotal:        1844596 kB
MemFree:          111060 kB
MemAvailable:    1391668 kB
Buffers:           98624 kB
Cached:          1204024 kB
MemTotal:        1844596 kB
MemFree:          110152 kB
MemAvailable:    1390760 kB
Buffers:           98624 kB
Cached:          1204024 kB
MemTotal:        1844596 kB
MemFree:          109024 kB
MemAvailable:    1389632 kB
Buffers:           98624 kB
Cached:          1204024 kB
MemTotal:        1844596 kB
MemFree:          110140 kB
MemAvailable:    1390748 kB
Buffers:           98624 kB
Cached:          1204024 kB
MemTotal:        1844596 kB
MemFree:          110264 kB
MemAvailable:    1390872 kB
Buffers:           98624 kB
Cached:          1204024 kB
MemTotal:        1844596 kB
MemFree:          108768 kB
MemAvailable:    1389376 kB
Buffers:           98624 kB
Cached:          1204024 kB
MemTotal:        1844596 kB
MemFree:          108892 kB
MemAvailable:    1389500 kB
Buffers:           98624 kB
Cached:          1204024 kB
MemTotal:        1844596 kB
MemFree:          109704 kB
MemAvailable:    1390312 kB
Buffers:           98624 kB
Cached:          1204024 kB
MemTotal:        1844596 kB
MemFree:          108404 kB
MemAvailable:    1389012 kB
Buffers:           98624 kB
Cached:          1204024 kB
MemTotal:        1844596 kB
MemFree:          109740 kB
MemAvailable:    1390348 kB
Buffers:           98624 kB
Cached:          1204024 kB
MemTotal:        1844596 kB
MemFree:          109720 kB
MemAvailable:    1390328 kB
Buffers:           98624 kB
Cached:          1204024 kB
MemTotal:        1844596 kB
MemFree:          109640 kB
MemAvailable:    1390248 kB
Buffers:           98624 kB
Cached:          1204024 kB
MemTotal:        1844596 kB
MemFree:          108032 kB
MemAvailable:    1388640 kB
Buffers:           98624 kB
Cached:          1204024 kB
MemTotal:        1844596 kB
MemFree:          108768 kB
MemAvailable:    1389376 kB
Buffers:           98624 kB
Cached:          1204024 kB
MemTotal:        1844596 kB
MemFree:          108852 kB
MemAvailable:    1389460 kB
Buffers:           98624 kB
Cached:          1204024 kB
MemTotal:        1844596 kB
MemFree:          108216 kB
MemAvailable:    1388824 kB
Buffers:           98624 kB
Cached:          1204024 kB
MemTotal:        1844596 kB
MemFree:          106420 kB
MemAvailable:    1387028 kB
Buffers:           98624 kB
Cached:          1204024 kB
MemTotal:        1844596 kB
MemFree:          107024 kB
MemAvailable:    1387632 kB
Buffers:           98624 kB
Cached:          1204024 kB
MemTotal:        1844596 kB
MemFree:          107024 kB
MemAvailable:    1387632 kB
Buffers:           98624 kB
Cached:          1204024 kB
MemTotal:        1844596 kB
MemFree:          106280 kB
MemAvailable:    1386888 kB
Buffers:           98624 kB
Cached:          1204024 kB
MemTotal:        1844596 kB
MemFree:          105924 kB
MemAvailable:    1386532 kB
Buffers:           98624 kB
Cached:          1204024 kB
MemTotal:        1844596 kB
MemFree:          104916 kB
MemAvailable:    1385524 kB
Buffers:           98624 kB
Cached:          1204024 kB
MemTotal:        1844596 kB
MemFree:          105128 kB
MemAvailable:    1385736 kB
Buffers:           98624 kB
Cached:          1204024 kB
MemTotal:        1844596 kB
MemFree:          103932 kB
MemAvailable:    1384540 kB
Buffers:           98624 kB
Cached:          1204024 kB
MemTotal:        1844596 kB
MemFree:          103932 kB
MemAvailable:    1384540 kB
Buffers:           98624 kB
Cached:          1204024 kB
MemTotal:        1844596 kB
MemFree:          103932 kB
MemAvailable:    1384540 kB
Buffers:           98624 kB
Cached:          1204024 kB
MemTotal:        1844596 kB
MemFree:          104184 kB
MemAvailable:    1384792 kB
Buffers:           98624 kB
Cached:          1204024 kB
MemTotal:        1844596 kB
MemFree:          103768 kB
MemAvailable:    1384376 kB
Buffers:           98624 kB
Cached:          1204024 kB
MemTotal:        1844596 kB
MemFree:          104116 kB
MemAvailable:    1384724 kB
Buffers:           98624 kB
Cached:          1204024 kB
MemTotal:        1844596 kB
MemFree:          103320 kB
MemAvailable:    1383928 kB
Buffers:           98624 kB
Cached:          1204024 kB
MemTotal:        1844596 kB
MemFree:          103304 kB
MemAvailable:    1383916 kB
Buffers:           98624 kB
Cached:          1204028 kB
MemTotal:        1844596 kB
MemFree:          103304 kB
MemAvailable:    1383916 kB
Buffers:           98624 kB
Cached:          1204028 kB
MemTotal:        1844596 kB
MemFree:          102816 kB
MemAvailable:    1383428 kB
Buffers:           98624 kB
Cached:          1204028 kB
MemTotal:        1844596 kB
MemFree:          102304 kB
MemAvailable:    1382916 kB
Buffers:           98624 kB
Cached:          1204028 kB
MemTotal:        1844596 kB
MemFree:          102556 kB
MemAvailable:    1383168 kB
Buffers:           98624 kB
Cached:          1204028 kB
MemTotal:        1844596 kB
MemFree:          100948 kB
MemAvailable:    1381560 kB
Buffers:           98624 kB
Cached:          1204028 kB
MemTotal:        1844596 kB
MemFree:          102456 kB
MemAvailable:    1383068 kB
Buffers:           98624 kB
Cached:          1204028 kB
MemTotal:        1844596 kB
MemFree:          101024 kB
MemAvailable:    1381636 kB
Buffers:           98624 kB
Cached:          1204028 kB
MemTotal:        1844596 kB
MemFree:          102200 kB
MemAvailable:    1382812 kB
Buffers:           98624 kB
Cached:          1204028 kB
MemTotal:        1844596 kB
MemFree:          101016 kB
MemAvailable:    1381628 kB
Buffers:           98624 kB
Cached:          1204028 kB
MemTotal:        1844596 kB
MemFree:          102292 kB
MemAvailable:    1382904 kB
Buffers:           98624 kB
Cached:          1204028 kB
MemTotal:        1844596 kB
MemFree:          102292 kB
MemAvailable:    1382904 kB
Buffers:           98624 kB
Cached:          1204028 kB
MemTotal:        1844596 kB
MemFree:          102260 kB
MemAvailable:    1382872 kB
Buffers:           98624 kB
Cached:          1204028 kB
MemTotal:        1844596 kB
MemFree:          102080 kB
MemAvailable:    1382692 kB
Buffers:           98624 kB
Cached:          1204028 kB
MemTotal:        1844596 kB
MemFree:          102184 kB
MemAvailable:    1382796 kB
Buffers:           98624 kB
Cached:          1204028 kB
MemTotal:        1844596 kB
MemFree:          102520 kB
MemAvailable:    1383132 kB
Buffers:           98624 kB
Cached:          1204028 kB
MemTotal:        1844596 kB
MemFree:          102268 kB
MemAvailable:    1382880 kB
Buffers:           98624 kB
Cached:          1204028 kB
MemTotal:        1844596 kB
MemFree:          102124 kB
MemAvailable:    1382736 kB
Buffers:           98624 kB
Cached:          1204028 kB
MemTotal:        1844596 kB
MemFree:          102376 kB
MemAvailable:    1382988 kB
Buffers:           98624 kB
Cached:          1204028 kB
MemTotal:        1844596 kB
MemFree:          100908 kB
MemAvailable:    1381520 kB
Buffers:           98624 kB
Cached:          1204028 kB
MemTotal:        1844596 kB
MemFree:          100900 kB
MemAvailable:    1381512 kB
Buffers:           98624 kB
Cached:          1204028 kB
MemTotal:        1844596 kB
MemFree:          102272 kB
MemAvailable:    1382884 kB
Buffers:           98624 kB
Cached:          1204028 kB
MemTotal:        1844596 kB
MemFree:          101460 kB
MemAvailable:    1382072 kB
Buffers:           98624 kB
Cached:          1204028 kB
MemTotal:        1844596 kB
MemFree:          102444 kB
MemAvailable:    1383056 kB
Buffers:           98624 kB
Cached:          1204028 kB
MemTotal:        1844596 kB
MemFree:          102444 kB
MemAvailable:    1383056 kB
Buffers:           98624 kB
Cached:          1204028 kB
MemTotal:        1844596 kB
MemFree:          102340 kB
MemAvailable:    1382952 kB
Buffers:           98624 kB
Cached:          1204028 kB
MemTotal:        1844596 kB
MemFree:          101076 kB
MemAvailable:    1381688 kB
Buffers:           98624 kB
Cached:          1204028 kB
MemTotal:        1844596 kB
MemFree:          102316 kB
MemAvailable:    1382928 kB
Buffers:           98624 kB
Cached:          1204028 kB
MemTotal:        1844596 kB
MemFree:          102064 kB
MemAvailable:    1382684 kB
Buffers:           98624 kB
Cached:          1204036 kB
MemTotal:        1844596 kB
MemFree:          102400 kB
MemAvailable:    1383020 kB
Buffers:           98624 kB
Cached:          1204036 kB
MemTotal:        1844596 kB
MemFree:          102072 kB
MemAvailable:    1382692 kB
Buffers:           98624 kB
Cached:          1204036 kB
MemTotal:        1844596 kB
MemFree:          102240 kB
MemAvailable:    1382860 kB
Buffers:           98624 kB
Cached:          1204036 kB
MemTotal:        1844596 kB
MemFree:          102488 kB
MemAvailable:    1383108 kB
Buffers:           98624 kB
Cached:          1204036 kB
MemTotal:        1844596 kB
MemFree:          101584 kB
MemAvailable:    1382204 kB
Buffers:           98624 kB
Cached:          1204036 kB
MemTotal:        1844596 kB
MemFree:          102240 kB
MemAvailable:    1382860 kB
Buffers:           98624 kB
Cached:          1204036 kB
MemTotal:        1844596 kB
MemFree:          102072 kB
MemAvailable:    1382692 kB
Buffers:           98624 kB
Cached:          1204036 kB
MemTotal:        1844596 kB
MemFree:          102568 kB
MemAvailable:    1383188 kB
Buffers:           98624 kB
Cached:          1204036 kB
MemTotal:        1844596 kB
MemFree:          102516 kB
MemAvailable:    1383136 kB
Buffers:           98624 kB
Cached:          1204036 kB
MemTotal:        1844596 kB
MemFree:          101460 kB
MemAvailable:    1382080 kB
Buffers:           98624 kB
Cached:          1204036 kB
MemTotal:        1844596 kB
MemFree:          102240 kB
MemAvailable:    1382860 kB
Buffers:           98624 kB
Cached:          1204036 kB
MemTotal:        1844596 kB
MemFree:          102580 kB
MemAvailable:    1383200 kB
Buffers:           98624 kB
Cached:          1204036 kB
MemTotal:        1844596 kB
MemFree:          102188 kB
MemAvailable:    1382808 kB
Buffers:           98624 kB
Cached:          1204036 kB
MemTotal:        1844596 kB
MemFree:          101956 kB
MemAvailable:    1382576 kB
Buffers:           98624 kB
Cached:          1204036 kB
MemTotal:        1844596 kB
MemFree:          102148 kB
MemAvailable:    1382768 kB
Buffers:           98624 kB
Cached:          1204036 kB
MemTotal:        1844596 kB
MemFree:          102336 kB
MemAvailable:    1382956 kB
Buffers:           98624 kB
Cached:          1204036 kB
MemTotal:        1844596 kB
MemFree:          102204 kB
MemAvailable:    1382824 kB
Buffers:           98624 kB
Cached:          1204036 kB
MemTotal:        1844596 kB
MemFree:           98484 kB
MemAvailable:    1379104 kB
Buffers:           98624 kB
Cached:          1204036 kB
MemTotal:        1844596 kB
MemFree:           96004 kB
MemAvailable:    1376624 kB
Buffers:           98624 kB
Cached:          1204036 kB
MemTotal:        1844596 kB
MemFree:           91276 kB
MemAvailable:    1371896 kB
Buffers:           98624 kB
Cached:          1204036 kB
MemTotal:        1844596 kB
MemFree:           89680 kB
MemAvailable:    1370300 kB
Buffers:           98624 kB
Cached:          1204036 kB
MemTotal:        1844596 kB
MemFree:           86952 kB
MemAvailable:    1367572 kB
Buffers:           98624 kB
Cached:          1204036 kB
MemTotal:        1844596 kB
MemFree:           83092 kB
MemAvailable:    1363712 kB
Buffers:           98624 kB
Cached:          1204036 kB
MemTotal:        1844596 kB
MemFree:           83092 kB
MemAvailable:    1363712 kB
Buffers:           98624 kB
Cached:          1204036 kB
MemTotal:        1844596 kB
MemFree:           82704 kB
MemAvailable:    1363324 kB
Buffers:           98624 kB
Cached:          1204036 kB
MemTotal:        1844596 kB
MemFree:           83040 kB
MemAvailable:    1363660 kB
Buffers:           98624 kB
Cached:          1204036 kB
MemTotal:        1844596 kB
MemFree:           82572 kB
MemAvailable:    1363192 kB
Buffers:           98624 kB
Cached:          1204036 kB
MemTotal:        1844596 kB
MemFree:           82824 kB
MemAvailable:    1363444 kB
Buffers:           98624 kB
Cached:          1204036 kB
MemTotal:        1844596 kB
MemFree:           81548 kB
MemAvailable:    1362168 kB
Buffers:           98624 kB
Cached:          1204036 kB
MemTotal:        1844596 kB
MemFree:           81416 kB
MemAvailable:    1362036 kB
Buffers:           98624 kB
Cached:          1204036 kB
MemTotal:        1844596 kB
MemFree:           82716 kB
MemAvailable:    1363336 kB
Buffers:           98624 kB
Cached:          1204036 kB
MemTotal:        1844596 kB
MemFree:           82780 kB
MemAvailable:    1363400 kB
Buffers:           98624 kB
Cached:          1204036 kB
MemTotal:        1844596 kB
MemFree:           81540 kB
MemAvailable:    1362160 kB
Buffers:           98624 kB
Cached:          1204036 kB
MemTotal:        1844596 kB
MemFree:           82556 kB
MemAvailable:    1363176 kB
Buffers:           98624 kB
Cached:          1204036 kB
MemTotal:        1844596 kB
MemFree:           82724 kB
MemAvailable:    1363344 kB
Buffers:           98624 kB
Cached:          1204036 kB
MemTotal:        1844596 kB
MemFree:           81620 kB
MemAvailable:    1362240 kB
Buffers:           98624 kB
Cached:          1204036 kB
MemTotal:        1844596 kB
MemFree:           82688 kB
MemAvailable:    1363308 kB
Buffers:           98624 kB
Cached:          1204036 kB
MemTotal:        1844596 kB
MemFree:           81488 kB
MemAvailable:    1362108 kB
Buffers:           98624 kB
Cached:          1204036 kB
MemTotal:        1844596 kB
MemFree:           82416 kB
MemAvailable:    1363036 kB
Buffers:           98624 kB
Cached:          1204036 kB
MemTotal:        1844596 kB
MemFree:           82416 kB
MemAvailable:    1363036 kB
Buffers:           98624 kB
Cached:          1204036 kB
MemTotal:        1844596 kB
MemFree:           82292 kB
MemAvailable:    1362912 kB
Buffers:           98624 kB
Cached:          1204036 kB
MemTotal:        1844596 kB
MemFree:           82544 kB
MemAvailable:    1363164 kB
Buffers:           98624 kB
Cached:          1204036 kB
MemTotal:        1844596 kB
MemFree:           82480 kB
MemAvailable:    1363100 kB
Buffers:           98624 kB
Cached:          1204036 kB
MemTotal:        1844596 kB
MemFree:           82416 kB
MemAvailable:    1363036 kB
Buffers:           98624 kB
Cached:          1204036 kB
MemTotal:        1844596 kB
MemFree:           82668 kB
MemAvailable:    1363288 kB
Buffers:           98624 kB
Cached:          1204036 kB
MemTotal:        1844596 kB
MemFree:           82292 kB
MemAvailable:    1362912 kB
Buffers:           98624 kB
Cached:          1204036 kB
MemTotal:        1844596 kB
MemFree:           80300 kB
MemAvailable:    1360920 kB
Buffers:           98624 kB
Cached:          1204036 kB
MemTotal:        1844596 kB
MemFree:           80432 kB
MemAvailable:    1361052 kB
Buffers:           98624 kB
Cached:          1204036 kB
MemTotal:        1844596 kB
MemFree:           81480 kB
MemAvailable:    1362100 kB
Buffers:           98624 kB
Cached:          1204036 kB
MemTotal:        1844596 kB
MemFree:           81480 kB
MemAvailable:    1362100 kB
Buffers:           98624 kB
Cached:          1204036 kB
MemTotal:        1844596 kB
MemFree:           72444 kB
MemAvailable:    1353064 kB
Buffers:           98624 kB
Cached:          1204036 kB
MemTotal:        1844596 kB
MemFree:           71576 kB
MemAvailable:    1352196 kB
Buffers:           98624 kB
Cached:          1204036 kB
MemTotal:        1844596 kB
MemFree:           72808 kB
MemAvailable:    1353428 kB
Buffers:           98624 kB
Cached:          1204036 kB
MemTotal:        1844596 kB
MemFree:           72428 kB
MemAvailable:    1353048 kB
Buffers:           98624 kB
Cached:          1204036 kB
MemTotal:        1844596 kB
MemFree:           71816 kB
MemAvailable:    1352436 kB
Buffers:           98624 kB
Cached:          1204036 kB
MemTotal:        1844596 kB
MemFree:           70444 kB
MemAvailable:    1351068 kB
Buffers:           98624 kB
Cached:          1204040 kB
MemTotal:        1844596 kB
MemFree:           70336 kB
MemAvailable:    1350960 kB
Buffers:           98624 kB
Cached:          1204040 kB
MemTotal:        1844596 kB
MemFree:           69040 kB
MemAvailable:    1349664 kB
Buffers:           98624 kB
Cached:          1204040 kB
MemTotal:        1844596 kB
MemFree:           70508 kB
MemAvailable:    1351132 kB
Buffers:           98624 kB
Cached:          1204040 kB
MemTotal:        1844596 kB
MemFree:           69592 kB
MemAvailable:    1350216 kB
Buffers:           98624 kB
Cached:          1204040 kB
MemTotal:        1844596 kB
MemFree:           70072 kB
MemAvailable:    1350700 kB
Buffers:           98624 kB
Cached:          1204044 kB
MemTotal:        1844596 kB
MemFree:           70408 kB
MemAvailable:    1351036 kB
Buffers:           98624 kB
Cached:          1204044 kB
MemTotal:        1844596 kB
MemFree:           70080 kB
MemAvailable:    1350960 kB
Buffers:           98624 kB
Cached:          1204292 kB
MemTotal:        1844596 kB
MemFree:           69864 kB
MemAvailable:    1350828 kB
Buffers:           98624 kB
Cached:          1204416 kB
MemTotal:        1844596 kB
MemFree:           69720 kB
MemAvailable:    1350768 kB
Buffers:           98624 kB
Cached:          1204540 kB
MemTotal:        1844596 kB
MemFree:           68212 kB
MemAvailable:    1349344 kB
Buffers:           98624 kB
Cached:          1204540 kB
MemTotal:        1844596 kB
MemFree:           69420 kB
MemAvailable:    1350636 kB
Buffers:           98624 kB
Cached:          1204664 kB
MemTotal:        1844596 kB
MemFree:           69672 kB
MemAvailable:    1350888 kB
Buffers:           98624 kB
Cached:          1204664 kB
MemTotal:        1844596 kB
MemFree:           69664 kB
MemAvailable:    1350964 kB
Buffers:           98624 kB
Cached:          1204664 kB
MemTotal:        1844596 kB
MemFree:           69548 kB
MemAvailable:    1350848 kB
Buffers:           98624 kB
Cached:          1204664 kB
MemTotal:        1844596 kB
MemFree:           69652 kB
MemAvailable:    1350952 kB
Buffers:           98624 kB
Cached:          1204664 kB
MemTotal:        1844596 kB
MemFree:           69432 kB
MemAvailable:    1350732 kB
Buffers:           98624 kB
Cached:          1204664 kB
MemTotal:        1844596 kB
MemFree:           69768 kB
MemAvailable:    1351068 kB
Buffers:           98624 kB
Cached:          1204664 kB
MemTotal:        1844596 kB
MemFree:           68196 kB
MemAvailable:    1349496 kB
Buffers:           98624 kB
Cached:          1204664 kB
MemTotal:        1844596 kB
MemFree:           70068 kB
MemAvailable:    1350780 kB
Buffers:           98624 kB
Cached:          1204032 kB
MemTotal:        1844596 kB
MemFree:           70276 kB
MemAvailable:    1350988 kB
Buffers:           98624 kB
Cached:          1204032 kB
MemTotal:        1844596 kB
MemFree:           69552 kB
MemAvailable:    1350176 kB
Buffers:           98624 kB
Cached:          1203988 kB
MemTotal:        1844596 kB
MemFree:          146368 kB
MemAvailable:    1426992 kB
Buffers:           98624 kB
Cached:          1203988 kB
MemTotal:        1844596 kB
MemFree:          246408 kB
MemAvailable:    1527032 kB
Buffers:           98624 kB
Cached:          1203988 kB
