MemTotal:        1844596 kB
MemFree:          628396 kB
MemAvailable:    1547040 kB
Buffers:           90960 kB
Cached:           848380 kB
MemTotal:        1844596 kB
MemFree:          602324 kB
MemAvailable:    1520972 kB
Buffers:           90960 kB
Cached:           848384 kB
MemTotal:        1844596 kB
MemFree:          599596 kB
MemAvailable:    1518244 kB
Buffers:           90960 kB
Cached:           848384 kB
MemTotal:        1844596 kB
MemFree:          600076 kB
MemAvailable:    1518724 kB
Buffers:           90960 kB
Cached:           848384 kB
MemTotal:        1844596 kB
MemFree:          599844 kB
MemAvailable:    1518492 kB
Buffers:           90960 kB
Cached:           848384 kB
MemTotal:        1844596 kB
MemFree:          597480 kB
MemAvailable:    1516128 kB
Buffers:           90960 kB
Cached:           848384 kB
MemTotal:        1844596 kB
MemFree:          597736 kB
MemAvailable:    1516384 kB
Buffers:           90960 kB
Cached:           848384 kB
MemTotal:        1844596 kB
MemFree:          593628 kB
MemAvailable:    1512276 kB
Buffers:           90960 kB
Cached:           848384 kB
MemTotal:        1844596 kB
MemFree:          593628 kB
MemAvailable:    1512276 kB
Buffers:           90960 kB
Cached:           848384 kB
MemTotal:        1844596 kB
MemFree:          589924 kB
MemAvailable:    1508572 kB
Buffers:           90960 kB
Cached:           848384 kB
MemTotal:        1844596 kB
MemFree:          585212 kB
MemAvailable:    1503860 kB
Buffers:           90960 kB
Cached:           848384 kB
MemTotal:        1844596 kB
MemFree:          588816 kB
MemAvailable:    1507464 kB
Buffers:           90960 kB
Cached:           848384 kB
MemTotal:        1844596 kB
MemFree:          588072 kB
MemAvailable:    1506720 kB
Buffers:           90960 kB
Cached:           848384 kB
MemTotal:        1844596 kB
MemFree:          588544 kB
MemAvailable:    1507192 kB
Buffers:           90960 kB
Cached:           848384 kB
MemTotal:        1844596 kB
MemFree:          588880 kB
MemAvailable:    1507528 kB
Buffers:           90960 kB
Cached:           848384 kB
MemTotal:        1844596 kB
MemFree:          588412 kB
MemAvailable:    1507060 kB
Buffers:           90960 kB
Cached:           848384 kB
MemTotal:        1844596 kB
MemFree:          588228 kB
MemAvailable:    1506876 kB
Buffers:           90960 kB
Cached:           848384 kB
MemTotal:        1844596 kB
MemFree:          586880 kB
MemAvailable:    1505528 kB
Buffers:           90960 kB
Cached:           848384 kB
MemTotal:        1844596 kB
MemFree:          588204 kB
MemAvailable:    1506852 kB
Buffers:           90960 kB
Cached:           848384 kB
MemTotal:        1844596 kB
MemFree:          587004 kB
MemAvailable:    1505652 kB
Buffers:           90960 kB
Cached:           848384 kB
MemTotal:        1844596 kB
MemFree:          588112 kB
MemAvailable:    1506760 kB
Buffers:           90960 kB
Cached:           848384 kB
MemTotal:        1844596 kB
MemFree:          586872 kB
MemAvailable:    1505520 kB
Buffers:           90960 kB
Cached:           848384 kB
MemTotal:        1844596 kB
MemFree:          588148 kB
MemAvailable:    1506796 kB
Buffers:           90960 kB
Cached:           848384 kB
MemTotal:        1844596 kB
MemFree:          587080 kB
MemAvailable:    1505728 kB
Buffers:           90960 kB
Cached:           848384 kB
MemTotal:        1844596 kB
MemFree:          587264 kB
MemAvailable:    1505912 kB
Buffers:           90960 kB
Cached:           848384 kB
MemTotal:        1844596 kB
MemFree:          586404 kB
MemAvailable:    1505052 kB
Buffers:           90960 kB
Cached:           848384 kB
MemTotal:        1844596 kB
MemFree:          587136 kB
MemAvailable:    1505784 kB
Buffers:           90960 kB
Cached:           848384 kB
MemTotal:        1844596 kB
MemFree:          586740 kB
MemAvailable:    1505388 kB
Buffers:           90960 kB
Cached:           848384 kB
MemTotal:        1844596 kB
MemFree:          586700 kB
MemAvailable:    1505348 kB
Buffers:           90960 kB
Cached:           848384 kB
MemTotal:        1844596 kB
MemFree:          586264 kB
MemAvailable:    1504912 kB
Buffers:           90960 kB
Cached:           848384 kB
MemTotal:        1844596 kB
MemFree:          585816 kB
MemAvailable:    1504464 kB
Buffers:           90960 kB
Cached:           848384 kB
MemTotal:        1844596 kB
MemFree:          585816 kB
MemAvailable:    1504464 kB
Buffers:           90960 kB
Cached:           848384 kB
MemTotal:        1844596 kB
MemFree:          584288 kB
MemAvailable:    1502936 kB
Buffers:           90960 kB
Cached:           848384 kB
MemTotal:        1844596 kB
MemFree:          585832 kB
MemAvailable:    1504480 kB
Buffers:           90960 kB
Cached:           848384 kB
MemTotal:        1844596 kB
MemFree:          584848 kB
MemAvailable:    1503496 kB
Buffers:           90960 kB
Cached:           848384 kB
MemTotal:        1844596 kB
MemFree:          585568 kB
MemAvailable:    1504216 kB
Buffers:           90960 kB
Cached:           848384 kB
MemTotal:        1844596 kB
MemFree:          585336 kB
MemAvailable:    1503984 kB
Buffers:           90960 kB
Cached:           848384 kB
MemTotal:        1844596 kB
MemFree:          584456 kB
MemAvailable:    1503104 kB
Buffers:           90960 kB
Cached:           848384 kB
MemTotal:        1844596 kB
MemFree:          585564 kB
MemAvailable:    1504212 kB
Buffers:           90960 kB
Cached:           848384 kB
MemTotal:        1844596 kB
MemFree:          585820 kB
MemAvailable:    1504468 kB
Buffers:           90960 kB
Cached:           848384 kB
MemTotal:        1844596 kB
MemFree:          582972 kB
MemAvailable:    1501620 kB
Buffers:           90960 kB
Cached:           848384 kB
MemTotal:        1844596 kB
MemFree:          580616 kB
MemAvailable:    1499264 kB
Buffers:           90960 kB
Cached:           848384 kB
MemTotal:        1844596 kB
MemFree:          579136 kB
MemAvailable:    1497784 kB
Buffers:           90960 kB
Cached:           848384 kB
MemTotal:        1844596 kB
MemFree:          579004 kB
MemAvailable:    1497652 kB
Buffers:           90960 kB
Cached:           848384 kB
MemTotal:        1844596 kB
MemFree:          580196 kB
MemAvailable:    1498844 kB
Buffers:           90960 kB
Cached:           848384 kB
MemTotal:        1844596 kB
MemFree:          580012 kB
MemAvailable:    1498660 kB
Buffers:           90960 kB
Cached:           848384 kB
MemTotal:        1844596 kB
MemFree:          578880 kB
MemAvailable:    1497528 kB
Buffers:           90960 kB
Cached:           848384 kB
MemTotal:        1844596 kB
MemFree:          579988 kB
MemAvailable:    1498636 kB
Buffers:           90960 kB
Cached:           848384 kB
MemTotal:        1844596 kB
MemFree:          580136 kB
MemAvailable:    1498784 kB
Buffers:           90960 kB
Cached:           848384 kB
MemTotal:        1844596 kB
MemFree:          578632 kB
MemAvailable:    1497280 kB
Buffers:           90960 kB
Cached:           848384 kB
MemTotal:        1844596 kB
MemFree:          578624 kB
MemAvailable:    1497272 kB
Buffers:           90960 kB
Cached:           848384 kB
MemTotal:        1844596 kB
MemFree:          579932 kB
MemAvailable:    1498580 kB
Buffers:           90960 kB
Cached:           848384 kB
MemTotal:        1844596 kB
MemFree:          579900 kB
MemAvailable:    1498552 kB
Buffers:           90960 kB
Cached:           848388 kB
MemTotal:        1844596 kB
MemFree:          578592 kB
MemAvailable:    1497244 kB
Buffers:           90960 kB
Cached:           848388 kB
MemTotal:        1844596 kB
MemFree:          578592 kB
MemAvailable:    1497244 kB
Buffers:           90960 kB
Cached:           848388 kB
MemTotal:        1844596 kB
MemFree:          578592 kB
MemAvailable:    1497244 kB
Buffers:           90960 kB
Cached:           848388 kB
MemTotal:        1844596 kB
MemFree:          576896 kB
MemAvailable:    1495548 kB
Buffers:           90960 kB
Cached:           848388 kB
MemTotal:        1844596 kB
MemFree:          575664 kB
MemAvailable:    1494316 kB
Buffers:           90960 kB
Cached:           848388 kB
MemTotal:        1844596 kB
MemFree:          572936 kB
MemAvailable:    1491588 kB
Buffers:           90960 kB
Cached:           848388 kB
MemTotal:        1844596 kB
MemFree:          573416 kB
MemAvailable:    1492068 kB
Buffers:           90960 kB
Cached:           848388 kB
MemTotal:        1844596 kB
MemFree:          573416 kB
MemAvailable:    1492068 kB
Buffers:           90960 kB
Cached:           848388 kB
MemTotal:        1844596 kB
MemFree:          570696 kB
MemAvailable:    1489348 kB
Buffers:           90960 kB
Cached:           848388 kB
MemTotal:        1844596 kB
MemFree:          570580 kB
MemAvailable:    1489232 kB
Buffers:           90960 kB
Cached:           848388 kB
MemTotal:        1844596 kB
MemFree:          571324 kB
MemAvailable:    1489976 kB
Buffers:           90960 kB
Cached:           848388 kB
MemTotal:        1844596 kB
MemFree:          570076 kB
MemAvailable:    1488728 kB
Buffers:           90960 kB
Cached:           848388 kB
MemTotal:        1844596 kB
MemFree:          571144 kB
MemAvailable:    1489800 kB
Buffers:           90960 kB
Cached:           848392 kB
MemTotal:        1844596 kB
MemFree:          571400 kB
MemAvailable:    1490056 kB
Buffers:           90960 kB
Cached:           848392 kB
MemTotal:        1844596 kB
MemFree:          569904 kB
MemAvailable:    1488560 kB
Buffers:           90960 kB
Cached:           848392 kB
MemTotal:        1844596 kB
MemFree:          571196 kB
MemAvailable:    1489852 kB
Buffers:           90960 kB
Cached:           848392 kB
MemTotal:        1844596 kB
MemFree:          570020 kB
MemAvailable:    1488676 kB
Buffers:           90960 kB
Cached:           848392 kB
MemTotal:        1844596 kB
MemFree:          570948 kB
MemAvailable:    1489604 kB
Buffers:           90960 kB
Cached:           848392 kB
MemTotal:        1844596 kB
MemFree:          569896 kB
MemAvailable:    1488552 kB
Buffers:           90960 kB
Cached:           848392 kB
MemTotal:        1844596 kB
MemFree:          569756 kB
MemAvailable:    1488412 kB
Buffers:           90960 kB
Cached:           848392 kB
MemTotal:        1844596 kB
MemFree:          569932 kB
MemAvailable:    1488588 kB
Buffers:           90960 kB
Cached:           848392 kB
MemTotal:        1844596 kB
MemFree:          571240 kB
MemAvailable:    1489896 kB
Buffers:           90960 kB
Cached:           848392 kB
MemTotal:        1844596 kB
MemFree:          571208 kB
MemAvailable:    1489864 kB
Buffers:           90960 kB
Cached:           848392 kB
MemTotal:        1844596 kB
MemFree:          570880 kB
MemAvailable:    1489536 kB
Buffers:           90960 kB
Cached:           848392 kB
MemTotal:        1844596 kB
MemFree:          570840 kB
MemAvailable:    1489496 kB
Buffers:           90960 kB
Cached:           848392 kB
MemTotal:        1844596 kB
MemFree:          570636 kB
MemAvailable:    1489292 kB
Buffers:           90960 kB
Cached:           848392 kB
MemTotal:        1844596 kB
MemFree:          570888 kB
MemAvailable:    1489544 kB
Buffers:           90960 kB
Cached:           848392 kB
MemTotal:        1844596 kB
MemFree:          570868 kB
MemAvailable:    1489524 kB
Buffers:           90960 kB
Cached:           848392 kB
MemTotal:        1844596 kB
MemFree:          570552 kB
MemAvailable:    1489208 kB
Buffers:           90960 kB
Cached:           848392 kB
MemTotal:        1844596 kB
MemFree:          569776 kB
MemAvailable:    1488432 kB
Buffers:           90960 kB
Cached:           848392 kB
MemTotal:        1844596 kB
MemFree:          566728 kB
MemAvailable:    1485384 kB
Buffers:           90960 kB
Cached:           848392 kB
MemTotal:        1844596 kB
MemFree:          566496 kB
MemAvailable:    1485152 kB
Buffers:           90960 kB
Cached:           848392 kB
MemTotal:        1844596 kB
MemFree:          562644 kB
MemAvailable:    1481300 kB
Buffers:           90960 kB
Cached:           848392 kB
MemTotal:        1844596 kB
MemFree:          562768 kB
MemAvailable:    1481424 kB
Buffers:           90960 kB
Cached:           848392 kB
MemTotal:        1844596 kB
MemFree:          561660 kB
MemAvailable:    1480316 kB
Buffers:           90960 kB
Cached:           848392 kB
MemTotal:        1844596 kB
MemFree:          562388 kB
MemAvailable:    1481044 kB
Buffers:           90960 kB
Cached:           848392 kB
MemTotal:        1844596 kB
MemFree:          562644 kB
MemAvailable:    1481300 kB
Buffers:           90960 kB
Cached:           848392 kB
MemTotal:        1844596 kB
MemFree:          562116 kB
MemAvailable:    1480772 kB
Buffers:           90960 kB
Cached:           848392 kB
MemTotal:        1844596 kB
MemFree:          562200 kB
MemAvailable:    1480856 kB
Buffers:           90960 kB
Cached:           848392 kB
MemTotal:        1844596 kB
MemFree:          562188 kB
MemAvailable:    1480844 kB
Buffers:           90960 kB
Cached:           848392 kB
MemTotal:        1844596 kB
MemFree:          561816 kB
MemAvailable:    1480472 kB
Buffers:           90960 kB
Cached:           848392 kB
MemTotal:        1844596 kB
MemFree:          560844 kB
MemAvailable:    1479500 kB
Buffers:           90960 kB
Cached:           848392 kB
MemTotal:        1844596 kB
MemFree:          560708 kB
MemAvailable:    1479364 kB
Buffers:           90960 kB
Cached:           848392 kB
MemTotal:        1844596 kB
MemFree:          561808 kB
MemAvailable:    1480464 kB
Buffers:           90960 kB
Cached:           848392 kB
MemTotal:        1844596 kB
MemFree:          562144 kB
MemAvailable:    1480800 kB
Buffers:           90960 kB
Cached:           848392 kB
MemTotal:        1844596 kB
MemFree:          561928 kB
MemAvailable:    1480584 kB
Buffers:           90960 kB
Cached:           848392 kB
MemTotal:        1844596 kB
MemFree:          562264 kB
MemAvailable:    1480920 kB
Buffers:           90960 kB
Cached:           848392 kB
MemTotal:        1844596 kB
MemFree:          562136 kB
MemAvailable:    1480792 kB
Buffers:           90960 kB
Cached:           848392 kB
MemTotal:        1844596 kB
MemFree:          562212 kB
MemAvailable:    1480868 kB
Buffers:           90960 kB
Cached:           848392 kB
MemTotal:        1844596 kB
MemFree:          562072 kB
MemAvailable:    1480728 kB
Buffers:           90960 kB
Cached:           848392 kB
MemTotal:        1844596 kB
MemFree:          560592 kB
MemAvailable:    1479248 kB
Buffers:           90960 kB
Cached:           848392 kB
MemTotal:        1844596 kB
MemFree:          562184 kB
MemAvailable:    1480840 kB
Buffers:           90960 kB
Cached:           848392 kB
MemTotal:        1844596 kB
MemFree:          561732 kB
MemAvailable:    1480388 kB
Buffers:           90960 kB
Cached:           848392 kB
MemTotal:        1844596 kB
MemFree:          560620 kB
MemAvailable:    1479276 kB
Buffers:           90960 kB
Cached:           848392 kB
MemTotal:        1844596 kB
MemFree:          562160 kB
MemAvailable:    1480816 kB
Buffers:           90960 kB
Cached:           848392 kB
MemTotal:        1844596 kB
MemFree:          561412 kB
MemAvailable:    1480068 kB
Buffers:           90960 kB
Cached:           848392 kB
MemTotal:        1844596 kB
MemFree:          561156 kB
MemAvailable:    1479812 kB
Buffers:           90960 kB
Cached:           848392 kB
MemTotal:        1844596 kB
MemFree:          562324 kB
MemAvailable:    1480980 kB
Buffers:           90960 kB
Cached:           848392 kB
MemTotal:        1844596 kB
MemFree:          561900 kB
MemAvailable:    1480556 kB
Buffers:           90960 kB
Cached:           848392 kB
MemTotal:        1844596 kB
MemFree:          561968 kB
MemAvailable:    1480624 kB
Buffers:           90960 kB
Cached:           848392 kB
MemTotal:        1844596 kB
MemFree:          562028 kB
MemAvailable:    1480684 kB
Buffers:           90960 kB
Cached:           848392 kB
MemTotal:        1844596 kB
MemFree:          562316 kB
MemAvailable:    1480972 kB
Buffers:           90960 kB
Cached:           848392 kB
MemTotal:        1844596 kB
MemFree:          562204 kB
MemAvailable:    1480860 kB
Buffers:           90960 kB
Cached:           848392 kB
MemTotal:        1844596 kB
MemFree:          560884 kB
MemAvailable:    1479540 kB
Buffers:           90960 kB
Cached:           848392 kB
MemTotal:        1844596 kB
MemFree:          562116 kB
MemAvailable:    1480772 kB
Buffers:           90960 kB
Cached:           848392 kB
MemTotal:        1844596 kB
MemFree:          561952 kB
MemAvailable:    1480608 kB
Buffers:           90960 kB
Cached:           848392 kB
MemTotal:        1844596 kB
MemFree:          562060 kB
MemAvailable:    1480716 kB
Buffers:           90960 kB
Cached:           848392 kB
MemTotal:        1844596 kB
MemFree:          562232 kB
MemAvailable:    1480888 kB
Buffers:           90960 kB
Cached:           848392 kB
MemTotal:        1844596 kB
MemFree:          560736 kB
MemAvailable:    1479392 kB
Buffers:           90960 kB
Cached:           848392 kB
MemTotal:        1844596 kB
MemFree:          557932 kB
MemAvailable:    1476588 kB
Buffers:           90960 kB
Cached:           848392 kB
MemTotal:        1844596 kB
MemFree:          555764 kB
MemAvailable:    1474420 kB
Buffers:           90960 kB
Cached:           848392 kB
MemTotal:        1844596 kB
MemFree:          553044 kB
MemAvailable:    1471700 kB
Buffers:           90960 kB
Cached:           848392 kB
MemTotal:        1844596 kB
MemFree:          551608 kB
MemAvailable:    1470272 kB
Buffers:           90960 kB
Cached:           848400 kB
MemTotal:        1844596 kB
MemFree:          550244 kB
MemAvailable:    1468908 kB
Buffers:           90960 kB
Cached:           848400 kB
MemTotal:        1844596 kB
MemFree:          551352 kB
MemAvailable:    1470016 kB
Buffers:           90960 kB
Cached:           848400 kB
MemTotal:        1844596 kB
MemFree:          550244 kB
MemAvailable:    1468908 kB
Buffers:           90960 kB
Cached:           848400 kB
MemTotal:        1844596 kB
MemFree:          551056 kB
MemAvailable:    1469720 kB
Buffers:           90960 kB
Cached:           848400 kB
MemTotal:        1844596 kB
MemFree:          551392 kB
MemAvailable:    1470056 kB
Buffers:           90960 kB
Cached:           848400 kB
MemTotal:        1844596 kB
MemFree:          551188 kB
MemAvailable:    1469852 kB
Buffers:           90960 kB
Cached:           848400 kB
MemTotal:        1844596 kB
MemFree:          550996 kB
MemAvailable:    1469660 kB
Buffers:           90960 kB
Cached:           848400 kB
MemTotal:        1844596 kB
MemFree:          549948 kB
MemAvailable:    1468612 kB
Buffers:           90960 kB
Cached:           848400 kB
MemTotal:        1844596 kB
MemFree:          551228 kB
MemAvailable:    1469892 kB
Buffers:           90960 kB
Cached:           848400 kB
MemTotal:        1844596 kB
MemFree:          551228 kB
MemAvailable:    1469892 kB
Buffers:           90960 kB
Cached:           848400 kB
MemTotal:        1844596 kB
MemFree:          551188 kB
MemAvailable:    1469852 kB
Buffers:           90960 kB
Cached:           848400 kB
MemTotal:        1844596 kB
MemFree:          551244 kB
MemAvailable:    1469908 kB
Buffers:           90960 kB
Cached:           848400 kB
MemTotal:        1844596 kB
MemFree:          550104 kB
MemAvailable:    1468768 kB
Buffers:           90960 kB
Cached:           848400 kB
MemTotal:        1844596 kB
MemFree:          551024 kB
MemAvailable:    1469688 kB
Buffers:           90960 kB
Cached:           848400 kB
MemTotal:        1844596 kB
MemFree:          550056 kB
MemAvailable:    1468720 kB
Buffers:           90960 kB
Cached:           848400 kB
MemTotal:        1844596 kB
MemFree:          549844 kB
MemAvailable:    1468508 kB
Buffers:           90960 kB
Cached:           848400 kB
MemTotal:        1844596 kB
MemFree:          549836 kB
MemAvailable:    1468500 kB
Buffers:           90960 kB
Cached:           848400 kB
MemTotal:        1844596 kB
MemFree:          551220 kB
MemAvailable:    1469884 kB
Buffers:           90960 kB
Cached:           848400 kB
MemTotal:        1844596 kB
MemFree:          551364 kB
MemAvailable:    1470028 kB
Buffers:           90960 kB
Cached:           848400 kB
MemTotal:        1844596 kB
MemFree:          550492 kB
MemAvailable:    1469156 kB
Buffers:           90960 kB
Cached:           848400 kB
MemTotal:        1844596 kB
MemFree:          551064 kB
MemAvailable:    1469728 kB
Buffers:           90960 kB
Cached:           848400 kB
MemTotal:        1844596 kB
MemFree:          551320 kB
MemAvailable:    1469984 kB
Buffers:           90960 kB
Cached:           848400 kB
MemTotal:        1844596 kB
MemFree:          549872 kB
MemAvailable:    1468536 kB
Buffers:           90960 kB
Cached:           848400 kB
MemTotal:        1844596 kB
MemFree:          551064 kB
MemAvailable:    1469728 kB
Buffers:           90960 kB
Cached:           848400 kB
MemTotal:        1844596 kB
MemFree:          549948 kB
MemAvailable:    1468612 kB
Buffers:           90960 kB
Cached:           848400 kB
MemTotal:        1844596 kB
MemFree:          550232 kB
MemAvailable:    1468896 kB
Buffers:           90960 kB
Cached:           848400 kB
MemTotal:        1844596 kB
MemFree:          551248 kB
MemAvailable:    1469912 kB
Buffers:           90960 kB
Cached:           848400 kB
MemTotal:        1844596 kB
MemFree:          551268 kB
MemAvailable:    1469932 kB
Buffers:           90960 kB
Cached:           848400 kB
MemTotal:        1844596 kB
MemFree:          550500 kB
MemAvailable:    1469164 kB
Buffers:           90960 kB
Cached:           848400 kB
MemTotal:        1844596 kB
MemFree:          551064 kB
MemAvailable:    1469732 kB
Buffers:           90960 kB
Cached:           848404 kB
MemTotal:        1844596 kB
MemFree:          551320 kB
MemAvailable:    1469988 kB
Buffers:           90960 kB
Cached:           848404 kB
MemTotal:        1844596 kB
MemFree:          551228 kB
MemAvailable:    1469896 kB
Buffers:           90960 kB
Cached:           848404 kB
MemTotal:        1844596 kB
MemFree:          551440 kB
MemAvailable:    1470108 kB
Buffers:           90960 kB
Cached:           848404 kB
MemTotal:        1844596 kB
MemFree:          549948 kB
MemAvailable:    1468616 kB
Buffers:           90960 kB
Cached:           848404 kB
MemTotal:        1844596 kB
MemFree:          551228 kB
MemAvailable:    1469896 kB
Buffers:           90960 kB
Cached:           848404 kB
MemTotal:        1844596 kB
MemFree:          551244 kB
MemAvailable:    1469912 kB
Buffers:           90960 kB
Cached:           848404 kB
MemTotal:        1844596 kB
MemFree:          549948 kB
MemAvailable:    1468616 kB
Buffers:           90960 kB
Cached:           848404 kB
MemTotal:        1844596 kB
MemFree:          551088 kB
MemAvailable:    1469756 kB
Buffers:           90960 kB
Cached:           848404 kB
MemTotal:        1844596 kB
MemFree:          550800 kB
MemAvailable:    1469468 kB
Buffers:           90960 kB
Cached:           848404 kB
MemTotal:        1844596 kB
MemFree:          551016 kB
MemAvailable:    1469684 kB
Buffers:           90960 kB
Cached:           848404 kB
MemTotal:        1844596 kB
MemFree:          551352 kB
MemAvailable:    1470020 kB
Buffers:           90960 kB
Cached:           848404 kB
MemTotal:        1844596 kB
MemFree:          550064 kB
MemAvailable:    1468732 kB
Buffers:           90960 kB
Cached:           848404 kB
MemTotal:        1844596 kB
MemFree:          549940 kB
MemAvailable:    1468608 kB
Buffers:           90960 kB
Cached:           848404 kB
MemTotal:        1844596 kB
MemFree:          551408 kB
MemAvailable:    1470076 kB
Buffers:           90960 kB
Cached:           848404 kB
MemTotal:        1844596 kB
MemFree:          549808 kB
MemAvailable:    1468476 kB
Buffers:           90960 kB
Cached:           848404 kB
MemTotal:        1844596 kB
MemFree:          549800 kB
MemAvailable:    1468468 kB
Buffers:           90960 kB
Cached:           848404 kB
MemTotal:        1844596 kB
MemFree:          550304 kB
MemAvailable:    1468972 kB
Buffers:           90960 kB
Cached:           848404 kB
MemTotal:        1844596 kB
MemFree:          550600 kB
MemAvailable:    1469268 kB
Buffers:           90960 kB
Cached:           848404 kB
MemTotal:        1844596 kB
MemFree:          550244 kB
MemAvailable:    1468912 kB
Buffers:           90960 kB
Cached:           848404 kB
MemTotal:        1844596 kB
MemFree:          549072 kB
MemAvailable:    1467740 kB
Buffers:           90960 kB
Cached:           848404 kB
MemTotal:        1844596 kB
MemFree:          550496 kB
MemAvailable:    1469164 kB
Buffers:           90960 kB
Cached:           848404 kB
MemTotal:        1844596 kB
MemFree:          549252 kB
MemAvailable:    1467920 kB
Buffers:           90960 kB
Cached:           848404 kB
MemTotal:        1844596 kB
MemFree:          549948 kB
MemAvailable:    1468620 kB
Buffers:           90960 kB
Cached:           848408 kB
MemTotal:        1844596 kB
MemFree:          550204 kB
MemAvailable:    1468876 kB
Buffers:           90960 kB
Cached:           848408 kB
MemTotal:        1844596 kB
MemFree:          548576 kB
MemAvailable:    1467248 kB
Buffers:           90960 kB
Cached:           848408 kB
MemTotal:        1844596 kB
MemFree:          550008 kB
MemAvailable:    1468680 kB
Buffers:           90960 kB
Cached:           848408 kB
MemTotal:        1844596 kB
MemFree:          549928 kB
MemAvailable:    1468600 kB
Buffers:           90960 kB
Cached:           848408 kB
MemTotal:        1844596 kB
MemFree:          549624 kB
MemAvailable:    1468296 kB
Buffers:           90960 kB
Cached:           848408 kB
MemTotal:        1844596 kB
MemFree:          548616 kB
MemAvailable:    1467288 kB
Buffers:           90960 kB
Cached:           848408 kB
MemTotal:        1844596 kB
MemFree:          548740 kB
MemAvailable:    1467412 kB
Buffers:           90960 kB
Cached:           848408 kB
MemTotal:        1844596 kB
MemFree:          549808 kB
MemAvailable:    1468480 kB
Buffers:           90960 kB
Cached:           848408 kB
MemTotal:        1844596 kB
MemFree:          549676 kB
MemAvailable:    1468348 kB
Buffers:           90960 kB
Cached:           848408 kB
MemTotal:        1844596 kB
MemFree:          548496 kB
MemAvailable:    1467168 kB
Buffers:           90960 kB
Cached:           848408 kB
MemTotal:        1844596 kB
MemFree:          548488 kB
MemAvailable:    1467160 kB
Buffers:           90960 kB
Cached:           848408 kB
MemTotal:        1844596 kB
MemFree:          548364 kB
MemAvailable:    1467036 kB
Buffers:           90960 kB
Cached:           848408 kB
MemTotal:        1844596 kB
MemFree:          549664 kB
MemAvailable:    1468336 kB
Buffers:           90960 kB
Cached:           848408 kB
MemTotal:        1844596 kB
MemFree:          549004 kB
MemAvailable:    1467676 kB
Buffers:           90960 kB
Cached:           848408 kB
MemTotal:        1844596 kB
MemFree:          549432 kB
MemAvailable:    1468104 kB
Buffers:           90960 kB
Cached:           848408 kB
MemTotal:        1844596 kB
MemFree:          549376 kB
MemAvailable:    1468048 kB
Buffers:           90960 kB
Cached:           848408 kB
MemTotal:        1844596 kB
MemFree:          548328 kB
MemAvailable:    1467000 kB
Buffers:           90960 kB
Cached:           848408 kB
MemTotal:        1844596 kB
MemFree:          548120 kB
MemAvailable:    1466792 kB
Buffers:           90960 kB
Cached:           848408 kB
MemTotal:        1844596 kB
MemFree:          549644 kB
MemAvailable:    1468316 kB
Buffers:           90960 kB
Cached:           848408 kB
MemTotal:        1844596 kB
MemFree:          549432 kB
MemAvailable:    1468104 kB
Buffers:           90960 kB
Cached:           848408 kB
MemTotal:        1844596 kB
MemFree:          549600 kB
MemAvailable:    1468272 kB
Buffers:           90960 kB
Cached:           848408 kB
MemTotal:        1844596 kB
MemFree:          546824 kB
MemAvailable:    1465496 kB
Buffers:           90960 kB
Cached:           848408 kB
MemTotal:        1844596 kB
MemFree:          542740 kB
MemAvailable:    1461412 kB
Buffers:           90960 kB
Cached:           848408 kB
MemTotal:        1844596 kB
MemFree:          539456 kB
MemAvailable:    1458128 kB
Buffers:           90960 kB
Cached:           848408 kB
MemTotal:        1844596 kB
MemFree:          538572 kB
MemAvailable:    1457244 kB
Buffers:           90960 kB
Cached:           848408 kB
MemTotal:        1844596 kB
MemFree:          538340 kB
MemAvailable:    1457012 kB
Buffers:           90960 kB
Cached:           848408 kB
MemTotal:        1844596 kB
MemFree:          537168 kB
MemAvailable:    1455840 kB
Buffers:           90960 kB
Cached:           848408 kB
MemTotal:        1844596 kB
MemFree:          537952 kB
MemAvailable:    1456624 kB
Buffers:           90960 kB
Cached:           848408 kB
MemTotal:        1844596 kB
MemFree:          538036 kB
MemAvailable:    1456708 kB
Buffers:           90960 kB
Cached:           848408 kB
MemTotal:        1844596 kB
MemFree:          536540 kB
MemAvailable:    1455212 kB
Buffers:           90960 kB
Cached:           848408 kB
MemTotal:        1844596 kB
MemFree:          537340 kB
MemAvailable:    1456012 kB
Buffers:           90960 kB
Cached:           848408 kB
MemTotal:        1844596 kB
MemFree:          536612 kB
MemAvailable:    1455284 kB
Buffers:           90960 kB
Cached:           848408 kB
MemTotal:        1844596 kB
MemFree:          535364 kB
MemAvailable:    1454036 kB
Buffers:           90960 kB
Cached:           848408 kB
MemTotal:        1844596 kB
MemFree:          534728 kB
MemAvailable:    1453400 kB
Buffers:           90960 kB
Cached:           848408 kB
MemTotal:        1844596 kB
MemFree:          535720 kB
MemAvailable:    1454392 kB
Buffers:           90960 kB
Cached:           848408 kB
MemTotal:        1844596 kB
MemFree:          534716 kB
MemAvailable:    1453388 kB
Buffers:           90960 kB
Cached:           848408 kB
MemTotal:        1844596 kB
MemFree:          534612 kB
MemAvailable:    1453284 kB
Buffers:           90960 kB
Cached:           848408 kB
MemTotal:        1844596 kB
MemFree:          533124 kB
MemAvailable:    1451796 kB
Buffers:           90960 kB
Cached:           848408 kB
MemTotal:        1844596 kB
MemFree:          533200 kB
MemAvailable:    1451872 kB
Buffers:           90960 kB
Cached:           848408 kB
MemTotal:        1844596 kB
MemFree:          534376 kB
MemAvailable:    1453048 kB
Buffers:           90960 kB
Cached:           848408 kB
MemTotal:        1844596 kB
MemFree:          533192 kB
MemAvailable:    1451864 kB
Buffers:           90960 kB
Cached:           848408 kB
MemTotal:        1844596 kB
MemFree:          533860 kB
MemAvailable:    1452532 kB
Buffers:           90960 kB
Cached:           848408 kB
MemTotal:        1844596 kB
MemFree:          533328 kB
MemAvailable:    1452000 kB
Buffers:           90960 kB
Cached:           848408 kB
MemTotal:        1844596 kB
MemFree:          534496 kB
MemAvailable:    1453168 kB
Buffers:           90960 kB
Cached:           848408 kB
MemTotal:        1844596 kB
MemFree:          534316 kB
MemAvailable:    1452988 kB
Buffers:           90960 kB
Cached:           848408 kB
MemTotal:        1844596 kB
MemFree:          534572 kB
MemAvailable:    1453244 kB
Buffers:           90960 kB
Cached:           848408 kB
MemTotal:        1844596 kB
MemFree:          533244 kB
MemAvailable:    1451916 kB
Buffers:           90960 kB
Cached:           848408 kB
MemTotal:        1844596 kB
MemFree:          534352 kB
MemAvailable:    1453024 kB
Buffers:           90960 kB
Cached:           848408 kB
MemTotal:        1844596 kB
MemFree:          534352 kB
MemAvailable:    1453024 kB
Buffers:           90960 kB
Cached:           848408 kB
MemTotal:        1844596 kB
MemFree:          533928 kB
MemAvailable:    1452600 kB
Buffers:           90960 kB
Cached:           848408 kB
MemTotal:        1844596 kB
MemFree:          532752 kB
MemAvailable:    1451424 kB
Buffers:           90960 kB
Cached:           848408 kB
MemTotal:        1844596 kB
MemFree:          532512 kB
MemAvailable:    1451184 kB
Buffers:           90960 kB
Cached:           848408 kB
MemTotal:        1844596 kB
MemFree:          532696 kB
MemAvailable:    1451368 kB
Buffers:           90960 kB
Cached:           848408 kB
MemTotal:        1844596 kB
MemFree:          531528 kB
MemAvailable:    1450200 kB
Buffers:           90960 kB
Cached:           848408 kB
MemTotal:        1844596 kB
MemFree:          532372 kB
MemAvailable:    1451044 kB
Buffers:           90960 kB
Cached:           848408 kB
MemTotal:        1844596 kB
MemFree:          532584 kB
MemAvailable:    1451256 kB
Buffers:           90960 kB
Cached:           848408 kB
MemTotal:        1844596 kB
MemFree:          531820 kB
MemAvailable:    1450492 kB
Buffers:           90960 kB
Cached:           848408 kB
MemTotal:        1844596 kB
MemFree:          530520 kB
MemAvailable:    1449192 kB
Buffers:           90960 kB
Cached:           848408 kB
MemTotal:        1844596 kB
MemFree:          531024 kB
MemAvailable:    1449696 kB
Buffers:           90960 kB
Cached:           848408 kB
MemTotal:        1844596 kB
MemFree:          531336 kB
MemAvailable:    1450008 kB
Buffers:           90960 kB
Cached:           848408 kB
MemTotal:        1844596 kB
MemFree:          531336 kB
MemAvailable:    1450008 kB
Buffers:           90960 kB
Cached:           848408 kB
MemTotal:        1844596 kB
MemFree:          530396 kB
MemAvailable:    1449068 kB
Buffers:           90960 kB
Cached:           848408 kB
MemTotal:        1844596 kB
MemFree:          529108 kB
MemAvailable:    1447780 kB
Buffers:           90960 kB
Cached:           848408 kB
MemTotal:        1844596 kB
MemFree:          530348 kB
MemAvailable:    1449020 kB
Buffers:           90960 kB
Cached:           848408 kB
MemTotal:        1844596 kB
MemFree:          528976 kB
MemAvailable:    1447648 kB
Buffers:           90960 kB
Cached:           848408 kB
MemTotal:        1844596 kB
MemFree:          530276 kB
MemAvailable:    1448948 kB
Buffers:           90960 kB
Cached:           848408 kB
MemTotal:        1844596 kB
MemFree:          529012 kB
MemAvailable:    1447684 kB
Buffers:           90960 kB
Cached:           848408 kB
MemTotal:        1844596 kB
MemFree:          529096 kB
MemAvailable:    1447768 kB
Buffers:           90960 kB
Cached:           848408 kB
MemTotal:        1844596 kB
MemFree:          530140 kB
MemAvailable:    1448812 kB
Buffers:           90960 kB
Cached:           848408 kB
MemTotal:        1844596 kB
MemFree:          530392 kB
MemAvailable:    1449064 kB
Buffers:           90960 kB
Cached:           848408 kB
MemTotal:        1844596 kB
MemFree:          530136 kB
MemAvailable:    1448808 kB
Buffers:           90960 kB
Cached:           848408 kB
MemTotal:        1844596 kB
MemFree:          530068 kB
MemAvailable:    1448740 kB
Buffers:           90960 kB
Cached:           848408 kB
MemTotal:        1844596 kB
MemFree:          529916 kB
MemAvailable:    1448588 kB
Buffers:           90960 kB
Cached:           848408 kB
MemTotal:        1844596 kB
MemFree:          530024 kB
MemAvailable:    1448696 kB
Buffers:           90960 kB
Cached:           848408 kB
MemTotal:        1844596 kB
MemFree:          529916 kB
MemAvailable:    1448588 kB
Buffers:           90960 kB
Cached:           848408 kB
MemTotal:        1844596 kB
MemFree:          528660 kB
MemAvailable:    1447332 kB
Buffers:           90960 kB
Cached:           848408 kB
MemTotal:        1844596 kB
MemFree:          530016 kB
MemAvailable:    1448688 kB
Buffers:           90960 kB
Cached:           848408 kB
MemTotal:        1844596 kB
MemFree:          529908 kB
MemAvailable:    1448580 kB
Buffers:           90960 kB
Cached:           848408 kB
MemTotal:        1844596 kB
MemFree:          528736 kB
MemAvailable:    1447408 kB
Buffers:           90960 kB
Cached:           848408 kB
MemTotal:        1844596 kB
MemFree:          528860 kB
MemAvailable:    1447532 kB
Buffers:           90960 kB
Cached:           848408 kB
MemTotal:        1844596 kB
MemFree:          528860 kB
MemAvailable:    1447532 kB
Buffers:           90960 kB
Cached:           848408 kB
MemTotal:        1844596 kB
MemFree:          529996 kB
MemAvailable:    1448668 kB
Buffers:           90960 kB
Cached:           848408 kB
MemTotal:        1844596 kB
MemFree:          530080 kB
MemAvailable:    1448752 kB
Buffers:           90960 kB
Cached:           848408 kB
MemTotal:        1844596 kB
MemFree:          530064 kB
MemAvailable:    1448736 kB
Buffers:           90960 kB
Cached:           848408 kB
MemTotal:        1844596 kB
MemFree:          529016 kB
MemAvailable:    1447688 kB
Buffers:           90960 kB
Cached:           848408 kB
MemTotal:        1844596 kB
MemFree:          530148 kB
MemAvailable:    1448820 kB
Buffers:           90960 kB
Cached:           848408 kB
MemTotal:        1844596 kB
MemFree:          528712 kB
MemAvailable:    1447384 kB
Buffers:           90960 kB
Cached:           848408 kB
MemTotal:        1844596 kB
MemFree:          528880 kB
MemAvailable:    1447552 kB
Buffers:           90960 kB
Cached:           848408 kB
MemTotal:        1844596 kB
MemFree:          528968 kB
MemAvailable:    1447640 kB
Buffers:           90960 kB
Cached:           848408 kB
MemTotal:        1844596 kB
MemFree:          527668 kB
MemAvailable:    1446340 kB
Buffers:           90960 kB
Cached:           848408 kB
MemTotal:        1844596 kB
MemFree:          527792 kB
MemAvailable:    1446468 kB
Buffers:           90960 kB
Cached:           848412 kB
MemTotal:        1844596 kB
MemFree:          527676 kB
MemAvailable:    1446352 kB
Buffers:           90960 kB
Cached:           848412 kB
MemTotal:        1844596 kB
MemFree:          525692 kB
MemAvailable:    1444376 kB
Buffers:           90960 kB
Cached:           848420 kB
MemTotal:        1844596 kB
MemFree:          524080 kB
MemAvailable:    1442764 kB
Buffers:           90960 kB
Cached:           848420 kB
MemTotal:        1844596 kB
MemFree:          520848 kB
MemAvailable:    1439532 kB
Buffers:           90960 kB
Cached:           848420 kB
MemTotal:        1844596 kB
MemFree:          520492 kB
MemAvailable:    1439176 kB
Buffers:           90960 kB
Cached:           848420 kB
MemTotal:        1844596 kB
MemFree:          516144 kB
MemAvailable:    1434828 kB
Buffers:           90960 kB
Cached:           848420 kB
MemTotal:        1844596 kB
MemFree:          514532 kB
MemAvailable:    1433216 kB
Buffers:           90960 kB
Cached:           848420 kB
MemTotal:        1844596 kB
MemFree:          512300 kB
MemAvailable:    1430984 kB
Buffers:           90960 kB
Cached:           848420 kB
MemTotal:        1844596 kB
MemFree:          511664 kB
MemAvailable:    1430348 kB
Buffers:           90960 kB
Cached:           848420 kB
MemTotal:        1844596 kB
MemFree:          511664 kB
MemAvailable:    1430348 kB
Buffers:           90960 kB
Cached:           848420 kB
MemTotal:        1844596 kB
MemFree:          511528 kB
MemAvailable:    1430212 kB
Buffers:           90960 kB
Cached:           848420 kB
MemTotal:        1844596 kB
MemFree:          511528 kB
MemAvailable:    1430212 kB
Buffers:           90960 kB
Cached:           848420 kB
MemTotal:        1844596 kB
MemFree:          511500 kB
MemAvailable:    1430184 kB
Buffers:           90960 kB
Cached:           848420 kB
MemTotal:        1844596 kB
MemFree:          510128 kB
MemAvailable:    1428812 kB
Buffers:           90960 kB
Cached:           848420 kB
MemTotal:        1844596 kB
MemFree:          509996 kB
MemAvailable:    1428680 kB
Buffers:           90960 kB
Cached:           848420 kB
MemTotal:        1844596 kB
MemFree:          510120 kB
MemAvailable:    1428804 kB
Buffers:           90960 kB
Cached:           848420 kB
MemTotal:        1844596 kB
MemFree:          511156 kB
MemAvailable:    1429840 kB
Buffers:           90960 kB
Cached:           848420 kB
MemTotal:        1844596 kB
MemFree:          510280 kB
MemAvailable:    1428964 kB
Buffers:           90960 kB
Cached:           848420 kB
MemTotal:        1844596 kB
MemFree:          511516 kB
MemAvailable:    1430200 kB
Buffers:           90960 kB
Cached:           848420 kB
MemTotal:        1844596 kB
MemFree:          510440 kB
MemAvailable:    1429124 kB
Buffers:           90960 kB
Cached:           848420 kB
MemTotal:        1844596 kB
MemFree:          510660 kB
MemAvailable:    1429344 kB
Buffers:           90960 kB
Cached:           848420 kB
MemTotal:        1844596 kB
MemFree:          510744 kB
MemAvailable:    1429428 kB
Buffers:           90960 kB
Cached:           848420 kB
MemTotal:        1844596 kB
MemFree:          510720 kB
MemAvailable:    1429404 kB
Buffers:           90960 kB
Cached:           848420 kB
MemTotal:        1844596 kB
MemFree:          509668 kB
MemAvailable:    1428352 kB
Buffers:           90960 kB
Cached:           848420 kB
MemTotal:        1844596 kB
MemFree:          509296 kB
MemAvailable:    1427980 kB
Buffers:           90960 kB
Cached:           848420 kB
MemTotal:        1844596 kB
MemFree:          510396 kB
MemAvailable:    1429080 kB
Buffers:           90960 kB
Cached:           848420 kB
MemTotal:        1844596 kB
MemFree:          510564 kB
MemAvailable:    1429248 kB
Buffers:           90960 kB
Cached:           848420 kB
MemTotal:        1844596 kB
MemFree:          510552 kB
MemAvailable:    1429236 kB
Buffers:           90960 kB
Cached:           848420 kB
MemTotal:        1844596 kB
MemFree:          509264 kB
MemAvailable:    1427948 kB
Buffers:           90960 kB
Cached:           848420 kB
MemTotal:        1844596 kB
MemFree:          509264 kB
MemAvailable:    1427948 kB
Buffers:           90960 kB
Cached:           848420 kB
MemTotal:        1844596 kB
MemFree:          509264 kB
MemAvailable:    1427948 kB
Buffers:           90960 kB
Cached:           848420 kB
MemTotal:        1844596 kB
MemFree:          509388 kB
MemAvailable:    1428072 kB
Buffers:           90960 kB
Cached:           848420 kB
MemTotal:        1844596 kB
MemFree:          510372 kB
MemAvailable:    1429056 kB
Buffers:           90960 kB
Cached:           848420 kB
MemTotal:        1844596 kB
MemFree:          510400 kB
MemAvailable:    1429084 kB
Buffers:           90960 kB
Cached:           848420 kB
MemTotal:        1844596 kB
MemFree:          510192 kB
MemAvailable:    1428752 kB
Buffers:           90960 kB
Cached:           848420 kB
MemTotal:        1844596 kB
MemFree:          510504 kB
MemAvailable:    1429188 kB
Buffers:           90960 kB
Cached:           848420 kB
MemTotal:        1844596 kB
MemFree:          510756 kB
MemAvailable:    1429440 kB
Buffers:           90960 kB
Cached:           848420 kB
MemTotal:        1844596 kB
MemFree:          509276 kB
MemAvailable:    1427960 kB
Buffers:           90960 kB
Cached:           848420 kB
MemTotal:        1844596 kB
MemFree:          510516 kB
MemAvailable:    1429200 kB
Buffers:           90960 kB
Cached:           848420 kB
MemTotal:        1844596 kB
MemFree:          508208 kB
MemAvailable:    1426892 kB
Buffers:           90960 kB
Cached:           848420 kB
MemTotal:        1844596 kB
MemFree:          505356 kB
MemAvailable:    1424040 kB
Buffers:           90960 kB
Cached:           848420 kB
MemTotal:        1844596 kB
MemFree:          501380 kB
MemAvailable:    1420064 kB
Buffers:           90960 kB
Cached:           848420 kB
MemTotal:        1844596 kB
MemFree:          501380 kB
MemAvailable:    1420064 kB
Buffers:           90960 kB
Cached:           848420 kB
MemTotal:        1844596 kB
MemFree:          496728 kB
MemAvailable:    1415412 kB
Buffers:           90960 kB
Cached:           848420 kB
MemTotal:        1844596 kB
MemFree:          495000 kB
MemAvailable:    1413684 kB
Buffers:           90960 kB
Cached:           848420 kB
MemTotal:        1844596 kB
MemFree:          492196 kB
MemAvailable:    1410880 kB
Buffers:           90960 kB
Cached:           848420 kB
MemTotal:        1844596 kB
MemFree:          492532 kB
MemAvailable:    1411216 kB
Buffers:           90960 kB
Cached:           848420 kB
MemTotal:        1844596 kB
MemFree:          490956 kB
MemAvailable:    1409640 kB
Buffers:           90960 kB
Cached:           848420 kB
MemTotal:        1844596 kB
MemFree:          492404 kB
MemAvailable:    1411088 kB
Buffers:           90960 kB
Cached:           848420 kB
MemTotal:        1844596 kB
MemFree:          492324 kB
MemAvailable:    1411008 kB
Buffers:           90960 kB
Cached:           848420 kB
MemTotal:        1844596 kB
MemFree:          490952 kB
MemAvailable:    1409636 kB
Buffers:           90960 kB
Cached:           848420 kB
MemTotal:        1844596 kB
MemFree:          492144 kB
MemAvailable:    1410828 kB
Buffers:           90960 kB
Cached:           848420 kB
MemTotal:        1844596 kB
MemFree:          492096 kB
MemAvailable:    1410780 kB
Buffers:           90960 kB
Cached:           848420 kB
MemTotal:        1844596 kB
MemFree:          492080 kB
MemAvailable:    1410764 kB
Buffers:           90960 kB
Cached:           848420 kB
MemTotal:        1844596 kB
MemFree:          492156 kB
MemAvailable:    1410840 kB
Buffers:           90960 kB
Cached:           848420 kB
MemTotal:        1844596 kB
MemFree:          491592 kB
MemAvailable:    1410276 kB
Buffers:           90960 kB
Cached:           848420 kB
MemTotal:        1844596 kB
MemFree:          492124 kB
MemAvailable:    1410808 kB
Buffers:           90960 kB
Cached:           848420 kB
MemTotal:        1844596 kB
MemFree:          492460 kB
MemAvailable:    1411144 kB
Buffers:           90960 kB
Cached:           848420 kB
MemTotal:        1844596 kB
MemFree:          490840 kB
MemAvailable:    1409524 kB
Buffers:           90960 kB
Cached:           848420 kB
MemTotal:        1844596 kB
MemFree:          492328 kB
MemAvailable:    1411012 kB
Buffers:           90960 kB
Cached:           848420 kB
MemTotal:        1844596 kB
MemFree:          492412 kB
MemAvailable:    1411096 kB
Buffers:           90960 kB
Cached:           848420 kB
MemTotal:        1844596 kB
MemFree:          492132 kB
MemAvailable:    1410816 kB
Buffers:           90960 kB
Cached:           848420 kB
MemTotal:        1844596 kB
MemFree:          492348 kB
MemAvailable:    1411032 kB
Buffers:           90960 kB
Cached:           848420 kB
MemTotal:        1844596 kB
MemFree:          492408 kB
MemAvailable:    1411092 kB
Buffers:           90960 kB
Cached:           848420 kB
MemTotal:        1844596 kB
MemFree:          490956 kB
MemAvailable:    1409640 kB
Buffers:           90960 kB
Cached:           848420 kB
MemTotal:        1844596 kB
MemFree:          492212 kB
MemAvailable:    1410896 kB
Buffers:           90960 kB
Cached:           848420 kB
MemTotal:        1844596 kB
MemFree:          491096 kB
MemAvailable:    1409780 kB
Buffers:           90960 kB
Cached:           848420 kB
MemTotal:        1844596 kB
MemFree:          492328 kB
MemAvailable:    1411012 kB
Buffers:           90960 kB
Cached:           848420 kB
MemTotal:        1844596 kB
MemFree:          490840 kB
MemAvailable:    1409524 kB
Buffers:           90960 kB
Cached:           848420 kB
MemTotal:        1844596 kB
MemFree:          491048 kB
MemAvailable:    1409732 kB
Buffers:           90960 kB
Cached:           848420 kB
MemTotal:        1844596 kB
MemFree:          491468 kB
MemAvailable:    1410152 kB
Buffers:           90960 kB
Cached:           848420 kB
MemTotal:        1844596 kB
MemFree:          492032 kB
MemAvailable:    1410724 kB
Buffers:           90960 kB
Cached:           848428 kB
MemTotal:        1844596 kB
MemFree:          492368 kB
MemAvailable:    1411060 kB
Buffers:           90960 kB
Cached:           848428 kB
MemTotal:        1844596 kB
MemFree:          492124 kB
MemAvailable:    1410816 kB
Buffers:           90960 kB
Cached:           848428 kB
MemTotal:        1844596 kB
MemFree:          492460 kB
MemAvailable:    1411152 kB
Buffers:           90960 kB
Cached:           848428 kB
MemTotal:        1844596 kB
MemFree:          492164 kB
MemAvailable:    1410856 kB
Buffers:           90960 kB
Cached:           848428 kB
MemTotal:        1844596 kB
MemFree:          490960 kB
MemAvailable:    1409652 kB
Buffers:           90960 kB
Cached:           848428 kB
MemTotal:        1844596 kB
MemFree:          492260 kB
MemAvailable:    1410952 kB
Buffers:           90960 kB
Cached:           848428 kB
MemTotal:        1844596 kB
MemFree:          490832 kB
MemAvailable:    1409524 kB
Buffers:           90960 kB
Cached:           848428 kB
MemTotal:        1844596 kB
MemFree:          492072 kB
MemAvailable:    1410764 kB
Buffers:           90960 kB
Cached:           848428 kB
MemTotal:        1844596 kB
MemFree:          492272 kB
MemAvailable:    1410964 kB
Buffers:           90960 kB
Cached:           848428 kB
MemTotal:        1844596 kB
MemFree:          488120 kB
MemAvailable:    1406812 kB
Buffers:           90960 kB
Cached:           848428 kB
MemTotal:        1844596 kB
MemFree:          483764 kB
MemAvailable:    1402456 kB
Buffers:           90960 kB
Cached:           848428 kB
MemTotal:        1844596 kB
MemFree:          482664 kB
MemAvailable:    1401356 kB
Buffers:           90960 kB
Cached:           848428 kB
MemTotal:        1844596 kB
MemFree:          478688 kB
MemAvailable:    1397380 kB
Buffers:           90960 kB
Cached:           848428 kB
MemTotal:        1844596 kB
MemFree:          476152 kB
MemAvailable:    1394844 kB
Buffers:           90960 kB
Cached:           848428 kB
MemTotal:        1844596 kB
MemFree:          473984 kB
MemAvailable:    1392676 kB
Buffers:           90960 kB
Cached:           848428 kB
MemTotal:        1844596 kB
MemFree:          474720 kB
MemAvailable:    1393412 kB
Buffers:           90960 kB
Cached:           848428 kB
MemTotal:        1844596 kB
MemFree:          474400 kB
MemAvailable:    1393092 kB
Buffers:           90960 kB
Cached:           848428 kB
MemTotal:        1844596 kB
MemFree:          474548 kB
MemAvailable:    1393240 kB
Buffers:           90960 kB
Cached:           848428 kB
MemTotal:        1844596 kB
MemFree:          474480 kB
MemAvailable:    1393172 kB
Buffers:           90960 kB
Cached:           848428 kB
MemTotal:        1844596 kB
MemFree:          473844 kB
MemAvailable:    1392536 kB
Buffers:           90960 kB
Cached:           848428 kB
MemTotal:        1844596 kB
MemFree:          474096 kB
MemAvailable:    1392788 kB
Buffers:           90960 kB
Cached:           848428 kB
MemTotal:        1844596 kB
MemFree:          472476 kB
MemAvailable:    1391168 kB
Buffers:           90960 kB
Cached:           848428 kB
MemTotal:        1844596 kB
MemFree:          473840 kB
MemAvailable:    1392532 kB
Buffers:           90960 kB
Cached:           848428 kB
MemTotal:        1844596 kB
MemFree:          472744 kB
MemAvailable:    1391436 kB
Buffers:           90960 kB
Cached:           848428 kB
MemTotal:        1844596 kB
MemFree:          473672 kB
MemAvailable:    1392364 kB
Buffers:           90960 kB
Cached:           848428 kB
MemTotal:        1844596 kB
MemFree:          473348 kB
MemAvailable:    1392040 kB
Buffers:           90960 kB
Cached:           848428 kB
MemTotal:        1844596 kB
MemFree:          473496 kB
MemAvailable:    1392188 kB
Buffers:           90960 kB
Cached:           848428 kB
MemTotal:        1844596 kB
MemFree:          473292 kB
MemAvailable:    1391984 kB
Buffers:           90960 kB
Cached:           848428 kB
MemTotal:        1844596 kB
MemFree:          473056 kB
MemAvailable:    1391748 kB
Buffers:           90960 kB
Cached:           848428 kB
MemTotal:        1844596 kB
MemFree:          472932 kB
MemAvailable:    1391624 kB
Buffers:           90960 kB
Cached:           848428 kB
MemTotal:        1844596 kB
MemFree:          471620 kB
MemAvailable:    1390312 kB
Buffers:           90960 kB
Cached:           848428 kB
MemTotal:        1844596 kB
MemFree:          471512 kB
MemAvailable:    1390204 kB
Buffers:           90960 kB
Cached:           848428 kB
MemTotal:        1844596 kB
MemFree:          471192 kB
MemAvailable:    1389884 kB
Buffers:           90960 kB
Cached:           848428 kB
MemTotal:        1844596 kB
MemFree:          470944 kB
MemAvailable:    1389636 kB
Buffers:           90960 kB
Cached:           848428 kB
MemTotal:        1844596 kB
MemFree:          469768 kB
MemAvailable:    1388460 kB
Buffers:           90960 kB
Cached:           848428 kB
MemTotal:        1844596 kB
MemFree:          469868 kB
MemAvailable:    1388564 kB
Buffers:           90960 kB
Cached:           848432 kB
MemTotal:        1844596 kB
MemFree:          469760 kB
MemAvailable:    1388456 kB
Buffers:           90960 kB
Cached:           848432 kB
MemTotal:        1844596 kB
MemFree:          468952 kB
MemAvailable:    1387648 kB
Buffers:           90960 kB
Cached:           848432 kB
MemTotal:        1844596 kB
MemFree:          468216 kB
MemAvailable:    1386912 kB
Buffers:           90960 kB
Cached:           848432 kB
MemTotal:        1844596 kB
MemFree:          467596 kB
MemAvailable:    1386292 kB
Buffers:           90960 kB
Cached:           848432 kB
MemTotal:        1844596 kB
MemFree:          467412 kB
MemAvailable:    1386108 kB
Buffers:           90960 kB
Cached:           848432 kB
MemTotal:        1844596 kB
MemFree:          466488 kB
MemAvailable:    1385184 kB
Buffers:           90960 kB
Cached:           848432 kB
MemTotal:        1844596 kB
MemFree:          466488 kB
MemAvailable:    1385184 kB
Buffers:           90960 kB
Cached:           848432 kB
MemTotal:        1844596 kB
MemFree:          467764 kB
MemAvailable:    1386460 kB
Buffers:           90960 kB
Cached:           848432 kB
MemTotal:        1844596 kB
MemFree:          467848 kB
MemAvailable:    1386544 kB
Buffers:           90960 kB
Cached:           848432 kB
MemTotal:        1844596 kB
MemFree:          467664 kB
MemAvailable:    1386360 kB
Buffers:           90960 kB
Cached:           848432 kB
MemTotal:        1844596 kB
MemFree:          466352 kB
MemAvailable:    1385048 kB
Buffers:           90960 kB
Cached:           848432 kB
MemTotal:        1844596 kB
MemFree:          467528 kB
MemAvailable:    1386224 kB
Buffers:           90960 kB
Cached:           848432 kB
MemTotal:        1844596 kB
MemFree:          466280 kB
MemAvailable:    1384976 kB
Buffers:           90960 kB
Cached:           848432 kB
MemTotal:        1844596 kB
MemFree:          466364 kB
MemAvailable:    1385060 kB
Buffers:           90960 kB
Cached:           848432 kB
MemTotal:        1844596 kB
MemFree:          466052 kB
MemAvailable:    1384748 kB
Buffers:           90960 kB
Cached:           848432 kB
MemTotal:        1844596 kB
MemFree:          466088 kB
MemAvailable:    1384784 kB
Buffers:           90960 kB
Cached:           848432 kB
MemTotal:        1844596 kB
MemFree:          465188 kB
MemAvailable:    1383884 kB
Buffers:           90960 kB
Cached:           848432 kB
MemTotal:        1844596 kB
MemFree:          465180 kB
MemAvailable:    1383880 kB
Buffers:           90960 kB
Cached:           848436 kB
MemTotal:        1844596 kB
MemFree:          466480 kB
MemAvailable:    1385180 kB
Buffers:           90960 kB
Cached:           848436 kB
MemTotal:        1844596 kB
MemFree:          466156 kB
MemAvailable:    1384856 kB
Buffers:           90960 kB
Cached:           848436 kB
MemTotal:        1844596 kB
MemFree:          466240 kB
MemAvailable:    1384940 kB
Buffers:           90960 kB
Cached:           848436 kB
MemTotal:        1844596 kB
MemFree:          464920 kB
MemAvailable:    1383620 kB
Buffers:           90960 kB
Cached:           848436 kB
MemTotal:        1844596 kB
MemFree:          466028 kB
MemAvailable:    1384728 kB
Buffers:           90960 kB
Cached:           848436 kB
MemTotal:        1844596 kB
MemFree:          466280 kB
MemAvailable:    1384980 kB
Buffers:           90960 kB
Cached:           848436 kB
MemTotal:        1844596 kB
MemFree:          466000 kB
MemAvailable:    1384700 kB
Buffers:           90960 kB
Cached:           848436 kB
MemTotal:        1844596 kB
MemFree:          466096 kB
MemAvailable:    1384796 kB
Buffers:           90960 kB
Cached:           848436 kB
MemTotal:        1844596 kB
MemFree:          465296 kB
MemAvailable:    1383996 kB
Buffers:           90960 kB
Cached:           848436 kB
MemTotal:        1844596 kB
MemFree:          465784 kB
MemAvailable:    1384484 kB
Buffers:           90960 kB
Cached:           848436 kB
MemTotal:        1844596 kB
MemFree:          466120 kB
MemAvailable:    1384820 kB
Buffers:           90960 kB
Cached:           848436 kB
MemTotal:        1844596 kB
MemFree:          465908 kB
MemAvailable:    1384608 kB
Buffers:           90960 kB
Cached:           848436 kB
MemTotal:        1844596 kB
MemFree:          466244 kB
MemAvailable:    1384944 kB
Buffers:           90960 kB
Cached:           848436 kB
MemTotal:        1844596 kB
MemFree:          465920 kB
MemAvailable:    1384620 kB
Buffers:           90960 kB
Cached:           848436 kB
MemTotal:        1844596 kB
MemFree:          464876 kB
MemAvailable:    1383576 kB
Buffers:           90960 kB
Cached:           848436 kB
MemTotal:        1844596 kB
MemFree:          465000 kB
MemAvailable:    1383700 kB
Buffers:           90960 kB
Cached:           848436 kB
MemTotal:        1844596 kB
MemFree:          464876 kB
MemAvailable:    1383576 kB
Buffers:           90960 kB
Cached:           848436 kB
MemTotal:        1844596 kB
MemFree:          464820 kB
MemAvailable:    1383520 kB
Buffers:           90960 kB
Cached:           848436 kB
MemTotal:        1844596 kB
MemFree:          464820 kB
MemAvailable:    1383520 kB
Buffers:           90960 kB
Cached:           848436 kB
MemTotal:        1844596 kB
MemFree:          465096 kB
MemAvailable:    1383800 kB
Buffers:           90960 kB
Cached:           848440 kB
MemTotal:        1844596 kB
MemFree:          464972 kB
MemAvailable:    1383676 kB
Buffers:           90960 kB
Cached:           848440 kB
MemTotal:        1844596 kB
MemFree:          464972 kB
MemAvailable:    1383676 kB
Buffers:           90960 kB
Cached:           848440 kB
MemTotal:        1844596 kB
MemFree:          464800 kB
MemAvailable:    1383504 kB
Buffers:           90960 kB
Cached:           848440 kB
MemTotal:        1844596 kB
MemFree:          464668 kB
MemAvailable:    1383372 kB
Buffers:           90960 kB
Cached:           848440 kB
MemTotal:        1844596 kB
MemFree:          466388 kB
MemAvailable:    1385092 kB
Buffers:           90960 kB
Cached:           848440 kB
MemTotal:        1844596 kB
MemFree:          464912 kB
MemAvailable:    1383616 kB
Buffers:           90960 kB
Cached:           848440 kB
MemTotal:        1844596 kB
MemFree:          465888 kB
MemAvailable:    1384592 kB
Buffers:           90960 kB
Cached:           848440 kB
MemTotal:        1844596 kB
MemFree:          466224 kB
MemAvailable:    1384928 kB
Buffers:           90960 kB
Cached:           848440 kB
MemTotal:        1844596 kB
MemFree:          466208 kB
MemAvailable:    1384912 kB
Buffers:           90960 kB
Cached:           848440 kB
MemTotal:        1844596 kB
MemFree:          466268 kB
MemAvailable:    1384972 kB
Buffers:           90960 kB
Cached:           848440 kB
MemTotal:        1844596 kB
MemFree:          466000 kB
MemAvailable:    1384704 kB
Buffers:           90960 kB
Cached:           848440 kB
MemTotal:        1844596 kB
MemFree:          466096 kB
MemAvailable:    1384800 kB
Buffers:           90960 kB
Cached:           848440 kB
MemTotal:        1844596 kB
MemFree:          466148 kB
MemAvailable:    1384852 kB
Buffers:           90960 kB
Cached:           848440 kB
MemTotal:        1844596 kB
MemFree:          465948 kB
MemAvailable:    1384652 kB
Buffers:           90960 kB
Cached:           848440 kB
MemTotal:        1844596 kB
MemFree:          466032 kB
MemAvailable:    1384736 kB
Buffers:           90960 kB
Cached:           848440 kB
MemTotal:        1844596 kB
MemFree:          466064 kB
MemAvailable:    1384768 kB
Buffers:           90960 kB
Cached:           848440 kB
MemTotal:        1844596 kB
MemFree:          464956 kB
MemAvailable:    1383660 kB
Buffers:           90960 kB
Cached:           848440 kB
MemTotal:        1844596 kB
MemFree:          464956 kB
MemAvailable:    1383660 kB
Buffers:           90960 kB
Cached:           848440 kB
MemTotal:        1844596 kB
MemFree:          460500 kB
MemAvailable:    1379204 kB
Buffers:           90960 kB
Cached:           848440 kB
MemTotal:        1844596 kB
MemFree:          457532 kB
MemAvailable:    1376236 kB
Buffers:           90960 kB
Cached:           848440 kB
MemTotal:        1844596 kB
MemFree:          454928 kB
MemAvailable:    1373632 kB
Buffers:           90960 kB
Cached:           848440 kB
MemTotal:        1844596 kB
MemFree:          451084 kB
MemAvailable:    1369788 kB
Buffers:           90960 kB
Cached:           848440 kB
MemTotal:        1844596 kB
MemFree:          449472 kB
MemAvailable:    1368176 kB
Buffers:           90960 kB
Cached:           848440 kB
MemTotal:        1844596 kB
MemFree:          446000 kB
MemAvailable:    1364704 kB
Buffers:           90960 kB
Cached:           848440 kB
MemTotal:        1844596 kB
MemFree:          445628 kB
MemAvailable:    1364332 kB
Buffers:           90960 kB
Cached:           848440 kB
MemTotal:        1844596 kB
MemFree:          446868 kB
MemAvailable:    1365572 kB
Buffers:           90960 kB
Cached:           848440 kB
MemTotal:        1844596 kB
MemFree:          446556 kB
MemAvailable:    1365260 kB
Buffers:           90960 kB
Cached:           848440 kB
MemTotal:        1844596 kB
MemFree:          446556 kB
MemAvailable:    1365260 kB
Buffers:           90960 kB
Cached:           848440 kB
MemTotal:        1844596 kB
MemFree:          446492 kB
MemAvailable:    1365196 kB
Buffers:           90960 kB
Cached:           848440 kB
MemTotal:        1844596 kB
MemFree:          446684 kB
MemAvailable:    1365388 kB
Buffers:           90960 kB
Cached:           848440 kB
MemTotal:        1844596 kB
MemFree:          445368 kB
MemAvailable:    1364072 kB
Buffers:           90960 kB
Cached:           848440 kB
MemTotal:        1844596 kB
MemFree:          446608 kB
MemAvailable:    1365312 kB
Buffers:           90960 kB
Cached:           848440 kB
MemTotal:        1844596 kB
MemFree:          446680 kB
MemAvailable:    1365384 kB
Buffers:           90960 kB
Cached:           848440 kB
MemTotal:        1844596 kB
MemFree:          445580 kB
MemAvailable:    1364284 kB
Buffers:           90960 kB
Cached:           848440 kB
MemTotal:        1844596 kB
MemFree:          446744 kB
MemAvailable:    1365448 kB
Buffers:           90960 kB
Cached:           848440 kB
MemTotal:        1844596 kB
MemFree:          445876 kB
MemAvailable:    1364580 kB
Buffers:           90960 kB
Cached:           848440 kB
MemTotal:        1844596 kB
MemFree:          445200 kB
MemAvailable:    1363904 kB
Buffers:           90960 kB
Cached:           848440 kB
MemTotal:        1844596 kB
MemFree:          446500 kB
MemAvailable:    1365204 kB
Buffers:           90960 kB
Cached:           848440 kB
MemTotal:        1844596 kB
MemFree:          446368 kB
MemAvailable:    1365072 kB
Buffers:           90960 kB
Cached:           848440 kB
MemTotal:        1844596 kB
MemFree:          446080 kB
MemAvailable:    1364784 kB
Buffers:           90960 kB
Cached:           848440 kB
MemTotal:        1844596 kB
MemFree:          446416 kB
MemAvailable:    1365120 kB
Buffers:           90960 kB
Cached:           848440 kB
MemTotal:        1844596 kB
MemFree:          446200 kB
MemAvailable:    1364904 kB
Buffers:           90960 kB
Cached:           848440 kB
MemTotal:        1844596 kB
MemFree:          446452 kB
MemAvailable:    1364952 kB
Buffers:           90960 kB
Cached:           848440 kB
MemTotal:        1844596 kB
MemFree:          444952 kB
MemAvailable:    1363656 kB
Buffers:           90960 kB
Cached:           848440 kB
MemTotal:        1844596 kB
MemFree:          445076 kB
MemAvailable:    1363780 kB
Buffers:           90960 kB
Cached:           848440 kB
MemTotal:        1844596 kB
MemFree:          446052 kB
MemAvailable:    1364756 kB
Buffers:           90960 kB
Cached:           848440 kB
MemTotal:        1844596 kB
MemFree:          446052 kB
MemAvailable:    1364756 kB
Buffers:           90960 kB
Cached:           848440 kB
MemTotal:        1844596 kB
MemFree:          444456 kB
MemAvailable:    1363160 kB
Buffers:           90960 kB
Cached:           848440 kB
MemTotal:        1844596 kB
MemFree:          445780 kB
MemAvailable:    1364484 kB
Buffers:           90960 kB
Cached:           848440 kB
MemTotal:        1844596 kB
MemFree:          440916 kB
MemAvailable:    1359620 kB
Buffers:           90960 kB
Cached:           848440 kB
MemTotal:        1844596 kB
MemFree:          437064 kB
MemAvailable:    1355768 kB
Buffers:           90960 kB
Cached:           848440 kB
MemTotal:        1844596 kB
MemFree:          437064 kB
MemAvailable:    1355768 kB
Buffers:           90960 kB
Cached:           848440 kB
MemTotal:        1844596 kB
MemFree:          436512 kB
MemAvailable:    1355216 kB
Buffers:           90960 kB
Cached:           848440 kB
MemTotal:        1844596 kB
MemFree:          436576 kB
MemAvailable:    1355280 kB
Buffers:           90960 kB
Cached:           848440 kB
MemTotal:        1844596 kB
MemFree:          435080 kB
MemAvailable:    1353784 kB
Buffers:           90960 kB
Cached:           848440 kB
MemTotal:        1844596 kB
MemFree:          436320 kB
MemAvailable:    1355024 kB
Buffers:           90960 kB
Cached:           848440 kB
MemTotal:        1844596 kB
MemFree:          433104 kB
MemAvailable:    1351808 kB
Buffers:           90960 kB
Cached:           848440 kB
MemTotal:        1844596 kB
MemFree:          434072 kB
MemAvailable:    1352776 kB
Buffers:           90960 kB
Cached:           848440 kB
MemTotal:        1844596 kB
MemFree:          434088 kB
MemAvailable:    1352792 kB
Buffers:           90960 kB
Cached:           848440 kB
MemTotal:        1844596 kB
MemFree:          434092 kB
MemAvailable:    1352796 kB
Buffers:           90960 kB
Cached:           848440 kB
MemTotal:        1844596 kB
MemFree:          433076 kB
MemAvailable:    1351780 kB
Buffers:           90960 kB
Cached:           848440 kB
MemTotal:        1844596 kB
MemFree:          432828 kB
MemAvailable:    1351616 kB
Buffers:           90960 kB
Cached:           848564 kB
MemTotal:        1844596 kB
MemFree:          432952 kB
MemAvailable:    1351908 kB
Buffers:           90960 kB
Cached:           848812 kB
MemTotal:        1844596 kB
MemFree:          433840 kB
MemAvailable:    1353048 kB
Buffers:           90960 kB
Cached:           848936 kB
MemTotal:        1844596 kB
MemFree:          433732 kB
MemAvailable:    1352940 kB
Buffers:           90960 kB
Cached:           848936 kB
MemTotal:        1844596 kB
MemFree:          433336 kB
MemAvailable:    1352628 kB
Buffers:           90960 kB
Cached:           849060 kB
MemTotal:        1844596 kB
MemFree:          433592 kB
MemAvailable:    1352884 kB
Buffers:           90960 kB
Cached:           849060 kB
MemTotal:        1844596 kB
MemFree:          432220 kB
MemAvailable:    1351512 kB
Buffers:           90960 kB
Cached:           849060 kB
MemTotal:        1844596 kB
MemFree:          433396 kB
MemAvailable:    1352688 kB
Buffers:           90960 kB
Cached:           849060 kB
MemTotal:        1844596 kB
MemFree:          432616 kB
MemAvailable:    1351908 kB
Buffers:           90960 kB
Cached:           849060 kB
MemTotal:        1844596 kB
MemFree:          433212 kB
MemAvailable:    1352596 kB
Buffers:           90960 kB
Cached:           849120 kB
MemTotal:        1844596 kB
MemFree:          433212 kB
MemAvailable:    1352596 kB
Buffers:           90960 kB
Cached:           849120 kB
MemTotal:        1844596 kB
MemFree:          433408 kB
MemAvailable:    1352792 kB
Buffers:           90960 kB
Cached:           849120 kB
MemTotal:        1844596 kB
MemFree:          433576 kB
MemAvailable:    1352960 kB
Buffers:           90960 kB
Cached:           849120 kB
MemTotal:        1844596 kB
MemFree:          433452 kB
MemAvailable:    1352836 kB
Buffers:           90960 kB
Cached:           849244 kB
MemTotal:        1844596 kB
MemFree:          431980 kB
MemAvailable:    1350776 kB
Buffers:           90960 kB
Cached:           848444 kB
MemTotal:        1844596 kB
MemFree:          432732 kB
MemAvailable:    1351528 kB
Buffers:           90960 kB
Cached:           848444 kB
MemTotal:        1844596 kB
MemFree:          552684 kB
MemAvailable:    1471480 kB
Buffers:           90960 kB
Cached:           848444 kB
MemTotal:        1844596 kB
MemFree:          627024 kB
MemAvailable:    1545820 kB
Buffers:           90960 kB
Cached:           848444 kB
