MemTotal:        1844596 kB
MemFree:          270532 kB
MemAvailable:    1547892 kB
Buffers:          105856 kB
Cached:          1185032 kB
MemTotal:        1844596 kB
MemFree:          243204 kB
MemAvailable:    1520572 kB
Buffers:          105856 kB
Cached:          1185036 kB
MemTotal:        1844596 kB
MemFree:          241640 kB
MemAvailable:    1519008 kB
Buffers:          105856 kB
Cached:          1185036 kB
MemTotal:        1844596 kB
MemFree:          241028 kB
MemAvailable:    1518396 kB
Buffers:          105856 kB
Cached:          1185036 kB
MemTotal:        1844596 kB
MemFree:          239532 kB
MemAvailable:    1516900 kB
Buffers:          105856 kB
Cached:          1185036 kB
MemTotal:        1844596 kB
MemFree:          239868 kB
MemAvailable:    1517236 kB
Buffers:          105856 kB
Cached:          1185036 kB
MemTotal:        1844596 kB
MemFree:          237688 kB
MemAvailable:    1515056 kB
Buffers:          105856 kB
Cached:          1185036 kB
MemTotal:        1844596 kB
MemFree:          234960 kB
MemAvailable:    1512328 kB
Buffers:          105856 kB
Cached:          1185036 kB
MemTotal:        1844596 kB
MemFree:          234340 kB
MemAvailable:    1511708 kB
Buffers:          105856 kB
Cached:          1185036 kB
MemTotal:        1844596 kB
MemFree:          228380 kB
MemAvailable:    1505748 kB
Buffers:          105856 kB
Cached:          1185036 kB
MemTotal:        1844596 kB
MemFree:          228504 kB
MemAvailable:    1505872 kB
Buffers:          105856 kB
Cached:          1185036 kB
MemTotal:        1844596 kB
MemFree:          230860 kB
MemAvailable:    1508228 kB
Buffers:          105856 kB
Cached:          1185036 kB
MemTotal:        1844596 kB
MemFree:          230860 kB
MemAvailable:    1508228 kB
Buffers:          105856 kB
Cached:          1185036 kB
MemTotal:        1844596 kB
MemFree:          230872 kB
MemAvailable:    1508240 kB
Buffers:          105856 kB
Cached:          1185036 kB
MemTotal:        1844596 kB
MemFree:          230748 kB
MemAvailable:    1508116 kB
Buffers:          105856 kB
Cached:          1185036 kB
MemTotal:        1844596 kB
MemFree:          229628 kB
MemAvailable:    1506996 kB
Buffers:          105856 kB
Cached:          1185036 kB
MemTotal:        1844596 kB
MemFree:          230352 kB
MemAvailable:    1507720 kB
Buffers:          105856 kB
Cached:          1185036 kB
MemTotal:        1844596 kB
MemFree:          230608 kB
MemAvailable:    1507976 kB
Buffers:          105856 kB
Cached:          1185036 kB
MemTotal:        1844596 kB
MemFree:          230088 kB
MemAvailable:    1507456 kB
Buffers:          105856 kB
Cached:          1185036 kB
MemTotal:        1844596 kB
MemFree:          230000 kB
MemAvailable:    1507368 kB
Buffers:          105856 kB
Cached:          1185036 kB
MemTotal:        1844596 kB
MemFree:          230236 kB
MemAvailable:    1507604 kB
Buffers:          105856 kB
Cached:          1185036 kB
MemTotal:        1844596 kB
MemFree:          230124 kB
MemAvailable:    1507492 kB
Buffers:          105856 kB
Cached:          1185036 kB
MemTotal:        1844596 kB
MemFree:          229380 kB
MemAvailable:    1506748 kB
Buffers:          105856 kB
Cached:          1185036 kB
MemTotal:        1844596 kB
MemFree:          229612 kB
MemAvailable:    1506980 kB
Buffers:          105856 kB
Cached:          1185036 kB
MemTotal:        1844596 kB
MemFree:          229504 kB
MemAvailable:    1506872 kB
Buffers:          105856 kB
Cached:          1185036 kB
MemTotal:        1844596 kB
MemFree:          229492 kB
MemAvailable:    1506860 kB
Buffers:          105856 kB
Cached:          1185036 kB
MemTotal:        1844596 kB
MemFree:          228204 kB
MemAvailable:    1505572 kB
Buffers:          105856 kB
Cached:          1185036 kB
MemTotal:        1844596 kB
MemFree:          227948 kB
MemAvailable:    1505316 kB
Buffers:          105856 kB
Cached:          1185036 kB
MemTotal:        1844596 kB
MemFree:          227816 kB
MemAvailable:    1505184 kB
Buffers:          105856 kB
Cached:          1185036 kB
MemTotal:        1844596 kB
MemFree:          227264 kB
MemAvailable:    1504632 kB
Buffers:          105856 kB
Cached:          1185036 kB
MemTotal:        1844596 kB
MemFree:          227264 kB
MemAvailable:    1504632 kB
Buffers:          105856 kB
Cached:          1185036 kB
MemTotal:        1844596 kB
MemFree:          226900 kB
MemAvailable:    1504268 kB
Buffers:          105856 kB
Cached:          1185036 kB
MemTotal:        1844596 kB
MemFree:          227884 kB
MemAvailable:    1505252 kB
Buffers:          105856 kB
Cached:          1185036 kB
MemTotal:        1844596 kB
MemFree:          227652 kB
MemAvailable:    1505020 kB
Buffers:          105856 kB
Cached:          1185036 kB
MemTotal:        1844596 kB
MemFree:          226604 kB
MemAvailable:    1503972 kB
Buffers:          105856 kB
Cached:          1185036 kB
MemTotal:        1844596 kB
MemFree:          227876 kB
MemAvailable:    1505244 kB
Buffers:          105856 kB
Cached:          1185036 kB
MemTotal:        1844596 kB
MemFree:          227768 kB
MemAvailable:    1505136 kB
Buffers:          105856 kB
Cached:          1185036 kB
MemTotal:        1844596 kB
MemFree:          227896 kB
MemAvailable:    1505264 kB
Buffers:          105856 kB
Cached:          1185036 kB
MemTotal:        1844596 kB
MemFree:          226880 kB
MemAvailable:    1504248 kB
Buffers:          105856 kB
Cached:          1185036 kB
MemTotal:        1844596 kB
MemFree:          226756 kB
MemAvailable:    1504124 kB
Buffers:          105856 kB
Cached:          1185036 kB
MemTotal:        1844596 kB
MemFree:          224296 kB
MemAvailable:    1501664 kB
Buffers:          105856 kB
Cached:          1185036 kB
MemTotal:        1844596 kB
MemFree:          222684 kB
MemAvailable:    1500052 kB
Buffers:          105856 kB
Cached:          1185036 kB
MemTotal:        1844596 kB
MemFree:          221700 kB
MemAvailable:    1499068 kB
Buffers:          105856 kB
Cached:          1185036 kB
MemTotal:        1844596 kB
MemFree:          222428 kB
MemAvailable:    1499796 kB
Buffers:          105856 kB
Cached:          1185036 kB
MemTotal:        1844596 kB
MemFree:          222684 kB
MemAvailable:    1500052 kB
Buffers:          105856 kB
Cached:          1185036 kB
MemTotal:        1844596 kB
MemFree:          222164 kB
MemAvailable:    1499532 kB
Buffers:          105856 kB
Cached:          1185036 kB
MemTotal:        1844596 kB
MemFree:          222416 kB
MemAvailable:    1499784 kB
Buffers:          105856 kB
Cached:          1185036 kB
MemTotal:        1844596 kB
MemFree:          222132 kB
MemAvailable:    1499500 kB
Buffers:          105856 kB
Cached:          1185036 kB
MemTotal:        1844596 kB
MemFree:          222228 kB
MemAvailable:    1499596 kB
Buffers:          105856 kB
Cached:          1185036 kB
MemTotal:        1844596 kB
MemFree:          221052 kB
MemAvailable:    1498420 kB
Buffers:          105856 kB
Cached:          1185036 kB
MemTotal:        1844596 kB
MemFree:          222284 kB
MemAvailable:    1499652 kB
Buffers:          105856 kB
Cached:          1185036 kB
MemTotal:        1844596 kB
MemFree:          221988 kB
MemAvailable:    1499356 kB
Buffers:          105856 kB
Cached:          1185036 kB
MemTotal:        1844596 kB
MemFree:          222240 kB
MemAvailable:    1499608 kB
Buffers:          105856 kB
Cached:          1185036 kB
MemTotal:        1844596 kB
MemFree:          222076 kB
MemAvailable:    1499444 kB
Buffers:          105856 kB
Cached:          1185036 kB
MemTotal:        1844596 kB
MemFree:          221872 kB
MemAvailable:    1499240 kB
Buffers:          105856 kB
Cached:          1185036 kB
MemTotal:        1844596 kB
MemFree:          222124 kB
MemAvailable:    1499492 kB
Buffers:          105856 kB
Cached:          1185036 kB
MemTotal:        1844596 kB
MemFree:          219692 kB
MemAvailable:    1497060 kB
Buffers:          105856 kB
Cached:          1185036 kB
MemTotal:        1844596 kB
MemFree:          219088 kB
MemAvailable:    1496456 kB
Buffers:          105856 kB
Cached:          1185036 kB
MemTotal:        1844596 kB
MemFree:          215368 kB
MemAvailable:    1492736 kB
Buffers:          105856 kB
Cached:          1185036 kB
MemTotal:        1844596 kB
MemFree:          215120 kB
MemAvailable:    1492488 kB
Buffers:          105856 kB
Cached:          1185036 kB
MemTotal:        1844596 kB
MemFree:          214616 kB
MemAvailable:    1491984 kB
Buffers:          105856 kB
Cached:          1185036 kB
MemTotal:        1844596 kB
MemFree:          214112 kB
MemAvailable:    1491480 kB
Buffers:          105856 kB
Cached:          1185036 kB
MemTotal:        1844596 kB
MemFree:          214112 kB
MemAvailable:    1491480 kB
Buffers:          105856 kB
Cached:          1185036 kB
MemTotal:        1844596 kB
MemFree:          212516 kB
MemAvailable:    1489884 kB
Buffers:          105856 kB
Cached:          1185036 kB
MemTotal:        1844596 kB
MemFree:          213568 kB
MemAvailable:    1490936 kB
Buffers:          105856 kB
Cached:          1185036 kB
MemTotal:        1844596 kB
MemFree:          212344 kB
MemAvailable:    1489712 kB
Buffers:          105856 kB
Cached:          1185036 kB
MemTotal:        1844596 kB
MemFree:          212088 kB
MemAvailable:    1489456 kB
Buffers:          105856 kB
Cached:          1185036 kB
MemTotal:        1844596 kB
MemFree:          213188 kB
MemAvailable:    1490556 kB
Buffers:          105856 kB
Cached:          1185036 kB
MemTotal:        1844596 kB
MemFree:          213260 kB
MemAvailable:    1490628 kB
Buffers:          105856 kB
Cached:          1185036 kB
MemTotal:        1844596 kB
MemFree:          213300 kB
MemAvailable:    1490668 kB
Buffers:          105856 kB
Cached:          1185036 kB
MemTotal:        1844596 kB
MemFree:          213260 kB
MemAvailable:    1490628 kB
Buffers:          105856 kB
Cached:          1185036 kB
MemTotal:        1844596 kB
MemFree:          212524 kB
MemAvailable:    1489892 kB
Buffers:          105856 kB
Cached:          1185036 kB
MemTotal:        1844596 kB
MemFree:          213120 kB
MemAvailable:    1490488 kB
Buffers:          105856 kB
Cached:          1185036 kB
MemTotal:        1844596 kB
MemFree:          213456 kB
MemAvailable:    1490824 kB
Buffers:          105856 kB
Cached:          1185036 kB
MemTotal:        1844596 kB
MemFree:          212136 kB
MemAvailable:    1489504 kB
Buffers:          105856 kB
Cached:          1185036 kB
MemTotal:        1844596 kB
MemFree:          212096 kB
MemAvailable:    1489464 kB
Buffers:          105856 kB
Cached:          1185036 kB
MemTotal:        1844596 kB
MemFree:          212344 kB
MemAvailable:    1489712 kB
Buffers:          105856 kB
Cached:          1185036 kB
MemTotal:        1844596 kB
MemFree:          212012 kB
MemAvailable:    1489380 kB
Buffers:          105856 kB
Cached:          1185036 kB
MemTotal:        1844596 kB
MemFree:          213112 kB
MemAvailable:    1490480 kB
Buffers:          105856 kB
Cached:          1185036 kB
MemTotal:        1844596 kB
MemFree:          213112 kB
MemAvailable:    1490480 kB
Buffers:          105856 kB
Cached:          1185036 kB
MemTotal:        1844596 kB
MemFree:          212892 kB
MemAvailable:    1490260 kB
Buffers:          105856 kB
Cached:          1185036 kB
MemTotal:        1844596 kB
MemFree:          212928 kB
MemAvailable:    1490296 kB
Buffers:          105856 kB
Cached:          1185036 kB
MemTotal:        1844596 kB
MemFree:          212028 kB
MemAvailable:    1489396 kB
Buffers:          105856 kB
Cached:          1185036 kB
MemTotal:        1844596 kB
MemFree:          210648 kB
MemAvailable:    1488016 kB
Buffers:          105856 kB
Cached:          1185036 kB
MemTotal:        1844596 kB
MemFree:          210648 kB
MemAvailable:    1488016 kB
Buffers:          105856 kB
Cached:          1185036 kB
MemTotal:        1844596 kB
MemFree:          206316 kB
MemAvailable:    1483684 kB
Buffers:          105856 kB
Cached:          1185036 kB
MemTotal:        1844596 kB
MemFree:          204828 kB
MemAvailable:    1482196 kB
Buffers:          105856 kB
Cached:          1185036 kB
MemTotal:        1844596 kB
MemFree:          203456 kB
MemAvailable:    1480824 kB
Buffers:          105856 kB
Cached:          1185036 kB
MemTotal:        1844596 kB
MemFree:          204624 kB
MemAvailable:    1481992 kB
Buffers:          105856 kB
Cached:          1185036 kB
MemTotal:        1844596 kB
MemFree:          203456 kB
MemAvailable:    1480824 kB
Buffers:          105856 kB
Cached:          1185036 kB
MemTotal:        1844596 kB
MemFree:          203324 kB
MemAvailable:    1480692 kB
Buffers:          105856 kB
Cached:          1185036 kB
MemTotal:        1844596 kB
MemFree:          203044 kB
MemAvailable:    1480412 kB
Buffers:          105856 kB
Cached:          1185036 kB
MemTotal:        1844596 kB
MemFree:          204276 kB
MemAvailable:    1481644 kB
Buffers:          105856 kB
Cached:          1185036 kB
MemTotal:        1844596 kB
MemFree:          204344 kB
MemAvailable:    1481712 kB
Buffers:          105856 kB
Cached:          1185036 kB
MemTotal:        1844596 kB
MemFree:          204404 kB
MemAvailable:    1481772 kB
Buffers:          105856 kB
Cached:          1185036 kB
MemTotal:        1844596 kB
MemFree:          204448 kB
MemAvailable:    1481816 kB
Buffers:          105856 kB
Cached:          1185036 kB
MemTotal:        1844596 kB
MemFree:          204304 kB
MemAvailable:    1481672 kB
Buffers:          105856 kB
Cached:          1185036 kB
MemTotal:        1844596 kB
MemFree:          204556 kB
MemAvailable:    1481924 kB
Buffers:          105856 kB
Cached:          1185036 kB
MemTotal:        1844596 kB
MemFree:          202912 kB
MemAvailable:    1480280 kB
Buffers:          105856 kB
Cached:          1185036 kB
MemTotal:        1844596 kB
MemFree:          204212 kB
MemAvailable:    1481580 kB
Buffers:          105856 kB
Cached:          1185036 kB
MemTotal:        1844596 kB
MemFree:          203032 kB
MemAvailable:    1480400 kB
Buffers:          105856 kB
Cached:          1185036 kB
MemTotal:        1844596 kB
MemFree:          204264 kB
MemAvailable:    1481632 kB
Buffers:          105856 kB
Cached:          1185036 kB
MemTotal:        1844596 kB
MemFree:          203156 kB
MemAvailable:    1480524 kB
Buffers:          105856 kB
Cached:          1185036 kB
MemTotal:        1844596 kB
MemFree:          202968 kB
MemAvailable:    1480348 kB
Buffers:          105856 kB
Cached:          1185048 kB
MemTotal:        1844596 kB
MemFree:          203092 kB
MemAvailable:    1480472 kB
Buffers:          105856 kB
Cached:          1185048 kB
MemTotal:        1844596 kB
MemFree:          203052 kB
MemAvailable:    1480432 kB
Buffers:          105856 kB
Cached:          1185048 kB
MemTotal:        1844596 kB
MemFree:          202912 kB
MemAvailable:    1480292 kB
Buffers:          105856 kB
Cached:          1185048 kB
MemTotal:        1844596 kB
MemFree:          204220 kB
MemAvailable:    1481600 kB
Buffers:          105856 kB
Cached:          1185048 kB
MemTotal:        1844596 kB
MemFree:          204340 kB
MemAvailable:    1481720 kB
Buffers:          105856 kB
Cached:          1185048 kB
MemTotal:        1844596 kB
MemFree:          202944 kB
MemAvailable:    1480324 kB
Buffers:          105856 kB
Cached:          1185048 kB
MemTotal:        1844596 kB
MemFree:          204392 kB
MemAvailable:    1481772 kB
Buffers:          105856 kB
Cached:          1185048 kB
MemTotal:        1844596 kB
MemFree:          204372 kB
MemAvailable:    1481752 kB
Buffers:          105856 kB
Cached:          1185048 kB
MemTotal:        1844596 kB
MemFree:          203040 kB
MemAvailable:    1480420 kB
Buffers:          105856 kB
Cached:          1185048 kB
MemTotal:        1844596 kB
MemFree:          203448 kB
MemAvailable:    1480828 kB
Buffers:          105860 kB
Cached:          1185044 kB
MemTotal:        1844596 kB
MemFree:          204112 kB
MemAvailable:    1481492 kB
Buffers:          105860 kB
Cached:          1185044 kB
MemTotal:        1844596 kB
MemFree:          204448 kB
MemAvailable:    1481828 kB
Buffers:          105860 kB
Cached:          1185044 kB
MemTotal:        1844596 kB
MemFree:          202912 kB
MemAvailable:    1480292 kB
Buffers:          105860 kB
Cached:          1185044 kB
MemTotal:        1844596 kB
MemFree:          204320 kB
MemAvailable:    1481700 kB
Buffers:          105860 kB
Cached:          1185044 kB
MemTotal:        1844596 kB
MemFree:          203596 kB
MemAvailable:    1480976 kB
Buffers:          105860 kB
Cached:          1185044 kB
MemTotal:        1844596 kB
MemFree:          204324 kB
MemAvailable:    1481704 kB
Buffers:          105860 kB
Cached:          1185044 kB
MemTotal:        1844596 kB
MemFree:          204452 kB
MemAvailable:    1481832 kB
Buffers:          105860 kB
Cached:          1185044 kB
MemTotal:        1844596 kB
MemFree:          202836 kB
MemAvailable:    1480216 kB
Buffers:          105860 kB
Cached:          1185044 kB
MemTotal:        1844596 kB
MemFree:          202960 kB
MemAvailable:    1480340 kB
Buffers:          105860 kB
Cached:          1185044 kB
MemTotal:        1844596 kB
MemFree:          201852 kB
MemAvailable:    1479232 kB
Buffers:          105860 kB
Cached:          1185044 kB
MemTotal:        1844596 kB
MemFree:          197752 kB
MemAvailable:    1475132 kB
Buffers:          105860 kB
Cached:          1185044 kB
MemTotal:        1844596 kB
MemFree:          195404 kB
MemAvailable:    1472784 kB
Buffers:          105860 kB
Cached:          1185044 kB
MemTotal:        1844596 kB
MemFree:          193960 kB
MemAvailable:    1471340 kB
Buffers:          105860 kB
Cached:          1185044 kB
MemTotal:        1844596 kB
MemFree:          192676 kB
MemAvailable:    1470056 kB
Buffers:          105860 kB
Cached:          1185044 kB
MemTotal:        1844596 kB
MemFree:          193668 kB
MemAvailable:    1471048 kB
Buffers:          105860 kB
Cached:          1185044 kB
MemTotal:        1844596 kB
MemFree:          192428 kB
MemAvailable:    1469808 kB
Buffers:          105860 kB
Cached:          1185044 kB
MemTotal:        1844596 kB
MemFree:          193544 kB
MemAvailable:    1470924 kB
Buffers:          105860 kB
Cached:          1185044 kB
MemTotal:        1844596 kB
MemFree:          193432 kB
MemAvailable:    1470812 kB
Buffers:          105860 kB
Cached:          1185044 kB
MemTotal:        1844596 kB
MemFree:          193468 kB
MemAvailable:    1470848 kB
Buffers:          105860 kB
Cached:          1185044 kB
MemTotal:        1844596 kB
MemFree:          193348 kB
MemAvailable:    1470728 kB
Buffers:          105860 kB
Cached:          1185044 kB
MemTotal:        1844596 kB
MemFree:          193516 kB
MemAvailable:    1470896 kB
Buffers:          105860 kB
Cached:          1185044 kB
MemTotal:        1844596 kB
MemFree:          193352 kB
MemAvailable:    1470732 kB
Buffers:          105860 kB
Cached:          1185044 kB
MemTotal:        1844596 kB
MemFree:          193520 kB
MemAvailable:    1470900 kB
Buffers:          105860 kB
Cached:          1185044 kB
MemTotal:        1844596 kB
MemFree:          193352 kB
MemAvailable:    1470732 kB
Buffers:          105860 kB
Cached:          1185044 kB
MemTotal:        1844596 kB
MemFree:          193296 kB
MemAvailable:    1470676 kB
Buffers:          105860 kB
Cached:          1185044 kB
MemTotal:        1844596 kB
MemFree:          193352 kB
MemAvailable:    1470732 kB
Buffers:          105860 kB
Cached:          1185044 kB
MemTotal:        1844596 kB
MemFree:          193296 kB
MemAvailable:    1470676 kB
Buffers:          105860 kB
Cached:          1185044 kB
MemTotal:        1844596 kB
MemFree:          193268 kB
MemAvailable:    1470648 kB
Buffers:          105860 kB
Cached:          1185044 kB
MemTotal:        1844596 kB
MemFree:          193604 kB
MemAvailable:    1470984 kB
Buffers:          105860 kB
Cached:          1185044 kB
MemTotal:        1844596 kB
MemFree:          193360 kB
MemAvailable:    1470740 kB
Buffers:          105860 kB
Cached:          1185044 kB
MemTotal:        1844596 kB
MemFree:          193456 kB
MemAvailable:    1470836 kB
Buffers:          105860 kB
Cached:          1185044 kB
MemTotal:        1844596 kB
MemFree:          193380 kB
MemAvailable:    1470760 kB
Buffers:          105860 kB
Cached:          1185044 kB
MemTotal:        1844596 kB
MemFree:          192676 kB
MemAvailable:    1470056 kB
Buffers:          105860 kB
Cached:          1185044 kB
MemTotal:        1844596 kB
MemFree:          193408 kB
MemAvailable:    1470788 kB
Buffers:          105860 kB
Cached:          1185044 kB
MemTotal:        1844596 kB
MemFree:          192036 kB
MemAvailable:    1469416 kB
Buffers:          105860 kB
Cached:          1185044 kB
MemTotal:        1844596 kB
MemFree:          193280 kB
MemAvailable:    1470660 kB
Buffers:          105860 kB
Cached:          1185044 kB
MemTotal:        1844596 kB
MemFree:          193280 kB
MemAvailable:    1470660 kB
Buffers:          105860 kB
Cached:          1185044 kB
MemTotal:        1844596 kB
MemFree:          193292 kB
MemAvailable:    1470672 kB
Buffers:          105860 kB
Cached:          1185044 kB
MemTotal:        1844596 kB
MemFree:          192160 kB
MemAvailable:    1469540 kB
Buffers:          105860 kB
Cached:          1185044 kB
MemTotal:        1844596 kB
MemFree:          192600 kB
MemAvailable:    1469980 kB
Buffers:          105860 kB
Cached:          1185044 kB
MemTotal:        1844596 kB
MemFree:          191860 kB
MemAvailable:    1469240 kB
Buffers:          105860 kB
Cached:          1185044 kB
MemTotal:        1844596 kB
MemFree:          192056 kB
MemAvailable:    1469436 kB
Buffers:          105860 kB
Cached:          1185044 kB
MemTotal:        1844596 kB
MemFree:          192008 kB
MemAvailable:    1469388 kB
Buffers:          105860 kB
Cached:          1185044 kB
MemTotal:        1844596 kB
MemFree:          193288 kB
MemAvailable:    1470668 kB
Buffers:          105860 kB
Cached:          1185044 kB
MemTotal:        1844596 kB
MemFree:          193624 kB
MemAvailable:    1471004 kB
Buffers:          105860 kB
Cached:          1185044 kB
MemTotal:        1844596 kB
MemFree:          193108 kB
MemAvailable:    1470488 kB
Buffers:          105860 kB
Cached:          1185044 kB
MemTotal:        1844596 kB
MemFree:          192924 kB
MemAvailable:    1470304 kB
Buffers:          105860 kB
Cached:          1185044 kB
MemTotal:        1844596 kB
MemFree:          193588 kB
MemAvailable:    1470968 kB
Buffers:          105860 kB
Cached:          1185044 kB
MemTotal:        1844596 kB
MemFree:          193620 kB
MemAvailable:    1471000 kB
Buffers:          105860 kB
Cached:          1185044 kB
MemTotal:        1844596 kB
MemFree:          193324 kB
MemAvailable:    1470704 kB
Buffers:          105860 kB
Cached:          1185044 kB
MemTotal:        1844596 kB
MemFree:          193408 kB
MemAvailable:    1470788 kB
Buffers:          105860 kB
Cached:          1185044 kB
MemTotal:        1844596 kB
MemFree:          193216 kB
MemAvailable:    1470596 kB
Buffers:          105860 kB
Cached:          1185044 kB
MemTotal:        1844596 kB
MemFree:          193172 kB
MemAvailable:    1470552 kB
Buffers:          105860 kB
Cached:          1185044 kB
MemTotal:        1844596 kB
MemFree:          192000 kB
MemAvailable:    1469380 kB
Buffers:          105860 kB
Cached:          1185044 kB
MemTotal:        1844596 kB
MemFree:          193300 kB
MemAvailable:    1470680 kB
Buffers:          105860 kB
Cached:          1185044 kB
MemTotal:        1844596 kB
MemFree:          192160 kB
MemAvailable:    1469540 kB
Buffers:          105860 kB
Cached:          1185044 kB
MemTotal:        1844596 kB
MemFree:          193352 kB
MemAvailable:    1470732 kB
Buffers:          105860 kB
Cached:          1185044 kB
MemTotal:        1844596 kB
MemFree:          193352 kB
MemAvailable:    1470732 kB
Buffers:          105860 kB
Cached:          1185044 kB
MemTotal:        1844596 kB
MemFree:          193412 kB
MemAvailable:    1470792 kB
Buffers:          105860 kB
Cached:          1185044 kB
MemTotal:        1844596 kB
MemFree:          193180 kB
MemAvailable:    1470560 kB
Buffers:          105860 kB
Cached:          1185044 kB
MemTotal:        1844596 kB
MemFree:          193300 kB
MemAvailable:    1470680 kB
Buffers:          105860 kB
Cached:          1185044 kB
MemTotal:        1844596 kB
MemFree:          192044 kB
MemAvailable:    1469424 kB
Buffers:          105860 kB
Cached:          1185044 kB
MemTotal:        1844596 kB
MemFree:          193032 kB
MemAvailable:    1470412 kB
Buffers:          105860 kB
Cached:          1185044 kB
MemTotal:        1844596 kB
MemFree:          192784 kB
MemAvailable:    1470164 kB
Buffers:          105860 kB
Cached:          1185044 kB
MemTotal:        1844596 kB
MemFree:          191368 kB
MemAvailable:    1468748 kB
Buffers:          105860 kB
Cached:          1185044 kB
MemTotal:        1844596 kB
MemFree:          192600 kB
MemAvailable:    1469980 kB
Buffers:          105860 kB
Cached:          1185044 kB
MemTotal:        1844596 kB
MemFree:          192648 kB
MemAvailable:    1470040 kB
Buffers:          105860 kB
Cached:          1185056 kB
MemTotal:        1844596 kB
MemFree:          191312 kB
MemAvailable:    1468704 kB
Buffers:          105860 kB
Cached:          1185056 kB
MemTotal:        1844596 kB
MemFree:          192132 kB
MemAvailable:    1469528 kB
Buffers:          105860 kB
Cached:          1185060 kB
MemTotal:        1844596 kB
MemFree:          192064 kB
MemAvailable:    1469460 kB
Buffers:          105860 kB
Cached:          1185060 kB
MemTotal:        1844596 kB
MemFree:          191868 kB
MemAvailable:    1469264 kB
Buffers:          105860 kB
Cached:          1185060 kB
MemTotal:        1844596 kB
MemFree:          192204 kB
MemAvailable:    1469600 kB
Buffers:          105860 kB
Cached:          1185060 kB
MemTotal:        1844596 kB
MemFree:          191988 kB
MemAvailable:    1469384 kB
Buffers:          105860 kB
Cached:          1185060 kB
MemTotal:        1844596 kB
MemFree:          192240 kB
MemAvailable:    1469636 kB
Buffers:          105860 kB
Cached:          1185060 kB
MemTotal:        1844596 kB
MemFree:          192036 kB
MemAvailable:    1469432 kB
Buffers:          105860 kB
Cached:          1185060 kB
MemTotal:        1844596 kB
MemFree:          191816 kB
MemAvailable:    1469212 kB
Buffers:          105860 kB
Cached:          1185060 kB
MemTotal:        1844596 kB
MemFree:          191852 kB
MemAvailable:    1469248 kB
Buffers:          105860 kB
Cached:          1185060 kB
MemTotal:        1844596 kB
MemFree:          191812 kB
MemAvailable:    1469208 kB
Buffers:          105860 kB
Cached:          1185060 kB
MemTotal:        1844596 kB
MemFree:          190424 kB
MemAvailable:    1467820 kB
Buffers:          105860 kB
Cached:          1185060 kB
MemTotal:        1844596 kB
MemFree:          190544 kB
MemAvailable:    1467940 kB
Buffers:          105860 kB
Cached:          1185060 kB
MemTotal:        1844596 kB
MemFree:          191668 kB
MemAvailable:    1469064 kB
Buffers:          105860 kB
Cached:          1185060 kB
MemTotal:        1844596 kB
MemFree:          191684 kB
MemAvailable:    1469080 kB
Buffers:          105860 kB
Cached:          1185060 kB
MemTotal:        1844596 kB
MemFree:          190556 kB
MemAvailable:    1467952 kB
Buffers:          105860 kB
Cached:          1185060 kB
MemTotal:        1844596 kB
MemFree:          190680 kB
MemAvailable:    1468076 kB
Buffers:          105860 kB
Cached:          1185060 kB
MemTotal:        1844596 kB
MemFree:          190680 kB
MemAvailable:    1468076 kB
Buffers:          105860 kB
Cached:          1185060 kB
MemTotal:        1844596 kB
MemFree:          191488 kB
MemAvailable:    1468884 kB
Buffers:          105860 kB
Cached:          1185060 kB
MemTotal:        1844596 kB
MemFree:          190388 kB
MemAvailable:    1467784 kB
Buffers:          105860 kB
Cached:          1185060 kB
MemTotal:        1844596 kB
MemFree:          191880 kB
MemAvailable:    1469276 kB
Buffers:          105860 kB
Cached:          1185060 kB
MemTotal:        1844596 kB
MemFree:          191600 kB
MemAvailable:    1468996 kB
Buffers:          105860 kB
Cached:          1185060 kB
MemTotal:        1844596 kB
MemFree:          190548 kB
MemAvailable:    1467944 kB
Buffers:          105860 kB
Cached:          1185060 kB
MemTotal:        1844596 kB
MemFree:          189080 kB
MemAvailable:    1466476 kB
Buffers:          105860 kB
Cached:          1185060 kB
MemTotal:        1844596 kB
MemFree:          185908 kB
MemAvailable:    1463304 kB
Buffers:          105860 kB
Cached:          1185060 kB
MemTotal:        1844596 kB
MemFree:          181392 kB
MemAvailable:    1458788 kB
Buffers:          105860 kB
Cached:          1185060 kB
MemTotal:        1844596 kB
MemFree:          179904 kB
MemAvailable:    1457300 kB
Buffers:          105860 kB
Cached:          1185060 kB
MemTotal:        1844596 kB
MemFree:          179408 kB
MemAvailable:    1456804 kB
Buffers:          105860 kB
Cached:          1185060 kB
MemTotal:        1844596 kB
MemFree:          179532 kB
MemAvailable:    1456928 kB
Buffers:          105860 kB
Cached:          1185060 kB
MemTotal:        1844596 kB
MemFree:          180460 kB
MemAvailable:    1457856 kB
Buffers:          105860 kB
Cached:          1185060 kB
MemTotal:        1844596 kB
MemFree:          179036 kB
MemAvailable:    1456432 kB
Buffers:          105860 kB
Cached:          1185060 kB
MemTotal:        1844596 kB
MemFree:          179656 kB
MemAvailable:    1457052 kB
Buffers:          105860 kB
Cached:          1185060 kB
MemTotal:        1844596 kB
MemFree:          179720 kB
MemAvailable:    1457116 kB
Buffers:          105860 kB
Cached:          1185060 kB
MemTotal:        1844596 kB
MemFree:          178368 kB
MemAvailable:    1455764 kB
Buffers:          105860 kB
Cached:          1185060 kB
MemTotal:        1844596 kB
MemFree:          177556 kB
MemAvailable:    1454952 kB
Buffers:          105860 kB
Cached:          1185060 kB
MemTotal:        1844596 kB
MemFree:          177972 kB
MemAvailable:    1455368 kB
Buffers:          105860 kB
Cached:          1185060 kB
MemTotal:        1844596 kB
MemFree:          177424 kB
MemAvailable:    1454820 kB
Buffers:          105860 kB
Cached:          1185060 kB
MemTotal:        1844596 kB
MemFree:          177052 kB
MemAvailable:    1454448 kB
Buffers:          105860 kB
Cached:          1185060 kB
MemTotal:        1844596 kB
MemFree:          175556 kB
MemAvailable:    1452952 kB
Buffers:          105860 kB
Cached:          1185060 kB
MemTotal:        1844596 kB
MemFree:          176620 kB
MemAvailable:    1454016 kB
Buffers:          105860 kB
Cached:          1185060 kB
MemTotal:        1844596 kB
MemFree:          176788 kB
MemAvailable:    1454184 kB
Buffers:          105860 kB
Cached:          1185060 kB
MemTotal:        1844596 kB
MemFree:          175168 kB
MemAvailable:    1452564 kB
Buffers:          105860 kB
Cached:          1185060 kB
MemTotal:        1844596 kB
MemFree:          175292 kB
MemAvailable:    1452688 kB
Buffers:          105860 kB
Cached:          1185060 kB
MemTotal:        1844596 kB
MemFree:          176592 kB
MemAvailable:    1453988 kB
Buffers:          105860 kB
Cached:          1185060 kB
MemTotal:        1844596 kB
MemFree:          176668 kB
MemAvailable:    1454064 kB
Buffers:          105860 kB
Cached:          1185060 kB
MemTotal:        1844596 kB
MemFree:          176476 kB
MemAvailable:    1453872 kB
Buffers:          105860 kB
Cached:          1185060 kB
MemTotal:        1844596 kB
MemFree:          176644 kB
MemAvailable:    1454040 kB
Buffers:          105860 kB
Cached:          1185060 kB
MemTotal:        1844596 kB
MemFree:          176584 kB
MemAvailable:    1453980 kB
Buffers:          105860 kB
Cached:          1185060 kB
MemTotal:        1844596 kB
MemFree:          176184 kB
MemAvailable:    1453580 kB
Buffers:          105860 kB
Cached:          1185060 kB
MemTotal:        1844596 kB
MemFree:          175260 kB
MemAvailable:    1452656 kB
Buffers:          105860 kB
Cached:          1185060 kB
MemTotal:        1844596 kB
MemFree:          175920 kB
MemAvailable:    1453316 kB
Buffers:          105860 kB
Cached:          1185060 kB
MemTotal:        1844596 kB
MemFree:          176004 kB
MemAvailable:    1453400 kB
Buffers:          105860 kB
Cached:          1185060 kB
MemTotal:        1844596 kB
MemFree:          175540 kB
MemAvailable:    1452936 kB
Buffers:          105860 kB
Cached:          1185060 kB
MemTotal:        1844596 kB
MemFree:          175324 kB
MemAvailable:    1452720 kB
Buffers:          105860 kB
Cached:          1185060 kB
MemTotal:        1844596 kB
MemFree:          173580 kB
MemAvailable:    1450976 kB
Buffers:          105860 kB
Cached:          1185060 kB
MemTotal:        1844596 kB
MemFree:          174556 kB
MemAvailable:    1451952 kB
Buffers:          105860 kB
Cached:          1185060 kB
MemTotal:        1844596 kB
MemFree:          174640 kB
MemAvailable:    1452036 kB
Buffers:          105860 kB
Cached:          1185060 kB
MemTotal:        1844596 kB
MemFree:          174076 kB
MemAvailable:    1451472 kB
Buffers:          105860 kB
Cached:          1185060 kB
MemTotal:        1844596 kB
MemFree:          173820 kB
MemAvailable:    1451216 kB
Buffers:          105860 kB
Cached:          1185060 kB
MemTotal:        1844596 kB
MemFree:          173192 kB
MemAvailable:    1450588 kB
Buffers:          105860 kB
Cached:          1185060 kB
MemTotal:        1844596 kB
MemFree:          173528 kB
MemAvailable:    1450924 kB
Buffers:          105860 kB
Cached:          1185060 kB
MemTotal:        1844596 kB
MemFree:          171836 kB
MemAvailable:    1449232 kB
Buffers:          105860 kB
Cached:          1185060 kB
MemTotal:        1844596 kB
MemFree:          173200 kB
MemAvailable:    1450596 kB
Buffers:          105860 kB
Cached:          1185060 kB
MemTotal:        1844596 kB
MemFree:          172672 kB
MemAvailable:    1450068 kB
Buffers:          105860 kB
Cached:          1185060 kB
MemTotal:        1844596 kB
MemFree:          171472 kB
MemAvailable:    1448868 kB
Buffers:          105860 kB
Cached:          1185060 kB
MemTotal:        1844596 kB
MemFree:          172652 kB
MemAvailable:    1450048 kB
Buffers:          105860 kB
Cached:          1185060 kB
MemTotal:        1844596 kB
MemFree:          172524 kB
MemAvailable:    1449920 kB
Buffers:          105860 kB
Cached:          1185060 kB
MemTotal:        1844596 kB
MemFree:          171728 kB
MemAvailable:    1449124 kB
Buffers:          105860 kB
Cached:          1185060 kB
MemTotal:        1844596 kB
MemFree:          172572 kB
MemAvailable:    1449976 kB
Buffers:          105860 kB
Cached:          1185068 kB
MemTotal:        1844596 kB
MemFree:          172464 kB
MemAvailable:    1449868 kB
Buffers:          105860 kB
Cached:          1185068 kB
MemTotal:        1844596 kB
MemFree:          172336 kB
MemAvailable:    1449740 kB
Buffers:          105860 kB
Cached:          1185068 kB
MemTotal:        1844596 kB
MemFree:          171168 kB
MemAvailable:    1448572 kB
Buffers:          105860 kB
Cached:          1185068 kB
MemTotal:        1844596 kB
MemFree:          171292 kB
MemAvailable:    1448696 kB
Buffers:          105860 kB
Cached:          1185068 kB
MemTotal:        1844596 kB
MemFree:          172560 kB
MemAvailable:    1449964 kB
Buffers:          105860 kB
Cached:          1185068 kB
MemTotal:        1844596 kB
MemFree:          172644 kB
MemAvailable:    1450048 kB
Buffers:          105860 kB
Cached:          1185068 kB
MemTotal:        1844596 kB
MemFree:          171100 kB
MemAvailable:    1448504 kB
Buffers:          105860 kB
Cached:          1185068 kB
MemTotal:        1844596 kB
MemFree:          171472 kB
MemAvailable:    1448876 kB
Buffers:          105860 kB
Cached:          1185068 kB
MemTotal:        1844596 kB
MemFree:          171224 kB
MemAvailable:    1448628 kB
Buffers:          105860 kB
Cached:          1185068 kB
MemTotal:        1844596 kB
MemFree:          171348 kB
MemAvailable:    1448752 kB
Buffers:          105860 kB
Cached:          1185068 kB
MemTotal:        1844596 kB
MemFree:          172580 kB
MemAvailable:    1449984 kB
Buffers:          105860 kB
Cached:          1185068 kB
MemTotal:        1844596 kB
MemFree:          171084 kB
MemAvailable:    1448488 kB
Buffers:          105860 kB
Cached:          1185068 kB
MemTotal:        1844596 kB
MemFree:          172324 kB
MemAvailable:    1449728 kB
Buffers:          105860 kB
Cached:          1185068 kB
MemTotal:        1844596 kB
MemFree:          172212 kB
MemAvailable:    1449616 kB
Buffers:          105860 kB
Cached:          1185068 kB
MemTotal:        1844596 kB
MemFree:          171080 kB
MemAvailable:    1448484 kB
Buffers:          105860 kB
Cached:          1185068 kB
MemTotal:        1844596 kB
MemFree:          172396 kB
MemAvailable:    1449800 kB
Buffers:          105860 kB
Cached:          1185068 kB
MemTotal:        1844596 kB
MemFree:          172176 kB
MemAvailable:    1449580 kB
Buffers:          105860 kB
Cached:          1185068 kB
MemTotal:        1844596 kB
MemFree:          172428 kB
MemAvailable:    1449832 kB
Buffers:          105860 kB
Cached:          1185068 kB
MemTotal:        1844596 kB
MemFree:          170944 kB
MemAvailable:    1448348 kB
Buffers:          105860 kB
Cached:          1185068 kB
MemTotal:        1844596 kB
MemFree:          172392 kB
MemAvailable:    1449796 kB
Buffers:          105860 kB
Cached:          1185068 kB
MemTotal:        1844596 kB
MemFree:          170960 kB
MemAvailable:    1448364 kB
Buffers:          105860 kB
Cached:          1185068 kB
MemTotal:        1844596 kB
MemFree:          170232 kB
MemAvailable:    1447636 kB
Buffers:          105860 kB
Cached:          1185068 kB
MemTotal:        1844596 kB
MemFree:          169600 kB
MemAvailable:    1447004 kB
Buffers:          105860 kB
Cached:          1185068 kB
MemTotal:        1844596 kB
MemFree:          169848 kB
MemAvailable:    1447252 kB
Buffers:          105860 kB
Cached:          1185068 kB
MemTotal:        1844596 kB
MemFree:          169848 kB
MemAvailable:    1447252 kB
Buffers:          105860 kB
Cached:          1185068 kB
MemTotal:        1844596 kB
MemFree:          169116 kB
MemAvailable:    1446520 kB
Buffers:          105860 kB
Cached:          1185068 kB
MemTotal:        1844596 kB
MemFree:          168868 kB
MemAvailable:    1446272 kB
Buffers:          105860 kB
Cached:          1185068 kB
MemTotal:        1844596 kB
MemFree:          164016 kB
MemAvailable:    1441420 kB
Buffers:          105860 kB
Cached:          1185068 kB
MemTotal:        1844596 kB
MemFree:          163908 kB
MemAvailable:    1441312 kB
Buffers:          105860 kB
Cached:          1185068 kB
MemTotal:        1844596 kB
MemFree:          159692 kB
MemAvailable:    1437096 kB
Buffers:          105860 kB
Cached:          1185068 kB
MemTotal:        1844596 kB
MemFree:          156716 kB
MemAvailable:    1434120 kB
Buffers:          105860 kB
Cached:          1185068 kB
MemTotal:        1844596 kB
MemFree:          153616 kB
MemAvailable:    1431020 kB
Buffers:          105860 kB
Cached:          1185068 kB
MemTotal:        1844596 kB
MemFree:          154104 kB
MemAvailable:    1431508 kB
Buffers:          105860 kB
Cached:          1185068 kB
MemTotal:        1844596 kB
MemFree:          153856 kB
MemAvailable:    1431260 kB
Buffers:          105860 kB
Cached:          1185068 kB
MemTotal:        1844596 kB
MemFree:          152568 kB
MemAvailable:    1429972 kB
Buffers:          105860 kB
Cached:          1185068 kB
MemTotal:        1844596 kB
MemFree:          152692 kB
MemAvailable:    1430096 kB
Buffers:          105860 kB
Cached:          1185068 kB
MemTotal:        1844596 kB
MemFree:          153744 kB
MemAvailable:    1431148 kB
Buffers:          105860 kB
Cached:          1185068 kB
MemTotal:        1844596 kB
MemFree:          153612 kB
MemAvailable:    1431016 kB
Buffers:          105860 kB
Cached:          1185068 kB
MemTotal:        1844596 kB
MemFree:          152880 kB
MemAvailable:    1430284 kB
Buffers:          105860 kB
Cached:          1185068 kB
MemTotal:        1844596 kB
MemFree:          152376 kB
MemAvailable:    1429780 kB
Buffers:          105860 kB
Cached:          1185068 kB
MemTotal:        1844596 kB
MemFree:          153568 kB
MemAvailable:    1430972 kB
Buffers:          105860 kB
Cached:          1185068 kB
MemTotal:        1844596 kB
MemFree:          153624 kB
MemAvailable:    1431028 kB
Buffers:          105860 kB
Cached:          1185068 kB
MemTotal:        1844596 kB
MemFree:          152220 kB
MemAvailable:    1429624 kB
Buffers:          105860 kB
Cached:          1185068 kB
MemTotal:        1844596 kB
MemFree:          153288 kB
MemAvailable:    1430692 kB
Buffers:          105860 kB
Cached:          1185068 kB
MemTotal:        1844596 kB
MemFree:          153624 kB
MemAvailable:    1431028 kB
Buffers:          105860 kB
Cached:          1185068 kB
MemTotal:        1844596 kB
MemFree:          151756 kB
MemAvailable:    1429160 kB
Buffers:          105860 kB
Cached:          1185068 kB
MemTotal:        1844596 kB
MemFree:          152856 kB
MemAvailable:    1430260 kB
Buffers:          105860 kB
Cached:          1185068 kB
MemTotal:        1844596 kB
MemFree:          152940 kB
MemAvailable:    1430344 kB
Buffers:          105860 kB
Cached:          1185068 kB
MemTotal:        1844596 kB
MemFree:          152736 kB
MemAvailable:    1430140 kB
Buffers:          105860 kB
Cached:          1185068 kB
MemTotal:        1844596 kB
MemFree:          150996 kB
MemAvailable:    1428400 kB
Buffers:          105860 kB
Cached:          1185068 kB
MemTotal:        1844596 kB
MemFree:          152832 kB
MemAvailable:    1430236 kB
Buffers:          105860 kB
Cached:          1185068 kB
MemTotal:        1844596 kB
MemFree:          152548 kB
MemAvailable:    1429952 kB
Buffers:          105860 kB
Cached:          1185068 kB
MemTotal:        1844596 kB
MemFree:          151580 kB
MemAvailable:    1428984 kB
Buffers:          105860 kB
Cached:          1185068 kB
MemTotal:        1844596 kB
MemFree:          152564 kB
MemAvailable:    1429968 kB
Buffers:          105860 kB
Cached:          1185068 kB
MemTotal:        1844596 kB
MemFree:          151616 kB
MemAvailable:    1429020 kB
Buffers:          105860 kB
Cached:          1185068 kB
MemTotal:        1844596 kB
MemFree:          151484 kB
MemAvailable:    1428888 kB
Buffers:          105860 kB
Cached:          1185068 kB
MemTotal:        1844596 kB
MemFree:          151484 kB
MemAvailable:    1428888 kB
Buffers:          105860 kB
Cached:          1185068 kB
MemTotal:        1844596 kB
MemFree:          151436 kB
MemAvailable:    1428840 kB
Buffers:          105860 kB
Cached:          1185068 kB
MemTotal:        1844596 kB
MemFree:          152704 kB
MemAvailable:    1430108 kB
Buffers:          105860 kB
Cached:          1185068 kB
MemTotal:        1844596 kB
MemFree:          152748 kB
MemAvailable:    1430152 kB
Buffers:          105860 kB
Cached:          1185068 kB
MemTotal:        1844596 kB
MemFree:          152552 kB
MemAvailable:    1429956 kB
Buffers:          105860 kB
Cached:          1185068 kB
MemTotal:        1844596 kB
MemFree:          152720 kB
MemAvailable:    1430124 kB
Buffers:          105860 kB
Cached:          1185068 kB
MemTotal:        1844596 kB
MemFree:          151304 kB
MemAvailable:    1428708 kB
Buffers:          105860 kB
Cached:          1185068 kB
MemTotal:        1844596 kB
MemFree:          152676 kB
MemAvailable:    1430080 kB
Buffers:          105860 kB
Cached:          1185068 kB
MemTotal:        1844596 kB
MemFree:          149756 kB
MemAvailable:    1427160 kB
Buffers:          105860 kB
Cached:          1185068 kB
MemTotal:        1844596 kB
MemFree:          149276 kB
MemAvailable:    1426680 kB
Buffers:          105860 kB
Cached:          1185068 kB
MemTotal:        1844596 kB
MemFree:          146236 kB
MemAvailable:    1423640 kB
Buffers:          105860 kB
Cached:          1185068 kB
MemTotal:        1844596 kB
MemFree:          143572 kB
MemAvailable:    1420976 kB
Buffers:          105860 kB
Cached:          1185068 kB
MemTotal:        1844596 kB
MemFree:          140844 kB
MemAvailable:    1418248 kB
Buffers:          105860 kB
Cached:          1185068 kB
MemTotal:        1844596 kB
MemFree:          137480 kB
MemAvailable:    1414888 kB
Buffers:          105860 kB
Cached:          1185072 kB
MemTotal:        1844596 kB
MemFree:          137568 kB
MemAvailable:    1414976 kB
Buffers:          105860 kB
Cached:          1185072 kB
MemTotal:        1844596 kB
MemFree:          134372 kB
MemAvailable:    1411780 kB
Buffers:          105860 kB
Cached:          1185072 kB
MemTotal:        1844596 kB
MemFree:          134520 kB
MemAvailable:    1411928 kB
Buffers:          105860 kB
Cached:          1185072 kB
MemTotal:        1844596 kB
MemFree:          134460 kB
MemAvailable:    1411868 kB
Buffers:          105860 kB
Cached:          1185072 kB
MemTotal:        1844596 kB
MemFree:          134628 kB
MemAvailable:    1412036 kB
Buffers:          105860 kB
Cached:          1185072 kB
MemTotal:        1844596 kB
MemFree:          134648 kB
MemAvailable:    1412056 kB
Buffers:          105860 kB
Cached:          1185072 kB
MemTotal:        1844596 kB
MemFree:          133776 kB
MemAvailable:    1411184 kB
Buffers:          105860 kB
Cached:          1185072 kB
MemTotal:        1844596 kB
MemFree:          134348 kB
MemAvailable:    1411760 kB
Buffers:          105860 kB
Cached:          1185076 kB
MemTotal:        1844596 kB
MemFree:          133116 kB
MemAvailable:    1410528 kB
Buffers:          105860 kB
Cached:          1185076 kB
MemTotal:        1844596 kB
MemFree:          133156 kB
MemAvailable:    1410572 kB
Buffers:          105860 kB
Cached:          1185080 kB
MemTotal:        1844596 kB
MemFree:          133364 kB
MemAvailable:    1410780 kB
Buffers:          105860 kB
Cached:          1185080 kB
MemTotal:        1844596 kB
MemFree:          134256 kB
MemAvailable:    1411672 kB
Buffers:          105860 kB
Cached:          1185080 kB
MemTotal:        1844596 kB
MemFree:          134592 kB
MemAvailable:    1412008 kB
Buffers:          105860 kB
Cached:          1185080 kB
MemTotal:        1844596 kB
MemFree:          133144 kB
MemAvailable:    1410560 kB
Buffers:          105860 kB
Cached:          1185080 kB
MemTotal:        1844596 kB
MemFree:          134592 kB
MemAvailable:    1412008 kB
Buffers:          105860 kB
Cached:          1185080 kB
MemTotal:        1844596 kB
MemFree:          133652 kB
MemAvailable:    1411068 kB
Buffers:          105860 kB
Cached:          1185080 kB
MemTotal:        1844596 kB
MemFree:          134216 kB
MemAvailable:    1411632 kB
Buffers:          105860 kB
Cached:          1185080 kB
MemTotal:        1844596 kB
MemFree:          134552 kB
MemAvailable:    1411968 kB
Buffers:          105860 kB
Cached:          1185080 kB
MemTotal:        1844596 kB
MemFree:          134472 kB
MemAvailable:    1411888 kB
Buffers:          105860 kB
Cached:          1185080 kB
MemTotal:        1844596 kB
MemFree:          134640 kB
MemAvailable:    1412056 kB
Buffers:          105860 kB
Cached:          1185080 kB
MemTotal:        1844596 kB
MemFree:          133108 kB
MemAvailable:    1410524 kB
Buffers:          105860 kB
Cached:          1185080 kB
MemTotal:        1844596 kB
MemFree:          134380 kB
MemAvailable:    1411796 kB
Buffers:          105860 kB
Cached:          1185080 kB
MemTotal:        1844596 kB
MemFree:          134632 kB
MemAvailable:    1412048 kB
Buffers:          105860 kB
Cached:          1185080 kB
MemTotal:        1844596 kB
MemFree:          133224 kB
MemAvailable:    1410640 kB
Buffers:          105860 kB
Cached:          1185080 kB
MemTotal:        1844596 kB
MemFree:          133224 kB
MemAvailable:    1410640 kB
Buffers:          105860 kB
Cached:          1185080 kB
MemTotal:        1844596 kB
MemFree:          133260 kB
MemAvailable:    1410676 kB
Buffers:          105860 kB
Cached:          1185080 kB
MemTotal:        1844596 kB
MemFree:          134436 kB
MemAvailable:    1411852 kB
Buffers:          105860 kB
Cached:          1185080 kB
MemTotal:        1844596 kB
MemFree:          133088 kB
MemAvailable:    1410504 kB
Buffers:          105860 kB
Cached:          1185080 kB
MemTotal:        1844596 kB
MemFree:          134388 kB
MemAvailable:    1411804 kB
Buffers:          105860 kB
Cached:          1185080 kB
MemTotal:        1844596 kB
MemFree:          134184 kB
MemAvailable:    1411600 kB
Buffers:          105860 kB
Cached:          1185080 kB
MemTotal:        1844596 kB
MemFree:          134340 kB
MemAvailable:    1411756 kB
Buffers:          105860 kB
Cached:          1185080 kB
MemTotal:        1844596 kB
MemFree:          133100 kB
MemAvailable:    1410516 kB
Buffers:          105860 kB
Cached:          1185080 kB
MemTotal:        1844596 kB
MemFree:          133348 kB
MemAvailable:    1410764 kB
Buffers:          105860 kB
Cached:          1185080 kB
MemTotal:        1844596 kB
MemFree:          133844 kB
MemAvailable:    1411260 kB
Buffers:          105860 kB
Cached:          1185080 kB
MemTotal:        1844596 kB
MemFree:          134324 kB
MemAvailable:    1411740 kB
Buffers:          105860 kB
Cached:          1185080 kB
MemTotal:        1844596 kB
MemFree:          134408 kB
MemAvailable:    1411824 kB
Buffers:          105860 kB
Cached:          1185080 kB
MemTotal:        1844596 kB
MemFree:          134316 kB
MemAvailable:    1411732 kB
Buffers:          105860 kB
Cached:          1185080 kB
MemTotal:        1844596 kB
MemFree:          134272 kB
MemAvailable:    1411688 kB
Buffers:          105860 kB
Cached:          1185080 kB
MemTotal:        1844596 kB
MemFree:          131852 kB
MemAvailable:    1409268 kB
Buffers:          105860 kB
Cached:          1185080 kB
MemTotal:        1844596 kB
MemFree:          127436 kB
MemAvailable:    1404852 kB
Buffers:          105860 kB
Cached:          1185080 kB
MemTotal:        1844596 kB
MemFree:          123848 kB
MemAvailable:    1401264 kB
Buffers:          105860 kB
Cached:          1185080 kB
MemTotal:        1844596 kB
MemFree:          119136 kB
MemAvailable:    1396552 kB
Buffers:          105860 kB
Cached:          1185080 kB
MemTotal:        1844596 kB
MemFree:          118904 kB
MemAvailable:    1396320 kB
Buffers:          105860 kB
Cached:          1185080 kB
MemTotal:        1844596 kB
MemFree:          117284 kB
MemAvailable:    1394700 kB
Buffers:          105860 kB
Cached:          1185080 kB
MemTotal:        1844596 kB
MemFree:          117212 kB
MemAvailable:    1394628 kB
Buffers:          105860 kB
Cached:          1185080 kB
MemTotal:        1844596 kB
MemFree:          116840 kB
MemAvailable:    1394256 kB
Buffers:          105860 kB
Cached:          1185080 kB
MemTotal:        1844596 kB
MemFree:          116924 kB
MemAvailable:    1394340 kB
Buffers:          105860 kB
Cached:          1185080 kB
MemTotal:        1844596 kB
MemFree:          116284 kB
MemAvailable:    1393700 kB
Buffers:          105860 kB
Cached:          1185080 kB
MemTotal:        1844596 kB
MemFree:          115424 kB
MemAvailable:    1392840 kB
Buffers:          105860 kB
Cached:          1185080 kB
MemTotal:        1844596 kB
MemFree:          115848 kB
MemAvailable:    1393264 kB
Buffers:          105860 kB
Cached:          1185080 kB
MemTotal:        1844596 kB
MemFree:          116100 kB
MemAvailable:    1393516 kB
Buffers:          105860 kB
Cached:          1185080 kB
MemTotal:        1844596 kB
MemFree:          114864 kB
MemAvailable:    1392280 kB
Buffers:          105860 kB
Cached:          1185080 kB
MemTotal:        1844596 kB
MemFree:          114856 kB
MemAvailable:    1392272 kB
Buffers:          105860 kB
Cached:          1185080 kB
MemTotal:        1844596 kB
MemFree:          115848 kB
MemAvailable:    1393264 kB
Buffers:          105860 kB
Cached:          1185080 kB
MemTotal:        1844596 kB
MemFree:          114724 kB
MemAvailable:    1392140 kB
Buffers:          105860 kB
Cached:          1185080 kB
MemTotal:        1844596 kB
MemFree:          115708 kB
MemAvailable:    1393124 kB
Buffers:          105860 kB
Cached:          1185080 kB
MemTotal:        1844596 kB
MemFree:          115556 kB
MemAvailable:    1392972 kB
Buffers:          105860 kB
Cached:          1185080 kB
MemTotal:        1844596 kB
MemFree:          114912 kB
MemAvailable:    1392328 kB
Buffers:          105860 kB
Cached:          1185080 kB
MemTotal:        1844596 kB
MemFree:          115164 kB
MemAvailable:    1392580 kB
Buffers:          105860 kB
Cached:          1185080 kB
MemTotal:        1844596 kB
MemFree:          113920 kB
MemAvailable:    1391336 kB
Buffers:          105860 kB
Cached:          1185080 kB
MemTotal:        1844596 kB
MemFree:          113880 kB
MemAvailable:    1391296 kB
Buffers:          105860 kB
Cached:          1185080 kB
MemTotal:        1844596 kB
MemFree:          113432 kB
MemAvailable:    1390848 kB
Buffers:          105860 kB
Cached:          1185080 kB
MemTotal:        1844596 kB
MemFree:          112952 kB
MemAvailable:    1390368 kB
Buffers:          105860 kB
Cached:          1185080 kB
MemTotal:        1844596 kB
MemFree:          112920 kB
MemAvailable:    1390336 kB
Buffers:          105860 kB
Cached:          1185080 kB
MemTotal:        1844596 kB
MemFree:          113256 kB
MemAvailable:    1390672 kB
Buffers:          105860 kB
Cached:          1185080 kB
MemTotal:        1844596 kB
MemFree:          111440 kB
MemAvailable:    1388856 kB
Buffers:          105860 kB
Cached:          1185080 kB
MemTotal:        1844596 kB
MemFree:          111440 kB
MemAvailable:    1388856 kB
Buffers:          105860 kB
Cached:          1185080 kB
MemTotal:        1844596 kB
MemFree:          109348 kB
MemAvailable:    1386764 kB
Buffers:          105860 kB
Cached:          1185080 kB
MemTotal:        1844596 kB
MemFree:          108976 kB
MemAvailable:    1386392 kB
Buffers:          105860 kB
Cached:          1185080 kB
MemTotal:        1844596 kB
MemFree:          110276 kB
MemAvailable:    1387692 kB
Buffers:          105860 kB
Cached:          1185080 kB
MemTotal:        1844596 kB
MemFree:          109960 kB
MemAvailable:    1387376 kB
Buffers:          105860 kB
Cached:          1185080 kB
MemTotal:        1844596 kB
MemFree:          110044 kB
MemAvailable:    1387460 kB
Buffers:          105860 kB
Cached:          1185080 kB
MemTotal:        1844596 kB
MemFree:          109848 kB
MemAvailable:    1387264 kB
Buffers:          105860 kB
Cached:          1185080 kB
MemTotal:        1844596 kB
MemFree:          108840 kB
MemAvailable:    1386256 kB
Buffers:          105860 kB
Cached:          1185080 kB
MemTotal:        1844596 kB
MemFree:          109892 kB
MemAvailable:    1387308 kB
Buffers:          105860 kB
Cached:          1185080 kB
MemTotal:        1844596 kB
MemFree:          108480 kB
MemAvailable:    1385896 kB
Buffers:          105860 kB
Cached:          1185080 kB
MemTotal:        1844596 kB
MemFree:          108464 kB
MemAvailable:    1385880 kB
Buffers:          105860 kB
Cached:          1185080 kB
MemTotal:        1844596 kB
MemFree:          108464 kB
MemAvailable:    1385880 kB
Buffers:          105860 kB
Cached:          1185080 kB
MemTotal:        1844596 kB
MemFree:          108344 kB
MemAvailable:    1385760 kB
Buffers:          105860 kB
Cached:          1185080 kB
MemTotal:        1844596 kB
MemFree:          107096 kB
MemAvailable:    1384512 kB
Buffers:          105860 kB
Cached:          1185080 kB
MemTotal:        1844596 kB
MemFree:          108164 kB
MemAvailable:    1385580 kB
Buffers:          105860 kB
Cached:          1185080 kB
MemTotal:        1844596 kB
MemFree:          108416 kB
MemAvailable:    1385832 kB
Buffers:          105860 kB
Cached:          1185080 kB
MemTotal:        1844596 kB
MemFree:          108216 kB
MemAvailable:    1385632 kB
Buffers:          105860 kB
Cached:          1185080 kB
MemTotal:        1844596 kB
MemFree:          108232 kB
MemAvailable:    1385648 kB
Buffers:          105860 kB
Cached:          1185080 kB
MemTotal:        1844596 kB
MemFree:          106992 kB
MemAvailable:    1384412 kB
Buffers:          105860 kB
Cached:          1185084 kB
MemTotal:        1844596 kB
MemFree:          108292 kB
MemAvailable:    1385712 kB
Buffers:          105860 kB
Cached:          1185084 kB
MemTotal:        1844596 kB
MemFree:          107116 kB
MemAvailable:    1384540 kB
Buffers:          105860 kB
Cached:          1185088 kB
MemTotal:        1844596 kB
MemFree:          107240 kB
MemAvailable:    1384664 kB
Buffers:          105860 kB
Cached:          1185088 kB
MemTotal:        1844596 kB
MemFree:          108416 kB
MemAvailable:    1385840 kB
Buffers:          105860 kB
Cached:          1185088 kB
MemTotal:        1844596 kB
MemFree:          108284 kB
MemAvailable:    1385708 kB
Buffers:          105860 kB
Cached:          1185088 kB
MemTotal:        1844596 kB
MemFree:          107372 kB
MemAvailable:    1384796 kB
Buffers:          105860 kB
Cached:          1185088 kB
MemTotal:        1844596 kB
MemFree:          108232 kB
MemAvailable:    1385656 kB
Buffers:          105860 kB
Cached:          1185088 kB
MemTotal:        1844596 kB
MemFree:          107068 kB
MemAvailable:    1384492 kB
Buffers:          105860 kB
Cached:          1185088 kB
MemTotal:        1844596 kB
MemFree:          108292 kB
MemAvailable:    1385716 kB
Buffers:          105860 kB
Cached:          1185088 kB
MemTotal:        1844596 kB
MemFree:          108292 kB
MemAvailable:    1385716 kB
Buffers:          105860 kB
Cached:          1185088 kB
MemTotal:        1844596 kB
MemFree:          106992 kB
MemAvailable:    1384416 kB
Buffers:          105860 kB
Cached:          1185088 kB
MemTotal:        1844596 kB
MemFree:          108052 kB
MemAvailable:    1385476 kB
Buffers:          105860 kB
Cached:          1185088 kB
MemTotal:        1844596 kB
MemFree:          106992 kB
MemAvailable:    1384416 kB
Buffers:          105860 kB
Cached:          1185088 kB
MemTotal:        1844596 kB
MemFree:          106992 kB
MemAvailable:    1384416 kB
Buffers:          105860 kB
Cached:          1185088 kB
MemTotal:        1844596 kB
MemFree:          108316 kB
MemAvailable:    1385740 kB
Buffers:          105860 kB
Cached:          1185088 kB
MemTotal:        1844596 kB
MemFree:          108292 kB
MemAvailable:    1385716 kB
Buffers:          105860 kB
Cached:          1185088 kB
MemTotal:        1844596 kB
MemFree:          106984 kB
MemAvailable:    1384408 kB
Buffers:          105860 kB
Cached:          1185088 kB
MemTotal:        1844596 kB
MemFree:          108216 kB
MemAvailable:    1385640 kB
Buffers:          105860 kB
Cached:          1185088 kB
MemTotal:        1844596 kB
MemFree:          108216 kB
MemAvailable:    1385640 kB
Buffers:          105860 kB
Cached:          1185088 kB
MemTotal:        1844596 kB
MemFree:          108164 kB
MemAvailable:    1385588 kB
Buffers:          105860 kB
Cached:          1185088 kB
MemTotal:        1844596 kB
MemFree:          108108 kB
MemAvailable:    1385532 kB
Buffers:          105860 kB
Cached:          1185088 kB
MemTotal:        1844596 kB
MemFree:          106936 kB
MemAvailable:    1384360 kB
Buffers:          105860 kB
Cached:          1185088 kB
MemTotal:        1844596 kB
MemFree:          108212 kB
MemAvailable:    1385636 kB
Buffers:          105860 kB
Cached:          1185088 kB
MemTotal:        1844596 kB
MemFree:          108464 kB
MemAvailable:    1385888 kB
Buffers:          105860 kB
Cached:          1185088 kB
MemTotal:        1844596 kB
MemFree:          108416 kB
MemAvailable:    1385840 kB
Buffers:          105860 kB
Cached:          1185088 kB
MemTotal:        1844596 kB
MemFree:          108244 kB
MemAvailable:    1385668 kB
Buffers:          105860 kB
Cached:          1185088 kB
MemTotal:        1844596 kB
MemFree:          107496 kB
MemAvailable:    1384920 kB
Buffers:          105860 kB
Cached:          1185088 kB
MemTotal:        1844596 kB
MemFree:          106992 kB
MemAvailable:    1384416 kB
Buffers:          105860 kB
Cached:          1185088 kB
MemTotal:        1844596 kB
MemFree:          106992 kB
MemAvailable:    1384416 kB
Buffers:          105860 kB
Cached:          1185088 kB
MemTotal:        1844596 kB
MemFree:          108136 kB
MemAvailable:    1385560 kB
Buffers:          105860 kB
Cached:          1185088 kB
MemTotal:        1844596 kB
MemFree:          108308 kB
MemAvailable:    1385732 kB
Buffers:          105860 kB
Cached:          1185088 kB
MemTotal:        1844596 kB
MemFree:          106980 kB
MemAvailable:    1384404 kB
Buffers:          105860 kB
Cached:          1185088 kB
MemTotal:        1844596 kB
MemFree:          108164 kB
MemAvailable:    1385588 kB
Buffers:          105860 kB
Cached:          1185088 kB
MemTotal:        1844596 kB
MemFree:          108164 kB
MemAvailable:    1385588 kB
Buffers:          105860 kB
Cached:          1185088 kB
MemTotal:        1844596 kB
MemFree:          108344 kB
MemAvailable:    1385768 kB
Buffers:          105860 kB
Cached:          1185088 kB
MemTotal:        1844596 kB
MemFree:          107220 kB
MemAvailable:    1384644 kB
Buffers:          105860 kB
Cached:          1185088 kB
MemTotal:        1844596 kB
MemFree:          105564 kB
MemAvailable:    1382988 kB
Buffers:          105860 kB
Cached:          1185088 kB
MemTotal:        1844596 kB
MemFree:          103460 kB
MemAvailable:    1380884 kB
Buffers:          105860 kB
Cached:          1185088 kB
MemTotal:        1844596 kB
MemFree:          100108 kB
MemAvailable:    1377532 kB
Buffers:          105860 kB
Cached:          1185088 kB
MemTotal:        1844596 kB
MemFree:           95948 kB
MemAvailable:    1373372 kB
Buffers:          105860 kB
Cached:          1185088 kB
MemTotal:        1844596 kB
MemFree:           95344 kB
MemAvailable:    1372768 kB
Buffers:          105860 kB
Cached:          1185088 kB
MemTotal:        1844596 kB
MemFree:           92236 kB
MemAvailable:    1369660 kB
Buffers:          105860 kB
Cached:          1185088 kB
MemTotal:        1844596 kB
MemFree:           88516 kB
MemAvailable:    1365940 kB
Buffers:          105860 kB
Cached:          1185088 kB
MemTotal:        1844596 kB
MemFree:           88880 kB
MemAvailable:    1366304 kB
Buffers:          105860 kB
Cached:          1185088 kB
MemTotal:        1844596 kB
MemFree:           88756 kB
MemAvailable:    1366180 kB
Buffers:          105860 kB
Cached:          1185088 kB
MemTotal:        1844596 kB
MemFree:           89012 kB
MemAvailable:    1366436 kB
Buffers:          105860 kB
Cached:          1185088 kB
MemTotal:        1844596 kB
MemFree:           88824 kB
MemAvailable:    1366248 kB
Buffers:          105860 kB
Cached:          1185088 kB
MemTotal:        1844596 kB
MemFree:           88908 kB
MemAvailable:    1366332 kB
Buffers:          105860 kB
Cached:          1185088 kB
MemTotal:        1844596 kB
MemFree:           88020 kB
MemAvailable:    1365444 kB
Buffers:          105860 kB
Cached:          1185088 kB
MemTotal:        1844596 kB
MemFree:           88840 kB
MemAvailable:    1366264 kB
Buffers:          105860 kB
Cached:          1185088 kB
MemTotal:        1844596 kB
MemFree:           88840 kB
MemAvailable:    1366264 kB
Buffers:          105860 kB
Cached:          1185088 kB
MemTotal:        1844596 kB
MemFree:           88768 kB
MemAvailable:    1366192 kB
Buffers:          105860 kB
Cached:          1185088 kB
MemTotal:        1844596 kB
MemFree:           88620 kB
MemAvailable:    1366044 kB
Buffers:          105860 kB
Cached:          1185088 kB
MemTotal:        1844596 kB
MemFree:           88704 kB
MemAvailable:    1366128 kB
Buffers:          105860 kB
Cached:          1185088 kB
MemTotal:        1844596 kB
MemFree:           87392 kB
MemAvailable:    1364816 kB
Buffers:          105860 kB
Cached:          1185088 kB
MemTotal:        1844596 kB
MemFree:           88692 kB
MemAvailable:    1366116 kB
Buffers:          105860 kB
Cached:          1185088 kB
MemTotal:        1844596 kB
MemFree:           87516 kB
MemAvailable:    1364940 kB
Buffers:          105860 kB
Cached:          1185088 kB
MemTotal:        1844596 kB
MemFree:           87764 kB
MemAvailable:    1365188 kB
Buffers:          105860 kB
Cached:          1185088 kB
MemTotal:        1844596 kB
MemFree:           87640 kB
MemAvailable:    1365064 kB
Buffers:          105860 kB
Cached:          1185088 kB
MemTotal:        1844596 kB
MemFree:           88824 kB
MemAvailable:    1366248 kB
Buffers:          105860 kB
Cached:          1185088 kB
MemTotal:        1844596 kB
MemFree:           88948 kB
MemAvailable:    1366372 kB
Buffers:          105860 kB
Cached:          1185088 kB
MemTotal:        1844596 kB
MemFree:           88764 kB
MemAvailable:    1366188 kB
Buffers:          105860 kB
Cached:          1185088 kB
MemTotal:        1844596 kB
MemFree:           87640 kB
MemAvailable:    1365064 kB
Buffers:          105860 kB
Cached:          1185088 kB
MemTotal:        1844596 kB
MemFree:           88624 kB
MemAvailable:    1366048 kB
Buffers:          105860 kB
Cached:          1185088 kB
MemTotal:        1844596 kB
MemFree:           88624 kB
MemAvailable:    1366048 kB
Buffers:          105860 kB
Cached:          1185088 kB
MemTotal:        1844596 kB
MemFree:           88196 kB
MemAvailable:    1365620 kB
Buffers:          105860 kB
Cached:          1185088 kB
MemTotal:        1844596 kB
MemFree:           87524 kB
MemAvailable:    1364948 kB
Buffers:          105860 kB
Cached:          1185088 kB
MemTotal:        1844596 kB
MemFree:           86592 kB
MemAvailable:    1364016 kB
Buffers:          105860 kB
Cached:          1185088 kB
MemTotal:        1844596 kB
MemFree:           86904 kB
MemAvailable:    1364328 kB
Buffers:          105860 kB
Cached:          1185088 kB
MemTotal:        1844596 kB
MemFree:           86228 kB
MemAvailable:    1363652 kB
Buffers:          105860 kB
Cached:          1185088 kB
MemTotal:        1844596 kB
MemFree:           80416 kB
MemAvailable:    1357840 kB
Buffers:          105860 kB
Cached:          1185088 kB
MemTotal:        1844596 kB
MemFree:           76372 kB
MemAvailable:    1353796 kB
Buffers:          105860 kB
Cached:          1185088 kB
MemTotal:        1844596 kB
MemFree:           78720 kB
MemAvailable:    1356152 kB
Buffers:          105860 kB
Cached:          1185096 kB
MemTotal:        1844596 kB
MemFree:           78448 kB
MemAvailable:    1355880 kB
Buffers:          105860 kB
Cached:          1185096 kB
MemTotal:        1844596 kB
MemFree:           78700 kB
MemAvailable:    1356132 kB
Buffers:          105860 kB
Cached:          1185096 kB
MemTotal:        1844596 kB
MemFree:           78300 kB
MemAvailable:    1355736 kB
Buffers:          105860 kB
Cached:          1185100 kB
MemTotal:        1844596 kB
MemFree:           78556 kB
MemAvailable:    1355992 kB
Buffers:          105860 kB
Cached:          1185100 kB
MemTotal:        1844596 kB
MemFree:           76912 kB
MemAvailable:    1354348 kB
Buffers:          105860 kB
Cached:          1185100 kB
MemTotal:        1844596 kB
MemFree:           75612 kB
MemAvailable:    1353048 kB
Buffers:          105860 kB
Cached:          1185100 kB
MemTotal:        1844596 kB
MemFree:           76548 kB
MemAvailable:    1353984 kB
Buffers:          105860 kB
Cached:          1185100 kB
MemTotal:        1844596 kB
MemFree:           76716 kB
MemAvailable:    1354152 kB
Buffers:          105860 kB
Cached:          1185100 kB
MemTotal:        1844596 kB
MemFree:           74380 kB
MemAvailable:    1351816 kB
Buffers:          105860 kB
Cached:          1185100 kB
MemTotal:        1844596 kB
MemFree:           75552 kB
MemAvailable:    1353072 kB
Buffers:          105860 kB
Cached:          1185224 kB
MemTotal:        1844596 kB
MemFree:           75696 kB
MemAvailable:    1353240 kB
Buffers:          105860 kB
Cached:          1185248 kB
MemTotal:        1844596 kB
MemFree:           74132 kB
MemAvailable:    1351844 kB
Buffers:          105860 kB
Cached:          1185372 kB
MemTotal:        1844596 kB
MemFree:           74248 kB
MemAvailable:    1352044 kB
Buffers:          105860 kB
Cached:          1185496 kB
MemTotal:        1844596 kB
MemFree:           74796 kB
MemAvailable:    1352760 kB
Buffers:          105860 kB
Cached:          1185620 kB
MemTotal:        1844596 kB
MemFree:           75132 kB
MemAvailable:    1353096 kB
Buffers:          105860 kB
Cached:          1185620 kB
MemTotal:        1844596 kB
MemFree:           74804 kB
MemAvailable:    1352768 kB
Buffers:          105860 kB
Cached:          1185744 kB
MemTotal:        1844596 kB
MemFree:           74576 kB
MemAvailable:    1352624 kB
Buffers:          105860 kB
Cached:          1185744 kB
MemTotal:        1844596 kB
MemFree:           74912 kB
MemAvailable:    1352960 kB
Buffers:          105860 kB
Cached:          1185744 kB
MemTotal:        1844596 kB
MemFree:           73344 kB
MemAvailable:    1351392 kB
Buffers:          105860 kB
Cached:          1185744 kB
MemTotal:        1844596 kB
MemFree:           73468 kB
MemAvailable:    1351516 kB
Buffers:          105860 kB
Cached:          1185744 kB
MemTotal:        1844596 kB
MemFree:           74992 kB
MemAvailable:    1353040 kB
Buffers:          105860 kB
Cached:          1185744 kB
MemTotal:        1844596 kB
MemFree:           74804 kB
MemAvailable:    1352852 kB
Buffers:          105860 kB
Cached:          1185744 kB
MemTotal:        1844596 kB
MemFree:           74868 kB
MemAvailable:    1353000 kB
Buffers:          105860 kB
Cached:          1185868 kB
MemTotal:        1844596 kB
MemFree:           74212 kB
MemAvailable:    1351672 kB
Buffers:          105860 kB
Cached:          1185152 kB
MemTotal:        1844596 kB
MemFree:           74124 kB
MemAvailable:    1351584 kB
Buffers:          105860 kB
Cached:          1185152 kB
MemTotal:        1844596 kB
MemFree:           73964 kB
MemAvailable:    1351424 kB
Buffers:          105860 kB
Cached:          1185152 kB
MemTotal:        1844596 kB
MemFree:          267396 kB
MemAvailable:    1544856 kB
Buffers:          105860 kB
Cached:          1185152 kB
MemTotal:        1844596 kB
MemFree:          270304 kB
MemAvailable:    1547764 kB
Buffers:          105860 kB
Cached:          1185152 kB
