MemTotal:        1844596 kB
MemFree:          262608 kB
MemAvailable:    1545656 kB
Buffers:          106588 kB
Cached:          1188924 kB
MemTotal:        1844596 kB
MemFree:          237096 kB
MemAvailable:    1520148 kB
Buffers:          106588 kB
Cached:          1188928 kB
MemTotal:        1844596 kB
MemFree:          234360 kB
MemAvailable:    1517412 kB
Buffers:          106588 kB
Cached:          1188928 kB
MemTotal:        1844596 kB
MemFree:          233368 kB
MemAvailable:    1516420 kB
Buffers:          106588 kB
Cached:          1188928 kB
MemTotal:        1844596 kB
MemFree:          231624 kB
MemAvailable:    1514676 kB
Buffers:          106588 kB
Cached:          1188928 kB
MemTotal:        1844596 kB
MemFree:          231624 kB
MemAvailable:    1514676 kB
Buffers:          106588 kB
Cached:          1188928 kB
MemTotal:        1844596 kB
MemFree:          231180 kB
MemAvailable:    1514232 kB
Buffers:          106588 kB
Cached:          1188928 kB
MemTotal:        1844596 kB
MemFree:          227664 kB
MemAvailable:    1510716 kB
Buffers:          106588 kB
Cached:          1188928 kB
MemTotal:        1844596 kB
MemFree:          226104 kB
MemAvailable:    1509156 kB
Buffers:          106588 kB
Cached:          1188928 kB
MemTotal:        1844596 kB
MemFree:          224308 kB
MemAvailable:    1507360 kB
Buffers:          106588 kB
Cached:          1188928 kB
MemTotal:        1844596 kB
MemFree:          219720 kB
MemAvailable:    1502712 kB
Buffers:          106588 kB
Cached:          1188916 kB
MemTotal:        1844596 kB
MemFree:          222888 kB
MemAvailable:    1505880 kB
Buffers:          106588 kB
Cached:          1188916 kB
MemTotal:        1844596 kB
MemFree:          222216 kB
MemAvailable:    1505208 kB
Buffers:          106588 kB
Cached:          1188916 kB
MemTotal:        1844596 kB
MemFree:          222812 kB
MemAvailable:    1505804 kB
Buffers:          106588 kB
Cached:          1188916 kB
MemTotal:        1844596 kB
MemFree:          223064 kB
MemAvailable:    1506056 kB
Buffers:          106588 kB
Cached:          1188916 kB
MemTotal:        1844596 kB
MemFree:          221580 kB
MemAvailable:    1504572 kB
Buffers:          106588 kB
Cached:          1188916 kB
MemTotal:        1844596 kB
MemFree:          222564 kB
MemAvailable:    1505556 kB
Buffers:          106588 kB
Cached:          1188916 kB
MemTotal:        1844596 kB
MemFree:          221192 kB
MemAvailable:    1504184 kB
Buffers:          106588 kB
Cached:          1188916 kB
MemTotal:        1844596 kB
MemFree:          221192 kB
MemAvailable:    1504184 kB
Buffers:          106588 kB
Cached:          1188916 kB
MemTotal:        1844596 kB
MemFree:          222424 kB
MemAvailable:    1505416 kB
Buffers:          106588 kB
Cached:          1188916 kB
MemTotal:        1844596 kB
MemFree:          221308 kB
MemAvailable:    1504300 kB
Buffers:          106588 kB
Cached:          1188916 kB
MemTotal:        1844596 kB
MemFree:          221060 kB
MemAvailable:    1504052 kB
Buffers:          106588 kB
Cached:          1188916 kB
MemTotal:        1844596 kB
MemFree:          221820 kB
MemAvailable:    1504812 kB
Buffers:          106588 kB
Cached:          1188916 kB
MemTotal:        1844596 kB
MemFree:          221820 kB
MemAvailable:    1504812 kB
Buffers:          106588 kB
Cached:          1188916 kB
MemTotal:        1844596 kB
MemFree:          221516 kB
MemAvailable:    1504508 kB
Buffers:          106588 kB
Cached:          1188916 kB
MemTotal:        1844596 kB
MemFree:          219904 kB
MemAvailable:    1502896 kB
Buffers:          106588 kB
Cached:          1188916 kB
MemTotal:        1844596 kB
MemFree:          221196 kB
MemAvailable:    1504188 kB
Buffers:          106588 kB
Cached:          1188916 kB
MemTotal:        1844596 kB
MemFree:          219896 kB
MemAvailable:    1502888 kB
Buffers:          106588 kB
Cached:          1188916 kB
MemTotal:        1844596 kB
MemFree:          220844 kB
MemAvailable:    1503836 kB
Buffers:          106588 kB
Cached:          1188916 kB
MemTotal:        1844596 kB
MemFree:          220036 kB
MemAvailable:    1503028 kB
Buffers:          106588 kB
Cached:          1188916 kB
MemTotal:        1844596 kB
MemFree:          218852 kB
MemAvailable:    1501844 kB
Buffers:          106588 kB
Cached:          1188916 kB
MemTotal:        1844596 kB
MemFree:          218860 kB
MemAvailable:    1501852 kB
Buffers:          106588 kB
Cached:          1188916 kB
MemTotal:        1844596 kB
MemFree:          219576 kB
MemAvailable:    1502568 kB
Buffers:          106588 kB
Cached:          1188916 kB
MemTotal:        1844596 kB
MemFree:          219912 kB
MemAvailable:    1502904 kB
Buffers:          106588 kB
Cached:          1188916 kB
MemTotal:        1844596 kB
MemFree:          218596 kB
MemAvailable:    1501588 kB
Buffers:          106588 kB
Cached:          1188916 kB
MemTotal:        1844596 kB
MemFree:          218564 kB
MemAvailable:    1501556 kB
Buffers:          106588 kB
Cached:          1188916 kB
MemTotal:        1844596 kB
MemFree:          219720 kB
MemAvailable:    1502712 kB
Buffers:          106588 kB
Cached:          1188916 kB
MemTotal:        1844596 kB
MemFree:          220056 kB
MemAvailable:    1503048 kB
Buffers:          106588 kB
Cached:          1188916 kB
MemTotal:        1844596 kB
MemFree:          219712 kB
MemAvailable:    1502704 kB
Buffers:          106588 kB
Cached:          1188916 kB
MemTotal:        1844596 kB
MemFree:          219356 kB
MemAvailable:    1502348 kB
Buffers:          106588 kB
Cached:          1188916 kB
MemTotal:        1844596 kB
MemFree:          217372 kB
MemAvailable:    1500364 kB
Buffers:          106588 kB
Cached:          1188916 kB
MemTotal:        1844596 kB
MemFree:          215388 kB
MemAvailable:    1498380 kB
Buffers:          106588 kB
Cached:          1188916 kB
MemTotal:        1844596 kB
MemFree:          213652 kB
MemAvailable:    1496644 kB
Buffers:          106588 kB
Cached:          1188916 kB
MemTotal:        1844596 kB
MemFree:          214468 kB
MemAvailable:    1497460 kB
Buffers:          106588 kB
Cached:          1188916 kB
MemTotal:        1844596 kB
MemFree:          214440 kB
MemAvailable:    1497432 kB
Buffers:          106588 kB
Cached:          1188916 kB
MemTotal:        1844596 kB
MemFree:          214192 kB
MemAvailable:    1497184 kB
Buffers:          106588 kB
Cached:          1188916 kB
MemTotal:        1844596 kB
MemFree:          214192 kB
MemAvailable:    1497184 kB
Buffers:          106588 kB
Cached:          1188916 kB
MemTotal:        1844596 kB
MemFree:          214084 kB
MemAvailable:    1497076 kB
Buffers:          106588 kB
Cached:          1188916 kB
MemTotal:        1844596 kB
MemFree:          214420 kB
MemAvailable:    1497412 kB
Buffers:          106588 kB
Cached:          1188916 kB
MemTotal:        1844596 kB
MemFree:          213952 kB
MemAvailable:    1496944 kB
Buffers:          106588 kB
Cached:          1188916 kB
MemTotal:        1844596 kB
MemFree:          213952 kB
MemAvailable:    1496944 kB
Buffers:          106588 kB
Cached:          1188916 kB
MemTotal:        1844596 kB
MemFree:          213928 kB
MemAvailable:    1496920 kB
Buffers:          106588 kB
Cached:          1188916 kB
MemTotal:        1844596 kB
MemFree:          214148 kB
MemAvailable:    1497140 kB
Buffers:          106588 kB
Cached:          1188916 kB
MemTotal:        1844596 kB
MemFree:          212644 kB
MemAvailable:    1495636 kB
Buffers:          106588 kB
Cached:          1188916 kB
MemTotal:        1844596 kB
MemFree:          212848 kB
MemAvailable:    1495840 kB
Buffers:          106588 kB
Cached:          1188916 kB
MemTotal:        1844596 kB
MemFree:          213868 kB
MemAvailable:    1496860 kB
Buffers:          106588 kB
Cached:          1188916 kB
MemTotal:        1844596 kB
MemFree:          214120 kB
MemAvailable:    1497112 kB
Buffers:          106588 kB
Cached:          1188916 kB
MemTotal:        1844596 kB
MemFree:          211792 kB
MemAvailable:    1494784 kB
Buffers:          106588 kB
Cached:          1188916 kB
MemTotal:        1844596 kB
MemFree:          208180 kB
MemAvailable:    1491172 kB
Buffers:          106588 kB
Cached:          1188916 kB
MemTotal:        1844596 kB
MemFree:          208180 kB
MemAvailable:    1491172 kB
Buffers:          106588 kB
Cached:          1188916 kB
MemTotal:        1844596 kB
MemFree:          207816 kB
MemAvailable:    1490808 kB
Buffers:          106588 kB
Cached:          1188916 kB
MemTotal:        1844596 kB
MemFree:          206444 kB
MemAvailable:    1489436 kB
Buffers:          106588 kB
Cached:          1188916 kB
MemTotal:        1844596 kB
MemFree:          206272 kB
MemAvailable:    1489264 kB
Buffers:          106588 kB
Cached:          1188916 kB
MemTotal:        1844596 kB
MemFree:          204972 kB
MemAvailable:    1487964 kB
Buffers:          106588 kB
Cached:          1188916 kB
MemTotal:        1844596 kB
MemFree:          205776 kB
MemAvailable:    1488768 kB
Buffers:          106588 kB
Cached:          1188916 kB
MemTotal:        1844596 kB
MemFree:          205644 kB
MemAvailable:    1488636 kB
Buffers:          106588 kB
Cached:          1188916 kB
MemTotal:        1844596 kB
MemFree:          204608 kB
MemAvailable:    1487600 kB
Buffers:          106588 kB
Cached:          1188916 kB
MemTotal:        1844596 kB
MemFree:          205644 kB
MemAvailable:    1488644 kB
Buffers:          106588 kB
Cached:          1188924 kB
MemTotal:        1844596 kB
MemFree:          205328 kB
MemAvailable:    1488328 kB
Buffers:          106588 kB
Cached:          1188924 kB
MemTotal:        1844596 kB
MemFree:          205664 kB
MemAvailable:    1488664 kB
Buffers:          106588 kB
Cached:          1188924 kB
MemTotal:        1844596 kB
MemFree:          205220 kB
MemAvailable:    1488220 kB
Buffers:          106588 kB
Cached:          1188924 kB
MemTotal:        1844596 kB
MemFree:          205280 kB
MemAvailable:    1488280 kB
Buffers:          106588 kB
Cached:          1188924 kB
MemTotal:        1844596 kB
MemFree:          204096 kB
MemAvailable:    1487096 kB
Buffers:          106588 kB
Cached:          1188924 kB
MemTotal:        1844596 kB
MemFree:          205232 kB
MemAvailable:    1488232 kB
Buffers:          106588 kB
Cached:          1188924 kB
MemTotal:        1844596 kB
MemFree:          205268 kB
MemAvailable:    1488268 kB
Buffers:          106588 kB
Cached:          1188924 kB
MemTotal:        1844596 kB
MemFree:          204044 kB
MemAvailable:    1487044 kB
Buffers:          106588 kB
Cached:          1188924 kB
MemTotal:        1844596 kB
MemFree:          205196 kB
MemAvailable:    1488196 kB
Buffers:          106588 kB
Cached:          1188924 kB
MemTotal:        1844596 kB
MemFree:          205336 kB
MemAvailable:    1488336 kB
Buffers:          106588 kB
Cached:          1188924 kB
MemTotal:        1844596 kB
MemFree:          204424 kB
MemAvailable:    1487424 kB
Buffers:          106588 kB
Cached:          1188924 kB
MemTotal:        1844596 kB
MemFree:          204772 kB
MemAvailable:    1487772 kB
Buffers:          106588 kB
Cached:          1188924 kB
MemTotal:        1844596 kB
MemFree:          205028 kB
MemAvailable:    1488028 kB
Buffers:          106588 kB
Cached:          1188924 kB
MemTotal:        1844596 kB
MemFree:          204952 kB
MemAvailable:    1487952 kB
Buffers:          106588 kB
Cached:          1188924 kB
MemTotal:        1844596 kB
MemFree:          203652 kB
MemAvailable:    1486652 kB
Buffers:          106588 kB
Cached:          1188924 kB
MemTotal:        1844596 kB
MemFree:          203652 kB
MemAvailable:    1486652 kB
Buffers:          106588 kB
Cached:          1188924 kB
MemTotal:        1844596 kB
MemFree:          203776 kB
MemAvailable:    1486776 kB
Buffers:          106588 kB
Cached:          1188924 kB
MemTotal:        1844596 kB
MemFree:          202368 kB
MemAvailable:    1485368 kB
Buffers:          106588 kB
Cached:          1188924 kB
MemTotal:        1844596 kB
MemFree:          200136 kB
MemAvailable:    1483136 kB
Buffers:          106588 kB
Cached:          1188924 kB
MemTotal:        1844596 kB
MemFree:          196788 kB
MemAvailable:    1479788 kB
Buffers:          106588 kB
Cached:          1188924 kB
MemTotal:        1844596 kB
MemFree:          196168 kB
MemAvailable:    1479176 kB
Buffers:          106588 kB
Cached:          1188932 kB
MemTotal:        1844596 kB
MemFree:          196516 kB
MemAvailable:    1479524 kB
Buffers:          106588 kB
Cached:          1188932 kB
MemTotal:        1844596 kB
MemFree:          196852 kB
MemAvailable:    1479860 kB
Buffers:          106588 kB
Cached:          1188932 kB
MemTotal:        1844596 kB
MemFree:          196276 kB
MemAvailable:    1479284 kB
Buffers:          106588 kB
Cached:          1188932 kB
MemTotal:        1844596 kB
MemFree:          196112 kB
MemAvailable:    1479120 kB
Buffers:          106588 kB
Cached:          1188932 kB
MemTotal:        1844596 kB
MemFree:          196220 kB
MemAvailable:    1479228 kB
Buffers:          106588 kB
Cached:          1188932 kB
MemTotal:        1844596 kB
MemFree:          196052 kB
MemAvailable:    1479060 kB
Buffers:          106588 kB
Cached:          1188932 kB
MemTotal:        1844596 kB
MemFree:          194796 kB
MemAvailable:    1477804 kB
Buffers:          106588 kB
Cached:          1188932 kB
MemTotal:        1844596 kB
MemFree:          196220 kB
MemAvailable:    1479228 kB
Buffers:          106588 kB
Cached:          1188932 kB
MemTotal:        1844596 kB
MemFree:          196284 kB
MemAvailable:    1479292 kB
Buffers:          106588 kB
Cached:          1188932 kB
MemTotal:        1844596 kB
MemFree:          194864 kB
MemAvailable:    1477872 kB
Buffers:          106588 kB
Cached:          1188932 kB
MemTotal:        1844596 kB
MemFree:          196172 kB
MemAvailable:    1479180 kB
Buffers:          106588 kB
Cached:          1188932 kB
MemTotal:        1844596 kB
MemFree:          195432 kB
MemAvailable:    1478440 kB
Buffers:          106588 kB
Cached:          1188932 kB
MemTotal:        1844596 kB
MemFree:          196220 kB
MemAvailable:    1479228 kB
Buffers:          106588 kB
Cached:          1188932 kB
MemTotal:        1844596 kB
MemFree:          195988 kB
MemAvailable:    1478996 kB
Buffers:          106588 kB
Cached:          1188932 kB
MemTotal:        1844596 kB
MemFree:          196160 kB
MemAvailable:    1479168 kB
Buffers:          106588 kB
Cached:          1188932 kB
MemTotal:        1844596 kB
MemFree:          194920 kB
MemAvailable:    1477928 kB
Buffers:          106588 kB
Cached:          1188932 kB
MemTotal:        1844596 kB
MemFree:          195416 kB
MemAvailable:    1478424 kB
Buffers:          106588 kB
Cached:          1188932 kB
MemTotal:        1844596 kB
MemFree:          195988 kB
MemAvailable:    1478996 kB
Buffers:          106588 kB
Cached:          1188932 kB
MemTotal:        1844596 kB
MemFree:          196324 kB
MemAvailable:    1479332 kB
Buffers:          106588 kB
Cached:          1188932 kB
MemTotal:        1844596 kB
MemFree:          194756 kB
MemAvailable:    1477764 kB
Buffers:          106588 kB
Cached:          1188932 kB
MemTotal:        1844596 kB
MemFree:          196352 kB
MemAvailable:    1479360 kB
Buffers:          106588 kB
Cached:          1188932 kB
MemTotal:        1844596 kB
MemFree:          196220 kB
MemAvailable:    1479228 kB
Buffers:          106588 kB
Cached:          1188932 kB
MemTotal:        1844596 kB
MemFree:          195128 kB
MemAvailable:    1478136 kB
Buffers:          106588 kB
Cached:          1188932 kB
MemTotal:        1844596 kB
MemFree:          196384 kB
MemAvailable:    1479392 kB
Buffers:          106588 kB
Cached:          1188932 kB
MemTotal:        1844596 kB
MemFree:          195548 kB
MemAvailable:    1478556 kB
Buffers:          106588 kB
Cached:          1188932 kB
MemTotal:        1844596 kB
MemFree:          196664 kB
MemAvailable:    1479672 kB
Buffers:          106588 kB
Cached:          1188932 kB
MemTotal:        1844596 kB
MemFree:          196400 kB
MemAvailable:    1479408 kB
Buffers:          106588 kB
Cached:          1188932 kB
MemTotal:        1844596 kB
MemFree:          196168 kB
MemAvailable:    1479176 kB
Buffers:          106588 kB
Cached:          1188932 kB
MemTotal:        1844596 kB
MemFree:          196280 kB
MemAvailable:    1479288 kB
Buffers:          106588 kB
Cached:          1188932 kB
MemTotal:        1844596 kB
MemFree:          195156 kB
MemAvailable:    1478164 kB
Buffers:          106588 kB
Cached:          1188932 kB
MemTotal:        1844596 kB
MemFree:          194984 kB
MemAvailable:    1477992 kB
Buffers:          106588 kB
Cached:          1188932 kB
MemTotal:        1844596 kB
MemFree:          195664 kB
MemAvailable:    1478672 kB
Buffers:          106588 kB
Cached:          1188932 kB
MemTotal:        1844596 kB
MemFree:          196272 kB
MemAvailable:    1479280 kB
Buffers:          106588 kB
Cached:          1188932 kB
MemTotal:        1844596 kB
MemFree:          194860 kB
MemAvailable:    1477868 kB
Buffers:          106588 kB
Cached:          1188932 kB
MemTotal:        1844596 kB
MemFree:          194860 kB
MemAvailable:    1477868 kB
Buffers:          106588 kB
Cached:          1188932 kB
MemTotal:        1844596 kB
MemFree:          196384 kB
MemAvailable:    1479392 kB
Buffers:          106588 kB
Cached:          1188932 kB
MemTotal:        1844596 kB
MemFree:          194060 kB
MemAvailable:    1477068 kB
Buffers:          106588 kB
Cached:          1188932 kB
MemTotal:        1844596 kB
MemFree:          191144 kB
MemAvailable:    1474152 kB
Buffers:          106588 kB
Cached:          1188932 kB
MemTotal:        1844596 kB
MemFree:          187612 kB
MemAvailable:    1470620 kB
Buffers:          106588 kB
Cached:          1188932 kB
MemTotal:        1844596 kB
MemFree:          185836 kB
MemAvailable:    1468844 kB
Buffers:          106588 kB
Cached:          1188932 kB
MemTotal:        1844596 kB
MemFree:          184520 kB
MemAvailable:    1467528 kB
Buffers:          106588 kB
Cached:          1188932 kB
MemTotal:        1844596 kB
MemFree:          184140 kB
MemAvailable:    1467148 kB
Buffers:          106588 kB
Cached:          1188932 kB
MemTotal:        1844596 kB
MemFree:          185496 kB
MemAvailable:    1468504 kB
Buffers:          106588 kB
Cached:          1188932 kB
MemTotal:        1844596 kB
MemFree:          184868 kB
MemAvailable:    1467876 kB
Buffers:          106588 kB
Cached:          1188932 kB
MemTotal:        1844596 kB
MemFree:          184460 kB
MemAvailable:    1467468 kB
Buffers:          106588 kB
Cached:          1188932 kB
MemTotal:        1844596 kB
MemFree:          184140 kB
MemAvailable:    1467148 kB
Buffers:          106588 kB
Cached:          1188932 kB
MemTotal:        1844596 kB
MemFree:          184340 kB
MemAvailable:    1467348 kB
Buffers:          106588 kB
Cached:          1188932 kB
MemTotal:        1844596 kB
MemFree:          185240 kB
MemAvailable:    1468248 kB
Buffers:          106588 kB
Cached:          1188932 kB
MemTotal:        1844596 kB
MemFree:          185380 kB
MemAvailable:    1468388 kB
Buffers:          106588 kB
Cached:          1188932 kB
MemTotal:        1844596 kB
MemFree:          185252 kB
MemAvailable:    1468260 kB
Buffers:          106588 kB
Cached:          1188932 kB
MemTotal:        1844596 kB
MemFree:          185360 kB
MemAvailable:    1468368 kB
Buffers:          106588 kB
Cached:          1188932 kB
MemTotal:        1844596 kB
MemFree:          185388 kB
MemAvailable:    1468396 kB
Buffers:          106588 kB
Cached:          1188932 kB
MemTotal:        1844596 kB
MemFree:          185564 kB
MemAvailable:    1468572 kB
Buffers:          106588 kB
Cached:          1188932 kB
MemTotal:        1844596 kB
MemFree:          185392 kB
MemAvailable:    1468400 kB
Buffers:          106588 kB
Cached:          1188932 kB
MemTotal:        1844596 kB
MemFree:          184644 kB
MemAvailable:    1467652 kB
Buffers:          106588 kB
Cached:          1188932 kB
MemTotal:        1844596 kB
MemFree:          185332 kB
MemAvailable:    1468340 kB
Buffers:          106588 kB
Cached:          1188932 kB
MemTotal:        1844596 kB
MemFree:          185332 kB
MemAvailable:    1468340 kB
Buffers:          106588 kB
Cached:          1188932 kB
MemTotal:        1844596 kB
MemFree:          184140 kB
MemAvailable:    1467148 kB
Buffers:          106588 kB
Cached:          1188932 kB
MemTotal:        1844596 kB
MemFree:          185544 kB
MemAvailable:    1468552 kB
Buffers:          106588 kB
Cached:          1188932 kB
MemTotal:        1844596 kB
MemFree:          184636 kB
MemAvailable:    1467644 kB
Buffers:          106588 kB
Cached:          1188932 kB
MemTotal:        1844596 kB
MemFree:          185320 kB
MemAvailable:    1468328 kB
Buffers:          106588 kB
Cached:          1188932 kB
MemTotal:        1844596 kB
MemFree:          185572 kB
MemAvailable:    1468580 kB
Buffers:          106588 kB
Cached:          1188932 kB
MemTotal:        1844596 kB
MemFree:          183960 kB
MemAvailable:    1466968 kB
Buffers:          106588 kB
Cached:          1188932 kB
MemTotal:        1844596 kB
MemFree:          184092 kB
MemAvailable:    1467100 kB
Buffers:          106588 kB
Cached:          1188932 kB
MemTotal:        1844596 kB
MemFree:          185580 kB
MemAvailable:    1468588 kB
Buffers:          106588 kB
Cached:          1188932 kB
MemTotal:        1844596 kB
MemFree:          185332 kB
MemAvailable:    1468340 kB
Buffers:          106588 kB
Cached:          1188932 kB
MemTotal:        1844596 kB
MemFree:          184084 kB
MemAvailable:    1467092 kB
Buffers:          106588 kB
Cached:          1188932 kB
MemTotal:        1844596 kB
MemFree:          184084 kB
MemAvailable:    1467092 kB
Buffers:          106588 kB
Cached:          1188932 kB
MemTotal:        1844596 kB
MemFree:          184208 kB
MemAvailable:    1467216 kB
Buffers:          106588 kB
Cached:          1188932 kB
MemTotal:        1844596 kB
MemFree:          184208 kB
MemAvailable:    1467216 kB
Buffers:          106588 kB
Cached:          1188932 kB
MemTotal:        1844596 kB
MemFree:          185448 kB
MemAvailable:    1468456 kB
Buffers:          106588 kB
Cached:          1188932 kB
MemTotal:        1844596 kB
MemFree:          184244 kB
MemAvailable:    1467252 kB
Buffers:          106588 kB
Cached:          1188932 kB
MemTotal:        1844596 kB
MemFree:          184112 kB
MemAvailable:    1467120 kB
Buffers:          106588 kB
Cached:          1188932 kB
MemTotal:        1844596 kB
MemFree:          185172 kB
MemAvailable:    1468180 kB
Buffers:          106588 kB
Cached:          1188932 kB
MemTotal:        1844596 kB
MemFree:          185424 kB
MemAvailable:    1468432 kB
Buffers:          106588 kB
Cached:          1188932 kB
MemTotal:        1844596 kB
MemFree:          185368 kB
MemAvailable:    1468376 kB
Buffers:          106588 kB
Cached:          1188932 kB
MemTotal:        1844596 kB
MemFree:          185364 kB
MemAvailable:    1468380 kB
Buffers:          106588 kB
Cached:          1188940 kB
MemTotal:        1844596 kB
MemFree:          184644 kB
MemAvailable:    1467660 kB
Buffers:          106588 kB
Cached:          1188940 kB
MemTotal:        1844596 kB
MemFree:          185372 kB
MemAvailable:    1468388 kB
Buffers:          106588 kB
Cached:          1188940 kB
MemTotal:        1844596 kB
MemFree:          185504 kB
MemAvailable:    1468520 kB
Buffers:          106588 kB
Cached:          1188940 kB
MemTotal:        1844596 kB
MemFree:          185284 kB
MemAvailable:    1468300 kB
Buffers:          106588 kB
Cached:          1188940 kB
MemTotal:        1844596 kB
MemFree:          185504 kB
MemAvailable:    1468520 kB
Buffers:          106588 kB
Cached:          1188940 kB
MemTotal:        1844596 kB
MemFree:          185060 kB
MemAvailable:    1468076 kB
Buffers:          106588 kB
Cached:          1188940 kB
MemTotal:        1844596 kB
MemFree:          185396 kB
MemAvailable:    1468412 kB
Buffers:          106588 kB
Cached:          1188940 kB
MemTotal:        1844596 kB
MemFree:          185372 kB
MemAvailable:    1468388 kB
Buffers:          106588 kB
Cached:          1188940 kB
MemTotal:        1844596 kB
MemFree:          184396 kB
MemAvailable:    1467412 kB
Buffers:          106588 kB
Cached:          1188940 kB
MemTotal:        1844596 kB
MemFree:          185680 kB
MemAvailable:    1468696 kB
Buffers:          106588 kB
Cached:          1188940 kB
MemTotal:        1844596 kB
MemFree:          184388 kB
MemAvailable:    1467404 kB
Buffers:          106588 kB
Cached:          1188940 kB
MemTotal:        1844596 kB
MemFree:          185316 kB
MemAvailable:    1468332 kB
Buffers:          106588 kB
Cached:          1188940 kB
MemTotal:        1844596 kB
MemFree:          184496 kB
MemAvailable:    1467512 kB
Buffers:          106588 kB
Cached:          1188940 kB
MemTotal:        1844596 kB
MemFree:          184332 kB
MemAvailable:    1467348 kB
Buffers:          106588 kB
Cached:          1188940 kB
MemTotal:        1844596 kB
MemFree:          184240 kB
MemAvailable:    1467256 kB
Buffers:          106588 kB
Cached:          1188940 kB
MemTotal:        1844596 kB
MemFree:          184408 kB
MemAvailable:    1467424 kB
Buffers:          106588 kB
Cached:          1188940 kB
MemTotal:        1844596 kB
MemFree:          184124 kB
MemAvailable:    1467140 kB
Buffers:          106588 kB
Cached:          1188940 kB
MemTotal:        1844596 kB
MemFree:          183892 kB
MemAvailable:    1466908 kB
Buffers:          106588 kB
Cached:          1188940 kB
MemTotal:        1844596 kB
MemFree:          182844 kB
MemAvailable:    1465860 kB
Buffers:          106588 kB
Cached:          1188940 kB
MemTotal:        1844596 kB
MemFree:          183940 kB
MemAvailable:    1466956 kB
Buffers:          106588 kB
Cached:          1188940 kB
MemTotal:        1844596 kB
MemFree:          183940 kB
MemAvailable:    1466956 kB
Buffers:          106588 kB
Cached:          1188940 kB
MemTotal:        1844596 kB
MemFree:          184200 kB
MemAvailable:    1467216 kB
Buffers:          106588 kB
Cached:          1188940 kB
MemTotal:        1844596 kB
MemFree:          184200 kB
MemAvailable:    1467216 kB
Buffers:          106588 kB
Cached:          1188940 kB
MemTotal:        1844596 kB
MemFree:          182844 kB
MemAvailable:    1465860 kB
Buffers:          106588 kB
Cached:          1188940 kB
MemTotal:        1844596 kB
MemFree:          183952 kB
MemAvailable:    1466968 kB
Buffers:          106588 kB
Cached:          1188940 kB
MemTotal:        1844596 kB
MemFree:          183952 kB
MemAvailable:    1466968 kB
Buffers:          106588 kB
Cached:          1188940 kB
MemTotal:        1844596 kB
MemFree:          183720 kB
MemAvailable:    1466736 kB
Buffers:          106588 kB
Cached:          1188940 kB
MemTotal:        1844596 kB
MemFree:          184068 kB
MemAvailable:    1467084 kB
Buffers:          106588 kB
Cached:          1188940 kB
MemTotal:        1844596 kB
MemFree:          183148 kB
MemAvailable:    1466164 kB
Buffers:          106588 kB
Cached:          1188940 kB
MemTotal:        1844596 kB
MemFree:          183588 kB
MemAvailable:    1466608 kB
Buffers:          106588 kB
Cached:          1188944 kB
MemTotal:        1844596 kB
MemFree:          183840 kB
MemAvailable:    1466860 kB
Buffers:          106588 kB
Cached:          1188944 kB
MemTotal:        1844596 kB
MemFree:          182488 kB
MemAvailable:    1465508 kB
Buffers:          106588 kB
Cached:          1188944 kB
MemTotal:        1844596 kB
MemFree:          183948 kB
MemAvailable:    1466968 kB
Buffers:          106588 kB
Cached:          1188944 kB
MemTotal:        1844596 kB
MemFree:          183256 kB
MemAvailable:    1466276 kB
Buffers:          106588 kB
Cached:          1188944 kB
MemTotal:        1844596 kB
MemFree:          183508 kB
MemAvailable:    1466528 kB
Buffers:          106588 kB
Cached:          1188944 kB
MemTotal:        1844596 kB
MemFree:          182520 kB
MemAvailable:    1465540 kB
Buffers:          106588 kB
Cached:          1188944 kB
MemTotal:        1844596 kB
MemFree:          183820 kB
MemAvailable:    1466840 kB
Buffers:          106588 kB
Cached:          1188944 kB
MemTotal:        1844596 kB
MemFree:          183616 kB
MemAvailable:    1466636 kB
Buffers:          106588 kB
Cached:          1188944 kB
MemTotal:        1844596 kB
MemFree:          183868 kB
MemAvailable:    1466888 kB
Buffers:          106588 kB
Cached:          1188944 kB
MemTotal:        1844596 kB
MemFree:          179976 kB
MemAvailable:    1462996 kB
Buffers:          106588 kB
Cached:          1188944 kB
MemTotal:        1844596 kB
MemFree:          175072 kB
MemAvailable:    1458092 kB
Buffers:          106588 kB
Cached:          1188944 kB
MemTotal:        1844596 kB
MemFree:          174468 kB
MemAvailable:    1457488 kB
Buffers:          106588 kB
Cached:          1188944 kB
MemTotal:        1844596 kB
MemFree:          171864 kB
MemAvailable:    1454884 kB
Buffers:          106588 kB
Cached:          1188944 kB
MemTotal:        1844596 kB
MemFree:          172344 kB
MemAvailable:    1455364 kB
Buffers:          106588 kB
Cached:          1188944 kB
MemTotal:        1844596 kB
MemFree:          172236 kB
MemAvailable:    1455256 kB
Buffers:          106588 kB
Cached:          1188944 kB
MemTotal:        1844596 kB
MemFree:          170816 kB
MemAvailable:    1453836 kB
Buffers:          106588 kB
Cached:          1188944 kB
MemTotal:        1844596 kB
MemFree:          171924 kB
MemAvailable:    1454944 kB
Buffers:          106588 kB
Cached:          1188944 kB
MemTotal:        1844596 kB
MemFree:          170808 kB
MemAvailable:    1453828 kB
Buffers:          106588 kB
Cached:          1188944 kB
MemTotal:        1844596 kB
MemFree:          171544 kB
MemAvailable:    1454564 kB
Buffers:          106588 kB
Cached:          1188944 kB
MemTotal:        1844596 kB
MemFree:          170260 kB
MemAvailable:    1453280 kB
Buffers:          106588 kB
Cached:          1188944 kB
MemTotal:        1844596 kB
MemFree:          170236 kB
MemAvailable:    1453256 kB
Buffers:          106588 kB
Cached:          1188944 kB
MemTotal:        1844596 kB
MemFree:          170572 kB
MemAvailable:    1453592 kB
Buffers:          106588 kB
Cached:          1188944 kB
MemTotal:        1844596 kB
MemFree:          169136 kB
MemAvailable:    1452156 kB
Buffers:          106588 kB
Cached:          1188944 kB
MemTotal:        1844596 kB
MemFree:          168756 kB
MemAvailable:    1451776 kB
Buffers:          106588 kB
Cached:          1188944 kB
MemTotal:        1844596 kB
MemFree:          168648 kB
MemAvailable:    1451668 kB
Buffers:          106588 kB
Cached:          1188944 kB
MemTotal:        1844596 kB
MemFree:          167352 kB
MemAvailable:    1450372 kB
Buffers:          106588 kB
Cached:          1188944 kB
MemTotal:        1844596 kB
MemFree:          168632 kB
MemAvailable:    1451652 kB
Buffers:          106588 kB
Cached:          1188944 kB
MemTotal:        1844596 kB
MemFree:          168884 kB
MemAvailable:    1451904 kB
Buffers:          106588 kB
Cached:          1188944 kB
MemTotal:        1844596 kB
MemFree:          168460 kB
MemAvailable:    1451480 kB
Buffers:          106588 kB
Cached:          1188944 kB
MemTotal:        1844596 kB
MemFree:          168716 kB
MemAvailable:    1451736 kB
Buffers:          106588 kB
Cached:          1188944 kB
MemTotal:        1844596 kB
MemFree:          167256 kB
MemAvailable:    1450276 kB
Buffers:          106588 kB
Cached:          1188944 kB
MemTotal:        1844596 kB
MemFree:          167896 kB
MemAvailable:    1450916 kB
Buffers:          106588 kB
Cached:          1188944 kB
MemTotal:        1844596 kB
MemFree:          168336 kB
MemAvailable:    1451360 kB
Buffers:          106588 kB
Cached:          1188948 kB
MemTotal:        1844596 kB
MemFree:          168672 kB
MemAvailable:    1451696 kB
Buffers:          106588 kB
Cached:          1188948 kB
MemTotal:        1844596 kB
MemFree:          167352 kB
MemAvailable:    1450376 kB
Buffers:          106588 kB
Cached:          1188948 kB
MemTotal:        1844596 kB
MemFree:          168508 kB
MemAvailable:    1451532 kB
Buffers:          106588 kB
Cached:          1188948 kB
MemTotal:        1844596 kB
MemFree:          168276 kB
MemAvailable:    1451300 kB
Buffers:          106588 kB
Cached:          1188948 kB
MemTotal:        1844596 kB
MemFree:          168004 kB
MemAvailable:    1451028 kB
Buffers:          106588 kB
Cached:          1188948 kB
MemTotal:        1844596 kB
MemFree:          167524 kB
MemAvailable:    1450548 kB
Buffers:          106588 kB
Cached:          1188948 kB
MemTotal:        1844596 kB
MemFree:          167644 kB
MemAvailable:    1450668 kB
Buffers:          106588 kB
Cached:          1188948 kB
MemTotal:        1844596 kB
MemFree:          167088 kB
MemAvailable:    1450112 kB
Buffers:          106588 kB
Cached:          1188948 kB
MemTotal:        1844596 kB
MemFree:          165912 kB
MemAvailable:    1448936 kB
Buffers:          106588 kB
Cached:          1188948 kB
MemTotal:        1844596 kB
MemFree:          166352 kB
MemAvailable:    1449376 kB
Buffers:          106588 kB
Cached:          1188948 kB
MemTotal:        1844596 kB
MemFree:          165336 kB
MemAvailable:    1448360 kB
Buffers:          106588 kB
Cached:          1188948 kB
MemTotal:        1844596 kB
MemFree:          165168 kB
MemAvailable:    1448192 kB
Buffers:          106588 kB
Cached:          1188948 kB
MemTotal:        1844596 kB
MemFree:          164788 kB
MemAvailable:    1447816 kB
Buffers:          106588 kB
Cached:          1188952 kB
MemTotal:        1844596 kB
MemFree:          165476 kB
MemAvailable:    1448504 kB
Buffers:          106588 kB
Cached:          1188952 kB
MemTotal:        1844596 kB
MemFree:          165408 kB
MemAvailable:    1448436 kB
Buffers:          106588 kB
Cached:          1188952 kB
MemTotal:        1844596 kB
MemFree:          163920 kB
MemAvailable:    1446948 kB
Buffers:          106588 kB
Cached:          1188952 kB
MemTotal:        1844596 kB
MemFree:          163912 kB
MemAvailable:    1446940 kB
Buffers:          106588 kB
Cached:          1188952 kB
MemTotal:        1844596 kB
MemFree:          163556 kB
MemAvailable:    1446584 kB
Buffers:          106588 kB
Cached:          1188952 kB
MemTotal:        1844596 kB
MemFree:          163556 kB
MemAvailable:    1446584 kB
Buffers:          106588 kB
Cached:          1188952 kB
MemTotal:        1844596 kB
MemFree:          163432 kB
MemAvailable:    1446460 kB
Buffers:          106588 kB
Cached:          1188952 kB
MemTotal:        1844596 kB
MemFree:          164664 kB
MemAvailable:    1447692 kB
Buffers:          106588 kB
Cached:          1188952 kB
MemTotal:        1844596 kB
MemFree:          164500 kB
MemAvailable:    1447528 kB
Buffers:          106588 kB
Cached:          1188952 kB
MemTotal:        1844596 kB
MemFree:          163424 kB
MemAvailable:    1446452 kB
Buffers:          106588 kB
Cached:          1188952 kB
MemTotal:        1844596 kB
MemFree:          164492 kB
MemAvailable:    1447520 kB
Buffers:          106588 kB
Cached:          1188952 kB
MemTotal:        1844596 kB
MemFree:          164652 kB
MemAvailable:    1447680 kB
Buffers:          106588 kB
Cached:          1188952 kB
MemTotal:        1844596 kB
MemFree:          164488 kB
MemAvailable:    1447516 kB
Buffers:          106588 kB
Cached:          1188952 kB
MemTotal:        1844596 kB
MemFree:          163116 kB
MemAvailable:    1446144 kB
Buffers:          106588 kB
Cached:          1188952 kB
MemTotal:        1844596 kB
MemFree:          164356 kB
MemAvailable:    1447384 kB
Buffers:          106588 kB
Cached:          1188952 kB
MemTotal:        1844596 kB
MemFree:          164392 kB
MemAvailable:    1447420 kB
Buffers:          106588 kB
Cached:          1188952 kB
MemTotal:        1844596 kB
MemFree:          164124 kB
MemAvailable:    1447152 kB
Buffers:          106588 kB
Cached:          1188952 kB
MemTotal:        1844596 kB
MemFree:          164052 kB
MemAvailable:    1447080 kB
Buffers:          106588 kB
Cached:          1188952 kB
MemTotal:        1844596 kB
MemFree:          163048 kB
MemAvailable:    1446076 kB
Buffers:          106588 kB
Cached:          1188952 kB
MemTotal:        1844596 kB
MemFree:          164288 kB
MemAvailable:    1447316 kB
Buffers:          106588 kB
Cached:          1188952 kB
MemTotal:        1844596 kB
MemFree:          164176 kB
MemAvailable:    1447204 kB
Buffers:          106588 kB
Cached:          1188952 kB
MemTotal:        1844596 kB
MemFree:          163036 kB
MemAvailable:    1446064 kB
Buffers:          106588 kB
Cached:          1188952 kB
MemTotal:        1844596 kB
MemFree:          162912 kB
MemAvailable:    1445940 kB
Buffers:          106588 kB
Cached:          1188952 kB
MemTotal:        1844596 kB
MemFree:          163036 kB
MemAvailable:    1446064 kB
Buffers:          106588 kB
Cached:          1188952 kB
MemTotal:        1844596 kB
MemFree:          164360 kB
MemAvailable:    1447388 kB
Buffers:          106588 kB
Cached:          1188952 kB
MemTotal:        1844596 kB
MemFree:          163432 kB
MemAvailable:    1446460 kB
Buffers:          106588 kB
Cached:          1188952 kB
MemTotal:        1844596 kB
MemFree:          163308 kB
MemAvailable:    1446340 kB
Buffers:          106588 kB
Cached:          1188956 kB
MemTotal:        1844596 kB
MemFree:          164548 kB
MemAvailable:    1447580 kB
Buffers:          106588 kB
Cached:          1188956 kB
MemTotal:        1844596 kB
MemFree:          163308 kB
MemAvailable:    1446340 kB
Buffers:          106588 kB
Cached:          1188956 kB
MemTotal:        1844596 kB
MemFree:          163044 kB
MemAvailable:    1446076 kB
Buffers:          106588 kB
Cached:          1188956 kB
MemTotal:        1844596 kB
MemFree:          163044 kB
MemAvailable:    1446076 kB
Buffers:          106588 kB
Cached:          1188956 kB
MemTotal:        1844596 kB
MemFree:          162756 kB
MemAvailable:    1445788 kB
Buffers:          106588 kB
Cached:          1188956 kB
MemTotal:        1844596 kB
MemFree:          161636 kB
MemAvailable:    1444668 kB
Buffers:          106588 kB
Cached:          1188956 kB
MemTotal:        1844596 kB
MemFree:          162176 kB
MemAvailable:    1445208 kB
Buffers:          106588 kB
Cached:          1188956 kB
MemTotal:        1844596 kB
MemFree:          162176 kB
MemAvailable:    1445208 kB
Buffers:          106588 kB
Cached:          1188956 kB
MemTotal:        1844596 kB
MemFree:          159092 kB
MemAvailable:    1442124 kB
Buffers:          106588 kB
Cached:          1188956 kB
MemTotal:        1844596 kB
MemFree:          157904 kB
MemAvailable:    1440936 kB
Buffers:          106588 kB
Cached:          1188956 kB
MemTotal:        1844596 kB
MemFree:          156612 kB
MemAvailable:    1439644 kB
Buffers:          106588 kB
Cached:          1188956 kB
MemTotal:        1844596 kB
MemFree:          152564 kB
MemAvailable:    1435596 kB
Buffers:          106588 kB
Cached:          1188956 kB
MemTotal:        1844596 kB
MemFree:          149668 kB
MemAvailable:    1432700 kB
Buffers:          106588 kB
Cached:          1188956 kB
MemTotal:        1844596 kB
MemFree:          147808 kB
MemAvailable:    1430840 kB
Buffers:          106588 kB
Cached:          1188956 kB
MemTotal:        1844596 kB
MemFree:          144956 kB
MemAvailable:    1427988 kB
Buffers:          106588 kB
Cached:          1188956 kB
MemTotal:        1844596 kB
MemFree:          145768 kB
MemAvailable:    1428800 kB
Buffers:          106588 kB
Cached:          1188956 kB
MemTotal:        1844596 kB
MemFree:          145740 kB
MemAvailable:    1428772 kB
Buffers:          106588 kB
Cached:          1188956 kB
MemTotal:        1844596 kB
MemFree:          144516 kB
MemAvailable:    1427548 kB
Buffers:          106588 kB
Cached:          1188956 kB
MemTotal:        1844596 kB
MemFree:          144640 kB
MemAvailable:    1427672 kB
Buffers:          106588 kB
Cached:          1188956 kB
MemTotal:        1844596 kB
MemFree:          144640 kB
MemAvailable:    1427672 kB
Buffers:          106588 kB
Cached:          1188956 kB
MemTotal:        1844596 kB
MemFree:          145756 kB
MemAvailable:    1428788 kB
Buffers:          106588 kB
Cached:          1188956 kB
MemTotal:        1844596 kB
MemFree:          145080 kB
MemAvailable:    1428112 kB
Buffers:          106588 kB
Cached:          1188956 kB
MemTotal:        1844596 kB
MemFree:          145828 kB
MemAvailable:    1428860 kB
Buffers:          106588 kB
Cached:          1188956 kB
MemTotal:        1844596 kB
MemFree:          144444 kB
MemAvailable:    1427476 kB
Buffers:          106588 kB
Cached:          1188956 kB
MemTotal:        1844596 kB
MemFree:          144708 kB
MemAvailable:    1427740 kB
Buffers:          106588 kB
Cached:          1188956 kB
MemTotal:        1844596 kB
MemFree:          145524 kB
MemAvailable:    1428556 kB
Buffers:          106588 kB
Cached:          1188956 kB
MemTotal:        1844596 kB
MemFree:          145620 kB
MemAvailable:    1428652 kB
Buffers:          106588 kB
Cached:          1188956 kB
MemTotal:        1844596 kB
MemFree:          144148 kB
MemAvailable:    1427180 kB
Buffers:          106588 kB
Cached:          1188956 kB
MemTotal:        1844596 kB
MemFree:          144824 kB
MemAvailable:    1427856 kB
Buffers:          106588 kB
Cached:          1188956 kB
MemTotal:        1844596 kB
MemFree:          144712 kB
MemAvailable:    1427744 kB
Buffers:          106588 kB
Cached:          1188956 kB
MemTotal:        1844596 kB
MemFree:          143716 kB
MemAvailable:    1426748 kB
Buffers:          106588 kB
Cached:          1188956 kB
MemTotal:        1844596 kB
MemFree:          144648 kB
MemAvailable:    1427680 kB
Buffers:          106588 kB
Cached:          1188956 kB
MemTotal:        1844596 kB
MemFree:          144900 kB
MemAvailable:    1427932 kB
Buffers:          106588 kB
Cached:          1188956 kB
MemTotal:        1844596 kB
MemFree:          143724 kB
MemAvailable:    1426756 kB
Buffers:          106588 kB
Cached:          1188956 kB
MemTotal:        1844596 kB
MemFree:          143724 kB
MemAvailable:    1426756 kB
Buffers:          106588 kB
Cached:          1188956 kB
MemTotal:        1844596 kB
MemFree:          144876 kB
MemAvailable:    1427908 kB
Buffers:          106588 kB
Cached:          1188956 kB
MemTotal:        1844596 kB
MemFree:          144644 kB
MemAvailable:    1427676 kB
Buffers:          106588 kB
Cached:          1188956 kB
MemTotal:        1844596 kB
MemFree:          144444 kB
MemAvailable:    1427476 kB
Buffers:          106588 kB
Cached:          1188956 kB
MemTotal:        1844596 kB
MemFree:          144700 kB
MemAvailable:    1427732 kB
Buffers:          106588 kB
Cached:          1188956 kB
MemTotal:        1844596 kB
MemFree:          144528 kB
MemAvailable:    1427560 kB
Buffers:          106588 kB
Cached:          1188956 kB
MemTotal:        1844596 kB
MemFree:          143716 kB
MemAvailable:    1426748 kB
Buffers:          106588 kB
Cached:          1188956 kB
MemTotal:        1844596 kB
MemFree:          144584 kB
MemAvailable:    1427616 kB
Buffers:          106588 kB
Cached:          1188956 kB
MemTotal:        1844596 kB
MemFree:          143840 kB
MemAvailable:    1426872 kB
Buffers:          106588 kB
Cached:          1188956 kB
MemTotal:        1844596 kB
MemFree:          143416 kB
MemAvailable:    1426448 kB
Buffers:          106588 kB
Cached:          1188956 kB
MemTotal:        1844596 kB
MemFree:          143452 kB
MemAvailable:    1426484 kB
Buffers:          106588 kB
Cached:          1188956 kB
MemTotal:        1844596 kB
MemFree:          144668 kB
MemAvailable:    1427704 kB
Buffers:          106588 kB
Cached:          1188960 kB
MemTotal:        1844596 kB
MemFree:          143972 kB
MemAvailable:    1427008 kB
Buffers:          106588 kB
Cached:          1188960 kB
MemTotal:        1844596 kB
MemFree:          144412 kB
MemAvailable:    1427448 kB
Buffers:          106588 kB
Cached:          1188960 kB
MemTotal:        1844596 kB
MemFree:          144748 kB
MemAvailable:    1427784 kB
Buffers:          106588 kB
Cached:          1188960 kB
MemTotal:        1844596 kB
MemFree:          140112 kB
MemAvailable:    1423148 kB
Buffers:          106588 kB
Cached:          1188960 kB
MemTotal:        1844596 kB
MemFree:          140112 kB
MemAvailable:    1423148 kB
Buffers:          106588 kB
Cached:          1188960 kB
MemTotal:        1844596 kB
MemFree:          135392 kB
MemAvailable:    1418428 kB
Buffers:          106588 kB
Cached:          1188960 kB
MemTotal:        1844596 kB
MemFree:          135476 kB
MemAvailable:    1418512 kB
Buffers:          106588 kB
Cached:          1188960 kB
MemTotal:        1844596 kB
MemFree:          131076 kB
MemAvailable:    1414112 kB
Buffers:          106588 kB
Cached:          1188960 kB
MemTotal:        1844596 kB
MemFree:          128904 kB
MemAvailable:    1411940 kB
Buffers:          106588 kB
Cached:          1188960 kB
MemTotal:        1844596 kB
MemFree:          125620 kB
MemAvailable:    1408656 kB
Buffers:          106588 kB
Cached:          1188960 kB
MemTotal:        1844596 kB
MemFree:          126540 kB
MemAvailable:    1409576 kB
Buffers:          106588 kB
Cached:          1188960 kB
MemTotal:        1844596 kB
MemFree:          125504 kB
MemAvailable:    1408540 kB
Buffers:          106588 kB
Cached:          1188960 kB
MemTotal:        1844596 kB
MemFree:          126244 kB
MemAvailable:    1409280 kB
Buffers:          106588 kB
Cached:          1188960 kB
MemTotal:        1844596 kB
MemFree:          125248 kB
MemAvailable:    1408284 kB
Buffers:          106588 kB
Cached:          1188960 kB
MemTotal:        1844596 kB
MemFree:          125868 kB
MemAvailable:    1408904 kB
Buffers:          106588 kB
Cached:          1188960 kB
MemTotal:        1844596 kB
MemFree:          126304 kB
MemAvailable:    1409340 kB
Buffers:          106588 kB
Cached:          1188960 kB
MemTotal:        1844596 kB
MemFree:          126556 kB
MemAvailable:    1409592 kB
Buffers:          106588 kB
Cached:          1188960 kB
MemTotal:        1844596 kB
MemFree:          125076 kB
MemAvailable:    1408112 kB
Buffers:          106588 kB
Cached:          1188960 kB
MemTotal:        1844596 kB
MemFree:          126436 kB
MemAvailable:    1409472 kB
Buffers:          106588 kB
Cached:          1188960 kB
MemTotal:        1844596 kB
MemFree:          125232 kB
MemAvailable:    1408268 kB
Buffers:          106588 kB
Cached:          1188960 kB
MemTotal:        1844596 kB
MemFree:          126548 kB
MemAvailable:    1409584 kB
Buffers:          106588 kB
Cached:          1188960 kB
MemTotal:        1844596 kB
MemFree:          126232 kB
MemAvailable:    1409268 kB
Buffers:          106588 kB
Cached:          1188960 kB
MemTotal:        1844596 kB
MemFree:          126488 kB
MemAvailable:    1409524 kB
Buffers:          106588 kB
Cached:          1188960 kB
MemTotal:        1844596 kB
MemFree:          126348 kB
MemAvailable:    1409384 kB
Buffers:          106588 kB
Cached:          1188960 kB
MemTotal:        1844596 kB
MemFree:          126240 kB
MemAvailable:    1409276 kB
Buffers:          106588 kB
Cached:          1188960 kB
MemTotal:        1844596 kB
MemFree:          126360 kB
MemAvailable:    1409396 kB
Buffers:          106588 kB
Cached:          1188960 kB
MemTotal:        1844596 kB
MemFree:          125312 kB
MemAvailable:    1408348 kB
Buffers:          106588 kB
Cached:          1188960 kB
MemTotal:        1844596 kB
MemFree:          125304 kB
MemAvailable:    1408340 kB
Buffers:          106588 kB
Cached:          1188960 kB
MemTotal:        1844596 kB
MemFree:          125348 kB
MemAvailable:    1408384 kB
Buffers:          106588 kB
Cached:          1188960 kB
MemTotal:        1844596 kB
MemFree:          125340 kB
MemAvailable:    1408376 kB
Buffers:          106588 kB
Cached:          1188960 kB
MemTotal:        1844596 kB
MemFree:          125300 kB
MemAvailable:    1408336 kB
Buffers:          106588 kB
Cached:          1188960 kB
MemTotal:        1844596 kB
MemFree:          125300 kB
MemAvailable:    1408336 kB
Buffers:          106588 kB
Cached:          1188960 kB
MemTotal:        1844596 kB
MemFree:          125300 kB
MemAvailable:    1408336 kB
Buffers:          106588 kB
Cached:          1188960 kB
MemTotal:        1844596 kB
MemFree:          125292 kB
MemAvailable:    1408328 kB
Buffers:          106588 kB
Cached:          1188960 kB
MemTotal:        1844596 kB
MemFree:          125168 kB
MemAvailable:    1408204 kB
Buffers:          106588 kB
Cached:          1188960 kB
MemTotal:        1844596 kB
MemFree:          126468 kB
MemAvailable:    1409504 kB
Buffers:          106588 kB
Cached:          1188960 kB
MemTotal:        1844596 kB
MemFree:          125752 kB
MemAvailable:    1408788 kB
Buffers:          106588 kB
Cached:          1188960 kB
MemTotal:        1844596 kB
MemFree:          126904 kB
MemAvailable:    1409944 kB
Buffers:          106588 kB
Cached:          1188964 kB
MemTotal:        1844596 kB
MemFree:          125744 kB
MemAvailable:    1408784 kB
Buffers:          106588 kB
Cached:          1188964 kB
MemTotal:        1844596 kB
MemFree:          126184 kB
MemAvailable:    1409224 kB
Buffers:          106588 kB
Cached:          1188964 kB
MemTotal:        1844596 kB
MemFree:          126520 kB
MemAvailable:    1409560 kB
Buffers:          106588 kB
Cached:          1188964 kB
MemTotal:        1844596 kB
MemFree:          126528 kB
MemAvailable:    1409568 kB
Buffers:          106588 kB
Cached:          1188964 kB
MemTotal:        1844596 kB
MemFree:          126436 kB
MemAvailable:    1409476 kB
Buffers:          106588 kB
Cached:          1188964 kB
MemTotal:        1844596 kB
MemFree:          125116 kB
MemAvailable:    1408156 kB
Buffers:          106588 kB
Cached:          1188964 kB
MemTotal:        1844596 kB
MemFree:          126308 kB
MemAvailable:    1409348 kB
Buffers:          106588 kB
Cached:          1188964 kB
MemTotal:        1844596 kB
MemFree:          126560 kB
MemAvailable:    1409600 kB
Buffers:          106588 kB
Cached:          1188964 kB
MemTotal:        1844596 kB
MemFree:          122512 kB
MemAvailable:    1405552 kB
Buffers:          106588 kB
Cached:          1188964 kB
MemTotal:        1844596 kB
MemFree:          122600 kB
MemAvailable:    1405640 kB
Buffers:          106588 kB
Cached:          1188964 kB
MemTotal:        1844596 kB
MemFree:          114948 kB
MemAvailable:    1397988 kB
Buffers:          106588 kB
Cached:          1188964 kB
MemTotal:        1844596 kB
MemFree:          115032 kB
MemAvailable:    1398072 kB
Buffers:          106588 kB
Cached:          1188964 kB
MemTotal:        1844596 kB
MemFree:          109624 kB
MemAvailable:    1392664 kB
Buffers:          106588 kB
Cached:          1188964 kB
MemTotal:        1844596 kB
MemFree:          109312 kB
MemAvailable:    1392352 kB
Buffers:          106588 kB
Cached:          1188964 kB
MemTotal:        1844596 kB
MemFree:          108012 kB
MemAvailable:    1391052 kB
Buffers:          106588 kB
Cached:          1188964 kB
MemTotal:        1844596 kB
MemFree:          108860 kB
MemAvailable:    1391900 kB
Buffers:          106588 kB
Cached:          1188964 kB
MemTotal:        1844596 kB
MemFree:          109196 kB
MemAvailable:    1392236 kB
Buffers:          106588 kB
Cached:          1188964 kB
MemTotal:        1844596 kB
MemFree:          108252 kB
MemAvailable:    1391292 kB
Buffers:          106588 kB
Cached:          1188964 kB
MemTotal:        1844596 kB
MemFree:          107896 kB
MemAvailable:    1390936 kB
Buffers:          106588 kB
Cached:          1188964 kB
MemTotal:        1844596 kB
MemFree:          108016 kB
MemAvailable:    1391056 kB
Buffers:          106588 kB
Cached:          1188964 kB
MemTotal:        1844596 kB
MemFree:          106964 kB
MemAvailable:    1390004 kB
Buffers:          106588 kB
Cached:          1188964 kB
MemTotal:        1844596 kB
MemFree:          108060 kB
MemAvailable:    1391100 kB
Buffers:          106588 kB
Cached:          1188964 kB
MemTotal:        1844596 kB
MemFree:          106744 kB
MemAvailable:    1389784 kB
Buffers:          106588 kB
Cached:          1188964 kB
MemTotal:        1844596 kB
MemFree:          107632 kB
MemAvailable:    1390672 kB
Buffers:          106588 kB
Cached:          1188964 kB
MemTotal:        1844596 kB
MemFree:          106904 kB
MemAvailable:    1389944 kB
Buffers:          106588 kB
Cached:          1188964 kB
MemTotal:        1844596 kB
MemFree:          106400 kB
MemAvailable:    1389440 kB
Buffers:          106588 kB
Cached:          1188964 kB
MemTotal:        1844596 kB
MemFree:          106516 kB
MemAvailable:    1389556 kB
Buffers:          106588 kB
Cached:          1188964 kB
MemTotal:        1844596 kB
MemFree:          107004 kB
MemAvailable:    1390044 kB
Buffers:          106588 kB
Cached:          1188964 kB
MemTotal:        1844596 kB
MemFree:          106524 kB
MemAvailable:    1389564 kB
Buffers:          106588 kB
Cached:          1188964 kB
MemTotal:        1844596 kB
MemFree:          106568 kB
MemAvailable:    1389608 kB
Buffers:          106588 kB
Cached:          1188964 kB
MemTotal:        1844596 kB
MemFree:          105036 kB
MemAvailable:    1388076 kB
Buffers:          106588 kB
Cached:          1188964 kB
MemTotal:        1844596 kB
MemFree:          104664 kB
MemAvailable:    1387704 kB
Buffers:          106588 kB
Cached:          1188964 kB
MemTotal:        1844596 kB
MemFree:          104896 kB
MemAvailable:    1387936 kB
Buffers:          106588 kB
Cached:          1188964 kB
MemTotal:        1844596 kB
MemFree:          105148 kB
MemAvailable:    1388188 kB
Buffers:          106588 kB
Cached:          1188964 kB
MemTotal:        1844596 kB
MemFree:          104416 kB
MemAvailable:    1387456 kB
Buffers:          106588 kB
Cached:          1188964 kB
MemTotal:        1844596 kB
MemFree:          103044 kB
MemAvailable:    1386084 kB
Buffers:          106588 kB
Cached:          1188964 kB
MemTotal:        1844596 kB
MemFree:          102184 kB
MemAvailable:    1385224 kB
Buffers:          106588 kB
Cached:          1188964 kB
MemTotal:        1844596 kB
MemFree:          102600 kB
MemAvailable:    1385648 kB
Buffers:          106588 kB
Cached:          1188972 kB
MemTotal:        1844596 kB
MemFree:          100944 kB
MemAvailable:    1383992 kB
Buffers:          106588 kB
Cached:          1188972 kB
MemTotal:        1844596 kB
MemFree:          101896 kB
MemAvailable:    1384944 kB
Buffers:          106588 kB
Cached:          1188972 kB
MemTotal:        1844596 kB
MemFree:          100820 kB
MemAvailable:    1383868 kB
Buffers:          106588 kB
Cached:          1188972 kB
MemTotal:        1844596 kB
MemFree:          101740 kB
MemAvailable:    1384788 kB
Buffers:          106588 kB
Cached:          1188972 kB
MemTotal:        1844596 kB
MemFree:          100648 kB
MemAvailable:    1383696 kB
Buffers:          106588 kB
Cached:          1188972 kB
MemTotal:        1844596 kB
MemFree:          100648 kB
MemAvailable:    1383696 kB
Buffers:          106588 kB
Cached:          1188972 kB
MemTotal:        1844596 kB
MemFree:          101924 kB
MemAvailable:    1384972 kB
Buffers:          106588 kB
Cached:          1188972 kB
MemTotal:        1844596 kB
MemFree:          101300 kB
MemAvailable:    1384348 kB
Buffers:          106588 kB
Cached:          1188972 kB
MemTotal:        1844596 kB
MemFree:          100076 kB
MemAvailable:    1383124 kB
Buffers:          106588 kB
Cached:          1188972 kB
MemTotal:        1844596 kB
MemFree:           99076 kB
MemAvailable:    1382124 kB
Buffers:          106588 kB
Cached:          1188972 kB
MemTotal:        1844596 kB
MemFree:           99084 kB
MemAvailable:    1382132 kB
Buffers:          106588 kB
Cached:          1188972 kB
MemTotal:        1844596 kB
MemFree:          100324 kB
MemAvailable:    1383372 kB
Buffers:          106588 kB
Cached:          1188972 kB
MemTotal:        1844596 kB
MemFree:           99340 kB
MemAvailable:    1382388 kB
Buffers:          106588 kB
Cached:          1188972 kB
MemTotal:        1844596 kB
MemFree:          100060 kB
MemAvailable:    1383108 kB
Buffers:          106588 kB
Cached:          1188972 kB
MemTotal:        1844596 kB
MemFree:          100192 kB
MemAvailable:    1383240 kB
Buffers:          106588 kB
Cached:          1188972 kB
MemTotal:        1844596 kB
MemFree:          100184 kB
MemAvailable:    1383232 kB
Buffers:          106588 kB
Cached:          1188972 kB
MemTotal:        1844596 kB
MemFree:          100436 kB
MemAvailable:    1383484 kB
Buffers:          106588 kB
Cached:          1188972 kB
MemTotal:        1844596 kB
MemFree:          100180 kB
MemAvailable:    1383228 kB
Buffers:          106588 kB
Cached:          1188972 kB
MemTotal:        1844596 kB
MemFree:          100436 kB
MemAvailable:    1383484 kB
Buffers:          106588 kB
Cached:          1188972 kB
MemTotal:        1844596 kB
MemFree:          100168 kB
MemAvailable:    1383216 kB
Buffers:          106588 kB
Cached:          1188972 kB
MemTotal:        1844596 kB
MemFree:          100324 kB
MemAvailable:    1383372 kB
Buffers:          106588 kB
Cached:          1188972 kB
MemTotal:        1844596 kB
MemFree:           99072 kB
MemAvailable:    1382120 kB
Buffers:          106588 kB
Cached:          1188972 kB
MemTotal:        1844596 kB
MemFree:          100140 kB
MemAvailable:    1383188 kB
Buffers:          106588 kB
Cached:          1188972 kB
MemTotal:        1844596 kB
MemFree:          100184 kB
MemAvailable:    1383232 kB
Buffers:          106588 kB
Cached:          1188972 kB
MemTotal:        1844596 kB
MemFree:          100184 kB
MemAvailable:    1383232 kB
Buffers:          106588 kB
Cached:          1188972 kB
MemTotal:        1844596 kB
MemFree:           98960 kB
MemAvailable:    1382008 kB
Buffers:          106588 kB
Cached:          1188972 kB
MemTotal:        1844596 kB
MemFree:           98960 kB
MemAvailable:    1382008 kB
Buffers:          106588 kB
Cached:          1188972 kB
MemTotal:        1844596 kB
MemFree:          100152 kB
MemAvailable:    1383200 kB
Buffers:          106588 kB
Cached:          1188972 kB
MemTotal:        1844596 kB
MemFree:          100152 kB
MemAvailable:    1383200 kB
Buffers:          106588 kB
Cached:          1188972 kB
MemTotal:        1844596 kB
MemFree:          100104 kB
MemAvailable:    1383152 kB
Buffers:          106588 kB
Cached:          1188972 kB
MemTotal:        1844596 kB
MemFree:          100324 kB
MemAvailable:    1383372 kB
Buffers:          106588 kB
Cached:          1188972 kB
MemTotal:        1844596 kB
MemFree:          100072 kB
MemAvailable:    1383120 kB
Buffers:          106588 kB
Cached:          1188972 kB
MemTotal:        1844596 kB
MemFree:          100204 kB
MemAvailable:    1383252 kB
Buffers:          106588 kB
Cached:          1188972 kB
MemTotal:        1844596 kB
MemFree:           99064 kB
MemAvailable:    1382112 kB
Buffers:          106588 kB
Cached:          1188972 kB
MemTotal:        1844596 kB
MemFree:          100124 kB
MemAvailable:    1383172 kB
Buffers:          106588 kB
Cached:          1188972 kB
MemTotal:        1844596 kB
MemFree:          100076 kB
MemAvailable:    1383124 kB
Buffers:          106588 kB
Cached:          1188972 kB
MemTotal:        1844596 kB
MemFree:          100180 kB
MemAvailable:    1383228 kB
Buffers:          106588 kB
Cached:          1188972 kB
MemTotal:        1844596 kB
MemFree:          100436 kB
MemAvailable:    1383484 kB
Buffers:          106588 kB
Cached:          1188972 kB
MemTotal:        1844596 kB
MemFree:          100000 kB
MemAvailable:    1383048 kB
Buffers:          106588 kB
Cached:          1188972 kB
MemTotal:        1844596 kB
MemFree:          100144 kB
MemAvailable:    1383192 kB
Buffers:          106588 kB
Cached:          1188972 kB
MemTotal:        1844596 kB
MemFree:          100312 kB
MemAvailable:    1383360 kB
Buffers:          106588 kB
Cached:          1188972 kB
MemTotal:        1844596 kB
MemFree:           99188 kB
MemAvailable:    1382236 kB
Buffers:          106588 kB
Cached:          1188972 kB
MemTotal:        1844596 kB
MemFree:          100116 kB
MemAvailable:    1383164 kB
Buffers:          106588 kB
Cached:          1188972 kB
MemTotal:        1844596 kB
MemFree:           98892 kB
MemAvailable:    1381940 kB
Buffers:          106588 kB
Cached:          1188972 kB
MemTotal:        1844596 kB
MemFree:           99264 kB
MemAvailable:    1382312 kB
Buffers:          106588 kB
Cached:          1188972 kB
MemTotal:        1844596 kB
MemFree:           98892 kB
MemAvailable:    1381940 kB
Buffers:          106588 kB
Cached:          1188972 kB
MemTotal:        1844596 kB
MemFree:           99176 kB
MemAvailable:    1382224 kB
Buffers:          106588 kB
Cached:          1188972 kB
MemTotal:        1844596 kB
MemFree:          100228 kB
MemAvailable:    1383276 kB
Buffers:          106588 kB
Cached:          1188972 kB
MemTotal:        1844596 kB
MemFree:           99044 kB
MemAvailable:    1382092 kB
Buffers:          106588 kB
Cached:          1188972 kB
MemTotal:        1844596 kB
MemFree:           99004 kB
MemAvailable:    1382052 kB
Buffers:          106588 kB
Cached:          1188972 kB
MemTotal:        1844596 kB
MemFree:          100244 kB
MemAvailable:    1383292 kB
Buffers:          106588 kB
Cached:          1188972 kB
MemTotal:        1844596 kB
MemFree:          100220 kB
MemAvailable:    1383268 kB
Buffers:          106588 kB
Cached:          1188972 kB
MemTotal:        1844596 kB
MemFree:           98912 kB
MemAvailable:    1381960 kB
Buffers:          106588 kB
Cached:          1188972 kB
MemTotal:        1844596 kB
MemFree:           96232 kB
MemAvailable:    1379280 kB
Buffers:          106588 kB
Cached:          1188972 kB
MemTotal:        1844596 kB
MemFree:           94084 kB
MemAvailable:    1377132 kB
Buffers:          106588 kB
Cached:          1188972 kB
MemTotal:        1844596 kB
MemFree:           91652 kB
MemAvailable:    1374700 kB
Buffers:          106588 kB
Cached:          1188972 kB
MemTotal:        1844596 kB
MemFree:           90116 kB
MemAvailable:    1373168 kB
Buffers:          106588 kB
Cached:          1188976 kB
MemTotal:        1844596 kB
MemFree:           87180 kB
MemAvailable:    1370232 kB
Buffers:          106588 kB
Cached:          1188976 kB
MemTotal:        1844596 kB
MemFree:           83940 kB
MemAvailable:    1366992 kB
Buffers:          106588 kB
Cached:          1188976 kB
MemTotal:        1844596 kB
MemFree:           84028 kB
MemAvailable:    1367080 kB
Buffers:          106588 kB
Cached:          1188976 kB
MemTotal:        1844596 kB
MemFree:           81104 kB
MemAvailable:    1364156 kB
Buffers:          106588 kB
Cached:          1188976 kB
MemTotal:        1844596 kB
MemFree:           80848 kB
MemAvailable:    1363900 kB
Buffers:          106588 kB
Cached:          1188976 kB
MemTotal:        1844596 kB
MemFree:           79304 kB
MemAvailable:    1362356 kB
Buffers:          106588 kB
Cached:          1188976 kB
MemTotal:        1844596 kB
MemFree:           80780 kB
MemAvailable:    1363832 kB
Buffers:          106588 kB
Cached:          1188976 kB
MemTotal:        1844596 kB
MemFree:           80648 kB
MemAvailable:    1363700 kB
Buffers:          106588 kB
Cached:          1188976 kB
MemTotal:        1844596 kB
MemFree:           79556 kB
MemAvailable:    1362608 kB
Buffers:          106588 kB
Cached:          1188976 kB
MemTotal:        1844596 kB
MemFree:           79556 kB
MemAvailable:    1362608 kB
Buffers:          106588 kB
Cached:          1188976 kB
MemTotal:        1844596 kB
MemFree:           80700 kB
MemAvailable:    1363752 kB
Buffers:          106588 kB
Cached:          1188976 kB
MemTotal:        1844596 kB
MemFree:           80952 kB
MemAvailable:    1364004 kB
Buffers:          106588 kB
Cached:          1188976 kB
MemTotal:        1844596 kB
MemFree:           80612 kB
MemAvailable:    1363664 kB
Buffers:          106588 kB
Cached:          1188976 kB
MemTotal:        1844596 kB
MemFree:           79436 kB
MemAvailable:    1362488 kB
Buffers:          106588 kB
Cached:          1188976 kB
MemTotal:        1844596 kB
MemFree:           79560 kB
MemAvailable:    1362612 kB
Buffers:          106588 kB
Cached:          1188976 kB
MemTotal:        1844596 kB
MemFree:           79436 kB
MemAvailable:    1362488 kB
Buffers:          106588 kB
Cached:          1188976 kB
MemTotal:        1844596 kB
MemFree:           80668 kB
MemAvailable:    1363720 kB
Buffers:          106588 kB
Cached:          1188976 kB
MemTotal:        1844596 kB
MemFree:           80668 kB
MemAvailable:    1363720 kB
Buffers:          106588 kB
Cached:          1188976 kB
MemTotal:        1844596 kB
MemFree:           80172 kB
MemAvailable:    1363224 kB
Buffers:          106588 kB
Cached:          1188976 kB
MemTotal:        1844596 kB
MemFree:           79940 kB
MemAvailable:    1362996 kB
Buffers:          106588 kB
Cached:          1188980 kB
MemTotal:        1844596 kB
MemFree:           79192 kB
MemAvailable:    1362248 kB
Buffers:          106588 kB
Cached:          1188980 kB
MemTotal:        1844596 kB
MemFree:           79184 kB
MemAvailable:    1362240 kB
Buffers:          106588 kB
Cached:          1188980 kB
MemTotal:        1844596 kB
MemFree:           80328 kB
MemAvailable:    1363384 kB
Buffers:          106588 kB
Cached:          1188980 kB
MemTotal:        1844596 kB
MemFree:           80580 kB
MemAvailable:    1363636 kB
Buffers:          106588 kB
Cached:          1188980 kB
MemTotal:        1844596 kB
MemFree:           80424 kB
MemAvailable:    1363480 kB
Buffers:          106588 kB
Cached:          1188980 kB
MemTotal:        1844596 kB
MemFree:           80492 kB
MemAvailable:    1363548 kB
Buffers:          106588 kB
Cached:          1188980 kB
MemTotal:        1844596 kB
MemFree:           80164 kB
MemAvailable:    1363220 kB
Buffers:          106588 kB
Cached:          1188980 kB
MemTotal:        1844596 kB
MemFree:           78740 kB
MemAvailable:    1361796 kB
Buffers:          106588 kB
Cached:          1188980 kB
MemTotal:        1844596 kB
MemFree:           78988 kB
MemAvailable:    1362044 kB
Buffers:          106588 kB
Cached:          1188980 kB
MemTotal:        1844596 kB
MemFree:           78500 kB
MemAvailable:    1361556 kB
Buffers:          106588 kB
Cached:          1188980 kB
MemTotal:        1844596 kB
MemFree:           72608 kB
MemAvailable:    1355664 kB
Buffers:          106588 kB
Cached:          1188980 kB
MemTotal:        1844596 kB
MemFree:           68324 kB
MemAvailable:    1351380 kB
Buffers:          106588 kB
Cached:          1188980 kB
MemTotal:        1844596 kB
MemFree:           70556 kB
MemAvailable:    1353612 kB
Buffers:          106588 kB
Cached:          1188980 kB
MemTotal:        1844596 kB
MemFree:           70812 kB
MemAvailable:    1353868 kB
Buffers:          106588 kB
Cached:          1188980 kB
MemTotal:        1844596 kB
MemFree:           69316 kB
MemAvailable:    1352372 kB
Buffers:          106588 kB
Cached:          1188980 kB
MemTotal:        1844596 kB
MemFree:           69308 kB
MemAvailable:    1352364 kB
Buffers:          106588 kB
Cached:          1188980 kB
MemTotal:        1844596 kB
MemFree:           69308 kB
MemAvailable:    1352364 kB
Buffers:          106588 kB
Cached:          1188980 kB
MemTotal:        1844596 kB
MemFree:           68828 kB
MemAvailable:    1351884 kB
Buffers:          106588 kB
Cached:          1188980 kB
MemTotal:        1844596 kB
MemFree:           67440 kB
MemAvailable:    1350496 kB
Buffers:          106588 kB
Cached:          1188980 kB
MemTotal:        1844596 kB
MemFree:           67692 kB
MemAvailable:    1350748 kB
Buffers:          106588 kB
Cached:          1188980 kB
MemTotal:        1844596 kB
MemFree:           67252 kB
MemAvailable:    1350308 kB
Buffers:          106588 kB
Cached:          1188980 kB
MemTotal:        1844596 kB
MemFree:           67408 kB
MemAvailable:    1350464 kB
Buffers:          106592 kB
Cached:          1188976 kB
MemTotal:        1844596 kB
MemFree:           66824 kB
MemAvailable:    1349880 kB
Buffers:          106592 kB
Cached:          1188976 kB
MemTotal:        1844596 kB
MemFree:           67272 kB
MemAvailable:    1350412 kB
Buffers:          106592 kB
Cached:          1189100 kB
MemTotal:        1844596 kB
MemFree:           66148 kB
MemAvailable:    1349372 kB
Buffers:          106592 kB
Cached:          1189224 kB
MemTotal:        1844596 kB
MemFree:           67260 kB
MemAvailable:    1350568 kB
Buffers:          106592 kB
Cached:          1189348 kB
MemTotal:        1844596 kB
MemFree:           65612 kB
MemAvailable:    1349088 kB
Buffers:          106592 kB
Cached:          1189348 kB
MemTotal:        1844596 kB
MemFree:           66744 kB
MemAvailable:    1350388 kB
Buffers:          106592 kB
Cached:          1189596 kB
MemTotal:        1844596 kB
MemFree:           66828 kB
MemAvailable:    1350472 kB
Buffers:          106592 kB
Cached:          1189596 kB
MemTotal:        1844596 kB
MemFree:           66664 kB
MemAvailable:    1350308 kB
Buffers:          106592 kB
Cached:          1189720 kB
MemTotal:        1844596 kB
MemFree:           66640 kB
MemAvailable:    1350368 kB
Buffers:          106592 kB
Cached:          1189720 kB
MemTotal:        1844596 kB
MemFree:           66740 kB
MemAvailable:    1350468 kB
Buffers:          106592 kB
Cached:          1189720 kB
MemTotal:        1844596 kB
MemFree:           65644 kB
MemAvailable:    1349372 kB
Buffers:          106592 kB
Cached:          1189720 kB
MemTotal:        1844596 kB
MemFree:           66812 kB
MemAvailable:    1350540 kB
Buffers:          106592 kB
Cached:          1189720 kB
MemTotal:        1844596 kB
MemFree:           65856 kB
MemAvailable:    1349584 kB
Buffers:          106592 kB
Cached:          1189720 kB
MemTotal:        1844596 kB
MemFree:           66452 kB
MemAvailable:    1350184 kB
Buffers:          106592 kB
Cached:          1189684 kB
MemTotal:        1844596 kB
MemFree:           66888 kB
MemAvailable:    1350620 kB
Buffers:          106592 kB
Cached:          1189684 kB
MemTotal:        1844596 kB
MemFree:           66112 kB
MemAvailable:    1349256 kB
Buffers:          106592 kB
Cached:          1189052 kB
MemTotal:        1844596 kB
MemFree:           66464 kB
MemAvailable:    1349608 kB
Buffers:          106592 kB
Cached:          1189052 kB
MemTotal:        1844596 kB
MemFree:          183736 kB
MemAvailable:    1466880 kB
Buffers:          106592 kB
Cached:          1189052 kB
MemTotal:        1844596 kB
MemFree:          250936 kB
MemAvailable:    1534080 kB
Buffers:          106592 kB
Cached:          1189052 kB
