MemTotal:        1844596 kB
MemFree:          265680 kB
MemAvailable:    1544640 kB
Buffers:          103344 kB
Cached:          1192684 kB
MemTotal:        1844596 kB
MemFree:          236968 kB
MemAvailable:    1515936 kB
Buffers:          103344 kB
Cached:          1192688 kB
MemTotal:        1844596 kB
MemFree:          237092 kB
MemAvailable:    1516060 kB
Buffers:          103344 kB
Cached:          1192688 kB
MemTotal:        1844596 kB
MemFree:          235960 kB
MemAvailable:    1514928 kB
Buffers:          103344 kB
Cached:          1192688 kB
MemTotal:        1844596 kB
MemFree:          233364 kB
MemAvailable:    1512332 kB
Buffers:          103344 kB
Cached:          1192688 kB
MemTotal:        1844596 kB
MemFree:          233324 kB
MemAvailable:    1512292 kB
Buffers:          103344 kB
Cached:          1192688 kB
MemTotal:        1844596 kB
MemFree:          233484 kB
MemAvailable:    1512452 kB
Buffers:          103344 kB
Cached:          1192688 kB
MemTotal:        1844596 kB
MemFree:          230520 kB
MemAvailable:    1509488 kB
Buffers:          103344 kB
Cached:          1192688 kB
MemTotal:        1844596 kB
MemFree:          227784 kB
MemAvailable:    1506752 kB
Buffers:          103344 kB
Cached:          1192688 kB
MemTotal:        1844596 kB
MemFree:          227996 kB
MemAvailable:    1506964 kB
Buffers:          103344 kB
Cached:          1192688 kB
MemTotal:        1844596 kB
MemFree:          222204 kB
MemAvailable:    1501172 kB
Buffers:          103344 kB
Cached:          1192688 kB
MemTotal:        1844596 kB
MemFree:          226180 kB
MemAvailable:    1505148 kB
Buffers:          103344 kB
Cached:          1192688 kB
MemTotal:        1844596 kB
MemFree:          225916 kB
MemAvailable:    1504884 kB
Buffers:          103344 kB
Cached:          1192688 kB
MemTotal:        1844596 kB
MemFree:          226168 kB
MemAvailable:    1505136 kB
Buffers:          103344 kB
Cached:          1192688 kB
MemTotal:        1844596 kB
MemFree:          224636 kB
MemAvailable:    1503604 kB
Buffers:          103344 kB
Cached:          1192688 kB
MemTotal:        1844596 kB
MemFree:          225980 kB
MemAvailable:    1504948 kB
Buffers:          103344 kB
Cached:          1192688 kB
MemTotal:        1844596 kB
MemFree:          224692 kB
MemAvailable:    1503660 kB
Buffers:          103344 kB
Cached:          1192688 kB
MemTotal:        1844596 kB
MemFree:          225780 kB
MemAvailable:    1504748 kB
Buffers:          103344 kB
Cached:          1192688 kB
MemTotal:        1844596 kB
MemFree:          224568 kB
MemAvailable:    1503536 kB
Buffers:          103344 kB
Cached:          1192688 kB
MemTotal:        1844596 kB
MemFree:          225436 kB
MemAvailable:    1504404 kB
Buffers:          103344 kB
Cached:          1192688 kB
MemTotal:        1844596 kB
MemFree:          225520 kB
MemAvailable:    1504488 kB
Buffers:          103344 kB
Cached:          1192688 kB
MemTotal:        1844596 kB
MemFree:          224320 kB
MemAvailable:    1503288 kB
Buffers:          103344 kB
Cached:          1192688 kB
MemTotal:        1844596 kB
MemFree:          225312 kB
MemAvailable:    1504280 kB
Buffers:          103344 kB
Cached:          1192688 kB
MemTotal:        1844596 kB
MemFree:          225200 kB
MemAvailable:    1504168 kB
Buffers:          103344 kB
Cached:          1192688 kB
MemTotal:        1844596 kB
MemFree:          223832 kB
MemAvailable:    1502800 kB
Buffers:          103344 kB
Cached:          1192688 kB
MemTotal:        1844596 kB
MemFree:          224636 kB
MemAvailable:    1503604 kB
Buffers:          103344 kB
Cached:          1192688 kB
MemTotal:        1844596 kB
MemFree:          224636 kB
MemAvailable:    1503604 kB
Buffers:          103344 kB
Cached:          1192688 kB
MemTotal:        1844596 kB
MemFree:          224448 kB
MemAvailable:    1503416 kB
Buffers:          103344 kB
Cached:          1192688 kB
MemTotal:        1844596 kB
MemFree:          223316 kB
MemAvailable:    1502284 kB
Buffers:          103344 kB
Cached:          1192688 kB
MemTotal:        1844596 kB
MemFree:          224056 kB
MemAvailable:    1503024 kB
Buffers:          103344 kB
Cached:          1192688 kB
MemTotal:        1844596 kB
MemFree:          224308 kB
MemAvailable:    1503276 kB
Buffers:          103344 kB
Cached:          1192688 kB
MemTotal:        1844596 kB
MemFree:          222460 kB
MemAvailable:    1501428 kB
Buffers:          103344 kB
Cached:          1192688 kB
MemTotal:        1844596 kB
MemFree:          222132 kB
MemAvailable:    1501184 kB
Buffers:          103344 kB
Cached:          1192688 kB
MemTotal:        1844596 kB
MemFree:          221832 kB
MemAvailable:    1500800 kB
Buffers:          103344 kB
Cached:          1192688 kB
MemTotal:        1844596 kB
MemFree:          221832 kB
MemAvailable:    1500800 kB
Buffers:          103344 kB
Cached:          1192688 kB
MemTotal:        1844596 kB
MemFree:          222940 kB
MemAvailable:    1501908 kB
Buffers:          103344 kB
Cached:          1192688 kB
MemTotal:        1844596 kB
MemFree:          223192 kB
MemAvailable:    1502160 kB
Buffers:          103344 kB
Cached:          1192688 kB
MemTotal:        1844596 kB
MemFree:          222776 kB
MemAvailable:    1501744 kB
Buffers:          103344 kB
Cached:          1192688 kB
MemTotal:        1844596 kB
MemFree:          223112 kB
MemAvailable:    1502080 kB
Buffers:          103344 kB
Cached:          1192688 kB
MemTotal:        1844596 kB
MemFree:          222896 kB
MemAvailable:    1501864 kB
Buffers:          103344 kB
Cached:          1192688 kB
MemTotal:        1844596 kB
MemFree:          222896 kB
MemAvailable:    1501864 kB
Buffers:          103344 kB
Cached:          1192688 kB
MemTotal:        1844596 kB
MemFree:          219784 kB
MemAvailable:    1498752 kB
Buffers:          103344 kB
Cached:          1192688 kB
MemTotal:        1844596 kB
MemFree:          217252 kB
MemAvailable:    1496220 kB
Buffers:          103344 kB
Cached:          1192688 kB
MemTotal:        1844596 kB
MemFree:          216624 kB
MemAvailable:    1495592 kB
Buffers:          103344 kB
Cached:          1192688 kB
MemTotal:        1844596 kB
MemFree:          216624 kB
MemAvailable:    1495592 kB
Buffers:          103344 kB
Cached:          1192688 kB
MemTotal:        1844596 kB
MemFree:          217716 kB
MemAvailable:    1496684 kB
Buffers:          103344 kB
Cached:          1192688 kB
MemTotal:        1844596 kB
MemFree:          216484 kB
MemAvailable:    1495452 kB
Buffers:          103344 kB
Cached:          1192688 kB
MemTotal:        1844596 kB
MemFree:          217608 kB
MemAvailable:    1496576 kB
Buffers:          103344 kB
Cached:          1192688 kB
MemTotal:        1844596 kB
MemFree:          216516 kB
MemAvailable:    1495484 kB
Buffers:          103344 kB
Cached:          1192688 kB
MemTotal:        1844596 kB
MemFree:          217112 kB
MemAvailable:    1496084 kB
Buffers:          103344 kB
Cached:          1192692 kB
MemTotal:        1844596 kB
MemFree:          217112 kB
MemAvailable:    1496084 kB
Buffers:          103344 kB
Cached:          1192692 kB
MemTotal:        1844596 kB
MemFree:          215740 kB
MemAvailable:    1494712 kB
Buffers:          103344 kB
Cached:          1192692 kB
MemTotal:        1844596 kB
MemFree:          215956 kB
MemAvailable:    1494928 kB
Buffers:          103344 kB
Cached:          1192692 kB
MemTotal:        1844596 kB
MemFree:          215948 kB
MemAvailable:    1494920 kB
Buffers:          103344 kB
Cached:          1192692 kB
MemTotal:        1844596 kB
MemFree:          215824 kB
MemAvailable:    1494796 kB
Buffers:          103344 kB
Cached:          1192692 kB
MemTotal:        1844596 kB
MemFree:          217272 kB
MemAvailable:    1496244 kB
Buffers:          103344 kB
Cached:          1192692 kB
MemTotal:        1844596 kB
MemFree:          216632 kB
MemAvailable:    1495604 kB
Buffers:          103344 kB
Cached:          1192692 kB
MemTotal:        1844596 kB
MemFree:          212028 kB
MemAvailable:    1491000 kB
Buffers:          103344 kB
Cached:          1192692 kB
MemTotal:        1844596 kB
MemFree:          211176 kB
MemAvailable:    1490148 kB
Buffers:          103344 kB
Cached:          1192692 kB
MemTotal:        1844596 kB
MemFree:          211424 kB
MemAvailable:    1490396 kB
Buffers:          103344 kB
Cached:          1192692 kB
MemTotal:        1844596 kB
MemFree:          211112 kB
MemAvailable:    1490084 kB
Buffers:          103344 kB
Cached:          1192692 kB
MemTotal:        1844596 kB
MemFree:          210908 kB
MemAvailable:    1489880 kB
Buffers:          103344 kB
Cached:          1192692 kB
MemTotal:        1844596 kB
MemFree:          208448 kB
MemAvailable:    1487420 kB
Buffers:          103344 kB
Cached:          1192692 kB
MemTotal:        1844596 kB
MemFree:          209192 kB
MemAvailable:    1488164 kB
Buffers:          103344 kB
Cached:          1192692 kB
MemTotal:        1844596 kB
MemFree:          208924 kB
MemAvailable:    1487896 kB
Buffers:          103344 kB
Cached:          1192692 kB
MemTotal:        1844596 kB
MemFree:          207456 kB
MemAvailable:    1486428 kB
Buffers:          103344 kB
Cached:          1192692 kB
MemTotal:        1844596 kB
MemFree:          208632 kB
MemAvailable:    1487604 kB
Buffers:          103344 kB
Cached:          1192692 kB
MemTotal:        1844596 kB
MemFree:          207332 kB
MemAvailable:    1486304 kB
Buffers:          103344 kB
Cached:          1192692 kB
MemTotal:        1844596 kB
MemFree:          208500 kB
MemAvailable:    1487472 kB
Buffers:          103344 kB
Cached:          1192692 kB
MemTotal:        1844596 kB
MemFree:          207712 kB
MemAvailable:    1486684 kB
Buffers:          103344 kB
Cached:          1192692 kB
MemTotal:        1844596 kB
MemFree:          208260 kB
MemAvailable:    1487232 kB
Buffers:          103344 kB
Cached:          1192692 kB
MemTotal:        1844596 kB
MemFree:          208512 kB
MemAvailable:    1487484 kB
Buffers:          103344 kB
Cached:          1192692 kB
MemTotal:        1844596 kB
MemFree:          208256 kB
MemAvailable:    1487228 kB
Buffers:          103344 kB
Cached:          1192692 kB
MemTotal:        1844596 kB
MemFree:          208256 kB
MemAvailable:    1487228 kB
Buffers:          103344 kB
Cached:          1192692 kB
MemTotal:        1844596 kB
MemFree:          208256 kB
MemAvailable:    1487228 kB
Buffers:          103344 kB
Cached:          1192692 kB
MemTotal:        1844596 kB
MemFree:          208200 kB
MemAvailable:    1487172 kB
Buffers:          103344 kB
Cached:          1192692 kB
MemTotal:        1844596 kB
MemFree:          208364 kB
MemAvailable:    1487336 kB
Buffers:          103344 kB
Cached:          1192692 kB
MemTotal:        1844596 kB
MemFree:          207188 kB
MemAvailable:    1486160 kB
Buffers:          103344 kB
Cached:          1192692 kB
MemTotal:        1844596 kB
MemFree:          208164 kB
MemAvailable:    1487136 kB
Buffers:          103344 kB
Cached:          1192692 kB
MemTotal:        1844596 kB
MemFree:          208248 kB
MemAvailable:    1487220 kB
Buffers:          103344 kB
Cached:          1192692 kB
MemTotal:        1844596 kB
MemFree:          208072 kB
MemAvailable:    1487044 kB
Buffers:          103344 kB
Cached:          1192692 kB
MemTotal:        1844596 kB
MemFree:          206816 kB
MemAvailable:    1485788 kB
Buffers:          103344 kB
Cached:          1192692 kB
MemTotal:        1844596 kB
MemFree:          208116 kB
MemAvailable:    1487088 kB
Buffers:          103344 kB
Cached:          1192692 kB
MemTotal:        1844596 kB
MemFree:          206940 kB
MemAvailable:    1485912 kB
Buffers:          103344 kB
Cached:          1192692 kB
MemTotal:        1844596 kB
MemFree:          208008 kB
MemAvailable:    1486980 kB
Buffers:          103344 kB
Cached:          1192692 kB
MemTotal:        1844596 kB
MemFree:          207084 kB
MemAvailable:    1486056 kB
Buffers:          103344 kB
Cached:          1192692 kB
MemTotal:        1844596 kB
MemFree:          204712 kB
MemAvailable:    1483684 kB
Buffers:          103344 kB
Cached:          1192692 kB
MemTotal:        1844596 kB
MemFree:          204796 kB
MemAvailable:    1483768 kB
Buffers:          103344 kB
Cached:          1192692 kB
MemTotal:        1844596 kB
MemFree:          201060 kB
MemAvailable:    1480040 kB
Buffers:          103344 kB
Cached:          1192700 kB
MemTotal:        1844596 kB
MemFree:          200200 kB
MemAvailable:    1479180 kB
Buffers:          103344 kB
Cached:          1192700 kB
MemTotal:        1844596 kB
MemFree:          198900 kB
MemAvailable:    1477880 kB
Buffers:          103344 kB
Cached:          1192700 kB
MemTotal:        1844596 kB
MemFree:          199616 kB
MemAvailable:    1478596 kB
Buffers:          103344 kB
Cached:          1192700 kB
MemTotal:        1844596 kB
MemFree:          199868 kB
MemAvailable:    1478848 kB
Buffers:          103344 kB
Cached:          1192700 kB
MemTotal:        1844596 kB
MemFree:          199804 kB
MemAvailable:    1478784 kB
Buffers:          103344 kB
Cached:          1192700 kB
MemTotal:        1844596 kB
MemFree:          198652 kB
MemAvailable:    1477632 kB
Buffers:          103344 kB
Cached:          1192700 kB
MemTotal:        1844596 kB
MemFree:          199380 kB
MemAvailable:    1478360 kB
Buffers:          103344 kB
Cached:          1192700 kB
MemTotal:        1844596 kB
MemFree:          199464 kB
MemAvailable:    1478444 kB
Buffers:          103344 kB
Cached:          1192700 kB
MemTotal:        1844596 kB
MemFree:          199336 kB
MemAvailable:    1478316 kB
Buffers:          103344 kB
Cached:          1192700 kB
MemTotal:        1844596 kB
MemFree:          199588 kB
MemAvailable:    1478568 kB
Buffers:          103344 kB
Cached:          1192700 kB
MemTotal:        1844596 kB
MemFree:          199084 kB
MemAvailable:    1478064 kB
Buffers:          103344 kB
Cached:          1192700 kB
MemTotal:        1844596 kB
MemFree:          199420 kB
MemAvailable:    1478400 kB
Buffers:          103344 kB
Cached:          1192700 kB
MemTotal:        1844596 kB
MemFree:          199256 kB
MemAvailable:    1478236 kB
Buffers:          103344 kB
Cached:          1192700 kB
MemTotal:        1844596 kB
MemFree:          199340 kB
MemAvailable:    1478320 kB
Buffers:          103344 kB
Cached:          1192700 kB
MemTotal:        1844596 kB
MemFree:          199232 kB
MemAvailable:    1478212 kB
Buffers:          103344 kB
Cached:          1192700 kB
MemTotal:        1844596 kB
MemFree:          199484 kB
MemAvailable:    1478464 kB
Buffers:          103344 kB
Cached:          1192700 kB
MemTotal:        1844596 kB
MemFree:          199324 kB
MemAvailable:    1478304 kB
Buffers:          103344 kB
Cached:          1192700 kB
MemTotal:        1844596 kB
MemFree:          199264 kB
MemAvailable:    1478244 kB
Buffers:          103344 kB
Cached:          1192700 kB
MemTotal:        1844596 kB
MemFree:          199600 kB
MemAvailable:    1478580 kB
Buffers:          103344 kB
Cached:          1192700 kB
MemTotal:        1844596 kB
MemFree:          198108 kB
MemAvailable:    1477088 kB
Buffers:          103344 kB
Cached:          1192700 kB
MemTotal:        1844596 kB
MemFree:          199348 kB
MemAvailable:    1478328 kB
Buffers:          103344 kB
Cached:          1192700 kB
MemTotal:        1844596 kB
MemFree:          199388 kB
MemAvailable:    1478368 kB
Buffers:          103344 kB
Cached:          1192700 kB
MemTotal:        1844596 kB
MemFree:          199404 kB
MemAvailable:    1478384 kB
Buffers:          103344 kB
Cached:          1192700 kB
MemTotal:        1844596 kB
MemFree:          199380 kB
MemAvailable:    1478360 kB
Buffers:          103344 kB
Cached:          1192700 kB
MemTotal:        1844596 kB
MemFree:          199396 kB
MemAvailable:    1478376 kB
Buffers:          103344 kB
Cached:          1192700 kB
MemTotal:        1844596 kB
MemFree:          198016 kB
MemAvailable:    1476996 kB
Buffers:          103344 kB
Cached:          1192700 kB
MemTotal:        1844596 kB
MemFree:          198140 kB
MemAvailable:    1477120 kB
Buffers:          103344 kB
Cached:          1192700 kB
MemTotal:        1844596 kB
MemFree:          199436 kB
MemAvailable:    1478416 kB
Buffers:          103344 kB
Cached:          1192700 kB
MemTotal:        1844596 kB
MemFree:          198660 kB
MemAvailable:    1477516 kB
Buffers:          103344 kB
Cached:          1192700 kB
MemTotal:        1844596 kB
MemFree:          199264 kB
MemAvailable:    1478244 kB
Buffers:          103344 kB
Cached:          1192700 kB
MemTotal:        1844596 kB
MemFree:          199520 kB
MemAvailable:    1478500 kB
Buffers:          103344 kB
Cached:          1192700 kB
MemTotal:        1844596 kB
MemFree:          199528 kB
MemAvailable:    1478508 kB
Buffers:          103344 kB
Cached:          1192700 kB
MemTotal:        1844596 kB
MemFree:          199640 kB
MemAvailable:    1478620 kB
Buffers:          103344 kB
Cached:          1192700 kB
MemTotal:        1844596 kB
MemFree:          199256 kB
MemAvailable:    1478236 kB
Buffers:          103344 kB
Cached:          1192700 kB
MemTotal:        1844596 kB
MemFree:          199396 kB
MemAvailable:    1478376 kB
Buffers:          103344 kB
Cached:          1192700 kB
MemTotal:        1844596 kB
MemFree:          199436 kB
MemAvailable:    1478416 kB
Buffers:          103344 kB
Cached:          1192700 kB
MemTotal:        1844596 kB
MemFree:          198660 kB
MemAvailable:    1477640 kB
Buffers:          103344 kB
Cached:          1192700 kB
MemTotal:        1844596 kB
MemFree:          198396 kB
MemAvailable:    1477380 kB
Buffers:          103344 kB
Cached:          1192704 kB
MemTotal:        1844596 kB
MemFree:          197288 kB
MemAvailable:    1476272 kB
Buffers:          103344 kB
Cached:          1192704 kB
MemTotal:        1844596 kB
MemFree:          192560 kB
MemAvailable:    1471544 kB
Buffers:          103344 kB
Cached:          1192704 kB
MemTotal:        1844596 kB
MemFree:          190716 kB
MemAvailable:    1469700 kB
Buffers:          103344 kB
Cached:          1192704 kB
MemTotal:        1844596 kB
MemFree:          188236 kB
MemAvailable:    1467220 kB
Buffers:          103344 kB
Cached:          1192704 kB
MemTotal:        1844596 kB
MemFree:          188716 kB
MemAvailable:    1467700 kB
Buffers:          103344 kB
Cached:          1192704 kB
MemTotal:        1844596 kB
MemFree:          189052 kB
MemAvailable:    1468036 kB
Buffers:          103344 kB
Cached:          1192704 kB
MemTotal:        1844596 kB
MemFree:          188592 kB
MemAvailable:    1467576 kB
Buffers:          103344 kB
Cached:          1192704 kB
MemTotal:        1844596 kB
MemFree:          188676 kB
MemAvailable:    1467660 kB
Buffers:          103344 kB
Cached:          1192704 kB
MemTotal:        1844596 kB
MemFree:          188488 kB
MemAvailable:    1467472 kB
Buffers:          103344 kB
Cached:          1192704 kB
MemTotal:        1844596 kB
MemFree:          188616 kB
MemAvailable:    1467600 kB
Buffers:          103344 kB
Cached:          1192704 kB
MemTotal:        1844596 kB
MemFree:          187740 kB
MemAvailable:    1466724 kB
Buffers:          103344 kB
Cached:          1192704 kB
MemTotal:        1844596 kB
MemFree:          187244 kB
MemAvailable:    1466228 kB
Buffers:          103344 kB
Cached:          1192704 kB
MemTotal:        1844596 kB
MemFree:          188608 kB
MemAvailable:    1467592 kB
Buffers:          103344 kB
Cached:          1192704 kB
MemTotal:        1844596 kB
MemFree:          187236 kB
MemAvailable:    1466220 kB
Buffers:          103344 kB
Cached:          1192704 kB
MemTotal:        1844596 kB
MemFree:          188428 kB
MemAvailable:    1467412 kB
Buffers:          103344 kB
Cached:          1192704 kB
MemTotal:        1844596 kB
MemFree:          188680 kB
MemAvailable:    1467664 kB
Buffers:          103344 kB
Cached:          1192704 kB
MemTotal:        1844596 kB
MemFree:          188436 kB
MemAvailable:    1467420 kB
Buffers:          103344 kB
Cached:          1192704 kB
MemTotal:        1844596 kB
MemFree:          188556 kB
MemAvailable:    1467540 kB
Buffers:          103344 kB
Cached:          1192704 kB
MemTotal:        1844596 kB
MemFree:          187740 kB
MemAvailable:    1466724 kB
Buffers:          103344 kB
Cached:          1192704 kB
MemTotal:        1844596 kB
MemFree:          188592 kB
MemAvailable:    1467576 kB
Buffers:          103344 kB
Cached:          1192704 kB
MemTotal:        1844596 kB
MemFree:          188928 kB
MemAvailable:    1467912 kB
Buffers:          103344 kB
Cached:          1192704 kB
MemTotal:        1844596 kB
MemFree:          188468 kB
MemAvailable:    1467452 kB
Buffers:          103344 kB
Cached:          1192704 kB
MemTotal:        1844596 kB
MemFree:          188368 kB
MemAvailable:    1467352 kB
Buffers:          103344 kB
Cached:          1192704 kB
MemTotal:        1844596 kB
MemFree:          188496 kB
MemAvailable:    1467480 kB
Buffers:          103344 kB
Cached:          1192704 kB
MemTotal:        1844596 kB
MemFree:          188492 kB
MemAvailable:    1467476 kB
Buffers:          103344 kB
Cached:          1192704 kB
MemTotal:        1844596 kB
MemFree:          187748 kB
MemAvailable:    1466732 kB
Buffers:          103344 kB
Cached:          1192704 kB
MemTotal:        1844596 kB
MemFree:          188716 kB
MemAvailable:    1467700 kB
Buffers:          103344 kB
Cached:          1192704 kB
MemTotal:        1844596 kB
MemFree:          188716 kB
MemAvailable:    1467700 kB
Buffers:          103344 kB
Cached:          1192704 kB
MemTotal:        1844596 kB
MemFree:          188456 kB
MemAvailable:    1467440 kB
Buffers:          103344 kB
Cached:          1192704 kB
MemTotal:        1844596 kB
MemFree:          188112 kB
MemAvailable:    1467096 kB
Buffers:          103344 kB
Cached:          1192704 kB
MemTotal:        1844596 kB
MemFree:          187188 kB
MemAvailable:    1466172 kB
Buffers:          103344 kB
Cached:          1192704 kB
MemTotal:        1844596 kB
MemFree:          188672 kB
MemAvailable:    1467656 kB
Buffers:          103344 kB
Cached:          1192704 kB
MemTotal:        1844596 kB
MemFree:          187104 kB
MemAvailable:    1466088 kB
Buffers:          103344 kB
Cached:          1192704 kB
MemTotal:        1844596 kB
MemFree:          187312 kB
MemAvailable:    1466296 kB
Buffers:          103344 kB
Cached:          1192704 kB
MemTotal:        1844596 kB
MemFree:          188524 kB
MemAvailable:    1467508 kB
Buffers:          103344 kB
Cached:          1192704 kB
MemTotal:        1844596 kB
MemFree:          188436 kB
MemAvailable:    1467420 kB
Buffers:          103344 kB
Cached:          1192704 kB
MemTotal:        1844596 kB
MemFree:          188436 kB
MemAvailable:    1467420 kB
Buffers:          103344 kB
Cached:          1192704 kB
MemTotal:        1844596 kB
MemFree:          187204 kB
MemAvailable:    1466192 kB
Buffers:          103344 kB
Cached:          1192708 kB
MemTotal:        1844596 kB
MemFree:          188692 kB
MemAvailable:    1467680 kB
Buffers:          103344 kB
Cached:          1192708 kB
MemTotal:        1844596 kB
MemFree:          188728 kB
MemAvailable:    1467716 kB
Buffers:          103344 kB
Cached:          1192708 kB
MemTotal:        1844596 kB
MemFree:          188428 kB
MemAvailable:    1467416 kB
Buffers:          103344 kB
Cached:          1192708 kB
MemTotal:        1844596 kB
MemFree:          187864 kB
MemAvailable:    1466852 kB
Buffers:          103344 kB
Cached:          1192708 kB
MemTotal:        1844596 kB
MemFree:          188472 kB
MemAvailable:    1467460 kB
Buffers:          103344 kB
Cached:          1192708 kB
MemTotal:        1844596 kB
MemFree:          188420 kB
MemAvailable:    1467408 kB
Buffers:          103344 kB
Cached:          1192708 kB
MemTotal:        1844596 kB
MemFree:          187748 kB
MemAvailable:    1466736 kB
Buffers:          103344 kB
Cached:          1192708 kB
MemTotal:        1844596 kB
MemFree:          188352 kB
MemAvailable:    1467340 kB
Buffers:          103344 kB
Cached:          1192708 kB
MemTotal:        1844596 kB
MemFree:          188608 kB
MemAvailable:    1467596 kB
Buffers:          103344 kB
Cached:          1192708 kB
MemTotal:        1844596 kB
MemFree:          188344 kB
MemAvailable:    1467332 kB
Buffers:          103344 kB
Cached:          1192708 kB
MemTotal:        1844596 kB
MemFree:          188344 kB
MemAvailable:    1467332 kB
Buffers:          103344 kB
Cached:          1192708 kB
MemTotal:        1844596 kB
MemFree:          188472 kB
MemAvailable:    1467460 kB
Buffers:          103344 kB
Cached:          1192708 kB
MemTotal:        1844596 kB
MemFree:          187224 kB
MemAvailable:    1466212 kB
Buffers:          103344 kB
Cached:          1192708 kB
MemTotal:        1844596 kB
MemFree:          188096 kB
MemAvailable:    1467084 kB
Buffers:          103344 kB
Cached:          1192708 kB
MemTotal:        1844596 kB
MemFree:          187616 kB
MemAvailable:    1466604 kB
Buffers:          103344 kB
Cached:          1192708 kB
MemTotal:        1844596 kB
MemFree:          187932 kB
MemAvailable:    1466920 kB
Buffers:          103344 kB
Cached:          1192708 kB
MemTotal:        1844596 kB
MemFree:          187736 kB
MemAvailable:    1466724 kB
Buffers:          103344 kB
Cached:          1192708 kB
MemTotal:        1844596 kB
MemFree:          186500 kB
MemAvailable:    1465488 kB
Buffers:          103344 kB
Cached:          1192708 kB
MemTotal:        1844596 kB
MemFree:          187692 kB
MemAvailable:    1466684 kB
Buffers:          103344 kB
Cached:          1192712 kB
MemTotal:        1844596 kB
MemFree:          187608 kB
MemAvailable:    1466600 kB
Buffers:          103344 kB
Cached:          1192712 kB
MemTotal:        1844596 kB
MemFree:          187188 kB
MemAvailable:    1466180 kB
Buffers:          103344 kB
Cached:          1192712 kB
MemTotal:        1844596 kB
MemFree:          187120 kB
MemAvailable:    1466112 kB
Buffers:          103344 kB
Cached:          1192712 kB
MemTotal:        1844596 kB
MemFree:          187032 kB
MemAvailable:    1466024 kB
Buffers:          103344 kB
Cached:          1192712 kB
MemTotal:        1844596 kB
MemFree:          187040 kB
MemAvailable:    1466032 kB
Buffers:          103344 kB
Cached:          1192712 kB
MemTotal:        1844596 kB
MemFree:          185988 kB
MemAvailable:    1464980 kB
Buffers:          103344 kB
Cached:          1192712 kB
MemTotal:        1844596 kB
MemFree:          185984 kB
MemAvailable:    1464976 kB
Buffers:          103344 kB
Cached:          1192712 kB
MemTotal:        1844596 kB
MemFree:          187216 kB
MemAvailable:    1466208 kB
Buffers:          103344 kB
Cached:          1192712 kB
MemTotal:        1844596 kB
MemFree:          186828 kB
MemAvailable:    1465820 kB
Buffers:          103344 kB
Cached:          1192712 kB
MemTotal:        1844596 kB
MemFree:          187080 kB
MemAvailable:    1466072 kB
Buffers:          103344 kB
Cached:          1192712 kB
MemTotal:        1844596 kB
MemFree:          185592 kB
MemAvailable:    1464584 kB
Buffers:          103344 kB
Cached:          1192712 kB
MemTotal:        1844596 kB
MemFree:          186892 kB
MemAvailable:    1465884 kB
Buffers:          103344 kB
Cached:          1192712 kB
MemTotal:        1844596 kB
MemFree:          186012 kB
MemAvailable:    1465004 kB
Buffers:          103344 kB
Cached:          1192712 kB
MemTotal:        1844596 kB
MemFree:          186816 kB
MemAvailable:    1465808 kB
Buffers:          103344 kB
Cached:          1192712 kB
MemTotal:        1844596 kB
MemFree:          186816 kB
MemAvailable:    1465808 kB
Buffers:          103344 kB
Cached:          1192712 kB
MemTotal:        1844596 kB
MemFree:          186876 kB
MemAvailable:    1465868 kB
Buffers:          103344 kB
Cached:          1192712 kB
MemTotal:        1844596 kB
MemFree:          186476 kB
MemAvailable:    1465468 kB
Buffers:          103344 kB
Cached:          1192712 kB
MemTotal:        1844596 kB
MemFree:          186728 kB
MemAvailable:    1465720 kB
Buffers:          103344 kB
Cached:          1192712 kB
MemTotal:        1844596 kB
MemFree:          185448 kB
MemAvailable:    1464440 kB
Buffers:          103344 kB
Cached:          1192712 kB
MemTotal:        1844596 kB
MemFree:          186716 kB
MemAvailable:    1465708 kB
Buffers:          103344 kB
Cached:          1192712 kB
MemTotal:        1844596 kB
MemFree:          186568 kB
MemAvailable:    1465560 kB
Buffers:          103344 kB
Cached:          1192712 kB
MemTotal:        1844596 kB
MemFree:          186556 kB
MemAvailable:    1465548 kB
Buffers:          103344 kB
Cached:          1192712 kB
MemTotal:        1844596 kB
MemFree:          183896 kB
MemAvailable:    1462888 kB
Buffers:          103344 kB
Cached:          1192712 kB
MemTotal:        1844596 kB
MemFree:          178936 kB
MemAvailable:    1457928 kB
Buffers:          103344 kB
Cached:          1192712 kB
MemTotal:        1844596 kB
MemFree:          176384 kB
MemAvailable:    1455376 kB
Buffers:          103344 kB
Cached:          1192712 kB
MemTotal:        1844596 kB
MemFree:          174968 kB
MemAvailable:    1453960 kB
Buffers:          103344 kB
Cached:          1192712 kB
MemTotal:        1844596 kB
MemFree:          175516 kB
MemAvailable:    1454508 kB
Buffers:          103344 kB
Cached:          1192712 kB
MemTotal:        1844596 kB
MemFree:          175340 kB
MemAvailable:    1454332 kB
Buffers:          103344 kB
Cached:          1192712 kB
MemTotal:        1844596 kB
MemFree:          174044 kB
MemAvailable:    1453036 kB
Buffers:          103344 kB
Cached:          1192712 kB
MemTotal:        1844596 kB
MemFree:          175152 kB
MemAvailable:    1454144 kB
Buffers:          103344 kB
Cached:          1192712 kB
MemTotal:        1844596 kB
MemFree:          175152 kB
MemAvailable:    1454144 kB
Buffers:          103344 kB
Cached:          1192712 kB
MemTotal:        1844596 kB
MemFree:          173596 kB
MemAvailable:    1452588 kB
Buffers:          103344 kB
Cached:          1192712 kB
MemTotal:        1844596 kB
MemFree:          173720 kB
MemAvailable:    1452712 kB
Buffers:          103344 kB
Cached:          1192712 kB
MemTotal:        1844596 kB
MemFree:          173488 kB
MemAvailable:    1452480 kB
Buffers:          103344 kB
Cached:          1192712 kB
MemTotal:        1844596 kB
MemFree:          173348 kB
MemAvailable:    1452340 kB
Buffers:          103344 kB
Cached:          1192712 kB
MemTotal:        1844596 kB
MemFree:          171976 kB
MemAvailable:    1450968 kB
Buffers:          103344 kB
Cached:          1192712 kB
MemTotal:        1844596 kB
MemFree:          172228 kB
MemAvailable:    1451220 kB
Buffers:          103344 kB
Cached:          1192712 kB
MemTotal:        1844596 kB
MemFree:          171720 kB
MemAvailable:    1450712 kB
Buffers:          103344 kB
Cached:          1192712 kB
MemTotal:        1844596 kB
MemFree:          171720 kB
MemAvailable:    1450712 kB
Buffers:          103344 kB
Cached:          1192712 kB
MemTotal:        1844596 kB
MemFree:          170560 kB
MemAvailable:    1449552 kB
Buffers:          103344 kB
Cached:          1192712 kB
MemTotal:        1844596 kB
MemFree:          170436 kB
MemAvailable:    1449428 kB
Buffers:          103344 kB
Cached:          1192712 kB
MemTotal:        1844596 kB
MemFree:          170436 kB
MemAvailable:    1449428 kB
Buffers:          103344 kB
Cached:          1192712 kB
MemTotal:        1844596 kB
MemFree:          171664 kB
MemAvailable:    1450656 kB
Buffers:          103344 kB
Cached:          1192712 kB
MemTotal:        1844596 kB
MemFree:          171744 kB
MemAvailable:    1450736 kB
Buffers:          103344 kB
Cached:          1192712 kB
MemTotal:        1844596 kB
MemFree:          171732 kB
MemAvailable:    1450724 kB
Buffers:          103344 kB
Cached:          1192712 kB
MemTotal:        1844596 kB
MemFree:          171744 kB
MemAvailable:    1450736 kB
Buffers:          103344 kB
Cached:          1192712 kB
MemTotal:        1844596 kB
MemFree:          171124 kB
MemAvailable:    1450116 kB
Buffers:          103344 kB
Cached:          1192712 kB
MemTotal:        1844596 kB
MemFree:          171608 kB
MemAvailable:    1450600 kB
Buffers:          103344 kB
Cached:          1192712 kB
MemTotal:        1844596 kB
MemFree:          171488 kB
MemAvailable:    1450480 kB
Buffers:          103344 kB
Cached:          1192712 kB
MemTotal:        1844596 kB
MemFree:          171008 kB
MemAvailable:    1450000 kB
Buffers:          103344 kB
Cached:          1192712 kB
MemTotal:        1844596 kB
MemFree:          171116 kB
MemAvailable:    1450108 kB
Buffers:          103344 kB
Cached:          1192712 kB
MemTotal:        1844596 kB
MemFree:          169868 kB
MemAvailable:    1448860 kB
Buffers:          103344 kB
Cached:          1192712 kB
MemTotal:        1844596 kB
MemFree:          168892 kB
MemAvailable:    1447884 kB
Buffers:          103344 kB
Cached:          1192712 kB
MemTotal:        1844596 kB
MemFree:          169752 kB
MemAvailable:    1448748 kB
Buffers:          103344 kB
Cached:          1192716 kB
MemTotal:        1844596 kB
MemFree:          169628 kB
MemAvailable:    1448624 kB
Buffers:          103344 kB
Cached:          1192716 kB
MemTotal:        1844596 kB
MemFree:          168396 kB
MemAvailable:    1447396 kB
Buffers:          103344 kB
Cached:          1192720 kB
MemTotal:        1844596 kB
MemFree:          167900 kB
MemAvailable:    1446900 kB
Buffers:          103344 kB
Cached:          1192720 kB
MemTotal:        1844596 kB
MemFree:          169008 kB
MemAvailable:    1448008 kB
Buffers:          103344 kB
Cached:          1192720 kB
MemTotal:        1844596 kB
MemFree:          168324 kB
MemAvailable:    1447324 kB
Buffers:          103344 kB
Cached:          1192720 kB
MemTotal:        1844596 kB
MemFree:          168252 kB
MemAvailable:    1447252 kB
Buffers:          103344 kB
Cached:          1192720 kB
MemTotal:        1844596 kB
MemFree:          168252 kB
MemAvailable:    1447252 kB
Buffers:          103344 kB
Cached:          1192720 kB
MemTotal:        1844596 kB
MemFree:          168068 kB
MemAvailable:    1447068 kB
Buffers:          103344 kB
Cached:          1192720 kB
MemTotal:        1844596 kB
MemFree:          167768 kB
MemAvailable:    1446768 kB
Buffers:          103344 kB
Cached:          1192720 kB
MemTotal:        1844596 kB
MemFree:          167412 kB
MemAvailable:    1446412 kB
Buffers:          103344 kB
Cached:          1192720 kB
MemTotal:        1844596 kB
MemFree:          166240 kB
MemAvailable:    1445240 kB
Buffers:          103344 kB
Cached:          1192720 kB
MemTotal:        1844596 kB
MemFree:          167532 kB
MemAvailable:    1446532 kB
Buffers:          103344 kB
Cached:          1192720 kB
MemTotal:        1844596 kB
MemFree:          167604 kB
MemAvailable:    1446604 kB
Buffers:          103344 kB
Cached:          1192720 kB
MemTotal:        1844596 kB
MemFree:          167516 kB
MemAvailable:    1446516 kB
Buffers:          103344 kB
Cached:          1192720 kB
MemTotal:        1844596 kB
MemFree:          166396 kB
MemAvailable:    1445396 kB
Buffers:          103344 kB
Cached:          1192720 kB
MemTotal:        1844596 kB
MemFree:          166784 kB
MemAvailable:    1445784 kB
Buffers:          103344 kB
Cached:          1192720 kB
MemTotal:        1844596 kB
MemFree:          167516 kB
MemAvailable:    1446516 kB
Buffers:          103344 kB
Cached:          1192720 kB
MemTotal:        1844596 kB
MemFree:          167696 kB
MemAvailable:    1446696 kB
Buffers:          103344 kB
Cached:          1192720 kB
MemTotal:        1844596 kB
MemFree:          166784 kB
MemAvailable:    1445784 kB
Buffers:          103344 kB
Cached:          1192720 kB
MemTotal:        1844596 kB
MemFree:          166536 kB
MemAvailable:    1445536 kB
Buffers:          103344 kB
Cached:          1192720 kB
MemTotal:        1844596 kB
MemFree:          167836 kB
MemAvailable:    1446836 kB
Buffers:          103344 kB
Cached:          1192720 kB
MemTotal:        1844596 kB
MemFree:          166412 kB
MemAvailable:    1445412 kB
Buffers:          103344 kB
Cached:          1192720 kB
MemTotal:        1844596 kB
MemFree:          166528 kB
MemAvailable:    1445528 kB
Buffers:          103344 kB
Cached:          1192720 kB
MemTotal:        1844596 kB
MemFree:          167388 kB
MemAvailable:    1446388 kB
Buffers:          103344 kB
Cached:          1192720 kB
MemTotal:        1844596 kB
MemFree:          166668 kB
MemAvailable:    1445668 kB
Buffers:          103344 kB
Cached:          1192720 kB
MemTotal:        1844596 kB
MemFree:          167404 kB
MemAvailable:    1446404 kB
Buffers:          103344 kB
Cached:          1192720 kB
MemTotal:        1844596 kB
MemFree:          167416 kB
MemAvailable:    1446416 kB
Buffers:          103344 kB
Cached:          1192720 kB
MemTotal:        1844596 kB
MemFree:          166660 kB
MemAvailable:    1445660 kB
Buffers:          103344 kB
Cached:          1192720 kB
MemTotal:        1844596 kB
MemFree:          167212 kB
MemAvailable:    1446212 kB
Buffers:          103344 kB
Cached:          1192720 kB
MemTotal:        1844596 kB
MemFree:          167464 kB
MemAvailable:    1446464 kB
Buffers:          103344 kB
Cached:          1192720 kB
MemTotal:        1844596 kB
MemFree:          165984 kB
MemAvailable:    1444984 kB
Buffers:          103344 kB
Cached:          1192720 kB
MemTotal:        1844596 kB
MemFree:          166152 kB
MemAvailable:    1445152 kB
Buffers:          103344 kB
Cached:          1192720 kB
MemTotal:        1844596 kB
MemFree:          167448 kB
MemAvailable:    1446448 kB
Buffers:          103344 kB
Cached:          1192720 kB
MemTotal:        1844596 kB
MemFree:          167504 kB
MemAvailable:    1446504 kB
Buffers:          103344 kB
Cached:          1192720 kB
MemTotal:        1844596 kB
MemFree:          166092 kB
MemAvailable:    1445092 kB
Buffers:          103344 kB
Cached:          1192720 kB
MemTotal:        1844596 kB
MemFree:          167332 kB
MemAvailable:    1446332 kB
Buffers:          103344 kB
Cached:          1192720 kB
MemTotal:        1844596 kB
MemFree:          166024 kB
MemAvailable:    1445024 kB
Buffers:          103344 kB
Cached:          1192720 kB
MemTotal:        1844596 kB
MemFree:          165916 kB
MemAvailable:    1444916 kB
Buffers:          103344 kB
Cached:          1192720 kB
MemTotal:        1844596 kB
MemFree:          165788 kB
MemAvailable:    1444788 kB
Buffers:          103344 kB
Cached:          1192720 kB
MemTotal:        1844596 kB
MemFree:          163800 kB
MemAvailable:    1442800 kB
Buffers:          103344 kB
Cached:          1192720 kB
MemTotal:        1844596 kB
MemFree:          162072 kB
MemAvailable:    1441072 kB
Buffers:          103344 kB
Cached:          1192720 kB
MemTotal:        1844596 kB
MemFree:          160388 kB
MemAvailable:    1439388 kB
Buffers:          103344 kB
Cached:          1192720 kB
MemTotal:        1844596 kB
MemFree:          158112 kB
MemAvailable:    1437112 kB
Buffers:          103344 kB
Cached:          1192720 kB
MemTotal:        1844596 kB
MemFree:          154864 kB
MemAvailable:    1433868 kB
Buffers:          103344 kB
Cached:          1192724 kB
MemTotal:        1844596 kB
MemFree:          154632 kB
MemAvailable:    1433636 kB
Buffers:          103344 kB
Cached:          1192724 kB
MemTotal:        1844596 kB
MemFree:          150840 kB
MemAvailable:    1429844 kB
Buffers:          103344 kB
Cached:          1192724 kB
MemTotal:        1844596 kB
MemFree:          148920 kB
MemAvailable:    1427924 kB
Buffers:          103344 kB
Cached:          1192724 kB
MemTotal:        1844596 kB
MemFree:          149004 kB
MemAvailable:    1428008 kB
Buffers:          103344 kB
Cached:          1192724 kB
MemTotal:        1844596 kB
MemFree:          148808 kB
MemAvailable:    1427812 kB
Buffers:          103344 kB
Cached:          1192724 kB
MemTotal:        1844596 kB
MemFree:          148936 kB
MemAvailable:    1427940 kB
Buffers:          103344 kB
Cached:          1192724 kB
MemTotal:        1844596 kB
MemFree:          148060 kB
MemAvailable:    1427064 kB
Buffers:          103344 kB
Cached:          1192724 kB
MemTotal:        1844596 kB
MemFree:          148540 kB
MemAvailable:    1427544 kB
Buffers:          103344 kB
Cached:          1192724 kB
MemTotal:        1844596 kB
MemFree:          148556 kB
MemAvailable:    1427560 kB
Buffers:          103344 kB
Cached:          1192724 kB
MemTotal:        1844596 kB
MemFree:          148668 kB
MemAvailable:    1427672 kB
Buffers:          103344 kB
Cached:          1192724 kB
MemTotal:        1844596 kB
MemFree:          148548 kB
MemAvailable:    1427552 kB
Buffers:          103344 kB
Cached:          1192724 kB
MemTotal:        1844596 kB
MemFree:          147936 kB
MemAvailable:    1426940 kB
Buffers:          103344 kB
Cached:          1192724 kB
MemTotal:        1844596 kB
MemFree:          148404 kB
MemAvailable:    1427408 kB
Buffers:          103344 kB
Cached:          1192724 kB
MemTotal:        1844596 kB
MemFree:          148740 kB
MemAvailable:    1427744 kB
Buffers:          103344 kB
Cached:          1192724 kB
MemTotal:        1844596 kB
MemFree:          147256 kB
MemAvailable:    1426260 kB
Buffers:          103344 kB
Cached:          1192724 kB
MemTotal:        1844596 kB
MemFree:          148112 kB
MemAvailable:    1427116 kB
Buffers:          103344 kB
Cached:          1192724 kB
MemTotal:        1844596 kB
MemFree:          147068 kB
MemAvailable:    1426072 kB
Buffers:          103344 kB
Cached:          1192724 kB
MemTotal:        1844596 kB
MemFree:          147752 kB
MemAvailable:    1426756 kB
Buffers:          103344 kB
Cached:          1192724 kB
MemTotal:        1844596 kB
MemFree:          147820 kB
MemAvailable:    1426824 kB
Buffers:          103344 kB
Cached:          1192724 kB
MemTotal:        1844596 kB
MemFree:          146524 kB
MemAvailable:    1425528 kB
Buffers:          103344 kB
Cached:          1192724 kB
MemTotal:        1844596 kB
MemFree:          147632 kB
MemAvailable:    1426636 kB
Buffers:          103344 kB
Cached:          1192724 kB
MemTotal:        1844596 kB
MemFree:          147888 kB
MemAvailable:    1426892 kB
Buffers:          103344 kB
Cached:          1192724 kB
MemTotal:        1844596 kB
MemFree:          146560 kB
MemAvailable:    1425564 kB
Buffers:          103344 kB
Cached:          1192724 kB
MemTotal:        1844596 kB
MemFree:          147820 kB
MemAvailable:    1426824 kB
Buffers:          103344 kB
Cached:          1192724 kB
MemTotal:        1844596 kB
MemFree:          147076 kB
MemAvailable:    1426080 kB
Buffers:          103344 kB
Cached:          1192724 kB
MemTotal:        1844596 kB
MemFree:          147764 kB
MemAvailable:    1426768 kB
Buffers:          103344 kB
Cached:          1192724 kB
MemTotal:        1844596 kB
MemFree:          148020 kB
MemAvailable:    1427024 kB
Buffers:          103344 kB
Cached:          1192724 kB
MemTotal:        1844596 kB
MemFree:          147804 kB
MemAvailable:    1426808 kB
Buffers:          103344 kB
Cached:          1192724 kB
MemTotal:        1844596 kB
MemFree:          147696 kB
MemAvailable:    1426700 kB
Buffers:          103344 kB
Cached:          1192724 kB
MemTotal:        1844596 kB
MemFree:          147692 kB
MemAvailable:    1426696 kB
Buffers:          103344 kB
Cached:          1192724 kB
MemTotal:        1844596 kB
MemFree:          147820 kB
MemAvailable:    1426824 kB
Buffers:          103344 kB
Cached:          1192724 kB
MemTotal:        1844596 kB
MemFree:          147832 kB
MemAvailable:    1426840 kB
Buffers:          103344 kB
Cached:          1192728 kB
MemTotal:        1844596 kB
MemFree:          147748 kB
MemAvailable:    1426756 kB
Buffers:          103344 kB
Cached:          1192728 kB
MemTotal:        1844596 kB
MemFree:          147872 kB
MemAvailable:    1426880 kB
Buffers:          103344 kB
Cached:          1192728 kB
MemTotal:        1844596 kB
MemFree:          147060 kB
MemAvailable:    1426068 kB
Buffers:          103344 kB
Cached:          1192728 kB
MemTotal:        1844596 kB
MemFree:          147592 kB
MemAvailable:    1426600 kB
Buffers:          103344 kB
Cached:          1192728 kB
MemTotal:        1844596 kB
MemFree:          147928 kB
MemAvailable:    1426936 kB
Buffers:          103344 kB
Cached:          1192728 kB
MemTotal:        1844596 kB
MemFree:          145828 kB
MemAvailable:    1424836 kB
Buffers:          103344 kB
Cached:          1192728 kB
MemTotal:        1844596 kB
MemFree:          141852 kB
MemAvailable:    1420860 kB
Buffers:          103344 kB
Cached:          1192728 kB
MemTotal:        1844596 kB
MemFree:          141248 kB
MemAvailable:    1420256 kB
Buffers:          103344 kB
Cached:          1192728 kB
MemTotal:        1844596 kB
MemFree:          138076 kB
MemAvailable:    1417084 kB
Buffers:          103344 kB
Cached:          1192728 kB
MemTotal:        1844596 kB
MemFree:          135216 kB
MemAvailable:    1414224 kB
Buffers:          103344 kB
Cached:          1192728 kB
MemTotal:        1844596 kB
MemFree:          131312 kB
MemAvailable:    1410320 kB
Buffers:          103344 kB
Cached:          1192728 kB
MemTotal:        1844596 kB
MemFree:          131312 kB
MemAvailable:    1410320 kB
Buffers:          103344 kB
Cached:          1192728 kB
MemTotal:        1844596 kB
MemFree:          129832 kB
MemAvailable:    1408840 kB
Buffers:          103344 kB
Cached:          1192728 kB
MemTotal:        1844596 kB
MemFree:          128708 kB
MemAvailable:    1407716 kB
Buffers:          103344 kB
Cached:          1192728 kB
MemTotal:        1844596 kB
MemFree:          128460 kB
MemAvailable:    1407468 kB
Buffers:          103344 kB
Cached:          1192728 kB
MemTotal:        1844596 kB
MemFree:          129568 kB
MemAvailable:    1408576 kB
Buffers:          103344 kB
Cached:          1192728 kB
MemTotal:        1844596 kB
MemFree:          129568 kB
MemAvailable:    1408576 kB
Buffers:          103344 kB
Cached:          1192728 kB
MemTotal:        1844596 kB
MemFree:          129440 kB
MemAvailable:    1408448 kB
Buffers:          103344 kB
Cached:          1192728 kB
MemTotal:        1844596 kB
MemFree:          128444 kB
MemAvailable:    1407452 kB
Buffers:          103344 kB
Cached:          1192728 kB
MemTotal:        1844596 kB
MemFree:          128180 kB
MemAvailable:    1407188 kB
Buffers:          103344 kB
Cached:          1192728 kB
MemTotal:        1844596 kB
MemFree:          128592 kB
MemAvailable:    1407600 kB
Buffers:          103344 kB
Cached:          1192728 kB
MemTotal:        1844596 kB
MemFree:          129520 kB
MemAvailable:    1408528 kB
Buffers:          103344 kB
Cached:          1192728 kB
MemTotal:        1844596 kB
MemFree:          129616 kB
MemAvailable:    1408624 kB
Buffers:          103344 kB
Cached:          1192728 kB
MemTotal:        1844596 kB
MemFree:          128840 kB
MemAvailable:    1407848 kB
Buffers:          103344 kB
Cached:          1192728 kB
MemTotal:        1844596 kB
MemFree:          129412 kB
MemAvailable:    1408420 kB
Buffers:          103344 kB
Cached:          1192728 kB
MemTotal:        1844596 kB
MemFree:          129668 kB
MemAvailable:    1408676 kB
Buffers:          103344 kB
Cached:          1192728 kB
MemTotal:        1844596 kB
MemFree:          129404 kB
MemAvailable:    1408412 kB
Buffers:          103344 kB
Cached:          1192728 kB
MemTotal:        1844596 kB
MemFree:          129656 kB
MemAvailable:    1408664 kB
Buffers:          103344 kB
Cached:          1192728 kB
MemTotal:        1844596 kB
MemFree:          128332 kB
MemAvailable:    1407340 kB
Buffers:          103344 kB
Cached:          1192728 kB
MemTotal:        1844596 kB
MemFree:          128200 kB
MemAvailable:    1407208 kB
Buffers:          103344 kB
Cached:          1192728 kB
MemTotal:        1844596 kB
MemFree:          129440 kB
MemAvailable:    1408448 kB
Buffers:          103344 kB
Cached:          1192728 kB
MemTotal:        1844596 kB
MemFree:          129776 kB
MemAvailable:    1408784 kB
Buffers:          103344 kB
Cached:          1192728 kB
MemTotal:        1844596 kB
MemFree:          129648 kB
MemAvailable:    1408656 kB
Buffers:          103344 kB
Cached:          1192728 kB
MemTotal:        1844596 kB
MemFree:          128284 kB
MemAvailable:    1407292 kB
Buffers:          103344 kB
Cached:          1192728 kB
MemTotal:        1844596 kB
MemFree:          129496 kB
MemAvailable:    1408504 kB
Buffers:          103344 kB
Cached:          1192728 kB
MemTotal:        1844596 kB
MemFree:          128848 kB
MemAvailable:    1407856 kB
Buffers:          103344 kB
Cached:          1192728 kB
MemTotal:        1844596 kB
MemFree:          129320 kB
MemAvailable:    1408328 kB
Buffers:          103344 kB
Cached:          1192728 kB
MemTotal:        1844596 kB
MemFree:          129656 kB
MemAvailable:    1408664 kB
Buffers:          103344 kB
Cached:          1192728 kB
MemTotal:        1844596 kB
MemFree:          129444 kB
MemAvailable:    1408452 kB
Buffers:          103344 kB
Cached:          1192728 kB
MemTotal:        1844596 kB
MemFree:          129696 kB
MemAvailable:    1408704 kB
Buffers:          103344 kB
Cached:          1192728 kB
MemTotal:        1844596 kB
MemFree:          129404 kB
MemAvailable:    1408412 kB
Buffers:          103344 kB
Cached:          1192728 kB
MemTotal:        1844596 kB
MemFree:          128332 kB
MemAvailable:    1407340 kB
Buffers:          103344 kB
Cached:          1192728 kB
MemTotal:        1844596 kB
MemFree:          128344 kB
MemAvailable:    1407352 kB
Buffers:          103344 kB
Cached:          1192728 kB
MemTotal:        1844596 kB
MemFree:          128220 kB
MemAvailable:    1407228 kB
Buffers:          103344 kB
Cached:          1192728 kB
MemTotal:        1844596 kB
MemFree:          129620 kB
MemAvailable:    1408628 kB
Buffers:          103344 kB
Cached:          1192728 kB
MemTotal:        1844596 kB
MemFree:          128840 kB
MemAvailable:    1407848 kB
Buffers:          103344 kB
Cached:          1192728 kB
MemTotal:        1844596 kB
MemFree:          129280 kB
MemAvailable:    1408292 kB
Buffers:          103344 kB
Cached:          1192732 kB
MemTotal:        1844596 kB
MemFree:          129616 kB
MemAvailable:    1408628 kB
Buffers:          103344 kB
Cached:          1192732 kB
MemTotal:        1844596 kB
MemFree:          123872 kB
MemAvailable:    1402884 kB
Buffers:          103344 kB
Cached:          1192732 kB
MemTotal:        1844596 kB
MemFree:          120532 kB
MemAvailable:    1399544 kB
Buffers:          103344 kB
Cached:          1192732 kB
MemTotal:        1844596 kB
MemFree:          116068 kB
MemAvailable:    1395080 kB
Buffers:          103344 kB
Cached:          1192732 kB
MemTotal:        1844596 kB
MemFree:          112332 kB
MemAvailable:    1391344 kB
Buffers:          103344 kB
Cached:          1192732 kB
MemTotal:        1844596 kB
MemFree:          112084 kB
MemAvailable:    1391096 kB
Buffers:          103344 kB
Cached:          1192732 kB
MemTotal:        1844596 kB
MemFree:          111892 kB
MemAvailable:    1390904 kB
Buffers:          103344 kB
Cached:          1192732 kB
MemTotal:        1844596 kB
MemFree:          112228 kB
MemAvailable:    1391240 kB
Buffers:          103344 kB
Cached:          1192732 kB
MemTotal:        1844596 kB
MemFree:          111348 kB
MemAvailable:    1390360 kB
Buffers:          103344 kB
Cached:          1192732 kB
MemTotal:        1844596 kB
MemFree:          111240 kB
MemAvailable:    1390252 kB
Buffers:          103344 kB
Cached:          1192732 kB
MemTotal:        1844596 kB
MemFree:          111060 kB
MemAvailable:    1390072 kB
Buffers:          103344 kB
Cached:          1192732 kB
MemTotal:        1844596 kB
MemFree:          110988 kB
MemAvailable:    1390000 kB
Buffers:          103344 kB
Cached:          1192732 kB
MemTotal:        1844596 kB
MemFree:          109980 kB
MemAvailable:    1388992 kB
Buffers:          103344 kB
Cached:          1192732 kB
MemTotal:        1844596 kB
MemFree:          110956 kB
MemAvailable:    1389968 kB
Buffers:          103344 kB
Cached:          1192732 kB
MemTotal:        1844596 kB
MemFree:          111208 kB
MemAvailable:    1390220 kB
Buffers:          103344 kB
Cached:          1192732 kB
MemTotal:        1844596 kB
MemFree:          110928 kB
MemAvailable:    1389940 kB
Buffers:          103344 kB
Cached:          1192732 kB
MemTotal:        1844596 kB
MemFree:          110532 kB
MemAvailable:    1389544 kB
Buffers:          103344 kB
Cached:          1192732 kB
MemTotal:        1844596 kB
MemFree:          110612 kB
MemAvailable:    1389624 kB
Buffers:          103344 kB
Cached:          1192732 kB
MemTotal:        1844596 kB
MemFree:          109360 kB
MemAvailable:    1388372 kB
Buffers:          103344 kB
Cached:          1192732 kB
MemTotal:        1844596 kB
MemFree:          110100 kB
MemAvailable:    1389112 kB
Buffers:          103344 kB
Cached:          1192732 kB
MemTotal:        1844596 kB
MemFree:          110100 kB
MemAvailable:    1389112 kB
Buffers:          103344 kB
Cached:          1192732 kB
MemTotal:        1844596 kB
MemFree:          109688 kB
MemAvailable:    1388700 kB
Buffers:          103344 kB
Cached:          1192732 kB
MemTotal:        1844596 kB
MemFree:          109308 kB
MemAvailable:    1388320 kB
Buffers:          103344 kB
Cached:          1192732 kB
MemTotal:        1844596 kB
MemFree:          107884 kB
MemAvailable:    1386896 kB
Buffers:          103344 kB
Cached:          1192732 kB
MemTotal:        1844596 kB
MemFree:          108364 kB
MemAvailable:    1387380 kB
Buffers:          103344 kB
Cached:          1192736 kB
MemTotal:        1844596 kB
MemFree:          107636 kB
MemAvailable:    1386652 kB
Buffers:          103344 kB
Cached:          1192736 kB
MemTotal:        1844596 kB
MemFree:          108000 kB
MemAvailable:    1387020 kB
Buffers:          103344 kB
Cached:          1192740 kB
MemTotal:        1844596 kB
MemFree:          108192 kB
MemAvailable:    1387212 kB
Buffers:          103344 kB
Cached:          1192740 kB
MemTotal:        1844596 kB
MemFree:          105660 kB
MemAvailable:    1384680 kB
Buffers:          103344 kB
Cached:          1192740 kB
MemTotal:        1844596 kB
MemFree:          106272 kB
MemAvailable:    1385292 kB
Buffers:          103344 kB
Cached:          1192740 kB
MemTotal:        1844596 kB
MemFree:          105216 kB
MemAvailable:    1384236 kB
Buffers:          103344 kB
Cached:          1192740 kB
MemTotal:        1844596 kB
MemFree:          104900 kB
MemAvailable:    1383920 kB
Buffers:          103344 kB
Cached:          1192740 kB
MemTotal:        1844596 kB
MemFree:          105236 kB
MemAvailable:    1384256 kB
Buffers:          103344 kB
Cached:          1192740 kB
MemTotal:        1844596 kB
MemFree:          103744 kB
MemAvailable:    1382764 kB
Buffers:          103344 kB
Cached:          1192740 kB
MemTotal:        1844596 kB
MemFree:          104116 kB
MemAvailable:    1383136 kB
Buffers:          103344 kB
Cached:          1192740 kB
MemTotal:        1844596 kB
MemFree:          103868 kB
MemAvailable:    1382888 kB
Buffers:          103344 kB
Cached:          1192740 kB
MemTotal:        1844596 kB
MemFree:          103868 kB
MemAvailable:    1382888 kB
Buffers:          103344 kB
Cached:          1192740 kB
MemTotal:        1844596 kB
MemFree:          103736 kB
MemAvailable:    1382756 kB
Buffers:          103344 kB
Cached:          1192740 kB
MemTotal:        1844596 kB
MemFree:          102436 kB
MemAvailable:    1381456 kB
Buffers:          103344 kB
Cached:          1192740 kB
MemTotal:        1844596 kB
MemFree:          103420 kB
MemAvailable:    1382440 kB
Buffers:          103344 kB
Cached:          1192740 kB
MemTotal:        1844596 kB
MemFree:          103188 kB
MemAvailable:    1382208 kB
Buffers:          103344 kB
Cached:          1192740 kB
MemTotal:        1844596 kB
MemFree:          103224 kB
MemAvailable:    1382244 kB
Buffers:          103344 kB
Cached:          1192740 kB
MemTotal:        1844596 kB
MemFree:          103504 kB
MemAvailable:    1382524 kB
Buffers:          103344 kB
Cached:          1192740 kB
MemTotal:        1844596 kB
MemFree:          102264 kB
MemAvailable:    1381284 kB
Buffers:          103344 kB
Cached:          1192740 kB
MemTotal:        1844596 kB
MemFree:          103164 kB
MemAvailable:    1382184 kB
Buffers:          103344 kB
Cached:          1192740 kB
MemTotal:        1844596 kB
MemFree:          103180 kB
MemAvailable:    1382200 kB
Buffers:          103344 kB
Cached:          1192740 kB
MemTotal:        1844596 kB
MemFree:          103352 kB
MemAvailable:    1382372 kB
Buffers:          103344 kB
Cached:          1192740 kB
MemTotal:        1844596 kB
MemFree:          103472 kB
MemAvailable:    1382492 kB
Buffers:          103344 kB
Cached:          1192740 kB
MemTotal:        1844596 kB
MemFree:          103528 kB
MemAvailable:    1382548 kB
Buffers:          103344 kB
Cached:          1192740 kB
MemTotal:        1844596 kB
MemFree:          103164 kB
MemAvailable:    1382184 kB
Buffers:          103344 kB
Cached:          1192740 kB
MemTotal:        1844596 kB
MemFree:          103304 kB
MemAvailable:    1382324 kB
Buffers:          103344 kB
Cached:          1192740 kB
MemTotal:        1844596 kB
MemFree:          103376 kB
MemAvailable:    1382396 kB
Buffers:          103344 kB
Cached:          1192740 kB
MemTotal:        1844596 kB
MemFree:          102256 kB
MemAvailable:    1381276 kB
Buffers:          103344 kB
Cached:          1192740 kB
MemTotal:        1844596 kB
MemFree:          103492 kB
MemAvailable:    1382512 kB
Buffers:          103344 kB
Cached:          1192740 kB
MemTotal:        1844596 kB
MemFree:          102692 kB
MemAvailable:    1381712 kB
Buffers:          103344 kB
Cached:          1192740 kB
MemTotal:        1844596 kB
MemFree:          103372 kB
MemAvailable:    1382392 kB
Buffers:          103344 kB
Cached:          1192740 kB
MemTotal:        1844596 kB
MemFree:          103624 kB
MemAvailable:    1382644 kB
Buffers:          103344 kB
Cached:          1192740 kB
MemTotal:        1844596 kB
MemFree:          103480 kB
MemAvailable:    1382500 kB
Buffers:          103344 kB
Cached:          1192740 kB
MemTotal:        1844596 kB
MemFree:          102312 kB
MemAvailable:    1381332 kB
Buffers:          103344 kB
Cached:          1192740 kB
MemTotal:        1844596 kB
MemFree:          103636 kB
MemAvailable:    1382656 kB
Buffers:          103344 kB
Cached:          1192740 kB
MemTotal:        1844596 kB
MemFree:          102312 kB
MemAvailable:    1381332 kB
Buffers:          103344 kB
Cached:          1192740 kB
MemTotal:        1844596 kB
MemFree:          102188 kB
MemAvailable:    1381208 kB
Buffers:          103344 kB
Cached:          1192740 kB
MemTotal:        1844596 kB
MemFree:          102852 kB
MemAvailable:    1381872 kB
Buffers:          103344 kB
Cached:          1192740 kB
MemTotal:        1844596 kB
MemFree:          102148 kB
MemAvailable:    1381168 kB
Buffers:          103344 kB
Cached:          1192740 kB
MemTotal:        1844596 kB
MemFree:          103412 kB
MemAvailable:    1382432 kB
Buffers:          103344 kB
Cached:          1192740 kB
MemTotal:        1844596 kB
MemFree:          103412 kB
MemAvailable:    1382432 kB
Buffers:          103344 kB
Cached:          1192740 kB
MemTotal:        1844596 kB
MemFree:          102424 kB
MemAvailable:    1381444 kB
Buffers:          103344 kB
Cached:          1192740 kB
MemTotal:        1844596 kB
MemFree:          103148 kB
MemAvailable:    1382168 kB
Buffers:          103344 kB
Cached:          1192740 kB
MemTotal:        1844596 kB
MemFree:          102036 kB
MemAvailable:    1381056 kB
Buffers:          103344 kB
Cached:          1192740 kB
MemTotal:        1844596 kB
MemFree:          102428 kB
MemAvailable:    1381448 kB
Buffers:          103344 kB
Cached:          1192740 kB
MemTotal:        1844596 kB
MemFree:          102304 kB
MemAvailable:    1381324 kB
Buffers:          103344 kB
Cached:          1192740 kB
MemTotal:        1844596 kB
MemFree:          103464 kB
MemAvailable:    1382484 kB
Buffers:          103344 kB
Cached:          1192740 kB
MemTotal:        1844596 kB
MemFree:          102940 kB
MemAvailable:    1381960 kB
Buffers:          103344 kB
Cached:          1192740 kB
MemTotal:        1844596 kB
MemFree:          103412 kB
MemAvailable:    1382432 kB
Buffers:          103344 kB
Cached:          1192740 kB
MemTotal:        1844596 kB
MemFree:          103428 kB
MemAvailable:    1382448 kB
Buffers:          103344 kB
Cached:          1192740 kB
MemTotal:        1844596 kB
MemFree:          103540 kB
MemAvailable:    1382560 kB
Buffers:          103344 kB
Cached:          1192740 kB
MemTotal:        1844596 kB
MemFree:          102252 kB
MemAvailable:    1381272 kB
Buffers:          103344 kB
Cached:          1192740 kB
MemTotal:        1844596 kB
MemFree:          102368 kB
MemAvailable:    1381388 kB
Buffers:          103344 kB
Cached:          1192740 kB
MemTotal:        1844596 kB
MemFree:          102120 kB
MemAvailable:    1381140 kB
Buffers:          103344 kB
Cached:          1192740 kB
MemTotal:        1844596 kB
MemFree:          103420 kB
MemAvailable:    1382440 kB
Buffers:          103344 kB
Cached:          1192740 kB
MemTotal:        1844596 kB
MemFree:          102280 kB
MemAvailable:    1381300 kB
Buffers:          103344 kB
Cached:          1192740 kB
MemTotal:        1844596 kB
MemFree:          100684 kB
MemAvailable:    1379704 kB
Buffers:          103344 kB
Cached:          1192740 kB
MemTotal:        1844596 kB
MemFree:           99708 kB
MemAvailable:    1378728 kB
Buffers:          103344 kB
Cached:          1192740 kB
MemTotal:        1844596 kB
MemFree:           97476 kB
MemAvailable:    1376496 kB
Buffers:          103344 kB
Cached:          1192740 kB
MemTotal:        1844596 kB
MemFree:           95128 kB
MemAvailable:    1374148 kB
Buffers:          103344 kB
Cached:          1192740 kB
MemTotal:        1844596 kB
MemFree:           92384 kB
MemAvailable:    1371408 kB
Buffers:          103344 kB
Cached:          1192744 kB
MemTotal:        1844596 kB
MemFree:           91656 kB
MemAvailable:    1370680 kB
Buffers:          103344 kB
Cached:          1192744 kB
MemTotal:        1844596 kB
MemFree:           87168 kB
MemAvailable:    1366192 kB
Buffers:          103344 kB
Cached:          1192744 kB
MemTotal:        1844596 kB
MemFree:           87168 kB
MemAvailable:    1366192 kB
Buffers:          103344 kB
Cached:          1192744 kB
MemTotal:        1844596 kB
MemFree:           83092 kB
MemAvailable:    1362116 kB
Buffers:          103348 kB
Cached:          1192740 kB
MemTotal:        1844596 kB
MemFree:           84076 kB
MemAvailable:    1363100 kB
Buffers:          103348 kB
Cached:          1192740 kB
MemTotal:        1844596 kB
MemFree:           83720 kB
MemAvailable:    1362744 kB
Buffers:          103348 kB
Cached:          1192740 kB
MemTotal:        1844596 kB
MemFree:           83964 kB
MemAvailable:    1362988 kB
Buffers:          103348 kB
Cached:          1192740 kB
MemTotal:        1844596 kB
MemFree:           84092 kB
MemAvailable:    1363116 kB
Buffers:          103348 kB
Cached:          1192740 kB
MemTotal:        1844596 kB
MemFree:           83208 kB
MemAvailable:    1362232 kB
Buffers:          103348 kB
Cached:          1192740 kB
MemTotal:        1844596 kB
MemFree:           83920 kB
MemAvailable:    1362944 kB
Buffers:          103348 kB
Cached:          1192740 kB
MemTotal:        1844596 kB
MemFree:           82928 kB
MemAvailable:    1361952 kB
Buffers:          103348 kB
Cached:          1192740 kB
MemTotal:        1844596 kB
MemFree:           84084 kB
MemAvailable:    1363116 kB
Buffers:          103348 kB
Cached:          1192748 kB
MemTotal:        1844596 kB
MemFree:           82704 kB
MemAvailable:    1361736 kB
Buffers:          103348 kB
Cached:          1192748 kB
MemTotal:        1844596 kB
MemFree:           83896 kB
MemAvailable:    1362928 kB
Buffers:          103348 kB
Cached:          1192748 kB
MemTotal:        1844596 kB
MemFree:           83588 kB
MemAvailable:    1362496 kB
Buffers:          103348 kB
Cached:          1192748 kB
MemTotal:        1844596 kB
MemFree:           82832 kB
MemAvailable:    1361864 kB
Buffers:          103348 kB
Cached:          1192748 kB
MemTotal:        1844596 kB
MemFree:           83932 kB
MemAvailable:    1362964 kB
Buffers:          103348 kB
Cached:          1192748 kB
MemTotal:        1844596 kB
MemFree:           84016 kB
MemAvailable:    1363048 kB
Buffers:          103348 kB
Cached:          1192748 kB
MemTotal:        1844596 kB
MemFree:           83820 kB
MemAvailable:    1362852 kB
Buffers:          103348 kB
Cached:          1192748 kB
MemTotal:        1844596 kB
MemFree:           83664 kB
MemAvailable:    1362696 kB
Buffers:          103348 kB
Cached:          1192748 kB
MemTotal:        1844596 kB
MemFree:           83664 kB
MemAvailable:    1362696 kB
Buffers:          103348 kB
Cached:          1192748 kB
MemTotal:        1844596 kB
MemFree:           82332 kB
MemAvailable:    1361364 kB
Buffers:          103348 kB
Cached:          1192748 kB
MemTotal:        1844596 kB
MemFree:           82540 kB
MemAvailable:    1361572 kB
Buffers:          103348 kB
Cached:          1192748 kB
MemTotal:        1844596 kB
MemFree:           83692 kB
MemAvailable:    1362724 kB
Buffers:          103348 kB
Cached:          1192748 kB
MemTotal:        1844596 kB
MemFree:           83632 kB
MemAvailable:    1362664 kB
Buffers:          103348 kB
Cached:          1192748 kB
MemTotal:        1844596 kB
MemFree:           83588 kB
MemAvailable:    1362620 kB
Buffers:          103348 kB
Cached:          1192748 kB
MemTotal:        1844596 kB
MemFree:           82460 kB
MemAvailable:    1361492 kB
Buffers:          103348 kB
Cached:          1192748 kB
MemTotal:        1844596 kB
MemFree:           83448 kB
MemAvailable:    1362480 kB
Buffers:          103348 kB
Cached:          1192748 kB
MemTotal:        1844596 kB
MemFree:           83216 kB
MemAvailable:    1362248 kB
Buffers:          103348 kB
Cached:          1192748 kB
MemTotal:        1844596 kB
MemFree:           83036 kB
MemAvailable:    1362068 kB
Buffers:          103348 kB
Cached:          1192748 kB
MemTotal:        1844596 kB
MemFree:           82964 kB
MemAvailable:    1361996 kB
Buffers:          103348 kB
Cached:          1192748 kB
MemTotal:        1844596 kB
MemFree:           77820 kB
MemAvailable:    1356852 kB
Buffers:          103348 kB
Cached:          1192748 kB
MemTotal:        1844596 kB
MemFree:           74600 kB
MemAvailable:    1353632 kB
Buffers:          103348 kB
Cached:          1192748 kB
MemTotal:        1844596 kB
MemFree:           74668 kB
MemAvailable:    1353700 kB
Buffers:          103348 kB
Cached:          1192748 kB
MemTotal:        1844596 kB
MemFree:           73844 kB
MemAvailable:    1352876 kB
Buffers:          103348 kB
Cached:          1192748 kB
MemTotal:        1844596 kB
MemFree:           73720 kB
MemAvailable:    1352752 kB
Buffers:          103348 kB
Cached:          1192748 kB
MemTotal:        1844596 kB
MemFree:           73600 kB
MemAvailable:    1352632 kB
Buffers:          103348 kB
Cached:          1192748 kB
MemTotal:        1844596 kB
MemFree:           73600 kB
MemAvailable:    1352632 kB
Buffers:          103348 kB
Cached:          1192748 kB
MemTotal:        1844596 kB
MemFree:           72364 kB
MemAvailable:    1351396 kB
Buffers:          103348 kB
Cached:          1192748 kB
MemTotal:        1844596 kB
MemFree:           73604 kB
MemAvailable:    1352636 kB
Buffers:          103348 kB
Cached:          1192748 kB
MemTotal:        1844596 kB
MemFree:           73912 kB
MemAvailable:    1352944 kB
Buffers:          103348 kB
Cached:          1192748 kB
MemTotal:        1844596 kB
MemFree:           73912 kB
MemAvailable:    1352944 kB
Buffers:          103348 kB
Cached:          1192748 kB
MemTotal:        1844596 kB
MemFree:           73636 kB
MemAvailable:    1352752 kB
Buffers:          103352 kB
Cached:          1192868 kB
MemTotal:        1844596 kB
MemFree:           72684 kB
MemAvailable:    1351800 kB
Buffers:          103352 kB
Cached:          1192868 kB
MemTotal:        1844596 kB
MemFree:           73668 kB
MemAvailable:    1352868 kB
Buffers:          103352 kB
Cached:          1192992 kB
MemTotal:        1844596 kB
MemFree:           72304 kB
MemAvailable:    1351672 kB
Buffers:          103352 kB
Cached:          1193116 kB
MemTotal:        1844596 kB
MemFree:           73356 kB
MemAvailable:    1352808 kB
Buffers:          103352 kB
Cached:          1193116 kB
MemTotal:        1844596 kB
MemFree:           72900 kB
MemAvailable:    1352436 kB
Buffers:          103352 kB
Cached:          1193364 kB
MemTotal:        1844596 kB
MemFree:           72800 kB
MemAvailable:    1352212 kB
Buffers:          103352 kB
Cached:          1193364 kB
MemTotal:        1844596 kB
MemFree:           72736 kB
MemAvailable:    1352272 kB
Buffers:          103352 kB
Cached:          1193364 kB
MemTotal:        1844596 kB
MemFree:           72992 kB
MemAvailable:    1352528 kB
Buffers:          103352 kB
Cached:          1193364 kB
MemTotal:        1844596 kB
MemFree:           72904 kB
MemAvailable:    1352524 kB
Buffers:          103352 kB
Cached:          1193488 kB
MemTotal:        1844596 kB
MemFree:           72760 kB
MemAvailable:    1352380 kB
Buffers:          103352 kB
Cached:          1193488 kB
MemTotal:        1844596 kB
MemFree:           72760 kB
MemAvailable:    1352380 kB
Buffers:          103352 kB
Cached:          1193488 kB
MemTotal:        1844596 kB
MemFree:           71504 kB
MemAvailable:    1351124 kB
Buffers:          103352 kB
Cached:          1193488 kB
MemTotal:        1844596 kB
MemFree:           72804 kB
MemAvailable:    1352424 kB
Buffers:          103352 kB
Cached:          1193488 kB
MemTotal:        1844596 kB
MemFree:           71620 kB
MemAvailable:    1351324 kB
Buffers:          103352 kB
Cached:          1193488 kB
MemTotal:        1844596 kB
MemFree:           72860 kB
MemAvailable:    1352648 kB
Buffers:          103352 kB
Cached:          1193612 kB
MemTotal:        1844596 kB
MemFree:           95668 kB
MemAvailable:    1374784 kB
Buffers:          103352 kB
Cached:          1192856 kB
MemTotal:        1844596 kB
MemFree:          150980 kB
MemAvailable:    1430096 kB
Buffers:          103352 kB
Cached:          1192856 kB
MemTotal:        1844596 kB
MemFree:          262396 kB
MemAvailable:    1541512 kB
Buffers:          103352 kB
Cached:          1192856 kB
