MemTotal:        1844596 kB
MemFree:         1553224 kB
MemAvailable:    1588024 kB
Buffers:           18956 kB
Cached:           144464 kB
MemTotal:        1844596 kB
MemFree:         1549068 kB
MemAvailable:    1583868 kB
Buffers:           18956 kB
Cached:           144464 kB
MemTotal:        1844596 kB
MemFree:         1547644 kB
MemAvailable:    1582444 kB
Buffers:           18956 kB
Cached:           144464 kB
MemTotal:        1844596 kB
MemFree:         1546776 kB
MemAvailable:    1581576 kB
Buffers:           18956 kB
Cached:           144464 kB
MemTotal:        1844596 kB
MemFree:         1546812 kB
MemAvailable:    1581612 kB
Buffers:           18956 kB
Cached:           144464 kB
MemTotal:        1844596 kB
MemFree:         1545472 kB
MemAvailable:    1580272 kB
Buffers:           18956 kB
Cached:           144464 kB
MemTotal:        1844596 kB
MemFree:         1544296 kB
MemAvailable:    1579096 kB
Buffers:           18956 kB
Cached:           144464 kB
MemTotal:        1844596 kB
MemFree:         1541196 kB
MemAvailable:    1575996 kB
Buffers:           18956 kB
Cached:           144464 kB
MemTotal:        1844596 kB
MemFree:         1538716 kB
MemAvailable:    1573516 kB
Buffers:           18956 kB
Cached:           144464 kB
MemTotal:        1844596 kB
MemFree:         1538032 kB
MemAvailable:    1572832 kB
Buffers:           18956 kB
Cached:           144464 kB
MemTotal:        1844596 kB
MemFree:         1533260 kB
MemAvailable:    1568060 kB
Buffers:           18956 kB
Cached:           144464 kB
MemTotal:        1844596 kB
MemFree:         1535464 kB
MemAvailable:    1570264 kB
Buffers:           18956 kB
Cached:           144464 kB
MemTotal:        1844596 kB
MemFree:         1535616 kB
MemAvailable:    1570416 kB
Buffers:           18956 kB
Cached:           144464 kB
MemTotal:        1844596 kB
MemFree:         1534252 kB
MemAvailable:    1569052 kB
Buffers:           18956 kB
Cached:           144464 kB
MemTotal:        1844596 kB
MemFree:         1535120 kB
MemAvailable:    1569920 kB
Buffers:           18956 kB
Cached:           144464 kB
MemTotal:        1844596 kB
MemFree:         1535280 kB
MemAvailable:    1570080 kB
Buffers:           18956 kB
Cached:           144464 kB
MemTotal:        1844596 kB
MemFree:         1534128 kB
MemAvailable:    1568928 kB
Buffers:           18956 kB
Cached:           144464 kB
MemTotal:        1844596 kB
MemFree:         1534516 kB
MemAvailable:    1569316 kB
Buffers:           18956 kB
Cached:           144464 kB
MemTotal:        1844596 kB
MemFree:         1532920 kB
MemAvailable:    1567720 kB
Buffers:           18956 kB
Cached:           144464 kB
MemTotal:        1844596 kB
MemFree:         1532300 kB
MemAvailable:    1567100 kB
Buffers:           18956 kB
Cached:           144464 kB
MemTotal:        1844596 kB
MemFree:         1533284 kB
MemAvailable:    1568084 kB
Buffers:           18956 kB
Cached:           144464 kB
MemTotal:        1844596 kB
MemFree:         1533088 kB
MemAvailable:    1567888 kB
Buffers:           18956 kB
Cached:           144464 kB
MemTotal:        1844596 kB
MemFree:         1533048 kB
MemAvailable:    1567848 kB
Buffers:           18956 kB
Cached:           144464 kB
MemTotal:        1844596 kB
MemFree:         1532856 kB
MemAvailable:    1567656 kB
Buffers:           18956 kB
Cached:           144464 kB
MemTotal:        1844596 kB
MemFree:         1532928 kB
MemAvailable:    1567728 kB
Buffers:           18956 kB
Cached:           144464 kB
MemTotal:        1844596 kB
MemFree:         1532924 kB
MemAvailable:    1567724 kB
Buffers:           18956 kB
Cached:           144464 kB
MemTotal:        1844596 kB
MemFree:         1532968 kB
MemAvailable:    1567768 kB
Buffers:           18956 kB
Cached:           144464 kB
MemTotal:        1844596 kB
MemFree:         1532900 kB
MemAvailable:    1567700 kB
Buffers:           18956 kB
Cached:           144464 kB
MemTotal:        1844596 kB
MemFree:         1533156 kB
MemAvailable:    1567956 kB
Buffers:           18956 kB
Cached:           144464 kB
MemTotal:        1844596 kB
MemFree:         1534144 kB
MemAvailable:    1568944 kB
Buffers:           18956 kB
Cached:           144464 kB
MemTotal:        1844596 kB
MemFree:         1534396 kB
MemAvailable:    1569196 kB
Buffers:           18956 kB
Cached:           144464 kB
MemTotal:        1844596 kB
MemFree:         1531804 kB
MemAvailable:    1566604 kB
Buffers:           18956 kB
Cached:           144464 kB
MemTotal:        1844596 kB
MemFree:         1530432 kB
MemAvailable:    1565232 kB
Buffers:           18956 kB
Cached:           144464 kB
MemTotal:        1844596 kB
MemFree:         1530740 kB
MemAvailable:    1565540 kB
Buffers:           18956 kB
Cached:           144464 kB
MemTotal:        1844596 kB
MemFree:         1530540 kB
MemAvailable:    1565340 kB
Buffers:           18956 kB
Cached:           144464 kB
MemTotal:        1844596 kB
MemFree:         1529820 kB
MemAvailable:    1564620 kB
Buffers:           18956 kB
Cached:           144464 kB
MemTotal:        1844596 kB
MemFree:         1528408 kB
MemAvailable:    1563208 kB
Buffers:           18956 kB
Cached:           144464 kB
MemTotal:        1844596 kB
MemFree:         1528964 kB
MemAvailable:    1563764 kB
Buffers:           18956 kB
Cached:           144464 kB
MemTotal:        1844596 kB
MemFree:         1527836 kB
MemAvailable:    1562636 kB
Buffers:           18956 kB
Cached:           144464 kB
MemTotal:        1844596 kB
MemFree:         1528676 kB
MemAvailable:    1563476 kB
Buffers:           18956 kB
Cached:           144464 kB
MemTotal:        1844596 kB
MemFree:         1528844 kB
MemAvailable:    1563644 kB
Buffers:           18956 kB
Cached:           144464 kB
MemTotal:        1844596 kB
MemFree:         1527524 kB
MemAvailable:    1562324 kB
Buffers:           18956 kB
Cached:           144464 kB
MemTotal:        1844596 kB
MemFree:         1527524 kB
MemAvailable:    1562324 kB
Buffers:           18956 kB
Cached:           144464 kB
MemTotal:        1844596 kB
MemFree:         1529076 kB
MemAvailable:    1563876 kB
Buffers:           18956 kB
Cached:           144464 kB
MemTotal:        1844596 kB
MemFree:         1527896 kB
MemAvailable:    1562696 kB
Buffers:           18956 kB
Cached:           144464 kB
MemTotal:        1844596 kB
MemFree:         1528888 kB
MemAvailable:    1563688 kB
Buffers:           18956 kB
Cached:           144464 kB
MemTotal:        1844596 kB
MemFree:         1527092 kB
MemAvailable:    1561892 kB
Buffers:           18956 kB
Cached:           144464 kB
MemTotal:        1844596 kB
MemFree:         1527216 kB
MemAvailable:    1562016 kB
Buffers:           18956 kB
Cached:           144464 kB
MemTotal:        1844596 kB
MemFree:         1526704 kB
MemAvailable:    1561504 kB
Buffers:           18956 kB
Cached:           144464 kB
MemTotal:        1844596 kB
MemFree:         1526404 kB
MemAvailable:    1561204 kB
Buffers:           18956 kB
Cached:           144464 kB
MemTotal:        1844596 kB
MemFree:         1526520 kB
MemAvailable:    1561320 kB
Buffers:           18956 kB
Cached:           144464 kB
MemTotal:        1844596 kB
MemFree:         1527828 kB
MemAvailable:    1562628 kB
Buffers:           18956 kB
Cached:           144464 kB
MemTotal:        1844596 kB
MemFree:         1526392 kB
MemAvailable:    1561192 kB
Buffers:           18956 kB
Cached:           144464 kB
MemTotal:        1844596 kB
MemFree:         1527800 kB
MemAvailable:    1562600 kB
Buffers:           18956 kB
Cached:           144464 kB
MemTotal:        1844596 kB
MemFree:         1526428 kB
MemAvailable:    1561228 kB
Buffers:           18956 kB
Cached:           144464 kB
MemTotal:        1844596 kB
MemFree:         1526676 kB
MemAvailable:    1561476 kB
Buffers:           18956 kB
Cached:           144464 kB
MemTotal:        1844596 kB
MemFree:         1526676 kB
MemAvailable:    1561476 kB
Buffers:           18956 kB
Cached:           144464 kB
MemTotal:        1844596 kB
MemFree:         1527960 kB
MemAvailable:    1562768 kB
Buffers:           18956 kB
Cached:           144472 kB
MemTotal:        1844596 kB
MemFree:         1526224 kB
MemAvailable:    1561032 kB
Buffers:           18956 kB
Cached:           144472 kB
MemTotal:        1844596 kB
MemFree:         1527332 kB
MemAvailable:    1562140 kB
Buffers:           18956 kB
Cached:           144472 kB
MemTotal:        1844596 kB
MemFree:         1527416 kB
MemAvailable:    1562224 kB
Buffers:           18956 kB
Cached:           144472 kB
MemTotal:        1844596 kB
MemFree:         1526904 kB
MemAvailable:    1561712 kB
Buffers:           18956 kB
Cached:           144472 kB
MemTotal:        1844596 kB
MemFree:         1525584 kB
MemAvailable:    1560392 kB
Buffers:           18956 kB
Cached:           144472 kB
MemTotal:        1844596 kB
MemFree:         1527008 kB
MemAvailable:    1561816 kB
Buffers:           18956 kB
Cached:           144472 kB
MemTotal:        1844596 kB
MemFree:         1525660 kB
MemAvailable:    1560468 kB
Buffers:           18956 kB
Cached:           144472 kB
MemTotal:        1844596 kB
MemFree:         1526860 kB
MemAvailable:    1561668 kB
Buffers:           18956 kB
Cached:           144472 kB
MemTotal:        1844596 kB
MemFree:         1526100 kB
MemAvailable:    1560908 kB
Buffers:           18956 kB
Cached:           144472 kB
MemTotal:        1844596 kB
MemFree:         1527144 kB
MemAvailable:    1561952 kB
Buffers:           18956 kB
Cached:           144472 kB
MemTotal:        1844596 kB
MemFree:         1525844 kB
MemAvailable:    1560652 kB
Buffers:           18956 kB
Cached:           144472 kB
MemTotal:        1844596 kB
MemFree:         1527020 kB
MemAvailable:    1561828 kB
Buffers:           18956 kB
Cached:           144472 kB
MemTotal:        1844596 kB
MemFree:         1525852 kB
MemAvailable:    1560660 kB
Buffers:           18956 kB
Cached:           144472 kB
MemTotal:        1844596 kB
MemFree:         1527092 kB
MemAvailable:    1561900 kB
Buffers:           18956 kB
Cached:           144472 kB
MemTotal:        1844596 kB
MemFree:         1525852 kB
MemAvailable:    1560660 kB
Buffers:           18956 kB
Cached:           144472 kB
MemTotal:        1844596 kB
MemFree:         1527012 kB
MemAvailable:    1561820 kB
Buffers:           18956 kB
Cached:           144472 kB
MemTotal:        1844596 kB
MemFree:         1526232 kB
MemAvailable:    1561040 kB
Buffers:           18956 kB
Cached:           144472 kB
MemTotal:        1844596 kB
MemFree:         1523496 kB
MemAvailable:    1558304 kB
Buffers:           18956 kB
Cached:           144472 kB
MemTotal:        1844596 kB
MemFree:         1521380 kB
MemAvailable:    1556188 kB
Buffers:           18956 kB
Cached:           144472 kB
MemTotal:        1844596 kB
MemFree:         1519264 kB
MemAvailable:    1554072 kB
Buffers:           18956 kB
Cached:           144472 kB
MemTotal:        1844596 kB
MemFree:         1519264 kB
MemAvailable:    1554072 kB
Buffers:           18956 kB
Cached:           144472 kB
MemTotal:        1844596 kB
MemFree:         1519100 kB
MemAvailable:    1553908 kB
Buffers:           18956 kB
Cached:           144472 kB
MemTotal:        1844596 kB
MemFree:         1517728 kB
MemAvailable:    1552536 kB
Buffers:           18956 kB
Cached:           144472 kB
MemTotal:        1844596 kB
MemFree:         1518828 kB
MemAvailable:    1553636 kB
Buffers:           18956 kB
Cached:           144472 kB
MemTotal:        1844596 kB
MemFree:         1519080 kB
MemAvailable:    1553888 kB
Buffers:           18956 kB
Cached:           144472 kB
MemTotal:        1844596 kB
MemFree:         1517588 kB
MemAvailable:    1552396 kB
Buffers:           18956 kB
Cached:           144472 kB
MemTotal:        1844596 kB
MemFree:         1519024 kB
MemAvailable:    1553832 kB
Buffers:           18956 kB
Cached:           144472 kB
MemTotal:        1844596 kB
MemFree:         1518692 kB
MemAvailable:    1553500 kB
Buffers:           18956 kB
Cached:           144472 kB
MemTotal:        1844596 kB
MemFree:         1518536 kB
MemAvailable:    1553344 kB
Buffers:           18956 kB
Cached:           144472 kB
MemTotal:        1844596 kB
MemFree:         1518840 kB
MemAvailable:    1553648 kB
Buffers:           18956 kB
Cached:           144472 kB
MemTotal:        1844596 kB
MemFree:         1518840 kB
MemAvailable:    1553648 kB
Buffers:           18956 kB
Cached:           144472 kB
MemTotal:        1844596 kB
MemFree:         1518948 kB
MemAvailable:    1553756 kB
Buffers:           18956 kB
Cached:           144472 kB
MemTotal:        1844596 kB
MemFree:         1518888 kB
MemAvailable:    1553696 kB
Buffers:           18956 kB
Cached:           144472 kB
MemTotal:        1844596 kB
MemFree:         1517772 kB
MemAvailable:    1552580 kB
Buffers:           18956 kB
Cached:           144472 kB
MemTotal:        1844596 kB
MemFree:         1517896 kB
MemAvailable:    1552704 kB
Buffers:           18956 kB
Cached:           144472 kB
MemTotal:        1844596 kB
MemFree:         1517544 kB
MemAvailable:    1552352 kB
Buffers:           18956 kB
Cached:           144472 kB
MemTotal:        1844596 kB
MemFree:         1517040 kB
MemAvailable:    1551848 kB
Buffers:           18956 kB
Cached:           144472 kB
MemTotal:        1844596 kB
MemFree:         1517776 kB
MemAvailable:    1552584 kB
Buffers:           18956 kB
Cached:           144472 kB
MemTotal:        1844596 kB
MemFree:         1517420 kB
MemAvailable:    1552228 kB
Buffers:           18956 kB
Cached:           144472 kB
MemTotal:        1844596 kB
MemFree:         1517348 kB
MemAvailable:    1552156 kB
Buffers:           18956 kB
Cached:           144472 kB
MemTotal:        1844596 kB
MemFree:         1517348 kB
MemAvailable:    1552156 kB
Buffers:           18956 kB
Cached:           144472 kB
MemTotal:        1844596 kB
MemFree:         1515876 kB
MemAvailable:    1550684 kB
Buffers:           18956 kB
Cached:           144472 kB
MemTotal:        1844596 kB
MemFree:         1516172 kB
MemAvailable:    1550980 kB
Buffers:           18956 kB
Cached:           144472 kB
MemTotal:        1844596 kB
MemFree:         1515320 kB
MemAvailable:    1550128 kB
Buffers:           18956 kB
Cached:           144472 kB
MemTotal:        1844596 kB
MemFree:         1514676 kB
MemAvailable:    1549484 kB
Buffers:           18956 kB
Cached:           144472 kB
MemTotal:        1844596 kB
MemFree:         1514684 kB
MemAvailable:    1549492 kB
Buffers:           18956 kB
Cached:           144472 kB
MemTotal:        1844596 kB
MemFree:         1515620 kB
MemAvailable:    1550428 kB
Buffers:           18956 kB
Cached:           144472 kB
MemTotal:        1844596 kB
MemFree:         1515488 kB
MemAvailable:    1550296 kB
Buffers:           18956 kB
Cached:           144472 kB
MemTotal:        1844596 kB
MemFree:         1514180 kB
MemAvailable:    1548988 kB
Buffers:           18956 kB
Cached:           144472 kB
MemTotal:        1844596 kB
MemFree:         1514072 kB
MemAvailable:    1548880 kB
Buffers:           18956 kB
Cached:           144472 kB
MemTotal:        1844596 kB
MemFree:         1513684 kB
MemAvailable:    1548492 kB
Buffers:           18956 kB
Cached:           144472 kB
MemTotal:        1844596 kB
MemFree:         1513644 kB
MemAvailable:    1548452 kB
Buffers:           18956 kB
Cached:           144472 kB
MemTotal:        1844596 kB
MemFree:         1515188 kB
MemAvailable:    1549996 kB
Buffers:           18956 kB
Cached:           144472 kB
MemTotal:        1844596 kB
MemFree:         1513636 kB
MemAvailable:    1548444 kB
Buffers:           18956 kB
Cached:           144472 kB
MemTotal:        1844596 kB
MemFree:         1513804 kB
MemAvailable:    1548612 kB
Buffers:           18956 kB
Cached:           144472 kB
MemTotal:        1844596 kB
MemFree:         1514848 kB
MemAvailable:    1549656 kB
Buffers:           18956 kB
Cached:           144472 kB
MemTotal:        1844596 kB
MemFree:         1514436 kB
MemAvailable:    1549244 kB
Buffers:           18956 kB
Cached:           144472 kB
MemTotal:        1844596 kB
MemFree:         1513584 kB
MemAvailable:    1548392 kB
Buffers:           18956 kB
Cached:           144472 kB
MemTotal:        1844596 kB
MemFree:         1513064 kB
MemAvailable:    1547872 kB
Buffers:           18956 kB
Cached:           144472 kB
MemTotal:        1844596 kB
MemFree:         1513072 kB
MemAvailable:    1547880 kB
Buffers:           18956 kB
Cached:           144472 kB
MemTotal:        1844596 kB
MemFree:         1509592 kB
MemAvailable:    1544400 kB
Buffers:           18956 kB
Cached:           144472 kB
MemTotal:        1844596 kB
MemFree:         1509592 kB
MemAvailable:    1544400 kB
Buffers:           18956 kB
Cached:           144472 kB
MemTotal:        1844596 kB
MemFree:         1509472 kB
MemAvailable:    1544280 kB
Buffers:           18956 kB
Cached:           144472 kB
MemTotal:        1844596 kB
MemFree:         1509420 kB
MemAvailable:    1544228 kB
Buffers:           18956 kB
Cached:           144472 kB
MemTotal:        1844596 kB
MemFree:         1509172 kB
MemAvailable:    1543980 kB
Buffers:           18956 kB
Cached:           144472 kB
MemTotal:        1844596 kB
MemFree:         1509032 kB
MemAvailable:    1543840 kB
Buffers:           18956 kB
Cached:           144472 kB
MemTotal:        1844596 kB
MemFree:         1509284 kB
MemAvailable:    1544092 kB
Buffers:           18956 kB
Cached:           144472 kB
MemTotal:        1844596 kB
MemFree:         1509100 kB
MemAvailable:    1543908 kB
Buffers:           18956 kB
Cached:           144472 kB
MemTotal:        1844596 kB
MemFree:         1507872 kB
MemAvailable:    1542680 kB
Buffers:           18956 kB
Cached:           144472 kB
MemTotal:        1844596 kB
MemFree:         1507872 kB
MemAvailable:    1542688 kB
Buffers:           18956 kB
Cached:           144480 kB
MemTotal:        1844596 kB
MemFree:         1509172 kB
MemAvailable:    1543988 kB
Buffers:           18956 kB
Cached:           144480 kB
MemTotal:        1844596 kB
MemFree:         1506880 kB
MemAvailable:    1541696 kB
Buffers:           18956 kB
Cached:           144480 kB
MemTotal:        1844596 kB
MemFree:         1506260 kB
MemAvailable:    1541076 kB
Buffers:           18956 kB
Cached:           144480 kB
MemTotal:        1844596 kB
MemFree:         1505872 kB
MemAvailable:    1540692 kB
Buffers:           18956 kB
Cached:           144484 kB
MemTotal:        1844596 kB
MemFree:         1505928 kB
MemAvailable:    1540748 kB
Buffers:           18956 kB
Cached:           144484 kB
MemTotal:        1844596 kB
MemFree:         1506124 kB
MemAvailable:    1540944 kB
Buffers:           18956 kB
Cached:           144484 kB
MemTotal:        1844596 kB
MemFree:         1505408 kB
MemAvailable:    1540228 kB
Buffers:           18956 kB
Cached:           144484 kB
MemTotal:        1844596 kB
MemFree:         1504688 kB
MemAvailable:    1539508 kB
Buffers:           18956 kB
Cached:           144484 kB
MemTotal:        1844596 kB
MemFree:         1505880 kB
MemAvailable:    1540700 kB
Buffers:           18956 kB
Cached:           144484 kB
MemTotal:        1844596 kB
MemFree:         1505936 kB
MemAvailable:    1540756 kB
Buffers:           18956 kB
Cached:           144484 kB
MemTotal:        1844596 kB
MemFree:         1506716 kB
MemAvailable:    1541536 kB
Buffers:           18956 kB
Cached:           144484 kB
MemTotal:        1844596 kB
MemFree:         1506540 kB
MemAvailable:    1541360 kB
Buffers:           18956 kB
Cached:           144484 kB
MemTotal:        1844596 kB
MemFree:         1507972 kB
MemAvailable:    1542960 kB
Buffers:           18956 kB
Cached:           144608 kB
MemTotal:        1844596 kB
MemFree:         1507168 kB
MemAvailable:    1542156 kB
Buffers:           18956 kB
Cached:           144732 kB
MemTotal:        1844596 kB
MemFree:         1507352 kB
MemAvailable:    1542508 kB
Buffers:           18956 kB
Cached:           144856 kB
MemTotal:        1844596 kB
MemFree:         1507604 kB
MemAvailable:    1542760 kB
Buffers:           18956 kB
Cached:           144856 kB
MemTotal:        1844596 kB
MemFree:         1507144 kB
MemAvailable:    1542468 kB
Buffers:           18956 kB
Cached:           144980 kB
MemTotal:        1844596 kB
MemFree:         1507480 kB
MemAvailable:    1542804 kB
Buffers:           18956 kB
Cached:           144980 kB
MemTotal:        1844596 kB
MemFree:         1507104 kB
MemAvailable:    1542512 kB
Buffers:           18956 kB
Cached:           145104 kB
MemTotal:        1844596 kB
MemFree:         1507356 kB
MemAvailable:    1542764 kB
Buffers:           18956 kB
Cached:           145104 kB
MemTotal:        1844596 kB
MemFree:         1506980 kB
MemAvailable:    1542388 kB
Buffers:           18956 kB
Cached:           145104 kB
MemTotal:        1844596 kB
MemFree:         1507316 kB
MemAvailable:    1542724 kB
Buffers:           18956 kB
Cached:           145104 kB
MemTotal:        1844596 kB
MemFree:         1507032 kB
MemAvailable:    1542440 kB
Buffers:           18956 kB
Cached:           145104 kB
MemTotal:        1844596 kB
MemFree:         1507280 kB
MemAvailable:    1542688 kB
Buffers:           18956 kB
Cached:           145104 kB
MemTotal:        1844596 kB
MemFree:         1506796 kB
MemAvailable:    1542204 kB
Buffers:           18956 kB
Cached:           145104 kB
MemTotal:        1844596 kB
MemFree:         1507392 kB
MemAvailable:    1542212 kB
Buffers:           18956 kB
Cached:           144472 kB
MemTotal:        1844596 kB
MemFree:         1507604 kB
MemAvailable:    1542424 kB
Buffers:           18956 kB
Cached:           144472 kB
MemTotal:        1844596 kB
MemFree:         1574860 kB
MemAvailable:    1609680 kB
Buffers:           18956 kB
Cached:           144472 kB
