MemTotal:        1844596 kB
MemFree:         1567140 kB
MemAvailable:    1588888 kB
Buffers:           16976 kB
Cached:           132120 kB
MemTotal:        1844596 kB
MemFree:         1564288 kB
MemAvailable:    1586036 kB
Buffers:           16976 kB
Cached:           132120 kB
MemTotal:        1844596 kB
MemFree:         1562792 kB
MemAvailable:    1584540 kB
Buffers:           16976 kB
Cached:           132120 kB
MemTotal:        1844596 kB
MemFree:         1561056 kB
MemAvailable:    1582804 kB
Buffers:           16976 kB
Cached:           132120 kB
MemTotal:        1844596 kB
MemFree:         1560876 kB
MemAvailable:    1582624 kB
Buffers:           16976 kB
Cached:           132120 kB
MemTotal:        1844596 kB
MemFree:         1560800 kB
MemAvailable:    1582548 kB
Buffers:           16976 kB
Cached:           132120 kB
MemTotal:        1844596 kB
MemFree:         1560444 kB
MemAvailable:    1582192 kB
Buffers:           16976 kB
Cached:           132120 kB
MemTotal:        1844596 kB
MemFree:         1557460 kB
MemAvailable:    1579208 kB
Buffers:           16976 kB
Cached:           132120 kB
MemTotal:        1844596 kB
MemFree:         1558460 kB
MemAvailable:    1580208 kB
Buffers:           16976 kB
Cached:           132120 kB
MemTotal:        1844596 kB
MemFree:         1554420 kB
MemAvailable:    1576168 kB
Buffers:           16976 kB
Cached:           132120 kB
MemTotal:        1844596 kB
MemFree:         1552632 kB
MemAvailable:    1574380 kB
Buffers:           16976 kB
Cached:           132120 kB
MemTotal:        1844596 kB
MemFree:         1550088 kB
MemAvailable:    1571836 kB
Buffers:           16976 kB
Cached:           132120 kB
MemTotal:        1844596 kB
MemFree:         1549872 kB
MemAvailable:    1571620 kB
Buffers:           16976 kB
Cached:           132120 kB
MemTotal:        1844596 kB
MemFree:         1550956 kB
MemAvailable:    1572704 kB
Buffers:           16976 kB
Cached:           132120 kB
MemTotal:        1844596 kB
MemFree:         1550792 kB
MemAvailable:    1572540 kB
Buffers:           16976 kB
Cached:           132120 kB
MemTotal:        1844596 kB
MemFree:         1550756 kB
MemAvailable:    1572504 kB
Buffers:           16976 kB
Cached:           132120 kB
MemTotal:        1844596 kB
MemFree:         1550700 kB
MemAvailable:    1572448 kB
Buffers:           16976 kB
Cached:           132120 kB
MemTotal:        1844596 kB
MemFree:         1550952 kB
MemAvailable:    1572700 kB
Buffers:           16976 kB
Cached:           132120 kB
MemTotal:        1844596 kB
MemFree:         1550524 kB
MemAvailable:    1572272 kB
Buffers:           16976 kB
Cached:           132120 kB
MemTotal:        1844596 kB
MemFree:         1549840 kB
MemAvailable:    1571588 kB
Buffers:           16976 kB
Cached:           132120 kB
MemTotal:        1844596 kB
MemFree:         1548972 kB
MemAvailable:    1570720 kB
Buffers:           16976 kB
Cached:           132120 kB
MemTotal:        1844596 kB
MemFree:         1548600 kB
MemAvailable:    1570348 kB
Buffers:           16976 kB
Cached:           132120 kB
MemTotal:        1844596 kB
MemFree:         1548428 kB
MemAvailable:    1570176 kB
Buffers:           16976 kB
Cached:           132120 kB
MemTotal:        1844596 kB
MemFree:         1547796 kB
MemAvailable:    1569544 kB
Buffers:           16976 kB
Cached:           132120 kB
MemTotal:        1844596 kB
MemFree:         1547280 kB
MemAvailable:    1569032 kB
Buffers:           16976 kB
Cached:           132124 kB
MemTotal:        1844596 kB
MemFree:         1547156 kB
MemAvailable:    1568908 kB
Buffers:           16976 kB
Cached:           132124 kB
MemTotal:        1844596 kB
MemFree:         1547412 kB
MemAvailable:    1569164 kB
Buffers:           16976 kB
Cached:           132124 kB
MemTotal:        1844596 kB
MemFree:         1548476 kB
MemAvailable:    1570232 kB
Buffers:           16976 kB
Cached:           132124 kB
MemTotal:        1844596 kB
MemFree:         1548476 kB
MemAvailable:    1570232 kB
Buffers:           16976 kB
Cached:           132124 kB
MemTotal:        1844596 kB
MemFree:         1547672 kB
MemAvailable:    1569428 kB
Buffers:           16976 kB
Cached:           132124 kB
MemTotal:        1844596 kB
MemFree:         1548456 kB
MemAvailable:    1570212 kB
Buffers:           16976 kB
Cached:           132124 kB
MemTotal:        1844596 kB
MemFree:         1548584 kB
MemAvailable:    1570340 kB
Buffers:           16976 kB
Cached:           132124 kB
MemTotal:        1844596 kB
MemFree:         1548416 kB
MemAvailable:    1570172 kB
Buffers:           16976 kB
Cached:           132124 kB
MemTotal:        1844596 kB
MemFree:         1549220 kB
MemAvailable:    1570976 kB
Buffers:           16976 kB
Cached:           132124 kB
MemTotal:        1844596 kB
MemFree:         1546672 kB
MemAvailable:    1568428 kB
Buffers:           16988 kB
Cached:           132112 kB
MemTotal:        1844596 kB
MemFree:         1546928 kB
MemAvailable:    1568684 kB
Buffers:           16988 kB
Cached:           132112 kB
MemTotal:        1844596 kB
MemFree:         1545804 kB
MemAvailable:    1567560 kB
Buffers:           16988 kB
Cached:           132112 kB
MemTotal:        1844596 kB
MemFree:         1545068 kB
MemAvailable:    1566824 kB
Buffers:           16988 kB
Cached:           132112 kB
MemTotal:        1844596 kB
MemFree:         1544068 kB
MemAvailable:    1565824 kB
Buffers:           16988 kB
Cached:           132112 kB
MemTotal:        1844596 kB
MemFree:         1544200 kB
MemAvailable:    1565956 kB
Buffers:           16988 kB
Cached:           132112 kB
MemTotal:        1844596 kB
MemFree:         1543580 kB
MemAvailable:    1565336 kB
Buffers:           16988 kB
Cached:           132112 kB
MemTotal:        1844596 kB
MemFree:         1544440 kB
MemAvailable:    1566196 kB
Buffers:           16988 kB
Cached:           132112 kB
MemTotal:        1844596 kB
MemFree:         1544508 kB
MemAvailable:    1566264 kB
Buffers:           16988 kB
Cached:           132112 kB
MemTotal:        1844596 kB
MemFree:         1544508 kB
MemAvailable:    1566264 kB
Buffers:           16988 kB
Cached:           132112 kB
MemTotal:        1844596 kB
MemFree:         1543208 kB
MemAvailable:    1564964 kB
Buffers:           16988 kB
Cached:           132112 kB
MemTotal:        1844596 kB
MemFree:         1544248 kB
MemAvailable:    1566004 kB
Buffers:           16988 kB
Cached:           132112 kB
MemTotal:        1844596 kB
MemFree:         1544200 kB
MemAvailable:    1565956 kB
Buffers:           16988 kB
Cached:           132112 kB
MemTotal:        1844596 kB
MemFree:         1542780 kB
MemAvailable:    1564536 kB
Buffers:           16988 kB
Cached:           132112 kB
MemTotal:        1844596 kB
MemFree:         1542960 kB
MemAvailable:    1564716 kB
Buffers:           16988 kB
Cached:           132112 kB
MemTotal:        1844596 kB
MemFree:         1544004 kB
MemAvailable:    1565764 kB
Buffers:           16988 kB
Cached:           132116 kB
MemTotal:        1844596 kB
MemFree:         1542712 kB
MemAvailable:    1564472 kB
Buffers:           16988 kB
Cached:           132116 kB
MemTotal:        1844596 kB
MemFree:         1543260 kB
MemAvailable:    1565020 kB
Buffers:           16988 kB
Cached:           132116 kB
MemTotal:        1844596 kB
MemFree:         1543596 kB
MemAvailable:    1565356 kB
Buffers:           16988 kB
Cached:           132116 kB
MemTotal:        1844596 kB
MemFree:         1541904 kB
MemAvailable:    1563664 kB
Buffers:           16988 kB
Cached:           132116 kB
MemTotal:        1844596 kB
MemFree:         1543276 kB
MemAvailable:    1565036 kB
Buffers:           16988 kB
Cached:           132116 kB
MemTotal:        1844596 kB
MemFree:         1542580 kB
MemAvailable:    1564340 kB
Buffers:           16988 kB
Cached:           132116 kB
MemTotal:        1844596 kB
MemFree:         1543132 kB
MemAvailable:    1564892 kB
Buffers:           16988 kB
Cached:           132116 kB
MemTotal:        1844596 kB
MemFree:         1543324 kB
MemAvailable:    1565084 kB
Buffers:           16988 kB
Cached:           132116 kB
MemTotal:        1844596 kB
MemFree:         1543196 kB
MemAvailable:    1564956 kB
Buffers:           16988 kB
Cached:           132116 kB
MemTotal:        1844596 kB
MemFree:         1543076 kB
MemAvailable:    1564836 kB
Buffers:           16988 kB
Cached:           132116 kB
MemTotal:        1844596 kB
MemFree:         1542176 kB
MemAvailable:    1563936 kB
Buffers:           16988 kB
Cached:           132116 kB
MemTotal:        1844596 kB
MemFree:         1542036 kB
MemAvailable:    1563796 kB
Buffers:           16988 kB
Cached:           132116 kB
MemTotal:        1844596 kB
MemFree:         1543028 kB
MemAvailable:    1564788 kB
Buffers:           16988 kB
Cached:           132116 kB
MemTotal:        1844596 kB
MemFree:         1543284 kB
MemAvailable:    1565044 kB
Buffers:           16988 kB
Cached:           132116 kB
MemTotal:        1844596 kB
MemFree:         1543028 kB
MemAvailable:    1564788 kB
Buffers:           16988 kB
Cached:           132116 kB
MemTotal:        1844596 kB
MemFree:         1542772 kB
MemAvailable:    1564532 kB
Buffers:           16988 kB
Cached:           132116 kB
MemTotal:        1844596 kB
MemFree:         1543028 kB
MemAvailable:    1564788 kB
Buffers:           16988 kB
Cached:           132116 kB
MemTotal:        1844596 kB
MemFree:         1542772 kB
MemAvailable:    1564532 kB
Buffers:           16988 kB
Cached:           132116 kB
MemTotal:        1844596 kB
MemFree:         1542524 kB
MemAvailable:    1564284 kB
Buffers:           16988 kB
Cached:           132116 kB
MemTotal:        1844596 kB
MemFree:         1541224 kB
MemAvailable:    1562984 kB
Buffers:           16988 kB
Cached:           132116 kB
MemTotal:        1844596 kB
MemFree:         1542340 kB
MemAvailable:    1564100 kB
Buffers:           16988 kB
Cached:           132116 kB
MemTotal:        1844596 kB
MemFree:         1542552 kB
MemAvailable:    1564312 kB
Buffers:           16988 kB
Cached:           132116 kB
MemTotal:        1844596 kB
MemFree:         1542208 kB
MemAvailable:    1563968 kB
Buffers:           16988 kB
Cached:           132116 kB
MemTotal:        1844596 kB
MemFree:         1542208 kB
MemAvailable:    1563968 kB
Buffers:           16988 kB
Cached:           132116 kB
MemTotal:        1844596 kB
MemFree:         1542208 kB
MemAvailable:    1563968 kB
Buffers:           16988 kB
Cached:           132116 kB
MemTotal:        1844596 kB
MemFree:         1542152 kB
MemAvailable:    1563912 kB
Buffers:           16988 kB
Cached:           132116 kB
MemTotal:        1844596 kB
MemFree:         1542488 kB
MemAvailable:    1564248 kB
Buffers:           16988 kB
Cached:           132116 kB
MemTotal:        1844596 kB
MemFree:         1542220 kB
MemAvailable:    1563980 kB
Buffers:           16988 kB
Cached:           132116 kB
MemTotal:        1844596 kB
MemFree:         1540472 kB
MemAvailable:    1562232 kB
Buffers:           16988 kB
Cached:           132116 kB
MemTotal:        1844596 kB
MemFree:         1540604 kB
MemAvailable:    1562364 kB
Buffers:           16988 kB
Cached:           132116 kB
MemTotal:        1844596 kB
MemFree:         1536620 kB
MemAvailable:    1558380 kB
Buffers:           16988 kB
Cached:           132116 kB
MemTotal:        1844596 kB
MemFree:         1536140 kB
MemAvailable:    1557900 kB
Buffers:           16988 kB
Cached:           132116 kB
MemTotal:        1844596 kB
MemFree:         1534884 kB
MemAvailable:    1556644 kB
Buffers:           16988 kB
Cached:           132116 kB
MemTotal:        1844596 kB
MemFree:         1534884 kB
MemAvailable:    1556644 kB
Buffers:           16988 kB
Cached:           132116 kB
MemTotal:        1844596 kB
MemFree:         1534636 kB
MemAvailable:    1556396 kB
Buffers:           16988 kB
Cached:           132116 kB
MemTotal:        1844596 kB
MemFree:         1533264 kB
MemAvailable:    1555024 kB
Buffers:           16988 kB
Cached:           132116 kB
MemTotal:        1844596 kB
MemFree:         1534404 kB
MemAvailable:    1556164 kB
Buffers:           16988 kB
Cached:           132116 kB
MemTotal:        1844596 kB
MemFree:         1533028 kB
MemAvailable:    1554788 kB
Buffers:           16988 kB
Cached:           132116 kB
MemTotal:        1844596 kB
MemFree:         1534256 kB
MemAvailable:    1556016 kB
Buffers:           16988 kB
Cached:           132116 kB
MemTotal:        1844596 kB
MemFree:         1534404 kB
MemAvailable:    1556164 kB
Buffers:           16988 kB
Cached:           132116 kB
MemTotal:        1844596 kB
MemFree:         1534260 kB
MemAvailable:    1556020 kB
Buffers:           16988 kB
Cached:           132116 kB
MemTotal:        1844596 kB
MemFree:         1534260 kB
MemAvailable:    1556020 kB
Buffers:           16988 kB
Cached:           132116 kB
MemTotal:        1844596 kB
MemFree:         1534284 kB
MemAvailable:    1556044 kB
Buffers:           16988 kB
Cached:           132116 kB
MemTotal:        1844596 kB
MemFree:         1533536 kB
MemAvailable:    1555296 kB
Buffers:           16988 kB
Cached:           132116 kB
MemTotal:        1844596 kB
MemFree:         1534376 kB
MemAvailable:    1556136 kB
Buffers:           16988 kB
Cached:           132116 kB
MemTotal:        1844596 kB
MemFree:         1534392 kB
MemAvailable:    1556152 kB
Buffers:           16988 kB
Cached:           132116 kB
MemTotal:        1844596 kB
MemFree:         1534284 kB
MemAvailable:    1556044 kB
Buffers:           16988 kB
Cached:           132116 kB
MemTotal:        1844596 kB
MemFree:         1534212 kB
MemAvailable:    1555972 kB
Buffers:           16988 kB
Cached:           132116 kB
MemTotal:        1844596 kB
MemFree:         1534464 kB
MemAvailable:    1556224 kB
Buffers:           16988 kB
Cached:           132116 kB
MemTotal:        1844596 kB
MemFree:         1534092 kB
MemAvailable:    1555852 kB
Buffers:           16988 kB
Cached:           132116 kB
MemTotal:        1844596 kB
MemFree:         1534348 kB
MemAvailable:    1556108 kB
Buffers:           16988 kB
Cached:           132116 kB
MemTotal:        1844596 kB
MemFree:         1532660 kB
MemAvailable:    1554420 kB
Buffers:           16988 kB
Cached:           132116 kB
MemTotal:        1844596 kB
MemFree:         1532536 kB
MemAvailable:    1554296 kB
Buffers:           16988 kB
Cached:           132116 kB
MemTotal:        1844596 kB
MemFree:         1533472 kB
MemAvailable:    1555232 kB
Buffers:           16988 kB
Cached:           132116 kB
MemTotal:        1844596 kB
MemFree:         1533040 kB
MemAvailable:    1554800 kB
Buffers:           16988 kB
Cached:           132116 kB
MemTotal:        1844596 kB
MemFree:         1532852 kB
MemAvailable:    1554612 kB
Buffers:           16988 kB
Cached:           132116 kB
MemTotal:        1844596 kB
MemFree:         1532536 kB
MemAvailable:    1554296 kB
Buffers:           16988 kB
Cached:           132116 kB
MemTotal:        1844596 kB
MemFree:         1532056 kB
MemAvailable:    1553816 kB
Buffers:           16988 kB
Cached:           132116 kB
MemTotal:        1844596 kB
MemFree:         1531800 kB
MemAvailable:    1553580 kB
Buffers:           16988 kB
Cached:           132136 kB
MemTotal:        1844596 kB
MemFree:         1531556 kB
MemAvailable:    1553336 kB
Buffers:           16988 kB
Cached:           132136 kB
MemTotal:        1844596 kB
MemFree:         1530312 kB
MemAvailable:    1552092 kB
Buffers:           16988 kB
Cached:           132136 kB
MemTotal:        1844596 kB
MemFree:         1531032 kB
MemAvailable:    1552812 kB
Buffers:           16988 kB
Cached:           132136 kB
MemTotal:        1844596 kB
MemFree:         1530304 kB
MemAvailable:    1552084 kB
Buffers:           16988 kB
Cached:           132136 kB
MemTotal:        1844596 kB
MemFree:         1530848 kB
MemAvailable:    1552628 kB
Buffers:           16988 kB
Cached:           132136 kB
MemTotal:        1844596 kB
MemFree:         1530800 kB
MemAvailable:    1552580 kB
Buffers:           16988 kB
Cached:           132136 kB
MemTotal:        1844596 kB
MemFree:         1530712 kB
MemAvailable:    1552492 kB
Buffers:           16988 kB
Cached:           132136 kB
MemTotal:        1844596 kB
MemFree:         1530768 kB
MemAvailable:    1552548 kB
Buffers:           16988 kB
Cached:           132136 kB
MemTotal:        1844596 kB
MemFree:         1530388 kB
MemAvailable:    1552168 kB
Buffers:           16988 kB
Cached:           132136 kB
MemTotal:        1844596 kB
MemFree:         1530640 kB
MemAvailable:    1552420 kB
Buffers:           16988 kB
Cached:           132136 kB
MemTotal:        1844596 kB
MemFree:         1530620 kB
MemAvailable:    1552400 kB
Buffers:           16988 kB
Cached:           132136 kB
MemTotal:        1844596 kB
MemFree:         1530512 kB
MemAvailable:    1552292 kB
Buffers:           16988 kB
Cached:           132136 kB
MemTotal:        1844596 kB
MemFree:         1530064 kB
MemAvailable:    1551844 kB
Buffers:           16988 kB
Cached:           132136 kB
MemTotal:        1844596 kB
MemFree:         1530868 kB
MemAvailable:    1552652 kB
Buffers:           16988 kB
Cached:           132140 kB
MemTotal:        1844596 kB
MemFree:         1530760 kB
MemAvailable:    1552544 kB
Buffers:           16988 kB
Cached:           132140 kB
MemTotal:        1844596 kB
MemFree:         1529444 kB
MemAvailable:    1551228 kB
Buffers:           16988 kB
Cached:           132140 kB
MemTotal:        1844596 kB
MemFree:         1530308 kB
MemAvailable:    1552092 kB
Buffers:           16988 kB
Cached:           132140 kB
MemTotal:        1844596 kB
MemFree:         1529072 kB
MemAvailable:    1550856 kB
Buffers:           16988 kB
Cached:           132140 kB
MemTotal:        1844596 kB
MemFree:         1528948 kB
MemAvailable:    1550732 kB
Buffers:           16988 kB
Cached:           132140 kB
MemTotal:        1844596 kB
MemFree:         1524236 kB
MemAvailable:    1546020 kB
Buffers:           16988 kB
Cached:           132140 kB
MemTotal:        1844596 kB
MemFree:         1525088 kB
MemAvailable:    1546872 kB
Buffers:           16988 kB
Cached:           132140 kB
MemTotal:        1844596 kB
MemFree:         1525088 kB
MemAvailable:    1546872 kB
Buffers:           16988 kB
Cached:           132140 kB
MemTotal:        1844596 kB
MemFree:         1524536 kB
MemAvailable:    1546320 kB
Buffers:           16988 kB
Cached:           132140 kB
MemTotal:        1844596 kB
MemFree:         1524872 kB
MemAvailable:    1546656 kB
Buffers:           16988 kB
Cached:           132140 kB
MemTotal:        1844596 kB
MemFree:         1524404 kB
MemAvailable:    1546188 kB
Buffers:           16988 kB
Cached:           132140 kB
MemTotal:        1844596 kB
MemFree:         1524656 kB
MemAvailable:    1546440 kB
Buffers:           16988 kB
Cached:           132140 kB
MemTotal:        1844596 kB
MemFree:         1524448 kB
MemAvailable:    1546232 kB
Buffers:           16988 kB
Cached:           132140 kB
MemTotal:        1844596 kB
MemFree:         1524704 kB
MemAvailable:    1546488 kB
Buffers:           16988 kB
Cached:           132140 kB
MemTotal:        1844596 kB
MemFree:         1524448 kB
MemAvailable:    1546232 kB
Buffers:           16988 kB
Cached:           132140 kB
MemTotal:        1844596 kB
MemFree:         1523368 kB
MemAvailable:    1545152 kB
Buffers:           16988 kB
Cached:           132140 kB
MemTotal:        1844596 kB
MemFree:         1523544 kB
MemAvailable:    1545328 kB
Buffers:           16988 kB
Cached:           132140 kB
MemTotal:        1844596 kB
MemFree:         1521756 kB
MemAvailable:    1543540 kB
Buffers:           16988 kB
Cached:           132140 kB
MemTotal:        1844596 kB
MemFree:         1521500 kB
MemAvailable:    1543284 kB
Buffers:           16988 kB
Cached:           132140 kB
MemTotal:        1844596 kB
MemFree:         1521500 kB
MemAvailable:    1543284 kB
Buffers:           16988 kB
Cached:           132140 kB
MemTotal:        1844596 kB
MemFree:         1521496 kB
MemAvailable:    1543280 kB
Buffers:           16988 kB
Cached:           132140 kB
MemTotal:        1844596 kB
MemFree:         1521352 kB
MemAvailable:    1543136 kB
Buffers:           16988 kB
Cached:           132140 kB
MemTotal:        1844596 kB
MemFree:         1521352 kB
MemAvailable:    1543136 kB
Buffers:           16988 kB
Cached:           132140 kB
MemTotal:        1844596 kB
MemFree:         1521424 kB
MemAvailable:    1543208 kB
Buffers:           16988 kB
Cached:           132140 kB
MemTotal:        1844596 kB
MemFree:         1520640 kB
MemAvailable:    1542424 kB
Buffers:           16988 kB
Cached:           132140 kB
MemTotal:        1844596 kB
MemFree:         1523148 kB
MemAvailable:    1544932 kB
Buffers:           16988 kB
Cached:           132140 kB
MemTotal:        1844596 kB
MemFree:         1521996 kB
MemAvailable:    1543780 kB
Buffers:           16988 kB
Cached:           132140 kB
MemTotal:        1844596 kB
MemFree:         1523104 kB
MemAvailable:    1545056 kB
Buffers:           16988 kB
Cached:           132388 kB
MemTotal:        1844596 kB
MemFree:         1523104 kB
MemAvailable:    1545056 kB
Buffers:           16988 kB
Cached:           132388 kB
MemTotal:        1844596 kB
MemFree:         1522988 kB
MemAvailable:    1545024 kB
Buffers:           16988 kB
Cached:           132512 kB
MemTotal:        1844596 kB
MemFree:         1521616 kB
MemAvailable:    1543652 kB
Buffers:           16988 kB
Cached:           132512 kB
MemTotal:        1844596 kB
MemFree:         1521740 kB
MemAvailable:    1543944 kB
Buffers:           16988 kB
Cached:           132636 kB
MemTotal:        1844596 kB
MemFree:         1522916 kB
MemAvailable:    1545204 kB
Buffers:           16988 kB
Cached:           132760 kB
MemTotal:        1844596 kB
MemFree:         1523104 kB
MemAvailable:    1545392 kB
Buffers:           16988 kB
Cached:           132760 kB
MemTotal:        1844596 kB
MemFree:         1522932 kB
MemAvailable:    1545304 kB
Buffers:           16988 kB
Cached:           132760 kB
MemTotal:        1844596 kB
MemFree:         1522676 kB
MemAvailable:    1545048 kB
Buffers:           16988 kB
Cached:           132760 kB
MemTotal:        1844596 kB
MemFree:         1521632 kB
MemAvailable:    1544004 kB
Buffers:           16988 kB
Cached:           132760 kB
MemTotal:        1844596 kB
MemFree:         1522472 kB
MemAvailable:    1544844 kB
Buffers:           16988 kB
Cached:           132760 kB
MemTotal:        1844596 kB
MemFree:         1522808 kB
MemAvailable:    1545180 kB
Buffers:           16988 kB
Cached:           132760 kB
MemTotal:        1844596 kB
MemFree:         1522616 kB
MemAvailable:    1544988 kB
Buffers:           16988 kB
Cached:           132760 kB
MemTotal:        1844596 kB
MemFree:         1522660 kB
MemAvailable:    1545032 kB
Buffers:           16988 kB
Cached:           132760 kB
MemTotal:        1844596 kB
MemFree:         1521880 kB
MemAvailable:    1544252 kB
Buffers:           16988 kB
Cached:           132760 kB
MemTotal:        1844596 kB
MemFree:         1523196 kB
MemAvailable:    1544980 kB
Buffers:           16988 kB
Cached:           132212 kB
MemTotal:        1844596 kB
MemFree:         1522816 kB
MemAvailable:    1544600 kB
Buffers:           16988 kB
Cached:           132212 kB
MemTotal:        1844596 kB
MemFree:         1590576 kB
MemAvailable:    1612360 kB
Buffers:           16988 kB
Cached:           132212 kB
