MemTotal:        1844596 kB
MemFree:         1515008 kB
MemAvailable:    1579464 kB
Buffers:           23372 kB
Cached:           169632 kB
MemTotal:        1844596 kB
MemFree:         1513452 kB
MemAvailable:    1577908 kB
Buffers:           23372 kB
Cached:           169632 kB
MemTotal:        1844596 kB
MemFree:         1511584 kB
MemAvailable:    1576040 kB
Buffers:           23372 kB
Cached:           169632 kB
MemTotal:        1844596 kB
MemFree:         1510968 kB
MemAvailable:    1575424 kB
Buffers:           23372 kB
Cached:           169632 kB
MemTotal:        1844596 kB
MemFree:         1511412 kB
MemAvailable:    1575868 kB
Buffers:           23372 kB
Cached:           169632 kB
MemTotal:        1844596 kB
MemFree:         1511412 kB
MemAvailable:    1575868 kB
Buffers:           23372 kB
Cached:           169632 kB
MemTotal:        1844596 kB
MemFree:         1511228 kB
MemAvailable:    1575684 kB
Buffers:           23372 kB
Cached:           169632 kB
MemTotal:        1844596 kB
MemFree:         1509676 kB
MemAvailable:    1574132 kB
Buffers:           23372 kB
Cached:           169632 kB
MemTotal:        1844596 kB
MemFree:         1508064 kB
MemAvailable:    1572520 kB
Buffers:           23372 kB
Cached:           169632 kB
MemTotal:        1844596 kB
MemFree:         1506144 kB
MemAvailable:    1570600 kB
Buffers:           23372 kB
Cached:           169632 kB
MemTotal:        1844596 kB
MemFree:         1501920 kB
MemAvailable:    1566376 kB
Buffers:           23372 kB
Cached:           169632 kB
MemTotal:        1844596 kB
MemFree:         1501760 kB
MemAvailable:    1566216 kB
Buffers:           23372 kB
Cached:           169632 kB
MemTotal:        1844596 kB
MemFree:         1500288 kB
MemAvailable:    1564744 kB
Buffers:           23372 kB
Cached:           169632 kB
MemTotal:        1844596 kB
MemFree:         1500068 kB
MemAvailable:    1564524 kB
Buffers:           23372 kB
Cached:           169632 kB
MemTotal:        1844596 kB
MemFree:         1501368 kB
MemAvailable:    1565824 kB
Buffers:           23372 kB
Cached:           169632 kB
MemTotal:        1844596 kB
MemFree:         1500384 kB
MemAvailable:    1564840 kB
Buffers:           23372 kB
Cached:           169632 kB
MemTotal:        1844596 kB
MemFree:         1501364 kB
MemAvailable:    1565820 kB
Buffers:           23372 kB
Cached:           169632 kB
MemTotal:        1844596 kB
MemFree:         1501364 kB
MemAvailable:    1565820 kB
Buffers:           23372 kB
Cached:           169632 kB
MemTotal:        1844596 kB
MemFree:         1499588 kB
MemAvailable:    1564044 kB
Buffers:           23372 kB
Cached:           169632 kB
MemTotal:        1844596 kB
MemFree:         1499180 kB
MemAvailable:    1563636 kB
Buffers:           23372 kB
Cached:           169632 kB
MemTotal:        1844596 kB
MemFree:         1499168 kB
MemAvailable:    1563628 kB
Buffers:           23372 kB
Cached:           169636 kB
MemTotal:        1844596 kB
MemFree:         1497984 kB
MemAvailable:    1562444 kB
Buffers:           23372 kB
Cached:           169636 kB
MemTotal:        1844596 kB
MemFree:         1498756 kB
MemAvailable:    1563216 kB
Buffers:           23372 kB
Cached:           169636 kB
MemTotal:        1844596 kB
MemFree:         1498900 kB
MemAvailable:    1563360 kB
Buffers:           23372 kB
Cached:           169636 kB
MemTotal:        1844596 kB
MemFree:         1498852 kB
MemAvailable:    1563312 kB
Buffers:           23372 kB
Cached:           169636 kB
MemTotal:        1844596 kB
MemFree:         1498720 kB
MemAvailable:    1563180 kB
Buffers:           23372 kB
Cached:           169636 kB
MemTotal:        1844596 kB
MemFree:         1498720 kB
MemAvailable:    1563180 kB
Buffers:           23372 kB
Cached:           169636 kB
MemTotal:        1844596 kB
MemFree:         1498540 kB
MemAvailable:    1563000 kB
Buffers:           23372 kB
Cached:           169636 kB
MemTotal:        1844596 kB
MemFree:         1497440 kB
MemAvailable:    1561900 kB
Buffers:           23384 kB
Cached:           169624 kB
MemTotal:        1844596 kB
MemFree:         1500072 kB
MemAvailable:    1564532 kB
Buffers:           23384 kB
Cached:           169624 kB
MemTotal:        1844596 kB
MemFree:         1500224 kB
MemAvailable:    1564684 kB
Buffers:           23384 kB
Cached:           169624 kB
MemTotal:        1844596 kB
MemFree:         1498620 kB
MemAvailable:    1563080 kB
Buffers:           23384 kB
Cached:           169624 kB
MemTotal:        1844596 kB
MemFree:         1497240 kB
MemAvailable:    1561708 kB
Buffers:           23384 kB
Cached:           169632 kB
MemTotal:        1844596 kB
MemFree:         1497372 kB
MemAvailable:    1561840 kB
Buffers:           23384 kB
Cached:           169632 kB
MemTotal:        1844596 kB
MemFree:         1496240 kB
MemAvailable:    1560708 kB
Buffers:           23384 kB
Cached:           169632 kB
MemTotal:        1844596 kB
MemFree:         1496452 kB
MemAvailable:    1560920 kB
Buffers:           23384 kB
Cached:           169632 kB
MemTotal:        1844596 kB
MemFree:         1494636 kB
MemAvailable:    1559104 kB
Buffers:           23384 kB
Cached:           169632 kB
MemTotal:        1844596 kB
MemFree:         1494024 kB
MemAvailable:    1558492 kB
Buffers:           23384 kB
Cached:           169632 kB
MemTotal:        1844596 kB
MemFree:         1494820 kB
MemAvailable:    1559288 kB
Buffers:           23384 kB
Cached:           169632 kB
MemTotal:        1844596 kB
MemFree:         1493776 kB
MemAvailable:    1558244 kB
Buffers:           23384 kB
Cached:           169632 kB
MemTotal:        1844596 kB
MemFree:         1494492 kB
MemAvailable:    1558960 kB
Buffers:           23384 kB
Cached:           169632 kB
MemTotal:        1844596 kB
MemFree:         1494828 kB
MemAvailable:    1559296 kB
Buffers:           23384 kB
Cached:           169632 kB
MemTotal:        1844596 kB
MemFree:         1493500 kB
MemAvailable:    1557968 kB
Buffers:           23384 kB
Cached:           169632 kB
MemTotal:        1844596 kB
MemFree:         1493384 kB
MemAvailable:    1557852 kB
Buffers:           23384 kB
Cached:           169632 kB
MemTotal:        1844596 kB
MemFree:         1493624 kB
MemAvailable:    1558092 kB
Buffers:           23384 kB
Cached:           169632 kB
MemTotal:        1844596 kB
MemFree:         1493280 kB
MemAvailable:    1557748 kB
Buffers:           23384 kB
Cached:           169632 kB
MemTotal:        1844596 kB
MemFree:         1494148 kB
MemAvailable:    1558616 kB
Buffers:           23384 kB
Cached:           169632 kB
MemTotal:        1844596 kB
MemFree:         1493032 kB
MemAvailable:    1557500 kB
Buffers:           23384 kB
Cached:           169632 kB
MemTotal:        1844596 kB
MemFree:         1492356 kB
MemAvailable:    1556824 kB
Buffers:           23384 kB
Cached:           169632 kB
MemTotal:        1844596 kB
MemFree:         1493588 kB
MemAvailable:    1558056 kB
Buffers:           23384 kB
Cached:           169632 kB
MemTotal:        1844596 kB
MemFree:         1493412 kB
MemAvailable:    1557880 kB
Buffers:           23384 kB
Cached:           169632 kB
MemTotal:        1844596 kB
MemFree:         1492364 kB
MemAvailable:    1556832 kB
Buffers:           23384 kB
Cached:           169632 kB
MemTotal:        1844596 kB
MemFree:         1493656 kB
MemAvailable:    1558124 kB
Buffers:           23384 kB
Cached:           169632 kB
MemTotal:        1844596 kB
MemFree:         1493508 kB
MemAvailable:    1557976 kB
Buffers:           23384 kB
Cached:           169632 kB
MemTotal:        1844596 kB
MemFree:         1493592 kB
MemAvailable:    1558060 kB
Buffers:           23384 kB
Cached:           169632 kB
MemTotal:        1844596 kB
MemFree:         1493656 kB
MemAvailable:    1558124 kB
Buffers:           23384 kB
Cached:           169632 kB
MemTotal:        1844596 kB
MemFree:         1492356 kB
MemAvailable:    1556824 kB
Buffers:           23384 kB
Cached:           169632 kB
MemTotal:        1844596 kB
MemFree:         1493520 kB
MemAvailable:    1557988 kB
Buffers:           23384 kB
Cached:           169632 kB
MemTotal:        1844596 kB
MemFree:         1493040 kB
MemAvailable:    1557508 kB
Buffers:           23384 kB
Cached:           169632 kB
MemTotal:        1844596 kB
MemFree:         1493292 kB
MemAvailable:    1557760 kB
Buffers:           23384 kB
Cached:           169632 kB
MemTotal:        1844596 kB
MemFree:         1493036 kB
MemAvailable:    1557504 kB
Buffers:           23384 kB
Cached:           169632 kB
MemTotal:        1844596 kB
MemFree:         1492784 kB
MemAvailable:    1557252 kB
Buffers:           23384 kB
Cached:           169632 kB
MemTotal:        1844596 kB
MemFree:         1492844 kB
MemAvailable:    1557312 kB
Buffers:           23384 kB
Cached:           169632 kB
MemTotal:        1844596 kB
MemFree:         1493100 kB
MemAvailable:    1557568 kB
Buffers:           23384 kB
Cached:           169632 kB
MemTotal:        1844596 kB
MemFree:         1492644 kB
MemAvailable:    1557124 kB
Buffers:           23384 kB
Cached:           169644 kB
MemTotal:        1844596 kB
MemFree:         1492896 kB
MemAvailable:    1557376 kB
Buffers:           23384 kB
Cached:           169644 kB
MemTotal:        1844596 kB
MemFree:         1492832 kB
MemAvailable:    1557312 kB
Buffers:           23384 kB
Cached:           169644 kB
MemTotal:        1844596 kB
MemFree:         1491916 kB
MemAvailable:    1556396 kB
Buffers:           23384 kB
Cached:           169644 kB
MemTotal:        1844596 kB
MemFree:         1492592 kB
MemAvailable:    1557072 kB
Buffers:           23384 kB
Cached:           169644 kB
MemTotal:        1844596 kB
MemFree:         1492592 kB
MemAvailable:    1557072 kB
Buffers:           23384 kB
Cached:           169644 kB
MemTotal:        1844596 kB
MemFree:         1492604 kB
MemAvailable:    1557084 kB
Buffers:           23384 kB
Cached:           169644 kB
MemTotal:        1844596 kB
MemFree:         1491524 kB
MemAvailable:    1556004 kB
Buffers:           23384 kB
Cached:           169644 kB
MemTotal:        1844596 kB
MemFree:         1491164 kB
MemAvailable:    1555644 kB
Buffers:           23384 kB
Cached:           169644 kB
MemTotal:        1844596 kB
MemFree:         1490312 kB
MemAvailable:    1554792 kB
Buffers:           23384 kB
Cached:           169644 kB
MemTotal:        1844596 kB
MemFree:         1488372 kB
MemAvailable:    1552852 kB
Buffers:           23384 kB
Cached:           169644 kB
MemTotal:        1844596 kB
MemFree:         1485328 kB
MemAvailable:    1549808 kB
Buffers:           23384 kB
Cached:           169644 kB
MemTotal:        1844596 kB
MemFree:         1485328 kB
MemAvailable:    1549808 kB
Buffers:           23384 kB
Cached:           169644 kB
MemTotal:        1844596 kB
MemFree:         1484908 kB
MemAvailable:    1549388 kB
Buffers:           23384 kB
Cached:           169644 kB
MemTotal:        1844596 kB
MemFree:         1485244 kB
MemAvailable:    1549724 kB
Buffers:           23384 kB
Cached:           169644 kB
MemTotal:        1844596 kB
MemFree:         1483668 kB
MemAvailable:    1548148 kB
Buffers:           23384 kB
Cached:           169644 kB
MemTotal:        1844596 kB
MemFree:         1483412 kB
MemAvailable:    1547892 kB
Buffers:           23384 kB
Cached:           169644 kB
MemTotal:        1844596 kB
MemFree:         1484644 kB
MemAvailable:    1549124 kB
Buffers:           23384 kB
Cached:           169644 kB
MemTotal:        1844596 kB
MemFree:         1484900 kB
MemAvailable:    1549380 kB
Buffers:           23384 kB
Cached:           169644 kB
MemTotal:        1844596 kB
MemFree:         1483528 kB
MemAvailable:    1548008 kB
Buffers:           23384 kB
Cached:           169644 kB
MemTotal:        1844596 kB
MemFree:         1483528 kB
MemAvailable:    1548008 kB
Buffers:           23384 kB
Cached:           169644 kB
MemTotal:        1844596 kB
MemFree:         1484760 kB
MemAvailable:    1549240 kB
Buffers:           23384 kB
Cached:           169644 kB
MemTotal:        1844596 kB
MemFree:         1483528 kB
MemAvailable:    1548008 kB
Buffers:           23384 kB
Cached:           169644 kB
MemTotal:        1844596 kB
MemFree:         1483528 kB
MemAvailable:    1548008 kB
Buffers:           23384 kB
Cached:           169644 kB
MemTotal:        1844596 kB
MemFree:         1484872 kB
MemAvailable:    1549352 kB
Buffers:           23384 kB
Cached:           169644 kB
MemTotal:        1844596 kB
MemFree:         1484784 kB
MemAvailable:    1549264 kB
Buffers:           23384 kB
Cached:           169644 kB
MemTotal:        1844596 kB
MemFree:         1483856 kB
MemAvailable:    1548336 kB
Buffers:           23384 kB
Cached:           169644 kB
MemTotal:        1844596 kB
MemFree:         1484228 kB
MemAvailable:    1548708 kB
Buffers:           23384 kB
Cached:           169644 kB
MemTotal:        1844596 kB
MemFree:         1484156 kB
MemAvailable:    1548636 kB
Buffers:           23384 kB
Cached:           169644 kB
MemTotal:        1844596 kB
MemFree:         1483600 kB
MemAvailable:    1548080 kB
Buffers:           23384 kB
Cached:           169644 kB
MemTotal:        1844596 kB
MemFree:         1483600 kB
MemAvailable:    1548080 kB
Buffers:           23384 kB
Cached:           169644 kB
MemTotal:        1844596 kB
MemFree:         1483280 kB
MemAvailable:    1547760 kB
Buffers:           23384 kB
Cached:           169644 kB
MemTotal:        1844596 kB
MemFree:         1482964 kB
MemAvailable:    1547444 kB
Buffers:           23384 kB
Cached:           169644 kB
MemTotal:        1844596 kB
MemFree:         1483048 kB
MemAvailable:    1547528 kB
Buffers:           23384 kB
Cached:           169644 kB
MemTotal:        1844596 kB
MemFree:         1481120 kB
MemAvailable:    1545600 kB
Buffers:           23384 kB
Cached:           169644 kB
MemTotal:        1844596 kB
MemFree:         1480756 kB
MemAvailable:    1545236 kB
Buffers:           23384 kB
Cached:           169644 kB
MemTotal:        1844596 kB
MemFree:         1480500 kB
MemAvailable:    1544980 kB
Buffers:           23384 kB
Cached:           169644 kB
MemTotal:        1844596 kB
MemFree:         1480012 kB
MemAvailable:    1544492 kB
Buffers:           23384 kB
Cached:           169644 kB
MemTotal:        1844596 kB
MemFree:         1481312 kB
MemAvailable:    1545792 kB
Buffers:           23384 kB
Cached:           169644 kB
MemTotal:        1844596 kB
MemFree:         1480500 kB
MemAvailable:    1544980 kB
Buffers:           23384 kB
Cached:           169644 kB
MemTotal:        1844596 kB
MemFree:         1479692 kB
MemAvailable:    1544172 kB
Buffers:           23384 kB
Cached:           169644 kB
MemTotal:        1844596 kB
MemFree:         1479824 kB
MemAvailable:    1544304 kB
Buffers:           23384 kB
Cached:           169644 kB
MemTotal:        1844596 kB
MemFree:         1481064 kB
MemAvailable:    1545544 kB
Buffers:           23384 kB
Cached:           169644 kB
MemTotal:        1844596 kB
MemFree:         1480668 kB
MemAvailable:    1545148 kB
Buffers:           23384 kB
Cached:           169644 kB
MemTotal:        1844596 kB
MemFree:         1480632 kB
MemAvailable:    1545112 kB
Buffers:           23384 kB
Cached:           169644 kB
MemTotal:        1844596 kB
MemFree:         1480920 kB
MemAvailable:    1545400 kB
Buffers:           23384 kB
Cached:           169644 kB
MemTotal:        1844596 kB
MemFree:         1480940 kB
MemAvailable:    1545420 kB
Buffers:           23384 kB
Cached:           169644 kB
MemTotal:        1844596 kB
MemFree:         1480956 kB
MemAvailable:    1545436 kB
Buffers:           23384 kB
Cached:           169644 kB
MemTotal:        1844596 kB
MemFree:         1479260 kB
MemAvailable:    1543740 kB
Buffers:           23384 kB
Cached:           169644 kB
MemTotal:        1844596 kB
MemFree:         1480460 kB
MemAvailable:    1544940 kB
Buffers:           23384 kB
Cached:           169644 kB
MemTotal:        1844596 kB
MemFree:         1478400 kB
MemAvailable:    1542880 kB
Buffers:           23384 kB
Cached:           169644 kB
MemTotal:        1844596 kB
MemFree:         1475484 kB
MemAvailable:    1539964 kB
Buffers:           23384 kB
Cached:           169644 kB
MemTotal:        1844596 kB
MemFree:         1474176 kB
MemAvailable:    1538656 kB
Buffers:           23384 kB
Cached:           169644 kB
MemTotal:        1844596 kB
MemFree:         1475120 kB
MemAvailable:    1539600 kB
Buffers:           23384 kB
Cached:           169644 kB
MemTotal:        1844596 kB
MemFree:         1474184 kB
MemAvailable:    1538664 kB
Buffers:           23384 kB
Cached:           169644 kB
MemTotal:        1844596 kB
MemFree:         1474856 kB
MemAvailable:    1539336 kB
Buffers:           23384 kB
Cached:           169644 kB
MemTotal:        1844596 kB
MemFree:         1475192 kB
MemAvailable:    1539672 kB
Buffers:           23384 kB
Cached:           169644 kB
MemTotal:        1844596 kB
MemFree:         1474724 kB
MemAvailable:    1539204 kB
Buffers:           23384 kB
Cached:           169644 kB
MemTotal:        1844596 kB
MemFree:         1475060 kB
MemAvailable:    1539540 kB
Buffers:           23384 kB
Cached:           169644 kB
MemTotal:        1844596 kB
MemFree:         1474732 kB
MemAvailable:    1539212 kB
Buffers:           23384 kB
Cached:           169644 kB
MemTotal:        1844596 kB
MemFree:         1473564 kB
MemAvailable:    1538044 kB
Buffers:           23384 kB
Cached:           169644 kB
MemTotal:        1844596 kB
MemFree:         1474120 kB
MemAvailable:    1538604 kB
Buffers:           23384 kB
Cached:           169648 kB
MemTotal:        1844596 kB
MemFree:         1472076 kB
MemAvailable:    1536560 kB
Buffers:           23384 kB
Cached:           169648 kB
MemTotal:        1844596 kB
MemFree:         1471208 kB
MemAvailable:    1535692 kB
Buffers:           23384 kB
Cached:           169648 kB
MemTotal:        1844596 kB
MemFree:         1470828 kB
MemAvailable:    1535312 kB
Buffers:           23384 kB
Cached:           169648 kB
MemTotal:        1844596 kB
MemFree:         1470704 kB
MemAvailable:    1535188 kB
Buffers:           23384 kB
Cached:           169648 kB
MemTotal:        1844596 kB
MemFree:         1471748 kB
MemAvailable:    1536232 kB
Buffers:           23384 kB
Cached:           169648 kB
MemTotal:        1844596 kB
MemFree:         1470568 kB
MemAvailable:    1535052 kB
Buffers:           23384 kB
Cached:           169648 kB
MemTotal:        1844596 kB
MemFree:         1471696 kB
MemAvailable:    1536180 kB
Buffers:           23384 kB
Cached:           169648 kB
MemTotal:        1844596 kB
MemFree:         1473748 kB
MemAvailable:    1538232 kB
Buffers:           23384 kB
Cached:           169648 kB
MemTotal:        1844596 kB
MemFree:         1473576 kB
MemAvailable:    1538060 kB
Buffers:           23388 kB
Cached:           169768 kB
MemTotal:        1844596 kB
MemFree:         1473420 kB
MemAvailable:    1538076 kB
Buffers:           23388 kB
Cached:           169896 kB
MemTotal:        1844596 kB
MemFree:         1473572 kB
MemAvailable:    1538228 kB
Buffers:           23388 kB
Cached:           169896 kB
MemTotal:        1844596 kB
MemFree:         1473308 kB
MemAvailable:    1538048 kB
Buffers:           23388 kB
Cached:           170020 kB
MemTotal:        1844596 kB
MemFree:         1472192 kB
MemAvailable:    1537016 kB
Buffers:           23388 kB
Cached:           170144 kB
MemTotal:        1844596 kB
MemFree:         1473344 kB
MemAvailable:    1538336 kB
Buffers:           23388 kB
Cached:           170268 kB
MemTotal:        1844596 kB
MemFree:         1473292 kB
MemAvailable:    1538284 kB
Buffers:           23388 kB
Cached:           170268 kB
MemTotal:        1844596 kB
MemFree:         1472780 kB
MemAvailable:    1537856 kB
Buffers:           23388 kB
Cached:           170268 kB
MemTotal:        1844596 kB
MemFree:         1473116 kB
MemAvailable:    1538192 kB
Buffers:           23388 kB
Cached:           170268 kB
MemTotal:        1844596 kB
MemFree:         1472900 kB
MemAvailable:    1537976 kB
Buffers:           23388 kB
Cached:           170268 kB
MemTotal:        1844596 kB
MemFree:         1472448 kB
MemAvailable:    1537524 kB
Buffers:           23388 kB
Cached:           170268 kB
MemTotal:        1844596 kB
MemFree:         1473056 kB
MemAvailable:    1538132 kB
Buffers:           23388 kB
Cached:           170268 kB
MemTotal:        1844596 kB
MemFree:         1471808 kB
MemAvailable:    1536884 kB
Buffers:           23388 kB
Cached:           170268 kB
MemTotal:        1844596 kB
MemFree:         1471684 kB
MemAvailable:    1536844 kB
Buffers:           23388 kB
Cached:           170268 kB
MemTotal:        1844596 kB
MemFree:         1473680 kB
MemAvailable:    1538252 kB
Buffers:           23388 kB
Cached:           169636 kB
