MemTotal:        1844596 kB
MemFree:         1545436 kB
MemAvailable:    1584844 kB
Buffers:           19636 kB
Cached:           148020 kB
MemTotal:        1844596 kB
MemFree:         1544064 kB
MemAvailable:    1583472 kB
Buffers:           19636 kB
Cached:           148020 kB
MemTotal:        1844596 kB
MemFree:         1542072 kB
MemAvailable:    1581480 kB
Buffers:           19636 kB
Cached:           148020 kB
MemTotal:        1844596 kB
MemFree:         1543196 kB
MemAvailable:    1582604 kB
Buffers:           19636 kB
Cached:           148020 kB
MemTotal:        1844596 kB
MemFree:         1542088 kB
MemAvailable:    1581496 kB
Buffers:           19636 kB
Cached:           148020 kB
MemTotal:        1844596 kB
MemFree:         1541916 kB
MemAvailable:    1581324 kB
Buffers:           19636 kB
Cached:           148020 kB
MemTotal:        1844596 kB
MemFree:         1539516 kB
MemAvailable:    1578924 kB
Buffers:           19648 kB
Cached:           148008 kB
MemTotal:        1844596 kB
MemFree:         1537400 kB
MemAvailable:    1576808 kB
Buffers:           19648 kB
Cached:           148008 kB
MemTotal:        1844596 kB
MemFree:         1537160 kB
MemAvailable:    1576568 kB
Buffers:           19648 kB
Cached:           148008 kB
MemTotal:        1844596 kB
MemFree:         1531076 kB
MemAvailable:    1570484 kB
Buffers:           19648 kB
Cached:           148008 kB
MemTotal:        1844596 kB
MemFree:         1531076 kB
MemAvailable:    1570484 kB
Buffers:           19648 kB
Cached:           148008 kB
MemTotal:        1844596 kB
MemFree:         1531988 kB
MemAvailable:    1571396 kB
Buffers:           19648 kB
Cached:           148008 kB
MemTotal:        1844596 kB
MemFree:         1532324 kB
MemAvailable:    1571732 kB
Buffers:           19648 kB
Cached:           148008 kB
MemTotal:        1844596 kB
MemFree:         1530704 kB
MemAvailable:    1570112 kB
Buffers:           19648 kB
Cached:           148008 kB
MemTotal:        1844596 kB
MemFree:         1532068 kB
MemAvailable:    1571476 kB
Buffers:           19648 kB
Cached:           148008 kB
MemTotal:        1844596 kB
MemFree:         1531928 kB
MemAvailable:    1571336 kB
Buffers:           19648 kB
Cached:           148008 kB
MemTotal:        1844596 kB
MemFree:         1531928 kB
MemAvailable:    1571336 kB
Buffers:           19648 kB
Cached:           148008 kB
MemTotal:        1844596 kB
MemFree:         1531332 kB
MemAvailable:    1570740 kB
Buffers:           19648 kB
Cached:           148008 kB
MemTotal:        1844596 kB
MemFree:         1529596 kB
MemAvailable:    1569004 kB
Buffers:           19648 kB
Cached:           148008 kB
MemTotal:        1844596 kB
MemFree:         1529704 kB
MemAvailable:    1569112 kB
Buffers:           19648 kB
Cached:           148008 kB
MemTotal:        1844596 kB
MemFree:         1529704 kB
MemAvailable:    1569112 kB
Buffers:           19648 kB
Cached:           148008 kB
MemTotal:        1844596 kB
MemFree:         1528460 kB
MemAvailable:    1567868 kB
Buffers:           19648 kB
Cached:           148008 kB
MemTotal:        1844596 kB
MemFree:         1529768 kB
MemAvailable:    1569176 kB
Buffers:           19648 kB
Cached:           148008 kB
MemTotal:        1844596 kB
MemFree:         1528336 kB
MemAvailable:    1567744 kB
Buffers:           19648 kB
Cached:           148008 kB
MemTotal:        1844596 kB
MemFree:         1529636 kB
MemAvailable:    1569044 kB
Buffers:           19648 kB
Cached:           148008 kB
MemTotal:        1844596 kB
MemFree:         1529780 kB
MemAvailable:    1569188 kB
Buffers:           19648 kB
Cached:           148008 kB
MemTotal:        1844596 kB
MemFree:         1528728 kB
MemAvailable:    1568136 kB
Buffers:           19648 kB
Cached:           148008 kB
MemTotal:        1844596 kB
MemFree:         1530028 kB
MemAvailable:    1569448 kB
Buffers:           19648 kB
Cached:           148020 kB
MemTotal:        1844596 kB
MemFree:         1528852 kB
MemAvailable:    1568272 kB
Buffers:           19648 kB
Cached:           148020 kB
MemTotal:        1844596 kB
MemFree:         1530872 kB
MemAvailable:    1570292 kB
Buffers:           19648 kB
Cached:           148020 kB
MemTotal:        1844596 kB
MemFree:         1530872 kB
MemAvailable:    1570292 kB
Buffers:           19648 kB
Cached:           148020 kB
MemTotal:        1844596 kB
MemFree:         1530524 kB
MemAvailable:    1569944 kB
Buffers:           19648 kB
Cached:           148020 kB
MemTotal:        1844596 kB
MemFree:         1528348 kB
MemAvailable:    1567768 kB
Buffers:           19648 kB
Cached:           148020 kB
MemTotal:        1844596 kB
MemFree:         1527348 kB
MemAvailable:    1566768 kB
Buffers:           19648 kB
Cached:           148020 kB
MemTotal:        1844596 kB
MemFree:         1527684 kB
MemAvailable:    1567104 kB
Buffers:           19648 kB
Cached:           148020 kB
MemTotal:        1844596 kB
MemFree:         1526488 kB
MemAvailable:    1565908 kB
Buffers:           19648 kB
Cached:           148020 kB
MemTotal:        1844596 kB
MemFree:         1526116 kB
MemAvailable:    1565536 kB
Buffers:           19648 kB
Cached:           148020 kB
MemTotal:        1844596 kB
MemFree:         1526356 kB
MemAvailable:    1565776 kB
Buffers:           19648 kB
Cached:           148020 kB
MemTotal:        1844596 kB
MemFree:         1525256 kB
MemAvailable:    1564676 kB
Buffers:           19648 kB
Cached:           148020 kB
MemTotal:        1844596 kB
MemFree:         1525804 kB
MemAvailable:    1565228 kB
Buffers:           19648 kB
Cached:           148024 kB
MemTotal:        1844596 kB
MemFree:         1524636 kB
MemAvailable:    1564060 kB
Buffers:           19648 kB
Cached:           148024 kB
MemTotal:        1844596 kB
MemFree:         1525620 kB
MemAvailable:    1565044 kB
Buffers:           19648 kB
Cached:           148024 kB
MemTotal:        1844596 kB
MemFree:         1525620 kB
MemAvailable:    1565044 kB
Buffers:           19648 kB
Cached:           148024 kB
MemTotal:        1844596 kB
MemFree:         1525432 kB
MemAvailable:    1564856 kB
Buffers:           19648 kB
Cached:           148024 kB
MemTotal:        1844596 kB
MemFree:         1524084 kB
MemAvailable:    1563508 kB
Buffers:           19648 kB
Cached:           148024 kB
MemTotal:        1844596 kB
MemFree:         1525384 kB
MemAvailable:    1564808 kB
Buffers:           19648 kB
Cached:           148024 kB
MemTotal:        1844596 kB
MemFree:         1525060 kB
MemAvailable:    1564484 kB
Buffers:           19648 kB
Cached:           148024 kB
MemTotal:        1844596 kB
MemFree:         1525140 kB
MemAvailable:    1564564 kB
Buffers:           19648 kB
Cached:           148024 kB
MemTotal:        1844596 kB
MemFree:         1524736 kB
MemAvailable:    1564160 kB
Buffers:           19648 kB
Cached:           148024 kB
MemTotal:        1844596 kB
MemFree:         1524956 kB
MemAvailable:    1564380 kB
Buffers:           19648 kB
Cached:           148024 kB
MemTotal:        1844596 kB
MemFree:         1523264 kB
MemAvailable:    1562688 kB
Buffers:           19648 kB
Cached:           148024 kB
MemTotal:        1844596 kB
MemFree:         1523344 kB
MemAvailable:    1562768 kB
Buffers:           19648 kB
Cached:           148024 kB
MemTotal:        1844596 kB
MemFree:         1523256 kB
MemAvailable:    1562680 kB
Buffers:           19648 kB
Cached:           148024 kB
MemTotal:        1844596 kB
MemFree:         1523084 kB
MemAvailable:    1562508 kB
Buffers:           19648 kB
Cached:           148024 kB
MemTotal:        1844596 kB
MemFree:         1524656 kB
MemAvailable:    1564080 kB
Buffers:           19648 kB
Cached:           148024 kB
MemTotal:        1844596 kB
MemFree:         1524484 kB
MemAvailable:    1563908 kB
Buffers:           19648 kB
Cached:           148024 kB
MemTotal:        1844596 kB
MemFree:         1522988 kB
MemAvailable:    1562412 kB
Buffers:           19648 kB
Cached:           148024 kB
MemTotal:        1844596 kB
MemFree:         1524296 kB
MemAvailable:    1563720 kB
Buffers:           19648 kB
Cached:           148024 kB
MemTotal:        1844596 kB
MemFree:         1524380 kB
MemAvailable:    1563804 kB
Buffers:           19648 kB
Cached:           148024 kB
MemTotal:        1844596 kB
MemFree:         1524196 kB
MemAvailable:    1563620 kB
Buffers:           19648 kB
Cached:           148024 kB
MemTotal:        1844596 kB
MemFree:         1523248 kB
MemAvailable:    1562672 kB
Buffers:           19648 kB
Cached:           148024 kB
MemTotal:        1844596 kB
MemFree:         1524124 kB
MemAvailable:    1563548 kB
Buffers:           19648 kB
Cached:           148024 kB
MemTotal:        1844596 kB
MemFree:         1524024 kB
MemAvailable:    1563448 kB
Buffers:           19648 kB
Cached:           148024 kB
MemTotal:        1844596 kB
MemFree:         1524008 kB
MemAvailable:    1563432 kB
Buffers:           19648 kB
Cached:           148024 kB
MemTotal:        1844596 kB
MemFree:         1523772 kB
MemAvailable:    1563196 kB
Buffers:           19648 kB
Cached:           148024 kB
MemTotal:        1844596 kB
MemFree:         1523808 kB
MemAvailable:    1563232 kB
Buffers:           19648 kB
Cached:           148024 kB
MemTotal:        1844596 kB
MemFree:         1522376 kB
MemAvailable:    1561800 kB
Buffers:           19648 kB
Cached:           148024 kB
MemTotal:        1844596 kB
MemFree:         1523352 kB
MemAvailable:    1562776 kB
Buffers:           19648 kB
Cached:           148024 kB
MemTotal:        1844596 kB
MemFree:         1523520 kB
MemAvailable:    1562944 kB
Buffers:           19648 kB
Cached:           148024 kB
MemTotal:        1844596 kB
MemFree:         1523540 kB
MemAvailable:    1562972 kB
Buffers:           19648 kB
Cached:           148032 kB
MemTotal:        1844596 kB
MemFree:         1523396 kB
MemAvailable:    1562828 kB
Buffers:           19648 kB
Cached:           148032 kB
MemTotal:        1844596 kB
MemFree:         1523732 kB
MemAvailable:    1563164 kB
Buffers:           19648 kB
Cached:           148032 kB
MemTotal:        1844596 kB
MemFree:         1523456 kB
MemAvailable:    1562888 kB
Buffers:           19648 kB
Cached:           148032 kB
MemTotal:        1844596 kB
MemFree:         1522412 kB
MemAvailable:    1561844 kB
Buffers:           19648 kB
Cached:           148032 kB
MemTotal:        1844596 kB
MemFree:         1522156 kB
MemAvailable:    1561588 kB
Buffers:           19648 kB
Cached:           148032 kB
MemTotal:        1844596 kB
MemFree:         1523140 kB
MemAvailable:    1562572 kB
Buffers:           19648 kB
Cached:           148032 kB
MemTotal:        1844596 kB
MemFree:         1523140 kB
MemAvailable:    1562572 kB
Buffers:           19648 kB
Cached:           148032 kB
MemTotal:        1844596 kB
MemFree:         1519932 kB
MemAvailable:    1559364 kB
Buffers:           19648 kB
Cached:           148032 kB
MemTotal:        1844596 kB
MemFree:         1518488 kB
MemAvailable:    1557920 kB
Buffers:           19648 kB
Cached:           148032 kB
MemTotal:        1844596 kB
MemFree:         1516708 kB
MemAvailable:    1556140 kB
Buffers:           19648 kB
Cached:           148032 kB
MemTotal:        1844596 kB
MemFree:         1515892 kB
MemAvailable:    1555324 kB
Buffers:           19648 kB
Cached:           148032 kB
MemTotal:        1844596 kB
MemFree:         1514848 kB
MemAvailable:    1554280 kB
Buffers:           19648 kB
Cached:           148032 kB
MemTotal:        1844596 kB
MemFree:         1515720 kB
MemAvailable:    1555152 kB
Buffers:           19648 kB
Cached:           148032 kB
MemTotal:        1844596 kB
MemFree:         1514160 kB
MemAvailable:    1553592 kB
Buffers:           19648 kB
Cached:           148032 kB
MemTotal:        1844596 kB
MemFree:         1514160 kB
MemAvailable:    1553592 kB
Buffers:           19648 kB
Cached:           148032 kB
MemTotal:        1844596 kB
MemFree:         1515260 kB
MemAvailable:    1554692 kB
Buffers:           19648 kB
Cached:           148032 kB
MemTotal:        1844596 kB
MemFree:         1515596 kB
MemAvailable:    1555028 kB
Buffers:           19648 kB
Cached:           148032 kB
MemTotal:        1844596 kB
MemFree:         1515380 kB
MemAvailable:    1554812 kB
Buffers:           19648 kB
Cached:           148032 kB
MemTotal:        1844596 kB
MemFree:         1515716 kB
MemAvailable:    1555148 kB
Buffers:           19648 kB
Cached:           148032 kB
MemTotal:        1844596 kB
MemFree:         1515440 kB
MemAvailable:    1554872 kB
Buffers:           19648 kB
Cached:           148032 kB
MemTotal:        1844596 kB
MemFree:         1515692 kB
MemAvailable:    1555124 kB
Buffers:           19648 kB
Cached:           148032 kB
MemTotal:        1844596 kB
MemFree:         1515440 kB
MemAvailable:    1554872 kB
Buffers:           19648 kB
Cached:           148032 kB
MemTotal:        1844596 kB
MemFree:         1514848 kB
MemAvailable:    1554280 kB
Buffers:           19648 kB
Cached:           148032 kB
MemTotal:        1844596 kB
MemFree:         1514172 kB
MemAvailable:    1553604 kB
Buffers:           19648 kB
Cached:           148032 kB
MemTotal:        1844596 kB
MemFree:         1515536 kB
MemAvailable:    1554968 kB
Buffers:           19648 kB
Cached:           148032 kB
MemTotal:        1844596 kB
MemFree:         1514420 kB
MemAvailable:    1553852 kB
Buffers:           19648 kB
Cached:           148032 kB
MemTotal:        1844596 kB
MemFree:         1514832 kB
MemAvailable:    1554264 kB
Buffers:           19648 kB
Cached:           148032 kB
MemTotal:        1844596 kB
MemFree:         1514724 kB
MemAvailable:    1554156 kB
Buffers:           19648 kB
Cached:           148032 kB
MemTotal:        1844596 kB
MemFree:         1513304 kB
MemAvailable:    1552736 kB
Buffers:           19648 kB
Cached:           148032 kB
MemTotal:        1844596 kB
MemFree:         1514088 kB
MemAvailable:    1553520 kB
Buffers:           19648 kB
Cached:           148032 kB
MemTotal:        1844596 kB
MemFree:         1513112 kB
MemAvailable:    1552544 kB
Buffers:           19648 kB
Cached:           148032 kB
MemTotal:        1844596 kB
MemFree:         1513860 kB
MemAvailable:    1553292 kB
Buffers:           19648 kB
Cached:           148032 kB
MemTotal:        1844596 kB
MemFree:         1513736 kB
MemAvailable:    1553168 kB
Buffers:           19648 kB
Cached:           148032 kB
MemTotal:        1844596 kB
MemFree:         1512304 kB
MemAvailable:    1551736 kB
Buffers:           19648 kB
Cached:           148032 kB
MemTotal:        1844596 kB
MemFree:         1511616 kB
MemAvailable:    1551048 kB
Buffers:           19648 kB
Cached:           148032 kB
MemTotal:        1844596 kB
MemFree:         1511740 kB
MemAvailable:    1551172 kB
Buffers:           19648 kB
Cached:           148032 kB
MemTotal:        1844596 kB
MemFree:         1511004 kB
MemAvailable:    1550436 kB
Buffers:           19648 kB
Cached:           148032 kB
MemTotal:        1844596 kB
MemFree:         1511252 kB
MemAvailable:    1550684 kB
Buffers:           19648 kB
Cached:           148032 kB
MemTotal:        1844596 kB
MemFree:         1511004 kB
MemAvailable:    1550436 kB
Buffers:           19648 kB
Cached:           148032 kB
MemTotal:        1844596 kB
MemFree:         1511808 kB
MemAvailable:    1551240 kB
Buffers:           19648 kB
Cached:           148032 kB
MemTotal:        1844596 kB
MemFree:         1510632 kB
MemAvailable:    1550064 kB
Buffers:           19648 kB
Cached:           148032 kB
MemTotal:        1844596 kB
MemFree:         1511664 kB
MemAvailable:    1551096 kB
Buffers:           19648 kB
Cached:           148032 kB
MemTotal:        1844596 kB
MemFree:         1511128 kB
MemAvailable:    1550560 kB
Buffers:           19648 kB
Cached:           148032 kB
MemTotal:        1844596 kB
MemFree:         1510364 kB
MemAvailable:    1549796 kB
Buffers:           19648 kB
Cached:           148032 kB
MemTotal:        1844596 kB
MemFree:         1510448 kB
MemAvailable:    1549880 kB
Buffers:           19648 kB
Cached:           148032 kB
MemTotal:        1844596 kB
MemFree:         1511484 kB
MemAvailable:    1550916 kB
Buffers:           19648 kB
Cached:           148032 kB
MemTotal:        1844596 kB
MemFree:         1511484 kB
MemAvailable:    1550916 kB
Buffers:           19648 kB
Cached:           148032 kB
MemTotal:        1844596 kB
MemFree:         1511664 kB
MemAvailable:    1551096 kB
Buffers:           19648 kB
Cached:           148032 kB
MemTotal:        1844596 kB
MemFree:         1511120 kB
MemAvailable:    1550552 kB
Buffers:           19648 kB
Cached:           148032 kB
MemTotal:        1844596 kB
MemFree:         1511456 kB
MemAvailable:    1550888 kB
Buffers:           19648 kB
Cached:           148032 kB
MemTotal:        1844596 kB
MemFree:         1510004 kB
MemAvailable:    1549436 kB
Buffers:           19648 kB
Cached:           148032 kB
MemTotal:        1844596 kB
MemFree:         1506276 kB
MemAvailable:    1545708 kB
Buffers:           19648 kB
Cached:           148032 kB
MemTotal:        1844596 kB
MemFree:         1506276 kB
MemAvailable:    1545708 kB
Buffers:           19648 kB
Cached:           148032 kB
MemTotal:        1844596 kB
MemFree:         1506028 kB
MemAvailable:    1545460 kB
Buffers:           19648 kB
Cached:           148032 kB
MemTotal:        1844596 kB
MemFree:         1505888 kB
MemAvailable:    1545320 kB
Buffers:           19648 kB
Cached:           148032 kB
MemTotal:        1844596 kB
MemFree:         1506224 kB
MemAvailable:    1545656 kB
Buffers:           19648 kB
Cached:           148032 kB
MemTotal:        1844596 kB
MemFree:         1505764 kB
MemAvailable:    1545196 kB
Buffers:           19648 kB
Cached:           148032 kB
MemTotal:        1844596 kB
MemFree:         1506020 kB
MemAvailable:    1545452 kB
Buffers:           19648 kB
Cached:           148032 kB
MemTotal:        1844596 kB
MemFree:         1504648 kB
MemAvailable:    1544080 kB
Buffers:           19648 kB
Cached:           148032 kB
MemTotal:        1844596 kB
MemFree:         1504772 kB
MemAvailable:    1544204 kB
Buffers:           19648 kB
Cached:           148032 kB
MemTotal:        1844596 kB
MemFree:         1505540 kB
MemAvailable:    1544972 kB
Buffers:           19648 kB
Cached:           148032 kB
MemTotal:        1844596 kB
MemFree:         1504680 kB
MemAvailable:    1544112 kB
Buffers:           19648 kB
Cached:           148032 kB
MemTotal:        1844596 kB
MemFree:         1504164 kB
MemAvailable:    1543596 kB
Buffers:           19648 kB
Cached:           148032 kB
MemTotal:        1844596 kB
MemFree:         1504296 kB
MemAvailable:    1543728 kB
Buffers:           19648 kB
Cached:           148032 kB
MemTotal:        1844596 kB
MemFree:         1505284 kB
MemAvailable:    1544716 kB
Buffers:           19648 kB
Cached:           148032 kB
MemTotal:        1844596 kB
MemFree:         1504384 kB
MemAvailable:    1543816 kB
Buffers:           19648 kB
Cached:           148032 kB
MemTotal:        1844596 kB
MemFree:         1503904 kB
MemAvailable:    1543336 kB
Buffers:           19648 kB
Cached:           148032 kB
MemTotal:        1844596 kB
MemFree:         1503884 kB
MemAvailable:    1543316 kB
Buffers:           19648 kB
Cached:           148032 kB
MemTotal:        1844596 kB
MemFree:         1504740 kB
MemAvailable:    1544172 kB
Buffers:           19648 kB
Cached:           148032 kB
MemTotal:        1844596 kB
MemFree:         1504376 kB
MemAvailable:    1543808 kB
Buffers:           19648 kB
Cached:           148032 kB
MemTotal:        1844596 kB
MemFree:         1501580 kB
MemAvailable:    1541012 kB
Buffers:           19648 kB
Cached:           148032 kB
MemTotal:        1844596 kB
MemFree:         1502268 kB
MemAvailable:    1541700 kB
Buffers:           19648 kB
Cached:           148032 kB
MemTotal:        1844596 kB
MemFree:         1502268 kB
MemAvailable:    1541700 kB
Buffers:           19648 kB
Cached:           148032 kB
MemTotal:        1844596 kB
MemFree:         1500944 kB
MemAvailable:    1540376 kB
Buffers:           19648 kB
Cached:           148032 kB
MemTotal:        1844596 kB
MemFree:         1502144 kB
MemAvailable:    1541576 kB
Buffers:           19648 kB
Cached:           148032 kB
MemTotal:        1844596 kB
MemFree:         1502076 kB
MemAvailable:    1541508 kB
Buffers:           19648 kB
Cached:           148032 kB
MemTotal:        1844596 kB
MemFree:         1502068 kB
MemAvailable:    1541508 kB
Buffers:           19648 kB
Cached:           148040 kB
MemTotal:        1844596 kB
MemFree:         1502324 kB
MemAvailable:    1541764 kB
Buffers:           19648 kB
Cached:           148040 kB
MemTotal:        1844596 kB
MemFree:         1504012 kB
MemAvailable:    1543452 kB
Buffers:           19648 kB
Cached:           148040 kB
MemTotal:        1844596 kB
MemFree:         1504096 kB
MemAvailable:    1543536 kB
Buffers:           19648 kB
Cached:           148040 kB
MemTotal:        1844596 kB
MemFree:         1503880 kB
MemAvailable:    1543572 kB
Buffers:           19648 kB
Cached:           148288 kB
MemTotal:        1844596 kB
MemFree:         1504048 kB
MemAvailable:    1543740 kB
Buffers:           19648 kB
Cached:           148288 kB
MemTotal:        1844596 kB
MemFree:         1503532 kB
MemAvailable:    1543392 kB
Buffers:           19648 kB
Cached:           148412 kB
MemTotal:        1844596 kB
MemFree:         1503868 kB
MemAvailable:    1543728 kB
Buffers:           19648 kB
Cached:           148412 kB
MemTotal:        1844596 kB
MemFree:         1503400 kB
MemAvailable:    1543428 kB
Buffers:           19648 kB
Cached:           148660 kB
MemTotal:        1844596 kB
MemFree:         1503484 kB
MemAvailable:    1543512 kB
Buffers:           19648 kB
Cached:           148660 kB
MemTotal:        1844596 kB
MemFree:         1503436 kB
MemAvailable:    1543548 kB
Buffers:           19648 kB
Cached:           148784 kB
MemTotal:        1844596 kB
MemFree:         1502136 kB
MemAvailable:    1542248 kB
Buffers:           19648 kB
Cached:           148784 kB
MemTotal:        1844596 kB
MemFree:         1503436 kB
MemAvailable:    1543548 kB
Buffers:           19648 kB
Cached:           148784 kB
MemTotal:        1844596 kB
MemFree:         1503436 kB
MemAvailable:    1543548 kB
Buffers:           19648 kB
Cached:           148784 kB
MemTotal:        1844596 kB
MemFree:         1502260 kB
MemAvailable:    1542372 kB
Buffers:           19648 kB
Cached:           148784 kB
MemTotal:        1844596 kB
MemFree:         1502376 kB
MemAvailable:    1542488 kB
Buffers:           19648 kB
Cached:           148784 kB
MemTotal:        1844596 kB
MemFree:         1502360 kB
MemAvailable:    1541884 kB
Buffers:           19648 kB
Cached:           148112 kB
MemTotal:        1844596 kB
MemFree:         1571248 kB
MemAvailable:    1610772 kB
Buffers:           19648 kB
Cached:           148112 kB
