MemTotal:        1844596 kB
MemFree:         1515140 kB
MemAvailable:    1579648 kB
Buffers:           23388 kB
Cached:           169664 kB
MemTotal:        1844596 kB
MemFree:         1513344 kB
MemAvailable:    1577852 kB
Buffers:           23388 kB
Cached:           169664 kB
MemTotal:        1844596 kB
MemFree:         1511252 kB
MemAvailable:    1575760 kB
Buffers:           23388 kB
Cached:           169664 kB
MemTotal:        1844596 kB
MemFree:         1511120 kB
MemAvailable:    1575628 kB
Buffers:           23388 kB
Cached:           169664 kB
MemTotal:        1844596 kB
MemFree:         1511120 kB
MemAvailable:    1575628 kB
Buffers:           23388 kB
Cached:           169664 kB
MemTotal:        1844596 kB
MemFree:         1510568 kB
MemAvailable:    1575076 kB
Buffers:           23388 kB
Cached:           169664 kB
MemTotal:        1844596 kB
MemFree:         1508276 kB
MemAvailable:    1572784 kB
Buffers:           23388 kB
Cached:           169664 kB
MemTotal:        1844596 kB
MemFree:         1505036 kB
MemAvailable:    1569544 kB
Buffers:           23388 kB
Cached:           169664 kB
MemTotal:        1844596 kB
MemFree:         1505036 kB
MemAvailable:    1569544 kB
Buffers:           23388 kB
Cached:           169664 kB
MemTotal:        1844596 kB
MemFree:         1500200 kB
MemAvailable:    1564708 kB
Buffers:           23388 kB
Cached:           169664 kB
MemTotal:        1844596 kB
MemFree:         1499968 kB
MemAvailable:    1564476 kB
Buffers:           23388 kB
Cached:           169664 kB
MemTotal:        1844596 kB
MemFree:         1500012 kB
MemAvailable:    1564520 kB
Buffers:           23388 kB
Cached:           169664 kB
MemTotal:        1844596 kB
MemFree:         1499844 kB
MemAvailable:    1564352 kB
Buffers:           23388 kB
Cached:           169664 kB
MemTotal:        1844596 kB
MemFree:         1501268 kB
MemAvailable:    1565776 kB
Buffers:           23388 kB
Cached:           169664 kB
MemTotal:        1844596 kB
MemFree:         1501160 kB
MemAvailable:    1565668 kB
Buffers:           23388 kB
Cached:           169664 kB
MemTotal:        1844596 kB
MemFree:         1500940 kB
MemAvailable:    1565448 kB
Buffers:           23388 kB
Cached:           169664 kB
MemTotal:        1844596 kB
MemFree:         1501024 kB
MemAvailable:    1565532 kB
Buffers:           23388 kB
Cached:           169664 kB
MemTotal:        1844596 kB
MemFree:         1499580 kB
MemAvailable:    1564088 kB
Buffers:           23388 kB
Cached:           169664 kB
MemTotal:        1844596 kB
MemFree:         1499792 kB
MemAvailable:    1564300 kB
Buffers:           23388 kB
Cached:           169664 kB
MemTotal:        1844596 kB
MemFree:         1497728 kB
MemAvailable:    1562236 kB
Buffers:           23388 kB
Cached:           169664 kB
MemTotal:        1844596 kB
MemFree:         1497480 kB
MemAvailable:    1561988 kB
Buffers:           23388 kB
Cached:           169664 kB
MemTotal:        1844596 kB
MemFree:         1498840 kB
MemAvailable:    1563348 kB
Buffers:           23388 kB
Cached:           169664 kB
MemTotal:        1844596 kB
MemFree:         1497860 kB
MemAvailable:    1562368 kB
Buffers:           23388 kB
Cached:           169664 kB
MemTotal:        1844596 kB
MemFree:         1498548 kB
MemAvailable:    1563060 kB
Buffers:           23388 kB
Cached:           169668 kB
MemTotal:        1844596 kB
MemFree:         1498884 kB
MemAvailable:    1563396 kB
Buffers:           23388 kB
Cached:           169668 kB
MemTotal:        1844596 kB
MemFree:         1498764 kB
MemAvailable:    1563276 kB
Buffers:           23388 kB
Cached:           169668 kB
MemTotal:        1844596 kB
MemFree:         1498764 kB
MemAvailable:    1563276 kB
Buffers:           23388 kB
Cached:           169668 kB
MemTotal:        1844596 kB
MemFree:         1500032 kB
MemAvailable:    1564544 kB
Buffers:           23388 kB
Cached:           169668 kB
MemTotal:        1844596 kB
MemFree:         1500200 kB
MemAvailable:    1564712 kB
Buffers:           23388 kB
Cached:           169668 kB
MemTotal:        1844596 kB
MemFree:         1499580 kB
MemAvailable:    1564092 kB
Buffers:           23388 kB
Cached:           169668 kB
MemTotal:        1844596 kB
MemFree:         1499792 kB
MemAvailable:    1564304 kB
Buffers:           23388 kB
Cached:           169668 kB
MemTotal:        1844596 kB
MemFree:         1496604 kB
MemAvailable:    1561116 kB
Buffers:           23388 kB
Cached:           169668 kB
MemTotal:        1844596 kB
MemFree:         1496496 kB
MemAvailable:    1561008 kB
Buffers:           23388 kB
Cached:           169668 kB
MemTotal:        1844596 kB
MemFree:         1495860 kB
MemAvailable:    1560372 kB
Buffers:           23388 kB
Cached:           169668 kB
MemTotal:        1844596 kB
MemFree:         1496196 kB
MemAvailable:    1560708 kB
Buffers:           23388 kB
Cached:           169668 kB
MemTotal:        1844596 kB
MemFree:         1494388 kB
MemAvailable:    1558900 kB
Buffers:           23388 kB
Cached:           169668 kB
MemTotal:        1844596 kB
MemFree:         1493760 kB
MemAvailable:    1558272 kB
Buffers:           23388 kB
Cached:           169668 kB
MemTotal:        1844596 kB
MemFree:         1493768 kB
MemAvailable:    1558280 kB
Buffers:           23388 kB
Cached:           169668 kB
MemTotal:        1844596 kB
MemFree:         1494752 kB
MemAvailable:    1559264 kB
Buffers:           23388 kB
Cached:           169668 kB
MemTotal:        1844596 kB
MemFree:         1494872 kB
MemAvailable:    1559384 kB
Buffers:           23388 kB
Cached:           169668 kB
MemTotal:        1844596 kB
MemFree:         1493328 kB
MemAvailable:    1557840 kB
Buffers:           23388 kB
Cached:           169668 kB
MemTotal:        1844596 kB
MemFree:         1493372 kB
MemAvailable:    1557884 kB
Buffers:           23388 kB
Cached:           169668 kB
MemTotal:        1844596 kB
MemFree:         1494672 kB
MemAvailable:    1559184 kB
Buffers:           23388 kB
Cached:           169668 kB
MemTotal:        1844596 kB
MemFree:         1493240 kB
MemAvailable:    1557752 kB
Buffers:           23388 kB
Cached:           169668 kB
MemTotal:        1844596 kB
MemFree:         1493024 kB
MemAvailable:    1557536 kB
Buffers:           23388 kB
Cached:           169668 kB
MemTotal:        1844596 kB
MemFree:         1492644 kB
MemAvailable:    1557156 kB
Buffers:           23388 kB
Cached:           169668 kB
MemTotal:        1844596 kB
MemFree:         1492520 kB
MemAvailable:    1557036 kB
Buffers:           23388 kB
Cached:           169672 kB
MemTotal:        1844596 kB
MemFree:         1492228 kB
MemAvailable:    1556744 kB
Buffers:           23388 kB
Cached:           169672 kB
MemTotal:        1844596 kB
MemFree:         1492364 kB
MemAvailable:    1556880 kB
Buffers:           23388 kB
Cached:           169672 kB
MemTotal:        1844596 kB
MemFree:         1492356 kB
MemAvailable:    1556872 kB
Buffers:           23388 kB
Cached:           169672 kB
MemTotal:        1844596 kB
MemFree:         1492364 kB
MemAvailable:    1556880 kB
Buffers:           23388 kB
Cached:           169672 kB
MemTotal:        1844596 kB
MemFree:         1492356 kB
MemAvailable:    1556872 kB
Buffers:           23388 kB
Cached:           169672 kB
MemTotal:        1844596 kB
MemFree:         1493644 kB
MemAvailable:    1558160 kB
Buffers:           23388 kB
Cached:           169672 kB
MemTotal:        1844596 kB
MemFree:         1492272 kB
MemAvailable:    1556788 kB
Buffers:           23388 kB
Cached:           169672 kB
MemTotal:        1844596 kB
MemFree:         1493656 kB
MemAvailable:    1558172 kB
Buffers:           23388 kB
Cached:           169672 kB
MemTotal:        1844596 kB
MemFree:         1493584 kB
MemAvailable:    1558100 kB
Buffers:           23388 kB
Cached:           169672 kB
MemTotal:        1844596 kB
MemFree:         1493836 kB
MemAvailable:    1558352 kB
Buffers:           23388 kB
Cached:           169672 kB
MemTotal:        1844596 kB
MemFree:         1493456 kB
MemAvailable:    1557972 kB
Buffers:           23388 kB
Cached:           169672 kB
MemTotal:        1844596 kB
MemFree:         1493000 kB
MemAvailable:    1557516 kB
Buffers:           23388 kB
Cached:           169672 kB
MemTotal:        1844596 kB
MemFree:         1493336 kB
MemAvailable:    1557852 kB
Buffers:           23388 kB
Cached:           169672 kB
MemTotal:        1844596 kB
MemFree:         1491652 kB
MemAvailable:    1556168 kB
Buffers:           23388 kB
Cached:           169672 kB
MemTotal:        1844596 kB
MemFree:         1492720 kB
MemAvailable:    1557236 kB
Buffers:           23388 kB
Cached:           169672 kB
MemTotal:        1844596 kB
MemFree:         1492720 kB
MemAvailable:    1557236 kB
Buffers:           23388 kB
Cached:           169672 kB
MemTotal:        1844596 kB
MemFree:         1491272 kB
MemAvailable:    1555788 kB
Buffers:           23388 kB
Cached:           169672 kB
MemTotal:        1844596 kB
MemFree:         1492788 kB
MemAvailable:    1557304 kB
Buffers:           23388 kB
Cached:           169672 kB
MemTotal:        1844596 kB
MemFree:         1491524 kB
MemAvailable:    1556040 kB
Buffers:           23388 kB
Cached:           169672 kB
MemTotal:        1844596 kB
MemFree:         1491352 kB
MemAvailable:    1555868 kB
Buffers:           23388 kB
Cached:           169672 kB
MemTotal:        1844596 kB
MemFree:         1492688 kB
MemAvailable:    1557204 kB
Buffers:           23388 kB
Cached:           169672 kB
MemTotal:        1844596 kB
MemFree:         1491512 kB
MemAvailable:    1556028 kB
Buffers:           23388 kB
Cached:           169672 kB
MemTotal:        1844596 kB
MemFree:         1491380 kB
MemAvailable:    1555896 kB
Buffers:           23388 kB
Cached:           169672 kB
MemTotal:        1844596 kB
MemFree:         1492556 kB
MemAvailable:    1557072 kB
Buffers:           23388 kB
Cached:           169672 kB
MemTotal:        1844596 kB
MemFree:         1489792 kB
MemAvailable:    1554308 kB
Buffers:           23388 kB
Cached:           169672 kB
MemTotal:        1844596 kB
MemFree:         1486824 kB
MemAvailable:    1551340 kB
Buffers:           23388 kB
Cached:           169672 kB
MemTotal:        1844596 kB
MemFree:         1485544 kB
MemAvailable:    1550060 kB
Buffers:           23388 kB
Cached:           169672 kB
MemTotal:        1844596 kB
MemFree:         1484096 kB
MemAvailable:    1548612 kB
Buffers:           23388 kB
Cached:           169672 kB
MemTotal:        1844596 kB
MemFree:         1483684 kB
MemAvailable:    1548200 kB
Buffers:           23388 kB
Cached:           169672 kB
MemTotal:        1844596 kB
MemFree:         1483724 kB
MemAvailable:    1548240 kB
Buffers:           23388 kB
Cached:           169672 kB
MemTotal:        1844596 kB
MemFree:         1484964 kB
MemAvailable:    1549480 kB
Buffers:           23388 kB
Cached:           169672 kB
MemTotal:        1844596 kB
MemFree:         1484700 kB
MemAvailable:    1549216 kB
Buffers:           23388 kB
Cached:           169672 kB
MemTotal:        1844596 kB
MemFree:         1484848 kB
MemAvailable:    1549364 kB
Buffers:           23388 kB
Cached:           169672 kB
MemTotal:        1844596 kB
MemFree:         1484584 kB
MemAvailable:    1549100 kB
Buffers:           23388 kB
Cached:           169672 kB
MemTotal:        1844596 kB
MemFree:         1484528 kB
MemAvailable:    1549044 kB
Buffers:           23388 kB
Cached:           169672 kB
MemTotal:        1844596 kB
MemFree:         1484780 kB
MemAvailable:    1549296 kB
Buffers:           23388 kB
Cached:           169672 kB
MemTotal:        1844596 kB
MemFree:         1483464 kB
MemAvailable:    1547980 kB
Buffers:           23388 kB
Cached:           169672 kB
MemTotal:        1844596 kB
MemFree:         1484656 kB
MemAvailable:    1549172 kB
Buffers:           23388 kB
Cached:           169672 kB
MemTotal:        1844596 kB
MemFree:         1484656 kB
MemAvailable:    1549172 kB
Buffers:           23388 kB
Cached:           169672 kB
MemTotal:        1844596 kB
MemFree:         1484728 kB
MemAvailable:    1549244 kB
Buffers:           23388 kB
Cached:           169672 kB
MemTotal:        1844596 kB
MemFree:         1483548 kB
MemAvailable:    1548064 kB
Buffers:           23388 kB
Cached:           169672 kB
MemTotal:        1844596 kB
MemFree:         1483656 kB
MemAvailable:    1548172 kB
Buffers:           23388 kB
Cached:           169672 kB
MemTotal:        1844596 kB
MemFree:         1483288 kB
MemAvailable:    1547804 kB
Buffers:           23388 kB
Cached:           169672 kB
MemTotal:        1844596 kB
MemFree:         1484420 kB
MemAvailable:    1548936 kB
Buffers:           23388 kB
Cached:           169672 kB
MemTotal:        1844596 kB
MemFree:         1484016 kB
MemAvailable:    1548532 kB
Buffers:           23388 kB
Cached:           169672 kB
MemTotal:        1844596 kB
MemFree:         1483972 kB
MemAvailable:    1548488 kB
Buffers:           23388 kB
Cached:           169672 kB
MemTotal:        1844596 kB
MemFree:         1481988 kB
MemAvailable:    1546504 kB
Buffers:           23388 kB
Cached:           169672 kB
MemTotal:        1844596 kB
MemFree:         1482972 kB
MemAvailable:    1547488 kB
Buffers:           23388 kB
Cached:           169672 kB
MemTotal:        1844596 kB
MemFree:         1482740 kB
MemAvailable:    1547256 kB
Buffers:           23388 kB
Cached:           169672 kB
MemTotal:        1844596 kB
MemFree:         1482112 kB
MemAvailable:    1546628 kB
Buffers:           23388 kB
Cached:           169672 kB
MemTotal:        1844596 kB
MemFree:         1481916 kB
MemAvailable:    1546432 kB
Buffers:           23388 kB
Cached:           169672 kB
MemTotal:        1844596 kB
MemFree:         1481784 kB
MemAvailable:    1546300 kB
Buffers:           23388 kB
Cached:           169672 kB
MemTotal:        1844596 kB
MemFree:         1480872 kB
MemAvailable:    1545388 kB
Buffers:           23388 kB
Cached:           169672 kB
MemTotal:        1844596 kB
MemFree:         1480444 kB
MemAvailable:    1544960 kB
Buffers:           23388 kB
Cached:           169672 kB
MemTotal:        1844596 kB
MemFree:         1480252 kB
MemAvailable:    1544768 kB
Buffers:           23388 kB
Cached:           169672 kB
MemTotal:        1844596 kB
MemFree:         1481244 kB
MemAvailable:    1545760 kB
Buffers:           23388 kB
Cached:           169672 kB
MemTotal:        1844596 kB
MemFree:         1479492 kB
MemAvailable:    1544008 kB
Buffers:           23388 kB
Cached:           169672 kB
MemTotal:        1844596 kB
MemFree:         1479572 kB
MemAvailable:    1544088 kB
Buffers:           23388 kB
Cached:           169672 kB
MemTotal:        1844596 kB
MemFree:         1479308 kB
MemAvailable:    1543824 kB
Buffers:           23388 kB
Cached:           169672 kB
MemTotal:        1844596 kB
MemFree:         1479564 kB
MemAvailable:    1544080 kB
Buffers:           23388 kB
Cached:           169672 kB
MemTotal:        1844596 kB
MemFree:         1479564 kB
MemAvailable:    1544080 kB
Buffers:           23388 kB
Cached:           169672 kB
MemTotal:        1844596 kB
MemFree:         1480708 kB
MemAvailable:    1545224 kB
Buffers:           23388 kB
Cached:           169672 kB
MemTotal:        1844596 kB
MemFree:         1480500 kB
MemAvailable:    1545016 kB
Buffers:           23388 kB
Cached:           169672 kB
MemTotal:        1844596 kB
MemFree:         1480492 kB
MemAvailable:    1545008 kB
Buffers:           23388 kB
Cached:           169672 kB
MemTotal:        1844596 kB
MemFree:         1480828 kB
MemAvailable:    1545344 kB
Buffers:           23388 kB
Cached:           169672 kB
MemTotal:        1844596 kB
MemFree:         1480312 kB
MemAvailable:    1544828 kB
Buffers:           23388 kB
Cached:           169672 kB
MemTotal:        1844596 kB
MemFree:         1480244 kB
MemAvailable:    1544760 kB
Buffers:           23388 kB
Cached:           169672 kB
MemTotal:        1844596 kB
MemFree:         1475416 kB
MemAvailable:    1539940 kB
Buffers:           23388 kB
Cached:           169680 kB
MemTotal:        1844596 kB
MemFree:         1475168 kB
MemAvailable:    1539692 kB
Buffers:           23388 kB
Cached:           169680 kB
MemTotal:        1844596 kB
MemFree:         1475068 kB
MemAvailable:    1539592 kB
Buffers:           23388 kB
Cached:           169680 kB
MemTotal:        1844596 kB
MemFree:         1475104 kB
MemAvailable:    1539628 kB
Buffers:           23388 kB
Cached:           169680 kB
MemTotal:        1844596 kB
MemFree:         1475044 kB
MemAvailable:    1539568 kB
Buffers:           23388 kB
Cached:           169680 kB
MemTotal:        1844596 kB
MemFree:         1475068 kB
MemAvailable:    1539592 kB
Buffers:           23388 kB
Cached:           169680 kB
MemTotal:        1844596 kB
MemFree:         1473688 kB
MemAvailable:    1538212 kB
Buffers:           23388 kB
Cached:           169680 kB
MemTotal:        1844596 kB
MemFree:         1474988 kB
MemAvailable:    1539512 kB
Buffers:           23388 kB
Cached:           169680 kB
MemTotal:        1844596 kB
MemFree:         1473556 kB
MemAvailable:    1538080 kB
Buffers:           23388 kB
Cached:           169680 kB
MemTotal:        1844596 kB
MemFree:         1474812 kB
MemAvailable:    1539336 kB
Buffers:           23388 kB
Cached:           169680 kB
MemTotal:        1844596 kB
MemFree:         1473928 kB
MemAvailable:    1538452 kB
Buffers:           23388 kB
Cached:           169680 kB
MemTotal:        1844596 kB
MemFree:         1473928 kB
MemAvailable:    1538452 kB
Buffers:           23388 kB
Cached:           169680 kB
MemTotal:        1844596 kB
MemFree:         1471960 kB
MemAvailable:    1536484 kB
Buffers:           23388 kB
Cached:           169680 kB
MemTotal:        1844596 kB
MemFree:         1470968 kB
MemAvailable:    1535492 kB
Buffers:           23388 kB
Cached:           169680 kB
MemTotal:        1844596 kB
MemFree:         1471960 kB
MemAvailable:    1536484 kB
Buffers:           23388 kB
Cached:           169680 kB
MemTotal:        1844596 kB
MemFree:         1472016 kB
MemAvailable:    1536540 kB
Buffers:           23388 kB
Cached:           169680 kB
MemTotal:        1844596 kB
MemFree:         1470408 kB
MemAvailable:    1534932 kB
Buffers:           23388 kB
Cached:           169680 kB
MemTotal:        1844596 kB
MemFree:         1471864 kB
MemAvailable:    1536388 kB
Buffers:           23388 kB
Cached:           169680 kB
MemTotal:        1844596 kB
MemFree:         1470712 kB
MemAvailable:    1535236 kB
Buffers:           23388 kB
Cached:           169680 kB
MemTotal:        1844596 kB
MemFree:         1473564 kB
MemAvailable:    1538088 kB
Buffers:           23388 kB
Cached:           169680 kB
MemTotal:        1844596 kB
MemFree:         1473580 kB
MemAvailable:    1538104 kB
Buffers:           23388 kB
Cached:           169680 kB
MemTotal:        1844596 kB
MemFree:         1473440 kB
MemAvailable:    1538048 kB
Buffers:           23388 kB
Cached:           169804 kB
MemTotal:        1844596 kB
MemFree:         1473300 kB
MemAvailable:    1538076 kB
Buffers:           23388 kB
Cached:           169928 kB
MemTotal:        1844596 kB
MemFree:         1473200 kB
MemAvailable:    1537976 kB
Buffers:           23388 kB
Cached:           169928 kB
MemTotal:        1844596 kB
MemFree:         1471896 kB
MemAvailable:    1536756 kB
Buffers:           23388 kB
Cached:           170052 kB
MemTotal:        1844596 kB
MemFree:         1473088 kB
MemAvailable:    1538116 kB
Buffers:           23388 kB
Cached:           170176 kB
MemTotal:        1844596 kB
MemFree:         1473160 kB
MemAvailable:    1538188 kB
Buffers:           23388 kB
Cached:           170176 kB
MemTotal:        1844596 kB
MemFree:         1472932 kB
MemAvailable:    1537960 kB
Buffers:           23388 kB
Cached:           170300 kB
MemTotal:        1844596 kB
MemFree:         1473188 kB
MemAvailable:    1538216 kB
Buffers:           23388 kB
Cached:           170300 kB
MemTotal:        1844596 kB
MemFree:         1472944 kB
MemAvailable:    1538056 kB
Buffers:           23388 kB
Cached:           170300 kB
MemTotal:        1844596 kB
MemFree:         1471688 kB
MemAvailable:    1536800 kB
Buffers:           23388 kB
Cached:           170300 kB
MemTotal:        1844596 kB
MemFree:         1473004 kB
MemAvailable:    1538116 kB
Buffers:           23388 kB
Cached:           170300 kB
MemTotal:        1844596 kB
MemFree:         1472856 kB
MemAvailable:    1537968 kB
Buffers:           23388 kB
Cached:           170300 kB
MemTotal:        1844596 kB
MemFree:         1473028 kB
MemAvailable:    1538140 kB
Buffers:           23388 kB
Cached:           170300 kB
MemTotal:        1844596 kB
MemFree:         1473460 kB
MemAvailable:    1537984 kB
Buffers:           23388 kB
Cached:           169752 kB
MemTotal:        1844596 kB
MemFree:         1473672 kB
MemAvailable:    1538196 kB
Buffers:           23388 kB
Cached:           169752 kB
MemTotal:        1844596 kB
MemFree:         1541168 kB
MemAvailable:    1605692 kB
Buffers:           23388 kB
Cached:           169752 kB
