MemTotal:        1844596 kB
MemFree:         1530780 kB
MemAvailable:    1580920 kB
Buffers:           21156 kB
Cached:           158672 kB
MemTotal:        1844596 kB
MemFree:         1526176 kB
MemAvailable:    1576316 kB
Buffers:           21156 kB
Cached:           158672 kB
MemTotal:        1844596 kB
MemFree:         1525076 kB
MemAvailable:    1575216 kB
Buffers:           21156 kB
Cached:           158672 kB
MemTotal:        1844596 kB
MemFree:         1525068 kB
MemAvailable:    1575208 kB
Buffers:           21156 kB
Cached:           158672 kB
MemTotal:        1844596 kB
MemFree:         1523836 kB
MemAvailable:    1573976 kB
Buffers:           21156 kB
Cached:           158672 kB
MemTotal:        1844596 kB
MemFree:         1523836 kB
MemAvailable:    1573976 kB
Buffers:           21156 kB
Cached:           158672 kB
MemTotal:        1844596 kB
MemFree:         1521968 kB
MemAvailable:    1572108 kB
Buffers:           21156 kB
Cached:           158672 kB
MemTotal:        1844596 kB
MemFree:         1519332 kB
MemAvailable:    1569472 kB
Buffers:           21156 kB
Cached:           158672 kB
MemTotal:        1844596 kB
MemFree:         1517512 kB
MemAvailable:    1567652 kB
Buffers:           21156 kB
Cached:           158672 kB
MemTotal:        1844596 kB
MemFree:         1513852 kB
MemAvailable:    1563992 kB
Buffers:           21156 kB
Cached:           158672 kB
MemTotal:        1844596 kB
MemFree:         1513844 kB
MemAvailable:    1563984 kB
Buffers:           21156 kB
Cached:           158672 kB
MemTotal:        1844596 kB
MemFree:         1514952 kB
MemAvailable:    1565092 kB
Buffers:           21156 kB
Cached:           158672 kB
MemTotal:        1844596 kB
MemFree:         1514844 kB
MemAvailable:    1564984 kB
Buffers:           21156 kB
Cached:           158672 kB
MemTotal:        1844596 kB
MemFree:         1514956 kB
MemAvailable:    1565096 kB
Buffers:           21156 kB
Cached:           158672 kB
MemTotal:        1844596 kB
MemFree:         1514728 kB
MemAvailable:    1564868 kB
Buffers:           21156 kB
Cached:           158672 kB
MemTotal:        1844596 kB
MemFree:         1514784 kB
MemAvailable:    1564924 kB
Buffers:           21156 kB
Cached:           158672 kB
MemTotal:        1844596 kB
MemFree:         1513172 kB
MemAvailable:    1563312 kB
Buffers:           21156 kB
Cached:           158672 kB
MemTotal:        1844596 kB
MemFree:         1513536 kB
MemAvailable:    1563676 kB
Buffers:           21156 kB
Cached:           158672 kB
MemTotal:        1844596 kB
MemFree:         1511684 kB
MemAvailable:    1561824 kB
Buffers:           21156 kB
Cached:           158672 kB
MemTotal:        1844596 kB
MemFree:         1512792 kB
MemAvailable:    1562932 kB
Buffers:           21156 kB
Cached:           158672 kB
MemTotal:        1844596 kB
MemFree:         1512064 kB
MemAvailable:    1562204 kB
Buffers:           21156 kB
Cached:           158672 kB
MemTotal:        1844596 kB
MemFree:         1511264 kB
MemAvailable:    1561404 kB
Buffers:           21156 kB
Cached:           158672 kB
MemTotal:        1844596 kB
MemFree:         1512556 kB
MemAvailable:    1562696 kB
Buffers:           21156 kB
Cached:           158672 kB
MemTotal:        1844596 kB
MemFree:         1511932 kB
MemAvailable:    1562072 kB
Buffers:           21156 kB
Cached:           158672 kB
MemTotal:        1844596 kB
MemFree:         1512592 kB
MemAvailable:    1562732 kB
Buffers:           21156 kB
Cached:           158672 kB
MemTotal:        1844596 kB
MemFree:         1511376 kB
MemAvailable:    1561516 kB
Buffers:           21156 kB
Cached:           158672 kB
MemTotal:        1844596 kB
MemFree:         1511244 kB
MemAvailable:    1561384 kB
Buffers:           21156 kB
Cached:           158672 kB
MemTotal:        1844596 kB
MemFree:         1512596 kB
MemAvailable:    1562736 kB
Buffers:           21156 kB
Cached:           158672 kB
MemTotal:        1844596 kB
MemFree:         1513272 kB
MemAvailable:    1563412 kB
Buffers:           21156 kB
Cached:           158672 kB
MemTotal:        1844596 kB
MemFree:         1512428 kB
MemAvailable:    1562568 kB
Buffers:           21156 kB
Cached:           158672 kB
MemTotal:        1844596 kB
MemFree:         1511488 kB
MemAvailable:    1561628 kB
Buffers:           21156 kB
Cached:           158672 kB
MemTotal:        1844596 kB
MemFree:         1510312 kB
MemAvailable:    1560452 kB
Buffers:           21156 kB
Cached:           158672 kB
MemTotal:        1844596 kB
MemFree:         1509444 kB
MemAvailable:    1559584 kB
Buffers:           21156 kB
Cached:           158672 kB
MemTotal:        1844596 kB
MemFree:         1509692 kB
MemAvailable:    1559840 kB
Buffers:           21156 kB
Cached:           158680 kB
MemTotal:        1844596 kB
MemFree:         1509460 kB
MemAvailable:    1559608 kB
Buffers:           21156 kB
Cached:           158680 kB
MemTotal:        1844596 kB
MemFree:         1509372 kB
MemAvailable:    1559520 kB
Buffers:           21156 kB
Cached:           158680 kB
MemTotal:        1844596 kB
MemFree:         1509264 kB
MemAvailable:    1559412 kB
Buffers:           21156 kB
Cached:           158680 kB
MemTotal:        1844596 kB
MemFree:         1507840 kB
MemAvailable:    1557988 kB
Buffers:           21156 kB
Cached:           158680 kB
MemTotal:        1844596 kB
MemFree:         1507208 kB
MemAvailable:    1557356 kB
Buffers:           21156 kB
Cached:           158680 kB
MemTotal:        1844596 kB
MemFree:         1508448 kB
MemAvailable:    1558596 kB
Buffers:           21156 kB
Cached:           158680 kB
MemTotal:        1844596 kB
MemFree:         1507592 kB
MemAvailable:    1557740 kB
Buffers:           21156 kB
Cached:           158680 kB
MemTotal:        1844596 kB
MemFree:         1508184 kB
MemAvailable:    1558332 kB
Buffers:           21156 kB
Cached:           158680 kB
MemTotal:        1844596 kB
MemFree:         1508520 kB
MemAvailable:    1558668 kB
Buffers:           21156 kB
Cached:           158680 kB
MemTotal:        1844596 kB
MemFree:         1508136 kB
MemAvailable:    1558284 kB
Buffers:           21156 kB
Cached:           158680 kB
MemTotal:        1844596 kB
MemFree:         1508136 kB
MemAvailable:    1558284 kB
Buffers:           21156 kB
Cached:           158680 kB
MemTotal:        1844596 kB
MemFree:         1508272 kB
MemAvailable:    1558420 kB
Buffers:           21156 kB
Cached:           158680 kB
MemTotal:        1844596 kB
MemFree:         1507900 kB
MemAvailable:    1558048 kB
Buffers:           21156 kB
Cached:           158680 kB
MemTotal:        1844596 kB
MemFree:         1506972 kB
MemAvailable:    1557120 kB
Buffers:           21156 kB
Cached:           158680 kB
MemTotal:        1844596 kB
MemFree:         1506176 kB
MemAvailable:    1556324 kB
Buffers:           21156 kB
Cached:           158680 kB
MemTotal:        1844596 kB
MemFree:         1506416 kB
MemAvailable:    1556564 kB
Buffers:           21156 kB
Cached:           158680 kB
MemTotal:        1844596 kB
MemFree:         1507468 kB
MemAvailable:    1557616 kB
Buffers:           21156 kB
Cached:           158680 kB
MemTotal:        1844596 kB
MemFree:         1507312 kB
MemAvailable:    1557460 kB
Buffers:           21156 kB
Cached:           158680 kB
MemTotal:        1844596 kB
MemFree:         1507312 kB
MemAvailable:    1557460 kB
Buffers:           21156 kB
Cached:           158680 kB
MemTotal:        1844596 kB
MemFree:         1507316 kB
MemAvailable:    1557464 kB
Buffers:           21156 kB
Cached:           158680 kB
MemTotal:        1844596 kB
MemFree:         1507652 kB
MemAvailable:    1557800 kB
Buffers:           21156 kB
Cached:           158680 kB
MemTotal:        1844596 kB
MemFree:         1507408 kB
MemAvailable:    1557556 kB
Buffers:           21156 kB
Cached:           158680 kB
MemTotal:        1844596 kB
MemFree:         1506204 kB
MemAvailable:    1556352 kB
Buffers:           21156 kB
Cached:           158680 kB
MemTotal:        1844596 kB
MemFree:         1506848 kB
MemAvailable:    1556996 kB
Buffers:           21156 kB
Cached:           158680 kB
MemTotal:        1844596 kB
MemFree:         1507156 kB
MemAvailable:    1557304 kB
Buffers:           21156 kB
Cached:           158680 kB
MemTotal:        1844596 kB
MemFree:         1507412 kB
MemAvailable:    1557560 kB
Buffers:           21156 kB
Cached:           158680 kB
MemTotal:        1844596 kB
MemFree:         1506892 kB
MemAvailable:    1557040 kB
Buffers:           21156 kB
Cached:           158680 kB
MemTotal:        1844596 kB
MemFree:         1506724 kB
MemAvailable:    1556872 kB
Buffers:           21156 kB
Cached:           158680 kB
MemTotal:        1844596 kB
MemFree:         1506720 kB
MemAvailable:    1556868 kB
Buffers:           21156 kB
Cached:           158680 kB
MemTotal:        1844596 kB
MemFree:         1505856 kB
MemAvailable:    1556004 kB
Buffers:           21156 kB
Cached:           158680 kB
MemTotal:        1844596 kB
MemFree:         1506448 kB
MemAvailable:    1556596 kB
Buffers:           21156 kB
Cached:           158680 kB
MemTotal:        1844596 kB
MemFree:         1506532 kB
MemAvailable:    1556680 kB
Buffers:           21156 kB
Cached:           158680 kB
MemTotal:        1844596 kB
MemFree:         1506408 kB
MemAvailable:    1556556 kB
Buffers:           21156 kB
Cached:           158680 kB
MemTotal:        1844596 kB
MemFree:         1506352 kB
MemAvailable:    1556500 kB
Buffers:           21156 kB
Cached:           158680 kB
MemTotal:        1844596 kB
MemFree:         1506576 kB
MemAvailable:    1556724 kB
Buffers:           21156 kB
Cached:           158680 kB
MemTotal:        1844596 kB
MemFree:         1506600 kB
MemAvailable:    1556748 kB
Buffers:           21156 kB
Cached:           158680 kB
MemTotal:        1844596 kB
MemFree:         1506656 kB
MemAvailable:    1556804 kB
Buffers:           21156 kB
Cached:           158680 kB
MemTotal:        1844596 kB
MemFree:         1506600 kB
MemAvailable:    1556748 kB
Buffers:           21156 kB
Cached:           158680 kB
MemTotal:        1844596 kB
MemFree:         1506572 kB
MemAvailable:    1556720 kB
Buffers:           21156 kB
Cached:           158680 kB
MemTotal:        1844596 kB
MemFree:         1506824 kB
MemAvailable:    1556972 kB
Buffers:           21156 kB
Cached:           158680 kB
MemTotal:        1844596 kB
MemFree:         1505180 kB
MemAvailable:    1555328 kB
Buffers:           21156 kB
Cached:           158680 kB
MemTotal:        1844596 kB
MemFree:         1503872 kB
MemAvailable:    1554020 kB
Buffers:           21156 kB
Cached:           158680 kB
MemTotal:        1844596 kB
MemFree:         1502880 kB
MemAvailable:    1553028 kB
Buffers:           21168 kB
Cached:           158668 kB
MemTotal:        1844596 kB
MemFree:         1501764 kB
MemAvailable:    1551912 kB
Buffers:           21168 kB
Cached:           158668 kB
MemTotal:        1844596 kB
MemFree:         1499336 kB
MemAvailable:    1549484 kB
Buffers:           21168 kB
Cached:           158668 kB
MemTotal:        1844596 kB
MemFree:         1498904 kB
MemAvailable:    1549052 kB
Buffers:           21168 kB
Cached:           158668 kB
MemTotal:        1844596 kB
MemFree:         1498300 kB
MemAvailable:    1548448 kB
Buffers:           21168 kB
Cached:           158668 kB
MemTotal:        1844596 kB
MemFree:         1498800 kB
MemAvailable:    1548948 kB
Buffers:           21168 kB
Cached:           158668 kB
MemTotal:        1844596 kB
MemFree:         1498712 kB
MemAvailable:    1548860 kB
Buffers:           21168 kB
Cached:           158668 kB
MemTotal:        1844596 kB
MemFree:         1498724 kB
MemAvailable:    1548872 kB
Buffers:           21168 kB
Cached:           158668 kB
MemTotal:        1844596 kB
MemFree:         1498656 kB
MemAvailable:    1548804 kB
Buffers:           21168 kB
Cached:           158668 kB
MemTotal:        1844596 kB
MemFree:         1498740 kB
MemAvailable:    1548888 kB
Buffers:           21168 kB
Cached:           158668 kB
MemTotal:        1844596 kB
MemFree:         1497376 kB
MemAvailable:    1547524 kB
Buffers:           21168 kB
Cached:           158668 kB
MemTotal:        1844596 kB
MemFree:         1498836 kB
MemAvailable:    1548984 kB
Buffers:           21168 kB
Cached:           158668 kB
MemTotal:        1844596 kB
MemFree:         1497920 kB
MemAvailable:    1548068 kB
Buffers:           21168 kB
Cached:           158668 kB
MemTotal:        1844596 kB
MemFree:         1498676 kB
MemAvailable:    1548836 kB
Buffers:           21168 kB
Cached:           158680 kB
MemTotal:        1844596 kB
MemFree:         1497548 kB
MemAvailable:    1547708 kB
Buffers:           21168 kB
Cached:           158680 kB
MemTotal:        1844596 kB
MemFree:         1498524 kB
MemAvailable:    1548684 kB
Buffers:           21168 kB
Cached:           158680 kB
MemTotal:        1844596 kB
MemFree:         1498664 kB
MemAvailable:    1548824 kB
Buffers:           21168 kB
Cached:           158680 kB
MemTotal:        1844596 kB
MemFree:         1497616 kB
MemAvailable:    1547776 kB
Buffers:           21168 kB
Cached:           158680 kB
MemTotal:        1844596 kB
MemFree:         1497484 kB
MemAvailable:    1547644 kB
Buffers:           21168 kB
Cached:           158680 kB
MemTotal:        1844596 kB
MemFree:         1498228 kB
MemAvailable:    1548388 kB
Buffers:           21168 kB
Cached:           158680 kB
MemTotal:        1844596 kB
MemFree:         1497656 kB
MemAvailable:    1547816 kB
Buffers:           21168 kB
Cached:           158680 kB
MemTotal:        1844596 kB
MemFree:         1496928 kB
MemAvailable:    1547088 kB
Buffers:           21168 kB
Cached:           158680 kB
MemTotal:        1844596 kB
MemFree:         1497336 kB
MemAvailable:    1547496 kB
Buffers:           21168 kB
Cached:           158680 kB
MemTotal:        1844596 kB
MemFree:         1497136 kB
MemAvailable:    1547296 kB
Buffers:           21168 kB
Cached:           158680 kB
MemTotal:        1844596 kB
MemFree:         1495904 kB
MemAvailable:    1546064 kB
Buffers:           21168 kB
Cached:           158680 kB
MemTotal:        1844596 kB
MemFree:         1495432 kB
MemAvailable:    1545592 kB
Buffers:           21168 kB
Cached:           158680 kB
MemTotal:        1844596 kB
MemFree:         1494564 kB
MemAvailable:    1544724 kB
Buffers:           21168 kB
Cached:           158680 kB
MemTotal:        1844596 kB
MemFree:         1494804 kB
MemAvailable:    1544964 kB
Buffers:           21168 kB
Cached:           158680 kB
MemTotal:        1844596 kB
MemFree:         1495252 kB
MemAvailable:    1545412 kB
Buffers:           21168 kB
Cached:           158680 kB
MemTotal:        1844596 kB
MemFree:         1494028 kB
MemAvailable:    1544188 kB
Buffers:           21168 kB
Cached:           158680 kB
MemTotal:        1844596 kB
MemFree:         1495144 kB
MemAvailable:    1545312 kB
Buffers:           21168 kB
Cached:           158688 kB
MemTotal:        1844596 kB
MemFree:         1494896 kB
MemAvailable:    1545064 kB
Buffers:           21168 kB
Cached:           158688 kB
MemTotal:        1844596 kB
MemFree:         1495064 kB
MemAvailable:    1545232 kB
Buffers:           21168 kB
Cached:           158688 kB
MemTotal:        1844596 kB
MemFree:         1494768 kB
MemAvailable:    1544936 kB
Buffers:           21168 kB
Cached:           158688 kB
MemTotal:        1844596 kB
MemFree:         1494948 kB
MemAvailable:    1545116 kB
Buffers:           21168 kB
Cached:           158688 kB
MemTotal:        1844596 kB
MemFree:         1494744 kB
MemAvailable:    1544912 kB
Buffers:           21168 kB
Cached:           158688 kB
MemTotal:        1844596 kB
MemFree:         1494820 kB
MemAvailable:    1544988 kB
Buffers:           21168 kB
Cached:           158688 kB
MemTotal:        1844596 kB
MemFree:         1494860 kB
MemAvailable:    1545028 kB
Buffers:           21168 kB
Cached:           158688 kB
MemTotal:        1844596 kB
MemFree:         1494944 kB
MemAvailable:    1545112 kB
Buffers:           21168 kB
Cached:           158688 kB
MemTotal:        1844596 kB
MemFree:         1494880 kB
MemAvailable:    1545048 kB
Buffers:           21168 kB
Cached:           158688 kB
MemTotal:        1844596 kB
MemFree:         1493332 kB
MemAvailable:    1543500 kB
Buffers:           21168 kB
Cached:           158688 kB
MemTotal:        1844596 kB
MemFree:         1493580 kB
MemAvailable:    1543748 kB
Buffers:           21168 kB
Cached:           158688 kB
MemTotal:        1844596 kB
MemFree:         1492960 kB
MemAvailable:    1543128 kB
Buffers:           21168 kB
Cached:           158688 kB
MemTotal:        1844596 kB
MemFree:         1489612 kB
MemAvailable:    1539780 kB
Buffers:           21168 kB
Cached:           158688 kB
MemTotal:        1844596 kB
MemFree:         1488364 kB
MemAvailable:    1538532 kB
Buffers:           21168 kB
Cached:           158688 kB
MemTotal:        1844596 kB
MemFree:         1488124 kB
MemAvailable:    1538296 kB
Buffers:           21168 kB
Cached:           158692 kB
MemTotal:        1844596 kB
MemFree:         1489416 kB
MemAvailable:    1539588 kB
Buffers:           21168 kB
Cached:           158692 kB
MemTotal:        1844596 kB
MemFree:         1488248 kB
MemAvailable:    1538420 kB
Buffers:           21168 kB
Cached:           158692 kB
MemTotal:        1844596 kB
MemFree:         1488988 kB
MemAvailable:    1539160 kB
Buffers:           21168 kB
Cached:           158692 kB
MemTotal:        1844596 kB
MemFree:         1489032 kB
MemAvailable:    1539204 kB
Buffers:           21168 kB
Cached:           158692 kB
MemTotal:        1844596 kB
MemFree:         1487856 kB
MemAvailable:    1538028 kB
Buffers:           21168 kB
Cached:           158692 kB
MemTotal:        1844596 kB
MemFree:         1488908 kB
MemAvailable:    1539080 kB
Buffers:           21168 kB
Cached:           158692 kB
MemTotal:        1844596 kB
MemFree:         1488776 kB
MemAvailable:    1538948 kB
Buffers:           21168 kB
Cached:           158692 kB
MemTotal:        1844596 kB
MemFree:         1488536 kB
MemAvailable:    1538708 kB
Buffers:           21168 kB
Cached:           158692 kB
MemTotal:        1844596 kB
MemFree:         1488504 kB
MemAvailable:    1538676 kB
Buffers:           21168 kB
Cached:           158692 kB
MemTotal:        1844596 kB
MemFree:         1486812 kB
MemAvailable:    1536984 kB
Buffers:           21168 kB
Cached:           158692 kB
MemTotal:        1844596 kB
MemFree:         1484652 kB
MemAvailable:    1534824 kB
Buffers:           21168 kB
Cached:           158692 kB
MemTotal:        1844596 kB
MemFree:         1484644 kB
MemAvailable:    1534816 kB
Buffers:           21168 kB
Cached:           158692 kB
MemTotal:        1844596 kB
MemFree:         1485580 kB
MemAvailable:    1535752 kB
Buffers:           21168 kB
Cached:           158692 kB
MemTotal:        1844596 kB
MemFree:         1485520 kB
MemAvailable:    1535692 kB
Buffers:           21168 kB
Cached:           158692 kB
MemTotal:        1844596 kB
MemFree:         1484340 kB
MemAvailable:    1534512 kB
Buffers:           21168 kB
Cached:           158692 kB
MemTotal:        1844596 kB
MemFree:         1485616 kB
MemAvailable:    1535788 kB
Buffers:           21168 kB
Cached:           158692 kB
MemTotal:        1844596 kB
MemFree:         1485768 kB
MemAvailable:    1535940 kB
Buffers:           21168 kB
Cached:           158692 kB
MemTotal:        1844596 kB
MemFree:         1486424 kB
MemAvailable:    1536596 kB
Buffers:           21168 kB
Cached:           158692 kB
MemTotal:        1844596 kB
MemFree:         1487688 kB
MemAvailable:    1537860 kB
Buffers:           21168 kB
Cached:           158692 kB
MemTotal:        1844596 kB
MemFree:         1486388 kB
MemAvailable:    1536728 kB
Buffers:           21168 kB
Cached:           158940 kB
MemTotal:        1844596 kB
MemFree:         1487848 kB
MemAvailable:    1538356 kB
Buffers:           21168 kB
Cached:           159064 kB
MemTotal:        1844596 kB
MemFree:         1487736 kB
MemAvailable:    1538244 kB
Buffers:           21168 kB
Cached:           159064 kB
MemTotal:        1844596 kB
MemFree:         1487248 kB
MemAvailable:    1538008 kB
Buffers:           21168 kB
Cached:           159312 kB
MemTotal:        1844596 kB
MemFree:         1486892 kB
MemAvailable:    1537652 kB
Buffers:           21168 kB
Cached:           159312 kB
MemTotal:        1844596 kB
MemFree:         1487012 kB
MemAvailable:    1537772 kB
Buffers:           21168 kB
Cached:           159312 kB
MemTotal:        1844596 kB
MemFree:         1485836 kB
MemAvailable:    1536596 kB
Buffers:           21168 kB
Cached:           159312 kB
MemTotal:        1844596 kB
MemFree:         1486988 kB
MemAvailable:    1537748 kB
Buffers:           21168 kB
Cached:           159312 kB
MemTotal:        1844596 kB
MemFree:         1487240 kB
MemAvailable:    1538000 kB
Buffers:           21168 kB
Cached:           159312 kB
MemTotal:        1844596 kB
MemFree:         1486960 kB
MemAvailable:    1537720 kB
Buffers:           21168 kB
Cached:           159312 kB
MemTotal:        1844596 kB
MemFree:         1487140 kB
MemAvailable:    1537900 kB
Buffers:           21168 kB
Cached:           159312 kB
MemTotal:        1844596 kB
MemFree:         1485876 kB
MemAvailable:    1536636 kB
Buffers:           21168 kB
Cached:           159312 kB
MemTotal:        1844596 kB
MemFree:         1485720 kB
MemAvailable:    1536480 kB
Buffers:           21168 kB
Cached:           159312 kB
MemTotal:        1844596 kB
MemFree:         1486348 kB
MemAvailable:    1536520 kB
Buffers:           21168 kB
Cached:           158680 kB
MemTotal:        1844596 kB
MemFree:         1555356 kB
MemAvailable:    1605404 kB
Buffers:           21168 kB
Cached:           158680 kB
