MemTotal:        1844596 kB
MemFree:         1514356 kB
MemAvailable:    1579236 kB
Buffers:           23448 kB
Cached:           169952 kB
MemTotal:        1844596 kB
MemFree:         1512364 kB
MemAvailable:    1577244 kB
Buffers:           23448 kB
Cached:           169952 kB
MemTotal:        1844596 kB
MemFree:         1510892 kB
MemAvailable:    1575772 kB
Buffers:           23448 kB
Cached:           169952 kB
MemTotal:        1844596 kB
MemFree:         1512052 kB
MemAvailable:    1576932 kB
Buffers:           23448 kB
Cached:           169952 kB
MemTotal:        1844596 kB
MemFree:         1510828 kB
MemAvailable:    1575708 kB
Buffers:           23448 kB
Cached:           169952 kB
MemTotal:        1844596 kB
MemFree:         1510024 kB
MemAvailable:    1574904 kB
Buffers:           23448 kB
Cached:           169952 kB
MemTotal:        1844596 kB
MemFree:         1508272 kB
MemAvailable:    1573152 kB
Buffers:           23448 kB
Cached:           169952 kB
MemTotal:        1844596 kB
MemFree:         1508272 kB
MemAvailable:    1573152 kB
Buffers:           23448 kB
Cached:           169952 kB
MemTotal:        1844596 kB
MemFree:         1505160 kB
MemAvailable:    1570040 kB
Buffers:           23448 kB
Cached:           169952 kB
MemTotal:        1844596 kB
MemFree:         1502708 kB
MemAvailable:    1567588 kB
Buffers:           23448 kB
Cached:           169952 kB
MemTotal:        1844596 kB
MemFree:         1498864 kB
MemAvailable:    1563744 kB
Buffers:           23448 kB
Cached:           169952 kB
MemTotal:        1844596 kB
MemFree:         1499700 kB
MemAvailable:    1564580 kB
Buffers:           23448 kB
Cached:           169952 kB
MemTotal:        1844596 kB
MemFree:         1500836 kB
MemAvailable:    1565716 kB
Buffers:           23448 kB
Cached:           169952 kB
MemTotal:        1844596 kB
MemFree:         1500952 kB
MemAvailable:    1565832 kB
Buffers:           23448 kB
Cached:           169952 kB
MemTotal:        1844596 kB
MemFree:         1499608 kB
MemAvailable:    1564488 kB
Buffers:           23448 kB
Cached:           169952 kB
MemTotal:        1844596 kB
MemFree:         1499600 kB
MemAvailable:    1564492 kB
Buffers:           23448 kB
Cached:           169960 kB
MemTotal:        1844596 kB
MemFree:         1499236 kB
MemAvailable:    1564128 kB
Buffers:           23448 kB
Cached:           169960 kB
MemTotal:        1844596 kB
MemFree:         1498616 kB
MemAvailable:    1563508 kB
Buffers:           23448 kB
Cached:           169960 kB
MemTotal:        1844596 kB
MemFree:         1498476 kB
MemAvailable:    1563368 kB
Buffers:           23448 kB
Cached:           169960 kB
MemTotal:        1844596 kB
MemFree:         1498728 kB
MemAvailable:    1563620 kB
Buffers:           23448 kB
Cached:           169960 kB
MemTotal:        1844596 kB
MemFree:         1498312 kB
MemAvailable:    1563204 kB
Buffers:           23448 kB
Cached:           169960 kB
MemTotal:        1844596 kB
MemFree:         1498252 kB
MemAvailable:    1563144 kB
Buffers:           23448 kB
Cached:           169960 kB
MemTotal:        1844596 kB
MemFree:         1498484 kB
MemAvailable:    1563376 kB
Buffers:           23448 kB
Cached:           169960 kB
MemTotal:        1844596 kB
MemFree:         1498360 kB
MemAvailable:    1563252 kB
Buffers:           23448 kB
Cached:           169960 kB
MemTotal:        1844596 kB
MemFree:         1498492 kB
MemAvailable:    1563384 kB
Buffers:           23448 kB
Cached:           169960 kB
MemTotal:        1844596 kB
MemFree:         1496992 kB
MemAvailable:    1561884 kB
Buffers:           23448 kB
Cached:           169960 kB
MemTotal:        1844596 kB
MemFree:         1497232 kB
MemAvailable:    1562124 kB
Buffers:           23448 kB
Cached:           169960 kB
MemTotal:        1844596 kB
MemFree:         1498460 kB
MemAvailable:    1563352 kB
Buffers:           23448 kB
Cached:           169960 kB
MemTotal:        1844596 kB
MemFree:         1499724 kB
MemAvailable:    1564616 kB
Buffers:           23448 kB
Cached:           169960 kB
MemTotal:        1844596 kB
MemFree:         1499368 kB
MemAvailable:    1564260 kB
Buffers:           23448 kB
Cached:           169960 kB
MemTotal:        1844596 kB
MemFree:         1497616 kB
MemAvailable:    1562508 kB
Buffers:           23448 kB
Cached:           169960 kB
MemTotal:        1844596 kB
MemFree:         1496468 kB
MemAvailable:    1561360 kB
Buffers:           23448 kB
Cached:           169960 kB
MemTotal:        1844596 kB
MemFree:         1496072 kB
MemAvailable:    1560964 kB
Buffers:           23448 kB
Cached:           169960 kB
MemTotal:        1844596 kB
MemFree:         1495620 kB
MemAvailable:    1560512 kB
Buffers:           23448 kB
Cached:           169960 kB
MemTotal:        1844596 kB
MemFree:         1494020 kB
MemAvailable:    1558912 kB
Buffers:           23448 kB
Cached:           169960 kB
MemTotal:        1844596 kB
MemFree:         1494384 kB
MemAvailable:    1559276 kB
Buffers:           23448 kB
Cached:           169960 kB
MemTotal:        1844596 kB
MemFree:         1493904 kB
MemAvailable:    1558796 kB
Buffers:           23448 kB
Cached:           169960 kB
MemTotal:        1844596 kB
MemFree:         1494316 kB
MemAvailable:    1559208 kB
Buffers:           23448 kB
Cached:           169960 kB
MemTotal:        1844596 kB
MemFree:         1494276 kB
MemAvailable:    1559168 kB
Buffers:           23448 kB
Cached:           169960 kB
MemTotal:        1844596 kB
MemFree:         1493540 kB
MemAvailable:    1558432 kB
Buffers:           23448 kB
Cached:           169960 kB
MemTotal:        1844596 kB
MemFree:         1494384 kB
MemAvailable:    1559280 kB
Buffers:           23448 kB
Cached:           169964 kB
MemTotal:        1844596 kB
MemFree:         1493904 kB
MemAvailable:    1558800 kB
Buffers:           23448 kB
Cached:           169964 kB
MemTotal:        1844596 kB
MemFree:         1494324 kB
MemAvailable:    1559220 kB
Buffers:           23448 kB
Cached:           169964 kB
MemTotal:        1844596 kB
MemFree:         1493868 kB
MemAvailable:    1558764 kB
Buffers:           23448 kB
Cached:           169964 kB
MemTotal:        1844596 kB
MemFree:         1493952 kB
MemAvailable:    1558848 kB
Buffers:           23448 kB
Cached:           169964 kB
MemTotal:        1844596 kB
MemFree:         1493724 kB
MemAvailable:    1558620 kB
Buffers:           23448 kB
Cached:           169964 kB
MemTotal:        1844596 kB
MemFree:         1493460 kB
MemAvailable:    1558356 kB
Buffers:           23448 kB
Cached:           169964 kB
MemTotal:        1844596 kB
MemFree:         1493460 kB
MemAvailable:    1558356 kB
Buffers:           23448 kB
Cached:           169964 kB
MemTotal:        1844596 kB
MemFree:         1491996 kB
MemAvailable:    1556892 kB
Buffers:           23448 kB
Cached:           169964 kB
MemTotal:        1844596 kB
MemFree:         1491996 kB
MemAvailable:    1556892 kB
Buffers:           23448 kB
Cached:           169964 kB
MemTotal:        1844596 kB
MemFree:         1493276 kB
MemAvailable:    1558172 kB
Buffers:           23448 kB
Cached:           169964 kB
MemTotal:        1844596 kB
MemFree:         1493360 kB
MemAvailable:    1558256 kB
Buffers:           23448 kB
Cached:           169964 kB
MemTotal:        1844596 kB
MemFree:         1491872 kB
MemAvailable:    1556768 kB
Buffers:           23448 kB
Cached:           169964 kB
MemTotal:        1844596 kB
MemFree:         1491864 kB
MemAvailable:    1556760 kB
Buffers:           23448 kB
Cached:           169964 kB
MemTotal:        1844596 kB
MemFree:         1493232 kB
MemAvailable:    1558128 kB
Buffers:           23448 kB
Cached:           169964 kB
MemTotal:        1844596 kB
MemFree:         1493268 kB
MemAvailable:    1558164 kB
Buffers:           23448 kB
Cached:           169964 kB
MemTotal:        1844596 kB
MemFree:         1492044 kB
MemAvailable:    1556940 kB
Buffers:           23448 kB
Cached:           169964 kB
MemTotal:        1844596 kB
MemFree:         1493160 kB
MemAvailable:    1558056 kB
Buffers:           23448 kB
Cached:           169964 kB
MemTotal:        1844596 kB
MemFree:         1491788 kB
MemAvailable:    1556684 kB
Buffers:           23448 kB
Cached:           169964 kB
MemTotal:        1844596 kB
MemFree:         1491532 kB
MemAvailable:    1556428 kB
Buffers:           23448 kB
Cached:           169964 kB
MemTotal:        1844596 kB
MemFree:         1491656 kB
MemAvailable:    1556552 kB
Buffers:           23448 kB
Cached:           169964 kB
MemTotal:        1844596 kB
MemFree:         1491540 kB
MemAvailable:    1556436 kB
Buffers:           23448 kB
Cached:           169964 kB
MemTotal:        1844596 kB
MemFree:         1492416 kB
MemAvailable:    1557312 kB
Buffers:           23448 kB
Cached:           169964 kB
MemTotal:        1844596 kB
MemFree:         1491152 kB
MemAvailable:    1556048 kB
Buffers:           23448 kB
Cached:           169964 kB
MemTotal:        1844596 kB
MemFree:         1491160 kB
MemAvailable:    1556056 kB
Buffers:           23448 kB
Cached:           169964 kB
MemTotal:        1844596 kB
MemFree:         1491160 kB
MemAvailable:    1556056 kB
Buffers:           23448 kB
Cached:           169964 kB
MemTotal:        1844596 kB
MemFree:         1491028 kB
MemAvailable:    1555924 kB
Buffers:           23448 kB
Cached:           169964 kB
MemTotal:        1844596 kB
MemFree:         1492392 kB
MemAvailable:    1557288 kB
Buffers:           23448 kB
Cached:           169964 kB
MemTotal:        1844596 kB
MemFree:         1490988 kB
MemAvailable:    1555884 kB
Buffers:           23448 kB
Cached:           169964 kB
MemTotal:        1844596 kB
MemFree:         1490980 kB
MemAvailable:    1555876 kB
Buffers:           23448 kB
Cached:           169964 kB
MemTotal:        1844596 kB
MemFree:         1491104 kB
MemAvailable:    1556000 kB
Buffers:           23448 kB
Cached:           169964 kB
MemTotal:        1844596 kB
MemFree:         1492096 kB
MemAvailable:    1556992 kB
Buffers:           23448 kB
Cached:           169964 kB
MemTotal:        1844596 kB
MemFree:         1489308 kB
MemAvailable:    1554204 kB
Buffers:           23448 kB
Cached:           169964 kB
MemTotal:        1844596 kB
MemFree:         1489308 kB
MemAvailable:    1554204 kB
Buffers:           23448 kB
Cached:           169964 kB
MemTotal:        1844596 kB
MemFree:         1484712 kB
MemAvailable:    1549608 kB
Buffers:           23448 kB
Cached:           169964 kB
MemTotal:        1844596 kB
MemFree:         1485048 kB
MemAvailable:    1549944 kB
Buffers:           23448 kB
Cached:           169964 kB
MemTotal:        1844596 kB
MemFree:         1483860 kB
MemAvailable:    1548756 kB
Buffers:           23448 kB
Cached:           169964 kB
MemTotal:        1844596 kB
MemFree:         1484440 kB
MemAvailable:    1549336 kB
Buffers:           23448 kB
Cached:           169964 kB
MemTotal:        1844596 kB
MemFree:         1484468 kB
MemAvailable:    1549364 kB
Buffers:           23448 kB
Cached:           169964 kB
MemTotal:        1844596 kB
MemFree:         1484208 kB
MemAvailable:    1549104 kB
Buffers:           23448 kB
Cached:           169964 kB
MemTotal:        1844596 kB
MemFree:         1484356 kB
MemAvailable:    1549252 kB
Buffers:           23448 kB
Cached:           169964 kB
MemTotal:        1844596 kB
MemFree:         1484492 kB
MemAvailable:    1549392 kB
Buffers:           23448 kB
Cached:           169968 kB
MemTotal:        1844596 kB
MemFree:         1484440 kB
MemAvailable:    1549340 kB
Buffers:           23448 kB
Cached:           169968 kB
MemTotal:        1844596 kB
MemFree:         1484232 kB
MemAvailable:    1549132 kB
Buffers:           23448 kB
Cached:           169968 kB
MemTotal:        1844596 kB
MemFree:         1484124 kB
MemAvailable:    1549024 kB
Buffers:           23448 kB
Cached:           169968 kB
MemTotal:        1844596 kB
MemFree:         1484376 kB
MemAvailable:    1549276 kB
Buffers:           23448 kB
Cached:           169968 kB
MemTotal:        1844596 kB
MemFree:         1483488 kB
MemAvailable:    1548388 kB
Buffers:           23448 kB
Cached:           169968 kB
MemTotal:        1844596 kB
MemFree:         1484200 kB
MemAvailable:    1549100 kB
Buffers:           23448 kB
Cached:           169968 kB
MemTotal:        1844596 kB
MemFree:         1483244 kB
MemAvailable:    1548144 kB
Buffers:           23448 kB
Cached:           169968 kB
MemTotal:        1844596 kB
MemFree:         1484420 kB
MemAvailable:    1549320 kB
Buffers:           23448 kB
Cached:           169968 kB
MemTotal:        1844596 kB
MemFree:         1483000 kB
MemAvailable:    1547900 kB
Buffers:           23448 kB
Cached:           169968 kB
MemTotal:        1844596 kB
MemFree:         1482504 kB
MemAvailable:    1547404 kB
Buffers:           23448 kB
Cached:           169968 kB
MemTotal:        1844596 kB
MemFree:         1483556 kB
MemAvailable:    1548456 kB
Buffers:           23448 kB
Cached:           169968 kB
MemTotal:        1844596 kB
MemFree:         1482008 kB
MemAvailable:    1546908 kB
Buffers:           23448 kB
Cached:           169968 kB
MemTotal:        1844596 kB
MemFree:         1482736 kB
MemAvailable:    1547636 kB
Buffers:           23448 kB
Cached:           169968 kB
MemTotal:        1844596 kB
MemFree:         1482504 kB
MemAvailable:    1547404 kB
Buffers:           23448 kB
Cached:           169968 kB
MemTotal:        1844596 kB
MemFree:         1482500 kB
MemAvailable:    1547400 kB
Buffers:           23448 kB
Cached:           169968 kB
MemTotal:        1844596 kB
MemFree:         1480892 kB
MemAvailable:    1545792 kB
Buffers:           23448 kB
Cached:           169968 kB
MemTotal:        1844596 kB
MemFree:         1481856 kB
MemAvailable:    1546756 kB
Buffers:           23448 kB
Cached:           169968 kB
MemTotal:        1844596 kB
MemFree:         1481752 kB
MemAvailable:    1546652 kB
Buffers:           23448 kB
Cached:           169968 kB
MemTotal:        1844596 kB
MemFree:         1480140 kB
MemAvailable:    1545040 kB
Buffers:           23448 kB
Cached:           169968 kB
MemTotal:        1844596 kB
MemFree:         1480876 kB
MemAvailable:    1545776 kB
Buffers:           23448 kB
Cached:           169968 kB
MemTotal:        1844596 kB
MemFree:         1480644 kB
MemAvailable:    1545544 kB
Buffers:           23448 kB
Cached:           169968 kB
MemTotal:        1844596 kB
MemFree:         1480588 kB
MemAvailable:    1545488 kB
Buffers:           23448 kB
Cached:           169968 kB
MemTotal:        1844596 kB
MemFree:         1480484 kB
MemAvailable:    1545384 kB
Buffers:           23448 kB
Cached:           169968 kB
MemTotal:        1844596 kB
MemFree:         1480736 kB
MemAvailable:    1545636 kB
Buffers:           23448 kB
Cached:           169968 kB
MemTotal:        1844596 kB
MemFree:         1480524 kB
MemAvailable:    1545424 kB
Buffers:           23448 kB
Cached:           169968 kB
MemTotal:        1844596 kB
MemFree:         1479220 kB
MemAvailable:    1544120 kB
Buffers:           23448 kB
Cached:           169968 kB
MemTotal:        1844596 kB
MemFree:         1480576 kB
MemAvailable:    1545476 kB
Buffers:           23448 kB
Cached:           169968 kB
MemTotal:        1844596 kB
MemFree:         1480448 kB
MemAvailable:    1545348 kB
Buffers:           23448 kB
Cached:           169968 kB
MemTotal:        1844596 kB
MemFree:         1480528 kB
MemAvailable:    1545428 kB
Buffers:           23448 kB
Cached:           169968 kB
MemTotal:        1844596 kB
MemFree:         1480076 kB
MemAvailable:    1544976 kB
Buffers:           23448 kB
Cached:           169968 kB
MemTotal:        1844596 kB
MemFree:         1480120 kB
MemAvailable:    1545020 kB
Buffers:           23448 kB
Cached:           169968 kB
MemTotal:        1844596 kB
MemFree:         1480016 kB
MemAvailable:    1544916 kB
Buffers:           23448 kB
Cached:           169968 kB
MemTotal:        1844596 kB
MemFree:         1475140 kB
MemAvailable:    1540040 kB
Buffers:           23448 kB
Cached:           169968 kB
MemTotal:        1844596 kB
MemFree:         1473956 kB
MemAvailable:    1538856 kB
Buffers:           23448 kB
Cached:           169968 kB
MemTotal:        1844596 kB
MemFree:         1474828 kB
MemAvailable:    1539728 kB
Buffers:           23448 kB
Cached:           169968 kB
MemTotal:        1844596 kB
MemFree:         1473396 kB
MemAvailable:    1538296 kB
Buffers:           23448 kB
Cached:           169968 kB
MemTotal:        1844596 kB
MemFree:         1473528 kB
MemAvailable:    1538428 kB
Buffers:           23448 kB
Cached:           169968 kB
MemTotal:        1844596 kB
MemFree:         1474892 kB
MemAvailable:    1539792 kB
Buffers:           23448 kB
Cached:           169968 kB
MemTotal:        1844596 kB
MemFree:         1473700 kB
MemAvailable:    1538600 kB
Buffers:           23448 kB
Cached:           169968 kB
MemTotal:        1844596 kB
MemFree:         1474388 kB
MemAvailable:    1539296 kB
Buffers:           23448 kB
Cached:           169976 kB
MemTotal:        1844596 kB
MemFree:         1474388 kB
MemAvailable:    1539296 kB
Buffers:           23448 kB
Cached:           169976 kB
MemTotal:        1844596 kB
MemFree:         1474456 kB
MemAvailable:    1539364 kB
Buffers:           23448 kB
Cached:           169976 kB
MemTotal:        1844596 kB
MemFree:         1473024 kB
MemAvailable:    1537932 kB
Buffers:           23448 kB
Cached:           169976 kB
MemTotal:        1844596 kB
MemFree:         1473636 kB
MemAvailable:    1538544 kB
Buffers:           23448 kB
Cached:           169976 kB
MemTotal:        1844596 kB
MemFree:         1472560 kB
MemAvailable:    1537468 kB
Buffers:           23448 kB
Cached:           169976 kB
MemTotal:        1844596 kB
MemFree:         1471840 kB
MemAvailable:    1536748 kB
Buffers:           23448 kB
Cached:           169976 kB
MemTotal:        1844596 kB
MemFree:         1471716 kB
MemAvailable:    1536624 kB
Buffers:           23448 kB
Cached:           169976 kB
MemTotal:        1844596 kB
MemFree:         1471652 kB
MemAvailable:    1536560 kB
Buffers:           23448 kB
Cached:           169976 kB
MemTotal:        1844596 kB
MemFree:         1471328 kB
MemAvailable:    1536236 kB
Buffers:           23448 kB
Cached:           169976 kB
MemTotal:        1844596 kB
MemFree:         1470980 kB
MemAvailable:    1535888 kB
Buffers:           23448 kB
Cached:           169976 kB
MemTotal:        1844596 kB
MemFree:         1471344 kB
MemAvailable:    1536252 kB
Buffers:           23448 kB
Cached:           169976 kB
MemTotal:        1844596 kB
MemFree:         1471484 kB
MemAvailable:    1536392 kB
Buffers:           23448 kB
Cached:           169976 kB
MemTotal:        1844596 kB
MemFree:         1473204 kB
MemAvailable:    1538112 kB
Buffers:           23448 kB
Cached:           169976 kB
MemTotal:        1844596 kB
MemFree:         1472088 kB
MemAvailable:    1536996 kB
Buffers:           23448 kB
Cached:           169976 kB
MemTotal:        1844596 kB
MemFree:         1473132 kB
MemAvailable:    1538124 kB
Buffers:           23448 kB
Cached:           170100 kB
MemTotal:        1844596 kB
MemFree:         1472212 kB
MemAvailable:    1537288 kB
Buffers:           23448 kB
Cached:           170100 kB
MemTotal:        1844596 kB
MemFree:         1472768 kB
MemAvailable:    1538012 kB
Buffers:           23448 kB
Cached:           170224 kB
MemTotal:        1844596 kB
MemFree:         1473024 kB
MemAvailable:    1538268 kB
Buffers:           23448 kB
Cached:           170224 kB
MemTotal:        1844596 kB
MemFree:         1472636 kB
MemAvailable:    1538132 kB
Buffers:           23448 kB
Cached:           170472 kB
MemTotal:        1844596 kB
MemFree:         1472716 kB
MemAvailable:    1538212 kB
Buffers:           23448 kB
Cached:           170472 kB
MemTotal:        1844596 kB
MemFree:         1472588 kB
MemAvailable:    1538084 kB
Buffers:           23448 kB
Cached:           170472 kB
MemTotal:        1844596 kB
MemFree:         1472780 kB
MemAvailable:    1538276 kB
Buffers:           23448 kB
Cached:           170596 kB
MemTotal:        1844596 kB
MemFree:         1472688 kB
MemAvailable:    1538184 kB
Buffers:           23448 kB
Cached:           170596 kB
MemTotal:        1844596 kB
MemFree:         1472512 kB
MemAvailable:    1538008 kB
Buffers:           23448 kB
Cached:           170596 kB
MemTotal:        1844596 kB
MemFree:         1472764 kB
MemAvailable:    1538260 kB
Buffers:           23448 kB
Cached:           170596 kB
MemTotal:        1844596 kB
MemFree:         1471332 kB
MemAvailable:    1536828 kB
Buffers:           23448 kB
Cached:           170596 kB
MemTotal:        1844596 kB
MemFree:         1472524 kB
MemAvailable:    1538020 kB
Buffers:           23448 kB
Cached:           170720 kB
MemTotal:        1844596 kB
MemFree:         1472592 kB
MemAvailable:    1538088 kB
Buffers:           23448 kB
Cached:           170720 kB
MemTotal:        1844596 kB
MemFree:         1471800 kB
MemAvailable:    1536708 kB
Buffers:           23448 kB
Cached:           170048 kB
MemTotal:        1844596 kB
MemFree:         1541544 kB
MemAvailable:    1606452 kB
Buffers:           23448 kB
Cached:           170048 kB
