MemTotal:        1844596 kB
MemFree:         1526040 kB
MemAvailable:    1579704 kB
Buffers:           21788 kB
Cached:           161292 kB
MemTotal:        1844596 kB
MemFree:         1525908 kB
MemAvailable:    1579572 kB
Buffers:           21788 kB
Cached:           161292 kB
MemTotal:        1844596 kB
MemFree:         1523748 kB
MemAvailable:    1577412 kB
Buffers:           21788 kB
Cached:           161292 kB
MemTotal:        1844596 kB
MemFree:         1524072 kB
MemAvailable:    1577736 kB
Buffers:           21788 kB
Cached:           161292 kB
MemTotal:        1844596 kB
MemFree:         1521764 kB
MemAvailable:    1575428 kB
Buffers:           21788 kB
Cached:           161292 kB
MemTotal:        1844596 kB
MemFree:         1522808 kB
MemAvailable:    1576472 kB
Buffers:           21788 kB
Cached:           161292 kB
MemTotal:        1844596 kB
MemFree:         1520212 kB
MemAvailable:    1573876 kB
Buffers:           21788 kB
Cached:           161292 kB
MemTotal:        1844596 kB
MemFree:         1517300 kB
MemAvailable:    1570964 kB
Buffers:           21788 kB
Cached:           161292 kB
MemTotal:        1844596 kB
MemFree:         1513820 kB
MemAvailable:    1567484 kB
Buffers:           21788 kB
Cached:           161292 kB
MemTotal:        1844596 kB
MemFree:         1513464 kB
MemAvailable:    1567128 kB
Buffers:           21788 kB
Cached:           161292 kB
MemTotal:        1844596 kB
MemFree:         1512560 kB
MemAvailable:    1566224 kB
Buffers:           21788 kB
Cached:           161292 kB
MemTotal:        1844596 kB
MemFree:         1511424 kB
MemAvailable:    1565088 kB
Buffers:           21788 kB
Cached:           161292 kB
MemTotal:        1844596 kB
MemFree:         1511204 kB
MemAvailable:    1564868 kB
Buffers:           21788 kB
Cached:           161292 kB
MemTotal:        1844596 kB
MemFree:         1511336 kB
MemAvailable:    1565000 kB
Buffers:           21788 kB
Cached:           161292 kB
MemTotal:        1844596 kB
MemFree:         1512760 kB
MemAvailable:    1566424 kB
Buffers:           21788 kB
Cached:           161292 kB
MemTotal:        1844596 kB
MemFree:         1512400 kB
MemAvailable:    1566064 kB
Buffers:           21788 kB
Cached:           161292 kB
MemTotal:        1844596 kB
MemFree:         1510968 kB
MemAvailable:    1564632 kB
Buffers:           21788 kB
Cached:           161292 kB
MemTotal:        1844596 kB
MemFree:         1510100 kB
MemAvailable:    1563764 kB
Buffers:           21788 kB
Cached:           161292 kB
MemTotal:        1844596 kB
MemFree:         1509232 kB
MemAvailable:    1562896 kB
Buffers:           21788 kB
Cached:           161292 kB
MemTotal:        1844596 kB
MemFree:         1510348 kB
MemAvailable:    1564012 kB
Buffers:           21788 kB
Cached:           161292 kB
MemTotal:        1844596 kB
MemFree:         1510168 kB
MemAvailable:    1563832 kB
Buffers:           21788 kB
Cached:           161292 kB
MemTotal:        1844596 kB
MemFree:         1509968 kB
MemAvailable:    1563632 kB
Buffers:           21788 kB
Cached:           161292 kB
MemTotal:        1844596 kB
MemFree:         1510092 kB
MemAvailable:    1563760 kB
Buffers:           21788 kB
Cached:           161296 kB
MemTotal:        1844596 kB
MemFree:         1510344 kB
MemAvailable:    1564012 kB
Buffers:           21788 kB
Cached:           161296 kB
MemTotal:        1844596 kB
MemFree:         1510052 kB
MemAvailable:    1563720 kB
Buffers:           21788 kB
Cached:           161296 kB
MemTotal:        1844596 kB
MemFree:         1508932 kB
MemAvailable:    1562600 kB
Buffers:           21788 kB
Cached:           161296 kB
MemTotal:        1844596 kB
MemFree:         1508924 kB
MemAvailable:    1562592 kB
Buffers:           21788 kB
Cached:           161296 kB
MemTotal:        1844596 kB
MemFree:         1511384 kB
MemAvailable:    1565052 kB
Buffers:           21788 kB
Cached:           161296 kB
MemTotal:        1844596 kB
MemFree:         1511356 kB
MemAvailable:    1565024 kB
Buffers:           21788 kB
Cached:           161296 kB
MemTotal:        1844596 kB
MemFree:         1510844 kB
MemAvailable:    1564512 kB
Buffers:           21788 kB
Cached:           161296 kB
MemTotal:        1844596 kB
MemFree:         1511100 kB
MemAvailable:    1564768 kB
Buffers:           21788 kB
Cached:           161296 kB
MemTotal:        1844596 kB
MemFree:         1507992 kB
MemAvailable:    1561660 kB
Buffers:           21788 kB
Cached:           161296 kB
MemTotal:        1844596 kB
MemFree:         1508248 kB
MemAvailable:    1561916 kB
Buffers:           21788 kB
Cached:           161296 kB
MemTotal:        1844596 kB
MemFree:         1506992 kB
MemAvailable:    1560660 kB
Buffers:           21788 kB
Cached:           161296 kB
MemTotal:        1844596 kB
MemFree:         1507076 kB
MemAvailable:    1560744 kB
Buffers:           21788 kB
Cached:           161296 kB
MemTotal:        1844596 kB
MemFree:         1505580 kB
MemAvailable:    1559248 kB
Buffers:           21788 kB
Cached:           161296 kB
MemTotal:        1844596 kB
MemFree:         1505768 kB
MemAvailable:    1559436 kB
Buffers:           21788 kB
Cached:           161296 kB
MemTotal:        1844596 kB
MemFree:         1506132 kB
MemAvailable:    1559800 kB
Buffers:           21788 kB
Cached:           161296 kB
MemTotal:        1844596 kB
MemFree:         1506068 kB
MemAvailable:    1559736 kB
Buffers:           21788 kB
Cached:           161296 kB
MemTotal:        1844596 kB
MemFree:         1506192 kB
MemAvailable:    1559860 kB
Buffers:           21788 kB
Cached:           161296 kB
MemTotal:        1844596 kB
MemFree:         1506060 kB
MemAvailable:    1559728 kB
Buffers:           21788 kB
Cached:           161296 kB
MemTotal:        1844596 kB
MemFree:         1504892 kB
MemAvailable:    1558560 kB
Buffers:           21788 kB
Cached:           161296 kB
MemTotal:        1844596 kB
MemFree:         1504452 kB
MemAvailable:    1558120 kB
Buffers:           21788 kB
Cached:           161296 kB
MemTotal:        1844596 kB
MemFree:         1504580 kB
MemAvailable:    1558248 kB
Buffers:           21788 kB
Cached:           161296 kB
MemTotal:        1844596 kB
MemFree:         1505680 kB
MemAvailable:    1559348 kB
Buffers:           21788 kB
Cached:           161296 kB
MemTotal:        1844596 kB
MemFree:         1505932 kB
MemAvailable:    1559600 kB
Buffers:           21788 kB
Cached:           161296 kB
MemTotal:        1844596 kB
MemFree:         1505132 kB
MemAvailable:    1558800 kB
Buffers:           21788 kB
Cached:           161296 kB
MemTotal:        1844596 kB
MemFree:         1504528 kB
MemAvailable:    1558196 kB
Buffers:           21788 kB
Cached:           161296 kB
MemTotal:        1844596 kB
MemFree:         1503776 kB
MemAvailable:    1557444 kB
Buffers:           21788 kB
Cached:           161296 kB
MemTotal:        1844596 kB
MemFree:         1503644 kB
MemAvailable:    1557312 kB
Buffers:           21788 kB
Cached:           161296 kB
MemTotal:        1844596 kB
MemFree:         1505068 kB
MemAvailable:    1558736 kB
Buffers:           21788 kB
Cached:           161296 kB
MemTotal:        1844596 kB
MemFree:         1503720 kB
MemAvailable:    1557388 kB
Buffers:           21788 kB
Cached:           161296 kB
MemTotal:        1844596 kB
MemFree:         1504956 kB
MemAvailable:    1558624 kB
Buffers:           21788 kB
Cached:           161296 kB
MemTotal:        1844596 kB
MemFree:         1503876 kB
MemAvailable:    1557544 kB
Buffers:           21788 kB
Cached:           161296 kB
MemTotal:        1844596 kB
MemFree:         1504920 kB
MemAvailable:    1558588 kB
Buffers:           21788 kB
Cached:           161296 kB
MemTotal:        1844596 kB
MemFree:         1504856 kB
MemAvailable:    1558524 kB
Buffers:           21788 kB
Cached:           161296 kB
MemTotal:        1844596 kB
MemFree:         1504908 kB
MemAvailable:    1558576 kB
Buffers:           21788 kB
Cached:           161296 kB
MemTotal:        1844596 kB
MemFree:         1504892 kB
MemAvailable:    1558560 kB
Buffers:           21788 kB
Cached:           161296 kB
MemTotal:        1844596 kB
MemFree:         1504856 kB
MemAvailable:    1558524 kB
Buffers:           21788 kB
Cached:           161296 kB
MemTotal:        1844596 kB
MemFree:         1503608 kB
MemAvailable:    1557276 kB
Buffers:           21788 kB
Cached:           161296 kB
MemTotal:        1844596 kB
MemFree:         1503608 kB
MemAvailable:    1557276 kB
Buffers:           21788 kB
Cached:           161296 kB
MemTotal:        1844596 kB
MemFree:         1504848 kB
MemAvailable:    1558516 kB
Buffers:           21788 kB
Cached:           161296 kB
MemTotal:        1844596 kB
MemFree:         1504612 kB
MemAvailable:    1558280 kB
Buffers:           21788 kB
Cached:           161296 kB
MemTotal:        1844596 kB
MemFree:         1504132 kB
MemAvailable:    1557800 kB
Buffers:           21788 kB
Cached:           161296 kB
MemTotal:        1844596 kB
MemFree:         1504468 kB
MemAvailable:    1558136 kB
Buffers:           21788 kB
Cached:           161296 kB
MemTotal:        1844596 kB
MemFree:         1502900 kB
MemAvailable:    1556568 kB
Buffers:           21788 kB
Cached:           161296 kB
MemTotal:        1844596 kB
MemFree:         1502900 kB
MemAvailable:    1556568 kB
Buffers:           21788 kB
Cached:           161296 kB
MemTotal:        1844596 kB
MemFree:         1502900 kB
MemAvailable:    1556568 kB
Buffers:           21788 kB
Cached:           161296 kB
MemTotal:        1844596 kB
MemFree:         1504140 kB
MemAvailable:    1557808 kB
Buffers:           21788 kB
Cached:           161296 kB
MemTotal:        1844596 kB
MemFree:         1502764 kB
MemAvailable:    1556432 kB
Buffers:           21788 kB
Cached:           161296 kB
MemTotal:        1844596 kB
MemFree:         1502720 kB
MemAvailable:    1556388 kB
Buffers:           21788 kB
Cached:           161296 kB
MemTotal:        1844596 kB
MemFree:         1504016 kB
MemAvailable:    1557684 kB
Buffers:           21788 kB
Cached:           161296 kB
MemTotal:        1844596 kB
MemFree:         1504156 kB
MemAvailable:    1557824 kB
Buffers:           21788 kB
Cached:           161296 kB
MemTotal:        1844596 kB
MemFree:         1502620 kB
MemAvailable:    1556288 kB
Buffers:           21788 kB
Cached:           161296 kB
MemTotal:        1844596 kB
MemFree:         1501916 kB
MemAvailable:    1555584 kB
Buffers:           21788 kB
Cached:           161296 kB
MemTotal:        1844596 kB
MemFree:         1501188 kB
MemAvailable:    1554856 kB
Buffers:           21788 kB
Cached:           161296 kB
MemTotal:        1844596 kB
MemFree:         1498328 kB
MemAvailable:    1551996 kB
Buffers:           21788 kB
Cached:           161296 kB
MemTotal:        1844596 kB
MemFree:         1496452 kB
MemAvailable:    1550120 kB
Buffers:           21788 kB
Cached:           161296 kB
MemTotal:        1844596 kB
MemFree:         1496344 kB
MemAvailable:    1550012 kB
Buffers:           21788 kB
Cached:           161296 kB
MemTotal:        1844596 kB
MemFree:         1496288 kB
MemAvailable:    1549956 kB
Buffers:           21788 kB
Cached:           161296 kB
MemTotal:        1844596 kB
MemFree:         1494916 kB
MemAvailable:    1548584 kB
Buffers:           21788 kB
Cached:           161296 kB
MemTotal:        1844596 kB
MemFree:         1496156 kB
MemAvailable:    1549824 kB
Buffers:           21788 kB
Cached:           161296 kB
MemTotal:        1844596 kB
MemFree:         1495040 kB
MemAvailable:    1548708 kB
Buffers:           21788 kB
Cached:           161296 kB
MemTotal:        1844596 kB
MemFree:         1494916 kB
MemAvailable:    1548584 kB
Buffers:           21788 kB
Cached:           161296 kB
MemTotal:        1844596 kB
MemFree:         1494916 kB
MemAvailable:    1548584 kB
Buffers:           21788 kB
Cached:           161296 kB
MemTotal:        1844596 kB
MemFree:         1496108 kB
MemAvailable:    1549776 kB
Buffers:           21788 kB
Cached:           161296 kB
MemTotal:        1844596 kB
MemFree:         1496148 kB
MemAvailable:    1549816 kB
Buffers:           21788 kB
Cached:           161296 kB
MemTotal:        1844596 kB
MemFree:         1496124 kB
MemAvailable:    1549792 kB
Buffers:           21788 kB
Cached:           161296 kB
MemTotal:        1844596 kB
MemFree:         1495920 kB
MemAvailable:    1549588 kB
Buffers:           21788 kB
Cached:           161296 kB
MemTotal:        1844596 kB
MemFree:         1496172 kB
MemAvailable:    1549840 kB
Buffers:           21788 kB
Cached:           161296 kB
MemTotal:        1844596 kB
MemFree:         1496144 kB
MemAvailable:    1549812 kB
Buffers:           21788 kB
Cached:           161296 kB
MemTotal:        1844596 kB
MemFree:         1494712 kB
MemAvailable:    1548380 kB
Buffers:           21788 kB
Cached:           161296 kB
MemTotal:        1844596 kB
MemFree:         1494836 kB
MemAvailable:    1548512 kB
Buffers:           21788 kB
Cached:           161304 kB
MemTotal:        1844596 kB
MemFree:         1495652 kB
MemAvailable:    1549328 kB
Buffers:           21788 kB
Cached:           161304 kB
MemTotal:        1844596 kB
MemFree:         1494360 kB
MemAvailable:    1548036 kB
Buffers:           21788 kB
Cached:           161304 kB
MemTotal:        1844596 kB
MemFree:         1493864 kB
MemAvailable:    1547544 kB
Buffers:           21788 kB
Cached:           161308 kB
MemTotal:        1844596 kB
MemFree:         1493988 kB
MemAvailable:    1547668 kB
Buffers:           21788 kB
Cached:           161308 kB
MemTotal:        1844596 kB
MemFree:         1493368 kB
MemAvailable:    1547048 kB
Buffers:           21788 kB
Cached:           161308 kB
MemTotal:        1844596 kB
MemFree:         1494536 kB
MemAvailable:    1548216 kB
Buffers:           21788 kB
Cached:           161308 kB
MemTotal:        1844596 kB
MemFree:         1493112 kB
MemAvailable:    1546792 kB
Buffers:           21788 kB
Cached:           161308 kB
MemTotal:        1844596 kB
MemFree:         1493980 kB
MemAvailable:    1547660 kB
Buffers:           21788 kB
Cached:           161308 kB
MemTotal:        1844596 kB
MemFree:         1493500 kB
MemAvailable:    1547180 kB
Buffers:           21788 kB
Cached:           161308 kB
MemTotal:        1844596 kB
MemFree:         1493104 kB
MemAvailable:    1546784 kB
Buffers:           21788 kB
Cached:           161308 kB
MemTotal:        1844596 kB
MemFree:         1493440 kB
MemAvailable:    1547120 kB
Buffers:           21788 kB
Cached:           161308 kB
MemTotal:        1844596 kB
MemFree:         1492748 kB
MemAvailable:    1546428 kB
Buffers:           21788 kB
Cached:           161308 kB
MemTotal:        1844596 kB
MemFree:         1492684 kB
MemAvailable:    1546364 kB
Buffers:           21788 kB
Cached:           161308 kB
MemTotal:        1844596 kB
MemFree:         1491376 kB
MemAvailable:    1545056 kB
Buffers:           21788 kB
Cached:           161308 kB
MemTotal:        1844596 kB
MemFree:         1492048 kB
MemAvailable:    1545728 kB
Buffers:           21788 kB
Cached:           161308 kB
MemTotal:        1844596 kB
MemFree:         1492300 kB
MemAvailable:    1545980 kB
Buffers:           21788 kB
Cached:           161308 kB
MemTotal:        1844596 kB
MemFree:         1490948 kB
MemAvailable:    1544628 kB
Buffers:           21788 kB
Cached:           161308 kB
MemTotal:        1844596 kB
MemFree:         1492132 kB
MemAvailable:    1545812 kB
Buffers:           21788 kB
Cached:           161308 kB
MemTotal:        1844596 kB
MemFree:         1492000 kB
MemAvailable:    1545680 kB
Buffers:           21788 kB
Cached:           161308 kB
MemTotal:        1844596 kB
MemFree:         1490992 kB
MemAvailable:    1544672 kB
Buffers:           21788 kB
Cached:           161308 kB
MemTotal:        1844596 kB
MemFree:         1490952 kB
MemAvailable:    1544632 kB
Buffers:           21788 kB
Cached:           161308 kB
MemTotal:        1844596 kB
MemFree:         1492252 kB
MemAvailable:    1545932 kB
Buffers:           21788 kB
Cached:           161308 kB
MemTotal:        1844596 kB
MemFree:         1491740 kB
MemAvailable:    1545420 kB
Buffers:           21788 kB
Cached:           161308 kB
MemTotal:        1844596 kB
MemFree:         1490888 kB
MemAvailable:    1544568 kB
Buffers:           21788 kB
Cached:           161308 kB
MemTotal:        1844596 kB
MemFree:         1491548 kB
MemAvailable:    1545228 kB
Buffers:           21788 kB
Cached:           161308 kB
MemTotal:        1844596 kB
MemFree:         1491612 kB
MemAvailable:    1545292 kB
Buffers:           21788 kB
Cached:           161308 kB
MemTotal:        1844596 kB
MemFree:         1485796 kB
MemAvailable:    1539476 kB
Buffers:           21788 kB
Cached:           161308 kB
MemTotal:        1844596 kB
MemFree:         1486788 kB
MemAvailable:    1540468 kB
Buffers:           21788 kB
Cached:           161308 kB
MemTotal:        1844596 kB
MemFree:         1486788 kB
MemAvailable:    1540468 kB
Buffers:           21788 kB
Cached:           161308 kB
MemTotal:        1844596 kB
MemFree:         1486416 kB
MemAvailable:    1540096 kB
Buffers:           21788 kB
Cached:           161308 kB
MemTotal:        1844596 kB
MemFree:         1486532 kB
MemAvailable:    1540212 kB
Buffers:           21788 kB
Cached:           161308 kB
MemTotal:        1844596 kB
MemFree:         1486492 kB
MemAvailable:    1540172 kB
Buffers:           21788 kB
Cached:           161308 kB
MemTotal:        1844596 kB
MemFree:         1485432 kB
MemAvailable:    1539112 kB
Buffers:           21788 kB
Cached:           161308 kB
MemTotal:        1844596 kB
MemFree:         1486128 kB
MemAvailable:    1539812 kB
Buffers:           21788 kB
Cached:           161312 kB
MemTotal:        1844596 kB
MemFree:         1486384 kB
MemAvailable:    1540068 kB
Buffers:           21788 kB
Cached:           161312 kB
MemTotal:        1844596 kB
MemFree:         1484880 kB
MemAvailable:    1538564 kB
Buffers:           21788 kB
Cached:           161312 kB
MemTotal:        1844596 kB
MemFree:         1484880 kB
MemAvailable:    1538564 kB
Buffers:           21788 kB
Cached:           161312 kB
MemTotal:        1844596 kB
MemFree:         1484680 kB
MemAvailable:    1538364 kB
Buffers:           21788 kB
Cached:           161312 kB
MemTotal:        1844596 kB
MemFree:         1484448 kB
MemAvailable:    1538132 kB
Buffers:           21788 kB
Cached:           161312 kB
MemTotal:        1844596 kB
MemFree:         1483384 kB
MemAvailable:    1537068 kB
Buffers:           21788 kB
Cached:           161312 kB
MemTotal:        1844596 kB
MemFree:         1483128 kB
MemAvailable:    1536812 kB
Buffers:           21788 kB
Cached:           161312 kB
MemTotal:        1844596 kB
MemFree:         1482084 kB
MemAvailable:    1535768 kB
Buffers:           21788 kB
Cached:           161312 kB
MemTotal:        1844596 kB
MemFree:         1482980 kB
MemAvailable:    1536664 kB
Buffers:           21788 kB
Cached:           161312 kB
MemTotal:        1844596 kB
MemFree:         1483152 kB
MemAvailable:    1536836 kB
Buffers:           21788 kB
Cached:           161312 kB
MemTotal:        1844596 kB
MemFree:         1483116 kB
MemAvailable:    1536800 kB
Buffers:           21788 kB
Cached:           161312 kB
MemTotal:        1844596 kB
MemFree:         1483076 kB
MemAvailable:    1536760 kB
Buffers:           21788 kB
Cached:           161312 kB
MemTotal:        1844596 kB
MemFree:         1483820 kB
MemAvailable:    1537504 kB
Buffers:           21788 kB
Cached:           161312 kB
MemTotal:        1844596 kB
MemFree:         1484928 kB
MemAvailable:    1538696 kB
Buffers:           21788 kB
Cached:           161436 kB
MemTotal:        1844596 kB
MemFree:         1485180 kB
MemAvailable:    1538948 kB
Buffers:           21788 kB
Cached:           161436 kB
MemTotal:        1844596 kB
MemFree:         1484864 kB
MemAvailable:    1538716 kB
Buffers:           21788 kB
Cached:           161560 kB
MemTotal:        1844596 kB
MemFree:         1483432 kB
MemAvailable:    1537284 kB
Buffers:           21788 kB
Cached:           161560 kB
MemTotal:        1844596 kB
MemFree:         1483432 kB
MemAvailable:    1537452 kB
Buffers:           21788 kB
Cached:           161808 kB
MemTotal:        1844596 kB
MemFree:         1484688 kB
MemAvailable:    1538876 kB
Buffers:           21788 kB
Cached:           161932 kB
MemTotal:        1844596 kB
MemFree:         1483324 kB
MemAvailable:    1537512 kB
Buffers:           21788 kB
Cached:           161932 kB
MemTotal:        1844596 kB
MemFree:         1484136 kB
MemAvailable:    1538388 kB
Buffers:           21788 kB
Cached:           161956 kB
MemTotal:        1844596 kB
MemFree:         1484472 kB
MemAvailable:    1538724 kB
Buffers:           21788 kB
Cached:           161956 kB
MemTotal:        1844596 kB
MemFree:         1482896 kB
MemAvailable:    1537148 kB
Buffers:           21788 kB
Cached:           161956 kB
MemTotal:        1844596 kB
MemFree:         1484328 kB
MemAvailable:    1538580 kB
Buffers:           21788 kB
Cached:           161956 kB
MemTotal:        1844596 kB
MemFree:         1483152 kB
MemAvailable:    1537404 kB
Buffers:           21788 kB
Cached:           161956 kB
MemTotal:        1844596 kB
MemFree:         1482884 kB
MemAvailable:    1537136 kB
Buffers:           21788 kB
Cached:           161956 kB
MemTotal:        1844596 kB
MemFree:         1483012 kB
MemAvailable:    1537264 kB
Buffers:           21788 kB
Cached:           161956 kB
MemTotal:        1844596 kB
MemFree:         1483112 kB
MemAvailable:    1536776 kB
Buffers:           21788 kB
Cached:           161408 kB
MemTotal:        1844596 kB
MemFree:         1551628 kB
MemAvailable:    1605292 kB
Buffers:           21788 kB
Cached:           161408 kB
