MemTotal:        1844596 kB
MemFree:         1571688 kB
MemAvailable:    1589684 kB
Buffers:           16480 kB
Cached:           129164 kB
MemTotal:        1844596 kB
MemFree:         1569704 kB
MemAvailable:    1587700 kB
Buffers:           16480 kB
Cached:           129164 kB
MemTotal:        1844596 kB
MemFree:         1568888 kB
MemAvailable:    1586884 kB
Buffers:           16480 kB
Cached:           129164 kB
MemTotal:        1844596 kB
MemFree:         1568340 kB
MemAvailable:    1586336 kB
Buffers:           16480 kB
Cached:           129164 kB
MemTotal:        1844596 kB
MemFree:         1567588 kB
MemAvailable:    1585584 kB
Buffers:           16480 kB
Cached:           129164 kB
MemTotal:        1844596 kB
MemFree:         1565728 kB
MemAvailable:    1583728 kB
Buffers:           16480 kB
Cached:           129168 kB
MemTotal:        1844596 kB
MemFree:         1565736 kB
MemAvailable:    1583736 kB
Buffers:           16480 kB
Cached:           129168 kB
MemTotal:        1844596 kB
MemFree:         1564248 kB
MemAvailable:    1582248 kB
Buffers:           16480 kB
Cached:           129168 kB
MemTotal:        1844596 kB
MemFree:         1562636 kB
MemAvailable:    1580636 kB
Buffers:           16480 kB
Cached:           129168 kB
MemTotal:        1844596 kB
MemFree:         1559908 kB
MemAvailable:    1577908 kB
Buffers:           16480 kB
Cached:           129168 kB
MemTotal:        1844596 kB
MemFree:         1555808 kB
MemAvailable:    1573808 kB
Buffers:           16480 kB
Cached:           129168 kB
MemTotal:        1844596 kB
MemFree:         1555808 kB
MemAvailable:    1573808 kB
Buffers:           16480 kB
Cached:           129168 kB
MemTotal:        1844596 kB
MemFree:         1556800 kB
MemAvailable:    1574800 kB
Buffers:           16480 kB
Cached:           129168 kB
MemTotal:        1844596 kB
MemFree:         1555464 kB
MemAvailable:    1573464 kB
Buffers:           16480 kB
Cached:           129168 kB
MemTotal:        1844596 kB
MemFree:         1555720 kB
MemAvailable:    1573720 kB
Buffers:           16480 kB
Cached:           129168 kB
MemTotal:        1844596 kB
MemFree:         1555844 kB
MemAvailable:    1573844 kB
Buffers:           16480 kB
Cached:           129168 kB
MemTotal:        1844596 kB
MemFree:         1557028 kB
MemAvailable:    1575028 kB
Buffers:           16480 kB
Cached:           129168 kB
MemTotal:        1844596 kB
MemFree:         1556612 kB
MemAvailable:    1574612 kB
Buffers:           16480 kB
Cached:           129168 kB
MemTotal:        1844596 kB
MemFree:         1556240 kB
MemAvailable:    1574240 kB
Buffers:           16480 kB
Cached:           129168 kB
MemTotal:        1844596 kB
MemFree:         1554568 kB
MemAvailable:    1572568 kB
Buffers:           16480 kB
Cached:           129168 kB
MemTotal:        1844596 kB
MemFree:         1555000 kB
MemAvailable:    1573000 kB
Buffers:           16480 kB
Cached:           129168 kB
MemTotal:        1844596 kB
MemFree:         1554744 kB
MemAvailable:    1572744 kB
Buffers:           16480 kB
Cached:           129168 kB
MemTotal:        1844596 kB
MemFree:         1554544 kB
MemAvailable:    1572544 kB
Buffers:           16480 kB
Cached:           129168 kB
MemTotal:        1844596 kB
MemFree:         1554612 kB
MemAvailable:    1572612 kB
Buffers:           16480 kB
Cached:           129168 kB
MemTotal:        1844596 kB
MemFree:         1554412 kB
MemAvailable:    1572412 kB
Buffers:           16480 kB
Cached:           129168 kB
MemTotal:        1844596 kB
MemFree:         1553560 kB
MemAvailable:    1571560 kB
Buffers:           16480 kB
Cached:           129168 kB
MemTotal:        1844596 kB
MemFree:         1554276 kB
MemAvailable:    1572276 kB
Buffers:           16480 kB
Cached:           129168 kB
MemTotal:        1844596 kB
MemFree:         1554276 kB
MemAvailable:    1572276 kB
Buffers:           16480 kB
Cached:           129168 kB
MemTotal:        1844596 kB
MemFree:         1554292 kB
MemAvailable:    1572292 kB
Buffers:           16480 kB
Cached:           129168 kB
MemTotal:        1844596 kB
MemFree:         1554544 kB
MemAvailable:    1572544 kB
Buffers:           16480 kB
Cached:           129168 kB
MemTotal:        1844596 kB
MemFree:         1555544 kB
MemAvailable:    1573544 kB
Buffers:           16480 kB
Cached:           129168 kB
MemTotal:        1844596 kB
MemFree:         1555796 kB
MemAvailable:    1573796 kB
Buffers:           16480 kB
Cached:           129168 kB
MemTotal:        1844596 kB
MemFree:         1554940 kB
MemAvailable:    1572940 kB
Buffers:           16480 kB
Cached:           129168 kB
MemTotal:        1844596 kB
MemFree:         1552832 kB
MemAvailable:    1570832 kB
Buffers:           16480 kB
Cached:           129168 kB
MemTotal:        1844596 kB
MemFree:         1552388 kB
MemAvailable:    1570388 kB
Buffers:           16480 kB
Cached:           129168 kB
MemTotal:        1844596 kB
MemFree:         1552264 kB
MemAvailable:    1570264 kB
Buffers:           16480 kB
Cached:           129168 kB
MemTotal:        1844596 kB
MemFree:         1551452 kB
MemAvailable:    1569452 kB
Buffers:           16480 kB
Cached:           129168 kB
MemTotal:        1844596 kB
MemFree:         1551580 kB
MemAvailable:    1569580 kB
Buffers:           16480 kB
Cached:           129168 kB
MemTotal:        1844596 kB
MemFree:         1551220 kB
MemAvailable:    1569220 kB
Buffers:           16480 kB
Cached:           129168 kB
MemTotal:        1844596 kB
MemFree:         1550336 kB
MemAvailable:    1568336 kB
Buffers:           16480 kB
Cached:           129168 kB
MemTotal:        1844596 kB
MemFree:         1550336 kB
MemAvailable:    1568336 kB
Buffers:           16480 kB
Cached:           129168 kB
MemTotal:        1844596 kB
MemFree:         1550076 kB
MemAvailable:    1568076 kB
Buffers:           16480 kB
Cached:           129168 kB
MemTotal:        1844596 kB
MemFree:         1550328 kB
MemAvailable:    1568328 kB
Buffers:           16480 kB
Cached:           129168 kB
MemTotal:        1844596 kB
MemFree:         1550340 kB
MemAvailable:    1568340 kB
Buffers:           16480 kB
Cached:           129168 kB
MemTotal:        1844596 kB
MemFree:         1549352 kB
MemAvailable:    1567352 kB
Buffers:           16480 kB
Cached:           129168 kB
MemTotal:        1844596 kB
MemFree:         1550600 kB
MemAvailable:    1568600 kB
Buffers:           16480 kB
Cached:           129168 kB
MemTotal:        1844596 kB
MemFree:         1550528 kB
MemAvailable:    1568528 kB
Buffers:           16480 kB
Cached:           129168 kB
MemTotal:        1844596 kB
MemFree:         1550204 kB
MemAvailable:    1568204 kB
Buffers:           16480 kB
Cached:           129168 kB
MemTotal:        1844596 kB
MemFree:         1549864 kB
MemAvailable:    1567864 kB
Buffers:           16480 kB
Cached:           129168 kB
MemTotal:        1844596 kB
MemFree:         1548856 kB
MemAvailable:    1566856 kB
Buffers:           16480 kB
Cached:           129168 kB
MemTotal:        1844596 kB
MemFree:         1548856 kB
MemAvailable:    1566856 kB
Buffers:           16480 kB
Cached:           129168 kB
MemTotal:        1844596 kB
MemFree:         1549600 kB
MemAvailable:    1567600 kB
Buffers:           16480 kB
Cached:           129168 kB
MemTotal:        1844596 kB
MemFree:         1549600 kB
MemAvailable:    1567600 kB
Buffers:           16480 kB
Cached:           129168 kB
MemTotal:        1844596 kB
MemFree:         1549228 kB
MemAvailable:    1567228 kB
Buffers:           16480 kB
Cached:           129168 kB
MemTotal:        1844596 kB
MemFree:         1548920 kB
MemAvailable:    1566920 kB
Buffers:           16480 kB
Cached:           129168 kB
MemTotal:        1844596 kB
MemFree:         1549004 kB
MemAvailable:    1567004 kB
Buffers:           16480 kB
Cached:           129168 kB
MemTotal:        1844596 kB
MemFree:         1547972 kB
MemAvailable:    1565972 kB
Buffers:           16480 kB
Cached:           129168 kB
MemTotal:        1844596 kB
MemFree:         1549080 kB
MemAvailable:    1567080 kB
Buffers:           16480 kB
Cached:           129168 kB
MemTotal:        1844596 kB
MemFree:         1549164 kB
MemAvailable:    1567164 kB
Buffers:           16480 kB
Cached:           129168 kB
MemTotal:        1844596 kB
MemFree:         1547808 kB
MemAvailable:    1565808 kB
Buffers:           16480 kB
Cached:           129168 kB
MemTotal:        1844596 kB
MemFree:         1549240 kB
MemAvailable:    1567240 kB
Buffers:           16480 kB
Cached:           129168 kB
MemTotal:        1844596 kB
MemFree:         1548740 kB
MemAvailable:    1566740 kB
Buffers:           16480 kB
Cached:           129168 kB
MemTotal:        1844596 kB
MemFree:         1549092 kB
MemAvailable:    1567176 kB
Buffers:           16480 kB
Cached:           129168 kB
MemTotal:        1844596 kB
MemFree:         1549176 kB
MemAvailable:    1567176 kB
Buffers:           16480 kB
Cached:           129168 kB
MemTotal:        1844596 kB
MemFree:         1549056 kB
MemAvailable:    1567056 kB
Buffers:           16480 kB
Cached:           129168 kB
MemTotal:        1844596 kB
MemFree:         1549312 kB
MemAvailable:    1567312 kB
Buffers:           16480 kB
Cached:           129168 kB
MemTotal:        1844596 kB
MemFree:         1547932 kB
MemAvailable:    1565932 kB
Buffers:           16480 kB
Cached:           129168 kB
MemTotal:        1844596 kB
MemFree:         1548916 kB
MemAvailable:    1566916 kB
Buffers:           16480 kB
Cached:           129168 kB
MemTotal:        1844596 kB
MemFree:         1548684 kB
MemAvailable:    1566684 kB
Buffers:           16480 kB
Cached:           129168 kB
MemTotal:        1844596 kB
MemFree:         1547676 kB
MemAvailable:    1565676 kB
Buffers:           16480 kB
Cached:           129168 kB
MemTotal:        1844596 kB
MemFree:         1548476 kB
MemAvailable:    1566476 kB
Buffers:           16480 kB
Cached:           129168 kB
MemTotal:        1844596 kB
MemFree:         1548616 kB
MemAvailable:    1566616 kB
Buffers:           16480 kB
Cached:           129168 kB
MemTotal:        1844596 kB
MemFree:         1548048 kB
MemAvailable:    1566048 kB
Buffers:           16480 kB
Cached:           129168 kB
MemTotal:        1844596 kB
MemFree:         1548300 kB
MemAvailable:    1566300 kB
Buffers:           16480 kB
Cached:           129168 kB
MemTotal:        1844596 kB
MemFree:         1548272 kB
MemAvailable:    1566272 kB
Buffers:           16480 kB
Cached:           129168 kB
MemTotal:        1844596 kB
MemFree:         1548400 kB
MemAvailable:    1566400 kB
Buffers:           16480 kB
Cached:           129168 kB
MemTotal:        1844596 kB
MemFree:         1547252 kB
MemAvailable:    1565252 kB
Buffers:           16480 kB
Cached:           129168 kB
MemTotal:        1844596 kB
MemFree:         1548292 kB
MemAvailable:    1566292 kB
Buffers:           16480 kB
Cached:           129168 kB
MemTotal:        1844596 kB
MemFree:         1548304 kB
MemAvailable:    1566304 kB
Buffers:           16480 kB
Cached:           129168 kB
MemTotal:        1844596 kB
MemFree:         1548236 kB
MemAvailable:    1566236 kB
Buffers:           16480 kB
Cached:           129168 kB
MemTotal:        1844596 kB
MemFree:         1548492 kB
MemAvailable:    1566492 kB
Buffers:           16480 kB
Cached:           129168 kB
MemTotal:        1844596 kB
MemFree:         1548320 kB
MemAvailable:    1566320 kB
Buffers:           16480 kB
Cached:           129168 kB
MemTotal:        1844596 kB
MemFree:         1547500 kB
MemAvailable:    1565500 kB
Buffers:           16480 kB
Cached:           129168 kB
MemTotal:        1844596 kB
MemFree:         1545872 kB
MemAvailable:    1563872 kB
Buffers:           16480 kB
Cached:           129168 kB
MemTotal:        1844596 kB
MemFree:         1545872 kB
MemAvailable:    1563872 kB
Buffers:           16480 kB
Cached:           129168 kB
MemTotal:        1844596 kB
MemFree:         1541540 kB
MemAvailable:    1559540 kB
Buffers:           16480 kB
Cached:           129168 kB
MemTotal:        1844596 kB
MemFree:         1541548 kB
MemAvailable:    1559548 kB
Buffers:           16480 kB
Cached:           129168 kB
MemTotal:        1844596 kB
MemFree:         1540928 kB
MemAvailable:    1558928 kB
Buffers:           16480 kB
Cached:           129168 kB
MemTotal:        1844596 kB
MemFree:         1540796 kB
MemAvailable:    1558796 kB
Buffers:           16480 kB
Cached:           129168 kB
MemTotal:        1844596 kB
MemFree:         1539564 kB
MemAvailable:    1557564 kB
Buffers:           16480 kB
Cached:           129168 kB
MemTotal:        1844596 kB
MemFree:         1540424 kB
MemAvailable:    1558436 kB
Buffers:           16480 kB
Cached:           129180 kB
MemTotal:        1844596 kB
MemFree:         1540616 kB
MemAvailable:    1558628 kB
Buffers:           16480 kB
Cached:           129180 kB
MemTotal:        1844596 kB
MemFree:         1540420 kB
MemAvailable:    1558432 kB
Buffers:           16480 kB
Cached:           129180 kB
MemTotal:        1844596 kB
MemFree:         1539192 kB
MemAvailable:    1557204 kB
Buffers:           16480 kB
Cached:           129180 kB
MemTotal:        1844596 kB
MemFree:         1540492 kB
MemAvailable:    1558504 kB
Buffers:           16480 kB
Cached:           129180 kB
MemTotal:        1844596 kB
MemFree:         1539308 kB
MemAvailable:    1557320 kB
Buffers:           16480 kB
Cached:           129180 kB
MemTotal:        1844596 kB
MemFree:         1540160 kB
MemAvailable:    1558172 kB
Buffers:           16480 kB
Cached:           129180 kB
MemTotal:        1844596 kB
MemFree:         1540412 kB
MemAvailable:    1558424 kB
Buffers:           16480 kB
Cached:           129180 kB
MemTotal:        1844596 kB
MemFree:         1540328 kB
MemAvailable:    1558340 kB
Buffers:           16480 kB
Cached:           129180 kB
MemTotal:        1844596 kB
MemFree:         1539052 kB
MemAvailable:    1557064 kB
Buffers:           16480 kB
Cached:           129180 kB
MemTotal:        1844596 kB
MemFree:         1539300 kB
MemAvailable:    1557312 kB
Buffers:           16480 kB
Cached:           129180 kB
MemTotal:        1844596 kB
MemFree:         1540276 kB
MemAvailable:    1558288 kB
Buffers:           16480 kB
Cached:           129180 kB
MemTotal:        1844596 kB
MemFree:         1540528 kB
MemAvailable:    1558540 kB
Buffers:           16480 kB
Cached:           129180 kB
MemTotal:        1844596 kB
MemFree:         1540296 kB
MemAvailable:    1558308 kB
Buffers:           16480 kB
Cached:           129180 kB
MemTotal:        1844596 kB
MemFree:         1539556 kB
MemAvailable:    1557568 kB
Buffers:           16480 kB
Cached:           129180 kB
MemTotal:        1844596 kB
MemFree:         1538820 kB
MemAvailable:    1556832 kB
Buffers:           16480 kB
Cached:           129180 kB
MemTotal:        1844596 kB
MemFree:         1539060 kB
MemAvailable:    1557072 kB
Buffers:           16480 kB
Cached:           129180 kB
MemTotal:        1844596 kB
MemFree:         1538696 kB
MemAvailable:    1556708 kB
Buffers:           16480 kB
Cached:           129180 kB
MemTotal:        1844596 kB
MemFree:         1537820 kB
MemAvailable:    1555832 kB
Buffers:           16480 kB
Cached:           129180 kB
MemTotal:        1844596 kB
MemFree:         1538556 kB
MemAvailable:    1556568 kB
Buffers:           16480 kB
Cached:           129180 kB
MemTotal:        1844596 kB
MemFree:         1538808 kB
MemAvailable:    1556820 kB
Buffers:           16480 kB
Cached:           129180 kB
MemTotal:        1844596 kB
MemFree:         1537448 kB
MemAvailable:    1555460 kB
Buffers:           16480 kB
Cached:           129180 kB
MemTotal:        1844596 kB
MemFree:         1537448 kB
MemAvailable:    1555460 kB
Buffers:           16480 kB
Cached:           129180 kB
MemTotal:        1844596 kB
MemFree:         1536204 kB
MemAvailable:    1554216 kB
Buffers:           16480 kB
Cached:           129180 kB
MemTotal:        1844596 kB
MemFree:         1536328 kB
MemAvailable:    1554340 kB
Buffers:           16480 kB
Cached:           129180 kB
MemTotal:        1844596 kB
MemFree:         1536896 kB
MemAvailable:    1554908 kB
Buffers:           16480 kB
Cached:           129180 kB
MemTotal:        1844596 kB
MemFree:         1536656 kB
MemAvailable:    1554668 kB
Buffers:           16480 kB
Cached:           129180 kB
MemTotal:        1844596 kB
MemFree:         1536656 kB
MemAvailable:    1554668 kB
Buffers:           16480 kB
Cached:           129180 kB
MemTotal:        1844596 kB
MemFree:         1536440 kB
MemAvailable:    1554452 kB
Buffers:           16480 kB
Cached:           129180 kB
MemTotal:        1844596 kB
MemFree:         1536440 kB
MemAvailable:    1554452 kB
Buffers:           16480 kB
Cached:           129180 kB
MemTotal:        1844596 kB
MemFree:         1536444 kB
MemAvailable:    1554456 kB
Buffers:           16480 kB
Cached:           129180 kB
MemTotal:        1844596 kB
MemFree:         1535672 kB
MemAvailable:    1553684 kB
Buffers:           16480 kB
Cached:           129180 kB
MemTotal:        1844596 kB
MemFree:         1536888 kB
MemAvailable:    1554904 kB
Buffers:           16480 kB
Cached:           129184 kB
MemTotal:        1844596 kB
MemFree:         1536764 kB
MemAvailable:    1554780 kB
Buffers:           16480 kB
Cached:           129184 kB
MemTotal:        1844596 kB
MemFree:         1536632 kB
MemAvailable:    1554648 kB
Buffers:           16480 kB
Cached:           129184 kB
MemTotal:        1844596 kB
MemFree:         1535456 kB
MemAvailable:    1553472 kB
Buffers:           16480 kB
Cached:           129184 kB
MemTotal:        1844596 kB
MemFree:         1536756 kB
MemAvailable:    1554772 kB
Buffers:           16480 kB
Cached:           129184 kB
MemTotal:        1844596 kB
MemFree:         1535348 kB
MemAvailable:    1553364 kB
Buffers:           16480 kB
Cached:           129184 kB
MemTotal:        1844596 kB
MemFree:         1536152 kB
MemAvailable:    1554168 kB
Buffers:           16480 kB
Cached:           129184 kB
MemTotal:        1844596 kB
MemFree:         1535588 kB
MemAvailable:    1553604 kB
Buffers:           16480 kB
Cached:           129184 kB
MemTotal:        1844596 kB
MemFree:         1535664 kB
MemAvailable:    1553680 kB
Buffers:           16480 kB
Cached:           129184 kB
MemTotal:        1844596 kB
MemFree:         1535832 kB
MemAvailable:    1553848 kB
Buffers:           16480 kB
Cached:           129184 kB
MemTotal:        1844596 kB
MemFree:         1532044 kB
MemAvailable:    1550060 kB
Buffers:           16480 kB
Cached:           129184 kB
MemTotal:        1844596 kB
MemFree:         1531256 kB
MemAvailable:    1549272 kB
Buffers:           16480 kB
Cached:           129184 kB
MemTotal:        1844596 kB
MemFree:         1530944 kB
MemAvailable:    1548960 kB
Buffers:           16480 kB
Cached:           129184 kB
MemTotal:        1844596 kB
MemFree:         1530812 kB
MemAvailable:    1548828 kB
Buffers:           16480 kB
Cached:           129184 kB
MemTotal:        1844596 kB
MemFree:         1530876 kB
MemAvailable:    1548892 kB
Buffers:           16480 kB
Cached:           129184 kB
MemTotal:        1844596 kB
MemFree:         1529884 kB
MemAvailable:    1547900 kB
Buffers:           16480 kB
Cached:           129184 kB
MemTotal:        1844596 kB
MemFree:         1530308 kB
MemAvailable:    1548324 kB
Buffers:           16480 kB
Cached:           129184 kB
MemTotal:        1844596 kB
MemFree:         1529704 kB
MemAvailable:    1547720 kB
Buffers:           16480 kB
Cached:           129184 kB
MemTotal:        1844596 kB
MemFree:         1530372 kB
MemAvailable:    1548388 kB
Buffers:           16480 kB
Cached:           129184 kB
MemTotal:        1844596 kB
MemFree:         1530436 kB
MemAvailable:    1548452 kB
Buffers:           16480 kB
Cached:           129184 kB
MemTotal:        1844596 kB
MemFree:         1529644 kB
MemAvailable:    1547660 kB
Buffers:           16480 kB
Cached:           129184 kB
MemTotal:        1844596 kB
MemFree:         1528032 kB
MemAvailable:    1546048 kB
Buffers:           16480 kB
Cached:           129184 kB
MemTotal:        1844596 kB
MemFree:         1527844 kB
MemAvailable:    1545860 kB
Buffers:           16480 kB
Cached:           129184 kB
MemTotal:        1844596 kB
MemFree:         1527596 kB
MemAvailable:    1545612 kB
Buffers:           16480 kB
Cached:           129184 kB
MemTotal:        1844596 kB
MemFree:         1526288 kB
MemAvailable:    1544304 kB
Buffers:           16480 kB
Cached:           129184 kB
MemTotal:        1844596 kB
MemFree:         1526156 kB
MemAvailable:    1544172 kB
Buffers:           16480 kB
Cached:           129184 kB
MemTotal:        1844596 kB
MemFree:         1527264 kB
MemAvailable:    1545280 kB
Buffers:           16480 kB
Cached:           129184 kB
MemTotal:        1844596 kB
MemFree:         1527264 kB
MemAvailable:    1545280 kB
Buffers:           16480 kB
Cached:           129184 kB
MemTotal:        1844596 kB
MemFree:         1527396 kB
MemAvailable:    1545412 kB
Buffers:           16480 kB
Cached:           129184 kB
MemTotal:        1844596 kB
MemFree:         1527536 kB
MemAvailable:    1545552 kB
Buffers:           16480 kB
Cached:           129184 kB
MemTotal:        1844596 kB
MemFree:         1529240 kB
MemAvailable:    1547256 kB
Buffers:           16480 kB
Cached:           129184 kB
MemTotal:        1844596 kB
MemFree:         1529496 kB
MemAvailable:    1547512 kB
Buffers:           16480 kB
Cached:           129184 kB
MemTotal:        1844596 kB
MemFree:         1529108 kB
MemAvailable:    1547292 kB
Buffers:           16480 kB
Cached:           129308 kB
MemTotal:        1844596 kB
MemFree:         1529364 kB
MemAvailable:    1547548 kB
Buffers:           16480 kB
Cached:           129308 kB
MemTotal:        1844596 kB
MemFree:         1528976 kB
MemAvailable:    1547328 kB
Buffers:           16480 kB
Cached:           129556 kB
MemTotal:        1844596 kB
MemFree:         1528976 kB
MemAvailable:    1547412 kB
Buffers:           16480 kB
Cached:           129556 kB
MemTotal:        1844596 kB
MemFree:         1528748 kB
MemAvailable:    1547268 kB
Buffers:           16480 kB
Cached:           129804 kB
MemTotal:        1844596 kB
MemFree:         1528748 kB
MemAvailable:    1547352 kB
Buffers:           16480 kB
Cached:           129804 kB
MemTotal:        1844596 kB
MemFree:         1528488 kB
MemAvailable:    1547092 kB
Buffers:           16480 kB
Cached:           129804 kB
MemTotal:        1844596 kB
MemFree:         1528588 kB
MemAvailable:    1547192 kB
Buffers:           16480 kB
Cached:           129804 kB
MemTotal:        1844596 kB
MemFree:         1528732 kB
MemAvailable:    1547420 kB
Buffers:           16480 kB
Cached:           129804 kB
MemTotal:        1844596 kB
MemFree:         1528748 kB
MemAvailable:    1547436 kB
Buffers:           16480 kB
Cached:           129804 kB
MemTotal:        1844596 kB
MemFree:         1527776 kB
MemAvailable:    1546464 kB
Buffers:           16480 kB
Cached:           129804 kB
MemTotal:        1844596 kB
MemFree:         1528760 kB
MemAvailable:    1547448 kB
Buffers:           16480 kB
Cached:           129804 kB
MemTotal:        1844596 kB
MemFree:         1528828 kB
MemAvailable:    1547516 kB
Buffers:           16480 kB
Cached:           129804 kB
MemTotal:        1844596 kB
MemFree:         1528828 kB
MemAvailable:    1547516 kB
Buffers:           16480 kB
Cached:           129804 kB
MemTotal:        1844596 kB
MemFree:         1528892 kB
MemAvailable:    1547580 kB
Buffers:           16480 kB
Cached:           129928 kB
MemTotal:        1844596 kB
MemFree:         1527688 kB
MemAvailable:    1545788 kB
Buffers:           16480 kB
Cached:           129256 kB
MemTotal:        1844596 kB
MemFree:         1595724 kB
MemAvailable:    1613824 kB
Buffers:           16480 kB
Cached:           129256 kB
