MemTotal:        1844596 kB
MemFree:         1540720 kB
MemAvailable:    1583264 kB
Buffers:           20132 kB
Cached:           150412 kB
MemTotal:        1844596 kB
MemFree:         1540332 kB
MemAvailable:    1582876 kB
Buffers:           20132 kB
Cached:           150412 kB
MemTotal:        1844596 kB
MemFree:         1535488 kB
MemAvailable:    1578032 kB
Buffers:           20132 kB
Cached:           150412 kB
MemTotal:        1844596 kB
MemFree:         1534992 kB
MemAvailable:    1577536 kB
Buffers:           20132 kB
Cached:           150412 kB
MemTotal:        1844596 kB
MemFree:         1536284 kB
MemAvailable:    1578828 kB
Buffers:           20132 kB
Cached:           150412 kB
MemTotal:        1844596 kB
MemFree:         1534628 kB
MemAvailable:    1577172 kB
Buffers:           20132 kB
Cached:           150412 kB
MemTotal:        1844596 kB
MemFree:         1533892 kB
MemAvailable:    1576436 kB
Buffers:           20132 kB
Cached:           150412 kB
MemTotal:        1844596 kB
MemFree:         1531064 kB
MemAvailable:    1573608 kB
Buffers:           20132 kB
Cached:           150412 kB
MemTotal:        1844596 kB
MemFree:         1527288 kB
MemAvailable:    1569832 kB
Buffers:           20132 kB
Cached:           150412 kB
MemTotal:        1844596 kB
MemFree:         1525304 kB
MemAvailable:    1567848 kB
Buffers:           20132 kB
Cached:           150412 kB
MemTotal:        1844596 kB
MemFree:         1525196 kB
MemAvailable:    1567740 kB
Buffers:           20132 kB
Cached:           150412 kB
MemTotal:        1844596 kB
MemFree:         1525196 kB
MemAvailable:    1567740 kB
Buffers:           20132 kB
Cached:           150412 kB
MemTotal:        1844596 kB
MemFree:         1525320 kB
MemAvailable:    1567864 kB
Buffers:           20132 kB
Cached:           150412 kB
MemTotal:        1844596 kB
MemFree:         1525312 kB
MemAvailable:    1567856 kB
Buffers:           20132 kB
Cached:           150412 kB
MemTotal:        1844596 kB
MemFree:         1526360 kB
MemAvailable:    1568904 kB
Buffers:           20132 kB
Cached:           150412 kB
MemTotal:        1844596 kB
MemFree:         1526040 kB
MemAvailable:    1568584 kB
Buffers:           20132 kB
Cached:           150412 kB
MemTotal:        1844596 kB
MemFree:         1524804 kB
MemAvailable:    1567348 kB
Buffers:           20132 kB
Cached:           150412 kB
MemTotal:        1844596 kB
MemFree:         1524988 kB
MemAvailable:    1567532 kB
Buffers:           20132 kB
Cached:           150412 kB
MemTotal:        1844596 kB
MemFree:         1524988 kB
MemAvailable:    1567532 kB
Buffers:           20132 kB
Cached:           150412 kB
MemTotal:        1844596 kB
MemFree:         1524304 kB
MemAvailable:    1566848 kB
Buffers:           20132 kB
Cached:           150412 kB
MemTotal:        1844596 kB
MemFree:         1524188 kB
MemAvailable:    1566732 kB
Buffers:           20132 kB
Cached:           150412 kB
MemTotal:        1844596 kB
MemFree:         1524252 kB
MemAvailable:    1566796 kB
Buffers:           20132 kB
Cached:           150412 kB
MemTotal:        1844596 kB
MemFree:         1523940 kB
MemAvailable:    1566484 kB
Buffers:           20132 kB
Cached:           150412 kB
MemTotal:        1844596 kB
MemFree:         1522704 kB
MemAvailable:    1565248 kB
Buffers:           20132 kB
Cached:           150412 kB
MemTotal:        1844596 kB
MemFree:         1524004 kB
MemAvailable:    1566548 kB
Buffers:           20132 kB
Cached:           150412 kB
MemTotal:        1844596 kB
MemFree:         1523212 kB
MemAvailable:    1565756 kB
Buffers:           20132 kB
Cached:           150412 kB
MemTotal:        1844596 kB
MemFree:         1524072 kB
MemAvailable:    1566616 kB
Buffers:           20132 kB
Cached:           150412 kB
MemTotal:        1844596 kB
MemFree:         1523968 kB
MemAvailable:    1566512 kB
Buffers:           20132 kB
Cached:           150412 kB
MemTotal:        1844596 kB
MemFree:         1522764 kB
MemAvailable:    1565308 kB
Buffers:           20132 kB
Cached:           150412 kB
MemTotal:        1844596 kB
MemFree:         1525148 kB
MemAvailable:    1567692 kB
Buffers:           20132 kB
Cached:           150412 kB
MemTotal:        1844596 kB
MemFree:         1525484 kB
MemAvailable:    1568028 kB
Buffers:           20132 kB
Cached:           150412 kB
MemTotal:        1844596 kB
MemFree:         1524436 kB
MemAvailable:    1566980 kB
Buffers:           20132 kB
Cached:           150412 kB
MemTotal:        1844596 kB
MemFree:         1522576 kB
MemAvailable:    1565120 kB
Buffers:           20132 kB
Cached:           150412 kB
MemTotal:        1844596 kB
MemFree:         1521632 kB
MemAvailable:    1564176 kB
Buffers:           20132 kB
Cached:           150412 kB
MemTotal:        1844596 kB
MemFree:         1520268 kB
MemAvailable:    1562812 kB
Buffers:           20132 kB
Cached:           150412 kB
MemTotal:        1844596 kB
MemFree:         1520956 kB
MemAvailable:    1563500 kB
Buffers:           20132 kB
Cached:           150412 kB
MemTotal:        1844596 kB
MemFree:         1519144 kB
MemAvailable:    1561688 kB
Buffers:           20132 kB
Cached:           150412 kB
MemTotal:        1844596 kB
MemFree:         1519104 kB
MemAvailable:    1561648 kB
Buffers:           20132 kB
Cached:           150412 kB
MemTotal:        1844596 kB
MemFree:         1519036 kB
MemAvailable:    1561580 kB
Buffers:           20132 kB
Cached:           150412 kB
MemTotal:        1844596 kB
MemFree:         1520096 kB
MemAvailable:    1562640 kB
Buffers:           20132 kB
Cached:           150412 kB
MemTotal:        1844596 kB
MemFree:         1520096 kB
MemAvailable:    1562640 kB
Buffers:           20132 kB
Cached:           150412 kB
MemTotal:        1844596 kB
MemFree:         1519840 kB
MemAvailable:    1562384 kB
Buffers:           20132 kB
Cached:           150412 kB
MemTotal:        1844596 kB
MemFree:         1519892 kB
MemAvailable:    1562436 kB
Buffers:           20132 kB
Cached:           150412 kB
MemTotal:        1844596 kB
MemFree:         1519960 kB
MemAvailable:    1562504 kB
Buffers:           20132 kB
Cached:           150412 kB
MemTotal:        1844596 kB
MemFree:         1519532 kB
MemAvailable:    1562076 kB
Buffers:           20132 kB
Cached:           150412 kB
MemTotal:        1844596 kB
MemFree:         1519788 kB
MemAvailable:    1562332 kB
Buffers:           20132 kB
Cached:           150412 kB
MemTotal:        1844596 kB
MemFree:         1519104 kB
MemAvailable:    1561648 kB
Buffers:           20132 kB
Cached:           150412 kB
MemTotal:        1844596 kB
MemFree:         1518648 kB
MemAvailable:    1561192 kB
Buffers:           20132 kB
Cached:           150412 kB
MemTotal:        1844596 kB
MemFree:         1517668 kB
MemAvailable:    1560212 kB
Buffers:           20132 kB
Cached:           150412 kB
MemTotal:        1844596 kB
MemFree:         1519052 kB
MemAvailable:    1561596 kB
Buffers:           20132 kB
Cached:           150412 kB
MemTotal:        1844596 kB
MemFree:         1517496 kB
MemAvailable:    1560040 kB
Buffers:           20132 kB
Cached:           150412 kB
MemTotal:        1844596 kB
MemFree:         1518728 kB
MemAvailable:    1561272 kB
Buffers:           20132 kB
Cached:           150412 kB
MemTotal:        1844596 kB
MemFree:         1518984 kB
MemAvailable:    1561528 kB
Buffers:           20132 kB
Cached:           150412 kB
MemTotal:        1844596 kB
MemFree:         1518956 kB
MemAvailable:    1561500 kB
Buffers:           20132 kB
Cached:           150412 kB
MemTotal:        1844596 kB
MemFree:         1517648 kB
MemAvailable:    1560192 kB
Buffers:           20132 kB
Cached:           150412 kB
MemTotal:        1844596 kB
MemFree:         1517524 kB
MemAvailable:    1560068 kB
Buffers:           20132 kB
Cached:           150412 kB
MemTotal:        1844596 kB
MemFree:         1517524 kB
MemAvailable:    1560068 kB
Buffers:           20132 kB
Cached:           150412 kB
MemTotal:        1844596 kB
MemFree:         1517732 kB
MemAvailable:    1560276 kB
Buffers:           20132 kB
Cached:           150412 kB
MemTotal:        1844596 kB
MemFree:         1518608 kB
MemAvailable:    1561152 kB
Buffers:           20132 kB
Cached:           150412 kB
MemTotal:        1844596 kB
MemFree:         1518500 kB
MemAvailable:    1561044 kB
Buffers:           20132 kB
Cached:           150412 kB
MemTotal:        1844596 kB
MemFree:         1518368 kB
MemAvailable:    1560912 kB
Buffers:           20132 kB
Cached:           150412 kB
MemTotal:        1844596 kB
MemFree:         1518280 kB
MemAvailable:    1560824 kB
Buffers:           20132 kB
Cached:           150412 kB
MemTotal:        1844596 kB
MemFree:         1518176 kB
MemAvailable:    1560720 kB
Buffers:           20132 kB
Cached:           150412 kB
MemTotal:        1844596 kB
MemFree:         1516812 kB
MemAvailable:    1559356 kB
Buffers:           20132 kB
Cached:           150412 kB
MemTotal:        1844596 kB
MemFree:         1518004 kB
MemAvailable:    1560548 kB
Buffers:           20132 kB
Cached:           150412 kB
MemTotal:        1844596 kB
MemFree:         1516936 kB
MemAvailable:    1559480 kB
Buffers:           20132 kB
Cached:           150412 kB
MemTotal:        1844596 kB
MemFree:         1517916 kB
MemAvailable:    1560460 kB
Buffers:           20132 kB
Cached:           150412 kB
MemTotal:        1844596 kB
MemFree:         1517844 kB
MemAvailable:    1560388 kB
Buffers:           20132 kB
Cached:           150412 kB
MemTotal:        1844596 kB
MemFree:         1516300 kB
MemAvailable:    1558844 kB
Buffers:           20132 kB
Cached:           150412 kB
MemTotal:        1844596 kB
MemFree:         1517744 kB
MemAvailable:    1560288 kB
Buffers:           20132 kB
Cached:           150412 kB
MemTotal:        1844596 kB
MemFree:         1516508 kB
MemAvailable:    1559052 kB
Buffers:           20132 kB
Cached:           150412 kB
MemTotal:        1844596 kB
MemFree:         1517968 kB
MemAvailable:    1560512 kB
Buffers:           20132 kB
Cached:           150412 kB
MemTotal:        1844596 kB
MemFree:         1517932 kB
MemAvailable:    1560476 kB
Buffers:           20132 kB
Cached:           150412 kB
MemTotal:        1844596 kB
MemFree:         1517668 kB
MemAvailable:    1560212 kB
Buffers:           20132 kB
Cached:           150412 kB
MemTotal:        1844596 kB
MemFree:         1515624 kB
MemAvailable:    1558168 kB
Buffers:           20132 kB
Cached:           150412 kB
MemTotal:        1844596 kB
MemFree:         1513092 kB
MemAvailable:    1555652 kB
Buffers:           20132 kB
Cached:           150428 kB
MemTotal:        1844596 kB
MemFree:         1512176 kB
MemAvailable:    1554736 kB
Buffers:           20132 kB
Cached:           150428 kB
MemTotal:        1844596 kB
MemFree:         1509612 kB
MemAvailable:    1552172 kB
Buffers:           20132 kB
Cached:           150428 kB
MemTotal:        1844596 kB
MemFree:         1510672 kB
MemAvailable:    1553232 kB
Buffers:           20132 kB
Cached:           150428 kB
MemTotal:        1844596 kB
MemFree:         1509356 kB
MemAvailable:    1551916 kB
Buffers:           20132 kB
Cached:           150428 kB
MemTotal:        1844596 kB
MemFree:         1508612 kB
MemAvailable:    1551172 kB
Buffers:           20132 kB
Cached:           150428 kB
MemTotal:        1844596 kB
MemFree:         1509936 kB
MemAvailable:    1552496 kB
Buffers:           20132 kB
Cached:           150428 kB
MemTotal:        1844596 kB
MemFree:         1508688 kB
MemAvailable:    1551248 kB
Buffers:           20132 kB
Cached:           150428 kB
MemTotal:        1844596 kB
MemFree:         1510032 kB
MemAvailable:    1552592 kB
Buffers:           20132 kB
Cached:           150428 kB
MemTotal:        1844596 kB
MemFree:         1509792 kB
MemAvailable:    1552352 kB
Buffers:           20132 kB
Cached:           150428 kB
MemTotal:        1844596 kB
MemFree:         1510048 kB
MemAvailable:    1552608 kB
Buffers:           20132 kB
Cached:           150428 kB
MemTotal:        1844596 kB
MemFree:         1508544 kB
MemAvailable:    1551104 kB
Buffers:           20132 kB
Cached:           150428 kB
MemTotal:        1844596 kB
MemFree:         1510116 kB
MemAvailable:    1552676 kB
Buffers:           20132 kB
Cached:           150428 kB
MemTotal:        1844596 kB
MemFree:         1508612 kB
MemAvailable:    1551172 kB
Buffers:           20132 kB
Cached:           150428 kB
MemTotal:        1844596 kB
MemFree:         1509796 kB
MemAvailable:    1552356 kB
Buffers:           20132 kB
Cached:           150428 kB
MemTotal:        1844596 kB
MemFree:         1508560 kB
MemAvailable:    1551120 kB
Buffers:           20132 kB
Cached:           150428 kB
MemTotal:        1844596 kB
MemFree:         1509860 kB
MemAvailable:    1552420 kB
Buffers:           20132 kB
Cached:           150428 kB
MemTotal:        1844596 kB
MemFree:         1509860 kB
MemAvailable:    1552420 kB
Buffers:           20132 kB
Cached:           150428 kB
MemTotal:        1844596 kB
MemFree:         1508684 kB
MemAvailable:    1551244 kB
Buffers:           20132 kB
Cached:           150428 kB
MemTotal:        1844596 kB
MemFree:         1509432 kB
MemAvailable:    1551992 kB
Buffers:           20132 kB
Cached:           150428 kB
MemTotal:        1844596 kB
MemFree:         1507744 kB
MemAvailable:    1550304 kB
Buffers:           20132 kB
Cached:           150428 kB
MemTotal:        1844596 kB
MemFree:         1507864 kB
MemAvailable:    1550424 kB
Buffers:           20132 kB
Cached:           150428 kB
MemTotal:        1844596 kB
MemFree:         1507760 kB
MemAvailable:    1550320 kB
Buffers:           20132 kB
Cached:           150428 kB
MemTotal:        1844596 kB
MemFree:         1507264 kB
MemAvailable:    1549824 kB
Buffers:           20132 kB
Cached:           150428 kB
MemTotal:        1844596 kB
MemFree:         1508380 kB
MemAvailable:    1550940 kB
Buffers:           20132 kB
Cached:           150428 kB
MemTotal:        1844596 kB
MemFree:         1506712 kB
MemAvailable:    1549272 kB
Buffers:           20132 kB
Cached:           150428 kB
MemTotal:        1844596 kB
MemFree:         1505512 kB
MemAvailable:    1548072 kB
Buffers:           20132 kB
Cached:           150428 kB
MemTotal:        1844596 kB
MemFree:         1507068 kB
MemAvailable:    1549628 kB
Buffers:           20132 kB
Cached:           150428 kB
MemTotal:        1844596 kB
MemFree:         1506932 kB
MemAvailable:    1549492 kB
Buffers:           20132 kB
Cached:           150428 kB
MemTotal:        1844596 kB
MemFree:         1507072 kB
MemAvailable:    1549632 kB
Buffers:           20132 kB
Cached:           150428 kB
MemTotal:        1844596 kB
MemFree:         1506504 kB
MemAvailable:    1549064 kB
Buffers:           20132 kB
Cached:           150428 kB
MemTotal:        1844596 kB
MemFree:         1506588 kB
MemAvailable:    1549148 kB
Buffers:           20132 kB
Cached:           150428 kB
MemTotal:        1844596 kB
MemFree:         1505132 kB
MemAvailable:    1547692 kB
Buffers:           20132 kB
Cached:           150428 kB
MemTotal:        1844596 kB
MemFree:         1506008 kB
MemAvailable:    1548568 kB
Buffers:           20132 kB
Cached:           150428 kB
MemTotal:        1844596 kB
MemFree:         1506344 kB
MemAvailable:    1548904 kB
Buffers:           20132 kB
Cached:           150428 kB
MemTotal:        1844596 kB
MemFree:         1505024 kB
MemAvailable:    1547584 kB
Buffers:           20132 kB
Cached:           150428 kB
MemTotal:        1844596 kB
MemFree:         1506072 kB
MemAvailable:    1548632 kB
Buffers:           20132 kB
Cached:           150428 kB
MemTotal:        1844596 kB
MemFree:         1505156 kB
MemAvailable:    1547716 kB
Buffers:           20132 kB
Cached:           150428 kB
MemTotal:        1844596 kB
MemFree:         1504720 kB
MemAvailable:    1547280 kB
Buffers:           20132 kB
Cached:           150428 kB
MemTotal:        1844596 kB
MemFree:         1506028 kB
MemAvailable:    1548588 kB
Buffers:           20132 kB
Cached:           150428 kB
MemTotal:        1844596 kB
MemFree:         1504852 kB
MemAvailable:    1547412 kB
Buffers:           20132 kB
Cached:           150428 kB
MemTotal:        1844596 kB
MemFree:         1505644 kB
MemAvailable:    1548204 kB
Buffers:           20132 kB
Cached:           150428 kB
MemTotal:        1844596 kB
MemFree:         1504792 kB
MemAvailable:    1547352 kB
Buffers:           20132 kB
Cached:           150428 kB
MemTotal:        1844596 kB
MemFree:         1504272 kB
MemAvailable:    1546832 kB
Buffers:           20132 kB
Cached:           150428 kB
MemTotal:        1844596 kB
MemFree:         1500552 kB
MemAvailable:    1543112 kB
Buffers:           20132 kB
Cached:           150428 kB
MemTotal:        1844596 kB
MemFree:         1500552 kB
MemAvailable:    1543112 kB
Buffers:           20132 kB
Cached:           150428 kB
MemTotal:        1844596 kB
MemFree:         1499148 kB
MemAvailable:    1541708 kB
Buffers:           20132 kB
Cached:           150428 kB
MemTotal:        1844596 kB
MemFree:         1500448 kB
MemAvailable:    1543008 kB
Buffers:           20132 kB
Cached:           150428 kB
MemTotal:        1844596 kB
MemFree:         1499328 kB
MemAvailable:    1541888 kB
Buffers:           20132 kB
Cached:           150428 kB
MemTotal:        1844596 kB
MemFree:         1500044 kB
MemAvailable:    1542604 kB
Buffers:           20132 kB
Cached:           150428 kB
MemTotal:        1844596 kB
MemFree:         1500296 kB
MemAvailable:    1542856 kB
Buffers:           20132 kB
Cached:           150428 kB
MemTotal:        1844596 kB
MemFree:         1499876 kB
MemAvailable:    1542436 kB
Buffers:           20132 kB
Cached:           150428 kB
MemTotal:        1844596 kB
MemFree:         1500128 kB
MemAvailable:    1542688 kB
Buffers:           20132 kB
Cached:           150428 kB
MemTotal:        1844596 kB
MemFree:         1499748 kB
MemAvailable:    1542308 kB
Buffers:           20132 kB
Cached:           150428 kB
MemTotal:        1844596 kB
MemFree:         1499452 kB
MemAvailable:    1542012 kB
Buffers:           20132 kB
Cached:           150428 kB
MemTotal:        1844596 kB
MemFree:         1497080 kB
MemAvailable:    1539640 kB
Buffers:           20132 kB
Cached:           150428 kB
MemTotal:        1844596 kB
MemFree:         1496724 kB
MemAvailable:    1539284 kB
Buffers:           20132 kB
Cached:           150428 kB
MemTotal:        1844596 kB
MemFree:         1496960 kB
MemAvailable:    1539520 kB
Buffers:           20132 kB
Cached:           150428 kB
MemTotal:        1844596 kB
MemFree:         1495732 kB
MemAvailable:    1538292 kB
Buffers:           20132 kB
Cached:           150428 kB
MemTotal:        1844596 kB
MemFree:         1497032 kB
MemAvailable:    1539592 kB
Buffers:           20132 kB
Cached:           150428 kB
MemTotal:        1844596 kB
MemFree:         1496964 kB
MemAvailable:    1539524 kB
Buffers:           20132 kB
Cached:           150428 kB
MemTotal:        1844596 kB
MemFree:         1497180 kB
MemAvailable:    1539740 kB
Buffers:           20132 kB
Cached:           150428 kB
MemTotal:        1844596 kB
MemFree:         1499060 kB
MemAvailable:    1541620 kB
Buffers:           20132 kB
Cached:           150428 kB
MemTotal:        1844596 kB
MemFree:         1498692 kB
MemAvailable:    1541252 kB
Buffers:           20132 kB
Cached:           150428 kB
MemTotal:        1844596 kB
MemFree:         1497676 kB
MemAvailable:    1540236 kB
Buffers:           20132 kB
Cached:           150428 kB
MemTotal:        1844596 kB
MemFree:         1498648 kB
MemAvailable:    1541460 kB
Buffers:           20132 kB
Cached:           150676 kB
MemTotal:        1844596 kB
MemFree:         1498816 kB
MemAvailable:    1541628 kB
Buffers:           20132 kB
Cached:           150676 kB
MemTotal:        1844596 kB
MemFree:         1498312 kB
MemAvailable:    1541292 kB
Buffers:           20132 kB
Cached:           150800 kB
MemTotal:        1844596 kB
MemFree:         1498648 kB
MemAvailable:    1541628 kB
Buffers:           20132 kB
Cached:           150800 kB
MemTotal:        1844596 kB
MemFree:         1497196 kB
MemAvailable:    1540260 kB
Buffers:           20132 kB
Cached:           150924 kB
MemTotal:        1844596 kB
MemFree:         1498504 kB
MemAvailable:    1541652 kB
Buffers:           20132 kB
Cached:           151048 kB
MemTotal:        1844596 kB
MemFree:         1498248 kB
MemAvailable:    1541396 kB
Buffers:           20132 kB
Cached:           151048 kB
MemTotal:        1844596 kB
MemFree:         1497220 kB
MemAvailable:    1540368 kB
Buffers:           20132 kB
Cached:           151048 kB
MemTotal:        1844596 kB
MemFree:         1498060 kB
MemAvailable:    1541208 kB
Buffers:           20132 kB
Cached:           151048 kB
MemTotal:        1844596 kB
MemFree:         1498396 kB
MemAvailable:    1541544 kB
Buffers:           20132 kB
Cached:           151048 kB
MemTotal:        1844596 kB
MemFree:         1496944 kB
MemAvailable:    1540092 kB
Buffers:           20132 kB
Cached:           151048 kB
MemTotal:        1844596 kB
MemFree:         1498016 kB
MemAvailable:    1541164 kB
Buffers:           20132 kB
Cached:           151048 kB
MemTotal:        1844596 kB
MemFree:         1498272 kB
MemAvailable:    1541420 kB
Buffers:           20132 kB
Cached:           151048 kB
MemTotal:        1844596 kB
MemFree:         1498496 kB
MemAvailable:    1541116 kB
Buffers:           20132 kB
Cached:           150440 kB
MemTotal:        1844596 kB
MemFree:         1498320 kB
MemAvailable:    1540940 kB
Buffers:           20132 kB
Cached:           150440 kB
MemTotal:        1844596 kB
MemFree:         1567180 kB
MemAvailable:    1609756 kB
Buffers:           20132 kB
Cached:           150444 kB
