MemTotal:        1844596 kB
MemFree:         1543840 kB
MemAvailable:    1583816 kB
Buffers:           19732 kB
Cached:           148444 kB
MemTotal:        1844596 kB
MemFree:         1540856 kB
MemAvailable:    1580832 kB
Buffers:           19732 kB
Cached:           148444 kB
MemTotal:        1844596 kB
MemFree:         1539740 kB
MemAvailable:    1579716 kB
Buffers:           19732 kB
Cached:           148444 kB
MemTotal:        1844596 kB
MemFree:         1539732 kB
MemAvailable:    1579708 kB
Buffers:           19732 kB
Cached:           148444 kB
MemTotal:        1844596 kB
MemFree:         1538444 kB
MemAvailable:    1578420 kB
Buffers:           19732 kB
Cached:           148444 kB
MemTotal:        1844596 kB
MemFree:         1536764 kB
MemAvailable:    1576740 kB
Buffers:           19732 kB
Cached:           148444 kB
MemTotal:        1844596 kB
MemFree:         1536848 kB
MemAvailable:    1576824 kB
Buffers:           19732 kB
Cached:           148444 kB
MemTotal:        1844596 kB
MemFree:         1532540 kB
MemAvailable:    1572516 kB
Buffers:           19732 kB
Cached:           148444 kB
MemTotal:        1844596 kB
MemFree:         1532752 kB
MemAvailable:    1572728 kB
Buffers:           19732 kB
Cached:           148444 kB
MemTotal:        1844596 kB
MemFree:         1527284 kB
MemAvailable:    1567260 kB
Buffers:           19732 kB
Cached:           148444 kB
MemTotal:        1844596 kB
MemFree:         1526936 kB
MemAvailable:    1566912 kB
Buffers:           19732 kB
Cached:           148444 kB
MemTotal:        1844596 kB
MemFree:         1528152 kB
MemAvailable:    1568128 kB
Buffers:           19732 kB
Cached:           148444 kB
MemTotal:        1844596 kB
MemFree:         1526976 kB
MemAvailable:    1566952 kB
Buffers:           19732 kB
Cached:           148444 kB
MemTotal:        1844596 kB
MemFree:         1527092 kB
MemAvailable:    1567068 kB
Buffers:           19732 kB
Cached:           148444 kB
MemTotal:        1844596 kB
MemFree:         1528208 kB
MemAvailable:    1568184 kB
Buffers:           19732 kB
Cached:           148444 kB
MemTotal:        1844596 kB
MemFree:         1528208 kB
MemAvailable:    1568184 kB
Buffers:           19732 kB
Cached:           148444 kB
MemTotal:        1844596 kB
MemFree:         1526960 kB
MemAvailable:    1566936 kB
Buffers:           19732 kB
Cached:           148444 kB
MemTotal:        1844596 kB
MemFree:         1526960 kB
MemAvailable:    1566936 kB
Buffers:           19732 kB
Cached:           148444 kB
MemTotal:        1844596 kB
MemFree:         1524984 kB
MemAvailable:    1564960 kB
Buffers:           19732 kB
Cached:           148444 kB
MemTotal:        1844596 kB
MemFree:         1524992 kB
MemAvailable:    1564968 kB
Buffers:           19732 kB
Cached:           148444 kB
MemTotal:        1844596 kB
MemFree:         1525792 kB
MemAvailable:    1565768 kB
Buffers:           19732 kB
Cached:           148444 kB
MemTotal:        1844596 kB
MemFree:         1526044 kB
MemAvailable:    1566020 kB
Buffers:           19732 kB
Cached:           148444 kB
MemTotal:        1844596 kB
MemFree:         1524556 kB
MemAvailable:    1564532 kB
Buffers:           19732 kB
Cached:           148444 kB
MemTotal:        1844596 kB
MemFree:         1525796 kB
MemAvailable:    1565772 kB
Buffers:           19732 kB
Cached:           148444 kB
MemTotal:        1844596 kB
MemFree:         1525600 kB
MemAvailable:    1565576 kB
Buffers:           19732 kB
Cached:           148444 kB
MemTotal:        1844596 kB
MemFree:         1525576 kB
MemAvailable:    1565552 kB
Buffers:           19732 kB
Cached:           148444 kB
MemTotal:        1844596 kB
MemFree:         1524464 kB
MemAvailable:    1564440 kB
Buffers:           19732 kB
Cached:           148444 kB
MemTotal:        1844596 kB
MemFree:         1525840 kB
MemAvailable:    1565820 kB
Buffers:           19732 kB
Cached:           148448 kB
MemTotal:        1844596 kB
MemFree:         1525904 kB
MemAvailable:    1565884 kB
Buffers:           19732 kB
Cached:           148448 kB
MemTotal:        1844596 kB
MemFree:         1525968 kB
MemAvailable:    1565948 kB
Buffers:           19732 kB
Cached:           148448 kB
MemTotal:        1844596 kB
MemFree:         1525364 kB
MemAvailable:    1565344 kB
Buffers:           19732 kB
Cached:           148448 kB
MemTotal:        1844596 kB
MemFree:         1524736 kB
MemAvailable:    1564716 kB
Buffers:           19732 kB
Cached:           148448 kB
MemTotal:        1844596 kB
MemFree:         1523556 kB
MemAvailable:    1563536 kB
Buffers:           19732 kB
Cached:           148448 kB
MemTotal:        1844596 kB
MemFree:         1523068 kB
MemAvailable:    1563048 kB
Buffers:           19732 kB
Cached:           148448 kB
MemTotal:        1844596 kB
MemFree:         1522868 kB
MemAvailable:    1562848 kB
Buffers:           19732 kB
Cached:           148448 kB
MemTotal:        1844596 kB
MemFree:         1522620 kB
MemAvailable:    1562600 kB
Buffers:           19732 kB
Cached:           148448 kB
MemTotal:        1844596 kB
MemFree:         1521076 kB
MemAvailable:    1561056 kB
Buffers:           19732 kB
Cached:           148448 kB
MemTotal:        1844596 kB
MemFree:         1521696 kB
MemAvailable:    1561676 kB
Buffers:           19732 kB
Cached:           148448 kB
MemTotal:        1844596 kB
MemFree:         1520480 kB
MemAvailable:    1560460 kB
Buffers:           19732 kB
Cached:           148448 kB
MemTotal:        1844596 kB
MemFree:         1521596 kB
MemAvailable:    1561576 kB
Buffers:           19732 kB
Cached:           148448 kB
MemTotal:        1844596 kB
MemFree:         1520512 kB
MemAvailable:    1560492 kB
Buffers:           19732 kB
Cached:           148448 kB
MemTotal:        1844596 kB
MemFree:         1521316 kB
MemAvailable:    1561296 kB
Buffers:           19732 kB
Cached:           148448 kB
MemTotal:        1844596 kB
MemFree:         1521652 kB
MemAvailable:    1561632 kB
Buffers:           19732 kB
Cached:           148448 kB
MemTotal:        1844596 kB
MemFree:         1520200 kB
MemAvailable:    1560180 kB
Buffers:           19732 kB
Cached:           148448 kB
MemTotal:        1844596 kB
MemFree:         1521460 kB
MemAvailable:    1561440 kB
Buffers:           19732 kB
Cached:           148448 kB
MemTotal:        1844596 kB
MemFree:         1520736 kB
MemAvailable:    1560716 kB
Buffers:           19732 kB
Cached:           148448 kB
MemTotal:        1844596 kB
MemFree:         1519660 kB
MemAvailable:    1559640 kB
Buffers:           19732 kB
Cached:           148448 kB
MemTotal:        1844596 kB
MemFree:         1520760 kB
MemAvailable:    1560740 kB
Buffers:           19732 kB
Cached:           148448 kB
MemTotal:        1844596 kB
MemFree:         1519256 kB
MemAvailable:    1559236 kB
Buffers:           19732 kB
Cached:           148448 kB
MemTotal:        1844596 kB
MemFree:         1520688 kB
MemAvailable:    1560668 kB
Buffers:           19732 kB
Cached:           148448 kB
MemTotal:        1844596 kB
MemFree:         1520488 kB
MemAvailable:    1560468 kB
Buffers:           19732 kB
Cached:           148448 kB
MemTotal:        1844596 kB
MemFree:         1520280 kB
MemAvailable:    1560260 kB
Buffers:           19732 kB
Cached:           148448 kB
MemTotal:        1844596 kB
MemFree:         1520700 kB
MemAvailable:    1560680 kB
Buffers:           19732 kB
Cached:           148448 kB
MemTotal:        1844596 kB
MemFree:         1519352 kB
MemAvailable:    1559332 kB
Buffers:           19732 kB
Cached:           148448 kB
MemTotal:        1844596 kB
MemFree:         1520816 kB
MemAvailable:    1560796 kB
Buffers:           19732 kB
Cached:           148448 kB
MemTotal:        1844596 kB
MemFree:         1519464 kB
MemAvailable:    1559444 kB
Buffers:           19732 kB
Cached:           148448 kB
MemTotal:        1844596 kB
MemFree:         1519280 kB
MemAvailable:    1559260 kB
Buffers:           19732 kB
Cached:           148448 kB
MemTotal:        1844596 kB
MemFree:         1520652 kB
MemAvailable:    1560632 kB
Buffers:           19732 kB
Cached:           148448 kB
MemTotal:        1844596 kB
MemFree:         1519280 kB
MemAvailable:    1559260 kB
Buffers:           19732 kB
Cached:           148448 kB
MemTotal:        1844596 kB
MemFree:         1519024 kB
MemAvailable:    1559004 kB
Buffers:           19732 kB
Cached:           148448 kB
MemTotal:        1844596 kB
MemFree:         1520132 kB
MemAvailable:    1560112 kB
Buffers:           19732 kB
Cached:           148448 kB
MemTotal:        1844596 kB
MemFree:         1519816 kB
MemAvailable:    1559796 kB
Buffers:           19732 kB
Cached:           148448 kB
MemTotal:        1844596 kB
MemFree:         1519536 kB
MemAvailable:    1559516 kB
Buffers:           19732 kB
Cached:           148448 kB
MemTotal:        1844596 kB
MemFree:         1519728 kB
MemAvailable:    1559708 kB
Buffers:           19732 kB
Cached:           148448 kB
MemTotal:        1844596 kB
MemFree:         1518480 kB
MemAvailable:    1558460 kB
Buffers:           19732 kB
Cached:           148448 kB
MemTotal:        1844596 kB
MemFree:         1518348 kB
MemAvailable:    1558328 kB
Buffers:           19732 kB
Cached:           148448 kB
MemTotal:        1844596 kB
MemFree:         1519692 kB
MemAvailable:    1559672 kB
Buffers:           19732 kB
Cached:           148448 kB
MemTotal:        1844596 kB
MemFree:         1519692 kB
MemAvailable:    1559672 kB
Buffers:           19732 kB
Cached:           148448 kB
MemTotal:        1844596 kB
MemFree:         1518504 kB
MemAvailable:    1558484 kB
Buffers:           19732 kB
Cached:           148448 kB
MemTotal:        1844596 kB
MemFree:         1519780 kB
MemAvailable:    1559760 kB
Buffers:           19732 kB
Cached:           148448 kB
MemTotal:        1844596 kB
MemFree:         1519776 kB
MemAvailable:    1559756 kB
Buffers:           19732 kB
Cached:           148448 kB
MemTotal:        1844596 kB
MemFree:         1519620 kB
MemAvailable:    1559600 kB
Buffers:           19732 kB
Cached:           148448 kB
MemTotal:        1844596 kB
MemFree:         1519744 kB
MemAvailable:    1559724 kB
Buffers:           19732 kB
Cached:           148448 kB
MemTotal:        1844596 kB
MemFree:         1517800 kB
MemAvailable:    1557780 kB
Buffers:           19732 kB
Cached:           148448 kB
MemTotal:        1844596 kB
MemFree:         1516792 kB
MemAvailable:    1556772 kB
Buffers:           19732 kB
Cached:           148448 kB
MemTotal:        1844596 kB
MemFree:         1516312 kB
MemAvailable:    1556292 kB
Buffers:           19732 kB
Cached:           148448 kB
MemTotal:        1844596 kB
MemFree:         1512220 kB
MemAvailable:    1552200 kB
Buffers:           19732 kB
Cached:           148448 kB
MemTotal:        1844596 kB
MemFree:         1512016 kB
MemAvailable:    1551996 kB
Buffers:           19732 kB
Cached:           148448 kB
MemTotal:        1844596 kB
MemFree:         1512144 kB
MemAvailable:    1552124 kB
Buffers:           19732 kB
Cached:           148448 kB
MemTotal:        1844596 kB
MemFree:         1512032 kB
MemAvailable:    1552012 kB
Buffers:           19732 kB
Cached:           148448 kB
MemTotal:        1844596 kB
MemFree:         1511844 kB
MemAvailable:    1551824 kB
Buffers:           19732 kB
Cached:           148448 kB
MemTotal:        1844596 kB
MemFree:         1510412 kB
MemAvailable:    1550392 kB
Buffers:           19732 kB
Cached:           148448 kB
MemTotal:        1844596 kB
MemFree:         1511680 kB
MemAvailable:    1551660 kB
Buffers:           19732 kB
Cached:           148448 kB
MemTotal:        1844596 kB
MemFree:         1511600 kB
MemAvailable:    1551580 kB
Buffers:           19732 kB
Cached:           148448 kB
MemTotal:        1844596 kB
MemFree:         1511404 kB
MemAvailable:    1551384 kB
Buffers:           19732 kB
Cached:           148448 kB
MemTotal:        1844596 kB
MemFree:         1511488 kB
MemAvailable:    1551468 kB
Buffers:           19732 kB
Cached:           148448 kB
MemTotal:        1844596 kB
MemFree:         1511716 kB
MemAvailable:    1551696 kB
Buffers:           19732 kB
Cached:           148448 kB
MemTotal:        1844596 kB
MemFree:         1510584 kB
MemAvailable:    1550564 kB
Buffers:           19732 kB
Cached:           148448 kB
MemTotal:        1844596 kB
MemFree:         1510328 kB
MemAvailable:    1550308 kB
Buffers:           19732 kB
Cached:           148448 kB
MemTotal:        1844596 kB
MemFree:         1511712 kB
MemAvailable:    1551692 kB
Buffers:           19732 kB
Cached:           148448 kB
MemTotal:        1844596 kB
MemFree:         1511660 kB
MemAvailable:    1551640 kB
Buffers:           19732 kB
Cached:           148448 kB
MemTotal:        1844596 kB
MemFree:         1511636 kB
MemAvailable:    1551616 kB
Buffers:           19732 kB
Cached:           148448 kB
MemTotal:        1844596 kB
MemFree:         1511732 kB
MemAvailable:    1551712 kB
Buffers:           19732 kB
Cached:           148448 kB
MemTotal:        1844596 kB
MemFree:         1511088 kB
MemAvailable:    1551068 kB
Buffers:           19732 kB
Cached:           148448 kB
MemTotal:        1844596 kB
MemFree:         1511344 kB
MemAvailable:    1551324 kB
Buffers:           19732 kB
Cached:           148448 kB
MemTotal:        1844596 kB
MemFree:         1509856 kB
MemAvailable:    1549836 kB
Buffers:           19732 kB
Cached:           148448 kB
MemTotal:        1844596 kB
MemFree:         1510544 kB
MemAvailable:    1550536 kB
Buffers:           19732 kB
Cached:           148460 kB
MemTotal:        1844596 kB
MemFree:         1509120 kB
MemAvailable:    1549112 kB
Buffers:           19732 kB
Cached:           148460 kB
MemTotal:        1844596 kB
MemFree:         1510352 kB
MemAvailable:    1550344 kB
Buffers:           19732 kB
Cached:           148460 kB
MemTotal:        1844596 kB
MemFree:         1508856 kB
MemAvailable:    1548848 kB
Buffers:           19732 kB
Cached:           148460 kB
MemTotal:        1844596 kB
MemFree:         1508940 kB
MemAvailable:    1548932 kB
Buffers:           19732 kB
Cached:           148460 kB
MemTotal:        1844596 kB
MemFree:         1509040 kB
MemAvailable:    1549032 kB
Buffers:           19732 kB
Cached:           148460 kB
MemTotal:        1844596 kB
MemFree:         1507004 kB
MemAvailable:    1546996 kB
Buffers:           19732 kB
Cached:           148460 kB
MemTotal:        1844596 kB
MemFree:         1507260 kB
MemAvailable:    1547252 kB
Buffers:           19732 kB
Cached:           148460 kB
MemTotal:        1844596 kB
MemFree:         1508060 kB
MemAvailable:    1548052 kB
Buffers:           19732 kB
Cached:           148460 kB
MemTotal:        1844596 kB
MemFree:         1508312 kB
MemAvailable:    1548304 kB
Buffers:           19732 kB
Cached:           148460 kB
MemTotal:        1844596 kB
MemFree:         1508048 kB
MemAvailable:    1548040 kB
Buffers:           19732 kB
Cached:           148460 kB
MemTotal:        1844596 kB
MemFree:         1507792 kB
MemAvailable:    1547784 kB
Buffers:           19732 kB
Cached:           148460 kB
MemTotal:        1844596 kB
MemFree:         1507912 kB
MemAvailable:    1547904 kB
Buffers:           19732 kB
Cached:           148460 kB
MemTotal:        1844596 kB
MemFree:         1506604 kB
MemAvailable:    1546596 kB
Buffers:           19732 kB
Cached:           148460 kB
MemTotal:        1844596 kB
MemFree:         1507664 kB
MemAvailable:    1547656 kB
Buffers:           19732 kB
Cached:           148460 kB
MemTotal:        1844596 kB
MemFree:         1508004 kB
MemAvailable:    1547996 kB
Buffers:           19732 kB
Cached:           148460 kB
MemTotal:        1844596 kB
MemFree:         1507560 kB
MemAvailable:    1547552 kB
Buffers:           19732 kB
Cached:           148460 kB
MemTotal:        1844596 kB
MemFree:         1507896 kB
MemAvailable:    1547888 kB
Buffers:           19732 kB
Cached:           148460 kB
MemTotal:        1844596 kB
MemFree:         1507568 kB
MemAvailable:    1547560 kB
Buffers:           19732 kB
Cached:           148460 kB
MemTotal:        1844596 kB
MemFree:         1506268 kB
MemAvailable:    1546260 kB
Buffers:           19732 kB
Cached:           148460 kB
MemTotal:        1844596 kB
MemFree:         1505028 kB
MemAvailable:    1545020 kB
Buffers:           19732 kB
Cached:           148460 kB
MemTotal:        1844596 kB
MemFree:         1502548 kB
MemAvailable:    1542540 kB
Buffers:           19732 kB
Cached:           148460 kB
MemTotal:        1844596 kB
MemFree:         1501052 kB
MemAvailable:    1541044 kB
Buffers:           19732 kB
Cached:           148460 kB
MemTotal:        1844596 kB
MemFree:         1502476 kB
MemAvailable:    1542468 kB
Buffers:           19732 kB
Cached:           148460 kB
MemTotal:        1844596 kB
MemFree:         1501788 kB
MemAvailable:    1541780 kB
Buffers:           19732 kB
Cached:           148460 kB
MemTotal:        1844596 kB
MemFree:         1501132 kB
MemAvailable:    1541124 kB
Buffers:           19732 kB
Cached:           148460 kB
MemTotal:        1844596 kB
MemFree:         1502036 kB
MemAvailable:    1542028 kB
Buffers:           19732 kB
Cached:           148460 kB
MemTotal:        1844596 kB
MemFree:         1502112 kB
MemAvailable:    1542104 kB
Buffers:           19732 kB
Cached:           148460 kB
MemTotal:        1844596 kB
MemFree:         1500680 kB
MemAvailable:    1540672 kB
Buffers:           19732 kB
Cached:           148460 kB
MemTotal:        1844596 kB
MemFree:         1501796 kB
MemAvailable:    1541788 kB
Buffers:           19732 kB
Cached:           148460 kB
MemTotal:        1844596 kB
MemFree:         1501512 kB
MemAvailable:    1541504 kB
Buffers:           19732 kB
Cached:           148460 kB
MemTotal:        1844596 kB
MemFree:         1501672 kB
MemAvailable:    1541664 kB
Buffers:           19732 kB
Cached:           148460 kB
MemTotal:        1844596 kB
MemFree:         1501672 kB
MemAvailable:    1541664 kB
Buffers:           19732 kB
Cached:           148460 kB
MemTotal:        1844596 kB
MemFree:         1501476 kB
MemAvailable:    1541468 kB
Buffers:           19732 kB
Cached:           148460 kB
MemTotal:        1844596 kB
MemFree:         1500260 kB
MemAvailable:    1540252 kB
Buffers:           19732 kB
Cached:           148460 kB
MemTotal:        1844596 kB
MemFree:         1500624 kB
MemAvailable:    1540616 kB
Buffers:           19732 kB
Cached:           148460 kB
MemTotal:        1844596 kB
MemFree:         1498952 kB
MemAvailable:    1538944 kB
Buffers:           19732 kB
Cached:           148460 kB
MemTotal:        1844596 kB
MemFree:         1498632 kB
MemAvailable:    1538624 kB
Buffers:           19732 kB
Cached:           148460 kB
MemTotal:        1844596 kB
MemFree:         1498428 kB
MemAvailable:    1538420 kB
Buffers:           19732 kB
Cached:           148460 kB
MemTotal:        1844596 kB
MemFree:         1497960 kB
MemAvailable:    1537952 kB
Buffers:           19732 kB
Cached:           148460 kB
MemTotal:        1844596 kB
MemFree:         1498304 kB
MemAvailable:    1538296 kB
Buffers:           19732 kB
Cached:           148460 kB
MemTotal:        1844596 kB
MemFree:         1498640 kB
MemAvailable:    1538632 kB
Buffers:           19732 kB
Cached:           148460 kB
MemTotal:        1844596 kB
MemFree:         1498316 kB
MemAvailable:    1538308 kB
Buffers:           19732 kB
Cached:           148460 kB
MemTotal:        1844596 kB
MemFree:         1498152 kB
MemAvailable:    1538020 kB
Buffers:           19732 kB
Cached:           148460 kB
MemTotal:        1844596 kB
MemFree:         1500440 kB
MemAvailable:    1540432 kB
Buffers:           19732 kB
Cached:           148460 kB
MemTotal:        1844596 kB
MemFree:         1499152 kB
MemAvailable:    1539144 kB
Buffers:           19732 kB
Cached:           148460 kB
MemTotal:        1844596 kB
MemFree:         1500384 kB
MemAvailable:    1540460 kB
Buffers:           19732 kB
Cached:           148584 kB
MemTotal:        1844596 kB
MemFree:         1499996 kB
MemAvailable:    1540324 kB
Buffers:           19732 kB
Cached:           148832 kB
MemTotal:        1844596 kB
MemFree:         1499996 kB
MemAvailable:    1540324 kB
Buffers:           19732 kB
Cached:           148832 kB
MemTotal:        1844596 kB
MemFree:         1499748 kB
MemAvailable:    1540160 kB
Buffers:           19732 kB
Cached:           148956 kB
MemTotal:        1844596 kB
MemFree:         1499572 kB
MemAvailable:    1539984 kB
Buffers:           19732 kB
Cached:           148956 kB
MemTotal:        1844596 kB
MemFree:         1498648 kB
MemAvailable:    1539144 kB
Buffers:           19732 kB
Cached:           149080 kB
MemTotal:        1844596 kB
MemFree:         1498648 kB
MemAvailable:    1539144 kB
Buffers:           19732 kB
Cached:           149080 kB
MemTotal:        1844596 kB
MemFree:         1499948 kB
MemAvailable:    1540528 kB
Buffers:           19732 kB
Cached:           149080 kB
MemTotal:        1844596 kB
MemFree:         1499756 kB
MemAvailable:    1540336 kB
Buffers:           19732 kB
Cached:           149080 kB
MemTotal:        1844596 kB
MemFree:         1499748 kB
MemAvailable:    1540328 kB
Buffers:           19732 kB
Cached:           149080 kB
MemTotal:        1844596 kB
MemFree:         1499740 kB
MemAvailable:    1540320 kB
Buffers:           19732 kB
Cached:           149080 kB
MemTotal:        1844596 kB
MemFree:         1499720 kB
MemAvailable:    1540300 kB
Buffers:           19732 kB
Cached:           149080 kB
MemTotal:        1844596 kB
MemFree:         1500328 kB
MemAvailable:    1540320 kB
Buffers:           19732 kB
Cached:           148448 kB
MemTotal:        1844596 kB
MemFree:         1500496 kB
MemAvailable:    1540488 kB
Buffers:           19732 kB
Cached:           148448 kB
