MemTotal:        1844596 kB
MemFree:         1556096 kB
MemAvailable:    1586892 kB
Buffers:           18348 kB
Cached:           141384 kB
MemTotal:        1844596 kB
MemFree:         1553484 kB
MemAvailable:    1584280 kB
Buffers:           18348 kB
Cached:           141384 kB
MemTotal:        1844596 kB
MemFree:         1551748 kB
MemAvailable:    1582544 kB
Buffers:           18348 kB
Cached:           141384 kB
MemTotal:        1844596 kB
MemFree:         1549772 kB
MemAvailable:    1580568 kB
Buffers:           18348 kB
Cached:           141384 kB
MemTotal:        1844596 kB
MemFree:         1548720 kB
MemAvailable:    1579516 kB
Buffers:           18348 kB
Cached:           141384 kB
MemTotal:        1844596 kB
MemFree:         1548532 kB
MemAvailable:    1579328 kB
Buffers:           18348 kB
Cached:           141384 kB
MemTotal:        1844596 kB
MemFree:         1548408 kB
MemAvailable:    1579204 kB
Buffers:           18348 kB
Cached:           141384 kB
MemTotal:        1844596 kB
MemFree:         1545992 kB
MemAvailable:    1576788 kB
Buffers:           18348 kB
Cached:           141384 kB
MemTotal:        1844596 kB
MemFree:         1544124 kB
MemAvailable:    1574924 kB
Buffers:           18348 kB
Cached:           141388 kB
MemTotal:        1844596 kB
MemFree:         1542892 kB
MemAvailable:    1573692 kB
Buffers:           18348 kB
Cached:           141388 kB
MemTotal:        1844596 kB
MemFree:         1541216 kB
MemAvailable:    1572016 kB
Buffers:           18348 kB
Cached:           141388 kB
MemTotal:        1844596 kB
MemFree:         1537124 kB
MemAvailable:    1567924 kB
Buffers:           18348 kB
Cached:           141388 kB
MemTotal:        1844596 kB
MemFree:         1538408 kB
MemAvailable:    1569208 kB
Buffers:           18348 kB
Cached:           141388 kB
MemTotal:        1844596 kB
MemFree:         1538364 kB
MemAvailable:    1569164 kB
Buffers:           18348 kB
Cached:           141388 kB
MemTotal:        1844596 kB
MemFree:         1538488 kB
MemAvailable:    1569288 kB
Buffers:           18348 kB
Cached:           141388 kB
MemTotal:        1844596 kB
MemFree:         1538380 kB
MemAvailable:    1569180 kB
Buffers:           18348 kB
Cached:           141388 kB
MemTotal:        1844596 kB
MemFree:         1538116 kB
MemAvailable:    1568916 kB
Buffers:           18348 kB
Cached:           141388 kB
MemTotal:        1844596 kB
MemFree:         1538368 kB
MemAvailable:    1569168 kB
Buffers:           18348 kB
Cached:           141388 kB
MemTotal:        1844596 kB
MemFree:         1537000 kB
MemAvailable:    1567800 kB
Buffers:           18348 kB
Cached:           141388 kB
MemTotal:        1844596 kB
MemFree:         1536568 kB
MemAvailable:    1567368 kB
Buffers:           18348 kB
Cached:           141388 kB
MemTotal:        1844596 kB
MemFree:         1536444 kB
MemAvailable:    1567244 kB
Buffers:           18348 kB
Cached:           141388 kB
MemTotal:        1844596 kB
MemFree:         1535196 kB
MemAvailable:    1565996 kB
Buffers:           18348 kB
Cached:           141388 kB
MemTotal:        1844596 kB
MemFree:         1536248 kB
MemAvailable:    1567048 kB
Buffers:           18348 kB
Cached:           141388 kB
MemTotal:        1844596 kB
MemFree:         1535924 kB
MemAvailable:    1566724 kB
Buffers:           18348 kB
Cached:           141388 kB
MemTotal:        1844596 kB
MemFree:         1535708 kB
MemAvailable:    1566508 kB
Buffers:           18348 kB
Cached:           141388 kB
MemTotal:        1844596 kB
MemFree:         1534824 kB
MemAvailable:    1565624 kB
Buffers:           18348 kB
Cached:           141388 kB
MemTotal:        1844596 kB
MemFree:         1534816 kB
MemAvailable:    1565616 kB
Buffers:           18348 kB
Cached:           141388 kB
MemTotal:        1844596 kB
MemFree:         1534700 kB
MemAvailable:    1565500 kB
Buffers:           18348 kB
Cached:           141388 kB
MemTotal:        1844596 kB
MemFree:         1534824 kB
MemAvailable:    1565624 kB
Buffers:           18348 kB
Cached:           141388 kB
MemTotal:        1844596 kB
MemFree:         1534692 kB
MemAvailable:    1565492 kB
Buffers:           18348 kB
Cached:           141388 kB
MemTotal:        1844596 kB
MemFree:         1537204 kB
MemAvailable:    1568004 kB
Buffers:           18348 kB
Cached:           141388 kB
MemTotal:        1844596 kB
MemFree:         1536868 kB
MemAvailable:    1567668 kB
Buffers:           18348 kB
Cached:           141388 kB
MemTotal:        1844596 kB
MemFree:         1536668 kB
MemAvailable:    1567468 kB
Buffers:           18348 kB
Cached:           141388 kB
MemTotal:        1844596 kB
MemFree:         1533220 kB
MemAvailable:    1564020 kB
Buffers:           18348 kB
Cached:           141388 kB
MemTotal:        1844596 kB
MemFree:         1533776 kB
MemAvailable:    1564576 kB
Buffers:           18348 kB
Cached:           141388 kB
MemTotal:        1844596 kB
MemFree:         1532104 kB
MemAvailable:    1562904 kB
Buffers:           18348 kB
Cached:           141388 kB
MemTotal:        1844596 kB
MemFree:         1532784 kB
MemAvailable:    1563584 kB
Buffers:           18348 kB
Cached:           141388 kB
MemTotal:        1844596 kB
MemFree:         1532652 kB
MemAvailable:    1563452 kB
Buffers:           18348 kB
Cached:           141388 kB
MemTotal:        1844596 kB
MemFree:         1531236 kB
MemAvailable:    1562036 kB
Buffers:           18348 kB
Cached:           141388 kB
MemTotal:        1844596 kB
MemFree:         1531908 kB
MemAvailable:    1562712 kB
Buffers:           18348 kB
Cached:           141392 kB
MemTotal:        1844596 kB
MemFree:         1530988 kB
MemAvailable:    1561792 kB
Buffers:           18348 kB
Cached:           141392 kB
MemTotal:        1844596 kB
MemFree:         1530436 kB
MemAvailable:    1561240 kB
Buffers:           18348 kB
Cached:           141392 kB
MemTotal:        1844596 kB
MemFree:         1531736 kB
MemAvailable:    1562540 kB
Buffers:           18348 kB
Cached:           141392 kB
MemTotal:        1844596 kB
MemFree:         1531668 kB
MemAvailable:    1562472 kB
Buffers:           18348 kB
Cached:           141392 kB
MemTotal:        1844596 kB
MemFree:         1531368 kB
MemAvailable:    1562172 kB
Buffers:           18348 kB
Cached:           141392 kB
MemTotal:        1844596 kB
MemFree:         1531744 kB
MemAvailable:    1562548 kB
Buffers:           18348 kB
Cached:           141392 kB
MemTotal:        1844596 kB
MemFree:         1531420 kB
MemAvailable:    1562224 kB
Buffers:           18348 kB
Cached:           141392 kB
MemTotal:        1844596 kB
MemFree:         1531676 kB
MemAvailable:    1562480 kB
Buffers:           18348 kB
Cached:           141392 kB
MemTotal:        1844596 kB
MemFree:         1530048 kB
MemAvailable:    1560852 kB
Buffers:           18348 kB
Cached:           141392 kB
MemTotal:        1844596 kB
MemFree:         1529748 kB
MemAvailable:    1560552 kB
Buffers:           18348 kB
Cached:           141392 kB
MemTotal:        1844596 kB
MemFree:         1529484 kB
MemAvailable:    1560288 kB
Buffers:           18348 kB
Cached:           141392 kB
MemTotal:        1844596 kB
MemFree:         1529568 kB
MemAvailable:    1560372 kB
Buffers:           18348 kB
Cached:           141392 kB
MemTotal:        1844596 kB
MemFree:         1529568 kB
MemAvailable:    1560372 kB
Buffers:           18348 kB
Cached:           141392 kB
MemTotal:        1844596 kB
MemFree:         1529816 kB
MemAvailable:    1560620 kB
Buffers:           18348 kB
Cached:           141392 kB
MemTotal:        1844596 kB
MemFree:         1530844 kB
MemAvailable:    1561648 kB
Buffers:           18348 kB
Cached:           141392 kB
MemTotal:        1844596 kB
MemFree:         1529672 kB
MemAvailable:    1560476 kB
Buffers:           18348 kB
Cached:           141392 kB
MemTotal:        1844596 kB
MemFree:         1530732 kB
MemAvailable:    1561536 kB
Buffers:           18348 kB
Cached:           141392 kB
MemTotal:        1844596 kB
MemFree:         1530796 kB
MemAvailable:    1561600 kB
Buffers:           18348 kB
Cached:           141392 kB
MemTotal:        1844596 kB
MemFree:         1529592 kB
MemAvailable:    1560396 kB
Buffers:           18348 kB
Cached:           141392 kB
MemTotal:        1844596 kB
MemFree:         1529468 kB
MemAvailable:    1560272 kB
Buffers:           18348 kB
Cached:           141392 kB
MemTotal:        1844596 kB
MemFree:         1530236 kB
MemAvailable:    1561040 kB
Buffers:           18348 kB
Cached:           141392 kB
MemTotal:        1844596 kB
MemFree:         1529756 kB
MemAvailable:    1560560 kB
Buffers:           18348 kB
Cached:           141392 kB
MemTotal:        1844596 kB
MemFree:         1530164 kB
MemAvailable:    1560968 kB
Buffers:           18348 kB
Cached:           141392 kB
MemTotal:        1844596 kB
MemFree:         1530124 kB
MemAvailable:    1560928 kB
Buffers:           18348 kB
Cached:           141392 kB
MemTotal:        1844596 kB
MemFree:         1530376 kB
MemAvailable:    1561180 kB
Buffers:           18348 kB
Cached:           141392 kB
MemTotal:        1844596 kB
MemFree:         1528816 kB
MemAvailable:    1559620 kB
Buffers:           18348 kB
Cached:           141392 kB
MemTotal:        1844596 kB
MemFree:         1529860 kB
MemAvailable:    1560664 kB
Buffers:           18348 kB
Cached:           141392 kB
MemTotal:        1844596 kB
MemFree:         1528632 kB
MemAvailable:    1559436 kB
Buffers:           18348 kB
Cached:           141392 kB
MemTotal:        1844596 kB
MemFree:         1529608 kB
MemAvailable:    1560416 kB
Buffers:           18348 kB
Cached:           141396 kB
MemTotal:        1844596 kB
MemFree:         1529624 kB
MemAvailable:    1560432 kB
Buffers:           18348 kB
Cached:           141396 kB
MemTotal:        1844596 kB
MemFree:         1529920 kB
MemAvailable:    1560728 kB
Buffers:           18348 kB
Cached:           141396 kB
MemTotal:        1844596 kB
MemFree:         1528612 kB
MemAvailable:    1559420 kB
Buffers:           18348 kB
Cached:           141396 kB
MemTotal:        1844596 kB
MemFree:         1529872 kB
MemAvailable:    1560680 kB
Buffers:           18348 kB
Cached:           141396 kB
MemTotal:        1844596 kB
MemFree:         1529924 kB
MemAvailable:    1560732 kB
Buffers:           18348 kB
Cached:           141396 kB
MemTotal:        1844596 kB
MemFree:         1529616 kB
MemAvailable:    1560424 kB
Buffers:           18348 kB
Cached:           141396 kB
MemTotal:        1844596 kB
MemFree:         1529756 kB
MemAvailable:    1560564 kB
Buffers:           18348 kB
Cached:           141396 kB
MemTotal:        1844596 kB
MemFree:         1527144 kB
MemAvailable:    1557952 kB
Buffers:           18348 kB
Cached:           141396 kB
MemTotal:        1844596 kB
MemFree:         1526088 kB
MemAvailable:    1556896 kB
Buffers:           18348 kB
Cached:           141396 kB
MemTotal:        1844596 kB
MemFree:         1523656 kB
MemAvailable:    1554464 kB
Buffers:           18348 kB
Cached:           141396 kB
MemTotal:        1844596 kB
MemFree:         1523424 kB
MemAvailable:    1554232 kB
Buffers:           18348 kB
Cached:           141396 kB
MemTotal:        1844596 kB
MemFree:         1522300 kB
MemAvailable:    1553108 kB
Buffers:           18348 kB
Cached:           141396 kB
MemTotal:        1844596 kB
MemFree:         1522556 kB
MemAvailable:    1553364 kB
Buffers:           18348 kB
Cached:           141396 kB
MemTotal:        1844596 kB
MemFree:         1521880 kB
MemAvailable:    1552688 kB
Buffers:           18348 kB
Cached:           141396 kB
MemTotal:        1844596 kB
MemFree:         1521964 kB
MemAvailable:    1552772 kB
Buffers:           18348 kB
Cached:           141396 kB
MemTotal:        1844596 kB
MemFree:         1521660 kB
MemAvailable:    1552468 kB
Buffers:           18348 kB
Cached:           141396 kB
MemTotal:        1844596 kB
MemFree:         1521996 kB
MemAvailable:    1552804 kB
Buffers:           18348 kB
Cached:           141396 kB
MemTotal:        1844596 kB
MemFree:         1521804 kB
MemAvailable:    1552612 kB
Buffers:           18348 kB
Cached:           141396 kB
MemTotal:        1844596 kB
MemFree:         1521848 kB
MemAvailable:    1552656 kB
Buffers:           18348 kB
Cached:           141396 kB
MemTotal:        1844596 kB
MemFree:         1520748 kB
MemAvailable:    1551556 kB
Buffers:           18348 kB
Cached:           141396 kB
MemTotal:        1844596 kB
MemFree:         1520500 kB
MemAvailable:    1551308 kB
Buffers:           18348 kB
Cached:           141396 kB
MemTotal:        1844596 kB
MemFree:         1521864 kB
MemAvailable:    1552672 kB
Buffers:           18348 kB
Cached:           141396 kB
MemTotal:        1844596 kB
MemFree:         1520616 kB
MemAvailable:    1551424 kB
Buffers:           18348 kB
Cached:           141396 kB
MemTotal:        1844596 kB
MemFree:         1521200 kB
MemAvailable:    1552008 kB
Buffers:           18348 kB
Cached:           141396 kB
MemTotal:        1844596 kB
MemFree:         1521764 kB
MemAvailable:    1552572 kB
Buffers:           18348 kB
Cached:           141396 kB
MemTotal:        1844596 kB
MemFree:         1521620 kB
MemAvailable:    1552428 kB
Buffers:           18348 kB
Cached:           141396 kB
MemTotal:        1844596 kB
MemFree:         1521316 kB
MemAvailable:    1552124 kB
Buffers:           18348 kB
Cached:           141396 kB
MemTotal:        1844596 kB
MemFree:         1521632 kB
MemAvailable:    1552440 kB
Buffers:           18348 kB
Cached:           141396 kB
MemTotal:        1844596 kB
MemFree:         1521252 kB
MemAvailable:    1552060 kB
Buffers:           18348 kB
Cached:           141396 kB
MemTotal:        1844596 kB
MemFree:         1520996 kB
MemAvailable:    1551804 kB
Buffers:           18348 kB
Cached:           141396 kB
MemTotal:        1844596 kB
MemFree:         1520440 kB
MemAvailable:    1551248 kB
Buffers:           18348 kB
Cached:           141396 kB
MemTotal:        1844596 kB
MemFree:         1520696 kB
MemAvailable:    1551504 kB
Buffers:           18348 kB
Cached:           141396 kB
MemTotal:        1844596 kB
MemFree:         1520068 kB
MemAvailable:    1550752 kB
Buffers:           18348 kB
Cached:           141396 kB
MemTotal:        1844596 kB
MemFree:         1519076 kB
MemAvailable:    1549884 kB
Buffers:           18348 kB
Cached:           141396 kB
MemTotal:        1844596 kB
MemFree:         1520012 kB
MemAvailable:    1550820 kB
Buffers:           18348 kB
Cached:           141396 kB
MemTotal:        1844596 kB
MemFree:         1518588 kB
MemAvailable:    1549396 kB
Buffers:           18348 kB
Cached:           141396 kB
MemTotal:        1844596 kB
MemFree:         1518820 kB
MemAvailable:    1549628 kB
Buffers:           18348 kB
Cached:           141396 kB
MemTotal:        1844596 kB
MemFree:         1518960 kB
MemAvailable:    1549768 kB
Buffers:           18348 kB
Cached:           141396 kB
MemTotal:        1844596 kB
MemFree:         1518448 kB
MemAvailable:    1549256 kB
Buffers:           18348 kB
Cached:           141396 kB
MemTotal:        1844596 kB
MemFree:         1518448 kB
MemAvailable:    1549256 kB
Buffers:           18348 kB
Cached:           141396 kB
MemTotal:        1844596 kB
MemFree:         1518284 kB
MemAvailable:    1549092 kB
Buffers:           18348 kB
Cached:           141396 kB
MemTotal:        1844596 kB
MemFree:         1518256 kB
MemAvailable:    1549064 kB
Buffers:           18348 kB
Cached:           141396 kB
MemTotal:        1844596 kB
MemFree:         1517100 kB
MemAvailable:    1547908 kB
Buffers:           18348 kB
Cached:           141396 kB
MemTotal:        1844596 kB
MemFree:         1517940 kB
MemAvailable:    1548748 kB
Buffers:           18348 kB
Cached:           141396 kB
MemTotal:        1844596 kB
MemFree:         1517940 kB
MemAvailable:    1548748 kB
Buffers:           18348 kB
Cached:           141396 kB
MemTotal:        1844596 kB
MemFree:         1517772 kB
MemAvailable:    1548580 kB
Buffers:           18348 kB
Cached:           141396 kB
MemTotal:        1844596 kB
MemFree:         1518108 kB
MemAvailable:    1548916 kB
Buffers:           18348 kB
Cached:           141396 kB
MemTotal:        1844596 kB
MemFree:         1517808 kB
MemAvailable:    1548616 kB
Buffers:           18348 kB
Cached:           141396 kB
MemTotal:        1844596 kB
MemFree:         1517892 kB
MemAvailable:    1548700 kB
Buffers:           18348 kB
Cached:           141396 kB
MemTotal:        1844596 kB
MemFree:         1516672 kB
MemAvailable:    1547480 kB
Buffers:           18348 kB
Cached:           141396 kB
MemTotal:        1844596 kB
MemFree:         1517780 kB
MemAvailable:    1548588 kB
Buffers:           18348 kB
Cached:           141396 kB
MemTotal:        1844596 kB
MemFree:         1516348 kB
MemAvailable:    1547156 kB
Buffers:           18348 kB
Cached:           141396 kB
MemTotal:        1844596 kB
MemFree:         1517208 kB
MemAvailable:    1548020 kB
Buffers:           18348 kB
Cached:           141400 kB
MemTotal:        1844596 kB
MemFree:         1517208 kB
MemAvailable:    1548020 kB
Buffers:           18348 kB
Cached:           141400 kB
MemTotal:        1844596 kB
MemFree:         1512688 kB
MemAvailable:    1543500 kB
Buffers:           18348 kB
Cached:           141400 kB
MemTotal:        1844596 kB
MemFree:         1512628 kB
MemAvailable:    1543440 kB
Buffers:           18348 kB
Cached:           141400 kB
MemTotal:        1844596 kB
MemFree:         1511396 kB
MemAvailable:    1542208 kB
Buffers:           18348 kB
Cached:           141400 kB
MemTotal:        1844596 kB
MemFree:         1512268 kB
MemAvailable:    1543080 kB
Buffers:           18348 kB
Cached:           141400 kB
MemTotal:        1844596 kB
MemFree:         1512208 kB
MemAvailable:    1543020 kB
Buffers:           18348 kB
Cached:           141400 kB
MemTotal:        1844596 kB
MemFree:         1512192 kB
MemAvailable:    1543004 kB
Buffers:           18348 kB
Cached:           141400 kB
MemTotal:        1844596 kB
MemFree:         1512192 kB
MemAvailable:    1543004 kB
Buffers:           18348 kB
Cached:           141400 kB
MemTotal:        1844596 kB
MemFree:         1511972 kB
MemAvailable:    1542784 kB
Buffers:           18348 kB
Cached:           141400 kB
MemTotal:        1844596 kB
MemFree:         1511368 kB
MemAvailable:    1542180 kB
Buffers:           18348 kB
Cached:           141400 kB
MemTotal:        1844596 kB
MemFree:         1510728 kB
MemAvailable:    1541540 kB
Buffers:           18348 kB
Cached:           141400 kB
MemTotal:        1844596 kB
MemFree:         1511844 kB
MemAvailable:    1542656 kB
Buffers:           18348 kB
Cached:           141400 kB
MemTotal:        1844596 kB
MemFree:         1511844 kB
MemAvailable:    1542656 kB
Buffers:           18348 kB
Cached:           141400 kB
MemTotal:        1844596 kB
MemFree:         1511576 kB
MemAvailable:    1542388 kB
Buffers:           18348 kB
Cached:           141400 kB
MemTotal:        1844596 kB
MemFree:         1511912 kB
MemAvailable:    1542724 kB
Buffers:           18348 kB
Cached:           141400 kB
MemTotal:        1844596 kB
MemFree:         1511584 kB
MemAvailable:    1542396 kB
Buffers:           18348 kB
Cached:           141400 kB
MemTotal:        1844596 kB
MemFree:         1511708 kB
MemAvailable:    1542520 kB
Buffers:           18348 kB
Cached:           141400 kB
MemTotal:        1844596 kB
MemFree:         1510900 kB
MemAvailable:    1541712 kB
Buffers:           18348 kB
Cached:           141400 kB
MemTotal:        1844596 kB
MemFree:         1511024 kB
MemAvailable:    1541836 kB
Buffers:           18348 kB
Cached:           141400 kB
MemTotal:        1844596 kB
MemFree:         1510588 kB
MemAvailable:    1541400 kB
Buffers:           18348 kB
Cached:           141400 kB
MemTotal:        1844596 kB
MemFree:         1509164 kB
MemAvailable:    1539976 kB
Buffers:           18348 kB
Cached:           141400 kB
MemTotal:        1844596 kB
MemFree:         1508848 kB
MemAvailable:    1539660 kB
Buffers:           18348 kB
Cached:           141400 kB
MemTotal:        1844596 kB
MemFree:         1508404 kB
MemAvailable:    1539216 kB
Buffers:           18348 kB
Cached:           141400 kB
MemTotal:        1844596 kB
MemFree:         1507288 kB
MemAvailable:    1538100 kB
Buffers:           18348 kB
Cached:           141400 kB
MemTotal:        1844596 kB
MemFree:         1508544 kB
MemAvailable:    1539356 kB
Buffers:           18348 kB
Cached:           141400 kB
MemTotal:        1844596 kB
MemFree:         1507552 kB
MemAvailable:    1538364 kB
Buffers:           18348 kB
Cached:           141400 kB
MemTotal:        1844596 kB
MemFree:         1508728 kB
MemAvailable:    1539540 kB
Buffers:           18348 kB
Cached:           141400 kB
MemTotal:        1844596 kB
MemFree:         1510432 kB
MemAvailable:    1541252 kB
Buffers:           18348 kB
Cached:           141408 kB
MemTotal:        1844596 kB
MemFree:         1510348 kB
MemAvailable:    1541168 kB
Buffers:           18348 kB
Cached:           141408 kB
MemTotal:        1844596 kB
MemFree:         1510224 kB
MemAvailable:    1541212 kB
Buffers:           18348 kB
Cached:           141656 kB
MemTotal:        1844596 kB
MemFree:         1510224 kB
MemAvailable:    1541212 kB
Buffers:           18348 kB
Cached:           141656 kB
MemTotal:        1844596 kB
MemFree:         1510148 kB
MemAvailable:    1541220 kB
Buffers:           18348 kB
Cached:           141780 kB
MemTotal:        1844596 kB
MemFree:         1510220 kB
MemAvailable:    1541376 kB
Buffers:           18356 kB
Cached:           141772 kB
MemTotal:        1844596 kB
MemFree:         1510232 kB
MemAvailable:    1541424 kB
Buffers:           18360 kB
Cached:           141848 kB
MemTotal:        1844596 kB
MemFree:         1510208 kB
MemAvailable:    1541640 kB
Buffers:           18360 kB
Cached:           141964 kB
MemTotal:        1844596 kB
MemFree:         1508916 kB
MemAvailable:    1540348 kB
Buffers:           18360 kB
Cached:           141964 kB
MemTotal:        1844596 kB
MemFree:         1509764 kB
MemAvailable:    1541196 kB
Buffers:           18360 kB
Cached:           141964 kB
MemTotal:        1844596 kB
MemFree:         1510016 kB
MemAvailable:    1541448 kB
Buffers:           18360 kB
Cached:           141964 kB
MemTotal:        1844596 kB
MemFree:         1509788 kB
MemAvailable:    1541220 kB
Buffers:           18360 kB
Cached:           141964 kB
MemTotal:        1844596 kB
MemFree:         1509164 kB
MemAvailable:    1540596 kB
Buffers:           18360 kB
Cached:           141964 kB
MemTotal:        1844596 kB
MemFree:         1509656 kB
MemAvailable:    1541088 kB
Buffers:           18360 kB
Cached:           141964 kB
MemTotal:        1844596 kB
MemFree:         1509704 kB
MemAvailable:    1541136 kB
Buffers:           18360 kB
Cached:           141964 kB
MemTotal:        1844596 kB
MemFree:         1509728 kB
MemAvailable:    1541160 kB
Buffers:           18360 kB
Cached:           141964 kB
MemTotal:        1844596 kB
MemFree:         1509720 kB
MemAvailable:    1541236 kB
Buffers:           18360 kB
Cached:           142088 kB
MemTotal:        1844596 kB
MemFree:         1509720 kB
MemAvailable:    1541236 kB
Buffers:           18360 kB
Cached:           142088 kB
MemTotal:        1844596 kB
MemFree:         1579060 kB
MemAvailable:    1609904 kB
Buffers:           18360 kB
Cached:           141456 kB
