MemTotal:        1844596 kB
MemFree:         1563188 kB
MemAvailable:    1586744 kB
Buffers:           17244 kB
Cached:           133516 kB
MemTotal:        1844596 kB
MemFree:         1562932 kB
MemAvailable:    1586488 kB
Buffers:           17244 kB
Cached:           133516 kB
MemTotal:        1844596 kB
MemFree:         1561764 kB
MemAvailable:    1585320 kB
Buffers:           17244 kB
Cached:           133516 kB
MemTotal:        1844596 kB
MemFree:         1560756 kB
MemAvailable:    1584312 kB
Buffers:           17244 kB
Cached:           133516 kB
MemTotal:        1844596 kB
MemFree:         1560840 kB
MemAvailable:    1584396 kB
Buffers:           17244 kB
Cached:           133516 kB
MemTotal:        1844596 kB
MemFree:         1559584 kB
MemAvailable:    1583140 kB
Buffers:           17244 kB
Cached:           133516 kB
MemTotal:        1844596 kB
MemFree:         1559460 kB
MemAvailable:    1583016 kB
Buffers:           17244 kB
Cached:           133516 kB
MemTotal:        1844596 kB
MemFree:         1557176 kB
MemAvailable:    1580732 kB
Buffers:           17244 kB
Cached:           133516 kB
MemTotal:        1844596 kB
MemFree:         1556308 kB
MemAvailable:    1579864 kB
Buffers:           17244 kB
Cached:           133516 kB
MemTotal:        1844596 kB
MemFree:         1553456 kB
MemAvailable:    1577012 kB
Buffers:           17244 kB
Cached:           133516 kB
MemTotal:        1844596 kB
MemFree:         1550604 kB
MemAvailable:    1574160 kB
Buffers:           17244 kB
Cached:           133516 kB
MemTotal:        1844596 kB
MemFree:         1547628 kB
MemAvailable:    1571184 kB
Buffers:           17244 kB
Cached:           133516 kB
MemTotal:        1844596 kB
MemFree:         1549632 kB
MemAvailable:    1573188 kB
Buffers:           17244 kB
Cached:           133516 kB
MemTotal:        1844596 kB
MemFree:         1548744 kB
MemAvailable:    1572300 kB
Buffers:           17244 kB
Cached:           133516 kB
MemTotal:        1844596 kB
MemFree:         1548992 kB
MemAvailable:    1572548 kB
Buffers:           17244 kB
Cached:           133516 kB
MemTotal:        1844596 kB
MemFree:         1549920 kB
MemAvailable:    1573476 kB
Buffers:           17244 kB
Cached:           133516 kB
MemTotal:        1844596 kB
MemFree:         1549472 kB
MemAvailable:    1573028 kB
Buffers:           17244 kB
Cached:           133516 kB
MemTotal:        1844596 kB
MemFree:         1549184 kB
MemAvailable:    1572740 kB
Buffers:           17244 kB
Cached:           133516 kB
MemTotal:        1844596 kB
MemFree:         1549172 kB
MemAvailable:    1572728 kB
Buffers:           17244 kB
Cached:           133516 kB
MemTotal:        1844596 kB
MemFree:         1548424 kB
MemAvailable:    1571980 kB
Buffers:           17244 kB
Cached:           133516 kB
MemTotal:        1844596 kB
MemFree:         1546760 kB
MemAvailable:    1570316 kB
Buffers:           17244 kB
Cached:           133516 kB
MemTotal:        1844596 kB
MemFree:         1546324 kB
MemAvailable:    1569880 kB
Buffers:           17244 kB
Cached:           133516 kB
MemTotal:        1844596 kB
MemFree:         1547440 kB
MemAvailable:    1570996 kB
Buffers:           17244 kB
Cached:           133516 kB
MemTotal:        1844596 kB
MemFree:         1546512 kB
MemAvailable:    1570068 kB
Buffers:           17244 kB
Cached:           133516 kB
MemTotal:        1844596 kB
MemFree:         1547056 kB
MemAvailable:    1570616 kB
Buffers:           17244 kB
Cached:           133520 kB
MemTotal:        1844596 kB
MemFree:         1545832 kB
MemAvailable:    1569392 kB
Buffers:           17244 kB
Cached:           133520 kB
MemTotal:        1844596 kB
MemFree:         1547008 kB
MemAvailable:    1570568 kB
Buffers:           17244 kB
Cached:           133520 kB
MemTotal:        1844596 kB
MemFree:         1546016 kB
MemAvailable:    1569576 kB
Buffers:           17244 kB
Cached:           133520 kB
MemTotal:        1844596 kB
MemFree:         1547028 kB
MemAvailable:    1570588 kB
Buffers:           17244 kB
Cached:           133520 kB
MemTotal:        1844596 kB
MemFree:         1547008 kB
MemAvailable:    1570568 kB
Buffers:           17244 kB
Cached:           133520 kB
MemTotal:        1844596 kB
MemFree:         1546256 kB
MemAvailable:    1569816 kB
Buffers:           17244 kB
Cached:           133520 kB
MemTotal:        1844596 kB
MemFree:         1548344 kB
MemAvailable:    1571904 kB
Buffers:           17244 kB
Cached:           133520 kB
MemTotal:        1844596 kB
MemFree:         1547628 kB
MemAvailable:    1571188 kB
Buffers:           17244 kB
Cached:           133520 kB
MemTotal:        1844596 kB
MemFree:         1548052 kB
MemAvailable:    1571612 kB
Buffers:           17244 kB
Cached:           133520 kB
MemTotal:        1844596 kB
MemFree:         1547868 kB
MemAvailable:    1571428 kB
Buffers:           17244 kB
Cached:           133520 kB
MemTotal:        1844596 kB
MemFree:         1544760 kB
MemAvailable:    1568320 kB
Buffers:           17244 kB
Cached:           133520 kB
MemTotal:        1844596 kB
MemFree:         1544760 kB
MemAvailable:    1568320 kB
Buffers:           17244 kB
Cached:           133520 kB
MemTotal:        1844596 kB
MemFree:         1543396 kB
MemAvailable:    1566956 kB
Buffers:           17244 kB
Cached:           133520 kB
MemTotal:        1844596 kB
MemFree:         1544092 kB
MemAvailable:    1567652 kB
Buffers:           17244 kB
Cached:           133520 kB
MemTotal:        1844596 kB
MemFree:         1542668 kB
MemAvailable:    1566228 kB
Buffers:           17244 kB
Cached:           133520 kB
MemTotal:        1844596 kB
MemFree:         1543100 kB
MemAvailable:    1566660 kB
Buffers:           17244 kB
Cached:           133520 kB
MemTotal:        1844596 kB
MemFree:         1542792 kB
MemAvailable:    1566352 kB
Buffers:           17244 kB
Cached:           133520 kB
MemTotal:        1844596 kB
MemFree:         1542868 kB
MemAvailable:    1566428 kB
Buffers:           17244 kB
Cached:           133520 kB
MemTotal:        1844596 kB
MemFree:         1542048 kB
MemAvailable:    1565608 kB
Buffers:           17244 kB
Cached:           133520 kB
MemTotal:        1844596 kB
MemFree:         1542832 kB
MemAvailable:    1566392 kB
Buffers:           17244 kB
Cached:           133520 kB
MemTotal:        1844596 kB
MemFree:         1542896 kB
MemAvailable:    1566456 kB
Buffers:           17244 kB
Cached:           133520 kB
MemTotal:        1844596 kB
MemFree:         1543340 kB
MemAvailable:    1566904 kB
Buffers:           17244 kB
Cached:           133524 kB
MemTotal:        1844596 kB
MemFree:         1542852 kB
MemAvailable:    1566416 kB
Buffers:           17244 kB
Cached:           133524 kB
MemTotal:        1844596 kB
MemFree:         1542596 kB
MemAvailable:    1566160 kB
Buffers:           17244 kB
Cached:           133524 kB
MemTotal:        1844596 kB
MemFree:         1542264 kB
MemAvailable:    1565828 kB
Buffers:           17244 kB
Cached:           133524 kB
MemTotal:        1844596 kB
MemFree:         1542264 kB
MemAvailable:    1565828 kB
Buffers:           17244 kB
Cached:           133524 kB
MemTotal:        1844596 kB
MemFree:         1541968 kB
MemAvailable:    1565532 kB
Buffers:           17244 kB
Cached:           133524 kB
MemTotal:        1844596 kB
MemFree:         1541968 kB
MemAvailable:    1565532 kB
Buffers:           17252 kB
Cached:           133516 kB
MemTotal:        1844596 kB
MemFree:         1541924 kB
MemAvailable:    1565488 kB
Buffers:           17256 kB
Cached:           133512 kB
MemTotal:        1844596 kB
MemFree:         1541852 kB
MemAvailable:    1565416 kB
Buffers:           17256 kB
Cached:           133512 kB
MemTotal:        1844596 kB
MemFree:         1541304 kB
MemAvailable:    1564868 kB
Buffers:           17256 kB
Cached:           133512 kB
MemTotal:        1844596 kB
MemFree:         1541648 kB
MemAvailable:    1565212 kB
Buffers:           17256 kB
Cached:           133512 kB
MemTotal:        1844596 kB
MemFree:         1540632 kB
MemAvailable:    1564196 kB
Buffers:           17256 kB
Cached:           133512 kB
MemTotal:        1844596 kB
MemFree:         1541596 kB
MemAvailable:    1565160 kB
Buffers:           17256 kB
Cached:           133512 kB
MemTotal:        1844596 kB
MemFree:         1541848 kB
MemAvailable:    1565412 kB
Buffers:           17256 kB
Cached:           133512 kB
MemTotal:        1844596 kB
MemFree:         1540608 kB
MemAvailable:    1564172 kB
Buffers:           17256 kB
Cached:           133512 kB
MemTotal:        1844596 kB
MemFree:         1540608 kB
MemAvailable:    1564172 kB
Buffers:           17256 kB
Cached:           133512 kB
MemTotal:        1844596 kB
MemFree:         1541856 kB
MemAvailable:    1565420 kB
Buffers:           17256 kB
Cached:           133512 kB
MemTotal:        1844596 kB
MemFree:         1541652 kB
MemAvailable:    1565216 kB
Buffers:           17256 kB
Cached:           133512 kB
MemTotal:        1844596 kB
MemFree:         1540436 kB
MemAvailable:    1564000 kB
Buffers:           17256 kB
Cached:           133512 kB
MemTotal:        1844596 kB
MemFree:         1541412 kB
MemAvailable:    1564976 kB
Buffers:           17256 kB
Cached:           133512 kB
MemTotal:        1844596 kB
MemFree:         1541364 kB
MemAvailable:    1564928 kB
Buffers:           17256 kB
Cached:           133512 kB
MemTotal:        1844596 kB
MemFree:         1540984 kB
MemAvailable:    1564548 kB
Buffers:           17256 kB
Cached:           133512 kB
MemTotal:        1844596 kB
MemFree:         1540984 kB
MemAvailable:    1564548 kB
Buffers:           17256 kB
Cached:           133512 kB
MemTotal:        1844596 kB
MemFree:         1540976 kB
MemAvailable:    1564540 kB
Buffers:           17256 kB
Cached:           133512 kB
MemTotal:        1844596 kB
MemFree:         1540868 kB
MemAvailable:    1564432 kB
Buffers:           17256 kB
Cached:           133512 kB
MemTotal:        1844596 kB
MemFree:         1539940 kB
MemAvailable:    1563504 kB
Buffers:           17256 kB
Cached:           133512 kB
MemTotal:        1844596 kB
MemFree:         1540980 kB
MemAvailable:    1564544 kB
Buffers:           17256 kB
Cached:           133512 kB
MemTotal:        1844596 kB
MemFree:         1540932 kB
MemAvailable:    1564496 kB
Buffers:           17256 kB
Cached:           133512 kB
MemTotal:        1844596 kB
MemFree:         1540180 kB
MemAvailable:    1563744 kB
Buffers:           17256 kB
Cached:           133512 kB
MemTotal:        1844596 kB
MemFree:         1540772 kB
MemAvailable:    1564336 kB
Buffers:           17256 kB
Cached:           133512 kB
MemTotal:        1844596 kB
MemFree:         1541108 kB
MemAvailable:    1564672 kB
Buffers:           17256 kB
Cached:           133512 kB
MemTotal:        1844596 kB
MemFree:         1540640 kB
MemAvailable:    1564204 kB
Buffers:           17256 kB
Cached:           133512 kB
MemTotal:        1844596 kB
MemFree:         1540892 kB
MemAvailable:    1564456 kB
Buffers:           17256 kB
Cached:           133512 kB
MemTotal:        1844596 kB
MemFree:         1538568 kB
MemAvailable:    1562132 kB
Buffers:           17256 kB
Cached:           133512 kB
MemTotal:        1844596 kB
MemFree:         1538568 kB
MemAvailable:    1562132 kB
Buffers:           17256 kB
Cached:           133512 kB
MemTotal:        1844596 kB
MemFree:         1536220 kB
MemAvailable:    1559784 kB
Buffers:           17256 kB
Cached:           133512 kB
MemTotal:        1844596 kB
MemFree:         1533228 kB
MemAvailable:    1556792 kB
Buffers:           17256 kB
Cached:           133512 kB
MemTotal:        1844596 kB
MemFree:         1533304 kB
MemAvailable:    1556868 kB
Buffers:           17256 kB
Cached:           133512 kB
MemTotal:        1844596 kB
MemFree:         1533180 kB
MemAvailable:    1556744 kB
Buffers:           17256 kB
Cached:           133512 kB
MemTotal:        1844596 kB
MemFree:         1532988 kB
MemAvailable:    1556552 kB
Buffers:           17256 kB
Cached:           133512 kB
MemTotal:        1844596 kB
MemFree:         1531756 kB
MemAvailable:    1555320 kB
Buffers:           17256 kB
Cached:           133512 kB
MemTotal:        1844596 kB
MemFree:         1532984 kB
MemAvailable:    1556548 kB
Buffers:           17256 kB
Cached:           133512 kB
MemTotal:        1844596 kB
MemFree:         1532928 kB
MemAvailable:    1556492 kB
Buffers:           17256 kB
Cached:           133512 kB
MemTotal:        1844596 kB
MemFree:         1532872 kB
MemAvailable:    1556436 kB
Buffers:           17256 kB
Cached:           133512 kB
MemTotal:        1844596 kB
MemFree:         1532924 kB
MemAvailable:    1556488 kB
Buffers:           17256 kB
Cached:           133512 kB
MemTotal:        1844596 kB
MemFree:         1533008 kB
MemAvailable:    1556572 kB
Buffers:           17256 kB
Cached:           133512 kB
MemTotal:        1844596 kB
MemFree:         1531572 kB
MemAvailable:    1555136 kB
Buffers:           17256 kB
Cached:           133512 kB
MemTotal:        1844596 kB
MemFree:         1531940 kB
MemAvailable:    1555504 kB
Buffers:           17256 kB
Cached:           133512 kB
MemTotal:        1844596 kB
MemFree:         1533008 kB
MemAvailable:    1556572 kB
Buffers:           17256 kB
Cached:           133512 kB
MemTotal:        1844596 kB
MemFree:         1531632 kB
MemAvailable:    1555196 kB
Buffers:           17256 kB
Cached:           133512 kB
MemTotal:        1844596 kB
MemFree:         1532808 kB
MemAvailable:    1556372 kB
Buffers:           17256 kB
Cached:           133512 kB
MemTotal:        1844596 kB
MemFree:         1532812 kB
MemAvailable:    1556376 kB
Buffers:           17256 kB
Cached:           133512 kB
MemTotal:        1844596 kB
MemFree:         1532748 kB
MemAvailable:    1556312 kB
Buffers:           17256 kB
Cached:           133512 kB
MemTotal:        1844596 kB
MemFree:         1532676 kB
MemAvailable:    1556248 kB
Buffers:           17256 kB
Cached:           133520 kB
MemTotal:        1844596 kB
MemFree:         1532928 kB
MemAvailable:    1556500 kB
Buffers:           17256 kB
Cached:           133520 kB
MemTotal:        1844596 kB
MemFree:         1532244 kB
MemAvailable:    1555816 kB
Buffers:           17256 kB
Cached:           133520 kB
MemTotal:        1844596 kB
MemFree:         1532244 kB
MemAvailable:    1555816 kB
Buffers:           17256 kB
Cached:           133520 kB
MemTotal:        1844596 kB
MemFree:         1531932 kB
MemAvailable:    1555516 kB
Buffers:           17256 kB
Cached:           133532 kB
MemTotal:        1844596 kB
MemFree:         1530640 kB
MemAvailable:    1554224 kB
Buffers:           17256 kB
Cached:           133532 kB
MemTotal:        1844596 kB
MemFree:         1531376 kB
MemAvailable:    1554960 kB
Buffers:           17256 kB
Cached:           133532 kB
MemTotal:        1844596 kB
MemFree:         1531376 kB
MemAvailable:    1554960 kB
Buffers:           17256 kB
Cached:           133532 kB
MemTotal:        1844596 kB
MemFree:         1530996 kB
MemAvailable:    1554580 kB
Buffers:           17256 kB
Cached:           133532 kB
MemTotal:        1844596 kB
MemFree:         1530640 kB
MemAvailable:    1554224 kB
Buffers:           17256 kB
Cached:           133532 kB
MemTotal:        1844596 kB
MemFree:         1529260 kB
MemAvailable:    1552844 kB
Buffers:           17256 kB
Cached:           133532 kB
MemTotal:        1844596 kB
MemFree:         1530328 kB
MemAvailable:    1553912 kB
Buffers:           17256 kB
Cached:           133532 kB
MemTotal:        1844596 kB
MemFree:         1528408 kB
MemAvailable:    1551992 kB
Buffers:           17256 kB
Cached:           133532 kB
MemTotal:        1844596 kB
MemFree:         1529584 kB
MemAvailable:    1553168 kB
Buffers:           17256 kB
Cached:           133532 kB
MemTotal:        1844596 kB
MemFree:         1528284 kB
MemAvailable:    1551868 kB
Buffers:           17256 kB
Cached:           133532 kB
MemTotal:        1844596 kB
MemFree:         1529608 kB
MemAvailable:    1553192 kB
Buffers:           17256 kB
Cached:           133532 kB
MemTotal:        1844596 kB
MemFree:         1529392 kB
MemAvailable:    1552976 kB
Buffers:           17256 kB
Cached:           133532 kB
MemTotal:        1844596 kB
MemFree:         1529088 kB
MemAvailable:    1552672 kB
Buffers:           17256 kB
Cached:           133532 kB
MemTotal:        1844596 kB
MemFree:         1527912 kB
MemAvailable:    1551496 kB
Buffers:           17256 kB
Cached:           133532 kB
MemTotal:        1844596 kB
MemFree:         1529020 kB
MemAvailable:    1552604 kB
Buffers:           17256 kB
Cached:           133532 kB
MemTotal:        1844596 kB
MemFree:         1529272 kB
MemAvailable:    1552856 kB
Buffers:           17256 kB
Cached:           133532 kB
MemTotal:        1844596 kB
MemFree:         1527736 kB
MemAvailable:    1551320 kB
Buffers:           17256 kB
Cached:           133532 kB
MemTotal:        1844596 kB
MemFree:         1529100 kB
MemAvailable:    1552684 kB
Buffers:           17256 kB
Cached:           133532 kB
MemTotal:        1844596 kB
MemFree:         1527728 kB
MemAvailable:    1551312 kB
Buffers:           17256 kB
Cached:           133532 kB
MemTotal:        1844596 kB
MemFree:         1528144 kB
MemAvailable:    1551728 kB
Buffers:           17256 kB
Cached:           133532 kB
MemTotal:        1844596 kB
MemFree:         1528592 kB
MemAvailable:    1552176 kB
Buffers:           17256 kB
Cached:           133532 kB
MemTotal:        1844596 kB
MemFree:         1528352 kB
MemAvailable:    1551936 kB
Buffers:           17256 kB
Cached:           133532 kB
MemTotal:        1844596 kB
MemFree:         1528292 kB
MemAvailable:    1551752 kB
Buffers:           17256 kB
Cached:           133532 kB
MemTotal:        1844596 kB
MemFree:         1527168 kB
MemAvailable:    1550752 kB
Buffers:           17256 kB
Cached:           133532 kB
MemTotal:        1844596 kB
MemFree:         1525316 kB
MemAvailable:    1548900 kB
Buffers:           17256 kB
Cached:           133532 kB
MemTotal:        1844596 kB
MemFree:         1523624 kB
MemAvailable:    1547208 kB
Buffers:           17256 kB
Cached:           133532 kB
MemTotal:        1844596 kB
MemFree:         1522324 kB
MemAvailable:    1545908 kB
Buffers:           17256 kB
Cached:           133532 kB
MemTotal:        1844596 kB
MemFree:         1523184 kB
MemAvailable:    1546768 kB
Buffers:           17256 kB
Cached:           133532 kB
MemTotal:        1844596 kB
MemFree:         1523520 kB
MemAvailable:    1547104 kB
Buffers:           17256 kB
Cached:           133532 kB
MemTotal:        1844596 kB
MemFree:         1523136 kB
MemAvailable:    1546720 kB
Buffers:           17256 kB
Cached:           133532 kB
MemTotal:        1844596 kB
MemFree:         1523136 kB
MemAvailable:    1546720 kB
Buffers:           17256 kB
Cached:           133532 kB
MemTotal:        1844596 kB
MemFree:         1523312 kB
MemAvailable:    1546896 kB
Buffers:           17256 kB
Cached:           133532 kB
MemTotal:        1844596 kB
MemFree:         1521768 kB
MemAvailable:    1545352 kB
Buffers:           17256 kB
Cached:           133532 kB
MemTotal:        1844596 kB
MemFree:         1522868 kB
MemAvailable:    1546452 kB
Buffers:           17256 kB
Cached:           133532 kB
MemTotal:        1844596 kB
MemFree:         1522952 kB
MemAvailable:    1546536 kB
Buffers:           17256 kB
Cached:           133532 kB
MemTotal:        1844596 kB
MemFree:         1522020 kB
MemAvailable:    1545604 kB
Buffers:           17256 kB
Cached:           133532 kB
MemTotal:        1844596 kB
MemFree:         1519928 kB
MemAvailable:    1543512 kB
Buffers:           17256 kB
Cached:           133532 kB
MemTotal:        1844596 kB
MemFree:         1519928 kB
MemAvailable:    1543512 kB
Buffers:           17256 kB
Cached:           133532 kB
MemTotal:        1844596 kB
MemFree:         1518680 kB
MemAvailable:    1542264 kB
Buffers:           17256 kB
Cached:           133532 kB
MemTotal:        1844596 kB
MemFree:         1519984 kB
MemAvailable:    1543568 kB
Buffers:           17256 kB
Cached:           133532 kB
MemTotal:        1844596 kB
MemFree:         1519820 kB
MemAvailable:    1543404 kB
Buffers:           17256 kB
Cached:           133532 kB
MemTotal:        1844596 kB
MemFree:         1520072 kB
MemAvailable:    1543656 kB
Buffers:           17256 kB
Cached:           133532 kB
MemTotal:        1844596 kB
MemFree:         1518556 kB
MemAvailable:    1542140 kB
Buffers:           17256 kB
Cached:           133532 kB
MemTotal:        1844596 kB
MemFree:         1518812 kB
MemAvailable:    1542396 kB
Buffers:           17256 kB
Cached:           133532 kB
MemTotal:        1844596 kB
MemFree:         1521780 kB
MemAvailable:    1545364 kB
Buffers:           17256 kB
Cached:           133532 kB
MemTotal:        1844596 kB
MemFree:         1520424 kB
MemAvailable:    1544008 kB
Buffers:           17256 kB
Cached:           133532 kB
MemTotal:        1844596 kB
MemFree:         1521700 kB
MemAvailable:    1545452 kB
Buffers:           17256 kB
Cached:           133780 kB
MemTotal:        1844596 kB
MemFree:         1521784 kB
MemAvailable:    1545536 kB
Buffers:           17256 kB
Cached:           133780 kB
MemTotal:        1844596 kB
MemFree:         1521440 kB
MemAvailable:    1545360 kB
Buffers:           17256 kB
Cached:           133904 kB
MemTotal:        1844596 kB
MemFree:         1521692 kB
MemAvailable:    1545612 kB
Buffers:           17256 kB
Cached:           133904 kB
MemTotal:        1844596 kB
MemFree:         1520076 kB
MemAvailable:    1544080 kB
Buffers:           17256 kB
Cached:           134152 kB
MemTotal:        1844596 kB
MemFree:         1521508 kB
MemAvailable:    1545596 kB
Buffers:           17256 kB
Cached:           134152 kB
MemTotal:        1844596 kB
MemFree:         1520100 kB
MemAvailable:    1544188 kB
Buffers:           17256 kB
Cached:           134152 kB
MemTotal:        1844596 kB
MemFree:         1521264 kB
MemAvailable:    1545436 kB
Buffers:           17256 kB
Cached:           134152 kB
MemTotal:        1844596 kB
MemFree:         1521216 kB
MemAvailable:    1545388 kB
Buffers:           17256 kB
Cached:           134152 kB
MemTotal:        1844596 kB
MemFree:         1521076 kB
MemAvailable:    1545248 kB
Buffers:           17256 kB
Cached:           134152 kB
MemTotal:        1844596 kB
MemFree:         1521328 kB
MemAvailable:    1545500 kB
Buffers:           17256 kB
Cached:           134152 kB
MemTotal:        1844596 kB
MemFree:         1521144 kB
MemAvailable:    1545316 kB
Buffers:           17256 kB
Cached:           134152 kB
MemTotal:        1844596 kB
MemFree:         1521136 kB
MemAvailable:    1545308 kB
Buffers:           17256 kB
Cached:           134152 kB
MemTotal:        1844596 kB
MemFree:         1521268 kB
MemAvailable:    1545440 kB
Buffers:           17256 kB
Cached:           134152 kB
MemTotal:        1844596 kB
MemFree:         1521392 kB
MemAvailable:    1544976 kB
Buffers:           17256 kB
Cached:           133604 kB
MemTotal:        1844596 kB
MemFree:         1532324 kB
MemAvailable:    1555908 kB
Buffers:           17256 kB
Cached:           133604 kB
MemTotal:        1844596 kB
MemFree:         1589936 kB
MemAvailable:    1613520 kB
Buffers:           17256 kB
Cached:           133604 kB
