MemTotal:        1844596 kB
MemFree:         1549880 kB
MemAvailable:    1586536 kB
Buffers:           19236 kB
Cached:           145888 kB
MemTotal:        1844596 kB
MemFree:         1548020 kB
MemAvailable:    1584676 kB
Buffers:           19236 kB
Cached:           145888 kB
MemTotal:        1844596 kB
MemFree:         1543904 kB
MemAvailable:    1580560 kB
Buffers:           19236 kB
Cached:           145888 kB
MemTotal:        1844596 kB
MemFree:         1543908 kB
MemAvailable:    1580564 kB
Buffers:           19236 kB
Cached:           145888 kB
MemTotal:        1844596 kB
MemFree:         1544104 kB
MemAvailable:    1580760 kB
Buffers:           19236 kB
Cached:           145888 kB
MemTotal:        1844596 kB
MemFree:         1543060 kB
MemAvailable:    1579716 kB
Buffers:           19236 kB
Cached:           145888 kB
MemTotal:        1844596 kB
MemFree:         1542928 kB
MemAvailable:    1579584 kB
Buffers:           19236 kB
Cached:           145888 kB
MemTotal:        1844596 kB
MemFree:         1541012 kB
MemAvailable:    1577668 kB
Buffers:           19236 kB
Cached:           145888 kB
MemTotal:        1844596 kB
MemFree:         1538904 kB
MemAvailable:    1575560 kB
Buffers:           19236 kB
Cached:           145888 kB
MemTotal:        1844596 kB
MemFree:         1536736 kB
MemAvailable:    1573392 kB
Buffers:           19236 kB
Cached:           145888 kB
MemTotal:        1844596 kB
MemFree:         1533936 kB
MemAvailable:    1570592 kB
Buffers:           19236 kB
Cached:           145888 kB
MemTotal:        1844596 kB
MemFree:         1532520 kB
MemAvailable:    1569176 kB
Buffers:           19236 kB
Cached:           145888 kB
MemTotal:        1844596 kB
MemFree:         1532932 kB
MemAvailable:    1569588 kB
Buffers:           19236 kB
Cached:           145888 kB
MemTotal:        1844596 kB
MemFree:         1534240 kB
MemAvailable:    1570896 kB
Buffers:           19236 kB
Cached:           145888 kB
MemTotal:        1844596 kB
MemFree:         1532892 kB
MemAvailable:    1569548 kB
Buffers:           19236 kB
Cached:           145888 kB
MemTotal:        1844596 kB
MemFree:         1534192 kB
MemAvailable:    1570848 kB
Buffers:           19236 kB
Cached:           145888 kB
MemTotal:        1844596 kB
MemFree:         1533140 kB
MemAvailable:    1569796 kB
Buffers:           19236 kB
Cached:           145888 kB
MemTotal:        1844596 kB
MemFree:         1533388 kB
MemAvailable:    1570044 kB
Buffers:           19236 kB
Cached:           145888 kB
MemTotal:        1844596 kB
MemFree:         1533016 kB
MemAvailable:    1569672 kB
Buffers:           19236 kB
Cached:           145888 kB
MemTotal:        1844596 kB
MemFree:         1531404 kB
MemAvailable:    1568060 kB
Buffers:           19236 kB
Cached:           145888 kB
MemTotal:        1844596 kB
MemFree:         1531768 kB
MemAvailable:    1568428 kB
Buffers:           19236 kB
Cached:           145892 kB
MemTotal:        1844596 kB
MemFree:         1531768 kB
MemAvailable:    1568428 kB
Buffers:           19236 kB
Cached:           145892 kB
MemTotal:        1844596 kB
MemFree:         1531584 kB
MemAvailable:    1568244 kB
Buffers:           19236 kB
Cached:           145892 kB
MemTotal:        1844596 kB
MemFree:         1531836 kB
MemAvailable:    1568496 kB
Buffers:           19236 kB
Cached:           145892 kB
MemTotal:        1844596 kB
MemFree:         1530528 kB
MemAvailable:    1567188 kB
Buffers:           19236 kB
Cached:           145892 kB
MemTotal:        1844596 kB
MemFree:         1530528 kB
MemAvailable:    1567188 kB
Buffers:           19236 kB
Cached:           145892 kB
MemTotal:        1844596 kB
MemFree:         1531768 kB
MemAvailable:    1568428 kB
Buffers:           19236 kB
Cached:           145892 kB
MemTotal:        1844596 kB
MemFree:         1531648 kB
MemAvailable:    1568308 kB
Buffers:           19236 kB
Cached:           145892 kB
MemTotal:        1844596 kB
MemFree:         1531776 kB
MemAvailable:    1568436 kB
Buffers:           19236 kB
Cached:           145892 kB
MemTotal:        1844596 kB
MemFree:         1532948 kB
MemAvailable:    1569608 kB
Buffers:           19236 kB
Cached:           145892 kB
MemTotal:        1844596 kB
MemFree:         1532952 kB
MemAvailable:    1569612 kB
Buffers:           19236 kB
Cached:           145892 kB
MemTotal:        1844596 kB
MemFree:         1532644 kB
MemAvailable:    1569304 kB
Buffers:           19236 kB
Cached:           145892 kB
MemTotal:        1844596 kB
MemFree:         1530208 kB
MemAvailable:    1566868 kB
Buffers:           19236 kB
Cached:           145892 kB
MemTotal:        1844596 kB
MemFree:         1528428 kB
MemAvailable:    1565088 kB
Buffers:           19236 kB
Cached:           145892 kB
MemTotal:        1844596 kB
MemFree:         1529348 kB
MemAvailable:    1566012 kB
Buffers:           19236 kB
Cached:           145896 kB
MemTotal:        1844596 kB
MemFree:         1528428 kB
MemAvailable:    1565092 kB
Buffers:           19236 kB
Cached:           145896 kB
MemTotal:        1844596 kB
MemFree:         1528536 kB
MemAvailable:    1565200 kB
Buffers:           19236 kB
Cached:           145896 kB
MemTotal:        1844596 kB
MemFree:         1528728 kB
MemAvailable:    1565392 kB
Buffers:           19236 kB
Cached:           145896 kB
MemTotal:        1844596 kB
MemFree:         1527932 kB
MemAvailable:    1564596 kB
Buffers:           19236 kB
Cached:           145896 kB
MemTotal:        1844596 kB
MemFree:         1527932 kB
MemAvailable:    1564596 kB
Buffers:           19236 kB
Cached:           145896 kB
MemTotal:        1844596 kB
MemFree:         1526568 kB
MemAvailable:    1563232 kB
Buffers:           19236 kB
Cached:           145896 kB
MemTotal:        1844596 kB
MemFree:         1526436 kB
MemAvailable:    1563100 kB
Buffers:           19236 kB
Cached:           145896 kB
MemTotal:        1844596 kB
MemFree:         1526304 kB
MemAvailable:    1562968 kB
Buffers:           19236 kB
Cached:           145896 kB
MemTotal:        1844596 kB
MemFree:         1527404 kB
MemAvailable:    1564068 kB
Buffers:           19236 kB
Cached:           145896 kB
MemTotal:        1844596 kB
MemFree:         1527488 kB
MemAvailable:    1564152 kB
Buffers:           19236 kB
Cached:           145896 kB
MemTotal:        1844596 kB
MemFree:         1527156 kB
MemAvailable:    1563820 kB
Buffers:           19236 kB
Cached:           145896 kB
MemTotal:        1844596 kB
MemFree:         1527064 kB
MemAvailable:    1563728 kB
Buffers:           19236 kB
Cached:           145896 kB
MemTotal:        1844596 kB
MemFree:         1527068 kB
MemAvailable:    1563732 kB
Buffers:           19236 kB
Cached:           145896 kB
MemTotal:        1844596 kB
MemFree:         1526980 kB
MemAvailable:    1563644 kB
Buffers:           19236 kB
Cached:           145896 kB
MemTotal:        1844596 kB
MemFree:         1526620 kB
MemAvailable:    1563284 kB
Buffers:           19236 kB
Cached:           145896 kB
MemTotal:        1844596 kB
MemFree:         1525272 kB
MemAvailable:    1561936 kB
Buffers:           19236 kB
Cached:           145896 kB
MemTotal:        1844596 kB
MemFree:         1525272 kB
MemAvailable:    1561936 kB
Buffers:           19236 kB
Cached:           145896 kB
MemTotal:        1844596 kB
MemFree:         1525272 kB
MemAvailable:    1561936 kB
Buffers:           19236 kB
Cached:           145896 kB
MemTotal:        1844596 kB
MemFree:         1526564 kB
MemAvailable:    1563228 kB
Buffers:           19236 kB
Cached:           145896 kB
MemTotal:        1844596 kB
MemFree:         1526696 kB
MemAvailable:    1563360 kB
Buffers:           19236 kB
Cached:           145896 kB
MemTotal:        1844596 kB
MemFree:         1525396 kB
MemAvailable:    1562060 kB
Buffers:           19236 kB
Cached:           145896 kB
MemTotal:        1844596 kB
MemFree:         1525512 kB
MemAvailable:    1562176 kB
Buffers:           19236 kB
Cached:           145896 kB
MemTotal:        1844596 kB
MemFree:         1526820 kB
MemAvailable:    1563484 kB
Buffers:           19236 kB
Cached:           145896 kB
MemTotal:        1844596 kB
MemFree:         1526564 kB
MemAvailable:    1563228 kB
Buffers:           19236 kB
Cached:           145896 kB
MemTotal:        1844596 kB
MemFree:         1526016 kB
MemAvailable:    1562680 kB
Buffers:           19236 kB
Cached:           145896 kB
MemTotal:        1844596 kB
MemFree:         1526016 kB
MemAvailable:    1562680 kB
Buffers:           19236 kB
Cached:           145896 kB
MemTotal:        1844596 kB
MemFree:         1524784 kB
MemAvailable:    1561448 kB
Buffers:           19236 kB
Cached:           145896 kB
MemTotal:        1844596 kB
MemFree:         1526084 kB
MemAvailable:    1562748 kB
Buffers:           19236 kB
Cached:           145896 kB
MemTotal:        1844596 kB
MemFree:         1525820 kB
MemAvailable:    1562484 kB
Buffers:           19236 kB
Cached:           145896 kB
MemTotal:        1844596 kB
MemFree:         1524644 kB
MemAvailable:    1561308 kB
Buffers:           19236 kB
Cached:           145896 kB
MemTotal:        1844596 kB
MemFree:         1524644 kB
MemAvailable:    1561308 kB
Buffers:           19236 kB
Cached:           145896 kB
MemTotal:        1844596 kB
MemFree:         1524264 kB
MemAvailable:    1560928 kB
Buffers:           19236 kB
Cached:           145896 kB
MemTotal:        1844596 kB
MemFree:         1525432 kB
MemAvailable:    1562096 kB
Buffers:           19236 kB
Cached:           145896 kB
MemTotal:        1844596 kB
MemFree:         1525600 kB
MemAvailable:    1562264 kB
Buffers:           19236 kB
Cached:           145896 kB
MemTotal:        1844596 kB
MemFree:         1524292 kB
MemAvailable:    1560956 kB
Buffers:           19236 kB
Cached:           145896 kB
MemTotal:        1844596 kB
MemFree:         1524328 kB
MemAvailable:    1560992 kB
Buffers:           19236 kB
Cached:           145896 kB
MemTotal:        1844596 kB
MemFree:         1525688 kB
MemAvailable:    1562352 kB
Buffers:           19236 kB
Cached:           145896 kB
MemTotal:        1844596 kB
MemFree:         1525516 kB
MemAvailable:    1562180 kB
Buffers:           19236 kB
Cached:           145896 kB
MemTotal:        1844596 kB
MemFree:         1525584 kB
MemAvailable:    1562248 kB
Buffers:           19236 kB
Cached:           145896 kB
MemTotal:        1844596 kB
MemFree:         1524568 kB
MemAvailable:    1561232 kB
Buffers:           19236 kB
Cached:           145896 kB
MemTotal:        1844596 kB
MemFree:         1524528 kB
MemAvailable:    1561192 kB
Buffers:           19236 kB
Cached:           145896 kB
MemTotal:        1844596 kB
MemFree:         1521544 kB
MemAvailable:    1558208 kB
Buffers:           19236 kB
Cached:           145896 kB
MemTotal:        1844596 kB
MemFree:         1519252 kB
MemAvailable:    1555916 kB
Buffers:           19236 kB
Cached:           145896 kB
MemTotal:        1844596 kB
MemFree:         1517020 kB
MemAvailable:    1553684 kB
Buffers:           19236 kB
Cached:           145896 kB
MemTotal:        1844596 kB
MemFree:         1518064 kB
MemAvailable:    1554728 kB
Buffers:           19236 kB
Cached:           145896 kB
MemTotal:        1844596 kB
MemFree:         1516360 kB
MemAvailable:    1553024 kB
Buffers:           19236 kB
Cached:           145896 kB
MemTotal:        1844596 kB
MemFree:         1516476 kB
MemAvailable:    1553140 kB
Buffers:           19236 kB
Cached:           145896 kB
MemTotal:        1844596 kB
MemFree:         1516352 kB
MemAvailable:    1553016 kB
Buffers:           19236 kB
Cached:           145896 kB
MemTotal:        1844596 kB
MemFree:         1517700 kB
MemAvailable:    1554364 kB
Buffers:           19236 kB
Cached:           145896 kB
MemTotal:        1844596 kB
MemFree:         1517780 kB
MemAvailable:    1554444 kB
Buffers:           19236 kB
Cached:           145896 kB
MemTotal:        1844596 kB
MemFree:         1516504 kB
MemAvailable:    1553168 kB
Buffers:           19236 kB
Cached:           145896 kB
MemTotal:        1844596 kB
MemFree:         1517688 kB
MemAvailable:    1554352 kB
Buffers:           19236 kB
Cached:           145896 kB
MemTotal:        1844596 kB
MemFree:         1516400 kB
MemAvailable:    1553064 kB
Buffers:           19236 kB
Cached:           145896 kB
MemTotal:        1844596 kB
MemFree:         1516144 kB
MemAvailable:    1552820 kB
Buffers:           19236 kB
Cached:           145904 kB
MemTotal:        1844596 kB
MemFree:         1517660 kB
MemAvailable:    1554336 kB
Buffers:           19236 kB
Cached:           145904 kB
MemTotal:        1844596 kB
MemFree:         1516764 kB
MemAvailable:    1553440 kB
Buffers:           19236 kB
Cached:           145904 kB
MemTotal:        1844596 kB
MemFree:         1516640 kB
MemAvailable:    1553316 kB
Buffers:           19236 kB
Cached:           145904 kB
MemTotal:        1844596 kB
MemFree:         1517816 kB
MemAvailable:    1554492 kB
Buffers:           19236 kB
Cached:           145904 kB
MemTotal:        1844596 kB
MemFree:         1516640 kB
MemAvailable:    1553316 kB
Buffers:           19236 kB
Cached:           145904 kB
MemTotal:        1844596 kB
MemFree:         1517516 kB
MemAvailable:    1554192 kB
Buffers:           19236 kB
Cached:           145904 kB
MemTotal:        1844596 kB
MemFree:         1515896 kB
MemAvailable:    1552572 kB
Buffers:           19236 kB
Cached:           145904 kB
MemTotal:        1844596 kB
MemFree:         1516804 kB
MemAvailable:    1553480 kB
Buffers:           19236 kB
Cached:           145904 kB
MemTotal:        1844596 kB
MemFree:         1516680 kB
MemAvailable:    1553356 kB
Buffers:           19236 kB
Cached:           145904 kB
MemTotal:        1844596 kB
MemFree:         1515408 kB
MemAvailable:    1552084 kB
Buffers:           19236 kB
Cached:           145904 kB
MemTotal:        1844596 kB
MemFree:         1515956 kB
MemAvailable:    1552632 kB
Buffers:           19236 kB
Cached:           145904 kB
MemTotal:        1844596 kB
MemFree:         1516292 kB
MemAvailable:    1552968 kB
Buffers:           19236 kB
Cached:           145904 kB
MemTotal:        1844596 kB
MemFree:         1515964 kB
MemAvailable:    1552640 kB
Buffers:           19236 kB
Cached:           145904 kB
MemTotal:        1844596 kB
MemFree:         1514772 kB
MemAvailable:    1551448 kB
Buffers:           19236 kB
Cached:           145904 kB
MemTotal:        1844596 kB
MemFree:         1514856 kB
MemAvailable:    1551532 kB
Buffers:           19236 kB
Cached:           145904 kB
MemTotal:        1844596 kB
MemFree:         1514644 kB
MemAvailable:    1551320 kB
Buffers:           19236 kB
Cached:           145904 kB
MemTotal:        1844596 kB
MemFree:         1514896 kB
MemAvailable:    1551572 kB
Buffers:           19236 kB
Cached:           145904 kB
MemTotal:        1844596 kB
MemFree:         1513052 kB
MemAvailable:    1549728 kB
Buffers:           19236 kB
Cached:           145904 kB
MemTotal:        1844596 kB
MemFree:         1514292 kB
MemAvailable:    1550968 kB
Buffers:           19236 kB
Cached:           145904 kB
MemTotal:        1844596 kB
MemFree:         1513168 kB
MemAvailable:    1549844 kB
Buffers:           19236 kB
Cached:           145904 kB
MemTotal:        1844596 kB
MemFree:         1514044 kB
MemAvailable:    1550720 kB
Buffers:           19236 kB
Cached:           145904 kB
MemTotal:        1844596 kB
MemFree:         1512804 kB
MemAvailable:    1549480 kB
Buffers:           19236 kB
Cached:           145904 kB
MemTotal:        1844596 kB
MemFree:         1513652 kB
MemAvailable:    1550328 kB
Buffers:           19236 kB
Cached:           145904 kB
MemTotal:        1844596 kB
MemFree:         1513908 kB
MemAvailable:    1550584 kB
Buffers:           19236 kB
Cached:           145904 kB
MemTotal:        1844596 kB
MemFree:         1513652 kB
MemAvailable:    1550328 kB
Buffers:           19236 kB
Cached:           145904 kB
MemTotal:        1844596 kB
MemFree:         1513964 kB
MemAvailable:    1550640 kB
Buffers:           19236 kB
Cached:           145904 kB
MemTotal:        1844596 kB
MemFree:         1513424 kB
MemAvailable:    1550100 kB
Buffers:           19236 kB
Cached:           145904 kB
MemTotal:        1844596 kB
MemFree:         1512536 kB
MemAvailable:    1549212 kB
Buffers:           19236 kB
Cached:           145904 kB
MemTotal:        1844596 kB
MemFree:         1513548 kB
MemAvailable:    1550224 kB
Buffers:           19236 kB
Cached:           145904 kB
MemTotal:        1844596 kB
MemFree:         1513160 kB
MemAvailable:    1549836 kB
Buffers:           19236 kB
Cached:           145904 kB
MemTotal:        1844596 kB
MemFree:         1513160 kB
MemAvailable:    1549836 kB
Buffers:           19236 kB
Cached:           145904 kB
MemTotal:        1844596 kB
MemFree:         1508456 kB
MemAvailable:    1545132 kB
Buffers:           19236 kB
Cached:           145904 kB
MemTotal:        1844596 kB
MemFree:         1508712 kB
MemAvailable:    1545388 kB
Buffers:           19236 kB
Cached:           145904 kB
MemTotal:        1844596 kB
MemFree:         1508520 kB
MemAvailable:    1545196 kB
Buffers:           19236 kB
Cached:           145904 kB
MemTotal:        1844596 kB
MemFree:         1508260 kB
MemAvailable:    1544936 kB
Buffers:           19236 kB
Cached:           145904 kB
MemTotal:        1844596 kB
MemFree:         1508300 kB
MemAvailable:    1544976 kB
Buffers:           19236 kB
Cached:           145904 kB
MemTotal:        1844596 kB
MemFree:         1506976 kB
MemAvailable:    1543652 kB
Buffers:           19236 kB
Cached:           145904 kB
MemTotal:        1844596 kB
MemFree:         1507656 kB
MemAvailable:    1544332 kB
Buffers:           19236 kB
Cached:           145904 kB
MemTotal:        1844596 kB
MemFree:         1506424 kB
MemAvailable:    1543100 kB
Buffers:           19236 kB
Cached:           145904 kB
MemTotal:        1844596 kB
MemFree:         1507648 kB
MemAvailable:    1544324 kB
Buffers:           19236 kB
Cached:           145904 kB
MemTotal:        1844596 kB
MemFree:         1507984 kB
MemAvailable:    1544660 kB
Buffers:           19236 kB
Cached:           145904 kB
MemTotal:        1844596 kB
MemFree:         1507524 kB
MemAvailable:    1544200 kB
Buffers:           19236 kB
Cached:           145904 kB
MemTotal:        1844596 kB
MemFree:         1507780 kB
MemAvailable:    1544456 kB
Buffers:           19236 kB
Cached:           145904 kB
MemTotal:        1844596 kB
MemFree:         1506540 kB
MemAvailable:    1543216 kB
Buffers:           19236 kB
Cached:           145904 kB
MemTotal:        1844596 kB
MemFree:         1505604 kB
MemAvailable:    1542280 kB
Buffers:           19236 kB
Cached:           145904 kB
MemTotal:        1844596 kB
MemFree:         1503620 kB
MemAvailable:    1540300 kB
Buffers:           19236 kB
Cached:           145908 kB
MemTotal:        1844596 kB
MemFree:         1503504 kB
MemAvailable:    1540184 kB
Buffers:           19236 kB
Cached:           145908 kB
MemTotal:        1844596 kB
MemFree:         1503380 kB
MemAvailable:    1540060 kB
Buffers:           19236 kB
Cached:           145908 kB
MemTotal:        1844596 kB
MemFree:         1504480 kB
MemAvailable:    1541160 kB
Buffers:           19236 kB
Cached:           145908 kB
MemTotal:        1844596 kB
MemFree:         1504816 kB
MemAvailable:    1541496 kB
Buffers:           19236 kB
Cached:           145908 kB
MemTotal:        1844596 kB
MemFree:         1506532 kB
MemAvailable:    1543212 kB
Buffers:           19236 kB
Cached:           145908 kB
MemTotal:        1844596 kB
MemFree:         1506784 kB
MemAvailable:    1543464 kB
Buffers:           19236 kB
Cached:           145908 kB
MemTotal:        1844596 kB
MemFree:         1506780 kB
MemAvailable:    1543460 kB
Buffers:           19236 kB
Cached:           145908 kB
MemTotal:        1844596 kB
MemFree:         1506788 kB
MemAvailable:    1543636 kB
Buffers:           19236 kB
Cached:           146032 kB
MemTotal:        1844596 kB
MemFree:         1506532 kB
MemAvailable:    1543464 kB
Buffers:           19236 kB
Cached:           146156 kB
MemTotal:        1844596 kB
MemFree:         1505364 kB
MemAvailable:    1542380 kB
Buffers:           19236 kB
Cached:           146280 kB
MemTotal:        1844596 kB
MemFree:         1504548 kB
MemAvailable:    1541732 kB
Buffers:           19236 kB
Cached:           146404 kB
MemTotal:        1844596 kB
MemFree:         1504544 kB
MemAvailable:    1541728 kB
Buffers:           19236 kB
Cached:           146404 kB
MemTotal:        1844596 kB
MemFree:         1505420 kB
MemAvailable:    1542688 kB
Buffers:           19236 kB
Cached:           146528 kB
MemTotal:        1844596 kB
MemFree:         1504588 kB
MemAvailable:    1541940 kB
Buffers:           19236 kB
Cached:           146652 kB
MemTotal:        1844596 kB
MemFree:         1505884 kB
MemAvailable:    1543236 kB
Buffers:           19236 kB
Cached:           146652 kB
MemTotal:        1844596 kB
MemFree:         1506172 kB
MemAvailable:    1543524 kB
Buffers:           19236 kB
Cached:           146652 kB
MemTotal:        1844596 kB
MemFree:         1504696 kB
MemAvailable:    1542048 kB
Buffers:           19236 kB
Cached:           146652 kB
MemTotal:        1844596 kB
MemFree:         1506268 kB
MemAvailable:    1543032 kB
Buffers:           19236 kB
Cached:           145980 kB
MemTotal:        1844596 kB
MemFree:         1506436 kB
MemAvailable:    1543200 kB
Buffers:           19236 kB
Cached:           145980 kB
MemTotal:        1844596 kB
MemFree:         1573444 kB
MemAvailable:    1610208 kB
Buffers:           19236 kB
Cached:           145980 kB
