MemTotal:        1844596 kB
MemFree:         1527672 kB
MemAvailable:    1581096 kB
Buffers:           21748 kB
Cached:           161112 kB
MemTotal:        1844596 kB
MemFree:         1525068 kB
MemAvailable:    1578492 kB
Buffers:           21748 kB
Cached:           161112 kB
MemTotal:        1844596 kB
MemFree:         1525680 kB
MemAvailable:    1579104 kB
Buffers:           21748 kB
Cached:           161112 kB
MemTotal:        1844596 kB
MemFree:         1522836 kB
MemAvailable:    1576260 kB
Buffers:           21748 kB
Cached:           161112 kB
MemTotal:        1844596 kB
MemFree:         1523016 kB
MemAvailable:    1576440 kB
Buffers:           21748 kB
Cached:           161112 kB
MemTotal:        1844596 kB
MemFree:         1521324 kB
MemAvailable:    1574748 kB
Buffers:           21748 kB
Cached:           161112 kB
MemTotal:        1844596 kB
MemFree:         1519488 kB
MemAvailable:    1572912 kB
Buffers:           21748 kB
Cached:           161112 kB
MemTotal:        1844596 kB
MemFree:         1516820 kB
MemAvailable:    1570244 kB
Buffers:           21748 kB
Cached:           161112 kB
MemTotal:        1844596 kB
MemFree:         1515396 kB
MemAvailable:    1568820 kB
Buffers:           21748 kB
Cached:           161112 kB
MemTotal:        1844596 kB
MemFree:         1510800 kB
MemAvailable:    1564224 kB
Buffers:           21748 kB
Cached:           161112 kB
MemTotal:        1844596 kB
MemFree:         1512704 kB
MemAvailable:    1566128 kB
Buffers:           21748 kB
Cached:           161112 kB
MemTotal:        1844596 kB
MemFree:         1513040 kB
MemAvailable:    1566464 kB
Buffers:           21748 kB
Cached:           161112 kB
MemTotal:        1844596 kB
MemFree:         1512804 kB
MemAvailable:    1566228 kB
Buffers:           21748 kB
Cached:           161112 kB
MemTotal:        1844596 kB
MemFree:         1512048 kB
MemAvailable:    1565472 kB
Buffers:           21748 kB
Cached:           161112 kB
MemTotal:        1844596 kB
MemFree:         1512656 kB
MemAvailable:    1566080 kB
Buffers:           21748 kB
Cached:           161112 kB
MemTotal:        1844596 kB
MemFree:         1512288 kB
MemAvailable:    1565712 kB
Buffers:           21748 kB
Cached:           161112 kB
MemTotal:        1844596 kB
MemFree:         1512288 kB
MemAvailable:    1565712 kB
Buffers:           21748 kB
Cached:           161112 kB
MemTotal:        1844596 kB
MemFree:         1510296 kB
MemAvailable:    1563720 kB
Buffers:           21748 kB
Cached:           161112 kB
MemTotal:        1844596 kB
MemFree:         1510188 kB
MemAvailable:    1563612 kB
Buffers:           21748 kB
Cached:           161112 kB
MemTotal:        1844596 kB
MemFree:         1510184 kB
MemAvailable:    1563608 kB
Buffers:           21748 kB
Cached:           161112 kB
MemTotal:        1844596 kB
MemFree:         1509140 kB
MemAvailable:    1562564 kB
Buffers:           21748 kB
Cached:           161112 kB
MemTotal:        1844596 kB
MemFree:         1510284 kB
MemAvailable:    1563708 kB
Buffers:           21748 kB
Cached:           161112 kB
MemTotal:        1844596 kB
MemFree:         1510188 kB
MemAvailable:    1563612 kB
Buffers:           21748 kB
Cached:           161112 kB
MemTotal:        1844596 kB
MemFree:         1510352 kB
MemAvailable:    1563776 kB
Buffers:           21748 kB
Cached:           161112 kB
MemTotal:        1844596 kB
MemFree:         1509012 kB
MemAvailable:    1562436 kB
Buffers:           21748 kB
Cached:           161112 kB
MemTotal:        1844596 kB
MemFree:         1510308 kB
MemAvailable:    1563732 kB
Buffers:           21748 kB
Cached:           161112 kB
MemTotal:        1844596 kB
MemFree:         1509044 kB
MemAvailable:    1562468 kB
Buffers:           21748 kB
Cached:           161112 kB
MemTotal:        1844596 kB
MemFree:         1510348 kB
MemAvailable:    1563772 kB
Buffers:           21748 kB
Cached:           161112 kB
MemTotal:        1844596 kB
MemFree:         1511032 kB
MemAvailable:    1564456 kB
Buffers:           21748 kB
Cached:           161112 kB
MemTotal:        1844596 kB
MemFree:         1510808 kB
MemAvailable:    1564232 kB
Buffers:           21748 kB
Cached:           161112 kB
MemTotal:        1844596 kB
MemFree:         1509256 kB
MemAvailable:    1562680 kB
Buffers:           21748 kB
Cached:           161112 kB
MemTotal:        1844596 kB
MemFree:         1508140 kB
MemAvailable:    1561564 kB
Buffers:           21748 kB
Cached:           161112 kB
MemTotal:        1844596 kB
MemFree:         1507692 kB
MemAvailable:    1561116 kB
Buffers:           21748 kB
Cached:           161112 kB
MemTotal:        1844596 kB
MemFree:         1507460 kB
MemAvailable:    1560884 kB
Buffers:           21748 kB
Cached:           161112 kB
MemTotal:        1844596 kB
MemFree:         1507272 kB
MemAvailable:    1560696 kB
Buffers:           21748 kB
Cached:           161112 kB
MemTotal:        1844596 kB
MemFree:         1505840 kB
MemAvailable:    1559264 kB
Buffers:           21748 kB
Cached:           161112 kB
MemTotal:        1844596 kB
MemFree:         1506088 kB
MemAvailable:    1559512 kB
Buffers:           21748 kB
Cached:           161112 kB
MemTotal:        1844596 kB
MemFree:         1505980 kB
MemAvailable:    1559404 kB
Buffers:           21748 kB
Cached:           161112 kB
MemTotal:        1844596 kB
MemFree:         1505964 kB
MemAvailable:    1559388 kB
Buffers:           21748 kB
Cached:           161112 kB
MemTotal:        1844596 kB
MemFree:         1505964 kB
MemAvailable:    1559388 kB
Buffers:           21748 kB
Cached:           161112 kB
MemTotal:        1844596 kB
MemFree:         1504848 kB
MemAvailable:    1558272 kB
Buffers:           21748 kB
Cached:           161112 kB
MemTotal:        1844596 kB
MemFree:         1506040 kB
MemAvailable:    1559464 kB
Buffers:           21748 kB
Cached:           161112 kB
MemTotal:        1844596 kB
MemFree:         1506040 kB
MemAvailable:    1559464 kB
Buffers:           21748 kB
Cached:           161112 kB
MemTotal:        1844596 kB
MemFree:         1506024 kB
MemAvailable:    1559448 kB
Buffers:           21748 kB
Cached:           161112 kB
MemTotal:        1844596 kB
MemFree:         1504468 kB
MemAvailable:    1557892 kB
Buffers:           21748 kB
Cached:           161112 kB
MemTotal:        1844596 kB
MemFree:         1504476 kB
MemAvailable:    1557900 kB
Buffers:           21748 kB
Cached:           161112 kB
MemTotal:        1844596 kB
MemFree:         1504096 kB
MemAvailable:    1557520 kB
Buffers:           21748 kB
Cached:           161112 kB
MemTotal:        1844596 kB
MemFree:         1503808 kB
MemAvailable:    1557240 kB
Buffers:           21748 kB
Cached:           161120 kB
MemTotal:        1844596 kB
MemFree:         1505032 kB
MemAvailable:    1558464 kB
Buffers:           21748 kB
Cached:           161120 kB
MemTotal:        1844596 kB
MemFree:         1505104 kB
MemAvailable:    1558536 kB
Buffers:           21748 kB
Cached:           161120 kB
MemTotal:        1844596 kB
MemFree:         1505076 kB
MemAvailable:    1558508 kB
Buffers:           21748 kB
Cached:           161120 kB
MemTotal:        1844596 kB
MemFree:         1505328 kB
MemAvailable:    1558760 kB
Buffers:           21748 kB
Cached:           161120 kB
MemTotal:        1844596 kB
MemFree:         1505224 kB
MemAvailable:    1558656 kB
Buffers:           21748 kB
Cached:           161120 kB
MemTotal:        1844596 kB
MemFree:         1505136 kB
MemAvailable:    1558568 kB
Buffers:           21748 kB
Cached:           161120 kB
MemTotal:        1844596 kB
MemFree:         1504972 kB
MemAvailable:    1558404 kB
Buffers:           21748 kB
Cached:           161120 kB
MemTotal:        1844596 kB
MemFree:         1504972 kB
MemAvailable:    1558404 kB
Buffers:           21748 kB
Cached:           161120 kB
MemTotal:        1844596 kB
MemFree:         1505116 kB
MemAvailable:    1558548 kB
Buffers:           21748 kB
Cached:           161120 kB
MemTotal:        1844596 kB
MemFree:         1505028 kB
MemAvailable:    1558460 kB
Buffers:           21748 kB
Cached:           161120 kB
MemTotal:        1844596 kB
MemFree:         1504896 kB
MemAvailable:    1558328 kB
Buffers:           21748 kB
Cached:           161120 kB
MemTotal:        1844596 kB
MemFree:         1504564 kB
MemAvailable:    1557996 kB
Buffers:           21748 kB
Cached:           161120 kB
MemTotal:        1844596 kB
MemFree:         1504564 kB
MemAvailable:    1557996 kB
Buffers:           21748 kB
Cached:           161120 kB
MemTotal:        1844596 kB
MemFree:         1504396 kB
MemAvailable:    1557828 kB
Buffers:           21748 kB
Cached:           161120 kB
MemTotal:        1844596 kB
MemFree:         1504072 kB
MemAvailable:    1557504 kB
Buffers:           21748 kB
Cached:           161120 kB
MemTotal:        1844596 kB
MemFree:         1504324 kB
MemAvailable:    1557756 kB
Buffers:           21748 kB
Cached:           161120 kB
MemTotal:        1844596 kB
MemFree:         1504224 kB
MemAvailable:    1557656 kB
Buffers:           21748 kB
Cached:           161120 kB
MemTotal:        1844596 kB
MemFree:         1504112 kB
MemAvailable:    1557544 kB
Buffers:           21748 kB
Cached:           161120 kB
MemTotal:        1844596 kB
MemFree:         1502972 kB
MemAvailable:    1556404 kB
Buffers:           21748 kB
Cached:           161120 kB
MemTotal:        1844596 kB
MemFree:         1503048 kB
MemAvailable:    1556480 kB
Buffers:           21748 kB
Cached:           161120 kB
MemTotal:        1844596 kB
MemFree:         1504092 kB
MemAvailable:    1557524 kB
Buffers:           21748 kB
Cached:           161120 kB
MemTotal:        1844596 kB
MemFree:         1504220 kB
MemAvailable:    1557652 kB
Buffers:           21748 kB
Cached:           161120 kB
MemTotal:        1844596 kB
MemFree:         1504144 kB
MemAvailable:    1557576 kB
Buffers:           21748 kB
Cached:           161120 kB
MemTotal:        1844596 kB
MemFree:         1502664 kB
MemAvailable:    1556096 kB
Buffers:           21748 kB
Cached:           161120 kB
MemTotal:        1844596 kB
MemFree:         1500888 kB
MemAvailable:    1554320 kB
Buffers:           21748 kB
Cached:           161120 kB
MemTotal:        1844596 kB
MemFree:         1498532 kB
MemAvailable:    1551964 kB
Buffers:           21748 kB
Cached:           161120 kB
MemTotal:        1844596 kB
MemFree:         1496780 kB
MemAvailable:    1550212 kB
Buffers:           21748 kB
Cached:           161120 kB
MemTotal:        1844596 kB
MemFree:         1496052 kB
MemAvailable:    1549484 kB
Buffers:           21748 kB
Cached:           161120 kB
MemTotal:        1844596 kB
MemFree:         1496460 kB
MemAvailable:    1549892 kB
Buffers:           21748 kB
Cached:           161120 kB
MemTotal:        1844596 kB
MemFree:         1495308 kB
MemAvailable:    1548740 kB
Buffers:           21748 kB
Cached:           161120 kB
MemTotal:        1844596 kB
MemFree:         1496036 kB
MemAvailable:    1549472 kB
Buffers:           21748 kB
Cached:           161124 kB
MemTotal:        1844596 kB
MemFree:         1496288 kB
MemAvailable:    1549724 kB
Buffers:           21748 kB
Cached:           161124 kB
MemTotal:        1844596 kB
MemFree:         1494880 kB
MemAvailable:    1548316 kB
Buffers:           21748 kB
Cached:           161124 kB
MemTotal:        1844596 kB
MemFree:         1495012 kB
MemAvailable:    1548448 kB
Buffers:           21748 kB
Cached:           161124 kB
MemTotal:        1844596 kB
MemFree:         1496168 kB
MemAvailable:    1549604 kB
Buffers:           21748 kB
Cached:           161124 kB
MemTotal:        1844596 kB
MemFree:         1496420 kB
MemAvailable:    1549856 kB
Buffers:           21748 kB
Cached:           161124 kB
MemTotal:        1844596 kB
MemFree:         1494888 kB
MemAvailable:    1548324 kB
Buffers:           21748 kB
Cached:           161124 kB
MemTotal:        1844596 kB
MemFree:         1496128 kB
MemAvailable:    1549564 kB
Buffers:           21748 kB
Cached:           161124 kB
MemTotal:        1844596 kB
MemFree:         1496036 kB
MemAvailable:    1549472 kB
Buffers:           21748 kB
Cached:           161124 kB
MemTotal:        1844596 kB
MemFree:         1496288 kB
MemAvailable:    1549724 kB
Buffers:           21748 kB
Cached:           161124 kB
MemTotal:        1844596 kB
MemFree:         1496216 kB
MemAvailable:    1549652 kB
Buffers:           21748 kB
Cached:           161124 kB
MemTotal:        1844596 kB
MemFree:         1496152 kB
MemAvailable:    1549588 kB
Buffers:           21748 kB
Cached:           161124 kB
MemTotal:        1844596 kB
MemFree:         1495672 kB
MemAvailable:    1549108 kB
Buffers:           21748 kB
Cached:           161124 kB
MemTotal:        1844596 kB
MemFree:         1496176 kB
MemAvailable:    1549612 kB
Buffers:           21748 kB
Cached:           161124 kB
MemTotal:        1844596 kB
MemFree:         1494680 kB
MemAvailable:    1548116 kB
Buffers:           21748 kB
Cached:           161124 kB
MemTotal:        1844596 kB
MemFree:         1495104 kB
MemAvailable:    1548540 kB
Buffers:           21748 kB
Cached:           161124 kB
MemTotal:        1844596 kB
MemFree:         1495440 kB
MemAvailable:    1548876 kB
Buffers:           21748 kB
Cached:           161124 kB
MemTotal:        1844596 kB
MemFree:         1494548 kB
MemAvailable:    1547984 kB
Buffers:           21748 kB
Cached:           161124 kB
MemTotal:        1844596 kB
MemFree:         1494632 kB
MemAvailable:    1548068 kB
Buffers:           21748 kB
Cached:           161124 kB
MemTotal:        1844596 kB
MemFree:         1494624 kB
MemAvailable:    1548060 kB
Buffers:           21748 kB
Cached:           161124 kB
MemTotal:        1844596 kB
MemFree:         1493748 kB
MemAvailable:    1547184 kB
Buffers:           21748 kB
Cached:           161124 kB
MemTotal:        1844596 kB
MemFree:         1492456 kB
MemAvailable:    1545892 kB
Buffers:           21748 kB
Cached:           161124 kB
MemTotal:        1844596 kB
MemFree:         1493260 kB
MemAvailable:    1546696 kB
Buffers:           21748 kB
Cached:           161124 kB
MemTotal:        1844596 kB
MemFree:         1492888 kB
MemAvailable:    1546324 kB
Buffers:           21748 kB
Cached:           161124 kB
MemTotal:        1844596 kB
MemFree:         1491456 kB
MemAvailable:    1544892 kB
Buffers:           21748 kB
Cached:           161124 kB
MemTotal:        1844596 kB
MemFree:         1492556 kB
MemAvailable:    1545992 kB
Buffers:           21748 kB
Cached:           161124 kB
MemTotal:        1844596 kB
MemFree:         1492556 kB
MemAvailable:    1545992 kB
Buffers:           21748 kB
Cached:           161124 kB
MemTotal:        1844596 kB
MemFree:         1492136 kB
MemAvailable:    1545572 kB
Buffers:           21748 kB
Cached:           161124 kB
MemTotal:        1844596 kB
MemFree:         1492472 kB
MemAvailable:    1545908 kB
Buffers:           21748 kB
Cached:           161124 kB
MemTotal:        1844596 kB
MemFree:         1492256 kB
MemAvailable:    1545692 kB
Buffers:           21748 kB
Cached:           161124 kB
MemTotal:        1844596 kB
MemFree:         1492508 kB
MemAvailable:    1545944 kB
Buffers:           21748 kB
Cached:           161124 kB
MemTotal:        1844596 kB
MemFree:         1492276 kB
MemAvailable:    1545712 kB
Buffers:           21748 kB
Cached:           161124 kB
MemTotal:        1844596 kB
MemFree:         1492324 kB
MemAvailable:    1545760 kB
Buffers:           21748 kB
Cached:           161124 kB
MemTotal:        1844596 kB
MemFree:         1491588 kB
MemAvailable:    1545024 kB
Buffers:           21748 kB
Cached:           161124 kB
MemTotal:        1844596 kB
MemFree:         1491820 kB
MemAvailable:    1545256 kB
Buffers:           21748 kB
Cached:           161124 kB
MemTotal:        1844596 kB
MemFree:         1491820 kB
MemAvailable:    1545148 kB
Buffers:           21748 kB
Cached:           161124 kB
MemTotal:        1844596 kB
MemFree:         1490292 kB
MemAvailable:    1543728 kB
Buffers:           21748 kB
Cached:           161124 kB
MemTotal:        1844596 kB
MemFree:         1487680 kB
MemAvailable:    1541116 kB
Buffers:           21760 kB
Cached:           161112 kB
MemTotal:        1844596 kB
MemFree:         1487124 kB
MemAvailable:    1540560 kB
Buffers:           21760 kB
Cached:           161112 kB
MemTotal:        1844596 kB
MemFree:         1487056 kB
MemAvailable:    1540492 kB
Buffers:           21760 kB
Cached:           161112 kB
MemTotal:        1844596 kB
MemFree:         1485364 kB
MemAvailable:    1538800 kB
Buffers:           21760 kB
Cached:           161112 kB
MemTotal:        1844596 kB
MemFree:         1485768 kB
MemAvailable:    1539204 kB
Buffers:           21760 kB
Cached:           161112 kB
MemTotal:        1844596 kB
MemFree:         1486556 kB
MemAvailable:    1540012 kB
Buffers:           21760 kB
Cached:           161132 kB
MemTotal:        1844596 kB
MemFree:         1485388 kB
MemAvailable:    1538844 kB
Buffers:           21760 kB
Cached:           161132 kB
MemTotal:        1844596 kB
MemFree:         1484960 kB
MemAvailable:    1538416 kB
Buffers:           21760 kB
Cached:           161132 kB
MemTotal:        1844596 kB
MemFree:         1485076 kB
MemAvailable:    1538532 kB
Buffers:           21760 kB
Cached:           161132 kB
MemTotal:        1844596 kB
MemFree:         1486384 kB
MemAvailable:    1539840 kB
Buffers:           21760 kB
Cached:           161132 kB
MemTotal:        1844596 kB
MemFree:         1484388 kB
MemAvailable:    1537844 kB
Buffers:           21760 kB
Cached:           161132 kB
MemTotal:        1844596 kB
MemFree:         1483712 kB
MemAvailable:    1537168 kB
Buffers:           21760 kB
Cached:           161132 kB
MemTotal:        1844596 kB
MemFree:         1482288 kB
MemAvailable:    1535744 kB
Buffers:           21760 kB
Cached:           161132 kB
MemTotal:        1844596 kB
MemFree:         1483528 kB
MemAvailable:    1536984 kB
Buffers:           21760 kB
Cached:           161132 kB
MemTotal:        1844596 kB
MemFree:         1482784 kB
MemAvailable:    1536240 kB
Buffers:           21760 kB
Cached:           161132 kB
MemTotal:        1844596 kB
MemFree:         1483088 kB
MemAvailable:    1536544 kB
Buffers:           21760 kB
Cached:           161132 kB
MemTotal:        1844596 kB
MemFree:         1483340 kB
MemAvailable:    1536796 kB
Buffers:           21760 kB
Cached:           161132 kB
MemTotal:        1844596 kB
MemFree:         1483320 kB
MemAvailable:    1536776 kB
Buffers:           21760 kB
Cached:           161132 kB
MemTotal:        1844596 kB
MemFree:         1483952 kB
MemAvailable:    1537408 kB
Buffers:           21760 kB
Cached:           161132 kB
MemTotal:        1844596 kB
MemFree:         1483944 kB
MemAvailable:    1537400 kB
Buffers:           21760 kB
Cached:           161132 kB
MemTotal:        1844596 kB
MemFree:         1483820 kB
MemAvailable:    1537360 kB
Buffers:           21760 kB
Cached:           161256 kB
MemTotal:        1844596 kB
MemFree:         1485068 kB
MemAvailable:    1538776 kB
Buffers:           21760 kB
Cached:           161380 kB
MemTotal:        1844596 kB
MemFree:         1484672 kB
MemAvailable:    1538548 kB
Buffers:           21760 kB
Cached:           161504 kB
MemTotal:        1844596 kB
MemFree:         1484672 kB
MemAvailable:    1538548 kB
Buffers:           21760 kB
Cached:           161504 kB
MemTotal:        1844596 kB
MemFree:         1483472 kB
MemAvailable:    1537432 kB
Buffers:           21760 kB
Cached:           161628 kB
MemTotal:        1844596 kB
MemFree:         1484772 kB
MemAvailable:    1538816 kB
Buffers:           21760 kB
Cached:           161628 kB
MemTotal:        1844596 kB
MemFree:         1484684 kB
MemAvailable:    1538728 kB
Buffers:           21760 kB
Cached:           161628 kB
MemTotal:        1844596 kB
MemFree:         1483652 kB
MemAvailable:    1537696 kB
Buffers:           21760 kB
Cached:           161752 kB
MemTotal:        1844596 kB
MemFree:         1484328 kB
MemAvailable:    1538372 kB
Buffers:           21760 kB
Cached:           161752 kB
MemTotal:        1844596 kB
MemFree:         1484664 kB
MemAvailable:    1538708 kB
Buffers:           21760 kB
Cached:           161752 kB
MemTotal:        1844596 kB
MemFree:         1484380 kB
MemAvailable:    1538424 kB
Buffers:           21760 kB
Cached:           161752 kB
MemTotal:        1844596 kB
MemFree:         1484504 kB
MemAvailable:    1538548 kB
Buffers:           21760 kB
Cached:           161752 kB
MemTotal:        1844596 kB
MemFree:         1483144 kB
MemAvailable:    1537188 kB
Buffers:           21760 kB
Cached:           161752 kB
MemTotal:        1844596 kB
MemFree:         1485068 kB
MemAvailable:    1538524 kB
Buffers:           21760 kB
Cached:           161204 kB
MemTotal:        1844596 kB
MemFree:         1484760 kB
MemAvailable:    1538216 kB
Buffers:           21760 kB
Cached:           161204 kB
MemTotal:        1844596 kB
MemFree:         1552172 kB
MemAvailable:    1605704 kB
Buffers:           21760 kB
Cached:           161200 kB
