MemTotal:        1844596 kB
MemFree:         1541140 kB
MemAvailable:    1583056 kB
Buffers:           20036 kB
Cached:           149924 kB
MemTotal:        1844596 kB
MemFree:         1539280 kB
MemAvailable:    1581196 kB
Buffers:           20036 kB
Cached:           149924 kB
MemTotal:        1844596 kB
MemFree:         1537172 kB
MemAvailable:    1579088 kB
Buffers:           20036 kB
Cached:           149924 kB
MemTotal:        1844596 kB
MemFree:         1537276 kB
MemAvailable:    1579196 kB
Buffers:           20036 kB
Cached:           149928 kB
MemTotal:        1844596 kB
MemFree:         1536908 kB
MemAvailable:    1578828 kB
Buffers:           20036 kB
Cached:           149928 kB
MemTotal:        1844596 kB
MemFree:         1535676 kB
MemAvailable:    1577596 kB
Buffers:           20036 kB
Cached:           149928 kB
MemTotal:        1844596 kB
MemFree:         1533628 kB
MemAvailable:    1575552 kB
Buffers:           20036 kB
Cached:           149928 kB
MemTotal:        1844596 kB
MemFree:         1531220 kB
MemAvailable:    1573144 kB
Buffers:           20036 kB
Cached:           149928 kB
MemTotal:        1844596 kB
MemFree:         1528492 kB
MemAvailable:    1570416 kB
Buffers:           20036 kB
Cached:           149928 kB
MemTotal:        1844596 kB
MemFree:         1526872 kB
MemAvailable:    1568796 kB
Buffers:           20036 kB
Cached:           149928 kB
MemTotal:        1844596 kB
MemFree:         1525696 kB
MemAvailable:    1567620 kB
Buffers:           20036 kB
Cached:           149928 kB
MemTotal:        1844596 kB
MemFree:         1526928 kB
MemAvailable:    1568852 kB
Buffers:           20036 kB
Cached:           149928 kB
MemTotal:        1844596 kB
MemFree:         1526732 kB
MemAvailable:    1568656 kB
Buffers:           20036 kB
Cached:           149928 kB
MemTotal:        1844596 kB
MemFree:         1525732 kB
MemAvailable:    1567656 kB
Buffers:           20036 kB
Cached:           149928 kB
MemTotal:        1844596 kB
MemFree:         1525848 kB
MemAvailable:    1567772 kB
Buffers:           20036 kB
Cached:           149928 kB
MemTotal:        1844596 kB
MemFree:         1526632 kB
MemAvailable:    1568556 kB
Buffers:           20036 kB
Cached:           149928 kB
MemTotal:        1844596 kB
MemFree:         1525136 kB
MemAvailable:    1567060 kB
Buffers:           20036 kB
Cached:           149928 kB
MemTotal:        1844596 kB
MemFree:         1525392 kB
MemAvailable:    1567316 kB
Buffers:           20036 kB
Cached:           149928 kB
MemTotal:        1844596 kB
MemFree:         1524576 kB
MemAvailable:    1566500 kB
Buffers:           20036 kB
Cached:           149928 kB
MemTotal:        1844596 kB
MemFree:         1523408 kB
MemAvailable:    1565332 kB
Buffers:           20036 kB
Cached:           149928 kB
MemTotal:        1844596 kB
MemFree:         1524248 kB
MemAvailable:    1566172 kB
Buffers:           20036 kB
Cached:           149928 kB
MemTotal:        1844596 kB
MemFree:         1524584 kB
MemAvailable:    1566508 kB
Buffers:           20036 kB
Cached:           149928 kB
MemTotal:        1844596 kB
MemFree:         1524256 kB
MemAvailable:    1566180 kB
Buffers:           20036 kB
Cached:           149928 kB
MemTotal:        1844596 kB
MemFree:         1524392 kB
MemAvailable:    1566316 kB
Buffers:           20036 kB
Cached:           149928 kB
MemTotal:        1844596 kB
MemFree:         1524408 kB
MemAvailable:    1566332 kB
Buffers:           20036 kB
Cached:           149928 kB
MemTotal:        1844596 kB
MemFree:         1524404 kB
MemAvailable:    1566328 kB
Buffers:           20036 kB
Cached:           149928 kB
MemTotal:        1844596 kB
MemFree:         1525876 kB
MemAvailable:    1567800 kB
Buffers:           20036 kB
Cached:           149928 kB
MemTotal:        1844596 kB
MemFree:         1524524 kB
MemAvailable:    1566448 kB
Buffers:           20036 kB
Cached:           149928 kB
MemTotal:        1844596 kB
MemFree:         1525764 kB
MemAvailable:    1567688 kB
Buffers:           20036 kB
Cached:           149928 kB
MemTotal:        1844596 kB
MemFree:         1524204 kB
MemAvailable:    1566128 kB
Buffers:           20036 kB
Cached:           149928 kB
MemTotal:        1844596 kB
MemFree:         1522476 kB
MemAvailable:    1564400 kB
Buffers:           20036 kB
Cached:           149928 kB
MemTotal:        1844596 kB
MemFree:         1522104 kB
MemAvailable:    1564028 kB
Buffers:           20036 kB
Cached:           149928 kB
MemTotal:        1844596 kB
MemFree:         1520556 kB
MemAvailable:    1562480 kB
Buffers:           20036 kB
Cached:           149928 kB
MemTotal:        1844596 kB
MemFree:         1521168 kB
MemAvailable:    1563092 kB
Buffers:           20036 kB
Cached:           149928 kB
MemTotal:        1844596 kB
MemFree:         1521096 kB
MemAvailable:    1563020 kB
Buffers:           20036 kB
Cached:           149928 kB
MemTotal:        1844596 kB
MemFree:         1519316 kB
MemAvailable:    1561240 kB
Buffers:           20036 kB
Cached:           149928 kB
MemTotal:        1844596 kB
MemFree:         1520260 kB
MemAvailable:    1562188 kB
Buffers:           20036 kB
Cached:           149932 kB
MemTotal:        1844596 kB
MemFree:         1519820 kB
MemAvailable:    1561748 kB
Buffers:           20036 kB
Cached:           149932 kB
MemTotal:        1844596 kB
MemFree:         1520320 kB
MemAvailable:    1562248 kB
Buffers:           20036 kB
Cached:           149932 kB
MemTotal:        1844596 kB
MemFree:         1520116 kB
MemAvailable:    1562044 kB
Buffers:           20036 kB
Cached:           149932 kB
MemTotal:        1844596 kB
MemFree:         1520368 kB
MemAvailable:    1562296 kB
Buffers:           20036 kB
Cached:           149932 kB
MemTotal:        1844596 kB
MemFree:         1520244 kB
MemAvailable:    1562172 kB
Buffers:           20036 kB
Cached:           149932 kB
MemTotal:        1844596 kB
MemFree:         1519068 kB
MemAvailable:    1560996 kB
Buffers:           20036 kB
Cached:           149932 kB
MemTotal:        1844596 kB
MemFree:         1520136 kB
MemAvailable:    1562064 kB
Buffers:           20036 kB
Cached:           149932 kB
MemTotal:        1844596 kB
MemFree:         1518936 kB
MemAvailable:    1560864 kB
Buffers:           20036 kB
Cached:           149932 kB
MemTotal:        1844596 kB
MemFree:         1519748 kB
MemAvailable:    1561676 kB
Buffers:           20036 kB
Cached:           149932 kB
MemTotal:        1844596 kB
MemFree:         1518572 kB
MemAvailable:    1560500 kB
Buffers:           20036 kB
Cached:           149932 kB
MemTotal:        1844596 kB
MemFree:         1518068 kB
MemAvailable:    1559996 kB
Buffers:           20036 kB
Cached:           149932 kB
MemTotal:        1844596 kB
MemFree:         1518020 kB
MemAvailable:    1559948 kB
Buffers:           20036 kB
Cached:           149932 kB
MemTotal:        1844596 kB
MemFree:         1518020 kB
MemAvailable:    1559948 kB
Buffers:           20036 kB
Cached:           149932 kB
MemTotal:        1844596 kB
MemFree:         1519444 kB
MemAvailable:    1561372 kB
Buffers:           20036 kB
Cached:           149932 kB
MemTotal:        1844596 kB
MemFree:         1518192 kB
MemAvailable:    1560120 kB
Buffers:           20036 kB
Cached:           149932 kB
MemTotal:        1844596 kB
MemFree:         1519308 kB
MemAvailable:    1561236 kB
Buffers:           20036 kB
Cached:           149932 kB
MemTotal:        1844596 kB
MemFree:         1519160 kB
MemAvailable:    1561088 kB
Buffers:           20036 kB
Cached:           149932 kB
MemTotal:        1844596 kB
MemFree:         1519416 kB
MemAvailable:    1561344 kB
Buffers:           20036 kB
Cached:           149932 kB
MemTotal:        1844596 kB
MemFree:         1518004 kB
MemAvailable:    1559932 kB
Buffers:           20036 kB
Cached:           149932 kB
MemTotal:        1844596 kB
MemFree:         1519184 kB
MemAvailable:    1561112 kB
Buffers:           20036 kB
Cached:           149932 kB
MemTotal:        1844596 kB
MemFree:         1519520 kB
MemAvailable:    1561448 kB
Buffers:           20036 kB
Cached:           149932 kB
MemTotal:        1844596 kB
MemFree:         1519044 kB
MemAvailable:    1560972 kB
Buffers:           20036 kB
Cached:           149932 kB
MemTotal:        1844596 kB
MemFree:         1517820 kB
MemAvailable:    1559748 kB
Buffers:           20036 kB
Cached:           149932 kB
MemTotal:        1844596 kB
MemFree:         1518812 kB
MemAvailable:    1560740 kB
Buffers:           20036 kB
Cached:           149932 kB
MemTotal:        1844596 kB
MemFree:         1518332 kB
MemAvailable:    1560260 kB
Buffers:           20036 kB
Cached:           149932 kB
MemTotal:        1844596 kB
MemFree:         1518564 kB
MemAvailable:    1560492 kB
Buffers:           20036 kB
Cached:           149932 kB
MemTotal:        1844596 kB
MemFree:         1517456 kB
MemAvailable:    1559384 kB
Buffers:           20036 kB
Cached:           149932 kB
MemTotal:        1844596 kB
MemFree:         1518448 kB
MemAvailable:    1560376 kB
Buffers:           20036 kB
Cached:           149932 kB
MemTotal:        1844596 kB
MemFree:         1518308 kB
MemAvailable:    1560236 kB
Buffers:           20036 kB
Cached:           149932 kB
MemTotal:        1844596 kB
MemFree:         1518560 kB
MemAvailable:    1560488 kB
Buffers:           20036 kB
Cached:           149932 kB
MemTotal:        1844596 kB
MemFree:         1516940 kB
MemAvailable:    1558868 kB
Buffers:           20036 kB
Cached:           149932 kB
MemTotal:        1844596 kB
MemFree:         1517704 kB
MemAvailable:    1559632 kB
Buffers:           20036 kB
Cached:           149932 kB
MemTotal:        1844596 kB
MemFree:         1517028 kB
MemAvailable:    1558956 kB
Buffers:           20036 kB
Cached:           149932 kB
MemTotal:        1844596 kB
MemFree:         1517144 kB
MemAvailable:    1559072 kB
Buffers:           20036 kB
Cached:           149932 kB
MemTotal:        1844596 kB
MemFree:         1518328 kB
MemAvailable:    1560256 kB
Buffers:           20036 kB
Cached:           149932 kB
MemTotal:        1844596 kB
MemFree:         1518040 kB
MemAvailable:    1559968 kB
Buffers:           20036 kB
Cached:           149932 kB
MemTotal:        1844596 kB
MemFree:         1518292 kB
MemAvailable:    1560220 kB
Buffers:           20036 kB
Cached:           149932 kB
MemTotal:        1844596 kB
MemFree:         1518316 kB
MemAvailable:    1560248 kB
Buffers:           20036 kB
Cached:           149936 kB
MemTotal:        1844596 kB
MemFree:         1514916 kB
MemAvailable:    1556848 kB
Buffers:           20036 kB
Cached:           149936 kB
MemTotal:        1844596 kB
MemFree:         1512248 kB
MemAvailable:    1554180 kB
Buffers:           20036 kB
Cached:           149936 kB
MemTotal:        1844596 kB
MemFree:         1511176 kB
MemAvailable:    1553108 kB
Buffers:           20036 kB
Cached:           149936 kB
MemTotal:        1844596 kB
MemFree:         1510744 kB
MemAvailable:    1552676 kB
Buffers:           20036 kB
Cached:           149936 kB
MemTotal:        1844596 kB
MemFree:         1510828 kB
MemAvailable:    1552760 kB
Buffers:           20036 kB
Cached:           149936 kB
MemTotal:        1844596 kB
MemFree:         1509264 kB
MemAvailable:    1551196 kB
Buffers:           20036 kB
Cached:           149936 kB
MemTotal:        1844596 kB
MemFree:         1510372 kB
MemAvailable:    1552304 kB
Buffers:           20036 kB
Cached:           149936 kB
MemTotal:        1844596 kB
MemFree:         1510624 kB
MemAvailable:    1552556 kB
Buffers:           20036 kB
Cached:           149936 kB
MemTotal:        1844596 kB
MemFree:         1510400 kB
MemAvailable:    1552332 kB
Buffers:           20036 kB
Cached:           149936 kB
MemTotal:        1844596 kB
MemFree:         1510396 kB
MemAvailable:    1552328 kB
Buffers:           20036 kB
Cached:           149936 kB
MemTotal:        1844596 kB
MemFree:         1509644 kB
MemAvailable:    1551576 kB
Buffers:           20036 kB
Cached:           149936 kB
MemTotal:        1844596 kB
MemFree:         1510400 kB
MemAvailable:    1552332 kB
Buffers:           20036 kB
Cached:           149936 kB
MemTotal:        1844596 kB
MemFree:         1509272 kB
MemAvailable:    1551204 kB
Buffers:           20036 kB
Cached:           149936 kB
MemTotal:        1844596 kB
MemFree:         1510340 kB
MemAvailable:    1552272 kB
Buffers:           20036 kB
Cached:           149936 kB
MemTotal:        1844596 kB
MemFree:         1510532 kB
MemAvailable:    1552464 kB
Buffers:           20036 kB
Cached:           149936 kB
MemTotal:        1844596 kB
MemFree:         1508880 kB
MemAvailable:    1550812 kB
Buffers:           20036 kB
Cached:           149936 kB
MemTotal:        1844596 kB
MemFree:         1510396 kB
MemAvailable:    1552328 kB
Buffers:           20036 kB
Cached:           149936 kB
MemTotal:        1844596 kB
MemFree:         1510496 kB
MemAvailable:    1552428 kB
Buffers:           20036 kB
Cached:           149936 kB
MemTotal:        1844596 kB
MemFree:         1509124 kB
MemAvailable:    1551056 kB
Buffers:           20036 kB
Cached:           149936 kB
MemTotal:        1844596 kB
MemFree:         1509760 kB
MemAvailable:    1551692 kB
Buffers:           20036 kB
Cached:           149936 kB
MemTotal:        1844596 kB
MemFree:         1509528 kB
MemAvailable:    1551460 kB
Buffers:           20036 kB
Cached:           149936 kB
MemTotal:        1844596 kB
MemFree:         1509388 kB
MemAvailable:    1551320 kB
Buffers:           20036 kB
Cached:           149936 kB
MemTotal:        1844596 kB
MemFree:         1508280 kB
MemAvailable:    1550212 kB
Buffers:           20036 kB
Cached:           149936 kB
MemTotal:        1844596 kB
MemFree:         1507784 kB
MemAvailable:    1549716 kB
Buffers:           20036 kB
Cached:           149936 kB
MemTotal:        1844596 kB
MemFree:         1507528 kB
MemAvailable:    1549460 kB
Buffers:           20036 kB
Cached:           149936 kB
MemTotal:        1844596 kB
MemFree:         1508588 kB
MemAvailable:    1550520 kB
Buffers:           20036 kB
Cached:           149936 kB
MemTotal:        1844596 kB
MemFree:         1506296 kB
MemAvailable:    1548228 kB
Buffers:           20036 kB
Cached:           149936 kB
MemTotal:        1844596 kB
MemFree:         1507528 kB
MemAvailable:    1549460 kB
Buffers:           20036 kB
Cached:           149936 kB
MemTotal:        1844596 kB
MemFree:         1506124 kB
MemAvailable:    1548056 kB
Buffers:           20036 kB
Cached:           149936 kB
MemTotal:        1844596 kB
MemFree:         1505544 kB
MemAvailable:    1547476 kB
Buffers:           20036 kB
Cached:           149936 kB
MemTotal:        1844596 kB
MemFree:         1505544 kB
MemAvailable:    1547476 kB
Buffers:           20036 kB
Cached:           149936 kB
MemTotal:        1844596 kB
MemFree:         1506680 kB
MemAvailable:    1548612 kB
Buffers:           20036 kB
Cached:           149936 kB
MemTotal:        1844596 kB
MemFree:         1506404 kB
MemAvailable:    1548336 kB
Buffers:           20036 kB
Cached:           149936 kB
MemTotal:        1844596 kB
MemFree:         1506544 kB
MemAvailable:    1548476 kB
Buffers:           20036 kB
Cached:           149936 kB
MemTotal:        1844596 kB
MemFree:         1505248 kB
MemAvailable:    1547180 kB
Buffers:           20036 kB
Cached:           149936 kB
MemTotal:        1844596 kB
MemFree:         1505248 kB
MemAvailable:    1547180 kB
Buffers:           20036 kB
Cached:           149936 kB
MemTotal:        1844596 kB
MemFree:         1505284 kB
MemAvailable:    1547216 kB
Buffers:           20036 kB
Cached:           149936 kB
MemTotal:        1844596 kB
MemFree:         1506344 kB
MemAvailable:    1548276 kB
Buffers:           20036 kB
Cached:           149936 kB
MemTotal:        1844596 kB
MemFree:         1506596 kB
MemAvailable:    1548528 kB
Buffers:           20036 kB
Cached:           149936 kB
MemTotal:        1844596 kB
MemFree:         1506484 kB
MemAvailable:    1548416 kB
Buffers:           20036 kB
Cached:           149936 kB
MemTotal:        1844596 kB
MemFree:         1506652 kB
MemAvailable:    1548584 kB
Buffers:           20036 kB
Cached:           149936 kB
MemTotal:        1844596 kB
MemFree:         1506172 kB
MemAvailable:    1548104 kB
Buffers:           20036 kB
Cached:           149936 kB
MemTotal:        1844596 kB
MemFree:         1505792 kB
MemAvailable:    1547724 kB
Buffers:           20036 kB
Cached:           149936 kB
MemTotal:        1844596 kB
MemFree:         1505436 kB
MemAvailable:    1547368 kB
Buffers:           20036 kB
Cached:           149936 kB
MemTotal:        1844596 kB
MemFree:         1500096 kB
MemAvailable:    1542028 kB
Buffers:           20036 kB
Cached:           149936 kB
MemTotal:        1844596 kB
MemFree:         1500088 kB
MemAvailable:    1542020 kB
Buffers:           20036 kB
Cached:           149936 kB
MemTotal:        1844596 kB
MemFree:         1501148 kB
MemAvailable:    1543080 kB
Buffers:           20036 kB
Cached:           149936 kB
MemTotal:        1844596 kB
MemFree:         1500692 kB
MemAvailable:    1542624 kB
Buffers:           20036 kB
Cached:           149936 kB
MemTotal:        1844596 kB
MemFree:         1501028 kB
MemAvailable:    1542960 kB
Buffers:           20036 kB
Cached:           149936 kB
MemTotal:        1844596 kB
MemFree:         1500700 kB
MemAvailable:    1542632 kB
Buffers:           20036 kB
Cached:           149936 kB
MemTotal:        1844596 kB
MemFree:         1499600 kB
MemAvailable:    1541532 kB
Buffers:           20036 kB
Cached:           149936 kB
MemTotal:        1844596 kB
MemFree:         1500528 kB
MemAvailable:    1542460 kB
Buffers:           20036 kB
Cached:           149936 kB
MemTotal:        1844596 kB
MemFree:         1500464 kB
MemAvailable:    1542396 kB
Buffers:           20036 kB
Cached:           149936 kB
MemTotal:        1844596 kB
MemFree:         1500272 kB
MemAvailable:    1542204 kB
Buffers:           20036 kB
Cached:           149936 kB
MemTotal:        1844596 kB
MemFree:         1500608 kB
MemAvailable:    1542540 kB
Buffers:           20036 kB
Cached:           149936 kB
MemTotal:        1844596 kB
MemFree:         1497724 kB
MemAvailable:    1539656 kB
Buffers:           20036 kB
Cached:           149936 kB
MemTotal:        1844596 kB
MemFree:         1497492 kB
MemAvailable:    1539424 kB
Buffers:           20036 kB
Cached:           149936 kB
MemTotal:        1844596 kB
MemFree:         1497496 kB
MemAvailable:    1539428 kB
Buffers:           20036 kB
Cached:           149936 kB
MemTotal:        1844596 kB
MemFree:         1497408 kB
MemAvailable:    1539340 kB
Buffers:           20036 kB
Cached:           149936 kB
MemTotal:        1844596 kB
MemFree:         1496500 kB
MemAvailable:    1538432 kB
Buffers:           20036 kB
Cached:           149936 kB
MemTotal:        1844596 kB
MemFree:         1497216 kB
MemAvailable:    1539148 kB
Buffers:           20036 kB
Cached:           149936 kB
MemTotal:        1844596 kB
MemFree:         1497552 kB
MemAvailable:    1539484 kB
Buffers:           20036 kB
Cached:           149936 kB
MemTotal:        1844596 kB
MemFree:         1497308 kB
MemAvailable:    1539240 kB
Buffers:           20036 kB
Cached:           149936 kB
MemTotal:        1844596 kB
MemFree:         1498608 kB
MemAvailable:    1540540 kB
Buffers:           20036 kB
Cached:           149936 kB
MemTotal:        1844596 kB
MemFree:         1499592 kB
MemAvailable:    1541528 kB
Buffers:           20036 kB
Cached:           149940 kB
MemTotal:        1844596 kB
MemFree:         1498484 kB
MemAvailable:    1540504 kB
Buffers:           20036 kB
Cached:           150064 kB
MemTotal:        1844596 kB
MemFree:         1499040 kB
MemAvailable:    1541228 kB
Buffers:           20036 kB
Cached:           150312 kB
MemTotal:        1844596 kB
MemFree:         1499296 kB
MemAvailable:    1541484 kB
Buffers:           20036 kB
Cached:           150312 kB
MemTotal:        1844596 kB
MemFree:         1497792 kB
MemAvailable:    1540148 kB
Buffers:           20036 kB
Cached:           150436 kB
MemTotal:        1844596 kB
MemFree:         1498844 kB
MemAvailable:    1541284 kB
Buffers:           20036 kB
Cached:           150560 kB
MemTotal:        1844596 kB
MemFree:         1499076 kB
MemAvailable:    1541600 kB
Buffers:           20036 kB
Cached:           150560 kB
MemTotal:        1844596 kB
MemFree:         1497872 kB
MemAvailable:    1540396 kB
Buffers:           20036 kB
Cached:           150560 kB
MemTotal:        1844596 kB
MemFree:         1498856 kB
MemAvailable:    1541468 kB
Buffers:           20036 kB
Cached:           150648 kB
MemTotal:        1844596 kB
MemFree:         1497616 kB
MemAvailable:    1540228 kB
Buffers:           20036 kB
Cached:           150648 kB
MemTotal:        1844596 kB
MemFree:         1498540 kB
MemAvailable:    1541152 kB
Buffers:           20036 kB
Cached:           150648 kB
MemTotal:        1844596 kB
MemFree:         1498732 kB
MemAvailable:    1541344 kB
Buffers:           20036 kB
Cached:           150648 kB
MemTotal:        1844596 kB
MemFree:         1498476 kB
MemAvailable:    1541092 kB
Buffers:           20036 kB
Cached:           150620 kB
MemTotal:        1844596 kB
MemFree:         1498476 kB
MemAvailable:    1541092 kB
Buffers:           20036 kB
Cached:           150620 kB
MemTotal:        1844596 kB
MemFree:         1498644 kB
MemAvailable:    1541260 kB
Buffers:           20036 kB
Cached:           150620 kB
MemTotal:        1844596 kB
MemFree:         1498788 kB
MemAvailable:    1540816 kB
Buffers:           20036 kB
Cached:           149988 kB
MemTotal:        1844596 kB
MemFree:         1565700 kB
MemAvailable:    1607728 kB
Buffers:           20036 kB
Cached:           149988 kB
MemTotal:        1844596 kB
MemFree:         1567700 kB
MemAvailable:    1609648 kB
Buffers:           20036 kB
Cached:           149952 kB
