MemTotal:        1844596 kB
MemFree:         1528632 kB
MemAvailable:    1579608 kB
Buffers:           21384 kB
Cached:           159224 kB
MemTotal:        1844596 kB
MemFree:         1527824 kB
MemAvailable:    1578800 kB
Buffers:           21384 kB
Cached:           159224 kB
MemTotal:        1844596 kB
MemFree:         1524416 kB
MemAvailable:    1575392 kB
Buffers:           21384 kB
Cached:           159224 kB
MemTotal:        1844596 kB
MemFree:         1524408 kB
MemAvailable:    1575384 kB
Buffers:           21384 kB
Cached:           159224 kB
MemTotal:        1844596 kB
MemFree:         1523004 kB
MemAvailable:    1573980 kB
Buffers:           21384 kB
Cached:           159224 kB
MemTotal:        1844596 kB
MemFree:         1523032 kB
MemAvailable:    1574008 kB
Buffers:           21384 kB
Cached:           159224 kB
MemTotal:        1844596 kB
MemFree:         1521748 kB
MemAvailable:    1572724 kB
Buffers:           21384 kB
Cached:           159224 kB
MemTotal:        1844596 kB
MemFree:         1518836 kB
MemAvailable:    1569812 kB
Buffers:           21384 kB
Cached:           159224 kB
MemTotal:        1844596 kB
MemFree:         1516348 kB
MemAvailable:    1567324 kB
Buffers:           21384 kB
Cached:           159224 kB
MemTotal:        1844596 kB
MemFree:         1513464 kB
MemAvailable:    1564440 kB
Buffers:           21384 kB
Cached:           159224 kB
MemTotal:        1844596 kB
MemFree:         1513752 kB
MemAvailable:    1564728 kB
Buffers:           21384 kB
Cached:           159224 kB
MemTotal:        1844596 kB
MemFree:         1514324 kB
MemAvailable:    1565304 kB
Buffers:           21384 kB
Cached:           159228 kB
MemTotal:        1844596 kB
MemFree:         1514580 kB
MemAvailable:    1565560 kB
Buffers:           21384 kB
Cached:           159228 kB
MemTotal:        1844596 kB
MemFree:         1514364 kB
MemAvailable:    1565344 kB
Buffers:           21384 kB
Cached:           159228 kB
MemTotal:        1844596 kB
MemFree:         1514504 kB
MemAvailable:    1565484 kB
Buffers:           21384 kB
Cached:           159228 kB
MemTotal:        1844596 kB
MemFree:         1514108 kB
MemAvailable:    1565088 kB
Buffers:           21384 kB
Cached:           159228 kB
MemTotal:        1844596 kB
MemFree:         1514444 kB
MemAvailable:    1565424 kB
Buffers:           21384 kB
Cached:           159228 kB
MemTotal:        1844596 kB
MemFree:         1513000 kB
MemAvailable:    1563980 kB
Buffers:           21384 kB
Cached:           159228 kB
MemTotal:        1844596 kB
MemFree:         1513000 kB
MemAvailable:    1563980 kB
Buffers:           21384 kB
Cached:           159228 kB
MemTotal:        1844596 kB
MemFree:         1510900 kB
MemAvailable:    1561880 kB
Buffers:           21384 kB
Cached:           159228 kB
MemTotal:        1844596 kB
MemFree:         1512008 kB
MemAvailable:    1562988 kB
Buffers:           21384 kB
Cached:           159228 kB
MemTotal:        1844596 kB
MemFree:         1511900 kB
MemAvailable:    1562880 kB
Buffers:           21384 kB
Cached:           159228 kB
MemTotal:        1844596 kB
MemFree:         1511896 kB
MemAvailable:    1562876 kB
Buffers:           21384 kB
Cached:           159228 kB
MemTotal:        1844596 kB
MemFree:         1512024 kB
MemAvailable:    1563004 kB
Buffers:           21384 kB
Cached:           159228 kB
MemTotal:        1844596 kB
MemFree:         1511148 kB
MemAvailable:    1562128 kB
Buffers:           21384 kB
Cached:           159228 kB
MemTotal:        1844596 kB
MemFree:         1511832 kB
MemAvailable:    1562812 kB
Buffers:           21384 kB
Cached:           159228 kB
MemTotal:        1844596 kB
MemFree:         1511900 kB
MemAvailable:    1562880 kB
Buffers:           21384 kB
Cached:           159228 kB
MemTotal:        1844596 kB
MemFree:         1511884 kB
MemAvailable:    1562864 kB
Buffers:           21384 kB
Cached:           159228 kB
MemTotal:        1844596 kB
MemFree:         1512136 kB
MemAvailable:    1563116 kB
Buffers:           21384 kB
Cached:           159228 kB
MemTotal:        1844596 kB
MemFree:         1513176 kB
MemAvailable:    1564156 kB
Buffers:           21384 kB
Cached:           159228 kB
MemTotal:        1844596 kB
MemFree:         1512752 kB
MemAvailable:    1563732 kB
Buffers:           21384 kB
Cached:           159228 kB
MemTotal:        1844596 kB
MemFree:         1510776 kB
MemAvailable:    1561756 kB
Buffers:           21384 kB
Cached:           159228 kB
MemTotal:        1844596 kB
MemFree:         1510092 kB
MemAvailable:    1561072 kB
Buffers:           21384 kB
Cached:           159228 kB
MemTotal:        1844596 kB
MemFree:         1508544 kB
MemAvailable:    1559524 kB
Buffers:           21384 kB
Cached:           159228 kB
MemTotal:        1844596 kB
MemFree:         1509024 kB
MemAvailable:    1560004 kB
Buffers:           21384 kB
Cached:           159228 kB
MemTotal:        1844596 kB
MemFree:         1508616 kB
MemAvailable:    1559596 kB
Buffers:           21384 kB
Cached:           159228 kB
MemTotal:        1844596 kB
MemFree:         1508776 kB
MemAvailable:    1559760 kB
Buffers:           21384 kB
Cached:           159232 kB
MemTotal:        1844596 kB
MemFree:         1508860 kB
MemAvailable:    1559844 kB
Buffers:           21384 kB
Cached:           159232 kB
MemTotal:        1844596 kB
MemFree:         1508100 kB
MemAvailable:    1559084 kB
Buffers:           21384 kB
Cached:           159232 kB
MemTotal:        1844596 kB
MemFree:         1506800 kB
MemAvailable:    1557784 kB
Buffers:           21384 kB
Cached:           159232 kB
MemTotal:        1844596 kB
MemFree:         1506808 kB
MemAvailable:    1557792 kB
Buffers:           21384 kB
Cached:           159232 kB
MemTotal:        1844596 kB
MemFree:         1507976 kB
MemAvailable:    1558960 kB
Buffers:           21384 kB
Cached:           159232 kB
MemTotal:        1844596 kB
MemFree:         1506676 kB
MemAvailable:    1557660 kB
Buffers:           21384 kB
Cached:           159232 kB
MemTotal:        1844596 kB
MemFree:         1507916 kB
MemAvailable:    1558900 kB
Buffers:           21384 kB
Cached:           159232 kB
MemTotal:        1844596 kB
MemFree:         1507604 kB
MemAvailable:    1558588 kB
Buffers:           21384 kB
Cached:           159232 kB
MemTotal:        1844596 kB
MemFree:         1506560 kB
MemAvailable:    1557544 kB
Buffers:           21384 kB
Cached:           159232 kB
MemTotal:        1844596 kB
MemFree:         1505816 kB
MemAvailable:    1556800 kB
Buffers:           21384 kB
Cached:           159232 kB
MemTotal:        1844596 kB
MemFree:         1506984 kB
MemAvailable:    1557968 kB
Buffers:           21384 kB
Cached:           159232 kB
MemTotal:        1844596 kB
MemFree:         1506856 kB
MemAvailable:    1557840 kB
Buffers:           21384 kB
Cached:           159232 kB
MemTotal:        1844596 kB
MemFree:         1505504 kB
MemAvailable:    1556488 kB
Buffers:           21384 kB
Cached:           159232 kB
MemTotal:        1844596 kB
MemFree:         1505504 kB
MemAvailable:    1556488 kB
Buffers:           21384 kB
Cached:           159232 kB
MemTotal:        1844596 kB
MemFree:         1505416 kB
MemAvailable:    1556400 kB
Buffers:           21384 kB
Cached:           159232 kB
MemTotal:        1844596 kB
MemFree:         1505664 kB
MemAvailable:    1556648 kB
Buffers:           21384 kB
Cached:           159232 kB
MemTotal:        1844596 kB
MemFree:         1505416 kB
MemAvailable:    1556400 kB
Buffers:           21384 kB
Cached:           159232 kB
MemTotal:        1844596 kB
MemFree:         1506840 kB
MemAvailable:    1557824 kB
Buffers:           21384 kB
Cached:           159232 kB
MemTotal:        1844596 kB
MemFree:         1505368 kB
MemAvailable:    1556352 kB
Buffers:           21384 kB
Cached:           159232 kB
MemTotal:        1844596 kB
MemFree:         1506660 kB
MemAvailable:    1557644 kB
Buffers:           21384 kB
Cached:           159232 kB
MemTotal:        1844596 kB
MemFree:         1506620 kB
MemAvailable:    1557604 kB
Buffers:           21384 kB
Cached:           159232 kB
MemTotal:        1844596 kB
MemFree:         1506428 kB
MemAvailable:    1557412 kB
Buffers:           21384 kB
Cached:           159232 kB
MemTotal:        1844596 kB
MemFree:         1505576 kB
MemAvailable:    1556560 kB
Buffers:           21384 kB
Cached:           159232 kB
MemTotal:        1844596 kB
MemFree:         1505024 kB
MemAvailable:    1556008 kB
Buffers:           21384 kB
Cached:           159232 kB
MemTotal:        1844596 kB
MemFree:         1505024 kB
MemAvailable:    1556008 kB
Buffers:           21384 kB
Cached:           159232 kB
MemTotal:        1844596 kB
MemFree:         1506388 kB
MemAvailable:    1557372 kB
Buffers:           21384 kB
Cached:           159232 kB
MemTotal:        1844596 kB
MemFree:         1504892 kB
MemAvailable:    1555876 kB
Buffers:           21384 kB
Cached:           159232 kB
MemTotal:        1844596 kB
MemFree:         1504760 kB
MemAvailable:    1555744 kB
Buffers:           21384 kB
Cached:           159232 kB
MemTotal:        1844596 kB
MemFree:         1505604 kB
MemAvailable:    1556588 kB
Buffers:           21384 kB
Cached:           159232 kB
MemTotal:        1844596 kB
MemFree:         1505940 kB
MemAvailable:    1556924 kB
Buffers:           21384 kB
Cached:           159232 kB
MemTotal:        1844596 kB
MemFree:         1504700 kB
MemAvailable:    1555684 kB
Buffers:           21384 kB
Cached:           159232 kB
MemTotal:        1844596 kB
MemFree:         1504528 kB
MemAvailable:    1555512 kB
Buffers:           21384 kB
Cached:           159232 kB
MemTotal:        1844596 kB
MemFree:         1505768 kB
MemAvailable:    1556752 kB
Buffers:           21384 kB
Cached:           159232 kB
MemTotal:        1844596 kB
MemFree:         1506020 kB
MemAvailable:    1557004 kB
Buffers:           21384 kB
Cached:           159232 kB
MemTotal:        1844596 kB
MemFree:         1504568 kB
MemAvailable:    1555552 kB
Buffers:           21384 kB
Cached:           159232 kB
MemTotal:        1844596 kB
MemFree:         1504436 kB
MemAvailable:    1555420 kB
Buffers:           21384 kB
Cached:           159232 kB
MemTotal:        1844596 kB
MemFree:         1504396 kB
MemAvailable:    1555380 kB
Buffers:           21384 kB
Cached:           159232 kB
MemTotal:        1844596 kB
MemFree:         1504204 kB
MemAvailable:    1555188 kB
Buffers:           21384 kB
Cached:           159232 kB
MemTotal:        1844596 kB
MemFree:         1502220 kB
MemAvailable:    1553204 kB
Buffers:           21384 kB
Cached:           159232 kB
MemTotal:        1844596 kB
MemFree:         1500096 kB
MemAvailable:    1551080 kB
Buffers:           21384 kB
Cached:           159232 kB
MemTotal:        1844596 kB
MemFree:         1499616 kB
MemAvailable:    1550600 kB
Buffers:           21384 kB
Cached:           159232 kB
MemTotal:        1844596 kB
MemFree:         1498420 kB
MemAvailable:    1549404 kB
Buffers:           21384 kB
Cached:           159232 kB
MemTotal:        1844596 kB
MemFree:         1497120 kB
MemAvailable:    1548104 kB
Buffers:           21384 kB
Cached:           159232 kB
MemTotal:        1844596 kB
MemFree:         1496888 kB
MemAvailable:    1547872 kB
Buffers:           21384 kB
Cached:           159232 kB
MemTotal:        1844596 kB
MemFree:         1496624 kB
MemAvailable:    1547608 kB
Buffers:           21384 kB
Cached:           159232 kB
MemTotal:        1844596 kB
MemFree:         1497872 kB
MemAvailable:    1548856 kB
Buffers:           21384 kB
Cached:           159232 kB
MemTotal:        1844596 kB
MemFree:         1497800 kB
MemAvailable:    1548784 kB
Buffers:           21384 kB
Cached:           159232 kB
MemTotal:        1844596 kB
MemFree:         1496624 kB
MemAvailable:    1547608 kB
Buffers:           21384 kB
Cached:           159232 kB
MemTotal:        1844596 kB
MemFree:         1496620 kB
MemAvailable:    1547604 kB
Buffers:           21384 kB
Cached:           159232 kB
MemTotal:        1844596 kB
MemFree:         1497848 kB
MemAvailable:    1548832 kB
Buffers:           21384 kB
Cached:           159232 kB
MemTotal:        1844596 kB
MemFree:         1497932 kB
MemAvailable:    1548916 kB
Buffers:           21384 kB
Cached:           159232 kB
MemTotal:        1844596 kB
MemFree:         1497772 kB
MemAvailable:    1548756 kB
Buffers:           21384 kB
Cached:           159232 kB
MemTotal:        1844596 kB
MemFree:         1496600 kB
MemAvailable:    1547584 kB
Buffers:           21384 kB
Cached:           159232 kB
MemTotal:        1844596 kB
MemFree:         1496724 kB
MemAvailable:    1547708 kB
Buffers:           21384 kB
Cached:           159232 kB
MemTotal:        1844596 kB
MemFree:         1496640 kB
MemAvailable:    1547624 kB
Buffers:           21384 kB
Cached:           159232 kB
MemTotal:        1844596 kB
MemFree:         1496468 kB
MemAvailable:    1547452 kB
Buffers:           21384 kB
Cached:           159232 kB
MemTotal:        1844596 kB
MemFree:         1496516 kB
MemAvailable:    1547500 kB
Buffers:           21384 kB
Cached:           159232 kB
MemTotal:        1844596 kB
MemFree:         1496136 kB
MemAvailable:    1547120 kB
Buffers:           21384 kB
Cached:           159232 kB
MemTotal:        1844596 kB
MemFree:         1495640 kB
MemAvailable:    1546624 kB
Buffers:           21384 kB
Cached:           159232 kB
MemTotal:        1844596 kB
MemFree:         1496816 kB
MemAvailable:    1547800 kB
Buffers:           21384 kB
Cached:           159232 kB
MemTotal:        1844596 kB
MemFree:         1496328 kB
MemAvailable:    1547312 kB
Buffers:           21384 kB
Cached:           159232 kB
MemTotal:        1844596 kB
MemFree:         1494896 kB
MemAvailable:    1545880 kB
Buffers:           21384 kB
Cached:           159232 kB
MemTotal:        1844596 kB
MemFree:         1494656 kB
MemAvailable:    1545640 kB
Buffers:           21384 kB
Cached:           159232 kB
MemTotal:        1844596 kB
MemFree:         1495072 kB
MemAvailable:    1546060 kB
Buffers:           21384 kB
Cached:           159236 kB
MemTotal:        1844596 kB
MemFree:         1493780 kB
MemAvailable:    1544768 kB
Buffers:           21384 kB
Cached:           159236 kB
MemTotal:        1844596 kB
MemFree:         1494468 kB
MemAvailable:    1545456 kB
Buffers:           21384 kB
Cached:           159236 kB
MemTotal:        1844596 kB
MemFree:         1494524 kB
MemAvailable:    1545516 kB
Buffers:           21384 kB
Cached:           159240 kB
MemTotal:        1844596 kB
MemFree:         1494296 kB
MemAvailable:    1545288 kB
Buffers:           21384 kB
Cached:           159240 kB
MemTotal:        1844596 kB
MemFree:         1494356 kB
MemAvailable:    1545348 kB
Buffers:           21384 kB
Cached:           159240 kB
MemTotal:        1844596 kB
MemFree:         1494100 kB
MemAvailable:    1545092 kB
Buffers:           21384 kB
Cached:           159240 kB
MemTotal:        1844596 kB
MemFree:         1494092 kB
MemAvailable:    1545084 kB
Buffers:           21384 kB
Cached:           159240 kB
MemTotal:        1844596 kB
MemFree:         1494064 kB
MemAvailable:    1545056 kB
Buffers:           21384 kB
Cached:           159240 kB
MemTotal:        1844596 kB
MemFree:         1494124 kB
MemAvailable:    1545116 kB
Buffers:           21384 kB
Cached:           159240 kB
MemTotal:        1844596 kB
MemFree:         1494020 kB
MemAvailable:    1545012 kB
Buffers:           21384 kB
Cached:           159240 kB
MemTotal:        1844596 kB
MemFree:         1492672 kB
MemAvailable:    1543664 kB
Buffers:           21384 kB
Cached:           159240 kB
MemTotal:        1844596 kB
MemFree:         1493044 kB
MemAvailable:    1544036 kB
Buffers:           21384 kB
Cached:           159240 kB
MemTotal:        1844596 kB
MemFree:         1492168 kB
MemAvailable:    1543160 kB
Buffers:           21384 kB
Cached:           159240 kB
MemTotal:        1844596 kB
MemFree:         1492168 kB
MemAvailable:    1543160 kB
Buffers:           21384 kB
Cached:           159240 kB
MemTotal:        1844596 kB
MemFree:         1492052 kB
MemAvailable:    1543044 kB
Buffers:           21384 kB
Cached:           159240 kB
MemTotal:        1844596 kB
MemFree:         1487464 kB
MemAvailable:    1538456 kB
Buffers:           21384 kB
Cached:           159240 kB
MemTotal:        1844596 kB
MemFree:         1487200 kB
MemAvailable:    1538192 kB
Buffers:           21384 kB
Cached:           159240 kB
MemTotal:        1844596 kB
MemFree:         1488500 kB
MemAvailable:    1539492 kB
Buffers:           21384 kB
Cached:           159240 kB
MemTotal:        1844596 kB
MemFree:         1487588 kB
MemAvailable:    1538580 kB
Buffers:           21384 kB
Cached:           159240 kB
MemTotal:        1844596 kB
MemFree:         1487888 kB
MemAvailable:    1538880 kB
Buffers:           21384 kB
Cached:           159240 kB
MemTotal:        1844596 kB
MemFree:         1488224 kB
MemAvailable:    1539216 kB
Buffers:           21384 kB
Cached:           159240 kB
MemTotal:        1844596 kB
MemFree:         1488064 kB
MemAvailable:    1539056 kB
Buffers:           21384 kB
Cached:           159240 kB
MemTotal:        1844596 kB
MemFree:         1487752 kB
MemAvailable:    1538744 kB
Buffers:           21384 kB
Cached:           159240 kB
MemTotal:        1844596 kB
MemFree:         1488004 kB
MemAvailable:    1538996 kB
Buffers:           21384 kB
Cached:           159240 kB
MemTotal:        1844596 kB
MemFree:         1487640 kB
MemAvailable:    1538632 kB
Buffers:           21384 kB
Cached:           159240 kB
MemTotal:        1844596 kB
MemFree:         1487588 kB
MemAvailable:    1538580 kB
Buffers:           21384 kB
Cached:           159240 kB
MemTotal:        1844596 kB
MemFree:         1486704 kB
MemAvailable:    1537696 kB
Buffers:           21384 kB
Cached:           159240 kB
MemTotal:        1844596 kB
MemFree:         1486356 kB
MemAvailable:    1537348 kB
Buffers:           21384 kB
Cached:           159240 kB
MemTotal:        1844596 kB
MemFree:         1485036 kB
MemAvailable:    1536028 kB
Buffers:           21384 kB
Cached:           159240 kB
MemTotal:        1844596 kB
MemFree:         1484912 kB
MemAvailable:    1535904 kB
Buffers:           21384 kB
Cached:           159240 kB
MemTotal:        1844596 kB
MemFree:         1484840 kB
MemAvailable:    1535832 kB
Buffers:           21384 kB
Cached:           159240 kB
MemTotal:        1844596 kB
MemFree:         1484744 kB
MemAvailable:    1535736 kB
Buffers:           21384 kB
Cached:           159240 kB
MemTotal:        1844596 kB
MemFree:         1483448 kB
MemAvailable:    1534440 kB
Buffers:           21384 kB
Cached:           159240 kB
MemTotal:        1844596 kB
MemFree:         1484720 kB
MemAvailable:    1535712 kB
Buffers:           21384 kB
Cached:           159240 kB
MemTotal:        1844596 kB
MemFree:         1484488 kB
MemAvailable:    1535480 kB
Buffers:           21384 kB
Cached:           159240 kB
MemTotal:        1844596 kB
MemFree:         1486800 kB
MemAvailable:    1537792 kB
Buffers:           21384 kB
Cached:           159240 kB
MemTotal:        1844596 kB
MemFree:         1486968 kB
MemAvailable:    1537960 kB
Buffers:           21384 kB
Cached:           159240 kB
MemTotal:        1844596 kB
MemFree:         1486640 kB
MemAvailable:    1537800 kB
Buffers:           21384 kB
Cached:           159364 kB
MemTotal:        1844596 kB
MemFree:         1485472 kB
MemAvailable:    1536716 kB
Buffers:           21384 kB
Cached:           159488 kB
MemTotal:        1844596 kB
MemFree:         1485588 kB
MemAvailable:    1536916 kB
Buffers:           21384 kB
Cached:           159612 kB
MemTotal:        1844596 kB
MemFree:         1485356 kB
MemAvailable:    1536768 kB
Buffers:           21384 kB
Cached:           159736 kB
MemTotal:        1844596 kB
MemFree:         1485232 kB
MemAvailable:    1536812 kB
Buffers:           21384 kB
Cached:           159860 kB
MemTotal:        1844596 kB
MemFree:         1484936 kB
MemAvailable:    1536516 kB
Buffers:           21396 kB
Cached:           159848 kB
MemTotal:        1844596 kB
MemFree:         1484676 kB
MemAvailable:    1536256 kB
Buffers:           21396 kB
Cached:           159848 kB
MemTotal:        1844596 kB
MemFree:         1485968 kB
MemAvailable:    1537548 kB
Buffers:           21396 kB
Cached:           159848 kB
MemTotal:        1844596 kB
MemFree:         1485968 kB
MemAvailable:    1537548 kB
Buffers:           21396 kB
Cached:           159848 kB
MemTotal:        1844596 kB
MemFree:         1486304 kB
MemAvailable:    1537884 kB
Buffers:           21396 kB
Cached:           159848 kB
MemTotal:        1844596 kB
MemFree:         1485968 kB
MemAvailable:    1537548 kB
Buffers:           21396 kB
Cached:           159848 kB
MemTotal:        1844596 kB
MemFree:         1486216 kB
MemAvailable:    1537796 kB
Buffers:           21396 kB
Cached:           159848 kB
MemTotal:        1844596 kB
MemFree:         1486416 kB
MemAvailable:    1537996 kB
Buffers:           21396 kB
Cached:           159848 kB
MemTotal:        1844596 kB
MemFree:         1554580 kB
MemAvailable:    1605572 kB
Buffers:           21396 kB
Cached:           159216 kB
MemTotal:        1844596 kB
MemFree:         1552984 kB
MemAvailable:    1603976 kB
Buffers:           21396 kB
Cached:           159216 kB
