MemTotal:        1844596 kB
MemFree:         1524112 kB
MemAvailable:    1580916 kB
Buffers:           22240 kB
Cached:           163736 kB
MemTotal:        1844596 kB
MemFree:         1523552 kB
MemAvailable:    1580356 kB
Buffers:           22240 kB
Cached:           163736 kB
MemTotal:        1844596 kB
MemFree:         1520144 kB
MemAvailable:    1576948 kB
Buffers:           22240 kB
Cached:           163736 kB
MemTotal:        1844596 kB
MemFree:         1520012 kB
MemAvailable:    1576816 kB
Buffers:           22240 kB
Cached:           163736 kB
MemTotal:        1844596 kB
MemFree:         1519840 kB
MemAvailable:    1576644 kB
Buffers:           22240 kB
Cached:           163736 kB
MemTotal:        1844596 kB
MemFree:         1520008 kB
MemAvailable:    1576812 kB
Buffers:           22240 kB
Cached:           163736 kB
MemTotal:        1844596 kB
MemFree:         1518284 kB
MemAvailable:    1575088 kB
Buffers:           22240 kB
Cached:           163736 kB
MemTotal:        1844596 kB
MemFree:         1515432 kB
MemAvailable:    1572236 kB
Buffers:           22240 kB
Cached:           163736 kB
MemTotal:        1844596 kB
MemFree:         1512572 kB
MemAvailable:    1569376 kB
Buffers:           22240 kB
Cached:           163736 kB
MemTotal:        1844596 kB
MemFree:         1512572 kB
MemAvailable:    1569376 kB
Buffers:           22240 kB
Cached:           163736 kB
MemTotal:        1844596 kB
MemFree:         1510144 kB
MemAvailable:    1566948 kB
Buffers:           22240 kB
Cached:           163736 kB
MemTotal:        1844596 kB
MemFree:         1510156 kB
MemAvailable:    1566960 kB
Buffers:           22240 kB
Cached:           163736 kB
MemTotal:        1844596 kB
MemFree:         1508808 kB
MemAvailable:    1565612 kB
Buffers:           22240 kB
Cached:           163736 kB
MemTotal:        1844596 kB
MemFree:         1510048 kB
MemAvailable:    1566852 kB
Buffers:           22240 kB
Cached:           163736 kB
MemTotal:        1844596 kB
MemFree:         1510144 kB
MemAvailable:    1566948 kB
Buffers:           22240 kB
Cached:           163736 kB
MemTotal:        1844596 kB
MemFree:         1510204 kB
MemAvailable:    1567008 kB
Buffers:           22240 kB
Cached:           163736 kB
MemTotal:        1844596 kB
MemFree:         1508576 kB
MemAvailable:    1565380 kB
Buffers:           22240 kB
Cached:           163736 kB
MemTotal:        1844596 kB
MemFree:         1507992 kB
MemAvailable:    1564796 kB
Buffers:           22240 kB
Cached:           163736 kB
MemTotal:        1844596 kB
MemFree:         1506992 kB
MemAvailable:    1563796 kB
Buffers:           22240 kB
Cached:           163736 kB
MemTotal:        1844596 kB
MemFree:         1506620 kB
MemAvailable:    1563424 kB
Buffers:           22240 kB
Cached:           163736 kB
MemTotal:        1844596 kB
MemFree:         1507852 kB
MemAvailable:    1564656 kB
Buffers:           22240 kB
Cached:           163736 kB
MemTotal:        1844596 kB
MemFree:         1507548 kB
MemAvailable:    1564352 kB
Buffers:           22240 kB
Cached:           163736 kB
MemTotal:        1844596 kB
MemFree:         1507620 kB
MemAvailable:    1564424 kB
Buffers:           22240 kB
Cached:           163736 kB
MemTotal:        1844596 kB
MemFree:         1506192 kB
MemAvailable:    1562996 kB
Buffers:           22240 kB
Cached:           163736 kB
MemTotal:        1844596 kB
MemFree:         1507624 kB
MemAvailable:    1564428 kB
Buffers:           22240 kB
Cached:           163736 kB
MemTotal:        1844596 kB
MemFree:         1506448 kB
MemAvailable:    1563252 kB
Buffers:           22240 kB
Cached:           163736 kB
MemTotal:        1844596 kB
MemFree:         1506360 kB
MemAvailable:    1563164 kB
Buffers:           22240 kB
Cached:           163736 kB
MemTotal:        1844596 kB
MemFree:         1509048 kB
MemAvailable:    1565852 kB
Buffers:           22240 kB
Cached:           163736 kB
MemTotal:        1844596 kB
MemFree:         1509300 kB
MemAvailable:    1566104 kB
Buffers:           22240 kB
Cached:           163736 kB
MemTotal:        1844596 kB
MemFree:         1507356 kB
MemAvailable:    1564160 kB
Buffers:           22240 kB
Cached:           163736 kB
MemTotal:        1844596 kB
MemFree:         1506628 kB
MemAvailable:    1563432 kB
Buffers:           22240 kB
Cached:           163736 kB
MemTotal:        1844596 kB
MemFree:         1505512 kB
MemAvailable:    1562316 kB
Buffers:           22240 kB
Cached:           163736 kB
MemTotal:        1844596 kB
MemFree:         1504016 kB
MemAvailable:    1560820 kB
Buffers:           22240 kB
Cached:           163736 kB
MemTotal:        1844596 kB
MemFree:         1503776 kB
MemAvailable:    1560580 kB
Buffers:           22240 kB
Cached:           163736 kB
MemTotal:        1844596 kB
MemFree:         1503156 kB
MemAvailable:    1559960 kB
Buffers:           22240 kB
Cached:           163736 kB
MemTotal:        1844596 kB
MemFree:         1504264 kB
MemAvailable:    1561068 kB
Buffers:           22240 kB
Cached:           163736 kB
MemTotal:        1844596 kB
MemFree:         1502412 kB
MemAvailable:    1559216 kB
Buffers:           22240 kB
Cached:           163736 kB
MemTotal:        1844596 kB
MemFree:         1503548 kB
MemAvailable:    1560352 kB
Buffers:           22240 kB
Cached:           163736 kB
MemTotal:        1844596 kB
MemFree:         1502288 kB
MemAvailable:    1559092 kB
Buffers:           22240 kB
Cached:           163736 kB
MemTotal:        1844596 kB
MemFree:         1503644 kB
MemAvailable:    1560448 kB
Buffers:           22240 kB
Cached:           163736 kB
MemTotal:        1844596 kB
MemFree:         1502240 kB
MemAvailable:    1559044 kB
Buffers:           22240 kB
Cached:           163736 kB
MemTotal:        1844596 kB
MemFree:         1502240 kB
MemAvailable:    1559044 kB
Buffers:           22240 kB
Cached:           163736 kB
MemTotal:        1844596 kB
MemFree:         1502156 kB
MemAvailable:    1558960 kB
Buffers:           22240 kB
Cached:           163736 kB
MemTotal:        1844596 kB
MemFree:         1503216 kB
MemAvailable:    1560020 kB
Buffers:           22240 kB
Cached:           163736 kB
MemTotal:        1844596 kB
MemFree:         1503276 kB
MemAvailable:    1560080 kB
Buffers:           22240 kB
Cached:           163736 kB
MemTotal:        1844596 kB
MemFree:         1501412 kB
MemAvailable:    1558228 kB
Buffers:           22240 kB
Cached:           163744 kB
MemTotal:        1844596 kB
MemFree:         1501288 kB
MemAvailable:    1558104 kB
Buffers:           22240 kB
Cached:           163744 kB
MemTotal:        1844596 kB
MemFree:         1500992 kB
MemAvailable:    1557808 kB
Buffers:           22240 kB
Cached:           163744 kB
MemTotal:        1844596 kB
MemFree:         1501116 kB
MemAvailable:    1557932 kB
Buffers:           22240 kB
Cached:           163744 kB
MemTotal:        1844596 kB
MemFree:         1502284 kB
MemAvailable:    1559100 kB
Buffers:           22240 kB
Cached:           163744 kB
MemTotal:        1844596 kB
MemFree:         1501152 kB
MemAvailable:    1557968 kB
Buffers:           22240 kB
Cached:           163744 kB
MemTotal:        1844596 kB
MemFree:         1501152 kB
MemAvailable:    1557968 kB
Buffers:           22240 kB
Cached:           163744 kB
MemTotal:        1844596 kB
MemFree:         1501144 kB
MemAvailable:    1557960 kB
Buffers:           22240 kB
Cached:           163744 kB
MemTotal:        1844596 kB
MemFree:         1501268 kB
MemAvailable:    1558084 kB
Buffers:           22240 kB
Cached:           163744 kB
MemTotal:        1844596 kB
MemFree:         1501220 kB
MemAvailable:    1558036 kB
Buffers:           22240 kB
Cached:           163744 kB
MemTotal:        1844596 kB
MemFree:         1502380 kB
MemAvailable:    1559196 kB
Buffers:           22240 kB
Cached:           163744 kB
MemTotal:        1844596 kB
MemFree:         1501216 kB
MemAvailable:    1558032 kB
Buffers:           22240 kB
Cached:           163744 kB
MemTotal:        1844596 kB
MemFree:         1502040 kB
MemAvailable:    1558856 kB
Buffers:           22240 kB
Cached:           163744 kB
MemTotal:        1844596 kB
MemFree:         1500616 kB
MemAvailable:    1557432 kB
Buffers:           22240 kB
Cached:           163744 kB
MemTotal:        1844596 kB
MemFree:         1502196 kB
MemAvailable:    1559012 kB
Buffers:           22240 kB
Cached:           163744 kB
MemTotal:        1844596 kB
MemFree:         1500924 kB
MemAvailable:    1557740 kB
Buffers:           22240 kB
Cached:           163744 kB
MemTotal:        1844596 kB
MemFree:         1500420 kB
MemAvailable:    1557240 kB
Buffers:           22240 kB
Cached:           163748 kB
MemTotal:        1844596 kB
MemFree:         1501660 kB
MemAvailable:    1558480 kB
Buffers:           22240 kB
Cached:           163748 kB
MemTotal:        1844596 kB
MemFree:         1501916 kB
MemAvailable:    1558736 kB
Buffers:           22240 kB
Cached:           163748 kB
MemTotal:        1844596 kB
MemFree:         1501396 kB
MemAvailable:    1558216 kB
Buffers:           22240 kB
Cached:           163748 kB
MemTotal:        1844596 kB
MemFree:         1501544 kB
MemAvailable:    1558364 kB
Buffers:           22240 kB
Cached:           163748 kB
MemTotal:        1844596 kB
MemFree:         1501592 kB
MemAvailable:    1558412 kB
Buffers:           22240 kB
Cached:           163748 kB
MemTotal:        1844596 kB
MemFree:         1500152 kB
MemAvailable:    1556972 kB
Buffers:           22240 kB
Cached:           163748 kB
MemTotal:        1844596 kB
MemFree:         1501544 kB
MemAvailable:    1558364 kB
Buffers:           22240 kB
Cached:           163748 kB
MemTotal:        1844596 kB
MemFree:         1500236 kB
MemAvailable:    1557056 kB
Buffers:           22240 kB
Cached:           163748 kB
MemTotal:        1844596 kB
MemFree:         1501220 kB
MemAvailable:    1558040 kB
Buffers:           22240 kB
Cached:           163748 kB
MemTotal:        1844596 kB
MemFree:         1501304 kB
MemAvailable:    1558124 kB
Buffers:           22240 kB
Cached:           163748 kB
MemTotal:        1844596 kB
MemFree:         1498444 kB
MemAvailable:    1555264 kB
Buffers:           22240 kB
Cached:           163748 kB
MemTotal:        1844596 kB
MemFree:         1497132 kB
MemAvailable:    1553952 kB
Buffers:           22240 kB
Cached:           163748 kB
MemTotal:        1844596 kB
MemFree:         1493972 kB
MemAvailable:    1550792 kB
Buffers:           22252 kB
Cached:           163736 kB
MemTotal:        1844596 kB
MemFree:         1494056 kB
MemAvailable:    1550876 kB
Buffers:           22252 kB
Cached:           163736 kB
MemTotal:        1844596 kB
MemFree:         1493668 kB
MemAvailable:    1550488 kB
Buffers:           22252 kB
Cached:           163736 kB
MemTotal:        1844596 kB
MemFree:         1493920 kB
MemAvailable:    1550740 kB
Buffers:           22252 kB
Cached:           163736 kB
MemTotal:        1844596 kB
MemFree:         1493412 kB
MemAvailable:    1550232 kB
Buffers:           22252 kB
Cached:           163736 kB
MemTotal:        1844596 kB
MemFree:         1492092 kB
MemAvailable:    1548912 kB
Buffers:           22252 kB
Cached:           163736 kB
MemTotal:        1844596 kB
MemFree:         1492172 kB
MemAvailable:    1548992 kB
Buffers:           22252 kB
Cached:           163736 kB
MemTotal:        1844596 kB
MemFree:         1493344 kB
MemAvailable:    1550164 kB
Buffers:           22252 kB
Cached:           163736 kB
MemTotal:        1844596 kB
MemFree:         1493680 kB
MemAvailable:    1550500 kB
Buffers:           22252 kB
Cached:           163736 kB
MemTotal:        1844596 kB
MemFree:         1493296 kB
MemAvailable:    1550116 kB
Buffers:           22252 kB
Cached:           163736 kB
MemTotal:        1844596 kB
MemFree:         1493552 kB
MemAvailable:    1550372 kB
Buffers:           22252 kB
Cached:           163736 kB
MemTotal:        1844596 kB
MemFree:         1493416 kB
MemAvailable:    1550236 kB
Buffers:           22252 kB
Cached:           163736 kB
MemTotal:        1844596 kB
MemFree:         1493416 kB
MemAvailable:    1550236 kB
Buffers:           22252 kB
Cached:           163736 kB
MemTotal:        1844596 kB
MemFree:         1493488 kB
MemAvailable:    1550308 kB
Buffers:           22252 kB
Cached:           163736 kB
MemTotal:        1844596 kB
MemFree:         1492188 kB
MemAvailable:    1549008 kB
Buffers:           22252 kB
Cached:           163736 kB
MemTotal:        1844596 kB
MemFree:         1493596 kB
MemAvailable:    1550416 kB
Buffers:           22252 kB
Cached:           163736 kB
MemTotal:        1844596 kB
MemFree:         1493588 kB
MemAvailable:    1550408 kB
Buffers:           22252 kB
Cached:           163736 kB
MemTotal:        1844596 kB
MemFree:         1493112 kB
MemAvailable:    1549932 kB
Buffers:           22252 kB
Cached:           163736 kB
MemTotal:        1844596 kB
MemFree:         1492476 kB
MemAvailable:    1549296 kB
Buffers:           22252 kB
Cached:           163736 kB
MemTotal:        1844596 kB
MemFree:         1492368 kB
MemAvailable:    1549188 kB
Buffers:           22252 kB
Cached:           163736 kB
MemTotal:        1844596 kB
MemFree:         1492048 kB
MemAvailable:    1548868 kB
Buffers:           22252 kB
Cached:           163736 kB
MemTotal:        1844596 kB
MemFree:         1490624 kB
MemAvailable:    1547444 kB
Buffers:           22252 kB
Cached:           163736 kB
MemTotal:        1844596 kB
MemFree:         1490632 kB
MemAvailable:    1547452 kB
Buffers:           22252 kB
Cached:           163736 kB
MemTotal:        1844596 kB
MemFree:         1490616 kB
MemAvailable:    1547436 kB
Buffers:           22252 kB
Cached:           163736 kB
MemTotal:        1844596 kB
MemFree:         1490328 kB
MemAvailable:    1547148 kB
Buffers:           22252 kB
Cached:           163736 kB
MemTotal:        1844596 kB
MemFree:         1489268 kB
MemAvailable:    1546104 kB
Buffers:           22252 kB
Cached:           163752 kB
MemTotal:        1844596 kB
MemFree:         1489516 kB
MemAvailable:    1546352 kB
Buffers:           22252 kB
Cached:           163752 kB
MemTotal:        1844596 kB
MemFree:         1488896 kB
MemAvailable:    1545732 kB
Buffers:           22252 kB
Cached:           163752 kB
MemTotal:        1844596 kB
MemFree:         1489012 kB
MemAvailable:    1545848 kB
Buffers:           22252 kB
Cached:           163752 kB
MemTotal:        1844596 kB
MemFree:         1490136 kB
MemAvailable:    1546972 kB
Buffers:           22252 kB
Cached:           163752 kB
MemTotal:        1844596 kB
MemFree:         1489748 kB
MemAvailable:    1546584 kB
Buffers:           22252 kB
Cached:           163752 kB
MemTotal:        1844596 kB
MemFree:         1489276 kB
MemAvailable:    1546112 kB
Buffers:           22252 kB
Cached:           163752 kB
MemTotal:        1844596 kB
MemFree:         1489652 kB
MemAvailable:    1546488 kB
Buffers:           22252 kB
Cached:           163752 kB
MemTotal:        1844596 kB
MemFree:         1488348 kB
MemAvailable:    1545184 kB
Buffers:           22252 kB
Cached:           163752 kB
MemTotal:        1844596 kB
MemFree:         1489624 kB
MemAvailable:    1546460 kB
Buffers:           22252 kB
Cached:           163752 kB
MemTotal:        1844596 kB
MemFree:         1488336 kB
MemAvailable:    1545172 kB
Buffers:           22252 kB
Cached:           163752 kB
MemTotal:        1844596 kB
MemFree:         1489612 kB
MemAvailable:    1546448 kB
Buffers:           22252 kB
Cached:           163752 kB
MemTotal:        1844596 kB
MemFree:         1489152 kB
MemAvailable:    1545988 kB
Buffers:           22252 kB
Cached:           163752 kB
MemTotal:        1844596 kB
MemFree:         1488260 kB
MemAvailable:    1545096 kB
Buffers:           22252 kB
Cached:           163752 kB
MemTotal:        1844596 kB
MemFree:         1488028 kB
MemAvailable:    1544864 kB
Buffers:           22252 kB
Cached:           163752 kB
MemTotal:        1844596 kB
MemFree:         1487780 kB
MemAvailable:    1544616 kB
Buffers:           22252 kB
Cached:           163752 kB
MemTotal:        1844596 kB
MemFree:         1484300 kB
MemAvailable:    1541132 kB
Buffers:           22252 kB
Cached:           163752 kB
MemTotal:        1844596 kB
MemFree:         1482756 kB
MemAvailable:    1539588 kB
Buffers:           22252 kB
Cached:           163752 kB
MemTotal:        1844596 kB
MemFree:         1484060 kB
MemAvailable:    1540892 kB
Buffers:           22252 kB
Cached:           163752 kB
MemTotal:        1844596 kB
MemFree:         1484180 kB
MemAvailable:    1541012 kB
Buffers:           22252 kB
Cached:           163752 kB
MemTotal:        1844596 kB
MemFree:         1482560 kB
MemAvailable:    1539392 kB
Buffers:           22252 kB
Cached:           163752 kB
MemTotal:        1844596 kB
MemFree:         1483872 kB
MemAvailable:    1540704 kB
Buffers:           22252 kB
Cached:           163752 kB
MemTotal:        1844596 kB
MemFree:         1483740 kB
MemAvailable:    1540572 kB
Buffers:           22252 kB
Cached:           163752 kB
MemTotal:        1844596 kB
MemFree:         1482440 kB
MemAvailable:    1539272 kB
Buffers:           22252 kB
Cached:           163752 kB
MemTotal:        1844596 kB
MemFree:         1482624 kB
MemAvailable:    1539456 kB
Buffers:           22252 kB
Cached:           163752 kB
MemTotal:        1844596 kB
MemFree:         1480704 kB
MemAvailable:    1537536 kB
Buffers:           22252 kB
Cached:           163752 kB
MemTotal:        1844596 kB
MemFree:         1480348 kB
MemAvailable:    1537180 kB
Buffers:           22252 kB
Cached:           163752 kB
MemTotal:        1844596 kB
MemFree:         1480580 kB
MemAvailable:    1537412 kB
Buffers:           22252 kB
Cached:           163752 kB
MemTotal:        1844596 kB
MemFree:         1480580 kB
MemAvailable:    1537412 kB
Buffers:           22252 kB
Cached:           163752 kB
MemTotal:        1844596 kB
MemFree:         1480668 kB
MemAvailable:    1537500 kB
Buffers:           22252 kB
Cached:           163752 kB
MemTotal:        1844596 kB
MemFree:         1479296 kB
MemAvailable:    1536128 kB
Buffers:           22252 kB
Cached:           163752 kB
MemTotal:        1844596 kB
MemFree:         1482496 kB
MemAvailable:    1539328 kB
Buffers:           22252 kB
Cached:           163752 kB
MemTotal:        1844596 kB
MemFree:         1482448 kB
MemAvailable:    1539280 kB
Buffers:           22252 kB
Cached:           163752 kB
MemTotal:        1844596 kB
MemFree:         1482376 kB
MemAvailable:    1539208 kB
Buffers:           22252 kB
Cached:           163752 kB
MemTotal:        1844596 kB
MemFree:         1482712 kB
MemAvailable:    1539544 kB
Buffers:           22252 kB
Cached:           163876 kB
MemTotal:        1844596 kB
MemFree:         1481260 kB
MemAvailable:    1538260 kB
Buffers:           22252 kB
Cached:           164000 kB
MemTotal:        1844596 kB
MemFree:         1482368 kB
MemAvailable:    1539620 kB
Buffers:           22252 kB
Cached:           164124 kB
MemTotal:        1844596 kB
MemFree:         1481580 kB
MemAvailable:    1538832 kB
Buffers:           22252 kB
Cached:           164124 kB
MemTotal:        1844596 kB
MemFree:         1482120 kB
MemAvailable:    1539540 kB
Buffers:           22252 kB
Cached:           164248 kB
MemTotal:        1844596 kB
MemFree:         1480820 kB
MemAvailable:    1538240 kB
Buffers:           22252 kB
Cached:           164248 kB
MemTotal:        1844596 kB
MemFree:         1480812 kB
MemAvailable:    1538232 kB
Buffers:           22252 kB
Cached:           164372 kB
MemTotal:        1844596 kB
MemFree:         1482112 kB
MemAvailable:    1539532 kB
Buffers:           22252 kB
Cached:           164372 kB
MemTotal:        1844596 kB
MemFree:         1480960 kB
MemAvailable:    1538380 kB
Buffers:           22252 kB
Cached:           164372 kB
MemTotal:        1844596 kB
MemFree:         1481760 kB
MemAvailable:    1539180 kB
Buffers:           22252 kB
Cached:           164372 kB
MemTotal:        1844596 kB
MemFree:         1481828 kB
MemAvailable:    1539248 kB
Buffers:           22252 kB
Cached:           164372 kB
MemTotal:        1844596 kB
MemFree:         1481940 kB
MemAvailable:    1539360 kB
Buffers:           22252 kB
Cached:           164372 kB
MemTotal:        1844596 kB
MemFree:         1480960 kB
MemAvailable:    1538380 kB
Buffers:           22252 kB
Cached:           164372 kB
MemTotal:        1844596 kB
MemFree:         1481984 kB
MemAvailable:    1538828 kB
Buffers:           22252 kB
Cached:           163800 kB
MemTotal:        1844596 kB
MemFree:         1481984 kB
MemAvailable:    1538828 kB
Buffers:           22252 kB
Cached:           163800 kB
MemTotal:        1844596 kB
MemFree:         1549352 kB
MemAvailable:    1606196 kB
Buffers:           22252 kB
Cached:           163800 kB
