MemTotal:        1844596 kB
MemFree:         1535924 kB
MemAvailable:    1583968 kB
Buffers:           20872 kB
Cached:           157036 kB
MemTotal:        1844596 kB
MemFree:         1533620 kB
MemAvailable:    1581664 kB
Buffers:           20872 kB
Cached:           157036 kB
MemTotal:        1844596 kB
MemFree:         1530584 kB
MemAvailable:    1578628 kB
Buffers:           20872 kB
Cached:           157036 kB
MemTotal:        1844596 kB
MemFree:         1531264 kB
MemAvailable:    1579308 kB
Buffers:           20872 kB
Cached:           157036 kB
MemTotal:        1844596 kB
MemFree:         1530172 kB
MemAvailable:    1578216 kB
Buffers:           20872 kB
Cached:           157036 kB
MemTotal:        1844596 kB
MemFree:         1528980 kB
MemAvailable:    1577024 kB
Buffers:           20872 kB
Cached:           157036 kB
MemTotal:        1844596 kB
MemFree:         1529188 kB
MemAvailable:    1577236 kB
Buffers:           20872 kB
Cached:           157040 kB
MemTotal:        1844596 kB
MemFree:         1526004 kB
MemAvailable:    1574052 kB
Buffers:           20872 kB
Cached:           157040 kB
MemTotal:        1844596 kB
MemFree:         1524144 kB
MemAvailable:    1572192 kB
Buffers:           20872 kB
Cached:           157040 kB
MemTotal:        1844596 kB
MemFree:         1522780 kB
MemAvailable:    1570828 kB
Buffers:           20872 kB
Cached:           157040 kB
MemTotal:        1844596 kB
MemFree:         1517572 kB
MemAvailable:    1565620 kB
Buffers:           20872 kB
Cached:           157040 kB
MemTotal:        1844596 kB
MemFree:         1519872 kB
MemAvailable:    1567920 kB
Buffers:           20872 kB
Cached:           157040 kB
MemTotal:        1844596 kB
MemFree:         1519872 kB
MemAvailable:    1567920 kB
Buffers:           20872 kB
Cached:           157040 kB
MemTotal:        1844596 kB
MemFree:         1519900 kB
MemAvailable:    1567948 kB
Buffers:           20872 kB
Cached:           157040 kB
MemTotal:        1844596 kB
MemFree:         1520152 kB
MemAvailable:    1568200 kB
Buffers:           20872 kB
Cached:           157040 kB
MemTotal:        1844596 kB
MemFree:         1520032 kB
MemAvailable:    1568080 kB
Buffers:           20872 kB
Cached:           157040 kB
MemTotal:        1844596 kB
MemFree:         1520024 kB
MemAvailable:    1568072 kB
Buffers:           20872 kB
Cached:           157040 kB
MemTotal:        1844596 kB
MemFree:         1518176 kB
MemAvailable:    1566224 kB
Buffers:           20872 kB
Cached:           157040 kB
MemTotal:        1844596 kB
MemFree:         1518176 kB
MemAvailable:    1566224 kB
Buffers:           20872 kB
Cached:           157040 kB
MemTotal:        1844596 kB
MemFree:         1517756 kB
MemAvailable:    1565804 kB
Buffers:           20872 kB
Cached:           157040 kB
MemTotal:        1844596 kB
MemFree:         1517580 kB
MemAvailable:    1565628 kB
Buffers:           20872 kB
Cached:           157040 kB
MemTotal:        1844596 kB
MemFree:         1516076 kB
MemAvailable:    1564124 kB
Buffers:           20872 kB
Cached:           157040 kB
MemTotal:        1844596 kB
MemFree:         1517376 kB
MemAvailable:    1565424 kB
Buffers:           20872 kB
Cached:           157040 kB
MemTotal:        1844596 kB
MemFree:         1517392 kB
MemAvailable:    1565440 kB
Buffers:           20872 kB
Cached:           157040 kB
MemTotal:        1844596 kB
MemFree:         1517648 kB
MemAvailable:    1565696 kB
Buffers:           20872 kB
Cached:           157040 kB
MemTotal:        1844596 kB
MemFree:         1517428 kB
MemAvailable:    1565476 kB
Buffers:           20872 kB
Cached:           157040 kB
MemTotal:        1844596 kB
MemFree:         1517684 kB
MemAvailable:    1565732 kB
Buffers:           20872 kB
Cached:           157040 kB
MemTotal:        1844596 kB
MemFree:         1517572 kB
MemAvailable:    1565620 kB
Buffers:           20872 kB
Cached:           157040 kB
MemTotal:        1844596 kB
MemFree:         1518192 kB
MemAvailable:    1566240 kB
Buffers:           20872 kB
Cached:           157040 kB
MemTotal:        1844596 kB
MemFree:         1519052 kB
MemAvailable:    1567100 kB
Buffers:           20872 kB
Cached:           157040 kB
MemTotal:        1844596 kB
MemFree:         1517076 kB
MemAvailable:    1565124 kB
Buffers:           20872 kB
Cached:           157040 kB
MemTotal:        1844596 kB
MemFree:         1516268 kB
MemAvailable:    1564316 kB
Buffers:           20872 kB
Cached:           157040 kB
MemTotal:        1844596 kB
MemFree:         1515084 kB
MemAvailable:    1563132 kB
Buffers:           20872 kB
Cached:           157040 kB
MemTotal:        1844596 kB
MemFree:         1513728 kB
MemAvailable:    1561776 kB
Buffers:           20872 kB
Cached:           157040 kB
MemTotal:        1844596 kB
MemFree:         1514524 kB
MemAvailable:    1562572 kB
Buffers:           20872 kB
Cached:           157040 kB
MemTotal:        1844596 kB
MemFree:         1514176 kB
MemAvailable:    1562224 kB
Buffers:           20872 kB
Cached:           157040 kB
MemTotal:        1844596 kB
MemFree:         1513984 kB
MemAvailable:    1562032 kB
Buffers:           20872 kB
Cached:           157040 kB
MemTotal:        1844596 kB
MemFree:         1513788 kB
MemAvailable:    1561836 kB
Buffers:           20872 kB
Cached:           157040 kB
MemTotal:        1844596 kB
MemFree:         1512488 kB
MemAvailable:    1560536 kB
Buffers:           20872 kB
Cached:           157040 kB
MemTotal:        1844596 kB
MemFree:         1513212 kB
MemAvailable:    1561260 kB
Buffers:           20872 kB
Cached:           157040 kB
MemTotal:        1844596 kB
MemFree:         1513468 kB
MemAvailable:    1561516 kB
Buffers:           20872 kB
Cached:           157040 kB
MemTotal:        1844596 kB
MemFree:         1512048 kB
MemAvailable:    1560096 kB
Buffers:           20872 kB
Cached:           157040 kB
MemTotal:        1844596 kB
MemFree:         1513156 kB
MemAvailable:    1561204 kB
Buffers:           20872 kB
Cached:           157040 kB
MemTotal:        1844596 kB
MemFree:         1513408 kB
MemAvailable:    1561456 kB
Buffers:           20872 kB
Cached:           157040 kB
MemTotal:        1844596 kB
MemFree:         1511844 kB
MemAvailable:    1559892 kB
Buffers:           20872 kB
Cached:           157040 kB
MemTotal:        1844596 kB
MemFree:         1512844 kB
MemAvailable:    1560892 kB
Buffers:           20872 kB
Cached:           157040 kB
MemTotal:        1844596 kB
MemFree:         1512844 kB
MemAvailable:    1560892 kB
Buffers:           20872 kB
Cached:           157040 kB
MemTotal:        1844596 kB
MemFree:         1512656 kB
MemAvailable:    1560704 kB
Buffers:           20872 kB
Cached:           157040 kB
MemTotal:        1844596 kB
MemFree:         1511076 kB
MemAvailable:    1559124 kB
Buffers:           20872 kB
Cached:           157040 kB
MemTotal:        1844596 kB
MemFree:         1512480 kB
MemAvailable:    1560528 kB
Buffers:           20872 kB
Cached:           157040 kB
MemTotal:        1844596 kB
MemFree:         1511232 kB
MemAvailable:    1559280 kB
Buffers:           20872 kB
Cached:           157040 kB
MemTotal:        1844596 kB
MemFree:         1511232 kB
MemAvailable:    1559280 kB
Buffers:           20872 kB
Cached:           157040 kB
MemTotal:        1844596 kB
MemFree:         1512524 kB
MemAvailable:    1560572 kB
Buffers:           20872 kB
Cached:           157040 kB
MemTotal:        1844596 kB
MemFree:         1511224 kB
MemAvailable:    1559272 kB
Buffers:           20872 kB
Cached:           157040 kB
MemTotal:        1844596 kB
MemFree:         1510976 kB
MemAvailable:    1559024 kB
Buffers:           20872 kB
Cached:           157040 kB
MemTotal:        1844596 kB
MemFree:         1511100 kB
MemAvailable:    1559148 kB
Buffers:           20872 kB
Cached:           157040 kB
MemTotal:        1844596 kB
MemFree:         1511224 kB
MemAvailable:    1559272 kB
Buffers:           20872 kB
Cached:           157040 kB
MemTotal:        1844596 kB
MemFree:         1512168 kB
MemAvailable:    1560216 kB
Buffers:           20872 kB
Cached:           157040 kB
MemTotal:        1844596 kB
MemFree:         1512168 kB
MemAvailable:    1560216 kB
Buffers:           20872 kB
Cached:           157040 kB
MemTotal:        1844596 kB
MemFree:         1511852 kB
MemAvailable:    1559900 kB
Buffers:           20872 kB
Cached:           157040 kB
MemTotal:        1844596 kB
MemFree:         1511620 kB
MemAvailable:    1559668 kB
Buffers:           20872 kB
Cached:           157040 kB
MemTotal:        1844596 kB
MemFree:         1511548 kB
MemAvailable:    1559596 kB
Buffers:           20872 kB
Cached:           157040 kB
MemTotal:        1844596 kB
MemFree:         1511496 kB
MemAvailable:    1559544 kB
Buffers:           20872 kB
Cached:           157040 kB
MemTotal:        1844596 kB
MemFree:         1510324 kB
MemAvailable:    1558372 kB
Buffers:           20872 kB
Cached:           157040 kB
MemTotal:        1844596 kB
MemFree:         1510324 kB
MemAvailable:    1558372 kB
Buffers:           20872 kB
Cached:           157040 kB
MemTotal:        1844596 kB
MemFree:         1510316 kB
MemAvailable:    1558364 kB
Buffers:           20872 kB
Cached:           157040 kB
MemTotal:        1844596 kB
MemFree:         1511624 kB
MemAvailable:    1559672 kB
Buffers:           20872 kB
Cached:           157040 kB
MemTotal:        1844596 kB
MemFree:         1510316 kB
MemAvailable:    1558364 kB
Buffers:           20872 kB
Cached:           157040 kB
MemTotal:        1844596 kB
MemFree:         1511432 kB
MemAvailable:    1559480 kB
Buffers:           20872 kB
Cached:           157040 kB
MemTotal:        1844596 kB
MemFree:         1511552 kB
MemAvailable:    1559600 kB
Buffers:           20872 kB
Cached:           157040 kB
MemTotal:        1844596 kB
MemFree:         1511460 kB
MemAvailable:    1559508 kB
Buffers:           20872 kB
Cached:           157040 kB
MemTotal:        1844596 kB
MemFree:         1511072 kB
MemAvailable:    1559120 kB
Buffers:           20872 kB
Cached:           157040 kB
MemTotal:        1844596 kB
MemFree:         1511072 kB
MemAvailable:    1559120 kB
Buffers:           20872 kB
Cached:           157040 kB
MemTotal:        1844596 kB
MemFree:         1508820 kB
MemAvailable:    1556868 kB
Buffers:           20872 kB
Cached:           157040 kB
MemTotal:        1844596 kB
MemFree:         1505668 kB
MemAvailable:    1553716 kB
Buffers:           20872 kB
Cached:           157040 kB
MemTotal:        1844596 kB
MemFree:         1503868 kB
MemAvailable:    1551916 kB
Buffers:           20872 kB
Cached:           157040 kB
MemTotal:        1844596 kB
MemFree:         1503820 kB
MemAvailable:    1551868 kB
Buffers:           20872 kB
Cached:           157040 kB
MemTotal:        1844596 kB
MemFree:         1502568 kB
MemAvailable:    1550616 kB
Buffers:           20872 kB
Cached:           157040 kB
MemTotal:        1844596 kB
MemFree:         1503436 kB
MemAvailable:    1551488 kB
Buffers:           20872 kB
Cached:           157044 kB
MemTotal:        1844596 kB
MemFree:         1502692 kB
MemAvailable:    1550620 kB
Buffers:           20872 kB
Cached:           157044 kB
MemTotal:        1844596 kB
MemFree:         1503244 kB
MemAvailable:    1551296 kB
Buffers:           20872 kB
Cached:           157044 kB
MemTotal:        1844596 kB
MemFree:         1503244 kB
MemAvailable:    1551296 kB
Buffers:           20872 kB
Cached:           157044 kB
MemTotal:        1844596 kB
MemFree:         1503368 kB
MemAvailable:    1551420 kB
Buffers:           20872 kB
Cached:           157044 kB
MemTotal:        1844596 kB
MemFree:         1503536 kB
MemAvailable:    1551588 kB
Buffers:           20872 kB
Cached:           157044 kB
MemTotal:        1844596 kB
MemFree:         1503528 kB
MemAvailable:    1551580 kB
Buffers:           20872 kB
Cached:           157044 kB
MemTotal:        1844596 kB
MemFree:         1502136 kB
MemAvailable:    1550188 kB
Buffers:           20872 kB
Cached:           157044 kB
MemTotal:        1844596 kB
MemFree:         1502252 kB
MemAvailable:    1550304 kB
Buffers:           20872 kB
Cached:           157044 kB
MemTotal:        1844596 kB
MemFree:         1503512 kB
MemAvailable:    1551564 kB
Buffers:           20872 kB
Cached:           157044 kB
MemTotal:        1844596 kB
MemFree:         1503284 kB
MemAvailable:    1551336 kB
Buffers:           20872 kB
Cached:           157044 kB
MemTotal:        1844596 kB
MemFree:         1503536 kB
MemAvailable:    1551588 kB
Buffers:           20872 kB
Cached:           157044 kB
MemTotal:        1844596 kB
MemFree:         1503284 kB
MemAvailable:    1551336 kB
Buffers:           20872 kB
Cached:           157044 kB
MemTotal:        1844596 kB
MemFree:         1503620 kB
MemAvailable:    1551672 kB
Buffers:           20872 kB
Cached:           157044 kB
MemTotal:        1844596 kB
MemFree:         1503064 kB
MemAvailable:    1551116 kB
Buffers:           20872 kB
Cached:           157044 kB
MemTotal:        1844596 kB
MemFree:         1501700 kB
MemAvailable:    1549752 kB
Buffers:           20872 kB
Cached:           157044 kB
MemTotal:        1844596 kB
MemFree:         1501568 kB
MemAvailable:    1549628 kB
Buffers:           20872 kB
Cached:           157052 kB
MemTotal:        1844596 kB
MemFree:         1502404 kB
MemAvailable:    1550464 kB
Buffers:           20872 kB
Cached:           157052 kB
MemTotal:        1844596 kB
MemFree:         1500856 kB
MemAvailable:    1548916 kB
Buffers:           20872 kB
Cached:           157052 kB
MemTotal:        1844596 kB
MemFree:         1500724 kB
MemAvailable:    1548784 kB
Buffers:           20872 kB
Cached:           157052 kB
MemTotal:        1844596 kB
MemFree:         1501536 kB
MemAvailable:    1549596 kB
Buffers:           20872 kB
Cached:           157052 kB
MemTotal:        1844596 kB
MemFree:         1499616 kB
MemAvailable:    1547676 kB
Buffers:           20872 kB
Cached:           157052 kB
MemTotal:        1844596 kB
MemFree:         1499360 kB
MemAvailable:    1547420 kB
Buffers:           20872 kB
Cached:           157052 kB
MemTotal:        1844596 kB
MemFree:         1499988 kB
MemAvailable:    1548048 kB
Buffers:           20872 kB
Cached:           157052 kB
MemTotal:        1844596 kB
MemFree:         1498700 kB
MemAvailable:    1546760 kB
Buffers:           20872 kB
Cached:           157052 kB
MemTotal:        1844596 kB
MemFree:         1499744 kB
MemAvailable:    1547804 kB
Buffers:           20872 kB
Cached:           157052 kB
MemTotal:        1844596 kB
MemFree:         1498560 kB
MemAvailable:    1546620 kB
Buffers:           20872 kB
Cached:           157052 kB
MemTotal:        1844596 kB
MemFree:         1498252 kB
MemAvailable:    1546312 kB
Buffers:           20872 kB
Cached:           157052 kB
MemTotal:        1844596 kB
MemFree:         1499636 kB
MemAvailable:    1547696 kB
Buffers:           20872 kB
Cached:           157052 kB
MemTotal:        1844596 kB
MemFree:         1498492 kB
MemAvailable:    1546552 kB
Buffers:           20872 kB
Cached:           157052 kB
MemTotal:        1844596 kB
MemFree:         1499616 kB
MemAvailable:    1547676 kB
Buffers:           20872 kB
Cached:           157052 kB
MemTotal:        1844596 kB
MemFree:         1498236 kB
MemAvailable:    1546296 kB
Buffers:           20872 kB
Cached:           157052 kB
MemTotal:        1844596 kB
MemFree:         1498368 kB
MemAvailable:    1546428 kB
Buffers:           20872 kB
Cached:           157052 kB
MemTotal:        1844596 kB
MemFree:         1498996 kB
MemAvailable:    1547056 kB
Buffers:           20872 kB
Cached:           157052 kB
MemTotal:        1844596 kB
MemFree:         1498364 kB
MemAvailable:    1546424 kB
Buffers:           20872 kB
Cached:           157052 kB
MemTotal:        1844596 kB
MemFree:         1498120 kB
MemAvailable:    1546180 kB
Buffers:           20872 kB
Cached:           157052 kB
MemTotal:        1844596 kB
MemFree:         1499304 kB
MemAvailable:    1547364 kB
Buffers:           20872 kB
Cached:           157052 kB
MemTotal:        1844596 kB
MemFree:         1497624 kB
MemAvailable:    1545684 kB
Buffers:           20872 kB
Cached:           157052 kB
MemTotal:        1844596 kB
MemFree:         1494284 kB
MemAvailable:    1542344 kB
Buffers:           20872 kB
Cached:           157052 kB
MemTotal:        1844596 kB
MemFree:         1494152 kB
MemAvailable:    1542212 kB
Buffers:           20872 kB
Cached:           157052 kB
MemTotal:        1844596 kB
MemFree:         1492904 kB
MemAvailable:    1540964 kB
Buffers:           20872 kB
Cached:           157052 kB
MemTotal:        1844596 kB
MemFree:         1492672 kB
MemAvailable:    1540732 kB
Buffers:           20872 kB
Cached:           157052 kB
MemTotal:        1844596 kB
MemFree:         1493832 kB
MemAvailable:    1541892 kB
Buffers:           20872 kB
Cached:           157052 kB
MemTotal:        1844596 kB
MemFree:         1492788 kB
MemAvailable:    1540848 kB
Buffers:           20884 kB
Cached:           157040 kB
MemTotal:        1844596 kB
MemFree:         1491308 kB
MemAvailable:    1539368 kB
Buffers:           20884 kB
Cached:           157040 kB
MemTotal:        1844596 kB
MemFree:         1490576 kB
MemAvailable:    1538636 kB
Buffers:           20884 kB
Cached:           157040 kB
MemTotal:        1844596 kB
MemFree:         1490508 kB
MemAvailable:    1538568 kB
Buffers:           20884 kB
Cached:           157040 kB
MemTotal:        1844596 kB
MemFree:         1489400 kB
MemAvailable:    1537460 kB
Buffers:           20884 kB
Cached:           157040 kB
MemTotal:        1844596 kB
MemFree:         1490576 kB
MemAvailable:    1538636 kB
Buffers:           20884 kB
Cached:           157040 kB
MemTotal:        1844596 kB
MemFree:         1490612 kB
MemAvailable:    1538672 kB
Buffers:           20884 kB
Cached:           157040 kB
MemTotal:        1844596 kB
MemFree:         1489388 kB
MemAvailable:    1537448 kB
Buffers:           20884 kB
Cached:           157040 kB
MemTotal:        1844596 kB
MemFree:         1489380 kB
MemAvailable:    1537440 kB
Buffers:           20884 kB
Cached:           157040 kB
MemTotal:        1844596 kB
MemFree:         1492336 kB
MemAvailable:    1540396 kB
Buffers:           20884 kB
Cached:           157040 kB
MemTotal:        1844596 kB
MemFree:         1492184 kB
MemAvailable:    1540244 kB
Buffers:           20884 kB
Cached:           157040 kB
MemTotal:        1844596 kB
MemFree:         1492292 kB
MemAvailable:    1540436 kB
Buffers:           20884 kB
Cached:           157164 kB
MemTotal:        1844596 kB
MemFree:         1492304 kB
MemAvailable:    1540616 kB
Buffers:           20884 kB
Cached:           157288 kB
MemTotal:        1844596 kB
MemFree:         1491424 kB
MemAvailable:    1539736 kB
Buffers:           20884 kB
Cached:           157288 kB
MemTotal:        1844596 kB
MemFree:         1492048 kB
MemAvailable:    1540528 kB
Buffers:           20884 kB
Cached:           157412 kB
MemTotal:        1844596 kB
MemFree:         1491960 kB
MemAvailable:    1540524 kB
Buffers:           20884 kB
Cached:           157536 kB
MemTotal:        1844596 kB
MemFree:         1491712 kB
MemAvailable:    1540276 kB
Buffers:           20884 kB
Cached:           157536 kB
MemTotal:        1844596 kB
MemFree:         1492052 kB
MemAvailable:    1540616 kB
Buffers:           20884 kB
Cached:           157536 kB
MemTotal:        1844596 kB
MemFree:         1491748 kB
MemAvailable:    1540396 kB
Buffers:           20884 kB
Cached:           157660 kB
MemTotal:        1844596 kB
MemFree:         1491908 kB
MemAvailable:    1540556 kB
Buffers:           20884 kB
Cached:           157660 kB
MemTotal:        1844596 kB
MemFree:         1490504 kB
MemAvailable:    1539152 kB
Buffers:           20884 kB
Cached:           157660 kB
MemTotal:        1844596 kB
MemFree:         1491856 kB
MemAvailable:    1540504 kB
Buffers:           20884 kB
Cached:           157660 kB
MemTotal:        1844596 kB
MemFree:         1491916 kB
MemAvailable:    1540564 kB
Buffers:           20884 kB
Cached:           157660 kB
MemTotal:        1844596 kB
MemFree:         1491980 kB
MemAvailable:    1540040 kB
Buffers:           20884 kB
Cached:           157028 kB
MemTotal:        1844596 kB
MemFree:         1492500 kB
MemAvailable:    1540560 kB
Buffers:           20884 kB
Cached:           157028 kB
