MemTotal:        1844596 kB
MemFree:         1577944 kB
MemAvailable:    1589464 kB
Buffers:           15616 kB
Cached:           123896 kB
MemTotal:        1844596 kB
MemFree:         1576952 kB
MemAvailable:    1588472 kB
Buffers:           15616 kB
Cached:           123896 kB
MemTotal:        1844596 kB
MemFree:         1574960 kB
MemAvailable:    1586480 kB
Buffers:           15616 kB
Cached:           123896 kB
MemTotal:        1844596 kB
MemFree:         1574960 kB
MemAvailable:    1586480 kB
Buffers:           15616 kB
Cached:           123896 kB
MemTotal:        1844596 kB
MemFree:         1571604 kB
MemAvailable:    1583124 kB
Buffers:           15616 kB
Cached:           123896 kB
MemTotal:        1844596 kB
MemFree:         1571308 kB
MemAvailable:    1582828 kB
Buffers:           15616 kB
Cached:           123896 kB
MemTotal:        1844596 kB
MemFree:         1571540 kB
MemAvailable:    1583060 kB
Buffers:           15616 kB
Cached:           123896 kB
MemTotal:        1844596 kB
MemFree:         1570132 kB
MemAvailable:    1581652 kB
Buffers:           15616 kB
Cached:           123896 kB
MemTotal:        1844596 kB
MemFree:         1571108 kB
MemAvailable:    1582628 kB
Buffers:           15616 kB
Cached:           123896 kB
MemTotal:        1844596 kB
MemFree:         1571248 kB
MemAvailable:    1582768 kB
Buffers:           15616 kB
Cached:           123896 kB
MemTotal:        1844596 kB
MemFree:         1568396 kB
MemAvailable:    1579916 kB
Buffers:           15616 kB
Cached:           123896 kB
MemTotal:        1844596 kB
MemFree:         1566536 kB
MemAvailable:    1578056 kB
Buffers:           15616 kB
Cached:           123896 kB
MemTotal:        1844596 kB
MemFree:         1564552 kB
MemAvailable:    1576072 kB
Buffers:           15616 kB
Cached:           123896 kB
MemTotal:        1844596 kB
MemFree:         1561576 kB
MemAvailable:    1573096 kB
Buffers:           15616 kB
Cached:           123896 kB
MemTotal:        1844596 kB
MemFree:         1561680 kB
MemAvailable:    1573200 kB
Buffers:           15616 kB
Cached:           123896 kB
MemTotal:        1844596 kB
MemFree:         1561204 kB
MemAvailable:    1572600 kB
Buffers:           15616 kB
Cached:           123896 kB
MemTotal:        1844596 kB
MemFree:         1561556 kB
MemAvailable:    1573076 kB
Buffers:           15616 kB
Cached:           123896 kB
MemTotal:        1844596 kB
MemFree:         1561556 kB
MemAvailable:    1573076 kB
Buffers:           15616 kB
Cached:           123896 kB
MemTotal:        1844596 kB
MemFree:         1561696 kB
MemAvailable:    1573216 kB
Buffers:           15616 kB
Cached:           123896 kB
MemTotal:        1844596 kB
MemFree:         1561732 kB
MemAvailable:    1573252 kB
Buffers:           15616 kB
Cached:           123896 kB
MemTotal:        1844596 kB
MemFree:         1560576 kB
MemAvailable:    1572096 kB
Buffers:           15616 kB
Cached:           123896 kB
MemTotal:        1844596 kB
MemFree:         1561312 kB
MemAvailable:    1572832 kB
Buffers:           15616 kB
Cached:           123896 kB
MemTotal:        1844596 kB
MemFree:         1561396 kB
MemAvailable:    1572916 kB
Buffers:           15616 kB
Cached:           123896 kB
MemTotal:        1844596 kB
MemFree:         1560336 kB
MemAvailable:    1571856 kB
Buffers:           15616 kB
Cached:           123896 kB
MemTotal:        1844596 kB
MemFree:         1558724 kB
MemAvailable:    1570120 kB
Buffers:           15616 kB
Cached:           123896 kB
MemTotal:        1844596 kB
MemFree:         1559280 kB
MemAvailable:    1570800 kB
Buffers:           15616 kB
Cached:           123896 kB
MemTotal:        1844596 kB
MemFree:         1559220 kB
MemAvailable:    1570740 kB
Buffers:           15616 kB
Cached:           123896 kB
MemTotal:        1844596 kB
MemFree:         1559140 kB
MemAvailable:    1570660 kB
Buffers:           15616 kB
Cached:           123896 kB
MemTotal:        1844596 kB
MemFree:         1558112 kB
MemAvailable:    1569632 kB
Buffers:           15616 kB
Cached:           123896 kB
MemTotal:        1844596 kB
MemFree:         1558956 kB
MemAvailable:    1570476 kB
Buffers:           15616 kB
Cached:           123896 kB
MemTotal:        1844596 kB
MemFree:         1558544 kB
MemAvailable:    1570064 kB
Buffers:           15616 kB
Cached:           123896 kB
MemTotal:        1844596 kB
MemFree:         1559328 kB
MemAvailable:    1570856 kB
Buffers:           15616 kB
Cached:           123904 kB
MemTotal:        1844596 kB
MemFree:         1559328 kB
MemAvailable:    1570856 kB
Buffers:           15616 kB
Cached:           123904 kB
MemTotal:        1844596 kB
MemFree:         1559032 kB
MemAvailable:    1570560 kB
Buffers:           15616 kB
Cached:           123904 kB
MemTotal:        1844596 kB
MemFree:         1559284 kB
MemAvailable:    1570812 kB
Buffers:           15616 kB
Cached:           123904 kB
MemTotal:        1844596 kB
MemFree:         1559412 kB
MemAvailable:    1570940 kB
Buffers:           15616 kB
Cached:           123904 kB
MemTotal:        1844596 kB
MemFree:         1557980 kB
MemAvailable:    1569508 kB
Buffers:           15616 kB
Cached:           123904 kB
MemTotal:        1844596 kB
MemFree:         1560456 kB
MemAvailable:    1571984 kB
Buffers:           15616 kB
Cached:           123904 kB
MemTotal:        1844596 kB
MemFree:         1559948 kB
MemAvailable:    1571476 kB
Buffers:           15616 kB
Cached:           123904 kB
MemTotal:        1844596 kB
MemFree:         1559716 kB
MemAvailable:    1571244 kB
Buffers:           15616 kB
Cached:           123904 kB
MemTotal:        1844596 kB
MemFree:         1558228 kB
MemAvailable:    1569756 kB
Buffers:           15616 kB
Cached:           123904 kB
MemTotal:        1844596 kB
MemFree:         1556120 kB
MemAvailable:    1567648 kB
Buffers:           15616 kB
Cached:           123904 kB
MemTotal:        1844596 kB
MemFree:         1556724 kB
MemAvailable:    1568252 kB
Buffers:           15616 kB
Cached:           123904 kB
MemTotal:        1844596 kB
MemFree:         1556852 kB
MemAvailable:    1568380 kB
Buffers:           15616 kB
Cached:           123904 kB
MemTotal:        1844596 kB
MemFree:         1554616 kB
MemAvailable:    1566144 kB
Buffers:           15616 kB
Cached:           123904 kB
MemTotal:        1844596 kB
MemFree:         1556296 kB
MemAvailable:    1567824 kB
Buffers:           15616 kB
Cached:           123904 kB
MemTotal:        1844596 kB
MemFree:         1555244 kB
MemAvailable:    1566772 kB
Buffers:           15616 kB
Cached:           123904 kB
MemTotal:        1844596 kB
MemFree:         1555500 kB
MemAvailable:    1567028 kB
Buffers:           15616 kB
Cached:           123904 kB
MemTotal:        1844596 kB
MemFree:         1555304 kB
MemAvailable:    1566832 kB
Buffers:           15616 kB
Cached:           123904 kB
MemTotal:        1844596 kB
MemFree:         1555304 kB
MemAvailable:    1566832 kB
Buffers:           15616 kB
Cached:           123904 kB
MemTotal:        1844596 kB
MemFree:         1555120 kB
MemAvailable:    1566648 kB
Buffers:           15616 kB
Cached:           123904 kB
MemTotal:        1844596 kB
MemFree:         1555120 kB
MemAvailable:    1566648 kB
Buffers:           15616 kB
Cached:           123904 kB
MemTotal:        1844596 kB
MemFree:         1554816 kB
MemAvailable:    1566344 kB
Buffers:           15616 kB
Cached:           123904 kB
MemTotal:        1844596 kB
MemFree:         1555072 kB
MemAvailable:    1566600 kB
Buffers:           15616 kB
Cached:           123904 kB
MemTotal:        1844596 kB
MemFree:         1554684 kB
MemAvailable:    1566212 kB
Buffers:           15616 kB
Cached:           123904 kB
MemTotal:        1844596 kB
MemFree:         1554684 kB
MemAvailable:    1566212 kB
Buffers:           15616 kB
Cached:           123904 kB
MemTotal:        1844596 kB
MemFree:         1554488 kB
MemAvailable:    1566016 kB
Buffers:           15616 kB
Cached:           123904 kB
MemTotal:        1844596 kB
MemFree:         1552896 kB
MemAvailable:    1564424 kB
Buffers:           15616 kB
Cached:           123904 kB
MemTotal:        1844596 kB
MemFree:         1554016 kB
MemAvailable:    1565544 kB
Buffers:           15616 kB
Cached:           123904 kB
MemTotal:        1844596 kB
MemFree:         1552720 kB
MemAvailable:    1564248 kB
Buffers:           15616 kB
Cached:           123904 kB
MemTotal:        1844596 kB
MemFree:         1553960 kB
MemAvailable:    1565488 kB
Buffers:           15616 kB
Cached:           123904 kB
MemTotal:        1844596 kB
MemFree:         1553516 kB
MemAvailable:    1565044 kB
Buffers:           15616 kB
Cached:           123904 kB
MemTotal:        1844596 kB
MemFree:         1553860 kB
MemAvailable:    1565388 kB
Buffers:           15616 kB
Cached:           123904 kB
MemTotal:        1844596 kB
MemFree:         1554112 kB
MemAvailable:    1565640 kB
Buffers:           15616 kB
Cached:           123904 kB
MemTotal:        1844596 kB
MemFree:         1552740 kB
MemAvailable:    1564268 kB
Buffers:           15616 kB
Cached:           123904 kB
MemTotal:        1844596 kB
MemFree:         1553832 kB
MemAvailable:    1565360 kB
Buffers:           15616 kB
Cached:           123904 kB
MemTotal:        1844596 kB
MemFree:         1553344 kB
MemAvailable:    1564872 kB
Buffers:           15616 kB
Cached:           123904 kB
MemTotal:        1844596 kB
MemFree:         1552828 kB
MemAvailable:    1564360 kB
Buffers:           15616 kB
Cached:           123908 kB
MemTotal:        1844596 kB
MemFree:         1553772 kB
MemAvailable:    1565304 kB
Buffers:           15616 kB
Cached:           123908 kB
MemTotal:        1844596 kB
MemFree:         1553392 kB
MemAvailable:    1564924 kB
Buffers:           15616 kB
Cached:           123908 kB
MemTotal:        1844596 kB
MemFree:         1553748 kB
MemAvailable:    1565280 kB
Buffers:           15616 kB
Cached:           123908 kB
MemTotal:        1844596 kB
MemFree:         1553260 kB
MemAvailable:    1564792 kB
Buffers:           15616 kB
Cached:           123908 kB
MemTotal:        1844596 kB
MemFree:         1553392 kB
MemAvailable:    1564924 kB
Buffers:           15616 kB
Cached:           123908 kB
MemTotal:        1844596 kB
MemFree:         1552648 kB
MemAvailable:    1564180 kB
Buffers:           15616 kB
Cached:           123908 kB
MemTotal:        1844596 kB
MemFree:         1553372 kB
MemAvailable:    1564904 kB
Buffers:           15616 kB
Cached:           123908 kB
MemTotal:        1844596 kB
MemFree:         1553456 kB
MemAvailable:    1564988 kB
Buffers:           15616 kB
Cached:           123908 kB
MemTotal:        1844596 kB
MemFree:         1553260 kB
MemAvailable:    1564792 kB
Buffers:           15616 kB
Cached:           123908 kB
MemTotal:        1844596 kB
MemFree:         1553080 kB
MemAvailable:    1564612 kB
Buffers:           15616 kB
Cached:           123908 kB
MemTotal:        1844596 kB
MemFree:         1552840 kB
MemAvailable:    1564372 kB
Buffers:           15616 kB
Cached:           123908 kB
MemTotal:        1844596 kB
MemFree:         1553136 kB
MemAvailable:    1564668 kB
Buffers:           15616 kB
Cached:           123908 kB
MemTotal:        1844596 kB
MemFree:         1552980 kB
MemAvailable:    1564512 kB
Buffers:           15616 kB
Cached:           123908 kB
MemTotal:        1844596 kB
MemFree:         1553236 kB
MemAvailable:    1564768 kB
Buffers:           15616 kB
Cached:           123908 kB
MemTotal:        1844596 kB
MemFree:         1553124 kB
MemAvailable:    1564656 kB
Buffers:           15616 kB
Cached:           123908 kB
MemTotal:        1844596 kB
MemFree:         1552516 kB
MemAvailable:    1564048 kB
Buffers:           15616 kB
Cached:           123908 kB
MemTotal:        1844596 kB
MemFree:         1553116 kB
MemAvailable:    1564648 kB
Buffers:           15616 kB
Cached:           123908 kB
MemTotal:        1844596 kB
MemFree:         1553000 kB
MemAvailable:    1564532 kB
Buffers:           15616 kB
Cached:           123908 kB
MemTotal:        1844596 kB
MemFree:         1552920 kB
MemAvailable:    1564452 kB
Buffers:           15616 kB
Cached:           123908 kB
MemTotal:        1844596 kB
MemFree:         1553012 kB
MemAvailable:    1564544 kB
Buffers:           15616 kB
Cached:           123908 kB
MemTotal:        1844596 kB
MemFree:         1552880 kB
MemAvailable:    1564412 kB
Buffers:           15616 kB
Cached:           123908 kB
MemTotal:        1844596 kB
MemFree:         1551408 kB
MemAvailable:    1562940 kB
Buffers:           15616 kB
Cached:           123908 kB
MemTotal:        1844596 kB
MemFree:         1548416 kB
MemAvailable:    1559948 kB
Buffers:           15616 kB
Cached:           123908 kB
MemTotal:        1844596 kB
MemFree:         1548416 kB
MemAvailable:    1559948 kB
Buffers:           15616 kB
Cached:           123908 kB
MemTotal:        1844596 kB
MemFree:         1545688 kB
MemAvailable:    1557220 kB
Buffers:           15616 kB
Cached:           123908 kB
MemTotal:        1844596 kB
MemFree:         1545772 kB
MemAvailable:    1557304 kB
Buffers:           15616 kB
Cached:           123908 kB
MemTotal:        1844596 kB
MemFree:         1545324 kB
MemAvailable:    1556856 kB
Buffers:           15616 kB
Cached:           123908 kB
MemTotal:        1844596 kB
MemFree:         1545440 kB
MemAvailable:    1556972 kB
Buffers:           15616 kB
Cached:           123908 kB
MemTotal:        1844596 kB
MemFree:         1544084 kB
MemAvailable:    1555616 kB
Buffers:           15616 kB
Cached:           123908 kB
MemTotal:        1844596 kB
MemFree:         1545068 kB
MemAvailable:    1556600 kB
Buffers:           15616 kB
Cached:           123908 kB
MemTotal:        1844596 kB
MemFree:         1545404 kB
MemAvailable:    1556936 kB
Buffers:           15616 kB
Cached:           123908 kB
MemTotal:        1844596 kB
MemFree:         1545076 kB
MemAvailable:    1556608 kB
Buffers:           15616 kB
Cached:           123908 kB
MemTotal:        1844596 kB
MemFree:         1544216 kB
MemAvailable:    1555748 kB
Buffers:           15616 kB
Cached:           123908 kB
MemTotal:        1844596 kB
MemFree:         1544948 kB
MemAvailable:    1556480 kB
Buffers:           15616 kB
Cached:           123908 kB
MemTotal:        1844596 kB
MemFree:         1545044 kB
MemAvailable:    1556576 kB
Buffers:           15616 kB
Cached:           123908 kB
MemTotal:        1844596 kB
MemFree:         1544588 kB
MemAvailable:    1556120 kB
Buffers:           15616 kB
Cached:           123908 kB
MemTotal:        1844596 kB
MemFree:         1544080 kB
MemAvailable:    1555612 kB
Buffers:           15616 kB
Cached:           123908 kB
MemTotal:        1844596 kB
MemFree:         1545064 kB
MemAvailable:    1556596 kB
Buffers:           15616 kB
Cached:           123908 kB
MemTotal:        1844596 kB
MemFree:         1545132 kB
MemAvailable:    1556664 kB
Buffers:           15616 kB
Cached:           123908 kB
MemTotal:        1844596 kB
MemFree:         1544948 kB
MemAvailable:    1556480 kB
Buffers:           15616 kB
Cached:           123908 kB
MemTotal:        1844596 kB
MemFree:         1545092 kB
MemAvailable:    1556624 kB
Buffers:           15616 kB
Cached:           123908 kB
MemTotal:        1844596 kB
MemFree:         1544936 kB
MemAvailable:    1556468 kB
Buffers:           15616 kB
Cached:           123908 kB
MemTotal:        1844596 kB
MemFree:         1544664 kB
MemAvailable:    1556196 kB
Buffers:           15616 kB
Cached:           123908 kB
MemTotal:        1844596 kB
MemFree:         1543844 kB
MemAvailable:    1555376 kB
Buffers:           15616 kB
Cached:           123908 kB
MemTotal:        1844596 kB
MemFree:         1544640 kB
MemAvailable:    1556172 kB
Buffers:           15616 kB
Cached:           123908 kB
MemTotal:        1844596 kB
MemFree:         1544084 kB
MemAvailable:    1555616 kB
Buffers:           15616 kB
Cached:           123908 kB
MemTotal:        1844596 kB
MemFree:         1544152 kB
MemAvailable:    1555684 kB
Buffers:           15616 kB
Cached:           123908 kB
MemTotal:        1844596 kB
MemFree:         1542596 kB
MemAvailable:    1554128 kB
Buffers:           15616 kB
Cached:           123908 kB
MemTotal:        1844596 kB
MemFree:         1542596 kB
MemAvailable:    1554128 kB
Buffers:           15616 kB
Cached:           123908 kB
MemTotal:        1844596 kB
MemFree:         1543020 kB
MemAvailable:    1554552 kB
Buffers:           15616 kB
Cached:           123908 kB
MemTotal:        1844596 kB
MemFree:         1543356 kB
MemAvailable:    1554888 kB
Buffers:           15616 kB
Cached:           123908 kB
MemTotal:        1844596 kB
MemFree:         1542356 kB
MemAvailable:    1553888 kB
Buffers:           15616 kB
Cached:           123908 kB
MemTotal:        1844596 kB
MemFree:         1542232 kB
MemAvailable:    1553764 kB
Buffers:           15616 kB
Cached:           123908 kB
MemTotal:        1844596 kB
MemFree:         1540984 kB
MemAvailable:    1552516 kB
Buffers:           15616 kB
Cached:           123908 kB
MemTotal:        1844596 kB
MemFree:         1541736 kB
MemAvailable:    1553268 kB
Buffers:           15616 kB
Cached:           123908 kB
MemTotal:        1844596 kB
MemFree:         1540992 kB
MemAvailable:    1552524 kB
Buffers:           15616 kB
Cached:           123908 kB
MemTotal:        1844596 kB
MemFree:         1541336 kB
MemAvailable:    1552868 kB
Buffers:           15616 kB
Cached:           123908 kB
MemTotal:        1844596 kB
MemFree:         1541104 kB
MemAvailable:    1552636 kB
Buffers:           15616 kB
Cached:           123908 kB
MemTotal:        1844596 kB
MemFree:         1540216 kB
MemAvailable:    1551748 kB
Buffers:           15616 kB
Cached:           123908 kB
MemTotal:        1844596 kB
MemFree:         1541332 kB
MemAvailable:    1552864 kB
Buffers:           15616 kB
Cached:           123908 kB
MemTotal:        1844596 kB
MemFree:         1541168 kB
MemAvailable:    1552700 kB
Buffers:           15616 kB
Cached:           123908 kB
MemTotal:        1844596 kB
MemFree:         1541328 kB
MemAvailable:    1552860 kB
Buffers:           15616 kB
Cached:           123908 kB
MemTotal:        1844596 kB
MemFree:         1541132 kB
MemAvailable:    1552664 kB
Buffers:           15616 kB
Cached:           123908 kB
MemTotal:        1844596 kB
MemFree:         1540932 kB
MemAvailable:    1552464 kB
Buffers:           15616 kB
Cached:           123908 kB
MemTotal:        1844596 kB
MemFree:         1541184 kB
MemAvailable:    1552716 kB
Buffers:           15616 kB
Cached:           123908 kB
MemTotal:        1844596 kB
MemFree:         1540964 kB
MemAvailable:    1552496 kB
Buffers:           15616 kB
Cached:           123908 kB
MemTotal:        1844596 kB
MemFree:         1541012 kB
MemAvailable:    1552544 kB
Buffers:           15616 kB
Cached:           123908 kB
MemTotal:        1844596 kB
MemFree:         1540932 kB
MemAvailable:    1552464 kB
Buffers:           15616 kB
Cached:           123908 kB
MemTotal:        1844596 kB
MemFree:         1540372 kB
MemAvailable:    1551780 kB
Buffers:           15616 kB
Cached:           123908 kB
MemTotal:        1844596 kB
MemFree:         1540500 kB
MemAvailable:    1552032 kB
Buffers:           15616 kB
Cached:           123908 kB
MemTotal:        1844596 kB
MemFree:         1536712 kB
MemAvailable:    1548244 kB
Buffers:           15616 kB
Cached:           123908 kB
MemTotal:        1844596 kB
MemFree:         1535644 kB
MemAvailable:    1547176 kB
Buffers:           15616 kB
Cached:           123908 kB
MemTotal:        1844596 kB
MemFree:         1534916 kB
MemAvailable:    1546448 kB
Buffers:           15616 kB
Cached:           123908 kB
MemTotal:        1844596 kB
MemFree:         1535664 kB
MemAvailable:    1547196 kB
Buffers:           15616 kB
Cached:           123908 kB
MemTotal:        1844596 kB
MemFree:         1534536 kB
MemAvailable:    1546068 kB
Buffers:           15616 kB
Cached:           123908 kB
MemTotal:        1844596 kB
MemFree:         1535348 kB
MemAvailable:    1546880 kB
Buffers:           15616 kB
Cached:           123908 kB
MemTotal:        1844596 kB
MemFree:         1535252 kB
MemAvailable:    1546784 kB
Buffers:           15616 kB
Cached:           123908 kB
MemTotal:        1844596 kB
MemFree:         1535508 kB
MemAvailable:    1547040 kB
Buffers:           15616 kB
Cached:           123908 kB
MemTotal:        1844596 kB
MemFree:         1534128 kB
MemAvailable:    1545660 kB
Buffers:           15616 kB
Cached:           123908 kB
MemTotal:        1844596 kB
MemFree:         1534784 kB
MemAvailable:    1546316 kB
Buffers:           15616 kB
Cached:           123908 kB
MemTotal:        1844596 kB
MemFree:         1534968 kB
MemAvailable:    1546500 kB
Buffers:           15616 kB
Cached:           123908 kB
MemTotal:        1844596 kB
MemFree:         1535220 kB
MemAvailable:    1546752 kB
Buffers:           15616 kB
Cached:           123908 kB
MemTotal:        1844596 kB
MemFree:         1534280 kB
MemAvailable:    1545812 kB
Buffers:           15616 kB
Cached:           123908 kB
MemTotal:        1844596 kB
MemFree:         1534364 kB
MemAvailable:    1545896 kB
Buffers:           15616 kB
Cached:           123908 kB
MemTotal:        1844596 kB
MemFree:         1532420 kB
MemAvailable:    1543952 kB
Buffers:           15616 kB
Cached:           123908 kB
MemTotal:        1844596 kB
MemFree:         1531444 kB
MemAvailable:    1542976 kB
Buffers:           15616 kB
Cached:           123908 kB
MemTotal:        1844596 kB
MemFree:         1532232 kB
MemAvailable:    1543764 kB
Buffers:           15616 kB
Cached:           123908 kB
MemTotal:        1844596 kB
MemFree:         1531148 kB
MemAvailable:    1542680 kB
Buffers:           15616 kB
Cached:           123908 kB
MemTotal:        1844596 kB
MemFree:         1532148 kB
MemAvailable:    1543692 kB
Buffers:           15616 kB
Cached:           123920 kB
MemTotal:        1844596 kB
MemFree:         1531692 kB
MemAvailable:    1543236 kB
Buffers:           15616 kB
Cached:           123920 kB
MemTotal:        1844596 kB
MemFree:         1531912 kB
MemAvailable:    1543456 kB
Buffers:           15616 kB
Cached:           123920 kB
MemTotal:        1844596 kB
MemFree:         1531996 kB
MemAvailable:    1543540 kB
Buffers:           15624 kB
Cached:           123912 kB
MemTotal:        1844596 kB
MemFree:         1534092 kB
MemAvailable:    1545636 kB
Buffers:           15628 kB
Cached:           123908 kB
MemTotal:        1844596 kB
MemFree:         1533552 kB
MemAvailable:    1545096 kB
Buffers:           15628 kB
Cached:           123908 kB
MemTotal:        1844596 kB
MemFree:         1533904 kB
MemAvailable:    1545532 kB
Buffers:           15628 kB
Cached:           124032 kB
MemTotal:        1844596 kB
MemFree:         1534160 kB
MemAvailable:    1545788 kB
Buffers:           15628 kB
Cached:           124032 kB
MemTotal:        1844596 kB
MemFree:         1533964 kB
MemAvailable:    1545760 kB
Buffers:           15628 kB
Cached:           124156 kB
MemTotal:        1844596 kB
MemFree:         1532932 kB
MemAvailable:    1544812 kB
Buffers:           15628 kB
Cached:           124280 kB
MemTotal:        1844596 kB
MemFree:         1533680 kB
MemAvailable:    1545644 kB
Buffers:           15628 kB
Cached:           124404 kB
MemTotal:        1844596 kB
MemFree:         1533224 kB
MemAvailable:    1545272 kB
Buffers:           15628 kB
Cached:           124528 kB
MemTotal:        1844596 kB
MemFree:         1533308 kB
MemAvailable:    1545356 kB
Buffers:           15628 kB
Cached:           124528 kB
MemTotal:        1844596 kB
MemFree:         1533240 kB
MemAvailable:    1545288 kB
Buffers:           15628 kB
Cached:           124528 kB
MemTotal:        1844596 kB
MemFree:         1532548 kB
MemAvailable:    1544596 kB
Buffers:           15628 kB
Cached:           124528 kB
MemTotal:        1844596 kB
MemFree:         1533272 kB
MemAvailable:    1545404 kB
Buffers:           15628 kB
Cached:           124528 kB
MemTotal:        1844596 kB
MemFree:         1533272 kB
MemAvailable:    1545404 kB
Buffers:           15628 kB
Cached:           124528 kB
MemTotal:        1844596 kB
MemFree:         1533352 kB
MemAvailable:    1545484 kB
Buffers:           15628 kB
Cached:           124528 kB
MemTotal:        1844596 kB
MemFree:         1533364 kB
MemAvailable:    1545496 kB
Buffers:           15628 kB
Cached:           124528 kB
MemTotal:        1844596 kB
MemFree:         1531924 kB
MemAvailable:    1544056 kB
Buffers:           15628 kB
Cached:           124528 kB
MemTotal:        1844596 kB
MemFree:         1533732 kB
MemAvailable:    1545864 kB
Buffers:           15628 kB
Cached:           124528 kB
MemTotal:        1844596 kB
MemFree:         1532296 kB
MemAvailable:    1544428 kB
Buffers:           15628 kB
Cached:           124528 kB
MemTotal:        1844596 kB
MemFree:         1533740 kB
MemAvailable:    1545368 kB
Buffers:           15628 kB
Cached:           123896 kB
MemTotal:        1844596 kB
MemFree:         1533420 kB
MemAvailable:    1545048 kB
Buffers:           15628 kB
Cached:           123896 kB
MemTotal:        1844596 kB
MemFree:         1601024 kB
MemAvailable:    1612568 kB
Buffers:           15628 kB
Cached:           123896 kB
