MemTotal:        1844596 kB
MemFree:         1575416 kB
MemAvailable:    1592592 kB
Buffers:           16372 kB
Cached:           128516 kB
MemTotal:        1844596 kB
MemFree:         1569820 kB
MemAvailable:    1586996 kB
Buffers:           16372 kB
Cached:           128516 kB
MemTotal:        1844596 kB
MemFree:         1569572 kB
MemAvailable:    1586748 kB
Buffers:           16372 kB
Cached:           128516 kB
MemTotal:        1844596 kB
MemFree:         1569332 kB
MemAvailable:    1586508 kB
Buffers:           16372 kB
Cached:           128516 kB
MemTotal:        1844596 kB
MemFree:         1568968 kB
MemAvailable:    1586152 kB
Buffers:           16372 kB
Cached:           128520 kB
MemTotal:        1844596 kB
MemFree:         1567464 kB
MemAvailable:    1584648 kB
Buffers:           16372 kB
Cached:           128520 kB
MemTotal:        1844596 kB
MemFree:         1567716 kB
MemAvailable:    1584900 kB
Buffers:           16372 kB
Cached:           128520 kB
MemTotal:        1844596 kB
MemFree:         1567524 kB
MemAvailable:    1584708 kB
Buffers:           16372 kB
Cached:           128520 kB
MemTotal:        1844596 kB
MemFree:         1564752 kB
MemAvailable:    1581936 kB
Buffers:           16372 kB
Cached:           128520 kB
MemTotal:        1844596 kB
MemFree:         1563448 kB
MemAvailable:    1580632 kB
Buffers:           16372 kB
Cached:           128520 kB
MemTotal:        1844596 kB
MemFree:         1560908 kB
MemAvailable:    1578092 kB
Buffers:           16372 kB
Cached:           128520 kB
MemTotal:        1844596 kB
MemFree:         1558552 kB
MemAvailable:    1575736 kB
Buffers:           16372 kB
Cached:           128520 kB
MemTotal:        1844596 kB
MemFree:         1555328 kB
MemAvailable:    1572512 kB
Buffers:           16372 kB
Cached:           128520 kB
MemTotal:        1844596 kB
MemFree:         1557544 kB
MemAvailable:    1574728 kB
Buffers:           16372 kB
Cached:           128520 kB
MemTotal:        1844596 kB
MemFree:         1557684 kB
MemAvailable:    1574868 kB
Buffers:           16372 kB
Cached:           128520 kB
MemTotal:        1844596 kB
MemFree:         1557600 kB
MemAvailable:    1574784 kB
Buffers:           16372 kB
Cached:           128520 kB
MemTotal:        1844596 kB
MemFree:         1556692 kB
MemAvailable:    1573876 kB
Buffers:           16372 kB
Cached:           128520 kB
MemTotal:        1844596 kB
MemFree:         1557672 kB
MemAvailable:    1574856 kB
Buffers:           16372 kB
Cached:           128520 kB
MemTotal:        1844596 kB
MemFree:         1557664 kB
MemAvailable:    1574848 kB
Buffers:           16372 kB
Cached:           128520 kB
MemTotal:        1844596 kB
MemFree:         1557808 kB
MemAvailable:    1574992 kB
Buffers:           16372 kB
Cached:           128520 kB
MemTotal:        1844596 kB
MemFree:         1556560 kB
MemAvailable:    1573744 kB
Buffers:           16372 kB
Cached:           128520 kB
MemTotal:        1844596 kB
MemFree:         1556876 kB
MemAvailable:    1574060 kB
Buffers:           16372 kB
Cached:           128520 kB
MemTotal:        1844596 kB
MemFree:         1555080 kB
MemAvailable:    1572264 kB
Buffers:           16372 kB
Cached:           128520 kB
MemTotal:        1844596 kB
MemFree:         1555576 kB
MemAvailable:    1572760 kB
Buffers:           16372 kB
Cached:           128520 kB
MemTotal:        1844596 kB
MemFree:         1554328 kB
MemAvailable:    1571512 kB
Buffers:           16372 kB
Cached:           128520 kB
MemTotal:        1844596 kB
MemFree:         1555436 kB
MemAvailable:    1572620 kB
Buffers:           16372 kB
Cached:           128520 kB
MemTotal:        1844596 kB
MemFree:         1554188 kB
MemAvailable:    1571372 kB
Buffers:           16372 kB
Cached:           128520 kB
MemTotal:        1844596 kB
MemFree:         1555172 kB
MemAvailable:    1572356 kB
Buffers:           16372 kB
Cached:           128520 kB
MemTotal:        1844596 kB
MemFree:         1555256 kB
MemAvailable:    1572440 kB
Buffers:           16372 kB
Cached:           128520 kB
MemTotal:        1844596 kB
MemFree:         1555052 kB
MemAvailable:    1572236 kB
Buffers:           16372 kB
Cached:           128520 kB
MemTotal:        1844596 kB
MemFree:         1555052 kB
MemAvailable:    1572236 kB
Buffers:           16372 kB
Cached:           128520 kB
MemTotal:        1844596 kB
MemFree:         1555052 kB
MemAvailable:    1572236 kB
Buffers:           16372 kB
Cached:           128520 kB
MemTotal:        1844596 kB
MemFree:         1555136 kB
MemAvailable:    1572208 kB
Buffers:           16372 kB
Cached:           128520 kB
MemTotal:        1844596 kB
MemFree:         1555576 kB
MemAvailable:    1572764 kB
Buffers:           16372 kB
Cached:           128524 kB
MemTotal:        1844596 kB
MemFree:         1554576 kB
MemAvailable:    1571764 kB
Buffers:           16372 kB
Cached:           128524 kB
MemTotal:        1844596 kB
MemFree:         1556540 kB
MemAvailable:    1573728 kB
Buffers:           16372 kB
Cached:           128524 kB
MemTotal:        1844596 kB
MemFree:         1556504 kB
MemAvailable:    1573692 kB
Buffers:           16372 kB
Cached:           128524 kB
MemTotal:        1844596 kB
MemFree:         1554832 kB
MemAvailable:    1572020 kB
Buffers:           16372 kB
Cached:           128524 kB
MemTotal:        1844596 kB
MemFree:         1553840 kB
MemAvailable:    1571028 kB
Buffers:           16372 kB
Cached:           128524 kB
MemTotal:        1844596 kB
MemFree:         1552228 kB
MemAvailable:    1569416 kB
Buffers:           16372 kB
Cached:           128524 kB
MemTotal:        1844596 kB
MemFree:         1552836 kB
MemAvailable:    1570024 kB
Buffers:           16372 kB
Cached:           128524 kB
MemTotal:        1844596 kB
MemFree:         1552580 kB
MemAvailable:    1569768 kB
Buffers:           16372 kB
Cached:           128524 kB
MemTotal:        1844596 kB
MemFree:         1551112 kB
MemAvailable:    1568300 kB
Buffers:           16372 kB
Cached:           128524 kB
MemTotal:        1844596 kB
MemFree:         1552032 kB
MemAvailable:    1569220 kB
Buffers:           16372 kB
Cached:           128524 kB
MemTotal:        1844596 kB
MemFree:         1551228 kB
MemAvailable:    1568416 kB
Buffers:           16372 kB
Cached:           128524 kB
MemTotal:        1844596 kB
MemFree:         1551228 kB
MemAvailable:    1568416 kB
Buffers:           16380 kB
Cached:           128516 kB
MemTotal:        1844596 kB
MemFree:         1551056 kB
MemAvailable:    1568244 kB
Buffers:           16384 kB
Cached:           128512 kB
MemTotal:        1844596 kB
MemFree:         1550236 kB
MemAvailable:    1567424 kB
Buffers:           16384 kB
Cached:           128512 kB
MemTotal:        1844596 kB
MemFree:         1549684 kB
MemAvailable:    1566872 kB
Buffers:           16384 kB
Cached:           128512 kB
MemTotal:        1844596 kB
MemFree:         1550924 kB
MemAvailable:    1568112 kB
Buffers:           16384 kB
Cached:           128512 kB
MemTotal:        1844596 kB
MemFree:         1550828 kB
MemAvailable:    1568016 kB
Buffers:           16384 kB
Cached:           128512 kB
MemTotal:        1844596 kB
MemFree:         1550216 kB
MemAvailable:    1567404 kB
Buffers:           16384 kB
Cached:           128512 kB
MemTotal:        1844596 kB
MemFree:         1550876 kB
MemAvailable:    1568064 kB
Buffers:           16384 kB
Cached:           128512 kB
MemTotal:        1844596 kB
MemFree:         1550700 kB
MemAvailable:    1567888 kB
Buffers:           16384 kB
Cached:           128512 kB
MemTotal:        1844596 kB
MemFree:         1550568 kB
MemAvailable:    1567756 kB
Buffers:           16384 kB
Cached:           128512 kB
MemTotal:        1844596 kB
MemFree:         1549376 kB
MemAvailable:    1566564 kB
Buffers:           16384 kB
Cached:           128512 kB
MemTotal:        1844596 kB
MemFree:         1550056 kB
MemAvailable:    1567244 kB
Buffers:           16384 kB
Cached:           128512 kB
MemTotal:        1844596 kB
MemFree:         1550312 kB
MemAvailable:    1567500 kB
Buffers:           16384 kB
Cached:           128512 kB
MemTotal:        1844596 kB
MemFree:         1549876 kB
MemAvailable:    1567064 kB
Buffers:           16384 kB
Cached:           128512 kB
MemTotal:        1844596 kB
MemFree:         1550244 kB
MemAvailable:    1567432 kB
Buffers:           16384 kB
Cached:           128512 kB
MemTotal:        1844596 kB
MemFree:         1549376 kB
MemAvailable:    1566564 kB
Buffers:           16384 kB
Cached:           128512 kB
MemTotal:        1844596 kB
MemFree:         1549808 kB
MemAvailable:    1566996 kB
Buffers:           16384 kB
Cached:           128512 kB
MemTotal:        1844596 kB
MemFree:         1549612 kB
MemAvailable:    1566800 kB
Buffers:           16384 kB
Cached:           128512 kB
MemTotal:        1844596 kB
MemFree:         1549856 kB
MemAvailable:    1567044 kB
Buffers:           16384 kB
Cached:           128512 kB
MemTotal:        1844596 kB
MemFree:         1549864 kB
MemAvailable:    1567052 kB
Buffers:           16384 kB
Cached:           128512 kB
MemTotal:        1844596 kB
MemFree:         1549988 kB
MemAvailable:    1567176 kB
Buffers:           16384 kB
Cached:           128512 kB
MemTotal:        1844596 kB
MemFree:         1549128 kB
MemAvailable:    1566316 kB
Buffers:           16384 kB
Cached:           128512 kB
MemTotal:        1844596 kB
MemFree:         1549852 kB
MemAvailable:    1567040 kB
Buffers:           16384 kB
Cached:           128512 kB
MemTotal:        1844596 kB
MemFree:         1550108 kB
MemAvailable:    1567296 kB
Buffers:           16384 kB
Cached:           128512 kB
MemTotal:        1844596 kB
MemFree:         1548852 kB
MemAvailable:    1566040 kB
Buffers:           16384 kB
Cached:           128512 kB
MemTotal:        1844596 kB
MemFree:         1548736 kB
MemAvailable:    1565924 kB
Buffers:           16384 kB
Cached:           128512 kB
MemTotal:        1844596 kB
MemFree:         1548632 kB
MemAvailable:    1565820 kB
Buffers:           16384 kB
Cached:           128512 kB
MemTotal:        1844596 kB
MemFree:         1548756 kB
MemAvailable:    1565944 kB
Buffers:           16384 kB
Cached:           128512 kB
MemTotal:        1844596 kB
MemFree:         1549484 kB
MemAvailable:    1566672 kB
Buffers:           16384 kB
Cached:           128512 kB
MemTotal:        1844596 kB
MemFree:         1548376 kB
MemAvailable:    1565564 kB
Buffers:           16384 kB
Cached:           128512 kB
MemTotal:        1844596 kB
MemFree:         1548976 kB
MemAvailable:    1566164 kB
Buffers:           16384 kB
Cached:           128512 kB
MemTotal:        1844596 kB
MemFree:         1548240 kB
MemAvailable:    1565428 kB
Buffers:           16384 kB
Cached:           128512 kB
MemTotal:        1844596 kB
MemFree:         1549024 kB
MemAvailable:    1566212 kB
Buffers:           16384 kB
Cached:           128512 kB
MemTotal:        1844596 kB
MemFree:         1549048 kB
MemAvailable:    1566236 kB
Buffers:           16384 kB
Cached:           128512 kB
MemTotal:        1844596 kB
MemFree:         1548956 kB
MemAvailable:    1566144 kB
Buffers:           16384 kB
Cached:           128512 kB
MemTotal:        1844596 kB
MemFree:         1547980 kB
MemAvailable:    1565168 kB
Buffers:           16384 kB
Cached:           128512 kB
MemTotal:        1844596 kB
MemFree:         1549004 kB
MemAvailable:    1566192 kB
Buffers:           16384 kB
Cached:           128512 kB
MemTotal:        1844596 kB
MemFree:         1547716 kB
MemAvailable:    1564904 kB
Buffers:           16384 kB
Cached:           128512 kB
MemTotal:        1844596 kB
MemFree:         1547840 kB
MemAvailable:    1565028 kB
Buffers:           16384 kB
Cached:           128512 kB
MemTotal:        1844596 kB
MemFree:         1547964 kB
MemAvailable:    1565152 kB
Buffers:           16384 kB
Cached:           128512 kB
MemTotal:        1844596 kB
MemFree:         1547004 kB
MemAvailable:    1564192 kB
Buffers:           16384 kB
Cached:           128512 kB
MemTotal:        1844596 kB
MemFree:         1546524 kB
MemAvailable:    1563712 kB
Buffers:           16384 kB
Cached:           128512 kB
MemTotal:        1844596 kB
MemFree:         1543540 kB
MemAvailable:    1560744 kB
Buffers:           16384 kB
Cached:           128528 kB
MemTotal:        1844596 kB
MemFree:         1541748 kB
MemAvailable:    1558952 kB
Buffers:           16384 kB
Cached:           128528 kB
MemTotal:        1844596 kB
MemFree:         1541548 kB
MemAvailable:    1558752 kB
Buffers:           16384 kB
Cached:           128528 kB
MemTotal:        1844596 kB
MemFree:         1541632 kB
MemAvailable:    1558836 kB
Buffers:           16384 kB
Cached:           128528 kB
MemTotal:        1844596 kB
MemFree:         1541244 kB
MemAvailable:    1558448 kB
Buffers:           16384 kB
Cached:           128528 kB
MemTotal:        1844596 kB
MemFree:         1541012 kB
MemAvailable:    1558216 kB
Buffers:           16384 kB
Cached:           128528 kB
MemTotal:        1844596 kB
MemFree:         1541264 kB
MemAvailable:    1558468 kB
Buffers:           16384 kB
Cached:           128528 kB
MemTotal:        1844596 kB
MemFree:         1539928 kB
MemAvailable:    1557132 kB
Buffers:           16384 kB
Cached:           128528 kB
MemTotal:        1844596 kB
MemFree:         1539804 kB
MemAvailable:    1557008 kB
Buffers:           16384 kB
Cached:           128528 kB
MemTotal:        1844596 kB
MemFree:         1541120 kB
MemAvailable:    1558324 kB
Buffers:           16384 kB
Cached:           128528 kB
MemTotal:        1844596 kB
MemFree:         1539920 kB
MemAvailable:    1557124 kB
Buffers:           16384 kB
Cached:           128528 kB
MemTotal:        1844596 kB
MemFree:         1541212 kB
MemAvailable:    1558416 kB
Buffers:           16384 kB
Cached:           128528 kB
MemTotal:        1844596 kB
MemFree:         1540972 kB
MemAvailable:    1558176 kB
Buffers:           16384 kB
Cached:           128528 kB
MemTotal:        1844596 kB
MemFree:         1540996 kB
MemAvailable:    1558200 kB
Buffers:           16384 kB
Cached:           128528 kB
MemTotal:        1844596 kB
MemFree:         1540076 kB
MemAvailable:    1557280 kB
Buffers:           16384 kB
Cached:           128528 kB
MemTotal:        1844596 kB
MemFree:         1541180 kB
MemAvailable:    1558384 kB
Buffers:           16384 kB
Cached:           128528 kB
MemTotal:        1844596 kB
MemFree:         1541060 kB
MemAvailable:    1558264 kB
Buffers:           16384 kB
Cached:           128528 kB
MemTotal:        1844596 kB
MemFree:         1539928 kB
MemAvailable:    1557132 kB
Buffers:           16384 kB
Cached:           128528 kB
MemTotal:        1844596 kB
MemFree:         1541044 kB
MemAvailable:    1558248 kB
Buffers:           16384 kB
Cached:           128528 kB
MemTotal:        1844596 kB
MemFree:         1540880 kB
MemAvailable:    1558084 kB
Buffers:           16384 kB
Cached:           128528 kB
MemTotal:        1844596 kB
MemFree:         1540432 kB
MemAvailable:    1557636 kB
Buffers:           16384 kB
Cached:           128528 kB
MemTotal:        1844596 kB
MemFree:         1539580 kB
MemAvailable:    1556784 kB
Buffers:           16384 kB
Cached:           128528 kB
MemTotal:        1844596 kB
MemFree:         1540076 kB
MemAvailable:    1557280 kB
Buffers:           16384 kB
Cached:           128528 kB
MemTotal:        1844596 kB
MemFree:         1538664 kB
MemAvailable:    1555868 kB
Buffers:           16384 kB
Cached:           128528 kB
MemTotal:        1844596 kB
MemFree:         1539432 kB
MemAvailable:    1556636 kB
Buffers:           16384 kB
Cached:           128528 kB
MemTotal:        1844596 kB
MemFree:         1538580 kB
MemAvailable:    1555784 kB
Buffers:           16384 kB
Cached:           128528 kB
MemTotal:        1844596 kB
MemFree:         1539392 kB
MemAvailable:    1556596 kB
Buffers:           16384 kB
Cached:           128528 kB
MemTotal:        1844596 kB
MemFree:         1539188 kB
MemAvailable:    1556392 kB
Buffers:           16384 kB
Cached:           128528 kB
MemTotal:        1844596 kB
MemFree:         1538400 kB
MemAvailable:    1555604 kB
Buffers:           16384 kB
Cached:           128528 kB
MemTotal:        1844596 kB
MemFree:         1538136 kB
MemAvailable:    1555340 kB
Buffers:           16384 kB
Cached:           128528 kB
MemTotal:        1844596 kB
MemFree:         1537108 kB
MemAvailable:    1554312 kB
Buffers:           16384 kB
Cached:           128528 kB
MemTotal:        1844596 kB
MemFree:         1538276 kB
MemAvailable:    1555480 kB
Buffers:           16384 kB
Cached:           128528 kB
MemTotal:        1844596 kB
MemFree:         1538084 kB
MemAvailable:    1555288 kB
Buffers:           16384 kB
Cached:           128528 kB
MemTotal:        1844596 kB
MemFree:         1536728 kB
MemAvailable:    1553932 kB
Buffers:           16384 kB
Cached:           128528 kB
MemTotal:        1844596 kB
MemFree:         1537772 kB
MemAvailable:    1554976 kB
Buffers:           16384 kB
Cached:           128528 kB
MemTotal:        1844596 kB
MemFree:         1536968 kB
MemAvailable:    1554172 kB
Buffers:           16384 kB
Cached:           128528 kB
MemTotal:        1844596 kB
MemFree:         1536292 kB
MemAvailable:    1553496 kB
Buffers:           16384 kB
Cached:           128528 kB
MemTotal:        1844596 kB
MemFree:         1537468 kB
MemAvailable:    1554672 kB
Buffers:           16384 kB
Cached:           128528 kB
MemTotal:        1844596 kB
MemFree:         1536604 kB
MemAvailable:    1553808 kB
Buffers:           16384 kB
Cached:           128528 kB
MemTotal:        1844596 kB
MemFree:         1537264 kB
MemAvailable:    1554468 kB
Buffers:           16384 kB
Cached:           128528 kB
MemTotal:        1844596 kB
MemFree:         1537288 kB
MemAvailable:    1554492 kB
Buffers:           16384 kB
Cached:           128528 kB
MemTotal:        1844596 kB
MemFree:         1536612 kB
MemAvailable:    1553816 kB
Buffers:           16384 kB
Cached:           128528 kB
MemTotal:        1844596 kB
MemFree:         1536472 kB
MemAvailable:    1553680 kB
Buffers:           16384 kB
Cached:           128532 kB
MemTotal:        1844596 kB
MemFree:         1537780 kB
MemAvailable:    1554988 kB
Buffers:           16384 kB
Cached:           128532 kB
MemTotal:        1844596 kB
MemFree:         1536728 kB
MemAvailable:    1553936 kB
Buffers:           16384 kB
Cached:           128532 kB
MemTotal:        1844596 kB
MemFree:         1536836 kB
MemAvailable:    1554044 kB
Buffers:           16384 kB
Cached:           128532 kB
MemTotal:        1844596 kB
MemFree:         1537088 kB
MemAvailable:    1554296 kB
Buffers:           16384 kB
Cached:           128532 kB
MemTotal:        1844596 kB
MemFree:         1536896 kB
MemAvailable:    1554104 kB
Buffers:           16384 kB
Cached:           128532 kB
MemTotal:        1844596 kB
MemFree:         1535736 kB
MemAvailable:    1552944 kB
Buffers:           16384 kB
Cached:           128532 kB
MemTotal:        1844596 kB
MemFree:         1531636 kB
MemAvailable:    1548844 kB
Buffers:           16384 kB
Cached:           128532 kB
MemTotal:        1844596 kB
MemFree:         1531884 kB
MemAvailable:    1549092 kB
Buffers:           16384 kB
Cached:           128532 kB
MemTotal:        1844596 kB
MemFree:         1531892 kB
MemAvailable:    1549100 kB
Buffers:           16384 kB
Cached:           128532 kB
MemTotal:        1844596 kB
MemFree:         1530652 kB
MemAvailable:    1547860 kB
Buffers:           16384 kB
Cached:           128532 kB
MemTotal:        1844596 kB
MemFree:         1531892 kB
MemAvailable:    1549100 kB
Buffers:           16384 kB
Cached:           128532 kB
MemTotal:        1844596 kB
MemFree:         1530652 kB
MemAvailable:    1547860 kB
Buffers:           16384 kB
Cached:           128532 kB
MemTotal:        1844596 kB
MemFree:         1530008 kB
MemAvailable:    1547216 kB
Buffers:           16384 kB
Cached:           128532 kB
MemTotal:        1844596 kB
MemFree:         1531256 kB
MemAvailable:    1548464 kB
Buffers:           16384 kB
Cached:           128532 kB
MemTotal:        1844596 kB
MemFree:         1531208 kB
MemAvailable:    1548416 kB
Buffers:           16384 kB
Cached:           128532 kB
MemTotal:        1844596 kB
MemFree:         1530156 kB
MemAvailable:    1547364 kB
Buffers:           16384 kB
Cached:           128532 kB
MemTotal:        1844596 kB
MemFree:         1531188 kB
MemAvailable:    1548396 kB
Buffers:           16384 kB
Cached:           128532 kB
MemTotal:        1844596 kB
MemFree:         1531064 kB
MemAvailable:    1548272 kB
Buffers:           16384 kB
Cached:           128532 kB
MemTotal:        1844596 kB
MemFree:         1530996 kB
MemAvailable:    1548204 kB
Buffers:           16384 kB
Cached:           128532 kB
MemTotal:        1844596 kB
MemFree:         1531056 kB
MemAvailable:    1548264 kB
Buffers:           16384 kB
Cached:           128532 kB
MemTotal:        1844596 kB
MemFree:         1529164 kB
MemAvailable:    1546372 kB
Buffers:           16384 kB
Cached:           128532 kB
MemTotal:        1844596 kB
MemFree:         1528916 kB
MemAvailable:    1546124 kB
Buffers:           16384 kB
Cached:           128532 kB
MemTotal:        1844596 kB
MemFree:         1527304 kB
MemAvailable:    1544512 kB
Buffers:           16384 kB
Cached:           128532 kB
MemTotal:        1844596 kB
MemFree:         1528356 kB
MemAvailable:    1545564 kB
Buffers:           16384 kB
Cached:           128532 kB
MemTotal:        1844596 kB
MemFree:         1527428 kB
MemAvailable:    1544636 kB
Buffers:           16384 kB
Cached:           128532 kB
MemTotal:        1844596 kB
MemFree:         1528036 kB
MemAvailable:    1545244 kB
Buffers:           16384 kB
Cached:           128532 kB
MemTotal:        1844596 kB
MemFree:         1528048 kB
MemAvailable:    1545256 kB
Buffers:           16384 kB
Cached:           128532 kB
MemTotal:        1844596 kB
MemFree:         1528048 kB
MemAvailable:    1545256 kB
Buffers:           16384 kB
Cached:           128532 kB
MemTotal:        1844596 kB
MemFree:         1529896 kB
MemAvailable:    1547104 kB
Buffers:           16384 kB
Cached:           128532 kB
MemTotal:        1844596 kB
MemFree:         1529852 kB
MemAvailable:    1547060 kB
Buffers:           16384 kB
Cached:           128532 kB
MemTotal:        1844596 kB
MemFree:         1529852 kB
MemAvailable:    1547060 kB
Buffers:           16384 kB
Cached:           128532 kB
MemTotal:        1844596 kB
MemFree:         1529848 kB
MemAvailable:    1547140 kB
Buffers:           16384 kB
Cached:           128656 kB
MemTotal:        1844596 kB
MemFree:         1528908 kB
MemAvailable:    1546284 kB
Buffers:           16384 kB
Cached:           128656 kB
MemTotal:        1844596 kB
MemFree:         1529464 kB
MemAvailable:    1546924 kB
Buffers:           16384 kB
Cached:           128780 kB
MemTotal:        1844596 kB
MemFree:         1529464 kB
MemAvailable:    1546924 kB
Buffers:           16384 kB
Cached:           128780 kB
MemTotal:        1844596 kB
MemFree:         1529264 kB
MemAvailable:    1546892 kB
Buffers:           16384 kB
Cached:           129028 kB
MemTotal:        1844596 kB
MemFree:         1529404 kB
MemAvailable:    1547032 kB
Buffers:           16384 kB
Cached:           129028 kB
MemTotal:        1844596 kB
MemFree:         1528240 kB
MemAvailable:    1545952 kB
Buffers:           16384 kB
Cached:           129152 kB
MemTotal:        1844596 kB
MemFree:         1528240 kB
MemAvailable:    1545952 kB
Buffers:           16384 kB
Cached:           129152 kB
MemTotal:        1844596 kB
MemFree:         1528240 kB
MemAvailable:    1546036 kB
Buffers:           16384 kB
Cached:           129152 kB
MemTotal:        1844596 kB
MemFree:         1528364 kB
MemAvailable:    1546160 kB
Buffers:           16384 kB
Cached:           129152 kB
MemTotal:        1844596 kB
MemFree:         1529540 kB
MemAvailable:    1547336 kB
Buffers:           16384 kB
Cached:           129152 kB
MemTotal:        1844596 kB
MemFree:         1529408 kB
MemAvailable:    1547204 kB
Buffers:           16384 kB
Cached:           129152 kB
MemTotal:        1844596 kB
MemFree:         1528172 kB
MemAvailable:    1545968 kB
Buffers:           16384 kB
Cached:           129152 kB
MemTotal:        1844596 kB
MemFree:         1529248 kB
MemAvailable:    1547112 kB
Buffers:           16384 kB
Cached:           129180 kB
MemTotal:        1844596 kB
MemFree:         1529296 kB
MemAvailable:    1547160 kB
Buffers:           16384 kB
Cached:           129180 kB
MemTotal:        1844596 kB
MemFree:         1529156 kB
MemAvailable:    1547020 kB
Buffers:           16384 kB
Cached:           129180 kB
MemTotal:        1844596 kB
MemFree:         1528208 kB
MemAvailable:    1545512 kB
Buffers:           16384 kB
Cached:           128584 kB
MemTotal:        1844596 kB
MemFree:         1598440 kB
MemAvailable:    1615744 kB
Buffers:           16384 kB
Cached:           128584 kB
