MemTotal:        1844596 kB
MemFree:         1526332 kB
MemAvailable:    1578872 kB
Buffers:           21624 kB
Cached:           160428 kB
MemTotal:        1844596 kB
MemFree:         1526324 kB
MemAvailable:    1578864 kB
Buffers:           21624 kB
Cached:           160428 kB
MemTotal:        1844596 kB
MemFree:         1525968 kB
MemAvailable:    1578508 kB
Buffers:           21624 kB
Cached:           160428 kB
MemTotal:        1844596 kB
MemFree:         1524852 kB
MemAvailable:    1577392 kB
Buffers:           21624 kB
Cached:           160428 kB
MemTotal:        1844596 kB
MemFree:         1523356 kB
MemAvailable:    1575896 kB
Buffers:           21624 kB
Cached:           160428 kB
MemTotal:        1844596 kB
MemFree:         1523356 kB
MemAvailable:    1575896 kB
Buffers:           21624 kB
Cached:           160428 kB
MemTotal:        1844596 kB
MemFree:         1521124 kB
MemAvailable:    1573664 kB
Buffers:           21624 kB
Cached:           160428 kB
MemTotal:        1844596 kB
MemFree:         1519396 kB
MemAvailable:    1571936 kB
Buffers:           21624 kB
Cached:           160428 kB
MemTotal:        1844596 kB
MemFree:         1516976 kB
MemAvailable:    1569516 kB
Buffers:           21624 kB
Cached:           160428 kB
MemTotal:        1844596 kB
MemFree:         1513568 kB
MemAvailable:    1566108 kB
Buffers:           21624 kB
Cached:           160428 kB
MemTotal:        1844596 kB
MemFree:         1512248 kB
MemAvailable:    1564788 kB
Buffers:           21624 kB
Cached:           160428 kB
MemTotal:        1844596 kB
MemFree:         1512240 kB
MemAvailable:    1564780 kB
Buffers:           21624 kB
Cached:           160428 kB
MemTotal:        1844596 kB
MemFree:         1512248 kB
MemAvailable:    1564788 kB
Buffers:           21624 kB
Cached:           160428 kB
MemTotal:        1844596 kB
MemFree:         1512496 kB
MemAvailable:    1565036 kB
Buffers:           21624 kB
Cached:           160428 kB
MemTotal:        1844596 kB
MemFree:         1513472 kB
MemAvailable:    1566012 kB
Buffers:           21624 kB
Cached:           160428 kB
MemTotal:        1844596 kB
MemFree:         1513320 kB
MemAvailable:    1565860 kB
Buffers:           21624 kB
Cached:           160428 kB
MemTotal:        1844596 kB
MemFree:         1513420 kB
MemAvailable:    1565960 kB
Buffers:           21624 kB
Cached:           160428 kB
MemTotal:        1844596 kB
MemFree:         1511328 kB
MemAvailable:    1563868 kB
Buffers:           21624 kB
Cached:           160428 kB
MemTotal:        1844596 kB
MemFree:         1511460 kB
MemAvailable:    1564000 kB
Buffers:           21624 kB
Cached:           160428 kB
MemTotal:        1844596 kB
MemFree:         1509964 kB
MemAvailable:    1562504 kB
Buffers:           21624 kB
Cached:           160428 kB
MemTotal:        1844596 kB
MemFree:         1511148 kB
MemAvailable:    1563688 kB
Buffers:           21624 kB
Cached:           160428 kB
MemTotal:        1844596 kB
MemFree:         1509848 kB
MemAvailable:    1562388 kB
Buffers:           21624 kB
Cached:           160428 kB
MemTotal:        1844596 kB
MemFree:         1509972 kB
MemAvailable:    1562512 kB
Buffers:           21624 kB
Cached:           160428 kB
MemTotal:        1844596 kB
MemFree:         1511076 kB
MemAvailable:    1563616 kB
Buffers:           21624 kB
Cached:           160428 kB
MemTotal:        1844596 kB
MemFree:         1509724 kB
MemAvailable:    1562264 kB
Buffers:           21624 kB
Cached:           160428 kB
MemTotal:        1844596 kB
MemFree:         1510916 kB
MemAvailable:    1563456 kB
Buffers:           21624 kB
Cached:           160428 kB
MemTotal:        1844596 kB
MemFree:         1511000 kB
MemAvailable:    1563540 kB
Buffers:           21624 kB
Cached:           160428 kB
MemTotal:        1844596 kB
MemFree:         1510956 kB
MemAvailable:    1563496 kB
Buffers:           21624 kB
Cached:           160428 kB
MemTotal:        1844596 kB
MemFree:         1510964 kB
MemAvailable:    1563504 kB
Buffers:           21624 kB
Cached:           160428 kB
MemTotal:        1844596 kB
MemFree:         1510944 kB
MemAvailable:    1563484 kB
Buffers:           21624 kB
Cached:           160428 kB
MemTotal:        1844596 kB
MemFree:         1508724 kB
MemAvailable:    1561264 kB
Buffers:           21624 kB
Cached:           160428 kB
MemTotal:        1844596 kB
MemFree:         1508592 kB
MemAvailable:    1561136 kB
Buffers:           21624 kB
Cached:           160432 kB
MemTotal:        1844596 kB
MemFree:         1508484 kB
MemAvailable:    1561028 kB
Buffers:           21624 kB
Cached:           160432 kB
MemTotal:        1844596 kB
MemFree:         1507988 kB
MemAvailable:    1560532 kB
Buffers:           21624 kB
Cached:           160432 kB
MemTotal:        1844596 kB
MemFree:         1506616 kB
MemAvailable:    1559160 kB
Buffers:           21624 kB
Cached:           160432 kB
MemTotal:        1844596 kB
MemFree:         1506360 kB
MemAvailable:    1558904 kB
Buffers:           21624 kB
Cached:           160432 kB
MemTotal:        1844596 kB
MemFree:         1507056 kB
MemAvailable:    1559600 kB
Buffers:           21624 kB
Cached:           160432 kB
MemTotal:        1844596 kB
MemFree:         1505584 kB
MemAvailable:    1558128 kB
Buffers:           21624 kB
Cached:           160432 kB
MemTotal:        1844596 kB
MemFree:         1505592 kB
MemAvailable:    1558140 kB
Buffers:           21624 kB
Cached:           160436 kB
MemTotal:        1844596 kB
MemFree:         1506852 kB
MemAvailable:    1559400 kB
Buffers:           21624 kB
Cached:           160436 kB
MemTotal:        1844596 kB
MemFree:         1506872 kB
MemAvailable:    1559420 kB
Buffers:           21624 kB
Cached:           160436 kB
MemTotal:        1844596 kB
MemFree:         1505708 kB
MemAvailable:    1558256 kB
Buffers:           21624 kB
Cached:           160436 kB
MemTotal:        1844596 kB
MemFree:         1505584 kB
MemAvailable:    1558132 kB
Buffers:           21624 kB
Cached:           160436 kB
MemTotal:        1844596 kB
MemFree:         1506492 kB
MemAvailable:    1559040 kB
Buffers:           21624 kB
Cached:           160436 kB
MemTotal:        1844596 kB
MemFree:         1505888 kB
MemAvailable:    1558436 kB
Buffers:           21624 kB
Cached:           160436 kB
MemTotal:        1844596 kB
MemFree:         1506244 kB
MemAvailable:    1558792 kB
Buffers:           21624 kB
Cached:           160436 kB
MemTotal:        1844596 kB
MemFree:         1505988 kB
MemAvailable:    1558536 kB
Buffers:           21624 kB
Cached:           160436 kB
MemTotal:        1844596 kB
MemFree:         1505800 kB
MemAvailable:    1558348 kB
Buffers:           21624 kB
Cached:           160436 kB
MemTotal:        1844596 kB
MemFree:         1505260 kB
MemAvailable:    1557808 kB
Buffers:           21624 kB
Cached:           160436 kB
MemTotal:        1844596 kB
MemFree:         1505920 kB
MemAvailable:    1558468 kB
Buffers:           21624 kB
Cached:           160436 kB
MemTotal:        1844596 kB
MemFree:         1505136 kB
MemAvailable:    1557684 kB
Buffers:           21624 kB
Cached:           160436 kB
MemTotal:        1844596 kB
MemFree:         1504628 kB
MemAvailable:    1557176 kB
Buffers:           21624 kB
Cached:           160436 kB
MemTotal:        1844596 kB
MemFree:         1504592 kB
MemAvailable:    1557140 kB
Buffers:           21624 kB
Cached:           160436 kB
MemTotal:        1844596 kB
MemFree:         1505956 kB
MemAvailable:    1558504 kB
Buffers:           21624 kB
Cached:           160436 kB
MemTotal:        1844596 kB
MemFree:         1504584 kB
MemAvailable:    1557132 kB
Buffers:           21624 kB
Cached:           160436 kB
MemTotal:        1844596 kB
MemFree:         1505700 kB
MemAvailable:    1558248 kB
Buffers:           21624 kB
Cached:           160436 kB
MemTotal:        1844596 kB
MemFree:         1505984 kB
MemAvailable:    1558532 kB
Buffers:           21624 kB
Cached:           160436 kB
MemTotal:        1844596 kB
MemFree:         1504612 kB
MemAvailable:    1557160 kB
Buffers:           21624 kB
Cached:           160436 kB
MemTotal:        1844596 kB
MemFree:         1505716 kB
MemAvailable:    1558264 kB
Buffers:           21624 kB
Cached:           160436 kB
MemTotal:        1844596 kB
MemFree:         1505516 kB
MemAvailable:    1558064 kB
Buffers:           21624 kB
Cached:           160436 kB
MemTotal:        1844596 kB
MemFree:         1505364 kB
MemAvailable:    1557912 kB
Buffers:           21624 kB
Cached:           160436 kB
MemTotal:        1844596 kB
MemFree:         1503868 kB
MemAvailable:    1556416 kB
Buffers:           21624 kB
Cached:           160436 kB
MemTotal:        1844596 kB
MemFree:         1504240 kB
MemAvailable:    1556788 kB
Buffers:           21624 kB
Cached:           160436 kB
MemTotal:        1844596 kB
MemFree:         1505072 kB
MemAvailable:    1557620 kB
Buffers:           21624 kB
Cached:           160436 kB
MemTotal:        1844596 kB
MemFree:         1504748 kB
MemAvailable:    1557296 kB
Buffers:           21624 kB
Cached:           160436 kB
MemTotal:        1844596 kB
MemFree:         1503508 kB
MemAvailable:    1556056 kB
Buffers:           21624 kB
Cached:           160436 kB
MemTotal:        1844596 kB
MemFree:         1504880 kB
MemAvailable:    1557428 kB
Buffers:           21624 kB
Cached:           160436 kB
MemTotal:        1844596 kB
MemFree:         1504860 kB
MemAvailable:    1557408 kB
Buffers:           21624 kB
Cached:           160436 kB
MemTotal:        1844596 kB
MemFree:         1504640 kB
MemAvailable:    1557188 kB
Buffers:           21624 kB
Cached:           160436 kB
MemTotal:        1844596 kB
MemFree:         1504868 kB
MemAvailable:    1557416 kB
Buffers:           21624 kB
Cached:           160436 kB
MemTotal:        1844596 kB
MemFree:         1504952 kB
MemAvailable:    1557500 kB
Buffers:           21624 kB
Cached:           160436 kB
MemTotal:        1844596 kB
MemFree:         1504948 kB
MemAvailable:    1557496 kB
Buffers:           21624 kB
Cached:           160436 kB
MemTotal:        1844596 kB
MemFree:         1503028 kB
MemAvailable:    1555576 kB
Buffers:           21624 kB
Cached:           160436 kB
MemTotal:        1844596 kB
MemFree:         1500284 kB
MemAvailable:    1552832 kB
Buffers:           21624 kB
Cached:           160436 kB
MemTotal:        1844596 kB
MemFree:         1499432 kB
MemAvailable:    1551980 kB
Buffers:           21624 kB
Cached:           160436 kB
MemTotal:        1844596 kB
MemFree:         1497432 kB
MemAvailable:    1549980 kB
Buffers:           21624 kB
Cached:           160436 kB
MemTotal:        1844596 kB
MemFree:         1497768 kB
MemAvailable:    1550316 kB
Buffers:           21624 kB
Cached:           160436 kB
MemTotal:        1844596 kB
MemFree:         1497060 kB
MemAvailable:    1549608 kB
Buffers:           21624 kB
Cached:           160436 kB
MemTotal:        1844596 kB
MemFree:         1496580 kB
MemAvailable:    1549128 kB
Buffers:           21624 kB
Cached:           160436 kB
MemTotal:        1844596 kB
MemFree:         1496824 kB
MemAvailable:    1549372 kB
Buffers:           21624 kB
Cached:           160436 kB
MemTotal:        1844596 kB
MemFree:         1497020 kB
MemAvailable:    1549568 kB
Buffers:           21624 kB
Cached:           160436 kB
MemTotal:        1844596 kB
MemFree:         1495524 kB
MemAvailable:    1548072 kB
Buffers:           21624 kB
Cached:           160436 kB
MemTotal:        1844596 kB
MemFree:         1495684 kB
MemAvailable:    1548232 kB
Buffers:           21624 kB
Cached:           160436 kB
MemTotal:        1844596 kB
MemFree:         1496884 kB
MemAvailable:    1549432 kB
Buffers:           21624 kB
Cached:           160436 kB
MemTotal:        1844596 kB
MemFree:         1497052 kB
MemAvailable:    1549600 kB
Buffers:           21624 kB
Cached:           160436 kB
MemTotal:        1844596 kB
MemFree:         1497004 kB
MemAvailable:    1549552 kB
Buffers:           21624 kB
Cached:           160436 kB
MemTotal:        1844596 kB
MemFree:         1497112 kB
MemAvailable:    1549660 kB
Buffers:           21624 kB
Cached:           160436 kB
MemTotal:        1844596 kB
MemFree:         1496208 kB
MemAvailable:    1548756 kB
Buffers:           21624 kB
Cached:           160436 kB
MemTotal:        1844596 kB
MemFree:         1496688 kB
MemAvailable:    1549240 kB
Buffers:           21624 kB
Cached:           160440 kB
MemTotal:        1844596 kB
MemFree:         1497024 kB
MemAvailable:    1549576 kB
Buffers:           21624 kB
Cached:           160440 kB
MemTotal:        1844596 kB
MemFree:         1496820 kB
MemAvailable:    1549372 kB
Buffers:           21624 kB
Cached:           160440 kB
MemTotal:        1844596 kB
MemFree:         1496820 kB
MemAvailable:    1549372 kB
Buffers:           21624 kB
Cached:           160440 kB
MemTotal:        1844596 kB
MemFree:         1496376 kB
MemAvailable:    1548928 kB
Buffers:           21624 kB
Cached:           160440 kB
MemTotal:        1844596 kB
MemFree:         1496020 kB
MemAvailable:    1548572 kB
Buffers:           21624 kB
Cached:           160440 kB
MemTotal:        1844596 kB
MemFree:         1494720 kB
MemAvailable:    1547272 kB
Buffers:           21624 kB
Cached:           160440 kB
MemTotal:        1844596 kB
MemFree:         1495392 kB
MemAvailable:    1547944 kB
Buffers:           21624 kB
Cached:           160440 kB
MemTotal:        1844596 kB
MemFree:         1495728 kB
MemAvailable:    1548280 kB
Buffers:           21624 kB
Cached:           160440 kB
MemTotal:        1844596 kB
MemFree:         1495336 kB
MemAvailable:    1547888 kB
Buffers:           21624 kB
Cached:           160440 kB
MemTotal:        1844596 kB
MemFree:         1494028 kB
MemAvailable:    1546580 kB
Buffers:           21624 kB
Cached:           160440 kB
MemTotal:        1844596 kB
MemFree:         1494152 kB
MemAvailable:    1546704 kB
Buffers:           21624 kB
Cached:           160440 kB
MemTotal:        1844596 kB
MemFree:         1492984 kB
MemAvailable:    1545536 kB
Buffers:           21624 kB
Cached:           160440 kB
MemTotal:        1844596 kB
MemFree:         1493464 kB
MemAvailable:    1546016 kB
Buffers:           21624 kB
Cached:           160440 kB
MemTotal:        1844596 kB
MemFree:         1493656 kB
MemAvailable:    1546208 kB
Buffers:           21624 kB
Cached:           160440 kB
MemTotal:        1844596 kB
MemFree:         1493160 kB
MemAvailable:    1545712 kB
Buffers:           21624 kB
Cached:           160440 kB
MemTotal:        1844596 kB
MemFree:         1493412 kB
MemAvailable:    1545964 kB
Buffers:           21624 kB
Cached:           160440 kB
MemTotal:        1844596 kB
MemFree:         1493036 kB
MemAvailable:    1545588 kB
Buffers:           21624 kB
Cached:           160440 kB
MemTotal:        1844596 kB
MemFree:         1493204 kB
MemAvailable:    1545756 kB
Buffers:           21624 kB
Cached:           160440 kB
MemTotal:        1844596 kB
MemFree:         1491856 kB
MemAvailable:    1544408 kB
Buffers:           21624 kB
Cached:           160440 kB
MemTotal:        1844596 kB
MemFree:         1491724 kB
MemAvailable:    1544276 kB
Buffers:           21624 kB
Cached:           160440 kB
MemTotal:        1844596 kB
MemFree:         1493128 kB
MemAvailable:    1545684 kB
Buffers:           21624 kB
Cached:           160444 kB
MemTotal:        1844596 kB
MemFree:         1493044 kB
MemAvailable:    1545600 kB
Buffers:           21624 kB
Cached:           160444 kB
MemTotal:        1844596 kB
MemFree:         1491736 kB
MemAvailable:    1544292 kB
Buffers:           21624 kB
Cached:           160444 kB
MemTotal:        1844596 kB
MemFree:         1491736 kB
MemAvailable:    1544292 kB
Buffers:           21624 kB
Cached:           160444 kB
MemTotal:        1844596 kB
MemFree:         1492796 kB
MemAvailable:    1545352 kB
Buffers:           21624 kB
Cached:           160444 kB
MemTotal:        1844596 kB
MemFree:         1491496 kB
MemAvailable:    1544052 kB
Buffers:           21624 kB
Cached:           160444 kB
MemTotal:        1844596 kB
MemFree:         1488892 kB
MemAvailable:    1541448 kB
Buffers:           21624 kB
Cached:           160444 kB
MemTotal:        1844596 kB
MemFree:         1486660 kB
MemAvailable:    1539216 kB
Buffers:           21624 kB
Cached:           160444 kB
MemTotal:        1844596 kB
MemFree:         1486396 kB
MemAvailable:    1538952 kB
Buffers:           21624 kB
Cached:           160444 kB
MemTotal:        1844596 kB
MemFree:         1487760 kB
MemAvailable:    1540316 kB
Buffers:           21624 kB
Cached:           160444 kB
MemTotal:        1844596 kB
MemFree:         1487456 kB
MemAvailable:    1540012 kB
Buffers:           21624 kB
Cached:           160444 kB
MemTotal:        1844596 kB
MemFree:         1487200 kB
MemAvailable:    1539756 kB
Buffers:           21624 kB
Cached:           160444 kB
MemTotal:        1844596 kB
MemFree:         1486960 kB
MemAvailable:    1539516 kB
Buffers:           21624 kB
Cached:           160444 kB
MemTotal:        1844596 kB
MemFree:         1486960 kB
MemAvailable:    1539516 kB
Buffers:           21624 kB
Cached:           160444 kB
MemTotal:        1844596 kB
MemFree:         1485752 kB
MemAvailable:    1538308 kB
Buffers:           21624 kB
Cached:           160444 kB
MemTotal:        1844596 kB
MemFree:         1486868 kB
MemAvailable:    1539424 kB
Buffers:           21624 kB
Cached:           160444 kB
MemTotal:        1844596 kB
MemFree:         1486040 kB
MemAvailable:    1538596 kB
Buffers:           21624 kB
Cached:           160444 kB
MemTotal:        1844596 kB
MemFree:         1485604 kB
MemAvailable:    1538160 kB
Buffers:           21624 kB
Cached:           160444 kB
MemTotal:        1844596 kB
MemFree:         1482816 kB
MemAvailable:    1535372 kB
Buffers:           21624 kB
Cached:           160444 kB
MemTotal:        1844596 kB
MemFree:         1484048 kB
MemAvailable:    1536604 kB
Buffers:           21624 kB
Cached:           160444 kB
MemTotal:        1844596 kB
MemFree:         1484172 kB
MemAvailable:    1536728 kB
Buffers:           21624 kB
Cached:           160444 kB
MemTotal:        1844596 kB
MemFree:         1482940 kB
MemAvailable:    1535496 kB
Buffers:           21624 kB
Cached:           160444 kB
MemTotal:        1844596 kB
MemFree:         1484140 kB
MemAvailable:    1536696 kB
Buffers:           21624 kB
Cached:           160444 kB
MemTotal:        1844596 kB
MemFree:         1484016 kB
MemAvailable:    1536572 kB
Buffers:           21624 kB
Cached:           160444 kB
MemTotal:        1844596 kB
MemFree:         1485976 kB
MemAvailable:    1538532 kB
Buffers:           21624 kB
Cached:           160444 kB
MemTotal:        1844596 kB
MemFree:         1485924 kB
MemAvailable:    1538480 kB
Buffers:           21624 kB
Cached:           160444 kB
MemTotal:        1844596 kB
MemFree:         1484492 kB
MemAvailable:    1537132 kB
Buffers:           21624 kB
Cached:           160568 kB
MemTotal:        1844596 kB
MemFree:         1484404 kB
MemAvailable:    1537212 kB
Buffers:           21624 kB
Cached:           160692 kB
MemTotal:        1844596 kB
MemFree:         1485512 kB
MemAvailable:    1538488 kB
Buffers:           21624 kB
Cached:           160816 kB
MemTotal:        1844596 kB
MemFree:         1485624 kB
MemAvailable:    1538600 kB
Buffers:           21624 kB
Cached:           160816 kB
MemTotal:        1844596 kB
MemFree:         1485288 kB
MemAvailable:    1538432 kB
Buffers:           21624 kB
Cached:           161064 kB
MemTotal:        1844596 kB
MemFree:         1484044 kB
MemAvailable:    1537188 kB
Buffers:           21624 kB
Cached:           161064 kB
MemTotal:        1844596 kB
MemFree:         1484036 kB
MemAvailable:    1537264 kB
Buffers:           21624 kB
Cached:           161064 kB
MemTotal:        1844596 kB
MemFree:         1484028 kB
MemAvailable:    1537256 kB
Buffers:           21624 kB
Cached:           161064 kB
MemTotal:        1844596 kB
MemFree:         1483912 kB
MemAvailable:    1537140 kB
Buffers:           21624 kB
Cached:           161064 kB
MemTotal:        1844596 kB
MemFree:         1483904 kB
MemAvailable:    1537132 kB
Buffers:           21624 kB
Cached:           161064 kB
MemTotal:        1844596 kB
MemFree:         1483912 kB
MemAvailable:    1537140 kB
Buffers:           21624 kB
Cached:           161064 kB
MemTotal:        1844596 kB
MemFree:         1485836 kB
MemAvailable:    1538476 kB
Buffers:           21624 kB
Cached:           160516 kB
MemTotal:        1844596 kB
MemFree:         1552176 kB
MemAvailable:    1604816 kB
Buffers:           21624 kB
Cached:           160516 kB
MemTotal:        1844596 kB
MemFree:         1552860 kB
MemAvailable:    1605500 kB
Buffers:           21624 kB
Cached:           160516 kB
