MemTotal:        1844596 kB
MemFree:         1531680 kB
MemAvailable:    1581452 kB
Buffers:           21104 kB
Cached:           158392 kB
MemTotal:        1844596 kB
MemFree:         1532236 kB
MemAvailable:    1582008 kB
Buffers:           21104 kB
Cached:           158392 kB
MemTotal:        1844596 kB
MemFree:         1530128 kB
MemAvailable:    1579900 kB
Buffers:           21104 kB
Cached:           158392 kB
MemTotal:        1844596 kB
MemFree:         1529872 kB
MemAvailable:    1579644 kB
Buffers:           21104 kB
Cached:           158392 kB
MemTotal:        1844596 kB
MemFree:         1527588 kB
MemAvailable:    1577360 kB
Buffers:           21104 kB
Cached:           158392 kB
MemTotal:        1844596 kB
MemFree:         1528632 kB
MemAvailable:    1578408 kB
Buffers:           21104 kB
Cached:           158396 kB
MemTotal:        1844596 kB
MemFree:         1527464 kB
MemAvailable:    1577240 kB
Buffers:           21104 kB
Cached:           158396 kB
MemTotal:        1844596 kB
MemFree:         1524844 kB
MemAvailable:    1574620 kB
Buffers:           21104 kB
Cached:           158396 kB
MemTotal:        1844596 kB
MemFree:         1524932 kB
MemAvailable:    1574708 kB
Buffers:           21104 kB
Cached:           158396 kB
MemTotal:        1844596 kB
MemFree:         1520884 kB
MemAvailable:    1570660 kB
Buffers:           21104 kB
Cached:           158396 kB
MemTotal:        1844596 kB
MemFree:         1516428 kB
MemAvailable:    1566204 kB
Buffers:           21104 kB
Cached:           158396 kB
MemTotal:        1844596 kB
MemFree:         1517420 kB
MemAvailable:    1567196 kB
Buffers:           21104 kB
Cached:           158396 kB
MemTotal:        1844596 kB
MemFree:         1517620 kB
MemAvailable:    1567396 kB
Buffers:           21104 kB
Cached:           158396 kB
MemTotal:        1844596 kB
MemFree:         1518860 kB
MemAvailable:    1568636 kB
Buffers:           21104 kB
Cached:           158396 kB
MemTotal:        1844596 kB
MemFree:         1517372 kB
MemAvailable:    1567148 kB
Buffers:           21104 kB
Cached:           158396 kB
MemTotal:        1844596 kB
MemFree:         1517488 kB
MemAvailable:    1567264 kB
Buffers:           21104 kB
Cached:           158396 kB
MemTotal:        1844596 kB
MemFree:         1517296 kB
MemAvailable:    1567072 kB
Buffers:           21104 kB
Cached:           158396 kB
MemTotal:        1844596 kB
MemFree:         1516428 kB
MemAvailable:    1566204 kB
Buffers:           21104 kB
Cached:           158396 kB
MemTotal:        1844596 kB
MemFree:         1516736 kB
MemAvailable:    1566512 kB
Buffers:           21104 kB
Cached:           158396 kB
MemTotal:        1844596 kB
MemFree:         1516288 kB
MemAvailable:    1566064 kB
Buffers:           21104 kB
Cached:           158396 kB
MemTotal:        1844596 kB
MemFree:         1516288 kB
MemAvailable:    1566064 kB
Buffers:           21104 kB
Cached:           158396 kB
MemTotal:        1844596 kB
MemFree:         1516152 kB
MemAvailable:    1565928 kB
Buffers:           21104 kB
Cached:           158396 kB
MemTotal:        1844596 kB
MemFree:         1516180 kB
MemAvailable:    1565956 kB
Buffers:           21104 kB
Cached:           158396 kB
MemTotal:        1844596 kB
MemFree:         1516184 kB
MemAvailable:    1565960 kB
Buffers:           21104 kB
Cached:           158396 kB
MemTotal:        1844596 kB
MemFree:         1516124 kB
MemAvailable:    1565900 kB
Buffers:           21104 kB
Cached:           158396 kB
MemTotal:        1844596 kB
MemFree:         1515008 kB
MemAvailable:    1564784 kB
Buffers:           21104 kB
Cached:           158396 kB
MemTotal:        1844596 kB
MemFree:         1515008 kB
MemAvailable:    1564784 kB
Buffers:           21104 kB
Cached:           158396 kB
MemTotal:        1844596 kB
MemFree:         1515848 kB
MemAvailable:    1565624 kB
Buffers:           21104 kB
Cached:           158396 kB
MemTotal:        1844596 kB
MemFree:         1517356 kB
MemAvailable:    1567132 kB
Buffers:           21104 kB
Cached:           158396 kB
MemTotal:        1844596 kB
MemFree:         1516428 kB
MemAvailable:    1566204 kB
Buffers:           21104 kB
Cached:           158396 kB
MemTotal:        1844596 kB
MemFree:         1515860 kB
MemAvailable:    1565636 kB
Buffers:           21104 kB
Cached:           158396 kB
MemTotal:        1844596 kB
MemFree:         1513204 kB
MemAvailable:    1562980 kB
Buffers:           21104 kB
Cached:           158396 kB
MemTotal:        1844596 kB
MemFree:         1513196 kB
MemAvailable:    1562972 kB
Buffers:           21104 kB
Cached:           158396 kB
MemTotal:        1844596 kB
MemFree:         1512956 kB
MemAvailable:    1562732 kB
Buffers:           21104 kB
Cached:           158396 kB
MemTotal:        1844596 kB
MemFree:         1511964 kB
MemAvailable:    1561740 kB
Buffers:           21104 kB
Cached:           158396 kB
MemTotal:        1844596 kB
MemFree:         1513016 kB
MemAvailable:    1562792 kB
Buffers:           21104 kB
Cached:           158396 kB
MemTotal:        1844596 kB
MemFree:         1511096 kB
MemAvailable:    1560872 kB
Buffers:           21104 kB
Cached:           158396 kB
MemTotal:        1844596 kB
MemFree:         1510972 kB
MemAvailable:    1560748 kB
Buffers:           21104 kB
Cached:           158396 kB
MemTotal:        1844596 kB
MemFree:         1510972 kB
MemAvailable:    1560748 kB
Buffers:           21104 kB
Cached:           158396 kB
MemTotal:        1844596 kB
MemFree:         1512016 kB
MemAvailable:    1561792 kB
Buffers:           21104 kB
Cached:           158396 kB
MemTotal:        1844596 kB
MemFree:         1511968 kB
MemAvailable:    1561744 kB
Buffers:           21104 kB
Cached:           158396 kB
MemTotal:        1844596 kB
MemFree:         1511964 kB
MemAvailable:    1561740 kB
Buffers:           21104 kB
Cached:           158396 kB
MemTotal:        1844596 kB
MemFree:         1510824 kB
MemAvailable:    1560600 kB
Buffers:           21104 kB
Cached:           158396 kB
MemTotal:        1844596 kB
MemFree:         1510568 kB
MemAvailable:    1560344 kB
Buffers:           21104 kB
Cached:           158396 kB
MemTotal:        1844596 kB
MemFree:         1511612 kB
MemAvailable:    1561388 kB
Buffers:           21104 kB
Cached:           158396 kB
MemTotal:        1844596 kB
MemFree:         1510228 kB
MemAvailable:    1560004 kB
Buffers:           21104 kB
Cached:           158396 kB
MemTotal:        1844596 kB
MemFree:         1511272 kB
MemAvailable:    1561056 kB
Buffers:           21104 kB
Cached:           158400 kB
MemTotal:        1844596 kB
MemFree:         1510860 kB
MemAvailable:    1560644 kB
Buffers:           21104 kB
Cached:           158400 kB
MemTotal:        1844596 kB
MemFree:         1511292 kB
MemAvailable:    1561076 kB
Buffers:           21104 kB
Cached:           158400 kB
MemTotal:        1844596 kB
MemFree:         1509796 kB
MemAvailable:    1559580 kB
Buffers:           21104 kB
Cached:           158400 kB
MemTotal:        1844596 kB
MemFree:         1509796 kB
MemAvailable:    1559580 kB
Buffers:           21104 kB
Cached:           158400 kB
MemTotal:        1844596 kB
MemFree:         1511220 kB
MemAvailable:    1561004 kB
Buffers:           21104 kB
Cached:           158400 kB
MemTotal:        1844596 kB
MemFree:         1510932 kB
MemAvailable:    1560716 kB
Buffers:           21104 kB
Cached:           158400 kB
MemTotal:        1844596 kB
MemFree:         1510724 kB
MemAvailable:    1560508 kB
Buffers:           21104 kB
Cached:           158400 kB
MemTotal:        1844596 kB
MemFree:         1510976 kB
MemAvailable:    1560760 kB
Buffers:           21104 kB
Cached:           158400 kB
MemTotal:        1844596 kB
MemFree:         1510944 kB
MemAvailable:    1560728 kB
Buffers:           21104 kB
Cached:           158400 kB
MemTotal:        1844596 kB
MemFree:         1511196 kB
MemAvailable:    1560980 kB
Buffers:           21104 kB
Cached:           158400 kB
MemTotal:        1844596 kB
MemFree:         1511084 kB
MemAvailable:    1560868 kB
Buffers:           21104 kB
Cached:           158400 kB
MemTotal:        1844596 kB
MemFree:         1511012 kB
MemAvailable:    1560796 kB
Buffers:           21104 kB
Cached:           158400 kB
MemTotal:        1844596 kB
MemFree:         1510104 kB
MemAvailable:    1559888 kB
Buffers:           21104 kB
Cached:           158400 kB
MemTotal:        1844596 kB
MemFree:         1510288 kB
MemAvailable:    1560072 kB
Buffers:           21104 kB
Cached:           158400 kB
MemTotal:        1844596 kB
MemFree:         1510544 kB
MemAvailable:    1560328 kB
Buffers:           21104 kB
Cached:           158400 kB
MemTotal:        1844596 kB
MemFree:         1509048 kB
MemAvailable:    1558832 kB
Buffers:           21104 kB
Cached:           158400 kB
MemTotal:        1844596 kB
MemFree:         1509892 kB
MemAvailable:    1559676 kB
Buffers:           21104 kB
Cached:           158400 kB
MemTotal:        1844596 kB
MemFree:         1508916 kB
MemAvailable:    1558700 kB
Buffers:           21104 kB
Cached:           158400 kB
MemTotal:        1844596 kB
MemFree:         1508916 kB
MemAvailable:    1558700 kB
Buffers:           21104 kB
Cached:           158400 kB
MemTotal:        1844596 kB
MemFree:         1508784 kB
MemAvailable:    1558568 kB
Buffers:           21104 kB
Cached:           158400 kB
MemTotal:        1844596 kB
MemFree:         1510060 kB
MemAvailable:    1559844 kB
Buffers:           21104 kB
Cached:           158400 kB
MemTotal:        1844596 kB
MemFree:         1510312 kB
MemAvailable:    1560096 kB
Buffers:           21104 kB
Cached:           158400 kB
MemTotal:        1844596 kB
MemFree:         1510164 kB
MemAvailable:    1559948 kB
Buffers:           21104 kB
Cached:           158400 kB
MemTotal:        1844596 kB
MemFree:         1510040 kB
MemAvailable:    1559828 kB
Buffers:           21104 kB
Cached:           158404 kB
MemTotal:        1844596 kB
MemFree:         1510312 kB
MemAvailable:    1560100 kB
Buffers:           21104 kB
Cached:           158404 kB
MemTotal:        1844596 kB
MemFree:         1509908 kB
MemAvailable:    1559696 kB
Buffers:           21104 kB
Cached:           158404 kB
MemTotal:        1844596 kB
MemFree:         1508304 kB
MemAvailable:    1558092 kB
Buffers:           21104 kB
Cached:           158404 kB
MemTotal:        1844596 kB
MemFree:         1506260 kB
MemAvailable:    1556048 kB
Buffers:           21104 kB
Cached:           158404 kB
MemTotal:        1844596 kB
MemFree:         1503840 kB
MemAvailable:    1553628 kB
Buffers:           21104 kB
Cached:           158404 kB
MemTotal:        1844596 kB
MemFree:         1501548 kB
MemAvailable:    1551336 kB
Buffers:           21104 kB
Cached:           158404 kB
MemTotal:        1844596 kB
MemFree:         1502476 kB
MemAvailable:    1552264 kB
Buffers:           21104 kB
Cached:           158404 kB
MemTotal:        1844596 kB
MemFree:         1501052 kB
MemAvailable:    1550840 kB
Buffers:           21104 kB
Cached:           158404 kB
MemTotal:        1844596 kB
MemFree:         1501996 kB
MemAvailable:    1551784 kB
Buffers:           21104 kB
Cached:           158404 kB
MemTotal:        1844596 kB
MemFree:         1502252 kB
MemAvailable:    1552040 kB
Buffers:           21104 kB
Cached:           158404 kB
MemTotal:        1844596 kB
MemFree:         1502028 kB
MemAvailable:    1551816 kB
Buffers:           21104 kB
Cached:           158404 kB
MemTotal:        1844596 kB
MemFree:         1502368 kB
MemAvailable:    1552156 kB
Buffers:           21104 kB
Cached:           158404 kB
MemTotal:        1844596 kB
MemFree:         1502172 kB
MemAvailable:    1551960 kB
Buffers:           21104 kB
Cached:           158404 kB
MemTotal:        1844596 kB
MemFree:         1502092 kB
MemAvailable:    1551880 kB
Buffers:           21104 kB
Cached:           158404 kB
MemTotal:        1844596 kB
MemFree:         1501796 kB
MemAvailable:    1551584 kB
Buffers:           21104 kB
Cached:           158404 kB
MemTotal:        1844596 kB
MemFree:         1502172 kB
MemAvailable:    1551960 kB
Buffers:           21104 kB
Cached:           158404 kB
MemTotal:        1844596 kB
MemFree:         1502168 kB
MemAvailable:    1551956 kB
Buffers:           21104 kB
Cached:           158404 kB
MemTotal:        1844596 kB
MemFree:         1501424 kB
MemAvailable:    1551212 kB
Buffers:           21104 kB
Cached:           158404 kB
MemTotal:        1844596 kB
MemFree:         1502624 kB
MemAvailable:    1552412 kB
Buffers:           21104 kB
Cached:           158404 kB
MemTotal:        1844596 kB
MemFree:         1501300 kB
MemAvailable:    1551088 kB
Buffers:           21104 kB
Cached:           158404 kB
MemTotal:        1844596 kB
MemFree:         1501988 kB
MemAvailable:    1551776 kB
Buffers:           21104 kB
Cached:           158404 kB
MemTotal:        1844596 kB
MemFree:         1501716 kB
MemAvailable:    1551504 kB
Buffers:           21104 kB
Cached:           158404 kB
MemTotal:        1844596 kB
MemFree:         1502168 kB
MemAvailable:    1551956 kB
Buffers:           21104 kB
Cached:           158404 kB
MemTotal:        1844596 kB
MemFree:         1501408 kB
MemAvailable:    1551196 kB
Buffers:           21104 kB
Cached:           158404 kB
MemTotal:        1844596 kB
MemFree:         1501492 kB
MemAvailable:    1551280 kB
Buffers:           21104 kB
Cached:           158404 kB
MemTotal:        1844596 kB
MemFree:         1500804 kB
MemAvailable:    1550592 kB
Buffers:           21104 kB
Cached:           158404 kB
MemTotal:        1844596 kB
MemFree:         1499432 kB
MemAvailable:    1549220 kB
Buffers:           21104 kB
Cached:           158404 kB
MemTotal:        1844596 kB
MemFree:         1500236 kB
MemAvailable:    1550024 kB
Buffers:           21104 kB
Cached:           158404 kB
MemTotal:        1844596 kB
MemFree:         1500184 kB
MemAvailable:    1549972 kB
Buffers:           21104 kB
Cached:           158404 kB
MemTotal:        1844596 kB
MemFree:         1499616 kB
MemAvailable:    1549404 kB
Buffers:           21104 kB
Cached:           158404 kB
MemTotal:        1844596 kB
MemFree:         1499492 kB
MemAvailable:    1549280 kB
Buffers:           21104 kB
Cached:           158404 kB
MemTotal:        1844596 kB
MemFree:         1498200 kB
MemAvailable:    1547988 kB
Buffers:           21104 kB
Cached:           158404 kB
MemTotal:        1844596 kB
MemFree:         1497940 kB
MemAvailable:    1547728 kB
Buffers:           21104 kB
Cached:           158404 kB
MemTotal:        1844596 kB
MemFree:         1497696 kB
MemAvailable:    1547484 kB
Buffers:           21116 kB
Cached:           158392 kB
MemTotal:        1844596 kB
MemFree:         1498880 kB
MemAvailable:    1548668 kB
Buffers:           21116 kB
Cached:           158392 kB
MemTotal:        1844596 kB
MemFree:         1498508 kB
MemAvailable:    1548296 kB
Buffers:           21116 kB
Cached:           158392 kB
MemTotal:        1844596 kB
MemFree:         1498184 kB
MemAvailable:    1547972 kB
Buffers:           21116 kB
Cached:           158392 kB
MemTotal:        1844596 kB
MemFree:         1497944 kB
MemAvailable:    1547732 kB
Buffers:           21116 kB
Cached:           158392 kB
MemTotal:        1844596 kB
MemFree:         1498104 kB
MemAvailable:    1547892 kB
Buffers:           21116 kB
Cached:           158392 kB
MemTotal:        1844596 kB
MemFree:         1498076 kB
MemAvailable:    1547864 kB
Buffers:           21116 kB
Cached:           158392 kB
MemTotal:        1844596 kB
MemFree:         1498204 kB
MemAvailable:    1547992 kB
Buffers:           21116 kB
Cached:           158392 kB
MemTotal:        1844596 kB
MemFree:         1497028 kB
MemAvailable:    1546816 kB
Buffers:           21116 kB
Cached:           158392 kB
MemTotal:        1844596 kB
MemFree:         1498328 kB
MemAvailable:    1548116 kB
Buffers:           21116 kB
Cached:           158392 kB
MemTotal:        1844596 kB
MemFree:         1497064 kB
MemAvailable:    1546852 kB
Buffers:           21116 kB
Cached:           158392 kB
MemTotal:        1844596 kB
MemFree:         1496580 kB
MemAvailable:    1546368 kB
Buffers:           21116 kB
Cached:           158392 kB
MemTotal:        1844596 kB
MemFree:         1497316 kB
MemAvailable:    1547104 kB
Buffers:           21116 kB
Cached:           158392 kB
MemTotal:        1844596 kB
MemFree:         1496712 kB
MemAvailable:    1546500 kB
Buffers:           21116 kB
Cached:           158392 kB
MemTotal:        1844596 kB
MemFree:         1491744 kB
MemAvailable:    1541532 kB
Buffers:           21116 kB
Cached:           158392 kB
MemTotal:        1844596 kB
MemFree:         1492380 kB
MemAvailable:    1542168 kB
Buffers:           21116 kB
Cached:           158392 kB
MemTotal:        1844596 kB
MemFree:         1491364 kB
MemAvailable:    1541152 kB
Buffers:           21116 kB
Cached:           158392 kB
MemTotal:        1844596 kB
MemFree:         1491240 kB
MemAvailable:    1541028 kB
Buffers:           21116 kB
Cached:           158392 kB
MemTotal:        1844596 kB
MemFree:         1492216 kB
MemAvailable:    1542004 kB
Buffers:           21116 kB
Cached:           158392 kB
MemTotal:        1844596 kB
MemFree:         1492300 kB
MemAvailable:    1542088 kB
Buffers:           21116 kB
Cached:           158392 kB
MemTotal:        1844596 kB
MemFree:         1492372 kB
MemAvailable:    1542160 kB
Buffers:           21116 kB
Cached:           158392 kB
MemTotal:        1844596 kB
MemFree:         1490388 kB
MemAvailable:    1540176 kB
Buffers:           21116 kB
Cached:           158392 kB
MemTotal:        1844596 kB
MemFree:         1489580 kB
MemAvailable:    1539368 kB
Buffers:           21116 kB
Cached:           158392 kB
MemTotal:        1844596 kB
MemFree:         1488272 kB
MemAvailable:    1538060 kB
Buffers:           21116 kB
Cached:           158392 kB
MemTotal:        1844596 kB
MemFree:         1488148 kB
MemAvailable:    1537936 kB
Buffers:           21116 kB
Cached:           158392 kB
MemTotal:        1844596 kB
MemFree:         1489556 kB
MemAvailable:    1539344 kB
Buffers:           21116 kB
Cached:           158392 kB
MemTotal:        1844596 kB
MemFree:         1489504 kB
MemAvailable:    1539292 kB
Buffers:           21116 kB
Cached:           158392 kB
MemTotal:        1844596 kB
MemFree:         1489208 kB
MemAvailable:    1538996 kB
Buffers:           21116 kB
Cached:           158392 kB
MemTotal:        1844596 kB
MemFree:         1488908 kB
MemAvailable:    1538696 kB
Buffers:           21116 kB
Cached:           158392 kB
MemTotal:        1844596 kB
MemFree:         1490184 kB
MemAvailable:    1539972 kB
Buffers:           21120 kB
Cached:           158388 kB
MemTotal:        1844596 kB
MemFree:         1491704 kB
MemAvailable:    1541516 kB
Buffers:           21120 kB
Cached:           158412 kB
MemTotal:        1844596 kB
MemFree:         1491844 kB
MemAvailable:    1541656 kB
Buffers:           21120 kB
Cached:           158412 kB
MemTotal:        1844596 kB
MemFree:         1490256 kB
MemAvailable:    1540068 kB
Buffers:           21120 kB
Cached:           158412 kB
MemTotal:        1844596 kB
MemFree:         1490140 kB
MemAvailable:    1540120 kB
Buffers:           21120 kB
Cached:           158660 kB
MemTotal:        1844596 kB
MemFree:         1489892 kB
MemAvailable:    1540040 kB
Buffers:           21120 kB
Cached:           158784 kB
MemTotal:        1844596 kB
MemFree:         1489768 kB
MemAvailable:    1540000 kB
Buffers:           21120 kB
Cached:           158908 kB
MemTotal:        1844596 kB
MemFree:         1490688 kB
MemAvailable:    1541004 kB
Buffers:           21120 kB
Cached:           158908 kB
MemTotal:        1844596 kB
MemFree:         1489380 kB
MemAvailable:    1539780 kB
Buffers:           21120 kB
Cached:           159032 kB
MemTotal:        1844596 kB
MemFree:         1489396 kB
MemAvailable:    1539832 kB
Buffers:           21120 kB
Cached:           159036 kB
MemTotal:        1844596 kB
MemFree:         1489396 kB
MemAvailable:    1539832 kB
Buffers:           21120 kB
Cached:           159036 kB
MemTotal:        1844596 kB
MemFree:         1490372 kB
MemAvailable:    1540808 kB
Buffers:           21120 kB
Cached:           159036 kB
MemTotal:        1844596 kB
MemFree:         1490372 kB
MemAvailable:    1540808 kB
Buffers:           21120 kB
Cached:           159036 kB
MemTotal:        1844596 kB
MemFree:         1490444 kB
MemAvailable:    1540880 kB
Buffers:           21120 kB
Cached:           159036 kB
MemTotal:        1844596 kB
MemFree:         1490512 kB
MemAvailable:    1540948 kB
Buffers:           21120 kB
Cached:           159036 kB
MemTotal:        1844596 kB
MemFree:         1489252 kB
MemAvailable:    1539688 kB
Buffers:           21120 kB
Cached:           159036 kB
MemTotal:        1844596 kB
MemFree:         1489308 kB
MemAvailable:    1539156 kB
Buffers:           21120 kB
Cached:           158488 kB
MemTotal:        1844596 kB
MemFree:         1559288 kB
MemAvailable:    1609136 kB
Buffers:           21120 kB
Cached:           158488 kB
