MemTotal:        1844596 kB
MemFree:         1525876 kB
MemAvailable:    1583348 kB
Buffers:           22348 kB
Cached:           164244 kB
MemTotal:        1844596 kB
MemFree:         1523156 kB
MemAvailable:    1580628 kB
Buffers:           22348 kB
Cached:           164244 kB
MemTotal:        1844596 kB
MemFree:         1522900 kB
MemAvailable:    1580372 kB
Buffers:           22348 kB
Cached:           164244 kB
MemTotal:        1844596 kB
MemFree:         1520988 kB
MemAvailable:    1578460 kB
Buffers:           22348 kB
Cached:           164244 kB
MemTotal:        1844596 kB
MemFree:         1521236 kB
MemAvailable:    1578708 kB
Buffers:           22348 kB
Cached:           164244 kB
MemTotal:        1844596 kB
MemFree:         1519484 kB
MemAvailable:    1576956 kB
Buffers:           22348 kB
Cached:           164244 kB
MemTotal:        1844596 kB
MemFree:         1518880 kB
MemAvailable:    1576352 kB
Buffers:           22348 kB
Cached:           164244 kB
MemTotal:        1844596 kB
MemFree:         1517632 kB
MemAvailable:    1575104 kB
Buffers:           22348 kB
Cached:           164244 kB
MemTotal:        1844596 kB
MemFree:         1515656 kB
MemAvailable:    1573128 kB
Buffers:           22348 kB
Cached:           164244 kB
MemTotal:        1844596 kB
MemFree:         1513608 kB
MemAvailable:    1571080 kB
Buffers:           22348 kB
Cached:           164244 kB
MemTotal:        1844596 kB
MemFree:         1509440 kB
MemAvailable:    1566912 kB
Buffers:           22348 kB
Cached:           164244 kB
MemTotal:        1844596 kB
MemFree:         1509280 kB
MemAvailable:    1566752 kB
Buffers:           22348 kB
Cached:           164244 kB
MemTotal:        1844596 kB
MemFree:         1509440 kB
MemAvailable:    1566912 kB
Buffers:           22348 kB
Cached:           164244 kB
MemTotal:        1844596 kB
MemFree:         1509524 kB
MemAvailable:    1566996 kB
Buffers:           22348 kB
Cached:           164244 kB
MemTotal:        1844596 kB
MemFree:         1509692 kB
MemAvailable:    1567164 kB
Buffers:           22348 kB
Cached:           164244 kB
MemTotal:        1844596 kB
MemFree:         1509812 kB
MemAvailable:    1567284 kB
Buffers:           22348 kB
Cached:           164244 kB
MemTotal:        1844596 kB
MemFree:         1508968 kB
MemAvailable:    1566440 kB
Buffers:           22348 kB
Cached:           164244 kB
MemTotal:        1844596 kB
MemFree:         1509764 kB
MemAvailable:    1567244 kB
Buffers:           22348 kB
Cached:           164248 kB
MemTotal:        1844596 kB
MemFree:         1508208 kB
MemAvailable:    1565688 kB
Buffers:           22348 kB
Cached:           164248 kB
MemTotal:        1844596 kB
MemFree:         1508772 kB
MemAvailable:    1566252 kB
Buffers:           22348 kB
Cached:           164248 kB
MemTotal:        1844596 kB
MemFree:         1508216 kB
MemAvailable:    1565696 kB
Buffers:           22348 kB
Cached:           164248 kB
MemTotal:        1844596 kB
MemFree:         1507400 kB
MemAvailable:    1564880 kB
Buffers:           22348 kB
Cached:           164248 kB
MemTotal:        1844596 kB
MemFree:         1506728 kB
MemAvailable:    1564208 kB
Buffers:           22348 kB
Cached:           164248 kB
MemTotal:        1844596 kB
MemFree:         1506948 kB
MemAvailable:    1564428 kB
Buffers:           22348 kB
Cached:           164248 kB
MemTotal:        1844596 kB
MemFree:         1507284 kB
MemAvailable:    1564764 kB
Buffers:           22348 kB
Cached:           164248 kB
MemTotal:        1844596 kB
MemFree:         1506956 kB
MemAvailable:    1564436 kB
Buffers:           22348 kB
Cached:           164248 kB
MemTotal:        1844596 kB
MemFree:         1507268 kB
MemAvailable:    1564748 kB
Buffers:           22348 kB
Cached:           164248 kB
MemTotal:        1844596 kB
MemFree:         1505828 kB
MemAvailable:    1563308 kB
Buffers:           22348 kB
Cached:           164248 kB
MemTotal:        1844596 kB
MemFree:         1507144 kB
MemAvailable:    1564624 kB
Buffers:           22348 kB
Cached:           164248 kB
MemTotal:        1844596 kB
MemFree:         1508244 kB
MemAvailable:    1565724 kB
Buffers:           22348 kB
Cached:           164248 kB
MemTotal:        1844596 kB
MemFree:         1508244 kB
MemAvailable:    1565724 kB
Buffers:           22348 kB
Cached:           164248 kB
MemTotal:        1844596 kB
MemFree:         1506960 kB
MemAvailable:    1564440 kB
Buffers:           22348 kB
Cached:           164248 kB
MemTotal:        1844596 kB
MemFree:         1505596 kB
MemAvailable:    1563076 kB
Buffers:           22348 kB
Cached:           164248 kB
MemTotal:        1844596 kB
MemFree:         1505680 kB
MemAvailable:    1563160 kB
Buffers:           22348 kB
Cached:           164248 kB
MemTotal:        1844596 kB
MemFree:         1503496 kB
MemAvailable:    1560976 kB
Buffers:           22348 kB
Cached:           164248 kB
MemTotal:        1844596 kB
MemFree:         1503256 kB
MemAvailable:    1560736 kB
Buffers:           22348 kB
Cached:           164248 kB
MemTotal:        1844596 kB
MemFree:         1502636 kB
MemAvailable:    1560116 kB
Buffers:           22348 kB
Cached:           164248 kB
MemTotal:        1844596 kB
MemFree:         1502588 kB
MemAvailable:    1560068 kB
Buffers:           22348 kB
Cached:           164248 kB
MemTotal:        1844596 kB
MemFree:         1502132 kB
MemAvailable:    1559612 kB
Buffers:           22348 kB
Cached:           164248 kB
MemTotal:        1844596 kB
MemFree:         1501768 kB
MemAvailable:    1559248 kB
Buffers:           22348 kB
Cached:           164248 kB
MemTotal:        1844596 kB
MemFree:         1502008 kB
MemAvailable:    1559488 kB
Buffers:           22348 kB
Cached:           164248 kB
MemTotal:        1844596 kB
MemFree:         1501760 kB
MemAvailable:    1559240 kB
Buffers:           22348 kB
Cached:           164248 kB
MemTotal:        1844596 kB
MemFree:         1501884 kB
MemAvailable:    1559364 kB
Buffers:           22348 kB
Cached:           164248 kB
MemTotal:        1844596 kB
MemFree:         1503068 kB
MemAvailable:    1560548 kB
Buffers:           22348 kB
Cached:           164248 kB
MemTotal:        1844596 kB
MemFree:         1501520 kB
MemAvailable:    1559000 kB
Buffers:           22348 kB
Cached:           164248 kB
MemTotal:        1844596 kB
MemFree:         1501384 kB
MemAvailable:    1558864 kB
Buffers:           22348 kB
Cached:           164248 kB
MemTotal:        1844596 kB
MemFree:         1502548 kB
MemAvailable:    1560028 kB
Buffers:           22348 kB
Cached:           164248 kB
MemTotal:        1844596 kB
MemFree:         1501280 kB
MemAvailable:    1558760 kB
Buffers:           22348 kB
Cached:           164248 kB
MemTotal:        1844596 kB
MemFree:         1501944 kB
MemAvailable:    1559428 kB
Buffers:           22348 kB
Cached:           164252 kB
MemTotal:        1844596 kB
MemFree:         1502092 kB
MemAvailable:    1559576 kB
Buffers:           22348 kB
Cached:           164252 kB
MemTotal:        1844596 kB
MemFree:         1500892 kB
MemAvailable:    1558376 kB
Buffers:           22348 kB
Cached:           164252 kB
MemTotal:        1844596 kB
MemFree:         1502192 kB
MemAvailable:    1559676 kB
Buffers:           22348 kB
Cached:           164252 kB
MemTotal:        1844596 kB
MemFree:         1500892 kB
MemAvailable:    1558376 kB
Buffers:           22348 kB
Cached:           164252 kB
MemTotal:        1844596 kB
MemFree:         1501732 kB
MemAvailable:    1559216 kB
Buffers:           22348 kB
Cached:           164252 kB
MemTotal:        1844596 kB
MemFree:         1502068 kB
MemAvailable:    1559552 kB
Buffers:           22348 kB
Cached:           164252 kB
MemTotal:        1844596 kB
MemFree:         1500584 kB
MemAvailable:    1558068 kB
Buffers:           22348 kB
Cached:           164252 kB
MemTotal:        1844596 kB
MemFree:         1501684 kB
MemAvailable:    1559168 kB
Buffers:           22348 kB
Cached:           164252 kB
MemTotal:        1844596 kB
MemFree:         1500708 kB
MemAvailable:    1558192 kB
Buffers:           22348 kB
Cached:           164252 kB
MemTotal:        1844596 kB
MemFree:         1501852 kB
MemAvailable:    1559336 kB
Buffers:           22348 kB
Cached:           164252 kB
MemTotal:        1844596 kB
MemFree:         1501644 kB
MemAvailable:    1559128 kB
Buffers:           22348 kB
Cached:           164252 kB
MemTotal:        1844596 kB
MemFree:         1501704 kB
MemAvailable:    1559188 kB
Buffers:           22348 kB
Cached:           164252 kB
MemTotal:        1844596 kB
MemFree:         1501404 kB
MemAvailable:    1558888 kB
Buffers:           22348 kB
Cached:           164252 kB
MemTotal:        1844596 kB
MemFree:         1501256 kB
MemAvailable:    1558740 kB
Buffers:           22348 kB
Cached:           164252 kB
MemTotal:        1844596 kB
MemFree:         1501340 kB
MemAvailable:    1558824 kB
Buffers:           22348 kB
Cached:           164252 kB
MemTotal:        1844596 kB
MemFree:         1499972 kB
MemAvailable:    1557456 kB
Buffers:           22348 kB
Cached:           164252 kB
MemTotal:        1844596 kB
MemFree:         1501080 kB
MemAvailable:    1558564 kB
Buffers:           22348 kB
Cached:           164252 kB
MemTotal:        1844596 kB
MemFree:         1499868 kB
MemAvailable:    1557356 kB
Buffers:           22348 kB
Cached:           164256 kB
MemTotal:        1844596 kB
MemFree:         1499784 kB
MemAvailable:    1557272 kB
Buffers:           22348 kB
Cached:           164256 kB
MemTotal:        1844596 kB
MemFree:         1501016 kB
MemAvailable:    1558504 kB
Buffers:           22348 kB
Cached:           164256 kB
MemTotal:        1844596 kB
MemFree:         1500908 kB
MemAvailable:    1558396 kB
Buffers:           22348 kB
Cached:           164256 kB
MemTotal:        1844596 kB
MemFree:         1501100 kB
MemAvailable:    1558588 kB
Buffers:           22348 kB
Cached:           164256 kB
MemTotal:        1844596 kB
MemFree:         1499856 kB
MemAvailable:    1557344 kB
Buffers:           22348 kB
Cached:           164256 kB
MemTotal:        1844596 kB
MemFree:         1499660 kB
MemAvailable:    1557148 kB
Buffers:           22348 kB
Cached:           164256 kB
MemTotal:        1844596 kB
MemFree:         1499784 kB
MemAvailable:    1557272 kB
Buffers:           22348 kB
Cached:           164256 kB
MemTotal:        1844596 kB
MemFree:         1500852 kB
MemAvailable:    1558340 kB
Buffers:           22348 kB
Cached:           164256 kB
MemTotal:        1844596 kB
MemFree:         1499952 kB
MemAvailable:    1557440 kB
Buffers:           22348 kB
Cached:           164256 kB
MemTotal:        1844596 kB
MemFree:         1497552 kB
MemAvailable:    1555040 kB
Buffers:           22348 kB
Cached:           164256 kB
MemTotal:        1844596 kB
MemFree:         1495056 kB
MemAvailable:    1552544 kB
Buffers:           22348 kB
Cached:           164256 kB
MemTotal:        1844596 kB
MemFree:         1495020 kB
MemAvailable:    1552508 kB
Buffers:           22348 kB
Cached:           164256 kB
MemTotal:        1844596 kB
MemFree:         1492336 kB
MemAvailable:    1549824 kB
Buffers:           22348 kB
Cached:           164256 kB
MemTotal:        1844596 kB
MemFree:         1493272 kB
MemAvailable:    1550760 kB
Buffers:           22348 kB
Cached:           164256 kB
MemTotal:        1844596 kB
MemFree:         1493196 kB
MemAvailable:    1550684 kB
Buffers:           22348 kB
Cached:           164256 kB
MemTotal:        1844596 kB
MemFree:         1493040 kB
MemAvailable:    1550528 kB
Buffers:           22348 kB
Cached:           164256 kB
MemTotal:        1844596 kB
MemFree:         1491792 kB
MemAvailable:    1549280 kB
Buffers:           22348 kB
Cached:           164256 kB
MemTotal:        1844596 kB
MemFree:         1491792 kB
MemAvailable:    1549280 kB
Buffers:           22348 kB
Cached:           164256 kB
MemTotal:        1844596 kB
MemFree:         1491792 kB
MemAvailable:    1549280 kB
Buffers:           22348 kB
Cached:           164256 kB
MemTotal:        1844596 kB
MemFree:         1493088 kB
MemAvailable:    1550576 kB
Buffers:           22348 kB
Cached:           164256 kB
MemTotal:        1844596 kB
MemFree:         1491972 kB
MemAvailable:    1549460 kB
Buffers:           22348 kB
Cached:           164256 kB
MemTotal:        1844596 kB
MemFree:         1493172 kB
MemAvailable:    1550664 kB
Buffers:           22348 kB
Cached:           164260 kB
MemTotal:        1844596 kB
MemFree:         1492096 kB
MemAvailable:    1549588 kB
Buffers:           22348 kB
Cached:           164260 kB
MemTotal:        1844596 kB
MemFree:         1493272 kB
MemAvailable:    1550764 kB
Buffers:           22348 kB
Cached:           164260 kB
MemTotal:        1844596 kB
MemFree:         1491972 kB
MemAvailable:    1549464 kB
Buffers:           22348 kB
Cached:           164260 kB
MemTotal:        1844596 kB
MemFree:         1493100 kB
MemAvailable:    1550592 kB
Buffers:           22348 kB
Cached:           164260 kB
MemTotal:        1844596 kB
MemFree:         1491972 kB
MemAvailable:    1549464 kB
Buffers:           22348 kB
Cached:           164260 kB
MemTotal:        1844596 kB
MemFree:         1492452 kB
MemAvailable:    1549944 kB
Buffers:           22348 kB
Cached:           164260 kB
MemTotal:        1844596 kB
MemFree:         1492452 kB
MemAvailable:    1549944 kB
Buffers:           22348 kB
Cached:           164260 kB
MemTotal:        1844596 kB
MemFree:         1490924 kB
MemAvailable:    1548416 kB
Buffers:           22348 kB
Cached:           164260 kB
MemTotal:        1844596 kB
MemFree:         1491848 kB
MemAvailable:    1549340 kB
Buffers:           22348 kB
Cached:           164260 kB
MemTotal:        1844596 kB
MemFree:         1491336 kB
MemAvailable:    1548828 kB
Buffers:           22348 kB
Cached:           164260 kB
MemTotal:        1844596 kB
MemFree:         1491420 kB
MemAvailable:    1548912 kB
Buffers:           22348 kB
Cached:           164260 kB
MemTotal:        1844596 kB
MemFree:         1489924 kB
MemAvailable:    1547416 kB
Buffers:           22348 kB
Cached:           164260 kB
MemTotal:        1844596 kB
MemFree:         1489368 kB
MemAvailable:    1546860 kB
Buffers:           22348 kB
Cached:           164260 kB
MemTotal:        1844596 kB
MemFree:         1490228 kB
MemAvailable:    1547720 kB
Buffers:           22348 kB
Cached:           164260 kB
MemTotal:        1844596 kB
MemFree:         1490228 kB
MemAvailable:    1547720 kB
Buffers:           22348 kB
Cached:           164260 kB
MemTotal:        1844596 kB
MemFree:         1489600 kB
MemAvailable:    1547092 kB
Buffers:           22348 kB
Cached:           164260 kB
MemTotal:        1844596 kB
MemFree:         1489852 kB
MemAvailable:    1547344 kB
Buffers:           22348 kB
Cached:           164260 kB
MemTotal:        1844596 kB
MemFree:         1488352 kB
MemAvailable:    1545844 kB
Buffers:           22348 kB
Cached:           164260 kB
MemTotal:        1844596 kB
MemFree:         1487980 kB
MemAvailable:    1545472 kB
Buffers:           22348 kB
Cached:           164260 kB
MemTotal:        1844596 kB
MemFree:         1489148 kB
MemAvailable:    1546640 kB
Buffers:           22348 kB
Cached:           164260 kB
MemTotal:        1844596 kB
MemFree:         1489276 kB
MemAvailable:    1546768 kB
Buffers:           22348 kB
Cached:           164260 kB
MemTotal:        1844596 kB
MemFree:         1489336 kB
MemAvailable:    1546828 kB
Buffers:           22348 kB
Cached:           164260 kB
MemTotal:        1844596 kB
MemFree:         1488260 kB
MemAvailable:    1545752 kB
Buffers:           22348 kB
Cached:           164260 kB
MemTotal:        1844596 kB
MemFree:         1489304 kB
MemAvailable:    1546796 kB
Buffers:           22348 kB
Cached:           164260 kB
MemTotal:        1844596 kB
MemFree:         1488136 kB
MemAvailable:    1545628 kB
Buffers:           22348 kB
Cached:           164260 kB
MemTotal:        1844596 kB
MemFree:         1489304 kB
MemAvailable:    1546796 kB
Buffers:           22348 kB
Cached:           164260 kB
MemTotal:        1844596 kB
MemFree:         1488932 kB
MemAvailable:    1546424 kB
Buffers:           22348 kB
Cached:           164260 kB
MemTotal:        1844596 kB
MemFree:         1487500 kB
MemAvailable:    1544992 kB
Buffers:           22348 kB
Cached:           164260 kB
MemTotal:        1844596 kB
MemFree:         1488800 kB
MemAvailable:    1546292 kB
Buffers:           22348 kB
Cached:           164260 kB
MemTotal:        1844596 kB
MemFree:         1487384 kB
MemAvailable:    1544876 kB
Buffers:           22348 kB
Cached:           164260 kB
MemTotal:        1844596 kB
MemFree:         1483964 kB
MemAvailable:    1541456 kB
Buffers:           22348 kB
Cached:           164260 kB
MemTotal:        1844596 kB
MemFree:         1483840 kB
MemAvailable:    1541332 kB
Buffers:           22348 kB
Cached:           164260 kB
MemTotal:        1844596 kB
MemFree:         1482416 kB
MemAvailable:    1539908 kB
Buffers:           22348 kB
Cached:           164260 kB
MemTotal:        1844596 kB
MemFree:         1483540 kB
MemAvailable:    1541036 kB
Buffers:           22348 kB
Cached:           164264 kB
MemTotal:        1844596 kB
MemFree:         1483420 kB
MemAvailable:    1540916 kB
Buffers:           22348 kB
Cached:           164264 kB
MemTotal:        1844596 kB
MemFree:         1483272 kB
MemAvailable:    1540768 kB
Buffers:           22348 kB
Cached:           164264 kB
MemTotal:        1844596 kB
MemFree:         1483272 kB
MemAvailable:    1540768 kB
Buffers:           22348 kB
Cached:           164264 kB
MemTotal:        1844596 kB
MemFree:         1483020 kB
MemAvailable:    1540516 kB
Buffers:           22348 kB
Cached:           164264 kB
MemTotal:        1844596 kB
MemFree:         1483356 kB
MemAvailable:    1540852 kB
Buffers:           22348 kB
Cached:           164264 kB
MemTotal:        1844596 kB
MemFree:         1482980 kB
MemAvailable:    1540476 kB
Buffers:           22348 kB
Cached:           164264 kB
MemTotal:        1844596 kB
MemFree:         1482980 kB
MemAvailable:    1540476 kB
Buffers:           22348 kB
Cached:           164264 kB
MemTotal:        1844596 kB
MemFree:         1482036 kB
MemAvailable:    1539532 kB
Buffers:           22348 kB
Cached:           164264 kB
MemTotal:        1844596 kB
MemFree:         1482036 kB
MemAvailable:    1539532 kB
Buffers:           22348 kB
Cached:           164264 kB
MemTotal:        1844596 kB
MemFree:         1480500 kB
MemAvailable:    1537996 kB
Buffers:           22348 kB
Cached:           164264 kB
MemTotal:        1844596 kB
MemFree:         1479068 kB
MemAvailable:    1536564 kB
Buffers:           22348 kB
Cached:           164264 kB
MemTotal:        1844596 kB
MemFree:         1478936 kB
MemAvailable:    1536432 kB
Buffers:           22348 kB
Cached:           164264 kB
MemTotal:        1844596 kB
MemFree:         1480112 kB
MemAvailable:    1537608 kB
Buffers:           22348 kB
Cached:           164264 kB
MemTotal:        1844596 kB
MemFree:         1478932 kB
MemAvailable:    1536428 kB
Buffers:           22348 kB
Cached:           164264 kB
MemTotal:        1844596 kB
MemFree:         1478800 kB
MemAvailable:    1536296 kB
Buffers:           22348 kB
Cached:           164264 kB
MemTotal:        1844596 kB
MemFree:         1482184 kB
MemAvailable:    1539680 kB
Buffers:           22348 kB
Cached:           164264 kB
MemTotal:        1844596 kB
MemFree:         1480812 kB
MemAvailable:    1538308 kB
Buffers:           22348 kB
Cached:           164264 kB
MemTotal:        1844596 kB
MemFree:         1481988 kB
MemAvailable:    1539568 kB
Buffers:           22348 kB
Cached:           164388 kB
MemTotal:        1844596 kB
MemFree:         1480676 kB
MemAvailable:    1538340 kB
Buffers:           22348 kB
Cached:           164512 kB
MemTotal:        1844596 kB
MemFree:         1480676 kB
MemAvailable:    1538508 kB
Buffers:           22348 kB
Cached:           164636 kB
MemTotal:        1844596 kB
MemFree:         1481720 kB
MemAvailable:    1539720 kB
Buffers:           22348 kB
Cached:           164760 kB
MemTotal:        1844596 kB
MemFree:         1481520 kB
MemAvailable:    1539520 kB
Buffers:           22348 kB
Cached:           164760 kB
MemTotal:        1844596 kB
MemFree:         1481416 kB
MemAvailable:    1539500 kB
Buffers:           22348 kB
Cached:           164884 kB
MemTotal:        1844596 kB
MemFree:         1480152 kB
MemAvailable:    1538320 kB
Buffers:           22348 kB
Cached:           164884 kB
MemTotal:        1844596 kB
MemFree:         1480068 kB
MemAvailable:    1538236 kB
Buffers:           22348 kB
Cached:           164884 kB
MemTotal:        1844596 kB
MemFree:         1480028 kB
MemAvailable:    1538196 kB
Buffers:           22348 kB
Cached:           164884 kB
MemTotal:        1844596 kB
MemFree:         1481212 kB
MemAvailable:    1539380 kB
Buffers:           22348 kB
Cached:           164884 kB
MemTotal:        1844596 kB
MemFree:         1480688 kB
MemAvailable:    1538856 kB
Buffers:           22348 kB
Cached:           164884 kB
MemTotal:        1844596 kB
MemFree:         1481156 kB
MemAvailable:    1539324 kB
Buffers:           22348 kB
Cached:           164884 kB
MemTotal:        1844596 kB
MemFree:         1481408 kB
MemAvailable:    1539576 kB
Buffers:           22348 kB
Cached:           164884 kB
MemTotal:        1844596 kB
MemFree:         1549948 kB
MemAvailable:    1607444 kB
Buffers:           22348 kB
Cached:           164252 kB
