MemTotal:        1844596 kB
MemFree:         1566160 kB
MemAvailable:    1590992 kB
Buffers:           17436 kB
Cached:           134500 kB
MemTotal:        1844596 kB
MemFree:         1562092 kB
MemAvailable:    1586924 kB
Buffers:           17436 kB
Cached:           134500 kB
MemTotal:        1844596 kB
MemFree:         1561960 kB
MemAvailable:    1586792 kB
Buffers:           17436 kB
Cached:           134500 kB
MemTotal:        1844596 kB
MemFree:         1559884 kB
MemAvailable:    1584716 kB
Buffers:           17436 kB
Cached:           134500 kB
MemTotal:        1844596 kB
MemFree:         1558684 kB
MemAvailable:    1583516 kB
Buffers:           17436 kB
Cached:           134500 kB
MemTotal:        1844596 kB
MemFree:         1558576 kB
MemAvailable:    1583408 kB
Buffers:           17436 kB
Cached:           134500 kB
MemTotal:        1844596 kB
MemFree:         1558912 kB
MemAvailable:    1583744 kB
Buffers:           17436 kB
Cached:           134500 kB
MemTotal:        1844596 kB
MemFree:         1558744 kB
MemAvailable:    1583576 kB
Buffers:           17436 kB
Cached:           134500 kB
MemTotal:        1844596 kB
MemFree:         1556244 kB
MemAvailable:    1581076 kB
Buffers:           17436 kB
Cached:           134500 kB
MemTotal:        1844596 kB
MemFree:         1555172 kB
MemAvailable:    1580008 kB
Buffers:           17436 kB
Cached:           134504 kB
MemTotal:        1844596 kB
MemFree:         1553260 kB
MemAvailable:    1578096 kB
Buffers:           17436 kB
Cached:           134504 kB
MemTotal:        1844596 kB
MemFree:         1547556 kB
MemAvailable:    1572392 kB
Buffers:           17436 kB
Cached:           134504 kB
MemTotal:        1844596 kB
MemFree:         1548700 kB
MemAvailable:    1573536 kB
Buffers:           17436 kB
Cached:           134504 kB
MemTotal:        1844596 kB
MemFree:         1548656 kB
MemAvailable:    1573492 kB
Buffers:           17436 kB
Cached:           134504 kB
MemTotal:        1844596 kB
MemFree:         1547480 kB
MemAvailable:    1572316 kB
Buffers:           17436 kB
Cached:           134504 kB
MemTotal:        1844596 kB
MemFree:         1547308 kB
MemAvailable:    1572144 kB
Buffers:           17436 kB
Cached:           134504 kB
MemTotal:        1844596 kB
MemFree:         1548408 kB
MemAvailable:    1573244 kB
Buffers:           17436 kB
Cached:           134504 kB
MemTotal:        1844596 kB
MemFree:         1548408 kB
MemAvailable:    1573244 kB
Buffers:           17436 kB
Cached:           134504 kB
MemTotal:        1844596 kB
MemFree:         1548104 kB
MemAvailable:    1572940 kB
Buffers:           17436 kB
Cached:           134504 kB
MemTotal:        1844596 kB
MemFree:         1547804 kB
MemAvailable:    1572640 kB
Buffers:           17436 kB
Cached:           134504 kB
MemTotal:        1844596 kB
MemFree:         1545928 kB
MemAvailable:    1570764 kB
Buffers:           17436 kB
Cached:           134504 kB
MemTotal:        1844596 kB
MemFree:         1545572 kB
MemAvailable:    1570408 kB
Buffers:           17436 kB
Cached:           134504 kB
MemTotal:        1844596 kB
MemFree:         1546176 kB
MemAvailable:    1571012 kB
Buffers:           17436 kB
Cached:           134504 kB
MemTotal:        1844596 kB
MemFree:         1545888 kB
MemAvailable:    1570724 kB
Buffers:           17436 kB
Cached:           134504 kB
MemTotal:        1844596 kB
MemFree:         1544672 kB
MemAvailable:    1569508 kB
Buffers:           17436 kB
Cached:           134504 kB
MemTotal:        1844596 kB
MemFree:         1544928 kB
MemAvailable:    1569764 kB
Buffers:           17436 kB
Cached:           134504 kB
MemTotal:        1844596 kB
MemFree:         1544904 kB
MemAvailable:    1569740 kB
Buffers:           17436 kB
Cached:           134504 kB
MemTotal:        1844596 kB
MemFree:         1544896 kB
MemAvailable:    1569732 kB
Buffers:           17436 kB
Cached:           134504 kB
MemTotal:        1844596 kB
MemFree:         1546048 kB
MemAvailable:    1570884 kB
Buffers:           17436 kB
Cached:           134504 kB
MemTotal:        1844596 kB
MemFree:         1545952 kB
MemAvailable:    1570788 kB
Buffers:           17436 kB
Cached:           134504 kB
MemTotal:        1844596 kB
MemFree:         1546072 kB
MemAvailable:    1570908 kB
Buffers:           17436 kB
Cached:           134504 kB
MemTotal:        1844596 kB
MemFree:         1545332 kB
MemAvailable:    1570168 kB
Buffers:           17436 kB
Cached:           134504 kB
MemTotal:        1844596 kB
MemFree:         1547300 kB
MemAvailable:    1572136 kB
Buffers:           17436 kB
Cached:           134504 kB
MemTotal:        1844596 kB
MemFree:         1547636 kB
MemAvailable:    1572472 kB
Buffers:           17436 kB
Cached:           134504 kB
MemTotal:        1844596 kB
MemFree:         1546556 kB
MemAvailable:    1571400 kB
Buffers:           17436 kB
Cached:           134508 kB
MemTotal:        1844596 kB
MemFree:         1546076 kB
MemAvailable:    1570920 kB
Buffers:           17436 kB
Cached:           134508 kB
MemTotal:        1844596 kB
MemFree:         1544456 kB
MemAvailable:    1569300 kB
Buffers:           17436 kB
Cached:           134508 kB
MemTotal:        1844596 kB
MemFree:         1543572 kB
MemAvailable:    1568416 kB
Buffers:           17436 kB
Cached:           134508 kB
MemTotal:        1844596 kB
MemFree:         1542968 kB
MemAvailable:    1567812 kB
Buffers:           17436 kB
Cached:           134508 kB
MemTotal:        1844596 kB
MemFree:         1543408 kB
MemAvailable:    1568252 kB
Buffers:           17436 kB
Cached:           134508 kB
MemTotal:        1844596 kB
MemFree:         1543152 kB
MemAvailable:    1567996 kB
Buffers:           17436 kB
Cached:           134508 kB
MemTotal:        1844596 kB
MemFree:         1541728 kB
MemAvailable:    1566572 kB
Buffers:           17436 kB
Cached:           134508 kB
MemTotal:        1844596 kB
MemFree:         1542664 kB
MemAvailable:    1567508 kB
Buffers:           17436 kB
Cached:           134508 kB
MemTotal:        1844596 kB
MemFree:         1541108 kB
MemAvailable:    1565952 kB
Buffers:           17436 kB
Cached:           134508 kB
MemTotal:        1844596 kB
MemFree:         1541108 kB
MemAvailable:    1565952 kB
Buffers:           17436 kB
Cached:           134508 kB
MemTotal:        1844596 kB
MemFree:         1542092 kB
MemAvailable:    1566936 kB
Buffers:           17436 kB
Cached:           134508 kB
MemTotal:        1844596 kB
MemFree:         1540976 kB
MemAvailable:    1565820 kB
Buffers:           17436 kB
Cached:           134508 kB
MemTotal:        1844596 kB
MemFree:         1542020 kB
MemAvailable:    1566864 kB
Buffers:           17436 kB
Cached:           134508 kB
MemTotal:        1844596 kB
MemFree:         1541232 kB
MemAvailable:    1566076 kB
Buffers:           17436 kB
Cached:           134508 kB
MemTotal:        1844596 kB
MemFree:         1541700 kB
MemAvailable:    1566544 kB
Buffers:           17436 kB
Cached:           134508 kB
MemTotal:        1844596 kB
MemFree:         1541952 kB
MemAvailable:    1566796 kB
Buffers:           17436 kB
Cached:           134508 kB
MemTotal:        1844596 kB
MemFree:         1541576 kB
MemAvailable:    1566420 kB
Buffers:           17436 kB
Cached:           134508 kB
MemTotal:        1844596 kB
MemFree:         1541116 kB
MemAvailable:    1565960 kB
Buffers:           17436 kB
Cached:           134508 kB
MemTotal:        1844596 kB
MemFree:         1541400 kB
MemAvailable:    1566244 kB
Buffers:           17436 kB
Cached:           134508 kB
MemTotal:        1844596 kB
MemFree:         1541276 kB
MemAvailable:    1566120 kB
Buffers:           17436 kB
Cached:           134508 kB
MemTotal:        1844596 kB
MemFree:         1541208 kB
MemAvailable:    1566052 kB
Buffers:           17436 kB
Cached:           134508 kB
MemTotal:        1844596 kB
MemFree:         1540856 kB
MemAvailable:    1565700 kB
Buffers:           17436 kB
Cached:           134508 kB
MemTotal:        1844596 kB
MemFree:         1540788 kB
MemAvailable:    1565632 kB
Buffers:           17436 kB
Cached:           134508 kB
MemTotal:        1844596 kB
MemFree:         1541040 kB
MemAvailable:    1565884 kB
Buffers:           17436 kB
Cached:           134508 kB
MemTotal:        1844596 kB
MemFree:         1540832 kB
MemAvailable:    1565676 kB
Buffers:           17436 kB
Cached:           134508 kB
MemTotal:        1844596 kB
MemFree:         1540832 kB
MemAvailable:    1565676 kB
Buffers:           17436 kB
Cached:           134508 kB
MemTotal:        1844596 kB
MemFree:         1540860 kB
MemAvailable:    1565704 kB
Buffers:           17436 kB
Cached:           134508 kB
MemTotal:        1844596 kB
MemFree:         1539696 kB
MemAvailable:    1564540 kB
Buffers:           17436 kB
Cached:           134508 kB
MemTotal:        1844596 kB
MemFree:         1541044 kB
MemAvailable:    1565888 kB
Buffers:           17436 kB
Cached:           134508 kB
MemTotal:        1844596 kB
MemFree:         1540116 kB
MemAvailable:    1564960 kB
Buffers:           17436 kB
Cached:           134508 kB
MemTotal:        1844596 kB
MemFree:         1541092 kB
MemAvailable:    1565936 kB
Buffers:           17436 kB
Cached:           134508 kB
MemTotal:        1844596 kB
MemFree:         1541176 kB
MemAvailable:    1566020 kB
Buffers:           17436 kB
Cached:           134508 kB
MemTotal:        1844596 kB
MemFree:         1540604 kB
MemAvailable:    1565448 kB
Buffers:           17436 kB
Cached:           134508 kB
MemTotal:        1844596 kB
MemFree:         1540604 kB
MemAvailable:    1565448 kB
Buffers:           17436 kB
Cached:           134508 kB
MemTotal:        1844596 kB
MemFree:         1540224 kB
MemAvailable:    1565068 kB
Buffers:           17436 kB
Cached:           134508 kB
MemTotal:        1844596 kB
MemFree:         1540480 kB
MemAvailable:    1565324 kB
Buffers:           17436 kB
Cached:           134508 kB
MemTotal:        1844596 kB
MemFree:         1540308 kB
MemAvailable:    1565152 kB
Buffers:           17436 kB
Cached:           134508 kB
MemTotal:        1844596 kB
MemFree:         1539000 kB
MemAvailable:    1563844 kB
Buffers:           17436 kB
Cached:           134508 kB
MemTotal:        1844596 kB
MemFree:         1539248 kB
MemAvailable:    1564096 kB
Buffers:           17436 kB
Cached:           134512 kB
MemTotal:        1844596 kB
MemFree:         1539976 kB
MemAvailable:    1564824 kB
Buffers:           17436 kB
Cached:           134512 kB
MemTotal:        1844596 kB
MemFree:         1540228 kB
MemAvailable:    1565076 kB
Buffers:           17436 kB
Cached:           134512 kB
MemTotal:        1844596 kB
MemFree:         1538736 kB
MemAvailable:    1563584 kB
Buffers:           17436 kB
Cached:           134512 kB
MemTotal:        1844596 kB
MemFree:         1539248 kB
MemAvailable:    1564096 kB
Buffers:           17436 kB
Cached:           134512 kB
MemTotal:        1844596 kB
MemFree:         1539812 kB
MemAvailable:    1564660 kB
Buffers:           17436 kB
Cached:           134512 kB
MemTotal:        1844596 kB
MemFree:         1538824 kB
MemAvailable:    1563672 kB
Buffers:           17436 kB
Cached:           134512 kB
MemTotal:        1844596 kB
MemFree:         1538728 kB
MemAvailable:    1563576 kB
Buffers:           17436 kB
Cached:           134512 kB
MemTotal:        1844596 kB
MemFree:         1539372 kB
MemAvailable:    1564220 kB
Buffers:           17436 kB
Cached:           134512 kB
MemTotal:        1844596 kB
MemFree:         1538612 kB
MemAvailable:    1563460 kB
Buffers:           17436 kB
Cached:           134512 kB
MemTotal:        1844596 kB
MemFree:         1538324 kB
MemAvailable:    1563172 kB
Buffers:           17436 kB
Cached:           134512 kB
MemTotal:        1844596 kB
MemFree:         1535388 kB
MemAvailable:    1560236 kB
Buffers:           17436 kB
Cached:           134512 kB
MemTotal:        1844596 kB
MemFree:         1535640 kB
MemAvailable:    1560488 kB
Buffers:           17436 kB
Cached:           134512 kB
MemTotal:        1844596 kB
MemFree:         1532836 kB
MemAvailable:    1557684 kB
Buffers:           17436 kB
Cached:           134512 kB
MemTotal:        1844596 kB
MemFree:         1531568 kB
MemAvailable:    1556416 kB
Buffers:           17436 kB
Cached:           134512 kB
MemTotal:        1844596 kB
MemFree:         1532164 kB
MemAvailable:    1557016 kB
Buffers:           17436 kB
Cached:           134516 kB
MemTotal:        1844596 kB
MemFree:         1532416 kB
MemAvailable:    1557268 kB
Buffers:           17436 kB
Cached:           134516 kB
MemTotal:        1844596 kB
MemFree:         1532108 kB
MemAvailable:    1556960 kB
Buffers:           17436 kB
Cached:           134516 kB
MemTotal:        1844596 kB
MemFree:         1530816 kB
MemAvailable:    1555668 kB
Buffers:           17436 kB
Cached:           134516 kB
MemTotal:        1844596 kB
MemFree:         1532120 kB
MemAvailable:    1556972 kB
Buffers:           17436 kB
Cached:           134516 kB
MemTotal:        1844596 kB
MemFree:         1532056 kB
MemAvailable:    1556908 kB
Buffers:           17436 kB
Cached:           134516 kB
MemTotal:        1844596 kB
MemFree:         1531864 kB
MemAvailable:    1556716 kB
Buffers:           17436 kB
Cached:           134516 kB
MemTotal:        1844596 kB
MemFree:         1532116 kB
MemAvailable:    1556968 kB
Buffers:           17436 kB
Cached:           134516 kB
MemTotal:        1844596 kB
MemFree:         1531936 kB
MemAvailable:    1556788 kB
Buffers:           17436 kB
Cached:           134516 kB
MemTotal:        1844596 kB
MemFree:         1532036 kB
MemAvailable:    1556888 kB
Buffers:           17436 kB
Cached:           134516 kB
MemTotal:        1844596 kB
MemFree:         1532036 kB
MemAvailable:    1556888 kB
Buffers:           17436 kB
Cached:           134516 kB
MemTotal:        1844596 kB
MemFree:         1531876 kB
MemAvailable:    1556728 kB
Buffers:           17436 kB
Cached:           134516 kB
MemTotal:        1844596 kB
MemFree:         1532132 kB
MemAvailable:    1556984 kB
Buffers:           17436 kB
Cached:           134516 kB
MemTotal:        1844596 kB
MemFree:         1532232 kB
MemAvailable:    1557084 kB
Buffers:           17436 kB
Cached:           134516 kB
MemTotal:        1844596 kB
MemFree:         1532052 kB
MemAvailable:    1556904 kB
Buffers:           17436 kB
Cached:           134516 kB
MemTotal:        1844596 kB
MemFree:         1531932 kB
MemAvailable:    1556784 kB
Buffers:           17436 kB
Cached:           134516 kB
MemTotal:        1844596 kB
MemFree:         1531620 kB
MemAvailable:    1556472 kB
Buffers:           17436 kB
Cached:           134516 kB
MemTotal:        1844596 kB
MemFree:         1530320 kB
MemAvailable:    1555172 kB
Buffers:           17436 kB
Cached:           134516 kB
MemTotal:        1844596 kB
MemFree:         1530016 kB
MemAvailable:    1554868 kB
Buffers:           17436 kB
Cached:           134516 kB
MemTotal:        1844596 kB
MemFree:         1531068 kB
MemAvailable:    1555920 kB
Buffers:           17436 kB
Cached:           134516 kB
MemTotal:        1844596 kB
MemFree:         1530816 kB
MemAvailable:    1555668 kB
Buffers:           17436 kB
Cached:           134516 kB
MemTotal:        1844596 kB
MemFree:         1530364 kB
MemAvailable:    1555216 kB
Buffers:           17436 kB
Cached:           134516 kB
MemTotal:        1844596 kB
MemFree:         1530228 kB
MemAvailable:    1555080 kB
Buffers:           17436 kB
Cached:           134516 kB
MemTotal:        1844596 kB
MemFree:         1529452 kB
MemAvailable:    1554304 kB
Buffers:           17436 kB
Cached:           134516 kB
MemTotal:        1844596 kB
MemFree:         1529576 kB
MemAvailable:    1554428 kB
Buffers:           17436 kB
Cached:           134516 kB
MemTotal:        1844596 kB
MemFree:         1528220 kB
MemAvailable:    1553072 kB
Buffers:           17436 kB
Cached:           134516 kB
MemTotal:        1844596 kB
MemFree:         1529128 kB
MemAvailable:    1553980 kB
Buffers:           17436 kB
Cached:           134516 kB
MemTotal:        1844596 kB
MemFree:         1527972 kB
MemAvailable:    1552824 kB
Buffers:           17436 kB
Cached:           134516 kB
MemTotal:        1844596 kB
MemFree:         1527592 kB
MemAvailable:    1552444 kB
Buffers:           17436 kB
Cached:           134516 kB
MemTotal:        1844596 kB
MemFree:         1528840 kB
MemAvailable:    1553692 kB
Buffers:           17436 kB
Cached:           134516 kB
MemTotal:        1844596 kB
MemFree:         1527964 kB
MemAvailable:    1552816 kB
Buffers:           17436 kB
Cached:           134516 kB
MemTotal:        1844596 kB
MemFree:         1528140 kB
MemAvailable:    1552992 kB
Buffers:           17436 kB
Cached:           134516 kB
MemTotal:        1844596 kB
MemFree:         1528224 kB
MemAvailable:    1553076 kB
Buffers:           17436 kB
Cached:           134516 kB
MemTotal:        1844596 kB
MemFree:         1528304 kB
MemAvailable:    1553156 kB
Buffers:           17436 kB
Cached:           134516 kB
MemTotal:        1844596 kB
MemFree:         1528352 kB
MemAvailable:    1553204 kB
Buffers:           17436 kB
Cached:           134516 kB
MemTotal:        1844596 kB
MemFree:         1528108 kB
MemAvailable:    1552960 kB
Buffers:           17436 kB
Cached:           134516 kB
MemTotal:        1844596 kB
MemFree:         1527228 kB
MemAvailable:    1552080 kB
Buffers:           17436 kB
Cached:           134516 kB
MemTotal:        1844596 kB
MemFree:         1528208 kB
MemAvailable:    1553060 kB
Buffers:           17436 kB
Cached:           134516 kB
MemTotal:        1844596 kB
MemFree:         1528160 kB
MemAvailable:    1553012 kB
Buffers:           17436 kB
Cached:           134516 kB
MemTotal:        1844596 kB
MemFree:         1528320 kB
MemAvailable:    1553172 kB
Buffers:           17436 kB
Cached:           134516 kB
MemTotal:        1844596 kB
MemFree:         1527900 kB
MemAvailable:    1552752 kB
Buffers:           17436 kB
Cached:           134516 kB
MemTotal:        1844596 kB
MemFree:         1526484 kB
MemAvailable:    1551336 kB
Buffers:           17436 kB
Cached:           134516 kB
MemTotal:        1844596 kB
MemFree:         1527528 kB
MemAvailable:    1552380 kB
Buffers:           17436 kB
Cached:           134516 kB
MemTotal:        1844596 kB
MemFree:         1525120 kB
MemAvailable:    1549972 kB
Buffers:           17436 kB
Cached:           134516 kB
MemTotal:        1844596 kB
MemFree:         1522880 kB
MemAvailable:    1547732 kB
Buffers:           17436 kB
Cached:           134516 kB
MemTotal:        1844596 kB
MemFree:         1522880 kB
MemAvailable:    1547732 kB
Buffers:           17436 kB
Cached:           134516 kB
MemTotal:        1844596 kB
MemFree:         1522360 kB
MemAvailable:    1547212 kB
Buffers:           17436 kB
Cached:           134516 kB
MemTotal:        1844596 kB
MemFree:         1522444 kB
MemAvailable:    1547296 kB
Buffers:           17436 kB
Cached:           134516 kB
MemTotal:        1844596 kB
MemFree:         1522424 kB
MemAvailable:    1547276 kB
Buffers:           17436 kB
Cached:           134516 kB
MemTotal:        1844596 kB
MemFree:         1521276 kB
MemAvailable:    1546128 kB
Buffers:           17436 kB
Cached:           134516 kB
MemTotal:        1844596 kB
MemFree:         1521140 kB
MemAvailable:    1545992 kB
Buffers:           17436 kB
Cached:           134516 kB
MemTotal:        1844596 kB
MemFree:         1522380 kB
MemAvailable:    1547232 kB
Buffers:           17436 kB
Cached:           134516 kB
MemTotal:        1844596 kB
MemFree:         1521008 kB
MemAvailable:    1545860 kB
Buffers:           17436 kB
Cached:           134516 kB
MemTotal:        1844596 kB
MemFree:         1520876 kB
MemAvailable:    1545728 kB
Buffers:           17436 kB
Cached:           134516 kB
MemTotal:        1844596 kB
MemFree:         1521276 kB
MemAvailable:    1546128 kB
Buffers:           17436 kB
Cached:           134516 kB
MemTotal:        1844596 kB
MemFree:         1519284 kB
MemAvailable:    1544136 kB
Buffers:           17436 kB
Cached:           134516 kB
MemTotal:        1844596 kB
MemFree:         1518680 kB
MemAvailable:    1543532 kB
Buffers:           17436 kB
Cached:           134516 kB
MemTotal:        1844596 kB
MemFree:         1519056 kB
MemAvailable:    1543908 kB
Buffers:           17436 kB
Cached:           134516 kB
MemTotal:        1844596 kB
MemFree:         1519116 kB
MemAvailable:    1543968 kB
Buffers:           17436 kB
Cached:           134516 kB
MemTotal:        1844596 kB
MemFree:         1518672 kB
MemAvailable:    1543524 kB
Buffers:           17436 kB
Cached:           134516 kB
MemTotal:        1844596 kB
MemFree:         1519092 kB
MemAvailable:    1543944 kB
Buffers:           17436 kB
Cached:           134516 kB
MemTotal:        1844596 kB
MemFree:         1517736 kB
MemAvailable:    1542588 kB
Buffers:           17436 kB
Cached:           134516 kB
MemTotal:        1844596 kB
MemFree:         1517780 kB
MemAvailable:    1542632 kB
Buffers:           17436 kB
Cached:           134516 kB
MemTotal:        1844596 kB
MemFree:         1519712 kB
MemAvailable:    1544564 kB
Buffers:           17448 kB
Cached:           134504 kB
MemTotal:        1844596 kB
MemFree:         1521160 kB
MemAvailable:    1546012 kB
Buffers:           17448 kB
Cached:           134504 kB
MemTotal:        1844596 kB
MemFree:         1520160 kB
MemAvailable:    1545096 kB
Buffers:           17448 kB
Cached:           134628 kB
MemTotal:        1844596 kB
MemFree:         1521080 kB
MemAvailable:    1546104 kB
Buffers:           17448 kB
Cached:           134756 kB
MemTotal:        1844596 kB
MemFree:         1519664 kB
MemAvailable:    1544772 kB
Buffers:           17448 kB
Cached:           134756 kB
MemTotal:        1844596 kB
MemFree:         1520468 kB
MemAvailable:    1545660 kB
Buffers:           17448 kB
Cached:           134880 kB
MemTotal:        1844596 kB
MemFree:         1520468 kB
MemAvailable:    1545660 kB
Buffers:           17448 kB
Cached:           134880 kB
MemTotal:        1844596 kB
MemFree:         1519100 kB
MemAvailable:    1544460 kB
Buffers:           17448 kB
Cached:           135004 kB
MemTotal:        1844596 kB
MemFree:         1520456 kB
MemAvailable:    1545900 kB
Buffers:           17448 kB
Cached:           135128 kB
MemTotal:        1844596 kB
MemFree:         1520436 kB
MemAvailable:    1545880 kB
Buffers:           17448 kB
Cached:           135128 kB
MemTotal:        1844596 kB
MemFree:         1519292 kB
MemAvailable:    1544736 kB
Buffers:           17448 kB
Cached:           135128 kB
MemTotal:        1844596 kB
MemFree:         1520140 kB
MemAvailable:    1545584 kB
Buffers:           17448 kB
Cached:           135128 kB
MemTotal:        1844596 kB
MemFree:         1520224 kB
MemAvailable:    1545668 kB
Buffers:           17448 kB
Cached:           135128 kB
MemTotal:        1844596 kB
MemFree:         1519036 kB
MemAvailable:    1544480 kB
Buffers:           17448 kB
Cached:           135128 kB
MemTotal:        1844596 kB
MemFree:         1520360 kB
MemAvailable:    1545804 kB
Buffers:           17448 kB
Cached:           135128 kB
MemTotal:        1844596 kB
MemFree:         1520332 kB
MemAvailable:    1545776 kB
Buffers:           17448 kB
Cached:           135128 kB
MemTotal:        1844596 kB
MemFree:         1519540 kB
MemAvailable:    1544860 kB
Buffers:           17448 kB
Cached:           135128 kB
MemTotal:        1844596 kB
MemFree:         1520740 kB
MemAvailable:    1545596 kB
Buffers:           17448 kB
Cached:           134496 kB
MemTotal:        1844596 kB
MemFree:         1585976 kB
MemAvailable:    1610832 kB
Buffers:           17448 kB
Cached:           134496 kB
