MemTotal:        1844596 kB
MemFree:         1525528 kB
MemAvailable:    1578356 kB
Buffers:           21664 kB
Cached:           160652 kB
MemTotal:        1844596 kB
MemFree:         1526200 kB
MemAvailable:    1579028 kB
Buffers:           21664 kB
Cached:           160652 kB
MemTotal:        1844596 kB
MemFree:         1523296 kB
MemAvailable:    1576124 kB
Buffers:           21664 kB
Cached:           160652 kB
MemTotal:        1844596 kB
MemFree:         1523280 kB
MemAvailable:    1576108 kB
Buffers:           21664 kB
Cached:           160652 kB
MemTotal:        1844596 kB
MemFree:         1523616 kB
MemAvailable:    1576444 kB
Buffers:           21664 kB
Cached:           160652 kB
MemTotal:        1844596 kB
MemFree:         1522040 kB
MemAvailable:    1574868 kB
Buffers:           21664 kB
Cached:           160652 kB
MemTotal:        1844596 kB
MemFree:         1521124 kB
MemAvailable:    1573952 kB
Buffers:           21664 kB
Cached:           160652 kB
MemTotal:        1844596 kB
MemFree:         1517964 kB
MemAvailable:    1570792 kB
Buffers:           21664 kB
Cached:           160652 kB
MemTotal:        1844596 kB
MemFree:         1517468 kB
MemAvailable:    1570296 kB
Buffers:           21664 kB
Cached:           160652 kB
MemTotal:        1844596 kB
MemFree:         1512260 kB
MemAvailable:    1565092 kB
Buffers:           21664 kB
Cached:           160656 kB
MemTotal:        1844596 kB
MemFree:         1513296 kB
MemAvailable:    1566128 kB
Buffers:           21664 kB
Cached:           160656 kB
MemTotal:        1844596 kB
MemFree:         1512508 kB
MemAvailable:    1565340 kB
Buffers:           21664 kB
Cached:           160656 kB
MemTotal:        1844596 kB
MemFree:         1513792 kB
MemAvailable:    1566624 kB
Buffers:           21664 kB
Cached:           160656 kB
MemTotal:        1844596 kB
MemFree:         1513428 kB
MemAvailable:    1566260 kB
Buffers:           21664 kB
Cached:           160656 kB
MemTotal:        1844596 kB
MemFree:         1512136 kB
MemAvailable:    1564968 kB
Buffers:           21664 kB
Cached:           160656 kB
MemTotal:        1844596 kB
MemFree:         1512004 kB
MemAvailable:    1564836 kB
Buffers:           21664 kB
Cached:           160656 kB
MemTotal:        1844596 kB
MemFree:         1512508 kB
MemAvailable:    1565340 kB
Buffers:           21664 kB
Cached:           160656 kB
MemTotal:        1844596 kB
MemFree:         1510896 kB
MemAvailable:    1563728 kB
Buffers:           21664 kB
Cached:           160656 kB
MemTotal:        1844596 kB
MemFree:         1511352 kB
MemAvailable:    1564184 kB
Buffers:           21664 kB
Cached:           160656 kB
MemTotal:        1844596 kB
MemFree:         1510788 kB
MemAvailable:    1563620 kB
Buffers:           21664 kB
Cached:           160656 kB
MemTotal:        1844596 kB
MemFree:         1510872 kB
MemAvailable:    1563704 kB
Buffers:           21664 kB
Cached:           160656 kB
MemTotal:        1844596 kB
MemFree:         1510852 kB
MemAvailable:    1563684 kB
Buffers:           21664 kB
Cached:           160656 kB
MemTotal:        1844596 kB
MemFree:         1510804 kB
MemAvailable:    1563636 kB
Buffers:           21664 kB
Cached:           160656 kB
MemTotal:        1844596 kB
MemFree:         1509248 kB
MemAvailable:    1562080 kB
Buffers:           21664 kB
Cached:           160656 kB
MemTotal:        1844596 kB
MemFree:         1509496 kB
MemAvailable:    1562328 kB
Buffers:           21664 kB
Cached:           160656 kB
MemTotal:        1844596 kB
MemFree:         1510800 kB
MemAvailable:    1563632 kB
Buffers:           21664 kB
Cached:           160656 kB
MemTotal:        1844596 kB
MemFree:         1510792 kB
MemAvailable:    1563624 kB
Buffers:           21664 kB
Cached:           160656 kB
MemTotal:        1844596 kB
MemFree:         1509360 kB
MemAvailable:    1562192 kB
Buffers:           21664 kB
Cached:           160656 kB
MemTotal:        1844596 kB
MemFree:         1510680 kB
MemAvailable:    1563512 kB
Buffers:           21664 kB
Cached:           160656 kB
MemTotal:        1844596 kB
MemFree:         1510432 kB
MemAvailable:    1563264 kB
Buffers:           21664 kB
Cached:           160656 kB
MemTotal:        1844596 kB
MemFree:         1508944 kB
MemAvailable:    1561776 kB
Buffers:           21664 kB
Cached:           160656 kB
MemTotal:        1844596 kB
MemFree:         1508308 kB
MemAvailable:    1561140 kB
Buffers:           21664 kB
Cached:           160656 kB
MemTotal:        1844596 kB
MemFree:         1508392 kB
MemAvailable:    1561224 kB
Buffers:           21664 kB
Cached:           160656 kB
MemTotal:        1844596 kB
MemFree:         1506580 kB
MemAvailable:    1559412 kB
Buffers:           21664 kB
Cached:           160656 kB
MemTotal:        1844596 kB
MemFree:         1507640 kB
MemAvailable:    1560472 kB
Buffers:           21664 kB
Cached:           160656 kB
MemTotal:        1844596 kB
MemFree:         1506332 kB
MemAvailable:    1559164 kB
Buffers:           21664 kB
Cached:           160656 kB
MemTotal:        1844596 kB
MemFree:         1506704 kB
MemAvailable:    1559536 kB
Buffers:           21664 kB
Cached:           160656 kB
MemTotal:        1844596 kB
MemFree:         1506788 kB
MemAvailable:    1559620 kB
Buffers:           21664 kB
Cached:           160656 kB
MemTotal:        1844596 kB
MemFree:         1506572 kB
MemAvailable:    1559404 kB
Buffers:           21664 kB
Cached:           160656 kB
MemTotal:        1844596 kB
MemFree:         1506656 kB
MemAvailable:    1559488 kB
Buffers:           21664 kB
Cached:           160656 kB
MemTotal:        1844596 kB
MemFree:         1506532 kB
MemAvailable:    1559364 kB
Buffers:           21664 kB
Cached:           160656 kB
MemTotal:        1844596 kB
MemFree:         1506396 kB
MemAvailable:    1559228 kB
Buffers:           21664 kB
Cached:           160656 kB
MemTotal:        1844596 kB
MemFree:         1506396 kB
MemAvailable:    1559228 kB
Buffers:           21664 kB
Cached:           160656 kB
MemTotal:        1844596 kB
MemFree:         1506192 kB
MemAvailable:    1559024 kB
Buffers:           21664 kB
Cached:           160656 kB
MemTotal:        1844596 kB
MemFree:         1506412 kB
MemAvailable:    1559244 kB
Buffers:           21664 kB
Cached:           160656 kB
MemTotal:        1844596 kB
MemFree:         1504720 kB
MemAvailable:    1557552 kB
Buffers:           21664 kB
Cached:           160656 kB
MemTotal:        1844596 kB
MemFree:         1504340 kB
MemAvailable:    1557172 kB
Buffers:           21664 kB
Cached:           160656 kB
MemTotal:        1844596 kB
MemFree:         1505732 kB
MemAvailable:    1558564 kB
Buffers:           21664 kB
Cached:           160656 kB
MemTotal:        1844596 kB
MemFree:         1505476 kB
MemAvailable:    1558308 kB
Buffers:           21664 kB
Cached:           160656 kB
MemTotal:        1844596 kB
MemFree:         1504292 kB
MemAvailable:    1557124 kB
Buffers:           21664 kB
Cached:           160656 kB
MemTotal:        1844596 kB
MemFree:         1504976 kB
MemAvailable:    1557808 kB
Buffers:           21664 kB
Cached:           160656 kB
MemTotal:        1844596 kB
MemFree:         1505412 kB
MemAvailable:    1558244 kB
Buffers:           21664 kB
Cached:           160656 kB
MemTotal:        1844596 kB
MemFree:         1505464 kB
MemAvailable:    1558296 kB
Buffers:           21664 kB
Cached:           160656 kB
MemTotal:        1844596 kB
MemFree:         1505608 kB
MemAvailable:    1558440 kB
Buffers:           21664 kB
Cached:           160656 kB
MemTotal:        1844596 kB
MemFree:         1504308 kB
MemAvailable:    1557140 kB
Buffers:           21664 kB
Cached:           160656 kB
MemTotal:        1844596 kB
MemFree:         1505484 kB
MemAvailable:    1558316 kB
Buffers:           21664 kB
Cached:           160656 kB
MemTotal:        1844596 kB
MemFree:         1505524 kB
MemAvailable:    1558356 kB
Buffers:           21664 kB
Cached:           160656 kB
MemTotal:        1844596 kB
MemFree:         1504488 kB
MemAvailable:    1557320 kB
Buffers:           21664 kB
Cached:           160656 kB
MemTotal:        1844596 kB
MemFree:         1505112 kB
MemAvailable:    1557944 kB
Buffers:           21664 kB
Cached:           160656 kB
MemTotal:        1844596 kB
MemFree:         1505088 kB
MemAvailable:    1557920 kB
Buffers:           21664 kB
Cached:           160656 kB
MemTotal:        1844596 kB
MemFree:         1504692 kB
MemAvailable:    1557524 kB
Buffers:           21664 kB
Cached:           160656 kB
MemTotal:        1844596 kB
MemFree:         1505028 kB
MemAvailable:    1557860 kB
Buffers:           21664 kB
Cached:           160656 kB
MemTotal:        1844596 kB
MemFree:         1504760 kB
MemAvailable:    1557592 kB
Buffers:           21664 kB
Cached:           160656 kB
MemTotal:        1844596 kB
MemFree:         1503736 kB
MemAvailable:    1556568 kB
Buffers:           21664 kB
Cached:           160656 kB
MemTotal:        1844596 kB
MemFree:         1503176 kB
MemAvailable:    1556008 kB
Buffers:           21664 kB
Cached:           160656 kB
MemTotal:        1844596 kB
MemFree:         1503432 kB
MemAvailable:    1556264 kB
Buffers:           21664 kB
Cached:           160656 kB
MemTotal:        1844596 kB
MemFree:         1504548 kB
MemAvailable:    1557380 kB
Buffers:           21664 kB
Cached:           160656 kB
MemTotal:        1844596 kB
MemFree:         1503432 kB
MemAvailable:    1556264 kB
Buffers:           21664 kB
Cached:           160656 kB
MemTotal:        1844596 kB
MemFree:         1503432 kB
MemAvailable:    1556264 kB
Buffers:           21664 kB
Cached:           160656 kB
MemTotal:        1844596 kB
MemFree:         1503680 kB
MemAvailable:    1556512 kB
Buffers:           21664 kB
Cached:           160656 kB
MemTotal:        1844596 kB
MemFree:         1504856 kB
MemAvailable:    1557688 kB
Buffers:           21664 kB
Cached:           160656 kB
MemTotal:        1844596 kB
MemFree:         1503300 kB
MemAvailable:    1556132 kB
Buffers:           21664 kB
Cached:           160656 kB
MemTotal:        1844596 kB
MemFree:         1502424 kB
MemAvailable:    1555256 kB
Buffers:           21664 kB
Cached:           160656 kB
MemTotal:        1844596 kB
MemFree:         1499148 kB
MemAvailable:    1551980 kB
Buffers:           21664 kB
Cached:           160656 kB
MemTotal:        1844596 kB
MemFree:         1497164 kB
MemAvailable:    1549996 kB
Buffers:           21664 kB
Cached:           160656 kB
MemTotal:        1844596 kB
MemFree:         1496172 kB
MemAvailable:    1549004 kB
Buffers:           21664 kB
Cached:           160656 kB
MemTotal:        1844596 kB
MemFree:         1495924 kB
MemAvailable:    1548756 kB
Buffers:           21664 kB
Cached:           160656 kB
MemTotal:        1844596 kB
MemFree:         1495676 kB
MemAvailable:    1548508 kB
Buffers:           21664 kB
Cached:           160656 kB
MemTotal:        1844596 kB
MemFree:         1496776 kB
MemAvailable:    1549608 kB
Buffers:           21664 kB
Cached:           160656 kB
MemTotal:        1844596 kB
MemFree:         1496372 kB
MemAvailable:    1549204 kB
Buffers:           21664 kB
Cached:           160656 kB
MemTotal:        1844596 kB
MemFree:         1495360 kB
MemAvailable:    1548192 kB
Buffers:           21664 kB
Cached:           160656 kB
MemTotal:        1844596 kB
MemFree:         1496404 kB
MemAvailable:    1549236 kB
Buffers:           21664 kB
Cached:           160656 kB
MemTotal:        1844596 kB
MemFree:         1495248 kB
MemAvailable:    1548080 kB
Buffers:           21664 kB
Cached:           160656 kB
MemTotal:        1844596 kB
MemFree:         1496572 kB
MemAvailable:    1549404 kB
Buffers:           21664 kB
Cached:           160656 kB
MemTotal:        1844596 kB
MemFree:         1495256 kB
MemAvailable:    1548088 kB
Buffers:           21664 kB
Cached:           160656 kB
MemTotal:        1844596 kB
MemFree:         1495256 kB
MemAvailable:    1548088 kB
Buffers:           21664 kB
Cached:           160656 kB
MemTotal:        1844596 kB
MemFree:         1496604 kB
MemAvailable:    1549436 kB
Buffers:           21664 kB
Cached:           160656 kB
MemTotal:        1844596 kB
MemFree:         1496660 kB
MemAvailable:    1549492 kB
Buffers:           21664 kB
Cached:           160656 kB
MemTotal:        1844596 kB
MemFree:         1496728 kB
MemAvailable:    1549560 kB
Buffers:           21664 kB
Cached:           160656 kB
MemTotal:        1844596 kB
MemFree:         1495164 kB
MemAvailable:    1547996 kB
Buffers:           21664 kB
Cached:           160656 kB
MemTotal:        1844596 kB
MemFree:         1495180 kB
MemAvailable:    1548024 kB
Buffers:           21664 kB
Cached:           160668 kB
MemTotal:        1844596 kB
MemFree:         1494932 kB
MemAvailable:    1547776 kB
Buffers:           21664 kB
Cached:           160668 kB
MemTotal:        1844596 kB
MemFree:         1495048 kB
MemAvailable:    1547892 kB
Buffers:           21664 kB
Cached:           160668 kB
MemTotal:        1844596 kB
MemFree:         1494808 kB
MemAvailable:    1547652 kB
Buffers:           21664 kB
Cached:           160668 kB
MemTotal:        1844596 kB
MemFree:         1494188 kB
MemAvailable:    1547032 kB
Buffers:           21664 kB
Cached:           160668 kB
MemTotal:        1844596 kB
MemFree:         1494056 kB
MemAvailable:    1546900 kB
Buffers:           21664 kB
Cached:           160668 kB
MemTotal:        1844596 kB
MemFree:         1495116 kB
MemAvailable:    1547960 kB
Buffers:           21664 kB
Cached:           160668 kB
MemTotal:        1844596 kB
MemFree:         1494064 kB
MemAvailable:    1546908 kB
Buffers:           21664 kB
Cached:           160668 kB
MemTotal:        1844596 kB
MemFree:         1493924 kB
MemAvailable:    1546768 kB
Buffers:           21664 kB
Cached:           160668 kB
MemTotal:        1844596 kB
MemFree:         1493924 kB
MemAvailable:    1546768 kB
Buffers:           21664 kB
Cached:           160668 kB
MemTotal:        1844596 kB
MemFree:         1493188 kB
MemAvailable:    1546032 kB
Buffers:           21664 kB
Cached:           160668 kB
MemTotal:        1844596 kB
MemFree:         1493272 kB
MemAvailable:    1546116 kB
Buffers:           21664 kB
Cached:           160668 kB
MemTotal:        1844596 kB
MemFree:         1492960 kB
MemAvailable:    1545804 kB
Buffers:           21664 kB
Cached:           160668 kB
MemTotal:        1844596 kB
MemFree:         1491820 kB
MemAvailable:    1544664 kB
Buffers:           21664 kB
Cached:           160668 kB
MemTotal:        1844596 kB
MemFree:         1492920 kB
MemAvailable:    1545764 kB
Buffers:           21664 kB
Cached:           160668 kB
MemTotal:        1844596 kB
MemFree:         1492920 kB
MemAvailable:    1545764 kB
Buffers:           21664 kB
Cached:           160668 kB
MemTotal:        1844596 kB
MemFree:         1492864 kB
MemAvailable:    1545708 kB
Buffers:           21664 kB
Cached:           160668 kB
MemTotal:        1844596 kB
MemFree:         1492888 kB
MemAvailable:    1545732 kB
Buffers:           21664 kB
Cached:           160668 kB
MemTotal:        1844596 kB
MemFree:         1492080 kB
MemAvailable:    1544924 kB
Buffers:           21664 kB
Cached:           160668 kB
MemTotal:        1844596 kB
MemFree:         1493156 kB
MemAvailable:    1546000 kB
Buffers:           21664 kB
Cached:           160668 kB
MemTotal:        1844596 kB
MemFree:         1491956 kB
MemAvailable:    1544800 kB
Buffers:           21664 kB
Cached:           160668 kB
MemTotal:        1844596 kB
MemFree:         1492444 kB
MemAvailable:    1545288 kB
Buffers:           21664 kB
Cached:           160668 kB
MemTotal:        1844596 kB
MemFree:         1492780 kB
MemAvailable:    1545624 kB
Buffers:           21664 kB
Cached:           160668 kB
MemTotal:        1844596 kB
MemFree:         1492312 kB
MemAvailable:    1545156 kB
Buffers:           21664 kB
Cached:           160668 kB
MemTotal:        1844596 kB
MemFree:         1492312 kB
MemAvailable:    1545156 kB
Buffers:           21664 kB
Cached:           160668 kB
MemTotal:        1844596 kB
MemFree:         1487352 kB
MemAvailable:    1540196 kB
Buffers:           21664 kB
Cached:           160668 kB
MemTotal:        1844596 kB
MemFree:         1487688 kB
MemAvailable:    1540532 kB
Buffers:           21664 kB
Cached:           160668 kB
MemTotal:        1844596 kB
MemFree:         1487412 kB
MemAvailable:    1540256 kB
Buffers:           21664 kB
Cached:           160668 kB
MemTotal:        1844596 kB
MemFree:         1487172 kB
MemAvailable:    1540016 kB
Buffers:           21664 kB
Cached:           160668 kB
MemTotal:        1844596 kB
MemFree:         1487048 kB
MemAvailable:    1539892 kB
Buffers:           21664 kB
Cached:           160668 kB
MemTotal:        1844596 kB
MemFree:         1486004 kB
MemAvailable:    1538848 kB
Buffers:           21664 kB
Cached:           160668 kB
MemTotal:        1844596 kB
MemFree:         1486924 kB
MemAvailable:    1539772 kB
Buffers:           21664 kB
Cached:           160672 kB
MemTotal:        1844596 kB
MemFree:         1485196 kB
MemAvailable:    1538044 kB
Buffers:           21664 kB
Cached:           160672 kB
MemTotal:        1844596 kB
MemFree:         1487120 kB
MemAvailable:    1539968 kB
Buffers:           21664 kB
Cached:           160672 kB
MemTotal:        1844596 kB
MemFree:         1486592 kB
MemAvailable:    1539440 kB
Buffers:           21664 kB
Cached:           160672 kB
MemTotal:        1844596 kB
MemFree:         1485260 kB
MemAvailable:    1538108 kB
Buffers:           21664 kB
Cached:           160672 kB
MemTotal:        1844596 kB
MemFree:         1484012 kB
MemAvailable:    1536860 kB
Buffers:           21664 kB
Cached:           160672 kB
MemTotal:        1844596 kB
MemFree:         1484012 kB
MemAvailable:    1536860 kB
Buffers:           21664 kB
Cached:           160672 kB
MemTotal:        1844596 kB
MemFree:         1483500 kB
MemAvailable:    1536348 kB
Buffers:           21664 kB
Cached:           160672 kB
MemTotal:        1844596 kB
MemFree:         1483352 kB
MemAvailable:    1536200 kB
Buffers:           21664 kB
Cached:           160672 kB
MemTotal:        1844596 kB
MemFree:         1483956 kB
MemAvailable:    1536804 kB
Buffers:           21664 kB
Cached:           160672 kB
MemTotal:        1844596 kB
MemFree:         1483028 kB
MemAvailable:    1535876 kB
Buffers:           21664 kB
Cached:           160672 kB
MemTotal:        1844596 kB
MemFree:         1484080 kB
MemAvailable:    1536928 kB
Buffers:           21664 kB
Cached:           160672 kB
MemTotal:        1844596 kB
MemFree:         1482780 kB
MemAvailable:    1535628 kB
Buffers:           21664 kB
Cached:           160672 kB
MemTotal:        1844596 kB
MemFree:         1485584 kB
MemAvailable:    1538432 kB
Buffers:           21664 kB
Cached:           160672 kB
MemTotal:        1844596 kB
MemFree:         1485840 kB
MemAvailable:    1538688 kB
Buffers:           21664 kB
Cached:           160672 kB
MemTotal:        1844596 kB
MemFree:         1485500 kB
MemAvailable:    1538516 kB
Buffers:           21664 kB
Cached:           160796 kB
MemTotal:        1844596 kB
MemFree:         1484212 kB
MemAvailable:    1537228 kB
Buffers:           21664 kB
Cached:           160920 kB
MemTotal:        1844596 kB
MemFree:         1484204 kB
MemAvailable:    1537304 kB
Buffers:           21664 kB
Cached:           161044 kB
MemTotal:        1844596 kB
MemFree:         1485508 kB
MemAvailable:    1538776 kB
Buffers:           21664 kB
Cached:           161168 kB
MemTotal:        1844596 kB
MemFree:         1485508 kB
MemAvailable:    1538860 kB
Buffers:           21664 kB
Cached:           161168 kB
MemTotal:        1844596 kB
MemFree:         1484932 kB
MemAvailable:    1538368 kB
Buffers:           21664 kB
Cached:           161292 kB
MemTotal:        1844596 kB
MemFree:         1484932 kB
MemAvailable:    1538368 kB
Buffers:           21664 kB
Cached:           161292 kB
MemTotal:        1844596 kB
MemFree:         1484940 kB
MemAvailable:    1538460 kB
Buffers:           21664 kB
Cached:           161292 kB
MemTotal:        1844596 kB
MemFree:         1484624 kB
MemAvailable:    1538144 kB
Buffers:           21664 kB
Cached:           161292 kB
MemTotal:        1844596 kB
MemFree:         1483636 kB
MemAvailable:    1537156 kB
Buffers:           21664 kB
Cached:           161292 kB
MemTotal:        1844596 kB
MemFree:         1484936 kB
MemAvailable:    1538456 kB
Buffers:           21664 kB
Cached:           161292 kB
MemTotal:        1844596 kB
MemFree:         1484820 kB
MemAvailable:    1538340 kB
Buffers:           21664 kB
Cached:           161292 kB
MemTotal:        1844596 kB
MemFree:         1484640 kB
MemAvailable:    1538160 kB
Buffers:           21664 kB
Cached:           161292 kB
MemTotal:        1844596 kB
MemFree:         1485412 kB
MemAvailable:    1538344 kB
Buffers:           21664 kB
Cached:           160660 kB
MemTotal:        1844596 kB
MemFree:         1551980 kB
MemAvailable:    1604912 kB
Buffers:           21664 kB
Cached:           160660 kB
