MemTotal:        1844596 kB
MemFree:         1520484 kB
MemAvailable:    1581336 kB
Buffers:           22840 kB
Cached:           166848 kB
MemTotal:        1844596 kB
MemFree:         1516524 kB
MemAvailable:    1577376 kB
Buffers:           22840 kB
Cached:           166848 kB
MemTotal:        1844596 kB
MemFree:         1516260 kB
MemAvailable:    1577112 kB
Buffers:           22840 kB
Cached:           166848 kB
MemTotal:        1844596 kB
MemFree:         1515780 kB
MemAvailable:    1576632 kB
Buffers:           22840 kB
Cached:           166848 kB
MemTotal:        1844596 kB
MemFree:         1514408 kB
MemAvailable:    1575260 kB
Buffers:           22840 kB
Cached:           166848 kB
MemTotal:        1844596 kB
MemFree:         1513052 kB
MemAvailable:    1573904 kB
Buffers:           22840 kB
Cached:           166848 kB
MemTotal:        1844596 kB
MemFree:         1512664 kB
MemAvailable:    1573516 kB
Buffers:           22840 kB
Cached:           166848 kB
MemTotal:        1844596 kB
MemFree:         1512556 kB
MemAvailable:    1573408 kB
Buffers:           22840 kB
Cached:           166848 kB
MemTotal:        1844596 kB
MemFree:         1509208 kB
MemAvailable:    1570060 kB
Buffers:           22840 kB
Cached:           166848 kB
MemTotal:        1844596 kB
MemFree:         1506720 kB
MemAvailable:    1567572 kB
Buffers:           22840 kB
Cached:           166848 kB
MemTotal:        1844596 kB
MemFree:         1503628 kB
MemAvailable:    1564480 kB
Buffers:           22840 kB
Cached:           166848 kB
MemTotal:        1844596 kB
MemFree:         1504080 kB
MemAvailable:    1564932 kB
Buffers:           22840 kB
Cached:           166848 kB
MemTotal:        1844596 kB
MemFree:         1503884 kB
MemAvailable:    1564736 kB
Buffers:           22840 kB
Cached:           166848 kB
MemTotal:        1844596 kB
MemFree:         1504136 kB
MemAvailable:    1564988 kB
Buffers:           22840 kB
Cached:           166848 kB
MemTotal:        1844596 kB
MemFree:         1503932 kB
MemAvailable:    1564784 kB
Buffers:           22840 kB
Cached:           166848 kB
MemTotal:        1844596 kB
MemFree:         1503932 kB
MemAvailable:    1564784 kB
Buffers:           22840 kB
Cached:           166848 kB
MemTotal:        1844596 kB
MemFree:         1502688 kB
MemAvailable:    1563540 kB
Buffers:           22840 kB
Cached:           166848 kB
MemTotal:        1844596 kB
MemFree:         1503504 kB
MemAvailable:    1564356 kB
Buffers:           22840 kB
Cached:           166848 kB
MemTotal:        1844596 kB
MemFree:         1502696 kB
MemAvailable:    1563548 kB
Buffers:           22840 kB
Cached:           166848 kB
MemTotal:        1844596 kB
MemFree:         1501148 kB
MemAvailable:    1562000 kB
Buffers:           22840 kB
Cached:           166848 kB
MemTotal:        1844596 kB
MemFree:         1500652 kB
MemAvailable:    1561504 kB
Buffers:           22840 kB
Cached:           166848 kB
MemTotal:        1844596 kB
MemFree:         1500396 kB
MemAvailable:    1561248 kB
Buffers:           22840 kB
Cached:           166848 kB
MemTotal:        1844596 kB
MemFree:         1500636 kB
MemAvailable:    1561488 kB
Buffers:           22840 kB
Cached:           166848 kB
MemTotal:        1844596 kB
MemFree:         1500520 kB
MemAvailable:    1561372 kB
Buffers:           22840 kB
Cached:           166848 kB
MemTotal:        1844596 kB
MemFree:         1500528 kB
MemAvailable:    1561380 kB
Buffers:           22840 kB
Cached:           166848 kB
MemTotal:        1844596 kB
MemFree:         1501340 kB
MemAvailable:    1562196 kB
Buffers:           22840 kB
Cached:           166852 kB
MemTotal:        1844596 kB
MemFree:         1501676 kB
MemAvailable:    1562532 kB
Buffers:           22840 kB
Cached:           166852 kB
MemTotal:        1844596 kB
MemFree:         1500400 kB
MemAvailable:    1561256 kB
Buffers:           22840 kB
Cached:           166852 kB
MemTotal:        1844596 kB
MemFree:         1501644 kB
MemAvailable:    1562500 kB
Buffers:           22840 kB
Cached:           166852 kB
MemTotal:        1844596 kB
MemFree:         1501760 kB
MemAvailable:    1562616 kB
Buffers:           22840 kB
Cached:           166852 kB
MemTotal:        1844596 kB
MemFree:         1502636 kB
MemAvailable:    1563492 kB
Buffers:           22840 kB
Cached:           166852 kB
MemTotal:        1844596 kB
MemFree:         1499660 kB
MemAvailable:    1560516 kB
Buffers:           22840 kB
Cached:           166852 kB
MemTotal:        1844596 kB
MemFree:         1498296 kB
MemAvailable:    1559152 kB
Buffers:           22840 kB
Cached:           166852 kB
MemTotal:        1844596 kB
MemFree:         1498652 kB
MemAvailable:    1559508 kB
Buffers:           22840 kB
Cached:           166852 kB
MemTotal:        1844596 kB
MemFree:         1497428 kB
MemAvailable:    1558284 kB
Buffers:           22840 kB
Cached:           166852 kB
MemTotal:        1844596 kB
MemFree:         1498604 kB
MemAvailable:    1559460 kB
Buffers:           22840 kB
Cached:           166852 kB
MemTotal:        1844596 kB
MemFree:         1497660 kB
MemAvailable:    1558516 kB
Buffers:           22840 kB
Cached:           166852 kB
MemTotal:        1844596 kB
MemFree:         1497660 kB
MemAvailable:    1558516 kB
Buffers:           22840 kB
Cached:           166852 kB
MemTotal:        1844596 kB
MemFree:         1496124 kB
MemAvailable:    1556980 kB
Buffers:           22840 kB
Cached:           166852 kB
MemTotal:        1844596 kB
MemFree:         1496000 kB
MemAvailable:    1556856 kB
Buffers:           22840 kB
Cached:           166852 kB
MemTotal:        1844596 kB
MemFree:         1497428 kB
MemAvailable:    1558288 kB
Buffers:           22840 kB
Cached:           166856 kB
MemTotal:        1844596 kB
MemFree:         1497476 kB
MemAvailable:    1558336 kB
Buffers:           22840 kB
Cached:           166856 kB
MemTotal:        1844596 kB
MemFree:         1496560 kB
MemAvailable:    1557420 kB
Buffers:           22840 kB
Cached:           166856 kB
MemTotal:        1844596 kB
MemFree:         1497232 kB
MemAvailable:    1558092 kB
Buffers:           22840 kB
Cached:           166856 kB
MemTotal:        1844596 kB
MemFree:         1497296 kB
MemAvailable:    1558156 kB
Buffers:           22840 kB
Cached:           166856 kB
MemTotal:        1844596 kB
MemFree:         1496744 kB
MemAvailable:    1557604 kB
Buffers:           22840 kB
Cached:           166856 kB
MemTotal:        1844596 kB
MemFree:         1496488 kB
MemAvailable:    1557348 kB
Buffers:           22840 kB
Cached:           166856 kB
MemTotal:        1844596 kB
MemFree:         1496288 kB
MemAvailable:    1557148 kB
Buffers:           22840 kB
Cached:           166856 kB
MemTotal:        1844596 kB
MemFree:         1495196 kB
MemAvailable:    1556056 kB
Buffers:           22840 kB
Cached:           166856 kB
MemTotal:        1844596 kB
MemFree:         1496488 kB
MemAvailable:    1557348 kB
Buffers:           22840 kB
Cached:           166856 kB
MemTotal:        1844596 kB
MemFree:         1496428 kB
MemAvailable:    1557288 kB
Buffers:           22840 kB
Cached:           166856 kB
MemTotal:        1844596 kB
MemFree:         1496512 kB
MemAvailable:    1557372 kB
Buffers:           22840 kB
Cached:           166856 kB
MemTotal:        1844596 kB
MemFree:         1496124 kB
MemAvailable:    1556984 kB
Buffers:           22840 kB
Cached:           166856 kB
MemTotal:        1844596 kB
MemFree:         1496460 kB
MemAvailable:    1557320 kB
Buffers:           22840 kB
Cached:           166856 kB
MemTotal:        1844596 kB
MemFree:         1496412 kB
MemAvailable:    1557272 kB
Buffers:           22840 kB
Cached:           166856 kB
MemTotal:        1844596 kB
MemFree:         1496296 kB
MemAvailable:    1557156 kB
Buffers:           22840 kB
Cached:           166856 kB
MemTotal:        1844596 kB
MemFree:         1496308 kB
MemAvailable:    1557168 kB
Buffers:           22840 kB
Cached:           166856 kB
MemTotal:        1844596 kB
MemFree:         1494548 kB
MemAvailable:    1555408 kB
Buffers:           22840 kB
Cached:           166856 kB
MemTotal:        1844596 kB
MemFree:         1495824 kB
MemAvailable:    1556684 kB
Buffers:           22840 kB
Cached:           166856 kB
MemTotal:        1844596 kB
MemFree:         1495544 kB
MemAvailable:    1556404 kB
Buffers:           22840 kB
Cached:           166856 kB
MemTotal:        1844596 kB
MemFree:         1495720 kB
MemAvailable:    1556580 kB
Buffers:           22840 kB
Cached:           166856 kB
MemTotal:        1844596 kB
MemFree:         1495972 kB
MemAvailable:    1556832 kB
Buffers:           22840 kB
Cached:           166856 kB
MemTotal:        1844596 kB
MemFree:         1494600 kB
MemAvailable:    1555460 kB
Buffers:           22840 kB
Cached:           166856 kB
MemTotal:        1844596 kB
MemFree:         1494476 kB
MemAvailable:    1555336 kB
Buffers:           22840 kB
Cached:           166856 kB
MemTotal:        1844596 kB
MemFree:         1495328 kB
MemAvailable:    1556188 kB
Buffers:           22840 kB
Cached:           166856 kB
MemTotal:        1844596 kB
MemFree:         1494792 kB
MemAvailable:    1555652 kB
Buffers:           22840 kB
Cached:           166856 kB
MemTotal:        1844596 kB
MemFree:         1494108 kB
MemAvailable:    1554968 kB
Buffers:           22840 kB
Cached:           166856 kB
MemTotal:        1844596 kB
MemFree:         1494284 kB
MemAvailable:    1555144 kB
Buffers:           22840 kB
Cached:           166856 kB
MemTotal:        1844596 kB
MemFree:         1495524 kB
MemAvailable:    1556384 kB
Buffers:           22840 kB
Cached:           166856 kB
MemTotal:        1844596 kB
MemFree:         1495032 kB
MemAvailable:    1555892 kB
Buffers:           22840 kB
Cached:           166856 kB
MemTotal:        1844596 kB
MemFree:         1495224 kB
MemAvailable:    1556084 kB
Buffers:           22840 kB
Cached:           166856 kB
MemTotal:        1844596 kB
MemFree:         1493984 kB
MemAvailable:    1554844 kB
Buffers:           22840 kB
Cached:           166856 kB
MemTotal:        1844596 kB
MemFree:         1493660 kB
MemAvailable:    1554520 kB
Buffers:           22840 kB
Cached:           166856 kB
MemTotal:        1844596 kB
MemFree:         1493304 kB
MemAvailable:    1554164 kB
Buffers:           22840 kB
Cached:           166856 kB
MemTotal:        1844596 kB
MemFree:         1491248 kB
MemAvailable:    1552108 kB
Buffers:           22840 kB
Cached:           166856 kB
MemTotal:        1844596 kB
MemFree:         1488652 kB
MemAvailable:    1549512 kB
Buffers:           22840 kB
Cached:           166856 kB
MemTotal:        1844596 kB
MemFree:         1488032 kB
MemAvailable:    1548892 kB
Buffers:           22840 kB
Cached:           166856 kB
MemTotal:        1844596 kB
MemFree:         1486600 kB
MemAvailable:    1547460 kB
Buffers:           22840 kB
Cached:           166856 kB
MemTotal:        1844596 kB
MemFree:         1487428 kB
MemAvailable:    1548288 kB
Buffers:           22840 kB
Cached:           166856 kB
MemTotal:        1844596 kB
MemFree:         1486864 kB
MemAvailable:    1547724 kB
Buffers:           22840 kB
Cached:           166856 kB
MemTotal:        1844596 kB
MemFree:         1486064 kB
MemAvailable:    1546924 kB
Buffers:           22840 kB
Cached:           166856 kB
MemTotal:        1844596 kB
MemFree:         1486228 kB
MemAvailable:    1547088 kB
Buffers:           22840 kB
Cached:           166856 kB
MemTotal:        1844596 kB
MemFree:         1486188 kB
MemAvailable:    1547048 kB
Buffers:           22840 kB
Cached:           166856 kB
MemTotal:        1844596 kB
MemFree:         1487336 kB
MemAvailable:    1548196 kB
Buffers:           22840 kB
Cached:           166856 kB
MemTotal:        1844596 kB
MemFree:         1486980 kB
MemAvailable:    1547840 kB
Buffers:           22840 kB
Cached:           166856 kB
MemTotal:        1844596 kB
MemFree:         1486224 kB
MemAvailable:    1547084 kB
Buffers:           22840 kB
Cached:           166856 kB
MemTotal:        1844596 kB
MemFree:         1487516 kB
MemAvailable:    1548376 kB
Buffers:           22840 kB
Cached:           166856 kB
MemTotal:        1844596 kB
MemFree:         1487476 kB
MemAvailable:    1548336 kB
Buffers:           22840 kB
Cached:           166856 kB
MemTotal:        1844596 kB
MemFree:         1486044 kB
MemAvailable:    1546904 kB
Buffers:           22840 kB
Cached:           166856 kB
MemTotal:        1844596 kB
MemFree:         1487512 kB
MemAvailable:    1548372 kB
Buffers:           22840 kB
Cached:           166856 kB
MemTotal:        1844596 kB
MemFree:         1487344 kB
MemAvailable:    1548204 kB
Buffers:           22840 kB
Cached:           166856 kB
MemTotal:        1844596 kB
MemFree:         1487596 kB
MemAvailable:    1548456 kB
Buffers:           22840 kB
Cached:           166856 kB
MemTotal:        1844596 kB
MemFree:         1486840 kB
MemAvailable:    1547700 kB
Buffers:           22840 kB
Cached:           166856 kB
MemTotal:        1844596 kB
MemFree:         1486484 kB
MemAvailable:    1547344 kB
Buffers:           22840 kB
Cached:           166856 kB
MemTotal:        1844596 kB
MemFree:         1485304 kB
MemAvailable:    1546164 kB
Buffers:           22840 kB
Cached:           166856 kB
MemTotal:        1844596 kB
MemFree:         1485436 kB
MemAvailable:    1546296 kB
Buffers:           22840 kB
Cached:           166856 kB
MemTotal:        1844596 kB
MemFree:         1486164 kB
MemAvailable:    1547024 kB
Buffers:           22840 kB
Cached:           166856 kB
MemTotal:        1844596 kB
MemFree:         1484748 kB
MemAvailable:    1545608 kB
Buffers:           22840 kB
Cached:           166856 kB
MemTotal:        1844596 kB
MemFree:         1485476 kB
MemAvailable:    1546336 kB
Buffers:           22840 kB
Cached:           166856 kB
MemTotal:        1844596 kB
MemFree:         1485812 kB
MemAvailable:    1546672 kB
Buffers:           22840 kB
Cached:           166856 kB
MemTotal:        1844596 kB
MemFree:         1484004 kB
MemAvailable:    1544864 kB
Buffers:           22840 kB
Cached:           166856 kB
MemTotal:        1844596 kB
MemFree:         1484948 kB
MemAvailable:    1545808 kB
Buffers:           22852 kB
Cached:           166844 kB
MemTotal:        1844596 kB
MemFree:         1483012 kB
MemAvailable:    1543872 kB
Buffers:           22852 kB
Cached:           166844 kB
MemTotal:        1844596 kB
MemFree:         1484128 kB
MemAvailable:    1544988 kB
Buffers:           22852 kB
Cached:           166844 kB
MemTotal:        1844596 kB
MemFree:         1482880 kB
MemAvailable:    1543740 kB
Buffers:           22852 kB
Cached:           166844 kB
MemTotal:        1844596 kB
MemFree:         1483748 kB
MemAvailable:    1544608 kB
Buffers:           22852 kB
Cached:           166844 kB
MemTotal:        1844596 kB
MemFree:         1483748 kB
MemAvailable:    1544608 kB
Buffers:           22852 kB
Cached:           166844 kB
MemTotal:        1844596 kB
MemFree:         1483624 kB
MemAvailable:    1544484 kB
Buffers:           22852 kB
Cached:           166844 kB
MemTotal:        1844596 kB
MemFree:         1483708 kB
MemAvailable:    1544568 kB
Buffers:           22852 kB
Cached:           166844 kB
MemTotal:        1844596 kB
MemFree:         1482376 kB
MemAvailable:    1543236 kB
Buffers:           22852 kB
Cached:           166844 kB
MemTotal:        1844596 kB
MemFree:         1483644 kB
MemAvailable:    1544504 kB
Buffers:           22852 kB
Cached:           166844 kB
MemTotal:        1844596 kB
MemFree:         1482392 kB
MemAvailable:    1543272 kB
Buffers:           22852 kB
Cached:           166864 kB
MemTotal:        1844596 kB
MemFree:         1482516 kB
MemAvailable:    1543396 kB
Buffers:           22852 kB
Cached:           166864 kB
MemTotal:        1844596 kB
MemFree:         1482268 kB
MemAvailable:    1543148 kB
Buffers:           22852 kB
Cached:           166864 kB
MemTotal:        1844596 kB
MemFree:         1481896 kB
MemAvailable:    1542776 kB
Buffers:           22852 kB
Cached:           166864 kB
MemTotal:        1844596 kB
MemFree:         1482012 kB
MemAvailable:    1542892 kB
Buffers:           22852 kB
Cached:           166864 kB
MemTotal:        1844596 kB
MemFree:         1478300 kB
MemAvailable:    1539180 kB
Buffers:           22852 kB
Cached:           166864 kB
MemTotal:        1844596 kB
MemFree:         1478360 kB
MemAvailable:    1539240 kB
Buffers:           22852 kB
Cached:           166864 kB
MemTotal:        1844596 kB
MemFree:         1477060 kB
MemAvailable:    1537940 kB
Buffers:           22852 kB
Cached:           166864 kB
MemTotal:        1844596 kB
MemFree:         1477748 kB
MemAvailable:    1538628 kB
Buffers:           22852 kB
Cached:           166864 kB
MemTotal:        1844596 kB
MemFree:         1478084 kB
MemAvailable:    1538964 kB
Buffers:           22852 kB
Cached:           166864 kB
MemTotal:        1844596 kB
MemFree:         1477796 kB
MemAvailable:    1538676 kB
Buffers:           22852 kB
Cached:           166864 kB
MemTotal:        1844596 kB
MemFree:         1477796 kB
MemAvailable:    1538676 kB
Buffers:           22852 kB
Cached:           166864 kB
MemTotal:        1844596 kB
MemFree:         1477600 kB
MemAvailable:    1538480 kB
Buffers:           22852 kB
Cached:           166864 kB
MemTotal:        1844596 kB
MemFree:         1476432 kB
MemAvailable:    1537312 kB
Buffers:           22852 kB
Cached:           166864 kB
MemTotal:        1844596 kB
MemFree:         1477560 kB
MemAvailable:    1538440 kB
Buffers:           22852 kB
Cached:           166864 kB
MemTotal:        1844596 kB
MemFree:         1476564 kB
MemAvailable:    1537444 kB
Buffers:           22852 kB
Cached:           166864 kB
MemTotal:        1844596 kB
MemFree:         1476672 kB
MemAvailable:    1537552 kB
Buffers:           22852 kB
Cached:           166864 kB
MemTotal:        1844596 kB
MemFree:         1476884 kB
MemAvailable:    1537764 kB
Buffers:           22852 kB
Cached:           166864 kB
MemTotal:        1844596 kB
MemFree:         1474564 kB
MemAvailable:    1535444 kB
Buffers:           22852 kB
Cached:           166864 kB
MemTotal:        1844596 kB
MemFree:         1474084 kB
MemAvailable:    1534964 kB
Buffers:           22852 kB
Cached:           166864 kB
MemTotal:        1844596 kB
MemFree:         1474568 kB
MemAvailable:    1535448 kB
Buffers:           22852 kB
Cached:           166864 kB
MemTotal:        1844596 kB
MemFree:         1473156 kB
MemAvailable:    1534036 kB
Buffers:           22852 kB
Cached:           166864 kB
MemTotal:        1844596 kB
MemFree:         1473192 kB
MemAvailable:    1534072 kB
Buffers:           22852 kB
Cached:           166864 kB
MemTotal:        1844596 kB
MemFree:         1474492 kB
MemAvailable:    1535372 kB
Buffers:           22852 kB
Cached:           166864 kB
MemTotal:        1844596 kB
MemFree:         1473316 kB
MemAvailable:    1534196 kB
Buffers:           22852 kB
Cached:           166864 kB
MemTotal:        1844596 kB
MemFree:         1475248 kB
MemAvailable:    1536128 kB
Buffers:           22852 kB
Cached:           166864 kB
MemTotal:        1844596 kB
MemFree:         1476416 kB
MemAvailable:    1537380 kB
Buffers:           22852 kB
Cached:           166988 kB
MemTotal:        1844596 kB
MemFree:         1476292 kB
MemAvailable:    1537340 kB
Buffers:           22852 kB
Cached:           167112 kB
MemTotal:        1844596 kB
MemFree:         1476372 kB
MemAvailable:    1537504 kB
Buffers:           22852 kB
Cached:           167236 kB
MemTotal:        1844596 kB
MemFree:         1474804 kB
MemAvailable:    1536020 kB
Buffers:           22852 kB
Cached:           167236 kB
MemTotal:        1844596 kB
MemFree:         1474812 kB
MemAvailable:    1536196 kB
Buffers:           22852 kB
Cached:           167360 kB
MemTotal:        1844596 kB
MemFree:         1476124 kB
MemAvailable:    1537592 kB
Buffers:           22852 kB
Cached:           167484 kB
MemTotal:        1844596 kB
MemFree:         1475084 kB
MemAvailable:    1536552 kB
Buffers:           22852 kB
Cached:           167484 kB
MemTotal:        1844596 kB
MemFree:         1475832 kB
MemAvailable:    1537300 kB
Buffers:           22852 kB
Cached:           167484 kB
MemTotal:        1844596 kB
MemFree:         1474568 kB
MemAvailable:    1536036 kB
Buffers:           22852 kB
Cached:           167484 kB
MemTotal:        1844596 kB
MemFree:         1474560 kB
MemAvailable:    1536028 kB
Buffers:           22852 kB
Cached:           167484 kB
MemTotal:        1844596 kB
MemFree:         1475636 kB
MemAvailable:    1537104 kB
Buffers:           22852 kB
Cached:           167484 kB
MemTotal:        1844596 kB
MemFree:         1475820 kB
MemAvailable:    1537288 kB
Buffers:           22852 kB
Cached:           167484 kB
MemTotal:        1844596 kB
MemFree:         1475632 kB
MemAvailable:    1537100 kB
Buffers:           22852 kB
Cached:           167484 kB
MemTotal:        1844596 kB
MemFree:         1476128 kB
MemAvailable:    1537008 kB
Buffers:           22852 kB
Cached:           166936 kB
MemTotal:        1844596 kB
MemFree:         1476300 kB
MemAvailable:    1537180 kB
Buffers:           22852 kB
Cached:           166936 kB
