MemTotal:        1844596 kB
MemFree:         1532216 kB
MemAvailable:    1581328 kB
Buffers:           21028 kB
Cached:           157932 kB
MemTotal:        1844596 kB
MemFree:         1532216 kB
MemAvailable:    1581328 kB
Buffers:           21028 kB
Cached:           157932 kB
MemTotal:        1844596 kB
MemFree:         1531364 kB
MemAvailable:    1580476 kB
Buffers:           21028 kB
Cached:           157932 kB
MemTotal:        1844596 kB
MemFree:         1529124 kB
MemAvailable:    1578236 kB
Buffers:           21028 kB
Cached:           157932 kB
MemTotal:        1844596 kB
MemFree:         1529132 kB
MemAvailable:    1578244 kB
Buffers:           21028 kB
Cached:           157932 kB
MemTotal:        1844596 kB
MemFree:         1527760 kB
MemAvailable:    1576872 kB
Buffers:           21028 kB
Cached:           157932 kB
MemTotal:        1844596 kB
MemFree:         1527952 kB
MemAvailable:    1577064 kB
Buffers:           21028 kB
Cached:           157932 kB
MemTotal:        1844596 kB
MemFree:         1526660 kB
MemAvailable:    1575772 kB
Buffers:           21028 kB
Cached:           157932 kB
MemTotal:        1844596 kB
MemFree:         1524784 kB
MemAvailable:    1573896 kB
Buffers:           21028 kB
Cached:           157932 kB
MemTotal:        1844596 kB
MemFree:         1523808 kB
MemAvailable:    1572920 kB
Buffers:           21028 kB
Cached:           157932 kB
MemTotal:        1844596 kB
MemFree:         1519436 kB
MemAvailable:    1568548 kB
Buffers:           21028 kB
Cached:           157932 kB
MemTotal:        1844596 kB
MemFree:         1519088 kB
MemAvailable:    1568200 kB
Buffers:           21028 kB
Cached:           157932 kB
MemTotal:        1844596 kB
MemFree:         1517812 kB
MemAvailable:    1566924 kB
Buffers:           21028 kB
Cached:           157932 kB
MemTotal:        1844596 kB
MemFree:         1519108 kB
MemAvailable:    1568220 kB
Buffers:           21028 kB
Cached:           157932 kB
MemTotal:        1844596 kB
MemFree:         1519148 kB
MemAvailable:    1568260 kB
Buffers:           21028 kB
Cached:           157932 kB
MemTotal:        1844596 kB
MemFree:         1518976 kB
MemAvailable:    1568088 kB
Buffers:           21028 kB
Cached:           157932 kB
MemTotal:        1844596 kB
MemFree:         1517924 kB
MemAvailable:    1567036 kB
Buffers:           21028 kB
Cached:           157932 kB
MemTotal:        1844596 kB
MemFree:         1518644 kB
MemAvailable:    1567756 kB
Buffers:           21028 kB
Cached:           157932 kB
MemTotal:        1844596 kB
MemFree:         1518896 kB
MemAvailable:    1568008 kB
Buffers:           21028 kB
Cached:           157932 kB
MemTotal:        1844596 kB
MemFree:         1516600 kB
MemAvailable:    1565712 kB
Buffers:           21028 kB
Cached:           157932 kB
MemTotal:        1844596 kB
MemFree:         1517272 kB
MemAvailable:    1566384 kB
Buffers:           21028 kB
Cached:           157932 kB
MemTotal:        1844596 kB
MemFree:         1515600 kB
MemAvailable:    1564712 kB
Buffers:           21028 kB
Cached:           157932 kB
MemTotal:        1844596 kB
MemFree:         1515600 kB
MemAvailable:    1564712 kB
Buffers:           21028 kB
Cached:           157932 kB
MemTotal:        1844596 kB
MemFree:         1515476 kB
MemAvailable:    1564588 kB
Buffers:           21028 kB
Cached:           157932 kB
MemTotal:        1844596 kB
MemFree:         1516724 kB
MemAvailable:    1565836 kB
Buffers:           21028 kB
Cached:           157932 kB
MemTotal:        1844596 kB
MemFree:         1515616 kB
MemAvailable:    1564728 kB
Buffers:           21028 kB
Cached:           157932 kB
MemTotal:        1844596 kB
MemFree:         1516692 kB
MemAvailable:    1565808 kB
Buffers:           21028 kB
Cached:           157936 kB
MemTotal:        1844596 kB
MemFree:         1516668 kB
MemAvailable:    1565784 kB
Buffers:           21028 kB
Cached:           157936 kB
MemTotal:        1844596 kB
MemFree:         1516796 kB
MemAvailable:    1565912 kB
Buffers:           21028 kB
Cached:           157936 kB
MemTotal:        1844596 kB
MemFree:         1517908 kB
MemAvailable:    1567024 kB
Buffers:           21028 kB
Cached:           157936 kB
MemTotal:        1844596 kB
MemFree:         1518032 kB
MemAvailable:    1567148 kB
Buffers:           21028 kB
Cached:           157936 kB
MemTotal:        1844596 kB
MemFree:         1517716 kB
MemAvailable:    1566832 kB
Buffers:           21028 kB
Cached:           157936 kB
MemTotal:        1844596 kB
MemFree:         1514352 kB
MemAvailable:    1563468 kB
Buffers:           21028 kB
Cached:           157936 kB
MemTotal:        1844596 kB
MemFree:         1513756 kB
MemAvailable:    1562872 kB
Buffers:           21028 kB
Cached:           157936 kB
MemTotal:        1844596 kB
MemFree:         1513996 kB
MemAvailable:    1563196 kB
Buffers:           21028 kB
Cached:           157940 kB
MemTotal:        1844596 kB
MemFree:         1514128 kB
MemAvailable:    1563328 kB
Buffers:           21028 kB
Cached:           157940 kB
MemTotal:        1844596 kB
MemFree:         1513376 kB
MemAvailable:    1562576 kB
Buffers:           21028 kB
Cached:           157940 kB
MemTotal:        1844596 kB
MemFree:         1513268 kB
MemAvailable:    1562468 kB
Buffers:           21028 kB
Cached:           157940 kB
MemTotal:        1844596 kB
MemFree:         1512692 kB
MemAvailable:    1561892 kB
Buffers:           21028 kB
Cached:           157940 kB
MemTotal:        1844596 kB
MemFree:         1511392 kB
MemAvailable:    1560592 kB
Buffers:           21028 kB
Cached:           157940 kB
MemTotal:        1844596 kB
MemFree:         1512624 kB
MemAvailable:    1561824 kB
Buffers:           21028 kB
Cached:           157940 kB
MemTotal:        1844596 kB
MemFree:         1511260 kB
MemAvailable:    1560460 kB
Buffers:           21028 kB
Cached:           157940 kB
MemTotal:        1844596 kB
MemFree:         1512496 kB
MemAvailable:    1561696 kB
Buffers:           21028 kB
Cached:           157940 kB
MemTotal:        1844596 kB
MemFree:         1512328 kB
MemAvailable:    1561528 kB
Buffers:           21028 kB
Cached:           157940 kB
MemTotal:        1844596 kB
MemFree:         1511204 kB
MemAvailable:    1560404 kB
Buffers:           21028 kB
Cached:           157940 kB
MemTotal:        1844596 kB
MemFree:         1511204 kB
MemAvailable:    1560404 kB
Buffers:           21028 kB
Cached:           157940 kB
MemTotal:        1844596 kB
MemFree:         1510656 kB
MemAvailable:    1559856 kB
Buffers:           21028 kB
Cached:           157940 kB
MemTotal:        1844596 kB
MemFree:         1511376 kB
MemAvailable:    1560576 kB
Buffers:           21028 kB
Cached:           157940 kB
MemTotal:        1844596 kB
MemFree:         1511376 kB
MemAvailable:    1560576 kB
Buffers:           21028 kB
Cached:           157940 kB
MemTotal:        1844596 kB
MemFree:         1509980 kB
MemAvailable:    1559180 kB
Buffers:           21028 kB
Cached:           157940 kB
MemTotal:        1844596 kB
MemFree:         1510396 kB
MemAvailable:    1559596 kB
Buffers:           21028 kB
Cached:           157940 kB
MemTotal:        1844596 kB
MemFree:         1510140 kB
MemAvailable:    1559340 kB
Buffers:           21028 kB
Cached:           157940 kB
MemTotal:        1844596 kB
MemFree:         1511524 kB
MemAvailable:    1560724 kB
Buffers:           21028 kB
Cached:           157940 kB
MemTotal:        1844596 kB
MemFree:         1510408 kB
MemAvailable:    1559608 kB
Buffers:           21028 kB
Cached:           157940 kB
MemTotal:        1844596 kB
MemFree:         1511256 kB
MemAvailable:    1560456 kB
Buffers:           21028 kB
Cached:           157940 kB
MemTotal:        1844596 kB
MemFree:         1510884 kB
MemAvailable:    1560084 kB
Buffers:           21028 kB
Cached:           157940 kB
MemTotal:        1844596 kB
MemFree:         1511460 kB
MemAvailable:    1560660 kB
Buffers:           21028 kB
Cached:           157940 kB
MemTotal:        1844596 kB
MemFree:         1510284 kB
MemAvailable:    1559484 kB
Buffers:           21028 kB
Cached:           157940 kB
MemTotal:        1844596 kB
MemFree:         1511476 kB
MemAvailable:    1560676 kB
Buffers:           21028 kB
Cached:           157940 kB
MemTotal:        1844596 kB
MemFree:         1511088 kB
MemAvailable:    1560288 kB
Buffers:           21028 kB
Cached:           157940 kB
MemTotal:        1844596 kB
MemFree:         1510532 kB
MemAvailable:    1559732 kB
Buffers:           21028 kB
Cached:           157940 kB
MemTotal:        1844596 kB
MemFree:         1510848 kB
MemAvailable:    1560048 kB
Buffers:           21028 kB
Cached:           157940 kB
MemTotal:        1844596 kB
MemFree:         1509476 kB
MemAvailable:    1558676 kB
Buffers:           21028 kB
Cached:           157940 kB
MemTotal:        1844596 kB
MemFree:         1510520 kB
MemAvailable:    1559720 kB
Buffers:           21028 kB
Cached:           157940 kB
MemTotal:        1844596 kB
MemFree:         1509248 kB
MemAvailable:    1558448 kB
Buffers:           21028 kB
Cached:           157940 kB
MemTotal:        1844596 kB
MemFree:         1510552 kB
MemAvailable:    1559752 kB
Buffers:           21028 kB
Cached:           157940 kB
MemTotal:        1844596 kB
MemFree:         1510760 kB
MemAvailable:    1559960 kB
Buffers:           21028 kB
Cached:           157940 kB
MemTotal:        1844596 kB
MemFree:         1510656 kB
MemAvailable:    1559856 kB
Buffers:           21028 kB
Cached:           157940 kB
MemTotal:        1844596 kB
MemFree:         1510540 kB
MemAvailable:    1559740 kB
Buffers:           21028 kB
Cached:           157940 kB
MemTotal:        1844596 kB
MemFree:         1509240 kB
MemAvailable:    1558440 kB
Buffers:           21028 kB
Cached:           157940 kB
MemTotal:        1844596 kB
MemFree:         1509240 kB
MemAvailable:    1558440 kB
Buffers:           21028 kB
Cached:           157940 kB
MemTotal:        1844596 kB
MemFree:         1510348 kB
MemAvailable:    1559548 kB
Buffers:           21028 kB
Cached:           157940 kB
MemTotal:        1844596 kB
MemFree:         1509656 kB
MemAvailable:    1558856 kB
Buffers:           21028 kB
Cached:           157940 kB
MemTotal:        1844596 kB
MemFree:         1509044 kB
MemAvailable:    1558244 kB
Buffers:           21028 kB
Cached:           157940 kB
MemTotal:        1844596 kB
MemFree:         1508360 kB
MemAvailable:    1557560 kB
Buffers:           21028 kB
Cached:           157940 kB
MemTotal:        1844596 kB
MemFree:         1506440 kB
MemAvailable:    1555640 kB
Buffers:           21028 kB
Cached:           157940 kB
MemTotal:        1844596 kB
MemFree:         1505056 kB
MemAvailable:    1554256 kB
Buffers:           21028 kB
Cached:           157940 kB
MemTotal:        1844596 kB
MemFree:         1503216 kB
MemAvailable:    1552416 kB
Buffers:           21028 kB
Cached:           157940 kB
MemTotal:        1844596 kB
MemFree:         1502904 kB
MemAvailable:    1552104 kB
Buffers:           21028 kB
Cached:           157940 kB
MemTotal:        1844596 kB
MemFree:         1502784 kB
MemAvailable:    1551984 kB
Buffers:           21028 kB
Cached:           157940 kB
MemTotal:        1844596 kB
MemFree:         1501176 kB
MemAvailable:    1550376 kB
Buffers:           21028 kB
Cached:           157940 kB
MemTotal:        1844596 kB
MemFree:         1502588 kB
MemAvailable:    1551788 kB
Buffers:           21028 kB
Cached:           157940 kB
MemTotal:        1844596 kB
MemFree:         1501720 kB
MemAvailable:    1550920 kB
Buffers:           21028 kB
Cached:           157940 kB
MemTotal:        1844596 kB
MemFree:         1501348 kB
MemAvailable:    1550552 kB
Buffers:           21028 kB
Cached:           157944 kB
MemTotal:        1844596 kB
MemFree:         1502712 kB
MemAvailable:    1551916 kB
Buffers:           21028 kB
Cached:           157944 kB
MemTotal:        1844596 kB
MemFree:         1502408 kB
MemAvailable:    1551612 kB
Buffers:           21028 kB
Cached:           157944 kB
MemTotal:        1844596 kB
MemFree:         1502472 kB
MemAvailable:    1551676 kB
Buffers:           21028 kB
Cached:           157944 kB
MemTotal:        1844596 kB
MemFree:         1502644 kB
MemAvailable:    1551848 kB
Buffers:           21028 kB
Cached:           157944 kB
MemTotal:        1844596 kB
MemFree:         1501296 kB
MemAvailable:    1550500 kB
Buffers:           21028 kB
Cached:           157944 kB
MemTotal:        1844596 kB
MemFree:         1502592 kB
MemAvailable:    1551796 kB
Buffers:           21028 kB
Cached:           157944 kB
MemTotal:        1844596 kB
MemFree:         1502672 kB
MemAvailable:    1551876 kB
Buffers:           21028 kB
Cached:           157944 kB
MemTotal:        1844596 kB
MemFree:         1501852 kB
MemAvailable:    1551056 kB
Buffers:           21028 kB
Cached:           157944 kB
MemTotal:        1844596 kB
MemFree:         1502484 kB
MemAvailable:    1551688 kB
Buffers:           21028 kB
Cached:           157944 kB
MemTotal:        1844596 kB
MemFree:         1501356 kB
MemAvailable:    1550560 kB
Buffers:           21028 kB
Cached:           157944 kB
MemTotal:        1844596 kB
MemFree:         1502036 kB
MemAvailable:    1551240 kB
Buffers:           21028 kB
Cached:           157944 kB
MemTotal:        1844596 kB
MemFree:         1500604 kB
MemAvailable:    1549808 kB
Buffers:           21028 kB
Cached:           157944 kB
MemTotal:        1844596 kB
MemFree:         1501540 kB
MemAvailable:    1550744 kB
Buffers:           21028 kB
Cached:           157944 kB
MemTotal:        1844596 kB
MemFree:         1500976 kB
MemAvailable:    1550180 kB
Buffers:           21028 kB
Cached:           157944 kB
MemTotal:        1844596 kB
MemFree:         1500868 kB
MemAvailable:    1550072 kB
Buffers:           21028 kB
Cached:           157944 kB
MemTotal:        1844596 kB
MemFree:         1499488 kB
MemAvailable:    1548692 kB
Buffers:           21028 kB
Cached:           157944 kB
MemTotal:        1844596 kB
MemFree:         1500780 kB
MemAvailable:    1549984 kB
Buffers:           21028 kB
Cached:           157944 kB
MemTotal:        1844596 kB
MemFree:         1499604 kB
MemAvailable:    1548808 kB
Buffers:           21028 kB
Cached:           157944 kB
MemTotal:        1844596 kB
MemFree:         1499688 kB
MemAvailable:    1548892 kB
Buffers:           21028 kB
Cached:           157944 kB
MemTotal:        1844596 kB
MemFree:         1499492 kB
MemAvailable:    1548696 kB
Buffers:           21028 kB
Cached:           157944 kB
MemTotal:        1844596 kB
MemFree:         1499184 kB
MemAvailable:    1548392 kB
Buffers:           21028 kB
Cached:           157948 kB
MemTotal:        1844596 kB
MemFree:         1498000 kB
MemAvailable:    1547208 kB
Buffers:           21028 kB
Cached:           157948 kB
MemTotal:        1844596 kB
MemFree:         1499108 kB
MemAvailable:    1548316 kB
Buffers:           21028 kB
Cached:           157948 kB
MemTotal:        1844596 kB
MemFree:         1498264 kB
MemAvailable:    1547472 kB
Buffers:           21028 kB
Cached:           157948 kB
MemTotal:        1844596 kB
MemFree:         1499168 kB
MemAvailable:    1548376 kB
Buffers:           21028 kB
Cached:           157948 kB
MemTotal:        1844596 kB
MemFree:         1497628 kB
MemAvailable:    1546836 kB
Buffers:           21028 kB
Cached:           157948 kB
MemTotal:        1844596 kB
MemFree:         1498928 kB
MemAvailable:    1548136 kB
Buffers:           21028 kB
Cached:           157948 kB
MemTotal:        1844596 kB
MemFree:         1498472 kB
MemAvailable:    1547680 kB
Buffers:           21028 kB
Cached:           157948 kB
MemTotal:        1844596 kB
MemFree:         1498472 kB
MemAvailable:    1547680 kB
Buffers:           21028 kB
Cached:           157948 kB
MemTotal:        1844596 kB
MemFree:         1498668 kB
MemAvailable:    1547876 kB
Buffers:           21028 kB
Cached:           157948 kB
MemTotal:        1844596 kB
MemFree:         1497368 kB
MemAvailable:    1546576 kB
Buffers:           21028 kB
Cached:           157948 kB
MemTotal:        1844596 kB
MemFree:         1497452 kB
MemAvailable:    1546660 kB
Buffers:           21028 kB
Cached:           157948 kB
MemTotal:        1844596 kB
MemFree:         1498308 kB
MemAvailable:    1547516 kB
Buffers:           21028 kB
Cached:           157948 kB
MemTotal:        1844596 kB
MemFree:         1497636 kB
MemAvailable:    1546844 kB
Buffers:           21028 kB
Cached:           157948 kB
MemTotal:        1844596 kB
MemFree:         1493528 kB
MemAvailable:    1542736 kB
Buffers:           21028 kB
Cached:           157948 kB
MemTotal:        1844596 kB
MemFree:         1493420 kB
MemAvailable:    1542628 kB
Buffers:           21028 kB
Cached:           157948 kB
MemTotal:        1844596 kB
MemFree:         1491488 kB
MemAvailable:    1540696 kB
Buffers:           21028 kB
Cached:           157948 kB
MemTotal:        1844596 kB
MemFree:         1491532 kB
MemAvailable:    1540740 kB
Buffers:           21028 kB
Cached:           157948 kB
MemTotal:        1844596 kB
MemFree:         1492908 kB
MemAvailable:    1542116 kB
Buffers:           21028 kB
Cached:           157948 kB
MemTotal:        1844596 kB
MemFree:         1492056 kB
MemAvailable:    1541264 kB
Buffers:           21028 kB
Cached:           157948 kB
MemTotal:        1844596 kB
MemFree:         1492744 kB
MemAvailable:    1541952 kB
Buffers:           21028 kB
Cached:           157948 kB
MemTotal:        1844596 kB
MemFree:         1492680 kB
MemAvailable:    1541888 kB
Buffers:           21028 kB
Cached:           157948 kB
MemTotal:        1844596 kB
MemFree:         1492516 kB
MemAvailable:    1541724 kB
Buffers:           21028 kB
Cached:           157948 kB
MemTotal:        1844596 kB
MemFree:         1492600 kB
MemAvailable:    1541808 kB
Buffers:           21028 kB
Cached:           157948 kB
MemTotal:        1844596 kB
MemFree:         1492520 kB
MemAvailable:    1541728 kB
Buffers:           21028 kB
Cached:           157948 kB
MemTotal:        1844596 kB
MemFree:         1490684 kB
MemAvailable:    1539892 kB
Buffers:           21028 kB
Cached:           157948 kB
MemTotal:        1844596 kB
MemFree:         1489816 kB
MemAvailable:    1539024 kB
Buffers:           21028 kB
Cached:           157948 kB
MemTotal:        1844596 kB
MemFree:         1490072 kB
MemAvailable:    1539280 kB
Buffers:           21028 kB
Cached:           157948 kB
MemTotal:        1844596 kB
MemFree:         1489552 kB
MemAvailable:    1538760 kB
Buffers:           21028 kB
Cached:           157948 kB
MemTotal:        1844596 kB
MemFree:         1488148 kB
MemAvailable:    1537356 kB
Buffers:           21028 kB
Cached:           157948 kB
MemTotal:        1844596 kB
MemFree:         1489556 kB
MemAvailable:    1538764 kB
Buffers:           21028 kB
Cached:           157948 kB
MemTotal:        1844596 kB
MemFree:         1488184 kB
MemAvailable:    1537392 kB
Buffers:           21028 kB
Cached:           157948 kB
MemTotal:        1844596 kB
MemFree:         1490408 kB
MemAvailable:    1539616 kB
Buffers:           21028 kB
Cached:           157948 kB
MemTotal:        1844596 kB
MemFree:         1491256 kB
MemAvailable:    1540548 kB
Buffers:           21028 kB
Cached:           158072 kB
MemTotal:        1844596 kB
MemFree:         1490884 kB
MemAvailable:    1540176 kB
Buffers:           21028 kB
Cached:           158072 kB
MemTotal:        1844596 kB
MemFree:         1491488 kB
MemAvailable:    1540868 kB
Buffers:           21028 kB
Cached:           158200 kB
MemTotal:        1844596 kB
MemFree:         1490320 kB
MemAvailable:    1539784 kB
Buffers:           21028 kB
Cached:           158200 kB
MemTotal:        1844596 kB
MemFree:         1490876 kB
MemAvailable:    1540508 kB
Buffers:           21028 kB
Cached:           158324 kB
MemTotal:        1844596 kB
MemFree:         1490876 kB
MemAvailable:    1540508 kB
Buffers:           21028 kB
Cached:           158324 kB
MemTotal:        1844596 kB
MemFree:         1490668 kB
MemAvailable:    1540468 kB
Buffers:           21028 kB
Cached:           158448 kB
MemTotal:        1844596 kB
MemFree:         1491004 kB
MemAvailable:    1540804 kB
Buffers:           21028 kB
Cached:           158448 kB
MemTotal:        1844596 kB
MemFree:         1489676 kB
MemAvailable:    1539476 kB
Buffers:           21028 kB
Cached:           158572 kB
MemTotal:        1844596 kB
MemFree:         1490752 kB
MemAvailable:    1540552 kB
Buffers:           21028 kB
Cached:           158572 kB
MemTotal:        1844596 kB
MemFree:         1490624 kB
MemAvailable:    1540424 kB
Buffers:           21028 kB
Cached:           158572 kB
MemTotal:        1844596 kB
MemFree:         1490624 kB
MemAvailable:    1540424 kB
Buffers:           21028 kB
Cached:           158572 kB
MemTotal:        1844596 kB
MemFree:         1490804 kB
MemAvailable:    1540604 kB
Buffers:           21028 kB
Cached:           158572 kB
MemTotal:        1844596 kB
MemFree:         1490636 kB
MemAvailable:    1540436 kB
Buffers:           21028 kB
Cached:           158572 kB
MemTotal:        1844596 kB
MemFree:         1490888 kB
MemAvailable:    1540688 kB
Buffers:           21028 kB
Cached:           158572 kB
MemTotal:        1844596 kB
MemFree:         1489736 kB
MemAvailable:    1538948 kB
Buffers:           21028 kB
Cached:           158024 kB
MemTotal:        1844596 kB
MemFree:         1559660 kB
MemAvailable:    1608872 kB
Buffers:           21028 kB
Cached:           158024 kB
