MemTotal:        1844596 kB
MemFree:         1545796 kB
MemAvailable:    1584924 kB
Buffers:           19592 kB
Cached:           147808 kB
MemTotal:        1844596 kB
MemFree:         1543240 kB
MemAvailable:    1582368 kB
Buffers:           19592 kB
Cached:           147808 kB
MemTotal:        1844596 kB
MemFree:         1542388 kB
MemAvailable:    1581516 kB
Buffers:           19592 kB
Cached:           147808 kB
MemTotal:        1844596 kB
MemFree:         1542008 kB
MemAvailable:    1581136 kB
Buffers:           19592 kB
Cached:           147808 kB
MemTotal:        1844596 kB
MemFree:         1542024 kB
MemAvailable:    1581152 kB
Buffers:           19592 kB
Cached:           147808 kB
MemTotal:        1844596 kB
MemFree:         1542008 kB
MemAvailable:    1581136 kB
Buffers:           19592 kB
Cached:           147808 kB
MemTotal:        1844596 kB
MemFree:         1542008 kB
MemAvailable:    1581136 kB
Buffers:           19592 kB
Cached:           147808 kB
MemTotal:        1844596 kB
MemFree:         1538528 kB
MemAvailable:    1577656 kB
Buffers:           19592 kB
Cached:           147808 kB
MemTotal:        1844596 kB
MemFree:         1536808 kB
MemAvailable:    1575936 kB
Buffers:           19592 kB
Cached:           147808 kB
MemTotal:        1844596 kB
MemFree:         1534700 kB
MemAvailable:    1573828 kB
Buffers:           19592 kB
Cached:           147808 kB
MemTotal:        1844596 kB
MemFree:         1530980 kB
MemAvailable:    1570108 kB
Buffers:           19592 kB
Cached:           147808 kB
MemTotal:        1844596 kB
MemFree:         1532200 kB
MemAvailable:    1571328 kB
Buffers:           19592 kB
Cached:           147808 kB
MemTotal:        1844596 kB
MemFree:         1531064 kB
MemAvailable:    1570192 kB
Buffers:           19592 kB
Cached:           147808 kB
MemTotal:        1844596 kB
MemFree:         1532040 kB
MemAvailable:    1571168 kB
Buffers:           19592 kB
Cached:           147808 kB
MemTotal:        1844596 kB
MemFree:         1532296 kB
MemAvailable:    1571424 kB
Buffers:           19592 kB
Cached:           147808 kB
MemTotal:        1844596 kB
MemFree:         1531900 kB
MemAvailable:    1571028 kB
Buffers:           19592 kB
Cached:           147808 kB
MemTotal:        1844596 kB
MemFree:         1532152 kB
MemAvailable:    1571280 kB
Buffers:           19592 kB
Cached:           147808 kB
MemTotal:        1844596 kB
MemFree:         1530676 kB
MemAvailable:    1569804 kB
Buffers:           19592 kB
Cached:           147808 kB
MemTotal:        1844596 kB
MemFree:         1529988 kB
MemAvailable:    1569116 kB
Buffers:           19592 kB
Cached:           147808 kB
MemTotal:        1844596 kB
MemFree:         1529484 kB
MemAvailable:    1568612 kB
Buffers:           19592 kB
Cached:           147808 kB
MemTotal:        1844596 kB
MemFree:         1528748 kB
MemAvailable:    1567876 kB
Buffers:           19592 kB
Cached:           147808 kB
MemTotal:        1844596 kB
MemFree:         1529980 kB
MemAvailable:    1569108 kB
Buffers:           19592 kB
Cached:           147808 kB
MemTotal:        1844596 kB
MemFree:         1529592 kB
MemAvailable:    1568720 kB
Buffers:           19592 kB
Cached:           147808 kB
MemTotal:        1844596 kB
MemFree:         1529592 kB
MemAvailable:    1568720 kB
Buffers:           19592 kB
Cached:           147808 kB
MemTotal:        1844596 kB
MemFree:         1529780 kB
MemAvailable:    1568908 kB
Buffers:           19592 kB
Cached:           147808 kB
MemTotal:        1844596 kB
MemFree:         1528564 kB
MemAvailable:    1567692 kB
Buffers:           19592 kB
Cached:           147808 kB
MemTotal:        1844596 kB
MemFree:         1528688 kB
MemAvailable:    1567816 kB
Buffers:           19592 kB
Cached:           147808 kB
MemTotal:        1844596 kB
MemFree:         1529540 kB
MemAvailable:    1568668 kB
Buffers:           19592 kB
Cached:           147808 kB
MemTotal:        1844596 kB
MemFree:         1529792 kB
MemAvailable:    1568920 kB
Buffers:           19592 kB
Cached:           147808 kB
MemTotal:        1844596 kB
MemFree:         1530980 kB
MemAvailable:    1570108 kB
Buffers:           19592 kB
Cached:           147808 kB
MemTotal:        1844596 kB
MemFree:         1530608 kB
MemAvailable:    1569736 kB
Buffers:           19592 kB
Cached:           147808 kB
MemTotal:        1844596 kB
MemFree:         1529244 kB
MemAvailable:    1568372 kB
Buffers:           19592 kB
Cached:           147808 kB
MemTotal:        1844596 kB
MemFree:         1528252 kB
MemAvailable:    1567388 kB
Buffers:           19592 kB
Cached:           147816 kB
MemTotal:        1844596 kB
MemFree:         1526516 kB
MemAvailable:    1565652 kB
Buffers:           19592 kB
Cached:           147816 kB
MemTotal:        1844596 kB
MemFree:         1527132 kB
MemAvailable:    1566268 kB
Buffers:           19592 kB
Cached:           147816 kB
MemTotal:        1844596 kB
MemFree:         1525896 kB
MemAvailable:    1565032 kB
Buffers:           19592 kB
Cached:           147816 kB
MemTotal:        1844596 kB
MemFree:         1526500 kB
MemAvailable:    1565636 kB
Buffers:           19592 kB
Cached:           147816 kB
MemTotal:        1844596 kB
MemFree:         1526392 kB
MemAvailable:    1565528 kB
Buffers:           19592 kB
Cached:           147816 kB
MemTotal:        1844596 kB
MemFree:         1525632 kB
MemAvailable:    1564768 kB
Buffers:           19592 kB
Cached:           147816 kB
MemTotal:        1844596 kB
MemFree:         1525632 kB
MemAvailable:    1564768 kB
Buffers:           19592 kB
Cached:           147816 kB
MemTotal:        1844596 kB
MemFree:         1525636 kB
MemAvailable:    1564772 kB
Buffers:           19592 kB
Cached:           147816 kB
MemTotal:        1844596 kB
MemFree:         1524224 kB
MemAvailable:    1563360 kB
Buffers:           19592 kB
Cached:           147816 kB
MemTotal:        1844596 kB
MemFree:         1525588 kB
MemAvailable:    1564724 kB
Buffers:           19592 kB
Cached:           147816 kB
MemTotal:        1844596 kB
MemFree:         1525360 kB
MemAvailable:    1564496 kB
Buffers:           19592 kB
Cached:           147816 kB
MemTotal:        1844596 kB
MemFree:         1525360 kB
MemAvailable:    1564496 kB
Buffers:           19592 kB
Cached:           147816 kB
MemTotal:        1844596 kB
MemFree:         1525396 kB
MemAvailable:    1564532 kB
Buffers:           19604 kB
Cached:           147804 kB
MemTotal:        1844596 kB
MemFree:         1525272 kB
MemAvailable:    1564408 kB
Buffers:           19604 kB
Cached:           147804 kB
MemTotal:        1844596 kB
MemFree:         1523664 kB
MemAvailable:    1562800 kB
Buffers:           19604 kB
Cached:           147804 kB
MemTotal:        1844596 kB
MemFree:         1524648 kB
MemAvailable:    1563784 kB
Buffers:           19604 kB
Cached:           147804 kB
MemTotal:        1844596 kB
MemFree:         1523236 kB
MemAvailable:    1562372 kB
Buffers:           19604 kB
Cached:           147804 kB
MemTotal:        1844596 kB
MemFree:         1524504 kB
MemAvailable:    1563640 kB
Buffers:           19604 kB
Cached:           147804 kB
MemTotal:        1844596 kB
MemFree:         1524504 kB
MemAvailable:    1563640 kB
Buffers:           19604 kB
Cached:           147804 kB
MemTotal:        1844596 kB
MemFree:         1524504 kB
MemAvailable:    1563640 kB
Buffers:           19604 kB
Cached:           147804 kB
MemTotal:        1844596 kB
MemFree:         1524588 kB
MemAvailable:    1563724 kB
Buffers:           19604 kB
Cached:           147804 kB
MemTotal:        1844596 kB
MemFree:         1524380 kB
MemAvailable:    1563516 kB
Buffers:           19604 kB
Cached:           147804 kB
MemTotal:        1844596 kB
MemFree:         1524716 kB
MemAvailable:    1563852 kB
Buffers:           19604 kB
Cached:           147804 kB
MemTotal:        1844596 kB
MemFree:         1524332 kB
MemAvailable:    1563468 kB
Buffers:           19604 kB
Cached:           147804 kB
MemTotal:        1844596 kB
MemFree:         1524476 kB
MemAvailable:    1563612 kB
Buffers:           19604 kB
Cached:           147804 kB
MemTotal:        1844596 kB
MemFree:         1524712 kB
MemAvailable:    1563848 kB
Buffers:           19604 kB
Cached:           147804 kB
MemTotal:        1844596 kB
MemFree:         1523284 kB
MemAvailable:    1562420 kB
Buffers:           19604 kB
Cached:           147804 kB
MemTotal:        1844596 kB
MemFree:         1524260 kB
MemAvailable:    1563396 kB
Buffers:           19604 kB
Cached:           147804 kB
MemTotal:        1844596 kB
MemFree:         1524344 kB
MemAvailable:    1563480 kB
Buffers:           19604 kB
Cached:           147804 kB
MemTotal:        1844596 kB
MemFree:         1523880 kB
MemAvailable:    1563016 kB
Buffers:           19604 kB
Cached:           147804 kB
MemTotal:        1844596 kB
MemFree:         1523964 kB
MemAvailable:    1563100 kB
Buffers:           19604 kB
Cached:           147804 kB
MemTotal:        1844596 kB
MemFree:         1523716 kB
MemAvailable:    1562852 kB
Buffers:           19604 kB
Cached:           147804 kB
MemTotal:        1844596 kB
MemFree:         1522416 kB
MemAvailable:    1561552 kB
Buffers:           19604 kB
Cached:           147804 kB
MemTotal:        1844596 kB
MemFree:         1523708 kB
MemAvailable:    1562844 kB
Buffers:           19604 kB
Cached:           147804 kB
MemTotal:        1844596 kB
MemFree:         1522532 kB
MemAvailable:    1561668 kB
Buffers:           19604 kB
Cached:           147804 kB
MemTotal:        1844596 kB
MemFree:         1523708 kB
MemAvailable:    1562844 kB
Buffers:           19604 kB
Cached:           147804 kB
MemTotal:        1844596 kB
MemFree:         1522360 kB
MemAvailable:    1561496 kB
Buffers:           19604 kB
Cached:           147804 kB
MemTotal:        1844596 kB
MemFree:         1522528 kB
MemAvailable:    1561664 kB
Buffers:           19604 kB
Cached:           147804 kB
MemTotal:        1844596 kB
MemFree:         1523532 kB
MemAvailable:    1562668 kB
Buffers:           19604 kB
Cached:           147804 kB
MemTotal:        1844596 kB
MemFree:         1522672 kB
MemAvailable:    1561808 kB
Buffers:           19604 kB
Cached:           147804 kB
MemTotal:        1844596 kB
MemFree:         1523468 kB
MemAvailable:    1562608 kB
Buffers:           19604 kB
Cached:           147808 kB
MemTotal:        1844596 kB
MemFree:         1521680 kB
MemAvailable:    1560820 kB
Buffers:           19604 kB
Cached:           147808 kB
MemTotal:        1844596 kB
MemFree:         1519192 kB
MemAvailable:    1558332 kB
Buffers:           19604 kB
Cached:           147808 kB
MemTotal:        1844596 kB
MemFree:         1518448 kB
MemAvailable:    1557588 kB
Buffers:           19604 kB
Cached:           147808 kB
MemTotal:        1844596 kB
MemFree:         1517392 kB
MemAvailable:    1556544 kB
Buffers:           19604 kB
Cached:           147820 kB
MemTotal:        1844596 kB
MemFree:         1515108 kB
MemAvailable:    1554260 kB
Buffers:           19604 kB
Cached:           147820 kB
MemTotal:        1844596 kB
MemFree:         1515100 kB
MemAvailable:    1554252 kB
Buffers:           19604 kB
Cached:           147820 kB
MemTotal:        1844596 kB
MemFree:         1515844 kB
MemAvailable:    1554996 kB
Buffers:           19604 kB
Cached:           147820 kB
MemTotal:        1844596 kB
MemFree:         1515596 kB
MemAvailable:    1554748 kB
Buffers:           19604 kB
Cached:           147820 kB
MemTotal:        1844596 kB
MemFree:         1515340 kB
MemAvailable:    1554492 kB
Buffers:           19604 kB
Cached:           147820 kB
MemTotal:        1844596 kB
MemFree:         1515676 kB
MemAvailable:    1554828 kB
Buffers:           19604 kB
Cached:           147820 kB
MemTotal:        1844596 kB
MemFree:         1515464 kB
MemAvailable:    1554616 kB
Buffers:           19604 kB
Cached:           147820 kB
MemTotal:        1844596 kB
MemFree:         1515464 kB
MemAvailable:    1554616 kB
Buffers:           19604 kB
Cached:           147820 kB
MemTotal:        1844596 kB
MemFree:         1515576 kB
MemAvailable:    1554728 kB
Buffers:           19604 kB
Cached:           147820 kB
MemTotal:        1844596 kB
MemFree:         1515828 kB
MemAvailable:    1554980 kB
Buffers:           19604 kB
Cached:           147820 kB
MemTotal:        1844596 kB
MemFree:         1515464 kB
MemAvailable:    1554616 kB
Buffers:           19604 kB
Cached:           147820 kB
MemTotal:        1844596 kB
MemFree:         1514476 kB
MemAvailable:    1553628 kB
Buffers:           19604 kB
Cached:           147820 kB
MemTotal:        1844596 kB
MemFree:         1514296 kB
MemAvailable:    1553448 kB
Buffers:           19604 kB
Cached:           147820 kB
MemTotal:        1844596 kB
MemFree:         1514296 kB
MemAvailable:    1553448 kB
Buffers:           19604 kB
Cached:           147820 kB
MemTotal:        1844596 kB
MemFree:         1514464 kB
MemAvailable:    1553616 kB
Buffers:           19604 kB
Cached:           147820 kB
MemTotal:        1844596 kB
MemFree:         1514116 kB
MemAvailable:    1553268 kB
Buffers:           19604 kB
Cached:           147820 kB
MemTotal:        1844596 kB
MemFree:         1515232 kB
MemAvailable:    1554384 kB
Buffers:           19604 kB
Cached:           147820 kB
MemTotal:        1844596 kB
MemFree:         1513984 kB
MemAvailable:    1553136 kB
Buffers:           19604 kB
Cached:           147820 kB
MemTotal:        1844596 kB
MemFree:         1514672 kB
MemAvailable:    1553824 kB
Buffers:           19604 kB
Cached:           147820 kB
MemTotal:        1844596 kB
MemFree:         1514108 kB
MemAvailable:    1553260 kB
Buffers:           19604 kB
Cached:           147820 kB
MemTotal:        1844596 kB
MemFree:         1512876 kB
MemAvailable:    1552028 kB
Buffers:           19604 kB
Cached:           147820 kB
MemTotal:        1844596 kB
MemFree:         1512480 kB
MemAvailable:    1551632 kB
Buffers:           19604 kB
Cached:           147820 kB
MemTotal:        1844596 kB
MemFree:         1512356 kB
MemAvailable:    1551508 kB
Buffers:           19604 kB
Cached:           147820 kB
MemTotal:        1844596 kB
MemFree:         1512572 kB
MemAvailable:    1551724 kB
Buffers:           19604 kB
Cached:           147820 kB
MemTotal:        1844596 kB
MemFree:         1512572 kB
MemAvailable:    1551724 kB
Buffers:           19604 kB
Cached:           147820 kB
MemTotal:        1844596 kB
MemFree:         1511264 kB
MemAvailable:    1550416 kB
Buffers:           19604 kB
Cached:           147820 kB
MemTotal:        1844596 kB
MemFree:         1512548 kB
MemAvailable:    1551700 kB
Buffers:           19604 kB
Cached:           147820 kB
MemTotal:        1844596 kB
MemFree:         1512248 kB
MemAvailable:    1551400 kB
Buffers:           19604 kB
Cached:           147820 kB
MemTotal:        1844596 kB
MemFree:         1512048 kB
MemAvailable:    1551200 kB
Buffers:           19604 kB
Cached:           147820 kB
MemTotal:        1844596 kB
MemFree:         1510736 kB
MemAvailable:    1549888 kB
Buffers:           19604 kB
Cached:           147820 kB
MemTotal:        1844596 kB
MemFree:         1511904 kB
MemAvailable:    1551056 kB
Buffers:           19604 kB
Cached:           147820 kB
MemTotal:        1844596 kB
MemFree:         1511964 kB
MemAvailable:    1551116 kB
Buffers:           19604 kB
Cached:           147820 kB
MemTotal:        1844596 kB
MemFree:         1510460 kB
MemAvailable:    1549616 kB
Buffers:           19604 kB
Cached:           147824 kB
MemTotal:        1844596 kB
MemFree:         1511768 kB
MemAvailable:    1550924 kB
Buffers:           19604 kB
Cached:           147824 kB
MemTotal:        1844596 kB
MemFree:         1511680 kB
MemAvailable:    1550836 kB
Buffers:           19604 kB
Cached:           147824 kB
MemTotal:        1844596 kB
MemFree:         1511800 kB
MemAvailable:    1550956 kB
Buffers:           19604 kB
Cached:           147824 kB
MemTotal:        1844596 kB
MemFree:         1511016 kB
MemAvailable:    1550172 kB
Buffers:           19604 kB
Cached:           147824 kB
MemTotal:        1844596 kB
MemFree:         1511908 kB
MemAvailable:    1551064 kB
Buffers:           19604 kB
Cached:           147824 kB
MemTotal:        1844596 kB
MemFree:         1511636 kB
MemAvailable:    1550792 kB
Buffers:           19604 kB
Cached:           147824 kB
MemTotal:        1844596 kB
MemFree:         1511380 kB
MemAvailable:    1550536 kB
Buffers:           19604 kB
Cached:           147824 kB
MemTotal:        1844596 kB
MemFree:         1509464 kB
MemAvailable:    1548620 kB
Buffers:           19604 kB
Cached:           147824 kB
MemTotal:        1844596 kB
MemFree:         1506296 kB
MemAvailable:    1545452 kB
Buffers:           19604 kB
Cached:           147824 kB
MemTotal:        1844596 kB
MemFree:         1505816 kB
MemAvailable:    1544972 kB
Buffers:           19604 kB
Cached:           147824 kB
MemTotal:        1844596 kB
MemFree:         1505868 kB
MemAvailable:    1545024 kB
Buffers:           19604 kB
Cached:           147824 kB
MemTotal:        1844596 kB
MemFree:         1506120 kB
MemAvailable:    1545276 kB
Buffers:           19604 kB
Cached:           147824 kB
MemTotal:        1844596 kB
MemFree:         1505744 kB
MemAvailable:    1544900 kB
Buffers:           19604 kB
Cached:           147824 kB
MemTotal:        1844596 kB
MemFree:         1506000 kB
MemAvailable:    1545156 kB
Buffers:           19604 kB
Cached:           147824 kB
MemTotal:        1844596 kB
MemFree:         1505804 kB
MemAvailable:    1544960 kB
Buffers:           19604 kB
Cached:           147824 kB
MemTotal:        1844596 kB
MemFree:         1504436 kB
MemAvailable:    1543592 kB
Buffers:           19604 kB
Cached:           147824 kB
MemTotal:        1844596 kB
MemFree:         1505400 kB
MemAvailable:    1544556 kB
Buffers:           19604 kB
Cached:           147824 kB
MemTotal:        1844596 kB
MemFree:         1505484 kB
MemAvailable:    1544640 kB
Buffers:           19604 kB
Cached:           147824 kB
MemTotal:        1844596 kB
MemFree:         1504620 kB
MemAvailable:    1543776 kB
Buffers:           19604 kB
Cached:           147824 kB
MemTotal:        1844596 kB
MemFree:         1502892 kB
MemAvailable:    1542048 kB
Buffers:           19604 kB
Cached:           147824 kB
MemTotal:        1844596 kB
MemFree:         1501460 kB
MemAvailable:    1540616 kB
Buffers:           19604 kB
Cached:           147824 kB
MemTotal:        1844596 kB
MemFree:         1501288 kB
MemAvailable:    1540444 kB
Buffers:           19604 kB
Cached:           147824 kB
MemTotal:        1844596 kB
MemFree:         1501316 kB
MemAvailable:    1540472 kB
Buffers:           19604 kB
Cached:           147824 kB
MemTotal:        1844596 kB
MemFree:         1501568 kB
MemAvailable:    1540724 kB
Buffers:           19604 kB
Cached:           147824 kB
MemTotal:        1844596 kB
MemFree:         1502512 kB
MemAvailable:    1541668 kB
Buffers:           19604 kB
Cached:           147824 kB
MemTotal:        1844596 kB
MemFree:         1501392 kB
MemAvailable:    1540548 kB
Buffers:           19604 kB
Cached:           147824 kB
MemTotal:        1844596 kB
MemFree:         1501392 kB
MemAvailable:    1540548 kB
Buffers:           19604 kB
Cached:           147824 kB
MemTotal:        1844596 kB
MemFree:         1504444 kB
MemAvailable:    1543600 kB
Buffers:           19604 kB
Cached:           147824 kB
MemTotal:        1844596 kB
MemFree:         1503280 kB
MemAvailable:    1542436 kB
Buffers:           19604 kB
Cached:           147824 kB
MemTotal:        1844596 kB
MemFree:         1503280 kB
MemAvailable:    1542604 kB
Buffers:           19604 kB
Cached:           148072 kB
MemTotal:        1844596 kB
MemFree:         1503148 kB
MemAvailable:    1542640 kB
Buffers:           19604 kB
Cached:           148196 kB
MemTotal:        1844596 kB
MemFree:         1504068 kB
MemAvailable:    1543644 kB
Buffers:           19604 kB
Cached:           148320 kB
MemTotal:        1844596 kB
MemFree:         1504104 kB
MemAvailable:    1543764 kB
Buffers:           19604 kB
Cached:           148320 kB
MemTotal:        1844596 kB
MemFree:         1503728 kB
MemAvailable:    1543472 kB
Buffers:           19604 kB
Cached:           148444 kB
MemTotal:        1844596 kB
MemFree:         1503728 kB
MemAvailable:    1543472 kB
Buffers:           19604 kB
Cached:           148444 kB
MemTotal:        1844596 kB
MemFree:         1502816 kB
MemAvailable:    1542560 kB
Buffers:           19604 kB
Cached:           148444 kB
MemTotal:        1844596 kB
MemFree:         1502700 kB
MemAvailable:    1542528 kB
Buffers:           19604 kB
Cached:           148444 kB
MemTotal:        1844596 kB
MemFree:         1503884 kB
MemAvailable:    1543712 kB
Buffers:           19604 kB
Cached:           148444 kB
MemTotal:        1844596 kB
MemFree:         1503884 kB
MemAvailable:    1543712 kB
Buffers:           19604 kB
Cached:           148444 kB
MemTotal:        1844596 kB
MemFree:         1503952 kB
MemAvailable:    1543780 kB
Buffers:           19604 kB
Cached:           148444 kB
MemTotal:        1844596 kB
MemFree:         1503928 kB
MemAvailable:    1543756 kB
Buffers:           19604 kB
Cached:           148444 kB
MemTotal:        1844596 kB
MemFree:         1503920 kB
MemAvailable:    1543748 kB
Buffers:           19604 kB
Cached:           148568 kB
MemTotal:        1844596 kB
MemFree:         1570868 kB
MemAvailable:    1610108 kB
Buffers:           19604 kB
Cached:           147812 kB
