MemTotal:        1844596 kB
MemFree:         1544056 kB
MemAvailable:    1584756 kB
Buffers:           19844 kB
Cached:           149004 kB
MemTotal:        1844596 kB
MemFree:         1541560 kB
MemAvailable:    1582260 kB
Buffers:           19844 kB
Cached:           149004 kB
MemTotal:        1844596 kB
MemFree:         1540956 kB
MemAvailable:    1581656 kB
Buffers:           19844 kB
Cached:           149004 kB
MemTotal:        1844596 kB
MemFree:         1541204 kB
MemAvailable:    1581904 kB
Buffers:           19844 kB
Cached:           149004 kB
MemTotal:        1844596 kB
MemFree:         1539032 kB
MemAvailable:    1579732 kB
Buffers:           19844 kB
Cached:           149004 kB
MemTotal:        1844596 kB
MemFree:         1538228 kB
MemAvailable:    1578928 kB
Buffers:           19844 kB
Cached:           149004 kB
MemTotal:        1844596 kB
MemFree:         1536740 kB
MemAvailable:    1577440 kB
Buffers:           19844 kB
Cached:           149004 kB
MemTotal:        1844596 kB
MemFree:         1537856 kB
MemAvailable:    1578556 kB
Buffers:           19844 kB
Cached:           149004 kB
MemTotal:        1844596 kB
MemFree:         1535624 kB
MemAvailable:    1576324 kB
Buffers:           19844 kB
Cached:           149004 kB
MemTotal:        1844596 kB
MemFree:         1534632 kB
MemAvailable:    1575332 kB
Buffers:           19844 kB
Cached:           149004 kB
MemTotal:        1844596 kB
MemFree:         1532136 kB
MemAvailable:    1572836 kB
Buffers:           19844 kB
Cached:           149004 kB
MemTotal:        1844596 kB
MemFree:         1531408 kB
MemAvailable:    1572108 kB
Buffers:           19844 kB
Cached:           149004 kB
MemTotal:        1844596 kB
MemFree:         1528616 kB
MemAvailable:    1569316 kB
Buffers:           19844 kB
Cached:           149004 kB
MemTotal:        1844596 kB
MemFree:         1525316 kB
MemAvailable:    1566016 kB
Buffers:           19844 kB
Cached:           149004 kB
MemTotal:        1844596 kB
MemFree:         1527700 kB
MemAvailable:    1568400 kB
Buffers:           19844 kB
Cached:           149004 kB
MemTotal:        1844596 kB
MemFree:         1527760 kB
MemAvailable:    1568460 kB
Buffers:           19844 kB
Cached:           149004 kB
MemTotal:        1844596 kB
MemFree:         1527792 kB
MemAvailable:    1568492 kB
Buffers:           19844 kB
Cached:           149004 kB
MemTotal:        1844596 kB
MemFree:         1526944 kB
MemAvailable:    1567644 kB
Buffers:           19844 kB
Cached:           149004 kB
MemTotal:        1844596 kB
MemFree:         1527560 kB
MemAvailable:    1568260 kB
Buffers:           19844 kB
Cached:           149004 kB
MemTotal:        1844596 kB
MemFree:         1527436 kB
MemAvailable:    1568136 kB
Buffers:           19844 kB
Cached:           149004 kB
MemTotal:        1844596 kB
MemFree:         1527128 kB
MemAvailable:    1567828 kB
Buffers:           19844 kB
Cached:           149004 kB
MemTotal:        1844596 kB
MemFree:         1525084 kB
MemAvailable:    1565784 kB
Buffers:           19844 kB
Cached:           149004 kB
MemTotal:        1844596 kB
MemFree:         1524456 kB
MemAvailable:    1565156 kB
Buffers:           19844 kB
Cached:           149004 kB
MemTotal:        1844596 kB
MemFree:         1524216 kB
MemAvailable:    1564916 kB
Buffers:           19844 kB
Cached:           149004 kB
MemTotal:        1844596 kB
MemFree:         1524216 kB
MemAvailable:    1564920 kB
Buffers:           19844 kB
Cached:           149008 kB
MemTotal:        1844596 kB
MemFree:         1525136 kB
MemAvailable:    1565840 kB
Buffers:           19844 kB
Cached:           149008 kB
MemTotal:        1844596 kB
MemFree:         1524084 kB
MemAvailable:    1564788 kB
Buffers:           19844 kB
Cached:           149008 kB
MemTotal:        1844596 kB
MemFree:         1524080 kB
MemAvailable:    1564784 kB
Buffers:           19844 kB
Cached:           149008 kB
MemTotal:        1844596 kB
MemFree:         1524072 kB
MemAvailable:    1564776 kB
Buffers:           19844 kB
Cached:           149008 kB
MemTotal:        1844596 kB
MemFree:         1525184 kB
MemAvailable:    1565888 kB
Buffers:           19844 kB
Cached:           149008 kB
MemTotal:        1844596 kB
MemFree:         1525412 kB
MemAvailable:    1566116 kB
Buffers:           19844 kB
Cached:           149008 kB
MemTotal:        1844596 kB
MemFree:         1525252 kB
MemAvailable:    1565956 kB
Buffers:           19844 kB
Cached:           149008 kB
MemTotal:        1844596 kB
MemFree:         1526352 kB
MemAvailable:    1567056 kB
Buffers:           19844 kB
Cached:           149008 kB
MemTotal:        1844596 kB
MemFree:         1526448 kB
MemAvailable:    1567152 kB
Buffers:           19844 kB
Cached:           149008 kB
MemTotal:        1844596 kB
MemFree:         1524944 kB
MemAvailable:    1565648 kB
Buffers:           19844 kB
Cached:           149008 kB
MemTotal:        1844596 kB
MemFree:         1525032 kB
MemAvailable:    1565736 kB
Buffers:           19844 kB
Cached:           149008 kB
MemTotal:        1844596 kB
MemFree:         1522844 kB
MemAvailable:    1563548 kB
Buffers:           19844 kB
Cached:           149008 kB
MemTotal:        1844596 kB
MemFree:         1522488 kB
MemAvailable:    1563192 kB
Buffers:           19844 kB
Cached:           149008 kB
MemTotal:        1844596 kB
MemFree:         1522532 kB
MemAvailable:    1563236 kB
Buffers:           19844 kB
Cached:           149008 kB
MemTotal:        1844596 kB
MemFree:         1522168 kB
MemAvailable:    1562872 kB
Buffers:           19844 kB
Cached:           149008 kB
MemTotal:        1844596 kB
MemFree:         1521596 kB
MemAvailable:    1562300 kB
Buffers:           19844 kB
Cached:           149008 kB
MemTotal:        1844596 kB
MemFree:         1521488 kB
MemAvailable:    1562192 kB
Buffers:           19844 kB
Cached:           149008 kB
MemTotal:        1844596 kB
MemFree:         1520000 kB
MemAvailable:    1560704 kB
Buffers:           19844 kB
Cached:           149008 kB
MemTotal:        1844596 kB
MemFree:         1521292 kB
MemAvailable:    1561996 kB
Buffers:           19844 kB
Cached:           149008 kB
MemTotal:        1844596 kB
MemFree:         1521168 kB
MemAvailable:    1561872 kB
Buffers:           19844 kB
Cached:           149008 kB
MemTotal:        1844596 kB
MemFree:         1520000 kB
MemAvailable:    1560704 kB
Buffers:           19844 kB
Cached:           149008 kB
MemTotal:        1844596 kB
MemFree:         1520848 kB
MemAvailable:    1561552 kB
Buffers:           19844 kB
Cached:           149008 kB
MemTotal:        1844596 kB
MemFree:         1521104 kB
MemAvailable:    1561808 kB
Buffers:           19844 kB
Cached:           149008 kB
MemTotal:        1844596 kB
MemFree:         1519724 kB
MemAvailable:    1560428 kB
Buffers:           19844 kB
Cached:           149008 kB
MemTotal:        1844596 kB
MemFree:         1520596 kB
MemAvailable:    1561300 kB
Buffers:           19844 kB
Cached:           149008 kB
MemTotal:        1844596 kB
MemFree:         1520496 kB
MemAvailable:    1561200 kB
Buffers:           19844 kB
Cached:           149008 kB
MemTotal:        1844596 kB
MemFree:         1520368 kB
MemAvailable:    1561072 kB
Buffers:           19844 kB
Cached:           149008 kB
MemTotal:        1844596 kB
MemFree:         1519992 kB
MemAvailable:    1560696 kB
Buffers:           19844 kB
Cached:           149008 kB
MemTotal:        1844596 kB
MemFree:         1518608 kB
MemAvailable:    1559312 kB
Buffers:           19844 kB
Cached:           149008 kB
MemTotal:        1844596 kB
MemFree:         1519980 kB
MemAvailable:    1560684 kB
Buffers:           19844 kB
Cached:           149008 kB
MemTotal:        1844596 kB
MemFree:         1519968 kB
MemAvailable:    1560672 kB
Buffers:           19844 kB
Cached:           149008 kB
MemTotal:        1844596 kB
MemFree:         1520224 kB
MemAvailable:    1560928 kB
Buffers:           19844 kB
Cached:           149008 kB
MemTotal:        1844596 kB
MemFree:         1518720 kB
MemAvailable:    1559424 kB
Buffers:           19844 kB
Cached:           149008 kB
MemTotal:        1844596 kB
MemFree:         1518728 kB
MemAvailable:    1559432 kB
Buffers:           19844 kB
Cached:           149008 kB
MemTotal:        1844596 kB
MemFree:         1518852 kB
MemAvailable:    1559556 kB
Buffers:           19844 kB
Cached:           149008 kB
MemTotal:        1844596 kB
MemFree:         1520280 kB
MemAvailable:    1560984 kB
Buffers:           19844 kB
Cached:           149008 kB
MemTotal:        1844596 kB
MemFree:         1519628 kB
MemAvailable:    1560332 kB
Buffers:           19844 kB
Cached:           149008 kB
MemTotal:        1844596 kB
MemFree:         1518380 kB
MemAvailable:    1559084 kB
Buffers:           19844 kB
Cached:           149008 kB
MemTotal:        1844596 kB
MemFree:         1519324 kB
MemAvailable:    1560028 kB
Buffers:           19844 kB
Cached:           149008 kB
MemTotal:        1844596 kB
MemFree:         1519256 kB
MemAvailable:    1559960 kB
Buffers:           19844 kB
Cached:           149008 kB
MemTotal:        1844596 kB
MemFree:         1519192 kB
MemAvailable:    1559896 kB
Buffers:           19844 kB
Cached:           149008 kB
MemTotal:        1844596 kB
MemFree:         1519448 kB
MemAvailable:    1560152 kB
Buffers:           19844 kB
Cached:           149008 kB
MemTotal:        1844596 kB
MemFree:         1518200 kB
MemAvailable:    1558904 kB
Buffers:           19844 kB
Cached:           149008 kB
MemTotal:        1844596 kB
MemFree:         1518076 kB
MemAvailable:    1558780 kB
Buffers:           19844 kB
Cached:           149008 kB
MemTotal:        1844596 kB
MemFree:         1517944 kB
MemAvailable:    1558648 kB
Buffers:           19844 kB
Cached:           149008 kB
MemTotal:        1844596 kB
MemFree:         1518920 kB
MemAvailable:    1559624 kB
Buffers:           19844 kB
Cached:           149008 kB
MemTotal:        1844596 kB
MemFree:         1518920 kB
MemAvailable:    1559624 kB
Buffers:           19844 kB
Cached:           149008 kB
MemTotal:        1844596 kB
MemFree:         1518980 kB
MemAvailable:    1559684 kB
Buffers:           19844 kB
Cached:           149008 kB
MemTotal:        1844596 kB
MemFree:         1519316 kB
MemAvailable:    1560020 kB
Buffers:           19844 kB
Cached:           149008 kB
MemTotal:        1844596 kB
MemFree:         1519072 kB
MemAvailable:    1559776 kB
Buffers:           19844 kB
Cached:           149008 kB
MemTotal:        1844596 kB
MemFree:         1517988 kB
MemAvailable:    1558692 kB
Buffers:           19844 kB
Cached:           149008 kB
MemTotal:        1844596 kB
MemFree:         1516580 kB
MemAvailable:    1557284 kB
Buffers:           19844 kB
Cached:           149008 kB
MemTotal:        1844596 kB
MemFree:         1513172 kB
MemAvailable:    1553876 kB
Buffers:           19844 kB
Cached:           149008 kB
MemTotal:        1844596 kB
MemFree:         1512940 kB
MemAvailable:    1553644 kB
Buffers:           19844 kB
Cached:           149008 kB
MemTotal:        1844596 kB
MemFree:         1511552 kB
MemAvailable:    1552256 kB
Buffers:           19844 kB
Cached:           149008 kB
MemTotal:        1844596 kB
MemFree:         1511636 kB
MemAvailable:    1552340 kB
Buffers:           19844 kB
Cached:           149008 kB
MemTotal:        1844596 kB
MemFree:         1510064 kB
MemAvailable:    1550768 kB
Buffers:           19844 kB
Cached:           149008 kB
MemTotal:        1844596 kB
MemFree:         1511304 kB
MemAvailable:    1552008 kB
Buffers:           19844 kB
Cached:           149008 kB
MemTotal:        1844596 kB
MemFree:         1511040 kB
MemAvailable:    1551744 kB
Buffers:           19844 kB
Cached:           149008 kB
MemTotal:        1844596 kB
MemFree:         1510708 kB
MemAvailable:    1551412 kB
Buffers:           19844 kB
Cached:           149008 kB
MemTotal:        1844596 kB
MemFree:         1511024 kB
MemAvailable:    1551728 kB
Buffers:           19844 kB
Cached:           149008 kB
MemTotal:        1844596 kB
MemFree:         1511204 kB
MemAvailable:    1551908 kB
Buffers:           19844 kB
Cached:           149008 kB
MemTotal:        1844596 kB
MemFree:         1509772 kB
MemAvailable:    1550476 kB
Buffers:           19844 kB
Cached:           149008 kB
MemTotal:        1844596 kB
MemFree:         1511072 kB
MemAvailable:    1551776 kB
Buffers:           19844 kB
Cached:           149008 kB
MemTotal:        1844596 kB
MemFree:         1509932 kB
MemAvailable:    1550636 kB
Buffers:           19844 kB
Cached:           149008 kB
MemTotal:        1844596 kB
MemFree:         1511192 kB
MemAvailable:    1551896 kB
Buffers:           19844 kB
Cached:           149008 kB
MemTotal:        1844596 kB
MemFree:         1511244 kB
MemAvailable:    1551948 kB
Buffers:           19844 kB
Cached:           149008 kB
MemTotal:        1844596 kB
MemFree:         1511056 kB
MemAvailable:    1551760 kB
Buffers:           19844 kB
Cached:           149008 kB
MemTotal:        1844596 kB
MemFree:         1509876 kB
MemAvailable:    1550580 kB
Buffers:           19844 kB
Cached:           149008 kB
MemTotal:        1844596 kB
MemFree:         1509708 kB
MemAvailable:    1550412 kB
Buffers:           19844 kB
Cached:           149008 kB
MemTotal:        1844596 kB
MemFree:         1510948 kB
MemAvailable:    1551668 kB
Buffers:           19844 kB
Cached:           149020 kB
MemTotal:        1844596 kB
MemFree:         1510900 kB
MemAvailable:    1551620 kB
Buffers:           19844 kB
Cached:           149020 kB
MemTotal:        1844596 kB
MemFree:         1509272 kB
MemAvailable:    1549992 kB
Buffers:           19844 kB
Cached:           149020 kB
MemTotal:        1844596 kB
MemFree:         1509212 kB
MemAvailable:    1549932 kB
Buffers:           19844 kB
Cached:           149020 kB
MemTotal:        1844596 kB
MemFree:         1509576 kB
MemAvailable:    1550296 kB
Buffers:           19844 kB
Cached:           149020 kB
MemTotal:        1844596 kB
MemFree:         1509660 kB
MemAvailable:    1550380 kB
Buffers:           19844 kB
Cached:           149020 kB
MemTotal:        1844596 kB
MemFree:         1509388 kB
MemAvailable:    1550108 kB
Buffers:           19844 kB
Cached:           149020 kB
MemTotal:        1844596 kB
MemFree:         1508336 kB
MemAvailable:    1549056 kB
Buffers:           19844 kB
Cached:           149020 kB
MemTotal:        1844596 kB
MemFree:         1507220 kB
MemAvailable:    1547940 kB
Buffers:           19844 kB
Cached:           149020 kB
MemTotal:        1844596 kB
MemFree:         1507344 kB
MemAvailable:    1548064 kB
Buffers:           19844 kB
Cached:           149020 kB
MemTotal:        1844596 kB
MemFree:         1506600 kB
MemAvailable:    1547320 kB
Buffers:           19844 kB
Cached:           149020 kB
MemTotal:        1844596 kB
MemFree:         1506732 kB
MemAvailable:    1547452 kB
Buffers:           19844 kB
Cached:           149020 kB
MemTotal:        1844596 kB
MemFree:         1507584 kB
MemAvailable:    1548304 kB
Buffers:           19844 kB
Cached:           149020 kB
MemTotal:        1844596 kB
MemFree:         1506980 kB
MemAvailable:    1547700 kB
Buffers:           19844 kB
Cached:           149020 kB
MemTotal:        1844596 kB
MemFree:         1507288 kB
MemAvailable:    1548008 kB
Buffers:           19844 kB
Cached:           149020 kB
MemTotal:        1844596 kB
MemFree:         1507544 kB
MemAvailable:    1548264 kB
Buffers:           19844 kB
Cached:           149020 kB
MemTotal:        1844596 kB
MemFree:         1506048 kB
MemAvailable:    1546768 kB
Buffers:           19844 kB
Cached:           149020 kB
MemTotal:        1844596 kB
MemFree:         1507156 kB
MemAvailable:    1547876 kB
Buffers:           19844 kB
Cached:           149020 kB
MemTotal:        1844596 kB
MemFree:         1507412 kB
MemAvailable:    1548132 kB
Buffers:           19844 kB
Cached:           149020 kB
MemTotal:        1844596 kB
MemFree:         1507192 kB
MemAvailable:    1547912 kB
Buffers:           19844 kB
Cached:           149020 kB
MemTotal:        1844596 kB
MemFree:         1507192 kB
MemAvailable:    1547912 kB
Buffers:           19844 kB
Cached:           149020 kB
MemTotal:        1844596 kB
MemFree:         1507348 kB
MemAvailable:    1548068 kB
Buffers:           19844 kB
Cached:           149020 kB
MemTotal:        1844596 kB
MemFree:         1507040 kB
MemAvailable:    1547760 kB
Buffers:           19844 kB
Cached:           149020 kB
MemTotal:        1844596 kB
MemFree:         1506776 kB
MemAvailable:    1547496 kB
Buffers:           19844 kB
Cached:           149020 kB
MemTotal:        1844596 kB
MemFree:         1505368 kB
MemAvailable:    1546088 kB
Buffers:           19844 kB
Cached:           149020 kB
MemTotal:        1844596 kB
MemFree:         1501880 kB
MemAvailable:    1542600 kB
Buffers:           19844 kB
Cached:           149020 kB
MemTotal:        1844596 kB
MemFree:         1502216 kB
MemAvailable:    1542936 kB
Buffers:           19844 kB
Cached:           149020 kB
MemTotal:        1844596 kB
MemFree:         1502096 kB
MemAvailable:    1542816 kB
Buffers:           19844 kB
Cached:           149020 kB
MemTotal:        1844596 kB
MemFree:         1500656 kB
MemAvailable:    1541376 kB
Buffers:           19844 kB
Cached:           149020 kB
MemTotal:        1844596 kB
MemFree:         1500228 kB
MemAvailable:    1540948 kB
Buffers:           19844 kB
Cached:           149020 kB
MemTotal:        1844596 kB
MemFree:         1500220 kB
MemAvailable:    1540940 kB
Buffers:           19844 kB
Cached:           149020 kB
MemTotal:        1844596 kB
MemFree:         1500344 kB
MemAvailable:    1541064 kB
Buffers:           19844 kB
Cached:           149020 kB
MemTotal:        1844596 kB
MemFree:         1501584 kB
MemAvailable:    1542304 kB
Buffers:           19844 kB
Cached:           149020 kB
MemTotal:        1844596 kB
MemFree:         1500212 kB
MemAvailable:    1540932 kB
Buffers:           19844 kB
Cached:           149020 kB
MemTotal:        1844596 kB
MemFree:         1501520 kB
MemAvailable:    1542240 kB
Buffers:           19844 kB
Cached:           149020 kB
MemTotal:        1844596 kB
MemFree:         1500088 kB
MemAvailable:    1540808 kB
Buffers:           19844 kB
Cached:           149020 kB
MemTotal:        1844596 kB
MemFree:         1499832 kB
MemAvailable:    1540552 kB
Buffers:           19844 kB
Cached:           149020 kB
MemTotal:        1844596 kB
MemFree:         1500876 kB
MemAvailable:    1541596 kB
Buffers:           19844 kB
Cached:           149020 kB
MemTotal:        1844596 kB
MemFree:         1499664 kB
MemAvailable:    1540384 kB
Buffers:           19844 kB
Cached:           149020 kB
MemTotal:        1844596 kB
MemFree:         1499780 kB
MemAvailable:    1540500 kB
Buffers:           19844 kB
Cached:           149020 kB
MemTotal:        1844596 kB
MemFree:         1499052 kB
MemAvailable:    1539772 kB
Buffers:           19844 kB
Cached:           149020 kB
MemTotal:        1844596 kB
MemFree:         1498112 kB
MemAvailable:    1538832 kB
Buffers:           19844 kB
Cached:           149020 kB
MemTotal:        1844596 kB
MemFree:         1497052 kB
MemAvailable:    1537772 kB
Buffers:           19844 kB
Cached:           149020 kB
MemTotal:        1844596 kB
MemFree:         1496680 kB
MemAvailable:    1537400 kB
Buffers:           19844 kB
Cached:           149020 kB
MemTotal:        1844596 kB
MemFree:         1498004 kB
MemAvailable:    1538724 kB
Buffers:           19844 kB
Cached:           149020 kB
MemTotal:        1844596 kB
MemFree:         1496812 kB
MemAvailable:    1537532 kB
Buffers:           19844 kB
Cached:           149020 kB
MemTotal:        1844596 kB
MemFree:         1498012 kB
MemAvailable:    1538732 kB
Buffers:           19844 kB
Cached:           149020 kB
MemTotal:        1844596 kB
MemFree:         1496680 kB
MemAvailable:    1537400 kB
Buffers:           19844 kB
Cached:           149020 kB
MemTotal:        1844596 kB
MemFree:         1499648 kB
MemAvailable:    1540368 kB
Buffers:           19844 kB
Cached:           149020 kB
MemTotal:        1844596 kB
MemFree:         1499984 kB
MemAvailable:    1540704 kB
Buffers:           19844 kB
Cached:           149020 kB
MemTotal:        1844596 kB
MemFree:         1499600 kB
MemAvailable:    1540404 kB
Buffers:           19844 kB
Cached:           149144 kB
MemTotal:        1844596 kB
MemFree:         1499856 kB
MemAvailable:    1540660 kB
Buffers:           19844 kB
Cached:           149144 kB
MemTotal:        1844596 kB
MemFree:         1499336 kB
MemAvailable:    1540392 kB
Buffers:           19844 kB
Cached:           149392 kB
MemTotal:        1844596 kB
MemFree:         1499504 kB
MemAvailable:    1540560 kB
Buffers:           19844 kB
Cached:           149392 kB
MemTotal:        1844596 kB
MemFree:         1499296 kB
MemAvailable:    1540436 kB
Buffers:           19844 kB
Cached:           149516 kB
MemTotal:        1844596 kB
MemFree:         1499208 kB
MemAvailable:    1540432 kB
Buffers:           19844 kB
Cached:           149640 kB
MemTotal:        1844596 kB
MemFree:         1498300 kB
MemAvailable:    1539524 kB
Buffers:           19844 kB
Cached:           149640 kB
MemTotal:        1844596 kB
MemFree:         1499024 kB
MemAvailable:    1540332 kB
Buffers:           19844 kB
Cached:           149640 kB
MemTotal:        1844596 kB
MemFree:         1499280 kB
MemAvailable:    1540588 kB
Buffers:           19844 kB
Cached:           149640 kB
MemTotal:        1844596 kB
MemFree:         1497776 kB
MemAvailable:    1539084 kB
Buffers:           19844 kB
Cached:           149640 kB
MemTotal:        1844596 kB
MemFree:         1499204 kB
MemAvailable:    1540512 kB
Buffers:           19844 kB
Cached:           149640 kB
MemTotal:        1844596 kB
MemFree:         1498028 kB
MemAvailable:    1539336 kB
Buffers:           19844 kB
Cached:           149640 kB
MemTotal:        1844596 kB
MemFree:         1499032 kB
MemAvailable:    1540340 kB
Buffers:           19844 kB
Cached:           149640 kB
MemTotal:        1844596 kB
MemFree:         1498300 kB
MemAvailable:    1539608 kB
Buffers:           19844 kB
Cached:           149640 kB
MemTotal:        1844596 kB
MemFree:         1499668 kB
MemAvailable:    1540472 kB
Buffers:           19844 kB
Cached:           149008 kB
MemTotal:        1844596 kB
MemFree:         1568320 kB
MemAvailable:    1609124 kB
Buffers:           19844 kB
Cached:           149008 kB
