MemTotal:        1844596 kB
MemFree:         1576016 kB
MemAvailable:    1592744 kB
Buffers:           16324 kB
Cached:           128148 kB
MemTotal:        1844596 kB
MemFree:         1572544 kB
MemAvailable:    1589272 kB
Buffers:           16324 kB
Cached:           128148 kB
MemTotal:        1844596 kB
MemFree:         1570932 kB
MemAvailable:    1587660 kB
Buffers:           16324 kB
Cached:           128148 kB
MemTotal:        1844596 kB
MemFree:         1569676 kB
MemAvailable:    1586404 kB
Buffers:           16324 kB
Cached:           128148 kB
MemTotal:        1844596 kB
MemFree:         1570012 kB
MemAvailable:    1586740 kB
Buffers:           16324 kB
Cached:           128148 kB
MemTotal:        1844596 kB
MemFree:         1568384 kB
MemAvailable:    1585112 kB
Buffers:           16324 kB
Cached:           128148 kB
MemTotal:        1844596 kB
MemFree:         1568188 kB
MemAvailable:    1584916 kB
Buffers:           16324 kB
Cached:           128148 kB
MemTotal:        1844596 kB
MemFree:         1568252 kB
MemAvailable:    1584980 kB
Buffers:           16324 kB
Cached:           128148 kB
MemTotal:        1844596 kB
MemFree:         1566584 kB
MemAvailable:    1583312 kB
Buffers:           16324 kB
Cached:           128148 kB
MemTotal:        1844596 kB
MemFree:         1565848 kB
MemAvailable:    1582576 kB
Buffers:           16324 kB
Cached:           128148 kB
MemTotal:        1844596 kB
MemFree:         1563964 kB
MemAvailable:    1580692 kB
Buffers:           16324 kB
Cached:           128148 kB
MemTotal:        1844596 kB
MemFree:         1563964 kB
MemAvailable:    1580692 kB
Buffers:           16324 kB
Cached:           128148 kB
MemTotal:        1844596 kB
MemFree:         1558640 kB
MemAvailable:    1575368 kB
Buffers:           16324 kB
Cached:           128148 kB
MemTotal:        1844596 kB
MemFree:         1558724 kB
MemAvailable:    1575452 kB
Buffers:           16324 kB
Cached:           128148 kB
MemTotal:        1844596 kB
MemFree:         1557940 kB
MemAvailable:    1574668 kB
Buffers:           16324 kB
Cached:           128148 kB
MemTotal:        1844596 kB
MemFree:         1558656 kB
MemAvailable:    1575384 kB
Buffers:           16324 kB
Cached:           128148 kB
MemTotal:        1844596 kB
MemFree:         1558260 kB
MemAvailable:    1574988 kB
Buffers:           16324 kB
Cached:           128148 kB
MemTotal:        1844596 kB
MemFree:         1557992 kB
MemAvailable:    1574720 kB
Buffers:           16324 kB
Cached:           128148 kB
MemTotal:        1844596 kB
MemFree:         1557616 kB
MemAvailable:    1574344 kB
Buffers:           16324 kB
Cached:           128148 kB
MemTotal:        1844596 kB
MemFree:         1558160 kB
MemAvailable:    1574888 kB
Buffers:           16324 kB
Cached:           128148 kB
MemTotal:        1844596 kB
MemFree:         1558112 kB
MemAvailable:    1574840 kB
Buffers:           16324 kB
Cached:           128148 kB
MemTotal:        1844596 kB
MemFree:         1557112 kB
MemAvailable:    1573840 kB
Buffers:           16324 kB
Cached:           128148 kB
MemTotal:        1844596 kB
MemFree:         1556988 kB
MemAvailable:    1573716 kB
Buffers:           16324 kB
Cached:           128148 kB
MemTotal:        1844596 kB
MemFree:         1557640 kB
MemAvailable:    1574368 kB
Buffers:           16324 kB
Cached:           128148 kB
MemTotal:        1844596 kB
MemFree:         1556880 kB
MemAvailable:    1573608 kB
Buffers:           16324 kB
Cached:           128148 kB
MemTotal:        1844596 kB
MemFree:         1555176 kB
MemAvailable:    1571904 kB
Buffers:           16324 kB
Cached:           128148 kB
MemTotal:        1844596 kB
MemFree:         1555864 kB
MemAvailable:    1572592 kB
Buffers:           16324 kB
Cached:           128148 kB
MemTotal:        1844596 kB
MemFree:         1555732 kB
MemAvailable:    1572460 kB
Buffers:           16324 kB
Cached:           128148 kB
MemTotal:        1844596 kB
MemFree:         1555664 kB
MemAvailable:    1572392 kB
Buffers:           16324 kB
Cached:           128148 kB
MemTotal:        1844596 kB
MemFree:         1554776 kB
MemAvailable:    1571504 kB
Buffers:           16324 kB
Cached:           128148 kB
MemTotal:        1844596 kB
MemFree:         1554776 kB
MemAvailable:    1571504 kB
Buffers:           16324 kB
Cached:           128148 kB
MemTotal:        1844596 kB
MemFree:         1554512 kB
MemAvailable:    1571240 kB
Buffers:           16324 kB
Cached:           128148 kB
MemTotal:        1844596 kB
MemFree:         1555688 kB
MemAvailable:    1572416 kB
Buffers:           16324 kB
Cached:           128148 kB
MemTotal:        1844596 kB
MemFree:         1555852 kB
MemAvailable:    1572580 kB
Buffers:           16324 kB
Cached:           128148 kB
MemTotal:        1844596 kB
MemFree:         1555664 kB
MemAvailable:    1572392 kB
Buffers:           16324 kB
Cached:           128148 kB
MemTotal:        1844596 kB
MemFree:         1554672 kB
MemAvailable:    1571400 kB
Buffers:           16324 kB
Cached:           128148 kB
MemTotal:        1844596 kB
MemFree:         1557080 kB
MemAvailable:    1573808 kB
Buffers:           16324 kB
Cached:           128148 kB
MemTotal:        1844596 kB
MemFree:         1557088 kB
MemAvailable:    1573816 kB
Buffers:           16324 kB
Cached:           128148 kB
MemTotal:        1844596 kB
MemFree:         1557088 kB
MemAvailable:    1573816 kB
Buffers:           16324 kB
Cached:           128148 kB
MemTotal:        1844596 kB
MemFree:         1555548 kB
MemAvailable:    1572276 kB
Buffers:           16324 kB
Cached:           128148 kB
MemTotal:        1844596 kB
MemFree:         1556548 kB
MemAvailable:    1573276 kB
Buffers:           16324 kB
Cached:           128148 kB
MemTotal:        1844596 kB
MemFree:         1553556 kB
MemAvailable:    1570284 kB
Buffers:           16324 kB
Cached:           128148 kB
MemTotal:        1844596 kB
MemFree:         1553640 kB
MemAvailable:    1570368 kB
Buffers:           16324 kB
Cached:           128148 kB
MemTotal:        1844596 kB
MemFree:         1553256 kB
MemAvailable:    1569984 kB
Buffers:           16324 kB
Cached:           128148 kB
MemTotal:        1844596 kB
MemFree:         1552208 kB
MemAvailable:    1568936 kB
Buffers:           16324 kB
Cached:           128148 kB
MemTotal:        1844596 kB
MemFree:         1551700 kB
MemAvailable:    1568428 kB
Buffers:           16324 kB
Cached:           128148 kB
MemTotal:        1844596 kB
MemFree:         1552512 kB
MemAvailable:    1569240 kB
Buffers:           16324 kB
Cached:           128148 kB
MemTotal:        1844596 kB
MemFree:         1552084 kB
MemAvailable:    1568812 kB
Buffers:           16324 kB
Cached:           128148 kB
MemTotal:        1844596 kB
MemFree:         1551836 kB
MemAvailable:    1568564 kB
Buffers:           16324 kB
Cached:           128148 kB
MemTotal:        1844596 kB
MemFree:         1550844 kB
MemAvailable:    1567572 kB
Buffers:           16324 kB
Cached:           128148 kB
MemTotal:        1844596 kB
MemFree:         1551632 kB
MemAvailable:    1568360 kB
Buffers:           16324 kB
Cached:           128148 kB
MemTotal:        1844596 kB
MemFree:         1551568 kB
MemAvailable:    1568296 kB
Buffers:           16324 kB
Cached:           128148 kB
MemTotal:        1844596 kB
MemFree:         1551388 kB
MemAvailable:    1568116 kB
Buffers:           16324 kB
Cached:           128148 kB
MemTotal:        1844596 kB
MemFree:         1551640 kB
MemAvailable:    1568368 kB
Buffers:           16324 kB
Cached:           128148 kB
MemTotal:        1844596 kB
MemFree:         1551564 kB
MemAvailable:    1568292 kB
Buffers:           16324 kB
Cached:           128148 kB
MemTotal:        1844596 kB
MemFree:         1551376 kB
MemAvailable:    1568104 kB
Buffers:           16324 kB
Cached:           128148 kB
MemTotal:        1844596 kB
MemFree:         1551712 kB
MemAvailable:    1568440 kB
Buffers:           16324 kB
Cached:           128148 kB
MemTotal:        1844596 kB
MemFree:         1551332 kB
MemAvailable:    1568060 kB
Buffers:           16324 kB
Cached:           128148 kB
MemTotal:        1844596 kB
MemFree:         1551060 kB
MemAvailable:    1567788 kB
Buffers:           16324 kB
Cached:           128148 kB
MemTotal:        1844596 kB
MemFree:         1551312 kB
MemAvailable:    1568040 kB
Buffers:           16324 kB
Cached:           128148 kB
MemTotal:        1844596 kB
MemFree:         1550844 kB
MemAvailable:    1567572 kB
Buffers:           16324 kB
Cached:           128148 kB
MemTotal:        1844596 kB
MemFree:         1550360 kB
MemAvailable:    1567088 kB
Buffers:           16324 kB
Cached:           128148 kB
MemTotal:        1844596 kB
MemFree:         1550584 kB
MemAvailable:    1567312 kB
Buffers:           16324 kB
Cached:           128148 kB
MemTotal:        1844596 kB
MemFree:         1550396 kB
MemAvailable:    1567124 kB
Buffers:           16324 kB
Cached:           128148 kB
MemTotal:        1844596 kB
MemFree:         1550396 kB
MemAvailable:    1567124 kB
Buffers:           16324 kB
Cached:           128148 kB
MemTotal:        1844596 kB
MemFree:         1550592 kB
MemAvailable:    1567320 kB
Buffers:           16324 kB
Cached:           128148 kB
MemTotal:        1844596 kB
MemFree:         1550416 kB
MemAvailable:    1567144 kB
Buffers:           16324 kB
Cached:           128148 kB
MemTotal:        1844596 kB
MemFree:         1550400 kB
MemAvailable:    1567128 kB
Buffers:           16324 kB
Cached:           128148 kB
MemTotal:        1844596 kB
MemFree:         1549548 kB
MemAvailable:    1566276 kB
Buffers:           16324 kB
Cached:           128148 kB
MemTotal:        1844596 kB
MemFree:         1550460 kB
MemAvailable:    1567188 kB
Buffers:           16324 kB
Cached:           128148 kB
MemTotal:        1844596 kB
MemFree:         1550628 kB
MemAvailable:    1567356 kB
Buffers:           16324 kB
Cached:           128148 kB
MemTotal:        1844596 kB
MemFree:         1549860 kB
MemAvailable:    1566588 kB
Buffers:           16324 kB
Cached:           128148 kB
MemTotal:        1844596 kB
MemFree:         1550100 kB
MemAvailable:    1566836 kB
Buffers:           16324 kB
Cached:           128156 kB
MemTotal:        1844596 kB
MemFree:         1550968 kB
MemAvailable:    1567704 kB
Buffers:           16324 kB
Cached:           128156 kB
MemTotal:        1844596 kB
MemFree:         1550672 kB
MemAvailable:    1567408 kB
Buffers:           16324 kB
Cached:           128156 kB
MemTotal:        1844596 kB
MemFree:         1550464 kB
MemAvailable:    1567204 kB
Buffers:           16324 kB
Cached:           128160 kB
MemTotal:        1844596 kB
MemFree:         1549604 kB
MemAvailable:    1566344 kB
Buffers:           16324 kB
Cached:           128160 kB
MemTotal:        1844596 kB
MemFree:         1550376 kB
MemAvailable:    1567116 kB
Buffers:           16324 kB
Cached:           128160 kB
MemTotal:        1844596 kB
MemFree:         1550076 kB
MemAvailable:    1566816 kB
Buffers:           16324 kB
Cached:           128160 kB
MemTotal:        1844596 kB
MemFree:         1549680 kB
MemAvailable:    1566420 kB
Buffers:           16324 kB
Cached:           128160 kB
MemTotal:        1844596 kB
MemFree:         1549324 kB
MemAvailable:    1566064 kB
Buffers:           16324 kB
Cached:           128160 kB
MemTotal:        1844596 kB
MemFree:         1548604 kB
MemAvailable:    1565344 kB
Buffers:           16324 kB
Cached:           128160 kB
MemTotal:        1844596 kB
MemFree:         1549588 kB
MemAvailable:    1566328 kB
Buffers:           16324 kB
Cached:           128160 kB
MemTotal:        1844596 kB
MemFree:         1549588 kB
MemAvailable:    1566328 kB
Buffers:           16324 kB
Cached:           128160 kB
MemTotal:        1844596 kB
MemFree:         1549440 kB
MemAvailable:    1566180 kB
Buffers:           16324 kB
Cached:           128160 kB
MemTotal:        1844596 kB
MemFree:         1548464 kB
MemAvailable:    1565204 kB
Buffers:           16324 kB
Cached:           128160 kB
MemTotal:        1844596 kB
MemFree:         1549440 kB
MemAvailable:    1566180 kB
Buffers:           16324 kB
Cached:           128160 kB
MemTotal:        1844596 kB
MemFree:         1549692 kB
MemAvailable:    1566432 kB
Buffers:           16324 kB
Cached:           128160 kB
MemTotal:        1844596 kB
MemFree:         1549588 kB
MemAvailable:    1566328 kB
Buffers:           16324 kB
Cached:           128160 kB
MemTotal:        1844596 kB
MemFree:         1549840 kB
MemAvailable:    1566580 kB
Buffers:           16324 kB
Cached:           128160 kB
MemTotal:        1844596 kB
MemFree:         1548596 kB
MemAvailable:    1565336 kB
Buffers:           16324 kB
Cached:           128160 kB
MemTotal:        1844596 kB
MemFree:         1549720 kB
MemAvailable:    1566460 kB
Buffers:           16324 kB
Cached:           128160 kB
MemTotal:        1844596 kB
MemFree:         1549712 kB
MemAvailable:    1566452 kB
Buffers:           16324 kB
Cached:           128160 kB
MemTotal:        1844596 kB
MemFree:         1547232 kB
MemAvailable:    1563972 kB
Buffers:           16324 kB
Cached:           128160 kB
MemTotal:        1844596 kB
MemFree:         1547360 kB
MemAvailable:    1564100 kB
Buffers:           16324 kB
Cached:           128160 kB
MemTotal:        1844596 kB
MemFree:         1543264 kB
MemAvailable:    1560004 kB
Buffers:           16324 kB
Cached:           128160 kB
MemTotal:        1844596 kB
MemFree:         1543144 kB
MemAvailable:    1559884 kB
Buffers:           16324 kB
Cached:           128160 kB
MemTotal:        1844596 kB
MemFree:         1542164 kB
MemAvailable:    1558904 kB
Buffers:           16324 kB
Cached:           128160 kB
MemTotal:        1844596 kB
MemFree:         1541040 kB
MemAvailable:    1557780 kB
Buffers:           16324 kB
Cached:           128160 kB
MemTotal:        1844596 kB
MemFree:         1540800 kB
MemAvailable:    1557540 kB
Buffers:           16324 kB
Cached:           128160 kB
MemTotal:        1844596 kB
MemFree:         1540676 kB
MemAvailable:    1557416 kB
Buffers:           16324 kB
Cached:           128160 kB
MemTotal:        1844596 kB
MemFree:         1540676 kB
MemAvailable:    1557416 kB
Buffers:           16324 kB
Cached:           128160 kB
MemTotal:        1844596 kB
MemFree:         1540924 kB
MemAvailable:    1557664 kB
Buffers:           16324 kB
Cached:           128160 kB
MemTotal:        1844596 kB
MemFree:         1541516 kB
MemAvailable:    1558256 kB
Buffers:           16324 kB
Cached:           128160 kB
MemTotal:        1844596 kB
MemFree:         1541516 kB
MemAvailable:    1558256 kB
Buffers:           16324 kB
Cached:           128160 kB
MemTotal:        1844596 kB
MemFree:         1541216 kB
MemAvailable:    1557956 kB
Buffers:           16324 kB
Cached:           128160 kB
MemTotal:        1844596 kB
MemFree:         1540352 kB
MemAvailable:    1557092 kB
Buffers:           16324 kB
Cached:           128160 kB
MemTotal:        1844596 kB
MemFree:         1541488 kB
MemAvailable:    1558228 kB
Buffers:           16324 kB
Cached:           128160 kB
MemTotal:        1844596 kB
MemFree:         1541488 kB
MemAvailable:    1558228 kB
Buffers:           16324 kB
Cached:           128160 kB
MemTotal:        1844596 kB
MemFree:         1541544 kB
MemAvailable:    1558284 kB
Buffers:           16324 kB
Cached:           128160 kB
MemTotal:        1844596 kB
MemFree:         1541488 kB
MemAvailable:    1558228 kB
Buffers:           16324 kB
Cached:           128160 kB
MemTotal:        1844596 kB
MemFree:         1540496 kB
MemAvailable:    1557236 kB
Buffers:           16324 kB
Cached:           128160 kB
MemTotal:        1844596 kB
MemFree:         1541600 kB
MemAvailable:    1558340 kB
Buffers:           16324 kB
Cached:           128160 kB
MemTotal:        1844596 kB
MemFree:         1541660 kB
MemAvailable:    1558400 kB
Buffers:           16324 kB
Cached:           128160 kB
MemTotal:        1844596 kB
MemFree:         1541600 kB
MemAvailable:    1558340 kB
Buffers:           16324 kB
Cached:           128160 kB
MemTotal:        1844596 kB
MemFree:         1541660 kB
MemAvailable:    1558400 kB
Buffers:           16324 kB
Cached:           128160 kB
MemTotal:        1844596 kB
MemFree:         1541172 kB
MemAvailable:    1557912 kB
Buffers:           16324 kB
Cached:           128160 kB
MemTotal:        1844596 kB
MemFree:         1541040 kB
MemAvailable:    1557780 kB
Buffers:           16324 kB
Cached:           128160 kB
MemTotal:        1844596 kB
MemFree:         1540608 kB
MemAvailable:    1557348 kB
Buffers:           16324 kB
Cached:           128160 kB
MemTotal:        1844596 kB
MemFree:         1540476 kB
MemAvailable:    1557216 kB
Buffers:           16324 kB
Cached:           128160 kB
MemTotal:        1844596 kB
MemFree:         1539916 kB
MemAvailable:    1556656 kB
Buffers:           16324 kB
Cached:           128160 kB
MemTotal:        1844596 kB
MemFree:         1540168 kB
MemAvailable:    1556908 kB
Buffers:           16324 kB
Cached:           128160 kB
MemTotal:        1844596 kB
MemFree:         1539808 kB
MemAvailable:    1556548 kB
Buffers:           16324 kB
Cached:           128160 kB
MemTotal:        1844596 kB
MemFree:         1539628 kB
MemAvailable:    1556368 kB
Buffers:           16324 kB
Cached:           128160 kB
MemTotal:        1844596 kB
MemFree:         1539884 kB
MemAvailable:    1556624 kB
Buffers:           16324 kB
Cached:           128160 kB
MemTotal:        1844596 kB
MemFree:         1538644 kB
MemAvailable:    1555384 kB
Buffers:           16324 kB
Cached:           128160 kB
MemTotal:        1844596 kB
MemFree:         1538644 kB
MemAvailable:    1555384 kB
Buffers:           16324 kB
Cached:           128160 kB
MemTotal:        1844596 kB
MemFree:         1538304 kB
MemAvailable:    1555044 kB
Buffers:           16324 kB
Cached:           128160 kB
MemTotal:        1844596 kB
MemFree:         1538388 kB
MemAvailable:    1555128 kB
Buffers:           16324 kB
Cached:           128160 kB
MemTotal:        1844596 kB
MemFree:         1537916 kB
MemAvailable:    1554656 kB
Buffers:           16324 kB
Cached:           128160 kB
MemTotal:        1844596 kB
MemFree:         1538168 kB
MemAvailable:    1554908 kB
Buffers:           16324 kB
Cached:           128160 kB
MemTotal:        1844596 kB
MemFree:         1538008 kB
MemAvailable:    1554748 kB
Buffers:           16324 kB
Cached:           128160 kB
MemTotal:        1844596 kB
MemFree:         1537080 kB
MemAvailable:    1553820 kB
Buffers:           16324 kB
Cached:           128160 kB
MemTotal:        1844596 kB
MemFree:         1537672 kB
MemAvailable:    1554412 kB
Buffers:           16324 kB
Cached:           128160 kB
MemTotal:        1844596 kB
MemFree:         1537672 kB
MemAvailable:    1554412 kB
Buffers:           16324 kB
Cached:           128160 kB
MemTotal:        1844596 kB
MemFree:         1537864 kB
MemAvailable:    1554604 kB
Buffers:           16324 kB
Cached:           128160 kB
MemTotal:        1844596 kB
MemFree:         1537196 kB
MemAvailable:    1553936 kB
Buffers:           16324 kB
Cached:           128160 kB
MemTotal:        1844596 kB
MemFree:         1537672 kB
MemAvailable:    1554412 kB
Buffers:           16324 kB
Cached:           128160 kB
MemTotal:        1844596 kB
MemFree:         1537928 kB
MemAvailable:    1554668 kB
Buffers:           16324 kB
Cached:           128160 kB
MemTotal:        1844596 kB
MemFree:         1537880 kB
MemAvailable:    1554620 kB
Buffers:           16324 kB
Cached:           128160 kB
MemTotal:        1844596 kB
MemFree:         1537500 kB
MemAvailable:    1554240 kB
Buffers:           16324 kB
Cached:           128160 kB
MemTotal:        1844596 kB
MemFree:         1537500 kB
MemAvailable:    1554240 kB
Buffers:           16324 kB
Cached:           128160 kB
MemTotal:        1844596 kB
MemFree:         1537700 kB
MemAvailable:    1554440 kB
Buffers:           16324 kB
Cached:           128160 kB
MemTotal:        1844596 kB
MemFree:         1537452 kB
MemAvailable:    1554192 kB
Buffers:           16324 kB
Cached:           128160 kB
MemTotal:        1844596 kB
MemFree:         1537404 kB
MemAvailable:    1554144 kB
Buffers:           16324 kB
Cached:           128160 kB
MemTotal:        1844596 kB
MemFree:         1536088 kB
MemAvailable:    1552828 kB
Buffers:           16324 kB
Cached:           128160 kB
MemTotal:        1844596 kB
MemFree:         1535956 kB
MemAvailable:    1552700 kB
Buffers:           16324 kB
Cached:           128164 kB
MemTotal:        1844596 kB
MemFree:         1532492 kB
MemAvailable:    1549236 kB
Buffers:           16324 kB
Cached:           128164 kB
MemTotal:        1844596 kB
MemFree:         1531128 kB
MemAvailable:    1547872 kB
Buffers:           16324 kB
Cached:           128164 kB
MemTotal:        1844596 kB
MemFree:         1532536 kB
MemAvailable:    1549280 kB
Buffers:           16324 kB
Cached:           128164 kB
MemTotal:        1844596 kB
MemFree:         1532428 kB
MemAvailable:    1549172 kB
Buffers:           16324 kB
Cached:           128164 kB
MemTotal:        1844596 kB
MemFree:         1532360 kB
MemAvailable:    1549104 kB
Buffers:           16324 kB
Cached:           128164 kB
MemTotal:        1844596 kB
MemFree:         1532288 kB
MemAvailable:    1549032 kB
Buffers:           16324 kB
Cached:           128164 kB
MemTotal:        1844596 kB
MemFree:         1530824 kB
MemAvailable:    1547568 kB
Buffers:           16324 kB
Cached:           128164 kB
MemTotal:        1844596 kB
MemFree:         1531848 kB
MemAvailable:    1548592 kB
Buffers:           16324 kB
Cached:           128164 kB
MemTotal:        1844596 kB
MemFree:         1531848 kB
MemAvailable:    1548592 kB
Buffers:           16324 kB
Cached:           128164 kB
MemTotal:        1844596 kB
MemFree:         1531684 kB
MemAvailable:    1548428 kB
Buffers:           16324 kB
Cached:           128164 kB
MemTotal:        1844596 kB
MemFree:         1531692 kB
MemAvailable:    1548436 kB
Buffers:           16324 kB
Cached:           128164 kB
MemTotal:        1844596 kB
MemFree:         1531568 kB
MemAvailable:    1548312 kB
Buffers:           16324 kB
Cached:           128164 kB
MemTotal:        1844596 kB
MemFree:         1530632 kB
MemAvailable:    1547376 kB
Buffers:           16324 kB
Cached:           128164 kB
MemTotal:        1844596 kB
MemFree:         1531492 kB
MemAvailable:    1548240 kB
Buffers:           16324 kB
Cached:           128168 kB
MemTotal:        1844596 kB
MemFree:         1531676 kB
MemAvailable:    1548424 kB
Buffers:           16324 kB
Cached:           128168 kB
MemTotal:        1844596 kB
MemFree:         1531452 kB
MemAvailable:    1548200 kB
Buffers:           16324 kB
Cached:           128168 kB
MemTotal:        1844596 kB
MemFree:         1530508 kB
MemAvailable:    1547256 kB
Buffers:           16324 kB
Cached:           128168 kB
MemTotal:        1844596 kB
MemFree:         1531320 kB
MemAvailable:    1548072 kB
Buffers:           16324 kB
Cached:           128172 kB
MemTotal:        1844596 kB
MemFree:         1531512 kB
MemAvailable:    1548264 kB
Buffers:           16324 kB
Cached:           128172 kB
MemTotal:        1844596 kB
MemFree:         1530872 kB
MemAvailable:    1547624 kB
Buffers:           16324 kB
Cached:           128172 kB
MemTotal:        1844596 kB
MemFree:         1528632 kB
MemAvailable:    1545384 kB
Buffers:           16324 kB
Cached:           128172 kB
MemTotal:        1844596 kB
MemFree:         1528884 kB
MemAvailable:    1545636 kB
Buffers:           16324 kB
Cached:           128172 kB
MemTotal:        1844596 kB
MemFree:         1528640 kB
MemAvailable:    1545392 kB
Buffers:           16324 kB
Cached:           128172 kB
MemTotal:        1844596 kB
MemFree:         1528640 kB
MemAvailable:    1545392 kB
Buffers:           16324 kB
Cached:           128172 kB
MemTotal:        1844596 kB
MemFree:         1527772 kB
MemAvailable:    1544524 kB
Buffers:           16324 kB
Cached:           128172 kB
MemTotal:        1844596 kB
MemFree:         1528516 kB
MemAvailable:    1545268 kB
Buffers:           16324 kB
Cached:           128172 kB
MemTotal:        1844596 kB
MemFree:         1527532 kB
MemAvailable:    1544284 kB
Buffers:           16324 kB
Cached:           128172 kB
MemTotal:        1844596 kB
MemFree:         1527780 kB
MemAvailable:    1544532 kB
Buffers:           16324 kB
Cached:           128172 kB
MemTotal:        1844596 kB
MemFree:         1530468 kB
MemAvailable:    1547220 kB
Buffers:           16324 kB
Cached:           128172 kB
MemTotal:        1844596 kB
MemFree:         1530460 kB
MemAvailable:    1547212 kB
Buffers:           16324 kB
Cached:           128172 kB
MemTotal:        1844596 kB
MemFree:         1530120 kB
MemAvailable:    1546956 kB
Buffers:           16324 kB
Cached:           128296 kB
MemTotal:        1844596 kB
MemFree:         1529516 kB
MemAvailable:    1546352 kB
Buffers:           16324 kB
Cached:           128296 kB
MemTotal:        1844596 kB
MemFree:         1530176 kB
MemAvailable:    1547096 kB
Buffers:           16324 kB
Cached:           128420 kB
MemTotal:        1844596 kB
MemFree:         1530200 kB
MemAvailable:    1547204 kB
Buffers:           16324 kB
Cached:           128420 kB
MemTotal:        1844596 kB
MemFree:         1529256 kB
MemAvailable:    1546344 kB
Buffers:           16324 kB
Cached:           128668 kB
MemTotal:        1844596 kB
MemFree:         1530128 kB
MemAvailable:    1547384 kB
Buffers:           16324 kB
Cached:           128792 kB
MemTotal:        1844596 kB
MemFree:         1530136 kB
MemAvailable:    1547392 kB
Buffers:           16324 kB
Cached:           128668 kB
MemTotal:        1844596 kB
MemFree:         1530164 kB
MemAvailable:    1547420 kB
Buffers:           16324 kB
Cached:           128792 kB
MemTotal:        1844596 kB
MemFree:         1529268 kB
MemAvailable:    1546608 kB
Buffers:           16324 kB
Cached:           128792 kB
MemTotal:        1844596 kB
MemFree:         1529584 kB
MemAvailable:    1546924 kB
Buffers:           16324 kB
Cached:           128792 kB
MemTotal:        1844596 kB
MemFree:         1528772 kB
MemAvailable:    1546112 kB
Buffers:           16324 kB
Cached:           128792 kB
MemTotal:        1844596 kB
MemFree:         1529012 kB
MemAvailable:    1546376 kB
Buffers:           16324 kB
Cached:           128824 kB
MemTotal:        1844596 kB
MemFree:         1529144 kB
MemAvailable:    1546508 kB
Buffers:           16324 kB
Cached:           128824 kB
MemTotal:        1844596 kB
MemFree:         1530012 kB
MemAvailable:    1547376 kB
Buffers:           16324 kB
Cached:           128824 kB
MemTotal:        1844596 kB
MemFree:         1529880 kB
MemAvailable:    1547244 kB
Buffers:           16324 kB
Cached:           128824 kB
MemTotal:        1844596 kB
MemFree:         1529268 kB
MemAvailable:    1546508 kB
Buffers:           16324 kB
Cached:           128824 kB
MemTotal:        1844596 kB
MemFree:         1530212 kB
MemAvailable:    1546988 kB
Buffers:           16324 kB
Cached:           128192 kB
MemTotal:        1844596 kB
MemFree:         1528632 kB
MemAvailable:    1545408 kB
Buffers:           16324 kB
Cached:           128192 kB
MemTotal:        1844596 kB
MemFree:         1598732 kB
MemAvailable:    1615508 kB
Buffers:           16324 kB
Cached:           128192 kB
