MemTotal:        1844596 kB
MemFree:         1579336 kB
MemAvailable:    1590640 kB
Buffers:           15592 kB
Cached:           123724 kB
MemTotal:        1844596 kB
MemFree:         1575004 kB
MemAvailable:    1586308 kB
Buffers:           15592 kB
Cached:           123724 kB
MemTotal:        1844596 kB
MemFree:         1574872 kB
MemAvailable:    1586176 kB
Buffers:           15592 kB
Cached:           123724 kB
MemTotal:        1844596 kB
MemFree:         1574012 kB
MemAvailable:    1585316 kB
Buffers:           15592 kB
Cached:           123724 kB
MemTotal:        1844596 kB
MemFree:         1571896 kB
MemAvailable:    1583200 kB
Buffers:           15592 kB
Cached:           123724 kB
MemTotal:        1844596 kB
MemFree:         1571516 kB
MemAvailable:    1582820 kB
Buffers:           15592 kB
Cached:           123724 kB
MemTotal:        1844596 kB
MemFree:         1571600 kB
MemAvailable:    1582904 kB
Buffers:           15592 kB
Cached:           123724 kB
MemTotal:        1844596 kB
MemFree:         1569532 kB
MemAvailable:    1580836 kB
Buffers:           15592 kB
Cached:           123724 kB
MemTotal:        1844596 kB
MemFree:         1569532 kB
MemAvailable:    1580836 kB
Buffers:           15592 kB
Cached:           123724 kB
MemTotal:        1844596 kB
MemFree:         1565952 kB
MemAvailable:    1577256 kB
Buffers:           15592 kB
Cached:           123724 kB
MemTotal:        1844596 kB
MemFree:         1565144 kB
MemAvailable:    1576448 kB
Buffers:           15592 kB
Cached:           123724 kB
MemTotal:        1844596 kB
MemFree:         1560620 kB
MemAvailable:    1571924 kB
Buffers:           15592 kB
Cached:           123724 kB
MemTotal:        1844596 kB
MemFree:         1561532 kB
MemAvailable:    1572836 kB
Buffers:           15592 kB
Cached:           123724 kB
MemTotal:        1844596 kB
MemFree:         1560456 kB
MemAvailable:    1571760 kB
Buffers:           15592 kB
Cached:           123724 kB
MemTotal:        1844596 kB
MemFree:         1560324 kB
MemAvailable:    1571628 kB
Buffers:           15592 kB
Cached:           123724 kB
MemTotal:        1844596 kB
MemFree:         1561472 kB
MemAvailable:    1572776 kB
Buffers:           15592 kB
Cached:           123724 kB
MemTotal:        1844596 kB
MemFree:         1561696 kB
MemAvailable:    1573000 kB
Buffers:           15592 kB
Cached:           123724 kB
MemTotal:        1844596 kB
MemFree:         1561480 kB
MemAvailable:    1572784 kB
Buffers:           15592 kB
Cached:           123724 kB
MemTotal:        1844596 kB
MemFree:         1561216 kB
MemAvailable:    1572520 kB
Buffers:           15592 kB
Cached:           123724 kB
MemTotal:        1844596 kB
MemFree:         1561472 kB
MemAvailable:    1572776 kB
Buffers:           15592 kB
Cached:           123724 kB
MemTotal:        1844596 kB
MemFree:         1560556 kB
MemAvailable:    1571860 kB
Buffers:           15592 kB
Cached:           123724 kB
MemTotal:        1844596 kB
MemFree:         1558876 kB
MemAvailable:    1570180 kB
Buffers:           15592 kB
Cached:           123724 kB
MemTotal:        1844596 kB
MemFree:         1559564 kB
MemAvailable:    1570868 kB
Buffers:           15592 kB
Cached:           123724 kB
MemTotal:        1844596 kB
MemFree:         1559108 kB
MemAvailable:    1570412 kB
Buffers:           15592 kB
Cached:           123724 kB
MemTotal:        1844596 kB
MemFree:         1559192 kB
MemAvailable:    1570496 kB
Buffers:           15592 kB
Cached:           123724 kB
MemTotal:        1844596 kB
MemFree:         1559120 kB
MemAvailable:    1570424 kB
Buffers:           15592 kB
Cached:           123724 kB
MemTotal:        1844596 kB
MemFree:         1558140 kB
MemAvailable:    1569444 kB
Buffers:           15592 kB
Cached:           123724 kB
MemTotal:        1844596 kB
MemFree:         1558988 kB
MemAvailable:    1570292 kB
Buffers:           15592 kB
Cached:           123724 kB
MemTotal:        1844596 kB
MemFree:         1559244 kB
MemAvailable:    1570548 kB
Buffers:           15592 kB
Cached:           123724 kB
MemTotal:        1844596 kB
MemFree:         1559132 kB
MemAvailable:    1570436 kB
Buffers:           15592 kB
Cached:           123724 kB
MemTotal:        1844596 kB
MemFree:         1559168 kB
MemAvailable:    1570472 kB
Buffers:           15592 kB
Cached:           123724 kB
MemTotal:        1844596 kB
MemFree:         1559096 kB
MemAvailable:    1570400 kB
Buffers:           15592 kB
Cached:           123724 kB
MemTotal:        1844596 kB
MemFree:         1559156 kB
MemAvailable:    1570460 kB
Buffers:           15592 kB
Cached:           123724 kB
MemTotal:        1844596 kB
MemFree:         1560284 kB
MemAvailable:    1571588 kB
Buffers:           15592 kB
Cached:           123724 kB
MemTotal:        1844596 kB
MemFree:         1559424 kB
MemAvailable:    1570728 kB
Buffers:           15592 kB
Cached:           123724 kB
MemTotal:        1844596 kB
MemFree:         1558620 kB
MemAvailable:    1569924 kB
Buffers:           15592 kB
Cached:           123724 kB
MemTotal:        1844596 kB
MemFree:         1557760 kB
MemAvailable:    1569064 kB
Buffers:           15592 kB
Cached:           123724 kB
MemTotal:        1844596 kB
MemFree:         1556644 kB
MemAvailable:    1567948 kB
Buffers:           15592 kB
Cached:           123724 kB
MemTotal:        1844596 kB
MemFree:         1557016 kB
MemAvailable:    1568320 kB
Buffers:           15592 kB
Cached:           123724 kB
MemTotal:        1844596 kB
MemFree:         1556652 kB
MemAvailable:    1567956 kB
Buffers:           15592 kB
Cached:           123724 kB
MemTotal:        1844596 kB
MemFree:         1556092 kB
MemAvailable:    1567396 kB
Buffers:           15592 kB
Cached:           123724 kB
MemTotal:        1844596 kB
MemFree:         1555636 kB
MemAvailable:    1566940 kB
Buffers:           15592 kB
Cached:           123724 kB
MemTotal:        1844596 kB
MemFree:         1555888 kB
MemAvailable:    1567192 kB
Buffers:           15592 kB
Cached:           123724 kB
MemTotal:        1844596 kB
MemFree:         1555040 kB
MemAvailable:    1566344 kB
Buffers:           15592 kB
Cached:           123724 kB
MemTotal:        1844596 kB
MemFree:         1554768 kB
MemAvailable:    1566072 kB
Buffers:           15592 kB
Cached:           123724 kB
MemTotal:        1844596 kB
MemFree:         1555020 kB
MemAvailable:    1566324 kB
Buffers:           15592 kB
Cached:           123724 kB
MemTotal:        1844596 kB
MemFree:         1553776 kB
MemAvailable:    1565080 kB
Buffers:           15592 kB
Cached:           123724 kB
MemTotal:        1844596 kB
MemFree:         1553908 kB
MemAvailable:    1565212 kB
Buffers:           15592 kB
Cached:           123724 kB
MemTotal:        1844596 kB
MemFree:         1553908 kB
MemAvailable:    1565212 kB
Buffers:           15592 kB
Cached:           123724 kB
MemTotal:        1844596 kB
MemFree:         1553800 kB
MemAvailable:    1565104 kB
Buffers:           15592 kB
Cached:           123724 kB
MemTotal:        1844596 kB
MemFree:         1553428 kB
MemAvailable:    1564732 kB
Buffers:           15592 kB
Cached:           123724 kB
MemTotal:        1844596 kB
MemFree:         1553552 kB
MemAvailable:    1564856 kB
Buffers:           15592 kB
Cached:           123724 kB
MemTotal:        1844596 kB
MemFree:         1554048 kB
MemAvailable:    1565352 kB
Buffers:           15592 kB
Cached:           123724 kB
MemTotal:        1844596 kB
MemFree:         1552644 kB
MemAvailable:    1563948 kB
Buffers:           15592 kB
Cached:           123724 kB
MemTotal:        1844596 kB
MemFree:         1553048 kB
MemAvailable:    1564352 kB
Buffers:           15592 kB
Cached:           123724 kB
MemTotal:        1844596 kB
MemFree:         1552792 kB
MemAvailable:    1564096 kB
Buffers:           15592 kB
Cached:           123724 kB
MemTotal:        1844596 kB
MemFree:         1554144 kB
MemAvailable:    1565448 kB
Buffers:           15592 kB
Cached:           123724 kB
MemTotal:        1844596 kB
MemFree:         1553988 kB
MemAvailable:    1565292 kB
Buffers:           15592 kB
Cached:           123724 kB
MemTotal:        1844596 kB
MemFree:         1554088 kB
MemAvailable:    1565392 kB
Buffers:           15592 kB
Cached:           123724 kB
MemTotal:        1844596 kB
MemFree:         1554196 kB
MemAvailable:    1565500 kB
Buffers:           15592 kB
Cached:           123724 kB
MemTotal:        1844596 kB
MemFree:         1554228 kB
MemAvailable:    1565532 kB
Buffers:           15592 kB
Cached:           123724 kB
MemTotal:        1844596 kB
MemFree:         1553296 kB
MemAvailable:    1564600 kB
Buffers:           15592 kB
Cached:           123724 kB
MemTotal:        1844596 kB
MemFree:         1553764 kB
MemAvailable:    1565068 kB
Buffers:           15592 kB
Cached:           123724 kB
MemTotal:        1844596 kB
MemFree:         1552664 kB
MemAvailable:    1563968 kB
Buffers:           15592 kB
Cached:           123724 kB
MemTotal:        1844596 kB
MemFree:         1552904 kB
MemAvailable:    1564208 kB
Buffers:           15592 kB
Cached:           123724 kB
MemTotal:        1844596 kB
MemFree:         1553036 kB
MemAvailable:    1564340 kB
Buffers:           15592 kB
Cached:           123724 kB
MemTotal:        1844596 kB
MemFree:         1553916 kB
MemAvailable:    1565220 kB
Buffers:           15592 kB
Cached:           123724 kB
MemTotal:        1844596 kB
MemFree:         1553924 kB
MemAvailable:    1565228 kB
Buffers:           15592 kB
Cached:           123724 kB
MemTotal:        1844596 kB
MemFree:         1553800 kB
MemAvailable:    1565104 kB
Buffers:           15592 kB
Cached:           123724 kB
MemTotal:        1844596 kB
MemFree:         1553428 kB
MemAvailable:    1564732 kB
Buffers:           15592 kB
Cached:           123724 kB
MemTotal:        1844596 kB
MemFree:         1553296 kB
MemAvailable:    1564600 kB
Buffers:           15592 kB
Cached:           123724 kB
MemTotal:        1844596 kB
MemFree:         1553552 kB
MemAvailable:    1564856 kB
Buffers:           15592 kB
Cached:           123724 kB
MemTotal:        1844596 kB
MemFree:         1553172 kB
MemAvailable:    1564476 kB
Buffers:           15592 kB
Cached:           123724 kB
MemTotal:        1844596 kB
MemFree:         1553356 kB
MemAvailable:    1564660 kB
Buffers:           15592 kB
Cached:           123724 kB
MemTotal:        1844596 kB
MemFree:         1553164 kB
MemAvailable:    1564468 kB
Buffers:           15592 kB
Cached:           123724 kB
MemTotal:        1844596 kB
MemFree:         1551528 kB
MemAvailable:    1562832 kB
Buffers:           15592 kB
Cached:           123724 kB
MemTotal:        1844596 kB
MemFree:         1553304 kB
MemAvailable:    1564608 kB
Buffers:           15592 kB
Cached:           123724 kB
MemTotal:        1844596 kB
MemFree:         1552900 kB
MemAvailable:    1564204 kB
Buffers:           15592 kB
Cached:           123724 kB
MemTotal:        1844596 kB
MemFree:         1552984 kB
MemAvailable:    1564288 kB
Buffers:           15592 kB
Cached:           123724 kB
MemTotal:        1844596 kB
MemFree:         1552764 kB
MemAvailable:    1564068 kB
Buffers:           15592 kB
Cached:           123724 kB
MemTotal:        1844596 kB
MemFree:         1553016 kB
MemAvailable:    1564320 kB
Buffers:           15592 kB
Cached:           123724 kB
MemTotal:        1844596 kB
MemFree:         1552684 kB
MemAvailable:    1563988 kB
Buffers:           15592 kB
Cached:           123724 kB
MemTotal:        1844596 kB
MemFree:         1550568 kB
MemAvailable:    1561884 kB
Buffers:           15592 kB
Cached:           123736 kB
MemTotal:        1844596 kB
MemFree:         1551008 kB
MemAvailable:    1562324 kB
Buffers:           15592 kB
Cached:           123736 kB
MemTotal:        1844596 kB
MemFree:         1546724 kB
MemAvailable:    1558040 kB
Buffers:           15592 kB
Cached:           123736 kB
MemTotal:        1844596 kB
MemFree:         1545484 kB
MemAvailable:    1556800 kB
Buffers:           15592 kB
Cached:           123736 kB
MemTotal:        1844596 kB
MemFree:         1544624 kB
MemAvailable:    1555940 kB
Buffers:           15592 kB
Cached:           123736 kB
MemTotal:        1844596 kB
MemFree:         1545172 kB
MemAvailable:    1556488 kB
Buffers:           15592 kB
Cached:           123736 kB
MemTotal:        1844596 kB
MemFree:         1543880 kB
MemAvailable:    1555196 kB
Buffers:           15592 kB
Cached:           123736 kB
MemTotal:        1844596 kB
MemFree:         1544984 kB
MemAvailable:    1556300 kB
Buffers:           15592 kB
Cached:           123736 kB
MemTotal:        1844596 kB
MemFree:         1544996 kB
MemAvailable:    1556312 kB
Buffers:           15592 kB
Cached:           123736 kB
MemTotal:        1844596 kB
MemFree:         1545056 kB
MemAvailable:    1556372 kB
Buffers:           15592 kB
Cached:           123736 kB
MemTotal:        1844596 kB
MemFree:         1544824 kB
MemAvailable:    1556140 kB
Buffers:           15592 kB
Cached:           123736 kB
MemTotal:        1844596 kB
MemFree:         1545008 kB
MemAvailable:    1556324 kB
Buffers:           15592 kB
Cached:           123736 kB
MemTotal:        1844596 kB
MemFree:         1544624 kB
MemAvailable:    1555940 kB
Buffers:           15592 kB
Cached:           123736 kB
MemTotal:        1844596 kB
MemFree:         1544928 kB
MemAvailable:    1556244 kB
Buffers:           15592 kB
Cached:           123736 kB
MemTotal:        1844596 kB
MemFree:         1545096 kB
MemAvailable:    1556412 kB
Buffers:           15592 kB
Cached:           123736 kB
MemTotal:        1844596 kB
MemFree:         1545120 kB
MemAvailable:    1556436 kB
Buffers:           15592 kB
Cached:           123736 kB
MemTotal:        1844596 kB
MemFree:         1543996 kB
MemAvailable:    1555312 kB
Buffers:           15592 kB
Cached:           123736 kB
MemTotal:        1844596 kB
MemFree:         1545172 kB
MemAvailable:    1556488 kB
Buffers:           15592 kB
Cached:           123736 kB
MemTotal:        1844596 kB
MemFree:         1544128 kB
MemAvailable:    1555444 kB
Buffers:           15592 kB
Cached:           123736 kB
MemTotal:        1844596 kB
MemFree:         1544984 kB
MemAvailable:    1556300 kB
Buffers:           15592 kB
Cached:           123736 kB
MemTotal:        1844596 kB
MemFree:         1544976 kB
MemAvailable:    1556292 kB
Buffers:           15592 kB
Cached:           123736 kB
MemTotal:        1844596 kB
MemFree:         1544500 kB
MemAvailable:    1555816 kB
Buffers:           15592 kB
Cached:           123736 kB
MemTotal:        1844596 kB
MemFree:         1544684 kB
MemAvailable:    1556000 kB
Buffers:           15592 kB
Cached:           123736 kB
MemTotal:        1844596 kB
MemFree:         1544552 kB
MemAvailable:    1555868 kB
Buffers:           15592 kB
Cached:           123736 kB
MemTotal:        1844596 kB
MemFree:         1544304 kB
MemAvailable:    1555620 kB
Buffers:           15592 kB
Cached:           123736 kB
MemTotal:        1844596 kB
MemFree:         1543932 kB
MemAvailable:    1555248 kB
Buffers:           15592 kB
Cached:           123736 kB
MemTotal:        1844596 kB
MemFree:         1543684 kB
MemAvailable:    1555000 kB
Buffers:           15592 kB
Cached:           123736 kB
MemTotal:        1844596 kB
MemFree:         1543352 kB
MemAvailable:    1554668 kB
Buffers:           15592 kB
Cached:           123736 kB
MemTotal:        1844596 kB
MemFree:         1542748 kB
MemAvailable:    1554064 kB
Buffers:           15592 kB
Cached:           123736 kB
MemTotal:        1844596 kB
MemFree:         1543104 kB
MemAvailable:    1554420 kB
Buffers:           15592 kB
Cached:           123736 kB
MemTotal:        1844596 kB
MemFree:         1542460 kB
MemAvailable:    1553776 kB
Buffers:           15592 kB
Cached:           123736 kB
MemTotal:        1844596 kB
MemFree:         1542188 kB
MemAvailable:    1553504 kB
Buffers:           15592 kB
Cached:           123736 kB
MemTotal:        1844596 kB
MemFree:         1541996 kB
MemAvailable:    1553312 kB
Buffers:           15592 kB
Cached:           123736 kB
MemTotal:        1844596 kB
MemFree:         1542020 kB
MemAvailable:    1553336 kB
Buffers:           15592 kB
Cached:           123736 kB
MemTotal:        1844596 kB
MemFree:         1541764 kB
MemAvailable:    1553080 kB
Buffers:           15592 kB
Cached:           123736 kB
MemTotal:        1844596 kB
MemFree:         1541824 kB
MemAvailable:    1553140 kB
Buffers:           15592 kB
Cached:           123736 kB
MemTotal:        1844596 kB
MemFree:         1540896 kB
MemAvailable:    1552212 kB
Buffers:           15592 kB
Cached:           123736 kB
MemTotal:        1844596 kB
MemFree:         1541496 kB
MemAvailable:    1552812 kB
Buffers:           15592 kB
Cached:           123736 kB
MemTotal:        1844596 kB
MemFree:         1541380 kB
MemAvailable:    1552696 kB
Buffers:           15592 kB
Cached:           123736 kB
MemTotal:        1844596 kB
MemFree:         1541108 kB
MemAvailable:    1552424 kB
Buffers:           15592 kB
Cached:           123736 kB
MemTotal:        1844596 kB
MemFree:         1540752 kB
MemAvailable:    1552068 kB
Buffers:           15592 kB
Cached:           123736 kB
MemTotal:        1844596 kB
MemFree:         1540972 kB
MemAvailable:    1552288 kB
Buffers:           15592 kB
Cached:           123736 kB
MemTotal:        1844596 kB
MemFree:         1541224 kB
MemAvailable:    1552540 kB
Buffers:           15592 kB
Cached:           123736 kB
MemTotal:        1844596 kB
MemFree:         1540980 kB
MemAvailable:    1552296 kB
Buffers:           15592 kB
Cached:           123736 kB
MemTotal:        1844596 kB
MemFree:         1541164 kB
MemAvailable:    1552480 kB
Buffers:           15592 kB
Cached:           123736 kB
MemTotal:        1844596 kB
MemFree:         1540276 kB
MemAvailable:    1551592 kB
Buffers:           15592 kB
Cached:           123736 kB
MemTotal:        1844596 kB
MemFree:         1540964 kB
MemAvailable:    1552280 kB
Buffers:           15592 kB
Cached:           123736 kB
MemTotal:        1844596 kB
MemFree:         1540832 kB
MemAvailable:    1552148 kB
Buffers:           15592 kB
Cached:           123736 kB
MemTotal:        1844596 kB
MemFree:         1540956 kB
MemAvailable:    1552272 kB
Buffers:           15592 kB
Cached:           123736 kB
MemTotal:        1844596 kB
MemFree:         1540028 kB
MemAvailable:    1551344 kB
Buffers:           15592 kB
Cached:           123736 kB
MemTotal:        1844596 kB
MemFree:         1540212 kB
MemAvailable:    1551528 kB
Buffers:           15592 kB
Cached:           123736 kB
MemTotal:        1844596 kB
MemFree:         1540152 kB
MemAvailable:    1551468 kB
Buffers:           15592 kB
Cached:           123736 kB
MemTotal:        1844596 kB
MemFree:         1535996 kB
MemAvailable:    1547312 kB
Buffers:           15592 kB
Cached:           123736 kB
MemTotal:        1844596 kB
MemFree:         1535680 kB
MemAvailable:    1546996 kB
Buffers:           15592 kB
Cached:           123736 kB
MemTotal:        1844596 kB
MemFree:         1535936 kB
MemAvailable:    1547252 kB
Buffers:           15592 kB
Cached:           123736 kB
MemTotal:        1844596 kB
MemFree:         1535432 kB
MemAvailable:    1546748 kB
Buffers:           15592 kB
Cached:           123736 kB
MemTotal:        1844596 kB
MemFree:         1535432 kB
MemAvailable:    1546748 kB
Buffers:           15592 kB
Cached:           123736 kB
MemTotal:        1844596 kB
MemFree:         1535184 kB
MemAvailable:    1546500 kB
Buffers:           15592 kB
Cached:           123736 kB
MemTotal:        1844596 kB
MemFree:         1535196 kB
MemAvailable:    1546512 kB
Buffers:           15592 kB
Cached:           123736 kB
MemTotal:        1844596 kB
MemFree:         1534572 kB
MemAvailable:    1545888 kB
Buffers:           15592 kB
Cached:           123736 kB
MemTotal:        1844596 kB
MemFree:         1535048 kB
MemAvailable:    1546364 kB
Buffers:           15592 kB
Cached:           123736 kB
MemTotal:        1844596 kB
MemFree:         1535180 kB
MemAvailable:    1546496 kB
Buffers:           15592 kB
Cached:           123736 kB
MemTotal:        1844596 kB
MemFree:         1533076 kB
MemAvailable:    1544392 kB
Buffers:           15592 kB
Cached:           123736 kB
MemTotal:        1844596 kB
MemFree:         1532828 kB
MemAvailable:    1544144 kB
Buffers:           15592 kB
Cached:           123736 kB
MemTotal:        1844596 kB
MemFree:         1532200 kB
MemAvailable:    1543516 kB
Buffers:           15592 kB
Cached:           123736 kB
MemTotal:        1844596 kB
MemFree:         1531844 kB
MemAvailable:    1543160 kB
Buffers:           15592 kB
Cached:           123736 kB
MemTotal:        1844596 kB
MemFree:         1531940 kB
MemAvailable:    1543256 kB
Buffers:           15592 kB
Cached:           123736 kB
MemTotal:        1844596 kB
MemFree:         1531968 kB
MemAvailable:    1543284 kB
Buffers:           15592 kB
Cached:           123736 kB
MemTotal:        1844596 kB
MemFree:         1532080 kB
MemAvailable:    1543396 kB
Buffers:           15592 kB
Cached:           123736 kB
MemTotal:        1844596 kB
MemFree:         1532092 kB
MemAvailable:    1543408 kB
Buffers:           15592 kB
Cached:           123736 kB
MemTotal:        1844596 kB
MemFree:         1530784 kB
MemAvailable:    1542100 kB
Buffers:           15592 kB
Cached:           123736 kB
MemTotal:        1844596 kB
MemFree:         1531900 kB
MemAvailable:    1543216 kB
Buffers:           15592 kB
Cached:           123736 kB
MemTotal:        1844596 kB
MemFree:         1532020 kB
MemAvailable:    1543336 kB
Buffers:           15592 kB
Cached:           123736 kB
MemTotal:        1844596 kB
MemFree:         1534076 kB
MemAvailable:    1545392 kB
Buffers:           15592 kB
Cached:           123736 kB
MemTotal:        1844596 kB
MemFree:         1533036 kB
MemAvailable:    1544352 kB
Buffers:           15592 kB
Cached:           123736 kB
MemTotal:        1844596 kB
MemFree:         1534080 kB
MemAvailable:    1545480 kB
Buffers:           15592 kB
Cached:           123860 kB
MemTotal:        1844596 kB
MemFree:         1534128 kB
MemAvailable:    1545696 kB
Buffers:           15592 kB
Cached:           123984 kB
MemTotal:        1844596 kB
MemFree:         1532712 kB
MemAvailable:    1544364 kB
Buffers:           15592 kB
Cached:           124108 kB
MemTotal:        1844596 kB
MemFree:         1533384 kB
MemAvailable:    1545120 kB
Buffers:           15592 kB
Cached:           124232 kB
MemTotal:        1844596 kB
MemFree:         1533636 kB
MemAvailable:    1545372 kB
Buffers:           15592 kB
Cached:           124232 kB
MemTotal:        1844596 kB
MemFree:         1532144 kB
MemAvailable:    1544048 kB
Buffers:           15592 kB
Cached:           124356 kB
MemTotal:        1844596 kB
MemFree:         1533456 kB
MemAvailable:    1545408 kB
Buffers:           15592 kB
Cached:           124372 kB
MemTotal:        1844596 kB
MemFree:         1532464 kB
MemAvailable:    1544416 kB
Buffers:           15592 kB
Cached:           124372 kB
MemTotal:        1844596 kB
MemFree:         1533360 kB
MemAvailable:    1545312 kB
Buffers:           15592 kB
Cached:           124372 kB
MemTotal:        1844596 kB
MemFree:         1533276 kB
MemAvailable:    1545228 kB
Buffers:           15592 kB
Cached:           124372 kB
MemTotal:        1844596 kB
MemFree:         1533260 kB
MemAvailable:    1545212 kB
Buffers:           15592 kB
Cached:           124372 kB
MemTotal:        1844596 kB
MemFree:         1533260 kB
MemAvailable:    1545212 kB
Buffers:           15592 kB
Cached:           124372 kB
MemTotal:        1844596 kB
MemFree:         1533136 kB
MemAvailable:    1545088 kB
Buffers:           15592 kB
Cached:           124372 kB
MemTotal:        1844596 kB
MemFree:         1533360 kB
MemAvailable:    1545312 kB
Buffers:           15592 kB
Cached:           124372 kB
MemTotal:        1844596 kB
MemFree:         1533604 kB
MemAvailable:    1544968 kB
Buffers:           15592 kB
Cached:           123740 kB
MemTotal:        1844596 kB
MemFree:         1533604 kB
MemAvailable:    1544968 kB
Buffers:           15592 kB
Cached:           123740 kB
MemTotal:        1844596 kB
MemFree:         1601920 kB
MemAvailable:    1613284 kB
Buffers:           15592 kB
Cached:           123740 kB
