MemTotal:        1844596 kB
MemFree:         1566392 kB
MemAvailable:    1587780 kB
Buffers:           16924 kB
Cached:           131840 kB
MemTotal:        1844596 kB
MemFree:         1564592 kB
MemAvailable:    1585980 kB
Buffers:           16924 kB
Cached:           131840 kB
MemTotal:        1844596 kB
MemFree:         1563600 kB
MemAvailable:    1584988 kB
Buffers:           16924 kB
Cached:           131840 kB
MemTotal:        1844596 kB
MemFree:         1562472 kB
MemAvailable:    1583860 kB
Buffers:           16924 kB
Cached:           131840 kB
MemTotal:        1844596 kB
MemFree:         1562052 kB
MemAvailable:    1583440 kB
Buffers:           16924 kB
Cached:           131840 kB
MemTotal:        1844596 kB
MemFree:         1562292 kB
MemAvailable:    1583684 kB
Buffers:           16924 kB
Cached:           131844 kB
MemTotal:        1844596 kB
MemFree:         1561368 kB
MemAvailable:    1582760 kB
Buffers:           16924 kB
Cached:           131844 kB
MemTotal:        1844596 kB
MemFree:         1561176 kB
MemAvailable:    1582568 kB
Buffers:           16924 kB
Cached:           131844 kB
MemTotal:        1844596 kB
MemFree:         1559904 kB
MemAvailable:    1581296 kB
Buffers:           16924 kB
Cached:           131844 kB
MemTotal:        1844596 kB
MemFree:         1557208 kB
MemAvailable:    1578600 kB
Buffers:           16924 kB
Cached:           131844 kB
MemTotal:        1844596 kB
MemFree:         1555968 kB
MemAvailable:    1577360 kB
Buffers:           16924 kB
Cached:           131844 kB
MemTotal:        1844596 kB
MemFree:         1551868 kB
MemAvailable:    1573260 kB
Buffers:           16924 kB
Cached:           131844 kB
MemTotal:        1844596 kB
MemFree:         1551828 kB
MemAvailable:    1573220 kB
Buffers:           16924 kB
Cached:           131844 kB
MemTotal:        1844596 kB
MemFree:         1550836 kB
MemAvailable:    1572228 kB
Buffers:           16924 kB
Cached:           131844 kB
MemTotal:        1844596 kB
MemFree:         1551004 kB
MemAvailable:    1572396 kB
Buffers:           16924 kB
Cached:           131844 kB
MemTotal:        1844596 kB
MemFree:         1551076 kB
MemAvailable:    1572468 kB
Buffers:           16924 kB
Cached:           131844 kB
MemTotal:        1844596 kB
MemFree:         1549852 kB
MemAvailable:    1571244 kB
Buffers:           16924 kB
Cached:           131844 kB
MemTotal:        1844596 kB
MemFree:         1550892 kB
MemAvailable:    1572284 kB
Buffers:           16924 kB
Cached:           131844 kB
MemTotal:        1844596 kB
MemFree:         1550944 kB
MemAvailable:    1572336 kB
Buffers:           16924 kB
Cached:           131844 kB
MemTotal:        1844596 kB
MemFree:         1551076 kB
MemAvailable:    1572468 kB
Buffers:           16924 kB
Cached:           131844 kB
MemTotal:        1844596 kB
MemFree:         1549404 kB
MemAvailable:    1570796 kB
Buffers:           16924 kB
Cached:           131844 kB
MemTotal:        1844596 kB
MemFree:         1549264 kB
MemAvailable:    1570656 kB
Buffers:           16924 kB
Cached:           131844 kB
MemTotal:        1844596 kB
MemFree:         1549264 kB
MemAvailable:    1570656 kB
Buffers:           16924 kB
Cached:           131844 kB
MemTotal:        1844596 kB
MemFree:         1548652 kB
MemAvailable:    1570044 kB
Buffers:           16924 kB
Cached:           131844 kB
MemTotal:        1844596 kB
MemFree:         1548908 kB
MemAvailable:    1570300 kB
Buffers:           16924 kB
Cached:           131844 kB
MemTotal:        1844596 kB
MemFree:         1548652 kB
MemAvailable:    1570044 kB
Buffers:           16924 kB
Cached:           131844 kB
MemTotal:        1844596 kB
MemFree:         1548448 kB
MemAvailable:    1569840 kB
Buffers:           16924 kB
Cached:           131844 kB
MemTotal:        1844596 kB
MemFree:         1548472 kB
MemAvailable:    1569864 kB
Buffers:           16924 kB
Cached:           131844 kB
MemTotal:        1844596 kB
MemFree:         1548724 kB
MemAvailable:    1570116 kB
Buffers:           16924 kB
Cached:           131844 kB
MemTotal:        1844596 kB
MemFree:         1547220 kB
MemAvailable:    1568612 kB
Buffers:           16924 kB
Cached:           131844 kB
MemTotal:        1844596 kB
MemFree:         1547352 kB
MemAvailable:    1568744 kB
Buffers:           16924 kB
Cached:           131844 kB
MemTotal:        1844596 kB
MemFree:         1548648 kB
MemAvailable:    1570040 kB
Buffers:           16924 kB
Cached:           131844 kB
MemTotal:        1844596 kB
MemFree:         1548624 kB
MemAvailable:    1570016 kB
Buffers:           16924 kB
Cached:           131844 kB
MemTotal:        1844596 kB
MemFree:         1549812 kB
MemAvailable:    1571204 kB
Buffers:           16924 kB
Cached:           131844 kB
MemTotal:        1844596 kB
MemFree:         1549784 kB
MemAvailable:    1571176 kB
Buffers:           16924 kB
Cached:           131844 kB
MemTotal:        1844596 kB
MemFree:         1549272 kB
MemAvailable:    1570664 kB
Buffers:           16924 kB
Cached:           131844 kB
MemTotal:        1844596 kB
MemFree:         1549272 kB
MemAvailable:    1570664 kB
Buffers:           16924 kB
Cached:           131844 kB
MemTotal:        1844596 kB
MemFree:         1547144 kB
MemAvailable:    1568536 kB
Buffers:           16924 kB
Cached:           131844 kB
MemTotal:        1844596 kB
MemFree:         1545312 kB
MemAvailable:    1566704 kB
Buffers:           16924 kB
Cached:           131844 kB
MemTotal:        1844596 kB
MemFree:         1546116 kB
MemAvailable:    1567508 kB
Buffers:           16924 kB
Cached:           131844 kB
MemTotal:        1844596 kB
MemFree:         1544444 kB
MemAvailable:    1565836 kB
Buffers:           16924 kB
Cached:           131844 kB
MemTotal:        1844596 kB
MemFree:         1545316 kB
MemAvailable:    1566708 kB
Buffers:           16924 kB
Cached:           131844 kB
MemTotal:        1844596 kB
MemFree:         1543884 kB
MemAvailable:    1565276 kB
Buffers:           16924 kB
Cached:           131844 kB
MemTotal:        1844596 kB
MemFree:         1544628 kB
MemAvailable:    1566020 kB
Buffers:           16924 kB
Cached:           131844 kB
MemTotal:        1844596 kB
MemFree:         1544444 kB
MemAvailable:    1565836 kB
Buffers:           16924 kB
Cached:           131844 kB
MemTotal:        1844596 kB
MemFree:         1544628 kB
MemAvailable:    1566020 kB
Buffers:           16924 kB
Cached:           131844 kB
MemTotal:        1844596 kB
MemFree:         1544296 kB
MemAvailable:    1565688 kB
Buffers:           16924 kB
Cached:           131844 kB
MemTotal:        1844596 kB
MemFree:         1543824 kB
MemAvailable:    1565216 kB
Buffers:           16924 kB
Cached:           131844 kB
MemTotal:        1844596 kB
MemFree:         1543184 kB
MemAvailable:    1564576 kB
Buffers:           16924 kB
Cached:           131844 kB
MemTotal:        1844596 kB
MemFree:         1543020 kB
MemAvailable:    1564412 kB
Buffers:           16924 kB
Cached:           131844 kB
MemTotal:        1844596 kB
MemFree:         1544120 kB
MemAvailable:    1565512 kB
Buffers:           16924 kB
Cached:           131844 kB
MemTotal:        1844596 kB
MemFree:         1544120 kB
MemAvailable:    1565512 kB
Buffers:           16924 kB
Cached:           131844 kB
MemTotal:        1844596 kB
MemFree:         1542644 kB
MemAvailable:    1564036 kB
Buffers:           16924 kB
Cached:           131844 kB
MemTotal:        1844596 kB
MemFree:         1542644 kB
MemAvailable:    1564036 kB
Buffers:           16924 kB
Cached:           131844 kB
MemTotal:        1844596 kB
MemFree:         1543620 kB
MemAvailable:    1565012 kB
Buffers:           16924 kB
Cached:           131844 kB
MemTotal:        1844596 kB
MemFree:         1543452 kB
MemAvailable:    1564844 kB
Buffers:           16924 kB
Cached:           131844 kB
MemTotal:        1844596 kB
MemFree:         1542196 kB
MemAvailable:    1563588 kB
Buffers:           16924 kB
Cached:           131844 kB
MemTotal:        1844596 kB
MemFree:         1542328 kB
MemAvailable:    1563720 kB
Buffers:           16924 kB
Cached:           131844 kB
MemTotal:        1844596 kB
MemFree:         1543504 kB
MemAvailable:    1564896 kB
Buffers:           16924 kB
Cached:           131844 kB
MemTotal:        1844596 kB
MemFree:         1543444 kB
MemAvailable:    1564836 kB
Buffers:           16924 kB
Cached:           131844 kB
MemTotal:        1844596 kB
MemFree:         1543264 kB
MemAvailable:    1564656 kB
Buffers:           16924 kB
Cached:           131844 kB
MemTotal:        1844596 kB
MemFree:         1543212 kB
MemAvailable:    1564604 kB
Buffers:           16924 kB
Cached:           131844 kB
MemTotal:        1844596 kB
MemFree:         1543332 kB
MemAvailable:    1564724 kB
Buffers:           16924 kB
Cached:           131844 kB
MemTotal:        1844596 kB
MemFree:         1542584 kB
MemAvailable:    1563976 kB
Buffers:           16924 kB
Cached:           131844 kB
MemTotal:        1844596 kB
MemFree:         1543308 kB
MemAvailable:    1564700 kB
Buffers:           16924 kB
Cached:           131844 kB
MemTotal:        1844596 kB
MemFree:         1543192 kB
MemAvailable:    1564584 kB
Buffers:           16924 kB
Cached:           131844 kB
MemTotal:        1844596 kB
MemFree:         1543148 kB
MemAvailable:    1564540 kB
Buffers:           16924 kB
Cached:           131844 kB
MemTotal:        1844596 kB
MemFree:         1543204 kB
MemAvailable:    1564596 kB
Buffers:           16924 kB
Cached:           131844 kB
MemTotal:        1844596 kB
MemFree:         1543200 kB
MemAvailable:    1564592 kB
Buffers:           16924 kB
Cached:           131844 kB
MemTotal:        1844596 kB
MemFree:         1542088 kB
MemAvailable:    1563480 kB
Buffers:           16924 kB
Cached:           131844 kB
MemTotal:        1844596 kB
MemFree:         1542636 kB
MemAvailable:    1564028 kB
Buffers:           16924 kB
Cached:           131844 kB
MemTotal:        1844596 kB
MemFree:         1542888 kB
MemAvailable:    1564280 kB
Buffers:           16924 kB
Cached:           131844 kB
MemTotal:        1844596 kB
MemFree:         1542512 kB
MemAvailable:    1563904 kB
Buffers:           16924 kB
Cached:           131844 kB
MemTotal:        1844596 kB
MemFree:         1542764 kB
MemAvailable:    1564156 kB
Buffers:           16924 kB
Cached:           131844 kB
MemTotal:        1844596 kB
MemFree:         1542320 kB
MemAvailable:    1563712 kB
Buffers:           16924 kB
Cached:           131844 kB
MemTotal:        1844596 kB
MemFree:         1542164 kB
MemAvailable:    1563556 kB
Buffers:           16924 kB
Cached:           131844 kB
MemTotal:        1844596 kB
MemFree:         1542484 kB
MemAvailable:    1563876 kB
Buffers:           16924 kB
Cached:           131844 kB
MemTotal:        1844596 kB
MemFree:         1542560 kB
MemAvailable:    1563952 kB
Buffers:           16924 kB
Cached:           131844 kB
MemTotal:        1844596 kB
MemFree:         1542172 kB
MemAvailable:    1563564 kB
Buffers:           16924 kB
Cached:           131844 kB
MemTotal:        1844596 kB
MemFree:         1542256 kB
MemAvailable:    1563648 kB
Buffers:           16924 kB
Cached:           131844 kB
MemTotal:        1844596 kB
MemFree:         1542508 kB
MemAvailable:    1563900 kB
Buffers:           16924 kB
Cached:           131844 kB
MemTotal:        1844596 kB
MemFree:         1541160 kB
MemAvailable:    1562552 kB
Buffers:           16924 kB
Cached:           131844 kB
MemTotal:        1844596 kB
MemFree:         1542260 kB
MemAvailable:    1563652 kB
Buffers:           16924 kB
Cached:           131844 kB
MemTotal:        1844596 kB
MemFree:         1542344 kB
MemAvailable:    1563736 kB
Buffers:           16924 kB
Cached:           131844 kB
MemTotal:        1844596 kB
MemFree:         1541096 kB
MemAvailable:    1562488 kB
Buffers:           16924 kB
Cached:           131844 kB
MemTotal:        1844596 kB
MemFree:         1540164 kB
MemAvailable:    1561556 kB
Buffers:           16924 kB
Cached:           131844 kB
MemTotal:        1844596 kB
MemFree:         1536756 kB
MemAvailable:    1558148 kB
Buffers:           16924 kB
Cached:           131844 kB
MemTotal:        1844596 kB
MemFree:         1535456 kB
MemAvailable:    1556848 kB
Buffers:           16924 kB
Cached:           131844 kB
MemTotal:        1844596 kB
MemFree:         1533764 kB
MemAvailable:    1555156 kB
Buffers:           16924 kB
Cached:           131844 kB
MemTotal:        1844596 kB
MemFree:         1534028 kB
MemAvailable:    1555420 kB
Buffers:           16924 kB
Cached:           131844 kB
MemTotal:        1844596 kB
MemFree:         1534832 kB
MemAvailable:    1556224 kB
Buffers:           16924 kB
Cached:           131844 kB
MemTotal:        1844596 kB
MemFree:         1533524 kB
MemAvailable:    1554920 kB
Buffers:           16924 kB
Cached:           131848 kB
MemTotal:        1844596 kB
MemFree:         1534432 kB
MemAvailable:    1555828 kB
Buffers:           16924 kB
Cached:           131848 kB
MemTotal:        1844596 kB
MemFree:         1534152 kB
MemAvailable:    1555548 kB
Buffers:           16924 kB
Cached:           131848 kB
MemTotal:        1844596 kB
MemFree:         1534484 kB
MemAvailable:    1555888 kB
Buffers:           16924 kB
Cached:           131856 kB
MemTotal:        1844596 kB
MemFree:         1533112 kB
MemAvailable:    1554516 kB
Buffers:           16924 kB
Cached:           131856 kB
MemTotal:        1844596 kB
MemFree:         1534276 kB
MemAvailable:    1555680 kB
Buffers:           16924 kB
Cached:           131856 kB
MemTotal:        1844596 kB
MemFree:         1534572 kB
MemAvailable:    1555976 kB
Buffers:           16924 kB
Cached:           131856 kB
MemTotal:        1844596 kB
MemFree:         1533524 kB
MemAvailable:    1554928 kB
Buffers:           16936 kB
Cached:           131844 kB
MemTotal:        1844596 kB
MemFree:         1534324 kB
MemAvailable:    1555728 kB
Buffers:           16936 kB
Cached:           131844 kB
MemTotal:        1844596 kB
MemFree:         1534576 kB
MemAvailable:    1555980 kB
Buffers:           16936 kB
Cached:           131844 kB
MemTotal:        1844596 kB
MemFree:         1534352 kB
MemAvailable:    1555756 kB
Buffers:           16936 kB
Cached:           131844 kB
MemTotal:        1844596 kB
MemFree:         1534608 kB
MemAvailable:    1556012 kB
Buffers:           16936 kB
Cached:           131844 kB
MemTotal:        1844596 kB
MemFree:         1534212 kB
MemAvailable:    1555616 kB
Buffers:           16936 kB
Cached:           131844 kB
MemTotal:        1844596 kB
MemFree:         1534548 kB
MemAvailable:    1555952 kB
Buffers:           16936 kB
Cached:           131844 kB
MemTotal:        1844596 kB
MemFree:         1534280 kB
MemAvailable:    1555684 kB
Buffers:           16936 kB
Cached:           131844 kB
MemTotal:        1844596 kB
MemFree:         1533096 kB
MemAvailable:    1554500 kB
Buffers:           16936 kB
Cached:           131844 kB
MemTotal:        1844596 kB
MemFree:         1532788 kB
MemAvailable:    1554192 kB
Buffers:           16936 kB
Cached:           131844 kB
MemTotal:        1844596 kB
MemFree:         1532540 kB
MemAvailable:    1553944 kB
Buffers:           16936 kB
Cached:           131844 kB
MemTotal:        1844596 kB
MemFree:         1533220 kB
MemAvailable:    1554624 kB
Buffers:           16936 kB
Cached:           131844 kB
MemTotal:        1844596 kB
MemFree:         1533220 kB
MemAvailable:    1554624 kB
Buffers:           16936 kB
Cached:           131844 kB
MemTotal:        1844596 kB
MemFree:         1532292 kB
MemAvailable:    1553696 kB
Buffers:           16936 kB
Cached:           131844 kB
MemTotal:        1844596 kB
MemFree:         1532608 kB
MemAvailable:    1554012 kB
Buffers:           16936 kB
Cached:           131844 kB
MemTotal:        1844596 kB
MemFree:         1531236 kB
MemAvailable:    1552640 kB
Buffers:           16936 kB
Cached:           131844 kB
MemTotal:        1844596 kB
MemFree:         1531980 kB
MemAvailable:    1553384 kB
Buffers:           16936 kB
Cached:           131844 kB
MemTotal:        1844596 kB
MemFree:         1531732 kB
MemAvailable:    1553136 kB
Buffers:           16936 kB
Cached:           131844 kB
MemTotal:        1844596 kB
MemFree:         1531112 kB
MemAvailable:    1552516 kB
Buffers:           16936 kB
Cached:           131844 kB
MemTotal:        1844596 kB
MemFree:         1530920 kB
MemAvailable:    1552324 kB
Buffers:           16936 kB
Cached:           131844 kB
MemTotal:        1844596 kB
MemFree:         1529676 kB
MemAvailable:    1551080 kB
Buffers:           16936 kB
Cached:           131844 kB
MemTotal:        1844596 kB
MemFree:         1530916 kB
MemAvailable:    1552320 kB
Buffers:           16936 kB
Cached:           131844 kB
MemTotal:        1844596 kB
MemFree:         1530520 kB
MemAvailable:    1551924 kB
Buffers:           16936 kB
Cached:           131844 kB
MemTotal:        1844596 kB
MemFree:         1530856 kB
MemAvailable:    1552260 kB
Buffers:           16936 kB
Cached:           131844 kB
MemTotal:        1844596 kB
MemFree:         1530580 kB
MemAvailable:    1551984 kB
Buffers:           16936 kB
Cached:           131844 kB
MemTotal:        1844596 kB
MemFree:         1529412 kB
MemAvailable:    1550816 kB
Buffers:           16936 kB
Cached:           131844 kB
MemTotal:        1844596 kB
MemFree:         1530680 kB
MemAvailable:    1552084 kB
Buffers:           16936 kB
Cached:           131844 kB
MemTotal:        1844596 kB
MemFree:         1530672 kB
MemAvailable:    1552076 kB
Buffers:           16936 kB
Cached:           131844 kB
MemTotal:        1844596 kB
MemFree:         1529432 kB
MemAvailable:    1550836 kB
Buffers:           16936 kB
Cached:           131844 kB
MemTotal:        1844596 kB
MemFree:         1529392 kB
MemAvailable:    1550796 kB
Buffers:           16936 kB
Cached:           131844 kB
MemTotal:        1844596 kB
MemFree:         1528820 kB
MemAvailable:    1550224 kB
Buffers:           16936 kB
Cached:           131844 kB
MemTotal:        1844596 kB
MemFree:         1529784 kB
MemAvailable:    1551188 kB
Buffers:           16936 kB
Cached:           131844 kB
MemTotal:        1844596 kB
MemFree:         1529868 kB
MemAvailable:    1551272 kB
Buffers:           16936 kB
Cached:           131844 kB
MemTotal:        1844596 kB
MemFree:         1525340 kB
MemAvailable:    1546744 kB
Buffers:           16936 kB
Cached:           131844 kB
MemTotal:        1844596 kB
MemFree:         1525472 kB
MemAvailable:    1546876 kB
Buffers:           16936 kB
Cached:           131844 kB
MemTotal:        1844596 kB
MemFree:         1525276 kB
MemAvailable:    1546680 kB
Buffers:           16936 kB
Cached:           131844 kB
MemTotal:        1844596 kB
MemFree:         1525076 kB
MemAvailable:    1546480 kB
Buffers:           16936 kB
Cached:           131844 kB
MemTotal:        1844596 kB
MemFree:         1525084 kB
MemAvailable:    1546488 kB
Buffers:           16936 kB
Cached:           131844 kB
MemTotal:        1844596 kB
MemFree:         1523736 kB
MemAvailable:    1545140 kB
Buffers:           16936 kB
Cached:           131844 kB
MemTotal:        1844596 kB
MemFree:         1524852 kB
MemAvailable:    1546256 kB
Buffers:           16936 kB
Cached:           131844 kB
MemTotal:        1844596 kB
MemFree:         1523480 kB
MemAvailable:    1544884 kB
Buffers:           16936 kB
Cached:           131844 kB
MemTotal:        1844596 kB
MemFree:         1524664 kB
MemAvailable:    1546068 kB
Buffers:           16936 kB
Cached:           131844 kB
MemTotal:        1844596 kB
MemFree:         1523300 kB
MemAvailable:    1544704 kB
Buffers:           16936 kB
Cached:           131844 kB
MemTotal:        1844596 kB
MemFree:         1521364 kB
MemAvailable:    1542768 kB
Buffers:           16936 kB
Cached:           131844 kB
MemTotal:        1844596 kB
MemFree:         1521504 kB
MemAvailable:    1542908 kB
Buffers:           16936 kB
Cached:           131844 kB
MemTotal:        1844596 kB
MemFree:         1521552 kB
MemAvailable:    1542956 kB
Buffers:           16936 kB
Cached:           131844 kB
MemTotal:        1844596 kB
MemFree:         1520328 kB
MemAvailable:    1541732 kB
Buffers:           16936 kB
Cached:           131844 kB
MemTotal:        1844596 kB
MemFree:         1521480 kB
MemAvailable:    1542884 kB
Buffers:           16936 kB
Cached:           131844 kB
MemTotal:        1844596 kB
MemFree:         1520876 kB
MemAvailable:    1542280 kB
Buffers:           16936 kB
Cached:           131844 kB
MemTotal:        1844596 kB
MemFree:         1521436 kB
MemAvailable:    1542840 kB
Buffers:           16936 kB
Cached:           131844 kB
MemTotal:        1844596 kB
MemFree:         1521436 kB
MemAvailable:    1542840 kB
Buffers:           16936 kB
Cached:           131844 kB
MemTotal:        1844596 kB
MemFree:         1522308 kB
MemAvailable:    1543712 kB
Buffers:           16936 kB
Cached:           131844 kB
MemTotal:        1844596 kB
MemFree:         1523424 kB
MemAvailable:    1544828 kB
Buffers:           16936 kB
Cached:           131968 kB
MemTotal:        1844596 kB
MemFree:         1522876 kB
MemAvailable:    1544364 kB
Buffers:           16936 kB
Cached:           131968 kB
MemTotal:        1844596 kB
MemFree:         1523052 kB
MemAvailable:    1544708 kB
Buffers:           16936 kB
Cached:           132216 kB
MemTotal:        1844596 kB
MemFree:         1523192 kB
MemAvailable:    1544848 kB
Buffers:           16936 kB
Cached:           132216 kB
MemTotal:        1844596 kB
MemFree:         1522840 kB
MemAvailable:    1544664 kB
Buffers:           16936 kB
Cached:           132340 kB
MemTotal:        1844596 kB
MemFree:         1522840 kB
MemAvailable:    1544664 kB
Buffers:           16936 kB
Cached:           132340 kB
MemTotal:        1844596 kB
MemFree:         1522788 kB
MemAvailable:    1544696 kB
Buffers:           16936 kB
Cached:           132464 kB
MemTotal:        1844596 kB
MemFree:         1522748 kB
MemAvailable:    1544656 kB
Buffers:           16936 kB
Cached:           132464 kB
MemTotal:        1844596 kB
MemFree:         1521752 kB
MemAvailable:    1543660 kB
Buffers:           16936 kB
Cached:           132464 kB
MemTotal:        1844596 kB
MemFree:         1522684 kB
MemAvailable:    1544676 kB
Buffers:           16936 kB
Cached:           132464 kB
MemTotal:        1844596 kB
MemFree:         1522852 kB
MemAvailable:    1544844 kB
Buffers:           16936 kB
Cached:           132464 kB
MemTotal:        1844596 kB
MemFree:         1521364 kB
MemAvailable:    1543356 kB
Buffers:           16936 kB
Cached:           132464 kB
MemTotal:        1844596 kB
MemFree:         1522756 kB
MemAvailable:    1544748 kB
Buffers:           16936 kB
Cached:           132464 kB
MemTotal:        1844596 kB
MemFree:         1521448 kB
MemAvailable:    1543440 kB
Buffers:           16936 kB
Cached:           132464 kB
MemTotal:        1844596 kB
MemFree:         1521448 kB
MemAvailable:    1543440 kB
Buffers:           16936 kB
Cached:           132464 kB
MemTotal:        1844596 kB
MemFree:         1521532 kB
MemAvailable:    1542936 kB
Buffers:           16936 kB
Cached:           131832 kB
MemTotal:        1844596 kB
MemFree:         1591836 kB
MemAvailable:    1613240 kB
Buffers:           16936 kB
Cached:           131832 kB
