MemTotal:        1844596 kB
MemFree:         1576964 kB
MemAvailable:    1589840 kB
Buffers:           15784 kB
Cached:           124980 kB
MemTotal:        1844596 kB
MemFree:         1572236 kB
MemAvailable:    1585112 kB
Buffers:           15784 kB
Cached:           124980 kB
MemTotal:        1844596 kB
MemFree:         1573988 kB
MemAvailable:    1586864 kB
Buffers:           15784 kB
Cached:           124980 kB
MemTotal:        1844596 kB
MemFree:         1573676 kB
MemAvailable:    1586552 kB
Buffers:           15784 kB
Cached:           124980 kB
MemTotal:        1844596 kB
MemFree:         1571624 kB
MemAvailable:    1584500 kB
Buffers:           15784 kB
Cached:           124980 kB
MemTotal:        1844596 kB
MemFree:         1571560 kB
MemAvailable:    1584436 kB
Buffers:           15784 kB
Cached:           124980 kB
MemTotal:        1844596 kB
MemFree:         1569152 kB
MemAvailable:    1582028 kB
Buffers:           15784 kB
Cached:           124980 kB
MemTotal:        1844596 kB
MemFree:         1569144 kB
MemAvailable:    1582020 kB
Buffers:           15784 kB
Cached:           124980 kB
MemTotal:        1844596 kB
MemFree:         1569020 kB
MemAvailable:    1581896 kB
Buffers:           15784 kB
Cached:           124980 kB
MemTotal:        1844596 kB
MemFree:         1567508 kB
MemAvailable:    1580384 kB
Buffers:           15784 kB
Cached:           124980 kB
MemTotal:        1844596 kB
MemFree:         1566516 kB
MemAvailable:    1579392 kB
Buffers:           15784 kB
Cached:           124980 kB
MemTotal:        1844596 kB
MemFree:         1562356 kB
MemAvailable:    1575232 kB
Buffers:           15784 kB
Cached:           124980 kB
MemTotal:        1844596 kB
MemFree:         1558520 kB
MemAvailable:    1571396 kB
Buffers:           15784 kB
Cached:           124980 kB
MemTotal:        1844596 kB
MemFree:         1560540 kB
MemAvailable:    1573416 kB
Buffers:           15784 kB
Cached:           124980 kB
MemTotal:        1844596 kB
MemFree:         1560324 kB
MemAvailable:    1573200 kB
Buffers:           15784 kB
Cached:           124980 kB
MemTotal:        1844596 kB
MemFree:         1560580 kB
MemAvailable:    1573456 kB
Buffers:           15784 kB
Cached:           124980 kB
MemTotal:        1844596 kB
MemFree:         1560440 kB
MemAvailable:    1573316 kB
Buffers:           15784 kB
Cached:           124980 kB
MemTotal:        1844596 kB
MemFree:         1559760 kB
MemAvailable:    1572636 kB
Buffers:           15784 kB
Cached:           124980 kB
MemTotal:        1844596 kB
MemFree:         1560508 kB
MemAvailable:    1573384 kB
Buffers:           15784 kB
Cached:           124980 kB
MemTotal:        1844596 kB
MemFree:         1560068 kB
MemAvailable:    1572944 kB
Buffers:           15784 kB
Cached:           124980 kB
MemTotal:        1844596 kB
MemFree:         1559124 kB
MemAvailable:    1572000 kB
Buffers:           15784 kB
Cached:           124980 kB
MemTotal:        1844596 kB
MemFree:         1559208 kB
MemAvailable:    1572084 kB
Buffers:           15784 kB
Cached:           124980 kB
MemTotal:        1844596 kB
MemFree:         1558456 kB
MemAvailable:    1571332 kB
Buffers:           15784 kB
Cached:           124980 kB
MemTotal:        1844596 kB
MemFree:         1558264 kB
MemAvailable:    1571140 kB
Buffers:           15784 kB
Cached:           124980 kB
MemTotal:        1844596 kB
MemFree:         1558264 kB
MemAvailable:    1571140 kB
Buffers:           15784 kB
Cached:           124980 kB
MemTotal:        1844596 kB
MemFree:         1558068 kB
MemAvailable:    1570944 kB
Buffers:           15784 kB
Cached:           124980 kB
MemTotal:        1844596 kB
MemFree:         1557404 kB
MemAvailable:    1570280 kB
Buffers:           15784 kB
Cached:           124980 kB
MemTotal:        1844596 kB
MemFree:         1558072 kB
MemAvailable:    1570948 kB
Buffers:           15784 kB
Cached:           124980 kB
MemTotal:        1844596 kB
MemFree:         1557956 kB
MemAvailable:    1570832 kB
Buffers:           15784 kB
Cached:           124980 kB
MemTotal:        1844596 kB
MemFree:         1558024 kB
MemAvailable:    1570900 kB
Buffers:           15784 kB
Cached:           124980 kB
MemTotal:        1844596 kB
MemFree:         1558324 kB
MemAvailable:    1571208 kB
Buffers:           15784 kB
Cached:           124984 kB
MemTotal:        1844596 kB
MemFree:         1557404 kB
MemAvailable:    1570288 kB
Buffers:           15784 kB
Cached:           124984 kB
MemTotal:        1844596 kB
MemFree:         1559416 kB
MemAvailable:    1572300 kB
Buffers:           15784 kB
Cached:           124984 kB
MemTotal:        1844596 kB
MemFree:         1558636 kB
MemAvailable:    1571520 kB
Buffers:           15784 kB
Cached:           124984 kB
MemTotal:        1844596 kB
MemFree:         1559428 kB
MemAvailable:    1572312 kB
Buffers:           15784 kB
Cached:           124984 kB
MemTotal:        1844596 kB
MemFree:         1557900 kB
MemAvailable:    1570784 kB
Buffers:           15784 kB
Cached:           124984 kB
MemTotal:        1844596 kB
MemFree:         1556396 kB
MemAvailable:    1569280 kB
Buffers:           15784 kB
Cached:           124984 kB
MemTotal:        1844596 kB
MemFree:         1556396 kB
MemAvailable:    1569280 kB
Buffers:           15784 kB
Cached:           124984 kB
MemTotal:        1844596 kB
MemFree:         1555660 kB
MemAvailable:    1568544 kB
Buffers:           15784 kB
Cached:           124984 kB
MemTotal:        1844596 kB
MemFree:         1555660 kB
MemAvailable:    1568544 kB
Buffers:           15784 kB
Cached:           124984 kB
MemTotal:        1844596 kB
MemFree:         1555108 kB
MemAvailable:    1567992 kB
Buffers:           15784 kB
Cached:           124984 kB
MemTotal:        1844596 kB
MemFree:         1554976 kB
MemAvailable:    1567860 kB
Buffers:           15784 kB
Cached:           124984 kB
MemTotal:        1844596 kB
MemFree:         1553668 kB
MemAvailable:    1566552 kB
Buffers:           15784 kB
Cached:           124984 kB
MemTotal:        1844596 kB
MemFree:         1554116 kB
MemAvailable:    1567000 kB
Buffers:           15784 kB
Cached:           124984 kB
MemTotal:        1844596 kB
MemFree:         1553924 kB
MemAvailable:    1566808 kB
Buffers:           15784 kB
Cached:           124984 kB
MemTotal:        1844596 kB
MemFree:         1553692 kB
MemAvailable:    1566576 kB
Buffers:           15784 kB
Cached:           124984 kB
MemTotal:        1844596 kB
MemFree:         1553760 kB
MemAvailable:    1566644 kB
Buffers:           15784 kB
Cached:           124984 kB
MemTotal:        1844596 kB
MemFree:         1552680 kB
MemAvailable:    1565564 kB
Buffers:           15784 kB
Cached:           124984 kB
MemTotal:        1844596 kB
MemFree:         1553856 kB
MemAvailable:    1566740 kB
Buffers:           15784 kB
Cached:           124984 kB
MemTotal:        1844596 kB
MemFree:         1552940 kB
MemAvailable:    1565824 kB
Buffers:           15784 kB
Cached:           124984 kB
MemTotal:        1844596 kB
MemFree:         1553756 kB
MemAvailable:    1566640 kB
Buffers:           15784 kB
Cached:           124984 kB
MemTotal:        1844596 kB
MemFree:         1553872 kB
MemAvailable:    1566756 kB
Buffers:           15784 kB
Cached:           124984 kB
MemTotal:        1844596 kB
MemFree:         1553868 kB
MemAvailable:    1566752 kB
Buffers:           15784 kB
Cached:           124984 kB
MemTotal:        1844596 kB
MemFree:         1552816 kB
MemAvailable:    1565700 kB
Buffers:           15784 kB
Cached:           124984 kB
MemTotal:        1844596 kB
MemFree:         1553124 kB
MemAvailable:    1566008 kB
Buffers:           15784 kB
Cached:           124984 kB
MemTotal:        1844596 kB
MemFree:         1553192 kB
MemAvailable:    1566076 kB
Buffers:           15784 kB
Cached:           124984 kB
MemTotal:        1844596 kB
MemFree:         1552752 kB
MemAvailable:    1565636 kB
Buffers:           15784 kB
Cached:           124984 kB
MemTotal:        1844596 kB
MemFree:         1552820 kB
MemAvailable:    1565704 kB
Buffers:           15784 kB
Cached:           124984 kB
MemTotal:        1844596 kB
MemFree:         1552668 kB
MemAvailable:    1565556 kB
Buffers:           15784 kB
Cached:           124988 kB
MemTotal:        1844596 kB
MemFree:         1551940 kB
MemAvailable:    1564828 kB
Buffers:           15784 kB
Cached:           124988 kB
MemTotal:        1844596 kB
MemFree:         1552880 kB
MemAvailable:    1565768 kB
Buffers:           15784 kB
Cached:           124988 kB
MemTotal:        1844596 kB
MemFree:         1552684 kB
MemAvailable:    1565572 kB
Buffers:           15784 kB
Cached:           124988 kB
MemTotal:        1844596 kB
MemFree:         1552964 kB
MemAvailable:    1565852 kB
Buffers:           15784 kB
Cached:           124988 kB
MemTotal:        1844596 kB
MemFree:         1552972 kB
MemAvailable:    1565860 kB
Buffers:           15784 kB
Cached:           124988 kB
MemTotal:        1844596 kB
MemFree:         1552848 kB
MemAvailable:    1565736 kB
Buffers:           15784 kB
Cached:           124988 kB
MemTotal:        1844596 kB
MemFree:         1552968 kB
MemAvailable:    1565856 kB
Buffers:           15784 kB
Cached:           124988 kB
MemTotal:        1844596 kB
MemFree:         1552860 kB
MemAvailable:    1565748 kB
Buffers:           15784 kB
Cached:           124988 kB
MemTotal:        1844596 kB
MemFree:         1552552 kB
MemAvailable:    1565440 kB
Buffers:           15784 kB
Cached:           124988 kB
MemTotal:        1844596 kB
MemFree:         1552888 kB
MemAvailable:    1565776 kB
Buffers:           15784 kB
Cached:           124988 kB
MemTotal:        1844596 kB
MemFree:         1552504 kB
MemAvailable:    1565392 kB
Buffers:           15784 kB
Cached:           124988 kB
MemTotal:        1844596 kB
MemFree:         1552560 kB
MemAvailable:    1565448 kB
Buffers:           15784 kB
Cached:           124988 kB
MemTotal:        1844596 kB
MemFree:         1551048 kB
MemAvailable:    1563940 kB
Buffers:           15784 kB
Cached:           124992 kB
MemTotal:        1844596 kB
MemFree:         1552272 kB
MemAvailable:    1565164 kB
Buffers:           15784 kB
Cached:           124992 kB
MemTotal:        1844596 kB
MemFree:         1552100 kB
MemAvailable:    1564992 kB
Buffers:           15784 kB
Cached:           124992 kB
MemTotal:        1844596 kB
MemFree:         1551728 kB
MemAvailable:    1564620 kB
Buffers:           15784 kB
Cached:           124992 kB
MemTotal:        1844596 kB
MemFree:         1551980 kB
MemAvailable:    1564872 kB
Buffers:           15784 kB
Cached:           124992 kB
MemTotal:        1844596 kB
MemFree:         1551764 kB
MemAvailable:    1564656 kB
Buffers:           15784 kB
Cached:           124992 kB
MemTotal:        1844596 kB
MemFree:         1551764 kB
MemAvailable:    1564656 kB
Buffers:           15784 kB
Cached:           124992 kB
MemTotal:        1844596 kB
MemFree:         1551596 kB
MemAvailable:    1564488 kB
Buffers:           15784 kB
Cached:           124992 kB
MemTotal:        1844596 kB
MemFree:         1551932 kB
MemAvailable:    1564824 kB
Buffers:           15784 kB
Cached:           124992 kB
MemTotal:        1844596 kB
MemFree:         1551916 kB
MemAvailable:    1564808 kB
Buffers:           15784 kB
Cached:           124992 kB
MemTotal:        1844596 kB
MemFree:         1551172 kB
MemAvailable:    1564064 kB
Buffers:           15784 kB
Cached:           124992 kB
MemTotal:        1844596 kB
MemFree:         1551796 kB
MemAvailable:    1564688 kB
Buffers:           15784 kB
Cached:           124992 kB
MemTotal:        1844596 kB
MemFree:         1550364 kB
MemAvailable:    1563256 kB
Buffers:           15784 kB
Cached:           124992 kB
MemTotal:        1844596 kB
MemFree:         1549064 kB
MemAvailable:    1561956 kB
Buffers:           15784 kB
Cached:           124992 kB
MemTotal:        1844596 kB
MemFree:         1546576 kB
MemAvailable:    1559468 kB
Buffers:           15784 kB
Cached:           124992 kB
MemTotal:        1844596 kB
MemFree:         1546328 kB
MemAvailable:    1559220 kB
Buffers:           15784 kB
Cached:           124992 kB
MemTotal:        1844596 kB
MemFree:         1544352 kB
MemAvailable:    1557244 kB
Buffers:           15784 kB
Cached:           124992 kB
MemTotal:        1844596 kB
MemFree:         1544280 kB
MemAvailable:    1557172 kB
Buffers:           15784 kB
Cached:           124992 kB
MemTotal:        1844596 kB
MemFree:         1543236 kB
MemAvailable:    1556128 kB
Buffers:           15784 kB
Cached:           124992 kB
MemTotal:        1844596 kB
MemFree:         1543788 kB
MemAvailable:    1556680 kB
Buffers:           15784 kB
Cached:           124992 kB
MemTotal:        1844596 kB
MemFree:         1543956 kB
MemAvailable:    1556848 kB
Buffers:           15784 kB
Cached:           124992 kB
MemTotal:        1844596 kB
MemFree:         1544028 kB
MemAvailable:    1556920 kB
Buffers:           15784 kB
Cached:           124992 kB
MemTotal:        1844596 kB
MemFree:         1543780 kB
MemAvailable:    1556672 kB
Buffers:           15784 kB
Cached:           124992 kB
MemTotal:        1844596 kB
MemFree:         1544032 kB
MemAvailable:    1556924 kB
Buffers:           15784 kB
Cached:           124992 kB
MemTotal:        1844596 kB
MemFree:         1542536 kB
MemAvailable:    1555428 kB
Buffers:           15784 kB
Cached:           124992 kB
MemTotal:        1844596 kB
MemFree:         1544304 kB
MemAvailable:    1557196 kB
Buffers:           15784 kB
Cached:           124992 kB
MemTotal:        1844596 kB
MemFree:         1543908 kB
MemAvailable:    1556800 kB
Buffers:           15784 kB
Cached:           124992 kB
MemTotal:        1844596 kB
MemFree:         1543220 kB
MemAvailable:    1556112 kB
Buffers:           15784 kB
Cached:           124992 kB
MemTotal:        1844596 kB
MemFree:         1543104 kB
MemAvailable:    1556000 kB
Buffers:           15784 kB
Cached:           124996 kB
MemTotal:        1844596 kB
MemFree:         1544088 kB
MemAvailable:    1556984 kB
Buffers:           15784 kB
Cached:           124996 kB
MemTotal:        1844596 kB
MemFree:         1544340 kB
MemAvailable:    1557236 kB
Buffers:           15784 kB
Cached:           124996 kB
MemTotal:        1844596 kB
MemFree:         1544156 kB
MemAvailable:    1557052 kB
Buffers:           15784 kB
Cached:           124996 kB
MemTotal:        1844596 kB
MemFree:         1543360 kB
MemAvailable:    1556256 kB
Buffers:           15784 kB
Cached:           124996 kB
MemTotal:        1844596 kB
MemFree:         1543904 kB
MemAvailable:    1556800 kB
Buffers:           15784 kB
Cached:           124996 kB
MemTotal:        1844596 kB
MemFree:         1543476 kB
MemAvailable:    1556372 kB
Buffers:           15784 kB
Cached:           124996 kB
MemTotal:        1844596 kB
MemFree:         1543476 kB
MemAvailable:    1556372 kB
Buffers:           15784 kB
Cached:           124996 kB
MemTotal:        1844596 kB
MemFree:         1542840 kB
MemAvailable:    1555736 kB
Buffers:           15784 kB
Cached:           124996 kB
MemTotal:        1844596 kB
MemFree:         1542484 kB
MemAvailable:    1555380 kB
Buffers:           15784 kB
Cached:           124996 kB
MemTotal:        1844596 kB
MemFree:         1542652 kB
MemAvailable:    1555548 kB
Buffers:           15784 kB
Cached:           124996 kB
MemTotal:        1844596 kB
MemFree:         1542568 kB
MemAvailable:    1555464 kB
Buffers:           15784 kB
Cached:           124996 kB
MemTotal:        1844596 kB
MemFree:         1541120 kB
MemAvailable:    1554016 kB
Buffers:           15784 kB
Cached:           124996 kB
MemTotal:        1844596 kB
MemFree:         1541128 kB
MemAvailable:    1554024 kB
Buffers:           15784 kB
Cached:           124996 kB
MemTotal:        1844596 kB
MemFree:         1540136 kB
MemAvailable:    1553032 kB
Buffers:           15784 kB
Cached:           124996 kB
MemTotal:        1844596 kB
MemFree:         1540988 kB
MemAvailable:    1553884 kB
Buffers:           15784 kB
Cached:           124996 kB
MemTotal:        1844596 kB
MemFree:         1540012 kB
MemAvailable:    1552908 kB
Buffers:           15784 kB
Cached:           124996 kB
MemTotal:        1844596 kB
MemFree:         1540616 kB
MemAvailable:    1553512 kB
Buffers:           15784 kB
Cached:           124996 kB
MemTotal:        1844596 kB
MemFree:         1540012 kB
MemAvailable:    1552908 kB
Buffers:           15784 kB
Cached:           124996 kB
MemTotal:        1844596 kB
MemFree:         1540388 kB
MemAvailable:    1553284 kB
Buffers:           15784 kB
Cached:           124996 kB
MemTotal:        1844596 kB
MemFree:         1540312 kB
MemAvailable:    1553208 kB
Buffers:           15784 kB
Cached:           124996 kB
MemTotal:        1844596 kB
MemFree:         1540424 kB
MemAvailable:    1553320 kB
Buffers:           15784 kB
Cached:           124996 kB
MemTotal:        1844596 kB
MemFree:         1539640 kB
MemAvailable:    1552536 kB
Buffers:           15784 kB
Cached:           124996 kB
MemTotal:        1844596 kB
MemFree:         1539816 kB
MemAvailable:    1552712 kB
Buffers:           15784 kB
Cached:           124996 kB
MemTotal:        1844596 kB
MemFree:         1540016 kB
MemAvailable:    1552912 kB
Buffers:           15784 kB
Cached:           124996 kB
MemTotal:        1844596 kB
MemFree:         1540048 kB
MemAvailable:    1552944 kB
Buffers:           15784 kB
Cached:           124996 kB
MemTotal:        1844596 kB
MemFree:         1540064 kB
MemAvailable:    1552960 kB
Buffers:           15784 kB
Cached:           124996 kB
MemTotal:        1844596 kB
MemFree:         1540072 kB
MemAvailable:    1552968 kB
Buffers:           15784 kB
Cached:           124996 kB
MemTotal:        1844596 kB
MemFree:         1540004 kB
MemAvailable:    1552900 kB
Buffers:           15784 kB
Cached:           124996 kB
MemTotal:        1844596 kB
MemFree:         1540444 kB
MemAvailable:    1553344 kB
Buffers:           15784 kB
Cached:           125000 kB
MemTotal:        1844596 kB
MemFree:         1539516 kB
MemAvailable:    1552416 kB
Buffers:           15784 kB
Cached:           125000 kB
MemTotal:        1844596 kB
MemFree:         1539756 kB
MemAvailable:    1552656 kB
Buffers:           15784 kB
Cached:           125000 kB
MemTotal:        1844596 kB
MemFree:         1539948 kB
MemAvailable:    1552848 kB
Buffers:           15784 kB
Cached:           125000 kB
MemTotal:        1844596 kB
MemFree:         1539692 kB
MemAvailable:    1552592 kB
Buffers:           15784 kB
Cached:           125000 kB
MemTotal:        1844596 kB
MemFree:         1539452 kB
MemAvailable:    1552352 kB
Buffers:           15784 kB
Cached:           125000 kB
MemTotal:        1844596 kB
MemFree:         1534928 kB
MemAvailable:    1547828 kB
Buffers:           15784 kB
Cached:           125000 kB
MemTotal:        1844596 kB
MemFree:         1534804 kB
MemAvailable:    1547704 kB
Buffers:           15784 kB
Cached:           125000 kB
MemTotal:        1844596 kB
MemFree:         1534900 kB
MemAvailable:    1547800 kB
Buffers:           15784 kB
Cached:           125000 kB
MemTotal:        1844596 kB
MemFree:         1533936 kB
MemAvailable:    1546836 kB
Buffers:           15784 kB
Cached:           125000 kB
MemTotal:        1844596 kB
MemFree:         1534112 kB
MemAvailable:    1547012 kB
Buffers:           15784 kB
Cached:           125000 kB
MemTotal:        1844596 kB
MemFree:         1534364 kB
MemAvailable:    1547264 kB
Buffers:           15784 kB
Cached:           125000 kB
MemTotal:        1844596 kB
MemFree:         1534176 kB
MemAvailable:    1547076 kB
Buffers:           15784 kB
Cached:           125000 kB
MemTotal:        1844596 kB
MemFree:         1534212 kB
MemAvailable:    1547112 kB
Buffers:           15784 kB
Cached:           125000 kB
MemTotal:        1844596 kB
MemFree:         1533688 kB
MemAvailable:    1546588 kB
Buffers:           15784 kB
Cached:           125000 kB
MemTotal:        1844596 kB
MemFree:         1533192 kB
MemAvailable:    1546092 kB
Buffers:           15784 kB
Cached:           125000 kB
MemTotal:        1844596 kB
MemFree:         1532936 kB
MemAvailable:    1545836 kB
Buffers:           15784 kB
Cached:           125000 kB
MemTotal:        1844596 kB
MemFree:         1534392 kB
MemAvailable:    1547292 kB
Buffers:           15784 kB
Cached:           125000 kB
MemTotal:        1844596 kB
MemFree:         1534368 kB
MemAvailable:    1547268 kB
Buffers:           15784 kB
Cached:           125000 kB
MemTotal:        1844596 kB
MemFree:         1534176 kB
MemAvailable:    1547076 kB
Buffers:           15784 kB
Cached:           125000 kB
MemTotal:        1844596 kB
MemFree:         1533184 kB
MemAvailable:    1546084 kB
Buffers:           15784 kB
Cached:           125000 kB
MemTotal:        1844596 kB
MemFree:         1534236 kB
MemAvailable:    1547136 kB
Buffers:           15784 kB
Cached:           125000 kB
MemTotal:        1844596 kB
MemFree:         1530944 kB
MemAvailable:    1543844 kB
Buffers:           15784 kB
Cached:           125000 kB
MemTotal:        1844596 kB
MemFree:         1530092 kB
MemAvailable:    1542992 kB
Buffers:           15784 kB
Cached:           125000 kB
MemTotal:        1844596 kB
MemFree:         1530840 kB
MemAvailable:    1543740 kB
Buffers:           15784 kB
Cached:           125000 kB
MemTotal:        1844596 kB
MemFree:         1529532 kB
MemAvailable:    1542432 kB
Buffers:           15784 kB
Cached:           125000 kB
MemTotal:        1844596 kB
MemFree:         1529720 kB
MemAvailable:    1542624 kB
Buffers:           15784 kB
Cached:           125004 kB
MemTotal:        1844596 kB
MemFree:         1530772 kB
MemAvailable:    1543676 kB
Buffers:           15784 kB
Cached:           125004 kB
MemTotal:        1844596 kB
MemFree:         1529596 kB
MemAvailable:    1542500 kB
Buffers:           15784 kB
Cached:           125004 kB
MemTotal:        1844596 kB
MemFree:         1531572 kB
MemAvailable:    1544476 kB
Buffers:           15784 kB
Cached:           125004 kB
MemTotal:        1844596 kB
MemFree:         1531532 kB
MemAvailable:    1544436 kB
Buffers:           15784 kB
Cached:           125004 kB
MemTotal:        1844596 kB
MemFree:         1532708 kB
MemAvailable:    1545696 kB
Buffers:           15784 kB
Cached:           125128 kB
MemTotal:        1844596 kB
MemFree:         1532764 kB
MemAvailable:    1545752 kB
Buffers:           15784 kB
Cached:           125128 kB
MemTotal:        1844596 kB
MemFree:         1532724 kB
MemAvailable:    1545880 kB
Buffers:           15784 kB
Cached:           125376 kB
MemTotal:        1844596 kB
MemFree:         1532744 kB
MemAvailable:    1546068 kB
Buffers:           15784 kB
Cached:           125376 kB
MemTotal:        1844596 kB
MemFree:         1532536 kB
MemAvailable:    1545944 kB
Buffers:           15784 kB
Cached:           125500 kB
MemTotal:        1844596 kB
MemFree:         1532828 kB
MemAvailable:    1546236 kB
Buffers:           15784 kB
Cached:           125500 kB
MemTotal:        1844596 kB
MemFree:         1531456 kB
MemAvailable:    1544948 kB
Buffers:           15784 kB
Cached:           125500 kB
MemTotal:        1844596 kB
MemFree:         1531580 kB
MemAvailable:    1545072 kB
Buffers:           15784 kB
Cached:           125500 kB
MemTotal:        1844596 kB
MemFree:         1532184 kB
MemAvailable:    1545676 kB
Buffers:           15784 kB
Cached:           125624 kB
MemTotal:        1844596 kB
MemFree:         1532184 kB
MemAvailable:    1545676 kB
Buffers:           15784 kB
Cached:           125624 kB
MemTotal:        1844596 kB
MemFree:         1530648 kB
MemAvailable:    1544140 kB
Buffers:           15784 kB
Cached:           125624 kB
MemTotal:        1844596 kB
MemFree:         1532124 kB
MemAvailable:    1545616 kB
Buffers:           15784 kB
Cached:           125624 kB
MemTotal:        1844596 kB
MemFree:         1531876 kB
MemAvailable:    1545368 kB
Buffers:           15784 kB
Cached:           125624 kB
MemTotal:        1844596 kB
MemFree:         1531876 kB
MemAvailable:    1545368 kB
Buffers:           15784 kB
Cached:           125624 kB
MemTotal:        1844596 kB
MemFree:         1532468 kB
MemAvailable:    1545456 kB
Buffers:           15784 kB
Cached:           124992 kB
MemTotal:        1844596 kB
MemFree:         1532804 kB
MemAvailable:    1545792 kB
Buffers:           15784 kB
Cached:           124992 kB
MemTotal:        1844596 kB
MemFree:         1593944 kB
MemAvailable:    1607016 kB
Buffers:           15784 kB
Cached:           124992 kB
