MemTotal:        1844596 kB
MemFree:         1560488 kB
MemAvailable:    1588888 kB
Buffers:           17988 kB
Cached:           139536 kB
MemTotal:        1844596 kB
MemFree:         1557076 kB
MemAvailable:    1585476 kB
Buffers:           17988 kB
Cached:           139536 kB
MemTotal:        1844596 kB
MemFree:         1555768 kB
MemAvailable:    1584168 kB
Buffers:           17988 kB
Cached:           139536 kB
MemTotal:        1844596 kB
MemFree:         1554768 kB
MemAvailable:    1583168 kB
Buffers:           17988 kB
Cached:           139536 kB
MemTotal:        1844596 kB
MemFree:         1554480 kB
MemAvailable:    1582880 kB
Buffers:           17988 kB
Cached:           139536 kB
MemTotal:        1844596 kB
MemFree:         1553652 kB
MemAvailable:    1582052 kB
Buffers:           17988 kB
Cached:           139536 kB
MemTotal:        1844596 kB
MemFree:         1553904 kB
MemAvailable:    1582304 kB
Buffers:           17988 kB
Cached:           139536 kB
MemTotal:        1844596 kB
MemFree:         1551800 kB
MemAvailable:    1580200 kB
Buffers:           17988 kB
Cached:           139536 kB
MemTotal:        1844596 kB
MemFree:         1549436 kB
MemAvailable:    1577836 kB
Buffers:           17988 kB
Cached:           139536 kB
MemTotal:        1844596 kB
MemFree:         1548708 kB
MemAvailable:    1577108 kB
Buffers:           17988 kB
Cached:           139536 kB
MemTotal:        1844596 kB
MemFree:         1546096 kB
MemAvailable:    1574496 kB
Buffers:           17988 kB
Cached:           139536 kB
MemTotal:        1844596 kB
MemFree:         1542692 kB
MemAvailable:    1571092 kB
Buffers:           17988 kB
Cached:           139536 kB
MemTotal:        1844596 kB
MemFree:         1543604 kB
MemAvailable:    1572004 kB
Buffers:           17988 kB
Cached:           139536 kB
MemTotal:        1844596 kB
MemFree:         1542880 kB
MemAvailable:    1571280 kB
Buffers:           17988 kB
Cached:           139536 kB
MemTotal:        1844596 kB
MemFree:         1543864 kB
MemAvailable:    1572264 kB
Buffers:           17988 kB
Cached:           139536 kB
MemTotal:        1844596 kB
MemFree:         1544120 kB
MemAvailable:    1572520 kB
Buffers:           17988 kB
Cached:           139536 kB
MemTotal:        1844596 kB
MemFree:         1542616 kB
MemAvailable:    1571016 kB
Buffers:           17988 kB
Cached:           139536 kB
MemTotal:        1844596 kB
MemFree:         1543808 kB
MemAvailable:    1572208 kB
Buffers:           17988 kB
Cached:           139536 kB
MemTotal:        1844596 kB
MemFree:         1542872 kB
MemAvailable:    1571272 kB
Buffers:           17988 kB
Cached:           139536 kB
MemTotal:        1844596 kB
MemFree:         1542872 kB
MemAvailable:    1571272 kB
Buffers:           17988 kB
Cached:           139536 kB
MemTotal:        1844596 kB
MemFree:         1541816 kB
MemAvailable:    1570216 kB
Buffers:           17988 kB
Cached:           139536 kB
MemTotal:        1844596 kB
MemFree:         1541452 kB
MemAvailable:    1569852 kB
Buffers:           17988 kB
Cached:           139536 kB
MemTotal:        1844596 kB
MemFree:         1541204 kB
MemAvailable:    1569604 kB
Buffers:           17988 kB
Cached:           139536 kB
MemTotal:        1844596 kB
MemFree:         1541128 kB
MemAvailable:    1569528 kB
Buffers:           17988 kB
Cached:           139536 kB
MemTotal:        1844596 kB
MemFree:         1540276 kB
MemAvailable:    1568676 kB
Buffers:           17988 kB
Cached:           139536 kB
MemTotal:        1844596 kB
MemFree:         1541000 kB
MemAvailable:    1569400 kB
Buffers:           17988 kB
Cached:           139536 kB
MemTotal:        1844596 kB
MemFree:         1541256 kB
MemAvailable:    1569656 kB
Buffers:           17988 kB
Cached:           139536 kB
MemTotal:        1844596 kB
MemFree:         1541012 kB
MemAvailable:    1569412 kB
Buffers:           17988 kB
Cached:           139536 kB
MemTotal:        1844596 kB
MemFree:         1541264 kB
MemAvailable:    1569664 kB
Buffers:           17988 kB
Cached:           139536 kB
MemTotal:        1844596 kB
MemFree:         1539732 kB
MemAvailable:    1568132 kB
Buffers:           17988 kB
Cached:           139536 kB
MemTotal:        1844596 kB
MemFree:         1541024 kB
MemAvailable:    1569424 kB
Buffers:           17988 kB
Cached:           139536 kB
MemTotal:        1844596 kB
MemFree:         1540276 kB
MemAvailable:    1568676 kB
Buffers:           17988 kB
Cached:           139536 kB
MemTotal:        1844596 kB
MemFree:         1542588 kB
MemAvailable:    1570996 kB
Buffers:           17988 kB
Cached:           139544 kB
MemTotal:        1844596 kB
MemFree:         1542640 kB
MemAvailable:    1571048 kB
Buffers:           17988 kB
Cached:           139544 kB
MemTotal:        1844596 kB
MemFree:         1540824 kB
MemAvailable:    1569232 kB
Buffers:           17988 kB
Cached:           139544 kB
MemTotal:        1844596 kB
MemFree:         1539716 kB
MemAvailable:    1568124 kB
Buffers:           17988 kB
Cached:           139544 kB
MemTotal:        1844596 kB
MemFree:         1538168 kB
MemAvailable:    1566576 kB
Buffers:           17988 kB
Cached:           139544 kB
MemTotal:        1844596 kB
MemFree:         1538468 kB
MemAvailable:    1566876 kB
Buffers:           17988 kB
Cached:           139544 kB
MemTotal:        1844596 kB
MemFree:         1538468 kB
MemAvailable:    1566876 kB
Buffers:           17988 kB
Cached:           139544 kB
MemTotal:        1844596 kB
MemFree:         1536796 kB
MemAvailable:    1565204 kB
Buffers:           17988 kB
Cached:           139544 kB
MemTotal:        1844596 kB
MemFree:         1537980 kB
MemAvailable:    1566388 kB
Buffers:           17988 kB
Cached:           139544 kB
MemTotal:        1844596 kB
MemFree:         1537044 kB
MemAvailable:    1565452 kB
Buffers:           17988 kB
Cached:           139544 kB
MemTotal:        1844596 kB
MemFree:         1537300 kB
MemAvailable:    1565708 kB
Buffers:           17988 kB
Cached:           139544 kB
MemTotal:        1844596 kB
MemFree:         1536780 kB
MemAvailable:    1565188 kB
Buffers:           17988 kB
Cached:           139544 kB
MemTotal:        1844596 kB
MemFree:         1536928 kB
MemAvailable:    1565336 kB
Buffers:           17988 kB
Cached:           139544 kB
MemTotal:        1844596 kB
MemFree:         1536948 kB
MemAvailable:    1565356 kB
Buffers:           17988 kB
Cached:           139544 kB
MemTotal:        1844596 kB
MemFree:         1536796 kB
MemAvailable:    1565204 kB
Buffers:           17988 kB
Cached:           139544 kB
MemTotal:        1844596 kB
MemFree:         1537048 kB
MemAvailable:    1565456 kB
Buffers:           17988 kB
Cached:           139544 kB
MemTotal:        1844596 kB
MemFree:         1536616 kB
MemAvailable:    1565024 kB
Buffers:           17988 kB
Cached:           139544 kB
MemTotal:        1844596 kB
MemFree:         1536952 kB
MemAvailable:    1565360 kB
Buffers:           17988 kB
Cached:           139544 kB
MemTotal:        1844596 kB
MemFree:         1536624 kB
MemAvailable:    1565032 kB
Buffers:           17988 kB
Cached:           139544 kB
MemTotal:        1844596 kB
MemFree:         1535316 kB
MemAvailable:    1563724 kB
Buffers:           17988 kB
Cached:           139544 kB
MemTotal:        1844596 kB
MemFree:         1535584 kB
MemAvailable:    1563992 kB
Buffers:           17988 kB
Cached:           139544 kB
MemTotal:        1844596 kB
MemFree:         1535584 kB
MemAvailable:    1563992 kB
Buffers:           17988 kB
Cached:           139544 kB
MemTotal:        1844596 kB
MemFree:         1534632 kB
MemAvailable:    1563040 kB
Buffers:           17988 kB
Cached:           139544 kB
MemTotal:        1844596 kB
MemFree:         1534748 kB
MemAvailable:    1563156 kB
Buffers:           17988 kB
Cached:           139544 kB
MemTotal:        1844596 kB
MemFree:         1534756 kB
MemAvailable:    1563164 kB
Buffers:           17988 kB
Cached:           139544 kB
MemTotal:        1844596 kB
MemFree:         1535856 kB
MemAvailable:    1564264 kB
Buffers:           17988 kB
Cached:           139544 kB
MemTotal:        1844596 kB
MemFree:         1535440 kB
MemAvailable:    1563848 kB
Buffers:           17988 kB
Cached:           139544 kB
MemTotal:        1844596 kB
MemFree:         1535784 kB
MemAvailable:    1564192 kB
Buffers:           17988 kB
Cached:           139544 kB
MemTotal:        1844596 kB
MemFree:         1536120 kB
MemAvailable:    1564528 kB
Buffers:           17988 kB
Cached:           139544 kB
MemTotal:        1844596 kB
MemFree:         1535736 kB
MemAvailable:    1564144 kB
Buffers:           17988 kB
Cached:           139544 kB
MemTotal:        1844596 kB
MemFree:         1535988 kB
MemAvailable:    1564396 kB
Buffers:           17988 kB
Cached:           139544 kB
MemTotal:        1844596 kB
MemFree:         1535616 kB
MemAvailable:    1564024 kB
Buffers:           17988 kB
Cached:           139544 kB
MemTotal:        1844596 kB
MemFree:         1535952 kB
MemAvailable:    1564360 kB
Buffers:           17988 kB
Cached:           139544 kB
MemTotal:        1844596 kB
MemFree:         1535676 kB
MemAvailable:    1564084 kB
Buffers:           17988 kB
Cached:           139544 kB
MemTotal:        1844596 kB
MemFree:         1535360 kB
MemAvailable:    1563768 kB
Buffers:           17988 kB
Cached:           139544 kB
MemTotal:        1844596 kB
MemFree:         1535200 kB
MemAvailable:    1563608 kB
Buffers:           17988 kB
Cached:           139544 kB
MemTotal:        1844596 kB
MemFree:         1534068 kB
MemAvailable:    1562476 kB
Buffers:           17988 kB
Cached:           139544 kB
MemTotal:        1844596 kB
MemFree:         1533812 kB
MemAvailable:    1562220 kB
Buffers:           17988 kB
Cached:           139544 kB
MemTotal:        1844596 kB
MemFree:         1535112 kB
MemAvailable:    1563520 kB
Buffers:           17988 kB
Cached:           139544 kB
MemTotal:        1844596 kB
MemFree:         1534940 kB
MemAvailable:    1563348 kB
Buffers:           17988 kB
Cached:           139544 kB
MemTotal:        1844596 kB
MemFree:         1533632 kB
MemAvailable:    1562040 kB
Buffers:           17988 kB
Cached:           139544 kB
MemTotal:        1844596 kB
MemFree:         1535100 kB
MemAvailable:    1563508 kB
Buffers:           17988 kB
Cached:           139544 kB
MemTotal:        1844596 kB
MemFree:         1534928 kB
MemAvailable:    1563336 kB
Buffers:           17988 kB
Cached:           139544 kB
MemTotal:        1844596 kB
MemFree:         1533696 kB
MemAvailable:    1562104 kB
Buffers:           17988 kB
Cached:           139544 kB
MemTotal:        1844596 kB
MemFree:         1533788 kB
MemAvailable:    1562196 kB
Buffers:           17988 kB
Cached:           139544 kB
MemTotal:        1844596 kB
MemFree:         1534896 kB
MemAvailable:    1563304 kB
Buffers:           17988 kB
Cached:           139544 kB
MemTotal:        1844596 kB
MemFree:         1535064 kB
MemAvailable:    1563472 kB
Buffers:           17988 kB
Cached:           139544 kB
MemTotal:        1844596 kB
MemFree:         1533688 kB
MemAvailable:    1562096 kB
Buffers:           17988 kB
Cached:           139544 kB
MemTotal:        1844596 kB
MemFree:         1533208 kB
MemAvailable:    1561616 kB
Buffers:           17988 kB
Cached:           139544 kB
MemTotal:        1844596 kB
MemFree:         1530472 kB
MemAvailable:    1558880 kB
Buffers:           17988 kB
Cached:           139544 kB
MemTotal:        1844596 kB
MemFree:         1530364 kB
MemAvailable:    1558772 kB
Buffers:           17988 kB
Cached:           139544 kB
MemTotal:        1844596 kB
MemFree:         1527488 kB
MemAvailable:    1555896 kB
Buffers:           17988 kB
Cached:           139544 kB
MemTotal:        1844596 kB
MemFree:         1527488 kB
MemAvailable:    1555896 kB
Buffers:           17988 kB
Cached:           139544 kB
MemTotal:        1844596 kB
MemFree:         1527324 kB
MemAvailable:    1555732 kB
Buffers:           17988 kB
Cached:           139544 kB
MemTotal:        1844596 kB
MemFree:         1527192 kB
MemAvailable:    1555600 kB
Buffers:           17988 kB
Cached:           139544 kB
MemTotal:        1844596 kB
MemFree:         1526892 kB
MemAvailable:    1555300 kB
Buffers:           17988 kB
Cached:           139544 kB
MemTotal:        1844596 kB
MemFree:         1526828 kB
MemAvailable:    1555236 kB
Buffers:           17988 kB
Cached:           139544 kB
MemTotal:        1844596 kB
MemFree:         1527084 kB
MemAvailable:    1555492 kB
Buffers:           17988 kB
Cached:           139544 kB
MemTotal:        1844596 kB
MemFree:         1525832 kB
MemAvailable:    1554240 kB
Buffers:           17988 kB
Cached:           139544 kB
MemTotal:        1844596 kB
MemFree:         1525708 kB
MemAvailable:    1554116 kB
Buffers:           17988 kB
Cached:           139544 kB
MemTotal:        1844596 kB
MemFree:         1527008 kB
MemAvailable:    1555416 kB
Buffers:           17988 kB
Cached:           139544 kB
MemTotal:        1844596 kB
MemFree:         1526140 kB
MemAvailable:    1554548 kB
Buffers:           17988 kB
Cached:           139544 kB
MemTotal:        1844596 kB
MemFree:         1526388 kB
MemAvailable:    1554800 kB
Buffers:           17988 kB
Cached:           139548 kB
MemTotal:        1844596 kB
MemFree:         1527116 kB
MemAvailable:    1555528 kB
Buffers:           17988 kB
Cached:           139548 kB
MemTotal:        1844596 kB
MemFree:         1527452 kB
MemAvailable:    1555864 kB
Buffers:           17988 kB
Cached:           139548 kB
MemTotal:        1844596 kB
MemFree:         1527184 kB
MemAvailable:    1555596 kB
Buffers:           17988 kB
Cached:           139548 kB
MemTotal:        1844596 kB
MemFree:         1526852 kB
MemAvailable:    1555264 kB
Buffers:           17988 kB
Cached:           139548 kB
MemTotal:        1844596 kB
MemFree:         1527104 kB
MemAvailable:    1555516 kB
Buffers:           17988 kB
Cached:           139548 kB
MemTotal:        1844596 kB
MemFree:         1526688 kB
MemAvailable:    1555100 kB
Buffers:           17988 kB
Cached:           139548 kB
MemTotal:        1844596 kB
MemFree:         1524504 kB
MemAvailable:    1552916 kB
Buffers:           17988 kB
Cached:           139548 kB
MemTotal:        1844596 kB
MemFree:         1526436 kB
MemAvailable:    1554848 kB
Buffers:           17988 kB
Cached:           139548 kB
MemTotal:        1844596 kB
MemFree:         1525884 kB
MemAvailable:    1554296 kB
Buffers:           17988 kB
Cached:           139548 kB
MemTotal:        1844596 kB
MemFree:         1525884 kB
MemAvailable:    1554296 kB
Buffers:           17988 kB
Cached:           139548 kB
MemTotal:        1844596 kB
MemFree:         1525448 kB
MemAvailable:    1553860 kB
Buffers:           17988 kB
Cached:           139548 kB
MemTotal:        1844596 kB
MemFree:         1525700 kB
MemAvailable:    1554112 kB
Buffers:           17988 kB
Cached:           139548 kB
MemTotal:        1844596 kB
MemFree:         1525208 kB
MemAvailable:    1553620 kB
Buffers:           17988 kB
Cached:           139548 kB
MemTotal:        1844596 kB
MemFree:         1523908 kB
MemAvailable:    1552320 kB
Buffers:           17988 kB
Cached:           139548 kB
MemTotal:        1844596 kB
MemFree:         1524456 kB
MemAvailable:    1552868 kB
Buffers:           17988 kB
Cached:           139548 kB
MemTotal:        1844596 kB
MemFree:         1523280 kB
MemAvailable:    1551692 kB
Buffers:           17988 kB
Cached:           139548 kB
MemTotal:        1844596 kB
MemFree:         1523520 kB
MemAvailable:    1551932 kB
Buffers:           17988 kB
Cached:           139548 kB
MemTotal:        1844596 kB
MemFree:         1523112 kB
MemAvailable:    1551524 kB
Buffers:           17988 kB
Cached:           139548 kB
MemTotal:        1844596 kB
MemFree:         1522660 kB
MemAvailable:    1551072 kB
Buffers:           17988 kB
Cached:           139548 kB
MemTotal:        1844596 kB
MemFree:         1523720 kB
MemAvailable:    1552132 kB
Buffers:           17988 kB
Cached:           139548 kB
MemTotal:        1844596 kB
MemFree:         1522792 kB
MemAvailable:    1551204 kB
Buffers:           17988 kB
Cached:           139548 kB
MemTotal:        1844596 kB
MemFree:         1521984 kB
MemAvailable:    1550396 kB
Buffers:           17988 kB
Cached:           139548 kB
MemTotal:        1844596 kB
MemFree:         1523144 kB
MemAvailable:    1551556 kB
Buffers:           17988 kB
Cached:           139548 kB
MemTotal:        1844596 kB
MemFree:         1523144 kB
MemAvailable:    1551556 kB
Buffers:           17988 kB
Cached:           139548 kB
MemTotal:        1844596 kB
MemFree:         1523156 kB
MemAvailable:    1551568 kB
Buffers:           17988 kB
Cached:           139548 kB
MemTotal:        1844596 kB
MemFree:         1523156 kB
MemAvailable:    1551568 kB
Buffers:           17988 kB
Cached:           139548 kB
MemTotal:        1844596 kB
MemFree:         1523116 kB
MemAvailable:    1551528 kB
Buffers:           17988 kB
Cached:           139548 kB
MemTotal:        1844596 kB
MemFree:         1523068 kB
MemAvailable:    1551480 kB
Buffers:           17988 kB
Cached:           139548 kB
MemTotal:        1844596 kB
MemFree:         1522784 kB
MemAvailable:    1551196 kB
Buffers:           17988 kB
Cached:           139548 kB
MemTotal:        1844596 kB
MemFree:         1522852 kB
MemAvailable:    1551264 kB
Buffers:           17988 kB
Cached:           139548 kB
MemTotal:        1844596 kB
MemFree:         1519560 kB
MemAvailable:    1547980 kB
Buffers:           17988 kB
Cached:           139556 kB
MemTotal:        1844596 kB
MemFree:         1519312 kB
MemAvailable:    1547732 kB
Buffers:           17988 kB
Cached:           139556 kB
MemTotal:        1844596 kB
MemFree:         1517444 kB
MemAvailable:    1545864 kB
Buffers:           17988 kB
Cached:           139556 kB
MemTotal:        1844596 kB
MemFree:         1517460 kB
MemAvailable:    1545880 kB
Buffers:           17988 kB
Cached:           139556 kB
MemTotal:        1844596 kB
MemFree:         1517464 kB
MemAvailable:    1545884 kB
Buffers:           17988 kB
Cached:           139556 kB
MemTotal:        1844596 kB
MemFree:         1517464 kB
MemAvailable:    1545884 kB
Buffers:           17988 kB
Cached:           139556 kB
MemTotal:        1844596 kB
MemFree:         1517520 kB
MemAvailable:    1545940 kB
Buffers:           17988 kB
Cached:           139556 kB
MemTotal:        1844596 kB
MemFree:         1516336 kB
MemAvailable:    1544756 kB
Buffers:           17988 kB
Cached:           139556 kB
MemTotal:        1844596 kB
MemFree:         1516344 kB
MemAvailable:    1544764 kB
Buffers:           17988 kB
Cached:           139556 kB
MemTotal:        1844596 kB
MemFree:         1516344 kB
MemAvailable:    1544764 kB
Buffers:           17988 kB
Cached:           139556 kB
MemTotal:        1844596 kB
MemFree:         1517196 kB
MemAvailable:    1545616 kB
Buffers:           17988 kB
Cached:           139556 kB
MemTotal:        1844596 kB
MemFree:         1517264 kB
MemAvailable:    1545684 kB
Buffers:           17988 kB
Cached:           139556 kB
MemTotal:        1844596 kB
MemFree:         1515964 kB
MemAvailable:    1544384 kB
Buffers:           17988 kB
Cached:           139556 kB
MemTotal:        1844596 kB
MemFree:         1514352 kB
MemAvailable:    1542772 kB
Buffers:           17988 kB
Cached:           139556 kB
MemTotal:        1844596 kB
MemFree:         1513988 kB
MemAvailable:    1542408 kB
Buffers:           17988 kB
Cached:           139556 kB
MemTotal:        1844596 kB
MemFree:         1513972 kB
MemAvailable:    1542392 kB
Buffers:           17988 kB
Cached:           139556 kB
MemTotal:        1844596 kB
MemFree:         1513972 kB
MemAvailable:    1542392 kB
Buffers:           17988 kB
Cached:           139556 kB
MemTotal:        1844596 kB
MemFree:         1513940 kB
MemAvailable:    1542360 kB
Buffers:           17988 kB
Cached:           139556 kB
MemTotal:        1844596 kB
MemFree:         1513996 kB
MemAvailable:    1542416 kB
Buffers:           17988 kB
Cached:           139556 kB
MemTotal:        1844596 kB
MemFree:         1512688 kB
MemAvailable:    1541108 kB
Buffers:           17988 kB
Cached:           139556 kB
MemTotal:        1844596 kB
MemFree:         1516036 kB
MemAvailable:    1544456 kB
Buffers:           17988 kB
Cached:           139556 kB
MemTotal:        1844596 kB
MemFree:         1516036 kB
MemAvailable:    1544456 kB
Buffers:           17988 kB
Cached:           139556 kB
MemTotal:        1844596 kB
MemFree:         1515904 kB
MemAvailable:    1544408 kB
Buffers:           17988 kB
Cached:           139680 kB
MemTotal:        1844596 kB
MemFree:         1515708 kB
MemAvailable:    1544296 kB
Buffers:           17988 kB
Cached:           139680 kB
MemTotal:        1844596 kB
MemFree:         1515640 kB
MemAvailable:    1544228 kB
Buffers:           17988 kB
Cached:           139804 kB
MemTotal:        1844596 kB
MemFree:         1515592 kB
MemAvailable:    1544348 kB
Buffers:           17988 kB
Cached:           139928 kB
MemTotal:        1844596 kB
MemFree:         1515600 kB
MemAvailable:    1544356 kB
Buffers:           17988 kB
Cached:           139928 kB
MemTotal:        1844596 kB
MemFree:         1514600 kB
MemAvailable:    1543524 kB
Buffers:           17988 kB
Cached:           140176 kB
MemTotal:        1844596 kB
MemFree:         1515536 kB
MemAvailable:    1544544 kB
Buffers:           17988 kB
Cached:           140176 kB
MemTotal:        1844596 kB
MemFree:         1515468 kB
MemAvailable:    1544560 kB
Buffers:           17988 kB
Cached:           140176 kB
MemTotal:        1844596 kB
MemFree:         1515356 kB
MemAvailable:    1544448 kB
Buffers:           17988 kB
Cached:           140176 kB
MemTotal:        1844596 kB
MemFree:         1515288 kB
MemAvailable:    1544380 kB
Buffers:           17988 kB
Cached:           140176 kB
MemTotal:        1844596 kB
MemFree:         1515068 kB
MemAvailable:    1544160 kB
Buffers:           17988 kB
Cached:           140176 kB
MemTotal:        1844596 kB
MemFree:         1515152 kB
MemAvailable:    1544244 kB
Buffers:           17988 kB
Cached:           140176 kB
MemTotal:        1844596 kB
MemFree:         1515192 kB
MemAvailable:    1544284 kB
Buffers:           17988 kB
Cached:           140300 kB
MemTotal:        1844596 kB
MemFree:         1515236 kB
MemAvailable:    1544328 kB
Buffers:           17988 kB
Cached:           140300 kB
MemTotal:        1844596 kB
MemFree:         1515504 kB
MemAvailable:    1543924 kB
Buffers:           17988 kB
Cached:           139668 kB
MemTotal:        1844596 kB
MemFree:         1583080 kB
MemAvailable:    1611500 kB
Buffers:           17988 kB
Cached:           139668 kB
