MemTotal:        1844596 kB
MemFree:         1556164 kB
MemAvailable:    1586780 kB
Buffers:           18324 kB
Cached:           141240 kB
MemTotal:        1844596 kB
MemFree:         1554724 kB
MemAvailable:    1585340 kB
Buffers:           18324 kB
Cached:           141240 kB
MemTotal:        1844596 kB
MemFree:         1554120 kB
MemAvailable:    1584736 kB
Buffers:           18324 kB
Cached:           141240 kB
MemTotal:        1844596 kB
MemFree:         1551996 kB
MemAvailable:    1582612 kB
Buffers:           18324 kB
Cached:           141240 kB
MemTotal:        1844596 kB
MemFree:         1550384 kB
MemAvailable:    1581000 kB
Buffers:           18324 kB
Cached:           141240 kB
MemTotal:        1844596 kB
MemFree:         1550028 kB
MemAvailable:    1580644 kB
Buffers:           18324 kB
Cached:           141240 kB
MemTotal:        1844596 kB
MemFree:         1548788 kB
MemAvailable:    1579404 kB
Buffers:           18324 kB
Cached:           141240 kB
MemTotal:        1844596 kB
MemFree:         1548524 kB
MemAvailable:    1579140 kB
Buffers:           18324 kB
Cached:           141240 kB
MemTotal:        1844596 kB
MemFree:         1548608 kB
MemAvailable:    1579224 kB
Buffers:           18324 kB
Cached:           141240 kB
MemTotal:        1844596 kB
MemFree:         1546704 kB
MemAvailable:    1577320 kB
Buffers:           18324 kB
Cached:           141240 kB
MemTotal:        1844596 kB
MemFree:         1546348 kB
MemAvailable:    1576964 kB
Buffers:           18324 kB
Cached:           141240 kB
MemTotal:        1844596 kB
MemFree:         1543424 kB
MemAvailable:    1574040 kB
Buffers:           18324 kB
Cached:           141240 kB
MemTotal:        1844596 kB
MemFree:         1541936 kB
MemAvailable:    1572552 kB
Buffers:           18324 kB
Cached:           141240 kB
MemTotal:        1844596 kB
MemFree:         1537968 kB
MemAvailable:    1568584 kB
Buffers:           18324 kB
Cached:           141240 kB
MemTotal:        1844596 kB
MemFree:         1536668 kB
MemAvailable:    1567284 kB
Buffers:           18324 kB
Cached:           141240 kB
MemTotal:        1844596 kB
MemFree:         1538680 kB
MemAvailable:    1569296 kB
Buffers:           18324 kB
Cached:           141240 kB
MemTotal:        1844596 kB
MemFree:         1538852 kB
MemAvailable:    1569468 kB
Buffers:           18324 kB
Cached:           141240 kB
MemTotal:        1844596 kB
MemFree:         1537784 kB
MemAvailable:    1568400 kB
Buffers:           18324 kB
Cached:           141240 kB
MemTotal:        1844596 kB
MemFree:         1538900 kB
MemAvailable:    1569516 kB
Buffers:           18324 kB
Cached:           141240 kB
MemTotal:        1844596 kB
MemFree:         1538264 kB
MemAvailable:    1568880 kB
Buffers:           18324 kB
Cached:           141240 kB
MemTotal:        1844596 kB
MemFree:         1537732 kB
MemAvailable:    1568348 kB
Buffers:           18324 kB
Cached:           141240 kB
MemTotal:        1844596 kB
MemFree:         1537960 kB
MemAvailable:    1568576 kB
Buffers:           18324 kB
Cached:           141240 kB
MemTotal:        1844596 kB
MemFree:         1536916 kB
MemAvailable:    1567532 kB
Buffers:           18324 kB
Cached:           141240 kB
MemTotal:        1844596 kB
MemFree:         1536728 kB
MemAvailable:    1567344 kB
Buffers:           18324 kB
Cached:           141240 kB
MemTotal:        1844596 kB
MemFree:         1536404 kB
MemAvailable:    1567020 kB
Buffers:           18324 kB
Cached:           141240 kB
MemTotal:        1844596 kB
MemFree:         1535304 kB
MemAvailable:    1565920 kB
Buffers:           18324 kB
Cached:           141240 kB
MemTotal:        1844596 kB
MemFree:         1536240 kB
MemAvailable:    1566856 kB
Buffers:           18324 kB
Cached:           141240 kB
MemTotal:        1844596 kB
MemFree:         1534868 kB
MemAvailable:    1565484 kB
Buffers:           18324 kB
Cached:           141240 kB
MemTotal:        1844596 kB
MemFree:         1536168 kB
MemAvailable:    1566784 kB
Buffers:           18324 kB
Cached:           141240 kB
MemTotal:        1844596 kB
MemFree:         1536228 kB
MemAvailable:    1566844 kB
Buffers:           18324 kB
Cached:           141240 kB
MemTotal:        1844596 kB
MemFree:         1534856 kB
MemAvailable:    1565472 kB
Buffers:           18324 kB
Cached:           141240 kB
MemTotal:        1844596 kB
MemFree:         1536156 kB
MemAvailable:    1566772 kB
Buffers:           18324 kB
Cached:           141240 kB
MemTotal:        1844596 kB
MemFree:         1536216 kB
MemAvailable:    1566832 kB
Buffers:           18324 kB
Cached:           141240 kB
MemTotal:        1844596 kB
MemFree:         1536456 kB
MemAvailable:    1567072 kB
Buffers:           18324 kB
Cached:           141240 kB
MemTotal:        1844596 kB
MemFree:         1535984 kB
MemAvailable:    1566600 kB
Buffers:           18324 kB
Cached:           141240 kB
MemTotal:        1844596 kB
MemFree:         1533816 kB
MemAvailable:    1564432 kB
Buffers:           18324 kB
Cached:           141240 kB
MemTotal:        1844596 kB
MemFree:         1533808 kB
MemAvailable:    1564424 kB
Buffers:           18324 kB
Cached:           141240 kB
MemTotal:        1844596 kB
MemFree:         1532956 kB
MemAvailable:    1563572 kB
Buffers:           18324 kB
Cached:           141240 kB
MemTotal:        1844596 kB
MemFree:         1532560 kB
MemAvailable:    1563176 kB
Buffers:           18324 kB
Cached:           141240 kB
MemTotal:        1844596 kB
MemFree:         1533256 kB
MemAvailable:    1563872 kB
Buffers:           18324 kB
Cached:           141240 kB
MemTotal:        1844596 kB
MemFree:         1531824 kB
MemAvailable:    1562440 kB
Buffers:           18324 kB
Cached:           141240 kB
MemTotal:        1844596 kB
MemFree:         1532388 kB
MemAvailable:    1563016 kB
Buffers:           18324 kB
Cached:           141248 kB
MemTotal:        1844596 kB
MemFree:         1532132 kB
MemAvailable:    1562760 kB
Buffers:           18324 kB
Cached:           141248 kB
MemTotal:        1844596 kB
MemFree:         1531996 kB
MemAvailable:    1562628 kB
Buffers:           18324 kB
Cached:           141252 kB
MemTotal:        1844596 kB
MemFree:         1532076 kB
MemAvailable:    1562708 kB
Buffers:           18324 kB
Cached:           141252 kB
MemTotal:        1844596 kB
MemFree:         1532016 kB
MemAvailable:    1562648 kB
Buffers:           18324 kB
Cached:           141252 kB
MemTotal:        1844596 kB
MemFree:         1530792 kB
MemAvailable:    1561424 kB
Buffers:           18324 kB
Cached:           141252 kB
MemTotal:        1844596 kB
MemFree:         1530660 kB
MemAvailable:    1561292 kB
Buffers:           18324 kB
Cached:           141252 kB
MemTotal:        1844596 kB
MemFree:         1531948 kB
MemAvailable:    1562580 kB
Buffers:           18324 kB
Cached:           141252 kB
MemTotal:        1844596 kB
MemFree:         1531816 kB
MemAvailable:    1562448 kB
Buffers:           18324 kB
Cached:           141252 kB
MemTotal:        1844596 kB
MemFree:         1531620 kB
MemAvailable:    1562252 kB
Buffers:           18324 kB
Cached:           141252 kB
MemTotal:        1844596 kB
MemFree:         1531396 kB
MemAvailable:    1562028 kB
Buffers:           18324 kB
Cached:           141252 kB
MemTotal:        1844596 kB
MemFree:         1529964 kB
MemAvailable:    1560596 kB
Buffers:           18324 kB
Cached:           141252 kB
MemTotal:        1844596 kB
MemFree:         1529840 kB
MemAvailable:    1560472 kB
Buffers:           18324 kB
Cached:           141252 kB
MemTotal:        1844596 kB
MemFree:         1529668 kB
MemAvailable:    1560300 kB
Buffers:           18324 kB
Cached:           141252 kB
MemTotal:        1844596 kB
MemFree:         1531068 kB
MemAvailable:    1561700 kB
Buffers:           18324 kB
Cached:           141252 kB
MemTotal:        1844596 kB
MemFree:         1530476 kB
MemAvailable:    1561108 kB
Buffers:           18324 kB
Cached:           141252 kB
MemTotal:        1844596 kB
MemFree:         1530948 kB
MemAvailable:    1561580 kB
Buffers:           18324 kB
Cached:           141252 kB
MemTotal:        1844596 kB
MemFree:         1530592 kB
MemAvailable:    1561224 kB
Buffers:           18324 kB
Cached:           141252 kB
MemTotal:        1844596 kB
MemFree:         1530692 kB
MemAvailable:    1561324 kB
Buffers:           18324 kB
Cached:           141252 kB
MemTotal:        1844596 kB
MemFree:         1529952 kB
MemAvailable:    1560584 kB
Buffers:           18324 kB
Cached:           141252 kB
MemTotal:        1844596 kB
MemFree:         1530892 kB
MemAvailable:    1561524 kB
Buffers:           18324 kB
Cached:           141252 kB
MemTotal:        1844596 kB
MemFree:         1529848 kB
MemAvailable:    1560480 kB
Buffers:           18324 kB
Cached:           141252 kB
MemTotal:        1844596 kB
MemFree:         1530824 kB
MemAvailable:    1561456 kB
Buffers:           18324 kB
Cached:           141252 kB
MemTotal:        1844596 kB
MemFree:         1530716 kB
MemAvailable:    1561348 kB
Buffers:           18324 kB
Cached:           141252 kB
MemTotal:        1844596 kB
MemFree:         1531004 kB
MemAvailable:    1561636 kB
Buffers:           18324 kB
Cached:           141252 kB
MemTotal:        1844596 kB
MemFree:         1529828 kB
MemAvailable:    1560460 kB
Buffers:           18324 kB
Cached:           141252 kB
MemTotal:        1844596 kB
MemFree:         1531040 kB
MemAvailable:    1561672 kB
Buffers:           18324 kB
Cached:           141252 kB
MemTotal:        1844596 kB
MemFree:         1530748 kB
MemAvailable:    1561380 kB
Buffers:           18324 kB
Cached:           141252 kB
MemTotal:        1844596 kB
MemFree:         1530616 kB
MemAvailable:    1561248 kB
Buffers:           18324 kB
Cached:           141252 kB
MemTotal:        1844596 kB
MemFree:         1529428 kB
MemAvailable:    1560060 kB
Buffers:           18324 kB
Cached:           141252 kB
MemTotal:        1844596 kB
MemFree:         1529180 kB
MemAvailable:    1559812 kB
Buffers:           18324 kB
Cached:           141252 kB
MemTotal:        1844596 kB
MemFree:         1529104 kB
MemAvailable:    1559736 kB
Buffers:           18324 kB
Cached:           141252 kB
MemTotal:        1844596 kB
MemFree:         1530316 kB
MemAvailable:    1560948 kB
Buffers:           18324 kB
Cached:           141252 kB
MemTotal:        1844596 kB
MemFree:         1530212 kB
MemAvailable:    1560844 kB
Buffers:           18324 kB
Cached:           141252 kB
MemTotal:        1844596 kB
MemFree:         1528956 kB
MemAvailable:    1559588 kB
Buffers:           18324 kB
Cached:           141252 kB
MemTotal:        1844596 kB
MemFree:         1530260 kB
MemAvailable:    1560892 kB
Buffers:           18324 kB
Cached:           141252 kB
MemTotal:        1844596 kB
MemFree:         1528664 kB
MemAvailable:    1559296 kB
Buffers:           18324 kB
Cached:           141252 kB
MemTotal:        1844596 kB
MemFree:         1530132 kB
MemAvailable:    1560764 kB
Buffers:           18324 kB
Cached:           141252 kB
MemTotal:        1844596 kB
MemFree:         1530060 kB
MemAvailable:    1560692 kB
Buffers:           18324 kB
Cached:           141252 kB
MemTotal:        1844596 kB
MemFree:         1529980 kB
MemAvailable:    1560612 kB
Buffers:           18324 kB
Cached:           141252 kB
MemTotal:        1844596 kB
MemFree:         1529784 kB
MemAvailable:    1560416 kB
Buffers:           18324 kB
Cached:           141252 kB
MemTotal:        1844596 kB
MemFree:         1528548 kB
MemAvailable:    1559180 kB
Buffers:           18324 kB
Cached:           141252 kB
MemTotal:        1844596 kB
MemFree:         1528296 kB
MemAvailable:    1558928 kB
Buffers:           18324 kB
Cached:           141252 kB
MemTotal:        1844596 kB
MemFree:         1526500 kB
MemAvailable:    1557132 kB
Buffers:           18324 kB
Cached:           141252 kB
MemTotal:        1844596 kB
MemFree:         1525592 kB
MemAvailable:    1556224 kB
Buffers:           18324 kB
Cached:           141252 kB
MemTotal:        1844596 kB
MemFree:         1522840 kB
MemAvailable:    1553472 kB
Buffers:           18324 kB
Cached:           141252 kB
MemTotal:        1844596 kB
MemFree:         1522772 kB
MemAvailable:    1553404 kB
Buffers:           18324 kB
Cached:           141252 kB
MemTotal:        1844596 kB
MemFree:         1521160 kB
MemAvailable:    1551792 kB
Buffers:           18324 kB
Cached:           141252 kB
MemTotal:        1844596 kB
MemFree:         1520788 kB
MemAvailable:    1551420 kB
Buffers:           18324 kB
Cached:           141252 kB
MemTotal:        1844596 kB
MemFree:         1520780 kB
MemAvailable:    1551412 kB
Buffers:           18324 kB
Cached:           141252 kB
MemTotal:        1844596 kB
MemFree:         1522140 kB
MemAvailable:    1552772 kB
Buffers:           18324 kB
Cached:           141252 kB
MemTotal:        1844596 kB
MemFree:         1521548 kB
MemAvailable:    1552180 kB
Buffers:           18324 kB
Cached:           141252 kB
MemTotal:        1844596 kB
MemFree:         1522020 kB
MemAvailable:    1552652 kB
Buffers:           18324 kB
Cached:           141252 kB
MemTotal:        1844596 kB
MemFree:         1522272 kB
MemAvailable:    1552904 kB
Buffers:           18324 kB
Cached:           141252 kB
MemTotal:        1844596 kB
MemFree:         1522208 kB
MemAvailable:    1552840 kB
Buffers:           18324 kB
Cached:           141252 kB
MemTotal:        1844596 kB
MemFree:         1520860 kB
MemAvailable:    1551492 kB
Buffers:           18324 kB
Cached:           141252 kB
MemTotal:        1844596 kB
MemFree:         1522156 kB
MemAvailable:    1552788 kB
Buffers:           18324 kB
Cached:           141252 kB
MemTotal:        1844596 kB
MemFree:         1522028 kB
MemAvailable:    1552660 kB
Buffers:           18324 kB
Cached:           141252 kB
MemTotal:        1844596 kB
MemFree:         1521424 kB
MemAvailable:    1552056 kB
Buffers:           18324 kB
Cached:           141252 kB
MemTotal:        1844596 kB
MemFree:         1522020 kB
MemAvailable:    1552652 kB
Buffers:           18324 kB
Cached:           141252 kB
MemTotal:        1844596 kB
MemFree:         1522104 kB
MemAvailable:    1552736 kB
Buffers:           18324 kB
Cached:           141252 kB
MemTotal:        1844596 kB
MemFree:         1522076 kB
MemAvailable:    1552708 kB
Buffers:           18324 kB
Cached:           141252 kB
MemTotal:        1844596 kB
MemFree:         1522036 kB
MemAvailable:    1552668 kB
Buffers:           18324 kB
Cached:           141252 kB
MemTotal:        1844596 kB
MemFree:         1522100 kB
MemAvailable:    1552732 kB
Buffers:           18324 kB
Cached:           141252 kB
MemTotal:        1844596 kB
MemFree:         1521716 kB
MemAvailable:    1552348 kB
Buffers:           18324 kB
Cached:           141252 kB
MemTotal:        1844596 kB
MemFree:         1520300 kB
MemAvailable:    1550932 kB
Buffers:           18324 kB
Cached:           141252 kB
MemTotal:        1844596 kB
MemFree:         1519748 kB
MemAvailable:    1550380 kB
Buffers:           18324 kB
Cached:           141252 kB
MemTotal:        1844596 kB
MemFree:         1521292 kB
MemAvailable:    1551924 kB
Buffers:           18324 kB
Cached:           141252 kB
MemTotal:        1844596 kB
MemFree:         1520408 kB
MemAvailable:    1551048 kB
Buffers:           18324 kB
Cached:           141260 kB
MemTotal:        1844596 kB
MemFree:         1520300 kB
MemAvailable:    1550940 kB
Buffers:           18324 kB
Cached:           141260 kB
MemTotal:        1844596 kB
MemFree:         1519004 kB
MemAvailable:    1549644 kB
Buffers:           18324 kB
Cached:           141260 kB
MemTotal:        1844596 kB
MemFree:         1520368 kB
MemAvailable:    1551008 kB
Buffers:           18324 kB
Cached:           141260 kB
MemTotal:        1844596 kB
MemFree:         1519416 kB
MemAvailable:    1550056 kB
Buffers:           18324 kB
Cached:           141260 kB
MemTotal:        1844596 kB
MemFree:         1519060 kB
MemAvailable:    1549700 kB
Buffers:           18324 kB
Cached:           141260 kB
MemTotal:        1844596 kB
MemFree:         1519188 kB
MemAvailable:    1549828 kB
Buffers:           18324 kB
Cached:           141260 kB
MemTotal:        1844596 kB
MemFree:         1518992 kB
MemAvailable:    1549632 kB
Buffers:           18336 kB
Cached:           141248 kB
MemTotal:        1844596 kB
MemFree:         1517556 kB
MemAvailable:    1548196 kB
Buffers:           18336 kB
Cached:           141248 kB
MemTotal:        1844596 kB
MemFree:         1517672 kB
MemAvailable:    1548312 kB
Buffers:           18336 kB
Cached:           141248 kB
MemTotal:        1844596 kB
MemFree:         1517324 kB
MemAvailable:    1547964 kB
Buffers:           18336 kB
Cached:           141248 kB
MemTotal:        1844596 kB
MemFree:         1518392 kB
MemAvailable:    1549032 kB
Buffers:           18336 kB
Cached:           141248 kB
MemTotal:        1844596 kB
MemFree:         1518300 kB
MemAvailable:    1548940 kB
Buffers:           18336 kB
Cached:           141248 kB
MemTotal:        1844596 kB
MemFree:         1518188 kB
MemAvailable:    1548828 kB
Buffers:           18336 kB
Cached:           141248 kB
MemTotal:        1844596 kB
MemFree:         1518232 kB
MemAvailable:    1548872 kB
Buffers:           18336 kB
Cached:           141248 kB
MemTotal:        1844596 kB
MemFree:         1518028 kB
MemAvailable:    1548668 kB
Buffers:           18336 kB
Cached:           141248 kB
MemTotal:        1844596 kB
MemFree:         1518028 kB
MemAvailable:    1548668 kB
Buffers:           18336 kB
Cached:           141248 kB
MemTotal:        1844596 kB
MemFree:         1518240 kB
MemAvailable:    1548880 kB
Buffers:           18336 kB
Cached:           141248 kB
MemTotal:        1844596 kB
MemFree:         1518000 kB
MemAvailable:    1548640 kB
Buffers:           18336 kB
Cached:           141248 kB
MemTotal:        1844596 kB
MemFree:         1517828 kB
MemAvailable:    1548468 kB
Buffers:           18336 kB
Cached:           141248 kB
MemTotal:        1844596 kB
MemFree:         1517584 kB
MemAvailable:    1548224 kB
Buffers:           18336 kB
Cached:           141248 kB
MemTotal:        1844596 kB
MemFree:         1516400 kB
MemAvailable:    1547040 kB
Buffers:           18336 kB
Cached:           141248 kB
MemTotal:        1844596 kB
MemFree:         1512844 kB
MemAvailable:    1543484 kB
Buffers:           18336 kB
Cached:           141248 kB
MemTotal:        1844596 kB
MemFree:         1512364 kB
MemAvailable:    1543004 kB
Buffers:           18336 kB
Cached:           141248 kB
MemTotal:        1844596 kB
MemFree:         1512784 kB
MemAvailable:    1543424 kB
Buffers:           18336 kB
Cached:           141248 kB
MemTotal:        1844596 kB
MemFree:         1511744 kB
MemAvailable:    1542384 kB
Buffers:           18336 kB
Cached:           141248 kB
MemTotal:        1844596 kB
MemFree:         1512600 kB
MemAvailable:    1543240 kB
Buffers:           18336 kB
Cached:           141248 kB
MemTotal:        1844596 kB
MemFree:         1511992 kB
MemAvailable:    1542632 kB
Buffers:           18336 kB
Cached:           141248 kB
MemTotal:        1844596 kB
MemFree:         1512176 kB
MemAvailable:    1542816 kB
Buffers:           18336 kB
Cached:           141248 kB
MemTotal:        1844596 kB
MemFree:         1512432 kB
MemAvailable:    1543072 kB
Buffers:           18336 kB
Cached:           141248 kB
MemTotal:        1844596 kB
MemFree:         1512212 kB
MemAvailable:    1542852 kB
Buffers:           18336 kB
Cached:           141248 kB
MemTotal:        1844596 kB
MemFree:         1512212 kB
MemAvailable:    1542852 kB
Buffers:           18336 kB
Cached:           141248 kB
MemTotal:        1844596 kB
MemFree:         1511944 kB
MemAvailable:    1542584 kB
Buffers:           18336 kB
Cached:           141248 kB
MemTotal:        1844596 kB
MemFree:         1512028 kB
MemAvailable:    1542668 kB
Buffers:           18336 kB
Cached:           141248 kB
MemTotal:        1844596 kB
MemFree:         1512120 kB
MemAvailable:    1542760 kB
Buffers:           18336 kB
Cached:           141248 kB
MemTotal:        1844596 kB
MemFree:         1511920 kB
MemAvailable:    1542560 kB
Buffers:           18336 kB
Cached:           141248 kB
MemTotal:        1844596 kB
MemFree:         1511992 kB
MemAvailable:    1542632 kB
Buffers:           18336 kB
Cached:           141248 kB
MemTotal:        1844596 kB
MemFree:         1511672 kB
MemAvailable:    1542312 kB
Buffers:           18336 kB
Cached:           141248 kB
MemTotal:        1844596 kB
MemFree:         1511924 kB
MemAvailable:    1542564 kB
Buffers:           18336 kB
Cached:           141248 kB
MemTotal:        1844596 kB
MemFree:         1510440 kB
MemAvailable:    1541080 kB
Buffers:           18336 kB
Cached:           141248 kB
MemTotal:        1844596 kB
MemFree:         1510936 kB
MemAvailable:    1541576 kB
Buffers:           18336 kB
Cached:           141248 kB
MemTotal:        1844596 kB
MemFree:         1509884 kB
MemAvailable:    1540524 kB
Buffers:           18336 kB
Cached:           141248 kB
MemTotal:        1844596 kB
MemFree:         1509000 kB
MemAvailable:    1539640 kB
Buffers:           18336 kB
Cached:           141248 kB
MemTotal:        1844596 kB
MemFree:         1509336 kB
MemAvailable:    1539976 kB
Buffers:           18336 kB
Cached:           141248 kB
MemTotal:        1844596 kB
MemFree:         1509068 kB
MemAvailable:    1539708 kB
Buffers:           18336 kB
Cached:           141248 kB
MemTotal:        1844596 kB
MemFree:         1507636 kB
MemAvailable:    1538276 kB
Buffers:           18336 kB
Cached:           141248 kB
MemTotal:        1844596 kB
MemFree:         1508876 kB
MemAvailable:    1539516 kB
Buffers:           18336 kB
Cached:           141248 kB
MemTotal:        1844596 kB
MemFree:         1508264 kB
MemAvailable:    1538904 kB
Buffers:           18336 kB
Cached:           141248 kB
MemTotal:        1844596 kB
MemFree:         1510692 kB
MemAvailable:    1541332 kB
Buffers:           18336 kB
Cached:           141248 kB
MemTotal:        1844596 kB
MemFree:         1510628 kB
MemAvailable:    1541268 kB
Buffers:           18336 kB
Cached:           141248 kB
MemTotal:        1844596 kB
MemFree:         1510696 kB
MemAvailable:    1541336 kB
Buffers:           18336 kB
Cached:           141248 kB
MemTotal:        1844596 kB
MemFree:         1509760 kB
MemAvailable:    1540484 kB
Buffers:           18336 kB
Cached:           141372 kB
MemTotal:        1844596 kB
MemFree:         1510616 kB
MemAvailable:    1541424 kB
Buffers:           18336 kB
Cached:           141496 kB
MemTotal:        1844596 kB
MemFree:         1510008 kB
MemAvailable:    1540900 kB
Buffers:           18336 kB
Cached:           141620 kB
MemTotal:        1844596 kB
MemFree:         1510352 kB
MemAvailable:    1541328 kB
Buffers:           18336 kB
Cached:           141744 kB
MemTotal:        1844596 kB
MemFree:         1510352 kB
MemAvailable:    1541328 kB
Buffers:           18336 kB
Cached:           141744 kB
MemTotal:        1844596 kB
MemFree:         1510100 kB
MemAvailable:    1541244 kB
Buffers:           18336 kB
Cached:           141868 kB
MemTotal:        1844596 kB
MemFree:         1510132 kB
MemAvailable:    1541276 kB
Buffers:           18336 kB
Cached:           141868 kB
MemTotal:        1844596 kB
MemFree:         1509980 kB
MemAvailable:    1541208 kB
Buffers:           18336 kB
Cached:           141868 kB
MemTotal:        1844596 kB
MemFree:         1509980 kB
MemAvailable:    1541208 kB
Buffers:           18336 kB
Cached:           141868 kB
MemTotal:        1844596 kB
MemFree:         1510180 kB
MemAvailable:    1541408 kB
Buffers:           18336 kB
Cached:           141868 kB
MemTotal:        1844596 kB
MemFree:         1509512 kB
MemAvailable:    1540740 kB
Buffers:           18336 kB
Cached:           141868 kB
MemTotal:        1844596 kB
MemFree:         1509856 kB
MemAvailable:    1541084 kB
Buffers:           18336 kB
Cached:           141868 kB
MemTotal:        1844596 kB
MemFree:         1510192 kB
MemAvailable:    1541420 kB
Buffers:           18336 kB
Cached:           141868 kB
MemTotal:        1844596 kB
MemFree:         1510196 kB
MemAvailable:    1541424 kB
Buffers:           18336 kB
Cached:           141868 kB
MemTotal:        1844596 kB
MemFree:         1510008 kB
MemAvailable:    1541236 kB
Buffers:           18336 kB
Cached:           141868 kB
MemTotal:        1844596 kB
MemFree:         1509432 kB
MemAvailable:    1540072 kB
Buffers:           18336 kB
Cached:           141236 kB
MemTotal:        1844596 kB
MemFree:         1532948 kB
MemAvailable:    1563672 kB
Buffers:           18336 kB
Cached:           141236 kB
