MemTotal:        1844596 kB
MemFree:         1532980 kB
MemAvailable:    1581128 kB
Buffers:           20884 kB
Cached:           157116 kB
MemTotal:        1844596 kB
MemFree:         1531616 kB
MemAvailable:    1579764 kB
Buffers:           20896 kB
Cached:           157104 kB
MemTotal:        1844596 kB
MemFree:         1532500 kB
MemAvailable:    1580648 kB
Buffers:           20896 kB
Cached:           157104 kB
MemTotal:        1844596 kB
MemFree:         1531436 kB
MemAvailable:    1579584 kB
Buffers:           20896 kB
Cached:           157104 kB
MemTotal:        1844596 kB
MemFree:         1530080 kB
MemAvailable:    1578228 kB
Buffers:           20896 kB
Cached:           157104 kB
MemTotal:        1844596 kB
MemFree:         1528648 kB
MemAvailable:    1576796 kB
Buffers:           20896 kB
Cached:           157104 kB
MemTotal:        1844596 kB
MemFree:         1527532 kB
MemAvailable:    1575680 kB
Buffers:           20896 kB
Cached:           157104 kB
MemTotal:        1844596 kB
MemFree:         1526584 kB
MemAvailable:    1574732 kB
Buffers:           20896 kB
Cached:           157104 kB
MemTotal:        1844596 kB
MemFree:         1523384 kB
MemAvailable:    1571532 kB
Buffers:           20896 kB
Cached:           157104 kB
MemTotal:        1844596 kB
MemFree:         1522084 kB
MemAvailable:    1570232 kB
Buffers:           20896 kB
Cached:           157104 kB
MemTotal:        1844596 kB
MemFree:         1519044 kB
MemAvailable:    1567192 kB
Buffers:           20896 kB
Cached:           157104 kB
MemTotal:        1844596 kB
MemFree:         1519956 kB
MemAvailable:    1568104 kB
Buffers:           20896 kB
Cached:           157104 kB
MemTotal:        1844596 kB
MemFree:         1518728 kB
MemAvailable:    1566876 kB
Buffers:           20896 kB
Cached:           157104 kB
MemTotal:        1844596 kB
MemFree:         1518596 kB
MemAvailable:    1566744 kB
Buffers:           20896 kB
Cached:           157104 kB
MemTotal:        1844596 kB
MemFree:         1518860 kB
MemAvailable:    1567008 kB
Buffers:           20896 kB
Cached:           157104 kB
MemTotal:        1844596 kB
MemFree:         1518612 kB
MemAvailable:    1566760 kB
Buffers:           20896 kB
Cached:           157104 kB
MemTotal:        1844596 kB
MemFree:         1519788 kB
MemAvailable:    1567936 kB
Buffers:           20896 kB
Cached:           157104 kB
MemTotal:        1844596 kB
MemFree:         1518720 kB
MemAvailable:    1566868 kB
Buffers:           20896 kB
Cached:           157104 kB
MemTotal:        1844596 kB
MemFree:         1517868 kB
MemAvailable:    1566016 kB
Buffers:           20896 kB
Cached:           157104 kB
MemTotal:        1844596 kB
MemFree:         1517604 kB
MemAvailable:    1565752 kB
Buffers:           20896 kB
Cached:           157104 kB
MemTotal:        1844596 kB
MemFree:         1517124 kB
MemAvailable:    1565272 kB
Buffers:           20896 kB
Cached:           157104 kB
MemTotal:        1844596 kB
MemFree:         1517484 kB
MemAvailable:    1565632 kB
Buffers:           20896 kB
Cached:           157104 kB
MemTotal:        1844596 kB
MemFree:         1516320 kB
MemAvailable:    1564468 kB
Buffers:           20896 kB
Cached:           157104 kB
MemTotal:        1844596 kB
MemFree:         1516064 kB
MemAvailable:    1564212 kB
Buffers:           20896 kB
Cached:           157104 kB
MemTotal:        1844596 kB
MemFree:         1517616 kB
MemAvailable:    1565764 kB
Buffers:           20896 kB
Cached:           157104 kB
MemTotal:        1844596 kB
MemFree:         1517148 kB
MemAvailable:    1565296 kB
Buffers:           20896 kB
Cached:           157104 kB
MemTotal:        1844596 kB
MemFree:         1517408 kB
MemAvailable:    1565556 kB
Buffers:           20896 kB
Cached:           157104 kB
MemTotal:        1844596 kB
MemFree:         1517008 kB
MemAvailable:    1565156 kB
Buffers:           20896 kB
Cached:           157104 kB
MemTotal:        1844596 kB
MemFree:         1517548 kB
MemAvailable:    1565696 kB
Buffers:           20896 kB
Cached:           157104 kB
MemTotal:        1844596 kB
MemFree:         1516332 kB
MemAvailable:    1564480 kB
Buffers:           20896 kB
Cached:           157104 kB
MemTotal:        1844596 kB
MemFree:         1517540 kB
MemAvailable:    1565688 kB
Buffers:           20896 kB
Cached:           157104 kB
MemTotal:        1844596 kB
MemFree:         1517540 kB
MemAvailable:    1565688 kB
Buffers:           20896 kB
Cached:           157104 kB
MemTotal:        1844596 kB
MemFree:         1516628 kB
MemAvailable:    1564776 kB
Buffers:           20896 kB
Cached:           157104 kB
MemTotal:        1844596 kB
MemFree:         1514892 kB
MemAvailable:    1563040 kB
Buffers:           20896 kB
Cached:           157104 kB
MemTotal:        1844596 kB
MemFree:         1514140 kB
MemAvailable:    1562288 kB
Buffers:           20896 kB
Cached:           157104 kB
MemTotal:        1844596 kB
MemFree:         1514944 kB
MemAvailable:    1563092 kB
Buffers:           20896 kB
Cached:           157104 kB
MemTotal:        1844596 kB
MemFree:         1513528 kB
MemAvailable:    1561676 kB
Buffers:           20896 kB
Cached:           157104 kB
MemTotal:        1844596 kB
MemFree:         1514392 kB
MemAvailable:    1562540 kB
Buffers:           20896 kB
Cached:           157104 kB
MemTotal:        1844596 kB
MemFree:         1513032 kB
MemAvailable:    1561180 kB
Buffers:           20896 kB
Cached:           157104 kB
MemTotal:        1844596 kB
MemFree:         1512288 kB
MemAvailable:    1560436 kB
Buffers:           20896 kB
Cached:           157104 kB
MemTotal:        1844596 kB
MemFree:         1512288 kB
MemAvailable:    1560456 kB
Buffers:           20896 kB
Cached:           157124 kB
MemTotal:        1844596 kB
MemFree:         1512280 kB
MemAvailable:    1560448 kB
Buffers:           20896 kB
Cached:           157124 kB
MemTotal:        1844596 kB
MemFree:         1513588 kB
MemAvailable:    1561756 kB
Buffers:           20896 kB
Cached:           157124 kB
MemTotal:        1844596 kB
MemFree:         1512156 kB
MemAvailable:    1560324 kB
Buffers:           20896 kB
Cached:           157124 kB
MemTotal:        1844596 kB
MemFree:         1513456 kB
MemAvailable:    1561624 kB
Buffers:           20896 kB
Cached:           157124 kB
MemTotal:        1844596 kB
MemFree:         1513348 kB
MemAvailable:    1561516 kB
Buffers:           20896 kB
Cached:           157124 kB
MemTotal:        1844596 kB
MemFree:         1512776 kB
MemAvailable:    1560944 kB
Buffers:           20896 kB
Cached:           157124 kB
MemTotal:        1844596 kB
MemFree:         1512172 kB
MemAvailable:    1560340 kB
Buffers:           20896 kB
Cached:           157124 kB
MemTotal:        1844596 kB
MemFree:         1512456 kB
MemAvailable:    1560624 kB
Buffers:           20896 kB
Cached:           157124 kB
MemTotal:        1844596 kB
MemFree:         1512516 kB
MemAvailable:    1560684 kB
Buffers:           20896 kB
Cached:           157124 kB
MemTotal:        1844596 kB
MemFree:         1511040 kB
MemAvailable:    1559208 kB
Buffers:           20896 kB
Cached:           157124 kB
MemTotal:        1844596 kB
MemFree:         1511048 kB
MemAvailable:    1559216 kB
Buffers:           20896 kB
Cached:           157124 kB
MemTotal:        1844596 kB
MemFree:         1511164 kB
MemAvailable:    1559332 kB
Buffers:           20896 kB
Cached:           157124 kB
MemTotal:        1844596 kB
MemFree:         1511000 kB
MemAvailable:    1559168 kB
Buffers:           20896 kB
Cached:           157124 kB
MemTotal:        1844596 kB
MemFree:         1511036 kB
MemAvailable:    1559204 kB
Buffers:           20896 kB
Cached:           157124 kB
MemTotal:        1844596 kB
MemFree:         1511036 kB
MemAvailable:    1559204 kB
Buffers:           20896 kB
Cached:           157124 kB
MemTotal:        1844596 kB
MemFree:         1510904 kB
MemAvailable:    1559072 kB
Buffers:           20896 kB
Cached:           157124 kB
MemTotal:        1844596 kB
MemFree:         1512396 kB
MemAvailable:    1560564 kB
Buffers:           20896 kB
Cached:           157124 kB
MemTotal:        1844596 kB
MemFree:         1512216 kB
MemAvailable:    1560384 kB
Buffers:           20896 kB
Cached:           157124 kB
MemTotal:        1844596 kB
MemFree:         1512296 kB
MemAvailable:    1560464 kB
Buffers:           20896 kB
Cached:           157124 kB
MemTotal:        1844596 kB
MemFree:         1512024 kB
MemAvailable:    1560192 kB
Buffers:           20896 kB
Cached:           157124 kB
MemTotal:        1844596 kB
MemFree:         1511056 kB
MemAvailable:    1559224 kB
Buffers:           20896 kB
Cached:           157124 kB
MemTotal:        1844596 kB
MemFree:         1510504 kB
MemAvailable:    1558672 kB
Buffers:           20896 kB
Cached:           157124 kB
MemTotal:        1844596 kB
MemFree:         1511604 kB
MemAvailable:    1559772 kB
Buffers:           20896 kB
Cached:           157124 kB
MemTotal:        1844596 kB
MemFree:         1511688 kB
MemAvailable:    1559856 kB
Buffers:           20896 kB
Cached:           157124 kB
MemTotal:        1844596 kB
MemFree:         1511392 kB
MemAvailable:    1559560 kB
Buffers:           20896 kB
Cached:           157124 kB
MemTotal:        1844596 kB
MemFree:         1511476 kB
MemAvailable:    1559644 kB
Buffers:           20896 kB
Cached:           157124 kB
MemTotal:        1844596 kB
MemFree:         1510016 kB
MemAvailable:    1558184 kB
Buffers:           20896 kB
Cached:           157124 kB
MemTotal:        1844596 kB
MemFree:         1510224 kB
MemAvailable:    1558392 kB
Buffers:           20896 kB
Cached:           157124 kB
MemTotal:        1844596 kB
MemFree:         1511268 kB
MemAvailable:    1559436 kB
Buffers:           20896 kB
Cached:           157124 kB
MemTotal:        1844596 kB
MemFree:         1511420 kB
MemAvailable:    1559588 kB
Buffers:           20896 kB
Cached:           157124 kB
MemTotal:        1844596 kB
MemFree:         1510296 kB
MemAvailable:    1558464 kB
Buffers:           20896 kB
Cached:           157124 kB
MemTotal:        1844596 kB
MemFree:         1511380 kB
MemAvailable:    1559548 kB
Buffers:           20896 kB
Cached:           157124 kB
MemTotal:        1844596 kB
MemFree:         1510552 kB
MemAvailable:    1558720 kB
Buffers:           20896 kB
Cached:           157124 kB
MemTotal:        1844596 kB
MemFree:         1511016 kB
MemAvailable:    1559184 kB
Buffers:           20896 kB
Cached:           157124 kB
MemTotal:        1844596 kB
MemFree:         1511352 kB
MemAvailable:    1559520 kB
Buffers:           20896 kB
Cached:           157124 kB
MemTotal:        1844596 kB
MemFree:         1508992 kB
MemAvailable:    1557160 kB
Buffers:           20896 kB
Cached:           157124 kB
MemTotal:        1844596 kB
MemFree:         1507080 kB
MemAvailable:    1555248 kB
Buffers:           20896 kB
Cached:           157124 kB
MemTotal:        1844596 kB
MemFree:         1504584 kB
MemAvailable:    1552756 kB
Buffers:           20896 kB
Cached:           157128 kB
MemTotal:        1844596 kB
MemFree:         1503980 kB
MemAvailable:    1552152 kB
Buffers:           20896 kB
Cached:           157128 kB
MemTotal:        1844596 kB
MemFree:         1503980 kB
MemAvailable:    1552152 kB
Buffers:           20896 kB
Cached:           157128 kB
MemTotal:        1844596 kB
MemFree:         1502492 kB
MemAvailable:    1550664 kB
Buffers:           20896 kB
Cached:           157128 kB
MemTotal:        1844596 kB
MemFree:         1502368 kB
MemAvailable:    1550540 kB
Buffers:           20896 kB
Cached:           157128 kB
MemTotal:        1844596 kB
MemFree:         1503408 kB
MemAvailable:    1551580 kB
Buffers:           20896 kB
Cached:           157128 kB
MemTotal:        1844596 kB
MemFree:         1502980 kB
MemAvailable:    1551152 kB
Buffers:           20896 kB
Cached:           157128 kB
MemTotal:        1844596 kB
MemFree:         1502368 kB
MemAvailable:    1550540 kB
Buffers:           20896 kB
Cached:           157128 kB
MemTotal:        1844596 kB
MemFree:         1502120 kB
MemAvailable:    1550292 kB
Buffers:           20896 kB
Cached:           157128 kB
MemTotal:        1844596 kB
MemFree:         1502120 kB
MemAvailable:    1550292 kB
Buffers:           20896 kB
Cached:           157128 kB
MemTotal:        1844596 kB
MemFree:         1503548 kB
MemAvailable:    1551720 kB
Buffers:           20896 kB
Cached:           157128 kB
MemTotal:        1844596 kB
MemFree:         1503360 kB
MemAvailable:    1551532 kB
Buffers:           20896 kB
Cached:           157128 kB
MemTotal:        1844596 kB
MemFree:         1503380 kB
MemAvailable:    1551552 kB
Buffers:           20896 kB
Cached:           157128 kB
MemTotal:        1844596 kB
MemFree:         1503436 kB
MemAvailable:    1551608 kB
Buffers:           20896 kB
Cached:           157128 kB
MemTotal:        1844596 kB
MemFree:         1503420 kB
MemAvailable:    1551592 kB
Buffers:           20896 kB
Cached:           157128 kB
MemTotal:        1844596 kB
MemFree:         1502196 kB
MemAvailable:    1550368 kB
Buffers:           20896 kB
Cached:           157128 kB
MemTotal:        1844596 kB
MemFree:         1502112 kB
MemAvailable:    1550284 kB
Buffers:           20896 kB
Cached:           157128 kB
MemTotal:        1844596 kB
MemFree:         1503164 kB
MemAvailable:    1551336 kB
Buffers:           20896 kB
Cached:           157128 kB
MemTotal:        1844596 kB
MemFree:         1502120 kB
MemAvailable:    1550292 kB
Buffers:           20896 kB
Cached:           157128 kB
MemTotal:        1844596 kB
MemFree:         1502364 kB
MemAvailable:    1550536 kB
Buffers:           20896 kB
Cached:           157128 kB
MemTotal:        1844596 kB
MemFree:         1502048 kB
MemAvailable:    1550220 kB
Buffers:           20896 kB
Cached:           157128 kB
MemTotal:        1844596 kB
MemFree:         1502120 kB
MemAvailable:    1550292 kB
Buffers:           20896 kB
Cached:           157128 kB
MemTotal:        1844596 kB
MemFree:         1501600 kB
MemAvailable:    1549772 kB
Buffers:           20896 kB
Cached:           157128 kB
MemTotal:        1844596 kB
MemFree:         1501600 kB
MemAvailable:    1549772 kB
Buffers:           20896 kB
Cached:           157128 kB
MemTotal:        1844596 kB
MemFree:         1500808 kB
MemAvailable:    1548980 kB
Buffers:           20896 kB
Cached:           157128 kB
MemTotal:        1844596 kB
MemFree:         1499508 kB
MemAvailable:    1547680 kB
Buffers:           20896 kB
Cached:           157128 kB
MemTotal:        1844596 kB
MemFree:         1500428 kB
MemAvailable:    1548600 kB
Buffers:           20896 kB
Cached:           157128 kB
MemTotal:        1844596 kB
MemFree:         1499948 kB
MemAvailable:    1548120 kB
Buffers:           20896 kB
Cached:           157128 kB
MemTotal:        1844596 kB
MemFree:         1498640 kB
MemAvailable:    1546812 kB
Buffers:           20896 kB
Cached:           157128 kB
MemTotal:        1844596 kB
MemFree:         1498640 kB
MemAvailable:    1546816 kB
Buffers:           20896 kB
Cached:           157132 kB
MemTotal:        1844596 kB
MemFree:         1499460 kB
MemAvailable:    1547636 kB
Buffers:           20896 kB
Cached:           157132 kB
MemTotal:        1844596 kB
MemFree:         1499020 kB
MemAvailable:    1547196 kB
Buffers:           20896 kB
Cached:           157132 kB
MemTotal:        1844596 kB
MemFree:         1499556 kB
MemAvailable:    1547732 kB
Buffers:           20896 kB
Cached:           157132 kB
MemTotal:        1844596 kB
MemFree:         1498216 kB
MemAvailable:    1546392 kB
Buffers:           20896 kB
Cached:           157132 kB
MemTotal:        1844596 kB
MemFree:         1498212 kB
MemAvailable:    1546388 kB
Buffers:           20896 kB
Cached:           157132 kB
MemTotal:        1844596 kB
MemFree:         1499488 kB
MemAvailable:    1547664 kB
Buffers:           20896 kB
Cached:           157132 kB
MemTotal:        1844596 kB
MemFree:         1499332 kB
MemAvailable:    1547508 kB
Buffers:           20896 kB
Cached:           157132 kB
MemTotal:        1844596 kB
MemFree:         1499584 kB
MemAvailable:    1547760 kB
Buffers:           20896 kB
Cached:           157132 kB
MemTotal:        1844596 kB
MemFree:         1499504 kB
MemAvailable:    1547680 kB
Buffers:           20896 kB
Cached:           157132 kB
MemTotal:        1844596 kB
MemFree:         1499144 kB
MemAvailable:    1547320 kB
Buffers:           20896 kB
Cached:           157132 kB
MemTotal:        1844596 kB
MemFree:         1498268 kB
MemAvailable:    1546444 kB
Buffers:           20896 kB
Cached:           157132 kB
MemTotal:        1844596 kB
MemFree:         1498584 kB
MemAvailable:    1546760 kB
Buffers:           20896 kB
Cached:           157132 kB
MemTotal:        1844596 kB
MemFree:         1495732 kB
MemAvailable:    1543908 kB
Buffers:           20896 kB
Cached:           157132 kB
MemTotal:        1844596 kB
MemFree:         1493068 kB
MemAvailable:    1541244 kB
Buffers:           20896 kB
Cached:           157132 kB
MemTotal:        1844596 kB
MemFree:         1493756 kB
MemAvailable:    1541936 kB
Buffers:           20896 kB
Cached:           157136 kB
MemTotal:        1844596 kB
MemFree:         1494092 kB
MemAvailable:    1542272 kB
Buffers:           20896 kB
Cached:           157136 kB
MemTotal:        1844596 kB
MemFree:         1492772 kB
MemAvailable:    1540952 kB
Buffers:           20896 kB
Cached:           157136 kB
MemTotal:        1844596 kB
MemFree:         1492648 kB
MemAvailable:    1540828 kB
Buffers:           20896 kB
Cached:           157136 kB
MemTotal:        1844596 kB
MemFree:         1492640 kB
MemAvailable:    1540820 kB
Buffers:           20896 kB
Cached:           157136 kB
MemTotal:        1844596 kB
MemFree:         1492516 kB
MemAvailable:    1540696 kB
Buffers:           20896 kB
Cached:           157136 kB
MemTotal:        1844596 kB
MemFree:         1493816 kB
MemAvailable:    1541996 kB
Buffers:           20896 kB
Cached:           157136 kB
MemTotal:        1844596 kB
MemFree:         1492820 kB
MemAvailable:    1541000 kB
Buffers:           20896 kB
Cached:           157136 kB
MemTotal:        1844596 kB
MemFree:         1493260 kB
MemAvailable:    1541440 kB
Buffers:           20896 kB
Cached:           157136 kB
MemTotal:        1844596 kB
MemFree:         1493384 kB
MemAvailable:    1541564 kB
Buffers:           20896 kB
Cached:           157136 kB
MemTotal:        1844596 kB
MemFree:         1491456 kB
MemAvailable:    1539636 kB
Buffers:           20896 kB
Cached:           157136 kB
MemTotal:        1844596 kB
MemFree:         1490960 kB
MemAvailable:    1539140 kB
Buffers:           20896 kB
Cached:           157136 kB
MemTotal:        1844596 kB
MemFree:         1490324 kB
MemAvailable:    1538504 kB
Buffers:           20896 kB
Cached:           157136 kB
MemTotal:        1844596 kB
MemFree:         1490092 kB
MemAvailable:    1538272 kB
Buffers:           20896 kB
Cached:           157136 kB
MemTotal:        1844596 kB
MemFree:         1489088 kB
MemAvailable:    1537268 kB
Buffers:           20896 kB
Cached:           157136 kB
MemTotal:        1844596 kB
MemFree:         1490272 kB
MemAvailable:    1538452 kB
Buffers:           20896 kB
Cached:           157136 kB
MemTotal:        1844596 kB
MemFree:         1490272 kB
MemAvailable:    1538452 kB
Buffers:           20896 kB
Cached:           157136 kB
MemTotal:        1844596 kB
MemFree:         1490452 kB
MemAvailable:    1538632 kB
Buffers:           20896 kB
Cached:           157136 kB
MemTotal:        1844596 kB
MemFree:         1489204 kB
MemAvailable:    1537384 kB
Buffers:           20896 kB
Cached:           157136 kB
MemTotal:        1844596 kB
MemFree:         1491292 kB
MemAvailable:    1539472 kB
Buffers:           20896 kB
Cached:           157136 kB
MemTotal:        1844596 kB
MemFree:         1492408 kB
MemAvailable:    1540756 kB
Buffers:           20896 kB
Cached:           157260 kB
MemTotal:        1844596 kB
MemFree:         1490912 kB
MemAvailable:    1539260 kB
Buffers:           20896 kB
Cached:           157384 kB
MemTotal:        1844596 kB
MemFree:         1492120 kB
MemAvailable:    1540636 kB
Buffers:           20896 kB
Cached:           157508 kB
MemTotal:        1844596 kB
MemFree:         1491804 kB
MemAvailable:    1540488 kB
Buffers:           20896 kB
Cached:           157632 kB
MemTotal:        1844596 kB
MemFree:         1491804 kB
MemAvailable:    1540488 kB
Buffers:           20896 kB
Cached:           157632 kB
MemTotal:        1844596 kB
MemFree:         1491708 kB
MemAvailable:    1540476 kB
Buffers:           20896 kB
Cached:           157756 kB
MemTotal:        1844596 kB
MemFree:         1490576 kB
MemAvailable:    1539344 kB
Buffers:           20896 kB
Cached:           157756 kB
MemTotal:        1844596 kB
MemFree:         1490576 kB
MemAvailable:    1539344 kB
Buffers:           20896 kB
Cached:           157756 kB
MemTotal:        1844596 kB
MemFree:         1490452 kB
MemAvailable:    1539220 kB
Buffers:           20896 kB
Cached:           157756 kB
MemTotal:        1844596 kB
MemFree:         1491816 kB
MemAvailable:    1540584 kB
Buffers:           20896 kB
Cached:           157756 kB
MemTotal:        1844596 kB
MemFree:         1490568 kB
MemAvailable:    1539336 kB
Buffers:           20896 kB
Cached:           157756 kB
MemTotal:        1844596 kB
MemFree:         1491744 kB
MemAvailable:    1540512 kB
Buffers:           20896 kB
Cached:           157756 kB
MemTotal:        1844596 kB
MemFree:         1491572 kB
MemAvailable:    1540424 kB
Buffers:           20896 kB
Cached:           157880 kB
MemTotal:        1844596 kB
MemFree:         1490624 kB
MemAvailable:    1538804 kB
Buffers:           20896 kB
Cached:           157124 kB
MemTotal:        1844596 kB
MemFree:         1558320 kB
MemAvailable:    1606500 kB
Buffers:           20896 kB
Cached:           157124 kB
