MemTotal:        1844596 kB
MemFree:          957628 kB
MemAvailable:    1527692 kB
Buffers:           92628 kB
Cached:           576880 kB
MemTotal:        1844596 kB
MemFree:          957628 kB
MemAvailable:    1527692 kB
Buffers:           92628 kB
Cached:           576880 kB
MemTotal:        1844596 kB
MemFree:          957256 kB
MemAvailable:    1527320 kB
Buffers:           92628 kB
Cached:           576880 kB
MemTotal:        1844596 kB
MemFree:          954148 kB
MemAvailable:    1524212 kB
Buffers:           92628 kB
Cached:           576880 kB
MemTotal:        1844596 kB
MemFree:          954232 kB
MemAvailable:    1524296 kB
Buffers:           92628 kB
Cached:           576880 kB
MemTotal:        1844596 kB
MemFree:          952904 kB
MemAvailable:    1522968 kB
Buffers:           92628 kB
Cached:           576880 kB
MemTotal:        1844596 kB
MemFree:          953164 kB
MemAvailable:    1523228 kB
Buffers:           92628 kB
Cached:           576880 kB
MemTotal:        1844596 kB
MemFree:          947956 kB
MemAvailable:    1518020 kB
Buffers:           92628 kB
Cached:           576880 kB
MemTotal:        1844596 kB
MemFree:          943616 kB
MemAvailable:    1513680 kB
Buffers:           92628 kB
Cached:           576880 kB
MemTotal:        1844596 kB
MemFree:          943616 kB
MemAvailable:    1513680 kB
Buffers:           92628 kB
Cached:           576880 kB
MemTotal:        1844596 kB
MemFree:          944180 kB
MemAvailable:    1514244 kB
Buffers:           92628 kB
Cached:           576880 kB
MemTotal:        1844596 kB
MemFree:          945676 kB
MemAvailable:    1515740 kB
Buffers:           92628 kB
Cached:           576880 kB
MemTotal:        1844596 kB
MemFree:          945112 kB
MemAvailable:    1515176 kB
Buffers:           92628 kB
Cached:           576880 kB
MemTotal:        1844596 kB
MemFree:          945288 kB
MemAvailable:    1515352 kB
Buffers:           92628 kB
Cached:           576880 kB
MemTotal:        1844596 kB
MemFree:          944560 kB
MemAvailable:    1514624 kB
Buffers:           92628 kB
Cached:           576880 kB
MemTotal:        1844596 kB
MemFree:          945076 kB
MemAvailable:    1515140 kB
Buffers:           92628 kB
Cached:           576880 kB
MemTotal:        1844596 kB
MemFree:          945076 kB
MemAvailable:    1515140 kB
Buffers:           92628 kB
Cached:           576880 kB
MemTotal:        1844596 kB
MemFree:          944856 kB
MemAvailable:    1514920 kB
Buffers:           92628 kB
Cached:           576880 kB
MemTotal:        1844596 kB
MemFree:          944940 kB
MemAvailable:    1515004 kB
Buffers:           92628 kB
Cached:           576880 kB
MemTotal:        1844596 kB
MemFree:          942880 kB
MemAvailable:    1512944 kB
Buffers:           92628 kB
Cached:           576880 kB
MemTotal:        1844596 kB
MemFree:          942376 kB
MemAvailable:    1512440 kB
Buffers:           92628 kB
Cached:           576880 kB
MemTotal:        1844596 kB
MemFree:          943312 kB
MemAvailable:    1513376 kB
Buffers:           92628 kB
Cached:           576880 kB
MemTotal:        1844596 kB
MemFree:          943136 kB
MemAvailable:    1513200 kB
Buffers:           92628 kB
Cached:           576880 kB
MemTotal:        1844596 kB
MemFree:          943064 kB
MemAvailable:    1513128 kB
Buffers:           92628 kB
Cached:           576880 kB
MemTotal:        1844596 kB
MemFree:          943064 kB
MemAvailable:    1513128 kB
Buffers:           92628 kB
Cached:           576880 kB
MemTotal:        1844596 kB
MemFree:          942856 kB
MemAvailable:    1512920 kB
Buffers:           92628 kB
Cached:           576880 kB
MemTotal:        1844596 kB
MemFree:          943192 kB
MemAvailable:    1513256 kB
Buffers:           92628 kB
Cached:           576880 kB
MemTotal:        1844596 kB
MemFree:          942368 kB
MemAvailable:    1512436 kB
Buffers:           92628 kB
Cached:           576884 kB
MemTotal:        1844596 kB
MemFree:          942580 kB
MemAvailable:    1512648 kB
Buffers:           92628 kB
Cached:           576884 kB
MemTotal:        1844596 kB
MemFree:          943368 kB
MemAvailable:    1513436 kB
Buffers:           92628 kB
Cached:           576884 kB
MemTotal:        1844596 kB
MemFree:          943136 kB
MemAvailable:    1513204 kB
Buffers:           92628 kB
Cached:           576884 kB
MemTotal:        1844596 kB
MemFree:          942924 kB
MemAvailable:    1512992 kB
Buffers:           92628 kB
Cached:           576884 kB
MemTotal:        1844596 kB
MemFree:          938276 kB
MemAvailable:    1508344 kB
Buffers:           92628 kB
Cached:           576884 kB
MemTotal:        1844596 kB
MemFree:          937616 kB
MemAvailable:    1507684 kB
Buffers:           92628 kB
Cached:           576884 kB
MemTotal:        1844596 kB
MemFree:          938416 kB
MemAvailable:    1508488 kB
Buffers:           92628 kB
Cached:           576888 kB
MemTotal:        1844596 kB
MemFree:          938408 kB
MemAvailable:    1508480 kB
Buffers:           92628 kB
Cached:           576888 kB
MemTotal:        1844596 kB
MemFree:          938104 kB
MemAvailable:    1508176 kB
Buffers:           92628 kB
Cached:           576888 kB
MemTotal:        1844596 kB
MemFree:          938356 kB
MemAvailable:    1508428 kB
Buffers:           92628 kB
Cached:           576888 kB
MemTotal:        1844596 kB
MemFree:          938112 kB
MemAvailable:    1508184 kB
Buffers:           92628 kB
Cached:           576888 kB
MemTotal:        1844596 kB
MemFree:          938208 kB
MemAvailable:    1508280 kB
Buffers:           92628 kB
Cached:           576888 kB
MemTotal:        1844596 kB
MemFree:          937836 kB
MemAvailable:    1507908 kB
Buffers:           92628 kB
Cached:           576888 kB
MemTotal:        1844596 kB
MemFree:          937836 kB
MemAvailable:    1507908 kB
Buffers:           92628 kB
Cached:           576888 kB
MemTotal:        1844596 kB
MemFree:          937352 kB
MemAvailable:    1507424 kB
Buffers:           92628 kB
Cached:           576888 kB
MemTotal:        1844596 kB
MemFree:          937120 kB
MemAvailable:    1507192 kB
Buffers:           92628 kB
Cached:           576888 kB
MemTotal:        1844596 kB
MemFree:          937360 kB
MemAvailable:    1507432 kB
Buffers:           92628 kB
Cached:           576888 kB
MemTotal:        1844596 kB
MemFree:          936236 kB
MemAvailable:    1506308 kB
Buffers:           92628 kB
Cached:           576888 kB
MemTotal:        1844596 kB
MemFree:          936112 kB
MemAvailable:    1506184 kB
Buffers:           92628 kB
Cached:           576888 kB
MemTotal:        1844596 kB
MemFree:          936980 kB
MemAvailable:    1507052 kB
Buffers:           92628 kB
Cached:           576888 kB
MemTotal:        1844596 kB
MemFree:          937044 kB
MemAvailable:    1507116 kB
Buffers:           92628 kB
Cached:           576888 kB
MemTotal:        1844596 kB
MemFree:          936656 kB
MemAvailable:    1506728 kB
Buffers:           92628 kB
Cached:           576888 kB
MemTotal:        1844596 kB
MemFree:          936992 kB
MemAvailable:    1507064 kB
Buffers:           92628 kB
Cached:           576888 kB
MemTotal:        1844596 kB
MemFree:          935432 kB
MemAvailable:    1505504 kB
Buffers:           92628 kB
Cached:           576888 kB
MemTotal:        1844596 kB
MemFree:          935128 kB
MemAvailable:    1505200 kB
Buffers:           92628 kB
Cached:           576888 kB
MemTotal:        1844596 kB
MemFree:          936604 kB
MemAvailable:    1506676 kB
Buffers:           92628 kB
Cached:           576888 kB
MemTotal:        1844596 kB
MemFree:          935168 kB
MemAvailable:    1505240 kB
Buffers:           92628 kB
Cached:           576888 kB
MemTotal:        1844596 kB
MemFree:          936524 kB
MemAvailable:    1506596 kB
Buffers:           92628 kB
Cached:           576888 kB
MemTotal:        1844596 kB
MemFree:          936776 kB
MemAvailable:    1506848 kB
Buffers:           92628 kB
Cached:           576888 kB
MemTotal:        1844596 kB
MemFree:          936568 kB
MemAvailable:    1506640 kB
Buffers:           92628 kB
Cached:           576888 kB
MemTotal:        1844596 kB
MemFree:          935388 kB
MemAvailable:    1505460 kB
Buffers:           92628 kB
Cached:           576888 kB
MemTotal:        1844596 kB
MemFree:          936400 kB
MemAvailable:    1506472 kB
Buffers:           92628 kB
Cached:           576888 kB
MemTotal:        1844596 kB
MemFree:          936400 kB
MemAvailable:    1506472 kB
Buffers:           92628 kB
Cached:           576888 kB
MemTotal:        1844596 kB
MemFree:          931464 kB
MemAvailable:    1501536 kB
Buffers:           92628 kB
Cached:           576888 kB
MemTotal:        1844596 kB
MemFree:          930464 kB
MemAvailable:    1500536 kB
Buffers:           92628 kB
Cached:           576888 kB
MemTotal:        1844596 kB
MemFree:          930108 kB
MemAvailable:    1500180 kB
Buffers:           92628 kB
Cached:           576888 kB
MemTotal:        1844596 kB
MemFree:          930300 kB
MemAvailable:    1500372 kB
Buffers:           92628 kB
Cached:           576888 kB
MemTotal:        1844596 kB
MemFree:          929220 kB
MemAvailable:    1499292 kB
Buffers:           92628 kB
Cached:           576888 kB
MemTotal:        1844596 kB
MemFree:          928868 kB
MemAvailable:    1498940 kB
Buffers:           92628 kB
Cached:           576888 kB
MemTotal:        1844596 kB
MemFree:          929596 kB
MemAvailable:    1499668 kB
Buffers:           92628 kB
Cached:           576888 kB
MemTotal:        1844596 kB
MemFree:          929116 kB
MemAvailable:    1499188 kB
Buffers:           92628 kB
Cached:           576888 kB
MemTotal:        1844596 kB
MemFree:          928184 kB
MemAvailable:    1498256 kB
Buffers:           92628 kB
Cached:           576888 kB
MemTotal:        1844596 kB
MemFree:          929300 kB
MemAvailable:    1499372 kB
Buffers:           92628 kB
Cached:           576888 kB
MemTotal:        1844596 kB
MemFree:          928928 kB
MemAvailable:    1499000 kB
Buffers:           92628 kB
Cached:           576888 kB
MemTotal:        1844596 kB
MemFree:          928736 kB
MemAvailable:    1498808 kB
Buffers:           92628 kB
Cached:           576888 kB
MemTotal:        1844596 kB
MemFree:          927628 kB
MemAvailable:    1497700 kB
Buffers:           92628 kB
Cached:           576888 kB
MemTotal:        1844596 kB
MemFree:          928248 kB
MemAvailable:    1498324 kB
Buffers:           92628 kB
Cached:           576892 kB
MemTotal:        1844596 kB
MemFree:          926884 kB
MemAvailable:    1496960 kB
Buffers:           92628 kB
Cached:           576892 kB
MemTotal:        1844596 kB
MemFree:          927556 kB
MemAvailable:    1497632 kB
Buffers:           92628 kB
Cached:           576892 kB
MemTotal:        1844596 kB
MemFree:          925892 kB
MemAvailable:    1495968 kB
Buffers:           92628 kB
Cached:           576892 kB
MemTotal:        1844596 kB
MemFree:          927008 kB
MemAvailable:    1497084 kB
Buffers:           92628 kB
Cached:           576892 kB
MemTotal:        1844596 kB
MemFree:          927000 kB
MemAvailable:    1497076 kB
Buffers:           92628 kB
Cached:           576892 kB
MemTotal:        1844596 kB
MemFree:          926744 kB
MemAvailable:    1496820 kB
Buffers:           92628 kB
Cached:           576892 kB
MemTotal:        1844596 kB
MemFree:          926996 kB
MemAvailable:    1497072 kB
Buffers:           92628 kB
Cached:           576892 kB
MemTotal:        1844596 kB
MemFree:          926700 kB
MemAvailable:    1496776 kB
Buffers:           92628 kB
Cached:           576892 kB
MemTotal:        1844596 kB
MemFree:          926956 kB
MemAvailable:    1497032 kB
Buffers:           92628 kB
Cached:           576892 kB
MemTotal:        1844596 kB
MemFree:          926928 kB
MemAvailable:    1497004 kB
Buffers:           92628 kB
Cached:           576892 kB
MemTotal:        1844596 kB
MemFree:          925892 kB
MemAvailable:    1495968 kB
Buffers:           92628 kB
Cached:           576892 kB
MemTotal:        1844596 kB
MemFree:          926608 kB
MemAvailable:    1496684 kB
Buffers:           92628 kB
Cached:           576892 kB
MemTotal:        1844596 kB
MemFree:          926944 kB
MemAvailable:    1497020 kB
Buffers:           92628 kB
Cached:           576892 kB
MemTotal:        1844596 kB
MemFree:          925576 kB
MemAvailable:    1495652 kB
Buffers:           92628 kB
Cached:           576892 kB
MemTotal:        1844596 kB
MemFree:          925584 kB
MemAvailable:    1495660 kB
Buffers:           92628 kB
Cached:           576892 kB
MemTotal:        1844596 kB
MemFree:          925708 kB
MemAvailable:    1495784 kB
Buffers:           92628 kB
Cached:           576892 kB
MemTotal:        1844596 kB
MemFree:          926324 kB
MemAvailable:    1496400 kB
Buffers:           92628 kB
Cached:           576892 kB
MemTotal:        1844596 kB
MemFree:          925148 kB
MemAvailable:    1495224 kB
Buffers:           92628 kB
Cached:           576892 kB
MemTotal:        1844596 kB
MemFree:          925944 kB
MemAvailable:    1496020 kB
Buffers:           92628 kB
Cached:           576892 kB
MemTotal:        1844596 kB
MemFree:          925380 kB
MemAvailable:    1495456 kB
Buffers:           92628 kB
Cached:           576892 kB
MemTotal:        1844596 kB
MemFree:          925272 kB
MemAvailable:    1495348 kB
Buffers:           92628 kB
Cached:           576892 kB
MemTotal:        1844596 kB
MemFree:          925084 kB
MemAvailable:    1495160 kB
Buffers:           92628 kB
Cached:           576892 kB
MemTotal:        1844596 kB
MemFree:          924784 kB
MemAvailable:    1494860 kB
Buffers:           92628 kB
Cached:           576892 kB
MemTotal:        1844596 kB
MemFree:          923612 kB
MemAvailable:    1493688 kB
Buffers:           92628 kB
Cached:           576892 kB
MemTotal:        1844596 kB
MemFree:          924712 kB
MemAvailable:    1494788 kB
Buffers:           92628 kB
Cached:           576892 kB
MemTotal:        1844596 kB
MemFree:          924388 kB
MemAvailable:    1494464 kB
Buffers:           92628 kB
Cached:           576892 kB
MemTotal:        1844596 kB
MemFree:          924724 kB
MemAvailable:    1494800 kB
Buffers:           92628 kB
Cached:           576892 kB
MemTotal:        1844596 kB
MemFree:          924264 kB
MemAvailable:    1494344 kB
Buffers:           92628 kB
Cached:           576896 kB
MemTotal:        1844596 kB
MemFree:          924348 kB
MemAvailable:    1494428 kB
Buffers:           92628 kB
Cached:           576896 kB
MemTotal:        1844596 kB
MemFree:          924160 kB
MemAvailable:    1494240 kB
Buffers:           92628 kB
Cached:           576896 kB
MemTotal:        1844596 kB
MemFree:          924088 kB
MemAvailable:    1494168 kB
Buffers:           92628 kB
Cached:           576896 kB
MemTotal:        1844596 kB
MemFree:          923784 kB
MemAvailable:    1493864 kB
Buffers:           92628 kB
Cached:           576896 kB
MemTotal:        1844596 kB
MemFree:          922980 kB
MemAvailable:    1493060 kB
Buffers:           92628 kB
Cached:           576896 kB
MemTotal:        1844596 kB
MemFree:          923844 kB
MemAvailable:    1493924 kB
Buffers:           92628 kB
Cached:           576896 kB
MemTotal:        1844596 kB
MemFree:          922668 kB
MemAvailable:    1492748 kB
Buffers:           92628 kB
Cached:           576896 kB
MemTotal:        1844596 kB
MemFree:          921544 kB
MemAvailable:    1491624 kB
Buffers:           92628 kB
Cached:           576896 kB
MemTotal:        1844596 kB
MemFree:          921676 kB
MemAvailable:    1491756 kB
Buffers:           92628 kB
Cached:           576896 kB
MemTotal:        1844596 kB
MemFree:          916336 kB
MemAvailable:    1486416 kB
Buffers:           92628 kB
Cached:           576896 kB
MemTotal:        1844596 kB
MemFree:          916420 kB
MemAvailable:    1486500 kB
Buffers:           92628 kB
Cached:           576896 kB
MemTotal:        1844596 kB
MemFree:          913988 kB
MemAvailable:    1484068 kB
Buffers:           92628 kB
Cached:           576896 kB
MemTotal:        1844596 kB
MemFree:          913360 kB
MemAvailable:    1483440 kB
Buffers:           92628 kB
Cached:           576896 kB
MemTotal:        1844596 kB
MemFree:          912972 kB
MemAvailable:    1483052 kB
Buffers:           92628 kB
Cached:           576896 kB
MemTotal:        1844596 kB
MemFree:          913104 kB
MemAvailable:    1483184 kB
Buffers:           92628 kB
Cached:           576896 kB
MemTotal:        1844596 kB
MemFree:          914112 kB
MemAvailable:    1484192 kB
Buffers:           92628 kB
Cached:           576896 kB
MemTotal:        1844596 kB
MemFree:          912748 kB
MemAvailable:    1482828 kB
Buffers:           92628 kB
Cached:           576896 kB
MemTotal:        1844596 kB
MemFree:          912988 kB
MemAvailable:    1483072 kB
Buffers:           92628 kB
Cached:           576900 kB
MemTotal:        1844596 kB
MemFree:          913120 kB
MemAvailable:    1483204 kB
Buffers:           92628 kB
Cached:           576900 kB
MemTotal:        1844596 kB
MemFree:          911492 kB
MemAvailable:    1481576 kB
Buffers:           92628 kB
Cached:           576900 kB
MemTotal:        1844596 kB
MemFree:          911508 kB
MemAvailable:    1481592 kB
Buffers:           92628 kB
Cached:           576900 kB
MemTotal:        1844596 kB
MemFree:          912488 kB
MemAvailable:    1482572 kB
Buffers:           92628 kB
Cached:           576900 kB
MemTotal:        1844596 kB
MemFree:          912484 kB
MemAvailable:    1482568 kB
Buffers:           92628 kB
Cached:           576900 kB
MemTotal:        1844596 kB
MemFree:          912128 kB
MemAvailable:    1482212 kB
Buffers:           92628 kB
Cached:           576900 kB
MemTotal:        1844596 kB
MemFree:          912380 kB
MemAvailable:    1482464 kB
Buffers:           92628 kB
Cached:           576900 kB
MemTotal:        1844596 kB
MemFree:          911324 kB
MemAvailable:    1481408 kB
Buffers:           92628 kB
Cached:           576900 kB
MemTotal:        1844596 kB
MemFree:          912404 kB
MemAvailable:    1482488 kB
Buffers:           92628 kB
Cached:           576900 kB
MemTotal:        1844596 kB
MemFree:          911508 kB
MemAvailable:    1481592 kB
Buffers:           92628 kB
Cached:           576900 kB
MemTotal:        1844596 kB
MemFree:          912308 kB
MemAvailable:    1482392 kB
Buffers:           92628 kB
Cached:           576900 kB
MemTotal:        1844596 kB
MemFree:          912252 kB
MemAvailable:    1482336 kB
Buffers:           92628 kB
Cached:           576900 kB
MemTotal:        1844596 kB
MemFree:          912380 kB
MemAvailable:    1482464 kB
Buffers:           92628 kB
Cached:           576900 kB
MemTotal:        1844596 kB
MemFree:          912572 kB
MemAvailable:    1482656 kB
Buffers:           92628 kB
Cached:           576900 kB
MemTotal:        1844596 kB
MemFree:          912824 kB
MemAvailable:    1482908 kB
Buffers:           92628 kB
Cached:           576900 kB
MemTotal:        1844596 kB
MemFree:          912988 kB
MemAvailable:    1483072 kB
Buffers:           92628 kB
Cached:           576900 kB
MemTotal:        1844596 kB
MemFree:          912996 kB
MemAvailable:    1483080 kB
Buffers:           92628 kB
Cached:           576900 kB
MemTotal:        1844596 kB
MemFree:          913048 kB
MemAvailable:    1483132 kB
Buffers:           92628 kB
Cached:           576900 kB
MemTotal:        1844596 kB
MemFree:          912988 kB
MemAvailable:    1483072 kB
Buffers:           92628 kB
Cached:           576900 kB
MemTotal:        1844596 kB
MemFree:          913004 kB
MemAvailable:    1483088 kB
Buffers:           92628 kB
Cached:           576900 kB
MemTotal:        1844596 kB
MemFree:          911880 kB
MemAvailable:    1481964 kB
Buffers:           92628 kB
Cached:           576900 kB
MemTotal:        1844596 kB
MemFree:          908656 kB
MemAvailable:    1478740 kB
Buffers:           92628 kB
Cached:           576900 kB
MemTotal:        1844596 kB
MemFree:          905556 kB
MemAvailable:    1475640 kB
Buffers:           92628 kB
Cached:           576900 kB
MemTotal:        1844596 kB
MemFree:          902084 kB
MemAvailable:    1472168 kB
Buffers:           92628 kB
Cached:           576900 kB
MemTotal:        1844596 kB
MemFree:          899480 kB
MemAvailable:    1469564 kB
Buffers:           92628 kB
Cached:           576900 kB
MemTotal:        1844596 kB
MemFree:          900580 kB
MemAvailable:    1470664 kB
Buffers:           92628 kB
Cached:           576900 kB
MemTotal:        1844596 kB
MemFree:          900580 kB
MemAvailable:    1470664 kB
Buffers:           92628 kB
Cached:           576900 kB
MemTotal:        1844596 kB
MemFree:          900220 kB
MemAvailable:    1470304 kB
Buffers:           92628 kB
Cached:           576900 kB
MemTotal:        1844596 kB
MemFree:          900264 kB
MemAvailable:    1470348 kB
Buffers:           92628 kB
Cached:           576900 kB
MemTotal:        1844596 kB
MemFree:          898916 kB
MemAvailable:    1469000 kB
Buffers:           92628 kB
Cached:           576900 kB
MemTotal:        1844596 kB
MemFree:          900216 kB
MemAvailable:    1470300 kB
Buffers:           92628 kB
Cached:           576900 kB
MemTotal:        1844596 kB
MemFree:          900060 kB
MemAvailable:    1470144 kB
Buffers:           92628 kB
Cached:           576900 kB
MemTotal:        1844596 kB
MemFree:          900232 kB
MemAvailable:    1470316 kB
Buffers:           92628 kB
Cached:           576900 kB
MemTotal:        1844596 kB
MemFree:          899704 kB
MemAvailable:    1469788 kB
Buffers:           92628 kB
Cached:           576900 kB
MemTotal:        1844596 kB
MemFree:          900040 kB
MemAvailable:    1470124 kB
Buffers:           92628 kB
Cached:           576900 kB
MemTotal:        1844596 kB
MemFree:          899664 kB
MemAvailable:    1469748 kB
Buffers:           92628 kB
Cached:           576900 kB
MemTotal:        1844596 kB
MemFree:          899664 kB
MemAvailable:    1469748 kB
Buffers:           92628 kB
Cached:           576900 kB
MemTotal:        1844596 kB
MemFree:          899740 kB
MemAvailable:    1469824 kB
Buffers:           92628 kB
Cached:           576900 kB
MemTotal:        1844596 kB
MemFree:          899736 kB
MemAvailable:    1469820 kB
Buffers:           92628 kB
Cached:           576900 kB
MemTotal:        1844596 kB
MemFree:          898984 kB
MemAvailable:    1469068 kB
Buffers:           92628 kB
Cached:           576900 kB
MemTotal:        1844596 kB
MemFree:          899576 kB
MemAvailable:    1469660 kB
Buffers:           92628 kB
Cached:           576900 kB
MemTotal:        1844596 kB
MemFree:          899912 kB
MemAvailable:    1469996 kB
Buffers:           92628 kB
Cached:           576900 kB
MemTotal:        1844596 kB
MemFree:          899704 kB
MemAvailable:    1469788 kB
Buffers:           92628 kB
Cached:           576900 kB
MemTotal:        1844596 kB
MemFree:          899704 kB
MemAvailable:    1469788 kB
Buffers:           92628 kB
Cached:           576900 kB
MemTotal:        1844596 kB
MemFree:          899596 kB
MemAvailable:    1469680 kB
Buffers:           92628 kB
Cached:           576900 kB
MemTotal:        1844596 kB
MemFree:          898348 kB
MemAvailable:    1468432 kB
Buffers:           92628 kB
Cached:           576900 kB
MemTotal:        1844596 kB
MemFree:          899672 kB
MemAvailable:    1469756 kB
Buffers:           92628 kB
Cached:           576900 kB
MemTotal:        1844596 kB
MemFree:          899672 kB
MemAvailable:    1469756 kB
Buffers:           92628 kB
Cached:           576900 kB
MemTotal:        1844596 kB
MemFree:          898296 kB
MemAvailable:    1468380 kB
Buffers:           92628 kB
Cached:           576900 kB
MemTotal:        1844596 kB
MemFree:          899728 kB
MemAvailable:    1469812 kB
Buffers:           92628 kB
Cached:           576900 kB
MemTotal:        1844596 kB
MemFree:          899916 kB
MemAvailable:    1470000 kB
Buffers:           92628 kB
Cached:           576900 kB
MemTotal:        1844596 kB
MemFree:          899588 kB
MemAvailable:    1469672 kB
Buffers:           92628 kB
Cached:           576900 kB
MemTotal:        1844596 kB
MemFree:          899728 kB
MemAvailable:    1469812 kB
Buffers:           92628 kB
Cached:           576900 kB
MemTotal:        1844596 kB
MemFree:          899768 kB
MemAvailable:    1469852 kB
Buffers:           92628 kB
Cached:           576900 kB
MemTotal:        1844596 kB
MemFree:          899668 kB
MemAvailable:    1469752 kB
Buffers:           92628 kB
Cached:           576900 kB
MemTotal:        1844596 kB
MemFree:          897868 kB
MemAvailable:    1467952 kB
Buffers:           92628 kB
Cached:           576900 kB
MemTotal:        1844596 kB
MemFree:          895804 kB
MemAvailable:    1465888 kB
Buffers:           92628 kB
Cached:           576900 kB
MemTotal:        1844596 kB
MemFree:          893280 kB
MemAvailable:    1463372 kB
Buffers:           92628 kB
Cached:           576908 kB
MemTotal:        1844596 kB
MemFree:          889428 kB
MemAvailable:    1459520 kB
Buffers:           92628 kB
Cached:           576908 kB
MemTotal:        1844596 kB
MemFree:          888948 kB
MemAvailable:    1459040 kB
Buffers:           92628 kB
Cached:           576908 kB
MemTotal:        1844596 kB
MemFree:          889264 kB
MemAvailable:    1459356 kB
Buffers:           92628 kB
Cached:           576908 kB
MemTotal:        1844596 kB
MemFree:          889300 kB
MemAvailable:    1459392 kB
Buffers:           92628 kB
Cached:           576908 kB
MemTotal:        1844596 kB
MemFree:          888808 kB
MemAvailable:    1458900 kB
Buffers:           92628 kB
Cached:           576908 kB
MemTotal:        1844596 kB
MemFree:          889160 kB
MemAvailable:    1459252 kB
Buffers:           92628 kB
Cached:           576908 kB
MemTotal:        1844596 kB
MemFree:          889416 kB
MemAvailable:    1459508 kB
Buffers:           92628 kB
Cached:           576908 kB
MemTotal:        1844596 kB
MemFree:          889172 kB
MemAvailable:    1459264 kB
Buffers:           92628 kB
Cached:           576908 kB
MemTotal:        1844596 kB
MemFree:          889188 kB
MemAvailable:    1459280 kB
Buffers:           92628 kB
Cached:           576908 kB
MemTotal:        1844596 kB
MemFree:          889160 kB
MemAvailable:    1459252 kB
Buffers:           92628 kB
Cached:           576908 kB
MemTotal:        1844596 kB
MemFree:          888060 kB
MemAvailable:    1458152 kB
Buffers:           92628 kB
Cached:           576908 kB
MemTotal:        1844596 kB
MemFree:          889168 kB
MemAvailable:    1459260 kB
Buffers:           92628 kB
Cached:           576908 kB
MemTotal:        1844596 kB
MemFree:          888180 kB
MemAvailable:    1458272 kB
Buffers:           92628 kB
Cached:           576908 kB
MemTotal:        1844596 kB
MemFree:          889000 kB
MemAvailable:    1459092 kB
Buffers:           92628 kB
Cached:           576908 kB
MemTotal:        1844596 kB
MemFree:          888884 kB
MemAvailable:    1458976 kB
Buffers:           92628 kB
Cached:           576908 kB
MemTotal:        1844596 kB
MemFree:          887376 kB
MemAvailable:    1457468 kB
Buffers:           92628 kB
Cached:           576908 kB
MemTotal:        1844596 kB
MemFree:          887312 kB
MemAvailable:    1457404 kB
Buffers:           92628 kB
Cached:           576908 kB
MemTotal:        1844596 kB
MemFree:          885948 kB
MemAvailable:    1456040 kB
Buffers:           92628 kB
Cached:           576908 kB
MemTotal:        1844596 kB
MemFree:          886932 kB
MemAvailable:    1457024 kB
Buffers:           92628 kB
Cached:           576908 kB
MemTotal:        1844596 kB
MemFree:          887140 kB
MemAvailable:    1457232 kB
Buffers:           92628 kB
Cached:           576908 kB
MemTotal:        1844596 kB
MemFree:          887112 kB
MemAvailable:    1457204 kB
Buffers:           92628 kB
Cached:           576908 kB
MemTotal:        1844596 kB
MemFree:          886212 kB
MemAvailable:    1456304 kB
Buffers:           92628 kB
Cached:           576908 kB
MemTotal:        1844596 kB
MemFree:          886928 kB
MemAvailable:    1457020 kB
Buffers:           92628 kB
Cached:           576908 kB
MemTotal:        1844596 kB
MemFree:          887264 kB
MemAvailable:    1457356 kB
Buffers:           92628 kB
Cached:           576908 kB
MemTotal:        1844596 kB
MemFree:          887072 kB
MemAvailable:    1457164 kB
Buffers:           92628 kB
Cached:           576908 kB
MemTotal:        1844596 kB
MemFree:          885940 kB
MemAvailable:    1456032 kB
Buffers:           92628 kB
Cached:           576908 kB
MemTotal:        1844596 kB
MemFree:          886940 kB
MemAvailable:    1457032 kB
Buffers:           92628 kB
Cached:           576908 kB
MemTotal:        1844596 kB
MemFree:          887192 kB
MemAvailable:    1457284 kB
Buffers:           92628 kB
Cached:           576908 kB
MemTotal:        1844596 kB
MemFree:          885820 kB
MemAvailable:    1455912 kB
Buffers:           92628 kB
Cached:           576908 kB
MemTotal:        1844596 kB
MemFree:          887316 kB
MemAvailable:    1457408 kB
Buffers:           92628 kB
Cached:           576908 kB
MemTotal:        1844596 kB
MemFree:          885904 kB
MemAvailable:    1455996 kB
Buffers:           92628 kB
Cached:           576908 kB
MemTotal:        1844596 kB
MemFree:          887116 kB
MemAvailable:    1457208 kB
Buffers:           92628 kB
Cached:           576908 kB
MemTotal:        1844596 kB
MemFree:          885840 kB
MemAvailable:    1455932 kB
Buffers:           92628 kB
Cached:           576908 kB
MemTotal:        1844596 kB
MemFree:          887140 kB
MemAvailable:    1457232 kB
Buffers:           92628 kB
Cached:           576908 kB
MemTotal:        1844596 kB
MemFree:          886048 kB
MemAvailable:    1456140 kB
Buffers:           92628 kB
Cached:           576908 kB
MemTotal:        1844596 kB
MemFree:          887140 kB
MemAvailable:    1457232 kB
Buffers:           92628 kB
Cached:           576908 kB
MemTotal:        1844596 kB
MemFree:          886708 kB
MemAvailable:    1456800 kB
Buffers:           92628 kB
Cached:           576908 kB
MemTotal:        1844596 kB
MemFree:          887020 kB
MemAvailable:    1457112 kB
Buffers:           92628 kB
Cached:           576908 kB
MemTotal:        1844596 kB
MemFree:          887272 kB
MemAvailable:    1457364 kB
Buffers:           92628 kB
Cached:           576908 kB
MemTotal:        1844596 kB
MemFree:          887008 kB
MemAvailable:    1457100 kB
Buffers:           92628 kB
Cached:           576908 kB
MemTotal:        1844596 kB
MemFree:          886948 kB
MemAvailable:    1457040 kB
Buffers:           92628 kB
Cached:           576908 kB
MemTotal:        1844596 kB
MemFree:          887204 kB
MemAvailable:    1457296 kB
Buffers:           92628 kB
Cached:           576908 kB
MemTotal:        1844596 kB
MemFree:          887064 kB
MemAvailable:    1457156 kB
Buffers:           92628 kB
Cached:           576908 kB
MemTotal:        1844596 kB
MemFree:          886584 kB
MemAvailable:    1456676 kB
Buffers:           92628 kB
Cached:           576908 kB
MemTotal:        1844596 kB
MemFree:          884352 kB
MemAvailable:    1454444 kB
Buffers:           92628 kB
Cached:           576908 kB
MemTotal:        1844596 kB
MemFree:          881500 kB
MemAvailable:    1451592 kB
Buffers:           92628 kB
Cached:           576908 kB
MemTotal:        1844596 kB
MemFree:          877648 kB
MemAvailable:    1447744 kB
Buffers:           92628 kB
Cached:           576912 kB
MemTotal:        1844596 kB
MemFree:          877732 kB
MemAvailable:    1447828 kB
Buffers:           92628 kB
Cached:           576912 kB
MemTotal:        1844596 kB
MemFree:          873308 kB
MemAvailable:    1443404 kB
Buffers:           92628 kB
Cached:           576912 kB
MemTotal:        1844596 kB
MemFree:          874176 kB
MemAvailable:    1444272 kB
Buffers:           92628 kB
Cached:           576912 kB
MemTotal:        1844596 kB
MemFree:          873060 kB
MemAvailable:    1443156 kB
Buffers:           92628 kB
Cached:           576912 kB
MemTotal:        1844596 kB
MemFree:          872944 kB
MemAvailable:    1443040 kB
Buffers:           92628 kB
Cached:           576912 kB
MemTotal:        1844596 kB
MemFree:          874164 kB
MemAvailable:    1444260 kB
Buffers:           92628 kB
Cached:           576912 kB
MemTotal:        1844596 kB
MemFree:          874052 kB
MemAvailable:    1444148 kB
Buffers:           92628 kB
Cached:           576912 kB
MemTotal:        1844596 kB
MemFree:          873748 kB
MemAvailable:    1443844 kB
Buffers:           92628 kB
Cached:           576912 kB
MemTotal:        1844596 kB
MemFree:          873440 kB
MemAvailable:    1443536 kB
Buffers:           92628 kB
Cached:           576912 kB
MemTotal:        1844596 kB
MemFree:          873816 kB
MemAvailable:    1443912 kB
Buffers:           92628 kB
Cached:           576912 kB
MemTotal:        1844596 kB
MemFree:          873744 kB
MemAvailable:    1443840 kB
Buffers:           92628 kB
Cached:           576912 kB
MemTotal:        1844596 kB
MemFree:          873912 kB
MemAvailable:    1444008 kB
Buffers:           92628 kB
Cached:           576912 kB
MemTotal:        1844596 kB
MemFree:          872392 kB
MemAvailable:    1442488 kB
Buffers:           92628 kB
Cached:           576912 kB
MemTotal:        1844596 kB
MemFree:          873692 kB
MemAvailable:    1443788 kB
Buffers:           92628 kB
Cached:           576912 kB
MemTotal:        1844596 kB
MemFree:          873824 kB
MemAvailable:    1443920 kB
Buffers:           92628 kB
Cached:           576912 kB
MemTotal:        1844596 kB
MemFree:          873624 kB
MemAvailable:    1443720 kB
Buffers:           92628 kB
Cached:           576912 kB
MemTotal:        1844596 kB
MemFree:          873564 kB
MemAvailable:    1443660 kB
Buffers:           92628 kB
Cached:           576912 kB
MemTotal:        1844596 kB
MemFree:          873728 kB
MemAvailable:    1443824 kB
Buffers:           92628 kB
Cached:           576912 kB
MemTotal:        1844596 kB
MemFree:          873656 kB
MemAvailable:    1443752 kB
Buffers:           92628 kB
Cached:           576912 kB
MemTotal:        1844596 kB
MemFree:          873260 kB
MemAvailable:    1443356 kB
Buffers:           92628 kB
Cached:           576912 kB
MemTotal:        1844596 kB
MemFree:          874060 kB
MemAvailable:    1444156 kB
Buffers:           92628 kB
Cached:           576912 kB
MemTotal:        1844596 kB
MemFree:          873988 kB
MemAvailable:    1444084 kB
Buffers:           92628 kB
Cached:           576912 kB
MemTotal:        1844596 kB
MemFree:          872432 kB
MemAvailable:    1442528 kB
Buffers:           92628 kB
Cached:           576912 kB
MemTotal:        1844596 kB
MemFree:          873872 kB
MemAvailable:    1443972 kB
Buffers:           92628 kB
Cached:           576916 kB
MemTotal:        1844596 kB
MemFree:          873824 kB
MemAvailable:    1443924 kB
Buffers:           92628 kB
Cached:           576916 kB
MemTotal:        1844596 kB
MemFree:          873184 kB
MemAvailable:    1443284 kB
Buffers:           92628 kB
Cached:           576916 kB
MemTotal:        1844596 kB
MemFree:          873812 kB
MemAvailable:    1443912 kB
Buffers:           92628 kB
Cached:           576916 kB
MemTotal:        1844596 kB
MemFree:          873556 kB
MemAvailable:    1443656 kB
Buffers:           92628 kB
Cached:           576916 kB
MemTotal:        1844596 kB
MemFree:          873488 kB
MemAvailable:    1443588 kB
Buffers:           92628 kB
Cached:           576916 kB
MemTotal:        1844596 kB
MemFree:          871984 kB
MemAvailable:    1442084 kB
Buffers:           92628 kB
Cached:           576916 kB
MemTotal:        1844596 kB
MemFree:          873004 kB
MemAvailable:    1443104 kB
Buffers:           92628 kB
Cached:           576916 kB
MemTotal:        1844596 kB
MemFree:          872756 kB
MemAvailable:    1442856 kB
Buffers:           92628 kB
Cached:           576916 kB
MemTotal:        1844596 kB
MemFree:          872392 kB
MemAvailable:    1442492 kB
Buffers:           92628 kB
Cached:           576916 kB
MemTotal:        1844596 kB
MemFree:          872632 kB
MemAvailable:    1442732 kB
Buffers:           92628 kB
Cached:           576916 kB
MemTotal:        1844596 kB
MemFree:          872448 kB
MemAvailable:    1442548 kB
Buffers:           92628 kB
Cached:           576916 kB
MemTotal:        1844596 kB
MemFree:          871516 kB
MemAvailable:    1441616 kB
Buffers:           92628 kB
Cached:           576916 kB
MemTotal:        1844596 kB
MemFree:          871524 kB
MemAvailable:    1441624 kB
Buffers:           92628 kB
Cached:           576916 kB
MemTotal:        1844596 kB
MemFree:          868420 kB
MemAvailable:    1438520 kB
Buffers:           92628 kB
Cached:           576916 kB
MemTotal:        1844596 kB
MemFree:          864752 kB
MemAvailable:    1434852 kB
Buffers:           92628 kB
Cached:           576916 kB
MemTotal:        1844596 kB
MemFree:          864372 kB
MemAvailable:    1434472 kB
Buffers:           92628 kB
Cached:           576916 kB
MemTotal:        1844596 kB
MemFree:          863396 kB
MemAvailable:    1433496 kB
Buffers:           92628 kB
Cached:           576916 kB
MemTotal:        1844596 kB
MemFree:          864144 kB
MemAvailable:    1434244 kB
Buffers:           92628 kB
Cached:           576916 kB
MemTotal:        1844596 kB
MemFree:          860916 kB
MemAvailable:    1431016 kB
Buffers:           92628 kB
Cached:           576916 kB
MemTotal:        1844596 kB
MemFree:          861348 kB
MemAvailable:    1431448 kB
Buffers:           92628 kB
Cached:           576916 kB
MemTotal:        1844596 kB
MemFree:          858932 kB
MemAvailable:    1429032 kB
Buffers:           92628 kB
Cached:           576916 kB
MemTotal:        1844596 kB
MemFree:          859048 kB
MemAvailable:    1429148 kB
Buffers:           92628 kB
Cached:           576916 kB
MemTotal:        1844596 kB
MemFree:          859304 kB
MemAvailable:    1429404 kB
Buffers:           92628 kB
Cached:           576916 kB
MemTotal:        1844596 kB
MemFree:          859908 kB
MemAvailable:    1430008 kB
Buffers:           92628 kB
Cached:           576916 kB
MemTotal:        1844596 kB
MemFree:          859800 kB
MemAvailable:    1429900 kB
Buffers:           92628 kB
Cached:           576916 kB
MemTotal:        1844596 kB
MemFree:          859772 kB
MemAvailable:    1429872 kB
Buffers:           92628 kB
Cached:           576916 kB
MemTotal:        1844596 kB
MemFree:          860108 kB
MemAvailable:    1430208 kB
Buffers:           92628 kB
Cached:           576916 kB
MemTotal:        1844596 kB
MemFree:          859780 kB
MemAvailable:    1429880 kB
Buffers:           92628 kB
Cached:           576916 kB
MemTotal:        1844596 kB
MemFree:          859856 kB
MemAvailable:    1429956 kB
Buffers:           92628 kB
Cached:           576916 kB
MemTotal:        1844596 kB
MemFree:          860108 kB
MemAvailable:    1430208 kB
Buffers:           92628 kB
Cached:           576916 kB
MemTotal:        1844596 kB
MemFree:          859736 kB
MemAvailable:    1429836 kB
Buffers:           92628 kB
Cached:           576916 kB
MemTotal:        1844596 kB
MemFree:          859628 kB
MemAvailable:    1429728 kB
Buffers:           92628 kB
Cached:           576916 kB
MemTotal:        1844596 kB
MemFree:          858920 kB
MemAvailable:    1429020 kB
Buffers:           92628 kB
Cached:           576916 kB
MemTotal:        1844596 kB
MemFree:          858540 kB
MemAvailable:    1428640 kB
Buffers:           92628 kB
Cached:           576916 kB
MemTotal:        1844596 kB
MemFree:          858748 kB
MemAvailable:    1428848 kB
Buffers:           92628 kB
Cached:           576916 kB
MemTotal:        1844596 kB
MemFree:          858740 kB
MemAvailable:    1428840 kB
Buffers:           92628 kB
Cached:           576916 kB
MemTotal:        1844596 kB
MemFree:          858872 kB
MemAvailable:    1428972 kB
Buffers:           92628 kB
Cached:           576916 kB
MemTotal:        1844596 kB
MemFree:          858660 kB
MemAvailable:    1428760 kB
Buffers:           92628 kB
Cached:           576916 kB
MemTotal:        1844596 kB
MemFree:          858488 kB
MemAvailable:    1428588 kB
Buffers:           92628 kB
Cached:           576916 kB
MemTotal:        1844596 kB
MemFree:          859824 kB
MemAvailable:    1429924 kB
Buffers:           92628 kB
Cached:           576916 kB
MemTotal:        1844596 kB
MemFree:          860048 kB
MemAvailable:    1430148 kB
Buffers:           92628 kB
Cached:           576916 kB
MemTotal:        1844596 kB
MemFree:          859836 kB
MemAvailable:    1429936 kB
Buffers:           92628 kB
Cached:           576916 kB
MemTotal:        1844596 kB
MemFree:          859808 kB
MemAvailable:    1429908 kB
Buffers:           92628 kB
Cached:           576916 kB
MemTotal:        1844596 kB
MemFree:          859804 kB
MemAvailable:    1429904 kB
Buffers:           92628 kB
Cached:           576916 kB
MemTotal:        1844596 kB
MemFree:          859056 kB
MemAvailable:    1429156 kB
Buffers:           92628 kB
Cached:           576916 kB
MemTotal:        1844596 kB
MemFree:          859792 kB
MemAvailable:    1429892 kB
Buffers:           92628 kB
Cached:           576916 kB
MemTotal:        1844596 kB
MemFree:          860044 kB
MemAvailable:    1430144 kB
Buffers:           92628 kB
Cached:           576916 kB
MemTotal:        1844596 kB
MemFree:          858416 kB
MemAvailable:    1428516 kB
Buffers:           92628 kB
Cached:           576916 kB
MemTotal:        1844596 kB
MemFree:          859932 kB
MemAvailable:    1430032 kB
Buffers:           92628 kB
Cached:           576916 kB
MemTotal:        1844596 kB
MemFree:          858624 kB
MemAvailable:    1428724 kB
Buffers:           92628 kB
Cached:           576916 kB
MemTotal:        1844596 kB
MemFree:          858560 kB
MemAvailable:    1428660 kB
Buffers:           92628 kB
Cached:           576916 kB
MemTotal:        1844596 kB
MemFree:          859744 kB
MemAvailable:    1429844 kB
Buffers:           92628 kB
Cached:           576916 kB
MemTotal:        1844596 kB
MemFree:          859676 kB
MemAvailable:    1429776 kB
Buffers:           92628 kB
Cached:           576916 kB
MemTotal:        1844596 kB
MemFree:          859912 kB
MemAvailable:    1430012 kB
Buffers:           92628 kB
Cached:           576916 kB
MemTotal:        1844596 kB
MemFree:          860092 kB
MemAvailable:    1430192 kB
Buffers:           92628 kB
Cached:           576916 kB
MemTotal:        1844596 kB
MemFree:          859980 kB
MemAvailable:    1430080 kB
Buffers:           92628 kB
Cached:           576916 kB
MemTotal:        1844596 kB
MemFree:          859828 kB
MemAvailable:    1429928 kB
Buffers:           92628 kB
Cached:           576916 kB
MemTotal:        1844596 kB
MemFree:          858860 kB
MemAvailable:    1428960 kB
Buffers:           92628 kB
Cached:           576916 kB
MemTotal:        1844596 kB
MemFree:          859852 kB
MemAvailable:    1429952 kB
Buffers:           92628 kB
Cached:           576916 kB
MemTotal:        1844596 kB
MemFree:          859788 kB
MemAvailable:    1429888 kB
Buffers:           92628 kB
Cached:           576916 kB
MemTotal:        1844596 kB
MemFree:          858736 kB
MemAvailable:    1428836 kB
Buffers:           92628 kB
Cached:           576916 kB
MemTotal:        1844596 kB
MemFree:          859888 kB
MemAvailable:    1429988 kB
Buffers:           92628 kB
Cached:           576916 kB
MemTotal:        1844596 kB
MemFree:          859560 kB
MemAvailable:    1429660 kB
Buffers:           92628 kB
Cached:           576916 kB
MemTotal:        1844596 kB
MemFree:          859792 kB
MemAvailable:    1429892 kB
Buffers:           92628 kB
Cached:           576916 kB
MemTotal:        1844596 kB
MemFree:          860048 kB
MemAvailable:    1430148 kB
Buffers:           92628 kB
Cached:           576916 kB
MemTotal:        1844596 kB
MemFree:          858800 kB
MemAvailable:    1428900 kB
Buffers:           92628 kB
Cached:           576916 kB
MemTotal:        1844596 kB
MemFree:          857940 kB
MemAvailable:    1428040 kB
Buffers:           92628 kB
Cached:           576916 kB
MemTotal:        1844596 kB
MemFree:          857000 kB
MemAvailable:    1427100 kB
Buffers:           92628 kB
Cached:           576916 kB
MemTotal:        1844596 kB
MemFree:          856876 kB
MemAvailable:    1426976 kB
Buffers:           92628 kB
Cached:           576916 kB
MemTotal:        1844596 kB
MemFree:          854096 kB
MemAvailable:    1424204 kB
Buffers:           92628 kB
Cached:           576924 kB
MemTotal:        1844596 kB
MemFree:          853536 kB
MemAvailable:    1423644 kB
Buffers:           92628 kB
Cached:           576924 kB
MemTotal:        1844596 kB
MemFree:          854836 kB
MemAvailable:    1424944 kB
Buffers:           92628 kB
Cached:           576924 kB
MemTotal:        1844596 kB
MemFree:          854648 kB
MemAvailable:    1424756 kB
Buffers:           92628 kB
Cached:           576924 kB
MemTotal:        1844596 kB
MemFree:          854452 kB
MemAvailable:    1424560 kB
Buffers:           92628 kB
Cached:           576924 kB
MemTotal:        1844596 kB
MemFree:          854288 kB
MemAvailable:    1424396 kB
Buffers:           92628 kB
Cached:           576924 kB
MemTotal:        1844596 kB
MemFree:          854344 kB
MemAvailable:    1424452 kB
Buffers:           92628 kB
Cached:           576924 kB
MemTotal:        1844596 kB
MemFree:          854348 kB
MemAvailable:    1424456 kB
Buffers:           92628 kB
Cached:           576924 kB
MemTotal:        1844596 kB
MemFree:          854348 kB
MemAvailable:    1424456 kB
Buffers:           92628 kB
Cached:           576924 kB
MemTotal:        1844596 kB
MemFree:          854024 kB
MemAvailable:    1424132 kB
Buffers:           92628 kB
Cached:           576924 kB
MemTotal:        1844596 kB
MemFree:          853608 kB
MemAvailable:    1423716 kB
Buffers:           92628 kB
Cached:           576924 kB
MemTotal:        1844596 kB
MemFree:          853892 kB
MemAvailable:    1424000 kB
Buffers:           92628 kB
Cached:           576924 kB
MemTotal:        1844596 kB
MemFree:          852676 kB
MemAvailable:    1422784 kB
Buffers:           92628 kB
Cached:           576924 kB
MemTotal:        1844596 kB
MemFree:          854012 kB
MemAvailable:    1424120 kB
Buffers:           92628 kB
Cached:           576924 kB
MemTotal:        1844596 kB
MemFree:          852668 kB
MemAvailable:    1422776 kB
Buffers:           92628 kB
Cached:           576924 kB
MemTotal:        1844596 kB
MemFree:          852792 kB
MemAvailable:    1422900 kB
Buffers:           92628 kB
Cached:           576924 kB
MemTotal:        1844596 kB
MemFree:          853460 kB
MemAvailable:    1423568 kB
Buffers:           92628 kB
Cached:           576924 kB
MemTotal:        1844596 kB
MemFree:          852980 kB
MemAvailable:    1423088 kB
Buffers:           92628 kB
Cached:           576924 kB
MemTotal:        1844596 kB
MemFree:          853164 kB
MemAvailable:    1423272 kB
Buffers:           92628 kB
Cached:           576924 kB
MemTotal:        1844596 kB
MemFree:          853420 kB
MemAvailable:    1423528 kB
Buffers:           92628 kB
Cached:           576924 kB
MemTotal:        1844596 kB
MemFree:          852172 kB
MemAvailable:    1422280 kB
Buffers:           92628 kB
Cached:           576924 kB
MemTotal:        1844596 kB
MemFree:          853024 kB
MemAvailable:    1423132 kB
Buffers:           92628 kB
Cached:           576924 kB
MemTotal:        1844596 kB
MemFree:          853024 kB
MemAvailable:    1423132 kB
Buffers:           92628 kB
Cached:           576924 kB
MemTotal:        1844596 kB
MemFree:          855316 kB
MemAvailable:    1425424 kB
Buffers:           92628 kB
Cached:           576924 kB
MemTotal:        1844596 kB
MemFree:          853916 kB
MemAvailable:    1424024 kB
Buffers:           92628 kB
Cached:           576924 kB
MemTotal:        1844596 kB
MemFree:          855284 kB
MemAvailable:    1425392 kB
Buffers:           92628 kB
Cached:           576924 kB
MemTotal:        1844596 kB
MemFree:          855284 kB
MemAvailable:    1425392 kB
Buffers:           92628 kB
Cached:           576924 kB
MemTotal:        1844596 kB
MemFree:          854156 kB
MemAvailable:    1424264 kB
Buffers:           92628 kB
Cached:           576924 kB
MemTotal:        1844596 kB
MemFree:          855340 kB
MemAvailable:    1425448 kB
Buffers:           92628 kB
Cached:           576924 kB
MemTotal:        1844596 kB
MemFree:          854164 kB
MemAvailable:    1424272 kB
Buffers:           92628 kB
Cached:           576924 kB
MemTotal:        1844596 kB
MemFree:          855264 kB
MemAvailable:    1425372 kB
Buffers:           92628 kB
Cached:           576924 kB
MemTotal:        1844596 kB
MemFree:          854716 kB
MemAvailable:    1424824 kB
Buffers:           92628 kB
Cached:           576924 kB
MemTotal:        1844596 kB
MemFree:          854032 kB
MemAvailable:    1424140 kB
Buffers:           92628 kB
Cached:           576924 kB
MemTotal:        1844596 kB
MemFree:          855324 kB
MemAvailable:    1425432 kB
Buffers:           92628 kB
Cached:           576924 kB
MemTotal:        1844596 kB
MemFree:          854344 kB
MemAvailable:    1424452 kB
Buffers:           92628 kB
Cached:           576924 kB
MemTotal:        1844596 kB
MemFree:          855152 kB
MemAvailable:    1425260 kB
Buffers:           92628 kB
Cached:           576924 kB
MemTotal:        1844596 kB
MemFree:          855408 kB
MemAvailable:    1425516 kB
Buffers:           92628 kB
Cached:           576924 kB
MemTotal:        1844596 kB
MemFree:          855204 kB
MemAvailable:    1425312 kB
Buffers:           92628 kB
Cached:           576924 kB
MemTotal:        1844596 kB
MemFree:          855456 kB
MemAvailable:    1425564 kB
Buffers:           92628 kB
Cached:           576924 kB
MemTotal:        1844596 kB
MemFree:          855216 kB
MemAvailable:    1425324 kB
Buffers:           92628 kB
Cached:           576924 kB
MemTotal:        1844596 kB
MemFree:          855260 kB
MemAvailable:    1425368 kB
Buffers:           92628 kB
Cached:           576924 kB
MemTotal:        1844596 kB
MemFree:          854468 kB
MemAvailable:    1424576 kB
Buffers:           92628 kB
Cached:           576924 kB
MemTotal:        1844596 kB
MemFree:          855824 kB
MemAvailable:    1425940 kB
Buffers:           92628 kB
Cached:           576932 kB
MemTotal:        1844596 kB
MemFree:          854336 kB
MemAvailable:    1424452 kB
Buffers:           92628 kB
Cached:           576932 kB
MemTotal:        1844596 kB
MemFree:          855576 kB
MemAvailable:    1425692 kB
Buffers:           92628 kB
Cached:           576932 kB
MemTotal:        1844596 kB
MemFree:          854972 kB
MemAvailable:    1425088 kB
Buffers:           92628 kB
Cached:           576932 kB
MemTotal:        1844596 kB
MemFree:          851916 kB
MemAvailable:    1422032 kB
Buffers:           92628 kB
Cached:           576932 kB
MemTotal:        1844596 kB
MemFree:          850856 kB
MemAvailable:    1420972 kB
Buffers:           92628 kB
Cached:           576932 kB
MemTotal:        1844596 kB
MemFree:          850128 kB
MemAvailable:    1420244 kB
Buffers:           92628 kB
Cached:           576932 kB
MemTotal:        1844596 kB
MemFree:          850920 kB
MemAvailable:    1421036 kB
Buffers:           92628 kB
Cached:           576932 kB
MemTotal:        1844596 kB
MemFree:          850976 kB
MemAvailable:    1421092 kB
Buffers:           92628 kB
Cached:           576932 kB
MemTotal:        1844596 kB
MemFree:          850976 kB
MemAvailable:    1421092 kB
Buffers:           92628 kB
Cached:           576932 kB
MemTotal:        1844596 kB
MemFree:          849612 kB
MemAvailable:    1419728 kB
Buffers:           92628 kB
Cached:           576932 kB
MemTotal:        1844596 kB
MemFree:          850968 kB
MemAvailable:    1421084 kB
Buffers:           92628 kB
Cached:           576932 kB
MemTotal:        1844596 kB
MemFree:          850844 kB
MemAvailable:    1420960 kB
Buffers:           92628 kB
Cached:           576932 kB
MemTotal:        1844596 kB
MemFree:          850304 kB
MemAvailable:    1420420 kB
Buffers:           92628 kB
Cached:           576932 kB
MemTotal:        1844596 kB
MemFree:          850328 kB
MemAvailable:    1420444 kB
Buffers:           92628 kB
Cached:           576932 kB
MemTotal:        1844596 kB
MemFree:          850444 kB
MemAvailable:    1420560 kB
Buffers:           92628 kB
Cached:           576932 kB
MemTotal:        1844596 kB
MemFree:          847516 kB
MemAvailable:    1417632 kB
Buffers:           92628 kB
Cached:           576932 kB
MemTotal:        1844596 kB
MemFree:          847360 kB
MemAvailable:    1417476 kB
Buffers:           92628 kB
Cached:           576932 kB
MemTotal:        1844596 kB
MemFree:          847260 kB
MemAvailable:    1417376 kB
Buffers:           92628 kB
Cached:           576932 kB
MemTotal:        1844596 kB
MemFree:          845656 kB
MemAvailable:    1415772 kB
Buffers:           92628 kB
Cached:           576932 kB
MemTotal:        1844596 kB
MemFree:          845532 kB
MemAvailable:    1415648 kB
Buffers:           92628 kB
Cached:           576932 kB
MemTotal:        1844596 kB
MemFree:          846516 kB
MemAvailable:    1416632 kB
Buffers:           92628 kB
Cached:           576932 kB
MemTotal:        1844596 kB
MemFree:          846348 kB
MemAvailable:    1416464 kB
Buffers:           92628 kB
Cached:           576932 kB
MemTotal:        1844596 kB
MemFree:          846600 kB
MemAvailable:    1416716 kB
Buffers:           92628 kB
Cached:           576932 kB
MemTotal:        1844596 kB
MemFree:          845028 kB
MemAvailable:    1415144 kB
Buffers:           92628 kB
Cached:           576932 kB
MemTotal:        1844596 kB
MemFree:          846336 kB
MemAvailable:    1416452 kB
Buffers:           92628 kB
Cached:           576932 kB
MemTotal:        1844596 kB
MemFree:          845960 kB
MemAvailable:    1416076 kB
Buffers:           92628 kB
Cached:           576932 kB
MemTotal:        1844596 kB
MemFree:          846128 kB
MemAvailable:    1416244 kB
Buffers:           92628 kB
Cached:           576932 kB
MemTotal:        1844596 kB
MemFree:          845840 kB
MemAvailable:    1415960 kB
Buffers:           92628 kB
Cached:           576936 kB
MemTotal:        1844596 kB
MemFree:          844796 kB
MemAvailable:    1414916 kB
Buffers:           92628 kB
Cached:           576936 kB
MemTotal:        1844596 kB
MemFree:          845416 kB
MemAvailable:    1415536 kB
Buffers:           92628 kB
Cached:           576936 kB
MemTotal:        1844596 kB
MemFree:          845896 kB
MemAvailable:    1416016 kB
Buffers:           92628 kB
Cached:           576936 kB
MemTotal:        1844596 kB
MemFree:          844300 kB
MemAvailable:    1414420 kB
Buffers:           92628 kB
Cached:           576936 kB
MemTotal:        1844596 kB
MemFree:          844548 kB
MemAvailable:    1414668 kB
Buffers:           92628 kB
Cached:           576936 kB
MemTotal:        1844596 kB
MemFree:          845352 kB
MemAvailable:    1415472 kB
Buffers:           92628 kB
Cached:           576936 kB
MemTotal:        1844596 kB
MemFree:          843920 kB
MemAvailable:    1414040 kB
Buffers:           92628 kB
Cached:           576936 kB
MemTotal:        1844596 kB
MemFree:          850444 kB
MemAvailable:    1420564 kB
Buffers:           92628 kB
Cached:           576936 kB
MemTotal:        1844596 kB
MemFree:          850244 kB
MemAvailable:    1420364 kB
Buffers:           92628 kB
Cached:           576936 kB
MemTotal:        1844596 kB
MemFree:          850260 kB
MemAvailable:    1420380 kB
Buffers:           92628 kB
Cached:           576936 kB
MemTotal:        1844596 kB
MemFree:          850256 kB
MemAvailable:    1420376 kB
Buffers:           92628 kB
Cached:           576936 kB
MemTotal:        1844596 kB
MemFree:          849088 kB
MemAvailable:    1419208 kB
Buffers:           92628 kB
Cached:           576936 kB
MemTotal:        1844596 kB
MemFree:          849080 kB
MemAvailable:    1419200 kB
Buffers:           92628 kB
Cached:           576936 kB
MemTotal:        1844596 kB
MemFree:          850448 kB
MemAvailable:    1420568 kB
Buffers:           92628 kB
Cached:           576936 kB
MemTotal:        1844596 kB
MemFree:          849120 kB
MemAvailable:    1419240 kB
Buffers:           92628 kB
Cached:           576936 kB
MemTotal:        1844596 kB
MemFree:          850348 kB
MemAvailable:    1420468 kB
Buffers:           92628 kB
Cached:           576936 kB
MemTotal:        1844596 kB
MemFree:          850600 kB
MemAvailable:    1420720 kB
Buffers:           92628 kB
Cached:           576936 kB
MemTotal:        1844596 kB
MemFree:          850420 kB
MemAvailable:    1420540 kB
Buffers:           92628 kB
Cached:           576936 kB
MemTotal:        1844596 kB
MemFree:          850304 kB
MemAvailable:    1420424 kB
Buffers:           92628 kB
Cached:           576936 kB
MemTotal:        1844596 kB
MemFree:          850232 kB
MemAvailable:    1420352 kB
Buffers:           92628 kB
Cached:           576936 kB
MemTotal:        1844596 kB
MemFree:          849888 kB
MemAvailable:    1420008 kB
Buffers:           92628 kB
Cached:           576936 kB
MemTotal:        1844596 kB
MemFree:          850204 kB
MemAvailable:    1420324 kB
Buffers:           92628 kB
Cached:           576936 kB
MemTotal:        1844596 kB
MemFree:          850440 kB
MemAvailable:    1420560 kB
Buffers:           92628 kB
Cached:           576936 kB
MemTotal:        1844596 kB
MemFree:          850440 kB
MemAvailable:    1420560 kB
Buffers:           92628 kB
Cached:           576936 kB
MemTotal:        1844596 kB
MemFree:          848820 kB
MemAvailable:    1418940 kB
Buffers:           92628 kB
Cached:           576936 kB
MemTotal:        1844596 kB
MemFree:          850056 kB
MemAvailable:    1420176 kB
Buffers:           92628 kB
Cached:           576936 kB
MemTotal:        1844596 kB
MemFree:          850392 kB
MemAvailable:    1420512 kB
Buffers:           92628 kB
Cached:           576936 kB
MemTotal:        1844596 kB
MemFree:          850004 kB
MemAvailable:    1420124 kB
Buffers:           92628 kB
Cached:           576936 kB
MemTotal:        1844596 kB
MemFree:          848456 kB
MemAvailable:    1418576 kB
Buffers:           92628 kB
Cached:           576936 kB
MemTotal:        1844596 kB
MemFree:          847160 kB
MemAvailable:    1417280 kB
Buffers:           92628 kB
Cached:           576936 kB
MemTotal:        1844596 kB
MemFree:          847088 kB
MemAvailable:    1417208 kB
Buffers:           92628 kB
Cached:           576936 kB
MemTotal:        1844596 kB
MemFree:          846848 kB
MemAvailable:    1416968 kB
Buffers:           92628 kB
Cached:           576936 kB
MemTotal:        1844596 kB
MemFree:          846548 kB
MemAvailable:    1416668 kB
Buffers:           92628 kB
Cached:           576936 kB
MemTotal:        1844596 kB
MemFree:          846840 kB
MemAvailable:    1416960 kB
Buffers:           92628 kB
Cached:           576936 kB
MemTotal:        1844596 kB
MemFree:          845672 kB
MemAvailable:    1415792 kB
Buffers:           92628 kB
Cached:           576936 kB
MemTotal:        1844596 kB
MemFree:          845532 kB
MemAvailable:    1415656 kB
Buffers:           92628 kB
Cached:           576940 kB
MemTotal:        1844596 kB
MemFree:          846524 kB
MemAvailable:    1416648 kB
Buffers:           92628 kB
Cached:           576940 kB
MemTotal:        1844596 kB
MemFree:          845928 kB
MemAvailable:    1416052 kB
Buffers:           92628 kB
Cached:           576940 kB
MemTotal:        1844596 kB
MemFree:          846336 kB
MemAvailable:    1416460 kB
Buffers:           92628 kB
Cached:           576940 kB
MemTotal:        1844596 kB
MemFree:          845300 kB
MemAvailable:    1415424 kB
Buffers:           92628 kB
Cached:           576940 kB
MemTotal:        1844596 kB
MemFree:          846356 kB
MemAvailable:    1416480 kB
Buffers:           92628 kB
Cached:           576940 kB
MemTotal:        1844596 kB
MemFree:          845964 kB
MemAvailable:    1416088 kB
Buffers:           92628 kB
Cached:           576940 kB
MemTotal:        1844596 kB
MemFree:          845856 kB
MemAvailable:    1415980 kB
Buffers:           92628 kB
Cached:           576940 kB
MemTotal:        1844596 kB
MemFree:          845600 kB
MemAvailable:    1415724 kB
Buffers:           92628 kB
Cached:           576940 kB
MemTotal:        1844596 kB
MemFree:          845608 kB
MemAvailable:    1415732 kB
Buffers:           92628 kB
Cached:           576940 kB
MemTotal:        1844596 kB
MemFree:          844308 kB
MemAvailable:    1414432 kB
Buffers:           92628 kB
Cached:           576940 kB
MemTotal:        1844596 kB
MemFree:          845292 kB
MemAvailable:    1415416 kB
Buffers:           92628 kB
Cached:           576940 kB
MemTotal:        1844596 kB
MemFree:          844688 kB
MemAvailable:    1414812 kB
Buffers:           92628 kB
Cached:           576940 kB
MemTotal:        1844596 kB
MemFree:          845036 kB
MemAvailable:    1415160 kB
Buffers:           92628 kB
Cached:           576940 kB
MemTotal:        1844596 kB
MemFree:          845288 kB
MemAvailable:    1415412 kB
Buffers:           92628 kB
Cached:           576940 kB
MemTotal:        1844596 kB
MemFree:          844972 kB
MemAvailable:    1415096 kB
Buffers:           92628 kB
Cached:           576940 kB
MemTotal:        1844596 kB
MemFree:          843756 kB
MemAvailable:    1413880 kB
Buffers:           92628 kB
Cached:           576940 kB
MemTotal:        1844596 kB
MemFree:          844932 kB
MemAvailable:    1415056 kB
Buffers:           92628 kB
Cached:           576940 kB
MemTotal:        1844596 kB
MemFree:          843632 kB
MemAvailable:    1413756 kB
Buffers:           92628 kB
Cached:           576940 kB
MemTotal:        1844596 kB
MemFree:          844900 kB
MemAvailable:    1415024 kB
Buffers:           92628 kB
Cached:           576940 kB
MemTotal:        1844596 kB
MemFree:          844804 kB
MemAvailable:    1414928 kB
Buffers:           92628 kB
Cached:           576940 kB
MemTotal:        1844596 kB
MemFree:          844860 kB
MemAvailable:    1414984 kB
Buffers:           92628 kB
Cached:           576940 kB
MemTotal:        1844596 kB
MemFree:          844804 kB
MemAvailable:    1414928 kB
Buffers:           92628 kB
Cached:           576940 kB
MemTotal:        1844596 kB
MemFree:          844968 kB
MemAvailable:    1415092 kB
Buffers:           92628 kB
Cached:           576940 kB
MemTotal:        1844596 kB
MemFree:          843752 kB
MemAvailable:    1413876 kB
Buffers:           92628 kB
Cached:           576940 kB
MemTotal:        1844596 kB
MemFree:          844904 kB
MemAvailable:    1415028 kB
Buffers:           92628 kB
Cached:           576940 kB
MemTotal:        1844596 kB
MemFree:          845132 kB
MemAvailable:    1415256 kB
Buffers:           92628 kB
Cached:           576940 kB
MemTotal:        1844596 kB
MemFree:          844856 kB
MemAvailable:    1414980 kB
Buffers:           92628 kB
Cached:           576940 kB
MemTotal:        1844596 kB
MemFree:          843764 kB
MemAvailable:    1413888 kB
Buffers:           92628 kB
Cached:           576940 kB
MemTotal:        1844596 kB
MemFree:          844912 kB
MemAvailable:    1415036 kB
Buffers:           92628 kB
Cached:           576940 kB
MemTotal:        1844596 kB
MemFree:          845040 kB
MemAvailable:    1415164 kB
Buffers:           92628 kB
Cached:           576940 kB
MemTotal:        1844596 kB
MemFree:          843668 kB
MemAvailable:    1413792 kB
Buffers:           92628 kB
Cached:           576940 kB
MemTotal:        1844596 kB
MemFree:          843668 kB
MemAvailable:    1413792 kB
Buffers:           92628 kB
Cached:           576940 kB
MemTotal:        1844596 kB
MemFree:          844948 kB
MemAvailable:    1415072 kB
Buffers:           92628 kB
Cached:           576940 kB
MemTotal:        1844596 kB
MemFree:          844060 kB
MemAvailable:    1414184 kB
Buffers:           92628 kB
Cached:           576940 kB
MemTotal:        1844596 kB
MemFree:          844788 kB
MemAvailable:    1414916 kB
Buffers:           92628 kB
Cached:           576944 kB
MemTotal:        1844596 kB
MemFree:          844680 kB
MemAvailable:    1414808 kB
Buffers:           92628 kB
Cached:           576944 kB
MemTotal:        1844596 kB
MemFree:          843500 kB
MemAvailable:    1413628 kB
Buffers:           92628 kB
Cached:           576944 kB
MemTotal:        1844596 kB
MemFree:          845100 kB
MemAvailable:    1415228 kB
Buffers:           92628 kB
Cached:           576944 kB
MemTotal:        1844596 kB
MemFree:          844976 kB
MemAvailable:    1415104 kB
Buffers:           92628 kB
Cached:           576944 kB
MemTotal:        1844596 kB
MemFree:          844060 kB
MemAvailable:    1414188 kB
Buffers:           92628 kB
Cached:           576944 kB
MemTotal:        1844596 kB
MemFree:          844052 kB
MemAvailable:    1414180 kB
Buffers:           92628 kB
Cached:           576944 kB
MemTotal:        1844596 kB
MemFree:          845104 kB
MemAvailable:    1415232 kB
Buffers:           92628 kB
Cached:           576944 kB
MemTotal:        1844596 kB
MemFree:          843936 kB
MemAvailable:    1414064 kB
Buffers:           92628 kB
Cached:           576944 kB
MemTotal:        1844596 kB
MemFree:          843672 kB
MemAvailable:    1413804 kB
Buffers:           92628 kB
Cached:           576948 kB
MemTotal:        1844596 kB
MemFree:          844848 kB
MemAvailable:    1414980 kB
Buffers:           92628 kB
Cached:           576948 kB
MemTotal:        1844596 kB
MemFree:          843796 kB
MemAvailable:    1413928 kB
Buffers:           92628 kB
Cached:           576948 kB
MemTotal:        1844596 kB
MemFree:          843624 kB
MemAvailable:    1413756 kB
Buffers:           92628 kB
Cached:           576948 kB
MemTotal:        1844596 kB
MemFree:          844984 kB
MemAvailable:    1415116 kB
Buffers:           92628 kB
Cached:           576948 kB
MemTotal:        1844596 kB
MemFree:          844976 kB
MemAvailable:    1415108 kB
Buffers:           92628 kB
Cached:           576948 kB
MemTotal:        1844596 kB
MemFree:          844848 kB
MemAvailable:    1414980 kB
Buffers:           92628 kB
Cached:           576948 kB
MemTotal:        1844596 kB
MemFree:          845160 kB
MemAvailable:    1415292 kB
Buffers:           92628 kB
Cached:           576948 kB
MemTotal:        1844596 kB
MemFree:          845308 kB
MemAvailable:    1415440 kB
Buffers:           92628 kB
Cached:           576948 kB
MemTotal:        1844596 kB
MemFree:          844316 kB
MemAvailable:    1414448 kB
Buffers:           92628 kB
Cached:           576948 kB
MemTotal:        1844596 kB
MemFree:          845028 kB
MemAvailable:    1415160 kB
Buffers:           92628 kB
Cached:           576948 kB
MemTotal:        1844596 kB
MemFree:          845112 kB
MemAvailable:    1415244 kB
Buffers:           92628 kB
Cached:           576948 kB
MemTotal:        1844596 kB
MemFree:          844932 kB
MemAvailable:    1415064 kB
Buffers:           92628 kB
Cached:           576948 kB
MemTotal:        1844596 kB
MemFree:          845032 kB
MemAvailable:    1415164 kB
Buffers:           92628 kB
Cached:           576948 kB
MemTotal:        1844596 kB
MemFree:          843620 kB
MemAvailable:    1413752 kB
Buffers:           92628 kB
Cached:           576948 kB
MemTotal:        1844596 kB
MemFree:          843620 kB
MemAvailable:    1413752 kB
Buffers:           92628 kB
Cached:           576948 kB
MemTotal:        1844596 kB
MemFree:          844856 kB
MemAvailable:    1414988 kB
Buffers:           92628 kB
Cached:           576948 kB
MemTotal:        1844596 kB
MemFree:          845108 kB
MemAvailable:    1415240 kB
Buffers:           92628 kB
Cached:           576948 kB
MemTotal:        1844596 kB
MemFree:          843928 kB
MemAvailable:    1414060 kB
Buffers:           92628 kB
Cached:           576948 kB
MemTotal:        1844596 kB
MemFree:          843796 kB
MemAvailable:    1413928 kB
Buffers:           92628 kB
Cached:           576948 kB
MemTotal:        1844596 kB
MemFree:          844052 kB
MemAvailable:    1414184 kB
Buffers:           92628 kB
Cached:           576948 kB
MemTotal:        1844596 kB
MemFree:          844980 kB
MemAvailable:    1415112 kB
Buffers:           92628 kB
Cached:           576948 kB
MemTotal:        1844596 kB
MemFree:          844068 kB
MemAvailable:    1414200 kB
Buffers:           92628 kB
Cached:           576948 kB
MemTotal:        1844596 kB
MemFree:          843804 kB
MemAvailable:    1413936 kB
Buffers:           92628 kB
Cached:           576948 kB
MemTotal:        1844596 kB
MemFree:          844872 kB
MemAvailable:    1415004 kB
Buffers:           92628 kB
Cached:           576948 kB
MemTotal:        1844596 kB
MemFree:          844872 kB
MemAvailable:    1415004 kB
Buffers:           92628 kB
Cached:           576948 kB
MemTotal:        1844596 kB
MemFree:          844972 kB
MemAvailable:    1415104 kB
Buffers:           92628 kB
Cached:           576948 kB
MemTotal:        1844596 kB
MemFree:          844924 kB
MemAvailable:    1415056 kB
Buffers:           92628 kB
Cached:           576948 kB
MemTotal:        1844596 kB
MemFree:          844720 kB
MemAvailable:    1414852 kB
Buffers:           92628 kB
Cached:           576948 kB
MemTotal:        1844596 kB
MemFree:          844972 kB
MemAvailable:    1415104 kB
Buffers:           92628 kB
Cached:           576948 kB
MemTotal:        1844596 kB
MemFree:          844916 kB
MemAvailable:    1415048 kB
Buffers:           92628 kB
Cached:           576948 kB
MemTotal:        1844596 kB
MemFree:          844928 kB
MemAvailable:    1415060 kB
Buffers:           92628 kB
Cached:           576948 kB
MemTotal:        1844596 kB
MemFree:          843664 kB
MemAvailable:    1413796 kB
Buffers:           92628 kB
Cached:           576948 kB
MemTotal:        1844596 kB
MemFree:          843788 kB
MemAvailable:    1413920 kB
Buffers:           92628 kB
Cached:           576948 kB
MemTotal:        1844596 kB
MemFree:          844856 kB
MemAvailable:    1414988 kB
Buffers:           92628 kB
Cached:           576948 kB
MemTotal:        1844596 kB
MemFree:          844856 kB
MemAvailable:    1414988 kB
Buffers:           92628 kB
Cached:           576948 kB
MemTotal:        1844596 kB
MemFree:          844672 kB
MemAvailable:    1414804 kB
Buffers:           92628 kB
Cached:           576948 kB
MemTotal:        1844596 kB
MemFree:          844928 kB
MemAvailable:    1415060 kB
Buffers:           92628 kB
Cached:           576948 kB
MemTotal:        1844596 kB
MemFree:          843688 kB
MemAvailable:    1413820 kB
Buffers:           92628 kB
Cached:           576948 kB
MemTotal:        1844596 kB
MemFree:          844988 kB
MemAvailable:    1415120 kB
Buffers:           92628 kB
Cached:           576948 kB
MemTotal:        1844596 kB
MemFree:          844864 kB
MemAvailable:    1414996 kB
Buffers:           92628 kB
Cached:           576948 kB
MemTotal:        1844596 kB
MemFree:          844796 kB
MemAvailable:    1414928 kB
Buffers:           92628 kB
Cached:           576948 kB
MemTotal:        1844596 kB
MemFree:          844688 kB
MemAvailable:    1414820 kB
Buffers:           92628 kB
Cached:           576948 kB
MemTotal:        1844596 kB
MemFree:          843508 kB
MemAvailable:    1413640 kB
Buffers:           92628 kB
Cached:           576948 kB
MemTotal:        1844596 kB
MemFree:          843804 kB
MemAvailable:    1413936 kB
Buffers:           92628 kB
Cached:           576948 kB
MemTotal:        1844596 kB
MemFree:          844940 kB
MemAvailable:    1415072 kB
Buffers:           92628 kB
Cached:           576948 kB
MemTotal:        1844596 kB
MemFree:          843632 kB
MemAvailable:    1413764 kB
Buffers:           92628 kB
Cached:           576948 kB
MemTotal:        1844596 kB
MemFree:          844976 kB
MemAvailable:    1415108 kB
Buffers:           92628 kB
Cached:           576948 kB
MemTotal:        1844596 kB
MemFree:          843540 kB
MemAvailable:    1413672 kB
Buffers:           92628 kB
Cached:           576948 kB
MemTotal:        1844596 kB
MemFree:          844616 kB
MemAvailable:    1414748 kB
Buffers:           92628 kB
Cached:           576948 kB
MemTotal:        1844596 kB
MemFree:          844952 kB
MemAvailable:    1415084 kB
Buffers:           92628 kB
Cached:           576948 kB
MemTotal:        1844596 kB
MemFree:          843876 kB
MemAvailable:    1414008 kB
Buffers:           92628 kB
Cached:           576948 kB
MemTotal:        1844596 kB
MemFree:          843672 kB
MemAvailable:    1413804 kB
Buffers:           92628 kB
Cached:           576948 kB
MemTotal:        1844596 kB
MemFree:          844900 kB
MemAvailable:    1415032 kB
Buffers:           92628 kB
Cached:           576948 kB
MemTotal:        1844596 kB
MemFree:          845152 kB
MemAvailable:    1415284 kB
Buffers:           92628 kB
Cached:           576948 kB
MemTotal:        1844596 kB
MemFree:          843640 kB
MemAvailable:    1413772 kB
Buffers:           92628 kB
Cached:           576948 kB
MemTotal:        1844596 kB
MemFree:          843632 kB
MemAvailable:    1413764 kB
Buffers:           92628 kB
Cached:           576948 kB
MemTotal:        1844596 kB
MemFree:          843632 kB
MemAvailable:    1413764 kB
Buffers:           92628 kB
Cached:           576948 kB
MemTotal:        1844596 kB
MemFree:          844808 kB
MemAvailable:    1414940 kB
Buffers:           92628 kB
Cached:           576948 kB
MemTotal:        1844596 kB
MemFree:          843756 kB
MemAvailable:    1413888 kB
Buffers:           92628 kB
Cached:           576948 kB
MemTotal:        1844596 kB
MemFree:          844928 kB
MemAvailable:    1415064 kB
Buffers:           92628 kB
Cached:           576952 kB
MemTotal:        1844596 kB
MemFree:          844800 kB
MemAvailable:    1414936 kB
Buffers:           92628 kB
Cached:           576952 kB
MemTotal:        1844596 kB
MemFree:          845116 kB
MemAvailable:    1415256 kB
Buffers:           92628 kB
Cached:           576956 kB
MemTotal:        1844596 kB
MemFree:          844184 kB
MemAvailable:    1414200 kB
Buffers:           92628 kB
Cached:           576956 kB
MemTotal:        1844596 kB
MemFree:          845300 kB
MemAvailable:    1415440 kB
Buffers:           92628 kB
Cached:           576956 kB
MemTotal:        1844596 kB
MemFree:          845292 kB
MemAvailable:    1415432 kB
Buffers:           92628 kB
Cached:           576956 kB
MemTotal:        1844596 kB
MemFree:          843804 kB
MemAvailable:    1413944 kB
Buffers:           92628 kB
Cached:           576956 kB
MemTotal:        1844596 kB
MemFree:          843796 kB
MemAvailable:    1413936 kB
Buffers:           92628 kB
Cached:           576956 kB
MemTotal:        1844596 kB
MemFree:          843920 kB
MemAvailable:    1414060 kB
Buffers:           92628 kB
Cached:           576956 kB
MemTotal:        1844596 kB
MemFree:          843624 kB
MemAvailable:    1413764 kB
Buffers:           92628 kB
Cached:           576956 kB
MemTotal:        1844596 kB
MemFree:          844888 kB
MemAvailable:    1415028 kB
Buffers:           92628 kB
Cached:           576956 kB
MemTotal:        1844596 kB
MemFree:          844888 kB
MemAvailable:    1415028 kB
Buffers:           92628 kB
Cached:           576956 kB
MemTotal:        1844596 kB
MemFree:          844932 kB
MemAvailable:    1415072 kB
Buffers:           92628 kB
Cached:           576956 kB
MemTotal:        1844596 kB
MemFree:          845096 kB
MemAvailable:    1415236 kB
Buffers:           92628 kB
Cached:           576956 kB
MemTotal:        1844596 kB
MemFree:          844984 kB
MemAvailable:    1415124 kB
Buffers:           92628 kB
Cached:           576956 kB
MemTotal:        1844596 kB
MemFree:          844848 kB
MemAvailable:    1414988 kB
Buffers:           92628 kB
Cached:           576956 kB
MemTotal:        1844596 kB
MemFree:          844804 kB
MemAvailable:    1414944 kB
Buffers:           92628 kB
Cached:           576956 kB
MemTotal:        1844596 kB
MemFree:          844968 kB
MemAvailable:    1415108 kB
Buffers:           92628 kB
Cached:           576956 kB
MemTotal:        1844596 kB
MemFree:          844864 kB
MemAvailable:    1415004 kB
Buffers:           92628 kB
Cached:           576956 kB
MemTotal:        1844596 kB
MemFree:          843492 kB
MemAvailable:    1413632 kB
Buffers:           92628 kB
Cached:           576956 kB
MemTotal:        1844596 kB
MemFree:          844960 kB
MemAvailable:    1415100 kB
Buffers:           92628 kB
Cached:           576956 kB
MemTotal:        1844596 kB
MemFree:          843484 kB
MemAvailable:    1413624 kB
Buffers:           92628 kB
Cached:           576956 kB
MemTotal:        1844596 kB
MemFree:          843812 kB
MemAvailable:    1413952 kB
Buffers:           92628 kB
Cached:           576956 kB
MemTotal:        1844596 kB
MemFree:          843812 kB
MemAvailable:    1413952 kB
Buffers:           92628 kB
Cached:           576956 kB
MemTotal:        1844596 kB
MemFree:          843812 kB
MemAvailable:    1413952 kB
Buffers:           92628 kB
Cached:           576956 kB
MemTotal:        1844596 kB
MemFree:          843500 kB
MemAvailable:    1413640 kB
Buffers:           92628 kB
Cached:           576956 kB
MemTotal:        1844596 kB
MemFree:          844852 kB
MemAvailable:    1414992 kB
Buffers:           92628 kB
Cached:           576956 kB
MemTotal:        1844596 kB
MemFree:          843676 kB
MemAvailable:    1413816 kB
Buffers:           92628 kB
Cached:           576956 kB
MemTotal:        1844596 kB
MemFree:          844940 kB
MemAvailable:    1415080 kB
Buffers:           92628 kB
Cached:           576956 kB
MemTotal:        1844596 kB
MemFree:          844976 kB
MemAvailable:    1415116 kB
Buffers:           92628 kB
Cached:           576956 kB
MemTotal:        1844596 kB
MemFree:          844060 kB
MemAvailable:    1414200 kB
Buffers:           92628 kB
Cached:           576956 kB
MemTotal:        1844596 kB
MemFree:          845356 kB
MemAvailable:    1415500 kB
Buffers:           92628 kB
Cached:           576960 kB
MemTotal:        1844596 kB
MemFree:          844912 kB
MemAvailable:    1415056 kB
Buffers:           92628 kB
Cached:           576960 kB
MemTotal:        1844596 kB
MemFree:          843368 kB
MemAvailable:    1413512 kB
Buffers:           92628 kB
Cached:           576960 kB
MemTotal:        1844596 kB
MemFree:          844780 kB
MemAvailable:    1414924 kB
Buffers:           92628 kB
Cached:           576960 kB
MemTotal:        1844596 kB
MemFree:          843664 kB
MemAvailable:    1413808 kB
Buffers:           92628 kB
Cached:           576960 kB
MemTotal:        1844596 kB
MemFree:          844856 kB
MemAvailable:    1415000 kB
Buffers:           92628 kB
Cached:           576960 kB
MemTotal:        1844596 kB
MemFree:          845108 kB
MemAvailable:    1415252 kB
Buffers:           92628 kB
Cached:           576960 kB
MemTotal:        1844596 kB
MemFree:          844920 kB
MemAvailable:    1415064 kB
Buffers:           92628 kB
Cached:           576960 kB
MemTotal:        1844596 kB
MemFree:          845172 kB
MemAvailable:    1415316 kB
Buffers:           92628 kB
Cached:           576960 kB
MemTotal:        1844596 kB
MemFree:          843556 kB
MemAvailable:    1413700 kB
Buffers:           92628 kB
Cached:           576960 kB
MemTotal:        1844596 kB
MemFree:          843640 kB
MemAvailable:    1413784 kB
Buffers:           92628 kB
Cached:           576960 kB
MemTotal:        1844596 kB
MemFree:          843632 kB
MemAvailable:    1413776 kB
Buffers:           92628 kB
Cached:           576960 kB
MemTotal:        1844596 kB
MemFree:          844916 kB
MemAvailable:    1415060 kB
Buffers:           92628 kB
Cached:           576960 kB
MemTotal:        1844596 kB
MemFree:          845040 kB
MemAvailable:    1415184 kB
Buffers:           92628 kB
Cached:           576960 kB
MemTotal:        1844596 kB
MemFree:          844928 kB
MemAvailable:    1415072 kB
Buffers:           92628 kB
Cached:           576960 kB
MemTotal:        1844596 kB
MemFree:          845092 kB
MemAvailable:    1415236 kB
Buffers:           92628 kB
Cached:           576960 kB
MemTotal:        1844596 kB
MemFree:          844864 kB
MemAvailable:    1415008 kB
Buffers:           92628 kB
Cached:           576960 kB
MemTotal:        1844596 kB
MemFree:          844060 kB
MemAvailable:    1414204 kB
Buffers:           92628 kB
Cached:           576960 kB
MemTotal:        1844596 kB
MemFree:          844748 kB
MemAvailable:    1414892 kB
Buffers:           92628 kB
Cached:           576960 kB
MemTotal:        1844596 kB
MemFree:          844808 kB
MemAvailable:    1414952 kB
Buffers:           92628 kB
Cached:           576960 kB
MemTotal:        1844596 kB
MemFree:          845100 kB
MemAvailable:    1415244 kB
Buffers:           92628 kB
Cached:           576960 kB
MemTotal:        1844596 kB
MemFree:          844788 kB
MemAvailable:    1414932 kB
Buffers:           92628 kB
Cached:           576960 kB
MemTotal:        1844596 kB
MemFree:          844788 kB
MemAvailable:    1414932 kB
Buffers:           92628 kB
Cached:           576960 kB
MemTotal:        1844596 kB
MemFree:          844968 kB
MemAvailable:    1415112 kB
Buffers:           92628 kB
Cached:           576960 kB
MemTotal:        1844596 kB
MemFree:          844060 kB
MemAvailable:    1414204 kB
Buffers:           92628 kB
Cached:           576960 kB
MemTotal:        1844596 kB
MemFree:          844784 kB
MemAvailable:    1414928 kB
Buffers:           92628 kB
Cached:           576960 kB
MemTotal:        1844596 kB
MemFree:          845040 kB
MemAvailable:    1415184 kB
Buffers:           92628 kB
Cached:           576960 kB
MemTotal:        1844596 kB
MemFree:          844796 kB
MemAvailable:    1414940 kB
Buffers:           92628 kB
Cached:           576960 kB
MemTotal:        1844596 kB
MemFree:          849716 kB
MemAvailable:    1419860 kB
Buffers:           92628 kB
Cached:           576960 kB
MemTotal:        1844596 kB
MemFree:          849632 kB
MemAvailable:    1419776 kB
Buffers:           92628 kB
Cached:           576960 kB
MemTotal:        1844596 kB
MemFree:          849236 kB
MemAvailable:    1419380 kB
Buffers:           92628 kB
Cached:           576960 kB
MemTotal:        1844596 kB
MemFree:          848648 kB
MemAvailable:    1418792 kB
Buffers:           92628 kB
Cached:           576960 kB
MemTotal:        1844596 kB
MemFree:          849148 kB
MemAvailable:    1419292 kB
Buffers:           92628 kB
Cached:           576960 kB
MemTotal:        1844596 kB
MemFree:          847884 kB
MemAvailable:    1418028 kB
Buffers:           92628 kB
Cached:           576960 kB
MemTotal:        1844596 kB
MemFree:          849200 kB
MemAvailable:    1419344 kB
Buffers:           92628 kB
Cached:           576960 kB
MemTotal:        1844596 kB
MemFree:          847872 kB
MemAvailable:    1418016 kB
Buffers:           92628 kB
Cached:           576960 kB
MemTotal:        1844596 kB
MemFree:          849440 kB
MemAvailable:    1419584 kB
Buffers:           92628 kB
Cached:           576960 kB
MemTotal:        1844596 kB
MemFree:          849132 kB
MemAvailable:    1419276 kB
Buffers:           92628 kB
Cached:           576960 kB
MemTotal:        1844596 kB
MemFree:          849268 kB
MemAvailable:    1419412 kB
Buffers:           92628 kB
Cached:           576960 kB
MemTotal:        1844596 kB
MemFree:          849392 kB
MemAvailable:    1419536 kB
Buffers:           92628 kB
Cached:           576960 kB
MemTotal:        1844596 kB
MemFree:          849024 kB
MemAvailable:    1419168 kB
Buffers:           92628 kB
Cached:           576960 kB
MemTotal:        1844596 kB
MemFree:          849040 kB
MemAvailable:    1419188 kB
Buffers:           92628 kB
Cached:           576964 kB
MemTotal:        1844596 kB
MemFree:          848400 kB
MemAvailable:    1418548 kB
Buffers:           92628 kB
Cached:           576964 kB
MemTotal:        1844596 kB
MemFree:          849132 kB
MemAvailable:    1419280 kB
Buffers:           92628 kB
Cached:           576964 kB
MemTotal:        1844596 kB
MemFree:          847844 kB
MemAvailable:    1417992 kB
Buffers:           92628 kB
Cached:           576964 kB
MemTotal:        1844596 kB
MemFree:          848940 kB
MemAvailable:    1419088 kB
Buffers:           92628 kB
Cached:           576964 kB
MemTotal:        1844596 kB
MemFree:          849192 kB
MemAvailable:    1419340 kB
Buffers:           92628 kB
Cached:           576964 kB
MemTotal:        1844596 kB
MemFree:          849184 kB
MemAvailable:    1419332 kB
Buffers:           92628 kB
Cached:           576964 kB
MemTotal:        1844596 kB
MemFree:          847752 kB
MemAvailable:    1417900 kB
Buffers:           92628 kB
Cached:           576964 kB
MemTotal:        1844596 kB
MemFree:          848888 kB
MemAvailable:    1419036 kB
Buffers:           92628 kB
Cached:           576964 kB
MemTotal:        1844596 kB
MemFree:          846352 kB
MemAvailable:    1416500 kB
Buffers:           92628 kB
Cached:           576964 kB
MemTotal:        1844596 kB
MemFree:          846220 kB
MemAvailable:    1416368 kB
Buffers:           92628 kB
Cached:           576964 kB
MemTotal:        1844596 kB
MemFree:          844788 kB
MemAvailable:    1414936 kB
Buffers:           92628 kB
Cached:           576964 kB
MemTotal:        1844596 kB
MemFree:          846040 kB
MemAvailable:    1416188 kB
Buffers:           92628 kB
Cached:           576964 kB
MemTotal:        1844596 kB
MemFree:          845612 kB
MemAvailable:    1415760 kB
Buffers:           92628 kB
Cached:           576964 kB
MemTotal:        1844596 kB
MemFree:          845220 kB
MemAvailable:    1415368 kB
Buffers:           92628 kB
Cached:           576964 kB
MemTotal:        1844596 kB
MemFree:          844300 kB
MemAvailable:    1414448 kB
Buffers:           92628 kB
Cached:           576964 kB
MemTotal:        1844596 kB
MemFree:          845500 kB
MemAvailable:    1415648 kB
Buffers:           92628 kB
Cached:           576964 kB
MemTotal:        1844596 kB
MemFree:          845400 kB
MemAvailable:    1415548 kB
Buffers:           92628 kB
Cached:           576964 kB
MemTotal:        1844596 kB
MemFree:          844120 kB
MemAvailable:    1414268 kB
Buffers:           92628 kB
Cached:           576964 kB
MemTotal:        1844596 kB
MemFree:          845292 kB
MemAvailable:    1415440 kB
Buffers:           92628 kB
Cached:           576964 kB
MemTotal:        1844596 kB
MemFree:          845208 kB
MemAvailable:    1415356 kB
Buffers:           92628 kB
Cached:           576964 kB
MemTotal:        1844596 kB
MemFree:          844060 kB
MemAvailable:    1414208 kB
Buffers:           92628 kB
Cached:           576964 kB
MemTotal:        1844596 kB
MemFree:          844800 kB
MemAvailable:    1414948 kB
Buffers:           92628 kB
Cached:           576964 kB
MemTotal:        1844596 kB
MemFree:          845012 kB
MemAvailable:    1415160 kB
Buffers:           92628 kB
Cached:           576964 kB
MemTotal:        1844596 kB
MemFree:          844900 kB
MemAvailable:    1415048 kB
Buffers:           92628 kB
Cached:           576964 kB
MemTotal:        1844596 kB
MemFree:          843404 kB
MemAvailable:    1413552 kB
Buffers:           92628 kB
Cached:           576964 kB
MemTotal:        1844596 kB
MemFree:          843536 kB
MemAvailable:    1413684 kB
Buffers:           92628 kB
Cached:           576964 kB
MemTotal:        1844596 kB
MemFree:          843440 kB
MemAvailable:    1413588 kB
Buffers:           92628 kB
Cached:           576964 kB
MemTotal:        1844596 kB
MemFree:          844416 kB
MemAvailable:    1414564 kB
Buffers:           92628 kB
Cached:           576964 kB
MemTotal:        1844596 kB
MemFree:          844416 kB
MemAvailable:    1414564 kB
Buffers:           92628 kB
Cached:           576964 kB
MemTotal:        1844596 kB
MemFree:          844384 kB
MemAvailable:    1414532 kB
Buffers:           92628 kB
Cached:           576964 kB
MemTotal:        1844596 kB
MemFree:          844536 kB
MemAvailable:    1414684 kB
Buffers:           92628 kB
Cached:           576964 kB
MemTotal:        1844596 kB
MemFree:          844372 kB
MemAvailable:    1414520 kB
Buffers:           92628 kB
Cached:           576964 kB
MemTotal:        1844596 kB
MemFree:          844624 kB
MemAvailable:    1414772 kB
Buffers:           92628 kB
Cached:           576964 kB
MemTotal:        1844596 kB
MemFree:          844444 kB
MemAvailable:    1414592 kB
Buffers:           92628 kB
Cached:           576964 kB
MemTotal:        1844596 kB
MemFree:          844608 kB
MemAvailable:    1414756 kB
Buffers:           92628 kB
Cached:           576964 kB
MemTotal:        1844596 kB
MemFree:          843300 kB
MemAvailable:    1413448 kB
Buffers:           92628 kB
Cached:           576964 kB
MemTotal:        1844596 kB
MemFree:          844392 kB
MemAvailable:    1414540 kB
Buffers:           92628 kB
Cached:           576964 kB
MemTotal:        1844596 kB
MemFree:          844492 kB
MemAvailable:    1414640 kB
Buffers:           92628 kB
Cached:           576964 kB
MemTotal:        1844596 kB
MemFree:          843680 kB
MemAvailable:    1413828 kB
Buffers:           92628 kB
Cached:           576964 kB
MemTotal:        1844596 kB
MemFree:          843040 kB
MemAvailable:    1413188 kB
Buffers:           92628 kB
Cached:           576964 kB
MemTotal:        1844596 kB
MemFree:          843164 kB
MemAvailable:    1413312 kB
Buffers:           92628 kB
Cached:           576964 kB
MemTotal:        1844596 kB
MemFree:          844404 kB
MemAvailable:    1414552 kB
Buffers:           92628 kB
Cached:           576964 kB
MemTotal:        1844596 kB
MemFree:          844292 kB
MemAvailable:    1414440 kB
Buffers:           92628 kB
Cached:           576964 kB
MemTotal:        1844596 kB
MemFree:          842864 kB
MemAvailable:    1413012 kB
Buffers:           92628 kB
Cached:           576964 kB
MemTotal:        1844596 kB
MemFree:          844120 kB
MemAvailable:    1414268 kB
Buffers:           92628 kB
Cached:           576964 kB
MemTotal:        1844596 kB
MemFree:          843796 kB
MemAvailable:    1413944 kB
Buffers:           92628 kB
Cached:           576964 kB
MemTotal:        1844596 kB
MemFree:          842428 kB
MemAvailable:    1412576 kB
Buffers:           92628 kB
Cached:           576964 kB
MemTotal:        1844596 kB
MemFree:          843848 kB
MemAvailable:    1413996 kB
Buffers:           92628 kB
Cached:           576964 kB
MemTotal:        1844596 kB
MemFree:          843596 kB
MemAvailable:    1413744 kB
Buffers:           92628 kB
Cached:           576964 kB
MemTotal:        1844596 kB
MemFree:          842164 kB
MemAvailable:    1412312 kB
Buffers:           92628 kB
Cached:           576964 kB
MemTotal:        1844596 kB
MemFree:          843464 kB
MemAvailable:    1413612 kB
Buffers:           92628 kB
Cached:           576964 kB
MemTotal:        1844596 kB
MemFree:          842448 kB
MemAvailable:    1412596 kB
Buffers:           92628 kB
Cached:           576964 kB
MemTotal:        1844596 kB
MemFree:          843260 kB
MemAvailable:    1413408 kB
Buffers:           92628 kB
Cached:           576964 kB
MemTotal:        1844596 kB
MemFree:          843128 kB
MemAvailable:    1413276 kB
Buffers:           92628 kB
Cached:           576964 kB
MemTotal:        1844596 kB
MemFree:          841800 kB
MemAvailable:    1411948 kB
Buffers:           92628 kB
Cached:           576964 kB
MemTotal:        1844596 kB
MemFree:          841660 kB
MemAvailable:    1411808 kB
Buffers:           92628 kB
Cached:           576964 kB
MemTotal:        1844596 kB
MemFree:          842804 kB
MemAvailable:    1412952 kB
Buffers:           92628 kB
Cached:           576964 kB
MemTotal:        1844596 kB
MemFree:          842448 kB
MemAvailable:    1412596 kB
Buffers:           92628 kB
Cached:           576964 kB
MemTotal:        1844596 kB
MemFree:          842700 kB
MemAvailable:    1412848 kB
Buffers:           92628 kB
Cached:           576964 kB
MemTotal:        1844596 kB
MemFree:          842500 kB
MemAvailable:    1412648 kB
Buffers:           92628 kB
Cached:           576964 kB
MemTotal:        1844596 kB
MemFree:          842076 kB
MemAvailable:    1412224 kB
Buffers:           92628 kB
Cached:           576964 kB
MemTotal:        1844596 kB
MemFree:          842452 kB
MemAvailable:    1412600 kB
Buffers:           92628 kB
Cached:           576964 kB
MemTotal:        1844596 kB
MemFree:          842384 kB
MemAvailable:    1412532 kB
Buffers:           92628 kB
Cached:           576964 kB
MemTotal:        1844596 kB
MemFree:          842188 kB
MemAvailable:    1412336 kB
Buffers:           92628 kB
Cached:           576964 kB
MemTotal:        1844596 kB
MemFree:          841012 kB
MemAvailable:    1411160 kB
Buffers:           92628 kB
Cached:           576964 kB
MemTotal:        1844596 kB
MemFree:          841864 kB
MemAvailable:    1412012 kB
Buffers:           92628 kB
Cached:           576964 kB
MemTotal:        1844596 kB
MemFree:          842116 kB
MemAvailable:    1412264 kB
Buffers:           92628 kB
Cached:           576964 kB
MemTotal:        1844596 kB
MemFree:          841988 kB
MemAvailable:    1412136 kB
Buffers:           92628 kB
Cached:           576964 kB
MemTotal:        1844596 kB
MemFree:          841960 kB
MemAvailable:    1412108 kB
Buffers:           92628 kB
Cached:           576964 kB
MemTotal:        1844596 kB
MemFree:          840788 kB
MemAvailable:    1410944 kB
Buffers:           92628 kB
Cached:           576972 kB
MemTotal:        1844596 kB
MemFree:          840788 kB
MemAvailable:    1410944 kB
Buffers:           92628 kB
Cached:           576972 kB
MemTotal:        1844596 kB
MemFree:          841080 kB
MemAvailable:    1411236 kB
Buffers:           92628 kB
Cached:           576972 kB
MemTotal:        1844596 kB
MemFree:          842340 kB
MemAvailable:    1412496 kB
Buffers:           92628 kB
Cached:           576972 kB
MemTotal:        1844596 kB
MemFree:          840904 kB
MemAvailable:    1411060 kB
Buffers:           92628 kB
Cached:           576972 kB
MemTotal:        1844596 kB
MemFree:          842184 kB
MemAvailable:    1412340 kB
Buffers:           92628 kB
Cached:           576972 kB
MemTotal:        1844596 kB
MemFree:          841060 kB
MemAvailable:    1411216 kB
Buffers:           92628 kB
Cached:           576972 kB
MemTotal:        1844596 kB
MemFree:          841020 kB
MemAvailable:    1411176 kB
Buffers:           92628 kB
Cached:           576972 kB
MemTotal:        1844596 kB
MemFree:          840896 kB
MemAvailable:    1411052 kB
Buffers:           92628 kB
Cached:           576972 kB
MemTotal:        1844596 kB
MemFree:          842128 kB
MemAvailable:    1412284 kB
Buffers:           92628 kB
Cached:           576972 kB
MemTotal:        1844596 kB
MemFree:          841992 kB
MemAvailable:    1412148 kB
Buffers:           92628 kB
Cached:           576972 kB
MemTotal:        1844596 kB
MemFree:          841952 kB
MemAvailable:    1412108 kB
Buffers:           92628 kB
Cached:           576972 kB
MemTotal:        1844596 kB
MemFree:          840896 kB
MemAvailable:    1411052 kB
Buffers:           92628 kB
Cached:           576972 kB
MemTotal:        1844596 kB
MemFree:          840904 kB
MemAvailable:    1411060 kB
Buffers:           92628 kB
Cached:           576972 kB
MemTotal:        1844596 kB
MemFree:          842048 kB
MemAvailable:    1412204 kB
Buffers:           92628 kB
Cached:           576972 kB
MemTotal:        1844596 kB
MemFree:          842300 kB
MemAvailable:    1412456 kB
Buffers:           92628 kB
Cached:           576972 kB
MemTotal:        1844596 kB
MemFree:          840948 kB
MemAvailable:    1411104 kB
Buffers:           92628 kB
Cached:           576972 kB
MemTotal:        1844596 kB
MemFree:          842248 kB
MemAvailable:    1412404 kB
Buffers:           92628 kB
Cached:           576972 kB
MemTotal:        1844596 kB
MemFree:          840816 kB
MemAvailable:    1410972 kB
Buffers:           92628 kB
Cached:           576972 kB
MemTotal:        1844596 kB
MemFree:          842000 kB
MemAvailable:    1412156 kB
Buffers:           92628 kB
Cached:           576972 kB
MemTotal:        1844596 kB
MemFree:          842252 kB
MemAvailable:    1412408 kB
Buffers:           92628 kB
Cached:           576972 kB
MemTotal:        1844596 kB
MemFree:          842188 kB
MemAvailable:    1412344 kB
Buffers:           92628 kB
Cached:           576972 kB
MemTotal:        1844596 kB
MemFree:          842200 kB
MemAvailable:    1412356 kB
Buffers:           92628 kB
Cached:           576972 kB
MemTotal:        1844596 kB
MemFree:          842060 kB
MemAvailable:    1412216 kB
Buffers:           92628 kB
Cached:           576972 kB
MemTotal:        1844596 kB
MemFree:          842060 kB
MemAvailable:    1412216 kB
Buffers:           92628 kB
Cached:           576972 kB
MemTotal:        1844596 kB
MemFree:          842052 kB
MemAvailable:    1412208 kB
Buffers:           92628 kB
Cached:           576972 kB
MemTotal:        1844596 kB
MemFree:          842304 kB
MemAvailable:    1412460 kB
Buffers:           92628 kB
Cached:           576972 kB
MemTotal:        1844596 kB
MemFree:          842240 kB
MemAvailable:    1412396 kB
Buffers:           92628 kB
Cached:           576972 kB
MemTotal:        1844596 kB
MemFree:          840900 kB
MemAvailable:    1411056 kB
Buffers:           92628 kB
Cached:           576972 kB
MemTotal:        1844596 kB
MemFree:          842176 kB
MemAvailable:    1412332 kB
Buffers:           92628 kB
Cached:           576972 kB
MemTotal:        1844596 kB
MemFree:          840928 kB
MemAvailable:    1411084 kB
Buffers:           92628 kB
Cached:           576972 kB
MemTotal:        1844596 kB
MemFree:          842188 kB
MemAvailable:    1412344 kB
Buffers:           92628 kB
Cached:           576972 kB
MemTotal:        1844596 kB
MemFree:          842100 kB
MemAvailable:    1412256 kB
Buffers:           92628 kB
Cached:           576972 kB
MemTotal:        1844596 kB
MemFree:          841888 kB
MemAvailable:    1412044 kB
Buffers:           92628 kB
Cached:           576972 kB
MemTotal:        1844596 kB
MemFree:          842216 kB
MemAvailable:    1412372 kB
Buffers:           92628 kB
Cached:           576972 kB
MemTotal:        1844596 kB
MemFree:          841200 kB
MemAvailable:    1411356 kB
Buffers:           92628 kB
Cached:           576972 kB
MemTotal:        1844596 kB
MemFree:          842388 kB
MemAvailable:    1412544 kB
Buffers:           92628 kB
Cached:           576972 kB
MemTotal:        1844596 kB
MemFree:          840944 kB
MemAvailable:    1411100 kB
Buffers:           92628 kB
Cached:           576972 kB
MemTotal:        1844596 kB
MemFree:          842088 kB
MemAvailable:    1412244 kB
Buffers:           92628 kB
Cached:           576972 kB
MemTotal:        1844596 kB
MemFree:          841828 kB
MemAvailable:    1411984 kB
Buffers:           92628 kB
Cached:           576972 kB
MemTotal:        1844596 kB
MemFree:          840816 kB
MemAvailable:    1410972 kB
Buffers:           92628 kB
Cached:           576972 kB
MemTotal:        1844596 kB
MemFree:          842248 kB
MemAvailable:    1412404 kB
Buffers:           92628 kB
Cached:           576972 kB
MemTotal:        1844596 kB
MemFree:          842344 kB
MemAvailable:    1412500 kB
Buffers:           92628 kB
Cached:           576972 kB
MemTotal:        1844596 kB
