MemTotal:        1844596 kB
MemFree:          997320 kB
MemAvailable:    1529372 kB
Buffers:           92448 kB
Cached:           539164 kB
MemTotal:        1844596 kB
MemFree:          997060 kB
MemAvailable:    1529112 kB
Buffers:           92448 kB
Cached:           539164 kB
MemTotal:        1844596 kB
MemFree:          996324 kB
MemAvailable:    1528376 kB
Buffers:           92448 kB
Cached:           539164 kB
MemTotal:        1844596 kB
MemFree:          993528 kB
MemAvailable:    1525580 kB
Buffers:           92448 kB
Cached:           539164 kB
MemTotal:        1844596 kB
MemFree:          993420 kB
MemAvailable:    1525472 kB
Buffers:           92448 kB
Cached:           539164 kB
MemTotal:        1844596 kB
MemFree:          993416 kB
MemAvailable:    1525468 kB
Buffers:           92448 kB
Cached:           539164 kB
MemTotal:        1844596 kB
MemFree:          992896 kB
MemAvailable:    1524948 kB
Buffers:           92448 kB
Cached:           539164 kB
MemTotal:        1844596 kB
MemFree:          990568 kB
MemAvailable:    1522620 kB
Buffers:           92448 kB
Cached:           539164 kB
MemTotal:        1844596 kB
MemFree:          987452 kB
MemAvailable:    1519504 kB
Buffers:           92448 kB
Cached:           539164 kB
MemTotal:        1844596 kB
MemFree:          987460 kB
MemAvailable:    1519512 kB
Buffers:           92448 kB
Cached:           539164 kB
MemTotal:        1844596 kB
MemFree:          982584 kB
MemAvailable:    1514640 kB
Buffers:           92448 kB
Cached:           539168 kB
MemTotal:        1844596 kB
MemFree:          983732 kB
MemAvailable:    1515788 kB
Buffers:           92448 kB
Cached:           539168 kB
MemTotal:        1844596 kB
MemFree:          984932 kB
MemAvailable:    1516988 kB
Buffers:           92448 kB
Cached:           539168 kB
MemTotal:        1844596 kB
MemFree:          985084 kB
MemAvailable:    1517140 kB
Buffers:           92448 kB
Cached:           539168 kB
MemTotal:        1844596 kB
MemFree:          984784 kB
MemAvailable:    1516840 kB
Buffers:           92448 kB
Cached:           539168 kB
MemTotal:        1844596 kB
MemFree:          984724 kB
MemAvailable:    1516780 kB
Buffers:           92448 kB
Cached:           539168 kB
MemTotal:        1844596 kB
MemFree:          984792 kB
MemAvailable:    1516848 kB
Buffers:           92448 kB
Cached:           539168 kB
MemTotal:        1844596 kB
MemFree:          984608 kB
MemAvailable:    1516664 kB
Buffers:           92448 kB
Cached:           539168 kB
MemTotal:        1844596 kB
MemFree:          983368 kB
MemAvailable:    1515424 kB
Buffers:           92448 kB
Cached:           539168 kB
MemTotal:        1844596 kB
MemFree:          983112 kB
MemAvailable:    1515168 kB
Buffers:           92448 kB
Cached:           539168 kB
MemTotal:        1844596 kB
MemFree:          982476 kB
MemAvailable:    1514532 kB
Buffers:           92448 kB
Cached:           539168 kB
MemTotal:        1844596 kB
MemFree:          982812 kB
MemAvailable:    1514868 kB
Buffers:           92448 kB
Cached:           539168 kB
MemTotal:        1844596 kB
MemFree:          982544 kB
MemAvailable:    1514600 kB
Buffers:           92448 kB
Cached:           539168 kB
MemTotal:        1844596 kB
MemFree:          982336 kB
MemAvailable:    1514392 kB
Buffers:           92448 kB
Cached:           539168 kB
MemTotal:        1844596 kB
MemFree:          982672 kB
MemAvailable:    1514728 kB
Buffers:           92448 kB
Cached:           539168 kB
MemTotal:        1844596 kB
MemFree:          982212 kB
MemAvailable:    1514268 kB
Buffers:           92448 kB
Cached:           539168 kB
MemTotal:        1844596 kB
MemFree:          982548 kB
MemAvailable:    1514604 kB
Buffers:           92448 kB
Cached:           539168 kB
MemTotal:        1844596 kB
MemFree:          982356 kB
MemAvailable:    1514412 kB
Buffers:           92448 kB
Cached:           539168 kB
MemTotal:        1844596 kB
MemFree:          981092 kB
MemAvailable:    1513148 kB
Buffers:           92448 kB
Cached:           539168 kB
MemTotal:        1844596 kB
MemFree:          982332 kB
MemAvailable:    1514388 kB
Buffers:           92448 kB
Cached:           539168 kB
MemTotal:        1844596 kB
MemFree:          981128 kB
MemAvailable:    1513184 kB
Buffers:           92448 kB
Cached:           539168 kB
MemTotal:        1844596 kB
MemFree:          981196 kB
MemAvailable:    1513252 kB
Buffers:           92448 kB
Cached:           539168 kB
MemTotal:        1844596 kB
MemFree:          976920 kB
MemAvailable:    1508976 kB
Buffers:           92448 kB
Cached:           539168 kB
MemTotal:        1844596 kB
MemFree:          977780 kB
MemAvailable:    1509836 kB
Buffers:           92448 kB
Cached:           539168 kB
MemTotal:        1844596 kB
MemFree:          977584 kB
MemAvailable:    1509640 kB
Buffers:           92448 kB
Cached:           539168 kB
MemTotal:        1844596 kB
MemFree:          977260 kB
MemAvailable:    1509316 kB
Buffers:           92448 kB
Cached:           539168 kB
MemTotal:        1844596 kB
MemFree:          977596 kB
MemAvailable:    1509652 kB
Buffers:           92448 kB
Cached:           539168 kB
MemTotal:        1844596 kB
MemFree:          977412 kB
MemAvailable:    1509468 kB
Buffers:           92448 kB
Cached:           539168 kB
MemTotal:        1844596 kB
MemFree:          977576 kB
MemAvailable:    1509632 kB
Buffers:           92448 kB
Cached:           539168 kB
MemTotal:        1844596 kB
MemFree:          976920 kB
MemAvailable:    1508976 kB
Buffers:           92448 kB
Cached:           539168 kB
MemTotal:        1844596 kB
MemFree:          975680 kB
MemAvailable:    1507736 kB
Buffers:           92448 kB
Cached:           539168 kB
MemTotal:        1844596 kB
MemFree:          976600 kB
MemAvailable:    1508656 kB
Buffers:           92448 kB
Cached:           539168 kB
MemTotal:        1844596 kB
MemFree:          976672 kB
MemAvailable:    1508728 kB
Buffers:           92448 kB
Cached:           539168 kB
MemTotal:        1844596 kB
MemFree:          976376 kB
MemAvailable:    1508432 kB
Buffers:           92448 kB
Cached:           539168 kB
MemTotal:        1844596 kB
MemFree:          976412 kB
MemAvailable:    1508468 kB
Buffers:           92448 kB
Cached:           539168 kB
MemTotal:        1844596 kB
MemFree:          976636 kB
MemAvailable:    1508692 kB
Buffers:           92448 kB
Cached:           539168 kB
MemTotal:        1844596 kB
MemFree:          974936 kB
MemAvailable:    1506992 kB
Buffers:           92448 kB
Cached:           539168 kB
MemTotal:        1844596 kB
MemFree:          976240 kB
MemAvailable:    1508296 kB
Buffers:           92448 kB
Cached:           539168 kB
MemTotal:        1844596 kB
MemFree:          976112 kB
MemAvailable:    1508168 kB
Buffers:           92448 kB
Cached:           539168 kB
MemTotal:        1844596 kB
MemFree:          974552 kB
MemAvailable:    1506608 kB
Buffers:           92448 kB
Cached:           539168 kB
MemTotal:        1844596 kB
MemFree:          975844 kB
MemAvailable:    1507900 kB
Buffers:           92448 kB
Cached:           539168 kB
MemTotal:        1844596 kB
MemFree:          974424 kB
MemAvailable:    1506480 kB
Buffers:           92448 kB
Cached:           539168 kB
MemTotal:        1844596 kB
MemFree:          974500 kB
MemAvailable:    1506556 kB
Buffers:           92448 kB
Cached:           539168 kB
MemTotal:        1844596 kB
MemFree:          975608 kB
MemAvailable:    1507664 kB
Buffers:           92448 kB
Cached:           539168 kB
MemTotal:        1844596 kB
MemFree:          974384 kB
MemAvailable:    1506440 kB
Buffers:           92448 kB
Cached:           539168 kB
MemTotal:        1844596 kB
MemFree:          974500 kB
MemAvailable:    1506556 kB
Buffers:           92448 kB
Cached:           539168 kB
MemTotal:        1844596 kB
MemFree:          974624 kB
MemAvailable:    1506680 kB
Buffers:           92448 kB
Cached:           539168 kB
MemTotal:        1844596 kB
MemFree:          974624 kB
MemAvailable:    1506680 kB
Buffers:           92448 kB
Cached:           539168 kB
MemTotal:        1844596 kB
MemFree:          975924 kB
MemAvailable:    1507980 kB
Buffers:           92448 kB
Cached:           539168 kB
MemTotal:        1844596 kB
MemFree:          973928 kB
MemAvailable:    1505984 kB
Buffers:           92448 kB
Cached:           539168 kB
MemTotal:        1844596 kB
MemFree:          973820 kB
MemAvailable:    1505876 kB
Buffers:           92448 kB
Cached:           539168 kB
MemTotal:        1844596 kB
MemFree:          969772 kB
MemAvailable:    1501828 kB
Buffers:           92448 kB
Cached:           539168 kB
MemTotal:        1844596 kB
MemFree:          969540 kB
MemAvailable:    1501596 kB
Buffers:           92448 kB
Cached:           539168 kB
MemTotal:        1844596 kB
MemFree:          969540 kB
MemAvailable:    1501596 kB
Buffers:           92448 kB
Cached:           539168 kB
MemTotal:        1844596 kB
MemFree:          969596 kB
MemAvailable:    1501652 kB
Buffers:           92448 kB
Cached:           539168 kB
MemTotal:        1844596 kB
MemFree:          968960 kB
MemAvailable:    1501016 kB
Buffers:           92448 kB
Cached:           539168 kB
MemTotal:        1844596 kB
MemFree:          968108 kB
MemAvailable:    1500164 kB
Buffers:           92448 kB
Cached:           539168 kB
MemTotal:        1844596 kB
MemFree:          968772 kB
MemAvailable:    1500828 kB
Buffers:           92448 kB
Cached:           539168 kB
MemTotal:        1844596 kB
MemFree:          967744 kB
MemAvailable:    1499800 kB
Buffers:           92448 kB
Cached:           539168 kB
MemTotal:        1844596 kB
MemFree:          968592 kB
MemAvailable:    1500648 kB
Buffers:           92448 kB
Cached:           539168 kB
MemTotal:        1844596 kB
MemFree:          968620 kB
MemAvailable:    1500676 kB
Buffers:           92448 kB
Cached:           539168 kB
MemTotal:        1844596 kB
MemFree:          968100 kB
MemAvailable:    1500156 kB
Buffers:           92448 kB
Cached:           539168 kB
MemTotal:        1844596 kB
MemFree:          967992 kB
MemAvailable:    1500048 kB
Buffers:           92448 kB
Cached:           539168 kB
MemTotal:        1844596 kB
MemFree:          967812 kB
MemAvailable:    1499868 kB
Buffers:           92448 kB
Cached:           539168 kB
MemTotal:        1844596 kB
MemFree:          966564 kB
MemAvailable:    1498620 kB
Buffers:           92448 kB
Cached:           539168 kB
MemTotal:        1844596 kB
MemFree:          967232 kB
MemAvailable:    1499288 kB
Buffers:           92448 kB
Cached:           539168 kB
MemTotal:        1844596 kB
MemFree:          967232 kB
MemAvailable:    1499288 kB
Buffers:           92448 kB
Cached:           539168 kB
MemTotal:        1844596 kB
MemFree:          966504 kB
MemAvailable:    1498560 kB
Buffers:           92448 kB
Cached:           539168 kB
MemTotal:        1844596 kB
MemFree:          966308 kB
MemAvailable:    1498364 kB
Buffers:           92448 kB
Cached:           539168 kB
MemTotal:        1844596 kB
MemFree:          965936 kB
MemAvailable:    1497992 kB
Buffers:           92448 kB
Cached:           539168 kB
MemTotal:        1844596 kB
MemFree:          965388 kB
MemAvailable:    1497444 kB
Buffers:           92448 kB
Cached:           539168 kB
MemTotal:        1844596 kB
MemFree:          966216 kB
MemAvailable:    1498272 kB
Buffers:           92448 kB
Cached:           539168 kB
MemTotal:        1844596 kB
MemFree:          966008 kB
MemAvailable:    1498064 kB
Buffers:           92448 kB
Cached:           539168 kB
MemTotal:        1844596 kB
MemFree:          964992 kB
MemAvailable:    1497048 kB
Buffers:           92448 kB
Cached:           539168 kB
MemTotal:        1844596 kB
MemFree:          965868 kB
MemAvailable:    1497932 kB
Buffers:           92448 kB
Cached:           539176 kB
MemTotal:        1844596 kB
MemFree:          966204 kB
MemAvailable:    1498268 kB
Buffers:           92448 kB
Cached:           539176 kB
MemTotal:        1844596 kB
MemFree:          965988 kB
MemAvailable:    1498052 kB
Buffers:           92448 kB
Cached:           539176 kB
MemTotal:        1844596 kB
MemFree:          966324 kB
MemAvailable:    1498388 kB
Buffers:           92448 kB
Cached:           539176 kB
MemTotal:        1844596 kB
MemFree:          966152 kB
MemAvailable:    1498224 kB
Buffers:           92448 kB
Cached:           539180 kB
MemTotal:        1844596 kB
MemFree:          966216 kB
MemAvailable:    1498288 kB
Buffers:           92448 kB
Cached:           539180 kB
MemTotal:        1844596 kB
MemFree:          965928 kB
MemAvailable:    1498000 kB
Buffers:           92448 kB
Cached:           539180 kB
MemTotal:        1844596 kB
MemFree:          966124 kB
MemAvailable:    1498196 kB
Buffers:           92448 kB
Cached:           539180 kB
MemTotal:        1844596 kB
MemFree:          965372 kB
MemAvailable:    1497444 kB
Buffers:           92448 kB
Cached:           539180 kB
MemTotal:        1844596 kB
MemFree:          965372 kB
MemAvailable:    1497444 kB
Buffers:           92448 kB
Cached:           539180 kB
MemTotal:        1844596 kB
MemFree:          963960 kB
MemAvailable:    1496032 kB
Buffers:           92448 kB
Cached:           539180 kB
MemTotal:        1844596 kB
MemFree:          964752 kB
MemAvailable:    1496824 kB
Buffers:           92448 kB
Cached:           539180 kB
MemTotal:        1844596 kB
MemFree:          964752 kB
MemAvailable:    1496824 kB
Buffers:           92448 kB
Cached:           539180 kB
MemTotal:        1844596 kB
MemFree:          964432 kB
MemAvailable:    1496504 kB
Buffers:           92448 kB
Cached:           539180 kB
MemTotal:        1844596 kB
MemFree:          963132 kB
MemAvailable:    1495204 kB
Buffers:           92448 kB
Cached:           539180 kB
MemTotal:        1844596 kB
MemFree:          964308 kB
MemAvailable:    1496380 kB
Buffers:           92448 kB
Cached:           539180 kB
MemTotal:        1844596 kB
MemFree:          963388 kB
MemAvailable:    1495460 kB
Buffers:           92448 kB
Cached:           539180 kB
MemTotal:        1844596 kB
MemFree:          963724 kB
MemAvailable:    1495796 kB
Buffers:           92448 kB
Cached:           539180 kB
MemTotal:        1844596 kB
MemFree:          962272 kB
MemAvailable:    1494344 kB
Buffers:           92448 kB
Cached:           539180 kB
MemTotal:        1844596 kB
MemFree:          963520 kB
MemAvailable:    1495592 kB
Buffers:           92448 kB
Cached:           539180 kB
MemTotal:        1844596 kB
MemFree:          963400 kB
MemAvailable:    1495472 kB
Buffers:           92448 kB
Cached:           539180 kB
MemTotal:        1844596 kB
MemFree:          962288 kB
MemAvailable:    1494360 kB
Buffers:           92448 kB
Cached:           539180 kB
MemTotal:        1844596 kB
MemFree:          963612 kB
MemAvailable:    1495684 kB
Buffers:           92448 kB
Cached:           539180 kB
MemTotal:        1844596 kB
MemFree:          963508 kB
MemAvailable:    1495580 kB
Buffers:           92448 kB
Cached:           539180 kB
MemTotal:        1844596 kB
MemFree:          962884 kB
MemAvailable:    1494956 kB
Buffers:           92448 kB
Cached:           539180 kB
MemTotal:        1844596 kB
MemFree:          962660 kB
MemAvailable:    1494732 kB
Buffers:           92448 kB
Cached:           539180 kB
MemTotal:        1844596 kB
MemFree:          962656 kB
MemAvailable:    1494728 kB
Buffers:           92448 kB
Cached:           539180 kB
MemTotal:        1844596 kB
MemFree:          961040 kB
MemAvailable:    1493112 kB
Buffers:           92448 kB
Cached:           539180 kB
MemTotal:        1844596 kB
MemFree:          960436 kB
MemAvailable:    1492508 kB
Buffers:           92448 kB
Cached:           539180 kB
MemTotal:        1844596 kB
MemFree:          957636 kB
MemAvailable:    1489708 kB
Buffers:           92448 kB
Cached:           539180 kB
MemTotal:        1844596 kB
MemFree:          955900 kB
MemAvailable:    1487972 kB
Buffers:           92448 kB
Cached:           539180 kB
MemTotal:        1844596 kB
MemFree:          953112 kB
MemAvailable:    1485184 kB
Buffers:           92448 kB
Cached:           539180 kB
MemTotal:        1844596 kB
MemFree:          953976 kB
MemAvailable:    1486048 kB
Buffers:           92448 kB
Cached:           539180 kB
MemTotal:        1844596 kB
MemFree:          953716 kB
MemAvailable:    1485788 kB
Buffers:           92448 kB
Cached:           539180 kB
MemTotal:        1844596 kB
MemFree:          952864 kB
MemAvailable:    1484936 kB
Buffers:           92448 kB
Cached:           539180 kB
MemTotal:        1844596 kB
MemFree:          953280 kB
MemAvailable:    1485352 kB
Buffers:           92448 kB
Cached:           539180 kB
MemTotal:        1844596 kB
MemFree:          953364 kB
MemAvailable:    1485436 kB
Buffers:           92448 kB
Cached:           539180 kB
MemTotal:        1844596 kB
MemFree:          953212 kB
MemAvailable:    1485284 kB
Buffers:           92448 kB
Cached:           539180 kB
MemTotal:        1844596 kB
MemFree:          951912 kB
MemAvailable:    1483984 kB
Buffers:           92448 kB
Cached:           539180 kB
MemTotal:        1844596 kB
MemFree:          951980 kB
MemAvailable:    1484052 kB
Buffers:           92448 kB
Cached:           539180 kB
MemTotal:        1844596 kB
MemFree:          951872 kB
MemAvailable:    1483944 kB
Buffers:           92448 kB
Cached:           539180 kB
MemTotal:        1844596 kB
MemFree:          951732 kB
MemAvailable:    1483804 kB
Buffers:           92448 kB
Cached:           539180 kB
MemTotal:        1844596 kB
MemFree:          951684 kB
MemAvailable:    1483756 kB
Buffers:           92448 kB
Cached:           539180 kB
MemTotal:        1844596 kB
MemFree:          951540 kB
MemAvailable:    1483612 kB
Buffers:           92448 kB
Cached:           539180 kB
MemTotal:        1844596 kB
MemFree:          951792 kB
MemAvailable:    1483864 kB
Buffers:           92448 kB
Cached:           539180 kB
MemTotal:        1844596 kB
MemFree:          951620 kB
MemAvailable:    1483692 kB
Buffers:           92448 kB
Cached:           539180 kB
MemTotal:        1844596 kB
MemFree:          950444 kB
MemAvailable:    1482516 kB
Buffers:           92448 kB
Cached:           539180 kB
MemTotal:        1844596 kB
MemFree:          950612 kB
MemAvailable:    1482684 kB
Buffers:           92448 kB
Cached:           539180 kB
MemTotal:        1844596 kB
MemFree:          951680 kB
MemAvailable:    1483752 kB
Buffers:           92448 kB
Cached:           539180 kB
MemTotal:        1844596 kB
MemFree:          951680 kB
MemAvailable:    1483752 kB
Buffers:           92448 kB
Cached:           539180 kB
MemTotal:        1844596 kB
MemFree:          951544 kB
MemAvailable:    1483616 kB
Buffers:           92448 kB
Cached:           539180 kB
MemTotal:        1844596 kB
MemFree:          951544 kB
MemAvailable:    1483616 kB
Buffers:           92448 kB
Cached:           539180 kB
MemTotal:        1844596 kB
MemFree:          950500 kB
MemAvailable:    1482572 kB
Buffers:           92448 kB
Cached:           539180 kB
MemTotal:        1844596 kB
MemFree:          951552 kB
MemAvailable:    1483624 kB
Buffers:           92448 kB
Cached:           539180 kB
MemTotal:        1844596 kB
MemFree:          951636 kB
MemAvailable:    1483708 kB
Buffers:           92448 kB
Cached:           539180 kB
MemTotal:        1844596 kB
MemFree:          951424 kB
MemAvailable:    1483496 kB
Buffers:           92448 kB
Cached:           539180 kB
MemTotal:        1844596 kB
MemFree:          951492 kB
MemAvailable:    1483564 kB
Buffers:           92448 kB
Cached:           539180 kB
MemTotal:        1844596 kB
MemFree:          951004 kB
MemAvailable:    1483076 kB
Buffers:           92448 kB
Cached:           539180 kB
MemTotal:        1844596 kB
MemFree:          947964 kB
MemAvailable:    1480036 kB
Buffers:           92448 kB
Cached:           539180 kB
MemTotal:        1844596 kB
MemFree:          944184 kB
MemAvailable:    1476256 kB
Buffers:           92448 kB
Cached:           539180 kB
MemTotal:        1844596 kB
MemFree:          941828 kB
MemAvailable:    1473900 kB
Buffers:           92448 kB
Cached:           539180 kB
MemTotal:        1844596 kB
MemFree:          938604 kB
MemAvailable:    1470676 kB
Buffers:           92448 kB
Cached:           539180 kB
MemTotal:        1844596 kB
MemFree:          939780 kB
MemAvailable:    1471852 kB
Buffers:           92448 kB
Cached:           539180 kB
MemTotal:        1844596 kB
MemFree:          938984 kB
MemAvailable:    1471056 kB
Buffers:           92448 kB
Cached:           539180 kB
MemTotal:        1844596 kB
MemFree:          939416 kB
MemAvailable:    1471488 kB
Buffers:           92448 kB
Cached:           539180 kB
MemTotal:        1844596 kB
MemFree:          939668 kB
MemAvailable:    1471740 kB
Buffers:           92448 kB
Cached:           539180 kB
MemTotal:        1844596 kB
MemFree:          939476 kB
MemAvailable:    1471548 kB
Buffers:           92448 kB
Cached:           539180 kB
MemTotal:        1844596 kB
MemFree:          938468 kB
MemAvailable:    1470540 kB
Buffers:           92448 kB
Cached:           539180 kB
MemTotal:        1844596 kB
MemFree:          938344 kB
MemAvailable:    1470416 kB
Buffers:           92448 kB
Cached:           539180 kB
MemTotal:        1844596 kB
MemFree:          939328 kB
MemAvailable:    1471400 kB
Buffers:           92448 kB
Cached:           539180 kB
MemTotal:        1844596 kB
MemFree:          938356 kB
MemAvailable:    1470428 kB
Buffers:           92448 kB
Cached:           539180 kB
MemTotal:        1844596 kB
MemFree:          938776 kB
MemAvailable:    1470848 kB
Buffers:           92448 kB
Cached:           539180 kB
MemTotal:        1844596 kB
MemFree:          938776 kB
MemAvailable:    1470848 kB
Buffers:           92448 kB
Cached:           539180 kB
MemTotal:        1844596 kB
MemFree:          938816 kB
MemAvailable:    1470888 kB
Buffers:           92448 kB
Cached:           539180 kB
MemTotal:        1844596 kB
MemFree:          938792 kB
MemAvailable:    1470864 kB
Buffers:           92448 kB
Cached:           539180 kB
MemTotal:        1844596 kB
MemFree:          939028 kB
MemAvailable:    1471100 kB
Buffers:           92448 kB
Cached:           539180 kB
MemTotal:        1844596 kB
MemFree:          937812 kB
MemAvailable:    1469892 kB
Buffers:           92448 kB
Cached:           539188 kB
MemTotal:        1844596 kB
MemFree:          938972 kB
MemAvailable:    1471052 kB
Buffers:           92448 kB
Cached:           539188 kB
MemTotal:        1844596 kB
MemFree:          938240 kB
MemAvailable:    1470320 kB
Buffers:           92448 kB
Cached:           539188 kB
MemTotal:        1844596 kB
MemFree:          939084 kB
MemAvailable:    1471164 kB
Buffers:           92448 kB
Cached:           539188 kB
MemTotal:        1844596 kB
MemFree:          939084 kB
MemAvailable:    1471164 kB
Buffers:           92448 kB
Cached:           539188 kB
MemTotal:        1844596 kB
MemFree:          938928 kB
MemAvailable:    1471008 kB
Buffers:           92448 kB
Cached:           539188 kB
MemTotal:        1844596 kB
MemFree:          938928 kB
MemAvailable:    1471008 kB
Buffers:           92448 kB
Cached:           539188 kB
MemTotal:        1844596 kB
MemFree:          938780 kB
MemAvailable:    1470860 kB
Buffers:           92448 kB
Cached:           539188 kB
MemTotal:        1844596 kB
MemFree:          938432 kB
MemAvailable:    1470512 kB
Buffers:           92448 kB
Cached:           539188 kB
MemTotal:        1844596 kB
MemFree:          939020 kB
MemAvailable:    1471100 kB
Buffers:           92448 kB
Cached:           539188 kB
MemTotal:        1844596 kB
MemFree:          937828 kB
MemAvailable:    1469908 kB
Buffers:           92448 kB
Cached:           539188 kB
MemTotal:        1844596 kB
MemFree:          938240 kB
MemAvailable:    1470320 kB
Buffers:           92448 kB
Cached:           539188 kB
MemTotal:        1844596 kB
MemFree:          938924 kB
MemAvailable:    1471004 kB
Buffers:           92448 kB
Cached:           539188 kB
MemTotal:        1844596 kB
MemFree:          939176 kB
MemAvailable:    1471256 kB
Buffers:           92448 kB
Cached:           539188 kB
MemTotal:        1844596 kB
MemFree:          938976 kB
MemAvailable:    1471056 kB
Buffers:           92448 kB
Cached:           539188 kB
MemTotal:        1844596 kB
MemFree:          938372 kB
MemAvailable:    1470452 kB
Buffers:           92448 kB
Cached:           539188 kB
MemTotal:        1844596 kB
MemFree:          938996 kB
MemAvailable:    1471076 kB
Buffers:           92448 kB
Cached:           539188 kB
MemTotal:        1844596 kB
MemFree:          937856 kB
MemAvailable:    1469936 kB
Buffers:           92448 kB
Cached:           539188 kB
MemTotal:        1844596 kB
MemFree:          937736 kB
MemAvailable:    1469816 kB
Buffers:           92448 kB
Cached:           539188 kB
MemTotal:        1844596 kB
MemFree:          937628 kB
MemAvailable:    1469708 kB
Buffers:           92448 kB
Cached:           539188 kB
MemTotal:        1844596 kB
MemFree:          932348 kB
MemAvailable:    1464428 kB
Buffers:           92448 kB
Cached:           539188 kB
MemTotal:        1844596 kB
MemFree:          928876 kB
MemAvailable:    1460956 kB
Buffers:           92448 kB
Cached:           539188 kB
MemTotal:        1844596 kB
MemFree:          927700 kB
MemAvailable:    1459780 kB
Buffers:           92448 kB
Cached:           539188 kB
MemTotal:        1844596 kB
MemFree:          928808 kB
MemAvailable:    1460888 kB
Buffers:           92448 kB
Cached:           539188 kB
MemTotal:        1844596 kB
MemFree:          928808 kB
MemAvailable:    1460888 kB
Buffers:           92448 kB
Cached:           539188 kB
MemTotal:        1844596 kB
MemFree:          927188 kB
MemAvailable:    1459268 kB
Buffers:           92448 kB
Cached:           539188 kB
MemTotal:        1844596 kB
MemFree:          927692 kB
MemAvailable:    1459772 kB
Buffers:           92448 kB
Cached:           539188 kB
MemTotal:        1844596 kB
MemFree:          927444 kB
MemAvailable:    1459524 kB
Buffers:           92448 kB
Cached:           539188 kB
MemTotal:        1844596 kB
MemFree:          927896 kB
MemAvailable:    1459976 kB
Buffers:           92448 kB
Cached:           539188 kB
MemTotal:        1844596 kB
MemFree:          928528 kB
MemAvailable:    1460608 kB
Buffers:           92448 kB
Cached:           539188 kB
MemTotal:        1844596 kB
MemFree:          928612 kB
MemAvailable:    1460692 kB
Buffers:           92448 kB
Cached:           539188 kB
MemTotal:        1844596 kB
MemFree:          928608 kB
MemAvailable:    1460688 kB
Buffers:           92448 kB
Cached:           539188 kB
MemTotal:        1844596 kB
MemFree:          927392 kB
MemAvailable:    1459472 kB
Buffers:           92448 kB
Cached:           539188 kB
MemTotal:        1844596 kB
MemFree:          928544 kB
MemAvailable:    1460624 kB
Buffers:           92448 kB
Cached:           539188 kB
MemTotal:        1844596 kB
MemFree:          928772 kB
MemAvailable:    1460852 kB
Buffers:           92448 kB
Cached:           539188 kB
MemTotal:        1844596 kB
MemFree:          928552 kB
MemAvailable:    1460632 kB
Buffers:           92448 kB
Cached:           539188 kB
MemTotal:        1844596 kB
MemFree:          928072 kB
MemAvailable:    1460152 kB
Buffers:           92448 kB
Cached:           539188 kB
MemTotal:        1844596 kB
MemFree:          926576 kB
MemAvailable:    1458656 kB
Buffers:           92448 kB
Cached:           539188 kB
MemTotal:        1844596 kB
MemFree:          926692 kB
MemAvailable:    1458772 kB
Buffers:           92448 kB
Cached:           539188 kB
MemTotal:        1844596 kB
MemFree:          926692 kB
MemAvailable:    1458772 kB
Buffers:           92448 kB
Cached:           539188 kB
MemTotal:        1844596 kB
MemFree:          926320 kB
MemAvailable:    1458400 kB
Buffers:           92448 kB
Cached:           539188 kB
MemTotal:        1844596 kB
MemFree:          926500 kB
MemAvailable:    1458580 kB
Buffers:           92448 kB
Cached:           539188 kB
MemTotal:        1844596 kB
MemFree:          926296 kB
MemAvailable:    1458376 kB
Buffers:           92448 kB
Cached:           539188 kB
MemTotal:        1844596 kB
MemFree:          926380 kB
MemAvailable:    1458460 kB
Buffers:           92448 kB
Cached:           539188 kB
MemTotal:        1844596 kB
MemFree:          924908 kB
MemAvailable:    1456988 kB
Buffers:           92448 kB
Cached:           539188 kB
MemTotal:        1844596 kB
MemFree:          926308 kB
MemAvailable:    1458388 kB
Buffers:           92448 kB
Cached:           539188 kB
MemTotal:        1844596 kB
MemFree:          926280 kB
MemAvailable:    1458360 kB
Buffers:           92448 kB
Cached:           539188 kB
MemTotal:        1844596 kB
MemFree:          926264 kB
MemAvailable:    1458344 kB
Buffers:           92448 kB
Cached:           539188 kB
MemTotal:        1844596 kB
MemFree:          926516 kB
MemAvailable:    1458596 kB
Buffers:           92448 kB
Cached:           539188 kB
MemTotal:        1844596 kB
MemFree:          926468 kB
MemAvailable:    1458548 kB
Buffers:           92448 kB
Cached:           539188 kB
MemTotal:        1844596 kB
MemFree:          926384 kB
MemAvailable:    1458464 kB
Buffers:           92448 kB
Cached:           539188 kB
MemTotal:        1844596 kB
MemFree:          926272 kB
MemAvailable:    1458352 kB
Buffers:           92448 kB
Cached:           539188 kB
MemTotal:        1844596 kB
MemFree:          925468 kB
MemAvailable:    1457548 kB
Buffers:           92448 kB
Cached:           539188 kB
MemTotal:        1844596 kB
MemFree:          926276 kB
MemAvailable:    1458356 kB
Buffers:           92448 kB
Cached:           539188 kB
MemTotal:        1844596 kB
MemFree:          926276 kB
MemAvailable:    1458356 kB
Buffers:           92448 kB
Cached:           539188 kB
MemTotal:        1844596 kB
MemFree:          926328 kB
MemAvailable:    1458408 kB
Buffers:           92448 kB
Cached:           539188 kB
MemTotal:        1844596 kB
MemFree:          926096 kB
MemAvailable:    1458176 kB
Buffers:           92448 kB
Cached:           539188 kB
MemTotal:        1844596 kB
MemFree:          926264 kB
MemAvailable:    1458344 kB
Buffers:           92448 kB
Cached:           539188 kB
MemTotal:        1844596 kB
MemFree:          926396 kB
MemAvailable:    1458476 kB
Buffers:           92448 kB
Cached:           539188 kB
MemTotal:        1844596 kB
MemFree:          926148 kB
MemAvailable:    1458228 kB
Buffers:           92448 kB
Cached:           539188 kB
MemTotal:        1844596 kB
MemFree:          925912 kB
MemAvailable:    1457992 kB
Buffers:           92448 kB
Cached:           539188 kB
MemTotal:        1844596 kB
MemFree:          926576 kB
MemAvailable:    1458660 kB
Buffers:           92448 kB
Cached:           539192 kB
MemTotal:        1844596 kB
MemFree:          926576 kB
MemAvailable:    1458660 kB
Buffers:           92448 kB
Cached:           539192 kB
MemTotal:        1844596 kB
MemFree:          926148 kB
MemAvailable:    1458232 kB
Buffers:           92448 kB
Cached:           539192 kB
MemTotal:        1844596 kB
MemFree:          926320 kB
MemAvailable:    1458404 kB
Buffers:           92448 kB
Cached:           539192 kB
MemTotal:        1844596 kB
MemFree:          926328 kB
MemAvailable:    1458412 kB
Buffers:           92448 kB
Cached:           539192 kB
MemTotal:        1844596 kB
MemFree:          926580 kB
MemAvailable:    1458664 kB
Buffers:           92448 kB
Cached:           539192 kB
MemTotal:        1844596 kB
MemFree:          925964 kB
MemAvailable:    1458048 kB
Buffers:           92448 kB
Cached:           539192 kB
MemTotal:        1844596 kB
MemFree:          920872 kB
MemAvailable:    1452956 kB
Buffers:           92448 kB
Cached:           539192 kB
MemTotal:        1844596 kB
MemFree:          920872 kB
MemAvailable:    1452956 kB
Buffers:           92448 kB
Cached:           539192 kB
MemTotal:        1844596 kB
MemFree:          915788 kB
MemAvailable:    1447872 kB
Buffers:           92448 kB
Cached:           539192 kB
MemTotal:        1844596 kB
MemFree:          915556 kB
MemAvailable:    1447640 kB
Buffers:           92448 kB
Cached:           539192 kB
MemTotal:        1844596 kB
MemFree:          913548 kB
MemAvailable:    1445632 kB
Buffers:           92448 kB
Cached:           539192 kB
MemTotal:        1844596 kB
MemFree:          913800 kB
MemAvailable:    1445884 kB
Buffers:           92448 kB
Cached:           539192 kB
MemTotal:        1844596 kB
MemFree:          913484 kB
MemAvailable:    1445568 kB
Buffers:           92448 kB
Cached:           539192 kB
MemTotal:        1844596 kB
MemFree:          913360 kB
MemAvailable:    1445444 kB
Buffers:           92448 kB
Cached:           539192 kB
MemTotal:        1844596 kB
MemFree:          912208 kB
MemAvailable:    1444292 kB
Buffers:           92448 kB
Cached:           539192 kB
MemTotal:        1844596 kB
MemFree:          913052 kB
MemAvailable:    1445136 kB
Buffers:           92448 kB
Cached:           539192 kB
MemTotal:        1844596 kB
MemFree:          913220 kB
MemAvailable:    1445304 kB
Buffers:           92448 kB
Cached:           539192 kB
MemTotal:        1844596 kB
MemFree:          913192 kB
MemAvailable:    1445284 kB
Buffers:           92448 kB
Cached:           539200 kB
MemTotal:        1844596 kB
MemFree:          911944 kB
MemAvailable:    1444036 kB
Buffers:           92448 kB
Cached:           539200 kB
MemTotal:        1844596 kB
MemFree:          913120 kB
MemAvailable:    1445212 kB
Buffers:           92448 kB
Cached:           539200 kB
MemTotal:        1844596 kB
MemFree:          912872 kB
MemAvailable:    1444964 kB
Buffers:           92448 kB
Cached:           539200 kB
MemTotal:        1844596 kB
MemFree:          913124 kB
MemAvailable:    1445216 kB
Buffers:           92448 kB
Cached:           539200 kB
MemTotal:        1844596 kB
MemFree:          913056 kB
MemAvailable:    1445148 kB
Buffers:           92448 kB
Cached:           539200 kB
MemTotal:        1844596 kB
MemFree:          913116 kB
MemAvailable:    1445208 kB
Buffers:           92448 kB
Cached:           539200 kB
MemTotal:        1844596 kB
MemFree:          911556 kB
MemAvailable:    1443648 kB
Buffers:           92448 kB
Cached:           539200 kB
MemTotal:        1844596 kB
MemFree:          913004 kB
MemAvailable:    1445096 kB
Buffers:           92448 kB
Cached:           539200 kB
MemTotal:        1844596 kB
MemFree:          912980 kB
MemAvailable:    1445072 kB
Buffers:           92448 kB
Cached:           539200 kB
MemTotal:        1844596 kB
MemFree:          913004 kB
MemAvailable:    1445096 kB
Buffers:           92448 kB
Cached:           539200 kB
MemTotal:        1844596 kB
MemFree:          913152 kB
MemAvailable:    1445244 kB
Buffers:           92448 kB
Cached:           539200 kB
MemTotal:        1844596 kB
MemFree:          912324 kB
MemAvailable:    1444416 kB
Buffers:           92448 kB
Cached:           539200 kB
MemTotal:        1844596 kB
MemFree:          913316 kB
MemAvailable:    1445408 kB
Buffers:           92448 kB
Cached:           539200 kB
MemTotal:        1844596 kB
MemFree:          912440 kB
MemAvailable:    1444532 kB
Buffers:           92448 kB
Cached:           539200 kB
MemTotal:        1844596 kB
MemFree:          912868 kB
MemAvailable:    1444960 kB
Buffers:           92448 kB
Cached:           539200 kB
MemTotal:        1844596 kB
MemFree:          913120 kB
MemAvailable:    1445212 kB
Buffers:           92448 kB
Cached:           539200 kB
MemTotal:        1844596 kB
MemFree:          912932 kB
MemAvailable:    1445024 kB
Buffers:           92448 kB
Cached:           539200 kB
MemTotal:        1844596 kB
MemFree:          912900 kB
MemAvailable:    1444992 kB
Buffers:           92448 kB
Cached:           539200 kB
MemTotal:        1844596 kB
MemFree:          912900 kB
MemAvailable:    1444992 kB
Buffers:           92448 kB
Cached:           539200 kB
MemTotal:        1844596 kB
MemFree:          912756 kB
MemAvailable:    1444848 kB
Buffers:           92448 kB
Cached:           539200 kB
MemTotal:        1844596 kB
MemFree:          913012 kB
MemAvailable:    1445104 kB
Buffers:           92448 kB
Cached:           539200 kB
MemTotal:        1844596 kB
MemFree:          912508 kB
MemAvailable:    1444600 kB
Buffers:           92448 kB
Cached:           539200 kB
MemTotal:        1844596 kB
MemFree:          912060 kB
MemAvailable:    1444152 kB
Buffers:           92448 kB
Cached:           539200 kB
MemTotal:        1844596 kB
MemFree:          912144 kB
MemAvailable:    1444236 kB
Buffers:           92448 kB
Cached:           539200 kB
MemTotal:        1844596 kB
MemFree:          911924 kB
MemAvailable:    1444016 kB
Buffers:           92448 kB
Cached:           539200 kB
MemTotal:        1844596 kB
MemFree:          912008 kB
MemAvailable:    1444100 kB
Buffers:           92448 kB
Cached:           539200 kB
MemTotal:        1844596 kB
MemFree:          911980 kB
MemAvailable:    1444072 kB
Buffers:           92448 kB
Cached:           539200 kB
MemTotal:        1844596 kB
MemFree:          910680 kB
MemAvailable:    1442772 kB
Buffers:           92448 kB
Cached:           539200 kB
MemTotal:        1844596 kB
MemFree:          909208 kB
MemAvailable:    1441300 kB
Buffers:           92448 kB
Cached:           539200 kB
MemTotal:        1844596 kB
MemFree:          909208 kB
MemAvailable:    1441300 kB
Buffers:           92448 kB
Cached:           539200 kB
MemTotal:        1844596 kB
MemFree:          906800 kB
MemAvailable:    1438892 kB
Buffers:           92448 kB
Cached:           539200 kB
MemTotal:        1844596 kB
MemFree:          907052 kB
MemAvailable:    1439144 kB
Buffers:           92448 kB
Cached:           539200 kB
MemTotal:        1844596 kB
MemFree:          903644 kB
MemAvailable:    1435736 kB
Buffers:           92448 kB
Cached:           539200 kB
MemTotal:        1844596 kB
MemFree:          903456 kB
MemAvailable:    1435548 kB
Buffers:           92448 kB
Cached:           539200 kB
MemTotal:        1844596 kB
MemFree:          901536 kB
MemAvailable:    1433628 kB
Buffers:           92448 kB
Cached:           539200 kB
MemTotal:        1844596 kB
MemFree:          900596 kB
MemAvailable:    1432692 kB
Buffers:           92448 kB
Cached:           539204 kB
MemTotal:        1844596 kB
MemFree:          900556 kB
MemAvailable:    1432652 kB
Buffers:           92448 kB
Cached:           539204 kB
MemTotal:        1844596 kB
MemFree:          900608 kB
MemAvailable:    1432704 kB
Buffers:           92448 kB
Cached:           539204 kB
MemTotal:        1844596 kB
MemFree:          898312 kB
MemAvailable:    1430408 kB
Buffers:           92448 kB
Cached:           539204 kB
MemTotal:        1844596 kB
MemFree:          898064 kB
MemAvailable:    1430160 kB
Buffers:           92448 kB
Cached:           539204 kB
MemTotal:        1844596 kB
MemFree:          899192 kB
MemAvailable:    1431288 kB
Buffers:           92448 kB
Cached:           539204 kB
MemTotal:        1844596 kB
MemFree:          897940 kB
MemAvailable:    1430036 kB
Buffers:           92448 kB
Cached:           539204 kB
MemTotal:        1844596 kB
MemFree:          897932 kB
MemAvailable:    1430028 kB
Buffers:           92448 kB
Cached:           539204 kB
MemTotal:        1844596 kB
MemFree:          899124 kB
MemAvailable:    1431220 kB
Buffers:           92448 kB
Cached:           539204 kB
MemTotal:        1844596 kB
MemFree:          899040 kB
MemAvailable:    1431136 kB
Buffers:           92448 kB
Cached:           539204 kB
MemTotal:        1844596 kB
MemFree:          899124 kB
MemAvailable:    1431220 kB
Buffers:           92448 kB
Cached:           539204 kB
MemTotal:        1844596 kB
MemFree:          897920 kB
MemAvailable:    1430016 kB
Buffers:           92448 kB
Cached:           539204 kB
MemTotal:        1844596 kB
MemFree:          899048 kB
MemAvailable:    1431144 kB
Buffers:           92448 kB
Cached:           539204 kB
MemTotal:        1844596 kB
MemFree:          899232 kB
MemAvailable:    1431328 kB
Buffers:           92448 kB
Cached:           539204 kB
MemTotal:        1844596 kB
MemFree:          897976 kB
MemAvailable:    1430072 kB
Buffers:           92448 kB
Cached:           539204 kB
MemTotal:        1844596 kB
MemFree:          903404 kB
MemAvailable:    1435500 kB
Buffers:           92448 kB
Cached:           539204 kB
MemTotal:        1844596 kB
MemFree:          899668 kB
MemAvailable:    1431764 kB
Buffers:           92448 kB
Cached:           539204 kB
MemTotal:        1844596 kB
MemFree:          899668 kB
MemAvailable:    1431764 kB
Buffers:           92448 kB
Cached:           539204 kB
MemTotal:        1844596 kB
MemFree:          903320 kB
MemAvailable:    1435416 kB
Buffers:           92448 kB
Cached:           539204 kB
MemTotal:        1844596 kB
MemFree:          899544 kB
MemAvailable:    1431640 kB
Buffers:           92448 kB
Cached:           539204 kB
MemTotal:        1844596 kB
MemFree:          899628 kB
MemAvailable:    1431724 kB
Buffers:           92448 kB
Cached:           539204 kB
MemTotal:        1844596 kB
MemFree:          903624 kB
MemAvailable:    1435720 kB
Buffers:           92448 kB
Cached:           539204 kB
MemTotal:        1844596 kB
MemFree:          901164 kB
MemAvailable:    1433260 kB
Buffers:           92448 kB
Cached:           539204 kB
MemTotal:        1844596 kB
MemFree:          899728 kB
MemAvailable:    1431824 kB
Buffers:           92448 kB
Cached:           539204 kB
MemTotal:        1844596 kB
MemFree:          903520 kB
MemAvailable:    1435616 kB
Buffers:           92448 kB
Cached:           539204 kB
MemTotal:        1844596 kB
MemFree:          903520 kB
MemAvailable:    1435616 kB
Buffers:           92448 kB
Cached:           539204 kB
MemTotal:        1844596 kB
MemFree:          902652 kB
MemAvailable:    1434748 kB
Buffers:           92448 kB
Cached:           539204 kB
MemTotal:        1844596 kB
MemFree:          903268 kB
MemAvailable:    1435364 kB
Buffers:           92448 kB
Cached:           539204 kB
MemTotal:        1844596 kB
MemFree:          901908 kB
MemAvailable:    1434004 kB
Buffers:           92448 kB
Cached:           539204 kB
MemTotal:        1844596 kB
MemFree:          902756 kB
MemAvailable:    1434852 kB
Buffers:           92448 kB
Cached:           539204 kB
MemTotal:        1844596 kB
MemFree:          903012 kB
MemAvailable:    1435108 kB
Buffers:           92448 kB
Cached:           539204 kB
MemTotal:        1844596 kB
MemFree:          902684 kB
MemAvailable:    1434780 kB
Buffers:           92448 kB
Cached:           539204 kB
MemTotal:        1844596 kB
MemFree:          902816 kB
MemAvailable:    1434912 kB
Buffers:           92448 kB
Cached:           539204 kB
MemTotal:        1844596 kB
MemFree:          902612 kB
MemAvailable:    1434708 kB
Buffers:           92448 kB
Cached:           539204 kB
MemTotal:        1844596 kB
MemFree:          902696 kB
MemAvailable:    1434792 kB
Buffers:           92448 kB
Cached:           539204 kB
MemTotal:        1844596 kB
MemFree:          902764 kB
MemAvailable:    1434860 kB
Buffers:           92448 kB
Cached:           539204 kB
MemTotal:        1844596 kB
MemFree:          901640 kB
MemAvailable:    1433736 kB
Buffers:           92448 kB
Cached:           539204 kB
MemTotal:        1844596 kB
MemFree:          902568 kB
MemAvailable:    1434664 kB
Buffers:           92448 kB
Cached:           539204 kB
MemTotal:        1844596 kB
MemFree:          899792 kB
MemAvailable:    1431888 kB
Buffers:           92448 kB
Cached:           539204 kB
MemTotal:        1844596 kB
MemFree:          899064 kB
MemAvailable:    1431160 kB
Buffers:           92448 kB
Cached:           539204 kB
MemTotal:        1844596 kB
MemFree:          899440 kB
MemAvailable:    1431540 kB
Buffers:           92448 kB
Cached:           539208 kB
MemTotal:        1844596 kB
MemFree:          899372 kB
MemAvailable:    1431472 kB
Buffers:           92448 kB
Cached:           539208 kB
MemTotal:        1844596 kB
MemFree:          899708 kB
MemAvailable:    1431808 kB
Buffers:           92448 kB
Cached:           539208 kB
MemTotal:        1844596 kB
MemFree:          899420 kB
MemAvailable:    1431520 kB
Buffers:           92448 kB
Cached:           539208 kB
MemTotal:        1844596 kB
MemFree:          899420 kB
MemAvailable:    1431520 kB
Buffers:           92448 kB
Cached:           539208 kB
MemTotal:        1844596 kB
MemFree:          899324 kB
MemAvailable:    1431424 kB
Buffers:           92448 kB
Cached:           539208 kB
MemTotal:        1844596 kB
MemFree:          899296 kB
MemAvailable:    1431396 kB
Buffers:           92448 kB
Cached:           539208 kB
MemTotal:        1844596 kB
MemFree:          899544 kB
MemAvailable:    1431644 kB
Buffers:           92448 kB
Cached:           539208 kB
MemTotal:        1844596 kB
MemFree:          898924 kB
MemAvailable:    1431024 kB
Buffers:           92448 kB
Cached:           539208 kB
MemTotal:        1844596 kB
MemFree:          899460 kB
MemAvailable:    1431560 kB
Buffers:           92448 kB
Cached:           539208 kB
MemTotal:        1844596 kB
MemFree:          899420 kB
MemAvailable:    1431520 kB
Buffers:           92448 kB
Cached:           539208 kB
MemTotal:        1844596 kB
MemFree:          898684 kB
MemAvailable:    1430784 kB
Buffers:           92448 kB
Cached:           539208 kB
MemTotal:        1844596 kB
MemFree:          899300 kB
MemAvailable:    1431400 kB
Buffers:           92448 kB
Cached:           539208 kB
MemTotal:        1844596 kB
MemFree:          898636 kB
MemAvailable:    1430820 kB
Buffers:           92448 kB
Cached:           539208 kB
MemTotal:        1844596 kB
MemFree:          899552 kB
MemAvailable:    1431652 kB
Buffers:           92448 kB
Cached:           539208 kB
MemTotal:        1844596 kB
MemFree:          898628 kB
MemAvailable:    1430728 kB
Buffers:           92448 kB
Cached:           539208 kB
MemTotal:        1844596 kB
MemFree:          898304 kB
MemAvailable:    1430404 kB
Buffers:           92448 kB
Cached:           539208 kB
MemTotal:        1844596 kB
MemFree:          898304 kB
MemAvailable:    1430404 kB
Buffers:           92448 kB
Cached:           539208 kB
MemTotal:        1844596 kB
MemFree:          901480 kB
MemAvailable:    1433580 kB
Buffers:           92448 kB
Cached:           539208 kB
MemTotal:        1844596 kB
MemFree:          900380 kB
MemAvailable:    1432480 kB
Buffers:           92448 kB
Cached:           539208 kB
MemTotal:        1844596 kB
MemFree:          897380 kB
MemAvailable:    1429480 kB
Buffers:           92448 kB
Cached:           539208 kB
MemTotal:        1844596 kB
MemFree:          892856 kB
MemAvailable:    1424956 kB
Buffers:           92448 kB
Cached:           539208 kB
MemTotal:        1844596 kB
MemFree:          893700 kB
MemAvailable:    1425800 kB
Buffers:           92448 kB
Cached:           539208 kB
MemTotal:        1844596 kB
MemFree:          893784 kB
MemAvailable:    1425884 kB
Buffers:           92448 kB
Cached:           539208 kB
MemTotal:        1844596 kB
MemFree:          893536 kB
MemAvailable:    1425636 kB
Buffers:           92448 kB
Cached:           539208 kB
MemTotal:        1844596 kB
MemFree:          893464 kB
MemAvailable:    1425564 kB
Buffers:           92448 kB
Cached:           539208 kB
MemTotal:        1844596 kB
MemFree:          892608 kB
MemAvailable:    1424708 kB
Buffers:           92448 kB
Cached:           539208 kB
MemTotal:        1844596 kB
MemFree:          891924 kB
MemAvailable:    1424024 kB
Buffers:           92448 kB
Cached:           539208 kB
MemTotal:        1844596 kB
MemFree:          892180 kB
MemAvailable:    1424280 kB
Buffers:           92448 kB
Cached:           539208 kB
MemTotal:        1844596 kB
MemFree:          893100 kB
MemAvailable:    1425200 kB
Buffers:           92448 kB
Cached:           539208 kB
MemTotal:        1844596 kB
MemFree:          893156 kB
MemAvailable:    1425256 kB
Buffers:           92448 kB
Cached:           539208 kB
MemTotal:        1844596 kB
MemFree:          892768 kB
MemAvailable:    1424868 kB
Buffers:           92448 kB
Cached:           539208 kB
MemTotal:        1844596 kB
MemFree:          892360 kB
MemAvailable:    1424460 kB
Buffers:           92448 kB
Cached:           539208 kB
MemTotal:        1844596 kB
MemFree:          892728 kB
MemAvailable:    1424828 kB
Buffers:           92448 kB
Cached:           539208 kB
MemTotal:        1844596 kB
MemFree:          892836 kB
MemAvailable:    1424936 kB
Buffers:           92448 kB
Cached:           539208 kB
MemTotal:        1844596 kB
MemFree:          892640 kB
MemAvailable:    1424740 kB
Buffers:           92448 kB
Cached:           539208 kB
MemTotal:        1844596 kB
MemFree:          891492 kB
MemAvailable:    1423592 kB
Buffers:           92448 kB
Cached:           539208 kB
MemTotal:        1844596 kB
MemFree:          892332 kB
MemAvailable:    1424432 kB
Buffers:           92448 kB
Cached:           539208 kB
MemTotal:        1844596 kB
MemFree:          892360 kB
MemAvailable:    1424460 kB
Buffers:           92448 kB
Cached:           539208 kB
MemTotal:        1844596 kB
MemFree:          892364 kB
MemAvailable:    1424464 kB
Buffers:           92448 kB
Cached:           539208 kB
MemTotal:        1844596 kB
MemFree:          892276 kB
MemAvailable:    1424376 kB
Buffers:           92448 kB
Cached:           539208 kB
MemTotal:        1844596 kB
MemFree:          894496 kB
MemAvailable:    1426596 kB
Buffers:           92448 kB
Cached:           539208 kB
MemTotal:        1844596 kB
MemFree:          894668 kB
MemAvailable:    1426768 kB
Buffers:           92448 kB
Cached:           539208 kB
MemTotal:        1844596 kB
MemFree:          894584 kB
MemAvailable:    1426684 kB
Buffers:           92448 kB
Cached:           539208 kB
MemTotal:        1844596 kB
MemFree:          894352 kB
MemAvailable:    1426452 kB
Buffers:           92448 kB
Cached:           539208 kB
MemTotal:        1844596 kB
MemFree:          894604 kB
MemAvailable:    1426704 kB
Buffers:           92448 kB
Cached:           539208 kB
MemTotal:        1844596 kB
MemFree:          894580 kB
MemAvailable:    1426680 kB
Buffers:           92448 kB
Cached:           539208 kB
MemTotal:        1844596 kB
MemFree:          894648 kB
MemAvailable:    1426748 kB
Buffers:           92448 kB
Cached:           539208 kB
MemTotal:        1844596 kB
MemFree:          894412 kB
MemAvailable:    1426512 kB
Buffers:           92448 kB
Cached:           539208 kB
MemTotal:        1844596 kB
MemFree:          894468 kB
MemAvailable:    1426568 kB
Buffers:           92448 kB
Cached:           539208 kB
MemTotal:        1844596 kB
MemFree:          894580 kB
MemAvailable:    1426680 kB
Buffers:           92448 kB
Cached:           539208 kB
MemTotal:        1844596 kB
MemFree:          894592 kB
MemAvailable:    1426692 kB
Buffers:           92448 kB
Cached:           539208 kB
MemTotal:        1844596 kB
MemFree:          893452 kB
MemAvailable:    1425552 kB
Buffers:           92448 kB
Cached:           539208 kB
MemTotal:        1844596 kB
MemFree:          894568 kB
MemAvailable:    1426668 kB
Buffers:           92448 kB
Cached:           539208 kB
MemTotal:        1844596 kB
MemFree:          894688 kB
MemAvailable:    1426788 kB
Buffers:           92448 kB
Cached:           539208 kB
MemTotal:        1844596 kB
MemFree:          894584 kB
MemAvailable:    1426684 kB
Buffers:           92448 kB
Cached:           539208 kB
MemTotal:        1844596 kB
MemFree:          894836 kB
MemAvailable:    1426936 kB
Buffers:           92448 kB
Cached:           539208 kB
MemTotal:        1844596 kB
MemFree:          894540 kB
MemAvailable:    1426640 kB
Buffers:           92448 kB
Cached:           539208 kB
MemTotal:        1844596 kB
MemFree:          894572 kB
MemAvailable:    1426672 kB
Buffers:           92448 kB
Cached:           539208 kB
MemTotal:        1844596 kB
MemFree:          893724 kB
MemAvailable:    1425824 kB
Buffers:           92448 kB
Cached:           539208 kB
MemTotal:        1844596 kB
MemFree:          894472 kB
MemAvailable:    1426572 kB
Buffers:           92448 kB
Cached:           539208 kB
MemTotal:        1844596 kB
MemFree:          894640 kB
MemAvailable:    1426740 kB
Buffers:           92448 kB
Cached:           539208 kB
MemTotal:        1844596 kB
MemFree:          894592 kB
MemAvailable:    1426692 kB
Buffers:           92448 kB
Cached:           539208 kB
MemTotal:        1844596 kB
MemFree:          894220 kB
MemAvailable:    1426320 kB
Buffers:           92448 kB
Cached:           539208 kB
MemTotal:        1844596 kB
MemFree:          894524 kB
MemAvailable:    1426624 kB
Buffers:           92448 kB
Cached:           539208 kB
MemTotal:        1844596 kB
MemFree:          894592 kB
MemAvailable:    1426692 kB
Buffers:           92448 kB
Cached:           539208 kB
MemTotal:        1844596 kB
MemFree:          893164 kB
MemAvailable:    1425264 kB
Buffers:           92448 kB
Cached:           539208 kB
MemTotal:        1844596 kB
MemFree:          893340 kB
MemAvailable:    1425440 kB
Buffers:           92448 kB
Cached:           539208 kB
MemTotal:        1844596 kB
MemFree:          894528 kB
MemAvailable:    1426628 kB
Buffers:           92448 kB
Cached:           539208 kB
MemTotal:        1844596 kB
MemFree:          893724 kB
MemAvailable:    1425824 kB
Buffers:           92448 kB
Cached:           539208 kB
MemTotal:        1844596 kB
MemFree:          893832 kB
MemAvailable:    1425932 kB
Buffers:           92448 kB
Cached:           539208 kB
MemTotal:        1844596 kB
MemFree:          894084 kB
MemAvailable:    1426184 kB
Buffers:           92448 kB
Cached:           539208 kB
MemTotal:        1844596 kB
MemFree:          889988 kB
MemAvailable:    1422088 kB
Buffers:           92448 kB
Cached:           539208 kB
MemTotal:        1844596 kB
MemFree:          889756 kB
MemAvailable:    1421856 kB
Buffers:           92448 kB
Cached:           539208 kB
MemTotal:        1844596 kB
MemFree:          889692 kB
MemAvailable:    1421804 kB
Buffers:           92448 kB
Cached:           539220 kB
MemTotal:        1844596 kB
MemFree:          889616 kB
MemAvailable:    1421728 kB
Buffers:           92448 kB
Cached:           539220 kB
MemTotal:        1844596 kB
MemFree:          889756 kB
MemAvailable:    1421868 kB
Buffers:           92448 kB
Cached:           539220 kB
MemTotal:        1844596 kB
MemFree:          888012 kB
MemAvailable:    1420124 kB
Buffers:           92448 kB
Cached:           539220 kB
MemTotal:        1844596 kB
MemFree:          887896 kB
MemAvailable:    1420008 kB
Buffers:           92448 kB
Cached:           539220 kB
MemTotal:        1844596 kB
MemFree:          888880 kB
MemAvailable:    1420992 kB
Buffers:           92448 kB
Cached:           539220 kB
MemTotal:        1844596 kB
MemFree:          887648 kB
MemAvailable:    1419760 kB
Buffers:           92448 kB
Cached:           539220 kB
MemTotal:        1844596 kB
MemFree:          885780 kB
MemAvailable:    1417892 kB
Buffers:           92448 kB
Cached:           539220 kB
MemTotal:        1844596 kB
MemFree:          886956 kB
MemAvailable:    1419068 kB
Buffers:           92448 kB
Cached:           539220 kB
MemTotal:        1844596 kB
MemFree:          886716 kB
MemAvailable:    1418828 kB
Buffers:           92448 kB
Cached:           539220 kB
MemTotal:        1844596 kB
MemFree:          886968 kB
MemAvailable:    1419080 kB
Buffers:           92448 kB
Cached:           539220 kB
MemTotal:        1844596 kB
MemFree:          886708 kB
MemAvailable:    1418820 kB
Buffers:           92448 kB
Cached:           539220 kB
MemTotal:        1844596 kB
MemFree:          886336 kB
MemAvailable:    1418448 kB
Buffers:           92448 kB
Cached:           539220 kB
MemTotal:        1844596 kB
MemFree:          886336 kB
MemAvailable:    1418448 kB
Buffers:           92448 kB
Cached:           539220 kB
MemTotal:        1844596 kB
MemFree:          886412 kB
MemAvailable:    1418524 kB
Buffers:           92448 kB
Cached:           539220 kB
MemTotal:        1844596 kB
MemFree:          886472 kB
MemAvailable:    1418584 kB
Buffers:           92448 kB
Cached:           539220 kB
MemTotal:        1844596 kB
MemFree:          884844 kB
MemAvailable:    1416956 kB
Buffers:           92448 kB
Cached:           539220 kB
MemTotal:        1844596 kB
MemFree:          885996 kB
MemAvailable:    1418108 kB
Buffers:           92448 kB
Cached:           539220 kB
MemTotal:        1844596 kB
MemFree:          886080 kB
MemAvailable:    1418192 kB
Buffers:           92448 kB
Cached:           539220 kB
MemTotal:        1844596 kB
MemFree:          886048 kB
MemAvailable:    1418160 kB
Buffers:           92448 kB
Cached:           539220 kB
MemTotal:        1844596 kB
MemFree:          886024 kB
MemAvailable:    1418136 kB
Buffers:           92448 kB
Cached:           539220 kB
MemTotal:        1844596 kB
MemFree:          884520 kB
MemAvailable:    1416632 kB
Buffers:           92448 kB
Cached:           539220 kB
MemTotal:        1844596 kB
MemFree:          885828 kB
MemAvailable:    1417940 kB
Buffers:           92448 kB
Cached:           539220 kB
MemTotal:        1844596 kB
MemFree:          884520 kB
MemAvailable:    1416632 kB
Buffers:           92448 kB
Cached:           539220 kB
MemTotal:        1844596 kB
MemFree:          885788 kB
MemAvailable:    1417900 kB
Buffers:           92448 kB
Cached:           539220 kB
MemTotal:        1844596 kB
MemFree:          884680 kB
MemAvailable:    1416792 kB
Buffers:           92448 kB
Cached:           539220 kB
MemTotal:        1844596 kB
MemFree:          885352 kB
MemAvailable:    1417464 kB
Buffers:           92448 kB
Cached:           539220 kB
MemTotal:        1844596 kB
MemFree:          885352 kB
MemAvailable:    1417464 kB
Buffers:           92448 kB
Cached:           539220 kB
MemTotal:        1844596 kB
MemFree:          885328 kB
MemAvailable:    1417440 kB
Buffers:           92448 kB
Cached:           539220 kB
MemTotal:        1844596 kB
MemFree:          884412 kB
MemAvailable:    1416524 kB
Buffers:           92448 kB
Cached:           539220 kB
MemTotal:        1844596 kB
MemFree:          885384 kB
MemAvailable:    1417496 kB
Buffers:           92448 kB
Cached:           539220 kB
MemTotal:        1844596 kB
MemFree:          885384 kB
MemAvailable:    1417496 kB
Buffers:           92448 kB
Cached:           539220 kB
MemTotal:        1844596 kB
MemFree:          885528 kB
MemAvailable:    1417640 kB
Buffers:           92448 kB
Cached:           539220 kB
MemTotal:        1844596 kB
MemFree:          885640 kB
MemAvailable:    1417752 kB
Buffers:           92448 kB
Cached:           539220 kB
MemTotal:        1844596 kB
MemFree:          884020 kB
MemAvailable:    1416132 kB
Buffers:           92448 kB
Cached:           539220 kB
MemTotal:        1844596 kB
MemFree:          885536 kB
MemAvailable:    1417648 kB
Buffers:           92448 kB
Cached:           539220 kB
MemTotal:        1844596 kB
MemFree:          884672 kB
MemAvailable:    1416784 kB
Buffers:           92448 kB
Cached:           539220 kB
MemTotal:        1844596 kB
MemFree:          884540 kB
MemAvailable:    1416652 kB
Buffers:           92448 kB
Cached:           539220 kB
MemTotal:        1844596 kB
MemFree:          885848 kB
MemAvailable:    1417960 kB
Buffers:           92448 kB
Cached:           539220 kB
MemTotal:        1844596 kB
MemFree:          884672 kB
MemAvailable:    1416784 kB
Buffers:           92448 kB
Cached:           539220 kB
MemTotal:        1844596 kB
MemFree:          885968 kB
MemAvailable:    1418080 kB
Buffers:           92448 kB
Cached:           539220 kB
MemTotal:        1844596 kB
MemFree:          884284 kB
MemAvailable:    1416396 kB
Buffers:           92448 kB
Cached:           539220 kB
MemTotal:        1844596 kB
MemFree:          885584 kB
MemAvailable:    1417696 kB
Buffers:           92448 kB
Cached:           539220 kB
MemTotal:        1844596 kB
MemFree:          885648 kB
MemAvailable:    1417760 kB
Buffers:           92448 kB
Cached:           539220 kB
MemTotal:        1844596 kB
MemFree:          885544 kB
MemAvailable:    1417656 kB
Buffers:           92448 kB
Cached:           539220 kB
MemTotal:        1844596 kB
MemFree:          884484 kB
MemAvailable:    1416596 kB
Buffers:           92448 kB
Cached:           539220 kB
MemTotal:        1844596 kB
MemFree:          884236 kB
MemAvailable:    1416348 kB
Buffers:           92448 kB
Cached:           539220 kB
MemTotal:        1844596 kB
MemFree:          885372 kB
MemAvailable:    1417484 kB
Buffers:           92448 kB
Cached:           539220 kB
MemTotal:        1844596 kB
MemFree:          885036 kB
MemAvailable:    1417148 kB
Buffers:           92448 kB
Cached:           539220 kB
MemTotal:        1844596 kB
MemFree:          885104 kB
MemAvailable:    1417216 kB
Buffers:           92448 kB
Cached:           539220 kB
MemTotal:        1844596 kB
MemFree:          884848 kB
MemAvailable:    1416960 kB
Buffers:           92448 kB
Cached:           539220 kB
MemTotal:        1844596 kB
MemFree:          884904 kB
MemAvailable:    1417016 kB
Buffers:           92448 kB
Cached:           539220 kB
MemTotal:        1844596 kB
MemFree:          884608 kB
MemAvailable:    1416720 kB
Buffers:           92448 kB
Cached:           539220 kB
MemTotal:        1844596 kB
MemFree:          884860 kB
MemAvailable:    1416972 kB
Buffers:           92448 kB
Cached:           539220 kB
MemTotal:        1844596 kB
MemFree:          883424 kB
MemAvailable:    1415536 kB
Buffers:           92448 kB
Cached:           539220 kB
MemTotal:        1844596 kB
MemFree:          884748 kB
MemAvailable:    1416860 kB
Buffers:           92448 kB
Cached:           539220 kB
MemTotal:        1844596 kB
MemFree:          884720 kB
MemAvailable:    1416832 kB
Buffers:           92448 kB
Cached:           539220 kB
MemTotal:        1844596 kB
MemFree:          884576 kB
MemAvailable:    1416688 kB
Buffers:           92448 kB
Cached:           539220 kB
MemTotal:        1844596 kB
MemFree:          884748 kB
MemAvailable:    1416860 kB
Buffers:           92448 kB
Cached:           539220 kB
MemTotal:        1844596 kB
MemFree:          884544 kB
MemAvailable:    1416656 kB
Buffers:           92448 kB
Cached:           539220 kB
MemTotal:        1844596 kB
MemFree:          884676 kB
MemAvailable:    1416788 kB
Buffers:           92448 kB
Cached:           539220 kB
MemTotal:        1844596 kB
MemFree:          883536 kB
MemAvailable:    1415648 kB
Buffers:           92448 kB
Cached:           539220 kB
MemTotal:        1844596 kB
MemFree:          884736 kB
MemAvailable:    1416848 kB
Buffers:           92448 kB
Cached:           539220 kB
MemTotal:        1844596 kB
MemFree:          883364 kB
MemAvailable:    1415476 kB
Buffers:           92448 kB
Cached:           539220 kB
MemTotal:        1844596 kB
MemFree:          884664 kB
MemAvailable:    1416776 kB
Buffers:           92448 kB
Cached:           539220 kB
MemTotal:        1844596 kB
MemFree:          883484 kB
MemAvailable:    1415596 kB
Buffers:           92448 kB
Cached:           539220 kB
MemTotal:        1844596 kB
MemFree:          883396 kB
MemAvailable:    1415508 kB
Buffers:           92448 kB
Cached:           539220 kB
MemTotal:        1844596 kB
MemFree:          884792 kB
MemAvailable:    1416904 kB
Buffers:           92448 kB
Cached:           539220 kB
MemTotal:        1844596 kB
MemFree:          883804 kB
MemAvailable:    1415916 kB
Buffers:           92448 kB
Cached:           539220 kB
MemTotal:        1844596 kB
MemFree:          885044 kB
MemAvailable:    1417160 kB
Buffers:           92448 kB
Cached:           539224 kB
MemTotal:        1844596 kB
MemFree:          884780 kB
MemAvailable:    1416896 kB
Buffers:           92448 kB
Cached:           539224 kB
MemTotal:        1844596 kB
MemFree:          884864 kB
MemAvailable:    1416980 kB
Buffers:           92448 kB
Cached:           539224 kB
MemTotal:        1844596 kB
MemFree:          889828 kB
MemAvailable:    1421944 kB
Buffers:           92448 kB
Cached:           539224 kB
MemTotal:        1844596 kB
MemFree:          890080 kB
MemAvailable:    1422196 kB
Buffers:           92448 kB
Cached:           539224 kB
MemTotal:        1844596 kB
MemFree:          889320 kB
MemAvailable:    1421436 kB
Buffers:           92448 kB
Cached:           539224 kB
MemTotal:        1844596 kB
MemFree:          889072 kB
MemAvailable:    1421192 kB
Buffers:           92448 kB
Cached:           539228 kB
MemTotal:        1844596 kB
MemFree:          888940 kB
MemAvailable:    1421060 kB
Buffers:           92448 kB
Cached:           539228 kB
MemTotal:        1844596 kB
MemFree:          887756 kB
MemAvailable:    1419876 kB
Buffers:           92448 kB
Cached:           539228 kB
MemTotal:        1844596 kB
MemFree:          889004 kB
MemAvailable:    1421124 kB
Buffers:           92448 kB
Cached:           539228 kB
MemTotal:        1844596 kB
MemFree:          887888 kB
MemAvailable:    1420008 kB
Buffers:           92448 kB
Cached:           539228 kB
MemTotal:        1844596 kB
MemFree:          889120 kB
MemAvailable:    1421240 kB
Buffers:           92448 kB
Cached:           539228 kB
MemTotal:        1844596 kB
MemFree:          889260 kB
MemAvailable:    1421380 kB
Buffers:           92448 kB
Cached:           539228 kB
MemTotal:        1844596 kB
MemFree:          888884 kB
MemAvailable:    1421004 kB
Buffers:           92448 kB
Cached:           539228 kB
MemTotal:        1844596 kB
MemFree:          887576 kB
MemAvailable:    1419696 kB
Buffers:           92448 kB
Cached:           539228 kB
MemTotal:        1844596 kB
MemFree:          888948 kB
MemAvailable:    1421068 kB
Buffers:           92448 kB
Cached:           539228 kB
MemTotal:        1844596 kB
MemFree:          887832 kB
MemAvailable:    1419952 kB
Buffers:           92448 kB
Cached:           539228 kB
MemTotal:        1844596 kB
MemFree:          889044 kB
MemAvailable:    1421164 kB
Buffers:           92448 kB
Cached:           539228 kB
MemTotal:        1844596 kB
MemFree:          889116 kB
MemAvailable:    1421236 kB
Buffers:           92448 kB
Cached:           539228 kB
MemTotal:        1844596 kB
MemFree:          888848 kB
MemAvailable:    1420968 kB
Buffers:           92448 kB
Cached:           539228 kB
MemTotal:        1844596 kB
MemFree:          889096 kB
MemAvailable:    1421216 kB
Buffers:           92448 kB
Cached:           539228 kB
MemTotal:        1844596 kB
MemFree:          889068 kB
MemAvailable:    1421188 kB
Buffers:           92448 kB
Cached:           539228 kB
MemTotal:        1844596 kB
MemFree:          889068 kB
MemAvailable:    1421188 kB
Buffers:           92448 kB
Cached:           539228 kB
MemTotal:        1844596 kB
MemFree:          887844 kB
MemAvailable:    1419964 kB
Buffers:           92448 kB
Cached:           539228 kB
MemTotal:        1844596 kB
MemFree:          889084 kB
MemAvailable:    1421204 kB
Buffers:           92448 kB
Cached:           539228 kB
MemTotal:        1844596 kB
MemFree:          889068 kB
MemAvailable:    1421188 kB
Buffers:           92448 kB
Cached:           539228 kB
MemTotal:        1844596 kB
MemFree:          886516 kB
MemAvailable:    1418636 kB
Buffers:           92448 kB
Cached:           539228 kB
MemTotal:        1844596 kB
MemFree:          886852 kB
MemAvailable:    1418972 kB
Buffers:           92448 kB
Cached:           539228 kB
MemTotal:        1844596 kB
MemFree:          886268 kB
MemAvailable:    1418388 kB
Buffers:           92448 kB
Cached:           539228 kB
MemTotal:        1844596 kB
MemFree:          885292 kB
MemAvailable:    1417412 kB
Buffers:           92448 kB
Cached:           539228 kB
MemTotal:        1844596 kB
MemFree:          886200 kB
MemAvailable:    1418320 kB
Buffers:           92448 kB
Cached:           539228 kB
MemTotal:        1844596 kB
MemFree:          886220 kB
MemAvailable:    1418340 kB
Buffers:           92448 kB
Cached:           539228 kB
MemTotal:        1844596 kB
MemFree:          884796 kB
MemAvailable:    1416916 kB
Buffers:           92448 kB
Cached:           539228 kB
MemTotal:        1844596 kB
MemFree:          885772 kB
MemAvailable:    1417888 kB
Buffers:           92448 kB
Cached:           539228 kB
MemTotal:        1844596 kB
MemFree:          886108 kB
MemAvailable:    1418224 kB
Buffers:           92448 kB
Cached:           539228 kB
MemTotal:        1844596 kB
MemFree:          885808 kB
MemAvailable:    1417924 kB
Buffers:           92448 kB
Cached:           539228 kB
MemTotal:        1844596 kB
MemFree:          884548 kB
MemAvailable:    1416664 kB
Buffers:           92448 kB
Cached:           539228 kB
MemTotal:        1844596 kB
MemFree:          884540 kB
MemAvailable:    1416656 kB
Buffers:           92448 kB
Cached:           539228 kB
MemTotal:        1844596 kB
MemFree:          884508 kB
MemAvailable:    1416624 kB
Buffers:           92448 kB
Cached:           539228 kB
MemTotal:        1844596 kB
MemFree:          885368 kB
MemAvailable:    1417484 kB
Buffers:           92448 kB
Cached:           539228 kB
MemTotal:        1844596 kB
MemFree:          884288 kB
MemAvailable:    1416404 kB
Buffers:           92448 kB
Cached:           539228 kB
MemTotal:        1844596 kB
MemFree:          885228 kB
MemAvailable:    1417344 kB
Buffers:           92448 kB
Cached:           539228 kB
MemTotal:        1844596 kB
MemFree:          883936 kB
MemAvailable:    1416052 kB
Buffers:           92448 kB
Cached:           539228 kB
MemTotal:        1844596 kB
MemFree:          885184 kB
MemAvailable:    1417300 kB
Buffers:           92448 kB
Cached:           539228 kB
MemTotal:        1844596 kB
MemFree:          885104 kB
MemAvailable:    1417220 kB
Buffers:           92448 kB
Cached:           539228 kB
MemTotal:        1844596 kB
MemFree:          883804 kB
MemAvailable:    1415920 kB
Buffers:           92448 kB
Cached:           539228 kB
MemTotal:        1844596 kB
MemFree:          884768 kB
MemAvailable:    1416884 kB
Buffers:           92448 kB
Cached:           539228 kB
MemTotal:        1844596 kB
MemFree:          884672 kB
MemAvailable:    1416788 kB
Buffers:           92448 kB
Cached:           539228 kB
MemTotal:        1844596 kB
MemFree:          884668 kB
MemAvailable:    1416784 kB
Buffers:           92448 kB
Cached:           539228 kB
MemTotal:        1844596 kB
MemFree:          884596 kB
MemAvailable:    1416712 kB
Buffers:           92448 kB
Cached:           539228 kB
MemTotal:        1844596 kB
MemFree:          884672 kB
MemAvailable:    1416788 kB
Buffers:           92448 kB
Cached:           539228 kB
MemTotal:        1844596 kB
MemFree:          884532 kB
MemAvailable:    1416648 kB
Buffers:           92448 kB
Cached:           539228 kB
MemTotal:        1844596 kB
MemFree:          884968 kB
MemAvailable:    1417084 kB
Buffers:           92448 kB
Cached:           539228 kB
MemTotal:        1844596 kB
MemFree:          884636 kB
MemAvailable:    1416752 kB
Buffers:           92448 kB
Cached:           539228 kB
MemTotal:        1844596 kB
MemFree:          884636 kB
MemAvailable:    1416752 kB
Buffers:           92448 kB
Cached:           539228 kB
MemTotal:        1844596 kB
MemFree:          884584 kB
MemAvailable:    1416700 kB
Buffers:           92448 kB
Cached:           539228 kB
MemTotal:        1844596 kB
MemFree:          884800 kB
MemAvailable:    1416916 kB
Buffers:           92448 kB
Cached:           539228 kB
MemTotal:        1844596 kB
MemFree:          883492 kB
MemAvailable:    1415608 kB
Buffers:           92448 kB
Cached:           539228 kB
MemTotal:        1844596 kB
MemFree:          884668 kB
MemAvailable:    1416784 kB
Buffers:           92448 kB
Cached:           539228 kB
MemTotal:        1844596 kB
MemFree:          884788 kB
MemAvailable:    1416904 kB
Buffers:           92448 kB
Cached:           539228 kB
MemTotal:        1844596 kB
MemFree:          883804 kB
MemAvailable:    1415920 kB
Buffers:           92448 kB
Cached:           539228 kB
MemTotal:        1844596 kB
MemFree:          884780 kB
MemAvailable:    1416896 kB
Buffers:           92448 kB
Cached:           539228 kB
MemTotal:        1844596 kB
MemFree:          884672 kB
MemAvailable:    1416788 kB
Buffers:           92448 kB
Cached:           539228 kB
MemTotal:        1844596 kB
MemFree:          884668 kB
MemAvailable:    1416784 kB
Buffers:           92448 kB
Cached:           539228 kB
MemTotal:        1844596 kB
MemFree:          884664 kB
MemAvailable:    1416780 kB
Buffers:           92448 kB
Cached:           539228 kB
MemTotal:        1844596 kB
MemFree:          884916 kB
MemAvailable:    1417032 kB
Buffers:           92448 kB
Cached:           539228 kB
MemTotal:        1844596 kB
MemFree:          884676 kB
MemAvailable:    1416792 kB
Buffers:           92448 kB
Cached:           539228 kB
MemTotal:        1844596 kB
MemFree:          884520 kB
MemAvailable:    1416636 kB
Buffers:           92448 kB
Cached:           539228 kB
MemTotal:        1844596 kB
MemFree:          884856 kB
MemAvailable:    1416972 kB
Buffers:           92448 kB
Cached:           539228 kB
MemTotal:        1844596 kB
MemFree:          889124 kB
MemAvailable:    1421240 kB
Buffers:           92448 kB
Cached:           539228 kB
MemTotal:        1844596 kB
MemFree:          889036 kB
MemAvailable:    1421152 kB
Buffers:           92448 kB
Cached:           539228 kB
MemTotal:        1844596 kB
MemFree:          888144 kB
MemAvailable:    1420260 kB
Buffers:           92448 kB
Cached:           539228 kB
MemTotal:        1844596 kB
MemFree:          889128 kB
MemAvailable:    1421244 kB
Buffers:           92448 kB
Cached:           539228 kB
MemTotal:        1844596 kB
MemFree:          887756 kB
MemAvailable:    1419872 kB
Buffers:           92448 kB
Cached:           539228 kB
MemTotal:        1844596 kB
MemFree:          888800 kB
MemAvailable:    1420916 kB
Buffers:           92448 kB
Cached:           539228 kB
MemTotal:        1844596 kB
MemFree:          887276 kB
MemAvailable:    1419392 kB
Buffers:           92448 kB
Cached:           539228 kB
MemTotal:        1844596 kB
MemFree:          886468 kB
MemAvailable:    1418584 kB
Buffers:           92448 kB
Cached:           539228 kB
MemTotal:        1844596 kB
MemFree:          885160 kB
MemAvailable:    1417276 kB
Buffers:           92448 kB
Cached:           539228 kB
MemTotal:        1844596 kB
MemFree:          886028 kB
MemAvailable:    1418156 kB
Buffers:           92448 kB
Cached:           539240 kB
MemTotal:        1844596 kB
MemFree:          886280 kB
MemAvailable:    1418408 kB
Buffers:           92448 kB
Cached:           539240 kB
MemTotal:        1844596 kB
MemFree:          885760 kB
MemAvailable:    1417888 kB
Buffers:           92448 kB
Cached:           539240 kB
MemTotal:        1844596 kB
MemFree:          885416 kB
MemAvailable:    1417544 kB
Buffers:           92448 kB
Cached:           539240 kB
MemTotal:        1844596 kB
MemFree:          884616 kB
MemAvailable:    1416744 kB
Buffers:           92448 kB
Cached:           539240 kB
MemTotal:        1844596 kB
MemFree:          884616 kB
MemAvailable:    1416744 kB
Buffers:           92448 kB
Cached:           539240 kB
MemTotal:        1844596 kB
MemFree:          885916 kB
MemAvailable:    1418044 kB
Buffers:           92448 kB
Cached:           539240 kB
MemTotal:        1844596 kB
MemFree:          885972 kB
MemAvailable:    1418100 kB
Buffers:           92448 kB
Cached:           539240 kB
MemTotal:        1844596 kB
MemFree:          885728 kB
MemAvailable:    1417856 kB
Buffers:           92448 kB
Cached:           539240 kB
MemTotal:        1844596 kB
MemFree:          884284 kB
MemAvailable:    1416412 kB
Buffers:           92448 kB
Cached:           539240 kB
MemTotal:        1844596 kB
MemFree:          884052 kB
MemAvailable:    1416180 kB
Buffers:           92448 kB
Cached:           539240 kB
MemTotal:        1844596 kB
MemFree:          885036 kB
MemAvailable:    1417164 kB
Buffers:           92448 kB
Cached:           539240 kB
MemTotal:        1844596 kB
MemFree:          885120 kB
MemAvailable:    1417248 kB
Buffers:           92448 kB
Cached:           539240 kB
MemTotal:        1844596 kB
MemFree:          884840 kB
MemAvailable:    1416968 kB
Buffers:           92448 kB
Cached:           539240 kB
MemTotal:        1844596 kB
MemFree:          884600 kB
MemAvailable:    1416728 kB
Buffers:           92448 kB
Cached:           539240 kB
MemTotal:        1844596 kB
MemFree:          884672 kB
MemAvailable:    1416800 kB
Buffers:           92448 kB
Cached:           539240 kB
MemTotal:        1844596 kB
MemFree:          883368 kB
MemAvailable:    1415496 kB
Buffers:           92448 kB
Cached:           539240 kB
MemTotal:        1844596 kB
MemFree:          884476 kB
MemAvailable:    1416604 kB
Buffers:           92448 kB
Cached:           539240 kB
MemTotal:        1844596 kB
MemFree:          884728 kB
MemAvailable:    1416856 kB
Buffers:           92448 kB
Cached:           539240 kB
MemTotal:        1844596 kB
MemFree:          884612 kB
MemAvailable:    1416740 kB
Buffers:           92448 kB
Cached:           539240 kB
MemTotal:        1844596 kB
MemFree:          884432 kB
MemAvailable:    1416560 kB
Buffers:           92448 kB
Cached:           539240 kB
MemTotal:        1844596 kB
MemFree:          883292 kB
MemAvailable:    1415420 kB
Buffers:           92448 kB
Cached:           539240 kB
MemTotal:        1844596 kB
MemFree:          884392 kB
MemAvailable:    1416520 kB
Buffers:           92448 kB
Cached:           539240 kB
MemTotal:        1844596 kB
MemFree:          884540 kB
MemAvailable:    1416668 kB
Buffers:           92448 kB
Cached:           539240 kB
MemTotal:        1844596 kB
MemFree:          883548 kB
MemAvailable:    1415676 kB
Buffers:           92448 kB
Cached:           539240 kB
MemTotal:        1844596 kB
MemFree:          884608 kB
MemAvailable:    1416736 kB
Buffers:           92448 kB
Cached:           539240 kB
MemTotal:        1844596 kB
MemFree:          884860 kB
MemAvailable:    1416988 kB
Buffers:           92448 kB
Cached:           539240 kB
MemTotal:        1844596 kB
MemFree:          884484 kB
MemAvailable:    1416612 kB
Buffers:           92448 kB
Cached:           539240 kB
MemTotal:        1844596 kB
MemFree:          884740 kB
MemAvailable:    1416868 kB
Buffers:           92448 kB
Cached:           539240 kB
MemTotal:        1844596 kB
MemFree:          884580 kB
MemAvailable:    1416708 kB
Buffers:           92448 kB
Cached:           539240 kB
MemTotal:        1844596 kB
MemFree:          884708 kB
MemAvailable:    1416836 kB
Buffers:           92448 kB
Cached:           539240 kB
MemTotal:        1844596 kB
MemFree:          883804 kB
MemAvailable:    1415932 kB
Buffers:           92448 kB
Cached:           539240 kB
MemTotal:        1844596 kB
MemFree:          884648 kB
MemAvailable:    1416776 kB
Buffers:           92448 kB
Cached:           539240 kB
MemTotal:        1844596 kB
MemFree:          884776 kB
MemAvailable:    1416904 kB
Buffers:           92448 kB
Cached:           539240 kB
MemTotal:        1844596 kB
MemFree:          884408 kB
MemAvailable:    1416536 kB
Buffers:           92448 kB
Cached:           539240 kB
MemTotal:        1844596 kB
MemFree:          884260 kB
MemAvailable:    1416388 kB
Buffers:           92448 kB
Cached:           539240 kB
MemTotal:        1844596 kB
MemFree:          883148 kB
MemAvailable:    1415276 kB
Buffers:           92448 kB
Cached:           539240 kB
MemTotal:        1844596 kB
MemFree:          884796 kB
MemAvailable:    1416924 kB
Buffers:           92448 kB
Cached:           539240 kB
MemTotal:        1844596 kB
MemFree:          884608 kB
MemAvailable:    1416736 kB
Buffers:           92448 kB
Cached:           539240 kB
MemTotal:        1844596 kB
MemFree:          884540 kB
MemAvailable:    1416668 kB
Buffers:           92448 kB
Cached:           539240 kB
MemTotal:        1844596 kB
MemFree:          884796 kB
MemAvailable:    1416924 kB
Buffers:           92448 kB
Cached:           539240 kB
MemTotal:        1844596 kB
MemFree:          884492 kB
MemAvailable:    1416620 kB
Buffers:           92448 kB
Cached:           539240 kB
MemTotal:        1844596 kB
MemFree:          884748 kB
MemAvailable:    1416876 kB
Buffers:           92448 kB
Cached:           539240 kB
MemTotal:        1844596 kB
MemFree:          884532 kB
MemAvailable:    1416660 kB
Buffers:           92448 kB
Cached:           539240 kB
MemTotal:        1844596 kB
MemFree:          884744 kB
MemAvailable:    1416872 kB
Buffers:           92448 kB
Cached:           539240 kB
MemTotal:        1844596 kB
MemFree:          884360 kB
MemAvailable:    1416488 kB
Buffers:           92448 kB
Cached:           539240 kB
MemTotal:        1844596 kB
MemFree:          884612 kB
MemAvailable:    1416740 kB
Buffers:           92448 kB
Cached:           539240 kB
MemTotal:        1844596 kB
MemFree:          884344 kB
MemAvailable:    1416472 kB
Buffers:           92448 kB
Cached:           539240 kB
MemTotal:        1844596 kB
MemFree:          883804 kB
MemAvailable:    1415932 kB
Buffers:           92448 kB
Cached:           539240 kB
MemTotal:        1844596 kB
MemFree:          884464 kB
MemAvailable:    1416592 kB
Buffers:           92448 kB
Cached:           539240 kB
MemTotal:        1844596 kB
MemFree:          884524 kB
MemAvailable:    1416652 kB
Buffers:           92448 kB
Cached:           539240 kB
MemTotal:        1844596 kB
MemFree:          884276 kB
MemAvailable:    1416404 kB
Buffers:           92448 kB
Cached:           539240 kB
MemTotal:        1844596 kB
MemFree:          884212 kB
MemAvailable:    1416340 kB
Buffers:           92448 kB
Cached:           539240 kB
MemTotal:        1844596 kB
MemFree:          884464 kB
MemAvailable:    1416592 kB
Buffers:           92448 kB
Cached:           539240 kB
MemTotal:        1844596 kB
MemFree:          884236 kB
MemAvailable:    1416364 kB
Buffers:           92448 kB
Cached:           539240 kB
MemTotal:        1844596 kB
MemFree:          884396 kB
MemAvailable:    1416524 kB
Buffers:           92448 kB
Cached:           539240 kB
MemTotal:        1844596 kB
MemFree:          883936 kB
MemAvailable:    1416064 kB
Buffers:           92448 kB
Cached:           539240 kB
MemTotal:        1844596 kB
MemFree:          884436 kB
MemAvailable:    1416564 kB
Buffers:           92448 kB
Cached:           539240 kB
MemTotal:        1844596 kB
MemFree:          884356 kB
MemAvailable:    1416484 kB
Buffers:           92448 kB
Cached:           539240 kB
MemTotal:        1844596 kB
MemFree:          884036 kB
MemAvailable:    1416164 kB
Buffers:           92448 kB
Cached:           539240 kB
MemTotal:        1844596 kB
MemFree:          885004 kB
MemAvailable:    1417132 kB
Buffers:           92448 kB
Cached:           539240 kB
MemTotal:        1844596 kB
MemFree:          884732 kB
MemAvailable:    1416860 kB
Buffers:           92448 kB
Cached:           539240 kB
MemTotal:        1844596 kB
MemFree:          883556 kB
MemAvailable:    1415684 kB
Buffers:           92448 kB
Cached:           539240 kB
MemTotal:        1844596 kB
MemFree:          884364 kB
MemAvailable:    1416492 kB
Buffers:           92448 kB
Cached:           539240 kB
MemTotal:        1844596 kB
MemFree:          884616 kB
MemAvailable:    1416744 kB
Buffers:           92448 kB
Cached:           539240 kB
MemTotal:        1844596 kB
MemFree:          884328 kB
MemAvailable:    1416456 kB
Buffers:           92448 kB
Cached:           539240 kB
MemTotal:        1844596 kB
MemFree:          884500 kB
MemAvailable:    1416628 kB
Buffers:           92448 kB
Cached:           539240 kB
MemTotal:        1844596 kB
MemFree:          884264 kB
MemAvailable:    1416392 kB
Buffers:           92448 kB
Cached:           539240 kB
MemTotal:        1844596 kB
MemFree:          884516 kB
MemAvailable:    1416644 kB
Buffers:           92448 kB
Cached:           539240 kB
MemTotal:        1844596 kB
MemFree:          883236 kB
MemAvailable:    1415364 kB
Buffers:           92448 kB
Cached:           539240 kB
MemTotal:        1844596 kB
MemFree:          883368 kB
MemAvailable:    1415496 kB
Buffers:           92448 kB
Cached:           539240 kB
MemTotal:        1844596 kB
MemFree:          884176 kB
MemAvailable:    1416304 kB
Buffers:           92448 kB
Cached:           539240 kB
MemTotal:        1844596 kB
MemFree:          883036 kB
MemAvailable:    1415164 kB
Buffers:           92448 kB
Cached:           539240 kB
MemTotal:        1844596 kB
MemFree:          883184 kB
MemAvailable:    1415320 kB
Buffers:           92448 kB
Cached:           539248 kB
MemTotal:        1844596 kB
MemFree:          883184 kB
MemAvailable:    1415320 kB
Buffers:           92448 kB
Cached:           539248 kB
MemTotal:        1844596 kB
MemFree:          884484 kB
MemAvailable:    1416620 kB
Buffers:           92448 kB
Cached:           539248 kB
MemTotal:        1844596 kB
MemFree:          883556 kB
MemAvailable:    1415692 kB
Buffers:           92448 kB
Cached:           539248 kB
MemTotal:        1844596 kB
MemFree:          883004 kB
MemAvailable:    1415140 kB
Buffers:           92448 kB
Cached:           539248 kB
MemTotal:        1844596 kB
MemFree:          884304 kB
MemAvailable:    1416440 kB
Buffers:           92448 kB
Cached:           539248 kB
MemTotal:        1844596 kB
MemFree:          884304 kB
MemAvailable:    1416440 kB
Buffers:           92448 kB
Cached:           539248 kB
MemTotal:        1844596 kB
MemFree:          883432 kB
MemAvailable:    1415568 kB
Buffers:           92448 kB
Cached:           539248 kB
MemTotal:        1844596 kB
MemFree:          884148 kB
MemAvailable:    1416284 kB
Buffers:           92448 kB
Cached:           539248 kB
MemTotal:        1844596 kB
MemFree:          884484 kB
MemAvailable:    1416620 kB
Buffers:           92448 kB
Cached:           539248 kB
MemTotal:        1844596 kB
MemFree:          884292 kB
MemAvailable:    1416428 kB
Buffers:           92448 kB
Cached:           539248 kB
MemTotal:        1844596 kB
MemFree:          883284 kB
MemAvailable:    1415420 kB
Buffers:           92448 kB
Cached:           539248 kB
MemTotal:        1844596 kB
MemFree:          884312 kB
MemAvailable:    1416448 kB
Buffers:           92448 kB
Cached:           539248 kB
MemTotal:        1844596 kB
MemFree:          884232 kB
MemAvailable:    1416368 kB
Buffers:           92448 kB
Cached:           539248 kB
MemTotal:        1844596 kB
MemFree:          884484 kB
MemAvailable:    1416620 kB
Buffers:           92448 kB
Cached:           539248 kB
MemTotal:        1844596 kB
MemFree:          884296 kB
MemAvailable:    1416432 kB
Buffers:           92448 kB
Cached:           539248 kB
MemTotal:        1844596 kB
MemFree:          884404 kB
MemAvailable:    1416540 kB
Buffers:           92448 kB
Cached:           539248 kB
MemTotal:        1844596 kB
MemFree:          884184 kB
MemAvailable:    1416320 kB
Buffers:           92448 kB
Cached:           539248 kB
MemTotal:        1844596 kB
MemFree:          884436 kB
MemAvailable:    1416572 kB
Buffers:           92448 kB
Cached:           539248 kB
MemTotal:        1844596 kB
MemFree:          883256 kB
MemAvailable:    1415392 kB
Buffers:           92448 kB
Cached:           539248 kB
MemTotal:        1844596 kB
MemFree:          884468 kB
MemAvailable:    1416604 kB
Buffers:           92448 kB
Cached:           539248 kB
MemTotal:        1844596 kB
MemFree:          884292 kB
MemAvailable:    1416428 kB
Buffers:           92448 kB
Cached:           539248 kB
MemTotal:        1844596 kB
MemFree:          884184 kB
MemAvailable:    1416320 kB
Buffers:           92448 kB
Cached:           539248 kB
MemTotal:        1844596 kB
MemFree:          884436 kB
MemAvailable:    1416572 kB
Buffers:           92448 kB
Cached:           539248 kB
MemTotal:        1844596 kB
MemFree:          884348 kB
MemAvailable:    1416484 kB
Buffers:           92448 kB
Cached:           539248 kB
MemTotal:        1844596 kB
MemFree:          884472 kB
MemAvailable:    1416608 kB
Buffers:           92448 kB
Cached:           539248 kB
MemTotal:        1844596 kB
MemFree:          883432 kB
MemAvailable:    1415568 kB
Buffers:           92448 kB
Cached:           539248 kB
MemTotal:        1844596 kB
MemFree:          884284 kB
MemAvailable:    1416420 kB
Buffers:           92448 kB
Cached:           539248 kB
MemTotal:        1844596 kB
MemFree:          884536 kB
MemAvailable:    1416672 kB
Buffers:           92448 kB
Cached:           539248 kB
MemTotal:        1844596 kB
MemFree:          884464 kB
MemAvailable:    1416600 kB
Buffers:           92448 kB
Cached:           539248 kB
MemTotal:        1844596 kB
MemFree:          883024 kB
MemAvailable:    1415160 kB
Buffers:           92448 kB
Cached:           539248 kB
MemTotal:        1844596 kB
MemFree:          884208 kB
MemAvailable:    1416344 kB
Buffers:           92448 kB
Cached:           539248 kB
MemTotal:        1844596 kB
MemFree:          882900 kB
MemAvailable:    1415036 kB
Buffers:           92448 kB
Cached:           539248 kB
MemTotal:        1844596 kB
MemFree:          884160 kB
MemAvailable:    1416296 kB
Buffers:           92448 kB
Cached:           539248 kB
MemTotal:        1844596 kB
MemFree:          882932 kB
MemAvailable:    1415068 kB
Buffers:           92448 kB
Cached:           539248 kB
MemTotal:        1844596 kB
MemFree:          882680 kB
MemAvailable:    1414816 kB
Buffers:           92448 kB
Cached:           539248 kB
MemTotal:        1844596 kB
MemFree:          883856 kB
MemAvailable:    1415992 kB
Buffers:           92448 kB
Cached:           539248 kB
MemTotal:        1844596 kB
MemFree:          884108 kB
MemAvailable:    1416244 kB
Buffers:           92448 kB
Cached:           539248 kB
MemTotal:        1844596 kB
MemFree:          882872 kB
MemAvailable:    1415008 kB
Buffers:           92448 kB
Cached:           539248 kB
MemTotal:        1844596 kB
MemFree:          883924 kB
MemAvailable:    1416060 kB
Buffers:           92448 kB
Cached:           539248 kB
MemTotal:        1844596 kB
MemFree:          884168 kB
MemAvailable:    1416304 kB
Buffers:           92448 kB
Cached:           539248 kB
MemTotal:        1844596 kB
MemFree:          883844 kB
MemAvailable:    1415980 kB
Buffers:           92448 kB
Cached:           539248 kB
MemTotal:        1844596 kB
MemFree:          884096 kB
MemAvailable:    1416232 kB
Buffers:           92448 kB
Cached:           539248 kB
MemTotal:        1844596 kB
MemFree:          884100 kB
MemAvailable:    1416236 kB
Buffers:           92448 kB
Cached:           539248 kB
MemTotal:        1844596 kB
MemFree:          884028 kB
MemAvailable:    1416164 kB
Buffers:           92448 kB
Cached:           539248 kB
MemTotal:        1844596 kB
MemFree:          883316 kB
MemAvailable:    1415452 kB
Buffers:           92448 kB
Cached:           539248 kB
MemTotal:        1844596 kB
MemFree:          883848 kB
MemAvailable:    1415984 kB
Buffers:           92448 kB
Cached:           539248 kB
MemTotal:        1844596 kB
MemFree:          884064 kB
MemAvailable:    1416200 kB
Buffers:           92448 kB
Cached:           539248 kB
MemTotal:        1844596 kB
MemFree:          884100 kB
MemAvailable:    1416236 kB
Buffers:           92448 kB
Cached:           539248 kB
MemTotal:        1844596 kB
MemFree:          883908 kB
MemAvailable:    1416044 kB
Buffers:           92448 kB
Cached:           539248 kB
MemTotal:        1844596 kB
MemFree:          882668 kB
MemAvailable:    1414804 kB
Buffers:           92448 kB
Cached:           539248 kB
MemTotal:        1844596 kB
MemFree:          883900 kB
MemAvailable:    1416036 kB
Buffers:           92448 kB
Cached:           539248 kB
MemTotal:        1844596 kB
MemFree:          883000 kB
MemAvailable:    1415136 kB
Buffers:           92448 kB
Cached:           539248 kB
MemTotal:        1844596 kB
MemFree:          883824 kB
MemAvailable:    1415960 kB
Buffers:           92448 kB
Cached:           539248 kB
MemTotal:        1844596 kB
MemFree:          884040 kB
MemAvailable:    1416176 kB
Buffers:           92448 kB
Cached:           539248 kB
MemTotal:        1844596 kB
MemFree:          883184 kB
MemAvailable:    1415320 kB
Buffers:           92448 kB
Cached:           539248 kB
MemTotal:        1844596 kB
MemFree:          883956 kB
MemAvailable:    1416092 kB
Buffers:           92448 kB
Cached:           539248 kB
MemTotal:        1844596 kB
MemFree:          883992 kB
MemAvailable:    1416128 kB
Buffers:           92448 kB
Cached:           539248 kB
MemTotal:        1844596 kB
MemFree:          884160 kB
MemAvailable:    1416296 kB
Buffers:           92448 kB
Cached:           539248 kB
MemTotal:        1844596 kB
MemFree:          882632 kB
MemAvailable:    1414768 kB
Buffers:           92448 kB
Cached:           539248 kB
MemTotal:        1844596 kB
MemFree:          884088 kB
MemAvailable:    1416224 kB
Buffers:           92448 kB
Cached:           539248 kB
MemTotal:        1844596 kB
MemFree:          884044 kB
MemAvailable:    1416180 kB
Buffers:           92448 kB
Cached:           539248 kB
MemTotal:        1844596 kB
MemFree:          884044 kB
MemAvailable:    1416180 kB
Buffers:           92448 kB
Cached:           539248 kB
MemTotal:        1844596 kB
MemFree:          884004 kB
MemAvailable:    1416140 kB
Buffers:           92448 kB
Cached:           539248 kB
MemTotal:        1844596 kB
MemFree:          882756 kB
MemAvailable:    1414892 kB
Buffers:           92448 kB
Cached:           539248 kB
MemTotal:        1844596 kB
MemFree:          883048 kB
MemAvailable:    1415184 kB
Buffers:           92448 kB
Cached:           539248 kB
MemTotal:        1844596 kB
MemFree:          884116 kB
MemAvailable:    1416252 kB
Buffers:           92448 kB
Cached:           539248 kB
MemTotal:        1844596 kB
MemFree:          883904 kB
MemAvailable:    1416040 kB
Buffers:           92448 kB
Cached:           539248 kB
MemTotal:        1844596 kB
MemFree:          884020 kB
MemAvailable:    1416156 kB
Buffers:           92448 kB
Cached:           539248 kB
MemTotal:        1844596 kB
MemFree:          882804 kB
MemAvailable:    1414940 kB
Buffers:           92448 kB
Cached:           539248 kB
MemTotal:        1844596 kB
MemFree:          883932 kB
MemAvailable:    1416068 kB
Buffers:           92448 kB
Cached:           539248 kB
MemTotal:        1844596 kB
MemFree:          883532 kB
MemAvailable:    1415676 kB
Buffers:           92448 kB
Cached:           539256 kB
MemTotal:        1844596 kB
MemFree:          882812 kB
MemAvailable:    1414956 kB
Buffers:           92448 kB
Cached:           539256 kB
MemTotal:        1844596 kB
MemFree:          883444 kB
MemAvailable:    1415592 kB
Buffers:           92448 kB
Cached:           539260 kB
MemTotal:        1844596 kB
MemFree:          882564 kB
MemAvailable:    1414712 kB
Buffers:           92448 kB
Cached:           539260 kB
MemTotal:        1844596 kB
MemFree:          883680 kB
MemAvailable:    1415828 kB
Buffers:           92448 kB
Cached:           539260 kB
MemTotal:        1844596 kB
MemFree:          883484 kB
MemAvailable:    1415632 kB
Buffers:           92448 kB
Cached:           539260 kB
MemTotal:        1844596 kB
MemFree:          882260 kB
MemAvailable:    1414408 kB
Buffers:           92448 kB
Cached:           539260 kB
MemTotal:        1844596 kB
MemFree:          883404 kB
MemAvailable:    1415552 kB
Buffers:           92448 kB
Cached:           539260 kB
MemTotal:        1844596 kB
MemFree:          883184 kB
MemAvailable:    1415332 kB
Buffers:           92448 kB
Cached:           539260 kB
MemTotal:        1844596 kB
MemFree:          883472 kB
MemAvailable:    1415620 kB
Buffers:           92448 kB
Cached:           539260 kB
MemTotal:        1844596 kB
MemFree:          883432 kB
MemAvailable:    1415580 kB
Buffers:           92448 kB
Cached:           539260 kB
MemTotal:        1844596 kB
MemFree:          882688 kB
MemAvailable:    1414836 kB
Buffers:           92448 kB
Cached:           539260 kB
MemTotal:        1844596 kB
MemFree:          882192 kB
MemAvailable:    1414340 kB
Buffers:           92448 kB
Cached:           539260 kB
MemTotal:        1844596 kB
MemFree:          882268 kB
MemAvailable:    1414416 kB
Buffers:           92448 kB
Cached:           539260 kB
MemTotal:        1844596 kB
MemFree:          883444 kB
MemAvailable:    1415592 kB
Buffers:           92448 kB
Cached:           539260 kB
MemTotal:        1844596 kB
MemFree:          883444 kB
MemAvailable:    1415592 kB
Buffers:           92448 kB
Cached:           539260 kB
MemTotal:        1844596 kB
MemFree:          883496 kB
MemAvailable:    1415644 kB
Buffers:           92448 kB
Cached:           539260 kB
MemTotal:        1844596 kB
MemFree:          882000 kB
MemAvailable:    1414148 kB
Buffers:           92448 kB
Cached:           539260 kB
MemTotal:        1844596 kB
MemFree:          882192 kB
MemAvailable:    1414340 kB
Buffers:           92448 kB
Cached:           539260 kB
MemTotal:        1844596 kB
MemFree:          883432 kB
MemAvailable:    1415580 kB
Buffers:           92448 kB
Cached:           539260 kB
MemTotal:        1844596 kB
MemFree:          883252 kB
MemAvailable:    1415400 kB
Buffers:           92448 kB
Cached:           539260 kB
MemTotal:        1844596 kB
MemFree:          883504 kB
MemAvailable:    1415652 kB
Buffers:           92448 kB
Cached:           539260 kB
MemTotal:        1844596 kB
MemFree:          882440 kB
MemAvailable:    1414588 kB
Buffers:           92448 kB
Cached:           539260 kB
MemTotal:        1844596 kB
MemFree:          883252 kB
MemAvailable:    1415400 kB
Buffers:           92448 kB
Cached:           539260 kB
MemTotal:        1844596 kB
MemFree:          883252 kB
MemAvailable:    1415400 kB
Buffers:           92448 kB
Cached:           539260 kB
MemTotal:        1844596 kB
MemFree:          882172 kB
MemAvailable:    1414320 kB
Buffers:           92448 kB
Cached:           539260 kB
MemTotal:        1844596 kB
MemFree:          883372 kB
MemAvailable:    1415520 kB
Buffers:           92448 kB
Cached:           539260 kB
MemTotal:        1844596 kB
MemFree:          883624 kB
MemAvailable:    1415772 kB
Buffers:           92448 kB
Cached:           539260 kB
MemTotal:        1844596 kB
MemFree:          883616 kB
MemAvailable:    1415764 kB
Buffers:           92448 kB
Cached:           539260 kB
MemTotal:        1844596 kB
MemFree:          882056 kB
MemAvailable:    1414204 kB
Buffers:           92448 kB
Cached:           539260 kB
MemTotal:        1844596 kB
MemFree:          883360 kB
MemAvailable:    1415508 kB
Buffers:           92448 kB
Cached:           539260 kB
MemTotal:        1844596 kB
MemFree:          883424 kB
MemAvailable:    1415572 kB
Buffers:           92448 kB
Cached:           539260 kB
MemTotal:        1844596 kB
MemFree:          883636 kB
MemAvailable:    1415784 kB
Buffers:           92448 kB
Cached:           539260 kB
MemTotal:        1844596 kB
MemFree:          882144 kB
MemAvailable:    1414292 kB
Buffers:           92448 kB
Cached:           539260 kB
MemTotal:        1844596 kB
