MemTotal:        1844596 kB
MemFree:         1628744 kB
MemAvailable:    1614416 kB
Buffers:           16336 kB
Cached:            94824 kB
MemTotal:        1844596 kB
MemFree:         1581732 kB
MemAvailable:    1567432 kB
Buffers:           16336 kB
Cached:            94812 kB
MemTotal:        1844596 kB
MemFree:         1581236 kB
MemAvailable:    1566936 kB
Buffers:           16336 kB
Cached:            94812 kB
MemTotal:        1844596 kB
MemFree:         1581040 kB
MemAvailable:    1566740 kB
Buffers:           16336 kB
Cached:            94812 kB
MemTotal:        1844596 kB
MemFree:         1580848 kB
MemAvailable:    1566548 kB
Buffers:           16336 kB
Cached:            94812 kB
MemTotal:        1844596 kB
MemFree:         1580652 kB
MemAvailable:    1566352 kB
Buffers:           16336 kB
Cached:            94812 kB
MemTotal:        1844596 kB
MemFree:         1580520 kB
MemAvailable:    1566220 kB
Buffers:           16336 kB
Cached:            94812 kB
MemTotal:        1844596 kB
MemFree:         1580668 kB
MemAvailable:    1566368 kB
Buffers:           16336 kB
Cached:            94812 kB
MemTotal:        1844596 kB
MemFree:         1580460 kB
MemAvailable:    1566160 kB
Buffers:           16336 kB
Cached:            94812 kB
MemTotal:        1844596 kB
MemFree:         1580468 kB
MemAvailable:    1566168 kB
Buffers:           16336 kB
Cached:            94812 kB
MemTotal:        1844596 kB
MemFree:         1580396 kB
MemAvailable:    1566096 kB
Buffers:           16336 kB
Cached:            94812 kB
MemTotal:        1844596 kB
MemFree:         1580412 kB
MemAvailable:    1566112 kB
Buffers:           16336 kB
Cached:            94812 kB
MemTotal:        1844596 kB
MemFree:         1579344 kB
MemAvailable:    1565044 kB
Buffers:           16336 kB
Cached:            94812 kB
MemTotal:        1844596 kB
MemFree:         1580280 kB
MemAvailable:    1565980 kB
Buffers:           16336 kB
Cached:            94812 kB
MemTotal:        1844596 kB
MemFree:         1579676 kB
MemAvailable:    1565376 kB
Buffers:           16336 kB
Cached:            94812 kB
MemTotal:        1844596 kB
MemFree:         1580428 kB
MemAvailable:    1566128 kB
Buffers:           16336 kB
Cached:            94812 kB
MemTotal:        1844596 kB
MemFree:         1580420 kB
MemAvailable:    1566120 kB
Buffers:           16336 kB
Cached:            94812 kB
MemTotal:        1844596 kB
MemFree:         1578320 kB
MemAvailable:    1564020 kB
Buffers:           16336 kB
Cached:            94812 kB
MemTotal:        1844596 kB
MemFree:         1574400 kB
MemAvailable:    1560100 kB
Buffers:           16336 kB
Cached:            94812 kB
MemTotal:        1844596 kB
MemFree:         1574044 kB
MemAvailable:    1559744 kB
Buffers:           16336 kB
Cached:            94812 kB
MemTotal:        1844596 kB
MemFree:         1573284 kB
MemAvailable:    1558984 kB
Buffers:           16336 kB
Cached:            94812 kB
MemTotal:        1844596 kB
MemFree:         1573416 kB
MemAvailable:    1559116 kB
Buffers:           16336 kB
Cached:            94812 kB
MemTotal:        1844596 kB
MemFree:         1573052 kB
MemAvailable:    1558752 kB
Buffers:           16336 kB
Cached:            94812 kB
MemTotal:        1844596 kB
MemFree:         1573532 kB
MemAvailable:    1559232 kB
Buffers:           16336 kB
Cached:            94812 kB
MemTotal:        1844596 kB
MemFree:         1572804 kB
MemAvailable:    1558504 kB
Buffers:           16336 kB
Cached:            94812 kB
MemTotal:        1844596 kB
MemFree:         1573548 kB
MemAvailable:    1559248 kB
Buffers:           16336 kB
Cached:            94812 kB
MemTotal:        1844596 kB
MemFree:         1573464 kB
MemAvailable:    1559164 kB
Buffers:           16336 kB
Cached:            94812 kB
MemTotal:        1844596 kB
MemFree:         1572184 kB
MemAvailable:    1557884 kB
Buffers:           16336 kB
Cached:            94812 kB
MemTotal:        1844596 kB
MemFree:         1573172 kB
MemAvailable:    1558872 kB
Buffers:           16336 kB
Cached:            94812 kB
MemTotal:        1844596 kB
MemFree:         1571872 kB
MemAvailable:    1557572 kB
Buffers:           16336 kB
Cached:            94812 kB
MemTotal:        1844596 kB
MemFree:         1571384 kB
MemAvailable:    1557084 kB
Buffers:           16336 kB
Cached:            94812 kB
MemTotal:        1844596 kB
MemFree:         1572240 kB
MemAvailable:    1557940 kB
Buffers:           16336 kB
Cached:            94812 kB
MemTotal:        1844596 kB
MemFree:         1572300 kB
MemAvailable:    1558000 kB
Buffers:           16336 kB
Cached:            94812 kB
MemTotal:        1844596 kB
MemFree:         1572308 kB
MemAvailable:    1558008 kB
Buffers:           16336 kB
Cached:            94812 kB
MemTotal:        1844596 kB
MemFree:         1571672 kB
MemAvailable:    1557372 kB
Buffers:           16336 kB
Cached:            94812 kB
MemTotal:        1844596 kB
MemFree:         1571924 kB
MemAvailable:    1557624 kB
Buffers:           16336 kB
Cached:            94812 kB
MemTotal:        1844596 kB
MemFree:         1571004 kB
MemAvailable:    1556704 kB
Buffers:           16336 kB
Cached:            94812 kB
MemTotal:        1844596 kB
MemFree:         1570804 kB
MemAvailable:    1556504 kB
Buffers:           16336 kB
Cached:            94812 kB
MemTotal:        1844596 kB
MemFree:         1570872 kB
MemAvailable:    1556572 kB
Buffers:           16336 kB
Cached:            94812 kB
MemTotal:        1844596 kB
MemFree:         1570672 kB
MemAvailable:    1556372 kB
Buffers:           16336 kB
Cached:            94812 kB
MemTotal:        1844596 kB
MemFree:         1570924 kB
MemAvailable:    1556624 kB
Buffers:           16336 kB
Cached:            94812 kB
MemTotal:        1844596 kB
MemFree:         1570624 kB
MemAvailable:    1556324 kB
Buffers:           16336 kB
Cached:            94812 kB
MemTotal:        1844596 kB
MemFree:         1570876 kB
MemAvailable:    1556576 kB
Buffers:           16336 kB
Cached:            94812 kB
MemTotal:        1844596 kB
MemFree:         1570840 kB
MemAvailable:    1556544 kB
Buffers:           16336 kB
Cached:            94816 kB
MemTotal:        1844596 kB
MemFree:         1569696 kB
MemAvailable:    1555400 kB
Buffers:           16336 kB
Cached:            94816 kB
MemTotal:        1844596 kB
MemFree:         1570676 kB
MemAvailable:    1556380 kB
Buffers:           16336 kB
Cached:            94816 kB
MemTotal:        1844596 kB
MemFree:         1570488 kB
MemAvailable:    1556192 kB
Buffers:           16336 kB
Cached:            94816 kB
MemTotal:        1844596 kB
MemFree:         1570572 kB
MemAvailable:    1556276 kB
Buffers:           16336 kB
Cached:            94816 kB
MemTotal:        1844596 kB
MemFree:         1569624 kB
MemAvailable:    1555328 kB
Buffers:           16336 kB
Cached:            94816 kB
MemTotal:        1844596 kB
MemFree:         1569624 kB
MemAvailable:    1555328 kB
Buffers:           16336 kB
Cached:            94816 kB
MemTotal:        1844596 kB
MemFree:         1569624 kB
MemAvailable:    1555328 kB
Buffers:           16336 kB
Cached:            94816 kB
MemTotal:        1844596 kB
MemFree:         1570800 kB
MemAvailable:    1556504 kB
Buffers:           16336 kB
Cached:            94816 kB
MemTotal:        1844596 kB
MemFree:         1570400 kB
MemAvailable:    1556104 kB
Buffers:           16336 kB
Cached:            94816 kB
MemTotal:        1844596 kB
MemFree:         1569084 kB
MemAvailable:    1554788 kB
Buffers:           16336 kB
Cached:            94816 kB
MemTotal:        1844596 kB
MemFree:         1569084 kB
MemAvailable:    1554788 kB
Buffers:           16336 kB
Cached:            94816 kB
MemTotal:        1844596 kB
MemFree:         1569640 kB
MemAvailable:    1555344 kB
Buffers:           16336 kB
Cached:            94816 kB
MemTotal:        1844596 kB
MemFree:         1568332 kB
MemAvailable:    1554036 kB
Buffers:           16336 kB
Cached:            94816 kB
MemTotal:        1844596 kB
MemFree:         1568340 kB
MemAvailable:    1554044 kB
Buffers:           16336 kB
Cached:            94816 kB
MemTotal:        1844596 kB
MemFree:         1568092 kB
MemAvailable:    1553796 kB
Buffers:           16336 kB
Cached:            94816 kB
MemTotal:        1844596 kB
MemFree:         1568216 kB
MemAvailable:    1553920 kB
Buffers:           16336 kB
Cached:            94816 kB
MemTotal:        1844596 kB
MemFree:         1568200 kB
MemAvailable:    1553904 kB
Buffers:           16336 kB
Cached:            94816 kB
MemTotal:        1844596 kB
MemFree:         1567596 kB
MemAvailable:    1553300 kB
Buffers:           16336 kB
Cached:            94816 kB
MemTotal:        1844596 kB
MemFree:         1567812 kB
MemAvailable:    1553516 kB
Buffers:           16336 kB
Cached:            94816 kB
MemTotal:        1844596 kB
MemFree:         1568148 kB
MemAvailable:    1553852 kB
Buffers:           16336 kB
Cached:            94816 kB
MemTotal:        1844596 kB
MemFree:         1566912 kB
MemAvailable:    1552616 kB
Buffers:           16336 kB
Cached:            94816 kB
MemTotal:        1844596 kB
MemFree:         1567888 kB
MemAvailable:    1553592 kB
Buffers:           16336 kB
Cached:            94816 kB
MemTotal:        1844596 kB
MemFree:         1567160 kB
MemAvailable:    1552864 kB
Buffers:           16336 kB
Cached:            94816 kB
MemTotal:        1844596 kB
MemFree:         1568240 kB
MemAvailable:    1553944 kB
Buffers:           16336 kB
Cached:            94816 kB
MemTotal:        1844596 kB
MemFree:         1568072 kB
MemAvailable:    1553776 kB
Buffers:           16336 kB
Cached:            94816 kB
MemTotal:        1844596 kB
MemFree:         1568052 kB
MemAvailable:    1553756 kB
Buffers:           16336 kB
Cached:            94816 kB
MemTotal:        1844596 kB
MemFree:         1567224 kB
MemAvailable:    1552928 kB
Buffers:           16336 kB
Cached:            94816 kB
MemTotal:        1844596 kB
MemFree:         1566720 kB
MemAvailable:    1552424 kB
Buffers:           16336 kB
Cached:            94820 kB
MemTotal:        1844596 kB
MemFree:         1567656 kB
MemAvailable:    1553360 kB
Buffers:           16336 kB
Cached:            94820 kB
MemTotal:        1844596 kB
MemFree:         1566976 kB
MemAvailable:    1552680 kB
Buffers:           16336 kB
Cached:            94820 kB
MemTotal:        1844596 kB
MemFree:         1564372 kB
MemAvailable:    1550076 kB
Buffers:           16336 kB
Cached:            94820 kB
MemTotal:        1844596 kB
MemFree:         1560884 kB
MemAvailable:    1546588 kB
Buffers:           16336 kB
Cached:            94820 kB
MemTotal:        1844596 kB
MemFree:         1560836 kB
MemAvailable:    1546540 kB
Buffers:           16336 kB
Cached:            94820 kB
MemTotal:        1844596 kB
MemFree:         1558968 kB
MemAvailable:    1544672 kB
Buffers:           16336 kB
Cached:            94820 kB
MemTotal:        1844596 kB
MemFree:         1558356 kB
MemAvailable:    1544060 kB
Buffers:           16336 kB
Cached:            94820 kB
MemTotal:        1844596 kB
MemFree:         1558032 kB
MemAvailable:    1543736 kB
Buffers:           16336 kB
Cached:            94820 kB
MemTotal:        1844596 kB
MemFree:         1558284 kB
MemAvailable:    1543988 kB
Buffers:           16336 kB
Cached:            94820 kB
MemTotal:        1844596 kB
MemFree:         1557976 kB
MemAvailable:    1543680 kB
Buffers:           16336 kB
Cached:            94820 kB
MemTotal:        1844596 kB
MemFree:         1556744 kB
MemAvailable:    1542448 kB
Buffers:           16336 kB
Cached:            94820 kB
MemTotal:        1844596 kB
MemFree:         1556372 kB
MemAvailable:    1542076 kB
Buffers:           16336 kB
Cached:            94820 kB
MemTotal:        1844596 kB
MemFree:         1556552 kB
MemAvailable:    1542256 kB
Buffers:           16336 kB
Cached:            94820 kB
MemTotal:        1844596 kB
MemFree:         1557612 kB
MemAvailable:    1543316 kB
Buffers:           16336 kB
Cached:            94820 kB
MemTotal:        1844596 kB
MemFree:         1556868 kB
MemAvailable:    1542572 kB
Buffers:           16336 kB
Cached:            94820 kB
MemTotal:        1844596 kB
MemFree:         1555560 kB
MemAvailable:    1541264 kB
Buffers:           16336 kB
Cached:            94820 kB
MemTotal:        1844596 kB
MemFree:         1556660 kB
MemAvailable:    1542364 kB
Buffers:           16336 kB
Cached:            94820 kB
MemTotal:        1844596 kB
MemFree:         1555064 kB
MemAvailable:    1540768 kB
Buffers:           16336 kB
Cached:            94820 kB
MemTotal:        1844596 kB
MemFree:         1555320 kB
MemAvailable:    1541024 kB
Buffers:           16336 kB
Cached:            94820 kB
MemTotal:        1844596 kB
MemFree:         1555196 kB
MemAvailable:    1540900 kB
Buffers:           16336 kB
Cached:            94820 kB
MemTotal:        1844596 kB
MemFree:         1555320 kB
MemAvailable:    1541024 kB
Buffers:           16336 kB
Cached:            94820 kB
MemTotal:        1844596 kB
MemFree:         1556364 kB
MemAvailable:    1542068 kB
Buffers:           16336 kB
Cached:            94820 kB
MemTotal:        1844596 kB
MemFree:         1555444 kB
MemAvailable:    1541148 kB
Buffers:           16336 kB
Cached:            94820 kB
MemTotal:        1844596 kB
MemFree:         1556236 kB
MemAvailable:    1541940 kB
Buffers:           16336 kB
Cached:            94820 kB
MemTotal:        1844596 kB
MemFree:         1555692 kB
MemAvailable:    1541396 kB
Buffers:           16336 kB
Cached:            94820 kB
MemTotal:        1844596 kB
MemFree:         1556068 kB
MemAvailable:    1541772 kB
Buffers:           16336 kB
Cached:            94820 kB
MemTotal:        1844596 kB
MemFree:         1556068 kB
MemAvailable:    1541772 kB
Buffers:           16336 kB
Cached:            94820 kB
MemTotal:        1844596 kB
MemFree:         1555992 kB
MemAvailable:    1541696 kB
Buffers:           16336 kB
Cached:            94820 kB
MemTotal:        1844596 kB
MemFree:         1556244 kB
MemAvailable:    1541948 kB
Buffers:           16336 kB
Cached:            94820 kB
MemTotal:        1844596 kB
MemFree:         1556228 kB
MemAvailable:    1541932 kB
Buffers:           16336 kB
Cached:            94820 kB
MemTotal:        1844596 kB
MemFree:         1556028 kB
MemAvailable:    1541732 kB
Buffers:           16336 kB
Cached:            94820 kB
MemTotal:        1844596 kB
MemFree:         1556112 kB
MemAvailable:    1541816 kB
Buffers:           16336 kB
Cached:            94820 kB
MemTotal:        1844596 kB
MemFree:         1556228 kB
MemAvailable:    1541932 kB
Buffers:           16336 kB
Cached:            94820 kB
MemTotal:        1844596 kB
MemFree:         1556188 kB
MemAvailable:    1541892 kB
Buffers:           16336 kB
Cached:            94820 kB
MemTotal:        1844596 kB
MemFree:         1554700 kB
MemAvailable:    1540404 kB
Buffers:           16336 kB
Cached:            94820 kB
MemTotal:        1844596 kB
MemFree:         1554512 kB
MemAvailable:    1540216 kB
Buffers:           16336 kB
Cached:            94820 kB
MemTotal:        1844596 kB
MemFree:         1552280 kB
MemAvailable:    1537984 kB
Buffers:           16336 kB
Cached:            94820 kB
MemTotal:        1844596 kB
MemFree:         1549864 kB
MemAvailable:    1535568 kB
Buffers:           16336 kB
Cached:            94820 kB
MemTotal:        1844596 kB
MemFree:         1548368 kB
MemAvailable:    1534072 kB
Buffers:           16336 kB
Cached:            94820 kB
MemTotal:        1844596 kB
MemFree:         1545144 kB
MemAvailable:    1530848 kB
Buffers:           16336 kB
Cached:            94820 kB
MemTotal:        1844596 kB
MemFree:         1544468 kB
MemAvailable:    1530172 kB
Buffers:           16336 kB
Cached:            94820 kB
MemTotal:        1844596 kB
MemFree:         1544276 kB
MemAvailable:    1529980 kB
Buffers:           16336 kB
Cached:            94820 kB
MemTotal:        1844596 kB
MemFree:         1543152 kB
MemAvailable:    1528856 kB
Buffers:           16336 kB
Cached:            94820 kB
MemTotal:        1844596 kB
MemFree:         1544004 kB
MemAvailable:    1529708 kB
Buffers:           16336 kB
Cached:            94820 kB
MemTotal:        1844596 kB
MemFree:         1544256 kB
MemAvailable:    1529960 kB
Buffers:           16336 kB
Cached:            94820 kB
MemTotal:        1844596 kB
MemFree:         1544156 kB
MemAvailable:    1529860 kB
Buffers:           16336 kB
Cached:            94820 kB
MemTotal:        1844596 kB
MemFree:         1543292 kB
MemAvailable:    1528996 kB
Buffers:           16336 kB
Cached:            94820 kB
MemTotal:        1844596 kB
MemFree:         1544140 kB
MemAvailable:    1529844 kB
Buffers:           16336 kB
Cached:            94820 kB
MemTotal:        1844596 kB
MemFree:         1544076 kB
MemAvailable:    1529780 kB
Buffers:           16336 kB
Cached:            94820 kB
MemTotal:        1844596 kB
MemFree:         1544036 kB
MemAvailable:    1529740 kB
Buffers:           16336 kB
Cached:            94820 kB
MemTotal:        1844596 kB
MemFree:         1543704 kB
MemAvailable:    1529408 kB
Buffers:           16336 kB
Cached:            94820 kB
MemTotal:        1844596 kB
MemFree:         1543956 kB
MemAvailable:    1529660 kB
Buffers:           16336 kB
Cached:            94820 kB
MemTotal:        1844596 kB
MemFree:         1543772 kB
MemAvailable:    1529476 kB
Buffers:           16336 kB
Cached:            94820 kB
MemTotal:        1844596 kB
MemFree:         1543664 kB
MemAvailable:    1529368 kB
Buffers:           16336 kB
Cached:            94820 kB
MemTotal:        1844596 kB
MemFree:         1542416 kB
MemAvailable:    1528120 kB
Buffers:           16336 kB
Cached:            94820 kB
MemTotal:        1844596 kB
MemFree:         1543648 kB
MemAvailable:    1529352 kB
Buffers:           16336 kB
Cached:            94820 kB
MemTotal:        1844596 kB
MemFree:         1542408 kB
MemAvailable:    1528112 kB
Buffers:           16336 kB
Cached:            94820 kB
MemTotal:        1844596 kB
MemFree:         1543608 kB
MemAvailable:    1529316 kB
Buffers:           16336 kB
Cached:            94828 kB
MemTotal:        1844596 kB
MemFree:         1543052 kB
MemAvailable:    1528636 kB
Buffers:           16336 kB
Cached:            94828 kB
MemTotal:        1844596 kB
MemFree:         1542536 kB
MemAvailable:    1528244 kB
Buffers:           16336 kB
Cached:            94828 kB
MemTotal:        1844596 kB
MemFree:         1543660 kB
MemAvailable:    1529368 kB
Buffers:           16336 kB
Cached:            94828 kB
MemTotal:        1844596 kB
MemFree:         1543176 kB
MemAvailable:    1528884 kB
Buffers:           16336 kB
Cached:            94828 kB
MemTotal:        1844596 kB
MemFree:         1543552 kB
MemAvailable:    1529260 kB
Buffers:           16336 kB
Cached:            94828 kB
MemTotal:        1844596 kB
MemFree:         1543520 kB
MemAvailable:    1529228 kB
Buffers:           16336 kB
Cached:            94828 kB
MemTotal:        1844596 kB
MemFree:         1543604 kB
MemAvailable:    1529312 kB
Buffers:           16336 kB
Cached:            94828 kB
MemTotal:        1844596 kB
MemFree:         1543720 kB
MemAvailable:    1529428 kB
Buffers:           16336 kB
Cached:            94828 kB
MemTotal:        1844596 kB
MemFree:         1543612 kB
MemAvailable:    1529320 kB
Buffers:           16336 kB
Cached:            94828 kB
MemTotal:        1844596 kB
MemFree:         1543480 kB
MemAvailable:    1529188 kB
Buffers:           16336 kB
Cached:            94828 kB
MemTotal:        1844596 kB
MemFree:         1543688 kB
MemAvailable:    1529396 kB
Buffers:           16336 kB
Cached:            94828 kB
MemTotal:        1844596 kB
MemFree:         1542928 kB
MemAvailable:    1528636 kB
Buffers:           16336 kB
Cached:            94828 kB
MemTotal:        1844596 kB
MemFree:         1542920 kB
MemAvailable:    1528628 kB
Buffers:           16336 kB
Cached:            94828 kB
MemTotal:        1844596 kB
MemFree:         1544104 kB
MemAvailable:    1529812 kB
Buffers:           16336 kB
Cached:            94828 kB
MemTotal:        1844596 kB
MemFree:         1543912 kB
MemAvailable:    1529620 kB
Buffers:           16336 kB
Cached:            94828 kB
MemTotal:        1844596 kB
MemFree:         1542680 kB
MemAvailable:    1528388 kB
Buffers:           16336 kB
Cached:            94828 kB
MemTotal:        1844596 kB
MemFree:         1543520 kB
MemAvailable:    1529228 kB
Buffers:           16336 kB
Cached:            94828 kB
MemTotal:        1844596 kB
MemFree:         1543536 kB
MemAvailable:    1529244 kB
Buffers:           16336 kB
Cached:            94828 kB
MemTotal:        1844596 kB
MemFree:         1542864 kB
MemAvailable:    1528572 kB
Buffers:           16336 kB
Cached:            94828 kB
MemTotal:        1844596 kB
MemFree:         1540192 kB
MemAvailable:    1525900 kB
Buffers:           16336 kB
Cached:            94828 kB
MemTotal:        1844596 kB
MemFree:         1536912 kB
MemAvailable:    1522620 kB
Buffers:           16336 kB
Cached:            94828 kB
MemTotal:        1844596 kB
MemFree:         1533556 kB
MemAvailable:    1519264 kB
Buffers:           16336 kB
Cached:            94828 kB
MemTotal:        1844596 kB
MemFree:         1533432 kB
MemAvailable:    1519140 kB
Buffers:           16336 kB
Cached:            94828 kB
MemTotal:        1844596 kB
MemFree:         1533240 kB
MemAvailable:    1518948 kB
Buffers:           16336 kB
Cached:            94828 kB
MemTotal:        1844596 kB
MemFree:         1533492 kB
MemAvailable:    1519200 kB
Buffers:           16336 kB
Cached:            94828 kB
MemTotal:        1844596 kB
MemFree:         1533308 kB
MemAvailable:    1519016 kB
Buffers:           16336 kB
Cached:            94828 kB
MemTotal:        1844596 kB
MemFree:         1533260 kB
MemAvailable:    1518968 kB
Buffers:           16336 kB
Cached:            94828 kB
MemTotal:        1844596 kB
MemFree:         1531952 kB
MemAvailable:    1517660 kB
Buffers:           16336 kB
Cached:            94828 kB
MemTotal:        1844596 kB
MemFree:         1533060 kB
MemAvailable:    1518768 kB
Buffers:           16336 kB
Cached:            94828 kB
MemTotal:        1844596 kB
MemFree:         1532200 kB
MemAvailable:    1517908 kB
Buffers:           16336 kB
Cached:            94828 kB
MemTotal:        1844596 kB
MemFree:         1533296 kB
MemAvailable:    1519004 kB
Buffers:           16336 kB
Cached:            94828 kB
MemTotal:        1844596 kB
MemFree:         1533164 kB
MemAvailable:    1518872 kB
Buffers:           16336 kB
Cached:            94828 kB
MemTotal:        1844596 kB
MemFree:         1533104 kB
MemAvailable:    1518812 kB
Buffers:           16336 kB
Cached:            94828 kB
MemTotal:        1844596 kB
MemFree:         1533088 kB
MemAvailable:    1518796 kB
Buffers:           16336 kB
Cached:            94828 kB
MemTotal:        1844596 kB
MemFree:         1532816 kB
MemAvailable:    1518524 kB
Buffers:           16336 kB
Cached:            94828 kB
MemTotal:        1844596 kB
MemFree:         1531932 kB
MemAvailable:    1517640 kB
Buffers:           16336 kB
Cached:            94828 kB
MemTotal:        1844596 kB
MemFree:         1532944 kB
MemAvailable:    1518652 kB
Buffers:           16336 kB
Cached:            94828 kB
MemTotal:        1844596 kB
MemFree:         1532192 kB
MemAvailable:    1517900 kB
Buffers:           16336 kB
Cached:            94828 kB
MemTotal:        1844596 kB
MemFree:         1532076 kB
MemAvailable:    1517784 kB
Buffers:           16336 kB
Cached:            94828 kB
MemTotal:        1844596 kB
MemFree:         1530156 kB
MemAvailable:    1515864 kB
Buffers:           16336 kB
Cached:            94828 kB
MemTotal:        1844596 kB
MemFree:         1531132 kB
MemAvailable:    1516840 kB
Buffers:           16336 kB
Cached:            94828 kB
MemTotal:        1844596 kB
MemFree:         1530528 kB
MemAvailable:    1516236 kB
Buffers:           16336 kB
Cached:            94828 kB
MemTotal:        1844596 kB
MemFree:         1529892 kB
MemAvailable:    1515600 kB
Buffers:           16336 kB
Cached:            94828 kB
MemTotal:        1844596 kB
MemFree:         1529892 kB
MemAvailable:    1515600 kB
Buffers:           16336 kB
Cached:            94828 kB
MemTotal:        1844596 kB
MemFree:         1531068 kB
MemAvailable:    1516776 kB
Buffers:           16336 kB
Cached:            94828 kB
MemTotal:        1844596 kB
MemFree:         1531192 kB
MemAvailable:    1516900 kB
Buffers:           16336 kB
Cached:            94828 kB
MemTotal:        1844596 kB
MemFree:         1530032 kB
MemAvailable:    1515740 kB
Buffers:           16336 kB
Cached:            94828 kB
MemTotal:        1844596 kB
MemFree:         1531072 kB
MemAvailable:    1516780 kB
Buffers:           16336 kB
Cached:            94828 kB
MemTotal:        1844596 kB
MemFree:         1530900 kB
MemAvailable:    1516608 kB
Buffers:           16336 kB
Cached:            94828 kB
MemTotal:        1844596 kB
MemFree:         1530528 kB
MemAvailable:    1516236 kB
Buffers:           16336 kB
Cached:            94828 kB
MemTotal:        1844596 kB
MemFree:         1531072 kB
MemAvailable:    1516780 kB
Buffers:           16336 kB
Cached:            94828 kB
MemTotal:        1844596 kB
MemFree:         1530964 kB
MemAvailable:    1516672 kB
Buffers:           16336 kB
Cached:            94828 kB
MemTotal:        1844596 kB
MemFree:         1530832 kB
MemAvailable:    1516540 kB
Buffers:           16336 kB
Cached:            94828 kB
MemTotal:        1844596 kB
MemFree:         1530652 kB
MemAvailable:    1516360 kB
Buffers:           16336 kB
Cached:            94828 kB
MemTotal:        1844596 kB
MemFree:         1530872 kB
MemAvailable:    1516580 kB
Buffers:           16336 kB
Cached:            94828 kB
MemTotal:        1844596 kB
MemFree:         1530872 kB
MemAvailable:    1516580 kB
Buffers:           16336 kB
Cached:            94828 kB
MemTotal:        1844596 kB
MemFree:         1530704 kB
MemAvailable:    1516412 kB
Buffers:           16336 kB
Cached:            94828 kB
MemTotal:        1844596 kB
MemFree:         1531040 kB
MemAvailable:    1516748 kB
Buffers:           16336 kB
Cached:            94828 kB
MemTotal:        1844596 kB
MemFree:         1529764 kB
MemAvailable:    1515472 kB
Buffers:           16336 kB
Cached:            94828 kB
MemTotal:        1844596 kB
MemFree:         1530948 kB
MemAvailable:    1516656 kB
Buffers:           16336 kB
Cached:            94828 kB
MemTotal:        1844596 kB
MemFree:         1529652 kB
MemAvailable:    1515360 kB
Buffers:           16336 kB
Cached:            94828 kB
MemTotal:        1844596 kB
MemFree:         1529736 kB
MemAvailable:    1515444 kB
Buffers:           16336 kB
Cached:            94828 kB
MemTotal:        1844596 kB
MemFree:         1530520 kB
MemAvailable:    1516228 kB
Buffers:           16336 kB
Cached:            94828 kB
MemTotal:        1844596 kB
MemFree:         1530772 kB
MemAvailable:    1516480 kB
Buffers:           16336 kB
Cached:            94828 kB
MemTotal:        1844596 kB
MemFree:         1530772 kB
MemAvailable:    1516480 kB
Buffers:           16336 kB
Cached:            94828 kB
MemTotal:        1844596 kB
MemFree:         1530012 kB
MemAvailable:    1515720 kB
Buffers:           16336 kB
Cached:            94828 kB
MemTotal:        1844596 kB
MemFree:         1529708 kB
MemAvailable:    1515416 kB
Buffers:           16336 kB
Cached:            94828 kB
MemTotal:        1844596 kB
MemFree:         1530824 kB
MemAvailable:    1516532 kB
Buffers:           16336 kB
Cached:            94828 kB
MemTotal:        1844596 kB
MemFree:         1530336 kB
MemAvailable:    1516044 kB
Buffers:           16336 kB
Cached:            94828 kB
MemTotal:        1844596 kB
MemFree:         1529696 kB
MemAvailable:    1515404 kB
Buffers:           16336 kB
Cached:            94828 kB
MemTotal:        1844596 kB
MemFree:         1527164 kB
MemAvailable:    1512872 kB
Buffers:           16336 kB
Cached:            94828 kB
MemTotal:        1844596 kB
MemFree:         1526064 kB
MemAvailable:    1511772 kB
Buffers:           16336 kB
Cached:            94828 kB
MemTotal:        1844596 kB
MemFree:         1522468 kB
MemAvailable:    1508176 kB
Buffers:           16336 kB
Cached:            94828 kB
MemTotal:        1844596 kB
MemFree:         1519368 kB
MemAvailable:    1505076 kB
Buffers:           16336 kB
Cached:            94828 kB
MemTotal:        1844596 kB
MemFree:         1517384 kB
MemAvailable:    1503092 kB
Buffers:           16336 kB
Cached:            94828 kB
MemTotal:        1844596 kB
MemFree:         1518312 kB
MemAvailable:    1504020 kB
Buffers:           16336 kB
Cached:            94828 kB
MemTotal:        1844596 kB
MemFree:         1518120 kB
MemAvailable:    1503828 kB
Buffers:           16336 kB
Cached:            94828 kB
MemTotal:        1844596 kB
MemFree:         1518460 kB
MemAvailable:    1504168 kB
Buffers:           16336 kB
Cached:            94828 kB
MemTotal:        1844596 kB
MemFree:         1518468 kB
MemAvailable:    1504176 kB
Buffers:           16336 kB
Cached:            94828 kB
MemTotal:        1844596 kB
MemFree:         1518312 kB
MemAvailable:    1504020 kB
Buffers:           16336 kB
Cached:            94828 kB
MemTotal:        1844596 kB
MemFree:         1518112 kB
MemAvailable:    1503820 kB
Buffers:           16336 kB
Cached:            94828 kB
MemTotal:        1844596 kB
MemFree:         1518112 kB
MemAvailable:    1503820 kB
Buffers:           16336 kB
Cached:            94828 kB
MemTotal:        1844596 kB
MemFree:         1517756 kB
MemAvailable:    1503472 kB
Buffers:           16336 kB
Cached:            94840 kB
MemTotal:        1844596 kB
MemFree:         1517684 kB
MemAvailable:    1503400 kB
Buffers:           16336 kB
Cached:            94840 kB
MemTotal:        1844596 kB
MemFree:         1517636 kB
MemAvailable:    1503352 kB
Buffers:           16336 kB
Cached:            94840 kB
MemTotal:        1844596 kB
MemFree:         1517652 kB
MemAvailable:    1503368 kB
Buffers:           16336 kB
Cached:            94840 kB
MemTotal:        1844596 kB
MemFree:         1516240 kB
MemAvailable:    1501956 kB
Buffers:           16336 kB
Cached:            94840 kB
MemTotal:        1844596 kB
MemFree:         1516496 kB
MemAvailable:    1502212 kB
Buffers:           16336 kB
Cached:            94840 kB
MemTotal:        1844596 kB
MemFree:         1517672 kB
MemAvailable:    1503388 kB
Buffers:           16336 kB
Cached:            94840 kB
MemTotal:        1844596 kB
MemFree:         1516496 kB
MemAvailable:    1502212 kB
Buffers:           16336 kB
Cached:            94840 kB
MemTotal:        1844596 kB
MemFree:         1517736 kB
MemAvailable:    1503452 kB
Buffers:           16336 kB
Cached:            94840 kB
MemTotal:        1844596 kB
MemFree:         1516632 kB
MemAvailable:    1502348 kB
Buffers:           16336 kB
Cached:            94840 kB
MemTotal:        1844596 kB
MemFree:         1517672 kB
MemAvailable:    1503388 kB
Buffers:           16336 kB
Cached:            94840 kB
MemTotal:        1844596 kB
MemFree:         1517412 kB
MemAvailable:    1503128 kB
Buffers:           16336 kB
Cached:            94840 kB
MemTotal:        1844596 kB
MemFree:         1516212 kB
MemAvailable:    1501928 kB
Buffers:           16336 kB
Cached:            94840 kB
MemTotal:        1844596 kB
MemFree:         1517692 kB
MemAvailable:    1503408 kB
Buffers:           16336 kB
Cached:            94840 kB
MemTotal:        1844596 kB
MemFree:         1517460 kB
MemAvailable:    1503176 kB
Buffers:           16336 kB
Cached:            94840 kB
MemTotal:        1844596 kB
MemFree:         1517692 kB
MemAvailable:    1503408 kB
Buffers:           16336 kB
Cached:            94840 kB
MemTotal:        1844596 kB
MemFree:         1516756 kB
MemAvailable:    1502472 kB
Buffers:           16336 kB
Cached:            94840 kB
MemTotal:        1844596 kB
MemFree:         1517632 kB
MemAvailable:    1503348 kB
Buffers:           16336 kB
Cached:            94840 kB
MemTotal:        1844596 kB
MemFree:         1517360 kB
MemAvailable:    1503076 kB
Buffers:           16336 kB
Cached:            94840 kB
MemTotal:        1844596 kB
MemFree:         1517528 kB
MemAvailable:    1503244 kB
Buffers:           16336 kB
Cached:            94840 kB
MemTotal:        1844596 kB
MemFree:         1517680 kB
MemAvailable:    1503396 kB
Buffers:           16336 kB
Cached:            94840 kB
MemTotal:        1844596 kB
MemFree:         1517824 kB
MemAvailable:    1503540 kB
Buffers:           16336 kB
Cached:            94840 kB
MemTotal:        1844596 kB
MemFree:         1517840 kB
MemAvailable:    1503556 kB
Buffers:           16336 kB
Cached:            94840 kB
MemTotal:        1844596 kB
MemFree:         1517568 kB
MemAvailable:    1503284 kB
Buffers:           16336 kB
Cached:            94840 kB
MemTotal:        1844596 kB
MemFree:         1517120 kB
MemAvailable:    1502836 kB
Buffers:           16336 kB
Cached:            94840 kB
MemTotal:        1844596 kB
MemFree:         1517120 kB
MemAvailable:    1502836 kB
Buffers:           16336 kB
Cached:            94840 kB
MemTotal:        1844596 kB
MemFree:         1516932 kB
MemAvailable:    1502648 kB
Buffers:           16336 kB
Cached:            94840 kB
MemTotal:        1844596 kB
MemFree:         1516676 kB
MemAvailable:    1502392 kB
Buffers:           16336 kB
Cached:            94840 kB
MemTotal:        1844596 kB
MemFree:         1516428 kB
MemAvailable:    1502144 kB
Buffers:           16336 kB
Cached:            94840 kB
MemTotal:        1844596 kB
MemFree:         1515700 kB
MemAvailable:    1501416 kB
Buffers:           16336 kB
Cached:            94840 kB
MemTotal:        1844596 kB
MemFree:         1515524 kB
MemAvailable:    1501240 kB
Buffers:           16336 kB
Cached:            94840 kB
MemTotal:        1844596 kB
MemFree:         1516384 kB
MemAvailable:    1502100 kB
Buffers:           16336 kB
Cached:            94840 kB
MemTotal:        1844596 kB
MemFree:         1513848 kB
MemAvailable:    1499564 kB
Buffers:           16336 kB
Cached:            94840 kB
MemTotal:        1844596 kB
MemFree:         1512360 kB
MemAvailable:    1498076 kB
Buffers:           16348 kB
Cached:            94828 kB
MemTotal:        1844596 kB
MemFree:         1509820 kB
MemAvailable:    1495536 kB
Buffers:           16348 kB
Cached:            94828 kB
MemTotal:        1844596 kB
MemFree:         1509820 kB
MemAvailable:    1495536 kB
Buffers:           16348 kB
Cached:            94828 kB
MemTotal:        1844596 kB
MemFree:         1508392 kB
MemAvailable:    1494108 kB
Buffers:           16348 kB
Cached:            94828 kB
MemTotal:        1844596 kB
MemFree:         1508200 kB
MemAvailable:    1493916 kB
Buffers:           16348 kB
Cached:            94828 kB
MemTotal:        1844596 kB
MemFree:         1505464 kB
MemAvailable:    1491180 kB
Buffers:           16348 kB
Cached:            94828 kB
MemTotal:        1844596 kB
MemFree:         1506588 kB
MemAvailable:    1492304 kB
Buffers:           16348 kB
Cached:            94828 kB
MemTotal:        1844596 kB
MemFree:         1504100 kB
MemAvailable:    1489816 kB
Buffers:           16348 kB
Cached:            94828 kB
MemTotal:        1844596 kB
MemFree:         1504232 kB
MemAvailable:    1489948 kB
Buffers:           16348 kB
Cached:            94828 kB
MemTotal:        1844596 kB
MemFree:         1503736 kB
MemAvailable:    1489452 kB
Buffers:           16348 kB
Cached:            94828 kB
MemTotal:        1844596 kB
MemFree:         1503988 kB
MemAvailable:    1489704 kB
Buffers:           16348 kB
Cached:            94828 kB
MemTotal:        1844596 kB
MemFree:         1503680 kB
MemAvailable:    1489396 kB
Buffers:           16348 kB
Cached:            94828 kB
MemTotal:        1844596 kB
MemFree:         1502580 kB
MemAvailable:    1488296 kB
Buffers:           16348 kB
Cached:            94828 kB
MemTotal:        1844596 kB
MemFree:         1502684 kB
MemAvailable:    1488400 kB
Buffers:           16348 kB
Cached:            94828 kB
MemTotal:        1844596 kB
MemFree:         1502436 kB
MemAvailable:    1488152 kB
Buffers:           16348 kB
Cached:            94828 kB
MemTotal:        1844596 kB
MemFree:         1503868 kB
MemAvailable:    1489584 kB
Buffers:           16348 kB
Cached:            94828 kB
MemTotal:        1844596 kB
MemFree:         1503000 kB
MemAvailable:    1488716 kB
Buffers:           16348 kB
Cached:            94828 kB
MemTotal:        1844596 kB
MemFree:         1503976 kB
MemAvailable:    1489692 kB
Buffers:           16348 kB
Cached:            94832 kB
MemTotal:        1844596 kB
MemFree:         1503976 kB
MemAvailable:    1489692 kB
Buffers:           16348 kB
Cached:            94832 kB
MemTotal:        1844596 kB
MemFree:         1503716 kB
MemAvailable:    1489432 kB
Buffers:           16348 kB
Cached:            94832 kB
MemTotal:        1844596 kB
MemFree:         1503968 kB
MemAvailable:    1489684 kB
Buffers:           16348 kB
Cached:            94832 kB
MemTotal:        1844596 kB
MemFree:         1503916 kB
MemAvailable:    1489632 kB
Buffers:           16348 kB
Cached:            94832 kB
MemTotal:        1844596 kB
MemFree:         1510440 kB
MemAvailable:    1496156 kB
Buffers:           16348 kB
Cached:            94832 kB
MemTotal:        1844596 kB
MemFree:         1509200 kB
MemAvailable:    1494916 kB
Buffers:           16348 kB
Cached:            94832 kB
MemTotal:        1844596 kB
MemFree:         1510224 kB
MemAvailable:    1495940 kB
Buffers:           16348 kB
Cached:            94832 kB
MemTotal:        1844596 kB
MemFree:         1510476 kB
MemAvailable:    1496192 kB
Buffers:           16348 kB
Cached:            94832 kB
MemTotal:        1844596 kB
MemFree:         1507896 kB
MemAvailable:    1493612 kB
Buffers:           16348 kB
Cached:            94832 kB
MemTotal:        1844596 kB
MemFree:         1506284 kB
MemAvailable:    1492000 kB
Buffers:           16348 kB
Cached:            94832 kB
MemTotal:        1844596 kB
MemFree:         1503248 kB
MemAvailable:    1488964 kB
Buffers:           16348 kB
Cached:            94832 kB
MemTotal:        1844596 kB
MemFree:         1510376 kB
MemAvailable:    1496100 kB
Buffers:           16348 kB
Cached:            94844 kB
MemTotal:        1844596 kB
MemFree:         1507448 kB
MemAvailable:    1493172 kB
Buffers:           16348 kB
Cached:            94844 kB
MemTotal:        1844596 kB
MemFree:         1507532 kB
MemAvailable:    1493256 kB
Buffers:           16348 kB
Cached:            94844 kB
MemTotal:        1844596 kB
MemFree:         1504176 kB
MemAvailable:    1489900 kB
Buffers:           16348 kB
Cached:            94844 kB
MemTotal:        1844596 kB
MemFree:         1510500 kB
MemAvailable:    1496224 kB
Buffers:           16348 kB
Cached:            94844 kB
MemTotal:        1844596 kB
MemFree:         1508556 kB
MemAvailable:    1494280 kB
Buffers:           16348 kB
Cached:            94844 kB
MemTotal:        1844596 kB
MemFree:         1508556 kB
MemAvailable:    1494280 kB
Buffers:           16348 kB
Cached:            94844 kB
MemTotal:        1844596 kB
MemFree:         1508192 kB
MemAvailable:    1493916 kB
Buffers:           16348 kB
Cached:            94844 kB
MemTotal:        1844596 kB
MemFree:         1506472 kB
MemAvailable:    1492196 kB
Buffers:           16348 kB
Cached:            94844 kB
MemTotal:        1844596 kB
MemFree:         1506588 kB
MemAvailable:    1492312 kB
Buffers:           16348 kB
Cached:            94848 kB
MemTotal:        1844596 kB
MemFree:         1507772 kB
MemAvailable:    1493496 kB
Buffers:           16348 kB
Cached:            94848 kB
MemTotal:        1844596 kB
MemFree:         1507448 kB
MemAvailable:    1493172 kB
Buffers:           16348 kB
Cached:            94848 kB
MemTotal:        1844596 kB
MemFree:         1507648 kB
MemAvailable:    1493372 kB
Buffers:           16348 kB
Cached:            94848 kB
MemTotal:        1844596 kB
MemFree:         1507344 kB
MemAvailable:    1493068 kB
Buffers:           16348 kB
Cached:            94848 kB
MemTotal:        1844596 kB
MemFree:         1506224 kB
MemAvailable:    1491948 kB
Buffers:           16348 kB
Cached:            94848 kB
MemTotal:        1844596 kB
MemFree:         1507264 kB
MemAvailable:    1492988 kB
Buffers:           16348 kB
Cached:            94848 kB
MemTotal:        1844596 kB
MemFree:         1507216 kB
MemAvailable:    1492940 kB
Buffers:           16348 kB
Cached:            94848 kB
MemTotal:        1844596 kB
MemFree:         1505952 kB
MemAvailable:    1491676 kB
Buffers:           16348 kB
Cached:            94848 kB
MemTotal:        1844596 kB
MemFree:         1506464 kB
MemAvailable:    1492188 kB
Buffers:           16348 kB
Cached:            94848 kB
MemTotal:        1844596 kB
MemFree:         1507516 kB
MemAvailable:    1493244 kB
Buffers:           16348 kB
Cached:            94852 kB
MemTotal:        1844596 kB
MemFree:         1505976 kB
MemAvailable:    1491704 kB
Buffers:           16348 kB
Cached:            94852 kB
MemTotal:        1844596 kB
MemFree:         1503868 kB
MemAvailable:    1489596 kB
Buffers:           16348 kB
Cached:            94852 kB
MemTotal:        1844596 kB
MemFree:         1503744 kB
MemAvailable:    1489472 kB
Buffers:           16348 kB
Cached:            94852 kB
MemTotal:        1844596 kB
MemFree:         1503480 kB
MemAvailable:    1489208 kB
Buffers:           16348 kB
Cached:            94852 kB
MemTotal:        1844596 kB
MemFree:         1503364 kB
MemAvailable:    1489092 kB
Buffers:           16348 kB
Cached:            94852 kB
MemTotal:        1844596 kB
MemFree:         1503540 kB
MemAvailable:    1489268 kB
Buffers:           16348 kB
Cached:            94852 kB
MemTotal:        1844596 kB
MemFree:         1503540 kB
MemAvailable:    1489268 kB
Buffers:           16348 kB
Cached:            94852 kB
MemTotal:        1844596 kB
MemFree:         1502256 kB
MemAvailable:    1487984 kB
Buffers:           16348 kB
Cached:            94852 kB
MemTotal:        1844596 kB
MemFree:         1503544 kB
MemAvailable:    1489272 kB
Buffers:           16348 kB
Cached:            94852 kB
MemTotal:        1844596 kB
MemFree:         1502236 kB
MemAvailable:    1487964 kB
Buffers:           16348 kB
Cached:            94852 kB
MemTotal:        1844596 kB
MemFree:         1503372 kB
MemAvailable:    1489100 kB
Buffers:           16348 kB
Cached:            94852 kB
MemTotal:        1844596 kB
MemFree:         1502232 kB
MemAvailable:    1487960 kB
Buffers:           16348 kB
Cached:            94852 kB
MemTotal:        1844596 kB
MemFree:         1503308 kB
MemAvailable:    1489036 kB
Buffers:           16348 kB
Cached:            94852 kB
MemTotal:        1844596 kB
MemFree:         1503392 kB
MemAvailable:    1489120 kB
Buffers:           16348 kB
Cached:            94852 kB
MemTotal:        1844596 kB
MemFree:         1503364 kB
MemAvailable:    1489092 kB
Buffers:           16348 kB
Cached:            94852 kB
MemTotal:        1844596 kB
MemFree:         1503432 kB
MemAvailable:    1489160 kB
Buffers:           16348 kB
Cached:            94852 kB
MemTotal:        1844596 kB
MemFree:         1503556 kB
MemAvailable:    1489284 kB
Buffers:           16348 kB
Cached:            94852 kB
MemTotal:        1844596 kB
MemFree:         1502628 kB
MemAvailable:    1488356 kB
Buffers:           16348 kB
Cached:            94852 kB
MemTotal:        1844596 kB
MemFree:         1503376 kB
MemAvailable:    1489104 kB
Buffers:           16348 kB
Cached:            94852 kB
MemTotal:        1844596 kB
MemFree:         1503376 kB
MemAvailable:    1489104 kB
Buffers:           16348 kB
Cached:            94852 kB
MemTotal:        1844596 kB
MemFree:         1501116 kB
MemAvailable:    1486844 kB
Buffers:           16348 kB
Cached:            94852 kB
MemTotal:        1844596 kB
MemFree:         1501116 kB
MemAvailable:    1486844 kB
Buffers:           16348 kB
Cached:            94852 kB
MemTotal:        1844596 kB
MemFree:         1506332 kB
MemAvailable:    1492060 kB
Buffers:           16348 kB
Cached:            94852 kB
MemTotal:        1844596 kB
MemFree:         1506212 kB
MemAvailable:    1491940 kB
Buffers:           16348 kB
Cached:            94852 kB
MemTotal:        1844596 kB
MemFree:         1500208 kB
MemAvailable:    1485936 kB
Buffers:           16348 kB
Cached:            94852 kB
MemTotal:        1844596 kB
MemFree:         1499216 kB
MemAvailable:    1484944 kB
Buffers:           16348 kB
Cached:            94852 kB
MemTotal:        1844596 kB
MemFree:         1497916 kB
MemAvailable:    1483644 kB
Buffers:           16348 kB
Cached:            94852 kB
MemTotal:        1844596 kB
MemFree:         1498728 kB
MemAvailable:    1484456 kB
Buffers:           16348 kB
Cached:            94852 kB
MemTotal:        1844596 kB
MemFree:         1498456 kB
MemAvailable:    1484184 kB
Buffers:           16348 kB
Cached:            94852 kB
MemTotal:        1844596 kB
MemFree:         1498708 kB
MemAvailable:    1484436 kB
Buffers:           16348 kB
Cached:            94852 kB
MemTotal:        1844596 kB
MemFree:         1497364 kB
MemAvailable:    1483092 kB
Buffers:           16348 kB
Cached:            94852 kB
MemTotal:        1844596 kB
MemFree:         1498664 kB
MemAvailable:    1484392 kB
Buffers:           16348 kB
Cached:            94852 kB
MemTotal:        1844596 kB
MemFree:         1498664 kB
MemAvailable:    1484392 kB
Buffers:           16348 kB
Cached:            94852 kB
MemTotal:        1844596 kB
MemFree:         1498812 kB
MemAvailable:    1484540 kB
Buffers:           16348 kB
Cached:            94852 kB
MemTotal:        1844596 kB
MemFree:         1498528 kB
MemAvailable:    1484256 kB
Buffers:           16348 kB
Cached:            94852 kB
MemTotal:        1844596 kB
MemFree:         1498280 kB
MemAvailable:    1484008 kB
Buffers:           16348 kB
Cached:            94852 kB
MemTotal:        1844596 kB
MemFree:         1498132 kB
MemAvailable:    1483860 kB
Buffers:           16348 kB
Cached:            94852 kB
MemTotal:        1844596 kB
MemFree:         1498076 kB
MemAvailable:    1483804 kB
Buffers:           16348 kB
Cached:            94852 kB
MemTotal:        1844596 kB
MemFree:         1497976 kB
MemAvailable:    1483704 kB
Buffers:           16348 kB
Cached:            94852 kB
MemTotal:        1844596 kB
MemFree:         1496544 kB
MemAvailable:    1482272 kB
Buffers:           16348 kB
Cached:            94852 kB
MemTotal:        1844596 kB
MemFree:         1496544 kB
MemAvailable:    1482272 kB
Buffers:           16348 kB
Cached:            94852 kB
MemTotal:        1844596 kB
MemFree:         1497536 kB
MemAvailable:    1483264 kB
Buffers:           16348 kB
Cached:            94852 kB
MemTotal:        1844596 kB
MemFree:         1497480 kB
MemAvailable:    1483208 kB
Buffers:           16348 kB
Cached:            94852 kB
MemTotal:        1844596 kB
MemFree:         1496180 kB
MemAvailable:    1481908 kB
Buffers:           16348 kB
Cached:            94852 kB
MemTotal:        1844596 kB
MemFree:         1499596 kB
MemAvailable:    1485324 kB
Buffers:           16348 kB
Cached:            94856 kB
MemTotal:        1844596 kB
MemFree:         1496296 kB
MemAvailable:    1482024 kB
Buffers:           16348 kB
Cached:            94856 kB
MemTotal:        1844596 kB
MemFree:         1499664 kB
MemAvailable:    1485392 kB
Buffers:           16348 kB
Cached:            94856 kB
MemTotal:        1844596 kB
MemFree:         1498908 kB
MemAvailable:    1484636 kB
Buffers:           16348 kB
Cached:            94856 kB
MemTotal:        1844596 kB
MemFree:         1499532 kB
MemAvailable:    1485260 kB
Buffers:           16348 kB
Cached:            94856 kB
MemTotal:        1844596 kB
MemFree:         1499492 kB
MemAvailable:    1485220 kB
Buffers:           16348 kB
Cached:            94856 kB
MemTotal:        1844596 kB
MemFree:         1499576 kB
MemAvailable:    1485304 kB
Buffers:           16348 kB
Cached:            94856 kB
MemTotal:        1844596 kB
MemFree:         1499612 kB
MemAvailable:    1485340 kB
Buffers:           16348 kB
Cached:            94856 kB
MemTotal:        1844596 kB
MemFree:         1499776 kB
MemAvailable:    1485504 kB
Buffers:           16348 kB
Cached:            94856 kB
MemTotal:        1844596 kB
MemFree:         1499656 kB
MemAvailable:    1485384 kB
Buffers:           16348 kB
Cached:            94856 kB
MemTotal:        1844596 kB
MemFree:         1499716 kB
MemAvailable:    1485444 kB
Buffers:           16348 kB
Cached:            94856 kB
MemTotal:        1844596 kB
MemFree:         1498908 kB
MemAvailable:    1484636 kB
Buffers:           16348 kB
Cached:            94856 kB
MemTotal:        1844596 kB
MemFree:         1499756 kB
MemAvailable:    1485484 kB
Buffers:           16348 kB
Cached:            94856 kB
MemTotal:        1844596 kB
MemFree:         1499700 kB
MemAvailable:    1485428 kB
Buffers:           16348 kB
Cached:            94856 kB
MemTotal:        1844596 kB
MemFree:         1499492 kB
MemAvailable:    1485220 kB
Buffers:           16348 kB
Cached:            94856 kB
MemTotal:        1844596 kB
MemFree:         1499492 kB
MemAvailable:    1485220 kB
Buffers:           16348 kB
Cached:            94856 kB
MemTotal:        1844596 kB
MemFree:         1499492 kB
MemAvailable:    1485220 kB
Buffers:           16348 kB
Cached:            94856 kB
MemTotal:        1844596 kB
MemFree:         1499744 kB
MemAvailable:    1485472 kB
Buffers:           16348 kB
Cached:            94856 kB
MemTotal:        1844596 kB
MemFree:         1498384 kB
MemAvailable:    1484112 kB
Buffers:           16348 kB
Cached:            94856 kB
MemTotal:        1844596 kB
MemFree:         1499684 kB
MemAvailable:    1485412 kB
Buffers:           16348 kB
Cached:            94856 kB
MemTotal:        1844596 kB
MemFree:         1499644 kB
MemAvailable:    1485372 kB
Buffers:           16348 kB
Cached:            94856 kB
MemTotal:        1844596 kB
MemFree:         1498116 kB
MemAvailable:    1483844 kB
Buffers:           16348 kB
Cached:            94856 kB
MemTotal:        1844596 kB
MemFree:         1499736 kB
MemAvailable:    1485464 kB
Buffers:           16348 kB
Cached:            94856 kB
MemTotal:        1844596 kB
MemFree:         1499460 kB
MemAvailable:    1485188 kB
Buffers:           16348 kB
Cached:            94856 kB
MemTotal:        1844596 kB
MemFree:         1499516 kB
MemAvailable:    1485244 kB
Buffers:           16348 kB
Cached:            94856 kB
MemTotal:        1844596 kB
MemFree:         1498388 kB
MemAvailable:    1484116 kB
Buffers:           16348 kB
Cached:            94856 kB
MemTotal:        1844596 kB
MemFree:         1498348 kB
MemAvailable:    1484076 kB
Buffers:           16348 kB
Cached:            94856 kB
MemTotal:        1844596 kB
MemFree:         1497296 kB
MemAvailable:    1483024 kB
Buffers:           16348 kB
Cached:            94856 kB
MemTotal:        1844596 kB
MemFree:         1497024 kB
MemAvailable:    1482752 kB
Buffers:           16348 kB
Cached:            94856 kB
MemTotal:        1844596 kB
MemFree:         1497360 kB
MemAvailable:    1483088 kB
Buffers:           16348 kB
Cached:            94856 kB
MemTotal:        1844596 kB
MemFree:         1497428 kB
MemAvailable:    1483156 kB
Buffers:           16348 kB
Cached:            94856 kB
MemTotal:        1844596 kB
MemFree:         1497264 kB
MemAvailable:    1482992 kB
Buffers:           16348 kB
Cached:            94856 kB
MemTotal:        1844596 kB
MemFree:         1497432 kB
MemAvailable:    1483160 kB
Buffers:           16348 kB
Cached:            94856 kB
MemTotal:        1844596 kB
MemFree:         1497424 kB
MemAvailable:    1483152 kB
Buffers:           16348 kB
Cached:            94856 kB
MemTotal:        1844596 kB
MemFree:         1497612 kB
MemAvailable:    1483340 kB
Buffers:           16348 kB
Cached:            94856 kB
MemTotal:        1844596 kB
MemFree:         1497548 kB
MemAvailable:    1483276 kB
Buffers:           16348 kB
Cached:            94856 kB
MemTotal:        1844596 kB
MemFree:         1496552 kB
MemAvailable:    1482284 kB
Buffers:           16348 kB
Cached:            94860 kB
MemTotal:        1844596 kB
MemFree:         1497468 kB
MemAvailable:    1483200 kB
Buffers:           16348 kB
Cached:            94860 kB
MemTotal:        1844596 kB
MemFree:         1497420 kB
MemAvailable:    1483152 kB
Buffers:           16348 kB
Cached:            94860 kB
MemTotal:        1844596 kB
MemFree:         1496504 kB
MemAvailable:    1482236 kB
Buffers:           16348 kB
Cached:            94860 kB
MemTotal:        1844596 kB
MemFree:         1497432 kB
MemAvailable:    1483164 kB
Buffers:           16348 kB
Cached:            94860 kB
MemTotal:        1844596 kB
MemFree:         1497552 kB
MemAvailable:    1483284 kB
Buffers:           16348 kB
Cached:            94860 kB
MemTotal:        1844596 kB
MemFree:         1497528 kB
MemAvailable:    1483260 kB
Buffers:           16348 kB
Cached:            94860 kB
MemTotal:        1844596 kB
MemFree:         1497272 kB
MemAvailable:    1483004 kB
Buffers:           16348 kB
Cached:            94860 kB
MemTotal:        1844596 kB
MemFree:         1497472 kB
MemAvailable:    1483204 kB
Buffers:           16348 kB
Cached:            94860 kB
MemTotal:        1844596 kB
MemFree:         1497456 kB
MemAvailable:    1483188 kB
Buffers:           16348 kB
Cached:            94860 kB
MemTotal:        1844596 kB
MemFree:         1496436 kB
MemAvailable:    1482168 kB
Buffers:           16348 kB
Cached:            94860 kB
MemTotal:        1844596 kB
MemFree:         1496984 kB
MemAvailable:    1482716 kB
Buffers:           16348 kB
Cached:            94860 kB
MemTotal:        1844596 kB
MemFree:         1497236 kB
MemAvailable:    1482968 kB
Buffers:           16348 kB
Cached:            94860 kB
MemTotal:        1844596 kB
MemFree:         1495744 kB
MemAvailable:    1481476 kB
Buffers:           16348 kB
Cached:            94860 kB
MemTotal:        1844596 kB
MemFree:         1497116 kB
MemAvailable:    1482848 kB
Buffers:           16348 kB
Cached:            94860 kB
MemTotal:        1844596 kB
MemFree:         1497176 kB
MemAvailable:    1482908 kB
Buffers:           16348 kB
Cached:            94860 kB
MemTotal:        1844596 kB
MemFree:         1496984 kB
MemAvailable:    1482716 kB
Buffers:           16348 kB
Cached:            94860 kB
MemTotal:        1844596 kB
MemFree:         1496984 kB
MemAvailable:    1482716 kB
Buffers:           16348 kB
Cached:            94860 kB
MemTotal:        1844596 kB
MemFree:         1495480 kB
MemAvailable:    1481212 kB
Buffers:           16348 kB
Cached:            94860 kB
MemTotal:        1844596 kB
MemFree:         1495524 kB
MemAvailable:    1481256 kB
Buffers:           16348 kB
Cached:            94860 kB
MemTotal:        1844596 kB
MemFree:         1496908 kB
MemAvailable:    1482640 kB
Buffers:           16348 kB
Cached:            94860 kB
MemTotal:        1844596 kB
MemFree:         1496056 kB
MemAvailable:    1481788 kB
Buffers:           16348 kB
Cached:            94860 kB
MemTotal:        1844596 kB
MemFree:         1496772 kB
MemAvailable:    1482504 kB
Buffers:           16348 kB
Cached:            94860 kB
MemTotal:        1844596 kB
MemFree:         1496856 kB
MemAvailable:    1482588 kB
Buffers:           16348 kB
Cached:            94860 kB
MemTotal:        1844596 kB
MemFree:         1496960 kB
MemAvailable:    1482692 kB
Buffers:           16348 kB
Cached:            94860 kB
MemTotal:        1844596 kB
MemFree:         1496180 kB
MemAvailable:    1481912 kB
Buffers:           16348 kB
Cached:            94860 kB
MemTotal:        1844596 kB
MemFree:         1496772 kB
MemAvailable:    1482504 kB
Buffers:           16348 kB
Cached:            94860 kB
MemTotal:        1844596 kB
MemFree:         1497024 kB
MemAvailable:    1482756 kB
Buffers:           16348 kB
Cached:            94860 kB
MemTotal:        1844596 kB
MemFree:         1496924 kB
MemAvailable:    1482656 kB
Buffers:           16348 kB
Cached:            94860 kB
MemTotal:        1844596 kB
MemFree:         1496180 kB
MemAvailable:    1481912 kB
Buffers:           16348 kB
Cached:            94860 kB
MemTotal:        1844596 kB
MemFree:         1496964 kB
MemAvailable:    1482696 kB
Buffers:           16348 kB
Cached:            94860 kB
MemTotal:        1844596 kB
MemFree:         1495616 kB
MemAvailable:    1481348 kB
Buffers:           16348 kB
Cached:            94860 kB
MemTotal:        1844596 kB
MemFree:         1496420 kB
MemAvailable:    1482152 kB
Buffers:           16348 kB
Cached:            94860 kB
MemTotal:        1844596 kB
MemFree:         1496796 kB
MemAvailable:    1482528 kB
Buffers:           16348 kB
Cached:            94860 kB
MemTotal:        1844596 kB
MemFree:         1495788 kB
MemAvailable:    1481520 kB
Buffers:           16348 kB
Cached:            94860 kB
MemTotal:        1844596 kB
MemFree:         1495904 kB
MemAvailable:    1481636 kB
Buffers:           16348 kB
Cached:            94860 kB
MemTotal:        1844596 kB
MemFree:         1496888 kB
MemAvailable:    1482620 kB
Buffers:           16348 kB
Cached:            94860 kB
MemTotal:        1844596 kB
MemFree:         1496888 kB
MemAvailable:    1482620 kB
Buffers:           16348 kB
Cached:            94860 kB
MemTotal:        1844596 kB
MemFree:         1495536 kB
MemAvailable:    1481268 kB
Buffers:           16348 kB
Cached:            94860 kB
MemTotal:        1844596 kB
MemFree:         1496968 kB
MemAvailable:    1482700 kB
Buffers:           16348 kB
Cached:            94860 kB
MemTotal:        1844596 kB
MemFree:         1496844 kB
MemAvailable:    1482576 kB
Buffers:           16348 kB
Cached:            94860 kB
MemTotal:        1844596 kB
MemFree:         1495792 kB
MemAvailable:    1481524 kB
Buffers:           16348 kB
Cached:            94860 kB
MemTotal:        1844596 kB
MemFree:         1495924 kB
MemAvailable:    1481656 kB
Buffers:           16348 kB
Cached:            94860 kB
MemTotal:        1844596 kB
MemFree:         1497032 kB
MemAvailable:    1482764 kB
Buffers:           16348 kB
Cached:            94864 kB
MemTotal:        1844596 kB
MemFree:         1497116 kB
MemAvailable:    1482848 kB
Buffers:           16348 kB
Cached:            94864 kB
MemTotal:        1844596 kB
MemFree:         1497096 kB
MemAvailable:    1482828 kB
Buffers:           16348 kB
Cached:            94864 kB
MemTotal:        1844596 kB
MemFree:         1495532 kB
MemAvailable:    1481264 kB
Buffers:           16348 kB
Cached:            94864 kB
MemTotal:        1844596 kB
MemFree:         1495912 kB
MemAvailable:    1481644 kB
Buffers:           16348 kB
Cached:            94864 kB
MemTotal:        1844596 kB
MemFree:         1497028 kB
MemAvailable:    1482760 kB
Buffers:           16348 kB
Cached:            94864 kB
MemTotal:        1844596 kB
MemFree:         1496172 kB
MemAvailable:    1481780 kB
Buffers:           16348 kB
Cached:            94864 kB
MemTotal:        1844596 kB
MemFree:         1496756 kB
MemAvailable:    1482488 kB
Buffers:           16348 kB
Cached:            94864 kB
MemTotal:        1844596 kB
MemFree:         1496840 kB
MemAvailable:    1482572 kB
Buffers:           16348 kB
Cached:            94864 kB
MemTotal:        1844596 kB
MemFree:         1496904 kB
MemAvailable:    1482636 kB
Buffers:           16348 kB
Cached:            94864 kB
MemTotal:        1844596 kB
MemFree:         1496948 kB
MemAvailable:    1482680 kB
Buffers:           16348 kB
Cached:            94864 kB
MemTotal:        1844596 kB
MemFree:         1496048 kB
MemAvailable:    1481780 kB
Buffers:           16348 kB
Cached:            94864 kB
MemTotal:        1844596 kB
MemFree:         1496964 kB
MemAvailable:    1482696 kB
Buffers:           16348 kB
Cached:            94864 kB
MemTotal:        1844596 kB
MemFree:         1497028 kB
MemAvailable:    1482760 kB
Buffers:           16348 kB
Cached:            94864 kB
MemTotal:        1844596 kB
MemFree:         1495656 kB
MemAvailable:    1481388 kB
Buffers:           16348 kB
Cached:            94864 kB
MemTotal:        1844596 kB
MemFree:         1495676 kB
MemAvailable:    1481408 kB
Buffers:           16348 kB
Cached:            94864 kB
MemTotal:        1844596 kB
MemFree:         1496676 kB
MemAvailable:    1482408 kB
Buffers:           16348 kB
Cached:            94864 kB
MemTotal:        1844596 kB
MemFree:         1496844 kB
MemAvailable:    1482576 kB
Buffers:           16348 kB
Cached:            94864 kB
MemTotal:        1844596 kB
MemFree:         1496672 kB
MemAvailable:    1482404 kB
Buffers:           16348 kB
Cached:            94864 kB
MemTotal:        1844596 kB
MemFree:         1496672 kB
MemAvailable:    1482404 kB
Buffers:           16348 kB
Cached:            94864 kB
MemTotal:        1844596 kB
MemFree:         1496708 kB
MemAvailable:    1482440 kB
Buffers:           16348 kB
Cached:            94864 kB
MemTotal:        1844596 kB
MemFree:         1496792 kB
MemAvailable:    1482524 kB
Buffers:           16348 kB
Cached:            94864 kB
MemTotal:        1844596 kB
MemFree:         1496900 kB
MemAvailable:    1482632 kB
Buffers:           16348 kB
Cached:            94864 kB
MemTotal:        1844596 kB
MemFree:         1496040 kB
MemAvailable:    1481772 kB
Buffers:           16348 kB
Cached:            94864 kB
MemTotal:        1844596 kB
MemFree:         1495300 kB
MemAvailable:    1481032 kB
Buffers:           16348 kB
Cached:            94864 kB
MemTotal:        1844596 kB
MemFree:         1495416 kB
MemAvailable:    1481148 kB
Buffers:           16348 kB
Cached:            94864 kB
MemTotal:        1844596 kB
MemFree:         1496608 kB
MemAvailable:    1482340 kB
Buffers:           16348 kB
Cached:            94864 kB
MemTotal:        1844596 kB
MemFree:         1496372 kB
MemAvailable:    1482104 kB
Buffers:           16348 kB
Cached:            94864 kB
MemTotal:        1844596 kB
MemFree:         1497048 kB
MemAvailable:    1482784 kB
Buffers:           16348 kB
Cached:            94872 kB
MemTotal:        1844596 kB
MemFree:         1496776 kB
MemAvailable:    1482512 kB
Buffers:           16348 kB
Cached:            94872 kB
MemTotal:        1844596 kB
MemFree:         1496860 kB
MemAvailable:    1482596 kB
Buffers:           16348 kB
Cached:            94872 kB
MemTotal:        1844596 kB
MemFree:         1496648 kB
MemAvailable:    1482384 kB
Buffers:           16348 kB
Cached:            94872 kB
MemTotal:        1844596 kB
MemFree:         1496900 kB
MemAvailable:    1482636 kB
Buffers:           16348 kB
Cached:            94872 kB
MemTotal:        1844596 kB
MemFree:         1496276 kB
MemAvailable:    1482012 kB
Buffers:           16348 kB
Cached:            94872 kB
MemTotal:        1844596 kB
MemFree:         1495412 kB
MemAvailable:    1481148 kB
Buffers:           16348 kB
Cached:            94872 kB
MemTotal:        1844596 kB
MemFree:         1496812 kB
MemAvailable:    1482548 kB
Buffers:           16348 kB
Cached:            94872 kB
MemTotal:        1844596 kB
MemFree:         1497016 kB
MemAvailable:    1482752 kB
Buffers:           16348 kB
Cached:            94872 kB
MemTotal:        1844596 kB
MemFree:         1496912 kB
MemAvailable:    1482648 kB
Buffers:           16348 kB
Cached:            94872 kB
MemTotal:        1844596 kB
MemFree:         1496600 kB
MemAvailable:    1482336 kB
Buffers:           16348 kB
Cached:            94872 kB
MemTotal:        1844596 kB
MemFree:         1496852 kB
MemAvailable:    1482588 kB
Buffers:           16348 kB
Cached:            94872 kB
MemTotal:        1844596 kB
MemFree:         1496620 kB
MemAvailable:    1482356 kB
Buffers:           16348 kB
Cached:            94872 kB
MemTotal:        1844596 kB
MemFree:         1496704 kB
MemAvailable:    1482440 kB
Buffers:           16348 kB
Cached:            94872 kB
MemTotal:        1844596 kB
MemFree:         1495372 kB
MemAvailable:    1481108 kB
Buffers:           16348 kB
Cached:            94872 kB
MemTotal:        1844596 kB
MemFree:         1496772 kB
MemAvailable:    1482508 kB
Buffers:           16348 kB
Cached:            94872 kB
MemTotal:        1844596 kB
MemFree:         1496716 kB
MemAvailable:    1482452 kB
Buffers:           16348 kB
Cached:            94872 kB
MemTotal:        1844596 kB
MemFree:         1496640 kB
MemAvailable:    1482376 kB
Buffers:           16348 kB
Cached:            94872 kB
MemTotal:        1844596 kB
MemFree:         1496800 kB
MemAvailable:    1482536 kB
Buffers:           16348 kB
Cached:            94872 kB
MemTotal:        1844596 kB
MemFree:         1496620 kB
MemAvailable:    1482356 kB
Buffers:           16348 kB
Cached:            94872 kB
MemTotal:        1844596 kB
MemFree:         1496864 kB
MemAvailable:    1482600 kB
Buffers:           16348 kB
Cached:            94872 kB
MemTotal:        1844596 kB
MemFree:         1495940 kB
MemAvailable:    1481676 kB
Buffers:           16348 kB
Cached:            94872 kB
MemTotal:        1844596 kB
MemFree:         1497232 kB
MemAvailable:    1482968 kB
Buffers:           16348 kB
Cached:            94872 kB
MemTotal:        1844596 kB
MemFree:         1496976 kB
MemAvailable:    1482712 kB
Buffers:           16348 kB
Cached:            94872 kB
MemTotal:        1844596 kB
MemFree:         1495924 kB
MemAvailable:    1481660 kB
Buffers:           16348 kB
Cached:            94872 kB
MemTotal:        1844596 kB
MemFree:         1497048 kB
MemAvailable:    1482784 kB
Buffers:           16348 kB
Cached:            94872 kB
MemTotal:        1844596 kB
MemFree:         1496172 kB
MemAvailable:    1481908 kB
Buffers:           16348 kB
Cached:            94872 kB
MemTotal:        1844596 kB
MemFree:         1496640 kB
MemAvailable:    1482376 kB
Buffers:           16348 kB
Cached:            94872 kB
MemTotal:        1844596 kB
MemFree:         1496248 kB
MemAvailable:    1481984 kB
Buffers:           16348 kB
Cached:            94872 kB
MemTotal:        1844596 kB
MemFree:         1496784 kB
MemAvailable:    1482520 kB
Buffers:           16348 kB
Cached:            94872 kB
MemTotal:        1844596 kB
MemFree:         1496124 kB
MemAvailable:    1481860 kB
Buffers:           16348 kB
Cached:            94872 kB
MemTotal:        1844596 kB
MemFree:         1497108 kB
MemAvailable:    1482844 kB
Buffers:           16348 kB
Cached:            94872 kB
MemTotal:        1844596 kB
MemFree:         1495808 kB
MemAvailable:    1481544 kB
Buffers:           16348 kB
Cached:            94872 kB
MemTotal:        1844596 kB
MemFree:         1496984 kB
MemAvailable:    1482720 kB
Buffers:           16348 kB
Cached:            94872 kB
MemTotal:        1844596 kB
MemFree:         1496924 kB
MemAvailable:    1482660 kB
Buffers:           16348 kB
Cached:            94872 kB
MemTotal:        1844596 kB
MemFree:         1496364 kB
MemAvailable:    1482100 kB
Buffers:           16348 kB
Cached:            94872 kB
MemTotal:        1844596 kB
MemFree:         1495292 kB
MemAvailable:    1481028 kB
Buffers:           16348 kB
Cached:            94872 kB
MemTotal:        1844596 kB
MemFree:         1495624 kB
MemAvailable:    1481360 kB
Buffers:           16348 kB
Cached:            94872 kB
MemTotal:        1844596 kB
MemFree:         1496468 kB
MemAvailable:    1482204 kB
Buffers:           16348 kB
Cached:            94872 kB
MemTotal:        1844596 kB
MemFree:         1496116 kB
MemAvailable:    1481852 kB
Buffers:           16348 kB
Cached:            94872 kB
MemTotal:        1844596 kB
MemFree:         1496736 kB
MemAvailable:    1482472 kB
Buffers:           16348 kB
Cached:            94872 kB
MemTotal:        1844596 kB
MemFree:         1495436 kB
MemAvailable:    1481172 kB
Buffers:           16348 kB
Cached:            94872 kB
MemTotal:        1844596 kB
MemFree:         1496268 kB
MemAvailable:    1482004 kB
Buffers:           16348 kB
Cached:            94872 kB
MemTotal:        1844596 kB
MemFree:         1496500 kB
MemAvailable:    1482236 kB
Buffers:           16348 kB
Cached:            94872 kB
MemTotal:        1844596 kB
MemFree:         1496360 kB
MemAvailable:    1482096 kB
Buffers:           16348 kB
Cached:            94872 kB
MemTotal:        1844596 kB
MemFree:         1496428 kB
MemAvailable:    1482164 kB
Buffers:           16348 kB
Cached:            94872 kB
MemTotal:        1844596 kB
MemFree:         1496400 kB
MemAvailable:    1482136 kB
Buffers:           16348 kB
Cached:            94872 kB
MemTotal:        1844596 kB
MemFree:         1495424 kB
MemAvailable:    1481160 kB
Buffers:           16348 kB
Cached:            94872 kB
MemTotal:        1844596 kB
MemFree:         1496548 kB
MemAvailable:    1482284 kB
Buffers:           16348 kB
Cached:            94872 kB
MemTotal:        1844596 kB
MemFree:         1496524 kB
MemAvailable:    1482260 kB
Buffers:           16348 kB
Cached:            94872 kB
MemTotal:        1844596 kB
MemFree:         1495560 kB
MemAvailable:    1481296 kB
Buffers:           16348 kB
Cached:            94872 kB
MemTotal:        1844596 kB
MemFree:         1496924 kB
MemAvailable:    1482660 kB
Buffers:           16348 kB
Cached:            94872 kB
MemTotal:        1844596 kB
MemFree:         1496528 kB
MemAvailable:    1482264 kB
Buffers:           16348 kB
Cached:            94872 kB
MemTotal:        1844596 kB
MemFree:         1496612 kB
MemAvailable:    1482348 kB
Buffers:           16348 kB
Cached:            94872 kB
MemTotal:        1844596 kB
MemFree:         1496400 kB
MemAvailable:    1482136 kB
Buffers:           16348 kB
Cached:            94872 kB
MemTotal:        1844596 kB
MemFree:         1496552 kB
MemAvailable:    1482288 kB
Buffers:           16348 kB
Cached:            94872 kB
MemTotal:        1844596 kB
MemFree:         1496232 kB
MemAvailable:    1481968 kB
Buffers:           16348 kB
Cached:            94872 kB
MemTotal:        1844596 kB
MemFree:         1496484 kB
MemAvailable:    1482220 kB
Buffers:           16348 kB
Cached:            94872 kB
MemTotal:        1844596 kB
MemFree:         1496352 kB
MemAvailable:    1482088 kB
Buffers:           16348 kB
Cached:            94872 kB
MemTotal:        1844596 kB
MemFree:         1496304 kB
MemAvailable:    1482040 kB
Buffers:           16348 kB
Cached:            94872 kB
MemTotal:        1844596 kB
MemFree:         1496400 kB
MemAvailable:    1482136 kB
Buffers:           16348 kB
Cached:            94872 kB
MemTotal:        1844596 kB
MemFree:         1496652 kB
MemAvailable:    1482388 kB
Buffers:           16348 kB
Cached:            94872 kB
MemTotal:        1844596 kB
MemFree:         1495124 kB
MemAvailable:    1480860 kB
Buffers:           16348 kB
Cached:            94872 kB
MemTotal:        1844596 kB
MemFree:         1496496 kB
MemAvailable:    1482232 kB
Buffers:           16348 kB
Cached:            94872 kB
MemTotal:        1844596 kB
MemFree:         1496356 kB
MemAvailable:    1482092 kB
Buffers:           16348 kB
Cached:            94872 kB
MemTotal:        1844596 kB
MemFree:         1496608 kB
MemAvailable:    1482344 kB
Buffers:           16348 kB
Cached:            94872 kB
MemTotal:        1844596 kB
MemFree:         1496392 kB
MemAvailable:    1482128 kB
Buffers:           16348 kB
Cached:            94872 kB
MemTotal:        1844596 kB
MemFree:         1496476 kB
MemAvailable:    1482212 kB
Buffers:           16348 kB
Cached:            94872 kB
MemTotal:        1844596 kB
MemFree:         1496592 kB
MemAvailable:    1482328 kB
Buffers:           16348 kB
Cached:            94872 kB
MemTotal:        1844596 kB
MemFree:         1496532 kB
MemAvailable:    1482268 kB
Buffers:           16348 kB
Cached:            94872 kB
MemTotal:        1844596 kB
MemFree:         1496468 kB
MemAvailable:    1482204 kB
Buffers:           16348 kB
Cached:            94872 kB
MemTotal:        1844596 kB
MemFree:         1496392 kB
MemAvailable:    1482128 kB
Buffers:           16348 kB
Cached:            94872 kB
MemTotal:        1844596 kB
MemFree:         1496476 kB
MemAvailable:    1482040 kB
Buffers:           16348 kB
Cached:            94872 kB
MemTotal:        1844596 kB
MemFree:         1496400 kB
MemAvailable:    1482136 kB
Buffers:           16348 kB
Cached:            94872 kB
MemTotal:        1844596 kB
MemFree:         1496652 kB
MemAvailable:    1482388 kB
Buffers:           16348 kB
Cached:            94872 kB
MemTotal:        1844596 kB
MemFree:         1495256 kB
MemAvailable:    1480992 kB
Buffers:           16348 kB
Cached:            94872 kB
MemTotal:        1844596 kB
MemFree:         1495284 kB
MemAvailable:    1481020 kB
Buffers:           16348 kB
Cached:            94872 kB
MemTotal:        1844596 kB
MemFree:         1496392 kB
MemAvailable:    1482128 kB
Buffers:           16348 kB
Cached:            94872 kB
MemTotal:        1844596 kB
MemFree:         1496644 kB
MemAvailable:    1482380 kB
Buffers:           16348 kB
Cached:            94872 kB
MemTotal:        1844596 kB
MemFree:         1496224 kB
MemAvailable:    1481960 kB
Buffers:           16348 kB
Cached:            94872 kB
MemTotal:        1844596 kB
MemFree:         1496392 kB
MemAvailable:    1482128 kB
Buffers:           16348 kB
Cached:            94872 kB
MemTotal:        1844596 kB
MemFree:         1495276 kB
MemAvailable:    1481012 kB
Buffers:           16348 kB
Cached:            94872 kB
MemTotal:        1844596 kB
MemFree:         1496484 kB
MemAvailable:    1482220 kB
Buffers:           16348 kB
Cached:            94872 kB
MemTotal:        1844596 kB
MemFree:         1496456 kB
MemAvailable:    1482192 kB
Buffers:           16348 kB
Cached:            94872 kB
MemTotal:        1844596 kB
MemFree:         1496480 kB
MemAvailable:    1482216 kB
Buffers:           16348 kB
Cached:            94872 kB
MemTotal:        1844596 kB
MemFree:         1496364 kB
MemAvailable:    1482100 kB
Buffers:           16348 kB
Cached:            94872 kB
MemTotal:        1844596 kB
MemFree:         1496364 kB
MemAvailable:    1482100 kB
Buffers:           16348 kB
Cached:            94872 kB
MemTotal:        1844596 kB
MemFree:         1496432 kB
MemAvailable:    1482168 kB
Buffers:           16348 kB
Cached:            94872 kB
MemTotal:        1844596 kB
MemFree:         1496552 kB
MemAvailable:    1482288 kB
Buffers:           16348 kB
Cached:            94872 kB
MemTotal:        1844596 kB
MemFree:         1496528 kB
MemAvailable:    1482264 kB
Buffers:           16348 kB
Cached:            94872 kB
MemTotal:        1844596 kB
MemFree:         1496420 kB
MemAvailable:    1482164 kB
Buffers:           16348 kB
Cached:            94884 kB
MemTotal:        1844596 kB
MemFree:         1496364 kB
MemAvailable:    1482108 kB
Buffers:           16348 kB
Cached:            94884 kB
MemTotal:        1844596 kB
MemFree:         1496288 kB
MemAvailable:    1482032 kB
Buffers:           16348 kB
Cached:            94884 kB
MemTotal:        1844596 kB
MemFree:         1496540 kB
MemAvailable:    1482284 kB
Buffers:           16348 kB
Cached:            94884 kB
MemTotal:        1844596 kB
MemFree:         1496412 kB
MemAvailable:    1482156 kB
Buffers:           16348 kB
Cached:            94884 kB
MemTotal:        1844596 kB
MemFree:         1495684 kB
MemAvailable:    1481428 kB
Buffers:           16348 kB
Cached:            94884 kB
MemTotal:        1844596 kB
MemFree:         1495292 kB
MemAvailable:    1481036 kB
Buffers:           16348 kB
Cached:            94884 kB
MemTotal:        1844596 kB
MemFree:         1496440 kB
MemAvailable:    1482184 kB
Buffers:           16348 kB
Cached:            94884 kB
MemTotal:        1844596 kB
MemFree:         1496360 kB
MemAvailable:    1482104 kB
Buffers:           16348 kB
Cached:            94884 kB
MemTotal:        1844596 kB
MemFree:         1496612 kB
MemAvailable:    1482356 kB
Buffers:           16348 kB
Cached:            94884 kB
MemTotal:        1844596 kB
MemFree:         1496400 kB
MemAvailable:    1482144 kB
Buffers:           16348 kB
Cached:            94884 kB
MemTotal:        1844596 kB
MemFree:         1496652 kB
MemAvailable:    1482396 kB
Buffers:           16348 kB
Cached:            94884 kB
MemTotal:        1844596 kB
MemFree:         1496352 kB
MemAvailable:    1482096 kB
Buffers:           16348 kB
Cached:            94884 kB
MemTotal:        1844596 kB
MemFree:         1496604 kB
MemAvailable:    1482348 kB
Buffers:           16348 kB
Cached:            94884 kB
MemTotal:        1844596 kB
MemFree:         1496016 kB
MemAvailable:    1481760 kB
Buffers:           16348 kB
Cached:            94884 kB
MemTotal:        1844596 kB
MemFree:         1495152 kB
MemAvailable:    1480896 kB
Buffers:           16348 kB
Cached:            94884 kB
MemTotal:        1844596 kB
MemFree:         1495268 kB
MemAvailable:    1481012 kB
Buffers:           16348 kB
Cached:            94884 kB
MemTotal:        1844596 kB
MemFree:         1496240 kB
MemAvailable:    1481984 kB
Buffers:           16348 kB
Cached:            94884 kB
MemTotal:        1844596 kB
MemFree:         1495312 kB
MemAvailable:    1481056 kB
Buffers:           16348 kB
Cached:            94884 kB
MemTotal:        1844596 kB
MemFree:         1495424 kB
MemAvailable:    1481168 kB
Buffers:           16348 kB
Cached:            94884 kB
MemTotal:        1844596 kB
MemFree:         1496560 kB
MemAvailable:    1482304 kB
Buffers:           16348 kB
Cached:            94884 kB
MemTotal:        1844596 kB
MemFree:         1495552 kB
MemAvailable:    1481296 kB
Buffers:           16348 kB
Cached:            94884 kB
MemTotal:        1844596 kB
MemFree:         1496040 kB
MemAvailable:    1481784 kB
Buffers:           16348 kB
Cached:            94884 kB
MemTotal:        1844596 kB
MemFree:         1495172 kB
MemAvailable:    1480916 kB
Buffers:           16348 kB
Cached:            94884 kB
MemTotal:        1844596 kB
MemFree:         1495412 kB
MemAvailable:    1481156 kB
Buffers:           16348 kB
Cached:            94884 kB
MemTotal:        1844596 kB
MemFree:         1496744 kB
MemAvailable:    1482488 kB
Buffers:           16348 kB
Cached:            94884 kB
MemTotal:        1844596 kB
MemFree:         1496660 kB
MemAvailable:    1482404 kB
Buffers:           16348 kB
Cached:            94884 kB
MemTotal:        1844596 kB
MemFree:         1496784 kB
MemAvailable:    1482528 kB
Buffers:           16348 kB
Cached:            94884 kB
MemTotal:        1844596 kB
MemFree:         1496388 kB
MemAvailable:    1482132 kB
Buffers:           16348 kB
Cached:            94884 kB
MemTotal:        1844596 kB
MemFree:         1495876 kB
MemAvailable:    1481620 kB
Buffers:           16348 kB
Cached:            94884 kB
MemTotal:        1844596 kB
MemFree:         1496040 kB
MemAvailable:    1481784 kB
Buffers:           16348 kB
Cached:            94884 kB
MemTotal:        1844596 kB
MemFree:         1495384 kB
MemAvailable:    1481128 kB
Buffers:           16348 kB
Cached:            94884 kB
MemTotal:        1844596 kB
MemFree:         1496536 kB
MemAvailable:    1482280 kB
Buffers:           16348 kB
Cached:            94884 kB
MemTotal:        1844596 kB
MemFree:         1496536 kB
MemAvailable:    1482280 kB
Buffers:           16348 kB
Cached:            94884 kB
MemTotal:        1844596 kB
MemFree:         1496400 kB
MemAvailable:    1482144 kB
Buffers:           16348 kB
Cached:            94884 kB
MemTotal:        1844596 kB
MemFree:         1496652 kB
MemAvailable:    1482396 kB
Buffers:           16348 kB
Cached:            94884 kB
MemTotal:        1844596 kB
MemFree:         1496552 kB
MemAvailable:    1482296 kB
Buffers:           16348 kB
Cached:            94884 kB
MemTotal:        1844596 kB
MemFree:         1496464 kB
MemAvailable:    1482208 kB
Buffers:           16348 kB
Cached:            94884 kB
MemTotal:        1844596 kB
MemFree:         1495684 kB
MemAvailable:    1481428 kB
Buffers:           16348 kB
Cached:            94884 kB
MemTotal:        1844596 kB
MemFree:         1496860 kB
MemAvailable:    1482604 kB
Buffers:           16348 kB
Cached:            94888 kB
MemTotal:        1844596 kB
MemFree:         1496528 kB
MemAvailable:    1482272 kB
Buffers:           16348 kB
Cached:            94888 kB
MemTotal:        1844596 kB
MemFree:         1496780 kB
MemAvailable:    1482524 kB
Buffers:           16348 kB
Cached:            94888 kB
MemTotal:        1844596 kB
MemFree:         1496596 kB
MemAvailable:    1482340 kB
Buffers:           16348 kB
Cached:            94888 kB
MemTotal:        1844596 kB
MemFree:         1495428 kB
MemAvailable:    1481172 kB
Buffers:           16348 kB
Cached:            94888 kB
MemTotal:        1844596 kB
MemFree:         1495676 kB
MemAvailable:    1481420 kB
Buffers:           16348 kB
Cached:            94888 kB
MemTotal:        1844596 kB
MemFree:         1496412 kB
MemAvailable:    1482156 kB
Buffers:           16348 kB
Cached:            94888 kB
MemTotal:        1844596 kB
MemFree:         1496664 kB
MemAvailable:    1482408 kB
Buffers:           16348 kB
Cached:            94888 kB
MemTotal:        1844596 kB
MemFree:         1495552 kB
MemAvailable:    1481296 kB
Buffers:           16348 kB
Cached:            94888 kB
MemTotal:        1844596 kB
MemFree:         1496404 kB
MemAvailable:    1482148 kB
Buffers:           16348 kB
Cached:            94888 kB
MemTotal:        1844596 kB
MemFree:         1496656 kB
MemAvailable:    1482400 kB
Buffers:           16348 kB
Cached:            94888 kB
MemTotal:        1844596 kB
MemFree:         1496668 kB
MemAvailable:    1482412 kB
Buffers:           16348 kB
Cached:            94888 kB
MemTotal:        1844596 kB
MemFree:         1496348 kB
MemAvailable:    1482092 kB
Buffers:           16348 kB
Cached:            94888 kB
MemTotal:        1844596 kB
MemFree:         1495736 kB
MemAvailable:    1481480 kB
Buffers:           16348 kB
Cached:            94888 kB
MemTotal:        1844596 kB
MemFree:         1495120 kB
MemAvailable:    1480864 kB
Buffers:           16348 kB
Cached:            94888 kB
MemTotal:        1844596 kB
MemFree:         1496488 kB
MemAvailable:    1482232 kB
Buffers:           16348 kB
Cached:            94888 kB
MemTotal:        1844596 kB
MemFree:         1496612 kB
MemAvailable:    1482356 kB
Buffers:           16348 kB
Cached:            94888 kB
MemTotal:        1844596 kB
MemFree:         1495428 kB
MemAvailable:    1481172 kB
Buffers:           16348 kB
Cached:            94888 kB
MemTotal:        1844596 kB
MemFree:         1496480 kB
MemAvailable:    1482224 kB
Buffers:           16348 kB
Cached:            94888 kB
MemTotal:        1844596 kB
MemFree:         1496604 kB
MemAvailable:    1482348 kB
Buffers:           16348 kB
Cached:            94888 kB
MemTotal:        1844596 kB
MemFree:         1495560 kB
MemAvailable:    1481304 kB
Buffers:           16348 kB
Cached:            94888 kB
MemTotal:        1844596 kB
MemFree:         1496660 kB
MemAvailable:    1482408 kB
Buffers:           16348 kB
Cached:            94892 kB
MemTotal:        1844596 kB
MemFree:         1496912 kB
MemAvailable:    1482660 kB
Buffers:           16348 kB
Cached:            94892 kB
MemTotal:        1844596 kB
MemFree:         1496528 kB
MemAvailable:    1482276 kB
Buffers:           16348 kB
Cached:            94892 kB
MemTotal:        1844596 kB
MemFree:         1496528 kB
MemAvailable:    1482276 kB
Buffers:           16348 kB
Cached:            94892 kB
MemTotal:        1844596 kB
MemFree:         1496232 kB
MemAvailable:    1481980 kB
Buffers:           16348 kB
Cached:            94892 kB
MemTotal:        1844596 kB
MemFree:         1496484 kB
MemAvailable:    1482232 kB
Buffers:           16348 kB
Cached:            94892 kB
MemTotal:        1844596 kB
MemFree:         1496352 kB
MemAvailable:    1482100 kB
Buffers:           16348 kB
Cached:            94892 kB
MemTotal:        1844596 kB
MemFree:         1496436 kB
MemAvailable:    1482184 kB
Buffers:           16348 kB
Cached:            94892 kB
MemTotal:        1844596 kB
MemFree:         1496432 kB
MemAvailable:    1482180 kB
Buffers:           16348 kB
Cached:            94892 kB
MemTotal:        1844596 kB
MemFree:         1495416 kB
MemAvailable:    1481164 kB
Buffers:           16348 kB
Cached:            94892 kB
MemTotal:        1844596 kB
MemFree:         1496532 kB
MemAvailable:    1482280 kB
Buffers:           16348 kB
Cached:            94892 kB
MemTotal:        1844596 kB
MemFree:         1496388 kB
MemAvailable:    1482136 kB
Buffers:           16348 kB
Cached:            94892 kB
MemTotal:        1844596 kB
MemFree:         1496472 kB
MemAvailable:    1482220 kB
Buffers:           16348 kB
Cached:            94892 kB
MemTotal:        1844596 kB
MemFree:         1496400 kB
MemAvailable:    1482148 kB
Buffers:           16348 kB
Cached:            94892 kB
MemTotal:        1844596 kB
MemFree:         1496400 kB
MemAvailable:    1482148 kB
Buffers:           16348 kB
Cached:            94892 kB
MemTotal:        1844596 kB
MemFree:         1496600 kB
MemAvailable:    1482348 kB
Buffers:           16348 kB
Cached:            94892 kB
MemTotal:        1844596 kB
MemFree:         1496656 kB
MemAvailable:    1482404 kB
Buffers:           16348 kB
Cached:            94892 kB
MemTotal:        1844596 kB
MemFree:         1496552 kB
MemAvailable:    1482300 kB
Buffers:           16348 kB
Cached:            94892 kB
MemTotal:        1844596 kB
MemFree:         1496616 kB
MemAvailable:    1482364 kB
Buffers:           16348 kB
Cached:            94892 kB
MemTotal:        1844596 kB
MemFree:         1496420 kB
MemAvailable:    1482168 kB
Buffers:           16348 kB
Cached:            94892 kB
MemTotal:        1844596 kB
MemFree:         1496312 kB
MemAvailable:    1482060 kB
Buffers:           16348 kB
Cached:            94892 kB
MemTotal:        1844596 kB
MemFree:         1496232 kB
MemAvailable:    1481980 kB
Buffers:           16348 kB
Cached:            94896 kB
MemTotal:        1844596 kB
MemFree:         1496484 kB
MemAvailable:    1482232 kB
Buffers:           16348 kB
Cached:            94896 kB
MemTotal:        1844596 kB
MemFree:         1495152 kB
MemAvailable:    1480900 kB
Buffers:           16348 kB
Cached:            94896 kB
MemTotal:        1844596 kB
MemFree:         1496516 kB
MemAvailable:    1482264 kB
Buffers:           16348 kB
Cached:            94896 kB
MemTotal:        1844596 kB
MemFree:         1496336 kB
MemAvailable:    1482084 kB
Buffers:           16348 kB
Cached:            94896 kB
MemTotal:        1844596 kB
MemFree:         1496544 kB
MemAvailable:    1482292 kB
Buffers:           16348 kB
Cached:            94896 kB
MemTotal:        1844596 kB
MemFree:         1495560 kB
MemAvailable:    1481308 kB
Buffers:           16348 kB
Cached:            94896 kB
MemTotal:        1844596 kB
MemFree:         1496860 kB
MemAvailable:    1482608 kB
Buffers:           16348 kB
Cached:            94896 kB
MemTotal:        1844596 kB
MemFree:         1496528 kB
MemAvailable:    1482276 kB
Buffers:           16348 kB
Cached:            94896 kB
MemTotal:        1844596 kB
MemFree:         1496612 kB
MemAvailable:    1482360 kB
Buffers:           16348 kB
Cached:            94896 kB
MemTotal:        1844596 kB
MemFree:         1496400 kB
MemAvailable:    1482148 kB
Buffers:           16348 kB
Cached:            94896 kB
MemTotal:        1844596 kB
MemFree:         1496652 kB
MemAvailable:    1482400 kB
Buffers:           16348 kB
Cached:            94896 kB
MemTotal:        1844596 kB
MemFree:         1496600 kB
MemAvailable:    1482348 kB
Buffers:           16348 kB
Cached:            94896 kB
MemTotal:        1844596 kB
MemFree:         1495560 kB
MemAvailable:    1481308 kB
Buffers:           16348 kB
Cached:            94896 kB
MemTotal:        1844596 kB
MemFree:         1496476 kB
MemAvailable:    1482224 kB
Buffers:           16348 kB
Cached:            94896 kB
MemTotal:        1844596 kB
MemFree:         1495376 kB
MemAvailable:    1481124 kB
Buffers:           16348 kB
Cached:            94896 kB
MemTotal:        1844596 kB
MemFree:         1496492 kB
MemAvailable:    1482240 kB
Buffers:           16348 kB
Cached:            94896 kB
MemTotal:        1844596 kB
MemFree:         1496240 kB
MemAvailable:    1481988 kB
Buffers:           16348 kB
Cached:            94896 kB
MemTotal:        1844596 kB
MemFree:         1496324 kB
MemAvailable:    1482072 kB
Buffers:           16348 kB
Cached:            94896 kB
MemTotal:        1844596 kB
MemFree:         1496548 kB
MemAvailable:    1482296 kB
Buffers:           16348 kB
Cached:            94896 kB
MemTotal:        1844596 kB
MemFree:         1496364 kB
MemAvailable:    1482112 kB
Buffers:           16348 kB
Cached:            94896 kB
MemTotal:        1844596 kB
MemFree:         1496616 kB
MemAvailable:    1482364 kB
Buffers:           16348 kB
Cached:            94896 kB
MemTotal:        1844596 kB
MemFree:         1496432 kB
MemAvailable:    1482180 kB
Buffers:           16348 kB
Cached:            94896 kB
MemTotal:        1844596 kB
MemFree:         1496468 kB
MemAvailable:    1482216 kB
Buffers:           16348 kB
Cached:            94896 kB
MemTotal:        1844596 kB
MemFree:         1495244 kB
MemAvailable:    1480992 kB
Buffers:           16348 kB
Cached:            94896 kB
MemTotal:        1844596 kB
MemFree:         1496212 kB
MemAvailable:    1481960 kB
Buffers:           16348 kB
Cached:            94896 kB
MemTotal:        1844596 kB
MemFree:         1496548 kB
MemAvailable:    1482296 kB
Buffers:           16348 kB
Cached:            94896 kB
MemTotal:        1844596 kB
MemFree:         1496216 kB
MemAvailable:    1481964 kB
Buffers:           16348 kB
Cached:            94896 kB
MemTotal:        1844596 kB
MemFree:         1495020 kB
MemAvailable:    1480768 kB
Buffers:           16348 kB
Cached:            94896 kB
MemTotal:        1844596 kB
MemFree:         1495436 kB
MemAvailable:    1481184 kB
Buffers:           16348 kB
Cached:            94896 kB
MemTotal:        1844596 kB
MemFree:         1496440 kB
MemAvailable:    1482188 kB
Buffers:           16348 kB
Cached:            94896 kB
MemTotal:        1844596 kB
MemFree:         1495300 kB
MemAvailable:    1481048 kB
Buffers:           16348 kB
Cached:            94896 kB
MemTotal:        1844596 kB
MemFree:         1496624 kB
MemAvailable:    1482372 kB
Buffers:           16356 kB
Cached:            94888 kB
MemTotal:        1844596 kB
MemFree:         1496612 kB
MemAvailable:    1482360 kB
Buffers:           16356 kB
Cached:            94888 kB
MemTotal:        1844596 kB
MemFree:         1495676 kB
MemAvailable:    1481424 kB
Buffers:           16356 kB
Cached:            94888 kB
MemTotal:        1844596 kB
MemFree:         1496392 kB
MemAvailable:    1482140 kB
Buffers:           16356 kB
Cached:            94888 kB
MemTotal:        1844596 kB
MemFree:         1496592 kB
MemAvailable:    1482340 kB
Buffers:           16356 kB
Cached:            94888 kB
MemTotal:        1844596 kB
MemFree:         1496340 kB
MemAvailable:    1482088 kB
Buffers:           16356 kB
Cached:            94888 kB
MemTotal:        1844596 kB
MemFree:         1496340 kB
MemAvailable:    1482088 kB
Buffers:           16356 kB
Cached:            94888 kB
MemTotal:        1844596 kB
MemFree:         1494884 kB
MemAvailable:    1480632 kB
Buffers:           16356 kB
Cached:            94888 kB
MemTotal:        1844596 kB
MemFree:         1496800 kB
MemAvailable:    1482548 kB
Buffers:           16356 kB
Cached:            94888 kB
MemTotal:        1844596 kB
MemFree:         1496396 kB
MemAvailable:    1482144 kB
Buffers:           16356 kB
Cached:            94888 kB
MemTotal:        1844596 kB
MemFree:         1496596 kB
MemAvailable:    1482344 kB
Buffers:           16356 kB
Cached:            94888 kB
MemTotal:        1844596 kB
MemFree:         1496424 kB
MemAvailable:    1482172 kB
Buffers:           16356 kB
Cached:            94888 kB
MemTotal:        1844596 kB
MemFree:         1496460 kB
MemAvailable:    1482208 kB
Buffers:           16356 kB
Cached:            94888 kB
MemTotal:        1844596 kB
MemFree:         1495560 kB
MemAvailable:    1481308 kB
Buffers:           16356 kB
Cached:            94888 kB
MemTotal:        1844596 kB
MemFree:         1496276 kB
MemAvailable:    1482024 kB
Buffers:           16356 kB
Cached:            94888 kB
MemTotal:        1844596 kB
MemFree:         1496476 kB
MemAvailable:    1482224 kB
Buffers:           16356 kB
Cached:            94888 kB
MemTotal:        1844596 kB
MemFree:         1496472 kB
MemAvailable:    1482220 kB
Buffers:           16356 kB
Cached:            94888 kB
MemTotal:        1844596 kB
MemFree:         1496536 kB
MemAvailable:    1482284 kB
Buffers:           16356 kB
Cached:            94888 kB
MemTotal:        1844596 kB
MemFree:         1495280 kB
MemAvailable:    1481028 kB
Buffers:           16356 kB
Cached:            94888 kB
MemTotal:        1844596 kB
MemFree:         1496356 kB
MemAvailable:    1482104 kB
Buffers:           16356 kB
Cached:            94888 kB
MemTotal:        1844596 kB
MemFree:         1496608 kB
MemAvailable:    1482356 kB
Buffers:           16356 kB
Cached:            94888 kB
MemTotal:        1844596 kB
MemFree:         1496240 kB
MemAvailable:    1481988 kB
Buffers:           16356 kB
Cached:            94888 kB
MemTotal:        1844596 kB
MemFree:         1496304 kB
MemAvailable:    1482052 kB
Buffers:           16356 kB
Cached:            94888 kB
MemTotal:        1844596 kB
MemFree:         1495292 kB
MemAvailable:    1481040 kB
Buffers:           16356 kB
Cached:            94888 kB
MemTotal:        1844596 kB
MemFree:         1495292 kB
MemAvailable:    1481040 kB
Buffers:           16356 kB
Cached:            94888 kB
MemTotal:        1844596 kB
MemFree:         1496468 kB
MemAvailable:    1482216 kB
Buffers:           16356 kB
Cached:            94888 kB
MemTotal:        1844596 kB
MemFree:         1495932 kB
MemAvailable:    1481680 kB
Buffers:           16356 kB
Cached:            94888 kB
MemTotal:        1844596 kB
MemFree:         1496276 kB
MemAvailable:    1482024 kB
Buffers:           16356 kB
Cached:            94888 kB
MemTotal:        1844596 kB
MemFree:         1496528 kB
MemAvailable:    1482276 kB
Buffers:           16356 kB
Cached:            94888 kB
MemTotal:        1844596 kB
MemFree:         1496600 kB
MemAvailable:    1482348 kB
Buffers:           16356 kB
Cached:            94888 kB
MemTotal:        1844596 kB
MemFree:         1495292 kB
MemAvailable:    1481040 kB
Buffers:           16356 kB
Cached:            94888 kB
MemTotal:        1844596 kB
MemFree:         1495540 kB
MemAvailable:    1481288 kB
Buffers:           16356 kB
Cached:            94888 kB
MemTotal:        1844596 kB
MemFree:         1496532 kB
MemAvailable:    1482280 kB
Buffers:           16356 kB
Cached:            94888 kB
MemTotal:        1844596 kB
MemFree:         1496592 kB
MemAvailable:    1482340 kB
Buffers:           16356 kB
Cached:            94888 kB
MemTotal:        1844596 kB
MemFree:         1496740 kB
MemAvailable:    1482488 kB
Buffers:           16356 kB
Cached:            94888 kB
MemTotal:        1844596 kB
MemFree:         1496648 kB
MemAvailable:    1482396 kB
Buffers:           16356 kB
Cached:            94888 kB
MemTotal:        1844596 kB
MemFree:         1496460 kB
MemAvailable:    1482208 kB
Buffers:           16356 kB
Cached:            94888 kB
MemTotal:        1844596 kB
MemFree:         1496384 kB
MemAvailable:    1482132 kB
Buffers:           16356 kB
Cached:            94888 kB
MemTotal:        1844596 kB
MemFree:         1496552 kB
MemAvailable:    1482300 kB
Buffers:           16356 kB
Cached:            94888 kB
MemTotal:        1844596 kB
MemFree:         1496232 kB
MemAvailable:    1481980 kB
Buffers:           16356 kB
Cached:            94888 kB
MemTotal:        1844596 kB
MemFree:         1496484 kB
MemAvailable:    1482232 kB
Buffers:           16356 kB
Cached:            94888 kB
MemTotal:        1844596 kB
MemFree:         1496468 kB
MemAvailable:    1482216 kB
Buffers:           16356 kB
Cached:            94888 kB
MemTotal:        1844596 kB
MemFree:         1496428 kB
MemAvailable:    1482176 kB
Buffers:           16356 kB
Cached:            94888 kB
MemTotal:        1844596 kB
MemFree:         1496464 kB
MemAvailable:    1482212 kB
Buffers:           16356 kB
Cached:            94888 kB
MemTotal:        1844596 kB
MemFree:         1495240 kB
MemAvailable:    1480988 kB
Buffers:           16356 kB
Cached:            94888 kB
MemTotal:        1844596 kB
MemFree:         1495552 kB
MemAvailable:    1481300 kB
Buffers:           16356 kB
Cached:            94888 kB
MemTotal:        1844596 kB
MemFree:         1496984 kB
MemAvailable:    1482740 kB
Buffers:           16356 kB
Cached:            94904 kB
MemTotal:        1844596 kB
MemFree:         1495808 kB
MemAvailable:    1481564 kB
Buffers:           16356 kB
Cached:            94904 kB
MemTotal:        1844596 kB
MemFree:         1496660 kB
MemAvailable:    1482416 kB
Buffers:           16356 kB
Cached:            94904 kB
MemTotal:        1844596 kB
MemFree:         1496912 kB
MemAvailable:    1482668 kB
Buffers:           16356 kB
Cached:            94904 kB
MemTotal:        1844596 kB
MemFree:         1496528 kB
MemAvailable:    1482284 kB
Buffers:           16356 kB
Cached:            94904 kB
MemTotal:        1844596 kB
MemFree:         1496528 kB
MemAvailable:    1482284 kB
Buffers:           16356 kB
Cached:            94904 kB
MemTotal:        1844596 kB
MemFree:         1496600 kB
MemAvailable:    1482356 kB
Buffers:           16356 kB
Cached:            94904 kB
MemTotal:        1844596 kB
MemFree:         1495168 kB
MemAvailable:    1480924 kB
Buffers:           16356 kB
Cached:            94904 kB
MemTotal:        1844596 kB
MemFree:         1496268 kB
MemAvailable:    1482024 kB
Buffers:           16356 kB
Cached:            94904 kB
MemTotal:        1844596 kB
MemFree:         1496520 kB
MemAvailable:    1482276 kB
Buffers:           16356 kB
Cached:            94904 kB
MemTotal:        1844596 kB
MemFree:         1496388 kB
MemAvailable:    1482144 kB
Buffers:           16356 kB
Cached:            94904 kB
MemTotal:        1844596 kB
MemFree:         1496640 kB
MemAvailable:    1482396 kB
Buffers:           16356 kB
Cached:            94904 kB
MemTotal:        1844596 kB
MemFree:         1496432 kB
MemAvailable:    1482188 kB
Buffers:           16356 kB
Cached:            94904 kB
MemTotal:        1844596 kB
MemFree:         1496492 kB
MemAvailable:    1482248 kB
Buffers:           16356 kB
Cached:            94904 kB
MemTotal:        1844596 kB
MemFree:         1496364 kB
MemAvailable:    1482120 kB
Buffers:           16356 kB
Cached:            94904 kB
MemTotal:        1844596 kB
MemFree:         1495388 kB
MemAvailable:    1481144 kB
Buffers:           16356 kB
Cached:            94904 kB
MemTotal:        1844596 kB
MemFree:         1496240 kB
MemAvailable:    1481996 kB
Buffers:           16356 kB
Cached:            94904 kB
MemTotal:        1844596 kB
MemFree:         1496492 kB
MemAvailable:    1482248 kB
Buffers:           16356 kB
Cached:            94904 kB
MemTotal:        1844596 kB
MemFree:         1495168 kB
MemAvailable:    1480924 kB
Buffers:           16356 kB
Cached:            94904 kB
MemTotal:        1844596 kB
MemFree:         1496476 kB
MemAvailable:    1482232 kB
Buffers:           16356 kB
Cached:            94904 kB
MemTotal:        1844596 kB
