MemTotal:        1844596 kB
MemFree:         1236612 kB
MemAvailable:    1564844 kB
Buffers:           49232 kB
Cached:           394088 kB
MemTotal:        1844596 kB
MemFree:         1210844 kB
MemAvailable:    1539080 kB
Buffers:           49232 kB
Cached:           394092 kB
MemTotal:        1844596 kB
MemFree:         1206744 kB
MemAvailable:    1534980 kB
Buffers:           49232 kB
Cached:           394092 kB
MemTotal:        1844596 kB
MemFree:         1205380 kB
MemAvailable:    1533616 kB
Buffers:           49232 kB
Cached:           394092 kB
MemTotal:        1844596 kB
MemFree:         1205704 kB
MemAvailable:    1533940 kB
Buffers:           49232 kB
Cached:           394092 kB
MemTotal:        1844596 kB
MemFree:         1204144 kB
MemAvailable:    1532380 kB
Buffers:           49232 kB
Cached:           394092 kB
MemTotal:        1844596 kB
MemFree:         1203528 kB
MemAvailable:    1531764 kB
Buffers:           49232 kB
Cached:           394092 kB
MemTotal:        1844596 kB
MemFree:         1200808 kB
MemAvailable:    1529044 kB
Buffers:           49232 kB
Cached:           394092 kB
MemTotal:        1844596 kB
MemFree:         1198312 kB
MemAvailable:    1526548 kB
Buffers:           49232 kB
Cached:           394092 kB
MemTotal:        1844596 kB
MemFree:         1197956 kB
MemAvailable:    1526192 kB
Buffers:           49232 kB
Cached:           394092 kB
MemTotal:        1844596 kB
MemFree:         1195636 kB
MemAvailable:    1523872 kB
Buffers:           49232 kB
Cached:           394092 kB
MemTotal:        1844596 kB
MemFree:         1195848 kB
MemAvailable:    1524084 kB
Buffers:           49232 kB
Cached:           394092 kB
MemTotal:        1844596 kB
MemFree:         1195836 kB
MemAvailable:    1524072 kB
Buffers:           49232 kB
Cached:           394092 kB
MemTotal:        1844596 kB
MemFree:         1194464 kB
MemAvailable:    1522700 kB
Buffers:           49232 kB
Cached:           394092 kB
MemTotal:        1844596 kB
MemFree:         1195784 kB
MemAvailable:    1524020 kB
Buffers:           49232 kB
Cached:           394092 kB
MemTotal:        1844596 kB
MemFree:         1194856 kB
MemAvailable:    1523092 kB
Buffers:           49232 kB
Cached:           394092 kB
MemTotal:        1844596 kB
MemFree:         1193980 kB
MemAvailable:    1522216 kB
Buffers:           49232 kB
Cached:           394092 kB
MemTotal:        1844596 kB
MemFree:         1193676 kB
MemAvailable:    1521912 kB
Buffers:           49232 kB
Cached:           394092 kB
MemTotal:        1844596 kB
MemFree:         1193732 kB
MemAvailable:    1521968 kB
Buffers:           49232 kB
Cached:           394092 kB
MemTotal:        1844596 kB
MemFree:         1192244 kB
MemAvailable:    1520480 kB
Buffers:           49232 kB
Cached:           394092 kB
MemTotal:        1844596 kB
MemFree:         1191980 kB
MemAvailable:    1520216 kB
Buffers:           49232 kB
Cached:           394092 kB
MemTotal:        1844596 kB
MemFree:         1193348 kB
MemAvailable:    1521584 kB
Buffers:           49232 kB
Cached:           394092 kB
MemTotal:        1844596 kB
MemFree:         1193404 kB
MemAvailable:    1521640 kB
Buffers:           49232 kB
Cached:           394092 kB
MemTotal:        1844596 kB
MemFree:         1191676 kB
MemAvailable:    1519912 kB
Buffers:           49232 kB
Cached:           394092 kB
MemTotal:        1844596 kB
MemFree:         1193456 kB
MemAvailable:    1521692 kB
Buffers:           49232 kB
Cached:           394092 kB
MemTotal:        1844596 kB
MemFree:         1192004 kB
MemAvailable:    1520240 kB
Buffers:           49232 kB
Cached:           394092 kB
MemTotal:        1844596 kB
MemFree:         1193320 kB
MemAvailable:    1521556 kB
Buffers:           49232 kB
Cached:           394092 kB
MemTotal:        1844596 kB
MemFree:         1193916 kB
MemAvailable:    1522152 kB
Buffers:           49232 kB
Cached:           394092 kB
MemTotal:        1844596 kB
MemFree:         1191692 kB
MemAvailable:    1519928 kB
Buffers:           49232 kB
Cached:           394092 kB
MemTotal:        1844596 kB
MemFree:         1190948 kB
MemAvailable:    1519184 kB
Buffers:           49232 kB
Cached:           394092 kB
MemTotal:        1844596 kB
MemFree:         1190584 kB
MemAvailable:    1518820 kB
Buffers:           49232 kB
Cached:           394092 kB
MemTotal:        1844596 kB
MemFree:         1189880 kB
MemAvailable:    1518116 kB
Buffers:           49232 kB
Cached:           394092 kB
MemTotal:        1844596 kB
MemFree:         1189648 kB
MemAvailable:    1517884 kB
Buffers:           49232 kB
Cached:           394092 kB
MemTotal:        1844596 kB
MemFree:         1188028 kB
MemAvailable:    1516264 kB
Buffers:           49232 kB
Cached:           394092 kB
MemTotal:        1844596 kB
MemFree:         1187912 kB
MemAvailable:    1516148 kB
Buffers:           49232 kB
Cached:           394092 kB
MemTotal:        1844596 kB
MemFree:         1189032 kB
MemAvailable:    1517268 kB
Buffers:           49232 kB
Cached:           394092 kB
MemTotal:        1844596 kB
MemFree:         1187980 kB
MemAvailable:    1516216 kB
Buffers:           49232 kB
Cached:           394092 kB
MemTotal:        1844596 kB
MemFree:         1189140 kB
MemAvailable:    1517376 kB
Buffers:           49232 kB
Cached:           394092 kB
MemTotal:        1844596 kB
MemFree:         1188716 kB
MemAvailable:    1516952 kB
Buffers:           49232 kB
Cached:           394092 kB
MemTotal:        1844596 kB
MemFree:         1188840 kB
MemAvailable:    1517076 kB
Buffers:           49232 kB
Cached:           394092 kB
MemTotal:        1844596 kB
MemFree:         1187112 kB
MemAvailable:    1515348 kB
Buffers:           49232 kB
Cached:           394092 kB
MemTotal:        1844596 kB
MemFree:         1188160 kB
MemAvailable:    1516396 kB
Buffers:           49232 kB
Cached:           394092 kB
MemTotal:        1844596 kB
MemFree:         1186788 kB
MemAvailable:    1515024 kB
Buffers:           49232 kB
Cached:           394092 kB
MemTotal:        1844596 kB
MemFree:         1186788 kB
MemAvailable:    1515028 kB
Buffers:           49232 kB
Cached:           394092 kB
MemTotal:        1844596 kB
MemFree:         1186780 kB
MemAvailable:    1515020 kB
Buffers:           49232 kB
Cached:           394092 kB
MemTotal:        1844596 kB
MemFree:         1188012 kB
MemAvailable:    1516252 kB
Buffers:           49232 kB
Cached:           394092 kB
MemTotal:        1844596 kB
MemFree:         1187540 kB
MemAvailable:    1515780 kB
Buffers:           49232 kB
Cached:           394092 kB
MemTotal:        1844596 kB
MemFree:         1188148 kB
MemAvailable:    1516388 kB
Buffers:           49232 kB
Cached:           394092 kB
MemTotal:        1844596 kB
MemFree:         1188036 kB
MemAvailable:    1516276 kB
Buffers:           49232 kB
Cached:           394092 kB
MemTotal:        1844596 kB
MemFree:         1187904 kB
MemAvailable:    1516144 kB
Buffers:           49232 kB
Cached:           394092 kB
MemTotal:        1844596 kB
MemFree:         1186728 kB
MemAvailable:    1514968 kB
Buffers:           49232 kB
Cached:           394092 kB
MemTotal:        1844596 kB
MemFree:         1186852 kB
MemAvailable:    1515092 kB
Buffers:           49232 kB
Cached:           394092 kB
MemTotal:        1844596 kB
MemFree:         1186596 kB
MemAvailable:    1514836 kB
Buffers:           49232 kB
Cached:           394092 kB
MemTotal:        1844596 kB
MemFree:         1187632 kB
MemAvailable:    1515872 kB
Buffers:           49232 kB
Cached:           394092 kB
MemTotal:        1844596 kB
MemFree:         1186548 kB
MemAvailable:    1514788 kB
Buffers:           49232 kB
Cached:           394092 kB
MemTotal:        1844596 kB
MemFree:         1186120 kB
MemAvailable:    1514360 kB
Buffers:           49232 kB
Cached:           394092 kB
MemTotal:        1844596 kB
MemFree:         1186120 kB
MemAvailable:    1514360 kB
Buffers:           49232 kB
Cached:           394092 kB
MemTotal:        1844596 kB
MemFree:         1187352 kB
MemAvailable:    1515592 kB
Buffers:           49232 kB
Cached:           394092 kB
MemTotal:        1844596 kB
MemFree:         1187112 kB
MemAvailable:    1515352 kB
Buffers:           49232 kB
Cached:           394092 kB
MemTotal:        1844596 kB
MemFree:         1185784 kB
MemAvailable:    1514024 kB
Buffers:           49232 kB
Cached:           394092 kB
MemTotal:        1844596 kB
MemFree:         1185776 kB
MemAvailable:    1514016 kB
Buffers:           49232 kB
Cached:           394092 kB
MemTotal:        1844596 kB
MemFree:         1187100 kB
MemAvailable:    1515340 kB
Buffers:           49232 kB
Cached:           394092 kB
MemTotal:        1844596 kB
MemFree:         1187176 kB
MemAvailable:    1515416 kB
Buffers:           49232 kB
Cached:           394092 kB
MemTotal:        1844596 kB
MemFree:         1186980 kB
MemAvailable:    1515220 kB
Buffers:           49232 kB
Cached:           394092 kB
MemTotal:        1844596 kB
MemFree:         1187044 kB
MemAvailable:    1515284 kB
Buffers:           49232 kB
Cached:           394092 kB
MemTotal:        1844596 kB
MemFree:         1185416 kB
MemAvailable:    1513656 kB
Buffers:           49232 kB
Cached:           394092 kB
MemTotal:        1844596 kB
MemFree:         1185504 kB
MemAvailable:    1513744 kB
Buffers:           49232 kB
Cached:           394092 kB
MemTotal:        1844596 kB
MemFree:         1181400 kB
MemAvailable:    1509640 kB
Buffers:           49232 kB
Cached:           394092 kB
MemTotal:        1844596 kB
MemFree:         1179728 kB
MemAvailable:    1507968 kB
Buffers:           49232 kB
Cached:           394092 kB
MemTotal:        1844596 kB
MemFree:         1178224 kB
MemAvailable:    1506464 kB
Buffers:           49232 kB
Cached:           394092 kB
MemTotal:        1844596 kB
MemFree:         1178348 kB
MemAvailable:    1506588 kB
Buffers:           49232 kB
Cached:           394092 kB
MemTotal:        1844596 kB
MemFree:         1178968 kB
MemAvailable:    1507208 kB
Buffers:           49232 kB
Cached:           394092 kB
MemTotal:        1844596 kB
MemFree:         1179304 kB
MemAvailable:    1507544 kB
Buffers:           49232 kB
Cached:           394092 kB
MemTotal:        1844596 kB
MemFree:         1177984 kB
MemAvailable:    1506224 kB
Buffers:           49232 kB
Cached:           394092 kB
MemTotal:        1844596 kB
MemFree:         1177984 kB
MemAvailable:    1506224 kB
Buffers:           49232 kB
Cached:           394092 kB
MemTotal:        1844596 kB
MemFree:         1177984 kB
MemAvailable:    1506224 kB
Buffers:           49232 kB
Cached:           394092 kB
MemTotal:        1844596 kB
MemFree:         1178116 kB
MemAvailable:    1506356 kB
Buffers:           49232 kB
Cached:           394092 kB
MemTotal:        1844596 kB
MemFree:         1179472 kB
MemAvailable:    1507712 kB
Buffers:           49232 kB
Cached:           394092 kB
MemTotal:        1844596 kB
MemFree:         1179160 kB
MemAvailable:    1507400 kB
Buffers:           49232 kB
Cached:           394092 kB
MemTotal:        1844596 kB
MemFree:         1177980 kB
MemAvailable:    1506220 kB
Buffers:           49232 kB
Cached:           394092 kB
MemTotal:        1844596 kB
MemFree:         1177992 kB
MemAvailable:    1506240 kB
Buffers:           49232 kB
Cached:           394100 kB
MemTotal:        1844596 kB
MemFree:         1177984 kB
MemAvailable:    1506232 kB
Buffers:           49232 kB
Cached:           394100 kB
MemTotal:        1844596 kB
MemFree:         1178612 kB
MemAvailable:    1506860 kB
Buffers:           49232 kB
Cached:           394100 kB
MemTotal:        1844596 kB
MemFree:         1177496 kB
MemAvailable:    1505744 kB
Buffers:           49232 kB
Cached:           394100 kB
MemTotal:        1844596 kB
MemFree:         1177928 kB
MemAvailable:    1506176 kB
Buffers:           49232 kB
Cached:           394100 kB
MemTotal:        1844596 kB
MemFree:         1177672 kB
MemAvailable:    1505920 kB
Buffers:           49232 kB
Cached:           394100 kB
MemTotal:        1844596 kB
MemFree:         1177232 kB
MemAvailable:    1505480 kB
Buffers:           49232 kB
Cached:           394100 kB
MemTotal:        1844596 kB
MemFree:         1177484 kB
MemAvailable:    1505732 kB
Buffers:           49232 kB
Cached:           394100 kB
MemTotal:        1844596 kB
MemFree:         1175016 kB
MemAvailable:    1503264 kB
Buffers:           49232 kB
Cached:           394100 kB
MemTotal:        1844596 kB
MemFree:         1175760 kB
MemAvailable:    1504008 kB
Buffers:           49232 kB
Cached:           394100 kB
MemTotal:        1844596 kB
MemFree:         1174768 kB
MemAvailable:    1503016 kB
Buffers:           49232 kB
Cached:           394100 kB
MemTotal:        1844596 kB
MemFree:         1174760 kB
MemAvailable:    1503008 kB
Buffers:           49232 kB
Cached:           394100 kB
MemTotal:        1844596 kB
MemFree:         1175248 kB
MemAvailable:    1503496 kB
Buffers:           49232 kB
Cached:           394100 kB
MemTotal:        1844596 kB
MemFree:         1175388 kB
MemAvailable:    1503512 kB
Buffers:           49232 kB
Cached:           394100 kB
MemTotal:        1844596 kB
MemFree:         1175184 kB
MemAvailable:    1503432 kB
Buffers:           49232 kB
Cached:           394100 kB
MemTotal:        1844596 kB
MemFree:         1175248 kB
MemAvailable:    1503496 kB
Buffers:           49232 kB
Cached:           394100 kB
MemTotal:        1844596 kB
MemFree:         1175308 kB
MemAvailable:    1503556 kB
Buffers:           49232 kB
Cached:           394100 kB
MemTotal:        1844596 kB
MemFree:         1175428 kB
MemAvailable:    1503676 kB
Buffers:           49232 kB
Cached:           394100 kB
MemTotal:        1844596 kB
MemFree:         1175480 kB
MemAvailable:    1503728 kB
Buffers:           49232 kB
Cached:           394100 kB
MemTotal:        1844596 kB
MemFree:         1174356 kB
MemAvailable:    1502604 kB
Buffers:           49232 kB
Cached:           394100 kB
MemTotal:        1844596 kB
MemFree:         1174876 kB
MemAvailable:    1503124 kB
Buffers:           49232 kB
Cached:           394100 kB
MemTotal:        1844596 kB
MemFree:         1175128 kB
MemAvailable:    1503376 kB
Buffers:           49232 kB
Cached:           394100 kB
MemTotal:        1844596 kB
MemFree:         1169684 kB
MemAvailable:    1497932 kB
Buffers:           49232 kB
Cached:           394100 kB
MemTotal:        1844596 kB
MemFree:         1167560 kB
MemAvailable:    1495808 kB
Buffers:           49232 kB
Cached:           394100 kB
MemTotal:        1844596 kB
MemFree:         1167328 kB
MemAvailable:    1495576 kB
Buffers:           49232 kB
Cached:           394100 kB
MemTotal:        1844596 kB
MemFree:         1167132 kB
MemAvailable:    1495380 kB
Buffers:           49232 kB
Cached:           394100 kB
MemTotal:        1844596 kB
MemFree:         1167468 kB
MemAvailable:    1495716 kB
Buffers:           49232 kB
Cached:           394100 kB
MemTotal:        1844596 kB
MemFree:         1167632 kB
MemAvailable:    1495880 kB
Buffers:           49232 kB
Cached:           394100 kB
MemTotal:        1844596 kB
MemFree:         1166188 kB
MemAvailable:    1494436 kB
Buffers:           49232 kB
Cached:           394100 kB
MemTotal:        1844596 kB
MemFree:         1168116 kB
MemAvailable:    1496364 kB
Buffers:           49232 kB
Cached:           394100 kB
MemTotal:        1844596 kB
MemFree:         1169188 kB
MemAvailable:    1497436 kB
Buffers:           49232 kB
Cached:           394224 kB
MemTotal:        1844596 kB
MemFree:         1168876 kB
MemAvailable:    1497292 kB
Buffers:           49232 kB
Cached:           394348 kB
MemTotal:        1844596 kB
MemFree:         1168552 kB
MemAvailable:    1497136 kB
Buffers:           49232 kB
Cached:           394472 kB
MemTotal:        1844596 kB
MemFree:         1168636 kB
MemAvailable:    1497220 kB
Buffers:           49232 kB
Cached:           394472 kB
MemTotal:        1844596 kB
MemFree:         1167064 kB
MemAvailable:    1495732 kB
Buffers:           49232 kB
Cached:           394596 kB
MemTotal:        1844596 kB
MemFree:         1167064 kB
MemAvailable:    1495816 kB
Buffers:           49232 kB
Cached:           394720 kB
MemTotal:        1844596 kB
MemFree:         1166932 kB
MemAvailable:    1495768 kB
Buffers:           49232 kB
Cached:           394720 kB
MemTotal:        1844596 kB
MemFree:         1167056 kB
MemAvailable:    1495892 kB
Buffers:           49232 kB
Cached:           394720 kB
MemTotal:        1844596 kB
MemFree:         1168040 kB
MemAvailable:    1496876 kB
Buffers:           49232 kB
Cached:           394720 kB
MemTotal:        1844596 kB
MemFree:         1167824 kB
MemAvailable:    1496660 kB
Buffers:           49232 kB
Cached:           394720 kB
MemTotal:        1844596 kB
MemFree:         1168060 kB
MemAvailable:    1496896 kB
Buffers:           49232 kB
Cached:           394720 kB
MemTotal:        1844596 kB
MemFree:         1168072 kB
MemAvailable:    1496992 kB
Buffers:           49232 kB
Cached:           394720 kB
MemTotal:        1844596 kB
MemFree:         1166892 kB
MemAvailable:    1495812 kB
Buffers:           49232 kB
Cached:           394720 kB
MemTotal:        1844596 kB
MemFree:         1168560 kB
MemAvailable:    1496808 kB
Buffers:           49232 kB
Cached:           394088 kB
MemTotal:        1844596 kB
MemFree:         1171100 kB
MemAvailable:    1499432 kB
Buffers:           49232 kB
Cached:           394088 kB
MemTotal:        1844596 kB
MemFree:         1235388 kB
MemAvailable:    1563636 kB
Buffers:           49232 kB
Cached:           394088 kB
