MemTotal:        1844596 kB
MemFree:         1358564 kB
MemAvailable:    1578008 kB
Buffers:           34388 kB
Cached:           303748 kB
MemTotal:        1844596 kB
MemFree:         1331004 kB
MemAvailable:    1550452 kB
Buffers:           34388 kB
Cached:           303752 kB
MemTotal:        1844596 kB
MemFree:         1329456 kB
MemAvailable:    1548904 kB
Buffers:           34388 kB
Cached:           303752 kB
MemTotal:        1844596 kB
MemFree:         1329496 kB
MemAvailable:    1548944 kB
Buffers:           34388 kB
Cached:           303752 kB
MemTotal:        1844596 kB
MemFree:         1327912 kB
MemAvailable:    1547360 kB
Buffers:           34388 kB
Cached:           303752 kB
MemTotal:        1844596 kB
MemFree:         1326424 kB
MemAvailable:    1545872 kB
Buffers:           34388 kB
Cached:           303752 kB
MemTotal:        1844596 kB
MemFree:         1326868 kB
MemAvailable:    1546316 kB
Buffers:           34388 kB
Cached:           303752 kB
MemTotal:        1844596 kB
MemFree:         1324128 kB
MemAvailable:    1543576 kB
Buffers:           34388 kB
Cached:           303752 kB
MemTotal:        1844596 kB
MemFree:         1320604 kB
MemAvailable:    1540052 kB
Buffers:           34388 kB
Cached:           303752 kB
MemTotal:        1844596 kB
MemFree:         1316264 kB
MemAvailable:    1535712 kB
Buffers:           34388 kB
Cached:           303752 kB
MemTotal:        1844596 kB
MemFree:         1317724 kB
MemAvailable:    1537172 kB
Buffers:           34388 kB
Cached:           303752 kB
MemTotal:        1844596 kB
MemFree:         1316380 kB
MemAvailable:    1535828 kB
Buffers:           34388 kB
Cached:           303752 kB
MemTotal:        1844596 kB
MemFree:         1316380 kB
MemAvailable:    1535828 kB
Buffers:           34388 kB
Cached:           303752 kB
MemTotal:        1844596 kB
MemFree:         1316456 kB
MemAvailable:    1535904 kB
Buffers:           34388 kB
Cached:           303752 kB
MemTotal:        1844596 kB
MemFree:         1316208 kB
MemAvailable:    1535656 kB
Buffers:           34388 kB
Cached:           303752 kB
MemTotal:        1844596 kB
MemFree:         1317316 kB
MemAvailable:    1536764 kB
Buffers:           34388 kB
Cached:           303752 kB
MemTotal:        1844596 kB
MemFree:         1316264 kB
MemAvailable:    1535712 kB
Buffers:           34388 kB
Cached:           303752 kB
MemTotal:        1844596 kB
MemFree:         1315132 kB
MemAvailable:    1534580 kB
Buffers:           34388 kB
Cached:           303752 kB
MemTotal:        1844596 kB
MemFree:         1314900 kB
MemAvailable:    1534348 kB
Buffers:           34388 kB
Cached:           303752 kB
MemTotal:        1844596 kB
MemFree:         1315120 kB
MemAvailable:    1534568 kB
Buffers:           34388 kB
Cached:           303752 kB
MemTotal:        1844596 kB
MemFree:         1315372 kB
MemAvailable:    1534820 kB
Buffers:           34388 kB
Cached:           303752 kB
MemTotal:        1844596 kB
MemFree:         1315140 kB
MemAvailable:    1534588 kB
Buffers:           34388 kB
Cached:           303752 kB
MemTotal:        1844596 kB
MemFree:         1315476 kB
MemAvailable:    1534924 kB
Buffers:           34388 kB
Cached:           303752 kB
MemTotal:        1844596 kB
MemFree:         1315284 kB
MemAvailable:    1534732 kB
Buffers:           34388 kB
Cached:           303752 kB
MemTotal:        1844596 kB
MemFree:         1315208 kB
MemAvailable:    1534656 kB
Buffers:           34388 kB
Cached:           303752 kB
MemTotal:        1844596 kB
MemFree:         1315208 kB
MemAvailable:    1534656 kB
Buffers:           34388 kB
Cached:           303752 kB
MemTotal:        1844596 kB
MemFree:         1315064 kB
MemAvailable:    1534512 kB
Buffers:           34388 kB
Cached:           303752 kB
MemTotal:        1844596 kB
MemFree:         1315892 kB
MemAvailable:    1535340 kB
Buffers:           34388 kB
Cached:           303752 kB
MemTotal:        1844596 kB
MemFree:         1313520 kB
MemAvailable:    1532968 kB
Buffers:           34388 kB
Cached:           303752 kB
MemTotal:        1844596 kB
MemFree:         1312668 kB
MemAvailable:    1532116 kB
Buffers:           34388 kB
Cached:           303752 kB
MemTotal:        1844596 kB
MemFree:         1312668 kB
MemAvailable:    1532116 kB
Buffers:           34388 kB
Cached:           303752 kB
MemTotal:        1844596 kB
MemFree:         1312296 kB
MemAvailable:    1531744 kB
Buffers:           34388 kB
Cached:           303752 kB
MemTotal:        1844596 kB
MemFree:         1311784 kB
MemAvailable:    1531232 kB
Buffers:           34388 kB
Cached:           303752 kB
MemTotal:        1844596 kB
MemFree:         1312036 kB
MemAvailable:    1531484 kB
Buffers:           34388 kB
Cached:           303752 kB
MemTotal:        1844596 kB
MemFree:         1310188 kB
MemAvailable:    1529636 kB
Buffers:           34388 kB
Cached:           303752 kB
MemTotal:        1844596 kB
MemFree:         1311164 kB
MemAvailable:    1530612 kB
Buffers:           34388 kB
Cached:           303752 kB
MemTotal:        1844596 kB
MemFree:         1311056 kB
MemAvailable:    1530504 kB
Buffers:           34388 kB
Cached:           303752 kB
MemTotal:        1844596 kB
MemFree:         1311060 kB
MemAvailable:    1530508 kB
Buffers:           34388 kB
Cached:           303752 kB
MemTotal:        1844596 kB
MemFree:         1311224 kB
MemAvailable:    1530672 kB
Buffers:           34388 kB
Cached:           303752 kB
MemTotal:        1844596 kB
MemFree:         1309624 kB
MemAvailable:    1529072 kB
Buffers:           34388 kB
Cached:           303752 kB
MemTotal:        1844596 kB
MemFree:         1309748 kB
MemAvailable:    1529196 kB
Buffers:           34388 kB
Cached:           303752 kB
MemTotal:        1844596 kB
MemFree:         1310732 kB
MemAvailable:    1530180 kB
Buffers:           34388 kB
Cached:           303752 kB
MemTotal:        1844596 kB
MemFree:         1310848 kB
MemAvailable:    1530296 kB
Buffers:           34388 kB
Cached:           303752 kB
MemTotal:        1844596 kB
MemFree:         1310048 kB
MemAvailable:    1529496 kB
Buffers:           34388 kB
Cached:           303752 kB
MemTotal:        1844596 kB
MemFree:         1310132 kB
MemAvailable:    1529584 kB
Buffers:           34388 kB
Cached:           303756 kB
MemTotal:        1844596 kB
MemFree:         1310052 kB
MemAvailable:    1529504 kB
Buffers:           34388 kB
Cached:           303756 kB
MemTotal:        1844596 kB
MemFree:         1309912 kB
MemAvailable:    1529364 kB
Buffers:           34388 kB
Cached:           303756 kB
MemTotal:        1844596 kB
MemFree:         1310164 kB
MemAvailable:    1529616 kB
Buffers:           34388 kB
Cached:           303756 kB
MemTotal:        1844596 kB
MemFree:         1308760 kB
MemAvailable:    1528212 kB
Buffers:           34388 kB
Cached:           303756 kB
MemTotal:        1844596 kB
MemFree:         1308920 kB
MemAvailable:    1528372 kB
Buffers:           34388 kB
Cached:           303756 kB
MemTotal:        1844596 kB
MemFree:         1309980 kB
MemAvailable:    1529432 kB
Buffers:           34388 kB
Cached:           303756 kB
MemTotal:        1844596 kB
MemFree:         1310232 kB
MemAvailable:    1529684 kB
Buffers:           34388 kB
Cached:           303756 kB
MemTotal:        1844596 kB
MemFree:         1310028 kB
MemAvailable:    1529480 kB
Buffers:           34388 kB
Cached:           303756 kB
MemTotal:        1844596 kB
MemFree:         1309892 kB
MemAvailable:    1529344 kB
Buffers:           34388 kB
Cached:           303756 kB
MemTotal:        1844596 kB
MemFree:         1309072 kB
MemAvailable:    1528524 kB
Buffers:           34388 kB
Cached:           303756 kB
MemTotal:        1844596 kB
MemFree:         1308272 kB
MemAvailable:    1527724 kB
Buffers:           34388 kB
Cached:           303756 kB
MemTotal:        1844596 kB
MemFree:         1309372 kB
MemAvailable:    1528824 kB
Buffers:           34388 kB
Cached:           303756 kB
MemTotal:        1844596 kB
MemFree:         1309624 kB
MemAvailable:    1529076 kB
Buffers:           34388 kB
Cached:           303756 kB
MemTotal:        1844596 kB
MemFree:         1309380 kB
MemAvailable:    1528832 kB
Buffers:           34388 kB
Cached:           303756 kB
MemTotal:        1844596 kB
MemFree:         1307628 kB
MemAvailable:    1527080 kB
Buffers:           34388 kB
Cached:           303756 kB
MemTotal:        1844596 kB
MemFree:         1309212 kB
MemAvailable:    1528664 kB
Buffers:           34388 kB
Cached:           303756 kB
MemTotal:        1844596 kB
MemFree:         1308568 kB
MemAvailable:    1528020 kB
Buffers:           34388 kB
Cached:           303756 kB
MemTotal:        1844596 kB
MemFree:         1307760 kB
MemAvailable:    1527212 kB
Buffers:           34388 kB
Cached:           303756 kB
MemTotal:        1844596 kB
MemFree:         1307768 kB
MemAvailable:    1527220 kB
Buffers:           34388 kB
Cached:           303756 kB
MemTotal:        1844596 kB
MemFree:         1309036 kB
MemAvailable:    1528488 kB
Buffers:           34388 kB
Cached:           303756 kB
MemTotal:        1844596 kB
MemFree:         1309288 kB
MemAvailable:    1528740 kB
Buffers:           34388 kB
Cached:           303756 kB
MemTotal:        1844596 kB
MemFree:         1308892 kB
MemAvailable:    1528344 kB
Buffers:           34388 kB
Cached:           303756 kB
MemTotal:        1844596 kB
MemFree:         1307320 kB
MemAvailable:    1526772 kB
Buffers:           34388 kB
Cached:           303756 kB
MemTotal:        1844596 kB
MemFree:         1307320 kB
MemAvailable:    1526772 kB
Buffers:           34388 kB
Cached:           303756 kB
MemTotal:        1844596 kB
MemFree:         1304484 kB
MemAvailable:    1523936 kB
Buffers:           34388 kB
Cached:           303756 kB
MemTotal:        1844596 kB
MemFree:         1302188 kB
MemAvailable:    1521640 kB
Buffers:           34388 kB
Cached:           303756 kB
MemTotal:        1844596 kB
MemFree:         1300516 kB
MemAvailable:    1519968 kB
Buffers:           34388 kB
Cached:           303756 kB
MemTotal:        1844596 kB
MemFree:         1300392 kB
MemAvailable:    1519848 kB
Buffers:           34388 kB
Cached:           303760 kB
MemTotal:        1844596 kB
MemFree:         1300012 kB
MemAvailable:    1519468 kB
Buffers:           34388 kB
Cached:           303760 kB
MemTotal:        1844596 kB
MemFree:         1301260 kB
MemAvailable:    1520716 kB
Buffers:           34388 kB
Cached:           303760 kB
MemTotal:        1844596 kB
MemFree:         1301120 kB
MemAvailable:    1520576 kB
Buffers:           34388 kB
Cached:           303760 kB
MemTotal:        1844596 kB
MemFree:         1301012 kB
MemAvailable:    1520468 kB
Buffers:           34388 kB
Cached:           303760 kB
MemTotal:        1844596 kB
MemFree:         1301184 kB
MemAvailable:    1520640 kB
Buffers:           34388 kB
Cached:           303760 kB
MemTotal:        1844596 kB
MemFree:         1301104 kB
MemAvailable:    1520560 kB
Buffers:           34388 kB
Cached:           303760 kB
MemTotal:        1844596 kB
MemFree:         1301136 kB
MemAvailable:    1520592 kB
Buffers:           34388 kB
Cached:           303760 kB
MemTotal:        1844596 kB
MemFree:         1299840 kB
MemAvailable:    1519296 kB
Buffers:           34388 kB
Cached:           303760 kB
MemTotal:        1844596 kB
MemFree:         1301164 kB
MemAvailable:    1520620 kB
Buffers:           34388 kB
Cached:           303760 kB
MemTotal:        1844596 kB
MemFree:         1301140 kB
MemAvailable:    1520596 kB
Buffers:           34388 kB
Cached:           303760 kB
MemTotal:        1844596 kB
MemFree:         1300020 kB
MemAvailable:    1519476 kB
Buffers:           34388 kB
Cached:           303760 kB
MemTotal:        1844596 kB
MemFree:         1300940 kB
MemAvailable:    1520396 kB
Buffers:           34388 kB
Cached:           303760 kB
MemTotal:        1844596 kB
MemFree:         1301004 kB
MemAvailable:    1520460 kB
Buffers:           34388 kB
Cached:           303760 kB
MemTotal:        1844596 kB
MemFree:         1300508 kB
MemAvailable:    1519964 kB
Buffers:           34388 kB
Cached:           303760 kB
MemTotal:        1844596 kB
MemFree:         1300004 kB
MemAvailable:    1519460 kB
Buffers:           34388 kB
Cached:           303760 kB
MemTotal:        1844596 kB
MemFree:         1299896 kB
MemAvailable:    1519352 kB
Buffers:           34388 kB
Cached:           303760 kB
MemTotal:        1844596 kB
MemFree:         1298508 kB
MemAvailable:    1517964 kB
Buffers:           34388 kB
Cached:           303760 kB
MemTotal:        1844596 kB
MemFree:         1299772 kB
MemAvailable:    1519228 kB
Buffers:           34388 kB
Cached:           303760 kB
MemTotal:        1844596 kB
MemFree:         1298152 kB
MemAvailable:    1517608 kB
Buffers:           34388 kB
Cached:           303760 kB
MemTotal:        1844596 kB
MemFree:         1298576 kB
MemAvailable:    1518032 kB
Buffers:           34388 kB
Cached:           303760 kB
MemTotal:        1844596 kB
MemFree:         1298296 kB
MemAvailable:    1517752 kB
Buffers:           34388 kB
Cached:           303760 kB
MemTotal:        1844596 kB
MemFree:         1297416 kB
MemAvailable:    1516872 kB
Buffers:           34388 kB
Cached:           303760 kB
MemTotal:        1844596 kB
MemFree:         1296672 kB
MemAvailable:    1516128 kB
Buffers:           34388 kB
Cached:           303760 kB
MemTotal:        1844596 kB
MemFree:         1296672 kB
MemAvailable:    1516128 kB
Buffers:           34388 kB
Cached:           303760 kB
MemTotal:        1844596 kB
MemFree:         1297848 kB
MemAvailable:    1517304 kB
Buffers:           34388 kB
Cached:           303760 kB
MemTotal:        1844596 kB
MemFree:         1297664 kB
MemAvailable:    1517120 kB
Buffers:           34388 kB
Cached:           303760 kB
MemTotal:        1844596 kB
MemFree:         1297664 kB
MemAvailable:    1517120 kB
Buffers:           34388 kB
Cached:           303760 kB
MemTotal:        1844596 kB
MemFree:         1297468 kB
MemAvailable:    1516924 kB
Buffers:           34388 kB
Cached:           303760 kB
MemTotal:        1844596 kB
MemFree:         1295908 kB
MemAvailable:    1515364 kB
Buffers:           34388 kB
Cached:           303760 kB
MemTotal:        1844596 kB
MemFree:         1297392 kB
MemAvailable:    1516848 kB
Buffers:           34388 kB
Cached:           303760 kB
MemTotal:        1844596 kB
MemFree:         1297264 kB
MemAvailable:    1516720 kB
Buffers:           34388 kB
Cached:           303760 kB
MemTotal:        1844596 kB
MemFree:         1297176 kB
MemAvailable:    1516632 kB
Buffers:           34388 kB
Cached:           303760 kB
MemTotal:        1844596 kB
MemFree:         1296904 kB
MemAvailable:    1516360 kB
Buffers:           34388 kB
Cached:           303760 kB
MemTotal:        1844596 kB
MemFree:         1296796 kB
MemAvailable:    1516252 kB
Buffers:           34388 kB
Cached:           303760 kB
MemTotal:        1844596 kB
MemFree:         1296408 kB
MemAvailable:    1515864 kB
Buffers:           34388 kB
Cached:           303760 kB
MemTotal:        1844596 kB
MemFree:         1294936 kB
MemAvailable:    1514392 kB
Buffers:           34388 kB
Cached:           303760 kB
MemTotal:        1844596 kB
MemFree:         1288488 kB
MemAvailable:    1507944 kB
Buffers:           34388 kB
Cached:           303760 kB
MemTotal:        1844596 kB
MemFree:         1289340 kB
MemAvailable:    1508796 kB
Buffers:           34388 kB
Cached:           303760 kB
MemTotal:        1844596 kB
MemFree:         1288612 kB
MemAvailable:    1508068 kB
Buffers:           34388 kB
Cached:           303760 kB
MemTotal:        1844596 kB
MemFree:         1289288 kB
MemAvailable:    1508744 kB
Buffers:           34388 kB
Cached:           303760 kB
MemTotal:        1844596 kB
MemFree:         1289456 kB
MemAvailable:    1508912 kB
Buffers:           34388 kB
Cached:           303760 kB
MemTotal:        1844596 kB
MemFree:         1288096 kB
MemAvailable:    1507552 kB
Buffers:           34388 kB
Cached:           303760 kB
MemTotal:        1844596 kB
MemFree:         1290072 kB
MemAvailable:    1509528 kB
Buffers:           34388 kB
Cached:           303760 kB
MemTotal:        1844596 kB
MemFree:         1291020 kB
MemAvailable:    1510476 kB
Buffers:           34388 kB
Cached:           303760 kB
MemTotal:        1844596 kB
MemFree:         1290764 kB
MemAvailable:    1510388 kB
Buffers:           34388 kB
Cached:           303884 kB
MemTotal:        1844596 kB
MemFree:         1290432 kB
MemAvailable:    1510140 kB
Buffers:           34388 kB
Cached:           304008 kB
MemTotal:        1844596 kB
MemFree:         1290100 kB
MemAvailable:    1509808 kB
Buffers:           34388 kB
Cached:           304008 kB
MemTotal:        1844596 kB
MemFree:         1290392 kB
MemAvailable:    1510184 kB
Buffers:           34388 kB
Cached:           304132 kB
MemTotal:        1844596 kB
MemFree:         1289216 kB
MemAvailable:    1509176 kB
Buffers:           34388 kB
Cached:           304256 kB
MemTotal:        1844596 kB
MemFree:         1290192 kB
MemAvailable:    1510236 kB
Buffers:           34388 kB
Cached:           304380 kB
MemTotal:        1844596 kB
MemFree:         1290276 kB
MemAvailable:    1510320 kB
Buffers:           34388 kB
Cached:           304380 kB
MemTotal:        1844596 kB
MemFree:         1290156 kB
MemAvailable:    1510200 kB
Buffers:           34388 kB
Cached:           304380 kB
MemTotal:        1844596 kB
MemFree:         1289976 kB
MemAvailable:    1510020 kB
Buffers:           34388 kB
Cached:           304380 kB
MemTotal:        1844596 kB
MemFree:         1288712 kB
MemAvailable:    1508756 kB
Buffers:           34388 kB
Cached:           304380 kB
MemTotal:        1844596 kB
MemFree:         1290040 kB
MemAvailable:    1510084 kB
Buffers:           34388 kB
Cached:           304380 kB
MemTotal:        1844596 kB
MemFree:         1290152 kB
MemAvailable:    1510196 kB
Buffers:           34388 kB
Cached:           304380 kB
MemTotal:        1844596 kB
MemFree:         1290136 kB
MemAvailable:    1510180 kB
Buffers:           34388 kB
Cached:           304380 kB
MemTotal:        1844596 kB
MemFree:         1290588 kB
MemAvailable:    1510044 kB
Buffers:           34388 kB
Cached:           303748 kB
MemTotal:        1844596 kB
MemFree:         1356720 kB
MemAvailable:    1576256 kB
Buffers:           34388 kB
Cached:           303828 kB
