MemTotal:        1844596 kB
MemFree:         1424304 kB
MemAvailable:    1608036 kB
Buffers:           23052 kB
Cached:           290648 kB
MemTotal:        1844596 kB
MemFree:         1397644 kB
MemAvailable:    1581380 kB
Buffers:           23052 kB
Cached:           290652 kB
MemTotal:        1844596 kB
MemFree:         1397644 kB
MemAvailable:    1581380 kB
Buffers:           23052 kB
Cached:           290652 kB
MemTotal:        1844596 kB
MemFree:         1395676 kB
MemAvailable:    1579412 kB
Buffers:           23052 kB
Cached:           290652 kB
MemTotal:        1844596 kB
MemFree:         1393568 kB
MemAvailable:    1577304 kB
Buffers:           23052 kB
Cached:           290652 kB
MemTotal:        1844596 kB
MemFree:         1393816 kB
MemAvailable:    1577552 kB
Buffers:           23052 kB
Cached:           290652 kB
MemTotal:        1844596 kB
MemFree:         1392328 kB
MemAvailable:    1576064 kB
Buffers:           23052 kB
Cached:           290652 kB
MemTotal:        1844596 kB
MemFree:         1392700 kB
MemAvailable:    1576436 kB
Buffers:           23052 kB
Cached:           290652 kB
MemTotal:        1844596 kB
MemFree:         1390584 kB
MemAvailable:    1574320 kB
Buffers:           23052 kB
Cached:           290652 kB
MemTotal:        1844596 kB
MemFree:         1387608 kB
MemAvailable:    1571344 kB
Buffers:           23052 kB
Cached:           290652 kB
MemTotal:        1844596 kB
MemFree:         1387740 kB
MemAvailable:    1571476 kB
Buffers:           23052 kB
Cached:           290652 kB
MemTotal:        1844596 kB
MemFree:         1382408 kB
MemAvailable:    1566144 kB
Buffers:           23052 kB
Cached:           290652 kB
MemTotal:        1844596 kB
MemFree:         1381292 kB
MemAvailable:    1565028 kB
Buffers:           23052 kB
Cached:           290652 kB
MemTotal:        1844596 kB
MemFree:         1383268 kB
MemAvailable:    1567004 kB
Buffers:           23052 kB
Cached:           290652 kB
MemTotal:        1844596 kB
MemFree:         1383460 kB
MemAvailable:    1567196 kB
Buffers:           23052 kB
Cached:           290652 kB
MemTotal:        1844596 kB
MemFree:         1382028 kB
MemAvailable:    1565764 kB
Buffers:           23052 kB
Cached:           290652 kB
MemTotal:        1844596 kB
MemFree:         1383260 kB
MemAvailable:    1566996 kB
Buffers:           23052 kB
Cached:           290652 kB
MemTotal:        1844596 kB
MemFree:         1383152 kB
MemAvailable:    1566764 kB
Buffers:           23052 kB
Cached:           290652 kB
MemTotal:        1844596 kB
MemFree:         1383088 kB
MemAvailable:    1566824 kB
Buffers:           23052 kB
Cached:           290652 kB
MemTotal:        1844596 kB
MemFree:         1383160 kB
MemAvailable:    1566896 kB
Buffers:           23052 kB
Cached:           290652 kB
MemTotal:        1844596 kB
MemFree:         1381648 kB
MemAvailable:    1565384 kB
Buffers:           23052 kB
Cached:           290652 kB
MemTotal:        1844596 kB
MemFree:         1381984 kB
MemAvailable:    1565720 kB
Buffers:           23052 kB
Cached:           290652 kB
MemTotal:        1844596 kB
MemFree:         1381096 kB
MemAvailable:    1564832 kB
Buffers:           23052 kB
Cached:           290652 kB
MemTotal:        1844596 kB
MemFree:         1380972 kB
MemAvailable:    1564708 kB
Buffers:           23052 kB
Cached:           290652 kB
MemTotal:        1844596 kB
MemFree:         1380912 kB
MemAvailable:    1564648 kB
Buffers:           23052 kB
Cached:           290652 kB
MemTotal:        1844596 kB
MemFree:         1380532 kB
MemAvailable:    1564268 kB
Buffers:           23052 kB
Cached:           290652 kB
MemTotal:        1844596 kB
MemFree:         1379876 kB
MemAvailable:    1563612 kB
Buffers:           23052 kB
Cached:           290652 kB
MemTotal:        1844596 kB
MemFree:         1380904 kB
MemAvailable:    1564640 kB
Buffers:           23052 kB
Cached:           290652 kB
MemTotal:        1844596 kB
MemFree:         1380988 kB
MemAvailable:    1564724 kB
Buffers:           23052 kB
Cached:           290652 kB
MemTotal:        1844596 kB
MemFree:         1379752 kB
MemAvailable:    1563488 kB
Buffers:           23052 kB
Cached:           290652 kB
MemTotal:        1844596 kB
MemFree:         1380984 kB
MemAvailable:    1564720 kB
Buffers:           23052 kB
Cached:           290652 kB
MemTotal:        1844596 kB
MemFree:         1379744 kB
MemAvailable:    1563480 kB
Buffers:           23052 kB
Cached:           290652 kB
MemTotal:        1844596 kB
MemFree:         1382144 kB
MemAvailable:    1565880 kB
Buffers:           23052 kB
Cached:           290652 kB
MemTotal:        1844596 kB
MemFree:         1382284 kB
MemAvailable:    1566020 kB
Buffers:           23052 kB
Cached:           290652 kB
MemTotal:        1844596 kB
MemFree:         1380476 kB
MemAvailable:    1564212 kB
Buffers:           23052 kB
Cached:           290652 kB
MemTotal:        1844596 kB
MemFree:         1378996 kB
MemAvailable:    1562732 kB
Buffers:           23052 kB
Cached:           290652 kB
MemTotal:        1844596 kB
MemFree:         1378748 kB
MemAvailable:    1562484 kB
Buffers:           23052 kB
Cached:           290652 kB
MemTotal:        1844596 kB
MemFree:         1377440 kB
MemAvailable:    1561176 kB
Buffers:           23052 kB
Cached:           290652 kB
MemTotal:        1844596 kB
MemFree:         1378004 kB
MemAvailable:    1561740 kB
Buffers:           23052 kB
Cached:           290652 kB
MemTotal:        1844596 kB
MemFree:         1377068 kB
MemAvailable:    1560804 kB
Buffers:           23052 kB
Cached:           290652 kB
MemTotal:        1844596 kB
MemFree:         1376936 kB
MemAvailable:    1560672 kB
Buffers:           23052 kB
Cached:           290652 kB
MemTotal:        1844596 kB
MemFree:         1377272 kB
MemAvailable:    1561008 kB
Buffers:           23052 kB
Cached:           290652 kB
MemTotal:        1844596 kB
MemFree:         1377004 kB
MemAvailable:    1560740 kB
Buffers:           23052 kB
Cached:           290652 kB
MemTotal:        1844596 kB
MemFree:         1376632 kB
MemAvailable:    1560368 kB
Buffers:           23052 kB
Cached:           290652 kB
MemTotal:        1844596 kB
MemFree:         1376632 kB
MemAvailable:    1560368 kB
Buffers:           23052 kB
Cached:           290652 kB
MemTotal:        1844596 kB
MemFree:         1376876 kB
MemAvailable:    1560612 kB
Buffers:           23052 kB
Cached:           290652 kB
MemTotal:        1844596 kB
MemFree:         1376768 kB
MemAvailable:    1560504 kB
Buffers:           23052 kB
Cached:           290652 kB
MemTotal:        1844596 kB
MemFree:         1376192 kB
MemAvailable:    1559928 kB
Buffers:           23052 kB
Cached:           290652 kB
MemTotal:        1844596 kB
MemFree:         1375660 kB
MemAvailable:    1559396 kB
Buffers:           23052 kB
Cached:           290652 kB
MemTotal:        1844596 kB
MemFree:         1376640 kB
MemAvailable:    1560380 kB
Buffers:           23052 kB
Cached:           290656 kB
MemTotal:        1844596 kB
MemFree:         1375092 kB
MemAvailable:    1558832 kB
Buffers:           23052 kB
Cached:           290656 kB
MemTotal:        1844596 kB
MemFree:         1376208 kB
MemAvailable:    1559948 kB
Buffers:           23052 kB
Cached:           290656 kB
MemTotal:        1844596 kB
MemFree:         1374456 kB
MemAvailable:    1558196 kB
Buffers:           23052 kB
Cached:           290656 kB
MemTotal:        1844596 kB
MemFree:         1374456 kB
MemAvailable:    1558196 kB
Buffers:           23052 kB
Cached:           290656 kB
MemTotal:        1844596 kB
MemFree:         1374456 kB
MemAvailable:    1558196 kB
Buffers:           23052 kB
Cached:           290656 kB
MemTotal:        1844596 kB
MemFree:         1374580 kB
MemAvailable:    1558320 kB
Buffers:           23052 kB
Cached:           290656 kB
MemTotal:        1844596 kB
MemFree:         1375960 kB
MemAvailable:    1559700 kB
Buffers:           23052 kB
Cached:           290656 kB
MemTotal:        1844596 kB
MemFree:         1374720 kB
MemAvailable:    1558460 kB
Buffers:           23052 kB
Cached:           290656 kB
MemTotal:        1844596 kB
MemFree:         1374556 kB
MemAvailable:    1558296 kB
Buffers:           23052 kB
Cached:           290656 kB
MemTotal:        1844596 kB
MemFree:         1374556 kB
MemAvailable:    1558296 kB
Buffers:           23052 kB
Cached:           290656 kB
MemTotal:        1844596 kB
MemFree:         1374672 kB
MemAvailable:    1558412 kB
Buffers:           23052 kB
Cached:           290656 kB
MemTotal:        1844596 kB
MemFree:         1375332 kB
MemAvailable:    1559072 kB
Buffers:           23052 kB
Cached:           290656 kB
MemTotal:        1844596 kB
MemFree:         1375348 kB
MemAvailable:    1559088 kB
Buffers:           23052 kB
Cached:           290656 kB
MemTotal:        1844596 kB
MemFree:         1374176 kB
MemAvailable:    1557916 kB
Buffers:           23052 kB
Cached:           290656 kB
MemTotal:        1844596 kB
MemFree:         1375284 kB
MemAvailable:    1559024 kB
Buffers:           23052 kB
Cached:           290656 kB
MemTotal:        1844596 kB
MemFree:         1374168 kB
MemAvailable:    1557908 kB
Buffers:           23052 kB
Cached:           290656 kB
MemTotal:        1844596 kB
MemFree:         1373920 kB
MemAvailable:    1557660 kB
Buffers:           23052 kB
Cached:           290656 kB
MemTotal:        1844596 kB
MemFree:         1375220 kB
MemAvailable:    1558960 kB
Buffers:           23052 kB
Cached:           290656 kB
MemTotal:        1844596 kB
MemFree:         1374888 kB
MemAvailable:    1558628 kB
Buffers:           23052 kB
Cached:           290656 kB
MemTotal:        1844596 kB
MemFree:         1374888 kB
MemAvailable:    1558628 kB
Buffers:           23052 kB
Cached:           290656 kB
MemTotal:        1844596 kB
MemFree:         1374692 kB
MemAvailable:    1558432 kB
Buffers:           23052 kB
Cached:           290656 kB
MemTotal:        1844596 kB
MemFree:         1374472 kB
MemAvailable:    1558212 kB
Buffers:           23052 kB
Cached:           290656 kB
MemTotal:        1844596 kB
MemFree:         1373424 kB
MemAvailable:    1557164 kB
Buffers:           23052 kB
Cached:           290656 kB
MemTotal:        1844596 kB
MemFree:         1374848 kB
MemAvailable:    1558588 kB
Buffers:           23052 kB
Cached:           290656 kB
MemTotal:        1844596 kB
MemFree:         1373536 kB
MemAvailable:    1557276 kB
Buffers:           23052 kB
Cached:           290656 kB
MemTotal:        1844596 kB
MemFree:         1374644 kB
MemAvailable:    1558384 kB
Buffers:           23052 kB
Cached:           290656 kB
MemTotal:        1844596 kB
MemFree:         1374644 kB
MemAvailable:    1558384 kB
Buffers:           23052 kB
Cached:           290656 kB
MemTotal:        1844596 kB
MemFree:         1373108 kB
MemAvailable:    1556848 kB
Buffers:           23052 kB
Cached:           290656 kB
MemTotal:        1844596 kB
MemFree:         1371240 kB
MemAvailable:    1554980 kB
Buffers:           23052 kB
Cached:           290656 kB
MemTotal:        1844596 kB
MemFree:         1369140 kB
MemAvailable:    1552880 kB
Buffers:           23052 kB
Cached:           290656 kB
MemTotal:        1844596 kB
MemFree:         1367588 kB
MemAvailable:    1551328 kB
Buffers:           23052 kB
Cached:           290656 kB
MemTotal:        1844596 kB
MemFree:         1367032 kB
MemAvailable:    1550772 kB
Buffers:           23052 kB
Cached:           290656 kB
MemTotal:        1844596 kB
MemFree:         1366968 kB
MemAvailable:    1550708 kB
Buffers:           23052 kB
Cached:           290656 kB
MemTotal:        1844596 kB
MemFree:         1367136 kB
MemAvailable:    1550876 kB
Buffers:           23052 kB
Cached:           290656 kB
MemTotal:        1844596 kB
MemFree:         1367092 kB
MemAvailable:    1550832 kB
Buffers:           23052 kB
Cached:           290656 kB
MemTotal:        1844596 kB
MemFree:         1365628 kB
MemAvailable:    1549372 kB
Buffers:           23052 kB
Cached:           290660 kB
MemTotal:        1844596 kB
MemFree:         1367048 kB
MemAvailable:    1550792 kB
Buffers:           23052 kB
Cached:           290660 kB
MemTotal:        1844596 kB
MemFree:         1365740 kB
MemAvailable:    1549484 kB
Buffers:           23052 kB
Cached:           290660 kB
MemTotal:        1844596 kB
MemFree:         1365616 kB
MemAvailable:    1549360 kB
Buffers:           23052 kB
Cached:           290660 kB
MemTotal:        1844596 kB
MemFree:         1365864 kB
MemAvailable:    1549608 kB
Buffers:           23052 kB
Cached:           290660 kB
MemTotal:        1844596 kB
MemFree:         1366840 kB
MemAvailable:    1550584 kB
Buffers:           23052 kB
Cached:           290660 kB
MemTotal:        1844596 kB
MemFree:         1366840 kB
MemAvailable:    1550584 kB
Buffers:           23052 kB
Cached:           290660 kB
MemTotal:        1844596 kB
MemFree:         1366948 kB
MemAvailable:    1550692 kB
Buffers:           23052 kB
Cached:           290660 kB
MemTotal:        1844596 kB
MemFree:         1365732 kB
MemAvailable:    1549476 kB
Buffers:           23052 kB
Cached:           290660 kB
MemTotal:        1844596 kB
MemFree:         1366708 kB
MemAvailable:    1550452 kB
Buffers:           23052 kB
Cached:           290660 kB
MemTotal:        1844596 kB
MemFree:         1366792 kB
MemAvailable:    1550536 kB
Buffers:           23052 kB
Cached:           290660 kB
MemTotal:        1844596 kB
MemFree:         1366464 kB
MemAvailable:    1550208 kB
Buffers:           23052 kB
Cached:           290660 kB
MemTotal:        1844596 kB
MemFree:         1365164 kB
MemAvailable:    1548908 kB
Buffers:           23052 kB
Cached:           290660 kB
MemTotal:        1844596 kB
MemFree:         1364908 kB
MemAvailable:    1548652 kB
Buffers:           23052 kB
Cached:           290660 kB
MemTotal:        1844596 kB
MemFree:         1365984 kB
MemAvailable:    1549728 kB
Buffers:           23052 kB
Cached:           290660 kB
MemTotal:        1844596 kB
MemFree:         1365280 kB
MemAvailable:    1549024 kB
Buffers:           23052 kB
Cached:           290660 kB
MemTotal:        1844596 kB
MemFree:         1365048 kB
MemAvailable:    1548792 kB
Buffers:           23060 kB
Cached:           290652 kB
MemTotal:        1844596 kB
MemFree:         1364852 kB
MemAvailable:    1548596 kB
Buffers:           23064 kB
Cached:           290648 kB
MemTotal:        1844596 kB
MemFree:         1365188 kB
MemAvailable:    1548932 kB
Buffers:           23064 kB
Cached:           290648 kB
MemTotal:        1844596 kB
MemFree:         1363436 kB
MemAvailable:    1547180 kB
Buffers:           23064 kB
Cached:           290648 kB
MemTotal:        1844596 kB
MemFree:         1364116 kB
MemAvailable:    1547860 kB
Buffers:           23064 kB
Cached:           290648 kB
MemTotal:        1844596 kB
MemFree:         1363496 kB
MemAvailable:    1547240 kB
Buffers:           23064 kB
Cached:           290648 kB
MemTotal:        1844596 kB
MemFree:         1362188 kB
MemAvailable:    1545932 kB
Buffers:           23064 kB
Cached:           290648 kB
MemTotal:        1844596 kB
MemFree:         1363364 kB
MemAvailable:    1547108 kB
Buffers:           23064 kB
Cached:           290648 kB
MemTotal:        1844596 kB
MemFree:         1363232 kB
MemAvailable:    1546976 kB
Buffers:           23064 kB
Cached:           290648 kB
MemTotal:        1844596 kB
MemFree:         1361800 kB
MemAvailable:    1545544 kB
Buffers:           23064 kB
Cached:           290648 kB
MemTotal:        1844596 kB
MemFree:         1362892 kB
MemAvailable:    1546636 kB
Buffers:           23064 kB
Cached:           290648 kB
MemTotal:        1844596 kB
MemFree:         1362892 kB
MemAvailable:    1546636 kB
Buffers:           23064 kB
Cached:           290648 kB
MemTotal:        1844596 kB
MemFree:         1362892 kB
MemAvailable:    1546636 kB
Buffers:           23064 kB
Cached:           290648 kB
MemTotal:        1844596 kB
MemFree:         1363072 kB
MemAvailable:    1546816 kB
Buffers:           23064 kB
Cached:           290648 kB
MemTotal:        1844596 kB
MemFree:         1362868 kB
MemAvailable:    1546612 kB
Buffers:           23064 kB
Cached:           290648 kB
MemTotal:        1844596 kB
MemFree:         1363120 kB
MemAvailable:    1546864 kB
Buffers:           23064 kB
Cached:           290648 kB
MemTotal:        1844596 kB
MemFree:         1363112 kB
MemAvailable:    1546856 kB
Buffers:           23064 kB
Cached:           290648 kB
MemTotal:        1844596 kB
MemFree:         1361888 kB
MemAvailable:    1545632 kB
Buffers:           23064 kB
Cached:           290648 kB
MemTotal:        1844596 kB
MemFree:         1362616 kB
MemAvailable:    1546360 kB
Buffers:           23064 kB
Cached:           290648 kB
MemTotal:        1844596 kB
MemFree:         1362616 kB
MemAvailable:    1546360 kB
Buffers:           23064 kB
Cached:           290648 kB
MemTotal:        1844596 kB
MemFree:         1360824 kB
MemAvailable:    1544568 kB
Buffers:           23064 kB
Cached:           290648 kB
MemTotal:        1844596 kB
MemFree:         1355996 kB
MemAvailable:    1539740 kB
Buffers:           23064 kB
Cached:           290648 kB
MemTotal:        1844596 kB
MemFree:         1355312 kB
MemAvailable:    1539056 kB
Buffers:           23064 kB
Cached:           290648 kB
MemTotal:        1844596 kB
MemFree:         1355312 kB
MemAvailable:    1539056 kB
Buffers:           23064 kB
Cached:           290648 kB
MemTotal:        1844596 kB
MemFree:         1355204 kB
MemAvailable:    1538948 kB
Buffers:           23064 kB
Cached:           290648 kB
MemTotal:        1844596 kB
MemFree:         1353880 kB
MemAvailable:    1537624 kB
Buffers:           23064 kB
Cached:           290648 kB
MemTotal:        1844596 kB
MemFree:         1354136 kB
MemAvailable:    1537880 kB
Buffers:           23064 kB
Cached:           290648 kB
MemTotal:        1844596 kB
MemFree:         1355056 kB
MemAvailable:    1538804 kB
Buffers:           23064 kB
Cached:           290652 kB
MemTotal:        1844596 kB
MemFree:         1356900 kB
MemAvailable:    1540648 kB
Buffers:           23064 kB
Cached:           290652 kB
MemTotal:        1844596 kB
MemFree:         1356748 kB
MemAvailable:    1540496 kB
Buffers:           23064 kB
Cached:           290652 kB
MemTotal:        1844596 kB
MemFree:         1356856 kB
MemAvailable:    1540688 kB
Buffers:           23064 kB
Cached:           290776 kB
MemTotal:        1844596 kB
MemFree:         1355608 kB
MemAvailable:    1539524 kB
Buffers:           23064 kB
Cached:           290776 kB
MemTotal:        1844596 kB
MemFree:         1357036 kB
MemAvailable:    1540952 kB
Buffers:           23064 kB
Cached:           290900 kB
MemTotal:        1844596 kB
MemFree:         1356460 kB
MemAvailable:    1540628 kB
Buffers:           23064 kB
Cached:           291148 kB
MemTotal:        1844596 kB
MemFree:         1356716 kB
MemAvailable:    1540884 kB
Buffers:           23064 kB
Cached:           291148 kB
MemTotal:        1844596 kB
MemFree:         1355220 kB
MemAvailable:    1539472 kB
Buffers:           23064 kB
Cached:           291272 kB
MemTotal:        1844596 kB
MemFree:         1356304 kB
MemAvailable:    1540724 kB
Buffers:           23064 kB
Cached:           291272 kB
MemTotal:        1844596 kB
MemFree:         1356064 kB
MemAvailable:    1540484 kB
Buffers:           23064 kB
Cached:           291272 kB
MemTotal:        1844596 kB
MemFree:         1356320 kB
MemAvailable:    1540740 kB
Buffers:           23064 kB
Cached:           291272 kB
MemTotal:        1844596 kB
MemFree:         1356044 kB
MemAvailable:    1540464 kB
Buffers:           23064 kB
Cached:           291272 kB
MemTotal:        1844596 kB
MemFree:         1356296 kB
MemAvailable:    1540716 kB
Buffers:           23064 kB
Cached:           291272 kB
MemTotal:        1844596 kB
MemFree:         1356168 kB
MemAvailable:    1540588 kB
Buffers:           23064 kB
Cached:           291272 kB
MemTotal:        1844596 kB
MemFree:         1356336 kB
MemAvailable:    1540756 kB
Buffers:           23064 kB
Cached:           291272 kB
MemTotal:        1844596 kB
MemFree:         1354992 kB
MemAvailable:    1539412 kB
Buffers:           23064 kB
Cached:           291272 kB
MemTotal:        1844596 kB
MemFree:         1356360 kB
MemAvailable:    1540192 kB
Buffers:           23064 kB
Cached:           290724 kB
MemTotal:        1844596 kB
MemFree:         1355624 kB
MemAvailable:    1539456 kB
Buffers:           23064 kB
Cached:           290724 kB
MemTotal:        1844596 kB
MemFree:         1424020 kB
MemAvailable:    1607852 kB
Buffers:           23064 kB
Cached:           290724 kB
