MemTotal:        1844596 kB
MemFree:         1209712 kB
MemAvailable:    1563452 kB
Buffers:           52356 kB
Cached:           414584 kB
MemTotal:        1844596 kB
MemFree:         1182480 kB
MemAvailable:    1536296 kB
Buffers:           52356 kB
Cached:           414588 kB
MemTotal:        1844596 kB
MemFree:         1181116 kB
MemAvailable:    1534932 kB
Buffers:           52356 kB
Cached:           414588 kB
MemTotal:        1844596 kB
MemFree:         1179124 kB
MemAvailable:    1532940 kB
Buffers:           52356 kB
Cached:           414588 kB
MemTotal:        1844596 kB
MemFree:         1179132 kB
MemAvailable:    1532948 kB
Buffers:           52356 kB
Cached:           414588 kB
MemTotal:        1844596 kB
MemFree:         1177636 kB
MemAvailable:    1531452 kB
Buffers:           52356 kB
Cached:           414588 kB
MemTotal:        1844596 kB
MemFree:         1176404 kB
MemAvailable:    1530220 kB
Buffers:           52356 kB
Cached:           414588 kB
MemTotal:        1844596 kB
MemFree:         1174040 kB
MemAvailable:    1527856 kB
Buffers:           52356 kB
Cached:           414588 kB
MemTotal:        1844596 kB
MemFree:         1171312 kB
MemAvailable:    1525128 kB
Buffers:           52356 kB
Cached:           414588 kB
MemTotal:        1844596 kB
MemFree:         1167344 kB
MemAvailable:    1521160 kB
Buffers:           52356 kB
Cached:           414588 kB
MemTotal:        1844596 kB
MemFree:         1167396 kB
MemAvailable:    1521212 kB
Buffers:           52356 kB
Cached:           414588 kB
MemTotal:        1844596 kB
MemFree:         1167528 kB
MemAvailable:    1521344 kB
Buffers:           52356 kB
Cached:           414588 kB
MemTotal:        1844596 kB
MemFree:         1168700 kB
MemAvailable:    1522516 kB
Buffers:           52356 kB
Cached:           414588 kB
MemTotal:        1844596 kB
MemFree:         1168468 kB
MemAvailable:    1522284 kB
Buffers:           52356 kB
Cached:           414588 kB
MemTotal:        1844596 kB
MemFree:         1168784 kB
MemAvailable:    1522600 kB
Buffers:           52356 kB
Cached:           414588 kB
MemTotal:        1844596 kB
MemFree:         1168080 kB
MemAvailable:    1521896 kB
Buffers:           52356 kB
Cached:           414588 kB
MemTotal:        1844596 kB
MemFree:         1167724 kB
MemAvailable:    1521540 kB
Buffers:           52356 kB
Cached:           414588 kB
MemTotal:        1844596 kB
MemFree:         1167104 kB
MemAvailable:    1520920 kB
Buffers:           52356 kB
Cached:           414588 kB
MemTotal:        1844596 kB
MemFree:         1165368 kB
MemAvailable:    1519184 kB
Buffers:           52356 kB
Cached:           414588 kB
MemTotal:        1844596 kB
MemFree:         1166468 kB
MemAvailable:    1520284 kB
Buffers:           52356 kB
Cached:           414588 kB
MemTotal:        1844596 kB
MemFree:         1165740 kB
MemAvailable:    1519556 kB
Buffers:           52356 kB
Cached:           414588 kB
MemTotal:        1844596 kB
MemFree:         1166348 kB
MemAvailable:    1520164 kB
Buffers:           52356 kB
Cached:           414588 kB
MemTotal:        1844596 kB
MemFree:         1166464 kB
MemAvailable:    1520280 kB
Buffers:           52356 kB
Cached:           414588 kB
MemTotal:        1844596 kB
MemFree:         1165052 kB
MemAvailable:    1518868 kB
Buffers:           52356 kB
Cached:           414588 kB
MemTotal:        1844596 kB
MemFree:         1166420 kB
MemAvailable:    1520236 kB
Buffers:           52356 kB
Cached:           414588 kB
MemTotal:        1844596 kB
MemFree:         1165092 kB
MemAvailable:    1518908 kB
Buffers:           52356 kB
Cached:           414588 kB
MemTotal:        1844596 kB
MemFree:         1166596 kB
MemAvailable:    1520412 kB
Buffers:           52356 kB
Cached:           414588 kB
MemTotal:        1844596 kB
MemFree:         1167552 kB
MemAvailable:    1521368 kB
Buffers:           52356 kB
Cached:           414588 kB
MemTotal:        1844596 kB
MemFree:         1165988 kB
MemAvailable:    1519804 kB
Buffers:           52356 kB
Cached:           414588 kB
MemTotal:        1844596 kB
MemFree:         1164376 kB
MemAvailable:    1518192 kB
Buffers:           52356 kB
Cached:           414588 kB
MemTotal:        1844596 kB
MemFree:         1164188 kB
MemAvailable:    1518004 kB
Buffers:           52356 kB
Cached:           414588 kB
MemTotal:        1844596 kB
MemFree:         1163692 kB
MemAvailable:    1517508 kB
Buffers:           52356 kB
Cached:           414588 kB
MemTotal:        1844596 kB
MemFree:         1162268 kB
MemAvailable:    1516084 kB
Buffers:           52356 kB
Cached:           414588 kB
MemTotal:        1844596 kB
MemFree:         1162576 kB
MemAvailable:    1516392 kB
Buffers:           52356 kB
Cached:           414588 kB
MemTotal:        1844596 kB
MemFree:         1162460 kB
MemAvailable:    1516276 kB
Buffers:           52356 kB
Cached:           414588 kB
MemTotal:        1844596 kB
MemFree:         1160972 kB
MemAvailable:    1514788 kB
Buffers:           52356 kB
Cached:           414588 kB
MemTotal:        1844596 kB
MemFree:         1161096 kB
MemAvailable:    1514912 kB
Buffers:           52356 kB
Cached:           414588 kB
MemTotal:        1844596 kB
MemFree:         1161096 kB
MemAvailable:    1514912 kB
Buffers:           52356 kB
Cached:           414588 kB
MemTotal:        1844596 kB
MemFree:         1162196 kB
MemAvailable:    1516012 kB
Buffers:           52356 kB
Cached:           414588 kB
MemTotal:        1844596 kB
MemFree:         1162144 kB
MemAvailable:    1515960 kB
Buffers:           52356 kB
Cached:           414588 kB
MemTotal:        1844596 kB
MemFree:         1162004 kB
MemAvailable:    1515820 kB
Buffers:           52356 kB
Cached:           414588 kB
MemTotal:        1844596 kB
MemFree:         1160656 kB
MemAvailable:    1514472 kB
Buffers:           52356 kB
Cached:           414588 kB
MemTotal:        1844596 kB
MemFree:         1161204 kB
MemAvailable:    1515020 kB
Buffers:           52356 kB
Cached:           414588 kB
MemTotal:        1844596 kB
MemFree:         1161152 kB
MemAvailable:    1514968 kB
Buffers:           52356 kB
Cached:           414588 kB
MemTotal:        1844596 kB
MemFree:         1161204 kB
MemAvailable:    1515020 kB
Buffers:           52356 kB
Cached:           414588 kB
MemTotal:        1844596 kB
MemFree:         1161036 kB
MemAvailable:    1514852 kB
Buffers:           52356 kB
Cached:           414588 kB
MemTotal:        1844596 kB
MemFree:         1161104 kB
MemAvailable:    1514920 kB
Buffers:           52356 kB
Cached:           414588 kB
MemTotal:        1844596 kB
MemFree:         1159988 kB
MemAvailable:    1513804 kB
Buffers:           52356 kB
Cached:           414588 kB
MemTotal:        1844596 kB
MemFree:         1160028 kB
MemAvailable:    1513844 kB
Buffers:           52356 kB
Cached:           414588 kB
MemTotal:        1844596 kB
MemFree:         1161264 kB
MemAvailable:    1515080 kB
Buffers:           52356 kB
Cached:           414588 kB
MemTotal:        1844596 kB
MemFree:         1160780 kB
MemAvailable:    1514596 kB
Buffers:           52356 kB
Cached:           414588 kB
MemTotal:        1844596 kB
MemFree:         1159900 kB
MemAvailable:    1513716 kB
Buffers:           52356 kB
Cached:           414588 kB
MemTotal:        1844596 kB
MemFree:         1161084 kB
MemAvailable:    1514900 kB
Buffers:           52356 kB
Cached:           414588 kB
MemTotal:        1844596 kB
MemFree:         1161336 kB
MemAvailable:    1515152 kB
Buffers:           52356 kB
Cached:           414588 kB
MemTotal:        1844596 kB
MemFree:         1159656 kB
MemAvailable:    1513472 kB
Buffers:           52356 kB
Cached:           414588 kB
MemTotal:        1844596 kB
MemFree:         1160764 kB
MemAvailable:    1514580 kB
Buffers:           52356 kB
Cached:           414588 kB
MemTotal:        1844596 kB
MemFree:         1160284 kB
MemAvailable:    1514100 kB
Buffers:           52356 kB
Cached:           414588 kB
MemTotal:        1844596 kB
MemFree:         1160660 kB
MemAvailable:    1514476 kB
Buffers:           52356 kB
Cached:           414588 kB
MemTotal:        1844596 kB
MemFree:         1159344 kB
MemAvailable:    1513160 kB
Buffers:           52356 kB
Cached:           414588 kB
MemTotal:        1844596 kB
MemFree:         1160468 kB
MemAvailable:    1514284 kB
Buffers:           52356 kB
Cached:           414588 kB
MemTotal:        1844596 kB
MemFree:         1159168 kB
MemAvailable:    1512984 kB
Buffers:           52356 kB
Cached:           414588 kB
MemTotal:        1844596 kB
MemFree:         1160292 kB
MemAvailable:    1514108 kB
Buffers:           52356 kB
Cached:           414588 kB
MemTotal:        1844596 kB
MemFree:         1158732 kB
MemAvailable:    1512548 kB
Buffers:           52356 kB
Cached:           414588 kB
MemTotal:        1844596 kB
MemFree:         1158856 kB
MemAvailable:    1512672 kB
Buffers:           52356 kB
Cached:           414588 kB
MemTotal:        1844596 kB
MemFree:         1160284 kB
MemAvailable:    1514100 kB
Buffers:           52356 kB
Cached:           414588 kB
MemTotal:        1844596 kB
MemFree:         1160360 kB
MemAvailable:    1514176 kB
Buffers:           52356 kB
Cached:           414588 kB
MemTotal:        1844596 kB
MemFree:         1158928 kB
MemAvailable:    1512752 kB
Buffers:           52356 kB
Cached:           414596 kB
MemTotal:        1844596 kB
MemFree:         1158912 kB
MemAvailable:    1512736 kB
Buffers:           52356 kB
Cached:           414596 kB
MemTotal:        1844596 kB
MemFree:         1158680 kB
MemAvailable:    1512504 kB
Buffers:           52356 kB
Cached:           414596 kB
MemTotal:        1844596 kB
MemFree:         1155432 kB
MemAvailable:    1509256 kB
Buffers:           52356 kB
Cached:           414596 kB
MemTotal:        1844596 kB
MemFree:         1155200 kB
MemAvailable:    1509024 kB
Buffers:           52356 kB
Cached:           414596 kB
MemTotal:        1844596 kB
MemFree:         1152912 kB
MemAvailable:    1506736 kB
Buffers:           52356 kB
Cached:           414596 kB
MemTotal:        1844596 kB
MemFree:         1151612 kB
MemAvailable:    1505436 kB
Buffers:           52356 kB
Cached:           414596 kB
MemTotal:        1844596 kB
MemFree:         1152660 kB
MemAvailable:    1506484 kB
Buffers:           52356 kB
Cached:           414596 kB
MemTotal:        1844596 kB
MemFree:         1151308 kB
MemAvailable:    1505132 kB
Buffers:           52356 kB
Cached:           414596 kB
MemTotal:        1844596 kB
MemFree:         1152336 kB
MemAvailable:    1506160 kB
Buffers:           52356 kB
Cached:           414596 kB
MemTotal:        1844596 kB
MemFree:         1151088 kB
MemAvailable:    1504912 kB
Buffers:           52356 kB
Cached:           414596 kB
MemTotal:        1844596 kB
MemFree:         1152516 kB
MemAvailable:    1506340 kB
Buffers:           52356 kB
Cached:           414596 kB
MemTotal:        1844596 kB
MemFree:         1150788 kB
MemAvailable:    1504612 kB
Buffers:           52356 kB
Cached:           414596 kB
MemTotal:        1844596 kB
MemFree:         1150912 kB
MemAvailable:    1504736 kB
Buffers:           52356 kB
Cached:           414596 kB
MemTotal:        1844596 kB
MemFree:         1152380 kB
MemAvailable:    1506204 kB
Buffers:           52356 kB
Cached:           414596 kB
MemTotal:        1844596 kB
MemFree:         1152264 kB
MemAvailable:    1506088 kB
Buffers:           52356 kB
Cached:           414596 kB
MemTotal:        1844596 kB
MemFree:         1151860 kB
MemAvailable:    1505684 kB
Buffers:           52356 kB
Cached:           414596 kB
MemTotal:        1844596 kB
MemFree:         1151092 kB
MemAvailable:    1504916 kB
Buffers:           52356 kB
Cached:           414596 kB
MemTotal:        1844596 kB
MemFree:         1152216 kB
MemAvailable:    1506040 kB
Buffers:           52356 kB
Cached:           414596 kB
MemTotal:        1844596 kB
MemFree:         1152468 kB
MemAvailable:    1506292 kB
Buffers:           52356 kB
Cached:           414596 kB
MemTotal:        1844596 kB
MemFree:         1150860 kB
MemAvailable:    1504684 kB
Buffers:           52356 kB
Cached:           414596 kB
MemTotal:        1844596 kB
MemFree:         1150868 kB
MemAvailable:    1504692 kB
Buffers:           52356 kB
Cached:           414596 kB
MemTotal:        1844596 kB
MemFree:         1149868 kB
MemAvailable:    1503692 kB
Buffers:           52356 kB
Cached:           414596 kB
MemTotal:        1844596 kB
MemFree:         1151052 kB
MemAvailable:    1504876 kB
Buffers:           52356 kB
Cached:           414596 kB
MemTotal:        1844596 kB
MemFree:         1149504 kB
MemAvailable:    1503328 kB
Buffers:           52356 kB
Cached:           414596 kB
MemTotal:        1844596 kB
MemFree:         1149752 kB
MemAvailable:    1503576 kB
Buffers:           52356 kB
Cached:           414596 kB
MemTotal:        1844596 kB
MemFree:         1148000 kB
MemAvailable:    1501824 kB
Buffers:           52356 kB
Cached:           414596 kB
MemTotal:        1844596 kB
MemFree:         1147992 kB
MemAvailable:    1501816 kB
Buffers:           52356 kB
Cached:           414596 kB
MemTotal:        1844596 kB
MemFree:         1147644 kB
MemAvailable:    1501468 kB
Buffers:           52356 kB
Cached:           414596 kB
MemTotal:        1844596 kB
MemFree:         1148744 kB
MemAvailable:    1502568 kB
Buffers:           52356 kB
Cached:           414596 kB
MemTotal:        1844596 kB
MemFree:         1148388 kB
MemAvailable:    1502212 kB
Buffers:           52356 kB
Cached:           414596 kB
MemTotal:        1844596 kB
MemFree:         1148356 kB
MemAvailable:    1502180 kB
Buffers:           52356 kB
Cached:           414596 kB
MemTotal:        1844596 kB
MemFree:         1148512 kB
MemAvailable:    1502336 kB
Buffers:           52356 kB
Cached:           414596 kB
MemTotal:        1844596 kB
MemFree:         1148500 kB
MemAvailable:    1502324 kB
Buffers:           52356 kB
Cached:           414596 kB
MemTotal:        1844596 kB
MemFree:         1148248 kB
MemAvailable:    1502072 kB
Buffers:           52356 kB
Cached:           414596 kB
MemTotal:        1844596 kB
MemFree:         1148584 kB
MemAvailable:    1502408 kB
Buffers:           52356 kB
Cached:           414596 kB
MemTotal:        1844596 kB
MemFree:         1148444 kB
MemAvailable:    1502268 kB
Buffers:           52356 kB
Cached:           414596 kB
MemTotal:        1844596 kB
MemFree:         1148512 kB
MemAvailable:    1502336 kB
Buffers:           52356 kB
Cached:           414596 kB
MemTotal:        1844596 kB
MemFree:         1148360 kB
MemAvailable:    1502184 kB
Buffers:           52356 kB
Cached:           414596 kB
MemTotal:        1844596 kB
MemFree:         1148360 kB
MemAvailable:    1502184 kB
Buffers:           52356 kB
Cached:           414596 kB
MemTotal:        1844596 kB
MemFree:         1148140 kB
MemAvailable:    1501964 kB
Buffers:           52356 kB
Cached:           414596 kB
MemTotal:        1844596 kB
MemFree:         1147936 kB
MemAvailable:    1501760 kB
Buffers:           52356 kB
Cached:           414596 kB
MemTotal:        1844596 kB
MemFree:         1146836 kB
MemAvailable:    1500660 kB
Buffers:           52356 kB
Cached:           414596 kB
MemTotal:        1844596 kB
MemFree:         1139460 kB
MemAvailable:    1493284 kB
Buffers:           52356 kB
Cached:           414596 kB
MemTotal:        1844596 kB
MemFree:         1140560 kB
MemAvailable:    1494384 kB
Buffers:           52356 kB
Cached:           414596 kB
MemTotal:        1844596 kB
MemFree:         1140328 kB
MemAvailable:    1494152 kB
Buffers:           52356 kB
Cached:           414596 kB
MemTotal:        1844596 kB
MemFree:         1140396 kB
MemAvailable:    1494220 kB
Buffers:           52356 kB
Cached:           414596 kB
MemTotal:        1844596 kB
MemFree:         1139832 kB
MemAvailable:    1493656 kB
Buffers:           52356 kB
Cached:           414596 kB
MemTotal:        1844596 kB
MemFree:         1139708 kB
MemAvailable:    1493536 kB
Buffers:           52356 kB
Cached:           414600 kB
MemTotal:        1844596 kB
MemFree:         1142008 kB
MemAvailable:    1495836 kB
Buffers:           52356 kB
Cached:           414600 kB
MemTotal:        1844596 kB
MemFree:         1141444 kB
MemAvailable:    1495272 kB
Buffers:           52356 kB
Cached:           414600 kB
MemTotal:        1844596 kB
MemFree:         1142248 kB
MemAvailable:    1496076 kB
Buffers:           52356 kB
Cached:           414600 kB
MemTotal:        1844596 kB
MemFree:         1140940 kB
MemAvailable:    1494768 kB
Buffers:           52356 kB
Cached:           414724 kB
MemTotal:        1844596 kB
MemFree:         1140700 kB
MemAvailable:    1494780 kB
Buffers:           52356 kB
Cached:           414848 kB
MemTotal:        1844596 kB
MemFree:         1140444 kB
MemAvailable:    1494608 kB
Buffers:           52356 kB
Cached:           414972 kB
MemTotal:        1844596 kB
MemFree:         1140320 kB
MemAvailable:    1494652 kB
Buffers:           52356 kB
Cached:           415096 kB
MemTotal:        1844596 kB
MemFree:         1140204 kB
MemAvailable:    1494620 kB
Buffers:           52356 kB
Cached:           415220 kB
MemTotal:        1844596 kB
MemFree:         1141444 kB
MemAvailable:    1495944 kB
Buffers:           52356 kB
Cached:           415220 kB
MemTotal:        1844596 kB
MemFree:         1140204 kB
MemAvailable:    1494704 kB
Buffers:           52356 kB
Cached:           415220 kB
MemTotal:        1844596 kB
MemFree:         1141268 kB
MemAvailable:    1495768 kB
Buffers:           52356 kB
Cached:           415220 kB
MemTotal:        1844596 kB
MemFree:         1141240 kB
MemAvailable:    1495740 kB
Buffers:           52356 kB
Cached:           415220 kB
MemTotal:        1844596 kB
MemFree:         1141056 kB
MemAvailable:    1495556 kB
Buffers:           52356 kB
Cached:           415220 kB
MemTotal:        1844596 kB
MemFree:         1141196 kB
MemAvailable:    1495696 kB
Buffers:           52356 kB
Cached:           415220 kB
MemTotal:        1844596 kB
MemFree:         1140932 kB
MemAvailable:    1495432 kB
Buffers:           52356 kB
Cached:           415220 kB
MemTotal:        1844596 kB
MemFree:         1141000 kB
MemAvailable:    1495500 kB
Buffers:           52356 kB
Cached:           415344 kB
MemTotal:        1844596 kB
MemFree:         1141336 kB
MemAvailable:    1495836 kB
Buffers:           52356 kB
Cached:           415344 kB
MemTotal:        1844596 kB
MemFree:         1194948 kB
MemAvailable:    1548776 kB
Buffers:           52356 kB
Cached:           414588 kB
