MemTotal:        1844596 kB
MemFree:         1167672 kB
MemAvailable:    1561932 kB
Buffers:           56920 kB
Cached:           447332 kB
MemTotal:        1844596 kB
MemFree:         1139912 kB
MemAvailable:    1534180 kB
Buffers:           56920 kB
Cached:           447340 kB
MemTotal:        1844596 kB
MemFree:         1138548 kB
MemAvailable:    1532816 kB
Buffers:           56920 kB
Cached:           447340 kB
MemTotal:        1844596 kB
MemFree:         1137548 kB
MemAvailable:    1531816 kB
Buffers:           56920 kB
Cached:           447340 kB
MemTotal:        1844596 kB
MemFree:         1136188 kB
MemAvailable:    1530456 kB
Buffers:           56920 kB
Cached:           447340 kB
MemTotal:        1844596 kB
MemFree:         1135208 kB
MemAvailable:    1529476 kB
Buffers:           56920 kB
Cached:           447340 kB
MemTotal:        1844596 kB
MemFree:         1135324 kB
MemAvailable:    1529592 kB
Buffers:           56920 kB
Cached:           447340 kB
MemTotal:        1844596 kB
MemFree:         1131976 kB
MemAvailable:    1526244 kB
Buffers:           56920 kB
Cached:           447340 kB
MemTotal:        1844596 kB
MemFree:         1130060 kB
MemAvailable:    1524328 kB
Buffers:           56920 kB
Cached:           447340 kB
MemTotal:        1844596 kB
MemFree:         1125596 kB
MemAvailable:    1519864 kB
Buffers:           56920 kB
Cached:           447340 kB
MemTotal:        1844596 kB
MemFree:         1125264 kB
MemAvailable:    1519532 kB
Buffers:           56920 kB
Cached:           447340 kB
MemTotal:        1844596 kB
MemFree:         1125116 kB
MemAvailable:    1519384 kB
Buffers:           56920 kB
Cached:           447340 kB
MemTotal:        1844596 kB
MemFree:         1126508 kB
MemAvailable:    1520776 kB
Buffers:           56920 kB
Cached:           447340 kB
MemTotal:        1844596 kB
MemFree:         1125040 kB
MemAvailable:    1519308 kB
Buffers:           56920 kB
Cached:           447340 kB
MemTotal:        1844596 kB
MemFree:         1124988 kB
MemAvailable:    1519256 kB
Buffers:           56920 kB
Cached:           447340 kB
MemTotal:        1844596 kB
MemFree:         1124980 kB
MemAvailable:    1519248 kB
Buffers:           56920 kB
Cached:           447340 kB
MemTotal:        1844596 kB
MemFree:         1124420 kB
MemAvailable:    1518688 kB
Buffers:           56920 kB
Cached:           447340 kB
MemTotal:        1844596 kB
MemFree:         1123420 kB
MemAvailable:    1517688 kB
Buffers:           56920 kB
Cached:           447340 kB
MemTotal:        1844596 kB
MemFree:         1122924 kB
MemAvailable:    1517192 kB
Buffers:           56920 kB
Cached:           447340 kB
MemTotal:        1844596 kB
MemFree:         1123852 kB
MemAvailable:    1518120 kB
Buffers:           56920 kB
Cached:           447340 kB
MemTotal:        1844596 kB
MemFree:         1123552 kB
MemAvailable:    1517820 kB
Buffers:           56920 kB
Cached:           447340 kB
MemTotal:        1844596 kB
MemFree:         1123804 kB
MemAvailable:    1518072 kB
Buffers:           56920 kB
Cached:           447340 kB
MemTotal:        1844596 kB
MemFree:         1123868 kB
MemAvailable:    1518136 kB
Buffers:           56920 kB
Cached:           447340 kB
MemTotal:        1844596 kB
MemFree:         1122636 kB
MemAvailable:    1516904 kB
Buffers:           56920 kB
Cached:           447340 kB
MemTotal:        1844596 kB
MemFree:         1124044 kB
MemAvailable:    1518312 kB
Buffers:           56920 kB
Cached:           447340 kB
MemTotal:        1844596 kB
MemFree:         1123988 kB
MemAvailable:    1518256 kB
Buffers:           56920 kB
Cached:           447340 kB
MemTotal:        1844596 kB
MemFree:         1124408 kB
MemAvailable:    1518676 kB
Buffers:           56920 kB
Cached:           447340 kB
MemTotal:        1844596 kB
MemFree:         1123884 kB
MemAvailable:    1518152 kB
Buffers:           56920 kB
Cached:           447340 kB
MemTotal:        1844596 kB
MemFree:         1122552 kB
MemAvailable:    1516820 kB
Buffers:           56920 kB
Cached:           447340 kB
MemTotal:        1844596 kB
MemFree:         1122552 kB
MemAvailable:    1516820 kB
Buffers:           56920 kB
Cached:           447340 kB
MemTotal:        1844596 kB
MemFree:         1120328 kB
MemAvailable:    1514596 kB
Buffers:           56920 kB
Cached:           447340 kB
MemTotal:        1844596 kB
MemFree:         1119584 kB
MemAvailable:    1513852 kB
Buffers:           56920 kB
Cached:           447340 kB
MemTotal:        1844596 kB
MemFree:         1119592 kB
MemAvailable:    1513860 kB
Buffers:           56920 kB
Cached:           447340 kB
MemTotal:        1844596 kB
MemFree:         1119220 kB
MemAvailable:    1513488 kB
Buffers:           56920 kB
Cached:           447340 kB
MemTotal:        1844596 kB
MemFree:         1119824 kB
MemAvailable:    1514092 kB
Buffers:           56920 kB
Cached:           447340 kB
MemTotal:        1844596 kB
MemFree:         1119716 kB
MemAvailable:    1513984 kB
Buffers:           56920 kB
Cached:           447340 kB
MemTotal:        1844596 kB
MemFree:         1119844 kB
MemAvailable:    1514112 kB
Buffers:           56920 kB
Cached:           447340 kB
MemTotal:        1844596 kB
MemFree:         1118280 kB
MemAvailable:    1512548 kB
Buffers:           56920 kB
Cached:           447340 kB
MemTotal:        1844596 kB
MemFree:         1118580 kB
MemAvailable:    1512848 kB
Buffers:           56920 kB
Cached:           447340 kB
MemTotal:        1844596 kB
MemFree:         1119820 kB
MemAvailable:    1514088 kB
Buffers:           56920 kB
Cached:           447340 kB
MemTotal:        1844596 kB
MemFree:         1119780 kB
MemAvailable:    1514048 kB
Buffers:           56920 kB
Cached:           447340 kB
MemTotal:        1844596 kB
MemFree:         1117856 kB
MemAvailable:    1512124 kB
Buffers:           56920 kB
Cached:           447340 kB
MemTotal:        1844596 kB
MemFree:         1118824 kB
MemAvailable:    1513092 kB
Buffers:           56920 kB
Cached:           447340 kB
MemTotal:        1844596 kB
MemFree:         1118888 kB
MemAvailable:    1513156 kB
Buffers:           56920 kB
Cached:           447340 kB
MemTotal:        1844596 kB
MemFree:         1117580 kB
MemAvailable:    1511848 kB
Buffers:           56920 kB
Cached:           447340 kB
MemTotal:        1844596 kB
MemFree:         1118716 kB
MemAvailable:    1512984 kB
Buffers:           56920 kB
Cached:           447340 kB
MemTotal:        1844596 kB
MemFree:         1118836 kB
MemAvailable:    1513104 kB
Buffers:           56920 kB
Cached:           447340 kB
MemTotal:        1844596 kB
MemFree:         1118896 kB
MemAvailable:    1513164 kB
Buffers:           56920 kB
Cached:           447340 kB
MemTotal:        1844596 kB
MemFree:         1118924 kB
MemAvailable:    1513192 kB
Buffers:           56920 kB
Cached:           447340 kB
MemTotal:        1844596 kB
MemFree:         1117680 kB
MemAvailable:    1511948 kB
Buffers:           56920 kB
Cached:           447340 kB
MemTotal:        1844596 kB
MemFree:         1117556 kB
MemAvailable:    1511824 kB
Buffers:           56920 kB
Cached:           447340 kB
MemTotal:        1844596 kB
MemFree:         1117564 kB
MemAvailable:    1511832 kB
Buffers:           56920 kB
Cached:           447340 kB
MemTotal:        1844596 kB
MemFree:         1117468 kB
MemAvailable:    1511736 kB
Buffers:           56920 kB
Cached:           447340 kB
MemTotal:        1844596 kB
MemFree:         1118476 kB
MemAvailable:    1512744 kB
Buffers:           56920 kB
Cached:           447340 kB
MemTotal:        1844596 kB
MemFree:         1118344 kB
MemAvailable:    1512612 kB
Buffers:           56920 kB
Cached:           447340 kB
MemTotal:        1844596 kB
MemFree:         1117948 kB
MemAvailable:    1512216 kB
Buffers:           56920 kB
Cached:           447340 kB
MemTotal:        1844596 kB
MemFree:         1118200 kB
MemAvailable:    1512468 kB
Buffers:           56920 kB
Cached:           447340 kB
MemTotal:        1844596 kB
MemFree:         1117828 kB
MemAvailable:    1512096 kB
Buffers:           56920 kB
Cached:           447340 kB
MemTotal:        1844596 kB
MemFree:         1116828 kB
MemAvailable:    1511096 kB
Buffers:           56920 kB
Cached:           447340 kB
MemTotal:        1844596 kB
MemFree:         1117820 kB
MemAvailable:    1512088 kB
Buffers:           56920 kB
Cached:           447340 kB
MemTotal:        1844596 kB
MemFree:         1117980 kB
MemAvailable:    1512248 kB
Buffers:           56920 kB
Cached:           447340 kB
MemTotal:        1844596 kB
MemFree:         1116608 kB
MemAvailable:    1510876 kB
Buffers:           56920 kB
Cached:           447340 kB
MemTotal:        1844596 kB
MemFree:         1117908 kB
MemAvailable:    1512176 kB
Buffers:           56920 kB
Cached:           447340 kB
MemTotal:        1844596 kB
MemFree:         1117840 kB
MemAvailable:    1512108 kB
Buffers:           56920 kB
Cached:           447340 kB
MemTotal:        1844596 kB
MemFree:         1117924 kB
MemAvailable:    1512192 kB
Buffers:           56920 kB
Cached:           447340 kB
MemTotal:        1844596 kB
MemFree:         1115980 kB
MemAvailable:    1510248 kB
Buffers:           56920 kB
Cached:           447340 kB
MemTotal:        1844596 kB
MemFree:         1115624 kB
MemAvailable:    1509892 kB
Buffers:           56920 kB
Cached:           447340 kB
MemTotal:        1844596 kB
MemFree:         1112384 kB
MemAvailable:    1506652 kB
Buffers:           56920 kB
Cached:           447340 kB
MemTotal:        1844596 kB
MemFree:         1111904 kB
MemAvailable:    1506172 kB
Buffers:           56920 kB
Cached:           447340 kB
MemTotal:        1844596 kB
MemFree:         1110276 kB
MemAvailable:    1504544 kB
Buffers:           56920 kB
Cached:           447340 kB
MemTotal:        1844596 kB
MemFree:         1110044 kB
MemAvailable:    1504312 kB
Buffers:           56920 kB
Cached:           447340 kB
MemTotal:        1844596 kB
MemFree:         1110028 kB
MemAvailable:    1504296 kB
Buffers:           56920 kB
Cached:           447340 kB
MemTotal:        1844596 kB
MemFree:         1108656 kB
MemAvailable:    1502924 kB
Buffers:           56920 kB
Cached:           447340 kB
MemTotal:        1844596 kB
MemFree:         1108656 kB
MemAvailable:    1502924 kB
Buffers:           56920 kB
Cached:           447340 kB
MemTotal:        1844596 kB
MemFree:         1108648 kB
MemAvailable:    1502916 kB
Buffers:           56920 kB
Cached:           447340 kB
MemTotal:        1844596 kB
MemFree:         1110196 kB
MemAvailable:    1504464 kB
Buffers:           56920 kB
Cached:           447340 kB
MemTotal:        1844596 kB
MemFree:         1109904 kB
MemAvailable:    1504172 kB
Buffers:           56920 kB
Cached:           447340 kB
MemTotal:        1844596 kB
MemFree:         1109940 kB
MemAvailable:    1504208 kB
Buffers:           56920 kB
Cached:           447340 kB
MemTotal:        1844596 kB
MemFree:         1108800 kB
MemAvailable:    1503068 kB
Buffers:           56920 kB
Cached:           447340 kB
MemTotal:        1844596 kB
MemFree:         1108800 kB
MemAvailable:    1503068 kB
Buffers:           56920 kB
Cached:           447340 kB
MemTotal:        1844596 kB
MemFree:         1108544 kB
MemAvailable:    1502812 kB
Buffers:           56920 kB
Cached:           447340 kB
MemTotal:        1844596 kB
MemFree:         1108668 kB
MemAvailable:    1502936 kB
Buffers:           56920 kB
Cached:           447340 kB
MemTotal:        1844596 kB
MemFree:         1109532 kB
MemAvailable:    1503800 kB
Buffers:           56920 kB
Cached:           447340 kB
MemTotal:        1844596 kB
MemFree:         1109532 kB
MemAvailable:    1503800 kB
Buffers:           56920 kB
Cached:           447340 kB
MemTotal:        1844596 kB
MemFree:         1107912 kB
MemAvailable:    1502180 kB
Buffers:           56920 kB
Cached:           447340 kB
MemTotal:        1844596 kB
MemFree:         1107688 kB
MemAvailable:    1501956 kB
Buffers:           56920 kB
Cached:           447340 kB
MemTotal:        1844596 kB
MemFree:         1108284 kB
MemAvailable:    1502552 kB
Buffers:           56920 kB
Cached:           447340 kB
MemTotal:        1844596 kB
MemFree:         1108052 kB
MemAvailable:    1502320 kB
Buffers:           56920 kB
Cached:           447340 kB
MemTotal:        1844596 kB
MemFree:         1106748 kB
MemAvailable:    1501016 kB
Buffers:           56920 kB
Cached:           447340 kB
MemTotal:        1844596 kB
MemFree:         1107052 kB
MemAvailable:    1501328 kB
Buffers:           56920 kB
Cached:           447348 kB
MemTotal:        1844596 kB
MemFree:         1107136 kB
MemAvailable:    1501412 kB
Buffers:           56920 kB
Cached:           447348 kB
MemTotal:        1844596 kB
MemFree:         1107056 kB
MemAvailable:    1501332 kB
Buffers:           56920 kB
Cached:           447348 kB
MemTotal:        1844596 kB
MemFree:         1106308 kB
MemAvailable:    1500592 kB
Buffers:           56920 kB
Cached:           447352 kB
MemTotal:        1844596 kB
MemFree:         1106392 kB
MemAvailable:    1500676 kB
Buffers:           56920 kB
Cached:           447352 kB
MemTotal:        1844596 kB
MemFree:         1106312 kB
MemAvailable:    1500596 kB
Buffers:           56920 kB
Cached:           447352 kB
MemTotal:        1844596 kB
MemFree:         1105332 kB
MemAvailable:    1499616 kB
Buffers:           56920 kB
Cached:           447352 kB
MemTotal:        1844596 kB
MemFree:         1105748 kB
MemAvailable:    1500032 kB
Buffers:           56920 kB
Cached:           447352 kB
MemTotal:        1844596 kB
MemFree:         1106084 kB
MemAvailable:    1500368 kB
Buffers:           56920 kB
Cached:           447352 kB
MemTotal:        1844596 kB
MemFree:         1104516 kB
MemAvailable:    1498800 kB
Buffers:           56920 kB
Cached:           447352 kB
MemTotal:        1844596 kB
MemFree:         1104816 kB
MemAvailable:    1499100 kB
Buffers:           56920 kB
Cached:           447352 kB
MemTotal:        1844596 kB
MemFree:         1105936 kB
MemAvailable:    1500220 kB
Buffers:           56920 kB
Cached:           447352 kB
MemTotal:        1844596 kB
MemFree:         1105208 kB
MemAvailable:    1499492 kB
Buffers:           56920 kB
Cached:           447352 kB
MemTotal:        1844596 kB
MemFree:         1106056 kB
MemAvailable:    1500340 kB
Buffers:           56920 kB
Cached:           447352 kB
MemTotal:        1844596 kB
MemFree:         1105696 kB
MemAvailable:    1499980 kB
Buffers:           56920 kB
Cached:           447352 kB
MemTotal:        1844596 kB
MemFree:         1104448 kB
MemAvailable:    1498732 kB
Buffers:           56920 kB
Cached:           447352 kB
MemTotal:        1844596 kB
MemFree:         1105424 kB
MemAvailable:    1499708 kB
Buffers:           56920 kB
Cached:           447352 kB
MemTotal:        1844596 kB
MemFree:         1098264 kB
MemAvailable:    1492548 kB
Buffers:           56920 kB
Cached:           447352 kB
MemTotal:        1844596 kB
MemFree:         1098092 kB
MemAvailable:    1492376 kB
Buffers:           56920 kB
Cached:           447352 kB
MemTotal:        1844596 kB
MemFree:         1097864 kB
MemAvailable:    1492148 kB
Buffers:           56920 kB
Cached:           447352 kB
MemTotal:        1844596 kB
MemFree:         1098032 kB
MemAvailable:    1492316 kB
Buffers:           56920 kB
Cached:           447352 kB
MemTotal:        1844596 kB
MemFree:         1096960 kB
MemAvailable:    1491244 kB
Buffers:           56920 kB
Cached:           447352 kB
MemTotal:        1844596 kB
MemFree:         1098012 kB
MemAvailable:    1492296 kB
Buffers:           56920 kB
Cached:           447352 kB
MemTotal:        1844596 kB
MemFree:         1100168 kB
MemAvailable:    1494452 kB
Buffers:           56920 kB
Cached:           447352 kB
MemTotal:        1844596 kB
MemFree:         1099620 kB
MemAvailable:    1493988 kB
Buffers:           56920 kB
Cached:           447476 kB
MemTotal:        1844596 kB
MemFree:         1099564 kB
MemAvailable:    1494016 kB
Buffers:           56920 kB
Cached:           447476 kB
MemTotal:        1844596 kB
MemFree:         1097984 kB
MemAvailable:    1492520 kB
Buffers:           56920 kB
Cached:           447724 kB
MemTotal:        1844596 kB
MemFree:         1097884 kB
MemAvailable:    1492588 kB
Buffers:           56920 kB
Cached:           447848 kB
MemTotal:        1844596 kB
MemFree:         1099068 kB
MemAvailable:    1493940 kB
Buffers:           56920 kB
Cached:           447972 kB
MemTotal:        1844596 kB
MemFree:         1097760 kB
MemAvailable:    1492716 kB
Buffers:           56920 kB
Cached:           447972 kB
MemTotal:        1844596 kB
MemFree:         1097760 kB
MemAvailable:    1492716 kB
Buffers:           56920 kB
Cached:           447972 kB
MemTotal:        1844596 kB
MemFree:         1097644 kB
MemAvailable:    1492600 kB
Buffers:           56920 kB
Cached:           448096 kB
MemTotal:        1844596 kB
MemFree:         1098704 kB
MemAvailable:    1493660 kB
Buffers:           56920 kB
Cached:           448096 kB
MemTotal:        1844596 kB
MemFree:         1098956 kB
MemAvailable:    1493912 kB
Buffers:           56920 kB
Cached:           448096 kB
MemTotal:        1844596 kB
MemFree:         1097464 kB
MemAvailable:    1492420 kB
Buffers:           56920 kB
Cached:           448096 kB
MemTotal:        1844596 kB
MemFree:         1097464 kB
MemAvailable:    1492420 kB
Buffers:           56920 kB
Cached:           448096 kB
MemTotal:        1844596 kB
MemFree:         1099380 kB
MemAvailable:    1493664 kB
Buffers:           56920 kB
Cached:           447380 kB
MemTotal:        1844596 kB
MemFree:         1099856 kB
MemAvailable:    1494224 kB
Buffers:           56920 kB
Cached:           447380 kB
MemTotal:        1844596 kB
MemFree:         1166160 kB
MemAvailable:    1560444 kB
Buffers:           56920 kB
Cached:           447380 kB
