MemTotal:        1844596 kB
MemFree:         1166620 kB
MemAvailable:    1561944 kB
Buffers:           57040 kB
Cached:           448192 kB
MemTotal:        1844596 kB
MemFree:         1138116 kB
MemAvailable:    1533448 kB
Buffers:           57040 kB
Cached:           448196 kB
MemTotal:        1844596 kB
MemFree:         1138000 kB
MemAvailable:    1533332 kB
Buffers:           57040 kB
Cached:           448196 kB
MemTotal:        1844596 kB
MemFree:         1136372 kB
MemAvailable:    1531704 kB
Buffers:           57040 kB
Cached:           448196 kB
MemTotal:        1844596 kB
MemFree:         1136388 kB
MemAvailable:    1531720 kB
Buffers:           57040 kB
Cached:           448196 kB
MemTotal:        1844596 kB
MemFree:         1134396 kB
MemAvailable:    1529728 kB
Buffers:           57040 kB
Cached:           448196 kB
MemTotal:        1844596 kB
MemFree:         1134280 kB
MemAvailable:    1529612 kB
Buffers:           57040 kB
Cached:           448196 kB
MemTotal:        1844596 kB
MemFree:         1131056 kB
MemAvailable:    1526388 kB
Buffers:           57040 kB
Cached:           448196 kB
MemTotal:        1844596 kB
MemFree:         1128808 kB
MemAvailable:    1524140 kB
Buffers:           57040 kB
Cached:           448196 kB
MemTotal:        1844596 kB
MemFree:         1126964 kB
MemAvailable:    1522296 kB
Buffers:           57040 kB
Cached:           448196 kB
MemTotal:        1844596 kB
MemFree:         1125476 kB
MemAvailable:    1520808 kB
Buffers:           57040 kB
Cached:           448196 kB
MemTotal:        1844596 kB
MemFree:         1124064 kB
MemAvailable:    1519396 kB
Buffers:           57040 kB
Cached:           448196 kB
MemTotal:        1844596 kB
MemFree:         1124064 kB
MemAvailable:    1519396 kB
Buffers:           57040 kB
Cached:           448196 kB
MemTotal:        1844596 kB
MemFree:         1124056 kB
MemAvailable:    1519388 kB
Buffers:           57040 kB
Cached:           448196 kB
MemTotal:        1844596 kB
MemFree:         1124056 kB
MemAvailable:    1519388 kB
Buffers:           57040 kB
Cached:           448196 kB
MemTotal:        1844596 kB
MemFree:         1125256 kB
MemAvailable:    1520588 kB
Buffers:           57040 kB
Cached:           448196 kB
MemTotal:        1844596 kB
MemFree:         1123236 kB
MemAvailable:    1518568 kB
Buffers:           57040 kB
Cached:           448196 kB
MemTotal:        1844596 kB
MemFree:         1124112 kB
MemAvailable:    1519444 kB
Buffers:           57040 kB
Cached:           448196 kB
MemTotal:        1844596 kB
MemFree:         1122004 kB
MemAvailable:    1517336 kB
Buffers:           57040 kB
Cached:           448196 kB
MemTotal:        1844596 kB
MemFree:         1122856 kB
MemAvailable:    1518188 kB
Buffers:           57040 kB
Cached:           448196 kB
MemTotal:        1844596 kB
MemFree:         1122940 kB
MemAvailable:    1518272 kB
Buffers:           57040 kB
Cached:           448196 kB
MemTotal:        1844596 kB
MemFree:         1122752 kB
MemAvailable:    1518084 kB
Buffers:           57040 kB
Cached:           448196 kB
MemTotal:        1844596 kB
MemFree:         1122816 kB
MemAvailable:    1518148 kB
Buffers:           57040 kB
Cached:           448196 kB
MemTotal:        1844596 kB
MemFree:         1122712 kB
MemAvailable:    1518044 kB
Buffers:           57040 kB
Cached:           448196 kB
MemTotal:        1844596 kB
MemFree:         1122788 kB
MemAvailable:    1518120 kB
Buffers:           57040 kB
Cached:           448196 kB
MemTotal:        1844596 kB
MemFree:         1121612 kB
MemAvailable:    1516944 kB
Buffers:           57040 kB
Cached:           448196 kB
MemTotal:        1844596 kB
MemFree:         1124096 kB
MemAvailable:    1519428 kB
Buffers:           57040 kB
Cached:           448196 kB
MemTotal:        1844596 kB
MemFree:         1122736 kB
MemAvailable:    1518068 kB
Buffers:           57040 kB
Cached:           448196 kB
MemTotal:        1844596 kB
MemFree:         1121996 kB
MemAvailable:    1517328 kB
Buffers:           57040 kB
Cached:           448196 kB
MemTotal:        1844596 kB
MemFree:         1120508 kB
MemAvailable:    1515840 kB
Buffers:           57040 kB
Cached:           448196 kB
MemTotal:        1844596 kB
MemFree:         1120020 kB
MemAvailable:    1515352 kB
Buffers:           57040 kB
Cached:           448196 kB
MemTotal:        1844596 kB
MemFree:         1118780 kB
MemAvailable:    1514112 kB
Buffers:           57040 kB
Cached:           448196 kB
MemTotal:        1844596 kB
MemFree:         1118276 kB
MemAvailable:    1513608 kB
Buffers:           57040 kB
Cached:           448196 kB
MemTotal:        1844596 kB
MemFree:         1118948 kB
MemAvailable:    1514280 kB
Buffers:           57040 kB
Cached:           448196 kB
MemTotal:        1844596 kB
MemFree:         1118716 kB
MemAvailable:    1514048 kB
Buffers:           57040 kB
Cached:           448196 kB
MemTotal:        1844596 kB
MemFree:         1118720 kB
MemAvailable:    1514052 kB
Buffers:           57040 kB
Cached:           448196 kB
MemTotal:        1844596 kB
MemFree:         1117912 kB
MemAvailable:    1513244 kB
Buffers:           57040 kB
Cached:           448196 kB
MemTotal:        1844596 kB
MemFree:         1118660 kB
MemAvailable:    1513992 kB
Buffers:           57040 kB
Cached:           448196 kB
MemTotal:        1844596 kB
MemFree:         1118884 kB
MemAvailable:    1514216 kB
Buffers:           57040 kB
Cached:           448196 kB
MemTotal:        1844596 kB
MemFree:         1117396 kB
MemAvailable:    1512728 kB
Buffers:           57040 kB
Cached:           448196 kB
MemTotal:        1844596 kB
MemFree:         1117520 kB
MemAvailable:    1512852 kB
Buffers:           57040 kB
Cached:           448196 kB
MemTotal:        1844596 kB
MemFree:         1118220 kB
MemAvailable:    1513552 kB
Buffers:           57040 kB
Cached:           448196 kB
MemTotal:        1844596 kB
MemFree:         1116788 kB
MemAvailable:    1512120 kB
Buffers:           57040 kB
Cached:           448196 kB
MemTotal:        1844596 kB
MemFree:         1117860 kB
MemAvailable:    1513192 kB
Buffers:           57040 kB
Cached:           448196 kB
MemTotal:        1844596 kB
MemFree:         1116400 kB
MemAvailable:    1511732 kB
Buffers:           57040 kB
Cached:           448196 kB
MemTotal:        1844596 kB
MemFree:         1116392 kB
MemAvailable:    1511724 kB
Buffers:           57040 kB
Cached:           448196 kB
MemTotal:        1844596 kB
MemFree:         1117640 kB
MemAvailable:    1512972 kB
Buffers:           57040 kB
Cached:           448196 kB
MemTotal:        1844596 kB
MemFree:         1116352 kB
MemAvailable:    1511684 kB
Buffers:           57040 kB
Cached:           448196 kB
MemTotal:        1844596 kB
MemFree:         1117760 kB
MemAvailable:    1513092 kB
Buffers:           57040 kB
Cached:           448196 kB
MemTotal:        1844596 kB
MemFree:         1117708 kB
MemAvailable:    1513040 kB
Buffers:           57040 kB
Cached:           448196 kB
MemTotal:        1844596 kB
MemFree:         1117664 kB
MemAvailable:    1513000 kB
Buffers:           57040 kB
Cached:           448200 kB
MemTotal:        1844596 kB
MemFree:         1116248 kB
MemAvailable:    1511584 kB
Buffers:           57040 kB
Cached:           448200 kB
MemTotal:        1844596 kB
MemFree:         1117612 kB
MemAvailable:    1512948 kB
Buffers:           57040 kB
Cached:           448200 kB
MemTotal:        1844596 kB
MemFree:         1116240 kB
MemAvailable:    1511576 kB
Buffers:           57040 kB
Cached:           448200 kB
MemTotal:        1844596 kB
MemFree:         1116176 kB
MemAvailable:    1511512 kB
Buffers:           57040 kB
Cached:           448200 kB
MemTotal:        1844596 kB
MemFree:         1115920 kB
MemAvailable:    1511256 kB
Buffers:           57040 kB
Cached:           448200 kB
MemTotal:        1844596 kB
MemFree:         1117096 kB
MemAvailable:    1512432 kB
Buffers:           57040 kB
Cached:           448200 kB
MemTotal:        1844596 kB
MemFree:         1115292 kB
MemAvailable:    1510628 kB
Buffers:           57040 kB
Cached:           448200 kB
MemTotal:        1844596 kB
MemFree:         1115500 kB
MemAvailable:    1510836 kB
Buffers:           57040 kB
Cached:           448200 kB
MemTotal:        1844596 kB
MemFree:         1115500 kB
MemAvailable:    1510836 kB
Buffers:           57040 kB
Cached:           448200 kB
MemTotal:        1844596 kB
MemFree:         1115500 kB
MemAvailable:    1510836 kB
Buffers:           57040 kB
Cached:           448200 kB
MemTotal:        1844596 kB
MemFree:         1115492 kB
MemAvailable:    1510828 kB
Buffers:           57040 kB
Cached:           448200 kB
MemTotal:        1844596 kB
MemFree:         1116800 kB
MemAvailable:    1512136 kB
Buffers:           57040 kB
Cached:           448200 kB
MemTotal:        1844596 kB
MemFree:         1116852 kB
MemAvailable:    1512188 kB
Buffers:           57040 kB
Cached:           448200 kB
MemTotal:        1844596 kB
MemFree:         1115364 kB
MemAvailable:    1510700 kB
Buffers:           57040 kB
Cached:           448200 kB
MemTotal:        1844596 kB
MemFree:         1114424 kB
MemAvailable:    1509760 kB
Buffers:           57040 kB
Cached:           448200 kB
MemTotal:        1844596 kB
MemFree:         1114192 kB
MemAvailable:    1509528 kB
Buffers:           57040 kB
Cached:           448200 kB
MemTotal:        1844596 kB
MemFree:         1111400 kB
MemAvailable:    1506736 kB
Buffers:           57040 kB
Cached:           448200 kB
MemTotal:        1844596 kB
MemFree:         1108488 kB
MemAvailable:    1503824 kB
Buffers:           57040 kB
Cached:           448200 kB
MemTotal:        1844596 kB
MemFree:         1108968 kB
MemAvailable:    1504304 kB
Buffers:           57040 kB
Cached:           448200 kB
MemTotal:        1844596 kB
MemFree:         1108488 kB
MemAvailable:    1503824 kB
Buffers:           57040 kB
Cached:           448200 kB
MemTotal:        1844596 kB
MemFree:         1108908 kB
MemAvailable:    1504244 kB
Buffers:           57040 kB
Cached:           448200 kB
MemTotal:        1844596 kB
MemFree:         1107476 kB
MemAvailable:    1502812 kB
Buffers:           57040 kB
Cached:           448200 kB
MemTotal:        1844596 kB
MemFree:         1108860 kB
MemAvailable:    1504196 kB
Buffers:           57040 kB
Cached:           448200 kB
MemTotal:        1844596 kB
MemFree:         1108980 kB
MemAvailable:    1504316 kB
Buffers:           57040 kB
Cached:           448200 kB
MemTotal:        1844596 kB
MemFree:         1108848 kB
MemAvailable:    1504184 kB
Buffers:           57040 kB
Cached:           448200 kB
MemTotal:        1844596 kB
MemFree:         1107584 kB
MemAvailable:    1502920 kB
Buffers:           57040 kB
Cached:           448200 kB
MemTotal:        1844596 kB
MemFree:         1108764 kB
MemAvailable:    1504100 kB
Buffers:           57040 kB
Cached:           448200 kB
MemTotal:        1844596 kB
MemFree:         1108488 kB
MemAvailable:    1503824 kB
Buffers:           57040 kB
Cached:           448200 kB
MemTotal:        1844596 kB
MemFree:         1108708 kB
MemAvailable:    1504044 kB
Buffers:           57040 kB
Cached:           448200 kB
MemTotal:        1844596 kB
MemFree:         1108488 kB
MemAvailable:    1503824 kB
Buffers:           57040 kB
Cached:           448200 kB
MemTotal:        1844596 kB
MemFree:         1108848 kB
MemAvailable:    1504184 kB
Buffers:           57040 kB
Cached:           448200 kB
MemTotal:        1844596 kB
MemFree:         1107728 kB
MemAvailable:    1503064 kB
Buffers:           57040 kB
Cached:           448200 kB
MemTotal:        1844596 kB
MemFree:         1107000 kB
MemAvailable:    1502336 kB
Buffers:           57040 kB
Cached:           448200 kB
MemTotal:        1844596 kB
MemFree:         1107116 kB
MemAvailable:    1502452 kB
Buffers:           57040 kB
Cached:           448200 kB
MemTotal:        1844596 kB
MemFree:         1107744 kB
MemAvailable:    1503080 kB
Buffers:           57040 kB
Cached:           448200 kB
MemTotal:        1844596 kB
MemFree:         1106256 kB
MemAvailable:    1501592 kB
Buffers:           57040 kB
Cached:           448200 kB
MemTotal:        1844596 kB
MemFree:         1106944 kB
MemAvailable:    1502284 kB
Buffers:           57040 kB
Cached:           448204 kB
MemTotal:        1844596 kB
MemFree:         1106944 kB
MemAvailable:    1502284 kB
Buffers:           57040 kB
Cached:           448204 kB
MemTotal:        1844596 kB
MemFree:         1106256 kB
MemAvailable:    1501596 kB
Buffers:           57040 kB
Cached:           448204 kB
MemTotal:        1844596 kB
MemFree:         1104884 kB
MemAvailable:    1500224 kB
Buffers:           57040 kB
Cached:           448204 kB
MemTotal:        1844596 kB
MemFree:         1105760 kB
MemAvailable:    1501100 kB
Buffers:           57040 kB
Cached:           448204 kB
MemTotal:        1844596 kB
MemFree:         1104580 kB
MemAvailable:    1499920 kB
Buffers:           57040 kB
Cached:           448204 kB
MemTotal:        1844596 kB
MemFree:         1104272 kB
MemAvailable:    1499612 kB
Buffers:           57040 kB
Cached:           448204 kB
MemTotal:        1844596 kB
MemFree:         1105248 kB
MemAvailable:    1500588 kB
Buffers:           57040 kB
Cached:           448204 kB
MemTotal:        1844596 kB
MemFree:         1105248 kB
MemAvailable:    1500588 kB
Buffers:           57040 kB
Cached:           448204 kB
MemTotal:        1844596 kB
MemFree:         1103720 kB
MemAvailable:    1499060 kB
Buffers:           57040 kB
Cached:           448204 kB
MemTotal:        1844596 kB
MemFree:         1104820 kB
MemAvailable:    1500160 kB
Buffers:           57040 kB
Cached:           448204 kB
MemTotal:        1844596 kB
MemFree:         1104396 kB
MemAvailable:    1499736 kB
Buffers:           57040 kB
Cached:           448204 kB
MemTotal:        1844596 kB
MemFree:         1104864 kB
MemAvailable:    1500204 kB
Buffers:           57040 kB
Cached:           448204 kB
MemTotal:        1844596 kB
MemFree:         1105116 kB
MemAvailable:    1500456 kB
Buffers:           57040 kB
Cached:           448204 kB
MemTotal:        1844596 kB
MemFree:         1104896 kB
MemAvailable:    1500236 kB
Buffers:           57040 kB
Cached:           448204 kB
MemTotal:        1844596 kB
MemFree:         1104148 kB
MemAvailable:    1499488 kB
Buffers:           57040 kB
Cached:           448204 kB
MemTotal:        1844596 kB
MemFree:         1104896 kB
MemAvailable:    1500236 kB
Buffers:           57040 kB
Cached:           448204 kB
MemTotal:        1844596 kB
MemFree:         1103340 kB
MemAvailable:    1498680 kB
Buffers:           57040 kB
Cached:           448204 kB
MemTotal:        1844596 kB
MemFree:         1103156 kB
MemAvailable:    1498496 kB
Buffers:           57040 kB
Cached:           448204 kB
MemTotal:        1844596 kB
MemFree:         1097388 kB
MemAvailable:    1492728 kB
Buffers:           57040 kB
Cached:           448204 kB
MemTotal:        1844596 kB
MemFree:         1096088 kB
MemAvailable:    1491428 kB
Buffers:           57040 kB
Cached:           448204 kB
MemTotal:        1844596 kB
MemFree:         1096088 kB
MemAvailable:    1491428 kB
Buffers:           57040 kB
Cached:           448204 kB
MemTotal:        1844596 kB
MemFree:         1097240 kB
MemAvailable:    1492580 kB
Buffers:           57040 kB
Cached:           448204 kB
MemTotal:        1844596 kB
MemFree:         1097188 kB
MemAvailable:    1492528 kB
Buffers:           57040 kB
Cached:           448204 kB
MemTotal:        1844596 kB
MemFree:         1097020 kB
MemAvailable:    1492360 kB
Buffers:           57040 kB
Cached:           448204 kB
MemTotal:        1844596 kB
MemFree:         1097764 kB
MemAvailable:    1493104 kB
Buffers:           57040 kB
Cached:           448204 kB
MemTotal:        1844596 kB
MemFree:         1097772 kB
MemAvailable:    1493112 kB
Buffers:           57040 kB
Cached:           448204 kB
MemTotal:        1844596 kB
MemFree:         1097452 kB
MemAvailable:    1492876 kB
Buffers:           57040 kB
Cached:           448328 kB
MemTotal:        1844596 kB
MemFree:         1098304 kB
MemAvailable:    1493896 kB
Buffers:           57040 kB
Cached:           448452 kB
MemTotal:        1844596 kB
MemFree:         1098196 kB
MemAvailable:    1493788 kB
Buffers:           57040 kB
Cached:           448452 kB
MemTotal:        1844596 kB
MemFree:         1096776 kB
MemAvailable:    1492452 kB
Buffers:           57040 kB
Cached:           448576 kB
MemTotal:        1844596 kB
MemFree:         1096784 kB
MemAvailable:    1492628 kB
Buffers:           57040 kB
Cached:           448700 kB
MemTotal:        1844596 kB
MemFree:         1098336 kB
MemAvailable:    1494264 kB
Buffers:           57040 kB
Cached:           448824 kB
MemTotal:        1844596 kB
MemFree:         1097832 kB
MemAvailable:    1493868 kB
Buffers:           57040 kB
Cached:           448900 kB
MemTotal:        1844596 kB
MemFree:         1097652 kB
MemAvailable:    1493688 kB
Buffers:           57040 kB
Cached:           448900 kB
MemTotal:        1844596 kB
MemFree:         1097344 kB
MemAvailable:    1493380 kB
Buffers:           57040 kB
Cached:           448900 kB
MemTotal:        1844596 kB
MemFree:         1096420 kB
MemAvailable:    1492456 kB
Buffers:           57040 kB
Cached:           448900 kB
MemTotal:        1844596 kB
MemFree:         1096280 kB
MemAvailable:    1492316 kB
Buffers:           57040 kB
Cached:           448900 kB
MemTotal:        1844596 kB
MemFree:         1097720 kB
MemAvailable:    1493756 kB
Buffers:           57040 kB
Cached:           448900 kB
MemTotal:        1844596 kB
MemFree:         1097556 kB
MemAvailable:    1493676 kB
Buffers:           57040 kB
Cached:           449024 kB
MemTotal:        1844596 kB
MemFree:         1097708 kB
MemAvailable:    1493828 kB
Buffers:           57040 kB
Cached:           449024 kB
MemTotal:        1844596 kB
MemFree:         1148076 kB
MemAvailable:    1543440 kB
Buffers:           57040 kB
Cached:           448268 kB
