MemTotal:        1844596 kB
MemFree:         1423876 kB
MemAvailable:    1589040 kB
Buffers:           26052 kB
Cached:           252656 kB
MemTotal:        1844596 kB
MemFree:         1396636 kB
MemAvailable:    1561804 kB
Buffers:           26052 kB
Cached:           252660 kB
MemTotal:        1844596 kB
MemFree:         1395076 kB
MemAvailable:    1560244 kB
Buffers:           26052 kB
Cached:           252660 kB
MemTotal:        1844596 kB
MemFree:         1394092 kB
MemAvailable:    1559260 kB
Buffers:           26052 kB
Cached:           252660 kB
MemTotal:        1844596 kB
MemFree:         1391736 kB
MemAvailable:    1556904 kB
Buffers:           26052 kB
Cached:           252660 kB
MemTotal:        1844596 kB
MemFree:         1392788 kB
MemAvailable:    1557956 kB
Buffers:           26052 kB
Cached:           252660 kB
MemTotal:        1844596 kB
MemFree:         1391612 kB
MemAvailable:    1556780 kB
Buffers:           26052 kB
Cached:           252660 kB
MemTotal:        1844596 kB
MemFree:         1389488 kB
MemAvailable:    1554656 kB
Buffers:           26052 kB
Cached:           252660 kB
MemTotal:        1844596 kB
MemFree:         1389576 kB
MemAvailable:    1554744 kB
Buffers:           26052 kB
Cached:           252660 kB
MemTotal:        1844596 kB
MemFree:         1383040 kB
MemAvailable:    1548208 kB
Buffers:           26052 kB
Cached:           252660 kB
MemTotal:        1844596 kB
MemFree:         1382792 kB
MemAvailable:    1547960 kB
Buffers:           26052 kB
Cached:           252660 kB
MemTotal:        1844596 kB
MemFree:         1382764 kB
MemAvailable:    1547932 kB
Buffers:           26052 kB
Cached:           252660 kB
MemTotal:        1844596 kB
MemFree:         1383100 kB
MemAvailable:    1548268 kB
Buffers:           26052 kB
Cached:           252660 kB
MemTotal:        1844596 kB
MemFree:         1382792 kB
MemAvailable:    1547960 kB
Buffers:           26052 kB
Cached:           252660 kB
MemTotal:        1844596 kB
MemFree:         1382792 kB
MemAvailable:    1547960 kB
Buffers:           26052 kB
Cached:           252660 kB
MemTotal:        1844596 kB
MemFree:         1382792 kB
MemAvailable:    1547960 kB
Buffers:           26052 kB
Cached:           252660 kB
MemTotal:        1844596 kB
MemFree:         1382312 kB
MemAvailable:    1547480 kB
Buffers:           26052 kB
Cached:           252660 kB
MemTotal:        1844596 kB
MemFree:         1380700 kB
MemAvailable:    1545868 kB
Buffers:           26052 kB
Cached:           252660 kB
MemTotal:        1844596 kB
MemFree:         1380948 kB
MemAvailable:    1546116 kB
Buffers:           26052 kB
Cached:           252660 kB
MemTotal:        1844596 kB
MemFree:         1379832 kB
MemAvailable:    1545000 kB
Buffers:           26052 kB
Cached:           252660 kB
MemTotal:        1844596 kB
MemFree:         1380300 kB
MemAvailable:    1545468 kB
Buffers:           26052 kB
Cached:           252660 kB
MemTotal:        1844596 kB
MemFree:         1380552 kB
MemAvailable:    1545720 kB
Buffers:           26052 kB
Cached:           252660 kB
MemTotal:        1844596 kB
MemFree:         1380368 kB
MemAvailable:    1545536 kB
Buffers:           26052 kB
Cached:           252660 kB
MemTotal:        1844596 kB
MemFree:         1380452 kB
MemAvailable:    1545620 kB
Buffers:           26052 kB
Cached:           252660 kB
MemTotal:        1844596 kB
MemFree:         1379708 kB
MemAvailable:    1544876 kB
Buffers:           26052 kB
Cached:           252660 kB
MemTotal:        1844596 kB
MemFree:         1380824 kB
MemAvailable:    1545992 kB
Buffers:           26052 kB
Cached:           252660 kB
MemTotal:        1844596 kB
MemFree:         1379584 kB
MemAvailable:    1544752 kB
Buffers:           26052 kB
Cached:           252660 kB
MemTotal:        1844596 kB
MemFree:         1381484 kB
MemAvailable:    1546652 kB
Buffers:           26052 kB
Cached:           252660 kB
MemTotal:        1844596 kB
MemFree:         1380556 kB
MemAvailable:    1545724 kB
Buffers:           26052 kB
Cached:           252660 kB
MemTotal:        1844596 kB
MemFree:         1380412 kB
MemAvailable:    1545580 kB
Buffers:           26052 kB
Cached:           252660 kB
MemTotal:        1844596 kB
MemFree:         1379956 kB
MemAvailable:    1545124 kB
Buffers:           26052 kB
Cached:           252660 kB
MemTotal:        1844596 kB
MemFree:         1378592 kB
MemAvailable:    1543760 kB
Buffers:           26052 kB
Cached:           252660 kB
MemTotal:        1844596 kB
MemFree:         1378080 kB
MemAvailable:    1543248 kB
Buffers:           26052 kB
Cached:           252660 kB
MemTotal:        1844596 kB
MemFree:         1377848 kB
MemAvailable:    1543016 kB
Buffers:           26052 kB
Cached:           252660 kB
MemTotal:        1844596 kB
MemFree:         1377336 kB
MemAvailable:    1542504 kB
Buffers:           26052 kB
Cached:           252660 kB
MemTotal:        1844596 kB
MemFree:         1377672 kB
MemAvailable:    1542840 kB
Buffers:           26052 kB
Cached:           252660 kB
MemTotal:        1844596 kB
MemFree:         1376112 kB
MemAvailable:    1541280 kB
Buffers:           26052 kB
Cached:           252660 kB
MemTotal:        1844596 kB
MemFree:         1376172 kB
MemAvailable:    1541340 kB
Buffers:           26052 kB
Cached:           252660 kB
MemTotal:        1844596 kB
MemFree:         1376424 kB
MemAvailable:    1541592 kB
Buffers:           26052 kB
Cached:           252660 kB
MemTotal:        1844596 kB
MemFree:         1376208 kB
MemAvailable:    1541376 kB
Buffers:           26052 kB
Cached:           252660 kB
MemTotal:        1844596 kB
MemFree:         1376460 kB
MemAvailable:    1541628 kB
Buffers:           26052 kB
Cached:           252660 kB
MemTotal:        1844596 kB
MemFree:         1375092 kB
MemAvailable:    1540260 kB
Buffers:           26052 kB
Cached:           252660 kB
MemTotal:        1844596 kB
MemFree:         1376076 kB
MemAvailable:    1541244 kB
Buffers:           26052 kB
Cached:           252660 kB
MemTotal:        1844596 kB
MemFree:         1376076 kB
MemAvailable:    1541244 kB
Buffers:           26052 kB
Cached:           252660 kB
MemTotal:        1844596 kB
MemFree:         1375724 kB
MemAvailable:    1540892 kB
Buffers:           26052 kB
Cached:           252660 kB
MemTotal:        1844596 kB
MemFree:         1375528 kB
MemAvailable:    1540696 kB
Buffers:           26052 kB
Cached:           252660 kB
MemTotal:        1844596 kB
MemFree:         1375104 kB
MemAvailable:    1540272 kB
Buffers:           26052 kB
Cached:           252660 kB
MemTotal:        1844596 kB
MemFree:         1375412 kB
MemAvailable:    1540580 kB
Buffers:           26052 kB
Cached:           252660 kB
MemTotal:        1844596 kB
MemFree:         1375164 kB
MemAvailable:    1540332 kB
Buffers:           26052 kB
Cached:           252660 kB
MemTotal:        1844596 kB
MemFree:         1375416 kB
MemAvailable:    1540584 kB
Buffers:           26052 kB
Cached:           252660 kB
MemTotal:        1844596 kB
MemFree:         1373816 kB
MemAvailable:    1538984 kB
Buffers:           26052 kB
Cached:           252660 kB
MemTotal:        1844596 kB
MemFree:         1374064 kB
MemAvailable:    1539232 kB
Buffers:           26052 kB
Cached:           252660 kB
MemTotal:        1844596 kB
MemFree:         1375248 kB
MemAvailable:    1540416 kB
Buffers:           26052 kB
Cached:           252660 kB
MemTotal:        1844596 kB
MemFree:         1374376 kB
MemAvailable:    1539544 kB
Buffers:           26052 kB
Cached:           252660 kB
MemTotal:        1844596 kB
MemFree:         1375552 kB
MemAvailable:    1540724 kB
Buffers:           26052 kB
Cached:           252664 kB
MemTotal:        1844596 kB
MemFree:         1374748 kB
MemAvailable:    1539920 kB
Buffers:           26052 kB
Cached:           252664 kB
MemTotal:        1844596 kB
MemFree:         1375228 kB
MemAvailable:    1540400 kB
Buffers:           26052 kB
Cached:           252664 kB
MemTotal:        1844596 kB
MemFree:         1375480 kB
MemAvailable:    1540652 kB
Buffers:           26052 kB
Cached:           252664 kB
MemTotal:        1844596 kB
MemFree:         1374996 kB
MemAvailable:    1540168 kB
Buffers:           26052 kB
Cached:           252664 kB
MemTotal:        1844596 kB
MemFree:         1374724 kB
MemAvailable:    1539896 kB
Buffers:           26052 kB
Cached:           252664 kB
MemTotal:        1844596 kB
MemFree:         1373112 kB
MemAvailable:    1538284 kB
Buffers:           26052 kB
Cached:           252664 kB
MemTotal:        1844596 kB
MemFree:         1374352 kB
MemAvailable:    1539524 kB
Buffers:           26052 kB
Cached:           252664 kB
MemTotal:        1844596 kB
MemFree:         1374364 kB
MemAvailable:    1539536 kB
Buffers:           26052 kB
Cached:           252664 kB
MemTotal:        1844596 kB
MemFree:         1372932 kB
MemAvailable:    1538104 kB
Buffers:           26052 kB
Cached:           252664 kB
MemTotal:        1844596 kB
MemFree:         1374400 kB
MemAvailable:    1539572 kB
Buffers:           26052 kB
Cached:           252664 kB
MemTotal:        1844596 kB
MemFree:         1372968 kB
MemAvailable:    1538140 kB
Buffers:           26052 kB
Cached:           252664 kB
MemTotal:        1844596 kB
MemFree:         1374268 kB
MemAvailable:    1539440 kB
Buffers:           26052 kB
Cached:           252664 kB
MemTotal:        1844596 kB
MemFree:         1373092 kB
MemAvailable:    1538264 kB
Buffers:           26052 kB
Cached:           252664 kB
MemTotal:        1844596 kB
MemFree:         1374644 kB
MemAvailable:    1539816 kB
Buffers:           26052 kB
Cached:           252664 kB
MemTotal:        1844596 kB
MemFree:         1374260 kB
MemAvailable:    1539432 kB
Buffers:           26052 kB
Cached:           252664 kB
MemTotal:        1844596 kB
MemFree:         1371964 kB
MemAvailable:    1537136 kB
Buffers:           26052 kB
Cached:           252664 kB
MemTotal:        1844596 kB
MemFree:         1371648 kB
MemAvailable:    1536820 kB
Buffers:           26052 kB
Cached:           252664 kB
MemTotal:        1844596 kB
MemFree:         1368780 kB
MemAvailable:    1533952 kB
Buffers:           26052 kB
Cached:           252664 kB
MemTotal:        1844596 kB
MemFree:         1368300 kB
MemAvailable:    1533472 kB
Buffers:           26052 kB
Cached:           252664 kB
MemTotal:        1844596 kB
MemFree:         1365820 kB
MemAvailable:    1530992 kB
Buffers:           26052 kB
Cached:           252664 kB
MemTotal:        1844596 kB
MemFree:         1365696 kB
MemAvailable:    1530868 kB
Buffers:           26052 kB
Cached:           252664 kB
MemTotal:        1844596 kB
MemFree:         1365324 kB
MemAvailable:    1530496 kB
Buffers:           26052 kB
Cached:           252664 kB
MemTotal:        1844596 kB
MemFree:         1365192 kB
MemAvailable:    1530364 kB
Buffers:           26052 kB
Cached:           252664 kB
MemTotal:        1844596 kB
MemFree:         1366516 kB
MemAvailable:    1531688 kB
Buffers:           26052 kB
Cached:           252664 kB
MemTotal:        1844596 kB
MemFree:         1365324 kB
MemAvailable:    1530496 kB
Buffers:           26052 kB
Cached:           252664 kB
MemTotal:        1844596 kB
MemFree:         1366316 kB
MemAvailable:    1531488 kB
Buffers:           26052 kB
Cached:           252664 kB
MemTotal:        1844596 kB
MemFree:         1366328 kB
MemAvailable:    1531500 kB
Buffers:           26052 kB
Cached:           252664 kB
MemTotal:        1844596 kB
MemFree:         1366552 kB
MemAvailable:    1531724 kB
Buffers:           26052 kB
Cached:           252664 kB
MemTotal:        1844596 kB
MemFree:         1365188 kB
MemAvailable:    1530360 kB
Buffers:           26052 kB
Cached:           252664 kB
MemTotal:        1844596 kB
MemFree:         1366484 kB
MemAvailable:    1531660 kB
Buffers:           26052 kB
Cached:           252668 kB
MemTotal:        1844596 kB
MemFree:         1366440 kB
MemAvailable:    1531616 kB
Buffers:           26052 kB
Cached:           252668 kB
MemTotal:        1844596 kB
MemFree:         1366688 kB
MemAvailable:    1531864 kB
Buffers:           26052 kB
Cached:           252668 kB
MemTotal:        1844596 kB
MemFree:         1366500 kB
MemAvailable:    1531676 kB
Buffers:           26052 kB
Cached:           252668 kB
MemTotal:        1844596 kB
MemFree:         1364952 kB
MemAvailable:    1530128 kB
Buffers:           26052 kB
Cached:           252668 kB
MemTotal:        1844596 kB
MemFree:         1365548 kB
MemAvailable:    1530724 kB
Buffers:           26052 kB
Cached:           252668 kB
MemTotal:        1844596 kB
MemFree:         1365632 kB
MemAvailable:    1530808 kB
Buffers:           26052 kB
Cached:           252668 kB
MemTotal:        1844596 kB
MemFree:         1364936 kB
MemAvailable:    1530112 kB
Buffers:           26052 kB
Cached:           252668 kB
MemTotal:        1844596 kB
MemFree:         1365188 kB
MemAvailable:    1530364 kB
Buffers:           26052 kB
Cached:           252668 kB
MemTotal:        1844596 kB
MemFree:         1363572 kB
MemAvailable:    1528748 kB
Buffers:           26052 kB
Cached:           252668 kB
MemTotal:        1844596 kB
MemFree:         1363340 kB
MemAvailable:    1528516 kB
Buffers:           26052 kB
Cached:           252668 kB
MemTotal:        1844596 kB
MemFree:         1362596 kB
MemAvailable:    1527772 kB
Buffers:           26052 kB
Cached:           252668 kB
MemTotal:        1844596 kB
MemFree:         1362472 kB
MemAvailable:    1527648 kB
Buffers:           26052 kB
Cached:           252668 kB
MemTotal:        1844596 kB
MemFree:         1363092 kB
MemAvailable:    1528268 kB
Buffers:           26052 kB
Cached:           252668 kB
MemTotal:        1844596 kB
MemFree:         1362920 kB
MemAvailable:    1528096 kB
Buffers:           26052 kB
Cached:           252668 kB
MemTotal:        1844596 kB
MemFree:         1361720 kB
MemAvailable:    1526896 kB
Buffers:           26052 kB
Cached:           252668 kB
MemTotal:        1844596 kB
MemFree:         1361604 kB
MemAvailable:    1526780 kB
Buffers:           26052 kB
Cached:           252668 kB
MemTotal:        1844596 kB
MemFree:         1362720 kB
MemAvailable:    1527896 kB
Buffers:           26052 kB
Cached:           252668 kB
MemTotal:        1844596 kB
MemFree:         1361480 kB
MemAvailable:    1526656 kB
Buffers:           26052 kB
Cached:           252668 kB
MemTotal:        1844596 kB
MemFree:         1362680 kB
MemAvailable:    1527860 kB
Buffers:           26052 kB
Cached:           252672 kB
MemTotal:        1844596 kB
MemFree:         1362712 kB
MemAvailable:    1527892 kB
Buffers:           26052 kB
Cached:           252672 kB
MemTotal:        1844596 kB
MemFree:         1362524 kB
MemAvailable:    1527704 kB
Buffers:           26052 kB
Cached:           252672 kB
MemTotal:        1844596 kB
MemFree:         1362448 kB
MemAvailable:    1527628 kB
Buffers:           26052 kB
Cached:           252672 kB
MemTotal:        1844596 kB
MemFree:         1362224 kB
MemAvailable:    1527404 kB
Buffers:           26052 kB
Cached:           252672 kB
MemTotal:        1844596 kB
MemFree:         1362476 kB
MemAvailable:    1527656 kB
Buffers:           26052 kB
Cached:           252672 kB
MemTotal:        1844596 kB
MemFree:         1361952 kB
MemAvailable:    1527132 kB
Buffers:           26052 kB
Cached:           252672 kB
MemTotal:        1844596 kB
MemFree:         1362036 kB
MemAvailable:    1527216 kB
Buffers:           26052 kB
Cached:           252672 kB
MemTotal:        1844596 kB
MemFree:         1354760 kB
MemAvailable:    1519940 kB
Buffers:           26052 kB
Cached:           252672 kB
MemTotal:        1844596 kB
MemFree:         1354040 kB
MemAvailable:    1519220 kB
Buffers:           26052 kB
Cached:           252672 kB
MemTotal:        1844596 kB
MemFree:         1354508 kB
MemAvailable:    1519688 kB
Buffers:           26052 kB
Cached:           252672 kB
MemTotal:        1844596 kB
MemFree:         1354660 kB
MemAvailable:    1519716 kB
Buffers:           26052 kB
Cached:           252672 kB
MemTotal:        1844596 kB
MemFree:         1354648 kB
MemAvailable:    1519828 kB
Buffers:           26052 kB
Cached:           252672 kB
MemTotal:        1844596 kB
MemFree:         1354536 kB
MemAvailable:    1519716 kB
Buffers:           26052 kB
Cached:           252672 kB
MemTotal:        1844596 kB
MemFree:         1353412 kB
MemAvailable:    1518592 kB
Buffers:           26052 kB
Cached:           252672 kB
MemTotal:        1844596 kB
MemFree:         1354604 kB
MemAvailable:    1519784 kB
Buffers:           26052 kB
Cached:           252672 kB
MemTotal:        1844596 kB
MemFree:         1355192 kB
MemAvailable:    1520372 kB
Buffers:           26052 kB
Cached:           252672 kB
MemTotal:        1844596 kB
MemFree:         1356308 kB
MemAvailable:    1521488 kB
Buffers:           26052 kB
Cached:           252796 kB
MemTotal:        1844596 kB
MemFree:         1356084 kB
MemAvailable:    1521432 kB
Buffers:           26052 kB
Cached:           252796 kB
MemTotal:        1844596 kB
MemFree:         1355752 kB
MemAvailable:    1521268 kB
Buffers:           26052 kB
Cached:           253044 kB
MemTotal:        1844596 kB
MemFree:         1355808 kB
MemAvailable:    1521408 kB
Buffers:           26052 kB
Cached:           253168 kB
MemTotal:        1844596 kB
MemFree:         1356148 kB
MemAvailable:    1521748 kB
Buffers:           26052 kB
Cached:           253168 kB
MemTotal:        1844596 kB
MemFree:         1354652 kB
MemAvailable:    1520420 kB
Buffers:           26052 kB
Cached:           253292 kB
MemTotal:        1844596 kB
MemFree:         1355736 kB
MemAvailable:    1521588 kB
Buffers:           26052 kB
Cached:           253292 kB
MemTotal:        1844596 kB
MemFree:         1355836 kB
MemAvailable:    1521688 kB
Buffers:           26052 kB
Cached:           253292 kB
MemTotal:        1844596 kB
MemFree:         1354536 kB
MemAvailable:    1520388 kB
Buffers:           26052 kB
Cached:           253292 kB
MemTotal:        1844596 kB
MemFree:         1355252 kB
MemAvailable:    1521104 kB
Buffers:           26052 kB
Cached:           253292 kB
MemTotal:        1844596 kB
MemFree:         1355588 kB
MemAvailable:    1521440 kB
Buffers:           26052 kB
Cached:           253292 kB
MemTotal:        1844596 kB
MemFree:         1355344 kB
MemAvailable:    1521196 kB
Buffers:           26052 kB
Cached:           253292 kB
MemTotal:        1844596 kB
MemFree:         1355212 kB
MemAvailable:    1521064 kB
Buffers:           26052 kB
Cached:           253292 kB
MemTotal:        1844596 kB
MemFree:         1355308 kB
MemAvailable:    1521160 kB
Buffers:           26052 kB
Cached:           253292 kB
MemTotal:        1844596 kB
MemFree:         1355308 kB
MemAvailable:    1521160 kB
Buffers:           26052 kB
Cached:           253292 kB
MemTotal:        1844596 kB
MemFree:         1354612 kB
MemAvailable:    1519876 kB
Buffers:           26052 kB
Cached:           252660 kB
MemTotal:        1844596 kB
MemFree:         1423248 kB
MemAvailable:    1588512 kB
Buffers:           26052 kB
Cached:           252660 kB
