MemTotal:        1844596 kB
MemFree:         1162872 kB
MemAvailable:    1561376 kB
Buffers:           57384 kB
Cached:           450696 kB
MemTotal:        1844596 kB
MemFree:         1135368 kB
MemAvailable:    1533788 kB
Buffers:           57384 kB
Cached:           450700 kB
MemTotal:        1844596 kB
MemFree:         1133872 kB
MemAvailable:    1532292 kB
Buffers:           57384 kB
Cached:           450700 kB
MemTotal:        1844596 kB
MemFree:         1133220 kB
MemAvailable:    1531548 kB
Buffers:           57384 kB
Cached:           450700 kB
MemTotal:        1844596 kB
MemFree:         1133248 kB
MemAvailable:    1531668 kB
Buffers:           57384 kB
Cached:           450700 kB
MemTotal:        1844596 kB
MemFree:         1131152 kB
MemAvailable:    1529572 kB
Buffers:           57384 kB
Cached:           450700 kB
MemTotal:        1844596 kB
MemFree:         1129228 kB
MemAvailable:    1527648 kB
Buffers:           57384 kB
Cached:           450700 kB
MemTotal:        1844596 kB
MemFree:         1128920 kB
MemAvailable:    1527340 kB
Buffers:           57384 kB
Cached:           450700 kB
MemTotal:        1844596 kB
MemFree:         1123836 kB
MemAvailable:    1522256 kB
Buffers:           57384 kB
Cached:           450700 kB
MemTotal:        1844596 kB
MemFree:         1119620 kB
MemAvailable:    1518040 kB
Buffers:           57384 kB
Cached:           450700 kB
MemTotal:        1844596 kB
MemFree:         1120540 kB
MemAvailable:    1518960 kB
Buffers:           57384 kB
Cached:           450700 kB
MemTotal:        1844596 kB
MemFree:         1120664 kB
MemAvailable:    1519084 kB
Buffers:           57384 kB
Cached:           450700 kB
MemTotal:        1844596 kB
MemFree:         1120656 kB
MemAvailable:    1519076 kB
Buffers:           57384 kB
Cached:           450700 kB
MemTotal:        1844596 kB
MemFree:         1121964 kB
MemAvailable:    1520384 kB
Buffers:           57384 kB
Cached:           450700 kB
MemTotal:        1844596 kB
MemFree:         1120532 kB
MemAvailable:    1518952 kB
Buffers:           57384 kB
Cached:           450700 kB
MemTotal:        1844596 kB
MemFree:         1119736 kB
MemAvailable:    1518156 kB
Buffers:           57384 kB
Cached:           450700 kB
MemTotal:        1844596 kB
MemFree:         1118744 kB
MemAvailable:    1517164 kB
Buffers:           57384 kB
Cached:           450700 kB
MemTotal:        1844596 kB
MemFree:         1118496 kB
MemAvailable:    1516916 kB
Buffers:           57384 kB
Cached:           450700 kB
MemTotal:        1844596 kB
MemFree:         1118364 kB
MemAvailable:    1516784 kB
Buffers:           57384 kB
Cached:           450700 kB
MemTotal:        1844596 kB
MemFree:         1119564 kB
MemAvailable:    1517984 kB
Buffers:           57384 kB
Cached:           450700 kB
MemTotal:        1844596 kB
MemFree:         1118068 kB
MemAvailable:    1516488 kB
Buffers:           57384 kB
Cached:           450700 kB
MemTotal:        1844596 kB
MemFree:         1119308 kB
MemAvailable:    1517728 kB
Buffers:           57384 kB
Cached:           450700 kB
MemTotal:        1844596 kB
MemFree:         1118316 kB
MemAvailable:    1516736 kB
Buffers:           57384 kB
Cached:           450700 kB
MemTotal:        1844596 kB
MemFree:         1118220 kB
MemAvailable:    1516640 kB
Buffers:           57384 kB
Cached:           450700 kB
MemTotal:        1844596 kB
MemFree:         1119408 kB
MemAvailable:    1517828 kB
Buffers:           57384 kB
Cached:           450700 kB
MemTotal:        1844596 kB
MemFree:         1119408 kB
MemAvailable:    1517828 kB
Buffers:           57384 kB
Cached:           450700 kB
MemTotal:        1844596 kB
MemFree:         1118628 kB
MemAvailable:    1517048 kB
Buffers:           57384 kB
Cached:           450700 kB
MemTotal:        1844596 kB
MemFree:         1117456 kB
MemAvailable:    1515876 kB
Buffers:           57384 kB
Cached:           450700 kB
MemTotal:        1844596 kB
MemFree:         1116156 kB
MemAvailable:    1514576 kB
Buffers:           57384 kB
Cached:           450700 kB
MemTotal:        1844596 kB
MemFree:         1116588 kB
MemAvailable:    1515008 kB
Buffers:           57384 kB
Cached:           450700 kB
MemTotal:        1844596 kB
MemFree:         1115156 kB
MemAvailable:    1513576 kB
Buffers:           57384 kB
Cached:           450700 kB
MemTotal:        1844596 kB
MemFree:         1114916 kB
MemAvailable:    1513336 kB
Buffers:           57384 kB
Cached:           450700 kB
MemTotal:        1844596 kB
MemFree:         1114420 kB
MemAvailable:    1512840 kB
Buffers:           57384 kB
Cached:           450700 kB
MemTotal:        1844596 kB
MemFree:         1114156 kB
MemAvailable:    1512576 kB
Buffers:           57384 kB
Cached:           450700 kB
MemTotal:        1844596 kB
MemFree:         1115272 kB
MemAvailable:    1513692 kB
Buffers:           57384 kB
Cached:           450700 kB
MemTotal:        1844596 kB
MemFree:         1115200 kB
MemAvailable:    1513620 kB
Buffers:           57384 kB
Cached:           450700 kB
MemTotal:        1844596 kB
MemFree:         1113924 kB
MemAvailable:    1512344 kB
Buffers:           57384 kB
Cached:           450700 kB
MemTotal:        1844596 kB
MemFree:         1114172 kB
MemAvailable:    1512592 kB
Buffers:           57384 kB
Cached:           450700 kB
MemTotal:        1844596 kB
MemFree:         1114404 kB
MemAvailable:    1512824 kB
Buffers:           57384 kB
Cached:           450700 kB
MemTotal:        1844596 kB
MemFree:         1114100 kB
MemAvailable:    1512520 kB
Buffers:           57384 kB
Cached:           450700 kB
MemTotal:        1844596 kB
MemFree:         1113008 kB
MemAvailable:    1511428 kB
Buffers:           57384 kB
Cached:           450700 kB
MemTotal:        1844596 kB
MemFree:         1113132 kB
MemAvailable:    1511552 kB
Buffers:           57384 kB
Cached:           450700 kB
MemTotal:        1844596 kB
MemFree:         1114232 kB
MemAvailable:    1512652 kB
Buffers:           57384 kB
Cached:           450700 kB
MemTotal:        1844596 kB
MemFree:         1114484 kB
MemAvailable:    1512904 kB
Buffers:           57384 kB
Cached:           450700 kB
MemTotal:        1844596 kB
MemFree:         1114304 kB
MemAvailable:    1512724 kB
Buffers:           57384 kB
Cached:           450700 kB
MemTotal:        1844596 kB
MemFree:         1113040 kB
MemAvailable:    1511460 kB
Buffers:           57384 kB
Cached:           450700 kB
MemTotal:        1844596 kB
MemFree:         1113040 kB
MemAvailable:    1511460 kB
Buffers:           57384 kB
Cached:           450700 kB
MemTotal:        1844596 kB
MemFree:         1114364 kB
MemAvailable:    1512784 kB
Buffers:           57384 kB
Cached:           450700 kB
MemTotal:        1844596 kB
MemFree:         1112864 kB
MemAvailable:    1511284 kB
Buffers:           57384 kB
Cached:           450700 kB
MemTotal:        1844596 kB
MemFree:         1112860 kB
MemAvailable:    1511280 kB
Buffers:           57384 kB
Cached:           450700 kB
MemTotal:        1844596 kB
MemFree:         1112860 kB
MemAvailable:    1511280 kB
Buffers:           57384 kB
Cached:           450700 kB
MemTotal:        1844596 kB
MemFree:         1113800 kB
MemAvailable:    1512220 kB
Buffers:           57384 kB
Cached:           450700 kB
MemTotal:        1844596 kB
MemFree:         1113528 kB
MemAvailable:    1511948 kB
Buffers:           57384 kB
Cached:           450700 kB
MemTotal:        1844596 kB
MemFree:         1112560 kB
MemAvailable:    1510980 kB
Buffers:           57384 kB
Cached:           450700 kB
MemTotal:        1844596 kB
MemFree:         1113276 kB
MemAvailable:    1511696 kB
Buffers:           57384 kB
Cached:           450700 kB
MemTotal:        1844596 kB
MemFree:         1113528 kB
MemAvailable:    1511948 kB
Buffers:           57384 kB
Cached:           450700 kB
MemTotal:        1844596 kB
MemFree:         1113368 kB
MemAvailable:    1511788 kB
Buffers:           57384 kB
Cached:           450700 kB
MemTotal:        1844596 kB
MemFree:         1113340 kB
MemAvailable:    1511760 kB
Buffers:           57384 kB
Cached:           450700 kB
MemTotal:        1844596 kB
MemFree:         1113260 kB
MemAvailable:    1511680 kB
Buffers:           57384 kB
Cached:           450700 kB
MemTotal:        1844596 kB
MemFree:         1113428 kB
MemAvailable:    1511848 kB
Buffers:           57384 kB
Cached:           450700 kB
MemTotal:        1844596 kB
MemFree:         1111916 kB
MemAvailable:    1510336 kB
Buffers:           57384 kB
Cached:           450700 kB
MemTotal:        1844596 kB
MemFree:         1113232 kB
MemAvailable:    1511652 kB
Buffers:           57384 kB
Cached:           450700 kB
MemTotal:        1844596 kB
MemFree:         1113400 kB
MemAvailable:    1511820 kB
Buffers:           57384 kB
Cached:           450700 kB
MemTotal:        1844596 kB
MemFree:         1109948 kB
MemAvailable:    1508368 kB
Buffers:           57384 kB
Cached:           450700 kB
MemTotal:        1844596 kB
MemFree:         1107476 kB
MemAvailable:    1505896 kB
Buffers:           57384 kB
Cached:           450700 kB
MemTotal:        1844596 kB
MemFree:         1105848 kB
MemAvailable:    1504268 kB
Buffers:           57384 kB
Cached:           450700 kB
MemTotal:        1844596 kB
MemFree:         1104996 kB
MemAvailable:    1503416 kB
Buffers:           57384 kB
Cached:           450700 kB
MemTotal:        1844596 kB
MemFree:         1105288 kB
MemAvailable:    1503708 kB
Buffers:           57384 kB
Cached:           450700 kB
MemTotal:        1844596 kB
MemFree:         1105540 kB
MemAvailable:    1503960 kB
Buffers:           57384 kB
Cached:           450700 kB
MemTotal:        1844596 kB
MemFree:         1105468 kB
MemAvailable:    1503888 kB
Buffers:           57384 kB
Cached:           450700 kB
MemTotal:        1844596 kB
MemFree:         1105220 kB
MemAvailable:    1503640 kB
Buffers:           57384 kB
Cached:           450700 kB
MemTotal:        1844596 kB
MemFree:         1105360 kB
MemAvailable:    1503780 kB
Buffers:           57384 kB
Cached:           450700 kB
MemTotal:        1844596 kB
MemFree:         1105292 kB
MemAvailable:    1503712 kB
Buffers:           57384 kB
Cached:           450700 kB
MemTotal:        1844596 kB
MemFree:         1105544 kB
MemAvailable:    1503964 kB
Buffers:           57384 kB
Cached:           450700 kB
MemTotal:        1844596 kB
MemFree:         1105292 kB
MemAvailable:    1503712 kB
Buffers:           57384 kB
Cached:           450700 kB
MemTotal:        1844596 kB
MemFree:         1105292 kB
MemAvailable:    1503712 kB
Buffers:           57384 kB
Cached:           450700 kB
MemTotal:        1844596 kB
MemFree:         1105332 kB
MemAvailable:    1503752 kB
Buffers:           57384 kB
Cached:           450700 kB
MemTotal:        1844596 kB
MemFree:         1105332 kB
MemAvailable:    1503752 kB
Buffers:           57384 kB
Cached:           450700 kB
MemTotal:        1844596 kB
MemFree:         1104088 kB
MemAvailable:    1502508 kB
Buffers:           57384 kB
Cached:           450700 kB
MemTotal:        1844596 kB
MemFree:         1105304 kB
MemAvailable:    1503724 kB
Buffers:           57384 kB
Cached:           450700 kB
MemTotal:        1844596 kB
MemFree:         1105056 kB
MemAvailable:    1503476 kB
Buffers:           57384 kB
Cached:           450700 kB
MemTotal:        1844596 kB
MemFree:         1104484 kB
MemAvailable:    1502904 kB
Buffers:           57384 kB
Cached:           450700 kB
MemTotal:        1844596 kB
MemFree:         1104256 kB
MemAvailable:    1502676 kB
Buffers:           57384 kB
Cached:           450700 kB
MemTotal:        1844596 kB
MemFree:         1104212 kB
MemAvailable:    1502632 kB
Buffers:           57384 kB
Cached:           450700 kB
MemTotal:        1844596 kB
MemFree:         1103732 kB
MemAvailable:    1502152 kB
Buffers:           57384 kB
Cached:           450700 kB
MemTotal:        1844596 kB
MemFree:         1103732 kB
MemAvailable:    1502152 kB
Buffers:           57384 kB
Cached:           450700 kB
MemTotal:        1844596 kB
MemFree:         1102616 kB
MemAvailable:    1501036 kB
Buffers:           57384 kB
Cached:           450700 kB
MemTotal:        1844596 kB
MemFree:         1102700 kB
MemAvailable:    1501120 kB
Buffers:           57384 kB
Cached:           450700 kB
MemTotal:        1844596 kB
MemFree:         1102680 kB
MemAvailable:    1501100 kB
Buffers:           57384 kB
Cached:           450700 kB
MemTotal:        1844596 kB
MemFree:         1101028 kB
MemAvailable:    1499448 kB
Buffers:           57384 kB
Cached:           450700 kB
MemTotal:        1844596 kB
MemFree:         1102064 kB
MemAvailable:    1500484 kB
Buffers:           57384 kB
Cached:           450700 kB
MemTotal:        1844596 kB
MemFree:         1100896 kB
MemAvailable:    1499316 kB
Buffers:           57384 kB
Cached:           450700 kB
MemTotal:        1844596 kB
MemFree:         1101756 kB
MemAvailable:    1500176 kB
Buffers:           57384 kB
Cached:           450700 kB
MemTotal:        1844596 kB
MemFree:         1101524 kB
MemAvailable:    1499944 kB
Buffers:           57384 kB
Cached:           450700 kB
MemTotal:        1844596 kB
MemFree:         1101568 kB
MemAvailable:    1499996 kB
Buffers:           57384 kB
Cached:           450708 kB
MemTotal:        1844596 kB
MemFree:         1100392 kB
MemAvailable:    1498820 kB
Buffers:           57384 kB
Cached:           450708 kB
MemTotal:        1844596 kB
MemFree:         1100656 kB
MemAvailable:    1499088 kB
Buffers:           57384 kB
Cached:           450712 kB
MemTotal:        1844596 kB
MemFree:         1101700 kB
MemAvailable:    1500132 kB
Buffers:           57384 kB
Cached:           450712 kB
MemTotal:        1844596 kB
MemFree:         1100780 kB
MemAvailable:    1499212 kB
Buffers:           57384 kB
Cached:           450712 kB
MemTotal:        1844596 kB
MemFree:         1100360 kB
MemAvailable:    1498792 kB
Buffers:           57384 kB
Cached:           450712 kB
MemTotal:        1844596 kB
MemFree:         1101328 kB
MemAvailable:    1499760 kB
Buffers:           57384 kB
Cached:           450712 kB
MemTotal:        1844596 kB
MemFree:         1099516 kB
MemAvailable:    1497948 kB
Buffers:           57384 kB
Cached:           450712 kB
MemTotal:        1844596 kB
MemFree:         1099764 kB
MemAvailable:    1498196 kB
Buffers:           57384 kB
Cached:           450712 kB
MemTotal:        1844596 kB
MemFree:         1093896 kB
MemAvailable:    1492328 kB
Buffers:           57384 kB
Cached:           450712 kB
MemTotal:        1844596 kB
MemFree:         1093704 kB
MemAvailable:    1492136 kB
Buffers:           57384 kB
Cached:           450712 kB
MemTotal:        1844596 kB
MemFree:         1092588 kB
MemAvailable:    1491020 kB
Buffers:           57384 kB
Cached:           450712 kB
MemTotal:        1844596 kB
MemFree:         1093764 kB
MemAvailable:    1492196 kB
Buffers:           57384 kB
Cached:           450712 kB
MemTotal:        1844596 kB
MemFree:         1092416 kB
MemAvailable:    1490848 kB
Buffers:           57384 kB
Cached:           450712 kB
MemTotal:        1844596 kB
MemFree:         1093704 kB
MemAvailable:    1492136 kB
Buffers:           57384 kB
Cached:           450712 kB
MemTotal:        1844596 kB
MemFree:         1094580 kB
MemAvailable:    1493012 kB
Buffers:           57384 kB
Cached:           450712 kB
MemTotal:        1844596 kB
MemFree:         1093952 kB
MemAvailable:    1492384 kB
Buffers:           57384 kB
Cached:           450712 kB
MemTotal:        1844596 kB
MemFree:         1095304 kB
MemAvailable:    1493904 kB
Buffers:           57384 kB
Cached:           450836 kB
MemTotal:        1844596 kB
MemFree:         1093704 kB
MemAvailable:    1492388 kB
Buffers:           57384 kB
Cached:           450960 kB
MemTotal:        1844596 kB
MemFree:         1093588 kB
MemAvailable:    1492440 kB
Buffers:           57384 kB
Cached:           451084 kB
MemTotal:        1844596 kB
MemFree:         1094440 kB
MemAvailable:    1493460 kB
Buffers:           57384 kB
Cached:           451332 kB
MemTotal:        1844596 kB
MemFree:         1093960 kB
MemAvailable:    1492980 kB
Buffers:           57384 kB
Cached:           451332 kB
MemTotal:        1844596 kB
MemFree:         1093408 kB
MemAvailable:    1492428 kB
Buffers:           57384 kB
Cached:           451332 kB
MemTotal:        1844596 kB
MemFree:         1093284 kB
MemAvailable:    1492304 kB
Buffers:           57384 kB
Cached:           451332 kB
MemTotal:        1844596 kB
MemFree:         1093284 kB
MemAvailable:    1492304 kB
Buffers:           57384 kB
Cached:           451332 kB
MemTotal:        1844596 kB
MemFree:         1094384 kB
MemAvailable:    1493404 kB
Buffers:           57384 kB
Cached:           451332 kB
MemTotal:        1844596 kB
MemFree:         1094460 kB
MemAvailable:    1493480 kB
Buffers:           57384 kB
Cached:           451332 kB
MemTotal:        1844596 kB
MemFree:         1093196 kB
MemAvailable:    1492216 kB
Buffers:           57384 kB
Cached:           451332 kB
MemTotal:        1844596 kB
MemFree:         1093016 kB
MemAvailable:    1492120 kB
Buffers:           57384 kB
Cached:           451456 kB
MemTotal:        1844596 kB
MemFree:         1134132 kB
MemAvailable:    1532564 kB
Buffers:           57384 kB
Cached:           450700 kB
MemTotal:        1844596 kB
MemFree:         1161484 kB
MemAvailable:    1559916 kB
Buffers:           57384 kB
Cached:           450700 kB
