MemTotal:        1844596 kB
MemFree:         1426244 kB
MemAvailable:    1589340 kB
Buffers:           25740 kB
Cached:           251056 kB
MemTotal:        1844596 kB
MemFree:         1398988 kB
MemAvailable:    1562088 kB
Buffers:           25740 kB
Cached:           251060 kB
MemTotal:        1844596 kB
MemFree:         1398608 kB
MemAvailable:    1561708 kB
Buffers:           25740 kB
Cached:           251060 kB
MemTotal:        1844596 kB
MemFree:         1396696 kB
MemAvailable:    1559796 kB
Buffers:           25740 kB
Cached:           251060 kB
MemTotal:        1844596 kB
MemFree:         1395080 kB
MemAvailable:    1558180 kB
Buffers:           25740 kB
Cached:           251060 kB
MemTotal:        1844596 kB
MemFree:         1394832 kB
MemAvailable:    1557932 kB
Buffers:           25740 kB
Cached:           251060 kB
MemTotal:        1844596 kB
MemFree:         1395084 kB
MemAvailable:    1558184 kB
Buffers:           25740 kB
Cached:           251060 kB
MemTotal:        1844596 kB
MemFree:         1392228 kB
MemAvailable:    1555328 kB
Buffers:           25740 kB
Cached:           251060 kB
MemTotal:        1844596 kB
MemFree:         1388804 kB
MemAvailable:    1551904 kB
Buffers:           25740 kB
Cached:           251060 kB
MemTotal:        1844596 kB
MemFree:         1389056 kB
MemAvailable:    1552156 kB
Buffers:           25740 kB
Cached:           251060 kB
MemTotal:        1844596 kB
MemFree:         1385100 kB
MemAvailable:    1548200 kB
Buffers:           25740 kB
Cached:           251060 kB
MemTotal:        1844596 kB
MemFree:         1384108 kB
MemAvailable:    1547208 kB
Buffers:           25740 kB
Cached:           251060 kB
MemTotal:        1844596 kB
MemFree:         1385152 kB
MemAvailable:    1548252 kB
Buffers:           25740 kB
Cached:           251060 kB
MemTotal:        1844596 kB
MemFree:         1385160 kB
MemAvailable:    1548260 kB
Buffers:           25740 kB
Cached:           251060 kB
MemTotal:        1844596 kB
MemFree:         1385308 kB
MemAvailable:    1548408 kB
Buffers:           25740 kB
Cached:           251060 kB
MemTotal:        1844596 kB
MemFree:         1384912 kB
MemAvailable:    1548012 kB
Buffers:           25740 kB
Cached:           251060 kB
MemTotal:        1844596 kB
MemFree:         1384976 kB
MemAvailable:    1548076 kB
Buffers:           25740 kB
Cached:           251060 kB
MemTotal:        1844596 kB
MemFree:         1382984 kB
MemAvailable:    1546084 kB
Buffers:           25740 kB
Cached:           251060 kB
MemTotal:        1844596 kB
MemFree:         1382852 kB
MemAvailable:    1545952 kB
Buffers:           25740 kB
Cached:           251060 kB
MemTotal:        1844596 kB
MemFree:         1382620 kB
MemAvailable:    1545720 kB
Buffers:           25740 kB
Cached:           251060 kB
MemTotal:        1844596 kB
MemFree:         1382792 kB
MemAvailable:    1545892 kB
Buffers:           25740 kB
Cached:           251060 kB
MemTotal:        1844596 kB
MemFree:         1381752 kB
MemAvailable:    1544852 kB
Buffers:           25740 kB
Cached:           251060 kB
MemTotal:        1844596 kB
MemFree:         1383052 kB
MemAvailable:    1546152 kB
Buffers:           25740 kB
Cached:           251060 kB
MemTotal:        1844596 kB
MemFree:         1382984 kB
MemAvailable:    1546084 kB
Buffers:           25740 kB
Cached:           251060 kB
MemTotal:        1844596 kB
MemFree:         1382788 kB
MemAvailable:    1545888 kB
Buffers:           25740 kB
Cached:           251060 kB
MemTotal:        1844596 kB
MemFree:         1382920 kB
MemAvailable:    1546020 kB
Buffers:           25740 kB
Cached:           251060 kB
MemTotal:        1844596 kB
MemFree:         1382920 kB
MemAvailable:    1546020 kB
Buffers:           25740 kB
Cached:           251060 kB
MemTotal:        1844596 kB
MemFree:         1382744 kB
MemAvailable:    1545844 kB
Buffers:           25740 kB
Cached:           251060 kB
MemTotal:        1844596 kB
MemFree:         1384036 kB
MemAvailable:    1547136 kB
Buffers:           25740 kB
Cached:           251060 kB
MemTotal:        1844596 kB
MemFree:         1383984 kB
MemAvailable:    1547084 kB
Buffers:           25740 kB
Cached:           251060 kB
MemTotal:        1844596 kB
MemFree:         1381192 kB
MemAvailable:    1544292 kB
Buffers:           25740 kB
Cached:           251060 kB
MemTotal:        1844596 kB
MemFree:         1379520 kB
MemAvailable:    1542620 kB
Buffers:           25740 kB
Cached:           251060 kB
MemTotal:        1844596 kB
MemFree:         1379148 kB
MemAvailable:    1542248 kB
Buffers:           25740 kB
Cached:           251060 kB
MemTotal:        1844596 kB
MemFree:         1379828 kB
MemAvailable:    1542928 kB
Buffers:           25740 kB
Cached:           251060 kB
MemTotal:        1844596 kB
MemFree:         1378752 kB
MemAvailable:    1541852 kB
Buffers:           25740 kB
Cached:           251060 kB
MemTotal:        1844596 kB
MemFree:         1378148 kB
MemAvailable:    1541248 kB
Buffers:           25740 kB
Cached:           251060 kB
MemTotal:        1844596 kB
MemFree:         1378508 kB
MemAvailable:    1541608 kB
Buffers:           25740 kB
Cached:           251060 kB
MemTotal:        1844596 kB
MemFree:         1378320 kB
MemAvailable:    1541420 kB
Buffers:           25740 kB
Cached:           251060 kB
MemTotal:        1844596 kB
MemFree:         1378572 kB
MemAvailable:    1541672 kB
Buffers:           25740 kB
Cached:           251060 kB
MemTotal:        1844596 kB
MemFree:         1377256 kB
MemAvailable:    1540356 kB
Buffers:           25740 kB
Cached:           251060 kB
MemTotal:        1844596 kB
MemFree:         1378316 kB
MemAvailable:    1541416 kB
Buffers:           25740 kB
Cached:           251060 kB
MemTotal:        1844596 kB
MemFree:         1378288 kB
MemAvailable:    1541388 kB
Buffers:           25740 kB
Cached:           251060 kB
MemTotal:        1844596 kB
MemFree:         1377900 kB
MemAvailable:    1541000 kB
Buffers:           25740 kB
Cached:           251060 kB
MemTotal:        1844596 kB
MemFree:         1377940 kB
MemAvailable:    1541040 kB
Buffers:           25740 kB
Cached:           251060 kB
MemTotal:        1844596 kB
MemFree:         1376396 kB
MemAvailable:    1539496 kB
Buffers:           25740 kB
Cached:           251060 kB
MemTotal:        1844596 kB
MemFree:         1376156 kB
MemAvailable:    1539256 kB
Buffers:           25740 kB
Cached:           251060 kB
MemTotal:        1844596 kB
MemFree:         1376356 kB
MemAvailable:    1539456 kB
Buffers:           25740 kB
Cached:           251060 kB
MemTotal:        1844596 kB
MemFree:         1377452 kB
MemAvailable:    1540552 kB
Buffers:           25740 kB
Cached:           251060 kB
MemTotal:        1844596 kB
MemFree:         1377528 kB
MemAvailable:    1540628 kB
Buffers:           25740 kB
Cached:           251060 kB
MemTotal:        1844596 kB
MemFree:         1376908 kB
MemAvailable:    1540008 kB
Buffers:           25740 kB
Cached:           251060 kB
MemTotal:        1844596 kB
MemFree:         1375976 kB
MemAvailable:    1539076 kB
Buffers:           25740 kB
Cached:           251060 kB
MemTotal:        1844596 kB
MemFree:         1377336 kB
MemAvailable:    1540436 kB
Buffers:           25740 kB
Cached:           251060 kB
MemTotal:        1844596 kB
MemFree:         1377376 kB
MemAvailable:    1540476 kB
Buffers:           25740 kB
Cached:           251060 kB
MemTotal:        1844596 kB
MemFree:         1377196 kB
MemAvailable:    1540296 kB
Buffers:           25740 kB
Cached:           251060 kB
MemTotal:        1844596 kB
MemFree:         1377448 kB
MemAvailable:    1540548 kB
Buffers:           25740 kB
Cached:           251060 kB
MemTotal:        1844596 kB
MemFree:         1376108 kB
MemAvailable:    1539208 kB
Buffers:           25740 kB
Cached:           251060 kB
MemTotal:        1844596 kB
MemFree:         1377356 kB
MemAvailable:    1540456 kB
Buffers:           25740 kB
Cached:           251060 kB
MemTotal:        1844596 kB
MemFree:         1376232 kB
MemAvailable:    1539332 kB
Buffers:           25740 kB
Cached:           251060 kB
MemTotal:        1844596 kB
MemFree:         1376976 kB
MemAvailable:    1540076 kB
Buffers:           25740 kB
Cached:           251060 kB
MemTotal:        1844596 kB
MemFree:         1376048 kB
MemAvailable:    1539148 kB
Buffers:           25740 kB
Cached:           251060 kB
MemTotal:        1844596 kB
MemFree:         1375288 kB
MemAvailable:    1538392 kB
Buffers:           25740 kB
Cached:           251064 kB
MemTotal:        1844596 kB
MemFree:         1375416 kB
MemAvailable:    1538520 kB
Buffers:           25740 kB
Cached:           251064 kB
MemTotal:        1844596 kB
MemFree:         1376604 kB
MemAvailable:    1539708 kB
Buffers:           25740 kB
Cached:           251064 kB
MemTotal:        1844596 kB
MemFree:         1376620 kB
MemAvailable:    1539724 kB
Buffers:           25740 kB
Cached:           251064 kB
MemTotal:        1844596 kB
MemFree:         1376604 kB
MemAvailable:    1539712 kB
Buffers:           25740 kB
Cached:           251068 kB
MemTotal:        1844596 kB
MemFree:         1376668 kB
MemAvailable:    1539776 kB
Buffers:           25740 kB
Cached:           251068 kB
MemTotal:        1844596 kB
MemFree:         1376404 kB
MemAvailable:    1539512 kB
Buffers:           25740 kB
Cached:           251068 kB
MemTotal:        1844596 kB
MemFree:         1376740 kB
MemAvailable:    1539848 kB
Buffers:           25740 kB
Cached:           251068 kB
MemTotal:        1844596 kB
MemFree:         1376464 kB
MemAvailable:    1539572 kB
Buffers:           25740 kB
Cached:           251068 kB
MemTotal:        1844596 kB
MemFree:         1374496 kB
MemAvailable:    1537604 kB
Buffers:           25740 kB
Cached:           251068 kB
MemTotal:        1844596 kB
MemFree:         1373188 kB
MemAvailable:    1536296 kB
Buffers:           25740 kB
Cached:           251068 kB
MemTotal:        1844596 kB
MemFree:         1371892 kB
MemAvailable:    1535000 kB
Buffers:           25740 kB
Cached:           251068 kB
MemTotal:        1844596 kB
MemFree:         1369080 kB
MemAvailable:    1532188 kB
Buffers:           25740 kB
Cached:           251068 kB
MemTotal:        1844596 kB
MemFree:         1368732 kB
MemAvailable:    1531840 kB
Buffers:           25740 kB
Cached:           251068 kB
MemTotal:        1844596 kB
MemFree:         1368800 kB
MemAvailable:    1531908 kB
Buffers:           25740 kB
Cached:           251068 kB
MemTotal:        1844596 kB
MemFree:         1367552 kB
MemAvailable:    1530660 kB
Buffers:           25740 kB
Cached:           251068 kB
MemTotal:        1844596 kB
MemFree:         1368792 kB
MemAvailable:    1531900 kB
Buffers:           25740 kB
Cached:           251068 kB
MemTotal:        1844596 kB
MemFree:         1367420 kB
MemAvailable:    1530528 kB
Buffers:           25740 kB
Cached:           251068 kB
MemTotal:        1844596 kB
MemFree:         1367544 kB
MemAvailable:    1530652 kB
Buffers:           25740 kB
Cached:           251068 kB
MemTotal:        1844596 kB
MemFree:         1368520 kB
MemAvailable:    1531628 kB
Buffers:           25740 kB
Cached:           251068 kB
MemTotal:        1844596 kB
MemFree:         1368772 kB
MemAvailable:    1531880 kB
Buffers:           25740 kB
Cached:           251068 kB
MemTotal:        1844596 kB
MemFree:         1368756 kB
MemAvailable:    1531864 kB
Buffers:           25740 kB
Cached:           251068 kB
MemTotal:        1844596 kB
MemFree:         1368668 kB
MemAvailable:    1531776 kB
Buffers:           25740 kB
Cached:           251068 kB
MemTotal:        1844596 kB
MemFree:         1368792 kB
MemAvailable:    1531900 kB
Buffers:           25740 kB
Cached:           251068 kB
MemTotal:        1844596 kB
MemFree:         1368556 kB
MemAvailable:    1531664 kB
Buffers:           25740 kB
Cached:           251068 kB
MemTotal:        1844596 kB
MemFree:         1368536 kB
MemAvailable:    1531644 kB
Buffers:           25740 kB
Cached:           251068 kB
MemTotal:        1844596 kB
MemFree:         1367176 kB
MemAvailable:    1530284 kB
Buffers:           25740 kB
Cached:           251068 kB
MemTotal:        1844596 kB
MemFree:         1367964 kB
MemAvailable:    1531072 kB
Buffers:           25740 kB
Cached:           251068 kB
MemTotal:        1844596 kB
MemFree:         1367740 kB
MemAvailable:    1530848 kB
Buffers:           25740 kB
Cached:           251068 kB
MemTotal:        1844596 kB
MemFree:         1367744 kB
MemAvailable:    1530852 kB
Buffers:           25740 kB
Cached:           251068 kB
MemTotal:        1844596 kB
MemFree:         1366980 kB
MemAvailable:    1530088 kB
Buffers:           25740 kB
Cached:           251068 kB
MemTotal:        1844596 kB
MemFree:         1366500 kB
MemAvailable:    1529608 kB
Buffers:           25740 kB
Cached:           251068 kB
MemTotal:        1844596 kB
MemFree:         1366676 kB
MemAvailable:    1529784 kB
Buffers:           25740 kB
Cached:           251068 kB
MemTotal:        1844596 kB
MemFree:         1366072 kB
MemAvailable:    1529180 kB
Buffers:           25740 kB
Cached:           251068 kB
MemTotal:        1844596 kB
MemFree:         1365740 kB
MemAvailable:    1528848 kB
Buffers:           25740 kB
Cached:           251068 kB
MemTotal:        1844596 kB
MemFree:         1365136 kB
MemAvailable:    1528244 kB
Buffers:           25740 kB
Cached:           251068 kB
MemTotal:        1844596 kB
MemFree:         1365620 kB
MemAvailable:    1528728 kB
Buffers:           25740 kB
Cached:           251068 kB
MemTotal:        1844596 kB
MemFree:         1364268 kB
MemAvailable:    1527376 kB
Buffers:           25740 kB
Cached:           251068 kB
MemTotal:        1844596 kB
MemFree:         1365320 kB
MemAvailable:    1528428 kB
Buffers:           25740 kB
Cached:           251068 kB
MemTotal:        1844596 kB
MemFree:         1363880 kB
MemAvailable:    1526988 kB
Buffers:           25740 kB
Cached:           251068 kB
MemTotal:        1844596 kB
MemFree:         1364872 kB
MemAvailable:    1527980 kB
Buffers:           25740 kB
Cached:           251068 kB
MemTotal:        1844596 kB
MemFree:         1364640 kB
MemAvailable:    1527624 kB
Buffers:           25740 kB
Cached:           251068 kB
MemTotal:        1844596 kB
MemFree:         1364644 kB
MemAvailable:    1527752 kB
Buffers:           25740 kB
Cached:           251068 kB
MemTotal:        1844596 kB
MemFree:         1364644 kB
MemAvailable:    1527752 kB
Buffers:           25740 kB
Cached:           251068 kB
MemTotal:        1844596 kB
MemFree:         1364764 kB
MemAvailable:    1527872 kB
Buffers:           25740 kB
Cached:           251068 kB
MemTotal:        1844596 kB
MemFree:         1363204 kB
MemAvailable:    1526312 kB
Buffers:           25740 kB
Cached:           251068 kB
MemTotal:        1844596 kB
MemFree:         1364796 kB
MemAvailable:    1527904 kB
Buffers:           25740 kB
Cached:           251068 kB
MemTotal:        1844596 kB
MemFree:         1364700 kB
MemAvailable:    1527808 kB
Buffers:           25740 kB
Cached:           251068 kB
MemTotal:        1844596 kB
MemFree:         1363152 kB
MemAvailable:    1526260 kB
Buffers:           25740 kB
Cached:           251068 kB
MemTotal:        1844596 kB
MemFree:         1364188 kB
MemAvailable:    1527296 kB
Buffers:           25740 kB
Cached:           251068 kB
MemTotal:        1844596 kB
MemFree:         1362220 kB
MemAvailable:    1525328 kB
Buffers:           25740 kB
Cached:           251068 kB
MemTotal:        1844596 kB
MemFree:         1356952 kB
MemAvailable:    1520060 kB
Buffers:           25740 kB
Cached:           251068 kB
MemTotal:        1844596 kB
MemFree:         1356836 kB
MemAvailable:    1519944 kB
Buffers:           25740 kB
Cached:           251068 kB
MemTotal:        1844596 kB
MemFree:         1356892 kB
MemAvailable:    1520000 kB
Buffers:           25740 kB
Cached:           251068 kB
MemTotal:        1844596 kB
MemFree:         1356896 kB
MemAvailable:    1520004 kB
Buffers:           25740 kB
Cached:           251068 kB
MemTotal:        1844596 kB
MemFree:         1356824 kB
MemAvailable:    1519932 kB
Buffers:           25740 kB
Cached:           251068 kB
MemTotal:        1844596 kB
MemFree:         1356688 kB
MemAvailable:    1519796 kB
Buffers:           25740 kB
Cached:           251068 kB
MemTotal:        1844596 kB
MemFree:         1356580 kB
MemAvailable:    1519688 kB
Buffers:           25740 kB
Cached:           251068 kB
MemTotal:        1844596 kB
MemFree:         1358816 kB
MemAvailable:    1521924 kB
Buffers:           25740 kB
Cached:           251068 kB
MemTotal:        1844596 kB
MemFree:         1358756 kB
MemAvailable:    1521864 kB
Buffers:           25740 kB
Cached:           251068 kB
MemTotal:        1844596 kB
MemFree:         1358176 kB
MemAvailable:    1521536 kB
Buffers:           25740 kB
Cached:           251316 kB
MemTotal:        1844596 kB
MemFree:         1357944 kB
MemAvailable:    1521304 kB
Buffers:           25740 kB
Cached:           251316 kB
MemTotal:        1844596 kB
MemFree:         1356772 kB
MemAvailable:    1520132 kB
Buffers:           25740 kB
Cached:           251440 kB
MemTotal:        1844596 kB
MemFree:         1358200 kB
MemAvailable:    1521812 kB
Buffers:           25740 kB
Cached:           251564 kB
MemTotal:        1844596 kB
MemFree:         1357888 kB
MemAvailable:    1521584 kB
Buffers:           25740 kB
Cached:           251688 kB
MemTotal:        1844596 kB
MemFree:         1356516 kB
MemAvailable:    1520212 kB
Buffers:           25740 kB
Cached:           251688 kB
MemTotal:        1844596 kB
MemFree:         1357616 kB
MemAvailable:    1521312 kB
Buffers:           25740 kB
Cached:           251688 kB
MemTotal:        1844596 kB
MemFree:         1357616 kB
MemAvailable:    1521312 kB
Buffers:           25740 kB
Cached:           251688 kB
MemTotal:        1844596 kB
MemFree:         1357560 kB
MemAvailable:    1521256 kB
Buffers:           25740 kB
Cached:           251688 kB
MemTotal:        1844596 kB
MemFree:         1356312 kB
MemAvailable:    1520008 kB
Buffers:           25740 kB
Cached:           251688 kB
MemTotal:        1844596 kB
MemFree:         1357496 kB
MemAvailable:    1521192 kB
Buffers:           25740 kB
Cached:           251688 kB
MemTotal:        1844596 kB
MemFree:         1357572 kB
MemAvailable:    1521268 kB
Buffers:           25740 kB
Cached:           251688 kB
MemTotal:        1844596 kB
MemFree:         1357708 kB
MemAvailable:    1520816 kB
Buffers:           25740 kB
Cached:           251056 kB
MemTotal:        1844596 kB
MemFree:         1395632 kB
MemAvailable:    1558748 kB
Buffers:           25740 kB
Cached:           251076 kB
