MemTotal:        1844596 kB
MemFree:         1222552 kB
MemAvailable:    1564292 kB
Buffers:           50856 kB
Cached:           404940 kB
MemTotal:        1844596 kB
MemFree:         1194612 kB
MemAvailable:    1536336 kB
Buffers:           50856 kB
Cached:           404924 kB
MemTotal:        1844596 kB
MemFree:         1194796 kB
MemAvailable:    1536520 kB
Buffers:           50856 kB
Cached:           404924 kB
MemTotal:        1844596 kB
MemFree:         1192820 kB
MemAvailable:    1534544 kB
Buffers:           50856 kB
Cached:           404924 kB
MemTotal:        1844596 kB
MemFree:         1190280 kB
MemAvailable:    1532004 kB
Buffers:           50856 kB
Cached:           404924 kB
MemTotal:        1844596 kB
MemFree:         1191340 kB
MemAvailable:    1533064 kB
Buffers:           50856 kB
Cached:           404924 kB
MemTotal:        1844596 kB
MemFree:         1190528 kB
MemAvailable:    1532252 kB
Buffers:           50856 kB
Cached:           404924 kB
MemTotal:        1844596 kB
MemFree:         1188604 kB
MemAvailable:    1530328 kB
Buffers:           50856 kB
Cached:           404924 kB
MemTotal:        1844596 kB
MemFree:         1186312 kB
MemAvailable:    1528036 kB
Buffers:           50856 kB
Cached:           404924 kB
MemTotal:        1844596 kB
MemFree:         1183272 kB
MemAvailable:    1524996 kB
Buffers:           50856 kB
Cached:           404924 kB
MemTotal:        1844596 kB
MemFree:         1181972 kB
MemAvailable:    1523696 kB
Buffers:           50856 kB
Cached:           404924 kB
MemTotal:        1844596 kB
MemFree:         1181504 kB
MemAvailable:    1523228 kB
Buffers:           50856 kB
Cached:           404924 kB
MemTotal:        1844596 kB
MemFree:         1181756 kB
MemAvailable:    1523480 kB
Buffers:           50856 kB
Cached:           404924 kB
MemTotal:        1844596 kB
MemFree:         1181600 kB
MemAvailable:    1523324 kB
Buffers:           50856 kB
Cached:           404924 kB
MemTotal:        1844596 kB
MemFree:         1180360 kB
MemAvailable:    1522084 kB
Buffers:           50856 kB
Cached:           404924 kB
MemTotal:        1844596 kB
MemFree:         1181460 kB
MemAvailable:    1523184 kB
Buffers:           50856 kB
Cached:           404924 kB
MemTotal:        1844596 kB
MemFree:         1180856 kB
MemAvailable:    1522580 kB
Buffers:           50856 kB
Cached:           404924 kB
MemTotal:        1844596 kB
MemFree:         1180732 kB
MemAvailable:    1522456 kB
Buffers:           50856 kB
Cached:           404924 kB
MemTotal:        1844596 kB
MemFree:         1178872 kB
MemAvailable:    1520596 kB
Buffers:           50856 kB
Cached:           404924 kB
MemTotal:        1844596 kB
MemFree:         1178500 kB
MemAvailable:    1520224 kB
Buffers:           50856 kB
Cached:           404924 kB
MemTotal:        1844596 kB
MemFree:         1178252 kB
MemAvailable:    1519976 kB
Buffers:           50856 kB
Cached:           404924 kB
MemTotal:        1844596 kB
MemFree:         1178244 kB
MemAvailable:    1519968 kB
Buffers:           50856 kB
Cached:           404924 kB
MemTotal:        1844596 kB
MemFree:         1179360 kB
MemAvailable:    1521084 kB
Buffers:           50856 kB
Cached:           404924 kB
MemTotal:        1844596 kB
MemFree:         1179284 kB
MemAvailable:    1521008 kB
Buffers:           50856 kB
Cached:           404924 kB
MemTotal:        1844596 kB
MemFree:         1177856 kB
MemAvailable:    1519580 kB
Buffers:           50856 kB
Cached:           404924 kB
MemTotal:        1844596 kB
MemFree:         1178104 kB
MemAvailable:    1519828 kB
Buffers:           50856 kB
Cached:           404924 kB
MemTotal:        1844596 kB
MemFree:         1179240 kB
MemAvailable:    1520964 kB
Buffers:           50856 kB
Cached:           404924 kB
MemTotal:        1844596 kB
MemFree:         1180632 kB
MemAvailable:    1522356 kB
Buffers:           50856 kB
Cached:           404924 kB
MemTotal:        1844596 kB
MemFree:         1178872 kB
MemAvailable:    1520596 kB
Buffers:           50856 kB
Cached:           404924 kB
MemTotal:        1844596 kB
MemFree:         1176136 kB
MemAvailable:    1517860 kB
Buffers:           50856 kB
Cached:           404924 kB
MemTotal:        1844596 kB
MemFree:         1175516 kB
MemAvailable:    1517240 kB
Buffers:           50856 kB
Cached:           404924 kB
MemTotal:        1844596 kB
MemFree:         1175880 kB
MemAvailable:    1517604 kB
Buffers:           50856 kB
Cached:           404924 kB
MemTotal:        1844596 kB
MemFree:         1175896 kB
MemAvailable:    1517620 kB
Buffers:           50856 kB
Cached:           404924 kB
MemTotal:        1844596 kB
MemFree:         1175128 kB
MemAvailable:    1516852 kB
Buffers:           50856 kB
Cached:           404924 kB
MemTotal:        1844596 kB
MemFree:         1175296 kB
MemAvailable:    1517020 kB
Buffers:           50856 kB
Cached:           404924 kB
MemTotal:        1844596 kB
MemFree:         1173724 kB
MemAvailable:    1515448 kB
Buffers:           50856 kB
Cached:           404924 kB
MemTotal:        1844596 kB
MemFree:         1173848 kB
MemAvailable:    1515572 kB
Buffers:           50856 kB
Cached:           404924 kB
MemTotal:        1844596 kB
MemFree:         1174824 kB
MemAvailable:    1516548 kB
Buffers:           50856 kB
Cached:           404924 kB
MemTotal:        1844596 kB
MemFree:         1175076 kB
MemAvailable:    1516800 kB
Buffers:           50856 kB
Cached:           404924 kB
MemTotal:        1844596 kB
MemFree:         1173624 kB
MemAvailable:    1515348 kB
Buffers:           50856 kB
Cached:           404924 kB
MemTotal:        1844596 kB
MemFree:         1174600 kB
MemAvailable:    1516324 kB
Buffers:           50856 kB
Cached:           404924 kB
MemTotal:        1844596 kB
MemFree:         1174768 kB
MemAvailable:    1516492 kB
Buffers:           50856 kB
Cached:           404924 kB
MemTotal:        1844596 kB
MemFree:         1174284 kB
MemAvailable:    1516008 kB
Buffers:           50856 kB
Cached:           404924 kB
MemTotal:        1844596 kB
MemFree:         1174088 kB
MemAvailable:    1515812 kB
Buffers:           50856 kB
Cached:           404924 kB
MemTotal:        1844596 kB
MemFree:         1172624 kB
MemAvailable:    1514348 kB
Buffers:           50856 kB
Cached:           404924 kB
MemTotal:        1844596 kB
MemFree:         1172740 kB
MemAvailable:    1514464 kB
Buffers:           50856 kB
Cached:           404924 kB
MemTotal:        1844596 kB
MemFree:         1172616 kB
MemAvailable:    1514340 kB
Buffers:           50856 kB
Cached:           404924 kB
MemTotal:        1844596 kB
MemFree:         1172616 kB
MemAvailable:    1514340 kB
Buffers:           50856 kB
Cached:           404924 kB
MemTotal:        1844596 kB
MemFree:         1174184 kB
MemAvailable:    1515908 kB
Buffers:           50856 kB
Cached:           404924 kB
MemTotal:        1844596 kB
MemFree:         1172616 kB
MemAvailable:    1514340 kB
Buffers:           50856 kB
Cached:           404924 kB
MemTotal:        1844596 kB
MemFree:         1172796 kB
MemAvailable:    1514528 kB
Buffers:           50856 kB
Cached:           404932 kB
MemTotal:        1844596 kB
MemFree:         1172796 kB
MemAvailable:    1514528 kB
Buffers:           50856 kB
Cached:           404932 kB
MemTotal:        1844596 kB
MemFree:         1172796 kB
MemAvailable:    1514528 kB
Buffers:           50856 kB
Cached:           404932 kB
MemTotal:        1844596 kB
MemFree:         1172540 kB
MemAvailable:    1514272 kB
Buffers:           50856 kB
Cached:           404932 kB
MemTotal:        1844596 kB
MemFree:         1172408 kB
MemAvailable:    1514140 kB
Buffers:           50856 kB
Cached:           404932 kB
MemTotal:        1844596 kB
MemFree:         1173580 kB
MemAvailable:    1515312 kB
Buffers:           50856 kB
Cached:           404932 kB
MemTotal:        1844596 kB
MemFree:         1173260 kB
MemAvailable:    1514992 kB
Buffers:           50856 kB
Cached:           404932 kB
MemTotal:        1844596 kB
MemFree:         1172300 kB
MemAvailable:    1514032 kB
Buffers:           50856 kB
Cached:           404932 kB
MemTotal:        1844596 kB
MemFree:         1172300 kB
MemAvailable:    1514032 kB
Buffers:           50856 kB
Cached:           404932 kB
MemTotal:        1844596 kB
MemFree:         1172988 kB
MemAvailable:    1514720 kB
Buffers:           50856 kB
Cached:           404932 kB
MemTotal:        1844596 kB
MemFree:         1172548 kB
MemAvailable:    1514280 kB
Buffers:           50856 kB
Cached:           404932 kB
MemTotal:        1844596 kB
MemFree:         1172724 kB
MemAvailable:    1514456 kB
Buffers:           50856 kB
Cached:           404932 kB
MemTotal:        1844596 kB
MemFree:         1173060 kB
MemAvailable:    1514792 kB
Buffers:           50856 kB
Cached:           404932 kB
MemTotal:        1844596 kB
MemFree:         1171736 kB
MemAvailable:    1513468 kB
Buffers:           50856 kB
Cached:           404932 kB
MemTotal:        1844596 kB
MemFree:         1171780 kB
MemAvailable:    1513512 kB
Buffers:           50856 kB
Cached:           404932 kB
MemTotal:        1844596 kB
MemFree:         1173016 kB
MemAvailable:    1514748 kB
Buffers:           50856 kB
Cached:           404932 kB
MemTotal:        1844596 kB
MemFree:         1170316 kB
MemAvailable:    1512048 kB
Buffers:           50856 kB
Cached:           404932 kB
MemTotal:        1844596 kB
MemFree:         1168540 kB
MemAvailable:    1510272 kB
Buffers:           50856 kB
Cached:           404932 kB
MemTotal:        1844596 kB
MemFree:         1165340 kB
MemAvailable:    1507072 kB
Buffers:           50856 kB
Cached:           404932 kB
MemTotal:        1844596 kB
MemFree:         1163980 kB
MemAvailable:    1505712 kB
Buffers:           50856 kB
Cached:           404932 kB
MemTotal:        1844596 kB
MemFree:         1165280 kB
MemAvailable:    1507012 kB
Buffers:           50856 kB
Cached:           404932 kB
MemTotal:        1844596 kB
MemFree:         1165292 kB
MemAvailable:    1507024 kB
Buffers:           50856 kB
Cached:           404932 kB
MemTotal:        1844596 kB
MemFree:         1165232 kB
MemAvailable:    1506964 kB
Buffers:           50856 kB
Cached:           404932 kB
MemTotal:        1844596 kB
MemFree:         1164920 kB
MemAvailable:    1506652 kB
Buffers:           50856 kB
Cached:           404932 kB
MemTotal:        1844596 kB
MemFree:         1165172 kB
MemAvailable:    1506904 kB
Buffers:           50856 kB
Cached:           404932 kB
MemTotal:        1844596 kB
MemFree:         1165036 kB
MemAvailable:    1506768 kB
Buffers:           50856 kB
Cached:           404932 kB
MemTotal:        1844596 kB
MemFree:         1164984 kB
MemAvailable:    1506716 kB
Buffers:           50856 kB
Cached:           404932 kB
MemTotal:        1844596 kB
MemFree:         1164956 kB
MemAvailable:    1506688 kB
Buffers:           50856 kB
Cached:           404932 kB
MemTotal:        1844596 kB
MemFree:         1164956 kB
MemAvailable:    1506688 kB
Buffers:           50856 kB
Cached:           404932 kB
MemTotal:        1844596 kB
MemFree:         1165156 kB
MemAvailable:    1506888 kB
Buffers:           50856 kB
Cached:           404932 kB
MemTotal:        1844596 kB
MemFree:         1164116 kB
MemAvailable:    1505848 kB
Buffers:           50856 kB
Cached:           404932 kB
MemTotal:        1844596 kB
MemFree:         1164968 kB
MemAvailable:    1506700 kB
Buffers:           50856 kB
Cached:           404932 kB
MemTotal:        1844596 kB
MemFree:         1165108 kB
MemAvailable:    1506840 kB
Buffers:           50856 kB
Cached:           404932 kB
MemTotal:        1844596 kB
MemFree:         1163108 kB
MemAvailable:    1504840 kB
Buffers:           50856 kB
Cached:           404932 kB
MemTotal:        1844596 kB
MemFree:         1163320 kB
MemAvailable:    1505052 kB
Buffers:           50856 kB
Cached:           404932 kB
MemTotal:        1844596 kB
MemFree:         1164300 kB
MemAvailable:    1506032 kB
Buffers:           50856 kB
Cached:           404932 kB
MemTotal:        1844596 kB
MemFree:         1164240 kB
MemAvailable:    1505972 kB
Buffers:           50856 kB
Cached:           404932 kB
MemTotal:        1844596 kB
MemFree:         1163680 kB
MemAvailable:    1505412 kB
Buffers:           50856 kB
Cached:           404932 kB
MemTotal:        1844596 kB
MemFree:         1162248 kB
MemAvailable:    1503980 kB
Buffers:           50856 kB
Cached:           404932 kB
MemTotal:        1844596 kB
MemFree:         1162356 kB
MemAvailable:    1504088 kB
Buffers:           50856 kB
Cached:           404932 kB
MemTotal:        1844596 kB
MemFree:         1162476 kB
MemAvailable:    1504208 kB
Buffers:           50856 kB
Cached:           404932 kB
MemTotal:        1844596 kB
MemFree:         1161336 kB
MemAvailable:    1503068 kB
Buffers:           50856 kB
Cached:           404932 kB
MemTotal:        1844596 kB
MemFree:         1162124 kB
MemAvailable:    1503856 kB
Buffers:           50856 kB
Cached:           404932 kB
MemTotal:        1844596 kB
MemFree:         1160520 kB
MemAvailable:    1502252 kB
Buffers:           50856 kB
Cached:           404932 kB
MemTotal:        1844596 kB
MemFree:         1161620 kB
MemAvailable:    1503352 kB
Buffers:           50856 kB
Cached:           404932 kB
MemTotal:        1844596 kB
MemFree:         1160768 kB
MemAvailable:    1502500 kB
Buffers:           50856 kB
Cached:           404932 kB
MemTotal:        1844596 kB
MemFree:         1160084 kB
MemAvailable:    1501816 kB
Buffers:           50856 kB
Cached:           404932 kB
MemTotal:        1844596 kB
MemFree:         1160092 kB
MemAvailable:    1501824 kB
Buffers:           50856 kB
Cached:           404932 kB
MemTotal:        1844596 kB
MemFree:         1161192 kB
MemAvailable:    1502924 kB
Buffers:           50856 kB
Cached:           404932 kB
MemTotal:        1844596 kB
MemFree:         1160520 kB
MemAvailable:    1502252 kB
Buffers:           50856 kB
Cached:           404932 kB
MemTotal:        1844596 kB
MemFree:         1161188 kB
MemAvailable:    1502920 kB
Buffers:           50856 kB
Cached:           404932 kB
MemTotal:        1844596 kB
MemFree:         1160272 kB
MemAvailable:    1502004 kB
Buffers:           50856 kB
Cached:           404932 kB
MemTotal:        1844596 kB
MemFree:         1161200 kB
MemAvailable:    1502932 kB
Buffers:           50856 kB
Cached:           404932 kB
MemTotal:        1844596 kB
MemFree:         1159640 kB
MemAvailable:    1501372 kB
Buffers:           50856 kB
Cached:           404932 kB
MemTotal:        1844596 kB
MemFree:         1161276 kB
MemAvailable:    1503008 kB
Buffers:           50856 kB
Cached:           404932 kB
MemTotal:        1844596 kB
MemFree:         1160952 kB
MemAvailable:    1502684 kB
Buffers:           50856 kB
Cached:           404932 kB
MemTotal:        1844596 kB
MemFree:         1160828 kB
MemAvailable:    1502560 kB
Buffers:           50856 kB
Cached:           404932 kB
MemTotal:        1844596 kB
MemFree:         1156908 kB
MemAvailable:    1498640 kB
Buffers:           50856 kB
Cached:           404932 kB
MemTotal:        1844596 kB
MemFree:         1152204 kB
MemAvailable:    1493936 kB
Buffers:           50856 kB
Cached:           404932 kB
MemTotal:        1844596 kB
MemFree:         1152080 kB
MemAvailable:    1493812 kB
Buffers:           50856 kB
Cached:           404932 kB
MemTotal:        1844596 kB
MemFree:         1153404 kB
MemAvailable:    1495136 kB
Buffers:           50856 kB
Cached:           404932 kB
MemTotal:        1844596 kB
MemFree:         1151816 kB
MemAvailable:    1493548 kB
Buffers:           50856 kB
Cached:           404932 kB
MemTotal:        1844596 kB
MemFree:         1152032 kB
MemAvailable:    1493764 kB
Buffers:           50856 kB
Cached:           404932 kB
MemTotal:        1844596 kB
MemFree:         1153268 kB
MemAvailable:    1495000 kB
Buffers:           50856 kB
Cached:           404932 kB
MemTotal:        1844596 kB
MemFree:         1153388 kB
MemAvailable:    1495120 kB
Buffers:           50856 kB
Cached:           404932 kB
MemTotal:        1844596 kB
MemFree:         1155140 kB
MemAvailable:    1496872 kB
Buffers:           50856 kB
Cached:           404932 kB
MemTotal:        1844596 kB
MemFree:         1154676 kB
MemAvailable:    1496492 kB
Buffers:           50856 kB
Cached:           405056 kB
MemTotal:        1844596 kB
MemFree:         1154760 kB
MemAvailable:    1496576 kB
Buffers:           50856 kB
Cached:           405056 kB
MemTotal:        1844596 kB
MemFree:         1154444 kB
MemAvailable:    1496484 kB
Buffers:           50856 kB
Cached:           405200 kB
MemTotal:        1844596 kB
MemFree:         1154040 kB
MemAvailable:    1496248 kB
Buffers:           50856 kB
Cached:           405448 kB
MemTotal:        1844596 kB
MemFree:         1154188 kB
MemAvailable:    1496396 kB
Buffers:           50856 kB
Cached:           405448 kB
MemTotal:        1844596 kB
MemFree:         1154036 kB
MemAvailable:    1496328 kB
Buffers:           50856 kB
Cached:           405572 kB
MemTotal:        1844596 kB
MemFree:         1153824 kB
MemAvailable:    1496116 kB
Buffers:           50856 kB
Cached:           405572 kB
MemTotal:        1844596 kB
MemFree:         1153752 kB
MemAvailable:    1496044 kB
Buffers:           50856 kB
Cached:           405572 kB
MemTotal:        1844596 kB
MemFree:         1154088 kB
MemAvailable:    1496380 kB
Buffers:           50856 kB
Cached:           405572 kB
MemTotal:        1844596 kB
MemFree:         1153872 kB
MemAvailable:    1496164 kB
Buffers:           50856 kB
Cached:           405572 kB
MemTotal:        1844596 kB
MemFree:         1154124 kB
MemAvailable:    1496416 kB
Buffers:           50856 kB
Cached:           405572 kB
MemTotal:        1844596 kB
MemFree:         1154060 kB
MemAvailable:    1496352 kB
Buffers:           50856 kB
Cached:           405572 kB
MemTotal:        1844596 kB
MemFree:         1153948 kB
MemAvailable:    1496324 kB
Buffers:           50856 kB
Cached:           405572 kB
MemTotal:        1844596 kB
MemFree:         1153204 kB
MemAvailable:    1495580 kB
Buffers:           50856 kB
Cached:           405572 kB
MemTotal:        1844596 kB
MemFree:         1152948 kB
MemAvailable:    1495404 kB
Buffers:           50856 kB
Cached:           405736 kB
MemTotal:        1844596 kB
MemFree:         1153112 kB
MemAvailable:    1494896 kB
Buffers:           50856 kB
Cached:           404980 kB
MemTotal:        1844596 kB
MemFree:         1222220 kB
MemAvailable:    1564004 kB
Buffers:           50856 kB
Cached:           404980 kB
