MemTotal:        1844596 kB
MemFree:         1359688 kB
MemAvailable:    1578200 kB
Buffers:           34260 kB
Cached:           303012 kB
MemTotal:        1844596 kB
MemFree:         1332260 kB
MemAvailable:    1550780 kB
Buffers:           34260 kB
Cached:           303016 kB
MemTotal:        1844596 kB
MemFree:         1332120 kB
MemAvailable:    1550640 kB
Buffers:           34260 kB
Cached:           303016 kB
MemTotal:        1844596 kB
MemFree:         1328656 kB
MemAvailable:    1547176 kB
Buffers:           34260 kB
Cached:           303016 kB
MemTotal:        1844596 kB
MemFree:         1328600 kB
MemAvailable:    1547120 kB
Buffers:           34260 kB
Cached:           303016 kB
MemTotal:        1844596 kB
MemFree:         1326872 kB
MemAvailable:    1545392 kB
Buffers:           34260 kB
Cached:           303016 kB
MemTotal:        1844596 kB
MemFree:         1326184 kB
MemAvailable:    1544704 kB
Buffers:           34260 kB
Cached:           303016 kB
MemTotal:        1844596 kB
MemFree:         1324944 kB
MemAvailable:    1543464 kB
Buffers:           34260 kB
Cached:           303016 kB
MemTotal:        1844596 kB
MemFree:         1321348 kB
MemAvailable:    1539868 kB
Buffers:           34260 kB
Cached:           303016 kB
MemTotal:        1844596 kB
MemFree:         1317380 kB
MemAvailable:    1535900 kB
Buffers:           34260 kB
Cached:           303016 kB
MemTotal:        1844596 kB
MemFree:         1317184 kB
MemAvailable:    1535704 kB
Buffers:           34260 kB
Cached:           303016 kB
MemTotal:        1844596 kB
MemFree:         1318424 kB
MemAvailable:    1536944 kB
Buffers:           34260 kB
Cached:           303016 kB
MemTotal:        1844596 kB
MemFree:         1318356 kB
MemAvailable:    1536876 kB
Buffers:           34260 kB
Cached:           303016 kB
MemTotal:        1844596 kB
MemFree:         1318000 kB
MemAvailable:    1536520 kB
Buffers:           34260 kB
Cached:           303016 kB
MemTotal:        1844596 kB
MemFree:         1317068 kB
MemAvailable:    1535588 kB
Buffers:           34260 kB
Cached:           303016 kB
MemTotal:        1844596 kB
MemFree:         1318108 kB
MemAvailable:    1536628 kB
Buffers:           34260 kB
Cached:           303016 kB
MemTotal:        1844596 kB
MemFree:         1317504 kB
MemAvailable:    1536024 kB
Buffers:           34260 kB
Cached:           303016 kB
MemTotal:        1844596 kB
MemFree:         1316884 kB
MemAvailable:    1535404 kB
Buffers:           34260 kB
Cached:           303016 kB
MemTotal:        1844596 kB
MemFree:         1316200 kB
MemAvailable:    1534720 kB
Buffers:           34260 kB
Cached:           303016 kB
MemTotal:        1844596 kB
MemFree:         1315024 kB
MemAvailable:    1533544 kB
Buffers:           34260 kB
Cached:           303016 kB
MemTotal:        1844596 kB
MemFree:         1316320 kB
MemAvailable:    1534840 kB
Buffers:           34260 kB
Cached:           303016 kB
MemTotal:        1844596 kB
MemFree:         1315968 kB
MemAvailable:    1534488 kB
Buffers:           34260 kB
Cached:           303016 kB
MemTotal:        1844596 kB
MemFree:         1315024 kB
MemAvailable:    1533544 kB
Buffers:           34260 kB
Cached:           303016 kB
MemTotal:        1844596 kB
MemFree:         1315864 kB
MemAvailable:    1534384 kB
Buffers:           34260 kB
Cached:           303016 kB
MemTotal:        1844596 kB
MemFree:         1316200 kB
MemAvailable:    1534720 kB
Buffers:           34260 kB
Cached:           303016 kB
MemTotal:        1844596 kB
MemFree:         1316060 kB
MemAvailable:    1534580 kB
Buffers:           34260 kB
Cached:           303016 kB
MemTotal:        1844596 kB
MemFree:         1314860 kB
MemAvailable:    1533380 kB
Buffers:           34260 kB
Cached:           303016 kB
MemTotal:        1844596 kB
MemFree:         1317356 kB
MemAvailable:    1535876 kB
Buffers:           34260 kB
Cached:           303016 kB
MemTotal:        1844596 kB
MemFree:         1316068 kB
MemAvailable:    1534588 kB
Buffers:           34260 kB
Cached:           303016 kB
MemTotal:        1844596 kB
MemFree:         1316992 kB
MemAvailable:    1535512 kB
Buffers:           34260 kB
Cached:           303016 kB
MemTotal:        1844596 kB
MemFree:         1313660 kB
MemAvailable:    1532180 kB
Buffers:           34260 kB
Cached:           303016 kB
MemTotal:        1844596 kB
MemFree:         1313944 kB
MemAvailable:    1532464 kB
Buffers:           34260 kB
Cached:           303016 kB
MemTotal:        1844596 kB
MemFree:         1312404 kB
MemAvailable:    1530924 kB
Buffers:           34260 kB
Cached:           303016 kB
MemTotal:        1844596 kB
MemFree:         1311800 kB
MemAvailable:    1530320 kB
Buffers:           34260 kB
Cached:           303016 kB
MemTotal:        1844596 kB
MemFree:         1312876 kB
MemAvailable:    1531396 kB
Buffers:           34260 kB
Cached:           303016 kB
MemTotal:        1844596 kB
MemFree:         1311984 kB
MemAvailable:    1530504 kB
Buffers:           34260 kB
Cached:           303016 kB
MemTotal:        1844596 kB
MemFree:         1311936 kB
MemAvailable:    1530456 kB
Buffers:           34260 kB
Cached:           303016 kB
MemTotal:        1844596 kB
MemFree:         1310628 kB
MemAvailable:    1529148 kB
Buffers:           34260 kB
Cached:           303016 kB
MemTotal:        1844596 kB
MemFree:         1311804 kB
MemAvailable:    1530324 kB
Buffers:           34260 kB
Cached:           303016 kB
MemTotal:        1844596 kB
MemFree:         1311868 kB
MemAvailable:    1530388 kB
Buffers:           34260 kB
Cached:           303016 kB
MemTotal:        1844596 kB
MemFree:         1311612 kB
MemAvailable:    1530132 kB
Buffers:           34260 kB
Cached:           303016 kB
MemTotal:        1844596 kB
MemFree:         1311412 kB
MemAvailable:    1529932 kB
Buffers:           34260 kB
Cached:           303016 kB
MemTotal:        1844596 kB
MemFree:         1311552 kB
MemAvailable:    1530072 kB
Buffers:           34260 kB
Cached:           303016 kB
MemTotal:        1844596 kB
MemFree:         1309644 kB
MemAvailable:    1528164 kB
Buffers:           34260 kB
Cached:           303016 kB
MemTotal:        1844596 kB
MemFree:         1309420 kB
MemAvailable:    1527940 kB
Buffers:           34260 kB
Cached:           303016 kB
MemTotal:        1844596 kB
MemFree:         1309552 kB
MemAvailable:    1528072 kB
Buffers:           34260 kB
Cached:           303016 kB
MemTotal:        1844596 kB
MemFree:         1310852 kB
MemAvailable:    1529372 kB
Buffers:           34260 kB
Cached:           303016 kB
MemTotal:        1844596 kB
MemFree:         1309544 kB
MemAvailable:    1528064 kB
Buffers:           34260 kB
Cached:           303016 kB
MemTotal:        1844596 kB
MemFree:         1310804 kB
MemAvailable:    1529324 kB
Buffers:           34260 kB
Cached:           303016 kB
MemTotal:        1844596 kB
MemFree:         1309496 kB
MemAvailable:    1528016 kB
Buffers:           34260 kB
Cached:           303016 kB
MemTotal:        1844596 kB
MemFree:         1310796 kB
MemAvailable:    1529316 kB
Buffers:           34260 kB
Cached:           303016 kB
MemTotal:        1844596 kB
MemFree:         1310856 kB
MemAvailable:    1529376 kB
Buffers:           34260 kB
Cached:           303016 kB
MemTotal:        1844596 kB
MemFree:         1310880 kB
MemAvailable:    1529400 kB
Buffers:           34260 kB
Cached:           303016 kB
MemTotal:        1844596 kB
MemFree:         1310880 kB
MemAvailable:    1529400 kB
Buffers:           34260 kB
Cached:           303016 kB
MemTotal:        1844596 kB
MemFree:         1310420 kB
MemAvailable:    1528940 kB
Buffers:           34260 kB
Cached:           303016 kB
MemTotal:        1844596 kB
MemFree:         1310420 kB
MemAvailable:    1528940 kB
Buffers:           34260 kB
Cached:           303016 kB
MemTotal:        1844596 kB
MemFree:         1310316 kB
MemAvailable:    1528836 kB
Buffers:           34260 kB
Cached:           303016 kB
MemTotal:        1844596 kB
MemFree:         1310316 kB
MemAvailable:    1528836 kB
Buffers:           34260 kB
Cached:           303016 kB
MemTotal:        1844596 kB
MemFree:         1310048 kB
MemAvailable:    1528568 kB
Buffers:           34260 kB
Cached:           303016 kB
MemTotal:        1844596 kB
MemFree:         1309692 kB
MemAvailable:    1528212 kB
Buffers:           34260 kB
Cached:           303016 kB
MemTotal:        1844596 kB
MemFree:         1309928 kB
MemAvailable:    1528448 kB
Buffers:           34260 kB
Cached:           303016 kB
MemTotal:        1844596 kB
MemFree:         1309740 kB
MemAvailable:    1528260 kB
Buffers:           34260 kB
Cached:           303016 kB
MemTotal:        1844596 kB
MemFree:         1310076 kB
MemAvailable:    1528596 kB
Buffers:           34260 kB
Cached:           303016 kB
MemTotal:        1844596 kB
MemFree:         1308508 kB
MemAvailable:    1527028 kB
Buffers:           34260 kB
Cached:           303016 kB
MemTotal:        1844596 kB
MemFree:         1308800 kB
MemAvailable:    1527320 kB
Buffers:           34260 kB
Cached:           303016 kB
MemTotal:        1844596 kB
MemFree:         1308544 kB
MemAvailable:    1527064 kB
Buffers:           34260 kB
Cached:           303016 kB
MemTotal:        1844596 kB
MemFree:         1308668 kB
MemAvailable:    1527188 kB
Buffers:           34260 kB
Cached:           303016 kB
MemTotal:        1844596 kB
MemFree:         1307644 kB
MemAvailable:    1526164 kB
Buffers:           34260 kB
Cached:           303016 kB
MemTotal:        1844596 kB
MemFree:         1303104 kB
MemAvailable:    1521624 kB
Buffers:           34260 kB
Cached:           303016 kB
MemTotal:        1844596 kB
MemFree:         1302584 kB
MemAvailable:    1521104 kB
Buffers:           34260 kB
Cached:           303016 kB
MemTotal:        1844596 kB
MemFree:         1302304 kB
MemAvailable:    1520824 kB
Buffers:           34260 kB
Cached:           303016 kB
MemTotal:        1844596 kB
MemFree:         1302064 kB
MemAvailable:    1520584 kB
Buffers:           34260 kB
Cached:           303016 kB
MemTotal:        1844596 kB
MemFree:         1300712 kB
MemAvailable:    1519232 kB
Buffers:           34260 kB
Cached:           303016 kB
MemTotal:        1844596 kB
MemFree:         1300624 kB
MemAvailable:    1519144 kB
Buffers:           34260 kB
Cached:           303016 kB
MemTotal:        1844596 kB
MemFree:         1300576 kB
MemAvailable:    1519096 kB
Buffers:           34260 kB
Cached:           303016 kB
MemTotal:        1844596 kB
MemFree:         1300612 kB
MemAvailable:    1519132 kB
Buffers:           34260 kB
Cached:           303016 kB
MemTotal:        1844596 kB
MemFree:         1301912 kB
MemAvailable:    1520432 kB
Buffers:           34260 kB
Cached:           303016 kB
MemTotal:        1844596 kB
MemFree:         1300556 kB
MemAvailable:    1519076 kB
Buffers:           34260 kB
Cached:           303016 kB
MemTotal:        1844596 kB
MemFree:         1300688 kB
MemAvailable:    1519208 kB
Buffers:           34260 kB
Cached:           303016 kB
MemTotal:        1844596 kB
MemFree:         1301788 kB
MemAvailable:    1520308 kB
Buffers:           34260 kB
Cached:           303016 kB
MemTotal:        1844596 kB
MemFree:         1300732 kB
MemAvailable:    1519252 kB
Buffers:           34260 kB
Cached:           303016 kB
MemTotal:        1844596 kB
MemFree:         1300592 kB
MemAvailable:    1519112 kB
Buffers:           34260 kB
Cached:           303016 kB
MemTotal:        1844596 kB
MemFree:         1301768 kB
MemAvailable:    1520288 kB
Buffers:           34260 kB
Cached:           303016 kB
MemTotal:        1844596 kB
MemFree:         1301436 kB
MemAvailable:    1519956 kB
Buffers:           34260 kB
Cached:           303016 kB
MemTotal:        1844596 kB
MemFree:         1300756 kB
MemAvailable:    1519276 kB
Buffers:           34260 kB
Cached:           303016 kB
MemTotal:        1844596 kB
MemFree:         1300648 kB
MemAvailable:    1519168 kB
Buffers:           34260 kB
Cached:           303016 kB
MemTotal:        1844596 kB
MemFree:         1300560 kB
MemAvailable:    1519080 kB
Buffers:           34260 kB
Cached:           303016 kB
MemTotal:        1844596 kB
MemFree:         1300556 kB
MemAvailable:    1519076 kB
Buffers:           34260 kB
Cached:           303016 kB
MemTotal:        1844596 kB
MemFree:         1300136 kB
MemAvailable:    1518656 kB
Buffers:           34260 kB
Cached:           303016 kB
MemTotal:        1844596 kB
MemFree:         1298036 kB
MemAvailable:    1516556 kB
Buffers:           34260 kB
Cached:           303016 kB
MemTotal:        1844596 kB
MemFree:         1298036 kB
MemAvailable:    1516556 kB
Buffers:           34260 kB
Cached:           303016 kB
MemTotal:        1844596 kB
MemFree:         1297416 kB
MemAvailable:    1515948 kB
Buffers:           34260 kB
Cached:           303028 kB
MemTotal:        1844596 kB
MemFree:         1298392 kB
MemAvailable:    1516924 kB
Buffers:           34260 kB
Cached:           303028 kB
MemTotal:        1844596 kB
MemFree:         1298532 kB
MemAvailable:    1517064 kB
Buffers:           34260 kB
Cached:           303028 kB
MemTotal:        1844596 kB
MemFree:         1298268 kB
MemAvailable:    1516800 kB
Buffers:           34260 kB
Cached:           303028 kB
MemTotal:        1844596 kB
MemFree:         1298328 kB
MemAvailable:    1516860 kB
Buffers:           34260 kB
Cached:           303028 kB
MemTotal:        1844596 kB
MemFree:         1298028 kB
MemAvailable:    1516560 kB
Buffers:           34260 kB
Cached:           303028 kB
MemTotal:        1844596 kB
MemFree:         1297948 kB
MemAvailable:    1516480 kB
Buffers:           34260 kB
Cached:           303028 kB
MemTotal:        1844596 kB
MemFree:         1297788 kB
MemAvailable:    1516320 kB
Buffers:           34260 kB
Cached:           303028 kB
MemTotal:        1844596 kB
MemFree:         1298232 kB
MemAvailable:    1516764 kB
Buffers:           34260 kB
Cached:           303028 kB
MemTotal:        1844596 kB
MemFree:         1296648 kB
MemAvailable:    1515180 kB
Buffers:           34260 kB
Cached:           303028 kB
MemTotal:        1844596 kB
MemFree:         1298032 kB
MemAvailable:    1516564 kB
Buffers:           34260 kB
Cached:           303028 kB
MemTotal:        1844596 kB
MemFree:         1296724 kB
MemAvailable:    1515256 kB
Buffers:           34260 kB
Cached:           303028 kB
MemTotal:        1844596 kB
MemFree:         1296848 kB
MemAvailable:    1515380 kB
Buffers:           34260 kB
Cached:           303028 kB
MemTotal:        1844596 kB
MemFree:         1296540 kB
MemAvailable:    1515072 kB
Buffers:           34260 kB
Cached:           303028 kB
MemTotal:        1844596 kB
MemFree:         1290464 kB
MemAvailable:    1508996 kB
Buffers:           34260 kB
Cached:           303028 kB
MemTotal:        1844596 kB
MemFree:         1290456 kB
MemAvailable:    1508988 kB
Buffers:           34260 kB
Cached:           303028 kB
MemTotal:        1844596 kB
MemFree:         1288960 kB
MemAvailable:    1507492 kB
Buffers:           34260 kB
Cached:           303028 kB
MemTotal:        1844596 kB
MemFree:         1290220 kB
MemAvailable:    1508752 kB
Buffers:           34260 kB
Cached:           303028 kB
MemTotal:        1844596 kB
MemFree:         1288788 kB
MemAvailable:    1507320 kB
Buffers:           34260 kB
Cached:           303028 kB
MemTotal:        1844596 kB
MemFree:         1290056 kB
MemAvailable:    1508588 kB
Buffers:           34260 kB
Cached:           303028 kB
MemTotal:        1844596 kB
MemFree:         1289604 kB
MemAvailable:    1508136 kB
Buffers:           34260 kB
Cached:           303028 kB
MemTotal:        1844596 kB
MemFree:         1291696 kB
MemAvailable:    1510228 kB
Buffers:           34260 kB
Cached:           303028 kB
MemTotal:        1844596 kB
MemFree:         1291340 kB
MemAvailable:    1509872 kB
Buffers:           34260 kB
Cached:           303028 kB
MemTotal:        1844596 kB
MemFree:         1291448 kB
MemAvailable:    1510064 kB
Buffers:           34260 kB
Cached:           303152 kB
MemTotal:        1844596 kB
MemFree:         1290200 kB
MemAvailable:    1508984 kB
Buffers:           34260 kB
Cached:           303276 kB
MemTotal:        1844596 kB
MemFree:         1291308 kB
MemAvailable:    1510260 kB
Buffers:           34260 kB
Cached:           303400 kB
MemTotal:        1844596 kB
MemFree:         1290844 kB
MemAvailable:    1509796 kB
Buffers:           34260 kB
Cached:           303400 kB
MemTotal:        1844596 kB
MemFree:         1290896 kB
MemAvailable:    1510016 kB
Buffers:           34260 kB
Cached:           303648 kB
MemTotal:        1844596 kB
MemFree:         1291232 kB
MemAvailable:    1510352 kB
Buffers:           34260 kB
Cached:           303648 kB
MemTotal:        1844596 kB
MemFree:         1290904 kB
MemAvailable:    1510024 kB
Buffers:           34260 kB
Cached:           303648 kB
MemTotal:        1844596 kB
MemFree:         1289788 kB
MemAvailable:    1508908 kB
Buffers:           34260 kB
Cached:           303648 kB
MemTotal:        1844596 kB
MemFree:         1291028 kB
MemAvailable:    1510232 kB
Buffers:           34260 kB
Cached:           303648 kB
MemTotal:        1844596 kB
MemFree:         1291000 kB
MemAvailable:    1510204 kB
Buffers:           34260 kB
Cached:           303648 kB
MemTotal:        1844596 kB
MemFree:         1290100 kB
MemAvailable:    1509304 kB
Buffers:           34260 kB
Cached:           303648 kB
MemTotal:        1844596 kB
MemFree:         1289716 kB
MemAvailable:    1508920 kB
Buffers:           34260 kB
Cached:           303772 kB
MemTotal:        1844596 kB
MemFree:         1290012 kB
MemAvailable:    1508544 kB
Buffers:           34260 kB
Cached:           303016 kB
MemTotal:        1844596 kB
MemFree:         1359132 kB
MemAvailable:    1577664 kB
Buffers:           34260 kB
Cached:           303016 kB
