MemTotal:        1844596 kB
MemFree:         1419176 kB
MemAvailable:    1586684 kB
Buffers:           26400 kB
Cached:           256780 kB
MemTotal:        1844596 kB
MemFree:         1389920 kB
MemAvailable:    1557432 kB
Buffers:           26400 kB
Cached:           256784 kB
MemTotal:        1844596 kB
MemFree:         1391672 kB
MemAvailable:    1559184 kB
Buffers:           26400 kB
Cached:           256784 kB
MemTotal:        1844596 kB
MemFree:         1389556 kB
MemAvailable:    1557068 kB
Buffers:           26400 kB
Cached:           256784 kB
MemTotal:        1844596 kB
MemFree:         1389424 kB
MemAvailable:    1556936 kB
Buffers:           26400 kB
Cached:           256784 kB
MemTotal:        1844596 kB
MemFree:         1386836 kB
MemAvailable:    1554348 kB
Buffers:           26400 kB
Cached:           256784 kB
MemTotal:        1844596 kB
MemFree:         1388076 kB
MemAvailable:    1555588 kB
Buffers:           26400 kB
Cached:           256784 kB
MemTotal:        1844596 kB
MemFree:         1387020 kB
MemAvailable:    1554532 kB
Buffers:           26400 kB
Cached:           256784 kB
MemTotal:        1844596 kB
MemFree:         1384664 kB
MemAvailable:    1552176 kB
Buffers:           26400 kB
Cached:           256784 kB
MemTotal:        1844596 kB
MemFree:         1379380 kB
MemAvailable:    1546892 kB
Buffers:           26400 kB
Cached:           256784 kB
MemTotal:        1844596 kB
MemFree:         1378216 kB
MemAvailable:    1545728 kB
Buffers:           26400 kB
Cached:           256784 kB
MemTotal:        1844596 kB
MemFree:         1378096 kB
MemAvailable:    1545608 kB
Buffers:           26400 kB
Cached:           256784 kB
MemTotal:        1844596 kB
MemFree:         1378348 kB
MemAvailable:    1545860 kB
Buffers:           26400 kB
Cached:           256784 kB
MemTotal:        1844596 kB
MemFree:         1378128 kB
MemAvailable:    1545640 kB
Buffers:           26400 kB
Cached:           256784 kB
MemTotal:        1844596 kB
MemFree:         1378156 kB
MemAvailable:    1545668 kB
Buffers:           26400 kB
Cached:           256784 kB
MemTotal:        1844596 kB
MemFree:         1378328 kB
MemAvailable:    1545840 kB
Buffers:           26400 kB
Cached:           256784 kB
MemTotal:        1844596 kB
MemFree:         1376896 kB
MemAvailable:    1544408 kB
Buffers:           26400 kB
Cached:           256784 kB
MemTotal:        1844596 kB
MemFree:         1377932 kB
MemAvailable:    1545444 kB
Buffers:           26400 kB
Cached:           256784 kB
MemTotal:        1844596 kB
MemFree:         1377348 kB
MemAvailable:    1544860 kB
Buffers:           26400 kB
Cached:           256784 kB
MemTotal:        1844596 kB
MemFree:         1375172 kB
MemAvailable:    1542684 kB
Buffers:           26400 kB
Cached:           256784 kB
MemTotal:        1844596 kB
MemFree:         1375924 kB
MemAvailable:    1543436 kB
Buffers:           26400 kB
Cached:           256784 kB
MemTotal:        1844596 kB
MemFree:         1374560 kB
MemAvailable:    1542072 kB
Buffers:           26400 kB
Cached:           256784 kB
MemTotal:        1844596 kB
MemFree:         1375752 kB
MemAvailable:    1543264 kB
Buffers:           26400 kB
Cached:           256784 kB
MemTotal:        1844596 kB
MemFree:         1375920 kB
MemAvailable:    1543432 kB
Buffers:           26400 kB
Cached:           256784 kB
MemTotal:        1844596 kB
MemFree:         1375652 kB
MemAvailable:    1543164 kB
Buffers:           26400 kB
Cached:           256784 kB
MemTotal:        1844596 kB
MemFree:         1375904 kB
MemAvailable:    1543416 kB
Buffers:           26400 kB
Cached:           256784 kB
MemTotal:        1844596 kB
MemFree:         1375896 kB
MemAvailable:    1543408 kB
Buffers:           26400 kB
Cached:           256784 kB
MemTotal:        1844596 kB
MemFree:         1376988 kB
MemAvailable:    1544500 kB
Buffers:           26400 kB
Cached:           256784 kB
MemTotal:        1844596 kB
MemFree:         1376800 kB
MemAvailable:    1544312 kB
Buffers:           26400 kB
Cached:           256784 kB
MemTotal:        1844596 kB
MemFree:         1376528 kB
MemAvailable:    1544040 kB
Buffers:           26400 kB
Cached:           256784 kB
MemTotal:        1844596 kB
MemFree:         1376864 kB
MemAvailable:    1544376 kB
Buffers:           26400 kB
Cached:           256784 kB
MemTotal:        1844596 kB
MemFree:         1374552 kB
MemAvailable:    1542064 kB
Buffers:           26400 kB
Cached:           256784 kB
MemTotal:        1844596 kB
MemFree:         1373560 kB
MemAvailable:    1541072 kB
Buffers:           26400 kB
Cached:           256784 kB
MemTotal:        1844596 kB
MemFree:         1372560 kB
MemAvailable:    1540072 kB
Buffers:           26400 kB
Cached:           256784 kB
MemTotal:        1844596 kB
MemFree:         1372896 kB
MemAvailable:    1540408 kB
Buffers:           26400 kB
Cached:           256784 kB
MemTotal:        1844596 kB
MemFree:         1371080 kB
MemAvailable:    1538592 kB
Buffers:           26400 kB
Cached:           256784 kB
MemTotal:        1844596 kB
MemFree:         1371948 kB
MemAvailable:    1539460 kB
Buffers:           26400 kB
Cached:           256784 kB
MemTotal:        1844596 kB
MemFree:         1371584 kB
MemAvailable:    1539096 kB
Buffers:           26400 kB
Cached:           256784 kB
MemTotal:        1844596 kB
MemFree:         1370296 kB
MemAvailable:    1537808 kB
Buffers:           26400 kB
Cached:           256784 kB
MemTotal:        1844596 kB
MemFree:         1370420 kB
MemAvailable:    1537932 kB
Buffers:           26400 kB
Cached:           256784 kB
MemTotal:        1844596 kB
MemFree:         1371572 kB
MemAvailable:    1539084 kB
Buffers:           26400 kB
Cached:           256784 kB
MemTotal:        1844596 kB
MemFree:         1370284 kB
MemAvailable:    1537796 kB
Buffers:           26400 kB
Cached:           256784 kB
MemTotal:        1844596 kB
MemFree:         1371272 kB
MemAvailable:    1538784 kB
Buffers:           26400 kB
Cached:           256784 kB
MemTotal:        1844596 kB
MemFree:         1369800 kB
MemAvailable:    1537312 kB
Buffers:           26400 kB
Cached:           256784 kB
MemTotal:        1844596 kB
MemFree:         1370716 kB
MemAvailable:    1538228 kB
Buffers:           26400 kB
Cached:           256784 kB
MemTotal:        1844596 kB
MemFree:         1369344 kB
MemAvailable:    1536856 kB
Buffers:           26400 kB
Cached:           256784 kB
MemTotal:        1844596 kB
MemFree:         1369164 kB
MemAvailable:    1536676 kB
Buffers:           26400 kB
Cached:           256784 kB
MemTotal:        1844596 kB
MemFree:         1369352 kB
MemAvailable:    1536868 kB
Buffers:           26400 kB
Cached:           256788 kB
MemTotal:        1844596 kB
MemFree:         1369608 kB
MemAvailable:    1537124 kB
Buffers:           26400 kB
Cached:           256788 kB
MemTotal:        1844596 kB
MemFree:         1370460 kB
MemAvailable:    1537976 kB
Buffers:           26400 kB
Cached:           256788 kB
MemTotal:        1844596 kB
MemFree:         1370544 kB
MemAvailable:    1538060 kB
Buffers:           26400 kB
Cached:           256788 kB
MemTotal:        1844596 kB
MemFree:         1370480 kB
MemAvailable:    1537996 kB
Buffers:           26400 kB
Cached:           256788 kB
MemTotal:        1844596 kB
MemFree:         1370648 kB
MemAvailable:    1538164 kB
Buffers:           26400 kB
Cached:           256788 kB
MemTotal:        1844596 kB
MemFree:         1369212 kB
MemAvailable:    1536728 kB
Buffers:           26400 kB
Cached:           256788 kB
MemTotal:        1844596 kB
MemFree:         1370344 kB
MemAvailable:    1537860 kB
Buffers:           26400 kB
Cached:           256788 kB
MemTotal:        1844596 kB
MemFree:         1369864 kB
MemAvailable:    1537380 kB
Buffers:           26400 kB
Cached:           256788 kB
MemTotal:        1844596 kB
MemFree:         1370116 kB
MemAvailable:    1537632 kB
Buffers:           26400 kB
Cached:           256788 kB
MemTotal:        1844596 kB
MemFree:         1370172 kB
MemAvailable:    1537688 kB
Buffers:           26400 kB
Cached:           256788 kB
MemTotal:        1844596 kB
MemFree:         1368684 kB
MemAvailable:    1536200 kB
Buffers:           26400 kB
Cached:           256788 kB
MemTotal:        1844596 kB
MemFree:         1368676 kB
MemAvailable:    1536192 kB
Buffers:           26400 kB
Cached:           256788 kB
MemTotal:        1844596 kB
MemFree:         1368676 kB
MemAvailable:    1536192 kB
Buffers:           26400 kB
Cached:           256788 kB
MemTotal:        1844596 kB
MemFree:         1369852 kB
MemAvailable:    1537368 kB
Buffers:           26400 kB
Cached:           256788 kB
MemTotal:        1844596 kB
MemFree:         1369976 kB
MemAvailable:    1537492 kB
Buffers:           26400 kB
Cached:           256788 kB
MemTotal:        1844596 kB
MemFree:         1368800 kB
MemAvailable:    1536316 kB
Buffers:           26400 kB
Cached:           256788 kB
MemTotal:        1844596 kB
MemFree:         1369644 kB
MemAvailable:    1537160 kB
Buffers:           26400 kB
Cached:           256788 kB
MemTotal:        1844596 kB
MemFree:         1369112 kB
MemAvailable:    1536628 kB
Buffers:           26400 kB
Cached:           256788 kB
MemTotal:        1844596 kB
MemFree:         1369412 kB
MemAvailable:    1536928 kB
Buffers:           26400 kB
Cached:           256788 kB
MemTotal:        1844596 kB
MemFree:         1369412 kB
MemAvailable:    1536928 kB
Buffers:           26400 kB
Cached:           256788 kB
MemTotal:        1844596 kB
MemFree:         1368676 kB
MemAvailable:    1536192 kB
Buffers:           26400 kB
Cached:           256788 kB
MemTotal:        1844596 kB
MemFree:         1366384 kB
MemAvailable:    1533900 kB
Buffers:           26400 kB
Cached:           256788 kB
MemTotal:        1844596 kB
MemFree:         1364508 kB
MemAvailable:    1532024 kB
Buffers:           26400 kB
Cached:           256788 kB
MemTotal:        1844596 kB
MemFree:         1363904 kB
MemAvailable:    1531420 kB
Buffers:           26400 kB
Cached:           256788 kB
MemTotal:        1844596 kB
MemFree:         1362292 kB
MemAvailable:    1529808 kB
Buffers:           26400 kB
Cached:           256788 kB
MemTotal:        1844596 kB
MemFree:         1362340 kB
MemAvailable:    1529856 kB
Buffers:           26400 kB
Cached:           256788 kB
MemTotal:        1844596 kB
MemFree:         1360804 kB
MemAvailable:    1528320 kB
Buffers:           26400 kB
Cached:           256788 kB
MemTotal:        1844596 kB
MemFree:         1361168 kB
MemAvailable:    1528684 kB
Buffers:           26400 kB
Cached:           256788 kB
MemTotal:        1844596 kB
MemFree:         1361712 kB
MemAvailable:    1529228 kB
Buffers:           26400 kB
Cached:           256788 kB
MemTotal:        1844596 kB
MemFree:         1360680 kB
MemAvailable:    1528196 kB
Buffers:           26400 kB
Cached:           256788 kB
MemTotal:        1844596 kB
MemFree:         1360672 kB
MemAvailable:    1528188 kB
Buffers:           26400 kB
Cached:           256788 kB
MemTotal:        1844596 kB
MemFree:         1362044 kB
MemAvailable:    1529560 kB
Buffers:           26400 kB
Cached:           256788 kB
MemTotal:        1844596 kB
MemFree:         1361972 kB
MemAvailable:    1529488 kB
Buffers:           26400 kB
Cached:           256788 kB
MemTotal:        1844596 kB
MemFree:         1361848 kB
MemAvailable:    1529364 kB
Buffers:           26400 kB
Cached:           256788 kB
MemTotal:        1844596 kB
MemFree:         1361912 kB
MemAvailable:    1529428 kB
Buffers:           26400 kB
Cached:           256788 kB
MemTotal:        1844596 kB
MemFree:         1360796 kB
MemAvailable:    1528312 kB
Buffers:           26400 kB
Cached:           256788 kB
MemTotal:        1844596 kB
MemFree:         1360548 kB
MemAvailable:    1528064 kB
Buffers:           26400 kB
Cached:           256788 kB
MemTotal:        1844596 kB
MemFree:         1361656 kB
MemAvailable:    1529172 kB
Buffers:           26400 kB
Cached:           256788 kB
MemTotal:        1844596 kB
MemFree:         1361176 kB
MemAvailable:    1528692 kB
Buffers:           26400 kB
Cached:           256788 kB
MemTotal:        1844596 kB
MemFree:         1361300 kB
MemAvailable:    1528816 kB
Buffers:           26400 kB
Cached:           256788 kB
MemTotal:        1844596 kB
MemFree:         1360060 kB
MemAvailable:    1527576 kB
Buffers:           26400 kB
Cached:           256788 kB
MemTotal:        1844596 kB
MemFree:         1359812 kB
MemAvailable:    1527328 kB
Buffers:           26400 kB
Cached:           256788 kB
MemTotal:        1844596 kB
MemFree:         1359316 kB
MemAvailable:    1526832 kB
Buffers:           26400 kB
Cached:           256788 kB
MemTotal:        1844596 kB
MemFree:         1358944 kB
MemAvailable:    1526460 kB
Buffers:           26400 kB
Cached:           256788 kB
MemTotal:        1844596 kB
MemFree:         1358928 kB
MemAvailable:    1526444 kB
Buffers:           26400 kB
Cached:           256788 kB
MemTotal:        1844596 kB
MemFree:         1358448 kB
MemAvailable:    1525964 kB
Buffers:           26400 kB
Cached:           256788 kB
MemTotal:        1844596 kB
MemFree:         1358808 kB
MemAvailable:    1526324 kB
Buffers:           26400 kB
Cached:           256788 kB
MemTotal:        1844596 kB
MemFree:         1358552 kB
MemAvailable:    1526068 kB
Buffers:           26400 kB
Cached:           256788 kB
MemTotal:        1844596 kB
MemFree:         1358192 kB
MemAvailable:    1525708 kB
Buffers:           26400 kB
Cached:           256788 kB
MemTotal:        1844596 kB
MemFree:         1357880 kB
MemAvailable:    1525396 kB
Buffers:           26400 kB
Cached:           256788 kB
MemTotal:        1844596 kB
MemFree:         1357568 kB
MemAvailable:    1525084 kB
Buffers:           26400 kB
Cached:           256788 kB
MemTotal:        1844596 kB
MemFree:         1356680 kB
MemAvailable:    1524196 kB
Buffers:           26400 kB
Cached:           256788 kB
MemTotal:        1844596 kB
MemFree:         1357796 kB
MemAvailable:    1525312 kB
Buffers:           26400 kB
Cached:           256788 kB
MemTotal:        1844596 kB
MemFree:         1357852 kB
MemAvailable:    1525368 kB
Buffers:           26400 kB
Cached:           256788 kB
MemTotal:        1844596 kB
MemFree:         1357896 kB
MemAvailable:    1525412 kB
Buffers:           26400 kB
Cached:           256788 kB
MemTotal:        1844596 kB
MemFree:         1356456 kB
MemAvailable:    1523972 kB
Buffers:           26400 kB
Cached:           256788 kB
MemTotal:        1844596 kB
MemFree:         1356548 kB
MemAvailable:    1524064 kB
Buffers:           26400 kB
Cached:           256788 kB
MemTotal:        1844596 kB
MemFree:         1357756 kB
MemAvailable:    1525272 kB
Buffers:           26400 kB
Cached:           256788 kB
MemTotal:        1844596 kB
MemFree:         1356332 kB
MemAvailable:    1523848 kB
Buffers:           26400 kB
Cached:           256788 kB
MemTotal:        1844596 kB
MemFree:         1357484 kB
MemAvailable:    1525000 kB
Buffers:           26400 kB
Cached:           256788 kB
MemTotal:        1844596 kB
MemFree:         1356192 kB
MemAvailable:    1523708 kB
Buffers:           26400 kB
Cached:           256788 kB
MemTotal:        1844596 kB
MemFree:         1349876 kB
MemAvailable:    1517392 kB
Buffers:           26400 kB
Cached:           256788 kB
MemTotal:        1844596 kB
MemFree:         1349960 kB
MemAvailable:    1517476 kB
Buffers:           26400 kB
Cached:           256788 kB
MemTotal:        1844596 kB
MemFree:         1349880 kB
MemAvailable:    1517396 kB
Buffers:           26400 kB
Cached:           256788 kB
MemTotal:        1844596 kB
MemFree:         1349752 kB
MemAvailable:    1517268 kB
Buffers:           26400 kB
Cached:           256788 kB
MemTotal:        1844596 kB
MemFree:         1350088 kB
MemAvailable:    1517604 kB
Buffers:           26400 kB
Cached:           256788 kB
MemTotal:        1844596 kB
MemFree:         1349752 kB
MemAvailable:    1517268 kB
Buffers:           26400 kB
Cached:           256788 kB
MemTotal:        1844596 kB
MemFree:         1348736 kB
MemAvailable:    1516260 kB
Buffers:           26400 kB
Cached:           256796 kB
MemTotal:        1844596 kB
MemFree:         1351820 kB
MemAvailable:    1519344 kB
Buffers:           26400 kB
Cached:           256796 kB
MemTotal:        1844596 kB
MemFree:         1350760 kB
MemAvailable:    1518284 kB
Buffers:           26400 kB
Cached:           256796 kB
MemTotal:        1844596 kB
MemFree:         1351076 kB
MemAvailable:    1518684 kB
Buffers:           26400 kB
Cached:           256920 kB
MemTotal:        1844596 kB
MemFree:         1351172 kB
MemAvailable:    1518948 kB
Buffers:           26400 kB
Cached:           257044 kB
MemTotal:        1844596 kB
MemFree:         1350016 kB
MemAvailable:    1517876 kB
Buffers:           26400 kB
Cached:           257168 kB
MemTotal:        1844596 kB
MemFree:         1350732 kB
MemAvailable:    1518760 kB
Buffers:           26400 kB
Cached:           257416 kB
MemTotal:        1844596 kB
MemFree:         1350984 kB
MemAvailable:    1519012 kB
Buffers:           26400 kB
Cached:           257416 kB
MemTotal:        1844596 kB
MemFree:         1350704 kB
MemAvailable:    1518816 kB
Buffers:           26400 kB
Cached:           257416 kB
MemTotal:        1844596 kB
MemFree:         1350704 kB
MemAvailable:    1518816 kB
Buffers:           26400 kB
Cached:           257416 kB
MemTotal:        1844596 kB
MemFree:         1349588 kB
MemAvailable:    1517700 kB
Buffers:           26400 kB
Cached:           257416 kB
MemTotal:        1844596 kB
MemFree:         1350740 kB
MemAvailable:    1518852 kB
Buffers:           26400 kB
Cached:           257416 kB
MemTotal:        1844596 kB
MemFree:         1349768 kB
MemAvailable:    1517880 kB
Buffers:           26400 kB
Cached:           257416 kB
MemTotal:        1844596 kB
MemFree:         1350744 kB
MemAvailable:    1518912 kB
Buffers:           26400 kB
Cached:           257392 kB
MemTotal:        1844596 kB
MemFree:         1351080 kB
MemAvailable:    1519248 kB
Buffers:           26400 kB
Cached:           257392 kB
MemTotal:        1844596 kB
MemFree:         1350812 kB
MemAvailable:    1518980 kB
Buffers:           26400 kB
Cached:           257516 kB
MemTotal:        1844596 kB
MemFree:         1350504 kB
MemAvailable:    1518084 kB
Buffers:           26400 kB
Cached:           256844 kB
MemTotal:        1844596 kB
MemFree:         1415108 kB
MemAvailable:    1582688 kB
Buffers:           26400 kB
Cached:           256844 kB
