MemTotal:        1844596 kB
MemFree:         1274760 kB
MemAvailable:    1569576 kB
Buffers:           45092 kB
Cached:           367364 kB
MemTotal:        1844596 kB
MemFree:         1247960 kB
MemAvailable:    1542784 kB
Buffers:           45092 kB
Cached:           367368 kB
MemTotal:        1844596 kB
MemFree:         1246100 kB
MemAvailable:    1540924 kB
Buffers:           45092 kB
Cached:           367368 kB
MemTotal:        1844596 kB
MemFree:         1243984 kB
MemAvailable:    1538808 kB
Buffers:           45092 kB
Cached:           367368 kB
MemTotal:        1844596 kB
MemFree:         1243860 kB
MemAvailable:    1538684 kB
Buffers:           45092 kB
Cached:           367368 kB
MemTotal:        1844596 kB
MemFree:         1242488 kB
MemAvailable:    1537312 kB
Buffers:           45092 kB
Cached:           367368 kB
MemTotal:        1844596 kB
MemFree:         1241248 kB
MemAvailable:    1536072 kB
Buffers:           45092 kB
Cached:           367368 kB
MemTotal:        1844596 kB
MemFree:         1241084 kB
MemAvailable:    1535908 kB
Buffers:           45092 kB
Cached:           367368 kB
MemTotal:        1844596 kB
MemFree:         1237712 kB
MemAvailable:    1532536 kB
Buffers:           45092 kB
Cached:           367368 kB
MemTotal:        1844596 kB
MemFree:         1233452 kB
MemAvailable:    1528276 kB
Buffers:           45092 kB
Cached:           367368 kB
MemTotal:        1844596 kB
MemFree:         1232620 kB
MemAvailable:    1527444 kB
Buffers:           45092 kB
Cached:           367368 kB
MemTotal:        1844596 kB
MemFree:         1233964 kB
MemAvailable:    1528788 kB
Buffers:           45092 kB
Cached:           367368 kB
MemTotal:        1844596 kB
MemFree:         1232576 kB
MemAvailable:    1527400 kB
Buffers:           45092 kB
Cached:           367368 kB
MemTotal:        1844596 kB
MemFree:         1232528 kB
MemAvailable:    1527352 kB
Buffers:           45092 kB
Cached:           367368 kB
MemTotal:        1844596 kB
MemFree:         1233836 kB
MemAvailable:    1528660 kB
Buffers:           45092 kB
Cached:           367368 kB
MemTotal:        1844596 kB
MemFree:         1233264 kB
MemAvailable:    1528088 kB
Buffers:           45092 kB
Cached:           367368 kB
MemTotal:        1844596 kB
MemFree:         1232584 kB
MemAvailable:    1527408 kB
Buffers:           45092 kB
Cached:           367368 kB
MemTotal:        1844596 kB
MemFree:         1230476 kB
MemAvailable:    1525300 kB
Buffers:           45092 kB
Cached:           367368 kB
MemTotal:        1844596 kB
MemFree:         1231336 kB
MemAvailable:    1526160 kB
Buffers:           45092 kB
Cached:           367368 kB
MemTotal:        1844596 kB
MemFree:         1231456 kB
MemAvailable:    1526280 kB
Buffers:           45092 kB
Cached:           367368 kB
MemTotal:        1844596 kB
MemFree:         1230044 kB
MemAvailable:    1524868 kB
Buffers:           45092 kB
Cached:           367368 kB
MemTotal:        1844596 kB
MemFree:         1230052 kB
MemAvailable:    1524876 kB
Buffers:           45092 kB
Cached:           367368 kB
MemTotal:        1844596 kB
MemFree:         1230052 kB
MemAvailable:    1524876 kB
Buffers:           45092 kB
Cached:           367368 kB
MemTotal:        1844596 kB
MemFree:         1230044 kB
MemAvailable:    1524868 kB
Buffers:           45092 kB
Cached:           367368 kB
MemTotal:        1844596 kB
MemFree:         1230044 kB
MemAvailable:    1524868 kB
Buffers:           45092 kB
Cached:           367368 kB
MemTotal:        1844596 kB
MemFree:         1230160 kB
MemAvailable:    1524984 kB
Buffers:           45092 kB
Cached:           367368 kB
MemTotal:        1844596 kB
MemFree:         1232568 kB
MemAvailable:    1527392 kB
Buffers:           45092 kB
Cached:           367368 kB
MemTotal:        1844596 kB
MemFree:         1232212 kB
MemAvailable:    1527036 kB
Buffers:           45092 kB
Cached:           367368 kB
MemTotal:        1844596 kB
MemFree:         1229840 kB
MemAvailable:    1524664 kB
Buffers:           45092 kB
Cached:           367368 kB
MemTotal:        1844596 kB
MemFree:         1229484 kB
MemAvailable:    1524308 kB
Buffers:           45092 kB
Cached:           367368 kB
MemTotal:        1844596 kB
MemFree:         1228848 kB
MemAvailable:    1523672 kB
Buffers:           45092 kB
Cached:           367368 kB
MemTotal:        1844596 kB
MemFree:         1228492 kB
MemAvailable:    1523316 kB
Buffers:           45092 kB
Cached:           367368 kB
MemTotal:        1844596 kB
MemFree:         1228228 kB
MemAvailable:    1523052 kB
Buffers:           45092 kB
Cached:           367368 kB
MemTotal:        1844596 kB
MemFree:         1228120 kB
MemAvailable:    1522944 kB
Buffers:           45092 kB
Cached:           367368 kB
MemTotal:        1844596 kB
MemFree:         1227360 kB
MemAvailable:    1522184 kB
Buffers:           45092 kB
Cached:           367368 kB
MemTotal:        1844596 kB
MemFree:         1227252 kB
MemAvailable:    1522076 kB
Buffers:           45092 kB
Cached:           367368 kB
MemTotal:        1844596 kB
MemFree:         1227132 kB
MemAvailable:    1521956 kB
Buffers:           45092 kB
Cached:           367368 kB
MemTotal:        1844596 kB
MemFree:         1225824 kB
MemAvailable:    1520648 kB
Buffers:           45092 kB
Cached:           367368 kB
MemTotal:        1844596 kB
MemFree:         1225824 kB
MemAvailable:    1520648 kB
Buffers:           45092 kB
Cached:           367368 kB
MemTotal:        1844596 kB
MemFree:         1225948 kB
MemAvailable:    1520772 kB
Buffers:           45092 kB
Cached:           367368 kB
MemTotal:        1844596 kB
MemFree:         1225692 kB
MemAvailable:    1520516 kB
Buffers:           45092 kB
Cached:           367368 kB
MemTotal:        1844596 kB
MemFree:         1225684 kB
MemAvailable:    1520508 kB
Buffers:           45092 kB
Cached:           367368 kB
MemTotal:        1844596 kB
MemFree:         1226436 kB
MemAvailable:    1521260 kB
Buffers:           45092 kB
Cached:           367368 kB
MemTotal:        1844596 kB
MemFree:         1225012 kB
MemAvailable:    1519836 kB
Buffers:           45092 kB
Cached:           367368 kB
MemTotal:        1844596 kB
MemFree:         1226140 kB
MemAvailable:    1520964 kB
Buffers:           45092 kB
Cached:           367368 kB
MemTotal:        1844596 kB
MemFree:         1224832 kB
MemAvailable:    1519656 kB
Buffers:           45092 kB
Cached:           367368 kB
MemTotal:        1844596 kB
MemFree:         1226064 kB
MemAvailable:    1520888 kB
Buffers:           45092 kB
Cached:           367368 kB
MemTotal:        1844596 kB
MemFree:         1226316 kB
MemAvailable:    1521140 kB
Buffers:           45092 kB
Cached:           367368 kB
MemTotal:        1844596 kB
MemFree:         1225996 kB
MemAvailable:    1520820 kB
Buffers:           45092 kB
Cached:           367368 kB
MemTotal:        1844596 kB
MemFree:         1226316 kB
MemAvailable:    1521140 kB
Buffers:           45092 kB
Cached:           367368 kB
MemTotal:        1844596 kB
MemFree:         1226080 kB
MemAvailable:    1520904 kB
Buffers:           45092 kB
Cached:           367368 kB
MemTotal:        1844596 kB
MemFree:         1226120 kB
MemAvailable:    1520944 kB
Buffers:           45092 kB
Cached:           367368 kB
MemTotal:        1844596 kB
MemFree:         1226372 kB
MemAvailable:    1521196 kB
Buffers:           45092 kB
Cached:           367368 kB
MemTotal:        1844596 kB
MemFree:         1225748 kB
MemAvailable:    1520576 kB
Buffers:           45092 kB
Cached:           367372 kB
MemTotal:        1844596 kB
MemFree:         1225640 kB
MemAvailable:    1520468 kB
Buffers:           45092 kB
Cached:           367372 kB
MemTotal:        1844596 kB
MemFree:         1225444 kB
MemAvailable:    1520272 kB
Buffers:           45092 kB
Cached:           367372 kB
MemTotal:        1844596 kB
MemFree:         1225696 kB
MemAvailable:    1520524 kB
Buffers:           45092 kB
Cached:           367372 kB
MemTotal:        1844596 kB
MemFree:         1225320 kB
MemAvailable:    1520148 kB
Buffers:           45092 kB
Cached:           367372 kB
MemTotal:        1844596 kB
MemFree:         1224840 kB
MemAvailable:    1519668 kB
Buffers:           45092 kB
Cached:           367372 kB
MemTotal:        1844596 kB
MemFree:         1225260 kB
MemAvailable:    1520088 kB
Buffers:           45092 kB
Cached:           367372 kB
MemTotal:        1844596 kB
MemFree:         1223864 kB
MemAvailable:    1518692 kB
Buffers:           45092 kB
Cached:           367372 kB
MemTotal:        1844596 kB
MemFree:         1225112 kB
MemAvailable:    1519940 kB
Buffers:           45092 kB
Cached:           367372 kB
MemTotal:        1844596 kB
MemFree:         1224116 kB
MemAvailable:    1518944 kB
Buffers:           45092 kB
Cached:           367372 kB
MemTotal:        1844596 kB
MemFree:         1225328 kB
MemAvailable:    1520156 kB
Buffers:           45092 kB
Cached:           367372 kB
MemTotal:        1844596 kB
MemFree:         1223768 kB
MemAvailable:    1518596 kB
Buffers:           45092 kB
Cached:           367372 kB
MemTotal:        1844596 kB
MemFree:         1223752 kB
MemAvailable:    1518580 kB
Buffers:           45092 kB
Cached:           367372 kB
MemTotal:        1844596 kB
MemFree:         1223840 kB
MemAvailable:    1518668 kB
Buffers:           45092 kB
Cached:           367372 kB
MemTotal:        1844596 kB
MemFree:         1223640 kB
MemAvailable:    1518468 kB
Buffers:           45092 kB
Cached:           367372 kB
MemTotal:        1844596 kB
MemFree:         1219564 kB
MemAvailable:    1514392 kB
Buffers:           45092 kB
Cached:           367372 kB
MemTotal:        1844596 kB
MemFree:         1216456 kB
MemAvailable:    1511284 kB
Buffers:           45092 kB
Cached:           367372 kB
MemTotal:        1844596 kB
MemFree:         1217572 kB
MemAvailable:    1512400 kB
Buffers:           45092 kB
Cached:           367372 kB
MemTotal:        1844596 kB
MemFree:         1217440 kB
MemAvailable:    1512268 kB
Buffers:           45092 kB
Cached:           367372 kB
MemTotal:        1844596 kB
MemFree:         1217336 kB
MemAvailable:    1512164 kB
Buffers:           45092 kB
Cached:           367372 kB
MemTotal:        1844596 kB
MemFree:         1217324 kB
MemAvailable:    1512152 kB
Buffers:           45092 kB
Cached:           367372 kB
MemTotal:        1844596 kB
MemFree:         1217092 kB
MemAvailable:    1511920 kB
Buffers:           45092 kB
Cached:           367372 kB
MemTotal:        1844596 kB
MemFree:         1217020 kB
MemAvailable:    1511848 kB
Buffers:           45092 kB
Cached:           367372 kB
MemTotal:        1844596 kB
MemFree:         1217356 kB
MemAvailable:    1512184 kB
Buffers:           45092 kB
Cached:           367372 kB
MemTotal:        1844596 kB
MemFree:         1215948 kB
MemAvailable:    1510776 kB
Buffers:           45092 kB
Cached:           367372 kB
MemTotal:        1844596 kB
MemFree:         1217140 kB
MemAvailable:    1511968 kB
Buffers:           45092 kB
Cached:           367372 kB
MemTotal:        1844596 kB
MemFree:         1217084 kB
MemAvailable:    1511912 kB
Buffers:           45092 kB
Cached:           367372 kB
MemTotal:        1844596 kB
MemFree:         1217180 kB
MemAvailable:    1512008 kB
Buffers:           45092 kB
Cached:           367372 kB
MemTotal:        1844596 kB
MemFree:         1217432 kB
MemAvailable:    1512260 kB
Buffers:           45092 kB
Cached:           367372 kB
MemTotal:        1844596 kB
MemFree:         1215900 kB
MemAvailable:    1510728 kB
Buffers:           45092 kB
Cached:           367372 kB
MemTotal:        1844596 kB
MemFree:         1216032 kB
MemAvailable:    1510860 kB
Buffers:           45092 kB
Cached:           367372 kB
MemTotal:        1844596 kB
MemFree:         1215332 kB
MemAvailable:    1510160 kB
Buffers:           45092 kB
Cached:           367372 kB
MemTotal:        1844596 kB
MemFree:         1215456 kB
MemAvailable:    1510284 kB
Buffers:           45092 kB
Cached:           367372 kB
MemTotal:        1844596 kB
MemFree:         1216260 kB
MemAvailable:    1511088 kB
Buffers:           45092 kB
Cached:           367372 kB
MemTotal:        1844596 kB
MemFree:         1215928 kB
MemAvailable:    1510756 kB
Buffers:           45092 kB
Cached:           367372 kB
MemTotal:        1844596 kB
MemFree:         1215960 kB
MemAvailable:    1510788 kB
Buffers:           45092 kB
Cached:           367372 kB
MemTotal:        1844596 kB
MemFree:         1213488 kB
MemAvailable:    1508316 kB
Buffers:           45092 kB
Cached:           367372 kB
MemTotal:        1844596 kB
MemFree:         1214464 kB
MemAvailable:    1509292 kB
Buffers:           45092 kB
Cached:           367372 kB
MemTotal:        1844596 kB
MemFree:         1214232 kB
MemAvailable:    1509060 kB
Buffers:           45092 kB
Cached:           367372 kB
MemTotal:        1844596 kB
MemFree:         1214108 kB
MemAvailable:    1508936 kB
Buffers:           45092 kB
Cached:           367372 kB
MemTotal:        1844596 kB
MemFree:         1212620 kB
MemAvailable:    1507448 kB
Buffers:           45092 kB
Cached:           367372 kB
MemTotal:        1844596 kB
MemFree:         1212612 kB
MemAvailable:    1507440 kB
Buffers:           45092 kB
Cached:           367372 kB
MemTotal:        1844596 kB
MemFree:         1213780 kB
MemAvailable:    1508608 kB
Buffers:           45092 kB
Cached:           367372 kB
MemTotal:        1844596 kB
MemFree:         1213728 kB
MemAvailable:    1508556 kB
Buffers:           45092 kB
Cached:           367372 kB
MemTotal:        1844596 kB
MemFree:         1212068 kB
MemAvailable:    1506896 kB
Buffers:           45092 kB
Cached:           367372 kB
MemTotal:        1844596 kB
MemFree:         1212240 kB
MemAvailable:    1507068 kB
Buffers:           45092 kB
Cached:           367372 kB
MemTotal:        1844596 kB
MemFree:         1213348 kB
MemAvailable:    1508176 kB
Buffers:           45092 kB
Cached:           367372 kB
MemTotal:        1844596 kB
MemFree:         1213600 kB
MemAvailable:    1508428 kB
Buffers:           45092 kB
Cached:           367372 kB
MemTotal:        1844596 kB
MemFree:         1213420 kB
MemAvailable:    1508248 kB
Buffers:           45092 kB
Cached:           367372 kB
MemTotal:        1844596 kB
MemFree:         1213240 kB
MemAvailable:    1508068 kB
Buffers:           45092 kB
Cached:           367372 kB
MemTotal:        1844596 kB
MemFree:         1212728 kB
MemAvailable:    1507556 kB
Buffers:           45092 kB
Cached:           367372 kB
MemTotal:        1844596 kB
MemFree:         1212620 kB
MemAvailable:    1507448 kB
Buffers:           45092 kB
Cached:           367372 kB
MemTotal:        1844596 kB
MemFree:         1211316 kB
MemAvailable:    1506144 kB
Buffers:           45092 kB
Cached:           367372 kB
MemTotal:        1844596 kB
MemFree:         1204684 kB
MemAvailable:    1499512 kB
Buffers:           45092 kB
Cached:           367372 kB
MemTotal:        1844596 kB
MemFree:         1205604 kB
MemAvailable:    1500432 kB
Buffers:           45092 kB
Cached:           367372 kB
MemTotal:        1844596 kB
MemFree:         1205656 kB
MemAvailable:    1500484 kB
Buffers:           45092 kB
Cached:           367372 kB
MemTotal:        1844596 kB
MemFree:         1205428 kB
MemAvailable:    1500256 kB
Buffers:           45092 kB
Cached:           367372 kB
MemTotal:        1844596 kB
MemFree:         1205464 kB
MemAvailable:    1500292 kB
Buffers:           45092 kB
Cached:           367372 kB
MemTotal:        1844596 kB
MemFree:         1205356 kB
MemAvailable:    1500184 kB
Buffers:           45092 kB
Cached:           367372 kB
MemTotal:        1844596 kB
MemFree:         1206256 kB
MemAvailable:    1501084 kB
Buffers:           45092 kB
Cached:           367372 kB
MemTotal:        1844596 kB
MemFree:         1207164 kB
MemAvailable:    1501992 kB
Buffers:           45096 kB
Cached:           367368 kB
MemTotal:        1844596 kB
MemFree:         1206844 kB
MemAvailable:    1501840 kB
Buffers:           45096 kB
Cached:           367616 kB
MemTotal:        1844596 kB
MemFree:         1205412 kB
MemAvailable:    1500492 kB
Buffers:           45096 kB
Cached:           367740 kB
MemTotal:        1844596 kB
MemFree:         1206404 kB
MemAvailable:    1501736 kB
Buffers:           45096 kB
Cached:           367864 kB
MemTotal:        1844596 kB
MemFree:         1205800 kB
MemAvailable:    1501132 kB
Buffers:           45096 kB
Cached:           367864 kB
MemTotal:        1844596 kB
MemFree:         1206364 kB
MemAvailable:    1501804 kB
Buffers:           45096 kB
Cached:           368016 kB
MemTotal:        1844596 kB
MemFree:         1206084 kB
MemAvailable:    1501524 kB
Buffers:           45096 kB
Cached:           368016 kB
MemTotal:        1844596 kB
MemFree:         1206232 kB
MemAvailable:    1501756 kB
Buffers:           45096 kB
Cached:           368016 kB
MemTotal:        1844596 kB
MemFree:         1206344 kB
MemAvailable:    1501868 kB
Buffers:           45096 kB
Cached:           368016 kB
MemTotal:        1844596 kB
MemFree:         1204892 kB
MemAvailable:    1500416 kB
Buffers:           45096 kB
Cached:           368016 kB
MemTotal:        1844596 kB
MemFree:         1206256 kB
MemAvailable:    1501780 kB
Buffers:           45096 kB
Cached:           368016 kB
MemTotal:        1844596 kB
MemFree:         1204884 kB
MemAvailable:    1500408 kB
Buffers:           45096 kB
Cached:           368016 kB
MemTotal:        1844596 kB
MemFree:         1204932 kB
MemAvailable:    1500456 kB
Buffers:           45096 kB
Cached:           368016 kB
MemTotal:        1844596 kB
MemFree:         1204916 kB
MemAvailable:    1499852 kB
Buffers:           45096 kB
Cached:           367384 kB
MemTotal:        1844596 kB
MemFree:         1274552 kB
MemAvailable:    1569488 kB
Buffers:           45096 kB
Cached:           367384 kB
