MemTotal:        1844596 kB
MemFree:         1197712 kB
MemAvailable:    1563032 kB
Buffers:           53728 kB
Cached:           423828 kB
MemTotal:        1844596 kB
MemFree:         1170368 kB
MemAvailable:    1535692 kB
Buffers:           53728 kB
Cached:           423832 kB
MemTotal:        1844596 kB
MemFree:         1168184 kB
MemAvailable:    1533508 kB
Buffers:           53728 kB
Cached:           423832 kB
MemTotal:        1844596 kB
MemFree:         1166688 kB
MemAvailable:    1532012 kB
Buffers:           53728 kB
Cached:           423832 kB
MemTotal:        1844596 kB
MemFree:         1165488 kB
MemAvailable:    1530812 kB
Buffers:           53728 kB
Cached:           423832 kB
MemTotal:        1844596 kB
MemFree:         1165488 kB
MemAvailable:    1530812 kB
Buffers:           53728 kB
Cached:           423832 kB
MemTotal:        1844596 kB
MemFree:         1163820 kB
MemAvailable:    1529144 kB
Buffers:           53728 kB
Cached:           423832 kB
MemTotal:        1844596 kB
MemFree:         1160968 kB
MemAvailable:    1526292 kB
Buffers:           53728 kB
Cached:           423832 kB
MemTotal:        1844596 kB
MemFree:         1159048 kB
MemAvailable:    1524372 kB
Buffers:           53728 kB
Cached:           423832 kB
MemTotal:        1844596 kB
MemFree:         1154576 kB
MemAvailable:    1519900 kB
Buffers:           53728 kB
Cached:           423832 kB
MemTotal:        1844596 kB
MemFree:         1155548 kB
MemAvailable:    1520872 kB
Buffers:           53728 kB
Cached:           423832 kB
MemTotal:        1844596 kB
MemFree:         1156900 kB
MemAvailable:    1522224 kB
Buffers:           53728 kB
Cached:           423832 kB
MemTotal:        1844596 kB
MemFree:         1156892 kB
MemAvailable:    1522216 kB
Buffers:           53728 kB
Cached:           423832 kB
MemTotal:        1844596 kB
MemFree:         1155404 kB
MemAvailable:    1520728 kB
Buffers:           53728 kB
Cached:           423832 kB
MemTotal:        1844596 kB
MemFree:         1155404 kB
MemAvailable:    1520728 kB
Buffers:           53728 kB
Cached:           423832 kB
MemTotal:        1844596 kB
MemFree:         1154956 kB
MemAvailable:    1520280 kB
Buffers:           53728 kB
Cached:           423832 kB
MemTotal:        1844596 kB
MemFree:         1154892 kB
MemAvailable:    1520216 kB
Buffers:           53728 kB
Cached:           423832 kB
MemTotal:        1844596 kB
MemFree:         1153468 kB
MemAvailable:    1518792 kB
Buffers:           53728 kB
Cached:           423832 kB
MemTotal:        1844596 kB
MemFree:         1154344 kB
MemAvailable:    1519668 kB
Buffers:           53728 kB
Cached:           423832 kB
MemTotal:        1844596 kB
MemFree:         1154272 kB
MemAvailable:    1519596 kB
Buffers:           53728 kB
Cached:           423832 kB
MemTotal:        1844596 kB
MemFree:         1153592 kB
MemAvailable:    1518916 kB
Buffers:           53728 kB
Cached:           423832 kB
MemTotal:        1844596 kB
MemFree:         1154320 kB
MemAvailable:    1519644 kB
Buffers:           53728 kB
Cached:           423832 kB
MemTotal:        1844596 kB
MemFree:         1154336 kB
MemAvailable:    1519660 kB
Buffers:           53728 kB
Cached:           423832 kB
MemTotal:        1844596 kB
MemFree:         1152956 kB
MemAvailable:    1518280 kB
Buffers:           53728 kB
Cached:           423832 kB
MemTotal:        1844596 kB
MemFree:         1154424 kB
MemAvailable:    1519748 kB
Buffers:           53728 kB
Cached:           423832 kB
MemTotal:        1844596 kB
MemFree:         1154404 kB
MemAvailable:    1519728 kB
Buffers:           53728 kB
Cached:           423832 kB
MemTotal:        1844596 kB
MemFree:         1155824 kB
MemAvailable:    1521148 kB
Buffers:           53728 kB
Cached:           423832 kB
MemTotal:        1844596 kB
MemFree:         1154940 kB
MemAvailable:    1520264 kB
Buffers:           53728 kB
Cached:           423832 kB
MemTotal:        1844596 kB
MemFree:         1154336 kB
MemAvailable:    1519660 kB
Buffers:           53728 kB
Cached:           423832 kB
MemTotal:        1844596 kB
MemFree:         1151724 kB
MemAvailable:    1517048 kB
Buffers:           53728 kB
Cached:           423832 kB
MemTotal:        1844596 kB
MemFree:         1152164 kB
MemAvailable:    1517488 kB
Buffers:           53728 kB
Cached:           423832 kB
MemTotal:        1844596 kB
MemFree:         1150732 kB
MemAvailable:    1516056 kB
Buffers:           53728 kB
Cached:           423832 kB
MemTotal:        1844596 kB
MemFree:         1149996 kB
MemAvailable:    1515320 kB
Buffers:           53728 kB
Cached:           423832 kB
MemTotal:        1844596 kB
MemFree:         1151236 kB
MemAvailable:    1516560 kB
Buffers:           53728 kB
Cached:           423832 kB
MemTotal:        1844596 kB
MemFree:         1149244 kB
MemAvailable:    1514568 kB
Buffers:           53728 kB
Cached:           423832 kB
MemTotal:        1844596 kB
MemFree:         1149252 kB
MemAvailable:    1514576 kB
Buffers:           53728 kB
Cached:           423832 kB
MemTotal:        1844596 kB
MemFree:         1148872 kB
MemAvailable:    1514196 kB
Buffers:           53728 kB
Cached:           423832 kB
MemTotal:        1844596 kB
MemFree:         1148996 kB
MemAvailable:    1514320 kB
Buffers:           53728 kB
Cached:           423832 kB
MemTotal:        1844596 kB
MemFree:         1148996 kB
MemAvailable:    1514320 kB
Buffers:           53728 kB
Cached:           423832 kB
MemTotal:        1844596 kB
MemFree:         1149112 kB
MemAvailable:    1514436 kB
Buffers:           53728 kB
Cached:           423832 kB
MemTotal:        1844596 kB
MemFree:         1149624 kB
MemAvailable:    1514948 kB
Buffers:           53728 kB
Cached:           423832 kB
MemTotal:        1844596 kB
MemFree:         1149196 kB
MemAvailable:    1514520 kB
Buffers:           53728 kB
Cached:           423832 kB
MemTotal:        1844596 kB
MemFree:         1149448 kB
MemAvailable:    1514772 kB
Buffers:           53728 kB
Cached:           423832 kB
MemTotal:        1844596 kB
MemFree:         1147880 kB
MemAvailable:    1513204 kB
Buffers:           53728 kB
Cached:           423832 kB
MemTotal:        1844596 kB
MemFree:         1147956 kB
MemAvailable:    1513280 kB
Buffers:           53728 kB
Cached:           423832 kB
MemTotal:        1844596 kB
MemFree:         1147832 kB
MemAvailable:    1513156 kB
Buffers:           53728 kB
Cached:           423832 kB
MemTotal:        1844596 kB
MemFree:         1149132 kB
MemAvailable:    1514456 kB
Buffers:           53728 kB
Cached:           423832 kB
MemTotal:        1844596 kB
MemFree:         1149132 kB
MemAvailable:    1514456 kB
Buffers:           53728 kB
Cached:           423832 kB
MemTotal:        1844596 kB
MemFree:         1149052 kB
MemAvailable:    1514376 kB
Buffers:           53728 kB
Cached:           423832 kB
MemTotal:        1844596 kB
MemFree:         1149128 kB
MemAvailable:    1514452 kB
Buffers:           53728 kB
Cached:           423832 kB
MemTotal:        1844596 kB
MemFree:         1149176 kB
MemAvailable:    1514500 kB
Buffers:           53728 kB
Cached:           423832 kB
MemTotal:        1844596 kB
MemFree:         1147828 kB
MemAvailable:    1513152 kB
Buffers:           53728 kB
Cached:           423832 kB
MemTotal:        1844596 kB
MemFree:         1147988 kB
MemAvailable:    1513312 kB
Buffers:           53728 kB
Cached:           423832 kB
MemTotal:        1844596 kB
MemFree:         1147988 kB
MemAvailable:    1513312 kB
Buffers:           53728 kB
Cached:           423832 kB
MemTotal:        1844596 kB
MemFree:         1147640 kB
MemAvailable:    1512964 kB
Buffers:           53728 kB
Cached:           423832 kB
MemTotal:        1844596 kB
MemFree:         1147384 kB
MemAvailable:    1512708 kB
Buffers:           53728 kB
Cached:           423832 kB
MemTotal:        1844596 kB
MemFree:         1148444 kB
MemAvailable:    1513768 kB
Buffers:           53728 kB
Cached:           423832 kB
MemTotal:        1844596 kB
MemFree:         1147012 kB
MemAvailable:    1512336 kB
Buffers:           53728 kB
Cached:           423832 kB
MemTotal:        1844596 kB
MemFree:         1148396 kB
MemAvailable:    1513720 kB
Buffers:           53728 kB
Cached:           423832 kB
MemTotal:        1844596 kB
MemFree:         1146752 kB
MemAvailable:    1512076 kB
Buffers:           53728 kB
Cached:           423832 kB
MemTotal:        1844596 kB
MemFree:         1147000 kB
MemAvailable:    1512324 kB
Buffers:           53728 kB
Cached:           423832 kB
MemTotal:        1844596 kB
MemFree:         1147096 kB
MemAvailable:    1512420 kB
Buffers:           53728 kB
Cached:           423832 kB
MemTotal:        1844596 kB
MemFree:         1146848 kB
MemAvailable:    1512172 kB
Buffers:           53728 kB
Cached:           423832 kB
MemTotal:        1844596 kB
MemFree:         1148336 kB
MemAvailable:    1513660 kB
Buffers:           53728 kB
Cached:           423832 kB
MemTotal:        1844596 kB
MemFree:         1146840 kB
MemAvailable:    1512164 kB
Buffers:           53728 kB
Cached:           423832 kB
MemTotal:        1844596 kB
MemFree:         1146832 kB
MemAvailable:    1512164 kB
Buffers:           53728 kB
Cached:           423840 kB
MemTotal:        1844596 kB
MemFree:         1144664 kB
MemAvailable:    1509996 kB
Buffers:           53728 kB
Cached:           423840 kB
MemTotal:        1844596 kB
MemFree:         1141316 kB
MemAvailable:    1506648 kB
Buffers:           53728 kB
Cached:           423840 kB
MemTotal:        1844596 kB
MemFree:         1141172 kB
MemAvailable:    1506504 kB
Buffers:           53728 kB
Cached:           423840 kB
MemTotal:        1844596 kB
MemFree:         1140500 kB
MemAvailable:    1505832 kB
Buffers:           53728 kB
Cached:           423840 kB
MemTotal:        1844596 kB
MemFree:         1140376 kB
MemAvailable:    1505708 kB
Buffers:           53728 kB
Cached:           423840 kB
MemTotal:        1844596 kB
MemFree:         1140432 kB
MemAvailable:    1505764 kB
Buffers:           53728 kB
Cached:           423840 kB
MemTotal:        1844596 kB
MemFree:         1140204 kB
MemAvailable:    1505536 kB
Buffers:           53728 kB
Cached:           423840 kB
MemTotal:        1844596 kB
MemFree:         1139064 kB
MemAvailable:    1504396 kB
Buffers:           53728 kB
Cached:           423840 kB
MemTotal:        1844596 kB
MemFree:         1139188 kB
MemAvailable:    1504520 kB
Buffers:           53728 kB
Cached:           423840 kB
MemTotal:        1844596 kB
MemFree:         1139312 kB
MemAvailable:    1504644 kB
Buffers:           53728 kB
Cached:           423840 kB
MemTotal:        1844596 kB
MemFree:         1139312 kB
MemAvailable:    1504644 kB
Buffers:           53728 kB
Cached:           423840 kB
MemTotal:        1844596 kB
MemFree:         1139560 kB
MemAvailable:    1504892 kB
Buffers:           53728 kB
Cached:           423840 kB
MemTotal:        1844596 kB
MemFree:         1139436 kB
MemAvailable:    1504768 kB
Buffers:           53728 kB
Cached:           423840 kB
MemTotal:        1844596 kB
MemFree:         1139456 kB
MemAvailable:    1504788 kB
Buffers:           53728 kB
Cached:           423840 kB
MemTotal:        1844596 kB
MemFree:         1140504 kB
MemAvailable:    1505836 kB
Buffers:           53728 kB
Cached:           423840 kB
MemTotal:        1844596 kB
MemFree:         1139068 kB
MemAvailable:    1504400 kB
Buffers:           53728 kB
Cached:           423840 kB
MemTotal:        1844596 kB
MemFree:         1138464 kB
MemAvailable:    1503796 kB
Buffers:           53728 kB
Cached:           423840 kB
MemTotal:        1844596 kB
MemFree:         1139068 kB
MemAvailable:    1504400 kB
Buffers:           53728 kB
Cached:           423840 kB
MemTotal:        1844596 kB
MemFree:         1137540 kB
MemAvailable:    1502872 kB
Buffers:           53728 kB
Cached:           423840 kB
MemTotal:        1844596 kB
MemFree:         1138764 kB
MemAvailable:    1504096 kB
Buffers:           53728 kB
Cached:           423840 kB
MemTotal:        1844596 kB
MemFree:         1138764 kB
MemAvailable:    1504096 kB
Buffers:           53728 kB
Cached:           423840 kB
MemTotal:        1844596 kB
MemFree:         1137580 kB
MemAvailable:    1502912 kB
Buffers:           53728 kB
Cached:           423840 kB
MemTotal:        1844596 kB
MemFree:         1136852 kB
MemAvailable:    1502184 kB
Buffers:           53728 kB
Cached:           423840 kB
MemTotal:        1844596 kB
MemFree:         1136084 kB
MemAvailable:    1501416 kB
Buffers:           53728 kB
Cached:           423840 kB
MemTotal:        1844596 kB
MemFree:         1136092 kB
MemAvailable:    1501424 kB
Buffers:           53728 kB
Cached:           423840 kB
MemTotal:        1844596 kB
MemFree:         1137024 kB
MemAvailable:    1502356 kB
Buffers:           53728 kB
Cached:           423840 kB
MemTotal:        1844596 kB
MemFree:         1136960 kB
MemAvailable:    1502292 kB
Buffers:           53728 kB
Cached:           423840 kB
MemTotal:        1844596 kB
MemFree:         1136816 kB
MemAvailable:    1502148 kB
Buffers:           53728 kB
Cached:           423840 kB
MemTotal:        1844596 kB
MemFree:         1135216 kB
MemAvailable:    1500548 kB
Buffers:           53728 kB
Cached:           423840 kB
MemTotal:        1844596 kB
MemFree:         1135324 kB
MemAvailable:    1500656 kB
Buffers:           53728 kB
Cached:           423840 kB
MemTotal:        1844596 kB
MemFree:         1136660 kB
MemAvailable:    1501992 kB
Buffers:           53728 kB
Cached:           423840 kB
MemTotal:        1844596 kB
MemFree:         1136368 kB
MemAvailable:    1501700 kB
Buffers:           53728 kB
Cached:           423840 kB
MemTotal:        1844596 kB
MemFree:         1136656 kB
MemAvailable:    1501988 kB
Buffers:           53728 kB
Cached:           423840 kB
MemTotal:        1844596 kB
MemFree:         1136544 kB
MemAvailable:    1501876 kB
Buffers:           53728 kB
Cached:           423840 kB
MemTotal:        1844596 kB
MemFree:         1135092 kB
MemAvailable:    1500424 kB
Buffers:           53728 kB
Cached:           423840 kB
MemTotal:        1844596 kB
MemFree:         1136032 kB
MemAvailable:    1501364 kB
Buffers:           53728 kB
Cached:           423840 kB
MemTotal:        1844596 kB
MemFree:         1134480 kB
MemAvailable:    1499812 kB
Buffers:           53728 kB
Cached:           423840 kB
MemTotal:        1844596 kB
MemFree:         1129968 kB
MemAvailable:    1495300 kB
Buffers:           53728 kB
Cached:           423840 kB
MemTotal:        1844596 kB
MemFree:         1128048 kB
MemAvailable:    1493380 kB
Buffers:           53728 kB
Cached:           423840 kB
MemTotal:        1844596 kB
MemFree:         1128752 kB
MemAvailable:    1494084 kB
Buffers:           53728 kB
Cached:           423840 kB
MemTotal:        1844596 kB
MemFree:         1128496 kB
MemAvailable:    1493828 kB
Buffers:           53728 kB
Cached:           423840 kB
MemTotal:        1844596 kB
MemFree:         1127292 kB
MemAvailable:    1492624 kB
Buffers:           53728 kB
Cached:           423840 kB
MemTotal:        1844596 kB
MemFree:         1128444 kB
MemAvailable:    1493776 kB
Buffers:           53728 kB
Cached:           423840 kB
MemTotal:        1844596 kB
MemFree:         1128644 kB
MemAvailable:    1493976 kB
Buffers:           53728 kB
Cached:           423840 kB
MemTotal:        1844596 kB
MemFree:         1129708 kB
MemAvailable:    1495040 kB
Buffers:           53728 kB
Cached:           423840 kB
MemTotal:        1844596 kB
MemFree:         1128784 kB
MemAvailable:    1494200 kB
Buffers:           53728 kB
Cached:           423964 kB
MemTotal:        1844596 kB
MemFree:         1128908 kB
MemAvailable:    1494324 kB
Buffers:           53728 kB
Cached:           424088 kB
MemTotal:        1844596 kB
MemFree:         1129844 kB
MemAvailable:    1495512 kB
Buffers:           53728 kB
Cached:           424212 kB
MemTotal:        1844596 kB
MemFree:         1129768 kB
MemAvailable:    1495520 kB
Buffers:           53728 kB
Cached:           424212 kB
MemTotal:        1844596 kB
MemFree:         1129272 kB
MemAvailable:    1495276 kB
Buffers:           53728 kB
Cached:           424460 kB
MemTotal:        1844596 kB
MemFree:         1129216 kB
MemAvailable:    1495220 kB
Buffers:           53728 kB
Cached:           424460 kB
MemTotal:        1844596 kB
MemFree:         1129468 kB
MemAvailable:    1495472 kB
Buffers:           53728 kB
Cached:           424460 kB
MemTotal:        1844596 kB
MemFree:         1129108 kB
MemAvailable:    1495112 kB
Buffers:           53728 kB
Cached:           424460 kB
MemTotal:        1844596 kB
MemFree:         1127904 kB
MemAvailable:    1493908 kB
Buffers:           53728 kB
Cached:           424460 kB
MemTotal:        1844596 kB
MemFree:         1129096 kB
MemAvailable:    1495100 kB
Buffers:           53728 kB
Cached:           424460 kB
MemTotal:        1844596 kB
MemFree:         1128420 kB
MemAvailable:    1494424 kB
Buffers:           53728 kB
Cached:           424460 kB
MemTotal:        1844596 kB
MemFree:         1128944 kB
MemAvailable:    1494964 kB
Buffers:           53728 kB
Cached:           424528 kB
MemTotal:        1844596 kB
MemFree:         1129164 kB
MemAvailable:    1495184 kB
Buffers:           53728 kB
Cached:           424528 kB
MemTotal:        1844596 kB
MemFree:         1129424 kB
MemAvailable:    1494856 kB
Buffers:           53728 kB
Cached:           423896 kB
MemTotal:        1844596 kB
MemFree:         1196588 kB
MemAvailable:    1562020 kB
Buffers:           53728 kB
Cached:           423896 kB
MemTotal:        1844596 kB
MemFree:         1197512 kB
MemAvailable:    1562944 kB
Buffers:           53728 kB
Cached:           423896 kB
