MemTotal:        1844596 kB
MemFree:         1252320 kB
MemAvailable:    1565704 kB
Buffers:           47496 kB
Cached:           382124 kB
MemTotal:        1844596 kB
MemFree:         1223732 kB
MemAvailable:    1537120 kB
Buffers:           47496 kB
Cached:           382128 kB
MemTotal:        1844596 kB
MemFree:         1223476 kB
MemAvailable:    1536864 kB
Buffers:           47496 kB
Cached:           382128 kB
MemTotal:        1844596 kB
MemFree:         1221244 kB
MemAvailable:    1534632 kB
Buffers:           47496 kB
Cached:           382128 kB
MemTotal:        1844596 kB
MemFree:         1221356 kB
MemAvailable:    1534744 kB
Buffers:           47496 kB
Cached:           382128 kB
MemTotal:        1844596 kB
MemFree:         1221244 kB
MemAvailable:    1534632 kB
Buffers:           47496 kB
Cached:           382128 kB
MemTotal:        1844596 kB
MemFree:         1218392 kB
MemAvailable:    1531780 kB
Buffers:           47496 kB
Cached:           382128 kB
MemTotal:        1844596 kB
MemFree:         1215796 kB
MemAvailable:    1529184 kB
Buffers:           47496 kB
Cached:           382128 kB
MemTotal:        1844596 kB
MemFree:         1213060 kB
MemAvailable:    1526448 kB
Buffers:           47496 kB
Cached:           382128 kB
MemTotal:        1844596 kB
MemFree:         1208564 kB
MemAvailable:    1521952 kB
Buffers:           47496 kB
Cached:           382128 kB
MemTotal:        1844596 kB
MemFree:         1211188 kB
MemAvailable:    1524576 kB
Buffers:           47496 kB
Cached:           382128 kB
MemTotal:        1844596 kB
MemFree:         1210052 kB
MemAvailable:    1523440 kB
Buffers:           47496 kB
Cached:           382128 kB
MemTotal:        1844596 kB
MemFree:         1211068 kB
MemAvailable:    1524456 kB
Buffers:           47496 kB
Cached:           382128 kB
MemTotal:        1844596 kB
MemFree:         1211404 kB
MemAvailable:    1524792 kB
Buffers:           47496 kB
Cached:           382128 kB
MemTotal:        1844596 kB
MemFree:         1211068 kB
MemAvailable:    1524456 kB
Buffers:           47496 kB
Cached:           382128 kB
MemTotal:        1844596 kB
MemFree:         1211060 kB
MemAvailable:    1524448 kB
Buffers:           47496 kB
Cached:           382128 kB
MemTotal:        1844596 kB
MemFree:         1208472 kB
MemAvailable:    1521860 kB
Buffers:           47496 kB
Cached:           382128 kB
MemTotal:        1844596 kB
MemFree:         1207612 kB
MemAvailable:    1521000 kB
Buffers:           47496 kB
Cached:           382128 kB
MemTotal:        1844596 kB
MemFree:         1208540 kB
MemAvailable:    1521928 kB
Buffers:           47496 kB
Cached:           382128 kB
MemTotal:        1844596 kB
MemFree:         1208604 kB
MemAvailable:    1521992 kB
Buffers:           47496 kB
Cached:           382128 kB
MemTotal:        1844596 kB
MemFree:         1208608 kB
MemAvailable:    1521996 kB
Buffers:           47496 kB
Cached:           382128 kB
MemTotal:        1844596 kB
MemFree:         1207432 kB
MemAvailable:    1520820 kB
Buffers:           47496 kB
Cached:           382128 kB
MemTotal:        1844596 kB
MemFree:         1207300 kB
MemAvailable:    1520688 kB
Buffers:           47496 kB
Cached:           382128 kB
MemTotal:        1844596 kB
MemFree:         1208596 kB
MemAvailable:    1521984 kB
Buffers:           47496 kB
Cached:           382128 kB
MemTotal:        1844596 kB
MemFree:         1208852 kB
MemAvailable:    1522240 kB
Buffers:           47496 kB
Cached:           382128 kB
MemTotal:        1844596 kB
MemFree:         1207472 kB
MemAvailable:    1520860 kB
Buffers:           47496 kB
Cached:           382128 kB
MemTotal:        1844596 kB
MemFree:         1209884 kB
MemAvailable:    1523272 kB
Buffers:           47496 kB
Cached:           382128 kB
MemTotal:        1844596 kB
MemFree:         1209844 kB
MemAvailable:    1523232 kB
Buffers:           47496 kB
Cached:           382128 kB
MemTotal:        1844596 kB
MemFree:         1206976 kB
MemAvailable:    1520364 kB
Buffers:           47496 kB
Cached:           382128 kB
MemTotal:        1844596 kB
MemFree:         1207188 kB
MemAvailable:    1520576 kB
Buffers:           47496 kB
Cached:           382128 kB
MemTotal:        1844596 kB
MemFree:         1205256 kB
MemAvailable:    1518644 kB
Buffers:           47496 kB
Cached:           382128 kB
MemTotal:        1844596 kB
MemFree:         1204264 kB
MemAvailable:    1517652 kB
Buffers:           47496 kB
Cached:           382128 kB
MemTotal:        1844596 kB
MemFree:         1205116 kB
MemAvailable:    1518504 kB
Buffers:           47496 kB
Cached:           382128 kB
MemTotal:        1844596 kB
MemFree:         1204884 kB
MemAvailable:    1518272 kB
Buffers:           47496 kB
Cached:           382128 kB
MemTotal:        1844596 kB
MemFree:         1203704 kB
MemAvailable:    1517092 kB
Buffers:           47496 kB
Cached:           382128 kB
MemTotal:        1844596 kB
MemFree:         1204752 kB
MemAvailable:    1518140 kB
Buffers:           47496 kB
Cached:           382128 kB
MemTotal:        1844596 kB
MemFree:         1203132 kB
MemAvailable:    1516520 kB
Buffers:           47496 kB
Cached:           382128 kB
MemTotal:        1844596 kB
MemFree:         1204316 kB
MemAvailable:    1517704 kB
Buffers:           47496 kB
Cached:           382128 kB
MemTotal:        1844596 kB
MemFree:         1204388 kB
MemAvailable:    1517776 kB
Buffers:           47496 kB
Cached:           382128 kB
MemTotal:        1844596 kB
MemFree:         1204192 kB
MemAvailable:    1517580 kB
Buffers:           47496 kB
Cached:           382128 kB
MemTotal:        1844596 kB
MemFree:         1203768 kB
MemAvailable:    1517156 kB
Buffers:           47496 kB
Cached:           382128 kB
MemTotal:        1844596 kB
MemFree:         1203960 kB
MemAvailable:    1517348 kB
Buffers:           47496 kB
Cached:           382128 kB
MemTotal:        1844596 kB
MemFree:         1202968 kB
MemAvailable:    1516356 kB
Buffers:           47496 kB
Cached:           382128 kB
MemTotal:        1844596 kB
MemFree:         1202132 kB
MemAvailable:    1515520 kB
Buffers:           47496 kB
Cached:           382128 kB
MemTotal:        1844596 kB
MemFree:         1202384 kB
MemAvailable:    1515772 kB
Buffers:           47496 kB
Cached:           382128 kB
MemTotal:        1844596 kB
MemFree:         1202220 kB
MemAvailable:    1515608 kB
Buffers:           47496 kB
Cached:           382128 kB
MemTotal:        1844596 kB
MemFree:         1203320 kB
MemAvailable:    1516708 kB
Buffers:           47496 kB
Cached:           382128 kB
MemTotal:        1844596 kB
MemFree:         1203572 kB
MemAvailable:    1516960 kB
Buffers:           47496 kB
Cached:           382128 kB
MemTotal:        1844596 kB
MemFree:         1203568 kB
MemAvailable:    1516956 kB
Buffers:           47496 kB
Cached:           382128 kB
MemTotal:        1844596 kB
MemFree:         1202220 kB
MemAvailable:    1515608 kB
Buffers:           47496 kB
Cached:           382128 kB
MemTotal:        1844596 kB
MemFree:         1202096 kB
MemAvailable:    1515484 kB
Buffers:           47496 kB
Cached:           382128 kB
MemTotal:        1844596 kB
MemFree:         1202096 kB
MemAvailable:    1515484 kB
Buffers:           47496 kB
Cached:           382128 kB
MemTotal:        1844596 kB
MemFree:         1203520 kB
MemAvailable:    1516908 kB
Buffers:           47496 kB
Cached:           382128 kB
MemTotal:        1844596 kB
MemFree:         1203320 kB
MemAvailable:    1516708 kB
Buffers:           47496 kB
Cached:           382128 kB
MemTotal:        1844596 kB
MemFree:         1203008 kB
MemAvailable:    1516396 kB
Buffers:           47496 kB
Cached:           382128 kB
MemTotal:        1844596 kB
MemFree:         1201708 kB
MemAvailable:    1515096 kB
Buffers:           47496 kB
Cached:           382128 kB
MemTotal:        1844596 kB
MemFree:         1203188 kB
MemAvailable:    1516576 kB
Buffers:           47496 kB
Cached:           382128 kB
MemTotal:        1844596 kB
MemFree:         1202836 kB
MemAvailable:    1516224 kB
Buffers:           47496 kB
Cached:           382128 kB
MemTotal:        1844596 kB
MemFree:         1201660 kB
MemAvailable:    1515048 kB
Buffers:           47496 kB
Cached:           382128 kB
MemTotal:        1844596 kB
MemFree:         1202472 kB
MemAvailable:    1515864 kB
Buffers:           47496 kB
Cached:           382132 kB
MemTotal:        1844596 kB
MemFree:         1202724 kB
MemAvailable:    1516116 kB
Buffers:           47496 kB
Cached:           382132 kB
MemTotal:        1844596 kB
MemFree:         1201108 kB
MemAvailable:    1514500 kB
Buffers:           47496 kB
Cached:           382132 kB
MemTotal:        1844596 kB
MemFree:         1201404 kB
MemAvailable:    1514796 kB
Buffers:           47496 kB
Cached:           382132 kB
MemTotal:        1844596 kB
MemFree:         1201488 kB
MemAvailable:    1514880 kB
Buffers:           47496 kB
Cached:           382132 kB
MemTotal:        1844596 kB
MemFree:         1202032 kB
MemAvailable:    1515424 kB
Buffers:           47496 kB
Cached:           382132 kB
MemTotal:        1844596 kB
MemFree:         1202248 kB
MemAvailable:    1515640 kB
Buffers:           47496 kB
Cached:           382132 kB
MemTotal:        1844596 kB
MemFree:         1202584 kB
MemAvailable:    1515976 kB
Buffers:           47496 kB
Cached:           382132 kB
MemTotal:        1844596 kB
MemFree:         1198048 kB
MemAvailable:    1511440 kB
Buffers:           47496 kB
Cached:           382132 kB
MemTotal:        1844596 kB
MemFree:         1198260 kB
MemAvailable:    1511652 kB
Buffers:           47496 kB
Cached:           382132 kB
MemTotal:        1844596 kB
MemFree:         1194948 kB
MemAvailable:    1508340 kB
Buffers:           47496 kB
Cached:           382132 kB
MemTotal:        1844596 kB
MemFree:         1194220 kB
MemAvailable:    1507612 kB
Buffers:           47496 kB
Cached:           382132 kB
MemTotal:        1844596 kB
MemFree:         1194884 kB
MemAvailable:    1508276 kB
Buffers:           47496 kB
Cached:           382132 kB
MemTotal:        1844596 kB
MemFree:         1193576 kB
MemAvailable:    1506968 kB
Buffers:           47496 kB
Cached:           382132 kB
MemTotal:        1844596 kB
MemFree:         1194752 kB
MemAvailable:    1508144 kB
Buffers:           47496 kB
Cached:           382132 kB
MemTotal:        1844596 kB
MemFree:         1193192 kB
MemAvailable:    1506584 kB
Buffers:           47496 kB
Cached:           382132 kB
MemTotal:        1844596 kB
MemFree:         1194796 kB
MemAvailable:    1508188 kB
Buffers:           47496 kB
Cached:           382132 kB
MemTotal:        1844596 kB
MemFree:         1194528 kB
MemAvailable:    1507920 kB
Buffers:           47496 kB
Cached:           382132 kB
MemTotal:        1844596 kB
MemFree:         1193352 kB
MemAvailable:    1506744 kB
Buffers:           47496 kB
Cached:           382132 kB
MemTotal:        1844596 kB
MemFree:         1193220 kB
MemAvailable:    1506612 kB
Buffers:           47496 kB
Cached:           382132 kB
MemTotal:        1844596 kB
MemFree:         1194604 kB
MemAvailable:    1507996 kB
Buffers:           47496 kB
Cached:           382132 kB
MemTotal:        1844596 kB
MemFree:         1193724 kB
MemAvailable:    1507116 kB
Buffers:           47496 kB
Cached:           382132 kB
MemTotal:        1844596 kB
MemFree:         1194440 kB
MemAvailable:    1507832 kB
Buffers:           47496 kB
Cached:           382132 kB
MemTotal:        1844596 kB
MemFree:         1194692 kB
MemAvailable:    1508084 kB
Buffers:           47496 kB
Cached:           382132 kB
MemTotal:        1844596 kB
MemFree:         1194576 kB
MemAvailable:    1507968 kB
Buffers:           47496 kB
Cached:           382132 kB
MemTotal:        1844596 kB
MemFree:         1194828 kB
MemAvailable:    1508220 kB
Buffers:           47496 kB
Cached:           382132 kB
MemTotal:        1844596 kB
MemFree:         1192856 kB
MemAvailable:    1506248 kB
Buffers:           47496 kB
Cached:           382132 kB
MemTotal:        1844596 kB
MemFree:         1193460 kB
MemAvailable:    1506852 kB
Buffers:           47496 kB
Cached:           382132 kB
MemTotal:        1844596 kB
MemFree:         1193460 kB
MemAvailable:    1506852 kB
Buffers:           47496 kB
Cached:           382132 kB
MemTotal:        1844596 kB
MemFree:         1193296 kB
MemAvailable:    1506688 kB
Buffers:           47496 kB
Cached:           382132 kB
MemTotal:        1844596 kB
MemFree:         1191420 kB
MemAvailable:    1504812 kB
Buffers:           47496 kB
Cached:           382132 kB
MemTotal:        1844596 kB
MemFree:         1191536 kB
MemAvailable:    1504928 kB
Buffers:           47496 kB
Cached:           382132 kB
MemTotal:        1844596 kB
MemFree:         1191916 kB
MemAvailable:    1505308 kB
Buffers:           47496 kB
Cached:           382132 kB
MemTotal:        1844596 kB
MemFree:         1190624 kB
MemAvailable:    1504016 kB
Buffers:           47496 kB
Cached:           382132 kB
MemTotal:        1844596 kB
MemFree:         1190616 kB
MemAvailable:    1504008 kB
Buffers:           47496 kB
Cached:           382132 kB
MemTotal:        1844596 kB
MemFree:         1191404 kB
MemAvailable:    1504796 kB
Buffers:           47496 kB
Cached:           382132 kB
MemTotal:        1844596 kB
MemFree:         1191368 kB
MemAvailable:    1504760 kB
Buffers:           47496 kB
Cached:           382132 kB
MemTotal:        1844596 kB
MemFree:         1191040 kB
MemAvailable:    1504440 kB
Buffers:           47496 kB
Cached:           382140 kB
MemTotal:        1844596 kB
MemFree:         1190980 kB
MemAvailable:    1504380 kB
Buffers:           47496 kB
Cached:           382140 kB
MemTotal:        1844596 kB
MemFree:         1190684 kB
MemAvailable:    1504084 kB
Buffers:           47496 kB
Cached:           382140 kB
MemTotal:        1844596 kB
MemFree:         1190624 kB
MemAvailable:    1504024 kB
Buffers:           47496 kB
Cached:           382140 kB
MemTotal:        1844596 kB
MemFree:         1190736 kB
MemAvailable:    1504136 kB
Buffers:           47496 kB
Cached:           382140 kB
MemTotal:        1844596 kB
MemFree:         1190748 kB
MemAvailable:    1504148 kB
Buffers:           47496 kB
Cached:           382140 kB
MemTotal:        1844596 kB
MemFree:         1189880 kB
MemAvailable:    1503280 kB
Buffers:           47496 kB
Cached:           382140 kB
MemTotal:        1844596 kB
MemFree:         1190556 kB
MemAvailable:    1503956 kB
Buffers:           47496 kB
Cached:           382140 kB
MemTotal:        1844596 kB
MemFree:         1190808 kB
MemAvailable:    1504208 kB
Buffers:           47496 kB
Cached:           382140 kB
MemTotal:        1844596 kB
MemFree:         1190436 kB
MemAvailable:    1503836 kB
Buffers:           47496 kB
Cached:           382140 kB
MemTotal:        1844596 kB
MemFree:         1189004 kB
MemAvailable:    1502404 kB
Buffers:           47496 kB
Cached:           382140 kB
MemTotal:        1844596 kB
MemFree:         1189880 kB
MemAvailable:    1503280 kB
Buffers:           47496 kB
Cached:           382140 kB
MemTotal:        1844596 kB
MemFree:         1183680 kB
MemAvailable:    1497080 kB
Buffers:           47496 kB
Cached:           382140 kB
MemTotal:        1844596 kB
MemFree:         1182856 kB
MemAvailable:    1496256 kB
Buffers:           47496 kB
Cached:           382140 kB
MemTotal:        1844596 kB
MemFree:         1182784 kB
MemAvailable:    1496184 kB
Buffers:           47496 kB
Cached:           382140 kB
MemTotal:        1844596 kB
MemFree:         1182784 kB
MemAvailable:    1496184 kB
Buffers:           47496 kB
Cached:           382140 kB
MemTotal:        1844596 kB
MemFree:         1182784 kB
MemAvailable:    1496184 kB
Buffers:           47496 kB
Cached:           382140 kB
MemTotal:        1844596 kB
MemFree:         1182860 kB
MemAvailable:    1496260 kB
Buffers:           47496 kB
Cached:           382140 kB
MemTotal:        1844596 kB
MemFree:         1183192 kB
MemAvailable:    1496592 kB
Buffers:           47496 kB
Cached:           382140 kB
MemTotal:        1844596 kB
MemFree:         1183424 kB
MemAvailable:    1496824 kB
Buffers:           47496 kB
Cached:           382140 kB
MemTotal:        1844596 kB
MemFree:         1184972 kB
MemAvailable:    1498372 kB
Buffers:           47496 kB
Cached:           382140 kB
MemTotal:        1844596 kB
MemFree:         1183360 kB
MemAvailable:    1496760 kB
Buffers:           47496 kB
Cached:           382140 kB
MemTotal:        1844596 kB
MemFree:         1184608 kB
MemAvailable:    1498176 kB
Buffers:           47496 kB
Cached:           382388 kB
MemTotal:        1844596 kB
MemFree:         1184028 kB
MemAvailable:    1497764 kB
Buffers:           47496 kB
Cached:           382512 kB
MemTotal:        1844596 kB
MemFree:         1183672 kB
MemAvailable:    1497408 kB
Buffers:           47496 kB
Cached:           382512 kB
MemTotal:        1844596 kB
MemFree:         1183740 kB
MemAvailable:    1497560 kB
Buffers:           47496 kB
Cached:           382636 kB
MemTotal:        1844596 kB
MemFree:         1182536 kB
MemAvailable:    1496440 kB
Buffers:           47496 kB
Cached:           382636 kB
MemTotal:        1844596 kB
MemFree:         1182280 kB
MemAvailable:    1496268 kB
Buffers:           47496 kB
Cached:           382760 kB
MemTotal:        1844596 kB
MemFree:         1183380 kB
MemAvailable:    1497368 kB
Buffers:           47496 kB
Cached:           382760 kB
MemTotal:        1844596 kB
MemFree:         1183548 kB
MemAvailable:    1497536 kB
Buffers:           47496 kB
Cached:           382760 kB
MemTotal:        1844596 kB
MemFree:         1183668 kB
MemAvailable:    1497656 kB
Buffers:           47496 kB
Cached:           382760 kB
MemTotal:        1844596 kB
MemFree:         1182248 kB
MemAvailable:    1496236 kB
Buffers:           47496 kB
Cached:           382760 kB
MemTotal:        1844596 kB
MemFree:         1183416 kB
MemAvailable:    1497404 kB
Buffers:           47496 kB
Cached:           382760 kB
MemTotal:        1844596 kB
MemFree:         1183500 kB
MemAvailable:    1497488 kB
Buffers:           47496 kB
Cached:           382760 kB
MemTotal:        1844596 kB
MemFree:         1183700 kB
MemAvailable:    1497688 kB
Buffers:           47496 kB
Cached:           382760 kB
MemTotal:        1844596 kB
MemFree:         1184128 kB
MemAvailable:    1497528 kB
Buffers:           47496 kB
Cached:           382128 kB
MemTotal:        1844596 kB
MemFree:         1184160 kB
MemAvailable:    1497560 kB
Buffers:           47496 kB
Cached:           382128 kB
MemTotal:        1844596 kB
MemFree:         1250588 kB
MemAvailable:    1563988 kB
Buffers:           47496 kB
Cached:           382128 kB
