MemTotal:        1844596 kB
MemFree:         1193532 kB
MemAvailable:    1562940 kB
Buffers:           54252 kB
Cached:           427080 kB
MemTotal:        1844596 kB
MemFree:         1165656 kB
MemAvailable:    1535068 kB
Buffers:           54252 kB
Cached:           427084 kB
MemTotal:        1844596 kB
MemFree:         1164656 kB
MemAvailable:    1534068 kB
Buffers:           54252 kB
Cached:           427084 kB
MemTotal:        1844596 kB
MemFree:         1162804 kB
MemAvailable:    1532216 kB
Buffers:           54252 kB
Cached:           427084 kB
MemTotal:        1844596 kB
MemFree:         1162284 kB
MemAvailable:    1531696 kB
Buffers:           54252 kB
Cached:           427084 kB
MemTotal:        1844596 kB
MemFree:         1162424 kB
MemAvailable:    1531836 kB
Buffers:           54252 kB
Cached:           427084 kB
MemTotal:        1844596 kB
MemFree:         1161316 kB
MemAvailable:    1530728 kB
Buffers:           54252 kB
Cached:           427084 kB
MemTotal:        1844596 kB
MemFree:         1158772 kB
MemAvailable:    1528184 kB
Buffers:           54252 kB
Cached:           427084 kB
MemTotal:        1844596 kB
MemFree:         1156976 kB
MemAvailable:    1526388 kB
Buffers:           54252 kB
Cached:           427084 kB
MemTotal:        1844596 kB
MemFree:         1150644 kB
MemAvailable:    1520056 kB
Buffers:           54252 kB
Cached:           427084 kB
MemTotal:        1844596 kB
MemFree:         1152832 kB
MemAvailable:    1522244 kB
Buffers:           54252 kB
Cached:           427084 kB
MemTotal:        1844596 kB
MemFree:         1152828 kB
MemAvailable:    1522240 kB
Buffers:           54252 kB
Cached:           427084 kB
MemTotal:        1844596 kB
MemFree:         1151388 kB
MemAvailable:    1520800 kB
Buffers:           54252 kB
Cached:           427084 kB
MemTotal:        1844596 kB
MemFree:         1151636 kB
MemAvailable:    1521048 kB
Buffers:           54252 kB
Cached:           427084 kB
MemTotal:        1844596 kB
MemFree:         1151272 kB
MemAvailable:    1520684 kB
Buffers:           54252 kB
Cached:           427084 kB
MemTotal:        1844596 kB
MemFree:         1151380 kB
MemAvailable:    1520792 kB
Buffers:           54252 kB
Cached:           427084 kB
MemTotal:        1844596 kB
MemFree:         1150776 kB
MemAvailable:    1520188 kB
Buffers:           54252 kB
Cached:           427084 kB
MemTotal:        1844596 kB
MemFree:         1150272 kB
MemAvailable:    1519684 kB
Buffers:           54252 kB
Cached:           427084 kB
MemTotal:        1844596 kB
MemFree:         1150224 kB
MemAvailable:    1519636 kB
Buffers:           54252 kB
Cached:           427084 kB
MemTotal:        1844596 kB
MemFree:         1149108 kB
MemAvailable:    1518520 kB
Buffers:           54252 kB
Cached:           427084 kB
MemTotal:        1844596 kB
MemFree:         1150004 kB
MemAvailable:    1519416 kB
Buffers:           54252 kB
Cached:           427084 kB
MemTotal:        1844596 kB
MemFree:         1149536 kB
MemAvailable:    1518948 kB
Buffers:           54252 kB
Cached:           427084 kB
MemTotal:        1844596 kB
MemFree:         1150096 kB
MemAvailable:    1519508 kB
Buffers:           54252 kB
Cached:           427084 kB
MemTotal:        1844596 kB
MemFree:         1149916 kB
MemAvailable:    1519328 kB
Buffers:           54252 kB
Cached:           427084 kB
MemTotal:        1844596 kB
MemFree:         1148652 kB
MemAvailable:    1518064 kB
Buffers:           54252 kB
Cached:           427084 kB
MemTotal:        1844596 kB
MemFree:         1148868 kB
MemAvailable:    1518280 kB
Buffers:           54252 kB
Cached:           427084 kB
MemTotal:        1844596 kB
MemFree:         1151432 kB
MemAvailable:    1520844 kB
Buffers:           54252 kB
Cached:           427084 kB
MemTotal:        1844596 kB
MemFree:         1150900 kB
MemAvailable:    1520312 kB
Buffers:           54252 kB
Cached:           427084 kB
MemTotal:        1844596 kB
MemFree:         1149148 kB
MemAvailable:    1518560 kB
Buffers:           54252 kB
Cached:           427084 kB
MemTotal:        1844596 kB
MemFree:         1149040 kB
MemAvailable:    1518452 kB
Buffers:           54252 kB
Cached:           427084 kB
MemTotal:        1844596 kB
MemFree:         1147984 kB
MemAvailable:    1517396 kB
Buffers:           54252 kB
Cached:           427084 kB
MemTotal:        1844596 kB
MemFree:         1148040 kB
MemAvailable:    1517452 kB
Buffers:           54252 kB
Cached:           427084 kB
MemTotal:        1844596 kB
MemFree:         1147180 kB
MemAvailable:    1516592 kB
Buffers:           54252 kB
Cached:           427084 kB
MemTotal:        1844596 kB
MemFree:         1146372 kB
MemAvailable:    1515784 kB
Buffers:           54252 kB
Cached:           427084 kB
MemTotal:        1844596 kB
MemFree:         1146156 kB
MemAvailable:    1515568 kB
Buffers:           54252 kB
Cached:           427084 kB
MemTotal:        1844596 kB
MemFree:         1144660 kB
MemAvailable:    1514076 kB
Buffers:           54252 kB
Cached:           427088 kB
MemTotal:        1844596 kB
MemFree:         1144652 kB
MemAvailable:    1514068 kB
Buffers:           54252 kB
Cached:           427088 kB
MemTotal:        1844596 kB
MemFree:         1144660 kB
MemAvailable:    1514076 kB
Buffers:           54252 kB
Cached:           427088 kB
MemTotal:        1844596 kB
MemFree:         1145844 kB
MemAvailable:    1515260 kB
Buffers:           54252 kB
Cached:           427088 kB
MemTotal:        1844596 kB
MemFree:         1144404 kB
MemAvailable:    1513820 kB
Buffers:           54252 kB
Cached:           427088 kB
MemTotal:        1844596 kB
MemFree:         1144396 kB
MemAvailable:    1513812 kB
Buffers:           54252 kB
Cached:           427088 kB
MemTotal:        1844596 kB
MemFree:         1145612 kB
MemAvailable:    1515028 kB
Buffers:           54252 kB
Cached:           427088 kB
MemTotal:        1844596 kB
MemFree:         1144072 kB
MemAvailable:    1513488 kB
Buffers:           54252 kB
Cached:           427088 kB
MemTotal:        1844596 kB
MemFree:         1144952 kB
MemAvailable:    1514368 kB
Buffers:           54252 kB
Cached:           427088 kB
MemTotal:        1844596 kB
MemFree:         1145176 kB
MemAvailable:    1514592 kB
Buffers:           54252 kB
Cached:           427088 kB
MemTotal:        1844596 kB
MemFree:         1143688 kB
MemAvailable:    1513104 kB
Buffers:           54252 kB
Cached:           427088 kB
MemTotal:        1844596 kB
MemFree:         1143936 kB
MemAvailable:    1513352 kB
Buffers:           54252 kB
Cached:           427088 kB
MemTotal:        1844596 kB
MemFree:         1144928 kB
MemAvailable:    1514344 kB
Buffers:           54252 kB
Cached:           427088 kB
MemTotal:        1844596 kB
MemFree:         1143552 kB
MemAvailable:    1512968 kB
Buffers:           54252 kB
Cached:           427088 kB
MemTotal:        1844596 kB
MemFree:         1143508 kB
MemAvailable:    1512924 kB
Buffers:           54252 kB
Cached:           427088 kB
MemTotal:        1844596 kB
MemFree:         1143748 kB
MemAvailable:    1513164 kB
Buffers:           54252 kB
Cached:           427088 kB
MemTotal:        1844596 kB
MemFree:         1143460 kB
MemAvailable:    1512876 kB
Buffers:           54252 kB
Cached:           427088 kB
MemTotal:        1844596 kB
MemFree:         1143204 kB
MemAvailable:    1512620 kB
Buffers:           54252 kB
Cached:           427088 kB
MemTotal:        1844596 kB
MemFree:         1144568 kB
MemAvailable:    1513984 kB
Buffers:           54252 kB
Cached:           427088 kB
MemTotal:        1844596 kB
MemFree:         1144148 kB
MemAvailable:    1513564 kB
Buffers:           54252 kB
Cached:           427088 kB
MemTotal:        1844596 kB
MemFree:         1143708 kB
MemAvailable:    1513124 kB
Buffers:           54252 kB
Cached:           427088 kB
MemTotal:        1844596 kB
MemFree:         1144168 kB
MemAvailable:    1513584 kB
Buffers:           54252 kB
Cached:           427088 kB
MemTotal:        1844596 kB
MemFree:         1142776 kB
MemAvailable:    1512192 kB
Buffers:           54252 kB
Cached:           427088 kB
MemTotal:        1844596 kB
MemFree:         1142644 kB
MemAvailable:    1512060 kB
Buffers:           54252 kB
Cached:           427088 kB
MemTotal:        1844596 kB
MemFree:         1144096 kB
MemAvailable:    1513512 kB
Buffers:           54252 kB
Cached:           427088 kB
MemTotal:        1844596 kB
MemFree:         1143984 kB
MemAvailable:    1513400 kB
Buffers:           54252 kB
Cached:           427088 kB
MemTotal:        1844596 kB
MemFree:         1142716 kB
MemAvailable:    1512132 kB
Buffers:           54252 kB
Cached:           427088 kB
MemTotal:        1844596 kB
MemFree:         1142716 kB
MemAvailable:    1512132 kB
Buffers:           54252 kB
Cached:           427088 kB
MemTotal:        1844596 kB
MemFree:         1142668 kB
MemAvailable:    1512084 kB
Buffers:           54252 kB
Cached:           427088 kB
MemTotal:        1844596 kB
MemFree:         1142544 kB
MemAvailable:    1511960 kB
Buffers:           54252 kB
Cached:           427088 kB
MemTotal:        1844596 kB
MemFree:         1140484 kB
MemAvailable:    1509900 kB
Buffers:           54252 kB
Cached:           427088 kB
MemTotal:        1844596 kB
MemFree:         1138120 kB
MemAvailable:    1507536 kB
Buffers:           54252 kB
Cached:           427088 kB
MemTotal:        1844596 kB
MemFree:         1135524 kB
MemAvailable:    1504940 kB
Buffers:           54252 kB
Cached:           427088 kB
MemTotal:        1844596 kB
MemFree:         1135268 kB
MemAvailable:    1504684 kB
Buffers:           54252 kB
Cached:           427088 kB
MemTotal:        1844596 kB
MemFree:         1135028 kB
MemAvailable:    1504444 kB
Buffers:           54252 kB
Cached:           427088 kB
MemTotal:        1844596 kB
MemFree:         1135400 kB
MemAvailable:    1504816 kB
Buffers:           54252 kB
Cached:           427088 kB
MemTotal:        1844596 kB
MemFree:         1134896 kB
MemAvailable:    1504312 kB
Buffers:           54252 kB
Cached:           427088 kB
MemTotal:        1844596 kB
MemFree:         1135144 kB
MemAvailable:    1504560 kB
Buffers:           54252 kB
Cached:           427088 kB
MemTotal:        1844596 kB
MemFree:         1136260 kB
MemAvailable:    1505676 kB
Buffers:           54252 kB
Cached:           427088 kB
MemTotal:        1844596 kB
MemFree:         1134888 kB
MemAvailable:    1504304 kB
Buffers:           54252 kB
Cached:           427088 kB
MemTotal:        1844596 kB
MemFree:         1135948 kB
MemAvailable:    1505364 kB
Buffers:           54252 kB
Cached:           427088 kB
MemTotal:        1844596 kB
MemFree:         1135896 kB
MemAvailable:    1505312 kB
Buffers:           54252 kB
Cached:           427088 kB
MemTotal:        1844596 kB
MemFree:         1136132 kB
MemAvailable:    1505548 kB
Buffers:           54252 kB
Cached:           427088 kB
MemTotal:        1844596 kB
MemFree:         1135880 kB
MemAvailable:    1505296 kB
Buffers:           54252 kB
Cached:           427088 kB
MemTotal:        1844596 kB
MemFree:         1135524 kB
MemAvailable:    1504940 kB
Buffers:           54252 kB
Cached:           427088 kB
MemTotal:        1844596 kB
MemFree:         1136068 kB
MemAvailable:    1505484 kB
Buffers:           54252 kB
Cached:           427088 kB
MemTotal:        1844596 kB
MemFree:         1134760 kB
MemAvailable:    1504176 kB
Buffers:           54252 kB
Cached:           427088 kB
MemTotal:        1844596 kB
MemFree:         1135484 kB
MemAvailable:    1504900 kB
Buffers:           54252 kB
Cached:           427088 kB
MemTotal:        1844596 kB
MemFree:         1135268 kB
MemAvailable:    1504684 kB
Buffers:           54252 kB
Cached:           427088 kB
MemTotal:        1844596 kB
MemFree:         1134592 kB
MemAvailable:    1504008 kB
Buffers:           54252 kB
Cached:           427088 kB
MemTotal:        1844596 kB
MemFree:         1134292 kB
MemAvailable:    1503708 kB
Buffers:           54252 kB
Cached:           427088 kB
MemTotal:        1844596 kB
MemFree:         1133960 kB
MemAvailable:    1503376 kB
Buffers:           54252 kB
Cached:           427088 kB
MemTotal:        1844596 kB
MemFree:         1134212 kB
MemAvailable:    1503628 kB
Buffers:           54252 kB
Cached:           427088 kB
MemTotal:        1844596 kB
MemFree:         1133416 kB
MemAvailable:    1502832 kB
Buffers:           54252 kB
Cached:           427088 kB
MemTotal:        1844596 kB
MemFree:         1132036 kB
MemAvailable:    1501452 kB
Buffers:           54252 kB
Cached:           427088 kB
MemTotal:        1844596 kB
MemFree:         1132532 kB
MemAvailable:    1501948 kB
Buffers:           54252 kB
Cached:           427088 kB
MemTotal:        1844596 kB
MemFree:         1132616 kB
MemAvailable:    1502032 kB
Buffers:           54252 kB
Cached:           427088 kB
MemTotal:        1844596 kB
MemFree:         1132396 kB
MemAvailable:    1501812 kB
Buffers:           54252 kB
Cached:           427088 kB
MemTotal:        1844596 kB
MemFree:         1132548 kB
MemAvailable:    1501964 kB
Buffers:           54252 kB
Cached:           427088 kB
MemTotal:        1844596 kB
MemFree:         1132284 kB
MemAvailable:    1501700 kB
Buffers:           54252 kB
Cached:           427088 kB
MemTotal:        1844596 kB
MemFree:         1132276 kB
MemAvailable:    1501692 kB
Buffers:           54252 kB
Cached:           427088 kB
MemTotal:        1844596 kB
MemFree:         1130780 kB
MemAvailable:    1500196 kB
Buffers:           54252 kB
Cached:           427088 kB
MemTotal:        1844596 kB
MemFree:         1130904 kB
MemAvailable:    1500320 kB
Buffers:           54252 kB
Cached:           427088 kB
MemTotal:        1844596 kB
MemFree:         1130780 kB
MemAvailable:    1500196 kB
Buffers:           54252 kB
Cached:           427088 kB
MemTotal:        1844596 kB
MemFree:         1130908 kB
MemAvailable:    1500324 kB
Buffers:           54252 kB
Cached:           427088 kB
MemTotal:        1844596 kB
MemFree:         1130888 kB
MemAvailable:    1500312 kB
Buffers:           54252 kB
Cached:           427096 kB
MemTotal:        1844596 kB
MemFree:         1130564 kB
MemAvailable:    1499988 kB
Buffers:           54252 kB
Cached:           427096 kB
MemTotal:        1844596 kB
MemFree:         1131556 kB
MemAvailable:    1500980 kB
Buffers:           54252 kB
Cached:           427096 kB
MemTotal:        1844596 kB
MemFree:         1125356 kB
MemAvailable:    1494780 kB
Buffers:           54252 kB
Cached:           427096 kB
MemTotal:        1844596 kB
MemFree:         1124488 kB
MemAvailable:    1493912 kB
Buffers:           54252 kB
Cached:           427096 kB
MemTotal:        1844596 kB
MemFree:         1124480 kB
MemAvailable:    1493904 kB
Buffers:           54252 kB
Cached:           427096 kB
MemTotal:        1844596 kB
MemFree:         1124176 kB
MemAvailable:    1493600 kB
Buffers:           54252 kB
Cached:           427096 kB
MemTotal:        1844596 kB
MemFree:         1124428 kB
MemAvailable:    1493852 kB
Buffers:           54252 kB
Cached:           427096 kB
MemTotal:        1844596 kB
MemFree:         1123232 kB
MemAvailable:    1492656 kB
Buffers:           54252 kB
Cached:           427096 kB
MemTotal:        1844596 kB
MemFree:         1126260 kB
MemAvailable:    1495684 kB
Buffers:           54252 kB
Cached:           427096 kB
MemTotal:        1844596 kB
MemFree:         1124604 kB
MemAvailable:    1494028 kB
Buffers:           54252 kB
Cached:           427096 kB
MemTotal:        1844596 kB
MemFree:         1124472 kB
MemAvailable:    1493980 kB
Buffers:           54252 kB
Cached:           427220 kB
MemTotal:        1844596 kB
MemFree:         1125664 kB
MemAvailable:    1495340 kB
Buffers:           54252 kB
Cached:           427344 kB
MemTotal:        1844596 kB
MemFree:         1125416 kB
MemAvailable:    1495260 kB
Buffers:           54252 kB
Cached:           427468 kB
MemTotal:        1844596 kB
MemFree:         1123984 kB
MemAvailable:    1493912 kB
Buffers:           54252 kB
Cached:           427592 kB
MemTotal:        1844596 kB
MemFree:         1124820 kB
MemAvailable:    1494916 kB
Buffers:           54252 kB
Cached:           427716 kB
MemTotal:        1844596 kB
MemFree:         1124852 kB
MemAvailable:    1494948 kB
Buffers:           54252 kB
Cached:           427716 kB
MemTotal:        1844596 kB
MemFree:         1125024 kB
MemAvailable:    1495120 kB
Buffers:           54252 kB
Cached:           427716 kB
MemTotal:        1844596 kB
MemFree:         1123552 kB
MemAvailable:    1493648 kB
Buffers:           54252 kB
Cached:           427716 kB
MemTotal:        1844596 kB
MemFree:         1124852 kB
MemAvailable:    1494948 kB
Buffers:           54252 kB
Cached:           427716 kB
MemTotal:        1844596 kB
MemFree:         1124964 kB
MemAvailable:    1495060 kB
Buffers:           54252 kB
Cached:           427716 kB
MemTotal:        1844596 kB
MemFree:         1124860 kB
MemAvailable:    1494956 kB
Buffers:           54252 kB
Cached:           427716 kB
MemTotal:        1844596 kB
MemFree:         1123744 kB
MemAvailable:    1493840 kB
Buffers:           54252 kB
Cached:           427716 kB
MemTotal:        1844596 kB
MemFree:         1125440 kB
MemAvailable:    1494948 kB
Buffers:           54252 kB
Cached:           427084 kB
MemTotal:        1844596 kB
MemFree:         1125776 kB
MemAvailable:    1495284 kB
Buffers:           54252 kB
Cached:           427084 kB
MemTotal:        1844596 kB
MemFree:         1192300 kB
MemAvailable:    1561808 kB
Buffers:           54252 kB
Cached:           427084 kB
