MemTotal:        1844596 kB
MemFree:         1376120 kB
MemAvailable:    1580744 kB
Buffers:           32136 kB
Cached:           289892 kB
MemTotal:        1844596 kB
MemFree:         1350312 kB
MemAvailable:    1554864 kB
Buffers:           32136 kB
Cached:           289916 kB
MemTotal:        1844596 kB
MemFree:         1348760 kB
MemAvailable:    1553312 kB
Buffers:           32136 kB
Cached:           289916 kB
MemTotal:        1844596 kB
MemFree:         1347832 kB
MemAvailable:    1552384 kB
Buffers:           32136 kB
Cached:           289916 kB
MemTotal:        1844596 kB
MemFree:         1345468 kB
MemAvailable:    1550020 kB
Buffers:           32136 kB
Cached:           289916 kB
MemTotal:        1844596 kB
MemFree:         1344104 kB
MemAvailable:    1548656 kB
Buffers:           32136 kB
Cached:           289916 kB
MemTotal:        1844596 kB
MemFree:         1343616 kB
MemAvailable:    1548168 kB
Buffers:           32136 kB
Cached:           289916 kB
MemTotal:        1844596 kB
MemFree:         1342128 kB
MemAvailable:    1546680 kB
Buffers:           32136 kB
Cached:           289916 kB
MemTotal:        1844596 kB
MemFree:         1339236 kB
MemAvailable:    1543788 kB
Buffers:           32136 kB
Cached:           289916 kB
MemTotal:        1844596 kB
MemFree:         1335864 kB
MemAvailable:    1540416 kB
Buffers:           32136 kB
Cached:           289916 kB
MemTotal:        1844596 kB
MemFree:         1335232 kB
MemAvailable:    1539784 kB
Buffers:           32136 kB
Cached:           289916 kB
MemTotal:        1844596 kB
MemFree:         1335060 kB
MemAvailable:    1539612 kB
Buffers:           32136 kB
Cached:           289916 kB
MemTotal:        1844596 kB
MemFree:         1335280 kB
MemAvailable:    1539832 kB
Buffers:           32136 kB
Cached:           289916 kB
MemTotal:        1844596 kB
MemFree:         1335432 kB
MemAvailable:    1539984 kB
Buffers:           32136 kB
Cached:           289916 kB
MemTotal:        1844596 kB
MemFree:         1335112 kB
MemAvailable:    1539664 kB
Buffers:           32136 kB
Cached:           289916 kB
MemTotal:        1844596 kB
MemFree:         1335364 kB
MemAvailable:    1539916 kB
Buffers:           32136 kB
Cached:           289916 kB
MemTotal:        1844596 kB
MemFree:         1333872 kB
MemAvailable:    1538424 kB
Buffers:           32136 kB
Cached:           289916 kB
MemTotal:        1844596 kB
MemFree:         1334440 kB
MemAvailable:    1538992 kB
Buffers:           32136 kB
Cached:           289916 kB
MemTotal:        1844596 kB
MemFree:         1333260 kB
MemAvailable:    1537812 kB
Buffers:           32136 kB
Cached:           289916 kB
MemTotal:        1844596 kB
MemFree:         1332812 kB
MemAvailable:    1537364 kB
Buffers:           32136 kB
Cached:           289916 kB
MemTotal:        1844596 kB
MemFree:         1332208 kB
MemAvailable:    1536760 kB
Buffers:           32136 kB
Cached:           289916 kB
MemTotal:        1844596 kB
MemFree:         1332816 kB
MemAvailable:    1537368 kB
Buffers:           32136 kB
Cached:           289916 kB
MemTotal:        1844596 kB
MemFree:         1332932 kB
MemAvailable:    1537484 kB
Buffers:           32136 kB
Cached:           289916 kB
MemTotal:        1844596 kB
MemFree:         1332828 kB
MemAvailable:    1537380 kB
Buffers:           32136 kB
Cached:           289916 kB
MemTotal:        1844596 kB
MemFree:         1332732 kB
MemAvailable:    1537284 kB
Buffers:           32136 kB
Cached:           289916 kB
MemTotal:        1844596 kB
MemFree:         1333076 kB
MemAvailable:    1537628 kB
Buffers:           32136 kB
Cached:           289916 kB
MemTotal:        1844596 kB
MemFree:         1332632 kB
MemAvailable:    1537184 kB
Buffers:           32136 kB
Cached:           289916 kB
MemTotal:        1844596 kB
MemFree:         1332280 kB
MemAvailable:    1536832 kB
Buffers:           32136 kB
Cached:           289916 kB
MemTotal:        1844596 kB
MemFree:         1332792 kB
MemAvailable:    1537344 kB
Buffers:           32136 kB
Cached:           289916 kB
MemTotal:        1844596 kB
MemFree:         1332688 kB
MemAvailable:    1537240 kB
Buffers:           32136 kB
Cached:           289916 kB
MemTotal:        1844596 kB
MemFree:         1332208 kB
MemAvailable:    1536760 kB
Buffers:           32136 kB
Cached:           289916 kB
MemTotal:        1844596 kB
MemFree:         1330456 kB
MemAvailable:    1535008 kB
Buffers:           32136 kB
Cached:           289916 kB
MemTotal:        1844596 kB
MemFree:         1330224 kB
MemAvailable:    1534652 kB
Buffers:           32136 kB
Cached:           289916 kB
MemTotal:        1844596 kB
MemFree:         1330036 kB
MemAvailable:    1534588 kB
Buffers:           32136 kB
Cached:           289916 kB
MemTotal:        1844596 kB
MemFree:         1329788 kB
MemAvailable:    1534340 kB
Buffers:           32136 kB
Cached:           289916 kB
MemTotal:        1844596 kB
MemFree:         1328488 kB
MemAvailable:    1533040 kB
Buffers:           32136 kB
Cached:           289916 kB
MemTotal:        1844596 kB
MemFree:         1329044 kB
MemAvailable:    1533596 kB
Buffers:           32136 kB
Cached:           289916 kB
MemTotal:        1844596 kB
MemFree:         1328852 kB
MemAvailable:    1533404 kB
Buffers:           32136 kB
Cached:           289916 kB
MemTotal:        1844596 kB
MemFree:         1327480 kB
MemAvailable:    1532032 kB
Buffers:           32136 kB
Cached:           289916 kB
MemTotal:        1844596 kB
MemFree:         1328596 kB
MemAvailable:    1533152 kB
Buffers:           32136 kB
Cached:           289920 kB
MemTotal:        1844596 kB
MemFree:         1328736 kB
MemAvailable:    1533292 kB
Buffers:           32136 kB
Cached:           289920 kB
MemTotal:        1844596 kB
MemFree:         1328572 kB
MemAvailable:    1533128 kB
Buffers:           32136 kB
Cached:           289920 kB
MemTotal:        1844596 kB
MemFree:         1327364 kB
MemAvailable:    1531920 kB
Buffers:           32136 kB
Cached:           289920 kB
MemTotal:        1844596 kB
MemFree:         1328100 kB
MemAvailable:    1532656 kB
Buffers:           32136 kB
Cached:           289920 kB
MemTotal:        1844596 kB
MemFree:         1328100 kB
MemAvailable:    1532656 kB
Buffers:           32136 kB
Cached:           289920 kB
MemTotal:        1844596 kB
MemFree:         1327472 kB
MemAvailable:    1532028 kB
Buffers:           32136 kB
Cached:           289920 kB
MemTotal:        1844596 kB
MemFree:         1327920 kB
MemAvailable:    1532476 kB
Buffers:           32136 kB
Cached:           289920 kB
MemTotal:        1844596 kB
MemFree:         1328340 kB
MemAvailable:    1532896 kB
Buffers:           32136 kB
Cached:           289920 kB
MemTotal:        1844596 kB
MemFree:         1327920 kB
MemAvailable:    1532476 kB
Buffers:           32136 kB
Cached:           289920 kB
MemTotal:        1844596 kB
MemFree:         1327852 kB
MemAvailable:    1532408 kB
Buffers:           32136 kB
Cached:           289920 kB
MemTotal:        1844596 kB
MemFree:         1327912 kB
MemAvailable:    1532468 kB
Buffers:           32136 kB
Cached:           289920 kB
MemTotal:        1844596 kB
MemFree:         1327580 kB
MemAvailable:    1532136 kB
Buffers:           32136 kB
Cached:           289920 kB
MemTotal:        1844596 kB
MemFree:         1327832 kB
MemAvailable:    1532388 kB
Buffers:           32136 kB
Cached:           289920 kB
MemTotal:        1844596 kB
MemFree:         1326324 kB
MemAvailable:    1530880 kB
Buffers:           32136 kB
Cached:           289920 kB
MemTotal:        1844596 kB
MemFree:         1326316 kB
MemAvailable:    1530872 kB
Buffers:           32136 kB
Cached:           289920 kB
MemTotal:        1844596 kB
MemFree:         1327624 kB
MemAvailable:    1532180 kB
Buffers:           32136 kB
Cached:           289920 kB
MemTotal:        1844596 kB
MemFree:         1327492 kB
MemAvailable:    1532048 kB
Buffers:           32136 kB
Cached:           289920 kB
MemTotal:        1844596 kB
MemFree:         1327032 kB
MemAvailable:    1531588 kB
Buffers:           32136 kB
Cached:           289920 kB
MemTotal:        1844596 kB
MemFree:         1327200 kB
MemAvailable:    1531756 kB
Buffers:           32136 kB
Cached:           289920 kB
MemTotal:        1844596 kB
MemFree:         1325736 kB
MemAvailable:    1530292 kB
Buffers:           32136 kB
Cached:           289920 kB
MemTotal:        1844596 kB
MemFree:         1325744 kB
MemAvailable:    1530300 kB
Buffers:           32136 kB
Cached:           289920 kB
MemTotal:        1844596 kB
MemFree:         1325868 kB
MemAvailable:    1530424 kB
Buffers:           32136 kB
Cached:           289920 kB
MemTotal:        1844596 kB
MemFree:         1325760 kB
MemAvailable:    1530316 kB
Buffers:           32136 kB
Cached:           289920 kB
MemTotal:        1844596 kB
MemFree:         1326796 kB
MemAvailable:    1531352 kB
Buffers:           32136 kB
Cached:           289920 kB
MemTotal:        1844596 kB
MemFree:         1325628 kB
MemAvailable:    1530184 kB
Buffers:           32136 kB
Cached:           289920 kB
MemTotal:        1844596 kB
MemFree:         1327116 kB
MemAvailable:    1531672 kB
Buffers:           32136 kB
Cached:           289920 kB
MemTotal:        1844596 kB
MemFree:         1325620 kB
MemAvailable:    1530176 kB
Buffers:           32136 kB
Cached:           289920 kB
MemTotal:        1844596 kB
MemFree:         1325496 kB
MemAvailable:    1530052 kB
Buffers:           32136 kB
Cached:           289920 kB
MemTotal:        1844596 kB
MemFree:         1325264 kB
MemAvailable:    1529820 kB
Buffers:           32136 kB
Cached:           289920 kB
MemTotal:        1844596 kB
MemFree:         1324396 kB
MemAvailable:    1528952 kB
Buffers:           32136 kB
Cached:           289920 kB
MemTotal:        1844596 kB
MemFree:         1322660 kB
MemAvailable:    1527216 kB
Buffers:           32136 kB
Cached:           289920 kB
MemTotal:        1844596 kB
MemFree:         1321208 kB
MemAvailable:    1525764 kB
Buffers:           32136 kB
Cached:           289920 kB
MemTotal:        1844596 kB
MemFree:         1319124 kB
MemAvailable:    1523680 kB
Buffers:           32136 kB
Cached:           289920 kB
MemTotal:        1844596 kB
MemFree:         1317908 kB
MemAvailable:    1522464 kB
Buffers:           32136 kB
Cached:           289920 kB
MemTotal:        1844596 kB
MemFree:         1318808 kB
MemAvailable:    1523364 kB
Buffers:           32136 kB
Cached:           289920 kB
MemTotal:        1844596 kB
MemFree:         1317520 kB
MemAvailable:    1522076 kB
Buffers:           32136 kB
Cached:           289920 kB
MemTotal:        1844596 kB
MemFree:         1318756 kB
MemAvailable:    1523312 kB
Buffers:           32136 kB
Cached:           289920 kB
MemTotal:        1844596 kB
MemFree:         1318792 kB
MemAvailable:    1523348 kB
Buffers:           32136 kB
Cached:           289920 kB
MemTotal:        1844596 kB
MemFree:         1318648 kB
MemAvailable:    1523204 kB
Buffers:           32136 kB
Cached:           289920 kB
MemTotal:        1844596 kB
MemFree:         1318196 kB
MemAvailable:    1522752 kB
Buffers:           32136 kB
Cached:           289920 kB
MemTotal:        1844596 kB
MemFree:         1317520 kB
MemAvailable:    1522076 kB
Buffers:           32136 kB
Cached:           289920 kB
MemTotal:        1844596 kB
MemFree:         1317520 kB
MemAvailable:    1522076 kB
Buffers:           32136 kB
Cached:           289920 kB
MemTotal:        1844596 kB
MemFree:         1317520 kB
MemAvailable:    1522076 kB
Buffers:           32136 kB
Cached:           289920 kB
MemTotal:        1844596 kB
MemFree:         1318620 kB
MemAvailable:    1523176 kB
Buffers:           32136 kB
Cached:           289920 kB
MemTotal:        1844596 kB
MemFree:         1318872 kB
MemAvailable:    1523428 kB
Buffers:           32136 kB
Cached:           289920 kB
MemTotal:        1844596 kB
MemFree:         1318664 kB
MemAvailable:    1523220 kB
Buffers:           32136 kB
Cached:           289920 kB
MemTotal:        1844596 kB
MemFree:         1318916 kB
MemAvailable:    1523472 kB
Buffers:           32136 kB
Cached:           289920 kB
MemTotal:        1844596 kB
MemFree:         1318320 kB
MemAvailable:    1522876 kB
Buffers:           32136 kB
Cached:           289920 kB
MemTotal:        1844596 kB
MemFree:         1317080 kB
MemAvailable:    1521636 kB
Buffers:           32136 kB
Cached:           289920 kB
MemTotal:        1844596 kB
MemFree:         1317672 kB
MemAvailable:    1522228 kB
Buffers:           32136 kB
Cached:           289920 kB
MemTotal:        1844596 kB
MemFree:         1317452 kB
MemAvailable:    1522008 kB
Buffers:           32136 kB
Cached:           289920 kB
MemTotal:        1844596 kB
MemFree:         1317396 kB
MemAvailable:    1521952 kB
Buffers:           32136 kB
Cached:           289920 kB
MemTotal:        1844596 kB
MemFree:         1316024 kB
MemAvailable:    1520580 kB
Buffers:           32136 kB
Cached:           289920 kB
MemTotal:        1844596 kB
MemFree:         1315892 kB
MemAvailable:    1520448 kB
Buffers:           32136 kB
Cached:           289920 kB
MemTotal:        1844596 kB
MemFree:         1314848 kB
MemAvailable:    1519404 kB
Buffers:           32136 kB
Cached:           289920 kB
MemTotal:        1844596 kB
MemFree:         1314592 kB
MemAvailable:    1519148 kB
Buffers:           32136 kB
Cached:           289920 kB
MemTotal:        1844596 kB
MemFree:         1314228 kB
MemAvailable:    1518784 kB
Buffers:           32136 kB
Cached:           289920 kB
MemTotal:        1844596 kB
MemFree:         1315592 kB
MemAvailable:    1520148 kB
Buffers:           32148 kB
Cached:           289908 kB
MemTotal:        1844596 kB
MemFree:         1314964 kB
MemAvailable:    1519520 kB
Buffers:           32148 kB
Cached:           289908 kB
MemTotal:        1844596 kB
MemFree:         1313676 kB
MemAvailable:    1518232 kB
Buffers:           32148 kB
Cached:           289908 kB
MemTotal:        1844596 kB
MemFree:         1314828 kB
MemAvailable:    1519384 kB
Buffers:           32148 kB
Cached:           289908 kB
MemTotal:        1844596 kB
MemFree:         1314904 kB
MemAvailable:    1519460 kB
Buffers:           32148 kB
Cached:           289908 kB
MemTotal:        1844596 kB
MemFree:         1313576 kB
MemAvailable:    1518132 kB
Buffers:           32148 kB
Cached:           289908 kB
MemTotal:        1844596 kB
MemFree:         1314760 kB
MemAvailable:    1519316 kB
Buffers:           32148 kB
Cached:           289908 kB
MemTotal:        1844596 kB
MemFree:         1315096 kB
MemAvailable:    1519652 kB
Buffers:           32148 kB
Cached:           289908 kB
MemTotal:        1844596 kB
MemFree:         1313560 kB
MemAvailable:    1518116 kB
Buffers:           32148 kB
Cached:           289908 kB
MemTotal:        1844596 kB
MemFree:         1313352 kB
MemAvailable:    1517908 kB
Buffers:           32148 kB
Cached:           289908 kB
MemTotal:        1844596 kB
MemFree:         1314476 kB
MemAvailable:    1519036 kB
Buffers:           32148 kB
Cached:           289912 kB
MemTotal:        1844596 kB
MemFree:         1308756 kB
MemAvailable:    1513316 kB
Buffers:           32148 kB
Cached:           289912 kB
MemTotal:        1844596 kB
MemFree:         1308524 kB
MemAvailable:    1513084 kB
Buffers:           32148 kB
Cached:           289912 kB
MemTotal:        1844596 kB
MemFree:         1306036 kB
MemAvailable:    1510612 kB
Buffers:           32148 kB
Cached:           289928 kB
MemTotal:        1844596 kB
MemFree:         1307144 kB
MemAvailable:    1511720 kB
Buffers:           32148 kB
Cached:           289928 kB
MemTotal:        1844596 kB
MemFree:         1307144 kB
MemAvailable:    1511720 kB
Buffers:           32148 kB
Cached:           289928 kB
MemTotal:        1844596 kB
MemFree:         1306916 kB
MemAvailable:    1511492 kB
Buffers:           32148 kB
Cached:           289928 kB
MemTotal:        1844596 kB
MemFree:         1305776 kB
MemAvailable:    1510352 kB
Buffers:           32148 kB
Cached:           289928 kB
MemTotal:        1844596 kB
MemFree:         1308956 kB
MemAvailable:    1513532 kB
Buffers:           32148 kB
Cached:           289928 kB
MemTotal:        1844596 kB
MemFree:         1308524 kB
MemAvailable:    1513100 kB
Buffers:           32148 kB
Cached:           289928 kB
MemTotal:        1844596 kB
MemFree:         1307152 kB
MemAvailable:    1511812 kB
Buffers:           32148 kB
Cached:           290052 kB
MemTotal:        1844596 kB
MemFree:         1308136 kB
MemAvailable:    1512964 kB
Buffers:           32148 kB
Cached:           290176 kB
MemTotal:        1844596 kB
MemFree:         1306788 kB
MemAvailable:    1511616 kB
Buffers:           32148 kB
Cached:           290176 kB
MemTotal:        1844596 kB
MemFree:         1308400 kB
MemAvailable:    1513228 kB
Buffers:           32148 kB
Cached:           290300 kB
MemTotal:        1844596 kB
MemFree:         1308216 kB
MemAvailable:    1513296 kB
Buffers:           32148 kB
Cached:           290424 kB
MemTotal:        1844596 kB
MemFree:         1307832 kB
MemAvailable:    1512996 kB
Buffers:           32148 kB
Cached:           290548 kB
MemTotal:        1844596 kB
MemFree:         1307584 kB
MemAvailable:    1512748 kB
Buffers:           32148 kB
Cached:           290548 kB
MemTotal:        1844596 kB
MemFree:         1307836 kB
MemAvailable:    1513000 kB
Buffers:           32148 kB
Cached:           290548 kB
MemTotal:        1844596 kB
MemFree:         1307628 kB
MemAvailable:    1512792 kB
Buffers:           32148 kB
Cached:           290548 kB
MemTotal:        1844596 kB
MemFree:         1307880 kB
MemAvailable:    1513044 kB
Buffers:           32148 kB
Cached:           290548 kB
MemTotal:        1844596 kB
MemFree:         1307516 kB
MemAvailable:    1512764 kB
Buffers:           32148 kB
Cached:           290672 kB
MemTotal:        1844596 kB
MemFree:         1307768 kB
MemAvailable:    1513016 kB
Buffers:           32148 kB
Cached:           290672 kB
MemTotal:        1844596 kB
MemFree:         1306396 kB
MemAvailable:    1511644 kB
Buffers:           32148 kB
Cached:           290672 kB
MemTotal:        1844596 kB
MemFree:         1308320 kB
MemAvailable:    1512896 kB
Buffers:           32148 kB
Cached:           290000 kB
MemTotal:        1844596 kB
MemFree:         1373908 kB
MemAvailable:    1578484 kB
Buffers:           32148 kB
Cached:           290000 kB
MemTotal:        1844596 kB
MemFree:         1374724 kB
MemAvailable:    1579300 kB
Buffers:           32148 kB
Cached:           290000 kB
