MemTotal:        1844596 kB
MemFree:         1301988 kB
MemAvailable:    1570956 kB
Buffers:           41460 kB
Cached:           347096 kB
MemTotal:        1844596 kB
MemFree:         1273996 kB
MemAvailable:    1542972 kB
Buffers:           41460 kB
Cached:           347104 kB
MemTotal:        1844596 kB
MemFree:         1272988 kB
MemAvailable:    1541964 kB
Buffers:           41460 kB
Cached:           347104 kB
MemTotal:        1844596 kB
MemFree:         1271268 kB
MemAvailable:    1540244 kB
Buffers:           41460 kB
Cached:           347104 kB
MemTotal:        1844596 kB
MemFree:         1270856 kB
MemAvailable:    1539832 kB
Buffers:           41460 kB
Cached:           347104 kB
MemTotal:        1844596 kB
MemFree:         1270888 kB
MemAvailable:    1539864 kB
Buffers:           41460 kB
Cached:           347104 kB
MemTotal:        1844596 kB
MemFree:         1267788 kB
MemAvailable:    1536764 kB
Buffers:           41460 kB
Cached:           347104 kB
MemTotal:        1844596 kB
MemFree:         1264804 kB
MemAvailable:    1533780 kB
Buffers:           41460 kB
Cached:           347104 kB
MemTotal:        1844596 kB
MemFree:         1264572 kB
MemAvailable:    1533548 kB
Buffers:           41460 kB
Cached:           347104 kB
MemTotal:        1844596 kB
MemFree:         1259720 kB
MemAvailable:    1528696 kB
Buffers:           41460 kB
Cached:           347104 kB
MemTotal:        1844596 kB
MemFree:         1259488 kB
MemAvailable:    1528464 kB
Buffers:           41460 kB
Cached:           347104 kB
MemTotal:        1844596 kB
MemFree:         1260632 kB
MemAvailable:    1529608 kB
Buffers:           41460 kB
Cached:           347104 kB
MemTotal:        1844596 kB
MemFree:         1260480 kB
MemAvailable:    1529456 kB
Buffers:           41460 kB
Cached:           347104 kB
MemTotal:        1844596 kB
MemFree:         1260884 kB
MemAvailable:    1529860 kB
Buffers:           41460 kB
Cached:           347104 kB
MemTotal:        1844596 kB
MemFree:         1260660 kB
MemAvailable:    1529636 kB
Buffers:           41460 kB
Cached:           347104 kB
MemTotal:        1844596 kB
MemFree:         1260728 kB
MemAvailable:    1529704 kB
Buffers:           41460 kB
Cached:           347104 kB
MemTotal:        1844596 kB
MemFree:         1259472 kB
MemAvailable:    1528448 kB
Buffers:           41460 kB
Cached:           347104 kB
MemTotal:        1844596 kB
MemFree:         1259364 kB
MemAvailable:    1528340 kB
Buffers:           41460 kB
Cached:           347104 kB
MemTotal:        1844596 kB
MemFree:         1257744 kB
MemAvailable:    1526720 kB
Buffers:           41460 kB
Cached:           347104 kB
MemTotal:        1844596 kB
MemFree:         1258804 kB
MemAvailable:    1527780 kB
Buffers:           41460 kB
Cached:           347104 kB
MemTotal:        1844596 kB
MemFree:         1258848 kB
MemAvailable:    1527824 kB
Buffers:           41460 kB
Cached:           347104 kB
MemTotal:        1844596 kB
MemFree:         1258488 kB
MemAvailable:    1527464 kB
Buffers:           41460 kB
Cached:           347104 kB
MemTotal:        1844596 kB
MemFree:         1258440 kB
MemAvailable:    1527416 kB
Buffers:           41460 kB
Cached:           347104 kB
MemTotal:        1844596 kB
MemFree:         1258552 kB
MemAvailable:    1527528 kB
Buffers:           41460 kB
Cached:           347104 kB
MemTotal:        1844596 kB
MemFree:         1257056 kB
MemAvailable:    1526032 kB
Buffers:           41460 kB
Cached:           347104 kB
MemTotal:        1844596 kB
MemFree:         1257436 kB
MemAvailable:    1526412 kB
Buffers:           41460 kB
Cached:           347104 kB
MemTotal:        1844596 kB
MemFree:         1259840 kB
MemAvailable:    1528816 kB
Buffers:           41460 kB
Cached:           347104 kB
MemTotal:        1844596 kB
MemFree:         1259300 kB
MemAvailable:    1528276 kB
Buffers:           41460 kB
Cached:           347104 kB
MemTotal:        1844596 kB
MemFree:         1257316 kB
MemAvailable:    1526292 kB
Buffers:           41460 kB
Cached:           347104 kB
MemTotal:        1844596 kB
MemFree:         1256200 kB
MemAvailable:    1525176 kB
Buffers:           41460 kB
Cached:           347104 kB
MemTotal:        1844596 kB
MemFree:         1254640 kB
MemAvailable:    1523616 kB
Buffers:           41460 kB
Cached:           347104 kB
MemTotal:        1844596 kB
MemFree:         1255456 kB
MemAvailable:    1524432 kB
Buffers:           41460 kB
Cached:           347104 kB
MemTotal:        1844596 kB
MemFree:         1254032 kB
MemAvailable:    1523008 kB
Buffers:           41460 kB
Cached:           347104 kB
MemTotal:        1844596 kB
MemFree:         1254716 kB
MemAvailable:    1523692 kB
Buffers:           41460 kB
Cached:           347104 kB
MemTotal:        1844596 kB
MemFree:         1253396 kB
MemAvailable:    1522372 kB
Buffers:           41460 kB
Cached:           347104 kB
MemTotal:        1844596 kB
MemFree:         1254396 kB
MemAvailable:    1523372 kB
Buffers:           41460 kB
Cached:           347104 kB
MemTotal:        1844596 kB
MemFree:         1254380 kB
MemAvailable:    1523356 kB
Buffers:           41460 kB
Cached:           347104 kB
MemTotal:        1844596 kB
MemFree:         1252884 kB
MemAvailable:    1521860 kB
Buffers:           41460 kB
Cached:           347104 kB
MemTotal:        1844596 kB
MemFree:         1254324 kB
MemAvailable:    1523300 kB
Buffers:           41460 kB
Cached:           347104 kB
MemTotal:        1844596 kB
MemFree:         1254016 kB
MemAvailable:    1522992 kB
Buffers:           41460 kB
Cached:           347104 kB
MemTotal:        1844596 kB
MemFree:         1253496 kB
MemAvailable:    1522472 kB
Buffers:           41460 kB
Cached:           347104 kB
MemTotal:        1844596 kB
MemFree:         1253524 kB
MemAvailable:    1522500 kB
Buffers:           41460 kB
Cached:           347104 kB
MemTotal:        1844596 kB
MemFree:         1251860 kB
MemAvailable:    1520836 kB
Buffers:           41460 kB
Cached:           347104 kB
MemTotal:        1844596 kB
MemFree:         1253220 kB
MemAvailable:    1522196 kB
Buffers:           41460 kB
Cached:           347104 kB
MemTotal:        1844596 kB
MemFree:         1253288 kB
MemAvailable:    1522264 kB
Buffers:           41460 kB
Cached:           347104 kB
MemTotal:        1844596 kB
MemFree:         1253168 kB
MemAvailable:    1522144 kB
Buffers:           41460 kB
Cached:           347104 kB
MemTotal:        1844596 kB
MemFree:         1251988 kB
MemAvailable:    1520964 kB
Buffers:           41460 kB
Cached:           347104 kB
MemTotal:        1844596 kB
MemFree:         1253164 kB
MemAvailable:    1522140 kB
Buffers:           41460 kB
Cached:           347104 kB
MemTotal:        1844596 kB
MemFree:         1251924 kB
MemAvailable:    1520900 kB
Buffers:           41460 kB
Cached:           347104 kB
MemTotal:        1844596 kB
MemFree:         1252000 kB
MemAvailable:    1520980 kB
Buffers:           41460 kB
Cached:           347108 kB
MemTotal:        1844596 kB
MemFree:         1253156 kB
MemAvailable:    1522136 kB
Buffers:           41460 kB
Cached:           347108 kB
MemTotal:        1844596 kB
MemFree:         1253296 kB
MemAvailable:    1522276 kB
Buffers:           41460 kB
Cached:           347108 kB
MemTotal:        1844596 kB
MemFree:         1252976 kB
MemAvailable:    1521956 kB
Buffers:           41460 kB
Cached:           347108 kB
MemTotal:        1844596 kB
MemFree:         1251668 kB
MemAvailable:    1520648 kB
Buffers:           41460 kB
Cached:           347108 kB
MemTotal:        1844596 kB
MemFree:         1252844 kB
MemAvailable:    1521824 kB
Buffers:           41460 kB
Cached:           347108 kB
MemTotal:        1844596 kB
MemFree:         1251304 kB
MemAvailable:    1520284 kB
Buffers:           41460 kB
Cached:           347108 kB
MemTotal:        1844596 kB
MemFree:         1252356 kB
MemAvailable:    1521336 kB
Buffers:           41460 kB
Cached:           347108 kB
MemTotal:        1844596 kB
MemFree:         1252164 kB
MemAvailable:    1521144 kB
Buffers:           41460 kB
Cached:           347108 kB
MemTotal:        1844596 kB
MemFree:         1252224 kB
MemAvailable:    1521204 kB
Buffers:           41460 kB
Cached:           347108 kB
MemTotal:        1844596 kB
MemFree:         1251048 kB
MemAvailable:    1520028 kB
Buffers:           41460 kB
Cached:           347108 kB
MemTotal:        1844596 kB
MemFree:         1251048 kB
MemAvailable:    1520028 kB
Buffers:           41460 kB
Cached:           347108 kB
MemTotal:        1844596 kB
MemFree:         1252228 kB
MemAvailable:    1521208 kB
Buffers:           41460 kB
Cached:           347108 kB
MemTotal:        1844596 kB
MemFree:         1252228 kB
MemAvailable:    1521208 kB
Buffers:           41460 kB
Cached:           347108 kB
MemTotal:        1844596 kB
MemFree:         1252144 kB
MemAvailable:    1521124 kB
Buffers:           41460 kB
Cached:           347108 kB
MemTotal:        1844596 kB
MemFree:         1252296 kB
MemAvailable:    1521276 kB
Buffers:           41460 kB
Cached:           347108 kB
MemTotal:        1844596 kB
MemFree:         1252116 kB
MemAvailable:    1521096 kB
Buffers:           41460 kB
Cached:           347108 kB
MemTotal:        1844596 kB
MemFree:         1249568 kB
MemAvailable:    1518548 kB
Buffers:           41460 kB
Cached:           347108 kB
MemTotal:        1844596 kB
MemFree:         1248012 kB
MemAvailable:    1516992 kB
Buffers:           41460 kB
Cached:           347108 kB
MemTotal:        1844596 kB
MemFree:         1245972 kB
MemAvailable:    1514952 kB
Buffers:           41460 kB
Cached:           347108 kB
MemTotal:        1844596 kB
MemFree:         1244112 kB
MemAvailable:    1513092 kB
Buffers:           41460 kB
Cached:           347108 kB
MemTotal:        1844596 kB
MemFree:         1243304 kB
MemAvailable:    1512284 kB
Buffers:           41460 kB
Cached:           347108 kB
MemTotal:        1844596 kB
MemFree:         1244412 kB
MemAvailable:    1513392 kB
Buffers:           41460 kB
Cached:           347108 kB
MemTotal:        1844596 kB
MemFree:         1244580 kB
MemAvailable:    1513560 kB
Buffers:           41460 kB
Cached:           347108 kB
MemTotal:        1844596 kB
MemFree:         1243044 kB
MemAvailable:    1512024 kB
Buffers:           41460 kB
Cached:           347108 kB
MemTotal:        1844596 kB
MemFree:         1244352 kB
MemAvailable:    1513332 kB
Buffers:           41460 kB
Cached:           347108 kB
MemTotal:        1844596 kB
MemFree:         1244412 kB
MemAvailable:    1513392 kB
Buffers:           41460 kB
Cached:           347108 kB
MemTotal:        1844596 kB
MemFree:         1244268 kB
MemAvailable:    1513248 kB
Buffers:           41460 kB
Cached:           347108 kB
MemTotal:        1844596 kB
MemFree:         1244112 kB
MemAvailable:    1513092 kB
Buffers:           41460 kB
Cached:           347108 kB
MemTotal:        1844596 kB
MemFree:         1244292 kB
MemAvailable:    1513272 kB
Buffers:           41460 kB
Cached:           347108 kB
MemTotal:        1844596 kB
MemFree:         1244292 kB
MemAvailable:    1513272 kB
Buffers:           41460 kB
Cached:           347108 kB
MemTotal:        1844596 kB
MemFree:         1244532 kB
MemAvailable:    1513512 kB
Buffers:           41460 kB
Cached:           347108 kB
MemTotal:        1844596 kB
MemFree:         1242976 kB
MemAvailable:    1511956 kB
Buffers:           41460 kB
Cached:           347108 kB
MemTotal:        1844596 kB
MemFree:         1243100 kB
MemAvailable:    1512080 kB
Buffers:           41460 kB
Cached:           347108 kB
MemTotal:        1844596 kB
MemFree:         1244320 kB
MemAvailable:    1513300 kB
Buffers:           41460 kB
Cached:           347108 kB
MemTotal:        1844596 kB
MemFree:         1243864 kB
MemAvailable:    1512844 kB
Buffers:           41460 kB
Cached:           347108 kB
MemTotal:        1844596 kB
MemFree:         1243368 kB
MemAvailable:    1512348 kB
Buffers:           41460 kB
Cached:           347108 kB
MemTotal:        1844596 kB
MemFree:         1242996 kB
MemAvailable:    1511976 kB
Buffers:           41460 kB
Cached:           347108 kB
MemTotal:        1844596 kB
MemFree:         1242600 kB
MemAvailable:    1511580 kB
Buffers:           41460 kB
Cached:           347108 kB
MemTotal:        1844596 kB
MemFree:         1242600 kB
MemAvailable:    1511580 kB
Buffers:           41460 kB
Cached:           347108 kB
MemTotal:        1844596 kB
MemFree:         1242504 kB
MemAvailable:    1511484 kB
Buffers:           41460 kB
Cached:           347108 kB
MemTotal:        1844596 kB
MemFree:         1241872 kB
MemAvailable:    1510852 kB
Buffers:           41460 kB
Cached:           347108 kB
MemTotal:        1844596 kB
MemFree:         1240384 kB
MemAvailable:    1509364 kB
Buffers:           41460 kB
Cached:           347108 kB
MemTotal:        1844596 kB
MemFree:         1240748 kB
MemAvailable:    1509728 kB
Buffers:           41460 kB
Cached:           347108 kB
MemTotal:        1844596 kB
MemFree:         1241000 kB
MemAvailable:    1509980 kB
Buffers:           41460 kB
Cached:           347108 kB
MemTotal:        1844596 kB
MemFree:         1239380 kB
MemAvailable:    1508360 kB
Buffers:           41460 kB
Cached:           347108 kB
MemTotal:        1844596 kB
MemFree:         1239380 kB
MemAvailable:    1508360 kB
Buffers:           41460 kB
Cached:           347108 kB
MemTotal:        1844596 kB
MemFree:         1239512 kB
MemAvailable:    1508492 kB
Buffers:           41460 kB
Cached:           347108 kB
MemTotal:        1844596 kB
MemFree:         1239256 kB
MemAvailable:    1508236 kB
Buffers:           41460 kB
Cached:           347108 kB
MemTotal:        1844596 kB
MemFree:         1239208 kB
MemAvailable:    1508188 kB
Buffers:           41460 kB
Cached:           347108 kB
MemTotal:        1844596 kB
MemFree:         1240352 kB
MemAvailable:    1509332 kB
Buffers:           41460 kB
Cached:           347108 kB
MemTotal:        1844596 kB
MemFree:         1239204 kB
MemAvailable:    1508184 kB
Buffers:           41460 kB
Cached:           347108 kB
MemTotal:        1844596 kB
MemFree:         1239064 kB
MemAvailable:    1508044 kB
Buffers:           41460 kB
Cached:           347108 kB
MemTotal:        1844596 kB
MemFree:         1240012 kB
MemAvailable:    1508992 kB
Buffers:           41460 kB
Cached:           347108 kB
MemTotal:        1844596 kB
MemFree:         1239160 kB
MemAvailable:    1508140 kB
Buffers:           41460 kB
Cached:           347108 kB
MemTotal:        1844596 kB
MemFree:         1239700 kB
MemAvailable:    1508680 kB
Buffers:           41460 kB
Cached:           347108 kB
MemTotal:        1844596 kB
MemFree:         1238524 kB
MemAvailable:    1507504 kB
Buffers:           41460 kB
Cached:           347108 kB
MemTotal:        1844596 kB
MemFree:         1232828 kB
MemAvailable:    1501808 kB
Buffers:           41460 kB
Cached:           347108 kB
MemTotal:        1844596 kB
MemFree:         1232688 kB
MemAvailable:    1501668 kB
Buffers:           41460 kB
Cached:           347108 kB
MemTotal:        1844596 kB
MemFree:         1232460 kB
MemAvailable:    1501440 kB
Buffers:           41460 kB
Cached:           347108 kB
MemTotal:        1844596 kB
MemFree:         1232436 kB
MemAvailable:    1501416 kB
Buffers:           41460 kB
Cached:           347108 kB
MemTotal:        1844596 kB
MemFree:         1232380 kB
MemAvailable:    1501360 kB
Buffers:           41460 kB
Cached:           347108 kB
MemTotal:        1844596 kB
MemFree:         1232332 kB
MemAvailable:    1501312 kB
Buffers:           41460 kB
Cached:           347108 kB
MemTotal:        1844596 kB
MemFree:         1233176 kB
MemAvailable:    1502156 kB
Buffers:           41460 kB
Cached:           347108 kB
MemTotal:        1844596 kB
MemFree:         1233068 kB
MemAvailable:    1502048 kB
Buffers:           41460 kB
Cached:           347108 kB
MemTotal:        1844596 kB
MemFree:         1233928 kB
MemAvailable:    1503076 kB
Buffers:           41460 kB
Cached:           347356 kB
MemTotal:        1844596 kB
MemFree:         1233764 kB
MemAvailable:    1502912 kB
Buffers:           41460 kB
Cached:           347356 kB
MemTotal:        1844596 kB
MemFree:         1233532 kB
MemAvailable:    1502848 kB
Buffers:           41460 kB
Cached:           347480 kB
MemTotal:        1844596 kB
MemFree:         1233324 kB
MemAvailable:    1502640 kB
Buffers:           41460 kB
Cached:           347480 kB
MemTotal:        1844596 kB
MemFree:         1233300 kB
MemAvailable:    1502876 kB
Buffers:           41460 kB
Cached:           347708 kB
MemTotal:        1844596 kB
MemFree:         1233636 kB
MemAvailable:    1503212 kB
Buffers:           41460 kB
Cached:           347708 kB
MemTotal:        1844596 kB
MemFree:         1233260 kB
MemAvailable:    1502836 kB
Buffers:           41460 kB
Cached:           347708 kB
MemTotal:        1844596 kB
MemFree:         1233076 kB
MemAvailable:    1502652 kB
Buffers:           41460 kB
Cached:           347708 kB
MemTotal:        1844596 kB
MemFree:         1233204 kB
MemAvailable:    1502780 kB
Buffers:           41460 kB
Cached:           347708 kB
MemTotal:        1844596 kB
MemFree:         1232028 kB
MemAvailable:    1501604 kB
Buffers:           41460 kB
Cached:           347708 kB
MemTotal:        1844596 kB
MemFree:         1232020 kB
MemAvailable:    1501596 kB
Buffers:           41460 kB
Cached:           347708 kB
MemTotal:        1844596 kB
MemFree:         1232064 kB
MemAvailable:    1501640 kB
Buffers:           41460 kB
Cached:           347708 kB
MemTotal:        1844596 kB
MemFree:         1232064 kB
MemAvailable:    1501640 kB
Buffers:           41460 kB
Cached:           347708 kB
MemTotal:        1844596 kB
MemFree:         1233804 kB
MemAvailable:    1502792 kB
Buffers:           41460 kB
Cached:           347076 kB
MemTotal:        1844596 kB
MemFree:         1233928 kB
MemAvailable:    1502916 kB
Buffers:           41460 kB
Cached:           347076 kB
MemTotal:        1844596 kB
MemFree:         1298644 kB
MemAvailable:    1567632 kB
Buffers:           41460 kB
Cached:           347076 kB
