MemTotal:        1844596 kB
MemFree:         1361460 kB
MemAvailable:    1578016 kB
Buffers:           33956 kB
Cached:           301512 kB
MemTotal:        1844596 kB
MemFree:         1334080 kB
MemAvailable:    1550644 kB
Buffers:           33956 kB
Cached:           301516 kB
MemTotal:        1844596 kB
MemFree:         1332964 kB
MemAvailable:    1549528 kB
Buffers:           33956 kB
Cached:           301516 kB
MemTotal:        1844596 kB
MemFree:         1331212 kB
MemAvailable:    1547776 kB
Buffers:           33956 kB
Cached:           301516 kB
MemTotal:        1844596 kB
MemFree:         1330428 kB
MemAvailable:    1546992 kB
Buffers:           33956 kB
Cached:           301516 kB
MemTotal:        1844596 kB
MemFree:         1330856 kB
MemAvailable:    1547420 kB
Buffers:           33956 kB
Cached:           301516 kB
MemTotal:        1844596 kB
MemFree:         1329616 kB
MemAvailable:    1546180 kB
Buffers:           33956 kB
Cached:           301516 kB
MemTotal:        1844596 kB
MemFree:         1327632 kB
MemAvailable:    1544196 kB
Buffers:           33956 kB
Cached:           301516 kB
MemTotal:        1844596 kB
MemFree:         1324160 kB
MemAvailable:    1540724 kB
Buffers:           33956 kB
Cached:           301516 kB
MemTotal:        1844596 kB
MemFree:         1320936 kB
MemAvailable:    1537500 kB
Buffers:           33956 kB
Cached:           301516 kB
MemTotal:        1844596 kB
MemFree:         1320872 kB
MemAvailable:    1537436 kB
Buffers:           33956 kB
Cached:           301516 kB
MemTotal:        1844596 kB
MemFree:         1320192 kB
MemAvailable:    1536756 kB
Buffers:           33956 kB
Cached:           301516 kB
MemTotal:        1844596 kB
MemFree:         1319516 kB
MemAvailable:    1536080 kB
Buffers:           33956 kB
Cached:           301516 kB
MemTotal:        1844596 kB
MemFree:         1320660 kB
MemAvailable:    1537224 kB
Buffers:           33956 kB
Cached:           301516 kB
MemTotal:        1844596 kB
MemFree:         1320912 kB
MemAvailable:    1537476 kB
Buffers:           33956 kB
Cached:           301516 kB
MemTotal:        1844596 kB
MemFree:         1320632 kB
MemAvailable:    1537196 kB
Buffers:           33956 kB
Cached:           301516 kB
MemTotal:        1844596 kB
MemFree:         1318944 kB
MemAvailable:    1535508 kB
Buffers:           33956 kB
Cached:           301516 kB
MemTotal:        1844596 kB
MemFree:         1318688 kB
MemAvailable:    1535252 kB
Buffers:           33956 kB
Cached:           301516 kB
MemTotal:        1844596 kB
MemFree:         1318772 kB
MemAvailable:    1535336 kB
Buffers:           33956 kB
Cached:           301516 kB
MemTotal:        1844596 kB
MemFree:         1318500 kB
MemAvailable:    1535064 kB
Buffers:           33956 kB
Cached:           301516 kB
MemTotal:        1844596 kB
MemFree:         1317340 kB
MemAvailable:    1533904 kB
Buffers:           33956 kB
Cached:           301516 kB
MemTotal:        1844596 kB
MemFree:         1318112 kB
MemAvailable:    1534676 kB
Buffers:           33956 kB
Cached:           301516 kB
MemTotal:        1844596 kB
MemFree:         1318456 kB
MemAvailable:    1535020 kB
Buffers:           33956 kB
Cached:           301516 kB
MemTotal:        1844596 kB
MemFree:         1318236 kB
MemAvailable:    1534800 kB
Buffers:           33956 kB
Cached:           301516 kB
MemTotal:        1844596 kB
MemFree:         1318212 kB
MemAvailable:    1534776 kB
Buffers:           33956 kB
Cached:           301516 kB
MemTotal:        1844596 kB
MemFree:         1317464 kB
MemAvailable:    1534028 kB
Buffers:           33956 kB
Cached:           301516 kB
MemTotal:        1844596 kB
MemFree:         1318056 kB
MemAvailable:    1534620 kB
Buffers:           33956 kB
Cached:           301516 kB
MemTotal:        1844596 kB
MemFree:         1318392 kB
MemAvailable:    1534956 kB
Buffers:           33956 kB
Cached:           301516 kB
MemTotal:        1844596 kB
MemFree:         1319632 kB
MemAvailable:    1536196 kB
Buffers:           33956 kB
Cached:           301516 kB
MemTotal:        1844596 kB
MemFree:         1318564 kB
MemAvailable:    1535128 kB
Buffers:           33956 kB
Cached:           301516 kB
MemTotal:        1844596 kB
MemFree:         1318332 kB
MemAvailable:    1534896 kB
Buffers:           33956 kB
Cached:           301516 kB
MemTotal:        1844596 kB
MemFree:         1315960 kB
MemAvailable:    1532524 kB
Buffers:           33956 kB
Cached:           301516 kB
MemTotal:        1844596 kB
MemFree:         1316088 kB
MemAvailable:    1532652 kB
Buffers:           33956 kB
Cached:           301516 kB
MemTotal:        1844596 kB
MemFree:         1314240 kB
MemAvailable:    1530804 kB
Buffers:           33956 kB
Cached:           301516 kB
MemTotal:        1844596 kB
MemFree:         1313992 kB
MemAvailable:    1530556 kB
Buffers:           33956 kB
Cached:           301516 kB
MemTotal:        1844596 kB
MemFree:         1312868 kB
MemAvailable:    1529432 kB
Buffers:           33956 kB
Cached:           301516 kB
MemTotal:        1844596 kB
MemFree:         1314068 kB
MemAvailable:    1530632 kB
Buffers:           33956 kB
Cached:           301516 kB
MemTotal:        1844596 kB
MemFree:         1314052 kB
MemAvailable:    1530616 kB
Buffers:           33956 kB
Cached:           301516 kB
MemTotal:        1844596 kB
MemFree:         1314056 kB
MemAvailable:    1530620 kB
Buffers:           33956 kB
Cached:           301516 kB
MemTotal:        1844596 kB
MemFree:         1314308 kB
MemAvailable:    1530872 kB
Buffers:           33956 kB
Cached:           301516 kB
MemTotal:        1844596 kB
MemFree:         1314108 kB
MemAvailable:    1530676 kB
Buffers:           33956 kB
Cached:           301520 kB
MemTotal:        1844596 kB
MemFree:         1314024 kB
MemAvailable:    1530592 kB
Buffers:           33956 kB
Cached:           301520 kB
MemTotal:        1844596 kB
MemFree:         1313556 kB
MemAvailable:    1530124 kB
Buffers:           33956 kB
Cached:           301520 kB
MemTotal:        1844596 kB
MemFree:         1313424 kB
MemAvailable:    1529992 kB
Buffers:           33956 kB
Cached:           301520 kB
MemTotal:        1844596 kB
MemFree:         1313424 kB
MemAvailable:    1529992 kB
Buffers:           33956 kB
Cached:           301520 kB
MemTotal:        1844596 kB
MemFree:         1312124 kB
MemAvailable:    1528692 kB
Buffers:           33956 kB
Cached:           301520 kB
MemTotal:        1844596 kB
MemFree:         1313364 kB
MemAvailable:    1529932 kB
Buffers:           33956 kB
Cached:           301520 kB
MemTotal:        1844596 kB
MemFree:         1313308 kB
MemAvailable:    1529876 kB
Buffers:           33956 kB
Cached:           301520 kB
MemTotal:        1844596 kB
MemFree:         1313192 kB
MemAvailable:    1529760 kB
Buffers:           33956 kB
Cached:           301520 kB
MemTotal:        1844596 kB
MemFree:         1311872 kB
MemAvailable:    1528440 kB
Buffers:           33956 kB
Cached:           301520 kB
MemTotal:        1844596 kB
MemFree:         1311872 kB
MemAvailable:    1528440 kB
Buffers:           33956 kB
Cached:           301520 kB
MemTotal:        1844596 kB
MemFree:         1313296 kB
MemAvailable:    1529864 kB
Buffers:           33956 kB
Cached:           301520 kB
MemTotal:        1844596 kB
MemFree:         1312368 kB
MemAvailable:    1528936 kB
Buffers:           33956 kB
Cached:           301520 kB
MemTotal:        1844596 kB
MemFree:         1312132 kB
MemAvailable:    1528700 kB
Buffers:           33956 kB
Cached:           301520 kB
MemTotal:        1844596 kB
MemFree:         1312936 kB
MemAvailable:    1529504 kB
Buffers:           33956 kB
Cached:           301520 kB
MemTotal:        1844596 kB
MemFree:         1311636 kB
MemAvailable:    1528204 kB
Buffers:           33956 kB
Cached:           301520 kB
MemTotal:        1844596 kB
MemFree:         1312504 kB
MemAvailable:    1529072 kB
Buffers:           33956 kB
Cached:           301520 kB
MemTotal:        1844596 kB
MemFree:         1310836 kB
MemAvailable:    1527404 kB
Buffers:           33956 kB
Cached:           301520 kB
MemTotal:        1844596 kB
MemFree:         1310952 kB
MemAvailable:    1527520 kB
Buffers:           33956 kB
Cached:           301520 kB
MemTotal:        1844596 kB
MemFree:         1312200 kB
MemAvailable:    1528768 kB
Buffers:           33956 kB
Cached:           301520 kB
MemTotal:        1844596 kB
MemFree:         1310700 kB
MemAvailable:    1527268 kB
Buffers:           33956 kB
Cached:           301520 kB
MemTotal:        1844596 kB
MemFree:         1312176 kB
MemAvailable:    1528744 kB
Buffers:           33956 kB
Cached:           301520 kB
MemTotal:        1844596 kB
MemFree:         1312260 kB
MemAvailable:    1528828 kB
Buffers:           33956 kB
Cached:           301520 kB
MemTotal:        1844596 kB
MemFree:         1312132 kB
MemAvailable:    1528700 kB
Buffers:           33956 kB
Cached:           301520 kB
MemTotal:        1844596 kB
MemFree:         1312152 kB
MemAvailable:    1528720 kB
Buffers:           33956 kB
Cached:           301520 kB
MemTotal:        1844596 kB
MemFree:         1312208 kB
MemAvailable:    1528776 kB
Buffers:           33956 kB
Cached:           301520 kB
MemTotal:        1844596 kB
MemFree:         1311960 kB
MemAvailable:    1528528 kB
Buffers:           33956 kB
Cached:           301520 kB
MemTotal:        1844596 kB
MemFree:         1309404 kB
MemAvailable:    1525972 kB
Buffers:           33956 kB
Cached:           301520 kB
MemTotal:        1844596 kB
MemFree:         1307728 kB
MemAvailable:    1524296 kB
Buffers:           33956 kB
Cached:           301520 kB
MemTotal:        1844596 kB
MemFree:         1307420 kB
MemAvailable:    1523988 kB
Buffers:           33956 kB
Cached:           301520 kB
MemTotal:        1844596 kB
MemFree:         1304692 kB
MemAvailable:    1521260 kB
Buffers:           33956 kB
Cached:           301520 kB
MemTotal:        1844596 kB
MemFree:         1303328 kB
MemAvailable:    1519896 kB
Buffers:           33956 kB
Cached:           301520 kB
MemTotal:        1844596 kB
MemFree:         1303204 kB
MemAvailable:    1519772 kB
Buffers:           33956 kB
Cached:           301520 kB
MemTotal:        1844596 kB
MemFree:         1302948 kB
MemAvailable:    1519516 kB
Buffers:           33956 kB
Cached:           301520 kB
MemTotal:        1844596 kB
MemFree:         1302940 kB
MemAvailable:    1519508 kB
Buffers:           33956 kB
Cached:           301520 kB
MemTotal:        1844596 kB
MemFree:         1302940 kB
MemAvailable:    1519508 kB
Buffers:           33956 kB
Cached:           301520 kB
MemTotal:        1844596 kB
MemFree:         1304140 kB
MemAvailable:    1520708 kB
Buffers:           33956 kB
Cached:           301520 kB
MemTotal:        1844596 kB
MemFree:         1304176 kB
MemAvailable:    1520744 kB
Buffers:           33956 kB
Cached:           301520 kB
MemTotal:        1844596 kB
MemFree:         1303864 kB
MemAvailable:    1520432 kB
Buffers:           33956 kB
Cached:           301520 kB
MemTotal:        1844596 kB
MemFree:         1303636 kB
MemAvailable:    1520204 kB
Buffers:           33956 kB
Cached:           301520 kB
MemTotal:        1844596 kB
MemFree:         1302748 kB
MemAvailable:    1519316 kB
Buffers:           33956 kB
Cached:           301520 kB
MemTotal:        1844596 kB
MemFree:         1304304 kB
MemAvailable:    1520872 kB
Buffers:           33956 kB
Cached:           301520 kB
MemTotal:        1844596 kB
MemFree:         1304156 kB
MemAvailable:    1520724 kB
Buffers:           33956 kB
Cached:           301520 kB
MemTotal:        1844596 kB
MemFree:         1304064 kB
MemAvailable:    1520632 kB
Buffers:           33956 kB
Cached:           301520 kB
MemTotal:        1844596 kB
MemFree:         1303636 kB
MemAvailable:    1520204 kB
Buffers:           33956 kB
Cached:           301520 kB
MemTotal:        1844596 kB
MemFree:         1303436 kB
MemAvailable:    1520004 kB
Buffers:           33956 kB
Cached:           301520 kB
MemTotal:        1844596 kB
MemFree:         1302584 kB
MemAvailable:    1519152 kB
Buffers:           33956 kB
Cached:           301520 kB
MemTotal:        1844596 kB
MemFree:         1302512 kB
MemAvailable:    1519080 kB
Buffers:           33956 kB
Cached:           301520 kB
MemTotal:        1844596 kB
MemFree:         1302180 kB
MemAvailable:    1518748 kB
Buffers:           33956 kB
Cached:           301520 kB
MemTotal:        1844596 kB
MemFree:         1302432 kB
MemAvailable:    1519000 kB
Buffers:           33956 kB
Cached:           301520 kB
MemTotal:        1844596 kB
MemFree:         1301280 kB
MemAvailable:    1517848 kB
Buffers:           33956 kB
Cached:           301520 kB
MemTotal:        1844596 kB
MemFree:         1300584 kB
MemAvailable:    1517152 kB
Buffers:           33956 kB
Cached:           301520 kB
MemTotal:        1844596 kB
MemFree:         1300724 kB
MemAvailable:    1517292 kB
Buffers:           33956 kB
Cached:           301520 kB
MemTotal:        1844596 kB
MemFree:         1299304 kB
MemAvailable:    1515872 kB
Buffers:           33956 kB
Cached:           301520 kB
MemTotal:        1844596 kB
MemFree:         1299304 kB
MemAvailable:    1515872 kB
Buffers:           33956 kB
Cached:           301520 kB
MemTotal:        1844596 kB
MemFree:         1300588 kB
MemAvailable:    1517156 kB
Buffers:           33956 kB
Cached:           301520 kB
MemTotal:        1844596 kB
MemFree:         1300528 kB
MemAvailable:    1517096 kB
Buffers:           33956 kB
Cached:           301520 kB
MemTotal:        1844596 kB
MemFree:         1299040 kB
MemAvailable:    1515608 kB
Buffers:           33956 kB
Cached:           301520 kB
MemTotal:        1844596 kB
MemFree:         1300324 kB
MemAvailable:    1516892 kB
Buffers:           33956 kB
Cached:           301520 kB
MemTotal:        1844596 kB
MemFree:         1298952 kB
MemAvailable:    1515520 kB
Buffers:           33956 kB
Cached:           301520 kB
MemTotal:        1844596 kB
MemFree:         1300192 kB
MemAvailable:    1516760 kB
Buffers:           33956 kB
Cached:           301520 kB
MemTotal:        1844596 kB
MemFree:         1299076 kB
MemAvailable:    1515644 kB
Buffers:           33956 kB
Cached:           301520 kB
MemTotal:        1844596 kB
MemFree:         1300096 kB
MemAvailable:    1516664 kB
Buffers:           33956 kB
Cached:           301520 kB
MemTotal:        1844596 kB
MemFree:         1299792 kB
MemAvailable:    1516360 kB
Buffers:           33956 kB
Cached:           301520 kB
MemTotal:        1844596 kB
MemFree:         1294508 kB
MemAvailable:    1511076 kB
Buffers:           33956 kB
Cached:           301520 kB
MemTotal:        1844596 kB
MemFree:         1294592 kB
MemAvailable:    1511160 kB
Buffers:           33956 kB
Cached:           301520 kB
MemTotal:        1844596 kB
MemFree:         1292848 kB
MemAvailable:    1509416 kB
Buffers:           33956 kB
Cached:           301520 kB
MemTotal:        1844596 kB
MemFree:         1292724 kB
MemAvailable:    1509296 kB
Buffers:           33956 kB
Cached:           301524 kB
MemTotal:        1844596 kB
MemFree:         1292780 kB
MemAvailable:    1509352 kB
Buffers:           33956 kB
Cached:           301524 kB
MemTotal:        1844596 kB
MemFree:         1291300 kB
MemAvailable:    1507876 kB
Buffers:           33956 kB
Cached:           301528 kB
MemTotal:        1844596 kB
MemFree:         1294416 kB
MemAvailable:    1510992 kB
Buffers:           33956 kB
Cached:           301528 kB
MemTotal:        1844596 kB
MemFree:         1294468 kB
MemAvailable:    1511044 kB
Buffers:           33956 kB
Cached:           301528 kB
MemTotal:        1844596 kB
MemFree:         1294280 kB
MemAvailable:    1510940 kB
Buffers:           33956 kB
Cached:           301652 kB
MemTotal:        1844596 kB
MemFree:         1292664 kB
MemAvailable:    1509408 kB
Buffers:           33956 kB
Cached:           301776 kB
MemTotal:        1844596 kB
MemFree:         1293640 kB
MemAvailable:    1510552 kB
Buffers:           33956 kB
Cached:           301900 kB
MemTotal:        1844596 kB
MemFree:         1293532 kB
MemAvailable:    1510444 kB
Buffers:           33956 kB
Cached:           301900 kB
MemTotal:        1844596 kB
MemFree:         1293412 kB
MemAvailable:    1510492 kB
Buffers:           33956 kB
Cached:           302024 kB
MemTotal:        1844596 kB
MemFree:         1293220 kB
MemAvailable:    1510300 kB
Buffers:           33956 kB
Cached:           302148 kB
MemTotal:        1844596 kB
MemFree:         1293076 kB
MemAvailable:    1510156 kB
Buffers:           33956 kB
Cached:           302148 kB
MemTotal:        1844596 kB
MemFree:         1293328 kB
MemAvailable:    1510408 kB
Buffers:           33956 kB
Cached:           302148 kB
MemTotal:        1844596 kB
MemFree:         1293104 kB
MemAvailable:    1510184 kB
Buffers:           33956 kB
Cached:           302148 kB
MemTotal:        1844596 kB
MemFree:         1292964 kB
MemAvailable:    1510128 kB
Buffers:           33956 kB
Cached:           302272 kB
MemTotal:        1844596 kB
MemFree:         1293300 kB
MemAvailable:    1510464 kB
Buffers:           33956 kB
Cached:           302272 kB
MemTotal:        1844596 kB
MemFree:         1291724 kB
MemAvailable:    1508888 kB
Buffers:           33956 kB
Cached:           302272 kB
MemTotal:        1844596 kB
MemFree:         1291856 kB
MemAvailable:    1509020 kB
Buffers:           33956 kB
Cached:           302272 kB
MemTotal:        1844596 kB
MemFree:         1357568 kB
MemAvailable:    1574144 kB
Buffers:           33956 kB
Cached:           301600 kB
MemTotal:        1844596 kB
MemFree:         1360196 kB
MemAvailable:    1576772 kB
Buffers:           33956 kB
Cached:           301600 kB
