MemTotal:        1844596 kB
MemFree:         1191836 kB
MemAvailable:    1562984 kB
Buffers:           54404 kB
Cached:           428528 kB
MemTotal:        1844596 kB
MemFree:         1163580 kB
MemAvailable:    1534732 kB
Buffers:           54404 kB
Cached:           428532 kB
MemTotal:        1844596 kB
MemFree:         1162216 kB
MemAvailable:    1533368 kB
Buffers:           54404 kB
Cached:           428532 kB
MemTotal:        1844596 kB
MemFree:         1161952 kB
MemAvailable:    1533104 kB
Buffers:           54404 kB
Cached:           428532 kB
MemTotal:        1844596 kB
MemFree:         1161348 kB
MemAvailable:    1532500 kB
Buffers:           54404 kB
Cached:           428532 kB
MemTotal:        1844596 kB
MemFree:         1160664 kB
MemAvailable:    1531816 kB
Buffers:           54404 kB
Cached:           428532 kB
MemTotal:        1844596 kB
MemFree:         1159612 kB
MemAvailable:    1530764 kB
Buffers:           54404 kB
Cached:           428532 kB
MemTotal:        1844596 kB
MemFree:         1157744 kB
MemAvailable:    1528896 kB
Buffers:           54404 kB
Cached:           428532 kB
MemTotal:        1844596 kB
MemFree:         1155140 kB
MemAvailable:    1526292 kB
Buffers:           54404 kB
Cached:           428532 kB
MemTotal:        1844596 kB
MemFree:         1153952 kB
MemAvailable:    1525104 kB
Buffers:           54404 kB
Cached:           428532 kB
MemTotal:        1844596 kB
MemFree:         1148700 kB
MemAvailable:    1519852 kB
Buffers:           54404 kB
Cached:           428532 kB
MemTotal:        1844596 kB
MemFree:         1149412 kB
MemAvailable:    1520564 kB
Buffers:           54404 kB
Cached:           428532 kB
MemTotal:        1844596 kB
MemFree:         1150696 kB
MemAvailable:    1521848 kB
Buffers:           54404 kB
Cached:           428532 kB
MemTotal:        1844596 kB
MemFree:         1150620 kB
MemAvailable:    1521772 kB
Buffers:           54404 kB
Cached:           428532 kB
MemTotal:        1844596 kB
MemFree:         1149272 kB
MemAvailable:    1520424 kB
Buffers:           54404 kB
Cached:           428532 kB
MemTotal:        1844596 kB
MemFree:         1150288 kB
MemAvailable:    1521440 kB
Buffers:           54404 kB
Cached:           428532 kB
MemTotal:        1844596 kB
MemFree:         1149568 kB
MemAvailable:    1520720 kB
Buffers:           54404 kB
Cached:           428532 kB
MemTotal:        1844596 kB
MemFree:         1148552 kB
MemAvailable:    1519704 kB
Buffers:           54404 kB
Cached:           428532 kB
MemTotal:        1844596 kB
MemFree:         1148072 kB
MemAvailable:    1519224 kB
Buffers:           54404 kB
Cached:           428532 kB
MemTotal:        1844596 kB
MemFree:         1148324 kB
MemAvailable:    1519476 kB
Buffers:           54404 kB
Cached:           428532 kB
MemTotal:        1844596 kB
MemFree:         1148388 kB
MemAvailable:    1519540 kB
Buffers:           54404 kB
Cached:           428532 kB
MemTotal:        1844596 kB
MemFree:         1147016 kB
MemAvailable:    1518168 kB
Buffers:           54404 kB
Cached:           428532 kB
MemTotal:        1844596 kB
MemFree:         1148160 kB
MemAvailable:    1519312 kB
Buffers:           54404 kB
Cached:           428532 kB
MemTotal:        1844596 kB
MemFree:         1148204 kB
MemAvailable:    1519356 kB
Buffers:           54404 kB
Cached:           428532 kB
MemTotal:        1844596 kB
MemFree:         1148252 kB
MemAvailable:    1519404 kB
Buffers:           54404 kB
Cached:           428532 kB
MemTotal:        1844596 kB
MemFree:         1147460 kB
MemAvailable:    1518612 kB
Buffers:           54404 kB
Cached:           428532 kB
MemTotal:        1844596 kB
MemFree:         1148264 kB
MemAvailable:    1519416 kB
Buffers:           54404 kB
Cached:           428532 kB
MemTotal:        1844596 kB
MemFree:         1148400 kB
MemAvailable:    1519552 kB
Buffers:           54404 kB
Cached:           428532 kB
MemTotal:        1844596 kB
MemFree:         1148196 kB
MemAvailable:    1519348 kB
Buffers:           54404 kB
Cached:           428532 kB
MemTotal:        1844596 kB
MemFree:         1147956 kB
MemAvailable:    1519108 kB
Buffers:           54404 kB
Cached:           428532 kB
MemTotal:        1844596 kB
MemFree:         1145724 kB
MemAvailable:    1516876 kB
Buffers:           54404 kB
Cached:           428532 kB
MemTotal:        1844596 kB
MemFree:         1145708 kB
MemAvailable:    1516860 kB
Buffers:           54404 kB
Cached:           428532 kB
MemTotal:        1844596 kB
MemFree:         1144732 kB
MemAvailable:    1515884 kB
Buffers:           54404 kB
Cached:           428532 kB
MemTotal:        1844596 kB
MemFree:         1144964 kB
MemAvailable:    1516116 kB
Buffers:           54404 kB
Cached:           428532 kB
MemTotal:        1844596 kB
MemFree:         1145300 kB
MemAvailable:    1516452 kB
Buffers:           54404 kB
Cached:           428532 kB
MemTotal:        1844596 kB
MemFree:         1142988 kB
MemAvailable:    1514140 kB
Buffers:           54404 kB
Cached:           428532 kB
MemTotal:        1844596 kB
MemFree:         1144296 kB
MemAvailable:    1515448 kB
Buffers:           54404 kB
Cached:           428532 kB
MemTotal:        1844596 kB
MemFree:         1142864 kB
MemAvailable:    1514016 kB
Buffers:           54404 kB
Cached:           428532 kB
MemTotal:        1844596 kB
MemFree:         1143992 kB
MemAvailable:    1515144 kB
Buffers:           54404 kB
Cached:           428532 kB
MemTotal:        1844596 kB
MemFree:         1144008 kB
MemAvailable:    1515160 kB
Buffers:           54404 kB
Cached:           428532 kB
MemTotal:        1844596 kB
MemFree:         1143924 kB
MemAvailable:    1515076 kB
Buffers:           54404 kB
Cached:           428532 kB
MemTotal:        1844596 kB
MemFree:         1143584 kB
MemAvailable:    1514740 kB
Buffers:           54404 kB
Cached:           428536 kB
MemTotal:        1844596 kB
MemFree:         1143360 kB
MemAvailable:    1514516 kB
Buffers:           54404 kB
Cached:           428536 kB
MemTotal:        1844596 kB
MemFree:         1143156 kB
MemAvailable:    1514312 kB
Buffers:           54404 kB
Cached:           428536 kB
MemTotal:        1844596 kB
MemFree:         1143156 kB
MemAvailable:    1514312 kB
Buffers:           54404 kB
Cached:           428536 kB
MemTotal:        1844596 kB
MemFree:         1143272 kB
MemAvailable:    1514428 kB
Buffers:           54404 kB
Cached:           428536 kB
MemTotal:        1844596 kB
MemFree:         1141916 kB
MemAvailable:    1513072 kB
Buffers:           54404 kB
Cached:           428536 kB
MemTotal:        1844596 kB
MemFree:         1143332 kB
MemAvailable:    1514488 kB
Buffers:           54404 kB
Cached:           428536 kB
MemTotal:        1844596 kB
MemFree:         1143368 kB
MemAvailable:    1514524 kB
Buffers:           54404 kB
Cached:           428536 kB
MemTotal:        1844596 kB
MemFree:         1141872 kB
MemAvailable:    1513028 kB
Buffers:           54404 kB
Cached:           428536 kB
MemTotal:        1844596 kB
MemFree:         1142004 kB
MemAvailable:    1513160 kB
Buffers:           54404 kB
Cached:           428536 kB
MemTotal:        1844596 kB
MemFree:         1142004 kB
MemAvailable:    1513160 kB
Buffers:           54404 kB
Cached:           428536 kB
MemTotal:        1844596 kB
MemFree:         1143244 kB
MemAvailable:    1514400 kB
Buffers:           54404 kB
Cached:           428536 kB
MemTotal:        1844596 kB
MemFree:         1142608 kB
MemAvailable:    1513764 kB
Buffers:           54404 kB
Cached:           428536 kB
MemTotal:        1844596 kB
MemFree:         1141880 kB
MemAvailable:    1513036 kB
Buffers:           54404 kB
Cached:           428536 kB
MemTotal:        1844596 kB
MemFree:         1141204 kB
MemAvailable:    1512360 kB
Buffers:           54404 kB
Cached:           428536 kB
MemTotal:        1844596 kB
MemFree:         1141204 kB
MemAvailable:    1512360 kB
Buffers:           54404 kB
Cached:           428536 kB
MemTotal:        1844596 kB
MemFree:         1141004 kB
MemAvailable:    1512160 kB
Buffers:           54404 kB
Cached:           428536 kB
MemTotal:        1844596 kB
MemFree:         1142188 kB
MemAvailable:    1513344 kB
Buffers:           54404 kB
Cached:           428536 kB
MemTotal:        1844596 kB
MemFree:         1141012 kB
MemAvailable:    1512168 kB
Buffers:           54404 kB
Cached:           428536 kB
MemTotal:        1844596 kB
MemFree:         1140888 kB
MemAvailable:    1512044 kB
Buffers:           54404 kB
Cached:           428536 kB
MemTotal:        1844596 kB
MemFree:         1140880 kB
MemAvailable:    1512036 kB
Buffers:           54404 kB
Cached:           428536 kB
MemTotal:        1844596 kB
MemFree:         1142140 kB
MemAvailable:    1513296 kB
Buffers:           54404 kB
Cached:           428536 kB
MemTotal:        1844596 kB
MemFree:         1142136 kB
MemAvailable:    1513292 kB
Buffers:           54404 kB
Cached:           428536 kB
MemTotal:        1844596 kB
MemFree:         1142056 kB
MemAvailable:    1513212 kB
Buffers:           54404 kB
Cached:           428536 kB
MemTotal:        1844596 kB
MemFree:         1142224 kB
MemAvailable:    1513380 kB
Buffers:           54404 kB
Cached:           428536 kB
MemTotal:        1844596 kB
MemFree:         1141912 kB
MemAvailable:    1513068 kB
Buffers:           54404 kB
Cached:           428536 kB
MemTotal:        1844596 kB
MemFree:         1139152 kB
MemAvailable:    1510308 kB
Buffers:           54404 kB
Cached:           428536 kB
MemTotal:        1844596 kB
MemFree:         1136672 kB
MemAvailable:    1507828 kB
Buffers:           54404 kB
Cached:           428536 kB
MemTotal:        1844596 kB
MemFree:         1134748 kB
MemAvailable:    1505904 kB
Buffers:           54404 kB
Cached:           428536 kB
MemTotal:        1844596 kB
MemFree:         1133316 kB
MemAvailable:    1504472 kB
Buffers:           54404 kB
Cached:           428536 kB
MemTotal:        1844596 kB
MemFree:         1134376 kB
MemAvailable:    1505532 kB
Buffers:           54404 kB
Cached:           428536 kB
MemTotal:        1844596 kB
MemFree:         1134496 kB
MemAvailable:    1505652 kB
Buffers:           54404 kB
Cached:           428536 kB
MemTotal:        1844596 kB
MemFree:         1134112 kB
MemAvailable:    1505268 kB
Buffers:           54404 kB
Cached:           428536 kB
MemTotal:        1844596 kB
MemFree:         1132936 kB
MemAvailable:    1504092 kB
Buffers:           54404 kB
Cached:           428536 kB
MemTotal:        1844596 kB
MemFree:         1134260 kB
MemAvailable:    1505416 kB
Buffers:           54404 kB
Cached:           428536 kB
MemTotal:        1844596 kB
MemFree:         1133308 kB
MemAvailable:    1504464 kB
Buffers:           54404 kB
Cached:           428536 kB
MemTotal:        1844596 kB
MemFree:         1134160 kB
MemAvailable:    1505316 kB
Buffers:           54404 kB
Cached:           428536 kB
MemTotal:        1844596 kB
MemFree:         1134068 kB
MemAvailable:    1505224 kB
Buffers:           54404 kB
Cached:           428536 kB
MemTotal:        1844596 kB
MemFree:         1132896 kB
MemAvailable:    1504052 kB
Buffers:           54404 kB
Cached:           428536 kB
MemTotal:        1844596 kB
MemFree:         1134216 kB
MemAvailable:    1505372 kB
Buffers:           54404 kB
Cached:           428536 kB
MemTotal:        1844596 kB
MemFree:         1134068 kB
MemAvailable:    1505224 kB
Buffers:           54404 kB
Cached:           428536 kB
MemTotal:        1844596 kB
MemFree:         1134088 kB
MemAvailable:    1505244 kB
Buffers:           54404 kB
Cached:           428536 kB
MemTotal:        1844596 kB
MemFree:         1134048 kB
MemAvailable:    1505204 kB
Buffers:           54404 kB
Cached:           428536 kB
MemTotal:        1844596 kB
MemFree:         1133800 kB
MemAvailable:    1504956 kB
Buffers:           54404 kB
Cached:           428536 kB
MemTotal:        1844596 kB
MemFree:         1133004 kB
MemAvailable:    1504160 kB
Buffers:           54404 kB
Cached:           428536 kB
MemTotal:        1844596 kB
MemFree:         1132200 kB
MemAvailable:    1503356 kB
Buffers:           54404 kB
Cached:           428536 kB
MemTotal:        1844596 kB
MemFree:         1132376 kB
MemAvailable:    1503532 kB
Buffers:           54404 kB
Cached:           428536 kB
MemTotal:        1844596 kB
MemFree:         1131896 kB
MemAvailable:    1503052 kB
Buffers:           54404 kB
Cached:           428536 kB
MemTotal:        1844596 kB
MemFree:         1131960 kB
MemAvailable:    1503116 kB
Buffers:           54404 kB
Cached:           428536 kB
MemTotal:        1844596 kB
MemFree:         1130100 kB
MemAvailable:    1501256 kB
Buffers:           54404 kB
Cached:           428536 kB
MemTotal:        1844596 kB
MemFree:         1131520 kB
MemAvailable:    1502676 kB
Buffers:           54404 kB
Cached:           428536 kB
MemTotal:        1844596 kB
MemFree:         1130532 kB
MemAvailable:    1501688 kB
Buffers:           54404 kB
Cached:           428536 kB
MemTotal:        1844596 kB
MemFree:         1130596 kB
MemAvailable:    1501752 kB
Buffers:           54404 kB
Cached:           428536 kB
MemTotal:        1844596 kB
MemFree:         1130392 kB
MemAvailable:    1501548 kB
Buffers:           54404 kB
Cached:           428536 kB
MemTotal:        1844596 kB
MemFree:         1129464 kB
MemAvailable:    1500620 kB
Buffers:           54404 kB
Cached:           428536 kB
MemTotal:        1844596 kB
MemFree:         1129332 kB
MemAvailable:    1500488 kB
Buffers:           54404 kB
Cached:           428536 kB
MemTotal:        1844596 kB
MemFree:         1130516 kB
MemAvailable:    1501672 kB
Buffers:           54404 kB
Cached:           428536 kB
MemTotal:        1844596 kB
MemFree:         1129720 kB
MemAvailable:    1500876 kB
Buffers:           54404 kB
Cached:           428536 kB
MemTotal:        1844596 kB
MemFree:         1130148 kB
MemAvailable:    1501304 kB
Buffers:           54404 kB
Cached:           428536 kB
MemTotal:        1844596 kB
MemFree:         1130400 kB
MemAvailable:    1501556 kB
Buffers:           54404 kB
Cached:           428536 kB
MemTotal:        1844596 kB
MemFree:         1130104 kB
MemAvailable:    1501260 kB
Buffers:           54404 kB
Cached:           428536 kB
MemTotal:        1844596 kB
MemFree:         1128920 kB
MemAvailable:    1500076 kB
Buffers:           54404 kB
Cached:           428536 kB
MemTotal:        1844596 kB
MemFree:         1129844 kB
MemAvailable:    1501000 kB
Buffers:           54404 kB
Cached:           428536 kB
MemTotal:        1844596 kB
MemFree:         1129540 kB
MemAvailable:    1500696 kB
Buffers:           54404 kB
Cached:           428536 kB
MemTotal:        1844596 kB
MemFree:         1129424 kB
MemAvailable:    1500580 kB
Buffers:           54404 kB
Cached:           428536 kB
MemTotal:        1844596 kB
MemFree:         1121172 kB
MemAvailable:    1492328 kB
Buffers:           54404 kB
Cached:           428536 kB
MemTotal:        1844596 kB
MemFree:         1122576 kB
MemAvailable:    1493740 kB
Buffers:           54404 kB
Cached:           428544 kB
MemTotal:        1844596 kB
MemFree:         1122348 kB
MemAvailable:    1493512 kB
Buffers:           54404 kB
Cached:           428544 kB
MemTotal:        1844596 kB
MemFree:         1121000 kB
MemAvailable:    1492164 kB
Buffers:           54404 kB
Cached:           428544 kB
MemTotal:        1844596 kB
MemFree:         1122272 kB
MemAvailable:    1493436 kB
Buffers:           54404 kB
Cached:           428544 kB
MemTotal:        1844596 kB
MemFree:         1122524 kB
MemAvailable:    1493688 kB
Buffers:           54404 kB
Cached:           428544 kB
MemTotal:        1844596 kB
MemFree:         1124484 kB
MemAvailable:    1495648 kB
Buffers:           54404 kB
Cached:           428544 kB
MemTotal:        1844596 kB
MemFree:         1123960 kB
MemAvailable:    1495124 kB
Buffers:           54404 kB
Cached:           428544 kB
MemTotal:        1844596 kB
MemFree:         1122784 kB
MemAvailable:    1494032 kB
Buffers:           54404 kB
Cached:           428668 kB
MemTotal:        1844596 kB
MemFree:         1123472 kB
MemAvailable:    1494888 kB
Buffers:           54404 kB
Cached:           428792 kB
MemTotal:        1844596 kB
MemFree:         1123640 kB
MemAvailable:    1495056 kB
Buffers:           54404 kB
Cached:           428792 kB
MemTotal:        1844596 kB
MemFree:         1123448 kB
MemAvailable:    1495032 kB
Buffers:           54404 kB
Cached:           429040 kB
MemTotal:        1844596 kB
MemFree:         1121972 kB
MemAvailable:    1493640 kB
Buffers:           54404 kB
Cached:           429040 kB
MemTotal:        1844596 kB
MemFree:         1121980 kB
MemAvailable:    1493732 kB
Buffers:           54404 kB
Cached:           429288 kB
MemTotal:        1844596 kB
MemFree:         1122104 kB
MemAvailable:    1493856 kB
Buffers:           54404 kB
Cached:           429288 kB
MemTotal:        1844596 kB
MemFree:         1123344 kB
MemAvailable:    1495096 kB
Buffers:           54404 kB
Cached:           429288 kB
MemTotal:        1844596 kB
MemFree:         1123336 kB
MemAvailable:    1495088 kB
Buffers:           54404 kB
Cached:           429288 kB
MemTotal:        1844596 kB
MemFree:         1123468 kB
MemAvailable:    1495220 kB
Buffers:           54404 kB
Cached:           429288 kB
MemTotal:        1844596 kB
MemFree:         1122948 kB
MemAvailable:    1494784 kB
Buffers:           54404 kB
Cached:           429288 kB
MemTotal:        1844596 kB
MemFree:         1122784 kB
MemAvailable:    1494620 kB
Buffers:           54404 kB
Cached:           429288 kB
MemTotal:        1844596 kB
MemFree:         1123632 kB
MemAvailable:    1494796 kB
Buffers:           54404 kB
Cached:           428616 kB
MemTotal:        1844596 kB
MemFree:         1122272 kB
MemAvailable:    1493436 kB
Buffers:           54404 kB
Cached:           428616 kB
MemTotal:        1844596 kB
MemFree:         1190140 kB
MemAvailable:    1561304 kB
Buffers:           54404 kB
Cached:           428616 kB
