MemTotal:        1844596 kB
MemFree:         1287216 kB
MemAvailable:    1570292 kB
Buffers:           43492 kB
Cached:           358112 kB
MemTotal:        1844596 kB
MemFree:         1261556 kB
MemAvailable:    1544644 kB
Buffers:           43492 kB
Cached:           358120 kB
MemTotal:        1844596 kB
MemFree:         1258704 kB
MemAvailable:    1541792 kB
Buffers:           43492 kB
Cached:           358120 kB
MemTotal:        1844596 kB
MemFree:         1256960 kB
MemAvailable:    1540048 kB
Buffers:           43492 kB
Cached:           358120 kB
MemTotal:        1844596 kB
MemFree:         1254992 kB
MemAvailable:    1538080 kB
Buffers:           43492 kB
Cached:           358120 kB
MemTotal:        1844596 kB
MemFree:         1256036 kB
MemAvailable:    1539124 kB
Buffers:           43492 kB
Cached:           358120 kB
MemTotal:        1844596 kB
MemFree:         1254308 kB
MemAvailable:    1537396 kB
Buffers:           43492 kB
Cached:           358120 kB
MemTotal:        1844596 kB
MemFree:         1254124 kB
MemAvailable:    1537212 kB
Buffers:           43492 kB
Cached:           358120 kB
MemTotal:        1844596 kB
MemFree:         1248900 kB
MemAvailable:    1531988 kB
Buffers:           43492 kB
Cached:           358120 kB
MemTotal:        1844596 kB
MemFree:         1246064 kB
MemAvailable:    1529152 kB
Buffers:           43492 kB
Cached:           358120 kB
MemTotal:        1844596 kB
MemFree:         1246172 kB
MemAvailable:    1529260 kB
Buffers:           43492 kB
Cached:           358120 kB
MemTotal:        1844596 kB
MemFree:         1246188 kB
MemAvailable:    1529276 kB
Buffers:           43492 kB
Cached:           358120 kB
MemTotal:        1844596 kB
MemFree:         1246192 kB
MemAvailable:    1529280 kB
Buffers:           43492 kB
Cached:           358120 kB
MemTotal:        1844596 kB
MemFree:         1245444 kB
MemAvailable:    1528532 kB
Buffers:           43492 kB
Cached:           358120 kB
MemTotal:        1844596 kB
MemFree:         1245196 kB
MemAvailable:    1528284 kB
Buffers:           43492 kB
Cached:           358120 kB
MemTotal:        1844596 kB
MemFree:         1245256 kB
MemAvailable:    1528344 kB
Buffers:           43492 kB
Cached:           358120 kB
MemTotal:        1844596 kB
MemFree:         1244700 kB
MemAvailable:    1527788 kB
Buffers:           43492 kB
Cached:           358120 kB
MemTotal:        1844596 kB
MemFree:         1245568 kB
MemAvailable:    1528656 kB
Buffers:           43492 kB
Cached:           358120 kB
MemTotal:        1844596 kB
MemFree:         1244504 kB
MemAvailable:    1527592 kB
Buffers:           43492 kB
Cached:           358120 kB
MemTotal:        1844596 kB
MemFree:         1243692 kB
MemAvailable:    1526780 kB
Buffers:           43492 kB
Cached:           358120 kB
MemTotal:        1844596 kB
MemFree:         1243528 kB
MemAvailable:    1526616 kB
Buffers:           43492 kB
Cached:           358120 kB
MemTotal:        1844596 kB
MemFree:         1243684 kB
MemAvailable:    1526772 kB
Buffers:           43492 kB
Cached:           358120 kB
MemTotal:        1844596 kB
MemFree:         1243896 kB
MemAvailable:    1526984 kB
Buffers:           43492 kB
Cached:           358120 kB
MemTotal:        1844596 kB
MemFree:         1242468 kB
MemAvailable:    1525556 kB
Buffers:           43492 kB
Cached:           358120 kB
MemTotal:        1844596 kB
MemFree:         1243692 kB
MemAvailable:    1526780 kB
Buffers:           43492 kB
Cached:           358120 kB
MemTotal:        1844596 kB
MemFree:         1243584 kB
MemAvailable:    1526672 kB
Buffers:           43492 kB
Cached:           358120 kB
MemTotal:        1844596 kB
MemFree:         1243528 kB
MemAvailable:    1526616 kB
Buffers:           43492 kB
Cached:           358120 kB
MemTotal:        1844596 kB
MemFree:         1243680 kB
MemAvailable:    1526768 kB
Buffers:           43492 kB
Cached:           358120 kB
MemTotal:        1844596 kB
MemFree:         1243336 kB
MemAvailable:    1526424 kB
Buffers:           43492 kB
Cached:           358120 kB
MemTotal:        1844596 kB
MemFree:         1244992 kB
MemAvailable:    1528080 kB
Buffers:           43492 kB
Cached:           358120 kB
MemTotal:        1844596 kB
MemFree:         1243452 kB
MemAvailable:    1526540 kB
Buffers:           43492 kB
Cached:           358120 kB
MemTotal:        1844596 kB
MemFree:         1241956 kB
MemAvailable:    1525044 kB
Buffers:           43492 kB
Cached:           358120 kB
MemTotal:        1844596 kB
MemFree:         1241352 kB
MemAvailable:    1524440 kB
Buffers:           43492 kB
Cached:           358120 kB
MemTotal:        1844596 kB
MemFree:         1241352 kB
MemAvailable:    1524440 kB
Buffers:           43492 kB
Cached:           358120 kB
MemTotal:        1844596 kB
MemFree:         1241344 kB
MemAvailable:    1524432 kB
Buffers:           43492 kB
Cached:           358120 kB
MemTotal:        1844596 kB
MemFree:         1239236 kB
MemAvailable:    1522324 kB
Buffers:           43492 kB
Cached:           358120 kB
MemTotal:        1844596 kB
MemFree:         1238500 kB
MemAvailable:    1521588 kB
Buffers:           43492 kB
Cached:           358120 kB
MemTotal:        1844596 kB
MemFree:         1239468 kB
MemAvailable:    1522556 kB
Buffers:           43492 kB
Cached:           358120 kB
MemTotal:        1844596 kB
MemFree:         1239720 kB
MemAvailable:    1522808 kB
Buffers:           43492 kB
Cached:           358120 kB
MemTotal:        1844596 kB
MemFree:         1238320 kB
MemAvailable:    1521408 kB
Buffers:           43492 kB
Cached:           358120 kB
MemTotal:        1844596 kB
MemFree:         1238188 kB
MemAvailable:    1521276 kB
Buffers:           43492 kB
Cached:           358120 kB
MemTotal:        1844596 kB
MemFree:         1238312 kB
MemAvailable:    1521400 kB
Buffers:           43492 kB
Cached:           358120 kB
MemTotal:        1844596 kB
MemFree:         1238004 kB
MemAvailable:    1521092 kB
Buffers:           43492 kB
Cached:           358120 kB
MemTotal:        1844596 kB
MemFree:         1238608 kB
MemAvailable:    1521696 kB
Buffers:           43492 kB
Cached:           358120 kB
MemTotal:        1844596 kB
MemFree:         1238500 kB
MemAvailable:    1521588 kB
Buffers:           43492 kB
Cached:           358120 kB
MemTotal:        1844596 kB
MemFree:         1238440 kB
MemAvailable:    1521528 kB
Buffers:           43492 kB
Cached:           358120 kB
MemTotal:        1844596 kB
MemFree:         1238412 kB
MemAvailable:    1521500 kB
Buffers:           43492 kB
Cached:           358120 kB
MemTotal:        1844596 kB
MemFree:         1237072 kB
MemAvailable:    1520160 kB
Buffers:           43492 kB
Cached:           358120 kB
MemTotal:        1844596 kB
MemFree:         1237204 kB
MemAvailable:    1520292 kB
Buffers:           43492 kB
Cached:           358120 kB
MemTotal:        1844596 kB
MemFree:         1238596 kB
MemAvailable:    1521684 kB
Buffers:           43492 kB
Cached:           358120 kB
MemTotal:        1844596 kB
MemFree:         1238680 kB
MemAvailable:    1521768 kB
Buffers:           43492 kB
Cached:           358120 kB
MemTotal:        1844596 kB
MemFree:         1238504 kB
MemAvailable:    1521592 kB
Buffers:           43492 kB
Cached:           358120 kB
MemTotal:        1844596 kB
MemFree:         1238372 kB
MemAvailable:    1521460 kB
Buffers:           43492 kB
Cached:           358120 kB
MemTotal:        1844596 kB
MemFree:         1237196 kB
MemAvailable:    1520284 kB
Buffers:           43492 kB
Cached:           358120 kB
MemTotal:        1844596 kB
MemFree:         1237364 kB
MemAvailable:    1520452 kB
Buffers:           43492 kB
Cached:           358120 kB
MemTotal:        1844596 kB
MemFree:         1238436 kB
MemAvailable:    1521524 kB
Buffers:           43492 kB
Cached:           358120 kB
MemTotal:        1844596 kB
MemFree:         1238252 kB
MemAvailable:    1521340 kB
Buffers:           43492 kB
Cached:           358120 kB
MemTotal:        1844596 kB
MemFree:         1236880 kB
MemAvailable:    1519968 kB
Buffers:           43492 kB
Cached:           358120 kB
MemTotal:        1844596 kB
MemFree:         1237756 kB
MemAvailable:    1520844 kB
Buffers:           43492 kB
Cached:           358120 kB
MemTotal:        1844596 kB
MemFree:         1236640 kB
MemAvailable:    1519728 kB
Buffers:           43492 kB
Cached:           358120 kB
MemTotal:        1844596 kB
MemFree:         1237468 kB
MemAvailable:    1520560 kB
Buffers:           43492 kB
Cached:           358124 kB
MemTotal:        1844596 kB
MemFree:         1236260 kB
MemAvailable:    1519352 kB
Buffers:           43492 kB
Cached:           358124 kB
MemTotal:        1844596 kB
MemFree:         1237692 kB
MemAvailable:    1520784 kB
Buffers:           43492 kB
Cached:           358124 kB
MemTotal:        1844596 kB
MemFree:         1237508 kB
MemAvailable:    1520600 kB
Buffers:           43492 kB
Cached:           358124 kB
MemTotal:        1844596 kB
MemFree:         1237692 kB
MemAvailable:    1520784 kB
Buffers:           43492 kB
Cached:           358124 kB
MemTotal:        1844596 kB
MemFree:         1236216 kB
MemAvailable:    1519308 kB
Buffers:           43492 kB
Cached:           358124 kB
MemTotal:        1844596 kB
MemFree:         1237684 kB
MemAvailable:    1520776 kB
Buffers:           43492 kB
Cached:           358124 kB
MemTotal:        1844596 kB
MemFree:         1237492 kB
MemAvailable:    1520584 kB
Buffers:           43492 kB
Cached:           358124 kB
MemTotal:        1844596 kB
MemFree:         1235956 kB
MemAvailable:    1519048 kB
Buffers:           43492 kB
Cached:           358124 kB
MemTotal:        1844596 kB
MemFree:         1233028 kB
MemAvailable:    1516120 kB
Buffers:           43492 kB
Cached:           358124 kB
MemTotal:        1844596 kB
MemFree:         1232548 kB
MemAvailable:    1515640 kB
Buffers:           43492 kB
Cached:           358124 kB
MemTotal:        1844596 kB
MemFree:         1230044 kB
MemAvailable:    1513136 kB
Buffers:           43492 kB
Cached:           358124 kB
MemTotal:        1844596 kB
MemFree:         1230128 kB
MemAvailable:    1513220 kB
Buffers:           43492 kB
Cached:           358124 kB
MemTotal:        1844596 kB
MemFree:         1229864 kB
MemAvailable:    1512956 kB
Buffers:           43492 kB
Cached:           358124 kB
MemTotal:        1844596 kB
MemFree:         1228456 kB
MemAvailable:    1511552 kB
Buffers:           43492 kB
Cached:           358128 kB
MemTotal:        1844596 kB
MemFree:         1228448 kB
MemAvailable:    1511544 kB
Buffers:           43492 kB
Cached:           358128 kB
MemTotal:        1844596 kB
MemFree:         1228532 kB
MemAvailable:    1511628 kB
Buffers:           43492 kB
Cached:           358128 kB
MemTotal:        1844596 kB
MemFree:         1228320 kB
MemAvailable:    1511416 kB
Buffers:           43492 kB
Cached:           358128 kB
MemTotal:        1844596 kB
MemFree:         1229628 kB
MemAvailable:    1512724 kB
Buffers:           43492 kB
Cached:           358128 kB
MemTotal:        1844596 kB
MemFree:         1229880 kB
MemAvailable:    1512976 kB
Buffers:           43492 kB
Cached:           358128 kB
MemTotal:        1844596 kB
MemFree:         1229640 kB
MemAvailable:    1512736 kB
Buffers:           43492 kB
Cached:           358128 kB
MemTotal:        1844596 kB
MemFree:         1228392 kB
MemAvailable:    1511488 kB
Buffers:           43492 kB
Cached:           358128 kB
MemTotal:        1844596 kB
MemFree:         1228268 kB
MemAvailable:    1511364 kB
Buffers:           43492 kB
Cached:           358128 kB
MemTotal:        1844596 kB
MemFree:         1229536 kB
MemAvailable:    1512632 kB
Buffers:           43492 kB
Cached:           358128 kB
MemTotal:        1844596 kB
MemFree:         1229200 kB
MemAvailable:    1512296 kB
Buffers:           43492 kB
Cached:           358128 kB
MemTotal:        1844596 kB
MemFree:         1228268 kB
MemAvailable:    1511364 kB
Buffers:           43492 kB
Cached:           358128 kB
MemTotal:        1844596 kB
MemFree:         1227960 kB
MemAvailable:    1511056 kB
Buffers:           43492 kB
Cached:           358128 kB
MemTotal:        1844596 kB
MemFree:         1229076 kB
MemAvailable:    1512172 kB
Buffers:           43492 kB
Cached:           358128 kB
MemTotal:        1844596 kB
MemFree:         1227464 kB
MemAvailable:    1510560 kB
Buffers:           43492 kB
Cached:           358128 kB
MemTotal:        1844596 kB
MemFree:         1228208 kB
MemAvailable:    1511304 kB
Buffers:           43492 kB
Cached:           358128 kB
MemTotal:        1844596 kB
MemFree:         1226968 kB
MemAvailable:    1510064 kB
Buffers:           43492 kB
Cached:           358128 kB
MemTotal:        1844596 kB
MemFree:         1227836 kB
MemAvailable:    1510932 kB
Buffers:           43492 kB
Cached:           358128 kB
MemTotal:        1844596 kB
MemFree:         1227828 kB
MemAvailable:    1510924 kB
Buffers:           43492 kB
Cached:           358128 kB
MemTotal:        1844596 kB
MemFree:         1226828 kB
MemAvailable:    1509924 kB
Buffers:           43492 kB
Cached:           358128 kB
MemTotal:        1844596 kB
MemFree:         1227080 kB
MemAvailable:    1510176 kB
Buffers:           43492 kB
Cached:           358128 kB
MemTotal:        1844596 kB
MemFree:         1224852 kB
MemAvailable:    1507948 kB
Buffers:           43492 kB
Cached:           358128 kB
MemTotal:        1844596 kB
MemFree:         1226052 kB
MemAvailable:    1509148 kB
Buffers:           43492 kB
Cached:           358128 kB
MemTotal:        1844596 kB
MemFree:         1225900 kB
MemAvailable:    1508996 kB
Buffers:           43492 kB
Cached:           358128 kB
MemTotal:        1844596 kB
MemFree:         1225720 kB
MemAvailable:    1508816 kB
Buffers:           43492 kB
Cached:           358128 kB
MemTotal:        1844596 kB
MemFree:         1224672 kB
MemAvailable:    1507768 kB
Buffers:           43492 kB
Cached:           358128 kB
MemTotal:        1844596 kB
MemFree:         1224796 kB
MemAvailable:    1507892 kB
Buffers:           43492 kB
Cached:           358128 kB
MemTotal:        1844596 kB
MemFree:         1224540 kB
MemAvailable:    1507636 kB
Buffers:           43492 kB
Cached:           358128 kB
MemTotal:        1844596 kB
MemFree:         1225512 kB
MemAvailable:    1508608 kB
Buffers:           43492 kB
Cached:           358128 kB
MemTotal:        1844596 kB
MemFree:         1224192 kB
MemAvailable:    1507288 kB
Buffers:           43492 kB
Cached:           358128 kB
MemTotal:        1844596 kB
MemFree:         1225780 kB
MemAvailable:    1508876 kB
Buffers:           43492 kB
Cached:           358128 kB
MemTotal:        1844596 kB
MemFree:         1224356 kB
MemAvailable:    1507452 kB
Buffers:           43492 kB
Cached:           358128 kB
MemTotal:        1844596 kB
MemFree:         1224564 kB
MemAvailable:    1507660 kB
Buffers:           43492 kB
Cached:           358128 kB
MemTotal:        1844596 kB
MemFree:         1225340 kB
MemAvailable:    1508436 kB
Buffers:           43492 kB
Cached:           358128 kB
MemTotal:        1844596 kB
MemFree:         1225232 kB
MemAvailable:    1508328 kB
Buffers:           43492 kB
Cached:           358128 kB
MemTotal:        1844596 kB
MemFree:         1218520 kB
MemAvailable:    1501616 kB
Buffers:           43492 kB
Cached:           358128 kB
MemTotal:        1844596 kB
MemFree:         1218040 kB
MemAvailable:    1501136 kB
Buffers:           43492 kB
Cached:           358128 kB
MemTotal:        1844596 kB
MemFree:         1217900 kB
MemAvailable:    1500996 kB
Buffers:           43492 kB
Cached:           358128 kB
MemTotal:        1844596 kB
MemFree:         1217984 kB
MemAvailable:    1501080 kB
Buffers:           43492 kB
Cached:           358128 kB
MemTotal:        1844596 kB
MemFree:         1217964 kB
MemAvailable:    1501060 kB
Buffers:           43492 kB
Cached:           358128 kB
MemTotal:        1844596 kB
MemFree:         1217856 kB
MemAvailable:    1500952 kB
Buffers:           43492 kB
Cached:           358128 kB
MemTotal:        1844596 kB
MemFree:         1217912 kB
MemAvailable:    1501008 kB
Buffers:           43492 kB
Cached:           358128 kB
MemTotal:        1844596 kB
MemFree:         1217964 kB
MemAvailable:    1501060 kB
Buffers:           43492 kB
Cached:           358128 kB
MemTotal:        1844596 kB
MemFree:         1219504 kB
MemAvailable:    1502600 kB
Buffers:           43492 kB
Cached:           358128 kB
MemTotal:        1844596 kB
MemFree:         1219156 kB
MemAvailable:    1502252 kB
Buffers:           43492 kB
Cached:           358128 kB
MemTotal:        1844596 kB
MemFree:         1217768 kB
MemAvailable:    1500948 kB
Buffers:           43492 kB
Cached:           358252 kB
MemTotal:        1844596 kB
MemFree:         1217892 kB
MemAvailable:    1501156 kB
Buffers:           43492 kB
Cached:           358376 kB
MemTotal:        1844596 kB
MemFree:         1218968 kB
MemAvailable:    1502484 kB
Buffers:           43492 kB
Cached:           358500 kB
MemTotal:        1844596 kB
MemFree:         1218636 kB
MemAvailable:    1502236 kB
Buffers:           43492 kB
Cached:           358624 kB
MemTotal:        1844596 kB
MemFree:         1218164 kB
MemAvailable:    1501764 kB
Buffers:           43492 kB
Cached:           358624 kB
MemTotal:        1844596 kB
MemFree:         1218604 kB
MemAvailable:    1502288 kB
Buffers:           43492 kB
Cached:           358748 kB
MemTotal:        1844596 kB
MemFree:         1218464 kB
MemAvailable:    1502148 kB
Buffers:           43492 kB
Cached:           358748 kB
MemTotal:        1844596 kB
MemFree:         1218040 kB
MemAvailable:    1501724 kB
Buffers:           43492 kB
Cached:           358748 kB
MemTotal:        1844596 kB
MemFree:         1217276 kB
MemAvailable:    1500960 kB
Buffers:           43492 kB
Cached:           358748 kB
MemTotal:        1844596 kB
MemFree:         1218648 kB
MemAvailable:    1502332 kB
Buffers:           43492 kB
Cached:           358748 kB
MemTotal:        1844596 kB
MemFree:         1218640 kB
MemAvailable:    1502324 kB
Buffers:           43492 kB
Cached:           358748 kB
MemTotal:        1844596 kB
MemFree:         1218452 kB
MemAvailable:    1502136 kB
Buffers:           43492 kB
Cached:           358748 kB
MemTotal:        1844596 kB
MemFree:         1217276 kB
MemAvailable:    1500960 kB
Buffers:           43492 kB
Cached:           358748 kB
MemTotal:        1844596 kB
MemFree:         1217456 kB
MemAvailable:    1500552 kB
Buffers:           43492 kB
Cached:           358116 kB
MemTotal:        1844596 kB
MemFree:         1283272 kB
MemAvailable:    1566368 kB
Buffers:           43492 kB
Cached:           358116 kB
