MemTotal:        1844596 kB
MemFree:         1415460 kB
MemAvailable:    1586512 kB
Buffers:           26928 kB
Cached:           259532 kB
MemTotal:        1844596 kB
MemFree:         1389188 kB
MemAvailable:    1560248 kB
Buffers:           26928 kB
Cached:           259536 kB
MemTotal:        1844596 kB
MemFree:         1384716 kB
MemAvailable:    1555776 kB
Buffers:           26928 kB
Cached:           259536 kB
MemTotal:        1844596 kB
MemFree:         1384344 kB
MemAvailable:    1555404 kB
Buffers:           26928 kB
Cached:           259536 kB
MemTotal:        1844596 kB
MemFree:         1384484 kB
MemAvailable:    1555544 kB
Buffers:           26928 kB
Cached:           259536 kB
MemTotal:        1844596 kB
MemFree:         1383236 kB
MemAvailable:    1554296 kB
Buffers:           26928 kB
Cached:           259536 kB
MemTotal:        1844596 kB
MemFree:         1383244 kB
MemAvailable:    1554304 kB
Buffers:           26928 kB
Cached:           259536 kB
MemTotal:        1844596 kB
MemFree:         1380136 kB
MemAvailable:    1551196 kB
Buffers:           26928 kB
Cached:           259536 kB
MemTotal:        1844596 kB
MemFree:         1378584 kB
MemAvailable:    1549644 kB
Buffers:           26928 kB
Cached:           259536 kB
MemTotal:        1844596 kB
MemFree:         1376920 kB
MemAvailable:    1547980 kB
Buffers:           26928 kB
Cached:           259536 kB
MemTotal:        1844596 kB
MemFree:         1372200 kB
MemAvailable:    1543260 kB
Buffers:           26928 kB
Cached:           259536 kB
MemTotal:        1844596 kB
MemFree:         1374608 kB
MemAvailable:    1545668 kB
Buffers:           26928 kB
Cached:           259536 kB
MemTotal:        1844596 kB
MemFree:         1373152 kB
MemAvailable:    1544212 kB
Buffers:           26928 kB
Cached:           259536 kB
MemTotal:        1844596 kB
MemFree:         1374452 kB
MemAvailable:    1545512 kB
Buffers:           26940 kB
Cached:           259524 kB
MemTotal:        1844596 kB
MemFree:         1374240 kB
MemAvailable:    1545300 kB
Buffers:           26940 kB
Cached:           259524 kB
MemTotal:        1844596 kB
MemFree:         1374492 kB
MemAvailable:    1545552 kB
Buffers:           26940 kB
Cached:           259524 kB
MemTotal:        1844596 kB
MemFree:         1374252 kB
MemAvailable:    1545312 kB
Buffers:           26940 kB
Cached:           259524 kB
MemTotal:        1844596 kB
MemFree:         1373136 kB
MemAvailable:    1544196 kB
Buffers:           26940 kB
Cached:           259524 kB
MemTotal:        1844596 kB
MemFree:         1372192 kB
MemAvailable:    1543252 kB
Buffers:           26940 kB
Cached:           259524 kB
MemTotal:        1844596 kB
MemFree:         1372192 kB
MemAvailable:    1543252 kB
Buffers:           26940 kB
Cached:           259524 kB
MemTotal:        1844596 kB
MemFree:         1370656 kB
MemAvailable:    1541716 kB
Buffers:           26940 kB
Cached:           259524 kB
MemTotal:        1844596 kB
MemFree:         1371932 kB
MemAvailable:    1542992 kB
Buffers:           26940 kB
Cached:           259524 kB
MemTotal:        1844596 kB
MemFree:         1372184 kB
MemAvailable:    1543244 kB
Buffers:           26940 kB
Cached:           259524 kB
MemTotal:        1844596 kB
MemFree:         1372072 kB
MemAvailable:    1543132 kB
Buffers:           26940 kB
Cached:           259524 kB
MemTotal:        1844596 kB
MemFree:         1371960 kB
MemAvailable:    1543020 kB
Buffers:           26940 kB
Cached:           259524 kB
MemTotal:        1844596 kB
MemFree:         1371836 kB
MemAvailable:    1542772 kB
Buffers:           26940 kB
Cached:           259524 kB
MemTotal:        1844596 kB
MemFree:         1371964 kB
MemAvailable:    1543024 kB
Buffers:           26940 kB
Cached:           259524 kB
MemTotal:        1844596 kB
MemFree:         1372048 kB
MemAvailable:    1543108 kB
Buffers:           26940 kB
Cached:           259524 kB
MemTotal:        1844596 kB
MemFree:         1372128 kB
MemAvailable:    1543188 kB
Buffers:           26940 kB
Cached:           259524 kB
MemTotal:        1844596 kB
MemFree:         1370844 kB
MemAvailable:    1541904 kB
Buffers:           26940 kB
Cached:           259524 kB
MemTotal:        1844596 kB
MemFree:         1369836 kB
MemAvailable:    1540896 kB
Buffers:           26940 kB
Cached:           259524 kB
MemTotal:        1844596 kB
MemFree:         1369728 kB
MemAvailable:    1540788 kB
Buffers:           26940 kB
Cached:           259524 kB
MemTotal:        1844596 kB
MemFree:         1368300 kB
MemAvailable:    1539360 kB
Buffers:           26940 kB
Cached:           259524 kB
MemTotal:        1844596 kB
MemFree:         1367992 kB
MemAvailable:    1539052 kB
Buffers:           26940 kB
Cached:           259524 kB
MemTotal:        1844596 kB
MemFree:         1368920 kB
MemAvailable:    1539980 kB
Buffers:           26940 kB
Cached:           259524 kB
MemTotal:        1844596 kB
MemFree:         1367976 kB
MemAvailable:    1539036 kB
Buffers:           26940 kB
Cached:           259524 kB
MemTotal:        1844596 kB
MemFree:         1367976 kB
MemAvailable:    1539036 kB
Buffers:           26940 kB
Cached:           259524 kB
MemTotal:        1844596 kB
MemFree:         1366608 kB
MemAvailable:    1537668 kB
Buffers:           26940 kB
Cached:           259524 kB
MemTotal:        1844596 kB
MemFree:         1368024 kB
MemAvailable:    1539084 kB
Buffers:           26940 kB
Cached:           259524 kB
MemTotal:        1844596 kB
MemFree:         1368064 kB
MemAvailable:    1539124 kB
Buffers:           26940 kB
Cached:           259524 kB
MemTotal:        1844596 kB
MemFree:         1367712 kB
MemAvailable:    1538776 kB
Buffers:           26940 kB
Cached:           259528 kB
MemTotal:        1844596 kB
MemFree:         1367124 kB
MemAvailable:    1538188 kB
Buffers:           26940 kB
Cached:           259528 kB
MemTotal:        1844596 kB
MemFree:         1366572 kB
MemAvailable:    1537648 kB
Buffers:           26940 kB
Cached:           259540 kB
MemTotal:        1844596 kB
MemFree:         1366256 kB
MemAvailable:    1537332 kB
Buffers:           26940 kB
Cached:           259540 kB
MemTotal:        1844596 kB
MemFree:         1367308 kB
MemAvailable:    1538384 kB
Buffers:           26940 kB
Cached:           259540 kB
MemTotal:        1844596 kB
MemFree:         1366984 kB
MemAvailable:    1538060 kB
Buffers:           26940 kB
Cached:           259540 kB
MemTotal:        1844596 kB
MemFree:         1365712 kB
MemAvailable:    1536788 kB
Buffers:           26940 kB
Cached:           259540 kB
MemTotal:        1844596 kB
MemFree:         1366952 kB
MemAvailable:    1538028 kB
Buffers:           26940 kB
Cached:           259540 kB
MemTotal:        1844596 kB
MemFree:         1365836 kB
MemAvailable:    1536912 kB
Buffers:           26940 kB
Cached:           259540 kB
MemTotal:        1844596 kB
MemFree:         1366812 kB
MemAvailable:    1537888 kB
Buffers:           26940 kB
Cached:           259540 kB
MemTotal:        1844596 kB
MemFree:         1366504 kB
MemAvailable:    1537580 kB
Buffers:           26940 kB
Cached:           259540 kB
MemTotal:        1844596 kB
MemFree:         1366924 kB
MemAvailable:    1538000 kB
Buffers:           26940 kB
Cached:           259540 kB
MemTotal:        1844596 kB
MemFree:         1366940 kB
MemAvailable:    1538016 kB
Buffers:           26940 kB
Cached:           259540 kB
MemTotal:        1844596 kB
MemFree:         1366588 kB
MemAvailable:    1537664 kB
Buffers:           26940 kB
Cached:           259540 kB
MemTotal:        1844596 kB
MemFree:         1366756 kB
MemAvailable:    1537832 kB
Buffers:           26940 kB
Cached:           259540 kB
MemTotal:        1844596 kB
MemFree:         1366756 kB
MemAvailable:    1537832 kB
Buffers:           26940 kB
Cached:           259540 kB
MemTotal:        1844596 kB
MemFree:         1366296 kB
MemAvailable:    1537372 kB
Buffers:           26940 kB
Cached:           259540 kB
MemTotal:        1844596 kB
MemFree:         1366548 kB
MemAvailable:    1537624 kB
Buffers:           26940 kB
Cached:           259540 kB
MemTotal:        1844596 kB
MemFree:         1366364 kB
MemAvailable:    1537440 kB
Buffers:           26940 kB
Cached:           259540 kB
MemTotal:        1844596 kB
MemFree:         1364884 kB
MemAvailable:    1535960 kB
Buffers:           26940 kB
Cached:           259540 kB
MemTotal:        1844596 kB
MemFree:         1366000 kB
MemAvailable:    1537076 kB
Buffers:           26940 kB
Cached:           259540 kB
MemTotal:        1844596 kB
MemFree:         1365952 kB
MemAvailable:    1537028 kB
Buffers:           26940 kB
Cached:           259540 kB
MemTotal:        1844596 kB
MemFree:         1364580 kB
MemAvailable:    1535656 kB
Buffers:           26940 kB
Cached:           259540 kB
MemTotal:        1844596 kB
MemFree:         1366048 kB
MemAvailable:    1537124 kB
Buffers:           26940 kB
Cached:           259540 kB
MemTotal:        1844596 kB
MemFree:         1365876 kB
MemAvailable:    1536952 kB
Buffers:           26940 kB
Cached:           259540 kB
MemTotal:        1844596 kB
MemFree:         1364768 kB
MemAvailable:    1535844 kB
Buffers:           26940 kB
Cached:           259540 kB
MemTotal:        1844596 kB
MemFree:         1365744 kB
MemAvailable:    1536820 kB
Buffers:           26940 kB
Cached:           259540 kB
MemTotal:        1844596 kB
MemFree:         1365636 kB
MemAvailable:    1536712 kB
Buffers:           26940 kB
Cached:           259540 kB
MemTotal:        1844596 kB
MemFree:         1365704 kB
MemAvailable:    1536780 kB
Buffers:           26940 kB
Cached:           259540 kB
MemTotal:        1844596 kB
MemFree:         1363404 kB
MemAvailable:    1534480 kB
Buffers:           26940 kB
Cached:           259540 kB
MemTotal:        1844596 kB
MemFree:         1361172 kB
MemAvailable:    1532248 kB
Buffers:           26940 kB
Cached:           259540 kB
MemTotal:        1844596 kB
MemFree:         1358552 kB
MemAvailable:    1529628 kB
Buffers:           26940 kB
Cached:           259540 kB
MemTotal:        1844596 kB
MemFree:         1358444 kB
MemAvailable:    1529520 kB
Buffers:           26940 kB
Cached:           259540 kB
MemTotal:        1844596 kB
MemFree:         1356808 kB
MemAvailable:    1527884 kB
Buffers:           26940 kB
Cached:           259540 kB
MemTotal:        1844596 kB
MemFree:         1358040 kB
MemAvailable:    1529116 kB
Buffers:           26940 kB
Cached:           259540 kB
MemTotal:        1844596 kB
MemFree:         1357700 kB
MemAvailable:    1528776 kB
Buffers:           26940 kB
Cached:           259540 kB
MemTotal:        1844596 kB
MemFree:         1356900 kB
MemAvailable:    1527976 kB
Buffers:           26940 kB
Cached:           259540 kB
MemTotal:        1844596 kB
MemFree:         1356900 kB
MemAvailable:    1527976 kB
Buffers:           26940 kB
Cached:           259540 kB
MemTotal:        1844596 kB
MemFree:         1358016 kB
MemAvailable:    1529092 kB
Buffers:           26940 kB
Cached:           259540 kB
MemTotal:        1844596 kB
MemFree:         1357080 kB
MemAvailable:    1528156 kB
Buffers:           26940 kB
Cached:           259540 kB
MemTotal:        1844596 kB
MemFree:         1358444 kB
MemAvailable:    1529520 kB
Buffers:           26940 kB
Cached:           259540 kB
MemTotal:        1844596 kB
MemFree:         1358124 kB
MemAvailable:    1529200 kB
Buffers:           26940 kB
Cached:           259540 kB
MemTotal:        1844596 kB
MemFree:         1358016 kB
MemAvailable:    1529092 kB
Buffers:           26940 kB
Cached:           259540 kB
MemTotal:        1844596 kB
MemFree:         1358052 kB
MemAvailable:    1529128 kB
Buffers:           26940 kB
Cached:           259540 kB
MemTotal:        1844596 kB
MemFree:         1357940 kB
MemAvailable:    1529016 kB
Buffers:           26940 kB
Cached:           259540 kB
MemTotal:        1844596 kB
MemFree:         1356800 kB
MemAvailable:    1527876 kB
Buffers:           26940 kB
Cached:           259540 kB
MemTotal:        1844596 kB
MemFree:         1357436 kB
MemAvailable:    1528512 kB
Buffers:           26940 kB
Cached:           259540 kB
MemTotal:        1844596 kB
MemFree:         1356956 kB
MemAvailable:    1528032 kB
Buffers:           26940 kB
Cached:           259540 kB
MemTotal:        1844596 kB
MemFree:         1357024 kB
MemAvailable:    1528100 kB
Buffers:           26940 kB
Cached:           259540 kB
MemTotal:        1844596 kB
MemFree:         1357120 kB
MemAvailable:    1528196 kB
Buffers:           26940 kB
Cached:           259540 kB
MemTotal:        1844596 kB
MemFree:         1355584 kB
MemAvailable:    1526660 kB
Buffers:           26940 kB
Cached:           259540 kB
MemTotal:        1844596 kB
MemFree:         1355344 kB
MemAvailable:    1526420 kB
Buffers:           26940 kB
Cached:           259540 kB
MemTotal:        1844596 kB
MemFree:         1355220 kB
MemAvailable:    1526296 kB
Buffers:           26940 kB
Cached:           259540 kB
MemTotal:        1844596 kB
MemFree:         1354352 kB
MemAvailable:    1525428 kB
Buffers:           26940 kB
Cached:           259540 kB
MemTotal:        1844596 kB
MemFree:         1355404 kB
MemAvailable:    1526480 kB
Buffers:           26940 kB
Cached:           259540 kB
MemTotal:        1844596 kB
MemFree:         1354536 kB
MemAvailable:    1525612 kB
Buffers:           26940 kB
Cached:           259540 kB
MemTotal:        1844596 kB
MemFree:         1354536 kB
MemAvailable:    1525612 kB
Buffers:           26940 kB
Cached:           259540 kB
MemTotal:        1844596 kB
MemFree:         1353228 kB
MemAvailable:    1524304 kB
Buffers:           26940 kB
Cached:           259540 kB
MemTotal:        1844596 kB
MemFree:         1353112 kB
MemAvailable:    1524188 kB
Buffers:           26940 kB
Cached:           259540 kB
MemTotal:        1844596 kB
MemFree:         1354304 kB
MemAvailable:    1525380 kB
Buffers:           26940 kB
Cached:           259540 kB
MemTotal:        1844596 kB
MemFree:         1354212 kB
MemAvailable:    1525288 kB
Buffers:           26940 kB
Cached:           259540 kB
MemTotal:        1844596 kB
MemFree:         1354108 kB
MemAvailable:    1525184 kB
Buffers:           26940 kB
Cached:           259540 kB
MemTotal:        1844596 kB
MemFree:         1354028 kB
MemAvailable:    1525104 kB
Buffers:           26940 kB
Cached:           259540 kB
MemTotal:        1844596 kB
MemFree:         1354028 kB
MemAvailable:    1525104 kB
Buffers:           26940 kB
Cached:           259540 kB
MemTotal:        1844596 kB
MemFree:         1354048 kB
MemAvailable:    1525124 kB
Buffers:           26940 kB
Cached:           259540 kB
MemTotal:        1844596 kB
MemFree:         1353824 kB
MemAvailable:    1524900 kB
Buffers:           26940 kB
Cached:           259540 kB
MemTotal:        1844596 kB
MemFree:         1352136 kB
MemAvailable:    1523212 kB
Buffers:           26940 kB
Cached:           259540 kB
MemTotal:        1844596 kB
MemFree:         1353372 kB
MemAvailable:    1524448 kB
Buffers:           26940 kB
Cached:           259540 kB
MemTotal:        1844596 kB
MemFree:         1349972 kB
MemAvailable:    1521048 kB
Buffers:           26940 kB
Cached:           259540 kB
MemTotal:        1844596 kB
MemFree:         1346508 kB
MemAvailable:    1517584 kB
Buffers:           26940 kB
Cached:           259540 kB
MemTotal:        1844596 kB
MemFree:         1345208 kB
MemAvailable:    1516284 kB
Buffers:           26940 kB
Cached:           259540 kB
MemTotal:        1844596 kB
MemFree:         1346144 kB
MemAvailable:    1517228 kB
Buffers:           26940 kB
Cached:           259548 kB
MemTotal:        1844596 kB
MemFree:         1345952 kB
MemAvailable:    1517036 kB
Buffers:           26940 kB
Cached:           259548 kB
MemTotal:        1844596 kB
MemFree:         1346060 kB
MemAvailable:    1517144 kB
Buffers:           26940 kB
Cached:           259548 kB
MemTotal:        1844596 kB
MemFree:         1346328 kB
MemAvailable:    1517412 kB
Buffers:           26940 kB
Cached:           259548 kB
MemTotal:        1844596 kB
MemFree:         1348168 kB
MemAvailable:    1519252 kB
Buffers:           26940 kB
Cached:           259548 kB
MemTotal:        1844596 kB
MemFree:         1348504 kB
MemAvailable:    1519588 kB
Buffers:           26940 kB
Cached:           259548 kB
MemTotal:        1844596 kB
MemFree:         1347640 kB
MemAvailable:    1518716 kB
Buffers:           26940 kB
Cached:           259672 kB
MemTotal:        1844596 kB
MemFree:         1347660 kB
MemAvailable:    1518828 kB
Buffers:           26940 kB
Cached:           259672 kB
MemTotal:        1844596 kB
MemFree:         1347280 kB
MemAvailable:    1518700 kB
Buffers:           26940 kB
Cached:           259920 kB
MemTotal:        1844596 kB
MemFree:         1347364 kB
MemAvailable:    1518784 kB
Buffers:           26940 kB
Cached:           259920 kB
MemTotal:        1844596 kB
MemFree:         1347304 kB
MemAvailable:    1518892 kB
Buffers:           26940 kB
Cached:           260168 kB
MemTotal:        1844596 kB
MemFree:         1346880 kB
MemAvailable:    1518636 kB
Buffers:           26940 kB
Cached:           260168 kB
MemTotal:        1844596 kB
MemFree:         1347072 kB
MemAvailable:    1518828 kB
Buffers:           26940 kB
Cached:           260168 kB
MemTotal:        1844596 kB
MemFree:         1347068 kB
MemAvailable:    1518824 kB
Buffers:           26940 kB
Cached:           260168 kB
MemTotal:        1844596 kB
MemFree:         1346964 kB
MemAvailable:    1518720 kB
Buffers:           26940 kB
Cached:           260168 kB
MemTotal:        1844596 kB
MemFree:         1345952 kB
MemAvailable:    1517708 kB
Buffers:           26940 kB
Cached:           260168 kB
MemTotal:        1844596 kB
MemFree:         1346792 kB
MemAvailable:    1518548 kB
Buffers:           26940 kB
Cached:           260168 kB
MemTotal:        1844596 kB
MemFree:         1347128 kB
MemAvailable:    1518884 kB
Buffers:           26940 kB
Cached:           260168 kB
MemTotal:        1844596 kB
MemFree:         1346804 kB
MemAvailable:    1518560 kB
Buffers:           26940 kB
Cached:           260168 kB
MemTotal:        1844596 kB
MemFree:         1347056 kB
MemAvailable:    1518812 kB
Buffers:           26940 kB
Cached:           260168 kB
MemTotal:        1844596 kB
MemFree:         1414772 kB
MemAvailable:    1585856 kB
Buffers:           26940 kB
Cached:           259536 kB
