MemTotal:        1844596 kB
MemFree:         1426980 kB
MemAvailable:    1589428 kB
Buffers:           25632 kB
Cached:           250564 kB
MemTotal:        1844596 kB
MemFree:         1402444 kB
MemAvailable:    1564896 kB
Buffers:           25632 kB
Cached:           250568 kB
MemTotal:        1844596 kB
MemFree:         1399228 kB
MemAvailable:    1561680 kB
Buffers:           25632 kB
Cached:           250568 kB
MemTotal:        1844596 kB
MemFree:         1397492 kB
MemAvailable:    1559944 kB
Buffers:           25632 kB
Cached:           250568 kB
MemTotal:        1844596 kB
MemFree:         1397180 kB
MemAvailable:    1559632 kB
Buffers:           25632 kB
Cached:           250568 kB
MemTotal:        1844596 kB
MemFree:         1395940 kB
MemAvailable:    1558392 kB
Buffers:           25632 kB
Cached:           250568 kB
MemTotal:        1844596 kB
MemFree:         1394640 kB
MemAvailable:    1557092 kB
Buffers:           25632 kB
Cached:           250568 kB
MemTotal:        1844596 kB
MemFree:         1393508 kB
MemAvailable:    1555960 kB
Buffers:           25644 kB
Cached:           250556 kB
MemTotal:        1844596 kB
MemFree:         1392656 kB
MemAvailable:    1555108 kB
Buffers:           25644 kB
Cached:           250556 kB
MemTotal:        1844596 kB
MemFree:         1389864 kB
MemAvailable:    1552316 kB
Buffers:           25644 kB
Cached:           250556 kB
MemTotal:        1844596 kB
MemFree:         1387820 kB
MemAvailable:    1550272 kB
Buffers:           25644 kB
Cached:           250556 kB
MemTotal:        1844596 kB
MemFree:         1383976 kB
MemAvailable:    1546428 kB
Buffers:           25644 kB
Cached:           250556 kB
MemTotal:        1844596 kB
MemFree:         1384652 kB
MemAvailable:    1547104 kB
Buffers:           25644 kB
Cached:           250556 kB
MemTotal:        1844596 kB
MemFree:         1384652 kB
MemAvailable:    1547104 kB
Buffers:           25644 kB
Cached:           250556 kB
MemTotal:        1844596 kB
MemFree:         1385972 kB
MemAvailable:    1548424 kB
Buffers:           25644 kB
Cached:           250556 kB
MemTotal:        1844596 kB
MemFree:         1385836 kB
MemAvailable:    1548288 kB
Buffers:           25644 kB
Cached:           250556 kB
MemTotal:        1844596 kB
MemFree:         1385724 kB
MemAvailable:    1548176 kB
Buffers:           25644 kB
Cached:           250556 kB
MemTotal:        1844596 kB
MemFree:         1384288 kB
MemAvailable:    1546740 kB
Buffers:           25644 kB
Cached:           250556 kB
MemTotal:        1844596 kB
MemFree:         1385280 kB
MemAvailable:    1547732 kB
Buffers:           25644 kB
Cached:           250556 kB
MemTotal:        1844596 kB
MemFree:         1384276 kB
MemAvailable:    1546728 kB
Buffers:           25644 kB
Cached:           250556 kB
MemTotal:        1844596 kB
MemFree:         1382364 kB
MemAvailable:    1544816 kB
Buffers:           25644 kB
Cached:           250556 kB
MemTotal:        1844596 kB
MemFree:         1383464 kB
MemAvailable:    1545916 kB
Buffers:           25644 kB
Cached:           250556 kB
MemTotal:        1844596 kB
MemFree:         1383356 kB
MemAvailable:    1545808 kB
Buffers:           25644 kB
Cached:           250556 kB
MemTotal:        1844596 kB
MemFree:         1383468 kB
MemAvailable:    1545920 kB
Buffers:           25644 kB
Cached:           250556 kB
MemTotal:        1844596 kB
MemFree:         1382220 kB
MemAvailable:    1544672 kB
Buffers:           25644 kB
Cached:           250556 kB
MemTotal:        1844596 kB
MemFree:         1383196 kB
MemAvailable:    1545648 kB
Buffers:           25644 kB
Cached:           250556 kB
MemTotal:        1844596 kB
MemFree:         1383448 kB
MemAvailable:    1545900 kB
Buffers:           25644 kB
Cached:           250556 kB
MemTotal:        1844596 kB
MemFree:         1383316 kB
MemAvailable:    1545768 kB
Buffers:           25644 kB
Cached:           250556 kB
MemTotal:        1844596 kB
MemFree:         1383568 kB
MemAvailable:    1546020 kB
Buffers:           25644 kB
Cached:           250556 kB
MemTotal:        1844596 kB
MemFree:         1384500 kB
MemAvailable:    1546952 kB
Buffers:           25644 kB
Cached:           250556 kB
MemTotal:        1844596 kB
MemFree:         1384672 kB
MemAvailable:    1547124 kB
Buffers:           25644 kB
Cached:           250556 kB
MemTotal:        1844596 kB
MemFree:         1382448 kB
MemAvailable:    1544900 kB
Buffers:           25644 kB
Cached:           250556 kB
MemTotal:        1844596 kB
MemFree:         1381620 kB
MemAvailable:    1544072 kB
Buffers:           25644 kB
Cached:           250556 kB
MemTotal:        1844596 kB
MemFree:         1379620 kB
MemAvailable:    1542072 kB
Buffers:           25644 kB
Cached:           250556 kB
MemTotal:        1844596 kB
MemFree:         1380380 kB
MemAvailable:    1542832 kB
Buffers:           25644 kB
Cached:           250556 kB
MemTotal:        1844596 kB
MemFree:         1380068 kB
MemAvailable:    1542520 kB
Buffers:           25644 kB
Cached:           250556 kB
MemTotal:        1844596 kB
MemFree:         1379448 kB
MemAvailable:    1541900 kB
Buffers:           25644 kB
Cached:           250556 kB
MemTotal:        1844596 kB
MemFree:         1378016 kB
MemAvailable:    1540468 kB
Buffers:           25644 kB
Cached:           250556 kB
MemTotal:        1844596 kB
MemFree:         1378140 kB
MemAvailable:    1540592 kB
Buffers:           25644 kB
Cached:           250556 kB
MemTotal:        1844596 kB
MemFree:         1379304 kB
MemAvailable:    1541756 kB
Buffers:           25644 kB
Cached:           250556 kB
MemTotal:        1844596 kB
MemFree:         1378636 kB
MemAvailable:    1540964 kB
Buffers:           25644 kB
Cached:           250556 kB
MemTotal:        1844596 kB
MemFree:         1379304 kB
MemAvailable:    1541756 kB
Buffers:           25644 kB
Cached:           250556 kB
MemTotal:        1844596 kB
MemFree:         1377824 kB
MemAvailable:    1540276 kB
Buffers:           25644 kB
Cached:           250556 kB
MemTotal:        1844596 kB
MemFree:         1377940 kB
MemAvailable:    1540392 kB
Buffers:           25644 kB
Cached:           250556 kB
MemTotal:        1844596 kB
MemFree:         1378704 kB
MemAvailable:    1541156 kB
Buffers:           25644 kB
Cached:           250556 kB
MemTotal:        1844596 kB
MemFree:         1377272 kB
MemAvailable:    1539724 kB
Buffers:           25644 kB
Cached:           250556 kB
MemTotal:        1844596 kB
MemFree:         1376892 kB
MemAvailable:    1539344 kB
Buffers:           25644 kB
Cached:           250556 kB
MemTotal:        1844596 kB
MemFree:         1378176 kB
MemAvailable:    1540632 kB
Buffers:           25644 kB
Cached:           250560 kB
MemTotal:        1844596 kB
MemFree:         1378348 kB
MemAvailable:    1540804 kB
Buffers:           25644 kB
Cached:           250560 kB
MemTotal:        1844596 kB
MemFree:         1378092 kB
MemAvailable:    1540548 kB
Buffers:           25644 kB
Cached:           250560 kB
MemTotal:        1844596 kB
MemFree:         1376900 kB
MemAvailable:    1539368 kB
Buffers:           25644 kB
Cached:           250572 kB
MemTotal:        1844596 kB
MemFree:         1377108 kB
MemAvailable:    1539576 kB
Buffers:           25644 kB
Cached:           250572 kB
MemTotal:        1844596 kB
MemFree:         1378356 kB
MemAvailable:    1540824 kB
Buffers:           25644 kB
Cached:           250572 kB
MemTotal:        1844596 kB
MemFree:         1378076 kB
MemAvailable:    1540544 kB
Buffers:           25644 kB
Cached:           250572 kB
MemTotal:        1844596 kB
MemFree:         1377148 kB
MemAvailable:    1539616 kB
Buffers:           25644 kB
Cached:           250572 kB
MemTotal:        1844596 kB
MemFree:         1378008 kB
MemAvailable:    1540476 kB
Buffers:           25644 kB
Cached:           250572 kB
MemTotal:        1844596 kB
MemFree:         1378008 kB
MemAvailable:    1540476 kB
Buffers:           25644 kB
Cached:           250572 kB
MemTotal:        1844596 kB
MemFree:         1376512 kB
MemAvailable:    1538980 kB
Buffers:           25644 kB
Cached:           250572 kB
MemTotal:        1844596 kB
MemFree:         1377496 kB
MemAvailable:    1539964 kB
Buffers:           25644 kB
Cached:           250572 kB
MemTotal:        1844596 kB
MemFree:         1377280 kB
MemAvailable:    1539748 kB
Buffers:           25644 kB
Cached:           250572 kB
MemTotal:        1844596 kB
MemFree:         1376232 kB
MemAvailable:    1538700 kB
Buffers:           25644 kB
Cached:           250572 kB
MemTotal:        1844596 kB
MemFree:         1377408 kB
MemAvailable:    1539876 kB
Buffers:           25644 kB
Cached:           250572 kB
MemTotal:        1844596 kB
MemFree:         1377320 kB
MemAvailable:    1539788 kB
Buffers:           25644 kB
Cached:           250572 kB
MemTotal:        1844596 kB
MemFree:         1376776 kB
MemAvailable:    1539244 kB
Buffers:           25644 kB
Cached:           250572 kB
MemTotal:        1844596 kB
MemFree:         1377320 kB
MemAvailable:    1539788 kB
Buffers:           25644 kB
Cached:           250572 kB
MemTotal:        1844596 kB
MemFree:         1377240 kB
MemAvailable:    1539708 kB
Buffers:           25644 kB
Cached:           250572 kB
MemTotal:        1844596 kB
MemFree:         1377492 kB
MemAvailable:    1539960 kB
Buffers:           25644 kB
Cached:           250572 kB
MemTotal:        1844596 kB
MemFree:         1375908 kB
MemAvailable:    1538376 kB
Buffers:           25644 kB
Cached:           250572 kB
MemTotal:        1844596 kB
MemFree:         1377156 kB
MemAvailable:    1539624 kB
Buffers:           25644 kB
Cached:           250572 kB
MemTotal:        1844596 kB
MemFree:         1376040 kB
MemAvailable:    1538508 kB
Buffers:           25644 kB
Cached:           250572 kB
MemTotal:        1844596 kB
MemFree:         1372676 kB
MemAvailable:    1535144 kB
Buffers:           25644 kB
Cached:           250572 kB
MemTotal:        1844596 kB
MemFree:         1372676 kB
MemAvailable:    1535144 kB
Buffers:           25644 kB
Cached:           250572 kB
MemTotal:        1844596 kB
MemFree:         1369576 kB
MemAvailable:    1532044 kB
Buffers:           25644 kB
Cached:           250572 kB
MemTotal:        1844596 kB
MemFree:         1369468 kB
MemAvailable:    1531936 kB
Buffers:           25644 kB
Cached:           250572 kB
MemTotal:        1844596 kB
MemFree:         1369472 kB
MemAvailable:    1531940 kB
Buffers:           25644 kB
Cached:           250572 kB
MemTotal:        1844596 kB
MemFree:         1368476 kB
MemAvailable:    1530944 kB
Buffers:           25644 kB
Cached:           250572 kB
MemTotal:        1844596 kB
MemFree:         1368352 kB
MemAvailable:    1530824 kB
Buffers:           25644 kB
Cached:           250576 kB
MemTotal:        1844596 kB
MemFree:         1369460 kB
MemAvailable:    1531932 kB
Buffers:           25644 kB
Cached:           250576 kB
MemTotal:        1844596 kB
MemFree:         1368040 kB
MemAvailable:    1530512 kB
Buffers:           25644 kB
Cached:           250576 kB
MemTotal:        1844596 kB
MemFree:         1369156 kB
MemAvailable:    1531628 kB
Buffers:           25644 kB
Cached:           250576 kB
MemTotal:        1844596 kB
MemFree:         1368208 kB
MemAvailable:    1530680 kB
Buffers:           25644 kB
Cached:           250576 kB
MemTotal:        1844596 kB
MemFree:         1369304 kB
MemAvailable:    1531776 kB
Buffers:           25644 kB
Cached:           250576 kB
MemTotal:        1844596 kB
MemFree:         1369556 kB
MemAvailable:    1532028 kB
Buffers:           25644 kB
Cached:           250576 kB
MemTotal:        1844596 kB
MemFree:         1368040 kB
MemAvailable:    1530512 kB
Buffers:           25644 kB
Cached:           250576 kB
MemTotal:        1844596 kB
MemFree:         1369316 kB
MemAvailable:    1531788 kB
Buffers:           25644 kB
Cached:           250576 kB
MemTotal:        1844596 kB
MemFree:         1369568 kB
MemAvailable:    1532040 kB
Buffers:           25644 kB
Cached:           250576 kB
MemTotal:        1844596 kB
MemFree:         1369264 kB
MemAvailable:    1531736 kB
Buffers:           25644 kB
Cached:           250576 kB
MemTotal:        1844596 kB
MemFree:         1369156 kB
MemAvailable:    1531628 kB
Buffers:           25644 kB
Cached:           250576 kB
MemTotal:        1844596 kB
MemFree:         1368724 kB
MemAvailable:    1531196 kB
Buffers:           25644 kB
Cached:           250576 kB
MemTotal:        1844596 kB
MemFree:         1367104 kB
MemAvailable:    1529576 kB
Buffers:           25644 kB
Cached:           250576 kB
MemTotal:        1844596 kB
MemFree:         1367784 kB
MemAvailable:    1530256 kB
Buffers:           25644 kB
Cached:           250576 kB
MemTotal:        1844596 kB
MemFree:         1366484 kB
MemAvailable:    1528956 kB
Buffers:           25644 kB
Cached:           250576 kB
MemTotal:        1844596 kB
MemFree:         1366484 kB
MemAvailable:    1528956 kB
Buffers:           25644 kB
Cached:           250576 kB
MemTotal:        1844596 kB
MemFree:         1366368 kB
MemAvailable:    1528840 kB
Buffers:           25644 kB
Cached:           250576 kB
MemTotal:        1844596 kB
MemFree:         1366352 kB
MemAvailable:    1528824 kB
Buffers:           25644 kB
Cached:           250576 kB
MemTotal:        1844596 kB
MemFree:         1366120 kB
MemAvailable:    1528592 kB
Buffers:           25644 kB
Cached:           250576 kB
MemTotal:        1844596 kB
MemFree:         1366180 kB
MemAvailable:    1528652 kB
Buffers:           25644 kB
Cached:           250576 kB
MemTotal:        1844596 kB
MemFree:         1366104 kB
MemAvailable:    1528576 kB
Buffers:           25644 kB
Cached:           250576 kB
MemTotal:        1844596 kB
MemFree:         1366084 kB
MemAvailable:    1528556 kB
Buffers:           25644 kB
Cached:           250576 kB
MemTotal:        1844596 kB
MemFree:         1365732 kB
MemAvailable:    1528204 kB
Buffers:           25644 kB
Cached:           250576 kB
MemTotal:        1844596 kB
MemFree:         1365336 kB
MemAvailable:    1527808 kB
Buffers:           25644 kB
Cached:           250576 kB
MemTotal:        1844596 kB
MemFree:         1365376 kB
MemAvailable:    1527848 kB
Buffers:           25644 kB
Cached:           250576 kB
MemTotal:        1844596 kB
MemFree:         1365320 kB
MemAvailable:    1527792 kB
Buffers:           25644 kB
Cached:           250576 kB
MemTotal:        1844596 kB
MemFree:         1365340 kB
MemAvailable:    1527812 kB
Buffers:           25644 kB
Cached:           250576 kB
MemTotal:        1844596 kB
MemFree:         1365492 kB
MemAvailable:    1527964 kB
Buffers:           25644 kB
Cached:           250576 kB
MemTotal:        1844596 kB
MemFree:         1365480 kB
MemAvailable:    1527952 kB
Buffers:           25644 kB
Cached:           250576 kB
MemTotal:        1844596 kB
MemFree:         1365368 kB
MemAvailable:    1527840 kB
Buffers:           25644 kB
Cached:           250576 kB
MemTotal:        1844596 kB
MemFree:         1364988 kB
MemAvailable:    1527460 kB
Buffers:           25644 kB
Cached:           250576 kB
MemTotal:        1844596 kB
MemFree:         1364988 kB
MemAvailable:    1527460 kB
Buffers:           25644 kB
Cached:           250576 kB
MemTotal:        1844596 kB
MemFree:         1363452 kB
MemAvailable:    1525924 kB
Buffers:           25644 kB
Cached:           250576 kB
MemTotal:        1844596 kB
MemFree:         1359300 kB
MemAvailable:    1521772 kB
Buffers:           25644 kB
Cached:           250576 kB
MemTotal:        1844596 kB
MemFree:         1357672 kB
MemAvailable:    1520144 kB
Buffers:           25644 kB
Cached:           250576 kB
MemTotal:        1844596 kB
MemFree:         1356944 kB
MemAvailable:    1519416 kB
Buffers:           25644 kB
Cached:           250576 kB
MemTotal:        1844596 kB
MemFree:         1357552 kB
MemAvailable:    1520024 kB
Buffers:           25644 kB
Cached:           250576 kB
MemTotal:        1844596 kB
MemFree:         1356696 kB
MemAvailable:    1519168 kB
Buffers:           25644 kB
Cached:           250576 kB
MemTotal:        1844596 kB
MemFree:         1358104 kB
MemAvailable:    1520576 kB
Buffers:           25644 kB
Cached:           250576 kB
MemTotal:        1844596 kB
MemFree:         1356564 kB
MemAvailable:    1519036 kB
Buffers:           25644 kB
Cached:           250576 kB
MemTotal:        1844596 kB
MemFree:         1358352 kB
MemAvailable:    1520828 kB
Buffers:           25644 kB
Cached:           250580 kB
MemTotal:        1844596 kB
MemFree:         1359476 kB
MemAvailable:    1521952 kB
Buffers:           25644 kB
Cached:           250580 kB
MemTotal:        1844596 kB
MemFree:         1358060 kB
MemAvailable:    1520620 kB
Buffers:           25644 kB
Cached:           250704 kB
MemTotal:        1844596 kB
MemFree:         1359404 kB
MemAvailable:    1522048 kB
Buffers:           25644 kB
Cached:           250704 kB
MemTotal:        1844596 kB
MemFree:         1359284 kB
MemAvailable:    1521928 kB
Buffers:           25644 kB
Cached:           250828 kB
MemTotal:        1844596 kB
MemFree:         1358664 kB
MemAvailable:    1521560 kB
Buffers:           25644 kB
Cached:           251076 kB
MemTotal:        1844596 kB
MemFree:         1358748 kB
MemAvailable:    1521644 kB
Buffers:           25644 kB
Cached:           251076 kB
MemTotal:        1844596 kB
MemFree:         1357168 kB
MemAvailable:    1520148 kB
Buffers:           25644 kB
Cached:           251200 kB
MemTotal:        1844596 kB
MemFree:         1357300 kB
MemAvailable:    1520364 kB
Buffers:           25644 kB
Cached:           251200 kB
MemTotal:        1844596 kB
MemFree:         1358600 kB
MemAvailable:    1521664 kB
Buffers:           25644 kB
Cached:           251200 kB
MemTotal:        1844596 kB
MemFree:         1357316 kB
MemAvailable:    1520380 kB
Buffers:           25644 kB
Cached:           251200 kB
MemTotal:        1844596 kB
MemFree:         1358716 kB
MemAvailable:    1521844 kB
Buffers:           25644 kB
Cached:           251188 kB
MemTotal:        1844596 kB
MemFree:         1358492 kB
MemAvailable:    1521620 kB
Buffers:           25644 kB
Cached:           251188 kB
MemTotal:        1844596 kB
MemFree:         1357432 kB
MemAvailable:    1520560 kB
Buffers:           25644 kB
Cached:           251188 kB
MemTotal:        1844596 kB
MemFree:         1358288 kB
MemAvailable:    1521416 kB
Buffers:           25644 kB
Cached:           251188 kB
MemTotal:        1844596 kB
MemFree:         1357564 kB
MemAvailable:    1520692 kB
Buffers:           25644 kB
Cached:           251188 kB
MemTotal:        1844596 kB
MemFree:         1357096 kB
MemAvailable:    1519636 kB
Buffers:           25644 kB
Cached:           250640 kB
MemTotal:        1844596 kB
MemFree:         1424800 kB
MemAvailable:    1587340 kB
Buffers:           25644 kB
Cached:           250640 kB
