MemTotal:        1844596 kB
MemFree:         1222296 kB
MemAvailable:    1564256 kB
Buffers:           50900 kB
Cached:           405096 kB
MemTotal:        1844596 kB
MemFree:         1194116 kB
MemAvailable:    1536080 kB
Buffers:           50900 kB
Cached:           405100 kB
MemTotal:        1844596 kB
MemFree:         1193504 kB
MemAvailable:    1535468 kB
Buffers:           50900 kB
Cached:           405100 kB
MemTotal:        1844596 kB
MemFree:         1192496 kB
MemAvailable:    1534460 kB
Buffers:           50900 kB
Cached:           405100 kB
MemTotal:        1844596 kB
MemFree:         1192748 kB
MemAvailable:    1534712 kB
Buffers:           50900 kB
Cached:           405100 kB
MemTotal:        1844596 kB
MemFree:         1190180 kB
MemAvailable:    1532144 kB
Buffers:           50900 kB
Cached:           405100 kB
MemTotal:        1844596 kB
MemFree:         1191272 kB
MemAvailable:    1533236 kB
Buffers:           50900 kB
Cached:           405100 kB
MemTotal:        1844596 kB
MemFree:         1187460 kB
MemAvailable:    1529424 kB
Buffers:           50900 kB
Cached:           405100 kB
MemTotal:        1844596 kB
MemFree:         1183096 kB
MemAvailable:    1525060 kB
Buffers:           50900 kB
Cached:           405100 kB
MemTotal:        1844596 kB
MemFree:         1182128 kB
MemAvailable:    1524092 kB
Buffers:           50900 kB
Cached:           405100 kB
MemTotal:        1844596 kB
MemFree:         1179952 kB
MemAvailable:    1521916 kB
Buffers:           50900 kB
Cached:           405100 kB
MemTotal:        1844596 kB
MemFree:         1181320 kB
MemAvailable:    1523284 kB
Buffers:           50900 kB
Cached:           405100 kB
MemTotal:        1844596 kB
MemFree:         1181244 kB
MemAvailable:    1523208 kB
Buffers:           50900 kB
Cached:           405100 kB
MemTotal:        1844596 kB
MemFree:         1179968 kB
MemAvailable:    1521932 kB
Buffers:           50900 kB
Cached:           405100 kB
MemTotal:        1844596 kB
MemFree:         1181068 kB
MemAvailable:    1523032 kB
Buffers:           50900 kB
Cached:           405100 kB
MemTotal:        1844596 kB
MemFree:         1181236 kB
MemAvailable:    1523200 kB
Buffers:           50900 kB
Cached:           405100 kB
MemTotal:        1844596 kB
MemFree:         1179896 kB
MemAvailable:    1521860 kB
Buffers:           50900 kB
Cached:           405100 kB
MemTotal:        1844596 kB
MemFree:         1179012 kB
MemAvailable:    1520976 kB
Buffers:           50900 kB
Cached:           405100 kB
MemTotal:        1844596 kB
MemFree:         1179012 kB
MemAvailable:    1520976 kB
Buffers:           50900 kB
Cached:           405100 kB
MemTotal:        1844596 kB
MemFree:         1178952 kB
MemAvailable:    1520916 kB
Buffers:           50900 kB
Cached:           405100 kB
MemTotal:        1844596 kB
MemFree:         1178160 kB
MemAvailable:    1520124 kB
Buffers:           50900 kB
Cached:           405100 kB
MemTotal:        1844596 kB
MemFree:         1178752 kB
MemAvailable:    1520716 kB
Buffers:           50900 kB
Cached:           405100 kB
MemTotal:        1844596 kB
MemFree:         1179088 kB
MemAvailable:    1521052 kB
Buffers:           50900 kB
Cached:           405100 kB
MemTotal:        1844596 kB
MemFree:         1178748 kB
MemAvailable:    1520712 kB
Buffers:           50900 kB
Cached:           405100 kB
MemTotal:        1844596 kB
MemFree:         1177488 kB
MemAvailable:    1519452 kB
Buffers:           50900 kB
Cached:           405100 kB
MemTotal:        1844596 kB
MemFree:         1177532 kB
MemAvailable:    1519496 kB
Buffers:           50900 kB
Cached:           405100 kB
MemTotal:        1844596 kB
MemFree:         1180268 kB
MemAvailable:    1522232 kB
Buffers:           50900 kB
Cached:           405100 kB
MemTotal:        1844596 kB
MemFree:         1179004 kB
MemAvailable:    1520968 kB
Buffers:           50900 kB
Cached:           405100 kB
MemTotal:        1844596 kB
MemFree:         1178392 kB
MemAvailable:    1520356 kB
Buffers:           50900 kB
Cached:           405100 kB
MemTotal:        1844596 kB
MemFree:         1178480 kB
MemAvailable:    1520444 kB
Buffers:           50900 kB
Cached:           405100 kB
MemTotal:        1844596 kB
MemFree:         1175548 kB
MemAvailable:    1517512 kB
Buffers:           50900 kB
Cached:           405100 kB
MemTotal:        1844596 kB
MemFree:         1175184 kB
MemAvailable:    1517148 kB
Buffers:           50900 kB
Cached:           405100 kB
MemTotal:        1844596 kB
MemFree:         1175880 kB
MemAvailable:    1517844 kB
Buffers:           50900 kB
Cached:           405100 kB
MemTotal:        1844596 kB
MemFree:         1174564 kB
MemAvailable:    1516528 kB
Buffers:           50900 kB
Cached:           405100 kB
MemTotal:        1844596 kB
MemFree:         1173688 kB
MemAvailable:    1515652 kB
Buffers:           50900 kB
Cached:           405100 kB
MemTotal:        1844596 kB
MemFree:         1174804 kB
MemAvailable:    1516768 kB
Buffers:           50900 kB
Cached:           405100 kB
MemTotal:        1844596 kB
MemFree:         1173688 kB
MemAvailable:    1515652 kB
Buffers:           50900 kB
Cached:           405100 kB
MemTotal:        1844596 kB
MemFree:         1173572 kB
MemAvailable:    1515536 kB
Buffers:           50900 kB
Cached:           405100 kB
MemTotal:        1844596 kB
MemFree:         1174796 kB
MemAvailable:    1516760 kB
Buffers:           50900 kB
Cached:           405100 kB
MemTotal:        1844596 kB
MemFree:         1174624 kB
MemAvailable:    1516596 kB
Buffers:           50900 kB
Cached:           405104 kB
MemTotal:        1844596 kB
MemFree:         1174544 kB
MemAvailable:    1516516 kB
Buffers:           50900 kB
Cached:           405104 kB
MemTotal:        1844596 kB
MemFree:         1173964 kB
MemAvailable:    1515936 kB
Buffers:           50900 kB
Cached:           405104 kB
MemTotal:        1844596 kB
MemFree:         1173764 kB
MemAvailable:    1515736 kB
Buffers:           50900 kB
Cached:           405104 kB
MemTotal:        1844596 kB
MemFree:         1173932 kB
MemAvailable:    1515904 kB
Buffers:           50900 kB
Cached:           405104 kB
MemTotal:        1844596 kB
MemFree:         1172324 kB
MemAvailable:    1514296 kB
Buffers:           50900 kB
Cached:           405104 kB
MemTotal:        1844596 kB
MemFree:         1173696 kB
MemAvailable:    1515668 kB
Buffers:           50900 kB
Cached:           405104 kB
MemTotal:        1844596 kB
MemFree:         1173700 kB
MemAvailable:    1515672 kB
Buffers:           50900 kB
Cached:           405104 kB
MemTotal:        1844596 kB
MemFree:         1172268 kB
MemAvailable:    1514240 kB
Buffers:           50900 kB
Cached:           405104 kB
MemTotal:        1844596 kB
MemFree:         1173756 kB
MemAvailable:    1515728 kB
Buffers:           50900 kB
Cached:           405104 kB
MemTotal:        1844596 kB
MemFree:         1173736 kB
MemAvailable:    1515708 kB
Buffers:           50900 kB
Cached:           405104 kB
MemTotal:        1844596 kB
MemFree:         1172304 kB
MemAvailable:    1514276 kB
Buffers:           50900 kB
Cached:           405104 kB
MemTotal:        1844596 kB
MemFree:         1172504 kB
MemAvailable:    1514476 kB
Buffers:           50900 kB
Cached:           405104 kB
MemTotal:        1844596 kB
MemFree:         1173580 kB
MemAvailable:    1515552 kB
Buffers:           50900 kB
Cached:           405104 kB
MemTotal:        1844596 kB
MemFree:         1173276 kB
MemAvailable:    1515248 kB
Buffers:           50900 kB
Cached:           405104 kB
MemTotal:        1844596 kB
MemFree:         1173260 kB
MemAvailable:    1515232 kB
Buffers:           50900 kB
Cached:           405104 kB
MemTotal:        1844596 kB
MemFree:         1173020 kB
MemAvailable:    1514992 kB
Buffers:           50900 kB
Cached:           405104 kB
MemTotal:        1844596 kB
MemFree:         1171904 kB
MemAvailable:    1513876 kB
Buffers:           50900 kB
Cached:           405104 kB
MemTotal:        1844596 kB
MemFree:         1172812 kB
MemAvailable:    1514784 kB
Buffers:           50900 kB
Cached:           405104 kB
MemTotal:        1844596 kB
MemFree:         1172580 kB
MemAvailable:    1514552 kB
Buffers:           50900 kB
Cached:           405104 kB
MemTotal:        1844596 kB
MemFree:         1172708 kB
MemAvailable:    1514680 kB
Buffers:           50900 kB
Cached:           405104 kB
MemTotal:        1844596 kB
MemFree:         1172996 kB
MemAvailable:    1514968 kB
Buffers:           50900 kB
Cached:           405104 kB
MemTotal:        1844596 kB
MemFree:         1172740 kB
MemAvailable:    1514712 kB
Buffers:           50900 kB
Cached:           405104 kB
MemTotal:        1844596 kB
MemFree:         1171456 kB
MemAvailable:    1513428 kB
Buffers:           50900 kB
Cached:           405104 kB
MemTotal:        1844596 kB
MemFree:         1172756 kB
MemAvailable:    1514728 kB
Buffers:           50900 kB
Cached:           405104 kB
MemTotal:        1844596 kB
MemFree:         1171540 kB
MemAvailable:    1513512 kB
Buffers:           50900 kB
Cached:           405104 kB
MemTotal:        1844596 kB
MemFree:         1172692 kB
MemAvailable:    1514664 kB
Buffers:           50900 kB
Cached:           405104 kB
MemTotal:        1844596 kB
MemFree:         1171444 kB
MemAvailable:    1513416 kB
Buffers:           50900 kB
Cached:           405104 kB
MemTotal:        1844596 kB
MemFree:         1168348 kB
MemAvailable:    1510320 kB
Buffers:           50900 kB
Cached:           405104 kB
MemTotal:        1844596 kB
MemFree:         1168116 kB
MemAvailable:    1510088 kB
Buffers:           50900 kB
Cached:           405104 kB
MemTotal:        1844596 kB
MemFree:         1165388 kB
MemAvailable:    1507360 kB
Buffers:           50900 kB
Cached:           405104 kB
MemTotal:        1844596 kB
MemFree:         1163892 kB
MemAvailable:    1505864 kB
Buffers:           50900 kB
Cached:           405104 kB
MemTotal:        1844596 kB
MemFree:         1163636 kB
MemAvailable:    1505608 kB
Buffers:           50900 kB
Cached:           405104 kB
MemTotal:        1844596 kB
MemFree:         1165132 kB
MemAvailable:    1507104 kB
Buffers:           50900 kB
Cached:           405104 kB
MemTotal:        1844596 kB
MemFree:         1164960 kB
MemAvailable:    1506932 kB
Buffers:           50900 kB
Cached:           405104 kB
MemTotal:        1844596 kB
MemFree:         1164384 kB
MemAvailable:    1506232 kB
Buffers:           50900 kB
Cached:           405104 kB
MemTotal:        1844596 kB
MemFree:         1163584 kB
MemAvailable:    1505556 kB
Buffers:           50900 kB
Cached:           405104 kB
MemTotal:        1844596 kB
MemFree:         1163832 kB
MemAvailable:    1505804 kB
Buffers:           50900 kB
Cached:           405104 kB
MemTotal:        1844596 kB
MemFree:         1165080 kB
MemAvailable:    1507052 kB
Buffers:           50900 kB
Cached:           405104 kB
MemTotal:        1844596 kB
MemFree:         1163580 kB
MemAvailable:    1505552 kB
Buffers:           50900 kB
Cached:           405104 kB
MemTotal:        1844596 kB
MemFree:         1163576 kB
MemAvailable:    1505548 kB
Buffers:           50900 kB
Cached:           405104 kB
MemTotal:        1844596 kB
MemFree:         1164936 kB
MemAvailable:    1506908 kB
Buffers:           50900 kB
Cached:           405104 kB
MemTotal:        1844596 kB
MemFree:         1164768 kB
MemAvailable:    1506740 kB
Buffers:           50900 kB
Cached:           405104 kB
MemTotal:        1844596 kB
MemFree:         1164580 kB
MemAvailable:    1506552 kB
Buffers:           50900 kB
Cached:           405104 kB
MemTotal:        1844596 kB
MemFree:         1163032 kB
MemAvailable:    1505004 kB
Buffers:           50900 kB
Cached:           405104 kB
MemTotal:        1844596 kB
MemFree:         1162892 kB
MemAvailable:    1504864 kB
Buffers:           50900 kB
Cached:           405104 kB
MemTotal:        1844596 kB
MemFree:         1163580 kB
MemAvailable:    1505552 kB
Buffers:           50900 kB
Cached:           405104 kB
MemTotal:        1844596 kB
MemFree:         1162040 kB
MemAvailable:    1504012 kB
Buffers:           50900 kB
Cached:           405104 kB
MemTotal:        1844596 kB
MemFree:         1163016 kB
MemAvailable:    1504988 kB
Buffers:           50900 kB
Cached:           405104 kB
MemTotal:        1844596 kB
MemFree:         1162412 kB
MemAvailable:    1504384 kB
Buffers:           50900 kB
Cached:           405104 kB
MemTotal:        1844596 kB
MemFree:         1162164 kB
MemAvailable:    1504136 kB
Buffers:           50900 kB
Cached:           405104 kB
MemTotal:        1844596 kB
MemFree:         1160792 kB
MemAvailable:    1502764 kB
Buffers:           50900 kB
Cached:           405104 kB
MemTotal:        1844596 kB
MemFree:         1160536 kB
MemAvailable:    1502508 kB
Buffers:           50900 kB
Cached:           405104 kB
MemTotal:        1844596 kB
MemFree:         1160180 kB
MemAvailable:    1502152 kB
Buffers:           50900 kB
Cached:           405104 kB
MemTotal:        1844596 kB
MemFree:         1161356 kB
MemAvailable:    1503328 kB
Buffers:           50900 kB
Cached:           405104 kB
MemTotal:        1844596 kB
MemFree:         1161412 kB
MemAvailable:    1503384 kB
Buffers:           50900 kB
Cached:           405104 kB
MemTotal:        1844596 kB
MemFree:         1161276 kB
MemAvailable:    1503248 kB
Buffers:           50900 kB
Cached:           405104 kB
MemTotal:        1844596 kB
MemFree:         1161156 kB
MemAvailable:    1503128 kB
Buffers:           50900 kB
Cached:           405104 kB
MemTotal:        1844596 kB
MemFree:         1159760 kB
MemAvailable:    1501732 kB
Buffers:           50900 kB
Cached:           405104 kB
MemTotal:        1844596 kB
MemFree:         1159664 kB
MemAvailable:    1501636 kB
Buffers:           50900 kB
Cached:           405104 kB
MemTotal:        1844596 kB
MemFree:         1159664 kB
MemAvailable:    1501636 kB
Buffers:           50900 kB
Cached:           405104 kB
MemTotal:        1844596 kB
MemFree:         1160988 kB
MemAvailable:    1502960 kB
Buffers:           50900 kB
Cached:           405104 kB
MemTotal:        1844596 kB
MemFree:         1160984 kB
MemAvailable:    1502956 kB
Buffers:           50900 kB
Cached:           405104 kB
MemTotal:        1844596 kB
MemFree:         1159304 kB
MemAvailable:    1501276 kB
Buffers:           50900 kB
Cached:           405104 kB
MemTotal:        1844596 kB
MemFree:         1159180 kB
MemAvailable:    1501156 kB
Buffers:           50900 kB
Cached:           405108 kB
MemTotal:        1844596 kB
MemFree:         1156584 kB
MemAvailable:    1498560 kB
Buffers:           50900 kB
Cached:           405108 kB
MemTotal:        1844596 kB
MemFree:         1151988 kB
MemAvailable:    1493968 kB
Buffers:           50900 kB
Cached:           405112 kB
MemTotal:        1844596 kB
MemFree:         1151864 kB
MemAvailable:    1493844 kB
Buffers:           50900 kB
Cached:           405112 kB
MemTotal:        1844596 kB
MemFree:         1153096 kB
MemAvailable:    1495076 kB
Buffers:           50900 kB
Cached:           405112 kB
MemTotal:        1844596 kB
MemFree:         1152988 kB
MemAvailable:    1494968 kB
Buffers:           50900 kB
Cached:           405112 kB
MemTotal:        1844596 kB
MemFree:         1152992 kB
MemAvailable:    1494972 kB
Buffers:           50900 kB
Cached:           405112 kB
MemTotal:        1844596 kB
MemFree:         1151728 kB
MemAvailable:    1493708 kB
Buffers:           50900 kB
Cached:           405112 kB
MemTotal:        1844596 kB
MemFree:         1154784 kB
MemAvailable:    1496764 kB
Buffers:           50900 kB
Cached:           405112 kB
MemTotal:        1844596 kB
MemFree:         1154336 kB
MemAvailable:    1496400 kB
Buffers:           50900 kB
Cached:           405236 kB
MemTotal:        1844596 kB
MemFree:         1154228 kB
MemAvailable:    1496168 kB
Buffers:           50900 kB
Cached:           405236 kB
MemTotal:        1844596 kB
MemFree:         1152840 kB
MemAvailable:    1494988 kB
Buffers:           50900 kB
Cached:           405360 kB
MemTotal:        1844596 kB
MemFree:         1153948 kB
MemAvailable:    1496348 kB
Buffers:           50900 kB
Cached:           405608 kB
MemTotal:        1844596 kB
MemFree:         1153484 kB
MemAvailable:    1495884 kB
Buffers:           50900 kB
Cached:           405608 kB
MemTotal:        1844596 kB
MemFree:         1153860 kB
MemAvailable:    1496512 kB
Buffers:           50900 kB
Cached:           405856 kB
MemTotal:        1844596 kB
MemFree:         1152428 kB
MemAvailable:    1495080 kB
Buffers:           50900 kB
Cached:           405856 kB
MemTotal:        1844596 kB
MemFree:         1153696 kB
MemAvailable:    1496348 kB
Buffers:           50900 kB
Cached:           405856 kB
MemTotal:        1844596 kB
MemFree:         1153112 kB
MemAvailable:    1495764 kB
Buffers:           50900 kB
Cached:           405856 kB
MemTotal:        1844596 kB
MemFree:         1153844 kB
MemAvailable:    1496496 kB
Buffers:           50900 kB
Cached:           405856 kB
MemTotal:        1844596 kB
MemFree:         1152980 kB
MemAvailable:    1495632 kB
Buffers:           50900 kB
Cached:           405856 kB
MemTotal:        1844596 kB
MemFree:         1153656 kB
MemAvailable:    1496308 kB
Buffers:           50900 kB
Cached:           405856 kB
MemTotal:        1844596 kB
MemFree:         1153360 kB
MemAvailable:    1496012 kB
Buffers:           50900 kB
Cached:           405856 kB
MemTotal:        1844596 kB
MemFree:         1153552 kB
MemAvailable:    1496204 kB
Buffers:           50900 kB
Cached:           405856 kB
MemTotal:        1844596 kB
MemFree:         1152848 kB
MemAvailable:    1494828 kB
Buffers:           50900 kB
Cached:           405100 kB
MemTotal:        1844596 kB
MemFree:         1154420 kB
MemAvailable:    1496400 kB
Buffers:           50900 kB
Cached:           405100 kB
MemTotal:        1844596 kB
MemFree:         1222200 kB
MemAvailable:    1564180 kB
Buffers:           50900 kB
Cached:           405100 kB
