MemTotal:        1844596 kB
MemFree:         1197884 kB
MemAvailable:    1562992 kB
Buffers:           53704 kB
Cached:           423656 kB
MemTotal:        1844596 kB
MemFree:         1170084 kB
MemAvailable:    1535200 kB
Buffers:           53704 kB
Cached:           423660 kB
MemTotal:        1844596 kB
MemFree:         1169208 kB
MemAvailable:    1534324 kB
Buffers:           53704 kB
Cached:           423660 kB
MemTotal:        1844596 kB
MemFree:         1167224 kB
MemAvailable:    1532340 kB
Buffers:           53704 kB
Cached:           423660 kB
MemTotal:        1844596 kB
MemFree:         1166364 kB
MemAvailable:    1531480 kB
Buffers:           53704 kB
Cached:           423660 kB
MemTotal:        1844596 kB
MemFree:         1164992 kB
MemAvailable:    1530108 kB
Buffers:           53704 kB
Cached:           423660 kB
MemTotal:        1844596 kB
MemFree:         1162760 kB
MemAvailable:    1527876 kB
Buffers:           53704 kB
Cached:           423660 kB
MemTotal:        1844596 kB
MemFree:         1159280 kB
MemAvailable:    1524396 kB
Buffers:           53704 kB
Cached:           423660 kB
MemTotal:        1844596 kB
MemFree:         1158676 kB
MemAvailable:    1523792 kB
Buffers:           53704 kB
Cached:           423660 kB
MemTotal:        1844596 kB
MemFree:         1156888 kB
MemAvailable:    1522004 kB
Buffers:           53704 kB
Cached:           423660 kB
MemTotal:        1844596 kB
MemFree:         1156940 kB
MemAvailable:    1522056 kB
Buffers:           53704 kB
Cached:           423660 kB
MemTotal:        1844596 kB
MemFree:         1156912 kB
MemAvailable:    1522028 kB
Buffers:           53704 kB
Cached:           423660 kB
MemTotal:        1844596 kB
MemFree:         1156692 kB
MemAvailable:    1521808 kB
Buffers:           53704 kB
Cached:           423660 kB
MemTotal:        1844596 kB
MemFree:         1156800 kB
MemAvailable:    1521916 kB
Buffers:           53704 kB
Cached:           423660 kB
MemTotal:        1844596 kB
MemFree:         1156920 kB
MemAvailable:    1522036 kB
Buffers:           53704 kB
Cached:           423660 kB
MemTotal:        1844596 kB
MemFree:         1156380 kB
MemAvailable:    1521496 kB
Buffers:           53704 kB
Cached:           423660 kB
MemTotal:        1844596 kB
MemFree:         1155064 kB
MemAvailable:    1520180 kB
Buffers:           53704 kB
Cached:           423660 kB
MemTotal:        1844596 kB
MemFree:         1154832 kB
MemAvailable:    1519948 kB
Buffers:           53704 kB
Cached:           423660 kB
MemTotal:        1844596 kB
MemFree:         1154444 kB
MemAvailable:    1519560 kB
Buffers:           53704 kB
Cached:           423660 kB
MemTotal:        1844596 kB
MemFree:         1154336 kB
MemAvailable:    1519328 kB
Buffers:           53704 kB
Cached:           423660 kB
MemTotal:        1844596 kB
MemFree:         1154140 kB
MemAvailable:    1519256 kB
Buffers:           53704 kB
Cached:           423660 kB
MemTotal:        1844596 kB
MemFree:         1154476 kB
MemAvailable:    1519592 kB
Buffers:           53704 kB
Cached:           423660 kB
MemTotal:        1844596 kB
MemFree:         1154524 kB
MemAvailable:    1519640 kB
Buffers:           53704 kB
Cached:           423660 kB
MemTotal:        1844596 kB
MemFree:         1153028 kB
MemAvailable:    1518144 kB
Buffers:           53704 kB
Cached:           423660 kB
MemTotal:        1844596 kB
MemFree:         1153400 kB
MemAvailable:    1518516 kB
Buffers:           53704 kB
Cached:           423660 kB
MemTotal:        1844596 kB
MemFree:         1153152 kB
MemAvailable:    1518268 kB
Buffers:           53704 kB
Cached:           423660 kB
MemTotal:        1844596 kB
MemFree:         1155948 kB
MemAvailable:    1521064 kB
Buffers:           53704 kB
Cached:           423660 kB
MemTotal:        1844596 kB
MemFree:         1154408 kB
MemAvailable:    1519524 kB
Buffers:           53704 kB
Cached:           423660 kB
MemTotal:        1844596 kB
MemFree:         1153460 kB
MemAvailable:    1518576 kB
Buffers:           53704 kB
Cached:           423660 kB
MemTotal:        1844596 kB
MemFree:         1151104 kB
MemAvailable:    1516220 kB
Buffers:           53704 kB
Cached:           423660 kB
MemTotal:        1844596 kB
MemFree:         1151104 kB
MemAvailable:    1516220 kB
Buffers:           53704 kB
Cached:           423660 kB
MemTotal:        1844596 kB
MemFree:         1151360 kB
MemAvailable:    1516476 kB
Buffers:           53704 kB
Cached:           423660 kB
MemTotal:        1844596 kB
MemFree:         1150740 kB
MemAvailable:    1515856 kB
Buffers:           53704 kB
Cached:           423660 kB
MemTotal:        1844596 kB
MemFree:         1150616 kB
MemAvailable:    1515732 kB
Buffers:           53704 kB
Cached:           423660 kB
MemTotal:        1844596 kB
MemFree:         1149376 kB
MemAvailable:    1514492 kB
Buffers:           53704 kB
Cached:           423660 kB
MemTotal:        1844596 kB
MemFree:         1150264 kB
MemAvailable:    1515384 kB
Buffers:           53704 kB
Cached:           423664 kB
MemTotal:        1844596 kB
MemFree:         1150304 kB
MemAvailable:    1515424 kB
Buffers:           53704 kB
Cached:           423664 kB
MemTotal:        1844596 kB
MemFree:         1150452 kB
MemAvailable:    1515572 kB
Buffers:           53704 kB
Cached:           423664 kB
MemTotal:        1844596 kB
MemFree:         1150180 kB
MemAvailable:    1515300 kB
Buffers:           53704 kB
Cached:           423664 kB
MemTotal:        1844596 kB
MemFree:         1148824 kB
MemAvailable:    1513944 kB
Buffers:           53704 kB
Cached:           423664 kB
MemTotal:        1844596 kB
MemFree:         1149868 kB
MemAvailable:    1514988 kB
Buffers:           53704 kB
Cached:           423664 kB
MemTotal:        1844596 kB
MemFree:         1148568 kB
MemAvailable:    1513688 kB
Buffers:           53704 kB
Cached:           423664 kB
MemTotal:        1844596 kB
MemFree:         1149720 kB
MemAvailable:    1514840 kB
Buffers:           53704 kB
Cached:           423664 kB
MemTotal:        1844596 kB
MemFree:         1149616 kB
MemAvailable:    1514736 kB
Buffers:           53704 kB
Cached:           423664 kB
MemTotal:        1844596 kB
MemFree:         1149052 kB
MemAvailable:    1514172 kB
Buffers:           53704 kB
Cached:           423664 kB
MemTotal:        1844596 kB
MemFree:         1148204 kB
MemAvailable:    1513324 kB
Buffers:           53704 kB
Cached:           423664 kB
MemTotal:        1844596 kB
MemFree:         1149100 kB
MemAvailable:    1514220 kB
Buffers:           53704 kB
Cached:           423664 kB
MemTotal:        1844596 kB
MemFree:         1149344 kB
MemAvailable:    1514464 kB
Buffers:           53704 kB
Cached:           423664 kB
MemTotal:        1844596 kB
MemFree:         1148376 kB
MemAvailable:    1513496 kB
Buffers:           53704 kB
Cached:           423664 kB
MemTotal:        1844596 kB
MemFree:         1147984 kB
MemAvailable:    1513104 kB
Buffers:           53704 kB
Cached:           423664 kB
MemTotal:        1844596 kB
MemFree:         1149292 kB
MemAvailable:    1514412 kB
Buffers:           53704 kB
Cached:           423664 kB
MemTotal:        1844596 kB
MemFree:         1147944 kB
MemAvailable:    1513064 kB
Buffers:           53704 kB
Cached:           423664 kB
MemTotal:        1844596 kB
MemFree:         1147936 kB
MemAvailable:    1513056 kB
Buffers:           53704 kB
Cached:           423664 kB
MemTotal:        1844596 kB
MemFree:         1148060 kB
MemAvailable:    1513180 kB
Buffers:           53704 kB
Cached:           423664 kB
MemTotal:        1844596 kB
MemFree:         1149064 kB
MemAvailable:    1514184 kB
Buffers:           53704 kB
Cached:           423664 kB
MemTotal:        1844596 kB
MemFree:         1147640 kB
MemAvailable:    1512760 kB
Buffers:           53704 kB
Cached:           423664 kB
MemTotal:        1844596 kB
MemFree:         1148632 kB
MemAvailable:    1513752 kB
Buffers:           53704 kB
Cached:           423664 kB
MemTotal:        1844596 kB
MemFree:         1147260 kB
MemAvailable:    1512380 kB
Buffers:           53704 kB
Cached:           423664 kB
MemTotal:        1844596 kB
MemFree:         1148360 kB
MemAvailable:    1513480 kB
Buffers:           53704 kB
Cached:           423664 kB
MemTotal:        1844596 kB
MemFree:         1148612 kB
MemAvailable:    1513732 kB
Buffers:           53704 kB
Cached:           423664 kB
MemTotal:        1844596 kB
MemFree:         1147128 kB
MemAvailable:    1512248 kB
Buffers:           53704 kB
Cached:           423664 kB
MemTotal:        1844596 kB
MemFree:         1147124 kB
MemAvailable:    1512244 kB
Buffers:           53704 kB
Cached:           423664 kB
MemTotal:        1844596 kB
MemFree:         1148316 kB
MemAvailable:    1513436 kB
Buffers:           53704 kB
Cached:           423664 kB
MemTotal:        1844596 kB
MemFree:         1148288 kB
MemAvailable:    1513408 kB
Buffers:           53704 kB
Cached:           423664 kB
MemTotal:        1844596 kB
MemFree:         1148208 kB
MemAvailable:    1513328 kB
Buffers:           53704 kB
Cached:           423664 kB
MemTotal:        1844596 kB
MemFree:         1148376 kB
MemAvailable:    1513496 kB
Buffers:           53704 kB
Cached:           423664 kB
MemTotal:        1844596 kB
MemFree:         1145028 kB
MemAvailable:    1510148 kB
Buffers:           53704 kB
Cached:           423664 kB
MemTotal:        1844596 kB
MemFree:         1142308 kB
MemAvailable:    1507304 kB
Buffers:           53704 kB
Cached:           423664 kB
MemTotal:        1844596 kB
MemFree:         1139828 kB
MemAvailable:    1504948 kB
Buffers:           53704 kB
Cached:           423664 kB
MemTotal:        1844596 kB
MemFree:         1139440 kB
MemAvailable:    1504560 kB
Buffers:           53708 kB
Cached:           423660 kB
MemTotal:        1844596 kB
MemFree:         1140432 kB
MemAvailable:    1505552 kB
Buffers:           53708 kB
Cached:           423660 kB
MemTotal:        1844596 kB
MemFree:         1140516 kB
MemAvailable:    1505636 kB
Buffers:           53708 kB
Cached:           423660 kB
MemTotal:        1844596 kB
MemFree:         1139020 kB
MemAvailable:    1504140 kB
Buffers:           53708 kB
Cached:           423660 kB
MemTotal:        1844596 kB
MemFree:         1139020 kB
MemAvailable:    1504140 kB
Buffers:           53708 kB
Cached:           423660 kB
MemTotal:        1844596 kB
MemFree:         1140420 kB
MemAvailable:    1505540 kB
Buffers:           53708 kB
Cached:           423660 kB
MemTotal:        1844596 kB
MemFree:         1140644 kB
MemAvailable:    1505764 kB
Buffers:           53708 kB
Cached:           423660 kB
MemTotal:        1844596 kB
MemFree:         1140560 kB
MemAvailable:    1505680 kB
Buffers:           53708 kB
Cached:           423660 kB
MemTotal:        1844596 kB
MemFree:         1140672 kB
MemAvailable:    1505792 kB
Buffers:           53708 kB
Cached:           423660 kB
MemTotal:        1844596 kB
MemFree:         1140308 kB
MemAvailable:    1505428 kB
Buffers:           53708 kB
Cached:           423660 kB
MemTotal:        1844596 kB
MemFree:         1140448 kB
MemAvailable:    1505568 kB
Buffers:           53708 kB
Cached:           423660 kB
MemTotal:        1844596 kB
MemFree:         1140328 kB
MemAvailable:    1505448 kB
Buffers:           53708 kB
Cached:           423660 kB
MemTotal:        1844596 kB
MemFree:         1139152 kB
MemAvailable:    1504272 kB
Buffers:           53708 kB
Cached:           423660 kB
MemTotal:        1844596 kB
MemFree:         1140304 kB
MemAvailable:    1505424 kB
Buffers:           53708 kB
Cached:           423660 kB
MemTotal:        1844596 kB
MemFree:         1140260 kB
MemAvailable:    1505380 kB
Buffers:           53708 kB
Cached:           423660 kB
MemTotal:        1844596 kB
MemFree:         1139308 kB
MemAvailable:    1504428 kB
Buffers:           53708 kB
Cached:           423660 kB
MemTotal:        1844596 kB
MemFree:         1139392 kB
MemAvailable:    1504512 kB
Buffers:           53708 kB
Cached:           423660 kB
MemTotal:        1844596 kB
MemFree:         1139020 kB
MemAvailable:    1504140 kB
Buffers:           53708 kB
Cached:           423660 kB
MemTotal:        1844596 kB
MemFree:         1137136 kB
MemAvailable:    1502256 kB
Buffers:           53708 kB
Cached:           423660 kB
MemTotal:        1844596 kB
MemFree:         1137268 kB
MemAvailable:    1502388 kB
Buffers:           53708 kB
Cached:           423660 kB
MemTotal:        1844596 kB
MemFree:         1136480 kB
MemAvailable:    1501600 kB
Buffers:           53708 kB
Cached:           423660 kB
MemTotal:        1844596 kB
MemFree:         1137456 kB
MemAvailable:    1502576 kB
Buffers:           53708 kB
Cached:           423660 kB
MemTotal:        1844596 kB
MemFree:         1136852 kB
MemAvailable:    1501972 kB
Buffers:           53708 kB
Cached:           423660 kB
MemTotal:        1844596 kB
MemFree:         1136044 kB
MemAvailable:    1501164 kB
Buffers:           53708 kB
Cached:           423660 kB
MemTotal:        1844596 kB
MemFree:         1136828 kB
MemAvailable:    1501948 kB
Buffers:           53708 kB
Cached:           423660 kB
MemTotal:        1844596 kB
MemFree:         1136912 kB
MemAvailable:    1502032 kB
Buffers:           53708 kB
Cached:           423660 kB
MemTotal:        1844596 kB
MemFree:         1135416 kB
MemAvailable:    1500536 kB
Buffers:           53708 kB
Cached:           423660 kB
MemTotal:        1844596 kB
MemFree:         1135548 kB
MemAvailable:    1500668 kB
Buffers:           53708 kB
Cached:           423660 kB
MemTotal:        1844596 kB
MemFree:         1135548 kB
MemAvailable:    1500668 kB
Buffers:           53708 kB
Cached:           423660 kB
MemTotal:        1844596 kB
MemFree:         1135416 kB
MemAvailable:    1500536 kB
Buffers:           53708 kB
Cached:           423660 kB
MemTotal:        1844596 kB
MemFree:         1135416 kB
MemAvailable:    1500536 kB
Buffers:           53708 kB
Cached:           423660 kB
MemTotal:        1844596 kB
MemFree:         1135796 kB
MemAvailable:    1500916 kB
Buffers:           53708 kB
Cached:           423660 kB
MemTotal:        1844596 kB
MemFree:         1135912 kB
MemAvailable:    1501032 kB
Buffers:           53708 kB
Cached:           423660 kB
MemTotal:        1844596 kB
MemFree:         1134984 kB
MemAvailable:    1500104 kB
Buffers:           53708 kB
Cached:           423660 kB
MemTotal:        1844596 kB
MemFree:         1136028 kB
MemAvailable:    1501148 kB
Buffers:           53708 kB
Cached:           423660 kB
MemTotal:        1844596 kB
MemFree:         1134600 kB
MemAvailable:    1499720 kB
Buffers:           53708 kB
Cached:           423660 kB
MemTotal:        1844596 kB
MemFree:         1127676 kB
MemAvailable:    1492796 kB
Buffers:           53708 kB
Cached:           423660 kB
MemTotal:        1844596 kB
MemFree:         1127552 kB
MemAvailable:    1492672 kB
Buffers:           53708 kB
Cached:           423660 kB
MemTotal:        1844596 kB
MemFree:         1128728 kB
MemAvailable:    1493848 kB
Buffers:           53708 kB
Cached:           423660 kB
MemTotal:        1844596 kB
MemFree:         1128660 kB
MemAvailable:    1493780 kB
Buffers:           53708 kB
Cached:           423660 kB
MemTotal:        1844596 kB
MemFree:         1127248 kB
MemAvailable:    1492368 kB
Buffers:           53708 kB
Cached:           423660 kB
MemTotal:        1844596 kB
MemFree:         1127248 kB
MemAvailable:    1492368 kB
Buffers:           53708 kB
Cached:           423660 kB
MemTotal:        1844596 kB
MemFree:         1130264 kB
MemAvailable:    1495468 kB
Buffers:           53708 kB
Cached:           423784 kB
MemTotal:        1844596 kB
MemFree:         1130032 kB
MemAvailable:    1495236 kB
Buffers:           53708 kB
Cached:           423784 kB
MemTotal:        1844596 kB
MemFree:         1128528 kB
MemAvailable:    1493732 kB
Buffers:           53708 kB
Cached:           423908 kB
MemTotal:        1844596 kB
MemFree:         1129644 kB
MemAvailable:    1495100 kB
Buffers:           53708 kB
Cached:           424032 kB
MemTotal:        1844596 kB
MemFree:         1128356 kB
MemAvailable:    1493896 kB
Buffers:           53708 kB
Cached:           424156 kB
MemTotal:        1844596 kB
MemFree:         1129528 kB
MemAvailable:    1495152 kB
Buffers:           53708 kB
Cached:           424280 kB
MemTotal:        1844596 kB
MemFree:         1128092 kB
MemAvailable:    1493800 kB
Buffers:           53708 kB
Cached:           424404 kB
MemTotal:        1844596 kB
MemFree:         1128092 kB
MemAvailable:    1493800 kB
Buffers:           53708 kB
Cached:           424404 kB
MemTotal:        1844596 kB
MemFree:         1129308 kB
MemAvailable:    1495016 kB
Buffers:           53708 kB
Cached:           424404 kB
MemTotal:        1844596 kB
MemFree:         1128296 kB
MemAvailable:    1494004 kB
Buffers:           53708 kB
Cached:           424404 kB
MemTotal:        1844596 kB
MemFree:         1129012 kB
MemAvailable:    1494800 kB
Buffers:           53708 kB
Cached:           424368 kB
MemTotal:        1844596 kB
MemFree:         1129348 kB
MemAvailable:    1495136 kB
Buffers:           53708 kB
Cached:           424368 kB
MemTotal:        1844596 kB
MemFree:         1128984 kB
MemAvailable:    1494856 kB
Buffers:           53708 kB
Cached:           424412 kB
MemTotal:        1844596 kB
MemFree:         1129320 kB
MemAvailable:    1495192 kB
Buffers:           53708 kB
Cached:           424412 kB
MemTotal:        1844596 kB
MemFree:         1128572 kB
MemAvailable:    1493772 kB
Buffers:           53708 kB
Cached:           423696 kB
MemTotal:        1844596 kB
MemFree:         1146300 kB
MemAvailable:    1511584 kB
Buffers:           53708 kB
Cached:           423696 kB
