MemTotal:        1844596 kB
MemFree:         1206880 kB
MemAvailable:    1563452 kB
Buffers:           52712 kB
Cached:           416772 kB
MemTotal:        1844596 kB
MemFree:         1177988 kB
MemAvailable:    1534564 kB
Buffers:           52712 kB
Cached:           416776 kB
MemTotal:        1844596 kB
MemFree:         1177988 kB
MemAvailable:    1534564 kB
Buffers:           52712 kB
Cached:           416776 kB
MemTotal:        1844596 kB
MemFree:         1177144 kB
MemAvailable:    1533720 kB
Buffers:           52712 kB
Cached:           416776 kB
MemTotal:        1844596 kB
MemFree:         1175716 kB
MemAvailable:    1532292 kB
Buffers:           52712 kB
Cached:           416776 kB
MemTotal:        1844596 kB
MemFree:         1175840 kB
MemAvailable:    1532416 kB
Buffers:           52712 kB
Cached:           416776 kB
MemTotal:        1844596 kB
MemFree:         1173796 kB
MemAvailable:    1530372 kB
Buffers:           52712 kB
Cached:           416776 kB
MemTotal:        1844596 kB
MemFree:         1169936 kB
MemAvailable:    1526512 kB
Buffers:           52712 kB
Cached:           416776 kB
MemTotal:        1844596 kB
MemFree:         1170188 kB
MemAvailable:    1526764 kB
Buffers:           52712 kB
Cached:           416776 kB
MemTotal:        1844596 kB
MemFree:         1163868 kB
MemAvailable:    1520444 kB
Buffers:           52712 kB
Cached:           416776 kB
MemTotal:        1844596 kB
MemFree:         1165720 kB
MemAvailable:    1522296 kB
Buffers:           52712 kB
Cached:           416776 kB
MemTotal:        1844596 kB
MemFree:         1166056 kB
MemAvailable:    1522632 kB
Buffers:           52712 kB
Cached:           416776 kB
MemTotal:        1844596 kB
MemFree:         1166056 kB
MemAvailable:    1522632 kB
Buffers:           52712 kB
Cached:           416776 kB
MemTotal:        1844596 kB
MemFree:         1165716 kB
MemAvailable:    1522292 kB
Buffers:           52712 kB
Cached:           416776 kB
MemTotal:        1844596 kB
MemFree:         1165584 kB
MemAvailable:    1522160 kB
Buffers:           52712 kB
Cached:           416776 kB
MemTotal:        1844596 kB
MemFree:         1164212 kB
MemAvailable:    1520788 kB
Buffers:           52712 kB
Cached:           416776 kB
MemTotal:        1844596 kB
MemFree:         1163132 kB
MemAvailable:    1519708 kB
Buffers:           52712 kB
Cached:           416776 kB
MemTotal:        1844596 kB
MemFree:         1163564 kB
MemAvailable:    1520140 kB
Buffers:           52712 kB
Cached:           416776 kB
MemTotal:        1844596 kB
MemFree:         1162256 kB
MemAvailable:    1518832 kB
Buffers:           52712 kB
Cached:           416776 kB
MemTotal:        1844596 kB
MemFree:         1163432 kB
MemAvailable:    1520008 kB
Buffers:           52712 kB
Cached:           416776 kB
MemTotal:        1844596 kB
MemFree:         1162008 kB
MemAvailable:    1518584 kB
Buffers:           52712 kB
Cached:           416776 kB
MemTotal:        1844596 kB
MemFree:         1163392 kB
MemAvailable:    1519968 kB
Buffers:           52712 kB
Cached:           416776 kB
MemTotal:        1844596 kB
MemFree:         1163312 kB
MemAvailable:    1519888 kB
Buffers:           52712 kB
Cached:           416776 kB
MemTotal:        1844596 kB
MemFree:         1162884 kB
MemAvailable:    1519460 kB
Buffers:           52712 kB
Cached:           416776 kB
MemTotal:        1844596 kB
MemFree:         1163228 kB
MemAvailable:    1519804 kB
Buffers:           52712 kB
Cached:           416776 kB
MemTotal:        1844596 kB
MemFree:         1163132 kB
MemAvailable:    1519708 kB
Buffers:           52712 kB
Cached:           416776 kB
MemTotal:        1844596 kB
MemFree:         1163040 kB
MemAvailable:    1519616 kB
Buffers:           52712 kB
Cached:           416776 kB
MemTotal:        1844596 kB
MemFree:         1164668 kB
MemAvailable:    1521244 kB
Buffers:           52712 kB
Cached:           416776 kB
MemTotal:        1844596 kB
MemFree:         1163132 kB
MemAvailable:    1519708 kB
Buffers:           52712 kB
Cached:           416776 kB
MemTotal:        1844596 kB
MemFree:         1160900 kB
MemAvailable:    1517476 kB
Buffers:           52712 kB
Cached:           416776 kB
MemTotal:        1844596 kB
MemFree:         1160024 kB
MemAvailable:    1516600 kB
Buffers:           52712 kB
Cached:           416776 kB
MemTotal:        1844596 kB
MemFree:         1160836 kB
MemAvailable:    1517412 kB
Buffers:           52712 kB
Cached:           416776 kB
MemTotal:        1844596 kB
MemFree:         1160512 kB
MemAvailable:    1517088 kB
Buffers:           52712 kB
Cached:           416776 kB
MemTotal:        1844596 kB
MemFree:         1158784 kB
MemAvailable:    1515360 kB
Buffers:           52712 kB
Cached:           416776 kB
MemTotal:        1844596 kB
MemFree:         1158420 kB
MemAvailable:    1514996 kB
Buffers:           52712 kB
Cached:           416776 kB
MemTotal:        1844596 kB
MemFree:         1158172 kB
MemAvailable:    1514748 kB
Buffers:           52712 kB
Cached:           416776 kB
MemTotal:        1844596 kB
MemFree:         1158164 kB
MemAvailable:    1514740 kB
Buffers:           52712 kB
Cached:           416776 kB
MemTotal:        1844596 kB
MemFree:         1159520 kB
MemAvailable:    1516096 kB
Buffers:           52712 kB
Cached:           416776 kB
MemTotal:        1844596 kB
MemFree:         1159232 kB
MemAvailable:    1515808 kB
Buffers:           52712 kB
Cached:           416776 kB
MemTotal:        1844596 kB
MemFree:         1157852 kB
MemAvailable:    1514428 kB
Buffers:           52712 kB
Cached:           416776 kB
MemTotal:        1844596 kB
MemFree:         1158852 kB
MemAvailable:    1515428 kB
Buffers:           52712 kB
Cached:           416776 kB
MemTotal:        1844596 kB
MemFree:         1157924 kB
MemAvailable:    1514500 kB
Buffers:           52712 kB
Cached:           416776 kB
MemTotal:        1844596 kB
MemFree:         1157000 kB
MemAvailable:    1513576 kB
Buffers:           52712 kB
Cached:           416776 kB
MemTotal:        1844596 kB
MemFree:         1156924 kB
MemAvailable:    1513500 kB
Buffers:           52712 kB
Cached:           416776 kB
MemTotal:        1844596 kB
MemFree:         1158308 kB
MemAvailable:    1514884 kB
Buffers:           52712 kB
Cached:           416776 kB
MemTotal:        1844596 kB
MemFree:         1158364 kB
MemAvailable:    1514940 kB
Buffers:           52712 kB
Cached:           416776 kB
MemTotal:        1844596 kB
MemFree:         1156876 kB
MemAvailable:    1513452 kB
Buffers:           52712 kB
Cached:           416776 kB
MemTotal:        1844596 kB
MemFree:         1156868 kB
MemAvailable:    1513444 kB
Buffers:           52712 kB
Cached:           416776 kB
MemTotal:        1844596 kB
MemFree:         1157044 kB
MemAvailable:    1513620 kB
Buffers:           52712 kB
Cached:           416776 kB
MemTotal:        1844596 kB
MemFree:         1156872 kB
MemAvailable:    1513448 kB
Buffers:           52712 kB
Cached:           416776 kB
MemTotal:        1844596 kB
MemFree:         1158400 kB
MemAvailable:    1514976 kB
Buffers:           52712 kB
Cached:           416776 kB
MemTotal:        1844596 kB
MemFree:         1158232 kB
MemAvailable:    1514808 kB
Buffers:           52712 kB
Cached:           416776 kB
MemTotal:        1844596 kB
MemFree:         1158216 kB
MemAvailable:    1514792 kB
Buffers:           52712 kB
Cached:           416776 kB
MemTotal:        1844596 kB
MemFree:         1156728 kB
MemAvailable:    1513304 kB
Buffers:           52712 kB
Cached:           416776 kB
MemTotal:        1844596 kB
MemFree:         1157536 kB
MemAvailable:    1514112 kB
Buffers:           52712 kB
Cached:           416776 kB
MemTotal:        1844596 kB
MemFree:         1157872 kB
MemAvailable:    1514448 kB
Buffers:           52712 kB
Cached:           416776 kB
MemTotal:        1844596 kB
MemFree:         1156172 kB
MemAvailable:    1512748 kB
Buffers:           52712 kB
Cached:           416776 kB
MemTotal:        1844596 kB
MemFree:         1157280 kB
MemAvailable:    1513856 kB
Buffers:           52712 kB
Cached:           416776 kB
MemTotal:        1844596 kB
MemFree:         1156684 kB
MemAvailable:    1513260 kB
Buffers:           52712 kB
Cached:           416776 kB
MemTotal:        1844596 kB
MemFree:         1157236 kB
MemAvailable:    1513812 kB
Buffers:           52712 kB
Cached:           416776 kB
MemTotal:        1844596 kB
MemFree:         1156932 kB
MemAvailable:    1513508 kB
Buffers:           52712 kB
Cached:           416776 kB
MemTotal:        1844596 kB
MemFree:         1156044 kB
MemAvailable:    1512620 kB
Buffers:           52712 kB
Cached:           416776 kB
MemTotal:        1844596 kB
MemFree:         1155912 kB
MemAvailable:    1512488 kB
Buffers:           52712 kB
Cached:           416776 kB
MemTotal:        1844596 kB
MemFree:         1155996 kB
MemAvailable:    1512572 kB
Buffers:           52712 kB
Cached:           416776 kB
MemTotal:        1844596 kB
MemFree:         1155872 kB
MemAvailable:    1512448 kB
Buffers:           52712 kB
Cached:           416776 kB
MemTotal:        1844596 kB
MemFree:         1156372 kB
MemAvailable:    1512948 kB
Buffers:           52712 kB
Cached:           416776 kB
MemTotal:        1844596 kB
MemFree:         1154328 kB
MemAvailable:    1510904 kB
Buffers:           52712 kB
Cached:           416776 kB
MemTotal:        1844596 kB
MemFree:         1152148 kB
MemAvailable:    1508724 kB
Buffers:           52712 kB
Cached:           416776 kB
MemTotal:        1844596 kB
MemFree:         1150360 kB
MemAvailable:    1506936 kB
Buffers:           52712 kB
Cached:           416776 kB
MemTotal:        1844596 kB
MemFree:         1148500 kB
MemAvailable:    1505076 kB
Buffers:           52712 kB
Cached:           416776 kB
MemTotal:        1844596 kB
MemFree:         1148252 kB
MemAvailable:    1504828 kB
Buffers:           52712 kB
Cached:           416776 kB
MemTotal:        1844596 kB
MemFree:         1147996 kB
MemAvailable:    1504572 kB
Buffers:           52712 kB
Cached:           416776 kB
MemTotal:        1844596 kB
MemFree:         1149356 kB
MemAvailable:    1505932 kB
Buffers:           52712 kB
Cached:           416776 kB
MemTotal:        1844596 kB
MemFree:         1147936 kB
MemAvailable:    1504512 kB
Buffers:           52712 kB
Cached:           416776 kB
MemTotal:        1844596 kB
MemFree:         1149472 kB
MemAvailable:    1506048 kB
Buffers:           52712 kB
Cached:           416776 kB
MemTotal:        1844596 kB
MemFree:         1147932 kB
MemAvailable:    1504508 kB
Buffers:           52712 kB
Cached:           416776 kB
MemTotal:        1844596 kB
MemFree:         1149232 kB
MemAvailable:    1505808 kB
Buffers:           52712 kB
Cached:           416776 kB
MemTotal:        1844596 kB
MemFree:         1149456 kB
MemAvailable:    1506032 kB
Buffers:           52712 kB
Cached:           416776 kB
MemTotal:        1844596 kB
MemFree:         1149292 kB
MemAvailable:    1505868 kB
Buffers:           52712 kB
Cached:           416776 kB
MemTotal:        1844596 kB
MemFree:         1148088 kB
MemAvailable:    1504664 kB
Buffers:           52712 kB
Cached:           416776 kB
MemTotal:        1844596 kB
MemFree:         1149244 kB
MemAvailable:    1505820 kB
Buffers:           52712 kB
Cached:           416776 kB
MemTotal:        1844596 kB
MemFree:         1148624 kB
MemAvailable:    1505200 kB
Buffers:           52712 kB
Cached:           416776 kB
MemTotal:        1844596 kB
MemFree:         1148120 kB
MemAvailable:    1504696 kB
Buffers:           52712 kB
Cached:           416776 kB
MemTotal:        1844596 kB
MemFree:         1148004 kB
MemAvailable:    1504580 kB
Buffers:           52712 kB
Cached:           416776 kB
MemTotal:        1844596 kB
MemFree:         1148056 kB
MemAvailable:    1504632 kB
Buffers:           52712 kB
Cached:           416776 kB
MemTotal:        1844596 kB
MemFree:         1147924 kB
MemAvailable:    1504500 kB
Buffers:           52712 kB
Cached:           416776 kB
MemTotal:        1844596 kB
MemFree:         1147492 kB
MemAvailable:    1504072 kB
Buffers:           52712 kB
Cached:           416780 kB
MemTotal:        1844596 kB
MemFree:         1147748 kB
MemAvailable:    1504328 kB
Buffers:           52712 kB
Cached:           416780 kB
MemTotal:        1844596 kB
MemFree:         1145144 kB
MemAvailable:    1501732 kB
Buffers:           52712 kB
Cached:           416788 kB
MemTotal:        1844596 kB
MemFree:         1145276 kB
MemAvailable:    1501864 kB
Buffers:           52712 kB
Cached:           416788 kB
MemTotal:        1844596 kB
MemFree:         1144532 kB
MemAvailable:    1501120 kB
Buffers:           52712 kB
Cached:           416788 kB
MemTotal:        1844596 kB
MemFree:         1144400 kB
MemAvailable:    1500988 kB
Buffers:           52712 kB
Cached:           416788 kB
MemTotal:        1844596 kB
MemFree:         1144648 kB
MemAvailable:    1501236 kB
Buffers:           52712 kB
Cached:           416788 kB
MemTotal:        1844596 kB
MemFree:         1144408 kB
MemAvailable:    1500996 kB
Buffers:           52712 kB
Cached:           416788 kB
MemTotal:        1844596 kB
MemFree:         1144284 kB
MemAvailable:    1500872 kB
Buffers:           52712 kB
Cached:           416788 kB
MemTotal:        1844596 kB
MemFree:         1144228 kB
MemAvailable:    1500816 kB
Buffers:           52712 kB
Cached:           416788 kB
MemTotal:        1844596 kB
MemFree:         1144148 kB
MemAvailable:    1500736 kB
Buffers:           52712 kB
Cached:           416788 kB
MemTotal:        1844596 kB
MemFree:         1144268 kB
MemAvailable:    1500856 kB
Buffers:           52712 kB
Cached:           416788 kB
MemTotal:        1844596 kB
MemFree:         1145388 kB
MemAvailable:    1501976 kB
Buffers:           52712 kB
Cached:           416788 kB
MemTotal:        1844596 kB
MemFree:         1145452 kB
MemAvailable:    1502040 kB
Buffers:           52712 kB
Cached:           416788 kB
MemTotal:        1844596 kB
MemFree:         1143524 kB
MemAvailable:    1500112 kB
Buffers:           52712 kB
Cached:           416788 kB
MemTotal:        1844596 kB
MemFree:         1143524 kB
MemAvailable:    1500112 kB
Buffers:           52712 kB
Cached:           416788 kB
MemTotal:        1844596 kB
MemFree:         1143292 kB
MemAvailable:    1499880 kB
Buffers:           52712 kB
Cached:           416788 kB
MemTotal:        1844596 kB
MemFree:         1137648 kB
MemAvailable:    1494236 kB
Buffers:           52712 kB
Cached:           416788 kB
MemTotal:        1844596 kB
MemFree:         1136296 kB
MemAvailable:    1492884 kB
Buffers:           52712 kB
Cached:           416788 kB
MemTotal:        1844596 kB
MemFree:         1136200 kB
MemAvailable:    1492788 kB
Buffers:           52712 kB
Cached:           416788 kB
MemTotal:        1844596 kB
MemFree:         1137568 kB
MemAvailable:    1494156 kB
Buffers:           52712 kB
Cached:           416788 kB
MemTotal:        1844596 kB
MemFree:         1136472 kB
MemAvailable:    1493060 kB
Buffers:           52712 kB
Cached:           416788 kB
MemTotal:        1844596 kB
MemFree:         1137464 kB
MemAvailable:    1494052 kB
Buffers:           52712 kB
Cached:           416788 kB
MemTotal:        1844596 kB
MemFree:         1136348 kB
MemAvailable:    1492936 kB
Buffers:           52712 kB
Cached:           416788 kB
MemTotal:        1844596 kB
MemFree:         1138568 kB
MemAvailable:    1495156 kB
Buffers:           52712 kB
Cached:           416788 kB
MemTotal:        1844596 kB
MemFree:         1137704 kB
MemAvailable:    1494376 kB
Buffers:           52712 kB
Cached:           416912 kB
MemTotal:        1844596 kB
MemFree:         1138704 kB
MemAvailable:    1495544 kB
Buffers:           52712 kB
Cached:           417036 kB
MemTotal:        1844596 kB
MemFree:         1137332 kB
MemAvailable:    1494256 kB
Buffers:           52712 kB
Cached:           417160 kB
MemTotal:        1844596 kB
MemFree:         1137160 kB
MemAvailable:    1494168 kB
Buffers:           52712 kB
Cached:           417284 kB
MemTotal:        1844596 kB
MemFree:         1138268 kB
MemAvailable:    1495444 kB
Buffers:           52712 kB
Cached:           417408 kB
MemTotal:        1844596 kB
MemFree:         1138384 kB
MemAvailable:    1495644 kB
Buffers:           52712 kB
Cached:           417408 kB
MemTotal:        1844596 kB
MemFree:         1138492 kB
MemAvailable:    1495752 kB
Buffers:           52712 kB
Cached:           417408 kB
MemTotal:        1844596 kB
MemFree:         1137180 kB
MemAvailable:    1494440 kB
Buffers:           52712 kB
Cached:           417408 kB
MemTotal:        1844596 kB
MemFree:         1137304 kB
MemAvailable:    1494564 kB
Buffers:           52712 kB
Cached:           417408 kB
MemTotal:        1844596 kB
MemFree:         1137304 kB
MemAvailable:    1494564 kB
Buffers:           52712 kB
Cached:           417532 kB
MemTotal:        1844596 kB
MemFree:         1137180 kB
MemAvailable:    1494440 kB
Buffers:           52712 kB
Cached:           417532 kB
MemTotal:        1844596 kB
MemFree:         1137804 kB
MemAvailable:    1494476 kB
Buffers:           52712 kB
Cached:           416816 kB
MemTotal:        1844596 kB
MemFree:         1199844 kB
MemAvailable:    1556600 kB
Buffers:           52712 kB
Cached:           416816 kB
