MemTotal:        1844596 kB
MemFree:         1191372 kB
MemAvailable:    1562972 kB
Buffers:           54432 kB
Cached:           428916 kB
MemTotal:        1844596 kB
MemFree:         1163868 kB
MemAvailable:    1535472 kB
Buffers:           54432 kB
Cached:           428920 kB
MemTotal:        1844596 kB
MemFree:         1161628 kB
MemAvailable:    1533232 kB
Buffers:           54432 kB
Cached:           428920 kB
MemTotal:        1844596 kB
MemFree:         1161504 kB
MemAvailable:    1533108 kB
Buffers:           54432 kB
Cached:           428920 kB
MemTotal:        1844596 kB
MemFree:         1160024 kB
MemAvailable:    1531628 kB
Buffers:           54432 kB
Cached:           428920 kB
MemTotal:        1844596 kB
MemFree:         1159912 kB
MemAvailable:    1531516 kB
Buffers:           54432 kB
Cached:           428920 kB
MemTotal:        1844596 kB
MemFree:         1157420 kB
MemAvailable:    1529024 kB
Buffers:           54432 kB
Cached:           428920 kB
MemTotal:        1844596 kB
MemFree:         1156264 kB
MemAvailable:    1527868 kB
Buffers:           54432 kB
Cached:           428920 kB
MemTotal:        1844596 kB
MemFree:         1152584 kB
MemAvailable:    1524188 kB
Buffers:           54432 kB
Cached:           428920 kB
MemTotal:        1844596 kB
MemFree:         1147616 kB
MemAvailable:    1519220 kB
Buffers:           54432 kB
Cached:           428920 kB
MemTotal:        1844596 kB
MemFree:         1150104 kB
MemAvailable:    1521708 kB
Buffers:           54432 kB
Cached:           428920 kB
MemTotal:        1844596 kB
MemFree:         1148988 kB
MemAvailable:    1520592 kB
Buffers:           54432 kB
Cached:           428920 kB
MemTotal:        1844596 kB
MemFree:         1150140 kB
MemAvailable:    1521744 kB
Buffers:           54432 kB
Cached:           428920 kB
MemTotal:        1844596 kB
MemFree:         1150172 kB
MemAvailable:    1521776 kB
Buffers:           54432 kB
Cached:           428920 kB
MemTotal:        1844596 kB
MemFree:         1148692 kB
MemAvailable:    1520296 kB
Buffers:           54432 kB
Cached:           428920 kB
MemTotal:        1844596 kB
MemFree:         1148616 kB
MemAvailable:    1520220 kB
Buffers:           54432 kB
Cached:           428920 kB
MemTotal:        1844596 kB
MemFree:         1146988 kB
MemAvailable:    1518592 kB
Buffers:           54432 kB
Cached:           428920 kB
MemTotal:        1844596 kB
MemFree:         1147004 kB
MemAvailable:    1518608 kB
Buffers:           54432 kB
Cached:           428920 kB
MemTotal:        1844596 kB
MemFree:         1146624 kB
MemAvailable:    1518228 kB
Buffers:           54432 kB
Cached:           428920 kB
MemTotal:        1844596 kB
MemFree:         1146368 kB
MemAvailable:    1517972 kB
Buffers:           54432 kB
Cached:           428920 kB
MemTotal:        1844596 kB
MemFree:         1146376 kB
MemAvailable:    1517980 kB
Buffers:           54432 kB
Cached:           428920 kB
MemTotal:        1844596 kB
MemFree:         1146500 kB
MemAvailable:    1518104 kB
Buffers:           54432 kB
Cached:           428920 kB
MemTotal:        1844596 kB
MemFree:         1146320 kB
MemAvailable:    1517924 kB
Buffers:           54432 kB
Cached:           428920 kB
MemTotal:        1844596 kB
MemFree:         1147604 kB
MemAvailable:    1519208 kB
Buffers:           54432 kB
Cached:           428920 kB
MemTotal:        1844596 kB
MemFree:         1147840 kB
MemAvailable:    1519444 kB
Buffers:           54432 kB
Cached:           428920 kB
MemTotal:        1844596 kB
MemFree:         1149068 kB
MemAvailable:    1520672 kB
Buffers:           54432 kB
Cached:           428920 kB
MemTotal:        1844596 kB
MemFree:         1147376 kB
MemAvailable:    1518980 kB
Buffers:           54432 kB
Cached:           428920 kB
MemTotal:        1844596 kB
MemFree:         1144772 kB
MemAvailable:    1516376 kB
Buffers:           54432 kB
Cached:           428920 kB
MemTotal:        1844596 kB
MemFree:         1143904 kB
MemAvailable:    1515508 kB
Buffers:           54432 kB
Cached:           428920 kB
MemTotal:        1844596 kB
MemFree:         1143408 kB
MemAvailable:    1515012 kB
Buffers:           54432 kB
Cached:           428920 kB
MemTotal:        1844596 kB
MemFree:         1143120 kB
MemAvailable:    1514724 kB
Buffers:           54432 kB
Cached:           428920 kB
MemTotal:        1844596 kB
MemFree:         1143784 kB
MemAvailable:    1515388 kB
Buffers:           54432 kB
Cached:           428920 kB
MemTotal:        1844596 kB
MemFree:         1142492 kB
MemAvailable:    1514096 kB
Buffers:           54432 kB
Cached:           428920 kB
MemTotal:        1844596 kB
MemFree:         1142160 kB
MemAvailable:    1513764 kB
Buffers:           54432 kB
Cached:           428920 kB
MemTotal:        1844596 kB
MemFree:         1143380 kB
MemAvailable:    1514984 kB
Buffers:           54432 kB
Cached:           428920 kB
MemTotal:        1844596 kB
MemFree:         1143036 kB
MemAvailable:    1514640 kB
Buffers:           54432 kB
Cached:           428920 kB
MemTotal:        1844596 kB
MemFree:         1143380 kB
MemAvailable:    1514984 kB
Buffers:           54432 kB
Cached:           428920 kB
MemTotal:        1844596 kB
MemFree:         1143532 kB
MemAvailable:    1515136 kB
Buffers:           54432 kB
Cached:           428920 kB
MemTotal:        1844596 kB
MemFree:         1143204 kB
MemAvailable:    1514808 kB
Buffers:           54432 kB
Cached:           428920 kB
MemTotal:        1844596 kB
MemFree:         1142160 kB
MemAvailable:    1513764 kB
Buffers:           54432 kB
Cached:           428920 kB
MemTotal:        1844596 kB
MemFree:         1142848 kB
MemAvailable:    1514452 kB
Buffers:           54432 kB
Cached:           428920 kB
MemTotal:        1844596 kB
MemFree:         1141592 kB
MemAvailable:    1513196 kB
Buffers:           54432 kB
Cached:           428920 kB
MemTotal:        1844596 kB
MemFree:         1142524 kB
MemAvailable:    1514128 kB
Buffers:           54432 kB
Cached:           428920 kB
MemTotal:        1844596 kB
MemFree:         1142168 kB
MemAvailable:    1513772 kB
Buffers:           54432 kB
Cached:           428920 kB
MemTotal:        1844596 kB
MemFree:         1142464 kB
MemAvailable:    1514068 kB
Buffers:           54432 kB
Cached:           428920 kB
MemTotal:        1844596 kB
MemFree:         1142548 kB
MemAvailable:    1514152 kB
Buffers:           54432 kB
Cached:           428920 kB
MemTotal:        1844596 kB
MemFree:         1142340 kB
MemAvailable:    1513944 kB
Buffers:           54432 kB
Cached:           428920 kB
MemTotal:        1844596 kB
MemFree:         1142592 kB
MemAvailable:    1514196 kB
Buffers:           54432 kB
Cached:           428920 kB
MemTotal:        1844596 kB
MemFree:         1141300 kB
MemAvailable:    1512904 kB
Buffers:           54432 kB
Cached:           428920 kB
MemTotal:        1844596 kB
MemFree:         1141260 kB
MemAvailable:    1512864 kB
Buffers:           54432 kB
Cached:           428920 kB
MemTotal:        1844596 kB
MemFree:         1141252 kB
MemAvailable:    1512856 kB
Buffers:           54432 kB
Cached:           428920 kB
MemTotal:        1844596 kB
MemFree:         1141036 kB
MemAvailable:    1512640 kB
Buffers:           54432 kB
Cached:           428920 kB
MemTotal:        1844596 kB
MemFree:         1142336 kB
MemAvailable:    1513940 kB
Buffers:           54432 kB
Cached:           428920 kB
MemTotal:        1844596 kB
MemFree:         1141884 kB
MemAvailable:    1513488 kB
Buffers:           54432 kB
Cached:           428920 kB
MemTotal:        1844596 kB
MemFree:         1141416 kB
MemAvailable:    1513020 kB
Buffers:           54432 kB
Cached:           428920 kB
MemTotal:        1844596 kB
MemFree:         1141712 kB
MemAvailable:    1513316 kB
Buffers:           54432 kB
Cached:           428920 kB
MemTotal:        1844596 kB
MemFree:         1141836 kB
MemAvailable:    1513440 kB
Buffers:           54432 kB
Cached:           428920 kB
MemTotal:        1844596 kB
MemFree:         1140680 kB
MemAvailable:    1512284 kB
Buffers:           54432 kB
Cached:           428920 kB
MemTotal:        1844596 kB
MemFree:         1141508 kB
MemAvailable:    1513116 kB
Buffers:           54432 kB
Cached:           428924 kB
MemTotal:        1844596 kB
MemFree:         1140308 kB
MemAvailable:    1511916 kB
Buffers:           54432 kB
Cached:           428924 kB
MemTotal:        1844596 kB
MemFree:         1140308 kB
MemAvailable:    1511916 kB
Buffers:           54432 kB
Cached:           428924 kB
MemTotal:        1844596 kB
MemFree:         1141476 kB
MemAvailable:    1513084 kB
Buffers:           54432 kB
Cached:           428924 kB
MemTotal:        1844596 kB
MemFree:         1141436 kB
MemAvailable:    1513044 kB
Buffers:           54432 kB
Cached:           428924 kB
MemTotal:        1844596 kB
MemFree:         1140128 kB
MemAvailable:    1511736 kB
Buffers:           54432 kB
Cached:           428924 kB
MemTotal:        1844596 kB
MemFree:         1141428 kB
MemAvailable:    1513036 kB
Buffers:           54432 kB
Cached:           428924 kB
MemTotal:        1844596 kB
MemFree:         1139564 kB
MemAvailable:    1511172 kB
Buffers:           54432 kB
Cached:           428924 kB
MemTotal:        1844596 kB
MemFree:         1136216 kB
MemAvailable:    1507824 kB
Buffers:           54432 kB
Cached:           428924 kB
MemTotal:        1844596 kB
MemFree:         1133116 kB
MemAvailable:    1504724 kB
Buffers:           54432 kB
Cached:           428924 kB
MemTotal:        1844596 kB
MemFree:         1134044 kB
MemAvailable:    1505652 kB
Buffers:           54432 kB
Cached:           428924 kB
MemTotal:        1844596 kB
MemFree:         1133928 kB
MemAvailable:    1505536 kB
Buffers:           54432 kB
Cached:           428924 kB
MemTotal:        1844596 kB
MemFree:         1132308 kB
MemAvailable:    1503916 kB
Buffers:           54432 kB
Cached:           428924 kB
MemTotal:        1844596 kB
MemFree:         1132308 kB
MemAvailable:    1503916 kB
Buffers:           54432 kB
Cached:           428924 kB
MemTotal:        1844596 kB
MemFree:         1133840 kB
MemAvailable:    1505448 kB
Buffers:           54432 kB
Cached:           428924 kB
MemTotal:        1844596 kB
MemFree:         1132220 kB
MemAvailable:    1503828 kB
Buffers:           54432 kB
Cached:           428924 kB
MemTotal:        1844596 kB
MemFree:         1133520 kB
MemAvailable:    1505128 kB
Buffers:           54432 kB
Cached:           428924 kB
MemTotal:        1844596 kB
MemFree:         1133520 kB
MemAvailable:    1505128 kB
Buffers:           54432 kB
Cached:           428924 kB
MemTotal:        1844596 kB
MemFree:         1133640 kB
MemAvailable:    1505248 kB
Buffers:           54432 kB
Cached:           428924 kB
MemTotal:        1844596 kB
MemFree:         1133560 kB
MemAvailable:    1505168 kB
Buffers:           54432 kB
Cached:           428924 kB
MemTotal:        1844596 kB
MemFree:         1133240 kB
MemAvailable:    1504848 kB
Buffers:           54432 kB
Cached:           428924 kB
MemTotal:        1844596 kB
MemFree:         1133492 kB
MemAvailable:    1505100 kB
Buffers:           54432 kB
Cached:           428924 kB
MemTotal:        1844596 kB
MemFree:         1132228 kB
MemAvailable:    1503836 kB
Buffers:           54432 kB
Cached:           428924 kB
MemTotal:        1844596 kB
MemFree:         1133300 kB
MemAvailable:    1504908 kB
Buffers:           54432 kB
Cached:           428924 kB
MemTotal:        1844596 kB
MemFree:         1131876 kB
MemAvailable:    1503484 kB
Buffers:           54432 kB
Cached:           428924 kB
MemTotal:        1844596 kB
MemFree:         1131372 kB
MemAvailable:    1502984 kB
Buffers:           54432 kB
Cached:           428928 kB
MemTotal:        1844596 kB
MemFree:         1131504 kB
MemAvailable:    1503116 kB
Buffers:           54432 kB
Cached:           428928 kB
MemTotal:        1844596 kB
MemFree:         1131124 kB
MemAvailable:    1502736 kB
Buffers:           54432 kB
Cached:           428928 kB
MemTotal:        1844596 kB
MemFree:         1131132 kB
MemAvailable:    1502744 kB
Buffers:           54432 kB
Cached:           428928 kB
MemTotal:        1844596 kB
MemFree:         1130744 kB
MemAvailable:    1502356 kB
Buffers:           54432 kB
Cached:           428928 kB
MemTotal:        1844596 kB
MemFree:         1130636 kB
MemAvailable:    1502248 kB
Buffers:           54432 kB
Cached:           428928 kB
MemTotal:        1844596 kB
MemFree:         1130684 kB
MemAvailable:    1502296 kB
Buffers:           54432 kB
Cached:           428928 kB
MemTotal:        1844596 kB
MemFree:         1129148 kB
MemAvailable:    1500760 kB
Buffers:           54432 kB
Cached:           428928 kB
MemTotal:        1844596 kB
MemFree:         1130004 kB
MemAvailable:    1501616 kB
Buffers:           54432 kB
Cached:           428928 kB
MemTotal:        1844596 kB
MemFree:         1129860 kB
MemAvailable:    1501472 kB
Buffers:           54432 kB
Cached:           428928 kB
MemTotal:        1844596 kB
MemFree:         1130092 kB
MemAvailable:    1501704 kB
Buffers:           54432 kB
Cached:           428928 kB
MemTotal:        1844596 kB
MemFree:         1129760 kB
MemAvailable:    1501372 kB
Buffers:           54432 kB
Cached:           428928 kB
MemTotal:        1844596 kB
MemFree:         1129816 kB
MemAvailable:    1501428 kB
Buffers:           54432 kB
Cached:           428928 kB
MemTotal:        1844596 kB
MemFree:         1128256 kB
MemAvailable:    1499868 kB
Buffers:           54432 kB
Cached:           428928 kB
MemTotal:        1844596 kB
MemFree:         1129736 kB
MemAvailable:    1501348 kB
Buffers:           54432 kB
Cached:           428928 kB
MemTotal:        1844596 kB
MemFree:         1129744 kB
MemAvailable:    1501356 kB
Buffers:           54432 kB
Cached:           428928 kB
MemTotal:        1844596 kB
MemFree:         1129736 kB
MemAvailable:    1501348 kB
Buffers:           54432 kB
Cached:           428928 kB
MemTotal:        1844596 kB
MemFree:         1129456 kB
MemAvailable:    1501068 kB
Buffers:           54432 kB
Cached:           428928 kB
MemTotal:        1844596 kB
MemFree:         1128156 kB
MemAvailable:    1499768 kB
Buffers:           54432 kB
Cached:           428928 kB
MemTotal:        1844596 kB
MemFree:         1125800 kB
MemAvailable:    1497412 kB
Buffers:           54432 kB
Cached:           428928 kB
MemTotal:        1844596 kB
MemFree:         1121956 kB
MemAvailable:    1493568 kB
Buffers:           54432 kB
Cached:           428928 kB
MemTotal:        1844596 kB
MemFree:         1120584 kB
MemAvailable:    1492196 kB
Buffers:           54432 kB
Cached:           428928 kB
MemTotal:        1844596 kB
MemFree:         1120404 kB
MemAvailable:    1492016 kB
Buffers:           54432 kB
Cached:           428928 kB
MemTotal:        1844596 kB
MemFree:         1120524 kB
MemAvailable:    1492136 kB
Buffers:           54432 kB
Cached:           428928 kB
MemTotal:        1844596 kB
MemFree:         1121764 kB
MemAvailable:    1493376 kB
Buffers:           54432 kB
Cached:           428928 kB
MemTotal:        1844596 kB
MemFree:         1121724 kB
MemAvailable:    1493336 kB
Buffers:           54432 kB
Cached:           428928 kB
MemTotal:        1844596 kB
MemFree:         1122620 kB
MemAvailable:    1494232 kB
Buffers:           54432 kB
Cached:           428928 kB
MemTotal:        1844596 kB
MemFree:         1121948 kB
MemAvailable:    1493644 kB
Buffers:           54432 kB
Cached:           429052 kB
MemTotal:        1844596 kB
MemFree:         1123560 kB
MemAvailable:    1495340 kB
Buffers:           54432 kB
Cached:           429176 kB
MemTotal:        1844596 kB
MemFree:         1122948 kB
MemAvailable:    1494980 kB
Buffers:           54432 kB
Cached:           429300 kB
MemTotal:        1844596 kB
MemFree:         1122816 kB
MemAvailable:    1494932 kB
Buffers:           54432 kB
Cached:           429424 kB
MemTotal:        1844596 kB
MemFree:         1121692 kB
MemAvailable:    1493892 kB
Buffers:           54432 kB
Cached:           429548 kB
MemTotal:        1844596 kB
MemFree:         1121328 kB
MemAvailable:    1493612 kB
Buffers:           54432 kB
Cached:           429548 kB
MemTotal:        1844596 kB
MemFree:         1121288 kB
MemAvailable:    1493572 kB
Buffers:           54432 kB
Cached:           429548 kB
MemTotal:        1844596 kB
MemFree:         1121032 kB
MemAvailable:    1493316 kB
Buffers:           54432 kB
Cached:           429672 kB
MemTotal:        1844596 kB
MemFree:         1122396 kB
MemAvailable:    1494680 kB
Buffers:           54432 kB
Cached:           429672 kB
MemTotal:        1844596 kB
MemFree:         1122512 kB
MemAvailable:    1494796 kB
Buffers:           54432 kB
Cached:           429672 kB
MemTotal:        1844596 kB
MemFree:         1122620 kB
MemAvailable:    1494988 kB
Buffers:           54432 kB
Cached:           429672 kB
MemTotal:        1844596 kB
MemFree:         1121452 kB
MemAvailable:    1493148 kB
Buffers:           54432 kB
Cached:           428956 kB
MemTotal:        1844596 kB
MemFree:         1190652 kB
MemAvailable:    1562348 kB
Buffers:           54432 kB
Cached:           428956 kB
