MemTotal:        1844596 kB
MemFree:         1227368 kB
MemAvailable:    1564380 kB
Buffers:           50288 kB
Cached:           401140 kB
MemTotal:        1844596 kB
MemFree:         1199196 kB
MemAvailable:    1536212 kB
Buffers:           50288 kB
Cached:           401144 kB
MemTotal:        1844596 kB
MemFree:         1198312 kB
MemAvailable:    1535328 kB
Buffers:           50288 kB
Cached:           401144 kB
MemTotal:        1844596 kB
MemFree:         1197644 kB
MemAvailable:    1534660 kB
Buffers:           50288 kB
Cached:           401144 kB
MemTotal:        1844596 kB
MemFree:         1197696 kB
MemAvailable:    1534712 kB
Buffers:           50288 kB
Cached:           401144 kB
MemTotal:        1844596 kB
MemFree:         1195096 kB
MemAvailable:    1532112 kB
Buffers:           50288 kB
Cached:           401144 kB
MemTotal:        1844596 kB
MemFree:         1193724 kB
MemAvailable:    1530740 kB
Buffers:           50288 kB
Cached:           401144 kB
MemTotal:        1844596 kB
MemFree:         1191500 kB
MemAvailable:    1528516 kB
Buffers:           50288 kB
Cached:           401144 kB
MemTotal:        1844596 kB
MemFree:         1188764 kB
MemAvailable:    1525780 kB
Buffers:           50288 kB
Cached:           401144 kB
MemTotal:        1844596 kB
MemFree:         1188408 kB
MemAvailable:    1525424 kB
Buffers:           50288 kB
Cached:           401144 kB
MemTotal:        1844596 kB
MemFree:         1186284 kB
MemAvailable:    1523300 kB
Buffers:           50288 kB
Cached:           401144 kB
MemTotal:        1844596 kB
MemFree:         1186284 kB
MemAvailable:    1523300 kB
Buffers:           50288 kB
Cached:           401144 kB
MemTotal:        1844596 kB
MemFree:         1186284 kB
MemAvailable:    1523300 kB
Buffers:           50288 kB
Cached:           401144 kB
MemTotal:        1844596 kB
MemFree:         1186344 kB
MemAvailable:    1523360 kB
Buffers:           50288 kB
Cached:           401144 kB
MemTotal:        1844596 kB
MemFree:         1185308 kB
MemAvailable:    1522324 kB
Buffers:           50288 kB
Cached:           401144 kB
MemTotal:        1844596 kB
MemFree:         1185912 kB
MemAvailable:    1522928 kB
Buffers:           50288 kB
Cached:           401144 kB
MemTotal:        1844596 kB
MemFree:         1185680 kB
MemAvailable:    1522696 kB
Buffers:           50288 kB
Cached:           401144 kB
MemTotal:        1844596 kB
MemFree:         1184316 kB
MemAvailable:    1521332 kB
Buffers:           50288 kB
Cached:           401144 kB
MemTotal:        1844596 kB
MemFree:         1184052 kB
MemAvailable:    1521068 kB
Buffers:           50288 kB
Cached:           401144 kB
MemTotal:        1844596 kB
MemFree:         1183944 kB
MemAvailable:    1520960 kB
Buffers:           50288 kB
Cached:           401144 kB
MemTotal:        1844596 kB
MemFree:         1183932 kB
MemAvailable:    1520948 kB
Buffers:           50288 kB
Cached:           401144 kB
MemTotal:        1844596 kB
MemFree:         1183988 kB
MemAvailable:    1521004 kB
Buffers:           50288 kB
Cached:           401144 kB
MemTotal:        1844596 kB
MemFree:         1183880 kB
MemAvailable:    1520896 kB
Buffers:           50288 kB
Cached:           401144 kB
MemTotal:        1844596 kB
MemFree:         1183680 kB
MemAvailable:    1520696 kB
Buffers:           50288 kB
Cached:           401144 kB
MemTotal:        1844596 kB
MemFree:         1183696 kB
MemAvailable:    1520712 kB
Buffers:           50288 kB
Cached:           401144 kB
MemTotal:        1844596 kB
MemFree:         1182516 kB
MemAvailable:    1519532 kB
Buffers:           50288 kB
Cached:           401144 kB
MemTotal:        1844596 kB
MemFree:         1183792 kB
MemAvailable:    1520808 kB
Buffers:           50288 kB
Cached:           401144 kB
MemTotal:        1844596 kB
MemFree:         1183944 kB
MemAvailable:    1520960 kB
Buffers:           50288 kB
Cached:           401144 kB
MemTotal:        1844596 kB
MemFree:         1185132 kB
MemAvailable:    1522148 kB
Buffers:           50288 kB
Cached:           401144 kB
MemTotal:        1844596 kB
MemFree:         1185384 kB
MemAvailable:    1522400 kB
Buffers:           50288 kB
Cached:           401144 kB
MemTotal:        1844596 kB
MemFree:         1181704 kB
MemAvailable:    1518720 kB
Buffers:           50288 kB
Cached:           401144 kB
MemTotal:        1844596 kB
MemFree:         1181764 kB
MemAvailable:    1518780 kB
Buffers:           50288 kB
Cached:           401144 kB
MemTotal:        1844596 kB
MemFree:         1181572 kB
MemAvailable:    1518588 kB
Buffers:           50288 kB
Cached:           401144 kB
MemTotal:        1844596 kB
MemFree:         1180720 kB
MemAvailable:    1517736 kB
Buffers:           50288 kB
Cached:           401144 kB
MemTotal:        1844596 kB
MemFree:         1180208 kB
MemAvailable:    1517224 kB
Buffers:           50288 kB
Cached:           401144 kB
MemTotal:        1844596 kB
MemFree:         1180544 kB
MemAvailable:    1517560 kB
Buffers:           50288 kB
Cached:           401144 kB
MemTotal:        1844596 kB
MemFree:         1179912 kB
MemAvailable:    1516928 kB
Buffers:           50288 kB
Cached:           401144 kB
MemTotal:        1844596 kB
MemFree:         1178860 kB
MemAvailable:    1515876 kB
Buffers:           50288 kB
Cached:           401144 kB
MemTotal:        1844596 kB
MemFree:         1179588 kB
MemAvailable:    1516604 kB
Buffers:           50288 kB
Cached:           401144 kB
MemTotal:        1844596 kB
MemFree:         1179728 kB
MemAvailable:    1516744 kB
Buffers:           50288 kB
Cached:           401144 kB
MemTotal:        1844596 kB
MemFree:         1179548 kB
MemAvailable:    1516564 kB
Buffers:           50288 kB
Cached:           401144 kB
MemTotal:        1844596 kB
MemFree:         1179584 kB
MemAvailable:    1516600 kB
Buffers:           50288 kB
Cached:           401144 kB
MemTotal:        1844596 kB
MemFree:         1179444 kB
MemAvailable:    1516460 kB
Buffers:           50288 kB
Cached:           401144 kB
MemTotal:        1844596 kB
MemFree:         1177736 kB
MemAvailable:    1514752 kB
Buffers:           50288 kB
Cached:           401144 kB
MemTotal:        1844596 kB
MemFree:         1178596 kB
MemAvailable:    1515612 kB
Buffers:           50288 kB
Cached:           401144 kB
MemTotal:        1844596 kB
MemFree:         1178932 kB
MemAvailable:    1515948 kB
Buffers:           50288 kB
Cached:           401144 kB
MemTotal:        1844596 kB
MemFree:         1178820 kB
MemAvailable:    1515836 kB
Buffers:           50288 kB
Cached:           401144 kB
MemTotal:        1844596 kB
MemFree:         1178324 kB
MemAvailable:    1515340 kB
Buffers:           50288 kB
Cached:           401144 kB
MemTotal:        1844596 kB
MemFree:         1177700 kB
MemAvailable:    1514716 kB
Buffers:           50288 kB
Cached:           401144 kB
MemTotal:        1844596 kB
MemFree:         1178720 kB
MemAvailable:    1515736 kB
Buffers:           50288 kB
Cached:           401144 kB
MemTotal:        1844596 kB
MemFree:         1178860 kB
MemAvailable:    1515876 kB
Buffers:           50288 kB
Cached:           401144 kB
MemTotal:        1844596 kB
MemFree:         1178908 kB
MemAvailable:    1515924 kB
Buffers:           50288 kB
Cached:           401144 kB
MemTotal:        1844596 kB
MemFree:         1177552 kB
MemAvailable:    1514568 kB
Buffers:           50288 kB
Cached:           401144 kB
MemTotal:        1844596 kB
MemFree:         1178920 kB
MemAvailable:    1515936 kB
Buffers:           50288 kB
Cached:           401144 kB
MemTotal:        1844596 kB
MemFree:         1178116 kB
MemAvailable:    1515132 kB
Buffers:           50288 kB
Cached:           401144 kB
MemTotal:        1844596 kB
MemFree:         1178736 kB
MemAvailable:    1515760 kB
Buffers:           50288 kB
Cached:           401152 kB
MemTotal:        1844596 kB
MemFree:         1177068 kB
MemAvailable:    1514092 kB
Buffers:           50288 kB
Cached:           401152 kB
MemTotal:        1844596 kB
MemFree:         1177060 kB
MemAvailable:    1514084 kB
Buffers:           50288 kB
Cached:           401152 kB
MemTotal:        1844596 kB
MemFree:         1178368 kB
MemAvailable:    1515392 kB
Buffers:           50288 kB
Cached:           401152 kB
MemTotal:        1844596 kB
MemFree:         1177248 kB
MemAvailable:    1514272 kB
Buffers:           50288 kB
Cached:           401152 kB
MemTotal:        1844596 kB
MemFree:         1177852 kB
MemAvailable:    1514876 kB
Buffers:           50288 kB
Cached:           401152 kB
MemTotal:        1844596 kB
MemFree:         1177852 kB
MemAvailable:    1514876 kB
Buffers:           50288 kB
Cached:           401152 kB
MemTotal:        1844596 kB
MemFree:         1176572 kB
MemAvailable:    1513596 kB
Buffers:           50288 kB
Cached:           401152 kB
MemTotal:        1844596 kB
MemFree:         1177852 kB
MemAvailable:    1514876 kB
Buffers:           50288 kB
Cached:           401152 kB
MemTotal:        1844596 kB
MemFree:         1177496 kB
MemAvailable:    1514520 kB
Buffers:           50288 kB
Cached:           401152 kB
MemTotal:        1844596 kB
MemFree:         1177980 kB
MemAvailable:    1515004 kB
Buffers:           50288 kB
Cached:           401152 kB
MemTotal:        1844596 kB
MemFree:         1177868 kB
MemAvailable:    1514892 kB
Buffers:           50288 kB
Cached:           401152 kB
MemTotal:        1844596 kB
MemFree:         1176604 kB
MemAvailable:    1513628 kB
Buffers:           50288 kB
Cached:           401152 kB
MemTotal:        1844596 kB
MemFree:         1177796 kB
MemAvailable:    1514820 kB
Buffers:           50288 kB
Cached:           401152 kB
MemTotal:        1844596 kB
MemFree:         1175016 kB
MemAvailable:    1512040 kB
Buffers:           50288 kB
Cached:           401152 kB
MemTotal:        1844596 kB
MemFree:         1173892 kB
MemAvailable:    1510920 kB
Buffers:           50288 kB
Cached:           401156 kB
MemTotal:        1844596 kB
MemFree:         1170536 kB
MemAvailable:    1507564 kB
Buffers:           50288 kB
Cached:           401156 kB
MemTotal:        1844596 kB
MemFree:         1169684 kB
MemAvailable:    1506712 kB
Buffers:           50288 kB
Cached:           401156 kB
MemTotal:        1844596 kB
MemFree:         1170024 kB
MemAvailable:    1507052 kB
Buffers:           50288 kB
Cached:           401156 kB
MemTotal:        1844596 kB
MemFree:         1170360 kB
MemAvailable:    1507388 kB
Buffers:           50288 kB
Cached:           401156 kB
MemTotal:        1844596 kB
MemFree:         1170116 kB
MemAvailable:    1507144 kB
Buffers:           50288 kB
Cached:           401156 kB
MemTotal:        1844596 kB
MemFree:         1168616 kB
MemAvailable:    1505644 kB
Buffers:           50288 kB
Cached:           401156 kB
MemTotal:        1844596 kB
MemFree:         1168612 kB
MemAvailable:    1505640 kB
Buffers:           50288 kB
Cached:           401156 kB
MemTotal:        1844596 kB
MemFree:         1168612 kB
MemAvailable:    1505640 kB
Buffers:           50288 kB
Cached:           401156 kB
MemTotal:        1844596 kB
MemFree:         1170080 kB
MemAvailable:    1507108 kB
Buffers:           50288 kB
Cached:           401156 kB
MemTotal:        1844596 kB
MemFree:         1170132 kB
MemAvailable:    1507160 kB
Buffers:           50288 kB
Cached:           401156 kB
MemTotal:        1844596 kB
MemFree:         1168644 kB
MemAvailable:    1505672 kB
Buffers:           50288 kB
Cached:           401156 kB
MemTotal:        1844596 kB
MemFree:         1168768 kB
MemAvailable:    1505796 kB
Buffers:           50288 kB
Cached:           401156 kB
MemTotal:        1844596 kB
MemFree:         1168768 kB
MemAvailable:    1505796 kB
Buffers:           50288 kB
Cached:           401156 kB
MemTotal:        1844596 kB
MemFree:         1169868 kB
MemAvailable:    1506896 kB
Buffers:           50288 kB
Cached:           401156 kB
MemTotal:        1844596 kB
MemFree:         1170120 kB
MemAvailable:    1507148 kB
Buffers:           50288 kB
Cached:           401156 kB
MemTotal:        1844596 kB
MemFree:         1169496 kB
MemAvailable:    1506524 kB
Buffers:           50288 kB
Cached:           401156 kB
MemTotal:        1844596 kB
MemFree:         1168064 kB
MemAvailable:    1505092 kB
Buffers:           50288 kB
Cached:           401156 kB
MemTotal:        1844596 kB
MemFree:         1167816 kB
MemAvailable:    1504844 kB
Buffers:           50288 kB
Cached:           401156 kB
MemTotal:        1844596 kB
MemFree:         1167320 kB
MemAvailable:    1504348 kB
Buffers:           50288 kB
Cached:           401156 kB
MemTotal:        1844596 kB
MemFree:         1168748 kB
MemAvailable:    1505776 kB
Buffers:           50288 kB
Cached:           401156 kB
MemTotal:        1844596 kB
MemFree:         1168404 kB
MemAvailable:    1505432 kB
Buffers:           50288 kB
Cached:           401156 kB
MemTotal:        1844596 kB
MemFree:         1166584 kB
MemAvailable:    1503612 kB
Buffers:           50288 kB
Cached:           401156 kB
MemTotal:        1844596 kB
MemFree:         1167072 kB
MemAvailable:    1504100 kB
Buffers:           50288 kB
Cached:           401156 kB
MemTotal:        1844596 kB
MemFree:         1166584 kB
MemAvailable:    1503612 kB
Buffers:           50288 kB
Cached:           401156 kB
MemTotal:        1844596 kB
MemFree:         1165468 kB
MemAvailable:    1502496 kB
Buffers:           50288 kB
Cached:           401156 kB
MemTotal:        1844596 kB
MemFree:         1166140 kB
MemAvailable:    1503168 kB
Buffers:           50288 kB
Cached:           401156 kB
MemTotal:        1844596 kB
MemFree:         1166476 kB
MemAvailable:    1503504 kB
Buffers:           50288 kB
Cached:           401156 kB
MemTotal:        1844596 kB
MemFree:         1165076 kB
MemAvailable:    1502104 kB
Buffers:           50288 kB
Cached:           401156 kB
MemTotal:        1844596 kB
MemFree:         1166376 kB
MemAvailable:    1503404 kB
Buffers:           50288 kB
Cached:           401156 kB
MemTotal:        1844596 kB
MemFree:         1166044 kB
MemAvailable:    1503072 kB
Buffers:           50288 kB
Cached:           401156 kB
MemTotal:        1844596 kB
MemFree:         1165468 kB
MemAvailable:    1502496 kB
Buffers:           50288 kB
Cached:           401156 kB
MemTotal:        1844596 kB
MemFree:         1164568 kB
MemAvailable:    1501596 kB
Buffers:           50288 kB
Cached:           401156 kB
MemTotal:        1844596 kB
MemFree:         1166240 kB
MemAvailable:    1503268 kB
Buffers:           50288 kB
Cached:           401156 kB
MemTotal:        1844596 kB
MemFree:         1165212 kB
MemAvailable:    1502240 kB
Buffers:           50288 kB
Cached:           401156 kB
MemTotal:        1844596 kB
MemFree:         1165700 kB
MemAvailable:    1502728 kB
Buffers:           50288 kB
Cached:           401156 kB
MemTotal:        1844596 kB
MemFree:         1165344 kB
MemAvailable:    1502372 kB
Buffers:           50288 kB
Cached:           401156 kB
MemTotal:        1844596 kB
MemFree:         1165272 kB
MemAvailable:    1502300 kB
Buffers:           50288 kB
Cached:           401156 kB
MemTotal:        1844596 kB
MemFree:         1165220 kB
MemAvailable:    1502248 kB
Buffers:           50288 kB
Cached:           401156 kB
MemTotal:        1844596 kB
MemFree:         1158392 kB
MemAvailable:    1495420 kB
Buffers:           50288 kB
Cached:           401156 kB
MemTotal:        1844596 kB
MemFree:         1157152 kB
MemAvailable:    1494180 kB
Buffers:           50288 kB
Cached:           401156 kB
MemTotal:        1844596 kB
MemFree:         1158508 kB
MemAvailable:    1495536 kB
Buffers:           50288 kB
Cached:           401156 kB
MemTotal:        1844596 kB
MemFree:         1156896 kB
MemAvailable:    1493924 kB
Buffers:           50288 kB
Cached:           401156 kB
MemTotal:        1844596 kB
MemFree:         1158196 kB
MemAvailable:    1495224 kB
Buffers:           50288 kB
Cached:           401156 kB
MemTotal:        1844596 kB
MemFree:         1157284 kB
MemAvailable:    1494312 kB
Buffers:           50288 kB
Cached:           401156 kB
MemTotal:        1844596 kB
MemFree:         1158200 kB
MemAvailable:    1495228 kB
Buffers:           50288 kB
Cached:           401156 kB
MemTotal:        1844596 kB
MemFree:         1159880 kB
MemAvailable:    1496908 kB
Buffers:           50288 kB
Cached:           401156 kB
MemTotal:        1844596 kB
MemFree:         1158276 kB
MemAvailable:    1495388 kB
Buffers:           50288 kB
Cached:           401280 kB
MemTotal:        1844596 kB
MemFree:         1159384 kB
MemAvailable:    1496664 kB
Buffers:           50288 kB
Cached:           401404 kB
MemTotal:        1844596 kB
MemFree:         1159336 kB
MemAvailable:    1496616 kB
Buffers:           50288 kB
Cached:           401404 kB
MemTotal:        1844596 kB
MemFree:         1159088 kB
MemAvailable:    1496620 kB
Buffers:           50288 kB
Cached:           401652 kB
MemTotal:        1844596 kB
MemFree:         1157588 kB
MemAvailable:    1495120 kB
Buffers:           50288 kB
Cached:           401776 kB
MemTotal:        1844596 kB
MemFree:         1157580 kB
MemAvailable:    1495280 kB
Buffers:           50288 kB
Cached:           401776 kB
MemTotal:        1844596 kB
MemFree:         1158812 kB
MemAvailable:    1496512 kB
Buffers:           50288 kB
Cached:           401776 kB
MemTotal:        1844596 kB
MemFree:         1158152 kB
MemAvailable:    1495852 kB
Buffers:           50288 kB
Cached:           401776 kB
MemTotal:        1844596 kB
MemFree:         1158632 kB
MemAvailable:    1496332 kB
Buffers:           50288 kB
Cached:           401776 kB
MemTotal:        1844596 kB
MemFree:         1157600 kB
MemAvailable:    1495300 kB
Buffers:           50288 kB
Cached:           401776 kB
MemTotal:        1844596 kB
MemFree:         1158964 kB
MemAvailable:    1496664 kB
Buffers:           50288 kB
Cached:           401776 kB
MemTotal:        1844596 kB
MemFree:         1158812 kB
MemAvailable:    1496512 kB
Buffers:           50288 kB
Cached:           401776 kB
MemTotal:        1844596 kB
MemFree:         1159368 kB
MemAvailable:    1496480 kB
Buffers:           50288 kB
Cached:           401144 kB
MemTotal:        1844596 kB
MemFree:         1159136 kB
MemAvailable:    1496248 kB
Buffers:           50288 kB
Cached:           401144 kB
MemTotal:        1844596 kB
MemFree:         1205092 kB
MemAvailable:    1542204 kB
Buffers:           50288 kB
Cached:           401144 kB
