MemTotal:        1844596 kB
MemFree:         1369708 kB
MemAvailable:    1580780 kB
Buffers:           33112 kB
Cached:           294980 kB
MemTotal:        1844596 kB
MemFree:         1342320 kB
MemAvailable:    1553400 kB
Buffers:           33112 kB
Cached:           294984 kB
MemTotal:        1844596 kB
MemFree:         1342196 kB
MemAvailable:    1553276 kB
Buffers:           33112 kB
Cached:           294984 kB
MemTotal:        1844596 kB
MemFree:         1338732 kB
MemAvailable:    1549812 kB
Buffers:           33112 kB
Cached:           294984 kB
MemTotal:        1844596 kB
MemFree:         1338608 kB
MemAvailable:    1549688 kB
Buffers:           33112 kB
Cached:           294984 kB
MemTotal:        1844596 kB
MemFree:         1337320 kB
MemAvailable:    1548400 kB
Buffers:           33112 kB
Cached:           294984 kB
MemTotal:        1844596 kB
MemFree:         1335872 kB
MemAvailable:    1546952 kB
Buffers:           33112 kB
Cached:           294984 kB
MemTotal:        1844596 kB
MemFree:         1333020 kB
MemAvailable:    1544100 kB
Buffers:           33112 kB
Cached:           294984 kB
MemTotal:        1844596 kB
MemFree:         1330920 kB
MemAvailable:    1542000 kB
Buffers:           33112 kB
Cached:           294984 kB
MemTotal:        1844596 kB
MemFree:         1327192 kB
MemAvailable:    1538272 kB
Buffers:           33112 kB
Cached:           294984 kB
MemTotal:        1844596 kB
MemFree:         1328632 kB
MemAvailable:    1539712 kB
Buffers:           33112 kB
Cached:           294984 kB
MemTotal:        1844596 kB
MemFree:         1328884 kB
MemAvailable:    1539964 kB
Buffers:           33112 kB
Cached:           294984 kB
MemTotal:        1844596 kB
MemFree:         1328744 kB
MemAvailable:    1539824 kB
Buffers:           33112 kB
Cached:           294984 kB
MemTotal:        1844596 kB
MemFree:         1328912 kB
MemAvailable:    1539992 kB
Buffers:           33112 kB
Cached:           294984 kB
MemTotal:        1844596 kB
MemFree:         1328608 kB
MemAvailable:    1539688 kB
Buffers:           33112 kB
Cached:           294984 kB
MemTotal:        1844596 kB
MemFree:         1328128 kB
MemAvailable:    1539208 kB
Buffers:           33112 kB
Cached:           294984 kB
MemTotal:        1844596 kB
MemFree:         1327572 kB
MemAvailable:    1538652 kB
Buffers:           33112 kB
Cached:           294984 kB
MemTotal:        1844596 kB
MemFree:         1326640 kB
MemAvailable:    1537720 kB
Buffers:           33112 kB
Cached:           294984 kB
MemTotal:        1844596 kB
MemFree:         1324968 kB
MemAvailable:    1536048 kB
Buffers:           33112 kB
Cached:           294984 kB
MemTotal:        1844596 kB
MemFree:         1326480 kB
MemAvailable:    1537560 kB
Buffers:           33112 kB
Cached:           294984 kB
MemTotal:        1844596 kB
MemFree:         1326260 kB
MemAvailable:    1537340 kB
Buffers:           33112 kB
Cached:           294984 kB
MemTotal:        1844596 kB
MemFree:         1326220 kB
MemAvailable:    1537300 kB
Buffers:           33112 kB
Cached:           294984 kB
MemTotal:        1844596 kB
MemFree:         1326316 kB
MemAvailable:    1537396 kB
Buffers:           33112 kB
Cached:           294984 kB
MemTotal:        1844596 kB
MemFree:         1326092 kB
MemAvailable:    1537172 kB
Buffers:           33112 kB
Cached:           294984 kB
MemTotal:        1844596 kB
MemFree:         1326400 kB
MemAvailable:    1537480 kB
Buffers:           33112 kB
Cached:           294984 kB
MemTotal:        1844596 kB
MemFree:         1326028 kB
MemAvailable:    1537108 kB
Buffers:           33112 kB
Cached:           294984 kB
MemTotal:        1844596 kB
MemFree:         1326456 kB
MemAvailable:    1537536 kB
Buffers:           33112 kB
Cached:           294984 kB
MemTotal:        1844596 kB
MemFree:         1326160 kB
MemAvailable:    1537240 kB
Buffers:           33112 kB
Cached:           294984 kB
MemTotal:        1844596 kB
MemFree:         1324844 kB
MemAvailable:    1535924 kB
Buffers:           33112 kB
Cached:           294984 kB
MemTotal:        1844596 kB
MemFree:         1324160 kB
MemAvailable:    1535240 kB
Buffers:           33112 kB
Cached:           294984 kB
MemTotal:        1844596 kB
MemFree:         1323408 kB
MemAvailable:    1534488 kB
Buffers:           33112 kB
Cached:           294984 kB
MemTotal:        1844596 kB
MemFree:         1323408 kB
MemAvailable:    1534488 kB
Buffers:           33112 kB
Cached:           294984 kB
MemTotal:        1844596 kB
MemFree:         1323108 kB
MemAvailable:    1534188 kB
Buffers:           33112 kB
Cached:           294984 kB
MemTotal:        1844596 kB
MemFree:         1321736 kB
MemAvailable:    1532816 kB
Buffers:           33112 kB
Cached:           294984 kB
MemTotal:        1844596 kB
MemFree:         1320868 kB
MemAvailable:    1531948 kB
Buffers:           33112 kB
Cached:           294984 kB
MemTotal:        1844596 kB
MemFree:         1322168 kB
MemAvailable:    1533248 kB
Buffers:           33112 kB
Cached:           294984 kB
MemTotal:        1844596 kB
MemFree:         1321920 kB
MemAvailable:    1533000 kB
Buffers:           33112 kB
Cached:           294984 kB
MemTotal:        1844596 kB
MemFree:         1322256 kB
MemAvailable:    1533336 kB
Buffers:           33112 kB
Cached:           294984 kB
MemTotal:        1844596 kB
MemFree:         1320936 kB
MemAvailable:    1532016 kB
Buffers:           33112 kB
Cached:           294984 kB
MemTotal:        1844596 kB
MemFree:         1321688 kB
MemAvailable:    1532768 kB
Buffers:           33112 kB
Cached:           294984 kB
MemTotal:        1844596 kB
MemFree:         1321604 kB
MemAvailable:    1532684 kB
Buffers:           33112 kB
Cached:           294984 kB
MemTotal:        1844596 kB
MemFree:         1321100 kB
MemAvailable:    1532180 kB
Buffers:           33112 kB
Cached:           294984 kB
MemTotal:        1844596 kB
MemFree:         1320868 kB
MemAvailable:    1531948 kB
Buffers:           33112 kB
Cached:           294984 kB
MemTotal:        1844596 kB
MemFree:         1319752 kB
MemAvailable:    1530832 kB
Buffers:           33112 kB
Cached:           294984 kB
MemTotal:        1844596 kB
MemFree:         1321060 kB
MemAvailable:    1532140 kB
Buffers:           33112 kB
Cached:           294984 kB
MemTotal:        1844596 kB
MemFree:         1321076 kB
MemAvailable:    1532156 kB
Buffers:           33112 kB
Cached:           294984 kB
MemTotal:        1844596 kB
MemFree:         1319704 kB
MemAvailable:    1530784 kB
Buffers:           33112 kB
Cached:           294984 kB
MemTotal:        1844596 kB
MemFree:         1320972 kB
MemAvailable:    1532052 kB
Buffers:           33112 kB
Cached:           294984 kB
MemTotal:        1844596 kB
MemFree:         1320700 kB
MemAvailable:    1531780 kB
Buffers:           33112 kB
Cached:           294984 kB
MemTotal:        1844596 kB
MemFree:         1320964 kB
MemAvailable:    1532044 kB
Buffers:           33112 kB
Cached:           294984 kB
MemTotal:        1844596 kB
MemFree:         1320876 kB
MemAvailable:    1531956 kB
Buffers:           33112 kB
Cached:           294984 kB
MemTotal:        1844596 kB
MemFree:         1320804 kB
MemAvailable:    1531884 kB
Buffers:           33112 kB
Cached:           294984 kB
MemTotal:        1844596 kB
MemFree:         1321140 kB
MemAvailable:    1532220 kB
Buffers:           33112 kB
Cached:           294984 kB
MemTotal:        1844596 kB
MemFree:         1320876 kB
MemAvailable:    1531956 kB
Buffers:           33112 kB
Cached:           294984 kB
MemTotal:        1844596 kB
MemFree:         1319208 kB
MemAvailable:    1530288 kB
Buffers:           33112 kB
Cached:           294984 kB
MemTotal:        1844596 kB
MemFree:         1319200 kB
MemAvailable:    1530280 kB
Buffers:           33112 kB
Cached:           294984 kB
MemTotal:        1844596 kB
MemFree:         1319332 kB
MemAvailable:    1530412 kB
Buffers:           33112 kB
Cached:           294984 kB
MemTotal:        1844596 kB
MemFree:         1320676 kB
MemAvailable:    1531756 kB
Buffers:           33112 kB
Cached:           294984 kB
MemTotal:        1844596 kB
MemFree:         1320316 kB
MemAvailable:    1531396 kB
Buffers:           33112 kB
Cached:           294984 kB
MemTotal:        1844596 kB
MemFree:         1318812 kB
MemAvailable:    1529892 kB
Buffers:           33112 kB
Cached:           294984 kB
MemTotal:        1844596 kB
MemFree:         1320180 kB
MemAvailable:    1531260 kB
Buffers:           33112 kB
Cached:           294984 kB
MemTotal:        1844596 kB
MemFree:         1320388 kB
MemAvailable:    1531468 kB
Buffers:           33112 kB
Cached:           294984 kB
MemTotal:        1844596 kB
MemFree:         1320276 kB
MemAvailable:    1531356 kB
Buffers:           33112 kB
Cached:           294984 kB
MemTotal:        1844596 kB
MemFree:         1318720 kB
MemAvailable:    1529800 kB
Buffers:           33112 kB
Cached:           294984 kB
MemTotal:        1844596 kB
MemFree:         1318884 kB
MemAvailable:    1529964 kB
Buffers:           33112 kB
Cached:           294984 kB
MemTotal:        1844596 kB
MemFree:         1318636 kB
MemAvailable:    1529716 kB
Buffers:           33112 kB
Cached:           294984 kB
MemTotal:        1844596 kB
MemFree:         1316784 kB
MemAvailable:    1527864 kB
Buffers:           33112 kB
Cached:           294984 kB
MemTotal:        1844596 kB
MemFree:         1313808 kB
MemAvailable:    1524888 kB
Buffers:           33112 kB
Cached:           294984 kB
MemTotal:        1844596 kB
MemFree:         1312868 kB
MemAvailable:    1523948 kB
Buffers:           33112 kB
Cached:           294984 kB
MemTotal:        1844596 kB
MemFree:         1311700 kB
MemAvailable:    1522780 kB
Buffers:           33112 kB
Cached:           294984 kB
MemTotal:        1844596 kB
MemFree:         1312324 kB
MemAvailable:    1523404 kB
Buffers:           33112 kB
Cached:           294984 kB
MemTotal:        1844596 kB
MemFree:         1312248 kB
MemAvailable:    1523328 kB
Buffers:           33112 kB
Cached:           294984 kB
MemTotal:        1844596 kB
MemFree:         1312196 kB
MemAvailable:    1523276 kB
Buffers:           33112 kB
Cached:           294984 kB
MemTotal:        1844596 kB
MemFree:         1312168 kB
MemAvailable:    1523252 kB
Buffers:           33112 kB
Cached:           294988 kB
MemTotal:        1844596 kB
MemFree:         1312064 kB
MemAvailable:    1523148 kB
Buffers:           33120 kB
Cached:           294980 kB
MemTotal:        1844596 kB
MemFree:         1312184 kB
MemAvailable:    1523284 kB
Buffers:           33124 kB
Cached:           294992 kB
MemTotal:        1844596 kB
MemFree:         1311184 kB
MemAvailable:    1522284 kB
Buffers:           33124 kB
Cached:           294992 kB
MemTotal:        1844596 kB
MemFree:         1312120 kB
MemAvailable:    1523220 kB
Buffers:           33124 kB
Cached:           294992 kB
MemTotal:        1844596 kB
MemFree:         1312372 kB
MemAvailable:    1523472 kB
Buffers:           33124 kB
Cached:           294992 kB
MemTotal:        1844596 kB
MemFree:         1312116 kB
MemAvailable:    1523216 kB
Buffers:           33124 kB
Cached:           294992 kB
MemTotal:        1844596 kB
MemFree:         1311056 kB
MemAvailable:    1522156 kB
Buffers:           33124 kB
Cached:           294992 kB
MemTotal:        1844596 kB
MemFree:         1311924 kB
MemAvailable:    1523024 kB
Buffers:           33124 kB
Cached:           294992 kB
MemTotal:        1844596 kB
MemFree:         1310956 kB
MemAvailable:    1522056 kB
Buffers:           33124 kB
Cached:           294992 kB
MemTotal:        1844596 kB
MemFree:         1311560 kB
MemAvailable:    1522660 kB
Buffers:           33124 kB
Cached:           294992 kB
MemTotal:        1844596 kB
MemFree:         1310188 kB
MemAvailable:    1521288 kB
Buffers:           33124 kB
Cached:           294992 kB
MemTotal:        1844596 kB
MemFree:         1310568 kB
MemAvailable:    1521668 kB
Buffers:           33124 kB
Cached:           294992 kB
MemTotal:        1844596 kB
MemFree:         1310568 kB
MemAvailable:    1521668 kB
Buffers:           33124 kB
Cached:           294992 kB
MemTotal:        1844596 kB
MemFree:         1310464 kB
MemAvailable:    1521564 kB
Buffers:           33124 kB
Cached:           294992 kB
MemTotal:        1844596 kB
MemFree:         1310464 kB
MemAvailable:    1521564 kB
Buffers:           33124 kB
Cached:           294992 kB
MemTotal:        1844596 kB
MemFree:         1309328 kB
MemAvailable:    1520428 kB
Buffers:           33124 kB
Cached:           294992 kB
MemTotal:        1844596 kB
MemFree:         1308476 kB
MemAvailable:    1519576 kB
Buffers:           33124 kB
Cached:           294992 kB
MemTotal:        1844596 kB
MemFree:         1309040 kB
MemAvailable:    1520140 kB
Buffers:           33124 kB
Cached:           294992 kB
MemTotal:        1844596 kB
MemFree:         1308848 kB
MemAvailable:    1519948 kB
Buffers:           33124 kB
Cached:           294992 kB
MemTotal:        1844596 kB
MemFree:         1307732 kB
MemAvailable:    1518832 kB
Buffers:           33124 kB
Cached:           294992 kB
MemTotal:        1844596 kB
MemFree:         1307104 kB
MemAvailable:    1518204 kB
Buffers:           33124 kB
Cached:           294992 kB
MemTotal:        1844596 kB
MemFree:         1308536 kB
MemAvailable:    1519636 kB
Buffers:           33124 kB
Cached:           294992 kB
MemTotal:        1844596 kB
MemFree:         1306808 kB
MemAvailable:    1517908 kB
Buffers:           33124 kB
Cached:           294992 kB
MemTotal:        1844596 kB
MemFree:         1306972 kB
MemAvailable:    1518072 kB
Buffers:           33124 kB
Cached:           294992 kB
MemTotal:        1844596 kB
MemFree:         1308296 kB
MemAvailable:    1519396 kB
Buffers:           33124 kB
Cached:           294992 kB
MemTotal:        1844596 kB
MemFree:         1308152 kB
MemAvailable:    1519252 kB
Buffers:           33124 kB
Cached:           294992 kB
MemTotal:        1844596 kB
MemFree:         1308404 kB
MemAvailable:    1519504 kB
Buffers:           33124 kB
Cached:           294992 kB
MemTotal:        1844596 kB
MemFree:         1307304 kB
MemAvailable:    1518404 kB
Buffers:           33124 kB
Cached:           294992 kB
MemTotal:        1844596 kB
MemFree:         1308040 kB
MemAvailable:    1519140 kB
Buffers:           33124 kB
Cached:           294992 kB
MemTotal:        1844596 kB
MemFree:         1307804 kB
MemAvailable:    1518904 kB
Buffers:           33124 kB
Cached:           294992 kB
MemTotal:        1844596 kB
MemFree:         1307832 kB
MemAvailable:    1518932 kB
Buffers:           33124 kB
Cached:           294992 kB
MemTotal:        1844596 kB
MemFree:         1303384 kB
MemAvailable:    1514484 kB
Buffers:           33124 kB
Cached:           294992 kB
MemTotal:        1844596 kB
MemFree:         1300664 kB
MemAvailable:    1511764 kB
Buffers:           33124 kB
Cached:           294992 kB
MemTotal:        1844596 kB
MemFree:         1299416 kB
MemAvailable:    1510516 kB
Buffers:           33124 kB
Cached:           294992 kB
MemTotal:        1844596 kB
MemFree:         1300460 kB
MemAvailable:    1511560 kB
Buffers:           33124 kB
Cached:           294992 kB
MemTotal:        1844596 kB
MemFree:         1300456 kB
MemAvailable:    1511556 kB
Buffers:           33124 kB
Cached:           294992 kB
MemTotal:        1844596 kB
MemFree:         1300408 kB
MemAvailable:    1511508 kB
Buffers:           33124 kB
Cached:           294992 kB
MemTotal:        1844596 kB
MemFree:         1299100 kB
MemAvailable:    1510200 kB
Buffers:           33124 kB
Cached:           294992 kB
MemTotal:        1844596 kB
MemFree:         1302380 kB
MemAvailable:    1513480 kB
Buffers:           33128 kB
Cached:           294988 kB
MemTotal:        1844596 kB
MemFree:         1300904 kB
MemAvailable:    1512004 kB
Buffers:           33128 kB
Cached:           295112 kB
MemTotal:        1844596 kB
MemFree:         1301904 kB
MemAvailable:    1513256 kB
Buffers:           33128 kB
Cached:           295236 kB
MemTotal:        1844596 kB
MemFree:         1300416 kB
MemAvailable:    1511852 kB
Buffers:           33128 kB
Cached:           295360 kB
MemTotal:        1844596 kB
MemFree:         1300160 kB
MemAvailable:    1511764 kB
Buffers:           33128 kB
Cached:           295484 kB
MemTotal:        1844596 kB
MemFree:         1301104 kB
MemAvailable:    1512792 kB
Buffers:           33128 kB
Cached:           295608 kB
MemTotal:        1844596 kB
MemFree:         1301160 kB
MemAvailable:    1512848 kB
Buffers:           33128 kB
Cached:           295608 kB
MemTotal:        1844596 kB
MemFree:         1299900 kB
MemAvailable:    1511588 kB
Buffers:           33128 kB
Cached:           295608 kB
MemTotal:        1844596 kB
MemFree:         1301468 kB
MemAvailable:    1513156 kB
Buffers:           33128 kB
Cached:           295608 kB
MemTotal:        1844596 kB
MemFree:         1299900 kB
MemAvailable:    1511588 kB
Buffers:           33128 kB
Cached:           295608 kB
MemTotal:        1844596 kB
MemFree:         1301076 kB
MemAvailable:    1512764 kB
Buffers:           33128 kB
Cached:           295608 kB
MemTotal:        1844596 kB
MemFree:         1301200 kB
MemAvailable:    1512888 kB
Buffers:           33128 kB
Cached:           295608 kB
MemTotal:        1844596 kB
MemFree:         1301712 kB
MemAvailable:    1512812 kB
Buffers:           33128 kB
Cached:           294976 kB
MemTotal:        1844596 kB
MemFree:         1301400 kB
MemAvailable:    1512500 kB
Buffers:           33128 kB
Cached:           294976 kB
MemTotal:        1844596 kB
MemFree:         1369136 kB
MemAvailable:    1580236 kB
Buffers:           33128 kB
Cached:           294976 kB
