MemTotal:        1844596 kB
MemFree:         1249084 kB
MemAvailable:    1565436 kB
Buffers:           47868 kB
Cached:           384532 kB
MemTotal:        1844596 kB
MemFree:         1221588 kB
MemAvailable:    1537936 kB
Buffers:           47868 kB
Cached:           384488 kB
MemTotal:        1844596 kB
MemFree:         1220044 kB
MemAvailable:    1536392 kB
Buffers:           47868 kB
Cached:           384488 kB
MemTotal:        1844596 kB
MemFree:         1218240 kB
MemAvailable:    1534588 kB
Buffers:           47868 kB
Cached:           384488 kB
MemTotal:        1844596 kB
MemFree:         1218232 kB
MemAvailable:    1534580 kB
Buffers:           47868 kB
Cached:           384488 kB
MemTotal:        1844596 kB
MemFree:         1216868 kB
MemAvailable:    1533216 kB
Buffers:           47868 kB
Cached:           384488 kB
MemTotal:        1844596 kB
MemFree:         1218072 kB
MemAvailable:    1534420 kB
Buffers:           47868 kB
Cached:           384488 kB
MemTotal:        1844596 kB
MemFree:         1215076 kB
MemAvailable:    1531424 kB
Buffers:           47868 kB
Cached:           384488 kB
MemTotal:        1844596 kB
MemFree:         1212000 kB
MemAvailable:    1528348 kB
Buffers:           47868 kB
Cached:           384488 kB
MemTotal:        1844596 kB
MemFree:         1212112 kB
MemAvailable:    1528460 kB
Buffers:           47868 kB
Cached:           384488 kB
MemTotal:        1844596 kB
MemFree:         1205956 kB
MemAvailable:    1522304 kB
Buffers:           47868 kB
Cached:           384488 kB
MemTotal:        1844596 kB
MemFree:         1208264 kB
MemAvailable:    1524612 kB
Buffers:           47868 kB
Cached:           384488 kB
MemTotal:        1844596 kB
MemFree:         1208432 kB
MemAvailable:    1524780 kB
Buffers:           47868 kB
Cached:           384488 kB
MemTotal:        1844596 kB
MemFree:         1208000 kB
MemAvailable:    1524348 kB
Buffers:           47868 kB
Cached:           384488 kB
MemTotal:        1844596 kB
MemFree:         1207892 kB
MemAvailable:    1524240 kB
Buffers:           47868 kB
Cached:           384488 kB
MemTotal:        1844596 kB
MemFree:         1208068 kB
MemAvailable:    1524416 kB
Buffers:           47868 kB
Cached:           384488 kB
MemTotal:        1844596 kB
MemFree:         1206088 kB
MemAvailable:    1522436 kB
Buffers:           47868 kB
Cached:           384488 kB
MemTotal:        1844596 kB
MemFree:         1205088 kB
MemAvailable:    1521436 kB
Buffers:           47868 kB
Cached:           384488 kB
MemTotal:        1844596 kB
MemFree:         1205964 kB
MemAvailable:    1522312 kB
Buffers:           47868 kB
Cached:           384488 kB
MemTotal:        1844596 kB
MemFree:         1205728 kB
MemAvailable:    1522076 kB
Buffers:           47868 kB
Cached:           384488 kB
MemTotal:        1844596 kB
MemFree:         1205976 kB
MemAvailable:    1522324 kB
Buffers:           47868 kB
Cached:           384488 kB
MemTotal:        1844596 kB
MemFree:         1204656 kB
MemAvailable:    1521004 kB
Buffers:           47868 kB
Cached:           384488 kB
MemTotal:        1844596 kB
MemFree:         1204408 kB
MemAvailable:    1520756 kB
Buffers:           47868 kB
Cached:           384488 kB
MemTotal:        1844596 kB
MemFree:         1205776 kB
MemAvailable:    1522124 kB
Buffers:           47868 kB
Cached:           384488 kB
MemTotal:        1844596 kB
MemFree:         1204404 kB
MemAvailable:    1520752 kB
Buffers:           47868 kB
Cached:           384488 kB
MemTotal:        1844596 kB
MemFree:         1205936 kB
MemAvailable:    1522284 kB
Buffers:           47868 kB
Cached:           384488 kB
MemTotal:        1844596 kB
MemFree:         1207068 kB
MemAvailable:    1523416 kB
Buffers:           47868 kB
Cached:           384488 kB
MemTotal:        1844596 kB
MemFree:         1206644 kB
MemAvailable:    1522992 kB
Buffers:           47868 kB
Cached:           384488 kB
MemTotal:        1844596 kB
MemFree:         1204212 kB
MemAvailable:    1520560 kB
Buffers:           47868 kB
Cached:           384488 kB
MemTotal:        1844596 kB
MemFree:         1204212 kB
MemAvailable:    1520560 kB
Buffers:           47868 kB
Cached:           384488 kB
MemTotal:        1844596 kB
MemFree:         1203236 kB
MemAvailable:    1519584 kB
Buffers:           47868 kB
Cached:           384488 kB
MemTotal:        1844596 kB
MemFree:         1201624 kB
MemAvailable:    1517972 kB
Buffers:           47868 kB
Cached:           384488 kB
MemTotal:        1844596 kB
MemFree:         1201500 kB
MemAvailable:    1517852 kB
Buffers:           47868 kB
Cached:           384492 kB
MemTotal:        1844596 kB
MemFree:         1201368 kB
MemAvailable:    1517720 kB
Buffers:           47868 kB
Cached:           384492 kB
MemTotal:        1844596 kB
MemFree:         1200616 kB
MemAvailable:    1516968 kB
Buffers:           47868 kB
Cached:           384492 kB
MemTotal:        1844596 kB
MemFree:         1201952 kB
MemAvailable:    1518304 kB
Buffers:           47868 kB
Cached:           384492 kB
MemTotal:        1844596 kB
MemFree:         1200360 kB
MemAvailable:    1516712 kB
Buffers:           47868 kB
Cached:           384492 kB
MemTotal:        1844596 kB
MemFree:         1201460 kB
MemAvailable:    1517812 kB
Buffers:           47868 kB
Cached:           384492 kB
MemTotal:        1844596 kB
MemFree:         1201712 kB
MemAvailable:    1518064 kB
Buffers:           47868 kB
Cached:           384492 kB
MemTotal:        1844596 kB
MemFree:         1200300 kB
MemAvailable:    1516652 kB
Buffers:           47868 kB
Cached:           384492 kB
MemTotal:        1844596 kB
MemFree:         1200052 kB
MemAvailable:    1516404 kB
Buffers:           47868 kB
Cached:           384492 kB
MemTotal:        1844596 kB
MemFree:         1200864 kB
MemAvailable:    1517216 kB
Buffers:           47868 kB
Cached:           384492 kB
MemTotal:        1844596 kB
MemFree:         1200864 kB
MemAvailable:    1517216 kB
Buffers:           47868 kB
Cached:           384492 kB
MemTotal:        1844596 kB
MemFree:         1199368 kB
MemAvailable:    1515720 kB
Buffers:           47868 kB
Cached:           384492 kB
MemTotal:        1844596 kB
MemFree:         1200548 kB
MemAvailable:    1516900 kB
Buffers:           47868 kB
Cached:           384492 kB
MemTotal:        1844596 kB
MemFree:         1200412 kB
MemAvailable:    1516764 kB
Buffers:           47868 kB
Cached:           384492 kB
MemTotal:        1844596 kB
MemFree:         1200260 kB
MemAvailable:    1516612 kB
Buffers:           47868 kB
Cached:           384492 kB
MemTotal:        1844596 kB
MemFree:         1199080 kB
MemAvailable:    1515432 kB
Buffers:           47868 kB
Cached:           384492 kB
MemTotal:        1844596 kB
MemFree:         1199204 kB
MemAvailable:    1515556 kB
Buffers:           47868 kB
Cached:           384492 kB
MemTotal:        1844596 kB
MemFree:         1200660 kB
MemAvailable:    1517012 kB
Buffers:           47868 kB
Cached:           384492 kB
MemTotal:        1844596 kB
MemFree:         1199328 kB
MemAvailable:    1515680 kB
Buffers:           47868 kB
Cached:           384492 kB
MemTotal:        1844596 kB
MemFree:         1199204 kB
MemAvailable:    1515556 kB
Buffers:           47868 kB
Cached:           384492 kB
MemTotal:        1844596 kB
MemFree:         1200568 kB
MemAvailable:    1516920 kB
Buffers:           47868 kB
Cached:           384492 kB
MemTotal:        1844596 kB
MemFree:         1200248 kB
MemAvailable:    1516600 kB
Buffers:           47868 kB
Cached:           384492 kB
MemTotal:        1844596 kB
MemFree:         1200116 kB
MemAvailable:    1516468 kB
Buffers:           47868 kB
Cached:           384492 kB
MemTotal:        1844596 kB
MemFree:         1200256 kB
MemAvailable:    1516608 kB
Buffers:           47868 kB
Cached:           384492 kB
MemTotal:        1844596 kB
MemFree:         1199008 kB
MemAvailable:    1515360 kB
Buffers:           47868 kB
Cached:           384492 kB
MemTotal:        1844596 kB
MemFree:         1199748 kB
MemAvailable:    1516100 kB
Buffers:           47868 kB
Cached:           384492 kB
MemTotal:        1844596 kB
MemFree:         1198648 kB
MemAvailable:    1515000 kB
Buffers:           47868 kB
Cached:           384492 kB
MemTotal:        1844596 kB
MemFree:         1199728 kB
MemAvailable:    1516080 kB
Buffers:           47868 kB
Cached:           384492 kB
MemTotal:        1844596 kB
MemFree:         1199712 kB
MemAvailable:    1516064 kB
Buffers:           47868 kB
Cached:           384492 kB
MemTotal:        1844596 kB
MemFree:         1198340 kB
MemAvailable:    1514692 kB
Buffers:           47868 kB
Cached:           384492 kB
MemTotal:        1844596 kB
MemFree:         1198340 kB
MemAvailable:    1514692 kB
Buffers:           47868 kB
Cached:           384492 kB
MemTotal:        1844596 kB
MemFree:         1199580 kB
MemAvailable:    1515932 kB
Buffers:           47868 kB
Cached:           384492 kB
MemTotal:        1844596 kB
MemFree:         1198376 kB
MemAvailable:    1514728 kB
Buffers:           47868 kB
Cached:           384492 kB
MemTotal:        1844596 kB
MemFree:         1198120 kB
MemAvailable:    1514472 kB
Buffers:           47868 kB
Cached:           384492 kB
MemTotal:        1844596 kB
MemFree:         1197284 kB
MemAvailable:    1513636 kB
Buffers:           47868 kB
Cached:           384492 kB
MemTotal:        1844596 kB
MemFree:         1193936 kB
MemAvailable:    1510288 kB
Buffers:           47868 kB
Cached:           384492 kB
MemTotal:        1844596 kB
MemFree:         1192260 kB
MemAvailable:    1508612 kB
Buffers:           47868 kB
Cached:           384492 kB
MemTotal:        1844596 kB
MemFree:         1190696 kB
MemAvailable:    1507048 kB
Buffers:           47868 kB
Cached:           384492 kB
MemTotal:        1844596 kB
MemFree:         1190456 kB
MemAvailable:    1506808 kB
Buffers:           47868 kB
Cached:           384492 kB
MemTotal:        1844596 kB
MemFree:         1191704 kB
MemAvailable:    1508056 kB
Buffers:           47868 kB
Cached:           384492 kB
MemTotal:        1844596 kB
MemFree:         1190416 kB
MemAvailable:    1506768 kB
Buffers:           47868 kB
Cached:           384492 kB
MemTotal:        1844596 kB
MemFree:         1190452 kB
MemAvailable:    1506804 kB
Buffers:           47868 kB
Cached:           384492 kB
MemTotal:        1844596 kB
MemFree:         1191936 kB
MemAvailable:    1508288 kB
Buffers:           47868 kB
Cached:           384492 kB
MemTotal:        1844596 kB
MemFree:         1191700 kB
MemAvailable:    1508052 kB
Buffers:           47868 kB
Cached:           384492 kB
MemTotal:        1844596 kB
MemFree:         1191628 kB
MemAvailable:    1507980 kB
Buffers:           47868 kB
Cached:           384492 kB
MemTotal:        1844596 kB
MemFree:         1191712 kB
MemAvailable:    1508064 kB
Buffers:           47868 kB
Cached:           384492 kB
MemTotal:        1844596 kB
MemFree:         1190276 kB
MemAvailable:    1506628 kB
Buffers:           47868 kB
Cached:           384492 kB
MemTotal:        1844596 kB
MemFree:         1190452 kB
MemAvailable:    1506804 kB
Buffers:           47868 kB
Cached:           384492 kB
MemTotal:        1844596 kB
MemFree:         1190824 kB
MemAvailable:    1507176 kB
Buffers:           47868 kB
Cached:           384492 kB
MemTotal:        1844596 kB
MemFree:         1191776 kB
MemAvailable:    1508128 kB
Buffers:           47868 kB
Cached:           384492 kB
MemTotal:        1844596 kB
MemFree:         1191192 kB
MemAvailable:    1507544 kB
Buffers:           47868 kB
Cached:           384492 kB
MemTotal:        1844596 kB
MemFree:         1191528 kB
MemAvailable:    1507880 kB
Buffers:           47868 kB
Cached:           384492 kB
MemTotal:        1844596 kB
MemFree:         1190960 kB
MemAvailable:    1507312 kB
Buffers:           47868 kB
Cached:           384492 kB
MemTotal:        1844596 kB
MemFree:         1189332 kB
MemAvailable:    1505684 kB
Buffers:           47868 kB
Cached:           384492 kB
MemTotal:        1844596 kB
MemFree:         1190092 kB
MemAvailable:    1506444 kB
Buffers:           47868 kB
Cached:           384492 kB
MemTotal:        1844596 kB
MemFree:         1188844 kB
MemAvailable:    1505196 kB
Buffers:           47868 kB
Cached:           384492 kB
MemTotal:        1844596 kB
MemFree:         1188100 kB
MemAvailable:    1504452 kB
Buffers:           47868 kB
Cached:           384492 kB
MemTotal:        1844596 kB
MemFree:         1187728 kB
MemAvailable:    1504080 kB
Buffers:           47868 kB
Cached:           384492 kB
MemTotal:        1844596 kB
MemFree:         1186860 kB
MemAvailable:    1503212 kB
Buffers:           47868 kB
Cached:           384492 kB
MemTotal:        1844596 kB
MemFree:         1187108 kB
MemAvailable:    1503460 kB
Buffers:           47868 kB
Cached:           384492 kB
MemTotal:        1844596 kB
MemFree:         1186860 kB
MemAvailable:    1503212 kB
Buffers:           47868 kB
Cached:           384492 kB
MemTotal:        1844596 kB
MemFree:         1187704 kB
MemAvailable:    1504056 kB
Buffers:           47868 kB
Cached:           384492 kB
MemTotal:        1844596 kB
MemFree:         1187488 kB
MemAvailable:    1503840 kB
Buffers:           47868 kB
Cached:           384492 kB
MemTotal:        1844596 kB
MemFree:         1187716 kB
MemAvailable:    1504068 kB
Buffers:           47868 kB
Cached:           384492 kB
MemTotal:        1844596 kB
MemFree:         1187972 kB
MemAvailable:    1504324 kB
Buffers:           47868 kB
Cached:           384492 kB
MemTotal:        1844596 kB
MemFree:         1186612 kB
MemAvailable:    1502968 kB
Buffers:           47868 kB
Cached:           384496 kB
MemTotal:        1844596 kB
MemFree:         1186572 kB
MemAvailable:    1502932 kB
Buffers:           47868 kB
Cached:           384500 kB
MemTotal:        1844596 kB
MemFree:         1186440 kB
MemAvailable:    1502800 kB
Buffers:           47868 kB
Cached:           384500 kB
MemTotal:        1844596 kB
MemFree:         1187216 kB
MemAvailable:    1503576 kB
Buffers:           47868 kB
Cached:           384500 kB
MemTotal:        1844596 kB
MemFree:         1186868 kB
MemAvailable:    1503228 kB
Buffers:           47868 kB
Cached:           384500 kB
MemTotal:        1844596 kB
MemFree:         1186928 kB
MemAvailable:    1503288 kB
Buffers:           47868 kB
Cached:           384500 kB
MemTotal:        1844596 kB
MemFree:         1186928 kB
MemAvailable:    1503288 kB
Buffers:           47868 kB
Cached:           384500 kB
MemTotal:        1844596 kB
MemFree:         1179908 kB
MemAvailable:    1496268 kB
Buffers:           47868 kB
Cached:           384500 kB
MemTotal:        1844596 kB
MemFree:         1179992 kB
MemAvailable:    1496352 kB
Buffers:           47868 kB
Cached:           384500 kB
MemTotal:        1844596 kB
MemFree:         1179912 kB
MemAvailable:    1496272 kB
Buffers:           47868 kB
Cached:           384500 kB
MemTotal:        1844596 kB
MemFree:         1179904 kB
MemAvailable:    1496264 kB
Buffers:           47868 kB
Cached:           384500 kB
MemTotal:        1844596 kB
MemFree:         1178492 kB
MemAvailable:    1494852 kB
Buffers:           47868 kB
Cached:           384500 kB
MemTotal:        1844596 kB
MemFree:         1179720 kB
MemAvailable:    1496080 kB
Buffers:           47868 kB
Cached:           384500 kB
MemTotal:        1844596 kB
MemFree:         1179972 kB
MemAvailable:    1496332 kB
Buffers:           47868 kB
Cached:           384500 kB
MemTotal:        1844596 kB
MemFree:         1181272 kB
MemAvailable:    1497632 kB
Buffers:           47868 kB
Cached:           384500 kB
MemTotal:        1844596 kB
MemFree:         1180916 kB
MemAvailable:    1497276 kB
Buffers:           47868 kB
Cached:           384500 kB
MemTotal:        1844596 kB
MemFree:         1180968 kB
MemAvailable:    1497496 kB
Buffers:           47868 kB
Cached:           384624 kB
MemTotal:        1844596 kB
MemFree:         1181220 kB
MemAvailable:    1497748 kB
Buffers:           47868 kB
Cached:           384624 kB
MemTotal:        1844596 kB
MemFree:         1179984 kB
MemAvailable:    1496680 kB
Buffers:           47868 kB
Cached:           384872 kB
MemTotal:        1844596 kB
MemFree:         1180156 kB
MemAvailable:    1497104 kB
Buffers:           47868 kB
Cached:           384996 kB
MemTotal:        1844596 kB
MemFree:         1179376 kB
MemAvailable:    1496324 kB
Buffers:           47868 kB
Cached:           384996 kB
MemTotal:        1844596 kB
MemFree:         1180524 kB
MemAvailable:    1497472 kB
Buffers:           47868 kB
Cached:           385120 kB
MemTotal:        1844596 kB
MemFree:         1179360 kB
MemAvailable:    1496308 kB
Buffers:           47868 kB
Cached:           385120 kB
MemTotal:        1844596 kB
MemFree:         1180524 kB
MemAvailable:    1497472 kB
Buffers:           47868 kB
Cached:           385120 kB
MemTotal:        1844596 kB
MemFree:         1179800 kB
MemAvailable:    1496748 kB
Buffers:           47868 kB
Cached:           385120 kB
MemTotal:        1844596 kB
MemFree:         1180592 kB
MemAvailable:    1497540 kB
Buffers:           47868 kB
Cached:           385120 kB
MemTotal:        1844596 kB
MemFree:         1179676 kB
MemAvailable:    1496624 kB
Buffers:           47868 kB
Cached:           385120 kB
MemTotal:        1844596 kB
MemFree:         1180552 kB
MemAvailable:    1497500 kB
Buffers:           47868 kB
Cached:           385120 kB
MemTotal:        1844596 kB
MemFree:         1180548 kB
MemAvailable:    1497664 kB
Buffers:           47868 kB
Cached:           385244 kB
MemTotal:        1844596 kB
MemFree:         1231972 kB
MemAvailable:    1548416 kB
Buffers:           47868 kB
Cached:           384488 kB
MemTotal:        1844596 kB
MemFree:         1244856 kB
MemAvailable:    1561216 kB
Buffers:           47868 kB
Cached:           384488 kB
