MemTotal:        1844596 kB
MemFree:         1379664 kB
MemAvailable:    1580856 kB
Buffers:           31616 kB
Cached:           287328 kB
MemTotal:        1844596 kB
MemFree:         1352540 kB
MemAvailable:    1553740 kB
Buffers:           31616 kB
Cached:           287332 kB
MemTotal:        1844596 kB
MemFree:         1349176 kB
MemAvailable:    1550376 kB
Buffers:           31616 kB
Cached:           287332 kB
MemTotal:        1844596 kB
MemFree:         1348516 kB
MemAvailable:    1549716 kB
Buffers:           31616 kB
Cached:           287332 kB
MemTotal:        1844596 kB
MemFree:         1348760 kB
MemAvailable:    1549960 kB
Buffers:           31616 kB
Cached:           287332 kB
MemTotal:        1844596 kB
MemFree:         1348680 kB
MemAvailable:    1549880 kB
Buffers:           31616 kB
Cached:           287332 kB
MemTotal:        1844596 kB
MemFree:         1346464 kB
MemAvailable:    1547664 kB
Buffers:           31616 kB
Cached:           287332 kB
MemTotal:        1844596 kB
MemFree:         1344100 kB
MemAvailable:    1545300 kB
Buffers:           31616 kB
Cached:           287332 kB
MemTotal:        1844596 kB
MemFree:         1341628 kB
MemAvailable:    1542828 kB
Buffers:           31616 kB
Cached:           287332 kB
MemTotal:        1844596 kB
MemFree:         1337844 kB
MemAvailable:    1539044 kB
Buffers:           31616 kB
Cached:           287332 kB
MemTotal:        1844596 kB
MemFree:         1337376 kB
MemAvailable:    1538576 kB
Buffers:           31616 kB
Cached:           287332 kB
MemTotal:        1844596 kB
MemFree:         1338880 kB
MemAvailable:    1540080 kB
Buffers:           31616 kB
Cached:           287332 kB
MemTotal:        1844596 kB
MemFree:         1338712 kB
MemAvailable:    1539912 kB
Buffers:           31616 kB
Cached:           287332 kB
MemTotal:        1844596 kB
MemFree:         1338836 kB
MemAvailable:    1540036 kB
Buffers:           31616 kB
Cached:           287332 kB
MemTotal:        1844596 kB
MemFree:         1337404 kB
MemAvailable:    1538604 kB
Buffers:           31616 kB
Cached:           287332 kB
MemTotal:        1844596 kB
MemFree:         1337148 kB
MemAvailable:    1538348 kB
Buffers:           31616 kB
Cached:           287332 kB
MemTotal:        1844596 kB
MemFree:         1337372 kB
MemAvailable:    1538572 kB
Buffers:           31616 kB
Cached:           287332 kB
MemTotal:        1844596 kB
MemFree:         1336356 kB
MemAvailable:    1537556 kB
Buffers:           31616 kB
Cached:           287332 kB
MemTotal:        1844596 kB
MemFree:         1336480 kB
MemAvailable:    1537680 kB
Buffers:           31616 kB
Cached:           287332 kB
MemTotal:        1844596 kB
MemFree:         1334920 kB
MemAvailable:    1536120 kB
Buffers:           31616 kB
Cached:           287332 kB
MemTotal:        1844596 kB
MemFree:         1334912 kB
MemAvailable:    1536112 kB
Buffers:           31616 kB
Cached:           287332 kB
MemTotal:        1844596 kB
MemFree:         1335044 kB
MemAvailable:    1536244 kB
Buffers:           31616 kB
Cached:           287332 kB
MemTotal:        1844596 kB
MemFree:         1336404 kB
MemAvailable:    1537604 kB
Buffers:           31616 kB
Cached:           287332 kB
MemTotal:        1844596 kB
MemFree:         1336292 kB
MemAvailable:    1537492 kB
Buffers:           31616 kB
Cached:           287332 kB
MemTotal:        1844596 kB
MemFree:         1336212 kB
MemAvailable:    1537412 kB
Buffers:           31616 kB
Cached:           287332 kB
MemTotal:        1844596 kB
MemFree:         1335800 kB
MemAvailable:    1537000 kB
Buffers:           31616 kB
Cached:           287332 kB
MemTotal:        1844596 kB
MemFree:         1337580 kB
MemAvailable:    1538780 kB
Buffers:           31616 kB
Cached:           287332 kB
MemTotal:        1844596 kB
MemFree:         1336500 kB
MemAvailable:    1537700 kB
Buffers:           31616 kB
Cached:           287332 kB
MemTotal:        1844596 kB
MemFree:         1336496 kB
MemAvailable:    1537696 kB
Buffers:           31616 kB
Cached:           287332 kB
MemTotal:        1844596 kB
MemFree:         1333692 kB
MemAvailable:    1534892 kB
Buffers:           31616 kB
Cached:           287332 kB
MemTotal:        1844596 kB
MemFree:         1333924 kB
MemAvailable:    1535124 kB
Buffers:           31616 kB
Cached:           287332 kB
MemTotal:        1844596 kB
MemFree:         1333924 kB
MemAvailable:    1535124 kB
Buffers:           31616 kB
Cached:           287332 kB
MemTotal:        1844596 kB
MemFree:         1331948 kB
MemAvailable:    1533148 kB
Buffers:           31616 kB
Cached:           287332 kB
MemTotal:        1844596 kB
MemFree:         1332636 kB
MemAvailable:    1533836 kB
Buffers:           31616 kB
Cached:           287332 kB
MemTotal:        1844596 kB
MemFree:         1332576 kB
MemAvailable:    1533776 kB
Buffers:           31616 kB
Cached:           287332 kB
MemTotal:        1844596 kB
MemFree:         1332388 kB
MemAvailable:    1533588 kB
Buffers:           31616 kB
Cached:           287332 kB
MemTotal:        1844596 kB
MemFree:         1330828 kB
MemAvailable:    1532028 kB
Buffers:           31616 kB
Cached:           287332 kB
MemTotal:        1844596 kB
MemFree:         1330908 kB
MemAvailable:    1532108 kB
Buffers:           31616 kB
Cached:           287332 kB
MemTotal:        1844596 kB
MemFree:         1332112 kB
MemAvailable:    1533312 kB
Buffers:           31616 kB
Cached:           287332 kB
MemTotal:        1844596 kB
MemFree:         1330812 kB
MemAvailable:    1532012 kB
Buffers:           31616 kB
Cached:           287332 kB
MemTotal:        1844596 kB
MemFree:         1331988 kB
MemAvailable:    1533188 kB
Buffers:           31616 kB
Cached:           287332 kB
MemTotal:        1844596 kB
MemFree:         1330592 kB
MemAvailable:    1531792 kB
Buffers:           31616 kB
Cached:           287332 kB
MemTotal:        1844596 kB
MemFree:         1331444 kB
MemAvailable:    1532644 kB
Buffers:           31616 kB
Cached:           287332 kB
MemTotal:        1844596 kB
MemFree:         1329792 kB
MemAvailable:    1530992 kB
Buffers:           31616 kB
Cached:           287332 kB
MemTotal:        1844596 kB
MemFree:         1330076 kB
MemAvailable:    1531276 kB
Buffers:           31616 kB
Cached:           287332 kB
MemTotal:        1844596 kB
MemFree:         1329828 kB
MemAvailable:    1531028 kB
Buffers:           31616 kB
Cached:           287332 kB
MemTotal:        1844596 kB
MemFree:         1329820 kB
MemAvailable:    1531020 kB
Buffers:           31616 kB
Cached:           287332 kB
MemTotal:        1844596 kB
MemFree:         1331248 kB
MemAvailable:    1532448 kB
Buffers:           31616 kB
Cached:           287332 kB
MemTotal:        1844596 kB
MemFree:         1331180 kB
MemAvailable:    1532380 kB
Buffers:           31616 kB
Cached:           287332 kB
MemTotal:        1844596 kB
MemFree:         1329760 kB
MemAvailable:    1530960 kB
Buffers:           31616 kB
Cached:           287332 kB
MemTotal:        1844596 kB
MemFree:         1329812 kB
MemAvailable:    1531012 kB
Buffers:           31616 kB
Cached:           287332 kB
MemTotal:        1844596 kB
MemFree:         1331136 kB
MemAvailable:    1532336 kB
Buffers:           31616 kB
Cached:           287332 kB
MemTotal:        1844596 kB
MemFree:         1329724 kB
MemAvailable:    1530924 kB
Buffers:           31616 kB
Cached:           287332 kB
MemTotal:        1844596 kB
MemFree:         1329592 kB
MemAvailable:    1530792 kB
Buffers:           31616 kB
Cached:           287332 kB
MemTotal:        1844596 kB
MemFree:         1330584 kB
MemAvailable:    1531784 kB
Buffers:           31616 kB
Cached:           287332 kB
MemTotal:        1844596 kB
MemFree:         1330268 kB
MemAvailable:    1531468 kB
Buffers:           31616 kB
Cached:           287332 kB
MemTotal:        1844596 kB
MemFree:         1330520 kB
MemAvailable:    1531720 kB
Buffers:           31616 kB
Cached:           287332 kB
MemTotal:        1844596 kB
MemFree:         1330348 kB
MemAvailable:    1531548 kB
Buffers:           31616 kB
Cached:           287332 kB
MemTotal:        1844596 kB
MemFree:         1329228 kB
MemAvailable:    1530428 kB
Buffers:           31616 kB
Cached:           287332 kB
MemTotal:        1844596 kB
MemFree:         1330152 kB
MemAvailable:    1531352 kB
Buffers:           31616 kB
Cached:           287332 kB
MemTotal:        1844596 kB
MemFree:         1330320 kB
MemAvailable:    1531520 kB
Buffers:           31616 kB
Cached:           287332 kB
MemTotal:        1844596 kB
MemFree:         1328792 kB
MemAvailable:    1529992 kB
Buffers:           31616 kB
Cached:           287332 kB
MemTotal:        1844596 kB
MemFree:         1330192 kB
MemAvailable:    1531392 kB
Buffers:           31616 kB
Cached:           287332 kB
MemTotal:        1844596 kB
MemFree:         1329972 kB
MemAvailable:    1531172 kB
Buffers:           31616 kB
Cached:           287332 kB
MemTotal:        1844596 kB
MemFree:         1329992 kB
MemAvailable:    1531200 kB
Buffers:           31616 kB
Cached:           287340 kB
MemTotal:        1844596 kB
MemFree:         1330164 kB
MemAvailable:    1531372 kB
Buffers:           31616 kB
Cached:           287340 kB
MemTotal:        1844596 kB
MemFree:         1329716 kB
MemAvailable:    1530924 kB
Buffers:           31616 kB
Cached:           287340 kB
MemTotal:        1844596 kB
MemFree:         1328972 kB
MemAvailable:    1530180 kB
Buffers:           31616 kB
Cached:           287340 kB
MemTotal:        1844596 kB
MemFree:         1327616 kB
MemAvailable:    1528824 kB
Buffers:           31616 kB
Cached:           287340 kB
MemTotal:        1844596 kB
MemFree:         1324640 kB
MemAvailable:    1525848 kB
Buffers:           31616 kB
Cached:           287340 kB
MemTotal:        1844596 kB
MemFree:         1322392 kB
MemAvailable:    1523600 kB
Buffers:           31616 kB
Cached:           287340 kB
MemTotal:        1844596 kB
MemFree:         1322716 kB
MemAvailable:    1523924 kB
Buffers:           31616 kB
Cached:           287340 kB
MemTotal:        1844596 kB
MemFree:         1321416 kB
MemAvailable:    1522624 kB
Buffers:           31616 kB
Cached:           287340 kB
MemTotal:        1844596 kB
MemFree:         1322268 kB
MemAvailable:    1523476 kB
Buffers:           31616 kB
Cached:           287340 kB
MemTotal:        1844596 kB
MemFree:         1322152 kB
MemAvailable:    1523360 kB
Buffers:           31624 kB
Cached:           287332 kB
MemTotal:        1844596 kB
MemFree:         1322272 kB
MemAvailable:    1523480 kB
Buffers:           31628 kB
Cached:           287328 kB
MemTotal:        1844596 kB
MemFree:         1320900 kB
MemAvailable:    1522108 kB
Buffers:           31628 kB
Cached:           287328 kB
MemTotal:        1844596 kB
MemFree:         1322076 kB
MemAvailable:    1523284 kB
Buffers:           31628 kB
Cached:           287328 kB
MemTotal:        1844596 kB
MemFree:         1322152 kB
MemAvailable:    1523360 kB
Buffers:           31628 kB
Cached:           287328 kB
MemTotal:        1844596 kB
MemFree:         1322140 kB
MemAvailable:    1523348 kB
Buffers:           31628 kB
Cached:           287328 kB
MemTotal:        1844596 kB
MemFree:         1320892 kB
MemAvailable:    1522100 kB
Buffers:           31628 kB
Cached:           287328 kB
MemTotal:        1844596 kB
MemFree:         1320976 kB
MemAvailable:    1522184 kB
Buffers:           31628 kB
Cached:           287328 kB
MemTotal:        1844596 kB
MemFree:         1322144 kB
MemAvailable:    1523352 kB
Buffers:           31628 kB
Cached:           287328 kB
MemTotal:        1844596 kB
MemFree:         1322036 kB
MemAvailable:    1523244 kB
Buffers:           31628 kB
Cached:           287328 kB
MemTotal:        1844596 kB
MemFree:         1322164 kB
MemAvailable:    1523372 kB
Buffers:           31628 kB
Cached:           287328 kB
MemTotal:        1844596 kB
MemFree:         1320900 kB
MemAvailable:    1522108 kB
Buffers:           31628 kB
Cached:           287328 kB
MemTotal:        1844596 kB
MemFree:         1320672 kB
MemAvailable:    1521880 kB
Buffers:           31628 kB
Cached:           287328 kB
MemTotal:        1844596 kB
MemFree:         1320548 kB
MemAvailable:    1521756 kB
Buffers:           31628 kB
Cached:           287328 kB
MemTotal:        1844596 kB
MemFree:         1321220 kB
MemAvailable:    1522428 kB
Buffers:           31628 kB
Cached:           287328 kB
MemTotal:        1844596 kB
MemFree:         1319556 kB
MemAvailable:    1520764 kB
Buffers:           31628 kB
Cached:           287328 kB
MemTotal:        1844596 kB
MemFree:         1320732 kB
MemAvailable:    1521940 kB
Buffers:           31628 kB
Cached:           287328 kB
MemTotal:        1844596 kB
MemFree:         1320276 kB
MemAvailable:    1521484 kB
Buffers:           31628 kB
Cached:           287328 kB
MemTotal:        1844596 kB
MemFree:         1319556 kB
MemAvailable:    1520764 kB
Buffers:           31628 kB
Cached:           287328 kB
MemTotal:        1844596 kB
MemFree:         1318184 kB
MemAvailable:    1519392 kB
Buffers:           31628 kB
Cached:           287328 kB
MemTotal:        1844596 kB
MemFree:         1319616 kB
MemAvailable:    1520824 kB
Buffers:           31628 kB
Cached:           287328 kB
MemTotal:        1844596 kB
MemFree:         1317944 kB
MemAvailable:    1519152 kB
Buffers:           31628 kB
Cached:           287328 kB
MemTotal:        1844596 kB
MemFree:         1318672 kB
MemAvailable:    1519880 kB
Buffers:           31628 kB
Cached:           287328 kB
MemTotal:        1844596 kB
MemFree:         1318440 kB
MemAvailable:    1519648 kB
Buffers:           31628 kB
Cached:           287328 kB
MemTotal:        1844596 kB
MemFree:         1318736 kB
MemAvailable:    1519944 kB
Buffers:           31628 kB
Cached:           287328 kB
MemTotal:        1844596 kB
MemFree:         1317696 kB
MemAvailable:    1518904 kB
Buffers:           31628 kB
Cached:           287328 kB
MemTotal:        1844596 kB
MemFree:         1317440 kB
MemAvailable:    1518652 kB
Buffers:           31628 kB
Cached:           287332 kB
MemTotal:        1844596 kB
MemFree:         1317448 kB
MemAvailable:    1518660 kB
Buffers:           31628 kB
Cached:           287332 kB
MemTotal:        1844596 kB
MemFree:         1317448 kB
MemAvailable:    1518660 kB
Buffers:           31628 kB
Cached:           287332 kB
MemTotal:        1844596 kB
MemFree:         1318424 kB
MemAvailable:    1519636 kB
Buffers:           31628 kB
Cached:           287332 kB
MemTotal:        1844596 kB
MemFree:         1318068 kB
MemAvailable:    1519280 kB
Buffers:           31628 kB
Cached:           287332 kB
MemTotal:        1844596 kB
MemFree:         1317020 kB
MemAvailable:    1518232 kB
Buffers:           31628 kB
Cached:           287332 kB
MemTotal:        1844596 kB
MemFree:         1318320 kB
MemAvailable:    1519532 kB
Buffers:           31628 kB
Cached:           287332 kB
MemTotal:        1844596 kB
MemFree:         1317928 kB
MemAvailable:    1519140 kB
Buffers:           31628 kB
Cached:           287332 kB
MemTotal:        1844596 kB
MemFree:         1317572 kB
MemAvailable:    1518784 kB
Buffers:           31628 kB
Cached:           287332 kB
MemTotal:        1844596 kB
MemFree:         1314968 kB
MemAvailable:    1516180 kB
Buffers:           31628 kB
Cached:           287332 kB
MemTotal:        1844596 kB
MemFree:         1310564 kB
MemAvailable:    1511776 kB
Buffers:           31628 kB
Cached:           287332 kB
MemTotal:        1844596 kB
MemFree:         1309256 kB
MemAvailable:    1510468 kB
Buffers:           31628 kB
Cached:           287332 kB
MemTotal:        1844596 kB
MemFree:         1310432 kB
MemAvailable:    1511644 kB
Buffers:           31628 kB
Cached:           287332 kB
MemTotal:        1844596 kB
MemFree:         1310552 kB
MemAvailable:    1511764 kB
Buffers:           31628 kB
Cached:           287332 kB
MemTotal:        1844596 kB
MemFree:         1310444 kB
MemAvailable:    1511656 kB
Buffers:           31628 kB
Cached:           287332 kB
MemTotal:        1844596 kB
MemFree:         1310356 kB
MemAvailable:    1511568 kB
Buffers:           31628 kB
Cached:           287332 kB
MemTotal:        1844596 kB
MemFree:         1312568 kB
MemAvailable:    1513780 kB
Buffers:           31628 kB
Cached:           287332 kB
MemTotal:        1844596 kB
MemFree:         1312176 kB
MemAvailable:    1513388 kB
Buffers:           31628 kB
Cached:           287332 kB
MemTotal:        1844596 kB
MemFree:         1310752 kB
MemAvailable:    1512048 kB
Buffers:           31628 kB
Cached:           287456 kB
MemTotal:        1844596 kB
MemFree:         1311548 kB
MemAvailable:    1512928 kB
Buffers:           31628 kB
Cached:           287580 kB
MemTotal:        1844596 kB
MemFree:         1311884 kB
MemAvailable:    1513264 kB
Buffers:           31628 kB
Cached:           287580 kB
MemTotal:        1844596 kB
MemFree:         1310316 kB
MemAvailable:    1511864 kB
Buffers:           31628 kB
Cached:           287828 kB
MemTotal:        1844596 kB
MemFree:         1311616 kB
MemAvailable:    1513332 kB
Buffers:           31628 kB
Cached:           287952 kB
MemTotal:        1844596 kB
MemFree:         1311556 kB
MemAvailable:    1513356 kB
Buffers:           31628 kB
Cached:           287952 kB
MemTotal:        1844596 kB
MemFree:         1310380 kB
MemAvailable:    1512180 kB
Buffers:           31628 kB
Cached:           287952 kB
MemTotal:        1844596 kB
MemFree:         1311112 kB
MemAvailable:    1512912 kB
Buffers:           31628 kB
Cached:           287952 kB
MemTotal:        1844596 kB
MemFree:         1309996 kB
MemAvailable:    1511796 kB
Buffers:           31628 kB
Cached:           287952 kB
MemTotal:        1844596 kB
MemFree:         1311220 kB
MemAvailable:    1513020 kB
Buffers:           31628 kB
Cached:           287952 kB
MemTotal:        1844596 kB
MemFree:         1309856 kB
MemAvailable:    1511656 kB
Buffers:           31628 kB
Cached:           287952 kB
MemTotal:        1844596 kB
MemFree:         1311164 kB
MemAvailable:    1512964 kB
Buffers:           31628 kB
Cached:           287952 kB
MemTotal:        1844596 kB
MemFree:         1311172 kB
MemAvailable:    1512972 kB
Buffers:           31628 kB
Cached:           287952 kB
MemTotal:        1844596 kB
MemFree:         1311340 kB
MemAvailable:    1513140 kB
Buffers:           31628 kB
Cached:           287952 kB
MemTotal:        1844596 kB
MemFree:         1309860 kB
MemAvailable:    1511072 kB
Buffers:           31628 kB
Cached:           287404 kB
MemTotal:        1844596 kB
MemFree:         1379504 kB
MemAvailable:    1580716 kB
Buffers:           31628 kB
Cached:           287404 kB
