MemTotal:        1844596 kB
MemFree:         1196512 kB
MemAvailable:    1563052 kB
Buffers:           53896 kB
Cached:           424788 kB
MemTotal:        1844596 kB
MemFree:         1171100 kB
MemAvailable:    1537644 kB
Buffers:           53896 kB
Cached:           424792 kB
MemTotal:        1844596 kB
MemFree:         1167504 kB
MemAvailable:    1534048 kB
Buffers:           53896 kB
Cached:           424792 kB
MemTotal:        1844596 kB
MemFree:         1166628 kB
MemAvailable:    1533172 kB
Buffers:           53896 kB
Cached:           424792 kB
MemTotal:        1844596 kB
MemFree:         1166272 kB
MemAvailable:    1532816 kB
Buffers:           53896 kB
Cached:           424792 kB
MemTotal:        1844596 kB
MemFree:         1165132 kB
MemAvailable:    1531676 kB
Buffers:           53896 kB
Cached:           424792 kB
MemTotal:        1844596 kB
MemFree:         1165468 kB
MemAvailable:    1532012 kB
Buffers:           53896 kB
Cached:           424792 kB
MemTotal:        1844596 kB
MemFree:         1161984 kB
MemAvailable:    1528528 kB
Buffers:           53896 kB
Cached:           424792 kB
MemTotal:        1844596 kB
MemFree:         1160052 kB
MemAvailable:    1526596 kB
Buffers:           53896 kB
Cached:           424792 kB
MemTotal:        1844596 kB
MemFree:         1158956 kB
MemAvailable:    1525500 kB
Buffers:           53896 kB
Cached:           424792 kB
MemTotal:        1844596 kB
MemFree:         1154368 kB
MemAvailable:    1520912 kB
Buffers:           53896 kB
Cached:           424792 kB
MemTotal:        1844596 kB
MemFree:         1154084 kB
MemAvailable:    1520628 kB
Buffers:           53896 kB
Cached:           424792 kB
MemTotal:        1844596 kB
MemFree:         1154244 kB
MemAvailable:    1520788 kB
Buffers:           53896 kB
Cached:           424792 kB
MemTotal:        1844596 kB
MemFree:         1154112 kB
MemAvailable:    1520656 kB
Buffers:           53896 kB
Cached:           424792 kB
MemTotal:        1844596 kB
MemFree:         1155228 kB
MemAvailable:    1521772 kB
Buffers:           53896 kB
Cached:           424792 kB
MemTotal:        1844596 kB
MemFree:         1153808 kB
MemAvailable:    1520352 kB
Buffers:           53896 kB
Cached:           424792 kB
MemTotal:        1844596 kB
MemFree:         1153376 kB
MemAvailable:    1519920 kB
Buffers:           53896 kB
Cached:           424792 kB
MemTotal:        1844596 kB
MemFree:         1152500 kB
MemAvailable:    1519044 kB
Buffers:           53896 kB
Cached:           424792 kB
MemTotal:        1844596 kB
MemFree:         1151756 kB
MemAvailable:    1518300 kB
Buffers:           53896 kB
Cached:           424792 kB
MemTotal:        1844596 kB
MemFree:         1153056 kB
MemAvailable:    1519600 kB
Buffers:           53896 kB
Cached:           424792 kB
MemTotal:        1844596 kB
MemFree:         1151708 kB
MemAvailable:    1518252 kB
Buffers:           53896 kB
Cached:           424792 kB
MemTotal:        1844596 kB
MemFree:         1151584 kB
MemAvailable:    1518128 kB
Buffers:           53896 kB
Cached:           424792 kB
MemTotal:        1844596 kB
MemFree:         1152948 kB
MemAvailable:    1519492 kB
Buffers:           53896 kB
Cached:           424792 kB
MemTotal:        1844596 kB
MemFree:         1152940 kB
MemAvailable:    1519484 kB
Buffers:           53896 kB
Cached:           424792 kB
MemTotal:        1844596 kB
MemFree:         1151620 kB
MemAvailable:    1518164 kB
Buffers:           53896 kB
Cached:           424792 kB
MemTotal:        1844596 kB
MemFree:         1151620 kB
MemAvailable:    1518164 kB
Buffers:           53896 kB
Cached:           424792 kB
MemTotal:        1844596 kB
MemFree:         1152916 kB
MemAvailable:    1519460 kB
Buffers:           53896 kB
Cached:           424792 kB
MemTotal:        1844596 kB
MemFree:         1152632 kB
MemAvailable:    1519176 kB
Buffers:           53896 kB
Cached:           424792 kB
MemTotal:        1844596 kB
MemFree:         1150648 kB
MemAvailable:    1517192 kB
Buffers:           53896 kB
Cached:           424792 kB
MemTotal:        1844596 kB
MemFree:         1149524 kB
MemAvailable:    1516068 kB
Buffers:           53896 kB
Cached:           424792 kB
MemTotal:        1844596 kB
MemFree:         1150588 kB
MemAvailable:    1517132 kB
Buffers:           53896 kB
Cached:           424792 kB
MemTotal:        1844596 kB
MemFree:         1149964 kB
MemAvailable:    1516508 kB
Buffers:           53896 kB
Cached:           424792 kB
MemTotal:        1844596 kB
MemFree:         1149840 kB
MemAvailable:    1516384 kB
Buffers:           53896 kB
Cached:           424792 kB
MemTotal:        1844596 kB
MemFree:         1148044 kB
MemAvailable:    1514588 kB
Buffers:           53896 kB
Cached:           424792 kB
MemTotal:        1844596 kB
MemFree:         1149224 kB
MemAvailable:    1515768 kB
Buffers:           53896 kB
Cached:           424792 kB
MemTotal:        1844596 kB
MemFree:         1148840 kB
MemAvailable:    1515384 kB
Buffers:           53896 kB
Cached:           424792 kB
MemTotal:        1844596 kB
MemFree:         1148668 kB
MemAvailable:    1515212 kB
Buffers:           53896 kB
Cached:           424792 kB
MemTotal:        1844596 kB
MemFree:         1148956 kB
MemAvailable:    1515500 kB
Buffers:           53896 kB
Cached:           424792 kB
MemTotal:        1844596 kB
MemFree:         1148656 kB
MemAvailable:    1515200 kB
Buffers:           53896 kB
Cached:           424792 kB
MemTotal:        1844596 kB
MemFree:         1148400 kB
MemAvailable:    1514944 kB
Buffers:           53896 kB
Cached:           424792 kB
MemTotal:        1844596 kB
MemFree:         1148396 kB
MemAvailable:    1514940 kB
Buffers:           53896 kB
Cached:           424792 kB
MemTotal:        1844596 kB
MemFree:         1148160 kB
MemAvailable:    1514704 kB
Buffers:           53896 kB
Cached:           424792 kB
MemTotal:        1844596 kB
MemFree:         1146416 kB
MemAvailable:    1512960 kB
Buffers:           53896 kB
Cached:           424792 kB
MemTotal:        1844596 kB
MemFree:         1147796 kB
MemAvailable:    1514340 kB
Buffers:           53896 kB
Cached:           424792 kB
MemTotal:        1844596 kB
MemFree:         1147724 kB
MemAvailable:    1514268 kB
Buffers:           53896 kB
Cached:           424792 kB
MemTotal:        1844596 kB
MemFree:         1147476 kB
MemAvailable:    1514020 kB
Buffers:           53896 kB
Cached:           424792 kB
MemTotal:        1844596 kB
MemFree:         1147300 kB
MemAvailable:    1513844 kB
Buffers:           53896 kB
Cached:           424792 kB
MemTotal:        1844596 kB
MemFree:         1147552 kB
MemAvailable:    1514096 kB
Buffers:           53896 kB
Cached:           424792 kB
MemTotal:        1844596 kB
MemFree:         1146544 kB
MemAvailable:    1513088 kB
Buffers:           53896 kB
Cached:           424792 kB
MemTotal:        1844596 kB
MemFree:         1146372 kB
MemAvailable:    1512916 kB
Buffers:           53896 kB
Cached:           424792 kB
MemTotal:        1844596 kB
MemFree:         1147668 kB
MemAvailable:    1514212 kB
Buffers:           53896 kB
Cached:           424792 kB
MemTotal:        1844596 kB
MemFree:         1146432 kB
MemAvailable:    1512976 kB
Buffers:           53896 kB
Cached:           424792 kB
MemTotal:        1844596 kB
MemFree:         1147608 kB
MemAvailable:    1514152 kB
Buffers:           53896 kB
Cached:           424792 kB
MemTotal:        1844596 kB
MemFree:         1145796 kB
MemAvailable:    1512340 kB
Buffers:           53896 kB
Cached:           424792 kB
MemTotal:        1844596 kB
MemFree:         1147112 kB
MemAvailable:    1513656 kB
Buffers:           53896 kB
Cached:           424792 kB
MemTotal:        1844596 kB
MemFree:         1146688 kB
MemAvailable:    1513232 kB
Buffers:           53896 kB
Cached:           424792 kB
MemTotal:        1844596 kB
MemFree:         1147044 kB
MemAvailable:    1513592 kB
Buffers:           53896 kB
Cached:           424796 kB
MemTotal:        1844596 kB
MemFree:         1145548 kB
MemAvailable:    1512096 kB
Buffers:           53896 kB
Cached:           424796 kB
MemTotal:        1844596 kB
MemFree:         1145556 kB
MemAvailable:    1512104 kB
Buffers:           53896 kB
Cached:           424796 kB
MemTotal:        1844596 kB
MemFree:         1146924 kB
MemAvailable:    1513472 kB
Buffers:           53896 kB
Cached:           424796 kB
MemTotal:        1844596 kB
MemFree:         1145640 kB
MemAvailable:    1512188 kB
Buffers:           53896 kB
Cached:           424796 kB
MemTotal:        1844596 kB
MemFree:         1146988 kB
MemAvailable:    1513536 kB
Buffers:           53896 kB
Cached:           424796 kB
MemTotal:        1844596 kB
MemFree:         1146688 kB
MemAvailable:    1513236 kB
Buffers:           53896 kB
Cached:           424796 kB
MemTotal:        1844596 kB
MemFree:         1145632 kB
MemAvailable:    1512180 kB
Buffers:           53896 kB
Cached:           424796 kB
MemTotal:        1844596 kB
MemFree:         1146864 kB
MemAvailable:    1513412 kB
Buffers:           53896 kB
Cached:           424796 kB
MemTotal:        1844596 kB
MemFree:         1145936 kB
MemAvailable:    1512484 kB
Buffers:           53896 kB
Cached:           424796 kB
MemTotal:        1844596 kB
MemFree:         1143448 kB
MemAvailable:    1509996 kB
Buffers:           53896 kB
Cached:           424796 kB
MemTotal:        1844596 kB
MemFree:         1141216 kB
MemAvailable:    1507764 kB
Buffers:           53896 kB
Cached:           424796 kB
MemTotal:        1844596 kB
MemFree:         1138488 kB
MemAvailable:    1505036 kB
Buffers:           53896 kB
Cached:           424796 kB
MemTotal:        1844596 kB
MemFree:         1138116 kB
MemAvailable:    1504664 kB
Buffers:           53896 kB
Cached:           424796 kB
MemTotal:        1844596 kB
MemFree:         1138992 kB
MemAvailable:    1505540 kB
Buffers:           53896 kB
Cached:           424796 kB
MemTotal:        1844596 kB
MemFree:         1138984 kB
MemAvailable:    1505532 kB
Buffers:           53896 kB
Cached:           424796 kB
MemTotal:        1844596 kB
MemFree:         1138852 kB
MemAvailable:    1505400 kB
Buffers:           53896 kB
Cached:           424796 kB
MemTotal:        1844596 kB
MemFree:         1138000 kB
MemAvailable:    1504548 kB
Buffers:           53896 kB
Cached:           424796 kB
MemTotal:        1844596 kB
MemFree:         1138916 kB
MemAvailable:    1505464 kB
Buffers:           53896 kB
Cached:           424796 kB
MemTotal:        1844596 kB
MemFree:         1137484 kB
MemAvailable:    1504032 kB
Buffers:           53896 kB
Cached:           424796 kB
MemTotal:        1844596 kB
MemFree:         1138868 kB
MemAvailable:    1505416 kB
Buffers:           53896 kB
Cached:           424796 kB
MemTotal:        1844596 kB
MemFree:         1138776 kB
MemAvailable:    1505324 kB
Buffers:           53896 kB
Cached:           424796 kB
MemTotal:        1844596 kB
MemFree:         1138804 kB
MemAvailable:    1505352 kB
Buffers:           53896 kB
Cached:           424796 kB
MemTotal:        1844596 kB
MemFree:         1137628 kB
MemAvailable:    1504176 kB
Buffers:           53896 kB
Cached:           424796 kB
MemTotal:        1844596 kB
MemFree:         1138596 kB
MemAvailable:    1505144 kB
Buffers:           53896 kB
Cached:           424796 kB
MemTotal:        1844596 kB
MemFree:         1138932 kB
MemAvailable:    1505480 kB
Buffers:           53896 kB
Cached:           424796 kB
MemTotal:        1844596 kB
MemFree:         1137564 kB
MemAvailable:    1504112 kB
Buffers:           53896 kB
Cached:           424796 kB
MemTotal:        1844596 kB
MemFree:         1137256 kB
MemAvailable:    1503804 kB
Buffers:           53896 kB
Cached:           424796 kB
MemTotal:        1844596 kB
MemFree:         1137728 kB
MemAvailable:    1504276 kB
Buffers:           53896 kB
Cached:           424796 kB
MemTotal:        1844596 kB
MemFree:         1137620 kB
MemAvailable:    1504168 kB
Buffers:           53896 kB
Cached:           424796 kB
MemTotal:        1844596 kB
MemFree:         1137440 kB
MemAvailable:    1503988 kB
Buffers:           53896 kB
Cached:           424796 kB
MemTotal:        1844596 kB
MemFree:         1136060 kB
MemAvailable:    1502608 kB
Buffers:           53896 kB
Cached:           424796 kB
MemTotal:        1844596 kB
MemFree:         1137176 kB
MemAvailable:    1503724 kB
Buffers:           53896 kB
Cached:           424796 kB
MemTotal:        1844596 kB
MemFree:         1135760 kB
MemAvailable:    1502308 kB
Buffers:           53896 kB
Cached:           424796 kB
MemTotal:        1844596 kB
MemFree:         1134644 kB
MemAvailable:    1501196 kB
Buffers:           53896 kB
Cached:           424800 kB
MemTotal:        1844596 kB
MemFree:         1135928 kB
MemAvailable:    1502480 kB
Buffers:           53896 kB
Cached:           424800 kB
MemTotal:        1844596 kB
MemFree:         1135940 kB
MemAvailable:    1502492 kB
Buffers:           53896 kB
Cached:           424800 kB
MemTotal:        1844596 kB
MemFree:         1135216 kB
MemAvailable:    1501768 kB
Buffers:           53896 kB
Cached:           424800 kB
MemTotal:        1844596 kB
MemFree:         1134528 kB
MemAvailable:    1501080 kB
Buffers:           53896 kB
Cached:           424800 kB
MemTotal:        1844596 kB
MemFree:         1135120 kB
MemAvailable:    1501672 kB
Buffers:           53896 kB
Cached:           424800 kB
MemTotal:        1844596 kB
MemFree:         1135372 kB
MemAvailable:    1501924 kB
Buffers:           53896 kB
Cached:           424800 kB
MemTotal:        1844596 kB
MemFree:         1134952 kB
MemAvailable:    1501504 kB
Buffers:           53896 kB
Cached:           424800 kB
MemTotal:        1844596 kB
MemFree:         1135024 kB
MemAvailable:    1501576 kB
Buffers:           53896 kB
Cached:           424800 kB
MemTotal:        1844596 kB
MemFree:         1134872 kB
MemAvailable:    1501424 kB
Buffers:           53896 kB
Cached:           424800 kB
MemTotal:        1844596 kB
MemFree:         1135024 kB
MemAvailable:    1501576 kB
Buffers:           53896 kB
Cached:           424800 kB
MemTotal:        1844596 kB
MemFree:         1134964 kB
MemAvailable:    1501516 kB
Buffers:           53896 kB
Cached:           424800 kB
MemTotal:        1844596 kB
MemFree:         1135132 kB
MemAvailable:    1501684 kB
Buffers:           53896 kB
Cached:           424800 kB
MemTotal:        1844596 kB
MemFree:         1134828 kB
MemAvailable:    1501380 kB
Buffers:           53896 kB
Cached:           424800 kB
MemTotal:        1844596 kB
MemFree:         1133728 kB
MemAvailable:    1500280 kB
Buffers:           53896 kB
Cached:           424800 kB
MemTotal:        1844596 kB
MemFree:         1134572 kB
MemAvailable:    1501124 kB
Buffers:           53896 kB
Cached:           424800 kB
MemTotal:        1844596 kB
MemFree:         1134636 kB
MemAvailable:    1501188 kB
Buffers:           53896 kB
Cached:           424800 kB
MemTotal:        1844596 kB
MemFree:         1126088 kB
MemAvailable:    1492640 kB
Buffers:           53896 kB
Cached:           424800 kB
MemTotal:        1844596 kB
MemFree:         1127336 kB
MemAvailable:    1493888 kB
Buffers:           53896 kB
Cached:           424800 kB
MemTotal:        1844596 kB
MemFree:         1127272 kB
MemAvailable:    1493824 kB
Buffers:           53896 kB
Cached:           424800 kB
MemTotal:        1844596 kB
MemFree:         1125716 kB
MemAvailable:    1492268 kB
Buffers:           53896 kB
Cached:           424800 kB
MemTotal:        1844596 kB
MemFree:         1125708 kB
MemAvailable:    1492260 kB
Buffers:           53896 kB
Cached:           424800 kB
MemTotal:        1844596 kB
MemFree:         1126992 kB
MemAvailable:    1493544 kB
Buffers:           53896 kB
Cached:           424800 kB
MemTotal:        1844596 kB
MemFree:         1127708 kB
MemAvailable:    1494260 kB
Buffers:           53896 kB
Cached:           424800 kB
MemTotal:        1844596 kB
MemFree:         1128636 kB
MemAvailable:    1495272 kB
Buffers:           53896 kB
Cached:           424924 kB
MemTotal:        1844596 kB
MemFree:         1128304 kB
MemAvailable:    1495108 kB
Buffers:           53896 kB
Cached:           425048 kB
MemTotal:        1844596 kB
MemFree:         1127832 kB
MemAvailable:    1494636 kB
Buffers:           53896 kB
Cached:           425048 kB
MemTotal:        1844596 kB
MemFree:         1128124 kB
MemAvailable:    1495012 kB
Buffers:           53896 kB
Cached:           425172 kB
MemTotal:        1844596 kB
MemFree:         1126824 kB
MemAvailable:    1493880 kB
Buffers:           53896 kB
Cached:           425296 kB
MemTotal:        1844596 kB
MemFree:         1126708 kB
MemAvailable:    1493848 kB
Buffers:           53896 kB
Cached:           425420 kB
MemTotal:        1844596 kB
MemFree:         1126584 kB
MemAvailable:    1493808 kB
Buffers:           53896 kB
Cached:           425420 kB
MemTotal:        1844596 kB
MemFree:         1127636 kB
MemAvailable:    1494860 kB
Buffers:           53896 kB
Cached:           425420 kB
MemTotal:        1844596 kB
MemFree:         1127888 kB
MemAvailable:    1495112 kB
Buffers:           53896 kB
Cached:           425420 kB
MemTotal:        1844596 kB
MemFree:         1127956 kB
MemAvailable:    1495180 kB
Buffers:           53896 kB
Cached:           425420 kB
MemTotal:        1844596 kB
MemFree:         1126840 kB
MemAvailable:    1494064 kB
Buffers:           53896 kB
Cached:           425420 kB
MemTotal:        1844596 kB
MemFree:         1126344 kB
MemAvailable:    1493584 kB
Buffers:           53896 kB
Cached:           425484 kB
MemTotal:        1844596 kB
MemFree:         1127708 kB
MemAvailable:    1494948 kB
Buffers:           53896 kB
Cached:           425484 kB
MemTotal:        1844596 kB
MemFree:         1126296 kB
MemAvailable:    1493592 kB
Buffers:           53896 kB
Cached:           425544 kB
MemTotal:        1844596 kB
MemFree:         1194668 kB
MemAvailable:    1561292 kB
Buffers:           53896 kB
Cached:           424828 kB
MemTotal:        1844596 kB
MemFree:         1195140 kB
MemAvailable:    1561764 kB
Buffers:           53896 kB
Cached:           424828 kB
