MemTotal:        1844596 kB
MemFree:         1453176 kB
MemAvailable:    1595792 kB
Buffers:           22552 kB
Cached:           233008 kB
MemTotal:        1844596 kB
MemFree:         1428896 kB
MemAvailable:    1571516 kB
Buffers:           22552 kB
Cached:           233012 kB
MemTotal:        1844596 kB
MemFree:         1425756 kB
MemAvailable:    1568376 kB
Buffers:           22552 kB
Cached:           233012 kB
MemTotal:        1844596 kB
MemFree:         1423928 kB
MemAvailable:    1566548 kB
Buffers:           22552 kB
Cached:           233012 kB
MemTotal:        1844596 kB
MemFree:         1423360 kB
MemAvailable:    1565980 kB
Buffers:           22552 kB
Cached:           233012 kB
MemTotal:        1844596 kB
MemFree:         1422260 kB
MemAvailable:    1564880 kB
Buffers:           22552 kB
Cached:           233012 kB
MemTotal:        1844596 kB
MemFree:         1422124 kB
MemAvailable:    1564744 kB
Buffers:           22552 kB
Cached:           233012 kB
MemTotal:        1844596 kB
MemFree:         1422208 kB
MemAvailable:    1564828 kB
Buffers:           22552 kB
Cached:           233012 kB
MemTotal:        1844596 kB
MemFree:         1420520 kB
MemAvailable:    1563140 kB
Buffers:           22552 kB
Cached:           233012 kB
MemTotal:        1844596 kB
MemFree:         1420440 kB
MemAvailable:    1563060 kB
Buffers:           22552 kB
Cached:           233012 kB
MemTotal:        1844596 kB
MemFree:         1417820 kB
MemAvailable:    1560440 kB
Buffers:           22552 kB
Cached:           233012 kB
MemTotal:        1844596 kB
MemFree:         1415388 kB
MemAvailable:    1558008 kB
Buffers:           22552 kB
Cached:           233012 kB
MemTotal:        1844596 kB
MemFree:         1411148 kB
MemAvailable:    1553768 kB
Buffers:           22552 kB
Cached:           233012 kB
MemTotal:        1844596 kB
MemFree:         1411232 kB
MemAvailable:    1553852 kB
Buffers:           22552 kB
Cached:           233012 kB
MemTotal:        1844596 kB
MemFree:         1411084 kB
MemAvailable:    1553704 kB
Buffers:           22552 kB
Cached:           233012 kB
MemTotal:        1844596 kB
MemFree:         1411208 kB
MemAvailable:    1553828 kB
Buffers:           22552 kB
Cached:           233012 kB
MemTotal:        1844596 kB
MemFree:         1412256 kB
MemAvailable:    1554876 kB
Buffers:           22552 kB
Cached:           233012 kB
MemTotal:        1844596 kB
MemFree:         1411208 kB
MemAvailable:    1553828 kB
Buffers:           22552 kB
Cached:           233012 kB
MemTotal:        1844596 kB
MemFree:         1412104 kB
MemAvailable:    1554724 kB
Buffers:           22552 kB
Cached:           233012 kB
MemTotal:        1844596 kB
MemFree:         1411972 kB
MemAvailable:    1554592 kB
Buffers:           22552 kB
Cached:           233012 kB
MemTotal:        1844596 kB
MemFree:         1411904 kB
MemAvailable:    1554524 kB
Buffers:           22552 kB
Cached:           233012 kB
MemTotal:        1844596 kB
MemFree:         1409784 kB
MemAvailable:    1552404 kB
Buffers:           22552 kB
Cached:           233012 kB
MemTotal:        1844596 kB
MemFree:         1410536 kB
MemAvailable:    1553156 kB
Buffers:           22552 kB
Cached:           233012 kB
MemTotal:        1844596 kB
MemFree:         1408932 kB
MemAvailable:    1551552 kB
Buffers:           22552 kB
Cached:           233012 kB
MemTotal:        1844596 kB
MemFree:         1409980 kB
MemAvailable:    1552600 kB
Buffers:           22552 kB
Cached:           233012 kB
MemTotal:        1844596 kB
MemFree:         1409676 kB
MemAvailable:    1552296 kB
Buffers:           22552 kB
Cached:           233012 kB
MemTotal:        1844596 kB
MemFree:         1409792 kB
MemAvailable:    1552412 kB
Buffers:           22552 kB
Cached:           233012 kB
MemTotal:        1844596 kB
MemFree:         1409520 kB
MemAvailable:    1552140 kB
Buffers:           22552 kB
Cached:           233012 kB
MemTotal:        1844596 kB
MemFree:         1409772 kB
MemAvailable:    1552392 kB
Buffers:           22552 kB
Cached:           233012 kB
MemTotal:        1844596 kB
MemFree:         1409472 kB
MemAvailable:    1552092 kB
Buffers:           22552 kB
Cached:           233012 kB
MemTotal:        1844596 kB
MemFree:         1409640 kB
MemAvailable:    1552260 kB
Buffers:           22552 kB
Cached:           233012 kB
MemTotal:        1844596 kB
MemFree:         1409480 kB
MemAvailable:    1552100 kB
Buffers:           22552 kB
Cached:           233012 kB
MemTotal:        1844596 kB
MemFree:         1410992 kB
MemAvailable:    1553612 kB
Buffers:           22552 kB
Cached:           233012 kB
MemTotal:        1844596 kB
MemFree:         1411040 kB
MemAvailable:    1553660 kB
Buffers:           22552 kB
Cached:           233012 kB
MemTotal:        1844596 kB
MemFree:         1410296 kB
MemAvailable:    1552916 kB
Buffers:           22552 kB
Cached:           233012 kB
MemTotal:        1844596 kB
MemFree:         1409792 kB
MemAvailable:    1552412 kB
Buffers:           22552 kB
Cached:           233012 kB
MemTotal:        1844596 kB
MemFree:         1408188 kB
MemAvailable:    1550808 kB
Buffers:           22552 kB
Cached:           233012 kB
MemTotal:        1844596 kB
MemFree:         1407420 kB
MemAvailable:    1550040 kB
Buffers:           22552 kB
Cached:           233012 kB
MemTotal:        1844596 kB
MemFree:         1407188 kB
MemAvailable:    1549808 kB
Buffers:           22552 kB
Cached:           233012 kB
MemTotal:        1844596 kB
MemFree:         1407132 kB
MemAvailable:    1549752 kB
Buffers:           22552 kB
Cached:           233012 kB
MemTotal:        1844596 kB
MemFree:         1405708 kB
MemAvailable:    1548328 kB
Buffers:           22552 kB
Cached:           233012 kB
MemTotal:        1844596 kB
MemFree:         1406520 kB
MemAvailable:    1549140 kB
Buffers:           22552 kB
Cached:           233012 kB
MemTotal:        1844596 kB
MemFree:         1406264 kB
MemAvailable:    1548884 kB
Buffers:           22552 kB
Cached:           233012 kB
MemTotal:        1844596 kB
MemFree:         1405088 kB
MemAvailable:    1547708 kB
Buffers:           22552 kB
Cached:           233012 kB
MemTotal:        1844596 kB
MemFree:         1405832 kB
MemAvailable:    1548456 kB
Buffers:           22552 kB
Cached:           233016 kB
MemTotal:        1844596 kB
MemFree:         1405708 kB
MemAvailable:    1548332 kB
Buffers:           22552 kB
Cached:           233016 kB
MemTotal:        1844596 kB
MemFree:         1404336 kB
MemAvailable:    1546960 kB
Buffers:           22552 kB
Cached:           233016 kB
MemTotal:        1844596 kB
MemFree:         1404592 kB
MemAvailable:    1547216 kB
Buffers:           22552 kB
Cached:           233016 kB
MemTotal:        1844596 kB
MemFree:         1405568 kB
MemAvailable:    1548192 kB
Buffers:           22552 kB
Cached:           233016 kB
MemTotal:        1844596 kB
MemFree:         1405336 kB
MemAvailable:    1547960 kB
Buffers:           22552 kB
Cached:           233016 kB
MemTotal:        1844596 kB
MemFree:         1405204 kB
MemAvailable:    1547828 kB
Buffers:           22552 kB
Cached:           233016 kB
MemTotal:        1844596 kB
MemFree:         1405404 kB
MemAvailable:    1548028 kB
Buffers:           22552 kB
Cached:           233016 kB
MemTotal:        1844596 kB
MemFree:         1404824 kB
MemAvailable:    1547448 kB
Buffers:           22552 kB
Cached:           233016 kB
MemTotal:        1844596 kB
MemFree:         1403972 kB
MemAvailable:    1546596 kB
Buffers:           22552 kB
Cached:           233016 kB
MemTotal:        1844596 kB
MemFree:         1404592 kB
MemAvailable:    1547216 kB
Buffers:           22552 kB
Cached:           233016 kB
MemTotal:        1844596 kB
MemFree:         1403336 kB
MemAvailable:    1545960 kB
Buffers:           22552 kB
Cached:           233016 kB
MemTotal:        1844596 kB
MemFree:         1404524 kB
MemAvailable:    1547148 kB
Buffers:           22552 kB
Cached:           233016 kB
MemTotal:        1844596 kB
MemFree:         1404716 kB
MemAvailable:    1547340 kB
Buffers:           22552 kB
Cached:           233016 kB
MemTotal:        1844596 kB
MemFree:         1404572 kB
MemAvailable:    1547196 kB
Buffers:           22552 kB
Cached:           233016 kB
MemTotal:        1844596 kB
MemFree:         1404520 kB
MemAvailable:    1547144 kB
Buffers:           22552 kB
Cached:           233016 kB
MemTotal:        1844596 kB
MemFree:         1404388 kB
MemAvailable:    1547012 kB
Buffers:           22552 kB
Cached:           233016 kB
MemTotal:        1844596 kB
MemFree:         1404280 kB
MemAvailable:    1546904 kB
Buffers:           22552 kB
Cached:           233016 kB
MemTotal:        1844596 kB
MemFree:         1404364 kB
MemAvailable:    1546988 kB
Buffers:           22552 kB
Cached:           233016 kB
MemTotal:        1844596 kB
MemFree:         1404468 kB
MemAvailable:    1547092 kB
Buffers:           22552 kB
Cached:           233016 kB
MemTotal:        1844596 kB
MemFree:         1403468 kB
MemAvailable:    1546092 kB
Buffers:           22552 kB
Cached:           233016 kB
MemTotal:        1844596 kB
MemFree:         1404532 kB
MemAvailable:    1547156 kB
Buffers:           22552 kB
Cached:           233016 kB
MemTotal:        1844596 kB
MemFree:         1403284 kB
MemAvailable:    1545908 kB
Buffers:           22552 kB
Cached:           233016 kB
MemTotal:        1844596 kB
MemFree:         1404288 kB
MemAvailable:    1546912 kB
Buffers:           22552 kB
Cached:           233016 kB
MemTotal:        1844596 kB
MemFree:         1404256 kB
MemAvailable:    1546880 kB
Buffers:           22552 kB
Cached:           233016 kB
MemTotal:        1844596 kB
MemFree:         1404340 kB
MemAvailable:    1546964 kB
Buffers:           22552 kB
Cached:           233016 kB
MemTotal:        1844596 kB
MemFree:         1404096 kB
MemAvailable:    1546720 kB
Buffers:           22552 kB
Cached:           233016 kB
MemTotal:        1844596 kB
MemFree:         1402856 kB
MemAvailable:    1545480 kB
Buffers:           22552 kB
Cached:           233016 kB
MemTotal:        1844596 kB
MemFree:         1403828 kB
MemAvailable:    1546452 kB
Buffers:           22552 kB
Cached:           233016 kB
MemTotal:        1844596 kB
MemFree:         1404084 kB
MemAvailable:    1546708 kB
Buffers:           22552 kB
Cached:           233016 kB
MemTotal:        1844596 kB
MemFree:         1403704 kB
MemAvailable:    1546328 kB
Buffers:           22552 kB
Cached:           233016 kB
MemTotal:        1844596 kB
MemFree:         1403564 kB
MemAvailable:    1546188 kB
Buffers:           22552 kB
Cached:           233016 kB
MemTotal:        1844596 kB
MemFree:         1403628 kB
MemAvailable:    1546252 kB
Buffers:           22552 kB
Cached:           233016 kB
MemTotal:        1844596 kB
MemFree:         1403424 kB
MemAvailable:    1546048 kB
Buffers:           22552 kB
Cached:           233016 kB
MemTotal:        1844596 kB
MemFree:         1402580 kB
MemAvailable:    1545204 kB
Buffers:           22552 kB
Cached:           233016 kB
MemTotal:        1844596 kB
MemFree:         1402436 kB
MemAvailable:    1545060 kB
Buffers:           22552 kB
Cached:           233016 kB
MemTotal:        1844596 kB
MemFree:         1402608 kB
MemAvailable:    1545232 kB
Buffers:           22552 kB
Cached:           233016 kB
MemTotal:        1844596 kB
MemFree:         1402980 kB
MemAvailable:    1545608 kB
Buffers:           22552 kB
Cached:           233020 kB
MemTotal:        1844596 kB
MemFree:         1403908 kB
MemAvailable:    1546536 kB
Buffers:           22552 kB
Cached:           233020 kB
MemTotal:        1844596 kB
MemFree:         1403568 kB
MemAvailable:    1546196 kB
Buffers:           22552 kB
Cached:           233020 kB
MemTotal:        1844596 kB
MemFree:         1403820 kB
MemAvailable:    1546448 kB
Buffers:           22552 kB
Cached:           233020 kB
MemTotal:        1844596 kB
MemFree:         1402236 kB
MemAvailable:    1544864 kB
Buffers:           22552 kB
Cached:           233020 kB
MemTotal:        1844596 kB
MemFree:         1401552 kB
MemAvailable:    1544180 kB
Buffers:           22552 kB
Cached:           233020 kB
MemTotal:        1844596 kB
MemFree:         1399756 kB
MemAvailable:    1542384 kB
Buffers:           22552 kB
Cached:           233020 kB
MemTotal:        1844596 kB
MemFree:         1398020 kB
MemAvailable:    1540648 kB
Buffers:           22552 kB
Cached:           233020 kB
MemTotal:        1844596 kB
MemFree:         1396408 kB
MemAvailable:    1539036 kB
Buffers:           22552 kB
Cached:           233020 kB
MemTotal:        1844596 kB
MemFree:         1396036 kB
MemAvailable:    1538664 kB
Buffers:           22552 kB
Cached:           233020 kB
MemTotal:        1844596 kB
MemFree:         1394928 kB
MemAvailable:    1537556 kB
Buffers:           22552 kB
Cached:           233020 kB
MemTotal:        1844596 kB
MemFree:         1395592 kB
MemAvailable:    1538220 kB
Buffers:           22552 kB
Cached:           233020 kB
MemTotal:        1844596 kB
MemFree:         1395844 kB
MemAvailable:    1538472 kB
Buffers:           22552 kB
Cached:           233020 kB
MemTotal:        1844596 kB
MemFree:         1395608 kB
MemAvailable:    1538236 kB
Buffers:           22552 kB
Cached:           233020 kB
MemTotal:        1844596 kB
MemFree:         1395704 kB
MemAvailable:    1538332 kB
Buffers:           22552 kB
Cached:           233020 kB
MemTotal:        1844596 kB
MemFree:         1394672 kB
MemAvailable:    1537300 kB
Buffers:           22552 kB
Cached:           233020 kB
MemTotal:        1844596 kB
MemFree:         1395528 kB
MemAvailable:    1538156 kB
Buffers:           22552 kB
Cached:           233020 kB
MemTotal:        1844596 kB
MemFree:         1395480 kB
MemAvailable:    1538108 kB
Buffers:           22552 kB
Cached:           233020 kB
MemTotal:        1844596 kB
MemFree:         1395368 kB
MemAvailable:    1537996 kB
Buffers:           22552 kB
Cached:           233020 kB
MemTotal:        1844596 kB
MemFree:         1395620 kB
MemAvailable:    1538248 kB
Buffers:           22552 kB
Cached:           233020 kB
MemTotal:        1844596 kB
MemFree:         1395468 kB
MemAvailable:    1538096 kB
Buffers:           22552 kB
Cached:           233020 kB
MemTotal:        1844596 kB
MemFree:         1395400 kB
MemAvailable:    1538028 kB
Buffers:           22552 kB
Cached:           233020 kB
MemTotal:        1844596 kB
MemFree:         1395652 kB
MemAvailable:    1538280 kB
Buffers:           22552 kB
Cached:           233020 kB
MemTotal:        1844596 kB
MemFree:         1395488 kB
MemAvailable:    1538116 kB
Buffers:           22552 kB
Cached:           233020 kB
MemTotal:        1844596 kB
MemFree:         1395392 kB
MemAvailable:    1538020 kB
Buffers:           22552 kB
Cached:           233020 kB
MemTotal:        1844596 kB
MemFree:         1395648 kB
MemAvailable:    1538276 kB
Buffers:           22552 kB
Cached:           233020 kB
MemTotal:        1844596 kB
MemFree:         1395276 kB
MemAvailable:    1537904 kB
Buffers:           22552 kB
Cached:           233020 kB
MemTotal:        1844596 kB
MemFree:         1395284 kB
MemAvailable:    1537912 kB
Buffers:           22552 kB
Cached:           233020 kB
MemTotal:        1844596 kB
MemFree:         1395044 kB
MemAvailable:    1537676 kB
Buffers:           22552 kB
Cached:           233024 kB
MemTotal:        1844596 kB
MemFree:         1394672 kB
MemAvailable:    1537304 kB
Buffers:           22552 kB
Cached:           233024 kB
MemTotal:        1844596 kB
MemFree:         1394052 kB
MemAvailable:    1536684 kB
Buffers:           22552 kB
Cached:           233024 kB
MemTotal:        1844596 kB
MemFree:         1393316 kB
MemAvailable:    1535948 kB
Buffers:           22552 kB
Cached:           233024 kB
MemTotal:        1844596 kB
MemFree:         1393740 kB
MemAvailable:    1536372 kB
Buffers:           22552 kB
Cached:           233024 kB
MemTotal:        1844596 kB
MemFree:         1393756 kB
MemAvailable:    1536388 kB
Buffers:           22552 kB
Cached:           233024 kB
MemTotal:        1844596 kB
MemFree:         1392068 kB
MemAvailable:    1534700 kB
Buffers:           22552 kB
Cached:           233024 kB
MemTotal:        1844596 kB
MemFree:         1393004 kB
MemAvailable:    1535636 kB
Buffers:           22552 kB
Cached:           233024 kB
MemTotal:        1844596 kB
MemFree:         1392168 kB
MemAvailable:    1534800 kB
Buffers:           22552 kB
Cached:           233024 kB
MemTotal:        1844596 kB
MemFree:         1391448 kB
MemAvailable:    1534080 kB
Buffers:           22552 kB
Cached:           233024 kB
MemTotal:        1844596 kB
MemFree:         1391060 kB
MemAvailable:    1533692 kB
Buffers:           22552 kB
Cached:           233024 kB
MemTotal:        1844596 kB
MemFree:         1391928 kB
MemAvailable:    1534560 kB
Buffers:           22552 kB
Cached:           233024 kB
MemTotal:        1844596 kB
MemFree:         1391796 kB
MemAvailable:    1534428 kB
Buffers:           22552 kB
Cached:           233024 kB
MemTotal:        1844596 kB
MemFree:         1391448 kB
MemAvailable:    1534080 kB
Buffers:           22552 kB
Cached:           233024 kB
MemTotal:        1844596 kB
MemFree:         1391556 kB
MemAvailable:    1534188 kB
Buffers:           22552 kB
Cached:           233024 kB
MemTotal:        1844596 kB
MemFree:         1391692 kB
MemAvailable:    1534324 kB
Buffers:           22552 kB
Cached:           233024 kB
MemTotal:        1844596 kB
MemFree:         1391528 kB
MemAvailable:    1534160 kB
Buffers:           22552 kB
Cached:           233024 kB
MemTotal:        1844596 kB
MemFree:         1391780 kB
MemAvailable:    1534412 kB
Buffers:           22552 kB
Cached:           233024 kB
MemTotal:        1844596 kB
MemFree:         1391240 kB
MemAvailable:    1533872 kB
Buffers:           22552 kB
Cached:           233024 kB
MemTotal:        1844596 kB
MemFree:         1390376 kB
MemAvailable:    1533008 kB
Buffers:           22552 kB
Cached:           233024 kB
MemTotal:        1844596 kB
MemFree:         1391660 kB
MemAvailable:    1534292 kB
Buffers:           22552 kB
Cached:           233024 kB
MemTotal:        1844596 kB
MemFree:         1391316 kB
MemAvailable:    1533948 kB
Buffers:           22552 kB
Cached:           233024 kB
MemTotal:        1844596 kB
MemFree:         1391316 kB
MemAvailable:    1533948 kB
Buffers:           22552 kB
Cached:           233024 kB
MemTotal:        1844596 kB
MemFree:         1390920 kB
MemAvailable:    1533552 kB
Buffers:           22552 kB
Cached:           233024 kB
MemTotal:        1844596 kB
MemFree:         1390068 kB
MemAvailable:    1532700 kB
Buffers:           22552 kB
Cached:           233024 kB
MemTotal:        1844596 kB
MemFree:         1387192 kB
MemAvailable:    1529824 kB
Buffers:           22552 kB
Cached:           233024 kB
MemTotal:        1844596 kB
MemFree:         1383884 kB
MemAvailable:    1526516 kB
Buffers:           22552 kB
Cached:           233024 kB
MemTotal:        1844596 kB
MemFree:         1383604 kB
MemAvailable:    1526236 kB
Buffers:           22552 kB
Cached:           233024 kB
MemTotal:        1844596 kB
MemFree:         1383688 kB
MemAvailable:    1526320 kB
Buffers:           22552 kB
Cached:           233024 kB
MemTotal:        1844596 kB
MemFree:         1383740 kB
MemAvailable:    1526372 kB
Buffers:           22552 kB
Cached:           233024 kB
MemTotal:        1844596 kB
MemFree:         1383684 kB
MemAvailable:    1526316 kB
Buffers:           22552 kB
Cached:           233024 kB
MemTotal:        1844596 kB
MemFree:         1383692 kB
MemAvailable:    1526324 kB
Buffers:           22552 kB
Cached:           233024 kB
MemTotal:        1844596 kB
MemFree:         1383132 kB
MemAvailable:    1525764 kB
Buffers:           22552 kB
Cached:           233024 kB
MemTotal:        1844596 kB
MemFree:         1385676 kB
MemAvailable:    1528308 kB
Buffers:           22552 kB
Cached:           233024 kB
MemTotal:        1844596 kB
MemFree:         1385684 kB
MemAvailable:    1528316 kB
Buffers:           22552 kB
Cached:           233024 kB
MemTotal:        1844596 kB
MemFree:         1385604 kB
MemAvailable:    1528320 kB
Buffers:           22552 kB
Cached:           233148 kB
MemTotal:        1844596 kB
MemFree:         1384140 kB
MemAvailable:    1526940 kB
Buffers:           22552 kB
Cached:           233148 kB
MemTotal:        1844596 kB
MemFree:         1384124 kB
MemAvailable:    1527008 kB
Buffers:           22552 kB
Cached:           233272 kB
MemTotal:        1844596 kB
MemFree:         1384860 kB
MemAvailable:    1527912 kB
Buffers:           22552 kB
Cached:           233520 kB
MemTotal:        1844596 kB
MemFree:         1383884 kB
MemAvailable:    1526936 kB
Buffers:           22552 kB
Cached:           233520 kB
MemTotal:        1844596 kB
MemFree:         1384736 kB
MemAvailable:    1527872 kB
Buffers:           22552 kB
Cached:           233644 kB
MemTotal:        1844596 kB
MemFree:         1383388 kB
MemAvailable:    1526608 kB
Buffers:           22552 kB
Cached:           233644 kB
MemTotal:        1844596 kB
MemFree:         1384556 kB
MemAvailable:    1527776 kB
Buffers:           22552 kB
Cached:           233644 kB
MemTotal:        1844596 kB
MemFree:         1384572 kB
MemAvailable:    1527792 kB
Buffers:           22552 kB
Cached:           233644 kB
MemTotal:        1844596 kB
MemFree:         1383440 kB
MemAvailable:    1526660 kB
Buffers:           22552 kB
Cached:           233644 kB
MemTotal:        1844596 kB
MemFree:         1383628 kB
MemAvailable:    1526848 kB
Buffers:           22552 kB
Cached:           233644 kB
MemTotal:        1844596 kB
MemFree:         1383884 kB
MemAvailable:    1527144 kB
Buffers:           22552 kB
Cached:           233652 kB
MemTotal:        1844596 kB
MemFree:         1383884 kB
MemAvailable:    1527144 kB
Buffers:           22552 kB
Cached:           233652 kB
MemTotal:        1844596 kB
MemFree:         1384876 kB
MemAvailable:    1528136 kB
Buffers:           22552 kB
Cached:           233652 kB
MemTotal:        1844596 kB
MemFree:         1384256 kB
MemAvailable:    1527516 kB
Buffers:           22552 kB
Cached:           233652 kB
MemTotal:        1844596 kB
MemFree:         1383620 kB
MemAvailable:    1526880 kB
Buffers:           22552 kB
Cached:           233776 kB
MemTotal:        1844596 kB
MemFree:         1449068 kB
MemAvailable:    1591740 kB
Buffers:           22552 kB
Cached:           233104 kB
MemTotal:        1844596 kB
MemFree:         1451544 kB
MemAvailable:    1594216 kB
Buffers:           22552 kB
Cached:           233104 kB
