MemTotal:        1844596 kB
MemFree:         1226316 kB
MemAvailable:    1564436 kB
Buffers:           50412 kB
Cached:           402068 kB
MemTotal:        1844596 kB
MemFree:         1197988 kB
MemAvailable:    1536156 kB
Buffers:           50412 kB
Cached:           402080 kB
MemTotal:        1844596 kB
MemFree:         1197244 kB
MemAvailable:    1535412 kB
Buffers:           50412 kB
Cached:           402080 kB
MemTotal:        1844596 kB
MemFree:         1196328 kB
MemAvailable:    1534496 kB
Buffers:           50412 kB
Cached:           402080 kB
MemTotal:        1844596 kB
MemFree:         1196012 kB
MemAvailable:    1534180 kB
Buffers:           50412 kB
Cached:           402080 kB
MemTotal:        1844596 kB
MemFree:         1195400 kB
MemAvailable:    1533568 kB
Buffers:           50412 kB
Cached:           402080 kB
MemTotal:        1844596 kB
MemFree:         1194152 kB
MemAvailable:    1532320 kB
Buffers:           50412 kB
Cached:           402080 kB
MemTotal:        1844596 kB
MemFree:         1191292 kB
MemAvailable:    1529460 kB
Buffers:           50412 kB
Cached:           402080 kB
MemTotal:        1844596 kB
MemFree:         1191292 kB
MemAvailable:    1529460 kB
Buffers:           50412 kB
Cached:           402080 kB
MemTotal:        1844596 kB
MemFree:         1186268 kB
MemAvailable:    1524436 kB
Buffers:           50412 kB
Cached:           402080 kB
MemTotal:        1844596 kB
MemFree:         1182744 kB
MemAvailable:    1520912 kB
Buffers:           50412 kB
Cached:           402080 kB
MemTotal:        1844596 kB
MemFree:         1185244 kB
MemAvailable:    1523412 kB
Buffers:           50412 kB
Cached:           402080 kB
MemTotal:        1844596 kB
MemFree:         1185156 kB
MemAvailable:    1523324 kB
Buffers:           50412 kB
Cached:           402080 kB
MemTotal:        1844596 kB
MemFree:         1185356 kB
MemAvailable:    1523524 kB
Buffers:           50412 kB
Cached:           402080 kB
MemTotal:        1844596 kB
MemFree:         1185476 kB
MemAvailable:    1523644 kB
Buffers:           50412 kB
Cached:           402080 kB
MemTotal:        1844596 kB
MemFree:         1184096 kB
MemAvailable:    1522264 kB
Buffers:           50412 kB
Cached:           402080 kB
MemTotal:        1844596 kB
MemFree:         1183728 kB
MemAvailable:    1521896 kB
Buffers:           50412 kB
Cached:           402080 kB
MemTotal:        1844596 kB
MemFree:         1183372 kB
MemAvailable:    1521540 kB
Buffers:           50412 kB
Cached:           402080 kB
MemTotal:        1844596 kB
MemFree:         1181876 kB
MemAvailable:    1520044 kB
Buffers:           50412 kB
Cached:           402080 kB
MemTotal:        1844596 kB
MemFree:         1181884 kB
MemAvailable:    1520052 kB
Buffers:           50412 kB
Cached:           402080 kB
MemTotal:        1844596 kB
MemFree:         1181752 kB
MemAvailable:    1519920 kB
Buffers:           50412 kB
Cached:           402080 kB
MemTotal:        1844596 kB
MemFree:         1181752 kB
MemAvailable:    1519920 kB
Buffers:           50412 kB
Cached:           402080 kB
MemTotal:        1844596 kB
MemFree:         1183060 kB
MemAvailable:    1521228 kB
Buffers:           50412 kB
Cached:           402080 kB
MemTotal:        1844596 kB
MemFree:         1182884 kB
MemAvailable:    1521052 kB
Buffers:           50412 kB
Cached:           402080 kB
MemTotal:        1844596 kB
MemFree:         1182752 kB
MemAvailable:    1520920 kB
Buffers:           50412 kB
Cached:           402080 kB
MemTotal:        1844596 kB
MemFree:         1182808 kB
MemAvailable:    1520976 kB
Buffers:           50412 kB
Cached:           402080 kB
MemTotal:        1844596 kB
MemFree:         1182796 kB
MemAvailable:    1520964 kB
Buffers:           50412 kB
Cached:           402080 kB
MemTotal:        1844596 kB
MemFree:         1182680 kB
MemAvailable:    1520848 kB
Buffers:           50412 kB
Cached:           402080 kB
MemTotal:        1844596 kB
MemFree:         1180024 kB
MemAvailable:    1518192 kB
Buffers:           50412 kB
Cached:           402080 kB
MemTotal:        1844596 kB
MemFree:         1179884 kB
MemAvailable:    1518052 kB
Buffers:           50412 kB
Cached:           402080 kB
MemTotal:        1844596 kB
MemFree:         1180220 kB
MemAvailable:    1518388 kB
Buffers:           50412 kB
Cached:           402080 kB
MemTotal:        1844596 kB
MemFree:         1179396 kB
MemAvailable:    1517564 kB
Buffers:           50412 kB
Cached:           402080 kB
MemTotal:        1844596 kB
MemFree:         1178644 kB
MemAvailable:    1516812 kB
Buffers:           50412 kB
Cached:           402080 kB
MemTotal:        1844596 kB
MemFree:         1178288 kB
MemAvailable:    1516456 kB
Buffers:           50412 kB
Cached:           402080 kB
MemTotal:        1844596 kB
MemFree:         1178508 kB
MemAvailable:    1516676 kB
Buffers:           50412 kB
Cached:           402080 kB
MemTotal:        1844596 kB
MemFree:         1178508 kB
MemAvailable:    1516676 kB
Buffers:           50412 kB
Cached:           402080 kB
MemTotal:        1844596 kB
MemFree:         1178648 kB
MemAvailable:    1516816 kB
Buffers:           50412 kB
Cached:           402080 kB
MemTotal:        1844596 kB
MemFree:         1178452 kB
MemAvailable:    1516620 kB
Buffers:           50412 kB
Cached:           402080 kB
MemTotal:        1844596 kB
MemFree:         1178516 kB
MemAvailable:    1516684 kB
Buffers:           50412 kB
Cached:           402080 kB
MemTotal:        1844596 kB
MemFree:         1177288 kB
MemAvailable:    1515456 kB
Buffers:           50412 kB
Cached:           402080 kB
MemTotal:        1844596 kB
MemFree:         1178144 kB
MemAvailable:    1516312 kB
Buffers:           50412 kB
Cached:           402080 kB
MemTotal:        1844596 kB
MemFree:         1177976 kB
MemAvailable:    1516144 kB
Buffers:           50412 kB
Cached:           402080 kB
MemTotal:        1844596 kB
MemFree:         1176296 kB
MemAvailable:    1514464 kB
Buffers:           50412 kB
Cached:           402080 kB
MemTotal:        1844596 kB
MemFree:         1176156 kB
MemAvailable:    1514324 kB
Buffers:           50412 kB
Cached:           402080 kB
MemTotal:        1844596 kB
MemFree:         1176288 kB
MemAvailable:    1514456 kB
Buffers:           50412 kB
Cached:           402080 kB
MemTotal:        1844596 kB
MemFree:         1176280 kB
MemAvailable:    1514448 kB
Buffers:           50412 kB
Cached:           402080 kB
MemTotal:        1844596 kB
MemFree:         1177488 kB
MemAvailable:    1515656 kB
Buffers:           50412 kB
Cached:           402080 kB
MemTotal:        1844596 kB
MemFree:         1177572 kB
MemAvailable:    1515740 kB
Buffers:           50412 kB
Cached:           402080 kB
MemTotal:        1844596 kB
MemFree:         1177516 kB
MemAvailable:    1515684 kB
Buffers:           50412 kB
Cached:           402080 kB
MemTotal:        1844596 kB
MemFree:         1177768 kB
MemAvailable:    1515936 kB
Buffers:           50412 kB
Cached:           402080 kB
MemTotal:        1844596 kB
MemFree:         1177516 kB
MemAvailable:    1515684 kB
Buffers:           50412 kB
Cached:           402080 kB
MemTotal:        1844596 kB
MemFree:         1177768 kB
MemAvailable:    1515936 kB
Buffers:           50412 kB
Cached:           402080 kB
MemTotal:        1844596 kB
MemFree:         1176164 kB
MemAvailable:    1514332 kB
Buffers:           50412 kB
Cached:           402080 kB
MemTotal:        1844596 kB
MemFree:         1176304 kB
MemAvailable:    1514472 kB
Buffers:           50412 kB
Cached:           402080 kB
MemTotal:        1844596 kB
MemFree:         1176056 kB
MemAvailable:    1514224 kB
Buffers:           50412 kB
Cached:           402080 kB
MemTotal:        1844596 kB
MemFree:         1175676 kB
MemAvailable:    1513844 kB
Buffers:           50412 kB
Cached:           402080 kB
MemTotal:        1844596 kB
MemFree:         1176652 kB
MemAvailable:    1514820 kB
Buffers:           50412 kB
Cached:           402080 kB
MemTotal:        1844596 kB
MemFree:         1176560 kB
MemAvailable:    1514728 kB
Buffers:           50412 kB
Cached:           402080 kB
MemTotal:        1844596 kB
MemFree:         1175420 kB
MemAvailable:    1513588 kB
Buffers:           50412 kB
Cached:           402080 kB
MemTotal:        1844596 kB
MemFree:         1176688 kB
MemAvailable:    1514856 kB
Buffers:           50412 kB
Cached:           402080 kB
MemTotal:        1844596 kB
MemFree:         1175256 kB
MemAvailable:    1513424 kB
Buffers:           50412 kB
Cached:           402080 kB
MemTotal:        1844596 kB
MemFree:         1176724 kB
MemAvailable:    1514892 kB
Buffers:           50412 kB
Cached:           402080 kB
MemTotal:        1844596 kB
MemFree:         1176544 kB
MemAvailable:    1514712 kB
Buffers:           50412 kB
Cached:           402080 kB
MemTotal:        1844596 kB
MemFree:         1176188 kB
MemAvailable:    1514356 kB
Buffers:           50412 kB
Cached:           402080 kB
MemTotal:        1844596 kB
MemFree:         1176364 kB
MemAvailable:    1514532 kB
Buffers:           50412 kB
Cached:           402080 kB
MemTotal:        1844596 kB
MemFree:         1176532 kB
MemAvailable:    1514700 kB
Buffers:           50412 kB
Cached:           402080 kB
MemTotal:        1844596 kB
MemFree:         1173816 kB
MemAvailable:    1511984 kB
Buffers:           50412 kB
Cached:           402080 kB
MemTotal:        1844596 kB
MemFree:         1171220 kB
MemAvailable:    1509388 kB
Buffers:           50412 kB
Cached:           402080 kB
MemTotal:        1844596 kB
MemFree:         1168368 kB
MemAvailable:    1506536 kB
Buffers:           50412 kB
Cached:           402080 kB
MemTotal:        1844596 kB
MemFree:         1167996 kB
MemAvailable:    1506168 kB
Buffers:           50412 kB
Cached:           402084 kB
MemTotal:        1844596 kB
MemFree:         1167608 kB
MemAvailable:    1505780 kB
Buffers:           50412 kB
Cached:           402084 kB
MemTotal:        1844596 kB
MemFree:         1168808 kB
MemAvailable:    1506984 kB
Buffers:           50412 kB
Cached:           402088 kB
MemTotal:        1844596 kB
MemFree:         1167748 kB
MemAvailable:    1505924 kB
Buffers:           50412 kB
Cached:           402088 kB
MemTotal:        1844596 kB
MemFree:         1168560 kB
MemAvailable:    1506736 kB
Buffers:           50412 kB
Cached:           402088 kB
MemTotal:        1844596 kB
MemFree:         1168588 kB
MemAvailable:    1506764 kB
Buffers:           50412 kB
Cached:           402088 kB
MemTotal:        1844596 kB
MemFree:         1168120 kB
MemAvailable:    1506296 kB
Buffers:           50412 kB
Cached:           402088 kB
MemTotal:        1844596 kB
MemFree:         1168728 kB
MemAvailable:    1506904 kB
Buffers:           50412 kB
Cached:           402088 kB
MemTotal:        1844596 kB
MemFree:         1168672 kB
MemAvailable:    1506848 kB
Buffers:           50412 kB
Cached:           402088 kB
MemTotal:        1844596 kB
MemFree:         1168492 kB
MemAvailable:    1506668 kB
Buffers:           50412 kB
Cached:           402088 kB
MemTotal:        1844596 kB
MemFree:         1168476 kB
MemAvailable:    1506652 kB
Buffers:           50412 kB
Cached:           402088 kB
MemTotal:        1844596 kB
MemFree:         1167484 kB
MemAvailable:    1505660 kB
Buffers:           50412 kB
Cached:           402088 kB
MemTotal:        1844596 kB
MemFree:         1167484 kB
MemAvailable:    1505660 kB
Buffers:           50412 kB
Cached:           402088 kB
MemTotal:        1844596 kB
MemFree:         1168740 kB
MemAvailable:    1506916 kB
Buffers:           50412 kB
Cached:           402088 kB
MemTotal:        1844596 kB
MemFree:         1168244 kB
MemAvailable:    1506420 kB
Buffers:           50412 kB
Cached:           402088 kB
MemTotal:        1844596 kB
MemFree:         1167004 kB
MemAvailable:    1505180 kB
Buffers:           50412 kB
Cached:           402088 kB
MemTotal:        1844596 kB
MemFree:         1167872 kB
MemAvailable:    1506048 kB
Buffers:           50412 kB
Cached:           402088 kB
MemTotal:        1844596 kB
MemFree:         1166376 kB
MemAvailable:    1504552 kB
Buffers:           50412 kB
Cached:           402088 kB
MemTotal:        1844596 kB
MemFree:         1165888 kB
MemAvailable:    1504064 kB
Buffers:           50412 kB
Cached:           402088 kB
MemTotal:        1844596 kB
MemFree:         1166136 kB
MemAvailable:    1504312 kB
Buffers:           50412 kB
Cached:           402088 kB
MemTotal:        1844596 kB
MemFree:         1165128 kB
MemAvailable:    1503304 kB
Buffers:           50412 kB
Cached:           402088 kB
MemTotal:        1844596 kB
MemFree:         1164596 kB
MemAvailable:    1502772 kB
Buffers:           50412 kB
Cached:           402088 kB
MemTotal:        1844596 kB
MemFree:         1164204 kB
MemAvailable:    1502380 kB
Buffers:           50412 kB
Cached:           402088 kB
MemTotal:        1844596 kB
MemFree:         1164152 kB
MemAvailable:    1502328 kB
Buffers:           50412 kB
Cached:           402088 kB
MemTotal:        1844596 kB
MemFree:         1164268 kB
MemAvailable:    1502444 kB
Buffers:           50412 kB
Cached:           402088 kB
MemTotal:        1844596 kB
MemFree:         1164756 kB
MemAvailable:    1502932 kB
Buffers:           50412 kB
Cached:           402088 kB
MemTotal:        1844596 kB
MemFree:         1164016 kB
MemAvailable:    1502192 kB
Buffers:           50412 kB
Cached:           402088 kB
MemTotal:        1844596 kB
MemFree:         1164692 kB
MemAvailable:    1502868 kB
Buffers:           50412 kB
Cached:           402088 kB
MemTotal:        1844596 kB
MemFree:         1165028 kB
MemAvailable:    1503204 kB
Buffers:           50412 kB
Cached:           402088 kB
MemTotal:        1844596 kB
MemFree:         1165012 kB
MemAvailable:    1503188 kB
Buffers:           50412 kB
Cached:           402088 kB
MemTotal:        1844596 kB
MemFree:         1165012 kB
MemAvailable:    1503188 kB
Buffers:           50412 kB
Cached:           402088 kB
MemTotal:        1844596 kB
MemFree:         1164680 kB
MemAvailable:    1502856 kB
Buffers:           50412 kB
Cached:           402088 kB
MemTotal:        1844596 kB
MemFree:         1165020 kB
MemAvailable:    1503196 kB
Buffers:           50412 kB
Cached:           402088 kB
MemTotal:        1844596 kB
MemFree:         1164632 kB
MemAvailable:    1502808 kB
Buffers:           50412 kB
Cached:           402088 kB
MemTotal:        1844596 kB
MemFree:         1163644 kB
MemAvailable:    1501820 kB
Buffers:           50412 kB
Cached:           402088 kB
MemTotal:        1844596 kB
MemFree:         1164260 kB
MemAvailable:    1502436 kB
Buffers:           50412 kB
Cached:           402088 kB
MemTotal:        1844596 kB
MemFree:         1164152 kB
MemAvailable:    1502328 kB
Buffers:           50412 kB
Cached:           402088 kB
MemTotal:        1844596 kB
MemFree:         1162640 kB
MemAvailable:    1500816 kB
Buffers:           50412 kB
Cached:           402088 kB
MemTotal:        1844596 kB
MemFree:         1155968 kB
MemAvailable:    1494144 kB
Buffers:           50412 kB
Cached:           402088 kB
MemTotal:        1844596 kB
MemFree:         1155836 kB
MemAvailable:    1494012 kB
Buffers:           50412 kB
Cached:           402088 kB
MemTotal:        1844596 kB
MemFree:         1156820 kB
MemAvailable:    1494996 kB
Buffers:           50412 kB
Cached:           402088 kB
MemTotal:        1844596 kB
MemFree:         1156464 kB
MemAvailable:    1494640 kB
Buffers:           50412 kB
Cached:           402088 kB
MemTotal:        1844596 kB
MemFree:         1155532 kB
MemAvailable:    1493708 kB
Buffers:           50412 kB
Cached:           402088 kB
MemTotal:        1844596 kB
MemFree:         1156780 kB
MemAvailable:    1494956 kB
Buffers:           50412 kB
Cached:           402088 kB
MemTotal:        1844596 kB
MemFree:         1159004 kB
MemAvailable:    1497180 kB
Buffers:           50412 kB
Cached:           402088 kB
MemTotal:        1844596 kB
MemFree:         1159020 kB
MemAvailable:    1497196 kB
Buffers:           50412 kB
Cached:           402088 kB
MemTotal:        1844596 kB
MemFree:         1157208 kB
MemAvailable:    1495468 kB
Buffers:           50416 kB
Cached:           402208 kB
MemTotal:        1844596 kB
MemFree:         1158052 kB
MemAvailable:    1496480 kB
Buffers:           50416 kB
Cached:           402332 kB
MemTotal:        1844596 kB
MemFree:         1156524 kB
MemAvailable:    1494952 kB
Buffers:           50416 kB
Cached:           402456 kB
MemTotal:        1844596 kB
MemFree:         1157796 kB
MemAvailable:    1496476 kB
Buffers:           50416 kB
Cached:           402580 kB
MemTotal:        1844596 kB
MemFree:         1157880 kB
MemAvailable:    1496560 kB
Buffers:           50416 kB
Cached:           402580 kB
MemTotal:        1844596 kB
MemFree:         1157632 kB
MemAvailable:    1496396 kB
Buffers:           50416 kB
Cached:           402704 kB
MemTotal:        1844596 kB
MemFree:         1156324 kB
MemAvailable:    1495088 kB
Buffers:           50416 kB
Cached:           402704 kB
MemTotal:        1844596 kB
MemFree:         1157584 kB
MemAvailable:    1496348 kB
Buffers:           50416 kB
Cached:           402704 kB
MemTotal:        1844596 kB
MemFree:         1157512 kB
MemAvailable:    1496276 kB
Buffers:           50416 kB
Cached:           402704 kB
MemTotal:        1844596 kB
MemFree:         1157512 kB
MemAvailable:    1496276 kB
Buffers:           50416 kB
Cached:           402704 kB
MemTotal:        1844596 kB
MemFree:         1157532 kB
MemAvailable:    1496296 kB
Buffers:           50416 kB
Cached:           402704 kB
MemTotal:        1844596 kB
MemFree:         1157504 kB
MemAvailable:    1496352 kB
Buffers:           50416 kB
Cached:           402828 kB
MemTotal:        1844596 kB
MemFree:         1156888 kB
MemAvailable:    1495736 kB
Buffers:           50416 kB
Cached:           402828 kB
MemTotal:        1844596 kB
MemFree:         1156064 kB
MemAvailable:    1494912 kB
Buffers:           50416 kB
Cached:           402828 kB
MemTotal:        1844596 kB
MemFree:         1156788 kB
MemAvailable:    1494964 kB
Buffers:           50416 kB
Cached:           402072 kB
MemTotal:        1844596 kB
MemFree:         1226244 kB
MemAvailable:    1564420 kB
Buffers:           50416 kB
Cached:           402072 kB
