MemTotal:        1844596 kB
MemFree:         1145792 kB
MemAvailable:    1560564 kB
Buffers:           59136 kB
Cached:           464032 kB
MemTotal:        1844596 kB
MemFree:         1118536 kB
MemAvailable:    1533316 kB
Buffers:           59136 kB
Cached:           464036 kB
MemTotal:        1844596 kB
MemFree:         1118156 kB
MemAvailable:    1532936 kB
Buffers:           59136 kB
Cached:           464036 kB
MemTotal:        1844596 kB
MemFree:         1116056 kB
MemAvailable:    1530836 kB
Buffers:           59136 kB
Cached:           464036 kB
MemTotal:        1844596 kB
MemFree:         1115952 kB
MemAvailable:    1530732 kB
Buffers:           59136 kB
Cached:           464036 kB
MemTotal:        1844596 kB
MemFree:         1113452 kB
MemAvailable:    1528232 kB
Buffers:           59136 kB
Cached:           464036 kB
MemTotal:        1844596 kB
MemFree:         1113280 kB
MemAvailable:    1528060 kB
Buffers:           59136 kB
Cached:           464036 kB
MemTotal:        1844596 kB
MemFree:         1111280 kB
MemAvailable:    1526060 kB
Buffers:           59136 kB
Cached:           464036 kB
MemTotal:        1844596 kB
MemFree:         1108388 kB
MemAvailable:    1523168 kB
Buffers:           59136 kB
Cached:           464036 kB
MemTotal:        1844596 kB
MemFree:         1106136 kB
MemAvailable:    1520916 kB
Buffers:           59136 kB
Cached:           464036 kB
MemTotal:        1844596 kB
MemFree:         1102416 kB
MemAvailable:    1517196 kB
Buffers:           59136 kB
Cached:           464036 kB
MemTotal:        1844596 kB
MemFree:         1104816 kB
MemAvailable:    1519596 kB
Buffers:           59136 kB
Cached:           464036 kB
MemTotal:        1844596 kB
MemFree:         1104896 kB
MemAvailable:    1519676 kB
Buffers:           59136 kB
Cached:           464036 kB
MemTotal:        1844596 kB
MemFree:         1104588 kB
MemAvailable:    1519368 kB
Buffers:           59136 kB
Cached:           464036 kB
MemTotal:        1844596 kB
MemFree:         1104924 kB
MemAvailable:    1519704 kB
Buffers:           59136 kB
Cached:           464036 kB
MemTotal:        1844596 kB
MemFree:         1103348 kB
MemAvailable:    1518128 kB
Buffers:           59136 kB
Cached:           464036 kB
MemTotal:        1844596 kB
MemFree:         1103904 kB
MemAvailable:    1518684 kB
Buffers:           59136 kB
Cached:           464036 kB
MemTotal:        1844596 kB
MemFree:         1101920 kB
MemAvailable:    1516700 kB
Buffers:           59136 kB
Cached:           464036 kB
MemTotal:        1844596 kB
MemFree:         1101168 kB
MemAvailable:    1515948 kB
Buffers:           59136 kB
Cached:           464036 kB
MemTotal:        1844596 kB
MemFree:         1101128 kB
MemAvailable:    1515908 kB
Buffers:           59136 kB
Cached:           464036 kB
MemTotal:        1844596 kB
MemFree:         1102408 kB
MemAvailable:    1517188 kB
Buffers:           59136 kB
Cached:           464036 kB
MemTotal:        1844596 kB
MemFree:         1102300 kB
MemAvailable:    1517080 kB
Buffers:           59136 kB
Cached:           464036 kB
MemTotal:        1844596 kB
MemFree:         1100996 kB
MemAvailable:    1515776 kB
Buffers:           59136 kB
Cached:           464036 kB
MemTotal:        1844596 kB
MemFree:         1101124 kB
MemAvailable:    1515904 kB
Buffers:           59136 kB
Cached:           464036 kB
MemTotal:        1844596 kB
MemFree:         1101116 kB
MemAvailable:    1515896 kB
Buffers:           59136 kB
Cached:           464036 kB
MemTotal:        1844596 kB
MemFree:         1101116 kB
MemAvailable:    1515896 kB
Buffers:           59136 kB
Cached:           464036 kB
MemTotal:        1844596 kB
MemFree:         1102376 kB
MemAvailable:    1517156 kB
Buffers:           59136 kB
Cached:           464036 kB
MemTotal:        1844596 kB
MemFree:         1102896 kB
MemAvailable:    1517676 kB
Buffers:           59136 kB
Cached:           464036 kB
MemTotal:        1844596 kB
MemFree:         1102292 kB
MemAvailable:    1517072 kB
Buffers:           59136 kB
Cached:           464036 kB
MemTotal:        1844596 kB
MemFree:         1100168 kB
MemAvailable:    1514948 kB
Buffers:           59136 kB
Cached:           464036 kB
MemTotal:        1844596 kB
MemFree:         1100504 kB
MemAvailable:    1515284 kB
Buffers:           59136 kB
Cached:           464036 kB
MemTotal:        1844596 kB
MemFree:         1098316 kB
MemAvailable:    1513096 kB
Buffers:           59136 kB
Cached:           464036 kB
MemTotal:        1844596 kB
MemFree:         1099376 kB
MemAvailable:    1514156 kB
Buffers:           59136 kB
Cached:           464036 kB
MemTotal:        1844596 kB
MemFree:         1097564 kB
MemAvailable:    1512344 kB
Buffers:           59136 kB
Cached:           464036 kB
MemTotal:        1844596 kB
MemFree:         1097332 kB
MemAvailable:    1512112 kB
Buffers:           59136 kB
Cached:           464036 kB
MemTotal:        1844596 kB
MemFree:         1098508 kB
MemAvailable:    1513288 kB
Buffers:           59136 kB
Cached:           464036 kB
MemTotal:        1844596 kB
MemFree:         1098252 kB
MemAvailable:    1513032 kB
Buffers:           59136 kB
Cached:           464036 kB
MemTotal:        1844596 kB
MemFree:         1098172 kB
MemAvailable:    1512952 kB
Buffers:           59136 kB
Cached:           464036 kB
MemTotal:        1844596 kB
MemFree:         1098256 kB
MemAvailable:    1513036 kB
Buffers:           59136 kB
Cached:           464036 kB
MemTotal:        1844596 kB
MemFree:         1097936 kB
MemAvailable:    1512716 kB
Buffers:           59136 kB
Cached:           464036 kB
MemTotal:        1844596 kB
MemFree:         1098068 kB
MemAvailable:    1512848 kB
Buffers:           59136 kB
Cached:           464036 kB
MemTotal:        1844596 kB
MemFree:         1096588 kB
MemAvailable:    1511368 kB
Buffers:           59136 kB
Cached:           464036 kB
MemTotal:        1844596 kB
MemFree:         1096464 kB
MemAvailable:    1511244 kB
Buffers:           59136 kB
Cached:           464036 kB
MemTotal:        1844596 kB
MemFree:         1097320 kB
MemAvailable:    1512100 kB
Buffers:           59136 kB
Cached:           464036 kB
MemTotal:        1844596 kB
MemFree:         1095968 kB
MemAvailable:    1510748 kB
Buffers:           59136 kB
Cached:           464036 kB
MemTotal:        1844596 kB
MemFree:         1097312 kB
MemAvailable:    1512096 kB
Buffers:           59136 kB
Cached:           464040 kB
MemTotal:        1844596 kB
MemFree:         1095920 kB
MemAvailable:    1510704 kB
Buffers:           59136 kB
Cached:           464040 kB
MemTotal:        1844596 kB
MemFree:         1097068 kB
MemAvailable:    1511852 kB
Buffers:           59136 kB
Cached:           464040 kB
MemTotal:        1844596 kB
MemFree:         1097320 kB
MemAvailable:    1512104 kB
Buffers:           59136 kB
Cached:           464040 kB
MemTotal:        1844596 kB
MemFree:         1095832 kB
MemAvailable:    1510616 kB
Buffers:           59136 kB
Cached:           464040 kB
MemTotal:        1844596 kB
MemFree:         1096012 kB
MemAvailable:    1510796 kB
Buffers:           59136 kB
Cached:           464040 kB
MemTotal:        1844596 kB
MemFree:         1096136 kB
MemAvailable:    1510920 kB
Buffers:           59136 kB
Cached:           464040 kB
MemTotal:        1844596 kB
MemFree:         1096988 kB
MemAvailable:    1511772 kB
Buffers:           59136 kB
Cached:           464040 kB
MemTotal:        1844596 kB
MemFree:         1096340 kB
MemAvailable:    1511124 kB
Buffers:           59136 kB
Cached:           464040 kB
MemTotal:        1844596 kB
MemFree:         1096516 kB
MemAvailable:    1511300 kB
Buffers:           59136 kB
Cached:           464040 kB
MemTotal:        1844596 kB
MemFree:         1096464 kB
MemAvailable:    1511248 kB
Buffers:           59136 kB
Cached:           464040 kB
MemTotal:        1844596 kB
MemFree:         1096184 kB
MemAvailable:    1510968 kB
Buffers:           59136 kB
Cached:           464040 kB
MemTotal:        1844596 kB
MemFree:         1096036 kB
MemAvailable:    1510820 kB
Buffers:           59136 kB
Cached:           464040 kB
MemTotal:        1844596 kB
MemFree:         1094816 kB
MemAvailable:    1509600 kB
Buffers:           59136 kB
Cached:           464040 kB
MemTotal:        1844596 kB
MemFree:         1096308 kB
MemAvailable:    1511092 kB
Buffers:           59136 kB
Cached:           464040 kB
MemTotal:        1844596 kB
MemFree:         1095720 kB
MemAvailable:    1510504 kB
Buffers:           59136 kB
Cached:           464040 kB
MemTotal:        1844596 kB
MemFree:         1096148 kB
MemAvailable:    1510932 kB
Buffers:           59136 kB
Cached:           464040 kB
MemTotal:        1844596 kB
MemFree:         1096400 kB
MemAvailable:    1511184 kB
Buffers:           59136 kB
Cached:           464040 kB
MemTotal:        1844596 kB
MemFree:         1096188 kB
MemAvailable:    1510972 kB
Buffers:           59136 kB
Cached:           464040 kB
MemTotal:        1844596 kB
MemFree:         1096092 kB
MemAvailable:    1510876 kB
Buffers:           59136 kB
Cached:           464040 kB
MemTotal:        1844596 kB
MemFree:         1096136 kB
MemAvailable:    1510920 kB
Buffers:           59136 kB
Cached:           464040 kB
MemTotal:        1844596 kB
MemFree:         1093720 kB
MemAvailable:    1508504 kB
Buffers:           59136 kB
Cached:           464040 kB
MemTotal:        1844596 kB
MemFree:         1093364 kB
MemAvailable:    1508148 kB
Buffers:           59136 kB
Cached:           464040 kB
MemTotal:        1844596 kB
MemFree:         1088760 kB
MemAvailable:    1503544 kB
Buffers:           59136 kB
Cached:           464040 kB
MemTotal:        1844596 kB
MemFree:         1088156 kB
MemAvailable:    1502940 kB
Buffers:           59136 kB
Cached:           464040 kB
MemTotal:        1844596 kB
MemFree:         1088324 kB
MemAvailable:    1503108 kB
Buffers:           59136 kB
Cached:           464040 kB
MemTotal:        1844596 kB
MemFree:         1088660 kB
MemAvailable:    1503444 kB
Buffers:           59136 kB
Cached:           464040 kB
MemTotal:        1844596 kB
MemFree:         1087092 kB
MemAvailable:    1501876 kB
Buffers:           59136 kB
Cached:           464040 kB
MemTotal:        1844596 kB
MemFree:         1088340 kB
MemAvailable:    1503124 kB
Buffers:           59136 kB
Cached:           464040 kB
MemTotal:        1844596 kB
MemFree:         1088464 kB
MemAvailable:    1503248 kB
Buffers:           59136 kB
Cached:           464040 kB
MemTotal:        1844596 kB
MemFree:         1088456 kB
MemAvailable:    1503240 kB
Buffers:           59136 kB
Cached:           464040 kB
MemTotal:        1844596 kB
MemFree:         1086960 kB
MemAvailable:    1501744 kB
Buffers:           59136 kB
Cached:           464040 kB
MemTotal:        1844596 kB
MemFree:         1088460 kB
MemAvailable:    1503160 kB
Buffers:           59136 kB
Cached:           464040 kB
MemTotal:        1844596 kB
MemFree:         1088488 kB
MemAvailable:    1503272 kB
Buffers:           59136 kB
Cached:           464040 kB
MemTotal:        1844596 kB
MemFree:         1087000 kB
MemAvailable:    1501784 kB
Buffers:           59136 kB
Cached:           464040 kB
MemTotal:        1844596 kB
MemFree:         1087124 kB
MemAvailable:    1501908 kB
Buffers:           59136 kB
Cached:           464040 kB
MemTotal:        1844596 kB
MemFree:         1087040 kB
MemAvailable:    1501824 kB
Buffers:           59136 kB
Cached:           464040 kB
MemTotal:        1844596 kB
MemFree:         1086908 kB
MemAvailable:    1501692 kB
Buffers:           59136 kB
Cached:           464040 kB
MemTotal:        1844596 kB
MemFree:         1086784 kB
MemAvailable:    1501568 kB
Buffers:           59136 kB
Cached:           464040 kB
MemTotal:        1844596 kB
MemFree:         1087596 kB
MemAvailable:    1502380 kB
Buffers:           59136 kB
Cached:           464040 kB
MemTotal:        1844596 kB
MemFree:         1085916 kB
MemAvailable:    1500700 kB
Buffers:           59136 kB
Cached:           464040 kB
MemTotal:        1844596 kB
MemFree:         1086852 kB
MemAvailable:    1501636 kB
Buffers:           59136 kB
Cached:           464040 kB
MemTotal:        1844596 kB
MemFree:         1086660 kB
MemAvailable:    1501444 kB
Buffers:           59136 kB
Cached:           464040 kB
MemTotal:        1844596 kB
MemFree:         1086404 kB
MemAvailable:    1501188 kB
Buffers:           59136 kB
Cached:           464040 kB
MemTotal:        1844596 kB
MemFree:         1085448 kB
MemAvailable:    1500232 kB
Buffers:           59136 kB
Cached:           464040 kB
MemTotal:        1844596 kB
MemFree:         1084436 kB
MemAvailable:    1499220 kB
Buffers:           59136 kB
Cached:           464040 kB
MemTotal:        1844596 kB
MemFree:         1085228 kB
MemAvailable:    1500012 kB
Buffers:           59136 kB
Cached:           464040 kB
MemTotal:        1844596 kB
MemFree:         1085480 kB
MemAvailable:    1500264 kB
Buffers:           59136 kB
Cached:           464040 kB
MemTotal:        1844596 kB
MemFree:         1084932 kB
MemAvailable:    1499716 kB
Buffers:           59136 kB
Cached:           464040 kB
MemTotal:        1844596 kB
MemFree:         1083816 kB
MemAvailable:    1498600 kB
Buffers:           59136 kB
Cached:           464040 kB
MemTotal:        1844596 kB
MemFree:         1083256 kB
MemAvailable:    1498040 kB
Buffers:           59136 kB
Cached:           464040 kB
MemTotal:        1844596 kB
MemFree:         1084564 kB
MemAvailable:    1499348 kB
Buffers:           59136 kB
Cached:           464040 kB
MemTotal:        1844596 kB
MemFree:         1084400 kB
MemAvailable:    1499184 kB
Buffers:           59136 kB
Cached:           464040 kB
MemTotal:        1844596 kB
MemFree:         1084484 kB
MemAvailable:    1499268 kB
Buffers:           59136 kB
Cached:           464040 kB
MemTotal:        1844596 kB
MemFree:         1084476 kB
MemAvailable:    1499260 kB
Buffers:           59136 kB
Cached:           464040 kB
MemTotal:        1844596 kB
MemFree:         1084296 kB
MemAvailable:    1499080 kB
Buffers:           59136 kB
Cached:           464040 kB
MemTotal:        1844596 kB
MemFree:         1084436 kB
MemAvailable:    1499220 kB
Buffers:           59136 kB
Cached:           464040 kB
MemTotal:        1844596 kB
MemFree:         1083180 kB
MemAvailable:    1497964 kB
Buffers:           59136 kB
Cached:           464040 kB
MemTotal:        1844596 kB
MemFree:         1083048 kB
MemAvailable:    1497832 kB
Buffers:           59136 kB
Cached:           464040 kB
MemTotal:        1844596 kB
MemFree:         1082824 kB
MemAvailable:    1497608 kB
Buffers:           59136 kB
Cached:           464040 kB
MemTotal:        1844596 kB
MemFree:         1083744 kB
MemAvailable:    1498528 kB
Buffers:           59136 kB
Cached:           464040 kB
MemTotal:        1844596 kB
MemFree:         1080220 kB
MemAvailable:    1495004 kB
Buffers:           59136 kB
Cached:           464040 kB
MemTotal:        1844596 kB
MemFree:         1076476 kB
MemAvailable:    1491268 kB
Buffers:           59136 kB
Cached:           464048 kB
MemTotal:        1844596 kB
MemFree:         1076368 kB
MemAvailable:    1491160 kB
Buffers:           59136 kB
Cached:           464048 kB
MemTotal:        1844596 kB
MemFree:         1076432 kB
MemAvailable:    1491224 kB
Buffers:           59136 kB
Cached:           464048 kB
MemTotal:        1844596 kB
MemFree:         1076508 kB
MemAvailable:    1491300 kB
Buffers:           59136 kB
Cached:           464048 kB
MemTotal:        1844596 kB
MemFree:         1075252 kB
MemAvailable:    1490044 kB
Buffers:           59136 kB
Cached:           464048 kB
MemTotal:        1844596 kB
MemFree:         1075344 kB
MemAvailable:    1490136 kB
Buffers:           59136 kB
Cached:           464048 kB
MemTotal:        1844596 kB
MemFree:         1075260 kB
MemAvailable:    1490052 kB
Buffers:           59136 kB
Cached:           464048 kB
MemTotal:        1844596 kB
MemFree:         1078164 kB
MemAvailable:    1492956 kB
Buffers:           59136 kB
Cached:           464048 kB
MemTotal:        1844596 kB
MemFree:         1077972 kB
MemAvailable:    1492764 kB
Buffers:           59136 kB
Cached:           464172 kB
MemTotal:        1844596 kB
MemFree:         1077724 kB
MemAvailable:    1492684 kB
Buffers:           59136 kB
Cached:           464296 kB
MemTotal:        1844596 kB
MemFree:         1077328 kB
MemAvailable:    1492456 kB
Buffers:           59136 kB
Cached:           464420 kB
MemTotal:        1844596 kB
MemFree:         1077664 kB
MemAvailable:    1492792 kB
Buffers:           59136 kB
Cached:           464420 kB
MemTotal:        1844596 kB
MemFree:         1075956 kB
MemAvailable:    1491336 kB
Buffers:           59136 kB
Cached:           464668 kB
MemTotal:        1844596 kB
MemFree:         1077064 kB
MemAvailable:    1492528 kB
Buffers:           59136 kB
Cached:           464792 kB
MemTotal:        1844596 kB
MemFree:         1077064 kB
MemAvailable:    1492528 kB
Buffers:           59136 kB
Cached:           464792 kB
MemTotal:        1844596 kB
MemFree:         1075740 kB
MemAvailable:    1491204 kB
Buffers:           59136 kB
Cached:           464792 kB
MemTotal:        1844596 kB
MemFree:         1077292 kB
MemAvailable:    1492756 kB
Buffers:           59136 kB
Cached:           464792 kB
MemTotal:        1844596 kB
MemFree:         1077116 kB
MemAvailable:    1492580 kB
Buffers:           59136 kB
Cached:           464792 kB
MemTotal:        1844596 kB
MemFree:         1077320 kB
MemAvailable:    1492784 kB
Buffers:           59136 kB
Cached:           464792 kB
MemTotal:        1844596 kB
MemFree:         1077292 kB
MemAvailable:    1492756 kB
Buffers:           59136 kB
Cached:           464792 kB
MemTotal:        1844596 kB
MemFree:         1075672 kB
MemAvailable:    1491136 kB
Buffers:           59136 kB
Cached:           464792 kB
MemTotal:        1844596 kB
MemFree:         1076452 kB
MemAvailable:    1491244 kB
Buffers:           59136 kB
Cached:           464076 kB
MemTotal:        1844596 kB
MemFree:         1144352 kB
MemAvailable:    1559144 kB
Buffers:           59136 kB
Cached:           464076 kB
