MemTotal:        1844596 kB
MemFree:         1349944 kB
MemAvailable:    1580200 kB
Buffers:           36052 kB
Cached:           312136 kB
MemTotal:        1844596 kB
MemFree:         1323764 kB
MemAvailable:    1554028 kB
Buffers:           36052 kB
Cached:           312108 kB
MemTotal:        1844596 kB
MemFree:         1322772 kB
MemAvailable:    1553036 kB
Buffers:           36052 kB
Cached:           312108 kB
MemTotal:        1844596 kB
MemFree:         1319168 kB
MemAvailable:    1549432 kB
Buffers:           36052 kB
Cached:           312108 kB
MemTotal:        1844596 kB
MemFree:         1317944 kB
MemAvailable:    1548208 kB
Buffers:           36052 kB
Cached:           312108 kB
MemTotal:        1844596 kB
MemFree:         1318996 kB
MemAvailable:    1549260 kB
Buffers:           36052 kB
Cached:           312108 kB
MemTotal:        1844596 kB
MemFree:         1317944 kB
MemAvailable:    1548208 kB
Buffers:           36052 kB
Cached:           312108 kB
MemTotal:        1844596 kB
MemFree:         1313540 kB
MemAvailable:    1543804 kB
Buffers:           36052 kB
Cached:           312108 kB
MemTotal:        1844596 kB
MemFree:         1309324 kB
MemAvailable:    1539588 kB
Buffers:           36052 kB
Cached:           312108 kB
MemTotal:        1844596 kB
MemFree:         1309256 kB
MemAvailable:    1539520 kB
Buffers:           36052 kB
Cached:           312108 kB
MemTotal:        1844596 kB
MemFree:         1307864 kB
MemAvailable:    1538128 kB
Buffers:           36052 kB
Cached:           312108 kB
MemTotal:        1844596 kB
MemFree:         1308024 kB
MemAvailable:    1538288 kB
Buffers:           36052 kB
Cached:           312108 kB
MemTotal:        1844596 kB
MemFree:         1309076 kB
MemAvailable:    1539340 kB
Buffers:           36052 kB
Cached:           312108 kB
MemTotal:        1844596 kB
MemFree:         1309216 kB
MemAvailable:    1539480 kB
Buffers:           36052 kB
Cached:           312108 kB
MemTotal:        1844596 kB
MemFree:         1308628 kB
MemAvailable:    1538892 kB
Buffers:           36052 kB
Cached:           312108 kB
MemTotal:        1844596 kB
MemFree:         1308840 kB
MemAvailable:    1539104 kB
Buffers:           36052 kB
Cached:           312108 kB
MemTotal:        1844596 kB
MemFree:         1306892 kB
MemAvailable:    1537156 kB
Buffers:           36052 kB
Cached:           312108 kB
MemTotal:        1844596 kB
MemFree:         1306412 kB
MemAvailable:    1536552 kB
Buffers:           36052 kB
Cached:           312108 kB
MemTotal:        1844596 kB
MemFree:         1306520 kB
MemAvailable:    1536784 kB
Buffers:           36052 kB
Cached:           312108 kB
MemTotal:        1844596 kB
MemFree:         1306500 kB
MemAvailable:    1536764 kB
Buffers:           36052 kB
Cached:           312108 kB
MemTotal:        1844596 kB
MemFree:         1306836 kB
MemAvailable:    1537100 kB
Buffers:           36052 kB
Cached:           312108 kB
MemTotal:        1844596 kB
MemFree:         1306676 kB
MemAvailable:    1536940 kB
Buffers:           36052 kB
Cached:           312108 kB
MemTotal:        1844596 kB
MemFree:         1305784 kB
MemAvailable:    1536048 kB
Buffers:           36052 kB
Cached:           312108 kB
MemTotal:        1844596 kB
MemFree:         1306376 kB
MemAvailable:    1536640 kB
Buffers:           36052 kB
Cached:           312108 kB
MemTotal:        1844596 kB
MemFree:         1306040 kB
MemAvailable:    1536304 kB
Buffers:           36052 kB
Cached:           312108 kB
MemTotal:        1844596 kB
MemFree:         1306544 kB
MemAvailable:    1536808 kB
Buffers:           36052 kB
Cached:           312108 kB
MemTotal:        1844596 kB
MemFree:         1306700 kB
MemAvailable:    1536964 kB
Buffers:           36052 kB
Cached:           312108 kB
MemTotal:        1844596 kB
MemFree:         1307900 kB
MemAvailable:    1538164 kB
Buffers:           36052 kB
Cached:           312108 kB
MemTotal:        1844596 kB
MemFree:         1305976 kB
MemAvailable:    1536240 kB
Buffers:           36052 kB
Cached:           312108 kB
MemTotal:        1844596 kB
MemFree:         1303808 kB
MemAvailable:    1534072 kB
Buffers:           36052 kB
Cached:           312108 kB
MemTotal:        1844596 kB
MemFree:         1303248 kB
MemAvailable:    1533512 kB
Buffers:           36052 kB
Cached:           312108 kB
MemTotal:        1844596 kB
MemFree:         1304284 kB
MemAvailable:    1534548 kB
Buffers:           36052 kB
Cached:           312108 kB
MemTotal:        1844596 kB
MemFree:         1303552 kB
MemAvailable:    1533816 kB
Buffers:           36052 kB
Cached:           312108 kB
MemTotal:        1844596 kB
MemFree:         1302668 kB
MemAvailable:    1532932 kB
Buffers:           36052 kB
Cached:           312108 kB
MemTotal:        1844596 kB
MemFree:         1302064 kB
MemAvailable:    1532328 kB
Buffers:           36052 kB
Cached:           312108 kB
MemTotal:        1844596 kB
MemFree:         1302444 kB
MemAvailable:    1532708 kB
Buffers:           36052 kB
Cached:           312108 kB
MemTotal:        1844596 kB
MemFree:         1302456 kB
MemAvailable:    1532720 kB
Buffers:           36052 kB
Cached:           312108 kB
MemTotal:        1844596 kB
MemFree:         1301328 kB
MemAvailable:    1531592 kB
Buffers:           36052 kB
Cached:           312108 kB
MemTotal:        1844596 kB
MemFree:         1302388 kB
MemAvailable:    1532652 kB
Buffers:           36052 kB
Cached:           312108 kB
MemTotal:        1844596 kB
MemFree:         1302556 kB
MemAvailable:    1532820 kB
Buffers:           36052 kB
Cached:           312108 kB
MemTotal:        1844596 kB
MemFree:         1300936 kB
MemAvailable:    1531200 kB
Buffers:           36052 kB
Cached:           312108 kB
MemTotal:        1844596 kB
MemFree:         1301808 kB
MemAvailable:    1532072 kB
Buffers:           36052 kB
Cached:           312108 kB
MemTotal:        1844596 kB
MemFree:         1301576 kB
MemAvailable:    1531840 kB
Buffers:           36052 kB
Cached:           312108 kB
MemTotal:        1844596 kB
MemFree:         1301744 kB
MemAvailable:    1532008 kB
Buffers:           36052 kB
Cached:           312108 kB
MemTotal:        1844596 kB
MemFree:         1300072 kB
MemAvailable:    1530336 kB
Buffers:           36052 kB
Cached:           312108 kB
MemTotal:        1844596 kB
MemFree:         1300308 kB
MemAvailable:    1530572 kB
Buffers:           36052 kB
Cached:           312108 kB
MemTotal:        1844596 kB
MemFree:         1300432 kB
MemAvailable:    1530696 kB
Buffers:           36052 kB
Cached:           312108 kB
MemTotal:        1844596 kB
MemFree:         1300432 kB
MemAvailable:    1530696 kB
Buffers:           36052 kB
Cached:           312108 kB
MemTotal:        1844596 kB
MemFree:         1300432 kB
MemAvailable:    1530696 kB
Buffers:           36052 kB
Cached:           312108 kB
MemTotal:        1844596 kB
MemFree:         1301360 kB
MemAvailable:    1531624 kB
Buffers:           36052 kB
Cached:           312108 kB
MemTotal:        1844596 kB
MemFree:         1301528 kB
MemAvailable:    1531792 kB
Buffers:           36052 kB
Cached:           312108 kB
MemTotal:        1844596 kB
MemFree:         1299940 kB
MemAvailable:    1530204 kB
Buffers:           36052 kB
Cached:           312108 kB
MemTotal:        1844596 kB
MemFree:         1300444 kB
MemAvailable:    1530708 kB
Buffers:           36052 kB
Cached:           312108 kB
MemTotal:        1844596 kB
MemFree:         1300068 kB
MemAvailable:    1530332 kB
Buffers:           36052 kB
Cached:           312108 kB
MemTotal:        1844596 kB
MemFree:         1301064 kB
MemAvailable:    1531328 kB
Buffers:           36052 kB
Cached:           312108 kB
MemTotal:        1844596 kB
MemFree:         1301064 kB
MemAvailable:    1531328 kB
Buffers:           36052 kB
Cached:           312108 kB
MemTotal:        1844596 kB
MemFree:         1300752 kB
MemAvailable:    1531016 kB
Buffers:           36052 kB
Cached:           312108 kB
MemTotal:        1844596 kB
MemFree:         1300544 kB
MemAvailable:    1530808 kB
Buffers:           36052 kB
Cached:           312108 kB
MemTotal:        1844596 kB
MemFree:         1300460 kB
MemAvailable:    1530724 kB
Buffers:           36052 kB
Cached:           312108 kB
MemTotal:        1844596 kB
MemFree:         1300632 kB
MemAvailable:    1530896 kB
Buffers:           36052 kB
Cached:           312108 kB
MemTotal:        1844596 kB
MemFree:         1300684 kB
MemAvailable:    1530948 kB
Buffers:           36060 kB
Cached:           312100 kB
MemTotal:        1844596 kB
MemFree:         1300520 kB
MemAvailable:    1530784 kB
Buffers:           36064 kB
Cached:           312096 kB
MemTotal:        1844596 kB
MemFree:         1300320 kB
MemAvailable:    1530584 kB
Buffers:           36064 kB
Cached:           312096 kB
MemTotal:        1844596 kB
MemFree:         1300656 kB
MemAvailable:    1530920 kB
Buffers:           36064 kB
Cached:           312096 kB
MemTotal:        1844596 kB
MemFree:         1300392 kB
MemAvailable:    1530656 kB
Buffers:           36064 kB
Cached:           312096 kB
MemTotal:        1844596 kB
MemFree:         1300212 kB
MemAvailable:    1530476 kB
Buffers:           36064 kB
Cached:           312096 kB
MemTotal:        1844596 kB
MemFree:         1300508 kB
MemAvailable:    1530772 kB
Buffers:           36064 kB
Cached:           312096 kB
MemTotal:        1844596 kB
MemFree:         1299592 kB
MemAvailable:    1529856 kB
Buffers:           36064 kB
Cached:           312096 kB
MemTotal:        1844596 kB
MemFree:         1298964 kB
MemAvailable:    1529240 kB
Buffers:           36064 kB
Cached:           312108 kB
MemTotal:        1844596 kB
MemFree:         1298484 kB
MemAvailable:    1528760 kB
Buffers:           36064 kB
Cached:           312108 kB
MemTotal:        1844596 kB
MemFree:         1295996 kB
MemAvailable:    1526272 kB
Buffers:           36064 kB
Cached:           312108 kB
MemTotal:        1844596 kB
MemFree:         1293004 kB
MemAvailable:    1523280 kB
Buffers:           36064 kB
Cached:           312108 kB
MemTotal:        1844596 kB
MemFree:         1292152 kB
MemAvailable:    1522428 kB
Buffers:           36064 kB
Cached:           312108 kB
MemTotal:        1844596 kB
MemFree:         1292776 kB
MemAvailable:    1523052 kB
Buffers:           36064 kB
Cached:           312108 kB
MemTotal:        1844596 kB
MemFree:         1292644 kB
MemAvailable:    1522920 kB
Buffers:           36064 kB
Cached:           312108 kB
MemTotal:        1844596 kB
MemFree:         1291212 kB
MemAvailable:    1521488 kB
Buffers:           36064 kB
Cached:           312108 kB
MemTotal:        1844596 kB
MemFree:         1292364 kB
MemAvailable:    1522640 kB
Buffers:           36064 kB
Cached:           312108 kB
MemTotal:        1844596 kB
MemFree:         1291248 kB
MemAvailable:    1521524 kB
Buffers:           36064 kB
Cached:           312108 kB
MemTotal:        1844596 kB
MemFree:         1292536 kB
MemAvailable:    1522812 kB
Buffers:           36064 kB
Cached:           312108 kB
MemTotal:        1844596 kB
MemFree:         1292752 kB
MemAvailable:    1523028 kB
Buffers:           36064 kB
Cached:           312108 kB
MemTotal:        1844596 kB
MemFree:         1292392 kB
MemAvailable:    1522668 kB
Buffers:           36064 kB
Cached:           312108 kB
MemTotal:        1844596 kB
MemFree:         1292732 kB
MemAvailable:    1523008 kB
Buffers:           36064 kB
Cached:           312108 kB
MemTotal:        1844596 kB
MemFree:         1292212 kB
MemAvailable:    1522488 kB
Buffers:           36064 kB
Cached:           312108 kB
MemTotal:        1844596 kB
MemFree:         1291532 kB
MemAvailable:    1521808 kB
Buffers:           36064 kB
Cached:           312108 kB
MemTotal:        1844596 kB
MemFree:         1292524 kB
MemAvailable:    1522800 kB
Buffers:           36064 kB
Cached:           312108 kB
MemTotal:        1844596 kB
MemFree:         1291780 kB
MemAvailable:    1522056 kB
Buffers:           36064 kB
Cached:           312108 kB
MemTotal:        1844596 kB
MemFree:         1291400 kB
MemAvailable:    1521684 kB
Buffers:           36064 kB
Cached:           312116 kB
MemTotal:        1844596 kB
MemFree:         1291284 kB
MemAvailable:    1521568 kB
Buffers:           36064 kB
Cached:           312116 kB
MemTotal:        1844596 kB
MemFree:         1291888 kB
MemAvailable:    1522172 kB
Buffers:           36064 kB
Cached:           312116 kB
MemTotal:        1844596 kB
MemFree:         1291656 kB
MemAvailable:    1521940 kB
Buffers:           36064 kB
Cached:           312116 kB
MemTotal:        1844596 kB
MemFree:         1291160 kB
MemAvailable:    1521444 kB
Buffers:           36064 kB
Cached:           312116 kB
MemTotal:        1844596 kB
MemFree:         1291088 kB
MemAvailable:    1521372 kB
Buffers:           36064 kB
Cached:           312116 kB
MemTotal:        1844596 kB
MemFree:         1290912 kB
MemAvailable:    1521196 kB
Buffers:           36064 kB
Cached:           312116 kB
MemTotal:        1844596 kB
MemFree:         1289664 kB
MemAvailable:    1519948 kB
Buffers:           36064 kB
Cached:           312116 kB
MemTotal:        1844596 kB
MemFree:         1289656 kB
MemAvailable:    1519940 kB
Buffers:           36064 kB
Cached:           312116 kB
MemTotal:        1844596 kB
MemFree:         1289992 kB
MemAvailable:    1520276 kB
Buffers:           36064 kB
Cached:           312116 kB
MemTotal:        1844596 kB
MemFree:         1288912 kB
MemAvailable:    1519196 kB
Buffers:           36064 kB
Cached:           312116 kB
MemTotal:        1844596 kB
MemFree:         1288996 kB
MemAvailable:    1519280 kB
Buffers:           36064 kB
Cached:           312116 kB
MemTotal:        1844596 kB
MemFree:         1288916 kB
MemAvailable:    1519200 kB
Buffers:           36064 kB
Cached:           312116 kB
MemTotal:        1844596 kB
MemFree:         1288928 kB
MemAvailable:    1519212 kB
Buffers:           36064 kB
Cached:           312116 kB
MemTotal:        1844596 kB
MemFree:         1288992 kB
MemAvailable:    1519276 kB
Buffers:           36064 kB
Cached:           312116 kB
MemTotal:        1844596 kB
MemFree:         1288472 kB
MemAvailable:    1518756 kB
Buffers:           36064 kB
Cached:           312116 kB
MemTotal:        1844596 kB
MemFree:         1288724 kB
MemAvailable:    1519008 kB
Buffers:           36064 kB
Cached:           312116 kB
MemTotal:        1844596 kB
MemFree:         1287428 kB
MemAvailable:    1517712 kB
Buffers:           36064 kB
Cached:           312116 kB
MemTotal:        1844596 kB
MemFree:         1288612 kB
MemAvailable:    1518896 kB
Buffers:           36064 kB
Cached:           312116 kB
MemTotal:        1844596 kB
MemFree:         1288680 kB
MemAvailable:    1518964 kB
Buffers:           36064 kB
Cached:           312116 kB
MemTotal:        1844596 kB
MemFree:         1287252 kB
MemAvailable:    1517536 kB
Buffers:           36064 kB
Cached:           312116 kB
MemTotal:        1844596 kB
MemFree:         1287252 kB
MemAvailable:    1517536 kB
Buffers:           36064 kB
Cached:           312116 kB
MemTotal:        1844596 kB
MemFree:         1288184 kB
MemAvailable:    1518468 kB
Buffers:           36064 kB
Cached:           312116 kB
MemTotal:        1844596 kB
MemFree:         1286808 kB
MemAvailable:    1517092 kB
Buffers:           36064 kB
Cached:           312116 kB
MemTotal:        1844596 kB
MemFree:         1287792 kB
MemAvailable:    1518076 kB
Buffers:           36064 kB
Cached:           312116 kB
MemTotal:        1844596 kB
MemFree:         1281176 kB
MemAvailable:    1511460 kB
Buffers:           36064 kB
Cached:           312116 kB
MemTotal:        1844596 kB
MemFree:         1279744 kB
MemAvailable:    1510028 kB
Buffers:           36064 kB
Cached:           312116 kB
MemTotal:        1844596 kB
MemFree:         1279744 kB
MemAvailable:    1510028 kB
Buffers:           36064 kB
Cached:           312116 kB
MemTotal:        1844596 kB
MemFree:         1280596 kB
MemAvailable:    1510880 kB
Buffers:           36064 kB
Cached:           312116 kB
MemTotal:        1844596 kB
MemFree:         1280680 kB
MemAvailable:    1510964 kB
Buffers:           36064 kB
Cached:           312116 kB
MemTotal:        1844596 kB
MemFree:         1279348 kB
MemAvailable:    1509632 kB
Buffers:           36064 kB
Cached:           312116 kB
MemTotal:        1844596 kB
MemFree:         1282708 kB
MemAvailable:    1512992 kB
Buffers:           36064 kB
Cached:           312116 kB
MemTotal:        1844596 kB
MemFree:         1282852 kB
MemAvailable:    1513136 kB
Buffers:           36064 kB
Cached:           312116 kB
MemTotal:        1844596 kB
MemFree:         1282224 kB
MemAvailable:    1512676 kB
Buffers:           36064 kB
Cached:           312240 kB
MemTotal:        1844596 kB
MemFree:         1282224 kB
MemAvailable:    1512676 kB
Buffers:           36064 kB
Cached:           312240 kB
MemTotal:        1844596 kB
MemFree:         1281836 kB
MemAvailable:    1512540 kB
Buffers:           36064 kB
Cached:           312612 kB
MemTotal:        1844596 kB
MemFree:         1280720 kB
MemAvailable:    1511256 kB
Buffers:           36064 kB
Cached:           312364 kB
MemTotal:        1844596 kB
MemFree:         1281596 kB
MemAvailable:    1512468 kB
Buffers:           36064 kB
Cached:           312736 kB
MemTotal:        1844596 kB
MemFree:         1281596 kB
MemAvailable:    1512468 kB
Buffers:           36064 kB
Cached:           312736 kB
MemTotal:        1844596 kB
MemFree:         1281432 kB
MemAvailable:    1512304 kB
Buffers:           36064 kB
Cached:           312736 kB
MemTotal:        1844596 kB
MemFree:         1280060 kB
MemAvailable:    1510932 kB
Buffers:           36064 kB
Cached:           312736 kB
MemTotal:        1844596 kB
MemFree:         1281460 kB
MemAvailable:    1512332 kB
Buffers:           36064 kB
Cached:           312736 kB
MemTotal:        1844596 kB
MemFree:         1281116 kB
MemAvailable:    1511988 kB
Buffers:           36064 kB
Cached:           312736 kB
MemTotal:        1844596 kB
MemFree:         1281368 kB
MemAvailable:    1512240 kB
Buffers:           36064 kB
Cached:           312736 kB
MemTotal:        1844596 kB
MemFree:         1280184 kB
MemAvailable:    1511056 kB
Buffers:           36064 kB
Cached:           312736 kB
MemTotal:        1844596 kB
MemFree:         1281556 kB
MemAvailable:    1512512 kB
Buffers:           36064 kB
Cached:           312736 kB
MemTotal:        1844596 kB
MemFree:         1280696 kB
MemAvailable:    1510980 kB
Buffers:           36064 kB
Cached:           312104 kB
MemTotal:        1844596 kB
MemFree:         1348480 kB
MemAvailable:    1578764 kB
Buffers:           36064 kB
Cached:           312104 kB
