MemTotal:        1844596 kB
MemFree:         1251864 kB
MemAvailable:    1565716 kB
Buffers:           47556 kB
Cached:           382492 kB
MemTotal:        1844596 kB
MemFree:         1225624 kB
MemAvailable:    1539480 kB
Buffers:           47556 kB
Cached:           382496 kB
MemTotal:        1844596 kB
MemFree:         1223144 kB
MemAvailable:    1537000 kB
Buffers:           47556 kB
Cached:           382496 kB
MemTotal:        1844596 kB
MemFree:         1221152 kB
MemAvailable:    1535008 kB
Buffers:           47556 kB
Cached:           382496 kB
MemTotal:        1844596 kB
MemFree:         1221028 kB
MemAvailable:    1534884 kB
Buffers:           47556 kB
Cached:           382496 kB
MemTotal:        1844596 kB
MemFree:         1220044 kB
MemAvailable:    1533900 kB
Buffers:           47556 kB
Cached:           382496 kB
MemTotal:        1844596 kB
MemFree:         1219176 kB
MemAvailable:    1533032 kB
Buffers:           47556 kB
Cached:           382496 kB
MemTotal:        1844596 kB
MemFree:         1215696 kB
MemAvailable:    1529552 kB
Buffers:           47556 kB
Cached:           382496 kB
MemTotal:        1844596 kB
MemFree:         1214340 kB
MemAvailable:    1528196 kB
Buffers:           47556 kB
Cached:           382496 kB
MemTotal:        1844596 kB
MemFree:         1210868 kB
MemAvailable:    1524724 kB
Buffers:           47556 kB
Cached:           382496 kB
MemTotal:        1844596 kB
MemFree:         1208628 kB
MemAvailable:    1522484 kB
Buffers:           47556 kB
Cached:           382496 kB
MemTotal:        1844596 kB
MemFree:         1209372 kB
MemAvailable:    1523228 kB
Buffers:           47556 kB
Cached:           382496 kB
MemTotal:        1844596 kB
MemFree:         1209588 kB
MemAvailable:    1523444 kB
Buffers:           47556 kB
Cached:           382496 kB
MemTotal:        1844596 kB
MemFree:         1209572 kB
MemAvailable:    1523428 kB
Buffers:           47556 kB
Cached:           382496 kB
MemTotal:        1844596 kB
MemFree:         1210688 kB
MemAvailable:    1524544 kB
Buffers:           47556 kB
Cached:           382496 kB
MemTotal:        1844596 kB
MemFree:         1209316 kB
MemAvailable:    1523172 kB
Buffers:           47556 kB
Cached:           382496 kB
MemTotal:        1844596 kB
MemFree:         1208512 kB
MemAvailable:    1522368 kB
Buffers:           47556 kB
Cached:           382496 kB
MemTotal:        1844596 kB
MemFree:         1207396 kB
MemAvailable:    1521252 kB
Buffers:           47556 kB
Cached:           382496 kB
MemTotal:        1844596 kB
MemFree:         1207272 kB
MemAvailable:    1521128 kB
Buffers:           47556 kB
Cached:           382496 kB
MemTotal:        1844596 kB
MemFree:         1208200 kB
MemAvailable:    1522056 kB
Buffers:           47556 kB
Cached:           382496 kB
MemTotal:        1844596 kB
MemFree:         1207768 kB
MemAvailable:    1521624 kB
Buffers:           47556 kB
Cached:           382496 kB
MemTotal:        1844596 kB
MemFree:         1208392 kB
MemAvailable:    1522248 kB
Buffers:           47556 kB
Cached:           382496 kB
MemTotal:        1844596 kB
MemFree:         1208344 kB
MemAvailable:    1522200 kB
Buffers:           47556 kB
Cached:           382496 kB
MemTotal:        1844596 kB
MemFree:         1208388 kB
MemAvailable:    1522244 kB
Buffers:           47556 kB
Cached:           382496 kB
MemTotal:        1844596 kB
MemFree:         1208584 kB
MemAvailable:    1522440 kB
Buffers:           47556 kB
Cached:           382496 kB
MemTotal:        1844596 kB
MemFree:         1207212 kB
MemAvailable:    1521068 kB
Buffers:           47556 kB
Cached:           382496 kB
MemTotal:        1844596 kB
MemFree:         1209548 kB
MemAvailable:    1523404 kB
Buffers:           47556 kB
Cached:           382496 kB
MemTotal:        1844596 kB
MemFree:         1209796 kB
MemAvailable:    1523652 kB
Buffers:           47556 kB
Cached:           382496 kB
MemTotal:        1844596 kB
MemFree:         1208076 kB
MemAvailable:    1521932 kB
Buffers:           47556 kB
Cached:           382496 kB
MemTotal:        1844596 kB
MemFree:         1205288 kB
MemAvailable:    1519144 kB
Buffers:           47556 kB
Cached:           382496 kB
MemTotal:        1844596 kB
MemFree:         1205776 kB
MemAvailable:    1519632 kB
Buffers:           47556 kB
Cached:           382496 kB
MemTotal:        1844596 kB
MemFree:         1205296 kB
MemAvailable:    1519152 kB
Buffers:           47556 kB
Cached:           382496 kB
MemTotal:        1844596 kB
MemFree:         1205148 kB
MemAvailable:    1519004 kB
Buffers:           47556 kB
Cached:           382496 kB
MemTotal:        1844596 kB
MemFree:         1205040 kB
MemAvailable:    1518896 kB
Buffers:           47556 kB
Cached:           382496 kB
MemTotal:        1844596 kB
MemFree:         1204480 kB
MemAvailable:    1518336 kB
Buffers:           47556 kB
Cached:           382496 kB
MemTotal:        1844596 kB
MemFree:         1203180 kB
MemAvailable:    1517036 kB
Buffers:           47556 kB
Cached:           382496 kB
MemTotal:        1844596 kB
MemFree:         1202924 kB
MemAvailable:    1516780 kB
Buffers:           47556 kB
Cached:           382496 kB
MemTotal:        1844596 kB
MemFree:         1204116 kB
MemAvailable:    1517972 kB
Buffers:           47556 kB
Cached:           382496 kB
MemTotal:        1844596 kB
MemFree:         1204100 kB
MemAvailable:    1517956 kB
Buffers:           47556 kB
Cached:           382496 kB
MemTotal:        1844596 kB
MemFree:         1204028 kB
MemAvailable:    1517884 kB
Buffers:           47556 kB
Cached:           382496 kB
MemTotal:        1844596 kB
MemFree:         1202552 kB
MemAvailable:    1516408 kB
Buffers:           47556 kB
Cached:           382496 kB
MemTotal:        1844596 kB
MemFree:         1203720 kB
MemAvailable:    1517576 kB
Buffers:           47556 kB
Cached:           382496 kB
MemTotal:        1844596 kB
MemFree:         1203232 kB
MemAvailable:    1517088 kB
Buffers:           47556 kB
Cached:           382496 kB
MemTotal:        1844596 kB
MemFree:         1203060 kB
MemAvailable:    1516916 kB
Buffers:           47556 kB
Cached:           382496 kB
MemTotal:        1844596 kB
MemFree:         1201880 kB
MemAvailable:    1515736 kB
Buffers:           47556 kB
Cached:           382496 kB
MemTotal:        1844596 kB
MemFree:         1202052 kB
MemAvailable:    1515908 kB
Buffers:           47556 kB
Cached:           382496 kB
MemTotal:        1844596 kB
MemFree:         1201916 kB
MemAvailable:    1515772 kB
Buffers:           47556 kB
Cached:           382496 kB
MemTotal:        1844596 kB
MemFree:         1201908 kB
MemAvailable:    1515764 kB
Buffers:           47556 kB
Cached:           382496 kB
MemTotal:        1844596 kB
MemFree:         1201940 kB
MemAvailable:    1515796 kB
Buffers:           47556 kB
Cached:           382496 kB
MemTotal:        1844596 kB
MemFree:         1203120 kB
MemAvailable:    1516976 kB
Buffers:           47556 kB
Cached:           382496 kB
MemTotal:        1844596 kB
MemFree:         1203180 kB
MemAvailable:    1517036 kB
Buffers:           47556 kB
Cached:           382496 kB
MemTotal:        1844596 kB
MemFree:         1203112 kB
MemAvailable:    1516968 kB
Buffers:           47556 kB
Cached:           382496 kB
MemTotal:        1844596 kB
MemFree:         1203280 kB
MemAvailable:    1517136 kB
Buffers:           47556 kB
Cached:           382496 kB
MemTotal:        1844596 kB
MemFree:         1203060 kB
MemAvailable:    1516916 kB
Buffers:           47556 kB
Cached:           382496 kB
MemTotal:        1844596 kB
MemFree:         1201628 kB
MemAvailable:    1515484 kB
Buffers:           47556 kB
Cached:           382496 kB
MemTotal:        1844596 kB
MemFree:         1201496 kB
MemAvailable:    1515352 kB
Buffers:           47556 kB
Cached:           382496 kB
MemTotal:        1844596 kB
MemFree:         1202296 kB
MemAvailable:    1516152 kB
Buffers:           47556 kB
Cached:           382496 kB
MemTotal:        1844596 kB
MemFree:         1201816 kB
MemAvailable:    1515672 kB
Buffers:           47556 kB
Cached:           382496 kB
MemTotal:        1844596 kB
MemFree:         1202160 kB
MemAvailable:    1516016 kB
Buffers:           47556 kB
Cached:           382496 kB
MemTotal:        1844596 kB
MemFree:         1202244 kB
MemAvailable:    1516100 kB
Buffers:           47556 kB
Cached:           382496 kB
MemTotal:        1844596 kB
MemFree:         1202236 kB
MemAvailable:    1516092 kB
Buffers:           47556 kB
Cached:           382496 kB
MemTotal:        1844596 kB
MemFree:         1202292 kB
MemAvailable:    1516148 kB
Buffers:           47556 kB
Cached:           382496 kB
MemTotal:        1844596 kB
MemFree:         1202004 kB
MemAvailable:    1515860 kB
Buffers:           47556 kB
Cached:           382496 kB
MemTotal:        1844596 kB
MemFree:         1202248 kB
MemAvailable:    1516104 kB
Buffers:           47556 kB
Cached:           382496 kB
MemTotal:        1844596 kB
MemFree:         1201320 kB
MemAvailable:    1515176 kB
Buffers:           47556 kB
Cached:           382496 kB
MemTotal:        1844596 kB
MemFree:         1202232 kB
MemAvailable:    1516092 kB
Buffers:           47556 kB
Cached:           382500 kB
MemTotal:        1844596 kB
MemFree:         1202336 kB
MemAvailable:    1516196 kB
Buffers:           47556 kB
Cached:           382500 kB
MemTotal:        1844596 kB
MemFree:         1202016 kB
MemAvailable:    1515876 kB
Buffers:           47556 kB
Cached:           382500 kB
MemTotal:        1844596 kB
MemFree:         1199708 kB
MemAvailable:    1513568 kB
Buffers:           47556 kB
Cached:           382500 kB
MemTotal:        1844596 kB
MemFree:         1196716 kB
MemAvailable:    1510576 kB
Buffers:           47556 kB
Cached:           382500 kB
MemTotal:        1844596 kB
MemFree:         1196112 kB
MemAvailable:    1509972 kB
Buffers:           47556 kB
Cached:           382500 kB
MemTotal:        1844596 kB
MemFree:         1194800 kB
MemAvailable:    1508660 kB
Buffers:           47556 kB
Cached:           382500 kB
MemTotal:        1844596 kB
MemFree:         1193368 kB
MemAvailable:    1507228 kB
Buffers:           47556 kB
Cached:           382500 kB
MemTotal:        1844596 kB
MemFree:         1193104 kB
MemAvailable:    1506964 kB
Buffers:           47556 kB
Cached:           382500 kB
MemTotal:        1844596 kB
MemFree:         1194388 kB
MemAvailable:    1508248 kB
Buffers:           47556 kB
Cached:           382500 kB
MemTotal:        1844596 kB
MemFree:         1192980 kB
MemAvailable:    1506840 kB
Buffers:           47556 kB
Cached:           382500 kB
MemTotal:        1844596 kB
MemFree:         1192976 kB
MemAvailable:    1506836 kB
Buffers:           47556 kB
Cached:           382500 kB
MemTotal:        1844596 kB
MemFree:         1194252 kB
MemAvailable:    1508112 kB
Buffers:           47556 kB
Cached:           382500 kB
MemTotal:        1844596 kB
MemFree:         1192880 kB
MemAvailable:    1506740 kB
Buffers:           47556 kB
Cached:           382500 kB
MemTotal:        1844596 kB
MemFree:         1194264 kB
MemAvailable:    1508124 kB
Buffers:           47556 kB
Cached:           382500 kB
MemTotal:        1844596 kB
MemFree:         1194220 kB
MemAvailable:    1508080 kB
Buffers:           47556 kB
Cached:           382500 kB
MemTotal:        1844596 kB
MemFree:         1194304 kB
MemAvailable:    1508164 kB
Buffers:           47556 kB
Cached:           382500 kB
MemTotal:        1844596 kB
MemFree:         1194092 kB
MemAvailable:    1507952 kB
Buffers:           47556 kB
Cached:           382500 kB
MemTotal:        1844596 kB
MemFree:         1194344 kB
MemAvailable:    1508204 kB
Buffers:           47556 kB
Cached:           382500 kB
MemTotal:        1844596 kB
MemFree:         1192992 kB
MemAvailable:    1506852 kB
Buffers:           47556 kB
Cached:           382500 kB
MemTotal:        1844596 kB
MemFree:         1192384 kB
MemAvailable:    1506244 kB
Buffers:           47556 kB
Cached:           382500 kB
MemTotal:        1844596 kB
MemFree:         1192508 kB
MemAvailable:    1506368 kB
Buffers:           47556 kB
Cached:           382500 kB
MemTotal:        1844596 kB
MemFree:         1192020 kB
MemAvailable:    1505880 kB
Buffers:           47556 kB
Cached:           382500 kB
MemTotal:        1844596 kB
MemFree:         1192020 kB
MemAvailable:    1505880 kB
Buffers:           47556 kB
Cached:           382500 kB
MemTotal:        1844596 kB
MemFree:         1192700 kB
MemAvailable:    1506564 kB
Buffers:           47556 kB
Cached:           382504 kB
MemTotal:        1844596 kB
MemFree:         1191576 kB
MemAvailable:    1505440 kB
Buffers:           47556 kB
Cached:           382504 kB
MemTotal:        1844596 kB
MemFree:         1191460 kB
MemAvailable:    1505328 kB
Buffers:           47556 kB
Cached:           382508 kB
MemTotal:        1844596 kB
MemFree:         1189900 kB
MemAvailable:    1503768 kB
Buffers:           47556 kB
Cached:           382508 kB
MemTotal:        1844596 kB
MemFree:         1189656 kB
MemAvailable:    1503524 kB
Buffers:           47556 kB
Cached:           382508 kB
MemTotal:        1844596 kB
MemFree:         1190400 kB
MemAvailable:    1504268 kB
Buffers:           47556 kB
Cached:           382508 kB
MemTotal:        1844596 kB
MemFree:         1190656 kB
MemAvailable:    1504524 kB
Buffers:           47556 kB
Cached:           382508 kB
MemTotal:        1844596 kB
MemFree:         1190524 kB
MemAvailable:    1504392 kB
Buffers:           47556 kB
Cached:           382508 kB
MemTotal:        1844596 kB
MemFree:         1189092 kB
MemAvailable:    1502960 kB
Buffers:           47556 kB
Cached:           382508 kB
MemTotal:        1844596 kB
MemFree:         1188960 kB
MemAvailable:    1502828 kB
Buffers:           47556 kB
Cached:           382508 kB
MemTotal:        1844596 kB
MemFree:         1190496 kB
MemAvailable:    1504364 kB
Buffers:           47556 kB
Cached:           382508 kB
MemTotal:        1844596 kB
MemFree:         1190304 kB
MemAvailable:    1504172 kB
Buffers:           47556 kB
Cached:           382508 kB
MemTotal:        1844596 kB
MemFree:         1190144 kB
MemAvailable:    1504012 kB
Buffers:           47556 kB
Cached:           382508 kB
MemTotal:        1844596 kB
MemFree:         1189832 kB
MemAvailable:    1503700 kB
Buffers:           47556 kB
Cached:           382508 kB
MemTotal:        1844596 kB
MemFree:         1189156 kB
MemAvailable:    1503024 kB
Buffers:           47556 kB
Cached:           382508 kB
MemTotal:        1844596 kB
MemFree:         1188796 kB
MemAvailable:    1502664 kB
Buffers:           47556 kB
Cached:           382508 kB
MemTotal:        1844596 kB
MemFree:         1189904 kB
MemAvailable:    1503772 kB
Buffers:           47556 kB
Cached:           382508 kB
MemTotal:        1844596 kB
MemFree:         1187432 kB
MemAvailable:    1501300 kB
Buffers:           47556 kB
Cached:           382508 kB
MemTotal:        1844596 kB
MemFree:         1182596 kB
MemAvailable:    1496464 kB
Buffers:           47556 kB
Cached:           382508 kB
MemTotal:        1844596 kB
MemFree:         1182652 kB
MemAvailable:    1496520 kB
Buffers:           47556 kB
Cached:           382508 kB
MemTotal:        1844596 kB
MemFree:         1182460 kB
MemAvailable:    1496328 kB
Buffers:           47556 kB
Cached:           382508 kB
MemTotal:        1844596 kB
MemFree:         1182308 kB
MemAvailable:    1496176 kB
Buffers:           47556 kB
Cached:           382508 kB
MemTotal:        1844596 kB
MemFree:         1182340 kB
MemAvailable:    1496208 kB
Buffers:           47556 kB
Cached:           382508 kB
MemTotal:        1844596 kB
MemFree:         1181204 kB
MemAvailable:    1495072 kB
Buffers:           47556 kB
Cached:           382508 kB
MemTotal:        1844596 kB
MemFree:         1181080 kB
MemAvailable:    1494948 kB
Buffers:           47556 kB
Cached:           382508 kB
MemTotal:        1844596 kB
MemFree:         1183676 kB
MemAvailable:    1497544 kB
Buffers:           47556 kB
Cached:           382508 kB
MemTotal:        1844596 kB
MemFree:         1184012 kB
MemAvailable:    1497964 kB
Buffers:           47556 kB
Cached:           382632 kB
MemTotal:        1844596 kB
MemFree:         1182720 kB
MemAvailable:    1496756 kB
Buffers:           47556 kB
Cached:           382756 kB
MemTotal:        1844596 kB
MemFree:         1183532 kB
MemAvailable:    1497652 kB
Buffers:           47556 kB
Cached:           382880 kB
MemTotal:        1844596 kB
MemFree:         1183588 kB
MemAvailable:    1497708 kB
Buffers:           47556 kB
Cached:           382880 kB
MemTotal:        1844596 kB
MemFree:         1183508 kB
MemAvailable:    1497796 kB
Buffers:           47556 kB
Cached:           383004 kB
MemTotal:        1844596 kB
MemFree:         1183588 kB
MemAvailable:    1497960 kB
Buffers:           47556 kB
Cached:           383004 kB
MemTotal:        1844596 kB
MemFree:         1183204 kB
MemAvailable:    1497660 kB
Buffers:           47556 kB
Cached:           383128 kB
MemTotal:        1844596 kB
MemFree:         1183200 kB
MemAvailable:    1497656 kB
Buffers:           47556 kB
Cached:           383128 kB
MemTotal:        1844596 kB
MemFree:         1183340 kB
MemAvailable:    1497796 kB
Buffers:           47556 kB
Cached:           383128 kB
MemTotal:        1844596 kB
MemFree:         1183120 kB
MemAvailable:    1497576 kB
Buffers:           47556 kB
Cached:           383128 kB
MemTotal:        1844596 kB
MemFree:         1182968 kB
MemAvailable:    1497424 kB
Buffers:           47556 kB
Cached:           383128 kB
MemTotal:        1844596 kB
MemFree:         1183096 kB
MemAvailable:    1497552 kB
Buffers:           47556 kB
Cached:           383128 kB
MemTotal:        1844596 kB
MemFree:         1181920 kB
MemAvailable:    1496376 kB
Buffers:           47556 kB
Cached:           383128 kB
MemTotal:        1844596 kB
MemFree:         1181916 kB
MemAvailable:    1496456 kB
Buffers:           47556 kB
Cached:           383252 kB
MemTotal:        1844596 kB
MemFree:         1183776 kB
MemAvailable:    1497644 kB
Buffers:           47556 kB
Cached:           382496 kB
MemTotal:        1844596 kB
MemFree:         1246684 kB
MemAvailable:    1560552 kB
Buffers:           47556 kB
Cached:           382496 kB
