MemTotal:        1844596 kB
MemFree:         1155300 kB
MemAvailable:    1561396 kB
Buffers:           58152 kB
Cached:           457008 kB
MemTotal:        1844596 kB
MemFree:         1127768 kB
MemAvailable:    1533868 kB
Buffers:           58152 kB
Cached:           457012 kB
MemTotal:        1844596 kB
MemFree:         1126176 kB
MemAvailable:    1532276 kB
Buffers:           58152 kB
Cached:           457012 kB
MemTotal:        1844596 kB
MemFree:         1124324 kB
MemAvailable:    1530424 kB
Buffers:           58152 kB
Cached:           457012 kB
MemTotal:        1844596 kB
MemFree:         1123972 kB
MemAvailable:    1530072 kB
Buffers:           58152 kB
Cached:           457012 kB
MemTotal:        1844596 kB
MemFree:         1122328 kB
MemAvailable:    1528428 kB
Buffers:           58152 kB
Cached:           457012 kB
MemTotal:        1844596 kB
MemFree:         1121284 kB
MemAvailable:    1527384 kB
Buffers:           58152 kB
Cached:           457012 kB
MemTotal:        1844596 kB
MemFree:         1117504 kB
MemAvailable:    1523604 kB
Buffers:           58152 kB
Cached:           457012 kB
MemTotal:        1844596 kB
MemFree:         1115388 kB
MemAvailable:    1521488 kB
Buffers:           58152 kB
Cached:           457012 kB
MemTotal:        1844596 kB
MemFree:         1114068 kB
MemAvailable:    1520168 kB
Buffers:           58152 kB
Cached:           457012 kB
MemTotal:        1844596 kB
MemFree:         1112720 kB
MemAvailable:    1518820 kB
Buffers:           58152 kB
Cached:           457012 kB
MemTotal:        1844596 kB
MemFree:         1113960 kB
MemAvailable:    1520060 kB
Buffers:           58152 kB
Cached:           457012 kB
MemTotal:        1844596 kB
MemFree:         1114016 kB
MemAvailable:    1520116 kB
Buffers:           58152 kB
Cached:           457012 kB
MemTotal:        1844596 kB
MemFree:         1114156 kB
MemAvailable:    1520256 kB
Buffers:           58152 kB
Cached:           457012 kB
MemTotal:        1844596 kB
MemFree:         1112528 kB
MemAvailable:    1518628 kB
Buffers:           58152 kB
Cached:           457012 kB
MemTotal:        1844596 kB
MemFree:         1111916 kB
MemAvailable:    1518016 kB
Buffers:           58152 kB
Cached:           457012 kB
MemTotal:        1844596 kB
MemFree:         1110932 kB
MemAvailable:    1517032 kB
Buffers:           58152 kB
Cached:           457012 kB
MemTotal:        1844596 kB
MemFree:         1110560 kB
MemAvailable:    1516660 kB
Buffers:           58152 kB
Cached:           457012 kB
MemTotal:        1844596 kB
MemFree:         1110296 kB
MemAvailable:    1516396 kB
Buffers:           58152 kB
Cached:           457012 kB
MemTotal:        1844596 kB
MemFree:         1111684 kB
MemAvailable:    1517784 kB
Buffers:           58152 kB
Cached:           457012 kB
MemTotal:        1844596 kB
MemFree:         1111592 kB
MemAvailable:    1517692 kB
Buffers:           58152 kB
Cached:           457012 kB
MemTotal:        1844596 kB
MemFree:         1111056 kB
MemAvailable:    1517156 kB
Buffers:           58152 kB
Cached:           457012 kB
MemTotal:        1844596 kB
MemFree:         1111412 kB
MemAvailable:    1517512 kB
Buffers:           58152 kB
Cached:           457012 kB
MemTotal:        1844596 kB
MemFree:         1111428 kB
MemAvailable:    1517528 kB
Buffers:           58152 kB
Cached:           457012 kB
MemTotal:        1844596 kB
MemFree:         1112492 kB
MemAvailable:    1518592 kB
Buffers:           58152 kB
Cached:           457012 kB
MemTotal:        1844596 kB
MemFree:         1112828 kB
MemAvailable:    1518928 kB
Buffers:           58152 kB
Cached:           457012 kB
MemTotal:        1844596 kB
MemFree:         1111544 kB
MemAvailable:    1517644 kB
Buffers:           58152 kB
Cached:           457012 kB
MemTotal:        1844596 kB
MemFree:         1111180 kB
MemAvailable:    1517280 kB
Buffers:           58152 kB
Cached:           457012 kB
MemTotal:        1844596 kB
MemFree:         1109320 kB
MemAvailable:    1515420 kB
Buffers:           58152 kB
Cached:           457012 kB
MemTotal:        1844596 kB
MemFree:         1107832 kB
MemAvailable:    1513932 kB
Buffers:           58152 kB
Cached:           457012 kB
MemTotal:        1844596 kB
MemFree:         1107336 kB
MemAvailable:    1513436 kB
Buffers:           58152 kB
Cached:           457012 kB
MemTotal:        1844596 kB
MemFree:         1107080 kB
MemAvailable:    1513180 kB
Buffers:           58152 kB
Cached:           457012 kB
MemTotal:        1844596 kB
MemFree:         1106460 kB
MemAvailable:    1512560 kB
Buffers:           58152 kB
Cached:           457012 kB
MemTotal:        1844596 kB
MemFree:         1106204 kB
MemAvailable:    1512304 kB
Buffers:           58152 kB
Cached:           457012 kB
MemTotal:        1844596 kB
MemFree:         1106040 kB
MemAvailable:    1512140 kB
Buffers:           58152 kB
Cached:           457012 kB
MemTotal:        1844596 kB
MemFree:         1107376 kB
MemAvailable:    1513476 kB
Buffers:           58152 kB
Cached:           457012 kB
MemTotal:        1844596 kB
MemFree:         1107336 kB
MemAvailable:    1513436 kB
Buffers:           58152 kB
Cached:           457012 kB
MemTotal:        1844596 kB
MemFree:         1106072 kB
MemAvailable:    1512172 kB
Buffers:           58152 kB
Cached:           457012 kB
MemTotal:        1844596 kB
MemFree:         1105808 kB
MemAvailable:    1511908 kB
Buffers:           58152 kB
Cached:           457012 kB
MemTotal:        1844596 kB
MemFree:         1105600 kB
MemAvailable:    1511700 kB
Buffers:           58152 kB
Cached:           457012 kB
MemTotal:        1844596 kB
MemFree:         1106628 kB
MemAvailable:    1512728 kB
Buffers:           58152 kB
Cached:           457012 kB
MemTotal:        1844596 kB
MemFree:         1105172 kB
MemAvailable:    1511272 kB
Buffers:           58152 kB
Cached:           457012 kB
MemTotal:        1844596 kB
MemFree:         1105220 kB
MemAvailable:    1511324 kB
Buffers:           58152 kB
Cached:           457016 kB
MemTotal:        1844596 kB
MemFree:         1105048 kB
MemAvailable:    1511152 kB
Buffers:           58152 kB
Cached:           457016 kB
MemTotal:        1844596 kB
MemFree:         1105164 kB
MemAvailable:    1511268 kB
Buffers:           58152 kB
Cached:           457016 kB
MemTotal:        1844596 kB
MemFree:         1105536 kB
MemAvailable:    1511640 kB
Buffers:           58152 kB
Cached:           457016 kB
MemTotal:        1844596 kB
MemFree:         1106280 kB
MemAvailable:    1512384 kB
Buffers:           58152 kB
Cached:           457016 kB
MemTotal:        1844596 kB
MemFree:         1106376 kB
MemAvailable:    1512480 kB
Buffers:           58152 kB
Cached:           457016 kB
MemTotal:        1844596 kB
MemFree:         1104944 kB
MemAvailable:    1511048 kB
Buffers:           58152 kB
Cached:           457016 kB
MemTotal:        1844596 kB
MemFree:         1105028 kB
MemAvailable:    1511132 kB
Buffers:           58152 kB
Cached:           457016 kB
MemTotal:        1844596 kB
MemFree:         1106148 kB
MemAvailable:    1512252 kB
Buffers:           58152 kB
Cached:           457016 kB
MemTotal:        1844596 kB
MemFree:         1105920 kB
MemAvailable:    1512024 kB
Buffers:           58152 kB
Cached:           457016 kB
MemTotal:        1844596 kB
MemFree:         1105816 kB
MemAvailable:    1511920 kB
Buffers:           58152 kB
Cached:           457016 kB
MemTotal:        1844596 kB
MemFree:         1105724 kB
MemAvailable:    1511828 kB
Buffers:           58152 kB
Cached:           457016 kB
MemTotal:        1844596 kB
MemFree:         1105904 kB
MemAvailable:    1512008 kB
Buffers:           58152 kB
Cached:           457016 kB
MemTotal:        1844596 kB
MemFree:         1105312 kB
MemAvailable:    1511416 kB
Buffers:           58152 kB
Cached:           457016 kB
MemTotal:        1844596 kB
MemFree:         1105648 kB
MemAvailable:    1511752 kB
Buffers:           58152 kB
Cached:           457016 kB
MemTotal:        1844596 kB
MemFree:         1105464 kB
MemAvailable:    1511568 kB
Buffers:           58152 kB
Cached:           457016 kB
MemTotal:        1844596 kB
MemFree:         1105332 kB
MemAvailable:    1511436 kB
Buffers:           58152 kB
Cached:           457016 kB
MemTotal:        1844596 kB
MemFree:         1105396 kB
MemAvailable:    1511500 kB
Buffers:           58152 kB
Cached:           457016 kB
MemTotal:        1844596 kB
MemFree:         1104320 kB
MemAvailable:    1510424 kB
Buffers:           58152 kB
Cached:           457016 kB
MemTotal:        1844596 kB
MemFree:         1104184 kB
MemAvailable:    1510288 kB
Buffers:           58152 kB
Cached:           457016 kB
MemTotal:        1844596 kB
MemFree:         1105300 kB
MemAvailable:    1511404 kB
Buffers:           58152 kB
Cached:           457016 kB
MemTotal:        1844596 kB
MemFree:         1103928 kB
MemAvailable:    1510032 kB
Buffers:           58152 kB
Cached:           457016 kB
MemTotal:        1844596 kB
MemFree:         1102120 kB
MemAvailable:    1508224 kB
Buffers:           58152 kB
Cached:           457016 kB
MemTotal:        1844596 kB
MemFree:         1100020 kB
MemAvailable:    1506124 kB
Buffers:           58152 kB
Cached:           457016 kB
MemTotal:        1844596 kB
MemFree:         1096920 kB
MemAvailable:    1503028 kB
Buffers:           58152 kB
Cached:           457020 kB
MemTotal:        1844596 kB
MemFree:         1096788 kB
MemAvailable:    1502896 kB
Buffers:           58152 kB
Cached:           457020 kB
MemTotal:        1844596 kB
MemFree:         1097540 kB
MemAvailable:    1503648 kB
Buffers:           58152 kB
Cached:           457020 kB
MemTotal:        1844596 kB
MemFree:         1097268 kB
MemAvailable:    1503376 kB
Buffers:           58152 kB
Cached:           457020 kB
MemTotal:        1844596 kB
MemFree:         1096872 kB
MemAvailable:    1502980 kB
Buffers:           58152 kB
Cached:           457020 kB
MemTotal:        1844596 kB
MemFree:         1096152 kB
MemAvailable:    1502260 kB
Buffers:           58152 kB
Cached:           457020 kB
MemTotal:        1844596 kB
MemFree:         1096280 kB
MemAvailable:    1502388 kB
Buffers:           58152 kB
Cached:           457020 kB
MemTotal:        1844596 kB
MemFree:         1097348 kB
MemAvailable:    1503456 kB
Buffers:           58152 kB
Cached:           457020 kB
MemTotal:        1844596 kB
MemFree:         1096548 kB
MemAvailable:    1502656 kB
Buffers:           58152 kB
Cached:           457020 kB
MemTotal:        1844596 kB
MemFree:         1097276 kB
MemAvailable:    1503384 kB
Buffers:           58152 kB
Cached:           457020 kB
MemTotal:        1844596 kB
MemFree:         1097416 kB
MemAvailable:    1503524 kB
Buffers:           58152 kB
Cached:           457020 kB
MemTotal:        1844596 kB
MemFree:         1096120 kB
MemAvailable:    1502228 kB
Buffers:           58152 kB
Cached:           457020 kB
MemTotal:        1844596 kB
MemFree:         1097588 kB
MemAvailable:    1503696 kB
Buffers:           58152 kB
Cached:           457020 kB
MemTotal:        1844596 kB
MemFree:         1096156 kB
MemAvailable:    1502264 kB
Buffers:           58152 kB
Cached:           457020 kB
MemTotal:        1844596 kB
MemFree:         1097028 kB
MemAvailable:    1503136 kB
Buffers:           58152 kB
Cached:           457020 kB
MemTotal:        1844596 kB
MemFree:         1096424 kB
MemAvailable:    1502532 kB
Buffers:           58152 kB
Cached:           457020 kB
MemTotal:        1844596 kB
MemFree:         1096716 kB
MemAvailable:    1502824 kB
Buffers:           58152 kB
Cached:           457020 kB
MemTotal:        1844596 kB
MemFree:         1096664 kB
MemAvailable:    1502772 kB
Buffers:           58152 kB
Cached:           457020 kB
MemTotal:        1844596 kB
MemFree:         1094936 kB
MemAvailable:    1501044 kB
Buffers:           58152 kB
Cached:           457020 kB
MemTotal:        1844596 kB
MemFree:         1094688 kB
MemAvailable:    1500796 kB
Buffers:           58152 kB
Cached:           457020 kB
MemTotal:        1844596 kB
MemFree:         1095680 kB
MemAvailable:    1501788 kB
Buffers:           58152 kB
Cached:           457020 kB
MemTotal:        1844596 kB
MemFree:         1093448 kB
MemAvailable:    1499556 kB
Buffers:           58152 kB
Cached:           457020 kB
MemTotal:        1844596 kB
MemFree:         1094548 kB
MemAvailable:    1500656 kB
Buffers:           58152 kB
Cached:           457020 kB
MemTotal:        1844596 kB
MemFree:         1093820 kB
MemAvailable:    1499928 kB
Buffers:           58152 kB
Cached:           457020 kB
MemTotal:        1844596 kB
MemFree:         1094252 kB
MemAvailable:    1500360 kB
Buffers:           58152 kB
Cached:           457020 kB
MemTotal:        1844596 kB
MemFree:         1093076 kB
MemAvailable:    1499184 kB
Buffers:           58152 kB
Cached:           457020 kB
MemTotal:        1844596 kB
MemFree:         1093076 kB
MemAvailable:    1499184 kB
Buffers:           58152 kB
Cached:           457020 kB
MemTotal:        1844596 kB
MemFree:         1093880 kB
MemAvailable:    1499988 kB
Buffers:           58152 kB
Cached:           457020 kB
MemTotal:        1844596 kB
MemFree:         1092704 kB
MemAvailable:    1498812 kB
Buffers:           58152 kB
Cached:           457020 kB
MemTotal:        1844596 kB
MemFree:         1093448 kB
MemAvailable:    1499560 kB
Buffers:           58152 kB
Cached:           457024 kB
MemTotal:        1844596 kB
MemFree:         1092292 kB
MemAvailable:    1498404 kB
Buffers:           58152 kB
Cached:           457024 kB
MemTotal:        1844596 kB
MemFree:         1092276 kB
MemAvailable:    1498388 kB
Buffers:           58152 kB
Cached:           457024 kB
MemTotal:        1844596 kB
MemFree:         1093524 kB
MemAvailable:    1499636 kB
Buffers:           58152 kB
Cached:           457024 kB
MemTotal:        1844596 kB
MemFree:         1093684 kB
MemAvailable:    1499796 kB
Buffers:           58152 kB
Cached:           457024 kB
MemTotal:        1844596 kB
MemFree:         1093572 kB
MemAvailable:    1499684 kB
Buffers:           58152 kB
Cached:           457024 kB
MemTotal:        1844596 kB
MemFree:         1091952 kB
MemAvailable:    1498064 kB
Buffers:           58152 kB
Cached:           457024 kB
MemTotal:        1844596 kB
MemFree:         1091696 kB
MemAvailable:    1497808 kB
Buffers:           58152 kB
Cached:           457024 kB
MemTotal:        1844596 kB
MemFree:         1088076 kB
MemAvailable:    1494188 kB
Buffers:           58152 kB
Cached:           457024 kB
MemTotal:        1844596 kB
MemFree:         1084892 kB
MemAvailable:    1491004 kB
Buffers:           58152 kB
Cached:           457024 kB
MemTotal:        1844596 kB
MemFree:         1085988 kB
MemAvailable:    1492100 kB
Buffers:           58152 kB
Cached:           457024 kB
MemTotal:        1844596 kB
MemFree:         1085876 kB
MemAvailable:    1491988 kB
Buffers:           58152 kB
Cached:           457024 kB
MemTotal:        1844596 kB
MemFree:         1084512 kB
MemAvailable:    1490624 kB
Buffers:           58152 kB
Cached:           457024 kB
MemTotal:        1844596 kB
MemFree:         1084636 kB
MemAvailable:    1490748 kB
Buffers:           58152 kB
Cached:           457024 kB
MemTotal:        1844596 kB
MemFree:         1086424 kB
MemAvailable:    1492536 kB
Buffers:           58152 kB
Cached:           457024 kB
MemTotal:        1844596 kB
MemFree:         1087292 kB
MemAvailable:    1493488 kB
Buffers:           58152 kB
Cached:           457148 kB
MemTotal:        1844596 kB
MemFree:         1086504 kB
MemAvailable:    1492700 kB
Buffers:           58152 kB
Cached:           457148 kB
MemTotal:        1844596 kB
MemFree:         1086756 kB
MemAvailable:    1493036 kB
Buffers:           58152 kB
Cached:           457272 kB
MemTotal:        1844596 kB
MemFree:         1085884 kB
MemAvailable:    1492248 kB
Buffers:           58152 kB
Cached:           457396 kB
MemTotal:        1844596 kB
MemFree:         1086364 kB
MemAvailable:    1492956 kB
Buffers:           58152 kB
Cached:           457664 kB
MemTotal:        1844596 kB
MemFree:         1086700 kB
MemAvailable:    1493292 kB
Buffers:           58152 kB
Cached:           457664 kB
MemTotal:        1844596 kB
MemFree:         1086432 kB
MemAvailable:    1493108 kB
Buffers:           58152 kB
Cached:           457664 kB
MemTotal:        1844596 kB
MemFree:         1086352 kB
MemAvailable:    1493112 kB
Buffers:           58152 kB
Cached:           457788 kB
MemTotal:        1844596 kB
MemFree:         1086008 kB
MemAvailable:    1492768 kB
Buffers:           58152 kB
Cached:           457788 kB
MemTotal:        1844596 kB
MemFree:         1086260 kB
MemAvailable:    1493020 kB
Buffers:           58156 kB
Cached:           457784 kB
MemTotal:        1844596 kB
MemFree:         1086008 kB
MemAvailable:    1492644 kB
Buffers:           58156 kB
Cached:           457784 kB
MemTotal:        1844596 kB
MemFree:         1086244 kB
MemAvailable:    1493004 kB
Buffers:           58156 kB
Cached:           457784 kB
MemTotal:        1844596 kB
MemFree:         1086508 kB
MemAvailable:    1493268 kB
Buffers:           58156 kB
Cached:           457784 kB
MemTotal:        1844596 kB
MemFree:         1085080 kB
MemAvailable:    1491840 kB
Buffers:           58156 kB
Cached:           457784 kB
MemTotal:        1844596 kB
MemFree:         1085124 kB
MemAvailable:    1491212 kB
Buffers:           58156 kB
Cached:           457112 kB
MemTotal:        1844596 kB
MemFree:         1154560 kB
MemAvailable:    1560648 kB
Buffers:           58156 kB
Cached:           457112 kB
