MemTotal:        1844596 kB
MemFree:         1265800 kB
MemAvailable:    1569064 kB
Buffers:           46212 kB
Cached:           374048 kB
MemTotal:        1844596 kB
MemFree:         1239508 kB
MemAvailable:    1542776 kB
Buffers:           46212 kB
Cached:           374052 kB
MemTotal:        1844596 kB
MemFree:         1237040 kB
MemAvailable:    1540308 kB
Buffers:           46212 kB
Cached:           374052 kB
MemTotal:        1844596 kB
MemFree:         1235072 kB
MemAvailable:    1538340 kB
Buffers:           46212 kB
Cached:           374052 kB
MemTotal:        1844596 kB
MemFree:         1235196 kB
MemAvailable:    1538464 kB
Buffers:           46212 kB
Cached:           374052 kB
MemTotal:        1844596 kB
MemFree:         1233700 kB
MemAvailable:    1536968 kB
Buffers:           46212 kB
Cached:           374052 kB
MemTotal:        1844596 kB
MemFree:         1233708 kB
MemAvailable:    1536976 kB
Buffers:           46212 kB
Cached:           374052 kB
MemTotal:        1844596 kB
MemFree:         1230476 kB
MemAvailable:    1533744 kB
Buffers:           46212 kB
Cached:           374052 kB
MemTotal:        1844596 kB
MemFree:         1229244 kB
MemAvailable:    1532512 kB
Buffers:           46212 kB
Cached:           374052 kB
MemTotal:        1844596 kB
MemFree:         1226144 kB
MemAvailable:    1529412 kB
Buffers:           46212 kB
Cached:           374052 kB
MemTotal:        1844596 kB
MemFree:         1224836 kB
MemAvailable:    1528104 kB
Buffers:           46212 kB
Cached:           374052 kB
MemTotal:        1844596 kB
MemFree:         1225088 kB
MemAvailable:    1528356 kB
Buffers:           46212 kB
Cached:           374052 kB
MemTotal:        1844596 kB
MemFree:         1225068 kB
MemAvailable:    1528336 kB
Buffers:           46212 kB
Cached:           374052 kB
MemTotal:        1844596 kB
MemFree:         1223720 kB
MemAvailable:    1526988 kB
Buffers:           46212 kB
Cached:           374052 kB
MemTotal:        1844596 kB
MemFree:         1224920 kB
MemAvailable:    1528188 kB
Buffers:           46212 kB
Cached:           374052 kB
MemTotal:        1844596 kB
MemFree:         1223844 kB
MemAvailable:    1527112 kB
Buffers:           46212 kB
Cached:           374052 kB
MemTotal:        1844596 kB
MemFree:         1223972 kB
MemAvailable:    1527240 kB
Buffers:           46212 kB
Cached:           374052 kB
MemTotal:        1844596 kB
MemFree:         1223228 kB
MemAvailable:    1526496 kB
Buffers:           46212 kB
Cached:           374052 kB
MemTotal:        1844596 kB
MemFree:         1221308 kB
MemAvailable:    1524576 kB
Buffers:           46212 kB
Cached:           374052 kB
MemTotal:        1844596 kB
MemFree:         1221136 kB
MemAvailable:    1524404 kB
Buffers:           46212 kB
Cached:           374052 kB
MemTotal:        1844596 kB
MemFree:         1222436 kB
MemAvailable:    1525704 kB
Buffers:           46212 kB
Cached:           374052 kB
MemTotal:        1844596 kB
MemFree:         1221260 kB
MemAvailable:    1524528 kB
Buffers:           46212 kB
Cached:           374052 kB
MemTotal:        1844596 kB
MemFree:         1222360 kB
MemAvailable:    1525628 kB
Buffers:           46212 kB
Cached:           374052 kB
MemTotal:        1844596 kB
MemFree:         1222052 kB
MemAvailable:    1525320 kB
Buffers:           46212 kB
Cached:           374052 kB
MemTotal:        1844596 kB
MemFree:         1222596 kB
MemAvailable:    1525864 kB
Buffers:           46212 kB
Cached:           374052 kB
MemTotal:        1844596 kB
MemFree:         1222652 kB
MemAvailable:    1525920 kB
Buffers:           46212 kB
Cached:           374052 kB
MemTotal:        1844596 kB
MemFree:         1223832 kB
MemAvailable:    1527100 kB
Buffers:           46212 kB
Cached:           374052 kB
MemTotal:        1844596 kB
MemFree:         1223648 kB
MemAvailable:    1526916 kB
Buffers:           46212 kB
Cached:           374052 kB
MemTotal:        1844596 kB
MemFree:         1223984 kB
MemAvailable:    1527252 kB
Buffers:           46212 kB
Cached:           374052 kB
MemTotal:        1844596 kB
MemFree:         1220804 kB
MemAvailable:    1524072 kB
Buffers:           46212 kB
Cached:           374052 kB
MemTotal:        1844596 kB
MemFree:         1219192 kB
MemAvailable:    1522460 kB
Buffers:           46212 kB
Cached:           374052 kB
MemTotal:        1844596 kB
MemFree:         1220004 kB
MemAvailable:    1523272 kB
Buffers:           46212 kB
Cached:           374052 kB
MemTotal:        1844596 kB
MemFree:         1219308 kB
MemAvailable:    1522576 kB
Buffers:           46212 kB
Cached:           374052 kB
MemTotal:        1844596 kB
MemFree:         1219200 kB
MemAvailable:    1522468 kB
Buffers:           46212 kB
Cached:           374052 kB
MemTotal:        1844596 kB
MemFree:         1217820 kB
MemAvailable:    1521088 kB
Buffers:           46212 kB
Cached:           374052 kB
MemTotal:        1844596 kB
MemFree:         1218704 kB
MemAvailable:    1521972 kB
Buffers:           46212 kB
Cached:           374052 kB
MemTotal:        1844596 kB
MemFree:         1217208 kB
MemAvailable:    1520476 kB
Buffers:           46212 kB
Cached:           374052 kB
MemTotal:        1844596 kB
MemFree:         1218572 kB
MemAvailable:    1521840 kB
Buffers:           46212 kB
Cached:           374052 kB
MemTotal:        1844596 kB
MemFree:         1217340 kB
MemAvailable:    1520608 kB
Buffers:           46212 kB
Cached:           374052 kB
MemTotal:        1844596 kB
MemFree:         1216952 kB
MemAvailable:    1520220 kB
Buffers:           46212 kB
Cached:           374052 kB
MemTotal:        1844596 kB
MemFree:         1218012 kB
MemAvailable:    1521280 kB
Buffers:           46212 kB
Cached:           374052 kB
MemTotal:        1844596 kB
MemFree:         1217688 kB
MemAvailable:    1520956 kB
Buffers:           46212 kB
Cached:           374052 kB
MemTotal:        1844596 kB
MemFree:         1216968 kB
MemAvailable:    1520236 kB
Buffers:           46212 kB
Cached:           374052 kB
MemTotal:        1844596 kB
MemFree:         1217632 kB
MemAvailable:    1520900 kB
Buffers:           46212 kB
Cached:           374052 kB
MemTotal:        1844596 kB
MemFree:         1217564 kB
MemAvailable:    1520832 kB
Buffers:           46212 kB
Cached:           374052 kB
MemTotal:        1844596 kB
MemFree:         1217272 kB
MemAvailable:    1520540 kB
Buffers:           46212 kB
Cached:           374052 kB
MemTotal:        1844596 kB
MemFree:         1216720 kB
MemAvailable:    1519988 kB
Buffers:           46212 kB
Cached:           374052 kB
MemTotal:        1844596 kB
MemFree:         1217160 kB
MemAvailable:    1520428 kB
Buffers:           46212 kB
Cached:           374052 kB
MemTotal:        1844596 kB
MemFree:         1216968 kB
MemAvailable:    1520236 kB
Buffers:           46212 kB
Cached:           374052 kB
MemTotal:        1844596 kB
MemFree:         1217276 kB
MemAvailable:    1520544 kB
Buffers:           46212 kB
Cached:           374052 kB
MemTotal:        1844596 kB
MemFree:         1217332 kB
MemAvailable:    1520600 kB
Buffers:           46212 kB
Cached:           374052 kB
MemTotal:        1844596 kB
MemFree:         1216836 kB
MemAvailable:    1520104 kB
Buffers:           46212 kB
Cached:           374052 kB
MemTotal:        1844596 kB
MemFree:         1217152 kB
MemAvailable:    1520420 kB
Buffers:           46212 kB
Cached:           374052 kB
MemTotal:        1844596 kB
MemFree:         1216036 kB
MemAvailable:    1519304 kB
Buffers:           46212 kB
Cached:           374052 kB
MemTotal:        1844596 kB
MemFree:         1216036 kB
MemAvailable:    1519304 kB
Buffers:           46212 kB
Cached:           374052 kB
MemTotal:        1844596 kB
MemFree:         1216952 kB
MemAvailable:    1520220 kB
Buffers:           46212 kB
Cached:           374052 kB
MemTotal:        1844596 kB
MemFree:         1216720 kB
MemAvailable:    1519988 kB
Buffers:           46212 kB
Cached:           374052 kB
MemTotal:        1844596 kB
MemFree:         1216524 kB
MemAvailable:    1519792 kB
Buffers:           46212 kB
Cached:           374052 kB
MemTotal:        1844596 kB
MemFree:         1216348 kB
MemAvailable:    1519616 kB
Buffers:           46212 kB
Cached:           374052 kB
MemTotal:        1844596 kB
MemFree:         1216276 kB
MemAvailable:    1519544 kB
Buffers:           46212 kB
Cached:           374052 kB
MemTotal:        1844596 kB
MemFree:         1216528 kB
MemAvailable:    1519796 kB
Buffers:           46212 kB
Cached:           374052 kB
MemTotal:        1844596 kB
MemFree:         1215212 kB
MemAvailable:    1518480 kB
Buffers:           46212 kB
Cached:           374052 kB
MemTotal:        1844596 kB
MemFree:         1216264 kB
MemAvailable:    1519532 kB
Buffers:           46212 kB
Cached:           374052 kB
MemTotal:        1844596 kB
MemFree:         1216432 kB
MemAvailable:    1519700 kB
Buffers:           46212 kB
Cached:           374052 kB
MemTotal:        1844596 kB
MemFree:         1216160 kB
MemAvailable:    1519428 kB
Buffers:           46212 kB
Cached:           374052 kB
MemTotal:        1844596 kB
MemFree:         1215044 kB
MemAvailable:    1518312 kB
Buffers:           46212 kB
Cached:           374052 kB
MemTotal:        1844596 kB
MemFree:         1215036 kB
MemAvailable:    1518304 kB
Buffers:           46212 kB
Cached:           374052 kB
MemTotal:        1844596 kB
MemFree:         1215036 kB
MemAvailable:    1518304 kB
Buffers:           46212 kB
Cached:           374052 kB
MemTotal:        1844596 kB
MemFree:         1214612 kB
MemAvailable:    1517880 kB
Buffers:           46212 kB
Cached:           374052 kB
MemTotal:        1844596 kB
MemFree:         1212628 kB
MemAvailable:    1515896 kB
Buffers:           46212 kB
Cached:           374052 kB
MemTotal:        1844596 kB
MemFree:         1209652 kB
MemAvailable:    1512920 kB
Buffers:           46212 kB
Cached:           374052 kB
MemTotal:        1844596 kB
MemFree:         1208728 kB
MemAvailable:    1511996 kB
Buffers:           46212 kB
Cached:           374052 kB
MemTotal:        1844596 kB
MemFree:         1208784 kB
MemAvailable:    1512052 kB
Buffers:           46212 kB
Cached:           374052 kB
MemTotal:        1844596 kB
MemFree:         1208644 kB
MemAvailable:    1511912 kB
Buffers:           46212 kB
Cached:           374052 kB
MemTotal:        1844596 kB
MemFree:         1207264 kB
MemAvailable:    1510532 kB
Buffers:           46212 kB
Cached:           374052 kB
MemTotal:        1844596 kB
MemFree:         1208512 kB
MemAvailable:    1511780 kB
Buffers:           46212 kB
Cached:           374052 kB
MemTotal:        1844596 kB
MemFree:         1208496 kB
MemAvailable:    1511764 kB
Buffers:           46212 kB
Cached:           374052 kB
MemTotal:        1844596 kB
MemFree:         1208500 kB
MemAvailable:    1511768 kB
Buffers:           46212 kB
Cached:           374052 kB
MemTotal:        1844596 kB
MemFree:         1207792 kB
MemAvailable:    1511060 kB
Buffers:           46212 kB
Cached:           374052 kB
MemTotal:        1844596 kB
MemFree:         1208400 kB
MemAvailable:    1511668 kB
Buffers:           46212 kB
Cached:           374052 kB
MemTotal:        1844596 kB
MemFree:         1207236 kB
MemAvailable:    1510504 kB
Buffers:           46212 kB
Cached:           374052 kB
MemTotal:        1844596 kB
MemFree:         1207104 kB
MemAvailable:    1510372 kB
Buffers:           46212 kB
Cached:           374052 kB
MemTotal:        1844596 kB
MemFree:         1208532 kB
MemAvailable:    1511800 kB
Buffers:           46212 kB
Cached:           374052 kB
MemTotal:        1844596 kB
MemFree:         1208388 kB
MemAvailable:    1511656 kB
Buffers:           46212 kB
Cached:           374052 kB
MemTotal:        1844596 kB
MemFree:         1208464 kB
MemAvailable:    1511732 kB
Buffers:           46212 kB
Cached:           374052 kB
MemTotal:        1844596 kB
MemFree:         1208456 kB
MemAvailable:    1511724 kB
Buffers:           46212 kB
Cached:           374052 kB
MemTotal:        1844596 kB
MemFree:         1207784 kB
MemAvailable:    1511052 kB
Buffers:           46212 kB
Cached:           374052 kB
MemTotal:        1844596 kB
MemFree:         1206420 kB
MemAvailable:    1509688 kB
Buffers:           46212 kB
Cached:           374052 kB
MemTotal:        1844596 kB
MemFree:         1206784 kB
MemAvailable:    1510052 kB
Buffers:           46212 kB
Cached:           374052 kB
MemTotal:        1844596 kB
MemFree:         1207120 kB
MemAvailable:    1510388 kB
Buffers:           46212 kB
Cached:           374052 kB
MemTotal:        1844596 kB
MemFree:         1206736 kB
MemAvailable:    1510004 kB
Buffers:           46212 kB
Cached:           374052 kB
MemTotal:        1844596 kB
MemFree:         1204444 kB
MemAvailable:    1507712 kB
Buffers:           46212 kB
Cached:           374052 kB
MemTotal:        1844596 kB
MemFree:         1204188 kB
MemAvailable:    1507456 kB
Buffers:           46212 kB
Cached:           374052 kB
MemTotal:        1844596 kB
MemFree:         1204180 kB
MemAvailable:    1507460 kB
Buffers:           46212 kB
Cached:           374064 kB
MemTotal:        1844596 kB
MemFree:         1204808 kB
MemAvailable:    1508088 kB
Buffers:           46212 kB
Cached:           374064 kB
MemTotal:        1844596 kB
MemFree:         1203688 kB
MemAvailable:    1506968 kB
Buffers:           46212 kB
Cached:           374064 kB
MemTotal:        1844596 kB
MemFree:         1204544 kB
MemAvailable:    1507824 kB
Buffers:           46212 kB
Cached:           374064 kB
MemTotal:        1844596 kB
MemFree:         1203948 kB
MemAvailable:    1507228 kB
Buffers:           46212 kB
Cached:           374064 kB
MemTotal:        1844596 kB
MemFree:         1204512 kB
MemAvailable:    1507792 kB
Buffers:           46212 kB
Cached:           374064 kB
MemTotal:        1844596 kB
MemFree:         1204572 kB
MemAvailable:    1507852 kB
Buffers:           46212 kB
Cached:           374064 kB
MemTotal:        1844596 kB
MemFree:         1204692 kB
MemAvailable:    1507972 kB
Buffers:           46212 kB
Cached:           374064 kB
MemTotal:        1844596 kB
MemFree:         1203132 kB
MemAvailable:    1506412 kB
Buffers:           46212 kB
Cached:           374064 kB
MemTotal:        1844596 kB
MemFree:         1203196 kB
MemAvailable:    1506476 kB
Buffers:           46212 kB
Cached:           374064 kB
MemTotal:        1844596 kB
MemFree:         1204588 kB
MemAvailable:    1507868 kB
Buffers:           46212 kB
Cached:           374064 kB
MemTotal:        1844596 kB
MemFree:         1203948 kB
MemAvailable:    1507228 kB
Buffers:           46212 kB
Cached:           374064 kB
MemTotal:        1844596 kB
MemFree:         1204256 kB
MemAvailable:    1507536 kB
Buffers:           46212 kB
Cached:           374064 kB
MemTotal:        1844596 kB
MemFree:         1202444 kB
MemAvailable:    1505724 kB
Buffers:           46212 kB
Cached:           374064 kB
MemTotal:        1844596 kB
MemFree:         1202436 kB
MemAvailable:    1505716 kB
Buffers:           46212 kB
Cached:           374064 kB
MemTotal:        1844596 kB
MemFree:         1195516 kB
MemAvailable:    1498796 kB
Buffers:           46212 kB
Cached:           374064 kB
MemTotal:        1844596 kB
MemFree:         1195516 kB
MemAvailable:    1498796 kB
Buffers:           46212 kB
Cached:           374064 kB
MemTotal:        1844596 kB
MemFree:         1195260 kB
MemAvailable:    1498540 kB
Buffers:           46212 kB
Cached:           374064 kB
MemTotal:        1844596 kB
MemFree:         1195260 kB
MemAvailable:    1498540 kB
Buffers:           46212 kB
Cached:           374064 kB
MemTotal:        1844596 kB
MemFree:         1195336 kB
MemAvailable:    1498616 kB
Buffers:           46212 kB
Cached:           374064 kB
MemTotal:        1844596 kB
MemFree:         1195336 kB
MemAvailable:    1498616 kB
Buffers:           46212 kB
Cached:           374064 kB
MemTotal:        1844596 kB
MemFree:         1198104 kB
MemAvailable:    1501384 kB
Buffers:           46216 kB
Cached:           374060 kB
MemTotal:        1844596 kB
MemFree:         1198180 kB
MemAvailable:    1501460 kB
Buffers:           46216 kB
Cached:           374060 kB
MemTotal:        1844596 kB
MemFree:         1196748 kB
MemAvailable:    1500112 kB
Buffers:           46216 kB
Cached:           374184 kB
MemTotal:        1844596 kB
MemFree:         1197692 kB
MemAvailable:    1501308 kB
Buffers:           46216 kB
Cached:           374432 kB
MemTotal:        1844596 kB
MemFree:         1197624 kB
MemAvailable:    1501240 kB
Buffers:           46216 kB
Cached:           374432 kB
MemTotal:        1844596 kB
MemFree:         1197544 kB
MemAvailable:    1501328 kB
Buffers:           46216 kB
Cached:           374680 kB
MemTotal:        1844596 kB
MemFree:         1197212 kB
MemAvailable:    1501164 kB
Buffers:           46216 kB
Cached:           374804 kB
MemTotal:        1844596 kB
MemFree:         1197252 kB
MemAvailable:    1501204 kB
Buffers:           46216 kB
Cached:           374804 kB
MemTotal:        1844596 kB
MemFree:         1197256 kB
MemAvailable:    1501208 kB
Buffers:           46216 kB
Cached:           374804 kB
MemTotal:        1844596 kB
MemFree:         1196632 kB
MemAvailable:    1500584 kB
Buffers:           46216 kB
Cached:           374804 kB
MemTotal:        1844596 kB
MemFree:         1197224 kB
MemAvailable:    1501176 kB
Buffers:           46216 kB
Cached:           374804 kB
MemTotal:        1844596 kB
MemFree:         1197476 kB
MemAvailable:    1501428 kB
Buffers:           46216 kB
Cached:           374804 kB
MemTotal:        1844596 kB
MemFree:         1197348 kB
MemAvailable:    1501300 kB
Buffers:           46216 kB
Cached:           374804 kB
MemTotal:        1844596 kB
MemFree:         1197192 kB
MemAvailable:    1501144 kB
Buffers:           46216 kB
Cached:           374804 kB
MemTotal:        1844596 kB
MemFree:         1197288 kB
MemAvailable:    1501324 kB
Buffers:           46216 kB
Cached:           374804 kB
MemTotal:        1844596 kB
MemFree:         1197852 kB
MemAvailable:    1501132 kB
Buffers:           46216 kB
Cached:           374132 kB
MemTotal:        1844596 kB
MemFree:         1261600 kB
MemAvailable:    1564880 kB
Buffers:           46216 kB
Cached:           374132 kB
