MemTotal:        1844596 kB
MemFree:         1177148 kB
MemAvailable:    1562340 kB
Buffers:           56012 kB
Cached:           439876 kB
MemTotal:        1844596 kB
MemFree:         1150060 kB
MemAvailable:    1535256 kB
Buffers:           56012 kB
Cached:           439880 kB
MemTotal:        1844596 kB
MemFree:         1148148 kB
MemAvailable:    1533344 kB
Buffers:           56012 kB
Cached:           439880 kB
MemTotal:        1844596 kB
MemFree:         1147472 kB
MemAvailable:    1532668 kB
Buffers:           56012 kB
Cached:           439880 kB
MemTotal:        1844596 kB
MemFree:         1145984 kB
MemAvailable:    1531180 kB
Buffers:           56012 kB
Cached:           439880 kB
MemTotal:        1844596 kB
MemFree:         1144808 kB
MemAvailable:    1530004 kB
Buffers:           56012 kB
Cached:           439880 kB
MemTotal:        1844596 kB
MemFree:         1144416 kB
MemAvailable:    1529612 kB
Buffers:           56012 kB
Cached:           439880 kB
MemTotal:        1844596 kB
MemFree:         1141956 kB
MemAvailable:    1527152 kB
Buffers:           56012 kB
Cached:           439880 kB
MemTotal:        1844596 kB
MemFree:         1138856 kB
MemAvailable:    1524052 kB
Buffers:           56012 kB
Cached:           439880 kB
MemTotal:        1844596 kB
MemFree:         1135384 kB
MemAvailable:    1520580 kB
Buffers:           56012 kB
Cached:           439880 kB
MemTotal:        1844596 kB
MemFree:         1134808 kB
MemAvailable:    1520004 kB
Buffers:           56012 kB
Cached:           439880 kB
MemTotal:        1844596 kB
MemFree:         1134632 kB
MemAvailable:    1519828 kB
Buffers:           56012 kB
Cached:           439880 kB
MemTotal:        1844596 kB
MemFree:         1134716 kB
MemAvailable:    1519912 kB
Buffers:           56012 kB
Cached:           439880 kB
MemTotal:        1844596 kB
MemFree:         1135892 kB
MemAvailable:    1521088 kB
Buffers:           56012 kB
Cached:           439880 kB
MemTotal:        1844596 kB
MemFree:         1135012 kB
MemAvailable:    1520208 kB
Buffers:           56012 kB
Cached:           439880 kB
MemTotal:        1844596 kB
MemFree:         1134384 kB
MemAvailable:    1519580 kB
Buffers:           56012 kB
Cached:           439880 kB
MemTotal:        1844596 kB
MemFree:         1133896 kB
MemAvailable:    1519092 kB
Buffers:           56012 kB
Cached:           439880 kB
MemTotal:        1844596 kB
MemFree:         1133028 kB
MemAvailable:    1518224 kB
Buffers:           56012 kB
Cached:           439880 kB
MemTotal:        1844596 kB
MemFree:         1133832 kB
MemAvailable:    1519028 kB
Buffers:           56012 kB
Cached:           439880 kB
MemTotal:        1844596 kB
MemFree:         1132400 kB
MemAvailable:    1517596 kB
Buffers:           56012 kB
Cached:           439880 kB
MemTotal:        1844596 kB
MemFree:         1132144 kB
MemAvailable:    1517340 kB
Buffers:           56012 kB
Cached:           439880 kB
MemTotal:        1844596 kB
MemFree:         1133384 kB
MemAvailable:    1518580 kB
Buffers:           56012 kB
Cached:           439880 kB
MemTotal:        1844596 kB
MemFree:         1133364 kB
MemAvailable:    1518560 kB
Buffers:           56012 kB
Cached:           439880 kB
MemTotal:        1844596 kB
MemFree:         1133524 kB
MemAvailable:    1518720 kB
Buffers:           56012 kB
Cached:           439880 kB
MemTotal:        1844596 kB
MemFree:         1133572 kB
MemAvailable:    1518768 kB
Buffers:           56012 kB
Cached:           439880 kB
MemTotal:        1844596 kB
MemFree:         1133548 kB
MemAvailable:    1518744 kB
Buffers:           56012 kB
Cached:           439880 kB
MemTotal:        1844596 kB
MemFree:         1134888 kB
MemAvailable:    1520084 kB
Buffers:           56012 kB
Cached:           439880 kB
MemTotal:        1844596 kB
MemFree:         1133764 kB
MemAvailable:    1518960 kB
Buffers:           56012 kB
Cached:           439880 kB
MemTotal:        1844596 kB
MemFree:         1132360 kB
MemAvailable:    1517556 kB
Buffers:           56012 kB
Cached:           439880 kB
MemTotal:        1844596 kB
MemFree:         1131408 kB
MemAvailable:    1516604 kB
Buffers:           56012 kB
Cached:           439880 kB
MemTotal:        1844596 kB
MemFree:         1130408 kB
MemAvailable:    1515604 kB
Buffers:           56012 kB
Cached:           439880 kB
MemTotal:        1844596 kB
MemFree:         1130176 kB
MemAvailable:    1515372 kB
Buffers:           56012 kB
Cached:           439880 kB
MemTotal:        1844596 kB
MemFree:         1129004 kB
MemAvailable:    1514200 kB
Buffers:           56012 kB
Cached:           439880 kB
MemTotal:        1844596 kB
MemFree:         1129540 kB
MemAvailable:    1514736 kB
Buffers:           56012 kB
Cached:           439880 kB
MemTotal:        1844596 kB
MemFree:         1128688 kB
MemAvailable:    1513884 kB
Buffers:           56012 kB
Cached:           439880 kB
MemTotal:        1844596 kB
MemFree:         1129280 kB
MemAvailable:    1514476 kB
Buffers:           56012 kB
Cached:           439880 kB
MemTotal:        1844596 kB
MemFree:         1129432 kB
MemAvailable:    1514628 kB
Buffers:           56012 kB
Cached:           439880 kB
MemTotal:        1844596 kB
MemFree:         1128260 kB
MemAvailable:    1513456 kB
Buffers:           56012 kB
Cached:           439880 kB
MemTotal:        1844596 kB
MemFree:         1128136 kB
MemAvailable:    1513332 kB
Buffers:           56012 kB
Cached:           439880 kB
MemTotal:        1844596 kB
MemFree:         1128048 kB
MemAvailable:    1513244 kB
Buffers:           56012 kB
Cached:           439880 kB
MemTotal:        1844596 kB
MemFree:         1127916 kB
MemAvailable:    1513112 kB
Buffers:           56012 kB
Cached:           439880 kB
MemTotal:        1844596 kB
MemFree:         1128936 kB
MemAvailable:    1514132 kB
Buffers:           56012 kB
Cached:           439880 kB
MemTotal:        1844596 kB
MemFree:         1127448 kB
MemAvailable:    1512644 kB
Buffers:           56012 kB
Cached:           439880 kB
MemTotal:        1844596 kB
MemFree:         1128072 kB
MemAvailable:    1513268 kB
Buffers:           56012 kB
Cached:           439880 kB
MemTotal:        1844596 kB
MemFree:         1128124 kB
MemAvailable:    1513320 kB
Buffers:           56012 kB
Cached:           439880 kB
MemTotal:        1844596 kB
MemFree:         1128316 kB
MemAvailable:    1513512 kB
Buffers:           56012 kB
Cached:           439880 kB
MemTotal:        1844596 kB
MemFree:         1128328 kB
MemAvailable:    1513524 kB
Buffers:           56012 kB
Cached:           439880 kB
MemTotal:        1844596 kB
MemFree:         1128300 kB
MemAvailable:    1513496 kB
Buffers:           56012 kB
Cached:           439880 kB
MemTotal:        1844596 kB
MemFree:         1126888 kB
MemAvailable:    1512084 kB
Buffers:           56012 kB
Cached:           439880 kB
MemTotal:        1844596 kB
MemFree:         1128252 kB
MemAvailable:    1513448 kB
Buffers:           56012 kB
Cached:           439880 kB
MemTotal:        1844596 kB
MemFree:         1127128 kB
MemAvailable:    1512324 kB
Buffers:           56012 kB
Cached:           439880 kB
MemTotal:        1844596 kB
MemFree:         1128232 kB
MemAvailable:    1513428 kB
Buffers:           56012 kB
Cached:           439880 kB
MemTotal:        1844596 kB
MemFree:         1128484 kB
MemAvailable:    1513680 kB
Buffers:           56012 kB
Cached:           439880 kB
MemTotal:        1844596 kB
MemFree:         1128052 kB
MemAvailable:    1513248 kB
Buffers:           56012 kB
Cached:           439880 kB
MemTotal:        1844596 kB
MemFree:         1126680 kB
MemAvailable:    1511876 kB
Buffers:           56012 kB
Cached:           439880 kB
MemTotal:        1844596 kB
MemFree:         1127812 kB
MemAvailable:    1513008 kB
Buffers:           56012 kB
Cached:           439880 kB
MemTotal:        1844596 kB
MemFree:         1127896 kB
MemAvailable:    1513092 kB
Buffers:           56012 kB
Cached:           439880 kB
MemTotal:        1844596 kB
MemFree:         1127424 kB
MemAvailable:    1512620 kB
Buffers:           56012 kB
Cached:           439880 kB
MemTotal:        1844596 kB
MemFree:         1127508 kB
MemAvailable:    1512704 kB
Buffers:           56012 kB
Cached:           439880 kB
MemTotal:        1844596 kB
MemFree:         1126028 kB
MemAvailable:    1511224 kB
Buffers:           56012 kB
Cached:           439880 kB
MemTotal:        1844596 kB
MemFree:         1127468 kB
MemAvailable:    1512672 kB
Buffers:           56012 kB
Cached:           439888 kB
MemTotal:        1844596 kB
MemFree:         1126208 kB
MemAvailable:    1511412 kB
Buffers:           56012 kB
Cached:           439888 kB
MemTotal:        1844596 kB
MemFree:         1126036 kB
MemAvailable:    1511240 kB
Buffers:           56012 kB
Cached:           439888 kB
MemTotal:        1844596 kB
MemFree:         1127336 kB
MemAvailable:    1512540 kB
Buffers:           56012 kB
Cached:           439888 kB
MemTotal:        1844596 kB
MemFree:         1127396 kB
MemAvailable:    1512600 kB
Buffers:           56012 kB
Cached:           439888 kB
MemTotal:        1844596 kB
MemFree:         1127368 kB
MemAvailable:    1512572 kB
Buffers:           56012 kB
Cached:           439888 kB
MemTotal:        1844596 kB
MemFree:         1126144 kB
MemAvailable:    1511348 kB
Buffers:           56012 kB
Cached:           439888 kB
MemTotal:        1844596 kB
MemFree:         1126012 kB
MemAvailable:    1511216 kB
Buffers:           56012 kB
Cached:           439888 kB
MemTotal:        1844596 kB
MemFree:         1123588 kB
MemAvailable:    1508792 kB
Buffers:           56012 kB
Cached:           439888 kB
MemTotal:        1844596 kB
MemFree:         1123588 kB
MemAvailable:    1508792 kB
Buffers:           56012 kB
Cached:           439888 kB
MemTotal:        1844596 kB
MemFree:         1120132 kB
MemAvailable:    1505336 kB
Buffers:           56012 kB
Cached:           439888 kB
MemTotal:        1844596 kB
MemFree:         1118636 kB
MemAvailable:    1503840 kB
Buffers:           56012 kB
Cached:           439888 kB
MemTotal:        1844596 kB
MemFree:         1118628 kB
MemAvailable:    1503832 kB
Buffers:           56012 kB
Cached:           439888 kB
MemTotal:        1844596 kB
MemFree:         1118396 kB
MemAvailable:    1503600 kB
Buffers:           56012 kB
Cached:           439888 kB
MemTotal:        1844596 kB
MemFree:         1119572 kB
MemAvailable:    1504776 kB
Buffers:           56012 kB
Cached:           439888 kB
MemTotal:        1844596 kB
MemFree:         1119588 kB
MemAvailable:    1504792 kB
Buffers:           56012 kB
Cached:           439888 kB
MemTotal:        1844596 kB
MemFree:         1119436 kB
MemAvailable:    1504640 kB
Buffers:           56012 kB
Cached:           439888 kB
MemTotal:        1844596 kB
MemFree:         1119556 kB
MemAvailable:    1504760 kB
Buffers:           56012 kB
Cached:           439888 kB
MemTotal:        1844596 kB
MemFree:         1119176 kB
MemAvailable:    1504380 kB
Buffers:           56012 kB
Cached:           439888 kB
MemTotal:        1844596 kB
MemFree:         1119512 kB
MemAvailable:    1504716 kB
Buffers:           56012 kB
Cached:           439888 kB
MemTotal:        1844596 kB
MemFree:         1119304 kB
MemAvailable:    1504508 kB
Buffers:           56012 kB
Cached:           439888 kB
MemTotal:        1844596 kB
MemFree:         1119556 kB
MemAvailable:    1504760 kB
Buffers:           56012 kB
Cached:           439888 kB
MemTotal:        1844596 kB
MemFree:         1119376 kB
MemAvailable:    1504580 kB
Buffers:           56012 kB
Cached:           439888 kB
MemTotal:        1844596 kB
MemFree:         1119356 kB
MemAvailable:    1504560 kB
Buffers:           56012 kB
Cached:           439888 kB
MemTotal:        1844596 kB
MemFree:         1119248 kB
MemAvailable:    1504452 kB
Buffers:           56012 kB
Cached:           439888 kB
MemTotal:        1844596 kB
MemFree:         1117776 kB
MemAvailable:    1502980 kB
Buffers:           56012 kB
Cached:           439888 kB
MemTotal:        1844596 kB
MemFree:         1117644 kB
MemAvailable:    1502848 kB
Buffers:           56012 kB
Cached:           439888 kB
MemTotal:        1844596 kB
MemFree:         1118000 kB
MemAvailable:    1503204 kB
Buffers:           56012 kB
Cached:           439888 kB
MemTotal:        1844596 kB
MemFree:         1118000 kB
MemAvailable:    1503204 kB
Buffers:           56012 kB
Cached:           439888 kB
MemTotal:        1844596 kB
MemFree:         1117772 kB
MemAvailable:    1502976 kB
Buffers:           56012 kB
Cached:           439888 kB
MemTotal:        1844596 kB
MemFree:         1116128 kB
MemAvailable:    1501332 kB
Buffers:           56012 kB
Cached:           439888 kB
MemTotal:        1844596 kB
MemFree:         1116120 kB
MemAvailable:    1501324 kB
Buffers:           56012 kB
Cached:           439888 kB
MemTotal:        1844596 kB
MemFree:         1116528 kB
MemAvailable:    1501732 kB
Buffers:           56012 kB
Cached:           439888 kB
MemTotal:        1844596 kB
MemFree:         1116216 kB
MemAvailable:    1501420 kB
Buffers:           56012 kB
Cached:           439888 kB
MemTotal:        1844596 kB
MemFree:         1116288 kB
MemAvailable:    1501492 kB
Buffers:           56012 kB
Cached:           439888 kB
MemTotal:        1844596 kB
MemFree:         1114992 kB
MemAvailable:    1500196 kB
Buffers:           56012 kB
Cached:           439888 kB
MemTotal:        1844596 kB
MemFree:         1115712 kB
MemAvailable:    1500916 kB
Buffers:           56012 kB
Cached:           439888 kB
MemTotal:        1844596 kB
MemFree:         1115420 kB
MemAvailable:    1500624 kB
Buffers:           56012 kB
Cached:           439888 kB
MemTotal:        1844596 kB
MemFree:         1115664 kB
MemAvailable:    1500868 kB
Buffers:           56012 kB
Cached:           439888 kB
MemTotal:        1844596 kB
MemFree:         1115340 kB
MemAvailable:    1500544 kB
Buffers:           56012 kB
Cached:           439888 kB
MemTotal:        1844596 kB
MemFree:         1115676 kB
MemAvailable:    1500880 kB
Buffers:           56012 kB
Cached:           439888 kB
MemTotal:        1844596 kB
MemFree:         1115460 kB
MemAvailable:    1500664 kB
Buffers:           56012 kB
Cached:           439888 kB
MemTotal:        1844596 kB
MemFree:         1115048 kB
MemAvailable:    1500252 kB
Buffers:           56012 kB
Cached:           439888 kB
MemTotal:        1844596 kB
MemFree:         1115404 kB
MemAvailable:    1500608 kB
Buffers:           56012 kB
Cached:           439888 kB
MemTotal:        1844596 kB
MemFree:         1114288 kB
MemAvailable:    1499492 kB
Buffers:           56012 kB
Cached:           439888 kB
MemTotal:        1844596 kB
MemFree:         1115528 kB
MemAvailable:    1500732 kB
Buffers:           56012 kB
Cached:           439888 kB
MemTotal:        1844596 kB
MemFree:         1115224 kB
MemAvailable:    1500428 kB
Buffers:           56012 kB
Cached:           439888 kB
MemTotal:        1844596 kB
MemFree:         1114784 kB
MemAvailable:    1499988 kB
Buffers:           56012 kB
Cached:           439888 kB
MemTotal:        1844596 kB
MemFree:         1113932 kB
MemAvailable:    1499136 kB
Buffers:           56012 kB
Cached:           439888 kB
MemTotal:        1844596 kB
MemFree:         1107592 kB
MemAvailable:    1492796 kB
Buffers:           56012 kB
Cached:           439888 kB
MemTotal:        1844596 kB
MemFree:         1107676 kB
MemAvailable:    1492880 kB
Buffers:           56012 kB
Cached:           439888 kB
MemTotal:        1844596 kB
MemFree:         1107540 kB
MemAvailable:    1492744 kB
Buffers:           56012 kB
Cached:           439888 kB
MemTotal:        1844596 kB
MemFree:         1107360 kB
MemAvailable:    1492564 kB
Buffers:           56012 kB
Cached:           439888 kB
MemTotal:        1844596 kB
MemFree:         1107404 kB
MemAvailable:    1492608 kB
Buffers:           56012 kB
Cached:           439888 kB
MemTotal:        1844596 kB
MemFree:         1106312 kB
MemAvailable:    1491516 kB
Buffers:           56012 kB
Cached:           439888 kB
MemTotal:        1844596 kB
MemFree:         1109496 kB
MemAvailable:    1494700 kB
Buffers:           56012 kB
Cached:           439888 kB
MemTotal:        1844596 kB
MemFree:         1109468 kB
MemAvailable:    1494672 kB
Buffers:           56012 kB
Cached:           439888 kB
MemTotal:        1844596 kB
MemFree:         1109220 kB
MemAvailable:    1494508 kB
Buffers:           56012 kB
Cached:           440012 kB
MemTotal:        1844596 kB
MemFree:         1108956 kB
MemAvailable:    1494412 kB
Buffers:           56012 kB
Cached:           440136 kB
MemTotal:        1844596 kB
MemFree:         1108476 kB
MemAvailable:    1493932 kB
Buffers:           56012 kB
Cached:           440136 kB
MemTotal:        1844596 kB
MemFree:         1108404 kB
MemAvailable:    1494028 kB
Buffers:           56012 kB
Cached:           440260 kB
MemTotal:        1844596 kB
MemFree:         1108740 kB
MemAvailable:    1494364 kB
Buffers:           56012 kB
Cached:           440260 kB
MemTotal:        1844596 kB
MemFree:         1107164 kB
MemAvailable:    1492956 kB
Buffers:           56012 kB
Cached:           440508 kB
MemTotal:        1844596 kB
MemFree:         1108280 kB
MemAvailable:    1494072 kB
Buffers:           56012 kB
Cached:           440508 kB
MemTotal:        1844596 kB
MemFree:         1108528 kB
MemAvailable:    1494320 kB
Buffers:           56012 kB
Cached:           440508 kB
MemTotal:        1844596 kB
MemFree:         1108140 kB
MemAvailable:    1494016 kB
Buffers:           56012 kB
Cached:           440508 kB
MemTotal:        1844596 kB
MemFree:         1108140 kB
MemAvailable:    1494016 kB
Buffers:           56012 kB
Cached:           440508 kB
MemTotal:        1844596 kB
MemFree:         1108340 kB
MemAvailable:    1494216 kB
Buffers:           56012 kB
Cached:           440508 kB
MemTotal:        1844596 kB
MemFree:         1108228 kB
MemAvailable:    1494104 kB
Buffers:           56012 kB
Cached:           440508 kB
MemTotal:        1844596 kB
MemFree:         1107484 kB
MemAvailable:    1493360 kB
Buffers:           56012 kB
Cached:           440508 kB
MemTotal:        1844596 kB
MemFree:         1108532 kB
MemAvailable:    1493752 kB
Buffers:           56012 kB
Cached:           439856 kB
MemTotal:        1844596 kB
MemFree:         1108700 kB
MemAvailable:    1493920 kB
Buffers:           56012 kB
Cached:           439856 kB
MemTotal:        1844596 kB
MemFree:         1176476 kB
MemAvailable:    1561688 kB
Buffers:           56012 kB
Cached:           439896 kB
