MemTotal:        1844596 kB
MemFree:         1233840 kB
MemAvailable:    1564932 kB
Buffers:           49564 kB
Cached:           396396 kB
MemTotal:        1844596 kB
MemFree:         1205220 kB
MemAvailable:    1536316 kB
Buffers:           49564 kB
Cached:           396400 kB
MemTotal:        1844596 kB
MemFree:         1203096 kB
MemAvailable:    1534192 kB
Buffers:           49564 kB
Cached:           396400 kB
MemTotal:        1844596 kB
MemFree:         1202228 kB
MemAvailable:    1533324 kB
Buffers:           49564 kB
Cached:           396400 kB
MemTotal:        1844596 kB
MemFree:         1202492 kB
MemAvailable:    1533588 kB
Buffers:           49564 kB
Cached:           396400 kB
MemTotal:        1844596 kB
MemFree:         1202476 kB
MemAvailable:    1533572 kB
Buffers:           49564 kB
Cached:           396400 kB
MemTotal:        1844596 kB
MemFree:         1199840 kB
MemAvailable:    1530936 kB
Buffers:           49564 kB
Cached:           396400 kB
MemTotal:        1844596 kB
MemFree:         1199136 kB
MemAvailable:    1530232 kB
Buffers:           49564 kB
Cached:           396400 kB
MemTotal:        1844596 kB
MemFree:         1196724 kB
MemAvailable:    1527820 kB
Buffers:           49564 kB
Cached:           396400 kB
MemTotal:        1844596 kB
MemFree:         1193872 kB
MemAvailable:    1524968 kB
Buffers:           49564 kB
Cached:           396400 kB
MemTotal:        1844596 kB
MemFree:         1192632 kB
MemAvailable:    1523728 kB
Buffers:           49564 kB
Cached:           396400 kB
MemTotal:        1844596 kB
MemFree:         1192756 kB
MemAvailable:    1523852 kB
Buffers:           49564 kB
Cached:           396400 kB
MemTotal:        1844596 kB
MemFree:         1191572 kB
MemAvailable:    1522668 kB
Buffers:           49576 kB
Cached:           396388 kB
MemTotal:        1844596 kB
MemFree:         1192516 kB
MemAvailable:    1523624 kB
Buffers:           49576 kB
Cached:           396400 kB
MemTotal:        1844596 kB
MemFree:         1192324 kB
MemAvailable:    1523432 kB
Buffers:           49576 kB
Cached:           396400 kB
MemTotal:        1844596 kB
MemFree:         1192292 kB
MemAvailable:    1523400 kB
Buffers:           49576 kB
Cached:           396400 kB
MemTotal:        1844596 kB
MemFree:         1192628 kB
MemAvailable:    1523736 kB
Buffers:           49576 kB
Cached:           396400 kB
MemTotal:        1844596 kB
MemFree:         1191200 kB
MemAvailable:    1522308 kB
Buffers:           49576 kB
Cached:           396400 kB
MemTotal:        1844596 kB
MemFree:         1190952 kB
MemAvailable:    1522060 kB
Buffers:           49576 kB
Cached:           396400 kB
MemTotal:        1844596 kB
MemFree:         1190464 kB
MemAvailable:    1521572 kB
Buffers:           49576 kB
Cached:           396400 kB
MemTotal:        1844596 kB
MemFree:         1190068 kB
MemAvailable:    1521176 kB
Buffers:           49576 kB
Cached:           396400 kB
MemTotal:        1844596 kB
MemFree:         1190152 kB
MemAvailable:    1521260 kB
Buffers:           49576 kB
Cached:           396400 kB
MemTotal:        1844596 kB
MemFree:         1188832 kB
MemAvailable:    1519940 kB
Buffers:           49576 kB
Cached:           396400 kB
MemTotal:        1844596 kB
MemFree:         1190204 kB
MemAvailable:    1521312 kB
Buffers:           49576 kB
Cached:           396400 kB
MemTotal:        1844596 kB
MemFree:         1188964 kB
MemAvailable:    1520072 kB
Buffers:           49576 kB
Cached:           396400 kB
MemTotal:        1844596 kB
MemFree:         1190084 kB
MemAvailable:    1521192 kB
Buffers:           49576 kB
Cached:           396400 kB
MemTotal:        1844596 kB
MemFree:         1188828 kB
MemAvailable:    1519936 kB
Buffers:           49576 kB
Cached:           396400 kB
MemTotal:        1844596 kB
MemFree:         1190028 kB
MemAvailable:    1521136 kB
Buffers:           49576 kB
Cached:           396400 kB
MemTotal:        1844596 kB
MemFree:         1190588 kB
MemAvailable:    1521696 kB
Buffers:           49576 kB
Cached:           396400 kB
MemTotal:        1844596 kB
MemFree:         1190456 kB
MemAvailable:    1521564 kB
Buffers:           49576 kB
Cached:           396400 kB
MemTotal:        1844596 kB
MemFree:         1189968 kB
MemAvailable:    1521076 kB
Buffers:           49576 kB
Cached:           396400 kB
MemTotal:        1844596 kB
MemFree:         1187984 kB
MemAvailable:    1519092 kB
Buffers:           49576 kB
Cached:           396400 kB
MemTotal:        1844596 kB
MemFree:         1186744 kB
MemAvailable:    1517852 kB
Buffers:           49576 kB
Cached:           396400 kB
MemTotal:        1844596 kB
MemFree:         1186488 kB
MemAvailable:    1517596 kB
Buffers:           49576 kB
Cached:           396400 kB
MemTotal:        1844596 kB
MemFree:         1185752 kB
MemAvailable:    1516860 kB
Buffers:           49576 kB
Cached:           396400 kB
MemTotal:        1844596 kB
MemFree:         1186860 kB
MemAvailable:    1517968 kB
Buffers:           49576 kB
Cached:           396400 kB
MemTotal:        1844596 kB
MemFree:         1186364 kB
MemAvailable:    1517472 kB
Buffers:           49576 kB
Cached:           396400 kB
MemTotal:        1844596 kB
MemFree:         1185928 kB
MemAvailable:    1517036 kB
Buffers:           49576 kB
Cached:           396400 kB
MemTotal:        1844596 kB
MemFree:         1184752 kB
MemAvailable:    1515860 kB
Buffers:           49576 kB
Cached:           396400 kB
MemTotal:        1844596 kB
MemFree:         1184496 kB
MemAvailable:    1515604 kB
Buffers:           49576 kB
Cached:           396400 kB
MemTotal:        1844596 kB
MemFree:         1184704 kB
MemAvailable:    1515812 kB
Buffers:           49576 kB
Cached:           396400 kB
MemTotal:        1844596 kB
MemFree:         1185680 kB
MemAvailable:    1516788 kB
Buffers:           49576 kB
Cached:           396400 kB
MemTotal:        1844596 kB
MemFree:         1185680 kB
MemAvailable:    1516788 kB
Buffers:           49576 kB
Cached:           396400 kB
MemTotal:        1844596 kB
MemFree:         1185224 kB
MemAvailable:    1516332 kB
Buffers:           49576 kB
Cached:           396400 kB
MemTotal:        1844596 kB
MemFree:         1183696 kB
MemAvailable:    1514804 kB
Buffers:           49576 kB
Cached:           396400 kB
MemTotal:        1844596 kB
MemFree:         1184192 kB
MemAvailable:    1515300 kB
Buffers:           49576 kB
Cached:           396400 kB
MemTotal:        1844596 kB
MemFree:         1185044 kB
MemAvailable:    1516152 kB
Buffers:           49576 kB
Cached:           396400 kB
MemTotal:        1844596 kB
MemFree:         1184972 kB
MemAvailable:    1516080 kB
Buffers:           49576 kB
Cached:           396400 kB
MemTotal:        1844596 kB
MemFree:         1184840 kB
MemAvailable:    1515948 kB
Buffers:           49576 kB
Cached:           396400 kB
MemTotal:        1844596 kB
MemFree:         1183600 kB
MemAvailable:    1514708 kB
Buffers:           49576 kB
Cached:           396400 kB
MemTotal:        1844596 kB
MemFree:         1183600 kB
MemAvailable:    1514708 kB
Buffers:           49576 kB
Cached:           396400 kB
MemTotal:        1844596 kB
MemFree:         1184868 kB
MemAvailable:    1515976 kB
Buffers:           49576 kB
Cached:           396400 kB
MemTotal:        1844596 kB
MemFree:         1184868 kB
MemAvailable:    1515976 kB
Buffers:           49576 kB
Cached:           396400 kB
MemTotal:        1844596 kB
MemFree:         1184856 kB
MemAvailable:    1515964 kB
Buffers:           49576 kB
Cached:           396400 kB
MemTotal:        1844596 kB
MemFree:         1184884 kB
MemAvailable:    1515992 kB
Buffers:           49576 kB
Cached:           396400 kB
MemTotal:        1844596 kB
MemFree:         1184688 kB
MemAvailable:    1515796 kB
Buffers:           49576 kB
Cached:           396400 kB
MemTotal:        1844596 kB
MemFree:         1184264 kB
MemAvailable:    1515372 kB
Buffers:           49576 kB
Cached:           396400 kB
MemTotal:        1844596 kB
MemFree:         1183132 kB
MemAvailable:    1514240 kB
Buffers:           49576 kB
Cached:           396400 kB
MemTotal:        1844596 kB
MemFree:         1183256 kB
MemAvailable:    1514364 kB
Buffers:           49576 kB
Cached:           396400 kB
MemTotal:        1844596 kB
MemFree:         1183148 kB
MemAvailable:    1514256 kB
Buffers:           49576 kB
Cached:           396400 kB
MemTotal:        1844596 kB
MemFree:         1184184 kB
MemAvailable:    1515292 kB
Buffers:           49576 kB
Cached:           396400 kB
MemTotal:        1844596 kB
MemFree:         1184192 kB
MemAvailable:    1515300 kB
Buffers:           49576 kB
Cached:           396400 kB
MemTotal:        1844596 kB
MemFree:         1184116 kB
MemAvailable:    1515224 kB
Buffers:           49576 kB
Cached:           396400 kB
MemTotal:        1844596 kB
MemFree:         1183892 kB
MemAvailable:    1515000 kB
Buffers:           49576 kB
Cached:           396400 kB
MemTotal:        1844596 kB
MemFree:         1182720 kB
MemAvailable:    1513828 kB
Buffers:           49576 kB
Cached:           396400 kB
MemTotal:        1844596 kB
MemFree:         1183988 kB
MemAvailable:    1515100 kB
Buffers:           49576 kB
Cached:           396404 kB
MemTotal:        1844596 kB
MemFree:         1183892 kB
MemAvailable:    1515004 kB
Buffers:           49576 kB
Cached:           396404 kB
MemTotal:        1844596 kB
MemFree:         1183988 kB
MemAvailable:    1515104 kB
Buffers:           49576 kB
Cached:           396408 kB
MemTotal:        1844596 kB
MemFree:         1184140 kB
MemAvailable:    1515256 kB
Buffers:           49576 kB
Cached:           396408 kB
MemTotal:        1844596 kB
MemFree:         1183736 kB
MemAvailable:    1514852 kB
Buffers:           49576 kB
Cached:           396408 kB
MemTotal:        1844596 kB
MemFree:         1183988 kB
MemAvailable:    1515104 kB
Buffers:           49576 kB
Cached:           396408 kB
MemTotal:        1844596 kB
MemFree:         1181712 kB
MemAvailable:    1512828 kB
Buffers:           49576 kB
Cached:           396408 kB
MemTotal:        1844596 kB
MemFree:         1178288 kB
MemAvailable:    1509404 kB
Buffers:           49576 kB
Cached:           396408 kB
MemTotal:        1844596 kB
MemFree:         1178312 kB
MemAvailable:    1509428 kB
Buffers:           49576 kB
Cached:           396408 kB
MemTotal:        1844596 kB
MemFree:         1175584 kB
MemAvailable:    1506700 kB
Buffers:           49576 kB
Cached:           396408 kB
MemTotal:        1844596 kB
MemFree:         1176388 kB
MemAvailable:    1507504 kB
Buffers:           49576 kB
Cached:           396408 kB
MemTotal:        1844596 kB
MemFree:         1175088 kB
MemAvailable:    1506204 kB
Buffers:           49576 kB
Cached:           396408 kB
MemTotal:        1844596 kB
MemFree:         1176072 kB
MemAvailable:    1507188 kB
Buffers:           49576 kB
Cached:           396408 kB
MemTotal:        1844596 kB
MemFree:         1175212 kB
MemAvailable:    1506328 kB
Buffers:           49576 kB
Cached:           396408 kB
MemTotal:        1844596 kB
MemFree:         1175928 kB
MemAvailable:    1507044 kB
Buffers:           49576 kB
Cached:           396408 kB
MemTotal:        1844596 kB
MemFree:         1176180 kB
MemAvailable:    1507296 kB
Buffers:           49576 kB
Cached:           396408 kB
MemTotal:        1844596 kB
MemFree:         1175940 kB
MemAvailable:    1507056 kB
Buffers:           49576 kB
Cached:           396408 kB
MemTotal:        1844596 kB
MemFree:         1176276 kB
MemAvailable:    1507392 kB
Buffers:           49576 kB
Cached:           396408 kB
MemTotal:        1844596 kB
MemFree:         1175884 kB
MemAvailable:    1507000 kB
Buffers:           49576 kB
Cached:           396408 kB
MemTotal:        1844596 kB
MemFree:         1176136 kB
MemAvailable:    1507252 kB
Buffers:           49576 kB
Cached:           396408 kB
MemTotal:        1844596 kB
MemFree:         1175936 kB
MemAvailable:    1507052 kB
Buffers:           49576 kB
Cached:           396408 kB
MemTotal:        1844596 kB
MemFree:         1175212 kB
MemAvailable:    1506328 kB
Buffers:           49576 kB
Cached:           396408 kB
MemTotal:        1844596 kB
MemFree:         1176388 kB
MemAvailable:    1507504 kB
Buffers:           49576 kB
Cached:           396408 kB
MemTotal:        1844596 kB
MemFree:         1176204 kB
MemAvailable:    1507320 kB
Buffers:           49576 kB
Cached:           396408 kB
MemTotal:        1844596 kB
MemFree:         1176204 kB
MemAvailable:    1507320 kB
Buffers:           49576 kB
Cached:           396408 kB
MemTotal:        1844596 kB
MemFree:         1175380 kB
MemAvailable:    1506496 kB
Buffers:           49576 kB
Cached:           396408 kB
MemTotal:        1844596 kB
MemFree:         1174776 kB
MemAvailable:    1505892 kB
Buffers:           49576 kB
Cached:           396408 kB
MemTotal:        1844596 kB
MemFree:         1174944 kB
MemAvailable:    1506060 kB
Buffers:           49576 kB
Cached:           396408 kB
MemTotal:        1844596 kB
MemFree:         1174636 kB
MemAvailable:    1505752 kB
Buffers:           49576 kB
Cached:           396408 kB
MemTotal:        1844596 kB
MemFree:         1174404 kB
MemAvailable:    1505520 kB
Buffers:           49576 kB
Cached:           396408 kB
MemTotal:        1844596 kB
MemFree:         1173956 kB
MemAvailable:    1505072 kB
Buffers:           49576 kB
Cached:           396408 kB
MemTotal:        1844596 kB
MemFree:         1173228 kB
MemAvailable:    1504344 kB
Buffers:           49576 kB
Cached:           396408 kB
MemTotal:        1844596 kB
MemFree:         1172104 kB
MemAvailable:    1503220 kB
Buffers:           49576 kB
Cached:           396408 kB
MemTotal:        1844596 kB
MemFree:         1173476 kB
MemAvailable:    1504592 kB
Buffers:           49576 kB
Cached:           396408 kB
MemTotal:        1844596 kB
MemFree:         1172848 kB
MemAvailable:    1503964 kB
Buffers:           49576 kB
Cached:           396408 kB
MemTotal:        1844596 kB
MemFree:         1172600 kB
MemAvailable:    1503716 kB
Buffers:           49576 kB
Cached:           396408 kB
MemTotal:        1844596 kB
MemFree:         1172660 kB
MemAvailable:    1503776 kB
Buffers:           49576 kB
Cached:           396408 kB
MemTotal:        1844596 kB
MemFree:         1172352 kB
MemAvailable:    1503468 kB
Buffers:           49576 kB
Cached:           396408 kB
MemTotal:        1844596 kB
MemFree:         1171996 kB
MemAvailable:    1503112 kB
Buffers:           49576 kB
Cached:           396408 kB
MemTotal:        1844596 kB
MemFree:         1172296 kB
MemAvailable:    1503412 kB
Buffers:           49576 kB
Cached:           396408 kB
MemTotal:        1844596 kB
MemFree:         1172424 kB
MemAvailable:    1503540 kB
Buffers:           49576 kB
Cached:           396408 kB
MemTotal:        1844596 kB
MemFree:         1172124 kB
MemAvailable:    1503240 kB
Buffers:           49576 kB
Cached:           396408 kB
MemTotal:        1844596 kB
MemFree:         1172172 kB
MemAvailable:    1503288 kB
Buffers:           49576 kB
Cached:           396408 kB
MemTotal:        1844596 kB
MemFree:         1172344 kB
MemAvailable:    1503460 kB
Buffers:           49576 kB
Cached:           396408 kB
MemTotal:        1844596 kB
MemFree:         1172148 kB
MemAvailable:    1503264 kB
Buffers:           49576 kB
Cached:           396408 kB
MemTotal:        1844596 kB
MemFree:         1172144 kB
MemAvailable:    1503260 kB
Buffers:           49576 kB
Cached:           396408 kB
MemTotal:        1844596 kB
MemFree:         1172012 kB
MemAvailable:    1503128 kB
Buffers:           49576 kB
Cached:           396408 kB
MemTotal:        1844596 kB
MemFree:         1171460 kB
MemAvailable:    1502576 kB
Buffers:           49576 kB
Cached:           396408 kB
MemTotal:        1844596 kB
MemFree:         1166936 kB
MemAvailable:    1498052 kB
Buffers:           49576 kB
Cached:           396408 kB
MemTotal:        1844596 kB
MemFree:         1164440 kB
MemAvailable:    1495556 kB
Buffers:           49576 kB
Cached:           396408 kB
MemTotal:        1844596 kB
MemFree:         1163836 kB
MemAvailable:    1494952 kB
Buffers:           49576 kB
Cached:           396408 kB
MemTotal:        1844596 kB
MemFree:         1164332 kB
MemAvailable:    1495448 kB
Buffers:           49576 kB
Cached:           396408 kB
MemTotal:        1844596 kB
MemFree:         1163032 kB
MemAvailable:    1494148 kB
Buffers:           49576 kB
Cached:           396408 kB
MemTotal:        1844596 kB
MemFree:         1163280 kB
MemAvailable:    1494396 kB
Buffers:           49576 kB
Cached:           396408 kB
MemTotal:        1844596 kB
MemFree:         1163032 kB
MemAvailable:    1494148 kB
Buffers:           49576 kB
Cached:           396408 kB
MemTotal:        1844596 kB
MemFree:         1165928 kB
MemAvailable:    1497044 kB
Buffers:           49576 kB
Cached:           396408 kB
MemTotal:        1844596 kB
MemFree:         1165572 kB
MemAvailable:    1496688 kB
Buffers:           49576 kB
Cached:           396408 kB
MemTotal:        1844596 kB
MemFree:         1165680 kB
MemAvailable:    1496880 kB
Buffers:           49576 kB
Cached:           396532 kB
MemTotal:        1844596 kB
MemFree:         1164184 kB
MemAvailable:    1495468 kB
Buffers:           49576 kB
Cached:           396656 kB
MemTotal:        1844596 kB
MemFree:         1164564 kB
MemAvailable:    1496100 kB
Buffers:           49576 kB
Cached:           396780 kB
MemTotal:        1844596 kB
MemFree:         1163908 kB
MemAvailable:    1495444 kB
Buffers:           49576 kB
Cached:           396780 kB
MemTotal:        1844596 kB
MemFree:         1163828 kB
MemAvailable:    1495468 kB
Buffers:           49576 kB
Cached:           396924 kB
MemTotal:        1844596 kB
MemFree:         1164888 kB
MemAvailable:    1496612 kB
Buffers:           49576 kB
Cached:           397048 kB
MemTotal:        1844596 kB
MemFree:         1164208 kB
MemAvailable:    1495932 kB
Buffers:           49576 kB
Cached:           397048 kB
MemTotal:        1844596 kB
MemFree:         1164936 kB
MemAvailable:    1496660 kB
Buffers:           49576 kB
Cached:           397048 kB
MemTotal:        1844596 kB
MemFree:         1165188 kB
MemAvailable:    1496912 kB
Buffers:           49576 kB
Cached:           397048 kB
MemTotal:        1844596 kB
MemFree:         1164756 kB
MemAvailable:    1496480 kB
Buffers:           49576 kB
Cached:           397048 kB
MemTotal:        1844596 kB
MemFree:         1165092 kB
MemAvailable:    1496816 kB
Buffers:           49576 kB
Cached:           397048 kB
MemTotal:        1844596 kB
MemFree:         1164992 kB
MemAvailable:    1496716 kB
Buffers:           49576 kB
Cached:           397172 kB
MemTotal:        1844596 kB
MemFree:         1163812 kB
MemAvailable:    1495536 kB
Buffers:           49576 kB
Cached:           397172 kB
MemTotal:        1844596 kB
MemFree:         1163556 kB
MemAvailable:    1495280 kB
Buffers:           49576 kB
Cached:           397172 kB
MemTotal:        1844596 kB
MemFree:         1163872 kB
MemAvailable:    1495008 kB
Buffers:           49576 kB
Cached:           396500 kB
MemTotal:        1844596 kB
MemFree:         1231804 kB
MemAvailable:    1562940 kB
Buffers:           49576 kB
Cached:           396500 kB
