MemTotal:        1844596 kB
MemFree:         1225664 kB
MemAvailable:    1564444 kB
Buffers:           50488 kB
Cached:           402568 kB
MemTotal:        1844596 kB
MemFree:         1197532 kB
MemAvailable:    1536316 kB
Buffers:           50488 kB
Cached:           402572 kB
MemTotal:        1844596 kB
MemFree:         1196904 kB
MemAvailable:    1535688 kB
Buffers:           50488 kB
Cached:           402572 kB
MemTotal:        1844596 kB
MemFree:         1194796 kB
MemAvailable:    1533580 kB
Buffers:           50488 kB
Cached:           402572 kB
MemTotal:        1844596 kB
MemFree:         1194416 kB
MemAvailable:    1533200 kB
Buffers:           50488 kB
Cached:           402572 kB
MemTotal:        1844596 kB
MemFree:         1194184 kB
MemAvailable:    1532968 kB
Buffers:           50488 kB
Cached:           402572 kB
MemTotal:        1844596 kB
MemFree:         1191944 kB
MemAvailable:    1530728 kB
Buffers:           50488 kB
Cached:           402572 kB
MemTotal:        1844596 kB
MemFree:         1189712 kB
MemAvailable:    1528496 kB
Buffers:           50488 kB
Cached:           402572 kB
MemTotal:        1844596 kB
MemFree:         1186992 kB
MemAvailable:    1525776 kB
Buffers:           50488 kB
Cached:           402572 kB
MemTotal:        1844596 kB
MemFree:         1183380 kB
MemAvailable:    1522164 kB
Buffers:           50488 kB
Cached:           402572 kB
MemTotal:        1844596 kB
MemFree:         1182652 kB
MemAvailable:    1521436 kB
Buffers:           50488 kB
Cached:           402572 kB
MemTotal:        1844596 kB
MemFree:         1184556 kB
MemAvailable:    1523340 kB
Buffers:           50488 kB
Cached:           402572 kB
MemTotal:        1844596 kB
MemFree:         1183768 kB
MemAvailable:    1522552 kB
Buffers:           50488 kB
Cached:           402572 kB
MemTotal:        1844596 kB
MemFree:         1184572 kB
MemAvailable:    1523356 kB
Buffers:           50488 kB
Cached:           402572 kB
MemTotal:        1844596 kB
MemFree:         1184248 kB
MemAvailable:    1523032 kB
Buffers:           50488 kB
Cached:           402572 kB
MemTotal:        1844596 kB
MemFree:         1184148 kB
MemAvailable:    1522932 kB
Buffers:           50488 kB
Cached:           402572 kB
MemTotal:        1844596 kB
MemFree:         1183132 kB
MemAvailable:    1521916 kB
Buffers:           50488 kB
Cached:           402572 kB
MemTotal:        1844596 kB
MemFree:         1183132 kB
MemAvailable:    1521916 kB
Buffers:           50488 kB
Cached:           402572 kB
MemTotal:        1844596 kB
MemFree:         1181032 kB
MemAvailable:    1519816 kB
Buffers:           50488 kB
Cached:           402572 kB
MemTotal:        1844596 kB
MemFree:         1180868 kB
MemAvailable:    1519652 kB
Buffers:           50488 kB
Cached:           402572 kB
MemTotal:        1844596 kB
MemFree:         1180992 kB
MemAvailable:    1519776 kB
Buffers:           50488 kB
Cached:           402572 kB
MemTotal:        1844596 kB
MemFree:         1180868 kB
MemAvailable:    1519652 kB
Buffers:           50488 kB
Cached:           402572 kB
MemTotal:        1844596 kB
MemFree:         1180860 kB
MemAvailable:    1519644 kB
Buffers:           50488 kB
Cached:           402572 kB
MemTotal:        1844596 kB
MemFree:         1180860 kB
MemAvailable:    1519644 kB
Buffers:           50488 kB
Cached:           402572 kB
MemTotal:        1844596 kB
MemFree:         1180904 kB
MemAvailable:    1519688 kB
Buffers:           50488 kB
Cached:           402572 kB
MemTotal:        1844596 kB
MemFree:         1181012 kB
MemAvailable:    1519796 kB
Buffers:           50488 kB
Cached:           402572 kB
MemTotal:        1844596 kB
MemFree:         1182148 kB
MemAvailable:    1520932 kB
Buffers:           50488 kB
Cached:           402572 kB
MemTotal:        1844596 kB
MemFree:         1181784 kB
MemAvailable:    1520568 kB
Buffers:           50488 kB
Cached:           402572 kB
MemTotal:        1844596 kB
MemFree:         1180544 kB
MemAvailable:    1519328 kB
Buffers:           50488 kB
Cached:           402572 kB
MemTotal:        1844596 kB
MemFree:         1179784 kB
MemAvailable:    1518568 kB
Buffers:           50488 kB
Cached:           402572 kB
MemTotal:        1844596 kB
MemFree:         1179180 kB
MemAvailable:    1517964 kB
Buffers:           50488 kB
Cached:           402572 kB
MemTotal:        1844596 kB
MemFree:         1179116 kB
MemAvailable:    1517900 kB
Buffers:           50488 kB
Cached:           402572 kB
MemTotal:        1844596 kB
MemFree:         1178056 kB
MemAvailable:    1516840 kB
Buffers:           50488 kB
Cached:           402572 kB
MemTotal:        1844596 kB
MemFree:         1176816 kB
MemAvailable:    1515600 kB
Buffers:           50488 kB
Cached:           402572 kB
MemTotal:        1844596 kB
MemFree:         1177932 kB
MemAvailable:    1516716 kB
Buffers:           50488 kB
Cached:           402572 kB
MemTotal:        1844596 kB
MemFree:         1178008 kB
MemAvailable:    1516792 kB
Buffers:           50488 kB
Cached:           402572 kB
MemTotal:        1844596 kB
MemFree:         1176512 kB
MemAvailable:    1515296 kB
Buffers:           50488 kB
Cached:           402572 kB
MemTotal:        1844596 kB
MemFree:         1176512 kB
MemAvailable:    1515296 kB
Buffers:           50488 kB
Cached:           402572 kB
MemTotal:        1844596 kB
MemFree:         1177752 kB
MemAvailable:    1516536 kB
Buffers:           50488 kB
Cached:           402572 kB
MemTotal:        1844596 kB
MemFree:         1176808 kB
MemAvailable:    1515592 kB
Buffers:           50488 kB
Cached:           402572 kB
MemTotal:        1844596 kB
MemFree:         1177056 kB
MemAvailable:    1515840 kB
Buffers:           50488 kB
Cached:           402572 kB
MemTotal:        1844596 kB
MemFree:         1177392 kB
MemAvailable:    1516176 kB
Buffers:           50488 kB
Cached:           402572 kB
MemTotal:        1844596 kB
MemFree:         1175520 kB
MemAvailable:    1514304 kB
Buffers:           50488 kB
Cached:           402572 kB
MemTotal:        1844596 kB
MemFree:         1175652 kB
MemAvailable:    1514440 kB
Buffers:           50488 kB
Cached:           402576 kB
MemTotal:        1844596 kB
MemFree:         1175708 kB
MemAvailable:    1514496 kB
Buffers:           50488 kB
Cached:           402576 kB
MemTotal:        1844596 kB
MemFree:         1176948 kB
MemAvailable:    1515736 kB
Buffers:           50488 kB
Cached:           402576 kB
MemTotal:        1844596 kB
MemFree:         1175700 kB
MemAvailable:    1514488 kB
Buffers:           50488 kB
Cached:           402576 kB
MemTotal:        1844596 kB
MemFree:         1177056 kB
MemAvailable:    1515844 kB
Buffers:           50488 kB
Cached:           402576 kB
MemTotal:        1844596 kB
MemFree:         1176996 kB
MemAvailable:    1515784 kB
Buffers:           50488 kB
Cached:           402576 kB
MemTotal:        1844596 kB
MemFree:         1175648 kB
MemAvailable:    1514436 kB
Buffers:           50488 kB
Cached:           402576 kB
MemTotal:        1844596 kB
MemFree:         1176560 kB
MemAvailable:    1515348 kB
Buffers:           50488 kB
Cached:           402576 kB
MemTotal:        1844596 kB
MemFree:         1176328 kB
MemAvailable:    1515116 kB
Buffers:           50488 kB
Cached:           402576 kB
MemTotal:        1844596 kB
MemFree:         1176300 kB
MemAvailable:    1515088 kB
Buffers:           50488 kB
Cached:           402576 kB
MemTotal:        1844596 kB
MemFree:         1176636 kB
MemAvailable:    1515424 kB
Buffers:           50488 kB
Cached:           402576 kB
MemTotal:        1844596 kB
MemFree:         1174956 kB
MemAvailable:    1513744 kB
Buffers:           50488 kB
Cached:           402576 kB
MemTotal:        1844596 kB
MemFree:         1176084 kB
MemAvailable:    1514872 kB
Buffers:           50488 kB
Cached:           402576 kB
MemTotal:        1844596 kB
MemFree:         1174824 kB
MemAvailable:    1513612 kB
Buffers:           50488 kB
Cached:           402576 kB
MemTotal:        1844596 kB
MemFree:         1176060 kB
MemAvailable:    1514848 kB
Buffers:           50488 kB
Cached:           402576 kB
MemTotal:        1844596 kB
MemFree:         1176012 kB
MemAvailable:    1514800 kB
Buffers:           50488 kB
Cached:           402576 kB
MemTotal:        1844596 kB
MemFree:         1174812 kB
MemAvailable:    1513600 kB
Buffers:           50488 kB
Cached:           402576 kB
MemTotal:        1844596 kB
MemFree:         1176132 kB
MemAvailable:    1514920 kB
Buffers:           50488 kB
Cached:           402576 kB
MemTotal:        1844596 kB
MemFree:         1174548 kB
MemAvailable:    1513336 kB
Buffers:           50488 kB
Cached:           402576 kB
MemTotal:        1844596 kB
MemFree:         1175908 kB
MemAvailable:    1514696 kB
Buffers:           50488 kB
Cached:           402576 kB
MemTotal:        1844596 kB
MemFree:         1174412 kB
MemAvailable:    1513200 kB
Buffers:           50488 kB
Cached:           402576 kB
MemTotal:        1844596 kB
MemFree:         1173652 kB
MemAvailable:    1512440 kB
Buffers:           50488 kB
Cached:           402576 kB
MemTotal:        1844596 kB
MemFree:         1170872 kB
MemAvailable:    1509660 kB
Buffers:           50488 kB
Cached:           402576 kB
MemTotal:        1844596 kB
MemFree:         1167268 kB
MemAvailable:    1506056 kB
Buffers:           50488 kB
Cached:           402576 kB
MemTotal:        1844596 kB
MemFree:         1167144 kB
MemAvailable:    1505932 kB
Buffers:           50488 kB
Cached:           402576 kB
MemTotal:        1844596 kB
MemFree:         1166772 kB
MemAvailable:    1505560 kB
Buffers:           50488 kB
Cached:           402576 kB
MemTotal:        1844596 kB
MemFree:         1168140 kB
MemAvailable:    1506928 kB
Buffers:           50488 kB
Cached:           402576 kB
MemTotal:        1844596 kB
MemFree:         1166768 kB
MemAvailable:    1505556 kB
Buffers:           50488 kB
Cached:           402576 kB
MemTotal:        1844596 kB
MemFree:         1168068 kB
MemAvailable:    1506856 kB
Buffers:           50488 kB
Cached:           402576 kB
MemTotal:        1844596 kB
MemFree:         1166888 kB
MemAvailable:    1505676 kB
Buffers:           50488 kB
Cached:           402576 kB
MemTotal:        1844596 kB
MemFree:         1166888 kB
MemAvailable:    1505676 kB
Buffers:           50488 kB
Cached:           402576 kB
MemTotal:        1844596 kB
MemFree:         1166888 kB
MemAvailable:    1505676 kB
Buffers:           50488 kB
Cached:           402576 kB
MemTotal:        1844596 kB
MemFree:         1168308 kB
MemAvailable:    1507096 kB
Buffers:           50488 kB
Cached:           402576 kB
MemTotal:        1844596 kB
MemFree:         1168056 kB
MemAvailable:    1506844 kB
Buffers:           50488 kB
Cached:           402576 kB
MemTotal:        1844596 kB
MemFree:         1168056 kB
MemAvailable:    1506844 kB
Buffers:           50488 kB
Cached:           402576 kB
MemTotal:        1844596 kB
MemFree:         1166756 kB
MemAvailable:    1505544 kB
Buffers:           50488 kB
Cached:           402576 kB
MemTotal:        1844596 kB
MemFree:         1167832 kB
MemAvailable:    1506620 kB
Buffers:           50488 kB
Cached:           402576 kB
MemTotal:        1844596 kB
MemFree:         1167716 kB
MemAvailable:    1506504 kB
Buffers:           50488 kB
Cached:           402576 kB
MemTotal:        1844596 kB
MemFree:         1167344 kB
MemAvailable:    1506132 kB
Buffers:           50488 kB
Cached:           402576 kB
MemTotal:        1844596 kB
MemFree:         1166516 kB
MemAvailable:    1505304 kB
Buffers:           50488 kB
Cached:           402576 kB
MemTotal:        1844596 kB
MemFree:         1165912 kB
MemAvailable:    1504700 kB
Buffers:           50488 kB
Cached:           402576 kB
MemTotal:        1844596 kB
MemFree:         1166412 kB
MemAvailable:    1505200 kB
Buffers:           50488 kB
Cached:           402576 kB
MemTotal:        1844596 kB
MemFree:         1165416 kB
MemAvailable:    1504204 kB
Buffers:           50488 kB
Cached:           402576 kB
MemTotal:        1844596 kB
MemFree:         1164788 kB
MemAvailable:    1503576 kB
Buffers:           50488 kB
Cached:           402576 kB
MemTotal:        1844596 kB
MemFree:         1164300 kB
MemAvailable:    1503088 kB
Buffers:           50488 kB
Cached:           402576 kB
MemTotal:        1844596 kB
MemFree:         1164656 kB
MemAvailable:    1503444 kB
Buffers:           50488 kB
Cached:           402576 kB
MemTotal:        1844596 kB
MemFree:         1163804 kB
MemAvailable:    1502592 kB
Buffers:           50488 kB
Cached:           402576 kB
MemTotal:        1844596 kB
MemFree:         1164356 kB
MemAvailable:    1503144 kB
Buffers:           50488 kB
Cached:           402576 kB
MemTotal:        1844596 kB
MemFree:         1164524 kB
MemAvailable:    1503312 kB
Buffers:           50488 kB
Cached:           402576 kB
MemTotal:        1844596 kB
MemFree:         1164104 kB
MemAvailable:    1502892 kB
Buffers:           50488 kB
Cached:           402576 kB
MemTotal:        1844596 kB
MemFree:         1164272 kB
MemAvailable:    1503060 kB
Buffers:           50488 kB
Cached:           402576 kB
MemTotal:        1844596 kB
MemFree:         1164216 kB
MemAvailable:    1503004 kB
Buffers:           50488 kB
Cached:           402576 kB
MemTotal:        1844596 kB
MemFree:         1164144 kB
MemAvailable:    1502932 kB
Buffers:           50488 kB
Cached:           402576 kB
MemTotal:        1844596 kB
MemFree:         1164144 kB
MemAvailable:    1502932 kB
Buffers:           50488 kB
Cached:           402576 kB
MemTotal:        1844596 kB
MemFree:         1164156 kB
MemAvailable:    1502944 kB
Buffers:           50488 kB
Cached:           402576 kB
MemTotal:        1844596 kB
MemFree:         1164308 kB
MemAvailable:    1503096 kB
Buffers:           50488 kB
Cached:           402576 kB
MemTotal:        1844596 kB
MemFree:         1164036 kB
MemAvailable:    1502824 kB
Buffers:           50488 kB
Cached:           402576 kB
MemTotal:        1844596 kB
MemFree:         1164052 kB
MemAvailable:    1502840 kB
Buffers:           50488 kB
Cached:           402576 kB
MemTotal:        1844596 kB
MemFree:         1163864 kB
MemAvailable:    1502660 kB
Buffers:           50488 kB
Cached:           402584 kB
MemTotal:        1844596 kB
MemFree:         1162432 kB
MemAvailable:    1501228 kB
Buffers:           50488 kB
Cached:           402584 kB
MemTotal:        1844596 kB
MemFree:         1162308 kB
MemAvailable:    1501104 kB
Buffers:           50488 kB
Cached:           402584 kB
MemTotal:        1844596 kB
MemFree:         1156612 kB
MemAvailable:    1495408 kB
Buffers:           50488 kB
Cached:           402584 kB
MemTotal:        1844596 kB
MemFree:         1156348 kB
MemAvailable:    1495144 kB
Buffers:           50488 kB
Cached:           402584 kB
MemTotal:        1844596 kB
MemFree:         1155620 kB
MemAvailable:    1494416 kB
Buffers:           50488 kB
Cached:           402584 kB
MemTotal:        1844596 kB
MemFree:         1154980 kB
MemAvailable:    1493776 kB
Buffers:           50488 kB
Cached:           402584 kB
MemTotal:        1844596 kB
MemFree:         1156100 kB
MemAvailable:    1494896 kB
Buffers:           50488 kB
Cached:           402584 kB
MemTotal:        1844596 kB
MemFree:         1155868 kB
MemAvailable:    1494664 kB
Buffers:           50488 kB
Cached:           402584 kB
MemTotal:        1844596 kB
MemFree:         1158484 kB
MemAvailable:    1497280 kB
Buffers:           50488 kB
Cached:           402584 kB
MemTotal:        1844596 kB
MemFree:         1156800 kB
MemAvailable:    1495596 kB
Buffers:           50488 kB
Cached:           402584 kB
MemTotal:        1844596 kB
MemFree:         1156860 kB
MemAvailable:    1495740 kB
Buffers:           50488 kB
Cached:           402708 kB
MemTotal:        1844596 kB
MemFree:         1157728 kB
MemAvailable:    1496776 kB
Buffers:           50488 kB
Cached:           402832 kB
MemTotal:        1844596 kB
MemFree:         1156356 kB
MemAvailable:    1495488 kB
Buffers:           50488 kB
Cached:           402956 kB
MemTotal:        1844596 kB
MemFree:         1157392 kB
MemAvailable:    1496608 kB
Buffers:           50488 kB
Cached:           403080 kB
MemTotal:        1844596 kB
MemFree:         1155968 kB
MemAvailable:    1495352 kB
Buffers:           50488 kB
Cached:           403204 kB
MemTotal:        1844596 kB
MemFree:         1157448 kB
MemAvailable:    1496916 kB
Buffers:           50488 kB
Cached:           403204 kB
MemTotal:        1844596 kB
MemFree:         1157168 kB
MemAvailable:    1496636 kB
Buffers:           50488 kB
Cached:           403204 kB
MemTotal:        1844596 kB
MemFree:         1156108 kB
MemAvailable:    1495576 kB
Buffers:           50488 kB
Cached:           403204 kB
MemTotal:        1844596 kB
MemFree:         1157196 kB
MemAvailable:    1496664 kB
Buffers:           50488 kB
Cached:           403204 kB
MemTotal:        1844596 kB
MemFree:         1156988 kB
MemAvailable:    1496456 kB
Buffers:           50488 kB
Cached:           403204 kB
MemTotal:        1844596 kB
MemFree:         1156908 kB
MemAvailable:    1496376 kB
Buffers:           50488 kB
Cached:           403328 kB
MemTotal:        1844596 kB
MemFree:         1155464 kB
MemAvailable:    1494932 kB
Buffers:           50488 kB
Cached:           403328 kB
MemTotal:        1844596 kB
MemFree:         1155772 kB
MemAvailable:    1494652 kB
Buffers:           50488 kB
Cached:           402656 kB
MemTotal:        1844596 kB
MemFree:         1222048 kB
MemAvailable:    1560928 kB
Buffers:           50488 kB
Cached:           402656 kB
