MemTotal:        1844596 kB
MemFree:         1218408 kB
MemAvailable:    1563876 kB
Buffers:           51368 kB
Cached:           407868 kB
MemTotal:        1844596 kB
MemFree:         1189788 kB
MemAvailable:    1535264 kB
Buffers:           51368 kB
Cached:           407876 kB
MemTotal:        1844596 kB
MemFree:         1190512 kB
MemAvailable:    1535988 kB
Buffers:           51368 kB
Cached:           407876 kB
MemTotal:        1844596 kB
MemFree:         1188912 kB
MemAvailable:    1534388 kB
Buffers:           51368 kB
Cached:           407876 kB
MemTotal:        1844596 kB
MemFree:         1187432 kB
MemAvailable:    1532908 kB
Buffers:           51368 kB
Cached:           407876 kB
MemTotal:        1844596 kB
MemFree:         1185932 kB
MemAvailable:    1531408 kB
Buffers:           51368 kB
Cached:           407876 kB
MemTotal:        1844596 kB
MemFree:         1185192 kB
MemAvailable:    1530668 kB
Buffers:           51368 kB
Cached:           407876 kB
MemTotal:        1844596 kB
MemFree:         1181960 kB
MemAvailable:    1527436 kB
Buffers:           51368 kB
Cached:           407876 kB
MemTotal:        1844596 kB
MemFree:         1181356 kB
MemAvailable:    1526832 kB
Buffers:           51368 kB
Cached:           407876 kB
MemTotal:        1844596 kB
MemFree:         1176580 kB
MemAvailable:    1522056 kB
Buffers:           51368 kB
Cached:           407876 kB
MemTotal:        1844596 kB
MemFree:         1176112 kB
MemAvailable:    1521588 kB
Buffers:           51368 kB
Cached:           407876 kB
MemTotal:        1844596 kB
MemFree:         1177432 kB
MemAvailable:    1522908 kB
Buffers:           51368 kB
Cached:           407876 kB
MemTotal:        1844596 kB
MemFree:         1177572 kB
MemAvailable:    1523048 kB
Buffers:           51368 kB
Cached:           407876 kB
MemTotal:        1844596 kB
MemFree:         1177712 kB
MemAvailable:    1523188 kB
Buffers:           51368 kB
Cached:           407876 kB
MemTotal:        1844596 kB
MemFree:         1177192 kB
MemAvailable:    1522668 kB
Buffers:           51368 kB
Cached:           407876 kB
MemTotal:        1844596 kB
MemFree:         1177008 kB
MemAvailable:    1522484 kB
Buffers:           51368 kB
Cached:           407876 kB
MemTotal:        1844596 kB
MemFree:         1176828 kB
MemAvailable:    1522304 kB
Buffers:           51368 kB
Cached:           407876 kB
MemTotal:        1844596 kB
MemFree:         1174908 kB
MemAvailable:    1520384 kB
Buffers:           51368 kB
Cached:           407876 kB
MemTotal:        1844596 kB
MemFree:         1174040 kB
MemAvailable:    1519516 kB
Buffers:           51368 kB
Cached:           407876 kB
MemTotal:        1844596 kB
MemFree:         1173784 kB
MemAvailable:    1519260 kB
Buffers:           51368 kB
Cached:           407876 kB
MemTotal:        1844596 kB
MemFree:         1173904 kB
MemAvailable:    1519380 kB
Buffers:           51368 kB
Cached:           407876 kB
MemTotal:        1844596 kB
MemFree:         1175056 kB
MemAvailable:    1520532 kB
Buffers:           51368 kB
Cached:           407876 kB
MemTotal:        1844596 kB
MemFree:         1174288 kB
MemAvailable:    1519764 kB
Buffers:           51368 kB
Cached:           407876 kB
MemTotal:        1844596 kB
MemFree:         1175020 kB
MemAvailable:    1520496 kB
Buffers:           51368 kB
Cached:           407876 kB
MemTotal:        1844596 kB
MemFree:         1173772 kB
MemAvailable:    1519248 kB
Buffers:           51368 kB
Cached:           407876 kB
MemTotal:        1844596 kB
MemFree:         1174956 kB
MemAvailable:    1520432 kB
Buffers:           51368 kB
Cached:           407876 kB
MemTotal:        1844596 kB
MemFree:         1175124 kB
MemAvailable:    1520600 kB
Buffers:           51368 kB
Cached:           407876 kB
MemTotal:        1844596 kB
MemFree:         1176344 kB
MemAvailable:    1521820 kB
Buffers:           51368 kB
Cached:           407876 kB
MemTotal:        1844596 kB
MemFree:         1176596 kB
MemAvailable:    1522072 kB
Buffers:           51368 kB
Cached:           407876 kB
MemTotal:        1844596 kB
MemFree:         1172908 kB
MemAvailable:    1518384 kB
Buffers:           51368 kB
Cached:           407876 kB
MemTotal:        1844596 kB
MemFree:         1171684 kB
MemAvailable:    1517160 kB
Buffers:           51368 kB
Cached:           407876 kB
MemTotal:        1844596 kB
MemFree:         1171436 kB
MemAvailable:    1516912 kB
Buffers:           51368 kB
Cached:           407876 kB
MemTotal:        1844596 kB
MemFree:         1170692 kB
MemAvailable:    1516168 kB
Buffers:           51368 kB
Cached:           407876 kB
MemTotal:        1844596 kB
MemFree:         1172036 kB
MemAvailable:    1517512 kB
Buffers:           51368 kB
Cached:           407876 kB
MemTotal:        1844596 kB
MemFree:         1170800 kB
MemAvailable:    1516276 kB
Buffers:           51368 kB
Cached:           407876 kB
MemTotal:        1844596 kB
MemFree:         1170884 kB
MemAvailable:    1516360 kB
Buffers:           51368 kB
Cached:           407876 kB
MemTotal:        1844596 kB
MemFree:         1170820 kB
MemAvailable:    1516296 kB
Buffers:           51368 kB
Cached:           407876 kB
MemTotal:        1844596 kB
MemFree:         1169644 kB
MemAvailable:    1515120 kB
Buffers:           51368 kB
Cached:           407876 kB
MemTotal:        1844596 kB
MemFree:         1169768 kB
MemAvailable:    1515244 kB
Buffers:           51368 kB
Cached:           407876 kB
MemTotal:        1844596 kB
MemFree:         1170752 kB
MemAvailable:    1516228 kB
Buffers:           51368 kB
Cached:           407876 kB
MemTotal:        1844596 kB
MemFree:         1169700 kB
MemAvailable:    1515176 kB
Buffers:           51368 kB
Cached:           407876 kB
MemTotal:        1844596 kB
MemFree:         1170388 kB
MemAvailable:    1515864 kB
Buffers:           51368 kB
Cached:           407876 kB
MemTotal:        1844596 kB
MemFree:         1170192 kB
MemAvailable:    1515668 kB
Buffers:           51368 kB
Cached:           407876 kB
MemTotal:        1844596 kB
MemFree:         1169080 kB
MemAvailable:    1514556 kB
Buffers:           51368 kB
Cached:           407876 kB
MemTotal:        1844596 kB
MemFree:         1168444 kB
MemAvailable:    1513920 kB
Buffers:           51368 kB
Cached:           407876 kB
MemTotal:        1844596 kB
MemFree:         1168444 kB
MemAvailable:    1513924 kB
Buffers:           51368 kB
Cached:           407880 kB
MemTotal:        1844596 kB
MemFree:         1169816 kB
MemAvailable:    1515296 kB
Buffers:           51368 kB
Cached:           407880 kB
MemTotal:        1844596 kB
MemFree:         1169996 kB
MemAvailable:    1515476 kB
Buffers:           51368 kB
Cached:           407880 kB
MemTotal:        1844596 kB
MemFree:         1170052 kB
MemAvailable:    1515532 kB
Buffers:           51368 kB
Cached:           407880 kB
MemTotal:        1844596 kB
MemFree:         1168648 kB
MemAvailable:    1514128 kB
Buffers:           51368 kB
Cached:           407880 kB
MemTotal:        1844596 kB
MemFree:         1168392 kB
MemAvailable:    1513872 kB
Buffers:           51368 kB
Cached:           407880 kB
MemTotal:        1844596 kB
MemFree:         1168684 kB
MemAvailable:    1514164 kB
Buffers:           51368 kB
Cached:           407880 kB
MemTotal:        1844596 kB
MemFree:         1168680 kB
MemAvailable:    1514160 kB
Buffers:           51368 kB
Cached:           407880 kB
MemTotal:        1844596 kB
MemFree:         1169932 kB
MemAvailable:    1515412 kB
Buffers:           51368 kB
Cached:           407880 kB
MemTotal:        1844596 kB
MemFree:         1169940 kB
MemAvailable:    1515420 kB
Buffers:           51368 kB
Cached:           407880 kB
MemTotal:        1844596 kB
MemFree:         1168452 kB
MemAvailable:    1513932 kB
Buffers:           51368 kB
Cached:           407880 kB
MemTotal:        1844596 kB
MemFree:         1169692 kB
MemAvailable:    1515172 kB
Buffers:           51368 kB
Cached:           407880 kB
MemTotal:        1844596 kB
MemFree:         1168452 kB
MemAvailable:    1513932 kB
Buffers:           51368 kB
Cached:           407880 kB
MemTotal:        1844596 kB
MemFree:         1168080 kB
MemAvailable:    1513560 kB
Buffers:           51368 kB
Cached:           407880 kB
MemTotal:        1844596 kB
MemFree:         1167708 kB
MemAvailable:    1513188 kB
Buffers:           51368 kB
Cached:           407880 kB
MemTotal:        1844596 kB
MemFree:         1169008 kB
MemAvailable:    1514488 kB
Buffers:           51368 kB
Cached:           407880 kB
MemTotal:        1844596 kB
MemFree:         1169064 kB
MemAvailable:    1514544 kB
Buffers:           51368 kB
Cached:           407880 kB
MemTotal:        1844596 kB
MemFree:         1167656 kB
MemAvailable:    1513136 kB
Buffers:           51368 kB
Cached:           407880 kB
MemTotal:        1844596 kB
MemFree:         1167532 kB
MemAvailable:    1513012 kB
Buffers:           51368 kB
Cached:           407880 kB
MemTotal:        1844596 kB
MemFree:         1167656 kB
MemAvailable:    1513136 kB
Buffers:           51368 kB
Cached:           407880 kB
MemTotal:        1844596 kB
MemFree:         1167656 kB
MemAvailable:    1513136 kB
Buffers:           51368 kB
Cached:           407880 kB
MemTotal:        1844596 kB
MemFree:         1167648 kB
MemAvailable:    1513128 kB
Buffers:           51368 kB
Cached:           407880 kB
MemTotal:        1844596 kB
MemFree:         1168388 kB
MemAvailable:    1513868 kB
Buffers:           51368 kB
Cached:           407880 kB
MemTotal:        1844596 kB
MemFree:         1165476 kB
MemAvailable:    1510956 kB
Buffers:           51368 kB
Cached:           407880 kB
MemTotal:        1844596 kB
MemFree:         1164244 kB
MemAvailable:    1509724 kB
Buffers:           51368 kB
Cached:           407880 kB
MemTotal:        1844596 kB
MemFree:         1160648 kB
MemAvailable:    1506128 kB
Buffers:           51368 kB
Cached:           407880 kB
MemTotal:        1844596 kB
MemFree:         1160144 kB
MemAvailable:    1505624 kB
Buffers:           51368 kB
Cached:           407880 kB
MemTotal:        1844596 kB
MemFree:         1159904 kB
MemAvailable:    1505384 kB
Buffers:           51368 kB
Cached:           407880 kB
MemTotal:        1844596 kB
MemFree:         1159780 kB
MemAvailable:    1505260 kB
Buffers:           51368 kB
Cached:           407880 kB
MemTotal:        1844596 kB
MemFree:         1159732 kB
MemAvailable:    1505212 kB
Buffers:           51368 kB
Cached:           407880 kB
MemTotal:        1844596 kB
MemFree:         1159768 kB
MemAvailable:    1505248 kB
Buffers:           51368 kB
Cached:           407880 kB
MemTotal:        1844596 kB
MemFree:         1159636 kB
MemAvailable:    1505116 kB
Buffers:           51368 kB
Cached:           407880 kB
MemTotal:        1844596 kB
MemFree:         1161004 kB
MemAvailable:    1506484 kB
Buffers:           51368 kB
Cached:           407880 kB
MemTotal:        1844596 kB
MemFree:         1159716 kB
MemAvailable:    1505196 kB
Buffers:           51368 kB
Cached:           407880 kB
MemTotal:        1844596 kB
MemFree:         1160940 kB
MemAvailable:    1506420 kB
Buffers:           51368 kB
Cached:           407880 kB
MemTotal:        1844596 kB
MemFree:         1160812 kB
MemAvailable:    1506292 kB
Buffers:           51368 kB
Cached:           407880 kB
MemTotal:        1844596 kB
MemFree:         1160772 kB
MemAvailable:    1506252 kB
Buffers:           51368 kB
Cached:           407880 kB
MemTotal:        1844596 kB
MemFree:         1161068 kB
MemAvailable:    1506548 kB
Buffers:           51368 kB
Cached:           407880 kB
MemTotal:        1844596 kB
MemFree:         1160896 kB
MemAvailable:    1506376 kB
Buffers:           51368 kB
Cached:           407880 kB
MemTotal:        1844596 kB
MemFree:         1160452 kB
MemAvailable:    1505932 kB
Buffers:           51368 kB
Cached:           407880 kB
MemTotal:        1844596 kB
MemFree:         1159020 kB
MemAvailable:    1504500 kB
Buffers:           51368 kB
Cached:           407880 kB
MemTotal:        1844596 kB
MemFree:         1160252 kB
MemAvailable:    1505732 kB
Buffers:           51368 kB
Cached:           407880 kB
MemTotal:        1844596 kB
MemFree:         1159716 kB
MemAvailable:    1505196 kB
Buffers:           51368 kB
Cached:           407880 kB
MemTotal:        1844596 kB
MemFree:         1159268 kB
MemAvailable:    1504748 kB
Buffers:           51368 kB
Cached:           407880 kB
MemTotal:        1844596 kB
MemFree:         1159408 kB
MemAvailable:    1504888 kB
Buffers:           51368 kB
Cached:           407880 kB
MemTotal:        1844596 kB
MemFree:         1157980 kB
MemAvailable:    1503460 kB
Buffers:           51368 kB
Cached:           407880 kB
MemTotal:        1844596 kB
MemFree:         1157672 kB
MemAvailable:    1503152 kB
Buffers:           51368 kB
Cached:           407880 kB
MemTotal:        1844596 kB
MemFree:         1158476 kB
MemAvailable:    1503956 kB
Buffers:           51368 kB
Cached:           407880 kB
MemTotal:        1844596 kB
MemFree:         1157732 kB
MemAvailable:    1503212 kB
Buffers:           51368 kB
Cached:           407880 kB
MemTotal:        1844596 kB
MemFree:         1157400 kB
MemAvailable:    1502880 kB
Buffers:           51368 kB
Cached:           407880 kB
MemTotal:        1844596 kB
MemFree:         1157052 kB
MemAvailable:    1502532 kB
Buffers:           51368 kB
Cached:           407880 kB
MemTotal:        1844596 kB
MemFree:         1157284 kB
MemAvailable:    1502764 kB
Buffers:           51368 kB
Cached:           407880 kB
MemTotal:        1844596 kB
MemFree:         1156184 kB
MemAvailable:    1501664 kB
Buffers:           51368 kB
Cached:           407880 kB
MemTotal:        1844596 kB
MemFree:         1155792 kB
MemAvailable:    1501272 kB
Buffers:           51368 kB
Cached:           407880 kB
MemTotal:        1844596 kB
MemFree:         1155924 kB
MemAvailable:    1501404 kB
Buffers:           51368 kB
Cached:           407880 kB
MemTotal:        1844596 kB
MemFree:         1157044 kB
MemAvailable:    1502524 kB
Buffers:           51368 kB
Cached:           407880 kB
MemTotal:        1844596 kB
MemFree:         1157276 kB
MemAvailable:    1502756 kB
Buffers:           51368 kB
Cached:           407880 kB
MemTotal:        1844596 kB
MemFree:         1157112 kB
MemAvailable:    1502592 kB
Buffers:           51368 kB
Cached:           407880 kB
MemTotal:        1844596 kB
MemFree:         1155936 kB
MemAvailable:    1501416 kB
Buffers:           51368 kB
Cached:           407880 kB
MemTotal:        1844596 kB
MemFree:         1157108 kB
MemAvailable:    1502588 kB
Buffers:           51368 kB
Cached:           407880 kB
MemTotal:        1844596 kB
MemFree:         1157052 kB
MemAvailable:    1502532 kB
Buffers:           51368 kB
Cached:           407880 kB
MemTotal:        1844596 kB
MemFree:         1153828 kB
MemAvailable:    1499308 kB
Buffers:           51368 kB
Cached:           407880 kB
MemTotal:        1844596 kB
MemFree:         1148248 kB
MemAvailable:    1493728 kB
Buffers:           51368 kB
Cached:           407880 kB
MemTotal:        1844596 kB
MemFree:         1148124 kB
MemAvailable:    1493604 kB
Buffers:           51368 kB
Cached:           407880 kB
MemTotal:        1844596 kB
MemFree:         1149192 kB
MemAvailable:    1494672 kB
Buffers:           51368 kB
Cached:           407880 kB
MemTotal:        1844596 kB
MemFree:         1149308 kB
MemAvailable:    1494788 kB
Buffers:           51368 kB
Cached:           407880 kB
MemTotal:        1844596 kB
MemFree:         1149228 kB
MemAvailable:    1494708 kB
Buffers:           51368 kB
Cached:           407880 kB
MemTotal:        1844596 kB
MemFree:         1149284 kB
MemAvailable:    1494764 kB
Buffers:           51368 kB
Cached:           407880 kB
MemTotal:        1844596 kB
MemFree:         1150844 kB
MemAvailable:    1496324 kB
Buffers:           51368 kB
Cached:           407880 kB
MemTotal:        1844596 kB
MemFree:         1150844 kB
MemAvailable:    1496324 kB
Buffers:           51368 kB
Cached:           407880 kB
MemTotal:        1844596 kB
MemFree:         1150524 kB
MemAvailable:    1496172 kB
Buffers:           51368 kB
Cached:           408128 kB
MemTotal:        1844596 kB
MemFree:         1149216 kB
MemAvailable:    1494948 kB
Buffers:           51368 kB
Cached:           408128 kB
MemTotal:        1844596 kB
MemFree:         1149364 kB
MemAvailable:    1495180 kB
Buffers:           51368 kB
Cached:           408252 kB
MemTotal:        1844596 kB
MemFree:         1150104 kB
MemAvailable:    1496004 kB
Buffers:           51368 kB
Cached:           408376 kB
MemTotal:        1844596 kB
MemFree:         1148936 kB
MemAvailable:    1495004 kB
Buffers:           51368 kB
Cached:           408500 kB
MemTotal:        1844596 kB
MemFree:         1148680 kB
MemAvailable:    1494748 kB
Buffers:           51368 kB
Cached:           408500 kB
MemTotal:        1844596 kB
MemFree:         1149956 kB
MemAvailable:    1496024 kB
Buffers:           51368 kB
Cached:           408500 kB
MemTotal:        1844596 kB
MemFree:         1149240 kB
MemAvailable:    1495308 kB
Buffers:           51368 kB
Cached:           408500 kB
MemTotal:        1844596 kB
MemFree:         1149804 kB
MemAvailable:    1495940 kB
Buffers:           51368 kB
Cached:           408528 kB
MemTotal:        1844596 kB
MemFree:         1150060 kB
MemAvailable:    1496196 kB
Buffers:           51368 kB
Cached:           408528 kB
MemTotal:        1844596 kB
MemFree:         1148440 kB
MemAvailable:    1494624 kB
Buffers:           51368 kB
Cached:           408580 kB
MemTotal:        1844596 kB
MemFree:         1148860 kB
MemAvailable:    1495044 kB
Buffers:           51368 kB
Cached:           408628 kB
MemTotal:        1844596 kB
MemFree:         1149784 kB
MemAvailable:    1495968 kB
Buffers:           51368 kB
Cached:           408628 kB
MemTotal:        1844596 kB
MemFree:         1150792 kB
MemAvailable:    1496304 kB
Buffers:           51368 kB
Cached:           407912 kB
MemTotal:        1844596 kB
MemFree:         1187916 kB
MemAvailable:    1533428 kB
Buffers:           51368 kB
Cached:           407912 kB
