MemTotal:        1844596 kB
MemFree:         1275396 kB
MemAvailable:    1569856 kB
Buffers:           45052 kB
Cached:           367076 kB
MemTotal:        1844596 kB
MemFree:         1248084 kB
MemAvailable:    1542552 kB
Buffers:           45052 kB
Cached:           367080 kB
MemTotal:        1844596 kB
MemFree:         1246720 kB
MemAvailable:    1541188 kB
Buffers:           45052 kB
Cached:           367080 kB
MemTotal:        1844596 kB
MemFree:         1245788 kB
MemAvailable:    1540256 kB
Buffers:           45052 kB
Cached:           367080 kB
MemTotal:        1844596 kB
MemFree:         1243364 kB
MemAvailable:    1537832 kB
Buffers:           45052 kB
Cached:           367080 kB
MemTotal:        1844596 kB
MemFree:         1243496 kB
MemAvailable:    1537964 kB
Buffers:           45052 kB
Cached:           367080 kB
MemTotal:        1844596 kB
MemFree:         1239464 kB
MemAvailable:    1533932 kB
Buffers:           45052 kB
Cached:           367080 kB
MemTotal:        1844596 kB
MemFree:         1238784 kB
MemAvailable:    1533252 kB
Buffers:           45052 kB
Cached:           367080 kB
MemTotal:        1844596 kB
MemFree:         1237040 kB
MemAvailable:    1531508 kB
Buffers:           45052 kB
Cached:           367080 kB
MemTotal:        1844596 kB
MemFree:         1235924 kB
MemAvailable:    1530392 kB
Buffers:           45052 kB
Cached:           367080 kB
MemTotal:        1844596 kB
MemFree:         1234300 kB
MemAvailable:    1528768 kB
Buffers:           45052 kB
Cached:           367080 kB
MemTotal:        1844596 kB
MemFree:         1234376 kB
MemAvailable:    1528844 kB
Buffers:           45052 kB
Cached:           367080 kB
MemTotal:        1844596 kB
MemFree:         1233072 kB
MemAvailable:    1527540 kB
Buffers:           45052 kB
Cached:           367080 kB
MemTotal:        1844596 kB
MemFree:         1234340 kB
MemAvailable:    1528808 kB
Buffers:           45052 kB
Cached:           367080 kB
MemTotal:        1844596 kB
MemFree:         1232696 kB
MemAvailable:    1527164 kB
Buffers:           45052 kB
Cached:           367080 kB
MemTotal:        1844596 kB
MemFree:         1232688 kB
MemAvailable:    1527156 kB
Buffers:           45052 kB
Cached:           367080 kB
MemTotal:        1844596 kB
MemFree:         1231972 kB
MemAvailable:    1526440 kB
Buffers:           45052 kB
Cached:           367080 kB
MemTotal:        1844596 kB
MemFree:         1231104 kB
MemAvailable:    1525572 kB
Buffers:           45052 kB
Cached:           367080 kB
MemTotal:        1844596 kB
MemFree:         1230724 kB
MemAvailable:    1525192 kB
Buffers:           45052 kB
Cached:           367080 kB
MemTotal:        1844596 kB
MemFree:         1231832 kB
MemAvailable:    1526300 kB
Buffers:           45052 kB
Cached:           367080 kB
MemTotal:        1844596 kB
MemFree:         1231352 kB
MemAvailable:    1525820 kB
Buffers:           45052 kB
Cached:           367080 kB
MemTotal:        1844596 kB
MemFree:         1231792 kB
MemAvailable:    1526260 kB
Buffers:           45052 kB
Cached:           367080 kB
MemTotal:        1844596 kB
MemFree:         1231476 kB
MemAvailable:    1525944 kB
Buffers:           45052 kB
Cached:           367080 kB
MemTotal:        1844596 kB
MemFree:         1231728 kB
MemAvailable:    1526196 kB
Buffers:           45052 kB
Cached:           367080 kB
MemTotal:        1844596 kB
MemFree:         1231792 kB
MemAvailable:    1526260 kB
Buffers:           45052 kB
Cached:           367080 kB
MemTotal:        1844596 kB
MemFree:         1231652 kB
MemAvailable:    1526120 kB
Buffers:           45052 kB
Cached:           367080 kB
MemTotal:        1844596 kB
MemFree:         1231476 kB
MemAvailable:    1525944 kB
Buffers:           45052 kB
Cached:           367080 kB
MemTotal:        1844596 kB
MemFree:         1233036 kB
MemAvailable:    1527504 kB
Buffers:           45052 kB
Cached:           367080 kB
MemTotal:        1844596 kB
MemFree:         1233288 kB
MemAvailable:    1527756 kB
Buffers:           45052 kB
Cached:           367080 kB
MemTotal:        1844596 kB
MemFree:         1231040 kB
MemAvailable:    1525508 kB
Buffers:           45052 kB
Cached:           367080 kB
MemTotal:        1844596 kB
MemFree:         1228500 kB
MemAvailable:    1522968 kB
Buffers:           45052 kB
Cached:           367080 kB
MemTotal:        1844596 kB
MemFree:         1229492 kB
MemAvailable:    1523960 kB
Buffers:           45052 kB
Cached:           367080 kB
MemTotal:        1844596 kB
MemFree:         1227740 kB
MemAvailable:    1522208 kB
Buffers:           45052 kB
Cached:           367080 kB
MemTotal:        1844596 kB
MemFree:         1227376 kB
MemAvailable:    1521844 kB
Buffers:           45052 kB
Cached:           367080 kB
MemTotal:        1844596 kB
MemFree:         1226764 kB
MemAvailable:    1521232 kB
Buffers:           45052 kB
Cached:           367080 kB
MemTotal:        1844596 kB
MemFree:         1226592 kB
MemAvailable:    1521060 kB
Buffers:           45052 kB
Cached:           367080 kB
MemTotal:        1844596 kB
MemFree:         1227564 kB
MemAvailable:    1522032 kB
Buffers:           45052 kB
Cached:           367080 kB
MemTotal:        1844596 kB
MemFree:         1227816 kB
MemAvailable:    1522284 kB
Buffers:           45052 kB
Cached:           367080 kB
MemTotal:        1844596 kB
MemFree:         1227480 kB
MemAvailable:    1521948 kB
Buffers:           45052 kB
Cached:           367080 kB
MemTotal:        1844596 kB
MemFree:         1227384 kB
MemAvailable:    1521852 kB
Buffers:           45052 kB
Cached:           367080 kB
MemTotal:        1844596 kB
MemFree:         1227480 kB
MemAvailable:    1521948 kB
Buffers:           45052 kB
Cached:           367080 kB
MemTotal:        1844596 kB
MemFree:         1227480 kB
MemAvailable:    1521948 kB
Buffers:           45052 kB
Cached:           367080 kB
MemTotal:        1844596 kB
MemFree:         1227120 kB
MemAvailable:    1521588 kB
Buffers:           45052 kB
Cached:           367080 kB
MemTotal:        1844596 kB
MemFree:         1225748 kB
MemAvailable:    1520216 kB
Buffers:           45052 kB
Cached:           367080 kB
MemTotal:        1844596 kB
MemFree:         1226376 kB
MemAvailable:    1520844 kB
Buffers:           45052 kB
Cached:           367080 kB
MemTotal:        1844596 kB
MemFree:         1225260 kB
MemAvailable:    1519728 kB
Buffers:           45052 kB
Cached:           367080 kB
MemTotal:        1844596 kB
MemFree:         1225468 kB
MemAvailable:    1519936 kB
Buffers:           45052 kB
Cached:           367080 kB
MemTotal:        1844596 kB
MemFree:         1226512 kB
MemAvailable:    1520980 kB
Buffers:           45052 kB
Cached:           367080 kB
MemTotal:        1844596 kB
MemFree:         1225372 kB
MemAvailable:    1519840 kB
Buffers:           45052 kB
Cached:           367080 kB
MemTotal:        1844596 kB
MemFree:         1226556 kB
MemAvailable:    1521024 kB
Buffers:           45052 kB
Cached:           367080 kB
MemTotal:        1844596 kB
MemFree:         1226516 kB
MemAvailable:    1520984 kB
Buffers:           45052 kB
Cached:           367080 kB
MemTotal:        1844596 kB
MemFree:         1226584 kB
MemAvailable:    1521052 kB
Buffers:           45052 kB
Cached:           367080 kB
MemTotal:        1844596 kB
MemFree:         1225888 kB
MemAvailable:    1520356 kB
Buffers:           45052 kB
Cached:           367080 kB
MemTotal:        1844596 kB
MemFree:         1226440 kB
MemAvailable:    1520908 kB
Buffers:           45052 kB
Cached:           367080 kB
MemTotal:        1844596 kB
MemFree:         1226392 kB
MemAvailable:    1520860 kB
Buffers:           45052 kB
Cached:           367080 kB
MemTotal:        1844596 kB
MemFree:         1226520 kB
MemAvailable:    1520988 kB
Buffers:           45052 kB
Cached:           367080 kB
MemTotal:        1844596 kB
MemFree:         1226520 kB
MemAvailable:    1520988 kB
Buffers:           45052 kB
Cached:           367080 kB
MemTotal:        1844596 kB
MemFree:         1226128 kB
MemAvailable:    1520596 kB
Buffers:           45052 kB
Cached:           367080 kB
MemTotal:        1844596 kB
MemFree:         1225648 kB
MemAvailable:    1520116 kB
Buffers:           45052 kB
Cached:           367080 kB
MemTotal:        1844596 kB
MemFree:         1225756 kB
MemAvailable:    1520224 kB
Buffers:           45052 kB
Cached:           367080 kB
MemTotal:        1844596 kB
MemFree:         1225752 kB
MemAvailable:    1520220 kB
Buffers:           45052 kB
Cached:           367080 kB
MemTotal:        1844596 kB
MemFree:         1224380 kB
MemAvailable:    1518848 kB
Buffers:           45052 kB
Cached:           367080 kB
MemTotal:        1844596 kB
MemFree:         1224372 kB
MemAvailable:    1518840 kB
Buffers:           45052 kB
Cached:           367080 kB
MemTotal:        1844596 kB
MemFree:         1225688 kB
MemAvailable:    1520156 kB
Buffers:           45052 kB
Cached:           367080 kB
MemTotal:        1844596 kB
MemFree:         1225524 kB
MemAvailable:    1519992 kB
Buffers:           45052 kB
Cached:           367080 kB
MemTotal:        1844596 kB
MemFree:         1225644 kB
MemAvailable:    1520112 kB
Buffers:           45052 kB
Cached:           367080 kB
MemTotal:        1844596 kB
MemFree:         1225572 kB
MemAvailable:    1520040 kB
Buffers:           45052 kB
Cached:           367080 kB
MemTotal:        1844596 kB
MemFree:         1225648 kB
MemAvailable:    1520116 kB
Buffers:           45052 kB
Cached:           367080 kB
MemTotal:        1844596 kB
MemFree:         1224220 kB
MemAvailable:    1518688 kB
Buffers:           45052 kB
Cached:           367080 kB
MemTotal:        1844596 kB
MemFree:         1223044 kB
MemAvailable:    1517512 kB
Buffers:           45052 kB
Cached:           367080 kB
MemTotal:        1844596 kB
MemFree:         1222052 kB
MemAvailable:    1516520 kB
Buffers:           45052 kB
Cached:           367080 kB
MemTotal:        1844596 kB
MemFree:         1219820 kB
MemAvailable:    1514288 kB
Buffers:           45052 kB
Cached:           367080 kB
MemTotal:        1844596 kB
MemFree:         1218440 kB
MemAvailable:    1512912 kB
Buffers:           45052 kB
Cached:           367084 kB
MemTotal:        1844596 kB
MemFree:         1217960 kB
MemAvailable:    1512432 kB
Buffers:           45052 kB
Cached:           367084 kB
MemTotal:        1844596 kB
MemFree:         1218004 kB
MemAvailable:    1512476 kB
Buffers:           45052 kB
Cached:           367084 kB
MemTotal:        1844596 kB
MemFree:         1217812 kB
MemAvailable:    1512284 kB
Buffers:           45052 kB
Cached:           367084 kB
MemTotal:        1844596 kB
MemFree:         1216588 kB
MemAvailable:    1511060 kB
Buffers:           45052 kB
Cached:           367084 kB
MemTotal:        1844596 kB
MemFree:         1217616 kB
MemAvailable:    1512088 kB
Buffers:           45052 kB
Cached:           367084 kB
MemTotal:        1844596 kB
MemFree:         1217952 kB
MemAvailable:    1512424 kB
Buffers:           45052 kB
Cached:           367084 kB
MemTotal:        1844596 kB
MemFree:         1216324 kB
MemAvailable:    1510796 kB
Buffers:           45052 kB
Cached:           367084 kB
MemTotal:        1844596 kB
MemFree:         1217684 kB
MemAvailable:    1512156 kB
Buffers:           45052 kB
Cached:           367084 kB
MemTotal:        1844596 kB
MemFree:         1217768 kB
MemAvailable:    1512240 kB
Buffers:           45052 kB
Cached:           367084 kB
MemTotal:        1844596 kB
MemFree:         1217760 kB
MemAvailable:    1512232 kB
Buffers:           45052 kB
Cached:           367084 kB
MemTotal:        1844596 kB
MemFree:         1217712 kB
MemAvailable:    1512184 kB
Buffers:           45052 kB
Cached:           367084 kB
MemTotal:        1844596 kB
MemFree:         1217812 kB
MemAvailable:    1512284 kB
Buffers:           45052 kB
Cached:           367084 kB
MemTotal:        1844596 kB
MemFree:         1217572 kB
MemAvailable:    1512044 kB
Buffers:           45052 kB
Cached:           367084 kB
MemTotal:        1844596 kB
MemFree:         1217340 kB
MemAvailable:    1511812 kB
Buffers:           45052 kB
Cached:           367084 kB
MemTotal:        1844596 kB
MemFree:         1217760 kB
MemAvailable:    1512232 kB
Buffers:           45052 kB
Cached:           367084 kB
MemTotal:        1844596 kB
MemFree:         1217588 kB
MemAvailable:    1512068 kB
Buffers:           45052 kB
Cached:           367092 kB
MemTotal:        1844596 kB
MemFree:         1216952 kB
MemAvailable:    1511432 kB
Buffers:           45052 kB
Cached:           367092 kB
MemTotal:        1844596 kB
MemFree:         1217036 kB
MemAvailable:    1511516 kB
Buffers:           45052 kB
Cached:           367092 kB
MemTotal:        1844596 kB
MemFree:         1216472 kB
MemAvailable:    1510952 kB
Buffers:           45052 kB
Cached:           367092 kB
MemTotal:        1844596 kB
MemFree:         1215092 kB
MemAvailable:    1509572 kB
Buffers:           45052 kB
Cached:           367092 kB
MemTotal:        1844596 kB
MemFree:         1216392 kB
MemAvailable:    1510872 kB
Buffers:           45052 kB
Cached:           367092 kB
MemTotal:        1844596 kB
MemFree:         1215912 kB
MemAvailable:    1510392 kB
Buffers:           45052 kB
Cached:           367092 kB
MemTotal:        1844596 kB
MemFree:         1214720 kB
MemAvailable:    1509200 kB
Buffers:           45052 kB
Cached:           367092 kB
MemTotal:        1844596 kB
MemFree:         1214804 kB
MemAvailable:    1509284 kB
Buffers:           45052 kB
Cached:           367092 kB
MemTotal:        1844596 kB
MemFree:         1214240 kB
MemAvailable:    1508720 kB
Buffers:           45052 kB
Cached:           367092 kB
MemTotal:        1844596 kB
MemFree:         1212860 kB
MemAvailable:    1507340 kB
Buffers:           45052 kB
Cached:           367092 kB
MemTotal:        1844596 kB
MemFree:         1214052 kB
MemAvailable:    1508532 kB
Buffers:           45052 kB
Cached:           367092 kB
MemTotal:        1844596 kB
MemFree:         1213992 kB
MemAvailable:    1508472 kB
Buffers:           45052 kB
Cached:           367092 kB
MemTotal:        1844596 kB
MemFree:         1214036 kB
MemAvailable:    1508516 kB
Buffers:           45052 kB
Cached:           367092 kB
MemTotal:        1844596 kB
MemFree:         1212852 kB
MemAvailable:    1507332 kB
Buffers:           45052 kB
Cached:           367092 kB
MemTotal:        1844596 kB
MemFree:         1213788 kB
MemAvailable:    1508268 kB
Buffers:           45052 kB
Cached:           367092 kB
MemTotal:        1844596 kB
MemFree:         1213744 kB
MemAvailable:    1508224 kB
Buffers:           45052 kB
Cached:           367092 kB
MemTotal:        1844596 kB
MemFree:         1213856 kB
MemAvailable:    1508336 kB
Buffers:           45052 kB
Cached:           367092 kB
MemTotal:        1844596 kB
MemFree:         1213728 kB
MemAvailable:    1508208 kB
Buffers:           45052 kB
Cached:           367092 kB
MemTotal:        1844596 kB
MemFree:         1214064 kB
MemAvailable:    1508544 kB
Buffers:           45052 kB
Cached:           367092 kB
MemTotal:        1844596 kB
MemFree:         1212440 kB
MemAvailable:    1506920 kB
Buffers:           45052 kB
Cached:           367092 kB
MemTotal:        1844596 kB
MemFree:         1212440 kB
MemAvailable:    1506920 kB
Buffers:           45052 kB
Cached:           367092 kB
MemTotal:        1844596 kB
MemFree:         1213492 kB
MemAvailable:    1507972 kB
Buffers:           45052 kB
Cached:           367092 kB
MemTotal:        1844596 kB
MemFree:         1212256 kB
MemAvailable:    1506736 kB
Buffers:           45052 kB
Cached:           367092 kB
MemTotal:        1844596 kB
MemFree:         1207404 kB
MemAvailable:    1501884 kB
Buffers:           45052 kB
Cached:           367092 kB
MemTotal:        1844596 kB
MemFree:         1207048 kB
MemAvailable:    1501528 kB
Buffers:           45052 kB
Cached:           367092 kB
MemTotal:        1844596 kB
MemFree:         1206240 kB
MemAvailable:    1500720 kB
Buffers:           45052 kB
Cached:           367092 kB
MemTotal:        1844596 kB
MemFree:         1204808 kB
MemAvailable:    1499288 kB
Buffers:           45052 kB
Cached:           367092 kB
MemTotal:        1844596 kB
MemFree:         1206084 kB
MemAvailable:    1500564 kB
Buffers:           45052 kB
Cached:           367092 kB
MemTotal:        1844596 kB
MemFree:         1206116 kB
MemAvailable:    1500596 kB
Buffers:           45052 kB
Cached:           367092 kB
MemTotal:        1844596 kB
MemFree:         1204664 kB
MemAvailable:    1499144 kB
Buffers:           45052 kB
Cached:           367092 kB
MemTotal:        1844596 kB
MemFree:         1205916 kB
MemAvailable:    1500396 kB
Buffers:           45052 kB
Cached:           367092 kB
MemTotal:        1844596 kB
MemFree:         1207716 kB
MemAvailable:    1502196 kB
Buffers:           45052 kB
Cached:           367092 kB
MemTotal:        1844596 kB
MemFree:         1206552 kB
MemAvailable:    1501032 kB
Buffers:           45052 kB
Cached:           367092 kB
MemTotal:        1844596 kB
MemFree:         1207144 kB
MemAvailable:    1501792 kB
Buffers:           45052 kB
Cached:           367340 kB
MemTotal:        1844596 kB
MemFree:         1206664 kB
MemAvailable:    1501396 kB
Buffers:           45052 kB
Cached:           367340 kB
MemTotal:        1844596 kB
MemFree:         1205616 kB
MemAvailable:    1500432 kB
Buffers:           45052 kB
Cached:           367464 kB
MemTotal:        1844596 kB
MemFree:         1206940 kB
MemAvailable:    1501924 kB
Buffers:           45052 kB
Cached:           367588 kB
MemTotal:        1844596 kB
MemFree:         1206600 kB
MemAvailable:    1501668 kB
Buffers:           45052 kB
Cached:           367712 kB
MemTotal:        1844596 kB
MemFree:         1206580 kB
MemAvailable:    1501648 kB
Buffers:           45052 kB
Cached:           367712 kB
MemTotal:        1844596 kB
MemFree:         1206752 kB
MemAvailable:    1501820 kB
Buffers:           45052 kB
Cached:           367712 kB
MemTotal:        1844596 kB
MemFree:         1206724 kB
MemAvailable:    1501792 kB
Buffers:           45052 kB
Cached:           367712 kB
MemTotal:        1844596 kB
MemFree:         1205932 kB
MemAvailable:    1501000 kB
Buffers:           45052 kB
Cached:           367712 kB
MemTotal:        1844596 kB
MemFree:         1206536 kB
MemAvailable:    1501604 kB
Buffers:           45052 kB
Cached:           367712 kB
MemTotal:        1844596 kB
MemFree:         1206552 kB
MemAvailable:    1501620 kB
Buffers:           45052 kB
Cached:           367712 kB
MemTotal:        1844596 kB
MemFree:         1206412 kB
MemAvailable:    1501480 kB
Buffers:           45052 kB
Cached:           367712 kB
MemTotal:        1844596 kB
MemFree:         1206852 kB
MemAvailable:    1501332 kB
Buffers:           45052 kB
Cached:           367080 kB
MemTotal:        1844596 kB
MemFree:         1206792 kB
MemAvailable:    1501272 kB
Buffers:           45052 kB
Cached:           367080 kB
MemTotal:        1844596 kB
MemFree:         1274776 kB
MemAvailable:    1569256 kB
Buffers:           45052 kB
Cached:           367080 kB
