MemTotal:        1844596 kB
MemFree:         1204192 kB
MemAvailable:    1563356 kB
Buffers:           53096 kB
Cached:           418784 kB
MemTotal:        1844596 kB
MemFree:         1176596 kB
MemAvailable:    1535764 kB
Buffers:           53096 kB
Cached:           418788 kB
MemTotal:        1844596 kB
MemFree:         1174612 kB
MemAvailable:    1533780 kB
Buffers:           53096 kB
Cached:           418788 kB
MemTotal:        1844596 kB
MemFree:         1174660 kB
MemAvailable:    1533828 kB
Buffers:           53096 kB
Cached:           418788 kB
MemTotal:        1844596 kB
MemFree:         1171760 kB
MemAvailable:    1530928 kB
Buffers:           53096 kB
Cached:           418788 kB
MemTotal:        1844596 kB
MemFree:         1171752 kB
MemAvailable:    1530920 kB
Buffers:           53096 kB
Cached:           418788 kB
MemTotal:        1844596 kB
MemFree:         1170828 kB
MemAvailable:    1529996 kB
Buffers:           53096 kB
Cached:           418788 kB
MemTotal:        1844596 kB
MemFree:         1168928 kB
MemAvailable:    1528096 kB
Buffers:           53096 kB
Cached:           418788 kB
MemTotal:        1844596 kB
MemFree:         1166056 kB
MemAvailable:    1525224 kB
Buffers:           53096 kB
Cached:           418788 kB
MemTotal:        1844596 kB
MemFree:         1163164 kB
MemAvailable:    1522332 kB
Buffers:           53096 kB
Cached:           418788 kB
MemTotal:        1844596 kB
MemFree:         1161928 kB
MemAvailable:    1521096 kB
Buffers:           53096 kB
Cached:           418788 kB
MemTotal:        1844596 kB
MemFree:         1161964 kB
MemAvailable:    1521132 kB
Buffers:           53096 kB
Cached:           418788 kB
MemTotal:        1844596 kB
MemFree:         1161964 kB
MemAvailable:    1521132 kB
Buffers:           53096 kB
Cached:           418788 kB
MemTotal:        1844596 kB
MemFree:         1163156 kB
MemAvailable:    1522324 kB
Buffers:           53096 kB
Cached:           418788 kB
MemTotal:        1844596 kB
MemFree:         1163316 kB
MemAvailable:    1522484 kB
Buffers:           53096 kB
Cached:           418788 kB
MemTotal:        1844596 kB
MemFree:         1161576 kB
MemAvailable:    1520744 kB
Buffers:           53096 kB
Cached:           418788 kB
MemTotal:        1844596 kB
MemFree:         1160724 kB
MemAvailable:    1519892 kB
Buffers:           53096 kB
Cached:           418788 kB
MemTotal:        1844596 kB
MemFree:         1160832 kB
MemAvailable:    1520000 kB
Buffers:           53096 kB
Cached:           418788 kB
MemTotal:        1844596 kB
MemFree:         1160832 kB
MemAvailable:    1520000 kB
Buffers:           53096 kB
Cached:           418788 kB
MemTotal:        1844596 kB
MemFree:         1159460 kB
MemAvailable:    1518628 kB
Buffers:           53096 kB
Cached:           418788 kB
MemTotal:        1844596 kB
MemFree:         1160576 kB
MemAvailable:    1519744 kB
Buffers:           53096 kB
Cached:           418788 kB
MemTotal:        1844596 kB
MemFree:         1159460 kB
MemAvailable:    1518628 kB
Buffers:           53096 kB
Cached:           418788 kB
MemTotal:        1844596 kB
MemFree:         1159584 kB
MemAvailable:    1518752 kB
Buffers:           53096 kB
Cached:           418788 kB
MemTotal:        1844596 kB
MemFree:         1160928 kB
MemAvailable:    1520096 kB
Buffers:           53096 kB
Cached:           418788 kB
MemTotal:        1844596 kB
MemFree:         1160660 kB
MemAvailable:    1519828 kB
Buffers:           53096 kB
Cached:           418788 kB
MemTotal:        1844596 kB
MemFree:         1160816 kB
MemAvailable:    1519984 kB
Buffers:           53096 kB
Cached:           418788 kB
MemTotal:        1844596 kB
MemFree:         1160716 kB
MemAvailable:    1519884 kB
Buffers:           53096 kB
Cached:           418788 kB
MemTotal:        1844596 kB
MemFree:         1161468 kB
MemAvailable:    1520636 kB
Buffers:           53096 kB
Cached:           418788 kB
MemTotal:        1844596 kB
MemFree:         1160476 kB
MemAvailable:    1519644 kB
Buffers:           53096 kB
Cached:           418788 kB
MemTotal:        1844596 kB
MemFree:         1157376 kB
MemAvailable:    1516544 kB
Buffers:           53096 kB
Cached:           418788 kB
MemTotal:        1844596 kB
MemFree:         1158280 kB
MemAvailable:    1517448 kB
Buffers:           53096 kB
Cached:           418788 kB
MemTotal:        1844596 kB
MemFree:         1156384 kB
MemAvailable:    1515552 kB
Buffers:           53096 kB
Cached:           418788 kB
MemTotal:        1844596 kB
MemFree:         1156252 kB
MemAvailable:    1515420 kB
Buffers:           53096 kB
Cached:           418788 kB
MemTotal:        1844596 kB
MemFree:         1157244 kB
MemAvailable:    1516412 kB
Buffers:           53096 kB
Cached:           418788 kB
MemTotal:        1844596 kB
MemFree:         1155516 kB
MemAvailable:    1514684 kB
Buffers:           53096 kB
Cached:           418788 kB
MemTotal:        1844596 kB
MemFree:         1155384 kB
MemAvailable:    1514552 kB
Buffers:           53096 kB
Cached:           418788 kB
MemTotal:        1844596 kB
MemFree:         1156504 kB
MemAvailable:    1515672 kB
Buffers:           53096 kB
Cached:           418788 kB
MemTotal:        1844596 kB
MemFree:         1155516 kB
MemAvailable:    1514684 kB
Buffers:           53096 kB
Cached:           418788 kB
MemTotal:        1844596 kB
MemFree:         1155136 kB
MemAvailable:    1514304 kB
Buffers:           53096 kB
Cached:           418788 kB
MemTotal:        1844596 kB
MemFree:         1156444 kB
MemAvailable:    1515612 kB
Buffers:           53096 kB
Cached:           418788 kB
MemTotal:        1844596 kB
MemFree:         1156320 kB
MemAvailable:    1515488 kB
Buffers:           53096 kB
Cached:           418788 kB
MemTotal:        1844596 kB
MemFree:         1154648 kB
MemAvailable:    1513816 kB
Buffers:           53096 kB
Cached:           418788 kB
MemTotal:        1844596 kB
MemFree:         1155328 kB
MemAvailable:    1514496 kB
Buffers:           53096 kB
Cached:           418788 kB
MemTotal:        1844596 kB
MemFree:         1154348 kB
MemAvailable:    1513516 kB
Buffers:           53096 kB
Cached:           418788 kB
MemTotal:        1844596 kB
MemFree:         1154380 kB
MemAvailable:    1513548 kB
Buffers:           53096 kB
Cached:           418788 kB
MemTotal:        1844596 kB
MemFree:         1154496 kB
MemAvailable:    1513664 kB
Buffers:           53096 kB
Cached:           418788 kB
MemTotal:        1844596 kB
MemFree:         1154240 kB
MemAvailable:    1513408 kB
Buffers:           53096 kB
Cached:           418788 kB
MemTotal:        1844596 kB
MemFree:         1155544 kB
MemAvailable:    1514712 kB
Buffers:           53096 kB
Cached:           418788 kB
MemTotal:        1844596 kB
MemFree:         1155604 kB
MemAvailable:    1514776 kB
Buffers:           53096 kB
Cached:           418792 kB
MemTotal:        1844596 kB
MemFree:         1155500 kB
MemAvailable:    1514672 kB
Buffers:           53096 kB
Cached:           418792 kB
MemTotal:        1844596 kB
MemFree:         1155392 kB
MemAvailable:    1514564 kB
Buffers:           53096 kB
Cached:           418792 kB
MemTotal:        1844596 kB
MemFree:         1154020 kB
MemAvailable:    1513192 kB
Buffers:           53096 kB
Cached:           418792 kB
MemTotal:        1844596 kB
MemFree:         1155620 kB
MemAvailable:    1514792 kB
Buffers:           53096 kB
Cached:           418792 kB
MemTotal:        1844596 kB
MemFree:         1154020 kB
MemAvailable:    1513192 kB
Buffers:           53096 kB
Cached:           418792 kB
MemTotal:        1844596 kB
MemFree:         1153904 kB
MemAvailable:    1513076 kB
Buffers:           53096 kB
Cached:           418792 kB
MemTotal:        1844596 kB
MemFree:         1153904 kB
MemAvailable:    1513076 kB
Buffers:           53096 kB
Cached:           418792 kB
MemTotal:        1844596 kB
MemFree:         1154832 kB
MemAvailable:    1514004 kB
Buffers:           53096 kB
Cached:           418792 kB
MemTotal:        1844596 kB
MemFree:         1154584 kB
MemAvailable:    1513756 kB
Buffers:           53096 kB
Cached:           418792 kB
MemTotal:        1844596 kB
MemFree:         1154836 kB
MemAvailable:    1514008 kB
Buffers:           53096 kB
Cached:           418792 kB
MemTotal:        1844596 kB
MemFree:         1154576 kB
MemAvailable:    1513748 kB
Buffers:           53096 kB
Cached:           418792 kB
MemTotal:        1844596 kB
MemFree:         1154744 kB
MemAvailable:    1513916 kB
Buffers:           53096 kB
Cached:           418792 kB
MemTotal:        1844596 kB
MemFree:         1154760 kB
MemAvailable:    1513932 kB
Buffers:           53096 kB
Cached:           418792 kB
MemTotal:        1844596 kB
MemFree:         1154672 kB
MemAvailable:    1513844 kB
Buffers:           53096 kB
Cached:           418792 kB
MemTotal:        1844596 kB
MemFree:         1153252 kB
MemAvailable:    1512424 kB
Buffers:           53096 kB
Cached:           418792 kB
MemTotal:        1844596 kB
MemFree:         1153144 kB
MemAvailable:    1512316 kB
Buffers:           53096 kB
Cached:           418792 kB
MemTotal:        1844596 kB
MemFree:         1151416 kB
MemAvailable:    1510588 kB
Buffers:           53096 kB
Cached:           418792 kB
MemTotal:        1844596 kB
MemFree:         1148944 kB
MemAvailable:    1508116 kB
Buffers:           53096 kB
Cached:           418792 kB
MemTotal:        1844596 kB
MemFree:         1146084 kB
MemAvailable:    1505256 kB
Buffers:           53096 kB
Cached:           418792 kB
MemTotal:        1844596 kB
MemFree:         1147580 kB
MemAvailable:    1506752 kB
Buffers:           53096 kB
Cached:           418792 kB
MemTotal:        1844596 kB
MemFree:         1146836 kB
MemAvailable:    1506008 kB
Buffers:           53096 kB
Cached:           418792 kB
MemTotal:        1844596 kB
MemFree:         1145464 kB
MemAvailable:    1504636 kB
Buffers:           53096 kB
Cached:           418792 kB
MemTotal:        1844596 kB
MemFree:         1146028 kB
MemAvailable:    1505200 kB
Buffers:           53096 kB
Cached:           418792 kB
MemTotal:        1844596 kB
MemFree:         1145348 kB
MemAvailable:    1504520 kB
Buffers:           53096 kB
Cached:           418792 kB
MemTotal:        1844596 kB
MemFree:         1146692 kB
MemAvailable:    1505864 kB
Buffers:           53096 kB
Cached:           418792 kB
MemTotal:        1844596 kB
MemFree:         1146608 kB
MemAvailable:    1505780 kB
Buffers:           53096 kB
Cached:           418792 kB
MemTotal:        1844596 kB
MemFree:         1146532 kB
MemAvailable:    1505704 kB
Buffers:           53096 kB
Cached:           418792 kB
MemTotal:        1844596 kB
MemFree:         1146788 kB
MemAvailable:    1505960 kB
Buffers:           53096 kB
Cached:           418792 kB
MemTotal:        1844596 kB
MemFree:         1145448 kB
MemAvailable:    1504620 kB
Buffers:           53096 kB
Cached:           418792 kB
MemTotal:        1844596 kB
MemFree:         1146904 kB
MemAvailable:    1506076 kB
Buffers:           53096 kB
Cached:           418792 kB
MemTotal:        1844596 kB
MemFree:         1146652 kB
MemAvailable:    1505824 kB
Buffers:           53096 kB
Cached:           418792 kB
MemTotal:        1844596 kB
MemFree:         1146644 kB
MemAvailable:    1505816 kB
Buffers:           53096 kB
Cached:           418792 kB
MemTotal:        1844596 kB
MemFree:         1146256 kB
MemAvailable:    1505428 kB
Buffers:           53096 kB
Cached:           418792 kB
MemTotal:        1844596 kB
MemFree:         1145596 kB
MemAvailable:    1504768 kB
Buffers:           53096 kB
Cached:           418792 kB
MemTotal:        1844596 kB
MemFree:         1145972 kB
MemAvailable:    1505144 kB
Buffers:           53096 kB
Cached:           418792 kB
MemTotal:        1844596 kB
MemFree:         1145324 kB
MemAvailable:    1504496 kB
Buffers:           53096 kB
Cached:           418792 kB
MemTotal:        1844596 kB
MemFree:         1145660 kB
MemAvailable:    1504832 kB
Buffers:           53096 kB
Cached:           418792 kB
MemTotal:        1844596 kB
MemFree:         1143720 kB
MemAvailable:    1502892 kB
Buffers:           53096 kB
Cached:           418792 kB
MemTotal:        1844596 kB
MemFree:         1143968 kB
MemAvailable:    1503140 kB
Buffers:           53096 kB
Cached:           418792 kB
MemTotal:        1844596 kB
MemFree:         1143920 kB
MemAvailable:    1503092 kB
Buffers:           53096 kB
Cached:           418792 kB
MemTotal:        1844596 kB
MemFree:         1143788 kB
MemAvailable:    1502960 kB
Buffers:           53096 kB
Cached:           418792 kB
MemTotal:        1844596 kB
MemFree:         1142860 kB
MemAvailable:    1502032 kB
Buffers:           53096 kB
Cached:           418792 kB
MemTotal:        1844596 kB
MemFree:         1143168 kB
MemAvailable:    1502340 kB
Buffers:           53096 kB
Cached:           418792 kB
MemTotal:        1844596 kB
MemFree:         1143232 kB
MemAvailable:    1502404 kB
Buffers:           53096 kB
Cached:           418792 kB
MemTotal:        1844596 kB
MemFree:         1142928 kB
MemAvailable:    1502100 kB
Buffers:           53096 kB
Cached:           418792 kB
MemTotal:        1844596 kB
MemFree:         1142680 kB
MemAvailable:    1501852 kB
Buffers:           53096 kB
Cached:           418792 kB
MemTotal:        1844596 kB
MemFree:         1142848 kB
MemAvailable:    1502020 kB
Buffers:           53096 kB
Cached:           418792 kB
MemTotal:        1844596 kB
MemFree:         1142716 kB
MemAvailable:    1501888 kB
Buffers:           53096 kB
Cached:           418792 kB
MemTotal:        1844596 kB
MemFree:         1142744 kB
MemAvailable:    1501916 kB
Buffers:           53096 kB
Cached:           418792 kB
MemTotal:        1844596 kB
MemFree:         1142716 kB
MemAvailable:    1501888 kB
Buffers:           53096 kB
Cached:           418792 kB
MemTotal:        1844596 kB
MemFree:         1142968 kB
MemAvailable:    1502140 kB
Buffers:           53096 kB
Cached:           418792 kB
MemTotal:        1844596 kB
MemFree:         1141356 kB
MemAvailable:    1500528 kB
Buffers:           53096 kB
Cached:           418792 kB
MemTotal:        1844596 kB
MemFree:         1141488 kB
MemAvailable:    1500660 kB
Buffers:           53096 kB
Cached:           418792 kB
MemTotal:        1844596 kB
MemFree:         1142432 kB
MemAvailable:    1501604 kB
Buffers:           53096 kB
Cached:           418792 kB
MemTotal:        1844596 kB
MemFree:         1140704 kB
MemAvailable:    1499876 kB
Buffers:           53096 kB
Cached:           418792 kB
MemTotal:        1844596 kB
MemFree:         1134056 kB
MemAvailable:    1493228 kB
Buffers:           53096 kB
Cached:           418792 kB
MemTotal:        1844596 kB
MemFree:         1133816 kB
MemAvailable:    1492988 kB
Buffers:           53096 kB
Cached:           418792 kB
MemTotal:        1844596 kB
MemFree:         1135100 kB
MemAvailable:    1494272 kB
Buffers:           53096 kB
Cached:           418792 kB
MemTotal:        1844596 kB
MemFree:         1133560 kB
MemAvailable:    1492732 kB
Buffers:           53096 kB
Cached:           418792 kB
MemTotal:        1844596 kB
MemFree:         1133684 kB
MemAvailable:    1492856 kB
Buffers:           53096 kB
Cached:           418792 kB
MemTotal:        1844596 kB
MemFree:         1133504 kB
MemAvailable:    1492676 kB
Buffers:           53096 kB
Cached:           418792 kB
MemTotal:        1844596 kB
MemFree:         1136792 kB
MemAvailable:    1495964 kB
Buffers:           53096 kB
Cached:           418792 kB
MemTotal:        1844596 kB
MemFree:         1136680 kB
MemAvailable:    1495852 kB
Buffers:           53100 kB
Cached:           418788 kB
MemTotal:        1844596 kB
MemFree:         1136296 kB
MemAvailable:    1495636 kB
Buffers:           53100 kB
Cached:           419036 kB
MemTotal:        1844596 kB
MemFree:         1136156 kB
MemAvailable:    1495664 kB
Buffers:           53100 kB
Cached:           419160 kB
MemTotal:        1844596 kB
MemFree:         1135428 kB
MemAvailable:    1494936 kB
Buffers:           53100 kB
Cached:           419160 kB
MemTotal:        1844596 kB
MemFree:         1135744 kB
MemAvailable:    1495336 kB
Buffers:           53100 kB
Cached:           419284 kB
MemTotal:        1844596 kB
MemFree:         1135672 kB
MemAvailable:    1495348 kB
Buffers:           53100 kB
Cached:           419408 kB
MemTotal:        1844596 kB
MemFree:         1134676 kB
MemAvailable:    1494436 kB
Buffers:           53100 kB
Cached:           419408 kB
MemTotal:        1844596 kB
MemFree:         1135732 kB
MemAvailable:    1495608 kB
Buffers:           53100 kB
Cached:           419492 kB
MemTotal:        1844596 kB
MemFree:         1135380 kB
MemAvailable:    1495256 kB
Buffers:           53100 kB
Cached:           419492 kB
MemTotal:        1844596 kB
MemFree:         1135364 kB
MemAvailable:    1495240 kB
Buffers:           53100 kB
Cached:           419492 kB
MemTotal:        1844596 kB
MemFree:         1135700 kB
MemAvailable:    1495576 kB
Buffers:           53100 kB
Cached:           419492 kB
MemTotal:        1844596 kB
MemFree:         1135484 kB
MemAvailable:    1495360 kB
Buffers:           53100 kB
Cached:           419492 kB
MemTotal:        1844596 kB
MemFree:         1135652 kB
MemAvailable:    1495528 kB
Buffers:           53100 kB
Cached:           419492 kB
MemTotal:        1844596 kB
MemFree:         1134124 kB
MemAvailable:    1494000 kB
Buffers:           53100 kB
Cached:           419492 kB
MemTotal:        1844596 kB
MemFree:         1135540 kB
MemAvailable:    1495500 kB
Buffers:           53100 kB
Cached:           419616 kB
MemTotal:        1844596 kB
MemFree:         1135396 kB
MemAvailable:    1494600 kB
Buffers:           53100 kB
Cached:           418776 kB
MemTotal:        1844596 kB
MemFree:         1203968 kB
MemAvailable:    1563172 kB
Buffers:           53100 kB
Cached:           418776 kB
