MemTotal:        1844596 kB
MemFree:         1305620 kB
MemAvailable:    1571068 kB
Buffers:           40948 kB
Cached:           344348 kB
MemTotal:        1844596 kB
MemFree:         1279472 kB
MemAvailable:    1544928 kB
Buffers:           40948 kB
Cached:           344352 kB
MemTotal:        1844596 kB
MemFree:         1276744 kB
MemAvailable:    1542200 kB
Buffers:           40948 kB
Cached:           344352 kB
MemTotal:        1844596 kB
MemFree:         1275744 kB
MemAvailable:    1541200 kB
Buffers:           40948 kB
Cached:           344352 kB
MemTotal:        1844596 kB
MemFree:         1275264 kB
MemAvailable:    1540720 kB
Buffers:           40948 kB
Cached:           344352 kB
MemTotal:        1844596 kB
MemFree:         1273520 kB
MemAvailable:    1538976 kB
Buffers:           40948 kB
Cached:           344352 kB
MemTotal:        1844596 kB
MemFree:         1273156 kB
MemAvailable:    1538612 kB
Buffers:           40948 kB
Cached:           344352 kB
MemTotal:        1844596 kB
MemFree:         1270536 kB
MemAvailable:    1535992 kB
Buffers:           40948 kB
Cached:           344352 kB
MemTotal:        1844596 kB
MemFree:         1269932 kB
MemAvailable:    1535388 kB
Buffers:           40948 kB
Cached:           344352 kB
MemTotal:        1844596 kB
MemFree:         1267072 kB
MemAvailable:    1532528 kB
Buffers:           40948 kB
Cached:           344352 kB
MemTotal:        1844596 kB
MemFree:         1263732 kB
MemAvailable:    1529188 kB
Buffers:           40948 kB
Cached:           344352 kB
MemTotal:        1844596 kB
MemFree:         1263360 kB
MemAvailable:    1528816 kB
Buffers:           40948 kB
Cached:           344352 kB
MemTotal:        1844596 kB
MemFree:         1263360 kB
MemAvailable:    1528816 kB
Buffers:           40948 kB
Cached:           344352 kB
MemTotal:        1844596 kB
MemFree:         1263436 kB
MemAvailable:    1528892 kB
Buffers:           40948 kB
Cached:           344352 kB
MemTotal:        1844596 kB
MemFree:         1263436 kB
MemAvailable:    1528892 kB
Buffers:           40948 kB
Cached:           344352 kB
MemTotal:        1844596 kB
MemFree:         1264536 kB
MemAvailable:    1529992 kB
Buffers:           40948 kB
Cached:           344352 kB
MemTotal:        1844596 kB
MemFree:         1263608 kB
MemAvailable:    1529064 kB
Buffers:           40948 kB
Cached:           344352 kB
MemTotal:        1844596 kB
MemFree:         1262360 kB
MemAvailable:    1527816 kB
Buffers:           40948 kB
Cached:           344352 kB
MemTotal:        1844596 kB
MemFree:         1262252 kB
MemAvailable:    1527708 kB
Buffers:           40948 kB
Cached:           344352 kB
MemTotal:        1844596 kB
MemFree:         1260988 kB
MemAvailable:    1526444 kB
Buffers:           40948 kB
Cached:           344352 kB
MemTotal:        1844596 kB
MemFree:         1260996 kB
MemAvailable:    1526452 kB
Buffers:           40948 kB
Cached:           344352 kB
MemTotal:        1844596 kB
MemFree:         1262056 kB
MemAvailable:    1527512 kB
Buffers:           40948 kB
Cached:           344352 kB
MemTotal:        1844596 kB
MemFree:         1261872 kB
MemAvailable:    1527328 kB
Buffers:           40948 kB
Cached:           344352 kB
MemTotal:        1844596 kB
MemFree:         1262292 kB
MemAvailable:    1527748 kB
Buffers:           40948 kB
Cached:           344352 kB
MemTotal:        1844596 kB
MemFree:         1260820 kB
MemAvailable:    1526276 kB
Buffers:           40948 kB
Cached:           344352 kB
MemTotal:        1844596 kB
MemFree:         1262180 kB
MemAvailable:    1527636 kB
Buffers:           40948 kB
Cached:           344352 kB
MemTotal:        1844596 kB
MemFree:         1261376 kB
MemAvailable:    1526832 kB
Buffers:           40948 kB
Cached:           344352 kB
MemTotal:        1844596 kB
MemFree:         1262156 kB
MemAvailable:    1527612 kB
Buffers:           40948 kB
Cached:           344352 kB
MemTotal:        1844596 kB
MemFree:         1263360 kB
MemAvailable:    1528816 kB
Buffers:           40948 kB
Cached:           344352 kB
MemTotal:        1844596 kB
MemFree:         1261252 kB
MemAvailable:    1526708 kB
Buffers:           40948 kB
Cached:           344352 kB
MemTotal:        1844596 kB
MemFree:         1259764 kB
MemAvailable:    1525220 kB
Buffers:           40948 kB
Cached:           344352 kB
MemTotal:        1844596 kB
MemFree:         1258648 kB
MemAvailable:    1524104 kB
Buffers:           40948 kB
Cached:           344352 kB
MemTotal:        1844596 kB
MemFree:         1259072 kB
MemAvailable:    1524528 kB
Buffers:           40948 kB
Cached:           344352 kB
MemTotal:        1844596 kB
MemFree:         1257772 kB
MemAvailable:    1523228 kB
Buffers:           40948 kB
Cached:           344352 kB
MemTotal:        1844596 kB
MemFree:         1258276 kB
MemAvailable:    1523732 kB
Buffers:           40948 kB
Cached:           344352 kB
MemTotal:        1844596 kB
MemFree:         1256904 kB
MemAvailable:    1522360 kB
Buffers:           40948 kB
Cached:           344352 kB
MemTotal:        1844596 kB
MemFree:         1256776 kB
MemAvailable:    1522232 kB
Buffers:           40948 kB
Cached:           344352 kB
MemTotal:        1844596 kB
MemFree:         1256596 kB
MemAvailable:    1522052 kB
Buffers:           40948 kB
Cached:           344352 kB
MemTotal:        1844596 kB
MemFree:         1257964 kB
MemAvailable:    1523420 kB
Buffers:           40948 kB
Cached:           344352 kB
MemTotal:        1844596 kB
MemFree:         1257944 kB
MemAvailable:    1523400 kB
Buffers:           40948 kB
Cached:           344352 kB
MemTotal:        1844596 kB
MemFree:         1257780 kB
MemAvailable:    1523236 kB
Buffers:           40948 kB
Cached:           344352 kB
MemTotal:        1844596 kB
MemFree:         1256516 kB
MemAvailable:    1521972 kB
Buffers:           40948 kB
Cached:           344352 kB
MemTotal:        1844596 kB
MemFree:         1256408 kB
MemAvailable:    1521864 kB
Buffers:           40948 kB
Cached:           344352 kB
MemTotal:        1844596 kB
MemFree:         1257136 kB
MemAvailable:    1522592 kB
Buffers:           40948 kB
Cached:           344352 kB
MemTotal:        1844596 kB
MemFree:         1256788 kB
MemAvailable:    1522244 kB
Buffers:           40948 kB
Cached:           344352 kB
MemTotal:        1844596 kB
MemFree:         1256972 kB
MemAvailable:    1522428 kB
Buffers:           40948 kB
Cached:           344352 kB
MemTotal:        1844596 kB
MemFree:         1255880 kB
MemAvailable:    1521336 kB
Buffers:           40948 kB
Cached:           344352 kB
MemTotal:        1844596 kB
MemFree:         1256916 kB
MemAvailable:    1522372 kB
Buffers:           40948 kB
Cached:           344352 kB
MemTotal:        1844596 kB
MemFree:         1257044 kB
MemAvailable:    1522500 kB
Buffers:           40948 kB
Cached:           344352 kB
MemTotal:        1844596 kB
MemFree:         1256888 kB
MemAvailable:    1522344 kB
Buffers:           40948 kB
Cached:           344352 kB
MemTotal:        1844596 kB
MemFree:         1257144 kB
MemAvailable:    1522600 kB
Buffers:           40948 kB
Cached:           344352 kB
MemTotal:        1844596 kB
MemFree:         1256868 kB
MemAvailable:    1522324 kB
Buffers:           40948 kB
Cached:           344352 kB
MemTotal:        1844596 kB
MemFree:         1257028 kB
MemAvailable:    1522484 kB
Buffers:           40948 kB
Cached:           344352 kB
MemTotal:        1844596 kB
MemFree:         1256960 kB
MemAvailable:    1522416 kB
Buffers:           40948 kB
Cached:           344352 kB
MemTotal:        1844596 kB
MemFree:         1256960 kB
MemAvailable:    1522416 kB
Buffers:           40948 kB
Cached:           344352 kB
MemTotal:        1844596 kB
MemFree:         1256656 kB
MemAvailable:    1522112 kB
Buffers:           40948 kB
Cached:           344352 kB
MemTotal:        1844596 kB
MemFree:         1256656 kB
MemAvailable:    1522112 kB
Buffers:           40948 kB
Cached:           344352 kB
MemTotal:        1844596 kB
MemFree:         1256408 kB
MemAvailable:    1521864 kB
Buffers:           40948 kB
Cached:           344352 kB
MemTotal:        1844596 kB
MemFree:         1256464 kB
MemAvailable:    1521920 kB
Buffers:           40948 kB
Cached:           344352 kB
MemTotal:        1844596 kB
MemFree:         1256132 kB
MemAvailable:    1521588 kB
Buffers:           40948 kB
Cached:           344352 kB
MemTotal:        1844596 kB
MemFree:         1255904 kB
MemAvailable:    1521360 kB
Buffers:           40948 kB
Cached:           344352 kB
MemTotal:        1844596 kB
MemFree:         1255920 kB
MemAvailable:    1521376 kB
Buffers:           40948 kB
Cached:           344352 kB
MemTotal:        1844596 kB
MemFree:         1254796 kB
MemAvailable:    1520252 kB
Buffers:           40948 kB
Cached:           344352 kB
MemTotal:        1844596 kB
MemFree:         1254804 kB
MemAvailable:    1520260 kB
Buffers:           40948 kB
Cached:           344352 kB
MemTotal:        1844596 kB
MemFree:         1256044 kB
MemAvailable:    1521500 kB
Buffers:           40948 kB
Cached:           344352 kB
MemTotal:        1844596 kB
MemFree:         1256224 kB
MemAvailable:    1521680 kB
Buffers:           40948 kB
Cached:           344352 kB
MemTotal:        1844596 kB
MemFree:         1255920 kB
MemAvailable:    1521376 kB
Buffers:           40948 kB
Cached:           344352 kB
MemTotal:        1844596 kB
MemFree:         1255996 kB
MemAvailable:    1521452 kB
Buffers:           40948 kB
Cached:           344352 kB
MemTotal:        1844596 kB
MemFree:         1253556 kB
MemAvailable:    1519012 kB
Buffers:           40948 kB
Cached:           344352 kB
MemTotal:        1844596 kB
MemFree:         1253432 kB
MemAvailable:    1518888 kB
Buffers:           40948 kB
Cached:           344352 kB
MemTotal:        1844596 kB
MemFree:         1250152 kB
MemAvailable:    1515608 kB
Buffers:           40948 kB
Cached:           344352 kB
MemTotal:        1844596 kB
MemFree:         1248464 kB
MemAvailable:    1513920 kB
Buffers:           40948 kB
Cached:           344352 kB
MemTotal:        1844596 kB
MemFree:         1247860 kB
MemAvailable:    1513316 kB
Buffers:           40948 kB
Cached:           344352 kB
MemTotal:        1844596 kB
MemFree:         1248400 kB
MemAvailable:    1513856 kB
Buffers:           40948 kB
Cached:           344352 kB
MemTotal:        1844596 kB
MemFree:         1247108 kB
MemAvailable:    1512564 kB
Buffers:           40948 kB
Cached:           344352 kB
MemTotal:        1844596 kB
MemFree:         1247964 kB
MemAvailable:    1513420 kB
Buffers:           40948 kB
Cached:           344352 kB
MemTotal:        1844596 kB
MemFree:         1246836 kB
MemAvailable:    1512292 kB
Buffers:           40948 kB
Cached:           344352 kB
MemTotal:        1844596 kB
MemFree:         1248108 kB
MemAvailable:    1513572 kB
Buffers:           40948 kB
Cached:           344360 kB
MemTotal:        1844596 kB
MemFree:         1248168 kB
MemAvailable:    1513632 kB
Buffers:           40948 kB
Cached:           344360 kB
MemTotal:        1844596 kB
MemFree:         1247364 kB
MemAvailable:    1512828 kB
Buffers:           40948 kB
Cached:           344360 kB
MemTotal:        1844596 kB
MemFree:         1247988 kB
MemAvailable:    1513452 kB
Buffers:           40948 kB
Cached:           344360 kB
MemTotal:        1844596 kB
MemFree:         1248052 kB
MemAvailable:    1513516 kB
Buffers:           40948 kB
Cached:           344360 kB
MemTotal:        1844596 kB
MemFree:         1247968 kB
MemAvailable:    1513432 kB
Buffers:           40948 kB
Cached:           344360 kB
MemTotal:        1844596 kB
MemFree:         1247612 kB
MemAvailable:    1513076 kB
Buffers:           40948 kB
Cached:           344360 kB
MemTotal:        1844596 kB
MemFree:         1246680 kB
MemAvailable:    1512144 kB
Buffers:           40948 kB
Cached:           344360 kB
MemTotal:        1844596 kB
MemFree:         1247956 kB
MemAvailable:    1513420 kB
Buffers:           40948 kB
Cached:           344360 kB
MemTotal:        1844596 kB
MemFree:         1248208 kB
MemAvailable:    1513672 kB
Buffers:           40948 kB
Cached:           344360 kB
MemTotal:        1844596 kB
MemFree:         1247472 kB
MemAvailable:    1512936 kB
Buffers:           40948 kB
Cached:           344360 kB
MemTotal:        1844596 kB
MemFree:         1246620 kB
MemAvailable:    1512084 kB
Buffers:           40948 kB
Cached:           344360 kB
MemTotal:        1844596 kB
MemFree:         1247244 kB
MemAvailable:    1512708 kB
Buffers:           40948 kB
Cached:           344360 kB
MemTotal:        1844596 kB
MemFree:         1245876 kB
MemAvailable:    1511340 kB
Buffers:           40948 kB
Cached:           344360 kB
MemTotal:        1844596 kB
MemFree:         1246804 kB
MemAvailable:    1512272 kB
Buffers:           40948 kB
Cached:           344364 kB
MemTotal:        1844596 kB
MemFree:         1246612 kB
MemAvailable:    1512080 kB
Buffers:           40948 kB
Cached:           344364 kB
MemTotal:        1844596 kB
MemFree:         1245108 kB
MemAvailable:    1510576 kB
Buffers:           40948 kB
Cached:           344364 kB
MemTotal:        1844596 kB
MemFree:         1244264 kB
MemAvailable:    1509732 kB
Buffers:           40948 kB
Cached:           344364 kB
MemTotal:        1844596 kB
MemFree:         1244132 kB
MemAvailable:    1509600 kB
Buffers:           40948 kB
Cached:           344364 kB
MemTotal:        1844596 kB
MemFree:         1244496 kB
MemAvailable:    1509964 kB
Buffers:           40948 kB
Cached:           344364 kB
MemTotal:        1844596 kB
MemFree:         1244388 kB
MemAvailable:    1509856 kB
Buffers:           40948 kB
Cached:           344364 kB
MemTotal:        1844596 kB
MemFree:         1243084 kB
MemAvailable:    1508552 kB
Buffers:           40948 kB
Cached:           344364 kB
MemTotal:        1844596 kB
MemFree:         1244492 kB
MemAvailable:    1509960 kB
Buffers:           40948 kB
Cached:           344364 kB
MemTotal:        1844596 kB
MemFree:         1243000 kB
MemAvailable:    1508468 kB
Buffers:           40948 kB
Cached:           344364 kB
MemTotal:        1844596 kB
MemFree:         1243116 kB
MemAvailable:    1508584 kB
Buffers:           40948 kB
Cached:           344364 kB
MemTotal:        1844596 kB
MemFree:         1242868 kB
MemAvailable:    1508336 kB
Buffers:           40948 kB
Cached:           344364 kB
MemTotal:        1844596 kB
MemFree:         1242988 kB
MemAvailable:    1508456 kB
Buffers:           40948 kB
Cached:           344364 kB
MemTotal:        1844596 kB
MemFree:         1244216 kB
MemAvailable:    1509684 kB
Buffers:           40948 kB
Cached:           344364 kB
MemTotal:        1844596 kB
MemFree:         1244272 kB
MemAvailable:    1509740 kB
Buffers:           40948 kB
Cached:           344364 kB
MemTotal:        1844596 kB
MemFree:         1244264 kB
MemAvailable:    1509732 kB
Buffers:           40948 kB
Cached:           344364 kB
MemTotal:        1844596 kB
MemFree:         1244148 kB
MemAvailable:    1509616 kB
Buffers:           40948 kB
Cached:           344364 kB
MemTotal:        1844596 kB
MemFree:         1243620 kB
MemAvailable:    1509088 kB
Buffers:           40948 kB
Cached:           344364 kB
MemTotal:        1844596 kB
MemFree:         1243956 kB
MemAvailable:    1509424 kB
Buffers:           40948 kB
Cached:           344364 kB
MemTotal:        1844596 kB
MemFree:         1242156 kB
MemAvailable:    1507624 kB
Buffers:           40948 kB
Cached:           344364 kB
MemTotal:        1844596 kB
MemFree:         1235328 kB
MemAvailable:    1500796 kB
Buffers:           40948 kB
Cached:           344364 kB
MemTotal:        1844596 kB
MemFree:         1235460 kB
MemAvailable:    1500928 kB
Buffers:           40948 kB
Cached:           344364 kB
MemTotal:        1844596 kB
MemFree:         1235328 kB
MemAvailable:    1500796 kB
Buffers:           40948 kB
Cached:           344364 kB
MemTotal:        1844596 kB
MemFree:         1236444 kB
MemAvailable:    1501912 kB
Buffers:           40948 kB
Cached:           344364 kB
MemTotal:        1844596 kB
MemFree:         1236300 kB
MemAvailable:    1501768 kB
Buffers:           40948 kB
Cached:           344364 kB
MemTotal:        1844596 kB
MemFree:         1236080 kB
MemAvailable:    1501548 kB
Buffers:           40948 kB
Cached:           344364 kB
MemTotal:        1844596 kB
MemFree:         1236984 kB
MemAvailable:    1502452 kB
Buffers:           40948 kB
Cached:           344364 kB
MemTotal:        1844596 kB
MemFree:         1237924 kB
MemAvailable:    1503476 kB
Buffers:           40948 kB
Cached:           344488 kB
MemTotal:        1844596 kB
MemFree:         1237320 kB
MemAvailable:    1502872 kB
Buffers:           40948 kB
Cached:           344488 kB
MemTotal:        1844596 kB
MemFree:         1237552 kB
MemAvailable:    1503188 kB
Buffers:           40948 kB
Cached:           344612 kB
MemTotal:        1844596 kB
MemFree:         1236452 kB
MemAvailable:    1502256 kB
Buffers:           40948 kB
Cached:           344736 kB
MemTotal:        1844596 kB
MemFree:         1237168 kB
MemAvailable:    1503140 kB
Buffers:           40948 kB
Cached:           344860 kB
MemTotal:        1844596 kB
MemFree:         1237196 kB
MemAvailable:    1503168 kB
Buffers:           40948 kB
Cached:           344860 kB
MemTotal:        1844596 kB
MemFree:         1237140 kB
MemAvailable:    1503196 kB
Buffers:           40948 kB
Cached:           344984 kB
MemTotal:        1844596 kB
MemFree:         1237112 kB
MemAvailable:    1503168 kB
Buffers:           40948 kB
Cached:           344984 kB
MemTotal:        1844596 kB
MemFree:         1237032 kB
MemAvailable:    1503172 kB
Buffers:           40948 kB
Cached:           344984 kB
MemTotal:        1844596 kB
MemFree:         1237032 kB
MemAvailable:    1503172 kB
Buffers:           40948 kB
Cached:           344984 kB
MemTotal:        1844596 kB
MemFree:         1237016 kB
MemAvailable:    1503156 kB
Buffers:           40948 kB
Cached:           344984 kB
MemTotal:        1844596 kB
MemFree:         1236872 kB
MemAvailable:    1503012 kB
Buffers:           40948 kB
Cached:           344984 kB
MemTotal:        1844596 kB
MemFree:         1237124 kB
MemAvailable:    1503264 kB
Buffers:           40948 kB
Cached:           344984 kB
MemTotal:        1844596 kB
MemFree:         1237120 kB
MemAvailable:    1503260 kB
Buffers:           40948 kB
Cached:           344984 kB
MemTotal:        1844596 kB
MemFree:         1236496 kB
MemAvailable:    1502048 kB
Buffers:           40948 kB
Cached:           344436 kB
MemTotal:        1844596 kB
MemFree:         1236280 kB
MemAvailable:    1501832 kB
Buffers:           40948 kB
Cached:           344436 kB
MemTotal:        1844596 kB
MemFree:         1305392 kB
MemAvailable:    1570944 kB
Buffers:           40948 kB
Cached:           344436 kB
