MemTotal:        1844596 kB
MemFree:         1148084 kB
MemAvailable:    1560776 kB
Buffers:           58916 kB
Cached:           462336 kB
MemTotal:        1844596 kB
MemFree:         1121564 kB
MemAvailable:    1534260 kB
Buffers:           58916 kB
Cached:           462340 kB
MemTotal:        1844596 kB
MemFree:         1118464 kB
MemAvailable:    1531160 kB
Buffers:           58916 kB
Cached:           462340 kB
MemTotal:        1844596 kB
MemFree:         1116844 kB
MemAvailable:    1529540 kB
Buffers:           58916 kB
Cached:           462340 kB
MemTotal:        1844596 kB
MemFree:         1116364 kB
MemAvailable:    1529060 kB
Buffers:           58916 kB
Cached:           462340 kB
MemTotal:        1844596 kB
MemFree:         1115992 kB
MemAvailable:    1528688 kB
Buffers:           58916 kB
Cached:           462340 kB
MemTotal:        1844596 kB
MemFree:         1114628 kB
MemAvailable:    1527324 kB
Buffers:           58916 kB
Cached:           462340 kB
MemTotal:        1844596 kB
MemFree:         1112272 kB
MemAvailable:    1524968 kB
Buffers:           58916 kB
Cached:           462340 kB
MemTotal:        1844596 kB
MemFree:         1108544 kB
MemAvailable:    1521240 kB
Buffers:           58916 kB
Cached:           462340 kB
MemTotal:        1844596 kB
MemFree:         1106876 kB
MemAvailable:    1519572 kB
Buffers:           58916 kB
Cached:           462340 kB
MemTotal:        1844596 kB
MemFree:         1107124 kB
MemAvailable:    1519820 kB
Buffers:           58916 kB
Cached:           462340 kB
MemTotal:        1844596 kB
MemFree:         1105768 kB
MemAvailable:    1518464 kB
Buffers:           58916 kB
Cached:           462340 kB
MemTotal:        1844596 kB
MemFree:         1105892 kB
MemAvailable:    1518588 kB
Buffers:           58916 kB
Cached:           462340 kB
MemTotal:        1844596 kB
MemFree:         1105900 kB
MemAvailable:    1518596 kB
Buffers:           58916 kB
Cached:           462340 kB
MemTotal:        1844596 kB
MemFree:         1105452 kB
MemAvailable:    1518148 kB
Buffers:           58916 kB
Cached:           462340 kB
MemTotal:        1844596 kB
MemFree:         1105744 kB
MemAvailable:    1518440 kB
Buffers:           58916 kB
Cached:           462340 kB
MemTotal:        1844596 kB
MemFree:         1103840 kB
MemAvailable:    1516536 kB
Buffers:           58916 kB
Cached:           462340 kB
MemTotal:        1844596 kB
MemFree:         1103832 kB
MemAvailable:    1516528 kB
Buffers:           58916 kB
Cached:           462340 kB
MemTotal:        1844596 kB
MemFree:         1104568 kB
MemAvailable:    1517264 kB
Buffers:           58916 kB
Cached:           462340 kB
MemTotal:        1844596 kB
MemFree:         1103964 kB
MemAvailable:    1516660 kB
Buffers:           58916 kB
Cached:           462340 kB
MemTotal:        1844596 kB
MemFree:         1104556 kB
MemAvailable:    1517252 kB
Buffers:           58916 kB
Cached:           462340 kB
MemTotal:        1844596 kB
MemFree:         1104892 kB
MemAvailable:    1517588 kB
Buffers:           58916 kB
Cached:           462340 kB
MemTotal:        1844596 kB
MemFree:         1104808 kB
MemAvailable:    1517504 kB
Buffers:           58916 kB
Cached:           462340 kB
MemTotal:        1844596 kB
MemFree:         1103400 kB
MemAvailable:    1516096 kB
Buffers:           58916 kB
Cached:           462340 kB
MemTotal:        1844596 kB
MemFree:         1104700 kB
MemAvailable:    1517396 kB
Buffers:           58916 kB
Cached:           462340 kB
MemTotal:        1844596 kB
MemFree:         1105304 kB
MemAvailable:    1518000 kB
Buffers:           58916 kB
Cached:           462340 kB
MemTotal:        1844596 kB
MemFree:         1104824 kB
MemAvailable:    1517520 kB
Buffers:           58916 kB
Cached:           462340 kB
MemTotal:        1844596 kB
MemFree:         1102468 kB
MemAvailable:    1515164 kB
Buffers:           58916 kB
Cached:           462340 kB
MemTotal:        1844596 kB
MemFree:         1101864 kB
MemAvailable:    1514560 kB
Buffers:           58916 kB
Cached:           462340 kB
MemTotal:        1844596 kB
MemFree:         1101716 kB
MemAvailable:    1514412 kB
Buffers:           58916 kB
Cached:           462340 kB
MemTotal:        1844596 kB
MemFree:         1101716 kB
MemAvailable:    1514412 kB
Buffers:           58916 kB
Cached:           462340 kB
MemTotal:        1844596 kB
MemFree:         1101404 kB
MemAvailable:    1514100 kB
Buffers:           58916 kB
Cached:           462340 kB
MemTotal:        1844596 kB
MemFree:         1099624 kB
MemAvailable:    1512320 kB
Buffers:           58916 kB
Cached:           462340 kB
MemTotal:        1844596 kB
MemFree:         1100676 kB
MemAvailable:    1513372 kB
Buffers:           58916 kB
Cached:           462340 kB
MemTotal:        1844596 kB
MemFree:         1099244 kB
MemAvailable:    1511940 kB
Buffers:           58916 kB
Cached:           462340 kB
MemTotal:        1844596 kB
MemFree:         1099240 kB
MemAvailable:    1511936 kB
Buffers:           58916 kB
Cached:           462340 kB
MemTotal:        1844596 kB
MemFree:         1099192 kB
MemAvailable:    1511888 kB
Buffers:           58916 kB
Cached:           462340 kB
MemTotal:        1844596 kB
MemFree:         1100564 kB
MemAvailable:    1513260 kB
Buffers:           58916 kB
Cached:           462340 kB
MemTotal:        1844596 kB
MemFree:         1099096 kB
MemAvailable:    1511792 kB
Buffers:           58916 kB
Cached:           462340 kB
MemTotal:        1844596 kB
MemFree:         1100164 kB
MemAvailable:    1512860 kB
Buffers:           58916 kB
Cached:           462340 kB
MemTotal:        1844596 kB
MemFree:         1099676 kB
MemAvailable:    1512372 kB
Buffers:           58916 kB
Cached:           462340 kB
MemTotal:        1844596 kB
MemFree:         1099476 kB
MemAvailable:    1512172 kB
Buffers:           58916 kB
Cached:           462340 kB
MemTotal:        1844596 kB
MemFree:         1099476 kB
MemAvailable:    1512172 kB
Buffers:           58916 kB
Cached:           462340 kB
MemTotal:        1844596 kB
MemFree:         1099484 kB
MemAvailable:    1512180 kB
Buffers:           58916 kB
Cached:           462340 kB
MemTotal:        1844596 kB
MemFree:         1099288 kB
MemAvailable:    1511984 kB
Buffers:           58916 kB
Cached:           462340 kB
MemTotal:        1844596 kB
MemFree:         1099464 kB
MemAvailable:    1512160 kB
Buffers:           58916 kB
Cached:           462340 kB
MemTotal:        1844596 kB
MemFree:         1099624 kB
MemAvailable:    1512320 kB
Buffers:           58916 kB
Cached:           462340 kB
MemTotal:        1844596 kB
MemFree:         1099320 kB
MemAvailable:    1512016 kB
Buffers:           58916 kB
Cached:           462340 kB
MemTotal:        1844596 kB
MemFree:         1098240 kB
MemAvailable:    1510940 kB
Buffers:           58916 kB
Cached:           462344 kB
MemTotal:        1844596 kB
MemFree:         1099356 kB
MemAvailable:    1512056 kB
Buffers:           58916 kB
Cached:           462344 kB
MemTotal:        1844596 kB
MemFree:         1098136 kB
MemAvailable:    1510836 kB
Buffers:           58916 kB
Cached:           462344 kB
MemTotal:        1844596 kB
MemFree:         1097880 kB
MemAvailable:    1510580 kB
Buffers:           58916 kB
Cached:           462344 kB
MemTotal:        1844596 kB
MemFree:         1097756 kB
MemAvailable:    1510456 kB
Buffers:           58916 kB
Cached:           462344 kB
MemTotal:        1844596 kB
MemFree:         1099048 kB
MemAvailable:    1511748 kB
Buffers:           58916 kB
Cached:           462344 kB
MemTotal:        1844596 kB
MemFree:         1098684 kB
MemAvailable:    1511384 kB
Buffers:           58916 kB
Cached:           462344 kB
MemTotal:        1844596 kB
MemFree:         1097252 kB
MemAvailable:    1509952 kB
Buffers:           58916 kB
Cached:           462344 kB
MemTotal:        1844596 kB
MemFree:         1097336 kB
MemAvailable:    1510036 kB
Buffers:           58916 kB
Cached:           462344 kB
MemTotal:        1844596 kB
MemFree:         1097248 kB
MemAvailable:    1509948 kB
Buffers:           58916 kB
Cached:           462344 kB
MemTotal:        1844596 kB
MemFree:         1098548 kB
MemAvailable:    1511248 kB
Buffers:           58916 kB
Cached:           462344 kB
MemTotal:        1844596 kB
MemFree:         1097360 kB
MemAvailable:    1510060 kB
Buffers:           58916 kB
Cached:           462344 kB
MemTotal:        1844596 kB
MemFree:         1098612 kB
MemAvailable:    1511312 kB
Buffers:           58916 kB
Cached:           462344 kB
MemTotal:        1844596 kB
MemFree:         1098368 kB
MemAvailable:    1511068 kB
Buffers:           58916 kB
Cached:           462344 kB
MemTotal:        1844596 kB
MemFree:         1098384 kB
MemAvailable:    1511084 kB
Buffers:           58916 kB
Cached:           462344 kB
MemTotal:        1844596 kB
MemFree:         1096880 kB
MemAvailable:    1509580 kB
Buffers:           58916 kB
Cached:           462344 kB
MemTotal:        1844596 kB
MemFree:         1096152 kB
MemAvailable:    1508852 kB
Buffers:           58916 kB
Cached:           462344 kB
MemTotal:        1844596 kB
MemFree:         1093920 kB
MemAvailable:    1506620 kB
Buffers:           58916 kB
Cached:           462344 kB
MemTotal:        1844596 kB
MemFree:         1090944 kB
MemAvailable:    1503644 kB
Buffers:           58916 kB
Cached:           462344 kB
MemTotal:        1844596 kB
MemFree:         1091192 kB
MemAvailable:    1503892 kB
Buffers:           58916 kB
Cached:           462344 kB
MemTotal:        1844596 kB
MemFree:         1089696 kB
MemAvailable:    1502396 kB
Buffers:           58916 kB
Cached:           462344 kB
MemTotal:        1844596 kB
MemFree:         1090632 kB
MemAvailable:    1503332 kB
Buffers:           58916 kB
Cached:           462344 kB
MemTotal:        1844596 kB
MemFree:         1089324 kB
MemAvailable:    1502024 kB
Buffers:           58916 kB
Cached:           462344 kB
MemTotal:        1844596 kB
MemFree:         1089408 kB
MemAvailable:    1502108 kB
Buffers:           58916 kB
Cached:           462344 kB
MemTotal:        1844596 kB
MemFree:         1089408 kB
MemAvailable:    1502108 kB
Buffers:           58916 kB
Cached:           462344 kB
MemTotal:        1844596 kB
MemFree:         1090732 kB
MemAvailable:    1503432 kB
Buffers:           58916 kB
Cached:           462344 kB
MemTotal:        1844596 kB
MemFree:         1089312 kB
MemAvailable:    1502012 kB
Buffers:           58916 kB
Cached:           462344 kB
MemTotal:        1844596 kB
MemFree:         1090620 kB
MemAvailable:    1503320 kB
Buffers:           58916 kB
Cached:           462344 kB
MemTotal:        1844596 kB
MemFree:         1089272 kB
MemAvailable:    1501972 kB
Buffers:           58916 kB
Cached:           462344 kB
MemTotal:        1844596 kB
MemFree:         1090740 kB
MemAvailable:    1503440 kB
Buffers:           58916 kB
Cached:           462344 kB
MemTotal:        1844596 kB
MemFree:         1089308 kB
MemAvailable:    1502008 kB
Buffers:           58928 kB
Cached:           462332 kB
MemTotal:        1844596 kB
MemFree:         1089300 kB
MemAvailable:    1502000 kB
Buffers:           58928 kB
Cached:           462332 kB
MemTotal:        1844596 kB
MemFree:         1088828 kB
MemAvailable:    1501528 kB
Buffers:           58928 kB
Cached:           462332 kB
MemTotal:        1844596 kB
MemFree:         1088704 kB
MemAvailable:    1501404 kB
Buffers:           58928 kB
Cached:           462332 kB
MemTotal:        1844596 kB
MemFree:         1088580 kB
MemAvailable:    1501280 kB
Buffers:           58928 kB
Cached:           462332 kB
MemTotal:        1844596 kB
MemFree:         1089144 kB
MemAvailable:    1501844 kB
Buffers:           58928 kB
Cached:           462332 kB
MemTotal:        1844596 kB
MemFree:         1088092 kB
MemAvailable:    1500792 kB
Buffers:           58928 kB
Cached:           462332 kB
MemTotal:        1844596 kB
MemFree:         1087408 kB
MemAvailable:    1500108 kB
Buffers:           58928 kB
Cached:           462332 kB
MemTotal:        1844596 kB
MemFree:         1088028 kB
MemAvailable:    1500728 kB
Buffers:           58928 kB
Cached:           462332 kB
MemTotal:        1844596 kB
MemFree:         1086216 kB
MemAvailable:    1498916 kB
Buffers:           58928 kB
Cached:           462332 kB
MemTotal:        1844596 kB
MemFree:         1087536 kB
MemAvailable:    1500236 kB
Buffers:           58928 kB
Cached:           462332 kB
MemTotal:        1844596 kB
MemFree:         1085984 kB
MemAvailable:    1498684 kB
Buffers:           58928 kB
Cached:           462332 kB
MemTotal:        1844596 kB
MemFree:         1086912 kB
MemAvailable:    1499612 kB
Buffers:           58928 kB
Cached:           462332 kB
MemTotal:        1844596 kB
MemFree:         1087164 kB
MemAvailable:    1499864 kB
Buffers:           58928 kB
Cached:           462332 kB
MemTotal:        1844596 kB
MemFree:         1086696 kB
MemAvailable:    1499396 kB
Buffers:           58928 kB
Cached:           462332 kB
MemTotal:        1844596 kB
MemFree:         1086852 kB
MemAvailable:    1499552 kB
Buffers:           58928 kB
Cached:           462332 kB
MemTotal:        1844596 kB
MemFree:         1086576 kB
MemAvailable:    1499276 kB
Buffers:           58928 kB
Cached:           462332 kB
MemTotal:        1844596 kB
MemFree:         1086356 kB
MemAvailable:    1499056 kB
Buffers:           58928 kB
Cached:           462332 kB
MemTotal:        1844596 kB
MemFree:         1086660 kB
MemAvailable:    1499360 kB
Buffers:           58928 kB
Cached:           462332 kB
MemTotal:        1844596 kB
MemFree:         1086356 kB
MemAvailable:    1499056 kB
Buffers:           58928 kB
Cached:           462332 kB
MemTotal:        1844596 kB
MemFree:         1086576 kB
MemAvailable:    1499276 kB
Buffers:           58928 kB
Cached:           462332 kB
MemTotal:        1844596 kB
MemFree:         1086828 kB
MemAvailable:    1499528 kB
Buffers:           58928 kB
Cached:           462332 kB
MemTotal:        1844596 kB
MemFree:         1086340 kB
MemAvailable:    1499040 kB
Buffers:           58928 kB
Cached:           462332 kB
MemTotal:        1844596 kB
MemFree:         1085364 kB
MemAvailable:    1498064 kB
Buffers:           58928 kB
Cached:           462332 kB
MemTotal:        1844596 kB
MemFree:         1085788 kB
MemAvailable:    1498488 kB
Buffers:           58928 kB
Cached:           462332 kB
MemTotal:        1844596 kB
MemFree:         1086040 kB
MemAvailable:    1498740 kB
Buffers:           58928 kB
Cached:           462332 kB
MemTotal:        1844596 kB
MemFree:         1079040 kB
MemAvailable:    1491740 kB
Buffers:           58928 kB
Cached:           462332 kB
MemTotal:        1844596 kB
MemFree:         1077668 kB
MemAvailable:    1490368 kB
Buffers:           58928 kB
Cached:           462332 kB
MemTotal:        1844596 kB
MemFree:         1079032 kB
MemAvailable:    1491732 kB
Buffers:           58928 kB
Cached:           462332 kB
MemTotal:        1844596 kB
MemFree:         1078992 kB
MemAvailable:    1491692 kB
Buffers:           58928 kB
Cached:           462332 kB
MemTotal:        1844596 kB
MemFree:         1077536 kB
MemAvailable:    1490236 kB
Buffers:           58928 kB
Cached:           462332 kB
MemTotal:        1844596 kB
MemFree:         1077536 kB
MemAvailable:    1490236 kB
Buffers:           58928 kB
Cached:           462332 kB
MemTotal:        1844596 kB
MemFree:         1080248 kB
MemAvailable:    1492948 kB
Buffers:           58928 kB
Cached:           462332 kB
MemTotal:        1844596 kB
MemFree:         1078908 kB
MemAvailable:    1491692 kB
Buffers:           58928 kB
Cached:           462456 kB
MemTotal:        1844596 kB
MemFree:         1078776 kB
MemAvailable:    1491644 kB
Buffers:           58928 kB
Cached:           462580 kB
MemTotal:        1844596 kB
MemFree:         1079768 kB
MemAvailable:    1492888 kB
Buffers:           58928 kB
Cached:           462828 kB
MemTotal:        1844596 kB
MemFree:         1078916 kB
MemAvailable:    1492040 kB
Buffers:           58928 kB
Cached:           462832 kB
MemTotal:        1844596 kB
MemFree:         1079472 kB
MemAvailable:    1492680 kB
Buffers:           58928 kB
Cached:           462956 kB
MemTotal:        1844596 kB
MemFree:         1078172 kB
MemAvailable:    1491572 kB
Buffers:           58928 kB
Cached:           463068 kB
MemTotal:        1844596 kB
MemFree:         1079272 kB
MemAvailable:    1492672 kB
Buffers:           58928 kB
Cached:           463068 kB
MemTotal:        1844596 kB
MemFree:         1078792 kB
MemAvailable:    1492192 kB
Buffers:           58928 kB
Cached:           463068 kB
MemTotal:        1844596 kB
MemFree:         1078160 kB
MemAvailable:    1491560 kB
Buffers:           58928 kB
Cached:           463068 kB
MemTotal:        1844596 kB
MemFree:         1078028 kB
MemAvailable:    1491428 kB
Buffers:           58928 kB
Cached:           463068 kB
MemTotal:        1844596 kB
MemFree:         1079524 kB
MemAvailable:    1492924 kB
Buffers:           58928 kB
Cached:           463068 kB
MemTotal:        1844596 kB
MemFree:         1079516 kB
MemAvailable:    1492916 kB
Buffers:           58928 kB
Cached:           463068 kB
MemTotal:        1844596 kB
MemFree:         1078104 kB
MemAvailable:    1491504 kB
Buffers:           58928 kB
Cached:           463068 kB
MemTotal:        1844596 kB
MemFree:         1080164 kB
MemAvailable:    1492892 kB
Buffers:           58928 kB
Cached:           462312 kB
MemTotal:        1844596 kB
MemFree:         1144804 kB
MemAvailable:    1557532 kB
Buffers:           58928 kB
Cached:           462312 kB
