MemTotal:        1844596 kB
MemFree:         1224936 kB
MemAvailable:    1564448 kB
Buffers:           50548 kB
Cached:           403184 kB
MemTotal:        1844596 kB
MemFree:         1197212 kB
MemAvailable:    1536728 kB
Buffers:           50548 kB
Cached:           403188 kB
MemTotal:        1844596 kB
MemFree:         1197136 kB
MemAvailable:    1536652 kB
Buffers:           50548 kB
Cached:           403188 kB
MemTotal:        1844596 kB
MemFree:         1193680 kB
MemAvailable:    1533196 kB
Buffers:           50548 kB
Cached:           403188 kB
MemTotal:        1844596 kB
MemFree:         1193688 kB
MemAvailable:    1533204 kB
Buffers:           50548 kB
Cached:           403188 kB
MemTotal:        1844596 kB
MemFree:         1193516 kB
MemAvailable:    1533032 kB
Buffers:           50548 kB
Cached:           403188 kB
MemTotal:        1844596 kB
MemFree:         1191704 kB
MemAvailable:    1531220 kB
Buffers:           50548 kB
Cached:           403188 kB
MemTotal:        1844596 kB
MemFree:         1187596 kB
MemAvailable:    1527112 kB
Buffers:           50548 kB
Cached:           403188 kB
MemTotal:        1844596 kB
MemFree:         1187364 kB
MemAvailable:    1526880 kB
Buffers:           50548 kB
Cached:           403188 kB
MemTotal:        1844596 kB
MemFree:         1183520 kB
MemAvailable:    1523036 kB
Buffers:           50548 kB
Cached:           403188 kB
MemTotal:        1844596 kB
MemFree:         1182492 kB
MemAvailable:    1522008 kB
Buffers:           50548 kB
Cached:           403188 kB
MemTotal:        1844596 kB
MemFree:         1183016 kB
MemAvailable:    1522532 kB
Buffers:           50548 kB
Cached:           403188 kB
MemTotal:        1844596 kB
MemFree:         1183748 kB
MemAvailable:    1523264 kB
Buffers:           50548 kB
Cached:           403188 kB
MemTotal:        1844596 kB
MemFree:         1183024 kB
MemAvailable:    1522540 kB
Buffers:           50548 kB
Cached:           403188 kB
MemTotal:        1844596 kB
MemFree:         1182396 kB
MemAvailable:    1521912 kB
Buffers:           50548 kB
Cached:           403188 kB
MemTotal:        1844596 kB
MemFree:         1182520 kB
MemAvailable:    1522036 kB
Buffers:           50548 kB
Cached:           403188 kB
MemTotal:        1844596 kB
MemFree:         1182156 kB
MemAvailable:    1521672 kB
Buffers:           50548 kB
Cached:           403188 kB
MemTotal:        1844596 kB
MemFree:         1181968 kB
MemAvailable:    1521484 kB
Buffers:           50548 kB
Cached:           403188 kB
MemTotal:        1844596 kB
MemFree:         1181776 kB
MemAvailable:    1521292 kB
Buffers:           50548 kB
Cached:           403188 kB
MemTotal:        1844596 kB
MemFree:         1180288 kB
MemAvailable:    1519804 kB
Buffers:           50548 kB
Cached:           403188 kB
MemTotal:        1844596 kB
MemFree:         1180156 kB
MemAvailable:    1519672 kB
Buffers:           50548 kB
Cached:           403188 kB
MemTotal:        1844596 kB
MemFree:         1180404 kB
MemAvailable:    1519920 kB
Buffers:           50548 kB
Cached:           403188 kB
MemTotal:        1844596 kB
MemFree:         1181708 kB
MemAvailable:    1521224 kB
Buffers:           50548 kB
Cached:           403188 kB
MemTotal:        1844596 kB
MemFree:         1181324 kB
MemAvailable:    1520840 kB
Buffers:           50548 kB
Cached:           403188 kB
MemTotal:        1844596 kB
MemFree:         1180144 kB
MemAvailable:    1519660 kB
Buffers:           50548 kB
Cached:           403188 kB
MemTotal:        1844596 kB
MemFree:         1180012 kB
MemAvailable:    1519528 kB
Buffers:           50548 kB
Cached:           403188 kB
MemTotal:        1844596 kB
MemFree:         1182556 kB
MemAvailable:    1522072 kB
Buffers:           50548 kB
Cached:           403188 kB
MemTotal:        1844596 kB
MemFree:         1182156 kB
MemAvailable:    1521672 kB
Buffers:           50548 kB
Cached:           403188 kB
MemTotal:        1844596 kB
MemFree:         1180412 kB
MemAvailable:    1519928 kB
Buffers:           50548 kB
Cached:           403188 kB
MemTotal:        1844596 kB
MemFree:         1178560 kB
MemAvailable:    1518076 kB
Buffers:           50548 kB
Cached:           403188 kB
MemTotal:        1844596 kB
MemFree:         1178992 kB
MemAvailable:    1518508 kB
Buffers:           50548 kB
Cached:           403188 kB
MemTotal:        1844596 kB
MemFree:         1178800 kB
MemAvailable:    1518316 kB
Buffers:           50548 kB
Cached:           403188 kB
MemTotal:        1844596 kB
MemFree:         1177072 kB
MemAvailable:    1516588 kB
Buffers:           50548 kB
Cached:           403188 kB
MemTotal:        1844596 kB
MemFree:         1177436 kB
MemAvailable:    1516952 kB
Buffers:           50548 kB
Cached:           403188 kB
MemTotal:        1844596 kB
MemFree:         1177436 kB
MemAvailable:    1516952 kB
Buffers:           50548 kB
Cached:           403188 kB
MemTotal:        1844596 kB
MemFree:         1175932 kB
MemAvailable:    1515448 kB
Buffers:           50548 kB
Cached:           403188 kB
MemTotal:        1844596 kB
MemFree:         1177000 kB
MemAvailable:    1516516 kB
Buffers:           50548 kB
Cached:           403188 kB
MemTotal:        1844596 kB
MemFree:         1176576 kB
MemAvailable:    1516092 kB
Buffers:           50548 kB
Cached:           403188 kB
MemTotal:        1844596 kB
MemFree:         1176920 kB
MemAvailable:    1516436 kB
Buffers:           50548 kB
Cached:           403188 kB
MemTotal:        1844596 kB
MemFree:         1177256 kB
MemAvailable:    1516772 kB
Buffers:           50548 kB
Cached:           403188 kB
MemTotal:        1844596 kB
MemFree:         1175680 kB
MemAvailable:    1515196 kB
Buffers:           50548 kB
Cached:           403188 kB
MemTotal:        1844596 kB
MemFree:         1175204 kB
MemAvailable:    1514720 kB
Buffers:           50548 kB
Cached:           403188 kB
MemTotal:        1844596 kB
MemFree:         1175080 kB
MemAvailable:    1514596 kB
Buffers:           50548 kB
Cached:           403188 kB
MemTotal:        1844596 kB
MemFree:         1176152 kB
MemAvailable:    1515668 kB
Buffers:           50548 kB
Cached:           403188 kB
MemTotal:        1844596 kB
MemFree:         1174964 kB
MemAvailable:    1514480 kB
Buffers:           50548 kB
Cached:           403188 kB
MemTotal:        1844596 kB
MemFree:         1175088 kB
MemAvailable:    1514604 kB
Buffers:           50548 kB
Cached:           403188 kB
MemTotal:        1844596 kB
MemFree:         1176140 kB
MemAvailable:    1515656 kB
Buffers:           50548 kB
Cached:           403188 kB
MemTotal:        1844596 kB
MemFree:         1174832 kB
MemAvailable:    1514348 kB
Buffers:           50548 kB
Cached:           403188 kB
MemTotal:        1844596 kB
MemFree:         1174784 kB
MemAvailable:    1514300 kB
Buffers:           50548 kB
Cached:           403188 kB
MemTotal:        1844596 kB
MemFree:         1176128 kB
MemAvailable:    1515644 kB
Buffers:           50548 kB
Cached:           403188 kB
MemTotal:        1844596 kB
MemFree:         1174840 kB
MemAvailable:    1514356 kB
Buffers:           50548 kB
Cached:           403188 kB
MemTotal:        1844596 kB
MemFree:         1174792 kB
MemAvailable:    1514308 kB
Buffers:           50548 kB
Cached:           403188 kB
MemTotal:        1844596 kB
MemFree:         1174668 kB
MemAvailable:    1514184 kB
Buffers:           50548 kB
Cached:           403188 kB
MemTotal:        1844596 kB
MemFree:         1174536 kB
MemAvailable:    1514052 kB
Buffers:           50548 kB
Cached:           403188 kB
MemTotal:        1844596 kB
MemFree:         1175740 kB
MemAvailable:    1515256 kB
Buffers:           50548 kB
Cached:           403188 kB
MemTotal:        1844596 kB
MemFree:         1175388 kB
MemAvailable:    1514904 kB
Buffers:           50548 kB
Cached:           403188 kB
MemTotal:        1844596 kB
MemFree:         1173892 kB
MemAvailable:    1513408 kB
Buffers:           50548 kB
Cached:           403188 kB
MemTotal:        1844596 kB
MemFree:         1173884 kB
MemAvailable:    1513400 kB
Buffers:           50548 kB
Cached:           403188 kB
MemTotal:        1844596 kB
MemFree:         1175192 kB
MemAvailable:    1514708 kB
Buffers:           50548 kB
Cached:           403188 kB
MemTotal:        1844596 kB
MemFree:         1175032 kB
MemAvailable:    1514548 kB
Buffers:           50548 kB
Cached:           403188 kB
MemTotal:        1844596 kB
MemFree:         1175288 kB
MemAvailable:    1514804 kB
Buffers:           50548 kB
Cached:           403188 kB
MemTotal:        1844596 kB
MemFree:         1175260 kB
MemAvailable:    1514776 kB
Buffers:           50548 kB
Cached:           403188 kB
MemTotal:        1844596 kB
MemFree:         1173828 kB
MemAvailable:    1513344 kB
Buffers:           50548 kB
Cached:           403188 kB
MemTotal:        1844596 kB
MemFree:         1175012 kB
MemAvailable:    1514528 kB
Buffers:           50548 kB
Cached:           403188 kB
MemTotal:        1844596 kB
MemFree:         1175088 kB
MemAvailable:    1514604 kB
Buffers:           50548 kB
Cached:           403188 kB
MemTotal:        1844596 kB
MemFree:         1174220 kB
MemAvailable:    1513736 kB
Buffers:           50548 kB
Cached:           403188 kB
MemTotal:        1844596 kB
MemFree:         1173164 kB
MemAvailable:    1512680 kB
Buffers:           50548 kB
Cached:           403188 kB
MemTotal:        1844596 kB
MemFree:         1170560 kB
MemAvailable:    1510076 kB
Buffers:           50548 kB
Cached:           403188 kB
MemTotal:        1844596 kB
MemFree:         1167276 kB
MemAvailable:    1506792 kB
Buffers:           50548 kB
Cached:           403188 kB
MemTotal:        1844596 kB
MemFree:         1167524 kB
MemAvailable:    1507040 kB
Buffers:           50548 kB
Cached:           403188 kB
MemTotal:        1844596 kB
MemFree:         1167096 kB
MemAvailable:    1506612 kB
Buffers:           50548 kB
Cached:           403188 kB
MemTotal:        1844596 kB
MemFree:         1167028 kB
MemAvailable:    1506544 kB
Buffers:           50548 kB
Cached:           403188 kB
MemTotal:        1844596 kB
MemFree:         1167324 kB
MemAvailable:    1506840 kB
Buffers:           50548 kB
Cached:           403188 kB
MemTotal:        1844596 kB
MemFree:         1166408 kB
MemAvailable:    1505924 kB
Buffers:           50548 kB
Cached:           403188 kB
MemTotal:        1844596 kB
MemFree:         1167284 kB
MemAvailable:    1506800 kB
Buffers:           50548 kB
Cached:           403188 kB
MemTotal:        1844596 kB
MemFree:         1166020 kB
MemAvailable:    1505536 kB
Buffers:           50548 kB
Cached:           403188 kB
MemTotal:        1844596 kB
MemFree:         1167432 kB
MemAvailable:    1506956 kB
Buffers:           50548 kB
Cached:           403196 kB
MemTotal:        1844596 kB
MemFree:         1166112 kB
MemAvailable:    1505636 kB
Buffers:           50548 kB
Cached:           403196 kB
MemTotal:        1844596 kB
MemFree:         1167152 kB
MemAvailable:    1506676 kB
Buffers:           50548 kB
Cached:           403196 kB
MemTotal:        1844596 kB
MemFree:         1167172 kB
MemAvailable:    1506696 kB
Buffers:           50548 kB
Cached:           403196 kB
MemTotal:        1844596 kB
MemFree:         1166032 kB
MemAvailable:    1505556 kB
Buffers:           50548 kB
Cached:           403196 kB
MemTotal:        1844596 kB
MemFree:         1167208 kB
MemAvailable:    1506732 kB
Buffers:           50548 kB
Cached:           403196 kB
MemTotal:        1844596 kB
MemFree:         1167220 kB
MemAvailable:    1506744 kB
Buffers:           50548 kB
Cached:           403196 kB
MemTotal:        1844596 kB
MemFree:         1165424 kB
MemAvailable:    1504948 kB
Buffers:           50548 kB
Cached:           403196 kB
MemTotal:        1844596 kB
MemFree:         1165292 kB
MemAvailable:    1504816 kB
Buffers:           50548 kB
Cached:           403196 kB
MemTotal:        1844596 kB
MemFree:         1166460 kB
MemAvailable:    1505984 kB
Buffers:           50548 kB
Cached:           403196 kB
MemTotal:        1844596 kB
MemFree:         1165964 kB
MemAvailable:    1505488 kB
Buffers:           50548 kB
Cached:           403196 kB
MemTotal:        1844596 kB
MemFree:         1165664 kB
MemAvailable:    1505188 kB
Buffers:           50548 kB
Cached:           403196 kB
MemTotal:        1844596 kB
MemFree:         1164292 kB
MemAvailable:    1503816 kB
Buffers:           50548 kB
Cached:           403196 kB
MemTotal:        1844596 kB
MemFree:         1163192 kB
MemAvailable:    1502716 kB
Buffers:           50548 kB
Cached:           403196 kB
MemTotal:        1844596 kB
MemFree:         1164556 kB
MemAvailable:    1504080 kB
Buffers:           50548 kB
Cached:           403196 kB
MemTotal:        1844596 kB
MemFree:         1162316 kB
MemAvailable:    1501840 kB
Buffers:           50548 kB
Cached:           403196 kB
MemTotal:        1844596 kB
MemFree:         1162316 kB
MemAvailable:    1501840 kB
Buffers:           50548 kB
Cached:           403196 kB
MemTotal:        1844596 kB
MemFree:         1162448 kB
MemAvailable:    1501972 kB
Buffers:           50548 kB
Cached:           403196 kB
MemTotal:        1844596 kB
MemFree:         1163440 kB
MemAvailable:    1502964 kB
Buffers:           50548 kB
Cached:           403196 kB
MemTotal:        1844596 kB
MemFree:         1162028 kB
MemAvailable:    1501552 kB
Buffers:           50548 kB
Cached:           403196 kB
MemTotal:        1844596 kB
MemFree:         1162020 kB
MemAvailable:    1501544 kB
Buffers:           50548 kB
Cached:           403196 kB
MemTotal:        1844596 kB
MemFree:         1162020 kB
MemAvailable:    1501544 kB
Buffers:           50548 kB
Cached:           403196 kB
MemTotal:        1844596 kB
MemFree:         1163364 kB
MemAvailable:    1502888 kB
Buffers:           50548 kB
Cached:           403196 kB
MemTotal:        1844596 kB
MemFree:         1162048 kB
MemAvailable:    1501572 kB
Buffers:           50548 kB
Cached:           403196 kB
MemTotal:        1844596 kB
MemFree:         1163256 kB
MemAvailable:    1502780 kB
Buffers:           50548 kB
Cached:           403196 kB
MemTotal:        1844596 kB
MemFree:         1163452 kB
MemAvailable:    1502976 kB
Buffers:           50548 kB
Cached:           403196 kB
MemTotal:        1844596 kB
MemFree:         1162756 kB
MemAvailable:    1502280 kB
Buffers:           50548 kB
Cached:           403196 kB
MemTotal:        1844596 kB
MemFree:         1162708 kB
MemAvailable:    1502232 kB
Buffers:           50548 kB
Cached:           403196 kB
MemTotal:        1844596 kB
MemFree:         1157868 kB
MemAvailable:    1497392 kB
Buffers:           50548 kB
Cached:           403196 kB
MemTotal:        1844596 kB
MemFree:         1155512 kB
MemAvailable:    1495036 kB
Buffers:           50548 kB
Cached:           403196 kB
MemTotal:        1844596 kB
MemFree:         1155704 kB
MemAvailable:    1495228 kB
Buffers:           50548 kB
Cached:           403196 kB
MemTotal:        1844596 kB
MemFree:         1154288 kB
MemAvailable:    1493812 kB
Buffers:           50548 kB
Cached:           403196 kB
MemTotal:        1844596 kB
MemFree:         1155520 kB
MemAvailable:    1495044 kB
Buffers:           50548 kB
Cached:           403196 kB
MemTotal:        1844596 kB
MemFree:         1154156 kB
MemAvailable:    1493680 kB
Buffers:           50548 kB
Cached:           403196 kB
MemTotal:        1844596 kB
MemFree:         1156212 kB
MemAvailable:    1495736 kB
Buffers:           50548 kB
Cached:           403196 kB
MemTotal:        1844596 kB
MemFree:         1155660 kB
MemAvailable:    1495184 kB
Buffers:           50548 kB
Cached:           403196 kB
MemTotal:        1844596 kB
MemFree:         1155528 kB
MemAvailable:    1495136 kB
Buffers:           50548 kB
Cached:           403320 kB
MemTotal:        1844596 kB
MemFree:         1155412 kB
MemAvailable:    1495188 kB
Buffers:           50548 kB
Cached:           403444 kB
MemTotal:        1844596 kB
MemFree:         1156716 kB
MemAvailable:    1496660 kB
Buffers:           50548 kB
Cached:           403692 kB
MemTotal:        1844596 kB
MemFree:         1155272 kB
MemAvailable:    1495216 kB
Buffers:           50548 kB
Cached:           403692 kB
MemTotal:        1844596 kB
MemFree:         1156216 kB
MemAvailable:    1496412 kB
Buffers:           50548 kB
Cached:           403816 kB
MemTotal:        1844596 kB
MemFree:         1154916 kB
MemAvailable:    1495112 kB
Buffers:           50548 kB
Cached:           403816 kB
MemTotal:        1844596 kB
MemFree:         1156060 kB
MemAvailable:    1496264 kB
Buffers:           50548 kB
Cached:           403820 kB
MemTotal:        1844596 kB
MemFree:         1156280 kB
MemAvailable:    1496484 kB
Buffers:           50548 kB
Cached:           403820 kB
MemTotal:        1844596 kB
MemFree:         1155836 kB
MemAvailable:    1496040 kB
Buffers:           50548 kB
Cached:           403820 kB
MemTotal:        1844596 kB
MemFree:         1156172 kB
MemAvailable:    1496376 kB
Buffers:           50548 kB
Cached:           403820 kB
MemTotal:        1844596 kB
MemFree:         1154764 kB
MemAvailable:    1494968 kB
Buffers:           50548 kB
Cached:           403944 kB
MemTotal:        1844596 kB
MemFree:         1156072 kB
MemAvailable:    1496276 kB
Buffers:           50548 kB
Cached:           403944 kB
MemTotal:        1844596 kB
MemFree:         1156332 kB
MemAvailable:    1495948 kB
Buffers:           50556 kB
Cached:           403220 kB
MemTotal:        1844596 kB
MemFree:         1160812 kB
MemAvailable:    1500512 kB
Buffers:           50556 kB
Cached:           403220 kB
MemTotal:        1844596 kB
MemFree:         1224256 kB
MemAvailable:    1563872 kB
Buffers:           50556 kB
Cached:           403220 kB
