MemTotal:        1844596 kB
MemFree:         1207052 kB
MemAvailable:    1563424 kB
Buffers:           52680 kB
Cached:           416624 kB
MemTotal:        1844596 kB
MemFree:         1179384 kB
MemAvailable:    1535760 kB
Buffers:           52680 kB
Cached:           416628 kB
MemTotal:        1844596 kB
MemFree:         1178128 kB
MemAvailable:    1534504 kB
Buffers:           52680 kB
Cached:           416628 kB
MemTotal:        1844596 kB
MemFree:         1176284 kB
MemAvailable:    1532660 kB
Buffers:           52680 kB
Cached:           416628 kB
MemTotal:        1844596 kB
MemFree:         1175888 kB
MemAvailable:    1532264 kB
Buffers:           52680 kB
Cached:           416628 kB
MemTotal:        1844596 kB
MemFree:         1174528 kB
MemAvailable:    1530904 kB
Buffers:           52680 kB
Cached:           416628 kB
MemTotal:        1844596 kB
MemFree:         1174736 kB
MemAvailable:    1531112 kB
Buffers:           52684 kB
Cached:           416624 kB
MemTotal:        1844596 kB
MemFree:         1173680 kB
MemAvailable:    1530056 kB
Buffers:           52684 kB
Cached:           416624 kB
MemTotal:        1844596 kB
MemFree:         1170640 kB
MemAvailable:    1527016 kB
Buffers:           52684 kB
Cached:           416624 kB
MemTotal:        1844596 kB
MemFree:         1165356 kB
MemAvailable:    1521732 kB
Buffers:           52684 kB
Cached:           416624 kB
MemTotal:        1844596 kB
MemFree:         1165124 kB
MemAvailable:    1521500 kB
Buffers:           52684 kB
Cached:           416624 kB
MemTotal:        1844596 kB
MemFree:         1166300 kB
MemAvailable:    1522676 kB
Buffers:           52684 kB
Cached:           416624 kB
MemTotal:        1844596 kB
MemFree:         1166436 kB
MemAvailable:    1522812 kB
Buffers:           52684 kB
Cached:           416624 kB
MemTotal:        1844596 kB
MemFree:         1165108 kB
MemAvailable:    1521484 kB
Buffers:           52684 kB
Cached:           416624 kB
MemTotal:        1844596 kB
MemFree:         1165000 kB
MemAvailable:    1521376 kB
Buffers:           52684 kB
Cached:           416624 kB
MemTotal:        1844596 kB
MemFree:         1164744 kB
MemAvailable:    1521120 kB
Buffers:           52684 kB
Cached:           416624 kB
MemTotal:        1844596 kB
MemFree:         1164380 kB
MemAvailable:    1520756 kB
Buffers:           52684 kB
Cached:           416624 kB
MemTotal:        1844596 kB
MemFree:         1163388 kB
MemAvailable:    1519764 kB
Buffers:           52684 kB
Cached:           416624 kB
MemTotal:        1844596 kB
MemFree:         1163140 kB
MemAvailable:    1519516 kB
Buffers:           52684 kB
Cached:           416624 kB
MemTotal:        1844596 kB
MemFree:         1164168 kB
MemAvailable:    1520544 kB
Buffers:           52684 kB
Cached:           416624 kB
MemTotal:        1844596 kB
MemFree:         1163804 kB
MemAvailable:    1520180 kB
Buffers:           52684 kB
Cached:           416624 kB
MemTotal:        1844596 kB
MemFree:         1162456 kB
MemAvailable:    1518832 kB
Buffers:           52684 kB
Cached:           416624 kB
MemTotal:        1844596 kB
MemFree:         1162360 kB
MemAvailable:    1518736 kB
Buffers:           52684 kB
Cached:           416624 kB
MemTotal:        1844596 kB
MemFree:         1163728 kB
MemAvailable:    1520104 kB
Buffers:           52684 kB
Cached:           416624 kB
MemTotal:        1844596 kB
MemFree:         1163616 kB
MemAvailable:    1519992 kB
Buffers:           52684 kB
Cached:           416624 kB
MemTotal:        1844596 kB
MemFree:         1162512 kB
MemAvailable:    1518888 kB
Buffers:           52684 kB
Cached:           416624 kB
MemTotal:        1844596 kB
MemFree:         1165124 kB
MemAvailable:    1521500 kB
Buffers:           52684 kB
Cached:           416624 kB
MemTotal:        1844596 kB
MemFree:         1164496 kB
MemAvailable:    1520872 kB
Buffers:           52684 kB
Cached:           416624 kB
MemTotal:        1844596 kB
MemFree:         1162000 kB
MemAvailable:    1518376 kB
Buffers:           52684 kB
Cached:           416624 kB
MemTotal:        1844596 kB
MemFree:         1161520 kB
MemAvailable:    1517896 kB
Buffers:           52684 kB
Cached:           416624 kB
MemTotal:        1844596 kB
MemFree:         1161140 kB
MemAvailable:    1517516 kB
Buffers:           52684 kB
Cached:           416624 kB
MemTotal:        1844596 kB
MemFree:         1160908 kB
MemAvailable:    1517284 kB
Buffers:           52684 kB
Cached:           416624 kB
MemTotal:        1844596 kB
MemFree:         1160520 kB
MemAvailable:    1516904 kB
Buffers:           52684 kB
Cached:           416632 kB
MemTotal:        1844596 kB
MemFree:         1160164 kB
MemAvailable:    1516548 kB
Buffers:           52684 kB
Cached:           416632 kB
MemTotal:        1844596 kB
MemFree:         1159852 kB
MemAvailable:    1516236 kB
Buffers:           52684 kB
Cached:           416632 kB
MemTotal:        1844596 kB
MemFree:         1159784 kB
MemAvailable:    1516168 kB
Buffers:           52684 kB
Cached:           416632 kB
MemTotal:        1844596 kB
MemFree:         1159612 kB
MemAvailable:    1515996 kB
Buffers:           52684 kB
Cached:           416632 kB
MemTotal:        1844596 kB
MemFree:         1158284 kB
MemAvailable:    1514668 kB
Buffers:           52684 kB
Cached:           416632 kB
MemTotal:        1844596 kB
MemFree:         1159584 kB
MemAvailable:    1515968 kB
Buffers:           52684 kB
Cached:           416632 kB
MemTotal:        1844596 kB
MemFree:         1158024 kB
MemAvailable:    1514408 kB
Buffers:           52684 kB
Cached:           416632 kB
MemTotal:        1844596 kB
MemFree:         1159116 kB
MemAvailable:    1515500 kB
Buffers:           52684 kB
Cached:           416632 kB
MemTotal:        1844596 kB
MemFree:         1158668 kB
MemAvailable:    1515052 kB
Buffers:           52684 kB
Cached:           416632 kB
MemTotal:        1844596 kB
MemFree:         1158920 kB
MemAvailable:    1515304 kB
Buffers:           52684 kB
Cached:           416632 kB
MemTotal:        1844596 kB
MemFree:         1157612 kB
MemAvailable:    1513996 kB
Buffers:           52684 kB
Cached:           416632 kB
MemTotal:        1844596 kB
MemFree:         1157164 kB
MemAvailable:    1513548 kB
Buffers:           52684 kB
Cached:           416632 kB
MemTotal:        1844596 kB
MemFree:         1158828 kB
MemAvailable:    1515212 kB
Buffers:           52684 kB
Cached:           416632 kB
MemTotal:        1844596 kB
MemFree:         1158592 kB
MemAvailable:    1514976 kB
Buffers:           52684 kB
Cached:           416632 kB
MemTotal:        1844596 kB
MemFree:         1157368 kB
MemAvailable:    1513752 kB
Buffers:           52684 kB
Cached:           416632 kB
MemTotal:        1844596 kB
MemFree:         1157280 kB
MemAvailable:    1513664 kB
Buffers:           52684 kB
Cached:           416632 kB
MemTotal:        1844596 kB
MemFree:         1158460 kB
MemAvailable:    1514844 kB
Buffers:           52684 kB
Cached:           416632 kB
MemTotal:        1844596 kB
MemFree:         1158180 kB
MemAvailable:    1514564 kB
Buffers:           52684 kB
Cached:           416632 kB
MemTotal:        1844596 kB
MemFree:         1158592 kB
MemAvailable:    1514976 kB
Buffers:           52684 kB
Cached:           416632 kB
MemTotal:        1844596 kB
MemFree:         1157932 kB
MemAvailable:    1514316 kB
Buffers:           52684 kB
Cached:           416632 kB
MemTotal:        1844596 kB
MemFree:         1157132 kB
MemAvailable:    1513516 kB
Buffers:           52684 kB
Cached:           416632 kB
MemTotal:        1844596 kB
MemFree:         1157256 kB
MemAvailable:    1513640 kB
Buffers:           52684 kB
Cached:           416632 kB
MemTotal:        1844596 kB
MemFree:         1157924 kB
MemAvailable:    1514308 kB
Buffers:           52684 kB
Cached:           416632 kB
MemTotal:        1844596 kB
MemFree:         1156496 kB
MemAvailable:    1512880 kB
Buffers:           52684 kB
Cached:           416632 kB
MemTotal:        1844596 kB
MemFree:         1156496 kB
MemAvailable:    1512880 kB
Buffers:           52684 kB
Cached:           416632 kB
MemTotal:        1844596 kB
MemFree:         1157604 kB
MemAvailable:    1513988 kB
Buffers:           52684 kB
Cached:           416632 kB
MemTotal:        1844596 kB
MemFree:         1157188 kB
MemAvailable:    1513572 kB
Buffers:           52684 kB
Cached:           416632 kB
MemTotal:        1844596 kB
MemFree:         1157672 kB
MemAvailable:    1514056 kB
Buffers:           52684 kB
Cached:           416632 kB
MemTotal:        1844596 kB
MemFree:         1156176 kB
MemAvailable:    1512560 kB
Buffers:           52684 kB
Cached:           416632 kB
MemTotal:        1844596 kB
MemFree:         1157596 kB
MemAvailable:    1513980 kB
Buffers:           52684 kB
Cached:           416632 kB
MemTotal:        1844596 kB
MemFree:         1156256 kB
MemAvailable:    1512640 kB
Buffers:           52684 kB
Cached:           416632 kB
MemTotal:        1844596 kB
MemFree:         1156248 kB
MemAvailable:    1512632 kB
Buffers:           52684 kB
Cached:           416632 kB
MemTotal:        1844596 kB
MemFree:         1156292 kB
MemAvailable:    1512676 kB
Buffers:           52684 kB
Cached:           416632 kB
MemTotal:        1844596 kB
MemFree:         1156428 kB
MemAvailable:    1512812 kB
Buffers:           52684 kB
Cached:           416632 kB
MemTotal:        1844596 kB
MemFree:         1156196 kB
MemAvailable:    1512580 kB
Buffers:           52684 kB
Cached:           416632 kB
MemTotal:        1844596 kB
MemFree:         1152592 kB
MemAvailable:    1508976 kB
Buffers:           52684 kB
Cached:           416632 kB
MemTotal:        1844596 kB
MemFree:         1149996 kB
MemAvailable:    1506380 kB
Buffers:           52684 kB
Cached:           416632 kB
MemTotal:        1844596 kB
MemFree:         1149376 kB
MemAvailable:    1505760 kB
Buffers:           52684 kB
Cached:           416632 kB
MemTotal:        1844596 kB
MemFree:         1149732 kB
MemAvailable:    1506116 kB
Buffers:           52684 kB
Cached:           416632 kB
MemTotal:        1844596 kB
MemFree:         1149816 kB
MemAvailable:    1506200 kB
Buffers:           52684 kB
Cached:           416632 kB
MemTotal:        1844596 kB
MemFree:         1149428 kB
MemAvailable:    1505812 kB
Buffers:           52684 kB
Cached:           416632 kB
MemTotal:        1844596 kB
MemFree:         1149764 kB
MemAvailable:    1506148 kB
Buffers:           52684 kB
Cached:           416632 kB
MemTotal:        1844596 kB
MemFree:         1148364 kB
MemAvailable:    1504748 kB
Buffers:           52684 kB
Cached:           416632 kB
MemTotal:        1844596 kB
MemFree:         1149772 kB
MemAvailable:    1506156 kB
Buffers:           52684 kB
Cached:           416632 kB
MemTotal:        1844596 kB
MemFree:         1149460 kB
MemAvailable:    1505844 kB
Buffers:           52684 kB
Cached:           416632 kB
MemTotal:        1844596 kB
MemFree:         1149544 kB
MemAvailable:    1505928 kB
Buffers:           52684 kB
Cached:           416632 kB
MemTotal:        1844596 kB
MemFree:         1148344 kB
MemAvailable:    1504728 kB
Buffers:           52684 kB
Cached:           416632 kB
MemTotal:        1844596 kB
MemFree:         1148204 kB
MemAvailable:    1504588 kB
Buffers:           52684 kB
Cached:           416632 kB
MemTotal:        1844596 kB
MemFree:         1149728 kB
MemAvailable:    1506112 kB
Buffers:           52684 kB
Cached:           416632 kB
MemTotal:        1844596 kB
MemFree:         1148324 kB
MemAvailable:    1504708 kB
Buffers:           52684 kB
Cached:           416632 kB
MemTotal:        1844596 kB
MemFree:         1148260 kB
MemAvailable:    1504644 kB
Buffers:           52684 kB
Cached:           416632 kB
MemTotal:        1844596 kB
MemFree:         1147888 kB
MemAvailable:    1504272 kB
Buffers:           52684 kB
Cached:           416632 kB
MemTotal:        1844596 kB
MemFree:         1148012 kB
MemAvailable:    1504396 kB
Buffers:           52684 kB
Cached:           416632 kB
MemTotal:        1844596 kB
MemFree:         1147516 kB
MemAvailable:    1503900 kB
Buffers:           52684 kB
Cached:           416632 kB
MemTotal:        1844596 kB
MemFree:         1147012 kB
MemAvailable:    1503396 kB
Buffers:           52684 kB
Cached:           416632 kB
MemTotal:        1844596 kB
MemFree:         1148012 kB
MemAvailable:    1504396 kB
Buffers:           52684 kB
Cached:           416632 kB
MemTotal:        1844596 kB
MemFree:         1147020 kB
MemAvailable:    1503404 kB
Buffers:           52684 kB
Cached:           416632 kB
MemTotal:        1844596 kB
MemFree:         1146964 kB
MemAvailable:    1503348 kB
Buffers:           52684 kB
Cached:           416632 kB
MemTotal:        1844596 kB
MemFree:         1145512 kB
MemAvailable:    1501896 kB
Buffers:           52684 kB
Cached:           416632 kB
MemTotal:        1844596 kB
MemFree:         1145028 kB
MemAvailable:    1501412 kB
Buffers:           52684 kB
Cached:           416632 kB
MemTotal:        1844596 kB
MemFree:         1146400 kB
MemAvailable:    1502784 kB
Buffers:           52684 kB
Cached:           416632 kB
MemTotal:        1844596 kB
MemFree:         1146104 kB
MemAvailable:    1502488 kB
Buffers:           52684 kB
Cached:           416632 kB
MemTotal:        1844596 kB
MemFree:         1146068 kB
MemAvailable:    1502452 kB
Buffers:           52684 kB
Cached:           416632 kB
MemTotal:        1844596 kB
MemFree:         1145956 kB
MemAvailable:    1502340 kB
Buffers:           52684 kB
Cached:           416632 kB
MemTotal:        1844596 kB
MemFree:         1145964 kB
MemAvailable:    1502348 kB
Buffers:           52684 kB
Cached:           416632 kB
MemTotal:        1844596 kB
MemFree:         1144476 kB
MemAvailable:    1500860 kB
Buffers:           52684 kB
Cached:           416632 kB
MemTotal:        1844596 kB
MemFree:         1145932 kB
MemAvailable:    1502316 kB
Buffers:           52684 kB
Cached:           416632 kB
MemTotal:        1844596 kB
MemFree:         1146028 kB
MemAvailable:    1502416 kB
Buffers:           52684 kB
Cached:           416636 kB
MemTotal:        1844596 kB
MemFree:         1144484 kB
MemAvailable:    1500872 kB
Buffers:           52684 kB
Cached:           416636 kB
MemTotal:        1844596 kB
MemFree:         1144604 kB
MemAvailable:    1500996 kB
Buffers:           52684 kB
Cached:           416640 kB
MemTotal:        1844596 kB
MemFree:         1144028 kB
MemAvailable:    1500420 kB
Buffers:           52684 kB
Cached:           416640 kB
MemTotal:        1844596 kB
MemFree:         1145392 kB
MemAvailable:    1501784 kB
Buffers:           52684 kB
Cached:           416640 kB
MemTotal:        1844596 kB
MemFree:         1140636 kB
MemAvailable:    1497028 kB
Buffers:           52684 kB
Cached:           416640 kB
MemTotal:        1844596 kB
MemFree:         1137968 kB
MemAvailable:    1494360 kB
Buffers:           52684 kB
Cached:           416640 kB
MemTotal:        1844596 kB
MemFree:         1138028 kB
MemAvailable:    1494420 kB
Buffers:           52684 kB
Cached:           416640 kB
MemTotal:        1844596 kB
MemFree:         1137912 kB
MemAvailable:    1494304 kB
Buffers:           52684 kB
Cached:           416640 kB
MemTotal:        1844596 kB
MemFree:         1138020 kB
MemAvailable:    1494412 kB
Buffers:           52684 kB
Cached:           416640 kB
MemTotal:        1844596 kB
MemFree:         1137164 kB
MemAvailable:    1493556 kB
Buffers:           52684 kB
Cached:           416640 kB
MemTotal:        1844596 kB
MemFree:         1137784 kB
MemAvailable:    1494176 kB
Buffers:           52684 kB
Cached:           416640 kB
MemTotal:        1844596 kB
MemFree:         1139640 kB
MemAvailable:    1496032 kB
Buffers:           52688 kB
Cached:           416636 kB
MemTotal:        1844596 kB
MemFree:         1138340 kB
MemAvailable:    1494732 kB
Buffers:           52688 kB
Cached:           416636 kB
MemTotal:        1844596 kB
MemFree:         1137836 kB
MemAvailable:    1494312 kB
Buffers:           52688 kB
Cached:           416760 kB
MemTotal:        1844596 kB
MemFree:         1138944 kB
MemAvailable:    1495588 kB
Buffers:           52688 kB
Cached:           416884 kB
MemTotal:        1844596 kB
MemFree:         1138340 kB
MemAvailable:    1494984 kB
Buffers:           52688 kB
Cached:           416884 kB
MemTotal:        1844596 kB
MemFree:         1138640 kB
MemAvailable:    1495536 kB
Buffers:           52688 kB
Cached:           417132 kB
MemTotal:        1844596 kB
MemFree:         1138640 kB
MemAvailable:    1495536 kB
Buffers:           52688 kB
Cached:           417132 kB
MemTotal:        1844596 kB
MemFree:         1138516 kB
MemAvailable:    1495496 kB
Buffers:           52688 kB
Cached:           417256 kB
MemTotal:        1844596 kB
MemFree:         1138740 kB
MemAvailable:    1495720 kB
Buffers:           52688 kB
Cached:           417256 kB
MemTotal:        1844596 kB
MemFree:         1138712 kB
MemAvailable:    1495692 kB
Buffers:           52688 kB
Cached:           417256 kB
MemTotal:        1844596 kB
MemFree:         1138148 kB
MemAvailable:    1495212 kB
Buffers:           52688 kB
Cached:           417256 kB
MemTotal:        1844596 kB
MemFree:         1138588 kB
MemAvailable:    1495652 kB
Buffers:           52688 kB
Cached:           417380 kB
MemTotal:        1844596 kB
MemFree:         1138092 kB
MemAvailable:    1495156 kB
Buffers:           52688 kB
Cached:           417380 kB
MemTotal:        1844596 kB
MemFree:         1138512 kB
MemAvailable:    1495576 kB
Buffers:           52688 kB
Cached:           417380 kB
MemTotal:        1844596 kB
MemFree:         1138524 kB
MemAvailable:    1495588 kB
Buffers:           52688 kB
Cached:           417380 kB
MemTotal:        1844596 kB
MemFree:         1137788 kB
MemAvailable:    1494180 kB
Buffers:           52688 kB
Cached:           416748 kB
MemTotal:        1844596 kB
MemFree:         1207120 kB
MemAvailable:    1563512 kB
Buffers:           52688 kB
Cached:           416748 kB
