MemTotal:        1844596 kB
MemFree:         1278056 kB
MemAvailable:    1569728 kB
Buffers:           44632 kB
Cached:           364912 kB
MemTotal:        1844596 kB
MemFree:         1250604 kB
MemAvailable:    1542280 kB
Buffers:           44632 kB
Cached:           364916 kB
MemTotal:        1844596 kB
MemFree:         1249304 kB
MemAvailable:    1540980 kB
Buffers:           44632 kB
Cached:           364916 kB
MemTotal:        1844596 kB
MemFree:         1247584 kB
MemAvailable:    1539260 kB
Buffers:           44632 kB
Cached:           364916 kB
MemTotal:        1844596 kB
MemFree:         1245716 kB
MemAvailable:    1537392 kB
Buffers:           44632 kB
Cached:           364916 kB
MemTotal:        1844596 kB
MemFree:         1245668 kB
MemAvailable:    1537344 kB
Buffers:           44632 kB
Cached:           364916 kB
MemTotal:        1844596 kB
MemFree:         1245496 kB
MemAvailable:    1537172 kB
Buffers:           44632 kB
Cached:           364916 kB
MemTotal:        1844596 kB
MemFree:         1242252 kB
MemAvailable:    1533928 kB
Buffers:           44632 kB
Cached:           364916 kB
MemTotal:        1844596 kB
MemFree:         1240268 kB
MemAvailable:    1531944 kB
Buffers:           44632 kB
Cached:           364916 kB
MemTotal:        1844596 kB
MemFree:         1235664 kB
MemAvailable:    1527340 kB
Buffers:           44632 kB
Cached:           364916 kB
MemTotal:        1844596 kB
MemFree:         1237540 kB
MemAvailable:    1529216 kB
Buffers:           44632 kB
Cached:           364916 kB
MemTotal:        1844596 kB
MemFree:         1237276 kB
MemAvailable:    1528952 kB
Buffers:           44632 kB
Cached:           364916 kB
MemTotal:        1844596 kB
MemFree:         1235864 kB
MemAvailable:    1527540 kB
Buffers:           44632 kB
Cached:           364916 kB
MemTotal:        1844596 kB
MemFree:         1237140 kB
MemAvailable:    1528816 kB
Buffers:           44632 kB
Cached:           364916 kB
MemTotal:        1844596 kB
MemFree:         1236224 kB
MemAvailable:    1527900 kB
Buffers:           44632 kB
Cached:           364916 kB
MemTotal:        1844596 kB
MemFree:         1236952 kB
MemAvailable:    1528628 kB
Buffers:           44632 kB
Cached:           364916 kB
MemTotal:        1844596 kB
MemFree:         1235928 kB
MemAvailable:    1527604 kB
Buffers:           44632 kB
Cached:           364916 kB
MemTotal:        1844596 kB
MemFree:         1235168 kB
MemAvailable:    1526844 kB
Buffers:           44632 kB
Cached:           364916 kB
MemTotal:        1844596 kB
MemFree:         1235060 kB
MemAvailable:    1526736 kB
Buffers:           44632 kB
Cached:           364916 kB
MemTotal:        1844596 kB
MemFree:         1234872 kB
MemAvailable:    1526548 kB
Buffers:           44632 kB
Cached:           364916 kB
MemTotal:        1844596 kB
MemFree:         1233392 kB
MemAvailable:    1525068 kB
Buffers:           44632 kB
Cached:           364916 kB
MemTotal:        1844596 kB
MemFree:         1234676 kB
MemAvailable:    1526352 kB
Buffers:           44632 kB
Cached:           364916 kB
MemTotal:        1844596 kB
MemFree:         1233552 kB
MemAvailable:    1525228 kB
Buffers:           44632 kB
Cached:           364916 kB
MemTotal:        1844596 kB
MemFree:         1234688 kB
MemAvailable:    1526364 kB
Buffers:           44632 kB
Cached:           364916 kB
MemTotal:        1844596 kB
MemFree:         1234724 kB
MemAvailable:    1526400 kB
Buffers:           44632 kB
Cached:           364916 kB
MemTotal:        1844596 kB
MemFree:         1234844 kB
MemAvailable:    1526520 kB
Buffers:           44632 kB
Cached:           364916 kB
MemTotal:        1844596 kB
MemFree:         1236052 kB
MemAvailable:    1527728 kB
Buffers:           44632 kB
Cached:           364916 kB
MemTotal:        1844596 kB
MemFree:         1234756 kB
MemAvailable:    1526432 kB
Buffers:           44632 kB
Cached:           364916 kB
MemTotal:        1844596 kB
MemFree:         1233316 kB
MemAvailable:    1524992 kB
Buffers:           44632 kB
Cached:           364916 kB
MemTotal:        1844596 kB
MemFree:         1231464 kB
MemAvailable:    1523140 kB
Buffers:           44632 kB
Cached:           364916 kB
MemTotal:        1844596 kB
MemFree:         1230960 kB
MemAvailable:    1522636 kB
Buffers:           44632 kB
Cached:           364916 kB
MemTotal:        1844596 kB
MemFree:         1231588 kB
MemAvailable:    1523264 kB
Buffers:           44632 kB
Cached:           364916 kB
MemTotal:        1844596 kB
MemFree:         1231580 kB
MemAvailable:    1523256 kB
Buffers:           44632 kB
Cached:           364916 kB
MemTotal:        1844596 kB
MemFree:         1229596 kB
MemAvailable:    1521272 kB
Buffers:           44632 kB
Cached:           364916 kB
MemTotal:        1844596 kB
MemFree:         1230656 kB
MemAvailable:    1522332 kB
Buffers:           44632 kB
Cached:           364916 kB
MemTotal:        1844596 kB
MemFree:         1230524 kB
MemAvailable:    1522200 kB
Buffers:           44632 kB
Cached:           364916 kB
MemTotal:        1844596 kB
MemFree:         1229300 kB
MemAvailable:    1520976 kB
Buffers:           44632 kB
Cached:           364916 kB
MemTotal:        1844596 kB
MemFree:         1230444 kB
MemAvailable:    1522120 kB
Buffers:           44632 kB
Cached:           364916 kB
MemTotal:        1844596 kB
MemFree:         1229852 kB
MemAvailable:    1521528 kB
Buffers:           44632 kB
Cached:           364916 kB
MemTotal:        1844596 kB
MemFree:         1230192 kB
MemAvailable:    1521868 kB
Buffers:           44632 kB
Cached:           364916 kB
MemTotal:        1844596 kB
MemFree:         1229728 kB
MemAvailable:    1521404 kB
Buffers:           44632 kB
Cached:           364916 kB
MemTotal:        1844596 kB
MemFree:         1229712 kB
MemAvailable:    1521388 kB
Buffers:           44632 kB
Cached:           364916 kB
MemTotal:        1844596 kB
MemFree:         1229796 kB
MemAvailable:    1521472 kB
Buffers:           44632 kB
Cached:           364916 kB
MemTotal:        1844596 kB
MemFree:         1228052 kB
MemAvailable:    1519728 kB
Buffers:           44632 kB
Cached:           364916 kB
MemTotal:        1844596 kB
MemFree:         1228184 kB
MemAvailable:    1519860 kB
Buffers:           44632 kB
Cached:           364916 kB
MemTotal:        1844596 kB
MemFree:         1228308 kB
MemAvailable:    1519984 kB
Buffers:           44632 kB
Cached:           364916 kB
MemTotal:        1844596 kB
MemFree:         1228220 kB
MemAvailable:    1519896 kB
Buffers:           44632 kB
Cached:           364916 kB
MemTotal:        1844596 kB
MemFree:         1228340 kB
MemAvailable:    1520016 kB
Buffers:           44632 kB
Cached:           364916 kB
MemTotal:        1844596 kB
MemFree:         1228168 kB
MemAvailable:    1519844 kB
Buffers:           44632 kB
Cached:           364916 kB
MemTotal:        1844596 kB
MemFree:         1229612 kB
MemAvailable:    1521288 kB
Buffers:           44632 kB
Cached:           364916 kB
MemTotal:        1844596 kB
MemFree:         1229564 kB
MemAvailable:    1521240 kB
Buffers:           44632 kB
Cached:           364916 kB
MemTotal:        1844596 kB
MemFree:         1229604 kB
MemAvailable:    1521280 kB
Buffers:           44632 kB
Cached:           364916 kB
MemTotal:        1844596 kB
MemFree:         1227992 kB
MemAvailable:    1519668 kB
Buffers:           44632 kB
Cached:           364916 kB
MemTotal:        1844596 kB
MemFree:         1227860 kB
MemAvailable:    1519536 kB
Buffers:           44632 kB
Cached:           364916 kB
MemTotal:        1844596 kB
MemFree:         1227852 kB
MemAvailable:    1519528 kB
Buffers:           44632 kB
Cached:           364916 kB
MemTotal:        1844596 kB
MemFree:         1227604 kB
MemAvailable:    1519280 kB
Buffers:           44632 kB
Cached:           364916 kB
MemTotal:        1844596 kB
MemFree:         1227372 kB
MemAvailable:    1519048 kB
Buffers:           44632 kB
Cached:           364916 kB
MemTotal:        1844596 kB
MemFree:         1227372 kB
MemAvailable:    1519052 kB
Buffers:           44632 kB
Cached:           364920 kB
MemTotal:        1844596 kB
MemFree:         1228744 kB
MemAvailable:    1520424 kB
Buffers:           44632 kB
Cached:           364920 kB
MemTotal:        1844596 kB
MemFree:         1228656 kB
MemAvailable:    1520336 kB
Buffers:           44632 kB
Cached:           364920 kB
MemTotal:        1844596 kB
MemFree:         1227368 kB
MemAvailable:    1519048 kB
Buffers:           44632 kB
Cached:           364920 kB
MemTotal:        1844596 kB
MemFree:         1227368 kB
MemAvailable:    1519048 kB
Buffers:           44640 kB
Cached:           364912 kB
MemTotal:        1844596 kB
MemFree:         1227492 kB
MemAvailable:    1519172 kB
Buffers:           44640 kB
Cached:           364912 kB
MemTotal:        1844596 kB
MemFree:         1227616 kB
MemAvailable:    1519296 kB
Buffers:           44640 kB
Cached:           364912 kB
MemTotal:        1844596 kB
MemFree:         1226008 kB
MemAvailable:    1517688 kB
Buffers:           44640 kB
Cached:           364912 kB
MemTotal:        1844596 kB
MemFree:         1224216 kB
MemAvailable:    1515896 kB
Buffers:           44640 kB
Cached:           364912 kB
MemTotal:        1844596 kB
MemFree:         1224100 kB
MemAvailable:    1515780 kB
Buffers:           44640 kB
Cached:           364912 kB
MemTotal:        1844596 kB
MemFree:         1221116 kB
MemAvailable:    1512796 kB
Buffers:           44640 kB
Cached:           364912 kB
MemTotal:        1844596 kB
MemFree:         1221008 kB
MemAvailable:    1512688 kB
Buffers:           44640 kB
Cached:           364912 kB
MemTotal:        1844596 kB
MemFree:         1220488 kB
MemAvailable:    1512168 kB
Buffers:           44640 kB
Cached:           364912 kB
MemTotal:        1844596 kB
MemFree:         1220740 kB
MemAvailable:    1512420 kB
Buffers:           44640 kB
Cached:           364912 kB
MemTotal:        1844596 kB
MemFree:         1219120 kB
MemAvailable:    1510800 kB
Buffers:           44640 kB
Cached:           364912 kB
MemTotal:        1844596 kB
MemFree:         1220720 kB
MemAvailable:    1512400 kB
Buffers:           44640 kB
Cached:           364912 kB
MemTotal:        1844596 kB
MemFree:         1219288 kB
MemAvailable:    1510968 kB
Buffers:           44640 kB
Cached:           364912 kB
MemTotal:        1844596 kB
MemFree:         1219660 kB
MemAvailable:    1511340 kB
Buffers:           44640 kB
Cached:           364912 kB
MemTotal:        1844596 kB
MemFree:         1220596 kB
MemAvailable:    1512276 kB
Buffers:           44640 kB
Cached:           364912 kB
MemTotal:        1844596 kB
MemFree:         1220560 kB
MemAvailable:    1512240 kB
Buffers:           44640 kB
Cached:           364912 kB
MemTotal:        1844596 kB
MemFree:         1220488 kB
MemAvailable:    1512168 kB
Buffers:           44640 kB
Cached:           364912 kB
MemTotal:        1844596 kB
MemFree:         1220176 kB
MemAvailable:    1511856 kB
Buffers:           44640 kB
Cached:           364912 kB
MemTotal:        1844596 kB
MemFree:         1220536 kB
MemAvailable:    1512216 kB
Buffers:           44640 kB
Cached:           364912 kB
MemTotal:        1844596 kB
MemFree:         1220624 kB
MemAvailable:    1512304 kB
Buffers:           44640 kB
Cached:           364912 kB
MemTotal:        1844596 kB
MemFree:         1220116 kB
MemAvailable:    1511796 kB
Buffers:           44640 kB
Cached:           364912 kB
MemTotal:        1844596 kB
MemFree:         1218328 kB
MemAvailable:    1510008 kB
Buffers:           44640 kB
Cached:           364912 kB
MemTotal:        1844596 kB
MemFree:         1219124 kB
MemAvailable:    1510804 kB
Buffers:           44640 kB
Cached:           364912 kB
MemTotal:        1844596 kB
MemFree:         1217824 kB
MemAvailable:    1509504 kB
Buffers:           44640 kB
Cached:           364912 kB
MemTotal:        1844596 kB
MemFree:         1218072 kB
MemAvailable:    1509628 kB
Buffers:           44640 kB
Cached:           364912 kB
MemTotal:        1844596 kB
MemFree:         1217956 kB
MemAvailable:    1509636 kB
Buffers:           44640 kB
Cached:           364912 kB
MemTotal:        1844596 kB
MemFree:         1217928 kB
MemAvailable:    1509608 kB
Buffers:           44640 kB
Cached:           364912 kB
MemTotal:        1844596 kB
MemFree:         1217712 kB
MemAvailable:    1509392 kB
Buffers:           44640 kB
Cached:           364912 kB
MemTotal:        1844596 kB
MemFree:         1215840 kB
MemAvailable:    1507520 kB
Buffers:           44640 kB
Cached:           364912 kB
MemTotal:        1844596 kB
MemFree:         1215832 kB
MemAvailable:    1507512 kB
Buffers:           44640 kB
Cached:           364912 kB
MemTotal:        1844596 kB
MemFree:         1217140 kB
MemAvailable:    1508820 kB
Buffers:           44640 kB
Cached:           364912 kB
MemTotal:        1844596 kB
MemFree:         1215600 kB
MemAvailable:    1507280 kB
Buffers:           44640 kB
Cached:           364912 kB
MemTotal:        1844596 kB
MemFree:         1216720 kB
MemAvailable:    1508400 kB
Buffers:           44640 kB
Cached:           364912 kB
MemTotal:        1844596 kB
MemFree:         1216912 kB
MemAvailable:    1508592 kB
Buffers:           44640 kB
Cached:           364912 kB
MemTotal:        1844596 kB
MemFree:         1215408 kB
MemAvailable:    1507088 kB
Buffers:           44640 kB
Cached:           364912 kB
MemTotal:        1844596 kB
MemFree:         1216944 kB
MemAvailable:    1508624 kB
Buffers:           44640 kB
Cached:           364912 kB
MemTotal:        1844596 kB
MemFree:         1216748 kB
MemAvailable:    1508428 kB
Buffers:           44640 kB
Cached:           364912 kB
MemTotal:        1844596 kB
MemFree:         1216700 kB
MemAvailable:    1508380 kB
Buffers:           44640 kB
Cached:           364912 kB
MemTotal:        1844596 kB
MemFree:         1216344 kB
MemAvailable:    1508024 kB
Buffers:           44640 kB
Cached:           364912 kB
MemTotal:        1844596 kB
MemFree:         1215344 kB
MemAvailable:    1507024 kB
Buffers:           44640 kB
Cached:           364912 kB
MemTotal:        1844596 kB
MemFree:         1212932 kB
MemAvailable:    1504612 kB
Buffers:           44640 kB
Cached:           364912 kB
MemTotal:        1844596 kB
MemFree:         1212376 kB
MemAvailable:    1504056 kB
Buffers:           44640 kB
Cached:           364912 kB
MemTotal:        1844596 kB
MemFree:         1208756 kB
MemAvailable:    1500436 kB
Buffers:           44640 kB
Cached:           364912 kB
MemTotal:        1844596 kB
MemFree:         1208840 kB
MemAvailable:    1500520 kB
Buffers:           44640 kB
Cached:           364912 kB
MemTotal:        1844596 kB
MemFree:         1207396 kB
MemAvailable:    1499076 kB
Buffers:           44640 kB
Cached:           364912 kB
MemTotal:        1844596 kB
MemFree:         1209080 kB
MemAvailable:    1500760 kB
Buffers:           44640 kB
Cached:           364912 kB
MemTotal:        1844596 kB
MemFree:         1208948 kB
MemAvailable:    1500628 kB
Buffers:           44640 kB
Cached:           364912 kB
MemTotal:        1844596 kB
MemFree:         1209492 kB
MemAvailable:    1501172 kB
Buffers:           44640 kB
Cached:           364912 kB
MemTotal:        1844596 kB
MemFree:         1210640 kB
MemAvailable:    1502404 kB
Buffers:           44640 kB
Cached:           365036 kB
MemTotal:        1844596 kB
MemFree:         1210444 kB
MemAvailable:    1502292 kB
Buffers:           44640 kB
Cached:           365160 kB
MemTotal:        1844596 kB
MemFree:         1210384 kB
MemAvailable:    1502316 kB
Buffers:           44640 kB
Cached:           365284 kB
MemTotal:        1844596 kB
MemFree:         1208896 kB
MemAvailable:    1500996 kB
Buffers:           44640 kB
Cached:           365408 kB
MemTotal:        1844596 kB
MemFree:         1208780 kB
MemAvailable:    1501048 kB
Buffers:           44640 kB
Cached:           365532 kB
MemTotal:        1844596 kB
MemFree:         1209640 kB
MemAvailable:    1501992 kB
Buffers:           44640 kB
Cached:           365656 kB
MemTotal:        1844596 kB
MemFree:         1209584 kB
MemAvailable:    1501936 kB
Buffers:           44640 kB
Cached:           365656 kB
MemTotal:        1844596 kB
MemFree:         1209836 kB
MemAvailable:    1502188 kB
Buffers:           44640 kB
Cached:           365656 kB
MemTotal:        1844596 kB
MemFree:         1209508 kB
MemAvailable:    1501860 kB
Buffers:           44640 kB
Cached:           365656 kB
MemTotal:        1844596 kB
MemFree:         1208392 kB
MemAvailable:    1500744 kB
Buffers:           44640 kB
Cached:           365656 kB
MemTotal:        1844596 kB
MemFree:         1209452 kB
MemAvailable:    1501804 kB
Buffers:           44640 kB
Cached:           365656 kB
MemTotal:        1844596 kB
MemFree:         1209704 kB
MemAvailable:    1502056 kB
Buffers:           44640 kB
Cached:           365656 kB
MemTotal:        1844596 kB
MemFree:         1210080 kB
MemAvailable:    1501812 kB
Buffers:           44640 kB
Cached:           365004 kB
MemTotal:        1844596 kB
MemFree:         1210080 kB
MemAvailable:    1501812 kB
Buffers:           44640 kB
Cached:           365004 kB
MemTotal:        1844596 kB
MemFree:         1276552 kB
MemAvailable:    1568284 kB
Buffers:           44640 kB
Cached:           365004 kB
