MemTotal:        1844596 kB
MemFree:         1144392 kB
MemAvailable:    1560436 kB
Buffers:           59276 kB
Cached:           465068 kB
MemTotal:        1844596 kB
MemFree:         1116360 kB
MemAvailable:    1532412 kB
Buffers:           59276 kB
Cached:           465072 kB
MemTotal:        1844596 kB
MemFree:         1114376 kB
MemAvailable:    1530428 kB
Buffers:           59276 kB
Cached:           465072 kB
MemTotal:        1844596 kB
MemFree:         1114740 kB
MemAvailable:    1530792 kB
Buffers:           59276 kB
Cached:           465072 kB
MemTotal:        1844596 kB
MemFree:         1112144 kB
MemAvailable:    1528196 kB
Buffers:           59276 kB
Cached:           465072 kB
MemTotal:        1844596 kB
MemFree:         1112136 kB
MemAvailable:    1528188 kB
Buffers:           59276 kB
Cached:           465072 kB
MemTotal:        1844596 kB
MemFree:         1111584 kB
MemAvailable:    1527636 kB
Buffers:           59276 kB
Cached:           465072 kB
MemTotal:        1844596 kB
MemFree:         1108672 kB
MemAvailable:    1524724 kB
Buffers:           59276 kB
Cached:           465072 kB
MemTotal:        1844596 kB
MemFree:         1105508 kB
MemAvailable:    1521560 kB
Buffers:           59276 kB
Cached:           465072 kB
MemTotal:        1844596 kB
MemFree:         1101108 kB
MemAvailable:    1517160 kB
Buffers:           59276 kB
Cached:           465072 kB
MemTotal:        1844596 kB
MemFree:         1103632 kB
MemAvailable:    1519684 kB
Buffers:           59276 kB
Cached:           465072 kB
MemTotal:        1844596 kB
MemFree:         1103712 kB
MemAvailable:    1519764 kB
Buffers:           59276 kB
Cached:           465072 kB
MemTotal:        1844596 kB
MemFree:         1103548 kB
MemAvailable:    1519600 kB
Buffers:           59276 kB
Cached:           465072 kB
MemTotal:        1844596 kB
MemFree:         1102176 kB
MemAvailable:    1518228 kB
Buffers:           59276 kB
Cached:           465072 kB
MemTotal:        1844596 kB
MemFree:         1103476 kB
MemAvailable:    1519528 kB
Buffers:           59276 kB
Cached:           465072 kB
MemTotal:        1844596 kB
MemFree:         1102300 kB
MemAvailable:    1518352 kB
Buffers:           59276 kB
Cached:           465072 kB
MemTotal:        1844596 kB
MemFree:         1101976 kB
MemAvailable:    1518028 kB
Buffers:           59276 kB
Cached:           465072 kB
MemTotal:        1844596 kB
MemFree:         1101960 kB
MemAvailable:    1518012 kB
Buffers:           59276 kB
Cached:           465072 kB
MemTotal:        1844596 kB
MemFree:         1100356 kB
MemAvailable:    1516408 kB
Buffers:           59276 kB
Cached:           465072 kB
MemTotal:        1844596 kB
MemFree:         1101316 kB
MemAvailable:    1517368 kB
Buffers:           59276 kB
Cached:           465072 kB
MemTotal:        1844596 kB
MemFree:         1100496 kB
MemAvailable:    1516548 kB
Buffers:           59276 kB
Cached:           465072 kB
MemTotal:        1844596 kB
MemFree:         1100996 kB
MemAvailable:    1517048 kB
Buffers:           59276 kB
Cached:           465072 kB
MemTotal:        1844596 kB
MemFree:         1099816 kB
MemAvailable:    1515868 kB
Buffers:           59276 kB
Cached:           465072 kB
MemTotal:        1844596 kB
MemFree:         1099728 kB
MemAvailable:    1515780 kB
Buffers:           59276 kB
Cached:           465072 kB
MemTotal:        1844596 kB
MemFree:         1100780 kB
MemAvailable:    1516832 kB
Buffers:           59276 kB
Cached:           465072 kB
MemTotal:        1844596 kB
MemFree:         1101032 kB
MemAvailable:    1517084 kB
Buffers:           59276 kB
Cached:           465072 kB
MemTotal:        1844596 kB
MemFree:         1102432 kB
MemAvailable:    1518484 kB
Buffers:           59276 kB
Cached:           465072 kB
MemTotal:        1844596 kB
MemFree:         1101108 kB
MemAvailable:    1517160 kB
Buffers:           59276 kB
Cached:           465072 kB
MemTotal:        1844596 kB
MemFree:         1099828 kB
MemAvailable:    1515880 kB
Buffers:           59276 kB
Cached:           465072 kB
MemTotal:        1844596 kB
MemFree:         1099604 kB
MemAvailable:    1515656 kB
Buffers:           59276 kB
Cached:           465072 kB
MemTotal:        1844596 kB
MemFree:         1098464 kB
MemAvailable:    1514516 kB
Buffers:           59276 kB
Cached:           465072 kB
MemTotal:        1844596 kB
MemFree:         1097744 kB
MemAvailable:    1513796 kB
Buffers:           59276 kB
Cached:           465072 kB
MemTotal:        1844596 kB
MemFree:         1097264 kB
MemAvailable:    1513316 kB
Buffers:           59276 kB
Cached:           465072 kB
MemTotal:        1844596 kB
MemFree:         1097324 kB
MemAvailable:    1513376 kB
Buffers:           59276 kB
Cached:           465072 kB
MemTotal:        1844596 kB
MemFree:         1096876 kB
MemAvailable:    1512928 kB
Buffers:           59276 kB
Cached:           465072 kB
MemTotal:        1844596 kB
MemFree:         1096960 kB
MemAvailable:    1513012 kB
Buffers:           59276 kB
Cached:           465072 kB
MemTotal:        1844596 kB
MemFree:         1096828 kB
MemAvailable:    1512880 kB
Buffers:           59276 kB
Cached:           465072 kB
MemTotal:        1844596 kB
MemFree:         1096520 kB
MemAvailable:    1512572 kB
Buffers:           59276 kB
Cached:           465072 kB
MemTotal:        1844596 kB
MemFree:         1096864 kB
MemAvailable:    1512916 kB
Buffers:           59276 kB
Cached:           465072 kB
MemTotal:        1844596 kB
MemFree:         1096892 kB
MemAvailable:    1512944 kB
Buffers:           59276 kB
Cached:           465072 kB
MemTotal:        1844596 kB
MemFree:         1096620 kB
MemAvailable:    1512672 kB
Buffers:           59276 kB
Cached:           465072 kB
MemTotal:        1844596 kB
MemFree:         1096876 kB
MemAvailable:    1512928 kB
Buffers:           59276 kB
Cached:           465072 kB
MemTotal:        1844596 kB
MemFree:         1094776 kB
MemAvailable:    1510828 kB
Buffers:           59276 kB
Cached:           465072 kB
MemTotal:        1844596 kB
MemFree:         1094520 kB
MemAvailable:    1510572 kB
Buffers:           59276 kB
Cached:           465072 kB
MemTotal:        1844596 kB
MemFree:         1094596 kB
MemAvailable:    1510648 kB
Buffers:           59276 kB
Cached:           465072 kB
MemTotal:        1844596 kB
MemFree:         1095844 kB
MemAvailable:    1511896 kB
Buffers:           59276 kB
Cached:           465072 kB
MemTotal:        1844596 kB
MemFree:         1095940 kB
MemAvailable:    1511992 kB
Buffers:           59276 kB
Cached:           465072 kB
MemTotal:        1844596 kB
MemFree:         1094592 kB
MemAvailable:    1510644 kB
Buffers:           59276 kB
Cached:           465072 kB
MemTotal:        1844596 kB
MemFree:         1095760 kB
MemAvailable:    1511812 kB
Buffers:           59276 kB
Cached:           465072 kB
MemTotal:        1844596 kB
MemFree:         1094752 kB
MemAvailable:    1510804 kB
Buffers:           59276 kB
Cached:           465072 kB
MemTotal:        1844596 kB
MemFree:         1094628 kB
MemAvailable:    1510680 kB
Buffers:           59276 kB
Cached:           465072 kB
MemTotal:        1844596 kB
MemFree:         1094448 kB
MemAvailable:    1510500 kB
Buffers:           59276 kB
Cached:           465072 kB
MemTotal:        1844596 kB
MemFree:         1095024 kB
MemAvailable:    1511076 kB
Buffers:           59276 kB
Cached:           465072 kB
MemTotal:        1844596 kB
MemFree:         1095376 kB
MemAvailable:    1511428 kB
Buffers:           59276 kB
Cached:           465072 kB
MemTotal:        1844596 kB
MemFree:         1095528 kB
MemAvailable:    1511580 kB
Buffers:           59276 kB
Cached:           465072 kB
MemTotal:        1844596 kB
MemFree:         1095076 kB
MemAvailable:    1511128 kB
Buffers:           59276 kB
Cached:           465072 kB
MemTotal:        1844596 kB
MemFree:         1094992 kB
MemAvailable:    1511044 kB
Buffers:           59276 kB
Cached:           465072 kB
MemTotal:        1844596 kB
MemFree:         1094820 kB
MemAvailable:    1510872 kB
Buffers:           59276 kB
Cached:           465072 kB
MemTotal:        1844596 kB
MemFree:         1095156 kB
MemAvailable:    1511208 kB
Buffers:           59276 kB
Cached:           465072 kB
MemTotal:        1844596 kB
MemFree:         1095036 kB
MemAvailable:    1511096 kB
Buffers:           59276 kB
Cached:           465080 kB
MemTotal:        1844596 kB
MemFree:         1094988 kB
MemAvailable:    1511048 kB
Buffers:           59276 kB
Cached:           465080 kB
MemTotal:        1844596 kB
MemFree:         1093652 kB
MemAvailable:    1509712 kB
Buffers:           59276 kB
Cached:           465080 kB
MemTotal:        1844596 kB
MemFree:         1094900 kB
MemAvailable:    1510960 kB
Buffers:           59276 kB
Cached:           465080 kB
MemTotal:        1844596 kB
MemFree:         1095012 kB
MemAvailable:    1511072 kB
Buffers:           59276 kB
Cached:           465080 kB
MemTotal:        1844596 kB
MemFree:         1094856 kB
MemAvailable:    1510916 kB
Buffers:           59276 kB
Cached:           465080 kB
MemTotal:        1844596 kB
MemFree:         1093652 kB
MemAvailable:    1509712 kB
Buffers:           59276 kB
Cached:           465080 kB
MemTotal:        1844596 kB
MemFree:         1092668 kB
MemAvailable:    1508728 kB
Buffers:           59276 kB
Cached:           465080 kB
MemTotal:        1844596 kB
MemFree:         1091056 kB
MemAvailable:    1507116 kB
Buffers:           59276 kB
Cached:           465080 kB
MemTotal:        1844596 kB
MemFree:         1089196 kB
MemAvailable:    1505256 kB
Buffers:           59276 kB
Cached:           465080 kB
MemTotal:        1844596 kB
MemFree:         1087344 kB
MemAvailable:    1503404 kB
Buffers:           59276 kB
Cached:           465080 kB
MemTotal:        1844596 kB
MemFree:         1087460 kB
MemAvailable:    1503520 kB
Buffers:           59276 kB
Cached:           465080 kB
MemTotal:        1844596 kB
MemFree:         1087032 kB
MemAvailable:    1503092 kB
Buffers:           59276 kB
Cached:           465080 kB
MemTotal:        1844596 kB
MemFree:         1087180 kB
MemAvailable:    1503240 kB
Buffers:           59276 kB
Cached:           465080 kB
MemTotal:        1844596 kB
MemFree:         1086984 kB
MemAvailable:    1503044 kB
Buffers:           59276 kB
Cached:           465080 kB
MemTotal:        1844596 kB
MemFree:         1087104 kB
MemAvailable:    1503164 kB
Buffers:           59276 kB
Cached:           465080 kB
MemTotal:        1844596 kB
MemFree:         1085544 kB
MemAvailable:    1501604 kB
Buffers:           59276 kB
Cached:           465080 kB
MemTotal:        1844596 kB
MemFree:         1086908 kB
MemAvailable:    1502968 kB
Buffers:           59276 kB
Cached:           465080 kB
MemTotal:        1844596 kB
MemFree:         1085792 kB
MemAvailable:    1501852 kB
Buffers:           59276 kB
Cached:           465080 kB
MemTotal:        1844596 kB
MemFree:         1085792 kB
MemAvailable:    1501852 kB
Buffers:           59276 kB
Cached:           465080 kB
MemTotal:        1844596 kB
MemFree:         1085660 kB
MemAvailable:    1501720 kB
Buffers:           59276 kB
Cached:           465080 kB
MemTotal:        1844596 kB
MemFree:         1087192 kB
MemAvailable:    1503252 kB
Buffers:           59276 kB
Cached:           465080 kB
MemTotal:        1844596 kB
MemFree:         1087064 kB
MemAvailable:    1503124 kB
Buffers:           59276 kB
Cached:           465080 kB
MemTotal:        1844596 kB
MemFree:         1086460 kB
MemAvailable:    1502520 kB
Buffers:           59276 kB
Cached:           465080 kB
MemTotal:        1844596 kB
MemFree:         1085856 kB
MemAvailable:    1501916 kB
Buffers:           59276 kB
Cached:           465080 kB
MemTotal:        1844596 kB
MemFree:         1085048 kB
MemAvailable:    1501108 kB
Buffers:           59276 kB
Cached:           465080 kB
MemTotal:        1844596 kB
MemFree:         1086188 kB
MemAvailable:    1502248 kB
Buffers:           59276 kB
Cached:           465080 kB
MemTotal:        1844596 kB
MemFree:         1084360 kB
MemAvailable:    1500420 kB
Buffers:           59276 kB
Cached:           465080 kB
MemTotal:        1844596 kB
MemFree:         1084244 kB
MemAvailable:    1500304 kB
Buffers:           59276 kB
Cached:           465080 kB
MemTotal:        1844596 kB
MemFree:         1084120 kB
MemAvailable:    1500180 kB
Buffers:           59276 kB
Cached:           465080 kB
MemTotal:        1844596 kB
MemFree:         1083004 kB
MemAvailable:    1499064 kB
Buffers:           59276 kB
Cached:           465080 kB
MemTotal:        1844596 kB
MemFree:         1084304 kB
MemAvailable:    1500364 kB
Buffers:           59276 kB
Cached:           465080 kB
MemTotal:        1844596 kB
MemFree:         1082384 kB
MemAvailable:    1498444 kB
Buffers:           59276 kB
Cached:           465080 kB
MemTotal:        1844596 kB
MemFree:         1083560 kB
MemAvailable:    1499620 kB
Buffers:           59276 kB
Cached:           465080 kB
MemTotal:        1844596 kB
MemFree:         1083228 kB
MemAvailable:    1499288 kB
Buffers:           59276 kB
Cached:           465080 kB
MemTotal:        1844596 kB
MemFree:         1082624 kB
MemAvailable:    1498684 kB
Buffers:           59276 kB
Cached:           465080 kB
MemTotal:        1844596 kB
MemFree:         1083000 kB
MemAvailable:    1499060 kB
Buffers:           59276 kB
Cached:           465080 kB
MemTotal:        1844596 kB
MemFree:         1081700 kB
MemAvailable:    1497760 kB
Buffers:           59276 kB
Cached:           465080 kB
MemTotal:        1844596 kB
MemFree:         1082968 kB
MemAvailable:    1499028 kB
Buffers:           59276 kB
Cached:           465080 kB
MemTotal:        1844596 kB
MemFree:         1082632 kB
MemAvailable:    1498692 kB
Buffers:           59276 kB
Cached:           465080 kB
MemTotal:        1844596 kB
MemFree:         1083176 kB
MemAvailable:    1499236 kB
Buffers:           59276 kB
Cached:           465080 kB
MemTotal:        1844596 kB
MemFree:         1081744 kB
MemAvailable:    1497804 kB
Buffers:           59276 kB
Cached:           465080 kB
MemTotal:        1844596 kB
MemFree:         1081828 kB
MemAvailable:    1497888 kB
Buffers:           59276 kB
Cached:           465080 kB
MemTotal:        1844596 kB
MemFree:         1082616 kB
MemAvailable:    1498676 kB
Buffers:           59276 kB
Cached:           465080 kB
MemTotal:        1844596 kB
MemFree:         1082516 kB
MemAvailable:    1498576 kB
Buffers:           59276 kB
Cached:           465080 kB
MemTotal:        1844596 kB
MemFree:         1076780 kB
MemAvailable:    1492840 kB
Buffers:           59276 kB
Cached:           465080 kB
MemTotal:        1844596 kB
MemFree:         1076300 kB
MemAvailable:    1492360 kB
Buffers:           59276 kB
Cached:           465080 kB
MemTotal:        1844596 kB
MemFree:         1075176 kB
MemAvailable:    1491236 kB
Buffers:           59276 kB
Cached:           465080 kB
MemTotal:        1844596 kB
MemFree:         1074572 kB
MemAvailable:    1490632 kB
Buffers:           59276 kB
Cached:           465080 kB
MemTotal:        1844596 kB
MemFree:         1073808 kB
MemAvailable:    1489868 kB
Buffers:           59276 kB
Cached:           465080 kB
MemTotal:        1844596 kB
MemFree:         1075364 kB
MemAvailable:    1491424 kB
Buffers:           59276 kB
Cached:           465080 kB
MemTotal:        1844596 kB
MemFree:         1073920 kB
MemAvailable:    1489980 kB
Buffers:           59276 kB
Cached:           465080 kB
MemTotal:        1844596 kB
MemFree:         1077204 kB
MemAvailable:    1493264 kB
Buffers:           59276 kB
Cached:           465080 kB
MemTotal:        1844596 kB
MemFree:         1076300 kB
MemAvailable:    1492360 kB
Buffers:           59276 kB
Cached:           465080 kB
MemTotal:        1844596 kB
MemFree:         1075292 kB
MemAvailable:    1491436 kB
Buffers:           59276 kB
Cached:           465204 kB
MemTotal:        1844596 kB
MemFree:         1075540 kB
MemAvailable:    1491768 kB
Buffers:           59276 kB
Cached:           465328 kB
MemTotal:        1844596 kB
MemFree:         1076368 kB
MemAvailable:    1492848 kB
Buffers:           59276 kB
Cached:           465452 kB
MemTotal:        1844596 kB
MemFree:         1076228 kB
MemAvailable:    1492792 kB
Buffers:           59276 kB
Cached:           465576 kB
MemTotal:        1844596 kB
MemFree:         1076176 kB
MemAvailable:    1492824 kB
Buffers:           59276 kB
Cached:           465700 kB
MemTotal:        1844596 kB
MemFree:         1075748 kB
MemAvailable:    1492480 kB
Buffers:           59276 kB
Cached:           465824 kB
MemTotal:        1844596 kB
MemFree:         1075068 kB
MemAvailable:    1491800 kB
Buffers:           59276 kB
Cached:           465824 kB
MemTotal:        1844596 kB
MemFree:         1074632 kB
MemAvailable:    1491364 kB
Buffers:           59276 kB
Cached:           465824 kB
MemTotal:        1844596 kB
MemFree:         1075756 kB
MemAvailable:    1492488 kB
Buffers:           59276 kB
Cached:           465824 kB
MemTotal:        1844596 kB
MemFree:         1075316 kB
MemAvailable:    1492048 kB
Buffers:           59276 kB
Cached:           465824 kB
MemTotal:        1844596 kB
MemFree:         1075944 kB
MemAvailable:    1492676 kB
Buffers:           59276 kB
Cached:           465824 kB
MemTotal:        1844596 kB
MemFree:         1075796 kB
MemAvailable:    1492528 kB
Buffers:           59276 kB
Cached:           465824 kB
MemTotal:        1844596 kB
MemFree:         1074424 kB
MemAvailable:    1491156 kB
Buffers:           59276 kB
Cached:           465824 kB
MemTotal:        1844596 kB
MemFree:         1131164 kB
MemAvailable:    1547232 kB
Buffers:           59276 kB
Cached:           465084 kB
MemTotal:        1844596 kB
MemFree:         1142840 kB
MemAvailable:    1558908 kB
Buffers:           59276 kB
Cached:           465084 kB
