MemTotal:        1844596 kB
MemFree:         1157020 kB
MemAvailable:    1561488 kB
Buffers:           58028 kB
Cached:           455636 kB
MemTotal:        1844596 kB
MemFree:         1130640 kB
MemAvailable:    1535116 kB
Buffers:           58028 kB
Cached:           455640 kB
MemTotal:        1844596 kB
MemFree:         1128028 kB
MemAvailable:    1532504 kB
Buffers:           58028 kB
Cached:           455640 kB
MemTotal:        1844596 kB
MemFree:         1127012 kB
MemAvailable:    1531488 kB
Buffers:           58028 kB
Cached:           455640 kB
MemTotal:        1844596 kB
MemFree:         1127096 kB
MemAvailable:    1531572 kB
Buffers:           58028 kB
Cached:           455640 kB
MemTotal:        1844596 kB
MemFree:         1124680 kB
MemAvailable:    1529156 kB
Buffers:           58028 kB
Cached:           455640 kB
MemTotal:        1844596 kB
MemFree:         1124112 kB
MemAvailable:    1528588 kB
Buffers:           58028 kB
Cached:           455640 kB
MemTotal:        1844596 kB
MemFree:         1122696 kB
MemAvailable:    1527172 kB
Buffers:           58028 kB
Cached:           455640 kB
MemTotal:        1844596 kB
MemFree:         1117976 kB
MemAvailable:    1522452 kB
Buffers:           58028 kB
Cached:           455640 kB
MemTotal:        1844596 kB
MemFree:         1115692 kB
MemAvailable:    1520168 kB
Buffers:           58028 kB
Cached:           455640 kB
MemTotal:        1844596 kB
MemFree:         1115944 kB
MemAvailable:    1520420 kB
Buffers:           58028 kB
Cached:           455640 kB
MemTotal:        1844596 kB
MemFree:         1114448 kB
MemAvailable:    1518924 kB
Buffers:           58028 kB
Cached:           455640 kB
MemTotal:        1844596 kB
MemFree:         1115924 kB
MemAvailable:    1520400 kB
Buffers:           58028 kB
Cached:           455640 kB
MemTotal:        1844596 kB
MemFree:         1114336 kB
MemAvailable:    1518812 kB
Buffers:           58028 kB
Cached:           455640 kB
MemTotal:        1844596 kB
MemFree:         1115636 kB
MemAvailable:    1520112 kB
Buffers:           58028 kB
Cached:           455640 kB
MemTotal:        1844596 kB
MemFree:         1115000 kB
MemAvailable:    1519476 kB
Buffers:           58028 kB
Cached:           455640 kB
MemTotal:        1844596 kB
MemFree:         1113704 kB
MemAvailable:    1518180 kB
Buffers:           58028 kB
Cached:           455640 kB
MemTotal:        1844596 kB
MemFree:         1113216 kB
MemAvailable:    1517692 kB
Buffers:           58028 kB
Cached:           455640 kB
MemTotal:        1844596 kB
MemFree:         1112404 kB
MemAvailable:    1516880 kB
Buffers:           58028 kB
Cached:           455640 kB
MemTotal:        1844596 kB
MemFree:         1111976 kB
MemAvailable:    1516452 kB
Buffers:           58028 kB
Cached:           455640 kB
MemTotal:        1844596 kB
MemFree:         1113384 kB
MemAvailable:    1517860 kB
Buffers:           58028 kB
Cached:           455640 kB
MemTotal:        1844596 kB
MemFree:         1112528 kB
MemAvailable:    1517004 kB
Buffers:           58028 kB
Cached:           455640 kB
MemTotal:        1844596 kB
MemFree:         1113244 kB
MemAvailable:    1517720 kB
Buffers:           58028 kB
Cached:           455640 kB
MemTotal:        1844596 kB
MemFree:         1113496 kB
MemAvailable:    1517972 kB
Buffers:           58028 kB
Cached:           455640 kB
MemTotal:        1844596 kB
MemFree:         1113192 kB
MemAvailable:    1517668 kB
Buffers:           58028 kB
Cached:           455640 kB
MemTotal:        1844596 kB
MemFree:         1111968 kB
MemAvailable:    1516444 kB
Buffers:           58028 kB
Cached:           455640 kB
MemTotal:        1844596 kB
MemFree:         1113312 kB
MemAvailable:    1517788 kB
Buffers:           58028 kB
Cached:           455640 kB
MemTotal:        1844596 kB
MemFree:         1113356 kB
MemAvailable:    1517832 kB
Buffers:           58028 kB
Cached:           455640 kB
MemTotal:        1844596 kB
MemFree:         1113148 kB
MemAvailable:    1517624 kB
Buffers:           58028 kB
Cached:           455640 kB
MemTotal:        1844596 kB
MemFree:         1111040 kB
MemAvailable:    1515516 kB
Buffers:           58028 kB
Cached:           455640 kB
MemTotal:        1844596 kB
MemFree:         1110852 kB
MemAvailable:    1515328 kB
Buffers:           58028 kB
Cached:           455640 kB
MemTotal:        1844596 kB
MemFree:         1109428 kB
MemAvailable:    1513904 kB
Buffers:           58028 kB
Cached:           455640 kB
MemTotal:        1844596 kB
MemFree:         1109280 kB
MemAvailable:    1513756 kB
Buffers:           58028 kB
Cached:           455640 kB
MemTotal:        1844596 kB
MemFree:         1108624 kB
MemAvailable:    1513100 kB
Buffers:           58028 kB
Cached:           455640 kB
MemTotal:        1844596 kB
MemFree:         1108356 kB
MemAvailable:    1512832 kB
Buffers:           58028 kB
Cached:           455640 kB
MemTotal:        1844596 kB
MemFree:         1109428 kB
MemAvailable:    1513904 kB
Buffers:           58028 kB
Cached:           455640 kB
MemTotal:        1844596 kB
MemFree:         1108048 kB
MemAvailable:    1512524 kB
Buffers:           58028 kB
Cached:           455640 kB
MemTotal:        1844596 kB
MemFree:         1108984 kB
MemAvailable:    1513460 kB
Buffers:           58028 kB
Cached:           455640 kB
MemTotal:        1844596 kB
MemFree:         1109056 kB
MemAvailable:    1513532 kB
Buffers:           58028 kB
Cached:           455640 kB
MemTotal:        1844596 kB
MemFree:         1108860 kB
MemAvailable:    1513336 kB
Buffers:           58028 kB
Cached:           455640 kB
MemTotal:        1844596 kB
MemFree:         1109196 kB
MemAvailable:    1513672 kB
Buffers:           58028 kB
Cached:           455640 kB
MemTotal:        1844596 kB
MemFree:         1107628 kB
MemAvailable:    1512104 kB
Buffers:           58028 kB
Cached:           455640 kB
MemTotal:        1844596 kB
MemFree:         1108296 kB
MemAvailable:    1512772 kB
Buffers:           58028 kB
Cached:           455640 kB
MemTotal:        1844596 kB
MemFree:         1107692 kB
MemAvailable:    1512168 kB
Buffers:           58028 kB
Cached:           455640 kB
MemTotal:        1844596 kB
MemFree:         1106644 kB
MemAvailable:    1511120 kB
Buffers:           58028 kB
Cached:           455640 kB
MemTotal:        1844596 kB
MemFree:         1106776 kB
MemAvailable:    1511252 kB
Buffers:           58028 kB
Cached:           455640 kB
MemTotal:        1844596 kB
MemFree:         1106776 kB
MemAvailable:    1511252 kB
Buffers:           58028 kB
Cached:           455640 kB
MemTotal:        1844596 kB
MemFree:         1106768 kB
MemAvailable:    1511244 kB
Buffers:           58028 kB
Cached:           455640 kB
MemTotal:        1844596 kB
MemFree:         1108076 kB
MemAvailable:    1512552 kB
Buffers:           58028 kB
Cached:           455640 kB
MemTotal:        1844596 kB
MemFree:         1108112 kB
MemAvailable:    1512588 kB
Buffers:           58028 kB
Cached:           455640 kB
MemTotal:        1844596 kB
MemFree:         1108168 kB
MemAvailable:    1512644 kB
Buffers:           58028 kB
Cached:           455640 kB
MemTotal:        1844596 kB
MemFree:         1106756 kB
MemAvailable:    1511232 kB
Buffers:           58028 kB
Cached:           455640 kB
MemTotal:        1844596 kB
MemFree:         1108064 kB
MemAvailable:    1512540 kB
Buffers:           58028 kB
Cached:           455640 kB
MemTotal:        1844596 kB
MemFree:         1106252 kB
MemAvailable:    1510728 kB
Buffers:           58028 kB
Cached:           455640 kB
MemTotal:        1844596 kB
MemFree:         1107652 kB
MemAvailable:    1512132 kB
Buffers:           58028 kB
Cached:           455644 kB
MemTotal:        1844596 kB
MemFree:         1106320 kB
MemAvailable:    1510800 kB
Buffers:           58028 kB
Cached:           455644 kB
MemTotal:        1844596 kB
MemFree:         1107444 kB
MemAvailable:    1511924 kB
Buffers:           58028 kB
Cached:           455644 kB
MemTotal:        1844596 kB
MemFree:         1106072 kB
MemAvailable:    1510552 kB
Buffers:           58028 kB
Cached:           455644 kB
MemTotal:        1844596 kB
MemFree:         1107108 kB
MemAvailable:    1511588 kB
Buffers:           58028 kB
Cached:           455644 kB
MemTotal:        1844596 kB
MemFree:         1107304 kB
MemAvailable:    1511784 kB
Buffers:           58028 kB
Cached:           455644 kB
MemTotal:        1844596 kB
MemFree:         1105824 kB
MemAvailable:    1510304 kB
Buffers:           58028 kB
Cached:           455644 kB
MemTotal:        1844596 kB
MemFree:         1105948 kB
MemAvailable:    1510428 kB
Buffers:           58028 kB
Cached:           455644 kB
MemTotal:        1844596 kB
MemFree:         1105916 kB
MemAvailable:    1510396 kB
Buffers:           58028 kB
Cached:           455644 kB
MemTotal:        1844596 kB
MemFree:         1107208 kB
MemAvailable:    1511688 kB
Buffers:           58028 kB
Cached:           455644 kB
MemTotal:        1844596 kB
MemFree:         1106444 kB
MemAvailable:    1510924 kB
Buffers:           58028 kB
Cached:           455644 kB
MemTotal:        1844596 kB
MemFree:         1106944 kB
MemAvailable:    1511424 kB
Buffers:           58028 kB
Cached:           455644 kB
MemTotal:        1844596 kB
MemFree:         1105892 kB
MemAvailable:    1510372 kB
Buffers:           58028 kB
Cached:           455644 kB
MemTotal:        1844596 kB
MemFree:         1104652 kB
MemAvailable:    1509132 kB
Buffers:           58028 kB
Cached:           455644 kB
MemTotal:        1844596 kB
MemFree:         1101244 kB
MemAvailable:    1505724 kB
Buffers:           58028 kB
Cached:           455644 kB
MemTotal:        1844596 kB
MemFree:         1098516 kB
MemAvailable:    1502996 kB
Buffers:           58028 kB
Cached:           455644 kB
MemTotal:        1844596 kB
MemFree:         1099368 kB
MemAvailable:    1503848 kB
Buffers:           58028 kB
Cached:           455644 kB
MemTotal:        1844596 kB
MemFree:         1098392 kB
MemAvailable:    1502872 kB
Buffers:           58028 kB
Cached:           455644 kB
MemTotal:        1844596 kB
MemFree:         1098940 kB
MemAvailable:    1503420 kB
Buffers:           58028 kB
Cached:           455644 kB
MemTotal:        1844596 kB
MemFree:         1098588 kB
MemAvailable:    1503068 kB
Buffers:           58028 kB
Cached:           455644 kB
MemTotal:        1844596 kB
MemFree:         1097824 kB
MemAvailable:    1502304 kB
Buffers:           58028 kB
Cached:           455644 kB
MemTotal:        1844596 kB
MemFree:         1099136 kB
MemAvailable:    1503616 kB
Buffers:           58028 kB
Cached:           455644 kB
MemTotal:        1844596 kB
MemFree:         1098392 kB
MemAvailable:    1502872 kB
Buffers:           58028 kB
Cached:           455644 kB
MemTotal:        1844596 kB
MemFree:         1099196 kB
MemAvailable:    1503676 kB
Buffers:           58028 kB
Cached:           455644 kB
MemTotal:        1844596 kB
MemFree:         1097888 kB
MemAvailable:    1502368 kB
Buffers:           58028 kB
Cached:           455644 kB
MemTotal:        1844596 kB
MemFree:         1099400 kB
MemAvailable:    1503880 kB
Buffers:           58028 kB
Cached:           455644 kB
MemTotal:        1844596 kB
MemFree:         1097964 kB
MemAvailable:    1502444 kB
Buffers:           58028 kB
Cached:           455644 kB
MemTotal:        1844596 kB
MemFree:         1099080 kB
MemAvailable:    1503560 kB
Buffers:           58028 kB
Cached:           455644 kB
MemTotal:        1844596 kB
MemFree:         1097964 kB
MemAvailable:    1502444 kB
Buffers:           58028 kB
Cached:           455644 kB
MemTotal:        1844596 kB
MemFree:         1097964 kB
MemAvailable:    1502444 kB
Buffers:           58028 kB
Cached:           455644 kB
MemTotal:        1844596 kB
MemFree:         1098568 kB
MemAvailable:    1503048 kB
Buffers:           58028 kB
Cached:           455644 kB
MemTotal:        1844596 kB
MemFree:         1097524 kB
MemAvailable:    1502004 kB
Buffers:           58028 kB
Cached:           455644 kB
MemTotal:        1844596 kB
MemFree:         1098148 kB
MemAvailable:    1502628 kB
Buffers:           58028 kB
Cached:           455644 kB
MemTotal:        1844596 kB
MemFree:         1097832 kB
MemAvailable:    1502312 kB
Buffers:           58028 kB
Cached:           455644 kB
MemTotal:        1844596 kB
MemFree:         1097764 kB
MemAvailable:    1502244 kB
Buffers:           58028 kB
Cached:           455644 kB
MemTotal:        1844596 kB
MemFree:         1097260 kB
MemAvailable:    1501740 kB
Buffers:           58028 kB
Cached:           455644 kB
MemTotal:        1844596 kB
MemFree:         1096780 kB
MemAvailable:    1501260 kB
Buffers:           58028 kB
Cached:           455644 kB
MemTotal:        1844596 kB
MemFree:         1096524 kB
MemAvailable:    1501004 kB
Buffers:           58028 kB
Cached:           455644 kB
MemTotal:        1844596 kB
MemFree:         1095020 kB
MemAvailable:    1499500 kB
Buffers:           58028 kB
Cached:           455644 kB
MemTotal:        1844596 kB
MemFree:         1095640 kB
MemAvailable:    1500120 kB
Buffers:           58028 kB
Cached:           455644 kB
MemTotal:        1844596 kB
MemFree:         1095664 kB
MemAvailable:    1500144 kB
Buffers:           58028 kB
Cached:           455644 kB
MemTotal:        1844596 kB
MemFree:         1094400 kB
MemAvailable:    1498880 kB
Buffers:           58028 kB
Cached:           455644 kB
MemTotal:        1844596 kB
MemFree:         1094408 kB
MemAvailable:    1498888 kB
Buffers:           58028 kB
Cached:           455644 kB
MemTotal:        1844596 kB
MemFree:         1095648 kB
MemAvailable:    1500128 kB
Buffers:           58028 kB
Cached:           455644 kB
MemTotal:        1844596 kB
MemFree:         1093896 kB
MemAvailable:    1498376 kB
Buffers:           58028 kB
Cached:           455644 kB
MemTotal:        1844596 kB
MemFree:         1094144 kB
MemAvailable:    1498624 kB
Buffers:           58028 kB
Cached:           455644 kB
MemTotal:        1844596 kB
MemFree:         1095264 kB
MemAvailable:    1499744 kB
Buffers:           58028 kB
Cached:           455644 kB
MemTotal:        1844596 kB
MemFree:         1095416 kB
MemAvailable:    1499896 kB
Buffers:           58028 kB
Cached:           455644 kB
MemTotal:        1844596 kB
MemFree:         1095312 kB
MemAvailable:    1499792 kB
Buffers:           58028 kB
Cached:           455644 kB
MemTotal:        1844596 kB
MemFree:         1094132 kB
MemAvailable:    1498612 kB
Buffers:           58028 kB
Cached:           455644 kB
MemTotal:        1844596 kB
MemFree:         1094964 kB
MemAvailable:    1499444 kB
Buffers:           58028 kB
Cached:           455644 kB
MemTotal:        1844596 kB
MemFree:         1094656 kB
MemAvailable:    1499136 kB
Buffers:           58028 kB
Cached:           455644 kB
MemTotal:        1844596 kB
MemFree:         1094052 kB
MemAvailable:    1498532 kB
Buffers:           58028 kB
Cached:           455644 kB
MemTotal:        1844596 kB
MemFree:         1087472 kB
MemAvailable:    1491952 kB
Buffers:           58028 kB
Cached:           455644 kB
MemTotal:        1844596 kB
MemFree:         1087364 kB
MemAvailable:    1491844 kB
Buffers:           58028 kB
Cached:           455644 kB
MemTotal:        1844596 kB
MemFree:         1086060 kB
MemAvailable:    1490540 kB
Buffers:           58028 kB
Cached:           455644 kB
MemTotal:        1844596 kB
MemFree:         1087360 kB
MemAvailable:    1491840 kB
Buffers:           58028 kB
Cached:           455644 kB
MemTotal:        1844596 kB
MemFree:         1086612 kB
MemAvailable:    1491092 kB
Buffers:           58028 kB
Cached:           455644 kB
MemTotal:        1844596 kB
MemFree:         1087176 kB
MemAvailable:    1491656 kB
Buffers:           58028 kB
Cached:           455644 kB
MemTotal:        1844596 kB
MemFree:         1087512 kB
MemAvailable:    1491992 kB
Buffers:           58028 kB
Cached:           455644 kB
MemTotal:        1844596 kB
MemFree:         1088092 kB
MemAvailable:    1492572 kB
Buffers:           58028 kB
Cached:           455644 kB
MemTotal:        1844596 kB
MemFree:         1089092 kB
MemAvailable:    1493656 kB
Buffers:           58028 kB
Cached:           455768 kB
MemTotal:        1844596 kB
MemFree:         1088888 kB
MemAvailable:    1493536 kB
Buffers:           58028 kB
Cached:           455768 kB
MemTotal:        1844596 kB
MemFree:         1088564 kB
MemAvailable:    1493380 kB
Buffers:           58028 kB
Cached:           456016 kB
MemTotal:        1844596 kB
MemFree:         1088564 kB
MemAvailable:    1493380 kB
Buffers:           58028 kB
Cached:           456016 kB
MemTotal:        1844596 kB
MemFree:         1088208 kB
MemAvailable:    1493192 kB
Buffers:           58028 kB
Cached:           456140 kB
MemTotal:        1844596 kB
MemFree:         1088328 kB
MemAvailable:    1493396 kB
Buffers:           58028 kB
Cached:           456264 kB
MemTotal:        1844596 kB
MemFree:         1086788 kB
MemAvailable:    1491856 kB
Buffers:           58028 kB
Cached:           456264 kB
MemTotal:        1844596 kB
MemFree:         1088028 kB
MemAvailable:    1493180 kB
Buffers:           58028 kB
Cached:           456388 kB
MemTotal:        1844596 kB
MemFree:         1086824 kB
MemAvailable:    1491976 kB
Buffers:           58028 kB
Cached:           456388 kB
MemTotal:        1844596 kB
MemFree:         1088036 kB
MemAvailable:    1493248 kB
Buffers:           58028 kB
Cached:           456376 kB
MemTotal:        1844596 kB
MemFree:         1086852 kB
MemAvailable:    1492064 kB
Buffers:           58028 kB
Cached:           456376 kB
MemTotal:        1844596 kB
MemFree:         1086844 kB
MemAvailable:    1492056 kB
Buffers:           58028 kB
Cached:           456376 kB
MemTotal:        1844596 kB
MemFree:         1088092 kB
MemAvailable:    1493304 kB
Buffers:           58028 kB
Cached:           456376 kB
MemTotal:        1844596 kB
MemFree:         1088532 kB
MemAvailable:    1493072 kB
Buffers:           58028 kB
Cached:           455660 kB
MemTotal:        1844596 kB
MemFree:         1088208 kB
MemAvailable:    1492748 kB
Buffers:           58028 kB
Cached:           455660 kB
MemTotal:        1844596 kB
MemFree:         1156192 kB
MemAvailable:    1560732 kB
Buffers:           58028 kB
Cached:           455660 kB
