MemTotal:        1844596 kB
MemFree:         1276484 kB
MemAvailable:    1569600 kB
Buffers:           44864 kB
Cached:           366020 kB
MemTotal:        1844596 kB
MemFree:         1249972 kB
MemAvailable:    1543092 kB
Buffers:           44864 kB
Cached:           366024 kB
MemTotal:        1844596 kB
MemFree:         1248276 kB
MemAvailable:    1541396 kB
Buffers:           44864 kB
Cached:           366024 kB
MemTotal:        1844596 kB
MemFree:         1247204 kB
MemAvailable:    1540324 kB
Buffers:           44864 kB
Cached:           366024 kB
MemTotal:        1844596 kB
MemFree:         1245672 kB
MemAvailable:    1538792 kB
Buffers:           44864 kB
Cached:           366024 kB
MemTotal:        1844596 kB
MemFree:         1244168 kB
MemAvailable:    1537288 kB
Buffers:           44864 kB
Cached:           366024 kB
MemTotal:        1844596 kB
MemFree:         1244060 kB
MemAvailable:    1537180 kB
Buffers:           44864 kB
Cached:           366024 kB
MemTotal:        1844596 kB
MemFree:         1241828 kB
MemAvailable:    1534948 kB
Buffers:           44864 kB
Cached:           366024 kB
MemTotal:        1844596 kB
MemFree:         1238604 kB
MemAvailable:    1531724 kB
Buffers:           44864 kB
Cached:           366024 kB
MemTotal:        1844596 kB
MemFree:         1235672 kB
MemAvailable:    1528792 kB
Buffers:           44864 kB
Cached:           366024 kB
MemTotal:        1844596 kB
MemFree:         1235924 kB
MemAvailable:    1529044 kB
Buffers:           44864 kB
Cached:           366024 kB
MemTotal:        1844596 kB
MemFree:         1235696 kB
MemAvailable:    1528816 kB
Buffers:           44864 kB
Cached:           366024 kB
MemTotal:        1844596 kB
MemFree:         1234492 kB
MemAvailable:    1527612 kB
Buffers:           44864 kB
Cached:           366024 kB
MemTotal:        1844596 kB
MemFree:         1234360 kB
MemAvailable:    1527480 kB
Buffers:           44864 kB
Cached:           366024 kB
MemTotal:        1844596 kB
MemFree:         1235476 kB
MemAvailable:    1528596 kB
Buffers:           44864 kB
Cached:           366024 kB
MemTotal:        1844596 kB
MemFree:         1234348 kB
MemAvailable:    1527468 kB
Buffers:           44864 kB
Cached:           366024 kB
MemTotal:        1844596 kB
MemFree:         1233628 kB
MemAvailable:    1526748 kB
Buffers:           44864 kB
Cached:           366024 kB
MemTotal:        1844596 kB
MemFree:         1233712 kB
MemAvailable:    1526832 kB
Buffers:           44864 kB
Cached:           366024 kB
MemTotal:        1844596 kB
MemFree:         1233380 kB
MemAvailable:    1526500 kB
Buffers:           44864 kB
Cached:           366024 kB
MemTotal:        1844596 kB
MemFree:         1233192 kB
MemAvailable:    1526312 kB
Buffers:           44864 kB
Cached:           366024 kB
MemTotal:        1844596 kB
MemFree:         1233272 kB
MemAvailable:    1526392 kB
Buffers:           44864 kB
Cached:           366024 kB
MemTotal:        1844596 kB
MemFree:         1233092 kB
MemAvailable:    1526212 kB
Buffers:           44864 kB
Cached:           366024 kB
MemTotal:        1844596 kB
MemFree:         1232404 kB
MemAvailable:    1525524 kB
Buffers:           44864 kB
Cached:           366024 kB
MemTotal:        1844596 kB
MemFree:         1233132 kB
MemAvailable:    1526252 kB
Buffers:           44864 kB
Cached:           366024 kB
MemTotal:        1844596 kB
MemFree:         1233468 kB
MemAvailable:    1526588 kB
Buffers:           44864 kB
Cached:           366024 kB
MemTotal:        1844596 kB
MemFree:         1233244 kB
MemAvailable:    1526364 kB
Buffers:           44864 kB
Cached:           366024 kB
MemTotal:        1844596 kB
MemFree:         1233140 kB
MemAvailable:    1526260 kB
Buffers:           44872 kB
Cached:           366016 kB
MemTotal:        1844596 kB
MemFree:         1234516 kB
MemAvailable:    1527636 kB
Buffers:           44876 kB
Cached:           366012 kB
MemTotal:        1844596 kB
MemFree:         1234448 kB
MemAvailable:    1527568 kB
Buffers:           44876 kB
Cached:           366012 kB
MemTotal:        1844596 kB
MemFree:         1232264 kB
MemAvailable:    1525384 kB
Buffers:           44876 kB
Cached:           366012 kB
MemTotal:        1844596 kB
MemFree:         1231412 kB
MemAvailable:    1524532 kB
Buffers:           44876 kB
Cached:           366012 kB
MemTotal:        1844596 kB
MemFree:         1230776 kB
MemAvailable:    1523896 kB
Buffers:           44876 kB
Cached:           366012 kB
MemTotal:        1844596 kB
MemFree:         1230668 kB
MemAvailable:    1523788 kB
Buffers:           44876 kB
Cached:           366012 kB
MemTotal:        1844596 kB
MemFree:         1230232 kB
MemAvailable:    1523352 kB
Buffers:           44876 kB
Cached:           366012 kB
MemTotal:        1844596 kB
MemFree:         1229056 kB
MemAvailable:    1522176 kB
Buffers:           44876 kB
Cached:           366012 kB
MemTotal:        1844596 kB
MemFree:         1229412 kB
MemAvailable:    1522544 kB
Buffers:           44876 kB
Cached:           366024 kB
MemTotal:        1844596 kB
MemFree:         1228932 kB
MemAvailable:    1522064 kB
Buffers:           44876 kB
Cached:           366024 kB
MemTotal:        1844596 kB
MemFree:         1229184 kB
MemAvailable:    1522316 kB
Buffers:           44876 kB
Cached:           366024 kB
MemTotal:        1844596 kB
MemFree:         1229036 kB
MemAvailable:    1522168 kB
Buffers:           44876 kB
Cached:           366024 kB
MemTotal:        1844596 kB
MemFree:         1228188 kB
MemAvailable:    1521320 kB
Buffers:           44876 kB
Cached:           366024 kB
MemTotal:        1844596 kB
MemFree:         1229076 kB
MemAvailable:    1522208 kB
Buffers:           44876 kB
Cached:           366024 kB
MemTotal:        1844596 kB
MemFree:         1229056 kB
MemAvailable:    1522188 kB
Buffers:           44876 kB
Cached:           366024 kB
MemTotal:        1844596 kB
MemFree:         1228612 kB
MemAvailable:    1521744 kB
Buffers:           44876 kB
Cached:           366024 kB
MemTotal:        1844596 kB
MemFree:         1228780 kB
MemAvailable:    1521912 kB
Buffers:           44876 kB
Cached:           366024 kB
MemTotal:        1844596 kB
MemFree:         1228356 kB
MemAvailable:    1521488 kB
Buffers:           44876 kB
Cached:           366024 kB
MemTotal:        1844596 kB
MemFree:         1228064 kB
MemAvailable:    1521196 kB
Buffers:           44876 kB
Cached:           366024 kB
MemTotal:        1844596 kB
MemFree:         1227992 kB
MemAvailable:    1521124 kB
Buffers:           44876 kB
Cached:           366024 kB
MemTotal:        1844596 kB
MemFree:         1226644 kB
MemAvailable:    1519776 kB
Buffers:           44876 kB
Cached:           366024 kB
MemTotal:        1844596 kB
MemFree:         1226768 kB
MemAvailable:    1519900 kB
Buffers:           44876 kB
Cached:           366024 kB
MemTotal:        1844596 kB
MemFree:         1227444 kB
MemAvailable:    1520576 kB
Buffers:           44876 kB
Cached:           366024 kB
MemTotal:        1844596 kB
MemFree:         1227968 kB
MemAvailable:    1521100 kB
Buffers:           44876 kB
Cached:           366024 kB
MemTotal:        1844596 kB
MemFree:         1227980 kB
MemAvailable:    1521112 kB
Buffers:           44876 kB
Cached:           366024 kB
MemTotal:        1844596 kB
MemFree:         1226804 kB
MemAvailable:    1519936 kB
Buffers:           44876 kB
Cached:           366024 kB
MemTotal:        1844596 kB
MemFree:         1227988 kB
MemAvailable:    1521120 kB
Buffers:           44876 kB
Cached:           366024 kB
MemTotal:        1844596 kB
MemFree:         1228240 kB
MemAvailable:    1521372 kB
Buffers:           44876 kB
Cached:           366024 kB
MemTotal:        1844596 kB
MemFree:         1227884 kB
MemAvailable:    1521016 kB
Buffers:           44876 kB
Cached:           366024 kB
MemTotal:        1844596 kB
MemFree:         1226764 kB
MemAvailable:    1519896 kB
Buffers:           44876 kB
Cached:           366024 kB
MemTotal:        1844596 kB
MemFree:         1226568 kB
MemAvailable:    1519700 kB
Buffers:           44876 kB
Cached:           366024 kB
MemTotal:        1844596 kB
MemFree:         1227924 kB
MemAvailable:    1521056 kB
Buffers:           44876 kB
Cached:           366024 kB
MemTotal:        1844596 kB
MemFree:         1227552 kB
MemAvailable:    1520684 kB
Buffers:           44876 kB
Cached:           366024 kB
MemTotal:        1844596 kB
MemFree:         1227356 kB
MemAvailable:    1520488 kB
Buffers:           44876 kB
Cached:           366024 kB
MemTotal:        1844596 kB
MemFree:         1227016 kB
MemAvailable:    1520148 kB
Buffers:           44876 kB
Cached:           366024 kB
MemTotal:        1844596 kB
MemFree:         1226824 kB
MemAvailable:    1519956 kB
Buffers:           44876 kB
Cached:           366024 kB
MemTotal:        1844596 kB
MemFree:         1227044 kB
MemAvailable:    1520176 kB
Buffers:           44876 kB
Cached:           366024 kB
MemTotal:        1844596 kB
MemFree:         1227296 kB
MemAvailable:    1520428 kB
Buffers:           44876 kB
Cached:           366024 kB
MemTotal:        1844596 kB
MemFree:         1227128 kB
MemAvailable:    1520260 kB
Buffers:           44876 kB
Cached:           366024 kB
MemTotal:        1844596 kB
MemFree:         1227296 kB
MemAvailable:    1520428 kB
Buffers:           44876 kB
Cached:           366024 kB
MemTotal:        1844596 kB
MemFree:         1227076 kB
MemAvailable:    1520208 kB
Buffers:           44876 kB
Cached:           366024 kB
MemTotal:        1844596 kB
MemFree:         1225936 kB
MemAvailable:    1519068 kB
Buffers:           44876 kB
Cached:           366024 kB
MemTotal:        1844596 kB
MemFree:         1226912 kB
MemAvailable:    1520044 kB
Buffers:           44876 kB
Cached:           366024 kB
MemTotal:        1844596 kB
MemFree:         1227072 kB
MemAvailable:    1520204 kB
Buffers:           44876 kB
Cached:           366024 kB
MemTotal:        1844596 kB
MemFree:         1225088 kB
MemAvailable:    1518220 kB
Buffers:           44876 kB
Cached:           366024 kB
MemTotal:        1844596 kB
MemFree:         1223040 kB
MemAvailable:    1516172 kB
Buffers:           44876 kB
Cached:           366024 kB
MemTotal:        1844596 kB
MemFree:         1221864 kB
MemAvailable:    1514996 kB
Buffers:           44876 kB
Cached:           366024 kB
MemTotal:        1844596 kB
MemFree:         1219568 kB
MemAvailable:    1512700 kB
Buffers:           44876 kB
Cached:           366024 kB
MemTotal:        1844596 kB
MemFree:         1219320 kB
MemAvailable:    1512452 kB
Buffers:           44876 kB
Cached:           366024 kB
MemTotal:        1844596 kB
MemFree:         1218392 kB
MemAvailable:    1511524 kB
Buffers:           44876 kB
Cached:           366024 kB
MemTotal:        1844596 kB
MemFree:         1218216 kB
MemAvailable:    1511356 kB
Buffers:           44876 kB
Cached:           366032 kB
MemTotal:        1844596 kB
MemFree:         1219004 kB
MemAvailable:    1512144 kB
Buffers:           44876 kB
Cached:           366032 kB
MemTotal:        1844596 kB
MemFree:         1219196 kB
MemAvailable:    1512336 kB
Buffers:           44876 kB
Cached:           366032 kB
MemTotal:        1844596 kB
MemFree:         1217848 kB
MemAvailable:    1510988 kB
Buffers:           44876 kB
Cached:           366032 kB
MemTotal:        1844596 kB
MemFree:         1219148 kB
MemAvailable:    1512288 kB
Buffers:           44876 kB
Cached:           366032 kB
MemTotal:        1844596 kB
MemFree:         1219148 kB
MemAvailable:    1512288 kB
Buffers:           44876 kB
Cached:           366032 kB
MemTotal:        1844596 kB
MemFree:         1219212 kB
MemAvailable:    1512352 kB
Buffers:           44876 kB
Cached:           366032 kB
MemTotal:        1844596 kB
MemFree:         1219272 kB
MemAvailable:    1512412 kB
Buffers:           44876 kB
Cached:           366032 kB
MemTotal:        1844596 kB
MemFree:         1218096 kB
MemAvailable:    1511236 kB
Buffers:           44876 kB
Cached:           366032 kB
MemTotal:        1844596 kB
MemFree:         1218220 kB
MemAvailable:    1511360 kB
Buffers:           44876 kB
Cached:           366032 kB
MemTotal:        1844596 kB
MemFree:         1217524 kB
MemAvailable:    1510664 kB
Buffers:           44876 kB
Cached:           366032 kB
MemTotal:        1844596 kB
MemFree:         1217268 kB
MemAvailable:    1510408 kB
Buffers:           44876 kB
Cached:           366032 kB
MemTotal:        1844596 kB
MemFree:         1217508 kB
MemAvailable:    1510648 kB
Buffers:           44876 kB
Cached:           366032 kB
MemTotal:        1844596 kB
MemFree:         1217624 kB
MemAvailable:    1510764 kB
Buffers:           44876 kB
Cached:           366032 kB
MemTotal:        1844596 kB
MemFree:         1217392 kB
MemAvailable:    1510532 kB
Buffers:           44876 kB
Cached:           366032 kB
MemTotal:        1844596 kB
MemFree:         1217524 kB
MemAvailable:    1510664 kB
Buffers:           44876 kB
Cached:           366032 kB
MemTotal:        1844596 kB
MemFree:         1215664 kB
MemAvailable:    1508804 kB
Buffers:           44876 kB
Cached:           366032 kB
MemTotal:        1844596 kB
MemFree:         1216268 kB
MemAvailable:    1509408 kB
Buffers:           44876 kB
Cached:           366032 kB
MemTotal:        1844596 kB
MemFree:         1216036 kB
MemAvailable:    1509176 kB
Buffers:           44876 kB
Cached:           366032 kB
MemTotal:        1844596 kB
MemFree:         1215648 kB
MemAvailable:    1508788 kB
Buffers:           44876 kB
Cached:           366032 kB
MemTotal:        1844596 kB
MemFree:         1215540 kB
MemAvailable:    1508680 kB
Buffers:           44876 kB
Cached:           366032 kB
MemTotal:        1844596 kB
MemFree:         1214236 kB
MemAvailable:    1507376 kB
Buffers:           44876 kB
Cached:           366032 kB
MemTotal:        1844596 kB
MemFree:         1215664 kB
MemAvailable:    1508804 kB
Buffers:           44876 kB
Cached:           366032 kB
MemTotal:        1844596 kB
MemFree:         1215436 kB
MemAvailable:    1508576 kB
Buffers:           44876 kB
Cached:           366032 kB
MemTotal:        1844596 kB
MemFree:         1215324 kB
MemAvailable:    1508464 kB
Buffers:           44876 kB
Cached:           366032 kB
MemTotal:        1844596 kB
MemFree:         1213976 kB
MemAvailable:    1507116 kB
Buffers:           44876 kB
Cached:           366032 kB
MemTotal:        1844596 kB
MemFree:         1215384 kB
MemAvailable:    1508524 kB
Buffers:           44876 kB
Cached:           366032 kB
MemTotal:        1844596 kB
MemFree:         1215496 kB
MemAvailable:    1508636 kB
Buffers:           44876 kB
Cached:           366032 kB
MemTotal:        1844596 kB
MemFree:         1213876 kB
MemAvailable:    1507016 kB
Buffers:           44876 kB
Cached:           366032 kB
MemTotal:        1844596 kB
MemFree:         1214132 kB
MemAvailable:    1507272 kB
Buffers:           44876 kB
Cached:           366032 kB
MemTotal:        1844596 kB
MemFree:         1214648 kB
MemAvailable:    1507788 kB
Buffers:           44876 kB
Cached:           366032 kB
MemTotal:        1844596 kB
MemFree:         1214176 kB
MemAvailable:    1507316 kB
Buffers:           44876 kB
Cached:           366032 kB
MemTotal:        1844596 kB
MemFree:         1207464 kB
MemAvailable:    1500604 kB
Buffers:           44876 kB
Cached:           366032 kB
MemTotal:        1844596 kB
MemFree:         1207548 kB
MemAvailable:    1500688 kB
Buffers:           44876 kB
Cached:           366032 kB
MemTotal:        1844596 kB
MemFree:         1206060 kB
MemAvailable:    1499200 kB
Buffers:           44876 kB
Cached:           366032 kB
MemTotal:        1844596 kB
MemFree:         1206228 kB
MemAvailable:    1499368 kB
Buffers:           44876 kB
Cached:           366032 kB
MemTotal:        1844596 kB
MemFree:         1206228 kB
MemAvailable:    1499368 kB
Buffers:           44876 kB
Cached:           366032 kB
MemTotal:        1844596 kB
MemFree:         1207600 kB
MemAvailable:    1500740 kB
Buffers:           44876 kB
Cached:           366032 kB
MemTotal:        1844596 kB
MemFree:         1207536 kB
MemAvailable:    1500676 kB
Buffers:           44876 kB
Cached:           366032 kB
MemTotal:        1844596 kB
MemFree:         1207844 kB
MemAvailable:    1500984 kB
Buffers:           44876 kB
Cached:           366032 kB
MemTotal:        1844596 kB
MemFree:         1209208 kB
MemAvailable:    1502432 kB
Buffers:           44876 kB
Cached:           366156 kB
MemTotal:        1844596 kB
MemFree:         1208712 kB
MemAvailable:    1502104 kB
Buffers:           44876 kB
Cached:           366280 kB
MemTotal:        1844596 kB
MemFree:         1207844 kB
MemAvailable:    1501236 kB
Buffers:           44876 kB
Cached:           366280 kB
MemTotal:        1844596 kB
MemFree:         1208344 kB
MemAvailable:    1501820 kB
Buffers:           44876 kB
Cached:           366404 kB
MemTotal:        1844596 kB
MemFree:         1208400 kB
MemAvailable:    1501960 kB
Buffers:           44876 kB
Cached:           366528 kB
MemTotal:        1844596 kB
MemFree:         1206912 kB
MemAvailable:    1500640 kB
Buffers:           44876 kB
Cached:           366652 kB
MemTotal:        1844596 kB
MemFree:         1206904 kB
MemAvailable:    1500632 kB
Buffers:           44876 kB
Cached:           366652 kB
MemTotal:        1844596 kB
MemFree:         1206904 kB
MemAvailable:    1500632 kB
Buffers:           44876 kB
Cached:           366652 kB
MemTotal:        1844596 kB
MemFree:         1208020 kB
MemAvailable:    1501748 kB
Buffers:           44876 kB
Cached:           366652 kB
MemTotal:        1844596 kB
MemFree:         1206944 kB
MemAvailable:    1500672 kB
Buffers:           44876 kB
Cached:           366652 kB
MemTotal:        1844596 kB
MemFree:         1208004 kB
MemAvailable:    1501732 kB
Buffers:           44876 kB
Cached:           366652 kB
MemTotal:        1844596 kB
MemFree:         1208176 kB
MemAvailable:    1501904 kB
Buffers:           44876 kB
Cached:           366652 kB
MemTotal:        1844596 kB
MemFree:         1208196 kB
MemAvailable:    1501336 kB
Buffers:           44876 kB
Cached:           366104 kB
MemTotal:        1844596 kB
MemFree:         1250700 kB
MemAvailable:    1543924 kB
Buffers:           44876 kB
Cached:           366104 kB
