MemTotal:        1844596 kB
MemFree:         1215536 kB
MemAvailable:    1563748 kB
Buffers:           51648 kB
Cached:           410112 kB
MemTotal:        1844596 kB
MemFree:         1187404 kB
MemAvailable:    1535620 kB
Buffers:           51648 kB
Cached:           410116 kB
MemTotal:        1844596 kB
MemFree:         1186040 kB
MemAvailable:    1534256 kB
Buffers:           51648 kB
Cached:           410116 kB
MemTotal:        1844596 kB
MemFree:         1185784 kB
MemAvailable:    1534000 kB
Buffers:           51648 kB
Cached:           410116 kB
MemTotal:        1844596 kB
MemFree:         1185428 kB
MemAvailable:    1533644 kB
Buffers:           51648 kB
Cached:           410116 kB
MemTotal:        1844596 kB
MemFree:         1183552 kB
MemAvailable:    1531768 kB
Buffers:           51648 kB
Cached:           410116 kB
MemTotal:        1844596 kB
MemFree:         1182568 kB
MemAvailable:    1530784 kB
Buffers:           51648 kB
Cached:           410116 kB
MemTotal:        1844596 kB
MemFree:         1180896 kB
MemAvailable:    1529112 kB
Buffers:           51648 kB
Cached:           410116 kB
MemTotal:        1844596 kB
MemFree:         1177732 kB
MemAvailable:    1525948 kB
Buffers:           51648 kB
Cached:           410116 kB
MemTotal:        1844596 kB
MemFree:         1173392 kB
MemAvailable:    1521608 kB
Buffers:           51648 kB
Cached:           410116 kB
MemTotal:        1844596 kB
MemFree:         1174492 kB
MemAvailable:    1522708 kB
Buffers:           51648 kB
Cached:           410116 kB
MemTotal:        1844596 kB
MemFree:         1174384 kB
MemAvailable:    1522600 kB
Buffers:           51648 kB
Cached:           410116 kB
MemTotal:        1844596 kB
MemFree:         1173204 kB
MemAvailable:    1521420 kB
Buffers:           51648 kB
Cached:           410116 kB
MemTotal:        1844596 kB
MemFree:         1173204 kB
MemAvailable:    1521420 kB
Buffers:           51648 kB
Cached:           410116 kB
MemTotal:        1844596 kB
MemFree:         1173204 kB
MemAvailable:    1521420 kB
Buffers:           51648 kB
Cached:           410116 kB
MemTotal:        1844596 kB
MemFree:         1174260 kB
MemAvailable:    1522476 kB
Buffers:           51648 kB
Cached:           410116 kB
MemTotal:        1844596 kB
MemFree:         1173700 kB
MemAvailable:    1521916 kB
Buffers:           51648 kB
Cached:           410116 kB
MemTotal:        1844596 kB
MemFree:         1172648 kB
MemAvailable:    1520864 kB
Buffers:           51648 kB
Cached:           410116 kB
MemTotal:        1844596 kB
MemFree:         1171160 kB
MemAvailable:    1519376 kB
Buffers:           51648 kB
Cached:           410116 kB
MemTotal:        1844596 kB
MemFree:         1172132 kB
MemAvailable:    1520348 kB
Buffers:           51648 kB
Cached:           410116 kB
MemTotal:        1844596 kB
MemFree:         1172272 kB
MemAvailable:    1520488 kB
Buffers:           51648 kB
Cached:           410116 kB
MemTotal:        1844596 kB
MemFree:         1171888 kB
MemAvailable:    1520104 kB
Buffers:           51648 kB
Cached:           410116 kB
MemTotal:        1844596 kB
MemFree:         1172012 kB
MemAvailable:    1520228 kB
Buffers:           51648 kB
Cached:           410116 kB
MemTotal:        1844596 kB
MemFree:         1171152 kB
MemAvailable:    1519368 kB
Buffers:           51648 kB
Cached:           410116 kB
MemTotal:        1844596 kB
MemFree:         1172028 kB
MemAvailable:    1520244 kB
Buffers:           51648 kB
Cached:           410116 kB
MemTotal:        1844596 kB
MemFree:         1172228 kB
MemAvailable:    1520444 kB
Buffers:           51648 kB
Cached:           410116 kB
MemTotal:        1844596 kB
MemFree:         1173476 kB
MemAvailable:    1521692 kB
Buffers:           51648 kB
Cached:           410116 kB
MemTotal:        1844596 kB
MemFree:         1173600 kB
MemAvailable:    1521816 kB
Buffers:           51648 kB
Cached:           410116 kB
MemTotal:        1844596 kB
MemFree:         1171640 kB
MemAvailable:    1519856 kB
Buffers:           51648 kB
Cached:           410116 kB
MemTotal:        1844596 kB
MemFree:         1169796 kB
MemAvailable:    1518012 kB
Buffers:           51648 kB
Cached:           410116 kB
MemTotal:        1844596 kB
MemFree:         1169532 kB
MemAvailable:    1517748 kB
Buffers:           51648 kB
Cached:           410116 kB
MemTotal:        1844596 kB
MemFree:         1169616 kB
MemAvailable:    1517832 kB
Buffers:           51648 kB
Cached:           410116 kB
MemTotal:        1844596 kB
MemFree:         1168120 kB
MemAvailable:    1516336 kB
Buffers:           51648 kB
Cached:           410116 kB
MemTotal:        1844596 kB
MemFree:         1169052 kB
MemAvailable:    1517268 kB
Buffers:           51648 kB
Cached:           410116 kB
MemTotal:        1844596 kB
MemFree:         1167812 kB
MemAvailable:    1516028 kB
Buffers:           51648 kB
Cached:           410116 kB
MemTotal:        1844596 kB
MemFree:         1168168 kB
MemAvailable:    1516388 kB
Buffers:           51648 kB
Cached:           410120 kB
MemTotal:        1844596 kB
MemFree:         1168060 kB
MemAvailable:    1516280 kB
Buffers:           51648 kB
Cached:           410120 kB
MemTotal:        1844596 kB
MemFree:         1166548 kB
MemAvailable:    1514768 kB
Buffers:           51648 kB
Cached:           410120 kB
MemTotal:        1844596 kB
MemFree:         1166680 kB
MemAvailable:    1514900 kB
Buffers:           51648 kB
Cached:           410120 kB
MemTotal:        1844596 kB
MemFree:         1167800 kB
MemAvailable:    1516020 kB
Buffers:           51648 kB
Cached:           410120 kB
MemTotal:        1844596 kB
MemFree:         1166632 kB
MemAvailable:    1514852 kB
Buffers:           51648 kB
Cached:           410120 kB
MemTotal:        1844596 kB
MemFree:         1167748 kB
MemAvailable:    1515968 kB
Buffers:           51648 kB
Cached:           410120 kB
MemTotal:        1844596 kB
MemFree:         1166020 kB
MemAvailable:    1514240 kB
Buffers:           51648 kB
Cached:           410120 kB
MemTotal:        1844596 kB
MemFree:         1165932 kB
MemAvailable:    1514152 kB
Buffers:           51648 kB
Cached:           410120 kB
MemTotal:        1844596 kB
MemFree:         1166936 kB
MemAvailable:    1515156 kB
Buffers:           51648 kB
Cached:           410120 kB
MemTotal:        1844596 kB
MemFree:         1167052 kB
MemAvailable:    1515272 kB
Buffers:           51648 kB
Cached:           410120 kB
MemTotal:        1844596 kB
MemFree:         1166888 kB
MemAvailable:    1515108 kB
Buffers:           51648 kB
Cached:           410120 kB
MemTotal:        1844596 kB
MemFree:         1167128 kB
MemAvailable:    1515348 kB
Buffers:           51648 kB
Cached:           410120 kB
MemTotal:        1844596 kB
MemFree:         1167456 kB
MemAvailable:    1515676 kB
Buffers:           51648 kB
Cached:           410120 kB
MemTotal:        1844596 kB
MemFree:         1166076 kB
MemAvailable:    1514296 kB
Buffers:           51648 kB
Cached:           410120 kB
MemTotal:        1844596 kB
MemFree:         1166068 kB
MemAvailable:    1514288 kB
Buffers:           51648 kB
Cached:           410120 kB
MemTotal:        1844596 kB
MemFree:         1165804 kB
MemAvailable:    1514024 kB
Buffers:           51648 kB
Cached:           410120 kB
MemTotal:        1844596 kB
MemFree:         1167160 kB
MemAvailable:    1515380 kB
Buffers:           51648 kB
Cached:           410120 kB
MemTotal:        1844596 kB
MemFree:         1165756 kB
MemAvailable:    1513976 kB
Buffers:           51648 kB
Cached:           410120 kB
MemTotal:        1844596 kB
MemFree:         1166944 kB
MemAvailable:    1515164 kB
Buffers:           51648 kB
Cached:           410120 kB
MemTotal:        1844596 kB
MemFree:         1166624 kB
MemAvailable:    1514844 kB
Buffers:           51648 kB
Cached:           410120 kB
MemTotal:        1844596 kB
MemFree:         1166612 kB
MemAvailable:    1514832 kB
Buffers:           51648 kB
Cached:           410120 kB
MemTotal:        1844596 kB
MemFree:         1165144 kB
MemAvailable:    1513364 kB
Buffers:           51648 kB
Cached:           410120 kB
MemTotal:        1844596 kB
MemFree:         1166260 kB
MemAvailable:    1514480 kB
Buffers:           51648 kB
Cached:           410120 kB
MemTotal:        1844596 kB
MemFree:         1165208 kB
MemAvailable:    1513428 kB
Buffers:           51648 kB
Cached:           410120 kB
MemTotal:        1844596 kB
MemFree:         1166064 kB
MemAvailable:    1514284 kB
Buffers:           51648 kB
Cached:           410120 kB
MemTotal:        1844596 kB
MemFree:         1166076 kB
MemAvailable:    1514296 kB
Buffers:           51648 kB
Cached:           410120 kB
MemTotal:        1844596 kB
MemFree:         1165936 kB
MemAvailable:    1514156 kB
Buffers:           51648 kB
Cached:           410120 kB
MemTotal:        1844596 kB
MemFree:         1166272 kB
MemAvailable:    1514492 kB
Buffers:           51648 kB
Cached:           410120 kB
MemTotal:        1844596 kB
MemFree:         1166060 kB
MemAvailable:    1514280 kB
Buffers:           51648 kB
Cached:           410120 kB
MemTotal:        1844596 kB
MemFree:         1165952 kB
MemAvailable:    1514172 kB
Buffers:           51648 kB
Cached:           410120 kB
MemTotal:        1844596 kB
MemFree:         1165936 kB
MemAvailable:    1514156 kB
Buffers:           51648 kB
Cached:           410120 kB
MemTotal:        1844596 kB
MemFree:         1165192 kB
MemAvailable:    1513412 kB
Buffers:           51648 kB
Cached:           410120 kB
MemTotal:        1844596 kB
MemFree:         1163596 kB
MemAvailable:    1511816 kB
Buffers:           51648 kB
Cached:           410120 kB
MemTotal:        1844596 kB
MemFree:         1161480 kB
MemAvailable:    1509700 kB
Buffers:           51648 kB
Cached:           410120 kB
MemTotal:        1844596 kB
MemFree:         1160488 kB
MemAvailable:    1508708 kB
Buffers:           51648 kB
Cached:           410120 kB
MemTotal:        1844596 kB
MemFree:         1158760 kB
MemAvailable:    1506980 kB
Buffers:           51648 kB
Cached:           410120 kB
MemTotal:        1844596 kB
MemFree:         1157644 kB
MemAvailable:    1505864 kB
Buffers:           51648 kB
Cached:           410120 kB
MemTotal:        1844596 kB
MemFree:         1157264 kB
MemAvailable:    1505488 kB
Buffers:           51648 kB
Cached:           410124 kB
MemTotal:        1844596 kB
MemFree:         1158256 kB
MemAvailable:    1506480 kB
Buffers:           51648 kB
Cached:           410124 kB
MemTotal:        1844596 kB
MemFree:         1158240 kB
MemAvailable:    1506464 kB
Buffers:           51648 kB
Cached:           410124 kB
MemTotal:        1844596 kB
MemFree:         1158108 kB
MemAvailable:    1506332 kB
Buffers:           51648 kB
Cached:           410124 kB
MemTotal:        1844596 kB
MemFree:         1157032 kB
MemAvailable:    1505256 kB
Buffers:           51648 kB
Cached:           410124 kB
MemTotal:        1844596 kB
MemFree:         1158512 kB
MemAvailable:    1506736 kB
Buffers:           51648 kB
Cached:           410124 kB
MemTotal:        1844596 kB
MemFree:         1156900 kB
MemAvailable:    1505124 kB
Buffers:           51648 kB
Cached:           410124 kB
MemTotal:        1844596 kB
MemFree:         1158284 kB
MemAvailable:    1506508 kB
Buffers:           51648 kB
Cached:           410124 kB
MemTotal:        1844596 kB
MemFree:         1157280 kB
MemAvailable:    1505504 kB
Buffers:           51648 kB
Cached:           410124 kB
MemTotal:        1844596 kB
MemFree:         1157020 kB
MemAvailable:    1505244 kB
Buffers:           51648 kB
Cached:           410124 kB
MemTotal:        1844596 kB
MemFree:         1158472 kB
MemAvailable:    1506696 kB
Buffers:           51648 kB
Cached:           410124 kB
MemTotal:        1844596 kB
MemFree:         1157528 kB
MemAvailable:    1505752 kB
Buffers:           51648 kB
Cached:           410124 kB
MemTotal:        1844596 kB
MemFree:         1156852 kB
MemAvailable:    1505076 kB
Buffers:           51648 kB
Cached:           410124 kB
MemTotal:        1844596 kB
MemFree:         1158216 kB
MemAvailable:    1506440 kB
Buffers:           51648 kB
Cached:           410124 kB
MemTotal:        1844596 kB
MemFree:         1157776 kB
MemAvailable:    1506000 kB
Buffers:           51648 kB
Cached:           410124 kB
MemTotal:        1844596 kB
MemFree:         1157580 kB
MemAvailable:    1505804 kB
Buffers:           51648 kB
Cached:           410124 kB
MemTotal:        1844596 kB
MemFree:         1156040 kB
MemAvailable:    1504264 kB
Buffers:           51648 kB
Cached:           410124 kB
MemTotal:        1844596 kB
MemFree:         1156644 kB
MemAvailable:    1504868 kB
Buffers:           51648 kB
Cached:           410124 kB
MemTotal:        1844596 kB
MemFree:         1156164 kB
MemAvailable:    1504388 kB
Buffers:           51648 kB
Cached:           410124 kB
MemTotal:        1844596 kB
MemFree:         1156416 kB
MemAvailable:    1504640 kB
Buffers:           51648 kB
Cached:           410124 kB
MemTotal:        1844596 kB
MemFree:         1155108 kB
MemAvailable:    1503332 kB
Buffers:           51648 kB
Cached:           410124 kB
MemTotal:        1844596 kB
MemFree:         1155404 kB
MemAvailable:    1503628 kB
Buffers:           51648 kB
Cached:           410124 kB
MemTotal:        1844596 kB
MemFree:         1155740 kB
MemAvailable:    1503964 kB
Buffers:           51648 kB
Cached:           410124 kB
MemTotal:        1844596 kB
MemFree:         1153428 kB
MemAvailable:    1501652 kB
Buffers:           51648 kB
Cached:           410124 kB
MemTotal:        1844596 kB
MemFree:         1154404 kB
MemAvailable:    1502628 kB
Buffers:           51648 kB
Cached:           410124 kB
MemTotal:        1844596 kB
MemFree:         1154740 kB
MemAvailable:    1502964 kB
Buffers:           51648 kB
Cached:           410124 kB
MemTotal:        1844596 kB
MemFree:         1153164 kB
MemAvailable:    1501388 kB
Buffers:           51648 kB
Cached:           410124 kB
MemTotal:        1844596 kB
MemFree:         1154340 kB
MemAvailable:    1502564 kB
Buffers:           51648 kB
Cached:           410124 kB
MemTotal:        1844596 kB
MemFree:         1154356 kB
MemAvailable:    1502580 kB
Buffers:           51648 kB
Cached:           410124 kB
MemTotal:        1844596 kB
MemFree:         1154456 kB
MemAvailable:    1502680 kB
Buffers:           51648 kB
Cached:           410124 kB
MemTotal:        1844596 kB
MemFree:         1154204 kB
MemAvailable:    1502428 kB
Buffers:           51648 kB
Cached:           410124 kB
MemTotal:        1844596 kB
MemFree:         1153112 kB
MemAvailable:    1501336 kB
Buffers:           51648 kB
Cached:           410124 kB
MemTotal:        1844596 kB
MemFree:         1154348 kB
MemAvailable:    1502572 kB
Buffers:           51648 kB
Cached:           410124 kB
MemTotal:        1844596 kB
MemFree:         1153144 kB
MemAvailable:    1501368 kB
Buffers:           51648 kB
Cached:           410124 kB
MemTotal:        1844596 kB
MemFree:         1153808 kB
MemAvailable:    1502032 kB
Buffers:           51648 kB
Cached:           410124 kB
MemTotal:        1844596 kB
MemFree:         1153496 kB
MemAvailable:    1501720 kB
Buffers:           51648 kB
Cached:           410124 kB
MemTotal:        1844596 kB
MemFree:         1153296 kB
MemAvailable:    1501520 kB
Buffers:           51648 kB
Cached:           410124 kB
MemTotal:        1844596 kB
MemFree:         1146740 kB
MemAvailable:    1494964 kB
Buffers:           51648 kB
Cached:           410124 kB
MemTotal:        1844596 kB
MemFree:         1146724 kB
MemAvailable:    1494948 kB
Buffers:           51648 kB
Cached:           410124 kB
MemTotal:        1844596 kB
MemFree:         1146544 kB
MemAvailable:    1494768 kB
Buffers:           51648 kB
Cached:           410124 kB
MemTotal:        1844596 kB
MemFree:         1145188 kB
MemAvailable:    1493412 kB
Buffers:           51648 kB
Cached:           410124 kB
MemTotal:        1844596 kB
MemFree:         1145108 kB
MemAvailable:    1493332 kB
Buffers:           51648 kB
Cached:           410124 kB
MemTotal:        1844596 kB
MemFree:         1146292 kB
MemAvailable:    1494516 kB
Buffers:           51648 kB
Cached:           410124 kB
MemTotal:        1844596 kB
MemFree:         1146244 kB
MemAvailable:    1494468 kB
Buffers:           51648 kB
Cached:           410124 kB
MemTotal:        1844596 kB
MemFree:         1148204 kB
MemAvailable:    1496428 kB
Buffers:           51648 kB
Cached:           410124 kB
MemTotal:        1844596 kB
MemFree:         1146864 kB
MemAvailable:    1495172 kB
Buffers:           51648 kB
Cached:           410248 kB
MemTotal:        1844596 kB
MemFree:         1147952 kB
MemAvailable:    1496428 kB
Buffers:           51648 kB
Cached:           410372 kB
MemTotal:        1844596 kB
MemFree:         1147832 kB
MemAvailable:    1496392 kB
Buffers:           51648 kB
Cached:           410496 kB
MemTotal:        1844596 kB
MemFree:         1146344 kB
MemAvailable:    1494988 kB
Buffers:           51648 kB
Cached:           410620 kB
MemTotal:        1844596 kB
MemFree:         1147484 kB
MemAvailable:    1496296 kB
Buffers:           51648 kB
Cached:           410744 kB
MemTotal:        1844596 kB
MemFree:         1145996 kB
MemAvailable:    1494892 kB
Buffers:           51648 kB
Cached:           410744 kB
MemTotal:        1844596 kB
MemFree:         1145812 kB
MemAvailable:    1494708 kB
Buffers:           51648 kB
Cached:           410744 kB
MemTotal:        1844596 kB
MemFree:         1147120 kB
MemAvailable:    1496016 kB
Buffers:           51648 kB
Cached:           410744 kB
MemTotal:        1844596 kB
MemFree:         1146368 kB
MemAvailable:    1495264 kB
Buffers:           51648 kB
Cached:           410744 kB
MemTotal:        1844596 kB
MemFree:         1147044 kB
MemAvailable:    1495940 kB
Buffers:           51648 kB
Cached:           410868 kB
MemTotal:        1844596 kB
MemFree:         1147212 kB
MemAvailable:    1496108 kB
Buffers:           51648 kB
Cached:           410868 kB
MemTotal:        1844596 kB
MemFree:         1146792 kB
MemAvailable:    1495688 kB
Buffers:           51648 kB
Cached:           410868 kB
MemTotal:        1844596 kB
MemFree:         1147036 kB
MemAvailable:    1495932 kB
Buffers:           51648 kB
Cached:           410868 kB
MemTotal:        1844596 kB
MemFree:         1147288 kB
MemAvailable:    1495512 kB
Buffers:           51648 kB
Cached:           410152 kB
MemTotal:        1844596 kB
MemFree:         1208692 kB
MemAvailable:    1556916 kB
Buffers:           51648 kB
Cached:           410152 kB
MemTotal:        1844596 kB
MemFree:         1211780 kB
MemAvailable:    1560004 kB
Buffers:           51648 kB
Cached:           410152 kB
