MemTotal:        1844596 kB
MemFree:         1156448 kB
MemAvailable:    1561304 kB
Buffers:           58048 kB
Cached:           455976 kB
MemTotal:        1844596 kB
MemFree:         1130516 kB
MemAvailable:    1535384 kB
Buffers:           58048 kB
Cached:           455980 kB
MemTotal:        1844596 kB
MemFree:         1127416 kB
MemAvailable:    1532284 kB
Buffers:           58048 kB
Cached:           455980 kB
MemTotal:        1844596 kB
MemFree:         1126548 kB
MemAvailable:    1531416 kB
Buffers:           58048 kB
Cached:           455980 kB
MemTotal:        1844596 kB
MemFree:         1123944 kB
MemAvailable:    1528812 kB
Buffers:           58048 kB
Cached:           455980 kB
MemTotal:        1844596 kB
MemFree:         1123952 kB
MemAvailable:    1528820 kB
Buffers:           58048 kB
Cached:           455980 kB
MemTotal:        1844596 kB
MemFree:         1123192 kB
MemAvailable:    1528060 kB
Buffers:           58048 kB
Cached:           455980 kB
MemTotal:        1844596 kB
MemFree:         1122836 kB
MemAvailable:    1527704 kB
Buffers:           58048 kB
Cached:           455980 kB
MemTotal:        1844596 kB
MemFree:         1118736 kB
MemAvailable:    1523604 kB
Buffers:           58048 kB
Cached:           455980 kB
MemTotal:        1844596 kB
MemFree:         1115644 kB
MemAvailable:    1520512 kB
Buffers:           58048 kB
Cached:           455980 kB
MemTotal:        1844596 kB
MemFree:         1114004 kB
MemAvailable:    1518872 kB
Buffers:           58048 kB
Cached:           455980 kB
MemTotal:        1844596 kB
MemFree:         1114068 kB
MemAvailable:    1518936 kB
Buffers:           58048 kB
Cached:           455980 kB
MemTotal:        1844596 kB
MemFree:         1114068 kB
MemAvailable:    1518936 kB
Buffers:           58048 kB
Cached:           455980 kB
MemTotal:        1844596 kB
MemFree:         1115524 kB
MemAvailable:    1520392 kB
Buffers:           58048 kB
Cached:           455980 kB
MemTotal:        1844596 kB
MemFree:         1113892 kB
MemAvailable:    1518760 kB
Buffers:           58048 kB
Cached:           455980 kB
MemTotal:        1844596 kB
MemFree:         1115140 kB
MemAvailable:    1520008 kB
Buffers:           58048 kB
Cached:           455980 kB
MemTotal:        1844596 kB
MemFree:         1113288 kB
MemAvailable:    1518156 kB
Buffers:           58048 kB
Cached:           455980 kB
MemTotal:        1844596 kB
MemFree:         1112288 kB
MemAvailable:    1517156 kB
Buffers:           58048 kB
Cached:           455980 kB
MemTotal:        1844596 kB
MemFree:         1111924 kB
MemAvailable:    1516792 kB
Buffers:           58048 kB
Cached:           455980 kB
MemTotal:        1844596 kB
MemFree:         1113224 kB
MemAvailable:    1518092 kB
Buffers:           58048 kB
Cached:           455980 kB
MemTotal:        1844596 kB
MemFree:         1113024 kB
MemAvailable:    1517892 kB
Buffers:           58048 kB
Cached:           455980 kB
MemTotal:        1844596 kB
MemFree:         1111488 kB
MemAvailable:    1516356 kB
Buffers:           58048 kB
Cached:           455980 kB
MemTotal:        1844596 kB
MemFree:         1112888 kB
MemAvailable:    1517756 kB
Buffers:           58048 kB
Cached:           455980 kB
MemTotal:        1844596 kB
MemFree:         1112420 kB
MemAvailable:    1517164 kB
Buffers:           58048 kB
Cached:           455980 kB
MemTotal:        1844596 kB
MemFree:         1111784 kB
MemAvailable:    1516652 kB
Buffers:           58048 kB
Cached:           455980 kB
MemTotal:        1844596 kB
MemFree:         1112860 kB
MemAvailable:    1517728 kB
Buffers:           58048 kB
Cached:           455980 kB
MemTotal:        1844596 kB
MemFree:         1114404 kB
MemAvailable:    1519272 kB
Buffers:           58048 kB
Cached:           455980 kB
MemTotal:        1844596 kB
MemFree:         1112868 kB
MemAvailable:    1517736 kB
Buffers:           58048 kB
Cached:           455980 kB
MemTotal:        1844596 kB
MemFree:         1111660 kB
MemAvailable:    1516528 kB
Buffers:           58048 kB
Cached:           455980 kB
MemTotal:        1844596 kB
MemFree:         1111872 kB
MemAvailable:    1516740 kB
Buffers:           58048 kB
Cached:           455980 kB
MemTotal:        1844596 kB
MemFree:         1109312 kB
MemAvailable:    1514180 kB
Buffers:           58048 kB
Cached:           455980 kB
MemTotal:        1844596 kB
MemFree:         1108824 kB
MemAvailable:    1513692 kB
Buffers:           58048 kB
Cached:           455980 kB
MemTotal:        1844596 kB
MemFree:         1109620 kB
MemAvailable:    1514488 kB
Buffers:           58048 kB
Cached:           455980 kB
MemTotal:        1844596 kB
MemFree:         1108452 kB
MemAvailable:    1513320 kB
Buffers:           58048 kB
Cached:           455980 kB
MemTotal:        1844596 kB
MemFree:         1109132 kB
MemAvailable:    1514000 kB
Buffers:           58048 kB
Cached:           455980 kB
MemTotal:        1844596 kB
MemFree:         1107568 kB
MemAvailable:    1512436 kB
Buffers:           58048 kB
Cached:           455980 kB
MemTotal:        1844596 kB
MemFree:         1107444 kB
MemAvailable:    1512312 kB
Buffers:           58048 kB
Cached:           455980 kB
MemTotal:        1844596 kB
MemFree:         1108636 kB
MemAvailable:    1513504 kB
Buffers:           58048 kB
Cached:           455980 kB
MemTotal:        1844596 kB
MemFree:         1107308 kB
MemAvailable:    1512176 kB
Buffers:           58048 kB
Cached:           455980 kB
MemTotal:        1844596 kB
MemFree:         1108436 kB
MemAvailable:    1513308 kB
Buffers:           58048 kB
Cached:           455984 kB
MemTotal:        1844596 kB
MemFree:         1107336 kB
MemAvailable:    1512208 kB
Buffers:           58048 kB
Cached:           455984 kB
MemTotal:        1844596 kB
MemFree:         1108064 kB
MemAvailable:    1512936 kB
Buffers:           58048 kB
Cached:           455984 kB
MemTotal:        1844596 kB
MemFree:         1107956 kB
MemAvailable:    1512828 kB
Buffers:           58048 kB
Cached:           455984 kB
MemTotal:        1844596 kB
MemFree:         1107816 kB
MemAvailable:    1512688 kB
Buffers:           58048 kB
Cached:           455984 kB
MemTotal:        1844596 kB
MemFree:         1107504 kB
MemAvailable:    1512376 kB
Buffers:           58048 kB
Cached:           455984 kB
MemTotal:        1844596 kB
MemFree:         1106288 kB
MemAvailable:    1511160 kB
Buffers:           58048 kB
Cached:           455984 kB
MemTotal:        1844596 kB
MemFree:         1107632 kB
MemAvailable:    1512504 kB
Buffers:           58048 kB
Cached:           455984 kB
MemTotal:        1844596 kB
MemFree:         1107884 kB
MemAvailable:    1512756 kB
Buffers:           58048 kB
Cached:           455984 kB
MemTotal:        1844596 kB
MemFree:         1107512 kB
MemAvailable:    1512384 kB
Buffers:           58048 kB
Cached:           455984 kB
MemTotal:        1844596 kB
MemFree:         1106704 kB
MemAvailable:    1511576 kB
Buffers:           58048 kB
Cached:           455984 kB
MemTotal:        1844596 kB
MemFree:         1107812 kB
MemAvailable:    1512684 kB
Buffers:           58048 kB
Cached:           455984 kB
MemTotal:        1844596 kB
MemFree:         1107612 kB
MemAvailable:    1512484 kB
Buffers:           58048 kB
Cached:           455984 kB
MemTotal:        1844596 kB
MemFree:         1107952 kB
MemAvailable:    1512824 kB
Buffers:           58048 kB
Cached:           455984 kB
MemTotal:        1844596 kB
MemFree:         1107712 kB
MemAvailable:    1512584 kB
Buffers:           58048 kB
Cached:           455984 kB
MemTotal:        1844596 kB
MemFree:         1107576 kB
MemAvailable:    1512448 kB
Buffers:           58048 kB
Cached:           455984 kB
MemTotal:        1844596 kB
MemFree:         1106016 kB
MemAvailable:    1510888 kB
Buffers:           58048 kB
Cached:           455984 kB
MemTotal:        1844596 kB
MemFree:         1107088 kB
MemAvailable:    1511960 kB
Buffers:           58048 kB
Cached:           455984 kB
MemTotal:        1844596 kB
MemFree:         1106976 kB
MemAvailable:    1511848 kB
Buffers:           58048 kB
Cached:           455984 kB
MemTotal:        1844596 kB
MemFree:         1105668 kB
MemAvailable:    1510540 kB
Buffers:           58048 kB
Cached:           455984 kB
MemTotal:        1844596 kB
MemFree:         1106844 kB
MemAvailable:    1511716 kB
Buffers:           58048 kB
Cached:           455984 kB
MemTotal:        1844596 kB
MemFree:         1106096 kB
MemAvailable:    1510968 kB
Buffers:           58048 kB
Cached:           455984 kB
MemTotal:        1844596 kB
MemFree:         1106848 kB
MemAvailable:    1511720 kB
Buffers:           58048 kB
Cached:           455984 kB
MemTotal:        1844596 kB
MemFree:         1106900 kB
MemAvailable:    1511772 kB
Buffers:           58048 kB
Cached:           455984 kB
MemTotal:        1844596 kB
MemFree:         1106528 kB
MemAvailable:    1511400 kB
Buffers:           58048 kB
Cached:           455984 kB
MemTotal:        1844596 kB
MemFree:         1105476 kB
MemAvailable:    1510348 kB
Buffers:           58048 kB
Cached:           455984 kB
MemTotal:        1844596 kB
MemFree:         1105600 kB
MemAvailable:    1510472 kB
Buffers:           58048 kB
Cached:           455984 kB
MemTotal:        1844596 kB
MemFree:         1106628 kB
MemAvailable:    1511500 kB
Buffers:           58048 kB
Cached:           455984 kB
MemTotal:        1844596 kB
MemFree:         1106660 kB
MemAvailable:    1511532 kB
Buffers:           58052 kB
Cached:           455980 kB
MemTotal:        1844596 kB
MemFree:         1102748 kB
MemAvailable:    1507620 kB
Buffers:           58052 kB
Cached:           455980 kB
MemTotal:        1844596 kB
MemFree:         1099508 kB
MemAvailable:    1504380 kB
Buffers:           58052 kB
Cached:           455980 kB
MemTotal:        1844596 kB
MemFree:         1098532 kB
MemAvailable:    1503404 kB
Buffers:           58052 kB
Cached:           455980 kB
MemTotal:        1844596 kB
MemFree:         1099220 kB
MemAvailable:    1504092 kB
Buffers:           58052 kB
Cached:           455980 kB
MemTotal:        1844596 kB
MemFree:         1097716 kB
MemAvailable:    1502588 kB
Buffers:           58052 kB
Cached:           455980 kB
MemTotal:        1844596 kB
MemFree:         1098832 kB
MemAvailable:    1503704 kB
Buffers:           58052 kB
Cached:           455980 kB
MemTotal:        1844596 kB
MemFree:         1098888 kB
MemAvailable:    1503760 kB
Buffers:           58052 kB
Cached:           455980 kB
MemTotal:        1844596 kB
MemFree:         1098276 kB
MemAvailable:    1503148 kB
Buffers:           58052 kB
Cached:           455980 kB
MemTotal:        1844596 kB
MemFree:         1098820 kB
MemAvailable:    1503692 kB
Buffers:           58052 kB
Cached:           455980 kB
MemTotal:        1844596 kB
MemFree:         1098876 kB
MemAvailable:    1503748 kB
Buffers:           58052 kB
Cached:           455980 kB
MemTotal:        1844596 kB
MemFree:         1097464 kB
MemAvailable:    1502336 kB
Buffers:           58052 kB
Cached:           455980 kB
MemTotal:        1844596 kB
MemFree:         1098640 kB
MemAvailable:    1503512 kB
Buffers:           58052 kB
Cached:           455980 kB
MemTotal:        1844596 kB
MemFree:         1098656 kB
MemAvailable:    1503528 kB
Buffers:           58052 kB
Cached:           455980 kB
MemTotal:        1844596 kB
MemFree:         1098784 kB
MemAvailable:    1503656 kB
Buffers:           58052 kB
Cached:           455980 kB
MemTotal:        1844596 kB
MemFree:         1098784 kB
MemAvailable:    1503656 kB
Buffers:           58052 kB
Cached:           455980 kB
MemTotal:        1844596 kB
MemFree:         1097608 kB
MemAvailable:    1502480 kB
Buffers:           58052 kB
Cached:           455980 kB
MemTotal:        1844596 kB
MemFree:         1097732 kB
MemAvailable:    1502604 kB
Buffers:           58052 kB
Cached:           455980 kB
MemTotal:        1844596 kB
MemFree:         1098472 kB
MemAvailable:    1503344 kB
Buffers:           58052 kB
Cached:           455980 kB
MemTotal:        1844596 kB
MemFree:         1097028 kB
MemAvailable:    1501900 kB
Buffers:           58052 kB
Cached:           455980 kB
MemTotal:        1844596 kB
MemFree:         1097540 kB
MemAvailable:    1502412 kB
Buffers:           58052 kB
Cached:           455980 kB
MemTotal:        1844596 kB
MemFree:         1096300 kB
MemAvailable:    1501172 kB
Buffers:           58052 kB
Cached:           455980 kB
MemTotal:        1844596 kB
MemFree:         1096052 kB
MemAvailable:    1500924 kB
Buffers:           58052 kB
Cached:           455980 kB
MemTotal:        1844596 kB
MemFree:         1095680 kB
MemAvailable:    1500552 kB
Buffers:           58052 kB
Cached:           455980 kB
MemTotal:        1844596 kB
MemFree:         1096088 kB
MemAvailable:    1500960 kB
Buffers:           58052 kB
Cached:           455980 kB
MemTotal:        1844596 kB
MemFree:         1095808 kB
MemAvailable:    1500680 kB
Buffers:           58052 kB
Cached:           455980 kB
MemTotal:        1844596 kB
MemFree:         1095128 kB
MemAvailable:    1500000 kB
Buffers:           58052 kB
Cached:           455980 kB
MemTotal:        1844596 kB
MemFree:         1094564 kB
MemAvailable:    1499436 kB
Buffers:           58052 kB
Cached:           455980 kB
MemTotal:        1844596 kB
MemFree:         1094012 kB
MemAvailable:    1498884 kB
Buffers:           58052 kB
Cached:           455980 kB
MemTotal:        1844596 kB
MemFree:         1094012 kB
MemAvailable:    1498884 kB
Buffers:           58052 kB
Cached:           455980 kB
MemTotal:        1844596 kB
MemFree:         1094136 kB
MemAvailable:    1499008 kB
Buffers:           58052 kB
Cached:           455980 kB
MemTotal:        1844596 kB
MemFree:         1095252 kB
MemAvailable:    1500124 kB
Buffers:           58052 kB
Cached:           455980 kB
MemTotal:        1844596 kB
MemFree:         1094004 kB
MemAvailable:    1498876 kB
Buffers:           58052 kB
Cached:           455980 kB
MemTotal:        1844596 kB
MemFree:         1095180 kB
MemAvailable:    1500052 kB
Buffers:           58052 kB
Cached:           455980 kB
MemTotal:        1844596 kB
MemFree:         1094068 kB
MemAvailable:    1498940 kB
Buffers:           58052 kB
Cached:           455980 kB
MemTotal:        1844596 kB
MemFree:         1094908 kB
MemAvailable:    1499780 kB
Buffers:           58052 kB
Cached:           455980 kB
MemTotal:        1844596 kB
MemFree:         1095160 kB
MemAvailable:    1500032 kB
Buffers:           58052 kB
Cached:           455980 kB
MemTotal:        1844596 kB
MemFree:         1093308 kB
MemAvailable:    1498180 kB
Buffers:           58052 kB
Cached:           455980 kB
MemTotal:        1844596 kB
MemFree:         1094484 kB
MemAvailable:    1499356 kB
Buffers:           58052 kB
Cached:           455980 kB
MemTotal:        1844596 kB
MemFree:         1093176 kB
MemAvailable:    1498048 kB
Buffers:           58052 kB
Cached:           455980 kB
MemTotal:        1844596 kB
MemFree:         1087176 kB
MemAvailable:    1492060 kB
Buffers:           58052 kB
Cached:           455992 kB
MemTotal:        1844596 kB
MemFree:         1087004 kB
MemAvailable:    1491888 kB
Buffers:           58052 kB
Cached:           455992 kB
MemTotal:        1844596 kB
MemFree:         1085696 kB
MemAvailable:    1490580 kB
Buffers:           58052 kB
Cached:           455992 kB
MemTotal:        1844596 kB
MemFree:         1087164 kB
MemAvailable:    1492048 kB
Buffers:           58052 kB
Cached:           455992 kB
MemTotal:        1844596 kB
MemFree:         1086848 kB
MemAvailable:    1491732 kB
Buffers:           58052 kB
Cached:           455992 kB
MemTotal:        1844596 kB
MemFree:         1085816 kB
MemAvailable:    1490700 kB
Buffers:           58052 kB
Cached:           455992 kB
MemTotal:        1844596 kB
MemFree:         1087744 kB
MemAvailable:    1492628 kB
Buffers:           58052 kB
Cached:           455992 kB
MemTotal:        1844596 kB
MemFree:         1088780 kB
MemAvailable:    1493748 kB
Buffers:           58052 kB
Cached:           456116 kB
MemTotal:        1844596 kB
MemFree:         1087240 kB
MemAvailable:    1492292 kB
Buffers:           58052 kB
Cached:           456116 kB
MemTotal:        1844596 kB
MemFree:         1088224 kB
MemAvailable:    1493444 kB
Buffers:           58052 kB
Cached:           456364 kB
MemTotal:        1844596 kB
MemFree:         1087868 kB
MemAvailable:    1493088 kB
Buffers:           58052 kB
Cached:           456364 kB
MemTotal:        1844596 kB
MemFree:         1087976 kB
MemAvailable:    1493280 kB
Buffers:           58052 kB
Cached:           456488 kB
MemTotal:        1844596 kB
MemFree:         1086472 kB
MemAvailable:    1491860 kB
Buffers:           58052 kB
Cached:           456612 kB
MemTotal:        1844596 kB
MemFree:         1086604 kB
MemAvailable:    1492076 kB
Buffers:           58052 kB
Cached:           456612 kB
MemTotal:        1844596 kB
MemFree:         1087796 kB
MemAvailable:    1493352 kB
Buffers:           58052 kB
Cached:           456736 kB
MemTotal:        1844596 kB
MemFree:         1087780 kB
MemAvailable:    1493336 kB
Buffers:           58052 kB
Cached:           456736 kB
MemTotal:        1844596 kB
MemFree:         1086460 kB
MemAvailable:    1492016 kB
Buffers:           58052 kB
Cached:           456736 kB
MemTotal:        1844596 kB
MemFree:         1087696 kB
MemAvailable:    1493252 kB
Buffers:           58052 kB
Cached:           456736 kB
MemTotal:        1844596 kB
MemFree:         1087868 kB
MemAvailable:    1493424 kB
Buffers:           58052 kB
Cached:           456736 kB
MemTotal:        1844596 kB
MemFree:         1086316 kB
MemAvailable:    1491872 kB
Buffers:           58052 kB
Cached:           456736 kB
MemTotal:        1844596 kB
MemFree:         1088376 kB
MemAvailable:    1493344 kB
Buffers:           58052 kB
Cached:           456104 kB
MemTotal:        1844596 kB
MemFree:         1127120 kB
MemAvailable:    1532088 kB
Buffers:           58052 kB
Cached:           456104 kB
MemTotal:        1844596 kB
MemFree:         1156332 kB
MemAvailable:    1561216 kB
Buffers:           58052 kB
Cached:           456028 kB
