MemTotal:        1844596 kB
MemFree:         1249156 kB
MemAvailable:    1565676 kB
Buffers:           47884 kB
Cached:           384628 kB
MemTotal:        1844596 kB
MemFree:         1223936 kB
MemAvailable:    1540460 kB
Buffers:           47884 kB
Cached:           384632 kB
MemTotal:        1844596 kB
MemFree:         1220100 kB
MemAvailable:    1536624 kB
Buffers:           47884 kB
Cached:           384632 kB
MemTotal:        1844596 kB
MemFree:         1219224 kB
MemAvailable:    1535748 kB
Buffers:           47884 kB
Cached:           384632 kB
MemTotal:        1844596 kB
MemFree:         1217696 kB
MemAvailable:    1534220 kB
Buffers:           47884 kB
Cached:           384632 kB
MemTotal:        1844596 kB
MemFree:         1216876 kB
MemAvailable:    1533400 kB
Buffers:           47884 kB
Cached:           384632 kB
MemTotal:        1844596 kB
MemFree:         1218008 kB
MemAvailable:    1534532 kB
Buffers:           47884 kB
Cached:           384632 kB
MemTotal:        1844596 kB
MemFree:         1215084 kB
MemAvailable:    1531608 kB
Buffers:           47884 kB
Cached:           384632 kB
MemTotal:        1844596 kB
MemFree:         1211412 kB
MemAvailable:    1527936 kB
Buffers:           47884 kB
Cached:           384632 kB
MemTotal:        1844596 kB
MemFree:         1210808 kB
MemAvailable:    1527332 kB
Buffers:           47884 kB
Cached:           384632 kB
MemTotal:        1844596 kB
MemFree:         1207624 kB
MemAvailable:    1524148 kB
Buffers:           47884 kB
Cached:           384632 kB
MemTotal:        1844596 kB
MemFree:         1207960 kB
MemAvailable:    1524484 kB
Buffers:           47884 kB
Cached:           384632 kB
MemTotal:        1844596 kB
MemFree:         1206636 kB
MemAvailable:    1523160 kB
Buffers:           47884 kB
Cached:           384632 kB
MemTotal:        1844596 kB
MemFree:         1206636 kB
MemAvailable:    1523160 kB
Buffers:           47884 kB
Cached:           384632 kB
MemTotal:        1844596 kB
MemFree:         1208160 kB
MemAvailable:    1524684 kB
Buffers:           47884 kB
Cached:           384632 kB
MemTotal:        1844596 kB
MemFree:         1207724 kB
MemAvailable:    1524248 kB
Buffers:           47884 kB
Cached:           384632 kB
MemTotal:        1844596 kB
MemFree:         1207272 kB
MemAvailable:    1523796 kB
Buffers:           47884 kB
Cached:           384632 kB
MemTotal:        1844596 kB
MemFree:         1207072 kB
MemAvailable:    1523596 kB
Buffers:           47884 kB
Cached:           384632 kB
MemTotal:        1844596 kB
MemFree:         1204848 kB
MemAvailable:    1521372 kB
Buffers:           47884 kB
Cached:           384632 kB
MemTotal:        1844596 kB
MemFree:         1205460 kB
MemAvailable:    1521984 kB
Buffers:           47884 kB
Cached:           384632 kB
MemTotal:        1844596 kB
MemFree:         1205600 kB
MemAvailable:    1522124 kB
Buffers:           47884 kB
Cached:           384632 kB
MemTotal:        1844596 kB
MemFree:         1205448 kB
MemAvailable:    1521972 kB
Buffers:           47884 kB
Cached:           384632 kB
MemTotal:        1844596 kB
MemFree:         1205700 kB
MemAvailable:    1522224 kB
Buffers:           47884 kB
Cached:           384632 kB
MemTotal:        1844596 kB
MemFree:         1205588 kB
MemAvailable:    1522112 kB
Buffers:           47884 kB
Cached:           384632 kB
MemTotal:        1844596 kB
MemFree:         1205704 kB
MemAvailable:    1522228 kB
Buffers:           47884 kB
Cached:           384632 kB
MemTotal:        1844596 kB
MemFree:         1204300 kB
MemAvailable:    1520824 kB
Buffers:           47884 kB
Cached:           384632 kB
MemTotal:        1844596 kB
MemFree:         1206972 kB
MemAvailable:    1523496 kB
Buffers:           47884 kB
Cached:           384632 kB
MemTotal:        1844596 kB
MemFree:         1205544 kB
MemAvailable:    1522068 kB
Buffers:           47884 kB
Cached:           384632 kB
MemTotal:        1844596 kB
MemFree:         1206080 kB
MemAvailable:    1522604 kB
Buffers:           47884 kB
Cached:           384632 kB
MemTotal:        1844596 kB
MemFree:         1205848 kB
MemAvailable:    1522372 kB
Buffers:           47884 kB
Cached:           384632 kB
MemTotal:        1844596 kB
MemFree:         1203352 kB
MemAvailable:    1519876 kB
Buffers:           47884 kB
Cached:           384632 kB
MemTotal:        1844596 kB
MemFree:         1203688 kB
MemAvailable:    1520212 kB
Buffers:           47884 kB
Cached:           384632 kB
MemTotal:        1844596 kB
MemFree:         1201748 kB
MemAvailable:    1518272 kB
Buffers:           47884 kB
Cached:           384632 kB
MemTotal:        1844596 kB
MemFree:         1202624 kB
MemAvailable:    1519148 kB
Buffers:           47884 kB
Cached:           384632 kB
MemTotal:        1844596 kB
MemFree:         1200640 kB
MemAvailable:    1517164 kB
Buffers:           47884 kB
Cached:           384632 kB
MemTotal:        1844596 kB
MemFree:         1200764 kB
MemAvailable:    1517288 kB
Buffers:           47884 kB
Cached:           384632 kB
MemTotal:        1844596 kB
MemFree:         1201736 kB
MemAvailable:    1518260 kB
Buffers:           47884 kB
Cached:           384632 kB
MemTotal:        1844596 kB
MemFree:         1201376 kB
MemAvailable:    1517900 kB
Buffers:           47884 kB
Cached:           384632 kB
MemTotal:        1844596 kB
MemFree:         1201560 kB
MemAvailable:    1518084 kB
Buffers:           47884 kB
Cached:           384632 kB
MemTotal:        1844596 kB
MemFree:         1200124 kB
MemAvailable:    1516648 kB
Buffers:           47884 kB
Cached:           384632 kB
MemTotal:        1844596 kB
MemFree:         1200136 kB
MemAvailable:    1516660 kB
Buffers:           47884 kB
Cached:           384632 kB
MemTotal:        1844596 kB
MemFree:         1199444 kB
MemAvailable:    1515968 kB
Buffers:           47884 kB
Cached:           384632 kB
MemTotal:        1844596 kB
MemFree:         1199392 kB
MemAvailable:    1515916 kB
Buffers:           47884 kB
Cached:           384632 kB
MemTotal:        1844596 kB
MemFree:         1200336 kB
MemAvailable:    1516860 kB
Buffers:           47884 kB
Cached:           384632 kB
MemTotal:        1844596 kB
MemFree:         1200468 kB
MemAvailable:    1516992 kB
Buffers:           47884 kB
Cached:           384632 kB
MemTotal:        1844596 kB
MemFree:         1200272 kB
MemAvailable:    1516796 kB
Buffers:           47884 kB
Cached:           384632 kB
MemTotal:        1844596 kB
MemFree:         1200296 kB
MemAvailable:    1516820 kB
Buffers:           47884 kB
Cached:           384632 kB
MemTotal:        1844596 kB
MemFree:         1200392 kB
MemAvailable:    1516916 kB
Buffers:           47884 kB
Cached:           384632 kB
MemTotal:        1844596 kB
MemFree:         1200296 kB
MemAvailable:    1516820 kB
Buffers:           47884 kB
Cached:           384632 kB
MemTotal:        1844596 kB
MemFree:         1200396 kB
MemAvailable:    1516920 kB
Buffers:           47884 kB
Cached:           384632 kB
MemTotal:        1844596 kB
MemFree:         1200452 kB
MemAvailable:    1516976 kB
Buffers:           47884 kB
Cached:           384632 kB
MemTotal:        1844596 kB
MemFree:         1200456 kB
MemAvailable:    1516980 kB
Buffers:           47884 kB
Cached:           384632 kB
MemTotal:        1844596 kB
MemFree:         1198956 kB
MemAvailable:    1515480 kB
Buffers:           47884 kB
Cached:           384632 kB
MemTotal:        1844596 kB
MemFree:         1198948 kB
MemAvailable:    1515472 kB
Buffers:           47884 kB
Cached:           384632 kB
MemTotal:        1844596 kB
MemFree:         1200256 kB
MemAvailable:    1516780 kB
Buffers:           47884 kB
Cached:           384632 kB
MemTotal:        1844596 kB
MemFree:         1199400 kB
MemAvailable:    1515924 kB
Buffers:           47884 kB
Cached:           384632 kB
MemTotal:        1844596 kB
MemFree:         1199592 kB
MemAvailable:    1516116 kB
Buffers:           47884 kB
Cached:           384632 kB
MemTotal:        1844596 kB
MemFree:         1198476 kB
MemAvailable:    1515000 kB
Buffers:           47884 kB
Cached:           384632 kB
MemTotal:        1844596 kB
MemFree:         1198468 kB
MemAvailable:    1514992 kB
Buffers:           47884 kB
Cached:           384632 kB
MemTotal:        1844596 kB
MemFree:         1198600 kB
MemAvailable:    1515124 kB
Buffers:           47884 kB
Cached:           384632 kB
MemTotal:        1844596 kB
MemFree:         1199896 kB
MemAvailable:    1516420 kB
Buffers:           47884 kB
Cached:           384632 kB
MemTotal:        1844596 kB
MemFree:         1198344 kB
MemAvailable:    1514868 kB
Buffers:           47884 kB
Cached:           384632 kB
MemTotal:        1844596 kB
MemFree:         1198460 kB
MemAvailable:    1514984 kB
Buffers:           47884 kB
Cached:           384632 kB
MemTotal:        1844596 kB
MemFree:         1198576 kB
MemAvailable:    1515100 kB
Buffers:           47884 kB
Cached:           384632 kB
MemTotal:        1844596 kB
MemFree:         1199436 kB
MemAvailable:    1515960 kB
Buffers:           47884 kB
Cached:           384632 kB
MemTotal:        1844596 kB
MemFree:         1198780 kB
MemAvailable:    1515304 kB
Buffers:           47884 kB
Cached:           384632 kB
MemTotal:        1844596 kB
MemFree:         1198144 kB
MemAvailable:    1514668 kB
Buffers:           47884 kB
Cached:           384632 kB
MemTotal:        1844596 kB
MemFree:         1197788 kB
MemAvailable:    1514312 kB
Buffers:           47884 kB
Cached:           384632 kB
MemTotal:        1844596 kB
MemFree:         1194432 kB
MemAvailable:    1510960 kB
Buffers:           47884 kB
Cached:           384636 kB
MemTotal:        1844596 kB
MemFree:         1192208 kB
MemAvailable:    1508736 kB
Buffers:           47884 kB
Cached:           384636 kB
MemTotal:        1844596 kB
MemFree:         1190720 kB
MemAvailable:    1507252 kB
Buffers:           47884 kB
Cached:           384640 kB
MemTotal:        1844596 kB
MemFree:         1191768 kB
MemAvailable:    1508300 kB
Buffers:           47884 kB
Cached:           384640 kB
MemTotal:        1844596 kB
MemFree:         1190548 kB
MemAvailable:    1507080 kB
Buffers:           47884 kB
Cached:           384640 kB
MemTotal:        1844596 kB
MemFree:         1191580 kB
MemAvailable:    1508112 kB
Buffers:           47884 kB
Cached:           384640 kB
MemTotal:        1844596 kB
MemFree:         1190836 kB
MemAvailable:    1507368 kB
Buffers:           47884 kB
Cached:           384640 kB
MemTotal:        1844596 kB
MemFree:         1191444 kB
MemAvailable:    1507976 kB
Buffers:           47884 kB
Cached:           384640 kB
MemTotal:        1844596 kB
MemFree:         1190320 kB
MemAvailable:    1506852 kB
Buffers:           47884 kB
Cached:           384640 kB
MemTotal:        1844596 kB
MemFree:         1191448 kB
MemAvailable:    1507980 kB
Buffers:           47884 kB
Cached:           384640 kB
MemTotal:        1844596 kB
MemFree:         1191464 kB
MemAvailable:    1507996 kB
Buffers:           47884 kB
Cached:           384640 kB
MemTotal:        1844596 kB
MemFree:         1191460 kB
MemAvailable:    1507992 kB
Buffers:           47884 kB
Cached:           384640 kB
MemTotal:        1844596 kB
MemFree:         1190204 kB
MemAvailable:    1506736 kB
Buffers:           47884 kB
Cached:           384640 kB
MemTotal:        1844596 kB
MemFree:         1190320 kB
MemAvailable:    1506852 kB
Buffers:           47884 kB
Cached:           384640 kB
MemTotal:        1844596 kB
MemFree:         1190328 kB
MemAvailable:    1506860 kB
Buffers:           47884 kB
Cached:           384640 kB
MemTotal:        1844596 kB
MemFree:         1190404 kB
MemAvailable:    1506936 kB
Buffers:           47884 kB
Cached:           384640 kB
MemTotal:        1844596 kB
MemFree:         1190828 kB
MemAvailable:    1507360 kB
Buffers:           47884 kB
Cached:           384640 kB
MemTotal:        1844596 kB
MemFree:         1190472 kB
MemAvailable:    1507004 kB
Buffers:           47884 kB
Cached:           384640 kB
MemTotal:        1844596 kB
MemFree:         1190076 kB
MemAvailable:    1506608 kB
Buffers:           47884 kB
Cached:           384640 kB
MemTotal:        1844596 kB
MemFree:         1189480 kB
MemAvailable:    1506012 kB
Buffers:           47884 kB
Cached:           384640 kB
MemTotal:        1844596 kB
MemFree:         1189572 kB
MemAvailable:    1506104 kB
Buffers:           47884 kB
Cached:           384640 kB
MemTotal:        1844596 kB
MemFree:         1189108 kB
MemAvailable:    1505640 kB
Buffers:           47884 kB
Cached:           384640 kB
MemTotal:        1844596 kB
MemFree:         1188844 kB
MemAvailable:    1505376 kB
Buffers:           47884 kB
Cached:           384640 kB
MemTotal:        1844596 kB
MemFree:         1188844 kB
MemAvailable:    1505376 kB
Buffers:           47884 kB
Cached:           384640 kB
MemTotal:        1844596 kB
MemFree:         1188424 kB
MemAvailable:    1504956 kB
Buffers:           47884 kB
Cached:           384640 kB
MemTotal:        1844596 kB
MemFree:         1188680 kB
MemAvailable:    1505212 kB
Buffers:           47884 kB
Cached:           384640 kB
MemTotal:        1844596 kB
MemFree:         1187116 kB
MemAvailable:    1503648 kB
Buffers:           47884 kB
Cached:           384640 kB
MemTotal:        1844596 kB
MemFree:         1187984 kB
MemAvailable:    1504516 kB
Buffers:           47884 kB
Cached:           384640 kB
MemTotal:        1844596 kB
MemFree:         1187504 kB
MemAvailable:    1504036 kB
Buffers:           47884 kB
Cached:           384640 kB
MemTotal:        1844596 kB
MemFree:         1187612 kB
MemAvailable:    1504144 kB
Buffers:           47884 kB
Cached:           384640 kB
MemTotal:        1844596 kB
MemFree:         1186324 kB
MemAvailable:    1502856 kB
Buffers:           47884 kB
Cached:           384640 kB
MemTotal:        1844596 kB
MemFree:         1187624 kB
MemAvailable:    1504156 kB
Buffers:           47884 kB
Cached:           384640 kB
MemTotal:        1844596 kB
MemFree:         1186236 kB
MemAvailable:    1502768 kB
Buffers:           47884 kB
Cached:           384640 kB
MemTotal:        1844596 kB
MemFree:         1187544 kB
MemAvailable:    1504076 kB
Buffers:           47884 kB
Cached:           384640 kB
MemTotal:        1844596 kB
MemFree:         1187620 kB
MemAvailable:    1504152 kB
Buffers:           47892 kB
Cached:           384632 kB
MemTotal:        1844596 kB
MemFree:         1187732 kB
MemAvailable:    1504264 kB
Buffers:           47896 kB
Cached:           384628 kB
MemTotal:        1844596 kB
MemFree:         1187164 kB
MemAvailable:    1503696 kB
Buffers:           47896 kB
Cached:           384628 kB
MemTotal:        1844596 kB
MemFree:         1186752 kB
MemAvailable:    1503284 kB
Buffers:           47896 kB
Cached:           384628 kB
MemTotal:        1844596 kB
MemFree:         1186364 kB
MemAvailable:    1502896 kB
Buffers:           47896 kB
Cached:           384628 kB
MemTotal:        1844596 kB
MemFree:         1184964 kB
MemAvailable:    1501496 kB
Buffers:           47896 kB
Cached:           384628 kB
MemTotal:        1844596 kB
MemFree:         1179992 kB
MemAvailable:    1496524 kB
Buffers:           47896 kB
Cached:           384628 kB
MemTotal:        1844596 kB
MemFree:         1179884 kB
MemAvailable:    1496416 kB
Buffers:           47896 kB
Cached:           384628 kB
MemTotal:        1844596 kB
MemFree:         1178504 kB
MemAvailable:    1495036 kB
Buffers:           47896 kB
Cached:           384628 kB
MemTotal:        1844596 kB
MemFree:         1179752 kB
MemAvailable:    1496284 kB
Buffers:           47896 kB
Cached:           384628 kB
MemTotal:        1844596 kB
MemFree:         1179664 kB
MemAvailable:    1496196 kB
Buffers:           47896 kB
Cached:           384628 kB
MemTotal:        1844596 kB
MemFree:         1181608 kB
MemAvailable:    1498140 kB
Buffers:           47896 kB
Cached:           384628 kB
MemTotal:        1844596 kB
MemFree:         1181296 kB
MemAvailable:    1497828 kB
Buffers:           47896 kB
Cached:           384628 kB
MemTotal:        1844596 kB
MemFree:         1181172 kB
MemAvailable:    1497788 kB
Buffers:           47896 kB
Cached:           384752 kB
MemTotal:        1844596 kB
MemFree:         1179800 kB
MemAvailable:    1496416 kB
Buffers:           47896 kB
Cached:           384752 kB
MemTotal:        1844596 kB
MemFree:         1179676 kB
MemAvailable:    1496460 kB
Buffers:           47896 kB
Cached:           384876 kB
MemTotal:        1844596 kB
MemFree:         1181028 kB
MemAvailable:    1497896 kB
Buffers:           47896 kB
Cached:           385000 kB
MemTotal:        1844596 kB
MemFree:         1179428 kB
MemAvailable:    1496380 kB
Buffers:           47896 kB
Cached:           385124 kB
MemTotal:        1844596 kB
MemFree:         1179436 kB
MemAvailable:    1496556 kB
Buffers:           47896 kB
Cached:           385248 kB
MemTotal:        1844596 kB
MemFree:         1180364 kB
MemAvailable:    1497568 kB
Buffers:           47896 kB
Cached:           385372 kB
MemTotal:        1844596 kB
MemFree:         1180532 kB
MemAvailable:    1497736 kB
Buffers:           47896 kB
Cached:           385372 kB
MemTotal:        1844596 kB
MemFree:         1180224 kB
MemAvailable:    1497428 kB
Buffers:           47896 kB
Cached:           385372 kB
MemTotal:        1844596 kB
MemFree:         1180400 kB
MemAvailable:    1497604 kB
Buffers:           47896 kB
Cached:           385372 kB
MemTotal:        1844596 kB
MemFree:         1180304 kB
MemAvailable:    1497508 kB
Buffers:           47896 kB
Cached:           385372 kB
MemTotal:        1844596 kB
MemFree:         1180248 kB
MemAvailable:    1497452 kB
Buffers:           47896 kB
Cached:           385372 kB
MemTotal:        1844596 kB
MemFree:         1179168 kB
MemAvailable:    1496372 kB
Buffers:           47896 kB
Cached:           385372 kB
MemTotal:        1844596 kB
MemFree:         1180596 kB
MemAvailable:    1497212 kB
Buffers:           47896 kB
Cached:           384656 kB
MemTotal:        1844596 kB
MemFree:         1245084 kB
MemAvailable:    1561700 kB
Buffers:           47896 kB
Cached:           384656 kB
MemTotal:        1844596 kB
MemFree:         1244404 kB
MemAvailable:    1560896 kB
Buffers:           47896 kB
Cached:           384656 kB
