MemTotal:        1844596 kB
MemFree:         1318316 kB
MemAvailable:    1574372 kB
Buffers:           39652 kB
Cached:           336968 kB
MemTotal:        1844596 kB
MemFree:         1290448 kB
MemAvailable:    1546508 kB
Buffers:           39652 kB
Cached:           336972 kB
MemTotal:        1844596 kB
MemFree:         1289820 kB
MemAvailable:    1545880 kB
Buffers:           39652 kB
Cached:           336972 kB
MemTotal:        1844596 kB
MemFree:         1288836 kB
MemAvailable:    1544896 kB
Buffers:           39652 kB
Cached:           336972 kB
MemTotal:        1844596 kB
MemFree:         1286224 kB
MemAvailable:    1542284 kB
Buffers:           39652 kB
Cached:           336972 kB
MemTotal:        1844596 kB
MemFree:         1287208 kB
MemAvailable:    1543268 kB
Buffers:           39652 kB
Cached:           336972 kB
MemTotal:        1844596 kB
MemFree:         1284976 kB
MemAvailable:    1541036 kB
Buffers:           39652 kB
Cached:           336972 kB
MemTotal:        1844596 kB
MemFree:         1284940 kB
MemAvailable:    1541000 kB
Buffers:           39652 kB
Cached:           336972 kB
MemTotal:        1844596 kB
MemFree:         1280264 kB
MemAvailable:    1536324 kB
Buffers:           39652 kB
Cached:           336972 kB
MemTotal:        1844596 kB
MemFree:         1280156 kB
MemAvailable:    1536216 kB
Buffers:           39652 kB
Cached:           336972 kB
MemTotal:        1844596 kB
MemFree:         1277408 kB
MemAvailable:    1533468 kB
Buffers:           39652 kB
Cached:           336972 kB
MemTotal:        1844596 kB
MemFree:         1276808 kB
MemAvailable:    1532868 kB
Buffers:           39652 kB
Cached:           336972 kB
MemTotal:        1844596 kB
MemFree:         1276000 kB
MemAvailable:    1532060 kB
Buffers:           39652 kB
Cached:           336972 kB
MemTotal:        1844596 kB
MemFree:         1277432 kB
MemAvailable:    1533492 kB
Buffers:           39652 kB
Cached:           336972 kB
MemTotal:        1844596 kB
MemFree:         1277300 kB
MemAvailable:    1533360 kB
Buffers:           39652 kB
Cached:           336972 kB
MemTotal:        1844596 kB
MemFree:         1277044 kB
MemAvailable:    1533104 kB
Buffers:           39652 kB
Cached:           336972 kB
MemTotal:        1844596 kB
MemFree:         1277172 kB
MemAvailable:    1533232 kB
Buffers:           39652 kB
Cached:           336972 kB
MemTotal:        1844596 kB
MemFree:         1274560 kB
MemAvailable:    1530620 kB
Buffers:           39652 kB
Cached:           336972 kB
MemTotal:        1844596 kB
MemFree:         1275552 kB
MemAvailable:    1531612 kB
Buffers:           39652 kB
Cached:           336972 kB
MemTotal:        1844596 kB
MemFree:         1275116 kB
MemAvailable:    1531176 kB
Buffers:           39652 kB
Cached:           336972 kB
MemTotal:        1844596 kB
MemFree:         1273700 kB
MemAvailable:    1529760 kB
Buffers:           39652 kB
Cached:           336972 kB
MemTotal:        1844596 kB
MemFree:         1274948 kB
MemAvailable:    1531008 kB
Buffers:           39652 kB
Cached:           336972 kB
MemTotal:        1844596 kB
MemFree:         1273832 kB
MemAvailable:    1529892 kB
Buffers:           39652 kB
Cached:           336972 kB
MemTotal:        1844596 kB
MemFree:         1275128 kB
MemAvailable:    1531188 kB
Buffers:           39652 kB
Cached:           336972 kB
MemTotal:        1844596 kB
MemFree:         1274900 kB
MemAvailable:    1530960 kB
Buffers:           39652 kB
Cached:           336972 kB
MemTotal:        1844596 kB
MemFree:         1274756 kB
MemAvailable:    1530816 kB
Buffers:           39652 kB
Cached:           336972 kB
MemTotal:        1844596 kB
MemFree:         1274204 kB
MemAvailable:    1530264 kB
Buffers:           39652 kB
Cached:           336972 kB
MemTotal:        1844596 kB
MemFree:         1276500 kB
MemAvailable:    1532560 kB
Buffers:           39652 kB
Cached:           336972 kB
MemTotal:        1844596 kB
MemFree:         1274900 kB
MemAvailable:    1530960 kB
Buffers:           39652 kB
Cached:           336972 kB
MemTotal:        1844596 kB
MemFree:         1274760 kB
MemAvailable:    1530820 kB
Buffers:           39652 kB
Cached:           336972 kB
MemTotal:        1844596 kB
MemFree:         1272592 kB
MemAvailable:    1528652 kB
Buffers:           39652 kB
Cached:           336972 kB
MemTotal:        1844596 kB
MemFree:         1272768 kB
MemAvailable:    1528828 kB
Buffers:           39652 kB
Cached:           336972 kB
MemTotal:        1844596 kB
MemFree:         1271832 kB
MemAvailable:    1527892 kB
Buffers:           39652 kB
Cached:           336972 kB
MemTotal:        1844596 kB
MemFree:         1272168 kB
MemAvailable:    1528228 kB
Buffers:           39652 kB
Cached:           336972 kB
MemTotal:        1844596 kB
MemFree:         1270484 kB
MemAvailable:    1526544 kB
Buffers:           39652 kB
Cached:           336972 kB
MemTotal:        1844596 kB
MemFree:         1269732 kB
MemAvailable:    1525792 kB
Buffers:           39652 kB
Cached:           336972 kB
MemTotal:        1844596 kB
MemFree:         1271104 kB
MemAvailable:    1527164 kB
Buffers:           39652 kB
Cached:           336972 kB
MemTotal:        1844596 kB
MemFree:         1270784 kB
MemAvailable:    1526844 kB
Buffers:           39652 kB
Cached:           336972 kB
MemTotal:        1844596 kB
MemFree:         1270536 kB
MemAvailable:    1526596 kB
Buffers:           39652 kB
Cached:           336972 kB
MemTotal:        1844596 kB
MemFree:         1270780 kB
MemAvailable:    1526840 kB
Buffers:           39652 kB
Cached:           336972 kB
MemTotal:        1844596 kB
MemFree:         1269348 kB
MemAvailable:    1525408 kB
Buffers:           39652 kB
Cached:           336972 kB
MemTotal:        1844596 kB
MemFree:         1270484 kB
MemAvailable:    1526544 kB
Buffers:           39652 kB
Cached:           336972 kB
MemTotal:        1844596 kB
MemFree:         1269848 kB
MemAvailable:    1525908 kB
Buffers:           39652 kB
Cached:           336972 kB
MemTotal:        1844596 kB
MemFree:         1269740 kB
MemAvailable:    1525800 kB
Buffers:           39652 kB
Cached:           336972 kB
MemTotal:        1844596 kB
MemFree:         1269692 kB
MemAvailable:    1525752 kB
Buffers:           39652 kB
Cached:           336972 kB
MemTotal:        1844596 kB
MemFree:         1268488 kB
MemAvailable:    1524548 kB
Buffers:           39652 kB
Cached:           336972 kB
MemTotal:        1844596 kB
MemFree:         1269672 kB
MemAvailable:    1525732 kB
Buffers:           39652 kB
Cached:           336972 kB
MemTotal:        1844596 kB
MemFree:         1269756 kB
MemAvailable:    1525816 kB
Buffers:           39652 kB
Cached:           336972 kB
MemTotal:        1844596 kB
MemFree:         1269800 kB
MemAvailable:    1525860 kB
Buffers:           39652 kB
Cached:           336972 kB
MemTotal:        1844596 kB
MemFree:         1269772 kB
MemAvailable:    1525832 kB
Buffers:           39652 kB
Cached:           336972 kB
MemTotal:        1844596 kB
MemFree:         1268424 kB
MemAvailable:    1524484 kB
Buffers:           39652 kB
Cached:           336972 kB
MemTotal:        1844596 kB
MemFree:         1268424 kB
MemAvailable:    1524484 kB
Buffers:           39652 kB
Cached:           336972 kB
MemTotal:        1844596 kB
MemFree:         1268424 kB
MemAvailable:    1524484 kB
Buffers:           39652 kB
Cached:           336972 kB
MemTotal:        1844596 kB
MemFree:         1269788 kB
MemAvailable:    1525848 kB
Buffers:           39652 kB
Cached:           336972 kB
MemTotal:        1844596 kB
MemFree:         1269648 kB
MemAvailable:    1525708 kB
Buffers:           39652 kB
Cached:           336972 kB
MemTotal:        1844596 kB
MemFree:         1268028 kB
MemAvailable:    1524088 kB
Buffers:           39652 kB
Cached:           336972 kB
MemTotal:        1844596 kB
MemFree:         1267988 kB
MemAvailable:    1524048 kB
Buffers:           39652 kB
Cached:           336972 kB
MemTotal:        1844596 kB
MemFree:         1269228 kB
MemAvailable:    1525288 kB
Buffers:           39652 kB
Cached:           336972 kB
MemTotal:        1844596 kB
MemFree:         1267724 kB
MemAvailable:    1523784 kB
Buffers:           39652 kB
Cached:           336972 kB
MemTotal:        1844596 kB
MemFree:         1267632 kB
MemAvailable:    1523692 kB
Buffers:           39652 kB
Cached:           336972 kB
MemTotal:        1844596 kB
MemFree:         1267624 kB
MemAvailable:    1523684 kB
Buffers:           39652 kB
Cached:           336972 kB
MemTotal:        1844596 kB
MemFree:         1268992 kB
MemAvailable:    1525052 kB
Buffers:           39652 kB
Cached:           336972 kB
MemTotal:        1844596 kB
MemFree:         1268948 kB
MemAvailable:    1525008 kB
Buffers:           39652 kB
Cached:           336972 kB
MemTotal:        1844596 kB
MemFree:         1268588 kB
MemAvailable:    1524648 kB
Buffers:           39652 kB
Cached:           336972 kB
MemTotal:        1844596 kB
MemFree:         1268324 kB
MemAvailable:    1524384 kB
Buffers:           39652 kB
Cached:           336972 kB
MemTotal:        1844596 kB
MemFree:         1267612 kB
MemAvailable:    1523672 kB
Buffers:           39652 kB
Cached:           336972 kB
MemTotal:        1844596 kB
MemFree:         1267756 kB
MemAvailable:    1523816 kB
Buffers:           39652 kB
Cached:           336972 kB
MemTotal:        1844596 kB
MemFree:         1265756 kB
MemAvailable:    1521816 kB
Buffers:           39652 kB
Cached:           336972 kB
MemTotal:        1844596 kB
MemFree:         1265596 kB
MemAvailable:    1521656 kB
Buffers:           39652 kB
Cached:           336972 kB
MemTotal:        1844596 kB
MemFree:         1260432 kB
MemAvailable:    1516492 kB
Buffers:           39652 kB
Cached:           336972 kB
MemTotal:        1844596 kB
MemFree:         1261556 kB
MemAvailable:    1517616 kB
Buffers:           39652 kB
Cached:           336972 kB
MemTotal:        1844596 kB
MemFree:         1260880 kB
MemAvailable:    1516940 kB
Buffers:           39652 kB
Cached:           336972 kB
MemTotal:        1844596 kB
MemFree:         1259436 kB
MemAvailable:    1515496 kB
Buffers:           39652 kB
Cached:           336972 kB
MemTotal:        1844596 kB
MemFree:         1259680 kB
MemAvailable:    1515740 kB
Buffers:           39652 kB
Cached:           336972 kB
MemTotal:        1844596 kB
MemFree:         1260796 kB
MemAvailable:    1516856 kB
Buffers:           39652 kB
Cached:           336972 kB
MemTotal:        1844596 kB
MemFree:         1259680 kB
MemAvailable:    1515740 kB
Buffers:           39652 kB
Cached:           336972 kB
MemTotal:        1844596 kB
MemFree:         1261000 kB
MemAvailable:    1517060 kB
Buffers:           39652 kB
Cached:           336972 kB
MemTotal:        1844596 kB
MemFree:         1260804 kB
MemAvailable:    1516864 kB
Buffers:           39652 kB
Cached:           336972 kB
MemTotal:        1844596 kB
MemFree:         1260892 kB
MemAvailable:    1516952 kB
Buffers:           39652 kB
Cached:           336972 kB
MemTotal:        1844596 kB
MemFree:         1261060 kB
MemAvailable:    1517120 kB
Buffers:           39652 kB
Cached:           336972 kB
MemTotal:        1844596 kB
MemFree:         1259508 kB
MemAvailable:    1515568 kB
Buffers:           39652 kB
Cached:           336972 kB
MemTotal:        1844596 kB
MemFree:         1260840 kB
MemAvailable:    1516900 kB
Buffers:           39652 kB
Cached:           336972 kB
MemTotal:        1844596 kB
MemFree:         1260940 kB
MemAvailable:    1517000 kB
Buffers:           39652 kB
Cached:           336972 kB
MemTotal:        1844596 kB
MemFree:         1260748 kB
MemAvailable:    1516808 kB
Buffers:           39652 kB
Cached:           336972 kB
MemTotal:        1844596 kB
MemFree:         1260376 kB
MemAvailable:    1516436 kB
Buffers:           39652 kB
Cached:           336972 kB
MemTotal:        1844596 kB
MemFree:         1259448 kB
MemAvailable:    1515508 kB
Buffers:           39652 kB
Cached:           336972 kB
MemTotal:        1844596 kB
MemFree:         1259888 kB
MemAvailable:    1515948 kB
Buffers:           39652 kB
Cached:           336972 kB
MemTotal:        1844596 kB
MemFree:         1259324 kB
MemAvailable:    1515392 kB
Buffers:           39652 kB
Cached:           336980 kB
MemTotal:        1844596 kB
MemFree:         1258076 kB
MemAvailable:    1514144 kB
Buffers:           39652 kB
Cached:           336980 kB
MemTotal:        1844596 kB
MemFree:         1257960 kB
MemAvailable:    1514028 kB
Buffers:           39652 kB
Cached:           336980 kB
MemTotal:        1844596 kB
MemFree:         1257092 kB
MemAvailable:    1513164 kB
Buffers:           39652 kB
Cached:           336984 kB
MemTotal:        1844596 kB
MemFree:         1258076 kB
MemAvailable:    1514148 kB
Buffers:           39652 kB
Cached:           336984 kB
MemTotal:        1844596 kB
MemFree:         1257904 kB
MemAvailable:    1513976 kB
Buffers:           39652 kB
Cached:           336984 kB
MemTotal:        1844596 kB
MemFree:         1257276 kB
MemAvailable:    1513348 kB
Buffers:           39652 kB
Cached:           336984 kB
MemTotal:        1844596 kB
MemFree:         1255968 kB
MemAvailable:    1512040 kB
Buffers:           39652 kB
Cached:           336984 kB
MemTotal:        1844596 kB
MemFree:         1255968 kB
MemAvailable:    1512040 kB
Buffers:           39652 kB
Cached:           336984 kB
MemTotal:        1844596 kB
MemFree:         1256912 kB
MemAvailable:    1512984 kB
Buffers:           39652 kB
Cached:           336984 kB
MemTotal:        1844596 kB
MemFree:         1256596 kB
MemAvailable:    1512668 kB
Buffers:           39652 kB
Cached:           336984 kB
MemTotal:        1844596 kB
MemFree:         1256772 kB
MemAvailable:    1512844 kB
Buffers:           39652 kB
Cached:           336984 kB
MemTotal:        1844596 kB
MemFree:         1257024 kB
MemAvailable:    1513096 kB
Buffers:           39652 kB
Cached:           336984 kB
MemTotal:        1844596 kB
MemFree:         1255812 kB
MemAvailable:    1511884 kB
Buffers:           39652 kB
Cached:           336984 kB
MemTotal:        1844596 kB
MemFree:         1257228 kB
MemAvailable:    1513300 kB
Buffers:           39652 kB
Cached:           336984 kB
MemTotal:        1844596 kB
MemFree:         1255688 kB
MemAvailable:    1511760 kB
Buffers:           39652 kB
Cached:           336984 kB
MemTotal:        1844596 kB
MemFree:         1256624 kB
MemAvailable:    1512696 kB
Buffers:           39652 kB
Cached:           336984 kB
MemTotal:        1844596 kB
MemFree:         1255192 kB
MemAvailable:    1511264 kB
Buffers:           39652 kB
Cached:           336984 kB
MemTotal:        1844596 kB
MemFree:         1254640 kB
MemAvailable:    1510712 kB
Buffers:           39652 kB
Cached:           336984 kB
MemTotal:        1844596 kB
MemFree:         1248132 kB
MemAvailable:    1504204 kB
Buffers:           39652 kB
Cached:           336984 kB
MemTotal:        1844596 kB
MemFree:         1248984 kB
MemAvailable:    1505056 kB
Buffers:           39652 kB
Cached:           336984 kB
MemTotal:        1844596 kB
MemFree:         1248752 kB
MemAvailable:    1504824 kB
Buffers:           39652 kB
Cached:           336984 kB
MemTotal:        1844596 kB
MemFree:         1249112 kB
MemAvailable:    1505184 kB
Buffers:           39652 kB
Cached:           336984 kB
MemTotal:        1844596 kB
MemFree:         1248256 kB
MemAvailable:    1504328 kB
Buffers:           39652 kB
Cached:           336984 kB
MemTotal:        1844596 kB
MemFree:         1249132 kB
MemAvailable:    1505204 kB
Buffers:           39652 kB
Cached:           336984 kB
MemTotal:        1844596 kB
MemFree:         1249044 kB
MemAvailable:    1505116 kB
Buffers:           39652 kB
Cached:           336984 kB
MemTotal:        1844596 kB
MemFree:         1250596 kB
MemAvailable:    1506668 kB
Buffers:           39652 kB
Cached:           336984 kB
MemTotal:        1844596 kB
MemFree:         1250680 kB
MemAvailable:    1506752 kB
Buffers:           39652 kB
Cached:           336984 kB
MemTotal:        1844596 kB
MemFree:         1250348 kB
MemAvailable:    1506588 kB
Buffers:           39652 kB
Cached:           337108 kB
MemTotal:        1844596 kB
MemFree:         1250036 kB
MemAvailable:    1506444 kB
Buffers:           39652 kB
Cached:           337356 kB
MemTotal:        1844596 kB
MemFree:         1249496 kB
MemAvailable:    1505904 kB
Buffers:           39652 kB
Cached:           337356 kB
MemTotal:        1844596 kB
MemFree:         1249928 kB
MemAvailable:    1506420 kB
Buffers:           39652 kB
Cached:           337480 kB
MemTotal:        1844596 kB
MemFree:         1249972 kB
MemAvailable:    1506632 kB
Buffers:           39652 kB
Cached:           337604 kB
MemTotal:        1844596 kB
MemFree:         1248876 kB
MemAvailable:    1505536 kB
Buffers:           39652 kB
Cached:           337604 kB
MemTotal:        1844596 kB
MemFree:         1249592 kB
MemAvailable:    1506252 kB
Buffers:           39652 kB
Cached:           337604 kB
MemTotal:        1844596 kB
MemFree:         1249928 kB
MemAvailable:    1506588 kB
Buffers:           39652 kB
Cached:           337604 kB
MemTotal:        1844596 kB
MemFree:         1249744 kB
MemAvailable:    1506404 kB
Buffers:           39652 kB
Cached:           337604 kB
MemTotal:        1844596 kB
MemFree:         1248480 kB
MemAvailable:    1505140 kB
Buffers:           39652 kB
Cached:           337604 kB
MemTotal:        1844596 kB
MemFree:         1249780 kB
MemAvailable:    1506440 kB
Buffers:           39652 kB
Cached:           337604 kB
MemTotal:        1844596 kB
MemFree:         1249744 kB
MemAvailable:    1506404 kB
Buffers:           39652 kB
Cached:           337604 kB
MemTotal:        1844596 kB
MemFree:         1250016 kB
MemAvailable:    1506088 kB
Buffers:           39652 kB
Cached:           336972 kB
MemTotal:        1844596 kB
MemFree:         1250100 kB
MemAvailable:    1506172 kB
Buffers:           39652 kB
Cached:           336972 kB
MemTotal:        1844596 kB
MemFree:         1317936 kB
MemAvailable:    1574008 kB
Buffers:           39652 kB
Cached:           336972 kB
