MemTotal:        1844596 kB
MemFree:         1345364 kB
MemAvailable:    1577896 kB
Buffers:           36404 kB
Cached:           316160 kB
MemTotal:        1844596 kB
MemFree:         1317984 kB
MemAvailable:    1550520 kB
Buffers:           36404 kB
Cached:           316164 kB
MemTotal:        1844596 kB
MemFree:         1316744 kB
MemAvailable:    1549280 kB
Buffers:           36404 kB
Cached:           316164 kB
MemTotal:        1844596 kB
MemFree:         1316116 kB
MemAvailable:    1548652 kB
Buffers:           36404 kB
Cached:           316164 kB
MemTotal:        1844596 kB
MemFree:         1314372 kB
MemAvailable:    1546908 kB
Buffers:           36404 kB
Cached:           316164 kB
MemTotal:        1844596 kB
MemFree:         1313768 kB
MemAvailable:    1546304 kB
Buffers:           36404 kB
Cached:           316164 kB
MemTotal:        1844596 kB
MemFree:         1314136 kB
MemAvailable:    1546672 kB
Buffers:           36404 kB
Cached:           316164 kB
MemTotal:        1844596 kB
MemFree:         1312508 kB
MemAvailable:    1545044 kB
Buffers:           36404 kB
Cached:           316164 kB
MemTotal:        1844596 kB
MemFree:         1308800 kB
MemAvailable:    1541336 kB
Buffers:           36404 kB
Cached:           316164 kB
MemTotal:        1844596 kB
MemFree:         1307252 kB
MemAvailable:    1539788 kB
Buffers:           36404 kB
Cached:           316164 kB
MemTotal:        1844596 kB
MemFree:         1304536 kB
MemAvailable:    1537072 kB
Buffers:           36404 kB
Cached:           316164 kB
MemTotal:        1844596 kB
MemFree:         1304704 kB
MemAvailable:    1537240 kB
Buffers:           36404 kB
Cached:           316164 kB
MemTotal:        1844596 kB
MemFree:         1303164 kB
MemAvailable:    1535700 kB
Buffers:           36404 kB
Cached:           316164 kB
MemTotal:        1844596 kB
MemFree:         1304440 kB
MemAvailable:    1536976 kB
Buffers:           36404 kB
Cached:           316164 kB
MemTotal:        1844596 kB
MemFree:         1304580 kB
MemAvailable:    1537116 kB
Buffers:           36404 kB
Cached:           316164 kB
MemTotal:        1844596 kB
MemFree:         1304372 kB
MemAvailable:    1536908 kB
Buffers:           36404 kB
Cached:           316164 kB
MemTotal:        1844596 kB
MemFree:         1304404 kB
MemAvailable:    1536940 kB
Buffers:           36404 kB
Cached:           316164 kB
MemTotal:        1844596 kB
MemFree:         1303104 kB
MemAvailable:    1535640 kB
Buffers:           36404 kB
Cached:           316164 kB
MemTotal:        1844596 kB
MemFree:         1302964 kB
MemAvailable:    1535500 kB
Buffers:           36404 kB
Cached:           316164 kB
MemTotal:        1844596 kB
MemFree:         1300740 kB
MemAvailable:    1533276 kB
Buffers:           36404 kB
Cached:           316164 kB
MemTotal:        1844596 kB
MemFree:         1302112 kB
MemAvailable:    1534648 kB
Buffers:           36404 kB
Cached:           316164 kB
MemTotal:        1844596 kB
MemFree:         1302104 kB
MemAvailable:    1534640 kB
Buffers:           36404 kB
Cached:           316164 kB
MemTotal:        1844596 kB
MemFree:         1302172 kB
MemAvailable:    1534708 kB
Buffers:           36404 kB
Cached:           316164 kB
MemTotal:        1844596 kB
MemFree:         1300612 kB
MemAvailable:    1533148 kB
Buffers:           36404 kB
Cached:           316164 kB
MemTotal:        1844596 kB
MemFree:         1301932 kB
MemAvailable:    1534468 kB
Buffers:           36404 kB
Cached:           316164 kB
MemTotal:        1844596 kB
MemFree:         1302240 kB
MemAvailable:    1534776 kB
Buffers:           36404 kB
Cached:           316164 kB
MemTotal:        1844596 kB
MemFree:         1301316 kB
MemAvailable:    1533852 kB
Buffers:           36404 kB
Cached:           316164 kB
MemTotal:        1844596 kB
MemFree:         1303256 kB
MemAvailable:    1535792 kB
Buffers:           36404 kB
Cached:           316164 kB
MemTotal:        1844596 kB
MemFree:         1303476 kB
MemAvailable:    1536012 kB
Buffers:           36404 kB
Cached:           316164 kB
MemTotal:        1844596 kB
MemFree:         1302468 kB
MemAvailable:    1535004 kB
Buffers:           36404 kB
Cached:           316164 kB
MemTotal:        1844596 kB
MemFree:         1302468 kB
MemAvailable:    1535004 kB
Buffers:           36404 kB
Cached:           316164 kB
MemTotal:        1844596 kB
MemFree:         1300004 kB
MemAvailable:    1532540 kB
Buffers:           36404 kB
Cached:           316164 kB
MemTotal:        1844596 kB
MemFree:         1298392 kB
MemAvailable:    1530928 kB
Buffers:           36404 kB
Cached:           316164 kB
MemTotal:        1844596 kB
MemFree:         1299320 kB
MemAvailable:    1531856 kB
Buffers:           36404 kB
Cached:           316164 kB
MemTotal:        1844596 kB
MemFree:         1299012 kB
MemAvailable:    1531548 kB
Buffers:           36404 kB
Cached:           316164 kB
MemTotal:        1844596 kB
MemFree:         1297020 kB
MemAvailable:    1529556 kB
Buffers:           36404 kB
Cached:           316164 kB
MemTotal:        1844596 kB
MemFree:         1297880 kB
MemAvailable:    1530416 kB
Buffers:           36404 kB
Cached:           316164 kB
MemTotal:        1844596 kB
MemFree:         1298216 kB
MemAvailable:    1530752 kB
Buffers:           36404 kB
Cached:           316164 kB
MemTotal:        1844596 kB
MemFree:         1297948 kB
MemAvailable:    1530484 kB
Buffers:           36404 kB
Cached:           316164 kB
MemTotal:        1844596 kB
MemFree:         1296600 kB
MemAvailable:    1529136 kB
Buffers:           36404 kB
Cached:           316164 kB
MemTotal:        1844596 kB
MemFree:         1297724 kB
MemAvailable:    1530264 kB
Buffers:           36404 kB
Cached:           316168 kB
MemTotal:        1844596 kB
MemFree:         1297452 kB
MemAvailable:    1529992 kB
Buffers:           36404 kB
Cached:           316168 kB
MemTotal:        1844596 kB
MemFree:         1297704 kB
MemAvailable:    1530244 kB
Buffers:           36404 kB
Cached:           316168 kB
MemTotal:        1844596 kB
MemFree:         1295656 kB
MemAvailable:    1528196 kB
Buffers:           36404 kB
Cached:           316168 kB
MemTotal:        1844596 kB
MemFree:         1296772 kB
MemAvailable:    1529312 kB
Buffers:           36404 kB
Cached:           316168 kB
MemTotal:        1844596 kB
MemFree:         1295360 kB
MemAvailable:    1527900 kB
Buffers:           36404 kB
Cached:           316168 kB
MemTotal:        1844596 kB
MemFree:         1296828 kB
MemAvailable:    1529368 kB
Buffers:           36404 kB
Cached:           316168 kB
MemTotal:        1844596 kB
MemFree:         1297332 kB
MemAvailable:    1529872 kB
Buffers:           36404 kB
Cached:           316168 kB
MemTotal:        1844596 kB
MemFree:         1295904 kB
MemAvailable:    1528444 kB
Buffers:           36404 kB
Cached:           316168 kB
MemTotal:        1844596 kB
MemFree:         1295904 kB
MemAvailable:    1528444 kB
Buffers:           36404 kB
Cached:           316168 kB
MemTotal:        1844596 kB
MemFree:         1297152 kB
MemAvailable:    1529692 kB
Buffers:           36404 kB
Cached:           316168 kB
MemTotal:        1844596 kB
MemFree:         1296532 kB
MemAvailable:    1529072 kB
Buffers:           36404 kB
Cached:           316168 kB
MemTotal:        1844596 kB
MemFree:         1296712 kB
MemAvailable:    1529252 kB
Buffers:           36404 kB
Cached:           316168 kB
MemTotal:        1844596 kB
MemFree:         1296532 kB
MemAvailable:    1529072 kB
Buffers:           36404 kB
Cached:           316168 kB
MemTotal:        1844596 kB
MemFree:         1295648 kB
MemAvailable:    1528188 kB
Buffers:           36404 kB
Cached:           316168 kB
MemTotal:        1844596 kB
MemFree:         1296700 kB
MemAvailable:    1529240 kB
Buffers:           36404 kB
Cached:           316168 kB
MemTotal:        1844596 kB
MemFree:         1295292 kB
MemAvailable:    1527832 kB
Buffers:           36404 kB
Cached:           316168 kB
MemTotal:        1844596 kB
MemFree:         1296468 kB
MemAvailable:    1529008 kB
Buffers:           36404 kB
Cached:           316168 kB
MemTotal:        1844596 kB
MemFree:         1296136 kB
MemAvailable:    1528676 kB
Buffers:           36404 kB
Cached:           316168 kB
MemTotal:        1844596 kB
MemFree:         1295416 kB
MemAvailable:    1527956 kB
Buffers:           36404 kB
Cached:           316168 kB
MemTotal:        1844596 kB
MemFree:         1294656 kB
MemAvailable:    1527196 kB
Buffers:           36404 kB
Cached:           316168 kB
MemTotal:        1844596 kB
MemFree:         1295896 kB
MemAvailable:    1528436 kB
Buffers:           36404 kB
Cached:           316168 kB
MemTotal:        1844596 kB
MemFree:         1295756 kB
MemAvailable:    1528296 kB
Buffers:           36404 kB
Cached:           316168 kB
MemTotal:        1844596 kB
MemFree:         1296092 kB
MemAvailable:    1528632 kB
Buffers:           36404 kB
Cached:           316168 kB
MemTotal:        1844596 kB
MemFree:         1294648 kB
MemAvailable:    1527188 kB
Buffers:           36404 kB
Cached:           316168 kB
MemTotal:        1844596 kB
MemFree:         1295824 kB
MemAvailable:    1528364 kB
Buffers:           36404 kB
Cached:           316168 kB
MemTotal:        1844596 kB
MemFree:         1295944 kB
MemAvailable:    1528484 kB
Buffers:           36404 kB
Cached:           316168 kB
MemTotal:        1844596 kB
MemFree:         1295752 kB
MemAvailable:    1528292 kB
Buffers:           36404 kB
Cached:           316168 kB
MemTotal:        1844596 kB
MemFree:         1295876 kB
MemAvailable:    1528416 kB
Buffers:           36404 kB
Cached:           316168 kB
MemTotal:        1844596 kB
MemFree:         1294260 kB
MemAvailable:    1526800 kB
Buffers:           36404 kB
Cached:           316168 kB
MemTotal:        1844596 kB
MemFree:         1293556 kB
MemAvailable:    1526096 kB
Buffers:           36404 kB
Cached:           316168 kB
MemTotal:        1844596 kB
MemFree:         1288100 kB
MemAvailable:    1520640 kB
Buffers:           36404 kB
Cached:           316168 kB
MemTotal:        1844596 kB
MemFree:         1288084 kB
MemAvailable:    1520624 kB
Buffers:           36404 kB
Cached:           316168 kB
MemTotal:        1844596 kB
MemFree:         1288224 kB
MemAvailable:    1520764 kB
Buffers:           36404 kB
Cached:           316168 kB
MemTotal:        1844596 kB
MemFree:         1288104 kB
MemAvailable:    1520644 kB
Buffers:           36404 kB
Cached:           316168 kB
MemTotal:        1844596 kB
MemFree:         1286984 kB
MemAvailable:    1519524 kB
Buffers:           36404 kB
Cached:           316168 kB
MemTotal:        1844596 kB
MemFree:         1287960 kB
MemAvailable:    1520500 kB
Buffers:           36404 kB
Cached:           316168 kB
MemTotal:        1844596 kB
MemFree:         1287728 kB
MemAvailable:    1520268 kB
Buffers:           36404 kB
Cached:           316168 kB
MemTotal:        1844596 kB
MemFree:         1288024 kB
MemAvailable:    1520564 kB
Buffers:           36404 kB
Cached:           316168 kB
MemTotal:        1844596 kB
MemFree:         1288040 kB
MemAvailable:    1520580 kB
Buffers:           36404 kB
Cached:           316168 kB
MemTotal:        1844596 kB
MemFree:         1286544 kB
MemAvailable:    1519084 kB
Buffers:           36404 kB
Cached:           316168 kB
MemTotal:        1844596 kB
MemFree:         1286544 kB
MemAvailable:    1519084 kB
Buffers:           36404 kB
Cached:           316168 kB
MemTotal:        1844596 kB
MemFree:         1287812 kB
MemAvailable:    1520352 kB
Buffers:           36404 kB
Cached:           316168 kB
MemTotal:        1844596 kB
MemFree:         1288064 kB
MemAvailable:    1520604 kB
Buffers:           36404 kB
Cached:           316168 kB
MemTotal:        1844596 kB
MemFree:         1288024 kB
MemAvailable:    1520564 kB
Buffers:           36404 kB
Cached:           316168 kB
MemTotal:        1844596 kB
MemFree:         1287916 kB
MemAvailable:    1520456 kB
Buffers:           36404 kB
Cached:           316168 kB
MemTotal:        1844596 kB
MemFree:         1286544 kB
MemAvailable:    1519084 kB
Buffers:           36404 kB
Cached:           316168 kB
MemTotal:        1844596 kB
MemFree:         1286544 kB
MemAvailable:    1519084 kB
Buffers:           36404 kB
Cached:           316168 kB
MemTotal:        1844596 kB
MemFree:         1287216 kB
MemAvailable:    1519756 kB
Buffers:           36404 kB
Cached:           316168 kB
MemTotal:        1844596 kB
MemFree:         1287108 kB
MemAvailable:    1519648 kB
Buffers:           36404 kB
Cached:           316168 kB
MemTotal:        1844596 kB
MemFree:         1285688 kB
MemAvailable:    1518228 kB
Buffers:           36404 kB
Cached:           316168 kB
MemTotal:        1844596 kB
MemFree:         1286548 kB
MemAvailable:    1519088 kB
Buffers:           36404 kB
Cached:           316168 kB
MemTotal:        1844596 kB
MemFree:         1285372 kB
MemAvailable:    1517912 kB
Buffers:           36404 kB
Cached:           316168 kB
MemTotal:        1844596 kB
MemFree:         1286100 kB
MemAvailable:    1518644 kB
Buffers:           36404 kB
Cached:           316172 kB
MemTotal:        1844596 kB
MemFree:         1286184 kB
MemAvailable:    1518728 kB
Buffers:           36404 kB
Cached:           316172 kB
MemTotal:        1844596 kB
MemFree:         1285304 kB
MemAvailable:    1517848 kB
Buffers:           36404 kB
Cached:           316172 kB
MemTotal:        1844596 kB
MemFree:         1284992 kB
MemAvailable:    1517536 kB
Buffers:           36404 kB
Cached:           316172 kB
MemTotal:        1844596 kB
MemFree:         1283264 kB
MemAvailable:    1515808 kB
Buffers:           36404 kB
Cached:           316172 kB
MemTotal:        1844596 kB
MemFree:         1284192 kB
MemAvailable:    1516736 kB
Buffers:           36404 kB
Cached:           316172 kB
MemTotal:        1844596 kB
MemFree:         1284248 kB
MemAvailable:    1516792 kB
Buffers:           36404 kB
Cached:           316172 kB
MemTotal:        1844596 kB
MemFree:         1282952 kB
MemAvailable:    1515496 kB
Buffers:           36404 kB
Cached:           316172 kB
MemTotal:        1844596 kB
MemFree:         1284052 kB
MemAvailable:    1516596 kB
Buffers:           36404 kB
Cached:           316172 kB
MemTotal:        1844596 kB
MemFree:         1284220 kB
MemAvailable:    1516764 kB
Buffers:           36404 kB
Cached:           316172 kB
MemTotal:        1844596 kB
MemFree:         1284120 kB
MemAvailable:    1516664 kB
Buffers:           36404 kB
Cached:           316172 kB
MemTotal:        1844596 kB
MemFree:         1283808 kB
MemAvailable:    1516352 kB
Buffers:           36404 kB
Cached:           316172 kB
MemTotal:        1844596 kB
MemFree:         1284144 kB
MemAvailable:    1516688 kB
Buffers:           36404 kB
Cached:           316172 kB
MemTotal:        1844596 kB
MemFree:         1283928 kB
MemAvailable:    1516472 kB
Buffers:           36404 kB
Cached:           316172 kB
MemTotal:        1844596 kB
MemFree:         1283928 kB
MemAvailable:    1516472 kB
Buffers:           36404 kB
Cached:           316172 kB
MemTotal:        1844596 kB
MemFree:         1283992 kB
MemAvailable:    1516536 kB
Buffers:           36404 kB
Cached:           316172 kB
MemTotal:        1844596 kB
MemFree:         1283760 kB
MemAvailable:    1516304 kB
Buffers:           36404 kB
Cached:           316172 kB
MemTotal:        1844596 kB
MemFree:         1282264 kB
MemAvailable:    1514808 kB
Buffers:           36404 kB
Cached:           316172 kB
MemTotal:        1844596 kB
MemFree:         1280784 kB
MemAvailable:    1513332 kB
Buffers:           36404 kB
Cached:           316176 kB
MemTotal:        1844596 kB
MemFree:         1276380 kB
MemAvailable:    1508928 kB
Buffers:           36404 kB
Cached:           316176 kB
MemTotal:        1844596 kB
MemFree:         1274652 kB
MemAvailable:    1507200 kB
Buffers:           36404 kB
Cached:           316176 kB
MemTotal:        1844596 kB
MemFree:         1274944 kB
MemAvailable:    1507492 kB
Buffers:           36404 kB
Cached:           316176 kB
MemTotal:        1844596 kB
MemFree:         1275928 kB
MemAvailable:    1508476 kB
Buffers:           36404 kB
Cached:           316176 kB
MemTotal:        1844596 kB
MemFree:         1276136 kB
MemAvailable:    1508684 kB
Buffers:           36404 kB
Cached:           316176 kB
MemTotal:        1844596 kB
MemFree:         1275992 kB
MemAvailable:    1508540 kB
Buffers:           36404 kB
Cached:           316176 kB
MemTotal:        1844596 kB
MemFree:         1276244 kB
MemAvailable:    1508792 kB
Buffers:           36404 kB
Cached:           316176 kB
MemTotal:        1844596 kB
MemFree:         1277668 kB
MemAvailable:    1510216 kB
Buffers:           36404 kB
Cached:           316176 kB
MemTotal:        1844596 kB
MemFree:         1277420 kB
MemAvailable:    1509968 kB
Buffers:           36404 kB
Cached:           316176 kB
MemTotal:        1844596 kB
MemFree:         1277428 kB
MemAvailable:    1510060 kB
Buffers:           36404 kB
Cached:           316300 kB
MemTotal:        1844596 kB
MemFree:         1277304 kB
MemAvailable:    1510104 kB
Buffers:           36404 kB
Cached:           316424 kB
MemTotal:        1844596 kB
MemFree:         1277112 kB
MemAvailable:    1509996 kB
Buffers:           36404 kB
Cached:           316548 kB
MemTotal:        1844596 kB
MemFree:         1277148 kB
MemAvailable:    1510116 kB
Buffers:           36404 kB
Cached:           316672 kB
MemTotal:        1844596 kB
MemFree:         1276064 kB
MemAvailable:    1509116 kB
Buffers:           36404 kB
Cached:           316796 kB
MemTotal:        1844596 kB
MemFree:         1276844 kB
MemAvailable:    1509980 kB
Buffers:           36404 kB
Cached:           316876 kB
MemTotal:        1844596 kB
MemFree:         1277188 kB
MemAvailable:    1510324 kB
Buffers:           36404 kB
Cached:           316876 kB
MemTotal:        1844596 kB
MemFree:         1277052 kB
MemAvailable:    1510188 kB
Buffers:           36404 kB
Cached:           316876 kB
MemTotal:        1844596 kB
MemFree:         1276740 kB
MemAvailable:    1509960 kB
Buffers:           36404 kB
Cached:           316876 kB
MemTotal:        1844596 kB
MemFree:         1277076 kB
MemAvailable:    1510296 kB
Buffers:           36404 kB
Cached:           316876 kB
MemTotal:        1844596 kB
MemFree:         1276844 kB
MemAvailable:    1510064 kB
Buffers:           36404 kB
Cached:           316876 kB
MemTotal:        1844596 kB
MemFree:         1276844 kB
MemAvailable:    1510064 kB
Buffers:           36404 kB
Cached:           316876 kB
MemTotal:        1844596 kB
MemFree:         1277412 kB
MemAvailable:    1509960 kB
Buffers:           36404 kB
Cached:           316244 kB
MemTotal:        1844596 kB
MemFree:         1277552 kB
MemAvailable:    1510100 kB
Buffers:           36404 kB
Cached:           316244 kB
MemTotal:        1844596 kB
MemFree:         1333552 kB
MemAvailable:    1566184 kB
Buffers:           36404 kB
Cached:           316244 kB
