MemTotal:        1844596 kB
MemFree:         1306588 kB
MemAvailable:    1571032 kB
Buffers:           40836 kB
Cached:           343536 kB
MemTotal:        1844596 kB
MemFree:         1279200 kB
MemAvailable:    1543648 kB
Buffers:           40836 kB
Cached:           343540 kB
MemTotal:        1844596 kB
MemFree:         1278200 kB
MemAvailable:    1542648 kB
Buffers:           40836 kB
Cached:           343540 kB
MemTotal:        1844596 kB
MemFree:         1275728 kB
MemAvailable:    1540176 kB
Buffers:           40836 kB
Cached:           343540 kB
MemTotal:        1844596 kB
MemFree:         1275464 kB
MemAvailable:    1539912 kB
Buffers:           40836 kB
Cached:           343540 kB
MemTotal:        1844596 kB
MemFree:         1274612 kB
MemAvailable:    1539060 kB
Buffers:           40836 kB
Cached:           343540 kB
MemTotal:        1844596 kB
MemFree:         1275528 kB
MemAvailable:    1539976 kB
Buffers:           40836 kB
Cached:           343540 kB
MemTotal:        1844596 kB
MemFree:         1274552 kB
MemAvailable:    1539000 kB
Buffers:           40836 kB
Cached:           343540 kB
MemTotal:        1844596 kB
MemFree:         1271016 kB
MemAvailable:    1535464 kB
Buffers:           40836 kB
Cached:           343540 kB
MemTotal:        1844596 kB
MemFree:         1268520 kB
MemAvailable:    1532968 kB
Buffers:           40836 kB
Cached:           343540 kB
MemTotal:        1844596 kB
MemFree:         1268164 kB
MemAvailable:    1532612 kB
Buffers:           40836 kB
Cached:           343540 kB
MemTotal:        1844596 kB
MemFree:         1264568 kB
MemAvailable:    1529016 kB
Buffers:           40836 kB
Cached:           343540 kB
MemTotal:        1844596 kB
MemFree:         1264940 kB
MemAvailable:    1529388 kB
Buffers:           40836 kB
Cached:           343540 kB
MemTotal:        1844596 kB
MemFree:         1264272 kB
MemAvailable:    1528720 kB
Buffers:           40836 kB
Cached:           343540 kB
MemTotal:        1844596 kB
MemFree:         1265628 kB
MemAvailable:    1530076 kB
Buffers:           40836 kB
Cached:           343540 kB
MemTotal:        1844596 kB
MemFree:         1265796 kB
MemAvailable:    1530244 kB
Buffers:           40836 kB
Cached:           343540 kB
MemTotal:        1844596 kB
MemFree:         1265480 kB
MemAvailable:    1529928 kB
Buffers:           40836 kB
Cached:           343540 kB
MemTotal:        1844596 kB
MemFree:         1264444 kB
MemAvailable:    1528892 kB
Buffers:           40836 kB
Cached:           343540 kB
MemTotal:        1844596 kB
MemFree:         1264180 kB
MemAvailable:    1528628 kB
Buffers:           40836 kB
Cached:           343540 kB
MemTotal:        1844596 kB
MemFree:         1264516 kB
MemAvailable:    1528964 kB
Buffers:           40836 kB
Cached:           343540 kB
MemTotal:        1844596 kB
MemFree:         1263388 kB
MemAvailable:    1527836 kB
Buffers:           40836 kB
Cached:           343540 kB
MemTotal:        1844596 kB
MemFree:         1263384 kB
MemAvailable:    1527832 kB
Buffers:           40836 kB
Cached:           343540 kB
MemTotal:        1844596 kB
MemFree:         1261692 kB
MemAvailable:    1526140 kB
Buffers:           40836 kB
Cached:           343540 kB
MemTotal:        1844596 kB
MemFree:         1263184 kB
MemAvailable:    1527632 kB
Buffers:           40836 kB
Cached:           343540 kB
MemTotal:        1844596 kB
MemFree:         1262840 kB
MemAvailable:    1527288 kB
Buffers:           40836 kB
Cached:           343540 kB
MemTotal:        1844596 kB
MemFree:         1263032 kB
MemAvailable:    1527480 kB
Buffers:           40836 kB
Cached:           343540 kB
MemTotal:        1844596 kB
MemFree:         1263016 kB
MemAvailable:    1527464 kB
Buffers:           40836 kB
Cached:           343540 kB
MemTotal:        1844596 kB
MemFree:         1263124 kB
MemAvailable:    1527572 kB
Buffers:           40836 kB
Cached:           343540 kB
MemTotal:        1844596 kB
MemFree:         1262460 kB
MemAvailable:    1526908 kB
Buffers:           40836 kB
Cached:           343540 kB
MemTotal:        1844596 kB
MemFree:         1263116 kB
MemAvailable:    1527564 kB
Buffers:           40836 kB
Cached:           343540 kB
MemTotal:        1844596 kB
MemFree:         1264404 kB
MemAvailable:    1528852 kB
Buffers:           40836 kB
Cached:           343540 kB
MemTotal:        1844596 kB
MemFree:         1262832 kB
MemAvailable:    1527280 kB
Buffers:           40836 kB
Cached:           343540 kB
MemTotal:        1844596 kB
MemFree:         1260956 kB
MemAvailable:    1525404 kB
Buffers:           40836 kB
Cached:           343540 kB
MemTotal:        1844596 kB
MemFree:         1260724 kB
MemAvailable:    1525172 kB
Buffers:           40836 kB
Cached:           343540 kB
MemTotal:        1844596 kB
MemFree:         1260460 kB
MemAvailable:    1524908 kB
Buffers:           40836 kB
Cached:           343540 kB
MemTotal:        1844596 kB
MemFree:         1260040 kB
MemAvailable:    1524488 kB
Buffers:           40836 kB
Cached:           343540 kB
MemTotal:        1844596 kB
MemFree:         1258608 kB
MemAvailable:    1523056 kB
Buffers:           40836 kB
Cached:           343540 kB
MemTotal:        1844596 kB
MemFree:         1259236 kB
MemAvailable:    1523688 kB
Buffers:           40836 kB
Cached:           343544 kB
MemTotal:        1844596 kB
MemFree:         1257996 kB
MemAvailable:    1522448 kB
Buffers:           40836 kB
Cached:           343544 kB
MemTotal:        1844596 kB
MemFree:         1258980 kB
MemAvailable:    1523432 kB
Buffers:           40836 kB
Cached:           343544 kB
MemTotal:        1844596 kB
MemFree:         1259120 kB
MemAvailable:    1523572 kB
Buffers:           40836 kB
Cached:           343544 kB
MemTotal:        1844596 kB
MemFree:         1258792 kB
MemAvailable:    1523244 kB
Buffers:           40836 kB
Cached:           343544 kB
MemTotal:        1844596 kB
MemFree:         1257700 kB
MemAvailable:    1522152 kB
Buffers:           40836 kB
Cached:           343544 kB
MemTotal:        1844596 kB
MemFree:         1257824 kB
MemAvailable:    1522276 kB
Buffers:           40836 kB
Cached:           343544 kB
MemTotal:        1844596 kB
MemFree:         1259044 kB
MemAvailable:    1523496 kB
Buffers:           40836 kB
Cached:           343544 kB
MemTotal:        1844596 kB
MemFree:         1257616 kB
MemAvailable:    1522068 kB
Buffers:           40836 kB
Cached:           343544 kB
MemTotal:        1844596 kB
MemFree:         1258304 kB
MemAvailable:    1522756 kB
Buffers:           40836 kB
Cached:           343544 kB
MemTotal:        1844596 kB
MemFree:         1257884 kB
MemAvailable:    1522336 kB
Buffers:           40836 kB
Cached:           343544 kB
MemTotal:        1844596 kB
MemFree:         1256744 kB
MemAvailable:    1521196 kB
Buffers:           40836 kB
Cached:           343544 kB
MemTotal:        1844596 kB
MemFree:         1257984 kB
MemAvailable:    1522436 kB
Buffers:           40836 kB
Cached:           343544 kB
MemTotal:        1844596 kB
MemFree:         1257964 kB
MemAvailable:    1522416 kB
Buffers:           40836 kB
Cached:           343544 kB
MemTotal:        1844596 kB
MemFree:         1257748 kB
MemAvailable:    1522200 kB
Buffers:           40836 kB
Cached:           343544 kB
MemTotal:        1844596 kB
MemFree:         1256568 kB
MemAvailable:    1521020 kB
Buffers:           40836 kB
Cached:           343544 kB
MemTotal:        1844596 kB
MemFree:         1257836 kB
MemAvailable:    1522288 kB
Buffers:           40836 kB
Cached:           343544 kB
MemTotal:        1844596 kB
MemFree:         1257864 kB
MemAvailable:    1522316 kB
Buffers:           40836 kB
Cached:           343544 kB
MemTotal:        1844596 kB
MemFree:         1256816 kB
MemAvailable:    1521268 kB
Buffers:           40836 kB
Cached:           343544 kB
MemTotal:        1844596 kB
MemFree:         1257868 kB
MemAvailable:    1522320 kB
Buffers:           40836 kB
Cached:           343544 kB
MemTotal:        1844596 kB
MemFree:         1257736 kB
MemAvailable:    1522188 kB
Buffers:           40836 kB
Cached:           343544 kB
MemTotal:        1844596 kB
MemFree:         1257280 kB
MemAvailable:    1521732 kB
Buffers:           40836 kB
Cached:           343544 kB
MemTotal:        1844596 kB
MemFree:         1257280 kB
MemAvailable:    1521732 kB
Buffers:           40836 kB
Cached:           343544 kB
MemTotal:        1844596 kB
MemFree:         1257236 kB
MemAvailable:    1521688 kB
Buffers:           40836 kB
Cached:           343544 kB
MemTotal:        1844596 kB
MemFree:         1257040 kB
MemAvailable:    1521492 kB
Buffers:           40836 kB
Cached:           343544 kB
MemTotal:        1844596 kB
MemFree:         1256960 kB
MemAvailable:    1521412 kB
Buffers:           40836 kB
Cached:           343544 kB
MemTotal:        1844596 kB
MemFree:         1257212 kB
MemAvailable:    1521664 kB
Buffers:           40836 kB
Cached:           343544 kB
MemTotal:        1844596 kB
MemFree:         1256900 kB
MemAvailable:    1521352 kB
Buffers:           40836 kB
Cached:           343544 kB
MemTotal:        1844596 kB
MemFree:         1255724 kB
MemAvailable:    1520176 kB
Buffers:           40836 kB
Cached:           343544 kB
MemTotal:        1844596 kB
MemFree:         1256908 kB
MemAvailable:    1521360 kB
Buffers:           40836 kB
Cached:           343544 kB
MemTotal:        1844596 kB
MemFree:         1257080 kB
MemAvailable:    1521532 kB
Buffers:           40836 kB
Cached:           343544 kB
MemTotal:        1844596 kB
MemFree:         1256824 kB
MemAvailable:    1521276 kB
Buffers:           40836 kB
Cached:           343544 kB
MemTotal:        1844596 kB
MemFree:         1256920 kB
MemAvailable:    1521372 kB
Buffers:           40836 kB
Cached:           343544 kB
MemTotal:        1844596 kB
MemFree:         1255820 kB
MemAvailable:    1520272 kB
Buffers:           40836 kB
Cached:           343544 kB
MemTotal:        1844596 kB
MemFree:         1254956 kB
MemAvailable:    1519408 kB
Buffers:           40836 kB
Cached:           343544 kB
MemTotal:        1844596 kB
MemFree:         1252416 kB
MemAvailable:    1516868 kB
Buffers:           40836 kB
Cached:           343544 kB
MemTotal:        1844596 kB
MemFree:         1250060 kB
MemAvailable:    1514512 kB
Buffers:           40836 kB
Cached:           343544 kB
MemTotal:        1844596 kB
MemFree:         1248448 kB
MemAvailable:    1512900 kB
Buffers:           40836 kB
Cached:           343544 kB
MemTotal:        1844596 kB
MemFree:         1249544 kB
MemAvailable:    1513996 kB
Buffers:           40836 kB
Cached:           343544 kB
MemTotal:        1844596 kB
MemFree:         1249432 kB
MemAvailable:    1513884 kB
Buffers:           40836 kB
Cached:           343544 kB
MemTotal:        1844596 kB
MemFree:         1249244 kB
MemAvailable:    1513696 kB
Buffers:           40836 kB
Cached:           343544 kB
MemTotal:        1844596 kB
MemFree:         1248872 kB
MemAvailable:    1513324 kB
Buffers:           40836 kB
Cached:           343544 kB
MemTotal:        1844596 kB
MemFree:         1249008 kB
MemAvailable:    1513460 kB
Buffers:           40836 kB
Cached:           343544 kB
MemTotal:        1844596 kB
MemFree:         1247924 kB
MemAvailable:    1512376 kB
Buffers:           40836 kB
Cached:           343544 kB
MemTotal:        1844596 kB
MemFree:         1247912 kB
MemAvailable:    1512364 kB
Buffers:           40836 kB
Cached:           343544 kB
MemTotal:        1844596 kB
MemFree:         1247784 kB
MemAvailable:    1512236 kB
Buffers:           40836 kB
Cached:           343544 kB
MemTotal:        1844596 kB
MemFree:         1249132 kB
MemAvailable:    1513584 kB
Buffers:           40836 kB
Cached:           343544 kB
MemTotal:        1844596 kB
MemFree:         1247944 kB
MemAvailable:    1512396 kB
Buffers:           40836 kB
Cached:           343544 kB
MemTotal:        1844596 kB
MemFree:         1247780 kB
MemAvailable:    1512232 kB
Buffers:           40836 kB
Cached:           343544 kB
MemTotal:        1844596 kB
MemFree:         1247828 kB
MemAvailable:    1512280 kB
Buffers:           40836 kB
Cached:           343544 kB
MemTotal:        1844596 kB
MemFree:         1248996 kB
MemAvailable:    1513448 kB
Buffers:           40836 kB
Cached:           343544 kB
MemTotal:        1844596 kB
MemFree:         1248756 kB
MemAvailable:    1513208 kB
Buffers:           40836 kB
Cached:           343544 kB
MemTotal:        1844596 kB
MemFree:         1246828 kB
MemAvailable:    1511280 kB
Buffers:           40836 kB
Cached:           343544 kB
MemTotal:        1844596 kB
MemFree:         1246952 kB
MemAvailable:    1511404 kB
Buffers:           40836 kB
Cached:           343544 kB
MemTotal:        1844596 kB
MemFree:         1247888 kB
MemAvailable:    1512340 kB
Buffers:           40836 kB
Cached:           343544 kB
MemTotal:        1844596 kB
MemFree:         1246340 kB
MemAvailable:    1510792 kB
Buffers:           40836 kB
Cached:           343544 kB
MemTotal:        1844596 kB
MemFree:         1246084 kB
MemAvailable:    1510536 kB
Buffers:           40836 kB
Cached:           343544 kB
MemTotal:        1844596 kB
MemFree:         1245348 kB
MemAvailable:    1509800 kB
Buffers:           40836 kB
Cached:           343544 kB
MemTotal:        1844596 kB
MemFree:         1245780 kB
MemAvailable:    1510232 kB
Buffers:           40836 kB
Cached:           343544 kB
MemTotal:        1844596 kB
MemFree:         1244348 kB
MemAvailable:    1508800 kB
Buffers:           40836 kB
Cached:           343544 kB
MemTotal:        1844596 kB
MemFree:         1245648 kB
MemAvailable:    1510100 kB
Buffers:           40836 kB
Cached:           343544 kB
MemTotal:        1844596 kB
MemFree:         1245712 kB
MemAvailable:    1510164 kB
Buffers:           40836 kB
Cached:           343544 kB
MemTotal:        1844596 kB
MemFree:         1245332 kB
MemAvailable:    1509784 kB
Buffers:           40836 kB
Cached:           343544 kB
MemTotal:        1844596 kB
MemFree:         1244852 kB
MemAvailable:    1509304 kB
Buffers:           40836 kB
Cached:           343544 kB
MemTotal:        1844596 kB
MemFree:         1244904 kB
MemAvailable:    1509356 kB
Buffers:           40836 kB
Cached:           343544 kB
MemTotal:        1844596 kB
MemFree:         1245240 kB
MemAvailable:    1509692 kB
Buffers:           40836 kB
Cached:           343544 kB
MemTotal:        1844596 kB
MemFree:         1243832 kB
MemAvailable:    1508284 kB
Buffers:           40836 kB
Cached:           343544 kB
MemTotal:        1844596 kB
MemFree:         1245288 kB
MemAvailable:    1509740 kB
Buffers:           40836 kB
Cached:           343544 kB
MemTotal:        1844596 kB
MemFree:         1245280 kB
MemAvailable:    1509732 kB
Buffers:           40836 kB
Cached:           343544 kB
MemTotal:        1844596 kB
MemFree:         1243604 kB
MemAvailable:    1508060 kB
Buffers:           40836 kB
Cached:           343548 kB
MemTotal:        1844596 kB
MemFree:         1244912 kB
MemAvailable:    1509372 kB
Buffers:           40836 kB
Cached:           343552 kB
MemTotal:        1844596 kB
MemFree:         1243736 kB
MemAvailable:    1508196 kB
Buffers:           40836 kB
Cached:           343552 kB
MemTotal:        1844596 kB
MemFree:         1236916 kB
MemAvailable:    1501376 kB
Buffers:           40836 kB
Cached:           343552 kB
MemTotal:        1844596 kB
MemFree:         1237332 kB
MemAvailable:    1501792 kB
Buffers:           40836 kB
Cached:           343552 kB
MemTotal:        1844596 kB
MemFree:         1236288 kB
MemAvailable:    1500748 kB
Buffers:           40836 kB
Cached:           343552 kB
MemTotal:        1844596 kB
MemFree:         1236288 kB
MemAvailable:    1500748 kB
Buffers:           40836 kB
Cached:           343552 kB
MemTotal:        1844596 kB
MemFree:         1236288 kB
MemAvailable:    1500748 kB
Buffers:           40836 kB
Cached:           343552 kB
MemTotal:        1844596 kB
MemFree:         1236156 kB
MemAvailable:    1500616 kB
Buffers:           40836 kB
Cached:           343552 kB
MemTotal:        1844596 kB
MemFree:         1239072 kB
MemAvailable:    1503532 kB
Buffers:           40836 kB
Cached:           343552 kB
MemTotal:        1844596 kB
MemFree:         1237908 kB
MemAvailable:    1502368 kB
Buffers:           40836 kB
Cached:           343552 kB
MemTotal:        1844596 kB
MemFree:         1238332 kB
MemAvailable:    1502960 kB
Buffers:           40836 kB
Cached:           343800 kB
MemTotal:        1844596 kB
MemFree:         1238668 kB
MemAvailable:    1503296 kB
Buffers:           40836 kB
Cached:           343800 kB
MemTotal:        1844596 kB
MemFree:         1238200 kB
MemAvailable:    1502996 kB
Buffers:           40836 kB
Cached:           343924 kB
MemTotal:        1844596 kB
MemFree:         1238368 kB
MemAvailable:    1503164 kB
Buffers:           40836 kB
Cached:           343924 kB
MemTotal:        1844596 kB
MemFree:         1238100 kB
MemAvailable:    1503148 kB
Buffers:           40836 kB
Cached:           344172 kB
MemTotal:        1844596 kB
MemFree:         1237996 kB
MemAvailable:    1503044 kB
Buffers:           40836 kB
Cached:           344172 kB
MemTotal:        1844596 kB
MemFree:         1237996 kB
MemAvailable:    1503044 kB
Buffers:           40836 kB
Cached:           344172 kB
MemTotal:        1844596 kB
MemFree:         1238036 kB
MemAvailable:    1503168 kB
Buffers:           40836 kB
Cached:           344172 kB
MemTotal:        1844596 kB
MemFree:         1236728 kB
MemAvailable:    1501860 kB
Buffers:           40836 kB
Cached:           344172 kB
MemTotal:        1844596 kB
MemFree:         1238072 kB
MemAvailable:    1503204 kB
Buffers:           40836 kB
Cached:           344172 kB
MemTotal:        1844596 kB
MemFree:         1238024 kB
MemAvailable:    1503156 kB
Buffers:           40836 kB
Cached:           344172 kB
MemTotal:        1844596 kB
MemFree:         1237736 kB
MemAvailable:    1502868 kB
Buffers:           40836 kB
Cached:           344172 kB
MemTotal:        1844596 kB
MemFree:         1238072 kB
MemAvailable:    1503204 kB
Buffers:           40836 kB
Cached:           344172 kB
MemTotal:        1844596 kB
MemFree:         1237240 kB
MemAvailable:    1501784 kB
Buffers:           40836 kB
Cached:           343624 kB
MemTotal:        1844596 kB
MemFree:         1306308 kB
MemAvailable:    1570860 kB
Buffers:           40836 kB
Cached:           343636 kB
