MemTotal:        1844596 kB
MemFree:         1396356 kB
MemAvailable:    1583624 kB
Buffers:           29424 kB
Cached:           274328 kB
MemTotal:        1844596 kB
MemFree:         1369584 kB
MemAvailable:    1556864 kB
Buffers:           29424 kB
Cached:           274336 kB
MemTotal:        1844596 kB
MemFree:         1369152 kB
MemAvailable:    1556432 kB
Buffers:           29424 kB
Cached:           274336 kB
MemTotal:        1844596 kB
MemFree:         1365572 kB
MemAvailable:    1552852 kB
Buffers:           29424 kB
Cached:           274336 kB
MemTotal:        1844596 kB
MemFree:         1365308 kB
MemAvailable:    1552588 kB
Buffers:           29424 kB
Cached:           274336 kB
MemTotal:        1844596 kB
MemFree:         1365560 kB
MemAvailable:    1552840 kB
Buffers:           29424 kB
Cached:           274336 kB
MemTotal:        1844596 kB
MemFree:         1364396 kB
MemAvailable:    1551676 kB
Buffers:           29424 kB
Cached:           274336 kB
MemTotal:        1844596 kB
MemFree:         1361852 kB
MemAvailable:    1549132 kB
Buffers:           29424 kB
Cached:           274336 kB
MemTotal:        1844596 kB
MemFree:         1358752 kB
MemAvailable:    1546032 kB
Buffers:           29424 kB
Cached:           274336 kB
MemTotal:        1844596 kB
MemFree:         1355156 kB
MemAvailable:    1542436 kB
Buffers:           29424 kB
Cached:           274336 kB
MemTotal:        1844596 kB
MemFree:         1354332 kB
MemAvailable:    1541612 kB
Buffers:           29424 kB
Cached:           274336 kB
MemTotal:        1844596 kB
MemFree:         1355676 kB
MemAvailable:    1542956 kB
Buffers:           29424 kB
Cached:           274336 kB
MemTotal:        1844596 kB
MemFree:         1355528 kB
MemAvailable:    1542808 kB
Buffers:           29424 kB
Cached:           274336 kB
MemTotal:        1844596 kB
MemFree:         1355588 kB
MemAvailable:    1542868 kB
Buffers:           29424 kB
Cached:           274336 kB
MemTotal:        1844596 kB
MemFree:         1354112 kB
MemAvailable:    1541392 kB
Buffers:           29424 kB
Cached:           274336 kB
MemTotal:        1844596 kB
MemFree:         1353992 kB
MemAvailable:    1541272 kB
Buffers:           29424 kB
Cached:           274336 kB
MemTotal:        1844596 kB
MemFree:         1353668 kB
MemAvailable:    1540948 kB
Buffers:           29424 kB
Cached:           274336 kB
MemTotal:        1844596 kB
MemFree:         1353844 kB
MemAvailable:    1541124 kB
Buffers:           29424 kB
Cached:           274336 kB
MemTotal:        1844596 kB
MemFree:         1353544 kB
MemAvailable:    1540824 kB
Buffers:           29424 kB
Cached:           274336 kB
MemTotal:        1844596 kB
MemFree:         1353356 kB
MemAvailable:    1540636 kB
Buffers:           29424 kB
Cached:           274336 kB
MemTotal:        1844596 kB
MemFree:         1353100 kB
MemAvailable:    1540380 kB
Buffers:           29424 kB
Cached:           274336 kB
MemTotal:        1844596 kB
MemFree:         1353020 kB
MemAvailable:    1540300 kB
Buffers:           29424 kB
Cached:           274336 kB
MemTotal:        1844596 kB
MemFree:         1352800 kB
MemAvailable:    1540080 kB
Buffers:           29424 kB
Cached:           274336 kB
MemTotal:        1844596 kB
MemFree:         1353220 kB
MemAvailable:    1540500 kB
Buffers:           29424 kB
Cached:           274336 kB
MemTotal:        1844596 kB
MemFree:         1351748 kB
MemAvailable:    1539028 kB
Buffers:           29424 kB
Cached:           274336 kB
MemTotal:        1844596 kB
MemFree:         1352908 kB
MemAvailable:    1540188 kB
Buffers:           29424 kB
Cached:           274336 kB
MemTotal:        1844596 kB
MemFree:         1353244 kB
MemAvailable:    1540524 kB
Buffers:           29424 kB
Cached:           274336 kB
MemTotal:        1844596 kB
MemFree:         1354268 kB
MemAvailable:    1541548 kB
Buffers:           29424 kB
Cached:           274336 kB
MemTotal:        1844596 kB
MemFree:         1352792 kB
MemAvailable:    1540072 kB
Buffers:           29424 kB
Cached:           274336 kB
MemTotal:        1844596 kB
MemFree:         1351288 kB
MemAvailable:    1538568 kB
Buffers:           29424 kB
Cached:           274336 kB
MemTotal:        1844596 kB
MemFree:         1350932 kB
MemAvailable:    1538212 kB
Buffers:           29424 kB
Cached:           274336 kB
MemTotal:        1844596 kB
MemFree:         1350816 kB
MemAvailable:    1538096 kB
Buffers:           29424 kB
Cached:           274336 kB
MemTotal:        1844596 kB
MemFree:         1350132 kB
MemAvailable:    1537412 kB
Buffers:           29424 kB
Cached:           274336 kB
MemTotal:        1844596 kB
MemFree:         1348444 kB
MemAvailable:    1535724 kB
Buffers:           29424 kB
Cached:           274336 kB
MemTotal:        1844596 kB
MemFree:         1348436 kB
MemAvailable:    1535716 kB
Buffers:           29424 kB
Cached:           274336 kB
MemTotal:        1844596 kB
MemFree:         1348900 kB
MemAvailable:    1536180 kB
Buffers:           29424 kB
Cached:           274336 kB
MemTotal:        1844596 kB
MemFree:         1347540 kB
MemAvailable:    1534820 kB
Buffers:           29424 kB
Cached:           274336 kB
MemTotal:        1844596 kB
MemFree:         1347532 kB
MemAvailable:    1534812 kB
Buffers:           29424 kB
Cached:           274336 kB
MemTotal:        1844596 kB
MemFree:         1347656 kB
MemAvailable:    1534936 kB
Buffers:           29424 kB
Cached:           274336 kB
MemTotal:        1844596 kB
MemFree:         1348760 kB
MemAvailable:    1536040 kB
Buffers:           29424 kB
Cached:           274336 kB
MemTotal:        1844596 kB
MemFree:         1348212 kB
MemAvailable:    1535492 kB
Buffers:           29424 kB
Cached:           274336 kB
MemTotal:        1844596 kB
MemFree:         1347404 kB
MemAvailable:    1534684 kB
Buffers:           29424 kB
Cached:           274336 kB
MemTotal:        1844596 kB
MemFree:         1347404 kB
MemAvailable:    1534684 kB
Buffers:           29424 kB
Cached:           274336 kB
MemTotal:        1844596 kB
MemFree:         1346964 kB
MemAvailable:    1534244 kB
Buffers:           29424 kB
Cached:           274336 kB
MemTotal:        1844596 kB
MemFree:         1347824 kB
MemAvailable:    1535104 kB
Buffers:           29424 kB
Cached:           274336 kB
MemTotal:        1844596 kB
MemFree:         1346708 kB
MemAvailable:    1533988 kB
Buffers:           29424 kB
Cached:           274336 kB
MemTotal:        1844596 kB
MemFree:         1346576 kB
MemAvailable:    1533856 kB
Buffers:           29424 kB
Cached:           274336 kB
MemTotal:        1844596 kB
MemFree:         1347824 kB
MemAvailable:    1535104 kB
Buffers:           29424 kB
Cached:           274336 kB
MemTotal:        1844596 kB
MemFree:         1346600 kB
MemAvailable:    1533880 kB
Buffers:           29424 kB
Cached:           274336 kB
MemTotal:        1844596 kB
MemFree:         1347744 kB
MemAvailable:    1535024 kB
Buffers:           29424 kB
Cached:           274336 kB
MemTotal:        1844596 kB
MemFree:         1347964 kB
MemAvailable:    1535244 kB
Buffers:           29424 kB
Cached:           274336 kB
MemTotal:        1844596 kB
MemFree:         1347868 kB
MemAvailable:    1535148 kB
Buffers:           29424 kB
Cached:           274336 kB
MemTotal:        1844596 kB
MemFree:         1347844 kB
MemAvailable:    1535124 kB
Buffers:           29424 kB
Cached:           274336 kB
MemTotal:        1844596 kB
MemFree:         1347908 kB
MemAvailable:    1535188 kB
Buffers:           29424 kB
Cached:           274336 kB
MemTotal:        1844596 kB
MemFree:         1347968 kB
MemAvailable:    1535248 kB
Buffers:           29424 kB
Cached:           274336 kB
MemTotal:        1844596 kB
MemFree:         1346724 kB
MemAvailable:    1534004 kB
Buffers:           29424 kB
Cached:           274336 kB
MemTotal:        1844596 kB
MemFree:         1347528 kB
MemAvailable:    1534808 kB
Buffers:           29424 kB
Cached:           274336 kB
MemTotal:        1844596 kB
MemFree:         1347204 kB
MemAvailable:    1534484 kB
Buffers:           29424 kB
Cached:           274336 kB
MemTotal:        1844596 kB
MemFree:         1346484 kB
MemAvailable:    1533764 kB
Buffers:           29424 kB
Cached:           274336 kB
MemTotal:        1844596 kB
MemFree:         1346924 kB
MemAvailable:    1534204 kB
Buffers:           29424 kB
Cached:           274336 kB
MemTotal:        1844596 kB
MemFree:         1346832 kB
MemAvailable:    1534112 kB
Buffers:           29424 kB
Cached:           274336 kB
MemTotal:        1844596 kB
MemFree:         1346352 kB
MemAvailable:    1533632 kB
Buffers:           29424 kB
Cached:           274336 kB
MemTotal:        1844596 kB
MemFree:         1346904 kB
MemAvailable:    1534184 kB
Buffers:           29424 kB
Cached:           274336 kB
MemTotal:        1844596 kB
MemFree:         1346904 kB
MemAvailable:    1534184 kB
Buffers:           29424 kB
Cached:           274336 kB
MemTotal:        1844596 kB
MemFree:         1347012 kB
MemAvailable:    1534292 kB
Buffers:           29424 kB
Cached:           274336 kB
MemTotal:        1844596 kB
MemFree:         1347032 kB
MemAvailable:    1534312 kB
Buffers:           29424 kB
Cached:           274336 kB
MemTotal:        1844596 kB
MemFree:         1347084 kB
MemAvailable:    1534364 kB
Buffers:           29424 kB
Cached:           274336 kB
MemTotal:        1844596 kB
MemFree:         1346880 kB
MemAvailable:    1534160 kB
Buffers:           29424 kB
Cached:           274336 kB
MemTotal:        1844596 kB
MemFree:         1345608 kB
MemAvailable:    1532888 kB
Buffers:           29424 kB
Cached:           274336 kB
MemTotal:        1844596 kB
MemFree:         1344864 kB
MemAvailable:    1532144 kB
Buffers:           29424 kB
Cached:           274336 kB
MemTotal:        1844596 kB
MemFree:         1339896 kB
MemAvailable:    1527176 kB
Buffers:           29424 kB
Cached:           274336 kB
MemTotal:        1844596 kB
MemFree:         1338236 kB
MemAvailable:    1525516 kB
Buffers:           29424 kB
Cached:           274336 kB
MemTotal:        1844596 kB
MemFree:         1339272 kB
MemAvailable:    1526552 kB
Buffers:           29424 kB
Cached:           274336 kB
MemTotal:        1844596 kB
MemFree:         1337972 kB
MemAvailable:    1525252 kB
Buffers:           29424 kB
Cached:           274336 kB
MemTotal:        1844596 kB
MemFree:         1339248 kB
MemAvailable:    1526528 kB
Buffers:           29424 kB
Cached:           274336 kB
MemTotal:        1844596 kB
MemFree:         1337876 kB
MemAvailable:    1525156 kB
Buffers:           29424 kB
Cached:           274336 kB
MemTotal:        1844596 kB
MemFree:         1338992 kB
MemAvailable:    1526272 kB
Buffers:           29424 kB
Cached:           274336 kB
MemTotal:        1844596 kB
MemFree:         1339096 kB
MemAvailable:    1526380 kB
Buffers:           29424 kB
Cached:           274340 kB
MemTotal:        1844596 kB
MemFree:         1337920 kB
MemAvailable:    1525204 kB
Buffers:           29424 kB
Cached:           274340 kB
MemTotal:        1844596 kB
MemFree:         1338988 kB
MemAvailable:    1526276 kB
Buffers:           29424 kB
Cached:           274344 kB
MemTotal:        1844596 kB
MemFree:         1338416 kB
MemAvailable:    1525704 kB
Buffers:           29424 kB
Cached:           274344 kB
MemTotal:        1844596 kB
MemFree:         1337776 kB
MemAvailable:    1525064 kB
Buffers:           29424 kB
Cached:           274344 kB
MemTotal:        1844596 kB
MemFree:         1337740 kB
MemAvailable:    1525028 kB
Buffers:           29424 kB
Cached:           274344 kB
MemTotal:        1844596 kB
MemFree:         1337740 kB
MemAvailable:    1525028 kB
Buffers:           29424 kB
Cached:           274344 kB
MemTotal:        1844596 kB
MemFree:         1338916 kB
MemAvailable:    1526204 kB
Buffers:           29424 kB
Cached:           274344 kB
MemTotal:        1844596 kB
MemFree:         1337672 kB
MemAvailable:    1524960 kB
Buffers:           29424 kB
Cached:           274344 kB
MemTotal:        1844596 kB
MemFree:         1337044 kB
MemAvailable:    1524332 kB
Buffers:           29424 kB
Cached:           274344 kB
MemTotal:        1844596 kB
MemFree:         1338128 kB
MemAvailable:    1525416 kB
Buffers:           29424 kB
Cached:           274344 kB
MemTotal:        1844596 kB
MemFree:         1337912 kB
MemAvailable:    1525200 kB
Buffers:           29424 kB
Cached:           274344 kB
MemTotal:        1844596 kB
MemFree:         1337424 kB
MemAvailable:    1524712 kB
Buffers:           29424 kB
Cached:           274344 kB
MemTotal:        1844596 kB
MemFree:         1337036 kB
MemAvailable:    1524324 kB
Buffers:           29424 kB
Cached:           274344 kB
MemTotal:        1844596 kB
MemFree:         1336928 kB
MemAvailable:    1524216 kB
Buffers:           29424 kB
Cached:           274344 kB
MemTotal:        1844596 kB
MemFree:         1336308 kB
MemAvailable:    1523596 kB
Buffers:           29424 kB
Cached:           274344 kB
MemTotal:        1844596 kB
MemFree:         1335060 kB
MemAvailable:    1522348 kB
Buffers:           29424 kB
Cached:           274344 kB
MemTotal:        1844596 kB
MemFree:         1334448 kB
MemAvailable:    1521736 kB
Buffers:           29424 kB
Cached:           274344 kB
MemTotal:        1844596 kB
MemFree:         1334192 kB
MemAvailable:    1521480 kB
Buffers:           29424 kB
Cached:           274344 kB
MemTotal:        1844596 kB
MemFree:         1335300 kB
MemAvailable:    1522588 kB
Buffers:           29424 kB
Cached:           274344 kB
MemTotal:        1844596 kB
MemFree:         1334184 kB
MemAvailable:    1521472 kB
Buffers:           29424 kB
Cached:           274344 kB
MemTotal:        1844596 kB
MemFree:         1334200 kB
MemAvailable:    1521488 kB
Buffers:           29424 kB
Cached:           274344 kB
MemTotal:        1844596 kB
MemFree:         1334076 kB
MemAvailable:    1521364 kB
Buffers:           29424 kB
Cached:           274344 kB
MemTotal:        1844596 kB
MemFree:         1334324 kB
MemAvailable:    1521612 kB
Buffers:           29424 kB
Cached:           274344 kB
MemTotal:        1844596 kB
MemFree:         1335316 kB
MemAvailable:    1522604 kB
Buffers:           29424 kB
Cached:           274344 kB
MemTotal:        1844596 kB
MemFree:         1334076 kB
MemAvailable:    1521364 kB
Buffers:           29424 kB
Cached:           274344 kB
MemTotal:        1844596 kB
MemFree:         1335004 kB
MemAvailable:    1522296 kB
Buffers:           29424 kB
Cached:           274348 kB
MemTotal:        1844596 kB
MemFree:         1333580 kB
MemAvailable:    1520872 kB
Buffers:           29424 kB
Cached:           274348 kB
MemTotal:        1844596 kB
MemFree:         1333580 kB
MemAvailable:    1520872 kB
Buffers:           29424 kB
Cached:           274348 kB
MemTotal:        1844596 kB
MemFree:         1329472 kB
MemAvailable:    1516764 kB
Buffers:           29424 kB
Cached:           274348 kB
MemTotal:        1844596 kB
MemFree:         1328816 kB
MemAvailable:    1516108 kB
Buffers:           29424 kB
Cached:           274348 kB
MemTotal:        1844596 kB
MemFree:         1327752 kB
MemAvailable:    1515044 kB
Buffers:           29424 kB
Cached:           274348 kB
MemTotal:        1844596 kB
MemFree:         1326380 kB
MemAvailable:    1513672 kB
Buffers:           29424 kB
Cached:           274348 kB
MemTotal:        1844596 kB
MemFree:         1327556 kB
MemAvailable:    1514848 kB
Buffers:           29424 kB
Cached:           274348 kB
MemTotal:        1844596 kB
MemFree:         1327868 kB
MemAvailable:    1515160 kB
Buffers:           29424 kB
Cached:           274348 kB
MemTotal:        1844596 kB
MemFree:         1327744 kB
MemAvailable:    1515036 kB
Buffers:           29424 kB
Cached:           274348 kB
MemTotal:        1844596 kB
MemFree:         1329300 kB
MemAvailable:    1516592 kB
Buffers:           29424 kB
Cached:           274348 kB
MemTotal:        1844596 kB
MemFree:         1328964 kB
MemAvailable:    1516256 kB
Buffers:           29424 kB
Cached:           274348 kB
MemTotal:        1844596 kB
MemFree:         1328964 kB
MemAvailable:    1516256 kB
Buffers:           29424 kB
Cached:           274348 kB
MemTotal:        1844596 kB
MemFree:         1328564 kB
MemAvailable:    1516024 kB
Buffers:           29424 kB
Cached:           274472 kB
MemTotal:        1844596 kB
MemFree:         1328592 kB
MemAvailable:    1516052 kB
Buffers:           29424 kB
Cached:           274596 kB
MemTotal:        1844596 kB
MemFree:         1328404 kB
MemAvailable:    1516032 kB
Buffers:           29424 kB
Cached:           274720 kB
MemTotal:        1844596 kB
MemFree:         1327944 kB
MemAvailable:    1515740 kB
Buffers:           29424 kB
Cached:           274844 kB
MemTotal:        1844596 kB
MemFree:         1328000 kB
MemAvailable:    1515796 kB
Buffers:           29424 kB
Cached:           274844 kB
MemTotal:        1844596 kB
MemFree:         1326820 kB
MemAvailable:    1514700 kB
Buffers:           29424 kB
Cached:           274968 kB
MemTotal:        1844596 kB
MemFree:         1326828 kB
MemAvailable:    1514708 kB
Buffers:           29424 kB
Cached:           274968 kB
MemTotal:        1844596 kB
MemFree:         1326944 kB
MemAvailable:    1514824 kB
Buffers:           29424 kB
Cached:           274968 kB
MemTotal:        1844596 kB
MemFree:         1327796 kB
MemAvailable:    1515676 kB
Buffers:           29424 kB
Cached:           274968 kB
MemTotal:        1844596 kB
MemFree:         1327980 kB
MemAvailable:    1515860 kB
Buffers:           29424 kB
Cached:           274968 kB
MemTotal:        1844596 kB
MemFree:         1326860 kB
MemAvailable:    1514740 kB
Buffers:           29424 kB
Cached:           274968 kB
MemTotal:        1844596 kB
MemFree:         1328096 kB
MemAvailable:    1515976 kB
Buffers:           29424 kB
Cached:           274968 kB
MemTotal:        1844596 kB
MemFree:         1327000 kB
MemAvailable:    1514292 kB
Buffers:           29424 kB
Cached:           274296 kB
MemTotal:        1844596 kB
MemFree:         1392984 kB
MemAvailable:    1580276 kB
Buffers:           29424 kB
Cached:           274296 kB
