MemTotal:        1844596 kB
MemFree:         1224364 kB
MemAvailable:    1564240 kB
Buffers:           50612 kB
Cached:           403452 kB
MemTotal:        1844596 kB
MemFree:         1195572 kB
MemAvailable:    1535452 kB
Buffers:           50612 kB
Cached:           403456 kB
MemTotal:        1844596 kB
MemFree:         1196564 kB
MemAvailable:    1536444 kB
Buffers:           50612 kB
Cached:           403456 kB
MemTotal:        1844596 kB
MemFree:         1193588 kB
MemAvailable:    1533468 kB
Buffers:           50612 kB
Cached:           403456 kB
MemTotal:        1844596 kB
MemFree:         1193392 kB
MemAvailable:    1533272 kB
Buffers:           50612 kB
Cached:           403456 kB
MemTotal:        1844596 kB
MemFree:         1191960 kB
MemAvailable:    1531840 kB
Buffers:           50612 kB
Cached:           403456 kB
MemTotal:        1844596 kB
MemFree:         1191960 kB
MemAvailable:    1531840 kB
Buffers:           50612 kB
Cached:           403456 kB
MemTotal:        1844596 kB
MemFree:         1186868 kB
MemAvailable:    1526748 kB
Buffers:           50612 kB
Cached:           403456 kB
MemTotal:        1844596 kB
MemFree:         1187204 kB
MemAvailable:    1527084 kB
Buffers:           50612 kB
Cached:           403456 kB
MemTotal:        1844596 kB
MemFree:         1182492 kB
MemAvailable:    1522372 kB
Buffers:           50612 kB
Cached:           403456 kB
MemTotal:        1844596 kB
MemFree:         1183836 kB
MemAvailable:    1523716 kB
Buffers:           50612 kB
Cached:           403456 kB
MemTotal:        1844596 kB
MemFree:         1182296 kB
MemAvailable:    1522176 kB
Buffers:           50612 kB
Cached:           403456 kB
MemTotal:        1844596 kB
MemFree:         1183544 kB
MemAvailable:    1523424 kB
Buffers:           50612 kB
Cached:           403456 kB
MemTotal:        1844596 kB
MemFree:         1182668 kB
MemAvailable:    1522548 kB
Buffers:           50612 kB
Cached:           403456 kB
MemTotal:        1844596 kB
MemFree:         1183404 kB
MemAvailable:    1523284 kB
Buffers:           50612 kB
Cached:           403456 kB
MemTotal:        1844596 kB
MemFree:         1182924 kB
MemAvailable:    1522804 kB
Buffers:           50612 kB
Cached:           403456 kB
MemTotal:        1844596 kB
MemFree:         1181560 kB
MemAvailable:    1521440 kB
Buffers:           50612 kB
Cached:           403456 kB
MemTotal:        1844596 kB
MemFree:         1180560 kB
MemAvailable:    1520440 kB
Buffers:           50612 kB
Cached:           403456 kB
MemTotal:        1844596 kB
MemFree:         1180072 kB
MemAvailable:    1519952 kB
Buffers:           50612 kB
Cached:           403456 kB
MemTotal:        1844596 kB
MemFree:         1180072 kB
MemAvailable:    1519952 kB
Buffers:           50612 kB
Cached:           403456 kB
MemTotal:        1844596 kB
MemFree:         1179816 kB
MemAvailable:    1519696 kB
Buffers:           50612 kB
Cached:           403456 kB
MemTotal:        1844596 kB
MemFree:         1179644 kB
MemAvailable:    1519524 kB
Buffers:           50612 kB
Cached:           403456 kB
MemTotal:        1844596 kB
MemFree:         1181088 kB
MemAvailable:    1520968 kB
Buffers:           50612 kB
Cached:           403456 kB
MemTotal:        1844596 kB
MemFree:         1180996 kB
MemAvailable:    1520876 kB
Buffers:           50612 kB
Cached:           403456 kB
MemTotal:        1844596 kB
MemFree:         1179668 kB
MemAvailable:    1519548 kB
Buffers:           50612 kB
Cached:           403456 kB
MemTotal:        1844596 kB
MemFree:         1179788 kB
MemAvailable:    1519668 kB
Buffers:           50612 kB
Cached:           403456 kB
MemTotal:        1844596 kB
MemFree:         1181256 kB
MemAvailable:    1521136 kB
Buffers:           50612 kB
Cached:           403456 kB
MemTotal:        1844596 kB
MemFree:         1181000 kB
MemAvailable:    1520880 kB
Buffers:           50612 kB
Cached:           403456 kB
MemTotal:        1844596 kB
MemFree:         1180984 kB
MemAvailable:    1520864 kB
Buffers:           50612 kB
Cached:           403456 kB
MemTotal:        1844596 kB
MemFree:         1178336 kB
MemAvailable:    1518216 kB
Buffers:           50612 kB
Cached:           403456 kB
MemTotal:        1844596 kB
MemFree:         1178644 kB
MemAvailable:    1518524 kB
Buffers:           50612 kB
Cached:           403456 kB
MemTotal:        1844596 kB
MemFree:         1176848 kB
MemAvailable:    1516728 kB
Buffers:           50612 kB
Cached:           403456 kB
MemTotal:        1844596 kB
MemFree:         1177924 kB
MemAvailable:    1517804 kB
Buffers:           50612 kB
Cached:           403456 kB
MemTotal:        1844596 kB
MemFree:         1176336 kB
MemAvailable:    1516216 kB
Buffers:           50612 kB
Cached:           403456 kB
MemTotal:        1844596 kB
MemFree:         1175856 kB
MemAvailable:    1515736 kB
Buffers:           50612 kB
Cached:           403456 kB
MemTotal:        1844596 kB
MemFree:         1175552 kB
MemAvailable:    1515432 kB
Buffers:           50612 kB
Cached:           403456 kB
MemTotal:        1844596 kB
MemFree:         1177048 kB
MemAvailable:    1516928 kB
Buffers:           50612 kB
Cached:           403456 kB
MemTotal:        1844596 kB
MemFree:         1176784 kB
MemAvailable:    1516664 kB
Buffers:           50612 kB
Cached:           403456 kB
MemTotal:        1844596 kB
MemFree:         1176848 kB
MemAvailable:    1516728 kB
Buffers:           50612 kB
Cached:           403456 kB
MemTotal:        1844596 kB
MemFree:         1176728 kB
MemAvailable:    1516608 kB
Buffers:           50612 kB
Cached:           403456 kB
MemTotal:        1844596 kB
MemFree:         1175608 kB
MemAvailable:    1515488 kB
Buffers:           50612 kB
Cached:           403456 kB
MemTotal:        1844596 kB
MemFree:         1176212 kB
MemAvailable:    1516092 kB
Buffers:           50612 kB
Cached:           403456 kB
MemTotal:        1844596 kB
MemFree:         1176548 kB
MemAvailable:    1516428 kB
Buffers:           50612 kB
Cached:           403456 kB
MemTotal:        1844596 kB
MemFree:         1175776 kB
MemAvailable:    1515656 kB
Buffers:           50612 kB
Cached:           403456 kB
MemTotal:        1844596 kB
MemFree:         1175928 kB
MemAvailable:    1515808 kB
Buffers:           50612 kB
Cached:           403456 kB
MemTotal:        1844596 kB
MemFree:         1175900 kB
MemAvailable:    1515780 kB
Buffers:           50612 kB
Cached:           403456 kB
MemTotal:        1844596 kB
MemFree:         1174592 kB
MemAvailable:    1514472 kB
Buffers:           50612 kB
Cached:           403456 kB
MemTotal:        1844596 kB
MemFree:         1174708 kB
MemAvailable:    1514588 kB
Buffers:           50612 kB
Cached:           403456 kB
MemTotal:        1844596 kB
MemFree:         1175816 kB
MemAvailable:    1515696 kB
Buffers:           50612 kB
Cached:           403456 kB
MemTotal:        1844596 kB
MemFree:         1175816 kB
MemAvailable:    1515696 kB
Buffers:           50612 kB
Cached:           403456 kB
MemTotal:        1844596 kB
MemFree:         1175860 kB
MemAvailable:    1515740 kB
Buffers:           50612 kB
Cached:           403456 kB
MemTotal:        1844596 kB
MemFree:         1175796 kB
MemAvailable:    1515676 kB
Buffers:           50612 kB
Cached:           403456 kB
MemTotal:        1844596 kB
MemFree:         1174716 kB
MemAvailable:    1514596 kB
Buffers:           50612 kB
Cached:           403456 kB
MemTotal:        1844596 kB
MemFree:         1174360 kB
MemAvailable:    1514240 kB
Buffers:           50612 kB
Cached:           403456 kB
MemTotal:        1844596 kB
MemFree:         1175428 kB
MemAvailable:    1515308 kB
Buffers:           50612 kB
Cached:           403456 kB
MemTotal:        1844596 kB
MemFree:         1175336 kB
MemAvailable:    1515216 kB
Buffers:           50612 kB
Cached:           403456 kB
MemTotal:        1844596 kB
MemFree:         1173840 kB
MemAvailable:    1513720 kB
Buffers:           50612 kB
Cached:           403456 kB
MemTotal:        1844596 kB
MemFree:         1173740 kB
MemAvailable:    1513624 kB
Buffers:           50612 kB
Cached:           403460 kB
MemTotal:        1844596 kB
MemFree:         1174848 kB
MemAvailable:    1514732 kB
Buffers:           50612 kB
Cached:           403460 kB
MemTotal:        1844596 kB
MemFree:         1175100 kB
MemAvailable:    1514984 kB
Buffers:           50612 kB
Cached:           403460 kB
MemTotal:        1844596 kB
MemFree:         1174868 kB
MemAvailable:    1514752 kB
Buffers:           50612 kB
Cached:           403460 kB
MemTotal:        1844596 kB
MemFree:         1174864 kB
MemAvailable:    1514748 kB
Buffers:           50612 kB
Cached:           403460 kB
MemTotal:        1844596 kB
MemFree:         1173804 kB
MemAvailable:    1513688 kB
Buffers:           50612 kB
Cached:           403460 kB
MemTotal:        1844596 kB
MemFree:         1173672 kB
MemAvailable:    1513556 kB
Buffers:           50612 kB
Cached:           403460 kB
MemTotal:        1844596 kB
MemFree:         1174964 kB
MemAvailable:    1514848 kB
Buffers:           50612 kB
Cached:           403460 kB
MemTotal:        1844596 kB
MemFree:         1174904 kB
MemAvailable:    1514788 kB
Buffers:           50612 kB
Cached:           403460 kB
MemTotal:        1844596 kB
MemFree:         1172128 kB
MemAvailable:    1512012 kB
Buffers:           50612 kB
Cached:           403460 kB
MemTotal:        1844596 kB
MemFree:         1170028 kB
MemAvailable:    1509912 kB
Buffers:           50612 kB
Cached:           403460 kB
MemTotal:        1844596 kB
MemFree:         1168168 kB
MemAvailable:    1508052 kB
Buffers:           50612 kB
Cached:           403460 kB
MemTotal:        1844596 kB
MemFree:         1167424 kB
MemAvailable:    1507308 kB
Buffers:           50612 kB
Cached:           403460 kB
MemTotal:        1844596 kB
MemFree:         1167292 kB
MemAvailable:    1507176 kB
Buffers:           50612 kB
Cached:           403460 kB
MemTotal:        1844596 kB
MemFree:         1165920 kB
MemAvailable:    1505804 kB
Buffers:           50612 kB
Cached:           403460 kB
MemTotal:        1844596 kB
MemFree:         1166044 kB
MemAvailable:    1505928 kB
Buffers:           50612 kB
Cached:           403460 kB
MemTotal:        1844596 kB
MemFree:         1166168 kB
MemAvailable:    1506052 kB
Buffers:           50612 kB
Cached:           403460 kB
MemTotal:        1844596 kB
MemFree:         1166052 kB
MemAvailable:    1505936 kB
Buffers:           50612 kB
Cached:           403460 kB
MemTotal:        1844596 kB
MemFree:         1165936 kB
MemAvailable:    1505820 kB
Buffers:           50612 kB
Cached:           403460 kB
MemTotal:        1844596 kB
MemFree:         1165936 kB
MemAvailable:    1505820 kB
Buffers:           50612 kB
Cached:           403460 kB
MemTotal:        1844596 kB
MemFree:         1165632 kB
MemAvailable:    1505516 kB
Buffers:           50612 kB
Cached:           403460 kB
MemTotal:        1844596 kB
MemFree:         1165756 kB
MemAvailable:    1505640 kB
Buffers:           50612 kB
Cached:           403460 kB
MemTotal:        1844596 kB
MemFree:         1165800 kB
MemAvailable:    1505684 kB
Buffers:           50612 kB
Cached:           403460 kB
MemTotal:        1844596 kB
MemFree:         1166900 kB
MemAvailable:    1506784 kB
Buffers:           50612 kB
Cached:           403460 kB
MemTotal:        1844596 kB
MemFree:         1166680 kB
MemAvailable:    1506564 kB
Buffers:           50612 kB
Cached:           403460 kB
MemTotal:        1844596 kB
MemFree:         1166540 kB
MemAvailable:    1506424 kB
Buffers:           50612 kB
Cached:           403460 kB
MemTotal:        1844596 kB
MemFree:         1166308 kB
MemAvailable:    1506192 kB
Buffers:           50612 kB
Cached:           403460 kB
MemTotal:        1844596 kB
MemFree:         1166312 kB
MemAvailable:    1506196 kB
Buffers:           50612 kB
Cached:           403460 kB
MemTotal:        1844596 kB
MemFree:         1164820 kB
MemAvailable:    1504704 kB
Buffers:           50612 kB
Cached:           403460 kB
MemTotal:        1844596 kB
MemFree:         1165440 kB
MemAvailable:    1505324 kB
Buffers:           50612 kB
Cached:           403460 kB
MemTotal:        1844596 kB
MemFree:         1164324 kB
MemAvailable:    1504208 kB
Buffers:           50612 kB
Cached:           403460 kB
MemTotal:        1844596 kB
MemFree:         1165012 kB
MemAvailable:    1504904 kB
Buffers:           50612 kB
Cached:           403468 kB
MemTotal:        1844596 kB
MemFree:         1165068 kB
MemAvailable:    1504960 kB
Buffers:           50612 kB
Cached:           403468 kB
MemTotal:        1844596 kB
MemFree:         1164260 kB
MemAvailable:    1504152 kB
Buffers:           50612 kB
Cached:           403468 kB
MemTotal:        1844596 kB
MemFree:         1162952 kB
MemAvailable:    1502844 kB
Buffers:           50612 kB
Cached:           403468 kB
MemTotal:        1844596 kB
MemFree:         1162952 kB
MemAvailable:    1502844 kB
Buffers:           50612 kB
Cached:           403468 kB
MemTotal:        1844596 kB
MemFree:         1163516 kB
MemAvailable:    1503408 kB
Buffers:           50612 kB
Cached:           403468 kB
MemTotal:        1844596 kB
MemFree:         1162208 kB
MemAvailable:    1502100 kB
Buffers:           50612 kB
Cached:           403468 kB
MemTotal:        1844596 kB
MemFree:         1163332 kB
MemAvailable:    1503224 kB
Buffers:           50612 kB
Cached:           403468 kB
MemTotal:        1844596 kB
MemFree:         1163136 kB
MemAvailable:    1503028 kB
Buffers:           50612 kB
Cached:           403468 kB
MemTotal:        1844596 kB
MemFree:         1163056 kB
MemAvailable:    1502948 kB
Buffers:           50612 kB
Cached:           403468 kB
MemTotal:        1844596 kB
MemFree:         1163308 kB
MemAvailable:    1503200 kB
Buffers:           50612 kB
Cached:           403468 kB
MemTotal:        1844596 kB
MemFree:         1161688 kB
MemAvailable:    1501580 kB
Buffers:           50612 kB
Cached:           403468 kB
MemTotal:        1844596 kB
MemFree:         1161820 kB
MemAvailable:    1501712 kB
Buffers:           50612 kB
Cached:           403468 kB
MemTotal:        1844596 kB
MemFree:         1161944 kB
MemAvailable:    1501836 kB
Buffers:           50612 kB
Cached:           403468 kB
MemTotal:        1844596 kB
MemFree:         1161936 kB
MemAvailable:    1501828 kB
Buffers:           50612 kB
Cached:           403468 kB
MemTotal:        1844596 kB
MemFree:         1161340 kB
MemAvailable:    1501232 kB
Buffers:           50612 kB
Cached:           403468 kB
MemTotal:        1844596 kB
MemFree:         1162324 kB
MemAvailable:    1502216 kB
Buffers:           50612 kB
Cached:           403468 kB
MemTotal:        1844596 kB
MemFree:         1161596 kB
MemAvailable:    1501488 kB
Buffers:           50612 kB
Cached:           403468 kB
MemTotal:        1844596 kB
MemFree:         1154280 kB
MemAvailable:    1494172 kB
Buffers:           50612 kB
Cached:           403468 kB
MemTotal:        1844596 kB
MemFree:         1154272 kB
MemAvailable:    1494164 kB
Buffers:           50612 kB
Cached:           403468 kB
MemTotal:        1844596 kB
MemFree:         1155396 kB
MemAvailable:    1495288 kB
Buffers:           50612 kB
Cached:           403468 kB
MemTotal:        1844596 kB
MemFree:         1154024 kB
MemAvailable:    1493916 kB
Buffers:           50612 kB
Cached:           403468 kB
MemTotal:        1844596 kB
MemFree:         1154024 kB
MemAvailable:    1493916 kB
Buffers:           50612 kB
Cached:           403468 kB
MemTotal:        1844596 kB
MemFree:         1155124 kB
MemAvailable:    1495016 kB
Buffers:           50612 kB
Cached:           403468 kB
MemTotal:        1844596 kB
MemFree:         1155148 kB
MemAvailable:    1495040 kB
Buffers:           50612 kB
Cached:           403468 kB
MemTotal:        1844596 kB
MemFree:         1156620 kB
MemAvailable:    1496512 kB
Buffers:           50616 kB
Cached:           403464 kB
MemTotal:        1844596 kB
MemFree:         1156512 kB
MemAvailable:    1496404 kB
Buffers:           50616 kB
Cached:           403464 kB
MemTotal:        1844596 kB
MemFree:         1156392 kB
MemAvailable:    1496452 kB
Buffers:           50616 kB
Cached:           403588 kB
MemTotal:        1844596 kB
MemFree:         1156456 kB
MemAvailable:    1496684 kB
Buffers:           50616 kB
Cached:           403836 kB
MemTotal:        1844596 kB
MemFree:         1156572 kB
MemAvailable:    1496800 kB
Buffers:           50616 kB
Cached:           403836 kB
MemTotal:        1844596 kB
MemFree:         1156016 kB
MemAvailable:    1496412 kB
Buffers:           50616 kB
Cached:           403960 kB
MemTotal:        1844596 kB
MemFree:         1154636 kB
MemAvailable:    1495116 kB
Buffers:           50616 kB
Cached:           404084 kB
MemTotal:        1844596 kB
MemFree:         1154768 kB
MemAvailable:    1495248 kB
Buffers:           50616 kB
Cached:           404084 kB
MemTotal:        1844596 kB
MemFree:         1154768 kB
MemAvailable:    1495248 kB
Buffers:           50616 kB
Cached:           404084 kB
MemTotal:        1844596 kB
MemFree:         1154636 kB
MemAvailable:    1495116 kB
Buffers:           50616 kB
Cached:           404084 kB
MemTotal:        1844596 kB
MemFree:         1155876 kB
MemAvailable:    1496440 kB
Buffers:           50616 kB
Cached:           404084 kB
MemTotal:        1844596 kB
MemFree:         1155876 kB
MemAvailable:    1496440 kB
Buffers:           50616 kB
Cached:           404084 kB
MemTotal:        1844596 kB
MemFree:         1154500 kB
MemAvailable:    1495064 kB
Buffers:           50616 kB
Cached:           404084 kB
MemTotal:        1844596 kB
MemFree:         1155200 kB
MemAvailable:    1495164 kB
Buffers:           50616 kB
Cached:           403492 kB
MemTotal:        1844596 kB
MemFree:         1223676 kB
MemAvailable:    1563640 kB
Buffers:           50616 kB
Cached:           403492 kB
