MemTotal:        1844596 kB
MemFree:         1137672 kB
MemAvailable:    1560480 kB
Buffers:           60040 kB
Cached:           470544 kB
MemTotal:        1844596 kB
MemFree:         1112104 kB
MemAvailable:    1534916 kB
Buffers:           60040 kB
Cached:           470548 kB
MemTotal:        1844596 kB
MemFree:         1109320 kB
MemAvailable:    1532132 kB
Buffers:           60040 kB
Cached:           470548 kB
MemTotal:        1844596 kB
MemFree:         1106780 kB
MemAvailable:    1529592 kB
Buffers:           60040 kB
Cached:           470548 kB
MemTotal:        1844596 kB
MemFree:         1105292 kB
MemAvailable:    1528104 kB
Buffers:           60040 kB
Cached:           470548 kB
MemTotal:        1844596 kB
MemFree:         1105292 kB
MemAvailable:    1528104 kB
Buffers:           60040 kB
Cached:           470548 kB
MemTotal:        1844596 kB
MemFree:         1103920 kB
MemAvailable:    1526732 kB
Buffers:           60040 kB
Cached:           470548 kB
MemTotal:        1844596 kB
MemFree:         1101508 kB
MemAvailable:    1524320 kB
Buffers:           60040 kB
Cached:           470548 kB
MemTotal:        1844596 kB
MemFree:         1101200 kB
MemAvailable:    1524012 kB
Buffers:           60040 kB
Cached:           470548 kB
MemTotal:        1844596 kB
MemFree:         1095372 kB
MemAvailable:    1518184 kB
Buffers:           60040 kB
Cached:           470548 kB
MemTotal:        1844596 kB
MemFree:         1096352 kB
MemAvailable:    1519164 kB
Buffers:           60040 kB
Cached:           470548 kB
MemTotal:        1844596 kB
MemFree:         1095300 kB
MemAvailable:    1518112 kB
Buffers:           60040 kB
Cached:           470548 kB
MemTotal:        1844596 kB
MemFree:         1095176 kB
MemAvailable:    1517988 kB
Buffers:           60040 kB
Cached:           470548 kB
MemTotal:        1844596 kB
MemFree:         1095460 kB
MemAvailable:    1518272 kB
Buffers:           60040 kB
Cached:           470548 kB
MemTotal:        1844596 kB
MemFree:         1096512 kB
MemAvailable:    1519324 kB
Buffers:           60040 kB
Cached:           470548 kB
MemTotal:        1844596 kB
MemFree:         1094876 kB
MemAvailable:    1517688 kB
Buffers:           60040 kB
Cached:           470548 kB
MemTotal:        1844596 kB
MemFree:         1093752 kB
MemAvailable:    1516564 kB
Buffers:           60040 kB
Cached:           470548 kB
MemTotal:        1844596 kB
MemFree:         1093008 kB
MemAvailable:    1515820 kB
Buffers:           60040 kB
Cached:           470548 kB
MemTotal:        1844596 kB
MemFree:         1094440 kB
MemAvailable:    1517252 kB
Buffers:           60040 kB
Cached:           470548 kB
MemTotal:        1844596 kB
MemFree:         1093256 kB
MemAvailable:    1516068 kB
Buffers:           60040 kB
Cached:           470548 kB
MemTotal:        1844596 kB
MemFree:         1094248 kB
MemAvailable:    1517060 kB
Buffers:           60040 kB
Cached:           470548 kB
MemTotal:        1844596 kB
MemFree:         1093256 kB
MemAvailable:    1516068 kB
Buffers:           60040 kB
Cached:           470548 kB
MemTotal:        1844596 kB
MemFree:         1094116 kB
MemAvailable:    1516928 kB
Buffers:           60040 kB
Cached:           470548 kB
MemTotal:        1844596 kB
MemFree:         1094200 kB
MemAvailable:    1517012 kB
Buffers:           60040 kB
Cached:           470548 kB
MemTotal:        1844596 kB
MemFree:         1092868 kB
MemAvailable:    1515680 kB
Buffers:           60040 kB
Cached:           470548 kB
MemTotal:        1844596 kB
MemFree:         1094096 kB
MemAvailable:    1516908 kB
Buffers:           60040 kB
Cached:           470548 kB
MemTotal:        1844596 kB
MemFree:         1095168 kB
MemAvailable:    1517980 kB
Buffers:           60040 kB
Cached:           470548 kB
MemTotal:        1844596 kB
MemFree:         1094628 kB
MemAvailable:    1517440 kB
Buffers:           60040 kB
Cached:           470548 kB
MemTotal:        1844596 kB
MemFree:         1091836 kB
MemAvailable:    1514648 kB
Buffers:           60040 kB
Cached:           470548 kB
MemTotal:        1844596 kB
MemFree:         1090108 kB
MemAvailable:    1512920 kB
Buffers:           60040 kB
Cached:           470548 kB
MemTotal:        1844596 kB
MemFree:         1090104 kB
MemAvailable:    1512916 kB
Buffers:           60040 kB
Cached:           470548 kB
MemTotal:        1844596 kB
MemFree:         1090768 kB
MemAvailable:    1513580 kB
Buffers:           60040 kB
Cached:           470548 kB
MemTotal:        1844596 kB
MemFree:         1090660 kB
MemAvailable:    1513472 kB
Buffers:           60040 kB
Cached:           470548 kB
MemTotal:        1844596 kB
MemFree:         1090224 kB
MemAvailable:    1513036 kB
Buffers:           60040 kB
Cached:           470548 kB
MemTotal:        1844596 kB
MemFree:         1090280 kB
MemAvailable:    1513092 kB
Buffers:           60040 kB
Cached:           470548 kB
MemTotal:        1844596 kB
MemFree:         1090032 kB
MemAvailable:    1512848 kB
Buffers:           60040 kB
Cached:           470552 kB
MemTotal:        1844596 kB
MemFree:         1089736 kB
MemAvailable:    1512552 kB
Buffers:           60040 kB
Cached:           470552 kB
MemTotal:        1844596 kB
MemFree:         1089172 kB
MemAvailable:    1511988 kB
Buffers:           60040 kB
Cached:           470552 kB
MemTotal:        1844596 kB
MemFree:         1089640 kB
MemAvailable:    1512456 kB
Buffers:           60040 kB
Cached:           470552 kB
MemTotal:        1844596 kB
MemFree:         1089640 kB
MemAvailable:    1512456 kB
Buffers:           60040 kB
Cached:           470552 kB
MemTotal:        1844596 kB
MemFree:         1088976 kB
MemAvailable:    1511792 kB
Buffers:           60040 kB
Cached:           470552 kB
MemTotal:        1844596 kB
MemFree:         1087780 kB
MemAvailable:    1510596 kB
Buffers:           60040 kB
Cached:           470552 kB
MemTotal:        1844596 kB
MemFree:         1088908 kB
MemAvailable:    1511724 kB
Buffers:           60040 kB
Cached:           470552 kB
MemTotal:        1844596 kB
MemFree:         1087484 kB
MemAvailable:    1510300 kB
Buffers:           60040 kB
Cached:           470552 kB
MemTotal:        1844596 kB
MemFree:         1087476 kB
MemAvailable:    1510292 kB
Buffers:           60040 kB
Cached:           470552 kB
MemTotal:        1844596 kB
MemFree:         1088776 kB
MemAvailable:    1511592 kB
Buffers:           60040 kB
Cached:           470552 kB
MemTotal:        1844596 kB
MemFree:         1088944 kB
MemAvailable:    1511760 kB
Buffers:           60040 kB
Cached:           470552 kB
MemTotal:        1844596 kB
MemFree:         1088868 kB
MemAvailable:    1511684 kB
Buffers:           60040 kB
Cached:           470552 kB
MemTotal:        1844596 kB
MemFree:         1087676 kB
MemAvailable:    1510492 kB
Buffers:           60040 kB
Cached:           470552 kB
MemTotal:        1844596 kB
MemFree:         1087552 kB
MemAvailable:    1510368 kB
Buffers:           60040 kB
Cached:           470552 kB
MemTotal:        1844596 kB
MemFree:         1087684 kB
MemAvailable:    1510500 kB
Buffers:           60040 kB
Cached:           470552 kB
MemTotal:        1844596 kB
MemFree:         1088784 kB
MemAvailable:    1511600 kB
Buffers:           60040 kB
Cached:           470552 kB
MemTotal:        1844596 kB
MemFree:         1088180 kB
MemAvailable:    1510996 kB
Buffers:           60040 kB
Cached:           470552 kB
MemTotal:        1844596 kB
MemFree:         1088232 kB
MemAvailable:    1511048 kB
Buffers:           60040 kB
Cached:           470552 kB
MemTotal:        1844596 kB
MemFree:         1088484 kB
MemAvailable:    1511300 kB
Buffers:           60040 kB
Cached:           470552 kB
MemTotal:        1844596 kB
MemFree:         1086744 kB
MemAvailable:    1509560 kB
Buffers:           60040 kB
Cached:           470552 kB
MemTotal:        1844596 kB
MemFree:         1086876 kB
MemAvailable:    1509692 kB
Buffers:           60040 kB
Cached:           470552 kB
MemTotal:        1844596 kB
MemFree:         1087976 kB
MemAvailable:    1510792 kB
Buffers:           60040 kB
Cached:           470552 kB
MemTotal:        1844596 kB
MemFree:         1086364 kB
MemAvailable:    1509180 kB
Buffers:           60040 kB
Cached:           470552 kB
MemTotal:        1844596 kB
MemFree:         1086488 kB
MemAvailable:    1509304 kB
Buffers:           60040 kB
Cached:           470552 kB
MemTotal:        1844596 kB
MemFree:         1086860 kB
MemAvailable:    1509676 kB
Buffers:           60040 kB
Cached:           470552 kB
MemTotal:        1844596 kB
MemFree:         1087936 kB
MemAvailable:    1510752 kB
Buffers:           60040 kB
Cached:           470552 kB
MemTotal:        1844596 kB
MemFree:         1086652 kB
MemAvailable:    1509468 kB
Buffers:           60040 kB
Cached:           470552 kB
MemTotal:        1844596 kB
MemFree:         1088016 kB
MemAvailable:    1510832 kB
Buffers:           60040 kB
Cached:           470552 kB
MemTotal:        1844596 kB
MemFree:         1087696 kB
MemAvailable:    1510512 kB
Buffers:           60040 kB
Cached:           470552 kB
MemTotal:        1844596 kB
MemFree:         1085636 kB
MemAvailable:    1508452 kB
Buffers:           60040 kB
Cached:           470552 kB
MemTotal:        1844596 kB
MemFree:         1082104 kB
MemAvailable:    1504920 kB
Buffers:           60040 kB
Cached:           470552 kB
MemTotal:        1844596 kB
MemFree:         1080228 kB
MemAvailable:    1503044 kB
Buffers:           60040 kB
Cached:           470552 kB
MemTotal:        1844596 kB
MemFree:         1079748 kB
MemAvailable:    1502564 kB
Buffers:           60040 kB
Cached:           470552 kB
MemTotal:        1844596 kB
MemFree:         1080248 kB
MemAvailable:    1503064 kB
Buffers:           60040 kB
Cached:           470552 kB
MemTotal:        1844596 kB
MemFree:         1080180 kB
MemAvailable:    1502996 kB
Buffers:           60040 kB
Cached:           470552 kB
MemTotal:        1844596 kB
MemFree:         1078808 kB
MemAvailable:    1501624 kB
Buffers:           60040 kB
Cached:           470552 kB
MemTotal:        1844596 kB
MemFree:         1080116 kB
MemAvailable:    1502932 kB
Buffers:           60040 kB
Cached:           470552 kB
MemTotal:        1844596 kB
MemFree:         1078684 kB
MemAvailable:    1501500 kB
Buffers:           60040 kB
Cached:           470552 kB
MemTotal:        1844596 kB
MemFree:         1079920 kB
MemAvailable:    1502736 kB
Buffers:           60040 kB
Cached:           470552 kB
MemTotal:        1844596 kB
MemFree:         1078716 kB
MemAvailable:    1501532 kB
Buffers:           60040 kB
Cached:           470552 kB
MemTotal:        1844596 kB
MemFree:         1079816 kB
MemAvailable:    1502632 kB
Buffers:           60040 kB
Cached:           470552 kB
MemTotal:        1844596 kB
MemFree:         1079748 kB
MemAvailable:    1502564 kB
Buffers:           60040 kB
Cached:           470552 kB
MemTotal:        1844596 kB
MemFree:         1079984 kB
MemAvailable:    1502800 kB
Buffers:           60040 kB
Cached:           470552 kB
MemTotal:        1844596 kB
MemFree:         1079128 kB
MemAvailable:    1501944 kB
Buffers:           60040 kB
Cached:           470552 kB
MemTotal:        1844596 kB
MemFree:         1079956 kB
MemAvailable:    1502776 kB
Buffers:           60040 kB
Cached:           470556 kB
MemTotal:        1844596 kB
MemFree:         1078756 kB
MemAvailable:    1501576 kB
Buffers:           60040 kB
Cached:           470556 kB
MemTotal:        1844596 kB
MemFree:         1078756 kB
MemAvailable:    1501576 kB
Buffers:           60040 kB
Cached:           470556 kB
MemTotal:        1844596 kB
MemFree:         1078980 kB
MemAvailable:    1501800 kB
Buffers:           60040 kB
Cached:           470556 kB
MemTotal:        1844596 kB
MemFree:         1078324 kB
MemAvailable:    1501144 kB
Buffers:           60040 kB
Cached:           470556 kB
MemTotal:        1844596 kB
MemFree:         1078932 kB
MemAvailable:    1501752 kB
Buffers:           60040 kB
Cached:           470556 kB
MemTotal:        1844596 kB
MemFree:         1078692 kB
MemAvailable:    1501512 kB
Buffers:           60040 kB
Cached:           470556 kB
MemTotal:        1844596 kB
MemFree:         1077268 kB
MemAvailable:    1500088 kB
Buffers:           60040 kB
Cached:           470556 kB
MemTotal:        1844596 kB
MemFree:         1077128 kB
MemAvailable:    1499948 kB
Buffers:           60040 kB
Cached:           470556 kB
MemTotal:        1844596 kB
MemFree:         1076648 kB
MemAvailable:    1499468 kB
Buffers:           60040 kB
Cached:           470556 kB
MemTotal:        1844596 kB
MemFree:         1075760 kB
MemAvailable:    1498580 kB
Buffers:           60040 kB
Cached:           470556 kB
MemTotal:        1844596 kB
MemFree:         1075160 kB
MemAvailable:    1497980 kB
Buffers:           60040 kB
Cached:           470556 kB
MemTotal:        1844596 kB
MemFree:         1076344 kB
MemAvailable:    1499164 kB
Buffers:           60040 kB
Cached:           470556 kB
MemTotal:        1844596 kB
MemFree:         1076276 kB
MemAvailable:    1499096 kB
Buffers:           60040 kB
Cached:           470556 kB
MemTotal:        1844596 kB
MemFree:         1076344 kB
MemAvailable:    1499164 kB
Buffers:           60040 kB
Cached:           470556 kB
MemTotal:        1844596 kB
MemFree:         1075160 kB
MemAvailable:    1497980 kB
Buffers:           60040 kB
Cached:           470556 kB
MemTotal:        1844596 kB
MemFree:         1076076 kB
MemAvailable:    1498896 kB
Buffers:           60040 kB
Cached:           470556 kB
MemTotal:        1844596 kB
MemFree:         1076216 kB
MemAvailable:    1499036 kB
Buffers:           60040 kB
Cached:           470556 kB
MemTotal:        1844596 kB
MemFree:         1074728 kB
MemAvailable:    1497548 kB
Buffers:           60040 kB
Cached:           470556 kB
MemTotal:        1844596 kB
MemFree:         1074852 kB
MemAvailable:    1497672 kB
Buffers:           60040 kB
Cached:           470556 kB
MemTotal:        1844596 kB
MemFree:         1074720 kB
MemAvailable:    1497540 kB
Buffers:           60040 kB
Cached:           470556 kB
MemTotal:        1844596 kB
MemFree:         1075348 kB
MemAvailable:    1498168 kB
Buffers:           60040 kB
Cached:           470556 kB
MemTotal:        1844596 kB
MemFree:         1075708 kB
MemAvailable:    1498528 kB
Buffers:           60040 kB
Cached:           470556 kB
MemTotal:        1844596 kB
MemFree:         1075284 kB
MemAvailable:    1498108 kB
Buffers:           60040 kB
Cached:           470560 kB
MemTotal:        1844596 kB
MemFree:         1070696 kB
MemAvailable:    1493520 kB
Buffers:           60040 kB
Cached:           470560 kB
MemTotal:        1844596 kB
MemFree:         1067348 kB
MemAvailable:    1490172 kB
Buffers:           60040 kB
Cached:           470560 kB
MemTotal:        1844596 kB
MemFree:         1068200 kB
MemAvailable:    1491024 kB
Buffers:           60040 kB
Cached:           470560 kB
MemTotal:        1844596 kB
MemFree:         1067720 kB
MemAvailable:    1490544 kB
Buffers:           60040 kB
Cached:           470560 kB
MemTotal:        1844596 kB
MemFree:         1068264 kB
MemAvailable:    1491088 kB
Buffers:           60040 kB
Cached:           470560 kB
MemTotal:        1844596 kB
MemFree:         1067472 kB
MemAvailable:    1490296 kB
Buffers:           60040 kB
Cached:           470560 kB
MemTotal:        1844596 kB
MemFree:         1069884 kB
MemAvailable:    1492708 kB
Buffers:           60040 kB
Cached:           470560 kB
MemTotal:        1844596 kB
MemFree:         1070136 kB
MemAvailable:    1492960 kB
Buffers:           60040 kB
Cached:           470560 kB
MemTotal:        1844596 kB
MemFree:         1069556 kB
MemAvailable:    1492464 kB
Buffers:           60040 kB
Cached:           470684 kB
MemTotal:        1844596 kB
MemFree:         1069208 kB
MemAvailable:    1492116 kB
Buffers:           60040 kB
Cached:           470684 kB
MemTotal:        1844596 kB
MemFree:         1069244 kB
MemAvailable:    1492236 kB
Buffers:           60040 kB
Cached:           470808 kB
MemTotal:        1844596 kB
MemFree:         1069004 kB
MemAvailable:    1492164 kB
Buffers:           60040 kB
Cached:           471056 kB
MemTotal:        1844596 kB
MemFree:         1069340 kB
MemAvailable:    1492500 kB
Buffers:           60040 kB
Cached:           471056 kB
MemTotal:        1844596 kB
MemFree:         1068872 kB
MemAvailable:    1492284 kB
Buffers:           60040 kB
Cached:           471180 kB
MemTotal:        1844596 kB
MemFree:         1069040 kB
MemAvailable:    1492452 kB
Buffers:           60040 kB
Cached:           471180 kB
MemTotal:        1844596 kB
MemFree:         1068696 kB
MemAvailable:    1492192 kB
Buffers:           60040 kB
Cached:           471304 kB
MemTotal:        1844596 kB
MemFree:         1068216 kB
MemAvailable:    1491712 kB
Buffers:           60040 kB
Cached:           471304 kB
MemTotal:        1844596 kB
MemFree:         1068824 kB
MemAvailable:    1492320 kB
Buffers:           60040 kB
Cached:           471304 kB
MemTotal:        1844596 kB
MemFree:         1067968 kB
MemAvailable:    1491464 kB
Buffers:           60040 kB
Cached:           471304 kB
MemTotal:        1844596 kB
MemFree:         1068884 kB
MemAvailable:    1492388 kB
Buffers:           60040 kB
Cached:           471280 kB
MemTotal:        1844596 kB
MemFree:         1068836 kB
MemAvailable:    1492340 kB
Buffers:           60040 kB
Cached:           471280 kB
MemTotal:        1844596 kB
MemFree:         1068772 kB
MemAvailable:    1492276 kB
Buffers:           60040 kB
Cached:           471280 kB
MemTotal:        1844596 kB
MemFree:         1067424 kB
MemAvailable:    1490928 kB
Buffers:           60040 kB
Cached:           471280 kB
MemTotal:        1844596 kB
MemFree:         1136196 kB
MemAvailable:    1559028 kB
Buffers:           60040 kB
Cached:           470564 kB
MemTotal:        1844596 kB
MemFree:         1136696 kB
MemAvailable:    1559528 kB
Buffers:           60040 kB
Cached:           470564 kB
