MemTotal:        1844596 kB
MemFree:         1216140 kB
MemAvailable:    1563988 kB
Buffers:           51644 kB
Cached:           409788 kB
MemTotal:        1844596 kB
MemFree:         1188884 kB
MemAvailable:    1536736 kB
Buffers:           51644 kB
Cached:           409792 kB
MemTotal:        1844596 kB
MemFree:         1188024 kB
MemAvailable:    1535876 kB
Buffers:           51644 kB
Cached:           409792 kB
MemTotal:        1844596 kB
MemFree:         1186528 kB
MemAvailable:    1534380 kB
Buffers:           51644 kB
Cached:           409792 kB
MemTotal:        1844596 kB
MemFree:         1183932 kB
MemAvailable:    1531784 kB
Buffers:           51644 kB
Cached:           409792 kB
MemTotal:        1844596 kB
MemFree:         1185232 kB
MemAvailable:    1533084 kB
Buffers:           51644 kB
Cached:           409792 kB
MemTotal:        1844596 kB
MemFree:         1182880 kB
MemAvailable:    1530732 kB
Buffers:           51644 kB
Cached:           409792 kB
MemTotal:        1844596 kB
MemFree:         1179948 kB
MemAvailable:    1527800 kB
Buffers:           51644 kB
Cached:           409792 kB
MemTotal:        1844596 kB
MemFree:         1177972 kB
MemAvailable:    1525824 kB
Buffers:           51644 kB
Cached:           409792 kB
MemTotal:        1844596 kB
MemFree:         1172516 kB
MemAvailable:    1520368 kB
Buffers:           51644 kB
Cached:           409792 kB
MemTotal:        1844596 kB
MemFree:         1175072 kB
MemAvailable:    1522924 kB
Buffers:           51644 kB
Cached:           409792 kB
MemTotal:        1844596 kB
MemFree:         1175328 kB
MemAvailable:    1523180 kB
Buffers:           51644 kB
Cached:           409792 kB
MemTotal:        1844596 kB
MemFree:         1173988 kB
MemAvailable:    1521840 kB
Buffers:           51644 kB
Cached:           409792 kB
MemTotal:        1844596 kB
MemFree:         1173832 kB
MemAvailable:    1521684 kB
Buffers:           51644 kB
Cached:           409792 kB
MemTotal:        1844596 kB
MemFree:         1175008 kB
MemAvailable:    1522860 kB
Buffers:           51644 kB
Cached:           409792 kB
MemTotal:        1844596 kB
MemFree:         1173576 kB
MemAvailable:    1521428 kB
Buffers:           51644 kB
Cached:           409792 kB
MemTotal:        1844596 kB
MemFree:         1172516 kB
MemAvailable:    1520368 kB
Buffers:           51644 kB
Cached:           409792 kB
MemTotal:        1844596 kB
MemFree:         1171400 kB
MemAvailable:    1519252 kB
Buffers:           51644 kB
Cached:           409792 kB
MemTotal:        1844596 kB
MemFree:         1172840 kB
MemAvailable:    1520692 kB
Buffers:           51644 kB
Cached:           409792 kB
MemTotal:        1844596 kB
MemFree:         1172620 kB
MemAvailable:    1520472 kB
Buffers:           51644 kB
Cached:           409792 kB
MemTotal:        1844596 kB
MemFree:         1172772 kB
MemAvailable:    1520624 kB
Buffers:           51644 kB
Cached:           409792 kB
MemTotal:        1844596 kB
MemFree:         1172620 kB
MemAvailable:    1520472 kB
Buffers:           51644 kB
Cached:           409792 kB
MemTotal:        1844596 kB
MemFree:         1172772 kB
MemAvailable:    1520624 kB
Buffers:           51644 kB
Cached:           409792 kB
MemTotal:        1844596 kB
MemFree:         1172620 kB
MemAvailable:    1520472 kB
Buffers:           51644 kB
Cached:           409792 kB
MemTotal:        1844596 kB
MemFree:         1172772 kB
MemAvailable:    1520624 kB
Buffers:           51644 kB
Cached:           409792 kB
MemTotal:        1844596 kB
MemFree:         1172760 kB
MemAvailable:    1520612 kB
Buffers:           51644 kB
Cached:           409792 kB
MemTotal:        1844596 kB
MemFree:         1173992 kB
MemAvailable:    1521844 kB
Buffers:           51644 kB
Cached:           409792 kB
MemTotal:        1844596 kB
MemFree:         1172732 kB
MemAvailable:    1520584 kB
Buffers:           51644 kB
Cached:           409792 kB
MemTotal:        1844596 kB
MemFree:         1173604 kB
MemAvailable:    1521456 kB
Buffers:           51644 kB
Cached:           409792 kB
MemTotal:        1844596 kB
MemFree:         1171408 kB
MemAvailable:    1519260 kB
Buffers:           51644 kB
Cached:           409792 kB
MemTotal:        1844596 kB
MemFree:         1169176 kB
MemAvailable:    1517028 kB
Buffers:           51644 kB
Cached:           409792 kB
MemTotal:        1844596 kB
MemFree:         1168804 kB
MemAvailable:    1516656 kB
Buffers:           51644 kB
Cached:           409792 kB
MemTotal:        1844596 kB
MemFree:         1169664 kB
MemAvailable:    1517516 kB
Buffers:           51644 kB
Cached:           409792 kB
MemTotal:        1844596 kB
MemFree:         1169436 kB
MemAvailable:    1517288 kB
Buffers:           51644 kB
Cached:           409792 kB
MemTotal:        1844596 kB
MemFree:         1168500 kB
MemAvailable:    1516352 kB
Buffers:           51644 kB
Cached:           409792 kB
MemTotal:        1844596 kB
MemFree:         1167812 kB
MemAvailable:    1515664 kB
Buffers:           51644 kB
Cached:           409792 kB
MemTotal:        1844596 kB
MemFree:         1168596 kB
MemAvailable:    1516448 kB
Buffers:           51644 kB
Cached:           409792 kB
MemTotal:        1844596 kB
MemFree:         1167044 kB
MemAvailable:    1514896 kB
Buffers:           51644 kB
Cached:           409792 kB
MemTotal:        1844596 kB
MemFree:         1167252 kB
MemAvailable:    1515104 kB
Buffers:           51644 kB
Cached:           409792 kB
MemTotal:        1844596 kB
MemFree:         1168360 kB
MemAvailable:    1516212 kB
Buffers:           51644 kB
Cached:           409792 kB
MemTotal:        1844596 kB
MemFree:         1167144 kB
MemAvailable:    1514996 kB
Buffers:           51644 kB
Cached:           409792 kB
MemTotal:        1844596 kB
MemFree:         1168044 kB
MemAvailable:    1515896 kB
Buffers:           51644 kB
Cached:           409792 kB
MemTotal:        1844596 kB
MemFree:         1167812 kB
MemAvailable:    1515664 kB
Buffers:           51644 kB
Cached:           409792 kB
MemTotal:        1844596 kB
MemFree:         1167292 kB
MemAvailable:    1515144 kB
Buffers:           51644 kB
Cached:           409792 kB
MemTotal:        1844596 kB
MemFree:         1167292 kB
MemAvailable:    1515144 kB
Buffers:           51644 kB
Cached:           409792 kB
MemTotal:        1844596 kB
MemFree:         1167688 kB
MemAvailable:    1515540 kB
Buffers:           51644 kB
Cached:           409792 kB
MemTotal:        1844596 kB
MemFree:         1167516 kB
MemAvailable:    1515368 kB
Buffers:           51644 kB
Cached:           409792 kB
MemTotal:        1844596 kB
MemFree:         1166144 kB
MemAvailable:    1513996 kB
Buffers:           51644 kB
Cached:           409792 kB
MemTotal:        1844596 kB
MemFree:         1166392 kB
MemAvailable:    1514244 kB
Buffers:           51644 kB
Cached:           409792 kB
MemTotal:        1844596 kB
MemFree:         1167552 kB
MemAvailable:    1515404 kB
Buffers:           51644 kB
Cached:           409792 kB
MemTotal:        1844596 kB
MemFree:         1166180 kB
MemAvailable:    1514032 kB
Buffers:           51644 kB
Cached:           409792 kB
MemTotal:        1844596 kB
MemFree:         1166304 kB
MemAvailable:    1514156 kB
Buffers:           51644 kB
Cached:           409792 kB
MemTotal:        1844596 kB
MemFree:         1166132 kB
MemAvailable:    1513984 kB
Buffers:           51644 kB
Cached:           409792 kB
MemTotal:        1844596 kB
MemFree:         1167480 kB
MemAvailable:    1515332 kB
Buffers:           51644 kB
Cached:           409792 kB
MemTotal:        1844596 kB
MemFree:         1167432 kB
MemAvailable:    1515284 kB
Buffers:           51644 kB
Cached:           409792 kB
MemTotal:        1844596 kB
MemFree:         1165952 kB
MemAvailable:    1513804 kB
Buffers:           51644 kB
Cached:           409792 kB
MemTotal:        1844596 kB
MemFree:         1165704 kB
MemAvailable:    1513556 kB
Buffers:           51644 kB
Cached:           409792 kB
MemTotal:        1844596 kB
MemFree:         1165440 kB
MemAvailable:    1513292 kB
Buffers:           51644 kB
Cached:           409792 kB
MemTotal:        1844596 kB
MemFree:         1166556 kB
MemAvailable:    1514408 kB
Buffers:           51644 kB
Cached:           409792 kB
MemTotal:        1844596 kB
MemFree:         1165268 kB
MemAvailable:    1513120 kB
Buffers:           51644 kB
Cached:           409792 kB
MemTotal:        1844596 kB
MemFree:         1165392 kB
MemAvailable:    1513244 kB
Buffers:           51644 kB
Cached:           409792 kB
MemTotal:        1844596 kB
MemFree:         1165260 kB
MemAvailable:    1513112 kB
Buffers:           51644 kB
Cached:           409792 kB
MemTotal:        1844596 kB
MemFree:         1165260 kB
MemAvailable:    1513112 kB
Buffers:           51644 kB
Cached:           409792 kB
MemTotal:        1844596 kB
MemFree:         1165260 kB
MemAvailable:    1513112 kB
Buffers:           51644 kB
Cached:           409792 kB
MemTotal:        1844596 kB
MemFree:         1165384 kB
MemAvailable:    1513236 kB
Buffers:           51644 kB
Cached:           409792 kB
MemTotal:        1844596 kB
MemFree:         1165376 kB
MemAvailable:    1513228 kB
Buffers:           51644 kB
Cached:           409792 kB
MemTotal:        1844596 kB
MemFree:         1163952 kB
MemAvailable:    1511804 kB
Buffers:           51644 kB
Cached:           409792 kB
MemTotal:        1844596 kB
MemFree:         1163968 kB
MemAvailable:    1511820 kB
Buffers:           51644 kB
Cached:           409792 kB
MemTotal:        1844596 kB
MemFree:         1160744 kB
MemAvailable:    1508596 kB
Buffers:           51644 kB
Cached:           409792 kB
MemTotal:        1844596 kB
MemFree:         1159192 kB
MemAvailable:    1507044 kB
Buffers:           51644 kB
Cached:           409792 kB
MemTotal:        1844596 kB
MemFree:         1157892 kB
MemAvailable:    1505744 kB
Buffers:           51644 kB
Cached:           409792 kB
MemTotal:        1844596 kB
MemFree:         1158944 kB
MemAvailable:    1506796 kB
Buffers:           51644 kB
Cached:           409792 kB
MemTotal:        1844596 kB
MemFree:         1158752 kB
MemAvailable:    1506604 kB
Buffers:           51644 kB
Cached:           409792 kB
MemTotal:        1844596 kB
MemFree:         1157380 kB
MemAvailable:    1505232 kB
Buffers:           51644 kB
Cached:           409792 kB
MemTotal:        1844596 kB
MemFree:         1158000 kB
MemAvailable:    1505852 kB
Buffers:           51644 kB
Cached:           409792 kB
MemTotal:        1844596 kB
MemFree:         1158788 kB
MemAvailable:    1506640 kB
Buffers:           51644 kB
Cached:           409792 kB
MemTotal:        1844596 kB
MemFree:         1158724 kB
MemAvailable:    1506576 kB
Buffers:           51644 kB
Cached:           409792 kB
MemTotal:        1844596 kB
MemFree:         1158628 kB
MemAvailable:    1506480 kB
Buffers:           51644 kB
Cached:           409792 kB
MemTotal:        1844596 kB
MemFree:         1157644 kB
MemAvailable:    1505496 kB
Buffers:           51644 kB
Cached:           409792 kB
MemTotal:        1844596 kB
MemFree:         1158696 kB
MemAvailable:    1506556 kB
Buffers:           51644 kB
Cached:           409800 kB
MemTotal:        1844596 kB
MemFree:         1157272 kB
MemAvailable:    1505132 kB
Buffers:           51644 kB
Cached:           409800 kB
MemTotal:        1844596 kB
MemFree:         1157396 kB
MemAvailable:    1505256 kB
Buffers:           51644 kB
Cached:           409800 kB
MemTotal:        1844596 kB
MemFree:         1158484 kB
MemAvailable:    1506344 kB
Buffers:           51644 kB
Cached:           409800 kB
MemTotal:        1844596 kB
MemFree:         1158388 kB
MemAvailable:    1506248 kB
Buffers:           51644 kB
Cached:           409800 kB
MemTotal:        1844596 kB
MemFree:         1157704 kB
MemAvailable:    1505564 kB
Buffers:           51644 kB
Cached:           409800 kB
MemTotal:        1844596 kB
MemFree:         1156032 kB
MemAvailable:    1503892 kB
Buffers:           51644 kB
Cached:           409800 kB
MemTotal:        1844596 kB
MemFree:         1157068 kB
MemAvailable:    1504928 kB
Buffers:           51644 kB
Cached:           409800 kB
MemTotal:        1844596 kB
MemFree:         1155908 kB
MemAvailable:    1503644 kB
Buffers:           51644 kB
Cached:           409800 kB
MemTotal:        1844596 kB
MemFree:         1155528 kB
MemAvailable:    1503392 kB
Buffers:           51644 kB
Cached:           409804 kB
MemTotal:        1844596 kB
MemFree:         1155908 kB
MemAvailable:    1503772 kB
Buffers:           51644 kB
Cached:           409804 kB
MemTotal:        1844596 kB
MemFree:         1154660 kB
MemAvailable:    1502524 kB
Buffers:           51644 kB
Cached:           409804 kB
MemTotal:        1844596 kB
MemFree:         1154544 kB
MemAvailable:    1502408 kB
Buffers:           51644 kB
Cached:           409804 kB
MemTotal:        1844596 kB
MemFree:         1155348 kB
MemAvailable:    1503212 kB
Buffers:           51644 kB
Cached:           409804 kB
MemTotal:        1844596 kB
MemFree:         1155028 kB
MemAvailable:    1502892 kB
Buffers:           51644 kB
Cached:           409804 kB
MemTotal:        1844596 kB
MemFree:         1153532 kB
MemAvailable:    1501396 kB
Buffers:           51644 kB
Cached:           409804 kB
MemTotal:        1844596 kB
MemFree:         1154956 kB
MemAvailable:    1502820 kB
Buffers:           51644 kB
Cached:           409804 kB
MemTotal:        1844596 kB
MemFree:         1154840 kB
MemAvailable:    1502704 kB
Buffers:           51644 kB
Cached:           409804 kB
MemTotal:        1844596 kB
MemFree:         1154696 kB
MemAvailable:    1502560 kB
Buffers:           51644 kB
Cached:           409804 kB
MemTotal:        1844596 kB
MemFree:         1153520 kB
MemAvailable:    1501384 kB
Buffers:           51644 kB
Cached:           409804 kB
MemTotal:        1844596 kB
MemFree:         1154808 kB
MemAvailable:    1502672 kB
Buffers:           51644 kB
Cached:           409804 kB
MemTotal:        1844596 kB
MemFree:         1153544 kB
MemAvailable:    1501408 kB
Buffers:           51644 kB
Cached:           409804 kB
MemTotal:        1844596 kB
MemFree:         1153552 kB
MemAvailable:    1501416 kB
Buffers:           51644 kB
Cached:           409804 kB
MemTotal:        1844596 kB
MemFree:         1153180 kB
MemAvailable:    1501044 kB
Buffers:           51644 kB
Cached:           409804 kB
MemTotal:        1844596 kB
MemFree:         1153056 kB
MemAvailable:    1500920 kB
Buffers:           51644 kB
Cached:           409804 kB
MemTotal:        1844596 kB
MemFree:         1147164 kB
MemAvailable:    1495028 kB
Buffers:           51644 kB
Cached:           409804 kB
MemTotal:        1844596 kB
MemFree:         1145352 kB
MemAvailable:    1493216 kB
Buffers:           51644 kB
Cached:           409804 kB
MemTotal:        1844596 kB
MemFree:         1145560 kB
MemAvailable:    1493424 kB
Buffers:           51644 kB
Cached:           409804 kB
MemTotal:        1844596 kB
MemFree:         1146176 kB
MemAvailable:    1494040 kB
Buffers:           51644 kB
Cached:           409804 kB
MemTotal:        1844596 kB
MemFree:         1145796 kB
MemAvailable:    1493660 kB
Buffers:           51644 kB
Cached:           409804 kB
MemTotal:        1844596 kB
MemFree:         1147040 kB
MemAvailable:    1494904 kB
Buffers:           51644 kB
Cached:           409804 kB
MemTotal:        1844596 kB
MemFree:         1147600 kB
MemAvailable:    1495464 kB
Buffers:           51644 kB
Cached:           409804 kB
MemTotal:        1844596 kB
MemFree:         1148204 kB
MemAvailable:    1496152 kB
Buffers:           51644 kB
Cached:           409928 kB
MemTotal:        1844596 kB
MemFree:         1147600 kB
MemAvailable:    1495548 kB
Buffers:           51644 kB
Cached:           409928 kB
MemTotal:        1844596 kB
MemFree:         1148000 kB
MemAvailable:    1496032 kB
Buffers:           51644 kB
Cached:           410052 kB
MemTotal:        1844596 kB
MemFree:         1146544 kB
MemAvailable:    1494660 kB
Buffers:           51644 kB
Cached:           410176 kB
MemTotal:        1844596 kB
MemFree:         1147844 kB
MemAvailable:    1496128 kB
Buffers:           51644 kB
Cached:           410300 kB
MemTotal:        1844596 kB
MemFree:         1146280 kB
MemAvailable:    1494648 kB
Buffers:           51644 kB
Cached:           410424 kB
MemTotal:        1844596 kB
MemFree:         1146148 kB
MemAvailable:    1494600 kB
Buffers:           51644 kB
Cached:           410424 kB
MemTotal:        1844596 kB
MemFree:         1146192 kB
MemAvailable:    1494644 kB
Buffers:           51644 kB
Cached:           410548 kB
MemTotal:        1844596 kB
MemFree:         1146316 kB
MemAvailable:    1494768 kB
Buffers:           51644 kB
Cached:           410548 kB
MemTotal:        1844596 kB
MemFree:         1147592 kB
MemAvailable:    1496044 kB
Buffers:           51644 kB
Cached:           410548 kB
MemTotal:        1844596 kB
MemFree:         1147668 kB
MemAvailable:    1496120 kB
Buffers:           51644 kB
Cached:           410548 kB
MemTotal:        1844596 kB
MemFree:         1146180 kB
MemAvailable:    1494632 kB
Buffers:           51644 kB
Cached:           410548 kB
MemTotal:        1844596 kB
MemFree:         1147280 kB
MemAvailable:    1495816 kB
Buffers:           51644 kB
Cached:           410548 kB
MemTotal:        1844596 kB
MemFree:         1147532 kB
MemAvailable:    1496068 kB
Buffers:           51644 kB
Cached:           410548 kB
MemTotal:        1844596 kB
MemFree:         1148488 kB
MemAvailable:    1496436 kB
Buffers:           51644 kB
Cached:           409792 kB
MemTotal:        1844596 kB
MemFree:         1215708 kB
MemAvailable:    1563572 kB
Buffers:           51644 kB
Cached:           409792 kB
