MemTotal:        1844596 kB
MemFree:         1234164 kB
MemAvailable:    1564656 kB
Buffers:           49500 kB
Cached:           395904 kB
MemTotal:        1844596 kB
MemFree:         1207040 kB
MemAvailable:    1537536 kB
Buffers:           49500 kB
Cached:           395908 kB
MemTotal:        1844596 kB
MemFree:         1206544 kB
MemAvailable:    1537040 kB
Buffers:           49500 kB
Cached:           395908 kB
MemTotal:        1844596 kB
MemFree:         1202768 kB
MemAvailable:    1533264 kB
Buffers:           49500 kB
Cached:           395908 kB
MemTotal:        1844596 kB
MemFree:         1204388 kB
MemAvailable:    1534884 kB
Buffers:           49500 kB
Cached:           395908 kB
MemTotal:        1844596 kB
MemFree:         1203320 kB
MemAvailable:    1533816 kB
Buffers:           49500 kB
Cached:           395908 kB
MemTotal:        1844596 kB
MemFree:         1203124 kB
MemAvailable:    1533620 kB
Buffers:           49500 kB
Cached:           395908 kB
MemTotal:        1844596 kB
MemFree:         1200652 kB
MemAvailable:    1531148 kB
Buffers:           49500 kB
Cached:           395908 kB
MemTotal:        1844596 kB
MemFree:         1197492 kB
MemAvailable:    1527988 kB
Buffers:           49500 kB
Cached:           395908 kB
MemTotal:        1844596 kB
MemFree:         1196244 kB
MemAvailable:    1526740 kB
Buffers:           49500 kB
Cached:           395908 kB
MemTotal:        1844596 kB
MemFree:         1192780 kB
MemAvailable:    1523276 kB
Buffers:           49500 kB
Cached:           395908 kB
MemTotal:        1844596 kB
MemFree:         1191864 kB
MemAvailable:    1522360 kB
Buffers:           49500 kB
Cached:           395908 kB
MemTotal:        1844596 kB
MemFree:         1192956 kB
MemAvailable:    1523452 kB
Buffers:           49500 kB
Cached:           395908 kB
MemTotal:        1844596 kB
MemFree:         1193156 kB
MemAvailable:    1523652 kB
Buffers:           49500 kB
Cached:           395908 kB
MemTotal:        1844596 kB
MemFree:         1192968 kB
MemAvailable:    1523464 kB
Buffers:           49500 kB
Cached:           395908 kB
MemTotal:        1844596 kB
MemFree:         1191720 kB
MemAvailable:    1522216 kB
Buffers:           49500 kB
Cached:           395908 kB
MemTotal:        1844596 kB
MemFree:         1191292 kB
MemAvailable:    1521788 kB
Buffers:           49500 kB
Cached:           395908 kB
MemTotal:        1844596 kB
MemFree:         1190300 kB
MemAvailable:    1520796 kB
Buffers:           49500 kB
Cached:           395908 kB
MemTotal:        1844596 kB
MemFree:         1189804 kB
MemAvailable:    1520300 kB
Buffers:           49500 kB
Cached:           395908 kB
MemTotal:        1844596 kB
MemFree:         1190716 kB
MemAvailable:    1521212 kB
Buffers:           49500 kB
Cached:           395908 kB
MemTotal:        1844596 kB
MemFree:         1190780 kB
MemAvailable:    1521276 kB
Buffers:           49500 kB
Cached:           395908 kB
MemTotal:        1844596 kB
MemFree:         1190644 kB
MemAvailable:    1521140 kB
Buffers:           49500 kB
Cached:           395908 kB
MemTotal:        1844596 kB
MemFree:         1190176 kB
MemAvailable:    1520672 kB
Buffers:           49500 kB
Cached:           395908 kB
MemTotal:        1844596 kB
MemFree:         1190784 kB
MemAvailable:    1521280 kB
Buffers:           49500 kB
Cached:           395908 kB
MemTotal:        1844596 kB
MemFree:         1190776 kB
MemAvailable:    1521272 kB
Buffers:           49500 kB
Cached:           395908 kB
MemTotal:        1844596 kB
MemFree:         1189280 kB
MemAvailable:    1519776 kB
Buffers:           49500 kB
Cached:           395908 kB
MemTotal:        1844596 kB
MemFree:         1190716 kB
MemAvailable:    1521212 kB
Buffers:           49500 kB
Cached:           395908 kB
MemTotal:        1844596 kB
MemFree:         1190716 kB
MemAvailable:    1521212 kB
Buffers:           49500 kB
Cached:           395908 kB
MemTotal:        1844596 kB
MemFree:         1189556 kB
MemAvailable:    1520052 kB
Buffers:           49500 kB
Cached:           395908 kB
MemTotal:        1844596 kB
MemFree:         1187820 kB
MemAvailable:    1518316 kB
Buffers:           49500 kB
Cached:           395908 kB
MemTotal:        1844596 kB
MemFree:         1187068 kB
MemAvailable:    1517564 kB
Buffers:           49500 kB
Cached:           395908 kB
MemTotal:        1844596 kB
MemFree:         1187820 kB
MemAvailable:    1518316 kB
Buffers:           49500 kB
Cached:           395908 kB
MemTotal:        1844596 kB
MemFree:         1186580 kB
MemAvailable:    1517076 kB
Buffers:           49500 kB
Cached:           395908 kB
MemTotal:        1844596 kB
MemFree:         1186888 kB
MemAvailable:    1517384 kB
Buffers:           49500 kB
Cached:           395908 kB
MemTotal:        1844596 kB
MemFree:         1185456 kB
MemAvailable:    1515952 kB
Buffers:           49500 kB
Cached:           395908 kB
MemTotal:        1844596 kB
MemFree:         1185704 kB
MemAvailable:    1516200 kB
Buffers:           49500 kB
Cached:           395908 kB
MemTotal:        1844596 kB
MemFree:         1186872 kB
MemAvailable:    1517368 kB
Buffers:           49500 kB
Cached:           395908 kB
MemTotal:        1844596 kB
MemFree:         1186508 kB
MemAvailable:    1517004 kB
Buffers:           49500 kB
Cached:           395908 kB
MemTotal:        1844596 kB
MemFree:         1186428 kB
MemAvailable:    1516924 kB
Buffers:           49500 kB
Cached:           395908 kB
MemTotal:        1844596 kB
MemFree:         1186580 kB
MemAvailable:    1517076 kB
Buffers:           49500 kB
Cached:           395908 kB
MemTotal:        1844596 kB
MemFree:         1185160 kB
MemAvailable:    1515656 kB
Buffers:           49500 kB
Cached:           395908 kB
MemTotal:        1844596 kB
MemFree:         1186168 kB
MemAvailable:    1516664 kB
Buffers:           49500 kB
Cached:           395908 kB
MemTotal:        1844596 kB
MemFree:         1184720 kB
MemAvailable:    1515216 kB
Buffers:           49500 kB
Cached:           395908 kB
MemTotal:        1844596 kB
MemFree:         1185588 kB
MemAvailable:    1516084 kB
Buffers:           49500 kB
Cached:           395908 kB
MemTotal:        1844596 kB
MemFree:         1184160 kB
MemAvailable:    1514656 kB
Buffers:           49500 kB
Cached:           395908 kB
MemTotal:        1844596 kB
MemFree:         1184152 kB
MemAvailable:    1514648 kB
Buffers:           49500 kB
Cached:           395908 kB
MemTotal:        1844596 kB
MemFree:         1185420 kB
MemAvailable:    1515916 kB
Buffers:           49500 kB
Cached:           395908 kB
MemTotal:        1844596 kB
MemFree:         1185672 kB
MemAvailable:    1516168 kB
Buffers:           49500 kB
Cached:           395908 kB
MemTotal:        1844596 kB
MemFree:         1185568 kB
MemAvailable:    1516064 kB
Buffers:           49500 kB
Cached:           395908 kB
MemTotal:        1844596 kB
MemFree:         1185372 kB
MemAvailable:    1515868 kB
Buffers:           49500 kB
Cached:           395908 kB
MemTotal:        1844596 kB
MemFree:         1184196 kB
MemAvailable:    1514692 kB
Buffers:           49500 kB
Cached:           395908 kB
MemTotal:        1844596 kB
MemFree:         1185432 kB
MemAvailable:    1515928 kB
Buffers:           49500 kB
Cached:           395908 kB
MemTotal:        1844596 kB
MemFree:         1184516 kB
MemAvailable:    1515012 kB
Buffers:           49500 kB
Cached:           395908 kB
MemTotal:        1844596 kB
MemFree:         1185436 kB
MemAvailable:    1515932 kB
Buffers:           49500 kB
Cached:           395908 kB
MemTotal:        1844596 kB
MemFree:         1185268 kB
MemAvailable:    1515764 kB
Buffers:           49500 kB
Cached:           395908 kB
MemTotal:        1844596 kB
MemFree:         1184936 kB
MemAvailable:    1515432 kB
Buffers:           49500 kB
Cached:           395908 kB
MemTotal:        1844596 kB
MemFree:         1184720 kB
MemAvailable:    1515216 kB
Buffers:           49500 kB
Cached:           395908 kB
MemTotal:        1844596 kB
MemFree:         1184640 kB
MemAvailable:    1515136 kB
Buffers:           49500 kB
Cached:           395908 kB
MemTotal:        1844596 kB
MemFree:         1184692 kB
MemAvailable:    1515188 kB
Buffers:           49500 kB
Cached:           395908 kB
MemTotal:        1844596 kB
MemFree:         1183280 kB
MemAvailable:    1513776 kB
Buffers:           49500 kB
Cached:           395908 kB
MemTotal:        1844596 kB
MemFree:         1183412 kB
MemAvailable:    1513908 kB
Buffers:           49500 kB
Cached:           395908 kB
MemTotal:        1844596 kB
MemFree:         1184648 kB
MemAvailable:    1515144 kB
Buffers:           49500 kB
Cached:           395908 kB
MemTotal:        1844596 kB
MemFree:         1184640 kB
MemAvailable:    1515136 kB
Buffers:           49500 kB
Cached:           395908 kB
MemTotal:        1844596 kB
MemFree:         1183312 kB
MemAvailable:    1513808 kB
Buffers:           49500 kB
Cached:           395908 kB
MemTotal:        1844596 kB
MemFree:         1183224 kB
MemAvailable:    1513720 kB
Buffers:           49500 kB
Cached:           395908 kB
MemTotal:        1844596 kB
MemFree:         1183184 kB
MemAvailable:    1513680 kB
Buffers:           49500 kB
Cached:           395908 kB
MemTotal:        1844596 kB
MemFree:         1182944 kB
MemAvailable:    1513444 kB
Buffers:           49500 kB
Cached:           395912 kB
MemTotal:        1844596 kB
MemFree:         1182108 kB
MemAvailable:    1512608 kB
Buffers:           49500 kB
Cached:           395912 kB
MemTotal:        1844596 kB
MemFree:         1176528 kB
MemAvailable:    1507032 kB
Buffers:           49500 kB
Cached:           395916 kB
MemTotal:        1844596 kB
MemFree:         1175916 kB
MemAvailable:    1506420 kB
Buffers:           49500 kB
Cached:           395916 kB
MemTotal:        1844596 kB
MemFree:         1176848 kB
MemAvailable:    1507352 kB
Buffers:           49500 kB
Cached:           395916 kB
MemTotal:        1844596 kB
MemFree:         1176612 kB
MemAvailable:    1507116 kB
Buffers:           49500 kB
Cached:           395916 kB
MemTotal:        1844596 kB
MemFree:         1176728 kB
MemAvailable:    1507232 kB
Buffers:           49500 kB
Cached:           395916 kB
MemTotal:        1844596 kB
MemFree:         1176732 kB
MemAvailable:    1507236 kB
Buffers:           49500 kB
Cached:           395916 kB
MemTotal:        1844596 kB
MemFree:         1175232 kB
MemAvailable:    1505736 kB
Buffers:           49500 kB
Cached:           395916 kB
MemTotal:        1844596 kB
MemFree:         1176720 kB
MemAvailable:    1507224 kB
Buffers:           49500 kB
Cached:           395916 kB
MemTotal:        1844596 kB
MemFree:         1175220 kB
MemAvailable:    1505724 kB
Buffers:           49500 kB
Cached:           395916 kB
MemTotal:        1844596 kB
MemFree:         1176488 kB
MemAvailable:    1506992 kB
Buffers:           49500 kB
Cached:           395916 kB
MemTotal:        1844596 kB
MemFree:         1176740 kB
MemAvailable:    1507244 kB
Buffers:           49500 kB
Cached:           395916 kB
MemTotal:        1844596 kB
MemFree:         1176660 kB
MemAvailable:    1507164 kB
Buffers:           49500 kB
Cached:           395916 kB
MemTotal:        1844596 kB
MemFree:         1176480 kB
MemAvailable:    1506984 kB
Buffers:           49500 kB
Cached:           395916 kB
MemTotal:        1844596 kB
MemFree:         1176736 kB
MemAvailable:    1507240 kB
Buffers:           49500 kB
Cached:           395916 kB
MemTotal:        1844596 kB
MemFree:         1175248 kB
MemAvailable:    1505752 kB
Buffers:           49500 kB
Cached:           395916 kB
MemTotal:        1844596 kB
MemFree:         1176100 kB
MemAvailable:    1506604 kB
Buffers:           49500 kB
Cached:           395916 kB
MemTotal:        1844596 kB
MemFree:         1175900 kB
MemAvailable:    1506404 kB
Buffers:           49500 kB
Cached:           395916 kB
MemTotal:        1844596 kB
MemFree:         1175660 kB
MemAvailable:    1506164 kB
Buffers:           49500 kB
Cached:           395916 kB
MemTotal:        1844596 kB
MemFree:         1173924 kB
MemAvailable:    1504428 kB
Buffers:           49500 kB
Cached:           395916 kB
MemTotal:        1844596 kB
MemFree:         1174984 kB
MemAvailable:    1505488 kB
Buffers:           49500 kB
Cached:           395916 kB
MemTotal:        1844596 kB
MemFree:         1173660 kB
MemAvailable:    1504164 kB
Buffers:           49500 kB
Cached:           395916 kB
MemTotal:        1844596 kB
MemFree:         1173180 kB
MemAvailable:    1503684 kB
Buffers:           49500 kB
Cached:           395916 kB
MemTotal:        1844596 kB
MemFree:         1173664 kB
MemAvailable:    1504168 kB
Buffers:           49500 kB
Cached:           395916 kB
MemTotal:        1844596 kB
MemFree:         1173372 kB
MemAvailable:    1503876 kB
Buffers:           49500 kB
Cached:           395916 kB
MemTotal:        1844596 kB
MemFree:         1171940 kB
MemAvailable:    1502444 kB
Buffers:           49500 kB
Cached:           395916 kB
MemTotal:        1844596 kB
MemFree:         1173000 kB
MemAvailable:    1503504 kB
Buffers:           49500 kB
Cached:           395916 kB
MemTotal:        1844596 kB
MemFree:         1172940 kB
MemAvailable:    1503444 kB
Buffers:           49500 kB
Cached:           395916 kB
MemTotal:        1844596 kB
MemFree:         1172936 kB
MemAvailable:    1503440 kB
Buffers:           49500 kB
Cached:           395916 kB
MemTotal:        1844596 kB
MemFree:         1172812 kB
MemAvailable:    1503316 kB
Buffers:           49500 kB
Cached:           395916 kB
MemTotal:        1844596 kB
MemFree:         1172732 kB
MemAvailable:    1503236 kB
Buffers:           49500 kB
Cached:           395916 kB
MemTotal:        1844596 kB
MemFree:         1172816 kB
MemAvailable:    1503320 kB
Buffers:           49500 kB
Cached:           395916 kB
MemTotal:        1844596 kB
MemFree:         1172656 kB
MemAvailable:    1503160 kB
Buffers:           49500 kB
Cached:           395916 kB
MemTotal:        1844596 kB
MemFree:         1172908 kB
MemAvailable:    1503412 kB
Buffers:           49500 kB
Cached:           395916 kB
MemTotal:        1844596 kB
MemFree:         1172796 kB
MemAvailable:    1503300 kB
Buffers:           49500 kB
Cached:           395916 kB
MemTotal:        1844596 kB
MemFree:         1172748 kB
MemAvailable:    1503252 kB
Buffers:           49500 kB
Cached:           395916 kB
MemTotal:        1844596 kB
MemFree:         1172552 kB
MemAvailable:    1503056 kB
Buffers:           49500 kB
Cached:           395916 kB
MemTotal:        1844596 kB
MemFree:         1171204 kB
MemAvailable:    1501708 kB
Buffers:           49500 kB
Cached:           395916 kB
MemTotal:        1844596 kB
MemFree:         1167476 kB
MemAvailable:    1497980 kB
Buffers:           49500 kB
Cached:           395916 kB
MemTotal:        1844596 kB
MemFree:         1165048 kB
MemAvailable:    1495552 kB
Buffers:           49500 kB
Cached:           395916 kB
MemTotal:        1844596 kB
MemFree:         1165112 kB
MemAvailable:    1495616 kB
Buffers:           49500 kB
Cached:           395916 kB
MemTotal:        1844596 kB
MemFree:         1163616 kB
MemAvailable:    1494120 kB
Buffers:           49500 kB
Cached:           395916 kB
MemTotal:        1844596 kB
MemFree:         1164924 kB
MemAvailable:    1495428 kB
Buffers:           49500 kB
Cached:           395916 kB
MemTotal:        1844596 kB
MemFree:         1164136 kB
MemAvailable:    1494640 kB
Buffers:           49500 kB
Cached:           395916 kB
MemTotal:        1844596 kB
MemFree:         1164744 kB
MemAvailable:    1495248 kB
Buffers:           49500 kB
Cached:           395916 kB
MemTotal:        1844596 kB
MemFree:         1165560 kB
MemAvailable:    1496064 kB
Buffers:           49500 kB
Cached:           395916 kB
MemTotal:        1844596 kB
MemFree:         1166484 kB
MemAvailable:    1497072 kB
Buffers:           49500 kB
Cached:           396040 kB
MemTotal:        1844596 kB
MemFree:         1164732 kB
MemAvailable:    1495320 kB
Buffers:           49500 kB
Cached:           396040 kB
MemTotal:        1844596 kB
MemFree:         1165968 kB
MemAvailable:    1496724 kB
Buffers:           49500 kB
Cached:           396164 kB
MemTotal:        1844596 kB
MemFree:         1164680 kB
MemAvailable:    1495520 kB
Buffers:           49500 kB
Cached:           396288 kB
MemTotal:        1844596 kB
MemFree:         1165980 kB
MemAvailable:    1496988 kB
Buffers:           49500 kB
Cached:           396412 kB
MemTotal:        1844596 kB
MemFree:         1165732 kB
MemAvailable:    1496908 kB
Buffers:           49500 kB
Cached:           396536 kB
MemTotal:        1844596 kB
MemFree:         1165624 kB
MemAvailable:    1496800 kB
Buffers:           49500 kB
Cached:           396536 kB
MemTotal:        1844596 kB
MemFree:         1165860 kB
MemAvailable:    1497036 kB
Buffers:           49500 kB
Cached:           396536 kB
MemTotal:        1844596 kB
MemFree:         1164360 kB
MemAvailable:    1495536 kB
Buffers:           49500 kB
Cached:           396536 kB
MemTotal:        1844596 kB
MemFree:         1164420 kB
MemAvailable:    1495596 kB
Buffers:           49500 kB
Cached:           396536 kB
MemTotal:        1844596 kB
MemFree:         1165624 kB
MemAvailable:    1496800 kB
Buffers:           49500 kB
Cached:           396536 kB
MemTotal:        1844596 kB
MemFree:         1164880 kB
MemAvailable:    1496056 kB
Buffers:           49500 kB
Cached:           396536 kB
MemTotal:        1844596 kB
MemFree:         1165556 kB
MemAvailable:    1496732 kB
Buffers:           49500 kB
Cached:           396660 kB
MemTotal:        1844596 kB
MemFree:         1165808 kB
MemAvailable:    1496984 kB
Buffers:           49500 kB
Cached:           396660 kB
MemTotal:        1844596 kB
MemFree:         1165924 kB
MemAvailable:    1496428 kB
Buffers:           49500 kB
Cached:           395944 kB
MemTotal:        1844596 kB
MemFree:         1203680 kB
MemAvailable:    1534184 kB
Buffers:           49500 kB
Cached:           395944 kB
