MemTotal:        1844596 kB
MemFree:         1211556 kB
MemAvailable:    1563668 kB
Buffers:           52104 kB
Cached:           413260 kB
MemTotal:        1844596 kB
MemFree:         1183044 kB
MemAvailable:    1535160 kB
Buffers:           52104 kB
Cached:           413264 kB
MemTotal:        1844596 kB
MemFree:         1183376 kB
MemAvailable:    1535492 kB
Buffers:           52104 kB
Cached:           413264 kB
MemTotal:        1844596 kB
MemFree:         1180836 kB
MemAvailable:    1532952 kB
Buffers:           52104 kB
Cached:           413264 kB
MemTotal:        1844596 kB
MemFree:         1179472 kB
MemAvailable:    1531588 kB
Buffers:           52104 kB
Cached:           413264 kB
MemTotal:        1844596 kB
MemFree:         1180524 kB
MemAvailable:    1532640 kB
Buffers:           52104 kB
Cached:           413264 kB
MemTotal:        1844596 kB
MemFree:         1178540 kB
MemAvailable:    1530656 kB
Buffers:           52104 kB
Cached:           413264 kB
MemTotal:        1844596 kB
MemFree:         1177364 kB
MemAvailable:    1529480 kB
Buffers:           52104 kB
Cached:           413264 kB
MemTotal:        1844596 kB
MemFree:         1175256 kB
MemAvailable:    1527372 kB
Buffers:           52104 kB
Cached:           413264 kB
MemTotal:        1844596 kB
MemFree:         1171024 kB
MemAvailable:    1523140 kB
Buffers:           52104 kB
Cached:           413264 kB
MemTotal:        1844596 kB
MemFree:         1171024 kB
MemAvailable:    1523140 kB
Buffers:           52104 kB
Cached:           413264 kB
MemTotal:        1844596 kB
MemFree:         1170728 kB
MemAvailable:    1522844 kB
Buffers:           52104 kB
Cached:           413264 kB
MemTotal:        1844596 kB
MemFree:         1170896 kB
MemAvailable:    1523012 kB
Buffers:           52104 kB
Cached:           413264 kB
MemTotal:        1844596 kB
MemFree:         1169916 kB
MemAvailable:    1522032 kB
Buffers:           52104 kB
Cached:           413264 kB
MemTotal:        1844596 kB
MemFree:         1170732 kB
MemAvailable:    1522848 kB
Buffers:           52104 kB
Cached:           413264 kB
MemTotal:        1844596 kB
MemFree:         1170336 kB
MemAvailable:    1522452 kB
Buffers:           52104 kB
Cached:           413264 kB
MemTotal:        1844596 kB
MemFree:         1170672 kB
MemAvailable:    1522788 kB
Buffers:           52104 kB
Cached:           413264 kB
MemTotal:        1844596 kB
MemFree:         1168428 kB
MemAvailable:    1520544 kB
Buffers:           52104 kB
Cached:           413264 kB
MemTotal:        1844596 kB
MemFree:         1167684 kB
MemAvailable:    1519800 kB
Buffers:           52104 kB
Cached:           413264 kB
MemTotal:        1844596 kB
MemFree:         1167072 kB
MemAvailable:    1519188 kB
Buffers:           52104 kB
Cached:           413264 kB
MemTotal:        1844596 kB
MemFree:         1168312 kB
MemAvailable:    1520428 kB
Buffers:           52104 kB
Cached:           413264 kB
MemTotal:        1844596 kB
MemFree:         1167196 kB
MemAvailable:    1519312 kB
Buffers:           52104 kB
Cached:           413264 kB
MemTotal:        1844596 kB
MemFree:         1168196 kB
MemAvailable:    1520312 kB
Buffers:           52104 kB
Cached:           413264 kB
MemTotal:        1844596 kB
MemFree:         1167444 kB
MemAvailable:    1519560 kB
Buffers:           52104 kB
Cached:           413264 kB
MemTotal:        1844596 kB
MemFree:         1168068 kB
MemAvailable:    1520184 kB
Buffers:           52104 kB
Cached:           413264 kB
MemTotal:        1844596 kB
MemFree:         1168036 kB
MemAvailable:    1520152 kB
Buffers:           52104 kB
Cached:           413264 kB
MemTotal:        1844596 kB
MemFree:         1167692 kB
MemAvailable:    1519808 kB
Buffers:           52104 kB
Cached:           413264 kB
MemTotal:        1844596 kB
MemFree:         1168196 kB
MemAvailable:    1520312 kB
Buffers:           52104 kB
Cached:           413264 kB
MemTotal:        1844596 kB
MemFree:         1168312 kB
MemAvailable:    1520428 kB
Buffers:           52104 kB
Cached:           413264 kB
MemTotal:        1844596 kB
MemFree:         1169512 kB
MemAvailable:    1521628 kB
Buffers:           52104 kB
Cached:           413264 kB
MemTotal:        1844596 kB
MemFree:         1167940 kB
MemAvailable:    1520056 kB
Buffers:           52104 kB
Cached:           413264 kB
MemTotal:        1844596 kB
MemFree:         1167128 kB
MemAvailable:    1519244 kB
Buffers:           52104 kB
Cached:           413264 kB
MemTotal:        1844596 kB
MemFree:         1165088 kB
MemAvailable:    1517204 kB
Buffers:           52104 kB
Cached:           413264 kB
MemTotal:        1844596 kB
MemFree:         1164584 kB
MemAvailable:    1516700 kB
Buffers:           52104 kB
Cached:           413264 kB
MemTotal:        1844596 kB
MemFree:         1164344 kB
MemAvailable:    1516460 kB
Buffers:           52104 kB
Cached:           413264 kB
MemTotal:        1844596 kB
MemFree:         1163848 kB
MemAvailable:    1515964 kB
Buffers:           52104 kB
Cached:           413264 kB
MemTotal:        1844596 kB
MemFree:         1163228 kB
MemAvailable:    1515344 kB
Buffers:           52104 kB
Cached:           413264 kB
MemTotal:        1844596 kB
MemFree:         1163104 kB
MemAvailable:    1515220 kB
Buffers:           52104 kB
Cached:           413264 kB
MemTotal:        1844596 kB
MemFree:         1164220 kB
MemAvailable:    1516336 kB
Buffers:           52104 kB
Cached:           413264 kB
MemTotal:        1844596 kB
MemFree:         1162980 kB
MemAvailable:    1515096 kB
Buffers:           52104 kB
Cached:           413264 kB
MemTotal:        1844596 kB
MemFree:         1163948 kB
MemAvailable:    1516064 kB
Buffers:           52104 kB
Cached:           413264 kB
MemTotal:        1844596 kB
MemFree:         1164032 kB
MemAvailable:    1516148 kB
Buffers:           52104 kB
Cached:           413264 kB
MemTotal:        1844596 kB
MemFree:         1162536 kB
MemAvailable:    1514652 kB
Buffers:           52104 kB
Cached:           413264 kB
MemTotal:        1844596 kB
MemFree:         1163768 kB
MemAvailable:    1515884 kB
Buffers:           52104 kB
Cached:           413264 kB
MemTotal:        1844596 kB
MemFree:         1163836 kB
MemAvailable:    1515952 kB
Buffers:           52104 kB
Cached:           413264 kB
MemTotal:        1844596 kB
MemFree:         1161980 kB
MemAvailable:    1514096 kB
Buffers:           52104 kB
Cached:           413264 kB
MemTotal:        1844596 kB
MemFree:         1163212 kB
MemAvailable:    1515328 kB
Buffers:           52104 kB
Cached:           413264 kB
MemTotal:        1844596 kB
MemFree:         1163032 kB
MemAvailable:    1515148 kB
Buffers:           52104 kB
Cached:           413264 kB
MemTotal:        1844596 kB
MemFree:         1163200 kB
MemAvailable:    1515316 kB
Buffers:           52104 kB
Cached:           413264 kB
MemTotal:        1844596 kB
MemFree:         1161716 kB
MemAvailable:    1513832 kB
Buffers:           52104 kB
Cached:           413264 kB
MemTotal:        1844596 kB
MemFree:         1161724 kB
MemAvailable:    1513840 kB
Buffers:           52104 kB
Cached:           413264 kB
MemTotal:        1844596 kB
MemFree:         1161848 kB
MemAvailable:    1513964 kB
Buffers:           52104 kB
Cached:           413264 kB
MemTotal:        1844596 kB
MemFree:         1163084 kB
MemAvailable:    1515200 kB
Buffers:           52104 kB
Cached:           413264 kB
MemTotal:        1844596 kB
MemFree:         1162112 kB
MemAvailable:    1514228 kB
Buffers:           52104 kB
Cached:           413264 kB
MemTotal:        1844596 kB
MemFree:         1163228 kB
MemAvailable:    1515348 kB
Buffers:           52104 kB
Cached:           413268 kB
MemTotal:        1844596 kB
MemFree:         1162112 kB
MemAvailable:    1514232 kB
Buffers:           52104 kB
Cached:           413268 kB
MemTotal:        1844596 kB
MemFree:         1163456 kB
MemAvailable:    1515576 kB
Buffers:           52104 kB
Cached:           413268 kB
MemTotal:        1844596 kB
MemFree:         1162972 kB
MemAvailable:    1515092 kB
Buffers:           52104 kB
Cached:           413268 kB
MemTotal:        1844596 kB
MemFree:         1162600 kB
MemAvailable:    1514720 kB
Buffers:           52104 kB
Cached:           413268 kB
MemTotal:        1844596 kB
MemFree:         1161492 kB
MemAvailable:    1513612 kB
Buffers:           52104 kB
Cached:           413268 kB
MemTotal:        1844596 kB
MemFree:         1162288 kB
MemAvailable:    1514408 kB
Buffers:           52104 kB
Cached:           413268 kB
MemTotal:        1844596 kB
MemFree:         1162048 kB
MemAvailable:    1514168 kB
Buffers:           52104 kB
Cached:           413268 kB
MemTotal:        1844596 kB
MemFree:         1161988 kB
MemAvailable:    1514108 kB
Buffers:           52104 kB
Cached:           413268 kB
MemTotal:        1844596 kB
MemFree:         1161960 kB
MemAvailable:    1514080 kB
Buffers:           52104 kB
Cached:           413268 kB
MemTotal:        1844596 kB
MemFree:         1161864 kB
MemAvailable:    1513984 kB
Buffers:           52104 kB
Cached:           413268 kB
MemTotal:        1844596 kB
MemFree:         1161976 kB
MemAvailable:    1514096 kB
Buffers:           52104 kB
Cached:           413268 kB
MemTotal:        1844596 kB
MemFree:         1162048 kB
MemAvailable:    1514168 kB
Buffers:           52104 kB
Cached:           413268 kB
MemTotal:        1844596 kB
MemFree:         1162096 kB
MemAvailable:    1514216 kB
Buffers:           52104 kB
Cached:           413268 kB
MemTotal:        1844596 kB
MemFree:         1162096 kB
MemAvailable:    1514216 kB
Buffers:           52104 kB
Cached:           413268 kB
MemTotal:        1844596 kB
MemFree:         1160808 kB
MemAvailable:    1512928 kB
Buffers:           52104 kB
Cached:           413268 kB
MemTotal:        1844596 kB
MemFree:         1162056 kB
MemAvailable:    1514180 kB
Buffers:           52104 kB
Cached:           413272 kB
MemTotal:        1844596 kB
MemFree:         1160808 kB
MemAvailable:    1512932 kB
Buffers:           52104 kB
Cached:           413272 kB
MemTotal:        1844596 kB
MemFree:         1159260 kB
MemAvailable:    1511384 kB
Buffers:           52104 kB
Cached:           413272 kB
MemTotal:        1844596 kB
MemFree:         1156408 kB
MemAvailable:    1508532 kB
Buffers:           52104 kB
Cached:           413272 kB
MemTotal:        1844596 kB
MemFree:         1155044 kB
MemAvailable:    1507168 kB
Buffers:           52104 kB
Cached:           413272 kB
MemTotal:        1844596 kB
MemFree:         1153548 kB
MemAvailable:    1505672 kB
Buffers:           52104 kB
Cached:           413272 kB
MemTotal:        1844596 kB
MemFree:         1154160 kB
MemAvailable:    1506284 kB
Buffers:           52104 kB
Cached:           413272 kB
MemTotal:        1844596 kB
MemFree:         1153680 kB
MemAvailable:    1505804 kB
Buffers:           52104 kB
Cached:           413272 kB
MemTotal:        1844596 kB
MemFree:         1154224 kB
MemAvailable:    1506348 kB
Buffers:           52104 kB
Cached:           413272 kB
MemTotal:        1844596 kB
MemFree:         1154116 kB
MemAvailable:    1506240 kB
Buffers:           52104 kB
Cached:           413272 kB
MemTotal:        1844596 kB
MemFree:         1153432 kB
MemAvailable:    1505556 kB
Buffers:           52104 kB
Cached:           413272 kB
MemTotal:        1844596 kB
MemFree:         1152876 kB
MemAvailable:    1505000 kB
Buffers:           52104 kB
Cached:           413272 kB
MemTotal:        1844596 kB
MemFree:         1154160 kB
MemAvailable:    1506284 kB
Buffers:           52104 kB
Cached:           413272 kB
MemTotal:        1844596 kB
MemFree:         1154120 kB
MemAvailable:    1506244 kB
Buffers:           52104 kB
Cached:           413272 kB
MemTotal:        1844596 kB
MemFree:         1154176 kB
MemAvailable:    1506300 kB
Buffers:           52104 kB
Cached:           413272 kB
MemTotal:        1844596 kB
MemFree:         1152796 kB
MemAvailable:    1504920 kB
Buffers:           52104 kB
Cached:           413272 kB
MemTotal:        1844596 kB
MemFree:         1154180 kB
MemAvailable:    1506304 kB
Buffers:           52104 kB
Cached:           413272 kB
MemTotal:        1844596 kB
MemFree:         1153432 kB
MemAvailable:    1505556 kB
Buffers:           52104 kB
Cached:           413272 kB
MemTotal:        1844596 kB
MemFree:         1154160 kB
MemAvailable:    1506288 kB
Buffers:           52104 kB
Cached:           413276 kB
MemTotal:        1844596 kB
MemFree:         1153928 kB
MemAvailable:    1506056 kB
Buffers:           52104 kB
Cached:           413276 kB
MemTotal:        1844596 kB
MemFree:         1152664 kB
MemAvailable:    1504792 kB
Buffers:           52104 kB
Cached:           413276 kB
MemTotal:        1844596 kB
MemFree:         1153540 kB
MemAvailable:    1505668 kB
Buffers:           52104 kB
Cached:           413276 kB
MemTotal:        1844596 kB
MemFree:         1152564 kB
MemAvailable:    1504692 kB
Buffers:           52104 kB
Cached:           413276 kB
MemTotal:        1844596 kB
MemFree:         1153044 kB
MemAvailable:    1505172 kB
Buffers:           52104 kB
Cached:           413276 kB
MemTotal:        1844596 kB
MemFree:         1152548 kB
MemAvailable:    1504676 kB
Buffers:           52104 kB
Cached:           413276 kB
MemTotal:        1844596 kB
MemFree:         1152632 kB
MemAvailable:    1504760 kB
Buffers:           52104 kB
Cached:           413276 kB
MemTotal:        1844596 kB
MemFree:         1152572 kB
MemAvailable:    1504700 kB
Buffers:           52104 kB
Cached:           413276 kB
MemTotal:        1844596 kB
MemFree:         1150880 kB
MemAvailable:    1503008 kB
Buffers:           52104 kB
Cached:           413276 kB
MemTotal:        1844596 kB
MemFree:         1151200 kB
MemAvailable:    1503328 kB
Buffers:           52104 kB
Cached:           413276 kB
MemTotal:        1844596 kB
MemFree:         1149960 kB
MemAvailable:    1502088 kB
Buffers:           52104 kB
Cached:           413276 kB
MemTotal:        1844596 kB
MemFree:         1151020 kB
MemAvailable:    1503148 kB
Buffers:           52104 kB
Cached:           413276 kB
MemTotal:        1844596 kB
MemFree:         1151356 kB
MemAvailable:    1503484 kB
Buffers:           52104 kB
Cached:           413276 kB
MemTotal:        1844596 kB
MemFree:         1151088 kB
MemAvailable:    1503216 kB
Buffers:           52104 kB
Cached:           413276 kB
MemTotal:        1844596 kB
MemFree:         1149712 kB
MemAvailable:    1501840 kB
Buffers:           52104 kB
Cached:           413276 kB
MemTotal:        1844596 kB
MemFree:         1150820 kB
MemAvailable:    1502948 kB
Buffers:           52104 kB
Cached:           413276 kB
MemTotal:        1844596 kB
MemFree:         1150696 kB
MemAvailable:    1502824 kB
Buffers:           52104 kB
Cached:           413276 kB
MemTotal:        1844596 kB
MemFree:         1150572 kB
MemAvailable:    1502700 kB
Buffers:           52104 kB
Cached:           413276 kB
MemTotal:        1844596 kB
MemFree:         1149068 kB
MemAvailable:    1501196 kB
Buffers:           52104 kB
Cached:           413276 kB
MemTotal:        1844596 kB
MemFree:         1149200 kB
MemAvailable:    1501328 kB
Buffers:           52104 kB
Cached:           413276 kB
MemTotal:        1844596 kB
MemFree:         1148904 kB
MemAvailable:    1501032 kB
Buffers:           52104 kB
Cached:           413276 kB
MemTotal:        1844596 kB
MemFree:         1149276 kB
MemAvailable:    1501404 kB
Buffers:           52104 kB
Cached:           413276 kB
MemTotal:        1844596 kB
MemFree:         1150372 kB
MemAvailable:    1502500 kB
Buffers:           52104 kB
Cached:           413276 kB
MemTotal:        1844596 kB
MemFree:         1148464 kB
MemAvailable:    1500592 kB
Buffers:           52104 kB
Cached:           413276 kB
MemTotal:        1844596 kB
MemFree:         1149524 kB
MemAvailable:    1501652 kB
Buffers:           52104 kB
Cached:           413276 kB
MemTotal:        1844596 kB
MemFree:         1142256 kB
MemAvailable:    1494384 kB
Buffers:           52104 kB
Cached:           413276 kB
MemTotal:        1844596 kB
MemFree:         1142592 kB
MemAvailable:    1494720 kB
Buffers:           52104 kB
Cached:           413276 kB
MemTotal:        1844596 kB
MemFree:         1142208 kB
MemAvailable:    1494336 kB
Buffers:           52104 kB
Cached:           413276 kB
MemTotal:        1844596 kB
MemFree:         1142272 kB
MemAvailable:    1494400 kB
Buffers:           52104 kB
Cached:           413276 kB
MemTotal:        1844596 kB
MemFree:         1140976 kB
MemAvailable:    1493104 kB
Buffers:           52104 kB
Cached:           413276 kB
MemTotal:        1844596 kB
MemFree:         1142244 kB
MemAvailable:    1494372 kB
Buffers:           52104 kB
Cached:           413276 kB
MemTotal:        1844596 kB
MemFree:         1142148 kB
MemAvailable:    1494276 kB
Buffers:           52104 kB
Cached:           413276 kB
MemTotal:        1844596 kB
MemFree:         1144360 kB
MemAvailable:    1496488 kB
Buffers:           52104 kB
Cached:           413276 kB
MemTotal:        1844596 kB
MemFree:         1144132 kB
MemAvailable:    1496260 kB
Buffers:           52104 kB
Cached:           413276 kB
MemTotal:        1844596 kB
MemFree:         1142760 kB
MemAvailable:    1494888 kB
Buffers:           52104 kB
Cached:           413276 kB
MemTotal:        1844596 kB
MemFree:         1143968 kB
MemAvailable:    1496184 kB
Buffers:           52104 kB
Cached:           413404 kB
MemTotal:        1844596 kB
MemFree:         1142644 kB
MemAvailable:    1494904 kB
Buffers:           52104 kB
Cached:           413528 kB
MemTotal:        1844596 kB
MemFree:         1143208 kB
MemAvailable:    1495676 kB
Buffers:           52104 kB
Cached:           413652 kB
MemTotal:        1844596 kB
MemFree:         1143460 kB
MemAvailable:    1495928 kB
Buffers:           52104 kB
Cached:           413652 kB
MemTotal:        1844596 kB
MemFree:         1141968 kB
MemAvailable:    1494520 kB
Buffers:           52104 kB
Cached:           413776 kB
MemTotal:        1844596 kB
MemFree:         1143068 kB
MemAvailable:    1495788 kB
Buffers:           52104 kB
Cached:           413900 kB
MemTotal:        1844596 kB
MemFree:         1143068 kB
MemAvailable:    1495788 kB
Buffers:           52104 kB
Cached:           413900 kB
MemTotal:        1844596 kB
MemFree:         1142988 kB
MemAvailable:    1495708 kB
Buffers:           52104 kB
Cached:           413900 kB
MemTotal:        1844596 kB
MemFree:         1143240 kB
MemAvailable:    1495960 kB
Buffers:           52104 kB
Cached:           413900 kB
MemTotal:        1844596 kB
MemFree:         1142988 kB
MemAvailable:    1495708 kB
Buffers:           52104 kB
Cached:           413900 kB
MemTotal:        1844596 kB
MemFree:         1143240 kB
MemAvailable:    1495960 kB
Buffers:           52104 kB
Cached:           413900 kB
MemTotal:        1844596 kB
MemFree:         1142988 kB
MemAvailable:    1495792 kB
Buffers:           52104 kB
Cached:           413900 kB
MemTotal:        1844596 kB
MemFree:         1143072 kB
MemAvailable:    1495876 kB
Buffers:           52104 kB
Cached:           413900 kB
MemTotal:        1844596 kB
MemFree:         1142836 kB
MemAvailable:    1495640 kB
Buffers:           52104 kB
Cached:           413900 kB
MemTotal:        1844596 kB
MemFree:         1141840 kB
MemAvailable:    1494644 kB
Buffers:           52104 kB
Cached:           413900 kB
MemTotal:        1844596 kB
MemFree:         1142340 kB
MemAvailable:    1494472 kB
Buffers:           52104 kB
Cached:           413268 kB
MemTotal:        1844596 kB
MemFree:         1209920 kB
MemAvailable:    1562052 kB
Buffers:           52104 kB
Cached:           413268 kB
