MemTotal:        1844596 kB
MemFree:         1176320 kB
MemAvailable:    1562304 kB
Buffers:           56084 kB
Cached:           440540 kB
MemTotal:        1844596 kB
MemFree:         1148684 kB
MemAvailable:    1534672 kB
Buffers:           56084 kB
Cached:           440544 kB
MemTotal:        1844596 kB
MemFree:         1147312 kB
MemAvailable:    1533300 kB
Buffers:           56084 kB
Cached:           440544 kB
MemTotal:        1844596 kB
MemFree:         1146512 kB
MemAvailable:    1532500 kB
Buffers:           56084 kB
Cached:           440544 kB
MemTotal:        1844596 kB
MemFree:         1143964 kB
MemAvailable:    1529952 kB
Buffers:           56084 kB
Cached:           440544 kB
MemTotal:        1844596 kB
MemFree:         1145024 kB
MemAvailable:    1531012 kB
Buffers:           56084 kB
Cached:           440544 kB
MemTotal:        1844596 kB
MemFree:         1143800 kB
MemAvailable:    1529788 kB
Buffers:           56084 kB
Cached:           440544 kB
MemTotal:        1844596 kB
MemFree:         1139004 kB
MemAvailable:    1524992 kB
Buffers:           56084 kB
Cached:           440544 kB
MemTotal:        1844596 kB
MemFree:         1137152 kB
MemAvailable:    1523140 kB
Buffers:           56084 kB
Cached:           440544 kB
MemTotal:        1844596 kB
MemFree:         1133060 kB
MemAvailable:    1519048 kB
Buffers:           56084 kB
Cached:           440544 kB
MemTotal:        1844596 kB
MemFree:         1135368 kB
MemAvailable:    1521356 kB
Buffers:           56084 kB
Cached:           440544 kB
MemTotal:        1844596 kB
MemFree:         1135104 kB
MemAvailable:    1521092 kB
Buffers:           56084 kB
Cached:           440544 kB
MemTotal:        1844596 kB
MemFree:         1135228 kB
MemAvailable:    1521216 kB
Buffers:           56084 kB
Cached:           440544 kB
MemTotal:        1844596 kB
MemFree:         1133668 kB
MemAvailable:    1519656 kB
Buffers:           56084 kB
Cached:           440544 kB
MemTotal:        1844596 kB
MemFree:         1133660 kB
MemAvailable:    1519648 kB
Buffers:           56084 kB
Cached:           440544 kB
MemTotal:        1844596 kB
MemFree:         1134112 kB
MemAvailable:    1520100 kB
Buffers:           56084 kB
Cached:           440544 kB
MemTotal:        1844596 kB
MemFree:         1132936 kB
MemAvailable:    1518924 kB
Buffers:           56084 kB
Cached:           440544 kB
MemTotal:        1844596 kB
MemFree:         1132920 kB
MemAvailable:    1518908 kB
Buffers:           56084 kB
Cached:           440544 kB
MemTotal:        1844596 kB
MemFree:         1131432 kB
MemAvailable:    1517420 kB
Buffers:           56084 kB
Cached:           440544 kB
MemTotal:        1844596 kB
MemFree:         1131556 kB
MemAvailable:    1517544 kB
Buffers:           56084 kB
Cached:           440544 kB
MemTotal:        1844596 kB
MemFree:         1132548 kB
MemAvailable:    1518536 kB
Buffers:           56084 kB
Cached:           440544 kB
MemTotal:        1844596 kB
MemFree:         1131632 kB
MemAvailable:    1517620 kB
Buffers:           56084 kB
Cached:           440544 kB
MemTotal:        1844596 kB
MemFree:         1131252 kB
MemAvailable:    1517240 kB
Buffers:           56084 kB
Cached:           440544 kB
MemTotal:        1844596 kB
MemFree:         1131372 kB
MemAvailable:    1517360 kB
Buffers:           56084 kB
Cached:           440544 kB
MemTotal:        1844596 kB
MemFree:         1132792 kB
MemAvailable:    1518780 kB
Buffers:           56084 kB
Cached:           440544 kB
MemTotal:        1844596 kB
MemFree:         1132632 kB
MemAvailable:    1518620 kB
Buffers:           56084 kB
Cached:           440544 kB
MemTotal:        1844596 kB
MemFree:         1131756 kB
MemAvailable:    1517744 kB
Buffers:           56084 kB
Cached:           440544 kB
MemTotal:        1844596 kB
MemFree:         1129712 kB
MemAvailable:    1515700 kB
Buffers:           56084 kB
Cached:           440544 kB
MemTotal:        1844596 kB
MemFree:         1129092 kB
MemAvailable:    1515080 kB
Buffers:           56084 kB
Cached:           440544 kB
MemTotal:        1844596 kB
MemFree:         1129772 kB
MemAvailable:    1515760 kB
Buffers:           56084 kB
Cached:           440544 kB
MemTotal:        1844596 kB
MemFree:         1128588 kB
MemAvailable:    1514576 kB
Buffers:           56084 kB
Cached:           440544 kB
MemTotal:        1844596 kB
MemFree:         1128580 kB
MemAvailable:    1514568 kB
Buffers:           56084 kB
Cached:           440544 kB
MemTotal:        1844596 kB
MemFree:         1128348 kB
MemAvailable:    1514336 kB
Buffers:           56084 kB
Cached:           440544 kB
MemTotal:        1844596 kB
MemFree:         1128352 kB
MemAvailable:    1514340 kB
Buffers:           56084 kB
Cached:           440544 kB
MemTotal:        1844596 kB
MemFree:         1127176 kB
MemAvailable:    1513164 kB
Buffers:           56084 kB
Cached:           440544 kB
MemTotal:        1844596 kB
MemFree:         1127168 kB
MemAvailable:    1513156 kB
Buffers:           56084 kB
Cached:           440544 kB
MemTotal:        1844596 kB
MemFree:         1128452 kB
MemAvailable:    1514440 kB
Buffers:           56084 kB
Cached:           440544 kB
MemTotal:        1844596 kB
MemFree:         1127164 kB
MemAvailable:    1513152 kB
Buffers:           56084 kB
Cached:           440544 kB
MemTotal:        1844596 kB
MemFree:         1127952 kB
MemAvailable:    1513940 kB
Buffers:           56084 kB
Cached:           440544 kB
MemTotal:        1844596 kB
MemFree:         1127788 kB
MemAvailable:    1513776 kB
Buffers:           56084 kB
Cached:           440544 kB
MemTotal:        1844596 kB
MemFree:         1126356 kB
MemAvailable:    1512344 kB
Buffers:           56084 kB
Cached:           440544 kB
MemTotal:        1844596 kB
MemFree:         1127548 kB
MemAvailable:    1513536 kB
Buffers:           56084 kB
Cached:           440544 kB
MemTotal:        1844596 kB
MemFree:         1126100 kB
MemAvailable:    1512092 kB
Buffers:           56084 kB
Cached:           440548 kB
MemTotal:        1844596 kB
MemFree:         1126324 kB
MemAvailable:    1512316 kB
Buffers:           56084 kB
Cached:           440548 kB
MemTotal:        1844596 kB
MemFree:         1126240 kB
MemAvailable:    1512232 kB
Buffers:           56084 kB
Cached:           440548 kB
MemTotal:        1844596 kB
MemFree:         1127416 kB
MemAvailable:    1513408 kB
Buffers:           56084 kB
Cached:           440548 kB
MemTotal:        1844596 kB
MemFree:         1127368 kB
MemAvailable:    1513360 kB
Buffers:           56084 kB
Cached:           440548 kB
MemTotal:        1844596 kB
MemFree:         1126228 kB
MemAvailable:    1512220 kB
Buffers:           56084 kB
Cached:           440548 kB
MemTotal:        1844596 kB
MemFree:         1127548 kB
MemAvailable:    1513540 kB
Buffers:           56084 kB
Cached:           440548 kB
MemTotal:        1844596 kB
MemFree:         1127448 kB
MemAvailable:    1513440 kB
Buffers:           56084 kB
Cached:           440548 kB
MemTotal:        1844596 kB
MemFree:         1126920 kB
MemAvailable:    1512912 kB
Buffers:           56084 kB
Cached:           440548 kB
MemTotal:        1844596 kB
MemFree:         1126488 kB
MemAvailable:    1512480 kB
Buffers:           56084 kB
Cached:           440548 kB
MemTotal:        1844596 kB
MemFree:         1126864 kB
MemAvailable:    1512856 kB
Buffers:           56084 kB
Cached:           440548 kB
MemTotal:        1844596 kB
MemFree:         1125688 kB
MemAvailable:    1511680 kB
Buffers:           56084 kB
Cached:           440548 kB
MemTotal:        1844596 kB
MemFree:         1126796 kB
MemAvailable:    1512788 kB
Buffers:           56084 kB
Cached:           440548 kB
MemTotal:        1844596 kB
MemFree:         1126224 kB
MemAvailable:    1512216 kB
Buffers:           56084 kB
Cached:           440548 kB
MemTotal:        1844596 kB
MemFree:         1125188 kB
MemAvailable:    1511180 kB
Buffers:           56084 kB
Cached:           440548 kB
MemTotal:        1844596 kB
MemFree:         1126488 kB
MemAvailable:    1512480 kB
Buffers:           56084 kB
Cached:           440548 kB
MemTotal:        1844596 kB
MemFree:         1126348 kB
MemAvailable:    1512340 kB
Buffers:           56084 kB
Cached:           440548 kB
MemTotal:        1844596 kB
MemFree:         1126600 kB
MemAvailable:    1512592 kB
Buffers:           56084 kB
Cached:           440548 kB
MemTotal:        1844596 kB
MemFree:         1125184 kB
MemAvailable:    1511176 kB
Buffers:           56084 kB
Cached:           440548 kB
MemTotal:        1844596 kB
MemFree:         1126432 kB
MemAvailable:    1512424 kB
Buffers:           56084 kB
Cached:           440548 kB
MemTotal:        1844596 kB
MemFree:         1125192 kB
MemAvailable:    1511184 kB
Buffers:           56084 kB
Cached:           440548 kB
MemTotal:        1844596 kB
MemFree:         1124124 kB
MemAvailable:    1510116 kB
Buffers:           56084 kB
Cached:           440548 kB
MemTotal:        1844596 kB
MemFree:         1122644 kB
MemAvailable:    1508636 kB
Buffers:           56084 kB
Cached:           440548 kB
MemTotal:        1844596 kB
MemFree:         1119156 kB
MemAvailable:    1505148 kB
Buffers:           56084 kB
Cached:           440548 kB
MemTotal:        1844596 kB
MemFree:         1118924 kB
MemAvailable:    1504916 kB
Buffers:           56084 kB
Cached:           440548 kB
MemTotal:        1844596 kB
MemFree:         1118868 kB
MemAvailable:    1504860 kB
Buffers:           56084 kB
Cached:           440548 kB
MemTotal:        1844596 kB
MemFree:         1118860 kB
MemAvailable:    1504852 kB
Buffers:           56084 kB
Cached:           440548 kB
MemTotal:        1844596 kB
MemFree:         1117364 kB
MemAvailable:    1503356 kB
Buffers:           56084 kB
Cached:           440548 kB
MemTotal:        1844596 kB
MemFree:         1118508 kB
MemAvailable:    1504500 kB
Buffers:           56084 kB
Cached:           440548 kB
MemTotal:        1844596 kB
MemFree:         1118676 kB
MemAvailable:    1504668 kB
Buffers:           56084 kB
Cached:           440548 kB
MemTotal:        1844596 kB
MemFree:         1118476 kB
MemAvailable:    1504468 kB
Buffers:           56084 kB
Cached:           440548 kB
MemTotal:        1844596 kB
MemFree:         1118644 kB
MemAvailable:    1504636 kB
Buffers:           56084 kB
Cached:           440548 kB
MemTotal:        1844596 kB
MemFree:         1118476 kB
MemAvailable:    1504468 kB
Buffers:           56084 kB
Cached:           440548 kB
MemTotal:        1844596 kB
MemFree:         1118728 kB
MemAvailable:    1504720 kB
Buffers:           56084 kB
Cached:           440548 kB
MemTotal:        1844596 kB
MemFree:         1118724 kB
MemAvailable:    1504716 kB
Buffers:           56084 kB
Cached:           440548 kB
MemTotal:        1844596 kB
MemFree:         1117800 kB
MemAvailable:    1503792 kB
Buffers:           56084 kB
Cached:           440548 kB
MemTotal:        1844596 kB
MemFree:         1118364 kB
MemAvailable:    1504360 kB
Buffers:           56084 kB
Cached:           440552 kB
MemTotal:        1844596 kB
MemFree:         1117312 kB
MemAvailable:    1503308 kB
Buffers:           56084 kB
Cached:           440552 kB
MemTotal:        1844596 kB
MemFree:         1117056 kB
MemAvailable:    1503052 kB
Buffers:           56084 kB
Cached:           440552 kB
MemTotal:        1844596 kB
MemFree:         1117860 kB
MemAvailable:    1503856 kB
Buffers:           56084 kB
Cached:           440552 kB
MemTotal:        1844596 kB
MemFree:         1117056 kB
MemAvailable:    1503052 kB
Buffers:           56084 kB
Cached:           440552 kB
MemTotal:        1844596 kB
MemFree:         1117556 kB
MemAvailable:    1503552 kB
Buffers:           56084 kB
Cached:           440552 kB
MemTotal:        1844596 kB
MemFree:         1115948 kB
MemAvailable:    1501944 kB
Buffers:           56084 kB
Cached:           440552 kB
MemTotal:        1844596 kB
MemFree:         1116960 kB
MemAvailable:    1502956 kB
Buffers:           56084 kB
Cached:           440552 kB
MemTotal:        1844596 kB
MemFree:         1117012 kB
MemAvailable:    1503008 kB
Buffers:           56084 kB
Cached:           440552 kB
MemTotal:        1844596 kB
MemFree:         1115272 kB
MemAvailable:    1501268 kB
Buffers:           56084 kB
Cached:           440552 kB
MemTotal:        1844596 kB
MemFree:         1114576 kB
MemAvailable:    1500572 kB
Buffers:           56084 kB
Cached:           440552 kB
MemTotal:        1844596 kB
MemFree:         1114444 kB
MemAvailable:    1500440 kB
Buffers:           56084 kB
Cached:           440552 kB
MemTotal:        1844596 kB
MemFree:         1115080 kB
MemAvailable:    1501076 kB
Buffers:           56084 kB
Cached:           440552 kB
MemTotal:        1844596 kB
MemFree:         1114088 kB
MemAvailable:    1500084 kB
Buffers:           56084 kB
Cached:           440552 kB
MemTotal:        1844596 kB
MemFree:         1114880 kB
MemAvailable:    1500876 kB
Buffers:           56084 kB
Cached:           440552 kB
MemTotal:        1844596 kB
MemFree:         1113716 kB
MemAvailable:    1499712 kB
Buffers:           56084 kB
Cached:           440552 kB
MemTotal:        1844596 kB
MemFree:         1113708 kB
MemAvailable:    1499704 kB
Buffers:           56084 kB
Cached:           440552 kB
MemTotal:        1844596 kB
MemFree:         1114908 kB
MemAvailable:    1500908 kB
Buffers:           56084 kB
Cached:           440556 kB
MemTotal:        1844596 kB
MemFree:         1114636 kB
MemAvailable:    1500636 kB
Buffers:           56084 kB
Cached:           440556 kB
MemTotal:        1844596 kB
MemFree:         1114840 kB
MemAvailable:    1500840 kB
Buffers:           56084 kB
Cached:           440556 kB
MemTotal:        1844596 kB
MemFree:         1113196 kB
MemAvailable:    1499196 kB
Buffers:           56084 kB
Cached:           440556 kB
MemTotal:        1844596 kB
MemFree:         1113272 kB
MemAvailable:    1499272 kB
Buffers:           56084 kB
Cached:           440556 kB
MemTotal:        1844596 kB
MemFree:         1114396 kB
MemAvailable:    1500396 kB
Buffers:           56084 kB
Cached:           440556 kB
MemTotal:        1844596 kB
MemFree:         1114204 kB
MemAvailable:    1500204 kB
Buffers:           56084 kB
Cached:           440556 kB
MemTotal:        1844596 kB
MemFree:         1112716 kB
MemAvailable:    1498716 kB
Buffers:           56084 kB
Cached:           440556 kB
MemTotal:        1844596 kB
MemFree:         1109384 kB
MemAvailable:    1495384 kB
Buffers:           56084 kB
Cached:           440556 kB
MemTotal:        1844596 kB
MemFree:         1105664 kB
MemAvailable:    1491664 kB
Buffers:           56084 kB
Cached:           440556 kB
MemTotal:        1844596 kB
MemFree:         1105656 kB
MemAvailable:    1491656 kB
Buffers:           56084 kB
Cached:           440556 kB
MemTotal:        1844596 kB
MemFree:         1106856 kB
MemAvailable:    1492856 kB
Buffers:           56084 kB
Cached:           440556 kB
MemTotal:        1844596 kB
MemFree:         1106756 kB
MemAvailable:    1492756 kB
Buffers:           56084 kB
Cached:           440556 kB
MemTotal:        1844596 kB
MemFree:         1106628 kB
MemAvailable:    1492628 kB
Buffers:           56084 kB
Cached:           440556 kB
MemTotal:        1844596 kB
MemFree:         1106880 kB
MemAvailable:    1492880 kB
Buffers:           56084 kB
Cached:           440556 kB
MemTotal:        1844596 kB
MemFree:         1107324 kB
MemAvailable:    1493324 kB
Buffers:           56084 kB
Cached:           440556 kB
MemTotal:        1844596 kB
MemFree:         1107020 kB
MemAvailable:    1493104 kB
Buffers:           56084 kB
Cached:           440680 kB
MemTotal:        1844596 kB
MemFree:         1107276 kB
MemAvailable:    1493444 kB
Buffers:           56084 kB
Cached:           440804 kB
MemTotal:        1844596 kB
MemFree:         1107816 kB
MemAvailable:    1494152 kB
Buffers:           56084 kB
Cached:           440928 kB
MemTotal:        1844596 kB
MemFree:         1106656 kB
MemAvailable:    1493076 kB
Buffers:           56084 kB
Cached:           440928 kB
MemTotal:        1844596 kB
MemFree:         1107384 kB
MemAvailable:    1493972 kB
Buffers:           56084 kB
Cached:           441052 kB
MemTotal:        1844596 kB
MemFree:         1107400 kB
MemAvailable:    1493988 kB
Buffers:           56084 kB
Cached:           441052 kB
MemTotal:        1844596 kB
MemFree:         1107404 kB
MemAvailable:    1493992 kB
Buffers:           56084 kB
Cached:           441176 kB
MemTotal:        1844596 kB
MemFree:         1106224 kB
MemAvailable:    1492812 kB
Buffers:           56084 kB
Cached:           441176 kB
MemTotal:        1844596 kB
MemFree:         1107332 kB
MemAvailable:    1494004 kB
Buffers:           56084 kB
Cached:           441176 kB
MemTotal:        1844596 kB
MemFree:         1107584 kB
MemAvailable:    1494256 kB
Buffers:           56084 kB
Cached:           441176 kB
MemTotal:        1844596 kB
MemFree:         1107268 kB
MemAvailable:    1493940 kB
Buffers:           56084 kB
Cached:           441176 kB
MemTotal:        1844596 kB
MemFree:         1107412 kB
MemAvailable:    1494084 kB
Buffers:           56084 kB
Cached:           441176 kB
MemTotal:        1844596 kB
MemFree:         1107700 kB
MemAvailable:    1494372 kB
Buffers:           56084 kB
Cached:           441176 kB
MemTotal:        1844596 kB
MemFree:         1106808 kB
MemAvailable:    1492808 kB
Buffers:           56084 kB
Cached:           440544 kB
MemTotal:        1844596 kB
MemFree:         1172184 kB
MemAvailable:    1558184 kB
Buffers:           56084 kB
Cached:           440544 kB
MemTotal:        1844596 kB
MemFree:         1174068 kB
MemAvailable:    1560068 kB
Buffers:           56084 kB
Cached:           440544 kB
