MemTotal:        1844596 kB
MemFree:         1422624 kB
MemAvailable:    1589044 kB
Buffers:           26232 kB
Cached:           253636 kB
MemTotal:        1844596 kB
MemFree:         1395744 kB
MemAvailable:    1562168 kB
Buffers:           26232 kB
Cached:           253640 kB
MemTotal:        1844596 kB
MemFree:         1393832 kB
MemAvailable:    1560256 kB
Buffers:           26232 kB
Cached:           253640 kB
MemTotal:        1844596 kB
MemFree:         1392832 kB
MemAvailable:    1559256 kB
Buffers:           26232 kB
Cached:           253640 kB
MemTotal:        1844596 kB
MemFree:         1392724 kB
MemAvailable:    1559148 kB
Buffers:           26232 kB
Cached:           253640 kB
MemTotal:        1844596 kB
MemFree:         1391584 kB
MemAvailable:    1558008 kB
Buffers:           26232 kB
Cached:           253640 kB
MemTotal:        1844596 kB
MemFree:         1391352 kB
MemAvailable:    1557776 kB
Buffers:           26232 kB
Cached:           253640 kB
MemTotal:        1844596 kB
MemFree:         1389996 kB
MemAvailable:    1556420 kB
Buffers:           26232 kB
Cached:           253640 kB
MemTotal:        1844596 kB
MemFree:         1387392 kB
MemAvailable:    1553816 kB
Buffers:           26232 kB
Cached:           253640 kB
MemTotal:        1844596 kB
MemFree:         1385964 kB
MemAvailable:    1552388 kB
Buffers:           26232 kB
Cached:           253640 kB
MemTotal:        1844596 kB
MemFree:         1381192 kB
MemAvailable:    1547616 kB
Buffers:           26232 kB
Cached:           253640 kB
MemTotal:        1844596 kB
MemFree:         1379448 kB
MemAvailable:    1545872 kB
Buffers:           26232 kB
Cached:           253640 kB
MemTotal:        1844596 kB
MemFree:         1381744 kB
MemAvailable:    1548168 kB
Buffers:           26232 kB
Cached:           253640 kB
MemTotal:        1844596 kB
MemFree:         1380540 kB
MemAvailable:    1546964 kB
Buffers:           26232 kB
Cached:           253640 kB
MemTotal:        1844596 kB
MemFree:         1380276 kB
MemAvailable:    1546700 kB
Buffers:           26244 kB
Cached:           253628 kB
MemTotal:        1844596 kB
MemFree:         1381708 kB
MemAvailable:    1548132 kB
Buffers:           26244 kB
Cached:           253628 kB
MemTotal:        1844596 kB
MemFree:         1380524 kB
MemAvailable:    1546948 kB
Buffers:           26244 kB
Cached:           253628 kB
MemTotal:        1844596 kB
MemFree:         1379332 kB
MemAvailable:    1545756 kB
Buffers:           26244 kB
Cached:           253628 kB
MemTotal:        1844596 kB
MemFree:         1379440 kB
MemAvailable:    1545864 kB
Buffers:           26244 kB
Cached:           253628 kB
MemTotal:        1844596 kB
MemFree:         1378588 kB
MemAvailable:    1545012 kB
Buffers:           26244 kB
Cached:           253628 kB
MemTotal:        1844596 kB
MemFree:         1378052 kB
MemAvailable:    1544488 kB
Buffers:           26244 kB
Cached:           253640 kB
MemTotal:        1844596 kB
MemFree:         1379456 kB
MemAvailable:    1545892 kB
Buffers:           26244 kB
Cached:           253640 kB
MemTotal:        1844596 kB
MemFree:         1377916 kB
MemAvailable:    1544352 kB
Buffers:           26244 kB
Cached:           253640 kB
MemTotal:        1844596 kB
MemFree:         1379292 kB
MemAvailable:    1545728 kB
Buffers:           26244 kB
Cached:           253640 kB
MemTotal:        1844596 kB
MemFree:         1377792 kB
MemAvailable:    1544228 kB
Buffers:           26244 kB
Cached:           253640 kB
MemTotal:        1844596 kB
MemFree:         1379140 kB
MemAvailable:    1545576 kB
Buffers:           26244 kB
Cached:           253640 kB
MemTotal:        1844596 kB
MemFree:         1378844 kB
MemAvailable:    1545280 kB
Buffers:           26244 kB
Cached:           253640 kB
MemTotal:        1844596 kB
MemFree:         1380724 kB
MemAvailable:    1547160 kB
Buffers:           26244 kB
Cached:           253640 kB
MemTotal:        1844596 kB
MemFree:         1379712 kB
MemAvailable:    1546148 kB
Buffers:           26244 kB
Cached:           253640 kB
MemTotal:        1844596 kB
MemFree:         1379836 kB
MemAvailable:    1546272 kB
Buffers:           26244 kB
Cached:           253640 kB
MemTotal:        1844596 kB
MemFree:         1378224 kB
MemAvailable:    1544660 kB
Buffers:           26244 kB
Cached:           253640 kB
MemTotal:        1844596 kB
MemFree:         1377108 kB
MemAvailable:    1543544 kB
Buffers:           26244 kB
Cached:           253640 kB
MemTotal:        1844596 kB
MemFree:         1376720 kB
MemAvailable:    1543156 kB
Buffers:           26244 kB
Cached:           253640 kB
MemTotal:        1844596 kB
MemFree:         1376116 kB
MemAvailable:    1542552 kB
Buffers:           26244 kB
Cached:           253640 kB
MemTotal:        1844596 kB
MemFree:         1376240 kB
MemAvailable:    1542676 kB
Buffers:           26244 kB
Cached:           253640 kB
MemTotal:        1844596 kB
MemFree:         1375992 kB
MemAvailable:    1542428 kB
Buffers:           26244 kB
Cached:           253640 kB
MemTotal:        1844596 kB
MemFree:         1374124 kB
MemAvailable:    1540560 kB
Buffers:           26244 kB
Cached:           253640 kB
MemTotal:        1844596 kB
MemFree:         1375240 kB
MemAvailable:    1541676 kB
Buffers:           26244 kB
Cached:           253640 kB
MemTotal:        1844596 kB
MemFree:         1375008 kB
MemAvailable:    1541444 kB
Buffers:           26244 kB
Cached:           253640 kB
MemTotal:        1844596 kB
MemFree:         1374936 kB
MemAvailable:    1541372 kB
Buffers:           26244 kB
Cached:           253640 kB
MemTotal:        1844596 kB
MemFree:         1374936 kB
MemAvailable:    1541372 kB
Buffers:           26244 kB
Cached:           253640 kB
MemTotal:        1844596 kB
MemFree:         1375172 kB
MemAvailable:    1541608 kB
Buffers:           26244 kB
Cached:           253640 kB
MemTotal:        1844596 kB
MemFree:         1375168 kB
MemAvailable:    1541604 kB
Buffers:           26244 kB
Cached:           253640 kB
MemTotal:        1844596 kB
MemFree:         1374784 kB
MemAvailable:    1541220 kB
Buffers:           26244 kB
Cached:           253640 kB
MemTotal:        1844596 kB
MemFree:         1374744 kB
MemAvailable:    1541180 kB
Buffers:           26244 kB
Cached:           253640 kB
MemTotal:        1844596 kB
MemFree:         1374312 kB
MemAvailable:    1540748 kB
Buffers:           26244 kB
Cached:           253640 kB
MemTotal:        1844596 kB
MemFree:         1372876 kB
MemAvailable:    1539312 kB
Buffers:           26244 kB
Cached:           253640 kB
MemTotal:        1844596 kB
MemFree:         1372876 kB
MemAvailable:    1539312 kB
Buffers:           26244 kB
Cached:           253640 kB
MemTotal:        1844596 kB
MemFree:         1372876 kB
MemAvailable:    1539312 kB
Buffers:           26244 kB
Cached:           253640 kB
MemTotal:        1844596 kB
MemFree:         1373912 kB
MemAvailable:    1540348 kB
Buffers:           26244 kB
Cached:           253640 kB
MemTotal:        1844596 kB
MemFree:         1372952 kB
MemAvailable:    1539388 kB
Buffers:           26244 kB
Cached:           253640 kB
MemTotal:        1844596 kB
MemFree:         1374128 kB
MemAvailable:    1540564 kB
Buffers:           26244 kB
Cached:           253640 kB
MemTotal:        1844596 kB
MemFree:         1372820 kB
MemAvailable:    1539256 kB
Buffers:           26244 kB
Cached:           253640 kB
MemTotal:        1844596 kB
MemFree:         1374000 kB
MemAvailable:    1540436 kB
Buffers:           26244 kB
Cached:           253640 kB
MemTotal:        1844596 kB
MemFree:         1374004 kB
MemAvailable:    1540440 kB
Buffers:           26244 kB
Cached:           253640 kB
MemTotal:        1844596 kB
MemFree:         1372440 kB
MemAvailable:    1538876 kB
Buffers:           26244 kB
Cached:           253640 kB
MemTotal:        1844596 kB
MemFree:         1373556 kB
MemAvailable:    1539992 kB
Buffers:           26244 kB
Cached:           253640 kB
MemTotal:        1844596 kB
MemFree:         1373616 kB
MemAvailable:    1540052 kB
Buffers:           26244 kB
Cached:           253640 kB
MemTotal:        1844596 kB
MemFree:         1372148 kB
MemAvailable:    1538584 kB
Buffers:           26244 kB
Cached:           253640 kB
MemTotal:        1844596 kB
MemFree:         1372984 kB
MemAvailable:    1539420 kB
Buffers:           26244 kB
Cached:           253640 kB
MemTotal:        1844596 kB
MemFree:         1373068 kB
MemAvailable:    1539504 kB
Buffers:           26244 kB
Cached:           253640 kB
MemTotal:        1844596 kB
MemFree:         1373180 kB
MemAvailable:    1539616 kB
Buffers:           26244 kB
Cached:           253640 kB
MemTotal:        1844596 kB
MemFree:         1372272 kB
MemAvailable:    1538708 kB
Buffers:           26244 kB
Cached:           253640 kB
MemTotal:        1844596 kB
MemFree:         1372272 kB
MemAvailable:    1538716 kB
Buffers:           26244 kB
Cached:           253648 kB
MemTotal:        1844596 kB
MemFree:         1373248 kB
MemAvailable:    1539692 kB
Buffers:           26244 kB
Cached:           253648 kB
MemTotal:        1844596 kB
MemFree:         1372768 kB
MemAvailable:    1539212 kB
Buffers:           26244 kB
Cached:           253648 kB
MemTotal:        1844596 kB
MemFree:         1373188 kB
MemAvailable:    1539632 kB
Buffers:           26244 kB
Cached:           253648 kB
MemTotal:        1844596 kB
MemFree:         1372272 kB
MemAvailable:    1538716 kB
Buffers:           26244 kB
Cached:           253648 kB
MemTotal:        1844596 kB
MemFree:         1373512 kB
MemAvailable:    1539956 kB
Buffers:           26244 kB
Cached:           253648 kB
MemTotal:        1844596 kB
MemFree:         1371836 kB
MemAvailable:    1538280 kB
Buffers:           26244 kB
Cached:           253648 kB
MemTotal:        1844596 kB
MemFree:         1369420 kB
MemAvailable:    1535864 kB
Buffers:           26244 kB
Cached:           253648 kB
MemTotal:        1844596 kB
MemFree:         1368224 kB
MemAvailable:    1534668 kB
Buffers:           26244 kB
Cached:           253648 kB
MemTotal:        1844596 kB
MemFree:         1365760 kB
MemAvailable:    1532204 kB
Buffers:           26244 kB
Cached:           253648 kB
MemTotal:        1844596 kB
MemFree:         1365260 kB
MemAvailable:    1531704 kB
Buffers:           26244 kB
Cached:           253648 kB
MemTotal:        1844596 kB
MemFree:         1364652 kB
MemAvailable:    1531096 kB
Buffers:           26244 kB
Cached:           253648 kB
MemTotal:        1844596 kB
MemFree:         1365320 kB
MemAvailable:    1531764 kB
Buffers:           26244 kB
Cached:           253648 kB
MemTotal:        1844596 kB
MemFree:         1365244 kB
MemAvailable:    1531688 kB
Buffers:           26244 kB
Cached:           253648 kB
MemTotal:        1844596 kB
MemFree:         1365204 kB
MemAvailable:    1531648 kB
Buffers:           26244 kB
Cached:           253648 kB
MemTotal:        1844596 kB
MemFree:         1363948 kB
MemAvailable:    1530392 kB
Buffers:           26244 kB
Cached:           253648 kB
MemTotal:        1844596 kB
MemFree:         1363948 kB
MemAvailable:    1530392 kB
Buffers:           26244 kB
Cached:           253648 kB
MemTotal:        1844596 kB
MemFree:         1365064 kB
MemAvailable:    1531508 kB
Buffers:           26244 kB
Cached:           253648 kB
MemTotal:        1844596 kB
MemFree:         1364068 kB
MemAvailable:    1530512 kB
Buffers:           26244 kB
Cached:           253648 kB
MemTotal:        1844596 kB
MemFree:         1363812 kB
MemAvailable:    1530256 kB
Buffers:           26244 kB
Cached:           253648 kB
MemTotal:        1844596 kB
MemFree:         1363936 kB
MemAvailable:    1530380 kB
Buffers:           26244 kB
Cached:           253648 kB
MemTotal:        1844596 kB
MemFree:         1365056 kB
MemAvailable:    1531500 kB
Buffers:           26244 kB
Cached:           253648 kB
MemTotal:        1844596 kB
MemFree:         1363888 kB
MemAvailable:    1530332 kB
Buffers:           26244 kB
Cached:           253648 kB
MemTotal:        1844596 kB
MemFree:         1363888 kB
MemAvailable:    1530332 kB
Buffers:           26244 kB
Cached:           253648 kB
MemTotal:        1844596 kB
MemFree:         1364644 kB
MemAvailable:    1531088 kB
Buffers:           26244 kB
Cached:           253648 kB
MemTotal:        1844596 kB
MemFree:         1363468 kB
MemAvailable:    1529912 kB
Buffers:           26244 kB
Cached:           253648 kB
MemTotal:        1844596 kB
MemFree:         1362964 kB
MemAvailable:    1529408 kB
Buffers:           26244 kB
Cached:           253648 kB
MemTotal:        1844596 kB
MemFree:         1363716 kB
MemAvailable:    1530164 kB
Buffers:           26244 kB
Cached:           253652 kB
MemTotal:        1844596 kB
MemFree:         1363320 kB
MemAvailable:    1529768 kB
Buffers:           26244 kB
Cached:           253652 kB
MemTotal:        1844596 kB
MemFree:         1363344 kB
MemAvailable:    1529792 kB
Buffers:           26244 kB
Cached:           253652 kB
MemTotal:        1844596 kB
MemFree:         1362460 kB
MemAvailable:    1528908 kB
Buffers:           26244 kB
Cached:           253652 kB
MemTotal:        1844596 kB
MemFree:         1362460 kB
MemAvailable:    1528908 kB
Buffers:           26244 kB
Cached:           253652 kB
MemTotal:        1844596 kB
MemFree:         1362232 kB
MemAvailable:    1528680 kB
Buffers:           26244 kB
Cached:           253652 kB
MemTotal:        1844596 kB
MemFree:         1362376 kB
MemAvailable:    1528824 kB
Buffers:           26244 kB
Cached:           253652 kB
MemTotal:        1844596 kB
MemFree:         1362096 kB
MemAvailable:    1528544 kB
Buffers:           26244 kB
Cached:           253652 kB
MemTotal:        1844596 kB
MemFree:         1361840 kB
MemAvailable:    1528288 kB
Buffers:           26244 kB
Cached:           253652 kB
MemTotal:        1844596 kB
MemFree:         1360096 kB
MemAvailable:    1526544 kB
Buffers:           26244 kB
Cached:           253652 kB
MemTotal:        1844596 kB
MemFree:         1361456 kB
MemAvailable:    1527904 kB
Buffers:           26244 kB
Cached:           253652 kB
MemTotal:        1844596 kB
MemFree:         1360084 kB
MemAvailable:    1526532 kB
Buffers:           26244 kB
Cached:           253652 kB
MemTotal:        1844596 kB
MemFree:         1360072 kB
MemAvailable:    1526520 kB
Buffers:           26244 kB
Cached:           253652 kB
MemTotal:        1844596 kB
MemFree:         1361420 kB
MemAvailable:    1527868 kB
Buffers:           26244 kB
Cached:           253652 kB
MemTotal:        1844596 kB
MemFree:         1360244 kB
MemAvailable:    1526692 kB
Buffers:           26244 kB
Cached:           253652 kB
MemTotal:        1844596 kB
MemFree:         1361180 kB
MemAvailable:    1527628 kB
Buffers:           26244 kB
Cached:           253652 kB
MemTotal:        1844596 kB
MemFree:         1361112 kB
MemAvailable:    1527560 kB
Buffers:           26244 kB
Cached:           253652 kB
MemTotal:        1844596 kB
MemFree:         1361408 kB
MemAvailable:    1527856 kB
Buffers:           26244 kB
Cached:           253652 kB
MemTotal:        1844596 kB
MemFree:         1361048 kB
MemAvailable:    1527496 kB
Buffers:           26244 kB
Cached:           253652 kB
MemTotal:        1844596 kB
MemFree:         1360792 kB
MemAvailable:    1527240 kB
Buffers:           26244 kB
Cached:           253652 kB
MemTotal:        1844596 kB
MemFree:         1359484 kB
MemAvailable:    1525932 kB
Buffers:           26244 kB
Cached:           253652 kB
MemTotal:        1844596 kB
MemFree:         1355656 kB
MemAvailable:    1522104 kB
Buffers:           26244 kB
Cached:           253652 kB
MemTotal:        1844596 kB
MemFree:         1352300 kB
MemAvailable:    1518748 kB
Buffers:           26244 kB
Cached:           253652 kB
MemTotal:        1844596 kB
MemFree:         1353400 kB
MemAvailable:    1519848 kB
Buffers:           26244 kB
Cached:           253652 kB
MemTotal:        1844596 kB
MemFree:         1353400 kB
MemAvailable:    1519848 kB
Buffers:           26244 kB
Cached:           253652 kB
MemTotal:        1844596 kB
MemFree:         1353356 kB
MemAvailable:    1519804 kB
Buffers:           26244 kB
Cached:           253652 kB
MemTotal:        1844596 kB
MemFree:         1351864 kB
MemAvailable:    1518312 kB
Buffers:           26244 kB
Cached:           253652 kB
MemTotal:        1844596 kB
MemFree:         1355452 kB
MemAvailable:    1521900 kB
Buffers:           26244 kB
Cached:           253652 kB
MemTotal:        1844596 kB
MemFree:         1354252 kB
MemAvailable:    1520700 kB
Buffers:           26244 kB
Cached:           253652 kB
MemTotal:        1844596 kB
MemFree:         1353796 kB
MemAvailable:    1520328 kB
Buffers:           26244 kB
Cached:           253776 kB
MemTotal:        1844596 kB
MemFree:         1354832 kB
MemAvailable:    1521448 kB
Buffers:           26244 kB
Cached:           253776 kB
MemTotal:        1844596 kB
MemFree:         1353548 kB
MemAvailable:    1520248 kB
Buffers:           26244 kB
Cached:           253900 kB
MemTotal:        1844596 kB
MemFree:         1354360 kB
MemAvailable:    1521144 kB
Buffers:           26244 kB
Cached:           254024 kB
MemTotal:        1844596 kB
MemFree:         1354288 kB
MemAvailable:    1521156 kB
Buffers:           26244 kB
Cached:           254148 kB
MemTotal:        1844596 kB
MemFree:         1354288 kB
MemAvailable:    1521324 kB
Buffers:           26244 kB
Cached:           254272 kB
MemTotal:        1844596 kB
MemFree:         1354124 kB
MemAvailable:    1521160 kB
Buffers:           26244 kB
Cached:           254272 kB
MemTotal:        1844596 kB
MemFree:         1353880 kB
MemAvailable:    1520916 kB
Buffers:           26244 kB
Cached:           254272 kB
MemTotal:        1844596 kB
MemFree:         1352884 kB
MemAvailable:    1519920 kB
Buffers:           26244 kB
Cached:           254272 kB
MemTotal:        1844596 kB
MemFree:         1354124 kB
MemAvailable:    1521160 kB
Buffers:           26244 kB
Cached:           254272 kB
MemTotal:        1844596 kB
MemFree:         1354124 kB
MemAvailable:    1521160 kB
Buffers:           26244 kB
Cached:           254272 kB
MemTotal:        1844596 kB
MemFree:         1354308 kB
MemAvailable:    1521344 kB
Buffers:           26244 kB
Cached:           254272 kB
MemTotal:        1844596 kB
MemFree:         1354560 kB
MemAvailable:    1521008 kB
Buffers:           26244 kB
Cached:           253640 kB
MemTotal:        1844596 kB
MemFree:         1354560 kB
MemAvailable:    1521092 kB
Buffers:           26244 kB
Cached:           253640 kB
MemTotal:        1844596 kB
MemFree:         1417472 kB
MemAvailable:    1583920 kB
Buffers:           26244 kB
Cached:           253640 kB
