MemTotal:        1844596 kB
MemFree:         1152932 kB
MemAvailable:    1560972 kB
Buffers:           58384 kB
Cached:           458580 kB
MemTotal:        1844596 kB
MemFree:         1124660 kB
MemAvailable:    1532708 kB
Buffers:           58384 kB
Cached:           458584 kB
MemTotal:        1844596 kB
MemFree:         1124156 kB
MemAvailable:    1532204 kB
Buffers:           58384 kB
Cached:           458584 kB
MemTotal:        1844596 kB
MemFree:         1121924 kB
MemAvailable:    1529972 kB
Buffers:           58384 kB
Cached:           458584 kB
MemTotal:        1844596 kB
MemFree:         1120568 kB
MemAvailable:    1528616 kB
Buffers:           58384 kB
Cached:           458584 kB
MemTotal:        1844596 kB
MemFree:         1122016 kB
MemAvailable:    1530064 kB
Buffers:           58384 kB
Cached:           458584 kB
MemTotal:        1844596 kB
MemFree:         1120504 kB
MemAvailable:    1528552 kB
Buffers:           58384 kB
Cached:           458584 kB
MemTotal:        1844596 kB
MemFree:         1117924 kB
MemAvailable:    1525972 kB
Buffers:           58384 kB
Cached:           458584 kB
MemTotal:        1844596 kB
MemFree:         1114808 kB
MemAvailable:    1522856 kB
Buffers:           58384 kB
Cached:           458584 kB
MemTotal:        1844596 kB
MemFree:         1114120 kB
MemAvailable:    1522168 kB
Buffers:           58384 kB
Cached:           458584 kB
MemTotal:        1844596 kB
MemFree:         1111680 kB
MemAvailable:    1519728 kB
Buffers:           58384 kB
Cached:           458584 kB
MemTotal:        1844596 kB
MemFree:         1112016 kB
MemAvailable:    1520064 kB
Buffers:           58384 kB
Cached:           458584 kB
MemTotal:        1844596 kB
MemFree:         1112116 kB
MemAvailable:    1520164 kB
Buffers:           58384 kB
Cached:           458584 kB
MemTotal:        1844596 kB
MemFree:         1112260 kB
MemAvailable:    1520308 kB
Buffers:           58384 kB
Cached:           458584 kB
MemTotal:        1844596 kB
MemFree:         1110764 kB
MemAvailable:    1518812 kB
Buffers:           58384 kB
Cached:           458584 kB
MemTotal:        1844596 kB
MemFree:         1112072 kB
MemAvailable:    1520120 kB
Buffers:           58384 kB
Cached:           458584 kB
MemTotal:        1844596 kB
MemFree:         1110648 kB
MemAvailable:    1518696 kB
Buffers:           58384 kB
Cached:           458584 kB
MemTotal:        1844596 kB
MemFree:         1109160 kB
MemAvailable:    1517208 kB
Buffers:           58384 kB
Cached:           458584 kB
MemTotal:        1844596 kB
MemFree:         1108780 kB
MemAvailable:    1516828 kB
Buffers:           58384 kB
Cached:           458584 kB
MemTotal:        1844596 kB
MemFree:         1108904 kB
MemAvailable:    1516952 kB
Buffers:           58384 kB
Cached:           458584 kB
MemTotal:        1844596 kB
MemFree:         1109640 kB
MemAvailable:    1517688 kB
Buffers:           58384 kB
Cached:           458584 kB
MemTotal:        1844596 kB
MemFree:         1108912 kB
MemAvailable:    1516960 kB
Buffers:           58384 kB
Cached:           458584 kB
MemTotal:        1844596 kB
MemFree:         1109380 kB
MemAvailable:    1517428 kB
Buffers:           58384 kB
Cached:           458584 kB
MemTotal:        1844596 kB
MemFree:         1109716 kB
MemAvailable:    1517764 kB
Buffers:           58384 kB
Cached:           458584 kB
MemTotal:        1844596 kB
MemFree:         1108224 kB
MemAvailable:    1516272 kB
Buffers:           58384 kB
Cached:           458584 kB
MemTotal:        1844596 kB
MemFree:         1109524 kB
MemAvailable:    1517572 kB
Buffers:           58384 kB
Cached:           458584 kB
MemTotal:        1844596 kB
MemFree:         1109656 kB
MemAvailable:    1517704 kB
Buffers:           58384 kB
Cached:           458584 kB
MemTotal:        1844596 kB
MemFree:         1109036 kB
MemAvailable:    1517084 kB
Buffers:           58384 kB
Cached:           458584 kB
MemTotal:        1844596 kB
MemFree:         1107284 kB
MemAvailable:    1515332 kB
Buffers:           58384 kB
Cached:           458584 kB
MemTotal:        1844596 kB
MemFree:         1106928 kB
MemAvailable:    1514976 kB
Buffers:           58384 kB
Cached:           458584 kB
MemTotal:        1844596 kB
MemFree:         1106664 kB
MemAvailable:    1514712 kB
Buffers:           58384 kB
Cached:           458584 kB
MemTotal:        1844596 kB
MemFree:         1106184 kB
MemAvailable:    1514232 kB
Buffers:           58384 kB
Cached:           458584 kB
MemTotal:        1844596 kB
MemFree:         1106228 kB
MemAvailable:    1514276 kB
Buffers:           58384 kB
Cached:           458584 kB
MemTotal:        1844596 kB
MemFree:         1104448 kB
MemAvailable:    1512496 kB
Buffers:           58384 kB
Cached:           458584 kB
MemTotal:        1844596 kB
MemFree:         1105500 kB
MemAvailable:    1513548 kB
Buffers:           58384 kB
Cached:           458584 kB
MemTotal:        1844596 kB
MemFree:         1105308 kB
MemAvailable:    1513356 kB
Buffers:           58384 kB
Cached:           458584 kB
MemTotal:        1844596 kB
MemFree:         1104192 kB
MemAvailable:    1512240 kB
Buffers:           58384 kB
Cached:           458584 kB
MemTotal:        1844596 kB
MemFree:         1105368 kB
MemAvailable:    1513416 kB
Buffers:           58384 kB
Cached:           458584 kB
MemTotal:        1844596 kB
MemFree:         1104020 kB
MemAvailable:    1512068 kB
Buffers:           58384 kB
Cached:           458584 kB
MemTotal:        1844596 kB
MemFree:         1103704 kB
MemAvailable:    1511752 kB
Buffers:           58384 kB
Cached:           458584 kB
MemTotal:        1844596 kB
MemFree:         1103292 kB
MemAvailable:    1511340 kB
Buffers:           58384 kB
Cached:           458584 kB
MemTotal:        1844596 kB
MemFree:         1104448 kB
MemAvailable:    1512496 kB
Buffers:           58384 kB
Cached:           458584 kB
MemTotal:        1844596 kB
MemFree:         1103076 kB
MemAvailable:    1511124 kB
Buffers:           58384 kB
Cached:           458584 kB
MemTotal:        1844596 kB
MemFree:         1104556 kB
MemAvailable:    1512604 kB
Buffers:           58384 kB
Cached:           458584 kB
MemTotal:        1844596 kB
MemFree:         1103068 kB
MemAvailable:    1511116 kB
Buffers:           58384 kB
Cached:           458584 kB
MemTotal:        1844596 kB
MemFree:         1103168 kB
MemAvailable:    1511216 kB
Buffers:           58384 kB
Cached:           458584 kB
MemTotal:        1844596 kB
MemFree:         1104376 kB
MemAvailable:    1512424 kB
Buffers:           58384 kB
Cached:           458584 kB
MemTotal:        1844596 kB
MemFree:         1104440 kB
MemAvailable:    1512488 kB
Buffers:           58384 kB
Cached:           458584 kB
MemTotal:        1844596 kB
MemFree:         1103084 kB
MemAvailable:    1511132 kB
Buffers:           58384 kB
Cached:           458584 kB
MemTotal:        1844596 kB
MemFree:         1104552 kB
MemAvailable:    1512600 kB
Buffers:           58384 kB
Cached:           458584 kB
MemTotal:        1844596 kB
MemFree:         1103028 kB
MemAvailable:    1511076 kB
Buffers:           58384 kB
Cached:           458584 kB
MemTotal:        1844596 kB
MemFree:         1102828 kB
MemAvailable:    1510876 kB
Buffers:           58384 kB
Cached:           458584 kB
MemTotal:        1844596 kB
MemFree:         1102704 kB
MemAvailable:    1510752 kB
Buffers:           58384 kB
Cached:           458584 kB
MemTotal:        1844596 kB
MemFree:         1102456 kB
MemAvailable:    1510504 kB
Buffers:           58384 kB
Cached:           458584 kB
MemTotal:        1844596 kB
MemFree:         1102340 kB
MemAvailable:    1510392 kB
Buffers:           58384 kB
Cached:           458588 kB
MemTotal:        1844596 kB
MemFree:         1102216 kB
MemAvailable:    1510268 kB
Buffers:           58384 kB
Cached:           458588 kB
MemTotal:        1844596 kB
MemFree:         1102208 kB
MemAvailable:    1510260 kB
Buffers:           58384 kB
Cached:           458588 kB
MemTotal:        1844596 kB
MemFree:         1102208 kB
MemAvailable:    1510260 kB
Buffers:           58384 kB
Cached:           458588 kB
MemTotal:        1844596 kB
MemFree:         1103440 kB
MemAvailable:    1511492 kB
Buffers:           58384 kB
Cached:           458588 kB
MemTotal:        1844596 kB
MemFree:         1103692 kB
MemAvailable:    1511744 kB
Buffers:           58384 kB
Cached:           458588 kB
MemTotal:        1844596 kB
MemFree:         1102280 kB
MemAvailable:    1510332 kB
Buffers:           58384 kB
Cached:           458588 kB
MemTotal:        1844596 kB
MemFree:         1103300 kB
MemAvailable:    1511352 kB
Buffers:           58384 kB
Cached:           458588 kB
MemTotal:        1844596 kB
MemFree:         1102960 kB
MemAvailable:    1511012 kB
Buffers:           58384 kB
Cached:           458588 kB
MemTotal:        1844596 kB
MemFree:         1101828 kB
MemAvailable:    1509880 kB
Buffers:           58384 kB
Cached:           458588 kB
MemTotal:        1844596 kB
MemFree:         1101596 kB
MemAvailable:    1509648 kB
Buffers:           58384 kB
Cached:           458588 kB
MemTotal:        1844596 kB
MemFree:         1098868 kB
MemAvailable:    1506920 kB
Buffers:           58384 kB
Cached:           458588 kB
MemTotal:        1844596 kB
MemFree:         1095760 kB
MemAvailable:    1503812 kB
Buffers:           58384 kB
Cached:           458588 kB
MemTotal:        1844596 kB
MemFree:         1096112 kB
MemAvailable:    1504164 kB
Buffers:           58384 kB
Cached:           458588 kB
MemTotal:        1844596 kB
MemFree:         1094636 kB
MemAvailable:    1502688 kB
Buffers:           58384 kB
Cached:           458588 kB
MemTotal:        1844596 kB
MemFree:         1095636 kB
MemAvailable:    1503688 kB
Buffers:           58384 kB
Cached:           458588 kB
MemTotal:        1844596 kB
MemFree:         1094396 kB
MemAvailable:    1502448 kB
Buffers:           58384 kB
Cached:           458588 kB
MemTotal:        1844596 kB
MemFree:         1095596 kB
MemAvailable:    1503648 kB
Buffers:           58384 kB
Cached:           458588 kB
MemTotal:        1844596 kB
MemFree:         1095444 kB
MemAvailable:    1503496 kB
Buffers:           58384 kB
Cached:           458588 kB
MemTotal:        1844596 kB
MemFree:         1094220 kB
MemAvailable:    1502272 kB
Buffers:           58384 kB
Cached:           458588 kB
MemTotal:        1844596 kB
MemFree:         1095456 kB
MemAvailable:    1503508 kB
Buffers:           58384 kB
Cached:           458588 kB
MemTotal:        1844596 kB
MemFree:         1094404 kB
MemAvailable:    1502456 kB
Buffers:           58384 kB
Cached:           458588 kB
MemTotal:        1844596 kB
MemFree:         1095624 kB
MemAvailable:    1503676 kB
Buffers:           58384 kB
Cached:           458588 kB
MemTotal:        1844596 kB
MemFree:         1093984 kB
MemAvailable:    1502036 kB
Buffers:           58384 kB
Cached:           458588 kB
MemTotal:        1844596 kB
MemFree:         1095396 kB
MemAvailable:    1503448 kB
Buffers:           58384 kB
Cached:           458588 kB
MemTotal:        1844596 kB
MemFree:         1094108 kB
MemAvailable:    1502160 kB
Buffers:           58384 kB
Cached:           458588 kB
MemTotal:        1844596 kB
MemFree:         1094100 kB
MemAvailable:    1502152 kB
Buffers:           58384 kB
Cached:           458588 kB
MemTotal:        1844596 kB
MemFree:         1094348 kB
MemAvailable:    1502400 kB
Buffers:           58384 kB
Cached:           458588 kB
MemTotal:        1844596 kB
MemFree:         1093776 kB
MemAvailable:    1501828 kB
Buffers:           58384 kB
Cached:           458588 kB
MemTotal:        1844596 kB
MemFree:         1094340 kB
MemAvailable:    1502392 kB
Buffers:           58384 kB
Cached:           458588 kB
MemTotal:        1844596 kB
MemFree:         1092916 kB
MemAvailable:    1500968 kB
Buffers:           58384 kB
Cached:           458588 kB
MemTotal:        1844596 kB
MemFree:         1093640 kB
MemAvailable:    1501692 kB
Buffers:           58384 kB
Cached:           458588 kB
MemTotal:        1844596 kB
MemFree:         1093892 kB
MemAvailable:    1501944 kB
Buffers:           58384 kB
Cached:           458588 kB
MemTotal:        1844596 kB
MemFree:         1091792 kB
MemAvailable:    1499844 kB
Buffers:           58384 kB
Cached:           458588 kB
MemTotal:        1844596 kB
MemFree:         1091668 kB
MemAvailable:    1499720 kB
Buffers:           58384 kB
Cached:           458588 kB
MemTotal:        1844596 kB
MemFree:         1090800 kB
MemAvailable:    1498852 kB
Buffers:           58384 kB
Cached:           458588 kB
MemTotal:        1844596 kB
MemFree:         1090800 kB
MemAvailable:    1498852 kB
Buffers:           58384 kB
Cached:           458588 kB
MemTotal:        1844596 kB
MemFree:         1091844 kB
MemAvailable:    1499896 kB
Buffers:           58384 kB
Cached:           458588 kB
MemTotal:        1844596 kB
MemFree:         1091976 kB
MemAvailable:    1500028 kB
Buffers:           58384 kB
Cached:           458588 kB
MemTotal:        1844596 kB
MemFree:         1091800 kB
MemAvailable:    1499852 kB
Buffers:           58384 kB
Cached:           458588 kB
MemTotal:        1844596 kB
MemFree:         1091744 kB
MemAvailable:    1499796 kB
Buffers:           58384 kB
Cached:           458588 kB
MemTotal:        1844596 kB
MemFree:         1090292 kB
MemAvailable:    1498344 kB
Buffers:           58384 kB
Cached:           458588 kB
MemTotal:        1844596 kB
MemFree:         1090412 kB
MemAvailable:    1498464 kB
Buffers:           58384 kB
Cached:           458588 kB
MemTotal:        1844596 kB
MemFree:         1091540 kB
MemAvailable:    1499592 kB
Buffers:           58384 kB
Cached:           458588 kB
MemTotal:        1844596 kB
MemFree:         1090684 kB
MemAvailable:    1498736 kB
Buffers:           58384 kB
Cached:           458588 kB
MemTotal:        1844596 kB
MemFree:         1091536 kB
MemAvailable:    1499592 kB
Buffers:           58384 kB
Cached:           458592 kB
MemTotal:        1844596 kB
MemFree:         1091788 kB
MemAvailable:    1499844 kB
Buffers:           58384 kB
Cached:           458592 kB
MemTotal:        1844596 kB
MemFree:         1091040 kB
MemAvailable:    1499096 kB
Buffers:           58384 kB
Cached:           458592 kB
MemTotal:        1844596 kB
MemFree:         1091376 kB
MemAvailable:    1499432 kB
Buffers:           58384 kB
Cached:           458592 kB
MemTotal:        1844596 kB
MemFree:         1083848 kB
MemAvailable:    1491904 kB
Buffers:           58384 kB
Cached:           458592 kB
MemTotal:        1844596 kB
MemFree:         1082616 kB
MemAvailable:    1490672 kB
Buffers:           58384 kB
Cached:           458592 kB
MemTotal:        1844596 kB
MemFree:         1082616 kB
MemAvailable:    1490672 kB
Buffers:           58384 kB
Cached:           458592 kB
MemTotal:        1844596 kB
MemFree:         1083592 kB
MemAvailable:    1491648 kB
Buffers:           58384 kB
Cached:           458592 kB
MemTotal:        1844596 kB
MemFree:         1083492 kB
MemAvailable:    1491548 kB
Buffers:           58384 kB
Cached:           458592 kB
MemTotal:        1844596 kB
MemFree:         1083588 kB
MemAvailable:    1491644 kB
Buffers:           58384 kB
Cached:           458592 kB
MemTotal:        1844596 kB
MemFree:         1083924 kB
MemAvailable:    1491980 kB
Buffers:           58384 kB
Cached:           458592 kB
MemTotal:        1844596 kB
MemFree:         1084360 kB
MemAvailable:    1492416 kB
Buffers:           58384 kB
Cached:           458592 kB
MemTotal:        1844596 kB
MemFree:         1085080 kB
MemAvailable:    1493220 kB
Buffers:           58384 kB
Cached:           458716 kB
MemTotal:        1844596 kB
MemFree:         1084856 kB
MemAvailable:    1492996 kB
Buffers:           58384 kB
Cached:           458716 kB
MemTotal:        1844596 kB
MemFree:         1083552 kB
MemAvailable:    1491776 kB
Buffers:           58384 kB
Cached:           458840 kB
MemTotal:        1844596 kB
MemFree:         1084660 kB
MemAvailable:    1493136 kB
Buffers:           58384 kB
Cached:           459088 kB
MemTotal:        1844596 kB
MemFree:         1084660 kB
MemAvailable:    1493136 kB
Buffers:           58384 kB
Cached:           459088 kB
MemTotal:        1844596 kB
MemFree:         1084428 kB
MemAvailable:    1493072 kB
Buffers:           58384 kB
Cached:           459212 kB
MemTotal:        1844596 kB
MemFree:         1084524 kB
MemAvailable:    1493252 kB
Buffers:           58384 kB
Cached:           459336 kB
MemTotal:        1844596 kB
MemFree:         1083092 kB
MemAvailable:    1491820 kB
Buffers:           58384 kB
Cached:           459336 kB
MemTotal:        1844596 kB
MemFree:         1084220 kB
MemAvailable:    1492984 kB
Buffers:           58384 kB
Cached:           459336 kB
MemTotal:        1844596 kB
MemFree:         1084472 kB
MemAvailable:    1493236 kB
Buffers:           58384 kB
Cached:           459336 kB
MemTotal:        1844596 kB
MemFree:         1084388 kB
MemAvailable:    1493172 kB
Buffers:           58384 kB
Cached:           459320 kB
MemTotal:        1844596 kB
MemFree:         1084556 kB
MemAvailable:    1493340 kB
Buffers:           58384 kB
Cached:           459320 kB
MemTotal:        1844596 kB
MemFree:         1083100 kB
MemAvailable:    1491884 kB
Buffers:           58384 kB
Cached:           459320 kB
MemTotal:        1844596 kB
MemFree:         1084408 kB
MemAvailable:    1493192 kB
Buffers:           58384 kB
Cached:           459444 kB
MemTotal:        1844596 kB
MemFree:         1083740 kB
MemAvailable:    1491852 kB
Buffers:           58384 kB
Cached:           458604 kB
MemTotal:        1844596 kB
MemFree:         1151636 kB
MemAvailable:    1559748 kB
Buffers:           58384 kB
Cached:           458604 kB
