MemTotal:        1844596 kB
MemFree:         1409176 kB
MemAvailable:    1586320 kB
Buffers:           27852 kB
Cached:           264228 kB
MemTotal:        1844596 kB
MemFree:         1380540 kB
MemAvailable:    1557692 kB
Buffers:           27852 kB
Cached:           264236 kB
MemTotal:        1844596 kB
MemFree:         1380004 kB
MemAvailable:    1557156 kB
Buffers:           27852 kB
Cached:           264236 kB
MemTotal:        1844596 kB
MemFree:         1378688 kB
MemAvailable:    1555840 kB
Buffers:           27852 kB
Cached:           264236 kB
MemTotal:        1844596 kB
MemFree:         1378408 kB
MemAvailable:    1555560 kB
Buffers:           27852 kB
Cached:           264236 kB
MemTotal:        1844596 kB
MemFree:         1377076 kB
MemAvailable:    1554228 kB
Buffers:           27852 kB
Cached:           264236 kB
MemTotal:        1844596 kB
MemFree:         1377640 kB
MemAvailable:    1554792 kB
Buffers:           27852 kB
Cached:           264236 kB
MemTotal:        1844596 kB
MemFree:         1375648 kB
MemAvailable:    1552800 kB
Buffers:           27852 kB
Cached:           264236 kB
MemTotal:        1844596 kB
MemFree:         1372248 kB
MemAvailable:    1549400 kB
Buffers:           27852 kB
Cached:           264236 kB
MemTotal:        1844596 kB
MemFree:         1370140 kB
MemAvailable:    1547292 kB
Buffers:           27852 kB
Cached:           264236 kB
MemTotal:        1844596 kB
MemFree:         1366040 kB
MemAvailable:    1543192 kB
Buffers:           27852 kB
Cached:           264236 kB
MemTotal:        1844596 kB
MemFree:         1368240 kB
MemAvailable:    1545392 kB
Buffers:           27852 kB
Cached:           264236 kB
MemTotal:        1844596 kB
MemFree:         1367784 kB
MemAvailable:    1544936 kB
Buffers:           27852 kB
Cached:           264236 kB
MemTotal:        1844596 kB
MemFree:         1367152 kB
MemAvailable:    1544304 kB
Buffers:           27852 kB
Cached:           264236 kB
MemTotal:        1844596 kB
MemFree:         1368272 kB
MemAvailable:    1545424 kB
Buffers:           27852 kB
Cached:           264236 kB
MemTotal:        1844596 kB
MemFree:         1367164 kB
MemAvailable:    1544316 kB
Buffers:           27852 kB
Cached:           264236 kB
MemTotal:        1844596 kB
MemFree:         1367636 kB
MemAvailable:    1544788 kB
Buffers:           27852 kB
Cached:           264236 kB
MemTotal:        1844596 kB
MemFree:         1367848 kB
MemAvailable:    1545000 kB
Buffers:           27852 kB
Cached:           264236 kB
MemTotal:        1844596 kB
MemFree:         1365420 kB
MemAvailable:    1542572 kB
Buffers:           27852 kB
Cached:           264236 kB
MemTotal:        1844596 kB
MemFree:         1365056 kB
MemAvailable:    1542208 kB
Buffers:           27852 kB
Cached:           264236 kB
MemTotal:        1844596 kB
MemFree:         1365668 kB
MemAvailable:    1542820 kB
Buffers:           27852 kB
Cached:           264236 kB
MemTotal:        1844596 kB
MemFree:         1365840 kB
MemAvailable:    1542992 kB
Buffers:           27852 kB
Cached:           264236 kB
MemTotal:        1844596 kB
MemFree:         1365856 kB
MemAvailable:    1543008 kB
Buffers:           27852 kB
Cached:           264236 kB
MemTotal:        1844596 kB
MemFree:         1365924 kB
MemAvailable:    1543076 kB
Buffers:           27852 kB
Cached:           264236 kB
MemTotal:        1844596 kB
MemFree:         1365860 kB
MemAvailable:    1543012 kB
Buffers:           27852 kB
Cached:           264236 kB
MemTotal:        1844596 kB
MemFree:         1364552 kB
MemAvailable:    1541704 kB
Buffers:           27852 kB
Cached:           264236 kB
MemTotal:        1844596 kB
MemFree:         1367156 kB
MemAvailable:    1544308 kB
Buffers:           27852 kB
Cached:           264236 kB
MemTotal:        1844596 kB
MemFree:         1365972 kB
MemAvailable:    1543124 kB
Buffers:           27852 kB
Cached:           264236 kB
MemTotal:        1844596 kB
MemFree:         1365488 kB
MemAvailable:    1542640 kB
Buffers:           27852 kB
Cached:           264236 kB
MemTotal:        1844596 kB
MemFree:         1363436 kB
MemAvailable:    1540588 kB
Buffers:           27852 kB
Cached:           264236 kB
MemTotal:        1844596 kB
MemFree:         1363768 kB
MemAvailable:    1540920 kB
Buffers:           27852 kB
Cached:           264236 kB
MemTotal:        1844596 kB
MemFree:         1363380 kB
MemAvailable:    1540532 kB
Buffers:           27852 kB
Cached:           264236 kB
MemTotal:        1844596 kB
MemFree:         1362628 kB
MemAvailable:    1539780 kB
Buffers:           27852 kB
Cached:           264236 kB
MemTotal:        1844596 kB
MemFree:         1361032 kB
MemAvailable:    1538184 kB
Buffers:           27852 kB
Cached:           264236 kB
MemTotal:        1844596 kB
MemFree:         1360708 kB
MemAvailable:    1537860 kB
Buffers:           27852 kB
Cached:           264236 kB
MemTotal:        1844596 kB
MemFree:         1361568 kB
MemAvailable:    1538720 kB
Buffers:           27852 kB
Cached:           264236 kB
MemTotal:        1844596 kB
MemFree:         1360716 kB
MemAvailable:    1537868 kB
Buffers:           27852 kB
Cached:           264236 kB
MemTotal:        1844596 kB
MemFree:         1361588 kB
MemAvailable:    1538740 kB
Buffers:           27852 kB
Cached:           264236 kB
MemTotal:        1844596 kB
MemFree:         1361772 kB
MemAvailable:    1538924 kB
Buffers:           27852 kB
Cached:           264236 kB
MemTotal:        1844596 kB
MemFree:         1360444 kB
MemAvailable:    1537596 kB
Buffers:           27852 kB
Cached:           264236 kB
MemTotal:        1844596 kB
MemFree:         1361704 kB
MemAvailable:    1538856 kB
Buffers:           27852 kB
Cached:           264236 kB
MemTotal:        1844596 kB
MemFree:         1360288 kB
MemAvailable:    1537440 kB
Buffers:           27852 kB
Cached:           264236 kB
MemTotal:        1844596 kB
MemFree:         1359972 kB
MemAvailable:    1537124 kB
Buffers:           27852 kB
Cached:           264236 kB
MemTotal:        1844596 kB
MemFree:         1360560 kB
MemAvailable:    1537712 kB
Buffers:           27852 kB
Cached:           264236 kB
MemTotal:        1844596 kB
MemFree:         1360336 kB
MemAvailable:    1537488 kB
Buffers:           27852 kB
Cached:           264236 kB
MemTotal:        1844596 kB
MemFree:         1359332 kB
MemAvailable:    1536484 kB
Buffers:           27852 kB
Cached:           264236 kB
MemTotal:        1844596 kB
MemFree:         1360516 kB
MemAvailable:    1537668 kB
Buffers:           27852 kB
Cached:           264236 kB
MemTotal:        1844596 kB
MemFree:         1360468 kB
MemAvailable:    1537620 kB
Buffers:           27852 kB
Cached:           264236 kB
MemTotal:        1844596 kB
MemFree:         1360580 kB
MemAvailable:    1537732 kB
Buffers:           27852 kB
Cached:           264236 kB
MemTotal:        1844596 kB
MemFree:         1359416 kB
MemAvailable:    1536568 kB
Buffers:           27852 kB
Cached:           264236 kB
MemTotal:        1844596 kB
MemFree:         1359444 kB
MemAvailable:    1536596 kB
Buffers:           27852 kB
Cached:           264236 kB
MemTotal:        1844596 kB
MemFree:         1359428 kB
MemAvailable:    1536580 kB
Buffers:           27852 kB
Cached:           264236 kB
MemTotal:        1844596 kB
MemFree:         1359352 kB
MemAvailable:    1536508 kB
Buffers:           27852 kB
Cached:           264240 kB
MemTotal:        1844596 kB
MemFree:         1360676 kB
MemAvailable:    1537832 kB
Buffers:           27852 kB
Cached:           264240 kB
MemTotal:        1844596 kB
MemFree:         1360280 kB
MemAvailable:    1537436 kB
Buffers:           27852 kB
Cached:           264240 kB
MemTotal:        1844596 kB
MemFree:         1360280 kB
MemAvailable:    1537436 kB
Buffers:           27852 kB
Cached:           264240 kB
MemTotal:        1844596 kB
MemFree:         1359956 kB
MemAvailable:    1537112 kB
Buffers:           27852 kB
Cached:           264240 kB
MemTotal:        1844596 kB
MemFree:         1359940 kB
MemAvailable:    1537096 kB
Buffers:           27852 kB
Cached:           264240 kB
MemTotal:        1844596 kB
MemFree:         1359476 kB
MemAvailable:    1536632 kB
Buffers:           27852 kB
Cached:           264240 kB
MemTotal:        1844596 kB
MemFree:         1358420 kB
MemAvailable:    1535576 kB
Buffers:           27852 kB
Cached:           264240 kB
MemTotal:        1844596 kB
MemFree:         1358420 kB
MemAvailable:    1535576 kB
Buffers:           27852 kB
Cached:           264240 kB
MemTotal:        1844596 kB
MemFree:         1359792 kB
MemAvailable:    1536948 kB
Buffers:           27852 kB
Cached:           264240 kB
MemTotal:        1844596 kB
MemFree:         1359636 kB
MemAvailable:    1536792 kB
Buffers:           27852 kB
Cached:           264240 kB
MemTotal:        1844596 kB
MemFree:         1359460 kB
MemAvailable:    1536616 kB
Buffers:           27852 kB
Cached:           264240 kB
MemTotal:        1844596 kB
MemFree:         1359796 kB
MemAvailable:    1536952 kB
Buffers:           27852 kB
Cached:           264240 kB
MemTotal:        1844596 kB
MemFree:         1358484 kB
MemAvailable:    1535640 kB
Buffers:           27852 kB
Cached:           264240 kB
MemTotal:        1844596 kB
MemFree:         1359544 kB
MemAvailable:    1536700 kB
Buffers:           27852 kB
Cached:           264240 kB
MemTotal:        1844596 kB
MemFree:         1359476 kB
MemAvailable:    1536632 kB
Buffers:           27852 kB
Cached:           264240 kB
MemTotal:        1844596 kB
MemFree:         1357096 kB
MemAvailable:    1534252 kB
Buffers:           27852 kB
Cached:           264240 kB
MemTotal:        1844596 kB
MemFree:         1356988 kB
MemAvailable:    1534144 kB
Buffers:           27852 kB
Cached:           264240 kB
MemTotal:        1844596 kB
MemFree:         1352516 kB
MemAvailable:    1529672 kB
Buffers:           27852 kB
Cached:           264240 kB
MemTotal:        1844596 kB
MemFree:         1351788 kB
MemAvailable:    1528944 kB
Buffers:           27852 kB
Cached:           264240 kB
MemTotal:        1844596 kB
MemFree:         1350980 kB
MemAvailable:    1528136 kB
Buffers:           27852 kB
Cached:           264240 kB
MemTotal:        1844596 kB
MemFree:         1352036 kB
MemAvailable:    1529192 kB
Buffers:           27852 kB
Cached:           264240 kB
MemTotal:        1844596 kB
MemFree:         1352020 kB
MemAvailable:    1529176 kB
Buffers:           27852 kB
Cached:           264240 kB
MemTotal:        1844596 kB
MemFree:         1351904 kB
MemAvailable:    1529060 kB
Buffers:           27852 kB
Cached:           264240 kB
MemTotal:        1844596 kB
MemFree:         1351732 kB
MemAvailable:    1528888 kB
Buffers:           27852 kB
Cached:           264240 kB
MemTotal:        1844596 kB
MemFree:         1351580 kB
MemAvailable:    1528736 kB
Buffers:           27852 kB
Cached:           264240 kB
MemTotal:        1844596 kB
MemFree:         1351532 kB
MemAvailable:    1528688 kB
Buffers:           27852 kB
Cached:           264240 kB
MemTotal:        1844596 kB
MemFree:         1350528 kB
MemAvailable:    1527684 kB
Buffers:           27852 kB
Cached:           264240 kB
MemTotal:        1844596 kB
MemFree:         1351712 kB
MemAvailable:    1528868 kB
Buffers:           27852 kB
Cached:           264240 kB
MemTotal:        1844596 kB
MemFree:         1351664 kB
MemAvailable:    1528820 kB
Buffers:           27852 kB
Cached:           264240 kB
MemTotal:        1844596 kB
MemFree:         1351668 kB
MemAvailable:    1528824 kB
Buffers:           27852 kB
Cached:           264240 kB
MemTotal:        1844596 kB
MemFree:         1351956 kB
MemAvailable:    1529112 kB
Buffers:           27852 kB
Cached:           264240 kB
MemTotal:        1844596 kB
MemFree:         1351764 kB
MemAvailable:    1528920 kB
Buffers:           27852 kB
Cached:           264240 kB
MemTotal:        1844596 kB
MemFree:         1351652 kB
MemAvailable:    1528808 kB
Buffers:           27852 kB
Cached:           264240 kB
MemTotal:        1844596 kB
MemFree:         1349832 kB
MemAvailable:    1526988 kB
Buffers:           27852 kB
Cached:           264240 kB
MemTotal:        1844596 kB
MemFree:         1349964 kB
MemAvailable:    1527120 kB
Buffers:           27852 kB
Cached:           264240 kB
MemTotal:        1844596 kB
MemFree:         1350732 kB
MemAvailable:    1527888 kB
Buffers:           27852 kB
Cached:           264240 kB
MemTotal:        1844596 kB
MemFree:         1350028 kB
MemAvailable:    1527184 kB
Buffers:           27852 kB
Cached:           264240 kB
MemTotal:        1844596 kB
MemFree:         1349308 kB
MemAvailable:    1526464 kB
Buffers:           27852 kB
Cached:           264240 kB
MemTotal:        1844596 kB
MemFree:         1349972 kB
MemAvailable:    1527128 kB
Buffers:           27852 kB
Cached:           264240 kB
MemTotal:        1844596 kB
MemFree:         1347556 kB
MemAvailable:    1524712 kB
Buffers:           27852 kB
Cached:           264240 kB
MemTotal:        1844596 kB
MemFree:         1348820 kB
MemAvailable:    1525976 kB
Buffers:           27852 kB
Cached:           264240 kB
MemTotal:        1844596 kB
MemFree:         1348676 kB
MemAvailable:    1525832 kB
Buffers:           27852 kB
Cached:           264240 kB
MemTotal:        1844596 kB
MemFree:         1348500 kB
MemAvailable:    1525656 kB
Buffers:           27852 kB
Cached:           264240 kB
MemTotal:        1844596 kB
MemFree:         1347324 kB
MemAvailable:    1524480 kB
Buffers:           27852 kB
Cached:           264240 kB
MemTotal:        1844596 kB
MemFree:         1348180 kB
MemAvailable:    1525336 kB
Buffers:           27852 kB
Cached:           264240 kB
MemTotal:        1844596 kB
MemFree:         1346760 kB
MemAvailable:    1523916 kB
Buffers:           27852 kB
Cached:           264240 kB
MemTotal:        1844596 kB
MemFree:         1347876 kB
MemAvailable:    1525032 kB
Buffers:           27852 kB
Cached:           264240 kB
MemTotal:        1844596 kB
MemFree:         1346952 kB
MemAvailable:    1524108 kB
Buffers:           27852 kB
Cached:           264240 kB
MemTotal:        1844596 kB
MemFree:         1346944 kB
MemAvailable:    1524100 kB
Buffers:           27852 kB
Cached:           264240 kB
MemTotal:        1844596 kB
MemFree:         1346820 kB
MemAvailable:    1523976 kB
Buffers:           27852 kB
Cached:           264240 kB
MemTotal:        1844596 kB
MemFree:         1347936 kB
MemAvailable:    1525092 kB
Buffers:           27852 kB
Cached:           264240 kB
MemTotal:        1844596 kB
MemFree:         1346564 kB
MemAvailable:    1523720 kB
Buffers:           27852 kB
Cached:           264240 kB
MemTotal:        1844596 kB
MemFree:         1347748 kB
MemAvailable:    1524904 kB
Buffers:           27852 kB
Cached:           264240 kB
MemTotal:        1844596 kB
MemFree:         1347200 kB
MemAvailable:    1524356 kB
Buffers:           27852 kB
Cached:           264240 kB
MemTotal:        1844596 kB
MemFree:         1347440 kB
MemAvailable:    1524596 kB
Buffers:           27852 kB
Cached:           264240 kB
MemTotal:        1844596 kB
MemFree:         1347440 kB
MemAvailable:    1524596 kB
Buffers:           27852 kB
Cached:           264240 kB
MemTotal:        1844596 kB
MemFree:         1347068 kB
MemAvailable:    1524224 kB
Buffers:           27864 kB
Cached:           264228 kB
MemTotal:        1844596 kB
MemFree:         1340316 kB
MemAvailable:    1517472 kB
Buffers:           27864 kB
Cached:           264228 kB
MemTotal:        1844596 kB
MemFree:         1339140 kB
MemAvailable:    1516296 kB
Buffers:           27864 kB
Cached:           264228 kB
MemTotal:        1844596 kB
MemFree:         1339992 kB
MemAvailable:    1517148 kB
Buffers:           27864 kB
Cached:           264228 kB
MemTotal:        1844596 kB
MemFree:         1339396 kB
MemAvailable:    1516552 kB
Buffers:           27864 kB
Cached:           264228 kB
MemTotal:        1844596 kB
MemFree:         1339836 kB
MemAvailable:    1516992 kB
Buffers:           27864 kB
Cached:           264228 kB
MemTotal:        1844596 kB
MemFree:         1339996 kB
MemAvailable:    1517152 kB
Buffers:           27864 kB
Cached:           264228 kB
MemTotal:        1844596 kB
MemFree:         1341928 kB
MemAvailable:    1519084 kB
Buffers:           27864 kB
Cached:           264228 kB
MemTotal:        1844596 kB
MemFree:         1340704 kB
MemAvailable:    1517860 kB
Buffers:           27864 kB
Cached:           264228 kB
MemTotal:        1844596 kB
MemFree:         1341480 kB
MemAvailable:    1518804 kB
Buffers:           27864 kB
Cached:           264352 kB
MemTotal:        1844596 kB
MemFree:         1341372 kB
MemAvailable:    1518696 kB
Buffers:           27864 kB
Cached:           264352 kB
MemTotal:        1844596 kB
MemFree:         1341128 kB
MemAvailable:    1518536 kB
Buffers:           27864 kB
Cached:           264476 kB
MemTotal:        1844596 kB
MemFree:         1340796 kB
MemAvailable:    1518456 kB
Buffers:           27864 kB
Cached:           264724 kB
MemTotal:        1844596 kB
MemFree:         1340240 kB
MemAvailable:    1517900 kB
Buffers:           27864 kB
Cached:           264724 kB
MemTotal:        1844596 kB
MemFree:         1341000 kB
MemAvailable:    1518708 kB
Buffers:           27864 kB
Cached:           264780 kB
MemTotal:        1844596 kB
MemFree:         1339636 kB
MemAvailable:    1517428 kB
Buffers:           27864 kB
Cached:           264904 kB
MemTotal:        1844596 kB
MemFree:         1340836 kB
MemAvailable:    1518628 kB
Buffers:           27864 kB
Cached:           264904 kB
MemTotal:        1844596 kB
MemFree:         1339760 kB
MemAvailable:    1517552 kB
Buffers:           27864 kB
Cached:           264904 kB
MemTotal:        1844596 kB
MemFree:         1340936 kB
MemAvailable:    1518728 kB
Buffers:           27864 kB
Cached:           264904 kB
MemTotal:        1844596 kB
MemFree:         1340812 kB
MemAvailable:    1518604 kB
Buffers:           27864 kB
Cached:           264904 kB
MemTotal:        1844596 kB
MemFree:         1339512 kB
MemAvailable:    1517304 kB
Buffers:           27864 kB
Cached:           264904 kB
MemTotal:        1844596 kB
MemFree:         1340684 kB
MemAvailable:    1518476 kB
Buffers:           27864 kB
Cached:           264904 kB
MemTotal:        1844596 kB
MemFree:         1340936 kB
MemAvailable:    1518728 kB
Buffers:           27864 kB
Cached:           264904 kB
MemTotal:        1844596 kB
MemFree:         1339240 kB
MemAvailable:    1517116 kB
Buffers:           27864 kB
Cached:           265028 kB
MemTotal:        1844596 kB
MemFree:         1339968 kB
MemAvailable:    1517172 kB
Buffers:           27864 kB
Cached:           264272 kB
MemTotal:        1844596 kB
MemFree:         1408596 kB
MemAvailable:    1585800 kB
Buffers:           27864 kB
Cached:           264272 kB
