MemTotal:        1844596 kB
MemFree:         1464440 kB
MemAvailable:    1611612 kB
Buffers:           17648 kB
Cached:           257212 kB
MemTotal:        1844596 kB
MemFree:         1440092 kB
MemAvailable:    1587200 kB
Buffers:           17648 kB
Cached:           257240 kB
MemTotal:        1844596 kB
MemFree:         1437728 kB
MemAvailable:    1584836 kB
Buffers:           17648 kB
Cached:           257240 kB
MemTotal:        1844596 kB
MemFree:         1435752 kB
MemAvailable:    1582860 kB
Buffers:           17648 kB
Cached:           257240 kB
MemTotal:        1844596 kB
MemFree:         1434124 kB
MemAvailable:    1581232 kB
Buffers:           17648 kB
Cached:           257240 kB
MemTotal:        1844596 kB
MemFree:         1434000 kB
MemAvailable:    1581108 kB
Buffers:           17648 kB
Cached:           257240 kB
MemTotal:        1844596 kB
MemFree:         1433572 kB
MemAvailable:    1580680 kB
Buffers:           17648 kB
Cached:           257240 kB
MemTotal:        1844596 kB
MemFree:         1433908 kB
MemAvailable:    1581016 kB
Buffers:           17648 kB
Cached:           257240 kB
MemTotal:        1844596 kB
MemFree:         1428668 kB
MemAvailable:    1575776 kB
Buffers:           17648 kB
Cached:           257240 kB
MemTotal:        1844596 kB
MemFree:         1430600 kB
MemAvailable:    1577708 kB
Buffers:           17648 kB
Cached:           257240 kB
MemTotal:        1844596 kB
MemFree:         1427428 kB
MemAvailable:    1574536 kB
Buffers:           17648 kB
Cached:           257240 kB
MemTotal:        1844596 kB
MemFree:         1427428 kB
MemAvailable:    1574536 kB
Buffers:           17648 kB
Cached:           257240 kB
MemTotal:        1844596 kB
MemFree:         1422980 kB
MemAvailable:    1570088 kB
Buffers:           17648 kB
Cached:           257240 kB
MemTotal:        1844596 kB
MemFree:         1424016 kB
MemAvailable:    1571124 kB
Buffers:           17648 kB
Cached:           257240 kB
MemTotal:        1844596 kB
MemFree:         1422816 kB
MemAvailable:    1569924 kB
Buffers:           17648 kB
Cached:           257240 kB
MemTotal:        1844596 kB
MemFree:         1423600 kB
MemAvailable:    1570708 kB
Buffers:           17648 kB
Cached:           257240 kB
MemTotal:        1844596 kB
MemFree:         1422800 kB
MemAvailable:    1569908 kB
Buffers:           17648 kB
Cached:           257240 kB
MemTotal:        1844596 kB
MemFree:         1423916 kB
MemAvailable:    1571024 kB
Buffers:           17648 kB
Cached:           257240 kB
MemTotal:        1844596 kB
MemFree:         1423992 kB
MemAvailable:    1571100 kB
Buffers:           17648 kB
Cached:           257240 kB
MemTotal:        1844596 kB
MemFree:         1422420 kB
MemAvailable:    1569528 kB
Buffers:           17648 kB
Cached:           257240 kB
MemTotal:        1844596 kB
MemFree:         1421988 kB
MemAvailable:    1569096 kB
Buffers:           17648 kB
Cached:           257240 kB
MemTotal:        1844596 kB
MemFree:         1421848 kB
MemAvailable:    1568956 kB
Buffers:           17648 kB
Cached:           257240 kB
MemTotal:        1844596 kB
MemFree:         1422100 kB
MemAvailable:    1569208 kB
Buffers:           17648 kB
Cached:           257240 kB
MemTotal:        1844596 kB
MemFree:         1421484 kB
MemAvailable:    1568592 kB
Buffers:           17648 kB
Cached:           257240 kB
MemTotal:        1844596 kB
MemFree:         1421484 kB
MemAvailable:    1568592 kB
Buffers:           17648 kB
Cached:           257240 kB
MemTotal:        1844596 kB
MemFree:         1421676 kB
MemAvailable:    1568784 kB
Buffers:           17648 kB
Cached:           257240 kB
MemTotal:        1844596 kB
MemFree:         1420116 kB
MemAvailable:    1567224 kB
Buffers:           17648 kB
Cached:           257240 kB
MemTotal:        1844596 kB
MemFree:         1421596 kB
MemAvailable:    1568704 kB
Buffers:           17648 kB
Cached:           257240 kB
MemTotal:        1844596 kB
MemFree:         1421544 kB
MemAvailable:    1568652 kB
Buffers:           17648 kB
Cached:           257240 kB
MemTotal:        1844596 kB
MemFree:         1421492 kB
MemAvailable:    1568600 kB
Buffers:           17648 kB
Cached:           257240 kB
MemTotal:        1844596 kB
MemFree:         1421608 kB
MemAvailable:    1568716 kB
Buffers:           17648 kB
Cached:           257240 kB
MemTotal:        1844596 kB
MemFree:         1421552 kB
MemAvailable:    1568660 kB
Buffers:           17648 kB
Cached:           257240 kB
MemTotal:        1844596 kB
MemFree:         1422592 kB
MemAvailable:    1569700 kB
Buffers:           17648 kB
Cached:           257240 kB
MemTotal:        1844596 kB
MemFree:         1422444 kB
MemAvailable:    1569552 kB
Buffers:           17648 kB
Cached:           257240 kB
MemTotal:        1844596 kB
MemFree:         1422684 kB
MemAvailable:    1569792 kB
Buffers:           17648 kB
Cached:           257240 kB
MemTotal:        1844596 kB
MemFree:         1421296 kB
MemAvailable:    1568404 kB
Buffers:           17648 kB
Cached:           257240 kB
MemTotal:        1844596 kB
MemFree:         1419136 kB
MemAvailable:    1566244 kB
Buffers:           17648 kB
Cached:           257240 kB
MemTotal:        1844596 kB
MemFree:         1419320 kB
MemAvailable:    1566428 kB
Buffers:           17648 kB
Cached:           257240 kB
MemTotal:        1844596 kB
MemFree:         1418764 kB
MemAvailable:    1565872 kB
Buffers:           17648 kB
Cached:           257240 kB
MemTotal:        1844596 kB
MemFree:         1416888 kB
MemAvailable:    1563996 kB
Buffers:           17648 kB
Cached:           257240 kB
MemTotal:        1844596 kB
MemFree:         1418568 kB
MemAvailable:    1565676 kB
Buffers:           17648 kB
Cached:           257240 kB
MemTotal:        1844596 kB
MemFree:         1418312 kB
MemAvailable:    1565420 kB
Buffers:           17648 kB
Cached:           257240 kB
MemTotal:        1844596 kB
MemFree:         1416276 kB
MemAvailable:    1563384 kB
Buffers:           17648 kB
Cached:           257240 kB
MemTotal:        1844596 kB
MemFree:         1417648 kB
MemAvailable:    1564756 kB
Buffers:           17648 kB
Cached:           257240 kB
MemTotal:        1844596 kB
MemFree:         1417352 kB
MemAvailable:    1564460 kB
Buffers:           17648 kB
Cached:           257240 kB
MemTotal:        1844596 kB
MemFree:         1417452 kB
MemAvailable:    1564560 kB
Buffers:           17648 kB
Cached:           257240 kB
MemTotal:        1844596 kB
MemFree:         1417272 kB
MemAvailable:    1564380 kB
Buffers:           17648 kB
Cached:           257240 kB
MemTotal:        1844596 kB
MemFree:         1417200 kB
MemAvailable:    1564308 kB
Buffers:           17648 kB
Cached:           257240 kB
MemTotal:        1844596 kB
MemFree:         1417452 kB
MemAvailable:    1564560 kB
Buffers:           17648 kB
Cached:           257240 kB
MemTotal:        1844596 kB
MemFree:         1417204 kB
MemAvailable:    1564312 kB
Buffers:           17648 kB
Cached:           257240 kB
MemTotal:        1844596 kB
MemFree:         1416932 kB
MemAvailable:    1564040 kB
Buffers:           17648 kB
Cached:           257240 kB
MemTotal:        1844596 kB
MemFree:         1416932 kB
MemAvailable:    1564040 kB
Buffers:           17648 kB
Cached:           257240 kB
MemTotal:        1844596 kB
MemFree:         1416532 kB
MemAvailable:    1563640 kB
Buffers:           17648 kB
Cached:           257240 kB
MemTotal:        1844596 kB
MemFree:         1416460 kB
MemAvailable:    1563568 kB
Buffers:           17648 kB
Cached:           257240 kB
MemTotal:        1844596 kB
MemFree:         1416268 kB
MemAvailable:    1563376 kB
Buffers:           17648 kB
Cached:           257240 kB
MemTotal:        1844596 kB
MemFree:         1416464 kB
MemAvailable:    1563572 kB
Buffers:           17648 kB
Cached:           257240 kB
MemTotal:        1844596 kB
MemFree:         1414976 kB
MemAvailable:    1562084 kB
Buffers:           17648 kB
Cached:           257240 kB
MemTotal:        1844596 kB
MemFree:         1415100 kB
MemAvailable:    1562208 kB
Buffers:           17648 kB
Cached:           257240 kB
MemTotal:        1844596 kB
MemFree:         1416340 kB
MemAvailable:    1563448 kB
Buffers:           17648 kB
Cached:           257240 kB
MemTotal:        1844596 kB
MemFree:         1416400 kB
MemAvailable:    1563508 kB
Buffers:           17648 kB
Cached:           257240 kB
MemTotal:        1844596 kB
MemFree:         1415092 kB
MemAvailable:    1562200 kB
Buffers:           17648 kB
Cached:           257240 kB
MemTotal:        1844596 kB
MemFree:         1415092 kB
MemAvailable:    1562200 kB
Buffers:           17648 kB
Cached:           257240 kB
MemTotal:        1844596 kB
MemFree:         1415092 kB
MemAvailable:    1562200 kB
Buffers:           17648 kB
Cached:           257240 kB
MemTotal:        1844596 kB
MemFree:         1415216 kB
MemAvailable:    1562324 kB
Buffers:           17648 kB
Cached:           257240 kB
MemTotal:        1844596 kB
MemFree:         1415216 kB
MemAvailable:    1562324 kB
Buffers:           17648 kB
Cached:           257240 kB
MemTotal:        1844596 kB
MemFree:         1414920 kB
MemAvailable:    1562028 kB
Buffers:           17648 kB
Cached:           257240 kB
MemTotal:        1844596 kB
MemFree:         1414920 kB
MemAvailable:    1562028 kB
Buffers:           17648 kB
Cached:           257240 kB
MemTotal:        1844596 kB
MemFree:         1415912 kB
MemAvailable:    1563020 kB
Buffers:           17648 kB
Cached:           257240 kB
MemTotal:        1844596 kB
MemFree:         1415524 kB
MemAvailable:    1562632 kB
Buffers:           17648 kB
Cached:           257240 kB
MemTotal:        1844596 kB
MemFree:         1415044 kB
MemAvailable:    1562152 kB
Buffers:           17648 kB
Cached:           257240 kB
MemTotal:        1844596 kB
MemFree:         1415388 kB
MemAvailable:    1562496 kB
Buffers:           17648 kB
Cached:           257240 kB
MemTotal:        1844596 kB
MemFree:         1415472 kB
MemAvailable:    1562580 kB
Buffers:           17648 kB
Cached:           257240 kB
MemTotal:        1844596 kB
MemFree:         1415264 kB
MemAvailable:    1562372 kB
Buffers:           17648 kB
Cached:           257240 kB
MemTotal:        1844596 kB
MemFree:         1415456 kB
MemAvailable:    1562564 kB
Buffers:           17648 kB
Cached:           257240 kB
MemTotal:        1844596 kB
MemFree:         1415352 kB
MemAvailable:    1562460 kB
Buffers:           17648 kB
Cached:           257240 kB
MemTotal:        1844596 kB
MemFree:         1414104 kB
MemAvailable:    1561212 kB
Buffers:           17648 kB
Cached:           257240 kB
MemTotal:        1844596 kB
MemFree:         1415280 kB
MemAvailable:    1562388 kB
Buffers:           17648 kB
Cached:           257240 kB
MemTotal:        1844596 kB
MemFree:         1415272 kB
MemAvailable:    1562380 kB
Buffers:           17648 kB
Cached:           257240 kB
MemTotal:        1844596 kB
MemFree:         1415404 kB
MemAvailable:    1562512 kB
Buffers:           17648 kB
Cached:           257240 kB
MemTotal:        1844596 kB
MemFree:         1415380 kB
MemAvailable:    1562488 kB
Buffers:           17648 kB
Cached:           257240 kB
MemTotal:        1844596 kB
MemFree:         1415116 kB
MemAvailable:    1562224 kB
Buffers:           17648 kB
Cached:           257240 kB
MemTotal:        1844596 kB
MemFree:         1414008 kB
MemAvailable:    1561116 kB
Buffers:           17648 kB
Cached:           257240 kB
MemTotal:        1844596 kB
MemFree:         1411308 kB
MemAvailable:    1558416 kB
Buffers:           17648 kB
Cached:           257240 kB
MemTotal:        1844596 kB
MemFree:         1411392 kB
MemAvailable:    1558500 kB
Buffers:           17648 kB
Cached:           257240 kB
MemTotal:        1844596 kB
MemFree:         1407720 kB
MemAvailable:    1554828 kB
Buffers:           17648 kB
Cached:           257240 kB
MemTotal:        1844596 kB
MemFree:         1407836 kB
MemAvailable:    1554944 kB
Buffers:           17648 kB
Cached:           257240 kB
MemTotal:        1844596 kB
MemFree:         1407720 kB
MemAvailable:    1554828 kB
Buffers:           17648 kB
Cached:           257240 kB
MemTotal:        1844596 kB
MemFree:         1406208 kB
MemAvailable:    1553316 kB
Buffers:           17648 kB
Cached:           257240 kB
MemTotal:        1844596 kB
MemFree:         1406208 kB
MemAvailable:    1553316 kB
Buffers:           17648 kB
Cached:           257240 kB
MemTotal:        1844596 kB
MemFree:         1406860 kB
MemAvailable:    1553968 kB
Buffers:           17648 kB
Cached:           257240 kB
MemTotal:        1844596 kB
MemFree:         1407288 kB
MemAvailable:    1554396 kB
Buffers:           17648 kB
Cached:           257240 kB
MemTotal:        1844596 kB
MemFree:         1406052 kB
MemAvailable:    1553160 kB
Buffers:           17648 kB
Cached:           257240 kB
MemTotal:        1844596 kB
MemFree:         1407524 kB
MemAvailable:    1554632 kB
Buffers:           17648 kB
Cached:           257240 kB
MemTotal:        1844596 kB
MemFree:         1405852 kB
MemAvailable:    1552960 kB
Buffers:           17648 kB
Cached:           257240 kB
MemTotal:        1844596 kB
MemFree:         1407540 kB
MemAvailable:    1554648 kB
Buffers:           17648 kB
Cached:           257240 kB
MemTotal:        1844596 kB
MemFree:         1406068 kB
MemAvailable:    1553176 kB
Buffers:           17648 kB
Cached:           257240 kB
MemTotal:        1844596 kB
MemFree:         1406192 kB
MemAvailable:    1553300 kB
Buffers:           17648 kB
Cached:           257240 kB
MemTotal:        1844596 kB
MemFree:         1406192 kB
MemAvailable:    1553300 kB
Buffers:           17648 kB
Cached:           257240 kB
MemTotal:        1844596 kB
MemFree:         1406984 kB
MemAvailable:    1554092 kB
Buffers:           17648 kB
Cached:           257240 kB
MemTotal:        1844596 kB
MemFree:         1407360 kB
MemAvailable:    1554468 kB
Buffers:           17648 kB
Cached:           257240 kB
MemTotal:        1844596 kB
MemFree:         1407316 kB
MemAvailable:    1554312 kB
Buffers:           17648 kB
Cached:           257252 kB
MemTotal:        1844596 kB
MemFree:         1407212 kB
MemAvailable:    1554332 kB
Buffers:           17648 kB
Cached:           257252 kB
MemTotal:        1844596 kB
MemFree:         1406444 kB
MemAvailable:    1553564 kB
Buffers:           17648 kB
Cached:           257252 kB
MemTotal:        1844596 kB
MemFree:         1405852 kB
MemAvailable:    1552972 kB
Buffers:           17648 kB
Cached:           257252 kB
MemTotal:        1844596 kB
MemFree:         1405744 kB
MemAvailable:    1552864 kB
Buffers:           17648 kB
Cached:           257252 kB
MemTotal:        1844596 kB
MemFree:         1406652 kB
MemAvailable:    1553772 kB
Buffers:           17648 kB
Cached:           257252 kB
MemTotal:        1844596 kB
MemFree:         1406552 kB
MemAvailable:    1553672 kB
Buffers:           17648 kB
Cached:           257252 kB
MemTotal:        1844596 kB
MemFree:         1406300 kB
MemAvailable:    1553420 kB
Buffers:           17648 kB
Cached:           257252 kB
MemTotal:        1844596 kB
MemFree:         1406052 kB
MemAvailable:    1553172 kB
Buffers:           17648 kB
Cached:           257252 kB
MemTotal:        1844596 kB
MemFree:         1404752 kB
MemAvailable:    1551872 kB
Buffers:           17648 kB
Cached:           257252 kB
MemTotal:        1844596 kB
MemFree:         1405432 kB
MemAvailable:    1552552 kB
Buffers:           17648 kB
Cached:           257252 kB
MemTotal:        1844596 kB
MemFree:         1405688 kB
MemAvailable:    1552808 kB
Buffers:           17648 kB
Cached:           257252 kB
MemTotal:        1844596 kB
MemFree:         1404620 kB
MemAvailable:    1551740 kB
Buffers:           17648 kB
Cached:           257252 kB
MemTotal:        1844596 kB
MemFree:         1404876 kB
MemAvailable:    1551996 kB
Buffers:           17648 kB
Cached:           257252 kB
MemTotal:        1844596 kB
MemFree:         1404060 kB
MemAvailable:    1551180 kB
Buffers:           17648 kB
Cached:           257252 kB
MemTotal:        1844596 kB
MemFree:         1404068 kB
MemAvailable:    1551188 kB
Buffers:           17648 kB
Cached:           257252 kB
MemTotal:        1844596 kB
MemFree:         1403868 kB
MemAvailable:    1550988 kB
Buffers:           17648 kB
Cached:           257252 kB
MemTotal:        1844596 kB
MemFree:         1403388 kB
MemAvailable:    1550508 kB
Buffers:           17648 kB
Cached:           257252 kB
MemTotal:        1844596 kB
MemFree:         1402464 kB
MemAvailable:    1549584 kB
Buffers:           17648 kB
Cached:           257252 kB
MemTotal:        1844596 kB
MemFree:         1402588 kB
MemAvailable:    1549708 kB
Buffers:           17648 kB
Cached:           257252 kB
MemTotal:        1844596 kB
MemFree:         1402712 kB
MemAvailable:    1549832 kB
Buffers:           17648 kB
Cached:           257252 kB
MemTotal:        1844596 kB
MemFree:         1402588 kB
MemAvailable:    1549708 kB
Buffers:           17648 kB
Cached:           257252 kB
MemTotal:        1844596 kB
MemFree:         1402712 kB
MemAvailable:    1549832 kB
Buffers:           17648 kB
Cached:           257252 kB
MemTotal:        1844596 kB
MemFree:         1402644 kB
MemAvailable:    1549764 kB
Buffers:           17648 kB
Cached:           257252 kB
MemTotal:        1844596 kB
MemFree:         1402644 kB
MemAvailable:    1549764 kB
Buffers:           17648 kB
Cached:           257252 kB
MemTotal:        1844596 kB
MemFree:         1403820 kB
MemAvailable:    1550940 kB
Buffers:           17648 kB
Cached:           257252 kB
MemTotal:        1844596 kB
MemFree:         1402636 kB
MemAvailable:    1549756 kB
Buffers:           17648 kB
Cached:           257252 kB
MemTotal:        1844596 kB
MemFree:         1403076 kB
MemAvailable:    1550196 kB
Buffers:           17648 kB
Cached:           257252 kB
MemTotal:        1844596 kB
MemFree:         1402940 kB
MemAvailable:    1550060 kB
Buffers:           17648 kB
Cached:           257252 kB
MemTotal:        1844596 kB
MemFree:         1402868 kB
MemAvailable:    1549988 kB
Buffers:           17648 kB
Cached:           257252 kB
MemTotal:        1844596 kB
MemFree:         1402636 kB
MemAvailable:    1549756 kB
Buffers:           17648 kB
Cached:           257252 kB
MemTotal:        1844596 kB
MemFree:         1396124 kB
MemAvailable:    1543244 kB
Buffers:           17648 kB
Cached:           257252 kB
MemTotal:        1844596 kB
MemFree:         1396132 kB
MemAvailable:    1543252 kB
Buffers:           17648 kB
Cached:           257252 kB
MemTotal:        1844596 kB
MemFree:         1394832 kB
MemAvailable:    1541952 kB
Buffers:           17648 kB
Cached:           257252 kB
MemTotal:        1844596 kB
MemFree:         1395688 kB
MemAvailable:    1542808 kB
Buffers:           17648 kB
Cached:           257252 kB
MemTotal:        1844596 kB
MemFree:         1395636 kB
MemAvailable:    1542756 kB
Buffers:           17648 kB
Cached:           257252 kB
MemTotal:        1844596 kB
MemFree:         1395760 kB
MemAvailable:    1542880 kB
Buffers:           17648 kB
Cached:           257252 kB
MemTotal:        1844596 kB
MemFree:         1395700 kB
MemAvailable:    1542820 kB
Buffers:           17648 kB
Cached:           257252 kB
MemTotal:        1844596 kB
MemFree:         1395752 kB
MemAvailable:    1542872 kB
Buffers:           17648 kB
Cached:           257252 kB
MemTotal:        1844596 kB
MemFree:         1397596 kB
MemAvailable:    1544716 kB
Buffers:           17648 kB
Cached:           257252 kB
MemTotal:        1844596 kB
MemFree:         1397940 kB
MemAvailable:    1545060 kB
Buffers:           17648 kB
Cached:           257252 kB
MemTotal:        1844596 kB
MemFree:         1397420 kB
MemAvailable:    1544624 kB
Buffers:           17648 kB
Cached:           257376 kB
MemTotal:        1844596 kB
MemFree:         1397672 kB
MemAvailable:    1544876 kB
Buffers:           17648 kB
Cached:           257376 kB
MemTotal:        1844596 kB
MemFree:         1397532 kB
MemAvailable:    1544820 kB
Buffers:           17648 kB
Cached:           257500 kB
MemTotal:        1844596 kB
MemFree:         1396052 kB
MemAvailable:    1543508 kB
Buffers:           17648 kB
Cached:           257624 kB
MemTotal:        1844596 kB
MemFree:         1397476 kB
MemAvailable:    1545016 kB
Buffers:           17648 kB
Cached:           257748 kB
MemTotal:        1844596 kB
MemFree:         1397344 kB
MemAvailable:    1544968 kB
Buffers:           17648 kB
Cached:           257748 kB
MemTotal:        1844596 kB
MemFree:         1397144 kB
MemAvailable:    1544852 kB
Buffers:           17648 kB
Cached:           257872 kB
MemTotal:        1844596 kB
MemFree:         1397152 kB
MemAvailable:    1544860 kB
Buffers:           17648 kB
Cached:           257872 kB
MemTotal:        1844596 kB
MemFree:         1395780 kB
MemAvailable:    1543488 kB
Buffers:           17648 kB
Cached:           257872 kB
MemTotal:        1844596 kB
MemFree:         1395772 kB
MemAvailable:    1543564 kB
Buffers:           17648 kB
Cached:           257872 kB
MemTotal:        1844596 kB
MemFree:         1395700 kB
MemAvailable:    1543492 kB
Buffers:           17648 kB
Cached:           257872 kB
MemTotal:        1844596 kB
MemFree:         1396796 kB
MemAvailable:    1544588 kB
Buffers:           17648 kB
Cached:           257872 kB
MemTotal:        1844596 kB
MemFree:         1397052 kB
MemAvailable:    1544844 kB
Buffers:           17648 kB
Cached:           257872 kB
MemTotal:        1844596 kB
MemFree:         1396880 kB
MemAvailable:    1544672 kB
Buffers:           17648 kB
Cached:           257872 kB
MemTotal:        1844596 kB
MemFree:         1396188 kB
MemAvailable:    1543980 kB
Buffers:           17648 kB
Cached:           257872 kB
MemTotal:        1844596 kB
MemFree:         1396788 kB
MemAvailable:    1544580 kB
Buffers:           17648 kB
Cached:           257996 kB
MemTotal:        1844596 kB
MemFree:         1396788 kB
MemAvailable:    1544580 kB
Buffers:           17648 kB
Cached:           257996 kB
MemTotal:        1844596 kB
MemFree:         1396156 kB
MemAvailable:    1543276 kB
Buffers:           17648 kB
Cached:           257324 kB
MemTotal:        1844596 kB
MemFree:         1464792 kB
MemAvailable:    1611852 kB
Buffers:           17648 kB
Cached:           257264 kB
