MemTotal:        1844596 kB
MemFree:         1221724 kB
MemAvailable:    1564160 kB
Buffers:           50952 kB
Cached:           405484 kB
MemTotal:        1844596 kB
MemFree:         1192436 kB
MemAvailable:    1534876 kB
Buffers:           50952 kB
Cached:           405488 kB
MemTotal:        1844596 kB
MemFree:         1192436 kB
MemAvailable:    1534876 kB
Buffers:           50952 kB
Cached:           405488 kB
MemTotal:        1844596 kB
MemFree:         1192124 kB
MemAvailable:    1534564 kB
Buffers:           50952 kB
Cached:           405488 kB
MemTotal:        1844596 kB
MemFree:         1189848 kB
MemAvailable:    1532288 kB
Buffers:           50952 kB
Cached:           405488 kB
MemTotal:        1844596 kB
MemFree:         1190768 kB
MemAvailable:    1533208 kB
Buffers:           50952 kB
Cached:           405488 kB
MemTotal:        1844596 kB
MemFree:         1189476 kB
MemAvailable:    1531916 kB
Buffers:           50952 kB
Cached:           405488 kB
MemTotal:        1844596 kB
MemFree:         1187856 kB
MemAvailable:    1530296 kB
Buffers:           50952 kB
Cached:           405488 kB
MemTotal:        1844596 kB
MemFree:         1185004 kB
MemAvailable:    1527444 kB
Buffers:           50952 kB
Cached:           405488 kB
MemTotal:        1844596 kB
MemFree:         1182896 kB
MemAvailable:    1525336 kB
Buffers:           50952 kB
Cached:           405488 kB
MemTotal:        1844596 kB
MemFree:         1178564 kB
MemAvailable:    1521004 kB
Buffers:           50952 kB
Cached:           405488 kB
MemTotal:        1844596 kB
MemFree:         1179736 kB
MemAvailable:    1522176 kB
Buffers:           50952 kB
Cached:           405488 kB
MemTotal:        1844596 kB
MemFree:         1179604 kB
MemAvailable:    1522044 kB
Buffers:           50952 kB
Cached:           405488 kB
MemTotal:        1844596 kB
MemFree:         1179508 kB
MemAvailable:    1521948 kB
Buffers:           50952 kB
Cached:           405488 kB
MemTotal:        1844596 kB
MemFree:         1179516 kB
MemAvailable:    1521956 kB
Buffers:           50952 kB
Cached:           405488 kB
MemTotal:        1844596 kB
MemFree:         1179508 kB
MemAvailable:    1521948 kB
Buffers:           50952 kB
Cached:           405488 kB
MemTotal:        1844596 kB
MemFree:         1179556 kB
MemAvailable:    1521996 kB
Buffers:           50952 kB
Cached:           405488 kB
MemTotal:        1844596 kB
MemFree:         1177696 kB
MemAvailable:    1520136 kB
Buffers:           50952 kB
Cached:           405488 kB
MemTotal:        1844596 kB
MemFree:         1177316 kB
MemAvailable:    1519756 kB
Buffers:           50952 kB
Cached:           405488 kB
MemTotal:        1844596 kB
MemFree:         1177324 kB
MemAvailable:    1519764 kB
Buffers:           50952 kB
Cached:           405488 kB
MemTotal:        1844596 kB
MemFree:         1177324 kB
MemAvailable:    1519764 kB
Buffers:           50952 kB
Cached:           405488 kB
MemTotal:        1844596 kB
MemFree:         1178612 kB
MemAvailable:    1521052 kB
Buffers:           50952 kB
Cached:           405488 kB
MemTotal:        1844596 kB
MemFree:         1178632 kB
MemAvailable:    1521072 kB
Buffers:           50952 kB
Cached:           405488 kB
MemTotal:        1844596 kB
MemFree:         1177180 kB
MemAvailable:    1519620 kB
Buffers:           50952 kB
Cached:           405488 kB
MemTotal:        1844596 kB
MemFree:         1177180 kB
MemAvailable:    1519620 kB
Buffers:           50952 kB
Cached:           405488 kB
MemTotal:        1844596 kB
MemFree:         1178516 kB
MemAvailable:    1520956 kB
Buffers:           50952 kB
Cached:           405488 kB
MemTotal:        1844596 kB
MemFree:         1178688 kB
MemAvailable:    1521128 kB
Buffers:           50952 kB
Cached:           405488 kB
MemTotal:        1844596 kB
MemFree:         1177200 kB
MemAvailable:    1519640 kB
Buffers:           50952 kB
Cached:           405488 kB
MemTotal:        1844596 kB
MemFree:         1175216 kB
MemAvailable:    1517656 kB
Buffers:           50952 kB
Cached:           405488 kB
MemTotal:        1844596 kB
MemFree:         1174968 kB
MemAvailable:    1517408 kB
Buffers:           50952 kB
Cached:           405488 kB
MemTotal:        1844596 kB
MemFree:         1174216 kB
MemAvailable:    1516656 kB
Buffers:           50952 kB
Cached:           405488 kB
MemTotal:        1844596 kB
MemFree:         1175216 kB
MemAvailable:    1517656 kB
Buffers:           50952 kB
Cached:           405488 kB
MemTotal:        1844596 kB
MemFree:         1173720 kB
MemAvailable:    1516160 kB
Buffers:           50952 kB
Cached:           405488 kB
MemTotal:        1844596 kB
MemFree:         1173224 kB
MemAvailable:    1515664 kB
Buffers:           50952 kB
Cached:           405488 kB
MemTotal:        1844596 kB
MemFree:         1172984 kB
MemAvailable:    1515428 kB
Buffers:           50952 kB
Cached:           405492 kB
MemTotal:        1844596 kB
MemFree:         1172976 kB
MemAvailable:    1515420 kB
Buffers:           50952 kB
Cached:           405492 kB
MemTotal:        1844596 kB
MemFree:         1174104 kB
MemAvailable:    1516548 kB
Buffers:           50952 kB
Cached:           405492 kB
MemTotal:        1844596 kB
MemFree:         1173232 kB
MemAvailable:    1515676 kB
Buffers:           50952 kB
Cached:           405492 kB
MemTotal:        1844596 kB
MemFree:         1174028 kB
MemAvailable:    1516472 kB
Buffers:           50952 kB
Cached:           405492 kB
MemTotal:        1844596 kB
MemFree:         1173704 kB
MemAvailable:    1516148 kB
Buffers:           50952 kB
Cached:           405492 kB
MemTotal:        1844596 kB
MemFree:         1173480 kB
MemAvailable:    1515924 kB
Buffers:           50952 kB
Cached:           405492 kB
MemTotal:        1844596 kB
MemFree:         1172720 kB
MemAvailable:    1515164 kB
Buffers:           50952 kB
Cached:           405492 kB
MemTotal:        1844596 kB
MemFree:         1171976 kB
MemAvailable:    1514420 kB
Buffers:           50952 kB
Cached:           405492 kB
MemTotal:        1844596 kB
MemFree:         1171928 kB
MemAvailable:    1514372 kB
Buffers:           50952 kB
Cached:           405492 kB
MemTotal:        1844596 kB
MemFree:         1172056 kB
MemAvailable:    1514500 kB
Buffers:           50952 kB
Cached:           405492 kB
MemTotal:        1844596 kB
MemFree:         1173428 kB
MemAvailable:    1515872 kB
Buffers:           50952 kB
Cached:           405492 kB
MemTotal:        1844596 kB
MemFree:         1173160 kB
MemAvailable:    1515604 kB
Buffers:           50952 kB
Cached:           405492 kB
MemTotal:        1844596 kB
MemFree:         1173140 kB
MemAvailable:    1515584 kB
Buffers:           50952 kB
Cached:           405492 kB
MemTotal:        1844596 kB
MemFree:         1172860 kB
MemAvailable:    1515304 kB
Buffers:           50952 kB
Cached:           405492 kB
MemTotal:        1844596 kB
MemFree:         1173176 kB
MemAvailable:    1515620 kB
Buffers:           50952 kB
Cached:           405492 kB
MemTotal:        1844596 kB
MemFree:         1171928 kB
MemAvailable:    1514372 kB
Buffers:           50952 kB
Cached:           405492 kB
MemTotal:        1844596 kB
MemFree:         1173272 kB
MemAvailable:    1515716 kB
Buffers:           50952 kB
Cached:           405492 kB
MemTotal:        1844596 kB
MemFree:         1173080 kB
MemAvailable:    1515524 kB
Buffers:           50952 kB
Cached:           405492 kB
MemTotal:        1844596 kB
MemFree:         1171584 kB
MemAvailable:    1514028 kB
Buffers:           50952 kB
Cached:           405492 kB
MemTotal:        1844596 kB
MemFree:         1171452 kB
MemAvailable:    1513896 kB
Buffers:           50952 kB
Cached:           405492 kB
MemTotal:        1844596 kB
MemFree:         1171240 kB
MemAvailable:    1513684 kB
Buffers:           50952 kB
Cached:           405492 kB
MemTotal:        1844596 kB
MemFree:         1172416 kB
MemAvailable:    1514860 kB
Buffers:           50952 kB
Cached:           405492 kB
MemTotal:        1844596 kB
MemFree:         1172244 kB
MemAvailable:    1514688 kB
Buffers:           50952 kB
Cached:           405492 kB
MemTotal:        1844596 kB
MemFree:         1172364 kB
MemAvailable:    1514808 kB
Buffers:           50952 kB
Cached:           405492 kB
MemTotal:        1844596 kB
MemFree:         1170932 kB
MemAvailable:    1513376 kB
Buffers:           50952 kB
Cached:           405492 kB
MemTotal:        1844596 kB
MemFree:         1172232 kB
MemAvailable:    1514676 kB
Buffers:           50952 kB
Cached:           405492 kB
MemTotal:        1844596 kB
MemFree:         1172152 kB
MemAvailable:    1514596 kB
Buffers:           50952 kB
Cached:           405492 kB
MemTotal:        1844596 kB
MemFree:         1171868 kB
MemAvailable:    1514312 kB
Buffers:           50952 kB
Cached:           405492 kB
MemTotal:        1844596 kB
MemFree:         1172044 kB
MemAvailable:    1514488 kB
Buffers:           50952 kB
Cached:           405492 kB
MemTotal:        1844596 kB
MemFree:         1172296 kB
MemAvailable:    1514740 kB
Buffers:           50952 kB
Cached:           405492 kB
MemTotal:        1844596 kB
MemFree:         1170936 kB
MemAvailable:    1513380 kB
Buffers:           50952 kB
Cached:           405492 kB
MemTotal:        1844596 kB
MemFree:         1170256 kB
MemAvailable:    1512700 kB
Buffers:           50952 kB
Cached:           405492 kB
MemTotal:        1844596 kB
MemFree:         1165296 kB
MemAvailable:    1507740 kB
Buffers:           50952 kB
Cached:           405492 kB
MemTotal:        1844596 kB
MemFree:         1164536 kB
MemAvailable:    1506980 kB
Buffers:           50952 kB
Cached:           405492 kB
MemTotal:        1844596 kB
MemFree:         1164180 kB
MemAvailable:    1506624 kB
Buffers:           50952 kB
Cached:           405492 kB
MemTotal:        1844596 kB
MemFree:         1164232 kB
MemAvailable:    1506676 kB
Buffers:           50952 kB
Cached:           405492 kB
MemTotal:        1844596 kB
MemFree:         1164232 kB
MemAvailable:    1506676 kB
Buffers:           50952 kB
Cached:           405492 kB
MemTotal:        1844596 kB
MemFree:         1164104 kB
MemAvailable:    1506548 kB
Buffers:           50952 kB
Cached:           405492 kB
MemTotal:        1844596 kB
MemFree:         1164360 kB
MemAvailable:    1506804 kB
Buffers:           50952 kB
Cached:           405492 kB
MemTotal:        1844596 kB
MemFree:         1164316 kB
MemAvailable:    1506760 kB
Buffers:           50952 kB
Cached:           405492 kB
MemTotal:        1844596 kB
MemFree:         1163560 kB
MemAvailable:    1506004 kB
Buffers:           50952 kB
Cached:           405492 kB
MemTotal:        1844596 kB
MemFree:         1163304 kB
MemAvailable:    1505752 kB
Buffers:           50952 kB
Cached:           405496 kB
MemTotal:        1844596 kB
MemFree:         1163304 kB
MemAvailable:    1505752 kB
Buffers:           50952 kB
Cached:           405496 kB
MemTotal:        1844596 kB
MemFree:         1163304 kB
MemAvailable:    1505752 kB
Buffers:           50952 kB
Cached:           405496 kB
MemTotal:        1844596 kB
MemFree:         1163048 kB
MemAvailable:    1505496 kB
Buffers:           50952 kB
Cached:           405496 kB
MemTotal:        1844596 kB
MemFree:         1164140 kB
MemAvailable:    1506588 kB
Buffers:           50952 kB
Cached:           405496 kB
MemTotal:        1844596 kB
MemFree:         1164048 kB
MemAvailable:    1506496 kB
Buffers:           50952 kB
Cached:           405496 kB
MemTotal:        1844596 kB
MemFree:         1164284 kB
MemAvailable:    1506732 kB
Buffers:           50952 kB
Cached:           405496 kB
MemTotal:        1844596 kB
MemFree:         1163312 kB
MemAvailable:    1505760 kB
Buffers:           50952 kB
Cached:           405496 kB
MemTotal:        1844596 kB
MemFree:         1163668 kB
MemAvailable:    1506116 kB
Buffers:           50952 kB
Cached:           405496 kB
MemTotal:        1844596 kB
MemFree:         1163312 kB
MemAvailable:    1505760 kB
Buffers:           50952 kB
Cached:           405496 kB
MemTotal:        1844596 kB
MemFree:         1163536 kB
MemAvailable:    1505984 kB
Buffers:           50952 kB
Cached:           405496 kB
MemTotal:        1844596 kB
MemFree:         1161568 kB
MemAvailable:    1504016 kB
Buffers:           50952 kB
Cached:           405496 kB
MemTotal:        1844596 kB
MemFree:         1162816 kB
MemAvailable:    1505264 kB
Buffers:           50952 kB
Cached:           405496 kB
MemTotal:        1844596 kB
MemFree:         1161576 kB
MemAvailable:    1504024 kB
Buffers:           50952 kB
Cached:           405496 kB
MemTotal:        1844596 kB
MemFree:         1161560 kB
MemAvailable:    1504012 kB
Buffers:           50952 kB
Cached:           405500 kB
MemTotal:        1844596 kB
MemFree:         1161896 kB
MemAvailable:    1504348 kB
Buffers:           50952 kB
Cached:           405500 kB
MemTotal:        1844596 kB
MemFree:         1161796 kB
MemAvailable:    1504248 kB
Buffers:           50952 kB
Cached:           405500 kB
MemTotal:        1844596 kB
MemFree:         1159716 kB
MemAvailable:    1502168 kB
Buffers:           50952 kB
Cached:           405500 kB
MemTotal:        1844596 kB
MemFree:         1159584 kB
MemAvailable:    1502036 kB
Buffers:           50952 kB
Cached:           405500 kB
MemTotal:        1844596 kB
MemFree:         1159536 kB
MemAvailable:    1501988 kB
Buffers:           50952 kB
Cached:           405500 kB
MemTotal:        1844596 kB
MemFree:         1160512 kB
MemAvailable:    1502964 kB
Buffers:           50952 kB
Cached:           405500 kB
MemTotal:        1844596 kB
MemFree:         1159964 kB
MemAvailable:    1502416 kB
Buffers:           50952 kB
Cached:           405500 kB
MemTotal:        1844596 kB
MemFree:         1160464 kB
MemAvailable:    1502916 kB
Buffers:           50952 kB
Cached:           405500 kB
MemTotal:        1844596 kB
MemFree:         1160432 kB
MemAvailable:    1502884 kB
Buffers:           50952 kB
Cached:           405500 kB
MemTotal:        1844596 kB
MemFree:         1159964 kB
MemAvailable:    1502416 kB
Buffers:           50952 kB
Cached:           405500 kB
MemTotal:        1844596 kB
MemFree:         1160404 kB
MemAvailable:    1502856 kB
Buffers:           50952 kB
Cached:           405500 kB
MemTotal:        1844596 kB
MemFree:         1160080 kB
MemAvailable:    1502532 kB
Buffers:           50952 kB
Cached:           405500 kB
MemTotal:        1844596 kB
MemFree:         1159284 kB
MemAvailable:    1501736 kB
Buffers:           50952 kB
Cached:           405500 kB
MemTotal:        1844596 kB
MemFree:         1159196 kB
MemAvailable:    1501648 kB
Buffers:           50952 kB
Cached:           405500 kB
MemTotal:        1844596 kB
MemFree:         1160140 kB
MemAvailable:    1502592 kB
Buffers:           50952 kB
Cached:           405500 kB
MemTotal:        1844596 kB
MemFree:         1160064 kB
MemAvailable:    1502516 kB
Buffers:           50952 kB
Cached:           405500 kB
MemTotal:        1844596 kB
MemFree:         1152756 kB
MemAvailable:    1495208 kB
Buffers:           50952 kB
Cached:           405500 kB
MemTotal:        1844596 kB
MemFree:         1152152 kB
MemAvailable:    1494604 kB
Buffers:           50952 kB
Cached:           405500 kB
MemTotal:        1844596 kB
MemFree:         1152496 kB
MemAvailable:    1494948 kB
Buffers:           50952 kB
Cached:           405500 kB
MemTotal:        1844596 kB
MemFree:         1151272 kB
MemAvailable:    1493724 kB
Buffers:           50952 kB
Cached:           405500 kB
MemTotal:        1844596 kB
MemFree:         1152720 kB
MemAvailable:    1495172 kB
Buffers:           50952 kB
Cached:           405500 kB
MemTotal:        1844596 kB
MemFree:         1152628 kB
MemAvailable:    1495080 kB
Buffers:           50952 kB
Cached:           405500 kB
MemTotal:        1844596 kB
MemFree:         1151216 kB
MemAvailable:    1493668 kB
Buffers:           50952 kB
Cached:           405500 kB
MemTotal:        1844596 kB
MemFree:         1153064 kB
MemAvailable:    1495516 kB
Buffers:           50952 kB
Cached:           405500 kB
MemTotal:        1844596 kB
MemFree:         1153020 kB
MemAvailable:    1495556 kB
Buffers:           50952 kB
Cached:           405624 kB
MemTotal:        1844596 kB
MemFree:         1152888 kB
MemAvailable:    1495424 kB
Buffers:           50952 kB
Cached:           405748 kB
MemTotal:        1844596 kB
MemFree:         1152896 kB
MemAvailable:    1495600 kB
Buffers:           50952 kB
Cached:           405872 kB
MemTotal:        1844596 kB
MemFree:         1152524 kB
MemAvailable:    1495396 kB
Buffers:           50952 kB
Cached:           405996 kB
MemTotal:        1844596 kB
MemFree:         1153808 kB
MemAvailable:    1496848 kB
Buffers:           50952 kB
Cached:           406120 kB
MemTotal:        1844596 kB
MemFree:         1153444 kB
MemAvailable:    1496568 kB
Buffers:           50952 kB
Cached:           406120 kB
MemTotal:        1844596 kB
MemFree:         1153312 kB
MemAvailable:    1496436 kB
Buffers:           50952 kB
Cached:           406120 kB
MemTotal:        1844596 kB
MemFree:         1153240 kB
MemAvailable:    1496364 kB
Buffers:           50952 kB
Cached:           406120 kB
MemTotal:        1844596 kB
MemFree:         1153492 kB
MemAvailable:    1496524 kB
Buffers:           50952 kB
Cached:           406120 kB
MemTotal:        1844596 kB
MemFree:         1151972 kB
MemAvailable:    1495096 kB
Buffers:           50952 kB
Cached:           406120 kB
MemTotal:        1844596 kB
MemFree:         1153252 kB
MemAvailable:    1496376 kB
Buffers:           50952 kB
Cached:           406120 kB
MemTotal:        1844596 kB
MemFree:         1153336 kB
MemAvailable:    1496460 kB
Buffers:           50952 kB
Cached:           406120 kB
MemTotal:        1844596 kB
MemFree:         1153316 kB
MemAvailable:    1496440 kB
Buffers:           50952 kB
Cached:           406120 kB
MemTotal:        1844596 kB
MemFree:         1153908 kB
MemAvailable:    1496360 kB
Buffers:           50952 kB
Cached:           405488 kB
MemTotal:        1844596 kB
MemFree:         1154160 kB
MemAvailable:    1496612 kB
Buffers:           50952 kB
Cached:           405488 kB
MemTotal:        1844596 kB
MemFree:         1220500 kB
MemAvailable:    1563004 kB
Buffers:           50952 kB
Cached:           405540 kB
