MemTotal:        1844596 kB
MemFree:         1381176 kB
MemAvailable:    1581256 kB
Buffers:           31444 kB
Cached:           286472 kB
MemTotal:        1844596 kB
MemFree:         1353584 kB
MemAvailable:    1553668 kB
Buffers:           31444 kB
Cached:           286476 kB
MemTotal:        1844596 kB
MemFree:         1352848 kB
MemAvailable:    1552932 kB
Buffers:           31444 kB
Cached:           286476 kB
MemTotal:        1844596 kB
MemFree:         1351540 kB
MemAvailable:    1551624 kB
Buffers:           31444 kB
Cached:           286476 kB
MemTotal:        1844596 kB
MemFree:         1348812 kB
MemAvailable:    1548896 kB
Buffers:           31444 kB
Cached:           286476 kB
MemTotal:        1844596 kB
MemFree:         1349176 kB
MemAvailable:    1549260 kB
Buffers:           31444 kB
Cached:           286476 kB
MemTotal:        1844596 kB
MemFree:         1348260 kB
MemAvailable:    1548344 kB
Buffers:           31444 kB
Cached:           286476 kB
MemTotal:        1844596 kB
MemFree:         1345284 kB
MemAvailable:    1545368 kB
Buffers:           31444 kB
Cached:           286476 kB
MemTotal:        1844596 kB
MemFree:         1344976 kB
MemAvailable:    1545060 kB
Buffers:           31444 kB
Cached:           286476 kB
MemTotal:        1844596 kB
MemFree:         1339520 kB
MemAvailable:    1539604 kB
Buffers:           31444 kB
Cached:           286476 kB
MemTotal:        1844596 kB
MemFree:         1340004 kB
MemAvailable:    1540088 kB
Buffers:           31444 kB
Cached:           286476 kB
MemTotal:        1844596 kB
MemFree:         1340128 kB
MemAvailable:    1540212 kB
Buffers:           31444 kB
Cached:           286476 kB
MemTotal:        1844596 kB
MemFree:         1339520 kB
MemAvailable:    1539604 kB
Buffers:           31444 kB
Cached:           286476 kB
MemTotal:        1844596 kB
MemFree:         1340188 kB
MemAvailable:    1540272 kB
Buffers:           31444 kB
Cached:           286476 kB
MemTotal:        1844596 kB
MemFree:         1338756 kB
MemAvailable:    1538840 kB
Buffers:           31444 kB
Cached:           286476 kB
MemTotal:        1844596 kB
MemFree:         1338776 kB
MemAvailable:    1538860 kB
Buffers:           31444 kB
Cached:           286476 kB
MemTotal:        1844596 kB
MemFree:         1337784 kB
MemAvailable:    1537868 kB
Buffers:           31444 kB
Cached:           286476 kB
MemTotal:        1844596 kB
MemFree:         1338156 kB
MemAvailable:    1538240 kB
Buffers:           31444 kB
Cached:           286476 kB
MemTotal:        1844596 kB
MemFree:         1336536 kB
MemAvailable:    1536620 kB
Buffers:           31444 kB
Cached:           286476 kB
MemTotal:        1844596 kB
MemFree:         1337636 kB
MemAvailable:    1537720 kB
Buffers:           31444 kB
Cached:           286476 kB
MemTotal:        1844596 kB
MemFree:         1337536 kB
MemAvailable:    1537620 kB
Buffers:           31444 kB
Cached:           286476 kB
MemTotal:        1844596 kB
MemFree:         1337500 kB
MemAvailable:    1537584 kB
Buffers:           31444 kB
Cached:           286476 kB
MemTotal:        1844596 kB
MemFree:         1337752 kB
MemAvailable:    1537836 kB
Buffers:           31444 kB
Cached:           286476 kB
MemTotal:        1844596 kB
MemFree:         1337700 kB
MemAvailable:    1537784 kB
Buffers:           31444 kB
Cached:           286476 kB
MemTotal:        1844596 kB
MemFree:         1336420 kB
MemAvailable:    1536504 kB
Buffers:           31444 kB
Cached:           286476 kB
MemTotal:        1844596 kB
MemFree:         1336296 kB
MemAvailable:    1536380 kB
Buffers:           31444 kB
Cached:           286476 kB
MemTotal:        1844596 kB
MemFree:         1337660 kB
MemAvailable:    1537744 kB
Buffers:           31444 kB
Cached:           286476 kB
MemTotal:        1844596 kB
MemFree:         1338984 kB
MemAvailable:    1539068 kB
Buffers:           31444 kB
Cached:           286476 kB
MemTotal:        1844596 kB
MemFree:         1337232 kB
MemAvailable:    1537316 kB
Buffers:           31444 kB
Cached:           286476 kB
MemTotal:        1844596 kB
MemFree:         1335056 kB
MemAvailable:    1535140 kB
Buffers:           31444 kB
Cached:           286476 kB
MemTotal:        1844596 kB
MemFree:         1334312 kB
MemAvailable:    1534396 kB
Buffers:           31444 kB
Cached:           286476 kB
MemTotal:        1844596 kB
MemFree:         1333940 kB
MemAvailable:    1534024 kB
Buffers:           31444 kB
Cached:           286476 kB
MemTotal:        1844596 kB
MemFree:         1334380 kB
MemAvailable:    1534464 kB
Buffers:           31444 kB
Cached:           286476 kB
MemTotal:        1844596 kB
MemFree:         1334380 kB
MemAvailable:    1534464 kB
Buffers:           31444 kB
Cached:           286476 kB
MemTotal:        1844596 kB
MemFree:         1332940 kB
MemAvailable:    1533024 kB
Buffers:           31444 kB
Cached:           286476 kB
MemTotal:        1844596 kB
MemFree:         1332824 kB
MemAvailable:    1532908 kB
Buffers:           31444 kB
Cached:           286476 kB
MemTotal:        1844596 kB
MemFree:         1333752 kB
MemAvailable:    1533836 kB
Buffers:           31444 kB
Cached:           286476 kB
MemTotal:        1844596 kB
MemFree:         1333560 kB
MemAvailable:    1533644 kB
Buffers:           31444 kB
Cached:           286476 kB
MemTotal:        1844596 kB
MemFree:         1332444 kB
MemAvailable:    1532528 kB
Buffers:           31444 kB
Cached:           286476 kB
MemTotal:        1844596 kB
MemFree:         1332072 kB
MemAvailable:    1532156 kB
Buffers:           31444 kB
Cached:           286476 kB
MemTotal:        1844596 kB
MemFree:         1333356 kB
MemAvailable:    1533440 kB
Buffers:           31444 kB
Cached:           286476 kB
MemTotal:        1844596 kB
MemFree:         1332636 kB
MemAvailable:    1532720 kB
Buffers:           31444 kB
Cached:           286476 kB
MemTotal:        1844596 kB
MemFree:         1332588 kB
MemAvailable:    1532672 kB
Buffers:           31444 kB
Cached:           286476 kB
MemTotal:        1844596 kB
MemFree:         1331328 kB
MemAvailable:    1531412 kB
Buffers:           31444 kB
Cached:           286476 kB
MemTotal:        1844596 kB
MemFree:         1331196 kB
MemAvailable:    1531280 kB
Buffers:           31444 kB
Cached:           286476 kB
MemTotal:        1844596 kB
MemFree:         1331320 kB
MemAvailable:    1531404 kB
Buffers:           31444 kB
Cached:           286476 kB
MemTotal:        1844596 kB
MemFree:         1331568 kB
MemAvailable:    1531652 kB
Buffers:           31444 kB
Cached:           286476 kB
MemTotal:        1844596 kB
MemFree:         1332620 kB
MemAvailable:    1532704 kB
Buffers:           31444 kB
Cached:           286476 kB
MemTotal:        1844596 kB
MemFree:         1331444 kB
MemAvailable:    1531528 kB
Buffers:           31444 kB
Cached:           286476 kB
MemTotal:        1844596 kB
MemFree:         1332852 kB
MemAvailable:    1532936 kB
Buffers:           31444 kB
Cached:           286476 kB
MemTotal:        1844596 kB
MemFree:         1331312 kB
MemAvailable:    1531396 kB
Buffers:           31444 kB
Cached:           286476 kB
MemTotal:        1844596 kB
MemFree:         1331460 kB
MemAvailable:    1531548 kB
Buffers:           31444 kB
Cached:           286480 kB
MemTotal:        1844596 kB
MemFree:         1332388 kB
MemAvailable:    1532476 kB
Buffers:           31444 kB
Cached:           286480 kB
MemTotal:        1844596 kB
MemFree:         1331932 kB
MemAvailable:    1532020 kB
Buffers:           31444 kB
Cached:           286480 kB
MemTotal:        1844596 kB
MemFree:         1331932 kB
MemAvailable:    1532020 kB
Buffers:           31444 kB
Cached:           286480 kB
MemTotal:        1844596 kB
MemFree:         1331744 kB
MemAvailable:    1531832 kB
Buffers:           31444 kB
Cached:           286480 kB
MemTotal:        1844596 kB
MemFree:         1331808 kB
MemAvailable:    1531896 kB
Buffers:           31444 kB
Cached:           286480 kB
MemTotal:        1844596 kB
MemFree:         1330312 kB
MemAvailable:    1530400 kB
Buffers:           31444 kB
Cached:           286480 kB
MemTotal:        1844596 kB
MemFree:         1330320 kB
MemAvailable:    1530408 kB
Buffers:           31444 kB
Cached:           286480 kB
MemTotal:        1844596 kB
MemFree:         1331512 kB
MemAvailable:    1531600 kB
Buffers:           31444 kB
Cached:           286480 kB
MemTotal:        1844596 kB
MemFree:         1330140 kB
MemAvailable:    1530228 kB
Buffers:           31444 kB
Cached:           286480 kB
MemTotal:        1844596 kB
MemFree:         1331632 kB
MemAvailable:    1531720 kB
Buffers:           31444 kB
Cached:           286480 kB
MemTotal:        1844596 kB
MemFree:         1331520 kB
MemAvailable:    1531608 kB
Buffers:           31444 kB
Cached:           286480 kB
MemTotal:        1844596 kB
MemFree:         1330172 kB
MemAvailable:    1530260 kB
Buffers:           31444 kB
Cached:           286480 kB
MemTotal:        1844596 kB
MemFree:         1330776 kB
MemAvailable:    1530864 kB
Buffers:           31444 kB
Cached:           286480 kB
MemTotal:        1844596 kB
MemFree:         1328964 kB
MemAvailable:    1529052 kB
Buffers:           31444 kB
Cached:           286480 kB
MemTotal:        1844596 kB
MemFree:         1328980 kB
MemAvailable:    1529068 kB
Buffers:           31444 kB
Cached:           286480 kB
MemTotal:        1844596 kB
MemFree:         1325756 kB
MemAvailable:    1525844 kB
Buffers:           31444 kB
Cached:           286480 kB
MemTotal:        1844596 kB
MemFree:         1324352 kB
MemAvailable:    1524440 kB
Buffers:           31444 kB
Cached:           286480 kB
MemTotal:        1844596 kB
MemFree:         1323632 kB
MemAvailable:    1523720 kB
Buffers:           31444 kB
Cached:           286480 kB
MemTotal:        1844596 kB
MemFree:         1323632 kB
MemAvailable:    1523720 kB
Buffers:           31444 kB
Cached:           286480 kB
MemTotal:        1844596 kB
MemFree:         1323496 kB
MemAvailable:    1523584 kB
Buffers:           31444 kB
Cached:           286480 kB
MemTotal:        1844596 kB
MemFree:         1323648 kB
MemAvailable:    1523736 kB
Buffers:           31444 kB
Cached:           286480 kB
MemTotal:        1844596 kB
MemFree:         1323528 kB
MemAvailable:    1523616 kB
Buffers:           31444 kB
Cached:           286480 kB
MemTotal:        1844596 kB
MemFree:         1323528 kB
MemAvailable:    1523616 kB
Buffers:           31444 kB
Cached:           286480 kB
MemTotal:        1844596 kB
MemFree:         1323592 kB
MemAvailable:    1523680 kB
Buffers:           31444 kB
Cached:           286480 kB
MemTotal:        1844596 kB
MemFree:         1322352 kB
MemAvailable:    1522440 kB
Buffers:           31444 kB
Cached:           286480 kB
MemTotal:        1844596 kB
MemFree:         1323452 kB
MemAvailable:    1523540 kB
Buffers:           31444 kB
Cached:           286480 kB
MemTotal:        1844596 kB
MemFree:         1323276 kB
MemAvailable:    1523364 kB
Buffers:           31444 kB
Cached:           286480 kB
MemTotal:        1844596 kB
MemFree:         1323328 kB
MemAvailable:    1523416 kB
Buffers:           31444 kB
Cached:           286480 kB
MemTotal:        1844596 kB
MemFree:         1323580 kB
MemAvailable:    1523668 kB
Buffers:           31444 kB
Cached:           286480 kB
MemTotal:        1844596 kB
MemFree:         1323648 kB
MemAvailable:    1523736 kB
Buffers:           31444 kB
Cached:           286480 kB
MemTotal:        1844596 kB
MemFree:         1322888 kB
MemAvailable:    1522976 kB
Buffers:           31444 kB
Cached:           286480 kB
MemTotal:        1844596 kB
MemFree:         1322036 kB
MemAvailable:    1522124 kB
Buffers:           31444 kB
Cached:           286480 kB
MemTotal:        1844596 kB
MemFree:         1322660 kB
MemAvailable:    1522748 kB
Buffers:           31444 kB
Cached:           286480 kB
MemTotal:        1844596 kB
MemFree:         1321292 kB
MemAvailable:    1521380 kB
Buffers:           31444 kB
Cached:           286480 kB
MemTotal:        1844596 kB
MemFree:         1321964 kB
MemAvailable:    1522052 kB
Buffers:           31444 kB
Cached:           286480 kB
MemTotal:        1844596 kB
MemFree:         1321664 kB
MemAvailable:    1521752 kB
Buffers:           31444 kB
Cached:           286480 kB
MemTotal:        1844596 kB
MemFree:         1321792 kB
MemAvailable:    1521880 kB
Buffers:           31444 kB
Cached:           286480 kB
MemTotal:        1844596 kB
MemFree:         1320672 kB
MemAvailable:    1520760 kB
Buffers:           31444 kB
Cached:           286480 kB
MemTotal:        1844596 kB
MemFree:         1319672 kB
MemAvailable:    1519764 kB
Buffers:           31444 kB
Cached:           286484 kB
MemTotal:        1844596 kB
MemFree:         1320656 kB
MemAvailable:    1520748 kB
Buffers:           31444 kB
Cached:           286484 kB
MemTotal:        1844596 kB
MemFree:         1320548 kB
MemAvailable:    1520640 kB
Buffers:           31444 kB
Cached:           286484 kB
MemTotal:        1844596 kB
MemFree:         1320360 kB
MemAvailable:    1520452 kB
Buffers:           31444 kB
Cached:           286484 kB
MemTotal:        1844596 kB
MemFree:         1320104 kB
MemAvailable:    1520196 kB
Buffers:           31444 kB
Cached:           286484 kB
MemTotal:        1844596 kB
MemFree:         1318796 kB
MemAvailable:    1518888 kB
Buffers:           31444 kB
Cached:           286484 kB
MemTotal:        1844596 kB
MemFree:         1319788 kB
MemAvailable:    1519880 kB
Buffers:           31444 kB
Cached:           286484 kB
MemTotal:        1844596 kB
MemFree:         1319872 kB
MemAvailable:    1519964 kB
Buffers:           31444 kB
Cached:           286484 kB
MemTotal:        1844596 kB
MemFree:         1318420 kB
MemAvailable:    1518512 kB
Buffers:           31444 kB
Cached:           286484 kB
MemTotal:        1844596 kB
MemFree:         1319788 kB
MemAvailable:    1519880 kB
Buffers:           31444 kB
Cached:           286484 kB
MemTotal:        1844596 kB
MemFree:         1318408 kB
MemAvailable:    1518500 kB
Buffers:           31444 kB
Cached:           286484 kB
MemTotal:        1844596 kB
MemFree:         1319716 kB
MemAvailable:    1519808 kB
Buffers:           31444 kB
Cached:           286484 kB
MemTotal:        1844596 kB
MemFree:         1318540 kB
MemAvailable:    1518632 kB
Buffers:           31444 kB
Cached:           286484 kB
MemTotal:        1844596 kB
MemFree:         1319176 kB
MemAvailable:    1519268 kB
Buffers:           31444 kB
Cached:           286484 kB
MemTotal:        1844596 kB
MemFree:         1317516 kB
MemAvailable:    1517608 kB
Buffers:           31444 kB
Cached:           286484 kB
MemTotal:        1844596 kB
MemFree:         1316136 kB
MemAvailable:    1516228 kB
Buffers:           31444 kB
Cached:           286484 kB
MemTotal:        1844596 kB
MemFree:         1315084 kB
MemAvailable:    1515176 kB
Buffers:           31444 kB
Cached:           286484 kB
MemTotal:        1844596 kB
MemFree:         1311124 kB
MemAvailable:    1511216 kB
Buffers:           31444 kB
Cached:           286484 kB
MemTotal:        1844596 kB
MemFree:         1311000 kB
MemAvailable:    1511092 kB
Buffers:           31444 kB
Cached:           286484 kB
MemTotal:        1844596 kB
MemFree:         1310876 kB
MemAvailable:    1510968 kB
Buffers:           31444 kB
Cached:           286484 kB
MemTotal:        1844596 kB
MemFree:         1311860 kB
MemAvailable:    1511952 kB
Buffers:           31444 kB
Cached:           286484 kB
MemTotal:        1844596 kB
MemFree:         1310488 kB
MemAvailable:    1510580 kB
Buffers:           31444 kB
Cached:           286484 kB
MemTotal:        1844596 kB
MemFree:         1313872 kB
MemAvailable:    1513964 kB
Buffers:           31444 kB
Cached:           286484 kB
MemTotal:        1844596 kB
MemFree:         1312432 kB
MemAvailable:    1512524 kB
Buffers:           31444 kB
Cached:           286484 kB
MemTotal:        1844596 kB
MemFree:         1313216 kB
MemAvailable:    1513392 kB
Buffers:           31444 kB
Cached:           286608 kB
MemTotal:        1844596 kB
MemFree:         1313300 kB
MemAvailable:    1513476 kB
Buffers:           31444 kB
Cached:           286608 kB
MemTotal:        1844596 kB
MemFree:         1313052 kB
MemAvailable:    1513396 kB
Buffers:           31444 kB
Cached:           286732 kB
MemTotal:        1844596 kB
MemFree:         1313024 kB
MemAvailable:    1513452 kB
Buffers:           31444 kB
Cached:           286856 kB
MemTotal:        1844596 kB
MemFree:         1312728 kB
MemAvailable:    1513324 kB
Buffers:           31456 kB
Cached:           287028 kB
MemTotal:        1844596 kB
MemFree:         1312712 kB
MemAvailable:    1513392 kB
Buffers:           31456 kB
Cached:           287152 kB
MemTotal:        1844596 kB
MemFree:         1312712 kB
MemAvailable:    1513392 kB
Buffers:           31456 kB
Cached:           287152 kB
MemTotal:        1844596 kB
MemFree:         1312556 kB
MemAvailable:    1513304 kB
Buffers:           31456 kB
Cached:           287140 kB
MemTotal:        1844596 kB
MemFree:         1311436 kB
MemAvailable:    1512184 kB
Buffers:           31456 kB
Cached:           287140 kB
MemTotal:        1844596 kB
MemFree:         1312612 kB
MemAvailable:    1513380 kB
Buffers:           31456 kB
Cached:           287148 kB
MemTotal:        1844596 kB
MemFree:         1312116 kB
MemAvailable:    1512884 kB
Buffers:           31456 kB
Cached:           287148 kB
MemTotal:        1844596 kB
MemFree:         1312620 kB
MemAvailable:    1513388 kB
Buffers:           31456 kB
Cached:           287148 kB
MemTotal:        1844596 kB
MemFree:         1312656 kB
MemAvailable:    1513424 kB
Buffers:           31456 kB
Cached:           287148 kB
MemTotal:        1844596 kB
MemFree:         1311744 kB
MemAvailable:    1512512 kB
Buffers:           31456 kB
Cached:           287148 kB
MemTotal:        1844596 kB
MemFree:         1311648 kB
MemAvailable:    1511828 kB
Buffers:           31456 kB
Cached:           286516 kB
MemTotal:        1844596 kB
MemFree:         1378920 kB
MemAvailable:    1579100 kB
Buffers:           31456 kB
Cached:           286516 kB
