MemTotal:        1844596 kB
MemFree:         1349696 kB
MemAvailable:    1580300 kB
Buffers:           36092 kB
Cached:           312300 kB
MemTotal:        1844596 kB
MemFree:         1321540 kB
MemAvailable:    1552064 kB
Buffers:           36096 kB
Cached:           312304 kB
MemTotal:        1844596 kB
MemFree:         1322368 kB
MemAvailable:    1552892 kB
Buffers:           36096 kB
Cached:           312304 kB
MemTotal:        1844596 kB
MemFree:         1320360 kB
MemAvailable:    1550884 kB
Buffers:           36096 kB
Cached:           312304 kB
MemTotal:        1844596 kB
MemFree:         1317572 kB
MemAvailable:    1548096 kB
Buffers:           36096 kB
Cached:           312304 kB
MemTotal:        1844596 kB
MemFree:         1318672 kB
MemAvailable:    1549196 kB
Buffers:           36096 kB
Cached:           312304 kB
MemTotal:        1844596 kB
MemFree:         1318672 kB
MemAvailable:    1549196 kB
Buffers:           36096 kB
Cached:           312304 kB
MemTotal:        1844596 kB
MemFree:         1315712 kB
MemAvailable:    1546236 kB
Buffers:           36096 kB
Cached:           312304 kB
MemTotal:        1844596 kB
MemFree:         1312116 kB
MemAvailable:    1542640 kB
Buffers:           36096 kB
Cached:           312304 kB
MemTotal:        1844596 kB
MemFree:         1309884 kB
MemAvailable:    1540408 kB
Buffers:           36096 kB
Cached:           312304 kB
MemTotal:        1844596 kB
MemFree:         1309012 kB
MemAvailable:    1539536 kB
Buffers:           36096 kB
Cached:           312304 kB
MemTotal:        1844596 kB
MemFree:         1307580 kB
MemAvailable:    1538104 kB
Buffers:           36096 kB
Cached:           312304 kB
MemTotal:        1844596 kB
MemFree:         1307704 kB
MemAvailable:    1538228 kB
Buffers:           36096 kB
Cached:           312304 kB
MemTotal:        1844596 kB
MemFree:         1309068 kB
MemAvailable:    1539592 kB
Buffers:           36096 kB
Cached:           312304 kB
MemTotal:        1844596 kB
MemFree:         1307696 kB
MemAvailable:    1538220 kB
Buffers:           36096 kB
Cached:           312304 kB
MemTotal:        1844596 kB
MemFree:         1308704 kB
MemAvailable:    1539228 kB
Buffers:           36096 kB
Cached:           312304 kB
MemTotal:        1844596 kB
MemFree:         1306908 kB
MemAvailable:    1537432 kB
Buffers:           36096 kB
Cached:           312304 kB
MemTotal:        1844596 kB
MemFree:         1306644 kB
MemAvailable:    1537168 kB
Buffers:           36108 kB
Cached:           312292 kB
MemTotal:        1844596 kB
MemFree:         1306728 kB
MemAvailable:    1537252 kB
Buffers:           36108 kB
Cached:           312292 kB
MemTotal:        1844596 kB
MemFree:         1306540 kB
MemAvailable:    1537064 kB
Buffers:           36108 kB
Cached:           312292 kB
MemTotal:        1844596 kB
MemFree:         1306576 kB
MemAvailable:    1537100 kB
Buffers:           36108 kB
Cached:           312292 kB
MemTotal:        1844596 kB
MemFree:         1306500 kB
MemAvailable:    1537024 kB
Buffers:           36108 kB
Cached:           312292 kB
MemTotal:        1844596 kB
MemFree:         1306372 kB
MemAvailable:    1536896 kB
Buffers:           36108 kB
Cached:           312292 kB
MemTotal:        1844596 kB
MemFree:         1306624 kB
MemAvailable:    1537148 kB
Buffers:           36108 kB
Cached:           312292 kB
MemTotal:        1844596 kB
MemFree:         1305116 kB
MemAvailable:    1535640 kB
Buffers:           36108 kB
Cached:           312292 kB
MemTotal:        1844596 kB
MemFree:         1305240 kB
MemAvailable:    1535764 kB
Buffers:           36108 kB
Cached:           312292 kB
MemTotal:        1844596 kB
MemFree:         1306584 kB
MemAvailable:    1537108 kB
Buffers:           36108 kB
Cached:           312292 kB
MemTotal:        1844596 kB
MemFree:         1307820 kB
MemAvailable:    1538344 kB
Buffers:           36108 kB
Cached:           312292 kB
MemTotal:        1844596 kB
MemFree:         1307852 kB
MemAvailable:    1538376 kB
Buffers:           36108 kB
Cached:           312292 kB
MemTotal:        1844596 kB
MemFree:         1304536 kB
MemAvailable:    1535060 kB
Buffers:           36108 kB
Cached:           312292 kB
MemTotal:        1844596 kB
MemFree:         1304304 kB
MemAvailable:    1534828 kB
Buffers:           36108 kB
Cached:           312292 kB
MemTotal:        1844596 kB
MemFree:         1303040 kB
MemAvailable:    1533564 kB
Buffers:           36108 kB
Cached:           312292 kB
MemTotal:        1844596 kB
MemFree:         1302444 kB
MemAvailable:    1532968 kB
Buffers:           36108 kB
Cached:           312292 kB
MemTotal:        1844596 kB
MemFree:         1303264 kB
MemAvailable:    1533788 kB
Buffers:           36108 kB
Cached:           312292 kB
MemTotal:        1844596 kB
MemFree:         1302628 kB
MemAvailable:    1533152 kB
Buffers:           36108 kB
Cached:           312292 kB
MemTotal:        1844596 kB
MemFree:         1302560 kB
MemAvailable:    1533084 kB
Buffers:           36108 kB
Cached:           312292 kB
MemTotal:        1844596 kB
MemFree:         1301024 kB
MemAvailable:    1531548 kB
Buffers:           36108 kB
Cached:           312292 kB
MemTotal:        1844596 kB
MemFree:         1302576 kB
MemAvailable:    1533100 kB
Buffers:           36108 kB
Cached:           312292 kB
MemTotal:        1844596 kB
MemFree:         1302340 kB
MemAvailable:    1532880 kB
Buffers:           36108 kB
Cached:           312308 kB
MemTotal:        1844596 kB
MemFree:         1301080 kB
MemAvailable:    1531620 kB
Buffers:           36108 kB
Cached:           312308 kB
MemTotal:        1844596 kB
MemFree:         1300948 kB
MemAvailable:    1531488 kB
Buffers:           36108 kB
Cached:           312308 kB
MemTotal:        1844596 kB
MemFree:         1300832 kB
MemAvailable:    1531372 kB
Buffers:           36108 kB
Cached:           312308 kB
MemTotal:        1844596 kB
MemFree:         1300328 kB
MemAvailable:    1530868 kB
Buffers:           36108 kB
Cached:           312308 kB
MemTotal:        1844596 kB
MemFree:         1300328 kB
MemAvailable:    1530868 kB
Buffers:           36108 kB
Cached:           312308 kB
MemTotal:        1844596 kB
MemFree:         1301516 kB
MemAvailable:    1532056 kB
Buffers:           36108 kB
Cached:           312308 kB
MemTotal:        1844596 kB
MemFree:         1299896 kB
MemAvailable:    1530436 kB
Buffers:           36108 kB
Cached:           312308 kB
MemTotal:        1844596 kB
MemFree:         1301204 kB
MemAvailable:    1531744 kB
Buffers:           36108 kB
Cached:           312308 kB
MemTotal:        1844596 kB
MemFree:         1300020 kB
MemAvailable:    1530560 kB
Buffers:           36108 kB
Cached:           312308 kB
MemTotal:        1844596 kB
MemFree:         1300020 kB
MemAvailable:    1530560 kB
Buffers:           36108 kB
Cached:           312308 kB
MemTotal:        1844596 kB
MemFree:         1299880 kB
MemAvailable:    1530420 kB
Buffers:           36108 kB
Cached:           312308 kB
MemTotal:        1844596 kB
MemFree:         1299932 kB
MemAvailable:    1530472 kB
Buffers:           36108 kB
Cached:           312308 kB
MemTotal:        1844596 kB
MemFree:         1300056 kB
MemAvailable:    1530596 kB
Buffers:           36108 kB
Cached:           312308 kB
MemTotal:        1844596 kB
MemFree:         1301040 kB
MemAvailable:    1531580 kB
Buffers:           36108 kB
Cached:           312308 kB
MemTotal:        1844596 kB
MemFree:         1299668 kB
MemAvailable:    1530208 kB
Buffers:           36108 kB
Cached:           312308 kB
MemTotal:        1844596 kB
MemFree:         1301136 kB
MemAvailable:    1531676 kB
Buffers:           36108 kB
Cached:           312308 kB
MemTotal:        1844596 kB
MemFree:         1299700 kB
MemAvailable:    1530240 kB
Buffers:           36108 kB
Cached:           312308 kB
MemTotal:        1844596 kB
MemFree:         1300708 kB
MemAvailable:    1531248 kB
Buffers:           36108 kB
Cached:           312308 kB
MemTotal:        1844596 kB
MemFree:         1300280 kB
MemAvailable:    1530820 kB
Buffers:           36108 kB
Cached:           312308 kB
MemTotal:        1844596 kB
MemFree:         1300212 kB
MemAvailable:    1530752 kB
Buffers:           36108 kB
Cached:           312308 kB
MemTotal:        1844596 kB
MemFree:         1298908 kB
MemAvailable:    1529448 kB
Buffers:           36108 kB
Cached:           312308 kB
MemTotal:        1844596 kB
MemFree:         1300308 kB
MemAvailable:    1530848 kB
Buffers:           36108 kB
Cached:           312308 kB
MemTotal:        1844596 kB
MemFree:         1300560 kB
MemAvailable:    1531100 kB
Buffers:           36108 kB
Cached:           312308 kB
MemTotal:        1844596 kB
MemFree:         1299196 kB
MemAvailable:    1529736 kB
Buffers:           36108 kB
Cached:           312308 kB
MemTotal:        1844596 kB
MemFree:         1299328 kB
MemAvailable:    1529868 kB
Buffers:           36108 kB
Cached:           312308 kB
MemTotal:        1844596 kB
MemFree:         1300444 kB
MemAvailable:    1530984 kB
Buffers:           36108 kB
Cached:           312308 kB
MemTotal:        1844596 kB
MemFree:         1298948 kB
MemAvailable:    1529488 kB
Buffers:           36108 kB
Cached:           312308 kB
MemTotal:        1844596 kB
MemFree:         1298352 kB
MemAvailable:    1528892 kB
Buffers:           36108 kB
Cached:           312308 kB
MemTotal:        1844596 kB
MemFree:         1296492 kB
MemAvailable:    1527032 kB
Buffers:           36108 kB
Cached:           312308 kB
MemTotal:        1844596 kB
MemFree:         1294252 kB
MemAvailable:    1524792 kB
Buffers:           36108 kB
Cached:           312308 kB
MemTotal:        1844596 kB
MemFree:         1292784 kB
MemAvailable:    1523324 kB
Buffers:           36108 kB
Cached:           312308 kB
MemTotal:        1844596 kB
MemFree:         1292660 kB
MemAvailable:    1523200 kB
Buffers:           36108 kB
Cached:           312308 kB
MemTotal:        1844596 kB
MemFree:         1292592 kB
MemAvailable:    1523132 kB
Buffers:           36108 kB
Cached:           312308 kB
MemTotal:        1844596 kB
MemFree:         1291072 kB
MemAvailable:    1521612 kB
Buffers:           36108 kB
Cached:           312308 kB
MemTotal:        1844596 kB
MemFree:         1292360 kB
MemAvailable:    1522900 kB
Buffers:           36108 kB
Cached:           312308 kB
MemTotal:        1844596 kB
MemFree:         1291160 kB
MemAvailable:    1521700 kB
Buffers:           36108 kB
Cached:           312308 kB
MemTotal:        1844596 kB
MemFree:         1292568 kB
MemAvailable:    1523108 kB
Buffers:           36108 kB
Cached:           312308 kB
MemTotal:        1844596 kB
MemFree:         1292460 kB
MemAvailable:    1523000 kB
Buffers:           36108 kB
Cached:           312308 kB
MemTotal:        1844596 kB
MemFree:         1292384 kB
MemAvailable:    1522924 kB
Buffers:           36108 kB
Cached:           312308 kB
MemTotal:        1844596 kB
MemFree:         1292636 kB
MemAvailable:    1523176 kB
Buffers:           36108 kB
Cached:           312308 kB
MemTotal:        1844596 kB
MemFree:         1292136 kB
MemAvailable:    1522676 kB
Buffers:           36108 kB
Cached:           312308 kB
MemTotal:        1844596 kB
MemFree:         1292320 kB
MemAvailable:    1522860 kB
Buffers:           36108 kB
Cached:           312308 kB
MemTotal:        1844596 kB
MemFree:         1291012 kB
MemAvailable:    1521552 kB
Buffers:           36108 kB
Cached:           312308 kB
MemTotal:        1844596 kB
MemFree:         1292128 kB
MemAvailable:    1522668 kB
Buffers:           36108 kB
Cached:           312308 kB
MemTotal:        1844596 kB
MemFree:         1292128 kB
MemAvailable:    1522668 kB
Buffers:           36108 kB
Cached:           312308 kB
MemTotal:        1844596 kB
MemFree:         1290516 kB
MemAvailable:    1521056 kB
Buffers:           36108 kB
Cached:           312308 kB
MemTotal:        1844596 kB
MemFree:         1291468 kB
MemAvailable:    1522008 kB
Buffers:           36108 kB
Cached:           312308 kB
MemTotal:        1844596 kB
MemFree:         1290036 kB
MemAvailable:    1520576 kB
Buffers:           36108 kB
Cached:           312308 kB
MemTotal:        1844596 kB
MemFree:         1290640 kB
MemAvailable:    1521180 kB
Buffers:           36108 kB
Cached:           312308 kB
MemTotal:        1844596 kB
MemFree:         1290168 kB
MemAvailable:    1520708 kB
Buffers:           36108 kB
Cached:           312308 kB
MemTotal:        1844596 kB
MemFree:         1290544 kB
MemAvailable:    1521084 kB
Buffers:           36108 kB
Cached:           312308 kB
MemTotal:        1844596 kB
MemFree:         1289756 kB
MemAvailable:    1520296 kB
Buffers:           36108 kB
Cached:           312308 kB
MemTotal:        1844596 kB
MemFree:         1288432 kB
MemAvailable:    1518972 kB
Buffers:           36108 kB
Cached:           312308 kB
MemTotal:        1844596 kB
MemFree:         1289984 kB
MemAvailable:    1520524 kB
Buffers:           36108 kB
Cached:           312308 kB
MemTotal:        1844596 kB
MemFree:         1288980 kB
MemAvailable:    1519520 kB
Buffers:           36108 kB
Cached:           312308 kB
MemTotal:        1844596 kB
MemFree:         1287804 kB
MemAvailable:    1518344 kB
Buffers:           36108 kB
Cached:           312308 kB
MemTotal:        1844596 kB
MemFree:         1288532 kB
MemAvailable:    1519072 kB
Buffers:           36108 kB
Cached:           312308 kB
MemTotal:        1844596 kB
MemFree:         1288616 kB
MemAvailable:    1519156 kB
Buffers:           36108 kB
Cached:           312308 kB
MemTotal:        1844596 kB
MemFree:         1288596 kB
MemAvailable:    1519136 kB
Buffers:           36108 kB
Cached:           312308 kB
MemTotal:        1844596 kB
MemFree:         1288572 kB
MemAvailable:    1519112 kB
Buffers:           36108 kB
Cached:           312308 kB
MemTotal:        1844596 kB
MemFree:         1288460 kB
MemAvailable:    1519000 kB
Buffers:           36108 kB
Cached:           312308 kB
MemTotal:        1844596 kB
MemFree:         1287812 kB
MemAvailable:    1518352 kB
Buffers:           36108 kB
Cached:           312308 kB
MemTotal:        1844596 kB
MemFree:         1288364 kB
MemAvailable:    1518904 kB
Buffers:           36108 kB
Cached:           312308 kB
MemTotal:        1844596 kB
MemFree:         1288432 kB
MemAvailable:    1518972 kB
Buffers:           36108 kB
Cached:           312308 kB
MemTotal:        1844596 kB
MemFree:         1287384 kB
MemAvailable:    1517924 kB
Buffers:           36108 kB
Cached:           312308 kB
MemTotal:        1844596 kB
MemFree:         1287920 kB
MemAvailable:    1518460 kB
Buffers:           36108 kB
Cached:           312308 kB
MemTotal:        1844596 kB
MemFree:         1288004 kB
MemAvailable:    1518544 kB
Buffers:           36108 kB
Cached:           312308 kB
MemTotal:        1844596 kB
MemFree:         1286640 kB
MemAvailable:    1517184 kB
Buffers:           36108 kB
Cached:           312312 kB
MemTotal:        1844596 kB
MemFree:         1280124 kB
MemAvailable:    1510668 kB
Buffers:           36108 kB
Cached:           312312 kB
MemTotal:        1844596 kB
MemFree:         1281108 kB
MemAvailable:    1511656 kB
Buffers:           36108 kB
Cached:           312316 kB
MemTotal:        1844596 kB
MemFree:         1279628 kB
MemAvailable:    1510176 kB
Buffers:           36108 kB
Cached:           312316 kB
MemTotal:        1844596 kB
MemFree:         1279744 kB
MemAvailable:    1510292 kB
Buffers:           36108 kB
Cached:           312316 kB
MemTotal:        1844596 kB
MemFree:         1279992 kB
MemAvailable:    1510540 kB
Buffers:           36108 kB
Cached:           312316 kB
MemTotal:        1844596 kB
MemFree:         1281276 kB
MemAvailable:    1511824 kB
Buffers:           36108 kB
Cached:           312316 kB
MemTotal:        1844596 kB
MemFree:         1282460 kB
MemAvailable:    1513092 kB
Buffers:           36108 kB
Cached:           312440 kB
MemTotal:        1844596 kB
MemFree:         1281840 kB
MemAvailable:    1512556 kB
Buffers:           36108 kB
Cached:           312564 kB
MemTotal:        1844596 kB
MemFree:         1282096 kB
MemAvailable:    1512812 kB
Buffers:           36108 kB
Cached:           312564 kB
MemTotal:        1844596 kB
MemFree:         1281576 kB
MemAvailable:    1512544 kB
Buffers:           36108 kB
Cached:           312812 kB
MemTotal:        1844596 kB
MemFree:         1281660 kB
MemAvailable:    1512628 kB
Buffers:           36108 kB
Cached:           312812 kB
MemTotal:        1844596 kB
MemFree:         1280776 kB
MemAvailable:    1511912 kB
Buffers:           36108 kB
Cached:           312936 kB
MemTotal:        1844596 kB
MemFree:         1280000 kB
MemAvailable:    1511136 kB
Buffers:           36108 kB
Cached:           312936 kB
MemTotal:        1844596 kB
MemFree:         1281488 kB
MemAvailable:    1512624 kB
Buffers:           36108 kB
Cached:           312936 kB
MemTotal:        1844596 kB
MemFree:         1281224 kB
MemAvailable:    1512360 kB
Buffers:           36108 kB
Cached:           312936 kB
MemTotal:        1844596 kB
MemFree:         1281560 kB
MemAvailable:    1512696 kB
Buffers:           36108 kB
Cached:           312936 kB
MemTotal:        1844596 kB
MemFree:         1280068 kB
MemAvailable:    1511204 kB
Buffers:           36108 kB
Cached:           312936 kB
MemTotal:        1844596 kB
MemFree:         1281424 kB
MemAvailable:    1512560 kB
Buffers:           36108 kB
Cached:           312936 kB
MemTotal:        1844596 kB
MemFree:         1281368 kB
MemAvailable:    1512504 kB
Buffers:           36108 kB
Cached:           312936 kB
MemTotal:        1844596 kB
MemFree:         1281920 kB
MemAvailable:    1512468 kB
Buffers:           36108 kB
Cached:           312304 kB
MemTotal:        1844596 kB
MemFree:         1282088 kB
MemAvailable:    1512636 kB
Buffers:           36108 kB
Cached:           312304 kB
MemTotal:        1844596 kB
MemFree:         1346464 kB
MemAvailable:    1577012 kB
Buffers:           36108 kB
Cached:           312304 kB
