MemTotal:        1844596 kB
MemFree:         1389596 kB
MemAvailable:    1583440 kB
Buffers:           30472 kB
Cached:           279368 kB
MemTotal:        1844596 kB
MemFree:         1361704 kB
MemAvailable:    1555556 kB
Buffers:           30472 kB
Cached:           279372 kB
MemTotal:        1844596 kB
MemFree:         1362200 kB
MemAvailable:    1556052 kB
Buffers:           30472 kB
Cached:           279372 kB
MemTotal:        1844596 kB
MemFree:         1358852 kB
MemAvailable:    1552704 kB
Buffers:           30472 kB
Cached:           279372 kB
MemTotal:        1844596 kB
MemFree:         1358720 kB
MemAvailable:    1552572 kB
Buffers:           30472 kB
Cached:           279372 kB
MemTotal:        1844596 kB
MemFree:         1356968 kB
MemAvailable:    1550820 kB
Buffers:           30472 kB
Cached:           279372 kB
MemTotal:        1844596 kB
MemFree:         1357208 kB
MemAvailable:    1551060 kB
Buffers:           30472 kB
Cached:           279372 kB
MemTotal:        1844596 kB
MemFree:         1356860 kB
MemAvailable:    1550712 kB
Buffers:           30472 kB
Cached:           279372 kB
MemTotal:        1844596 kB
MemFree:         1354200 kB
MemAvailable:    1548052 kB
Buffers:           30472 kB
Cached:           279372 kB
MemTotal:        1844596 kB
MemFree:         1351784 kB
MemAvailable:    1545636 kB
Buffers:           30472 kB
Cached:           279372 kB
MemTotal:        1844596 kB
MemFree:         1348352 kB
MemAvailable:    1542204 kB
Buffers:           30472 kB
Cached:           279372 kB
MemTotal:        1844596 kB
MemFree:         1348688 kB
MemAvailable:    1542540 kB
Buffers:           30472 kB
Cached:           279372 kB
MemTotal:        1844596 kB
MemFree:         1348744 kB
MemAvailable:    1542596 kB
Buffers:           30472 kB
Cached:           279372 kB
MemTotal:        1844596 kB
MemFree:         1348668 kB
MemAvailable:    1542520 kB
Buffers:           30472 kB
Cached:           279376 kB
MemTotal:        1844596 kB
MemFree:         1348808 kB
MemAvailable:    1542660 kB
Buffers:           30472 kB
Cached:           279376 kB
MemTotal:        1844596 kB
MemFree:         1348604 kB
MemAvailable:    1542456 kB
Buffers:           30472 kB
Cached:           279376 kB
MemTotal:        1844596 kB
MemFree:         1347552 kB
MemAvailable:    1541404 kB
Buffers:           30472 kB
Cached:           279376 kB
MemTotal:        1844596 kB
MemFree:         1346676 kB
MemAvailable:    1540528 kB
Buffers:           30472 kB
Cached:           279376 kB
MemTotal:        1844596 kB
MemFree:         1346568 kB
MemAvailable:    1540420 kB
Buffers:           30472 kB
Cached:           279376 kB
MemTotal:        1844596 kB
MemFree:         1346448 kB
MemAvailable:    1540300 kB
Buffers:           30472 kB
Cached:           279376 kB
MemTotal:        1844596 kB
MemFree:         1346316 kB
MemAvailable:    1540168 kB
Buffers:           30472 kB
Cached:           279376 kB
MemTotal:        1844596 kB
MemFree:         1346240 kB
MemAvailable:    1540092 kB
Buffers:           30472 kB
Cached:           279376 kB
MemTotal:        1844596 kB
MemFree:         1344920 kB
MemAvailable:    1538772 kB
Buffers:           30472 kB
Cached:           279376 kB
MemTotal:        1844596 kB
MemFree:         1344920 kB
MemAvailable:    1538772 kB
Buffers:           30472 kB
Cached:           279376 kB
MemTotal:        1844596 kB
MemFree:         1346264 kB
MemAvailable:    1540116 kB
Buffers:           30472 kB
Cached:           279376 kB
MemTotal:        1844596 kB
MemFree:         1345336 kB
MemAvailable:    1539188 kB
Buffers:           30472 kB
Cached:           279376 kB
MemTotal:        1844596 kB
MemFree:         1345212 kB
MemAvailable:    1539064 kB
Buffers:           30472 kB
Cached:           279376 kB
MemTotal:        1844596 kB
MemFree:         1347472 kB
MemAvailable:    1541324 kB
Buffers:           30472 kB
Cached:           279376 kB
MemTotal:        1844596 kB
MemFree:         1347320 kB
MemAvailable:    1541172 kB
Buffers:           30472 kB
Cached:           279376 kB
MemTotal:        1844596 kB
MemFree:         1346636 kB
MemAvailable:    1540488 kB
Buffers:           30472 kB
Cached:           279376 kB
MemTotal:        1844596 kB
MemFree:         1343724 kB
MemAvailable:    1537576 kB
Buffers:           30472 kB
Cached:           279376 kB
MemTotal:        1844596 kB
MemFree:         1343096 kB
MemAvailable:    1536948 kB
Buffers:           30472 kB
Cached:           279376 kB
MemTotal:        1844596 kB
MemFree:         1342856 kB
MemAvailable:    1536708 kB
Buffers:           30472 kB
Cached:           279376 kB
MemTotal:        1844596 kB
MemFree:         1343288 kB
MemAvailable:    1537140 kB
Buffers:           30472 kB
Cached:           279376 kB
MemTotal:        1844596 kB
MemFree:         1342544 kB
MemAvailable:    1536396 kB
Buffers:           30472 kB
Cached:           279376 kB
MemTotal:        1844596 kB
MemFree:         1341112 kB
MemAvailable:    1534964 kB
Buffers:           30472 kB
Cached:           279376 kB
MemTotal:        1844596 kB
MemFree:         1342080 kB
MemAvailable:    1535932 kB
Buffers:           30472 kB
Cached:           279376 kB
MemTotal:        1844596 kB
MemFree:         1341980 kB
MemAvailable:    1535832 kB
Buffers:           30472 kB
Cached:           279376 kB
MemTotal:        1844596 kB
MemFree:         1341924 kB
MemAvailable:    1535776 kB
Buffers:           30472 kB
Cached:           279376 kB
MemTotal:        1844596 kB
MemFree:         1340684 kB
MemAvailable:    1534536 kB
Buffers:           30472 kB
Cached:           279376 kB
MemTotal:        1844596 kB
MemFree:         1340844 kB
MemAvailable:    1534696 kB
Buffers:           30472 kB
Cached:           279376 kB
MemTotal:        1844596 kB
MemFree:         1340748 kB
MemAvailable:    1534600 kB
Buffers:           30472 kB
Cached:           279376 kB
MemTotal:        1844596 kB
MemFree:         1341616 kB
MemAvailable:    1535468 kB
Buffers:           30472 kB
Cached:           279376 kB
MemTotal:        1844596 kB
MemFree:         1340368 kB
MemAvailable:    1534220 kB
Buffers:           30472 kB
Cached:           279376 kB
MemTotal:        1844596 kB
MemFree:         1341112 kB
MemAvailable:    1534964 kB
Buffers:           30472 kB
Cached:           279376 kB
MemTotal:        1844596 kB
MemFree:         1341128 kB
MemAvailable:    1534980 kB
Buffers:           30472 kB
Cached:           279376 kB
MemTotal:        1844596 kB
MemFree:         1339820 kB
MemAvailable:    1533672 kB
Buffers:           30472 kB
Cached:           279376 kB
MemTotal:        1844596 kB
MemFree:         1340920 kB
MemAvailable:    1534772 kB
Buffers:           30472 kB
Cached:           279376 kB
MemTotal:        1844596 kB
MemFree:         1341172 kB
MemAvailable:    1535024 kB
Buffers:           30472 kB
Cached:           279376 kB
MemTotal:        1844596 kB
MemFree:         1341052 kB
MemAvailable:    1534904 kB
Buffers:           30472 kB
Cached:           279376 kB
MemTotal:        1844596 kB
MemFree:         1341052 kB
MemAvailable:    1534904 kB
Buffers:           30472 kB
Cached:           279376 kB
MemTotal:        1844596 kB
MemFree:         1339692 kB
MemAvailable:    1533544 kB
Buffers:           30472 kB
Cached:           279376 kB
MemTotal:        1844596 kB
MemFree:         1340800 kB
MemAvailable:    1534652 kB
Buffers:           30472 kB
Cached:           279376 kB
MemTotal:        1844596 kB
MemFree:         1339992 kB
MemAvailable:    1533844 kB
Buffers:           30472 kB
Cached:           279376 kB
MemTotal:        1844596 kB
MemFree:         1340988 kB
MemAvailable:    1534840 kB
Buffers:           30472 kB
Cached:           279376 kB
MemTotal:        1844596 kB
MemFree:         1340668 kB
MemAvailable:    1534520 kB
Buffers:           30472 kB
Cached:           279376 kB
MemTotal:        1844596 kB
MemFree:         1340800 kB
MemAvailable:    1534652 kB
Buffers:           30472 kB
Cached:           279376 kB
MemTotal:        1844596 kB
MemFree:         1339188 kB
MemAvailable:    1533040 kB
Buffers:           30472 kB
Cached:           279376 kB
MemTotal:        1844596 kB
MemFree:         1339188 kB
MemAvailable:    1533040 kB
Buffers:           30472 kB
Cached:           279376 kB
MemTotal:        1844596 kB
MemFree:         1340312 kB
MemAvailable:    1534164 kB
Buffers:           30472 kB
Cached:           279376 kB
MemTotal:        1844596 kB
MemFree:         1340064 kB
MemAvailable:    1533916 kB
Buffers:           30472 kB
Cached:           279376 kB
MemTotal:        1844596 kB
MemFree:         1340316 kB
MemAvailable:    1534168 kB
Buffers:           30472 kB
Cached:           279376 kB
MemTotal:        1844596 kB
MemFree:         1340100 kB
MemAvailable:    1533952 kB
Buffers:           30472 kB
Cached:           279376 kB
MemTotal:        1844596 kB
MemFree:         1340144 kB
MemAvailable:    1533996 kB
Buffers:           30472 kB
Cached:           279376 kB
MemTotal:        1844596 kB
MemFree:         1340036 kB
MemAvailable:    1533888 kB
Buffers:           30472 kB
Cached:           279376 kB
MemTotal:        1844596 kB
MemFree:         1338756 kB
MemAvailable:    1532608 kB
Buffers:           30472 kB
Cached:           279376 kB
MemTotal:        1844596 kB
MemFree:         1340128 kB
MemAvailable:    1533980 kB
Buffers:           30472 kB
Cached:           279376 kB
MemTotal:        1844596 kB
MemFree:         1339260 kB
MemAvailable:    1533112 kB
Buffers:           30472 kB
Cached:           279376 kB
MemTotal:        1844596 kB
MemFree:         1338764 kB
MemAvailable:    1532624 kB
Buffers:           30472 kB
Cached:           279380 kB
MemTotal:        1844596 kB
MemFree:         1338624 kB
MemAvailable:    1532484 kB
Buffers:           30472 kB
Cached:           279380 kB
MemTotal:        1844596 kB
MemFree:         1334416 kB
MemAvailable:    1528276 kB
Buffers:           30472 kB
Cached:           279380 kB
MemTotal:        1844596 kB
MemFree:         1332936 kB
MemAvailable:    1526796 kB
Buffers:           30472 kB
Cached:           279380 kB
MemTotal:        1844596 kB
MemFree:         1332300 kB
MemAvailable:    1526160 kB
Buffers:           30472 kB
Cached:           279380 kB
MemTotal:        1844596 kB
MemFree:         1331696 kB
MemAvailable:    1525556 kB
Buffers:           30472 kB
Cached:           279380 kB
MemTotal:        1844596 kB
MemFree:         1330764 kB
MemAvailable:    1524624 kB
Buffers:           30472 kB
Cached:           279380 kB
MemTotal:        1844596 kB
MemFree:         1332164 kB
MemAvailable:    1526024 kB
Buffers:           30472 kB
Cached:           279380 kB
MemTotal:        1844596 kB
MemFree:         1331696 kB
MemAvailable:    1525556 kB
Buffers:           30472 kB
Cached:           279380 kB
MemTotal:        1844596 kB
MemFree:         1332112 kB
MemAvailable:    1525972 kB
Buffers:           30472 kB
Cached:           279380 kB
MemTotal:        1844596 kB
MemFree:         1332196 kB
MemAvailable:    1526056 kB
Buffers:           30472 kB
Cached:           279380 kB
MemTotal:        1844596 kB
MemFree:         1331448 kB
MemAvailable:    1525308 kB
Buffers:           30472 kB
Cached:           279380 kB
MemTotal:        1844596 kB
MemFree:         1332012 kB
MemAvailable:    1525872 kB
Buffers:           30472 kB
Cached:           279380 kB
MemTotal:        1844596 kB
MemFree:         1331448 kB
MemAvailable:    1525308 kB
Buffers:           30472 kB
Cached:           279380 kB
MemTotal:        1844596 kB
MemFree:         1331928 kB
MemAvailable:    1525792 kB
Buffers:           30472 kB
Cached:           279384 kB
MemTotal:        1844596 kB
MemFree:         1332088 kB
MemAvailable:    1525952 kB
Buffers:           30472 kB
Cached:           279384 kB
MemTotal:        1844596 kB
MemFree:         1332128 kB
MemAvailable:    1525992 kB
Buffers:           30472 kB
Cached:           279384 kB
MemTotal:        1844596 kB
MemFree:         1330912 kB
MemAvailable:    1524776 kB
Buffers:           30472 kB
Cached:           279384 kB
MemTotal:        1844596 kB
MemFree:         1330704 kB
MemAvailable:    1524568 kB
Buffers:           30472 kB
Cached:           279384 kB
MemTotal:        1844596 kB
MemFree:         1330448 kB
MemAvailable:    1524312 kB
Buffers:           30472 kB
Cached:           279384 kB
MemTotal:        1844596 kB
MemFree:         1331260 kB
MemAvailable:    1525124 kB
Buffers:           30472 kB
Cached:           279384 kB
MemTotal:        1844596 kB
MemFree:         1329704 kB
MemAvailable:    1523568 kB
Buffers:           30472 kB
Cached:           279384 kB
MemTotal:        1844596 kB
MemFree:         1330560 kB
MemAvailable:    1524424 kB
Buffers:           30472 kB
Cached:           279384 kB
MemTotal:        1844596 kB
MemFree:         1330516 kB
MemAvailable:    1524380 kB
Buffers:           30472 kB
Cached:           279384 kB
MemTotal:        1844596 kB
MemFree:         1329216 kB
MemAvailable:    1523080 kB
Buffers:           30472 kB
Cached:           279384 kB
MemTotal:        1844596 kB
MemFree:         1329524 kB
MemAvailable:    1523388 kB
Buffers:           30472 kB
Cached:           279384 kB
MemTotal:        1844596 kB
MemFree:         1329192 kB
MemAvailable:    1523056 kB
Buffers:           30472 kB
Cached:           279384 kB
MemTotal:        1844596 kB
MemFree:         1329092 kB
MemAvailable:    1522956 kB
Buffers:           30472 kB
Cached:           279384 kB
MemTotal:        1844596 kB
MemFree:         1328704 kB
MemAvailable:    1522568 kB
Buffers:           30472 kB
Cached:           279384 kB
MemTotal:        1844596 kB
MemFree:         1328956 kB
MemAvailable:    1522820 kB
Buffers:           30472 kB
Cached:           279384 kB
MemTotal:        1844596 kB
MemFree:         1327348 kB
MemAvailable:    1521212 kB
Buffers:           30472 kB
Cached:           279384 kB
MemTotal:        1844596 kB
MemFree:         1327092 kB
MemAvailable:    1520956 kB
Buffers:           30472 kB
Cached:           279384 kB
MemTotal:        1844596 kB
MemFree:         1327084 kB
MemAvailable:    1520948 kB
Buffers:           30472 kB
Cached:           279384 kB
MemTotal:        1844596 kB
MemFree:         1328332 kB
MemAvailable:    1522196 kB
Buffers:           30472 kB
Cached:           279384 kB
MemTotal:        1844596 kB
MemFree:         1328344 kB
MemAvailable:    1522208 kB
Buffers:           30472 kB
Cached:           279384 kB
MemTotal:        1844596 kB
MemFree:         1328264 kB
MemAvailable:    1522128 kB
Buffers:           30472 kB
Cached:           279384 kB
MemTotal:        1844596 kB
MemFree:         1328100 kB
MemAvailable:    1521964 kB
Buffers:           30472 kB
Cached:           279384 kB
MemTotal:        1844596 kB
MemFree:         1328304 kB
MemAvailable:    1522168 kB
Buffers:           30472 kB
Cached:           279384 kB
MemTotal:        1844596 kB
MemFree:         1327712 kB
MemAvailable:    1521576 kB
Buffers:           30472 kB
Cached:           279384 kB
MemTotal:        1844596 kB
MemFree:         1327796 kB
MemAvailable:    1521660 kB
Buffers:           30472 kB
Cached:           279384 kB
MemTotal:        1844596 kB
MemFree:         1327588 kB
MemAvailable:    1521452 kB
Buffers:           30472 kB
Cached:           279384 kB
MemTotal:        1844596 kB
MemFree:         1320596 kB
MemAvailable:    1514460 kB
Buffers:           30472 kB
Cached:           279384 kB
MemTotal:        1844596 kB
MemFree:         1319660 kB
MemAvailable:    1513524 kB
Buffers:           30472 kB
Cached:           279384 kB
MemTotal:        1844596 kB
MemFree:         1320144 kB
MemAvailable:    1514008 kB
Buffers:           30472 kB
Cached:           279384 kB
MemTotal:        1844596 kB
MemFree:         1320316 kB
MemAvailable:    1514180 kB
Buffers:           30472 kB
Cached:           279384 kB
MemTotal:        1844596 kB
MemFree:         1320232 kB
MemAvailable:    1514096 kB
Buffers:           30472 kB
Cached:           279384 kB
MemTotal:        1844596 kB
MemFree:         1320412 kB
MemAvailable:    1514276 kB
Buffers:           30472 kB
Cached:           279384 kB
MemTotal:        1844596 kB
MemFree:         1319164 kB
MemAvailable:    1513028 kB
Buffers:           30472 kB
Cached:           279384 kB
MemTotal:        1844596 kB
MemFree:         1321156 kB
MemAvailable:    1515020 kB
Buffers:           30472 kB
Cached:           279384 kB
MemTotal:        1844596 kB
MemFree:         1322000 kB
MemAvailable:    1515948 kB
Buffers:           30472 kB
Cached:           279508 kB
MemTotal:        1844596 kB
MemFree:         1321900 kB
MemAvailable:    1515848 kB
Buffers:           30472 kB
Cached:           279508 kB
MemTotal:        1844596 kB
MemFree:         1320596 kB
MemAvailable:    1514628 kB
Buffers:           30472 kB
Cached:           279632 kB
MemTotal:        1844596 kB
MemFree:         1321580 kB
MemAvailable:    1515864 kB
Buffers:           30472 kB
Cached:           279880 kB
MemTotal:        1844596 kB
MemFree:         1321580 kB
MemAvailable:    1515864 kB
Buffers:           30472 kB
Cached:           279880 kB
MemTotal:        1844596 kB
MemFree:         1321224 kB
MemAvailable:    1515676 kB
Buffers:           30472 kB
Cached:           280004 kB
MemTotal:        1844596 kB
MemFree:         1320144 kB
MemAvailable:    1514596 kB
Buffers:           30472 kB
Cached:           280004 kB
MemTotal:        1844596 kB
MemFree:         1321316 kB
MemAvailable:    1515768 kB
Buffers:           30472 kB
Cached:           280004 kB
MemTotal:        1844596 kB
MemFree:         1320092 kB
MemAvailable:    1514544 kB
Buffers:           30472 kB
Cached:           280004 kB
MemTotal:        1844596 kB
MemFree:         1321112 kB
MemAvailable:    1515564 kB
Buffers:           30472 kB
Cached:           280004 kB
MemTotal:        1844596 kB
MemFree:         1319908 kB
MemAvailable:    1514360 kB
Buffers:           30472 kB
Cached:           280004 kB
MemTotal:        1844596 kB
MemFree:         1321280 kB
MemAvailable:    1515732 kB
Buffers:           30472 kB
Cached:           280004 kB
MemTotal:        1844596 kB
MemFree:         1319992 kB
MemAvailable:    1514444 kB
Buffers:           30472 kB
Cached:           280004 kB
MemTotal:        1844596 kB
MemFree:         1321368 kB
MemAvailable:    1515232 kB
Buffers:           30472 kB
Cached:           279456 kB
MemTotal:        1844596 kB
MemFree:         1359168 kB
MemAvailable:    1553032 kB
Buffers:           30472 kB
Cached:           279456 kB
