MemTotal:        1844596 kB
MemFree:         1359872 kB
MemAvailable:    1578084 kB
Buffers:           34204 kB
Cached:           302788 kB
MemTotal:        1844596 kB
MemFree:         1334228 kB
MemAvailable:    1552444 kB
Buffers:           34204 kB
Cached:           302792 kB
MemTotal:        1844596 kB
MemFree:         1330996 kB
MemAvailable:    1549212 kB
Buffers:           34204 kB
Cached:           302792 kB
MemTotal:        1844596 kB
MemFree:         1330392 kB
MemAvailable:    1548608 kB
Buffers:           34216 kB
Cached:           302780 kB
MemTotal:        1844596 kB
MemFree:         1330336 kB
MemAvailable:    1548552 kB
Buffers:           34216 kB
Cached:           302780 kB
MemTotal:        1844596 kB
MemFree:         1327904 kB
MemAvailable:    1546120 kB
Buffers:           34216 kB
Cached:           302780 kB
MemTotal:        1844596 kB
MemFree:         1327292 kB
MemAvailable:    1545508 kB
Buffers:           34216 kB
Cached:           302780 kB
MemTotal:        1844596 kB
MemFree:         1324192 kB
MemAvailable:    1542408 kB
Buffers:           34216 kB
Cached:           302780 kB
MemTotal:        1844596 kB
MemFree:         1322012 kB
MemAvailable:    1540228 kB
Buffers:           34216 kB
Cached:           302780 kB
MemTotal:        1844596 kB
MemFree:         1317804 kB
MemAvailable:    1536020 kB
Buffers:           34216 kB
Cached:           302780 kB
MemTotal:        1844596 kB
MemFree:         1319028 kB
MemAvailable:    1537244 kB
Buffers:           34216 kB
Cached:           302780 kB
MemTotal:        1844596 kB
MemFree:         1317828 kB
MemAvailable:    1536044 kB
Buffers:           34216 kB
Cached:           302780 kB
MemTotal:        1844596 kB
MemFree:         1318984 kB
MemAvailable:    1537200 kB
Buffers:           34216 kB
Cached:           302780 kB
MemTotal:        1844596 kB
MemFree:         1318664 kB
MemAvailable:    1536880 kB
Buffers:           34216 kB
Cached:           302780 kB
MemTotal:        1844596 kB
MemFree:         1318604 kB
MemAvailable:    1536820 kB
Buffers:           34216 kB
Cached:           302780 kB
MemTotal:        1844596 kB
MemFree:         1317672 kB
MemAvailable:    1535888 kB
Buffers:           34216 kB
Cached:           302780 kB
MemTotal:        1844596 kB
MemFree:         1317828 kB
MemAvailable:    1536044 kB
Buffers:           34216 kB
Cached:           302780 kB
MemTotal:        1844596 kB
MemFree:         1316752 kB
MemAvailable:    1534968 kB
Buffers:           34216 kB
Cached:           302780 kB
MemTotal:        1844596 kB
MemFree:         1315388 kB
MemAvailable:    1533616 kB
Buffers:           34216 kB
Cached:           302792 kB
MemTotal:        1844596 kB
MemFree:         1316308 kB
MemAvailable:    1534536 kB
Buffers:           34216 kB
Cached:           302792 kB
MemTotal:        1844596 kB
MemFree:         1316560 kB
MemAvailable:    1534788 kB
Buffers:           34216 kB
Cached:           302792 kB
MemTotal:        1844596 kB
MemFree:         1315316 kB
MemAvailable:    1533544 kB
Buffers:           34216 kB
Cached:           302792 kB
MemTotal:        1844596 kB
MemFree:         1316468 kB
MemAvailable:    1534696 kB
Buffers:           34216 kB
Cached:           302792 kB
MemTotal:        1844596 kB
MemFree:         1316720 kB
MemAvailable:    1534948 kB
Buffers:           34216 kB
Cached:           302792 kB
MemTotal:        1844596 kB
MemFree:         1316308 kB
MemAvailable:    1534536 kB
Buffers:           34216 kB
Cached:           302792 kB
MemTotal:        1844596 kB
MemFree:         1315748 kB
MemAvailable:    1533976 kB
Buffers:           34216 kB
Cached:           302792 kB
MemTotal:        1844596 kB
MemFree:         1317888 kB
MemAvailable:    1536116 kB
Buffers:           34216 kB
Cached:           302792 kB
MemTotal:        1844596 kB
MemFree:         1317932 kB
MemAvailable:    1536160 kB
Buffers:           34216 kB
Cached:           302792 kB
MemTotal:        1844596 kB
MemFree:         1316192 kB
MemAvailable:    1534420 kB
Buffers:           34216 kB
Cached:           302792 kB
MemTotal:        1844596 kB
MemFree:         1315256 kB
MemAvailable:    1533484 kB
Buffers:           34216 kB
Cached:           302792 kB
MemTotal:        1844596 kB
MemFree:         1314024 kB
MemAvailable:    1532252 kB
Buffers:           34216 kB
Cached:           302792 kB
MemTotal:        1844596 kB
MemFree:         1313264 kB
MemAvailable:    1531492 kB
Buffers:           34216 kB
Cached:           302792 kB
MemTotal:        1844596 kB
MemFree:         1312660 kB
MemAvailable:    1530888 kB
Buffers:           34216 kB
Cached:           302792 kB
MemTotal:        1844596 kB
MemFree:         1312976 kB
MemAvailable:    1531204 kB
Buffers:           34216 kB
Cached:           302792 kB
MemTotal:        1844596 kB
MemFree:         1311420 kB
MemAvailable:    1529648 kB
Buffers:           34216 kB
Cached:           302792 kB
MemTotal:        1844596 kB
MemFree:         1312596 kB
MemAvailable:    1530824 kB
Buffers:           34216 kB
Cached:           302792 kB
MemTotal:        1844596 kB
MemFree:         1312528 kB
MemAvailable:    1530756 kB
Buffers:           34216 kB
Cached:           302792 kB
MemTotal:        1844596 kB
MemFree:         1312232 kB
MemAvailable:    1530460 kB
Buffers:           34216 kB
Cached:           302792 kB
MemTotal:        1844596 kB
MemFree:         1312268 kB
MemAvailable:    1530496 kB
Buffers:           34216 kB
Cached:           302792 kB
MemTotal:        1844596 kB
MemFree:         1311668 kB
MemAvailable:    1529896 kB
Buffers:           34216 kB
Cached:           302792 kB
MemTotal:        1844596 kB
MemFree:         1311984 kB
MemAvailable:    1530212 kB
Buffers:           34216 kB
Cached:           302792 kB
MemTotal:        1844596 kB
MemFree:         1311520 kB
MemAvailable:    1529748 kB
Buffers:           34216 kB
Cached:           302792 kB
MemTotal:        1844596 kB
MemFree:         1311172 kB
MemAvailable:    1529400 kB
Buffers:           34216 kB
Cached:           302792 kB
MemTotal:        1844596 kB
MemFree:         1311060 kB
MemAvailable:    1529288 kB
Buffers:           34216 kB
Cached:           302792 kB
MemTotal:        1844596 kB
MemFree:         1311404 kB
MemAvailable:    1529632 kB
Buffers:           34216 kB
Cached:           302792 kB
MemTotal:        1844596 kB
MemFree:         1310288 kB
MemAvailable:    1528516 kB
Buffers:           34216 kB
Cached:           302792 kB
MemTotal:        1844596 kB
MemFree:         1310288 kB
MemAvailable:    1528516 kB
Buffers:           34216 kB
Cached:           302792 kB
MemTotal:        1844596 kB
MemFree:         1310420 kB
MemAvailable:    1528648 kB
Buffers:           34216 kB
Cached:           302792 kB
MemTotal:        1844596 kB
MemFree:         1311720 kB
MemAvailable:    1529948 kB
Buffers:           34216 kB
Cached:           302792 kB
MemTotal:        1844596 kB
MemFree:         1311784 kB
MemAvailable:    1530012 kB
Buffers:           34216 kB
Cached:           302792 kB
MemTotal:        1844596 kB
MemFree:         1310668 kB
MemAvailable:    1528896 kB
Buffers:           34216 kB
Cached:           302792 kB
MemTotal:        1844596 kB
MemFree:         1311792 kB
MemAvailable:    1530020 kB
Buffers:           34216 kB
Cached:           302792 kB
MemTotal:        1844596 kB
MemFree:         1309924 kB
MemAvailable:    1528152 kB
Buffers:           34216 kB
Cached:           302792 kB
MemTotal:        1844596 kB
MemFree:         1309792 kB
MemAvailable:    1528020 kB
Buffers:           34216 kB
Cached:           302792 kB
MemTotal:        1844596 kB
MemFree:         1310900 kB
MemAvailable:    1529128 kB
Buffers:           34216 kB
Cached:           302792 kB
MemTotal:        1844596 kB
MemFree:         1310180 kB
MemAvailable:    1528408 kB
Buffers:           34216 kB
Cached:           302792 kB
MemTotal:        1844596 kB
MemFree:         1310620 kB
MemAvailable:    1528848 kB
Buffers:           34216 kB
Cached:           302792 kB
MemTotal:        1844596 kB
MemFree:         1309248 kB
MemAvailable:    1527476 kB
Buffers:           34216 kB
Cached:           302792 kB
MemTotal:        1844596 kB
MemFree:         1309116 kB
MemAvailable:    1527344 kB
Buffers:           34216 kB
Cached:           302792 kB
MemTotal:        1844596 kB
MemFree:         1309248 kB
MemAvailable:    1527476 kB
Buffers:           34216 kB
Cached:           302792 kB
MemTotal:        1844596 kB
MemFree:         1310284 kB
MemAvailable:    1528512 kB
Buffers:           34216 kB
Cached:           302792 kB
MemTotal:        1844596 kB
MemFree:         1310380 kB
MemAvailable:    1528608 kB
Buffers:           34216 kB
Cached:           302792 kB
MemTotal:        1844596 kB
MemFree:         1310180 kB
MemAvailable:    1528408 kB
Buffers:           34216 kB
Cached:           302792 kB
MemTotal:        1844596 kB
MemFree:         1310276 kB
MemAvailable:    1528504 kB
Buffers:           34216 kB
Cached:           302792 kB
MemTotal:        1844596 kB
MemFree:         1310360 kB
MemAvailable:    1528588 kB
Buffers:           34216 kB
Cached:           302792 kB
MemTotal:        1844596 kB
MemFree:         1309984 kB
MemAvailable:    1528212 kB
Buffers:           34216 kB
Cached:           302792 kB
MemTotal:        1844596 kB
MemFree:         1309560 kB
MemAvailable:    1527788 kB
Buffers:           34216 kB
Cached:           302792 kB
MemTotal:        1844596 kB
MemFree:         1306444 kB
MemAvailable:    1524672 kB
Buffers:           34216 kB
Cached:           302792 kB
MemTotal:        1844596 kB
MemFree:         1304600 kB
MemAvailable:    1522828 kB
Buffers:           34216 kB
Cached:           302792 kB
MemTotal:        1844596 kB
MemFree:         1302864 kB
MemAvailable:    1521092 kB
Buffers:           34216 kB
Cached:           302792 kB
MemTotal:        1844596 kB
MemFree:         1301576 kB
MemAvailable:    1519804 kB
Buffers:           34216 kB
Cached:           302792 kB
MemTotal:        1844596 kB
MemFree:         1301212 kB
MemAvailable:    1519440 kB
Buffers:           34216 kB
Cached:           302792 kB
MemTotal:        1844596 kB
MemFree:         1301212 kB
MemAvailable:    1519440 kB
Buffers:           34216 kB
Cached:           302792 kB
MemTotal:        1844596 kB
MemFree:         1302452 kB
MemAvailable:    1520680 kB
Buffers:           34216 kB
Cached:           302792 kB
MemTotal:        1844596 kB
MemFree:         1301080 kB
MemAvailable:    1519308 kB
Buffers:           34216 kB
Cached:           302792 kB
MemTotal:        1844596 kB
MemFree:         1301080 kB
MemAvailable:    1519308 kB
Buffers:           34216 kB
Cached:           302792 kB
MemTotal:        1844596 kB
MemFree:         1302352 kB
MemAvailable:    1520580 kB
Buffers:           34216 kB
Cached:           302792 kB
MemTotal:        1844596 kB
MemFree:         1301996 kB
MemAvailable:    1520224 kB
Buffers:           34216 kB
Cached:           302792 kB
MemTotal:        1844596 kB
MemFree:         1302300 kB
MemAvailable:    1520528 kB
Buffers:           34216 kB
Cached:           302792 kB
MemTotal:        1844596 kB
MemFree:         1302300 kB
MemAvailable:    1520528 kB
Buffers:           34216 kB
Cached:           302792 kB
MemTotal:        1844596 kB
MemFree:         1301072 kB
MemAvailable:    1519300 kB
Buffers:           34216 kB
Cached:           302792 kB
MemTotal:        1844596 kB
MemFree:         1302244 kB
MemAvailable:    1520472 kB
Buffers:           34216 kB
Cached:           302792 kB
MemTotal:        1844596 kB
MemFree:         1302340 kB
MemAvailable:    1520568 kB
Buffers:           34216 kB
Cached:           302792 kB
MemTotal:        1844596 kB
MemFree:         1302492 kB
MemAvailable:    1520720 kB
Buffers:           34216 kB
Cached:           302792 kB
MemTotal:        1844596 kB
MemFree:         1301112 kB
MemAvailable:    1519340 kB
Buffers:           34216 kB
Cached:           302792 kB
MemTotal:        1844596 kB
MemFree:         1300624 kB
MemAvailable:    1518852 kB
Buffers:           34216 kB
Cached:           302792 kB
MemTotal:        1844596 kB
MemFree:         1300260 kB
MemAvailable:    1518492 kB
Buffers:           34216 kB
Cached:           302796 kB
MemTotal:        1844596 kB
MemFree:         1300872 kB
MemAvailable:    1519108 kB
Buffers:           34216 kB
Cached:           302800 kB
MemTotal:        1844596 kB
MemFree:         1300564 kB
MemAvailable:    1518800 kB
Buffers:           34216 kB
Cached:           302800 kB
MemTotal:        1844596 kB
MemFree:         1300564 kB
MemAvailable:    1518800 kB
Buffers:           34216 kB
Cached:           302800 kB
MemTotal:        1844596 kB
MemFree:         1300368 kB
MemAvailable:    1518604 kB
Buffers:           34216 kB
Cached:           302800 kB
MemTotal:        1844596 kB
MemFree:         1299756 kB
MemAvailable:    1517992 kB
Buffers:           34216 kB
Cached:           302800 kB
MemTotal:        1844596 kB
MemFree:         1298260 kB
MemAvailable:    1516496 kB
Buffers:           34216 kB
Cached:           302800 kB
MemTotal:        1844596 kB
MemFree:         1297648 kB
MemAvailable:    1515884 kB
Buffers:           34216 kB
Cached:           302800 kB
MemTotal:        1844596 kB
MemFree:         1297524 kB
MemAvailable:    1515760 kB
Buffers:           34216 kB
Cached:           302800 kB
MemTotal:        1844596 kB
MemFree:         1297524 kB
MemAvailable:    1515760 kB
Buffers:           34216 kB
Cached:           302800 kB
MemTotal:        1844596 kB
MemFree:         1298384 kB
MemAvailable:    1516620 kB
Buffers:           34216 kB
Cached:           302800 kB
MemTotal:        1844596 kB
MemFree:         1298028 kB
MemAvailable:    1516264 kB
Buffers:           34216 kB
Cached:           302800 kB
MemTotal:        1844596 kB
MemFree:         1298372 kB
MemAvailable:    1516608 kB
Buffers:           34216 kB
Cached:           302800 kB
MemTotal:        1844596 kB
MemFree:         1298708 kB
MemAvailable:    1516944 kB
Buffers:           34216 kB
Cached:           302800 kB
MemTotal:        1844596 kB
MemFree:         1297216 kB
MemAvailable:    1515452 kB
Buffers:           34216 kB
Cached:           302800 kB
MemTotal:        1844596 kB
MemFree:         1297216 kB
MemAvailable:    1515452 kB
Buffers:           34216 kB
Cached:           302800 kB
MemTotal:        1844596 kB
MemFree:         1297344 kB
MemAvailable:    1515580 kB
Buffers:           34216 kB
Cached:           302800 kB
MemTotal:        1844596 kB
MemFree:         1297088 kB
MemAvailable:    1515324 kB
Buffers:           34216 kB
Cached:           302800 kB
MemTotal:        1844596 kB
MemFree:         1298276 kB
MemAvailable:    1516512 kB
Buffers:           34216 kB
Cached:           302800 kB
MemTotal:        1844596 kB
MemFree:         1296788 kB
MemAvailable:    1515024 kB
Buffers:           34216 kB
Cached:           302800 kB
MemTotal:        1844596 kB
MemFree:         1289720 kB
MemAvailable:    1507956 kB
Buffers:           34216 kB
Cached:           302800 kB
MemTotal:        1844596 kB
MemFree:         1290888 kB
MemAvailable:    1509124 kB
Buffers:           34216 kB
Cached:           302800 kB
MemTotal:        1844596 kB
MemFree:         1290764 kB
MemAvailable:    1509000 kB
Buffers:           34216 kB
Cached:           302800 kB
MemTotal:        1844596 kB
MemFree:         1289204 kB
MemAvailable:    1507440 kB
Buffers:           34216 kB
Cached:           302800 kB
MemTotal:        1844596 kB
MemFree:         1290860 kB
MemAvailable:    1509096 kB
Buffers:           34216 kB
Cached:           302800 kB
MemTotal:        1844596 kB
MemFree:         1289424 kB
MemAvailable:    1507660 kB
Buffers:           34216 kB
Cached:           302800 kB
MemTotal:        1844596 kB
MemFree:         1292676 kB
MemAvailable:    1510912 kB
Buffers:           34216 kB
Cached:           302800 kB
MemTotal:        1844596 kB
MemFree:         1291208 kB
MemAvailable:    1509444 kB
Buffers:           34220 kB
Cached:           302796 kB
MemTotal:        1844596 kB
MemFree:         1292128 kB
MemAvailable:    1510532 kB
Buffers:           34220 kB
Cached:           302920 kB
MemTotal:        1844596 kB
MemFree:         1291744 kB
MemAvailable:    1510232 kB
Buffers:           34220 kB
Cached:           303044 kB
MemTotal:        1844596 kB
MemFree:         1291912 kB
MemAvailable:    1510400 kB
Buffers:           34220 kB
Cached:           303044 kB
MemTotal:        1844596 kB
MemFree:         1290516 kB
MemAvailable:    1509088 kB
Buffers:           34220 kB
Cached:           303168 kB
MemTotal:        1844596 kB
MemFree:         1291624 kB
MemAvailable:    1510448 kB
Buffers:           34220 kB
Cached:           303416 kB
MemTotal:        1844596 kB
MemFree:         1291084 kB
MemAvailable:    1509908 kB
Buffers:           34220 kB
Cached:           303416 kB
MemTotal:        1844596 kB
MemFree:         1291304 kB
MemAvailable:    1510128 kB
Buffers:           34220 kB
Cached:           303416 kB
MemTotal:        1844596 kB
MemFree:         1291556 kB
MemAvailable:    1510380 kB
Buffers:           34220 kB
Cached:           303416 kB
MemTotal:        1844596 kB
MemFree:         1291336 kB
MemAvailable:    1510160 kB
Buffers:           34220 kB
Cached:           303416 kB
MemTotal:        1844596 kB
MemFree:         1291400 kB
MemAvailable:    1510224 kB
Buffers:           34220 kB
Cached:           303416 kB
MemTotal:        1844596 kB
MemFree:         1291460 kB
MemAvailable:    1510368 kB
Buffers:           34220 kB
Cached:           303416 kB
MemTotal:        1844596 kB
MemFree:         1291296 kB
MemAvailable:    1510204 kB
Buffers:           34220 kB
Cached:           303416 kB
MemTotal:        1844596 kB
MemFree:         1291296 kB
MemAvailable:    1510204 kB
Buffers:           34220 kB
Cached:           303416 kB
MemTotal:        1844596 kB
MemFree:         1290496 kB
MemAvailable:    1508816 kB
Buffers:           34220 kB
Cached:           302784 kB
MemTotal:        1844596 kB
MemFree:         1359384 kB
MemAvailable:    1577716 kB
Buffers:           34220 kB
Cached:           302844 kB
