MemTotal:        1844596 kB
MemFree:         1249596 kB
MemAvailable:    1565780 kB
Buffers:           47840 kB
Cached:           384360 kB
MemTotal:        1844596 kB
MemFree:         1222492 kB
MemAvailable:    1538680 kB
Buffers:           47840 kB
Cached:           384364 kB
MemTotal:        1844596 kB
MemFree:         1221764 kB
MemAvailable:    1537952 kB
Buffers:           47840 kB
Cached:           384364 kB
MemTotal:        1844596 kB
MemFree:         1219464 kB
MemAvailable:    1535652 kB
Buffers:           47840 kB
Cached:           384364 kB
MemTotal:        1844596 kB
MemFree:         1219356 kB
MemAvailable:    1535544 kB
Buffers:           47840 kB
Cached:           384364 kB
MemTotal:        1844596 kB
MemFree:         1218424 kB
MemAvailable:    1534612 kB
Buffers:           47840 kB
Cached:           384364 kB
MemTotal:        1844596 kB
MemFree:         1217248 kB
MemAvailable:    1533436 kB
Buffers:           47840 kB
Cached:           384364 kB
MemTotal:        1844596 kB
MemFree:         1216752 kB
MemAvailable:    1532940 kB
Buffers:           47840 kB
Cached:           384364 kB
MemTotal:        1844596 kB
MemFree:         1213404 kB
MemAvailable:    1529592 kB
Buffers:           47840 kB
Cached:           384364 kB
MemTotal:        1844596 kB
MemFree:         1210552 kB
MemAvailable:    1526740 kB
Buffers:           47840 kB
Cached:           384364 kB
MemTotal:        1844596 kB
MemFree:         1207388 kB
MemAvailable:    1523576 kB
Buffers:           47840 kB
Cached:           384364 kB
MemTotal:        1844596 kB
MemFree:         1207420 kB
MemAvailable:    1523608 kB
Buffers:           47840 kB
Cached:           384364 kB
MemTotal:        1844596 kB
MemFree:         1208364 kB
MemAvailable:    1524552 kB
Buffers:           47840 kB
Cached:           384364 kB
MemTotal:        1844596 kB
MemFree:         1208460 kB
MemAvailable:    1524648 kB
Buffers:           47840 kB
Cached:           384364 kB
MemTotal:        1844596 kB
MemFree:         1208268 kB
MemAvailable:    1524456 kB
Buffers:           47840 kB
Cached:           384364 kB
MemTotal:        1844596 kB
MemFree:         1208068 kB
MemAvailable:    1524256 kB
Buffers:           47840 kB
Cached:           384364 kB
MemTotal:        1844596 kB
MemFree:         1207312 kB
MemAvailable:    1523500 kB
Buffers:           47840 kB
Cached:           384364 kB
MemTotal:        1844596 kB
MemFree:         1206584 kB
MemAvailable:    1522772 kB
Buffers:           47840 kB
Cached:           384364 kB
MemTotal:        1844596 kB
MemFree:         1206396 kB
MemAvailable:    1522584 kB
Buffers:           47840 kB
Cached:           384364 kB
MemTotal:        1844596 kB
MemFree:         1206204 kB
MemAvailable:    1522392 kB
Buffers:           47840 kB
Cached:           384364 kB
MemTotal:        1844596 kB
MemFree:         1204708 kB
MemAvailable:    1520896 kB
Buffers:           47840 kB
Cached:           384364 kB
MemTotal:        1844596 kB
MemFree:         1204832 kB
MemAvailable:    1521020 kB
Buffers:           47840 kB
Cached:           384364 kB
MemTotal:        1844596 kB
MemFree:         1204700 kB
MemAvailable:    1520888 kB
Buffers:           47840 kB
Cached:           384364 kB
MemTotal:        1844596 kB
MemFree:         1204704 kB
MemAvailable:    1520892 kB
Buffers:           47840 kB
Cached:           384364 kB
MemTotal:        1844596 kB
MemFree:         1204696 kB
MemAvailable:    1520884 kB
Buffers:           47840 kB
Cached:           384364 kB
MemTotal:        1844596 kB
MemFree:         1204696 kB
MemAvailable:    1520884 kB
Buffers:           47840 kB
Cached:           384364 kB
MemTotal:        1844596 kB
MemFree:         1204696 kB
MemAvailable:    1520884 kB
Buffers:           47840 kB
Cached:           384364 kB
MemTotal:        1844596 kB
MemFree:         1205964 kB
MemAvailable:    1522152 kB
Buffers:           47840 kB
Cached:           384364 kB
MemTotal:        1844596 kB
MemFree:         1206080 kB
MemAvailable:    1522268 kB
Buffers:           47840 kB
Cached:           384364 kB
MemTotal:        1844596 kB
MemFree:         1205724 kB
MemAvailable:    1521912 kB
Buffers:           47840 kB
Cached:           384364 kB
MemTotal:        1844596 kB
MemFree:         1203792 kB
MemAvailable:    1519980 kB
Buffers:           47840 kB
Cached:           384364 kB
MemTotal:        1844596 kB
MemFree:         1202616 kB
MemAvailable:    1518804 kB
Buffers:           47840 kB
Cached:           384364 kB
MemTotal:        1844596 kB
MemFree:         1203360 kB
MemAvailable:    1519548 kB
Buffers:           47840 kB
Cached:           384364 kB
MemTotal:        1844596 kB
MemFree:         1201872 kB
MemAvailable:    1518060 kB
Buffers:           47840 kB
Cached:           384364 kB
MemTotal:        1844596 kB
MemFree:         1201500 kB
MemAvailable:    1517688 kB
Buffers:           47840 kB
Cached:           384364 kB
MemTotal:        1844596 kB
MemFree:         1201856 kB
MemAvailable:    1518044 kB
Buffers:           47840 kB
Cached:           384364 kB
MemTotal:        1844596 kB
MemFree:         1201748 kB
MemAvailable:    1517936 kB
Buffers:           47840 kB
Cached:           384364 kB
MemTotal:        1844596 kB
MemFree:         1200452 kB
MemAvailable:    1516640 kB
Buffers:           47840 kB
Cached:           384364 kB
MemTotal:        1844596 kB
MemFree:         1201832 kB
MemAvailable:    1518024 kB
Buffers:           47840 kB
Cached:           384368 kB
MemTotal:        1844596 kB
MemFree:         1201740 kB
MemAvailable:    1517932 kB
Buffers:           47840 kB
Cached:           384368 kB
MemTotal:        1844596 kB
MemFree:         1200244 kB
MemAvailable:    1516436 kB
Buffers:           47840 kB
Cached:           384368 kB
MemTotal:        1844596 kB
MemFree:         1200376 kB
MemAvailable:    1516568 kB
Buffers:           47840 kB
Cached:           384368 kB
MemTotal:        1844596 kB
MemFree:         1200112 kB
MemAvailable:    1516304 kB
Buffers:           47840 kB
Cached:           384368 kB
MemTotal:        1844596 kB
MemFree:         1201088 kB
MemAvailable:    1517280 kB
Buffers:           47840 kB
Cached:           384368 kB
MemTotal:        1844596 kB
MemFree:         1201120 kB
MemAvailable:    1517312 kB
Buffers:           47840 kB
Cached:           384368 kB
MemTotal:        1844596 kB
MemFree:         1199460 kB
MemAvailable:    1515652 kB
Buffers:           47840 kB
Cached:           384368 kB
MemTotal:        1844596 kB
MemFree:         1199584 kB
MemAvailable:    1515776 kB
Buffers:           47840 kB
Cached:           384368 kB
MemTotal:        1844596 kB
MemFree:         1199584 kB
MemAvailable:    1515776 kB
Buffers:           47840 kB
Cached:           384368 kB
MemTotal:        1844596 kB
MemFree:         1199708 kB
MemAvailable:    1515900 kB
Buffers:           47840 kB
Cached:           384368 kB
MemTotal:        1844596 kB
MemFree:         1199516 kB
MemAvailable:    1515708 kB
Buffers:           47840 kB
Cached:           384368 kB
MemTotal:        1844596 kB
MemFree:         1200708 kB
MemAvailable:    1516900 kB
Buffers:           47840 kB
Cached:           384368 kB
MemTotal:        1844596 kB
MemFree:         1200868 kB
MemAvailable:    1517060 kB
Buffers:           47840 kB
Cached:           384368 kB
MemTotal:        1844596 kB
MemFree:         1199456 kB
MemAvailable:    1515648 kB
Buffers:           47840 kB
Cached:           384368 kB
MemTotal:        1844596 kB
MemFree:         1199580 kB
MemAvailable:    1515772 kB
Buffers:           47840 kB
Cached:           384368 kB
MemTotal:        1844596 kB
MemFree:         1200508 kB
MemAvailable:    1516700 kB
Buffers:           47840 kB
Cached:           384368 kB
MemTotal:        1844596 kB
MemFree:         1200500 kB
MemAvailable:    1516692 kB
Buffers:           47840 kB
Cached:           384368 kB
MemTotal:        1844596 kB
MemFree:         1198772 kB
MemAvailable:    1514964 kB
Buffers:           47840 kB
Cached:           384368 kB
MemTotal:        1844596 kB
MemFree:         1198484 kB
MemAvailable:    1514676 kB
Buffers:           47840 kB
Cached:           384368 kB
MemTotal:        1844596 kB
MemFree:         1198476 kB
MemAvailable:    1514668 kB
Buffers:           47840 kB
Cached:           384368 kB
MemTotal:        1844596 kB
MemFree:         1199948 kB
MemAvailable:    1516140 kB
Buffers:           47840 kB
Cached:           384368 kB
MemTotal:        1844596 kB
MemFree:         1198648 kB
MemAvailable:    1514840 kB
Buffers:           47840 kB
Cached:           384368 kB
MemTotal:        1844596 kB
MemFree:         1199752 kB
MemAvailable:    1515944 kB
Buffers:           47840 kB
Cached:           384368 kB
MemTotal:        1844596 kB
MemFree:         1199848 kB
MemAvailable:    1516040 kB
Buffers:           47840 kB
Cached:           384368 kB
MemTotal:        1844596 kB
MemFree:         1199012 kB
MemAvailable:    1515204 kB
Buffers:           47840 kB
Cached:           384368 kB
MemTotal:        1844596 kB
MemFree:         1199868 kB
MemAvailable:    1516060 kB
Buffers:           47840 kB
Cached:           384368 kB
MemTotal:        1844596 kB
MemFree:         1198396 kB
MemAvailable:    1514588 kB
Buffers:           47840 kB
Cached:           384368 kB
MemTotal:        1844596 kB
MemFree:         1198388 kB
MemAvailable:    1514580 kB
Buffers:           47840 kB
Cached:           384368 kB
MemTotal:        1844596 kB
MemFree:         1197036 kB
MemAvailable:    1513228 kB
Buffers:           47840 kB
Cached:           384368 kB
MemTotal:        1844596 kB
MemFree:         1195532 kB
MemAvailable:    1511724 kB
Buffers:           47840 kB
Cached:           384368 kB
MemTotal:        1844596 kB
MemFree:         1192324 kB
MemAvailable:    1508516 kB
Buffers:           47840 kB
Cached:           384368 kB
MemTotal:        1844596 kB
MemFree:         1191332 kB
MemAvailable:    1507524 kB
Buffers:           47840 kB
Cached:           384368 kB
MemTotal:        1844596 kB
MemFree:         1191068 kB
MemAvailable:    1507260 kB
Buffers:           47840 kB
Cached:           384368 kB
MemTotal:        1844596 kB
MemFree:         1190960 kB
MemAvailable:    1507152 kB
Buffers:           47840 kB
Cached:           384368 kB
MemTotal:        1844596 kB
MemFree:         1192256 kB
MemAvailable:    1508448 kB
Buffers:           47840 kB
Cached:           384368 kB
MemTotal:        1844596 kB
MemFree:         1191944 kB
MemAvailable:    1508136 kB
Buffers:           47840 kB
Cached:           384368 kB
MemTotal:        1844596 kB
MemFree:         1190960 kB
MemAvailable:    1507152 kB
Buffers:           47840 kB
Cached:           384368 kB
MemTotal:        1844596 kB
MemFree:         1190704 kB
MemAvailable:    1506900 kB
Buffers:           47840 kB
Cached:           384372 kB
MemTotal:        1844596 kB
MemFree:         1191820 kB
MemAvailable:    1508016 kB
Buffers:           47840 kB
Cached:           384372 kB
MemTotal:        1844596 kB
MemFree:         1191456 kB
MemAvailable:    1507652 kB
Buffers:           47840 kB
Cached:           384372 kB
MemTotal:        1844596 kB
MemFree:         1191876 kB
MemAvailable:    1508072 kB
Buffers:           47840 kB
Cached:           384372 kB
MemTotal:        1844596 kB
MemFree:         1191828 kB
MemAvailable:    1508024 kB
Buffers:           47840 kB
Cached:           384372 kB
MemTotal:        1844596 kB
MemFree:         1191952 kB
MemAvailable:    1508148 kB
Buffers:           47840 kB
Cached:           384372 kB
MemTotal:        1844596 kB
MemFree:         1190452 kB
MemAvailable:    1506648 kB
Buffers:           47840 kB
Cached:           384372 kB
MemTotal:        1844596 kB
MemFree:         1191764 kB
MemAvailable:    1507960 kB
Buffers:           47840 kB
Cached:           384372 kB
MemTotal:        1844596 kB
MemFree:         1191904 kB
MemAvailable:    1508100 kB
Buffers:           47840 kB
Cached:           384372 kB
MemTotal:        1844596 kB
MemFree:         1191192 kB
MemAvailable:    1507388 kB
Buffers:           47840 kB
Cached:           384372 kB
MemTotal:        1844596 kB
MemFree:         1191444 kB
MemAvailable:    1507640 kB
Buffers:           47840 kB
Cached:           384372 kB
MemTotal:        1844596 kB
MemFree:         1189348 kB
MemAvailable:    1505544 kB
Buffers:           47840 kB
Cached:           384372 kB
MemTotal:        1844596 kB
MemFree:         1190400 kB
MemAvailable:    1506596 kB
Buffers:           47840 kB
Cached:           384372 kB
MemTotal:        1844596 kB
MemFree:         1189092 kB
MemAvailable:    1505288 kB
Buffers:           47840 kB
Cached:           384372 kB
MemTotal:        1844596 kB
MemFree:         1189084 kB
MemAvailable:    1505280 kB
Buffers:           47840 kB
Cached:           384372 kB
MemTotal:        1844596 kB
MemFree:         1189084 kB
MemAvailable:    1505280 kB
Buffers:           47840 kB
Cached:           384372 kB
MemTotal:        1844596 kB
MemFree:         1188824 kB
MemAvailable:    1505020 kB
Buffers:           47840 kB
Cached:           384372 kB
MemTotal:        1844596 kB
MemFree:         1188480 kB
MemAvailable:    1504676 kB
Buffers:           47840 kB
Cached:           384372 kB
MemTotal:        1844596 kB
MemFree:         1188480 kB
MemAvailable:    1504676 kB
Buffers:           47840 kB
Cached:           384372 kB
MemTotal:        1844596 kB
MemFree:         1187108 kB
MemAvailable:    1503304 kB
Buffers:           47840 kB
Cached:           384372 kB
MemTotal:        1844596 kB
MemFree:         1188092 kB
MemAvailable:    1504288 kB
Buffers:           47840 kB
Cached:           384372 kB
MemTotal:        1844596 kB
MemFree:         1188176 kB
MemAvailable:    1504372 kB
Buffers:           47840 kB
Cached:           384372 kB
MemTotal:        1844596 kB
MemFree:         1187928 kB
MemAvailable:    1504124 kB
Buffers:           47840 kB
Cached:           384372 kB
MemTotal:        1844596 kB
MemFree:         1186684 kB
MemAvailable:    1502880 kB
Buffers:           47840 kB
Cached:           384372 kB
MemTotal:        1844596 kB
MemFree:         1188020 kB
MemAvailable:    1504216 kB
Buffers:           47840 kB
Cached:           384372 kB
MemTotal:        1844596 kB
MemFree:         1186992 kB
MemAvailable:    1503188 kB
Buffers:           47840 kB
Cached:           384372 kB
MemTotal:        1844596 kB
MemFree:         1187888 kB
MemAvailable:    1504088 kB
Buffers:           47840 kB
Cached:           384376 kB
MemTotal:        1844596 kB
MemFree:         1187736 kB
MemAvailable:    1503936 kB
Buffers:           47840 kB
Cached:           384376 kB
MemTotal:        1844596 kB
MemFree:         1188032 kB
MemAvailable:    1504232 kB
Buffers:           47840 kB
Cached:           384376 kB
MemTotal:        1844596 kB
MemFree:         1188088 kB
MemAvailable:    1504288 kB
Buffers:           47840 kB
Cached:           384376 kB
MemTotal:        1844596 kB
MemFree:         1186372 kB
MemAvailable:    1502572 kB
Buffers:           47840 kB
Cached:           384376 kB
MemTotal:        1844596 kB
MemFree:         1186372 kB
MemAvailable:    1502572 kB
Buffers:           47840 kB
Cached:           384376 kB
MemTotal:        1844596 kB
MemFree:         1180156 kB
MemAvailable:    1496356 kB
Buffers:           47840 kB
Cached:           384376 kB
MemTotal:        1844596 kB
MemFree:         1180048 kB
MemAvailable:    1496248 kB
Buffers:           47840 kB
Cached:           384376 kB
MemTotal:        1844596 kB
MemFree:         1179784 kB
MemAvailable:    1495984 kB
Buffers:           47840 kB
Cached:           384376 kB
MemTotal:        1844596 kB
MemFree:         1178668 kB
MemAvailable:    1494868 kB
Buffers:           47840 kB
Cached:           384376 kB
MemTotal:        1844596 kB
MemFree:         1178744 kB
MemAvailable:    1494944 kB
Buffers:           47840 kB
Cached:           384376 kB
MemTotal:        1844596 kB
MemFree:         1178744 kB
MemAvailable:    1494944 kB
Buffers:           47840 kB
Cached:           384376 kB
MemTotal:        1844596 kB
MemFree:         1178620 kB
MemAvailable:    1494820 kB
Buffers:           47840 kB
Cached:           384376 kB
MemTotal:        1844596 kB
MemFree:         1181920 kB
MemAvailable:    1498120 kB
Buffers:           47840 kB
Cached:           384376 kB
MemTotal:        1844596 kB
MemFree:         1181512 kB
MemAvailable:    1497796 kB
Buffers:           47840 kB
Cached:           384500 kB
MemTotal:        1844596 kB
MemFree:         1180792 kB
MemAvailable:    1497076 kB
Buffers:           47840 kB
Cached:           384500 kB
MemTotal:        1844596 kB
MemFree:         1181232 kB
MemAvailable:    1497684 kB
Buffers:           47840 kB
Cached:           384624 kB
MemTotal:        1844596 kB
MemFree:         1180116 kB
MemAvailable:    1496652 kB
Buffers:           47840 kB
Cached:           384748 kB
MemTotal:        1844596 kB
MemFree:         1179924 kB
MemAvailable:    1496628 kB
Buffers:           47840 kB
Cached:           384872 kB
MemTotal:        1844596 kB
MemFree:         1180900 kB
MemAvailable:    1497688 kB
Buffers:           47840 kB
Cached:           385120 kB
MemTotal:        1844596 kB
MemFree:         1180172 kB
MemAvailable:    1496960 kB
Buffers:           47840 kB
Cached:           385120 kB
MemTotal:        1844596 kB
MemFree:         1180780 kB
MemAvailable:    1497568 kB
Buffers:           47840 kB
Cached:           385120 kB
MemTotal:        1844596 kB
MemFree:         1180668 kB
MemAvailable:    1497456 kB
Buffers:           47840 kB
Cached:           385120 kB
MemTotal:        1844596 kB
MemFree:         1179800 kB
MemAvailable:    1496588 kB
Buffers:           47840 kB
Cached:           385120 kB
MemTotal:        1844596 kB
MemFree:         1180516 kB
MemAvailable:    1497304 kB
Buffers:           47840 kB
Cached:           385120 kB
MemTotal:        1844596 kB
MemFree:         1180852 kB
MemAvailable:    1497640 kB
Buffers:           47840 kB
Cached:           385120 kB
MemTotal:        1844596 kB
MemFree:         1180636 kB
MemAvailable:    1497508 kB
Buffers:           47840 kB
Cached:           385120 kB
MemTotal:        1844596 kB
MemFree:         1180868 kB
MemAvailable:    1497540 kB
Buffers:           47840 kB
Cached:           385120 kB
MemTotal:        1844596 kB
MemFree:         1181332 kB
MemAvailable:    1497532 kB
Buffers:           47840 kB
Cached:           384404 kB
MemTotal:        1844596 kB
MemFree:         1181444 kB
MemAvailable:    1497644 kB
Buffers:           47840 kB
Cached:           384404 kB
