MemTotal:        1844596 kB
MemFree:         1303940 kB
MemAvailable:    1571060 kB
Buffers:           41172 kB
Cached:           345672 kB
MemTotal:        1844596 kB
MemFree:         1274832 kB
MemAvailable:    1541960 kB
Buffers:           41172 kB
Cached:           345680 kB
MemTotal:        1844596 kB
MemFree:         1276312 kB
MemAvailable:    1543440 kB
Buffers:           41172 kB
Cached:           345680 kB
MemTotal:        1844596 kB
MemFree:         1273096 kB
MemAvailable:    1540224 kB
Buffers:           41172 kB
Cached:           345680 kB
MemTotal:        1844596 kB
MemFree:         1271428 kB
MemAvailable:    1538556 kB
Buffers:           41172 kB
Cached:           345680 kB
MemTotal:        1844596 kB
MemFree:         1271676 kB
MemAvailable:    1538804 kB
Buffers:           41172 kB
Cached:           345680 kB
MemTotal:        1844596 kB
MemFree:         1270340 kB
MemAvailable:    1537468 kB
Buffers:           41172 kB
Cached:           345680 kB
MemTotal:        1844596 kB
MemFree:         1267144 kB
MemAvailable:    1534272 kB
Buffers:           41172 kB
Cached:           345680 kB
MemTotal:        1844596 kB
MemFree:         1264168 kB
MemAvailable:    1531296 kB
Buffers:           41172 kB
Cached:           345680 kB
MemTotal:        1844596 kB
MemFree:         1260316 kB
MemAvailable:    1527444 kB
Buffers:           41172 kB
Cached:           345680 kB
MemTotal:        1844596 kB
MemFree:         1262680 kB
MemAvailable:    1529808 kB
Buffers:           41172 kB
Cached:           345680 kB
MemTotal:        1844596 kB
MemFree:         1261564 kB
MemAvailable:    1528692 kB
Buffers:           41172 kB
Cached:           345680 kB
MemTotal:        1844596 kB
MemFree:         1261440 kB
MemAvailable:    1528568 kB
Buffers:           41172 kB
Cached:           345680 kB
MemTotal:        1844596 kB
MemFree:         1261260 kB
MemAvailable:    1528388 kB
Buffers:           41172 kB
Cached:           345680 kB
MemTotal:        1844596 kB
MemFree:         1262624 kB
MemAvailable:    1529752 kB
Buffers:           41172 kB
Cached:           345680 kB
MemTotal:        1844596 kB
MemFree:         1261308 kB
MemAvailable:    1528436 kB
Buffers:           41172 kB
Cached:           345680 kB
MemTotal:        1844596 kB
MemFree:         1260384 kB
MemAvailable:    1527512 kB
Buffers:           41172 kB
Cached:           345680 kB
MemTotal:        1844596 kB
MemFree:         1260368 kB
MemAvailable:    1527496 kB
Buffers:           41172 kB
Cached:           345680 kB
MemTotal:        1844596 kB
MemFree:         1258904 kB
MemAvailable:    1526032 kB
Buffers:           41172 kB
Cached:           345680 kB
MemTotal:        1844596 kB
MemFree:         1260548 kB
MemAvailable:    1527676 kB
Buffers:           41172 kB
Cached:           345680 kB
MemTotal:        1844596 kB
MemFree:         1260272 kB
MemAvailable:    1527400 kB
Buffers:           41172 kB
Cached:           345680 kB
MemTotal:        1844596 kB
MemFree:         1258936 kB
MemAvailable:    1526064 kB
Buffers:           41172 kB
Cached:           345680 kB
MemTotal:        1844596 kB
MemFree:         1260248 kB
MemAvailable:    1527376 kB
Buffers:           41172 kB
Cached:           345680 kB
MemTotal:        1844596 kB
MemFree:         1260416 kB
MemAvailable:    1527544 kB
Buffers:           41172 kB
Cached:           345680 kB
MemTotal:        1844596 kB
MemFree:         1260188 kB
MemAvailable:    1527316 kB
Buffers:           41172 kB
Cached:           345680 kB
MemTotal:        1844596 kB
MemFree:         1261508 kB
MemAvailable:    1528636 kB
Buffers:           41172 kB
Cached:           345680 kB
MemTotal:        1844596 kB
MemFree:         1260084 kB
MemAvailable:    1527212 kB
Buffers:           41172 kB
Cached:           345680 kB
MemTotal:        1844596 kB
MemFree:         1258780 kB
MemAvailable:    1525908 kB
Buffers:           41172 kB
Cached:           345680 kB
MemTotal:        1844596 kB
MemFree:         1256984 kB
MemAvailable:    1524112 kB
Buffers:           41172 kB
Cached:           345680 kB
MemTotal:        1844596 kB
MemFree:         1256612 kB
MemAvailable:    1523740 kB
Buffers:           41172 kB
Cached:           345680 kB
MemTotal:        1844596 kB
MemFree:         1257420 kB
MemAvailable:    1524548 kB
Buffers:           41172 kB
Cached:           345680 kB
MemTotal:        1844596 kB
MemFree:         1256944 kB
MemAvailable:    1524072 kB
Buffers:           41172 kB
Cached:           345680 kB
MemTotal:        1844596 kB
MemFree:         1256116 kB
MemAvailable:    1523244 kB
Buffers:           41172 kB
Cached:           345680 kB
MemTotal:        1844596 kB
MemFree:         1256100 kB
MemAvailable:    1523228 kB
Buffers:           41172 kB
Cached:           345680 kB
MemTotal:        1844596 kB
MemFree:         1255248 kB
MemAvailable:    1522376 kB
Buffers:           41172 kB
Cached:           345680 kB
MemTotal:        1844596 kB
MemFree:         1256060 kB
MemAvailable:    1523188 kB
Buffers:           41172 kB
Cached:           345680 kB
MemTotal:        1844596 kB
MemFree:         1254856 kB
MemAvailable:    1521984 kB
Buffers:           41172 kB
Cached:           345680 kB
MemTotal:        1844596 kB
MemFree:         1255992 kB
MemAvailable:    1523120 kB
Buffers:           41172 kB
Cached:           345680 kB
MemTotal:        1844596 kB
MemFree:         1254704 kB
MemAvailable:    1521832 kB
Buffers:           41172 kB
Cached:           345680 kB
MemTotal:        1844596 kB
MemFree:         1255720 kB
MemAvailable:    1522848 kB
Buffers:           41172 kB
Cached:           345680 kB
MemTotal:        1844596 kB
MemFree:         1254108 kB
MemAvailable:    1521236 kB
Buffers:           41172 kB
Cached:           345680 kB
MemTotal:        1844596 kB
MemFree:         1254100 kB
MemAvailable:    1521228 kB
Buffers:           41172 kB
Cached:           345680 kB
MemTotal:        1844596 kB
MemFree:         1253828 kB
MemAvailable:    1520956 kB
Buffers:           41172 kB
Cached:           345680 kB
MemTotal:        1844596 kB
MemFree:         1253828 kB
MemAvailable:    1520956 kB
Buffers:           41172 kB
Cached:           345680 kB
MemTotal:        1844596 kB
MemFree:         1255052 kB
MemAvailable:    1522180 kB
Buffers:           41172 kB
Cached:           345680 kB
MemTotal:        1844596 kB
MemFree:         1255040 kB
MemAvailable:    1522168 kB
Buffers:           41172 kB
Cached:           345680 kB
MemTotal:        1844596 kB
MemFree:         1254944 kB
MemAvailable:    1522072 kB
Buffers:           41172 kB
Cached:           345680 kB
MemTotal:        1844596 kB
MemFree:         1254876 kB
MemAvailable:    1522004 kB
Buffers:           41172 kB
Cached:           345680 kB
MemTotal:        1844596 kB
MemFree:         1254804 kB
MemAvailable:    1521932 kB
Buffers:           41172 kB
Cached:           345680 kB
MemTotal:        1844596 kB
MemFree:         1255140 kB
MemAvailable:    1522268 kB
Buffers:           41172 kB
Cached:           345680 kB
MemTotal:        1844596 kB
MemFree:         1255124 kB
MemAvailable:    1522252 kB
Buffers:           41172 kB
Cached:           345680 kB
MemTotal:        1844596 kB
MemFree:         1254924 kB
MemAvailable:    1522052 kB
Buffers:           41172 kB
Cached:           345680 kB
MemTotal:        1844596 kB
MemFree:         1253552 kB
MemAvailable:    1520680 kB
Buffers:           41172 kB
Cached:           345680 kB
MemTotal:        1844596 kB
MemFree:         1253676 kB
MemAvailable:    1520804 kB
Buffers:           41172 kB
Cached:           345680 kB
MemTotal:        1844596 kB
MemFree:         1253932 kB
MemAvailable:    1521060 kB
Buffers:           41172 kB
Cached:           345680 kB
MemTotal:        1844596 kB
MemFree:         1254588 kB
MemAvailable:    1521716 kB
Buffers:           41172 kB
Cached:           345680 kB
MemTotal:        1844596 kB
MemFree:         1254192 kB
MemAvailable:    1521320 kB
Buffers:           41172 kB
Cached:           345680 kB
MemTotal:        1844596 kB
MemFree:         1254360 kB
MemAvailable:    1521488 kB
Buffers:           41172 kB
Cached:           345680 kB
MemTotal:        1844596 kB
MemFree:         1254440 kB
MemAvailable:    1521568 kB
Buffers:           41172 kB
Cached:           345680 kB
MemTotal:        1844596 kB
MemFree:         1253000 kB
MemAvailable:    1520128 kB
Buffers:           41172 kB
Cached:           345680 kB
MemTotal:        1844596 kB
MemFree:         1252828 kB
MemAvailable:    1519956 kB
Buffers:           41172 kB
Cached:           345680 kB
MemTotal:        1844596 kB
MemFree:         1252872 kB
MemAvailable:    1520000 kB
Buffers:           41172 kB
Cached:           345680 kB
MemTotal:        1844596 kB
MemFree:         1252732 kB
MemAvailable:    1519860 kB
Buffers:           41172 kB
Cached:           345680 kB
MemTotal:        1844596 kB
MemFree:         1251892 kB
MemAvailable:    1519020 kB
Buffers:           41172 kB
Cached:           345680 kB
MemTotal:        1844596 kB
MemFree:         1251404 kB
MemAvailable:    1518532 kB
Buffers:           41172 kB
Cached:           345680 kB
MemTotal:        1844596 kB
MemFree:         1248428 kB
MemAvailable:    1515556 kB
Buffers:           41172 kB
Cached:           345680 kB
MemTotal:        1844596 kB
MemFree:         1246800 kB
MemAvailable:    1513928 kB
Buffers:           41172 kB
Cached:           345680 kB
MemTotal:        1844596 kB
MemFree:         1246444 kB
MemAvailable:    1513572 kB
Buffers:           41172 kB
Cached:           345680 kB
MemTotal:        1844596 kB
MemFree:         1246440 kB
MemAvailable:    1513568 kB
Buffers:           41172 kB
Cached:           345680 kB
MemTotal:        1844596 kB
MemFree:         1245868 kB
MemAvailable:    1512996 kB
Buffers:           41172 kB
Cached:           345680 kB
MemTotal:        1844596 kB
MemFree:         1244672 kB
MemAvailable:    1511800 kB
Buffers:           41172 kB
Cached:           345680 kB
MemTotal:        1844596 kB
MemFree:         1246156 kB
MemAvailable:    1513284 kB
Buffers:           41172 kB
Cached:           345680 kB
MemTotal:        1844596 kB
MemFree:         1244664 kB
MemAvailable:    1511792 kB
Buffers:           41172 kB
Cached:           345680 kB
MemTotal:        1844596 kB
MemFree:         1244948 kB
MemAvailable:    1512076 kB
Buffers:           41172 kB
Cached:           345680 kB
MemTotal:        1844596 kB
MemFree:         1246292 kB
MemAvailable:    1513420 kB
Buffers:           41172 kB
Cached:           345680 kB
MemTotal:        1844596 kB
MemFree:         1244784 kB
MemAvailable:    1511912 kB
Buffers:           41172 kB
Cached:           345680 kB
MemTotal:        1844596 kB
MemFree:         1246084 kB
MemAvailable:    1513212 kB
Buffers:           41172 kB
Cached:           345680 kB
MemTotal:        1844596 kB
MemFree:         1245028 kB
MemAvailable:    1512156 kB
Buffers:           41172 kB
Cached:           345680 kB
MemTotal:        1844596 kB
MemFree:         1245144 kB
MemAvailable:    1512272 kB
Buffers:           41172 kB
Cached:           345680 kB
MemTotal:        1844596 kB
MemFree:         1244764 kB
MemAvailable:    1511892 kB
Buffers:           41172 kB
Cached:           345680 kB
MemTotal:        1844596 kB
MemFree:         1246116 kB
MemAvailable:    1513244 kB
Buffers:           41172 kB
Cached:           345680 kB
MemTotal:        1844596 kB
MemFree:         1244336 kB
MemAvailable:    1511464 kB
Buffers:           41172 kB
Cached:           345680 kB
MemTotal:        1844596 kB
MemFree:         1245388 kB
MemAvailable:    1512516 kB
Buffers:           41172 kB
Cached:           345680 kB
MemTotal:        1844596 kB
MemFree:         1244832 kB
MemAvailable:    1511960 kB
Buffers:           41172 kB
Cached:           345680 kB
MemTotal:        1844596 kB
MemFree:         1244636 kB
MemAvailable:    1511764 kB
Buffers:           41172 kB
Cached:           345680 kB
MemTotal:        1844596 kB
MemFree:         1244636 kB
MemAvailable:    1511764 kB
Buffers:           41172 kB
Cached:           345680 kB
MemTotal:        1844596 kB
MemFree:         1243088 kB
MemAvailable:    1510224 kB
Buffers:           41172 kB
Cached:           345688 kB
MemTotal:        1844596 kB
MemFree:         1243652 kB
MemAvailable:    1510788 kB
Buffers:           41172 kB
Cached:           345688 kB
MemTotal:        1844596 kB
MemFree:         1243584 kB
MemAvailable:    1510720 kB
Buffers:           41172 kB
Cached:           345688 kB
MemTotal:        1844596 kB
MemFree:         1241476 kB
MemAvailable:    1508612 kB
Buffers:           41172 kB
Cached:           345688 kB
MemTotal:        1844596 kB
MemFree:         1241608 kB
MemAvailable:    1508744 kB
Buffers:           41172 kB
Cached:           345688 kB
MemTotal:        1844596 kB
MemFree:         1241344 kB
MemAvailable:    1508480 kB
Buffers:           41172 kB
Cached:           345688 kB
MemTotal:        1844596 kB
MemFree:         1242460 kB
MemAvailable:    1509596 kB
Buffers:           41172 kB
Cached:           345688 kB
MemTotal:        1844596 kB
MemFree:         1242348 kB
MemAvailable:    1509484 kB
Buffers:           41172 kB
Cached:           345688 kB
MemTotal:        1844596 kB
MemFree:         1242132 kB
MemAvailable:    1509268 kB
Buffers:           41172 kB
Cached:           345688 kB
MemTotal:        1844596 kB
MemFree:         1242220 kB
MemAvailable:    1509356 kB
Buffers:           41172 kB
Cached:           345688 kB
MemTotal:        1844596 kB
MemFree:         1242276 kB
MemAvailable:    1509412 kB
Buffers:           41172 kB
Cached:           345688 kB
MemTotal:        1844596 kB
MemFree:         1242352 kB
MemAvailable:    1509488 kB
Buffers:           41172 kB
Cached:           345688 kB
MemTotal:        1844596 kB
MemFree:         1242032 kB
MemAvailable:    1509168 kB
Buffers:           41172 kB
Cached:           345688 kB
MemTotal:        1844596 kB
MemFree:         1242368 kB
MemAvailable:    1509504 kB
Buffers:           41172 kB
Cached:           345688 kB
MemTotal:        1844596 kB
MemFree:         1240608 kB
MemAvailable:    1507744 kB
Buffers:           41172 kB
Cached:           345688 kB
MemTotal:        1844596 kB
MemFree:         1241592 kB
MemAvailable:    1508728 kB
Buffers:           41172 kB
Cached:           345688 kB
MemTotal:        1844596 kB
MemFree:         1241236 kB
MemAvailable:    1508372 kB
Buffers:           41172 kB
Cached:           345688 kB
MemTotal:        1844596 kB
MemFree:         1234400 kB
MemAvailable:    1501536 kB
Buffers:           41172 kB
Cached:           345688 kB
MemTotal:        1844596 kB
MemFree:         1234484 kB
MemAvailable:    1501620 kB
Buffers:           41172 kB
Cached:           345688 kB
MemTotal:        1844596 kB
MemFree:         1234468 kB
MemAvailable:    1501604 kB
Buffers:           41172 kB
Cached:           345688 kB
MemTotal:        1844596 kB
MemFree:         1234360 kB
MemAvailable:    1501496 kB
Buffers:           41172 kB
Cached:           345688 kB
MemTotal:        1844596 kB
MemFree:         1233240 kB
MemAvailable:    1500376 kB
Buffers:           41172 kB
Cached:           345688 kB
MemTotal:        1844596 kB
MemFree:         1233108 kB
MemAvailable:    1500244 kB
Buffers:           41172 kB
Cached:           345688 kB
MemTotal:        1844596 kB
MemFree:         1235284 kB
MemAvailable:    1502420 kB
Buffers:           41172 kB
Cached:           345688 kB
MemTotal:        1844596 kB
MemFree:         1235964 kB
MemAvailable:    1503268 kB
Buffers:           41172 kB
Cached:           345812 kB
MemTotal:        1844596 kB
MemFree:         1235772 kB
MemAvailable:    1503160 kB
Buffers:           41172 kB
Cached:           345936 kB
MemTotal:        1844596 kB
MemFree:         1235576 kB
MemAvailable:    1503132 kB
Buffers:           41172 kB
Cached:           346184 kB
MemTotal:        1844596 kB
MemFree:         1235460 kB
MemAvailable:    1503016 kB
Buffers:           41172 kB
Cached:           346184 kB
MemTotal:        1844596 kB
MemFree:         1233972 kB
MemAvailable:    1501696 kB
Buffers:           41172 kB
Cached:           346308 kB
MemTotal:        1844596 kB
MemFree:         1235336 kB
MemAvailable:    1503060 kB
Buffers:           41172 kB
Cached:           346308 kB
MemTotal:        1844596 kB
MemFree:         1233840 kB
MemAvailable:    1501564 kB
Buffers:           41172 kB
Cached:           346432 kB
MemTotal:        1844596 kB
MemFree:         1233840 kB
MemAvailable:    1501648 kB
Buffers:           41172 kB
Cached:           346432 kB
MemTotal:        1844596 kB
MemFree:         1233832 kB
MemAvailable:    1501640 kB
Buffers:           41172 kB
Cached:           346432 kB
MemTotal:        1844596 kB
MemFree:         1235164 kB
MemAvailable:    1502972 kB
Buffers:           41172 kB
Cached:           346432 kB
MemTotal:        1844596 kB
MemFree:         1233796 kB
MemAvailable:    1501604 kB
Buffers:           41172 kB
Cached:           346432 kB
MemTotal:        1844596 kB
MemFree:         1235528 kB
MemAvailable:    1502748 kB
Buffers:           41172 kB
Cached:           345760 kB
MemTotal:        1844596 kB
MemFree:         1281372 kB
MemAvailable:    1548592 kB
Buffers:           41172 kB
Cached:           345760 kB
