MemTotal:        1844596 kB
MemFree:         1296244 kB
MemAvailable:    1570512 kB
Buffers:           42224 kB
Cached:           351232 kB
MemTotal:        1844596 kB
MemFree:         1268616 kB
MemAvailable:    1542888 kB
Buffers:           42224 kB
Cached:           351236 kB
MemTotal:        1844596 kB
MemFree:         1267932 kB
MemAvailable:    1542204 kB
Buffers:           42224 kB
Cached:           351236 kB
MemTotal:        1844596 kB
MemFree:         1266368 kB
MemAvailable:    1540640 kB
Buffers:           42224 kB
Cached:           351236 kB
MemTotal:        1844596 kB
MemFree:         1266620 kB
MemAvailable:    1540892 kB
Buffers:           42224 kB
Cached:           351236 kB
MemTotal:        1844596 kB
MemFree:         1265144 kB
MemAvailable:    1539416 kB
Buffers:           42224 kB
Cached:           351236 kB
MemTotal:        1844596 kB
MemFree:         1262400 kB
MemAvailable:    1536672 kB
Buffers:           42224 kB
Cached:           351236 kB
MemTotal:        1844596 kB
MemFree:         1261632 kB
MemAvailable:    1535904 kB
Buffers:           42224 kB
Cached:           351236 kB
MemTotal:        1844596 kB
MemFree:         1258316 kB
MemAvailable:    1532588 kB
Buffers:           42224 kB
Cached:           351236 kB
MemTotal:        1844596 kB
MemFree:         1253984 kB
MemAvailable:    1528256 kB
Buffers:           42224 kB
Cached:           351236 kB
MemTotal:        1844596 kB
MemFree:         1255580 kB
MemAvailable:    1529852 kB
Buffers:           42224 kB
Cached:           351236 kB
MemTotal:        1844596 kB
MemFree:         1255284 kB
MemAvailable:    1529556 kB
Buffers:           42224 kB
Cached:           351236 kB
MemTotal:        1844596 kB
MemFree:         1254356 kB
MemAvailable:    1528628 kB
Buffers:           42224 kB
Cached:           351236 kB
MemTotal:        1844596 kB
MemFree:         1255408 kB
MemAvailable:    1529680 kB
Buffers:           42224 kB
Cached:           351236 kB
MemTotal:        1844596 kB
MemFree:         1253976 kB
MemAvailable:    1528248 kB
Buffers:           42224 kB
Cached:           351236 kB
MemTotal:        1844596 kB
MemFree:         1253364 kB
MemAvailable:    1527636 kB
Buffers:           42224 kB
Cached:           351236 kB
MemTotal:        1844596 kB
MemFree:         1253240 kB
MemAvailable:    1527512 kB
Buffers:           42224 kB
Cached:           351236 kB
MemTotal:        1844596 kB
MemFree:         1252860 kB
MemAvailable:    1527132 kB
Buffers:           42224 kB
Cached:           351236 kB
MemTotal:        1844596 kB
MemFree:         1252752 kB
MemAvailable:    1527024 kB
Buffers:           42224 kB
Cached:           351236 kB
MemTotal:        1844596 kB
MemFree:         1252820 kB
MemAvailable:    1527092 kB
Buffers:           42224 kB
Cached:           351236 kB
MemTotal:        1844596 kB
MemFree:         1251616 kB
MemAvailable:    1525888 kB
Buffers:           42224 kB
Cached:           351236 kB
MemTotal:        1844596 kB
MemFree:         1252856 kB
MemAvailable:    1527128 kB
Buffers:           42224 kB
Cached:           351236 kB
MemTotal:        1844596 kB
MemFree:         1251504 kB
MemAvailable:    1525776 kB
Buffers:           42224 kB
Cached:           351236 kB
MemTotal:        1844596 kB
MemFree:         1252888 kB
MemAvailable:    1527160 kB
Buffers:           42224 kB
Cached:           351236 kB
MemTotal:        1844596 kB
MemFree:         1253096 kB
MemAvailable:    1527368 kB
Buffers:           42224 kB
Cached:           351236 kB
MemTotal:        1844596 kB
MemFree:         1252992 kB
MemAvailable:    1527264 kB
Buffers:           42224 kB
Cached:           351236 kB
MemTotal:        1844596 kB
MemFree:         1254388 kB
MemAvailable:    1528660 kB
Buffers:           42224 kB
Cached:           351236 kB
MemTotal:        1844596 kB
MemFree:         1252488 kB
MemAvailable:    1526760 kB
Buffers:           42224 kB
Cached:           351236 kB
MemTotal:        1844596 kB
MemFree:         1250016 kB
MemAvailable:    1524288 kB
Buffers:           42224 kB
Cached:           351236 kB
MemTotal:        1844596 kB
MemFree:         1250688 kB
MemAvailable:    1524960 kB
Buffers:           42224 kB
Cached:           351236 kB
MemTotal:        1844596 kB
MemFree:         1250200 kB
MemAvailable:    1524472 kB
Buffers:           42224 kB
Cached:           351236 kB
MemTotal:        1844596 kB
MemFree:         1248776 kB
MemAvailable:    1523048 kB
Buffers:           42224 kB
Cached:           351236 kB
MemTotal:        1844596 kB
MemFree:         1249504 kB
MemAvailable:    1523780 kB
Buffers:           42224 kB
Cached:           351240 kB
MemTotal:        1844596 kB
MemFree:         1248900 kB
MemAvailable:    1523176 kB
Buffers:           42224 kB
Cached:           351240 kB
MemTotal:        1844596 kB
MemFree:         1248760 kB
MemAvailable:    1523036 kB
Buffers:           42224 kB
Cached:           351240 kB
MemTotal:        1844596 kB
MemFree:         1248156 kB
MemAvailable:    1522432 kB
Buffers:           42224 kB
Cached:           351240 kB
MemTotal:        1844596 kB
MemFree:         1248764 kB
MemAvailable:    1523040 kB
Buffers:           42224 kB
Cached:           351240 kB
MemTotal:        1844596 kB
MemFree:         1247908 kB
MemAvailable:    1522184 kB
Buffers:           42224 kB
Cached:           351240 kB
MemTotal:        1844596 kB
MemFree:         1247372 kB
MemAvailable:    1521648 kB
Buffers:           42224 kB
Cached:           351240 kB
MemTotal:        1844596 kB
MemFree:         1248432 kB
MemAvailable:    1522708 kB
Buffers:           42224 kB
Cached:           351240 kB
MemTotal:        1844596 kB
MemFree:         1247116 kB
MemAvailable:    1521392 kB
Buffers:           42224 kB
Cached:           351240 kB
MemTotal:        1844596 kB
MemFree:         1248100 kB
MemAvailable:    1522376 kB
Buffers:           42224 kB
Cached:           351240 kB
MemTotal:        1844596 kB
MemFree:         1246728 kB
MemAvailable:    1521004 kB
Buffers:           42224 kB
Cached:           351240 kB
MemTotal:        1844596 kB
MemFree:         1247712 kB
MemAvailable:    1521988 kB
Buffers:           42224 kB
Cached:           351240 kB
MemTotal:        1844596 kB
MemFree:         1247788 kB
MemAvailable:    1522064 kB
Buffers:           42224 kB
Cached:           351240 kB
MemTotal:        1844596 kB
MemFree:         1246388 kB
MemAvailable:    1520664 kB
Buffers:           42224 kB
Cached:           351240 kB
MemTotal:        1844596 kB
MemFree:         1246348 kB
MemAvailable:    1520624 kB
Buffers:           42224 kB
Cached:           351240 kB
MemTotal:        1844596 kB
MemFree:         1246340 kB
MemAvailable:    1520616 kB
Buffers:           42224 kB
Cached:           351240 kB
MemTotal:        1844596 kB
MemFree:         1246596 kB
MemAvailable:    1520872 kB
Buffers:           42224 kB
Cached:           351240 kB
MemTotal:        1844596 kB
MemFree:         1246340 kB
MemAvailable:    1520616 kB
Buffers:           42224 kB
Cached:           351240 kB
MemTotal:        1844596 kB
MemFree:         1247648 kB
MemAvailable:    1521924 kB
Buffers:           42224 kB
Cached:           351240 kB
MemTotal:        1844596 kB
MemFree:         1247748 kB
MemAvailable:    1522024 kB
Buffers:           42224 kB
Cached:           351240 kB
MemTotal:        1844596 kB
MemFree:         1246624 kB
MemAvailable:    1520900 kB
Buffers:           42224 kB
Cached:           351240 kB
MemTotal:        1844596 kB
MemFree:         1246244 kB
MemAvailable:    1520520 kB
Buffers:           42224 kB
Cached:           351240 kB
MemTotal:        1844596 kB
MemFree:         1246156 kB
MemAvailable:    1520432 kB
Buffers:           42224 kB
Cached:           351240 kB
MemTotal:        1844596 kB
MemFree:         1247332 kB
MemAvailable:    1521608 kB
Buffers:           42224 kB
Cached:           351240 kB
MemTotal:        1844596 kB
MemFree:         1246852 kB
MemAvailable:    1521128 kB
Buffers:           42224 kB
Cached:           351240 kB
MemTotal:        1844596 kB
MemFree:         1246720 kB
MemAvailable:    1520996 kB
Buffers:           42224 kB
Cached:           351240 kB
MemTotal:        1844596 kB
MemFree:         1246840 kB
MemAvailable:    1521116 kB
Buffers:           42224 kB
Cached:           351240 kB
MemTotal:        1844596 kB
MemFree:         1246900 kB
MemAvailable:    1521176 kB
Buffers:           42224 kB
Cached:           351240 kB
MemTotal:        1844596 kB
MemFree:         1247012 kB
MemAvailable:    1521288 kB
Buffers:           42224 kB
Cached:           351240 kB
MemTotal:        1844596 kB
MemFree:         1246584 kB
MemAvailable:    1520860 kB
Buffers:           42224 kB
Cached:           351240 kB
MemTotal:        1844596 kB
MemFree:         1246668 kB
MemAvailable:    1520944 kB
Buffers:           42224 kB
Cached:           351240 kB
MemTotal:        1844596 kB
MemFree:         1246672 kB
MemAvailable:    1520948 kB
Buffers:           42224 kB
Cached:           351240 kB
MemTotal:        1844596 kB
MemFree:         1246708 kB
MemAvailable:    1520984 kB
Buffers:           42224 kB
Cached:           351240 kB
MemTotal:        1844596 kB
MemFree:         1246640 kB
MemAvailable:    1520916 kB
Buffers:           42224 kB
Cached:           351240 kB
MemTotal:        1844596 kB
MemFree:         1243684 kB
MemAvailable:    1517960 kB
Buffers:           42224 kB
Cached:           351240 kB
MemTotal:        1844596 kB
MemFree:         1239964 kB
MemAvailable:    1514240 kB
Buffers:           42224 kB
Cached:           351240 kB
MemTotal:        1844596 kB
MemFree:         1238484 kB
MemAvailable:    1512760 kB
Buffers:           42224 kB
Cached:           351240 kB
MemTotal:        1844596 kB
MemFree:         1238840 kB
MemAvailable:    1513116 kB
Buffers:           42224 kB
Cached:           351240 kB
MemTotal:        1844596 kB
MemFree:         1238608 kB
MemAvailable:    1512884 kB
Buffers:           42224 kB
Cached:           351240 kB
MemTotal:        1844596 kB
MemFree:         1238552 kB
MemAvailable:    1512828 kB
Buffers:           42224 kB
Cached:           351240 kB
MemTotal:        1844596 kB
MemFree:         1237808 kB
MemAvailable:    1512084 kB
Buffers:           42224 kB
Cached:           351240 kB
MemTotal:        1844596 kB
MemFree:         1238800 kB
MemAvailable:    1513076 kB
Buffers:           42224 kB
Cached:           351240 kB
MemTotal:        1844596 kB
MemFree:         1238860 kB
MemAvailable:    1513136 kB
Buffers:           42224 kB
Cached:           351240 kB
MemTotal:        1844596 kB
MemFree:         1238896 kB
MemAvailable:    1513172 kB
Buffers:           42224 kB
Cached:           351240 kB
MemTotal:        1844596 kB
MemFree:         1238892 kB
MemAvailable:    1513168 kB
Buffers:           42224 kB
Cached:           351240 kB
MemTotal:        1844596 kB
MemFree:         1238236 kB
MemAvailable:    1512512 kB
Buffers:           42224 kB
Cached:           351240 kB
MemTotal:        1844596 kB
MemFree:         1238676 kB
MemAvailable:    1512952 kB
Buffers:           42224 kB
Cached:           351240 kB
MemTotal:        1844596 kB
MemFree:         1237560 kB
MemAvailable:    1511836 kB
Buffers:           42224 kB
Cached:           351240 kB
MemTotal:        1844596 kB
MemFree:         1237428 kB
MemAvailable:    1511704 kB
Buffers:           42224 kB
Cached:           351240 kB
MemTotal:        1844596 kB
MemFree:         1237428 kB
MemAvailable:    1511704 kB
Buffers:           42224 kB
Cached:           351240 kB
MemTotal:        1844596 kB
MemFree:         1238484 kB
MemAvailable:    1512760 kB
Buffers:           42224 kB
Cached:           351240 kB
MemTotal:        1844596 kB
MemFree:         1236988 kB
MemAvailable:    1511264 kB
Buffers:           42224 kB
Cached:           351240 kB
MemTotal:        1844596 kB
MemFree:         1236624 kB
MemAvailable:    1510900 kB
Buffers:           42224 kB
Cached:           351240 kB
MemTotal:        1844596 kB
MemFree:         1236120 kB
MemAvailable:    1510396 kB
Buffers:           42224 kB
Cached:           351240 kB
MemTotal:        1844596 kB
MemFree:         1237236 kB
MemAvailable:    1511512 kB
Buffers:           42224 kB
Cached:           351240 kB
MemTotal:        1844596 kB
MemFree:         1236128 kB
MemAvailable:    1510404 kB
Buffers:           42224 kB
Cached:           351240 kB
MemTotal:        1844596 kB
MemFree:         1236460 kB
MemAvailable:    1510736 kB
Buffers:           42224 kB
Cached:           351240 kB
MemTotal:        1844596 kB
MemFree:         1235988 kB
MemAvailable:    1510264 kB
Buffers:           42224 kB
Cached:           351240 kB
MemTotal:        1844596 kB
MemFree:         1235260 kB
MemAvailable:    1509536 kB
Buffers:           42224 kB
Cached:           351240 kB
MemTotal:        1844596 kB
MemFree:         1235244 kB
MemAvailable:    1509528 kB
Buffers:           42224 kB
Cached:           351248 kB
MemTotal:        1844596 kB
MemFree:         1234888 kB
MemAvailable:    1509172 kB
Buffers:           42224 kB
Cached:           351248 kB
MemTotal:        1844596 kB
MemFree:         1235108 kB
MemAvailable:    1509392 kB
Buffers:           42224 kB
Cached:           351248 kB
MemTotal:        1844596 kB
MemFree:         1235136 kB
MemAvailable:    1509420 kB
Buffers:           42224 kB
Cached:           351248 kB
MemTotal:        1844596 kB
MemFree:         1235080 kB
MemAvailable:    1509364 kB
Buffers:           42224 kB
Cached:           351248 kB
MemTotal:        1844596 kB
MemFree:         1233896 kB
MemAvailable:    1508180 kB
Buffers:           42224 kB
Cached:           351248 kB
MemTotal:        1844596 kB
MemFree:         1234836 kB
MemAvailable:    1509120 kB
Buffers:           42224 kB
Cached:           351248 kB
MemTotal:        1844596 kB
MemFree:         1235072 kB
MemAvailable:    1509356 kB
Buffers:           42224 kB
Cached:           351248 kB
MemTotal:        1844596 kB
MemFree:         1233476 kB
MemAvailable:    1507760 kB
Buffers:           42224 kB
Cached:           351248 kB
MemTotal:        1844596 kB
MemFree:         1233716 kB
MemAvailable:    1508000 kB
Buffers:           42224 kB
Cached:           351248 kB
MemTotal:        1844596 kB
MemFree:         1235072 kB
MemAvailable:    1509356 kB
Buffers:           42224 kB
Cached:           351248 kB
MemTotal:        1844596 kB
MemFree:         1235124 kB
MemAvailable:    1509408 kB
Buffers:           42224 kB
Cached:           351248 kB
MemTotal:        1844596 kB
MemFree:         1234444 kB
MemAvailable:    1508728 kB
Buffers:           42224 kB
Cached:           351248 kB
MemTotal:        1844596 kB
MemFree:         1234328 kB
MemAvailable:    1508612 kB
Buffers:           42224 kB
Cached:           351248 kB
MemTotal:        1844596 kB
MemFree:         1227200 kB
MemAvailable:    1501484 kB
Buffers:           42224 kB
Cached:           351248 kB
MemTotal:        1844596 kB
MemFree:         1225828 kB
MemAvailable:    1500112 kB
Buffers:           42224 kB
Cached:           351248 kB
MemTotal:        1844596 kB
MemFree:         1225824 kB
MemAvailable:    1500108 kB
Buffers:           42224 kB
Cached:           351248 kB
MemTotal:        1844596 kB
MemFree:         1225824 kB
MemAvailable:    1500108 kB
Buffers:           42224 kB
Cached:           351248 kB
MemTotal:        1844596 kB
MemFree:         1225816 kB
MemAvailable:    1500100 kB
Buffers:           42224 kB
Cached:           351248 kB
MemTotal:        1844596 kB
MemFree:         1225652 kB
MemAvailable:    1499936 kB
Buffers:           42224 kB
Cached:           351248 kB
MemTotal:        1844596 kB
MemFree:         1227732 kB
MemAvailable:    1502016 kB
Buffers:           42224 kB
Cached:           351248 kB
MemTotal:        1844596 kB
MemFree:         1228548 kB
MemAvailable:    1502916 kB
Buffers:           42224 kB
Cached:           351372 kB
MemTotal:        1844596 kB
MemFree:         1227820 kB
MemAvailable:    1502064 kB
Buffers:           42224 kB
Cached:           351372 kB
MemTotal:        1844596 kB
MemFree:         1228128 kB
MemAvailable:    1502664 kB
Buffers:           42224 kB
Cached:           351620 kB
MemTotal:        1844596 kB
MemFree:         1228380 kB
MemAvailable:    1502916 kB
Buffers:           42224 kB
Cached:           351620 kB
MemTotal:        1844596 kB
MemFree:         1228060 kB
MemAvailable:    1502764 kB
Buffers:           42224 kB
Cached:           351744 kB
MemTotal:        1844596 kB
MemFree:         1227864 kB
MemAvailable:    1502652 kB
Buffers:           42224 kB
Cached:           351868 kB
MemTotal:        1844596 kB
MemFree:         1227784 kB
MemAvailable:    1502656 kB
Buffers:           42224 kB
Cached:           351868 kB
MemTotal:        1844596 kB
MemFree:         1227868 kB
MemAvailable:    1502740 kB
Buffers:           42224 kB
Cached:           351868 kB
MemTotal:        1844596 kB
MemFree:         1227664 kB
MemAvailable:    1502536 kB
Buffers:           42224 kB
Cached:           351992 kB
MemTotal:        1844596 kB
MemFree:         1227644 kB
MemAvailable:    1502516 kB
Buffers:           42224 kB
Cached:           351992 kB
MemTotal:        1844596 kB
MemFree:         1227896 kB
MemAvailable:    1502768 kB
Buffers:           42224 kB
Cached:           351992 kB
MemTotal:        1844596 kB
MemFree:         1227592 kB
MemAvailable:    1502464 kB
Buffers:           42224 kB
Cached:           351992 kB
MemTotal:        1844596 kB
MemFree:         1227564 kB
MemAvailable:    1502436 kB
Buffers:           42224 kB
Cached:           351992 kB
MemTotal:        1844596 kB
MemFree:         1228128 kB
MemAvailable:    1502412 kB
Buffers:           42224 kB
Cached:           351320 kB
MemTotal:        1844596 kB
MemFree:         1228128 kB
MemAvailable:    1502412 kB
Buffers:           42224 kB
Cached:           351320 kB
MemTotal:        1844596 kB
MemFree:         1295968 kB
MemAvailable:    1570336 kB
Buffers:           42224 kB
Cached:           351320 kB
