MemTotal:        1844596 kB
MemFree:         1387084 kB
MemAvailable:    1583516 kB
Buffers:           30892 kB
Cached:           281340 kB
MemTotal:        1844596 kB
MemFree:         1362416 kB
MemAvailable:    1558852 kB
Buffers:           30892 kB
Cached:           281344 kB
MemTotal:        1844596 kB
MemFree:         1358572 kB
MemAvailable:    1555008 kB
Buffers:           30892 kB
Cached:           281344 kB
MemTotal:        1844596 kB
MemFree:         1357772 kB
MemAvailable:    1554208 kB
Buffers:           30892 kB
Cached:           281344 kB
MemTotal:        1844596 kB
MemFree:         1355108 kB
MemAvailable:    1551544 kB
Buffers:           30892 kB
Cached:           281344 kB
MemTotal:        1844596 kB
MemFree:         1356224 kB
MemAvailable:    1552660 kB
Buffers:           30892 kB
Cached:           281344 kB
MemTotal:        1844596 kB
MemFree:         1354976 kB
MemAvailable:    1551412 kB
Buffers:           30892 kB
Cached:           281344 kB
MemTotal:        1844596 kB
MemFree:         1352936 kB
MemAvailable:    1549372 kB
Buffers:           30892 kB
Cached:           281344 kB
MemTotal:        1844596 kB
MemFree:         1350084 kB
MemAvailable:    1546520 kB
Buffers:           30892 kB
Cached:           281344 kB
MemTotal:        1844596 kB
MemFree:         1344924 kB
MemAvailable:    1541360 kB
Buffers:           30892 kB
Cached:           281344 kB
MemTotal:        1844596 kB
MemFree:         1344072 kB
MemAvailable:    1540508 kB
Buffers:           30892 kB
Cached:           281344 kB
MemTotal:        1844596 kB
MemFree:         1346284 kB
MemAvailable:    1542720 kB
Buffers:           30892 kB
Cached:           281344 kB
MemTotal:        1844596 kB
MemFree:         1344808 kB
MemAvailable:    1541244 kB
Buffers:           30892 kB
Cached:           281344 kB
MemTotal:        1844596 kB
MemFree:         1344940 kB
MemAvailable:    1541376 kB
Buffers:           30892 kB
Cached:           281344 kB
MemTotal:        1844596 kB
MemFree:         1344940 kB
MemAvailable:    1541376 kB
Buffers:           30892 kB
Cached:           281344 kB
MemTotal:        1844596 kB
MemFree:         1346240 kB
MemAvailable:    1542676 kB
Buffers:           30892 kB
Cached:           281344 kB
MemTotal:        1844596 kB
MemFree:         1344800 kB
MemAvailable:    1541236 kB
Buffers:           30892 kB
Cached:           281344 kB
MemTotal:        1844596 kB
MemFree:         1344504 kB
MemAvailable:    1540940 kB
Buffers:           30892 kB
Cached:           281344 kB
MemTotal:        1844596 kB
MemFree:         1343948 kB
MemAvailable:    1540384 kB
Buffers:           30892 kB
Cached:           281344 kB
MemTotal:        1844596 kB
MemFree:         1342708 kB
MemAvailable:    1539144 kB
Buffers:           30892 kB
Cached:           281344 kB
MemTotal:        1844596 kB
MemFree:         1343604 kB
MemAvailable:    1540040 kB
Buffers:           30892 kB
Cached:           281344 kB
MemTotal:        1844596 kB
MemFree:         1343824 kB
MemAvailable:    1540260 kB
Buffers:           30892 kB
Cached:           281344 kB
MemTotal:        1844596 kB
MemFree:         1343704 kB
MemAvailable:    1540140 kB
Buffers:           30892 kB
Cached:           281344 kB
MemTotal:        1844596 kB
MemFree:         1343792 kB
MemAvailable:    1540228 kB
Buffers:           30892 kB
Cached:           281344 kB
MemTotal:        1844596 kB
MemFree:         1343624 kB
MemAvailable:    1540060 kB
Buffers:           30892 kB
Cached:           281344 kB
MemTotal:        1844596 kB
MemFree:         1342380 kB
MemAvailable:    1538816 kB
Buffers:           30892 kB
Cached:           281344 kB
MemTotal:        1844596 kB
MemFree:         1343576 kB
MemAvailable:    1540012 kB
Buffers:           30892 kB
Cached:           281344 kB
MemTotal:        1844596 kB
MemFree:         1344968 kB
MemAvailable:    1541404 kB
Buffers:           30892 kB
Cached:           281344 kB
MemTotal:        1844596 kB
MemFree:         1345304 kB
MemAvailable:    1541740 kB
Buffers:           30892 kB
Cached:           281344 kB
MemTotal:        1844596 kB
MemFree:         1343512 kB
MemAvailable:    1539948 kB
Buffers:           30892 kB
Cached:           281344 kB
MemTotal:        1844596 kB
MemFree:         1341096 kB
MemAvailable:    1537532 kB
Buffers:           30892 kB
Cached:           281344 kB
MemTotal:        1844596 kB
MemFree:         1340228 kB
MemAvailable:    1536664 kB
Buffers:           30892 kB
Cached:           281344 kB
MemTotal:        1844596 kB
MemFree:         1339848 kB
MemAvailable:    1536284 kB
Buffers:           30892 kB
Cached:           281344 kB
MemTotal:        1844596 kB
MemFree:         1340760 kB
MemAvailable:    1537196 kB
Buffers:           30892 kB
Cached:           281344 kB
MemTotal:        1844596 kB
MemFree:         1340288 kB
MemAvailable:    1536724 kB
Buffers:           30892 kB
Cached:           281344 kB
MemTotal:        1844596 kB
MemFree:         1339628 kB
MemAvailable:    1536064 kB
Buffers:           30892 kB
Cached:           281344 kB
MemTotal:        1844596 kB
MemFree:         1339428 kB
MemAvailable:    1535864 kB
Buffers:           30892 kB
Cached:           281344 kB
MemTotal:        1844596 kB
MemFree:         1339112 kB
MemAvailable:    1535548 kB
Buffers:           30892 kB
Cached:           281344 kB
MemTotal:        1844596 kB
MemFree:         1339332 kB
MemAvailable:    1535768 kB
Buffers:           30892 kB
Cached:           281344 kB
MemTotal:        1844596 kB
MemFree:         1339668 kB
MemAvailable:    1536104 kB
Buffers:           30892 kB
Cached:           281344 kB
MemTotal:        1844596 kB
MemFree:         1339608 kB
MemAvailable:    1536044 kB
Buffers:           30892 kB
Cached:           281344 kB
MemTotal:        1844596 kB
MemFree:         1339288 kB
MemAvailable:    1535724 kB
Buffers:           30892 kB
Cached:           281344 kB
MemTotal:        1844596 kB
MemFree:         1337704 kB
MemAvailable:    1534140 kB
Buffers:           30892 kB
Cached:           281344 kB
MemTotal:        1844596 kB
MemFree:         1338868 kB
MemAvailable:    1535304 kB
Buffers:           30892 kB
Cached:           281344 kB
MemTotal:        1844596 kB
MemFree:         1337064 kB
MemAvailable:    1533500 kB
Buffers:           30892 kB
Cached:           281344 kB
MemTotal:        1844596 kB
MemFree:         1338792 kB
MemAvailable:    1535228 kB
Buffers:           30892 kB
Cached:           281344 kB
MemTotal:        1844596 kB
MemFree:         1339080 kB
MemAvailable:    1535516 kB
Buffers:           30892 kB
Cached:           281344 kB
MemTotal:        1844596 kB
MemFree:         1338924 kB
MemAvailable:    1535360 kB
Buffers:           30892 kB
Cached:           281344 kB
MemTotal:        1844596 kB
MemFree:         1337740 kB
MemAvailable:    1534176 kB
Buffers:           30892 kB
Cached:           281344 kB
MemTotal:        1844596 kB
MemFree:         1338856 kB
MemAvailable:    1535292 kB
Buffers:           30892 kB
Cached:           281344 kB
MemTotal:        1844596 kB
MemFree:         1338848 kB
MemAvailable:    1535284 kB
Buffers:           30892 kB
Cached:           281344 kB
MemTotal:        1844596 kB
MemFree:         1337352 kB
MemAvailable:    1533788 kB
Buffers:           30892 kB
Cached:           281344 kB
MemTotal:        1844596 kB
MemFree:         1338612 kB
MemAvailable:    1535048 kB
Buffers:           30892 kB
Cached:           281344 kB
MemTotal:        1844596 kB
MemFree:         1338544 kB
MemAvailable:    1534980 kB
Buffers:           30892 kB
Cached:           281344 kB
MemTotal:        1844596 kB
MemFree:         1338156 kB
MemAvailable:    1534592 kB
Buffers:           30892 kB
Cached:           281344 kB
MemTotal:        1844596 kB
MemFree:         1338048 kB
MemAvailable:    1534484 kB
Buffers:           30892 kB
Cached:           281344 kB
MemTotal:        1844596 kB
MemFree:         1337948 kB
MemAvailable:    1534384 kB
Buffers:           30892 kB
Cached:           281344 kB
MemTotal:        1844596 kB
MemFree:         1338064 kB
MemAvailable:    1534500 kB
Buffers:           30892 kB
Cached:           281344 kB
MemTotal:        1844596 kB
MemFree:         1336584 kB
MemAvailable:    1533020 kB
Buffers:           30892 kB
Cached:           281344 kB
MemTotal:        1844596 kB
MemFree:         1336496 kB
MemAvailable:    1532932 kB
Buffers:           30892 kB
Cached:           281344 kB
MemTotal:        1844596 kB
MemFree:         1337592 kB
MemAvailable:    1534028 kB
Buffers:           30892 kB
Cached:           281344 kB
MemTotal:        1844596 kB
MemFree:         1337844 kB
MemAvailable:    1534280 kB
Buffers:           30892 kB
Cached:           281344 kB
MemTotal:        1844596 kB
MemFree:         1337568 kB
MemAvailable:    1534004 kB
Buffers:           30892 kB
Cached:           281344 kB
MemTotal:        1844596 kB
MemFree:         1336364 kB
MemAvailable:    1532800 kB
Buffers:           30892 kB
Cached:           281344 kB
MemTotal:        1844596 kB
MemFree:         1337544 kB
MemAvailable:    1533980 kB
Buffers:           30892 kB
Cached:           281344 kB
MemTotal:        1844596 kB
MemFree:         1337712 kB
MemAvailable:    1534148 kB
Buffers:           30892 kB
Cached:           281344 kB
MemTotal:        1844596 kB
MemFree:         1337444 kB
MemAvailable:    1533888 kB
Buffers:           30892 kB
Cached:           281352 kB
MemTotal:        1844596 kB
MemFree:         1337700 kB
MemAvailable:    1534144 kB
Buffers:           30892 kB
Cached:           281352 kB
MemTotal:        1844596 kB
MemFree:         1335996 kB
MemAvailable:    1532440 kB
Buffers:           30892 kB
Cached:           281352 kB
MemTotal:        1844596 kB
MemFree:         1335392 kB
MemAvailable:    1531836 kB
Buffers:           30892 kB
Cached:           281352 kB
MemTotal:        1844596 kB
MemFree:         1333284 kB
MemAvailable:    1529728 kB
Buffers:           30892 kB
Cached:           281352 kB
MemTotal:        1844596 kB
MemFree:         1330556 kB
MemAvailable:    1527000 kB
Buffers:           30892 kB
Cached:           281352 kB
MemTotal:        1844596 kB
MemFree:         1328812 kB
MemAvailable:    1525256 kB
Buffers:           30892 kB
Cached:           281352 kB
MemTotal:        1844596 kB
MemFree:         1329848 kB
MemAvailable:    1526292 kB
Buffers:           30892 kB
Cached:           281352 kB
MemTotal:        1844596 kB
MemFree:         1328572 kB
MemAvailable:    1525016 kB
Buffers:           30892 kB
Cached:           281352 kB
MemTotal:        1844596 kB
MemFree:         1329620 kB
MemAvailable:    1526064 kB
Buffers:           30892 kB
Cached:           281352 kB
MemTotal:        1844596 kB
MemFree:         1329688 kB
MemAvailable:    1526132 kB
Buffers:           30892 kB
Cached:           281352 kB
MemTotal:        1844596 kB
MemFree:         1329660 kB
MemAvailable:    1526104 kB
Buffers:           30892 kB
Cached:           281352 kB
MemTotal:        1844596 kB
MemFree:         1329688 kB
MemAvailable:    1526132 kB
Buffers:           30892 kB
Cached:           281352 kB
MemTotal:        1844596 kB
MemFree:         1329660 kB
MemAvailable:    1526104 kB
Buffers:           30892 kB
Cached:           281352 kB
MemTotal:        1844596 kB
MemFree:         1329912 kB
MemAvailable:    1526356 kB
Buffers:           30892 kB
Cached:           281352 kB
MemTotal:        1844596 kB
MemFree:         1329692 kB
MemAvailable:    1526136 kB
Buffers:           30892 kB
Cached:           281352 kB
MemTotal:        1844596 kB
MemFree:         1328944 kB
MemAvailable:    1525388 kB
Buffers:           30892 kB
Cached:           281352 kB
MemTotal:        1844596 kB
MemFree:         1329620 kB
MemAvailable:    1526064 kB
Buffers:           30892 kB
Cached:           281352 kB
MemTotal:        1844596 kB
MemFree:         1329872 kB
MemAvailable:    1526316 kB
Buffers:           30892 kB
Cached:           281352 kB
MemTotal:        1844596 kB
MemFree:         1329592 kB
MemAvailable:    1526036 kB
Buffers:           30892 kB
Cached:           281352 kB
MemTotal:        1844596 kB
MemFree:         1329764 kB
MemAvailable:    1526208 kB
Buffers:           30892 kB
Cached:           281352 kB
MemTotal:        1844596 kB
MemFree:         1329608 kB
MemAvailable:    1526052 kB
Buffers:           30892 kB
Cached:           281352 kB
MemTotal:        1844596 kB
MemFree:         1328928 kB
MemAvailable:    1525372 kB
Buffers:           30892 kB
Cached:           281352 kB
MemTotal:        1844596 kB
MemFree:         1328928 kB
MemAvailable:    1525372 kB
Buffers:           30892 kB
Cached:           281352 kB
MemTotal:        1844596 kB
MemFree:         1328500 kB
MemAvailable:    1524944 kB
Buffers:           30892 kB
Cached:           281352 kB
MemTotal:        1844596 kB
MemFree:         1328200 kB
MemAvailable:    1524644 kB
Buffers:           30892 kB
Cached:           281352 kB
MemTotal:        1844596 kB
MemFree:         1328144 kB
MemAvailable:    1524588 kB
Buffers:           30892 kB
Cached:           281352 kB
MemTotal:        1844596 kB
MemFree:         1327812 kB
MemAvailable:    1524256 kB
Buffers:           30892 kB
Cached:           281352 kB
MemTotal:        1844596 kB
MemFree:         1327812 kB
MemAvailable:    1524256 kB
Buffers:           30892 kB
Cached:           281352 kB
MemTotal:        1844596 kB
MemFree:         1326836 kB
MemAvailable:    1523280 kB
Buffers:           30892 kB
Cached:           281352 kB
MemTotal:        1844596 kB
MemFree:         1326892 kB
MemAvailable:    1523336 kB
Buffers:           30892 kB
Cached:           281352 kB
MemTotal:        1844596 kB
MemFree:         1324976 kB
MemAvailable:    1521420 kB
Buffers:           30892 kB
Cached:           281352 kB
MemTotal:        1844596 kB
MemFree:         1324852 kB
MemAvailable:    1521296 kB
Buffers:           30892 kB
Cached:           281352 kB
MemTotal:        1844596 kB
MemFree:         1326144 kB
MemAvailable:    1522588 kB
Buffers:           30892 kB
Cached:           281352 kB
MemTotal:        1844596 kB
MemFree:         1324720 kB
MemAvailable:    1521164 kB
Buffers:           30892 kB
Cached:           281352 kB
MemTotal:        1844596 kB
MemFree:         1325928 kB
MemAvailable:    1522372 kB
Buffers:           30892 kB
Cached:           281352 kB
MemTotal:        1844596 kB
MemFree:         1324344 kB
MemAvailable:    1520788 kB
Buffers:           30892 kB
Cached:           281352 kB
MemTotal:        1844596 kB
MemFree:         1325832 kB
MemAvailable:    1522276 kB
Buffers:           30892 kB
Cached:           281352 kB
MemTotal:        1844596 kB
MemFree:         1325688 kB
MemAvailable:    1522132 kB
Buffers:           30892 kB
Cached:           281352 kB
MemTotal:        1844596 kB
MemFree:         1325844 kB
MemAvailable:    1522288 kB
Buffers:           30892 kB
Cached:           281352 kB
MemTotal:        1844596 kB
MemFree:         1325832 kB
MemAvailable:    1522276 kB
Buffers:           30892 kB
Cached:           281352 kB
MemTotal:        1844596 kB
MemFree:         1324852 kB
MemAvailable:    1521296 kB
Buffers:           30892 kB
Cached:           281352 kB
MemTotal:        1844596 kB
MemFree:         1324976 kB
MemAvailable:    1521424 kB
Buffers:           30892 kB
Cached:           281356 kB
MemTotal:        1844596 kB
MemFree:         1324232 kB
MemAvailable:    1520680 kB
Buffers:           30892 kB
Cached:           281356 kB
MemTotal:        1844596 kB
MemFree:         1324100 kB
MemAvailable:    1520548 kB
Buffers:           30892 kB
Cached:           281356 kB
MemTotal:        1844596 kB
MemFree:         1318016 kB
MemAvailable:    1514464 kB
Buffers:           30892 kB
Cached:           281356 kB
MemTotal:        1844596 kB
MemFree:         1317288 kB
MemAvailable:    1513736 kB
Buffers:           30892 kB
Cached:           281356 kB
MemTotal:        1844596 kB
MemFree:         1317756 kB
MemAvailable:    1514204 kB
Buffers:           30892 kB
Cached:           281356 kB
MemTotal:        1844596 kB
MemFree:         1318008 kB
MemAvailable:    1514456 kB
Buffers:           30892 kB
Cached:           281356 kB
MemTotal:        1844596 kB
MemFree:         1317956 kB
MemAvailable:    1514404 kB
Buffers:           30892 kB
Cached:           281356 kB
MemTotal:        1844596 kB
MemFree:         1316896 kB
MemAvailable:    1513344 kB
Buffers:           30892 kB
Cached:           281356 kB
MemTotal:        1844596 kB
MemFree:         1317908 kB
MemAvailable:    1514356 kB
Buffers:           30892 kB
Cached:           281356 kB
MemTotal:        1844596 kB
MemFree:         1319980 kB
MemAvailable:    1516428 kB
Buffers:           30892 kB
Cached:           281356 kB
MemTotal:        1844596 kB
MemFree:         1319572 kB
MemAvailable:    1516104 kB
Buffers:           30892 kB
Cached:           281480 kB
MemTotal:        1844596 kB
MemFree:         1319372 kB
MemAvailable:    1515904 kB
Buffers:           30892 kB
Cached:           281480 kB
MemTotal:        1844596 kB
MemFree:         1319052 kB
MemAvailable:    1515752 kB
Buffers:           30892 kB
Cached:           281604 kB
MemTotal:        1844596 kB
MemFree:         1318812 kB
MemAvailable:    1515680 kB
Buffers:           30892 kB
Cached:           281852 kB
MemTotal:        1844596 kB
MemFree:         1318404 kB
MemAvailable:    1515272 kB
Buffers:           30892 kB
Cached:           281852 kB
MemTotal:        1844596 kB
MemFree:         1317720 kB
MemAvailable:    1514588 kB
Buffers:           30892 kB
Cached:           281976 kB
MemTotal:        1844596 kB
MemFree:         1318704 kB
MemAvailable:    1515740 kB
Buffers:           30892 kB
Cached:           281976 kB
MemTotal:        1844596 kB
MemFree:         1318872 kB
MemAvailable:    1515908 kB
Buffers:           30892 kB
Cached:           281976 kB
MemTotal:        1844596 kB
MemFree:         1318624 kB
MemAvailable:    1515660 kB
Buffers:           30892 kB
Cached:           281976 kB
MemTotal:        1844596 kB
MemFree:         1318528 kB
MemAvailable:    1515564 kB
Buffers:           30892 kB
Cached:           281976 kB
MemTotal:        1844596 kB
MemFree:         1318764 kB
MemAvailable:    1515800 kB
Buffers:           30892 kB
Cached:           281976 kB
MemTotal:        1844596 kB
MemFree:         1317352 kB
MemAvailable:    1514388 kB
Buffers:           30892 kB
Cached:           281976 kB
MemTotal:        1844596 kB
MemFree:         1318712 kB
MemAvailable:    1515748 kB
Buffers:           30892 kB
Cached:           282100 kB
MemTotal:        1844596 kB
MemFree:         1317152 kB
MemAvailable:    1514188 kB
Buffers:           30892 kB
Cached:           282100 kB
MemTotal:        1844596 kB
MemFree:         1317228 kB
MemAvailable:    1514348 kB
Buffers:           30892 kB
Cached:           282100 kB
MemTotal:        1844596 kB
MemFree:         1318016 kB
MemAvailable:    1514424 kB
Buffers:           30892 kB
Cached:           281388 kB
MemTotal:        1844596 kB
MemFree:         1386752 kB
MemAvailable:    1583160 kB
Buffers:           30892 kB
Cached:           281388 kB
