MemTotal:        1844596 kB
MemFree:         1352896 kB
MemAvailable:    1577668 kB
Buffers:           35188 kB
Cached:           307880 kB
MemTotal:        1844596 kB
MemFree:         1326276 kB
MemAvailable:    1551056 kB
Buffers:           35192 kB
Cached:           307884 kB
MemTotal:        1844596 kB
MemFree:         1325716 kB
MemAvailable:    1550496 kB
Buffers:           35192 kB
Cached:           307884 kB
MemTotal:        1844596 kB
MemFree:         1322368 kB
MemAvailable:    1547148 kB
Buffers:           35192 kB
Cached:           307884 kB
MemTotal:        1844596 kB
MemFree:         1322216 kB
MemAvailable:    1546996 kB
Buffers:           35192 kB
Cached:           307884 kB
MemTotal:        1844596 kB
MemFree:         1321924 kB
MemAvailable:    1546704 kB
Buffers:           35192 kB
Cached:           307884 kB
MemTotal:        1844596 kB
MemFree:         1319080 kB
MemAvailable:    1543860 kB
Buffers:           35192 kB
Cached:           307884 kB
MemTotal:        1844596 kB
MemFree:         1318960 kB
MemAvailable:    1543740 kB
Buffers:           35192 kB
Cached:           307884 kB
MemTotal:        1844596 kB
MemFree:         1314300 kB
MemAvailable:    1539080 kB
Buffers:           35192 kB
Cached:           307884 kB
MemTotal:        1844596 kB
MemFree:         1310696 kB
MemAvailable:    1535476 kB
Buffers:           35192 kB
Cached:           307884 kB
MemTotal:        1844596 kB
MemFree:         1310948 kB
MemAvailable:    1535728 kB
Buffers:           35192 kB
Cached:           307884 kB
MemTotal:        1844596 kB
MemFree:         1312056 kB
MemAvailable:    1536836 kB
Buffers:           35192 kB
Cached:           307884 kB
MemTotal:        1844596 kB
MemFree:         1311928 kB
MemAvailable:    1536708 kB
Buffers:           35192 kB
Cached:           307884 kB
MemTotal:        1844596 kB
MemFree:         1311944 kB
MemAvailable:    1536724 kB
Buffers:           35192 kB
Cached:           307884 kB
MemTotal:        1844596 kB
MemFree:         1311756 kB
MemAvailable:    1536536 kB
Buffers:           35192 kB
Cached:           307884 kB
MemTotal:        1844596 kB
MemFree:         1312008 kB
MemAvailable:    1536788 kB
Buffers:           35192 kB
Cached:           307884 kB
MemTotal:        1844596 kB
MemFree:         1311268 kB
MemAvailable:    1536048 kB
Buffers:           35192 kB
Cached:           307884 kB
MemTotal:        1844596 kB
MemFree:         1310020 kB
MemAvailable:    1534800 kB
Buffers:           35192 kB
Cached:           307884 kB
MemTotal:        1844596 kB
MemFree:         1308968 kB
MemAvailable:    1533748 kB
Buffers:           35192 kB
Cached:           307884 kB
MemTotal:        1844596 kB
MemFree:         1309716 kB
MemAvailable:    1534496 kB
Buffers:           35192 kB
Cached:           307884 kB
MemTotal:        1844596 kB
MemFree:         1308728 kB
MemAvailable:    1533508 kB
Buffers:           35192 kB
Cached:           307884 kB
MemTotal:        1844596 kB
MemFree:         1309584 kB
MemAvailable:    1534364 kB
Buffers:           35192 kB
Cached:           307884 kB
MemTotal:        1844596 kB
MemFree:         1308224 kB
MemAvailable:    1533004 kB
Buffers:           35192 kB
Cached:           307884 kB
MemTotal:        1844596 kB
MemFree:         1309596 kB
MemAvailable:    1534376 kB
Buffers:           35192 kB
Cached:           307884 kB
MemTotal:        1844596 kB
MemFree:         1309416 kB
MemAvailable:    1534196 kB
Buffers:           35192 kB
Cached:           307884 kB
MemTotal:        1844596 kB
MemFree:         1308976 kB
MemAvailable:    1533756 kB
Buffers:           35192 kB
Cached:           307884 kB
MemTotal:        1844596 kB
MemFree:         1309528 kB
MemAvailable:    1534308 kB
Buffers:           35192 kB
Cached:           307884 kB
MemTotal:        1844596 kB
MemFree:         1309696 kB
MemAvailable:    1534476 kB
Buffers:           35192 kB
Cached:           307884 kB
MemTotal:        1844596 kB
MemFree:         1310696 kB
MemAvailable:    1535476 kB
Buffers:           35192 kB
Cached:           307884 kB
MemTotal:        1844596 kB
MemFree:         1311032 kB
MemAvailable:    1535812 kB
Buffers:           35192 kB
Cached:           307884 kB
MemTotal:        1844596 kB
MemFree:         1309348 kB
MemAvailable:    1534128 kB
Buffers:           35192 kB
Cached:           307884 kB
MemTotal:        1844596 kB
MemFree:         1306496 kB
MemAvailable:    1531276 kB
Buffers:           35192 kB
Cached:           307884 kB
MemTotal:        1844596 kB
MemFree:         1307232 kB
MemAvailable:    1532012 kB
Buffers:           35192 kB
Cached:           307884 kB
MemTotal:        1844596 kB
MemFree:         1305752 kB
MemAvailable:    1530532 kB
Buffers:           35192 kB
Cached:           307884 kB
MemTotal:        1844596 kB
MemFree:         1306432 kB
MemAvailable:    1531212 kB
Buffers:           35192 kB
Cached:           307884 kB
MemTotal:        1844596 kB
MemFree:         1305752 kB
MemAvailable:    1530532 kB
Buffers:           35192 kB
Cached:           307884 kB
MemTotal:        1844596 kB
MemFree:         1304512 kB
MemAvailable:    1529292 kB
Buffers:           35192 kB
Cached:           307884 kB
MemTotal:        1844596 kB
MemFree:         1305364 kB
MemAvailable:    1530144 kB
Buffers:           35192 kB
Cached:           307884 kB
MemTotal:        1844596 kB
MemFree:         1305504 kB
MemAvailable:    1530284 kB
Buffers:           35192 kB
Cached:           307884 kB
MemTotal:        1844596 kB
MemFree:         1305228 kB
MemAvailable:    1530008 kB
Buffers:           35192 kB
Cached:           307884 kB
MemTotal:        1844596 kB
MemFree:         1305480 kB
MemAvailable:    1530260 kB
Buffers:           35192 kB
Cached:           307884 kB
MemTotal:        1844596 kB
MemFree:         1305076 kB
MemAvailable:    1529856 kB
Buffers:           35192 kB
Cached:           307884 kB
MemTotal:        1844596 kB
MemFree:         1305192 kB
MemAvailable:    1529972 kB
Buffers:           35192 kB
Cached:           307884 kB
MemTotal:        1844596 kB
MemFree:         1303388 kB
MemAvailable:    1528172 kB
Buffers:           35192 kB
Cached:           307888 kB
MemTotal:        1844596 kB
MemFree:         1304564 kB
MemAvailable:    1529348 kB
Buffers:           35192 kB
Cached:           307888 kB
MemTotal:        1844596 kB
MemFree:         1302824 kB
MemAvailable:    1527608 kB
Buffers:           35192 kB
Cached:           307888 kB
MemTotal:        1844596 kB
MemFree:         1304408 kB
MemAvailable:    1529192 kB
Buffers:           35192 kB
Cached:           307888 kB
MemTotal:        1844596 kB
MemFree:         1304448 kB
MemAvailable:    1529232 kB
Buffers:           35192 kB
Cached:           307888 kB
MemTotal:        1844596 kB
MemFree:         1304388 kB
MemAvailable:    1529172 kB
Buffers:           35192 kB
Cached:           307888 kB
MemTotal:        1844596 kB
MemFree:         1304400 kB
MemAvailable:    1529184 kB
Buffers:           35192 kB
Cached:           307888 kB
MemTotal:        1844596 kB
MemFree:         1304372 kB
MemAvailable:    1529156 kB
Buffers:           35192 kB
Cached:           307888 kB
MemTotal:        1844596 kB
MemFree:         1304264 kB
MemAvailable:    1529048 kB
Buffers:           35192 kB
Cached:           307888 kB
MemTotal:        1844596 kB
MemFree:         1304332 kB
MemAvailable:    1529116 kB
Buffers:           35192 kB
Cached:           307888 kB
MemTotal:        1844596 kB
MemFree:         1303520 kB
MemAvailable:    1528304 kB
Buffers:           35192 kB
Cached:           307888 kB
MemTotal:        1844596 kB
MemFree:         1304076 kB
MemAvailable:    1528860 kB
Buffers:           35192 kB
Cached:           307888 kB
MemTotal:        1844596 kB
MemFree:         1303760 kB
MemAvailable:    1528544 kB
Buffers:           35192 kB
Cached:           307888 kB
MemTotal:        1844596 kB
MemFree:         1303732 kB
MemAvailable:    1528516 kB
Buffers:           35192 kB
Cached:           307888 kB
MemTotal:        1844596 kB
MemFree:         1303500 kB
MemAvailable:    1528284 kB
Buffers:           35192 kB
Cached:           307888 kB
MemTotal:        1844596 kB
MemFree:         1302496 kB
MemAvailable:    1527280 kB
Buffers:           35192 kB
Cached:           307888 kB
MemTotal:        1844596 kB
MemFree:         1302620 kB
MemAvailable:    1527404 kB
Buffers:           35192 kB
Cached:           307888 kB
MemTotal:        1844596 kB
MemFree:         1302364 kB
MemAvailable:    1527148 kB
Buffers:           35192 kB
Cached:           307888 kB
MemTotal:        1844596 kB
MemFree:         1302364 kB
MemAvailable:    1527148 kB
Buffers:           35192 kB
Cached:           307888 kB
MemTotal:        1844596 kB
MemFree:         1303348 kB
MemAvailable:    1528132 kB
Buffers:           35192 kB
Cached:           307888 kB
MemTotal:        1844596 kB
MemFree:         1303472 kB
MemAvailable:    1528256 kB
Buffers:           35192 kB
Cached:           307888 kB
MemTotal:        1844596 kB
MemFree:         1302100 kB
MemAvailable:    1526884 kB
Buffers:           35192 kB
Cached:           307888 kB
MemTotal:        1844596 kB
MemFree:         1302100 kB
MemAvailable:    1526884 kB
Buffers:           35192 kB
Cached:           307888 kB
MemTotal:        1844596 kB
MemFree:         1303368 kB
MemAvailable:    1528152 kB
Buffers:           35192 kB
Cached:           307888 kB
MemTotal:        1844596 kB
MemFree:         1303452 kB
MemAvailable:    1528236 kB
Buffers:           35192 kB
Cached:           307888 kB
MemTotal:        1844596 kB
MemFree:         1301968 kB
MemAvailable:    1526752 kB
Buffers:           35192 kB
Cached:           307888 kB
MemTotal:        1844596 kB
MemFree:         1299800 kB
MemAvailable:    1524584 kB
Buffers:           35192 kB
Cached:           307888 kB
MemTotal:        1844596 kB
MemFree:         1296188 kB
MemAvailable:    1520972 kB
Buffers:           35192 kB
Cached:           307888 kB
MemTotal:        1844596 kB
MemFree:         1296272 kB
MemAvailable:    1521056 kB
Buffers:           35192 kB
Cached:           307888 kB
MemTotal:        1844596 kB
MemFree:         1295768 kB
MemAvailable:    1520552 kB
Buffers:           35192 kB
Cached:           307888 kB
MemTotal:        1844596 kB
MemFree:         1295604 kB
MemAvailable:    1520388 kB
Buffers:           35192 kB
Cached:           307888 kB
MemTotal:        1844596 kB
MemFree:         1295520 kB
MemAvailable:    1520304 kB
Buffers:           35192 kB
Cached:           307888 kB
MemTotal:        1844596 kB
MemFree:         1294076 kB
MemAvailable:    1518860 kB
Buffers:           35192 kB
Cached:           307888 kB
MemTotal:        1844596 kB
MemFree:         1295276 kB
MemAvailable:    1520060 kB
Buffers:           35192 kB
Cached:           307888 kB
MemTotal:        1844596 kB
MemFree:         1294320 kB
MemAvailable:    1519104 kB
Buffers:           35192 kB
Cached:           307888 kB
MemTotal:        1844596 kB
MemFree:         1294320 kB
MemAvailable:    1519104 kB
Buffers:           35192 kB
Cached:           307888 kB
MemTotal:        1844596 kB
MemFree:         1294188 kB
MemAvailable:    1518972 kB
Buffers:           35192 kB
Cached:           307888 kB
MemTotal:        1844596 kB
MemFree:         1295664 kB
MemAvailable:    1520448 kB
Buffers:           35192 kB
Cached:           307888 kB
MemTotal:        1844596 kB
MemFree:         1294148 kB
MemAvailable:    1518932 kB
Buffers:           35192 kB
Cached:           307888 kB
MemTotal:        1844596 kB
MemFree:         1295448 kB
MemAvailable:    1520232 kB
Buffers:           35192 kB
Cached:           307888 kB
MemTotal:        1844596 kB
MemFree:         1294396 kB
MemAvailable:    1519180 kB
Buffers:           35192 kB
Cached:           307888 kB
MemTotal:        1844596 kB
MemFree:         1294816 kB
MemAvailable:    1519600 kB
Buffers:           35192 kB
Cached:           307888 kB
MemTotal:        1844596 kB
MemFree:         1294716 kB
MemAvailable:    1519500 kB
Buffers:           35192 kB
Cached:           307888 kB
MemTotal:        1844596 kB
MemFree:         1294596 kB
MemAvailable:    1519380 kB
Buffers:           35192 kB
Cached:           307888 kB
MemTotal:        1844596 kB
MemFree:         1294080 kB
MemAvailable:    1518864 kB
Buffers:           35192 kB
Cached:           307888 kB
MemTotal:        1844596 kB
MemFree:         1293848 kB
MemAvailable:    1518632 kB
Buffers:           35192 kB
Cached:           307888 kB
MemTotal:        1844596 kB
MemFree:         1293692 kB
MemAvailable:    1518476 kB
Buffers:           35192 kB
Cached:           307888 kB
MemTotal:        1844596 kB
MemFree:         1293944 kB
MemAvailable:    1518728 kB
Buffers:           35192 kB
Cached:           307888 kB
MemTotal:        1844596 kB
MemFree:         1291492 kB
MemAvailable:    1516276 kB
Buffers:           35192 kB
Cached:           307888 kB
MemTotal:        1844596 kB
MemFree:         1291236 kB
MemAvailable:    1516020 kB
Buffers:           35192 kB
Cached:           307888 kB
MemTotal:        1844596 kB
MemFree:         1292156 kB
MemAvailable:    1516940 kB
Buffers:           35192 kB
Cached:           307888 kB
MemTotal:        1844596 kB
MemFree:         1291876 kB
MemAvailable:    1516660 kB
Buffers:           35192 kB
Cached:           307888 kB
MemTotal:        1844596 kB
MemFree:         1291744 kB
MemAvailable:    1516528 kB
Buffers:           35192 kB
Cached:           307888 kB
MemTotal:        1844596 kB
MemFree:         1291560 kB
MemAvailable:    1516344 kB
Buffers:           35192 kB
Cached:           307888 kB
MemTotal:        1844596 kB
MemFree:         1291120 kB
MemAvailable:    1515904 kB
Buffers:           35192 kB
Cached:           307888 kB
MemTotal:        1844596 kB
MemFree:         1291588 kB
MemAvailable:    1516372 kB
Buffers:           35192 kB
Cached:           307888 kB
MemTotal:        1844596 kB
MemFree:         1291840 kB
MemAvailable:    1516624 kB
Buffers:           35192 kB
Cached:           307888 kB
MemTotal:        1844596 kB
MemFree:         1291588 kB
MemAvailable:    1516372 kB
Buffers:           35192 kB
Cached:           307888 kB
MemTotal:        1844596 kB
MemFree:         1291588 kB
MemAvailable:    1516372 kB
Buffers:           35192 kB
Cached:           307888 kB
MemTotal:        1844596 kB
MemFree:         1290320 kB
MemAvailable:    1515104 kB
Buffers:           35192 kB
Cached:           307888 kB
MemTotal:        1844596 kB
MemFree:         1291228 kB
MemAvailable:    1516012 kB
Buffers:           35192 kB
Cached:           307888 kB
MemTotal:        1844596 kB
MemFree:         1291480 kB
MemAvailable:    1516264 kB
Buffers:           35192 kB
Cached:           307888 kB
MemTotal:        1844596 kB
MemFree:         1289872 kB
MemAvailable:    1514656 kB
Buffers:           35192 kB
Cached:           307888 kB
MemTotal:        1844596 kB
MemFree:         1284036 kB
MemAvailable:    1508820 kB
Buffers:           35192 kB
Cached:           307888 kB
MemTotal:        1844596 kB
MemFree:         1283680 kB
MemAvailable:    1508464 kB
Buffers:           35192 kB
Cached:           307888 kB
MemTotal:        1844596 kB
MemFree:         1283664 kB
MemAvailable:    1508448 kB
Buffers:           35192 kB
Cached:           307888 kB
MemTotal:        1844596 kB
MemFree:         1283748 kB
MemAvailable:    1508532 kB
Buffers:           35192 kB
Cached:           307888 kB
MemTotal:        1844596 kB
MemFree:         1282248 kB
MemAvailable:    1507032 kB
Buffers:           35192 kB
Cached:           307888 kB
MemTotal:        1844596 kB
MemFree:         1283716 kB
MemAvailable:    1508500 kB
Buffers:           35192 kB
Cached:           307888 kB
MemTotal:        1844596 kB
MemFree:         1283740 kB
MemAvailable:    1508524 kB
Buffers:           35192 kB
Cached:           307888 kB
MemTotal:        1844596 kB
MemFree:         1282812 kB
MemAvailable:    1507608 kB
Buffers:           35192 kB
Cached:           307896 kB
MemTotal:        1844596 kB
MemFree:         1284484 kB
MemAvailable:    1509280 kB
Buffers:           35192 kB
Cached:           307896 kB
MemTotal:        1844596 kB
MemFree:         1284176 kB
MemAvailable:    1509056 kB
Buffers:           35192 kB
Cached:           308020 kB
MemTotal:        1844596 kB
MemFree:         1285028 kB
MemAvailable:    1510076 kB
Buffers:           35192 kB
Cached:           308144 kB
MemTotal:        1844596 kB
MemFree:         1284796 kB
MemAvailable:    1509844 kB
Buffers:           35192 kB
Cached:           308144 kB
MemTotal:        1844596 kB
MemFree:         1284800 kB
MemAvailable:    1509932 kB
Buffers:           35192 kB
Cached:           308268 kB
MemTotal:        1844596 kB
MemFree:         1284712 kB
MemAvailable:    1510012 kB
Buffers:           35192 kB
Cached:           308392 kB
MemTotal:        1844596 kB
MemFree:         1283920 kB
MemAvailable:    1509220 kB
Buffers:           35192 kB
Cached:           308392 kB
MemTotal:        1844596 kB
MemFree:         1284588 kB
MemAvailable:    1509972 kB
Buffers:           35192 kB
Cached:           308516 kB
MemTotal:        1844596 kB
MemFree:         1283680 kB
MemAvailable:    1509064 kB
Buffers:           35192 kB
Cached:           308516 kB
MemTotal:        1844596 kB
MemFree:         1284396 kB
MemAvailable:    1509780 kB
Buffers:           35192 kB
Cached:           308516 kB
MemTotal:        1844596 kB
MemFree:         1284648 kB
MemAvailable:    1510032 kB
Buffers:           35192 kB
Cached:           308516 kB
MemTotal:        1844596 kB
MemFree:         1284448 kB
MemAvailable:    1509916 kB
Buffers:           35192 kB
Cached:           308640 kB
MemTotal:        1844596 kB
MemFree:         1284480 kB
MemAvailable:    1509948 kB
Buffers:           35192 kB
Cached:           308640 kB
MemTotal:        1844596 kB
MemFree:         1284460 kB
MemAvailable:    1509928 kB
Buffers:           35192 kB
Cached:           308640 kB
MemTotal:        1844596 kB
MemFree:         1283556 kB
MemAvailable:    1509024 kB
Buffers:           35192 kB
Cached:           308640 kB
MemTotal:        1844596 kB
MemFree:         1323588 kB
MemAvailable:    1548416 kB
Buffers:           35192 kB
Cached:           307964 kB
MemTotal:        1844596 kB
MemFree:         1349580 kB
MemAvailable:    1574408 kB
Buffers:           35192 kB
Cached:           307964 kB
