MemTotal:        1844596 kB
MemFree:         1180244 kB
MemAvailable:    1562180 kB
Buffers:           55644 kB
Cached:           437248 kB
MemTotal:        1844596 kB
MemFree:         1152740 kB
MemAvailable:    1534680 kB
Buffers:           55644 kB
Cached:           437252 kB
MemTotal:        1844596 kB
MemFree:         1151252 kB
MemAvailable:    1533192 kB
Buffers:           55644 kB
Cached:           437252 kB
MemTotal:        1844596 kB
MemFree:         1149756 kB
MemAvailable:    1531696 kB
Buffers:           55644 kB
Cached:           437252 kB
MemTotal:        1844596 kB
MemFree:         1148516 kB
MemAvailable:    1530456 kB
Buffers:           55644 kB
Cached:           437252 kB
MemTotal:        1844596 kB
MemFree:         1148516 kB
MemAvailable:    1530456 kB
Buffers:           55644 kB
Cached:           437252 kB
MemTotal:        1844596 kB
MemFree:         1144912 kB
MemAvailable:    1526852 kB
Buffers:           55644 kB
Cached:           437252 kB
MemTotal:        1844596 kB
MemFree:         1144996 kB
MemAvailable:    1526936 kB
Buffers:           55644 kB
Cached:           437252 kB
MemTotal:        1844596 kB
MemFree:         1140828 kB
MemAvailable:    1522772 kB
Buffers:           55644 kB
Cached:           437252 kB
MemTotal:        1844596 kB
MemFree:         1139380 kB
MemAvailable:    1521324 kB
Buffers:           55644 kB
Cached:           437252 kB
MemTotal:        1844596 kB
MemFree:         1139452 kB
MemAvailable:    1521396 kB
Buffers:           55644 kB
Cached:           437252 kB
MemTotal:        1844596 kB
MemFree:         1139412 kB
MemAvailable:    1521356 kB
Buffers:           55644 kB
Cached:           437252 kB
MemTotal:        1844596 kB
MemFree:         1139412 kB
MemAvailable:    1521356 kB
Buffers:           55644 kB
Cached:           437252 kB
MemTotal:        1844596 kB
MemFree:         1139068 kB
MemAvailable:    1521012 kB
Buffers:           55644 kB
Cached:           437252 kB
MemTotal:        1844596 kB
MemFree:         1139320 kB
MemAvailable:    1521264 kB
Buffers:           55644 kB
Cached:           437252 kB
MemTotal:        1844596 kB
MemFree:         1138656 kB
MemAvailable:    1520600 kB
Buffers:           55644 kB
Cached:           437252 kB
MemTotal:        1844596 kB
MemFree:         1136488 kB
MemAvailable:    1518432 kB
Buffers:           55644 kB
Cached:           437252 kB
MemTotal:        1844596 kB
MemFree:         1136992 kB
MemAvailable:    1518936 kB
Buffers:           55644 kB
Cached:           437252 kB
MemTotal:        1844596 kB
MemFree:         1136920 kB
MemAvailable:    1518864 kB
Buffers:           55644 kB
Cached:           437252 kB
MemTotal:        1844596 kB
MemFree:         1136920 kB
MemAvailable:    1518864 kB
Buffers:           55644 kB
Cached:           437252 kB
MemTotal:        1844596 kB
MemFree:         1137044 kB
MemAvailable:    1518988 kB
Buffers:           55644 kB
Cached:           437252 kB
MemTotal:        1844596 kB
MemFree:         1136812 kB
MemAvailable:    1518756 kB
Buffers:           55644 kB
Cached:           437252 kB
MemTotal:        1844596 kB
MemFree:         1136248 kB
MemAvailable:    1518192 kB
Buffers:           55644 kB
Cached:           437252 kB
MemTotal:        1844596 kB
MemFree:         1136908 kB
MemAvailable:    1518852 kB
Buffers:           55644 kB
Cached:           437252 kB
MemTotal:        1844596 kB
MemFree:         1136972 kB
MemAvailable:    1518916 kB
Buffers:           55644 kB
Cached:           437252 kB
MemTotal:        1844596 kB
MemFree:         1138312 kB
MemAvailable:    1520256 kB
Buffers:           55644 kB
Cached:           437252 kB
MemTotal:        1844596 kB
MemFree:         1138340 kB
MemAvailable:    1520284 kB
Buffers:           55644 kB
Cached:           437252 kB
MemTotal:        1844596 kB
MemFree:         1137772 kB
MemAvailable:    1519716 kB
Buffers:           55644 kB
Cached:           437252 kB
MemTotal:        1844596 kB
MemFree:         1135256 kB
MemAvailable:    1517200 kB
Buffers:           55644 kB
Cached:           437252 kB
MemTotal:        1844596 kB
MemFree:         1134636 kB
MemAvailable:    1516580 kB
Buffers:           55644 kB
Cached:           437252 kB
MemTotal:        1844596 kB
MemFree:         1134324 kB
MemAvailable:    1516268 kB
Buffers:           55644 kB
Cached:           437252 kB
MemTotal:        1844596 kB
MemFree:         1133828 kB
MemAvailable:    1515772 kB
Buffers:           55644 kB
Cached:           437252 kB
MemTotal:        1844596 kB
MemFree:         1132100 kB
MemAvailable:    1514044 kB
Buffers:           55644 kB
Cached:           437252 kB
MemTotal:        1844596 kB
MemFree:         1131784 kB
MemAvailable:    1513728 kB
Buffers:           55644 kB
Cached:           437252 kB
MemTotal:        1844596 kB
MemFree:         1132768 kB
MemAvailable:    1514712 kB
Buffers:           55644 kB
Cached:           437252 kB
MemTotal:        1844596 kB
MemFree:         1132164 kB
MemAvailable:    1514108 kB
Buffers:           55644 kB
Cached:           437252 kB
MemTotal:        1844596 kB
MemFree:         1131356 kB
MemAvailable:    1513300 kB
Buffers:           55644 kB
Cached:           437252 kB
MemTotal:        1844596 kB
MemFree:         1131356 kB
MemAvailable:    1513300 kB
Buffers:           55644 kB
Cached:           437252 kB
MemTotal:        1844596 kB
MemFree:         1132588 kB
MemAvailable:    1514532 kB
Buffers:           55644 kB
Cached:           437252 kB
MemTotal:        1844596 kB
MemFree:         1132652 kB
MemAvailable:    1514596 kB
Buffers:           55644 kB
Cached:           437252 kB
MemTotal:        1844596 kB
MemFree:         1132332 kB
MemAvailable:    1514276 kB
Buffers:           55644 kB
Cached:           437252 kB
MemTotal:        1844596 kB
MemFree:         1132332 kB
MemAvailable:    1514276 kB
Buffers:           55644 kB
Cached:           437252 kB
MemTotal:        1844596 kB
MemFree:         1132184 kB
MemAvailable:    1514128 kB
Buffers:           55644 kB
Cached:           437252 kB
MemTotal:        1844596 kB
MemFree:         1130404 kB
MemAvailable:    1512348 kB
Buffers:           55644 kB
Cached:           437252 kB
MemTotal:        1844596 kB
MemFree:         1130404 kB
MemAvailable:    1512348 kB
Buffers:           55644 kB
Cached:           437252 kB
MemTotal:        1844596 kB
MemFree:         1130404 kB
MemAvailable:    1512348 kB
Buffers:           55644 kB
Cached:           437252 kB
MemTotal:        1844596 kB
MemFree:         1130520 kB
MemAvailable:    1512464 kB
Buffers:           55644 kB
Cached:           437252 kB
MemTotal:        1844596 kB
MemFree:         1131828 kB
MemAvailable:    1513772 kB
Buffers:           55644 kB
Cached:           437252 kB
MemTotal:        1844596 kB
MemFree:         1130544 kB
MemAvailable:    1512488 kB
Buffers:           55644 kB
Cached:           437252 kB
MemTotal:        1844596 kB
MemFree:         1131644 kB
MemAvailable:    1513588 kB
Buffers:           55644 kB
Cached:           437252 kB
MemTotal:        1844596 kB
MemFree:         1131660 kB
MemAvailable:    1513604 kB
Buffers:           55644 kB
Cached:           437252 kB
MemTotal:        1844596 kB
MemFree:         1131632 kB
MemAvailable:    1513576 kB
Buffers:           55644 kB
Cached:           437252 kB
MemTotal:        1844596 kB
MemFree:         1131632 kB
MemAvailable:    1513576 kB
Buffers:           55644 kB
Cached:           437252 kB
MemTotal:        1844596 kB
MemFree:         1131272 kB
MemAvailable:    1513216 kB
Buffers:           55644 kB
Cached:           437252 kB
MemTotal:        1844596 kB
MemFree:         1131608 kB
MemAvailable:    1513552 kB
Buffers:           55644 kB
Cached:           437252 kB
MemTotal:        1844596 kB
MemFree:         1129800 kB
MemAvailable:    1511744 kB
Buffers:           55644 kB
Cached:           437252 kB
MemTotal:        1844596 kB
MemFree:         1130768 kB
MemAvailable:    1512712 kB
Buffers:           55644 kB
Cached:           437252 kB
MemTotal:        1844596 kB
MemFree:         1130048 kB
MemAvailable:    1511992 kB
Buffers:           55644 kB
Cached:           437252 kB
MemTotal:        1844596 kB
MemFree:         1130672 kB
MemAvailable:    1512616 kB
Buffers:           55644 kB
Cached:           437252 kB
MemTotal:        1844596 kB
MemFree:         1129496 kB
MemAvailable:    1511440 kB
Buffers:           55644 kB
Cached:           437252 kB
MemTotal:        1844596 kB
MemFree:         1130796 kB
MemAvailable:    1512740 kB
Buffers:           55644 kB
Cached:           437252 kB
MemTotal:        1844596 kB
MemFree:         1130716 kB
MemAvailable:    1512660 kB
Buffers:           55644 kB
Cached:           437252 kB
MemTotal:        1844596 kB
MemFree:         1130296 kB
MemAvailable:    1512240 kB
Buffers:           55644 kB
Cached:           437252 kB
MemTotal:        1844596 kB
MemFree:         1130840 kB
MemAvailable:    1512784 kB
Buffers:           55644 kB
Cached:           437252 kB
MemTotal:        1844596 kB
MemFree:         1129532 kB
MemAvailable:    1511476 kB
Buffers:           55644 kB
Cached:           437252 kB
MemTotal:        1844596 kB
MemFree:         1129780 kB
MemAvailable:    1511724 kB
Buffers:           55644 kB
Cached:           437252 kB
MemTotal:        1844596 kB
MemFree:         1127932 kB
MemAvailable:    1509876 kB
Buffers:           55644 kB
Cached:           437252 kB
MemTotal:        1844596 kB
MemFree:         1126628 kB
MemAvailable:    1508572 kB
Buffers:           55644 kB
Cached:           437252 kB
MemTotal:        1844596 kB
MemFree:         1124324 kB
MemAvailable:    1506268 kB
Buffers:           55644 kB
Cached:           437252 kB
MemTotal:        1844596 kB
MemFree:         1123228 kB
MemAvailable:    1505172 kB
Buffers:           55644 kB
Cached:           437252 kB
MemTotal:        1844596 kB
MemFree:         1121856 kB
MemAvailable:    1503800 kB
Buffers:           55644 kB
Cached:           437252 kB
MemTotal:        1844596 kB
MemFree:         1122840 kB
MemAvailable:    1504784 kB
Buffers:           55644 kB
Cached:           437252 kB
MemTotal:        1844596 kB
MemFree:         1121988 kB
MemAvailable:    1503932 kB
Buffers:           55644 kB
Cached:           437252 kB
MemTotal:        1844596 kB
MemFree:         1122904 kB
MemAvailable:    1504848 kB
Buffers:           55644 kB
Cached:           437252 kB
MemTotal:        1844596 kB
MemFree:         1122856 kB
MemAvailable:    1504800 kB
Buffers:           55644 kB
Cached:           437252 kB
MemTotal:        1844596 kB
MemFree:         1123012 kB
MemAvailable:    1504956 kB
Buffers:           55644 kB
Cached:           437252 kB
MemTotal:        1844596 kB
MemFree:         1122912 kB
MemAvailable:    1504864 kB
Buffers:           55644 kB
Cached:           437260 kB
MemTotal:        1844596 kB
MemFree:         1121492 kB
MemAvailable:    1503444 kB
Buffers:           55644 kB
Cached:           437260 kB
MemTotal:        1844596 kB
MemFree:         1121568 kB
MemAvailable:    1503520 kB
Buffers:           55644 kB
Cached:           437260 kB
MemTotal:        1844596 kB
MemFree:         1123024 kB
MemAvailable:    1504976 kB
Buffers:           55644 kB
Cached:           437260 kB
MemTotal:        1844596 kB
MemFree:         1122980 kB
MemAvailable:    1504932 kB
Buffers:           55644 kB
Cached:           437260 kB
MemTotal:        1844596 kB
MemFree:         1121436 kB
MemAvailable:    1503388 kB
Buffers:           55644 kB
Cached:           437260 kB
MemTotal:        1844596 kB
MemFree:         1122924 kB
MemAvailable:    1504876 kB
Buffers:           55644 kB
Cached:           437260 kB
MemTotal:        1844596 kB
MemFree:         1122228 kB
MemAvailable:    1504180 kB
Buffers:           55644 kB
Cached:           437260 kB
MemTotal:        1844596 kB
MemFree:         1120608 kB
MemAvailable:    1502560 kB
Buffers:           55644 kB
Cached:           437260 kB
MemTotal:        1844596 kB
MemFree:         1120492 kB
MemAvailable:    1502444 kB
Buffers:           55644 kB
Cached:           437260 kB
MemTotal:        1844596 kB
MemFree:         1121244 kB
MemAvailable:    1503196 kB
Buffers:           55644 kB
Cached:           437260 kB
MemTotal:        1844596 kB
MemFree:         1119872 kB
MemAvailable:    1501824 kB
Buffers:           55644 kB
Cached:           437260 kB
MemTotal:        1844596 kB
MemFree:         1120956 kB
MemAvailable:    1502908 kB
Buffers:           55644 kB
Cached:           437260 kB
MemTotal:        1844596 kB
MemFree:         1119756 kB
MemAvailable:    1501708 kB
Buffers:           55644 kB
Cached:           437260 kB
MemTotal:        1844596 kB
MemFree:         1118880 kB
MemAvailable:    1500836 kB
Buffers:           55644 kB
Cached:           437264 kB
MemTotal:        1844596 kB
MemFree:         1118880 kB
MemAvailable:    1500836 kB
Buffers:           55644 kB
Cached:           437264 kB
MemTotal:        1844596 kB
MemFree:         1119748 kB
MemAvailable:    1501704 kB
Buffers:           55644 kB
Cached:           437264 kB
MemTotal:        1844596 kB
MemFree:         1118260 kB
MemAvailable:    1500216 kB
Buffers:           55644 kB
Cached:           437264 kB
MemTotal:        1844596 kB
MemFree:         1119428 kB
MemAvailable:    1501384 kB
Buffers:           55644 kB
Cached:           437264 kB
MemTotal:        1844596 kB
MemFree:         1119320 kB
MemAvailable:    1501276 kB
Buffers:           55644 kB
Cached:           437264 kB
MemTotal:        1844596 kB
MemFree:         1119320 kB
MemAvailable:    1501276 kB
Buffers:           55644 kB
Cached:           437264 kB
MemTotal:        1844596 kB
MemFree:         1118020 kB
MemAvailable:    1499976 kB
Buffers:           55644 kB
Cached:           437264 kB
MemTotal:        1844596 kB
MemFree:         1118996 kB
MemAvailable:    1500952 kB
Buffers:           55644 kB
Cached:           437264 kB
MemTotal:        1844596 kB
MemFree:         1119080 kB
MemAvailable:    1501036 kB
Buffers:           55644 kB
Cached:           437264 kB
MemTotal:        1844596 kB
MemFree:         1119060 kB
MemAvailable:    1501016 kB
Buffers:           55644 kB
Cached:           437264 kB
MemTotal:        1844596 kB
MemFree:         1118020 kB
MemAvailable:    1499976 kB
Buffers:           55644 kB
Cached:           437264 kB
MemTotal:        1844596 kB
MemFree:         1118508 kB
MemAvailable:    1500464 kB
Buffers:           55644 kB
Cached:           437264 kB
MemTotal:        1844596 kB
MemFree:         1118152 kB
MemAvailable:    1500108 kB
Buffers:           55644 kB
Cached:           437264 kB
MemTotal:        1844596 kB
MemFree:         1117136 kB
MemAvailable:    1499092 kB
Buffers:           55644 kB
Cached:           437264 kB
MemTotal:        1844596 kB
MemFree:         1116840 kB
MemAvailable:    1498796 kB
Buffers:           55644 kB
Cached:           437264 kB
MemTotal:        1844596 kB
MemFree:         1111572 kB
MemAvailable:    1493528 kB
Buffers:           55644 kB
Cached:           437264 kB
MemTotal:        1844596 kB
MemFree:         1111200 kB
MemAvailable:    1493156 kB
Buffers:           55644 kB
Cached:           437264 kB
MemTotal:        1844596 kB
MemFree:         1110876 kB
MemAvailable:    1492832 kB
Buffers:           55644 kB
Cached:           437264 kB
MemTotal:        1844596 kB
MemFree:         1109820 kB
MemAvailable:    1491776 kB
Buffers:           55644 kB
Cached:           437264 kB
MemTotal:        1844596 kB
MemFree:         1110996 kB
MemAvailable:    1492952 kB
Buffers:           55644 kB
Cached:           437264 kB
MemTotal:        1844596 kB
MemFree:         1109788 kB
MemAvailable:    1491744 kB
Buffers:           55644 kB
Cached:           437264 kB
MemTotal:        1844596 kB
MemFree:         1111672 kB
MemAvailable:    1493628 kB
Buffers:           55644 kB
Cached:           437264 kB
MemTotal:        1844596 kB
MemFree:         1111548 kB
MemAvailable:    1493504 kB
Buffers:           55644 kB
Cached:           437264 kB
MemTotal:        1844596 kB
MemFree:         1112440 kB
MemAvailable:    1494648 kB
Buffers:           55644 kB
Cached:           437512 kB
MemTotal:        1844596 kB
MemFree:         1112184 kB
MemAvailable:    1494476 kB
Buffers:           55644 kB
Cached:           437636 kB
MemTotal:        1844596 kB
MemFree:         1111912 kB
MemAvailable:    1494372 kB
Buffers:           55644 kB
Cached:           437760 kB
MemTotal:        1844596 kB
MemFree:         1111696 kB
MemAvailable:    1494156 kB
Buffers:           55644 kB
Cached:           437760 kB
MemTotal:        1844596 kB
MemFree:         1111740 kB
MemAvailable:    1494284 kB
Buffers:           55644 kB
Cached:           437884 kB
MemTotal:        1844596 kB
MemFree:         1111692 kB
MemAvailable:    1494236 kB
Buffers:           55644 kB
Cached:           437884 kB
MemTotal:        1844596 kB
MemFree:         1111784 kB
MemAvailable:    1494328 kB
Buffers:           55644 kB
Cached:           437884 kB
MemTotal:        1844596 kB
MemFree:         1111488 kB
MemAvailable:    1494116 kB
Buffers:           55644 kB
Cached:           437884 kB
MemTotal:        1844596 kB
MemFree:         1111740 kB
MemAvailable:    1494368 kB
Buffers:           55644 kB
Cached:           437884 kB
MemTotal:        1844596 kB
MemFree:         1111576 kB
MemAvailable:    1494204 kB
Buffers:           55644 kB
Cached:           437884 kB
MemTotal:        1844596 kB
MemFree:         1111696 kB
MemAvailable:    1494324 kB
Buffers:           55644 kB
Cached:           437884 kB
MemTotal:        1844596 kB
MemFree:         1110828 kB
MemAvailable:    1493456 kB
Buffers:           55644 kB
Cached:           437884 kB
MemTotal:        1844596 kB
MemFree:         1111760 kB
MemAvailable:    1493716 kB
Buffers:           55644 kB
Cached:           437252 kB
MemTotal:        1844596 kB
MemFree:         1112012 kB
MemAvailable:    1493968 kB
Buffers:           55644 kB
Cached:           437252 kB
MemTotal:        1844596 kB
MemFree:         1176876 kB
MemAvailable:    1558832 kB
Buffers:           55644 kB
Cached:           437252 kB
