MemTotal:        1844596 kB
MemFree:         1425616 kB
MemAvailable:    1588992 kB
Buffers:           25776 kB
Cached:           251276 kB
MemTotal:        1844596 kB
MemFree:         1399776 kB
MemAvailable:    1563156 kB
Buffers:           25776 kB
Cached:           251280 kB
MemTotal:        1844596 kB
MemFree:         1396996 kB
MemAvailable:    1560376 kB
Buffers:           25776 kB
Cached:           251280 kB
MemTotal:        1844596 kB
MemFree:         1396932 kB
MemAvailable:    1560312 kB
Buffers:           25776 kB
Cached:           251280 kB
MemTotal:        1844596 kB
MemFree:         1396188 kB
MemAvailable:    1559568 kB
Buffers:           25776 kB
Cached:           251280 kB
MemTotal:        1844596 kB
MemFree:         1394824 kB
MemAvailable:    1558204 kB
Buffers:           25776 kB
Cached:           251280 kB
MemTotal:        1844596 kB
MemFree:         1393392 kB
MemAvailable:    1556772 kB
Buffers:           25776 kB
Cached:           251280 kB
MemTotal:        1844596 kB
MemFree:         1393328 kB
MemAvailable:    1556708 kB
Buffers:           25776 kB
Cached:           251280 kB
MemTotal:        1844596 kB
MemFree:         1391912 kB
MemAvailable:    1555292 kB
Buffers:           25776 kB
Cached:           251280 kB
MemTotal:        1844596 kB
MemFree:         1387572 kB
MemAvailable:    1550952 kB
Buffers:           25776 kB
Cached:           251280 kB
MemTotal:        1844596 kB
MemFree:         1383604 kB
MemAvailable:    1546984 kB
Buffers:           25776 kB
Cached:           251280 kB
MemTotal:        1844596 kB
MemFree:         1384940 kB
MemAvailable:    1548320 kB
Buffers:           25776 kB
Cached:           251280 kB
MemTotal:        1844596 kB
MemFree:         1383444 kB
MemAvailable:    1546824 kB
Buffers:           25776 kB
Cached:           251280 kB
MemTotal:        1844596 kB
MemFree:         1383700 kB
MemAvailable:    1547080 kB
Buffers:           25776 kB
Cached:           251280 kB
MemTotal:        1844596 kB
MemFree:         1384780 kB
MemAvailable:    1548160 kB
Buffers:           25776 kB
Cached:           251280 kB
MemTotal:        1844596 kB
MemFree:         1383604 kB
MemAvailable:    1546984 kB
Buffers:           25776 kB
Cached:           251280 kB
MemTotal:        1844596 kB
MemFree:         1383712 kB
MemAvailable:    1547092 kB
Buffers:           25776 kB
Cached:           251280 kB
MemTotal:        1844596 kB
MemFree:         1383712 kB
MemAvailable:    1547092 kB
Buffers:           25776 kB
Cached:           251280 kB
MemTotal:        1844596 kB
MemFree:         1381364 kB
MemAvailable:    1544744 kB
Buffers:           25776 kB
Cached:           251280 kB
MemTotal:        1844596 kB
MemFree:         1382548 kB
MemAvailable:    1545928 kB
Buffers:           25776 kB
Cached:           251280 kB
MemTotal:        1844596 kB
MemFree:         1382440 kB
MemAvailable:    1545820 kB
Buffers:           25776 kB
Cached:           251280 kB
MemTotal:        1844596 kB
MemFree:         1381104 kB
MemAvailable:    1544484 kB
Buffers:           25776 kB
Cached:           251280 kB
MemTotal:        1844596 kB
MemFree:         1381108 kB
MemAvailable:    1544488 kB
Buffers:           25776 kB
Cached:           251280 kB
MemTotal:        1844596 kB
MemFree:         1382488 kB
MemAvailable:    1545868 kB
Buffers:           25776 kB
Cached:           251280 kB
MemTotal:        1844596 kB
MemFree:         1381212 kB
MemAvailable:    1544592 kB
Buffers:           25776 kB
Cached:           251280 kB
MemTotal:        1844596 kB
MemFree:         1382396 kB
MemAvailable:    1545776 kB
Buffers:           25776 kB
Cached:           251280 kB
MemTotal:        1844596 kB
MemFree:         1381364 kB
MemAvailable:    1544744 kB
Buffers:           25776 kB
Cached:           251280 kB
MemTotal:        1844596 kB
MemFree:         1383584 kB
MemAvailable:    1546964 kB
Buffers:           25776 kB
Cached:           251280 kB
MemTotal:        1844596 kB
MemFree:         1382860 kB
MemAvailable:    1546240 kB
Buffers:           25776 kB
Cached:           251280 kB
MemTotal:        1844596 kB
MemFree:         1381488 kB
MemAvailable:    1544868 kB
Buffers:           25776 kB
Cached:           251280 kB
MemTotal:        1844596 kB
MemFree:         1380116 kB
MemAvailable:    1543496 kB
Buffers:           25776 kB
Cached:           251280 kB
MemTotal:        1844596 kB
MemFree:         1379884 kB
MemAvailable:    1543264 kB
Buffers:           25776 kB
Cached:           251280 kB
MemTotal:        1844596 kB
MemFree:         1379704 kB
MemAvailable:    1543084 kB
Buffers:           25776 kB
Cached:           251280 kB
MemTotal:        1844596 kB
MemFree:         1378272 kB
MemAvailable:    1541652 kB
Buffers:           25776 kB
Cached:           251280 kB
MemTotal:        1844596 kB
MemFree:         1378024 kB
MemAvailable:    1541404 kB
Buffers:           25776 kB
Cached:           251280 kB
MemTotal:        1844596 kB
MemFree:         1378380 kB
MemAvailable:    1541760 kB
Buffers:           25776 kB
Cached:           251280 kB
MemTotal:        1844596 kB
MemFree:         1378024 kB
MemAvailable:    1541404 kB
Buffers:           25776 kB
Cached:           251280 kB
MemTotal:        1844596 kB
MemFree:         1378120 kB
MemAvailable:    1541500 kB
Buffers:           25776 kB
Cached:           251280 kB
MemTotal:        1844596 kB
MemFree:         1378372 kB
MemAvailable:    1541752 kB
Buffers:           25776 kB
Cached:           251280 kB
MemTotal:        1844596 kB
MemFree:         1377124 kB
MemAvailable:    1540504 kB
Buffers:           25776 kB
Cached:           251280 kB
MemTotal:        1844596 kB
MemFree:         1376860 kB
MemAvailable:    1540240 kB
Buffers:           25776 kB
Cached:           251280 kB
MemTotal:        1844596 kB
MemFree:         1378036 kB
MemAvailable:    1541416 kB
Buffers:           25776 kB
Cached:           251280 kB
MemTotal:        1844596 kB
MemFree:         1378016 kB
MemAvailable:    1541400 kB
Buffers:           25776 kB
Cached:           251284 kB
MemTotal:        1844596 kB
MemFree:         1376156 kB
MemAvailable:    1539540 kB
Buffers:           25776 kB
Cached:           251284 kB
MemTotal:        1844596 kB
MemFree:         1377148 kB
MemAvailable:    1540532 kB
Buffers:           25776 kB
Cached:           251284 kB
MemTotal:        1844596 kB
MemFree:         1377348 kB
MemAvailable:    1540732 kB
Buffers:           25776 kB
Cached:           251284 kB
MemTotal:        1844596 kB
MemFree:         1375892 kB
MemAvailable:    1539276 kB
Buffers:           25776 kB
Cached:           251284 kB
MemTotal:        1844596 kB
MemFree:         1377192 kB
MemAvailable:    1540576 kB
Buffers:           25776 kB
Cached:           251284 kB
MemTotal:        1844596 kB
MemFree:         1377192 kB
MemAvailable:    1540576 kB
Buffers:           25776 kB
Cached:           251284 kB
MemTotal:        1844596 kB
MemFree:         1377244 kB
MemAvailable:    1540628 kB
Buffers:           25776 kB
Cached:           251284 kB
MemTotal:        1844596 kB
MemFree:         1375872 kB
MemAvailable:    1539256 kB
Buffers:           25776 kB
Cached:           251284 kB
MemTotal:        1844596 kB
MemFree:         1376536 kB
MemAvailable:    1539920 kB
Buffers:           25776 kB
Cached:           251284 kB
MemTotal:        1844596 kB
MemFree:         1376976 kB
MemAvailable:    1540360 kB
Buffers:           25776 kB
Cached:           251284 kB
MemTotal:        1844596 kB
MemFree:         1375852 kB
MemAvailable:    1539236 kB
Buffers:           25776 kB
Cached:           251284 kB
MemTotal:        1844596 kB
MemFree:         1375984 kB
MemAvailable:    1539368 kB
Buffers:           25776 kB
Cached:           251284 kB
MemTotal:        1844596 kB
MemFree:         1375852 kB
MemAvailable:    1539236 kB
Buffers:           25776 kB
Cached:           251284 kB
MemTotal:        1844596 kB
MemFree:         1375544 kB
MemAvailable:    1538928 kB
Buffers:           25776 kB
Cached:           251284 kB
MemTotal:        1844596 kB
MemFree:         1376520 kB
MemAvailable:    1539904 kB
Buffers:           25776 kB
Cached:           251284 kB
MemTotal:        1844596 kB
MemFree:         1376520 kB
MemAvailable:    1539904 kB
Buffers:           25776 kB
Cached:           251284 kB
MemTotal:        1844596 kB
MemFree:         1374900 kB
MemAvailable:    1538284 kB
Buffers:           25776 kB
Cached:           251284 kB
MemTotal:        1844596 kB
MemFree:         1376132 kB
MemAvailable:    1539516 kB
Buffers:           25776 kB
Cached:           251284 kB
MemTotal:        1844596 kB
MemFree:         1376384 kB
MemAvailable:    1539768 kB
Buffers:           25776 kB
Cached:           251284 kB
MemTotal:        1844596 kB
MemFree:         1374852 kB
MemAvailable:    1538236 kB
Buffers:           25776 kB
Cached:           251284 kB
MemTotal:        1844596 kB
MemFree:         1376284 kB
MemAvailable:    1539668 kB
Buffers:           25776 kB
Cached:           251284 kB
MemTotal:        1844596 kB
MemFree:         1376080 kB
MemAvailable:    1539464 kB
Buffers:           25776 kB
Cached:           251284 kB
MemTotal:        1844596 kB
MemFree:         1376248 kB
MemAvailable:    1539632 kB
Buffers:           25776 kB
Cached:           251284 kB
MemTotal:        1844596 kB
MemFree:         1374760 kB
MemAvailable:    1538144 kB
Buffers:           25776 kB
Cached:           251284 kB
MemTotal:        1844596 kB
MemFree:         1373808 kB
MemAvailable:    1537192 kB
Buffers:           25776 kB
Cached:           251284 kB
MemTotal:        1844596 kB
MemFree:         1369948 kB
MemAvailable:    1533332 kB
Buffers:           25776 kB
Cached:           251284 kB
MemTotal:        1844596 kB
MemFree:         1369912 kB
MemAvailable:    1533296 kB
Buffers:           25776 kB
Cached:           251284 kB
MemTotal:        1844596 kB
MemFree:         1367484 kB
MemAvailable:    1530868 kB
Buffers:           25776 kB
Cached:           251284 kB
MemTotal:        1844596 kB
MemFree:         1367112 kB
MemAvailable:    1530496 kB
Buffers:           25776 kB
Cached:           251284 kB
MemTotal:        1844596 kB
MemFree:         1368232 kB
MemAvailable:    1531616 kB
Buffers:           25776 kB
Cached:           251284 kB
MemTotal:        1844596 kB
MemFree:         1368360 kB
MemAvailable:    1531744 kB
Buffers:           25776 kB
Cached:           251284 kB
MemTotal:        1844596 kB
MemFree:         1368288 kB
MemAvailable:    1531672 kB
Buffers:           25776 kB
Cached:           251284 kB
MemTotal:        1844596 kB
MemFree:         1367864 kB
MemAvailable:    1531248 kB
Buffers:           25784 kB
Cached:           251276 kB
MemTotal:        1844596 kB
MemFree:         1368212 kB
MemAvailable:    1531596 kB
Buffers:           25788 kB
Cached:           251272 kB
MemTotal:        1844596 kB
MemFree:         1368464 kB
MemAvailable:    1531848 kB
Buffers:           25788 kB
Cached:           251272 kB
MemTotal:        1844596 kB
MemFree:         1368340 kB
MemAvailable:    1531724 kB
Buffers:           25788 kB
Cached:           251272 kB
MemTotal:        1844596 kB
MemFree:         1368396 kB
MemAvailable:    1531780 kB
Buffers:           25788 kB
Cached:           251272 kB
MemTotal:        1844596 kB
MemFree:         1368348 kB
MemAvailable:    1531732 kB
Buffers:           25788 kB
Cached:           251272 kB
MemTotal:        1844596 kB
MemFree:         1368312 kB
MemAvailable:    1531696 kB
Buffers:           25788 kB
Cached:           251272 kB
MemTotal:        1844596 kB
MemFree:         1366816 kB
MemAvailable:    1530200 kB
Buffers:           25788 kB
Cached:           251272 kB
MemTotal:        1844596 kB
MemFree:         1366980 kB
MemAvailable:    1530364 kB
Buffers:           25788 kB
Cached:           251272 kB
MemTotal:        1844596 kB
MemFree:         1368040 kB
MemAvailable:    1531424 kB
Buffers:           25788 kB
Cached:           251272 kB
MemTotal:        1844596 kB
MemFree:         1367792 kB
MemAvailable:    1531176 kB
Buffers:           25788 kB
Cached:           251272 kB
MemTotal:        1844596 kB
MemFree:         1367296 kB
MemAvailable:    1530680 kB
Buffers:           25788 kB
Cached:           251272 kB
MemTotal:        1844596 kB
MemFree:         1366836 kB
MemAvailable:    1530220 kB
Buffers:           25788 kB
Cached:           251272 kB
MemTotal:        1844596 kB
MemFree:         1367088 kB
MemAvailable:    1530472 kB
Buffers:           25788 kB
Cached:           251272 kB
MemTotal:        1844596 kB
MemFree:         1365244 kB
MemAvailable:    1528628 kB
Buffers:           25788 kB
Cached:           251272 kB
MemTotal:        1844596 kB
MemFree:         1365368 kB
MemAvailable:    1528752 kB
Buffers:           25788 kB
Cached:           251272 kB
MemTotal:        1844596 kB
MemFree:         1365436 kB
MemAvailable:    1528820 kB
Buffers:           25788 kB
Cached:           251272 kB
MemTotal:        1844596 kB
MemFree:         1365368 kB
MemAvailable:    1528752 kB
Buffers:           25788 kB
Cached:           251272 kB
MemTotal:        1844596 kB
MemFree:         1363956 kB
MemAvailable:    1527340 kB
Buffers:           25788 kB
Cached:           251272 kB
MemTotal:        1844596 kB
MemFree:         1364568 kB
MemAvailable:    1527952 kB
Buffers:           25788 kB
Cached:           251272 kB
MemTotal:        1844596 kB
MemFree:         1364376 kB
MemAvailable:    1527760 kB
Buffers:           25788 kB
Cached:           251272 kB
MemTotal:        1844596 kB
MemFree:         1364672 kB
MemAvailable:    1528056 kB
Buffers:           25788 kB
Cached:           251272 kB
MemTotal:        1844596 kB
MemFree:         1363516 kB
MemAvailable:    1526900 kB
Buffers:           25788 kB
Cached:           251272 kB
MemTotal:        1844596 kB
MemFree:         1364632 kB
MemAvailable:    1528016 kB
Buffers:           25788 kB
Cached:           251272 kB
MemTotal:        1844596 kB
MemFree:         1362880 kB
MemAvailable:    1526264 kB
Buffers:           25788 kB
Cached:           251272 kB
MemTotal:        1844596 kB
MemFree:         1363120 kB
MemAvailable:    1526504 kB
Buffers:           25788 kB
Cached:           251272 kB
MemTotal:        1844596 kB
MemFree:         1363368 kB
MemAvailable:    1526752 kB
Buffers:           25788 kB
Cached:           251272 kB
MemTotal:        1844596 kB
MemFree:         1364492 kB
MemAvailable:    1527876 kB
Buffers:           25788 kB
Cached:           251272 kB
MemTotal:        1844596 kB
MemFree:         1364424 kB
MemAvailable:    1527808 kB
Buffers:           25788 kB
Cached:           251272 kB
MemTotal:        1844596 kB
MemFree:         1364072 kB
MemAvailable:    1527456 kB
Buffers:           25788 kB
Cached:           251272 kB
MemTotal:        1844596 kB
MemFree:         1362344 kB
MemAvailable:    1525728 kB
Buffers:           25788 kB
Cached:           251272 kB
MemTotal:        1844596 kB
MemFree:         1363896 kB
MemAvailable:    1527280 kB
Buffers:           25788 kB
Cached:           251272 kB
MemTotal:        1844596 kB
MemFree:         1356632 kB
MemAvailable:    1520016 kB
Buffers:           25788 kB
Cached:           251272 kB
MemTotal:        1844596 kB
MemFree:         1355200 kB
MemAvailable:    1518584 kB
Buffers:           25788 kB
Cached:           251272 kB
MemTotal:        1844596 kB
MemFree:         1355192 kB
MemAvailable:    1518576 kB
Buffers:           25788 kB
Cached:           251272 kB
MemTotal:        1844596 kB
MemFree:         1355324 kB
MemAvailable:    1518708 kB
Buffers:           25788 kB
Cached:           251272 kB
MemTotal:        1844596 kB
MemFree:         1355160 kB
MemAvailable:    1518564 kB
Buffers:           25788 kB
Cached:           251292 kB
MemTotal:        1844596 kB
MemFree:         1355152 kB
MemAvailable:    1518556 kB
Buffers:           25788 kB
Cached:           251292 kB
MemTotal:        1844596 kB
MemFree:         1358428 kB
MemAvailable:    1521832 kB
Buffers:           25788 kB
Cached:           251292 kB
MemTotal:        1844596 kB
MemFree:         1358428 kB
MemAvailable:    1521916 kB
Buffers:           25788 kB
Cached:           251416 kB
MemTotal:        1844596 kB
MemFree:         1356820 kB
MemAvailable:    1520392 kB
Buffers:           25788 kB
Cached:           251540 kB
MemTotal:        1844596 kB
MemFree:         1357804 kB
MemAvailable:    1521544 kB
Buffers:           25788 kB
Cached:           251664 kB
MemTotal:        1844596 kB
MemFree:         1357728 kB
MemAvailable:    1521636 kB
Buffers:           25788 kB
Cached:           251788 kB
MemTotal:        1844596 kB
MemFree:         1357476 kB
MemAvailable:    1521384 kB
Buffers:           25788 kB
Cached:           251912 kB
MemTotal:        1844596 kB
MemFree:         1356076 kB
MemAvailable:    1520068 kB
Buffers:           25788 kB
Cached:           251912 kB
MemTotal:        1844596 kB
MemFree:         1357376 kB
MemAvailable:    1521452 kB
Buffers:           25788 kB
Cached:           251912 kB
MemTotal:        1844596 kB
MemFree:         1357204 kB
MemAvailable:    1521280 kB
Buffers:           25788 kB
Cached:           251912 kB
MemTotal:        1844596 kB
MemFree:         1357040 kB
MemAvailable:    1521116 kB
Buffers:           25788 kB
Cached:           251912 kB
MemTotal:        1844596 kB
MemFree:         1357292 kB
MemAvailable:    1521368 kB
Buffers:           25788 kB
Cached:           251912 kB
MemTotal:        1844596 kB
MemFree:         1357300 kB
MemAvailable:    1521376 kB
Buffers:           25788 kB
Cached:           251912 kB
MemTotal:        1844596 kB
MemFree:         1356076 kB
MemAvailable:    1520152 kB
Buffers:           25788 kB
Cached:           251912 kB
MemTotal:        1844596 kB
MemFree:         1357136 kB
MemAvailable:    1521212 kB
Buffers:           25788 kB
Cached:           251912 kB
MemTotal:        1844596 kB
MemFree:         1356944 kB
MemAvailable:    1521020 kB
Buffers:           25788 kB
Cached:           251912 kB
MemTotal:        1844596 kB
MemFree:         1355980 kB
MemAvailable:    1519468 kB
Buffers:           25788 kB
Cached:           251280 kB
MemTotal:        1844596 kB
MemFree:         1425464 kB
MemAvailable:    1588952 kB
Buffers:           25788 kB
Cached:           251280 kB
