MemTotal:        1844596 kB
MemFree:         1431232 kB
MemAvailable:    1589576 kB
Buffers:           25008 kB
Cached:           247400 kB
MemTotal:        1844596 kB
MemFree:         1403116 kB
MemAvailable:    1561468 kB
Buffers:           25008 kB
Cached:           247404 kB
MemTotal:        1844596 kB
MemFree:         1403548 kB
MemAvailable:    1561900 kB
Buffers:           25008 kB
Cached:           247404 kB
MemTotal:        1844596 kB
MemFree:         1400636 kB
MemAvailable:    1558988 kB
Buffers:           25008 kB
Cached:           247404 kB
MemTotal:        1844596 kB
MemFree:         1400124 kB
MemAvailable:    1558476 kB
Buffers:           25008 kB
Cached:           247404 kB
MemTotal:        1844596 kB
MemFree:         1400460 kB
MemAvailable:    1558812 kB
Buffers:           25008 kB
Cached:           247404 kB
MemTotal:        1844596 kB
MemFree:         1399016 kB
MemAvailable:    1557368 kB
Buffers:           25008 kB
Cached:           247404 kB
MemTotal:        1844596 kB
MemFree:         1398280 kB
MemAvailable:    1556632 kB
Buffers:           25008 kB
Cached:           247404 kB
MemTotal:        1844596 kB
MemFree:         1395056 kB
MemAvailable:    1553408 kB
Buffers:           25008 kB
Cached:           247404 kB
MemTotal:        1844596 kB
MemFree:         1393444 kB
MemAvailable:    1551796 kB
Buffers:           25008 kB
Cached:           247404 kB
MemTotal:        1844596 kB
MemFree:         1389724 kB
MemAvailable:    1548076 kB
Buffers:           25008 kB
Cached:           247404 kB
MemTotal:        1844596 kB
MemFree:         1390156 kB
MemAvailable:    1548508 kB
Buffers:           25008 kB
Cached:           247404 kB
MemTotal:        1844596 kB
MemFree:         1389228 kB
MemAvailable:    1547580 kB
Buffers:           25008 kB
Cached:           247404 kB
MemTotal:        1844596 kB
MemFree:         1390528 kB
MemAvailable:    1548880 kB
Buffers:           25008 kB
Cached:           247404 kB
MemTotal:        1844596 kB
MemFree:         1390452 kB
MemAvailable:    1548804 kB
Buffers:           25008 kB
Cached:           247404 kB
MemTotal:        1844596 kB
MemFree:         1390212 kB
MemAvailable:    1548564 kB
Buffers:           25008 kB
Cached:           247404 kB
MemTotal:        1844596 kB
MemFree:         1388980 kB
MemAvailable:    1547332 kB
Buffers:           25008 kB
Cached:           247404 kB
MemTotal:        1844596 kB
MemFree:         1389460 kB
MemAvailable:    1547812 kB
Buffers:           25008 kB
Cached:           247404 kB
MemTotal:        1844596 kB
MemFree:         1389588 kB
MemAvailable:    1547940 kB
Buffers:           25008 kB
Cached:           247404 kB
MemTotal:        1844596 kB
MemFree:         1388296 kB
MemAvailable:    1546648 kB
Buffers:           25008 kB
Cached:           247404 kB
MemTotal:        1844596 kB
MemFree:         1387724 kB
MemAvailable:    1546076 kB
Buffers:           25008 kB
Cached:           247404 kB
MemTotal:        1844596 kB
MemFree:         1387368 kB
MemAvailable:    1545720 kB
Buffers:           25008 kB
Cached:           247404 kB
MemTotal:        1844596 kB
MemFree:         1387664 kB
MemAvailable:    1546016 kB
Buffers:           25008 kB
Cached:           247404 kB
MemTotal:        1844596 kB
MemFree:         1386500 kB
MemAvailable:    1544852 kB
Buffers:           25008 kB
Cached:           247404 kB
MemTotal:        1844596 kB
MemFree:         1387636 kB
MemAvailable:    1545988 kB
Buffers:           25008 kB
Cached:           247404 kB
MemTotal:        1844596 kB
MemFree:         1387680 kB
MemAvailable:    1546032 kB
Buffers:           25008 kB
Cached:           247404 kB
MemTotal:        1844596 kB
MemFree:         1387732 kB
MemAvailable:    1546084 kB
Buffers:           25008 kB
Cached:           247404 kB
MemTotal:        1844596 kB
MemFree:         1386360 kB
MemAvailable:    1544712 kB
Buffers:           25008 kB
Cached:           247404 kB
MemTotal:        1844596 kB
MemFree:         1389008 kB
MemAvailable:    1547360 kB
Buffers:           25008 kB
Cached:           247404 kB
MemTotal:        1844596 kB
MemFree:         1389064 kB
MemAvailable:    1547416 kB
Buffers:           25008 kB
Cached:           247404 kB
MemTotal:        1844596 kB
MemFree:         1388544 kB
MemAvailable:    1546896 kB
Buffers:           25008 kB
Cached:           247404 kB
MemTotal:        1844596 kB
MemFree:         1387748 kB
MemAvailable:    1546100 kB
Buffers:           25008 kB
Cached:           247404 kB
MemTotal:        1844596 kB
MemFree:         1385244 kB
MemAvailable:    1543596 kB
Buffers:           25008 kB
Cached:           247404 kB
MemTotal:        1844596 kB
MemFree:         1385136 kB
MemAvailable:    1543488 kB
Buffers:           25008 kB
Cached:           247404 kB
MemTotal:        1844596 kB
MemFree:         1384500 kB
MemAvailable:    1542852 kB
Buffers:           25008 kB
Cached:           247404 kB
MemTotal:        1844596 kB
MemFree:         1383772 kB
MemAvailable:    1542124 kB
Buffers:           25008 kB
Cached:           247404 kB
MemTotal:        1844596 kB
MemFree:         1384072 kB
MemAvailable:    1542424 kB
Buffers:           25008 kB
Cached:           247404 kB
MemTotal:        1844596 kB
MemFree:         1382912 kB
MemAvailable:    1541264 kB
Buffers:           25008 kB
Cached:           247404 kB
MemTotal:        1844596 kB
MemFree:         1383336 kB
MemAvailable:    1541688 kB
Buffers:           25008 kB
Cached:           247404 kB
MemTotal:        1844596 kB
MemFree:         1383588 kB
MemAvailable:    1541940 kB
Buffers:           25008 kB
Cached:           247404 kB
MemTotal:        1844596 kB
MemFree:         1383580 kB
MemAvailable:    1541932 kB
Buffers:           25008 kB
Cached:           247404 kB
MemTotal:        1844596 kB
MemFree:         1383200 kB
MemAvailable:    1541552 kB
Buffers:           25008 kB
Cached:           247404 kB
MemTotal:        1844596 kB
MemFree:         1383452 kB
MemAvailable:    1541804 kB
Buffers:           25008 kB
Cached:           247404 kB
MemTotal:        1844596 kB
MemFree:         1381972 kB
MemAvailable:    1540324 kB
Buffers:           25008 kB
Cached:           247404 kB
MemTotal:        1844596 kB
MemFree:         1383204 kB
MemAvailable:    1541556 kB
Buffers:           25008 kB
Cached:           247404 kB
MemTotal:        1844596 kB
MemFree:         1382664 kB
MemAvailable:    1541016 kB
Buffers:           25008 kB
Cached:           247404 kB
MemTotal:        1844596 kB
MemFree:         1382956 kB
MemAvailable:    1541308 kB
Buffers:           25008 kB
Cached:           247404 kB
MemTotal:        1844596 kB
MemFree:         1382532 kB
MemAvailable:    1540884 kB
Buffers:           25008 kB
Cached:           247404 kB
MemTotal:        1844596 kB
MemFree:         1381156 kB
MemAvailable:    1539508 kB
Buffers:           25008 kB
Cached:           247404 kB
MemTotal:        1844596 kB
MemFree:         1381148 kB
MemAvailable:    1539500 kB
Buffers:           25008 kB
Cached:           247404 kB
MemTotal:        1844596 kB
MemFree:         1382580 kB
MemAvailable:    1540932 kB
Buffers:           25008 kB
Cached:           247404 kB
MemTotal:        1844596 kB
MemFree:         1382332 kB
MemAvailable:    1540684 kB
Buffers:           25008 kB
Cached:           247404 kB
MemTotal:        1844596 kB
MemFree:         1382416 kB
MemAvailable:    1540768 kB
Buffers:           25008 kB
Cached:           247404 kB
MemTotal:        1844596 kB
MemFree:         1382420 kB
MemAvailable:    1540772 kB
Buffers:           25008 kB
Cached:           247404 kB
MemTotal:        1844596 kB
MemFree:         1381120 kB
MemAvailable:    1539472 kB
Buffers:           25008 kB
Cached:           247404 kB
MemTotal:        1844596 kB
MemFree:         1381236 kB
MemAvailable:    1539588 kB
Buffers:           25008 kB
Cached:           247404 kB
MemTotal:        1844596 kB
MemFree:         1382344 kB
MemAvailable:    1540696 kB
Buffers:           25008 kB
Cached:           247404 kB
MemTotal:        1844596 kB
MemFree:         1382292 kB
MemAvailable:    1540644 kB
Buffers:           25008 kB
Cached:           247404 kB
MemTotal:        1844596 kB
MemFree:         1382220 kB
MemAvailable:    1540572 kB
Buffers:           25008 kB
Cached:           247404 kB
MemTotal:        1844596 kB
MemFree:         1382220 kB
MemAvailable:    1540572 kB
Buffers:           25008 kB
Cached:           247404 kB
MemTotal:        1844596 kB
MemFree:         1380856 kB
MemAvailable:    1539208 kB
Buffers:           25008 kB
Cached:           247404 kB
MemTotal:        1844596 kB
MemFree:         1381780 kB
MemAvailable:    1540132 kB
Buffers:           25008 kB
Cached:           247404 kB
MemTotal:        1844596 kB
MemFree:         1380804 kB
MemAvailable:    1539156 kB
Buffers:           25008 kB
Cached:           247404 kB
MemTotal:        1844596 kB
MemFree:         1381492 kB
MemAvailable:    1539844 kB
Buffers:           25008 kB
Cached:           247404 kB
MemTotal:        1844596 kB
MemFree:         1381476 kB
MemAvailable:    1539828 kB
Buffers:           25008 kB
Cached:           247404 kB
MemTotal:        1844596 kB
MemFree:         1381300 kB
MemAvailable:    1539652 kB
Buffers:           25008 kB
Cached:           247404 kB
MemTotal:        1844596 kB
MemFree:         1381552 kB
MemAvailable:    1539904 kB
Buffers:           25008 kB
Cached:           247404 kB
MemTotal:        1844596 kB
MemFree:         1381668 kB
MemAvailable:    1540020 kB
Buffers:           25008 kB
Cached:           247404 kB
MemTotal:        1844596 kB
MemFree:         1381608 kB
MemAvailable:    1539960 kB
Buffers:           25008 kB
Cached:           247404 kB
MemTotal:        1844596 kB
MemFree:         1381400 kB
MemAvailable:    1539752 kB
Buffers:           25008 kB
Cached:           247404 kB
MemTotal:        1844596 kB
MemFree:         1381616 kB
MemAvailable:    1539968 kB
Buffers:           25008 kB
Cached:           247404 kB
MemTotal:        1844596 kB
MemFree:         1381420 kB
MemAvailable:    1539772 kB
Buffers:           25008 kB
Cached:           247404 kB
MemTotal:        1844596 kB
MemFree:         1379788 kB
MemAvailable:    1538140 kB
Buffers:           25008 kB
Cached:           247404 kB
MemTotal:        1844596 kB
MemFree:         1379432 kB
MemAvailable:    1537784 kB
Buffers:           25008 kB
Cached:           247404 kB
MemTotal:        1844596 kB
MemFree:         1377020 kB
MemAvailable:    1535372 kB
Buffers:           25008 kB
Cached:           247404 kB
MemTotal:        1844596 kB
MemFree:         1374224 kB
MemAvailable:    1532576 kB
Buffers:           25008 kB
Cached:           247404 kB
MemTotal:        1844596 kB
MemFree:         1373976 kB
MemAvailable:    1532328 kB
Buffers:           25008 kB
Cached:           247404 kB
MemTotal:        1844596 kB
MemFree:         1374092 kB
MemAvailable:    1532444 kB
Buffers:           25008 kB
Cached:           247404 kB
MemTotal:        1844596 kB
MemFree:         1373596 kB
MemAvailable:    1531948 kB
Buffers:           25008 kB
Cached:           247404 kB
MemTotal:        1844596 kB
MemFree:         1373680 kB
MemAvailable:    1532032 kB
Buffers:           25008 kB
Cached:           247404 kB
MemTotal:        1844596 kB
MemFree:         1372224 kB
MemAvailable:    1530576 kB
Buffers:           25008 kB
Cached:           247404 kB
MemTotal:        1844596 kB
MemFree:         1373616 kB
MemAvailable:    1531968 kB
Buffers:           25008 kB
Cached:           247404 kB
MemTotal:        1844596 kB
MemFree:         1372736 kB
MemAvailable:    1531088 kB
Buffers:           25008 kB
Cached:           247404 kB
MemTotal:        1844596 kB
MemFree:         1373780 kB
MemAvailable:    1532132 kB
Buffers:           25008 kB
Cached:           247404 kB
MemTotal:        1844596 kB
MemFree:         1372296 kB
MemAvailable:    1530648 kB
Buffers:           25008 kB
Cached:           247404 kB
MemTotal:        1844596 kB
MemFree:         1372304 kB
MemAvailable:    1530656 kB
Buffers:           25008 kB
Cached:           247404 kB
MemTotal:        1844596 kB
MemFree:         1373604 kB
MemAvailable:    1531956 kB
Buffers:           25008 kB
Cached:           247404 kB
MemTotal:        1844596 kB
MemFree:         1373580 kB
MemAvailable:    1531932 kB
Buffers:           25008 kB
Cached:           247404 kB
MemTotal:        1844596 kB
MemFree:         1373240 kB
MemAvailable:    1531592 kB
Buffers:           25008 kB
Cached:           247404 kB
MemTotal:        1844596 kB
MemFree:         1373336 kB
MemAvailable:    1531688 kB
Buffers:           25008 kB
Cached:           247404 kB
MemTotal:        1844596 kB
MemFree:         1373672 kB
MemAvailable:    1532024 kB
Buffers:           25008 kB
Cached:           247404 kB
MemTotal:        1844596 kB
MemFree:         1372852 kB
MemAvailable:    1531204 kB
Buffers:           25008 kB
Cached:           247404 kB
MemTotal:        1844596 kB
MemFree:         1372936 kB
MemAvailable:    1531288 kB
Buffers:           25008 kB
Cached:           247404 kB
MemTotal:        1844596 kB
MemFree:         1371256 kB
MemAvailable:    1529608 kB
Buffers:           25008 kB
Cached:           247404 kB
MemTotal:        1844596 kB
MemFree:         1371132 kB
MemAvailable:    1529484 kB
Buffers:           25008 kB
Cached:           247404 kB
MemTotal:        1844596 kB
MemFree:         1372124 kB
MemAvailable:    1530476 kB
Buffers:           25008 kB
Cached:           247404 kB
MemTotal:        1844596 kB
MemFree:         1371612 kB
MemAvailable:    1529968 kB
Buffers:           25008 kB
Cached:           247408 kB
MemTotal:        1844596 kB
MemFree:         1371612 kB
MemAvailable:    1529968 kB
Buffers:           25008 kB
Cached:           247408 kB
MemTotal:        1844596 kB
MemFree:         1370620 kB
MemAvailable:    1528984 kB
Buffers:           25008 kB
Cached:           247416 kB
MemTotal:        1844596 kB
MemFree:         1370732 kB
MemAvailable:    1529096 kB
Buffers:           25008 kB
Cached:           247416 kB
MemTotal:        1844596 kB
MemFree:         1370000 kB
MemAvailable:    1528364 kB
Buffers:           25008 kB
Cached:           247416 kB
MemTotal:        1844596 kB
MemFree:         1369644 kB
MemAvailable:    1528008 kB
Buffers:           25008 kB
Cached:           247416 kB
MemTotal:        1844596 kB
MemFree:         1369864 kB
MemAvailable:    1528228 kB
Buffers:           25008 kB
Cached:           247416 kB
MemTotal:        1844596 kB
MemFree:         1370116 kB
MemAvailable:    1528480 kB
Buffers:           25008 kB
Cached:           247416 kB
MemTotal:        1844596 kB
MemFree:         1369696 kB
MemAvailable:    1528060 kB
Buffers:           25008 kB
Cached:           247416 kB
MemTotal:        1844596 kB
MemFree:         1369216 kB
MemAvailable:    1527580 kB
Buffers:           25008 kB
Cached:           247416 kB
MemTotal:        1844596 kB
MemFree:         1369560 kB
MemAvailable:    1527924 kB
Buffers:           25008 kB
Cached:           247416 kB
MemTotal:        1844596 kB
MemFree:         1369396 kB
MemAvailable:    1527760 kB
Buffers:           25008 kB
Cached:           247416 kB
MemTotal:        1844596 kB
MemFree:         1369816 kB
MemAvailable:    1528180 kB
Buffers:           25008 kB
Cached:           247416 kB
MemTotal:        1844596 kB
MemFree:         1369644 kB
MemAvailable:    1528008 kB
Buffers:           25008 kB
Cached:           247416 kB
MemTotal:        1844596 kB
MemFree:         1368900 kB
MemAvailable:    1527264 kB
Buffers:           25008 kB
Cached:           247416 kB
MemTotal:        1844596 kB
MemFree:         1370076 kB
MemAvailable:    1528440 kB
Buffers:           25008 kB
Cached:           247416 kB
MemTotal:        1844596 kB
MemFree:         1369820 kB
MemAvailable:    1528184 kB
Buffers:           25008 kB
Cached:           247416 kB
MemTotal:        1844596 kB
MemFree:         1369008 kB
MemAvailable:    1527372 kB
Buffers:           25008 kB
Cached:           247416 kB
MemTotal:        1844596 kB
MemFree:         1368404 kB
MemAvailable:    1526768 kB
Buffers:           25008 kB
Cached:           247416 kB
MemTotal:        1844596 kB
MemFree:         1368208 kB
MemAvailable:    1526572 kB
Buffers:           25008 kB
Cached:           247416 kB
MemTotal:        1844596 kB
MemFree:         1362140 kB
MemAvailable:    1520504 kB
Buffers:           25008 kB
Cached:           247416 kB
MemTotal:        1844596 kB
MemFree:         1360840 kB
MemAvailable:    1519204 kB
Buffers:           25008 kB
Cached:           247416 kB
MemTotal:        1844596 kB
MemFree:         1361824 kB
MemAvailable:    1520188 kB
Buffers:           25008 kB
Cached:           247416 kB
MemTotal:        1844596 kB
MemFree:         1360708 kB
MemAvailable:    1519072 kB
Buffers:           25008 kB
Cached:           247416 kB
MemTotal:        1844596 kB
MemFree:         1362008 kB
MemAvailable:    1520372 kB
Buffers:           25008 kB
Cached:           247416 kB
MemTotal:        1844596 kB
MemFree:         1360576 kB
MemAvailable:    1518940 kB
Buffers:           25008 kB
Cached:           247416 kB
MemTotal:        1844596 kB
MemFree:         1363596 kB
MemAvailable:    1521960 kB
Buffers:           25008 kB
Cached:           247416 kB
MemTotal:        1844596 kB
MemFree:         1363768 kB
MemAvailable:    1522132 kB
Buffers:           25008 kB
Cached:           247416 kB
MemTotal:        1844596 kB
MemFree:         1363320 kB
MemAvailable:    1521768 kB
Buffers:           25008 kB
Cached:           247540 kB
MemTotal:        1844596 kB
MemFree:         1363248 kB
MemAvailable:    1521864 kB
Buffers:           25008 kB
Cached:           247664 kB
MemTotal:        1844596 kB
MemFree:         1363116 kB
MemAvailable:    1521816 kB
Buffers:           25008 kB
Cached:           247788 kB
MemTotal:        1844596 kB
MemFree:         1362660 kB
MemAvailable:    1521528 kB
Buffers:           25008 kB
Cached:           247912 kB
MemTotal:        1844596 kB
MemFree:         1362660 kB
MemAvailable:    1521528 kB
Buffers:           25008 kB
Cached:           247912 kB
MemTotal:        1844596 kB
MemFree:         1362688 kB
MemAvailable:    1521640 kB
Buffers:           25008 kB
Cached:           248036 kB
MemTotal:        1844596 kB
MemFree:         1362552 kB
MemAvailable:    1521504 kB
Buffers:           25020 kB
Cached:           248024 kB
MemTotal:        1844596 kB
MemFree:         1361180 kB
MemAvailable:    1520132 kB
Buffers:           25020 kB
Cached:           248024 kB
MemTotal:        1844596 kB
MemFree:         1362564 kB
MemAvailable:    1521516 kB
Buffers:           25020 kB
Cached:           248024 kB
MemTotal:        1844596 kB
MemFree:         1362428 kB
MemAvailable:    1521380 kB
Buffers:           25020 kB
Cached:           248024 kB
MemTotal:        1844596 kB
MemFree:         1362428 kB
MemAvailable:    1521380 kB
Buffers:           25020 kB
Cached:           248024 kB
MemTotal:        1844596 kB
MemFree:         1362556 kB
MemAvailable:    1521508 kB
Buffers:           25020 kB
Cached:           248024 kB
MemTotal:        1844596 kB
MemFree:         1361432 kB
MemAvailable:    1520384 kB
Buffers:           25020 kB
Cached:           248024 kB
MemTotal:        1844596 kB
MemFree:         1362668 kB
MemAvailable:    1521032 kB
Buffers:           25020 kB
Cached:           247476 kB
MemTotal:        1844596 kB
MemFree:         1362012 kB
MemAvailable:    1520376 kB
Buffers:           25020 kB
Cached:           247476 kB
MemTotal:        1844596 kB
MemFree:         1404672 kB
MemAvailable:    1563036 kB
Buffers:           25020 kB
Cached:           247476 kB
