MemTotal:        1844596 kB
MemFree:         1339232 kB
MemAvailable:    1577820 kB
Buffers:           37236 kB
Cached:           320928 kB
MemTotal:        1844596 kB
MemFree:         1312168 kB
MemAvailable:    1550764 kB
Buffers:           37236 kB
Cached:           320932 kB
MemTotal:        1844596 kB
MemFree:         1310596 kB
MemAvailable:    1549192 kB
Buffers:           37236 kB
Cached:           320932 kB
MemTotal:        1844596 kB
MemFree:         1309876 kB
MemAvailable:    1548472 kB
Buffers:           37236 kB
Cached:           320932 kB
MemTotal:        1844596 kB
MemFree:         1309688 kB
MemAvailable:    1548284 kB
Buffers:           37236 kB
Cached:           320932 kB
MemTotal:        1844596 kB
MemFree:         1306900 kB
MemAvailable:    1545496 kB
Buffers:           37236 kB
Cached:           320932 kB
MemTotal:        1844596 kB
MemFree:         1308388 kB
MemAvailable:    1546984 kB
Buffers:           37236 kB
Cached:           320932 kB
MemTotal:        1844596 kB
MemFree:         1304668 kB
MemAvailable:    1543264 kB
Buffers:           37236 kB
Cached:           320932 kB
MemTotal:        1844596 kB
MemFree:         1302684 kB
MemAvailable:    1541280 kB
Buffers:           37236 kB
Cached:           320932 kB
MemTotal:        1844596 kB
MemFree:         1299948 kB
MemAvailable:    1538544 kB
Buffers:           37236 kB
Cached:           320932 kB
MemTotal:        1844596 kB
MemFree:         1297972 kB
MemAvailable:    1536568 kB
Buffers:           37236 kB
Cached:           320932 kB
MemTotal:        1844596 kB
MemFree:         1298300 kB
MemAvailable:    1536896 kB
Buffers:           37236 kB
Cached:           320932 kB
MemTotal:        1844596 kB
MemFree:         1298032 kB
MemAvailable:    1536628 kB
Buffers:           37236 kB
Cached:           320932 kB
MemTotal:        1844596 kB
MemFree:         1296980 kB
MemAvailable:    1535576 kB
Buffers:           37236 kB
Cached:           320932 kB
MemTotal:        1844596 kB
MemFree:         1297908 kB
MemAvailable:    1536504 kB
Buffers:           37236 kB
Cached:           320932 kB
MemTotal:        1844596 kB
MemFree:         1297476 kB
MemAvailable:    1536072 kB
Buffers:           37236 kB
Cached:           320932 kB
MemTotal:        1844596 kB
MemFree:         1297724 kB
MemAvailable:    1536320 kB
Buffers:           37236 kB
Cached:           320932 kB
MemTotal:        1844596 kB
MemFree:         1296360 kB
MemAvailable:    1534956 kB
Buffers:           37236 kB
Cached:           320932 kB
MemTotal:        1844596 kB
MemFree:         1296172 kB
MemAvailable:    1534768 kB
Buffers:           37236 kB
Cached:           320932 kB
MemTotal:        1844596 kB
MemFree:         1296040 kB
MemAvailable:    1534636 kB
Buffers:           37236 kB
Cached:           320932 kB
MemTotal:        1844596 kB
MemFree:         1296052 kB
MemAvailable:    1534648 kB
Buffers:           37236 kB
Cached:           320932 kB
MemTotal:        1844596 kB
MemFree:         1295668 kB
MemAvailable:    1534264 kB
Buffers:           37236 kB
Cached:           320932 kB
MemTotal:        1844596 kB
MemFree:         1295724 kB
MemAvailable:    1534320 kB
Buffers:           37236 kB
Cached:           320932 kB
MemTotal:        1844596 kB
MemFree:         1295588 kB
MemAvailable:    1534184 kB
Buffers:           37236 kB
Cached:           320932 kB
MemTotal:        1844596 kB
MemFree:         1295120 kB
MemAvailable:    1533716 kB
Buffers:           37236 kB
Cached:           320932 kB
MemTotal:        1844596 kB
MemFree:         1295560 kB
MemAvailable:    1534156 kB
Buffers:           37236 kB
Cached:           320932 kB
MemTotal:        1844596 kB
MemFree:         1294440 kB
MemAvailable:    1533036 kB
Buffers:           37236 kB
Cached:           320932 kB
MemTotal:        1844596 kB
MemFree:         1295660 kB
MemAvailable:    1534256 kB
Buffers:           37236 kB
Cached:           320932 kB
MemTotal:        1844596 kB
MemFree:         1296868 kB
MemAvailable:    1535464 kB
Buffers:           37236 kB
Cached:           320932 kB
MemTotal:        1844596 kB
MemFree:         1296172 kB
MemAvailable:    1534768 kB
Buffers:           37236 kB
Cached:           320932 kB
MemTotal:        1844596 kB
MemFree:         1293616 kB
MemAvailable:    1532212 kB
Buffers:           37236 kB
Cached:           320932 kB
MemTotal:        1844596 kB
MemFree:         1293256 kB
MemAvailable:    1531852 kB
Buffers:           37236 kB
Cached:           320932 kB
MemTotal:        1844596 kB
MemFree:         1293124 kB
MemAvailable:    1531720 kB
Buffers:           37236 kB
Cached:           320932 kB
MemTotal:        1844596 kB
MemFree:         1292252 kB
MemAvailable:    1530848 kB
Buffers:           37236 kB
Cached:           320932 kB
MemTotal:        1844596 kB
MemFree:         1292588 kB
MemAvailable:    1531184 kB
Buffers:           37236 kB
Cached:           320932 kB
MemTotal:        1844596 kB
MemFree:         1291704 kB
MemAvailable:    1530300 kB
Buffers:           37236 kB
Cached:           320932 kB
MemTotal:        1844596 kB
MemFree:         1291508 kB
MemAvailable:    1530104 kB
Buffers:           37236 kB
Cached:           320932 kB
MemTotal:        1844596 kB
MemFree:         1290096 kB
MemAvailable:    1528692 kB
Buffers:           37236 kB
Cached:           320932 kB
MemTotal:        1844596 kB
MemFree:         1291372 kB
MemAvailable:    1529968 kB
Buffers:           37236 kB
Cached:           320932 kB
MemTotal:        1844596 kB
MemFree:         1291028 kB
MemAvailable:    1529624 kB
Buffers:           37236 kB
Cached:           320932 kB
MemTotal:        1844596 kB
MemFree:         1291248 kB
MemAvailable:    1529844 kB
Buffers:           37236 kB
Cached:           320932 kB
MemTotal:        1844596 kB
MemFree:         1291276 kB
MemAvailable:    1529872 kB
Buffers:           37236 kB
Cached:           320932 kB
MemTotal:        1844596 kB
MemFree:         1291080 kB
MemAvailable:    1529676 kB
Buffers:           37236 kB
Cached:           320932 kB
MemTotal:        1844596 kB
MemFree:         1290656 kB
MemAvailable:    1529252 kB
Buffers:           37236 kB
Cached:           320932 kB
MemTotal:        1844596 kB
MemFree:         1290780 kB
MemAvailable:    1529376 kB
Buffers:           37236 kB
Cached:           320932 kB
MemTotal:        1844596 kB
MemFree:         1289540 kB
MemAvailable:    1528136 kB
Buffers:           37236 kB
Cached:           320932 kB
MemTotal:        1844596 kB
MemFree:         1289152 kB
MemAvailable:    1527748 kB
Buffers:           37236 kB
Cached:           320932 kB
MemTotal:        1844596 kB
MemFree:         1290452 kB
MemAvailable:    1529048 kB
Buffers:           37236 kB
Cached:           320932 kB
MemTotal:        1844596 kB
MemFree:         1289276 kB
MemAvailable:    1527872 kB
Buffers:           37236 kB
Cached:           320932 kB
MemTotal:        1844596 kB
MemFree:         1290560 kB
MemAvailable:    1529156 kB
Buffers:           37236 kB
Cached:           320932 kB
MemTotal:        1844596 kB
MemFree:         1290496 kB
MemAvailable:    1529092 kB
Buffers:           37236 kB
Cached:           320932 kB
MemTotal:        1844596 kB
MemFree:         1289224 kB
MemAvailable:    1527820 kB
Buffers:           37236 kB
Cached:           320932 kB
MemTotal:        1844596 kB
MemFree:         1289224 kB
MemAvailable:    1527820 kB
Buffers:           37236 kB
Cached:           320932 kB
MemTotal:        1844596 kB
MemFree:         1289100 kB
MemAvailable:    1527696 kB
Buffers:           37236 kB
Cached:           320932 kB
MemTotal:        1844596 kB
MemFree:         1290020 kB
MemAvailable:    1528616 kB
Buffers:           37236 kB
Cached:           320932 kB
MemTotal:        1844596 kB
MemFree:         1290272 kB
MemAvailable:    1528868 kB
Buffers:           37236 kB
Cached:           320932 kB
MemTotal:        1844596 kB
MemFree:         1289760 kB
MemAvailable:    1528356 kB
Buffers:           37236 kB
Cached:           320932 kB
MemTotal:        1844596 kB
MemFree:         1289416 kB
MemAvailable:    1528012 kB
Buffers:           37236 kB
Cached:           320932 kB
MemTotal:        1844596 kB
MemFree:         1289592 kB
MemAvailable:    1528188 kB
Buffers:           37236 kB
Cached:           320932 kB
MemTotal:        1844596 kB
MemFree:         1289760 kB
MemAvailable:    1528356 kB
Buffers:           37236 kB
Cached:           320932 kB
MemTotal:        1844596 kB
MemFree:         1289400 kB
MemAvailable:    1527996 kB
Buffers:           37236 kB
Cached:           320932 kB
MemTotal:        1844596 kB
MemFree:         1288404 kB
MemAvailable:    1527000 kB
Buffers:           37236 kB
Cached:           320932 kB
MemTotal:        1844596 kB
MemFree:         1289464 kB
MemAvailable:    1528060 kB
Buffers:           37236 kB
Cached:           320932 kB
MemTotal:        1844596 kB
MemFree:         1289292 kB
MemAvailable:    1527888 kB
Buffers:           37236 kB
Cached:           320932 kB
MemTotal:        1844596 kB
MemFree:         1289336 kB
MemAvailable:    1527932 kB
Buffers:           37236 kB
Cached:           320932 kB
MemTotal:        1844596 kB
MemFree:         1288244 kB
MemAvailable:    1526840 kB
Buffers:           37236 kB
Cached:           320932 kB
MemTotal:        1844596 kB
MemFree:         1289152 kB
MemAvailable:    1527748 kB
Buffers:           37236 kB
Cached:           320932 kB
MemTotal:        1844596 kB
MemFree:         1288288 kB
MemAvailable:    1526884 kB
Buffers:           37236 kB
Cached:           320932 kB
MemTotal:        1844596 kB
MemFree:         1289448 kB
MemAvailable:    1528044 kB
Buffers:           37236 kB
Cached:           320932 kB
MemTotal:        1844596 kB
MemFree:         1288424 kB
MemAvailable:    1527020 kB
Buffers:           37236 kB
Cached:           320932 kB
MemTotal:        1844596 kB
MemFree:         1286624 kB
MemAvailable:    1525220 kB
Buffers:           37236 kB
Cached:           320932 kB
MemTotal:        1844596 kB
MemFree:         1282588 kB
MemAvailable:    1521184 kB
Buffers:           37236 kB
Cached:           320932 kB
MemTotal:        1844596 kB
MemFree:         1281984 kB
MemAvailable:    1520580 kB
Buffers:           37236 kB
Cached:           320932 kB
MemTotal:        1844596 kB
MemFree:         1282036 kB
MemAvailable:    1520632 kB
Buffers:           37236 kB
Cached:           320932 kB
MemTotal:        1844596 kB
MemFree:         1281720 kB
MemAvailable:    1520316 kB
Buffers:           37236 kB
Cached:           320932 kB
MemTotal:        1844596 kB
MemFree:         1280604 kB
MemAvailable:    1519200 kB
Buffers:           37236 kB
Cached:           320932 kB
MemTotal:        1844596 kB
MemFree:         1281344 kB
MemAvailable:    1519940 kB
Buffers:           37236 kB
Cached:           320932 kB
MemTotal:        1844596 kB
MemFree:         1281644 kB
MemAvailable:    1520240 kB
Buffers:           37236 kB
Cached:           320932 kB
MemTotal:        1844596 kB
MemFree:         1281536 kB
MemAvailable:    1520132 kB
Buffers:           37236 kB
Cached:           320932 kB
MemTotal:        1844596 kB
MemFree:         1281592 kB
MemAvailable:    1520188 kB
Buffers:           37236 kB
Cached:           320932 kB
MemTotal:        1844596 kB
MemFree:         1281728 kB
MemAvailable:    1520324 kB
Buffers:           37236 kB
Cached:           320932 kB
MemTotal:        1844596 kB
MemFree:         1281648 kB
MemAvailable:    1520244 kB
Buffers:           37236 kB
Cached:           320932 kB
MemTotal:        1844596 kB
MemFree:         1280240 kB
MemAvailable:    1518836 kB
Buffers:           37236 kB
Cached:           320932 kB
MemTotal:        1844596 kB
MemFree:         1281340 kB
MemAvailable:    1519936 kB
Buffers:           37236 kB
Cached:           320932 kB
MemTotal:        1844596 kB
MemFree:         1281676 kB
MemAvailable:    1520272 kB
Buffers:           37236 kB
Cached:           320932 kB
MemTotal:        1844596 kB
MemFree:         1280352 kB
MemAvailable:    1518948 kB
Buffers:           37236 kB
Cached:           320932 kB
MemTotal:        1844596 kB
MemFree:         1281664 kB
MemAvailable:    1520268 kB
Buffers:           37236 kB
Cached:           320940 kB
MemTotal:        1844596 kB
MemFree:         1281292 kB
MemAvailable:    1519896 kB
Buffers:           37236 kB
Cached:           320940 kB
MemTotal:        1844596 kB
MemFree:         1280364 kB
MemAvailable:    1518968 kB
Buffers:           37236 kB
Cached:           320940 kB
MemTotal:        1844596 kB
MemFree:         1280464 kB
MemAvailable:    1519068 kB
Buffers:           37236 kB
Cached:           320940 kB
MemTotal:        1844596 kB
MemFree:         1279868 kB
MemAvailable:    1518472 kB
Buffers:           37236 kB
Cached:           320940 kB
MemTotal:        1844596 kB
MemFree:         1280160 kB
MemAvailable:    1518764 kB
Buffers:           37236 kB
Cached:           320940 kB
MemTotal:        1844596 kB
MemFree:         1279844 kB
MemAvailable:    1518448 kB
Buffers:           37236 kB
Cached:           320940 kB
MemTotal:        1844596 kB
MemFree:         1279496 kB
MemAvailable:    1518100 kB
Buffers:           37236 kB
Cached:           320940 kB
MemTotal:        1844596 kB
MemFree:         1279604 kB
MemAvailable:    1518208 kB
Buffers:           37236 kB
Cached:           320940 kB
MemTotal:        1844596 kB
MemFree:         1277512 kB
MemAvailable:    1516116 kB
Buffers:           37236 kB
Cached:           320940 kB
MemTotal:        1844596 kB
MemFree:         1278612 kB
MemAvailable:    1517216 kB
Buffers:           37248 kB
Cached:           320928 kB
MemTotal:        1844596 kB
MemFree:         1278504 kB
MemAvailable:    1517108 kB
Buffers:           37248 kB
Cached:           320928 kB
MemTotal:        1844596 kB
MemFree:         1278068 kB
MemAvailable:    1516672 kB
Buffers:           37248 kB
Cached:           320928 kB
MemTotal:        1844596 kB
MemFree:         1276636 kB
MemAvailable:    1515240 kB
Buffers:           37248 kB
Cached:           320928 kB
MemTotal:        1844596 kB
MemFree:         1276628 kB
MemAvailable:    1515232 kB
Buffers:           37248 kB
Cached:           320928 kB
MemTotal:        1844596 kB
MemFree:         1277572 kB
MemAvailable:    1516176 kB
Buffers:           37248 kB
Cached:           320928 kB
MemTotal:        1844596 kB
MemFree:         1277636 kB
MemAvailable:    1516240 kB
Buffers:           37248 kB
Cached:           320928 kB
MemTotal:        1844596 kB
MemFree:         1277496 kB
MemAvailable:    1516100 kB
Buffers:           37248 kB
Cached:           320928 kB
MemTotal:        1844596 kB
MemFree:         1276380 kB
MemAvailable:    1514984 kB
Buffers:           37248 kB
Cached:           320928 kB
MemTotal:        1844596 kB
MemFree:         1277620 kB
MemAvailable:    1516224 kB
Buffers:           37248 kB
Cached:           320928 kB
MemTotal:        1844596 kB
MemFree:         1276504 kB
MemAvailable:    1515108 kB
Buffers:           37248 kB
Cached:           320928 kB
MemTotal:        1844596 kB
MemFree:         1276332 kB
MemAvailable:    1514936 kB
Buffers:           37248 kB
Cached:           320928 kB
MemTotal:        1844596 kB
MemFree:         1277124 kB
MemAvailable:    1515728 kB
Buffers:           37248 kB
Cached:           320928 kB
MemTotal:        1844596 kB
MemFree:         1276768 kB
MemAvailable:    1515372 kB
Buffers:           37248 kB
Cached:           320928 kB
MemTotal:        1844596 kB
MemFree:         1271916 kB
MemAvailable:    1510520 kB
Buffers:           37248 kB
Cached:           320928 kB
MemTotal:        1844596 kB
MemFree:         1270264 kB
MemAvailable:    1508868 kB
Buffers:           37248 kB
Cached:           320928 kB
MemTotal:        1844596 kB
MemFree:         1269884 kB
MemAvailable:    1508488 kB
Buffers:           37248 kB
Cached:           320928 kB
MemTotal:        1844596 kB
MemFree:         1268324 kB
MemAvailable:    1506928 kB
Buffers:           37248 kB
Cached:           320928 kB
MemTotal:        1844596 kB
MemFree:         1269732 kB
MemAvailable:    1508336 kB
Buffers:           37248 kB
Cached:           320928 kB
MemTotal:        1844596 kB
MemFree:         1269628 kB
MemAvailable:    1508232 kB
Buffers:           37248 kB
Cached:           320928 kB
MemTotal:        1844596 kB
MemFree:         1269576 kB
MemAvailable:    1508180 kB
Buffers:           37248 kB
Cached:           320928 kB
MemTotal:        1844596 kB
MemFree:         1271748 kB
MemAvailable:    1510352 kB
Buffers:           37248 kB
Cached:           320928 kB
MemTotal:        1844596 kB
MemFree:         1272000 kB
MemAvailable:    1510604 kB
Buffers:           37248 kB
Cached:           320928 kB
MemTotal:        1844596 kB
MemFree:         1271172 kB
MemAvailable:    1509860 kB
Buffers:           37248 kB
Cached:           321052 kB
MemTotal:        1844596 kB
MemFree:         1271256 kB
MemAvailable:    1509944 kB
Buffers:           37248 kB
Cached:           321052 kB
MemTotal:        1844596 kB
MemFree:         1270876 kB
MemAvailable:    1509732 kB
Buffers:           37248 kB
Cached:           321300 kB
MemTotal:        1844596 kB
MemFree:         1271000 kB
MemAvailable:    1510024 kB
Buffers:           37248 kB
Cached:           321424 kB
MemTotal:        1844596 kB
MemFree:         1269272 kB
MemAvailable:    1508296 kB
Buffers:           37248 kB
Cached:           321424 kB
MemTotal:        1844596 kB
MemFree:         1269436 kB
MemAvailable:    1508544 kB
Buffers:           37248 kB
Cached:           321548 kB
MemTotal:        1844596 kB
MemFree:         1270736 kB
MemAvailable:    1509928 kB
Buffers:           37248 kB
Cached:           321548 kB
MemTotal:        1844596 kB
MemFree:         1269304 kB
MemAvailable:    1508496 kB
Buffers:           37248 kB
Cached:           321548 kB
MemTotal:        1844596 kB
MemFree:         1270388 kB
MemAvailable:    1509580 kB
Buffers:           37248 kB
Cached:           321672 kB
MemTotal:        1844596 kB
MemFree:         1270072 kB
MemAvailable:    1509264 kB
Buffers:           37248 kB
Cached:           321672 kB
MemTotal:        1844596 kB
MemFree:         1269148 kB
MemAvailable:    1508340 kB
Buffers:           37248 kB
Cached:           321672 kB
MemTotal:        1844596 kB
MemFree:         1270448 kB
MemAvailable:    1509640 kB
Buffers:           37248 kB
Cached:           321672 kB
MemTotal:        1844596 kB
MemFree:         1270368 kB
MemAvailable:    1509560 kB
Buffers:           37248 kB
Cached:           321672 kB
MemTotal:        1844596 kB
MemFree:         1270620 kB
MemAvailable:    1509812 kB
Buffers:           37248 kB
Cached:           321672 kB
MemTotal:        1844596 kB
MemFree:         1336560 kB
MemAvailable:    1575248 kB
Buffers:           37248 kB
Cached:           320916 kB
