MemTotal:        1844596 kB
MemFree:         1412056 kB
MemAvailable:    1586692 kB
Buffers:           27480 kB
Cached:           262288 kB
MemTotal:        1844596 kB
MemFree:         1383552 kB
MemAvailable:    1558192 kB
Buffers:           27480 kB
Cached:           262292 kB
MemTotal:        1844596 kB
MemFree:         1384172 kB
MemAvailable:    1558812 kB
Buffers:           27480 kB
Cached:           262292 kB
MemTotal:        1844596 kB
MemFree:         1382216 kB
MemAvailable:    1556856 kB
Buffers:           27480 kB
Cached:           262292 kB
MemTotal:        1844596 kB
MemFree:         1380768 kB
MemAvailable:    1555408 kB
Buffers:           27480 kB
Cached:           262292 kB
MemTotal:        1844596 kB
MemFree:         1380888 kB
MemAvailable:    1555528 kB
Buffers:           27480 kB
Cached:           262292 kB
MemTotal:        1844596 kB
MemFree:         1379288 kB
MemAvailable:    1553928 kB
Buffers:           27480 kB
Cached:           262292 kB
MemTotal:        1844596 kB
MemFree:         1377916 kB
MemAvailable:    1552556 kB
Buffers:           27480 kB
Cached:           262292 kB
MemTotal:        1844596 kB
MemFree:         1374616 kB
MemAvailable:    1549256 kB
Buffers:           27480 kB
Cached:           262292 kB
MemTotal:        1844596 kB
MemFree:         1374756 kB
MemAvailable:    1549396 kB
Buffers:           27480 kB
Cached:           262292 kB
MemTotal:        1844596 kB
MemFree:         1369796 kB
MemAvailable:    1544436 kB
Buffers:           27480 kB
Cached:           262292 kB
MemTotal:        1844596 kB
MemFree:         1369644 kB
MemAvailable:    1544284 kB
Buffers:           27480 kB
Cached:           262292 kB
MemTotal:        1844596 kB
MemFree:         1370788 kB
MemAvailable:    1545428 kB
Buffers:           27480 kB
Cached:           262292 kB
MemTotal:        1844596 kB
MemFree:         1370932 kB
MemAvailable:    1545572 kB
Buffers:           27480 kB
Cached:           262292 kB
MemTotal:        1844596 kB
MemFree:         1369500 kB
MemAvailable:    1544140 kB
Buffers:           27480 kB
Cached:           262292 kB
MemTotal:        1844596 kB
MemFree:         1370800 kB
MemAvailable:    1545440 kB
Buffers:           27480 kB
Cached:           262292 kB
MemTotal:        1844596 kB
MemFree:         1369672 kB
MemAvailable:    1544312 kB
Buffers:           27480 kB
Cached:           262292 kB
MemTotal:        1844596 kB
MemFree:         1368856 kB
MemAvailable:    1543496 kB
Buffers:           27480 kB
Cached:           262292 kB
MemTotal:        1844596 kB
MemFree:         1367556 kB
MemAvailable:    1542200 kB
Buffers:           27480 kB
Cached:           262292 kB
MemTotal:        1844596 kB
MemFree:         1368616 kB
MemAvailable:    1543260 kB
Buffers:           27480 kB
Cached:           262292 kB
MemTotal:        1844596 kB
MemFree:         1368680 kB
MemAvailable:    1543324 kB
Buffers:           27480 kB
Cached:           262292 kB
MemTotal:        1844596 kB
MemFree:         1368616 kB
MemAvailable:    1543260 kB
Buffers:           27480 kB
Cached:           262292 kB
MemTotal:        1844596 kB
MemFree:         1368416 kB
MemAvailable:    1543060 kB
Buffers:           27480 kB
Cached:           262292 kB
MemTotal:        1844596 kB
MemFree:         1367316 kB
MemAvailable:    1541960 kB
Buffers:           27480 kB
Cached:           262292 kB
MemTotal:        1844596 kB
MemFree:         1368416 kB
MemAvailable:    1543060 kB
Buffers:           27480 kB
Cached:           262292 kB
MemTotal:        1844596 kB
MemFree:         1368500 kB
MemAvailable:    1543144 kB
Buffers:           27480 kB
Cached:           262292 kB
MemTotal:        1844596 kB
MemFree:         1369656 kB
MemAvailable:    1544300 kB
Buffers:           27480 kB
Cached:           262292 kB
MemTotal:        1844596 kB
MemFree:         1367688 kB
MemAvailable:    1542332 kB
Buffers:           27480 kB
Cached:           262292 kB
MemTotal:        1844596 kB
MemFree:         1366448 kB
MemAvailable:    1541092 kB
Buffers:           27480 kB
Cached:           262292 kB
MemTotal:        1844596 kB
MemFree:         1366136 kB
MemAvailable:    1540780 kB
Buffers:           27480 kB
Cached:           262292 kB
MemTotal:        1844596 kB
MemFree:         1365192 kB
MemAvailable:    1539836 kB
Buffers:           27480 kB
Cached:           262292 kB
MemTotal:        1844596 kB
MemFree:         1365276 kB
MemAvailable:    1539920 kB
Buffers:           27480 kB
Cached:           262292 kB
MemTotal:        1844596 kB
MemFree:         1364464 kB
MemAvailable:    1539108 kB
Buffers:           27480 kB
Cached:           262292 kB
MemTotal:        1844596 kB
MemFree:         1362960 kB
MemAvailable:    1537604 kB
Buffers:           27480 kB
Cached:           262292 kB
MemTotal:        1844596 kB
MemFree:         1364332 kB
MemAvailable:    1538976 kB
Buffers:           27480 kB
Cached:           262292 kB
MemTotal:        1844596 kB
MemFree:         1363044 kB
MemAvailable:    1537688 kB
Buffers:           27480 kB
Cached:           262292 kB
MemTotal:        1844596 kB
MemFree:         1364344 kB
MemAvailable:    1538988 kB
Buffers:           27480 kB
Cached:           262292 kB
MemTotal:        1844596 kB
MemFree:         1362784 kB
MemAvailable:    1537428 kB
Buffers:           27480 kB
Cached:           262292 kB
MemTotal:        1844596 kB
MemFree:         1362776 kB
MemAvailable:    1537420 kB
Buffers:           27480 kB
Cached:           262292 kB
MemTotal:        1844596 kB
MemFree:         1363844 kB
MemAvailable:    1538488 kB
Buffers:           27480 kB
Cached:           262292 kB
MemTotal:        1844596 kB
MemFree:         1362232 kB
MemAvailable:    1536876 kB
Buffers:           27480 kB
Cached:           262292 kB
MemTotal:        1844596 kB
MemFree:         1363268 kB
MemAvailable:    1537912 kB
Buffers:           27480 kB
Cached:           262292 kB
MemTotal:        1844596 kB
MemFree:         1363456 kB
MemAvailable:    1538100 kB
Buffers:           27480 kB
Cached:           262292 kB
MemTotal:        1844596 kB
MemFree:         1361824 kB
MemAvailable:    1536468 kB
Buffers:           27480 kB
Cached:           262292 kB
MemTotal:        1844596 kB
MemFree:         1363256 kB
MemAvailable:    1537900 kB
Buffers:           27480 kB
Cached:           262292 kB
MemTotal:        1844596 kB
MemFree:         1363124 kB
MemAvailable:    1537768 kB
Buffers:           27480 kB
Cached:           262292 kB
MemTotal:        1844596 kB
MemFree:         1362072 kB
MemAvailable:    1536716 kB
Buffers:           27480 kB
Cached:           262292 kB
MemTotal:        1844596 kB
MemFree:         1363184 kB
MemAvailable:    1537828 kB
Buffers:           27480 kB
Cached:           262292 kB
MemTotal:        1844596 kB
MemFree:         1363160 kB
MemAvailable:    1537804 kB
Buffers:           27480 kB
Cached:           262292 kB
MemTotal:        1844596 kB
MemFree:         1362912 kB
MemAvailable:    1537556 kB
Buffers:           27480 kB
Cached:           262292 kB
MemTotal:        1844596 kB
MemFree:         1363248 kB
MemAvailable:    1537892 kB
Buffers:           27480 kB
Cached:           262292 kB
MemTotal:        1844596 kB
MemFree:         1363024 kB
MemAvailable:    1537668 kB
Buffers:           27480 kB
Cached:           262292 kB
MemTotal:        1844596 kB
MemFree:         1362956 kB
MemAvailable:    1537600 kB
Buffers:           27480 kB
Cached:           262292 kB
MemTotal:        1844596 kB
MemFree:         1361736 kB
MemAvailable:    1536380 kB
Buffers:           27480 kB
Cached:           262292 kB
MemTotal:        1844596 kB
MemFree:         1361184 kB
MemAvailable:    1535828 kB
Buffers:           27480 kB
Cached:           262292 kB
MemTotal:        1844596 kB
MemFree:         1362484 kB
MemAvailable:    1537128 kB
Buffers:           27480 kB
Cached:           262292 kB
MemTotal:        1844596 kB
MemFree:         1361364 kB
MemAvailable:    1536008 kB
Buffers:           27480 kB
Cached:           262292 kB
MemTotal:        1844596 kB
MemFree:         1362404 kB
MemAvailable:    1537048 kB
Buffers:           27480 kB
Cached:           262292 kB
MemTotal:        1844596 kB
MemFree:         1361488 kB
MemAvailable:    1536132 kB
Buffers:           27480 kB
Cached:           262292 kB
MemTotal:        1844596 kB
MemFree:         1362176 kB
MemAvailable:    1536824 kB
Buffers:           27480 kB
Cached:           262296 kB
MemTotal:        1844596 kB
MemFree:         1362428 kB
MemAvailable:    1537076 kB
Buffers:           27480 kB
Cached:           262296 kB
MemTotal:        1844596 kB
MemFree:         1360936 kB
MemAvailable:    1535584 kB
Buffers:           27480 kB
Cached:           262296 kB
MemTotal:        1844596 kB
MemFree:         1361316 kB
MemAvailable:    1535964 kB
Buffers:           27480 kB
Cached:           262296 kB
MemTotal:        1844596 kB
MemFree:         1362092 kB
MemAvailable:    1536740 kB
Buffers:           27480 kB
Cached:           262296 kB
MemTotal:        1844596 kB
MemFree:         1362344 kB
MemAvailable:    1536992 kB
Buffers:           27480 kB
Cached:           262296 kB
MemTotal:        1844596 kB
MemFree:         1360928 kB
MemAvailable:    1535576 kB
Buffers:           27480 kB
Cached:           262296 kB
MemTotal:        1844596 kB
MemFree:         1359812 kB
MemAvailable:    1534460 kB
Buffers:           27480 kB
Cached:           262296 kB
MemTotal:        1844596 kB
MemFree:         1358008 kB
MemAvailable:    1532656 kB
Buffers:           27480 kB
Cached:           262296 kB
MemTotal:        1844596 kB
MemFree:         1353544 kB
MemAvailable:    1528192 kB
Buffers:           27480 kB
Cached:           262296 kB
MemTotal:        1844596 kB
MemFree:         1354404 kB
MemAvailable:    1529052 kB
Buffers:           27480 kB
Cached:           262296 kB
MemTotal:        1844596 kB
MemFree:         1354296 kB
MemAvailable:    1528944 kB
Buffers:           27480 kB
Cached:           262296 kB
MemTotal:        1844596 kB
MemFree:         1354408 kB
MemAvailable:    1529056 kB
Buffers:           27480 kB
Cached:           262296 kB
MemTotal:        1844596 kB
MemFree:         1354520 kB
MemAvailable:    1529168 kB
Buffers:           27480 kB
Cached:           262296 kB
MemTotal:        1844596 kB
MemFree:         1354292 kB
MemAvailable:    1528940 kB
Buffers:           27480 kB
Cached:           262296 kB
MemTotal:        1844596 kB
MemFree:         1354108 kB
MemAvailable:    1528756 kB
Buffers:           27480 kB
Cached:           262296 kB
MemTotal:        1844596 kB
MemFree:         1354444 kB
MemAvailable:    1529092 kB
Buffers:           27480 kB
Cached:           262296 kB
MemTotal:        1844596 kB
MemFree:         1354280 kB
MemAvailable:    1528928 kB
Buffers:           27480 kB
Cached:           262296 kB
MemTotal:        1844596 kB
MemFree:         1353800 kB
MemAvailable:    1528448 kB
Buffers:           27480 kB
Cached:           262296 kB
MemTotal:        1844596 kB
MemFree:         1354240 kB
MemAvailable:    1528888 kB
Buffers:           27480 kB
Cached:           262296 kB
MemTotal:        1844596 kB
MemFree:         1353552 kB
MemAvailable:    1528200 kB
Buffers:           27480 kB
Cached:           262296 kB
MemTotal:        1844596 kB
MemFree:         1354288 kB
MemAvailable:    1528936 kB
Buffers:           27480 kB
Cached:           262296 kB
MemTotal:        1844596 kB
MemFree:         1352796 kB
MemAvailable:    1527444 kB
Buffers:           27480 kB
Cached:           262296 kB
MemTotal:        1844596 kB
MemFree:         1354304 kB
MemAvailable:    1528952 kB
Buffers:           27480 kB
Cached:           262296 kB
MemTotal:        1844596 kB
MemFree:         1353784 kB
MemAvailable:    1528432 kB
Buffers:           27480 kB
Cached:           262296 kB
MemTotal:        1844596 kB
MemFree:         1353784 kB
MemAvailable:    1528432 kB
Buffers:           27480 kB
Cached:           262296 kB
MemTotal:        1844596 kB
MemFree:         1353412 kB
MemAvailable:    1528060 kB
Buffers:           27480 kB
Cached:           262296 kB
MemTotal:        1844596 kB
MemFree:         1352124 kB
MemAvailable:    1526772 kB
Buffers:           27480 kB
Cached:           262296 kB
MemTotal:        1844596 kB
MemFree:         1352932 kB
MemAvailable:    1527580 kB
Buffers:           27480 kB
Cached:           262296 kB
MemTotal:        1844596 kB
MemFree:         1351692 kB
MemAvailable:    1526344 kB
Buffers:           27480 kB
Cached:           262300 kB
MemTotal:        1844596 kB
MemFree:         1351320 kB
MemAvailable:    1525972 kB
Buffers:           27480 kB
Cached:           262300 kB
MemTotal:        1844596 kB
MemFree:         1350328 kB
MemAvailable:    1524980 kB
Buffers:           27480 kB
Cached:           262300 kB
MemTotal:        1844596 kB
MemFree:         1351652 kB
MemAvailable:    1526304 kB
Buffers:           27480 kB
Cached:           262300 kB
MemTotal:        1844596 kB
MemFree:         1351008 kB
MemAvailable:    1525660 kB
Buffers:           27480 kB
Cached:           262300 kB
MemTotal:        1844596 kB
MemFree:         1349576 kB
MemAvailable:    1524228 kB
Buffers:           27480 kB
Cached:           262300 kB
MemTotal:        1844596 kB
MemFree:         1350684 kB
MemAvailable:    1525336 kB
Buffers:           27480 kB
Cached:           262300 kB
MemTotal:        1844596 kB
MemFree:         1350328 kB
MemAvailable:    1524980 kB
Buffers:           27480 kB
Cached:           262300 kB
MemTotal:        1844596 kB
MemFree:         1350436 kB
MemAvailable:    1525088 kB
Buffers:           27480 kB
Cached:           262300 kB
MemTotal:        1844596 kB
MemFree:         1349320 kB
MemAvailable:    1523972 kB
Buffers:           27480 kB
Cached:           262300 kB
MemTotal:        1844596 kB
MemFree:         1350560 kB
MemAvailable:    1525212 kB
Buffers:           27480 kB
Cached:           262300 kB
MemTotal:        1844596 kB
MemFree:         1350248 kB
MemAvailable:    1524900 kB
Buffers:           27480 kB
Cached:           262300 kB
MemTotal:        1844596 kB
MemFree:         1349956 kB
MemAvailable:    1524608 kB
Buffers:           27480 kB
Cached:           262300 kB
MemTotal:        1844596 kB
MemFree:         1349192 kB
MemAvailable:    1523844 kB
Buffers:           27480 kB
Cached:           262300 kB
MemTotal:        1844596 kB
MemFree:         1349192 kB
MemAvailable:    1523844 kB
Buffers:           27480 kB
Cached:           262300 kB
MemTotal:        1844596 kB
MemFree:         1348964 kB
MemAvailable:    1523616 kB
Buffers:           27480 kB
Cached:           262300 kB
MemTotal:        1844596 kB
MemFree:         1350288 kB
MemAvailable:    1524940 kB
Buffers:           27480 kB
Cached:           262300 kB
MemTotal:        1844596 kB
MemFree:         1348964 kB
MemAvailable:    1523616 kB
Buffers:           27480 kB
Cached:           262300 kB
MemTotal:        1844596 kB
MemFree:         1343240 kB
MemAvailable:    1517892 kB
Buffers:           27480 kB
Cached:           262300 kB
MemTotal:        1844596 kB
MemFree:         1343048 kB
MemAvailable:    1517700 kB
Buffers:           27480 kB
Cached:           262300 kB
MemTotal:        1844596 kB
MemFree:         1342692 kB
MemAvailable:    1517344 kB
Buffers:           27480 kB
Cached:           262300 kB
MemTotal:        1844596 kB
MemFree:         1342748 kB
MemAvailable:    1517400 kB
Buffers:           27480 kB
Cached:           262300 kB
MemTotal:        1844596 kB
MemFree:         1342620 kB
MemAvailable:    1517272 kB
Buffers:           27480 kB
Cached:           262300 kB
MemTotal:        1844596 kB
MemFree:         1342028 kB
MemAvailable:    1516680 kB
Buffers:           27480 kB
Cached:           262300 kB
MemTotal:        1844596 kB
MemFree:         1344712 kB
MemAvailable:    1519364 kB
Buffers:           27480 kB
Cached:           262300 kB
MemTotal:        1844596 kB
MemFree:         1343004 kB
MemAvailable:    1517656 kB
Buffers:           27480 kB
Cached:           262300 kB
MemTotal:        1844596 kB
MemFree:         1343136 kB
MemAvailable:    1517956 kB
Buffers:           27480 kB
Cached:           262424 kB
MemTotal:        1844596 kB
MemFree:         1343012 kB
MemAvailable:    1517916 kB
Buffers:           27480 kB
Cached:           262548 kB
MemTotal:        1844596 kB
MemFree:         1342888 kB
MemAvailable:    1517960 kB
Buffers:           27480 kB
Cached:           262796 kB
MemTotal:        1844596 kB
MemFree:         1342640 kB
MemAvailable:    1517796 kB
Buffers:           27480 kB
Cached:           262920 kB
MemTotal:        1844596 kB
MemFree:         1342516 kB
MemAvailable:    1517840 kB
Buffers:           27480 kB
Cached:           262920 kB
MemTotal:        1844596 kB
MemFree:         1342392 kB
MemAvailable:    1517716 kB
Buffers:           27480 kB
Cached:           262920 kB
MemTotal:        1844596 kB
MemFree:         1343500 kB
MemAvailable:    1518824 kB
Buffers:           27480 kB
Cached:           262920 kB
MemTotal:        1844596 kB
MemFree:         1342088 kB
MemAvailable:    1517412 kB
Buffers:           27480 kB
Cached:           262920 kB
MemTotal:        1844596 kB
MemFree:         1343376 kB
MemAvailable:    1518700 kB
Buffers:           27480 kB
Cached:           262920 kB
MemTotal:        1844596 kB
MemFree:         1343440 kB
MemAvailable:    1518764 kB
Buffers:           27480 kB
Cached:           262920 kB
MemTotal:        1844596 kB
MemFree:         1342120 kB
MemAvailable:    1517444 kB
Buffers:           27480 kB
Cached:           262920 kB
MemTotal:        1844596 kB
MemFree:         1342428 kB
MemAvailable:    1517164 kB
Buffers:           27480 kB
Cached:           262372 kB
MemTotal:        1844596 kB
MemFree:         1408580 kB
MemAvailable:    1583320 kB
Buffers:           27480 kB
Cached:           262376 kB
