MemTotal:        1844596 kB
MemFree:         1197000 kB
MemAvailable:    1563248 kB
Buffers:           53844 kB
Cached:           424568 kB
MemTotal:        1844596 kB
MemFree:         1169000 kB
MemAvailable:    1535252 kB
Buffers:           53844 kB
Cached:           424572 kB
MemTotal:        1844596 kB
MemFree:         1168132 kB
MemAvailable:    1534384 kB
Buffers:           53844 kB
Cached:           424572 kB
MemTotal:        1844596 kB
MemFree:         1165892 kB
MemAvailable:    1532144 kB
Buffers:           53844 kB
Cached:           424572 kB
MemTotal:        1844596 kB
MemFree:         1166852 kB
MemAvailable:    1533104 kB
Buffers:           53844 kB
Cached:           424572 kB
MemTotal:        1844596 kB
MemFree:         1165704 kB
MemAvailable:    1531956 kB
Buffers:           53844 kB
Cached:           424572 kB
MemTotal:        1844596 kB
MemFree:         1164372 kB
MemAvailable:    1530624 kB
Buffers:           53844 kB
Cached:           424572 kB
MemTotal:        1844596 kB
MemFree:         1161428 kB
MemAvailable:    1527680 kB
Buffers:           53844 kB
Cached:           424572 kB
MemTotal:        1844596 kB
MemFree:         1160044 kB
MemAvailable:    1526296 kB
Buffers:           53844 kB
Cached:           424572 kB
MemTotal:        1844596 kB
MemFree:         1159080 kB
MemAvailable:    1525332 kB
Buffers:           53844 kB
Cached:           424572 kB
MemTotal:        1844596 kB
MemFree:         1154832 kB
MemAvailable:    1521084 kB
Buffers:           53844 kB
Cached:           424572 kB
MemTotal:        1844596 kB
MemFree:         1155708 kB
MemAvailable:    1521960 kB
Buffers:           53844 kB
Cached:           424572 kB
MemTotal:        1844596 kB
MemFree:         1155960 kB
MemAvailable:    1522212 kB
Buffers:           53844 kB
Cached:           424572 kB
MemTotal:        1844596 kB
MemFree:         1154588 kB
MemAvailable:    1520840 kB
Buffers:           53844 kB
Cached:           424572 kB
MemTotal:        1844596 kB
MemFree:         1155896 kB
MemAvailable:    1522148 kB
Buffers:           53844 kB
Cached:           424572 kB
MemTotal:        1844596 kB
MemFree:         1154332 kB
MemAvailable:    1520584 kB
Buffers:           53844 kB
Cached:           424572 kB
MemTotal:        1844596 kB
MemFree:         1153872 kB
MemAvailable:    1520124 kB
Buffers:           53844 kB
Cached:           424572 kB
MemTotal:        1844596 kB
MemFree:         1152508 kB
MemAvailable:    1518760 kB
Buffers:           53844 kB
Cached:           424572 kB
MemTotal:        1844596 kB
MemFree:         1152500 kB
MemAvailable:    1518752 kB
Buffers:           53844 kB
Cached:           424572 kB
MemTotal:        1844596 kB
MemFree:         1152740 kB
MemAvailable:    1518992 kB
Buffers:           53844 kB
Cached:           424572 kB
MemTotal:        1844596 kB
MemFree:         1153616 kB
MemAvailable:    1519868 kB
Buffers:           53844 kB
Cached:           424572 kB
MemTotal:        1844596 kB
MemFree:         1153348 kB
MemAvailable:    1519600 kB
Buffers:           53844 kB
Cached:           424572 kB
MemTotal:        1844596 kB
MemFree:         1152632 kB
MemAvailable:    1518884 kB
Buffers:           53844 kB
Cached:           424572 kB
MemTotal:        1844596 kB
MemFree:         1153224 kB
MemAvailable:    1519476 kB
Buffers:           53844 kB
Cached:           424572 kB
MemTotal:        1844596 kB
MemFree:         1153476 kB
MemAvailable:    1519728 kB
Buffers:           53844 kB
Cached:           424572 kB
MemTotal:        1844596 kB
MemFree:         1154596 kB
MemAvailable:    1520848 kB
Buffers:           53844 kB
Cached:           424572 kB
MemTotal:        1844596 kB
MemFree:         1154676 kB
MemAvailable:    1520928 kB
Buffers:           53844 kB
Cached:           424572 kB
MemTotal:        1844596 kB
MemFree:         1154692 kB
MemAvailable:    1520944 kB
Buffers:           53844 kB
Cached:           424572 kB
MemTotal:        1844596 kB
MemFree:         1151012 kB
MemAvailable:    1517264 kB
Buffers:           53844 kB
Cached:           424572 kB
MemTotal:        1844596 kB
MemFree:         1150152 kB
MemAvailable:    1516404 kB
Buffers:           53844 kB
Cached:           424572 kB
MemTotal:        1844596 kB
MemFree:         1150524 kB
MemAvailable:    1516776 kB
Buffers:           53844 kB
Cached:           424572 kB
MemTotal:        1844596 kB
MemFree:         1149152 kB
MemAvailable:    1515404 kB
Buffers:           53844 kB
Cached:           424572 kB
MemTotal:        1844596 kB
MemFree:         1148664 kB
MemAvailable:    1514916 kB
Buffers:           53844 kB
Cached:           424572 kB
MemTotal:        1844596 kB
MemFree:         1149392 kB
MemAvailable:    1515644 kB
Buffers:           53844 kB
Cached:           424572 kB
MemTotal:        1844596 kB
MemFree:         1149036 kB
MemAvailable:    1515288 kB
Buffers:           53844 kB
Cached:           424572 kB
MemTotal:        1844596 kB
MemFree:         1149164 kB
MemAvailable:    1515416 kB
Buffers:           53844 kB
Cached:           424572 kB
MemTotal:        1844596 kB
MemFree:         1147984 kB
MemAvailable:    1514236 kB
Buffers:           53844 kB
Cached:           424572 kB
MemTotal:        1844596 kB
MemFree:         1147896 kB
MemAvailable:    1514148 kB
Buffers:           53844 kB
Cached:           424572 kB
MemTotal:        1844596 kB
MemFree:         1147764 kB
MemAvailable:    1514016 kB
Buffers:           53844 kB
Cached:           424572 kB
MemTotal:        1844596 kB
MemFree:         1148772 kB
MemAvailable:    1515024 kB
Buffers:           53844 kB
Cached:           424572 kB
MemTotal:        1844596 kB
MemFree:         1148984 kB
MemAvailable:    1515236 kB
Buffers:           53844 kB
Cached:           424572 kB
MemTotal:        1844596 kB
MemFree:         1147416 kB
MemAvailable:    1513668 kB
Buffers:           53844 kB
Cached:           424572 kB
MemTotal:        1844596 kB
MemFree:         1146916 kB
MemAvailable:    1513168 kB
Buffers:           53844 kB
Cached:           424572 kB
MemTotal:        1844596 kB
MemFree:         1148216 kB
MemAvailable:    1514468 kB
Buffers:           53844 kB
Cached:           424572 kB
MemTotal:        1844596 kB
MemFree:         1148168 kB
MemAvailable:    1514420 kB
Buffers:           53844 kB
Cached:           424572 kB
MemTotal:        1844596 kB
MemFree:         1148088 kB
MemAvailable:    1514340 kB
Buffers:           53844 kB
Cached:           424572 kB
MemTotal:        1844596 kB
MemFree:         1148044 kB
MemAvailable:    1514296 kB
Buffers:           53844 kB
Cached:           424572 kB
MemTotal:        1844596 kB
MemFree:         1147972 kB
MemAvailable:    1514224 kB
Buffers:           53844 kB
Cached:           424572 kB
MemTotal:        1844596 kB
MemFree:         1148308 kB
MemAvailable:    1514560 kB
Buffers:           53844 kB
Cached:           424572 kB
MemTotal:        1844596 kB
MemFree:         1148092 kB
MemAvailable:    1514344 kB
Buffers:           53844 kB
Cached:           424572 kB
MemTotal:        1844596 kB
MemFree:         1148344 kB
MemAvailable:    1514596 kB
Buffers:           53844 kB
Cached:           424572 kB
MemTotal:        1844596 kB
MemFree:         1147832 kB
MemAvailable:    1514084 kB
Buffers:           53844 kB
Cached:           424572 kB
MemTotal:        1844596 kB
MemFree:         1147920 kB
MemAvailable:    1514172 kB
Buffers:           53844 kB
Cached:           424572 kB
MemTotal:        1844596 kB
MemFree:         1146300 kB
MemAvailable:    1512552 kB
Buffers:           53844 kB
Cached:           424572 kB
MemTotal:        1844596 kB
MemFree:         1146168 kB
MemAvailable:    1512420 kB
Buffers:           53844 kB
Cached:           424572 kB
MemTotal:        1844596 kB
MemFree:         1147284 kB
MemAvailable:    1513536 kB
Buffers:           53844 kB
Cached:           424572 kB
MemTotal:        1844596 kB
MemFree:         1145996 kB
MemAvailable:    1512248 kB
Buffers:           53844 kB
Cached:           424572 kB
MemTotal:        1844596 kB
MemFree:         1145928 kB
MemAvailable:    1512184 kB
Buffers:           53844 kB
Cached:           424576 kB
MemTotal:        1844596 kB
MemFree:         1145880 kB
MemAvailable:    1512136 kB
Buffers:           53844 kB
Cached:           424576 kB
MemTotal:        1844596 kB
MemFree:         1147160 kB
MemAvailable:    1513416 kB
Buffers:           53844 kB
Cached:           424576 kB
MemTotal:        1844596 kB
MemFree:         1147412 kB
MemAvailable:    1513668 kB
Buffers:           53844 kB
Cached:           424576 kB
MemTotal:        1844596 kB
MemFree:         1147348 kB
MemAvailable:    1513604 kB
Buffers:           53844 kB
Cached:           424576 kB
MemTotal:        1844596 kB
MemFree:         1147084 kB
MemAvailable:    1513340 kB
Buffers:           53844 kB
Cached:           424576 kB
MemTotal:        1844596 kB
MemFree:         1145916 kB
MemAvailable:    1512172 kB
Buffers:           53844 kB
Cached:           424576 kB
MemTotal:        1844596 kB
MemFree:         1145376 kB
MemAvailable:    1511632 kB
Buffers:           53844 kB
Cached:           424576 kB
MemTotal:        1844596 kB
MemFree:         1144316 kB
MemAvailable:    1510572 kB
Buffers:           53844 kB
Cached:           424576 kB
MemTotal:        1844596 kB
MemFree:         1142588 kB
MemAvailable:    1508844 kB
Buffers:           53844 kB
Cached:           424576 kB
MemTotal:        1844596 kB
MemFree:         1138992 kB
MemAvailable:    1505248 kB
Buffers:           53844 kB
Cached:           424576 kB
MemTotal:        1844596 kB
MemFree:         1139664 kB
MemAvailable:    1505920 kB
Buffers:           53844 kB
Cached:           424576 kB
MemTotal:        1844596 kB
MemFree:         1138736 kB
MemAvailable:    1504992 kB
Buffers:           53844 kB
Cached:           424576 kB
MemTotal:        1844596 kB
MemFree:         1139224 kB
MemAvailable:    1505480 kB
Buffers:           53844 kB
Cached:           424576 kB
MemTotal:        1844596 kB
MemFree:         1138992 kB
MemAvailable:    1505124 kB
Buffers:           53844 kB
Cached:           424576 kB
MemTotal:        1844596 kB
MemFree:         1139520 kB
MemAvailable:    1505776 kB
Buffers:           53844 kB
Cached:           424576 kB
MemTotal:        1844596 kB
MemFree:         1138064 kB
MemAvailable:    1504320 kB
Buffers:           53844 kB
Cached:           424576 kB
MemTotal:        1844596 kB
MemFree:         1138060 kB
MemAvailable:    1504316 kB
Buffers:           53844 kB
Cached:           424576 kB
MemTotal:        1844596 kB
MemFree:         1138052 kB
MemAvailable:    1504308 kB
Buffers:           53844 kB
Cached:           424576 kB
MemTotal:        1844596 kB
MemFree:         1137956 kB
MemAvailable:    1504212 kB
Buffers:           53844 kB
Cached:           424576 kB
MemTotal:        1844596 kB
MemFree:         1139320 kB
MemAvailable:    1505576 kB
Buffers:           53844 kB
Cached:           424576 kB
MemTotal:        1844596 kB
MemFree:         1139100 kB
MemAvailable:    1505356 kB
Buffers:           53844 kB
Cached:           424576 kB
MemTotal:        1844596 kB
MemFree:         1139436 kB
MemAvailable:    1505692 kB
Buffers:           53844 kB
Cached:           424576 kB
MemTotal:        1844596 kB
MemFree:         1139188 kB
MemAvailable:    1505444 kB
Buffers:           53844 kB
Cached:           424576 kB
MemTotal:        1844596 kB
MemFree:         1139052 kB
MemAvailable:    1505308 kB
Buffers:           53844 kB
Cached:           424576 kB
MemTotal:        1844596 kB
MemFree:         1138984 kB
MemAvailable:    1505240 kB
Buffers:           53844 kB
Cached:           424576 kB
MemTotal:        1844596 kB
MemFree:         1138308 kB
MemAvailable:    1504564 kB
Buffers:           53844 kB
Cached:           424576 kB
MemTotal:        1844596 kB
MemFree:         1137372 kB
MemAvailable:    1503628 kB
Buffers:           53844 kB
Cached:           424576 kB
MemTotal:        1844596 kB
MemFree:         1137672 kB
MemAvailable:    1503928 kB
Buffers:           53844 kB
Cached:           424576 kB
MemTotal:        1844596 kB
MemFree:         1138008 kB
MemAvailable:    1504264 kB
Buffers:           53844 kB
Cached:           424576 kB
MemTotal:        1844596 kB
MemFree:         1136256 kB
MemAvailable:    1502512 kB
Buffers:           53844 kB
Cached:           424576 kB
MemTotal:        1844596 kB
MemFree:         1136572 kB
MemAvailable:    1502828 kB
Buffers:           53844 kB
Cached:           424576 kB
MemTotal:        1844596 kB
MemFree:         1134844 kB
MemAvailable:    1501100 kB
Buffers:           53844 kB
Cached:           424576 kB
MemTotal:        1844596 kB
MemFree:         1134644 kB
MemAvailable:    1500900 kB
Buffers:           53844 kB
Cached:           424576 kB
MemTotal:        1844596 kB
MemFree:         1134652 kB
MemAvailable:    1500908 kB
Buffers:           53844 kB
Cached:           424576 kB
MemTotal:        1844596 kB
MemFree:         1134396 kB
MemAvailable:    1500652 kB
Buffers:           53844 kB
Cached:           424576 kB
MemTotal:        1844596 kB
MemFree:         1135448 kB
MemAvailable:    1501704 kB
Buffers:           53844 kB
Cached:           424576 kB
MemTotal:        1844596 kB
MemFree:         1135396 kB
MemAvailable:    1501652 kB
Buffers:           53844 kB
Cached:           424576 kB
MemTotal:        1844596 kB
MemFree:         1134132 kB
MemAvailable:    1500388 kB
Buffers:           53844 kB
Cached:           424576 kB
MemTotal:        1844596 kB
MemFree:         1135308 kB
MemAvailable:    1501564 kB
Buffers:           53844 kB
Cached:           424576 kB
MemTotal:        1844596 kB
MemFree:         1134388 kB
MemAvailable:    1500644 kB
Buffers:           53844 kB
Cached:           424576 kB
MemTotal:        1844596 kB
MemFree:         1134388 kB
MemAvailable:    1500644 kB
Buffers:           53844 kB
Cached:           424576 kB
MemTotal:        1844596 kB
MemFree:         1134512 kB
MemAvailable:    1500768 kB
Buffers:           53844 kB
Cached:           424576 kB
MemTotal:        1844596 kB
MemFree:         1135008 kB
MemAvailable:    1501264 kB
Buffers:           53844 kB
Cached:           424576 kB
MemTotal:        1844596 kB
MemFree:         1134032 kB
MemAvailable:    1500288 kB
Buffers:           53844 kB
Cached:           424576 kB
MemTotal:        1844596 kB
MemFree:         1134456 kB
MemAvailable:    1500712 kB
Buffers:           53844 kB
Cached:           424576 kB
MemTotal:        1844596 kB
MemFree:         1134528 kB
MemAvailable:    1500784 kB
Buffers:           53844 kB
Cached:           424576 kB
MemTotal:        1844596 kB
MemFree:         1127708 kB
MemAvailable:    1493964 kB
Buffers:           53844 kB
Cached:           424576 kB
MemTotal:        1844596 kB
MemFree:         1126336 kB
MemAvailable:    1492592 kB
Buffers:           53844 kB
Cached:           424576 kB
MemTotal:        1844596 kB
MemFree:         1127436 kB
MemAvailable:    1493692 kB
Buffers:           53844 kB
Cached:           424576 kB
MemTotal:        1844596 kB
MemFree:         1127212 kB
MemAvailable:    1493468 kB
Buffers:           53844 kB
Cached:           424576 kB
MemTotal:        1844596 kB
MemFree:         1127404 kB
MemAvailable:    1493660 kB
Buffers:           53844 kB
Cached:           424576 kB
MemTotal:        1844596 kB
MemFree:         1126288 kB
MemAvailable:    1492544 kB
Buffers:           53844 kB
Cached:           424576 kB
MemTotal:        1844596 kB
MemFree:         1129612 kB
MemAvailable:    1495868 kB
Buffers:           53844 kB
Cached:           424576 kB
MemTotal:        1844596 kB
MemFree:         1129256 kB
MemAvailable:    1495512 kB
Buffers:           53844 kB
Cached:           424576 kB
MemTotal:        1844596 kB
MemFree:         1128800 kB
MemAvailable:    1495140 kB
Buffers:           53844 kB
Cached:           424700 kB
MemTotal:        1844596 kB
MemFree:         1128460 kB
MemAvailable:    1494800 kB
Buffers:           53844 kB
Cached:           424700 kB
MemTotal:        1844596 kB
MemFree:         1128620 kB
MemAvailable:    1495044 kB
Buffers:           53844 kB
Cached:           424824 kB
MemTotal:        1844596 kB
MemFree:         1127460 kB
MemAvailable:    1493968 kB
Buffers:           53844 kB
Cached:           424948 kB
MemTotal:        1844596 kB
MemFree:         1128568 kB
MemAvailable:    1495152 kB
Buffers:           53844 kB
Cached:           425108 kB
MemTotal:        1844596 kB
MemFree:         1127080 kB
MemAvailable:    1493832 kB
Buffers:           53844 kB
Cached:           425232 kB
MemTotal:        1844596 kB
MemFree:         1128452 kB
MemAvailable:    1495372 kB
Buffers:           53844 kB
Cached:           425232 kB
MemTotal:        1844596 kB
MemFree:         1128256 kB
MemAvailable:    1495176 kB
Buffers:           53844 kB
Cached:           425232 kB
MemTotal:        1844596 kB
MemFree:         1127072 kB
MemAvailable:    1493992 kB
Buffers:           53844 kB
Cached:           425232 kB
MemTotal:        1844596 kB
MemFree:         1128200 kB
MemAvailable:    1495204 kB
Buffers:           53844 kB
Cached:           425356 kB
MemTotal:        1844596 kB
MemFree:         1128128 kB
MemAvailable:    1495132 kB
Buffers:           53844 kB
Cached:           425356 kB
MemTotal:        1844596 kB
MemFree:         1128128 kB
MemAvailable:    1495132 kB
Buffers:           53844 kB
Cached:           425356 kB
MemTotal:        1844596 kB
MemFree:         1128056 kB
MemAvailable:    1495060 kB
Buffers:           53844 kB
Cached:           425356 kB
MemTotal:        1844596 kB
MemFree:         1128884 kB
MemAvailable:    1495216 kB
Buffers:           53844 kB
Cached:           424640 kB
MemTotal:        1844596 kB
MemFree:         1127412 kB
MemAvailable:    1493680 kB
Buffers:           53844 kB
Cached:           424588 kB
MemTotal:        1844596 kB
MemFree:         1195444 kB
MemAvailable:    1561712 kB
Buffers:           53844 kB
Cached:           424588 kB
