MemTotal:        1844596 kB
MemFree:         1213680 kB
MemAvailable:    1563760 kB
Buffers:           51864 kB
Cached:           411664 kB
MemTotal:        1844596 kB
MemFree:         1186320 kB
MemAvailable:    1536332 kB
Buffers:           51864 kB
Cached:           411564 kB
MemTotal:        1844596 kB
MemFree:         1184948 kB
MemAvailable:    1534960 kB
Buffers:           51864 kB
Cached:           411564 kB
MemTotal:        1844596 kB
MemFree:         1182840 kB
MemAvailable:    1532852 kB
Buffers:           51864 kB
Cached:           411564 kB
MemTotal:        1844596 kB
MemFree:         1182808 kB
MemAvailable:    1532820 kB
Buffers:           51864 kB
Cached:           411564 kB
MemTotal:        1844596 kB
MemFree:         1181732 kB
MemAvailable:    1531744 kB
Buffers:           51864 kB
Cached:           411564 kB
MemTotal:        1844596 kB
MemFree:         1180608 kB
MemAvailable:    1530620 kB
Buffers:           51864 kB
Cached:           411564 kB
MemTotal:        1844596 kB
MemFree:         1178128 kB
MemAvailable:    1528140 kB
Buffers:           51864 kB
Cached:           411564 kB
MemTotal:        1844596 kB
MemFree:         1173920 kB
MemAvailable:    1523932 kB
Buffers:           51864 kB
Cached:           411564 kB
MemTotal:        1844596 kB
MemFree:         1171564 kB
MemAvailable:    1521576 kB
Buffers:           51864 kB
Cached:           411564 kB
MemTotal:        1844596 kB
MemFree:         1172888 kB
MemAvailable:    1522900 kB
Buffers:           51864 kB
Cached:           411564 kB
MemTotal:        1844596 kB
MemFree:         1171392 kB
MemAvailable:    1521404 kB
Buffers:           51864 kB
Cached:           411564 kB
MemTotal:        1844596 kB
MemFree:         1172740 kB
MemAvailable:    1522752 kB
Buffers:           51864 kB
Cached:           411564 kB
MemTotal:        1844596 kB
MemFree:         1171564 kB
MemAvailable:    1521576 kB
Buffers:           51864 kB
Cached:           411564 kB
MemTotal:        1844596 kB
MemFree:         1171432 kB
MemAvailable:    1521444 kB
Buffers:           51864 kB
Cached:           411564 kB
MemTotal:        1844596 kB
MemFree:         1171988 kB
MemAvailable:    1522000 kB
Buffers:           51864 kB
Cached:           411564 kB
MemTotal:        1844596 kB
MemFree:         1170324 kB
MemAvailable:    1520336 kB
Buffers:           51864 kB
Cached:           411564 kB
MemTotal:        1844596 kB
MemFree:         1170448 kB
MemAvailable:    1520460 kB
Buffers:           51864 kB
Cached:           411564 kB
MemTotal:        1844596 kB
MemFree:         1169036 kB
MemAvailable:    1519048 kB
Buffers:           51864 kB
Cached:           411564 kB
MemTotal:        1844596 kB
MemFree:         1169072 kB
MemAvailable:    1519084 kB
Buffers:           51864 kB
Cached:           411564 kB
MemTotal:        1844596 kB
MemFree:         1170256 kB
MemAvailable:    1520268 kB
Buffers:           51864 kB
Cached:           411564 kB
MemTotal:        1844596 kB
MemFree:         1169952 kB
MemAvailable:    1519964 kB
Buffers:           51864 kB
Cached:           411564 kB
MemTotal:        1844596 kB
MemFree:         1170048 kB
MemAvailable:    1520060 kB
Buffers:           51864 kB
Cached:           411564 kB
MemTotal:        1844596 kB
MemFree:         1168936 kB
MemAvailable:    1518948 kB
Buffers:           51864 kB
Cached:           411564 kB
MemTotal:        1844596 kB
MemFree:         1170316 kB
MemAvailable:    1520328 kB
Buffers:           51864 kB
Cached:           411564 kB
MemTotal:        1844596 kB
MemFree:         1168960 kB
MemAvailable:    1518972 kB
Buffers:           51864 kB
Cached:           411564 kB
MemTotal:        1844596 kB
MemFree:         1170324 kB
MemAvailable:    1520336 kB
Buffers:           51864 kB
Cached:           411564 kB
MemTotal:        1844596 kB
MemFree:         1171052 kB
MemAvailable:    1521064 kB
Buffers:           51864 kB
Cached:           411564 kB
MemTotal:        1844596 kB
MemFree:         1170696 kB
MemAvailable:    1520708 kB
Buffers:           51864 kB
Cached:           411564 kB
MemTotal:        1844596 kB
MemFree:         1168076 kB
MemAvailable:    1518088 kB
Buffers:           51864 kB
Cached:           411564 kB
MemTotal:        1844596 kB
MemFree:         1167348 kB
MemAvailable:    1517360 kB
Buffers:           51864 kB
Cached:           411564 kB
MemTotal:        1844596 kB
MemFree:         1167524 kB
MemAvailable:    1517536 kB
Buffers:           51864 kB
Cached:           411564 kB
MemTotal:        1844596 kB
MemFree:         1166960 kB
MemAvailable:    1516972 kB
Buffers:           51864 kB
Cached:           411564 kB
MemTotal:        1844596 kB
MemFree:         1166976 kB
MemAvailable:    1516988 kB
Buffers:           51864 kB
Cached:           411564 kB
MemTotal:        1844596 kB
MemFree:         1165612 kB
MemAvailable:    1515624 kB
Buffers:           51864 kB
Cached:           411564 kB
MemTotal:        1844596 kB
MemFree:         1165612 kB
MemAvailable:    1515624 kB
Buffers:           51864 kB
Cached:           411564 kB
MemTotal:        1844596 kB
MemFree:         1165100 kB
MemAvailable:    1515112 kB
Buffers:           51864 kB
Cached:           411564 kB
MemTotal:        1844596 kB
MemFree:         1165100 kB
MemAvailable:    1515112 kB
Buffers:           51864 kB
Cached:           411564 kB
MemTotal:        1844596 kB
MemFree:         1164976 kB
MemAvailable:    1514988 kB
Buffers:           51864 kB
Cached:           411564 kB
MemTotal:        1844596 kB
MemFree:         1164868 kB
MemAvailable:    1514880 kB
Buffers:           51864 kB
Cached:           411564 kB
MemTotal:        1844596 kB
MemFree:         1164620 kB
MemAvailable:    1514632 kB
Buffers:           51864 kB
Cached:           411564 kB
MemTotal:        1844596 kB
MemFree:         1165460 kB
MemAvailable:    1515472 kB
Buffers:           51864 kB
Cached:           411564 kB
MemTotal:        1844596 kB
MemFree:         1165120 kB
MemAvailable:    1515132 kB
Buffers:           51864 kB
Cached:           411564 kB
MemTotal:        1844596 kB
MemFree:         1165184 kB
MemAvailable:    1515200 kB
Buffers:           51864 kB
Cached:           411568 kB
MemTotal:        1844596 kB
MemFree:         1165124 kB
MemAvailable:    1515140 kB
Buffers:           51864 kB
Cached:           411568 kB
MemTotal:        1844596 kB
MemFree:         1165384 kB
MemAvailable:    1515400 kB
Buffers:           51864 kB
Cached:           411568 kB
MemTotal:        1844596 kB
MemFree:         1165280 kB
MemAvailable:    1515296 kB
Buffers:           51864 kB
Cached:           411568 kB
MemTotal:        1844596 kB
MemFree:         1163840 kB
MemAvailable:    1513856 kB
Buffers:           51864 kB
Cached:           411568 kB
MemTotal:        1844596 kB
MemFree:         1163844 kB
MemAvailable:    1513860 kB
Buffers:           51864 kB
Cached:           411568 kB
MemTotal:        1844596 kB
MemFree:         1163788 kB
MemAvailable:    1513804 kB
Buffers:           51864 kB
Cached:           411568 kB
MemTotal:        1844596 kB
MemFree:         1163956 kB
MemAvailable:    1513972 kB
Buffers:           51864 kB
Cached:           411568 kB
MemTotal:        1844596 kB
MemFree:         1164196 kB
MemAvailable:    1514212 kB
Buffers:           51864 kB
Cached:           411568 kB
MemTotal:        1844596 kB
MemFree:         1163736 kB
MemAvailable:    1513752 kB
Buffers:           51864 kB
Cached:           411568 kB
MemTotal:        1844596 kB
MemFree:         1164588 kB
MemAvailable:    1514604 kB
Buffers:           51864 kB
Cached:           411568 kB
MemTotal:        1844596 kB
MemFree:         1164000 kB
MemAvailable:    1514016 kB
Buffers:           51864 kB
Cached:           411568 kB
MemTotal:        1844596 kB
MemFree:         1164500 kB
MemAvailable:    1514516 kB
Buffers:           51864 kB
Cached:           411568 kB
MemTotal:        1844596 kB
MemFree:         1163068 kB
MemAvailable:    1513084 kB
Buffers:           51864 kB
Cached:           411568 kB
MemTotal:        1844596 kB
MemFree:         1163060 kB
MemAvailable:    1513076 kB
Buffers:           51864 kB
Cached:           411568 kB
MemTotal:        1844596 kB
MemFree:         1162936 kB
MemAvailable:    1512952 kB
Buffers:           51864 kB
Cached:           411568 kB
MemTotal:        1844596 kB
MemFree:         1163068 kB
MemAvailable:    1513084 kB
Buffers:           51864 kB
Cached:           411568 kB
MemTotal:        1844596 kB
MemFree:         1163060 kB
MemAvailable:    1513076 kB
Buffers:           51864 kB
Cached:           411568 kB
MemTotal:        1844596 kB
MemFree:         1163192 kB
MemAvailable:    1513208 kB
Buffers:           51864 kB
Cached:           411568 kB
MemTotal:        1844596 kB
MemFree:         1163316 kB
MemAvailable:    1513332 kB
Buffers:           51864 kB
Cached:           411568 kB
MemTotal:        1844596 kB
MemFree:         1163364 kB
MemAvailable:    1513380 kB
Buffers:           51864 kB
Cached:           411568 kB
MemTotal:        1844596 kB
MemFree:         1163452 kB
MemAvailable:    1513468 kB
Buffers:           51864 kB
Cached:           411568 kB
MemTotal:        1844596 kB
MemFree:         1159776 kB
MemAvailable:    1509792 kB
Buffers:           51864 kB
Cached:           411568 kB
MemTotal:        1844596 kB
MemFree:         1156808 kB
MemAvailable:    1506824 kB
Buffers:           51864 kB
Cached:           411568 kB
MemTotal:        1844596 kB
MemFree:         1155568 kB
MemAvailable:    1505584 kB
Buffers:           51864 kB
Cached:           411568 kB
MemTotal:        1844596 kB
MemFree:         1156500 kB
MemAvailable:    1506516 kB
Buffers:           51864 kB
Cached:           411568 kB
MemTotal:        1844596 kB
MemFree:         1155024 kB
MemAvailable:    1505040 kB
Buffers:           51864 kB
Cached:           411568 kB
MemTotal:        1844596 kB
MemFree:         1155184 kB
MemAvailable:    1505200 kB
Buffers:           51864 kB
Cached:           411568 kB
MemTotal:        1844596 kB
MemFree:         1156384 kB
MemAvailable:    1506400 kB
Buffers:           51864 kB
Cached:           411568 kB
MemTotal:        1844596 kB
MemFree:         1156292 kB
MemAvailable:    1506308 kB
Buffers:           51864 kB
Cached:           411568 kB
MemTotal:        1844596 kB
MemFree:         1156044 kB
MemAvailable:    1506060 kB
Buffers:           51864 kB
Cached:           411568 kB
MemTotal:        1844596 kB
MemFree:         1155012 kB
MemAvailable:    1505028 kB
Buffers:           51864 kB
Cached:           411568 kB
MemTotal:        1844596 kB
MemFree:         1155012 kB
MemAvailable:    1505028 kB
Buffers:           51864 kB
Cached:           411568 kB
MemTotal:        1844596 kB
MemFree:         1155128 kB
MemAvailable:    1505144 kB
Buffers:           51864 kB
Cached:           411568 kB
MemTotal:        1844596 kB
MemFree:         1156248 kB
MemAvailable:    1506268 kB
Buffers:           51864 kB
Cached:           411572 kB
MemTotal:        1844596 kB
MemFree:         1156248 kB
MemAvailable:    1506268 kB
Buffers:           51864 kB
Cached:           411572 kB
MemTotal:        1844596 kB
MemFree:         1154940 kB
MemAvailable:    1504960 kB
Buffers:           51864 kB
Cached:           411572 kB
MemTotal:        1844596 kB
MemFree:         1154452 kB
MemAvailable:    1504472 kB
Buffers:           51864 kB
Cached:           411572 kB
MemTotal:        1844596 kB
MemFree:         1154196 kB
MemAvailable:    1504216 kB
Buffers:           51864 kB
Cached:           411572 kB
MemTotal:        1844596 kB
MemFree:         1155236 kB
MemAvailable:    1505256 kB
Buffers:           51864 kB
Cached:           411572 kB
MemTotal:        1844596 kB
MemFree:         1154588 kB
MemAvailable:    1504608 kB
Buffers:           51864 kB
Cached:           411572 kB
MemTotal:        1844596 kB
MemFree:         1153328 kB
MemAvailable:    1503348 kB
Buffers:           51864 kB
Cached:           411572 kB
MemTotal:        1844596 kB
MemFree:         1153072 kB
MemAvailable:    1503092 kB
Buffers:           51864 kB
Cached:           411572 kB
MemTotal:        1844596 kB
MemFree:         1153396 kB
MemAvailable:    1503416 kB
Buffers:           51864 kB
Cached:           411572 kB
MemTotal:        1844596 kB
MemFree:         1153564 kB
MemAvailable:    1503584 kB
Buffers:           51864 kB
Cached:           411572 kB
MemTotal:        1844596 kB
MemFree:         1152152 kB
MemAvailable:    1502172 kB
Buffers:           51864 kB
Cached:           411572 kB
MemTotal:        1844596 kB
MemFree:         1151584 kB
MemAvailable:    1501604 kB
Buffers:           51864 kB
Cached:           411572 kB
MemTotal:        1844596 kB
MemFree:         1151824 kB
MemAvailable:    1501844 kB
Buffers:           51864 kB
Cached:           411572 kB
MemTotal:        1844596 kB
MemFree:         1151220 kB
MemAvailable:    1501240 kB
Buffers:           51864 kB
Cached:           411572 kB
MemTotal:        1844596 kB
MemFree:         1152412 kB
MemAvailable:    1502432 kB
Buffers:           51864 kB
Cached:           411572 kB
MemTotal:        1844596 kB
MemFree:         1152552 kB
MemAvailable:    1502572 kB
Buffers:           51864 kB
Cached:           411572 kB
MemTotal:        1844596 kB
MemFree:         1152360 kB
MemAvailable:    1502380 kB
Buffers:           51864 kB
Cached:           411572 kB
MemTotal:        1844596 kB
MemFree:         1152332 kB
MemAvailable:    1502352 kB
Buffers:           51864 kB
Cached:           411572 kB
MemTotal:        1844596 kB
MemFree:         1151068 kB
MemAvailable:    1501088 kB
Buffers:           51864 kB
Cached:           411572 kB
MemTotal:        1844596 kB
MemFree:         1152368 kB
MemAvailable:    1502388 kB
Buffers:           51864 kB
Cached:           411572 kB
MemTotal:        1844596 kB
MemFree:         1152428 kB
MemAvailable:    1502448 kB
Buffers:           51864 kB
Cached:           411572 kB
MemTotal:        1844596 kB
MemFree:         1151700 kB
MemAvailable:    1501720 kB
Buffers:           51864 kB
Cached:           411572 kB
MemTotal:        1844596 kB
MemFree:         1151344 kB
MemAvailable:    1501364 kB
Buffers:           51864 kB
Cached:           411572 kB
MemTotal:        1844596 kB
MemFree:         1151032 kB
MemAvailable:    1501052 kB
Buffers:           51864 kB
Cached:           411572 kB
MemTotal:        1844596 kB
MemFree:         1144400 kB
MemAvailable:    1494420 kB
Buffers:           51864 kB
Cached:           411572 kB
MemTotal:        1844596 kB
MemFree:         1144508 kB
MemAvailable:    1494528 kB
Buffers:           51864 kB
Cached:           411572 kB
MemTotal:        1844596 kB
MemFree:         1143780 kB
MemAvailable:    1493800 kB
Buffers:           51864 kB
Cached:           411572 kB
MemTotal:        1844596 kB
MemFree:         1144204 kB
MemAvailable:    1494224 kB
Buffers:           51864 kB
Cached:           411572 kB
MemTotal:        1844596 kB
MemFree:         1144088 kB
MemAvailable:    1494108 kB
Buffers:           51868 kB
Cached:           411568 kB
MemTotal:        1844596 kB
MemFree:         1144464 kB
MemAvailable:    1494484 kB
Buffers:           51872 kB
Cached:           411564 kB
MemTotal:        1844596 kB
MemFree:         1146472 kB
MemAvailable:    1496492 kB
Buffers:           51872 kB
Cached:           411564 kB
MemTotal:        1844596 kB
MemFree:         1146252 kB
MemAvailable:    1496272 kB
Buffers:           51872 kB
Cached:           411564 kB
MemTotal:        1844596 kB
MemFree:         1145880 kB
MemAvailable:    1496068 kB
Buffers:           51872 kB
Cached:           411812 kB
MemTotal:        1844596 kB
MemFree:         1145812 kB
MemAvailable:    1496084 kB
Buffers:           51872 kB
Cached:           411812 kB
MemTotal:        1844596 kB
MemFree:         1144376 kB
MemAvailable:    1494732 kB
Buffers:           51872 kB
Cached:           411936 kB
MemTotal:        1844596 kB
MemFree:         1144756 kB
MemAvailable:    1495364 kB
Buffers:           51872 kB
Cached:           412184 kB
MemTotal:        1844596 kB
MemFree:         1143976 kB
MemAvailable:    1494584 kB
Buffers:           51872 kB
Cached:           412184 kB
MemTotal:        1844596 kB
MemFree:         1145020 kB
MemAvailable:    1495640 kB
Buffers:           51872 kB
Cached:           412196 kB
MemTotal:        1844596 kB
MemFree:         1144028 kB
MemAvailable:    1494648 kB
Buffers:           51872 kB
Cached:           412196 kB
MemTotal:        1844596 kB
MemFree:         1145192 kB
MemAvailable:    1495812 kB
Buffers:           51872 kB
Cached:           412196 kB
MemTotal:        1844596 kB
MemFree:         1145256 kB
MemAvailable:    1495876 kB
Buffers:           51872 kB
Cached:           412196 kB
MemTotal:        1844596 kB
MemFree:         1143724 kB
MemAvailable:    1494428 kB
Buffers:           51872 kB
Cached:           412320 kB
MemTotal:        1844596 kB
MemFree:         1144900 kB
MemAvailable:    1495604 kB
Buffers:           51872 kB
Cached:           412320 kB
MemTotal:        1844596 kB
MemFree:         1143892 kB
MemAvailable:    1494596 kB
Buffers:           51872 kB
Cached:           412320 kB
MemTotal:        1844596 kB
MemFree:         1145384 kB
MemAvailable:    1495416 kB
Buffers:           51872 kB
Cached:           411564 kB
MemTotal:        1844596 kB
MemFree:         1213484 kB
MemAvailable:    1563516 kB
Buffers:           51872 kB
Cached:           411564 kB
