MemTotal:        1844596 kB
MemFree:         1222736 kB
MemAvailable:    1564160 kB
Buffers:           50800 kB
Cached:           404700 kB
MemTotal:        1844596 kB
MemFree:         1195920 kB
MemAvailable:    1537352 kB
Buffers:           50800 kB
Cached:           404704 kB
MemTotal:        1844596 kB
MemFree:         1193884 kB
MemAvailable:    1535316 kB
Buffers:           50800 kB
Cached:           404704 kB
MemTotal:        1844596 kB
MemFree:         1193000 kB
MemAvailable:    1534432 kB
Buffers:           50800 kB
Cached:           404704 kB
MemTotal:        1844596 kB
MemFree:         1192900 kB
MemAvailable:    1534332 kB
Buffers:           50800 kB
Cached:           404704 kB
MemTotal:        1844596 kB
MemFree:         1191760 kB
MemAvailable:    1533192 kB
Buffers:           50800 kB
Cached:           404704 kB
MemTotal:        1844596 kB
MemFree:         1191844 kB
MemAvailable:    1533276 kB
Buffers:           50800 kB
Cached:           404704 kB
MemTotal:        1844596 kB
MemFree:         1189536 kB
MemAvailable:    1530968 kB
Buffers:           50800 kB
Cached:           404704 kB
MemTotal:        1844596 kB
MemFree:         1186940 kB
MemAvailable:    1528372 kB
Buffers:           50800 kB
Cached:           404704 kB
MemTotal:        1844596 kB
MemFree:         1185412 kB
MemAvailable:    1526844 kB
Buffers:           50800 kB
Cached:           404704 kB
MemTotal:        1844596 kB
MemFree:         1182592 kB
MemAvailable:    1524024 kB
Buffers:           50800 kB
Cached:           404704 kB
MemTotal:        1844596 kB
MemFree:         1180528 kB
MemAvailable:    1521960 kB
Buffers:           50800 kB
Cached:           404704 kB
MemTotal:        1844596 kB
MemFree:         1180528 kB
MemAvailable:    1521960 kB
Buffers:           50800 kB
Cached:           404704 kB
MemTotal:        1844596 kB
MemFree:         1180568 kB
MemAvailable:    1522000 kB
Buffers:           50800 kB
Cached:           404704 kB
MemTotal:        1844596 kB
MemFree:         1180436 kB
MemAvailable:    1521868 kB
Buffers:           50800 kB
Cached:           404704 kB
MemTotal:        1844596 kB
MemFree:         1181560 kB
MemAvailable:    1522992 kB
Buffers:           50800 kB
Cached:           404704 kB
MemTotal:        1844596 kB
MemFree:         1181360 kB
MemAvailable:    1522792 kB
Buffers:           50800 kB
Cached:           404704 kB
MemTotal:        1844596 kB
MemFree:         1179932 kB
MemAvailable:    1521364 kB
Buffers:           50800 kB
Cached:           404704 kB
MemTotal:        1844596 kB
MemFree:         1178384 kB
MemAvailable:    1519816 kB
Buffers:           50800 kB
Cached:           404704 kB
MemTotal:        1844596 kB
MemFree:         1179584 kB
MemAvailable:    1521016 kB
Buffers:           50800 kB
Cached:           404704 kB
MemTotal:        1844596 kB
MemFree:         1179444 kB
MemAvailable:    1520876 kB
Buffers:           50800 kB
Cached:           404704 kB
MemTotal:        1844596 kB
MemFree:         1179364 kB
MemAvailable:    1520796 kB
Buffers:           50800 kB
Cached:           404704 kB
MemTotal:        1844596 kB
MemFree:         1179440 kB
MemAvailable:    1520872 kB
Buffers:           50800 kB
Cached:           404704 kB
MemTotal:        1844596 kB
MemFree:         1178112 kB
MemAvailable:    1519544 kB
Buffers:           50800 kB
Cached:           404704 kB
MemTotal:        1844596 kB
MemFree:         1178112 kB
MemAvailable:    1519544 kB
Buffers:           50800 kB
Cached:           404704 kB
MemTotal:        1844596 kB
MemFree:         1178072 kB
MemAvailable:    1519504 kB
Buffers:           50800 kB
Cached:           404704 kB
MemTotal:        1844596 kB
MemFree:         1179500 kB
MemAvailable:    1520932 kB
Buffers:           50800 kB
Cached:           404704 kB
MemTotal:        1844596 kB
MemFree:         1180652 kB
MemAvailable:    1522084 kB
Buffers:           50800 kB
Cached:           404704 kB
MemTotal:        1844596 kB
MemFree:         1178736 kB
MemAvailable:    1520168 kB
Buffers:           50800 kB
Cached:           404704 kB
MemTotal:        1844596 kB
MemFree:         1176028 kB
MemAvailable:    1517460 kB
Buffers:           50800 kB
Cached:           404704 kB
MemTotal:        1844596 kB
MemFree:         1176956 kB
MemAvailable:    1518388 kB
Buffers:           50800 kB
Cached:           404704 kB
MemTotal:        1844596 kB
MemFree:         1175036 kB
MemAvailable:    1516468 kB
Buffers:           50800 kB
Cached:           404704 kB
MemTotal:        1844596 kB
MemFree:         1176324 kB
MemAvailable:    1517756 kB
Buffers:           50800 kB
Cached:           404704 kB
MemTotal:        1844596 kB
MemFree:         1174284 kB
MemAvailable:    1515716 kB
Buffers:           50800 kB
Cached:           404704 kB
MemTotal:        1844596 kB
MemFree:         1174044 kB
MemAvailable:    1515476 kB
Buffers:           50800 kB
Cached:           404704 kB
MemTotal:        1844596 kB
MemFree:         1175416 kB
MemAvailable:    1516848 kB
Buffers:           50800 kB
Cached:           404704 kB
MemTotal:        1844596 kB
MemFree:         1175376 kB
MemAvailable:    1516808 kB
Buffers:           50800 kB
Cached:           404704 kB
MemTotal:        1844596 kB
MemFree:         1175264 kB
MemAvailable:    1516696 kB
Buffers:           50800 kB
Cached:           404704 kB
MemTotal:        1844596 kB
MemFree:         1173672 kB
MemAvailable:    1515104 kB
Buffers:           50800 kB
Cached:           404704 kB
MemTotal:        1844596 kB
MemFree:         1174872 kB
MemAvailable:    1516304 kB
Buffers:           50800 kB
Cached:           404704 kB
MemTotal:        1844596 kB
MemFree:         1174276 kB
MemAvailable:    1515708 kB
Buffers:           50800 kB
Cached:           404704 kB
MemTotal:        1844596 kB
MemFree:         1174528 kB
MemAvailable:    1515960 kB
Buffers:           50800 kB
Cached:           404704 kB
MemTotal:        1844596 kB
MemFree:         1174208 kB
MemAvailable:    1515640 kB
Buffers:           50800 kB
Cached:           404704 kB
MemTotal:        1844596 kB
MemFree:         1174168 kB
MemAvailable:    1515600 kB
Buffers:           50800 kB
Cached:           404704 kB
MemTotal:        1844596 kB
MemFree:         1174212 kB
MemAvailable:    1515644 kB
Buffers:           50800 kB
Cached:           404704 kB
MemTotal:        1844596 kB
MemFree:         1172732 kB
MemAvailable:    1514164 kB
Buffers:           50800 kB
Cached:           404704 kB
MemTotal:        1844596 kB
MemFree:         1174264 kB
MemAvailable:    1515696 kB
Buffers:           50800 kB
Cached:           404704 kB
MemTotal:        1844596 kB
MemFree:         1174120 kB
MemAvailable:    1515552 kB
Buffers:           50800 kB
Cached:           404704 kB
MemTotal:        1844596 kB
MemFree:         1174372 kB
MemAvailable:    1515804 kB
Buffers:           50800 kB
Cached:           404704 kB
MemTotal:        1844596 kB
MemFree:         1174140 kB
MemAvailable:    1515572 kB
Buffers:           50800 kB
Cached:           404704 kB
MemTotal:        1844596 kB
MemFree:         1174168 kB
MemAvailable:    1515600 kB
Buffers:           50800 kB
Cached:           404704 kB
MemTotal:        1844596 kB
MemFree:         1173648 kB
MemAvailable:    1515080 kB
Buffers:           50800 kB
Cached:           404704 kB
MemTotal:        1844596 kB
MemFree:         1173540 kB
MemAvailable:    1514972 kB
Buffers:           50800 kB
Cached:           404704 kB
MemTotal:        1844596 kB
MemFree:         1173636 kB
MemAvailable:    1515068 kB
Buffers:           50800 kB
Cached:           404704 kB
MemTotal:        1844596 kB
MemFree:         1173720 kB
MemAvailable:    1515152 kB
Buffers:           50800 kB
Cached:           404704 kB
MemTotal:        1844596 kB
MemFree:         1173268 kB
MemAvailable:    1514700 kB
Buffers:           50800 kB
Cached:           404704 kB
MemTotal:        1844596 kB
MemFree:         1173604 kB
MemAvailable:    1515036 kB
Buffers:           50800 kB
Cached:           404704 kB
MemTotal:        1844596 kB
MemFree:         1173484 kB
MemAvailable:    1514916 kB
Buffers:           50800 kB
Cached:           404704 kB
MemTotal:        1844596 kB
MemFree:         1171896 kB
MemAvailable:    1513328 kB
Buffers:           50800 kB
Cached:           404704 kB
MemTotal:        1844596 kB
MemFree:         1172152 kB
MemAvailable:    1513584 kB
Buffers:           50800 kB
Cached:           404704 kB
MemTotal:        1844596 kB
MemFree:         1172028 kB
MemAvailable:    1513460 kB
Buffers:           50800 kB
Cached:           404704 kB
MemTotal:        1844596 kB
MemFree:         1171896 kB
MemAvailable:    1513336 kB
Buffers:           50800 kB
Cached:           404712 kB
MemTotal:        1844596 kB
MemFree:         1171888 kB
MemAvailable:    1513328 kB
Buffers:           50800 kB
Cached:           404712 kB
MemTotal:        1844596 kB
MemFree:         1172060 kB
MemAvailable:    1513500 kB
Buffers:           50800 kB
Cached:           404712 kB
MemTotal:        1844596 kB
MemFree:         1171804 kB
MemAvailable:    1513244 kB
Buffers:           50800 kB
Cached:           404712 kB
MemTotal:        1844596 kB
MemFree:         1168524 kB
MemAvailable:    1509964 kB
Buffers:           50800 kB
Cached:           404712 kB
MemTotal:        1844596 kB
MemFree:         1164868 kB
MemAvailable:    1506308 kB
Buffers:           50800 kB
Cached:           404712 kB
MemTotal:        1844596 kB
MemFree:         1165432 kB
MemAvailable:    1506872 kB
Buffers:           50800 kB
Cached:           404712 kB
MemTotal:        1844596 kB
MemFree:         1165364 kB
MemAvailable:    1506804 kB
Buffers:           50800 kB
Cached:           404712 kB
MemTotal:        1844596 kB
MemFree:         1164356 kB
MemAvailable:    1505796 kB
Buffers:           50800 kB
Cached:           404712 kB
MemTotal:        1844596 kB
MemFree:         1165208 kB
MemAvailable:    1506648 kB
Buffers:           50800 kB
Cached:           404712 kB
MemTotal:        1844596 kB
MemFree:         1165240 kB
MemAvailable:    1506680 kB
Buffers:           50800 kB
Cached:           404712 kB
MemTotal:        1844596 kB
MemFree:         1164912 kB
MemAvailable:    1506352 kB
Buffers:           50800 kB
Cached:           404712 kB
MemTotal:        1844596 kB
MemFree:         1163820 kB
MemAvailable:    1505260 kB
Buffers:           50800 kB
Cached:           404712 kB
MemTotal:        1844596 kB
MemFree:         1165180 kB
MemAvailable:    1506620 kB
Buffers:           50800 kB
Cached:           404712 kB
MemTotal:        1844596 kB
MemFree:         1163976 kB
MemAvailable:    1505416 kB
Buffers:           50800 kB
Cached:           404712 kB
MemTotal:        1844596 kB
MemFree:         1163968 kB
MemAvailable:    1505408 kB
Buffers:           50800 kB
Cached:           404712 kB
MemTotal:        1844596 kB
MemFree:         1165292 kB
MemAvailable:    1506732 kB
Buffers:           50800 kB
Cached:           404712 kB
MemTotal:        1844596 kB
MemFree:         1165140 kB
MemAvailable:    1506580 kB
Buffers:           50800 kB
Cached:           404712 kB
MemTotal:        1844596 kB
MemFree:         1163868 kB
MemAvailable:    1505308 kB
Buffers:           50800 kB
Cached:           404712 kB
MemTotal:        1844596 kB
MemFree:         1165232 kB
MemAvailable:    1506672 kB
Buffers:           50800 kB
Cached:           404712 kB
MemTotal:        1844596 kB
MemFree:         1164556 kB
MemAvailable:    1505996 kB
Buffers:           50800 kB
Cached:           404712 kB
MemTotal:        1844596 kB
MemFree:         1164436 kB
MemAvailable:    1505876 kB
Buffers:           50800 kB
Cached:           404712 kB
MemTotal:        1844596 kB
MemFree:         1162876 kB
MemAvailable:    1504316 kB
Buffers:           50800 kB
Cached:           404712 kB
MemTotal:        1844596 kB
MemFree:         1163688 kB
MemAvailable:    1505128 kB
Buffers:           50800 kB
Cached:           404712 kB
MemTotal:        1844596 kB
MemFree:         1163684 kB
MemAvailable:    1505124 kB
Buffers:           50800 kB
Cached:           404712 kB
MemTotal:        1844596 kB
MemFree:         1162332 kB
MemAvailable:    1503772 kB
Buffers:           50800 kB
Cached:           404712 kB
MemTotal:        1844596 kB
MemFree:         1161768 kB
MemAvailable:    1503208 kB
Buffers:           50800 kB
Cached:           404712 kB
MemTotal:        1844596 kB
MemFree:         1162268 kB
MemAvailable:    1503708 kB
Buffers:           50800 kB
Cached:           404712 kB
MemTotal:        1844596 kB
MemFree:         1162304 kB
MemAvailable:    1503744 kB
Buffers:           50800 kB
Cached:           404712 kB
MemTotal:        1844596 kB
MemFree:         1161752 kB
MemAvailable:    1503192 kB
Buffers:           50800 kB
Cached:           404712 kB
MemTotal:        1844596 kB
MemFree:         1162004 kB
MemAvailable:    1503444 kB
Buffers:           50800 kB
Cached:           404712 kB
MemTotal:        1844596 kB
MemFree:         1160264 kB
MemAvailable:    1501704 kB
Buffers:           50800 kB
Cached:           404712 kB
MemTotal:        1844596 kB
MemFree:         1160280 kB
MemAvailable:    1501720 kB
Buffers:           50800 kB
Cached:           404712 kB
MemTotal:        1844596 kB
MemFree:         1160272 kB
MemAvailable:    1501712 kB
Buffers:           50800 kB
Cached:           404712 kB
MemTotal:        1844596 kB
MemFree:         1160100 kB
MemAvailable:    1501540 kB
Buffers:           50800 kB
Cached:           404712 kB
MemTotal:        1844596 kB
MemFree:         1161208 kB
MemAvailable:    1502648 kB
Buffers:           50800 kB
Cached:           404712 kB
MemTotal:        1844596 kB
MemFree:         1161544 kB
MemAvailable:    1502984 kB
Buffers:           50800 kB
Cached:           404712 kB
MemTotal:        1844596 kB
MemFree:         1161444 kB
MemAvailable:    1502884 kB
Buffers:           50800 kB
Cached:           404712 kB
MemTotal:        1844596 kB
MemFree:         1160404 kB
MemAvailable:    1501844 kB
Buffers:           50800 kB
Cached:           404712 kB
MemTotal:        1844596 kB
MemFree:         1160280 kB
MemAvailable:    1501720 kB
Buffers:           50800 kB
Cached:           404712 kB
MemTotal:        1844596 kB
MemFree:         1160704 kB
MemAvailable:    1502144 kB
Buffers:           50800 kB
Cached:           404712 kB
MemTotal:        1844596 kB
MemFree:         1160264 kB
MemAvailable:    1501704 kB
Buffers:           50800 kB
Cached:           404712 kB
MemTotal:        1844596 kB
MemFree:         1159732 kB
MemAvailable:    1501172 kB
Buffers:           50800 kB
Cached:           404712 kB
MemTotal:        1844596 kB
MemFree:         1152212 kB
MemAvailable:    1493652 kB
Buffers:           50800 kB
Cached:           404712 kB
MemTotal:        1844596 kB
MemFree:         1152344 kB
MemAvailable:    1493784 kB
Buffers:           50800 kB
Cached:           404712 kB
MemTotal:        1844596 kB
MemFree:         1153496 kB
MemAvailable:    1494936 kB
Buffers:           50800 kB
Cached:           404712 kB
MemTotal:        1844596 kB
MemFree:         1153448 kB
MemAvailable:    1494888 kB
Buffers:           50800 kB
Cached:           404712 kB
MemTotal:        1844596 kB
MemFree:         1153588 kB
MemAvailable:    1495028 kB
Buffers:           50800 kB
Cached:           404712 kB
MemTotal:        1844596 kB
MemFree:         1151944 kB
MemAvailable:    1493384 kB
Buffers:           50800 kB
Cached:           404712 kB
MemTotal:        1844596 kB
MemFree:         1155408 kB
MemAvailable:    1496848 kB
Buffers:           50800 kB
Cached:           404712 kB
MemTotal:        1844596 kB
MemFree:         1153956 kB
MemAvailable:    1495396 kB
Buffers:           50800 kB
Cached:           404712 kB
MemTotal:        1844596 kB
MemFree:         1153832 kB
MemAvailable:    1495440 kB
Buffers:           50800 kB
Cached:           404960 kB
MemTotal:        1844596 kB
MemFree:         1153576 kB
MemAvailable:    1495352 kB
Buffers:           50800 kB
Cached:           405084 kB
MemTotal:        1844596 kB
MemFree:         1153452 kB
MemAvailable:    1495312 kB
Buffers:           50800 kB
Cached:           405208 kB
MemTotal:        1844596 kB
MemFree:         1154488 kB
MemAvailable:    1496516 kB
Buffers:           50800 kB
Cached:           405332 kB
MemTotal:        1844596 kB
MemFree:         1154552 kB
MemAvailable:    1496664 kB
Buffers:           50800 kB
Cached:           405332 kB
MemTotal:        1844596 kB
MemFree:         1154156 kB
MemAvailable:    1496268 kB
Buffers:           50800 kB
Cached:           405332 kB
MemTotal:        1844596 kB
MemFree:         1153840 kB
MemAvailable:    1495952 kB
Buffers:           50800 kB
Cached:           405332 kB
MemTotal:        1844596 kB
MemFree:         1154056 kB
MemAvailable:    1496168 kB
Buffers:           50800 kB
Cached:           405332 kB
MemTotal:        1844596 kB
MemFree:         1154196 kB
MemAvailable:    1496308 kB
Buffers:           50800 kB
Cached:           405332 kB
MemTotal:        1844596 kB
MemFree:         1154184 kB
MemAvailable:    1496296 kB
Buffers:           50800 kB
Cached:           405456 kB
MemTotal:        1844596 kB
MemFree:         1153212 kB
MemAvailable:    1495324 kB
Buffers:           50800 kB
Cached:           405456 kB
MemTotal:        1844596 kB
MemFree:         1154328 kB
MemAvailable:    1496440 kB
Buffers:           50800 kB
Cached:           405456 kB
MemTotal:        1844596 kB
MemFree:         1152956 kB
MemAvailable:    1494396 kB
Buffers:           50800 kB
Cached:           404784 kB
MemTotal:        1844596 kB
MemFree:         1222516 kB
MemAvailable:    1563956 kB
Buffers:           50800 kB
Cached:           404784 kB
