MemTotal:        1844596 kB
MemFree:         1356676 kB
MemAvailable:    1578068 kB
Buffers:           34688 kB
Cached:           305248 kB
MemTotal:        1844596 kB
MemFree:         1329124 kB
MemAvailable:    1550520 kB
Buffers:           34688 kB
Cached:           305252 kB
MemTotal:        1844596 kB
MemFree:         1328744 kB
MemAvailable:    1550140 kB
Buffers:           34688 kB
Cached:           305252 kB
MemTotal:        1844596 kB
MemFree:         1326892 kB
MemAvailable:    1548288 kB
Buffers:           34688 kB
Cached:           305252 kB
MemTotal:        1844596 kB
MemFree:         1325528 kB
MemAvailable:    1546924 kB
Buffers:           34688 kB
Cached:           305252 kB
MemTotal:        1844596 kB
MemFree:         1325388 kB
MemAvailable:    1546784 kB
Buffers:           34688 kB
Cached:           305252 kB
MemTotal:        1844596 kB
MemFree:         1325528 kB
MemAvailable:    1546924 kB
Buffers:           34688 kB
Cached:           305252 kB
MemTotal:        1844596 kB
MemFree:         1322792 kB
MemAvailable:    1544188 kB
Buffers:           34688 kB
Cached:           305252 kB
MemTotal:        1844596 kB
MemFree:         1320304 kB
MemAvailable:    1541700 kB
Buffers:           34688 kB
Cached:           305252 kB
MemTotal:        1844596 kB
MemFree:         1318088 kB
MemAvailable:    1539484 kB
Buffers:           34688 kB
Cached:           305252 kB
MemTotal:        1844596 kB
MemFree:         1313500 kB
MemAvailable:    1534896 kB
Buffers:           34688 kB
Cached:           305252 kB
MemTotal:        1844596 kB
MemFree:         1314468 kB
MemAvailable:    1535864 kB
Buffers:           34688 kB
Cached:           305252 kB
MemTotal:        1844596 kB
MemFree:         1315756 kB
MemAvailable:    1537152 kB
Buffers:           34688 kB
Cached:           305252 kB
MemTotal:        1844596 kB
MemFree:         1315584 kB
MemAvailable:    1536980 kB
Buffers:           34688 kB
Cached:           305252 kB
MemTotal:        1844596 kB
MemFree:         1315836 kB
MemAvailable:    1537232 kB
Buffers:           34688 kB
Cached:           305252 kB
MemTotal:        1844596 kB
MemFree:         1315604 kB
MemAvailable:    1537000 kB
Buffers:           34688 kB
Cached:           305252 kB
MemTotal:        1844596 kB
MemFree:         1314724 kB
MemAvailable:    1536120 kB
Buffers:           34688 kB
Cached:           305252 kB
MemTotal:        1844596 kB
MemFree:         1314616 kB
MemAvailable:    1536012 kB
Buffers:           34688 kB
Cached:           305252 kB
MemTotal:        1844596 kB
MemFree:         1313584 kB
MemAvailable:    1534980 kB
Buffers:           34688 kB
Cached:           305252 kB
MemTotal:        1844596 kB
MemFree:         1313500 kB
MemAvailable:    1534896 kB
Buffers:           34688 kB
Cached:           305252 kB
MemTotal:        1844596 kB
MemFree:         1313304 kB
MemAvailable:    1534700 kB
Buffers:           34688 kB
Cached:           305252 kB
MemTotal:        1844596 kB
MemFree:         1313040 kB
MemAvailable:    1534436 kB
Buffers:           34688 kB
Cached:           305252 kB
MemTotal:        1844596 kB
MemFree:         1313172 kB
MemAvailable:    1534568 kB
Buffers:           34688 kB
Cached:           305252 kB
MemTotal:        1844596 kB
MemFree:         1313172 kB
MemAvailable:    1534568 kB
Buffers:           34688 kB
Cached:           305252 kB
MemTotal:        1844596 kB
MemFree:         1311996 kB
MemAvailable:    1533392 kB
Buffers:           34688 kB
Cached:           305252 kB
MemTotal:        1844596 kB
MemFree:         1314432 kB
MemAvailable:    1535828 kB
Buffers:           34688 kB
Cached:           305252 kB
MemTotal:        1844596 kB
MemFree:         1314684 kB
MemAvailable:    1536080 kB
Buffers:           34688 kB
Cached:           305252 kB
MemTotal:        1844596 kB
MemFree:         1314352 kB
MemAvailable:    1535748 kB
Buffers:           34688 kB
Cached:           305252 kB
MemTotal:        1844596 kB
MemFree:         1312508 kB
MemAvailable:    1533904 kB
Buffers:           34688 kB
Cached:           305252 kB
MemTotal:        1844596 kB
MemFree:         1310276 kB
MemAvailable:    1531672 kB
Buffers:           34688 kB
Cached:           305252 kB
MemTotal:        1844596 kB
MemFree:         1309772 kB
MemAvailable:    1531168 kB
Buffers:           34688 kB
Cached:           305252 kB
MemTotal:        1844596 kB
MemFree:         1309276 kB
MemAvailable:    1530672 kB
Buffers:           34688 kB
Cached:           305252 kB
MemTotal:        1844596 kB
MemFree:         1308780 kB
MemAvailable:    1530176 kB
Buffers:           34688 kB
Cached:           305252 kB
MemTotal:        1844596 kB
MemFree:         1309220 kB
MemAvailable:    1530616 kB
Buffers:           34688 kB
Cached:           305252 kB
MemTotal:        1844596 kB
MemFree:         1308888 kB
MemAvailable:    1530284 kB
Buffers:           34688 kB
Cached:           305252 kB
MemTotal:        1844596 kB
MemFree:         1308120 kB
MemAvailable:    1529516 kB
Buffers:           34688 kB
Cached:           305252 kB
MemTotal:        1844596 kB
MemFree:         1307604 kB
MemAvailable:    1529000 kB
Buffers:           34688 kB
Cached:           305252 kB
MemTotal:        1844596 kB
MemFree:         1308836 kB
MemAvailable:    1530232 kB
Buffers:           34688 kB
Cached:           305252 kB
MemTotal:        1844596 kB
MemFree:         1309088 kB
MemAvailable:    1530484 kB
Buffers:           34688 kB
Cached:           305252 kB
MemTotal:        1844596 kB
MemFree:         1308916 kB
MemAvailable:    1530312 kB
Buffers:           34688 kB
Cached:           305252 kB
MemTotal:        1844596 kB
MemFree:         1308972 kB
MemAvailable:    1530368 kB
Buffers:           34688 kB
Cached:           305252 kB
MemTotal:        1844596 kB
MemFree:         1307176 kB
MemAvailable:    1528576 kB
Buffers:           34688 kB
Cached:           305256 kB
MemTotal:        1844596 kB
MemFree:         1307424 kB
MemAvailable:    1528824 kB
Buffers:           34688 kB
Cached:           305256 kB
MemTotal:        1844596 kB
MemFree:         1308084 kB
MemAvailable:    1529484 kB
Buffers:           34688 kB
Cached:           305256 kB
MemTotal:        1844596 kB
MemFree:         1307960 kB
MemAvailable:    1529360 kB
Buffers:           34688 kB
Cached:           305256 kB
MemTotal:        1844596 kB
MemFree:         1306784 kB
MemAvailable:    1528184 kB
Buffers:           34688 kB
Cached:           305256 kB
MemTotal:        1844596 kB
MemFree:         1307664 kB
MemAvailable:    1529064 kB
Buffers:           34688 kB
Cached:           305256 kB
MemTotal:        1844596 kB
MemFree:         1306732 kB
MemAvailable:    1528132 kB
Buffers:           34688 kB
Cached:           305256 kB
MemTotal:        1844596 kB
MemFree:         1307916 kB
MemAvailable:    1529316 kB
Buffers:           34688 kB
Cached:           305256 kB
MemTotal:        1844596 kB
MemFree:         1308208 kB
MemAvailable:    1529608 kB
Buffers:           34688 kB
Cached:           305256 kB
MemTotal:        1844596 kB
MemFree:         1308260 kB
MemAvailable:    1529660 kB
Buffers:           34688 kB
Cached:           305256 kB
MemTotal:        1844596 kB
MemFree:         1306640 kB
MemAvailable:    1528040 kB
Buffers:           34688 kB
Cached:           305256 kB
MemTotal:        1844596 kB
MemFree:         1307756 kB
MemAvailable:    1529156 kB
Buffers:           34688 kB
Cached:           305256 kB
MemTotal:        1844596 kB
MemFree:         1306680 kB
MemAvailable:    1528080 kB
Buffers:           34688 kB
Cached:           305256 kB
MemTotal:        1844596 kB
MemFree:         1307160 kB
MemAvailable:    1528560 kB
Buffers:           34688 kB
Cached:           305256 kB
MemTotal:        1844596 kB
MemFree:         1305748 kB
MemAvailable:    1527148 kB
Buffers:           34688 kB
Cached:           305256 kB
MemTotal:        1844596 kB
MemFree:         1306240 kB
MemAvailable:    1527640 kB
Buffers:           34692 kB
Cached:           305252 kB
MemTotal:        1844596 kB
MemFree:         1307176 kB
MemAvailable:    1528576 kB
Buffers:           34692 kB
Cached:           305252 kB
MemTotal:        1844596 kB
MemFree:         1307044 kB
MemAvailable:    1528444 kB
Buffers:           34692 kB
Cached:           305252 kB
MemTotal:        1844596 kB
MemFree:         1305904 kB
MemAvailable:    1527304 kB
Buffers:           34692 kB
Cached:           305252 kB
MemTotal:        1844596 kB
MemFree:         1307080 kB
MemAvailable:    1528480 kB
Buffers:           34692 kB
Cached:           305252 kB
MemTotal:        1844596 kB
MemFree:         1307200 kB
MemAvailable:    1528600 kB
Buffers:           34692 kB
Cached:           305252 kB
MemTotal:        1844596 kB
MemFree:         1306184 kB
MemAvailable:    1527584 kB
Buffers:           34692 kB
Cached:           305252 kB
MemTotal:        1844596 kB
MemFree:         1307228 kB
MemAvailable:    1528632 kB
Buffers:           34692 kB
Cached:           305256 kB
MemTotal:        1844596 kB
MemFree:         1306184 kB
MemAvailable:    1527588 kB
Buffers:           34692 kB
Cached:           305256 kB
MemTotal:        1844596 kB
MemFree:         1306932 kB
MemAvailable:    1528336 kB
Buffers:           34692 kB
Cached:           305256 kB
MemTotal:        1844596 kB
MemFree:         1304820 kB
MemAvailable:    1526224 kB
Buffers:           34692 kB
Cached:           305256 kB
MemTotal:        1844596 kB
MemFree:         1303760 kB
MemAvailable:    1525164 kB
Buffers:           34692 kB
Cached:           305256 kB
MemTotal:        1844596 kB
MemFree:         1301532 kB
MemAvailable:    1522936 kB
Buffers:           34692 kB
Cached:           305256 kB
MemTotal:        1844596 kB
MemFree:         1299984 kB
MemAvailable:    1521388 kB
Buffers:           34692 kB
Cached:           305256 kB
MemTotal:        1844596 kB
MemFree:         1298240 kB
MemAvailable:    1519644 kB
Buffers:           34692 kB
Cached:           305256 kB
MemTotal:        1844596 kB
MemFree:         1299224 kB
MemAvailable:    1520628 kB
Buffers:           34692 kB
Cached:           305256 kB
MemTotal:        1844596 kB
MemFree:         1298744 kB
MemAvailable:    1520148 kB
Buffers:           34692 kB
Cached:           305256 kB
MemTotal:        1844596 kB
MemFree:         1299120 kB
MemAvailable:    1520524 kB
Buffers:           34692 kB
Cached:           305256 kB
MemTotal:        1844596 kB
MemFree:         1299240 kB
MemAvailable:    1520644 kB
Buffers:           34692 kB
Cached:           305256 kB
MemTotal:        1844596 kB
MemFree:         1298056 kB
MemAvailable:    1519460 kB
Buffers:           34692 kB
Cached:           305256 kB
MemTotal:        1844596 kB
MemFree:         1299176 kB
MemAvailable:    1520580 kB
Buffers:           34692 kB
Cached:           305256 kB
MemTotal:        1844596 kB
MemFree:         1298372 kB
MemAvailable:    1519776 kB
Buffers:           34692 kB
Cached:           305256 kB
MemTotal:        1844596 kB
MemFree:         1299100 kB
MemAvailable:    1520504 kB
Buffers:           34692 kB
Cached:           305256 kB
MemTotal:        1844596 kB
MemFree:         1299116 kB
MemAvailable:    1520520 kB
Buffers:           34692 kB
Cached:           305256 kB
MemTotal:        1844596 kB
MemFree:         1298976 kB
MemAvailable:    1520380 kB
Buffers:           34692 kB
Cached:           305256 kB
MemTotal:        1844596 kB
MemFree:         1299160 kB
MemAvailable:    1520564 kB
Buffers:           34692 kB
Cached:           305256 kB
MemTotal:        1844596 kB
MemFree:         1299080 kB
MemAvailable:    1520484 kB
Buffers:           34692 kB
Cached:           305256 kB
MemTotal:        1844596 kB
MemFree:         1299080 kB
MemAvailable:    1520484 kB
Buffers:           34692 kB
Cached:           305256 kB
MemTotal:        1844596 kB
MemFree:         1297676 kB
MemAvailable:    1519080 kB
Buffers:           34692 kB
Cached:           305256 kB
MemTotal:        1844596 kB
MemFree:         1298604 kB
MemAvailable:    1520008 kB
Buffers:           34692 kB
Cached:           305256 kB
MemTotal:        1844596 kB
MemFree:         1298248 kB
MemAvailable:    1519652 kB
Buffers:           34692 kB
Cached:           305256 kB
MemTotal:        1844596 kB
MemFree:         1296876 kB
MemAvailable:    1518280 kB
Buffers:           34692 kB
Cached:           305256 kB
MemTotal:        1844596 kB
MemFree:         1296636 kB
MemAvailable:    1518040 kB
Buffers:           34692 kB
Cached:           305256 kB
MemTotal:        1844596 kB
MemFree:         1296256 kB
MemAvailable:    1517660 kB
Buffers:           34692 kB
Cached:           305256 kB
MemTotal:        1844596 kB
MemFree:         1296692 kB
MemAvailable:    1518096 kB
Buffers:           34692 kB
Cached:           305256 kB
MemTotal:        1844596 kB
MemFree:         1295264 kB
MemAvailable:    1516668 kB
Buffers:           34692 kB
Cached:           305256 kB
MemTotal:        1844596 kB
MemFree:         1296316 kB
MemAvailable:    1517720 kB
Buffers:           34692 kB
Cached:           305256 kB
MemTotal:        1844596 kB
MemFree:         1295704 kB
MemAvailable:    1517108 kB
Buffers:           34692 kB
Cached:           305256 kB
MemTotal:        1844596 kB
MemFree:         1295532 kB
MemAvailable:    1516936 kB
Buffers:           34692 kB
Cached:           305256 kB
MemTotal:        1844596 kB
MemFree:         1294348 kB
MemAvailable:    1515752 kB
Buffers:           34692 kB
Cached:           305256 kB
MemTotal:        1844596 kB
MemFree:         1295332 kB
MemAvailable:    1516736 kB
Buffers:           34692 kB
Cached:           305256 kB
MemTotal:        1844596 kB
MemFree:         1295256 kB
MemAvailable:    1516660 kB
Buffers:           34692 kB
Cached:           305256 kB
MemTotal:        1844596 kB
MemFree:         1295272 kB
MemAvailable:    1516676 kB
Buffers:           34692 kB
Cached:           305256 kB
MemTotal:        1844596 kB
MemFree:         1293976 kB
MemAvailable:    1515380 kB
Buffers:           34692 kB
Cached:           305256 kB
MemTotal:        1844596 kB
MemFree:         1293968 kB
MemAvailable:    1515372 kB
Buffers:           34692 kB
Cached:           305256 kB
MemTotal:        1844596 kB
MemFree:         1295264 kB
MemAvailable:    1516668 kB
Buffers:           34692 kB
Cached:           305256 kB
MemTotal:        1844596 kB
MemFree:         1293964 kB
MemAvailable:    1515368 kB
Buffers:           34692 kB
Cached:           305256 kB
MemTotal:        1844596 kB
MemFree:         1293964 kB
MemAvailable:    1515368 kB
Buffers:           34692 kB
Cached:           305256 kB
MemTotal:        1844596 kB
MemFree:         1293660 kB
MemAvailable:    1515064 kB
Buffers:           34692 kB
Cached:           305256 kB
MemTotal:        1844596 kB
MemFree:         1293536 kB
MemAvailable:    1514940 kB
Buffers:           34692 kB
Cached:           305256 kB
MemTotal:        1844596 kB
MemFree:         1286584 kB
MemAvailable:    1507988 kB
Buffers:           34692 kB
Cached:           305256 kB
MemTotal:        1844596 kB
MemFree:         1287876 kB
MemAvailable:    1509280 kB
Buffers:           34692 kB
Cached:           305256 kB
MemTotal:        1844596 kB
MemFree:         1287576 kB
MemAvailable:    1508980 kB
Buffers:           34692 kB
Cached:           305256 kB
MemTotal:        1844596 kB
MemFree:         1287444 kB
MemAvailable:    1508852 kB
Buffers:           34692 kB
Cached:           305260 kB
MemTotal:        1844596 kB
MemFree:         1287272 kB
MemAvailable:    1508680 kB
Buffers:           34692 kB
Cached:           305260 kB
MemTotal:        1844596 kB
MemFree:         1287420 kB
MemAvailable:    1508832 kB
Buffers:           34692 kB
Cached:           305264 kB
MemTotal:        1844596 kB
MemFree:         1288124 kB
MemAvailable:    1509536 kB
Buffers:           34692 kB
Cached:           305264 kB
MemTotal:        1844596 kB
MemFree:         1288940 kB
MemAvailable:    1510436 kB
Buffers:           34692 kB
Cached:           305388 kB
MemTotal:        1844596 kB
MemFree:         1287692 kB
MemAvailable:    1509188 kB
Buffers:           34692 kB
Cached:           305388 kB
MemTotal:        1844596 kB
MemFree:         1287708 kB
MemAvailable:    1509372 kB
Buffers:           34692 kB
Cached:           305512 kB
MemTotal:        1844596 kB
MemFree:         1288636 kB
MemAvailable:    1510468 kB
Buffers:           34692 kB
Cached:           305760 kB
MemTotal:        1844596 kB
MemFree:         1287212 kB
MemAvailable:    1509212 kB
Buffers:           34692 kB
Cached:           305884 kB
MemTotal:        1844596 kB
MemFree:         1287080 kB
MemAvailable:    1509080 kB
Buffers:           34692 kB
Cached:           305884 kB
MemTotal:        1844596 kB
MemFree:         1288380 kB
MemAvailable:    1510380 kB
Buffers:           34692 kB
Cached:           305884 kB
MemTotal:        1844596 kB
MemFree:         1287204 kB
MemAvailable:    1509204 kB
Buffers:           34692 kB
Cached:           305884 kB
MemTotal:        1844596 kB
MemFree:         1287204 kB
MemAvailable:    1509288 kB
Buffers:           34692 kB
Cached:           306008 kB
MemTotal:        1844596 kB
MemFree:         1287088 kB
MemAvailable:    1509172 kB
Buffers:           34692 kB
Cached:           306008 kB
MemTotal:        1844596 kB
MemFree:         1287940 kB
MemAvailable:    1510024 kB
Buffers:           34692 kB
Cached:           306008 kB
MemTotal:        1844596 kB
MemFree:         1287204 kB
MemAvailable:    1508700 kB
Buffers:           34692 kB
Cached:           305336 kB
MemTotal:        1844596 kB
MemFree:         1289128 kB
MemAvailable:    1510544 kB
Buffers:           34692 kB
Cached:           305268 kB
