MemTotal:        1844596 kB
MemFree:         1354088 kB
MemAvailable:    1577924 kB
Buffers:           35052 kB
Cached:           307140 kB
MemTotal:        1844596 kB
MemFree:         1326584 kB
MemAvailable:    1550424 kB
Buffers:           35052 kB
Cached:           307144 kB
MemTotal:        1844596 kB
MemFree:         1325212 kB
MemAvailable:    1549052 kB
Buffers:           35052 kB
Cached:           307144 kB
MemTotal:        1844596 kB
MemFree:         1324088 kB
MemAvailable:    1547928 kB
Buffers:           35052 kB
Cached:           307144 kB
MemTotal:        1844596 kB
MemFree:         1324228 kB
MemAvailable:    1548068 kB
Buffers:           35052 kB
Cached:           307144 kB
MemTotal:        1844596 kB
MemFree:         1323172 kB
MemAvailable:    1547012 kB
Buffers:           35052 kB
Cached:           307144 kB
MemTotal:        1844596 kB
MemFree:         1321740 kB
MemAvailable:    1545580 kB
Buffers:           35052 kB
Cached:           307144 kB
MemTotal:        1844596 kB
MemFree:         1319252 kB
MemAvailable:    1543092 kB
Buffers:           35052 kB
Cached:           307144 kB
MemTotal:        1844596 kB
MemFree:         1318524 kB
MemAvailable:    1542240 kB
Buffers:           35052 kB
Cached:           307144 kB
MemTotal:        1844596 kB
MemFree:         1316352 kB
MemAvailable:    1540192 kB
Buffers:           35052 kB
Cached:           307144 kB
MemTotal:        1844596 kB
MemFree:         1312572 kB
MemAvailable:    1536412 kB
Buffers:           35052 kB
Cached:           307144 kB
MemTotal:        1844596 kB
MemFree:         1312988 kB
MemAvailable:    1536828 kB
Buffers:           35052 kB
Cached:           307144 kB
MemTotal:        1844596 kB
MemFree:         1313256 kB
MemAvailable:    1537096 kB
Buffers:           35052 kB
Cached:           307144 kB
MemTotal:        1844596 kB
MemFree:         1311656 kB
MemAvailable:    1535496 kB
Buffers:           35052 kB
Cached:           307144 kB
MemTotal:        1844596 kB
MemFree:         1312956 kB
MemAvailable:    1536796 kB
Buffers:           35052 kB
Cached:           307144 kB
MemTotal:        1844596 kB
MemFree:         1311904 kB
MemAvailable:    1535744 kB
Buffers:           35052 kB
Cached:           307144 kB
MemTotal:        1844596 kB
MemFree:         1311944 kB
MemAvailable:    1535784 kB
Buffers:           35052 kB
Cached:           307144 kB
MemTotal:        1844596 kB
MemFree:         1311492 kB
MemAvailable:    1535332 kB
Buffers:           35052 kB
Cached:           307144 kB
MemTotal:        1844596 kB
MemFree:         1309720 kB
MemAvailable:    1533560 kB
Buffers:           35052 kB
Cached:           307144 kB
MemTotal:        1844596 kB
MemFree:         1309968 kB
MemAvailable:    1533808 kB
Buffers:           35052 kB
Cached:           307144 kB
MemTotal:        1844596 kB
MemFree:         1310572 kB
MemAvailable:    1534412 kB
Buffers:           35052 kB
Cached:           307144 kB
MemTotal:        1844596 kB
MemFree:         1310464 kB
MemAvailable:    1534304 kB
Buffers:           35052 kB
Cached:           307144 kB
MemTotal:        1844596 kB
MemFree:         1310520 kB
MemAvailable:    1534360 kB
Buffers:           35052 kB
Cached:           307144 kB
MemTotal:        1844596 kB
MemFree:         1310540 kB
MemAvailable:    1534380 kB
Buffers:           35052 kB
Cached:           307144 kB
MemTotal:        1844596 kB
MemFree:         1310492 kB
MemAvailable:    1534332 kB
Buffers:           35052 kB
Cached:           307144 kB
MemTotal:        1844596 kB
MemFree:         1310340 kB
MemAvailable:    1534180 kB
Buffers:           35052 kB
Cached:           307144 kB
MemTotal:        1844596 kB
MemFree:         1311972 kB
MemAvailable:    1535812 kB
Buffers:           35052 kB
Cached:           307144 kB
MemTotal:        1844596 kB
MemFree:         1310912 kB
MemAvailable:    1534752 kB
Buffers:           35052 kB
Cached:           307144 kB
MemTotal:        1844596 kB
MemFree:         1310216 kB
MemAvailable:    1534056 kB
Buffers:           35052 kB
Cached:           307144 kB
MemTotal:        1844596 kB
MemFree:         1307860 kB
MemAvailable:    1531700 kB
Buffers:           35052 kB
Cached:           307144 kB
MemTotal:        1844596 kB
MemFree:         1308092 kB
MemAvailable:    1531932 kB
Buffers:           35052 kB
Cached:           307144 kB
MemTotal:        1844596 kB
MemFree:         1307116 kB
MemAvailable:    1530956 kB
Buffers:           35052 kB
Cached:           307144 kB
MemTotal:        1844596 kB
MemFree:         1307672 kB
MemAvailable:    1531512 kB
Buffers:           35052 kB
Cached:           307144 kB
MemTotal:        1844596 kB
MemFree:         1306372 kB
MemAvailable:    1530212 kB
Buffers:           35052 kB
Cached:           307144 kB
MemTotal:        1844596 kB
MemFree:         1305628 kB
MemAvailable:    1529468 kB
Buffers:           35052 kB
Cached:           307144 kB
MemTotal:        1844596 kB
MemFree:         1306548 kB
MemAvailable:    1530388 kB
Buffers:           35052 kB
Cached:           307144 kB
MemTotal:        1844596 kB
MemFree:         1306668 kB
MemAvailable:    1530508 kB
Buffers:           35052 kB
Cached:           307144 kB
MemTotal:        1844596 kB
MemFree:         1306192 kB
MemAvailable:    1530032 kB
Buffers:           35052 kB
Cached:           307144 kB
MemTotal:        1844596 kB
MemFree:         1306448 kB
MemAvailable:    1530288 kB
Buffers:           35052 kB
Cached:           307144 kB
MemTotal:        1844596 kB
MemFree:         1306392 kB
MemAvailable:    1530236 kB
Buffers:           35052 kB
Cached:           307148 kB
MemTotal:        1844596 kB
MemFree:         1306448 kB
MemAvailable:    1530292 kB
Buffers:           35052 kB
Cached:           307148 kB
MemTotal:        1844596 kB
MemFree:         1304868 kB
MemAvailable:    1528712 kB
Buffers:           35052 kB
Cached:           307148 kB
MemTotal:        1844596 kB
MemFree:         1304636 kB
MemAvailable:    1528480 kB
Buffers:           35052 kB
Cached:           307148 kB
MemTotal:        1844596 kB
MemFree:         1304008 kB
MemAvailable:    1527852 kB
Buffers:           35052 kB
Cached:           307148 kB
MemTotal:        1844596 kB
MemFree:         1304092 kB
MemAvailable:    1527936 kB
Buffers:           35052 kB
Cached:           307148 kB
MemTotal:        1844596 kB
MemFree:         1304084 kB
MemAvailable:    1527928 kB
Buffers:           35052 kB
Cached:           307148 kB
MemTotal:        1844596 kB
MemFree:         1304216 kB
MemAvailable:    1528060 kB
Buffers:           35052 kB
Cached:           307148 kB
MemTotal:        1844596 kB
MemFree:         1304084 kB
MemAvailable:    1527928 kB
Buffers:           35052 kB
Cached:           307148 kB
MemTotal:        1844596 kB
MemFree:         1304208 kB
MemAvailable:    1528052 kB
Buffers:           35052 kB
Cached:           307148 kB
MemTotal:        1844596 kB
MemFree:         1305412 kB
MemAvailable:    1529256 kB
Buffers:           35052 kB
Cached:           307148 kB
MemTotal:        1844596 kB
MemFree:         1304236 kB
MemAvailable:    1528080 kB
Buffers:           35052 kB
Cached:           307148 kB
MemTotal:        1844596 kB
MemFree:         1305480 kB
MemAvailable:    1529324 kB
Buffers:           35052 kB
Cached:           307148 kB
MemTotal:        1844596 kB
MemFree:         1305040 kB
MemAvailable:    1528884 kB
Buffers:           35052 kB
Cached:           307148 kB
MemTotal:        1844596 kB
MemFree:         1305376 kB
MemAvailable:    1529220 kB
Buffers:           35052 kB
Cached:           307148 kB
MemTotal:        1844596 kB
MemFree:         1304620 kB
MemAvailable:    1528464 kB
Buffers:           35052 kB
Cached:           307148 kB
MemTotal:        1844596 kB
MemFree:         1303892 kB
MemAvailable:    1527736 kB
Buffers:           35052 kB
Cached:           307148 kB
MemTotal:        1844596 kB
MemFree:         1304496 kB
MemAvailable:    1528340 kB
Buffers:           35052 kB
Cached:           307148 kB
MemTotal:        1844596 kB
MemFree:         1303248 kB
MemAvailable:    1527092 kB
Buffers:           35052 kB
Cached:           307148 kB
MemTotal:        1844596 kB
MemFree:         1303380 kB
MemAvailable:    1527224 kB
Buffers:           35052 kB
Cached:           307148 kB
MemTotal:        1844596 kB
MemFree:         1304448 kB
MemAvailable:    1528292 kB
Buffers:           35052 kB
Cached:           307148 kB
MemTotal:        1844596 kB
MemFree:         1303244 kB
MemAvailable:    1527088 kB
Buffers:           35052 kB
Cached:           307148 kB
MemTotal:        1844596 kB
MemFree:         1304428 kB
MemAvailable:    1528272 kB
Buffers:           35052 kB
Cached:           307148 kB
MemTotal:        1844596 kB
MemFree:         1304596 kB
MemAvailable:    1528440 kB
Buffers:           35052 kB
Cached:           307148 kB
MemTotal:        1844596 kB
MemFree:         1304368 kB
MemAvailable:    1528212 kB
Buffers:           35052 kB
Cached:           307148 kB
MemTotal:        1844596 kB
MemFree:         1304200 kB
MemAvailable:    1528044 kB
Buffers:           35052 kB
Cached:           307148 kB
MemTotal:        1844596 kB
MemFree:         1304200 kB
MemAvailable:    1528044 kB
Buffers:           35052 kB
Cached:           307148 kB
MemTotal:        1844596 kB
MemFree:         1302092 kB
MemAvailable:    1525936 kB
Buffers:           35052 kB
Cached:           307148 kB
MemTotal:        1844596 kB
MemFree:         1300164 kB
MemAvailable:    1524008 kB
Buffers:           35052 kB
Cached:           307148 kB
MemTotal:        1844596 kB
MemFree:         1296692 kB
MemAvailable:    1520536 kB
Buffers:           35052 kB
Cached:           307148 kB
MemTotal:        1844596 kB
MemFree:         1297180 kB
MemAvailable:    1521024 kB
Buffers:           35052 kB
Cached:           307148 kB
MemTotal:        1844596 kB
MemFree:         1296928 kB
MemAvailable:    1520772 kB
Buffers:           35052 kB
Cached:           307148 kB
MemTotal:        1844596 kB
MemFree:         1296504 kB
MemAvailable:    1520348 kB
Buffers:           35052 kB
Cached:           307148 kB
MemTotal:        1844596 kB
MemFree:         1296624 kB
MemAvailable:    1520468 kB
Buffers:           35052 kB
Cached:           307148 kB
MemTotal:        1844596 kB
MemFree:         1296328 kB
MemAvailable:    1520172 kB
Buffers:           35052 kB
Cached:           307148 kB
MemTotal:        1844596 kB
MemFree:         1296496 kB
MemAvailable:    1520340 kB
Buffers:           35052 kB
Cached:           307148 kB
MemTotal:        1844596 kB
MemFree:         1295148 kB
MemAvailable:    1518992 kB
Buffers:           35052 kB
Cached:           307148 kB
MemTotal:        1844596 kB
MemFree:         1296616 kB
MemAvailable:    1520460 kB
Buffers:           35052 kB
Cached:           307148 kB
MemTotal:        1844596 kB
MemFree:         1295056 kB
MemAvailable:    1518900 kB
Buffers:           35052 kB
Cached:           307148 kB
MemTotal:        1844596 kB
MemFree:         1295304 kB
MemAvailable:    1519148 kB
Buffers:           35052 kB
Cached:           307148 kB
MemTotal:        1844596 kB
MemFree:         1295336 kB
MemAvailable:    1519180 kB
Buffers:           35052 kB
Cached:           307148 kB
MemTotal:        1844596 kB
MemFree:         1295156 kB
MemAvailable:    1519000 kB
Buffers:           35052 kB
Cached:           307148 kB
MemTotal:        1844596 kB
MemFree:         1296440 kB
MemAvailable:    1520284 kB
Buffers:           35052 kB
Cached:           307148 kB
MemTotal:        1844596 kB
MemFree:         1296444 kB
MemAvailable:    1520288 kB
Buffers:           35052 kB
Cached:           307148 kB
MemTotal:        1844596 kB
MemFree:         1295816 kB
MemAvailable:    1519660 kB
Buffers:           35052 kB
Cached:           307148 kB
MemTotal:        1844596 kB
MemFree:         1295212 kB
MemAvailable:    1519056 kB
Buffers:           35052 kB
Cached:           307148 kB
MemTotal:        1844596 kB
MemFree:         1295272 kB
MemAvailable:    1519116 kB
Buffers:           35052 kB
Cached:           307148 kB
MemTotal:        1844596 kB
MemFree:         1293972 kB
MemAvailable:    1517816 kB
Buffers:           35052 kB
Cached:           307148 kB
MemTotal:        1844596 kB
MemFree:         1294660 kB
MemAvailable:    1518508 kB
Buffers:           35052 kB
Cached:           307152 kB
MemTotal:        1844596 kB
MemFree:         1294304 kB
MemAvailable:    1518152 kB
Buffers:           35052 kB
Cached:           307152 kB
MemTotal:        1844596 kB
MemFree:         1293900 kB
MemAvailable:    1517748 kB
Buffers:           35052 kB
Cached:           307152 kB
MemTotal:        1844596 kB
MemFree:         1293840 kB
MemAvailable:    1517688 kB
Buffers:           35052 kB
Cached:           307152 kB
MemTotal:        1844596 kB
MemFree:         1292592 kB
MemAvailable:    1516440 kB
Buffers:           35052 kB
Cached:           307152 kB
MemTotal:        1844596 kB
MemFree:         1292832 kB
MemAvailable:    1516680 kB
Buffers:           35052 kB
Cached:           307152 kB
MemTotal:        1844596 kB
MemFree:         1293084 kB
MemAvailable:    1516932 kB
Buffers:           35052 kB
Cached:           307152 kB
MemTotal:        1844596 kB
MemFree:         1292960 kB
MemAvailable:    1516808 kB
Buffers:           35052 kB
Cached:           307152 kB
MemTotal:        1844596 kB
MemFree:         1292952 kB
MemAvailable:    1516800 kB
Buffers:           35052 kB
Cached:           307152 kB
MemTotal:        1844596 kB
MemFree:         1291456 kB
MemAvailable:    1515304 kB
Buffers:           35052 kB
Cached:           307152 kB
MemTotal:        1844596 kB
MemFree:         1292716 kB
MemAvailable:    1516564 kB
Buffers:           35052 kB
Cached:           307152 kB
MemTotal:        1844596 kB
MemFree:         1291368 kB
MemAvailable:    1515216 kB
Buffers:           35052 kB
Cached:           307152 kB
MemTotal:        1844596 kB
MemFree:         1291452 kB
MemAvailable:    1515300 kB
Buffers:           35052 kB
Cached:           307152 kB
MemTotal:        1844596 kB
MemFree:         1291360 kB
MemAvailable:    1515208 kB
Buffers:           35052 kB
Cached:           307152 kB
MemTotal:        1844596 kB
MemFree:         1292816 kB
MemAvailable:    1516664 kB
Buffers:           35052 kB
Cached:           307152 kB
MemTotal:        1844596 kB
MemFree:         1291964 kB
MemAvailable:    1515812 kB
Buffers:           35052 kB
Cached:           307152 kB
MemTotal:        1844596 kB
MemFree:         1291664 kB
MemAvailable:    1515512 kB
Buffers:           35052 kB
Cached:           307152 kB
MemTotal:        1844596 kB
MemFree:         1292000 kB
MemAvailable:    1515848 kB
Buffers:           35052 kB
Cached:           307152 kB
MemTotal:        1844596 kB
MemFree:         1283672 kB
MemAvailable:    1507520 kB
Buffers:           35052 kB
Cached:           307152 kB
MemTotal:        1844596 kB
MemFree:         1283672 kB
MemAvailable:    1507520 kB
Buffers:           35052 kB
Cached:           307152 kB
MemTotal:        1844596 kB
MemFree:         1283804 kB
MemAvailable:    1507656 kB
Buffers:           35052 kB
Cached:           307156 kB
MemTotal:        1844596 kB
MemFree:         1284980 kB
MemAvailable:    1508832 kB
Buffers:           35052 kB
Cached:           307156 kB
MemTotal:        1844596 kB
MemFree:         1284912 kB
MemAvailable:    1508764 kB
Buffers:           35052 kB
Cached:           307156 kB
MemTotal:        1844596 kB
MemFree:         1283624 kB
MemAvailable:    1507476 kB
Buffers:           35052 kB
Cached:           307156 kB
MemTotal:        1844596 kB
MemFree:         1285508 kB
MemAvailable:    1509360 kB
Buffers:           35052 kB
Cached:           307156 kB
MemTotal:        1844596 kB
MemFree:         1286020 kB
MemAvailable:    1509956 kB
Buffers:           35052 kB
Cached:           307280 kB
MemTotal:        1844596 kB
MemFree:         1286356 kB
MemAvailable:    1510292 kB
Buffers:           35052 kB
Cached:           307280 kB
MemTotal:        1844596 kB
MemFree:         1285964 kB
MemAvailable:    1510152 kB
Buffers:           35052 kB
Cached:           307528 kB
MemTotal:        1844596 kB
MemFree:         1285764 kB
MemAvailable:    1510120 kB
Buffers:           35052 kB
Cached:           307652 kB
MemTotal:        1844596 kB
MemFree:         1285848 kB
MemAvailable:    1510204 kB
Buffers:           35052 kB
Cached:           307652 kB
MemTotal:        1844596 kB
MemFree:         1285972 kB
MemAvailable:    1510412 kB
Buffers:           35052 kB
Cached:           307776 kB
MemTotal:        1844596 kB
MemFree:         1284672 kB
MemAvailable:    1509112 kB
Buffers:           35052 kB
Cached:           307776 kB
MemTotal:        1844596 kB
MemFree:         1283736 kB
MemAvailable:    1508176 kB
Buffers:           35052 kB
Cached:           307776 kB
MemTotal:        1844596 kB
MemFree:         1285620 kB
MemAvailable:    1510060 kB
Buffers:           35052 kB
Cached:           307776 kB
MemTotal:        1844596 kB
MemFree:         1285420 kB
MemAvailable:    1509860 kB
Buffers:           35052 kB
Cached:           307776 kB
MemTotal:        1844596 kB
MemFree:         1285484 kB
MemAvailable:    1509924 kB
Buffers:           35052 kB
Cached:           307776 kB
MemTotal:        1844596 kB
MemFree:         1285544 kB
MemAvailable:    1509984 kB
Buffers:           35052 kB
Cached:           307776 kB
MemTotal:        1844596 kB
MemFree:         1285452 kB
MemAvailable:    1509892 kB
Buffers:           35052 kB
Cached:           307776 kB
MemTotal:        1844596 kB
MemFree:         1284548 kB
MemAvailable:    1509072 kB
Buffers:           35052 kB
Cached:           307900 kB
MemTotal:        1844596 kB
MemFree:         1324768 kB
MemAvailable:    1548620 kB
Buffers:           35052 kB
Cached:           307144 kB
