MemTotal:        1844596 kB
MemFree:         1301664 kB
MemAvailable:    1570888 kB
Buffers:           41500 kB
Cached:           347292 kB
MemTotal:        1844596 kB
MemFree:         1274284 kB
MemAvailable:    1543516 kB
Buffers:           41500 kB
Cached:           347296 kB
MemTotal:        1844596 kB
MemFree:         1272912 kB
MemAvailable:    1542144 kB
Buffers:           41500 kB
Cached:           347296 kB
MemTotal:        1844596 kB
MemFree:         1272136 kB
MemAvailable:    1541368 kB
Buffers:           41500 kB
Cached:           347296 kB
MemTotal:        1844596 kB
MemFree:         1269440 kB
MemAvailable:    1538672 kB
Buffers:           41500 kB
Cached:           347296 kB
MemTotal:        1844596 kB
MemFree:         1269448 kB
MemAvailable:    1538680 kB
Buffers:           41500 kB
Cached:           347296 kB
MemTotal:        1844596 kB
MemFree:         1267960 kB
MemAvailable:    1537192 kB
Buffers:           41500 kB
Cached:           347296 kB
MemTotal:        1844596 kB
MemFree:         1265480 kB
MemAvailable:    1534712 kB
Buffers:           41500 kB
Cached:           347296 kB
MemTotal:        1844596 kB
MemFree:         1264244 kB
MemAvailable:    1533476 kB
Buffers:           41500 kB
Cached:           347296 kB
MemTotal:        1844596 kB
MemFree:         1259652 kB
MemAvailable:    1528884 kB
Buffers:           41500 kB
Cached:           347296 kB
MemTotal:        1844596 kB
MemFree:         1259372 kB
MemAvailable:    1528604 kB
Buffers:           41500 kB
Cached:           347296 kB
MemTotal:        1844596 kB
MemFree:         1259364 kB
MemAvailable:    1528596 kB
Buffers:           41500 kB
Cached:           347296 kB
MemTotal:        1844596 kB
MemFree:         1260628 kB
MemAvailable:    1529860 kB
Buffers:           41500 kB
Cached:           347296 kB
MemTotal:        1844596 kB
MemFree:         1260880 kB
MemAvailable:    1530112 kB
Buffers:           41500 kB
Cached:           347296 kB
MemTotal:        1844596 kB
MemFree:         1260572 kB
MemAvailable:    1529804 kB
Buffers:           41500 kB
Cached:           347296 kB
MemTotal:        1844596 kB
MemFree:         1259884 kB
MemAvailable:    1529116 kB
Buffers:           41500 kB
Cached:           347296 kB
MemTotal:        1844596 kB
MemFree:         1259032 kB
MemAvailable:    1528264 kB
Buffers:           41500 kB
Cached:           347296 kB
MemTotal:        1844596 kB
MemFree:         1259728 kB
MemAvailable:    1528960 kB
Buffers:           41500 kB
Cached:           347296 kB
MemTotal:        1844596 kB
MemFree:         1258900 kB
MemAvailable:    1528132 kB
Buffers:           41500 kB
Cached:           347296 kB
MemTotal:        1844596 kB
MemFree:         1257288 kB
MemAvailable:    1526520 kB
Buffers:           41500 kB
Cached:           347296 kB
MemTotal:        1844596 kB
MemFree:         1258596 kB
MemAvailable:    1527828 kB
Buffers:           41500 kB
Cached:           347296 kB
MemTotal:        1844596 kB
MemFree:         1256784 kB
MemAvailable:    1526016 kB
Buffers:           41500 kB
Cached:           347296 kB
MemTotal:        1844596 kB
MemFree:         1256900 kB
MemAvailable:    1526132 kB
Buffers:           41500 kB
Cached:           347296 kB
MemTotal:        1844596 kB
MemFree:         1257280 kB
MemAvailable:    1526512 kB
Buffers:           41500 kB
Cached:           347296 kB
MemTotal:        1844596 kB
MemFree:         1258092 kB
MemAvailable:    1527324 kB
Buffers:           41500 kB
Cached:           347296 kB
MemTotal:        1844596 kB
MemFree:         1258344 kB
MemAvailable:    1527576 kB
Buffers:           41500 kB
Cached:           347296 kB
MemTotal:        1844596 kB
MemFree:         1259388 kB
MemAvailable:    1528620 kB
Buffers:           41500 kB
Cached:           347296 kB
MemTotal:        1844596 kB
MemFree:         1258952 kB
MemAvailable:    1528184 kB
Buffers:           41500 kB
Cached:           347296 kB
MemTotal:        1844596 kB
MemFree:         1256924 kB
MemAvailable:    1526156 kB
Buffers:           41500 kB
Cached:           347296 kB
MemTotal:        1844596 kB
MemFree:         1255180 kB
MemAvailable:    1524412 kB
Buffers:           41500 kB
Cached:           347296 kB
MemTotal:        1844596 kB
MemFree:         1255808 kB
MemAvailable:    1525040 kB
Buffers:           41500 kB
Cached:           347296 kB
MemTotal:        1844596 kB
MemFree:         1255668 kB
MemAvailable:    1524900 kB
Buffers:           41500 kB
Cached:           347296 kB
MemTotal:        1844596 kB
MemFree:         1255124 kB
MemAvailable:    1524356 kB
Buffers:           41500 kB
Cached:           347296 kB
MemTotal:        1844596 kB
MemFree:         1253576 kB
MemAvailable:    1522808 kB
Buffers:           41500 kB
Cached:           347296 kB
MemTotal:        1844596 kB
MemFree:         1254256 kB
MemAvailable:    1523488 kB
Buffers:           41500 kB
Cached:           347296 kB
MemTotal:        1844596 kB
MemFree:         1254124 kB
MemAvailable:    1523356 kB
Buffers:           41500 kB
Cached:           347296 kB
MemTotal:        1844596 kB
MemFree:         1254184 kB
MemAvailable:    1523416 kB
Buffers:           41500 kB
Cached:           347296 kB
MemTotal:        1844596 kB
MemFree:         1254296 kB
MemAvailable:    1523528 kB
Buffers:           41500 kB
Cached:           347296 kB
MemTotal:        1844596 kB
MemFree:         1253984 kB
MemAvailable:    1523216 kB
Buffers:           41500 kB
Cached:           347296 kB
MemTotal:        1844596 kB
MemFree:         1253736 kB
MemAvailable:    1522968 kB
Buffers:           41500 kB
Cached:           347296 kB
MemTotal:        1844596 kB
MemFree:         1253824 kB
MemAvailable:    1523056 kB
Buffers:           41500 kB
Cached:           347296 kB
MemTotal:        1844596 kB
MemFree:         1251956 kB
MemAvailable:    1521188 kB
Buffers:           41500 kB
Cached:           347296 kB
MemTotal:        1844596 kB
MemFree:         1253256 kB
MemAvailable:    1522488 kB
Buffers:           41500 kB
Cached:           347296 kB
MemTotal:        1844596 kB
MemFree:         1253152 kB
MemAvailable:    1522384 kB
Buffers:           41500 kB
Cached:           347296 kB
MemTotal:        1844596 kB
MemFree:         1251944 kB
MemAvailable:    1521176 kB
Buffers:           41500 kB
Cached:           347296 kB
MemTotal:        1844596 kB
MemFree:         1251688 kB
MemAvailable:    1520920 kB
Buffers:           41500 kB
Cached:           347296 kB
MemTotal:        1844596 kB
MemFree:         1252912 kB
MemAvailable:    1522144 kB
Buffers:           41500 kB
Cached:           347296 kB
MemTotal:        1844596 kB
MemFree:         1251896 kB
MemAvailable:    1521128 kB
Buffers:           41500 kB
Cached:           347296 kB
MemTotal:        1844596 kB
MemFree:         1252988 kB
MemAvailable:    1522220 kB
Buffers:           41500 kB
Cached:           347296 kB
MemTotal:        1844596 kB
MemFree:         1252460 kB
MemAvailable:    1521692 kB
Buffers:           41500 kB
Cached:           347296 kB
MemTotal:        1844596 kB
MemFree:         1251652 kB
MemAvailable:    1520884 kB
Buffers:           41500 kB
Cached:           347296 kB
MemTotal:        1844596 kB
MemFree:         1253060 kB
MemAvailable:    1522292 kB
Buffers:           41500 kB
Cached:           347296 kB
MemTotal:        1844596 kB
MemFree:         1253212 kB
MemAvailable:    1522444 kB
Buffers:           41500 kB
Cached:           347296 kB
MemTotal:        1844596 kB
MemFree:         1252692 kB
MemAvailable:    1521924 kB
Buffers:           41500 kB
Cached:           347296 kB
MemTotal:        1844596 kB
MemFree:         1252584 kB
MemAvailable:    1521816 kB
Buffers:           41500 kB
Cached:           347296 kB
MemTotal:        1844596 kB
MemFree:         1251196 kB
MemAvailable:    1520428 kB
Buffers:           41500 kB
Cached:           347296 kB
MemTotal:        1844596 kB
MemFree:         1251196 kB
MemAvailable:    1520428 kB
Buffers:           41500 kB
Cached:           347296 kB
MemTotal:        1844596 kB
MemFree:         1252172 kB
MemAvailable:    1521404 kB
Buffers:           41500 kB
Cached:           347296 kB
MemTotal:        1844596 kB
MemFree:         1251840 kB
MemAvailable:    1521072 kB
Buffers:           41500 kB
Cached:           347296 kB
MemTotal:        1844596 kB
MemFree:         1252092 kB
MemAvailable:    1521324 kB
Buffers:           41500 kB
Cached:           347296 kB
MemTotal:        1844596 kB
MemFree:         1251344 kB
MemAvailable:    1520576 kB
Buffers:           41500 kB
Cached:           347296 kB
MemTotal:        1844596 kB
MemFree:         1252036 kB
MemAvailable:    1521268 kB
Buffers:           41500 kB
Cached:           347296 kB
MemTotal:        1844596 kB
MemFree:         1250956 kB
MemAvailable:    1520188 kB
Buffers:           41500 kB
Cached:           347296 kB
MemTotal:        1844596 kB
MemFree:         1252108 kB
MemAvailable:    1521340 kB
Buffers:           41500 kB
Cached:           347296 kB
MemTotal:        1844596 kB
MemFree:         1250848 kB
MemAvailable:    1520080 kB
Buffers:           41500 kB
Cached:           347296 kB
MemTotal:        1844596 kB
MemFree:         1252100 kB
MemAvailable:    1521332 kB
Buffers:           41500 kB
Cached:           347296 kB
MemTotal:        1844596 kB
MemFree:         1252012 kB
MemAvailable:    1521244 kB
Buffers:           41500 kB
Cached:           347296 kB
MemTotal:        1844596 kB
MemFree:         1251088 kB
MemAvailable:    1520320 kB
Buffers:           41500 kB
Cached:           347296 kB
MemTotal:        1844596 kB
MemFree:         1249792 kB
MemAvailable:    1519024 kB
Buffers:           41500 kB
Cached:           347296 kB
MemTotal:        1844596 kB
MemFree:         1246756 kB
MemAvailable:    1515988 kB
Buffers:           41500 kB
Cached:           347296 kB
MemTotal:        1844596 kB
MemFree:         1244764 kB
MemAvailable:    1513996 kB
Buffers:           41500 kB
Cached:           347296 kB
MemTotal:        1844596 kB
MemFree:         1244648 kB
MemAvailable:    1513880 kB
Buffers:           41500 kB
Cached:           347296 kB
MemTotal:        1844596 kB
MemFree:         1244452 kB
MemAvailable:    1513684 kB
Buffers:           41500 kB
Cached:           347296 kB
MemTotal:        1844596 kB
MemFree:         1244120 kB
MemAvailable:    1513352 kB
Buffers:           41500 kB
Cached:           347296 kB
MemTotal:        1844596 kB
MemFree:         1244372 kB
MemAvailable:    1513604 kB
Buffers:           41500 kB
Cached:           347296 kB
MemTotal:        1844596 kB
MemFree:         1244208 kB
MemAvailable:    1513440 kB
Buffers:           41500 kB
Cached:           347296 kB
MemTotal:        1844596 kB
MemFree:         1243912 kB
MemAvailable:    1513144 kB
Buffers:           41500 kB
Cached:           347296 kB
MemTotal:        1844596 kB
MemFree:         1242856 kB
MemAvailable:    1512088 kB
Buffers:           41500 kB
Cached:           347296 kB
MemTotal:        1844596 kB
MemFree:         1244228 kB
MemAvailable:    1513460 kB
Buffers:           41500 kB
Cached:           347296 kB
MemTotal:        1844596 kB
MemFree:         1242732 kB
MemAvailable:    1511964 kB
Buffers:           41500 kB
Cached:           347296 kB
MemTotal:        1844596 kB
MemFree:         1243024 kB
MemAvailable:    1512256 kB
Buffers:           41500 kB
Cached:           347296 kB
MemTotal:        1844596 kB
MemFree:         1244264 kB
MemAvailable:    1513496 kB
Buffers:           41500 kB
Cached:           347296 kB
MemTotal:        1844596 kB
MemFree:         1244248 kB
MemAvailable:    1513480 kB
Buffers:           41500 kB
Cached:           347296 kB
MemTotal:        1844596 kB
MemFree:         1242844 kB
MemAvailable:    1512076 kB
Buffers:           41500 kB
Cached:           347296 kB
MemTotal:        1844596 kB
MemFree:         1243952 kB
MemAvailable:    1513184 kB
Buffers:           41500 kB
Cached:           347296 kB
MemTotal:        1844596 kB
MemFree:         1243284 kB
MemAvailable:    1512516 kB
Buffers:           41500 kB
Cached:           347296 kB
MemTotal:        1844596 kB
MemFree:         1243516 kB
MemAvailable:    1512748 kB
Buffers:           41500 kB
Cached:           347296 kB
MemTotal:        1844596 kB
MemFree:         1242044 kB
MemAvailable:    1511276 kB
Buffers:           41500 kB
Cached:           347296 kB
MemTotal:        1844596 kB
MemFree:         1241540 kB
MemAvailable:    1510772 kB
Buffers:           41500 kB
Cached:           347296 kB
MemTotal:        1844596 kB
MemFree:         1241292 kB
MemAvailable:    1510524 kB
Buffers:           41500 kB
Cached:           347296 kB
MemTotal:        1844596 kB
MemFree:         1242352 kB
MemAvailable:    1511584 kB
Buffers:           41500 kB
Cached:           347296 kB
MemTotal:        1844596 kB
MemFree:         1242220 kB
MemAvailable:    1511452 kB
Buffers:           41500 kB
Cached:           347296 kB
MemTotal:        1844596 kB
MemFree:         1241292 kB
MemAvailable:    1510524 kB
Buffers:           41512 kB
Cached:           347284 kB
MemTotal:        1844596 kB
MemFree:         1240060 kB
MemAvailable:    1509292 kB
Buffers:           41512 kB
Cached:           347284 kB
MemTotal:        1844596 kB
MemFree:         1240616 kB
MemAvailable:    1509872 kB
Buffers:           41512 kB
Cached:           347308 kB
MemTotal:        1844596 kB
MemFree:         1240508 kB
MemAvailable:    1509764 kB
Buffers:           41512 kB
Cached:           347308 kB
MemTotal:        1844596 kB
MemFree:         1239812 kB
MemAvailable:    1509068 kB
Buffers:           41512 kB
Cached:           347308 kB
MemTotal:        1844596 kB
MemFree:         1239172 kB
MemAvailable:    1508428 kB
Buffers:           41512 kB
Cached:           347308 kB
MemTotal:        1844596 kB
MemFree:         1240544 kB
MemAvailable:    1509800 kB
Buffers:           41512 kB
Cached:           347308 kB
MemTotal:        1844596 kB
MemFree:         1239040 kB
MemAvailable:    1508296 kB
Buffers:           41512 kB
Cached:           347308 kB
MemTotal:        1844596 kB
MemFree:         1240372 kB
MemAvailable:    1509628 kB
Buffers:           41512 kB
Cached:           347308 kB
MemTotal:        1844596 kB
MemFree:         1238916 kB
MemAvailable:    1508172 kB
Buffers:           41512 kB
Cached:           347308 kB
MemTotal:        1844596 kB
MemFree:         1239040 kB
MemAvailable:    1508296 kB
Buffers:           41512 kB
Cached:           347308 kB
MemTotal:        1844596 kB
MemFree:         1239288 kB
MemAvailable:    1508544 kB
Buffers:           41512 kB
Cached:           347308 kB
MemTotal:        1844596 kB
MemFree:         1239748 kB
MemAvailable:    1509004 kB
Buffers:           41512 kB
Cached:           347308 kB
MemTotal:        1844596 kB
MemFree:         1240000 kB
MemAvailable:    1509256 kB
Buffers:           41512 kB
Cached:           347308 kB
MemTotal:        1844596 kB
MemFree:         1238076 kB
MemAvailable:    1507332 kB
Buffers:           41512 kB
Cached:           347308 kB
MemTotal:        1844596 kB
MemFree:         1232800 kB
MemAvailable:    1502056 kB
Buffers:           41512 kB
Cached:           347308 kB
MemTotal:        1844596 kB
MemFree:         1232620 kB
MemAvailable:    1501876 kB
Buffers:           41512 kB
Cached:           347308 kB
MemTotal:        1844596 kB
MemFree:         1231124 kB
MemAvailable:    1500380 kB
Buffers:           41512 kB
Cached:           347308 kB
MemTotal:        1844596 kB
MemFree:         1231116 kB
MemAvailable:    1500372 kB
Buffers:           41512 kB
Cached:           347308 kB
MemTotal:        1844596 kB
MemFree:         1231116 kB
MemAvailable:    1500372 kB
Buffers:           41512 kB
Cached:           347308 kB
MemTotal:        1844596 kB
MemFree:         1232156 kB
MemAvailable:    1501412 kB
Buffers:           41512 kB
Cached:           347308 kB
MemTotal:        1844596 kB
MemFree:         1233200 kB
MemAvailable:    1502456 kB
Buffers:           41512 kB
Cached:           347308 kB
MemTotal:        1844596 kB
MemFree:         1234028 kB
MemAvailable:    1503368 kB
Buffers:           41512 kB
Cached:           347432 kB
MemTotal:        1844596 kB
MemFree:         1232744 kB
MemAvailable:    1502168 kB
Buffers:           41512 kB
Cached:           347432 kB
MemTotal:        1844596 kB
MemFree:         1233348 kB
MemAvailable:    1502940 kB
Buffers:           41512 kB
Cached:           347556 kB
MemTotal:        1844596 kB
MemFree:         1233432 kB
MemAvailable:    1503024 kB
Buffers:           41512 kB
Cached:           347556 kB
MemTotal:        1844596 kB
MemFree:         1231980 kB
MemAvailable:    1501740 kB
Buffers:           41512 kB
Cached:           347804 kB
MemTotal:        1844596 kB
MemFree:         1231940 kB
MemAvailable:    1501784 kB
Buffers:           41512 kB
Cached:           347928 kB
MemTotal:        1844596 kB
MemFree:         1233240 kB
MemAvailable:    1503084 kB
Buffers:           41512 kB
Cached:           347928 kB
MemTotal:        1844596 kB
MemFree:         1232496 kB
MemAvailable:    1502340 kB
Buffers:           41512 kB
Cached:           347928 kB
MemTotal:        1844596 kB
MemFree:         1233136 kB
MemAvailable:    1502988 kB
Buffers:           41512 kB
Cached:           347980 kB
MemTotal:        1844596 kB
MemFree:         1233192 kB
MemAvailable:    1503044 kB
Buffers:           41512 kB
Cached:           347980 kB
MemTotal:        1844596 kB
MemFree:         1231696 kB
MemAvailable:    1501548 kB
Buffers:           41512 kB
Cached:           347980 kB
MemTotal:        1844596 kB
MemFree:         1231704 kB
MemAvailable:    1501556 kB
Buffers:           41512 kB
Cached:           347980 kB
MemTotal:        1844596 kB
MemFree:         1233060 kB
MemAvailable:    1502912 kB
Buffers:           41512 kB
Cached:           347980 kB
MemTotal:        1844596 kB
MemFree:         1233232 kB
MemAvailable:    1502496 kB
Buffers:           41512 kB
Cached:           347264 kB
MemTotal:        1844596 kB
MemFree:         1232324 kB
MemAvailable:    1501588 kB
Buffers:           41512 kB
Cached:           347264 kB
MemTotal:        1844596 kB
MemFree:         1300044 kB
MemAvailable:    1569308 kB
Buffers:           41512 kB
Cached:           347264 kB
