MemTotal:        1844596 kB
MemFree:         1350340 kB
MemAvailable:    1577588 kB
Buffers:           35564 kB
Cached:           309796 kB
MemTotal:        1844596 kB
MemFree:         1323084 kB
MemAvailable:    1550336 kB
Buffers:           35564 kB
Cached:           309800 kB
MemTotal:        1844596 kB
MemFree:         1321704 kB
MemAvailable:    1548956 kB
Buffers:           35564 kB
Cached:           309800 kB
MemTotal:        1844596 kB
MemFree:         1319488 kB
MemAvailable:    1546740 kB
Buffers:           35564 kB
Cached:           309800 kB
MemTotal:        1844596 kB
MemFree:         1320044 kB
MemAvailable:    1547296 kB
Buffers:           35564 kB
Cached:           309800 kB
MemTotal:        1844596 kB
MemFree:         1319480 kB
MemAvailable:    1546732 kB
Buffers:           35564 kB
Cached:           309800 kB
MemTotal:        1844596 kB
MemFree:         1317836 kB
MemAvailable:    1545088 kB
Buffers:           35564 kB
Cached:           309800 kB
MemTotal:        1844596 kB
MemFree:         1315380 kB
MemAvailable:    1542632 kB
Buffers:           35564 kB
Cached:           309800 kB
MemTotal:        1844596 kB
MemFree:         1315272 kB
MemAvailable:    1542524 kB
Buffers:           35564 kB
Cached:           309800 kB
MemTotal:        1844596 kB
MemFree:         1310668 kB
MemAvailable:    1537920 kB
Buffers:           35564 kB
Cached:           309800 kB
MemTotal:        1844596 kB
MemFree:         1310436 kB
MemAvailable:    1537688 kB
Buffers:           35564 kB
Cached:           309800 kB
MemTotal:        1844596 kB
MemFree:         1308116 kB
MemAvailable:    1535368 kB
Buffers:           35564 kB
Cached:           309800 kB
MemTotal:        1844596 kB
MemFree:         1309556 kB
MemAvailable:    1536808 kB
Buffers:           35564 kB
Cached:           309800 kB
MemTotal:        1844596 kB
MemFree:         1309380 kB
MemAvailable:    1536636 kB
Buffers:           35564 kB
Cached:           309800 kB
MemTotal:        1844596 kB
MemFree:         1309520 kB
MemAvailable:    1536776 kB
Buffers:           35564 kB
Cached:           309800 kB
MemTotal:        1844596 kB
MemFree:         1308032 kB
MemAvailable:    1535288 kB
Buffers:           35564 kB
Cached:           309800 kB
MemTotal:        1844596 kB
MemFree:         1308024 kB
MemAvailable:    1535280 kB
Buffers:           35564 kB
Cached:           309800 kB
MemTotal:        1844596 kB
MemFree:         1308016 kB
MemAvailable:    1535272 kB
Buffers:           35564 kB
Cached:           309800 kB
MemTotal:        1844596 kB
MemFree:         1307700 kB
MemAvailable:    1534956 kB
Buffers:           35564 kB
Cached:           309800 kB
MemTotal:        1844596 kB
MemFree:         1307080 kB
MemAvailable:    1534336 kB
Buffers:           35564 kB
Cached:           309800 kB
MemTotal:        1844596 kB
MemFree:         1307072 kB
MemAvailable:    1534328 kB
Buffers:           35564 kB
Cached:           309800 kB
MemTotal:        1844596 kB
MemFree:         1305576 kB
MemAvailable:    1532832 kB
Buffers:           35564 kB
Cached:           309800 kB
MemTotal:        1844596 kB
MemFree:         1306824 kB
MemAvailable:    1534080 kB
Buffers:           35564 kB
Cached:           309800 kB
MemTotal:        1844596 kB
MemFree:         1307088 kB
MemAvailable:    1534344 kB
Buffers:           35564 kB
Cached:           309800 kB
MemTotal:        1844596 kB
MemFree:         1307056 kB
MemAvailable:    1534312 kB
Buffers:           35564 kB
Cached:           309800 kB
MemTotal:        1844596 kB
MemFree:         1306768 kB
MemAvailable:    1534024 kB
Buffers:           35564 kB
Cached:           309800 kB
MemTotal:        1844596 kB
MemFree:         1306948 kB
MemAvailable:    1534204 kB
Buffers:           35564 kB
Cached:           309800 kB
MemTotal:        1844596 kB
MemFree:         1307088 kB
MemAvailable:    1534344 kB
Buffers:           35564 kB
Cached:           309800 kB
MemTotal:        1844596 kB
MemFree:         1307072 kB
MemAvailable:    1534328 kB
Buffers:           35564 kB
Cached:           309800 kB
MemTotal:        1844596 kB
MemFree:         1306468 kB
MemAvailable:    1533724 kB
Buffers:           35564 kB
Cached:           309800 kB
MemTotal:        1844596 kB
MemFree:         1303980 kB
MemAvailable:    1531236 kB
Buffers:           35564 kB
Cached:           309800 kB
MemTotal:        1844596 kB
MemFree:         1303360 kB
MemAvailable:    1530616 kB
Buffers:           35564 kB
Cached:           309800 kB
MemTotal:        1844596 kB
MemFree:         1302996 kB
MemAvailable:    1530252 kB
Buffers:           35564 kB
Cached:           309800 kB
MemTotal:        1844596 kB
MemFree:         1303792 kB
MemAvailable:    1531048 kB
Buffers:           35564 kB
Cached:           309800 kB
MemTotal:        1844596 kB
MemFree:         1303312 kB
MemAvailable:    1530568 kB
Buffers:           35564 kB
Cached:           309800 kB
MemTotal:        1844596 kB
MemFree:         1301616 kB
MemAvailable:    1528872 kB
Buffers:           35564 kB
Cached:           309800 kB
MemTotal:        1844596 kB
MemFree:         1302808 kB
MemAvailable:    1530064 kB
Buffers:           35564 kB
Cached:           309800 kB
MemTotal:        1844596 kB
MemFree:         1301500 kB
MemAvailable:    1528756 kB
Buffers:           35564 kB
Cached:           309800 kB
MemTotal:        1844596 kB
MemFree:         1302692 kB
MemAvailable:    1529948 kB
Buffers:           35564 kB
Cached:           309800 kB
MemTotal:        1844596 kB
MemFree:         1301200 kB
MemAvailable:    1528456 kB
Buffers:           35564 kB
Cached:           309800 kB
MemTotal:        1844596 kB
MemFree:         1301444 kB
MemAvailable:    1528700 kB
Buffers:           35564 kB
Cached:           309800 kB
MemTotal:        1844596 kB
MemFree:         1302236 kB
MemAvailable:    1529492 kB
Buffers:           35564 kB
Cached:           309800 kB
MemTotal:        1844596 kB
MemFree:         1301632 kB
MemAvailable:    1528888 kB
Buffers:           35564 kB
Cached:           309800 kB
MemTotal:        1844596 kB
MemFree:         1301932 kB
MemAvailable:    1529188 kB
Buffers:           35564 kB
Cached:           309800 kB
MemTotal:        1844596 kB
MemFree:         1301632 kB
MemAvailable:    1528888 kB
Buffers:           35564 kB
Cached:           309800 kB
MemTotal:        1844596 kB
MemFree:         1300376 kB
MemAvailable:    1527632 kB
Buffers:           35564 kB
Cached:           309800 kB
MemTotal:        1844596 kB
MemFree:         1300592 kB
MemAvailable:    1527848 kB
Buffers:           35564 kB
Cached:           309800 kB
MemTotal:        1844596 kB
MemFree:         1300592 kB
MemAvailable:    1527848 kB
Buffers:           35564 kB
Cached:           309800 kB
MemTotal:        1844596 kB
MemFree:         1300460 kB
MemAvailable:    1527716 kB
Buffers:           35564 kB
Cached:           309800 kB
MemTotal:        1844596 kB
MemFree:         1300584 kB
MemAvailable:    1527840 kB
Buffers:           35564 kB
Cached:           309800 kB
MemTotal:        1844596 kB
MemFree:         1301824 kB
MemAvailable:    1529080 kB
Buffers:           35564 kB
Cached:           309800 kB
MemTotal:        1844596 kB
MemFree:         1301588 kB
MemAvailable:    1528844 kB
Buffers:           35564 kB
Cached:           309800 kB
MemTotal:        1844596 kB
MemFree:         1301376 kB
MemAvailable:    1528632 kB
Buffers:           35564 kB
Cached:           309800 kB
MemTotal:        1844596 kB
MemFree:         1301680 kB
MemAvailable:    1528936 kB
Buffers:           35564 kB
Cached:           309800 kB
MemTotal:        1844596 kB
MemFree:         1301756 kB
MemAvailable:    1529012 kB
Buffers:           35564 kB
Cached:           309800 kB
MemTotal:        1844596 kB
MemFree:         1300244 kB
MemAvailable:    1527500 kB
Buffers:           35564 kB
Cached:           309800 kB
MemTotal:        1844596 kB
MemFree:         1300376 kB
MemAvailable:    1527632 kB
Buffers:           35564 kB
Cached:           309800 kB
MemTotal:        1844596 kB
MemFree:         1300144 kB
MemAvailable:    1527400 kB
Buffers:           35564 kB
Cached:           309800 kB
MemTotal:        1844596 kB
MemFree:         1301220 kB
MemAvailable:    1528476 kB
Buffers:           35564 kB
Cached:           309800 kB
MemTotal:        1844596 kB
MemFree:         1301080 kB
MemAvailable:    1528336 kB
Buffers:           35564 kB
Cached:           309800 kB
MemTotal:        1844596 kB
MemFree:         1300832 kB
MemAvailable:    1528088 kB
Buffers:           35564 kB
Cached:           309800 kB
MemTotal:        1844596 kB
MemFree:         1299628 kB
MemAvailable:    1526884 kB
Buffers:           35564 kB
Cached:           309800 kB
MemTotal:        1844596 kB
MemFree:         1299624 kB
MemAvailable:    1526880 kB
Buffers:           35564 kB
Cached:           309800 kB
MemTotal:        1844596 kB
MemFree:         1300996 kB
MemAvailable:    1528252 kB
Buffers:           35564 kB
Cached:           309800 kB
MemTotal:        1844596 kB
MemFree:         1299488 kB
MemAvailable:    1526744 kB
Buffers:           35564 kB
Cached:           309800 kB
MemTotal:        1844596 kB
MemFree:         1300872 kB
MemAvailable:    1528128 kB
Buffers:           35564 kB
Cached:           309800 kB
MemTotal:        1844596 kB
MemFree:         1301012 kB
MemAvailable:    1528268 kB
Buffers:           35564 kB
Cached:           309800 kB
MemTotal:        1844596 kB
MemFree:         1299516 kB
MemAvailable:    1526772 kB
Buffers:           35564 kB
Cached:           309800 kB
MemTotal:        1844596 kB
MemFree:         1299956 kB
MemAvailable:    1527212 kB
Buffers:           35564 kB
Cached:           309800 kB
MemTotal:        1844596 kB
MemFree:         1297540 kB
MemAvailable:    1524796 kB
Buffers:           35564 kB
Cached:           309800 kB
MemTotal:        1844596 kB
MemFree:         1294872 kB
MemAvailable:    1522128 kB
Buffers:           35564 kB
Cached:           309800 kB
MemTotal:        1844596 kB
MemFree:         1292208 kB
MemAvailable:    1519464 kB
Buffers:           35564 kB
Cached:           309800 kB
MemTotal:        1844596 kB
MemFree:         1292076 kB
MemAvailable:    1519332 kB
Buffers:           35564 kB
Cached:           309800 kB
MemTotal:        1844596 kB
MemFree:         1291828 kB
MemAvailable:    1519084 kB
Buffers:           35564 kB
Cached:           309800 kB
MemTotal:        1844596 kB
MemFree:         1291828 kB
MemAvailable:    1519084 kB
Buffers:           35564 kB
Cached:           309800 kB
MemTotal:        1844596 kB
MemFree:         1291704 kB
MemAvailable:    1518960 kB
Buffers:           35564 kB
Cached:           309800 kB
MemTotal:        1844596 kB
MemFree:         1292888 kB
MemAvailable:    1520144 kB
Buffers:           35564 kB
Cached:           309800 kB
MemTotal:        1844596 kB
MemFree:         1292872 kB
MemAvailable:    1520128 kB
Buffers:           35564 kB
Cached:           309800 kB
MemTotal:        1844596 kB
MemFree:         1291796 kB
MemAvailable:    1519060 kB
Buffers:           35564 kB
Cached:           309808 kB
MemTotal:        1844596 kB
MemFree:         1291708 kB
MemAvailable:    1518972 kB
Buffers:           35564 kB
Cached:           309808 kB
MemTotal:        1844596 kB
MemFree:         1291700 kB
MemAvailable:    1518964 kB
Buffers:           35564 kB
Cached:           309808 kB
MemTotal:        1844596 kB
MemFree:         1291596 kB
MemAvailable:    1518860 kB
Buffers:           35564 kB
Cached:           309808 kB
MemTotal:        1844596 kB
MemFree:         1292696 kB
MemAvailable:    1519960 kB
Buffers:           35564 kB
Cached:           309808 kB
MemTotal:        1844596 kB
MemFree:         1292548 kB
MemAvailable:    1519812 kB
Buffers:           35564 kB
Cached:           309808 kB
MemTotal:        1844596 kB
MemFree:         1292712 kB
MemAvailable:    1519976 kB
Buffers:           35564 kB
Cached:           309808 kB
MemTotal:        1844596 kB
MemFree:         1291424 kB
MemAvailable:    1518688 kB
Buffers:           35564 kB
Cached:           309808 kB
MemTotal:        1844596 kB
MemFree:         1292340 kB
MemAvailable:    1519604 kB
Buffers:           35564 kB
Cached:           309808 kB
MemTotal:        1844596 kB
MemFree:         1290604 kB
MemAvailable:    1517868 kB
Buffers:           35564 kB
Cached:           309808 kB
MemTotal:        1844596 kB
MemFree:         1291464 kB
MemAvailable:    1518728 kB
Buffers:           35564 kB
Cached:           309808 kB
MemTotal:        1844596 kB
MemFree:         1289844 kB
MemAvailable:    1517108 kB
Buffers:           35564 kB
Cached:           309808 kB
MemTotal:        1844596 kB
MemFree:         1289924 kB
MemAvailable:    1517188 kB
Buffers:           35564 kB
Cached:           309808 kB
MemTotal:        1844596 kB
MemFree:         1290768 kB
MemAvailable:    1518032 kB
Buffers:           35564 kB
Cached:           309808 kB
MemTotal:        1844596 kB
MemFree:         1290604 kB
MemAvailable:    1517868 kB
Buffers:           35564 kB
Cached:           309808 kB
MemTotal:        1844596 kB
MemFree:         1290100 kB
MemAvailable:    1517364 kB
Buffers:           35564 kB
Cached:           309808 kB
MemTotal:        1844596 kB
MemFree:         1289932 kB
MemAvailable:    1517196 kB
Buffers:           35564 kB
Cached:           309808 kB
MemTotal:        1844596 kB
MemFree:         1289612 kB
MemAvailable:    1516876 kB
Buffers:           35564 kB
Cached:           309808 kB
MemTotal:        1844596 kB
MemFree:         1288240 kB
MemAvailable:    1515504 kB
Buffers:           35564 kB
Cached:           309808 kB
MemTotal:        1844596 kB
MemFree:         1289476 kB
MemAvailable:    1516740 kB
Buffers:           35564 kB
Cached:           309808 kB
MemTotal:        1844596 kB
MemFree:         1289112 kB
MemAvailable:    1516376 kB
Buffers:           35564 kB
Cached:           309808 kB
MemTotal:        1844596 kB
MemFree:         1289044 kB
MemAvailable:    1516308 kB
Buffers:           35564 kB
Cached:           309808 kB
MemTotal:        1844596 kB
MemFree:         1287796 kB
MemAvailable:    1515060 kB
Buffers:           35564 kB
Cached:           309808 kB
MemTotal:        1844596 kB
MemFree:         1287708 kB
MemAvailable:    1514972 kB
Buffers:           35564 kB
Cached:           309808 kB
MemTotal:        1844596 kB
MemFree:         1287708 kB
MemAvailable:    1514972 kB
Buffers:           35564 kB
Cached:           309808 kB
MemTotal:        1844596 kB
MemFree:         1288992 kB
MemAvailable:    1516256 kB
Buffers:           35564 kB
Cached:           309808 kB
MemTotal:        1844596 kB
MemFree:         1287704 kB
MemAvailable:    1514968 kB
Buffers:           35564 kB
Cached:           309808 kB
MemTotal:        1844596 kB
MemFree:         1288356 kB
MemAvailable:    1515620 kB
Buffers:           35564 kB
Cached:           309808 kB
MemTotal:        1844596 kB
MemFree:         1288440 kB
MemAvailable:    1515704 kB
Buffers:           35564 kB
Cached:           309808 kB
MemTotal:        1844596 kB
MemFree:         1286820 kB
MemAvailable:    1514084 kB
Buffers:           35564 kB
Cached:           309808 kB
MemTotal:        1844596 kB
MemFree:         1281040 kB
MemAvailable:    1508304 kB
Buffers:           35564 kB
Cached:           309808 kB
MemTotal:        1844596 kB
MemFree:         1280684 kB
MemAvailable:    1507948 kB
Buffers:           35564 kB
Cached:           309808 kB
MemTotal:        1844596 kB
MemFree:         1281028 kB
MemAvailable:    1508292 kB
Buffers:           35564 kB
Cached:           309808 kB
MemTotal:        1844596 kB
MemFree:         1280932 kB
MemAvailable:    1508196 kB
Buffers:           35564 kB
Cached:           309808 kB
MemTotal:        1844596 kB
MemFree:         1280860 kB
MemAvailable:    1508124 kB
Buffers:           35564 kB
Cached:           309808 kB
MemTotal:        1844596 kB
MemFree:         1281196 kB
MemAvailable:    1508460 kB
Buffers:           35564 kB
Cached:           309808 kB
MemTotal:        1844596 kB
MemFree:         1283068 kB
MemAvailable:    1510332 kB
Buffers:           35564 kB
Cached:           309808 kB
MemTotal:        1844596 kB
MemFree:         1281796 kB
MemAvailable:    1509060 kB
Buffers:           35564 kB
Cached:           309808 kB
MemTotal:        1844596 kB
MemFree:         1281420 kB
MemAvailable:    1508768 kB
Buffers:           35564 kB
Cached:           309932 kB
MemTotal:        1844596 kB
MemFree:         1282536 kB
MemAvailable:    1510052 kB
Buffers:           35564 kB
Cached:           310056 kB
MemTotal:        1844596 kB
MemFree:         1281164 kB
MemAvailable:    1508764 kB
Buffers:           35564 kB
Cached:           310180 kB
MemTotal:        1844596 kB
MemFree:         1282100 kB
MemAvailable:    1509868 kB
Buffers:           35564 kB
Cached:           310304 kB
MemTotal:        1844596 kB
MemFree:         1280800 kB
MemAvailable:    1508568 kB
Buffers:           35564 kB
Cached:           310428 kB
MemTotal:        1844596 kB
MemFree:         1280684 kB
MemAvailable:    1508536 kB
Buffers:           35564 kB
Cached:           310428 kB
MemTotal:        1844596 kB
MemFree:         1281924 kB
MemAvailable:    1509776 kB
Buffers:           35564 kB
Cached:           310428 kB
MemTotal:        1844596 kB
MemFree:         1280808 kB
MemAvailable:    1508660 kB
Buffers:           35564 kB
Cached:           310428 kB
MemTotal:        1844596 kB
MemFree:         1281916 kB
MemAvailable:    1509768 kB
Buffers:           35564 kB
Cached:           310428 kB
MemTotal:        1844596 kB
MemFree:         1281916 kB
MemAvailable:    1509768 kB
Buffers:           35564 kB
Cached:           310428 kB
MemTotal:        1844596 kB
MemFree:         1281860 kB
MemAvailable:    1509712 kB
Buffers:           35564 kB
Cached:           310428 kB
MemTotal:        1844596 kB
MemFree:         1281868 kB
MemAvailable:    1509720 kB
Buffers:           35564 kB
Cached:           310428 kB
MemTotal:        1844596 kB
MemFree:         1281924 kB
MemAvailable:    1509776 kB
Buffers:           35564 kB
Cached:           310428 kB
MemTotal:        1844596 kB
MemFree:         1282372 kB
MemAvailable:    1509636 kB
Buffers:           35564 kB
Cached:           309796 kB
MemTotal:        1844596 kB
MemFree:         1346856 kB
MemAvailable:    1574120 kB
Buffers:           35564 kB
Cached:           309796 kB
