MemTotal:        1844596 kB
MemFree:         1259608 kB
MemAvailable:    1566020 kB
Buffers:           46608 kB
Cached:           376560 kB
MemTotal:        1844596 kB
MemFree:         1233964 kB
MemAvailable:    1540380 kB
Buffers:           46608 kB
Cached:           376564 kB
MemTotal:        1844596 kB
MemFree:         1231180 kB
MemAvailable:    1537596 kB
Buffers:           46608 kB
Cached:           376564 kB
MemTotal:        1844596 kB
MemFree:         1230252 kB
MemAvailable:    1536668 kB
Buffers:           46608 kB
Cached:           376564 kB
MemTotal:        1844596 kB
MemFree:         1228476 kB
MemAvailable:    1534892 kB
Buffers:           46608 kB
Cached:           376564 kB
MemTotal:        1844596 kB
MemFree:         1228376 kB
MemAvailable:    1534792 kB
Buffers:           46608 kB
Cached:           376564 kB
MemTotal:        1844596 kB
MemFree:         1228144 kB
MemAvailable:    1534560 kB
Buffers:           46608 kB
Cached:           376564 kB
MemTotal:        1844596 kB
MemFree:         1226036 kB
MemAvailable:    1532452 kB
Buffers:           46608 kB
Cached:           376564 kB
MemTotal:        1844596 kB
MemFree:         1222176 kB
MemAvailable:    1528592 kB
Buffers:           46608 kB
Cached:           376564 kB
MemTotal:        1844596 kB
MemFree:         1221820 kB
MemAvailable:    1528236 kB
Buffers:           46608 kB
Cached:           376564 kB
MemTotal:        1844596 kB
MemFree:         1218304 kB
MemAvailable:    1524720 kB
Buffers:           46608 kB
Cached:           376564 kB
MemTotal:        1844596 kB
MemFree:         1218640 kB
MemAvailable:    1525056 kB
Buffers:           46608 kB
Cached:           376564 kB
MemTotal:        1844596 kB
MemFree:         1218580 kB
MemAvailable:    1524996 kB
Buffers:           46608 kB
Cached:           376564 kB
MemTotal:        1844596 kB
MemFree:         1218596 kB
MemAvailable:    1525012 kB
Buffers:           46608 kB
Cached:           376564 kB
MemTotal:        1844596 kB
MemFree:         1218540 kB
MemAvailable:    1524956 kB
Buffers:           46608 kB
Cached:           376564 kB
MemTotal:        1844596 kB
MemFree:         1217604 kB
MemAvailable:    1524020 kB
Buffers:           46608 kB
Cached:           376564 kB
MemTotal:        1844596 kB
MemFree:         1218196 kB
MemAvailable:    1524612 kB
Buffers:           46608 kB
Cached:           376564 kB
MemTotal:        1844596 kB
MemFree:         1217728 kB
MemAvailable:    1524144 kB
Buffers:           46608 kB
Cached:           376564 kB
MemTotal:        1844596 kB
MemFree:         1217232 kB
MemAvailable:    1523648 kB
Buffers:           46608 kB
Cached:           376564 kB
MemTotal:        1844596 kB
MemFree:         1215496 kB
MemAvailable:    1521912 kB
Buffers:           46608 kB
Cached:           376564 kB
MemTotal:        1844596 kB
MemFree:         1215372 kB
MemAvailable:    1521788 kB
Buffers:           46608 kB
Cached:           376564 kB
MemTotal:        1844596 kB
MemFree:         1215364 kB
MemAvailable:    1521780 kB
Buffers:           46608 kB
Cached:           376564 kB
MemTotal:        1844596 kB
MemFree:         1215124 kB
MemAvailable:    1521540 kB
Buffers:           46608 kB
Cached:           376564 kB
MemTotal:        1844596 kB
MemFree:         1215116 kB
MemAvailable:    1521532 kB
Buffers:           46608 kB
Cached:           376564 kB
MemTotal:        1844596 kB
MemFree:         1216092 kB
MemAvailable:    1522508 kB
Buffers:           46608 kB
Cached:           376564 kB
MemTotal:        1844596 kB
MemFree:         1216344 kB
MemAvailable:    1522760 kB
Buffers:           46608 kB
Cached:           376564 kB
MemTotal:        1844596 kB
MemFree:         1216036 kB
MemAvailable:    1522452 kB
Buffers:           46608 kB
Cached:           376564 kB
MemTotal:        1844596 kB
MemFree:         1216284 kB
MemAvailable:    1522700 kB
Buffers:           46608 kB
Cached:           376564 kB
MemTotal:        1844596 kB
MemFree:         1216720 kB
MemAvailable:    1523136 kB
Buffers:           46608 kB
Cached:           376564 kB
MemTotal:        1844596 kB
MemFree:         1216684 kB
MemAvailable:    1523100 kB
Buffers:           46608 kB
Cached:           376564 kB
MemTotal:        1844596 kB
MemFree:         1214068 kB
MemAvailable:    1520484 kB
Buffers:           46608 kB
Cached:           376564 kB
MemTotal:        1844596 kB
MemFree:         1213620 kB
MemAvailable:    1520036 kB
Buffers:           46608 kB
Cached:           376564 kB
MemTotal:        1844596 kB
MemFree:         1213748 kB
MemAvailable:    1520164 kB
Buffers:           46608 kB
Cached:           376564 kB
MemTotal:        1844596 kB
MemFree:         1211636 kB
MemAvailable:    1518052 kB
Buffers:           46608 kB
Cached:           376564 kB
MemTotal:        1844596 kB
MemFree:         1211032 kB
MemAvailable:    1517448 kB
Buffers:           46608 kB
Cached:           376564 kB
MemTotal:        1844596 kB
MemFree:         1211032 kB
MemAvailable:    1517448 kB
Buffers:           46608 kB
Cached:           376564 kB
MemTotal:        1844596 kB
MemFree:         1212256 kB
MemAvailable:    1518672 kB
Buffers:           46608 kB
Cached:           376564 kB
MemTotal:        1844596 kB
MemFree:         1211752 kB
MemAvailable:    1518168 kB
Buffers:           46608 kB
Cached:           376564 kB
MemTotal:        1844596 kB
MemFree:         1210472 kB
MemAvailable:    1516888 kB
Buffers:           46608 kB
Cached:           376564 kB
MemTotal:        1844596 kB
MemFree:         1210632 kB
MemAvailable:    1517048 kB
Buffers:           46608 kB
Cached:           376564 kB
MemTotal:        1844596 kB
MemFree:         1211512 kB
MemAvailable:    1517928 kB
Buffers:           46608 kB
Cached:           376564 kB
MemTotal:        1844596 kB
MemFree:         1211764 kB
MemAvailable:    1518180 kB
Buffers:           46608 kB
Cached:           376564 kB
MemTotal:        1844596 kB
MemFree:         1211280 kB
MemAvailable:    1517696 kB
Buffers:           46608 kB
Cached:           376564 kB
MemTotal:        1844596 kB
MemFree:         1211376 kB
MemAvailable:    1517792 kB
Buffers:           46608 kB
Cached:           376564 kB
MemTotal:        1844596 kB
MemFree:         1209652 kB
MemAvailable:    1516068 kB
Buffers:           46608 kB
Cached:           376564 kB
MemTotal:        1844596 kB
MemFree:         1209652 kB
MemAvailable:    1516068 kB
Buffers:           46608 kB
Cached:           376564 kB
MemTotal:        1844596 kB
MemFree:         1210852 kB
MemAvailable:    1517268 kB
Buffers:           46608 kB
Cached:           376564 kB
MemTotal:        1844596 kB
MemFree:         1210908 kB
MemAvailable:    1517324 kB
Buffers:           46608 kB
Cached:           376564 kB
MemTotal:        1844596 kB
MemFree:         1210712 kB
MemAvailable:    1517128 kB
Buffers:           46608 kB
Cached:           376564 kB
MemTotal:        1844596 kB
MemFree:         1211048 kB
MemAvailable:    1517464 kB
Buffers:           46608 kB
Cached:           376564 kB
MemTotal:        1844596 kB
MemFree:         1209640 kB
MemAvailable:    1516056 kB
Buffers:           46608 kB
Cached:           376564 kB
MemTotal:        1844596 kB
MemFree:         1211032 kB
MemAvailable:    1517448 kB
Buffers:           46608 kB
Cached:           376564 kB
MemTotal:        1844596 kB
MemFree:         1209472 kB
MemAvailable:    1515888 kB
Buffers:           46608 kB
Cached:           376564 kB
MemTotal:        1844596 kB
MemFree:         1209588 kB
MemAvailable:    1516004 kB
Buffers:           46608 kB
Cached:           376564 kB
MemTotal:        1844596 kB
MemFree:         1209208 kB
MemAvailable:    1515624 kB
Buffers:           46608 kB
Cached:           376564 kB
MemTotal:        1844596 kB
MemFree:         1210660 kB
MemAvailable:    1517076 kB
Buffers:           46608 kB
Cached:           376564 kB
MemTotal:        1844596 kB
MemFree:         1210264 kB
MemAvailable:    1516680 kB
Buffers:           46608 kB
Cached:           376564 kB
MemTotal:        1844596 kB
MemFree:         1210348 kB
MemAvailable:    1516764 kB
Buffers:           46608 kB
Cached:           376564 kB
MemTotal:        1844596 kB
MemFree:         1208720 kB
MemAvailable:    1515136 kB
Buffers:           46608 kB
Cached:           376564 kB
MemTotal:        1844596 kB
MemFree:         1210004 kB
MemAvailable:    1516420 kB
Buffers:           46608 kB
Cached:           376564 kB
MemTotal:        1844596 kB
MemFree:         1210164 kB
MemAvailable:    1516580 kB
Buffers:           46608 kB
Cached:           376564 kB
MemTotal:        1844596 kB
MemFree:         1210060 kB
MemAvailable:    1516476 kB
Buffers:           46608 kB
Cached:           376564 kB
MemTotal:        1844596 kB
MemFree:         1209984 kB
MemAvailable:    1516400 kB
Buffers:           46608 kB
Cached:           376564 kB
MemTotal:        1844596 kB
MemFree:         1210236 kB
MemAvailable:    1516652 kB
Buffers:           46608 kB
Cached:           376564 kB
MemTotal:        1844596 kB
MemFree:         1209984 kB
MemAvailable:    1516400 kB
Buffers:           46608 kB
Cached:           376564 kB
MemTotal:        1844596 kB
MemFree:         1208780 kB
MemAvailable:    1515196 kB
Buffers:           46608 kB
Cached:           376564 kB
MemTotal:        1844596 kB
MemFree:         1208780 kB
MemAvailable:    1515196 kB
Buffers:           46608 kB
Cached:           376564 kB
MemTotal:        1844596 kB
MemFree:         1207560 kB
MemAvailable:    1513976 kB
Buffers:           46608 kB
Cached:           376564 kB
MemTotal:        1844596 kB
MemFree:         1205328 kB
MemAvailable:    1511744 kB
Buffers:           46608 kB
Cached:           376564 kB
MemTotal:        1844596 kB
MemFree:         1203096 kB
MemAvailable:    1509512 kB
Buffers:           46608 kB
Cached:           376564 kB
MemTotal:        1844596 kB
MemFree:         1202460 kB
MemAvailable:    1508876 kB
Buffers:           46608 kB
Cached:           376564 kB
MemTotal:        1844596 kB
MemFree:         1202352 kB
MemAvailable:    1508768 kB
Buffers:           46608 kB
Cached:           376564 kB
MemTotal:        1844596 kB
MemFree:         1202232 kB
MemAvailable:    1508648 kB
Buffers:           46608 kB
Cached:           376564 kB
MemTotal:        1844596 kB
MemFree:         1201056 kB
MemAvailable:    1507472 kB
Buffers:           46608 kB
Cached:           376564 kB
MemTotal:        1844596 kB
MemFree:         1202524 kB
MemAvailable:    1508940 kB
Buffers:           46608 kB
Cached:           376564 kB
MemTotal:        1844596 kB
MemFree:         1200916 kB
MemAvailable:    1507332 kB
Buffers:           46608 kB
Cached:           376564 kB
MemTotal:        1844596 kB
MemFree:         1201112 kB
MemAvailable:    1507536 kB
Buffers:           46608 kB
Cached:           376572 kB
MemTotal:        1844596 kB
MemFree:         1200980 kB
MemAvailable:    1507404 kB
Buffers:           46608 kB
Cached:           376572 kB
MemTotal:        1844596 kB
MemFree:         1200856 kB
MemAvailable:    1507280 kB
Buffers:           46608 kB
Cached:           376572 kB
MemTotal:        1844596 kB
MemFree:         1202144 kB
MemAvailable:    1508568 kB
Buffers:           46608 kB
Cached:           376572 kB
MemTotal:        1844596 kB
MemFree:         1201236 kB
MemAvailable:    1507660 kB
Buffers:           46608 kB
Cached:           376572 kB
MemTotal:        1844596 kB
MemFree:         1202152 kB
MemAvailable:    1508576 kB
Buffers:           46608 kB
Cached:           376572 kB
MemTotal:        1844596 kB
MemFree:         1200864 kB
MemAvailable:    1507288 kB
Buffers:           46608 kB
Cached:           376572 kB
MemTotal:        1844596 kB
MemFree:         1201840 kB
MemAvailable:    1508264 kB
Buffers:           46608 kB
Cached:           376572 kB
MemTotal:        1844596 kB
MemFree:         1201732 kB
MemAvailable:    1508156 kB
Buffers:           46608 kB
Cached:           376572 kB
MemTotal:        1844596 kB
MemFree:         1201528 kB
MemAvailable:    1507952 kB
Buffers:           46608 kB
Cached:           376572 kB
MemTotal:        1844596 kB
MemFree:         1201172 kB
MemAvailable:    1507596 kB
Buffers:           46608 kB
Cached:           376572 kB
MemTotal:        1844596 kB
MemFree:         1199872 kB
MemAvailable:    1506296 kB
Buffers:           46608 kB
Cached:           376572 kB
MemTotal:        1844596 kB
MemFree:         1200352 kB
MemAvailable:    1506776 kB
Buffers:           46608 kB
Cached:           376572 kB
MemTotal:        1844596 kB
MemFree:         1200604 kB
MemAvailable:    1507028 kB
Buffers:           46608 kB
Cached:           376572 kB
MemTotal:        1844596 kB
MemFree:         1198872 kB
MemAvailable:    1505296 kB
Buffers:           46608 kB
Cached:           376572 kB
MemTotal:        1844596 kB
MemFree:         1197840 kB
MemAvailable:    1504264 kB
Buffers:           46608 kB
Cached:           376572 kB
MemTotal:        1844596 kB
MemFree:         1199128 kB
MemAvailable:    1505552 kB
Buffers:           46608 kB
Cached:           376572 kB
MemTotal:        1844596 kB
MemFree:         1198632 kB
MemAvailable:    1505056 kB
Buffers:           46608 kB
Cached:           376572 kB
MemTotal:        1844596 kB
MemFree:         1198320 kB
MemAvailable:    1504744 kB
Buffers:           46608 kB
Cached:           376572 kB
MemTotal:        1844596 kB
MemFree:         1197764 kB
MemAvailable:    1504188 kB
Buffers:           46608 kB
Cached:           376572 kB
MemTotal:        1844596 kB
MemFree:         1198556 kB
MemAvailable:    1504980 kB
Buffers:           46608 kB
Cached:           376572 kB
MemTotal:        1844596 kB
MemFree:         1197116 kB
MemAvailable:    1503540 kB
Buffers:           46608 kB
Cached:           376572 kB
MemTotal:        1844596 kB
MemFree:         1198296 kB
MemAvailable:    1504720 kB
Buffers:           46608 kB
Cached:           376572 kB
MemTotal:        1844596 kB
MemFree:         1198288 kB
MemAvailable:    1504712 kB
Buffers:           46608 kB
Cached:           376572 kB
MemTotal:        1844596 kB
MemFree:         1196856 kB
MemAvailable:    1503280 kB
Buffers:           46608 kB
Cached:           376572 kB
MemTotal:        1844596 kB
MemFree:         1198156 kB
MemAvailable:    1504580 kB
Buffers:           46608 kB
Cached:           376572 kB
MemTotal:        1844596 kB
MemFree:         1196884 kB
MemAvailable:    1503308 kB
Buffers:           46608 kB
Cached:           376572 kB
MemTotal:        1844596 kB
MemFree:         1197016 kB
MemAvailable:    1503440 kB
Buffers:           46608 kB
Cached:           376572 kB
MemTotal:        1844596 kB
MemFree:         1197500 kB
MemAvailable:    1503924 kB
Buffers:           46608 kB
Cached:           376572 kB
MemTotal:        1844596 kB
MemFree:         1197516 kB
MemAvailable:    1503940 kB
Buffers:           46608 kB
Cached:           376572 kB
MemTotal:        1844596 kB
MemFree:         1196508 kB
MemAvailable:    1502932 kB
Buffers:           46608 kB
Cached:           376572 kB
MemTotal:        1844596 kB
MemFree:         1190508 kB
MemAvailable:    1496932 kB
Buffers:           46608 kB
Cached:           376572 kB
MemTotal:        1844596 kB
MemFree:         1189580 kB
MemAvailable:    1496004 kB
Buffers:           46608 kB
Cached:           376572 kB
MemTotal:        1844596 kB
MemFree:         1190240 kB
MemAvailable:    1496664 kB
Buffers:           46608 kB
Cached:           376572 kB
MemTotal:        1844596 kB
MemFree:         1188940 kB
MemAvailable:    1495364 kB
Buffers:           46608 kB
Cached:           376572 kB
MemTotal:        1844596 kB
MemFree:         1190184 kB
MemAvailable:    1496608 kB
Buffers:           46608 kB
Cached:           376572 kB
MemTotal:        1844596 kB
MemFree:         1190436 kB
MemAvailable:    1496860 kB
Buffers:           46608 kB
Cached:           376572 kB
MemTotal:        1844596 kB
MemFree:         1192104 kB
MemAvailable:    1498528 kB
Buffers:           46608 kB
Cached:           376572 kB
MemTotal:        1844596 kB
MemFree:         1192184 kB
MemAvailable:    1498608 kB
Buffers:           46608 kB
Cached:           376572 kB
MemTotal:        1844596 kB
MemFree:         1191548 kB
MemAvailable:    1498056 kB
Buffers:           46608 kB
Cached:           376696 kB
MemTotal:        1844596 kB
MemFree:         1191800 kB
MemAvailable:    1498308 kB
Buffers:           46608 kB
Cached:           376696 kB
MemTotal:        1844596 kB
MemFree:         1191428 kB
MemAvailable:    1498104 kB
Buffers:           46608 kB
Cached:           376820 kB
MemTotal:        1844596 kB
MemFree:         1191356 kB
MemAvailable:    1498116 kB
Buffers:           46608 kB
Cached:           376944 kB
MemTotal:        1844596 kB
MemFree:         1190200 kB
MemAvailable:    1497044 kB
Buffers:           46608 kB
Cached:           377068 kB
MemTotal:        1844596 kB
MemFree:         1191012 kB
MemAvailable:    1497944 kB
Buffers:           46608 kB
Cached:           377196 kB
MemTotal:        1844596 kB
MemFree:         1191068 kB
MemAvailable:    1498000 kB
Buffers:           46608 kB
Cached:           377196 kB
MemTotal:        1844596 kB
MemFree:         1190948 kB
MemAvailable:    1497964 kB
Buffers:           46608 kB
Cached:           377196 kB
MemTotal:        1844596 kB
MemFree:         1189516 kB
MemAvailable:    1496532 kB
Buffers:           46608 kB
Cached:           377196 kB
MemTotal:        1844596 kB
MemFree:         1191004 kB
MemAvailable:    1498020 kB
Buffers:           46608 kB
Cached:           377196 kB
MemTotal:        1844596 kB
MemFree:         1190868 kB
MemAvailable:    1497884 kB
Buffers:           46608 kB
Cached:           377196 kB
MemTotal:        1844596 kB
MemFree:         1191036 kB
MemAvailable:    1498052 kB
Buffers:           46608 kB
Cached:           377196 kB
MemTotal:        1844596 kB
MemFree:         1189684 kB
MemAvailable:    1496700 kB
Buffers:           46608 kB
Cached:           377196 kB
MemTotal:        1844596 kB
MemFree:         1190796 kB
MemAvailable:    1497224 kB
Buffers:           46608 kB
Cached:           376564 kB
MemTotal:        1844596 kB
MemFree:         1191092 kB
MemAvailable:    1497520 kB
Buffers:           46608 kB
Cached:           376564 kB
MemTotal:        1844596 kB
MemFree:         1257832 kB
MemAvailable:    1564260 kB
Buffers:           46608 kB
Cached:           376564 kB
