MemTotal:        1844596 kB
MemFree:         1300588 kB
MemAvailable:    1570740 kB
Buffers:           41640 kB
Cached:           348008 kB
MemTotal:        1844596 kB
MemFree:         1273324 kB
MemAvailable:    1543480 kB
Buffers:           41640 kB
Cached:           348012 kB
MemTotal:        1844596 kB
MemFree:         1269432 kB
MemAvailable:    1539588 kB
Buffers:           41640 kB
Cached:           348012 kB
MemTotal:        1844596 kB
MemFree:         1269348 kB
MemAvailable:    1539504 kB
Buffers:           41640 kB
Cached:           348012 kB
MemTotal:        1844596 kB
MemFree:         1269596 kB
MemAvailable:    1539752 kB
Buffers:           41640 kB
Cached:           348012 kB
MemTotal:        1844596 kB
MemFree:         1270048 kB
MemAvailable:    1540204 kB
Buffers:           41640 kB
Cached:           348012 kB
MemTotal:        1844596 kB
MemFree:         1268612 kB
MemAvailable:    1538768 kB
Buffers:           41640 kB
Cached:           348012 kB
MemTotal:        1844596 kB
MemFree:         1266628 kB
MemAvailable:    1536784 kB
Buffers:           41640 kB
Cached:           348012 kB
MemTotal:        1844596 kB
MemFree:         1264024 kB
MemAvailable:    1534180 kB
Buffers:           41640 kB
Cached:           348012 kB
MemTotal:        1844596 kB
MemFree:         1262792 kB
MemAvailable:    1532948 kB
Buffers:           41640 kB
Cached:           348012 kB
MemTotal:        1844596 kB
MemFree:         1258536 kB
MemAvailable:    1528692 kB
Buffers:           41640 kB
Cached:           348012 kB
MemTotal:        1844596 kB
MemFree:         1258296 kB
MemAvailable:    1528452 kB
Buffers:           41640 kB
Cached:           348012 kB
MemTotal:        1844596 kB
MemFree:         1258444 kB
MemAvailable:    1528600 kB
Buffers:           41640 kB
Cached:           348012 kB
MemTotal:        1844596 kB
MemFree:         1259628 kB
MemAvailable:    1529784 kB
Buffers:           41640 kB
Cached:           348012 kB
MemTotal:        1844596 kB
MemFree:         1258700 kB
MemAvailable:    1528856 kB
Buffers:           41640 kB
Cached:           348012 kB
MemTotal:        1844596 kB
MemFree:         1258576 kB
MemAvailable:    1528732 kB
Buffers:           41640 kB
Cached:           348012 kB
MemTotal:        1844596 kB
MemFree:         1259240 kB
MemAvailable:    1529396 kB
Buffers:           41640 kB
Cached:           348012 kB
MemTotal:        1844596 kB
MemFree:         1258016 kB
MemAvailable:    1528172 kB
Buffers:           41640 kB
Cached:           348012 kB
MemTotal:        1844596 kB
MemFree:         1257320 kB
MemAvailable:    1527476 kB
Buffers:           41640 kB
Cached:           348012 kB
MemTotal:        1844596 kB
MemFree:         1256964 kB
MemAvailable:    1527120 kB
Buffers:           41640 kB
Cached:           348012 kB
MemTotal:        1844596 kB
MemFree:         1257272 kB
MemAvailable:    1527428 kB
Buffers:           41640 kB
Cached:           348012 kB
MemTotal:        1844596 kB
MemFree:         1255952 kB
MemAvailable:    1526108 kB
Buffers:           41640 kB
Cached:           348012 kB
MemTotal:        1844596 kB
MemFree:         1256072 kB
MemAvailable:    1526228 kB
Buffers:           41640 kB
Cached:           348012 kB
MemTotal:        1844596 kB
MemFree:         1257200 kB
MemAvailable:    1527356 kB
Buffers:           41640 kB
Cached:           348012 kB
MemTotal:        1844596 kB
MemFree:         1257328 kB
MemAvailable:    1527484 kB
Buffers:           41640 kB
Cached:           348012 kB
MemTotal:        1844596 kB
MemFree:         1257212 kB
MemAvailable:    1527368 kB
Buffers:           41640 kB
Cached:           348012 kB
MemTotal:        1844596 kB
MemFree:         1258500 kB
MemAvailable:    1528656 kB
Buffers:           41640 kB
Cached:           348012 kB
MemTotal:        1844596 kB
MemFree:         1258576 kB
MemAvailable:    1528732 kB
Buffers:           41640 kB
Cached:           348012 kB
MemTotal:        1844596 kB
MemFree:         1258064 kB
MemAvailable:    1528220 kB
Buffers:           41640 kB
Cached:           348012 kB
MemTotal:        1844596 kB
MemFree:         1257212 kB
MemAvailable:    1527368 kB
Buffers:           41640 kB
Cached:           348012 kB
MemTotal:        1844596 kB
MemFree:         1256032 kB
MemAvailable:    1526188 kB
Buffers:           41640 kB
Cached:           348012 kB
MemTotal:        1844596 kB
MemFree:         1255104 kB
MemAvailable:    1525260 kB
Buffers:           41640 kB
Cached:           348012 kB
MemTotal:        1844596 kB
MemFree:         1253616 kB
MemAvailable:    1523772 kB
Buffers:           41640 kB
Cached:           348012 kB
MemTotal:        1844596 kB
MemFree:         1254300 kB
MemAvailable:    1524456 kB
Buffers:           41640 kB
Cached:           348012 kB
MemTotal:        1844596 kB
MemFree:         1252864 kB
MemAvailable:    1523020 kB
Buffers:           41640 kB
Cached:           348012 kB
MemTotal:        1844596 kB
MemFree:         1253304 kB
MemAvailable:    1523460 kB
Buffers:           41640 kB
Cached:           348012 kB
MemTotal:        1844596 kB
MemFree:         1251964 kB
MemAvailable:    1522120 kB
Buffers:           41640 kB
Cached:           348012 kB
MemTotal:        1844596 kB
MemFree:         1251700 kB
MemAvailable:    1521856 kB
Buffers:           41640 kB
Cached:           348012 kB
MemTotal:        1844596 kB
MemFree:         1253072 kB
MemAvailable:    1523228 kB
Buffers:           41640 kB
Cached:           348012 kB
MemTotal:        1844596 kB
MemFree:         1252928 kB
MemAvailable:    1523084 kB
Buffers:           41640 kB
Cached:           348012 kB
MemTotal:        1844596 kB
MemFree:         1253180 kB
MemAvailable:    1523336 kB
Buffers:           41640 kB
Cached:           348012 kB
MemTotal:        1844596 kB
MemFree:         1252940 kB
MemAvailable:    1523096 kB
Buffers:           41640 kB
Cached:           348012 kB
MemTotal:        1844596 kB
MemFree:         1252544 kB
MemAvailable:    1522700 kB
Buffers:           41640 kB
Cached:           348012 kB
MemTotal:        1844596 kB
MemFree:         1252696 kB
MemAvailable:    1522852 kB
Buffers:           41640 kB
Cached:           348012 kB
MemTotal:        1844596 kB
MemFree:         1251004 kB
MemAvailable:    1521160 kB
Buffers:           41640 kB
Cached:           348012 kB
MemTotal:        1844596 kB
MemFree:         1251988 kB
MemAvailable:    1522144 kB
Buffers:           41640 kB
Cached:           348012 kB
MemTotal:        1844596 kB
MemFree:         1250964 kB
MemAvailable:    1521120 kB
Buffers:           41640 kB
Cached:           348012 kB
MemTotal:        1844596 kB
MemFree:         1252064 kB
MemAvailable:    1522220 kB
Buffers:           41640 kB
Cached:           348012 kB
MemTotal:        1844596 kB
MemFree:         1252016 kB
MemAvailable:    1522172 kB
Buffers:           41640 kB
Cached:           348012 kB
MemTotal:        1844596 kB
MemFree:         1250840 kB
MemAvailable:    1520996 kB
Buffers:           41640 kB
Cached:           348012 kB
MemTotal:        1844596 kB
MemFree:         1252328 kB
MemAvailable:    1522484 kB
Buffers:           41640 kB
Cached:           348012 kB
MemTotal:        1844596 kB
MemFree:         1252112 kB
MemAvailable:    1522268 kB
Buffers:           41640 kB
Cached:           348012 kB
MemTotal:        1844596 kB
MemFree:         1252252 kB
MemAvailable:    1522408 kB
Buffers:           41640 kB
Cached:           348012 kB
MemTotal:        1844596 kB
MemFree:         1251948 kB
MemAvailable:    1522104 kB
Buffers:           41640 kB
Cached:           348012 kB
MemTotal:        1844596 kB
MemFree:         1251260 kB
MemAvailable:    1521416 kB
Buffers:           41640 kB
Cached:           348012 kB
MemTotal:        1844596 kB
MemFree:         1251740 kB
MemAvailable:    1521900 kB
Buffers:           41640 kB
Cached:           348016 kB
MemTotal:        1844596 kB
MemFree:         1252076 kB
MemAvailable:    1522236 kB
Buffers:           41640 kB
Cached:           348016 kB
MemTotal:        1844596 kB
MemFree:         1251808 kB
MemAvailable:    1521968 kB
Buffers:           41640 kB
Cached:           348016 kB
MemTotal:        1844596 kB
MemFree:         1251368 kB
MemAvailable:    1521528 kB
Buffers:           41640 kB
Cached:           348016 kB
MemTotal:        1844596 kB
MemFree:         1251452 kB
MemAvailable:    1521612 kB
Buffers:           41640 kB
Cached:           348016 kB
MemTotal:        1844596 kB
MemFree:         1251180 kB
MemAvailable:    1521340 kB
Buffers:           41640 kB
Cached:           348016 kB
MemTotal:        1844596 kB
MemFree:         1250000 kB
MemAvailable:    1520164 kB
Buffers:           41640 kB
Cached:           348020 kB
MemTotal:        1844596 kB
MemFree:         1249828 kB
MemAvailable:    1519992 kB
Buffers:           41640 kB
Cached:           348020 kB
MemTotal:        1844596 kB
MemFree:         1249848 kB
MemAvailable:    1520012 kB
Buffers:           41640 kB
Cached:           348020 kB
MemTotal:        1844596 kB
MemFree:         1251268 kB
MemAvailable:    1521432 kB
Buffers:           41640 kB
Cached:           348020 kB
MemTotal:        1844596 kB
MemFree:         1249836 kB
MemAvailable:    1520000 kB
Buffers:           41640 kB
Cached:           348020 kB
MemTotal:        1844596 kB
MemFree:         1251136 kB
MemAvailable:    1521300 kB
Buffers:           41640 kB
Cached:           348020 kB
MemTotal:        1844596 kB
MemFree:         1250840 kB
MemAvailable:    1521004 kB
Buffers:           41640 kB
Cached:           348020 kB
MemTotal:        1844596 kB
MemFree:         1251176 kB
MemAvailable:    1521340 kB
Buffers:           41640 kB
Cached:           348020 kB
MemTotal:        1844596 kB
MemFree:         1247228 kB
MemAvailable:    1517392 kB
Buffers:           41640 kB
Cached:           348020 kB
MemTotal:        1844596 kB
MemFree:         1243076 kB
MemAvailable:    1513240 kB
Buffers:           41640 kB
Cached:           348020 kB
MemTotal:        1844596 kB
MemFree:         1242448 kB
MemAvailable:    1512612 kB
Buffers:           41640 kB
Cached:           348020 kB
MemTotal:        1844596 kB
MemFree:         1242020 kB
MemAvailable:    1512184 kB
Buffers:           41640 kB
Cached:           348020 kB
MemTotal:        1844596 kB
MemFree:         1242200 kB
MemAvailable:    1512364 kB
Buffers:           41640 kB
Cached:           348020 kB
MemTotal:        1844596 kB
MemFree:         1242076 kB
MemAvailable:    1512240 kB
Buffers:           41640 kB
Cached:           348020 kB
MemTotal:        1844596 kB
MemFree:         1243176 kB
MemAvailable:    1513340 kB
Buffers:           41640 kB
Cached:           348020 kB
MemTotal:        1844596 kB
MemFree:         1243076 kB
MemAvailable:    1513240 kB
Buffers:           41640 kB
Cached:           348020 kB
MemTotal:        1844596 kB
MemFree:         1243188 kB
MemAvailable:    1513352 kB
Buffers:           41640 kB
Cached:           348020 kB
MemTotal:        1844596 kB
MemFree:         1241952 kB
MemAvailable:    1512116 kB
Buffers:           41640 kB
Cached:           348020 kB
MemTotal:        1844596 kB
MemFree:         1243284 kB
MemAvailable:    1513448 kB
Buffers:           41640 kB
Cached:           348020 kB
MemTotal:        1844596 kB
MemFree:         1243260 kB
MemAvailable:    1513424 kB
Buffers:           41640 kB
Cached:           348020 kB
MemTotal:        1844596 kB
MemFree:         1243060 kB
MemAvailable:    1513224 kB
Buffers:           41640 kB
Cached:           348020 kB
MemTotal:        1844596 kB
MemFree:         1243200 kB
MemAvailable:    1513364 kB
Buffers:           41640 kB
Cached:           348020 kB
MemTotal:        1844596 kB
MemFree:         1243372 kB
MemAvailable:    1513536 kB
Buffers:           41640 kB
Cached:           348020 kB
MemTotal:        1844596 kB
MemFree:         1243424 kB
MemAvailable:    1513588 kB
Buffers:           41640 kB
Cached:           348020 kB
MemTotal:        1844596 kB
MemFree:         1242632 kB
MemAvailable:    1512796 kB
Buffers:           41640 kB
Cached:           348020 kB
MemTotal:        1844596 kB
MemFree:         1240968 kB
MemAvailable:    1511132 kB
Buffers:           41640 kB
Cached:           348020 kB
MemTotal:        1844596 kB
MemFree:         1240464 kB
MemAvailable:    1510628 kB
Buffers:           41640 kB
Cached:           348020 kB
MemTotal:        1844596 kB
MemFree:         1240216 kB
MemAvailable:    1510380 kB
Buffers:           41640 kB
Cached:           348020 kB
MemTotal:        1844596 kB
MemFree:         1241384 kB
MemAvailable:    1511548 kB
Buffers:           41640 kB
Cached:           348020 kB
MemTotal:        1844596 kB
MemFree:         1240168 kB
MemAvailable:    1510332 kB
Buffers:           41640 kB
Cached:           348020 kB
MemTotal:        1844596 kB
MemFree:         1240252 kB
MemAvailable:    1510416 kB
Buffers:           41640 kB
Cached:           348020 kB
MemTotal:        1844596 kB
MemFree:         1240396 kB
MemAvailable:    1510560 kB
Buffers:           41640 kB
Cached:           348020 kB
MemTotal:        1844596 kB
MemFree:         1240036 kB
MemAvailable:    1510200 kB
Buffers:           41640 kB
Cached:           348020 kB
MemTotal:        1844596 kB
MemFree:         1238736 kB
MemAvailable:    1508900 kB
Buffers:           41640 kB
Cached:           348020 kB
MemTotal:        1844596 kB
MemFree:         1239912 kB
MemAvailable:    1510076 kB
Buffers:           41640 kB
Cached:           348020 kB
MemTotal:        1844596 kB
MemFree:         1238184 kB
MemAvailable:    1508348 kB
Buffers:           41640 kB
Cached:           348020 kB
MemTotal:        1844596 kB
MemFree:         1239548 kB
MemAvailable:    1509712 kB
Buffers:           41640 kB
Cached:           348020 kB
MemTotal:        1844596 kB
MemFree:         1239352 kB
MemAvailable:    1509516 kB
Buffers:           41640 kB
Cached:           348020 kB
MemTotal:        1844596 kB
MemFree:         1237792 kB
MemAvailable:    1507956 kB
Buffers:           41640 kB
Cached:           348020 kB
MemTotal:        1844596 kB
MemFree:         1238084 kB
MemAvailable:    1508248 kB
Buffers:           41640 kB
Cached:           348020 kB
MemTotal:        1844596 kB
MemFree:         1238076 kB
MemAvailable:    1508240 kB
Buffers:           41640 kB
Cached:           348020 kB
MemTotal:        1844596 kB
MemFree:         1239192 kB
MemAvailable:    1509356 kB
Buffers:           41640 kB
Cached:           348020 kB
MemTotal:        1844596 kB
MemFree:         1239400 kB
MemAvailable:    1509564 kB
Buffers:           41640 kB
Cached:           348020 kB
MemTotal:        1844596 kB
MemFree:         1238984 kB
MemAvailable:    1509148 kB
Buffers:           41640 kB
Cached:           348020 kB
MemTotal:        1844596 kB
MemFree:         1237744 kB
MemAvailable:    1507908 kB
Buffers:           41640 kB
Cached:           348020 kB
MemTotal:        1844596 kB
MemFree:         1232164 kB
MemAvailable:    1502328 kB
Buffers:           41640 kB
Cached:           348020 kB
MemTotal:        1844596 kB
MemFree:         1231544 kB
MemAvailable:    1501708 kB
Buffers:           41640 kB
Cached:           348020 kB
MemTotal:        1844596 kB
MemFree:         1230172 kB
MemAvailable:    1500336 kB
Buffers:           41640 kB
Cached:           348020 kB
MemTotal:        1844596 kB
MemFree:         1230172 kB
MemAvailable:    1500336 kB
Buffers:           41640 kB
Cached:           348020 kB
MemTotal:        1844596 kB
MemFree:         1230124 kB
MemAvailable:    1500288 kB
Buffers:           41640 kB
Cached:           348020 kB
MemTotal:        1844596 kB
MemFree:         1230124 kB
MemAvailable:    1500288 kB
Buffers:           41640 kB
Cached:           348020 kB
MemTotal:        1844596 kB
MemFree:         1230116 kB
MemAvailable:    1500280 kB
Buffers:           41640 kB
Cached:           348020 kB
MemTotal:        1844596 kB
MemFree:         1233008 kB
MemAvailable:    1503172 kB
Buffers:           41640 kB
Cached:           348020 kB
MemTotal:        1844596 kB
MemFree:         1232288 kB
MemAvailable:    1502452 kB
Buffers:           41640 kB
Cached:           348020 kB
MemTotal:        1844596 kB
MemFree:         1231728 kB
MemAvailable:    1501892 kB
Buffers:           41640 kB
Cached:           348144 kB
MemTotal:        1844596 kB
MemFree:         1231736 kB
MemAvailable:    1502068 kB
Buffers:           41640 kB
Cached:           348268 kB
MemTotal:        1844596 kB
MemFree:         1233060 kB
MemAvailable:    1503644 kB
Buffers:           41640 kB
Cached:           348392 kB
MemTotal:        1844596 kB
MemFree:         1232720 kB
MemAvailable:    1503388 kB
Buffers:           41640 kB
Cached:           348640 kB
MemTotal:        1844596 kB
MemFree:         1231296 kB
MemAvailable:    1502048 kB
Buffers:           41640 kB
Cached:           348640 kB
MemTotal:        1844596 kB
MemFree:         1232596 kB
MemAvailable:    1503348 kB
Buffers:           41640 kB
Cached:           348640 kB
MemTotal:        1844596 kB
MemFree:         1231668 kB
MemAvailable:    1502504 kB
Buffers:           41640 kB
Cached:           348640 kB
MemTotal:        1844596 kB
MemFree:         1230864 kB
MemAvailable:    1501700 kB
Buffers:           41640 kB
Cached:           348640 kB
MemTotal:        1844596 kB
MemFree:         1232096 kB
MemAvailable:    1502932 kB
Buffers:           41640 kB
Cached:           348640 kB
MemTotal:        1844596 kB
MemFree:         1232348 kB
MemAvailable:    1503184 kB
Buffers:           41640 kB
Cached:           348640 kB
MemTotal:        1844596 kB
MemFree:         1232192 kB
MemAvailable:    1503048 kB
Buffers:           41640 kB
Cached:           348660 kB
MemTotal:        1844596 kB
MemFree:         1232476 kB
MemAvailable:    1503332 kB
Buffers:           41640 kB
Cached:           348660 kB
MemTotal:        1844596 kB
MemFree:         1231504 kB
MemAvailable:    1501772 kB
Buffers:           41640 kB
Cached:           348028 kB
MemTotal:        1844596 kB
MemFree:         1298504 kB
MemAvailable:    1568676 kB
Buffers:           41640 kB
Cached:           348028 kB
