MemTotal:        1844596 kB
MemFree:         1408472 kB
MemAvailable:    1586408 kB
Buffers:           27972 kB
Cached:           264844 kB
MemTotal:        1844596 kB
MemFree:         1383804 kB
MemAvailable:    1561744 kB
Buffers:           27972 kB
Cached:           264848 kB
MemTotal:        1844596 kB
MemFree:         1379332 kB
MemAvailable:    1557272 kB
Buffers:           27972 kB
Cached:           264848 kB
MemTotal:        1844596 kB
MemFree:         1377488 kB
MemAvailable:    1555428 kB
Buffers:           27972 kB
Cached:           264848 kB
MemTotal:        1844596 kB
MemFree:         1377348 kB
MemAvailable:    1555288 kB
Buffers:           27972 kB
Cached:           264848 kB
MemTotal:        1844596 kB
MemFree:         1377432 kB
MemAvailable:    1555372 kB
Buffers:           27972 kB
Cached:           264848 kB
MemTotal:        1844596 kB
MemFree:         1376796 kB
MemAvailable:    1554736 kB
Buffers:           27972 kB
Cached:           264848 kB
MemTotal:        1844596 kB
MemFree:         1375504 kB
MemAvailable:    1553444 kB
Buffers:           27972 kB
Cached:           264848 kB
MemTotal:        1844596 kB
MemFree:         1373828 kB
MemAvailable:    1551768 kB
Buffers:           27972 kB
Cached:           264848 kB
MemTotal:        1844596 kB
MemFree:         1370668 kB
MemAvailable:    1548608 kB
Buffers:           27972 kB
Cached:           264848 kB
MemTotal:        1844596 kB
MemFree:         1366312 kB
MemAvailable:    1544252 kB
Buffers:           27972 kB
Cached:           264848 kB
MemTotal:        1844596 kB
MemFree:         1365832 kB
MemAvailable:    1543772 kB
Buffers:           27972 kB
Cached:           264848 kB
MemTotal:        1844596 kB
MemFree:         1367364 kB
MemAvailable:    1545304 kB
Buffers:           27972 kB
Cached:           264848 kB
MemTotal:        1844596 kB
MemFree:         1366148 kB
MemAvailable:    1544088 kB
Buffers:           27972 kB
Cached:           264848 kB
MemTotal:        1844596 kB
MemFree:         1366184 kB
MemAvailable:    1544124 kB
Buffers:           27972 kB
Cached:           264848 kB
MemTotal:        1844596 kB
MemFree:         1367492 kB
MemAvailable:    1545432 kB
Buffers:           27972 kB
Cached:           264848 kB
MemTotal:        1844596 kB
MemFree:         1366316 kB
MemAvailable:    1544256 kB
Buffers:           27972 kB
Cached:           264848 kB
MemTotal:        1844596 kB
MemFree:         1365452 kB
MemAvailable:    1543392 kB
Buffers:           27972 kB
Cached:           264848 kB
MemTotal:        1844596 kB
MemFree:         1365072 kB
MemAvailable:    1543012 kB
Buffers:           27972 kB
Cached:           264848 kB
MemTotal:        1844596 kB
MemFree:         1364096 kB
MemAvailable:    1542036 kB
Buffers:           27972 kB
Cached:           264848 kB
MemTotal:        1844596 kB
MemFree:         1363660 kB
MemAvailable:    1541600 kB
Buffers:           27972 kB
Cached:           264848 kB
MemTotal:        1844596 kB
MemFree:         1363660 kB
MemAvailable:    1541600 kB
Buffers:           27972 kB
Cached:           264848 kB
MemTotal:        1844596 kB
MemFree:         1364968 kB
MemAvailable:    1542908 kB
Buffers:           27972 kB
Cached:           264848 kB
MemTotal:        1844596 kB
MemFree:         1364888 kB
MemAvailable:    1542828 kB
Buffers:           27972 kB
Cached:           264848 kB
MemTotal:        1844596 kB
MemFree:         1364840 kB
MemAvailable:    1542780 kB
Buffers:           27972 kB
Cached:           264848 kB
MemTotal:        1844596 kB
MemFree:         1365136 kB
MemAvailable:    1543076 kB
Buffers:           27972 kB
Cached:           264848 kB
MemTotal:        1844596 kB
MemFree:         1363704 kB
MemAvailable:    1541644 kB
Buffers:           27972 kB
Cached:           264848 kB
MemTotal:        1844596 kB
MemFree:         1364944 kB
MemAvailable:    1542884 kB
Buffers:           27972 kB
Cached:           264848 kB
MemTotal:        1844596 kB
MemFree:         1365132 kB
MemAvailable:    1543072 kB
Buffers:           27972 kB
Cached:           264848 kB
MemTotal:        1844596 kB
MemFree:         1366204 kB
MemAvailable:    1544144 kB
Buffers:           27972 kB
Cached:           264848 kB
MemTotal:        1844596 kB
MemFree:         1363716 kB
MemAvailable:    1541656 kB
Buffers:           27972 kB
Cached:           264848 kB
MemTotal:        1844596 kB
MemFree:         1362856 kB
MemAvailable:    1540796 kB
Buffers:           27972 kB
Cached:           264848 kB
MemTotal:        1844596 kB
MemFree:         1362652 kB
MemAvailable:    1540592 kB
Buffers:           27972 kB
Cached:           264848 kB
MemTotal:        1844596 kB
MemFree:         1362600 kB
MemAvailable:    1540540 kB
Buffers:           27972 kB
Cached:           264848 kB
MemTotal:        1844596 kB
MemFree:         1362236 kB
MemAvailable:    1540176 kB
Buffers:           27972 kB
Cached:           264848 kB
MemTotal:        1844596 kB
MemFree:         1359880 kB
MemAvailable:    1537820 kB
Buffers:           27972 kB
Cached:           264848 kB
MemTotal:        1844596 kB
MemFree:         1360916 kB
MemAvailable:    1538856 kB
Buffers:           27972 kB
Cached:           264848 kB
MemTotal:        1844596 kB
MemFree:         1359632 kB
MemAvailable:    1537572 kB
Buffers:           27972 kB
Cached:           264848 kB
MemTotal:        1844596 kB
MemFree:         1360872 kB
MemAvailable:    1538812 kB
Buffers:           27972 kB
Cached:           264848 kB
MemTotal:        1844596 kB
MemFree:         1359452 kB
MemAvailable:    1537392 kB
Buffers:           27972 kB
Cached:           264848 kB
MemTotal:        1844596 kB
MemFree:         1360748 kB
MemAvailable:    1538692 kB
Buffers:           27972 kB
Cached:           264852 kB
MemTotal:        1844596 kB
MemFree:         1360544 kB
MemAvailable:    1538488 kB
Buffers:           27972 kB
Cached:           264852 kB
MemTotal:        1844596 kB
MemFree:         1359088 kB
MemAvailable:    1537032 kB
Buffers:           27972 kB
Cached:           264852 kB
MemTotal:        1844596 kB
MemFree:         1360120 kB
MemAvailable:    1538064 kB
Buffers:           27972 kB
Cached:           264852 kB
MemTotal:        1844596 kB
MemFree:         1360376 kB
MemAvailable:    1538320 kB
Buffers:           27972 kB
Cached:           264852 kB
MemTotal:        1844596 kB
MemFree:         1359868 kB
MemAvailable:    1537812 kB
Buffers:           27972 kB
Cached:           264852 kB
MemTotal:        1844596 kB
MemFree:         1358764 kB
MemAvailable:    1536708 kB
Buffers:           27972 kB
Cached:           264852 kB
MemTotal:        1844596 kB
MemFree:         1358600 kB
MemAvailable:    1536544 kB
Buffers:           27972 kB
Cached:           264852 kB
MemTotal:        1844596 kB
MemFree:         1358592 kB
MemAvailable:    1536536 kB
Buffers:           27972 kB
Cached:           264852 kB
MemTotal:        1844596 kB
MemFree:         1359880 kB
MemAvailable:    1537824 kB
Buffers:           27972 kB
Cached:           264852 kB
MemTotal:        1844596 kB
MemFree:         1359940 kB
MemAvailable:    1537884 kB
Buffers:           27972 kB
Cached:           264852 kB
MemTotal:        1844596 kB
MemFree:         1359652 kB
MemAvailable:    1537596 kB
Buffers:           27972 kB
Cached:           264852 kB
MemTotal:        1844596 kB
MemFree:         1359988 kB
MemAvailable:    1537932 kB
Buffers:           27972 kB
Cached:           264852 kB
MemTotal:        1844596 kB
MemFree:         1359692 kB
MemAvailable:    1537636 kB
Buffers:           27972 kB
Cached:           264852 kB
MemTotal:        1844596 kB
MemFree:         1358576 kB
MemAvailable:    1536520 kB
Buffers:           27972 kB
Cached:           264852 kB
MemTotal:        1844596 kB
MemFree:         1358740 kB
MemAvailable:    1536684 kB
Buffers:           27972 kB
Cached:           264852 kB
MemTotal:        1844596 kB
MemFree:         1358084 kB
MemAvailable:    1536028 kB
Buffers:           27972 kB
Cached:           264852 kB
MemTotal:        1844596 kB
MemFree:         1359244 kB
MemAvailable:    1537188 kB
Buffers:           27972 kB
Cached:           264852 kB
MemTotal:        1844596 kB
MemFree:         1359136 kB
MemAvailable:    1537080 kB
Buffers:           27972 kB
Cached:           264852 kB
MemTotal:        1844596 kB
MemFree:         1358932 kB
MemAvailable:    1536876 kB
Buffers:           27972 kB
Cached:           264852 kB
MemTotal:        1844596 kB
MemFree:         1358992 kB
MemAvailable:    1536936 kB
Buffers:           27972 kB
Cached:           264852 kB
MemTotal:        1844596 kB
MemFree:         1359104 kB
MemAvailable:    1537048 kB
Buffers:           27972 kB
Cached:           264852 kB
MemTotal:        1844596 kB
MemFree:         1358948 kB
MemAvailable:    1536892 kB
Buffers:           27972 kB
Cached:           264852 kB
MemTotal:        1844596 kB
MemFree:         1359084 kB
MemAvailable:    1537028 kB
Buffers:           27972 kB
Cached:           264852 kB
MemTotal:        1844596 kB
MemFree:         1358712 kB
MemAvailable:    1536656 kB
Buffers:           27972 kB
Cached:           264852 kB
MemTotal:        1844596 kB
MemFree:         1358896 kB
MemAvailable:    1536840 kB
Buffers:           27972 kB
Cached:           264852 kB
MemTotal:        1844596 kB
MemFree:         1358828 kB
MemAvailable:    1536772 kB
Buffers:           27972 kB
Cached:           264852 kB
MemTotal:        1844596 kB
MemFree:         1357500 kB
MemAvailable:    1535444 kB
Buffers:           27972 kB
Cached:           264852 kB
MemTotal:        1844596 kB
MemFree:         1357384 kB
MemAvailable:    1535328 kB
Buffers:           27972 kB
Cached:           264852 kB
MemTotal:        1844596 kB
MemFree:         1355896 kB
MemAvailable:    1533840 kB
Buffers:           27972 kB
Cached:           264852 kB
MemTotal:        1844596 kB
MemFree:         1355168 kB
MemAvailable:    1533112 kB
Buffers:           27972 kB
Cached:           264852 kB
MemTotal:        1844596 kB
MemFree:         1352252 kB
MemAvailable:    1530196 kB
Buffers:           27972 kB
Cached:           264852 kB
MemTotal:        1844596 kB
MemFree:         1350580 kB
MemAvailable:    1528524 kB
Buffers:           27972 kB
Cached:           264852 kB
MemTotal:        1844596 kB
MemFree:         1351260 kB
MemAvailable:    1529204 kB
Buffers:           27972 kB
Cached:           264852 kB
MemTotal:        1844596 kB
MemFree:         1351316 kB
MemAvailable:    1529260 kB
Buffers:           27972 kB
Cached:           264852 kB
MemTotal:        1844596 kB
MemFree:         1351128 kB
MemAvailable:    1529072 kB
Buffers:           27972 kB
Cached:           264852 kB
MemTotal:        1844596 kB
MemFree:         1351180 kB
MemAvailable:    1529124 kB
Buffers:           27972 kB
Cached:           264852 kB
MemTotal:        1844596 kB
MemFree:         1349808 kB
MemAvailable:    1527752 kB
Buffers:           27972 kB
Cached:           264852 kB
MemTotal:        1844596 kB
MemFree:         1351016 kB
MemAvailable:    1528960 kB
Buffers:           27972 kB
Cached:           264852 kB
MemTotal:        1844596 kB
MemFree:         1350988 kB
MemAvailable:    1528932 kB
Buffers:           27972 kB
Cached:           264852 kB
MemTotal:        1844596 kB
MemFree:         1350332 kB
MemAvailable:    1528276 kB
Buffers:           27972 kB
Cached:           264852 kB
MemTotal:        1844596 kB
MemFree:         1350544 kB
MemAvailable:    1528488 kB
Buffers:           27972 kB
Cached:           264852 kB
MemTotal:        1844596 kB
MemFree:         1350836 kB
MemAvailable:    1528780 kB
Buffers:           27972 kB
Cached:           264852 kB
MemTotal:        1844596 kB
MemFree:         1350948 kB
MemAvailable:    1528892 kB
Buffers:           27972 kB
Cached:           264852 kB
MemTotal:        1844596 kB
MemFree:         1349464 kB
MemAvailable:    1527408 kB
Buffers:           27972 kB
Cached:           264852 kB
MemTotal:        1844596 kB
MemFree:         1349248 kB
MemAvailable:    1527192 kB
Buffers:           27972 kB
Cached:           264852 kB
MemTotal:        1844596 kB
MemFree:         1349852 kB
MemAvailable:    1527796 kB
Buffers:           27972 kB
Cached:           264852 kB
MemTotal:        1844596 kB
MemFree:         1350188 kB
MemAvailable:    1528132 kB
Buffers:           27972 kB
Cached:           264852 kB
MemTotal:        1844596 kB
MemFree:         1348124 kB
MemAvailable:    1526068 kB
Buffers:           27972 kB
Cached:           264852 kB
MemTotal:        1844596 kB
MemFree:         1349232 kB
MemAvailable:    1527176 kB
Buffers:           27972 kB
Cached:           264852 kB
MemTotal:        1844596 kB
MemFree:         1349000 kB
MemAvailable:    1526944 kB
Buffers:           27972 kB
Cached:           264852 kB
MemTotal:        1844596 kB
MemFree:         1348944 kB
MemAvailable:    1526888 kB
Buffers:           27972 kB
Cached:           264852 kB
MemTotal:        1844596 kB
MemFree:         1347008 kB
MemAvailable:    1524952 kB
Buffers:           27972 kB
Cached:           264852 kB
MemTotal:        1844596 kB
MemFree:         1348124 kB
MemAvailable:    1526068 kB
Buffers:           27972 kB
Cached:           264852 kB
MemTotal:        1844596 kB
MemFree:         1347572 kB
MemAvailable:    1525516 kB
Buffers:           27972 kB
Cached:           264852 kB
MemTotal:        1844596 kB
MemFree:         1347456 kB
MemAvailable:    1525400 kB
Buffers:           27972 kB
Cached:           264852 kB
MemTotal:        1844596 kB
MemFree:         1346212 kB
MemAvailable:    1524156 kB
Buffers:           27972 kB
Cached:           264852 kB
MemTotal:        1844596 kB
MemFree:         1347064 kB
MemAvailable:    1525008 kB
Buffers:           27972 kB
Cached:           264852 kB
MemTotal:        1844596 kB
MemFree:         1347232 kB
MemAvailable:    1525176 kB
Buffers:           27972 kB
Cached:           264852 kB
MemTotal:        1844596 kB
MemFree:         1346804 kB
MemAvailable:    1524748 kB
Buffers:           27972 kB
Cached:           264852 kB
MemTotal:        1844596 kB
MemFree:         1345872 kB
MemAvailable:    1523816 kB
Buffers:           27972 kB
Cached:           264852 kB
MemTotal:        1844596 kB
MemFree:         1345860 kB
MemAvailable:    1523804 kB
Buffers:           27972 kB
Cached:           264852 kB
MemTotal:        1844596 kB
MemFree:         1345688 kB
MemAvailable:    1523632 kB
Buffers:           27984 kB
Cached:           264840 kB
MemTotal:        1844596 kB
MemFree:         1345776 kB
MemAvailable:    1523720 kB
Buffers:           27984 kB
Cached:           264840 kB
MemTotal:        1844596 kB
MemFree:         1347288 kB
MemAvailable:    1525236 kB
Buffers:           27984 kB
Cached:           264844 kB
MemTotal:        1844596 kB
MemFree:         1345644 kB
MemAvailable:    1523592 kB
Buffers:           27984 kB
Cached:           264844 kB
MemTotal:        1844596 kB
MemFree:         1345528 kB
MemAvailable:    1523476 kB
Buffers:           27984 kB
Cached:           264844 kB
MemTotal:        1844596 kB
MemFree:         1341808 kB
MemAvailable:    1519772 kB
Buffers:           27984 kB
Cached:           264860 kB
MemTotal:        1844596 kB
MemFree:         1339372 kB
MemAvailable:    1517336 kB
Buffers:           27984 kB
Cached:           264860 kB
MemTotal:        1844596 kB
MemFree:         1339436 kB
MemAvailable:    1517400 kB
Buffers:           27984 kB
Cached:           264860 kB
MemTotal:        1844596 kB
MemFree:         1339132 kB
MemAvailable:    1517096 kB
Buffers:           27984 kB
Cached:           264860 kB
MemTotal:        1844596 kB
MemFree:         1339384 kB
MemAvailable:    1517348 kB
Buffers:           27984 kB
Cached:           264860 kB
MemTotal:        1844596 kB
MemFree:         1337932 kB
MemAvailable:    1515896 kB
Buffers:           27984 kB
Cached:           264860 kB
MemTotal:        1844596 kB
MemFree:         1341116 kB
MemAvailable:    1519080 kB
Buffers:           27984 kB
Cached:           264860 kB
MemTotal:        1844596 kB
MemFree:         1341368 kB
MemAvailable:    1519332 kB
Buffers:           27984 kB
Cached:           264860 kB
MemTotal:        1844596 kB
MemFree:         1340768 kB
MemAvailable:    1518816 kB
Buffers:           27984 kB
Cached:           264984 kB
MemTotal:        1844596 kB
MemFree:         1339932 kB
MemAvailable:    1517980 kB
Buffers:           27984 kB
Cached:           264984 kB
MemTotal:        1844596 kB
MemFree:         1340428 kB
MemAvailable:    1518728 kB
Buffers:           27984 kB
Cached:           265232 kB
MemTotal:        1844596 kB
MemFree:         1340196 kB
MemAvailable:    1518580 kB
Buffers:           27984 kB
Cached:           265232 kB
MemTotal:        1844596 kB
MemFree:         1338808 kB
MemAvailable:    1517276 kB
Buffers:           27984 kB
Cached:           265356 kB
MemTotal:        1844596 kB
MemFree:         1339064 kB
MemAvailable:    1517700 kB
Buffers:           27984 kB
Cached:           265480 kB
MemTotal:        1844596 kB
MemFree:         1339924 kB
MemAvailable:    1518560 kB
Buffers:           27984 kB
Cached:           265480 kB
MemTotal:        1844596 kB
MemFree:         1338676 kB
MemAvailable:    1517312 kB
Buffers:           27984 kB
Cached:           265480 kB
MemTotal:        1844596 kB
MemFree:         1339936 kB
MemAvailable:    1518572 kB
Buffers:           27984 kB
Cached:           265480 kB
MemTotal:        1844596 kB
MemFree:         1339868 kB
MemAvailable:    1518504 kB
Buffers:           27984 kB
Cached:           265480 kB
MemTotal:        1844596 kB
MemFree:         1338452 kB
MemAvailable:    1517088 kB
Buffers:           27984 kB
Cached:           265480 kB
MemTotal:        1844596 kB
MemFree:         1340136 kB
MemAvailable:    1518772 kB
Buffers:           27984 kB
Cached:           265480 kB
MemTotal:        1844596 kB
MemFree:         1340380 kB
MemAvailable:    1518428 kB
Buffers:           27984 kB
Cached:           264848 kB
MemTotal:        1844596 kB
MemFree:         1343640 kB
MemAvailable:    1521772 kB
Buffers:           27984 kB
Cached:           264848 kB
MemTotal:        1844596 kB
MemFree:         1408296 kB
MemAvailable:    1586344 kB
Buffers:           27984 kB
Cached:           264896 kB
