MemTotal:        1844596 kB
MemFree:         1181112 kB
MemAvailable:    1562200 kB
Buffers:           55552 kB
Cached:           436560 kB
MemTotal:        1844596 kB
MemFree:         1153608 kB
MemAvailable:    1534700 kB
Buffers:           55552 kB
Cached:           436564 kB
MemTotal:        1844596 kB
MemFree:         1152988 kB
MemAvailable:    1534080 kB
Buffers:           55552 kB
Cached:           436564 kB
MemTotal:        1844596 kB
MemFree:         1151740 kB
MemAvailable:    1532832 kB
Buffers:           55552 kB
Cached:           436564 kB
MemTotal:        1844596 kB
MemFree:         1150196 kB
MemAvailable:    1531288 kB
Buffers:           55552 kB
Cached:           436564 kB
MemTotal:        1844596 kB
MemFree:         1150128 kB
MemAvailable:    1531220 kB
Buffers:           55552 kB
Cached:           436564 kB
MemTotal:        1844596 kB
MemFree:         1147408 kB
MemAvailable:    1528500 kB
Buffers:           55552 kB
Cached:           436564 kB
MemTotal:        1844596 kB
MemFree:         1144432 kB
MemAvailable:    1525524 kB
Buffers:           55552 kB
Cached:           436564 kB
MemTotal:        1844596 kB
MemFree:         1143316 kB
MemAvailable:    1524408 kB
Buffers:           55552 kB
Cached:           436564 kB
MemTotal:        1844596 kB
MemFree:         1139036 kB
MemAvailable:    1520128 kB
Buffers:           55552 kB
Cached:           436564 kB
MemTotal:        1844596 kB
MemFree:         1139996 kB
MemAvailable:    1521088 kB
Buffers:           55552 kB
Cached:           436564 kB
MemTotal:        1844596 kB
MemFree:         1138712 kB
MemAvailable:    1519804 kB
Buffers:           55552 kB
Cached:           436564 kB
MemTotal:        1844596 kB
MemFree:         1140120 kB
MemAvailable:    1521212 kB
Buffers:           55552 kB
Cached:           436564 kB
MemTotal:        1844596 kB
MemFree:         1140216 kB
MemAvailable:    1521308 kB
Buffers:           55552 kB
Cached:           436564 kB
MemTotal:        1844596 kB
MemFree:         1139952 kB
MemAvailable:    1521044 kB
Buffers:           55552 kB
Cached:           436564 kB
MemTotal:        1844596 kB
MemFree:         1139660 kB
MemAvailable:    1520752 kB
Buffers:           55552 kB
Cached:           436564 kB
MemTotal:        1844596 kB
MemFree:         1138728 kB
MemAvailable:    1519820 kB
Buffers:           55552 kB
Cached:           436564 kB
MemTotal:        1844596 kB
MemFree:         1137108 kB
MemAvailable:    1518200 kB
Buffers:           55552 kB
Cached:           436564 kB
MemTotal:        1844596 kB
MemFree:         1137844 kB
MemAvailable:    1518936 kB
Buffers:           55552 kB
Cached:           436564 kB
MemTotal:        1844596 kB
MemFree:         1137364 kB
MemAvailable:    1518456 kB
Buffers:           55552 kB
Cached:           436564 kB
MemTotal:        1844596 kB
MemFree:         1136476 kB
MemAvailable:    1517568 kB
Buffers:           55552 kB
Cached:           436564 kB
MemTotal:        1844596 kB
MemFree:         1137792 kB
MemAvailable:    1518884 kB
Buffers:           55552 kB
Cached:           436564 kB
MemTotal:        1844596 kB
MemFree:         1137960 kB
MemAvailable:    1519052 kB
Buffers:           55552 kB
Cached:           436564 kB
MemTotal:        1844596 kB
MemFree:         1137596 kB
MemAvailable:    1518688 kB
Buffers:           55552 kB
Cached:           436564 kB
MemTotal:        1844596 kB
MemFree:         1137488 kB
MemAvailable:    1518580 kB
Buffers:           55552 kB
Cached:           436564 kB
MemTotal:        1844596 kB
MemFree:         1137784 kB
MemAvailable:    1518876 kB
Buffers:           55552 kB
Cached:           436564 kB
MemTotal:        1844596 kB
MemFree:         1136992 kB
MemAvailable:    1518084 kB
Buffers:           55552 kB
Cached:           436564 kB
MemTotal:        1844596 kB
MemFree:         1139004 kB
MemAvailable:    1520096 kB
Buffers:           55552 kB
Cached:           436564 kB
MemTotal:        1844596 kB
MemFree:         1138976 kB
MemAvailable:    1520068 kB
Buffers:           55552 kB
Cached:           436564 kB
MemTotal:        1844596 kB
MemFree:         1137416 kB
MemAvailable:    1518508 kB
Buffers:           55552 kB
Cached:           436564 kB
MemTotal:        1844596 kB
MemFree:         1135132 kB
MemAvailable:    1516224 kB
Buffers:           55552 kB
Cached:           436564 kB
MemTotal:        1844596 kB
MemFree:         1135240 kB
MemAvailable:    1516332 kB
Buffers:           55552 kB
Cached:           436564 kB
MemTotal:        1844596 kB
MemFree:         1134884 kB
MemAvailable:    1515976 kB
Buffers:           55552 kB
Cached:           436564 kB
MemTotal:        1844596 kB
MemFree:         1134636 kB
MemAvailable:    1515728 kB
Buffers:           55552 kB
Cached:           436564 kB
MemTotal:        1844596 kB
MemFree:         1133132 kB
MemAvailable:    1514224 kB
Buffers:           55552 kB
Cached:           436564 kB
MemTotal:        1844596 kB
MemFree:         1132652 kB
MemAvailable:    1513744 kB
Buffers:           55552 kB
Cached:           436564 kB
MemTotal:        1844596 kB
MemFree:         1133704 kB
MemAvailable:    1514796 kB
Buffers:           55552 kB
Cached:           436564 kB
MemTotal:        1844596 kB
MemFree:         1133456 kB
MemAvailable:    1514548 kB
Buffers:           55552 kB
Cached:           436564 kB
MemTotal:        1844596 kB
MemFree:         1133520 kB
MemAvailable:    1514612 kB
Buffers:           55552 kB
Cached:           436564 kB
MemTotal:        1844596 kB
MemFree:         1133464 kB
MemAvailable:    1514556 kB
Buffers:           55552 kB
Cached:           436564 kB
MemTotal:        1844596 kB
MemFree:         1132348 kB
MemAvailable:    1513440 kB
Buffers:           55552 kB
Cached:           436564 kB
MemTotal:        1844596 kB
MemFree:         1132216 kB
MemAvailable:    1513308 kB
Buffers:           55552 kB
Cached:           436564 kB
MemTotal:        1844596 kB
MemFree:         1132340 kB
MemAvailable:    1513432 kB
Buffers:           55552 kB
Cached:           436564 kB
MemTotal:        1844596 kB
MemFree:         1131900 kB
MemAvailable:    1512992 kB
Buffers:           55552 kB
Cached:           436564 kB
MemTotal:        1844596 kB
MemFree:         1131280 kB
MemAvailable:    1512372 kB
Buffers:           55552 kB
Cached:           436564 kB
MemTotal:        1844596 kB
MemFree:         1131364 kB
MemAvailable:    1512456 kB
Buffers:           55552 kB
Cached:           436564 kB
MemTotal:        1844596 kB
MemFree:         1132664 kB
MemAvailable:    1513756 kB
Buffers:           55552 kB
Cached:           436564 kB
MemTotal:        1844596 kB
MemFree:         1131660 kB
MemAvailable:    1512752 kB
Buffers:           55552 kB
Cached:           436564 kB
MemTotal:        1844596 kB
MemFree:         1132576 kB
MemAvailable:    1513668 kB
Buffers:           55552 kB
Cached:           436564 kB
MemTotal:        1844596 kB
MemFree:         1132496 kB
MemAvailable:    1513588 kB
Buffers:           55552 kB
Cached:           436564 kB
MemTotal:        1844596 kB
MemFree:         1132404 kB
MemAvailable:    1513496 kB
Buffers:           55552 kB
Cached:           436564 kB
MemTotal:        1844596 kB
MemFree:         1132640 kB
MemAvailable:    1513732 kB
Buffers:           55552 kB
Cached:           436564 kB
MemTotal:        1844596 kB
MemFree:         1132388 kB
MemAvailable:    1513480 kB
Buffers:           55552 kB
Cached:           436564 kB
MemTotal:        1844596 kB
MemFree:         1132724 kB
MemAvailable:    1513816 kB
Buffers:           55552 kB
Cached:           436564 kB
MemTotal:        1844596 kB
MemFree:         1132348 kB
MemAvailable:    1513440 kB
Buffers:           55552 kB
Cached:           436564 kB
MemTotal:        1844596 kB
MemFree:         1131232 kB
MemAvailable:    1512324 kB
Buffers:           55552 kB
Cached:           436564 kB
MemTotal:        1844596 kB
MemFree:         1131040 kB
MemAvailable:    1512132 kB
Buffers:           55552 kB
Cached:           436564 kB
MemTotal:        1844596 kB
MemFree:         1130784 kB
MemAvailable:    1511876 kB
Buffers:           55552 kB
Cached:           436564 kB
MemTotal:        1844596 kB
MemFree:         1131820 kB
MemAvailable:    1512912 kB
Buffers:           55552 kB
Cached:           436564 kB
MemTotal:        1844596 kB
MemFree:         1130544 kB
MemAvailable:    1511636 kB
Buffers:           55552 kB
Cached:           436564 kB
MemTotal:        1844596 kB
MemFree:         1131496 kB
MemAvailable:    1512588 kB
Buffers:           55552 kB
Cached:           436564 kB
MemTotal:        1844596 kB
MemFree:         1131596 kB
MemAvailable:    1512688 kB
Buffers:           55552 kB
Cached:           436564 kB
MemTotal:        1844596 kB
MemFree:         1131604 kB
MemAvailable:    1512696 kB
Buffers:           55552 kB
Cached:           436564 kB
MemTotal:        1844596 kB
MemFree:         1130288 kB
MemAvailable:    1511380 kB
Buffers:           55552 kB
Cached:           436564 kB
MemTotal:        1844596 kB
MemFree:         1131620 kB
MemAvailable:    1512712 kB
Buffers:           55552 kB
Cached:           436564 kB
MemTotal:        1844596 kB
MemFree:         1130916 kB
MemAvailable:    1512008 kB
Buffers:           55552 kB
Cached:           436564 kB
MemTotal:        1844596 kB
MemFree:         1131620 kB
MemAvailable:    1512720 kB
Buffers:           55552 kB
Cached:           436572 kB
MemTotal:        1844596 kB
MemFree:         1130288 kB
MemAvailable:    1511388 kB
Buffers:           55552 kB
Cached:           436572 kB
MemTotal:        1844596 kB
MemFree:         1130124 kB
MemAvailable:    1511224 kB
Buffers:           55552 kB
Cached:           436572 kB
MemTotal:        1844596 kB
MemFree:         1128992 kB
MemAvailable:    1510092 kB
Buffers:           55552 kB
Cached:           436572 kB
MemTotal:        1844596 kB
MemFree:         1125708 kB
MemAvailable:    1506808 kB
Buffers:           55552 kB
Cached:           436572 kB
MemTotal:        1844596 kB
MemFree:         1123096 kB
MemAvailable:    1504196 kB
Buffers:           55552 kB
Cached:           436572 kB
MemTotal:        1844596 kB
MemFree:         1124156 kB
MemAvailable:    1505256 kB
Buffers:           55552 kB
Cached:           436572 kB
MemTotal:        1844596 kB
MemFree:         1123404 kB
MemAvailable:    1504504 kB
Buffers:           55552 kB
Cached:           436572 kB
MemTotal:        1844596 kB
MemFree:         1123740 kB
MemAvailable:    1504840 kB
Buffers:           55552 kB
Cached:           436572 kB
MemTotal:        1844596 kB
MemFree:         1123748 kB
MemAvailable:    1504848 kB
Buffers:           55552 kB
Cached:           436572 kB
MemTotal:        1844596 kB
MemFree:         1122732 kB
MemAvailable:    1503832 kB
Buffers:           55552 kB
Cached:           436572 kB
MemTotal:        1844596 kB
MemFree:         1123648 kB
MemAvailable:    1504748 kB
Buffers:           55552 kB
Cached:           436572 kB
MemTotal:        1844596 kB
MemFree:         1123724 kB
MemAvailable:    1504824 kB
Buffers:           55552 kB
Cached:           436572 kB
MemTotal:        1844596 kB
MemFree:         1123808 kB
MemAvailable:    1504908 kB
Buffers:           55552 kB
Cached:           436572 kB
MemTotal:        1844596 kB
MemFree:         1122180 kB
MemAvailable:    1503280 kB
Buffers:           55552 kB
Cached:           436572 kB
MemTotal:        1844596 kB
MemFree:         1122476 kB
MemAvailable:    1503576 kB
Buffers:           55552 kB
Cached:           436572 kB
MemTotal:        1844596 kB
MemFree:         1123708 kB
MemAvailable:    1504808 kB
Buffers:           55552 kB
Cached:           436572 kB
MemTotal:        1844596 kB
MemFree:         1123708 kB
MemAvailable:    1504808 kB
Buffers:           55552 kB
Cached:           436572 kB
MemTotal:        1844596 kB
MemFree:         1123644 kB
MemAvailable:    1504744 kB
Buffers:           55552 kB
Cached:           436572 kB
MemTotal:        1844596 kB
MemFree:         1122732 kB
MemAvailable:    1503832 kB
Buffers:           55552 kB
Cached:           436572 kB
MemTotal:        1844596 kB
MemFree:         1123104 kB
MemAvailable:    1504204 kB
Buffers:           55552 kB
Cached:           436572 kB
MemTotal:        1844596 kB
MemFree:         1123200 kB
MemAvailable:    1504300 kB
Buffers:           55552 kB
Cached:           436572 kB
MemTotal:        1844596 kB
MemFree:         1122220 kB
MemAvailable:    1503320 kB
Buffers:           55552 kB
Cached:           436572 kB
MemTotal:        1844596 kB
MemFree:         1122472 kB
MemAvailable:    1503572 kB
Buffers:           55552 kB
Cached:           436572 kB
MemTotal:        1844596 kB
MemFree:         1121716 kB
MemAvailable:    1502816 kB
Buffers:           55552 kB
Cached:           436572 kB
MemTotal:        1844596 kB
MemFree:         1121732 kB
MemAvailable:    1502832 kB
Buffers:           55552 kB
Cached:           436572 kB
MemTotal:        1844596 kB
MemFree:         1121048 kB
MemAvailable:    1502148 kB
Buffers:           55552 kB
Cached:           436572 kB
MemTotal:        1844596 kB
MemFree:         1119748 kB
MemAvailable:    1500848 kB
Buffers:           55552 kB
Cached:           436572 kB
MemTotal:        1844596 kB
MemFree:         1119624 kB
MemAvailable:    1500728 kB
Buffers:           55552 kB
Cached:           436576 kB
MemTotal:        1844596 kB
MemFree:         1120188 kB
MemAvailable:    1501292 kB
Buffers:           55552 kB
Cached:           436576 kB
MemTotal:        1844596 kB
MemFree:         1120232 kB
MemAvailable:    1501336 kB
Buffers:           55552 kB
Cached:           436576 kB
MemTotal:        1844596 kB
MemFree:         1119952 kB
MemAvailable:    1501056 kB
Buffers:           55552 kB
Cached:           436576 kB
MemTotal:        1844596 kB
MemFree:         1119864 kB
MemAvailable:    1500972 kB
Buffers:           55552 kB
Cached:           436576 kB
MemTotal:        1844596 kB
MemFree:         1120116 kB
MemAvailable:    1501224 kB
Buffers:           55552 kB
Cached:           436576 kB
MemTotal:        1844596 kB
MemFree:         1118500 kB
MemAvailable:    1499608 kB
Buffers:           55552 kB
Cached:           436576 kB
MemTotal:        1844596 kB
MemFree:         1118500 kB
MemAvailable:    1499608 kB
Buffers:           55552 kB
Cached:           436576 kB
MemTotal:        1844596 kB
MemFree:         1118756 kB
MemAvailable:    1499864 kB
Buffers:           55552 kB
Cached:           436576 kB
MemTotal:        1844596 kB
MemFree:         1119616 kB
MemAvailable:    1500724 kB
Buffers:           55552 kB
Cached:           436576 kB
MemTotal:        1844596 kB
MemFree:         1118700 kB
MemAvailable:    1499808 kB
Buffers:           55552 kB
Cached:           436576 kB
MemTotal:        1844596 kB
MemFree:         1119120 kB
MemAvailable:    1500228 kB
Buffers:           55552 kB
Cached:           436576 kB
MemTotal:        1844596 kB
MemFree:         1119120 kB
MemAvailable:    1500228 kB
Buffers:           55552 kB
Cached:           436576 kB
MemTotal:        1844596 kB
MemFree:         1117708 kB
MemAvailable:    1498816 kB
Buffers:           55552 kB
Cached:           436576 kB
MemTotal:        1844596 kB
MemFree:         1115460 kB
MemAvailable:    1496568 kB
Buffers:           55552 kB
Cached:           436576 kB
MemTotal:        1844596 kB
MemFree:         1112432 kB
MemAvailable:    1493540 kB
Buffers:           55552 kB
Cached:           436576 kB
MemTotal:        1844596 kB
MemFree:         1111920 kB
MemAvailable:    1493028 kB
Buffers:           55552 kB
Cached:           436576 kB
MemTotal:        1844596 kB
MemFree:         1111448 kB
MemAvailable:    1492556 kB
Buffers:           55552 kB
Cached:           436576 kB
MemTotal:        1844596 kB
MemFree:         1111640 kB
MemAvailable:    1492748 kB
Buffers:           55552 kB
Cached:           436576 kB
MemTotal:        1844596 kB
MemFree:         1110524 kB
MemAvailable:    1491632 kB
Buffers:           55552 kB
Cached:           436576 kB
MemTotal:        1844596 kB
MemFree:         1110648 kB
MemAvailable:    1491756 kB
Buffers:           55552 kB
Cached:           436576 kB
MemTotal:        1844596 kB
MemFree:         1113840 kB
MemAvailable:    1494948 kB
Buffers:           55552 kB
Cached:           436576 kB
MemTotal:        1844596 kB
MemFree:         1113244 kB
MemAvailable:    1494436 kB
Buffers:           55552 kB
Cached:           436700 kB
MemTotal:        1844596 kB
MemFree:         1113184 kB
MemAvailable:    1494376 kB
Buffers:           55552 kB
Cached:           436700 kB
MemTotal:        1844596 kB
MemFree:         1111804 kB
MemAvailable:    1493164 kB
Buffers:           55552 kB
Cached:           436948 kB
MemTotal:        1844596 kB
MemFree:         1112936 kB
MemAvailable:    1494464 kB
Buffers:           55552 kB
Cached:           437072 kB
MemTotal:        1844596 kB
MemFree:         1111564 kB
MemAvailable:    1493092 kB
Buffers:           55552 kB
Cached:           437072 kB
MemTotal:        1844596 kB
MemFree:         1112548 kB
MemAvailable:    1494328 kB
Buffers:           55552 kB
Cached:           437196 kB
MemTotal:        1844596 kB
MemFree:         1112548 kB
MemAvailable:    1494328 kB
Buffers:           55552 kB
Cached:           437196 kB
MemTotal:        1844596 kB
MemFree:         1112368 kB
MemAvailable:    1494148 kB
Buffers:           55552 kB
Cached:           437196 kB
MemTotal:        1844596 kB
MemFree:         1112704 kB
MemAvailable:    1494484 kB
Buffers:           55552 kB
Cached:           437196 kB
MemTotal:        1844596 kB
MemFree:         1112656 kB
MemAvailable:    1494436 kB
Buffers:           55552 kB
Cached:           437196 kB
MemTotal:        1844596 kB
MemFree:         1112488 kB
MemAvailable:    1494268 kB
Buffers:           55552 kB
Cached:           437196 kB
MemTotal:        1844596 kB
MemFree:         1111184 kB
MemAvailable:    1492964 kB
Buffers:           55552 kB
Cached:           437196 kB
MemTotal:        1844596 kB
MemFree:         1112484 kB
MemAvailable:    1494348 kB
Buffers:           55552 kB
Cached:           437320 kB
MemTotal:        1844596 kB
MemFree:         1112516 kB
MemAvailable:    1494380 kB
Buffers:           55552 kB
Cached:           437320 kB
MemTotal:        1844596 kB
MemFree:         1163096 kB
MemAvailable:    1544288 kB
Buffers:           55552 kB
Cached:           436564 kB
