MemTotal:        1844596 kB
MemFree:         1227212 kB
MemAvailable:    1564412 kB
Buffers:           50308 kB
Cached:           401292 kB
MemTotal:        1844596 kB
MemFree:         1199064 kB
MemAvailable:    1536272 kB
Buffers:           50308 kB
Cached:           401296 kB
MemTotal:        1844596 kB
MemFree:         1196956 kB
MemAvailable:    1534164 kB
Buffers:           50308 kB
Cached:           401296 kB
MemTotal:        1844596 kB
MemFree:         1196340 kB
MemAvailable:    1533548 kB
Buffers:           50308 kB
Cached:           401296 kB
MemTotal:        1844596 kB
MemFree:         1196228 kB
MemAvailable:    1533436 kB
Buffers:           50308 kB
Cached:           401296 kB
MemTotal:        1844596 kB
MemFree:         1194560 kB
MemAvailable:    1531768 kB
Buffers:           50308 kB
Cached:           401296 kB
MemTotal:        1844596 kB
MemFree:         1194808 kB
MemAvailable:    1532016 kB
Buffers:           50308 kB
Cached:           401296 kB
MemTotal:        1844596 kB
MemFree:         1193064 kB
MemAvailable:    1530272 kB
Buffers:           50308 kB
Cached:           401296 kB
MemTotal:        1844596 kB
MemFree:         1190276 kB
MemAvailable:    1527484 kB
Buffers:           50308 kB
Cached:           401296 kB
MemTotal:        1844596 kB
MemFree:         1188044 kB
MemAvailable:    1525252 kB
Buffers:           50308 kB
Cached:           401296 kB
MemTotal:        1844596 kB
MemFree:         1186560 kB
MemAvailable:    1523768 kB
Buffers:           50308 kB
Cached:           401296 kB
MemTotal:        1844596 kB
MemFree:         1186260 kB
MemAvailable:    1523468 kB
Buffers:           50308 kB
Cached:           401296 kB
MemTotal:        1844596 kB
MemFree:         1186608 kB
MemAvailable:    1523816 kB
Buffers:           50308 kB
Cached:           401296 kB
MemTotal:        1844596 kB
MemFree:         1186504 kB
MemAvailable:    1523712 kB
Buffers:           50308 kB
Cached:           401296 kB
MemTotal:        1844596 kB
MemFree:         1185984 kB
MemAvailable:    1523192 kB
Buffers:           50308 kB
Cached:           401296 kB
MemTotal:        1844596 kB
MemFree:         1186236 kB
MemAvailable:    1523444 kB
Buffers:           50308 kB
Cached:           401296 kB
MemTotal:        1844596 kB
MemFree:         1185564 kB
MemAvailable:    1522772 kB
Buffers:           50308 kB
Cached:           401296 kB
MemTotal:        1844596 kB
MemFree:         1183448 kB
MemAvailable:    1520656 kB
Buffers:           50308 kB
Cached:           401296 kB
MemTotal:        1844596 kB
MemFree:         1183952 kB
MemAvailable:    1521160 kB
Buffers:           50308 kB
Cached:           401296 kB
MemTotal:        1844596 kB
MemFree:         1184012 kB
MemAvailable:    1521220 kB
Buffers:           50308 kB
Cached:           401296 kB
MemTotal:        1844596 kB
MemFree:         1183324 kB
MemAvailable:    1520532 kB
Buffers:           50308 kB
Cached:           401296 kB
MemTotal:        1844596 kB
MemFree:         1182392 kB
MemAvailable:    1519600 kB
Buffers:           50308 kB
Cached:           401296 kB
MemTotal:        1844596 kB
MemFree:         1183764 kB
MemAvailable:    1520972 kB
Buffers:           50308 kB
Cached:           401296 kB
MemTotal:        1844596 kB
MemFree:         1183968 kB
MemAvailable:    1521176 kB
Buffers:           50308 kB
Cached:           401296 kB
MemTotal:        1844596 kB
MemFree:         1183076 kB
MemAvailable:    1520284 kB
Buffers:           50308 kB
Cached:           401296 kB
MemTotal:        1844596 kB
MemFree:         1183732 kB
MemAvailable:    1520940 kB
Buffers:           50308 kB
Cached:           401296 kB
MemTotal:        1844596 kB
MemFree:         1183952 kB
MemAvailable:    1521160 kB
Buffers:           50308 kB
Cached:           401296 kB
MemTotal:        1844596 kB
MemFree:         1185140 kB
MemAvailable:    1522348 kB
Buffers:           50308 kB
Cached:           401296 kB
MemTotal:        1844596 kB
MemFree:         1185392 kB
MemAvailable:    1522600 kB
Buffers:           50308 kB
Cached:           401296 kB
MemTotal:        1844596 kB
MemFree:         1183580 kB
MemAvailable:    1520788 kB
Buffers:           50308 kB
Cached:           401296 kB
MemTotal:        1844596 kB
MemFree:         1182400 kB
MemAvailable:    1519608 kB
Buffers:           50308 kB
Cached:           401296 kB
MemTotal:        1844596 kB
MemFree:         1181780 kB
MemAvailable:    1518988 kB
Buffers:           50308 kB
Cached:           401296 kB
MemTotal:        1844596 kB
MemFree:         1180232 kB
MemAvailable:    1517440 kB
Buffers:           50308 kB
Cached:           401296 kB
MemTotal:        1844596 kB
MemFree:         1179604 kB
MemAvailable:    1516812 kB
Buffers:           50308 kB
Cached:           401296 kB
MemTotal:        1844596 kB
MemFree:         1179488 kB
MemAvailable:    1516696 kB
Buffers:           50308 kB
Cached:           401296 kB
MemTotal:        1844596 kB
MemFree:         1178744 kB
MemAvailable:    1515952 kB
Buffers:           50308 kB
Cached:           401296 kB
MemTotal:        1844596 kB
MemFree:         1178620 kB
MemAvailable:    1515828 kB
Buffers:           50308 kB
Cached:           401296 kB
MemTotal:        1844596 kB
MemFree:         1178612 kB
MemAvailable:    1515820 kB
Buffers:           50308 kB
Cached:           401296 kB
MemTotal:        1844596 kB
MemFree:         1178612 kB
MemAvailable:    1515820 kB
Buffers:           50308 kB
Cached:           401296 kB
MemTotal:        1844596 kB
MemFree:         1178480 kB
MemAvailable:    1515688 kB
Buffers:           50308 kB
Cached:           401296 kB
MemTotal:        1844596 kB
MemFree:         1179348 kB
MemAvailable:    1516556 kB
Buffers:           50308 kB
Cached:           401296 kB
MemTotal:        1844596 kB
MemFree:         1179600 kB
MemAvailable:    1516808 kB
Buffers:           50308 kB
Cached:           401296 kB
MemTotal:        1844596 kB
MemFree:         1177876 kB
MemAvailable:    1515084 kB
Buffers:           50308 kB
Cached:           401296 kB
MemTotal:        1844596 kB
MemFree:         1178920 kB
MemAvailable:    1516128 kB
Buffers:           50308 kB
Cached:           401296 kB
MemTotal:        1844596 kB
MemFree:         1178664 kB
MemAvailable:    1515872 kB
Buffers:           50308 kB
Cached:           401296 kB
MemTotal:        1844596 kB
MemFree:         1177356 kB
MemAvailable:    1514564 kB
Buffers:           50308 kB
Cached:           401296 kB
MemTotal:        1844596 kB
MemFree:         1177488 kB
MemAvailable:    1514696 kB
Buffers:           50308 kB
Cached:           401296 kB
MemTotal:        1844596 kB
MemFree:         1177372 kB
MemAvailable:    1514580 kB
Buffers:           50308 kB
Cached:           401296 kB
MemTotal:        1844596 kB
MemFree:         1177372 kB
MemAvailable:    1514580 kB
Buffers:           50308 kB
Cached:           401296 kB
MemTotal:        1844596 kB
MemFree:         1177504 kB
MemAvailable:    1514712 kB
Buffers:           50308 kB
Cached:           401296 kB
MemTotal:        1844596 kB
MemFree:         1178688 kB
MemAvailable:    1515896 kB
Buffers:           50308 kB
Cached:           401296 kB
MemTotal:        1844596 kB
MemFree:         1178496 kB
MemAvailable:    1515704 kB
Buffers:           50308 kB
Cached:           401296 kB
MemTotal:        1844596 kB
MemFree:         1177316 kB
MemAvailable:    1514524 kB
Buffers:           50308 kB
Cached:           401296 kB
MemTotal:        1844596 kB
MemFree:         1178424 kB
MemAvailable:    1515632 kB
Buffers:           50308 kB
Cached:           401296 kB
MemTotal:        1844596 kB
MemFree:         1178000 kB
MemAvailable:    1515208 kB
Buffers:           50308 kB
Cached:           401296 kB
MemTotal:        1844596 kB
MemFree:         1178120 kB
MemAvailable:    1515328 kB
Buffers:           50308 kB
Cached:           401296 kB
MemTotal:        1844596 kB
MemFree:         1177132 kB
MemAvailable:    1514340 kB
Buffers:           50308 kB
Cached:           401296 kB
MemTotal:        1844596 kB
MemFree:         1177836 kB
MemAvailable:    1515048 kB
Buffers:           50308 kB
Cached:           401300 kB
MemTotal:        1844596 kB
MemFree:         1177688 kB
MemAvailable:    1514900 kB
Buffers:           50308 kB
Cached:           401300 kB
MemTotal:        1844596 kB
MemFree:         1177688 kB
MemAvailable:    1514900 kB
Buffers:           50308 kB
Cached:           401300 kB
MemTotal:        1844596 kB
MemFree:         1177732 kB
MemAvailable:    1514944 kB
Buffers:           50308 kB
Cached:           401300 kB
MemTotal:        1844596 kB
MemFree:         1176568 kB
MemAvailable:    1513780 kB
Buffers:           50308 kB
Cached:           401300 kB
MemTotal:        1844596 kB
MemFree:         1177804 kB
MemAvailable:    1515016 kB
Buffers:           50308 kB
Cached:           401300 kB
MemTotal:        1844596 kB
MemFree:         1177788 kB
MemAvailable:    1515000 kB
Buffers:           50308 kB
Cached:           401300 kB
MemTotal:        1844596 kB
MemFree:         1176512 kB
MemAvailable:    1513724 kB
Buffers:           50308 kB
Cached:           401300 kB
MemTotal:        1844596 kB
MemFree:         1177612 kB
MemAvailable:    1514824 kB
Buffers:           50308 kB
Cached:           401300 kB
MemTotal:        1844596 kB
MemFree:         1177864 kB
MemAvailable:    1515076 kB
Buffers:           50308 kB
Cached:           401300 kB
MemTotal:        1844596 kB
MemFree:         1175504 kB
MemAvailable:    1512716 kB
Buffers:           50308 kB
Cached:           401300 kB
MemTotal:        1844596 kB
MemFree:         1175632 kB
MemAvailable:    1512844 kB
Buffers:           50308 kB
Cached:           401300 kB
MemTotal:        1844596 kB
MemFree:         1170932 kB
MemAvailable:    1508144 kB
Buffers:           50308 kB
Cached:           401300 kB
MemTotal:        1844596 kB
MemFree:         1169072 kB
MemAvailable:    1506284 kB
Buffers:           50308 kB
Cached:           401300 kB
MemTotal:        1844596 kB
MemFree:         1170140 kB
MemAvailable:    1507352 kB
Buffers:           50308 kB
Cached:           401300 kB
MemTotal:        1844596 kB
MemFree:         1168692 kB
MemAvailable:    1505904 kB
Buffers:           50308 kB
Cached:           401300 kB
MemTotal:        1844596 kB
MemFree:         1168556 kB
MemAvailable:    1505768 kB
Buffers:           50308 kB
Cached:           401300 kB
MemTotal:        1844596 kB
MemFree:         1170236 kB
MemAvailable:    1507448 kB
Buffers:           50308 kB
Cached:           401300 kB
MemTotal:        1844596 kB
MemFree:         1169740 kB
MemAvailable:    1506952 kB
Buffers:           50308 kB
Cached:           401300 kB
MemTotal:        1844596 kB
MemFree:         1169992 kB
MemAvailable:    1507204 kB
Buffers:           50308 kB
Cached:           401300 kB
MemTotal:        1844596 kB
MemFree:         1169680 kB
MemAvailable:    1506892 kB
Buffers:           50308 kB
Cached:           401300 kB
MemTotal:        1844596 kB
MemFree:         1169912 kB
MemAvailable:    1507124 kB
Buffers:           50308 kB
Cached:           401300 kB
MemTotal:        1844596 kB
MemFree:         1169880 kB
MemAvailable:    1507092 kB
Buffers:           50308 kB
Cached:           401300 kB
MemTotal:        1844596 kB
MemFree:         1169880 kB
MemAvailable:    1507092 kB
Buffers:           50308 kB
Cached:           401300 kB
MemTotal:        1844596 kB
MemFree:         1168512 kB
MemAvailable:    1505724 kB
Buffers:           50308 kB
Cached:           401300 kB
MemTotal:        1844596 kB
MemFree:         1168516 kB
MemAvailable:    1505728 kB
Buffers:           50308 kB
Cached:           401300 kB
MemTotal:        1844596 kB
MemFree:         1169428 kB
MemAvailable:    1506640 kB
Buffers:           50308 kB
Cached:           401300 kB
MemTotal:        1844596 kB
MemFree:         1169056 kB
MemAvailable:    1506268 kB
Buffers:           50308 kB
Cached:           401300 kB
MemTotal:        1844596 kB
MemFree:         1168736 kB
MemAvailable:    1505948 kB
Buffers:           50308 kB
Cached:           401300 kB
MemTotal:        1844596 kB
MemFree:         1168320 kB
MemAvailable:    1505532 kB
Buffers:           50308 kB
Cached:           401300 kB
MemTotal:        1844596 kB
MemFree:         1168448 kB
MemAvailable:    1505660 kB
Buffers:           50308 kB
Cached:           401300 kB
MemTotal:        1844596 kB
MemFree:         1167140 kB
MemAvailable:    1504352 kB
Buffers:           50308 kB
Cached:           401300 kB
MemTotal:        1844596 kB
MemFree:         1166884 kB
MemAvailable:    1504096 kB
Buffers:           50308 kB
Cached:           401300 kB
MemTotal:        1844596 kB
MemFree:         1166824 kB
MemAvailable:    1504036 kB
Buffers:           50308 kB
Cached:           401300 kB
MemTotal:        1844596 kB
MemFree:         1166468 kB
MemAvailable:    1503680 kB
Buffers:           50308 kB
Cached:           401300 kB
MemTotal:        1844596 kB
MemFree:         1166820 kB
MemAvailable:    1504032 kB
Buffers:           50308 kB
Cached:           401300 kB
MemTotal:        1844596 kB
MemFree:         1166840 kB
MemAvailable:    1504052 kB
Buffers:           50308 kB
Cached:           401300 kB
MemTotal:        1844596 kB
MemFree:         1166320 kB
MemAvailable:    1503532 kB
Buffers:           50308 kB
Cached:           401300 kB
MemTotal:        1844596 kB
MemFree:         1165972 kB
MemAvailable:    1503184 kB
Buffers:           50308 kB
Cached:           401300 kB
MemTotal:        1844596 kB
MemFree:         1166100 kB
MemAvailable:    1503312 kB
Buffers:           50308 kB
Cached:           401300 kB
MemTotal:        1844596 kB
MemFree:         1165104 kB
MemAvailable:    1502316 kB
Buffers:           50308 kB
Cached:           401300 kB
MemTotal:        1844596 kB
MemFree:         1166088 kB
MemAvailable:    1503304 kB
Buffers:           50308 kB
Cached:           401304 kB
MemTotal:        1844596 kB
MemFree:         1164684 kB
MemAvailable:    1501900 kB
Buffers:           50308 kB
Cached:           401304 kB
MemTotal:        1844596 kB
MemFree:         1166164 kB
MemAvailable:    1503380 kB
Buffers:           50308 kB
Cached:           401304 kB
MemTotal:        1844596 kB
MemFree:         1166048 kB
MemAvailable:    1503264 kB
Buffers:           50308 kB
Cached:           401304 kB
MemTotal:        1844596 kB
MemFree:         1165728 kB
MemAvailable:    1502944 kB
Buffers:           50308 kB
Cached:           401304 kB
MemTotal:        1844596 kB
MemFree:         1166044 kB
MemAvailable:    1503260 kB
Buffers:           50308 kB
Cached:           401304 kB
MemTotal:        1844596 kB
MemFree:         1166072 kB
MemAvailable:    1503288 kB
Buffers:           50308 kB
Cached:           401304 kB
MemTotal:        1844596 kB
MemFree:         1164476 kB
MemAvailable:    1501692 kB
Buffers:           50308 kB
Cached:           401304 kB
MemTotal:        1844596 kB
MemFree:         1164112 kB
MemAvailable:    1501328 kB
Buffers:           50308 kB
Cached:           401304 kB
MemTotal:        1844596 kB
MemFree:         1157036 kB
MemAvailable:    1494252 kB
Buffers:           50308 kB
Cached:           401304 kB
MemTotal:        1844596 kB
MemFree:         1158408 kB
MemAvailable:    1495624 kB
Buffers:           50308 kB
Cached:           401304 kB
MemTotal:        1844596 kB
MemFree:         1158256 kB
MemAvailable:    1495472 kB
Buffers:           50308 kB
Cached:           401304 kB
MemTotal:        1844596 kB
MemFree:         1157980 kB
MemAvailable:    1495196 kB
Buffers:           50308 kB
Cached:           401304 kB
MemTotal:        1844596 kB
MemFree:         1157836 kB
MemAvailable:    1495052 kB
Buffers:           50308 kB
Cached:           401304 kB
MemTotal:        1844596 kB
MemFree:         1157664 kB
MemAvailable:    1494880 kB
Buffers:           50308 kB
Cached:           401304 kB
MemTotal:        1844596 kB
MemFree:         1160104 kB
MemAvailable:    1497320 kB
Buffers:           50308 kB
Cached:           401304 kB
MemTotal:        1844596 kB
MemFree:         1159908 kB
MemAvailable:    1497124 kB
Buffers:           50308 kB
Cached:           401304 kB
MemTotal:        1844596 kB
MemFree:         1158532 kB
MemAvailable:    1495748 kB
Buffers:           50312 kB
Cached:           401424 kB
MemTotal:        1844596 kB
MemFree:         1158408 kB
MemAvailable:    1495792 kB
Buffers:           50312 kB
Cached:           401548 kB
MemTotal:        1844596 kB
MemFree:         1158152 kB
MemAvailable:    1495704 kB
Buffers:           50312 kB
Cached:           401672 kB
MemTotal:        1844596 kB
MemFree:         1158028 kB
MemAvailable:    1495664 kB
Buffers:           50312 kB
Cached:           401796 kB
MemTotal:        1844596 kB
MemFree:         1159088 kB
MemAvailable:    1496892 kB
Buffers:           50312 kB
Cached:           401920 kB
MemTotal:        1844596 kB
MemFree:         1157648 kB
MemAvailable:    1495536 kB
Buffers:           50312 kB
Cached:           401920 kB
MemTotal:        1844596 kB
MemFree:         1157640 kB
MemAvailable:    1495528 kB
Buffers:           50312 kB
Cached:           401920 kB
MemTotal:        1844596 kB
MemFree:         1158824 kB
MemAvailable:    1496712 kB
Buffers:           50312 kB
Cached:           401920 kB
MemTotal:        1844596 kB
MemFree:         1157392 kB
MemAvailable:    1495280 kB
Buffers:           50312 kB
Cached:           401920 kB
MemTotal:        1844596 kB
MemFree:         1158572 kB
MemAvailable:    1496460 kB
Buffers:           50312 kB
Cached:           402044 kB
MemTotal:        1844596 kB
MemFree:         1158656 kB
MemAvailable:    1496544 kB
Buffers:           50312 kB
Cached:           402044 kB
MemTotal:        1844596 kB
MemFree:         1158700 kB
MemAvailable:    1496588 kB
Buffers:           50312 kB
Cached:           402044 kB
MemTotal:        1844596 kB
MemFree:         1158920 kB
MemAvailable:    1496136 kB
Buffers:           50312 kB
Cached:           401328 kB
MemTotal:        1844596 kB
MemFree:         1159144 kB
MemAvailable:    1496360 kB
Buffers:           50312 kB
Cached:           401328 kB
MemTotal:        1844596 kB
MemFree:         1225108 kB
MemAvailable:    1562400 kB
Buffers:           50312 kB
Cached:           401332 kB
