MemTotal:        1844596 kB
MemFree:         1427228 kB
MemAvailable:    1589424 kB
Buffers:           25596 kB
Cached:           250368 kB
MemTotal:        1844596 kB
MemFree:         1400460 kB
MemAvailable:    1562664 kB
Buffers:           25596 kB
Cached:           250372 kB
MemTotal:        1844596 kB
MemFree:         1399840 kB
MemAvailable:    1562044 kB
Buffers:           25596 kB
Cached:           250372 kB
MemTotal:        1844596 kB
MemFree:         1397608 kB
MemAvailable:    1559812 kB
Buffers:           25596 kB
Cached:           250372 kB
MemTotal:        1844596 kB
MemFree:         1396188 kB
MemAvailable:    1558392 kB
Buffers:           25596 kB
Cached:           250372 kB
MemTotal:        1844596 kB
MemFree:         1396232 kB
MemAvailable:    1558436 kB
Buffers:           25596 kB
Cached:           250372 kB
MemTotal:        1844596 kB
MemFree:         1393956 kB
MemAvailable:    1556160 kB
Buffers:           25596 kB
Cached:           250372 kB
MemTotal:        1844596 kB
MemFree:         1390904 kB
MemAvailable:    1553108 kB
Buffers:           25596 kB
Cached:           250372 kB
MemTotal:        1844596 kB
MemFree:         1390656 kB
MemAvailable:    1552860 kB
Buffers:           25596 kB
Cached:           250372 kB
MemTotal:        1844596 kB
MemFree:         1384944 kB
MemAvailable:    1547148 kB
Buffers:           25596 kB
Cached:           250372 kB
MemTotal:        1844596 kB
MemFree:         1385280 kB
MemAvailable:    1547484 kB
Buffers:           25596 kB
Cached:           250372 kB
MemTotal:        1844596 kB
MemFree:         1385988 kB
MemAvailable:    1548192 kB
Buffers:           25596 kB
Cached:           250372 kB
MemTotal:        1844596 kB
MemFree:         1386160 kB
MemAvailable:    1548364 kB
Buffers:           25596 kB
Cached:           250372 kB
MemTotal:        1844596 kB
MemFree:         1386072 kB
MemAvailable:    1548276 kB
Buffers:           25596 kB
Cached:           250372 kB
MemTotal:        1844596 kB
MemFree:         1386232 kB
MemAvailable:    1548436 kB
Buffers:           25596 kB
Cached:           250372 kB
MemTotal:        1844596 kB
MemFree:         1386140 kB
MemAvailable:    1548344 kB
Buffers:           25596 kB
Cached:           250372 kB
MemTotal:        1844596 kB
MemFree:         1384944 kB
MemAvailable:    1547148 kB
Buffers:           25596 kB
Cached:           250372 kB
MemTotal:        1844596 kB
MemFree:         1385280 kB
MemAvailable:    1547484 kB
Buffers:           25596 kB
Cached:           250372 kB
MemTotal:        1844596 kB
MemFree:         1383956 kB
MemAvailable:    1546160 kB
Buffers:           25596 kB
Cached:           250372 kB
MemTotal:        1844596 kB
MemFree:         1383596 kB
MemAvailable:    1545800 kB
Buffers:           25596 kB
Cached:           250372 kB
MemTotal:        1844596 kB
MemFree:         1383672 kB
MemAvailable:    1545876 kB
Buffers:           25596 kB
Cached:           250372 kB
MemTotal:        1844596 kB
MemFree:         1383592 kB
MemAvailable:    1545796 kB
Buffers:           25596 kB
Cached:           250372 kB
MemTotal:        1844596 kB
MemFree:         1382344 kB
MemAvailable:    1544548 kB
Buffers:           25596 kB
Cached:           250372 kB
MemTotal:        1844596 kB
MemFree:         1383752 kB
MemAvailable:    1545956 kB
Buffers:           25596 kB
Cached:           250372 kB
MemTotal:        1844596 kB
MemFree:         1383416 kB
MemAvailable:    1545620 kB
Buffers:           25596 kB
Cached:           250372 kB
MemTotal:        1844596 kB
MemFree:         1383480 kB
MemAvailable:    1545684 kB
Buffers:           25596 kB
Cached:           250372 kB
MemTotal:        1844596 kB
MemFree:         1383652 kB
MemAvailable:    1545856 kB
Buffers:           25596 kB
Cached:           250372 kB
MemTotal:        1844596 kB
MemFree:         1383436 kB
MemAvailable:    1545640 kB
Buffers:           25596 kB
Cached:           250372 kB
MemTotal:        1844596 kB
MemFree:         1384904 kB
MemAvailable:    1547108 kB
Buffers:           25596 kB
Cached:           250372 kB
MemTotal:        1844596 kB
MemFree:         1383356 kB
MemAvailable:    1545560 kB
Buffers:           25596 kB
Cached:           250372 kB
MemTotal:        1844596 kB
MemFree:         1381480 kB
MemAvailable:    1543684 kB
Buffers:           25596 kB
Cached:           250372 kB
MemTotal:        1844596 kB
MemFree:         1381248 kB
MemAvailable:    1543452 kB
Buffers:           25596 kB
Cached:           250372 kB
MemTotal:        1844596 kB
MemFree:         1379744 kB
MemAvailable:    1541948 kB
Buffers:           25596 kB
Cached:           250372 kB
MemTotal:        1844596 kB
MemFree:         1380564 kB
MemAvailable:    1542768 kB
Buffers:           25596 kB
Cached:           250372 kB
MemTotal:        1844596 kB
MemFree:         1379512 kB
MemAvailable:    1541716 kB
Buffers:           25596 kB
Cached:           250372 kB
MemTotal:        1844596 kB
MemFree:         1379944 kB
MemAvailable:    1542148 kB
Buffers:           25596 kB
Cached:           250372 kB
MemTotal:        1844596 kB
MemFree:         1379884 kB
MemAvailable:    1542088 kB
Buffers:           25596 kB
Cached:           250372 kB
MemTotal:        1844596 kB
MemFree:         1379760 kB
MemAvailable:    1541964 kB
Buffers:           25596 kB
Cached:           250372 kB
MemTotal:        1844596 kB
MemFree:         1379696 kB
MemAvailable:    1541900 kB
Buffers:           25596 kB
Cached:           250372 kB
MemTotal:        1844596 kB
MemFree:         1378396 kB
MemAvailable:    1540600 kB
Buffers:           25596 kB
Cached:           250372 kB
MemTotal:        1844596 kB
MemFree:         1379268 kB
MemAvailable:    1541472 kB
Buffers:           25596 kB
Cached:           250372 kB
MemTotal:        1844596 kB
MemFree:         1379260 kB
MemAvailable:    1541464 kB
Buffers:           25596 kB
Cached:           250372 kB
MemTotal:        1844596 kB
MemFree:         1378092 kB
MemAvailable:    1540296 kB
Buffers:           25596 kB
Cached:           250372 kB
MemTotal:        1844596 kB
MemFree:         1378892 kB
MemAvailable:    1541096 kB
Buffers:           25596 kB
Cached:           250372 kB
MemTotal:        1844596 kB
MemFree:         1377644 kB
MemAvailable:    1539848 kB
Buffers:           25596 kB
Cached:           250372 kB
MemTotal:        1844596 kB
MemFree:         1376892 kB
MemAvailable:    1539096 kB
Buffers:           25596 kB
Cached:           250372 kB
MemTotal:        1844596 kB
MemFree:         1378340 kB
MemAvailable:    1540544 kB
Buffers:           25596 kB
Cached:           250372 kB
MemTotal:        1844596 kB
MemFree:         1378340 kB
MemAvailable:    1540544 kB
Buffers:           25596 kB
Cached:           250372 kB
MemTotal:        1844596 kB
MemFree:         1377760 kB
MemAvailable:    1539964 kB
Buffers:           25596 kB
Cached:           250372 kB
MemTotal:        1844596 kB
MemFree:         1377144 kB
MemAvailable:    1539348 kB
Buffers:           25596 kB
Cached:           250372 kB
MemTotal:        1844596 kB
MemFree:         1378236 kB
MemAvailable:    1540440 kB
Buffers:           25596 kB
Cached:           250372 kB
MemTotal:        1844596 kB
MemFree:         1378572 kB
MemAvailable:    1540776 kB
Buffers:           25596 kB
Cached:           250372 kB
MemTotal:        1844596 kB
MemFree:         1377148 kB
MemAvailable:    1539352 kB
Buffers:           25596 kB
Cached:           250372 kB
MemTotal:        1844596 kB
MemFree:         1377272 kB
MemAvailable:    1539476 kB
Buffers:           25596 kB
Cached:           250372 kB
MemTotal:        1844596 kB
MemFree:         1378472 kB
MemAvailable:    1540676 kB
Buffers:           25596 kB
Cached:           250372 kB
MemTotal:        1844596 kB
MemFree:         1377268 kB
MemAvailable:    1539472 kB
Buffers:           25596 kB
Cached:           250372 kB
MemTotal:        1844596 kB
MemFree:         1378244 kB
MemAvailable:    1540448 kB
Buffers:           25596 kB
Cached:           250372 kB
MemTotal:        1844596 kB
MemFree:         1378244 kB
MemAvailable:    1540448 kB
Buffers:           25596 kB
Cached:           250372 kB
MemTotal:        1844596 kB
MemFree:         1377264 kB
MemAvailable:    1539468 kB
Buffers:           25596 kB
Cached:           250372 kB
MemTotal:        1844596 kB
MemFree:         1376856 kB
MemAvailable:    1539060 kB
Buffers:           25596 kB
Cached:           250372 kB
MemTotal:        1844596 kB
MemFree:         1377828 kB
MemAvailable:    1540040 kB
Buffers:           25596 kB
Cached:           250380 kB
MemTotal:        1844596 kB
MemFree:         1376536 kB
MemAvailable:    1538748 kB
Buffers:           25596 kB
Cached:           250380 kB
MemTotal:        1844596 kB
MemFree:         1377512 kB
MemAvailable:    1539724 kB
Buffers:           25596 kB
Cached:           250380 kB
MemTotal:        1844596 kB
MemFree:         1377764 kB
MemAvailable:    1539976 kB
Buffers:           25596 kB
Cached:           250380 kB
MemTotal:        1844596 kB
MemFree:         1377580 kB
MemAvailable:    1539792 kB
Buffers:           25596 kB
Cached:           250380 kB
MemTotal:        1844596 kB
MemFree:         1377408 kB
MemAvailable:    1539620 kB
Buffers:           25596 kB
Cached:           250380 kB
MemTotal:        1844596 kB
MemFree:         1376536 kB
MemAvailable:    1538748 kB
Buffers:           25596 kB
Cached:           250380 kB
MemTotal:        1844596 kB
MemFree:         1377576 kB
MemAvailable:    1539788 kB
Buffers:           25596 kB
Cached:           250380 kB
MemTotal:        1844596 kB
MemFree:         1376900 kB
MemAvailable:    1539112 kB
Buffers:           25596 kB
Cached:           250380 kB
MemTotal:        1844596 kB
MemFree:         1377236 kB
MemAvailable:    1539448 kB
Buffers:           25596 kB
Cached:           250380 kB
MemTotal:        1844596 kB
MemFree:         1377272 kB
MemAvailable:    1539484 kB
Buffers:           25596 kB
Cached:           250380 kB
MemTotal:        1844596 kB
MemFree:         1376280 kB
MemAvailable:    1538492 kB
Buffers:           25596 kB
Cached:           250380 kB
MemTotal:        1844596 kB
MemFree:         1375172 kB
MemAvailable:    1537384 kB
Buffers:           25596 kB
Cached:           250380 kB
MemTotal:        1844596 kB
MemFree:         1375420 kB
MemAvailable:    1537632 kB
Buffers:           25596 kB
Cached:           250380 kB
MemTotal:        1844596 kB
MemFree:         1370644 kB
MemAvailable:    1532856 kB
Buffers:           25596 kB
Cached:           250380 kB
MemTotal:        1844596 kB
MemFree:         1370088 kB
MemAvailable:    1532300 kB
Buffers:           25596 kB
Cached:           250380 kB
MemTotal:        1844596 kB
MemFree:         1368840 kB
MemAvailable:    1531052 kB
Buffers:           25596 kB
Cached:           250380 kB
MemTotal:        1844596 kB
MemFree:         1369584 kB
MemAvailable:    1531796 kB
Buffers:           25596 kB
Cached:           250380 kB
MemTotal:        1844596 kB
MemFree:         1368608 kB
MemAvailable:    1530820 kB
Buffers:           25596 kB
Cached:           250380 kB
MemTotal:        1844596 kB
MemFree:         1369652 kB
MemAvailable:    1531864 kB
Buffers:           25596 kB
Cached:           250380 kB
MemTotal:        1844596 kB
MemFree:         1368344 kB
MemAvailable:    1530556 kB
Buffers:           25596 kB
Cached:           250380 kB
MemTotal:        1844596 kB
MemFree:         1368304 kB
MemAvailable:    1530516 kB
Buffers:           25596 kB
Cached:           250380 kB
MemTotal:        1844596 kB
MemFree:         1368296 kB
MemAvailable:    1530508 kB
Buffers:           25596 kB
Cached:           250380 kB
MemTotal:        1844596 kB
MemFree:         1368296 kB
MemAvailable:    1530508 kB
Buffers:           25596 kB
Cached:           250380 kB
MemTotal:        1844596 kB
MemFree:         1368332 kB
MemAvailable:    1530544 kB
Buffers:           25596 kB
Cached:           250380 kB
MemTotal:        1844596 kB
MemFree:         1369696 kB
MemAvailable:    1531908 kB
Buffers:           25596 kB
Cached:           250380 kB
MemTotal:        1844596 kB
MemFree:         1369460 kB
MemAvailable:    1531672 kB
Buffers:           25596 kB
Cached:           250380 kB
MemTotal:        1844596 kB
MemFree:         1368328 kB
MemAvailable:    1530540 kB
Buffers:           25596 kB
Cached:           250380 kB
MemTotal:        1844596 kB
MemFree:         1369528 kB
MemAvailable:    1531740 kB
Buffers:           25596 kB
Cached:           250380 kB
MemTotal:        1844596 kB
MemFree:         1368600 kB
MemAvailable:    1530812 kB
Buffers:           25608 kB
Cached:           250368 kB
MemTotal:        1844596 kB
MemFree:         1368956 kB
MemAvailable:    1531168 kB
Buffers:           25608 kB
Cached:           250368 kB
MemTotal:        1844596 kB
MemFree:         1368600 kB
MemAvailable:    1530812 kB
Buffers:           25608 kB
Cached:           250368 kB
MemTotal:        1844596 kB
MemFree:         1368644 kB
MemAvailable:    1530856 kB
Buffers:           25608 kB
Cached:           250368 kB
MemTotal:        1844596 kB
MemFree:         1367840 kB
MemAvailable:    1530052 kB
Buffers:           25608 kB
Cached:           250368 kB
MemTotal:        1844596 kB
MemFree:         1367924 kB
MemAvailable:    1530136 kB
Buffers:           25608 kB
Cached:           250368 kB
MemTotal:        1844596 kB
MemFree:         1367904 kB
MemAvailable:    1530116 kB
Buffers:           25608 kB
Cached:           250368 kB
MemTotal:        1844596 kB
MemFree:         1366176 kB
MemAvailable:    1528388 kB
Buffers:           25608 kB
Cached:           250368 kB
MemTotal:        1844596 kB
MemFree:         1366740 kB
MemAvailable:    1528952 kB
Buffers:           25608 kB
Cached:           250368 kB
MemTotal:        1844596 kB
MemFree:         1365492 kB
MemAvailable:    1527704 kB
Buffers:           25608 kB
Cached:           250368 kB
MemTotal:        1844596 kB
MemFree:         1366560 kB
MemAvailable:    1528772 kB
Buffers:           25608 kB
Cached:           250368 kB
MemTotal:        1844596 kB
MemFree:         1366056 kB
MemAvailable:    1528268 kB
Buffers:           25608 kB
Cached:           250368 kB
MemTotal:        1844596 kB
MemFree:         1365808 kB
MemAvailable:    1528020 kB
Buffers:           25608 kB
Cached:           250368 kB
MemTotal:        1844596 kB
MemFree:         1365872 kB
MemAvailable:    1528084 kB
Buffers:           25608 kB
Cached:           250368 kB
MemTotal:        1844596 kB
MemFree:         1364568 kB
MemAvailable:    1526780 kB
Buffers:           25608 kB
Cached:           250368 kB
MemTotal:        1844596 kB
MemFree:         1364576 kB
MemAvailable:    1526788 kB
Buffers:           25608 kB
Cached:           250368 kB
MemTotal:        1844596 kB
MemFree:         1365876 kB
MemAvailable:    1528088 kB
Buffers:           25608 kB
Cached:           250368 kB
MemTotal:        1844596 kB
MemFree:         1365684 kB
MemAvailable:    1527896 kB
Buffers:           25608 kB
Cached:           250368 kB
MemTotal:        1844596 kB
MemFree:         1365796 kB
MemAvailable:    1528008 kB
Buffers:           25608 kB
Cached:           250368 kB
MemTotal:        1844596 kB
MemFree:         1364344 kB
MemAvailable:    1526556 kB
Buffers:           25608 kB
Cached:           250368 kB
MemTotal:        1844596 kB
MemFree:         1364344 kB
MemAvailable:    1526556 kB
Buffers:           25608 kB
Cached:           250368 kB
MemTotal:        1844596 kB
MemFree:         1365604 kB
MemAvailable:    1527816 kB
Buffers:           25608 kB
Cached:           250368 kB
MemTotal:        1844596 kB
MemFree:         1365112 kB
MemAvailable:    1527324 kB
Buffers:           25608 kB
Cached:           250368 kB
MemTotal:        1844596 kB
MemFree:         1365112 kB
MemAvailable:    1527324 kB
Buffers:           25608 kB
Cached:           250368 kB
MemTotal:        1844596 kB
MemFree:         1364924 kB
MemAvailable:    1527136 kB
Buffers:           25608 kB
Cached:           250368 kB
MemTotal:        1844596 kB
MemFree:         1359796 kB
MemAvailable:    1522008 kB
Buffers:           25608 kB
Cached:           250368 kB
MemTotal:        1844596 kB
MemFree:         1357804 kB
MemAvailable:    1520016 kB
Buffers:           25608 kB
Cached:           250368 kB
MemTotal:        1844596 kB
MemFree:         1356572 kB
MemAvailable:    1518784 kB
Buffers:           25608 kB
Cached:           250368 kB
MemTotal:        1844596 kB
MemFree:         1357672 kB
MemAvailable:    1519884 kB
Buffers:           25608 kB
Cached:           250368 kB
MemTotal:        1844596 kB
MemFree:         1357192 kB
MemAvailable:    1519404 kB
Buffers:           25608 kB
Cached:           250368 kB
MemTotal:        1844596 kB
MemFree:         1357692 kB
MemAvailable:    1519904 kB
Buffers:           25608 kB
Cached:           250368 kB
MemTotal:        1844596 kB
MemFree:         1357860 kB
MemAvailable:    1520072 kB
Buffers:           25608 kB
Cached:           250368 kB
MemTotal:        1844596 kB
MemFree:         1356252 kB
MemAvailable:    1518464 kB
Buffers:           25608 kB
Cached:           250368 kB
MemTotal:        1844596 kB
MemFree:         1358484 kB
MemAvailable:    1520696 kB
Buffers:           25608 kB
Cached:           250368 kB
MemTotal:        1844596 kB
MemFree:         1359608 kB
MemAvailable:    1521904 kB
Buffers:           25608 kB
Cached:           250492 kB
MemTotal:        1844596 kB
MemFree:         1359424 kB
MemAvailable:    1521888 kB
Buffers:           25608 kB
Cached:           250616 kB
MemTotal:        1844596 kB
MemFree:         1359236 kB
MemAvailable:    1521784 kB
Buffers:           25608 kB
Cached:           250740 kB
MemTotal:        1844596 kB
MemFree:         1357936 kB
MemAvailable:    1520568 kB
Buffers:           25608 kB
Cached:           250740 kB
MemTotal:        1844596 kB
MemFree:         1359112 kB
MemAvailable:    1521848 kB
Buffers:           25608 kB
Cached:           250884 kB
MemTotal:        1844596 kB
MemFree:         1358912 kB
MemAvailable:    1521732 kB
Buffers:           25608 kB
Cached:           251008 kB
MemTotal:        1844596 kB
MemFree:         1358532 kB
MemAvailable:    1521436 kB
Buffers:           25608 kB
Cached:           251008 kB
MemTotal:        1844596 kB
MemFree:         1358616 kB
MemAvailable:    1521520 kB
Buffers:           25608 kB
Cached:           251008 kB
MemTotal:        1844596 kB
MemFree:         1358452 kB
MemAvailable:    1521356 kB
Buffers:           25608 kB
Cached:           251008 kB
MemTotal:        1844596 kB
MemFree:         1358428 kB
MemAvailable:    1521332 kB
Buffers:           25608 kB
Cached:           251008 kB
MemTotal:        1844596 kB
MemFree:         1358500 kB
MemAvailable:    1521404 kB
Buffers:           25608 kB
Cached:           251060 kB
MemTotal:        1844596 kB
MemFree:         1358500 kB
MemAvailable:    1521404 kB
Buffers:           25608 kB
Cached:           251060 kB
MemTotal:        1844596 kB
MemFree:         1358560 kB
MemAvailable:    1521464 kB
Buffers:           25608 kB
Cached:           251060 kB
MemTotal:        1844596 kB
MemFree:         1359004 kB
MemAvailable:    1521320 kB
Buffers:           25608 kB
Cached:           250444 kB
MemTotal:        1844596 kB
MemFree:         1357764 kB
MemAvailable:    1520080 kB
Buffers:           25608 kB
Cached:           250444 kB
MemTotal:        1844596 kB
MemFree:         1426724 kB
MemAvailable:    1589040 kB
Buffers:           25608 kB
Cached:           250444 kB
