MemTotal:        1844596 kB
MemFree:         1387788 kB
MemAvailable:    1583596 kB
Buffers:           30788 kB
Cached:           280868 kB
MemTotal:        1844596 kB
MemFree:         1358564 kB
MemAvailable:    1554376 kB
Buffers:           30788 kB
Cached:           280872 kB
MemTotal:        1844596 kB
MemFree:         1358564 kB
MemAvailable:    1554376 kB
Buffers:           30788 kB
Cached:           280872 kB
MemTotal:        1844596 kB
MemFree:         1358068 kB
MemAvailable:    1553880 kB
Buffers:           30788 kB
Cached:           280872 kB
MemTotal:        1844596 kB
MemFree:         1356540 kB
MemAvailable:    1552352 kB
Buffers:           30788 kB
Cached:           280872 kB
MemTotal:        1844596 kB
MemFree:         1355852 kB
MemAvailable:    1551664 kB
Buffers:           30788 kB
Cached:           280872 kB
MemTotal:        1844596 kB
MemFree:         1356780 kB
MemAvailable:    1552592 kB
Buffers:           30788 kB
Cached:           280872 kB
MemTotal:        1844596 kB
MemFree:         1353976 kB
MemAvailable:    1549788 kB
Buffers:           30788 kB
Cached:           280872 kB
MemTotal:        1844596 kB
MemFree:         1353248 kB
MemAvailable:    1549060 kB
Buffers:           30788 kB
Cached:           280872 kB
MemTotal:        1844596 kB
MemFree:         1350132 kB
MemAvailable:    1545944 kB
Buffers:           30788 kB
Cached:           280872 kB
MemTotal:        1844596 kB
MemFree:         1350024 kB
MemAvailable:    1545836 kB
Buffers:           30788 kB
Cached:           280872 kB
MemTotal:        1844596 kB
MemFree:         1346720 kB
MemAvailable:    1542532 kB
Buffers:           30788 kB
Cached:           280872 kB
MemTotal:        1844596 kB
MemFree:         1346972 kB
MemAvailable:    1542784 kB
Buffers:           30788 kB
Cached:           280872 kB
MemTotal:        1844596 kB
MemFree:         1346804 kB
MemAvailable:    1542616 kB
Buffers:           30788 kB
Cached:           280872 kB
MemTotal:        1844596 kB
MemFree:         1346972 kB
MemAvailable:    1542784 kB
Buffers:           30788 kB
Cached:           280872 kB
MemTotal:        1844596 kB
MemFree:         1345528 kB
MemAvailable:    1541340 kB
Buffers:           30788 kB
Cached:           280872 kB
MemTotal:        1844596 kB
MemFree:         1346504 kB
MemAvailable:    1542316 kB
Buffers:           30788 kB
Cached:           280872 kB
MemTotal:        1844596 kB
MemFree:         1346056 kB
MemAvailable:    1541868 kB
Buffers:           30788 kB
Cached:           280872 kB
MemTotal:        1844596 kB
MemFree:         1345868 kB
MemAvailable:    1541680 kB
Buffers:           30788 kB
Cached:           280872 kB
MemTotal:        1844596 kB
MemFree:         1344196 kB
MemAvailable:    1540008 kB
Buffers:           30788 kB
Cached:           280872 kB
MemTotal:        1844596 kB
MemFree:         1344752 kB
MemAvailable:    1540564 kB
Buffers:           30788 kB
Cached:           280872 kB
MemTotal:        1844596 kB
MemFree:         1344496 kB
MemAvailable:    1540308 kB
Buffers:           30788 kB
Cached:           280872 kB
MemTotal:        1844596 kB
MemFree:         1343308 kB
MemAvailable:    1539120 kB
Buffers:           30788 kB
Cached:           280872 kB
MemTotal:        1844596 kB
MemFree:         1343884 kB
MemAvailable:    1539696 kB
Buffers:           30788 kB
Cached:           280872 kB
MemTotal:        1844596 kB
MemFree:         1343204 kB
MemAvailable:    1539016 kB
Buffers:           30788 kB
Cached:           280872 kB
MemTotal:        1844596 kB
MemFree:         1343032 kB
MemAvailable:    1538844 kB
Buffers:           30788 kB
Cached:           280872 kB
MemTotal:        1844596 kB
MemFree:         1344504 kB
MemAvailable:    1540316 kB
Buffers:           30788 kB
Cached:           280872 kB
MemTotal:        1844596 kB
MemFree:         1342944 kB
MemAvailable:    1538756 kB
Buffers:           30788 kB
Cached:           280872 kB
MemTotal:        1844596 kB
MemFree:         1343192 kB
MemAvailable:    1539004 kB
Buffers:           30788 kB
Cached:           280872 kB
MemTotal:        1844596 kB
MemFree:         1345588 kB
MemAvailable:    1541400 kB
Buffers:           30788 kB
Cached:           280872 kB
MemTotal:        1844596 kB
MemFree:         1345808 kB
MemAvailable:    1541620 kB
Buffers:           30788 kB
Cached:           280872 kB
MemTotal:        1844596 kB
MemFree:         1344256 kB
MemAvailable:    1540068 kB
Buffers:           30788 kB
Cached:           280872 kB
MemTotal:        1844596 kB
MemFree:         1341708 kB
MemAvailable:    1537520 kB
Buffers:           30788 kB
Cached:           280872 kB
MemTotal:        1844596 kB
MemFree:         1340832 kB
MemAvailable:    1536644 kB
Buffers:           30788 kB
Cached:           280872 kB
MemTotal:        1844596 kB
MemFree:         1341156 kB
MemAvailable:    1536968 kB
Buffers:           30788 kB
Cached:           280872 kB
MemTotal:        1844596 kB
MemFree:         1341172 kB
MemAvailable:    1536984 kB
Buffers:           30788 kB
Cached:           280872 kB
MemTotal:        1844596 kB
MemFree:         1339908 kB
MemAvailable:    1535720 kB
Buffers:           30788 kB
Cached:           280872 kB
MemTotal:        1844596 kB
MemFree:         1339608 kB
MemAvailable:    1535420 kB
Buffers:           30788 kB
Cached:           280872 kB
MemTotal:        1844596 kB
MemFree:         1340536 kB
MemAvailable:    1536348 kB
Buffers:           30788 kB
Cached:           280872 kB
MemTotal:        1844596 kB
MemFree:         1340404 kB
MemAvailable:    1536216 kB
Buffers:           30788 kB
Cached:           280872 kB
MemTotal:        1844596 kB
MemFree:         1338972 kB
MemAvailable:    1534784 kB
Buffers:           30788 kB
Cached:           280872 kB
MemTotal:        1844596 kB
MemFree:         1339172 kB
MemAvailable:    1534984 kB
Buffers:           30788 kB
Cached:           280872 kB
MemTotal:        1844596 kB
MemFree:         1339972 kB
MemAvailable:    1535784 kB
Buffers:           30788 kB
Cached:           280872 kB
MemTotal:        1844596 kB
MemFree:         1339860 kB
MemAvailable:    1535672 kB
Buffers:           30788 kB
Cached:           280872 kB
MemTotal:        1844596 kB
MemFree:         1339344 kB
MemAvailable:    1535156 kB
Buffers:           30788 kB
Cached:           280872 kB
MemTotal:        1844596 kB
MemFree:         1339596 kB
MemAvailable:    1535408 kB
Buffers:           30788 kB
Cached:           280872 kB
MemTotal:        1844596 kB
MemFree:         1339104 kB
MemAvailable:    1534916 kB
Buffers:           30788 kB
Cached:           280872 kB
MemTotal:        1844596 kB
MemFree:         1339240 kB
MemAvailable:    1535052 kB
Buffers:           30788 kB
Cached:           280872 kB
MemTotal:        1844596 kB
MemFree:         1337932 kB
MemAvailable:    1533744 kB
Buffers:           30788 kB
Cached:           280872 kB
MemTotal:        1844596 kB
MemFree:         1338056 kB
MemAvailable:    1533868 kB
Buffers:           30788 kB
Cached:           280872 kB
MemTotal:        1844596 kB
MemFree:         1338048 kB
MemAvailable:    1533860 kB
Buffers:           30788 kB
Cached:           280872 kB
MemTotal:        1844596 kB
MemFree:         1338180 kB
MemAvailable:    1533992 kB
Buffers:           30788 kB
Cached:           280872 kB
MemTotal:        1844596 kB
MemFree:         1337924 kB
MemAvailable:    1533736 kB
Buffers:           30788 kB
Cached:           280872 kB
MemTotal:        1844596 kB
MemFree:         1339260 kB
MemAvailable:    1535072 kB
Buffers:           30788 kB
Cached:           280872 kB
MemTotal:        1844596 kB
MemFree:         1338492 kB
MemAvailable:    1534304 kB
Buffers:           30796 kB
Cached:           280864 kB
MemTotal:        1844596 kB
MemFree:         1337852 kB
MemAvailable:    1533664 kB
Buffers:           30800 kB
Cached:           280860 kB
MemTotal:        1844596 kB
MemFree:         1337852 kB
MemAvailable:    1533664 kB
Buffers:           30800 kB
Cached:           280860 kB
MemTotal:        1844596 kB
MemFree:         1338916 kB
MemAvailable:    1534728 kB
Buffers:           30800 kB
Cached:           280860 kB
MemTotal:        1844596 kB
MemFree:         1337484 kB
MemAvailable:    1533296 kB
Buffers:           30800 kB
Cached:           280860 kB
MemTotal:        1844596 kB
MemFree:         1337608 kB
MemAvailable:    1533420 kB
Buffers:           30800 kB
Cached:           280860 kB
MemTotal:        1844596 kB
MemFree:         1338552 kB
MemAvailable:    1534364 kB
Buffers:           30800 kB
Cached:           280860 kB
MemTotal:        1844596 kB
MemFree:         1336996 kB
MemAvailable:    1532808 kB
Buffers:           30800 kB
Cached:           280860 kB
MemTotal:        1844596 kB
MemFree:         1338172 kB
MemAvailable:    1533984 kB
Buffers:           30800 kB
Cached:           280860 kB
MemTotal:        1844596 kB
MemFree:         1337988 kB
MemAvailable:    1533800 kB
Buffers:           30800 kB
Cached:           280860 kB
MemTotal:        1844596 kB
MemFree:         1338084 kB
MemAvailable:    1533896 kB
Buffers:           30800 kB
Cached:           280860 kB
MemTotal:        1844596 kB
MemFree:         1337812 kB
MemAvailable:    1533624 kB
Buffers:           30800 kB
Cached:           280860 kB
MemTotal:        1844596 kB
MemFree:         1338304 kB
MemAvailable:    1534116 kB
Buffers:           30800 kB
Cached:           280860 kB
MemTotal:        1844596 kB
MemFree:         1338104 kB
MemAvailable:    1533916 kB
Buffers:           30800 kB
Cached:           280860 kB
MemTotal:        1844596 kB
MemFree:         1338244 kB
MemAvailable:    1534056 kB
Buffers:           30800 kB
Cached:           280860 kB
MemTotal:        1844596 kB
MemFree:         1337064 kB
MemAvailable:    1532876 kB
Buffers:           30800 kB
Cached:           280860 kB
MemTotal:        1844596 kB
MemFree:         1336072 kB
MemAvailable:    1531884 kB
Buffers:           30800 kB
Cached:           280860 kB
MemTotal:        1844596 kB
MemFree:         1334144 kB
MemAvailable:    1529956 kB
Buffers:           30800 kB
Cached:           280860 kB
MemTotal:        1844596 kB
MemFree:         1330988 kB
MemAvailable:    1526800 kB
Buffers:           30800 kB
Cached:           280860 kB
MemTotal:        1844596 kB
MemFree:         1330608 kB
MemAvailable:    1526420 kB
Buffers:           30800 kB
Cached:           280860 kB
MemTotal:        1844596 kB
MemFree:         1330492 kB
MemAvailable:    1526304 kB
Buffers:           30800 kB
Cached:           280860 kB
MemTotal:        1844596 kB
MemFree:         1330420 kB
MemAvailable:    1526232 kB
Buffers:           30800 kB
Cached:           280860 kB
MemTotal:        1844596 kB
MemFree:         1329132 kB
MemAvailable:    1524944 kB
Buffers:           30800 kB
Cached:           280860 kB
MemTotal:        1844596 kB
MemFree:         1330228 kB
MemAvailable:    1526040 kB
Buffers:           30800 kB
Cached:           280860 kB
MemTotal:        1844596 kB
MemFree:         1328868 kB
MemAvailable:    1524680 kB
Buffers:           30800 kB
Cached:           280860 kB
MemTotal:        1844596 kB
MemFree:         1330324 kB
MemAvailable:    1526136 kB
Buffers:           30800 kB
Cached:           280860 kB
MemTotal:        1844596 kB
MemFree:         1330556 kB
MemAvailable:    1526368 kB
Buffers:           30800 kB
Cached:           280860 kB
MemTotal:        1844596 kB
MemFree:         1329068 kB
MemAvailable:    1524880 kB
Buffers:           30800 kB
Cached:           280860 kB
MemTotal:        1844596 kB
MemFree:         1330560 kB
MemAvailable:    1526372 kB
Buffers:           30800 kB
Cached:           280860 kB
MemTotal:        1844596 kB
MemFree:         1329020 kB
MemAvailable:    1524832 kB
Buffers:           30800 kB
Cached:           280860 kB
MemTotal:        1844596 kB
MemFree:         1330260 kB
MemAvailable:    1526072 kB
Buffers:           30800 kB
Cached:           280860 kB
MemTotal:        1844596 kB
MemFree:         1329020 kB
MemAvailable:    1524832 kB
Buffers:           30800 kB
Cached:           280860 kB
MemTotal:        1844596 kB
MemFree:         1330124 kB
MemAvailable:    1525936 kB
Buffers:           30800 kB
Cached:           280860 kB
MemTotal:        1844596 kB
MemFree:         1329740 kB
MemAvailable:    1525552 kB
Buffers:           30800 kB
Cached:           280860 kB
MemTotal:        1844596 kB
MemFree:         1327952 kB
MemAvailable:    1523764 kB
Buffers:           30800 kB
Cached:           280860 kB
MemTotal:        1844596 kB
MemFree:         1328688 kB
MemAvailable:    1524500 kB
Buffers:           30800 kB
Cached:           280860 kB
MemTotal:        1844596 kB
MemFree:         1328208 kB
MemAvailable:    1524020 kB
Buffers:           30800 kB
Cached:           280860 kB
MemTotal:        1844596 kB
MemFree:         1328500 kB
MemAvailable:    1524312 kB
Buffers:           30800 kB
Cached:           280860 kB
MemTotal:        1844596 kB
MemFree:         1327588 kB
MemAvailable:    1523424 kB
Buffers:           30800 kB
Cached:           280884 kB
MemTotal:        1844596 kB
MemFree:         1327524 kB
MemAvailable:    1523360 kB
Buffers:           30800 kB
Cached:           280884 kB
MemTotal:        1844596 kB
MemFree:         1326216 kB
MemAvailable:    1522052 kB
Buffers:           30800 kB
Cached:           280884 kB
MemTotal:        1844596 kB
MemFree:         1326340 kB
MemAvailable:    1522176 kB
Buffers:           30800 kB
Cached:           280884 kB
MemTotal:        1844596 kB
MemFree:         1325852 kB
MemAvailable:    1521688 kB
Buffers:           30800 kB
Cached:           280884 kB
MemTotal:        1844596 kB
MemFree:         1325968 kB
MemAvailable:    1521804 kB
Buffers:           30800 kB
Cached:           280884 kB
MemTotal:        1844596 kB
MemFree:         1325472 kB
MemAvailable:    1521308 kB
Buffers:           30800 kB
Cached:           280884 kB
MemTotal:        1844596 kB
MemFree:         1325356 kB
MemAvailable:    1521192 kB
Buffers:           30800 kB
Cached:           280884 kB
MemTotal:        1844596 kB
MemFree:         1326836 kB
MemAvailable:    1522672 kB
Buffers:           30800 kB
Cached:           280884 kB
MemTotal:        1844596 kB
MemFree:         1326400 kB
MemAvailable:    1522236 kB
Buffers:           30800 kB
Cached:           280884 kB
MemTotal:        1844596 kB
MemFree:         1326520 kB
MemAvailable:    1522356 kB
Buffers:           30800 kB
Cached:           280884 kB
MemTotal:        1844596 kB
MemFree:         1326448 kB
MemAvailable:    1522284 kB
Buffers:           30800 kB
Cached:           280884 kB
MemTotal:        1844596 kB
MemFree:         1326700 kB
MemAvailable:    1522536 kB
Buffers:           30800 kB
Cached:           280884 kB
MemTotal:        1844596 kB
MemFree:         1325184 kB
MemAvailable:    1521020 kB
Buffers:           30800 kB
Cached:           280884 kB
MemTotal:        1844596 kB
MemFree:         1326100 kB
MemAvailable:    1521936 kB
Buffers:           30800 kB
Cached:           280884 kB
MemTotal:        1844596 kB
MemFree:         1325960 kB
MemAvailable:    1521796 kB
Buffers:           30800 kB
Cached:           280884 kB
MemTotal:        1844596 kB
MemFree:         1324340 kB
MemAvailable:    1520176 kB
Buffers:           30800 kB
Cached:           280884 kB
MemTotal:        1844596 kB
MemFree:         1318784 kB
MemAvailable:    1514620 kB
Buffers:           30800 kB
Cached:           280884 kB
MemTotal:        1844596 kB
MemFree:         1317412 kB
MemAvailable:    1513248 kB
Buffers:           30800 kB
Cached:           280884 kB
MemTotal:        1844596 kB
MemFree:         1317652 kB
MemAvailable:    1513488 kB
Buffers:           30800 kB
Cached:           280884 kB
MemTotal:        1844596 kB
MemFree:         1318712 kB
MemAvailable:    1514548 kB
Buffers:           30800 kB
Cached:           280884 kB
MemTotal:        1844596 kB
MemFree:         1317544 kB
MemAvailable:    1513380 kB
Buffers:           30800 kB
Cached:           280884 kB
MemTotal:        1844596 kB
MemFree:         1318524 kB
MemAvailable:    1514360 kB
Buffers:           30800 kB
Cached:           280884 kB
MemTotal:        1844596 kB
MemFree:         1317236 kB
MemAvailable:    1513072 kB
Buffers:           30800 kB
Cached:           280884 kB
MemTotal:        1844596 kB
MemFree:         1320132 kB
MemAvailable:    1515968 kB
Buffers:           30804 kB
Cached:           280880 kB
MemTotal:        1844596 kB
MemFree:         1319280 kB
MemAvailable:    1515116 kB
Buffers:           30804 kB
Cached:           280880 kB
MemTotal:        1844596 kB
MemFree:         1319904 kB
MemAvailable:    1515824 kB
Buffers:           30804 kB
Cached:           281004 kB
MemTotal:        1844596 kB
MemFree:         1319772 kB
MemAvailable:    1515776 kB
Buffers:           30804 kB
Cached:           281128 kB
MemTotal:        1844596 kB
MemFree:         1318384 kB
MemAvailable:    1514556 kB
Buffers:           30804 kB
Cached:           281252 kB
MemTotal:        1844596 kB
MemFree:         1319608 kB
MemAvailable:    1515948 kB
Buffers:           30804 kB
Cached:           281376 kB
MemTotal:        1844596 kB
MemFree:         1319608 kB
MemAvailable:    1515948 kB
Buffers:           30804 kB
Cached:           281500 kB
MemTotal:        1844596 kB
MemFree:         1319264 kB
MemAvailable:    1515688 kB
Buffers:           30804 kB
Cached:           281500 kB
MemTotal:        1844596 kB
MemFree:         1318784 kB
MemAvailable:    1515208 kB
Buffers:           30804 kB
Cached:           281500 kB
MemTotal:        1844596 kB
MemFree:         1319452 kB
MemAvailable:    1515876 kB
Buffers:           30804 kB
Cached:           281500 kB
MemTotal:        1844596 kB
MemFree:         1319140 kB
MemAvailable:    1515564 kB
Buffers:           30804 kB
Cached:           281500 kB
MemTotal:        1844596 kB
MemFree:         1319476 kB
MemAvailable:    1515900 kB
Buffers:           30804 kB
Cached:           281500 kB
MemTotal:        1844596 kB
MemFree:         1319392 kB
MemAvailable:    1515816 kB
Buffers:           30804 kB
Cached:           281500 kB
MemTotal:        1844596 kB
MemFree:         1318412 kB
MemAvailable:    1514920 kB
Buffers:           30804 kB
Cached:           281500 kB
MemTotal:        1844596 kB
MemFree:         1319804 kB
MemAvailable:    1515724 kB
Buffers:           30804 kB
Cached:           280868 kB
MemTotal:        1844596 kB
MemFree:         1319776 kB
MemAvailable:    1515696 kB
Buffers:           30804 kB
Cached:           280868 kB
MemTotal:        1844596 kB
MemFree:         1357584 kB
MemAvailable:    1553504 kB
Buffers:           30804 kB
Cached:           280868 kB
