MemTotal:        1844596 kB
MemFree:         1165660 kB
MemAvailable:    1561568 kB
Buffers:           57088 kB
Cached:           448680 kB
MemTotal:        1844596 kB
MemFree:         1137536 kB
MemAvailable:    1533448 kB
Buffers:           57088 kB
Cached:           448684 kB
MemTotal:        1844596 kB
MemFree:         1137040 kB
MemAvailable:    1532952 kB
Buffers:           57088 kB
Cached:           448684 kB
MemTotal:        1844596 kB
MemFree:         1134808 kB
MemAvailable:    1530720 kB
Buffers:           57088 kB
Cached:           448684 kB
MemTotal:        1844596 kB
MemFree:         1133560 kB
MemAvailable:    1529472 kB
Buffers:           57088 kB
Cached:           448684 kB
MemTotal:        1844596 kB
MemFree:         1133560 kB
MemAvailable:    1529472 kB
Buffers:           57088 kB
Cached:           448684 kB
MemTotal:        1844596 kB
MemFree:         1131692 kB
MemAvailable:    1527604 kB
Buffers:           57088 kB
Cached:           448684 kB
MemTotal:        1844596 kB
MemFree:         1129344 kB
MemAvailable:    1525256 kB
Buffers:           57088 kB
Cached:           448684 kB
MemTotal:        1844596 kB
MemFree:         1127492 kB
MemAvailable:    1523404 kB
Buffers:           57088 kB
Cached:           448684 kB
MemTotal:        1844596 kB
MemFree:         1122532 kB
MemAvailable:    1518444 kB
Buffers:           57088 kB
Cached:           448684 kB
MemTotal:        1844596 kB
MemFree:         1124576 kB
MemAvailable:    1520488 kB
Buffers:           57088 kB
Cached:           448684 kB
MemTotal:        1844596 kB
MemFree:         1123484 kB
MemAvailable:    1519396 kB
Buffers:           57088 kB
Cached:           448684 kB
MemTotal:        1844596 kB
MemFree:         1124776 kB
MemAvailable:    1520688 kB
Buffers:           57088 kB
Cached:           448684 kB
MemTotal:        1844596 kB
MemFree:         1124680 kB
MemAvailable:    1520592 kB
Buffers:           57088 kB
Cached:           448684 kB
MemTotal:        1844596 kB
MemFree:         1124312 kB
MemAvailable:    1520224 kB
Buffers:           57088 kB
Cached:           448684 kB
MemTotal:        1844596 kB
MemFree:         1124564 kB
MemAvailable:    1520476 kB
Buffers:           57088 kB
Cached:           448684 kB
MemTotal:        1844596 kB
MemFree:         1121904 kB
MemAvailable:    1517816 kB
Buffers:           57088 kB
Cached:           448684 kB
MemTotal:        1844596 kB
MemFree:         1121160 kB
MemAvailable:    1517072 kB
Buffers:           57088 kB
Cached:           448684 kB
MemTotal:        1844596 kB
MemFree:         1121160 kB
MemAvailable:    1517072 kB
Buffers:           57088 kB
Cached:           448684 kB
MemTotal:        1844596 kB
MemFree:         1122260 kB
MemAvailable:    1518172 kB
Buffers:           57088 kB
Cached:           448684 kB
MemTotal:        1844596 kB
MemFree:         1121664 kB
MemAvailable:    1517576 kB
Buffers:           57088 kB
Cached:           448684 kB
MemTotal:        1844596 kB
MemFree:         1121964 kB
MemAvailable:    1517876 kB
Buffers:           57088 kB
Cached:           448684 kB
MemTotal:        1844596 kB
MemFree:         1122300 kB
MemAvailable:    1518212 kB
Buffers:           57088 kB
Cached:           448684 kB
MemTotal:        1844596 kB
MemFree:         1120768 kB
MemAvailable:    1516680 kB
Buffers:           57088 kB
Cached:           448684 kB
MemTotal:        1844596 kB
MemFree:         1120892 kB
MemAvailable:    1516804 kB
Buffers:           57088 kB
Cached:           448684 kB
MemTotal:        1844596 kB
MemFree:         1121016 kB
MemAvailable:    1516928 kB
Buffers:           57088 kB
Cached:           448684 kB
MemTotal:        1844596 kB
MemFree:         1122484 kB
MemAvailable:    1518396 kB
Buffers:           57088 kB
Cached:           448684 kB
MemTotal:        1844596 kB
MemFree:         1122036 kB
MemAvailable:    1517948 kB
Buffers:           57088 kB
Cached:           448684 kB
MemTotal:        1844596 kB
MemFree:         1120756 kB
MemAvailable:    1516668 kB
Buffers:           57088 kB
Cached:           448684 kB
MemTotal:        1844596 kB
MemFree:         1119548 kB
MemAvailable:    1515460 kB
Buffers:           57088 kB
Cached:           448684 kB
MemTotal:        1844596 kB
MemFree:         1118192 kB
MemAvailable:    1514108 kB
Buffers:           57088 kB
Cached:           448688 kB
MemTotal:        1844596 kB
MemFree:         1118184 kB
MemAvailable:    1514100 kB
Buffers:           57088 kB
Cached:           448688 kB
MemTotal:        1844596 kB
MemFree:         1117696 kB
MemAvailable:    1513612 kB
Buffers:           57088 kB
Cached:           448688 kB
MemTotal:        1844596 kB
MemFree:         1118376 kB
MemAvailable:    1514292 kB
Buffers:           57088 kB
Cached:           448688 kB
MemTotal:        1844596 kB
MemFree:         1118260 kB
MemAvailable:    1514176 kB
Buffers:           57088 kB
Cached:           448688 kB
MemTotal:        1844596 kB
MemFree:         1116772 kB
MemAvailable:    1512688 kB
Buffers:           57088 kB
Cached:           448688 kB
MemTotal:        1844596 kB
MemFree:         1118012 kB
MemAvailable:    1513928 kB
Buffers:           57088 kB
Cached:           448688 kB
MemTotal:        1844596 kB
MemFree:         1117872 kB
MemAvailable:    1513788 kB
Buffers:           57088 kB
Cached:           448688 kB
MemTotal:        1844596 kB
MemFree:         1117992 kB
MemAvailable:    1513908 kB
Buffers:           57088 kB
Cached:           448688 kB
MemTotal:        1844596 kB
MemFree:         1117636 kB
MemAvailable:    1513552 kB
Buffers:           57088 kB
Cached:           448688 kB
MemTotal:        1844596 kB
MemFree:         1117316 kB
MemAvailable:    1513232 kB
Buffers:           57088 kB
Cached:           448688 kB
MemTotal:        1844596 kB
MemFree:         1116996 kB
MemAvailable:    1512912 kB
Buffers:           57088 kB
Cached:           448688 kB
MemTotal:        1844596 kB
MemFree:         1117120 kB
MemAvailable:    1513036 kB
Buffers:           57088 kB
Cached:           448688 kB
MemTotal:        1844596 kB
MemFree:         1117176 kB
MemAvailable:    1513092 kB
Buffers:           57088 kB
Cached:           448688 kB
MemTotal:        1844596 kB
MemFree:         1117180 kB
MemAvailable:    1513096 kB
Buffers:           57088 kB
Cached:           448688 kB
MemTotal:        1844596 kB
MemFree:         1115768 kB
MemAvailable:    1511684 kB
Buffers:           57088 kB
Cached:           448688 kB
MemTotal:        1844596 kB
MemFree:         1115760 kB
MemAvailable:    1511676 kB
Buffers:           57088 kB
Cached:           448688 kB
MemTotal:        1844596 kB
MemFree:         1117216 kB
MemAvailable:    1513132 kB
Buffers:           57088 kB
Cached:           448688 kB
MemTotal:        1844596 kB
MemFree:         1117044 kB
MemAvailable:    1512960 kB
Buffers:           57088 kB
Cached:           448688 kB
MemTotal:        1844596 kB
MemFree:         1116656 kB
MemAvailable:    1512572 kB
Buffers:           57088 kB
Cached:           448688 kB
MemTotal:        1844596 kB
MemFree:         1116464 kB
MemAvailable:    1512380 kB
Buffers:           57088 kB
Cached:           448688 kB
MemTotal:        1844596 kB
MemFree:         1116440 kB
MemAvailable:    1512356 kB
Buffers:           57088 kB
Cached:           448688 kB
MemTotal:        1844596 kB
MemFree:         1116696 kB
MemAvailable:    1512612 kB
Buffers:           57088 kB
Cached:           448688 kB
MemTotal:        1844596 kB
MemFree:         1115068 kB
MemAvailable:    1510984 kB
Buffers:           57088 kB
Cached:           448688 kB
MemTotal:        1844596 kB
MemFree:         1116316 kB
MemAvailable:    1512232 kB
Buffers:           57088 kB
Cached:           448688 kB
MemTotal:        1844596 kB
MemFree:         1114936 kB
MemAvailable:    1510852 kB
Buffers:           57088 kB
Cached:           448688 kB
MemTotal:        1844596 kB
MemFree:         1114928 kB
MemAvailable:    1510844 kB
Buffers:           57088 kB
Cached:           448688 kB
MemTotal:        1844596 kB
MemFree:         1116196 kB
MemAvailable:    1512112 kB
Buffers:           57088 kB
Cached:           448688 kB
MemTotal:        1844596 kB
MemFree:         1116356 kB
MemAvailable:    1512272 kB
Buffers:           57088 kB
Cached:           448688 kB
MemTotal:        1844596 kB
MemFree:         1116356 kB
MemAvailable:    1512272 kB
Buffers:           57088 kB
Cached:           448688 kB
MemTotal:        1844596 kB
MemFree:         1115284 kB
MemAvailable:    1511200 kB
Buffers:           57088 kB
Cached:           448688 kB
MemTotal:        1844596 kB
MemFree:         1116068 kB
MemAvailable:    1511984 kB
Buffers:           57088 kB
Cached:           448688 kB
MemTotal:        1844596 kB
MemFree:         1116320 kB
MemAvailable:    1512236 kB
Buffers:           57088 kB
Cached:           448688 kB
MemTotal:        1844596 kB
MemFree:         1112976 kB
MemAvailable:    1508892 kB
Buffers:           57088 kB
Cached:           448688 kB
MemTotal:        1844596 kB
MemFree:         1111248 kB
MemAvailable:    1507164 kB
Buffers:           57088 kB
Cached:           448688 kB
MemTotal:        1844596 kB
MemFree:         1109388 kB
MemAvailable:    1505304 kB
Buffers:           57088 kB
Cached:           448688 kB
MemTotal:        1844596 kB
MemFree:         1107396 kB
MemAvailable:    1503312 kB
Buffers:           57088 kB
Cached:           448688 kB
MemTotal:        1844596 kB
MemFree:         1108396 kB
MemAvailable:    1504312 kB
Buffers:           57088 kB
Cached:           448688 kB
MemTotal:        1844596 kB
MemFree:         1107148 kB
MemAvailable:    1503064 kB
Buffers:           57088 kB
Cached:           448688 kB
MemTotal:        1844596 kB
MemFree:         1106968 kB
MemAvailable:    1502884 kB
Buffers:           57088 kB
Cached:           448688 kB
MemTotal:        1844596 kB
MemFree:         1108072 kB
MemAvailable:    1503988 kB
Buffers:           57088 kB
Cached:           448688 kB
MemTotal:        1844596 kB
MemFree:         1108156 kB
MemAvailable:    1504072 kB
Buffers:           57088 kB
Cached:           448688 kB
MemTotal:        1844596 kB
MemFree:         1108120 kB
MemAvailable:    1504036 kB
Buffers:           57088 kB
Cached:           448688 kB
MemTotal:        1844596 kB
MemFree:         1108372 kB
MemAvailable:    1504288 kB
Buffers:           57088 kB
Cached:           448688 kB
MemTotal:        1844596 kB
MemFree:         1108320 kB
MemAvailable:    1504236 kB
Buffers:           57088 kB
Cached:           448688 kB
MemTotal:        1844596 kB
MemFree:         1107528 kB
MemAvailable:    1503444 kB
Buffers:           57088 kB
Cached:           448688 kB
MemTotal:        1844596 kB
MemFree:         1108084 kB
MemAvailable:    1504000 kB
Buffers:           57088 kB
Cached:           448688 kB
MemTotal:        1844596 kB
MemFree:         1107900 kB
MemAvailable:    1503816 kB
Buffers:           57088 kB
Cached:           448688 kB
MemTotal:        1844596 kB
MemFree:         1108120 kB
MemAvailable:    1504036 kB
Buffers:           57088 kB
Cached:           448688 kB
MemTotal:        1844596 kB
MemFree:         1108372 kB
MemAvailable:    1504288 kB
Buffers:           57088 kB
Cached:           448688 kB
MemTotal:        1844596 kB
MemFree:         1107100 kB
MemAvailable:    1503016 kB
Buffers:           57088 kB
Cached:           448688 kB
MemTotal:        1844596 kB
MemFree:         1106776 kB
MemAvailable:    1502692 kB
Buffers:           57088 kB
Cached:           448688 kB
MemTotal:        1844596 kB
MemFree:         1107140 kB
MemAvailable:    1503056 kB
Buffers:           57088 kB
Cached:           448688 kB
MemTotal:        1844596 kB
MemFree:         1105528 kB
MemAvailable:    1501444 kB
Buffers:           57088 kB
Cached:           448688 kB
MemTotal:        1844596 kB
MemFree:         1105412 kB
MemAvailable:    1501328 kB
Buffers:           57088 kB
Cached:           448688 kB
MemTotal:        1844596 kB
MemFree:         1106528 kB
MemAvailable:    1502444 kB
Buffers:           57088 kB
Cached:           448688 kB
MemTotal:        1844596 kB
MemFree:         1105048 kB
MemAvailable:    1500964 kB
Buffers:           57088 kB
Cached:           448688 kB
MemTotal:        1844596 kB
MemFree:         1105340 kB
MemAvailable:    1501256 kB
Buffers:           57088 kB
Cached:           448688 kB
MemTotal:        1844596 kB
MemFree:         1104736 kB
MemAvailable:    1500652 kB
Buffers:           57088 kB
Cached:           448688 kB
MemTotal:        1844596 kB
MemFree:         1103428 kB
MemAvailable:    1499344 kB
Buffers:           57088 kB
Cached:           448688 kB
MemTotal:        1844596 kB
MemFree:         1104544 kB
MemAvailable:    1500460 kB
Buffers:           57088 kB
Cached:           448688 kB
MemTotal:        1844596 kB
MemFree:         1103552 kB
MemAvailable:    1499468 kB
Buffers:           57088 kB
Cached:           448688 kB
MemTotal:        1844596 kB
MemFree:         1103560 kB
MemAvailable:    1499476 kB
Buffers:           57088 kB
Cached:           448688 kB
MemTotal:        1844596 kB
MemFree:         1104248 kB
MemAvailable:    1500164 kB
Buffers:           57088 kB
Cached:           448688 kB
MemTotal:        1844596 kB
MemFree:         1104248 kB
MemAvailable:    1500164 kB
Buffers:           57088 kB
Cached:           448688 kB
MemTotal:        1844596 kB
MemFree:         1104264 kB
MemAvailable:    1500188 kB
Buffers:           57088 kB
Cached:           448696 kB
MemTotal:        1844596 kB
MemFree:         1104444 kB
MemAvailable:    1500368 kB
Buffers:           57088 kB
Cached:           448696 kB
MemTotal:        1844596 kB
MemFree:         1103692 kB
MemAvailable:    1499616 kB
Buffers:           57088 kB
Cached:           448696 kB
MemTotal:        1844596 kB
MemFree:         1104256 kB
MemAvailable:    1500180 kB
Buffers:           57088 kB
Cached:           448696 kB
MemTotal:        1844596 kB
MemFree:         1104188 kB
MemAvailable:    1500112 kB
Buffers:           57088 kB
Cached:           448696 kB
MemTotal:        1844596 kB
MemFree:         1102940 kB
MemAvailable:    1498864 kB
Buffers:           57088 kB
Cached:           448696 kB
MemTotal:        1844596 kB
MemFree:         1103816 kB
MemAvailable:    1499740 kB
Buffers:           57088 kB
Cached:           448696 kB
MemTotal:        1844596 kB
MemFree:         1098112 kB
MemAvailable:    1494036 kB
Buffers:           57088 kB
Cached:           448696 kB
MemTotal:        1844596 kB
MemFree:         1096444 kB
MemAvailable:    1492368 kB
Buffers:           57088 kB
Cached:           448696 kB
MemTotal:        1844596 kB
MemFree:         1096444 kB
MemAvailable:    1492368 kB
Buffers:           57088 kB
Cached:           448696 kB
MemTotal:        1844596 kB
MemFree:         1094988 kB
MemAvailable:    1490912 kB
Buffers:           57088 kB
Cached:           448696 kB
MemTotal:        1844596 kB
MemFree:         1095120 kB
MemAvailable:    1491044 kB
Buffers:           57088 kB
Cached:           448696 kB
MemTotal:        1844596 kB
MemFree:         1095244 kB
MemAvailable:    1491168 kB
Buffers:           57088 kB
Cached:           448696 kB
MemTotal:        1844596 kB
MemFree:         1098404 kB
MemAvailable:    1494328 kB
Buffers:           57088 kB
Cached:           448696 kB
MemTotal:        1844596 kB
MemFree:         1098112 kB
MemAvailable:    1494036 kB
Buffers:           57092 kB
Cached:           448692 kB
MemTotal:        1844596 kB
MemFree:         1097584 kB
MemAvailable:    1493676 kB
Buffers:           57092 kB
Cached:           448816 kB
MemTotal:        1844596 kB
MemFree:         1097360 kB
MemAvailable:    1493452 kB
Buffers:           57092 kB
Cached:           448816 kB
MemTotal:        1844596 kB
MemFree:         1097428 kB
MemAvailable:    1493688 kB
Buffers:           57092 kB
Cached:           449064 kB
MemTotal:        1844596 kB
MemFree:         1097544 kB
MemAvailable:    1493804 kB
Buffers:           57092 kB
Cached:           449064 kB
MemTotal:        1844596 kB
MemFree:         1096048 kB
MemAvailable:    1492476 kB
Buffers:           57092 kB
Cached:           449188 kB
MemTotal:        1844596 kB
MemFree:         1096172 kB
MemAvailable:    1492684 kB
Buffers:           57092 kB
Cached:           449312 kB
MemTotal:        1844596 kB
MemFree:         1096040 kB
MemAvailable:    1492552 kB
Buffers:           57092 kB
Cached:           449312 kB
MemTotal:        1844596 kB
MemFree:         1096048 kB
MemAvailable:    1492644 kB
Buffers:           57092 kB
Cached:           449312 kB
MemTotal:        1844596 kB
MemFree:         1097016 kB
MemAvailable:    1493612 kB
Buffers:           57092 kB
Cached:           449312 kB
MemTotal:        1844596 kB
MemFree:         1097188 kB
MemAvailable:    1493784 kB
Buffers:           57092 kB
Cached:           449312 kB
MemTotal:        1844596 kB
MemFree:         1097160 kB
MemAvailable:    1493756 kB
Buffers:           57092 kB
Cached:           449312 kB
MemTotal:        1844596 kB
MemFree:         1097056 kB
MemAvailable:    1493652 kB
Buffers:           57092 kB
Cached:           449312 kB
MemTotal:        1844596 kB
MemFree:         1096004 kB
MemAvailable:    1492600 kB
Buffers:           57092 kB
Cached:           449436 kB
MemTotal:        1844596 kB
MemFree:         1095864 kB
MemAvailable:    1491788 kB
Buffers:           57092 kB
Cached:           448680 kB
MemTotal:        1844596 kB
MemFree:         1165796 kB
MemAvailable:    1561720 kB
Buffers:           57092 kB
Cached:           448680 kB
