MemTotal:        1844596 kB
MemFree:         1392568 kB
MemAvailable:    1583600 kB
Buffers:           30052 kB
Cached:           277180 kB
MemTotal:        1844596 kB
MemFree:         1367860 kB
MemAvailable:    1558896 kB
Buffers:           30052 kB
Cached:           277184 kB
MemTotal:        1844596 kB
MemFree:         1365016 kB
MemAvailable:    1556052 kB
Buffers:           30052 kB
Cached:           277184 kB
MemTotal:        1844596 kB
MemFree:         1364520 kB
MemAvailable:    1555556 kB
Buffers:           30052 kB
Cached:           277184 kB
MemTotal:        1844596 kB
MemFree:         1361544 kB
MemAvailable:    1552580 kB
Buffers:           30052 kB
Cached:           277184 kB
MemTotal:        1844596 kB
MemFree:         1360304 kB
MemAvailable:    1551340 kB
Buffers:           30052 kB
Cached:           277184 kB
MemTotal:        1844596 kB
MemFree:         1361604 kB
MemAvailable:    1552640 kB
Buffers:           30052 kB
Cached:           277184 kB
MemTotal:        1844596 kB
MemFree:         1359124 kB
MemAvailable:    1550160 kB
Buffers:           30052 kB
Cached:           277184 kB
MemTotal:        1844596 kB
MemFree:         1356584 kB
MemAvailable:    1547620 kB
Buffers:           30052 kB
Cached:           277184 kB
MemTotal:        1844596 kB
MemFree:         1355156 kB
MemAvailable:    1546192 kB
Buffers:           30052 kB
Cached:           277184 kB
MemTotal:        1844596 kB
MemFree:         1350384 kB
MemAvailable:    1541420 kB
Buffers:           30052 kB
Cached:           277184 kB
MemTotal:        1844596 kB
MemFree:         1350496 kB
MemAvailable:    1541532 kB
Buffers:           30052 kB
Cached:           277184 kB
MemTotal:        1844596 kB
MemFree:         1351604 kB
MemAvailable:    1542640 kB
Buffers:           30052 kB
Cached:           277184 kB
MemTotal:        1844596 kB
MemFree:         1350260 kB
MemAvailable:    1541296 kB
Buffers:           30052 kB
Cached:           277184 kB
MemTotal:        1844596 kB
MemFree:         1351552 kB
MemAvailable:    1542588 kB
Buffers:           30052 kB
Cached:           277184 kB
MemTotal:        1844596 kB
MemFree:         1351512 kB
MemAvailable:    1542548 kB
Buffers:           30052 kB
Cached:           277184 kB
MemTotal:        1844596 kB
MemFree:         1349952 kB
MemAvailable:    1540988 kB
Buffers:           30052 kB
Cached:           277184 kB
MemTotal:        1844596 kB
MemFree:         1350816 kB
MemAvailable:    1541852 kB
Buffers:           30052 kB
Cached:           277184 kB
MemTotal:        1844596 kB
MemFree:         1348764 kB
MemAvailable:    1539800 kB
Buffers:           30052 kB
Cached:           277184 kB
MemTotal:        1844596 kB
MemFree:         1349560 kB
MemAvailable:    1540596 kB
Buffers:           30052 kB
Cached:           277184 kB
MemTotal:        1844596 kB
MemFree:         1349196 kB
MemAvailable:    1540232 kB
Buffers:           30052 kB
Cached:           277184 kB
MemTotal:        1844596 kB
MemFree:         1349252 kB
MemAvailable:    1540288 kB
Buffers:           30052 kB
Cached:           277184 kB
MemTotal:        1844596 kB
MemFree:         1349148 kB
MemAvailable:    1540184 kB
Buffers:           30052 kB
Cached:           277184 kB
MemTotal:        1844596 kB
MemFree:         1347884 kB
MemAvailable:    1538920 kB
Buffers:           30052 kB
Cached:           277184 kB
MemTotal:        1844596 kB
MemFree:         1347876 kB
MemAvailable:    1538912 kB
Buffers:           30052 kB
Cached:           277184 kB
MemTotal:        1844596 kB
MemFree:         1347712 kB
MemAvailable:    1538748 kB
Buffers:           30052 kB
Cached:           277184 kB
MemTotal:        1844596 kB
MemFree:         1349012 kB
MemAvailable:    1540048 kB
Buffers:           30052 kB
Cached:           277184 kB
MemTotal:        1844596 kB
MemFree:         1350560 kB
MemAvailable:    1541596 kB
Buffers:           30052 kB
Cached:           277184 kB
MemTotal:        1844596 kB
MemFree:         1350612 kB
MemAvailable:    1541648 kB
Buffers:           30052 kB
Cached:           277184 kB
MemTotal:        1844596 kB
MemFree:         1348640 kB
MemAvailable:    1539676 kB
Buffers:           30052 kB
Cached:           277184 kB
MemTotal:        1844596 kB
MemFree:         1346780 kB
MemAvailable:    1537816 kB
Buffers:           30052 kB
Cached:           277184 kB
MemTotal:        1844596 kB
MemFree:         1345804 kB
MemAvailable:    1536844 kB
Buffers:           30052 kB
Cached:           277188 kB
MemTotal:        1844596 kB
MemFree:         1345300 kB
MemAvailable:    1536340 kB
Buffers:           30052 kB
Cached:           277188 kB
MemTotal:        1844596 kB
MemFree:         1344688 kB
MemAvailable:    1535728 kB
Buffers:           30052 kB
Cached:           277188 kB
MemTotal:        1844596 kB
MemFree:         1344556 kB
MemAvailable:    1535596 kB
Buffers:           30052 kB
Cached:           277188 kB
MemTotal:        1844596 kB
MemFree:         1343944 kB
MemAvailable:    1534984 kB
Buffers:           30052 kB
Cached:           277188 kB
MemTotal:        1844596 kB
MemFree:         1343648 kB
MemAvailable:    1534688 kB
Buffers:           30052 kB
Cached:           277188 kB
MemTotal:        1844596 kB
MemFree:         1343768 kB
MemAvailable:    1534808 kB
Buffers:           30052 kB
Cached:           277188 kB
MemTotal:        1844596 kB
MemFree:         1345168 kB
MemAvailable:    1536208 kB
Buffers:           30052 kB
Cached:           277188 kB
MemTotal:        1844596 kB
MemFree:         1344872 kB
MemAvailable:    1535912 kB
Buffers:           30052 kB
Cached:           277188 kB
MemTotal:        1844596 kB
MemFree:         1343668 kB
MemAvailable:    1534708 kB
Buffers:           30052 kB
Cached:           277188 kB
MemTotal:        1844596 kB
MemFree:         1344772 kB
MemAvailable:    1535812 kB
Buffers:           30052 kB
Cached:           277188 kB
MemTotal:        1844596 kB
MemFree:         1344412 kB
MemAvailable:    1535452 kB
Buffers:           30052 kB
Cached:           277188 kB
MemTotal:        1844596 kB
MemFree:         1343944 kB
MemAvailable:    1534984 kB
Buffers:           30052 kB
Cached:           277188 kB
MemTotal:        1844596 kB
MemFree:         1344036 kB
MemAvailable:    1535076 kB
Buffers:           30052 kB
Cached:           277188 kB
MemTotal:        1844596 kB
MemFree:         1343820 kB
MemAvailable:    1534860 kB
Buffers:           30052 kB
Cached:           277188 kB
MemTotal:        1844596 kB
MemFree:         1342704 kB
MemAvailable:    1533744 kB
Buffers:           30052 kB
Cached:           277188 kB
MemTotal:        1844596 kB
MemFree:         1342828 kB
MemAvailable:    1533868 kB
Buffers:           30052 kB
Cached:           277188 kB
MemTotal:        1844596 kB
MemFree:         1343928 kB
MemAvailable:    1534968 kB
Buffers:           30052 kB
Cached:           277188 kB
MemTotal:        1844596 kB
MemFree:         1344180 kB
MemAvailable:    1535220 kB
Buffers:           30052 kB
Cached:           277188 kB
MemTotal:        1844596 kB
MemFree:         1343952 kB
MemAvailable:    1534992 kB
Buffers:           30052 kB
Cached:           277188 kB
MemTotal:        1844596 kB
MemFree:         1344072 kB
MemAvailable:    1535112 kB
Buffers:           30052 kB
Cached:           277188 kB
MemTotal:        1844596 kB
MemFree:         1342512 kB
MemAvailable:    1533552 kB
Buffers:           30052 kB
Cached:           277188 kB
MemTotal:        1844596 kB
MemFree:         1342572 kB
MemAvailable:    1533612 kB
Buffers:           30052 kB
Cached:           277188 kB
MemTotal:        1844596 kB
MemFree:         1342656 kB
MemAvailable:    1533696 kB
Buffers:           30052 kB
Cached:           277188 kB
MemTotal:        1844596 kB
MemFree:         1342532 kB
MemAvailable:    1533572 kB
Buffers:           30052 kB
Cached:           277188 kB
MemTotal:        1844596 kB
MemFree:         1343800 kB
MemAvailable:    1534840 kB
Buffers:           30052 kB
Cached:           277188 kB
MemTotal:        1844596 kB
MemFree:         1343444 kB
MemAvailable:    1534484 kB
Buffers:           30052 kB
Cached:           277188 kB
MemTotal:        1844596 kB
MemFree:         1343252 kB
MemAvailable:    1534292 kB
Buffers:           30052 kB
Cached:           277188 kB
MemTotal:        1844596 kB
MemFree:         1343112 kB
MemAvailable:    1534152 kB
Buffers:           30052 kB
Cached:           277188 kB
MemTotal:        1844596 kB
MemFree:         1342704 kB
MemAvailable:    1533744 kB
Buffers:           30052 kB
Cached:           277188 kB
MemTotal:        1844596 kB
MemFree:         1342916 kB
MemAvailable:    1533956 kB
Buffers:           30052 kB
Cached:           277188 kB
MemTotal:        1844596 kB
MemFree:         1341948 kB
MemAvailable:    1532988 kB
Buffers:           30052 kB
Cached:           277188 kB
MemTotal:        1844596 kB
MemFree:         1343012 kB
MemAvailable:    1534052 kB
Buffers:           30052 kB
Cached:           277188 kB
MemTotal:        1844596 kB
MemFree:         1342952 kB
MemAvailable:    1533992 kB
Buffers:           30052 kB
Cached:           277188 kB
MemTotal:        1844596 kB
MemFree:         1342956 kB
MemAvailable:    1533996 kB
Buffers:           30052 kB
Cached:           277188 kB
MemTotal:        1844596 kB
MemFree:         1341776 kB
MemAvailable:    1532816 kB
Buffers:           30052 kB
Cached:           277188 kB
MemTotal:        1844596 kB
MemFree:         1341812 kB
MemAvailable:    1532852 kB
Buffers:           30052 kB
Cached:           277188 kB
MemTotal:        1844596 kB
MemFree:         1342880 kB
MemAvailable:    1533920 kB
Buffers:           30052 kB
Cached:           277188 kB
MemTotal:        1844596 kB
MemFree:         1339976 kB
MemAvailable:    1531016 kB
Buffers:           30052 kB
Cached:           277188 kB
MemTotal:        1844596 kB
MemFree:         1337364 kB
MemAvailable:    1528404 kB
Buffers:           30052 kB
Cached:           277188 kB
MemTotal:        1844596 kB
MemFree:         1335564 kB
MemAvailable:    1526604 kB
Buffers:           30052 kB
Cached:           277188 kB
MemTotal:        1844596 kB
MemFree:         1334264 kB
MemAvailable:    1525304 kB
Buffers:           30052 kB
Cached:           277188 kB
MemTotal:        1844596 kB
MemFree:         1334092 kB
MemAvailable:    1525132 kB
Buffers:           30052 kB
Cached:           277188 kB
MemTotal:        1844596 kB
MemFree:         1333836 kB
MemAvailable:    1524876 kB
Buffers:           30052 kB
Cached:           277188 kB
MemTotal:        1844596 kB
MemFree:         1333704 kB
MemAvailable:    1524744 kB
Buffers:           30052 kB
Cached:           277188 kB
MemTotal:        1844596 kB
MemFree:         1333952 kB
MemAvailable:    1524992 kB
Buffers:           30052 kB
Cached:           277188 kB
MemTotal:        1844596 kB
MemFree:         1335096 kB
MemAvailable:    1526136 kB
Buffers:           30052 kB
Cached:           277188 kB
MemTotal:        1844596 kB
MemFree:         1334892 kB
MemAvailable:    1525932 kB
Buffers:           30052 kB
Cached:           277188 kB
MemTotal:        1844596 kB
MemFree:         1334988 kB
MemAvailable:    1526028 kB
Buffers:           30052 kB
Cached:           277188 kB
MemTotal:        1844596 kB
MemFree:         1335140 kB
MemAvailable:    1526180 kB
Buffers:           30052 kB
Cached:           277188 kB
MemTotal:        1844596 kB
MemFree:         1333844 kB
MemAvailable:    1524884 kB
Buffers:           30052 kB
Cached:           277188 kB
MemTotal:        1844596 kB
MemFree:         1334988 kB
MemAvailable:    1526028 kB
Buffers:           30052 kB
Cached:           277188 kB
MemTotal:        1844596 kB
MemFree:         1335240 kB
MemAvailable:    1526280 kB
Buffers:           30052 kB
Cached:           277188 kB
MemTotal:        1844596 kB
MemFree:         1334960 kB
MemAvailable:    1526000 kB
Buffers:           30052 kB
Cached:           277188 kB
MemTotal:        1844596 kB
MemFree:         1334004 kB
MemAvailable:    1525044 kB
Buffers:           30052 kB
Cached:           277188 kB
MemTotal:        1844596 kB
MemFree:         1334580 kB
MemAvailable:    1525620 kB
Buffers:           30052 kB
Cached:           277188 kB
MemTotal:        1844596 kB
MemFree:         1333148 kB
MemAvailable:    1524188 kB
Buffers:           30052 kB
Cached:           277188 kB
MemTotal:        1844596 kB
MemFree:         1333960 kB
MemAvailable:    1525000 kB
Buffers:           30052 kB
Cached:           277188 kB
MemTotal:        1844596 kB
MemFree:         1333768 kB
MemAvailable:    1524808 kB
Buffers:           30052 kB
Cached:           277188 kB
MemTotal:        1844596 kB
MemFree:         1333580 kB
MemAvailable:    1524620 kB
Buffers:           30052 kB
Cached:           277188 kB
MemTotal:        1844596 kB
MemFree:         1332164 kB
MemAvailable:    1523204 kB
Buffers:           30052 kB
Cached:           277188 kB
MemTotal:        1844596 kB
MemFree:         1332288 kB
MemAvailable:    1523328 kB
Buffers:           30052 kB
Cached:           277188 kB
MemTotal:        1844596 kB
MemFree:         1332092 kB
MemAvailable:    1523132 kB
Buffers:           30052 kB
Cached:           277188 kB
MemTotal:        1844596 kB
MemFree:         1331520 kB
MemAvailable:    1522560 kB
Buffers:           30052 kB
Cached:           277188 kB
MemTotal:        1844596 kB
MemFree:         1331172 kB
MemAvailable:    1522220 kB
Buffers:           30052 kB
Cached:           277196 kB
MemTotal:        1844596 kB
MemFree:         1331728 kB
MemAvailable:    1522776 kB
Buffers:           30052 kB
Cached:           277196 kB
MemTotal:        1844596 kB
MemFree:         1330180 kB
MemAvailable:    1521228 kB
Buffers:           30052 kB
Cached:           277196 kB
MemTotal:        1844596 kB
MemFree:         1330180 kB
MemAvailable:    1521228 kB
Buffers:           30052 kB
Cached:           277196 kB
MemTotal:        1844596 kB
MemFree:         1331420 kB
MemAvailable:    1522468 kB
Buffers:           30052 kB
Cached:           277196 kB
MemTotal:        1844596 kB
MemFree:         1331104 kB
MemAvailable:    1522152 kB
Buffers:           30052 kB
Cached:           277196 kB
MemTotal:        1844596 kB
MemFree:         1331356 kB
MemAvailable:    1522404 kB
Buffers:           30052 kB
Cached:           277196 kB
MemTotal:        1844596 kB
MemFree:         1329736 kB
MemAvailable:    1520784 kB
Buffers:           30052 kB
Cached:           277196 kB
MemTotal:        1844596 kB
MemFree:         1330968 kB
MemAvailable:    1522016 kB
Buffers:           30052 kB
Cached:           277196 kB
MemTotal:        1844596 kB
MemFree:         1331136 kB
MemAvailable:    1522184 kB
Buffers:           30052 kB
Cached:           277196 kB
MemTotal:        1844596 kB
MemFree:         1329544 kB
MemAvailable:    1520592 kB
Buffers:           30052 kB
Cached:           277196 kB
MemTotal:        1844596 kB
MemFree:         1330612 kB
MemAvailable:    1521660 kB
Buffers:           30052 kB
Cached:           277196 kB
MemTotal:        1844596 kB
MemFree:         1330412 kB
MemAvailable:    1521460 kB
Buffers:           30052 kB
Cached:           277196 kB
MemTotal:        1844596 kB
MemFree:         1323560 kB
MemAvailable:    1514608 kB
Buffers:           30052 kB
Cached:           277196 kB
MemTotal:        1844596 kB
MemFree:         1323312 kB
MemAvailable:    1514360 kB
Buffers:           30052 kB
Cached:           277196 kB
MemTotal:        1844596 kB
MemFree:         1322064 kB
MemAvailable:    1513112 kB
Buffers:           30052 kB
Cached:           277196 kB
MemTotal:        1844596 kB
MemFree:         1321932 kB
MemAvailable:    1512980 kB
Buffers:           30052 kB
Cached:           277196 kB
MemTotal:        1844596 kB
MemFree:         1323292 kB
MemAvailable:    1514340 kB
Buffers:           30052 kB
Cached:           277196 kB
MemTotal:        1844596 kB
MemFree:         1322492 kB
MemAvailable:    1513540 kB
Buffers:           30052 kB
Cached:           277196 kB
MemTotal:        1844596 kB
MemFree:         1325156 kB
MemAvailable:    1516204 kB
Buffers:           30052 kB
Cached:           277196 kB
MemTotal:        1844596 kB
MemFree:         1324708 kB
MemAvailable:    1515840 kB
Buffers:           30052 kB
Cached:           277320 kB
MemTotal:        1844596 kB
MemFree:         1324476 kB
MemAvailable:    1515608 kB
Buffers:           30052 kB
Cached:           277320 kB
MemTotal:        1844596 kB
MemFree:         1324520 kB
MemAvailable:    1515820 kB
Buffers:           30052 kB
Cached:           277444 kB
MemTotal:        1844596 kB
MemFree:         1324388 kB
MemAvailable:    1515772 kB
Buffers:           30052 kB
Cached:           277568 kB
MemTotal:        1844596 kB
MemFree:         1324016 kB
MemAvailable:    1515568 kB
Buffers:           30052 kB
Cached:           277816 kB
MemTotal:        1844596 kB
MemFree:         1323608 kB
MemAvailable:    1515160 kB
Buffers:           30052 kB
Cached:           277816 kB
MemTotal:        1844596 kB
MemFree:         1323944 kB
MemAvailable:    1515580 kB
Buffers:           30052 kB
Cached:           277816 kB
MemTotal:        1844596 kB
MemFree:         1324096 kB
MemAvailable:    1515732 kB
Buffers:           30052 kB
Cached:           277816 kB
MemTotal:        1844596 kB
MemFree:         1322664 kB
MemAvailable:    1514300 kB
Buffers:           30052 kB
Cached:           277816 kB
MemTotal:        1844596 kB
MemFree:         1322668 kB
MemAvailable:    1514304 kB
Buffers:           30052 kB
Cached:           277816 kB
MemTotal:        1844596 kB
MemFree:         1324032 kB
MemAvailable:    1515668 kB
Buffers:           30052 kB
Cached:           277816 kB
MemTotal:        1844596 kB
MemFree:         1324180 kB
MemAvailable:    1515816 kB
Buffers:           30052 kB
Cached:           277816 kB
MemTotal:        1844596 kB
MemFree:         1322864 kB
MemAvailable:    1514584 kB
Buffers:           30052 kB
Cached:           277816 kB
MemTotal:        1844596 kB
MemFree:         1363516 kB
MemAvailable:    1554648 kB
Buffers:           30052 kB
Cached:           277184 kB
MemTotal:        1844596 kB
MemFree:         1324592 kB
MemAvailable:    1515724 kB
Buffers:           30052 kB
Cached:           277184 kB
