MemTotal:        1844596 kB
MemFree:         1448000 kB
MemAvailable:    1594940 kB
Buffers:           23160 kB
Cached:           236524 kB
MemTotal:        1844596 kB
MemFree:         1423096 kB
MemAvailable:    1570048 kB
Buffers:           23160 kB
Cached:           236464 kB
MemTotal:        1844596 kB
MemFree:         1420872 kB
MemAvailable:    1567824 kB
Buffers:           23160 kB
Cached:           236464 kB
MemTotal:        1844596 kB
MemFree:         1418492 kB
MemAvailable:    1565444 kB
Buffers:           23160 kB
Cached:           236464 kB
MemTotal:        1844596 kB
MemFree:         1417088 kB
MemAvailable:    1564040 kB
Buffers:           23160 kB
Cached:           236464 kB
MemTotal:        1844596 kB
MemFree:         1416516 kB
MemAvailable:    1563468 kB
Buffers:           23160 kB
Cached:           236464 kB
MemTotal:        1844596 kB
MemFree:         1415732 kB
MemAvailable:    1562684 kB
Buffers:           23160 kB
Cached:           236464 kB
MemTotal:        1844596 kB
MemFree:         1414648 kB
MemAvailable:    1561600 kB
Buffers:           23160 kB
Cached:           236464 kB
MemTotal:        1844596 kB
MemFree:         1414648 kB
MemAvailable:    1561600 kB
Buffers:           23160 kB
Cached:           236464 kB
MemTotal:        1844596 kB
MemFree:         1410704 kB
MemAvailable:    1557656 kB
Buffers:           23160 kB
Cached:           236464 kB
MemTotal:        1844596 kB
MemFree:         1406720 kB
MemAvailable:    1553672 kB
Buffers:           23160 kB
Cached:           236464 kB
MemTotal:        1844596 kB
MemFree:         1405992 kB
MemAvailable:    1552944 kB
Buffers:           23160 kB
Cached:           236464 kB
MemTotal:        1844596 kB
MemFree:         1407232 kB
MemAvailable:    1554184 kB
Buffers:           23160 kB
Cached:           236464 kB
MemTotal:        1844596 kB
MemFree:         1406068 kB
MemAvailable:    1553020 kB
Buffers:           23160 kB
Cached:           236464 kB
MemTotal:        1844596 kB
MemFree:         1407092 kB
MemAvailable:    1554044 kB
Buffers:           23160 kB
Cached:           236464 kB
MemTotal:        1844596 kB
MemFree:         1407216 kB
MemAvailable:    1554168 kB
Buffers:           23160 kB
Cached:           236464 kB
MemTotal:        1844596 kB
MemFree:         1407340 kB
MemAvailable:    1554292 kB
Buffers:           23160 kB
Cached:           236464 kB
MemTotal:        1844596 kB
MemFree:         1407152 kB
MemAvailable:    1554104 kB
Buffers:           23160 kB
Cached:           236464 kB
MemTotal:        1844596 kB
MemFree:         1405992 kB
MemAvailable:    1552944 kB
Buffers:           23160 kB
Cached:           236464 kB
MemTotal:        1844596 kB
MemFree:         1405928 kB
MemAvailable:    1552880 kB
Buffers:           23160 kB
Cached:           236464 kB
MemTotal:        1844596 kB
MemFree:         1405592 kB
MemAvailable:    1552544 kB
Buffers:           23160 kB
Cached:           236464 kB
MemTotal:        1844596 kB
MemFree:         1404132 kB
MemAvailable:    1551084 kB
Buffers:           23160 kB
Cached:           236464 kB
MemTotal:        1844596 kB
MemFree:         1405352 kB
MemAvailable:    1552304 kB
Buffers:           23160 kB
Cached:           236464 kB
MemTotal:        1844596 kB
MemFree:         1405240 kB
MemAvailable:    1552192 kB
Buffers:           23160 kB
Cached:           236464 kB
MemTotal:        1844596 kB
MemFree:         1404852 kB
MemAvailable:    1551804 kB
Buffers:           23160 kB
Cached:           236464 kB
MemTotal:        1844596 kB
MemFree:         1404852 kB
MemAvailable:    1551804 kB
Buffers:           23160 kB
Cached:           236464 kB
MemTotal:        1844596 kB
MemFree:         1404592 kB
MemAvailable:    1551544 kB
Buffers:           23160 kB
Cached:           236464 kB
MemTotal:        1844596 kB
MemFree:         1404928 kB
MemAvailable:    1551880 kB
Buffers:           23160 kB
Cached:           236464 kB
MemTotal:        1844596 kB
MemFree:         1403608 kB
MemAvailable:    1550560 kB
Buffers:           23160 kB
Cached:           236464 kB
MemTotal:        1844596 kB
MemFree:         1406160 kB
MemAvailable:    1553112 kB
Buffers:           23160 kB
Cached:           236464 kB
MemTotal:        1844596 kB
MemFree:         1406100 kB
MemAvailable:    1553052 kB
Buffers:           23160 kB
Cached:           236464 kB
MemTotal:        1844596 kB
MemFree:         1405992 kB
MemAvailable:    1552944 kB
Buffers:           23160 kB
Cached:           236464 kB
MemTotal:        1844596 kB
MemFree:         1404116 kB
MemAvailable:    1551068 kB
Buffers:           23160 kB
Cached:           236464 kB
MemTotal:        1844596 kB
MemFree:         1403760 kB
MemAvailable:    1550712 kB
Buffers:           23160 kB
Cached:           236464 kB
MemTotal:        1844596 kB
MemFree:         1402504 kB
MemAvailable:    1549456 kB
Buffers:           23160 kB
Cached:           236464 kB
MemTotal:        1844596 kB
MemFree:         1402396 kB
MemAvailable:    1549348 kB
Buffers:           23160 kB
Cached:           236464 kB
MemTotal:        1844596 kB
MemFree:         1402340 kB
MemAvailable:    1549292 kB
Buffers:           23160 kB
Cached:           236464 kB
MemTotal:        1844596 kB
MemFree:         1401776 kB
MemAvailable:    1548728 kB
Buffers:           23160 kB
Cached:           236464 kB
MemTotal:        1844596 kB
MemFree:         1400404 kB
MemAvailable:    1547356 kB
Buffers:           23160 kB
Cached:           236464 kB
MemTotal:        1844596 kB
MemFree:         1401140 kB
MemAvailable:    1548092 kB
Buffers:           23160 kB
Cached:           236464 kB
MemTotal:        1844596 kB
MemFree:         1400844 kB
MemAvailable:    1547796 kB
Buffers:           23160 kB
Cached:           236464 kB
MemTotal:        1844596 kB
MemFree:         1400712 kB
MemAvailable:    1547664 kB
Buffers:           23160 kB
Cached:           236464 kB
MemTotal:        1844596 kB
MemFree:         1399536 kB
MemAvailable:    1546488 kB
Buffers:           23160 kB
Cached:           236464 kB
MemTotal:        1844596 kB
MemFree:         1400836 kB
MemAvailable:    1547788 kB
Buffers:           23160 kB
Cached:           236464 kB
MemTotal:        1844596 kB
MemFree:         1399544 kB
MemAvailable:    1546500 kB
Buffers:           23160 kB
Cached:           236468 kB
MemTotal:        1844596 kB
MemFree:         1400520 kB
MemAvailable:    1547476 kB
Buffers:           23160 kB
Cached:           236468 kB
MemTotal:        1844596 kB
MemFree:         1400224 kB
MemAvailable:    1547180 kB
Buffers:           23160 kB
Cached:           236468 kB
MemTotal:        1844596 kB
MemFree:         1399048 kB
MemAvailable:    1546004 kB
Buffers:           23160 kB
Cached:           236468 kB
MemTotal:        1844596 kB
MemFree:         1399396 kB
MemAvailable:    1546352 kB
Buffers:           23160 kB
Cached:           236468 kB
MemTotal:        1844596 kB
MemFree:         1399396 kB
MemAvailable:    1546352 kB
Buffers:           23160 kB
Cached:           236468 kB
MemTotal:        1844596 kB
MemFree:         1398244 kB
MemAvailable:    1545200 kB
Buffers:           23160 kB
Cached:           236468 kB
MemTotal:        1844596 kB
MemFree:         1398492 kB
MemAvailable:    1545448 kB
Buffers:           23160 kB
Cached:           236468 kB
MemTotal:        1844596 kB
MemFree:         1398360 kB
MemAvailable:    1545316 kB
Buffers:           23160 kB
Cached:           236468 kB
MemTotal:        1844596 kB
MemFree:         1399792 kB
MemAvailable:    1546748 kB
Buffers:           23160 kB
Cached:           236468 kB
MemTotal:        1844596 kB
MemFree:         1398492 kB
MemAvailable:    1545448 kB
Buffers:           23160 kB
Cached:           236468 kB
MemTotal:        1844596 kB
MemFree:         1398608 kB
MemAvailable:    1545564 kB
Buffers:           23160 kB
Cached:           236468 kB
MemTotal:        1844596 kB
MemFree:         1399716 kB
MemAvailable:    1546672 kB
Buffers:           23160 kB
Cached:           236468 kB
MemTotal:        1844596 kB
MemFree:         1399544 kB
MemAvailable:    1546500 kB
Buffers:           23160 kB
Cached:           236468 kB
MemTotal:        1844596 kB
MemFree:         1399744 kB
MemAvailable:    1546700 kB
Buffers:           23160 kB
Cached:           236468 kB
MemTotal:        1844596 kB
MemFree:         1399348 kB
MemAvailable:    1546304 kB
Buffers:           23160 kB
Cached:           236468 kB
MemTotal:        1844596 kB
MemFree:         1399348 kB
MemAvailable:    1546304 kB
Buffers:           23160 kB
Cached:           236468 kB
MemTotal:        1844596 kB
MemFree:         1397784 kB
MemAvailable:    1544740 kB
Buffers:           23160 kB
Cached:           236468 kB
MemTotal:        1844596 kB
MemFree:         1398720 kB
MemAvailable:    1545676 kB
Buffers:           23160 kB
Cached:           236468 kB
MemTotal:        1844596 kB
MemFree:         1398720 kB
MemAvailable:    1545676 kB
Buffers:           23160 kB
Cached:           236468 kB
MemTotal:        1844596 kB
MemFree:         1398620 kB
MemAvailable:    1545576 kB
Buffers:           23160 kB
Cached:           236468 kB
MemTotal:        1844596 kB
MemFree:         1397372 kB
MemAvailable:    1544328 kB
Buffers:           23160 kB
Cached:           236468 kB
MemTotal:        1844596 kB
MemFree:         1398640 kB
MemAvailable:    1545596 kB
Buffers:           23160 kB
Cached:           236468 kB
MemTotal:        1844596 kB
MemFree:         1398536 kB
MemAvailable:    1545492 kB
Buffers:           23160 kB
Cached:           236468 kB
MemTotal:        1844596 kB
MemFree:         1398776 kB
MemAvailable:    1545732 kB
Buffers:           23160 kB
Cached:           236468 kB
MemTotal:        1844596 kB
MemFree:         1397808 kB
MemAvailable:    1544764 kB
Buffers:           23160 kB
Cached:           236468 kB
MemTotal:        1844596 kB
MemFree:         1399048 kB
MemAvailable:    1546004 kB
Buffers:           23160 kB
Cached:           236468 kB
MemTotal:        1844596 kB
MemFree:         1398180 kB
MemAvailable:    1545136 kB
Buffers:           23160 kB
Cached:           236468 kB
MemTotal:        1844596 kB
MemFree:         1398400 kB
MemAvailable:    1545356 kB
Buffers:           23160 kB
Cached:           236468 kB
MemTotal:        1844596 kB
MemFree:         1398736 kB
MemAvailable:    1545692 kB
Buffers:           23160 kB
Cached:           236468 kB
MemTotal:        1844596 kB
MemFree:         1397500 kB
MemAvailable:    1544456 kB
Buffers:           23160 kB
Cached:           236468 kB
MemTotal:        1844596 kB
MemFree:         1395196 kB
MemAvailable:    1542152 kB
Buffers:           23160 kB
Cached:           236468 kB
MemTotal:        1844596 kB
MemFree:         1394016 kB
MemAvailable:    1540972 kB
Buffers:           23160 kB
Cached:           236468 kB
MemTotal:        1844596 kB
MemFree:         1391484 kB
MemAvailable:    1538440 kB
Buffers:           23160 kB
Cached:           236468 kB
MemTotal:        1844596 kB
MemFree:         1391220 kB
MemAvailable:    1538176 kB
Buffers:           23160 kB
Cached:           236468 kB
MemTotal:        1844596 kB
MemFree:         1391472 kB
MemAvailable:    1538428 kB
Buffers:           23160 kB
Cached:           236468 kB
MemTotal:        1844596 kB
MemFree:         1391048 kB
MemAvailable:    1538004 kB
Buffers:           23160 kB
Cached:           236468 kB
MemTotal:        1844596 kB
MemFree:         1389624 kB
MemAvailable:    1536580 kB
Buffers:           23160 kB
Cached:           236468 kB
MemTotal:        1844596 kB
MemFree:         1390788 kB
MemAvailable:    1537744 kB
Buffers:           23160 kB
Cached:           236468 kB
MemTotal:        1844596 kB
MemFree:         1389604 kB
MemAvailable:    1536560 kB
Buffers:           23160 kB
Cached:           236468 kB
MemTotal:        1844596 kB
MemFree:         1390740 kB
MemAvailable:    1537696 kB
Buffers:           23160 kB
Cached:           236468 kB
MemTotal:        1844596 kB
MemFree:         1389600 kB
MemAvailable:    1536556 kB
Buffers:           23160 kB
Cached:           236468 kB
MemTotal:        1844596 kB
MemFree:         1390668 kB
MemAvailable:    1537624 kB
Buffers:           23160 kB
Cached:           236468 kB
MemTotal:        1844596 kB
MemFree:         1390368 kB
MemAvailable:    1537324 kB
Buffers:           23160 kB
Cached:           236468 kB
MemTotal:        1844596 kB
MemFree:         1390588 kB
MemAvailable:    1537544 kB
Buffers:           23160 kB
Cached:           236468 kB
MemTotal:        1844596 kB
MemFree:         1389364 kB
MemAvailable:    1536320 kB
Buffers:           23160 kB
Cached:           236468 kB
MemTotal:        1844596 kB
MemFree:         1390588 kB
MemAvailable:    1537544 kB
Buffers:           23160 kB
Cached:           236468 kB
MemTotal:        1844596 kB
MemFree:         1390672 kB
MemAvailable:    1537628 kB
Buffers:           23160 kB
Cached:           236468 kB
MemTotal:        1844596 kB
MemFree:         1390552 kB
MemAvailable:    1537508 kB
Buffers:           23160 kB
Cached:           236468 kB
MemTotal:        1844596 kB
MemFree:         1389624 kB
MemAvailable:    1536580 kB
Buffers:           23160 kB
Cached:           236468 kB
MemTotal:        1844596 kB
MemFree:         1389236 kB
MemAvailable:    1536192 kB
Buffers:           23172 kB
Cached:           236456 kB
MemTotal:        1844596 kB
MemFree:         1389856 kB
MemAvailable:    1536812 kB
Buffers:           23172 kB
Cached:           236456 kB
MemTotal:        1844596 kB
MemFree:         1389856 kB
MemAvailable:    1536812 kB
Buffers:           23172 kB
Cached:           236456 kB
MemTotal:        1844596 kB
MemFree:         1389236 kB
MemAvailable:    1536192 kB
Buffers:           23172 kB
Cached:           236456 kB
MemTotal:        1844596 kB
MemFree:         1389572 kB
MemAvailable:    1536528 kB
Buffers:           23172 kB
Cached:           236456 kB
MemTotal:        1844596 kB
MemFree:         1388252 kB
MemAvailable:    1535208 kB
Buffers:           23172 kB
Cached:           236456 kB
MemTotal:        1844596 kB
MemFree:         1387996 kB
MemAvailable:    1534952 kB
Buffers:           23172 kB
Cached:           236456 kB
MemTotal:        1844596 kB
MemFree:         1387640 kB
MemAvailable:    1534596 kB
Buffers:           23172 kB
Cached:           236456 kB
MemTotal:        1844596 kB
MemFree:         1387560 kB
MemAvailable:    1534516 kB
Buffers:           23172 kB
Cached:           236456 kB
MemTotal:        1844596 kB
MemFree:         1387896 kB
MemAvailable:    1534852 kB
Buffers:           23172 kB
Cached:           236456 kB
MemTotal:        1844596 kB
MemFree:         1387120 kB
MemAvailable:    1534076 kB
Buffers:           23172 kB
Cached:           236456 kB
MemTotal:        1844596 kB
MemFree:         1387120 kB
MemAvailable:    1534076 kB
Buffers:           23172 kB
Cached:           236456 kB
MemTotal:        1844596 kB
MemFree:         1386992 kB
MemAvailable:    1533948 kB
Buffers:           23172 kB
Cached:           236456 kB
MemTotal:        1844596 kB
MemFree:         1387244 kB
MemAvailable:    1534200 kB
Buffers:           23172 kB
Cached:           236456 kB
MemTotal:        1844596 kB
MemFree:         1386860 kB
MemAvailable:    1533816 kB
Buffers:           23172 kB
Cached:           236456 kB
MemTotal:        1844596 kB
MemFree:         1386860 kB
MemAvailable:    1533816 kB
Buffers:           23172 kB
Cached:           236456 kB
MemTotal:        1844596 kB
MemFree:         1386716 kB
MemAvailable:    1533672 kB
Buffers:           23172 kB
Cached:           236456 kB
MemTotal:        1844596 kB
MemFree:         1386896 kB
MemAvailable:    1533852 kB
Buffers:           23172 kB
Cached:           236456 kB
MemTotal:        1844596 kB
MemFree:         1385904 kB
MemAvailable:    1532860 kB
Buffers:           23172 kB
Cached:           236456 kB
MemTotal:        1844596 kB
MemFree:         1386704 kB
MemAvailable:    1533660 kB
Buffers:           23172 kB
Cached:           236456 kB
MemTotal:        1844596 kB
MemFree:         1386704 kB
MemAvailable:    1533660 kB
Buffers:           23172 kB
Cached:           236456 kB
MemTotal:        1844596 kB
MemFree:         1385724 kB
MemAvailable:    1532680 kB
Buffers:           23172 kB
Cached:           236456 kB
MemTotal:        1844596 kB
MemFree:         1385408 kB
MemAvailable:    1532364 kB
Buffers:           23172 kB
Cached:           236456 kB
MemTotal:        1844596 kB
MemFree:         1386584 kB
MemAvailable:    1533540 kB
Buffers:           23172 kB
Cached:           236456 kB
MemTotal:        1844596 kB
MemFree:         1381812 kB
MemAvailable:    1528768 kB
Buffers:           23172 kB
Cached:           236456 kB
MemTotal:        1844596 kB
MemFree:         1378084 kB
MemAvailable:    1525040 kB
Buffers:           23172 kB
Cached:           236456 kB
MemTotal:        1844596 kB
MemFree:         1379392 kB
MemAvailable:    1526372 kB
Buffers:           23172 kB
Cached:           236480 kB
MemTotal:        1844596 kB
MemFree:         1377704 kB
MemAvailable:    1524684 kB
Buffers:           23172 kB
Cached:           236480 kB
MemTotal:        1844596 kB
MemFree:         1378836 kB
MemAvailable:    1525816 kB
Buffers:           23172 kB
Cached:           236480 kB
MemTotal:        1844596 kB
MemFree:         1379088 kB
MemAvailable:    1526068 kB
Buffers:           23172 kB
Cached:           236480 kB
MemTotal:        1844596 kB
MemFree:         1379000 kB
MemAvailable:    1525980 kB
Buffers:           23172 kB
Cached:           236480 kB
MemTotal:        1844596 kB
MemFree:         1377692 kB
MemAvailable:    1524672 kB
Buffers:           23172 kB
Cached:           236480 kB
MemTotal:        1844596 kB
MemFree:         1380756 kB
MemAvailable:    1527736 kB
Buffers:           23172 kB
Cached:           236480 kB
MemTotal:        1844596 kB
MemFree:         1379068 kB
MemAvailable:    1526048 kB
Buffers:           23172 kB
Cached:           236480 kB
MemTotal:        1844596 kB
MemFree:         1380368 kB
MemAvailable:    1527516 kB
Buffers:           23172 kB
Cached:           236728 kB
MemTotal:        1844596 kB
MemFree:         1380112 kB
MemAvailable:    1527344 kB
Buffers:           23172 kB
Cached:           236728 kB
MemTotal:        1844596 kB
MemFree:         1379864 kB
MemAvailable:    1527264 kB
Buffers:           23172 kB
Cached:           236852 kB
MemTotal:        1844596 kB
MemFree:         1379828 kB
MemAvailable:    1527228 kB
Buffers:           23172 kB
Cached:           236852 kB
MemTotal:        1844596 kB
MemFree:         1378688 kB
MemAvailable:    1526088 kB
Buffers:           23172 kB
Cached:           236976 kB
MemTotal:        1844596 kB
MemFree:         1380060 kB
MemAvailable:    1527628 kB
Buffers:           23172 kB
Cached:           236976 kB
MemTotal:        1844596 kB
MemFree:         1379872 kB
MemAvailable:    1527440 kB
Buffers:           23172 kB
Cached:           237100 kB
MemTotal:        1844596 kB
MemFree:         1378588 kB
MemAvailable:    1526156 kB
Buffers:           23172 kB
Cached:           237100 kB
MemTotal:        1844596 kB
MemFree:         1379568 kB
MemAvailable:    1527136 kB
Buffers:           23172 kB
Cached:           237100 kB
MemTotal:        1844596 kB
MemFree:         1379636 kB
MemAvailable:    1527204 kB
Buffers:           23172 kB
Cached:           237100 kB
MemTotal:        1844596 kB
MemFree:         1379804 kB
MemAvailable:    1527372 kB
Buffers:           23172 kB
Cached:           237100 kB
MemTotal:        1844596 kB
MemFree:         1379888 kB
MemAvailable:    1527456 kB
Buffers:           23172 kB
Cached:           237100 kB
MemTotal:        1844596 kB
MemFree:         1378456 kB
MemAvailable:    1526024 kB
Buffers:           23172 kB
Cached:           237100 kB
MemTotal:        1844596 kB
MemFree:         1378704 kB
MemAvailable:    1526356 kB
Buffers:           23172 kB
Cached:           237100 kB
MemTotal:        1844596 kB
MemFree:         1421800 kB
MemAvailable:    1568864 kB
Buffers:           23172 kB
Cached:           236468 kB
