MemTotal:        1844596 kB
MemFree:         1218440 kB
MemAvailable:    1564000 kB
Buffers:           51376 kB
Cached:           407948 kB
MemTotal:        1844596 kB
MemFree:         1190896 kB
MemAvailable:    1536464 kB
Buffers:           51376 kB
Cached:           407952 kB
MemTotal:        1844596 kB
MemFree:         1190928 kB
MemAvailable:    1536496 kB
Buffers:           51376 kB
Cached:           407952 kB
MemTotal:        1844596 kB
MemFree:         1187836 kB
MemAvailable:    1533404 kB
Buffers:           51376 kB
Cached:           407952 kB
MemTotal:        1844596 kB
MemFree:         1186596 kB
MemAvailable:    1532164 kB
Buffers:           51376 kB
Cached:           407952 kB
MemTotal:        1844596 kB
MemFree:         1186472 kB
MemAvailable:    1532040 kB
Buffers:           51376 kB
Cached:           407952 kB
MemTotal:        1844596 kB
MemFree:         1182844 kB
MemAvailable:    1528412 kB
Buffers:           51376 kB
Cached:           407952 kB
MemTotal:        1844596 kB
MemFree:         1182620 kB
MemAvailable:    1528188 kB
Buffers:           51376 kB
Cached:           407952 kB
MemTotal:        1844596 kB
MemFree:         1176288 kB
MemAvailable:    1521856 kB
Buffers:           51376 kB
Cached:           407952 kB
MemTotal:        1844596 kB
MemFree:         1176624 kB
MemAvailable:    1522192 kB
Buffers:           51376 kB
Cached:           407952 kB
MemTotal:        1844596 kB
MemFree:         1176056 kB
MemAvailable:    1521624 kB
Buffers:           51376 kB
Cached:           407952 kB
MemTotal:        1844596 kB
MemFree:         1177548 kB
MemAvailable:    1523116 kB
Buffers:           51376 kB
Cached:           407952 kB
MemTotal:        1844596 kB
MemFree:         1176676 kB
MemAvailable:    1522244 kB
Buffers:           51376 kB
Cached:           407952 kB
MemTotal:        1844596 kB
MemFree:         1176160 kB
MemAvailable:    1521728 kB
Buffers:           51376 kB
Cached:           407952 kB
MemTotal:        1844596 kB
MemFree:         1177268 kB
MemAvailable:    1522836 kB
Buffers:           51376 kB
Cached:           407952 kB
MemTotal:        1844596 kB
MemFree:         1177268 kB
MemAvailable:    1522836 kB
Buffers:           51376 kB
Cached:           407952 kB
MemTotal:        1844596 kB
MemFree:         1176108 kB
MemAvailable:    1521676 kB
Buffers:           51376 kB
Cached:           407952 kB
MemTotal:        1844596 kB
MemFree:         1175496 kB
MemAvailable:    1521064 kB
Buffers:           51376 kB
Cached:           407952 kB
MemTotal:        1844596 kB
MemFree:         1175304 kB
MemAvailable:    1520872 kB
Buffers:           51376 kB
Cached:           407952 kB
MemTotal:        1844596 kB
MemFree:         1174752 kB
MemAvailable:    1520320 kB
Buffers:           51376 kB
Cached:           407952 kB
MemTotal:        1844596 kB
MemFree:         1175008 kB
MemAvailable:    1520576 kB
Buffers:           51376 kB
Cached:           407952 kB
MemTotal:        1844596 kB
MemFree:         1174812 kB
MemAvailable:    1520380 kB
Buffers:           51376 kB
Cached:           407952 kB
MemTotal:        1844596 kB
MemFree:         1173804 kB
MemAvailable:    1519372 kB
Buffers:           51376 kB
Cached:           407952 kB
MemTotal:        1844596 kB
MemFree:         1173672 kB
MemAvailable:    1519240 kB
Buffers:           51376 kB
Cached:           407952 kB
MemTotal:        1844596 kB
MemFree:         1173672 kB
MemAvailable:    1519240 kB
Buffers:           51376 kB
Cached:           407952 kB
MemTotal:        1844596 kB
MemFree:         1173788 kB
MemAvailable:    1519356 kB
Buffers:           51376 kB
Cached:           407952 kB
MemTotal:        1844596 kB
MemFree:         1176452 kB
MemAvailable:    1522020 kB
Buffers:           51376 kB
Cached:           407952 kB
MemTotal:        1844596 kB
MemFree:         1175924 kB
MemAvailable:    1521492 kB
Buffers:           51376 kB
Cached:           407952 kB
MemTotal:        1844596 kB
MemFree:         1174920 kB
MemAvailable:    1520488 kB
Buffers:           51376 kB
Cached:           407952 kB
MemTotal:        1844596 kB
MemFree:         1172708 kB
MemAvailable:    1518276 kB
Buffers:           51376 kB
Cached:           407952 kB
MemTotal:        1844596 kB
MemFree:         1171336 kB
MemAvailable:    1516904 kB
Buffers:           51376 kB
Cached:           407952 kB
MemTotal:        1844596 kB
MemFree:         1171700 kB
MemAvailable:    1517268 kB
Buffers:           51376 kB
Cached:           407952 kB
MemTotal:        1844596 kB
MemFree:         1171700 kB
MemAvailable:    1517268 kB
Buffers:           51376 kB
Cached:           407952 kB
MemTotal:        1844596 kB
MemFree:         1171452 kB
MemAvailable:    1517020 kB
Buffers:           51376 kB
Cached:           407952 kB
MemTotal:        1844596 kB
MemFree:         1170832 kB
MemAvailable:    1516400 kB
Buffers:           51376 kB
Cached:           407952 kB
MemTotal:        1844596 kB
MemFree:         1170600 kB
MemAvailable:    1516168 kB
Buffers:           51376 kB
Cached:           407952 kB
MemTotal:        1844596 kB
MemFree:         1170728 kB
MemAvailable:    1516296 kB
Buffers:           51376 kB
Cached:           407952 kB
MemTotal:        1844596 kB
MemFree:         1169548 kB
MemAvailable:    1515116 kB
Buffers:           51376 kB
Cached:           407952 kB
MemTotal:        1844596 kB
MemFree:         1169540 kB
MemAvailable:    1515108 kB
Buffers:           51376 kB
Cached:           407952 kB
MemTotal:        1844596 kB
MemFree:         1169540 kB
MemAvailable:    1515108 kB
Buffers:           51376 kB
Cached:           407952 kB
MemTotal:        1844596 kB
MemFree:         1170584 kB
MemAvailable:    1516152 kB
Buffers:           51376 kB
Cached:           407952 kB
MemTotal:        1844596 kB
MemFree:         1170676 kB
MemAvailable:    1516244 kB
Buffers:           51376 kB
Cached:           407952 kB
MemTotal:        1844596 kB
MemFree:         1169964 kB
MemAvailable:    1515532 kB
Buffers:           51376 kB
Cached:           407952 kB
MemTotal:        1844596 kB
MemFree:         1169824 kB
MemAvailable:    1515392 kB
Buffers:           51376 kB
Cached:           407952 kB
MemTotal:        1844596 kB
MemFree:         1169796 kB
MemAvailable:    1515364 kB
Buffers:           51376 kB
Cached:           407952 kB
MemTotal:        1844596 kB
MemFree:         1170048 kB
MemAvailable:    1515616 kB
Buffers:           51376 kB
Cached:           407952 kB
MemTotal:        1844596 kB
MemFree:         1168484 kB
MemAvailable:    1514052 kB
Buffers:           51376 kB
Cached:           407952 kB
MemTotal:        1844596 kB
MemFree:         1168484 kB
MemAvailable:    1514052 kB
Buffers:           51376 kB
Cached:           407952 kB
MemTotal:        1844596 kB
MemFree:         1169668 kB
MemAvailable:    1515236 kB
Buffers:           51376 kB
Cached:           407952 kB
MemTotal:        1844596 kB
MemFree:         1169836 kB
MemAvailable:    1515404 kB
Buffers:           51376 kB
Cached:           407952 kB
MemTotal:        1844596 kB
MemFree:         1169780 kB
MemAvailable:    1515348 kB
Buffers:           51376 kB
Cached:           407952 kB
MemTotal:        1844596 kB
MemFree:         1169960 kB
MemAvailable:    1515528 kB
Buffers:           51376 kB
Cached:           407952 kB
MemTotal:        1844596 kB
MemFree:         1169932 kB
MemAvailable:    1515500 kB
Buffers:           51376 kB
Cached:           407952 kB
MemTotal:        1844596 kB
MemFree:         1168312 kB
MemAvailable:    1513880 kB
Buffers:           51376 kB
Cached:           407952 kB
MemTotal:        1844596 kB
MemFree:         1168188 kB
MemAvailable:    1513756 kB
Buffers:           51376 kB
Cached:           407952 kB
MemTotal:        1844596 kB
MemFree:         1168304 kB
MemAvailable:    1513872 kB
Buffers:           51376 kB
Cached:           407952 kB
MemTotal:        1844596 kB
MemFree:         1169156 kB
MemAvailable:    1514724 kB
Buffers:           51376 kB
Cached:           407952 kB
MemTotal:        1844596 kB
MemFree:         1169200 kB
MemAvailable:    1514768 kB
Buffers:           51376 kB
Cached:           407952 kB
MemTotal:        1844596 kB
MemFree:         1167600 kB
MemAvailable:    1513168 kB
Buffers:           51376 kB
Cached:           407952 kB
MemTotal:        1844596 kB
MemFree:         1167600 kB
MemAvailable:    1513168 kB
Buffers:           51376 kB
Cached:           407952 kB
MemTotal:        1844596 kB
MemFree:         1169032 kB
MemAvailable:    1514608 kB
Buffers:           51376 kB
Cached:           407960 kB
MemTotal:        1844596 kB
MemFree:         1168684 kB
MemAvailable:    1514260 kB
Buffers:           51376 kB
Cached:           407960 kB
MemTotal:        1844596 kB
MemFree:         1168768 kB
MemAvailable:    1514344 kB
Buffers:           51376 kB
Cached:           407960 kB
MemTotal:        1844596 kB
MemFree:         1168868 kB
MemAvailable:    1514444 kB
Buffers:           51376 kB
Cached:           407960 kB
MemTotal:        1844596 kB
MemFree:         1168572 kB
MemAvailable:    1514148 kB
Buffers:           51376 kB
Cached:           407960 kB
MemTotal:        1844596 kB
MemFree:         1168908 kB
MemAvailable:    1514484 kB
Buffers:           51376 kB
Cached:           407960 kB
MemTotal:        1844596 kB
MemFree:         1167064 kB
MemAvailable:    1512640 kB
Buffers:           51376 kB
Cached:           407960 kB
MemTotal:        1844596 kB
MemFree:         1165144 kB
MemAvailable:    1510720 kB
Buffers:           51376 kB
Cached:           407960 kB
MemTotal:        1844596 kB
MemFree:         1161904 kB
MemAvailable:    1507480 kB
Buffers:           51376 kB
Cached:           407960 kB
MemTotal:        1844596 kB
MemFree:         1161988 kB
MemAvailable:    1507564 kB
Buffers:           51376 kB
Cached:           407960 kB
MemTotal:        1844596 kB
MemFree:         1159928 kB
MemAvailable:    1505504 kB
Buffers:           51376 kB
Cached:           407960 kB
MemTotal:        1844596 kB
MemFree:         1160928 kB
MemAvailable:    1506504 kB
Buffers:           51376 kB
Cached:           407960 kB
MemTotal:        1844596 kB
MemFree:         1159796 kB
MemAvailable:    1505372 kB
Buffers:           51376 kB
Cached:           407960 kB
MemTotal:        1844596 kB
MemFree:         1160740 kB
MemAvailable:    1506316 kB
Buffers:           51376 kB
Cached:           407960 kB
MemTotal:        1844596 kB
MemFree:         1160680 kB
MemAvailable:    1506256 kB
Buffers:           51376 kB
Cached:           407960 kB
MemTotal:        1844596 kB
MemFree:         1160916 kB
MemAvailable:    1506492 kB
Buffers:           51376 kB
Cached:           407960 kB
MemTotal:        1844596 kB
MemFree:         1160868 kB
MemAvailable:    1506444 kB
Buffers:           51376 kB
Cached:           407960 kB
MemTotal:        1844596 kB
MemFree:         1160860 kB
MemAvailable:    1506436 kB
Buffers:           51376 kB
Cached:           407960 kB
MemTotal:        1844596 kB
MemFree:         1160924 kB
MemAvailable:    1506500 kB
Buffers:           51376 kB
Cached:           407960 kB
MemTotal:        1844596 kB
MemFree:         1159564 kB
MemAvailable:    1505140 kB
Buffers:           51376 kB
Cached:           407960 kB
MemTotal:        1844596 kB
MemFree:         1159516 kB
MemAvailable:    1505092 kB
Buffers:           51376 kB
Cached:           407960 kB
MemTotal:        1844596 kB
MemFree:         1159688 kB
MemAvailable:    1505264 kB
Buffers:           51376 kB
Cached:           407960 kB
MemTotal:        1844596 kB
MemFree:         1160808 kB
MemAvailable:    1506384 kB
Buffers:           51376 kB
Cached:           407960 kB
MemTotal:        1844596 kB
MemFree:         1160060 kB
MemAvailable:    1505636 kB
Buffers:           51376 kB
Cached:           407960 kB
MemTotal:        1844596 kB
MemFree:         1160392 kB
MemAvailable:    1505968 kB
Buffers:           51376 kB
Cached:           407960 kB
MemTotal:        1844596 kB
MemFree:         1159068 kB
MemAvailable:    1504644 kB
Buffers:           51376 kB
Cached:           407960 kB
MemTotal:        1844596 kB
MemFree:         1160060 kB
MemAvailable:    1505636 kB
Buffers:           51376 kB
Cached:           407960 kB
MemTotal:        1844596 kB
MemFree:         1158944 kB
MemAvailable:    1504520 kB
Buffers:           51376 kB
Cached:           407960 kB
MemTotal:        1844596 kB
MemFree:         1159176 kB
MemAvailable:    1504756 kB
Buffers:           51376 kB
Cached:           407964 kB
MemTotal:        1844596 kB
MemFree:         1159260 kB
MemAvailable:    1504840 kB
Buffers:           51376 kB
Cached:           407964 kB
MemTotal:        1844596 kB
MemFree:         1159004 kB
MemAvailable:    1504584 kB
Buffers:           51376 kB
Cached:           407964 kB
MemTotal:        1844596 kB
MemFree:         1157428 kB
MemAvailable:    1503008 kB
Buffers:           51376 kB
Cached:           407964 kB
MemTotal:        1844596 kB
MemFree:         1158200 kB
MemAvailable:    1503780 kB
Buffers:           51376 kB
Cached:           407964 kB
MemTotal:        1844596 kB
MemFree:         1157564 kB
MemAvailable:    1503144 kB
Buffers:           51376 kB
Cached:           407964 kB
MemTotal:        1844596 kB
MemFree:         1157564 kB
MemAvailable:    1503144 kB
Buffers:           51376 kB
Cached:           407964 kB
MemTotal:        1844596 kB
MemFree:         1157452 kB
MemAvailable:    1503032 kB
Buffers:           51376 kB
Cached:           407964 kB
MemTotal:        1844596 kB
MemFree:         1156284 kB
MemAvailable:    1501864 kB
Buffers:           51376 kB
Cached:           407964 kB
MemTotal:        1844596 kB
MemFree:         1156284 kB
MemAvailable:    1501864 kB
Buffers:           51376 kB
Cached:           407964 kB
MemTotal:        1844596 kB
MemFree:         1157068 kB
MemAvailable:    1502648 kB
Buffers:           51376 kB
Cached:           407964 kB
MemTotal:        1844596 kB
MemFree:         1156904 kB
MemAvailable:    1502484 kB
Buffers:           51376 kB
Cached:           407964 kB
MemTotal:        1844596 kB
MemFree:         1157020 kB
MemAvailable:    1502600 kB
Buffers:           51376 kB
Cached:           407964 kB
MemTotal:        1844596 kB
MemFree:         1155648 kB
MemAvailable:    1501228 kB
Buffers:           51376 kB
Cached:           407964 kB
MemTotal:        1844596 kB
MemFree:         1156916 kB
MemAvailable:    1502496 kB
Buffers:           51376 kB
Cached:           407964 kB
MemTotal:        1844596 kB
MemFree:         1156588 kB
MemAvailable:    1502168 kB
Buffers:           51376 kB
Cached:           407964 kB
MemTotal:        1844596 kB
MemFree:         1156684 kB
MemAvailable:    1502264 kB
Buffers:           51376 kB
Cached:           407964 kB
MemTotal:        1844596 kB
MemFree:         1155572 kB
MemAvailable:    1501152 kB
Buffers:           51376 kB
Cached:           407964 kB
MemTotal:        1844596 kB
MemFree:         1155332 kB
MemAvailable:    1500912 kB
Buffers:           51376 kB
Cached:           407964 kB
MemTotal:        1844596 kB
MemFree:         1154968 kB
MemAvailable:    1500548 kB
Buffers:           51376 kB
Cached:           407964 kB
MemTotal:        1844596 kB
MemFree:         1149132 kB
MemAvailable:    1494712 kB
Buffers:           51376 kB
Cached:           407964 kB
MemTotal:        1844596 kB
MemFree:         1149216 kB
MemAvailable:    1494796 kB
Buffers:           51376 kB
Cached:           407964 kB
MemTotal:        1844596 kB
MemFree:         1148996 kB
MemAvailable:    1494576 kB
Buffers:           51376 kB
Cached:           407964 kB
MemTotal:        1844596 kB
MemFree:         1149248 kB
MemAvailable:    1494828 kB
Buffers:           51380 kB
Cached:           407960 kB
MemTotal:        1844596 kB
MemFree:         1149080 kB
MemAvailable:    1494660 kB
Buffers:           51384 kB
Cached:           407956 kB
MemTotal:        1844596 kB
MemFree:         1149248 kB
MemAvailable:    1494828 kB
Buffers:           51384 kB
Cached:           407956 kB
MemTotal:        1844596 kB
MemFree:         1148936 kB
MemAvailable:    1494516 kB
Buffers:           51384 kB
Cached:           407956 kB
MemTotal:        1844596 kB
MemFree:         1150224 kB
MemAvailable:    1495804 kB
Buffers:           51384 kB
Cached:           407956 kB
MemTotal:        1844596 kB
MemFree:         1150760 kB
MemAvailable:    1496424 kB
Buffers:           51384 kB
Cached:           408080 kB
MemTotal:        1844596 kB
MemFree:         1149008 kB
MemAvailable:    1494672 kB
Buffers:           51384 kB
Cached:           408204 kB
MemTotal:        1844596 kB
MemFree:         1150308 kB
MemAvailable:    1496224 kB
Buffers:           51384 kB
Cached:           408328 kB
MemTotal:        1844596 kB
MemFree:         1149976 kB
MemAvailable:    1495976 kB
Buffers:           51384 kB
Cached:           408452 kB
MemTotal:        1844596 kB
MemFree:         1150228 kB
MemAvailable:    1496228 kB
Buffers:           51384 kB
Cached:           408452 kB
MemTotal:        1844596 kB
MemFree:         1149876 kB
MemAvailable:    1496044 kB
Buffers:           51384 kB
Cached:           408576 kB
MemTotal:        1844596 kB
MemFree:         1148900 kB
MemAvailable:    1495068 kB
Buffers:           51384 kB
Cached:           408576 kB
MemTotal:        1844596 kB
MemFree:         1149588 kB
MemAvailable:    1495840 kB
Buffers:           51384 kB
Cached:           408584 kB
MemTotal:        1844596 kB
MemFree:         1149924 kB
MemAvailable:    1496176 kB
Buffers:           51384 kB
Cached:           408584 kB
MemTotal:        1844596 kB
MemFree:         1148348 kB
MemAvailable:    1494600 kB
Buffers:           51384 kB
Cached:           408584 kB
MemTotal:        1844596 kB
MemFree:         1149952 kB
MemAvailable:    1496204 kB
Buffers:           51384 kB
Cached:           408584 kB
MemTotal:        1844596 kB
MemFree:         1149272 kB
MemAvailable:    1495524 kB
Buffers:           51384 kB
Cached:           408584 kB
MemTotal:        1844596 kB
MemFree:         1148216 kB
MemAvailable:    1494468 kB
Buffers:           51384 kB
Cached:           408584 kB
MemTotal:        1844596 kB
MemFree:         1149648 kB
MemAvailable:    1495984 kB
Buffers:           51384 kB
Cached:           408708 kB
MemTotal:        1844596 kB
MemFree:         1150008 kB
MemAvailable:    1495588 kB
Buffers:           51384 kB
Cached:           407952 kB
MemTotal:        1844596 kB
MemFree:         1218052 kB
MemAvailable:    1563648 kB
Buffers:           51384 kB
Cached:           407972 kB
