MemTotal:        1844596 kB
MemFree:         1384220 kB
MemAvailable:    1583416 kB
Buffers:           31320 kB
Cached:           283476 kB
MemTotal:        1844596 kB
MemFree:         1358700 kB
MemAvailable:    1557900 kB
Buffers:           31320 kB
Cached:           283480 kB
MemTotal:        1844596 kB
MemFree:         1356892 kB
MemAvailable:    1556092 kB
Buffers:           31320 kB
Cached:           283480 kB
MemTotal:        1844596 kB
MemFree:         1354544 kB
MemAvailable:    1553744 kB
Buffers:           31320 kB
Cached:           283480 kB
MemTotal:        1844596 kB
MemFree:         1352128 kB
MemAvailable:    1551328 kB
Buffers:           31320 kB
Cached:           283480 kB
MemTotal:        1844596 kB
MemFree:         1353128 kB
MemAvailable:    1552328 kB
Buffers:           31320 kB
Cached:           283480 kB
MemTotal:        1844596 kB
MemFree:         1351268 kB
MemAvailable:    1550468 kB
Buffers:           31320 kB
Cached:           283480 kB
MemTotal:        1844596 kB
MemFree:         1348416 kB
MemAvailable:    1547616 kB
Buffers:           31320 kB
Cached:           283480 kB
MemTotal:        1844596 kB
MemFree:         1346160 kB
MemAvailable:    1545360 kB
Buffers:           31320 kB
Cached:           283480 kB
MemTotal:        1844596 kB
MemFree:         1342464 kB
MemAvailable:    1541664 kB
Buffers:           31320 kB
Cached:           283480 kB
MemTotal:        1844596 kB
MemFree:         1342060 kB
MemAvailable:    1541260 kB
Buffers:           31320 kB
Cached:           283480 kB
MemTotal:        1844596 kB
MemFree:         1343320 kB
MemAvailable:    1542520 kB
Buffers:           31320 kB
Cached:           283480 kB
MemTotal:        1844596 kB
MemFree:         1343132 kB
MemAvailable:    1542332 kB
Buffers:           31320 kB
Cached:           283480 kB
MemTotal:        1844596 kB
MemFree:         1343236 kB
MemAvailable:    1542436 kB
Buffers:           31320 kB
Cached:           283480 kB
MemTotal:        1844596 kB
MemFree:         1343456 kB
MemAvailable:    1542656 kB
Buffers:           31320 kB
Cached:           283480 kB
MemTotal:        1844596 kB
MemFree:         1343068 kB
MemAvailable:    1542268 kB
Buffers:           31320 kB
Cached:           283480 kB
MemTotal:        1844596 kB
MemFree:         1341340 kB
MemAvailable:    1540540 kB
Buffers:           31320 kB
Cached:           283480 kB
MemTotal:        1844596 kB
MemFree:         1340852 kB
MemAvailable:    1540052 kB
Buffers:           31320 kB
Cached:           283480 kB
MemTotal:        1844596 kB
MemFree:         1340912 kB
MemAvailable:    1540112 kB
Buffers:           31320 kB
Cached:           283480 kB
MemTotal:        1844596 kB
MemFree:         1339736 kB
MemAvailable:    1538936 kB
Buffers:           31320 kB
Cached:           283480 kB
MemTotal:        1844596 kB
MemFree:         1341032 kB
MemAvailable:    1540232 kB
Buffers:           31320 kB
Cached:           283480 kB
MemTotal:        1844596 kB
MemFree:         1340764 kB
MemAvailable:    1539964 kB
Buffers:           31320 kB
Cached:           283480 kB
MemTotal:        1844596 kB
MemFree:         1340964 kB
MemAvailable:    1540164 kB
Buffers:           31320 kB
Cached:           283480 kB
MemTotal:        1844596 kB
MemFree:         1339468 kB
MemAvailable:    1538668 kB
Buffers:           31320 kB
Cached:           283480 kB
MemTotal:        1844596 kB
MemFree:         1340920 kB
MemAvailable:    1540120 kB
Buffers:           31320 kB
Cached:           283480 kB
MemTotal:        1844596 kB
MemFree:         1340948 kB
MemAvailable:    1540148 kB
Buffers:           31320 kB
Cached:           283480 kB
MemTotal:        1844596 kB
MemFree:         1339412 kB
MemAvailable:    1538612 kB
Buffers:           31320 kB
Cached:           283480 kB
MemTotal:        1844596 kB
MemFree:         1340852 kB
MemAvailable:    1540052 kB
Buffers:           31320 kB
Cached:           283480 kB
MemTotal:        1844596 kB
MemFree:         1340588 kB
MemAvailable:    1539788 kB
Buffers:           31320 kB
Cached:           283480 kB
MemTotal:        1844596 kB
MemFree:         1339116 kB
MemAvailable:    1538316 kB
Buffers:           31320 kB
Cached:           283480 kB
MemTotal:        1844596 kB
MemFree:         1338496 kB
MemAvailable:    1537696 kB
Buffers:           31320 kB
Cached:           283480 kB
MemTotal:        1844596 kB
MemFree:         1337124 kB
MemAvailable:    1536324 kB
Buffers:           31320 kB
Cached:           283480 kB
MemTotal:        1844596 kB
MemFree:         1336472 kB
MemAvailable:    1535672 kB
Buffers:           31320 kB
Cached:           283480 kB
MemTotal:        1844596 kB
MemFree:         1337316 kB
MemAvailable:    1536516 kB
Buffers:           31320 kB
Cached:           283480 kB
MemTotal:        1844596 kB
MemFree:         1337008 kB
MemAvailable:    1536208 kB
Buffers:           31320 kB
Cached:           283480 kB
MemTotal:        1844596 kB
MemFree:         1336884 kB
MemAvailable:    1536084 kB
Buffers:           31320 kB
Cached:           283480 kB
MemTotal:        1844596 kB
MemFree:         1335512 kB
MemAvailable:    1534712 kB
Buffers:           31320 kB
Cached:           283480 kB
MemTotal:        1844596 kB
MemFree:         1336980 kB
MemAvailable:    1536180 kB
Buffers:           31320 kB
Cached:           283480 kB
MemTotal:        1844596 kB
MemFree:         1335628 kB
MemAvailable:    1534828 kB
Buffers:           31320 kB
Cached:           283480 kB
MemTotal:        1844596 kB
MemFree:         1336680 kB
MemAvailable:    1535880 kB
Buffers:           31320 kB
Cached:           283480 kB
MemTotal:        1844596 kB
MemFree:         1336448 kB
MemAvailable:    1535648 kB
Buffers:           31320 kB
Cached:           283480 kB
MemTotal:        1844596 kB
MemFree:         1336116 kB
MemAvailable:    1535316 kB
Buffers:           31320 kB
Cached:           283480 kB
MemTotal:        1844596 kB
MemFree:         1336252 kB
MemAvailable:    1535452 kB
Buffers:           31320 kB
Cached:           283480 kB
MemTotal:        1844596 kB
MemFree:         1334396 kB
MemAvailable:    1533596 kB
Buffers:           31320 kB
Cached:           283480 kB
MemTotal:        1844596 kB
MemFree:         1334264 kB
MemAvailable:    1533464 kB
Buffers:           31320 kB
Cached:           283480 kB
MemTotal:        1844596 kB
MemFree:         1334388 kB
MemAvailable:    1533588 kB
Buffers:           31320 kB
Cached:           283480 kB
MemTotal:        1844596 kB
MemFree:         1334520 kB
MemAvailable:    1533720 kB
Buffers:           31320 kB
Cached:           283480 kB
MemTotal:        1844596 kB
MemFree:         1334472 kB
MemAvailable:    1533672 kB
Buffers:           31320 kB
Cached:           283480 kB
MemTotal:        1844596 kB
MemFree:         1334260 kB
MemAvailable:    1533460 kB
Buffers:           31320 kB
Cached:           283480 kB
MemTotal:        1844596 kB
MemFree:         1334384 kB
MemAvailable:    1533584 kB
Buffers:           31320 kB
Cached:           283480 kB
MemTotal:        1844596 kB
MemFree:         1334376 kB
MemAvailable:    1533576 kB
Buffers:           31320 kB
Cached:           283480 kB
MemTotal:        1844596 kB
MemFree:         1335808 kB
MemAvailable:    1535008 kB
Buffers:           31320 kB
Cached:           283480 kB
MemTotal:        1844596 kB
MemFree:         1334652 kB
MemAvailable:    1533852 kB
Buffers:           31320 kB
Cached:           283480 kB
MemTotal:        1844596 kB
MemFree:         1335588 kB
MemAvailable:    1534788 kB
Buffers:           31320 kB
Cached:           283480 kB
MemTotal:        1844596 kB
MemFree:         1335580 kB
MemAvailable:    1534780 kB
Buffers:           31320 kB
Cached:           283480 kB
MemTotal:        1844596 kB
MemFree:         1334148 kB
MemAvailable:    1533352 kB
Buffers:           31320 kB
Cached:           283484 kB
MemTotal:        1844596 kB
MemFree:         1334884 kB
MemAvailable:    1534088 kB
Buffers:           31320 kB
Cached:           283484 kB
MemTotal:        1844596 kB
MemFree:         1334968 kB
MemAvailable:    1534172 kB
Buffers:           31320 kB
Cached:           283484 kB
MemTotal:        1844596 kB
MemFree:         1334780 kB
MemAvailable:    1533984 kB
Buffers:           31320 kB
Cached:           283484 kB
MemTotal:        1844596 kB
MemFree:         1334812 kB
MemAvailable:    1534016 kB
Buffers:           31320 kB
Cached:           283484 kB
MemTotal:        1844596 kB
MemFree:         1333384 kB
MemAvailable:    1532588 kB
Buffers:           31320 kB
Cached:           283484 kB
MemTotal:        1844596 kB
MemFree:         1334644 kB
MemAvailable:    1533848 kB
Buffers:           31320 kB
Cached:           283484 kB
MemTotal:        1844596 kB
MemFree:         1333204 kB
MemAvailable:    1532408 kB
Buffers:           31320 kB
Cached:           283484 kB
MemTotal:        1844596 kB
MemFree:         1334604 kB
MemAvailable:    1533808 kB
Buffers:           31320 kB
Cached:           283484 kB
MemTotal:        1844596 kB
MemFree:         1334856 kB
MemAvailable:    1534060 kB
Buffers:           31320 kB
Cached:           283484 kB
MemTotal:        1844596 kB
MemFree:         1334456 kB
MemAvailable:    1533660 kB
Buffers:           31320 kB
Cached:           283484 kB
MemTotal:        1844596 kB
MemFree:         1334792 kB
MemAvailable:    1533996 kB
Buffers:           31320 kB
Cached:           283484 kB
MemTotal:        1844596 kB
MemFree:         1333224 kB
MemAvailable:    1532428 kB
Buffers:           31320 kB
Cached:           283484 kB
MemTotal:        1844596 kB
MemFree:         1330312 kB
MemAvailable:    1529516 kB
Buffers:           31320 kB
Cached:           283484 kB
MemTotal:        1844596 kB
MemFree:         1327328 kB
MemAvailable:    1526532 kB
Buffers:           31320 kB
Cached:           283484 kB
MemTotal:        1844596 kB
MemFree:         1327328 kB
MemAvailable:    1526532 kB
Buffers:           31320 kB
Cached:           283484 kB
MemTotal:        1844596 kB
MemFree:         1327264 kB
MemAvailable:    1526468 kB
Buffers:           31320 kB
Cached:           283484 kB
MemTotal:        1844596 kB
MemFree:         1326964 kB
MemAvailable:    1526168 kB
Buffers:           31320 kB
Cached:           283484 kB
MemTotal:        1844596 kB
MemFree:         1326948 kB
MemAvailable:    1526152 kB
Buffers:           31320 kB
Cached:           283484 kB
MemTotal:        1844596 kB
MemFree:         1326652 kB
MemAvailable:    1525856 kB
Buffers:           31320 kB
Cached:           283484 kB
MemTotal:        1844596 kB
MemFree:         1326096 kB
MemAvailable:    1525300 kB
Buffers:           31320 kB
Cached:           283484 kB
MemTotal:        1844596 kB
MemFree:         1326764 kB
MemAvailable:    1525968 kB
Buffers:           31320 kB
Cached:           283484 kB
MemTotal:        1844596 kB
MemFree:         1325848 kB
MemAvailable:    1525052 kB
Buffers:           31320 kB
Cached:           283484 kB
MemTotal:        1844596 kB
MemFree:         1325840 kB
MemAvailable:    1525048 kB
Buffers:           31320 kB
Cached:           283488 kB
MemTotal:        1844596 kB
MemFree:         1326552 kB
MemAvailable:    1525760 kB
Buffers:           31320 kB
Cached:           283488 kB
MemTotal:        1844596 kB
MemFree:         1326584 kB
MemAvailable:    1525792 kB
Buffers:           31320 kB
Cached:           283488 kB
MemTotal:        1844596 kB
MemFree:         1325280 kB
MemAvailable:    1524488 kB
Buffers:           31320 kB
Cached:           283488 kB
MemTotal:        1844596 kB
MemFree:         1326820 kB
MemAvailable:    1526028 kB
Buffers:           31320 kB
Cached:           283488 kB
MemTotal:        1844596 kB
MemFree:         1326576 kB
MemAvailable:    1525784 kB
Buffers:           31320 kB
Cached:           283488 kB
MemTotal:        1844596 kB
MemFree:         1326828 kB
MemAvailable:    1526036 kB
Buffers:           31320 kB
Cached:           283488 kB
MemTotal:        1844596 kB
MemFree:         1326272 kB
MemAvailable:    1525480 kB
Buffers:           31320 kB
Cached:           283488 kB
MemTotal:        1844596 kB
MemFree:         1324964 kB
MemAvailable:    1524172 kB
Buffers:           31320 kB
Cached:           283488 kB
MemTotal:        1844596 kB
MemFree:         1325972 kB
MemAvailable:    1525180 kB
Buffers:           31320 kB
Cached:           283488 kB
MemTotal:        1844596 kB
MemFree:         1325212 kB
MemAvailable:    1524420 kB
Buffers:           31320 kB
Cached:           283488 kB
MemTotal:        1844596 kB
MemFree:         1325080 kB
MemAvailable:    1524288 kB
Buffers:           31320 kB
Cached:           283488 kB
MemTotal:        1844596 kB
MemFree:         1325024 kB
MemAvailable:    1524232 kB
Buffers:           31320 kB
Cached:           283488 kB
MemTotal:        1844596 kB
MemFree:         1323584 kB
MemAvailable:    1522792 kB
Buffers:           31320 kB
Cached:           283488 kB
MemTotal:        1844596 kB
MemFree:         1322996 kB
MemAvailable:    1522204 kB
Buffers:           31320 kB
Cached:           283488 kB
MemTotal:        1844596 kB
MemFree:         1322872 kB
MemAvailable:    1522080 kB
Buffers:           31320 kB
Cached:           283488 kB
MemTotal:        1844596 kB
MemFree:         1322376 kB
MemAvailable:    1521584 kB
Buffers:           31320 kB
Cached:           283488 kB
MemTotal:        1844596 kB
MemFree:         1322252 kB
MemAvailable:    1521460 kB
Buffers:           31320 kB
Cached:           283488 kB
MemTotal:        1844596 kB
MemFree:         1322120 kB
MemAvailable:    1521328 kB
Buffers:           31320 kB
Cached:           283488 kB
MemTotal:        1844596 kB
MemFree:         1322484 kB
MemAvailable:    1521692 kB
Buffers:           31320 kB
Cached:           283488 kB
MemTotal:        1844596 kB
MemFree:         1321372 kB
MemAvailable:    1520580 kB
Buffers:           31320 kB
Cached:           283488 kB
MemTotal:        1844596 kB
MemFree:         1322912 kB
MemAvailable:    1522120 kB
Buffers:           31320 kB
Cached:           283488 kB
MemTotal:        1844596 kB
MemFree:         1322976 kB
MemAvailable:    1522184 kB
Buffers:           31320 kB
Cached:           283488 kB
MemTotal:        1844596 kB
MemFree:         1322732 kB
MemAvailable:    1521940 kB
Buffers:           31320 kB
Cached:           283488 kB
MemTotal:        1844596 kB
MemFree:         1322500 kB
MemAvailable:    1521708 kB
Buffers:           31320 kB
Cached:           283488 kB
MemTotal:        1844596 kB
MemFree:         1322860 kB
MemAvailable:    1522068 kB
Buffers:           31320 kB
Cached:           283488 kB
MemTotal:        1844596 kB
MemFree:         1322004 kB
MemAvailable:    1521212 kB
Buffers:           31320 kB
Cached:           283488 kB
MemTotal:        1844596 kB
MemFree:         1321872 kB
MemAvailable:    1521080 kB
Buffers:           31320 kB
Cached:           283488 kB
MemTotal:        1844596 kB
MemFree:         1322452 kB
MemAvailable:    1521660 kB
Buffers:           31320 kB
Cached:           283488 kB
MemTotal:        1844596 kB
MemFree:         1319508 kB
MemAvailable:    1518716 kB
Buffers:           31320 kB
Cached:           283488 kB
MemTotal:        1844596 kB
MemFree:         1319508 kB
MemAvailable:    1518716 kB
Buffers:           31320 kB
Cached:           283488 kB
MemTotal:        1844596 kB
MemFree:         1313944 kB
MemAvailable:    1513152 kB
Buffers:           31320 kB
Cached:           283488 kB
MemTotal:        1844596 kB
MemFree:         1315044 kB
MemAvailable:    1514252 kB
Buffers:           31320 kB
Cached:           283488 kB
MemTotal:        1844596 kB
MemFree:         1314440 kB
MemAvailable:    1513648 kB
Buffers:           31320 kB
Cached:           283488 kB
MemTotal:        1844596 kB
MemFree:         1314908 kB
MemAvailable:    1514116 kB
Buffers:           31320 kB
Cached:           283488 kB
MemTotal:        1844596 kB
MemFree:         1314908 kB
MemAvailable:    1514116 kB
Buffers:           31320 kB
Cached:           283488 kB
MemTotal:        1844596 kB
MemFree:         1314812 kB
MemAvailable:    1514020 kB
Buffers:           31320 kB
Cached:           283488 kB
MemTotal:        1844596 kB
MemFree:         1316924 kB
MemAvailable:    1516132 kB
Buffers:           31320 kB
Cached:           283488 kB
MemTotal:        1844596 kB
MemFree:         1316672 kB
MemAvailable:    1515880 kB
Buffers:           31320 kB
Cached:           283488 kB
MemTotal:        1844596 kB
MemFree:         1316276 kB
MemAvailable:    1515652 kB
Buffers:           31320 kB
Cached:           283612 kB
MemTotal:        1844596 kB
MemFree:         1316176 kB
MemAvailable:    1515552 kB
Buffers:           31320 kB
Cached:           283612 kB
MemTotal:        1844596 kB
MemFree:         1316180 kB
MemAvailable:    1515724 kB
Buffers:           31320 kB
Cached:           283736 kB
MemTotal:        1844596 kB
MemFree:         1315924 kB
MemAvailable:    1515552 kB
Buffers:           31320 kB
Cached:           283860 kB
MemTotal:        1844596 kB
MemFree:         1315980 kB
MemAvailable:    1515692 kB
Buffers:           31320 kB
Cached:           283984 kB
MemTotal:        1844596 kB
MemFree:         1315592 kB
MemAvailable:    1515388 kB
Buffers:           31320 kB
Cached:           284108 kB
MemTotal:        1844596 kB
MemFree:         1315928 kB
MemAvailable:    1515724 kB
Buffers:           31320 kB
Cached:           284108 kB
MemTotal:        1844596 kB
MemFree:         1315652 kB
MemAvailable:    1515448 kB
Buffers:           31320 kB
Cached:           284108 kB
MemTotal:        1844596 kB
MemFree:         1315804 kB
MemAvailable:    1515476 kB
Buffers:           31320 kB
Cached:           284108 kB
MemTotal:        1844596 kB
MemFree:         1314384 kB
MemAvailable:    1514196 kB
Buffers:           31320 kB
Cached:           284164 kB
MemTotal:        1844596 kB
MemFree:         1315684 kB
MemAvailable:    1515496 kB
Buffers:           31320 kB
Cached:           284164 kB
MemTotal:        1844596 kB
MemFree:         1315740 kB
MemAvailable:    1515616 kB
Buffers:           31320 kB
Cached:           284200 kB
MemTotal:        1844596 kB
MemFree:         1315804 kB
MemAvailable:    1515680 kB
Buffers:           31320 kB
Cached:           284200 kB
MemTotal:        1844596 kB
MemFree:         1316168 kB
MemAvailable:    1515456 kB
Buffers:           31320 kB
Cached:           283528 kB
MemTotal:        1844596 kB
MemFree:         1383888 kB
MemAvailable:    1583176 kB
Buffers:           31320 kB
Cached:           283528 kB
