MemTotal:        1844596 kB
MemFree:         1249984 kB
MemAvailable:    1565476 kB
Buffers:           47760 kB
Cached:           383796 kB
MemTotal:        1844596 kB
MemFree:         1223052 kB
MemAvailable:    1538548 kB
Buffers:           47760 kB
Cached:           383800 kB
MemTotal:        1844596 kB
MemFree:         1222508 kB
MemAvailable:    1538004 kB
Buffers:           47760 kB
Cached:           383800 kB
MemTotal:        1844596 kB
MemFree:         1219332 kB
MemAvailable:    1534828 kB
Buffers:           47760 kB
Cached:           383800 kB
MemTotal:        1844596 kB
MemFree:         1218464 kB
MemAvailable:    1533960 kB
Buffers:           47760 kB
Cached:           383800 kB
MemTotal:        1844596 kB
MemFree:         1218432 kB
MemAvailable:    1533928 kB
Buffers:           47760 kB
Cached:           383800 kB
MemTotal:        1844596 kB
MemFree:         1218580 kB
MemAvailable:    1534076 kB
Buffers:           47760 kB
Cached:           383800 kB
MemTotal:        1844596 kB
MemFree:         1215116 kB
MemAvailable:    1530612 kB
Buffers:           47760 kB
Cached:           383800 kB
MemTotal:        1844596 kB
MemFree:         1212264 kB
MemAvailable:    1527760 kB
Buffers:           47760 kB
Cached:           383800 kB
MemTotal:        1844596 kB
MemFree:         1208872 kB
MemAvailable:    1524368 kB
Buffers:           47760 kB
Cached:           383800 kB
MemTotal:        1844596 kB
MemFree:         1209124 kB
MemAvailable:    1524620 kB
Buffers:           47760 kB
Cached:           383800 kB
MemTotal:        1844596 kB
MemFree:         1207916 kB
MemAvailable:    1523412 kB
Buffers:           47760 kB
Cached:           383800 kB
MemTotal:        1844596 kB
MemFree:         1207876 kB
MemAvailable:    1523372 kB
Buffers:           47760 kB
Cached:           383800 kB
MemTotal:        1844596 kB
MemFree:         1207876 kB
MemAvailable:    1523372 kB
Buffers:           47760 kB
Cached:           383800 kB
MemTotal:        1844596 kB
MemFree:         1208992 kB
MemAvailable:    1524488 kB
Buffers:           47760 kB
Cached:           383800 kB
MemTotal:        1844596 kB
MemFree:         1207612 kB
MemAvailable:    1523108 kB
Buffers:           47760 kB
Cached:           383800 kB
MemTotal:        1844596 kB
MemFree:         1207676 kB
MemAvailable:    1523172 kB
Buffers:           47760 kB
Cached:           383800 kB
MemTotal:        1844596 kB
MemFree:         1205692 kB
MemAvailable:    1521188 kB
Buffers:           47760 kB
Cached:           383800 kB
MemTotal:        1844596 kB
MemFree:         1207120 kB
MemAvailable:    1522616 kB
Buffers:           47760 kB
Cached:           383800 kB
MemTotal:        1844596 kB
MemFree:         1206736 kB
MemAvailable:    1522232 kB
Buffers:           47760 kB
Cached:           383800 kB
MemTotal:        1844596 kB
MemFree:         1206536 kB
MemAvailable:    1522032 kB
Buffers:           47760 kB
Cached:           383800 kB
MemTotal:        1844596 kB
MemFree:         1205176 kB
MemAvailable:    1520672 kB
Buffers:           47760 kB
Cached:           383800 kB
MemTotal:        1844596 kB
MemFree:         1206664 kB
MemAvailable:    1522160 kB
Buffers:           47760 kB
Cached:           383800 kB
MemTotal:        1844596 kB
MemFree:         1205376 kB
MemAvailable:    1520872 kB
Buffers:           47760 kB
Cached:           383800 kB
MemTotal:        1844596 kB
MemFree:         1205288 kB
MemAvailable:    1520784 kB
Buffers:           47760 kB
Cached:           383800 kB
MemTotal:        1844596 kB
MemFree:         1206596 kB
MemAvailable:    1522092 kB
Buffers:           47760 kB
Cached:           383800 kB
MemTotal:        1844596 kB
MemFree:         1207852 kB
MemAvailable:    1523348 kB
Buffers:           47760 kB
Cached:           383800 kB
MemTotal:        1844596 kB
MemFree:         1205072 kB
MemAvailable:    1520568 kB
Buffers:           47760 kB
Cached:           383800 kB
MemTotal:        1844596 kB
MemFree:         1203336 kB
MemAvailable:    1518832 kB
Buffers:           47760 kB
Cached:           383800 kB
MemTotal:        1844596 kB
MemFree:         1203212 kB
MemAvailable:    1518708 kB
Buffers:           47760 kB
Cached:           383800 kB
MemTotal:        1844596 kB
MemFree:         1202344 kB
MemAvailable:    1517840 kB
Buffers:           47760 kB
Cached:           383800 kB
MemTotal:        1844596 kB
MemFree:         1202344 kB
MemAvailable:    1517840 kB
Buffers:           47760 kB
Cached:           383800 kB
MemTotal:        1844596 kB
MemFree:         1201476 kB
MemAvailable:    1516972 kB
Buffers:           47760 kB
Cached:           383800 kB
MemTotal:        1844596 kB
MemFree:         1202668 kB
MemAvailable:    1518164 kB
Buffers:           47764 kB
Cached:           383796 kB
MemTotal:        1844596 kB
MemFree:         1202552 kB
MemAvailable:    1518048 kB
Buffers:           47764 kB
Cached:           383796 kB
MemTotal:        1844596 kB
MemFree:         1202348 kB
MemAvailable:    1517844 kB
Buffers:           47764 kB
Cached:           383796 kB
MemTotal:        1844596 kB
MemFree:         1201428 kB
MemAvailable:    1516924 kB
Buffers:           47764 kB
Cached:           383796 kB
MemTotal:        1844596 kB
MemFree:         1202588 kB
MemAvailable:    1518084 kB
Buffers:           47764 kB
Cached:           383796 kB
MemTotal:        1844596 kB
MemFree:         1200840 kB
MemAvailable:    1516336 kB
Buffers:           47764 kB
Cached:           383796 kB
MemTotal:        1844596 kB
MemFree:         1201784 kB
MemAvailable:    1517280 kB
Buffers:           47764 kB
Cached:           383796 kB
MemTotal:        1844596 kB
MemFree:         1201708 kB
MemAvailable:    1517204 kB
Buffers:           47764 kB
Cached:           383796 kB
MemTotal:        1844596 kB
MemFree:         1200088 kB
MemAvailable:    1515584 kB
Buffers:           47764 kB
Cached:           383796 kB
MemTotal:        1844596 kB
MemFree:         1200344 kB
MemAvailable:    1515840 kB
Buffers:           47764 kB
Cached:           383796 kB
MemTotal:        1844596 kB
MemFree:         1201688 kB
MemAvailable:    1517184 kB
Buffers:           47764 kB
Cached:           383796 kB
MemTotal:        1844596 kB
MemFree:         1200212 kB
MemAvailable:    1515708 kB
Buffers:           47764 kB
Cached:           383796 kB
MemTotal:        1844596 kB
MemFree:         1201640 kB
MemAvailable:    1517136 kB
Buffers:           47764 kB
Cached:           383796 kB
MemTotal:        1844596 kB
MemFree:         1200040 kB
MemAvailable:    1515536 kB
Buffers:           47764 kB
Cached:           383796 kB
MemTotal:        1844596 kB
MemFree:         1200404 kB
MemAvailable:    1515900 kB
Buffers:           47764 kB
Cached:           383796 kB
MemTotal:        1844596 kB
MemFree:         1200164 kB
MemAvailable:    1515660 kB
Buffers:           47764 kB
Cached:           383796 kB
MemTotal:        1844596 kB
MemFree:         1201152 kB
MemAvailable:    1516648 kB
Buffers:           47764 kB
Cached:           383796 kB
MemTotal:        1844596 kB
MemFree:         1200860 kB
MemAvailable:    1516356 kB
Buffers:           47764 kB
Cached:           383796 kB
MemTotal:        1844596 kB
MemFree:         1199692 kB
MemAvailable:    1515188 kB
Buffers:           47764 kB
Cached:           383796 kB
MemTotal:        1844596 kB
MemFree:         1199608 kB
MemAvailable:    1515104 kB
Buffers:           47764 kB
Cached:           383796 kB
MemTotal:        1844596 kB
MemFree:         1199368 kB
MemAvailable:    1514864 kB
Buffers:           47764 kB
Cached:           383796 kB
MemTotal:        1844596 kB
MemFree:         1199616 kB
MemAvailable:    1515112 kB
Buffers:           47764 kB
Cached:           383796 kB
MemTotal:        1844596 kB
MemFree:         1199368 kB
MemAvailable:    1514864 kB
Buffers:           47764 kB
Cached:           383796 kB
MemTotal:        1844596 kB
MemFree:         1199196 kB
MemAvailable:    1514692 kB
Buffers:           47764 kB
Cached:           383796 kB
MemTotal:        1844596 kB
MemFree:         1200556 kB
MemAvailable:    1516052 kB
Buffers:           47764 kB
Cached:           383796 kB
MemTotal:        1844596 kB
MemFree:         1199348 kB
MemAvailable:    1514844 kB
Buffers:           47764 kB
Cached:           383796 kB
MemTotal:        1844596 kB
MemFree:         1199176 kB
MemAvailable:    1514672 kB
Buffers:           47764 kB
Cached:           383796 kB
MemTotal:        1844596 kB
MemFree:         1199212 kB
MemAvailable:    1514708 kB
Buffers:           47764 kB
Cached:           383796 kB
MemTotal:        1844596 kB
MemFree:         1198500 kB
MemAvailable:    1513996 kB
Buffers:           47764 kB
Cached:           383796 kB
MemTotal:        1844596 kB
MemFree:         1196764 kB
MemAvailable:    1512260 kB
Buffers:           47764 kB
Cached:           383796 kB
MemTotal:        1844596 kB
MemFree:         1193664 kB
MemAvailable:    1509160 kB
Buffers:           47764 kB
Cached:           383796 kB
MemTotal:        1844596 kB
MemFree:         1193044 kB
MemAvailable:    1508540 kB
Buffers:           47764 kB
Cached:           383796 kB
MemTotal:        1844596 kB
MemFree:         1192920 kB
MemAvailable:    1508416 kB
Buffers:           47764 kB
Cached:           383796 kB
MemTotal:        1844596 kB
MemFree:         1192452 kB
MemAvailable:    1507948 kB
Buffers:           47764 kB
Cached:           383796 kB
MemTotal:        1844596 kB
MemFree:         1192424 kB
MemAvailable:    1507920 kB
Buffers:           47764 kB
Cached:           383796 kB
MemTotal:        1844596 kB
MemFree:         1191244 kB
MemAvailable:    1506740 kB
Buffers:           47764 kB
Cached:           383796 kB
MemTotal:        1844596 kB
MemFree:         1191244 kB
MemAvailable:    1506740 kB
Buffers:           47764 kB
Cached:           383796 kB
MemTotal:        1844596 kB
MemFree:         1192616 kB
MemAvailable:    1508112 kB
Buffers:           47764 kB
Cached:           383796 kB
MemTotal:        1844596 kB
MemFree:         1191804 kB
MemAvailable:    1507300 kB
Buffers:           47764 kB
Cached:           383796 kB
MemTotal:        1844596 kB
MemFree:         1192480 kB
MemAvailable:    1507976 kB
Buffers:           47764 kB
Cached:           383796 kB
MemTotal:        1844596 kB
MemFree:         1192732 kB
MemAvailable:    1508228 kB
Buffers:           47764 kB
Cached:           383796 kB
MemTotal:        1844596 kB
MemFree:         1191252 kB
MemAvailable:    1506748 kB
Buffers:           47764 kB
Cached:           383796 kB
MemTotal:        1844596 kB
MemFree:         1191548 kB
MemAvailable:    1507056 kB
Buffers:           47764 kB
Cached:           383808 kB
MemTotal:        1844596 kB
MemFree:         1192532 kB
MemAvailable:    1508040 kB
Buffers:           47764 kB
Cached:           383808 kB
MemTotal:        1844596 kB
MemFree:         1192784 kB
MemAvailable:    1508292 kB
Buffers:           47764 kB
Cached:           383808 kB
MemTotal:        1844596 kB
MemFree:         1192408 kB
MemAvailable:    1507916 kB
Buffers:           47764 kB
Cached:           383808 kB
MemTotal:        1844596 kB
MemFree:         1191060 kB
MemAvailable:    1506568 kB
Buffers:           47764 kB
Cached:           383808 kB
MemTotal:        1844596 kB
MemFree:         1191308 kB
MemAvailable:    1506816 kB
Buffers:           47764 kB
Cached:           383808 kB
MemTotal:        1844596 kB
MemFree:         1190060 kB
MemAvailable:    1505568 kB
Buffers:           47764 kB
Cached:           383808 kB
MemTotal:        1844596 kB
MemFree:         1190052 kB
MemAvailable:    1505560 kB
Buffers:           47764 kB
Cached:           383808 kB
MemTotal:        1844596 kB
MemFree:         1190060 kB
MemAvailable:    1505568 kB
Buffers:           47764 kB
Cached:           383808 kB
MemTotal:        1844596 kB
MemFree:         1188572 kB
MemAvailable:    1504080 kB
Buffers:           47764 kB
Cached:           383808 kB
MemTotal:        1844596 kB
MemFree:         1190016 kB
MemAvailable:    1505524 kB
Buffers:           47764 kB
Cached:           383808 kB
MemTotal:        1844596 kB
MemFree:         1188572 kB
MemAvailable:    1504080 kB
Buffers:           47764 kB
Cached:           383808 kB
MemTotal:        1844596 kB
MemFree:         1188936 kB
MemAvailable:    1504444 kB
Buffers:           47764 kB
Cached:           383808 kB
MemTotal:        1844596 kB
MemFree:         1189188 kB
MemAvailable:    1504696 kB
Buffers:           47764 kB
Cached:           383808 kB
MemTotal:        1844596 kB
MemFree:         1188940 kB
MemAvailable:    1504448 kB
Buffers:           47764 kB
Cached:           383808 kB
MemTotal:        1844596 kB
MemFree:         1187444 kB
MemAvailable:    1502952 kB
Buffers:           47764 kB
Cached:           383808 kB
MemTotal:        1844596 kB
MemFree:         1187568 kB
MemAvailable:    1503076 kB
Buffers:           47764 kB
Cached:           383808 kB
MemTotal:        1844596 kB
MemFree:         1188496 kB
MemAvailable:    1504004 kB
Buffers:           47764 kB
Cached:           383808 kB
MemTotal:        1844596 kB
MemFree:         1187836 kB
MemAvailable:    1503344 kB
Buffers:           47764 kB
Cached:           383808 kB
MemTotal:        1844596 kB
MemFree:         1187144 kB
MemAvailable:    1502652 kB
Buffers:           47764 kB
Cached:           383808 kB
MemTotal:        1844596 kB
MemFree:         1187408 kB
MemAvailable:    1502916 kB
Buffers:           47764 kB
Cached:           383808 kB
MemTotal:        1844596 kB
MemFree:         1187404 kB
MemAvailable:    1502912 kB
Buffers:           47764 kB
Cached:           383808 kB
MemTotal:        1844596 kB
MemFree:         1187084 kB
MemAvailable:    1502592 kB
Buffers:           47764 kB
Cached:           383808 kB
MemTotal:        1844596 kB
MemFree:         1186828 kB
MemAvailable:    1502336 kB
Buffers:           47764 kB
Cached:           383808 kB
MemTotal:        1844596 kB
MemFree:         1183992 kB
MemAvailable:    1499500 kB
Buffers:           47764 kB
Cached:           383808 kB
MemTotal:        1844596 kB
MemFree:         1180628 kB
MemAvailable:    1496136 kB
Buffers:           47764 kB
Cached:           383808 kB
MemTotal:        1844596 kB
MemFree:         1180148 kB
MemAvailable:    1495656 kB
Buffers:           47764 kB
Cached:           383808 kB
MemTotal:        1844596 kB
MemFree:         1179516 kB
MemAvailable:    1495024 kB
Buffers:           47764 kB
Cached:           383808 kB
MemTotal:        1844596 kB
MemFree:         1179404 kB
MemAvailable:    1494912 kB
Buffers:           47764 kB
Cached:           383808 kB
MemTotal:        1844596 kB
MemFree:         1180588 kB
MemAvailable:    1496096 kB
Buffers:           47764 kB
Cached:           383808 kB
MemTotal:        1844596 kB
MemFree:         1180272 kB
MemAvailable:    1495780 kB
Buffers:           47764 kB
Cached:           383808 kB
MemTotal:        1844596 kB
MemFree:         1180816 kB
MemAvailable:    1496324 kB
Buffers:           47764 kB
Cached:           383808 kB
MemTotal:        1844596 kB
MemFree:         1181856 kB
MemAvailable:    1497364 kB
Buffers:           47764 kB
Cached:           383808 kB
MemTotal:        1844596 kB
MemFree:         1182308 kB
MemAvailable:    1497900 kB
Buffers:           47768 kB
Cached:           383928 kB
MemTotal:        1844596 kB
MemFree:         1182184 kB
MemAvailable:    1497944 kB
Buffers:           47768 kB
Cached:           384052 kB
MemTotal:        1844596 kB
MemFree:         1181852 kB
MemAvailable:    1497696 kB
Buffers:           47768 kB
Cached:           384176 kB
MemTotal:        1844596 kB
MemFree:         1181936 kB
MemAvailable:    1497780 kB
Buffers:           47768 kB
Cached:           384176 kB
MemTotal:        1844596 kB
MemFree:         1181680 kB
MemAvailable:    1497692 kB
Buffers:           47768 kB
Cached:           384300 kB
MemTotal:        1844596 kB
MemFree:         1180504 kB
MemAvailable:    1496600 kB
Buffers:           47768 kB
Cached:           384424 kB
MemTotal:        1844596 kB
MemFree:         1180520 kB
MemAvailable:    1496616 kB
Buffers:           47768 kB
Cached:           384424 kB
MemTotal:        1844596 kB
MemFree:         1181672 kB
MemAvailable:    1497768 kB
Buffers:           47768 kB
Cached:           384424 kB
MemTotal:        1844596 kB
MemFree:         1181628 kB
MemAvailable:    1497724 kB
Buffers:           47768 kB
Cached:           384424 kB
MemTotal:        1844596 kB
MemFree:         1180084 kB
MemAvailable:    1496180 kB
Buffers:           47768 kB
Cached:           384424 kB
MemTotal:        1844596 kB
MemFree:         1181728 kB
MemAvailable:    1497824 kB
Buffers:           47768 kB
Cached:           384424 kB
MemTotal:        1844596 kB
MemFree:         1181616 kB
MemAvailable:    1497712 kB
Buffers:           47768 kB
Cached:           384424 kB
MemTotal:        1844596 kB
MemFree:         1180592 kB
MemAvailable:    1496100 kB
Buffers:           47768 kB
Cached:           383792 kB
MemTotal:        1844596 kB
MemFree:         1213224 kB
MemAvailable:    1528816 kB
Buffers:           47768 kB
Cached:           383792 kB
