MemTotal:        1844596 kB
MemFree:         1182368 kB
MemAvailable:    1562536 kB
Buffers:           55460 kB
Cached:           435796 kB
MemTotal:        1844596 kB
MemFree:         1154320 kB
MemAvailable:    1534500 kB
Buffers:           55460 kB
Cached:           435800 kB
MemTotal:        1844596 kB
MemFree:         1154248 kB
MemAvailable:    1534428 kB
Buffers:           55460 kB
Cached:           435800 kB
MemTotal:        1844596 kB
MemFree:         1151468 kB
MemAvailable:    1531648 kB
Buffers:           55460 kB
Cached:           435800 kB
MemTotal:        1844596 kB
MemFree:         1150708 kB
MemAvailable:    1530888 kB
Buffers:           55460 kB
Cached:           435800 kB
MemTotal:        1844596 kB
MemFree:         1149420 kB
MemAvailable:    1529600 kB
Buffers:           55460 kB
Cached:           435800 kB
MemTotal:        1844596 kB
MemFree:         1149412 kB
MemAvailable:    1529592 kB
Buffers:           55460 kB
Cached:           435800 kB
MemTotal:        1844596 kB
MemFree:         1146864 kB
MemAvailable:    1527044 kB
Buffers:           55460 kB
Cached:           435800 kB
MemTotal:        1844596 kB
MemFree:         1144028 kB
MemAvailable:    1524208 kB
Buffers:           55460 kB
Cached:           435800 kB
MemTotal:        1844596 kB
MemFree:         1141796 kB
MemAvailable:    1521976 kB
Buffers:           55460 kB
Cached:           435800 kB
MemTotal:        1844596 kB
MemFree:         1141228 kB
MemAvailable:    1521408 kB
Buffers:           55460 kB
Cached:           435800 kB
MemTotal:        1844596 kB
MemFree:         1141360 kB
MemAvailable:    1521540 kB
Buffers:           55460 kB
Cached:           435800 kB
MemTotal:        1844596 kB
MemFree:         1140012 kB
MemAvailable:    1520192 kB
Buffers:           55460 kB
Cached:           435800 kB
MemTotal:        1844596 kB
MemFree:         1140008 kB
MemAvailable:    1520188 kB
Buffers:           55460 kB
Cached:           435800 kB
MemTotal:        1844596 kB
MemFree:         1141200 kB
MemAvailable:    1521380 kB
Buffers:           55460 kB
Cached:           435800 kB
MemTotal:        1844596 kB
MemFree:         1139612 kB
MemAvailable:    1519792 kB
Buffers:           55460 kB
Cached:           435800 kB
MemTotal:        1844596 kB
MemFree:         1139432 kB
MemAvailable:    1519612 kB
Buffers:           55460 kB
Cached:           435800 kB
MemTotal:        1844596 kB
MemFree:         1139688 kB
MemAvailable:    1519868 kB
Buffers:           55460 kB
Cached:           435800 kB
MemTotal:        1844596 kB
MemFree:         1139300 kB
MemAvailable:    1519480 kB
Buffers:           55460 kB
Cached:           435800 kB
MemTotal:        1844596 kB
MemFree:         1137572 kB
MemAvailable:    1517752 kB
Buffers:           55460 kB
Cached:           435800 kB
MemTotal:        1844596 kB
MemFree:         1137448 kB
MemAvailable:    1517628 kB
Buffers:           55460 kB
Cached:           435800 kB
MemTotal:        1844596 kB
MemFree:         1138816 kB
MemAvailable:    1518996 kB
Buffers:           55460 kB
Cached:           435800 kB
MemTotal:        1844596 kB
MemFree:         1138704 kB
MemAvailable:    1518884 kB
Buffers:           55460 kB
Cached:           435800 kB
MemTotal:        1844596 kB
MemFree:         1138740 kB
MemAvailable:    1518920 kB
Buffers:           55460 kB
Cached:           435800 kB
MemTotal:        1844596 kB
MemFree:         1138860 kB
MemAvailable:    1519040 kB
Buffers:           55460 kB
Cached:           435800 kB
MemTotal:        1844596 kB
MemFree:         1137384 kB
MemAvailable:    1517564 kB
Buffers:           55460 kB
Cached:           435800 kB
MemTotal:        1844596 kB
MemFree:         1140308 kB
MemAvailable:    1520488 kB
Buffers:           55460 kB
Cached:           435800 kB
MemTotal:        1844596 kB
MemFree:         1138820 kB
MemAvailable:    1519000 kB
Buffers:           55460 kB
Cached:           435800 kB
MemTotal:        1844596 kB
MemFree:         1138324 kB
MemAvailable:    1518504 kB
Buffers:           55460 kB
Cached:           435800 kB
MemTotal:        1844596 kB
MemFree:         1136208 kB
MemAvailable:    1516388 kB
Buffers:           55460 kB
Cached:           435800 kB
MemTotal:        1844596 kB
MemFree:         1136416 kB
MemAvailable:    1516596 kB
Buffers:           55460 kB
Cached:           435800 kB
MemTotal:        1844596 kB
MemFree:         1136092 kB
MemAvailable:    1516272 kB
Buffers:           55460 kB
Cached:           435800 kB
MemTotal:        1844596 kB
MemFree:         1134224 kB
MemAvailable:    1514404 kB
Buffers:           55460 kB
Cached:           435800 kB
MemTotal:        1844596 kB
MemFree:         1134712 kB
MemAvailable:    1514892 kB
Buffers:           55460 kB
Cached:           435800 kB
MemTotal:        1844596 kB
MemFree:         1134964 kB
MemAvailable:    1515144 kB
Buffers:           55460 kB
Cached:           435800 kB
MemTotal:        1844596 kB
MemFree:         1133356 kB
MemAvailable:    1513536 kB
Buffers:           55460 kB
Cached:           435800 kB
MemTotal:        1844596 kB
MemFree:         1133184 kB
MemAvailable:    1513368 kB
Buffers:           55460 kB
Cached:           435804 kB
MemTotal:        1844596 kB
MemFree:         1133308 kB
MemAvailable:    1513492 kB
Buffers:           55460 kB
Cached:           435804 kB
MemTotal:        1844596 kB
MemFree:         1134608 kB
MemAvailable:    1514792 kB
Buffers:           55460 kB
Cached:           435804 kB
MemTotal:        1844596 kB
MemFree:         1133116 kB
MemAvailable:    1513300 kB
Buffers:           55460 kB
Cached:           435804 kB
MemTotal:        1844596 kB
MemFree:         1132744 kB
MemAvailable:    1512928 kB
Buffers:           55460 kB
Cached:           435804 kB
MemTotal:        1844596 kB
MemFree:         1133896 kB
MemAvailable:    1514080 kB
Buffers:           55460 kB
Cached:           435804 kB
MemTotal:        1844596 kB
MemFree:         1133532 kB
MemAvailable:    1513716 kB
Buffers:           55460 kB
Cached:           435804 kB
MemTotal:        1844596 kB
MemFree:         1133420 kB
MemAvailable:    1513604 kB
Buffers:           55460 kB
Cached:           435804 kB
MemTotal:        1844596 kB
MemFree:         1133496 kB
MemAvailable:    1513680 kB
Buffers:           55460 kB
Cached:           435804 kB
MemTotal:        1844596 kB
MemFree:         1132340 kB
MemAvailable:    1512524 kB
Buffers:           55460 kB
Cached:           435804 kB
MemTotal:        1844596 kB
MemFree:         1133540 kB
MemAvailable:    1513724 kB
Buffers:           55460 kB
Cached:           435804 kB
MemTotal:        1844596 kB
MemFree:         1132336 kB
MemAvailable:    1512520 kB
Buffers:           55460 kB
Cached:           435804 kB
MemTotal:        1844596 kB
MemFree:         1132324 kB
MemAvailable:    1512508 kB
Buffers:           55460 kB
Cached:           435804 kB
MemTotal:        1844596 kB
MemFree:         1133540 kB
MemAvailable:    1513724 kB
Buffers:           55460 kB
Cached:           435804 kB
MemTotal:        1844596 kB
MemFree:         1132372 kB
MemAvailable:    1512556 kB
Buffers:           55460 kB
Cached:           435804 kB
MemTotal:        1844596 kB
MemFree:         1132324 kB
MemAvailable:    1512508 kB
Buffers:           55460 kB
Cached:           435804 kB
MemTotal:        1844596 kB
MemFree:         1133528 kB
MemAvailable:    1513712 kB
Buffers:           55460 kB
Cached:           435804 kB
MemTotal:        1844596 kB
MemFree:         1133236 kB
MemAvailable:    1513420 kB
Buffers:           55460 kB
Cached:           435804 kB
MemTotal:        1844596 kB
MemFree:         1131804 kB
MemAvailable:    1511988 kB
Buffers:           55460 kB
Cached:           435804 kB
MemTotal:        1844596 kB
MemFree:         1131804 kB
MemAvailable:    1511988 kB
Buffers:           55460 kB
Cached:           435804 kB
MemTotal:        1844596 kB
MemFree:         1131752 kB
MemAvailable:    1511936 kB
Buffers:           55460 kB
Cached:           435804 kB
MemTotal:        1844596 kB
MemFree:         1132728 kB
MemAvailable:    1512912 kB
Buffers:           55460 kB
Cached:           435804 kB
MemTotal:        1844596 kB
MemFree:         1132496 kB
MemAvailable:    1512680 kB
Buffers:           55460 kB
Cached:           435804 kB
MemTotal:        1844596 kB
MemFree:         1132540 kB
MemAvailable:    1512724 kB
Buffers:           55460 kB
Cached:           435804 kB
MemTotal:        1844596 kB
MemFree:         1132540 kB
MemAvailable:    1512724 kB
Buffers:           55460 kB
Cached:           435804 kB
MemTotal:        1844596 kB
MemFree:         1132000 kB
MemAvailable:    1512184 kB
Buffers:           55460 kB
Cached:           435804 kB
MemTotal:        1844596 kB
MemFree:         1132552 kB
MemAvailable:    1512736 kB
Buffers:           55460 kB
Cached:           435804 kB
MemTotal:        1844596 kB
MemFree:         1132804 kB
MemAvailable:    1512988 kB
Buffers:           55460 kB
Cached:           435804 kB
MemTotal:        1844596 kB
MemFree:         1131184 kB
MemAvailable:    1511368 kB
Buffers:           55460 kB
Cached:           435804 kB
MemTotal:        1844596 kB
MemFree:         1129892 kB
MemAvailable:    1510076 kB
Buffers:           55460 kB
Cached:           435804 kB
MemTotal:        1844596 kB
MemFree:         1127660 kB
MemAvailable:    1507844 kB
Buffers:           55460 kB
Cached:           435804 kB
MemTotal:        1844596 kB
MemFree:         1124436 kB
MemAvailable:    1504620 kB
Buffers:           55460 kB
Cached:           435804 kB
MemTotal:        1844596 kB
MemFree:         1125116 kB
MemAvailable:    1505300 kB
Buffers:           55460 kB
Cached:           435804 kB
MemTotal:        1844596 kB
MemFree:         1123568 kB
MemAvailable:    1503752 kB
Buffers:           55460 kB
Cached:           435804 kB
MemTotal:        1844596 kB
MemFree:         1124668 kB
MemAvailable:    1504852 kB
Buffers:           55460 kB
Cached:           435804 kB
MemTotal:        1844596 kB
MemFree:         1124920 kB
MemAvailable:    1505104 kB
Buffers:           55460 kB
Cached:           435804 kB
MemTotal:        1844596 kB
MemFree:         1124632 kB
MemAvailable:    1504816 kB
Buffers:           55460 kB
Cached:           435804 kB
MemTotal:        1844596 kB
MemFree:         1123512 kB
MemAvailable:    1503696 kB
Buffers:           55460 kB
Cached:           435804 kB
MemTotal:        1844596 kB
MemFree:         1124968 kB
MemAvailable:    1505152 kB
Buffers:           55460 kB
Cached:           435804 kB
MemTotal:        1844596 kB
MemFree:         1124676 kB
MemAvailable:    1504860 kB
Buffers:           55460 kB
Cached:           435804 kB
MemTotal:        1844596 kB
MemFree:         1123364 kB
MemAvailable:    1503548 kB
Buffers:           55460 kB
Cached:           435804 kB
MemTotal:        1844596 kB
MemFree:         1124720 kB
MemAvailable:    1504904 kB
Buffers:           55460 kB
Cached:           435804 kB
MemTotal:        1844596 kB
MemFree:         1124540 kB
MemAvailable:    1504724 kB
Buffers:           55460 kB
Cached:           435804 kB
MemTotal:        1844596 kB
MemFree:         1124604 kB
MemAvailable:    1504788 kB
Buffers:           55460 kB
Cached:           435804 kB
MemTotal:        1844596 kB
MemFree:         1124544 kB
MemAvailable:    1504728 kB
Buffers:           55460 kB
Cached:           435804 kB
MemTotal:        1844596 kB
MemFree:         1124188 kB
MemAvailable:    1504372 kB
Buffers:           55460 kB
Cached:           435804 kB
MemTotal:        1844596 kB
MemFree:         1124116 kB
MemAvailable:    1504300 kB
Buffers:           55460 kB
Cached:           435804 kB
MemTotal:        1844596 kB
MemFree:         1123816 kB
MemAvailable:    1504000 kB
Buffers:           55460 kB
Cached:           435804 kB
MemTotal:        1844596 kB
MemFree:         1123292 kB
MemAvailable:    1503476 kB
Buffers:           55460 kB
Cached:           435804 kB
MemTotal:        1844596 kB
MemFree:         1123628 kB
MemAvailable:    1503812 kB
Buffers:           55460 kB
Cached:           435804 kB
MemTotal:        1844596 kB
MemFree:         1121832 kB
MemAvailable:    1502016 kB
Buffers:           55460 kB
Cached:           435804 kB
MemTotal:        1844596 kB
MemFree:         1123188 kB
MemAvailable:    1503372 kB
Buffers:           55460 kB
Cached:           435804 kB
MemTotal:        1844596 kB
MemFree:         1122932 kB
MemAvailable:    1503116 kB
Buffers:           55460 kB
Cached:           435804 kB
MemTotal:        1844596 kB
MemFree:         1120592 kB
MemAvailable:    1500776 kB
Buffers:           55460 kB
Cached:           435804 kB
MemTotal:        1844596 kB
MemFree:         1121072 kB
MemAvailable:    1501256 kB
Buffers:           55460 kB
Cached:           435804 kB
MemTotal:        1844596 kB
MemFree:         1120468 kB
MemAvailable:    1500652 kB
Buffers:           55460 kB
Cached:           435804 kB
MemTotal:        1844596 kB
MemFree:         1120080 kB
MemAvailable:    1500264 kB
Buffers:           55460 kB
Cached:           435804 kB
MemTotal:        1844596 kB
MemFree:         1120892 kB
MemAvailable:    1501076 kB
Buffers:           55460 kB
Cached:           435804 kB
MemTotal:        1844596 kB
MemFree:         1121060 kB
MemAvailable:    1501244 kB
Buffers:           55460 kB
Cached:           435804 kB
MemTotal:        1844596 kB
MemFree:         1120744 kB
MemAvailable:    1500928 kB
Buffers:           55460 kB
Cached:           435804 kB
MemTotal:        1844596 kB
MemFree:         1119456 kB
MemAvailable:    1499640 kB
Buffers:           55460 kB
Cached:           435804 kB
MemTotal:        1844596 kB
MemFree:         1119580 kB
MemAvailable:    1499764 kB
Buffers:           55460 kB
Cached:           435804 kB
MemTotal:        1844596 kB
MemFree:         1119580 kB
MemAvailable:    1499764 kB
Buffers:           55460 kB
Cached:           435804 kB
MemTotal:        1844596 kB
MemFree:         1120668 kB
MemAvailable:    1500852 kB
Buffers:           55464 kB
Cached:           435800 kB
MemTotal:        1844596 kB
MemFree:         1120920 kB
MemAvailable:    1501104 kB
Buffers:           55464 kB
Cached:           435800 kB
MemTotal:        1844596 kB
MemFree:         1120884 kB
MemAvailable:    1501068 kB
Buffers:           55464 kB
Cached:           435800 kB
MemTotal:        1844596 kB
MemFree:         1120336 kB
MemAvailable:    1500520 kB
Buffers:           55464 kB
Cached:           435800 kB
MemTotal:        1844596 kB
MemFree:         1120096 kB
MemAvailable:    1500292 kB
Buffers:           55464 kB
Cached:           435812 kB
MemTotal:        1844596 kB
MemFree:         1115252 kB
MemAvailable:    1495448 kB
Buffers:           55464 kB
Cached:           435812 kB
MemTotal:        1844596 kB
MemFree:         1112956 kB
MemAvailable:    1493152 kB
Buffers:           55464 kB
Cached:           435812 kB
MemTotal:        1844596 kB
MemFree:         1112888 kB
MemAvailable:    1493084 kB
Buffers:           55464 kB
Cached:           435812 kB
MemTotal:        1844596 kB
MemFree:         1111600 kB
MemAvailable:    1491796 kB
Buffers:           55464 kB
Cached:           435812 kB
MemTotal:        1844596 kB
MemFree:         1111520 kB
MemAvailable:    1491716 kB
Buffers:           55464 kB
Cached:           435812 kB
MemTotal:        1844596 kB
MemFree:         1112940 kB
MemAvailable:    1493136 kB
Buffers:           55464 kB
Cached:           435812 kB
MemTotal:        1844596 kB
MemFree:         1111904 kB
MemAvailable:    1492100 kB
Buffers:           55464 kB
Cached:           435812 kB
MemTotal:        1844596 kB
MemFree:         1113620 kB
MemAvailable:    1493816 kB
Buffers:           55464 kB
Cached:           435812 kB
MemTotal:        1844596 kB
MemFree:         1114252 kB
MemAvailable:    1494532 kB
Buffers:           55464 kB
Cached:           435936 kB
MemTotal:        1844596 kB
MemFree:         1114588 kB
MemAvailable:    1494952 kB
Buffers:           55464 kB
Cached:           436060 kB
MemTotal:        1844596 kB
MemFree:         1114004 kB
MemAvailable:    1494536 kB
Buffers:           55464 kB
Cached:           436184 kB
MemTotal:        1844596 kB
MemFree:         1113152 kB
MemAvailable:    1493684 kB
Buffers:           55464 kB
Cached:           436184 kB
MemTotal:        1844596 kB
MemFree:         1113776 kB
MemAvailable:    1494392 kB
Buffers:           55464 kB
Cached:           436308 kB
MemTotal:        1844596 kB
MemFree:         1113832 kB
MemAvailable:    1494532 kB
Buffers:           55464 kB
Cached:           436432 kB
MemTotal:        1844596 kB
MemFree:         1113444 kB
MemAvailable:    1494228 kB
Buffers:           55464 kB
Cached:           436432 kB
MemTotal:        1844596 kB
MemFree:         1113696 kB
MemAvailable:    1494480 kB
Buffers:           55464 kB
Cached:           436432 kB
MemTotal:        1844596 kB
MemFree:         1113528 kB
MemAvailable:    1494396 kB
Buffers:           55464 kB
Cached:           436432 kB
MemTotal:        1844596 kB
MemFree:         1112656 kB
MemAvailable:    1493524 kB
Buffers:           55464 kB
Cached:           436432 kB
MemTotal:        1844596 kB
MemFree:         1113484 kB
MemAvailable:    1494388 kB
Buffers:           55464 kB
Cached:           436472 kB
MemTotal:        1844596 kB
MemFree:         1113524 kB
MemAvailable:    1494428 kB
Buffers:           55464 kB
Cached:           436472 kB
MemTotal:        1844596 kB
MemFree:         1112772 kB
MemAvailable:    1493676 kB
Buffers:           55464 kB
Cached:           436472 kB
MemTotal:        1844596 kB
MemFree:         1112112 kB
MemAvailable:    1493048 kB
Buffers:           55464 kB
Cached:           436552 kB
MemTotal:        1844596 kB
MemFree:         1113700 kB
MemAvailable:    1493964 kB
Buffers:           55464 kB
Cached:           435836 kB
MemTotal:        1844596 kB
MemFree:         1178312 kB
MemAvailable:    1558576 kB
Buffers:           55464 kB
Cached:           435836 kB
