MemTotal:        1844596 kB
MemFree:         1152716 kB
MemAvailable:    1560896 kB
Buffers:           58384 kB
Cached:           458704 kB
MemTotal:        1844596 kB
MemFree:         1124544 kB
MemAvailable:    1532728 kB
Buffers:           58384 kB
Cached:           458708 kB
MemTotal:        1844596 kB
MemFree:         1123552 kB
MemAvailable:    1531736 kB
Buffers:           58384 kB
Cached:           458708 kB
MemTotal:        1844596 kB
MemFree:         1122188 kB
MemAvailable:    1530372 kB
Buffers:           58384 kB
Cached:           458708 kB
MemTotal:        1844596 kB
MemFree:         1120824 kB
MemAvailable:    1529008 kB
Buffers:           58384 kB
Cached:           458708 kB
MemTotal:        1844596 kB
MemFree:         1121808 kB
MemAvailable:    1529992 kB
Buffers:           58384 kB
Cached:           458708 kB
MemTotal:        1844596 kB
MemFree:         1119212 kB
MemAvailable:    1527396 kB
Buffers:           58384 kB
Cached:           458708 kB
MemTotal:        1844596 kB
MemFree:         1118964 kB
MemAvailable:    1527148 kB
Buffers:           58384 kB
Cached:           458708 kB
MemTotal:        1844596 kB
MemFree:         1115056 kB
MemAvailable:    1523240 kB
Buffers:           58384 kB
Cached:           458708 kB
MemTotal:        1844596 kB
MemFree:         1109788 kB
MemAvailable:    1517972 kB
Buffers:           58384 kB
Cached:           458708 kB
MemTotal:        1844596 kB
MemFree:         1112188 kB
MemAvailable:    1520372 kB
Buffers:           58384 kB
Cached:           458708 kB
MemTotal:        1844596 kB
MemFree:         1111956 kB
MemAvailable:    1520140 kB
Buffers:           58384 kB
Cached:           458708 kB
MemTotal:        1844596 kB
MemFree:         1112080 kB
MemAvailable:    1520264 kB
Buffers:           58384 kB
Cached:           458708 kB
MemTotal:        1844596 kB
MemFree:         1111832 kB
MemAvailable:    1520016 kB
Buffers:           58384 kB
Cached:           458708 kB
MemTotal:        1844596 kB
MemFree:         1111584 kB
MemAvailable:    1519768 kB
Buffers:           58384 kB
Cached:           458708 kB
MemTotal:        1844596 kB
MemFree:         1111752 kB
MemAvailable:    1519936 kB
Buffers:           58384 kB
Cached:           458708 kB
MemTotal:        1844596 kB
MemFree:         1111212 kB
MemAvailable:    1519396 kB
Buffers:           58384 kB
Cached:           458708 kB
MemTotal:        1844596 kB
MemFree:         1110036 kB
MemAvailable:    1518220 kB
Buffers:           58384 kB
Cached:           458708 kB
MemTotal:        1844596 kB
MemFree:         1108424 kB
MemAvailable:    1516608 kB
Buffers:           58384 kB
Cached:           458708 kB
MemTotal:        1844596 kB
MemFree:         1109540 kB
MemAvailable:    1517724 kB
Buffers:           58384 kB
Cached:           458708 kB
MemTotal:        1844596 kB
MemFree:         1108292 kB
MemAvailable:    1516476 kB
Buffers:           58384 kB
Cached:           458708 kB
MemTotal:        1844596 kB
MemFree:         1108036 kB
MemAvailable:    1516220 kB
Buffers:           58384 kB
Cached:           458708 kB
MemTotal:        1844596 kB
MemFree:         1108112 kB
MemAvailable:    1516296 kB
Buffers:           58384 kB
Cached:           458708 kB
MemTotal:        1844596 kB
MemFree:         1109540 kB
MemAvailable:    1517724 kB
Buffers:           58384 kB
Cached:           458708 kB
MemTotal:        1844596 kB
MemFree:         1109396 kB
MemAvailable:    1517580 kB
Buffers:           58384 kB
Cached:           458708 kB
MemTotal:        1844596 kB
MemFree:         1109336 kB
MemAvailable:    1517520 kB
Buffers:           58384 kB
Cached:           458708 kB
MemTotal:        1844596 kB
MemFree:         1109236 kB
MemAvailable:    1517420 kB
Buffers:           58384 kB
Cached:           458708 kB
MemTotal:        1844596 kB
MemFree:         1109392 kB
MemAvailable:    1517576 kB
Buffers:           58384 kB
Cached:           458708 kB
MemTotal:        1844596 kB
MemFree:         1108912 kB
MemAvailable:    1517096 kB
Buffers:           58384 kB
Cached:           458708 kB
MemTotal:        1844596 kB
MemFree:         1107928 kB
MemAvailable:    1516112 kB
Buffers:           58384 kB
Cached:           458708 kB
MemTotal:        1844596 kB
MemFree:         1106192 kB
MemAvailable:    1514376 kB
Buffers:           58384 kB
Cached:           458708 kB
MemTotal:        1844596 kB
MemFree:         1106880 kB
MemAvailable:    1515064 kB
Buffers:           58384 kB
Cached:           458708 kB
MemTotal:        1844596 kB
MemFree:         1106376 kB
MemAvailable:    1514560 kB
Buffers:           58384 kB
Cached:           458708 kB
MemTotal:        1844596 kB
MemFree:         1104648 kB
MemAvailable:    1512832 kB
Buffers:           58384 kB
Cached:           458708 kB
MemTotal:        1844596 kB
MemFree:         1104332 kB
MemAvailable:    1512516 kB
Buffers:           58384 kB
Cached:           458708 kB
MemTotal:        1844596 kB
MemFree:         1104192 kB
MemAvailable:    1512376 kB
Buffers:           58384 kB
Cached:           458708 kB
MemTotal:        1844596 kB
MemFree:         1105376 kB
MemAvailable:    1513560 kB
Buffers:           58384 kB
Cached:           458708 kB
MemTotal:        1844596 kB
MemFree:         1105308 kB
MemAvailable:    1513492 kB
Buffers:           58384 kB
Cached:           458708 kB
MemTotal:        1844596 kB
MemFree:         1105060 kB
MemAvailable:    1513244 kB
Buffers:           58384 kB
Cached:           458708 kB
MemTotal:        1844596 kB
MemFree:         1103944 kB
MemAvailable:    1512128 kB
Buffers:           58384 kB
Cached:           458708 kB
MemTotal:        1844596 kB
MemFree:         1104688 kB
MemAvailable:    1512872 kB
Buffers:           58384 kB
Cached:           458708 kB
MemTotal:        1844596 kB
MemFree:         1104208 kB
MemAvailable:    1512392 kB
Buffers:           58384 kB
Cached:           458708 kB
MemTotal:        1844596 kB
MemFree:         1104508 kB
MemAvailable:    1512692 kB
Buffers:           58384 kB
Cached:           458708 kB
MemTotal:        1844596 kB
MemFree:         1104508 kB
MemAvailable:    1512692 kB
Buffers:           58384 kB
Cached:           458708 kB
MemTotal:        1844596 kB
MemFree:         1102908 kB
MemAvailable:    1511092 kB
Buffers:           58384 kB
Cached:           458708 kB
MemTotal:        1844596 kB
MemFree:         1102912 kB
MemAvailable:    1511096 kB
Buffers:           58384 kB
Cached:           458708 kB
MemTotal:        1844596 kB
MemFree:         1103036 kB
MemAvailable:    1511220 kB
Buffers:           58384 kB
Cached:           458708 kB
MemTotal:        1844596 kB
MemFree:         1104076 kB
MemAvailable:    1512260 kB
Buffers:           58384 kB
Cached:           458708 kB
MemTotal:        1844596 kB
MemFree:         1104188 kB
MemAvailable:    1512372 kB
Buffers:           58384 kB
Cached:           458708 kB
MemTotal:        1844596 kB
MemFree:         1104368 kB
MemAvailable:    1512552 kB
Buffers:           58384 kB
Cached:           458708 kB
MemTotal:        1844596 kB
MemFree:         1104020 kB
MemAvailable:    1512204 kB
Buffers:           58384 kB
Cached:           458708 kB
MemTotal:        1844596 kB
MemFree:         1102844 kB
MemAvailable:    1511028 kB
Buffers:           58384 kB
Cached:           458708 kB
MemTotal:        1844596 kB
MemFree:         1103092 kB
MemAvailable:    1511276 kB
Buffers:           58384 kB
Cached:           458708 kB
MemTotal:        1844596 kB
MemFree:         1102836 kB
MemAvailable:    1511020 kB
Buffers:           58384 kB
Cached:           458708 kB
MemTotal:        1844596 kB
MemFree:         1102712 kB
MemAvailable:    1510896 kB
Buffers:           58384 kB
Cached:           458708 kB
MemTotal:        1844596 kB
MemFree:         1102456 kB
MemAvailable:    1510640 kB
Buffers:           58384 kB
Cached:           458708 kB
MemTotal:        1844596 kB
MemFree:         1103448 kB
MemAvailable:    1511632 kB
Buffers:           58384 kB
Cached:           458708 kB
MemTotal:        1844596 kB
MemFree:         1103340 kB
MemAvailable:    1511524 kB
Buffers:           58384 kB
Cached:           458708 kB
MemTotal:        1844596 kB
MemFree:         1102036 kB
MemAvailable:    1510220 kB
Buffers:           58384 kB
Cached:           458708 kB
MemTotal:        1844596 kB
MemFree:         1102036 kB
MemAvailable:    1510220 kB
Buffers:           58384 kB
Cached:           458708 kB
MemTotal:        1844596 kB
MemFree:         1101920 kB
MemAvailable:    1510112 kB
Buffers:           58384 kB
Cached:           458716 kB
MemTotal:        1844596 kB
MemFree:         1103148 kB
MemAvailable:    1511340 kB
Buffers:           58384 kB
Cached:           458716 kB
MemTotal:        1844596 kB
MemFree:         1103400 kB
MemAvailable:    1511592 kB
Buffers:           58384 kB
Cached:           458716 kB
MemTotal:        1844596 kB
MemFree:         1103388 kB
MemAvailable:    1511580 kB
Buffers:           58384 kB
Cached:           458716 kB
MemTotal:        1844596 kB
MemFree:         1103280 kB
MemAvailable:    1511472 kB
Buffers:           58384 kB
Cached:           458716 kB
MemTotal:        1844596 kB
MemFree:         1101952 kB
MemAvailable:    1510144 kB
Buffers:           58384 kB
Cached:           458716 kB
MemTotal:        1844596 kB
MemFree:         1101852 kB
MemAvailable:    1510044 kB
Buffers:           58384 kB
Cached:           458716 kB
MemTotal:        1844596 kB
MemFree:         1100796 kB
MemAvailable:    1508988 kB
Buffers:           58384 kB
Cached:           458716 kB
MemTotal:        1844596 kB
MemFree:         1097512 kB
MemAvailable:    1505704 kB
Buffers:           58384 kB
Cached:           458716 kB
MemTotal:        1844596 kB
MemFree:         1095712 kB
MemAvailable:    1503904 kB
Buffers:           58384 kB
Cached:           458716 kB
MemTotal:        1844596 kB
MemFree:         1095964 kB
MemAvailable:    1504156 kB
Buffers:           58384 kB
Cached:           458716 kB
MemTotal:        1844596 kB
MemFree:         1094280 kB
MemAvailable:    1502472 kB
Buffers:           58384 kB
Cached:           458716 kB
MemTotal:        1844596 kB
MemFree:         1094240 kB
MemAvailable:    1502432 kB
Buffers:           58384 kB
Cached:           458716 kB
MemTotal:        1844596 kB
MemFree:         1094108 kB
MemAvailable:    1502300 kB
Buffers:           58384 kB
Cached:           458716 kB
MemTotal:        1844596 kB
MemFree:         1094236 kB
MemAvailable:    1502428 kB
Buffers:           58384 kB
Cached:           458716 kB
MemTotal:        1844596 kB
MemFree:         1094148 kB
MemAvailable:    1502340 kB
Buffers:           58384 kB
Cached:           458716 kB
MemTotal:        1844596 kB
MemFree:         1094148 kB
MemAvailable:    1502340 kB
Buffers:           58384 kB
Cached:           458716 kB
MemTotal:        1844596 kB
MemFree:         1094272 kB
MemAvailable:    1502464 kB
Buffers:           58384 kB
Cached:           458716 kB
MemTotal:        1844596 kB
MemFree:         1094272 kB
MemAvailable:    1502464 kB
Buffers:           58384 kB
Cached:           458716 kB
MemTotal:        1844596 kB
MemFree:         1094092 kB
MemAvailable:    1502284 kB
Buffers:           58384 kB
Cached:           458716 kB
MemTotal:        1844596 kB
MemFree:         1095472 kB
MemAvailable:    1503664 kB
Buffers:           58384 kB
Cached:           458716 kB
MemTotal:        1844596 kB
MemFree:         1095264 kB
MemAvailable:    1503456 kB
Buffers:           58384 kB
Cached:           458716 kB
MemTotal:        1844596 kB
MemFree:         1095300 kB
MemAvailable:    1503492 kB
Buffers:           58384 kB
Cached:           458716 kB
MemTotal:        1844596 kB
MemFree:         1093488 kB
MemAvailable:    1501680 kB
Buffers:           58384 kB
Cached:           458716 kB
MemTotal:        1844596 kB
MemFree:         1093480 kB
MemAvailable:    1501672 kB
Buffers:           58384 kB
Cached:           458716 kB
MemTotal:        1844596 kB
MemFree:         1093048 kB
MemAvailable:    1501240 kB
Buffers:           58384 kB
Cached:           458716 kB
MemTotal:        1844596 kB
MemFree:         1093976 kB
MemAvailable:    1502168 kB
Buffers:           58384 kB
Cached:           458716 kB
MemTotal:        1844596 kB
MemFree:         1093644 kB
MemAvailable:    1501836 kB
Buffers:           58384 kB
Cached:           458716 kB
MemTotal:        1844596 kB
MemFree:         1092552 kB
MemAvailable:    1500744 kB
Buffers:           58384 kB
Cached:           458716 kB
MemTotal:        1844596 kB
MemFree:         1092536 kB
MemAvailable:    1500728 kB
Buffers:           58384 kB
Cached:           458716 kB
MemTotal:        1844596 kB
MemFree:         1092536 kB
MemAvailable:    1500728 kB
Buffers:           58384 kB
Cached:           458716 kB
MemTotal:        1844596 kB
MemFree:         1091004 kB
MemAvailable:    1499196 kB
Buffers:           58384 kB
Cached:           458716 kB
MemTotal:        1844596 kB
MemFree:         1092116 kB
MemAvailable:    1500308 kB
Buffers:           58384 kB
Cached:           458716 kB
MemTotal:        1844596 kB
MemFree:         1091860 kB
MemAvailable:    1500052 kB
Buffers:           58384 kB
Cached:           458716 kB
MemTotal:        1844596 kB
MemFree:         1091812 kB
MemAvailable:    1500004 kB
Buffers:           58384 kB
Cached:           458716 kB
MemTotal:        1844596 kB
MemFree:         1091556 kB
MemAvailable:    1499748 kB
Buffers:           58384 kB
Cached:           458716 kB
MemTotal:        1844596 kB
MemFree:         1091488 kB
MemAvailable:    1499680 kB
Buffers:           58384 kB
Cached:           458716 kB
MemTotal:        1844596 kB
MemFree:         1090160 kB
MemAvailable:    1498352 kB
Buffers:           58384 kB
Cached:           458716 kB
MemTotal:        1844596 kB
MemFree:         1091712 kB
MemAvailable:    1499904 kB
Buffers:           58384 kB
Cached:           458716 kB
MemTotal:        1844596 kB
MemFree:         1090152 kB
MemAvailable:    1498344 kB
Buffers:           58384 kB
Cached:           458716 kB
MemTotal:        1844596 kB
MemFree:         1090392 kB
MemAvailable:    1498584 kB
Buffers:           58384 kB
Cached:           458716 kB
MemTotal:        1844596 kB
MemFree:         1090144 kB
MemAvailable:    1498336 kB
Buffers:           58384 kB
Cached:           458716 kB
MemTotal:        1844596 kB
MemFree:         1090800 kB
MemAvailable:    1498992 kB
Buffers:           58384 kB
Cached:           458716 kB
MemTotal:        1844596 kB
MemFree:         1089440 kB
MemAvailable:    1497632 kB
Buffers:           58384 kB
Cached:           458716 kB
MemTotal:        1844596 kB
MemFree:         1089560 kB
MemAvailable:    1497752 kB
Buffers:           58384 kB
Cached:           458716 kB
MemTotal:        1844596 kB
MemFree:         1082508 kB
MemAvailable:    1490700 kB
Buffers:           58384 kB
Cached:           458716 kB
MemTotal:        1844596 kB
MemFree:         1083616 kB
MemAvailable:    1491808 kB
Buffers:           58384 kB
Cached:           458716 kB
MemTotal:        1844596 kB
MemFree:         1083304 kB
MemAvailable:    1491496 kB
Buffers:           58384 kB
Cached:           458716 kB
MemTotal:        1844596 kB
MemFree:         1082204 kB
MemAvailable:    1490396 kB
Buffers:           58384 kB
Cached:           458716 kB
MemTotal:        1844596 kB
MemFree:         1083372 kB
MemAvailable:    1491564 kB
Buffers:           58384 kB
Cached:           458716 kB
MemTotal:        1844596 kB
MemFree:         1082364 kB
MemAvailable:    1490556 kB
Buffers:           58384 kB
Cached:           458716 kB
MemTotal:        1844596 kB
MemFree:         1085588 kB
MemAvailable:    1493780 kB
Buffers:           58384 kB
Cached:           458716 kB
MemTotal:        1844596 kB
MemFree:         1084244 kB
MemAvailable:    1492436 kB
Buffers:           58388 kB
Cached:           458712 kB
MemTotal:        1844596 kB
MemFree:         1085040 kB
MemAvailable:    1493400 kB
Buffers:           58388 kB
Cached:           458960 kB
MemTotal:        1844596 kB
MemFree:         1084488 kB
MemAvailable:    1492932 kB
Buffers:           58388 kB
Cached:           459084 kB
MemTotal:        1844596 kB
MemFree:         1083216 kB
MemAvailable:    1491828 kB
Buffers:           58388 kB
Cached:           459084 kB
MemTotal:        1844596 kB
MemFree:         1083252 kB
MemAvailable:    1491948 kB
Buffers:           58388 kB
Cached:           459208 kB
MemTotal:        1844596 kB
MemFree:         1084180 kB
MemAvailable:    1493044 kB
Buffers:           58388 kB
Cached:           459332 kB
MemTotal:        1844596 kB
MemFree:         1083500 kB
MemAvailable:    1492364 kB
Buffers:           58388 kB
Cached:           459332 kB
MemTotal:        1844596 kB
MemFree:         1084216 kB
MemAvailable:    1493080 kB
Buffers:           58388 kB
Cached:           459332 kB
MemTotal:        1844596 kB
MemFree:         1084468 kB
MemAvailable:    1493332 kB
Buffers:           58388 kB
Cached:           459332 kB
MemTotal:        1844596 kB
MemFree:         1082980 kB
MemAvailable:    1491844 kB
Buffers:           58388 kB
Cached:           459332 kB
MemTotal:        1844596 kB
MemFree:         1082988 kB
MemAvailable:    1491852 kB
Buffers:           58388 kB
Cached:           459332 kB
MemTotal:        1844596 kB
MemFree:         1084228 kB
MemAvailable:    1493092 kB
Buffers:           58388 kB
Cached:           459332 kB
MemTotal:        1844596 kB
MemFree:         1082940 kB
MemAvailable:    1491804 kB
Buffers:           58388 kB
Cached:           459332 kB
MemTotal:        1844596 kB
MemFree:         1083568 kB
MemAvailable:    1491772 kB
Buffers:           58388 kB
Cached:           458724 kB
MemTotal:        1844596 kB
MemFree:         1152344 kB
MemAvailable:    1560548 kB
Buffers:           58388 kB
Cached:           458724 kB
