MemTotal:        1844596 kB
MemFree:         1385900 kB
MemAvailable:    1583676 kB
Buffers:           31084 kB
Cached:           282392 kB
MemTotal:        1844596 kB
MemFree:         1357272 kB
MemAvailable:    1555056 kB
Buffers:           31084 kB
Cached:           282396 kB
MemTotal:        1844596 kB
MemFree:         1356472 kB
MemAvailable:    1554256 kB
Buffers:           31084 kB
Cached:           282396 kB
MemTotal:        1844596 kB
MemFree:         1355048 kB
MemAvailable:    1552832 kB
Buffers:           31084 kB
Cached:           282396 kB
MemTotal:        1844596 kB
MemFree:         1354676 kB
MemAvailable:    1552460 kB
Buffers:           31084 kB
Cached:           282396 kB
MemTotal:        1844596 kB
MemFree:         1354488 kB
MemAvailable:    1552272 kB
Buffers:           31084 kB
Cached:           282396 kB
MemTotal:        1844596 kB
MemFree:         1354428 kB
MemAvailable:    1552212 kB
Buffers:           31084 kB
Cached:           282396 kB
MemTotal:        1844596 kB
MemFree:         1351832 kB
MemAvailable:    1549616 kB
Buffers:           31084 kB
Cached:           282396 kB
MemTotal:        1844596 kB
MemFree:         1348856 kB
MemAvailable:    1546640 kB
Buffers:           31084 kB
Cached:           282396 kB
MemTotal:        1844596 kB
MemFree:         1343756 kB
MemAvailable:    1541540 kB
Buffers:           31084 kB
Cached:           282396 kB
MemTotal:        1844596 kB
MemFree:         1344092 kB
MemAvailable:    1541876 kB
Buffers:           31084 kB
Cached:           282396 kB
MemTotal:        1844596 kB
MemFree:         1344584 kB
MemAvailable:    1542368 kB
Buffers:           31084 kB
Cached:           282396 kB
MemTotal:        1844596 kB
MemFree:         1344920 kB
MemAvailable:    1542704 kB
Buffers:           31084 kB
Cached:           282396 kB
MemTotal:        1844596 kB
MemFree:         1344624 kB
MemAvailable:    1542408 kB
Buffers:           31084 kB
Cached:           282396 kB
MemTotal:        1844596 kB
MemFree:         1344144 kB
MemAvailable:    1541928 kB
Buffers:           31084 kB
Cached:           282396 kB
MemTotal:        1844596 kB
MemFree:         1344360 kB
MemAvailable:    1542144 kB
Buffers:           31084 kB
Cached:           282396 kB
MemTotal:        1844596 kB
MemFree:         1344504 kB
MemAvailable:    1542288 kB
Buffers:           31084 kB
Cached:           282396 kB
MemTotal:        1844596 kB
MemFree:         1341656 kB
MemAvailable:    1539440 kB
Buffers:           31084 kB
Cached:           282396 kB
MemTotal:        1844596 kB
MemFree:         1342524 kB
MemAvailable:    1540308 kB
Buffers:           31084 kB
Cached:           282396 kB
MemTotal:        1844596 kB
MemFree:         1341168 kB
MemAvailable:    1538952 kB
Buffers:           31084 kB
Cached:           282396 kB
MemTotal:        1844596 kB
MemFree:         1341036 kB
MemAvailable:    1538820 kB
Buffers:           31084 kB
Cached:           282396 kB
MemTotal:        1844596 kB
MemFree:         1342236 kB
MemAvailable:    1540020 kB
Buffers:           31084 kB
Cached:           282396 kB
MemTotal:        1844596 kB
MemFree:         1342016 kB
MemAvailable:    1539800 kB
Buffers:           31084 kB
Cached:           282396 kB
MemTotal:        1844596 kB
MemFree:         1342256 kB
MemAvailable:    1540040 kB
Buffers:           31084 kB
Cached:           282396 kB
MemTotal:        1844596 kB
MemFree:         1341960 kB
MemAvailable:    1539744 kB
Buffers:           31084 kB
Cached:           282396 kB
MemTotal:        1844596 kB
MemFree:         1342108 kB
MemAvailable:    1539892 kB
Buffers:           31084 kB
Cached:           282396 kB
MemTotal:        1844596 kB
MemFree:         1343588 kB
MemAvailable:    1541372 kB
Buffers:           31084 kB
Cached:           282396 kB
MemTotal:        1844596 kB
MemFree:         1341648 kB
MemAvailable:    1539432 kB
Buffers:           31084 kB
Cached:           282396 kB
MemTotal:        1844596 kB
MemFree:         1341540 kB
MemAvailable:    1539324 kB
Buffers:           31084 kB
Cached:           282396 kB
MemTotal:        1844596 kB
MemFree:         1340300 kB
MemAvailable:    1538084 kB
Buffers:           31084 kB
Cached:           282396 kB
MemTotal:        1844596 kB
MemFree:         1338804 kB
MemAvailable:    1536588 kB
Buffers:           31084 kB
Cached:           282396 kB
MemTotal:        1844596 kB
MemFree:         1339492 kB
MemAvailable:    1537276 kB
Buffers:           31084 kB
Cached:           282396 kB
MemTotal:        1844596 kB
MemFree:         1338688 kB
MemAvailable:    1536472 kB
Buffers:           31084 kB
Cached:           282396 kB
MemTotal:        1844596 kB
MemFree:         1338680 kB
MemAvailable:    1536464 kB
Buffers:           31084 kB
Cached:           282396 kB
MemTotal:        1844596 kB
MemFree:         1337068 kB
MemAvailable:    1534852 kB
Buffers:           31084 kB
Cached:           282396 kB
MemTotal:        1844596 kB
MemFree:         1338368 kB
MemAvailable:    1536152 kB
Buffers:           31084 kB
Cached:           282396 kB
MemTotal:        1844596 kB
MemFree:         1336648 kB
MemAvailable:    1534432 kB
Buffers:           31084 kB
Cached:           282396 kB
MemTotal:        1844596 kB
MemFree:         1338260 kB
MemAvailable:    1536044 kB
Buffers:           31084 kB
Cached:           282396 kB
MemTotal:        1844596 kB
MemFree:         1337872 kB
MemAvailable:    1535656 kB
Buffers:           31084 kB
Cached:           282396 kB
MemTotal:        1844596 kB
MemFree:         1337448 kB
MemAvailable:    1535232 kB
Buffers:           31084 kB
Cached:           282396 kB
MemTotal:        1844596 kB
MemFree:         1337616 kB
MemAvailable:    1535400 kB
Buffers:           31084 kB
Cached:           282396 kB
MemTotal:        1844596 kB
MemFree:         1336208 kB
MemAvailable:    1533992 kB
Buffers:           31084 kB
Cached:           282396 kB
MemTotal:        1844596 kB
MemFree:         1337300 kB
MemAvailable:    1535084 kB
Buffers:           31084 kB
Cached:           282396 kB
MemTotal:        1844596 kB
MemFree:         1336076 kB
MemAvailable:    1533860 kB
Buffers:           31084 kB
Cached:           282396 kB
MemTotal:        1844596 kB
MemFree:         1337252 kB
MemAvailable:    1535036 kB
Buffers:           31084 kB
Cached:           282396 kB
MemTotal:        1844596 kB
MemFree:         1337120 kB
MemAvailable:    1534904 kB
Buffers:           31084 kB
Cached:           282396 kB
MemTotal:        1844596 kB
MemFree:         1337112 kB
MemAvailable:    1534896 kB
Buffers:           31084 kB
Cached:           282396 kB
MemTotal:        1844596 kB
MemFree:         1337252 kB
MemAvailable:    1535036 kB
Buffers:           31084 kB
Cached:           282396 kB
MemTotal:        1844596 kB
MemFree:         1337172 kB
MemAvailable:    1534956 kB
Buffers:           31084 kB
Cached:           282396 kB
MemTotal:        1844596 kB
MemFree:         1337060 kB
MemAvailable:    1534844 kB
Buffers:           31084 kB
Cached:           282396 kB
MemTotal:        1844596 kB
MemFree:         1337200 kB
MemAvailable:    1534984 kB
Buffers:           31084 kB
Cached:           282396 kB
MemTotal:        1844596 kB
MemFree:         1335588 kB
MemAvailable:    1533372 kB
Buffers:           31084 kB
Cached:           282396 kB
MemTotal:        1844596 kB
MemFree:         1336688 kB
MemAvailable:    1534472 kB
Buffers:           31084 kB
Cached:           282396 kB
MemTotal:        1844596 kB
MemFree:         1335836 kB
MemAvailable:    1533620 kB
Buffers:           31084 kB
Cached:           282396 kB
MemTotal:        1844596 kB
MemFree:         1336500 kB
MemAvailable:    1534284 kB
Buffers:           31084 kB
Cached:           282396 kB
MemTotal:        1844596 kB
MemFree:         1335340 kB
MemAvailable:    1533124 kB
Buffers:           31096 kB
Cached:           282384 kB
MemTotal:        1844596 kB
MemFree:         1336208 kB
MemAvailable:    1534004 kB
Buffers:           31096 kB
Cached:           282396 kB
MemTotal:        1844596 kB
MemFree:         1336020 kB
MemAvailable:    1533816 kB
Buffers:           31096 kB
Cached:           282396 kB
MemTotal:        1844596 kB
MemFree:         1336272 kB
MemAvailable:    1534068 kB
Buffers:           31096 kB
Cached:           282396 kB
MemTotal:        1844596 kB
MemFree:         1334952 kB
MemAvailable:    1532748 kB
Buffers:           31096 kB
Cached:           282396 kB
MemTotal:        1844596 kB
MemFree:         1334796 kB
MemAvailable:    1532592 kB
Buffers:           31096 kB
Cached:           282396 kB
MemTotal:        1844596 kB
MemFree:         1336068 kB
MemAvailable:    1533864 kB
Buffers:           31096 kB
Cached:           282396 kB
MemTotal:        1844596 kB
MemFree:         1334708 kB
MemAvailable:    1532504 kB
Buffers:           31096 kB
Cached:           282396 kB
MemTotal:        1844596 kB
MemFree:         1334948 kB
MemAvailable:    1532744 kB
Buffers:           31096 kB
Cached:           282396 kB
MemTotal:        1844596 kB
MemFree:         1336064 kB
MemAvailable:    1533860 kB
Buffers:           31096 kB
Cached:           282396 kB
MemTotal:        1844596 kB
MemFree:         1334692 kB
MemAvailable:    1532488 kB
Buffers:           31096 kB
Cached:           282396 kB
MemTotal:        1844596 kB
MemFree:         1333604 kB
MemAvailable:    1531400 kB
Buffers:           31096 kB
Cached:           282396 kB
MemTotal:        1844596 kB
MemFree:         1329628 kB
MemAvailable:    1527424 kB
Buffers:           31096 kB
Cached:           282396 kB
MemTotal:        1844596 kB
MemFree:         1328636 kB
MemAvailable:    1526432 kB
Buffers:           31096 kB
Cached:           282396 kB
MemTotal:        1844596 kB
MemFree:         1327768 kB
MemAvailable:    1525564 kB
Buffers:           31096 kB
Cached:           282396 kB
MemTotal:        1844596 kB
MemFree:         1328392 kB
MemAvailable:    1526188 kB
Buffers:           31096 kB
Cached:           282396 kB
MemTotal:        1844596 kB
MemFree:         1327216 kB
MemAvailable:    1525012 kB
Buffers:           31096 kB
Cached:           282396 kB
MemTotal:        1844596 kB
MemFree:         1327216 kB
MemAvailable:    1525012 kB
Buffers:           31096 kB
Cached:           282396 kB
MemTotal:        1844596 kB
MemFree:         1327032 kB
MemAvailable:    1524836 kB
Buffers:           31096 kB
Cached:           282404 kB
MemTotal:        1844596 kB
MemFree:         1328272 kB
MemAvailable:    1526076 kB
Buffers:           31096 kB
Cached:           282404 kB
MemTotal:        1844596 kB
MemFree:         1328396 kB
MemAvailable:    1526200 kB
Buffers:           31096 kB
Cached:           282404 kB
MemTotal:        1844596 kB
MemFree:         1326728 kB
MemAvailable:    1524532 kB
Buffers:           31096 kB
Cached:           282404 kB
MemTotal:        1844596 kB
MemFree:         1328216 kB
MemAvailable:    1526020 kB
Buffers:           31096 kB
Cached:           282404 kB
MemTotal:        1844596 kB
MemFree:         1328188 kB
MemAvailable:    1525992 kB
Buffers:           31096 kB
Cached:           282404 kB
MemTotal:        1844596 kB
MemFree:         1327528 kB
MemAvailable:    1525332 kB
Buffers:           31096 kB
Cached:           282404 kB
MemTotal:        1844596 kB
MemFree:         1327140 kB
MemAvailable:    1524944 kB
Buffers:           31096 kB
Cached:           282404 kB
MemTotal:        1844596 kB
MemFree:         1328116 kB
MemAvailable:    1525920 kB
Buffers:           31096 kB
Cached:           282404 kB
MemTotal:        1844596 kB
MemFree:         1328148 kB
MemAvailable:    1525952 kB
Buffers:           31096 kB
Cached:           282404 kB
MemTotal:        1844596 kB
MemFree:         1328092 kB
MemAvailable:    1525896 kB
Buffers:           31096 kB
Cached:           282404 kB
MemTotal:        1844596 kB
MemFree:         1327768 kB
MemAvailable:    1525572 kB
Buffers:           31096 kB
Cached:           282404 kB
MemTotal:        1844596 kB
MemFree:         1327148 kB
MemAvailable:    1524952 kB
Buffers:           31096 kB
Cached:           282404 kB
MemTotal:        1844596 kB
MemFree:         1326404 kB
MemAvailable:    1524208 kB
Buffers:           31096 kB
Cached:           282404 kB
MemTotal:        1844596 kB
MemFree:         1326904 kB
MemAvailable:    1524708 kB
Buffers:           31096 kB
Cached:           282404 kB
MemTotal:        1844596 kB
MemFree:         1326040 kB
MemAvailable:    1523844 kB
Buffers:           31096 kB
Cached:           282404 kB
MemTotal:        1844596 kB
MemFree:         1326216 kB
MemAvailable:    1524020 kB
Buffers:           31096 kB
Cached:           282404 kB
MemTotal:        1844596 kB
MemFree:         1326288 kB
MemAvailable:    1524092 kB
Buffers:           31096 kB
Cached:           282404 kB
MemTotal:        1844596 kB
MemFree:         1325544 kB
MemAvailable:    1523348 kB
Buffers:           31096 kB
Cached:           282404 kB
MemTotal:        1844596 kB
MemFree:         1324172 kB
MemAvailable:    1521976 kB
Buffers:           31096 kB
Cached:           282404 kB
MemTotal:        1844596 kB
MemFree:         1324412 kB
MemAvailable:    1522216 kB
Buffers:           31096 kB
Cached:           282404 kB
MemTotal:        1844596 kB
MemFree:         1323800 kB
MemAvailable:    1521604 kB
Buffers:           31096 kB
Cached:           282404 kB
MemTotal:        1844596 kB
MemFree:         1324536 kB
MemAvailable:    1522340 kB
Buffers:           31096 kB
Cached:           282404 kB
MemTotal:        1844596 kB
MemFree:         1324620 kB
MemAvailable:    1522424 kB
Buffers:           31096 kB
Cached:           282404 kB
MemTotal:        1844596 kB
MemFree:         1324372 kB
MemAvailable:    1522176 kB
Buffers:           31096 kB
Cached:           282404 kB
MemTotal:        1844596 kB
MemFree:         1323168 kB
MemAvailable:    1520972 kB
Buffers:           31096 kB
Cached:           282404 kB
MemTotal:        1844596 kB
MemFree:         1324236 kB
MemAvailable:    1522040 kB
Buffers:           31096 kB
Cached:           282404 kB
MemTotal:        1844596 kB
MemFree:         1324356 kB
MemAvailable:    1522160 kB
Buffers:           31096 kB
Cached:           282404 kB
MemTotal:        1844596 kB
MemFree:         1324448 kB
MemAvailable:    1522252 kB
Buffers:           31096 kB
Cached:           282404 kB
MemTotal:        1844596 kB
MemFree:         1324364 kB
MemAvailable:    1522168 kB
Buffers:           31096 kB
Cached:           282404 kB
MemTotal:        1844596 kB
MemFree:         1324380 kB
MemAvailable:    1522184 kB
Buffers:           31096 kB
Cached:           282404 kB
MemTotal:        1844596 kB
MemFree:         1323984 kB
MemAvailable:    1521788 kB
Buffers:           31096 kB
Cached:           282404 kB
MemTotal:        1844596 kB
MemFree:         1323668 kB
MemAvailable:    1521472 kB
Buffers:           31096 kB
Cached:           282404 kB
MemTotal:        1844596 kB
MemFree:         1319220 kB
MemAvailable:    1517024 kB
Buffers:           31096 kB
Cached:           282404 kB
MemTotal:        1844596 kB
MemFree:         1316856 kB
MemAvailable:    1514660 kB
Buffers:           31096 kB
Cached:           282404 kB
MemTotal:        1844596 kB
MemFree:         1316484 kB
MemAvailable:    1514288 kB
Buffers:           31096 kB
Cached:           282404 kB
MemTotal:        1844596 kB
MemFree:         1316364 kB
MemAvailable:    1514168 kB
Buffers:           31096 kB
Cached:           282404 kB
MemTotal:        1844596 kB
MemFree:         1316492 kB
MemAvailable:    1514296 kB
Buffers:           31096 kB
Cached:           282404 kB
MemTotal:        1844596 kB
MemFree:         1316544 kB
MemAvailable:    1514348 kB
Buffers:           31096 kB
Cached:           282404 kB
MemTotal:        1844596 kB
MemFree:         1315048 kB
MemAvailable:    1512852 kB
Buffers:           31096 kB
Cached:           282404 kB
MemTotal:        1844596 kB
MemFree:         1318352 kB
MemAvailable:    1516156 kB
Buffers:           31096 kB
Cached:           282404 kB
MemTotal:        1844596 kB
MemFree:         1316856 kB
MemAvailable:    1514660 kB
Buffers:           31096 kB
Cached:           282404 kB
MemTotal:        1844596 kB
MemFree:         1317724 kB
MemAvailable:    1515780 kB
Buffers:           31096 kB
Cached:           282652 kB
MemTotal:        1844596 kB
MemFree:         1317808 kB
MemAvailable:    1515864 kB
Buffers:           31096 kB
Cached:           282652 kB
MemTotal:        1844596 kB
MemFree:         1316180 kB
MemAvailable:    1514404 kB
Buffers:           31096 kB
Cached:           282900 kB
MemTotal:        1844596 kB
MemFree:         1317412 kB
MemAvailable:    1515804 kB
Buffers:           31096 kB
Cached:           283024 kB
MemTotal:        1844596 kB
MemFree:         1316616 kB
MemAvailable:    1515008 kB
Buffers:           31096 kB
Cached:           283024 kB
MemTotal:        1844596 kB
MemFree:         1317240 kB
MemAvailable:    1515632 kB
Buffers:           31096 kB
Cached:           283024 kB
MemTotal:        1844596 kB
MemFree:         1317152 kB
MemAvailable:    1515544 kB
Buffers:           31096 kB
Cached:           283024 kB
MemTotal:        1844596 kB
MemFree:         1316368 kB
MemAvailable:    1514760 kB
Buffers:           31096 kB
Cached:           283024 kB
MemTotal:        1844596 kB
MemFree:         1317360 kB
MemAvailable:    1515820 kB
Buffers:           31096 kB
Cached:           283060 kB
MemTotal:        1844596 kB
MemFree:         1316112 kB
MemAvailable:    1514572 kB
Buffers:           31096 kB
Cached:           283060 kB
MemTotal:        1844596 kB
MemFree:         1316112 kB
MemAvailable:    1514572 kB
Buffers:           31096 kB
Cached:           283060 kB
MemTotal:        1844596 kB
MemFree:         1316956 kB
MemAvailable:    1515500 kB
Buffers:           31096 kB
Cached:           283184 kB
MemTotal:        1844596 kB
MemFree:         1316956 kB
MemAvailable:    1515500 kB
Buffers:           31096 kB
Cached:           283184 kB
MemTotal:        1844596 kB
MemFree:         1385420 kB
MemAvailable:    1583292 kB
Buffers:           31096 kB
Cached:           282428 kB
