MemTotal:        1844596 kB
MemFree:         1152660 kB
MemAvailable:    1560952 kB
Buffers:           58388 kB
Cached:           458800 kB
MemTotal:        1844596 kB
MemFree:         1125156 kB
MemAvailable:    1533456 kB
Buffers:           58392 kB
Cached:           458808 kB
MemTotal:        1844596 kB
MemFree:         1123232 kB
MemAvailable:    1531532 kB
Buffers:           58392 kB
Cached:           458808 kB
MemTotal:        1844596 kB
MemFree:         1123032 kB
MemAvailable:    1531332 kB
Buffers:           58392 kB
Cached:           458808 kB
MemTotal:        1844596 kB
MemFree:         1121560 kB
MemAvailable:    1529860 kB
Buffers:           58392 kB
Cached:           458808 kB
MemTotal:        1844596 kB
MemFree:         1120676 kB
MemAvailable:    1528976 kB
Buffers:           58392 kB
Cached:           458808 kB
MemTotal:        1844596 kB
MemFree:         1120444 kB
MemAvailable:    1528744 kB
Buffers:           58392 kB
Cached:           458808 kB
MemTotal:        1844596 kB
MemFree:         1117460 kB
MemAvailable:    1525760 kB
Buffers:           58392 kB
Cached:           458808 kB
MemTotal:        1844596 kB
MemFree:         1116592 kB
MemAvailable:    1524892 kB
Buffers:           58392 kB
Cached:           458808 kB
MemTotal:        1844596 kB
MemFree:         1113244 kB
MemAvailable:    1521544 kB
Buffers:           58392 kB
Cached:           458808 kB
MemTotal:        1844596 kB
MemFree:         1111724 kB
MemAvailable:    1520024 kB
Buffers:           58392 kB
Cached:           458808 kB
MemTotal:        1844596 kB
MemFree:         1111640 kB
MemAvailable:    1519940 kB
Buffers:           58392 kB
Cached:           458808 kB
MemTotal:        1844596 kB
MemFree:         1110604 kB
MemAvailable:    1518904 kB
Buffers:           58392 kB
Cached:           458808 kB
MemTotal:        1844596 kB
MemFree:         1111816 kB
MemAvailable:    1520116 kB
Buffers:           58392 kB
Cached:           458808 kB
MemTotal:        1844596 kB
MemFree:         1111740 kB
MemAvailable:    1520040 kB
Buffers:           58392 kB
Cached:           458808 kB
MemTotal:        1844596 kB
MemFree:         1111268 kB
MemAvailable:    1519568 kB
Buffers:           58392 kB
Cached:           458808 kB
MemTotal:        1844596 kB
MemFree:         1109516 kB
MemAvailable:    1517816 kB
Buffers:           58392 kB
Cached:           458808 kB
MemTotal:        1844596 kB
MemFree:         1108540 kB
MemAvailable:    1516840 kB
Buffers:           58392 kB
Cached:           458808 kB
MemTotal:        1844596 kB
MemFree:         1109304 kB
MemAvailable:    1517604 kB
Buffers:           58392 kB
Cached:           458808 kB
MemTotal:        1844596 kB
MemFree:         1107868 kB
MemAvailable:    1516168 kB
Buffers:           58392 kB
Cached:           458808 kB
MemTotal:        1844596 kB
MemFree:         1108980 kB
MemAvailable:    1517280 kB
Buffers:           58392 kB
Cached:           458808 kB
MemTotal:        1844596 kB
MemFree:         1108032 kB
MemAvailable:    1516332 kB
Buffers:           58392 kB
Cached:           458808 kB
MemTotal:        1844596 kB
MemFree:         1109132 kB
MemAvailable:    1517432 kB
Buffers:           58392 kB
Cached:           458808 kB
MemTotal:        1844596 kB
MemFree:         1108024 kB
MemAvailable:    1516324 kB
Buffers:           58392 kB
Cached:           458808 kB
MemTotal:        1844596 kB
MemFree:         1109332 kB
MemAvailable:    1517632 kB
Buffers:           58392 kB
Cached:           458808 kB
MemTotal:        1844596 kB
MemFree:         1107984 kB
MemAvailable:    1516284 kB
Buffers:           58392 kB
Cached:           458808 kB
MemTotal:        1844596 kB
MemFree:         1109276 kB
MemAvailable:    1517576 kB
Buffers:           58392 kB
Cached:           458808 kB
MemTotal:        1844596 kB
MemFree:         1110584 kB
MemAvailable:    1518884 kB
Buffers:           58392 kB
Cached:           458808 kB
MemTotal:        1844596 kB
MemFree:         1108848 kB
MemAvailable:    1517148 kB
Buffers:           58392 kB
Cached:           458808 kB
MemTotal:        1844596 kB
MemFree:         1105804 kB
MemAvailable:    1514104 kB
Buffers:           58392 kB
Cached:           458808 kB
MemTotal:        1844596 kB
MemFree:         1105688 kB
MemAvailable:    1513988 kB
Buffers:           58392 kB
Cached:           458808 kB
MemTotal:        1844596 kB
MemFree:         1106244 kB
MemAvailable:    1514544 kB
Buffers:           58392 kB
Cached:           458808 kB
MemTotal:        1844596 kB
MemFree:         1106112 kB
MemAvailable:    1514412 kB
Buffers:           58392 kB
Cached:           458808 kB
MemTotal:        1844596 kB
MemFree:         1105044 kB
MemAvailable:    1513344 kB
Buffers:           58392 kB
Cached:           458808 kB
MemTotal:        1844596 kB
MemFree:         1104812 kB
MemAvailable:    1513112 kB
Buffers:           58392 kB
Cached:           458808 kB
MemTotal:        1844596 kB
MemFree:         1103880 kB
MemAvailable:    1512180 kB
Buffers:           58392 kB
Cached:           458808 kB
MemTotal:        1844596 kB
MemFree:         1104004 kB
MemAvailable:    1512304 kB
Buffers:           58392 kB
Cached:           458808 kB
MemTotal:        1844596 kB
MemFree:         1104012 kB
MemAvailable:    1512312 kB
Buffers:           58392 kB
Cached:           458808 kB
MemTotal:        1844596 kB
MemFree:         1105212 kB
MemAvailable:    1513512 kB
Buffers:           58392 kB
Cached:           458808 kB
MemTotal:        1844596 kB
MemFree:         1105112 kB
MemAvailable:    1513412 kB
Buffers:           58392 kB
Cached:           458808 kB
MemTotal:        1844596 kB
MemFree:         1104572 kB
MemAvailable:    1512872 kB
Buffers:           58392 kB
Cached:           458808 kB
MemTotal:        1844596 kB
MemFree:         1104184 kB
MemAvailable:    1512484 kB
Buffers:           58392 kB
Cached:           458808 kB
MemTotal:        1844596 kB
MemFree:         1103704 kB
MemAvailable:    1512004 kB
Buffers:           58392 kB
Cached:           458808 kB
MemTotal:        1844596 kB
MemFree:         1102572 kB
MemAvailable:    1510872 kB
Buffers:           58392 kB
Cached:           458808 kB
MemTotal:        1844596 kB
MemFree:         1102696 kB
MemAvailable:    1510996 kB
Buffers:           58392 kB
Cached:           458808 kB
MemTotal:        1844596 kB
MemFree:         1102828 kB
MemAvailable:    1511128 kB
Buffers:           58392 kB
Cached:           458808 kB
MemTotal:        1844596 kB
MemFree:         1103928 kB
MemAvailable:    1512228 kB
Buffers:           58392 kB
Cached:           458808 kB
MemTotal:        1844596 kB
MemFree:         1103332 kB
MemAvailable:    1511632 kB
Buffers:           58392 kB
Cached:           458808 kB
MemTotal:        1844596 kB
MemFree:         1104124 kB
MemAvailable:    1512424 kB
Buffers:           58392 kB
Cached:           458808 kB
MemTotal:        1844596 kB
MemFree:         1103208 kB
MemAvailable:    1511508 kB
Buffers:           58392 kB
Cached:           458808 kB
MemTotal:        1844596 kB
MemFree:         1104012 kB
MemAvailable:    1512320 kB
Buffers:           58392 kB
Cached:           458812 kB
MemTotal:        1844596 kB
MemFree:         1102664 kB
MemAvailable:    1510972 kB
Buffers:           58392 kB
Cached:           458812 kB
MemTotal:        1844596 kB
MemFree:         1103964 kB
MemAvailable:    1512272 kB
Buffers:           58392 kB
Cached:           458812 kB
MemTotal:        1844596 kB
MemFree:         1103764 kB
MemAvailable:    1512072 kB
Buffers:           58392 kB
Cached:           458812 kB
MemTotal:        1844596 kB
MemFree:         1102268 kB
MemAvailable:    1510576 kB
Buffers:           58392 kB
Cached:           458812 kB
MemTotal:        1844596 kB
MemFree:         1102276 kB
MemAvailable:    1510584 kB
Buffers:           58392 kB
Cached:           458812 kB
MemTotal:        1844596 kB
MemFree:         1102276 kB
MemAvailable:    1510584 kB
Buffers:           58392 kB
Cached:           458812 kB
MemTotal:        1844596 kB
MemFree:         1102092 kB
MemAvailable:    1510400 kB
Buffers:           58392 kB
Cached:           458812 kB
MemTotal:        1844596 kB
MemFree:         1102084 kB
MemAvailable:    1510392 kB
Buffers:           58392 kB
Cached:           458812 kB
MemTotal:        1844596 kB
MemFree:         1102084 kB
MemAvailable:    1510392 kB
Buffers:           58392 kB
Cached:           458812 kB
MemTotal:        1844596 kB
MemFree:         1102092 kB
MemAvailable:    1510400 kB
Buffers:           58392 kB
Cached:           458812 kB
MemTotal:        1844596 kB
MemFree:         1103076 kB
MemAvailable:    1511384 kB
Buffers:           58392 kB
Cached:           458812 kB
MemTotal:        1844596 kB
MemFree:         1101788 kB
MemAvailable:    1510096 kB
Buffers:           58392 kB
Cached:           458812 kB
MemTotal:        1844596 kB
MemFree:         1103196 kB
MemAvailable:    1511504 kB
Buffers:           58392 kB
Cached:           458812 kB
MemTotal:        1844596 kB
MemFree:         1101696 kB
MemAvailable:    1510004 kB
Buffers:           58392 kB
Cached:           458812 kB
MemTotal:        1844596 kB
MemFree:         1101548 kB
MemAvailable:    1509856 kB
Buffers:           58392 kB
Cached:           458812 kB
MemTotal:        1844596 kB
MemFree:         1099860 kB
MemAvailable:    1508168 kB
Buffers:           58392 kB
Cached:           458812 kB
MemTotal:        1844596 kB
MemFree:         1098060 kB
MemAvailable:    1506368 kB
Buffers:           58392 kB
Cached:           458812 kB
MemTotal:        1844596 kB
MemFree:         1095844 kB
MemAvailable:    1504152 kB
Buffers:           58392 kB
Cached:           458812 kB
MemTotal:        1844596 kB
MemFree:         1095752 kB
MemAvailable:    1504060 kB
Buffers:           58392 kB
Cached:           458812 kB
MemTotal:        1844596 kB
MemFree:         1094024 kB
MemAvailable:    1502332 kB
Buffers:           58392 kB
Cached:           458812 kB
MemTotal:        1844596 kB
MemFree:         1095500 kB
MemAvailable:    1503808 kB
Buffers:           58392 kB
Cached:           458812 kB
MemTotal:        1844596 kB
MemFree:         1095200 kB
MemAvailable:    1503508 kB
Buffers:           58392 kB
Cached:           458812 kB
MemTotal:        1844596 kB
MemFree:         1094996 kB
MemAvailable:    1503304 kB
Buffers:           58392 kB
Cached:           458812 kB
MemTotal:        1844596 kB
MemFree:         1094404 kB
MemAvailable:    1502712 kB
Buffers:           58392 kB
Cached:           458812 kB
MemTotal:        1844596 kB
MemFree:         1095080 kB
MemAvailable:    1503388 kB
Buffers:           58392 kB
Cached:           458812 kB
MemTotal:        1844596 kB
MemFree:         1095332 kB
MemAvailable:    1503640 kB
Buffers:           58392 kB
Cached:           458812 kB
MemTotal:        1844596 kB
MemFree:         1093760 kB
MemAvailable:    1502068 kB
Buffers:           58392 kB
Cached:           458812 kB
MemTotal:        1844596 kB
MemFree:         1095120 kB
MemAvailable:    1503428 kB
Buffers:           58392 kB
Cached:           458812 kB
MemTotal:        1844596 kB
MemFree:         1095272 kB
MemAvailable:    1503580 kB
Buffers:           58392 kB
Cached:           458812 kB
MemTotal:        1844596 kB
MemFree:         1095136 kB
MemAvailable:    1503444 kB
Buffers:           58392 kB
Cached:           458812 kB
MemTotal:        1844596 kB
MemFree:         1093848 kB
MemAvailable:    1502156 kB
Buffers:           58392 kB
Cached:           458812 kB
MemTotal:        1844596 kB
MemFree:         1094884 kB
MemAvailable:    1503192 kB
Buffers:           58392 kB
Cached:           458812 kB
MemTotal:        1844596 kB
MemFree:         1094652 kB
MemAvailable:    1502960 kB
Buffers:           58392 kB
Cached:           458812 kB
MemTotal:        1844596 kB
MemFree:         1094128 kB
MemAvailable:    1502436 kB
Buffers:           58392 kB
Cached:           458812 kB
MemTotal:        1844596 kB
MemFree:         1094128 kB
MemAvailable:    1502436 kB
Buffers:           58392 kB
Cached:           458812 kB
MemTotal:        1844596 kB
MemFree:         1093828 kB
MemAvailable:    1502136 kB
Buffers:           58392 kB
Cached:           458812 kB
MemTotal:        1844596 kB
MemFree:         1093372 kB
MemAvailable:    1501680 kB
Buffers:           58392 kB
Cached:           458812 kB
MemTotal:        1844596 kB
MemFree:         1093456 kB
MemAvailable:    1501764 kB
Buffers:           58392 kB
Cached:           458812 kB
MemTotal:        1844596 kB
MemFree:         1092420 kB
MemAvailable:    1500728 kB
Buffers:           58392 kB
Cached:           458812 kB
MemTotal:        1844596 kB
MemFree:         1092248 kB
MemAvailable:    1500556 kB
Buffers:           58392 kB
Cached:           458812 kB
MemTotal:        1844596 kB
MemFree:         1092176 kB
MemAvailable:    1500484 kB
Buffers:           58392 kB
Cached:           458812 kB
MemTotal:        1844596 kB
MemFree:         1091536 kB
MemAvailable:    1499844 kB
Buffers:           58392 kB
Cached:           458812 kB
MemTotal:        1844596 kB
MemFree:         1090808 kB
MemAvailable:    1499116 kB
Buffers:           58392 kB
Cached:           458812 kB
MemTotal:        1844596 kB
MemFree:         1090252 kB
MemAvailable:    1498560 kB
Buffers:           58392 kB
Cached:           458812 kB
MemTotal:        1844596 kB
MemFree:         1090128 kB
MemAvailable:    1498436 kB
Buffers:           58392 kB
Cached:           458812 kB
MemTotal:        1844596 kB
MemFree:         1090032 kB
MemAvailable:    1498340 kB
Buffers:           58392 kB
Cached:           458812 kB
MemTotal:        1844596 kB
MemFree:         1091232 kB
MemAvailable:    1499540 kB
Buffers:           58392 kB
Cached:           458812 kB
MemTotal:        1844596 kB
MemFree:         1091348 kB
MemAvailable:    1499656 kB
Buffers:           58392 kB
Cached:           458812 kB
MemTotal:        1844596 kB
MemFree:         1091204 kB
MemAvailable:    1499512 kB
Buffers:           58392 kB
Cached:           458812 kB
MemTotal:        1844596 kB
MemFree:         1091208 kB
MemAvailable:    1499516 kB
Buffers:           58392 kB
Cached:           458812 kB
MemTotal:        1844596 kB
MemFree:         1091180 kB
MemAvailable:    1499488 kB
Buffers:           58392 kB
Cached:           458812 kB
MemTotal:        1844596 kB
MemFree:         1090792 kB
MemAvailable:    1499100 kB
Buffers:           58392 kB
Cached:           458812 kB
MemTotal:        1844596 kB
MemFree:         1089692 kB
MemAvailable:    1498000 kB
Buffers:           58392 kB
Cached:           458812 kB
MemTotal:        1844596 kB
MemFree:         1089428 kB
MemAvailable:    1497736 kB
Buffers:           58392 kB
Cached:           458812 kB
MemTotal:        1844596 kB
MemFree:         1086832 kB
MemAvailable:    1495140 kB
Buffers:           58392 kB
Cached:           458812 kB
MemTotal:        1844596 kB
MemFree:         1083228 kB
MemAvailable:    1491536 kB
Buffers:           58392 kB
Cached:           458812 kB
MemTotal:        1844596 kB
MemFree:         1081864 kB
MemAvailable:    1490172 kB
Buffers:           58392 kB
Cached:           458812 kB
MemTotal:        1844596 kB
MemFree:         1083212 kB
MemAvailable:    1491520 kB
Buffers:           58392 kB
Cached:           458812 kB
MemTotal:        1844596 kB
MemFree:         1083548 kB
MemAvailable:    1491856 kB
Buffers:           58392 kB
Cached:           458812 kB
MemTotal:        1844596 kB
MemFree:         1083340 kB
MemAvailable:    1491648 kB
Buffers:           58392 kB
Cached:           458812 kB
MemTotal:        1844596 kB
MemFree:         1083376 kB
MemAvailable:    1491684 kB
Buffers:           58392 kB
Cached:           458812 kB
MemTotal:        1844596 kB
MemFree:         1085228 kB
MemAvailable:    1493536 kB
Buffers:           58392 kB
Cached:           458812 kB
MemTotal:        1844596 kB
MemFree:         1084792 kB
MemAvailable:    1493184 kB
Buffers:           58392 kB
Cached:           458936 kB
MemTotal:        1844596 kB
MemFree:         1084848 kB
MemAvailable:    1493240 kB
Buffers:           58392 kB
Cached:           458936 kB
MemTotal:        1844596 kB
MemFree:         1084344 kB
MemAvailable:    1492988 kB
Buffers:           58392 kB
Cached:           459184 kB
MemTotal:        1844596 kB
MemFree:         1084236 kB
MemAvailable:    1492880 kB
Buffers:           58392 kB
Cached:           459184 kB
MemTotal:        1844596 kB
MemFree:         1084236 kB
MemAvailable:    1493048 kB
Buffers:           58392 kB
Cached:           459364 kB
MemTotal:        1844596 kB
MemFree:         1083120 kB
MemAvailable:    1492016 kB
Buffers:           58392 kB
Cached:           459488 kB
MemTotal:        1844596 kB
MemFree:         1083848 kB
MemAvailable:    1492744 kB
Buffers:           58392 kB
Cached:           459488 kB
MemTotal:        1844596 kB
MemFree:         1084184 kB
MemAvailable:    1493080 kB
Buffers:           58392 kB
Cached:           459488 kB
MemTotal:        1844596 kB
MemFree:         1083848 kB
MemAvailable:    1492744 kB
Buffers:           58392 kB
Cached:           459488 kB
MemTotal:        1844596 kB
MemFree:         1083932 kB
MemAvailable:    1492828 kB
Buffers:           58392 kB
Cached:           459488 kB
MemTotal:        1844596 kB
MemFree:         1082692 kB
MemAvailable:    1491588 kB
Buffers:           58392 kB
Cached:           459488 kB
MemTotal:        1844596 kB
MemFree:         1083960 kB
MemAvailable:    1492856 kB
Buffers:           58392 kB
Cached:           459488 kB
MemTotal:        1844596 kB
MemFree:         1084212 kB
MemAvailable:    1493108 kB
Buffers:           58392 kB
Cached:           459488 kB
MemTotal:        1844596 kB
MemFree:         1083800 kB
MemAvailable:    1492864 kB
Buffers:           58392 kB
Cached:           459612 kB
MemTotal:        1844596 kB
MemFree:         1084052 kB
MemAvailable:    1493116 kB
Buffers:           58392 kB
Cached:           459612 kB
MemTotal:        1844596 kB
MemFree:         1130096 kB
MemAvailable:    1538572 kB
Buffers:           58392 kB
Cached:           458772 kB
