MemTotal:        1844596 kB
MemFree:         1314004 kB
MemAvailable:    1574156 kB
Buffers:           40272 kB
Cached:           340140 kB
MemTotal:        1844596 kB
MemFree:         1286640 kB
MemAvailable:    1546800 kB
Buffers:           40272 kB
Cached:           340144 kB
MemTotal:        1844596 kB
MemFree:         1285392 kB
MemAvailable:    1545552 kB
Buffers:           40272 kB
Cached:           340144 kB
MemTotal:        1844596 kB
MemFree:         1283788 kB
MemAvailable:    1543948 kB
Buffers:           40272 kB
Cached:           340144 kB
MemTotal:        1844596 kB
MemFree:         1283352 kB
MemAvailable:    1543512 kB
Buffers:           40272 kB
Cached:           340144 kB
MemTotal:        1844596 kB
MemFree:         1282300 kB
MemAvailable:    1542460 kB
Buffers:           40272 kB
Cached:           340144 kB
MemTotal:        1844596 kB
MemFree:         1280548 kB
MemAvailable:    1540708 kB
Buffers:           40272 kB
Cached:           340144 kB
MemTotal:        1844596 kB
MemFree:         1280068 kB
MemAvailable:    1540228 kB
Buffers:           40272 kB
Cached:           340144 kB
MemTotal:        1844596 kB
MemFree:         1276844 kB
MemAvailable:    1537004 kB
Buffers:           40272 kB
Cached:           340144 kB
MemTotal:        1844596 kB
MemFree:         1273000 kB
MemAvailable:    1533160 kB
Buffers:           40272 kB
Cached:           340144 kB
MemTotal:        1844596 kB
MemFree:         1271808 kB
MemAvailable:    1531968 kB
Buffers:           40272 kB
Cached:           340144 kB
MemTotal:        1844596 kB
MemFree:         1271876 kB
MemAvailable:    1532036 kB
Buffers:           40272 kB
Cached:           340144 kB
MemTotal:        1844596 kB
MemFree:         1273240 kB
MemAvailable:    1533400 kB
Buffers:           40272 kB
Cached:           340144 kB
MemTotal:        1844596 kB
MemFree:         1273256 kB
MemAvailable:    1533416 kB
Buffers:           40272 kB
Cached:           340144 kB
MemTotal:        1844596 kB
MemFree:         1273116 kB
MemAvailable:    1533276 kB
Buffers:           40272 kB
Cached:           340144 kB
MemTotal:        1844596 kB
MemFree:         1273044 kB
MemAvailable:    1533204 kB
Buffers:           40272 kB
Cached:           340144 kB
MemTotal:        1844596 kB
MemFree:         1271140 kB
MemAvailable:    1531300 kB
Buffers:           40272 kB
Cached:           340144 kB
MemTotal:        1844596 kB
MemFree:         1271008 kB
MemAvailable:    1531168 kB
Buffers:           40272 kB
Cached:           340144 kB
MemTotal:        1844596 kB
MemFree:         1271260 kB
MemAvailable:    1531420 kB
Buffers:           40272 kB
Cached:           340144 kB
MemTotal:        1844596 kB
MemFree:         1271004 kB
MemAvailable:    1531164 kB
Buffers:           40272 kB
Cached:           340144 kB
MemTotal:        1844596 kB
MemFree:         1270916 kB
MemAvailable:    1531076 kB
Buffers:           40272 kB
Cached:           340144 kB
MemTotal:        1844596 kB
MemFree:         1269716 kB
MemAvailable:    1529876 kB
Buffers:           40272 kB
Cached:           340144 kB
MemTotal:        1844596 kB
MemFree:         1269584 kB
MemAvailable:    1529744 kB
Buffers:           40272 kB
Cached:           340144 kB
MemTotal:        1844596 kB
MemFree:         1269708 kB
MemAvailable:    1529868 kB
Buffers:           40272 kB
Cached:           340144 kB
MemTotal:        1844596 kB
MemFree:         1269452 kB
MemAvailable:    1529612 kB
Buffers:           40272 kB
Cached:           340144 kB
MemTotal:        1844596 kB
MemFree:         1270936 kB
MemAvailable:    1531096 kB
Buffers:           40272 kB
Cached:           340144 kB
MemTotal:        1844596 kB
MemFree:         1272312 kB
MemAvailable:    1532472 kB
Buffers:           40272 kB
Cached:           340144 kB
MemTotal:        1844596 kB
MemFree:         1270396 kB
MemAvailable:    1530556 kB
Buffers:           40272 kB
Cached:           340144 kB
MemTotal:        1844596 kB
MemFree:         1268784 kB
MemAvailable:    1528944 kB
Buffers:           40272 kB
Cached:           340144 kB
MemTotal:        1844596 kB
MemFree:         1268784 kB
MemAvailable:    1528944 kB
Buffers:           40272 kB
Cached:           340144 kB
MemTotal:        1844596 kB
MemFree:         1266544 kB
MemAvailable:    1526704 kB
Buffers:           40272 kB
Cached:           340144 kB
MemTotal:        1844596 kB
MemFree:         1266552 kB
MemAvailable:    1526712 kB
Buffers:           40272 kB
Cached:           340144 kB
MemTotal:        1844596 kB
MemFree:         1265808 kB
MemAvailable:    1525968 kB
Buffers:           40272 kB
Cached:           340144 kB
MemTotal:        1844596 kB
MemFree:         1265684 kB
MemAvailable:    1525844 kB
Buffers:           40272 kB
Cached:           340144 kB
MemTotal:        1844596 kB
MemFree:         1265552 kB
MemAvailable:    1525712 kB
Buffers:           40272 kB
Cached:           340144 kB
MemTotal:        1844596 kB
MemFree:         1266860 kB
MemAvailable:    1527020 kB
Buffers:           40272 kB
Cached:           340144 kB
MemTotal:        1844596 kB
MemFree:         1266860 kB
MemAvailable:    1527020 kB
Buffers:           40272 kB
Cached:           340144 kB
MemTotal:        1844596 kB
MemFree:         1265684 kB
MemAvailable:    1525848 kB
Buffers:           40272 kB
Cached:           340148 kB
MemTotal:        1844596 kB
MemFree:         1265048 kB
MemAvailable:    1525212 kB
Buffers:           40272 kB
Cached:           340148 kB
MemTotal:        1844596 kB
MemFree:         1265792 kB
MemAvailable:    1525956 kB
Buffers:           40272 kB
Cached:           340148 kB
MemTotal:        1844596 kB
MemFree:         1265684 kB
MemAvailable:    1525848 kB
Buffers:           40272 kB
Cached:           340148 kB
MemTotal:        1844596 kB
MemFree:         1264444 kB
MemAvailable:    1524608 kB
Buffers:           40272 kB
Cached:           340148 kB
MemTotal:        1844596 kB
MemFree:         1265612 kB
MemAvailable:    1525776 kB
Buffers:           40272 kB
Cached:           340148 kB
MemTotal:        1844596 kB
MemFree:         1265668 kB
MemAvailable:    1525832 kB
Buffers:           40272 kB
Cached:           340148 kB
MemTotal:        1844596 kB
MemFree:         1265752 kB
MemAvailable:    1525916 kB
Buffers:           40272 kB
Cached:           340148 kB
MemTotal:        1844596 kB
MemFree:         1265724 kB
MemAvailable:    1525888 kB
Buffers:           40272 kB
Cached:           340148 kB
MemTotal:        1844596 kB
MemFree:         1265744 kB
MemAvailable:    1525908 kB
Buffers:           40272 kB
Cached:           340148 kB
MemTotal:        1844596 kB
MemFree:         1264816 kB
MemAvailable:    1524980 kB
Buffers:           40272 kB
Cached:           340148 kB
MemTotal:        1844596 kB
MemFree:         1265732 kB
MemAvailable:    1525896 kB
Buffers:           40272 kB
Cached:           340148 kB
MemTotal:        1844596 kB
MemFree:         1264300 kB
MemAvailable:    1524464 kB
Buffers:           40272 kB
Cached:           340148 kB
MemTotal:        1844596 kB
MemFree:         1264424 kB
MemAvailable:    1524588 kB
Buffers:           40272 kB
Cached:           340148 kB
MemTotal:        1844596 kB
MemFree:         1264444 kB
MemAvailable:    1524608 kB
Buffers:           40272 kB
Cached:           340148 kB
MemTotal:        1844596 kB
MemFree:         1264064 kB
MemAvailable:    1524228 kB
Buffers:           40272 kB
Cached:           340148 kB
MemTotal:        1844596 kB
MemFree:         1263932 kB
MemAvailable:    1524096 kB
Buffers:           40272 kB
Cached:           340148 kB
MemTotal:        1844596 kB
MemFree:         1265124 kB
MemAvailable:    1525288 kB
Buffers:           40272 kB
Cached:           340148 kB
MemTotal:        1844596 kB
MemFree:         1263436 kB
MemAvailable:    1523600 kB
Buffers:           40272 kB
Cached:           340148 kB
MemTotal:        1844596 kB
MemFree:         1264752 kB
MemAvailable:    1524916 kB
Buffers:           40272 kB
Cached:           340148 kB
MemTotal:        1844596 kB
MemFree:         1264196 kB
MemAvailable:    1524360 kB
Buffers:           40272 kB
Cached:           340148 kB
MemTotal:        1844596 kB
MemFree:         1264760 kB
MemAvailable:    1524924 kB
Buffers:           40272 kB
Cached:           340148 kB
MemTotal:        1844596 kB
MemFree:         1263388 kB
MemAvailable:    1523552 kB
Buffers:           40272 kB
Cached:           340148 kB
MemTotal:        1844596 kB
MemFree:         1264732 kB
MemAvailable:    1524896 kB
Buffers:           40272 kB
Cached:           340148 kB
MemTotal:        1844596 kB
MemFree:         1264852 kB
MemAvailable:    1525016 kB
Buffers:           40272 kB
Cached:           340148 kB
MemTotal:        1844596 kB
MemFree:         1264904 kB
MemAvailable:    1525068 kB
Buffers:           40272 kB
Cached:           340148 kB
MemTotal:        1844596 kB
MemFree:         1263272 kB
MemAvailable:    1523436 kB
Buffers:           40272 kB
Cached:           340148 kB
MemTotal:        1844596 kB
MemFree:         1263064 kB
MemAvailable:    1523228 kB
Buffers:           40272 kB
Cached:           340148 kB
MemTotal:        1844596 kB
MemFree:         1263064 kB
MemAvailable:    1523228 kB
Buffers:           40272 kB
Cached:           340148 kB
MemTotal:        1844596 kB
MemFree:         1258732 kB
MemAvailable:    1518896 kB
Buffers:           40272 kB
Cached:           340148 kB
MemTotal:        1844596 kB
MemFree:         1256004 kB
MemAvailable:    1516168 kB
Buffers:           40272 kB
Cached:           340148 kB
MemTotal:        1844596 kB
MemFree:         1256864 kB
MemAvailable:    1517028 kB
Buffers:           40272 kB
Cached:           340148 kB
MemTotal:        1844596 kB
MemFree:         1256384 kB
MemAvailable:    1516548 kB
Buffers:           40272 kB
Cached:           340148 kB
MemTotal:        1844596 kB
MemFree:         1256928 kB
MemAvailable:    1517092 kB
Buffers:           40272 kB
Cached:           340148 kB
MemTotal:        1844596 kB
MemFree:         1256696 kB
MemAvailable:    1516860 kB
Buffers:           40272 kB
Cached:           340148 kB
MemTotal:        1844596 kB
MemFree:         1255576 kB
MemAvailable:    1515740 kB
Buffers:           40272 kB
Cached:           340148 kB
MemTotal:        1844596 kB
MemFree:         1256728 kB
MemAvailable:    1516892 kB
Buffers:           40272 kB
Cached:           340148 kB
MemTotal:        1844596 kB
MemFree:         1256928 kB
MemAvailable:    1517092 kB
Buffers:           40272 kB
Cached:           340148 kB
MemTotal:        1844596 kB
MemFree:         1256784 kB
MemAvailable:    1516948 kB
Buffers:           40272 kB
Cached:           340148 kB
MemTotal:        1844596 kB
MemFree:         1255344 kB
MemAvailable:    1515508 kB
Buffers:           40272 kB
Cached:           340148 kB
MemTotal:        1844596 kB
MemFree:         1256624 kB
MemAvailable:    1516788 kB
Buffers:           40272 kB
Cached:           340148 kB
MemTotal:        1844596 kB
MemFree:         1256880 kB
MemAvailable:    1517044 kB
Buffers:           40272 kB
Cached:           340148 kB
MemTotal:        1844596 kB
MemFree:         1255508 kB
MemAvailable:    1515672 kB
Buffers:           40272 kB
Cached:           340148 kB
MemTotal:        1844596 kB
MemFree:         1255468 kB
MemAvailable:    1515632 kB
Buffers:           40272 kB
Cached:           340148 kB
MemTotal:        1844596 kB
MemFree:         1256936 kB
MemAvailable:    1517100 kB
Buffers:           40272 kB
Cached:           340148 kB
MemTotal:        1844596 kB
MemFree:         1256444 kB
MemAvailable:    1516608 kB
Buffers:           40272 kB
Cached:           340148 kB
MemTotal:        1844596 kB
MemFree:         1255144 kB
MemAvailable:    1515308 kB
Buffers:           40272 kB
Cached:           340148 kB
MemTotal:        1844596 kB
MemFree:         1254640 kB
MemAvailable:    1514804 kB
Buffers:           40272 kB
Cached:           340148 kB
MemTotal:        1844596 kB
MemFree:         1255268 kB
MemAvailable:    1515432 kB
Buffers:           40272 kB
Cached:           340148 kB
MemTotal:        1844596 kB
MemFree:         1254028 kB
MemAvailable:    1514192 kB
Buffers:           40272 kB
Cached:           340148 kB
MemTotal:        1844596 kB
MemFree:         1254756 kB
MemAvailable:    1514924 kB
Buffers:           40272 kB
Cached:           340152 kB
MemTotal:        1844596 kB
MemFree:         1254028 kB
MemAvailable:    1514196 kB
Buffers:           40272 kB
Cached:           340152 kB
MemTotal:        1844596 kB
MemFree:         1254088 kB
MemAvailable:    1514256 kB
Buffers:           40272 kB
Cached:           340152 kB
MemTotal:        1844596 kB
MemFree:         1252352 kB
MemAvailable:    1512520 kB
Buffers:           40272 kB
Cached:           340152 kB
MemTotal:        1844596 kB
MemFree:         1253408 kB
MemAvailable:    1513576 kB
Buffers:           40272 kB
Cached:           340152 kB
MemTotal:        1844596 kB
MemFree:         1253136 kB
MemAvailable:    1513304 kB
Buffers:           40272 kB
Cached:           340152 kB
MemTotal:        1844596 kB
MemFree:         1252284 kB
MemAvailable:    1512452 kB
Buffers:           40272 kB
Cached:           340152 kB
MemTotal:        1844596 kB
MemFree:         1251768 kB
MemAvailable:    1511936 kB
Buffers:           40272 kB
Cached:           340152 kB
MemTotal:        1844596 kB
MemFree:         1252884 kB
MemAvailable:    1513052 kB
Buffers:           40272 kB
Cached:           340152 kB
MemTotal:        1844596 kB
MemFree:         1251768 kB
MemAvailable:    1511936 kB
Buffers:           40272 kB
Cached:           340152 kB
MemTotal:        1844596 kB
MemFree:         1252828 kB
MemAvailable:    1512996 kB
Buffers:           40272 kB
Cached:           340152 kB
MemTotal:        1844596 kB
MemFree:         1252996 kB
MemAvailable:    1513164 kB
Buffers:           40272 kB
Cached:           340152 kB
MemTotal:        1844596 kB
MemFree:         1252728 kB
MemAvailable:    1512896 kB
Buffers:           40272 kB
Cached:           340152 kB
MemTotal:        1844596 kB
MemFree:         1252980 kB
MemAvailable:    1513148 kB
Buffers:           40272 kB
Cached:           340152 kB
MemTotal:        1844596 kB
MemFree:         1253036 kB
MemAvailable:    1513204 kB
Buffers:           40272 kB
Cached:           340152 kB
MemTotal:        1844596 kB
MemFree:         1253004 kB
MemAvailable:    1513172 kB
Buffers:           40272 kB
Cached:           340152 kB
MemTotal:        1844596 kB
MemFree:         1252592 kB
MemAvailable:    1512760 kB
Buffers:           40272 kB
Cached:           340152 kB
MemTotal:        1844596 kB
MemFree:         1251292 kB
MemAvailable:    1511460 kB
Buffers:           40272 kB
Cached:           340152 kB
MemTotal:        1844596 kB
MemFree:         1244952 kB
MemAvailable:    1505124 kB
Buffers:           40272 kB
Cached:           340156 kB
MemTotal:        1844596 kB
MemFree:         1245288 kB
MemAvailable:    1505460 kB
Buffers:           40272 kB
Cached:           340156 kB
MemTotal:        1844596 kB
MemFree:         1243720 kB
MemAvailable:    1503892 kB
Buffers:           40272 kB
Cached:           340156 kB
MemTotal:        1844596 kB
MemFree:         1245296 kB
MemAvailable:    1505468 kB
Buffers:           40272 kB
Cached:           340156 kB
MemTotal:        1844596 kB
MemFree:         1243720 kB
MemAvailable:    1503892 kB
Buffers:           40272 kB
Cached:           340156 kB
MemTotal:        1844596 kB
MemFree:         1243720 kB
MemAvailable:    1503892 kB
Buffers:           40272 kB
Cached:           340156 kB
MemTotal:        1844596 kB
MemFree:         1246880 kB
MemAvailable:    1507052 kB
Buffers:           40272 kB
Cached:           340156 kB
MemTotal:        1844596 kB
MemFree:         1246632 kB
MemAvailable:    1506804 kB
Buffers:           40272 kB
Cached:           340156 kB
MemTotal:        1844596 kB
MemFree:         1246308 kB
MemAvailable:    1506648 kB
Buffers:           40272 kB
Cached:           340280 kB
MemTotal:        1844596 kB
MemFree:         1246392 kB
MemAvailable:    1506732 kB
Buffers:           40272 kB
Cached:           340280 kB
MemTotal:        1844596 kB
MemFree:         1244920 kB
MemAvailable:    1505344 kB
Buffers:           40272 kB
Cached:           340404 kB
MemTotal:        1844596 kB
MemFree:         1246220 kB
MemAvailable:    1506812 kB
Buffers:           40272 kB
Cached:           340528 kB
MemTotal:        1844596 kB
MemFree:         1245964 kB
MemAvailable:    1506640 kB
Buffers:           40272 kB
Cached:           340652 kB
MemTotal:        1844596 kB
MemFree:         1245100 kB
MemAvailable:    1505860 kB
Buffers:           40272 kB
Cached:           340652 kB
MemTotal:        1844596 kB
MemFree:         1244424 kB
MemAvailable:    1505184 kB
Buffers:           40272 kB
Cached:           340776 kB
MemTotal:        1844596 kB
MemFree:         1245892 kB
MemAvailable:    1506736 kB
Buffers:           40272 kB
Cached:           340776 kB
MemTotal:        1844596 kB
MemFree:         1245524 kB
MemAvailable:    1506368 kB
Buffers:           40272 kB
Cached:           340776 kB
MemTotal:        1844596 kB
MemFree:         1245780 kB
MemAvailable:    1506624 kB
Buffers:           40272 kB
Cached:           340776 kB
MemTotal:        1844596 kB
MemFree:         1244596 kB
MemAvailable:    1505440 kB
Buffers:           40272 kB
Cached:           340776 kB
MemTotal:        1844596 kB
MemFree:         1245968 kB
MemAvailable:    1506812 kB
Buffers:           40272 kB
Cached:           340776 kB
MemTotal:        1844596 kB
MemFree:         1245836 kB
MemAvailable:    1506680 kB
Buffers:           40272 kB
Cached:           340776 kB
MemTotal:        1844596 kB
MemFree:         1246176 kB
MemAvailable:    1506432 kB
Buffers:           40272 kB
Cached:           340144 kB
MemTotal:        1844596 kB
MemFree:         1246564 kB
MemAvailable:    1506820 kB
Buffers:           40272 kB
Cached:           340144 kB
