MemTotal:        1844596 kB
MemFree:         1186656 kB
MemAvailable:    1562536 kB
Buffers:           54968 kB
Cached:           432336 kB
MemTotal:        1844596 kB
MemFree:         1159524 kB
MemAvailable:    1535412 kB
Buffers:           54968 kB
Cached:           432340 kB
MemTotal:        1844596 kB
MemFree:         1157780 kB
MemAvailable:    1533668 kB
Buffers:           54968 kB
Cached:           432340 kB
MemTotal:        1844596 kB
MemFree:         1157120 kB
MemAvailable:    1533008 kB
Buffers:           54968 kB
Cached:           432340 kB
MemTotal:        1844596 kB
MemFree:         1155680 kB
MemAvailable:    1531568 kB
Buffers:           54968 kB
Cached:           432340 kB
MemTotal:        1844596 kB
MemFree:         1154184 kB
MemAvailable:    1530072 kB
Buffers:           54968 kB
Cached:           432340 kB
MemTotal:        1844596 kB
MemFree:         1153076 kB
MemAvailable:    1528964 kB
Buffers:           54968 kB
Cached:           432340 kB
MemTotal:        1844596 kB
MemFree:         1150844 kB
MemAvailable:    1526732 kB
Buffers:           54968 kB
Cached:           432340 kB
MemTotal:        1844596 kB
MemFree:         1146124 kB
MemAvailable:    1522012 kB
Buffers:           54968 kB
Cached:           432340 kB
MemTotal:        1844596 kB
MemFree:         1145984 kB
MemAvailable:    1521872 kB
Buffers:           54968 kB
Cached:           432340 kB
MemTotal:        1844596 kB
MemFree:         1145696 kB
MemAvailable:    1521584 kB
Buffers:           54968 kB
Cached:           432340 kB
MemTotal:        1844596 kB
MemFree:         1144512 kB
MemAvailable:    1520400 kB
Buffers:           54968 kB
Cached:           432340 kB
MemTotal:        1844596 kB
MemFree:         1144348 kB
MemAvailable:    1520236 kB
Buffers:           54968 kB
Cached:           432340 kB
MemTotal:        1844596 kB
MemFree:         1144216 kB
MemAvailable:    1520104 kB
Buffers:           54968 kB
Cached:           432340 kB
MemTotal:        1844596 kB
MemFree:         1144076 kB
MemAvailable:    1519964 kB
Buffers:           54968 kB
Cached:           432340 kB
MemTotal:        1844596 kB
MemFree:         1144512 kB
MemAvailable:    1520400 kB
Buffers:           54968 kB
Cached:           432340 kB
MemTotal:        1844596 kB
MemFree:         1143464 kB
MemAvailable:    1519352 kB
Buffers:           54968 kB
Cached:           432340 kB
MemTotal:        1844596 kB
MemFree:         1143352 kB
MemAvailable:    1519240 kB
Buffers:           54968 kB
Cached:           432340 kB
MemTotal:        1844596 kB
MemFree:         1143380 kB
MemAvailable:    1519268 kB
Buffers:           54968 kB
Cached:           432340 kB
MemTotal:        1844596 kB
MemFree:         1141884 kB
MemAvailable:    1517772 kB
Buffers:           54968 kB
Cached:           432340 kB
MemTotal:        1844596 kB
MemFree:         1143216 kB
MemAvailable:    1519104 kB
Buffers:           54968 kB
Cached:           432340 kB
MemTotal:        1844596 kB
MemFree:         1143084 kB
MemAvailable:    1518972 kB
Buffers:           54968 kB
Cached:           432340 kB
MemTotal:        1844596 kB
MemFree:         1144572 kB
MemAvailable:    1520460 kB
Buffers:           54968 kB
Cached:           432340 kB
MemTotal:        1844596 kB
MemFree:         1143224 kB
MemAvailable:    1519112 kB
Buffers:           54968 kB
Cached:           432340 kB
MemTotal:        1844596 kB
MemFree:         1142652 kB
MemAvailable:    1518540 kB
Buffers:           54968 kB
Cached:           432340 kB
MemTotal:        1844596 kB
MemFree:         1140552 kB
MemAvailable:    1516440 kB
Buffers:           54968 kB
Cached:           432340 kB
MemTotal:        1844596 kB
MemFree:         1140976 kB
MemAvailable:    1516864 kB
Buffers:           54968 kB
Cached:           432340 kB
MemTotal:        1844596 kB
MemFree:         1140784 kB
MemAvailable:    1516672 kB
Buffers:           54968 kB
Cached:           432340 kB
MemTotal:        1844596 kB
MemFree:         1138816 kB
MemAvailable:    1514704 kB
Buffers:           54968 kB
Cached:           432340 kB
MemTotal:        1844596 kB
MemFree:         1139240 kB
MemAvailable:    1515128 kB
Buffers:           54968 kB
Cached:           432340 kB
MemTotal:        1844596 kB
MemFree:         1139116 kB
MemAvailable:    1515004 kB
Buffers:           54968 kB
Cached:           432340 kB
MemTotal:        1844596 kB
MemFree:         1139112 kB
MemAvailable:    1515000 kB
Buffers:           54968 kB
Cached:           432340 kB
MemTotal:        1844596 kB
MemFree:         1137760 kB
MemAvailable:    1513648 kB
Buffers:           54968 kB
Cached:           432340 kB
MemTotal:        1844596 kB
MemFree:         1139120 kB
MemAvailable:    1515008 kB
Buffers:           54968 kB
Cached:           432340 kB
MemTotal:        1844596 kB
MemFree:         1139028 kB
MemAvailable:    1514916 kB
Buffers:           54968 kB
Cached:           432340 kB
MemTotal:        1844596 kB
MemFree:         1137444 kB
MemAvailable:    1513332 kB
Buffers:           54968 kB
Cached:           432340 kB
MemTotal:        1844596 kB
MemFree:         1138628 kB
MemAvailable:    1514516 kB
Buffers:           54968 kB
Cached:           432340 kB
MemTotal:        1844596 kB
MemFree:         1137204 kB
MemAvailable:    1513092 kB
Buffers:           54968 kB
Cached:           432340 kB
MemTotal:        1844596 kB
MemFree:         1136824 kB
MemAvailable:    1512712 kB
Buffers:           54968 kB
Cached:           432340 kB
MemTotal:        1844596 kB
MemFree:         1136808 kB
MemAvailable:    1512696 kB
Buffers:           54968 kB
Cached:           432340 kB
MemTotal:        1844596 kB
MemFree:         1138048 kB
MemAvailable:    1513936 kB
Buffers:           54968 kB
Cached:           432340 kB
MemTotal:        1844596 kB
MemFree:         1138060 kB
MemAvailable:    1513948 kB
Buffers:           54968 kB
Cached:           432340 kB
MemTotal:        1844596 kB
MemFree:         1138056 kB
MemAvailable:    1513944 kB
Buffers:           54968 kB
Cached:           432340 kB
MemTotal:        1844596 kB
MemFree:         1136792 kB
MemAvailable:    1512680 kB
Buffers:           54968 kB
Cached:           432340 kB
MemTotal:        1844596 kB
MemFree:         1137976 kB
MemAvailable:    1513864 kB
Buffers:           54968 kB
Cached:           432340 kB
MemTotal:        1844596 kB
MemFree:         1137824 kB
MemAvailable:    1513712 kB
Buffers:           54968 kB
Cached:           432340 kB
MemTotal:        1844596 kB
MemFree:         1138120 kB
MemAvailable:    1514008 kB
Buffers:           54968 kB
Cached:           432340 kB
MemTotal:        1844596 kB
MemFree:         1136772 kB
MemAvailable:    1512660 kB
Buffers:           54968 kB
Cached:           432340 kB
MemTotal:        1844596 kB
MemFree:         1136880 kB
MemAvailable:    1512768 kB
Buffers:           54968 kB
Cached:           432340 kB
MemTotal:        1844596 kB
MemFree:         1136764 kB
MemAvailable:    1512652 kB
Buffers:           54968 kB
Cached:           432340 kB
MemTotal:        1844596 kB
MemFree:         1136328 kB
MemAvailable:    1512216 kB
Buffers:           54968 kB
Cached:           432340 kB
MemTotal:        1844596 kB
MemFree:         1136452 kB
MemAvailable:    1512340 kB
Buffers:           54968 kB
Cached:           432340 kB
MemTotal:        1844596 kB
MemFree:         1136336 kB
MemAvailable:    1512224 kB
Buffers:           54968 kB
Cached:           432340 kB
MemTotal:        1844596 kB
MemFree:         1137320 kB
MemAvailable:    1513208 kB
Buffers:           54968 kB
Cached:           432340 kB
MemTotal:        1844596 kB
MemFree:         1136196 kB
MemAvailable:    1512084 kB
Buffers:           54968 kB
Cached:           432340 kB
MemTotal:        1844596 kB
MemFree:         1135940 kB
MemAvailable:    1511828 kB
Buffers:           54968 kB
Cached:           432340 kB
MemTotal:        1844596 kB
MemFree:         1135832 kB
MemAvailable:    1511724 kB
Buffers:           54968 kB
Cached:           432344 kB
MemTotal:        1844596 kB
MemFree:         1137156 kB
MemAvailable:    1513048 kB
Buffers:           54968 kB
Cached:           432344 kB
MemTotal:        1844596 kB
MemFree:         1136888 kB
MemAvailable:    1512780 kB
Buffers:           54968 kB
Cached:           432344 kB
MemTotal:        1844596 kB
MemFree:         1136404 kB
MemAvailable:    1512296 kB
Buffers:           54968 kB
Cached:           432344 kB
MemTotal:        1844596 kB
MemFree:         1135468 kB
MemAvailable:    1511364 kB
Buffers:           54968 kB
Cached:           432348 kB
MemTotal:        1844596 kB
MemFree:         1133360 kB
MemAvailable:    1509256 kB
Buffers:           54968 kB
Cached:           432348 kB
MemTotal:        1844596 kB
MemFree:         1131500 kB
MemAvailable:    1507396 kB
Buffers:           54968 kB
Cached:           432348 kB
MemTotal:        1844596 kB
MemFree:         1129700 kB
MemAvailable:    1505596 kB
Buffers:           54968 kB
Cached:           432348 kB
MemTotal:        1844596 kB
MemFree:         1129336 kB
MemAvailable:    1505232 kB
Buffers:           54968 kB
Cached:           432348 kB
MemTotal:        1844596 kB
MemFree:         1128080 kB
MemAvailable:    1503976 kB
Buffers:           54968 kB
Cached:           432348 kB
MemTotal:        1844596 kB
MemFree:         1129444 kB
MemAvailable:    1505340 kB
Buffers:           54968 kB
Cached:           432348 kB
MemTotal:        1844596 kB
MemFree:         1129528 kB
MemAvailable:    1505424 kB
Buffers:           54968 kB
Cached:           432348 kB
MemTotal:        1844596 kB
MemFree:         1128824 kB
MemAvailable:    1504720 kB
Buffers:           54968 kB
Cached:           432348 kB
MemTotal:        1844596 kB
MemFree:         1127816 kB
MemAvailable:    1503712 kB
Buffers:           54968 kB
Cached:           432348 kB
MemTotal:        1844596 kB
MemFree:         1129124 kB
MemAvailable:    1505020 kB
Buffers:           54968 kB
Cached:           432348 kB
MemTotal:        1844596 kB
MemFree:         1129268 kB
MemAvailable:    1505164 kB
Buffers:           54968 kB
Cached:           432348 kB
MemTotal:        1844596 kB
MemFree:         1129164 kB
MemAvailable:    1505060 kB
Buffers:           54968 kB
Cached:           432348 kB
MemTotal:        1844596 kB
MemFree:         1127896 kB
MemAvailable:    1503792 kB
Buffers:           54968 kB
Cached:           432348 kB
MemTotal:        1844596 kB
MemFree:         1129196 kB
MemAvailable:    1505092 kB
Buffers:           54968 kB
Cached:           432348 kB
MemTotal:        1844596 kB
MemFree:         1128276 kB
MemAvailable:    1504172 kB
Buffers:           54968 kB
Cached:           432348 kB
MemTotal:        1844596 kB
MemFree:         1129104 kB
MemAvailable:    1505000 kB
Buffers:           54968 kB
Cached:           432348 kB
MemTotal:        1844596 kB
MemFree:         1127980 kB
MemAvailable:    1503876 kB
Buffers:           54968 kB
Cached:           432348 kB
MemTotal:        1844596 kB
MemFree:         1127408 kB
MemAvailable:    1503304 kB
Buffers:           54968 kB
Cached:           432348 kB
MemTotal:        1844596 kB
MemFree:         1127160 kB
MemAvailable:    1503056 kB
Buffers:           54968 kB
Cached:           432348 kB
MemTotal:        1844596 kB
MemFree:         1126532 kB
MemAvailable:    1502428 kB
Buffers:           54968 kB
Cached:           432348 kB
MemTotal:        1844596 kB
MemFree:         1127648 kB
MemAvailable:    1503544 kB
Buffers:           54968 kB
Cached:           432348 kB
MemTotal:        1844596 kB
MemFree:         1126656 kB
MemAvailable:    1502552 kB
Buffers:           54968 kB
Cached:           432348 kB
MemTotal:        1844596 kB
MemFree:         1126400 kB
MemAvailable:    1502296 kB
Buffers:           54968 kB
Cached:           432348 kB
MemTotal:        1844596 kB
MemFree:         1126484 kB
MemAvailable:    1502380 kB
Buffers:           54968 kB
Cached:           432348 kB
MemTotal:        1844596 kB
MemFree:         1126172 kB
MemAvailable:    1502068 kB
Buffers:           54968 kB
Cached:           432348 kB
MemTotal:        1844596 kB
MemFree:         1124680 kB
MemAvailable:    1500576 kB
Buffers:           54968 kB
Cached:           432348 kB
MemTotal:        1844596 kB
MemFree:         1125880 kB
MemAvailable:    1501776 kB
Buffers:           54968 kB
Cached:           432348 kB
MemTotal:        1844596 kB
MemFree:         1125912 kB
MemAvailable:    1501808 kB
Buffers:           54968 kB
Cached:           432348 kB
MemTotal:        1844596 kB
MemFree:         1124300 kB
MemAvailable:    1500196 kB
Buffers:           54968 kB
Cached:           432348 kB
MemTotal:        1844596 kB
MemFree:         1125276 kB
MemAvailable:    1501172 kB
Buffers:           54968 kB
Cached:           432348 kB
MemTotal:        1844596 kB
MemFree:         1125176 kB
MemAvailable:    1501072 kB
Buffers:           54968 kB
Cached:           432348 kB
MemTotal:        1844596 kB
MemFree:         1125272 kB
MemAvailable:    1501168 kB
Buffers:           54968 kB
Cached:           432348 kB
MemTotal:        1844596 kB
MemFree:         1125300 kB
MemAvailable:    1501196 kB
Buffers:           54968 kB
Cached:           432348 kB
MemTotal:        1844596 kB
MemFree:         1125180 kB
MemAvailable:    1501076 kB
Buffers:           54968 kB
Cached:           432348 kB
MemTotal:        1844596 kB
MemFree:         1124000 kB
MemAvailable:    1499896 kB
Buffers:           54968 kB
Cached:           432348 kB
MemTotal:        1844596 kB
MemFree:         1123992 kB
MemAvailable:    1499888 kB
Buffers:           54968 kB
Cached:           432348 kB
MemTotal:        1844596 kB
MemFree:         1124988 kB
MemAvailable:    1500884 kB
Buffers:           54968 kB
Cached:           432348 kB
MemTotal:        1844596 kB
MemFree:         1124656 kB
MemAvailable:    1500552 kB
Buffers:           54968 kB
Cached:           432348 kB
MemTotal:        1844596 kB
MemFree:         1124308 kB
MemAvailable:    1500204 kB
Buffers:           54968 kB
Cached:           432348 kB
MemTotal:        1844596 kB
MemFree:         1117488 kB
MemAvailable:    1493384 kB
Buffers:           54968 kB
Cached:           432348 kB
MemTotal:        1844596 kB
MemFree:         1116240 kB
MemAvailable:    1492136 kB
Buffers:           54968 kB
Cached:           432348 kB
MemTotal:        1844596 kB
MemFree:         1116240 kB
MemAvailable:    1492136 kB
Buffers:           54968 kB
Cached:           432348 kB
MemTotal:        1844596 kB
MemFree:         1116108 kB
MemAvailable:    1492004 kB
Buffers:           54968 kB
Cached:           432348 kB
MemTotal:        1844596 kB
MemFree:         1117208 kB
MemAvailable:    1493104 kB
Buffers:           54968 kB
Cached:           432348 kB
MemTotal:        1844596 kB
MemFree:         1117356 kB
MemAvailable:    1493252 kB
Buffers:           54968 kB
Cached:           432348 kB
MemTotal:        1844596 kB
MemFree:         1119268 kB
MemAvailable:    1495164 kB
Buffers:           54968 kB
Cached:           432348 kB
MemTotal:        1844596 kB
MemFree:         1118056 kB
MemAvailable:    1493952 kB
Buffers:           54968 kB
Cached:           432348 kB
MemTotal:        1844596 kB
MemFree:         1117728 kB
MemAvailable:    1493708 kB
Buffers:           54968 kB
Cached:           432472 kB
MemTotal:        1844596 kB
MemFree:         1117232 kB
MemAvailable:    1493380 kB
Buffers:           54968 kB
Cached:           432596 kB
MemTotal:        1844596 kB
MemFree:         1118208 kB
MemAvailable:    1494524 kB
Buffers:           54968 kB
Cached:           432720 kB
MemTotal:        1844596 kB
MemFree:         1118232 kB
MemAvailable:    1494548 kB
Buffers:           54968 kB
Cached:           432720 kB
MemTotal:        1844596 kB
MemFree:         1118216 kB
MemAvailable:    1494700 kB
Buffers:           54968 kB
Cached:           432844 kB
MemTotal:        1844596 kB
MemFree:         1116720 kB
MemAvailable:    1493204 kB
Buffers:           54968 kB
Cached:           432968 kB
MemTotal:        1844596 kB
MemFree:         1117904 kB
MemAvailable:    1494388 kB
Buffers:           54968 kB
Cached:           432968 kB
MemTotal:        1844596 kB
MemFree:         1118156 kB
MemAvailable:    1494640 kB
Buffers:           54968 kB
Cached:           432968 kB
MemTotal:        1844596 kB
MemFree:         1116680 kB
MemAvailable:    1493164 kB
Buffers:           54968 kB
Cached:           433092 kB
MemTotal:        1844596 kB
MemFree:         1117956 kB
MemAvailable:    1494440 kB
Buffers:           54968 kB
Cached:           433092 kB
MemTotal:        1844596 kB
MemFree:         1117860 kB
MemAvailable:    1494428 kB
Buffers:           54968 kB
Cached:           433092 kB
MemTotal:        1844596 kB
MemFree:         1117972 kB
MemAvailable:    1494540 kB
Buffers:           54968 kB
Cached:           433092 kB
MemTotal:        1844596 kB
MemFree:         1116992 kB
MemAvailable:    1493560 kB
Buffers:           54968 kB
Cached:           433092 kB
MemTotal:        1844596 kB
MemFree:         1118100 kB
MemAvailable:    1493996 kB
Buffers:           54968 kB
Cached:           432384 kB
MemTotal:        1844596 kB
MemFree:         1117316 kB
MemAvailable:    1493212 kB
Buffers:           54968 kB
Cached:           432384 kB
MemTotal:        1844596 kB
MemFree:         1184920 kB
MemAvailable:    1560816 kB
Buffers:           54968 kB
Cached:           432384 kB
