MemTotal:        1844596 kB
MemFree:         1279412 kB
MemAvailable:    1569780 kB
Buffers:           44432 kB
Cached:           363908 kB
MemTotal:        1844596 kB
MemFree:         1250744 kB
MemAvailable:    1541116 kB
Buffers:           44432 kB
Cached:           363912 kB
MemTotal:        1844596 kB
MemFree:         1249860 kB
MemAvailable:    1540232 kB
Buffers:           44432 kB
Cached:           363912 kB
MemTotal:        1844596 kB
MemFree:         1248628 kB
MemAvailable:    1539000 kB
Buffers:           44432 kB
Cached:           363912 kB
MemTotal:        1844596 kB
MemFree:         1247504 kB
MemAvailable:    1537876 kB
Buffers:           44432 kB
Cached:           363912 kB
MemTotal:        1844596 kB
MemFree:         1248316 kB
MemAvailable:    1538688 kB
Buffers:           44432 kB
Cached:           363912 kB
MemTotal:        1844596 kB
MemFree:         1246280 kB
MemAvailable:    1536652 kB
Buffers:           44432 kB
Cached:           363912 kB
MemTotal:        1844596 kB
MemFree:         1243040 kB
MemAvailable:    1533412 kB
Buffers:           44432 kB
Cached:           363912 kB
MemTotal:        1844596 kB
MemFree:         1242312 kB
MemAvailable:    1532684 kB
Buffers:           44432 kB
Cached:           363912 kB
MemTotal:        1844596 kB
MemFree:         1237592 kB
MemAvailable:    1527964 kB
Buffers:           44432 kB
Cached:           363912 kB
MemTotal:        1844596 kB
MemFree:         1238576 kB
MemAvailable:    1528948 kB
Buffers:           44432 kB
Cached:           363912 kB
MemTotal:        1844596 kB
MemFree:         1238428 kB
MemAvailable:    1528800 kB
Buffers:           44432 kB
Cached:           363912 kB
MemTotal:        1844596 kB
MemFree:         1238372 kB
MemAvailable:    1528744 kB
Buffers:           44432 kB
Cached:           363912 kB
MemTotal:        1844596 kB
MemFree:         1237972 kB
MemAvailable:    1528344 kB
Buffers:           44432 kB
Cached:           363912 kB
MemTotal:        1844596 kB
MemFree:         1238348 kB
MemAvailable:    1528720 kB
Buffers:           44432 kB
Cached:           363912 kB
MemTotal:        1844596 kB
MemFree:         1237476 kB
MemAvailable:    1527848 kB
Buffers:           44432 kB
Cached:           363912 kB
MemTotal:        1844596 kB
MemFree:         1237716 kB
MemAvailable:    1528088 kB
Buffers:           44432 kB
Cached:           363912 kB
MemTotal:        1844596 kB
MemFree:         1236724 kB
MemAvailable:    1527096 kB
Buffers:           44432 kB
Cached:           363912 kB
MemTotal:        1844596 kB
MemFree:         1236668 kB
MemAvailable:    1527040 kB
Buffers:           44432 kB
Cached:           363912 kB
MemTotal:        1844596 kB
MemFree:         1236396 kB
MemAvailable:    1526768 kB
Buffers:           44432 kB
Cached:           363912 kB
MemTotal:        1844596 kB
MemFree:         1236040 kB
MemAvailable:    1526412 kB
Buffers:           44432 kB
Cached:           363912 kB
MemTotal:        1844596 kB
MemFree:         1234816 kB
MemAvailable:    1525188 kB
Buffers:           44432 kB
Cached:           363912 kB
MemTotal:        1844596 kB
MemFree:         1236120 kB
MemAvailable:    1526492 kB
Buffers:           44432 kB
Cached:           363912 kB
MemTotal:        1844596 kB
MemFree:         1234812 kB
MemAvailable:    1525184 kB
Buffers:           44432 kB
Cached:           363912 kB
MemTotal:        1844596 kB
MemFree:         1235908 kB
MemAvailable:    1526280 kB
Buffers:           44432 kB
Cached:           363912 kB
MemTotal:        1844596 kB
MemFree:         1236160 kB
MemAvailable:    1526532 kB
Buffers:           44432 kB
Cached:           363912 kB
MemTotal:        1844596 kB
MemFree:         1235828 kB
MemAvailable:    1526200 kB
Buffers:           44432 kB
Cached:           363912 kB
MemTotal:        1844596 kB
MemFree:         1235828 kB
MemAvailable:    1526200 kB
Buffers:           44432 kB
Cached:           363912 kB
MemTotal:        1844596 kB
MemFree:         1237332 kB
MemAvailable:    1527704 kB
Buffers:           44432 kB
Cached:           363912 kB
MemTotal:        1844596 kB
MemFree:         1236072 kB
MemAvailable:    1526444 kB
Buffers:           44432 kB
Cached:           363912 kB
MemTotal:        1844596 kB
MemFree:         1234492 kB
MemAvailable:    1524864 kB
Buffers:           44432 kB
Cached:           363912 kB
MemTotal:        1844596 kB
MemFree:         1233012 kB
MemAvailable:    1523384 kB
Buffers:           44432 kB
Cached:           363912 kB
MemTotal:        1844596 kB
MemFree:         1233508 kB
MemAvailable:    1523880 kB
Buffers:           44432 kB
Cached:           363912 kB
MemTotal:        1844596 kB
MemFree:         1231648 kB
MemAvailable:    1522020 kB
Buffers:           44432 kB
Cached:           363912 kB
MemTotal:        1844596 kB
MemFree:         1231648 kB
MemAvailable:    1522020 kB
Buffers:           44432 kB
Cached:           363912 kB
MemTotal:        1844596 kB
MemFree:         1231880 kB
MemAvailable:    1522252 kB
Buffers:           44432 kB
Cached:           363912 kB
MemTotal:        1844596 kB
MemFree:         1231400 kB
MemAvailable:    1521772 kB
Buffers:           44432 kB
Cached:           363912 kB
MemTotal:        1844596 kB
MemFree:         1230600 kB
MemAvailable:    1520972 kB
Buffers:           44432 kB
Cached:           363912 kB
MemTotal:        1844596 kB
MemFree:         1230848 kB
MemAvailable:    1521220 kB
Buffers:           44432 kB
Cached:           363912 kB
MemTotal:        1844596 kB
MemFree:         1230724 kB
MemAvailable:    1521096 kB
Buffers:           44432 kB
Cached:           363912 kB
MemTotal:        1844596 kB
MemFree:         1230600 kB
MemAvailable:    1520972 kB
Buffers:           44432 kB
Cached:           363912 kB
MemTotal:        1844596 kB
MemFree:         1231508 kB
MemAvailable:    1521880 kB
Buffers:           44432 kB
Cached:           363912 kB
MemTotal:        1844596 kB
MemFree:         1229896 kB
MemAvailable:    1520268 kB
Buffers:           44432 kB
Cached:           363912 kB
MemTotal:        1844596 kB
MemFree:         1231132 kB
MemAvailable:    1521504 kB
Buffers:           44432 kB
Cached:           363912 kB
MemTotal:        1844596 kB
MemFree:         1230956 kB
MemAvailable:    1521328 kB
Buffers:           44432 kB
Cached:           363912 kB
MemTotal:        1844596 kB
MemFree:         1229524 kB
MemAvailable:    1519896 kB
Buffers:           44432 kB
Cached:           363912 kB
MemTotal:        1844596 kB
MemFree:         1229524 kB
MemAvailable:    1519896 kB
Buffers:           44432 kB
Cached:           363912 kB
MemTotal:        1844596 kB
MemFree:         1230832 kB
MemAvailable:    1521204 kB
Buffers:           44432 kB
Cached:           363912 kB
MemTotal:        1844596 kB
MemFree:         1230284 kB
MemAvailable:    1520656 kB
Buffers:           44432 kB
Cached:           363912 kB
MemTotal:        1844596 kB
MemFree:         1230700 kB
MemAvailable:    1521072 kB
Buffers:           44432 kB
Cached:           363912 kB
MemTotal:        1844596 kB
MemFree:         1229524 kB
MemAvailable:    1519896 kB
Buffers:           44432 kB
Cached:           363912 kB
MemTotal:        1844596 kB
MemFree:         1229648 kB
MemAvailable:    1520020 kB
Buffers:           44432 kB
Cached:           363912 kB
MemTotal:        1844596 kB
MemFree:         1229648 kB
MemAvailable:    1520020 kB
Buffers:           44432 kB
Cached:           363912 kB
MemTotal:        1844596 kB
MemFree:         1229416 kB
MemAvailable:    1519788 kB
Buffers:           44432 kB
Cached:           363912 kB
MemTotal:        1844596 kB
MemFree:         1230740 kB
MemAvailable:    1521112 kB
Buffers:           44432 kB
Cached:           363912 kB
MemTotal:        1844596 kB
MemFree:         1230648 kB
MemAvailable:    1521020 kB
Buffers:           44432 kB
Cached:           363912 kB
MemTotal:        1844596 kB
MemFree:         1230160 kB
MemAvailable:    1520532 kB
Buffers:           44432 kB
Cached:           363912 kB
MemTotal:        1844596 kB
MemFree:         1230088 kB
MemAvailable:    1520460 kB
Buffers:           44432 kB
Cached:           363912 kB
MemTotal:        1844596 kB
MemFree:         1229416 kB
MemAvailable:    1519788 kB
Buffers:           44432 kB
Cached:           363912 kB
MemTotal:        1844596 kB
MemFree:         1229960 kB
MemAvailable:    1520332 kB
Buffers:           44432 kB
Cached:           363912 kB
MemTotal:        1844596 kB
MemFree:         1229168 kB
MemAvailable:    1519540 kB
Buffers:           44432 kB
Cached:           363912 kB
MemTotal:        1844596 kB
MemFree:         1229872 kB
MemAvailable:    1520244 kB
Buffers:           44432 kB
Cached:           363912 kB
MemTotal:        1844596 kB
MemFree:         1228540 kB
MemAvailable:    1518912 kB
Buffers:           44432 kB
Cached:           363912 kB
MemTotal:        1844596 kB
MemFree:         1228672 kB
MemAvailable:    1519044 kB
Buffers:           44432 kB
Cached:           363912 kB
MemTotal:        1844596 kB
MemFree:         1228624 kB
MemAvailable:    1518996 kB
Buffers:           44432 kB
Cached:           363912 kB
MemTotal:        1844596 kB
MemFree:         1229720 kB
MemAvailable:    1520092 kB
Buffers:           44432 kB
Cached:           363912 kB
MemTotal:        1844596 kB
MemFree:         1229972 kB
MemAvailable:    1520344 kB
Buffers:           44432 kB
Cached:           363912 kB
MemTotal:        1844596 kB
MemFree:         1228424 kB
MemAvailable:    1518804 kB
Buffers:           44432 kB
Cached:           363920 kB
MemTotal:        1844596 kB
MemFree:         1226440 kB
MemAvailable:    1516820 kB
Buffers:           44432 kB
Cached:           363920 kB
MemTotal:        1844596 kB
MemFree:         1223696 kB
MemAvailable:    1514076 kB
Buffers:           44432 kB
Cached:           363920 kB
MemTotal:        1844596 kB
MemFree:         1223464 kB
MemAvailable:    1513844 kB
Buffers:           44432 kB
Cached:           363920 kB
MemTotal:        1844596 kB
MemFree:         1222348 kB
MemAvailable:    1512728 kB
Buffers:           44432 kB
Cached:           363920 kB
MemTotal:        1844596 kB
MemFree:         1222160 kB
MemAvailable:    1512540 kB
Buffers:           44432 kB
Cached:           363920 kB
MemTotal:        1844596 kB
MemFree:         1221912 kB
MemAvailable:    1512292 kB
Buffers:           44432 kB
Cached:           363920 kB
MemTotal:        1844596 kB
MemFree:         1222164 kB
MemAvailable:    1512544 kB
Buffers:           44432 kB
Cached:           363920 kB
MemTotal:        1844596 kB
MemFree:         1221980 kB
MemAvailable:    1512360 kB
Buffers:           44432 kB
Cached:           363920 kB
MemTotal:        1844596 kB
MemFree:         1220548 kB
MemAvailable:    1510928 kB
Buffers:           44432 kB
Cached:           363920 kB
MemTotal:        1844596 kB
MemFree:         1220672 kB
MemAvailable:    1511052 kB
Buffers:           44432 kB
Cached:           363920 kB
MemTotal:        1844596 kB
MemFree:         1220840 kB
MemAvailable:    1511220 kB
Buffers:           44432 kB
Cached:           363920 kB
MemTotal:        1844596 kB
MemFree:         1220584 kB
MemAvailable:    1510964 kB
Buffers:           44432 kB
Cached:           363920 kB
MemTotal:        1844596 kB
MemFree:         1221968 kB
MemAvailable:    1512348 kB
Buffers:           44432 kB
Cached:           363920 kB
MemTotal:        1844596 kB
MemFree:         1221232 kB
MemAvailable:    1511612 kB
Buffers:           44432 kB
Cached:           363920 kB
MemTotal:        1844596 kB
MemFree:         1221964 kB
MemAvailable:    1512344 kB
Buffers:           44432 kB
Cached:           363920 kB
MemTotal:        1844596 kB
MemFree:         1220460 kB
MemAvailable:    1510840 kB
Buffers:           44432 kB
Cached:           363920 kB
MemTotal:        1844596 kB
MemFree:         1220488 kB
MemAvailable:    1510868 kB
Buffers:           44432 kB
Cached:           363920 kB
MemTotal:        1844596 kB
MemFree:         1221216 kB
MemAvailable:    1511596 kB
Buffers:           44432 kB
Cached:           363920 kB
MemTotal:        1844596 kB
MemFree:         1221300 kB
MemAvailable:    1511680 kB
Buffers:           44432 kB
Cached:           363920 kB
MemTotal:        1844596 kB
MemFree:         1219612 kB
MemAvailable:    1509992 kB
Buffers:           44432 kB
Cached:           363920 kB
MemTotal:        1844596 kB
MemFree:         1220348 kB
MemAvailable:    1510728 kB
Buffers:           44432 kB
Cached:           363920 kB
MemTotal:        1844596 kB
MemFree:         1219744 kB
MemAvailable:    1510124 kB
Buffers:           44432 kB
Cached:           363920 kB
MemTotal:        1844596 kB
MemFree:         1220160 kB
MemAvailable:    1510540 kB
Buffers:           44432 kB
Cached:           363920 kB
MemTotal:        1844596 kB
MemFree:         1219904 kB
MemAvailable:    1510284 kB
Buffers:           44432 kB
Cached:           363920 kB
MemTotal:        1844596 kB
MemFree:         1218008 kB
MemAvailable:    1508388 kB
Buffers:           44432 kB
Cached:           363920 kB
MemTotal:        1844596 kB
MemFree:         1217876 kB
MemAvailable:    1508256 kB
Buffers:           44432 kB
Cached:           363920 kB
MemTotal:        1844596 kB
MemFree:         1217752 kB
MemAvailable:    1508132 kB
Buffers:           44432 kB
Cached:           363920 kB
MemTotal:        1844596 kB
MemFree:         1217264 kB
MemAvailable:    1507644 kB
Buffers:           44432 kB
Cached:           363920 kB
MemTotal:        1844596 kB
MemFree:         1217264 kB
MemAvailable:    1507644 kB
Buffers:           44432 kB
Cached:           363920 kB
MemTotal:        1844596 kB
MemFree:         1217008 kB
MemAvailable:    1507388 kB
Buffers:           44432 kB
Cached:           363920 kB
MemTotal:        1844596 kB
MemFree:         1218192 kB
MemAvailable:    1508572 kB
Buffers:           44432 kB
Cached:           363920 kB
MemTotal:        1844596 kB
MemFree:         1216760 kB
MemAvailable:    1507140 kB
Buffers:           44432 kB
Cached:           363920 kB
MemTotal:        1844596 kB
MemFree:         1217132 kB
MemAvailable:    1507512 kB
Buffers:           44432 kB
Cached:           363920 kB
MemTotal:        1844596 kB
MemFree:         1217944 kB
MemAvailable:    1508324 kB
Buffers:           44432 kB
Cached:           363920 kB
MemTotal:        1844596 kB
MemFree:         1217884 kB
MemAvailable:    1508264 kB
Buffers:           44432 kB
Cached:           363920 kB
MemTotal:        1844596 kB
MemFree:         1217940 kB
MemAvailable:    1508320 kB
Buffers:           44432 kB
Cached:           363920 kB
MemTotal:        1844596 kB
MemFree:         1218192 kB
MemAvailable:    1508572 kB
Buffers:           44432 kB
Cached:           363920 kB
MemTotal:        1844596 kB
MemFree:         1217628 kB
MemAvailable:    1508008 kB
Buffers:           44432 kB
Cached:           363920 kB
MemTotal:        1844596 kB
MemFree:         1216760 kB
MemAvailable:    1507140 kB
Buffers:           44432 kB
Cached:           363920 kB
MemTotal:        1844596 kB
MemFree:         1214520 kB
MemAvailable:    1504900 kB
Buffers:           44432 kB
Cached:           363920 kB
MemTotal:        1844596 kB
MemFree:         1214164 kB
MemAvailable:    1504544 kB
Buffers:           44432 kB
Cached:           363920 kB
MemTotal:        1844596 kB
MemFree:         1209452 kB
MemAvailable:    1499832 kB
Buffers:           44432 kB
Cached:           363920 kB
MemTotal:        1844596 kB
MemFree:         1210304 kB
MemAvailable:    1500684 kB
Buffers:           44432 kB
Cached:           363920 kB
MemTotal:        1844596 kB
MemFree:         1210304 kB
MemAvailable:    1500684 kB
Buffers:           44432 kB
Cached:           363920 kB
MemTotal:        1844596 kB
MemFree:         1210244 kB
MemAvailable:    1500624 kB
Buffers:           44432 kB
Cached:           363920 kB
MemTotal:        1844596 kB
MemFree:         1209328 kB
MemAvailable:    1499708 kB
Buffers:           44432 kB
Cached:           363920 kB
MemTotal:        1844596 kB
MemFree:         1208824 kB
MemAvailable:    1499208 kB
Buffers:           44432 kB
Cached:           363924 kB
MemTotal:        1844596 kB
MemFree:         1211016 kB
MemAvailable:    1501400 kB
Buffers:           44432 kB
Cached:           363924 kB
MemTotal:        1844596 kB
MemFree:         1211668 kB
MemAvailable:    1502136 kB
Buffers:           44432 kB
Cached:           364048 kB
MemTotal:        1844596 kB
MemFree:         1211436 kB
MemAvailable:    1501904 kB
Buffers:           44432 kB
Cached:           364048 kB
MemTotal:        1844596 kB
MemFree:         1211380 kB
MemAvailable:    1501932 kB
Buffers:           44432 kB
Cached:           364172 kB
MemTotal:        1844596 kB
MemFree:         1210320 kB
MemAvailable:    1500956 kB
Buffers:           44432 kB
Cached:           364296 kB
MemTotal:        1844596 kB
MemFree:         1211008 kB
MemAvailable:    1501840 kB
Buffers:           44432 kB
Cached:           364408 kB
MemTotal:        1844596 kB
MemFree:         1210528 kB
MemAvailable:    1501360 kB
Buffers:           44432 kB
Cached:           364408 kB
MemTotal:        1844596 kB
MemFree:         1210748 kB
MemAvailable:    1501748 kB
Buffers:           44432 kB
Cached:           364656 kB
MemTotal:        1844596 kB
MemFree:         1210568 kB
MemAvailable:    1501568 kB
Buffers:           44432 kB
Cached:           364656 kB
MemTotal:        1844596 kB
MemFree:         1210928 kB
MemAvailable:    1502012 kB
Buffers:           44432 kB
Cached:           364656 kB
MemTotal:        1844596 kB
MemFree:         1209948 kB
MemAvailable:    1501032 kB
Buffers:           44432 kB
Cached:           364656 kB
MemTotal:        1844596 kB
MemFree:         1210852 kB
MemAvailable:    1501936 kB
Buffers:           44432 kB
Cached:           364620 kB
MemTotal:        1844596 kB
MemFree:         1211024 kB
MemAvailable:    1502108 kB
Buffers:           44432 kB
Cached:           364620 kB
MemTotal:        1844596 kB
MemFree:         1210628 kB
MemAvailable:    1501712 kB
Buffers:           44432 kB
Cached:           364620 kB
MemTotal:        1844596 kB
MemFree:         1210320 kB
MemAvailable:    1501404 kB
Buffers:           44432 kB
Cached:           364620 kB
MemTotal:        1844596 kB
MemFree:         1209432 kB
MemAvailable:    1500516 kB
Buffers:           44432 kB
Cached:           364620 kB
MemTotal:        1844596 kB
MemFree:         1271232 kB
MemAvailable:    1561728 kB
Buffers:           44432 kB
Cached:           363988 kB
MemTotal:        1844596 kB
MemFree:         1275484 kB
MemAvailable:    1565896 kB
Buffers:           44432 kB
Cached:           363988 kB
