MemTotal:        1844596 kB
MemFree:         1403212 kB
MemAvailable:    1586028 kB
Buffers:           28720 kB
Cached:           268600 kB
MemTotal:        1844596 kB
MemFree:         1375452 kB
MemAvailable:    1558272 kB
Buffers:           28720 kB
Cached:           268604 kB
MemTotal:        1844596 kB
MemFree:         1375140 kB
MemAvailable:    1557960 kB
Buffers:           28720 kB
Cached:           268604 kB
MemTotal:        1844596 kB
MemFree:         1373592 kB
MemAvailable:    1556412 kB
Buffers:           28720 kB
Cached:           268604 kB
MemTotal:        1844596 kB
MemFree:         1373576 kB
MemAvailable:    1556396 kB
Buffers:           28720 kB
Cached:           268604 kB
MemTotal:        1844596 kB
MemFree:         1370856 kB
MemAvailable:    1553676 kB
Buffers:           28720 kB
Cached:           268604 kB
MemTotal:        1844596 kB
MemFree:         1370476 kB
MemAvailable:    1553296 kB
Buffers:           28720 kB
Cached:           268604 kB
MemTotal:        1844596 kB
MemFree:         1369872 kB
MemAvailable:    1552692 kB
Buffers:           28720 kB
Cached:           268604 kB
MemTotal:        1844596 kB
MemFree:         1366384 kB
MemAvailable:    1549204 kB
Buffers:           28720 kB
Cached:           268604 kB
MemTotal:        1844596 kB
MemFree:         1366384 kB
MemAvailable:    1549204 kB
Buffers:           28720 kB
Cached:           268604 kB
MemTotal:        1844596 kB
MemFree:         1362016 kB
MemAvailable:    1544836 kB
Buffers:           28720 kB
Cached:           268604 kB
MemTotal:        1844596 kB
MemFree:         1362352 kB
MemAvailable:    1545172 kB
Buffers:           28720 kB
Cached:           268604 kB
MemTotal:        1844596 kB
MemFree:         1361020 kB
MemAvailable:    1543840 kB
Buffers:           28720 kB
Cached:           268604 kB
MemTotal:        1844596 kB
MemFree:         1362260 kB
MemAvailable:    1545080 kB
Buffers:           28720 kB
Cached:           268604 kB
MemTotal:        1844596 kB
MemFree:         1361000 kB
MemAvailable:    1543820 kB
Buffers:           28720 kB
Cached:           268604 kB
MemTotal:        1844596 kB
MemFree:         1362124 kB
MemAvailable:    1544944 kB
Buffers:           28720 kB
Cached:           268604 kB
MemTotal:        1844596 kB
MemFree:         1361564 kB
MemAvailable:    1544384 kB
Buffers:           28720 kB
Cached:           268604 kB
MemTotal:        1844596 kB
MemFree:         1361196 kB
MemAvailable:    1544016 kB
Buffers:           28720 kB
Cached:           268604 kB
MemTotal:        1844596 kB
MemFree:         1360200 kB
MemAvailable:    1543020 kB
Buffers:           28720 kB
Cached:           268604 kB
MemTotal:        1844596 kB
MemFree:         1359840 kB
MemAvailable:    1542660 kB
Buffers:           28720 kB
Cached:           268604 kB
MemTotal:        1844596 kB
MemFree:         1359876 kB
MemAvailable:    1542696 kB
Buffers:           28720 kB
Cached:           268604 kB
MemTotal:        1844596 kB
MemFree:         1359956 kB
MemAvailable:    1542776 kB
Buffers:           28720 kB
Cached:           268604 kB
MemTotal:        1844596 kB
MemFree:         1359924 kB
MemAvailable:    1542744 kB
Buffers:           28720 kB
Cached:           268604 kB
MemTotal:        1844596 kB
MemFree:         1359676 kB
MemAvailable:    1542496 kB
Buffers:           28720 kB
Cached:           268604 kB
MemTotal:        1844596 kB
MemFree:         1359820 kB
MemAvailable:    1542640 kB
Buffers:           28720 kB
Cached:           268604 kB
MemTotal:        1844596 kB
MemFree:         1358512 kB
MemAvailable:    1541332 kB
Buffers:           28720 kB
Cached:           268604 kB
MemTotal:        1844596 kB
MemFree:         1361132 kB
MemAvailable:    1543952 kB
Buffers:           28720 kB
Cached:           268604 kB
MemTotal:        1844596 kB
MemFree:         1360448 kB
MemAvailable:    1543268 kB
Buffers:           28720 kB
Cached:           268604 kB
MemTotal:        1844596 kB
MemFree:         1360432 kB
MemAvailable:    1543252 kB
Buffers:           28720 kB
Cached:           268604 kB
MemTotal:        1844596 kB
MemFree:         1360560 kB
MemAvailable:    1543380 kB
Buffers:           28720 kB
Cached:           268604 kB
MemTotal:        1844596 kB
MemFree:         1357588 kB
MemAvailable:    1540408 kB
Buffers:           28720 kB
Cached:           268604 kB
MemTotal:        1844596 kB
MemFree:         1357232 kB
MemAvailable:    1540052 kB
Buffers:           28720 kB
Cached:           268604 kB
MemTotal:        1844596 kB
MemFree:         1356340 kB
MemAvailable:    1539160 kB
Buffers:           28720 kB
Cached:           268604 kB
MemTotal:        1844596 kB
MemFree:         1355984 kB
MemAvailable:    1538804 kB
Buffers:           28720 kB
Cached:           268604 kB
MemTotal:        1844596 kB
MemFree:         1355844 kB
MemAvailable:    1538664 kB
Buffers:           28720 kB
Cached:           268604 kB
MemTotal:        1844596 kB
MemFree:         1355844 kB
MemAvailable:    1538664 kB
Buffers:           28720 kB
Cached:           268604 kB
MemTotal:        1844596 kB
MemFree:         1355416 kB
MemAvailable:    1538236 kB
Buffers:           28720 kB
Cached:           268604 kB
MemTotal:        1844596 kB
MemFree:         1355752 kB
MemAvailable:    1538572 kB
Buffers:           28720 kB
Cached:           268604 kB
MemTotal:        1844596 kB
MemFree:         1354436 kB
MemAvailable:    1537256 kB
Buffers:           28720 kB
Cached:           268604 kB
MemTotal:        1844596 kB
MemFree:         1354436 kB
MemAvailable:    1537256 kB
Buffers:           28720 kB
Cached:           268604 kB
MemTotal:        1844596 kB
MemFree:         1355548 kB
MemAvailable:    1538368 kB
Buffers:           28720 kB
Cached:           268604 kB
MemTotal:        1844596 kB
MemFree:         1354372 kB
MemAvailable:    1537192 kB
Buffers:           28720 kB
Cached:           268604 kB
MemTotal:        1844596 kB
MemFree:         1355052 kB
MemAvailable:    1537872 kB
Buffers:           28720 kB
Cached:           268604 kB
MemTotal:        1844596 kB
MemFree:         1355308 kB
MemAvailable:    1538128 kB
Buffers:           28720 kB
Cached:           268604 kB
MemTotal:        1844596 kB
MemFree:         1353232 kB
MemAvailable:    1536052 kB
Buffers:           28720 kB
Cached:           268604 kB
MemTotal:        1844596 kB
MemFree:         1353448 kB
MemAvailable:    1536268 kB
Buffers:           28720 kB
Cached:           268604 kB
MemTotal:        1844596 kB
MemFree:         1353448 kB
MemAvailable:    1536268 kB
Buffers:           28720 kB
Cached:           268604 kB
MemTotal:        1844596 kB
MemFree:         1354724 kB
MemAvailable:    1537544 kB
Buffers:           28720 kB
Cached:           268604 kB
MemTotal:        1844596 kB
MemFree:         1353312 kB
MemAvailable:    1536132 kB
Buffers:           28720 kB
Cached:           268604 kB
MemTotal:        1844596 kB
MemFree:         1354756 kB
MemAvailable:    1537576 kB
Buffers:           28720 kB
Cached:           268604 kB
MemTotal:        1844596 kB
MemFree:         1353344 kB
MemAvailable:    1536164 kB
Buffers:           28720 kB
Cached:           268604 kB
MemTotal:        1844596 kB
MemFree:         1354872 kB
MemAvailable:    1537692 kB
Buffers:           28720 kB
Cached:           268604 kB
MemTotal:        1844596 kB
MemFree:         1354680 kB
MemAvailable:    1537500 kB
Buffers:           28720 kB
Cached:           268604 kB
MemTotal:        1844596 kB
MemFree:         1354432 kB
MemAvailable:    1537252 kB
Buffers:           28720 kB
Cached:           268604 kB
MemTotal:        1844596 kB
MemFree:         1354176 kB
MemAvailable:    1536996 kB
Buffers:           28720 kB
Cached:           268604 kB
MemTotal:        1844596 kB
MemFree:         1353928 kB
MemAvailable:    1536748 kB
Buffers:           28720 kB
Cached:           268604 kB
MemTotal:        1844596 kB
MemFree:         1354180 kB
MemAvailable:    1537000 kB
Buffers:           28720 kB
Cached:           268604 kB
MemTotal:        1844596 kB
MemFree:         1352572 kB
MemAvailable:    1535392 kB
Buffers:           28720 kB
Cached:           268604 kB
MemTotal:        1844596 kB
MemFree:         1353872 kB
MemAvailable:    1536692 kB
Buffers:           28720 kB
Cached:           268604 kB
MemTotal:        1844596 kB
MemFree:         1353744 kB
MemAvailable:    1536564 kB
Buffers:           28720 kB
Cached:           268604 kB
MemTotal:        1844596 kB
MemFree:         1353760 kB
MemAvailable:    1536580 kB
Buffers:           28720 kB
Cached:           268604 kB
MemTotal:        1844596 kB
MemFree:         1353640 kB
MemAvailable:    1536460 kB
Buffers:           28720 kB
Cached:           268604 kB
MemTotal:        1844596 kB
MemFree:         1353856 kB
MemAvailable:    1536676 kB
Buffers:           28720 kB
Cached:           268604 kB
MemTotal:        1844596 kB
MemFree:         1352216 kB
MemAvailable:    1535036 kB
Buffers:           28720 kB
Cached:           268604 kB
MemTotal:        1844596 kB
MemFree:         1353688 kB
MemAvailable:    1536508 kB
Buffers:           28720 kB
Cached:           268604 kB
MemTotal:        1844596 kB
MemFree:         1353556 kB
MemAvailable:    1536376 kB
Buffers:           28720 kB
Cached:           268604 kB
MemTotal:        1844596 kB
MemFree:         1352504 kB
MemAvailable:    1535324 kB
Buffers:           28720 kB
Cached:           268604 kB
MemTotal:        1844596 kB
MemFree:         1351208 kB
MemAvailable:    1534032 kB
Buffers:           28720 kB
Cached:           268608 kB
MemTotal:        1844596 kB
MemFree:         1348048 kB
MemAvailable:    1530876 kB
Buffers:           28720 kB
Cached:           268612 kB
MemTotal:        1844596 kB
MemFree:         1345196 kB
MemAvailable:    1528024 kB
Buffers:           28720 kB
Cached:           268612 kB
MemTotal:        1844596 kB
MemFree:         1344948 kB
MemAvailable:    1527776 kB
Buffers:           28720 kB
Cached:           268612 kB
MemTotal:        1844596 kB
MemFree:         1345800 kB
MemAvailable:    1528628 kB
Buffers:           28720 kB
Cached:           268612 kB
MemTotal:        1844596 kB
MemFree:         1344824 kB
MemAvailable:    1527652 kB
Buffers:           28720 kB
Cached:           268612 kB
MemTotal:        1844596 kB
MemFree:         1345804 kB
MemAvailable:    1528632 kB
Buffers:           28720 kB
Cached:           268612 kB
MemTotal:        1844596 kB
MemFree:         1344824 kB
MemAvailable:    1527652 kB
Buffers:           28720 kB
Cached:           268612 kB
MemTotal:        1844596 kB
MemFree:         1345596 kB
MemAvailable:    1528424 kB
Buffers:           28720 kB
Cached:           268612 kB
MemTotal:        1844596 kB
MemFree:         1345816 kB
MemAvailable:    1528644 kB
Buffers:           28720 kB
Cached:           268612 kB
MemTotal:        1844596 kB
MemFree:         1345864 kB
MemAvailable:    1528692 kB
Buffers:           28720 kB
Cached:           268612 kB
MemTotal:        1844596 kB
MemFree:         1344516 kB
MemAvailable:    1527344 kB
Buffers:           28720 kB
Cached:           268612 kB
MemTotal:        1844596 kB
MemFree:         1345660 kB
MemAvailable:    1528488 kB
Buffers:           28720 kB
Cached:           268612 kB
MemTotal:        1844596 kB
MemFree:         1345912 kB
MemAvailable:    1528740 kB
Buffers:           28720 kB
Cached:           268612 kB
MemTotal:        1844596 kB
MemFree:         1344452 kB
MemAvailable:    1527280 kB
Buffers:           28720 kB
Cached:           268612 kB
MemTotal:        1844596 kB
MemFree:         1345692 kB
MemAvailable:    1528520 kB
Buffers:           28720 kB
Cached:           268612 kB
MemTotal:        1844596 kB
MemFree:         1344404 kB
MemAvailable:    1527232 kB
Buffers:           28720 kB
Cached:           268612 kB
MemTotal:        1844596 kB
MemFree:         1345380 kB
MemAvailable:    1528208 kB
Buffers:           28720 kB
Cached:           268612 kB
MemTotal:        1844596 kB
MemFree:         1343816 kB
MemAvailable:    1526644 kB
Buffers:           28720 kB
Cached:           268612 kB
MemTotal:        1844596 kB
MemFree:         1344684 kB
MemAvailable:    1527512 kB
Buffers:           28720 kB
Cached:           268612 kB
MemTotal:        1844596 kB
MemFree:         1344204 kB
MemAvailable:    1527032 kB
Buffers:           28720 kB
Cached:           268612 kB
MemTotal:        1844596 kB
MemFree:         1344064 kB
MemAvailable:    1526892 kB
Buffers:           28720 kB
Cached:           268612 kB
MemTotal:        1844596 kB
MemFree:         1344400 kB
MemAvailable:    1527228 kB
Buffers:           28720 kB
Cached:           268612 kB
MemTotal:        1844596 kB
MemFree:         1343816 kB
MemAvailable:    1526644 kB
Buffers:           28720 kB
Cached:           268612 kB
MemTotal:        1844596 kB
MemFree:         1342840 kB
MemAvailable:    1525668 kB
Buffers:           28720 kB
Cached:           268612 kB
MemTotal:        1844596 kB
MemFree:         1343148 kB
MemAvailable:    1525976 kB
Buffers:           28720 kB
Cached:           268612 kB
MemTotal:        1844596 kB
MemFree:         1343080 kB
MemAvailable:    1525908 kB
Buffers:           28720 kB
Cached:           268612 kB
MemTotal:        1844596 kB
MemFree:         1341096 kB
MemAvailable:    1523924 kB
Buffers:           28720 kB
Cached:           268612 kB
MemTotal:        1844596 kB
MemFree:         1342072 kB
MemAvailable:    1524900 kB
Buffers:           28720 kB
Cached:           268612 kB
MemTotal:        1844596 kB
MemFree:         1342220 kB
MemAvailable:    1525048 kB
Buffers:           28720 kB
Cached:           268612 kB
MemTotal:        1844596 kB
MemFree:         1340916 kB
MemAvailable:    1523744 kB
Buffers:           28720 kB
Cached:           268612 kB
MemTotal:        1844596 kB
MemFree:         1341836 kB
MemAvailable:    1524664 kB
Buffers:           28720 kB
Cached:           268612 kB
MemTotal:        1844596 kB
MemFree:         1340668 kB
MemAvailable:    1523496 kB
Buffers:           28720 kB
Cached:           268612 kB
MemTotal:        1844596 kB
MemFree:         1340792 kB
MemAvailable:    1523620 kB
Buffers:           28720 kB
Cached:           268612 kB
MemTotal:        1844596 kB
MemFree:         1340536 kB
MemAvailable:    1523364 kB
Buffers:           28720 kB
Cached:           268612 kB
MemTotal:        1844596 kB
MemFree:         1340528 kB
MemAvailable:    1523356 kB
Buffers:           28720 kB
Cached:           268612 kB
MemTotal:        1844596 kB
MemFree:         1341980 kB
MemAvailable:    1524808 kB
Buffers:           28720 kB
Cached:           268612 kB
MemTotal:        1844596 kB
MemFree:         1341868 kB
MemAvailable:    1524696 kB
Buffers:           28720 kB
Cached:           268612 kB
MemTotal:        1844596 kB
MemFree:         1340236 kB
MemAvailable:    1523064 kB
Buffers:           28720 kB
Cached:           268612 kB
MemTotal:        1844596 kB
MemFree:         1341664 kB
MemAvailable:    1524492 kB
Buffers:           28720 kB
Cached:           268612 kB
MemTotal:        1844596 kB
MemFree:         1335708 kB
MemAvailable:    1518536 kB
Buffers:           28720 kB
Cached:           268612 kB
MemTotal:        1844596 kB
MemFree:         1334220 kB
MemAvailable:    1517048 kB
Buffers:           28720 kB
Cached:           268612 kB
MemTotal:        1844596 kB
MemFree:         1334112 kB
MemAvailable:    1516940 kB
Buffers:           28720 kB
Cached:           268612 kB
MemTotal:        1844596 kB
MemFree:         1334224 kB
MemAvailable:    1517052 kB
Buffers:           28720 kB
Cached:           268612 kB
MemTotal:        1844596 kB
MemFree:         1334080 kB
MemAvailable:    1516908 kB
Buffers:           28720 kB
Cached:           268612 kB
MemTotal:        1844596 kB
MemFree:         1334140 kB
MemAvailable:    1516968 kB
Buffers:           28720 kB
Cached:           268612 kB
MemTotal:        1844596 kB
MemFree:         1335632 kB
MemAvailable:    1518460 kB
Buffers:           28720 kB
Cached:           268612 kB
MemTotal:        1844596 kB
MemFree:         1335968 kB
MemAvailable:    1518796 kB
Buffers:           28720 kB
Cached:           268612 kB
MemTotal:        1844596 kB
MemFree:         1335452 kB
MemAvailable:    1518364 kB
Buffers:           28720 kB
Cached:           268736 kB
MemTotal:        1844596 kB
MemFree:         1335196 kB
MemAvailable:    1518192 kB
Buffers:           28720 kB
Cached:           268860 kB
MemTotal:        1844596 kB
MemFree:         1333848 kB
MemAvailable:    1516928 kB
Buffers:           28720 kB
Cached:           268860 kB
MemTotal:        1844596 kB
MemFree:         1335040 kB
MemAvailable:    1518288 kB
Buffers:           28720 kB
Cached:           269108 kB
MemTotal:        1844596 kB
MemFree:         1334940 kB
MemAvailable:    1518272 kB
Buffers:           28720 kB
Cached:           269108 kB
MemTotal:        1844596 kB
MemFree:         1333452 kB
MemAvailable:    1516952 kB
Buffers:           28720 kB
Cached:           269232 kB
MemTotal:        1844596 kB
MemFree:         1333500 kB
MemAvailable:    1517000 kB
Buffers:           28720 kB
Cached:           269232 kB
MemTotal:        1844596 kB
MemFree:         1333368 kB
MemAvailable:    1516868 kB
Buffers:           28720 kB
Cached:           269232 kB
MemTotal:        1844596 kB
MemFree:         1333540 kB
MemAvailable:    1517040 kB
Buffers:           28720 kB
Cached:           269232 kB
MemTotal:        1844596 kB
MemFree:         1334732 kB
MemAvailable:    1518232 kB
Buffers:           28720 kB
Cached:           269232 kB
MemTotal:        1844596 kB
MemFree:         1334588 kB
MemAvailable:    1518088 kB
Buffers:           28720 kB
Cached:           269232 kB
MemTotal:        1844596 kB
MemFree:         1334532 kB
MemAvailable:    1518032 kB
Buffers:           28720 kB
Cached:           269232 kB
MemTotal:        1844596 kB
MemFree:         1335312 kB
MemAvailable:    1518224 kB
Buffers:           28720 kB
Cached:           268600 kB
MemTotal:        1844596 kB
MemFree:         1335560 kB
MemAvailable:    1518472 kB
Buffers:           28720 kB
Cached:           268600 kB
