MemTotal:        1844596 kB
MemFree:         1206252 kB
MemAvailable:    1563392 kB
Buffers:           52800 kB
Cached:           417212 kB
MemTotal:        1844596 kB
MemFree:         1179800 kB
MemAvailable:    1536944 kB
Buffers:           52800 kB
Cached:           417216 kB
MemTotal:        1844596 kB
MemFree:         1177640 kB
MemAvailable:    1534784 kB
Buffers:           52800 kB
Cached:           417216 kB
MemTotal:        1844596 kB
MemFree:         1176632 kB
MemAvailable:    1533776 kB
Buffers:           52800 kB
Cached:           417216 kB
MemTotal:        1844596 kB
MemFree:         1176716 kB
MemAvailable:    1533860 kB
Buffers:           52800 kB
Cached:           417216 kB
MemTotal:        1844596 kB
MemFree:         1175344 kB
MemAvailable:    1532488 kB
Buffers:           52800 kB
Cached:           417216 kB
MemTotal:        1844596 kB
MemFree:         1175276 kB
MemAvailable:    1532420 kB
Buffers:           52800 kB
Cached:           417216 kB
MemTotal:        1844596 kB
MemFree:         1172432 kB
MemAvailable:    1529576 kB
Buffers:           52800 kB
Cached:           417216 kB
MemTotal:        1844596 kB
MemFree:         1170384 kB
MemAvailable:    1527528 kB
Buffers:           52800 kB
Cached:           417216 kB
MemTotal:        1844596 kB
MemFree:         1167348 kB
MemAvailable:    1524492 kB
Buffers:           52800 kB
Cached:           417216 kB
MemTotal:        1844596 kB
MemFree:         1162876 kB
MemAvailable:    1520020 kB
Buffers:           52800 kB
Cached:           417216 kB
MemTotal:        1844596 kB
MemFree:         1165220 kB
MemAvailable:    1522364 kB
Buffers:           52800 kB
Cached:           417216 kB
MemTotal:        1844596 kB
MemFree:         1164044 kB
MemAvailable:    1521188 kB
Buffers:           52800 kB
Cached:           417216 kB
MemTotal:        1844596 kB
MemFree:         1164036 kB
MemAvailable:    1521180 kB
Buffers:           52800 kB
Cached:           417216 kB
MemTotal:        1844596 kB
MemFree:         1165108 kB
MemAvailable:    1522252 kB
Buffers:           52800 kB
Cached:           417216 kB
MemTotal:        1844596 kB
MemFree:         1165108 kB
MemAvailable:    1522252 kB
Buffers:           52800 kB
Cached:           417216 kB
MemTotal:        1844596 kB
MemFree:         1163984 kB
MemAvailable:    1521128 kB
Buffers:           52800 kB
Cached:           417216 kB
MemTotal:        1844596 kB
MemFree:         1163752 kB
MemAvailable:    1520896 kB
Buffers:           52800 kB
Cached:           417216 kB
MemTotal:        1844596 kB
MemFree:         1162992 kB
MemAvailable:    1520136 kB
Buffers:           52800 kB
Cached:           417216 kB
MemTotal:        1844596 kB
MemFree:         1163244 kB
MemAvailable:    1520388 kB
Buffers:           52800 kB
Cached:           417216 kB
MemTotal:        1844596 kB
MemFree:         1163116 kB
MemAvailable:    1520260 kB
Buffers:           52800 kB
Cached:           417216 kB
MemTotal:        1844596 kB
MemFree:         1161628 kB
MemAvailable:    1518772 kB
Buffers:           52800 kB
Cached:           417216 kB
MemTotal:        1844596 kB
MemFree:         1161620 kB
MemAvailable:    1518764 kB
Buffers:           52800 kB
Cached:           417216 kB
MemTotal:        1844596 kB
MemFree:         1162828 kB
MemAvailable:    1519972 kB
Buffers:           52800 kB
Cached:           417216 kB
MemTotal:        1844596 kB
MemFree:         1162852 kB
MemAvailable:    1519996 kB
Buffers:           52800 kB
Cached:           417216 kB
MemTotal:        1844596 kB
MemFree:         1162936 kB
MemAvailable:    1520080 kB
Buffers:           52800 kB
Cached:           417216 kB
MemTotal:        1844596 kB
MemFree:         1164024 kB
MemAvailable:    1521168 kB
Buffers:           52800 kB
Cached:           417216 kB
MemTotal:        1844596 kB
MemFree:         1163744 kB
MemAvailable:    1520888 kB
Buffers:           52800 kB
Cached:           417216 kB
MemTotal:        1844596 kB
MemFree:         1163636 kB
MemAvailable:    1520780 kB
Buffers:           52800 kB
Cached:           417216 kB
MemTotal:        1844596 kB
MemFree:         1160644 kB
MemAvailable:    1517788 kB
Buffers:           52800 kB
Cached:           417216 kB
MemTotal:        1844596 kB
MemFree:         1160040 kB
MemAvailable:    1517184 kB
Buffers:           52800 kB
Cached:           417216 kB
MemTotal:        1844596 kB
MemFree:         1160132 kB
MemAvailable:    1517276 kB
Buffers:           52800 kB
Cached:           417216 kB
MemTotal:        1844596 kB
MemFree:         1159784 kB
MemAvailable:    1516928 kB
Buffers:           52800 kB
Cached:           417216 kB
MemTotal:        1844596 kB
MemFree:         1159644 kB
MemAvailable:    1516788 kB
Buffers:           52800 kB
Cached:           417216 kB
MemTotal:        1844596 kB
MemFree:         1159412 kB
MemAvailable:    1516556 kB
Buffers:           52800 kB
Cached:           417216 kB
MemTotal:        1844596 kB
MemFree:         1158976 kB
MemAvailable:    1516120 kB
Buffers:           52800 kB
Cached:           417216 kB
MemTotal:        1844596 kB
MemFree:         1158172 kB
MemAvailable:    1515316 kB
Buffers:           52800 kB
Cached:           417216 kB
MemTotal:        1844596 kB
MemFree:         1158652 kB
MemAvailable:    1515796 kB
Buffers:           52800 kB
Cached:           417216 kB
MemTotal:        1844596 kB
MemFree:         1158736 kB
MemAvailable:    1515880 kB
Buffers:           52800 kB
Cached:           417216 kB
MemTotal:        1844596 kB
MemFree:         1158348 kB
MemAvailable:    1515492 kB
Buffers:           52800 kB
Cached:           417216 kB
MemTotal:        1844596 kB
MemFree:         1158684 kB
MemAvailable:    1515828 kB
Buffers:           52800 kB
Cached:           417216 kB
MemTotal:        1844596 kB
MemFree:         1158584 kB
MemAvailable:    1515728 kB
Buffers:           52800 kB
Cached:           417216 kB
MemTotal:        1844596 kB
MemFree:         1156932 kB
MemAvailable:    1514076 kB
Buffers:           52800 kB
Cached:           417216 kB
MemTotal:        1844596 kB
MemFree:         1157528 kB
MemAvailable:    1514672 kB
Buffers:           52800 kB
Cached:           417216 kB
MemTotal:        1844596 kB
MemFree:         1156388 kB
MemAvailable:    1513532 kB
Buffers:           52800 kB
Cached:           417216 kB
MemTotal:        1844596 kB
MemFree:         1156372 kB
MemAvailable:    1513516 kB
Buffers:           52800 kB
Cached:           417216 kB
MemTotal:        1844596 kB
MemFree:         1156372 kB
MemAvailable:    1513516 kB
Buffers:           52800 kB
Cached:           417216 kB
MemTotal:        1844596 kB
MemFree:         1156372 kB
MemAvailable:    1513516 kB
Buffers:           52800 kB
Cached:           417216 kB
MemTotal:        1844596 kB
MemFree:         1156372 kB
MemAvailable:    1513516 kB
Buffers:           52800 kB
Cached:           417216 kB
MemTotal:        1844596 kB
MemFree:         1157488 kB
MemAvailable:    1514632 kB
Buffers:           52800 kB
Cached:           417216 kB
MemTotal:        1844596 kB
MemFree:         1156372 kB
MemAvailable:    1513516 kB
Buffers:           52800 kB
Cached:           417216 kB
MemTotal:        1844596 kB
MemFree:         1157576 kB
MemAvailable:    1514720 kB
Buffers:           52800 kB
Cached:           417216 kB
MemTotal:        1844596 kB
MemFree:         1157648 kB
MemAvailable:    1514792 kB
Buffers:           52800 kB
Cached:           417216 kB
MemTotal:        1844596 kB
MemFree:         1157916 kB
MemAvailable:    1515060 kB
Buffers:           52800 kB
Cached:           417216 kB
MemTotal:        1844596 kB
MemFree:         1157464 kB
MemAvailable:    1514608 kB
Buffers:           52800 kB
Cached:           417216 kB
MemTotal:        1844596 kB
MemFree:         1157332 kB
MemAvailable:    1514480 kB
Buffers:           52800 kB
Cached:           417220 kB
MemTotal:        1844596 kB
MemFree:         1157148 kB
MemAvailable:    1514296 kB
Buffers:           52800 kB
Cached:           417220 kB
MemTotal:        1844596 kB
MemFree:         1155776 kB
MemAvailable:    1512924 kB
Buffers:           52800 kB
Cached:           417220 kB
MemTotal:        1844596 kB
MemFree:         1156776 kB
MemAvailable:    1513924 kB
Buffers:           52800 kB
Cached:           417220 kB
MemTotal:        1844596 kB
MemFree:         1155536 kB
MemAvailable:    1512684 kB
Buffers:           52800 kB
Cached:           417220 kB
MemTotal:        1844596 kB
MemFree:         1156640 kB
MemAvailable:    1513788 kB
Buffers:           52800 kB
Cached:           417220 kB
MemTotal:        1844596 kB
MemFree:         1156700 kB
MemAvailable:    1513848 kB
Buffers:           52800 kB
Cached:           417220 kB
MemTotal:        1844596 kB
MemFree:         1156768 kB
MemAvailable:    1513916 kB
Buffers:           52800 kB
Cached:           417220 kB
MemTotal:        1844596 kB
MemFree:         1156896 kB
MemAvailable:    1514044 kB
Buffers:           52800 kB
Cached:           417220 kB
MemTotal:        1844596 kB
MemFree:         1156664 kB
MemAvailable:    1513812 kB
Buffers:           52800 kB
Cached:           417220 kB
MemTotal:        1844596 kB
MemFree:         1155392 kB
MemAvailable:    1512540 kB
Buffers:           52800 kB
Cached:           417220 kB
MemTotal:        1844596 kB
MemFree:         1156668 kB
MemAvailable:    1513816 kB
Buffers:           52800 kB
Cached:           417220 kB
MemTotal:        1844596 kB
MemFree:         1153676 kB
MemAvailable:    1510824 kB
Buffers:           52800 kB
Cached:           417220 kB
MemTotal:        1844596 kB
MemFree:         1151132 kB
MemAvailable:    1508280 kB
Buffers:           52800 kB
Cached:           417220 kB
MemTotal:        1844596 kB
MemFree:         1149460 kB
MemAvailable:    1506608 kB
Buffers:           52800 kB
Cached:           417220 kB
MemTotal:        1844596 kB
MemFree:         1147972 kB
MemAvailable:    1505120 kB
Buffers:           52800 kB
Cached:           417220 kB
MemTotal:        1844596 kB
MemFree:         1147848 kB
MemAvailable:    1504996 kB
Buffers:           52800 kB
Cached:           417220 kB
MemTotal:        1844596 kB
MemFree:         1148700 kB
MemAvailable:    1505848 kB
Buffers:           52800 kB
Cached:           417220 kB
MemTotal:        1844596 kB
MemFree:         1148952 kB
MemAvailable:    1506100 kB
Buffers:           52800 kB
Cached:           417220 kB
MemTotal:        1844596 kB
MemFree:         1148760 kB
MemAvailable:    1505908 kB
Buffers:           52800 kB
Cached:           417220 kB
MemTotal:        1844596 kB
MemFree:         1148204 kB
MemAvailable:    1505352 kB
Buffers:           52800 kB
Cached:           417220 kB
MemTotal:        1844596 kB
MemFree:         1148644 kB
MemAvailable:    1505792 kB
Buffers:           52800 kB
Cached:           417220 kB
MemTotal:        1844596 kB
MemFree:         1148716 kB
MemAvailable:    1505864 kB
Buffers:           52800 kB
Cached:           417220 kB
MemTotal:        1844596 kB
MemFree:         1148828 kB
MemAvailable:    1505976 kB
Buffers:           52800 kB
Cached:           417220 kB
MemTotal:        1844596 kB
MemFree:         1147964 kB
MemAvailable:    1505112 kB
Buffers:           52800 kB
Cached:           417220 kB
MemTotal:        1844596 kB
MemFree:         1148628 kB
MemAvailable:    1505780 kB
Buffers:           52800 kB
Cached:           417224 kB
MemTotal:        1844596 kB
MemFree:         1148848 kB
MemAvailable:    1505876 kB
Buffers:           52800 kB
Cached:           417224 kB
MemTotal:        1844596 kB
MemFree:         1148528 kB
MemAvailable:    1505680 kB
Buffers:           52800 kB
Cached:           417224 kB
MemTotal:        1844596 kB
MemFree:         1148468 kB
MemAvailable:    1505620 kB
Buffers:           52800 kB
Cached:           417224 kB
MemTotal:        1844596 kB
MemFree:         1148272 kB
MemAvailable:    1505424 kB
Buffers:           52800 kB
Cached:           417224 kB
MemTotal:        1844596 kB
MemFree:         1147940 kB
MemAvailable:    1505092 kB
Buffers:           52800 kB
Cached:           417224 kB
MemTotal:        1844596 kB
MemFree:         1147600 kB
MemAvailable:    1504752 kB
Buffers:           52800 kB
Cached:           417224 kB
MemTotal:        1844596 kB
MemFree:         1147412 kB
MemAvailable:    1504564 kB
Buffers:           52800 kB
Cached:           417224 kB
MemTotal:        1844596 kB
MemFree:         1145980 kB
MemAvailable:    1503132 kB
Buffers:           52800 kB
Cached:           417224 kB
MemTotal:        1844596 kB
MemFree:         1146908 kB
MemAvailable:    1504060 kB
Buffers:           52800 kB
Cached:           417224 kB
MemTotal:        1844596 kB
MemFree:         1146972 kB
MemAvailable:    1504124 kB
Buffers:           52800 kB
Cached:           417224 kB
MemTotal:        1844596 kB
MemFree:         1144616 kB
MemAvailable:    1501768 kB
Buffers:           52800 kB
Cached:           417224 kB
MemTotal:        1844596 kB
MemFree:         1144492 kB
MemAvailable:    1501644 kB
Buffers:           52800 kB
Cached:           417224 kB
MemTotal:        1844596 kB
MemFree:         1143872 kB
MemAvailable:    1501024 kB
Buffers:           52800 kB
Cached:           417224 kB
MemTotal:        1844596 kB
MemFree:         1145368 kB
MemAvailable:    1502520 kB
Buffers:           52800 kB
Cached:           417224 kB
MemTotal:        1844596 kB
MemFree:         1145360 kB
MemAvailable:    1502512 kB
Buffers:           52800 kB
Cached:           417224 kB
MemTotal:        1844596 kB
MemFree:         1143624 kB
MemAvailable:    1500776 kB
Buffers:           52800 kB
Cached:           417224 kB
MemTotal:        1844596 kB
MemFree:         1144864 kB
MemAvailable:    1502016 kB
Buffers:           52800 kB
Cached:           417224 kB
MemTotal:        1844596 kB
MemFree:         1143756 kB
MemAvailable:    1500908 kB
Buffers:           52800 kB
Cached:           417224 kB
MemTotal:        1844596 kB
MemFree:         1144920 kB
MemAvailable:    1502072 kB
Buffers:           52800 kB
Cached:           417224 kB
MemTotal:        1844596 kB
MemFree:         1143632 kB
MemAvailable:    1500784 kB
Buffers:           52800 kB
Cached:           417224 kB
MemTotal:        1844596 kB
MemFree:         1143584 kB
MemAvailable:    1500736 kB
Buffers:           52800 kB
Cached:           417224 kB
MemTotal:        1844596 kB
MemFree:         1143592 kB
MemAvailable:    1500744 kB
Buffers:           52800 kB
Cached:           417224 kB
MemTotal:        1844596 kB
MemFree:         1143632 kB
MemAvailable:    1500784 kB
Buffers:           52812 kB
Cached:           417212 kB
MemTotal:        1844596 kB
MemFree:         1143252 kB
MemAvailable:    1500404 kB
Buffers:           52812 kB
Cached:           417212 kB
MemTotal:        1844596 kB
MemFree:         1144112 kB
MemAvailable:    1501264 kB
Buffers:           52812 kB
Cached:           417212 kB
MemTotal:        1844596 kB
MemFree:         1144004 kB
MemAvailable:    1501156 kB
Buffers:           52812 kB
Cached:           417212 kB
MemTotal:        1844596 kB
MemFree:         1137044 kB
MemAvailable:    1494196 kB
Buffers:           52812 kB
Cached:           417212 kB
MemTotal:        1844596 kB
MemFree:         1136564 kB
MemAvailable:    1493716 kB
Buffers:           52812 kB
Cached:           417212 kB
MemTotal:        1844596 kB
MemFree:         1136740 kB
MemAvailable:    1493892 kB
Buffers:           52812 kB
Cached:           417212 kB
MemTotal:        1844596 kB
MemFree:         1136992 kB
MemAvailable:    1494144 kB
Buffers:           52812 kB
Cached:           417212 kB
MemTotal:        1844596 kB
MemFree:         1136796 kB
MemAvailable:    1493948 kB
Buffers:           52812 kB
Cached:           417212 kB
MemTotal:        1844596 kB
MemFree:         1136564 kB
MemAvailable:    1493716 kB
Buffers:           52812 kB
Cached:           417212 kB
MemTotal:        1844596 kB
MemFree:         1139060 kB
MemAvailable:    1496212 kB
Buffers:           52812 kB
Cached:           417212 kB
MemTotal:        1844596 kB
MemFree:         1138176 kB
MemAvailable:    1495328 kB
Buffers:           52812 kB
Cached:           417212 kB
MemTotal:        1844596 kB
MemFree:         1138548 kB
MemAvailable:    1495700 kB
Buffers:           52816 kB
Cached:           417208 kB
MemTotal:        1844596 kB
MemFree:         1137300 kB
MemAvailable:    1494452 kB
Buffers:           52816 kB
Cached:           417332 kB
MemTotal:        1844596 kB
MemFree:         1138236 kB
MemAvailable:    1495640 kB
Buffers:           52816 kB
Cached:           417456 kB
MemTotal:        1844596 kB
MemFree:         1137060 kB
MemAvailable:    1494548 kB
Buffers:           52816 kB
Cached:           417580 kB
MemTotal:        1844596 kB
MemFree:         1137988 kB
MemAvailable:    1495576 kB
Buffers:           52816 kB
Cached:           417720 kB
MemTotal:        1844596 kB
MemFree:         1136556 kB
MemAvailable:    1494252 kB
Buffers:           52816 kB
Cached:           417832 kB
MemTotal:        1844596 kB
MemFree:         1136556 kB
MemAvailable:    1494420 kB
Buffers:           52816 kB
Cached:           417956 kB
MemTotal:        1844596 kB
MemFree:         1137864 kB
MemAvailable:    1495728 kB
Buffers:           52816 kB
Cached:           417920 kB
MemTotal:        1844596 kB
MemFree:         1137864 kB
MemAvailable:    1495728 kB
Buffers:           52816 kB
Cached:           417920 kB
MemTotal:        1844596 kB
MemFree:         1137060 kB
MemAvailable:    1494924 kB
Buffers:           52816 kB
Cached:           417920 kB
MemTotal:        1844596 kB
MemFree:         1137668 kB
MemAvailable:    1495532 kB
Buffers:           52816 kB
Cached:           417920 kB
MemTotal:        1844596 kB
MemFree:         1136164 kB
MemAvailable:    1494028 kB
Buffers:           52816 kB
Cached:           417920 kB
MemTotal:        1844596 kB
MemFree:         1137480 kB
MemAvailable:    1495344 kB
Buffers:           52816 kB
Cached:           417920 kB
MemTotal:        1844596 kB
MemFree:         1137480 kB
MemAvailable:    1495344 kB
Buffers:           52816 kB
Cached:           417920 kB
MemTotal:        1844596 kB
MemFree:         1136936 kB
MemAvailable:    1494128 kB
Buffers:           52816 kB
Cached:           417164 kB
MemTotal:        1844596 kB
MemFree:         1204740 kB
MemAvailable:    1562016 kB
Buffers:           52816 kB
Cached:           417288 kB
