MemTotal:        1844596 kB
MemFree:         1374796 kB
MemAvailable:    1580864 kB
Buffers:           32364 kB
Cached:           291088 kB
MemTotal:        1844596 kB
MemFree:         1347616 kB
MemAvailable:    1553688 kB
Buffers:           32364 kB
Cached:           291092 kB
MemTotal:        1844596 kB
MemFree:         1347492 kB
MemAvailable:    1553564 kB
Buffers:           32364 kB
Cached:           291092 kB
MemTotal:        1844596 kB
MemFree:         1344144 kB
MemAvailable:    1550216 kB
Buffers:           32364 kB
Cached:           291092 kB
MemTotal:        1844596 kB
MemFree:         1343896 kB
MemAvailable:    1549968 kB
Buffers:           32364 kB
Cached:           291092 kB
MemTotal:        1844596 kB
MemFree:         1343848 kB
MemAvailable:    1549920 kB
Buffers:           32364 kB
Cached:           291092 kB
MemTotal:        1844596 kB
MemFree:         1342632 kB
MemAvailable:    1548704 kB
Buffers:           32368 kB
Cached:           291088 kB
MemTotal:        1844596 kB
MemFree:         1340920 kB
MemAvailable:    1546992 kB
Buffers:           32368 kB
Cached:           291088 kB
MemTotal:        1844596 kB
MemFree:         1337928 kB
MemAvailable:    1544000 kB
Buffers:           32368 kB
Cached:           291088 kB
MemTotal:        1844596 kB
MemFree:         1337448 kB
MemAvailable:    1543520 kB
Buffers:           32368 kB
Cached:           291088 kB
MemTotal:        1844596 kB
MemFree:         1332920 kB
MemAvailable:    1538992 kB
Buffers:           32368 kB
Cached:           291088 kB
MemTotal:        1844596 kB
MemFree:         1334036 kB
MemAvailable:    1540108 kB
Buffers:           32368 kB
Cached:           291088 kB
MemTotal:        1844596 kB
MemFree:         1332560 kB
MemAvailable:    1538632 kB
Buffers:           32368 kB
Cached:           291088 kB
MemTotal:        1844596 kB
MemFree:         1334156 kB
MemAvailable:    1540228 kB
Buffers:           32368 kB
Cached:           291088 kB
MemTotal:        1844596 kB
MemFree:         1334160 kB
MemAvailable:    1540232 kB
Buffers:           32368 kB
Cached:           291088 kB
MemTotal:        1844596 kB
MemFree:         1332976 kB
MemAvailable:    1539048 kB
Buffers:           32368 kB
Cached:           291088 kB
MemTotal:        1844596 kB
MemFree:         1332480 kB
MemAvailable:    1538556 kB
Buffers:           32368 kB
Cached:           291092 kB
MemTotal:        1844596 kB
MemFree:         1333284 kB
MemAvailable:    1539360 kB
Buffers:           32368 kB
Cached:           291092 kB
MemTotal:        1844596 kB
MemFree:         1332292 kB
MemAvailable:    1538368 kB
Buffers:           32368 kB
Cached:           291092 kB
MemTotal:        1844596 kB
MemFree:         1330628 kB
MemAvailable:    1536704 kB
Buffers:           32368 kB
Cached:           291092 kB
MemTotal:        1844596 kB
MemFree:         1331540 kB
MemAvailable:    1537616 kB
Buffers:           32368 kB
Cached:           291092 kB
MemTotal:        1844596 kB
MemFree:         1331668 kB
MemAvailable:    1537744 kB
Buffers:           32368 kB
Cached:           291092 kB
MemTotal:        1844596 kB
MemFree:         1331588 kB
MemAvailable:    1537664 kB
Buffers:           32368 kB
Cached:           291092 kB
MemTotal:        1844596 kB
MemFree:         1331672 kB
MemAvailable:    1537748 kB
Buffers:           32368 kB
Cached:           291092 kB
MemTotal:        1844596 kB
MemFree:         1330232 kB
MemAvailable:    1536308 kB
Buffers:           32368 kB
Cached:           291092 kB
MemTotal:        1844596 kB
MemFree:         1330240 kB
MemAvailable:    1536316 kB
Buffers:           32368 kB
Cached:           291092 kB
MemTotal:        1844596 kB
MemFree:         1330316 kB
MemAvailable:    1536392 kB
Buffers:           32368 kB
Cached:           291092 kB
MemTotal:        1844596 kB
MemFree:         1332832 kB
MemAvailable:    1538908 kB
Buffers:           32368 kB
Cached:           291092 kB
MemTotal:        1844596 kB
MemFree:         1332880 kB
MemAvailable:    1538956 kB
Buffers:           32368 kB
Cached:           291092 kB
MemTotal:        1844596 kB
MemFree:         1331480 kB
MemAvailable:    1537556 kB
Buffers:           32368 kB
Cached:           291092 kB
MemTotal:        1844596 kB
MemFree:         1330876 kB
MemAvailable:    1536952 kB
Buffers:           32368 kB
Cached:           291092 kB
MemTotal:        1844596 kB
MemFree:         1328520 kB
MemAvailable:    1534596 kB
Buffers:           32368 kB
Cached:           291092 kB
MemTotal:        1844596 kB
MemFree:         1329200 kB
MemAvailable:    1535276 kB
Buffers:           32368 kB
Cached:           291092 kB
MemTotal:        1844596 kB
MemFree:         1327404 kB
MemAvailable:    1533480 kB
Buffers:           32368 kB
Cached:           291092 kB
MemTotal:        1844596 kB
MemFree:         1328332 kB
MemAvailable:    1534408 kB
Buffers:           32368 kB
Cached:           291092 kB
MemTotal:        1844596 kB
MemFree:         1326536 kB
MemAvailable:    1532612 kB
Buffers:           32368 kB
Cached:           291092 kB
MemTotal:        1844596 kB
MemFree:         1326116 kB
MemAvailable:    1532192 kB
Buffers:           32368 kB
Cached:           291092 kB
MemTotal:        1844596 kB
MemFree:         1327216 kB
MemAvailable:    1533292 kB
Buffers:           32368 kB
Cached:           291092 kB
MemTotal:        1844596 kB
MemFree:         1326908 kB
MemAvailable:    1532984 kB
Buffers:           32368 kB
Cached:           291092 kB
MemTotal:        1844596 kB
MemFree:         1327452 kB
MemAvailable:    1533528 kB
Buffers:           32368 kB
Cached:           291092 kB
MemTotal:        1844596 kB
MemFree:         1326020 kB
MemAvailable:    1532096 kB
Buffers:           32368 kB
Cached:           291092 kB
MemTotal:        1844596 kB
MemFree:         1327320 kB
MemAvailable:    1533396 kB
Buffers:           32368 kB
Cached:           291092 kB
MemTotal:        1844596 kB
MemFree:         1327120 kB
MemAvailable:    1533196 kB
Buffers:           32368 kB
Cached:           291092 kB
MemTotal:        1844596 kB
MemFree:         1325624 kB
MemAvailable:    1531700 kB
Buffers:           32368 kB
Cached:           291092 kB
MemTotal:        1844596 kB
MemFree:         1325508 kB
MemAvailable:    1531584 kB
Buffers:           32368 kB
Cached:           291092 kB
MemTotal:        1844596 kB
MemFree:         1326356 kB
MemAvailable:    1532432 kB
Buffers:           32368 kB
Cached:           291092 kB
MemTotal:        1844596 kB
MemFree:         1326856 kB
MemAvailable:    1532932 kB
Buffers:           32368 kB
Cached:           291092 kB
MemTotal:        1844596 kB
MemFree:         1326976 kB
MemAvailable:    1533052 kB
Buffers:           32368 kB
Cached:           291092 kB
MemTotal:        1844596 kB
MemFree:         1327032 kB
MemAvailable:    1533108 kB
Buffers:           32368 kB
Cached:           291092 kB
MemTotal:        1844596 kB
MemFree:         1326660 kB
MemAvailable:    1532736 kB
Buffers:           32368 kB
Cached:           291092 kB
MemTotal:        1844596 kB
MemFree:         1326264 kB
MemAvailable:    1532340 kB
Buffers:           32368 kB
Cached:           291092 kB
MemTotal:        1844596 kB
MemFree:         1326516 kB
MemAvailable:    1532592 kB
Buffers:           32368 kB
Cached:           291092 kB
MemTotal:        1844596 kB
MemFree:         1326232 kB
MemAvailable:    1532308 kB
Buffers:           32368 kB
Cached:           291092 kB
MemTotal:        1844596 kB
MemFree:         1326292 kB
MemAvailable:    1532368 kB
Buffers:           32368 kB
Cached:           291092 kB
MemTotal:        1844596 kB
MemFree:         1325116 kB
MemAvailable:    1531192 kB
Buffers:           32368 kB
Cached:           291092 kB
MemTotal:        1844596 kB
MemFree:         1326232 kB
MemAvailable:    1532308 kB
Buffers:           32368 kB
Cached:           291092 kB
MemTotal:        1844596 kB
MemFree:         1326160 kB
MemAvailable:    1532236 kB
Buffers:           32368 kB
Cached:           291092 kB
MemTotal:        1844596 kB
MemFree:         1326040 kB
MemAvailable:    1532116 kB
Buffers:           32368 kB
Cached:           291092 kB
MemTotal:        1844596 kB
MemFree:         1325852 kB
MemAvailable:    1531928 kB
Buffers:           32368 kB
Cached:           291092 kB
MemTotal:        1844596 kB
MemFree:         1325792 kB
MemAvailable:    1531868 kB
Buffers:           32368 kB
Cached:           291092 kB
MemTotal:        1844596 kB
MemFree:         1325652 kB
MemAvailable:    1531728 kB
Buffers:           32368 kB
Cached:           291092 kB
MemTotal:        1844596 kB
MemFree:         1325424 kB
MemAvailable:    1531500 kB
Buffers:           32368 kB
Cached:           291092 kB
MemTotal:        1844596 kB
MemFree:         1325672 kB
MemAvailable:    1531748 kB
Buffers:           32368 kB
Cached:           291092 kB
MemTotal:        1844596 kB
MemFree:         1325456 kB
MemAvailable:    1531532 kB
Buffers:           32368 kB
Cached:           291092 kB
MemTotal:        1844596 kB
MemFree:         1324276 kB
MemAvailable:    1530352 kB
Buffers:           32368 kB
Cached:           291092 kB
MemTotal:        1844596 kB
MemFree:         1325364 kB
MemAvailable:    1531440 kB
Buffers:           32368 kB
Cached:           291092 kB
MemTotal:        1844596 kB
MemFree:         1325476 kB
MemAvailable:    1531552 kB
Buffers:           32368 kB
Cached:           291092 kB
MemTotal:        1844596 kB
MemFree:         1323996 kB
MemAvailable:    1530072 kB
Buffers:           32368 kB
Cached:           291092 kB
MemTotal:        1844596 kB
MemFree:         1322320 kB
MemAvailable:    1528396 kB
Buffers:           32368 kB
Cached:           291092 kB
MemTotal:        1844596 kB
MemFree:         1321040 kB
MemAvailable:    1527124 kB
Buffers:           32368 kB
Cached:           291100 kB
MemTotal:        1844596 kB
MemFree:         1318104 kB
MemAvailable:    1524188 kB
Buffers:           32368 kB
Cached:           291100 kB
MemTotal:        1844596 kB
MemFree:         1317916 kB
MemAvailable:    1524000 kB
Buffers:           32368 kB
Cached:           291100 kB
MemTotal:        1844596 kB
MemFree:         1316356 kB
MemAvailable:    1522440 kB
Buffers:           32368 kB
Cached:           291100 kB
MemTotal:        1844596 kB
MemFree:         1316472 kB
MemAvailable:    1522556 kB
Buffers:           32368 kB
Cached:           291100 kB
MemTotal:        1844596 kB
MemFree:         1316852 kB
MemAvailable:    1522936 kB
Buffers:           32368 kB
Cached:           291100 kB
MemTotal:        1844596 kB
MemFree:         1317592 kB
MemAvailable:    1523676 kB
Buffers:           32368 kB
Cached:           291100 kB
MemTotal:        1844596 kB
MemFree:         1317484 kB
MemAvailable:    1523568 kB
Buffers:           32368 kB
Cached:           291100 kB
MemTotal:        1844596 kB
MemFree:         1317396 kB
MemAvailable:    1523480 kB
Buffers:           32368 kB
Cached:           291100 kB
MemTotal:        1844596 kB
MemFree:         1316228 kB
MemAvailable:    1522312 kB
Buffers:           32368 kB
Cached:           291100 kB
MemTotal:        1844596 kB
MemFree:         1317412 kB
MemAvailable:    1523496 kB
Buffers:           32368 kB
Cached:           291100 kB
MemTotal:        1844596 kB
MemFree:         1317360 kB
MemAvailable:    1523444 kB
Buffers:           32368 kB
Cached:           291100 kB
MemTotal:        1844596 kB
MemFree:         1317288 kB
MemAvailable:    1523372 kB
Buffers:           32368 kB
Cached:           291100 kB
MemTotal:        1844596 kB
MemFree:         1317624 kB
MemAvailable:    1523708 kB
Buffers:           32368 kB
Cached:           291100 kB
MemTotal:        1844596 kB
MemFree:         1316224 kB
MemAvailable:    1522308 kB
Buffers:           32368 kB
Cached:           291100 kB
MemTotal:        1844596 kB
MemFree:         1316972 kB
MemAvailable:    1523056 kB
Buffers:           32368 kB
Cached:           291100 kB
MemTotal:        1844596 kB
MemFree:         1316120 kB
MemAvailable:    1522204 kB
Buffers:           32368 kB
Cached:           291100 kB
MemTotal:        1844596 kB
MemFree:         1316600 kB
MemAvailable:    1522684 kB
Buffers:           32368 kB
Cached:           291100 kB
MemTotal:        1844596 kB
MemFree:         1316592 kB
MemAvailable:    1522676 kB
Buffers:           32368 kB
Cached:           291100 kB
MemTotal:        1844596 kB
MemFree:         1314624 kB
MemAvailable:    1520708 kB
Buffers:           32368 kB
Cached:           291100 kB
MemTotal:        1844596 kB
MemFree:         1316080 kB
MemAvailable:    1522164 kB
Buffers:           32368 kB
Cached:           291100 kB
MemTotal:        1844596 kB
MemFree:         1315624 kB
MemAvailable:    1521708 kB
Buffers:           32368 kB
Cached:           291100 kB
MemTotal:        1844596 kB
MemFree:         1314452 kB
MemAvailable:    1520536 kB
Buffers:           32368 kB
Cached:           291100 kB
MemTotal:        1844596 kB
MemFree:         1314384 kB
MemAvailable:    1520468 kB
Buffers:           32368 kB
Cached:           291100 kB
MemTotal:        1844596 kB
MemFree:         1314244 kB
MemAvailable:    1520328 kB
Buffers:           32368 kB
Cached:           291100 kB
MemTotal:        1844596 kB
MemFree:         1314244 kB
MemAvailable:    1520328 kB
Buffers:           32368 kB
Cached:           291100 kB
MemTotal:        1844596 kB
MemFree:         1313892 kB
MemAvailable:    1519976 kB
Buffers:           32368 kB
Cached:           291100 kB
MemTotal:        1844596 kB
MemFree:         1312712 kB
MemAvailable:    1518796 kB
Buffers:           32368 kB
Cached:           291100 kB
MemTotal:        1844596 kB
MemFree:         1313748 kB
MemAvailable:    1519832 kB
Buffers:           32368 kB
Cached:           291100 kB
MemTotal:        1844596 kB
MemFree:         1312772 kB
MemAvailable:    1518856 kB
Buffers:           32368 kB
Cached:           291100 kB
MemTotal:        1844596 kB
MemFree:         1312388 kB
MemAvailable:    1518472 kB
Buffers:           32368 kB
Cached:           291100 kB
MemTotal:        1844596 kB
MemFree:         1313568 kB
MemAvailable:    1519652 kB
Buffers:           32368 kB
Cached:           291100 kB
MemTotal:        1844596 kB
MemFree:         1313700 kB
MemAvailable:    1519784 kB
Buffers:           32368 kB
Cached:           291100 kB
MemTotal:        1844596 kB
MemFree:         1312772 kB
MemAvailable:    1518856 kB
Buffers:           32368 kB
Cached:           291100 kB
MemTotal:        1844596 kB
MemFree:         1312640 kB
MemAvailable:    1518724 kB
Buffers:           32368 kB
Cached:           291100 kB
MemTotal:        1844596 kB
MemFree:         1312516 kB
MemAvailable:    1518600 kB
Buffers:           32368 kB
Cached:           291100 kB
MemTotal:        1844596 kB
MemFree:         1313004 kB
MemAvailable:    1519088 kB
Buffers:           32368 kB
Cached:           291100 kB
MemTotal:        1844596 kB
MemFree:         1312152 kB
MemAvailable:    1518236 kB
Buffers:           32368 kB
Cached:           291100 kB
MemTotal:        1844596 kB
MemFree:         1312868 kB
MemAvailable:    1518952 kB
Buffers:           32368 kB
Cached:           291100 kB
MemTotal:        1844596 kB
MemFree:         1312868 kB
MemAvailable:    1518952 kB
Buffers:           32368 kB
Cached:           291100 kB
MemTotal:        1844596 kB
MemFree:         1305936 kB
MemAvailable:    1512020 kB
Buffers:           32368 kB
Cached:           291100 kB
MemTotal:        1844596 kB
MemFree:         1305332 kB
MemAvailable:    1511416 kB
Buffers:           32368 kB
Cached:           291100 kB
MemTotal:        1844596 kB
MemFree:         1305724 kB
MemAvailable:    1511808 kB
Buffers:           32368 kB
Cached:           291100 kB
MemTotal:        1844596 kB
MemFree:         1305708 kB
MemAvailable:    1511792 kB
Buffers:           32368 kB
Cached:           291100 kB
MemTotal:        1844596 kB
MemFree:         1304960 kB
MemAvailable:    1511044 kB
Buffers:           32368 kB
Cached:           291100 kB
MemTotal:        1844596 kB
MemFree:         1305692 kB
MemAvailable:    1511776 kB
Buffers:           32368 kB
Cached:           291100 kB
MemTotal:        1844596 kB
MemFree:         1304836 kB
MemAvailable:    1510920 kB
Buffers:           32368 kB
Cached:           291100 kB
MemTotal:        1844596 kB
MemFree:         1307868 kB
MemAvailable:    1513952 kB
Buffers:           32368 kB
Cached:           291100 kB
MemTotal:        1844596 kB
MemFree:         1307500 kB
MemAvailable:    1513668 kB
Buffers:           32368 kB
Cached:           291224 kB
MemTotal:        1844596 kB
MemFree:         1307300 kB
MemAvailable:    1513468 kB
Buffers:           32368 kB
Cached:           291224 kB
MemTotal:        1844596 kB
MemFree:         1305696 kB
MemAvailable:    1512032 kB
Buffers:           32368 kB
Cached:           291348 kB
MemTotal:        1844596 kB
MemFree:         1305448 kB
MemAvailable:    1511952 kB
Buffers:           32368 kB
Cached:           291596 kB
MemTotal:        1844596 kB
MemFree:         1306592 kB
MemAvailable:    1513264 kB
Buffers:           32368 kB
Cached:           291720 kB
MemTotal:        1844596 kB
MemFree:         1306632 kB
MemAvailable:    1513304 kB
Buffers:           32368 kB
Cached:           291720 kB
MemTotal:        1844596 kB
MemFree:         1305456 kB
MemAvailable:    1512128 kB
Buffers:           32368 kB
Cached:           291720 kB
MemTotal:        1844596 kB
MemFree:         1306512 kB
MemAvailable:    1513184 kB
Buffers:           32368 kB
Cached:           291720 kB
MemTotal:        1844596 kB
MemFree:         1306764 kB
MemAvailable:    1513436 kB
Buffers:           32368 kB
Cached:           291720 kB
MemTotal:        1844596 kB
MemFree:         1306444 kB
MemAvailable:    1513116 kB
Buffers:           32368 kB
Cached:           291720 kB
MemTotal:        1844596 kB
MemFree:         1306480 kB
MemAvailable:    1513152 kB
Buffers:           32368 kB
Cached:           291720 kB
MemTotal:        1844596 kB
MemFree:         1306352 kB
MemAvailable:    1513024 kB
Buffers:           32368 kB
Cached:           291720 kB
MemTotal:        1844596 kB
MemFree:         1306324 kB
MemAvailable:    1512996 kB
Buffers:           32368 kB
Cached:           291720 kB
MemTotal:        1844596 kB
MemFree:         1305316 kB
MemAvailable:    1511400 kB
Buffers:           32368 kB
Cached:           291088 kB
MemTotal:        1844596 kB
MemFree:         1374456 kB
MemAvailable:    1580540 kB
Buffers:           32368 kB
Cached:           291088 kB
