MemTotal:        1844596 kB
MemFree:         1387324 kB
MemAvailable:    1583784 kB
Buffers:           30892 kB
Cached:           281364 kB
MemTotal:        1844596 kB
MemFree:         1362300 kB
MemAvailable:    1558764 kB
Buffers:           30892 kB
Cached:           281368 kB
MemTotal:        1844596 kB
MemFree:         1359500 kB
MemAvailable:    1555964 kB
Buffers:           30892 kB
Cached:           281368 kB
MemTotal:        1844596 kB
MemFree:         1359384 kB
MemAvailable:    1555848 kB
Buffers:           30892 kB
Cached:           281368 kB
MemTotal:        1844596 kB
MemFree:         1356216 kB
MemAvailable:    1552680 kB
Buffers:           30892 kB
Cached:           281368 kB
MemTotal:        1844596 kB
MemFree:         1354860 kB
MemAvailable:    1551324 kB
Buffers:           30892 kB
Cached:           281368 kB
MemTotal:        1844596 kB
MemFree:         1354852 kB
MemAvailable:    1551316 kB
Buffers:           30892 kB
Cached:           281368 kB
MemTotal:        1844596 kB
MemFree:         1353992 kB
MemAvailable:    1550456 kB
Buffers:           30892 kB
Cached:           281368 kB
MemTotal:        1844596 kB
MemFree:         1351968 kB
MemAvailable:    1548432 kB
Buffers:           30892 kB
Cached:           281368 kB
MemTotal:        1844596 kB
MemFree:         1348660 kB
MemAvailable:    1545124 kB
Buffers:           30892 kB
Cached:           281368 kB
MemTotal:        1844596 kB
MemFree:         1344940 kB
MemAvailable:    1541404 kB
Buffers:           30892 kB
Cached:           281368 kB
MemTotal:        1844596 kB
MemFree:         1346268 kB
MemAvailable:    1542732 kB
Buffers:           30892 kB
Cached:           281368 kB
MemTotal:        1844596 kB
MemFree:         1345952 kB
MemAvailable:    1542416 kB
Buffers:           30892 kB
Cached:           281368 kB
MemTotal:        1844596 kB
MemFree:         1346048 kB
MemAvailable:    1542512 kB
Buffers:           30892 kB
Cached:           281368 kB
MemTotal:        1844596 kB
MemFree:         1344912 kB
MemAvailable:    1541376 kB
Buffers:           30892 kB
Cached:           281368 kB
MemTotal:        1844596 kB
MemFree:         1346276 kB
MemAvailable:    1542740 kB
Buffers:           30892 kB
Cached:           281368 kB
MemTotal:        1844596 kB
MemFree:         1345768 kB
MemAvailable:    1542232 kB
Buffers:           30892 kB
Cached:           281368 kB
MemTotal:        1844596 kB
MemFree:         1343576 kB
MemAvailable:    1540040 kB
Buffers:           30892 kB
Cached:           281368 kB
MemTotal:        1844596 kB
MemFree:         1342700 kB
MemAvailable:    1539164 kB
Buffers:           30892 kB
Cached:           281368 kB
MemTotal:        1844596 kB
MemFree:         1344008 kB
MemAvailable:    1540472 kB
Buffers:           30892 kB
Cached:           281368 kB
MemTotal:        1844596 kB
MemFree:         1343676 kB
MemAvailable:    1540140 kB
Buffers:           30892 kB
Cached:           281368 kB
MemTotal:        1844596 kB
MemFree:         1343576 kB
MemAvailable:    1540040 kB
Buffers:           30892 kB
Cached:           281368 kB
MemTotal:        1844596 kB
MemFree:         1343644 kB
MemAvailable:    1540108 kB
Buffers:           30892 kB
Cached:           281368 kB
MemTotal:        1844596 kB
MemFree:         1342832 kB
MemAvailable:    1539296 kB
Buffers:           30892 kB
Cached:           281368 kB
MemTotal:        1844596 kB
MemFree:         1343708 kB
MemAvailable:    1540172 kB
Buffers:           30892 kB
Cached:           281368 kB
MemTotal:        1844596 kB
MemFree:         1343668 kB
MemAvailable:    1540132 kB
Buffers:           30904 kB
Cached:           281356 kB
MemTotal:        1844596 kB
MemFree:         1343920 kB
MemAvailable:    1540384 kB
Buffers:           30904 kB
Cached:           281356 kB
MemTotal:        1844596 kB
MemFree:         1345048 kB
MemAvailable:    1541512 kB
Buffers:           30904 kB
Cached:           281356 kB
MemTotal:        1844596 kB
MemFree:         1345064 kB
MemAvailable:    1541528 kB
Buffers:           30904 kB
Cached:           281356 kB
MemTotal:        1844596 kB
MemFree:         1344196 kB
MemAvailable:    1540660 kB
Buffers:           30904 kB
Cached:           281356 kB
MemTotal:        1844596 kB
MemFree:         1342520 kB
MemAvailable:    1538984 kB
Buffers:           30904 kB
Cached:           281356 kB
MemTotal:        1844596 kB
MemFree:         1340476 kB
MemAvailable:    1536940 kB
Buffers:           30904 kB
Cached:           281356 kB
MemTotal:        1844596 kB
MemFree:         1341148 kB
MemAvailable:    1537612 kB
Buffers:           30904 kB
Cached:           281356 kB
MemTotal:        1844596 kB
MemFree:         1340724 kB
MemAvailable:    1537188 kB
Buffers:           30904 kB
Cached:           281356 kB
MemTotal:        1844596 kB
MemFree:         1340476 kB
MemAvailable:    1536940 kB
Buffers:           30904 kB
Cached:           281356 kB
MemTotal:        1844596 kB
MemFree:         1340404 kB
MemAvailable:    1536868 kB
Buffers:           30904 kB
Cached:           281356 kB
MemTotal:        1844596 kB
MemFree:         1338740 kB
MemAvailable:    1535204 kB
Buffers:           30904 kB
Cached:           281356 kB
MemTotal:        1844596 kB
MemFree:         1338740 kB
MemAvailable:    1535204 kB
Buffers:           30904 kB
Cached:           281356 kB
MemTotal:        1844596 kB
MemFree:         1339668 kB
MemAvailable:    1536132 kB
Buffers:           30904 kB
Cached:           281356 kB
MemTotal:        1844596 kB
MemFree:         1339600 kB
MemAvailable:    1536064 kB
Buffers:           30904 kB
Cached:           281356 kB
MemTotal:        1844596 kB
MemFree:         1338228 kB
MemAvailable:    1534692 kB
Buffers:           30904 kB
Cached:           281356 kB
MemTotal:        1844596 kB
MemFree:         1339116 kB
MemAvailable:    1535580 kB
Buffers:           30904 kB
Cached:           281356 kB
MemTotal:        1844596 kB
MemFree:         1337816 kB
MemAvailable:    1534280 kB
Buffers:           30904 kB
Cached:           281356 kB
MemTotal:        1844596 kB
MemFree:         1337816 kB
MemAvailable:    1534280 kB
Buffers:           30904 kB
Cached:           281356 kB
MemTotal:        1844596 kB
MemFree:         1337748 kB
MemAvailable:    1534212 kB
Buffers:           30904 kB
Cached:           281356 kB
MemTotal:        1844596 kB
MemFree:         1338608 kB
MemAvailable:    1535072 kB
Buffers:           30904 kB
Cached:           281356 kB
MemTotal:        1844596 kB
MemFree:         1338480 kB
MemAvailable:    1534944 kB
Buffers:           30904 kB
Cached:           281356 kB
MemTotal:        1844596 kB
MemFree:         1337480 kB
MemAvailable:    1533944 kB
Buffers:           30904 kB
Cached:           281356 kB
MemTotal:        1844596 kB
MemFree:         1338472 kB
MemAvailable:    1534936 kB
Buffers:           30904 kB
Cached:           281356 kB
MemTotal:        1844596 kB
MemFree:         1338548 kB
MemAvailable:    1535012 kB
Buffers:           30904 kB
Cached:           281356 kB
MemTotal:        1844596 kB
MemFree:         1337220 kB
MemAvailable:    1533684 kB
Buffers:           30904 kB
Cached:           281356 kB
MemTotal:        1844596 kB
MemFree:         1338476 kB
MemAvailable:    1534940 kB
Buffers:           30904 kB
Cached:           281356 kB
MemTotal:        1844596 kB
MemFree:         1338728 kB
MemAvailable:    1535192 kB
Buffers:           30904 kB
Cached:           281356 kB
MemTotal:        1844596 kB
MemFree:         1337128 kB
MemAvailable:    1533592 kB
Buffers:           30904 kB
Cached:           281356 kB
MemTotal:        1844596 kB
MemFree:         1337120 kB
MemAvailable:    1533584 kB
Buffers:           30904 kB
Cached:           281356 kB
MemTotal:        1844596 kB
MemFree:         1338120 kB
MemAvailable:    1534584 kB
Buffers:           30904 kB
Cached:           281356 kB
MemTotal:        1844596 kB
MemFree:         1336748 kB
MemAvailable:    1533212 kB
Buffers:           30904 kB
Cached:           281356 kB
MemTotal:        1844596 kB
MemFree:         1336872 kB
MemAvailable:    1533336 kB
Buffers:           30904 kB
Cached:           281356 kB
MemTotal:        1844596 kB
MemFree:         1336508 kB
MemAvailable:    1532972 kB
Buffers:           30904 kB
Cached:           281356 kB
MemTotal:        1844596 kB
MemFree:         1336500 kB
MemAvailable:    1532964 kB
Buffers:           30904 kB
Cached:           281356 kB
MemTotal:        1844596 kB
MemFree:         1337792 kB
MemAvailable:    1534276 kB
Buffers:           30904 kB
Cached:           281376 kB
MemTotal:        1844596 kB
MemFree:         1337428 kB
MemAvailable:    1533912 kB
Buffers:           30904 kB
Cached:           281376 kB
MemTotal:        1844596 kB
MemFree:         1337636 kB
MemAvailable:    1534120 kB
Buffers:           30904 kB
Cached:           281376 kB
MemTotal:        1844596 kB
MemFree:         1337560 kB
MemAvailable:    1534044 kB
Buffers:           30904 kB
Cached:           281376 kB
MemTotal:        1844596 kB
MemFree:         1337488 kB
MemAvailable:    1533972 kB
Buffers:           30904 kB
Cached:           281376 kB
MemTotal:        1844596 kB
MemFree:         1336364 kB
MemAvailable:    1532848 kB
Buffers:           30904 kB
Cached:           281376 kB
MemTotal:        1844596 kB
MemFree:         1335888 kB
MemAvailable:    1532372 kB
Buffers:           30904 kB
Cached:           281376 kB
MemTotal:        1844596 kB
MemFree:         1332176 kB
MemAvailable:    1528660 kB
Buffers:           30904 kB
Cached:           281376 kB
MemTotal:        1844596 kB
MemFree:         1329928 kB
MemAvailable:    1526412 kB
Buffers:           30904 kB
Cached:           281376 kB
MemTotal:        1844596 kB
MemFree:         1329076 kB
MemAvailable:    1525560 kB
Buffers:           30904 kB
Cached:           281376 kB
MemTotal:        1844596 kB
MemFree:         1329888 kB
MemAvailable:    1526372 kB
Buffers:           30904 kB
Cached:           281376 kB
MemTotal:        1844596 kB
MemFree:         1328704 kB
MemAvailable:    1525188 kB
Buffers:           30904 kB
Cached:           281376 kB
MemTotal:        1844596 kB
MemFree:         1329620 kB
MemAvailable:    1526104 kB
Buffers:           30904 kB
Cached:           281376 kB
MemTotal:        1844596 kB
MemFree:         1328272 kB
MemAvailable:    1524756 kB
Buffers:           30904 kB
Cached:           281376 kB
MemTotal:        1844596 kB
MemFree:         1329432 kB
MemAvailable:    1525916 kB
Buffers:           30904 kB
Cached:           281376 kB
MemTotal:        1844596 kB
MemFree:         1329684 kB
MemAvailable:    1526168 kB
Buffers:           30904 kB
Cached:           281376 kB
MemTotal:        1844596 kB
MemFree:         1328196 kB
MemAvailable:    1524680 kB
Buffers:           30904 kB
Cached:           281376 kB
MemTotal:        1844596 kB
MemFree:         1329520 kB
MemAvailable:    1526004 kB
Buffers:           30904 kB
Cached:           281376 kB
MemTotal:        1844596 kB
MemFree:         1329640 kB
MemAvailable:    1526124 kB
Buffers:           30904 kB
Cached:           281376 kB
MemTotal:        1844596 kB
MemFree:         1329368 kB
MemAvailable:    1525852 kB
Buffers:           30904 kB
Cached:           281376 kB
MemTotal:        1844596 kB
MemFree:         1329704 kB
MemAvailable:    1526188 kB
Buffers:           30904 kB
Cached:           281376 kB
MemTotal:        1844596 kB
MemFree:         1329556 kB
MemAvailable:    1526040 kB
Buffers:           30904 kB
Cached:           281376 kB
MemTotal:        1844596 kB
MemFree:         1329076 kB
MemAvailable:    1525560 kB
Buffers:           30904 kB
Cached:           281376 kB
MemTotal:        1844596 kB
MemFree:         1329292 kB
MemAvailable:    1525776 kB
Buffers:           30904 kB
Cached:           281376 kB
MemTotal:        1844596 kB
MemFree:         1329292 kB
MemAvailable:    1525776 kB
Buffers:           30904 kB
Cached:           281376 kB
MemTotal:        1844596 kB
MemFree:         1328872 kB
MemAvailable:    1525356 kB
Buffers:           30904 kB
Cached:           281376 kB
MemTotal:        1844596 kB
MemFree:         1327216 kB
MemAvailable:    1523700 kB
Buffers:           30904 kB
Cached:           281376 kB
MemTotal:        1844596 kB
MemFree:         1328180 kB
MemAvailable:    1524664 kB
Buffers:           30904 kB
Cached:           281376 kB
MemTotal:        1844596 kB
MemFree:         1326712 kB
MemAvailable:    1523196 kB
Buffers:           30904 kB
Cached:           281376 kB
MemTotal:        1844596 kB
MemFree:         1327588 kB
MemAvailable:    1524072 kB
Buffers:           30904 kB
Cached:           281376 kB
MemTotal:        1844596 kB
MemFree:         1325604 kB
MemAvailable:    1522088 kB
Buffers:           30904 kB
Cached:           281376 kB
MemTotal:        1844596 kB
MemFree:         1325480 kB
MemAvailable:    1521964 kB
Buffers:           30904 kB
Cached:           281376 kB
MemTotal:        1844596 kB
MemFree:         1324852 kB
MemAvailable:    1521336 kB
Buffers:           30904 kB
Cached:           281376 kB
MemTotal:        1844596 kB
MemFree:         1324728 kB
MemAvailable:    1521212 kB
Buffers:           30904 kB
Cached:           281376 kB
MemTotal:        1844596 kB
MemFree:         1324812 kB
MemAvailable:    1521296 kB
Buffers:           30904 kB
Cached:           281376 kB
MemTotal:        1844596 kB
MemFree:         1324556 kB
MemAvailable:    1521040 kB
Buffers:           30904 kB
Cached:           281376 kB
MemTotal:        1844596 kB
MemFree:         1324548 kB
MemAvailable:    1521032 kB
Buffers:           30904 kB
Cached:           281376 kB
MemTotal:        1844596 kB
MemFree:         1325760 kB
MemAvailable:    1522244 kB
Buffers:           30904 kB
Cached:           281376 kB
MemTotal:        1844596 kB
MemFree:         1324544 kB
MemAvailable:    1521028 kB
Buffers:           30904 kB
Cached:           281376 kB
MemTotal:        1844596 kB
MemFree:         1324456 kB
MemAvailable:    1520940 kB
Buffers:           30904 kB
Cached:           281376 kB
MemTotal:        1844596 kB
MemFree:         1324316 kB
MemAvailable:    1520800 kB
Buffers:           30904 kB
Cached:           281376 kB
MemTotal:        1844596 kB
MemFree:         1324572 kB
MemAvailable:    1521056 kB
Buffers:           30904 kB
Cached:           281376 kB
MemTotal:        1844596 kB
MemFree:         1325100 kB
MemAvailable:    1521584 kB
Buffers:           30904 kB
Cached:           281376 kB
MemTotal:        1844596 kB
MemFree:         1324240 kB
MemAvailable:    1520724 kB
Buffers:           30904 kB
Cached:           281376 kB
MemTotal:        1844596 kB
MemFree:         1324928 kB
MemAvailable:    1521412 kB
Buffers:           30904 kB
Cached:           281376 kB
MemTotal:        1844596 kB
MemFree:         1321264 kB
MemAvailable:    1517748 kB
Buffers:           30904 kB
Cached:           281376 kB
MemTotal:        1844596 kB
MemFree:         1316676 kB
MemAvailable:    1513160 kB
Buffers:           30904 kB
Cached:           281376 kB
MemTotal:        1844596 kB
MemFree:         1317908 kB
MemAvailable:    1514392 kB
Buffers:           30904 kB
Cached:           281376 kB
MemTotal:        1844596 kB
MemFree:         1317728 kB
MemAvailable:    1514212 kB
Buffers:           30904 kB
Cached:           281376 kB
MemTotal:        1844596 kB
MemFree:         1317792 kB
MemAvailable:    1514276 kB
Buffers:           30904 kB
Cached:           281376 kB
MemTotal:        1844596 kB
MemFree:         1317964 kB
MemAvailable:    1514448 kB
Buffers:           30904 kB
Cached:           281376 kB
MemTotal:        1844596 kB
MemFree:         1317888 kB
MemAvailable:    1514372 kB
Buffers:           30904 kB
Cached:           281376 kB
MemTotal:        1844596 kB
MemFree:         1318500 kB
MemAvailable:    1514984 kB
Buffers:           30904 kB
Cached:           281376 kB
MemTotal:        1844596 kB
MemFree:         1318528 kB
MemAvailable:    1515012 kB
Buffers:           30904 kB
Cached:           281500 kB
MemTotal:        1844596 kB
MemFree:         1319332 kB
MemAvailable:    1516068 kB
Buffers:           30904 kB
Cached:           281624 kB
MemTotal:        1844596 kB
MemFree:         1319200 kB
MemAvailable:    1516020 kB
Buffers:           30904 kB
Cached:           281748 kB
MemTotal:        1844596 kB
MemFree:         1318844 kB
MemAvailable:    1515832 kB
Buffers:           30904 kB
Cached:           281872 kB
MemTotal:        1844596 kB
MemFree:         1318712 kB
MemAvailable:    1515784 kB
Buffers:           30904 kB
Cached:           281996 kB
MemTotal:        1844596 kB
MemFree:         1318644 kB
MemAvailable:    1515716 kB
Buffers:           30904 kB
Cached:           281996 kB
MemTotal:        1844596 kB
MemFree:         1318728 kB
MemAvailable:    1515800 kB
Buffers:           30904 kB
Cached:           281996 kB
MemTotal:        1844596 kB
MemFree:         1317356 kB
MemAvailable:    1514428 kB
Buffers:           30904 kB
Cached:           281996 kB
MemTotal:        1844596 kB
MemFree:         1317356 kB
MemAvailable:    1514428 kB
Buffers:           30904 kB
Cached:           281996 kB
MemTotal:        1844596 kB
MemFree:         1317356 kB
MemAvailable:    1514428 kB
Buffers:           30904 kB
Cached:           281996 kB
MemTotal:        1844596 kB
MemFree:         1318456 kB
MemAvailable:    1515612 kB
Buffers:           30904 kB
Cached:           282120 kB
MemTotal:        1844596 kB
MemFree:         1318040 kB
MemAvailable:    1515196 kB
Buffers:           30904 kB
Cached:           282120 kB
MemTotal:        1844596 kB
MemFree:         1317776 kB
MemAvailable:    1514260 kB
Buffers:           30904 kB
Cached:           281488 kB
MemTotal:        1844596 kB
MemFree:         1386264 kB
MemAvailable:    1582756 kB
Buffers:           30904 kB
Cached:           281384 kB
