MemTotal:        1844596 kB
MemFree:         1146520 kB
MemAvailable:    1560628 kB
Buffers:           59072 kB
Cached:           463492 kB
MemTotal:        1844596 kB
MemFree:         1118652 kB
MemAvailable:    1532768 kB
Buffers:           59072 kB
Cached:           463496 kB
MemTotal:        1844596 kB
MemFree:         1117784 kB
MemAvailable:    1531900 kB
Buffers:           59072 kB
Cached:           463496 kB
MemTotal:        1844596 kB
MemFree:         1116836 kB
MemAvailable:    1530952 kB
Buffers:           59072 kB
Cached:           463496 kB
MemTotal:        1844596 kB
MemFree:         1114312 kB
MemAvailable:    1528428 kB
Buffers:           59072 kB
Cached:           463496 kB
MemTotal:        1844596 kB
MemFree:         1114304 kB
MemAvailable:    1528420 kB
Buffers:           59072 kB
Cached:           463496 kB
MemTotal:        1844596 kB
MemFree:         1112948 kB
MemAvailable:    1527064 kB
Buffers:           59072 kB
Cached:           463496 kB
MemTotal:        1844596 kB
MemFree:         1111876 kB
MemAvailable:    1525992 kB
Buffers:           59072 kB
Cached:           463496 kB
MemTotal:        1844596 kB
MemFree:         1108112 kB
MemAvailable:    1522228 kB
Buffers:           59072 kB
Cached:           463496 kB
MemTotal:        1844596 kB
MemFree:         1106740 kB
MemAvailable:    1520856 kB
Buffers:           59072 kB
Cached:           463496 kB
MemTotal:        1844596 kB
MemFree:         1105692 kB
MemAvailable:    1519808 kB
Buffers:           59072 kB
Cached:           463496 kB
MemTotal:        1844596 kB
MemFree:         1105012 kB
MemAvailable:    1519128 kB
Buffers:           59072 kB
Cached:           463496 kB
MemTotal:        1844596 kB
MemFree:         1105472 kB
MemAvailable:    1519588 kB
Buffers:           59072 kB
Cached:           463496 kB
MemTotal:        1844596 kB
MemFree:         1105724 kB
MemAvailable:    1519840 kB
Buffers:           59072 kB
Cached:           463496 kB
MemTotal:        1844596 kB
MemFree:         1104576 kB
MemAvailable:    1518692 kB
Buffers:           59072 kB
Cached:           463496 kB
MemTotal:        1844596 kB
MemFree:         1104988 kB
MemAvailable:    1519104 kB
Buffers:           59072 kB
Cached:           463496 kB
MemTotal:        1844596 kB
MemFree:         1104988 kB
MemAvailable:    1519104 kB
Buffers:           59072 kB
Cached:           463496 kB
MemTotal:        1844596 kB
MemFree:         1103260 kB
MemAvailable:    1517376 kB
Buffers:           59072 kB
Cached:           463496 kB
MemTotal:        1844596 kB
MemFree:         1103596 kB
MemAvailable:    1517712 kB
Buffers:           59072 kB
Cached:           463496 kB
MemTotal:        1844596 kB
MemFree:         1102020 kB
MemAvailable:    1516136 kB
Buffers:           59072 kB
Cached:           463496 kB
MemTotal:        1844596 kB
MemFree:         1102020 kB
MemAvailable:    1516136 kB
Buffers:           59072 kB
Cached:           463496 kB
MemTotal:        1844596 kB
MemFree:         1102020 kB
MemAvailable:    1516136 kB
Buffers:           59072 kB
Cached:           463496 kB
MemTotal:        1844596 kB
MemFree:         1103328 kB
MemAvailable:    1517444 kB
Buffers:           59072 kB
Cached:           463496 kB
MemTotal:        1844596 kB
MemFree:         1102020 kB
MemAvailable:    1516136 kB
Buffers:           59072 kB
Cached:           463496 kB
MemTotal:        1844596 kB
MemFree:         1101716 kB
MemAvailable:    1515832 kB
Buffers:           59072 kB
Cached:           463496 kB
MemTotal:        1844596 kB
MemFree:         1104312 kB
MemAvailable:    1518428 kB
Buffers:           59072 kB
Cached:           463496 kB
MemTotal:        1844596 kB
MemFree:         1104560 kB
MemAvailable:    1518536 kB
Buffers:           59072 kB
Cached:           463496 kB
MemTotal:        1844596 kB
MemFree:         1104072 kB
MemAvailable:    1518188 kB
Buffers:           59072 kB
Cached:           463496 kB
MemTotal:        1844596 kB
MemFree:         1101664 kB
MemAvailable:    1515780 kB
Buffers:           59072 kB
Cached:           463496 kB
MemTotal:        1844596 kB
MemFree:         1100980 kB
MemAvailable:    1515096 kB
Buffers:           59072 kB
Cached:           463496 kB
MemTotal:        1844596 kB
MemFree:         1100608 kB
MemAvailable:    1514724 kB
Buffers:           59072 kB
Cached:           463496 kB
MemTotal:        1844596 kB
MemFree:         1098680 kB
MemAvailable:    1512796 kB
Buffers:           59072 kB
Cached:           463496 kB
MemTotal:        1844596 kB
MemFree:         1098804 kB
MemAvailable:    1512920 kB
Buffers:           59072 kB
Cached:           463496 kB
MemTotal:        1844596 kB
MemFree:         1097944 kB
MemAvailable:    1512060 kB
Buffers:           59072 kB
Cached:           463496 kB
MemTotal:        1844596 kB
MemFree:         1099120 kB
MemAvailable:    1513236 kB
Buffers:           59072 kB
Cached:           463496 kB
MemTotal:        1844596 kB
MemFree:         1097688 kB
MemAvailable:    1511804 kB
Buffers:           59072 kB
Cached:           463496 kB
MemTotal:        1844596 kB
MemFree:         1098788 kB
MemAvailable:    1512904 kB
Buffers:           59072 kB
Cached:           463496 kB
MemTotal:        1844596 kB
MemFree:         1097648 kB
MemAvailable:    1511764 kB
Buffers:           59072 kB
Cached:           463496 kB
MemTotal:        1844596 kB
MemFree:         1097640 kB
MemAvailable:    1511756 kB
Buffers:           59072 kB
Cached:           463496 kB
MemTotal:        1844596 kB
MemFree:         1097880 kB
MemAvailable:    1511996 kB
Buffers:           59072 kB
Cached:           463496 kB
MemTotal:        1844596 kB
MemFree:         1098052 kB
MemAvailable:    1512168 kB
Buffers:           59072 kB
Cached:           463496 kB
MemTotal:        1844596 kB
MemFree:         1097572 kB
MemAvailable:    1511688 kB
Buffers:           59072 kB
Cached:           463496 kB
MemTotal:        1844596 kB
MemFree:         1096532 kB
MemAvailable:    1510648 kB
Buffers:           59072 kB
Cached:           463496 kB
MemTotal:        1844596 kB
MemFree:         1097956 kB
MemAvailable:    1512076 kB
Buffers:           59072 kB
Cached:           463500 kB
MemTotal:        1844596 kB
MemFree:         1096648 kB
MemAvailable:    1510768 kB
Buffers:           59072 kB
Cached:           463500 kB
MemTotal:        1844596 kB
MemFree:         1096648 kB
MemAvailable:    1510768 kB
Buffers:           59072 kB
Cached:           463500 kB
MemTotal:        1844596 kB
MemFree:         1096640 kB
MemAvailable:    1510760 kB
Buffers:           59072 kB
Cached:           463500 kB
MemTotal:        1844596 kB
MemFree:         1097948 kB
MemAvailable:    1512068 kB
Buffers:           59072 kB
Cached:           463500 kB
MemTotal:        1844596 kB
MemFree:         1096952 kB
MemAvailable:    1511072 kB
Buffers:           59072 kB
Cached:           463500 kB
MemTotal:        1844596 kB
MemFree:         1097780 kB
MemAvailable:    1511900 kB
Buffers:           59072 kB
Cached:           463500 kB
MemTotal:        1844596 kB
MemFree:         1096704 kB
MemAvailable:    1510824 kB
Buffers:           59072 kB
Cached:           463500 kB
MemTotal:        1844596 kB
MemFree:         1097812 kB
MemAvailable:    1511932 kB
Buffers:           59072 kB
Cached:           463500 kB
MemTotal:        1844596 kB
MemFree:         1097488 kB
MemAvailable:    1511608 kB
Buffers:           59072 kB
Cached:           463500 kB
MemTotal:        1844596 kB
MemFree:         1096140 kB
MemAvailable:    1510260 kB
Buffers:           59072 kB
Cached:           463500 kB
MemTotal:        1844596 kB
MemFree:         1096140 kB
MemAvailable:    1510260 kB
Buffers:           59072 kB
Cached:           463500 kB
MemTotal:        1844596 kB
MemFree:         1096132 kB
MemAvailable:    1510252 kB
Buffers:           59072 kB
Cached:           463500 kB
MemTotal:        1844596 kB
MemFree:         1097324 kB
MemAvailable:    1511444 kB
Buffers:           59072 kB
Cached:           463500 kB
MemTotal:        1844596 kB
MemFree:         1097128 kB
MemAvailable:    1511248 kB
Buffers:           59072 kB
Cached:           463500 kB
MemTotal:        1844596 kB
MemFree:         1096936 kB
MemAvailable:    1511056 kB
Buffers:           59072 kB
Cached:           463500 kB
MemTotal:        1844596 kB
MemFree:         1096828 kB
MemAvailable:    1510948 kB
Buffers:           59072 kB
Cached:           463500 kB
MemTotal:        1844596 kB
MemFree:         1096924 kB
MemAvailable:    1511044 kB
Buffers:           59072 kB
Cached:           463500 kB
MemTotal:        1844596 kB
MemFree:         1097076 kB
MemAvailable:    1511196 kB
Buffers:           59072 kB
Cached:           463500 kB
MemTotal:        1844596 kB
MemFree:         1095648 kB
MemAvailable:    1509768 kB
Buffers:           59072 kB
Cached:           463500 kB
MemTotal:        1844596 kB
MemFree:         1095648 kB
MemAvailable:    1509768 kB
Buffers:           59072 kB
Cached:           463500 kB
MemTotal:        1844596 kB
MemFree:         1095816 kB
MemAvailable:    1509936 kB
Buffers:           59072 kB
Cached:           463500 kB
MemTotal:        1844596 kB
MemFree:         1094464 kB
MemAvailable:    1508584 kB
Buffers:           59072 kB
Cached:           463500 kB
MemTotal:        1844596 kB
MemFree:         1093416 kB
MemAvailable:    1507536 kB
Buffers:           59072 kB
Cached:           463500 kB
MemTotal:        1844596 kB
MemFree:         1089752 kB
MemAvailable:    1503872 kB
Buffers:           59072 kB
Cached:           463500 kB
MemTotal:        1844596 kB
MemFree:         1088520 kB
MemAvailable:    1502640 kB
Buffers:           59072 kB
Cached:           463500 kB
MemTotal:        1844596 kB
MemFree:         1089548 kB
MemAvailable:    1503668 kB
Buffers:           59072 kB
Cached:           463500 kB
MemTotal:        1844596 kB
MemFree:         1089576 kB
MemAvailable:    1503696 kB
Buffers:           59072 kB
Cached:           463500 kB
MemTotal:        1844596 kB
MemFree:         1088140 kB
MemAvailable:    1502260 kB
Buffers:           59072 kB
Cached:           463500 kB
MemTotal:        1844596 kB
MemFree:         1089300 kB
MemAvailable:    1503420 kB
Buffers:           59072 kB
Cached:           463500 kB
MemTotal:        1844596 kB
MemFree:         1089000 kB
MemAvailable:    1503120 kB
Buffers:           59072 kB
Cached:           463500 kB
MemTotal:        1844596 kB
MemFree:         1089120 kB
MemAvailable:    1503240 kB
Buffers:           59072 kB
Cached:           463500 kB
MemTotal:        1844596 kB
MemFree:         1087708 kB
MemAvailable:    1501828 kB
Buffers:           59072 kB
Cached:           463500 kB
MemTotal:        1844596 kB
MemFree:         1088984 kB
MemAvailable:    1503104 kB
Buffers:           59072 kB
Cached:           463500 kB
MemTotal:        1844596 kB
MemFree:         1088068 kB
MemAvailable:    1502188 kB
Buffers:           59072 kB
Cached:           463500 kB
MemTotal:        1844596 kB
MemFree:         1087688 kB
MemAvailable:    1501808 kB
Buffers:           59072 kB
Cached:           463500 kB
MemTotal:        1844596 kB
MemFree:         1089060 kB
MemAvailable:    1503180 kB
Buffers:           59072 kB
Cached:           463500 kB
MemTotal:        1844596 kB
MemFree:         1089156 kB
MemAvailable:    1503276 kB
Buffers:           59072 kB
Cached:           463500 kB
MemTotal:        1844596 kB
MemFree:         1087768 kB
MemAvailable:    1501888 kB
Buffers:           59072 kB
Cached:           463500 kB
MemTotal:        1844596 kB
MemFree:         1087272 kB
MemAvailable:    1501392 kB
Buffers:           59072 kB
Cached:           463500 kB
MemTotal:        1844596 kB
MemFree:         1087280 kB
MemAvailable:    1501400 kB
Buffers:           59072 kB
Cached:           463500 kB
MemTotal:        1844596 kB
MemFree:         1088236 kB
MemAvailable:    1502356 kB
Buffers:           59072 kB
Cached:           463500 kB
MemTotal:        1844596 kB
MemFree:         1087528 kB
MemAvailable:    1501648 kB
Buffers:           59072 kB
Cached:           463500 kB
MemTotal:        1844596 kB
MemFree:         1087520 kB
MemAvailable:    1501640 kB
Buffers:           59072 kB
Cached:           463500 kB
MemTotal:        1844596 kB
MemFree:         1087156 kB
MemAvailable:    1501276 kB
Buffers:           59072 kB
Cached:           463500 kB
MemTotal:        1844596 kB
MemFree:         1086024 kB
MemAvailable:    1500144 kB
Buffers:           59072 kB
Cached:           463500 kB
MemTotal:        1844596 kB
MemFree:         1085420 kB
MemAvailable:    1499540 kB
Buffers:           59072 kB
Cached:           463500 kB
MemTotal:        1844596 kB
MemFree:         1085852 kB
MemAvailable:    1499972 kB
Buffers:           59072 kB
Cached:           463500 kB
MemTotal:        1844596 kB
MemFree:         1084040 kB
MemAvailable:    1498160 kB
Buffers:           59072 kB
Cached:           463500 kB
MemTotal:        1844596 kB
MemFree:         1084280 kB
MemAvailable:    1498400 kB
Buffers:           59072 kB
Cached:           463500 kB
MemTotal:        1844596 kB
MemFree:         1085280 kB
MemAvailable:    1499408 kB
Buffers:           59072 kB
Cached:           463508 kB
MemTotal:        1844596 kB
MemFree:         1085048 kB
MemAvailable:    1499176 kB
Buffers:           59072 kB
Cached:           463508 kB
MemTotal:        1844596 kB
MemFree:         1085344 kB
MemAvailable:    1499472 kB
Buffers:           59072 kB
Cached:           463508 kB
MemTotal:        1844596 kB
MemFree:         1085228 kB
MemAvailable:    1499356 kB
Buffers:           59072 kB
Cached:           463508 kB
MemTotal:        1844596 kB
MemFree:         1083856 kB
MemAvailable:    1497984 kB
Buffers:           59072 kB
Cached:           463508 kB
MemTotal:        1844596 kB
MemFree:         1085076 kB
MemAvailable:    1499204 kB
Buffers:           59072 kB
Cached:           463508 kB
MemTotal:        1844596 kB
MemFree:         1084800 kB
MemAvailable:    1498928 kB
Buffers:           59072 kB
Cached:           463508 kB
MemTotal:        1844596 kB
MemFree:         1085160 kB
MemAvailable:    1499288 kB
Buffers:           59072 kB
Cached:           463508 kB
MemTotal:        1844596 kB
MemFree:         1083996 kB
MemAvailable:    1498124 kB
Buffers:           59072 kB
Cached:           463508 kB
MemTotal:        1844596 kB
MemFree:         1083436 kB
MemAvailable:    1497564 kB
Buffers:           59072 kB
Cached:           463508 kB
MemTotal:        1844596 kB
MemFree:         1083544 kB
MemAvailable:    1497672 kB
Buffers:           59072 kB
Cached:           463508 kB
MemTotal:        1844596 kB
MemFree:         1082940 kB
MemAvailable:    1497068 kB
Buffers:           59072 kB
Cached:           463508 kB
MemTotal:        1844596 kB
MemFree:         1077344 kB
MemAvailable:    1491472 kB
Buffers:           59072 kB
Cached:           463508 kB
MemTotal:        1844596 kB
MemFree:         1077596 kB
MemAvailable:    1491724 kB
Buffers:           59072 kB
Cached:           463508 kB
MemTotal:        1844596 kB
MemFree:         1075980 kB
MemAvailable:    1490108 kB
Buffers:           59072 kB
Cached:           463508 kB
MemTotal:        1844596 kB
MemFree:         1076096 kB
MemAvailable:    1490224 kB
Buffers:           59072 kB
Cached:           463508 kB
MemTotal:        1844596 kB
MemFree:         1077172 kB
MemAvailable:    1491300 kB
Buffers:           59072 kB
Cached:           463508 kB
MemTotal:        1844596 kB
MemFree:         1076748 kB
MemAvailable:    1490876 kB
Buffers:           59072 kB
Cached:           463508 kB
MemTotal:        1844596 kB
MemFree:         1079320 kB
MemAvailable:    1493448 kB
Buffers:           59072 kB
Cached:           463508 kB
MemTotal:        1844596 kB
MemFree:         1077732 kB
MemAvailable:    1491944 kB
Buffers:           59072 kB
Cached:           463632 kB
MemTotal:        1844596 kB
MemFree:         1077476 kB
MemAvailable:    1491856 kB
Buffers:           59072 kB
Cached:           463880 kB
MemTotal:        1844596 kB
MemFree:         1078536 kB
MemAvailable:    1493084 kB
Buffers:           59072 kB
Cached:           464004 kB
MemTotal:        1844596 kB
MemFree:         1078028 kB
MemAvailable:    1492744 kB
Buffers:           59072 kB
Cached:           464128 kB
MemTotal:        1844596 kB
MemFree:         1076804 kB
MemAvailable:    1491604 kB
Buffers:           59072 kB
Cached:           464128 kB
MemTotal:        1844596 kB
MemFree:         1077788 kB
MemAvailable:    1492588 kB
Buffers:           59072 kB
Cached:           464252 kB
MemTotal:        1844596 kB
MemFree:         1077692 kB
MemAvailable:    1492492 kB
Buffers:           59072 kB
Cached:           464252 kB
MemTotal:        1844596 kB
MemFree:         1077948 kB
MemAvailable:    1492748 kB
Buffers:           59072 kB
Cached:           464252 kB
MemTotal:        1844596 kB
MemFree:         1076572 kB
MemAvailable:    1491372 kB
Buffers:           59072 kB
Cached:           464252 kB
MemTotal:        1844596 kB
MemFree:         1076704 kB
MemAvailable:    1491504 kB
Buffers:           59072 kB
Cached:           464252 kB
MemTotal:        1844596 kB
MemFree:         1077688 kB
MemAvailable:    1492488 kB
Buffers:           59072 kB
Cached:           464252 kB
MemTotal:        1844596 kB
MemFree:         1078484 kB
MemAvailable:    1492696 kB
Buffers:           59072 kB
Cached:           463536 kB
MemTotal:        1844596 kB
MemFree:         1077312 kB
MemAvailable:    1491524 kB
Buffers:           59072 kB
Cached:           463536 kB
MemTotal:        1844596 kB
MemFree:         1145168 kB
MemAvailable:    1559380 kB
Buffers:           59072 kB
Cached:           463536 kB
