MemTotal:        1844596 kB
MemFree:         1366456 kB
MemAvailable:    1580584 kB
Buffers:           33572 kB
Cached:           297336 kB
MemTotal:        1844596 kB
MemFree:         1338696 kB
MemAvailable:    1552828 kB
Buffers:           33572 kB
Cached:           297340 kB
MemTotal:        1844596 kB
MemFree:         1336448 kB
MemAvailable:    1550580 kB
Buffers:           33572 kB
Cached:           297340 kB
MemTotal:        1844596 kB
MemFree:         1335292 kB
MemAvailable:    1549424 kB
Buffers:           33572 kB
Cached:           297340 kB
MemTotal:        1844596 kB
MemFree:         1335332 kB
MemAvailable:    1549464 kB
Buffers:           33572 kB
Cached:           297340 kB
MemTotal:        1844596 kB
MemFree:         1335100 kB
MemAvailable:    1549232 kB
Buffers:           33572 kB
Cached:           297340 kB
MemTotal:        1844596 kB
MemFree:         1334216 kB
MemAvailable:    1548348 kB
Buffers:           33572 kB
Cached:           297340 kB
MemTotal:        1844596 kB
MemFree:         1334468 kB
MemAvailable:    1548600 kB
Buffers:           33572 kB
Cached:           297340 kB
MemTotal:        1844596 kB
MemFree:         1329884 kB
MemAvailable:    1544016 kB
Buffers:           33572 kB
Cached:           297340 kB
MemTotal:        1844596 kB
MemFree:         1328340 kB
MemAvailable:    1542472 kB
Buffers:           33572 kB
Cached:           297340 kB
MemTotal:        1844596 kB
MemFree:         1323320 kB
MemAvailable:    1537452 kB
Buffers:           33572 kB
Cached:           297340 kB
MemTotal:        1844596 kB
MemFree:         1325532 kB
MemAvailable:    1539664 kB
Buffers:           33572 kB
Cached:           297340 kB
MemTotal:        1844596 kB
MemFree:         1325676 kB
MemAvailable:    1539808 kB
Buffers:           33572 kB
Cached:           297340 kB
MemTotal:        1844596 kB
MemFree:         1324356 kB
MemAvailable:    1538488 kB
Buffers:           33572 kB
Cached:           297340 kB
MemTotal:        1844596 kB
MemFree:         1324188 kB
MemAvailable:    1538320 kB
Buffers:           33572 kB
Cached:           297340 kB
MemTotal:        1844596 kB
MemFree:         1324304 kB
MemAvailable:    1538436 kB
Buffers:           33572 kB
Cached:           297340 kB
MemTotal:        1844596 kB
MemFree:         1324496 kB
MemAvailable:    1538628 kB
Buffers:           33572 kB
Cached:           297340 kB
MemTotal:        1844596 kB
MemFree:         1324188 kB
MemAvailable:    1538320 kB
Buffers:           33572 kB
Cached:           297340 kB
MemTotal:        1844596 kB
MemFree:         1323444 kB
MemAvailable:    1537576 kB
Buffers:           33572 kB
Cached:           297340 kB
MemTotal:        1844596 kB
MemFree:         1322204 kB
MemAvailable:    1536336 kB
Buffers:           33572 kB
Cached:           297340 kB
MemTotal:        1844596 kB
MemFree:         1323372 kB
MemAvailable:    1537504 kB
Buffers:           33572 kB
Cached:           297340 kB
MemTotal:        1844596 kB
MemFree:         1322576 kB
MemAvailable:    1536708 kB
Buffers:           33572 kB
Cached:           297340 kB
MemTotal:        1844596 kB
MemFree:         1321812 kB
MemAvailable:    1535944 kB
Buffers:           33572 kB
Cached:           297340 kB
MemTotal:        1844596 kB
MemFree:         1323000 kB
MemAvailable:    1537132 kB
Buffers:           33572 kB
Cached:           297340 kB
MemTotal:        1844596 kB
MemFree:         1322204 kB
MemAvailable:    1536336 kB
Buffers:           33572 kB
Cached:           297340 kB
MemTotal:        1844596 kB
MemFree:         1322072 kB
MemAvailable:    1536204 kB
Buffers:           33572 kB
Cached:           297340 kB
MemTotal:        1844596 kB
MemFree:         1323188 kB
MemAvailable:    1537320 kB
Buffers:           33572 kB
Cached:           297340 kB
MemTotal:        1844596 kB
MemFree:         1324348 kB
MemAvailable:    1538480 kB
Buffers:           33572 kB
Cached:           297340 kB
MemTotal:        1844596 kB
MemFree:         1322984 kB
MemAvailable:    1537116 kB
Buffers:           33572 kB
Cached:           297340 kB
MemTotal:        1844596 kB
MemFree:         1321336 kB
MemAvailable:    1535468 kB
Buffers:           33572 kB
Cached:           297340 kB
MemTotal:        1844596 kB
MemFree:         1320964 kB
MemAvailable:    1535096 kB
Buffers:           33572 kB
Cached:           297340 kB
MemTotal:        1844596 kB
MemFree:         1319956 kB
MemAvailable:    1534088 kB
Buffers:           33572 kB
Cached:           297340 kB
MemTotal:        1844596 kB
MemFree:         1320040 kB
MemAvailable:    1534172 kB
Buffers:           33572 kB
Cached:           297340 kB
MemTotal:        1844596 kB
MemFree:         1319728 kB
MemAvailable:    1533860 kB
Buffers:           33572 kB
Cached:           297340 kB
MemTotal:        1844596 kB
MemFree:         1317988 kB
MemAvailable:    1532120 kB
Buffers:           33572 kB
Cached:           297340 kB
MemTotal:        1844596 kB
MemFree:         1318840 kB
MemAvailable:    1532972 kB
Buffers:           33572 kB
Cached:           297340 kB
MemTotal:        1844596 kB
MemFree:         1319092 kB
MemAvailable:    1533224 kB
Buffers:           33572 kB
Cached:           297340 kB
MemTotal:        1844596 kB
MemFree:         1318928 kB
MemAvailable:    1533060 kB
Buffers:           33572 kB
Cached:           297340 kB
MemTotal:        1844596 kB
MemFree:         1318732 kB
MemAvailable:    1532864 kB
Buffers:           33572 kB
Cached:           297340 kB
MemTotal:        1844596 kB
MemFree:         1318660 kB
MemAvailable:    1532792 kB
Buffers:           33572 kB
Cached:           297340 kB
MemTotal:        1844596 kB
MemFree:         1318996 kB
MemAvailable:    1533128 kB
Buffers:           33572 kB
Cached:           297340 kB
MemTotal:        1844596 kB
MemFree:         1318220 kB
MemAvailable:    1532352 kB
Buffers:           33572 kB
Cached:           297340 kB
MemTotal:        1844596 kB
MemFree:         1318220 kB
MemAvailable:    1532352 kB
Buffers:           33572 kB
Cached:           297340 kB
MemTotal:        1844596 kB
MemFree:         1317856 kB
MemAvailable:    1531988 kB
Buffers:           33572 kB
Cached:           297340 kB
MemTotal:        1844596 kB
MemFree:         1317912 kB
MemAvailable:    1532044 kB
Buffers:           33572 kB
Cached:           297340 kB
MemTotal:        1844596 kB
MemFree:         1317976 kB
MemAvailable:    1532108 kB
Buffers:           33572 kB
Cached:           297340 kB
MemTotal:        1844596 kB
MemFree:         1316860 kB
MemAvailable:    1530992 kB
Buffers:           33572 kB
Cached:           297340 kB
MemTotal:        1844596 kB
MemFree:         1318328 kB
MemAvailable:    1532460 kB
Buffers:           33572 kB
Cached:           297340 kB
MemTotal:        1844596 kB
MemFree:         1317904 kB
MemAvailable:    1532036 kB
Buffers:           33572 kB
Cached:           297340 kB
MemTotal:        1844596 kB
MemFree:         1317856 kB
MemAvailable:    1531988 kB
Buffers:           33572 kB
Cached:           297340 kB
MemTotal:        1844596 kB
MemFree:         1317892 kB
MemAvailable:    1532024 kB
Buffers:           33572 kB
Cached:           297340 kB
MemTotal:        1844596 kB
MemFree:         1317772 kB
MemAvailable:    1531904 kB
Buffers:           33572 kB
Cached:           297340 kB
MemTotal:        1844596 kB
MemFree:         1317940 kB
MemAvailable:    1532072 kB
Buffers:           33572 kB
Cached:           297340 kB
MemTotal:        1844596 kB
MemFree:         1317544 kB
MemAvailable:    1531676 kB
Buffers:           33572 kB
Cached:           297340 kB
MemTotal:        1844596 kB
MemFree:         1317796 kB
MemAvailable:    1531928 kB
Buffers:           33572 kB
Cached:           297340 kB
MemTotal:        1844596 kB
MemFree:         1317368 kB
MemAvailable:    1531504 kB
Buffers:           33572 kB
Cached:           297344 kB
MemTotal:        1844596 kB
MemFree:         1317172 kB
MemAvailable:    1531308 kB
Buffers:           33572 kB
Cached:           297344 kB
MemTotal:        1844596 kB
MemFree:         1317056 kB
MemAvailable:    1531192 kB
Buffers:           33572 kB
Cached:           297344 kB
MemTotal:        1844596 kB
MemFree:         1316948 kB
MemAvailable:    1531084 kB
Buffers:           33572 kB
Cached:           297344 kB
MemTotal:        1844596 kB
MemFree:         1317004 kB
MemAvailable:    1531140 kB
Buffers:           33572 kB
Cached:           297344 kB
MemTotal:        1844596 kB
MemFree:         1315732 kB
MemAvailable:    1529868 kB
Buffers:           33572 kB
Cached:           297344 kB
MemTotal:        1844596 kB
MemFree:         1315608 kB
MemAvailable:    1529744 kB
Buffers:           33572 kB
Cached:           297344 kB
MemTotal:        1844596 kB
MemFree:         1315856 kB
MemAvailable:    1529992 kB
Buffers:           33572 kB
Cached:           297344 kB
MemTotal:        1844596 kB
MemFree:         1316792 kB
MemAvailable:    1530928 kB
Buffers:           33572 kB
Cached:           297344 kB
MemTotal:        1844596 kB
MemFree:         1317044 kB
MemAvailable:    1531180 kB
Buffers:           33572 kB
Cached:           297344 kB
MemTotal:        1844596 kB
MemFree:         1316844 kB
MemAvailable:    1530980 kB
Buffers:           33572 kB
Cached:           297344 kB
MemTotal:        1844596 kB
MemFree:         1316928 kB
MemAvailable:    1531064 kB
Buffers:           33572 kB
Cached:           297344 kB
MemTotal:        1844596 kB
MemFree:         1314996 kB
MemAvailable:    1529132 kB
Buffers:           33572 kB
Cached:           297344 kB
MemTotal:        1844596 kB
MemFree:         1314392 kB
MemAvailable:    1528528 kB
Buffers:           33572 kB
Cached:           297344 kB
MemTotal:        1844596 kB
MemFree:         1311276 kB
MemAvailable:    1525412 kB
Buffers:           33572 kB
Cached:           297344 kB
MemTotal:        1844596 kB
MemFree:         1311168 kB
MemAvailable:    1525304 kB
Buffers:           33572 kB
Cached:           297344 kB
MemTotal:        1844596 kB
MemFree:         1309616 kB
MemAvailable:    1523752 kB
Buffers:           33572 kB
Cached:           297344 kB
MemTotal:        1844596 kB
MemFree:         1309664 kB
MemAvailable:    1523800 kB
Buffers:           33572 kB
Cached:           297344 kB
MemTotal:        1844596 kB
MemFree:         1308060 kB
MemAvailable:    1522196 kB
Buffers:           33572 kB
Cached:           297344 kB
MemTotal:        1844596 kB
MemFree:         1308864 kB
MemAvailable:    1523000 kB
Buffers:           33572 kB
Cached:           297344 kB
MemTotal:        1844596 kB
MemFree:         1309116 kB
MemAvailable:    1523252 kB
Buffers:           33572 kB
Cached:           297344 kB
MemTotal:        1844596 kB
MemFree:         1308856 kB
MemAvailable:    1522992 kB
Buffers:           33572 kB
Cached:           297344 kB
MemTotal:        1844596 kB
MemFree:         1307680 kB
MemAvailable:    1521816 kB
Buffers:           33572 kB
Cached:           297344 kB
MemTotal:        1844596 kB
MemFree:         1307680 kB
MemAvailable:    1521816 kB
Buffers:           33572 kB
Cached:           297344 kB
MemTotal:        1844596 kB
MemFree:         1309100 kB
MemAvailable:    1523236 kB
Buffers:           33572 kB
Cached:           297344 kB
MemTotal:        1844596 kB
MemFree:         1309024 kB
MemAvailable:    1523160 kB
Buffers:           33572 kB
Cached:           297344 kB
MemTotal:        1844596 kB
MemFree:         1309048 kB
MemAvailable:    1523184 kB
Buffers:           33572 kB
Cached:           297344 kB
MemTotal:        1844596 kB
MemFree:         1308796 kB
MemAvailable:    1522932 kB
Buffers:           33572 kB
Cached:           297344 kB
MemTotal:        1844596 kB
MemFree:         1307788 kB
MemAvailable:    1521924 kB
Buffers:           33572 kB
Cached:           297344 kB
MemTotal:        1844596 kB
MemFree:         1308688 kB
MemAvailable:    1522824 kB
Buffers:           33572 kB
Cached:           297344 kB
MemTotal:        1844596 kB
MemFree:         1307820 kB
MemAvailable:    1521956 kB
Buffers:           33572 kB
Cached:           297344 kB
MemTotal:        1844596 kB
MemFree:         1308040 kB
MemAvailable:    1522176 kB
Buffers:           33572 kB
Cached:           297344 kB
MemTotal:        1844596 kB
MemFree:         1308292 kB
MemAvailable:    1522428 kB
Buffers:           33572 kB
Cached:           297344 kB
MemTotal:        1844596 kB
MemFree:         1307432 kB
MemAvailable:    1521568 kB
Buffers:           33572 kB
Cached:           297344 kB
MemTotal:        1844596 kB
MemFree:         1305820 kB
MemAvailable:    1519956 kB
Buffers:           33572 kB
Cached:           297344 kB
MemTotal:        1844596 kB
MemFree:         1305808 kB
MemAvailable:    1519944 kB
Buffers:           33572 kB
Cached:           297344 kB
MemTotal:        1844596 kB
MemFree:         1306316 kB
MemAvailable:    1520452 kB
Buffers:           33572 kB
Cached:           297344 kB
MemTotal:        1844596 kB
MemFree:         1306316 kB
MemAvailable:    1520452 kB
Buffers:           33572 kB
Cached:           297344 kB
MemTotal:        1844596 kB
MemFree:         1305956 kB
MemAvailable:    1520092 kB
Buffers:           33572 kB
Cached:           297344 kB
MemTotal:        1844596 kB
MemFree:         1305648 kB
MemAvailable:    1519784 kB
Buffers:           33572 kB
Cached:           297344 kB
MemTotal:        1844596 kB
MemFree:         1305448 kB
MemAvailable:    1519584 kB
Buffers:           33572 kB
Cached:           297344 kB
MemTotal:        1844596 kB
MemFree:         1305532 kB
MemAvailable:    1519668 kB
Buffers:           33572 kB
Cached:           297344 kB
MemTotal:        1844596 kB
MemFree:         1304036 kB
MemAvailable:    1518172 kB
Buffers:           33572 kB
Cached:           297344 kB
MemTotal:        1844596 kB
MemFree:         1305452 kB
MemAvailable:    1519588 kB
Buffers:           33572 kB
Cached:           297344 kB
MemTotal:        1844596 kB
MemFree:         1305400 kB
MemAvailable:    1519536 kB
Buffers:           33572 kB
Cached:           297344 kB
MemTotal:        1844596 kB
MemFree:         1305012 kB
MemAvailable:    1519148 kB
Buffers:           33572 kB
Cached:           297344 kB
MemTotal:        1844596 kB
MemFree:         1305264 kB
MemAvailable:    1519400 kB
Buffers:           33572 kB
Cached:           297344 kB
MemTotal:        1844596 kB
MemFree:         1305204 kB
MemAvailable:    1519340 kB
Buffers:           33572 kB
Cached:           297344 kB
MemTotal:        1844596 kB
MemFree:         1304224 kB
MemAvailable:    1518360 kB
Buffers:           33572 kB
Cached:           297344 kB
MemTotal:        1844596 kB
MemFree:         1304948 kB
MemAvailable:    1519084 kB
Buffers:           33572 kB
Cached:           297344 kB
MemTotal:        1844596 kB
MemFree:         1305204 kB
MemAvailable:    1519340 kB
Buffers:           33572 kB
Cached:           297344 kB
MemTotal:        1844596 kB
MemFree:         1305092 kB
MemAvailable:    1519228 kB
Buffers:           33572 kB
Cached:           297344 kB
MemTotal:        1844596 kB
MemFree:         1303464 kB
MemAvailable:    1517600 kB
Buffers:           33572 kB
Cached:           297344 kB
MemTotal:        1844596 kB
MemFree:         1300008 kB
MemAvailable:    1514144 kB
Buffers:           33572 kB
Cached:           297344 kB
MemTotal:        1844596 kB
MemFree:         1297528 kB
MemAvailable:    1511664 kB
Buffers:           33572 kB
Cached:           297344 kB
MemTotal:        1844596 kB
MemFree:         1295860 kB
MemAvailable:    1509996 kB
Buffers:           33572 kB
Cached:           297344 kB
MemTotal:        1844596 kB
MemFree:         1296024 kB
MemAvailable:    1510160 kB
Buffers:           33572 kB
Cached:           297344 kB
MemTotal:        1844596 kB
MemFree:         1297120 kB
MemAvailable:    1511256 kB
Buffers:           33572 kB
Cached:           297344 kB
MemTotal:        1844596 kB
MemFree:         1295884 kB
MemAvailable:    1510020 kB
Buffers:           33572 kB
Cached:           297344 kB
MemTotal:        1844596 kB
MemFree:         1297636 kB
MemAvailable:    1511772 kB
Buffers:           33572 kB
Cached:           297344 kB
MemTotal:        1844596 kB
MemFree:         1297592 kB
MemAvailable:    1511728 kB
Buffers:           33572 kB
Cached:           297344 kB
MemTotal:        1844596 kB
MemFree:         1298372 kB
MemAvailable:    1512592 kB
Buffers:           33576 kB
Cached:           297464 kB
MemTotal:        1844596 kB
MemFree:         1297092 kB
MemAvailable:    1511312 kB
Buffers:           33576 kB
Cached:           297464 kB
MemTotal:        1844596 kB
MemFree:         1297088 kB
MemAvailable:    1511476 kB
Buffers:           33576 kB
Cached:           297588 kB
MemTotal:        1844596 kB
MemFree:         1298312 kB
MemAvailable:    1512868 kB
Buffers:           33576 kB
Cached:           297836 kB
MemTotal:        1844596 kB
MemFree:         1298024 kB
MemAvailable:    1512580 kB
Buffers:           33576 kB
Cached:           297836 kB
MemTotal:        1844596 kB
MemFree:         1296760 kB
MemAvailable:    1511400 kB
Buffers:           33576 kB
Cached:           297960 kB
MemTotal:        1844596 kB
MemFree:         1298132 kB
MemAvailable:    1512856 kB
Buffers:           33576 kB
Cached:           297960 kB
MemTotal:        1844596 kB
MemFree:         1298060 kB
MemAvailable:    1512784 kB
Buffers:           33576 kB
Cached:           297960 kB
MemTotal:        1844596 kB
MemFree:         1297988 kB
MemAvailable:    1512712 kB
Buffers:           33576 kB
Cached:           297960 kB
MemTotal:        1844596 kB
MemFree:         1297988 kB
MemAvailable:    1512712 kB
Buffers:           33576 kB
Cached:           297960 kB
MemTotal:        1844596 kB
MemFree:         1298032 kB
MemAvailable:    1512840 kB
Buffers:           33576 kB
Cached:           298012 kB
MemTotal:        1844596 kB
MemFree:         1297164 kB
MemAvailable:    1511972 kB
Buffers:           33576 kB
Cached:           298012 kB
MemTotal:        1844596 kB
MemFree:         1298460 kB
MemAvailable:    1513268 kB
Buffers:           33576 kB
Cached:           298012 kB
MemTotal:        1844596 kB
MemFree:         1298208 kB
MemAvailable:    1513016 kB
Buffers:           33576 kB
Cached:           298012 kB
MemTotal:        1844596 kB
MemFree:         1296952 kB
MemAvailable:    1511172 kB
Buffers:           33576 kB
Cached:           297380 kB
MemTotal:        1844596 kB
MemFree:         1362976 kB
MemAvailable:    1577196 kB
Buffers:           33576 kB
Cached:           297380 kB
