MemTotal:        1844596 kB
MemFree:         1314060 kB
MemAvailable:    1574316 kB
Buffers:           40272 kB
Cached:           340144 kB
MemTotal:        1844596 kB
MemFree:         1289492 kB
MemAvailable:    1549680 kB
Buffers:           40272 kB
Cached:           340172 kB
MemTotal:        1844596 kB
MemFree:         1285896 kB
MemAvailable:    1546084 kB
Buffers:           40272 kB
Cached:           340172 kB
MemTotal:        1844596 kB
MemFree:         1285392 kB
MemAvailable:    1545580 kB
Buffers:           40272 kB
Cached:           340172 kB
MemTotal:        1844596 kB
MemFree:         1283292 kB
MemAvailable:    1543480 kB
Buffers:           40272 kB
Cached:           340172 kB
MemTotal:        1844596 kB
MemFree:         1282912 kB
MemAvailable:    1543100 kB
Buffers:           40272 kB
Cached:           340172 kB
MemTotal:        1844596 kB
MemFree:         1282052 kB
MemAvailable:    1542240 kB
Buffers:           40272 kB
Cached:           340172 kB
MemTotal:        1844596 kB
MemFree:         1282548 kB
MemAvailable:    1542736 kB
Buffers:           40272 kB
Cached:           340172 kB
MemTotal:        1844596 kB
MemFree:         1280004 kB
MemAvailable:    1540192 kB
Buffers:           40272 kB
Cached:           340172 kB
MemTotal:        1844596 kB
MemFree:         1278084 kB
MemAvailable:    1538272 kB
Buffers:           40272 kB
Cached:           340172 kB
MemTotal:        1844596 kB
MemFree:         1273232 kB
MemAvailable:    1533420 kB
Buffers:           40272 kB
Cached:           340172 kB
MemTotal:        1844596 kB
MemFree:         1272628 kB
MemAvailable:    1532816 kB
Buffers:           40272 kB
Cached:           340172 kB
MemTotal:        1844596 kB
MemFree:         1272000 kB
MemAvailable:    1532188 kB
Buffers:           40272 kB
Cached:           340172 kB
MemTotal:        1844596 kB
MemFree:         1273232 kB
MemAvailable:    1533420 kB
Buffers:           40272 kB
Cached:           340172 kB
MemTotal:        1844596 kB
MemFree:         1273484 kB
MemAvailable:    1533672 kB
Buffers:           40272 kB
Cached:           340172 kB
MemTotal:        1844596 kB
MemFree:         1272108 kB
MemAvailable:    1532296 kB
Buffers:           40272 kB
Cached:           340172 kB
MemTotal:        1844596 kB
MemFree:         1271992 kB
MemAvailable:    1532180 kB
Buffers:           40272 kB
Cached:           340172 kB
MemTotal:        1844596 kB
MemFree:         1272364 kB
MemAvailable:    1532552 kB
Buffers:           40272 kB
Cached:           340172 kB
MemTotal:        1844596 kB
MemFree:         1272008 kB
MemAvailable:    1532196 kB
Buffers:           40272 kB
Cached:           340172 kB
MemTotal:        1844596 kB
MemFree:         1271264 kB
MemAvailable:    1531452 kB
Buffers:           40272 kB
Cached:           340172 kB
MemTotal:        1844596 kB
MemFree:         1269776 kB
MemAvailable:    1529964 kB
Buffers:           40272 kB
Cached:           340172 kB
MemTotal:        1844596 kB
MemFree:         1270752 kB
MemAvailable:    1530940 kB
Buffers:           40272 kB
Cached:           340172 kB
MemTotal:        1844596 kB
MemFree:         1270768 kB
MemAvailable:    1530956 kB
Buffers:           40272 kB
Cached:           340172 kB
MemTotal:        1844596 kB
MemFree:         1270740 kB
MemAvailable:    1530928 kB
Buffers:           40272 kB
Cached:           340172 kB
MemTotal:        1844596 kB
MemFree:         1270740 kB
MemAvailable:    1530928 kB
Buffers:           40272 kB
Cached:           340172 kB
MemTotal:        1844596 kB
MemFree:         1269464 kB
MemAvailable:    1529652 kB
Buffers:           40272 kB
Cached:           340172 kB
MemTotal:        1844596 kB
MemFree:         1270772 kB
MemAvailable:    1530960 kB
Buffers:           40272 kB
Cached:           340172 kB
MemTotal:        1844596 kB
MemFree:         1270748 kB
MemAvailable:    1530936 kB
Buffers:           40272 kB
Cached:           340172 kB
MemTotal:        1844596 kB
MemFree:         1270692 kB
MemAvailable:    1530880 kB
Buffers:           40272 kB
Cached:           340172 kB
MemTotal:        1844596 kB
MemFree:         1270644 kB
MemAvailable:    1530832 kB
Buffers:           40272 kB
Cached:           340172 kB
MemTotal:        1844596 kB
MemFree:         1271912 kB
MemAvailable:    1532100 kB
Buffers:           40272 kB
Cached:           340172 kB
MemTotal:        1844596 kB
MemFree:         1272132 kB
MemAvailable:    1532320 kB
Buffers:           40272 kB
Cached:           340172 kB
MemTotal:        1844596 kB
MemFree:         1268892 kB
MemAvailable:    1529080 kB
Buffers:           40272 kB
Cached:           340172 kB
MemTotal:        1844596 kB
MemFree:         1268896 kB
MemAvailable:    1529084 kB
Buffers:           40272 kB
Cached:           340172 kB
MemTotal:        1844596 kB
MemFree:         1267172 kB
MemAvailable:    1527360 kB
Buffers:           40272 kB
Cached:           340172 kB
MemTotal:        1844596 kB
MemFree:         1267544 kB
MemAvailable:    1527732 kB
Buffers:           40272 kB
Cached:           340172 kB
MemTotal:        1844596 kB
MemFree:         1266380 kB
MemAvailable:    1526568 kB
Buffers:           40272 kB
Cached:           340172 kB
MemTotal:        1844596 kB
MemFree:         1266728 kB
MemAvailable:    1526916 kB
Buffers:           40272 kB
Cached:           340172 kB
MemTotal:        1844596 kB
MemFree:         1265512 kB
MemAvailable:    1525700 kB
Buffers:           40272 kB
Cached:           340172 kB
MemTotal:        1844596 kB
MemFree:         1266664 kB
MemAvailable:    1526852 kB
Buffers:           40272 kB
Cached:           340172 kB
MemTotal:        1844596 kB
MemFree:         1266352 kB
MemAvailable:    1526540 kB
Buffers:           40272 kB
Cached:           340172 kB
MemTotal:        1844596 kB
MemFree:         1266688 kB
MemAvailable:    1526876 kB
Buffers:           40272 kB
Cached:           340172 kB
MemTotal:        1844596 kB
MemFree:         1265264 kB
MemAvailable:    1525456 kB
Buffers:           40272 kB
Cached:           340176 kB
MemTotal:        1844596 kB
MemFree:         1266296 kB
MemAvailable:    1526488 kB
Buffers:           40272 kB
Cached:           340176 kB
MemTotal:        1844596 kB
MemFree:         1265188 kB
MemAvailable:    1525380 kB
Buffers:           40272 kB
Cached:           340176 kB
MemTotal:        1844596 kB
MemFree:         1265668 kB
MemAvailable:    1525860 kB
Buffers:           40272 kB
Cached:           340176 kB
MemTotal:        1844596 kB
MemFree:         1265188 kB
MemAvailable:    1525380 kB
Buffers:           40272 kB
Cached:           340176 kB
MemTotal:        1844596 kB
MemFree:         1265544 kB
MemAvailable:    1525736 kB
Buffers:           40272 kB
Cached:           340176 kB
MemTotal:        1844596 kB
MemFree:         1265740 kB
MemAvailable:    1525932 kB
Buffers:           40272 kB
Cached:           340176 kB
MemTotal:        1844596 kB
MemFree:         1265824 kB
MemAvailable:    1526016 kB
Buffers:           40272 kB
Cached:           340176 kB
MemTotal:        1844596 kB
MemFree:         1265596 kB
MemAvailable:    1525788 kB
Buffers:           40272 kB
Cached:           340176 kB
MemTotal:        1844596 kB
MemFree:         1264636 kB
MemAvailable:    1524828 kB
Buffers:           40272 kB
Cached:           340176 kB
MemTotal:        1844596 kB
MemFree:         1264504 kB
MemAvailable:    1524696 kB
Buffers:           40272 kB
Cached:           340176 kB
MemTotal:        1844596 kB
MemFree:         1264504 kB
MemAvailable:    1524696 kB
Buffers:           40272 kB
Cached:           340176 kB
MemTotal:        1844596 kB
MemFree:         1264264 kB
MemAvailable:    1524456 kB
Buffers:           40272 kB
Cached:           340176 kB
MemTotal:        1844596 kB
MemFree:         1264256 kB
MemAvailable:    1524448 kB
Buffers:           40272 kB
Cached:           340176 kB
MemTotal:        1844596 kB
MemFree:         1265504 kB
MemAvailable:    1525696 kB
Buffers:           40272 kB
Cached:           340176 kB
MemTotal:        1844596 kB
MemFree:         1265488 kB
MemAvailable:    1525680 kB
Buffers:           40272 kB
Cached:           340176 kB
MemTotal:        1844596 kB
MemFree:         1263816 kB
MemAvailable:    1524008 kB
Buffers:           40272 kB
Cached:           340176 kB
MemTotal:        1844596 kB
MemFree:         1264792 kB
MemAvailable:    1524984 kB
Buffers:           40272 kB
Cached:           340176 kB
MemTotal:        1844596 kB
MemFree:         1264320 kB
MemAvailable:    1524512 kB
Buffers:           40272 kB
Cached:           340176 kB
MemTotal:        1844596 kB
MemFree:         1263636 kB
MemAvailable:    1523828 kB
Buffers:           40272 kB
Cached:           340176 kB
MemTotal:        1844596 kB
MemFree:         1263644 kB
MemAvailable:    1523836 kB
Buffers:           40272 kB
Cached:           340176 kB
MemTotal:        1844596 kB
MemFree:         1263644 kB
MemAvailable:    1523836 kB
Buffers:           40272 kB
Cached:           340176 kB
MemTotal:        1844596 kB
MemFree:         1264944 kB
MemAvailable:    1525136 kB
Buffers:           40272 kB
Cached:           340176 kB
MemTotal:        1844596 kB
MemFree:         1264752 kB
MemAvailable:    1524944 kB
Buffers:           40272 kB
Cached:           340176 kB
MemTotal:        1844596 kB
MemFree:         1263692 kB
MemAvailable:    1523884 kB
Buffers:           40272 kB
Cached:           340176 kB
MemTotal:        1844596 kB
MemFree:         1264676 kB
MemAvailable:    1524872 kB
Buffers:           40272 kB
Cached:           340180 kB
MemTotal:        1844596 kB
MemFree:         1264568 kB
MemAvailable:    1524764 kB
Buffers:           40272 kB
Cached:           340180 kB
MemTotal:        1844596 kB
MemFree:         1264364 kB
MemAvailable:    1524560 kB
Buffers:           40272 kB
Cached:           340180 kB
MemTotal:        1844596 kB
MemFree:         1264700 kB
MemAvailable:    1524896 kB
Buffers:           40272 kB
Cached:           340180 kB
MemTotal:        1844596 kB
MemFree:         1260964 kB
MemAvailable:    1521160 kB
Buffers:           40272 kB
Cached:           340180 kB
MemTotal:        1844596 kB
MemFree:         1258492 kB
MemAvailable:    1518688 kB
Buffers:           40272 kB
Cached:           340180 kB
MemTotal:        1844596 kB
MemFree:         1256012 kB
MemAvailable:    1516208 kB
Buffers:           40272 kB
Cached:           340180 kB
MemTotal:        1844596 kB
MemFree:         1256128 kB
MemAvailable:    1516324 kB
Buffers:           40272 kB
Cached:           340180 kB
MemTotal:        1844596 kB
MemFree:         1256004 kB
MemAvailable:    1516200 kB
Buffers:           40272 kB
Cached:           340180 kB
MemTotal:        1844596 kB
MemFree:         1256004 kB
MemAvailable:    1516200 kB
Buffers:           40272 kB
Cached:           340180 kB
MemTotal:        1844596 kB
MemFree:         1256864 kB
MemAvailable:    1517060 kB
Buffers:           40272 kB
Cached:           340180 kB
MemTotal:        1844596 kB
MemFree:         1256948 kB
MemAvailable:    1517144 kB
Buffers:           40280 kB
Cached:           340172 kB
MemTotal:        1844596 kB
MemFree:         1256728 kB
MemAvailable:    1516924 kB
Buffers:           40284 kB
Cached:           340168 kB
MemTotal:        1844596 kB
MemFree:         1256880 kB
MemAvailable:    1517076 kB
Buffers:           40284 kB
Cached:           340168 kB
MemTotal:        1844596 kB
MemFree:         1256804 kB
MemAvailable:    1517000 kB
Buffers:           40284 kB
Cached:           340168 kB
MemTotal:        1844596 kB
MemFree:         1255888 kB
MemAvailable:    1516084 kB
Buffers:           40284 kB
Cached:           340168 kB
MemTotal:        1844596 kB
MemFree:         1256660 kB
MemAvailable:    1516856 kB
Buffers:           40284 kB
Cached:           340168 kB
MemTotal:        1844596 kB
MemFree:         1256880 kB
MemAvailable:    1517076 kB
Buffers:           40284 kB
Cached:           340168 kB
MemTotal:        1844596 kB
MemFree:         1256700 kB
MemAvailable:    1516896 kB
Buffers:           40284 kB
Cached:           340168 kB
MemTotal:        1844596 kB
MemFree:         1256556 kB
MemAvailable:    1516752 kB
Buffers:           40284 kB
Cached:           340168 kB
MemTotal:        1844596 kB
MemFree:         1256508 kB
MemAvailable:    1516704 kB
Buffers:           40284 kB
Cached:           340168 kB
MemTotal:        1844596 kB
MemFree:         1256576 kB
MemAvailable:    1516772 kB
Buffers:           40284 kB
Cached:           340168 kB
MemTotal:        1844596 kB
MemFree:         1255020 kB
MemAvailable:    1515216 kB
Buffers:           40284 kB
Cached:           340168 kB
MemTotal:        1844596 kB
MemFree:         1255824 kB
MemAvailable:    1516020 kB
Buffers:           40284 kB
Cached:           340168 kB
MemTotal:        1844596 kB
MemFree:         1254144 kB
MemAvailable:    1514340 kB
Buffers:           40284 kB
Cached:           340168 kB
MemTotal:        1844596 kB
MemFree:         1255188 kB
MemAvailable:    1515384 kB
Buffers:           40284 kB
Cached:           340168 kB
MemTotal:        1844596 kB
MemFree:         1253904 kB
MemAvailable:    1514100 kB
Buffers:           40284 kB
Cached:           340168 kB
MemTotal:        1844596 kB
MemFree:         1254012 kB
MemAvailable:    1514220 kB
Buffers:           40284 kB
Cached:           340180 kB
MemTotal:        1844596 kB
MemFree:         1253160 kB
MemAvailable:    1513368 kB
Buffers:           40284 kB
Cached:           340180 kB
MemTotal:        1844596 kB
MemFree:         1253752 kB
MemAvailable:    1513960 kB
Buffers:           40284 kB
Cached:           340180 kB
MemTotal:        1844596 kB
MemFree:         1253656 kB
MemAvailable:    1513864 kB
Buffers:           40284 kB
Cached:           340180 kB
MemTotal:        1844596 kB
MemFree:         1253468 kB
MemAvailable:    1513676 kB
Buffers:           40284 kB
Cached:           340180 kB
MemTotal:        1844596 kB
MemFree:         1253136 kB
MemAvailable:    1513344 kB
Buffers:           40284 kB
Cached:           340180 kB
MemTotal:        1844596 kB
MemFree:         1253036 kB
MemAvailable:    1513244 kB
Buffers:           40284 kB
Cached:           340180 kB
MemTotal:        1844596 kB
MemFree:         1252956 kB
MemAvailable:    1513164 kB
Buffers:           40284 kB
Cached:           340180 kB
MemTotal:        1844596 kB
MemFree:         1252044 kB
MemAvailable:    1512252 kB
Buffers:           40284 kB
Cached:           340180 kB
MemTotal:        1844596 kB
MemFree:         1251664 kB
MemAvailable:    1511876 kB
Buffers:           40284 kB
Cached:           340184 kB
MemTotal:        1844596 kB
MemFree:         1252780 kB
MemAvailable:    1512992 kB
Buffers:           40284 kB
Cached:           340184 kB
MemTotal:        1844596 kB
MemFree:         1251540 kB
MemAvailable:    1511752 kB
Buffers:           40284 kB
Cached:           340184 kB
MemTotal:        1844596 kB
MemFree:         1251664 kB
MemAvailable:    1511876 kB
Buffers:           40284 kB
Cached:           340184 kB
MemTotal:        1844596 kB
MemFree:         1252760 kB
MemAvailable:    1512972 kB
Buffers:           40284 kB
Cached:           340184 kB
MemTotal:        1844596 kB
MemFree:         1253012 kB
MemAvailable:    1513224 kB
Buffers:           40284 kB
Cached:           340184 kB
MemTotal:        1844596 kB
MemFree:         1250920 kB
MemAvailable:    1511132 kB
Buffers:           40284 kB
Cached:           340184 kB
MemTotal:        1844596 kB
MemFree:         1250920 kB
MemAvailable:    1511132 kB
Buffers:           40284 kB
Cached:           340184 kB
MemTotal:        1844596 kB
MemFree:         1247332 kB
MemAvailable:    1507544 kB
Buffers:           40284 kB
Cached:           340184 kB
MemTotal:        1844596 kB
MemFree:         1244712 kB
MemAvailable:    1504924 kB
Buffers:           40284 kB
Cached:           340184 kB
MemTotal:        1844596 kB
MemFree:         1243476 kB
MemAvailable:    1503688 kB
Buffers:           40284 kB
Cached:           340184 kB
MemTotal:        1844596 kB
MemFree:         1243556 kB
MemAvailable:    1503768 kB
Buffers:           40284 kB
Cached:           340184 kB
MemTotal:        1844596 kB
MemFree:         1244836 kB
MemAvailable:    1505048 kB
Buffers:           40284 kB
Cached:           340184 kB
MemTotal:        1844596 kB
MemFree:         1244976 kB
MemAvailable:    1505188 kB
Buffers:           40284 kB
Cached:           340184 kB
MemTotal:        1844596 kB
MemFree:         1244772 kB
MemAvailable:    1504984 kB
Buffers:           40284 kB
Cached:           340184 kB
MemTotal:        1844596 kB
MemFree:         1245596 kB
MemAvailable:    1505808 kB
Buffers:           40284 kB
Cached:           340184 kB
MemTotal:        1844596 kB
MemFree:         1246456 kB
MemAvailable:    1506752 kB
Buffers:           40284 kB
Cached:           340308 kB
MemTotal:        1844596 kB
MemFree:         1245092 kB
MemAvailable:    1505472 kB
Buffers:           40284 kB
Cached:           340308 kB
MemTotal:        1844596 kB
MemFree:         1246092 kB
MemAvailable:    1506560 kB
Buffers:           40284 kB
Cached:           340436 kB
MemTotal:        1844596 kB
MemFree:         1244680 kB
MemAvailable:    1505232 kB
Buffers:           40284 kB
Cached:           340560 kB
MemTotal:        1844596 kB
MemFree:         1245788 kB
MemAvailable:    1506508 kB
Buffers:           40284 kB
Cached:           340684 kB
MemTotal:        1844596 kB
MemFree:         1245780 kB
MemAvailable:    1506584 kB
Buffers:           40284 kB
Cached:           340808 kB
MemTotal:        1844596 kB
MemFree:         1244284 kB
MemAvailable:    1505088 kB
Buffers:           40284 kB
Cached:           340808 kB
MemTotal:        1844596 kB
MemFree:         1245516 kB
MemAvailable:    1506404 kB
Buffers:           40284 kB
Cached:           340808 kB
MemTotal:        1844596 kB
MemFree:         1245596 kB
MemAvailable:    1506484 kB
Buffers:           40284 kB
Cached:           340808 kB
MemTotal:        1844596 kB
MemFree:         1244468 kB
MemAvailable:    1505356 kB
Buffers:           40284 kB
Cached:           340808 kB
MemTotal:        1844596 kB
MemFree:         1245792 kB
MemAvailable:    1506680 kB
Buffers:           40284 kB
Cached:           340808 kB
MemTotal:        1844596 kB
MemFree:         1245700 kB
MemAvailable:    1506588 kB
Buffers:           40284 kB
Cached:           340808 kB
MemTotal:        1844596 kB
MemFree:         1245856 kB
MemAvailable:    1506744 kB
Buffers:           40284 kB
Cached:           340932 kB
MemTotal:        1844596 kB
MemFree:         1246076 kB
MemAvailable:    1506292 kB
Buffers:           40284 kB
Cached:           340176 kB
MemTotal:        1844596 kB
MemFree:         1313932 kB
MemAvailable:    1574148 kB
Buffers:           40284 kB
Cached:           340176 kB
