MemTotal:        1844596 kB
MemFree:         1320564 kB
MemAvailable:    1574608 kB
Buffers:           39348 kB
Cached:           335316 kB
MemTotal:        1844596 kB
MemFree:         1294268 kB
MemAvailable:    1548256 kB
Buffers:           39348 kB
Cached:           335348 kB
MemTotal:        1844596 kB
MemFree:         1291780 kB
MemAvailable:    1545768 kB
Buffers:           39348 kB
Cached:           335348 kB
MemTotal:        1844596 kB
MemFree:         1290904 kB
MemAvailable:    1544892 kB
Buffers:           39348 kB
Cached:           335348 kB
MemTotal:        1844596 kB
MemFree:         1290672 kB
MemAvailable:    1544660 kB
Buffers:           39348 kB
Cached:           335348 kB
MemTotal:        1844596 kB
MemFree:         1289540 kB
MemAvailable:    1543528 kB
Buffers:           39348 kB
Cached:           335348 kB
MemTotal:        1844596 kB
MemFree:         1289308 kB
MemAvailable:    1543296 kB
Buffers:           39348 kB
Cached:           335348 kB
MemTotal:        1844596 kB
MemFree:         1287192 kB
MemAvailable:    1541180 kB
Buffers:           39348 kB
Cached:           335348 kB
MemTotal:        1844596 kB
MemFree:         1285776 kB
MemAvailable:    1539764 kB
Buffers:           39348 kB
Cached:           335348 kB
MemTotal:        1844596 kB
MemFree:         1281976 kB
MemAvailable:    1535964 kB
Buffers:           39348 kB
Cached:           335348 kB
MemTotal:        1844596 kB
MemFree:         1278512 kB
MemAvailable:    1532500 kB
Buffers:           39348 kB
Cached:           335348 kB
MemTotal:        1844596 kB
MemFree:         1278316 kB
MemAvailable:    1532304 kB
Buffers:           39348 kB
Cached:           335348 kB
MemTotal:        1844596 kB
MemFree:         1278440 kB
MemAvailable:    1532428 kB
Buffers:           39348 kB
Cached:           335348 kB
MemTotal:        1844596 kB
MemFree:         1279808 kB
MemAvailable:    1533796 kB
Buffers:           39348 kB
Cached:           335348 kB
MemTotal:        1844596 kB
MemFree:         1279372 kB
MemAvailable:    1533360 kB
Buffers:           39348 kB
Cached:           335348 kB
MemTotal:        1844596 kB
MemFree:         1278716 kB
MemAvailable:    1532704 kB
Buffers:           39348 kB
Cached:           335348 kB
MemTotal:        1844596 kB
MemFree:         1279448 kB
MemAvailable:    1533436 kB
Buffers:           39348 kB
Cached:           335348 kB
MemTotal:        1844596 kB
MemFree:         1278016 kB
MemAvailable:    1532004 kB
Buffers:           39348 kB
Cached:           335348 kB
MemTotal:        1844596 kB
MemFree:         1276784 kB
MemAvailable:    1530772 kB
Buffers:           39348 kB
Cached:           335348 kB
MemTotal:        1844596 kB
MemFree:         1276536 kB
MemAvailable:    1530524 kB
Buffers:           39348 kB
Cached:           335348 kB
MemTotal:        1844596 kB
MemFree:         1276280 kB
MemAvailable:    1530268 kB
Buffers:           39348 kB
Cached:           335348 kB
MemTotal:        1844596 kB
MemFree:         1277264 kB
MemAvailable:    1531252 kB
Buffers:           39348 kB
Cached:           335348 kB
MemTotal:        1844596 kB
MemFree:         1276660 kB
MemAvailable:    1530648 kB
Buffers:           39348 kB
Cached:           335348 kB
MemTotal:        1844596 kB
MemFree:         1277328 kB
MemAvailable:    1531316 kB
Buffers:           39348 kB
Cached:           335348 kB
MemTotal:        1844596 kB
MemFree:         1275896 kB
MemAvailable:    1529884 kB
Buffers:           39348 kB
Cached:           335348 kB
MemTotal:        1844596 kB
MemFree:         1276020 kB
MemAvailable:    1530008 kB
Buffers:           39348 kB
Cached:           335348 kB
MemTotal:        1844596 kB
MemFree:         1278460 kB
MemAvailable:    1532448 kB
Buffers:           39348 kB
Cached:           335348 kB
MemTotal:        1844596 kB
MemFree:         1278024 kB
MemAvailable:    1532012 kB
Buffers:           39348 kB
Cached:           335348 kB
MemTotal:        1844596 kB
MemFree:         1278000 kB
MemAvailable:    1531988 kB
Buffers:           39348 kB
Cached:           335348 kB
MemTotal:        1844596 kB
MemFree:         1277776 kB
MemAvailable:    1531764 kB
Buffers:           39348 kB
Cached:           335348 kB
MemTotal:        1844596 kB
MemFree:         1274924 kB
MemAvailable:    1528912 kB
Buffers:           39348 kB
Cached:           335348 kB
MemTotal:        1844596 kB
MemFree:         1274860 kB
MemAvailable:    1528848 kB
Buffers:           39348 kB
Cached:           335348 kB
MemTotal:        1844596 kB
MemFree:         1274364 kB
MemAvailable:    1528352 kB
Buffers:           39348 kB
Cached:           335348 kB
MemTotal:        1844596 kB
MemFree:         1272932 kB
MemAvailable:    1526920 kB
Buffers:           39348 kB
Cached:           335348 kB
MemTotal:        1844596 kB
MemFree:         1272568 kB
MemAvailable:    1526556 kB
Buffers:           39348 kB
Cached:           335348 kB
MemTotal:        1844596 kB
MemFree:         1271816 kB
MemAvailable:    1525804 kB
Buffers:           39348 kB
Cached:           335348 kB
MemTotal:        1844596 kB
MemFree:         1273120 kB
MemAvailable:    1527108 kB
Buffers:           39348 kB
Cached:           335348 kB
MemTotal:        1844596 kB
MemFree:         1273188 kB
MemAvailable:    1527176 kB
Buffers:           39348 kB
Cached:           335348 kB
MemTotal:        1844596 kB
MemFree:         1272868 kB
MemAvailable:    1526856 kB
Buffers:           39348 kB
Cached:           335348 kB
MemTotal:        1844596 kB
MemFree:         1273120 kB
MemAvailable:    1527108 kB
Buffers:           39348 kB
Cached:           335348 kB
MemTotal:        1844596 kB
MemFree:         1272944 kB
MemAvailable:    1526932 kB
Buffers:           39348 kB
Cached:           335348 kB
MemTotal:        1844596 kB
MemFree:         1273008 kB
MemAvailable:    1526996 kB
Buffers:           39348 kB
Cached:           335348 kB
MemTotal:        1844596 kB
MemFree:         1272628 kB
MemAvailable:    1526616 kB
Buffers:           39348 kB
Cached:           335348 kB
MemTotal:        1844596 kB
MemFree:         1271072 kB
MemAvailable:    1525060 kB
Buffers:           39348 kB
Cached:           335348 kB
MemTotal:        1844596 kB
MemFree:         1270816 kB
MemAvailable:    1524804 kB
Buffers:           39348 kB
Cached:           335348 kB
MemTotal:        1844596 kB
MemFree:         1271072 kB
MemAvailable:    1525064 kB
Buffers:           39348 kB
Cached:           335352 kB
MemTotal:        1844596 kB
MemFree:         1272068 kB
MemAvailable:    1526060 kB
Buffers:           39348 kB
Cached:           335352 kB
MemTotal:        1844596 kB
MemFree:         1270804 kB
MemAvailable:    1524796 kB
Buffers:           39348 kB
Cached:           335352 kB
MemTotal:        1844596 kB
MemFree:         1271856 kB
MemAvailable:    1525848 kB
Buffers:           39348 kB
Cached:           335352 kB
MemTotal:        1844596 kB
MemFree:         1270888 kB
MemAvailable:    1524880 kB
Buffers:           39348 kB
Cached:           335352 kB
MemTotal:        1844596 kB
MemFree:         1271992 kB
MemAvailable:    1525984 kB
Buffers:           39348 kB
Cached:           335352 kB
MemTotal:        1844596 kB
MemFree:         1271708 kB
MemAvailable:    1525700 kB
Buffers:           39348 kB
Cached:           335352 kB
MemTotal:        1844596 kB
MemFree:         1272064 kB
MemAvailable:    1526056 kB
Buffers:           39348 kB
Cached:           335352 kB
MemTotal:        1844596 kB
MemFree:         1272316 kB
MemAvailable:    1526308 kB
Buffers:           39348 kB
Cached:           335352 kB
MemTotal:        1844596 kB
MemFree:         1270824 kB
MemAvailable:    1524816 kB
Buffers:           39348 kB
Cached:           335352 kB
MemTotal:        1844596 kB
MemFree:         1271072 kB
MemAvailable:    1525064 kB
Buffers:           39348 kB
Cached:           335352 kB
MemTotal:        1844596 kB
MemFree:         1270584 kB
MemAvailable:    1524576 kB
Buffers:           39348 kB
Cached:           335352 kB
MemTotal:        1844596 kB
MemFree:         1271436 kB
MemAvailable:    1525428 kB
Buffers:           39348 kB
Cached:           335352 kB
MemTotal:        1844596 kB
MemFree:         1271436 kB
MemAvailable:    1525428 kB
Buffers:           39348 kB
Cached:           335352 kB
MemTotal:        1844596 kB
MemFree:         1269940 kB
MemAvailable:    1523932 kB
Buffers:           39348 kB
Cached:           335352 kB
MemTotal:        1844596 kB
MemFree:         1271224 kB
MemAvailable:    1525216 kB
Buffers:           39348 kB
Cached:           335352 kB
MemTotal:        1844596 kB
MemFree:         1269964 kB
MemAvailable:    1523956 kB
Buffers:           39348 kB
Cached:           335352 kB
MemTotal:        1844596 kB
MemFree:         1269964 kB
MemAvailable:    1523964 kB
Buffers:           39348 kB
Cached:           335360 kB
MemTotal:        1844596 kB
MemFree:         1269784 kB
MemAvailable:    1523784 kB
Buffers:           39348 kB
Cached:           335360 kB
MemTotal:        1844596 kB
MemFree:         1271068 kB
MemAvailable:    1525068 kB
Buffers:           39348 kB
Cached:           335360 kB
MemTotal:        1844596 kB
MemFree:         1271080 kB
MemAvailable:    1525080 kB
Buffers:           39348 kB
Cached:           335360 kB
MemTotal:        1844596 kB
MemFree:         1269964 kB
MemAvailable:    1523964 kB
Buffers:           39348 kB
Cached:           335360 kB
MemTotal:        1844596 kB
MemFree:         1270940 kB
MemAvailable:    1524940 kB
Buffers:           39348 kB
Cached:           335360 kB
MemTotal:        1844596 kB
MemFree:         1269096 kB
MemAvailable:    1523096 kB
Buffers:           39348 kB
Cached:           335360 kB
MemTotal:        1844596 kB
MemFree:         1268784 kB
MemAvailable:    1522784 kB
Buffers:           39348 kB
Cached:           335360 kB
MemTotal:        1844596 kB
MemFree:         1265872 kB
MemAvailable:    1519872 kB
Buffers:           39348 kB
Cached:           335360 kB
MemTotal:        1844596 kB
MemFree:         1263640 kB
MemAvailable:    1517640 kB
Buffers:           39348 kB
Cached:           335360 kB
MemTotal:        1844596 kB
MemFree:         1263376 kB
MemAvailable:    1517376 kB
Buffers:           39348 kB
Cached:           335360 kB
MemTotal:        1844596 kB
MemFree:         1263588 kB
MemAvailable:    1517588 kB
Buffers:           39348 kB
Cached:           335360 kB
MemTotal:        1844596 kB
MemFree:         1263320 kB
MemAvailable:    1517320 kB
Buffers:           39348 kB
Cached:           335360 kB
MemTotal:        1844596 kB
MemFree:         1263384 kB
MemAvailable:    1517384 kB
Buffers:           39348 kB
Cached:           335360 kB
MemTotal:        1844596 kB
MemFree:         1263328 kB
MemAvailable:    1517328 kB
Buffers:           39348 kB
Cached:           335360 kB
MemTotal:        1844596 kB
MemFree:         1263260 kB
MemAvailable:    1517260 kB
Buffers:           39348 kB
Cached:           335360 kB
MemTotal:        1844596 kB
MemFree:         1263056 kB
MemAvailable:    1517056 kB
Buffers:           39348 kB
Cached:           335360 kB
MemTotal:        1844596 kB
MemFree:         1263272 kB
MemAvailable:    1517272 kB
Buffers:           39348 kB
Cached:           335360 kB
MemTotal:        1844596 kB
MemFree:         1263324 kB
MemAvailable:    1517324 kB
Buffers:           39348 kB
Cached:           335360 kB
MemTotal:        1844596 kB
MemFree:         1261704 kB
MemAvailable:    1515704 kB
Buffers:           39348 kB
Cached:           335360 kB
MemTotal:        1844596 kB
MemFree:         1261836 kB
MemAvailable:    1515836 kB
Buffers:           39348 kB
Cached:           335360 kB
MemTotal:        1844596 kB
MemFree:         1263104 kB
MemAvailable:    1517104 kB
Buffers:           39348 kB
Cached:           335360 kB
MemTotal:        1844596 kB
MemFree:         1263356 kB
MemAvailable:    1517356 kB
Buffers:           39348 kB
Cached:           335360 kB
MemTotal:        1844596 kB
MemFree:         1262896 kB
MemAvailable:    1516896 kB
Buffers:           39348 kB
Cached:           335360 kB
MemTotal:        1844596 kB
MemFree:         1261400 kB
MemAvailable:    1515400 kB
Buffers:           39348 kB
Cached:           335360 kB
MemTotal:        1844596 kB
MemFree:         1262152 kB
MemAvailable:    1516152 kB
Buffers:           39348 kB
Cached:           335360 kB
MemTotal:        1844596 kB
MemFree:         1260540 kB
MemAvailable:    1514540 kB
Buffers:           39348 kB
Cached:           335360 kB
MemTotal:        1844596 kB
MemFree:         1260284 kB
MemAvailable:    1514284 kB
Buffers:           39348 kB
Cached:           335360 kB
MemTotal:        1844596 kB
MemFree:         1261392 kB
MemAvailable:    1515392 kB
Buffers:           39348 kB
Cached:           335360 kB
MemTotal:        1844596 kB
MemFree:         1261376 kB
MemAvailable:    1515376 kB
Buffers:           39348 kB
Cached:           335360 kB
MemTotal:        1844596 kB
MemFree:         1260312 kB
MemAvailable:    1514312 kB
Buffers:           39348 kB
Cached:           335360 kB
MemTotal:        1844596 kB
MemFree:         1260292 kB
MemAvailable:    1514292 kB
Buffers:           39348 kB
Cached:           335360 kB
MemTotal:        1844596 kB
MemFree:         1259672 kB
MemAvailable:    1513672 kB
Buffers:           39348 kB
Cached:           335360 kB
MemTotal:        1844596 kB
MemFree:         1258432 kB
MemAvailable:    1512432 kB
Buffers:           39348 kB
Cached:           335360 kB
MemTotal:        1844596 kB
MemFree:         1258556 kB
MemAvailable:    1512556 kB
Buffers:           39348 kB
Cached:           335360 kB
MemTotal:        1844596 kB
MemFree:         1259424 kB
MemAvailable:    1513424 kB
Buffers:           39348 kB
Cached:           335360 kB
MemTotal:        1844596 kB
MemFree:         1258300 kB
MemAvailable:    1512300 kB
Buffers:           39348 kB
Cached:           335360 kB
MemTotal:        1844596 kB
MemFree:         1259172 kB
MemAvailable:    1513172 kB
Buffers:           39348 kB
Cached:           335360 kB
MemTotal:        1844596 kB
MemFree:         1259340 kB
MemAvailable:    1513340 kB
Buffers:           39348 kB
Cached:           335360 kB
MemTotal:        1844596 kB
MemFree:         1259400 kB
MemAvailable:    1513400 kB
Buffers:           39348 kB
Cached:           335360 kB
MemTotal:        1844596 kB
MemFree:         1257900 kB
MemAvailable:    1511900 kB
Buffers:           39348 kB
Cached:           335360 kB
MemTotal:        1844596 kB
MemFree:         1259220 kB
MemAvailable:    1513220 kB
Buffers:           39348 kB
Cached:           335360 kB
MemTotal:        1844596 kB
MemFree:         1259180 kB
MemAvailable:    1513180 kB
Buffers:           39348 kB
Cached:           335360 kB
MemTotal:        1844596 kB
MemFree:         1258004 kB
MemAvailable:    1512004 kB
Buffers:           39348 kB
Cached:           335360 kB
MemTotal:        1844596 kB
MemFree:         1257564 kB
MemAvailable:    1511564 kB
Buffers:           39348 kB
Cached:           335360 kB
MemTotal:        1844596 kB
MemFree:         1250364 kB
MemAvailable:    1504364 kB
Buffers:           39348 kB
Cached:           335360 kB
MemTotal:        1844596 kB
MemFree:         1250240 kB
MemAvailable:    1504240 kB
Buffers:           39348 kB
Cached:           335360 kB
MemTotal:        1844596 kB
MemFree:         1251480 kB
MemAvailable:    1505480 kB
Buffers:           39348 kB
Cached:           335360 kB
MemTotal:        1844596 kB
MemFree:         1251592 kB
MemAvailable:    1505592 kB
Buffers:           39348 kB
Cached:           335360 kB
MemTotal:        1844596 kB
MemFree:         1251364 kB
MemAvailable:    1505364 kB
Buffers:           39348 kB
Cached:           335360 kB
MemTotal:        1844596 kB
MemFree:         1250224 kB
MemAvailable:    1504224 kB
Buffers:           39348 kB
Cached:           335360 kB
MemTotal:        1844596 kB
MemFree:         1252152 kB
MemAvailable:    1506152 kB
Buffers:           39348 kB
Cached:           335360 kB
MemTotal:        1844596 kB
MemFree:         1253100 kB
MemAvailable:    1507100 kB
Buffers:           39348 kB
Cached:           335360 kB
MemTotal:        1844596 kB
MemFree:         1252912 kB
MemAvailable:    1507080 kB
Buffers:           39348 kB
Cached:           335608 kB
MemTotal:        1844596 kB
MemFree:         1252968 kB
MemAvailable:    1507220 kB
Buffers:           39348 kB
Cached:           335608 kB
MemTotal:        1844596 kB
MemFree:         1252664 kB
MemAvailable:    1507084 kB
Buffers:           39348 kB
Cached:           335856 kB
MemTotal:        1844596 kB
MemFree:         1252340 kB
MemAvailable:    1506928 kB
Buffers:           39348 kB
Cached:           335980 kB
MemTotal:        1844596 kB
MemFree:         1252592 kB
MemAvailable:    1507180 kB
Buffers:           39348 kB
Cached:           335980 kB
MemTotal:        1844596 kB
MemFree:         1250984 kB
MemAvailable:    1505572 kB
Buffers:           39348 kB
Cached:           335980 kB
MemTotal:        1844596 kB
MemFree:         1252104 kB
MemAvailable:    1506776 kB
Buffers:           39348 kB
Cached:           336104 kB
MemTotal:        1844596 kB
MemFree:         1250992 kB
MemAvailable:    1505664 kB
Buffers:           39348 kB
Cached:           336104 kB
MemTotal:        1844596 kB
MemFree:         1252128 kB
MemAvailable:    1506808 kB
Buffers:           39348 kB
Cached:           336112 kB
MemTotal:        1844596 kB
MemFree:         1252168 kB
MemAvailable:    1506848 kB
Buffers:           39348 kB
Cached:           336112 kB
MemTotal:        1844596 kB
MemFree:         1251488 kB
MemAvailable:    1506168 kB
Buffers:           39348 kB
Cached:           336112 kB
MemTotal:        1844596 kB
MemFree:         1252216 kB
MemAvailable:    1506928 kB
Buffers:           39348 kB
Cached:           336072 kB
MemTotal:        1844596 kB
MemFree:         1251736 kB
MemAvailable:    1506448 kB
Buffers:           39348 kB
Cached:           336072 kB
MemTotal:        1844596 kB
MemFree:         1253060 kB
MemAvailable:    1507068 kB
Buffers:           39348 kB
Cached:           335368 kB
