MemTotal:        1844596 kB
MemFree:         1199672 kB
MemAvailable:    1563156 kB
Buffers:           53544 kB
Cached:           422308 kB
MemTotal:        1844596 kB
MemFree:         1173764 kB
MemAvailable:    1537268 kB
Buffers:           53544 kB
Cached:           422336 kB
MemTotal:        1844596 kB
MemFree:         1172400 kB
MemAvailable:    1535904 kB
Buffers:           53544 kB
Cached:           422336 kB
MemTotal:        1844596 kB
MemFree:         1170052 kB
MemAvailable:    1533556 kB
Buffers:           53544 kB
Cached:           422336 kB
MemTotal:        1844596 kB
MemFree:         1169000 kB
MemAvailable:    1532504 kB
Buffers:           53544 kB
Cached:           422336 kB
MemTotal:        1844596 kB
MemFree:         1167440 kB
MemAvailable:    1530944 kB
Buffers:           53544 kB
Cached:           422336 kB
MemTotal:        1844596 kB
MemFree:         1166144 kB
MemAvailable:    1529648 kB
Buffers:           53544 kB
Cached:           422336 kB
MemTotal:        1844596 kB
MemFree:         1164968 kB
MemAvailable:    1528472 kB
Buffers:           53544 kB
Cached:           422336 kB
MemTotal:        1844596 kB
MemFree:         1158704 kB
MemAvailable:    1522208 kB
Buffers:           53544 kB
Cached:           422336 kB
MemTotal:        1844596 kB
MemFree:         1158148 kB
MemAvailable:    1521652 kB
Buffers:           53544 kB
Cached:           422336 kB
MemTotal:        1844596 kB
MemFree:         1157628 kB
MemAvailable:    1521132 kB
Buffers:           53544 kB
Cached:           422336 kB
MemTotal:        1844596 kB
MemFree:         1157612 kB
MemAvailable:    1521116 kB
Buffers:           53544 kB
Cached:           422336 kB
MemTotal:        1844596 kB
MemFree:         1157612 kB
MemAvailable:    1521116 kB
Buffers:           53544 kB
Cached:           422336 kB
MemTotal:        1844596 kB
MemFree:         1158664 kB
MemAvailable:    1522168 kB
Buffers:           53544 kB
Cached:           422336 kB
MemTotal:        1844596 kB
MemFree:         1157404 kB
MemAvailable:    1520908 kB
Buffers:           53544 kB
Cached:           422336 kB
MemTotal:        1844596 kB
MemFree:         1156288 kB
MemAvailable:    1519792 kB
Buffers:           53544 kB
Cached:           422336 kB
MemTotal:        1844596 kB
MemFree:         1155172 kB
MemAvailable:    1518676 kB
Buffers:           53544 kB
Cached:           422336 kB
MemTotal:        1844596 kB
MemFree:         1155164 kB
MemAvailable:    1518668 kB
Buffers:           53544 kB
Cached:           422336 kB
MemTotal:        1844596 kB
MemFree:         1155040 kB
MemAvailable:    1518544 kB
Buffers:           53544 kB
Cached:           422336 kB
MemTotal:        1844596 kB
MemFree:         1156316 kB
MemAvailable:    1519820 kB
Buffers:           53544 kB
Cached:           422336 kB
MemTotal:        1844596 kB
MemFree:         1154904 kB
MemAvailable:    1518408 kB
Buffers:           53544 kB
Cached:           422336 kB
MemTotal:        1844596 kB
MemFree:         1156088 kB
MemAvailable:    1519592 kB
Buffers:           53544 kB
Cached:           422336 kB
MemTotal:        1844596 kB
MemFree:         1154728 kB
MemAvailable:    1518232 kB
Buffers:           53544 kB
Cached:           422336 kB
MemTotal:        1844596 kB
MemFree:         1155092 kB
MemAvailable:    1518596 kB
Buffers:           53544 kB
Cached:           422336 kB
MemTotal:        1844596 kB
MemFree:         1156156 kB
MemAvailable:    1519660 kB
Buffers:           53544 kB
Cached:           422336 kB
MemTotal:        1844596 kB
MemFree:         1156240 kB
MemAvailable:    1519744 kB
Buffers:           53544 kB
Cached:           422336 kB
MemTotal:        1844596 kB
MemFree:         1155600 kB
MemAvailable:    1519104 kB
Buffers:           53544 kB
Cached:           422336 kB
MemTotal:        1844596 kB
MemFree:         1153792 kB
MemAvailable:    1517296 kB
Buffers:           53544 kB
Cached:           422336 kB
MemTotal:        1844596 kB
MemFree:         1153932 kB
MemAvailable:    1517436 kB
Buffers:           53544 kB
Cached:           422336 kB
MemTotal:        1844596 kB
MemFree:         1153040 kB
MemAvailable:    1516544 kB
Buffers:           53544 kB
Cached:           422336 kB
MemTotal:        1844596 kB
MemFree:         1153376 kB
MemAvailable:    1516880 kB
Buffers:           53544 kB
Cached:           422336 kB
MemTotal:        1844596 kB
MemFree:         1152380 kB
MemAvailable:    1515884 kB
Buffers:           53544 kB
Cached:           422336 kB
MemTotal:        1844596 kB
MemFree:         1152060 kB
MemAvailable:    1515564 kB
Buffers:           53544 kB
Cached:           422336 kB
MemTotal:        1844596 kB
MemFree:         1150680 kB
MemAvailable:    1514184 kB
Buffers:           53544 kB
Cached:           422336 kB
MemTotal:        1844596 kB
MemFree:         1151872 kB
MemAvailable:    1515376 kB
Buffers:           53544 kB
Cached:           422336 kB
MemTotal:        1844596 kB
MemFree:         1151328 kB
MemAvailable:    1514832 kB
Buffers:           53544 kB
Cached:           422336 kB
MemTotal:        1844596 kB
MemFree:         1151920 kB
MemAvailable:    1515424 kB
Buffers:           53544 kB
Cached:           422336 kB
MemTotal:        1844596 kB
MemFree:         1151948 kB
MemAvailable:    1515452 kB
Buffers:           53544 kB
Cached:           422336 kB
MemTotal:        1844596 kB
MemFree:         1151752 kB
MemAvailable:    1515256 kB
Buffers:           53544 kB
Cached:           422336 kB
MemTotal:        1844596 kB
MemFree:         1151752 kB
MemAvailable:    1515256 kB
Buffers:           53544 kB
Cached:           422336 kB
MemTotal:        1844596 kB
MemFree:         1151188 kB
MemAvailable:    1514692 kB
Buffers:           53544 kB
Cached:           422336 kB
MemTotal:        1844596 kB
MemFree:         1151080 kB
MemAvailable:    1514584 kB
Buffers:           53544 kB
Cached:           422336 kB
MemTotal:        1844596 kB
MemFree:         1150892 kB
MemAvailable:    1514396 kB
Buffers:           53544 kB
Cached:           422336 kB
MemTotal:        1844596 kB
MemFree:         1150948 kB
MemAvailable:    1514452 kB
Buffers:           53544 kB
Cached:           422336 kB
MemTotal:        1844596 kB
MemFree:         1150784 kB
MemAvailable:    1514372 kB
Buffers:           53544 kB
Cached:           422336 kB
MemTotal:        1844596 kB
MemFree:         1151016 kB
MemAvailable:    1514520 kB
Buffers:           53544 kB
Cached:           422336 kB
MemTotal:        1844596 kB
MemFree:         1151044 kB
MemAvailable:    1514548 kB
Buffers:           53544 kB
Cached:           422336 kB
MemTotal:        1844596 kB
MemFree:         1150832 kB
MemAvailable:    1514336 kB
Buffers:           53544 kB
Cached:           422336 kB
MemTotal:        1844596 kB
MemFree:         1149568 kB
MemAvailable:    1513072 kB
Buffers:           53544 kB
Cached:           422336 kB
MemTotal:        1844596 kB
MemFree:         1149784 kB
MemAvailable:    1513288 kB
Buffers:           53544 kB
Cached:           422336 kB
MemTotal:        1844596 kB
MemFree:         1149784 kB
MemAvailable:    1513288 kB
Buffers:           53544 kB
Cached:           422336 kB
MemTotal:        1844596 kB
MemFree:         1150796 kB
MemAvailable:    1514300 kB
Buffers:           53544 kB
Cached:           422336 kB
MemTotal:        1844596 kB
MemFree:         1149840 kB
MemAvailable:    1513344 kB
Buffers:           53544 kB
Cached:           422336 kB
MemTotal:        1844596 kB
MemFree:         1150464 kB
MemAvailable:    1513968 kB
Buffers:           53544 kB
Cached:           422336 kB
MemTotal:        1844596 kB
MemFree:         1149324 kB
MemAvailable:    1512828 kB
Buffers:           53544 kB
Cached:           422336 kB
MemTotal:        1844596 kB
MemFree:         1149068 kB
MemAvailable:    1512572 kB
Buffers:           53544 kB
Cached:           422336 kB
MemTotal:        1844596 kB
MemFree:         1150308 kB
MemAvailable:    1513812 kB
Buffers:           53544 kB
Cached:           422336 kB
MemTotal:        1844596 kB
MemFree:         1148724 kB
MemAvailable:    1512228 kB
Buffers:           53544 kB
Cached:           422336 kB
MemTotal:        1844596 kB
MemFree:         1150108 kB
MemAvailable:    1513612 kB
Buffers:           53544 kB
Cached:           422336 kB
MemTotal:        1844596 kB
MemFree:         1150164 kB
MemAvailable:    1513668 kB
Buffers:           53544 kB
Cached:           422336 kB
MemTotal:        1844596 kB
MemFree:         1148848 kB
MemAvailable:    1512352 kB
Buffers:           53544 kB
Cached:           422336 kB
MemTotal:        1844596 kB
MemFree:         1148848 kB
MemAvailable:    1512352 kB
Buffers:           53544 kB
Cached:           422336 kB
MemTotal:        1844596 kB
MemFree:         1148848 kB
MemAvailable:    1512352 kB
Buffers:           53544 kB
Cached:           422336 kB
MemTotal:        1844596 kB
MemFree:         1148972 kB
MemAvailable:    1512476 kB
Buffers:           53544 kB
Cached:           422336 kB
MemTotal:        1844596 kB
MemFree:         1150148 kB
MemAvailable:    1513652 kB
Buffers:           53544 kB
Cached:           422336 kB
MemTotal:        1844596 kB
MemFree:         1148972 kB
MemAvailable:    1512476 kB
Buffers:           53544 kB
Cached:           422336 kB
MemTotal:        1844596 kB
MemFree:         1147980 kB
MemAvailable:    1511488 kB
Buffers:           53544 kB
Cached:           422340 kB
MemTotal:        1844596 kB
MemFree:         1144252 kB
MemAvailable:    1507760 kB
Buffers:           53544 kB
Cached:           422340 kB
MemTotal:        1844596 kB
MemFree:         1142772 kB
MemAvailable:    1506280 kB
Buffers:           53544 kB
Cached:           422340 kB
MemTotal:        1844596 kB
MemFree:         1141392 kB
MemAvailable:    1504900 kB
Buffers:           53544 kB
Cached:           422340 kB
MemTotal:        1844596 kB
MemFree:         1142020 kB
MemAvailable:    1505528 kB
Buffers:           53544 kB
Cached:           422340 kB
MemTotal:        1844596 kB
MemFree:         1142148 kB
MemAvailable:    1505656 kB
Buffers:           53544 kB
Cached:           422340 kB
MemTotal:        1844596 kB
MemFree:         1141284 kB
MemAvailable:    1504792 kB
Buffers:           53544 kB
Cached:           422340 kB
MemTotal:        1844596 kB
MemFree:         1142212 kB
MemAvailable:    1505720 kB
Buffers:           53544 kB
Cached:           422340 kB
MemTotal:        1844596 kB
MemFree:         1142012 kB
MemAvailable:    1505520 kB
Buffers:           53544 kB
Cached:           422340 kB
MemTotal:        1844596 kB
MemFree:         1142096 kB
MemAvailable:    1505604 kB
Buffers:           53544 kB
Cached:           422340 kB
MemTotal:        1844596 kB
MemFree:         1140844 kB
MemAvailable:    1504352 kB
Buffers:           53544 kB
Cached:           422340 kB
MemTotal:        1844596 kB
MemFree:         1140912 kB
MemAvailable:    1504424 kB
Buffers:           53544 kB
Cached:           422344 kB
MemTotal:        1844596 kB
MemFree:         1142236 kB
MemAvailable:    1505748 kB
Buffers:           53544 kB
Cached:           422344 kB
MemTotal:        1844596 kB
MemFree:         1140740 kB
MemAvailable:    1504252 kB
Buffers:           53544 kB
Cached:           422344 kB
MemTotal:        1844596 kB
MemFree:         1140872 kB
MemAvailable:    1504384 kB
Buffers:           53544 kB
Cached:           422344 kB
MemTotal:        1844596 kB
MemFree:         1142160 kB
MemAvailable:    1505672 kB
Buffers:           53544 kB
Cached:           422344 kB
MemTotal:        1844596 kB
MemFree:         1142224 kB
MemAvailable:    1505736 kB
Buffers:           53544 kB
Cached:           422344 kB
MemTotal:        1844596 kB
MemFree:         1140728 kB
MemAvailable:    1504240 kB
Buffers:           53544 kB
Cached:           422344 kB
MemTotal:        1844596 kB
MemFree:         1141828 kB
MemAvailable:    1505340 kB
Buffers:           53544 kB
Cached:           422344 kB
MemTotal:        1844596 kB
MemFree:         1141096 kB
MemAvailable:    1504608 kB
Buffers:           53544 kB
Cached:           422344 kB
MemTotal:        1844596 kB
MemFree:         1139548 kB
MemAvailable:    1503060 kB
Buffers:           53544 kB
Cached:           422344 kB
MemTotal:        1844596 kB
MemFree:         1139168 kB
MemAvailable:    1502680 kB
Buffers:           53544 kB
Cached:           422344 kB
MemTotal:        1844596 kB
MemFree:         1139168 kB
MemAvailable:    1502680 kB
Buffers:           53544 kB
Cached:           422344 kB
MemTotal:        1844596 kB
MemFree:         1140408 kB
MemAvailable:    1503920 kB
Buffers:           53544 kB
Cached:           422344 kB
MemTotal:        1844596 kB
MemFree:         1139360 kB
MemAvailable:    1502872 kB
Buffers:           53544 kB
Cached:           422344 kB
MemTotal:        1844596 kB
MemFree:         1139084 kB
MemAvailable:    1502596 kB
Buffers:           53544 kB
Cached:           422344 kB
MemTotal:        1844596 kB
MemFree:         1138896 kB
MemAvailable:    1502408 kB
Buffers:           53544 kB
Cached:           422344 kB
MemTotal:        1844596 kB
MemFree:         1137524 kB
MemAvailable:    1501036 kB
Buffers:           53544 kB
Cached:           422344 kB
MemTotal:        1844596 kB
MemFree:         1137648 kB
MemAvailable:    1501160 kB
Buffers:           53544 kB
Cached:           422344 kB
MemTotal:        1844596 kB
MemFree:         1137532 kB
MemAvailable:    1501044 kB
Buffers:           53544 kB
Cached:           422344 kB
MemTotal:        1844596 kB
MemFree:         1138648 kB
MemAvailable:    1502160 kB
Buffers:           53544 kB
Cached:           422344 kB
MemTotal:        1844596 kB
MemFree:         1137152 kB
MemAvailable:    1500664 kB
Buffers:           53544 kB
Cached:           422344 kB
MemTotal:        1844596 kB
MemFree:         1137400 kB
MemAvailable:    1500912 kB
Buffers:           53544 kB
Cached:           422344 kB
MemTotal:        1844596 kB
MemFree:         1137268 kB
MemAvailable:    1500780 kB
Buffers:           53544 kB
Cached:           422344 kB
MemTotal:        1844596 kB
MemFree:         1137020 kB
MemAvailable:    1500532 kB
Buffers:           53544 kB
Cached:           422344 kB
MemTotal:        1844596 kB
MemFree:         1137012 kB
MemAvailable:    1500524 kB
Buffers:           53544 kB
Cached:           422344 kB
MemTotal:        1844596 kB
MemFree:         1136664 kB
MemAvailable:    1500176 kB
Buffers:           53544 kB
Cached:           422344 kB
MemTotal:        1844596 kB
MemFree:         1137744 kB
MemAvailable:    1501256 kB
Buffers:           53544 kB
Cached:           422344 kB
MemTotal:        1844596 kB
MemFree:         1131152 kB
MemAvailable:    1494664 kB
Buffers:           53544 kB
Cached:           422344 kB
MemTotal:        1844596 kB
MemFree:         1131152 kB
MemAvailable:    1494664 kB
Buffers:           53544 kB
Cached:           422344 kB
MemTotal:        1844596 kB
MemFree:         1130324 kB
MemAvailable:    1493836 kB
Buffers:           53544 kB
Cached:           422344 kB
MemTotal:        1844596 kB
MemFree:         1130340 kB
MemAvailable:    1493852 kB
Buffers:           53544 kB
Cached:           422344 kB
MemTotal:        1844596 kB
MemFree:         1130160 kB
MemAvailable:    1493672 kB
Buffers:           53544 kB
Cached:           422344 kB
MemTotal:        1844596 kB
MemFree:         1129596 kB
MemAvailable:    1493108 kB
Buffers:           53544 kB
Cached:           422344 kB
MemTotal:        1844596 kB
MemFree:         1128828 kB
MemAvailable:    1492340 kB
Buffers:           53544 kB
Cached:           422344 kB
MemTotal:        1844596 kB
MemFree:         1128780 kB
MemAvailable:    1492292 kB
Buffers:           53544 kB
Cached:           422344 kB
MemTotal:        1844596 kB
MemFree:         1132252 kB
MemAvailable:    1495764 kB
Buffers:           53544 kB
Cached:           422344 kB
MemTotal:        1844596 kB
MemFree:         1131952 kB
MemAvailable:    1495464 kB
Buffers:           53548 kB
Cached:           422340 kB
MemTotal:        1844596 kB
MemFree:         1131756 kB
MemAvailable:    1495352 kB
Buffers:           53548 kB
Cached:           422464 kB
MemTotal:        1844596 kB
MemFree:         1130572 kB
MemAvailable:    1494252 kB
Buffers:           53548 kB
Cached:           422588 kB
MemTotal:        1844596 kB
MemFree:         1130440 kB
MemAvailable:    1494288 kB
Buffers:           53548 kB
Cached:           422712 kB
MemTotal:        1844596 kB
MemFree:         1130340 kB
MemAvailable:    1494356 kB
Buffers:           53548 kB
Cached:           422836 kB
MemTotal:        1844596 kB
MemFree:         1130216 kB
MemAvailable:    1494400 kB
Buffers:           53548 kB
Cached:           422960 kB
MemTotal:        1844596 kB
MemFree:         1129960 kB
MemAvailable:    1494144 kB
Buffers:           53548 kB
Cached:           422960 kB
MemTotal:        1844596 kB
MemFree:         1129712 kB
MemAvailable:    1493896 kB
Buffers:           53548 kB
Cached:           422960 kB
MemTotal:        1844596 kB
MemFree:         1129788 kB
MemAvailable:    1493972 kB
Buffers:           53548 kB
Cached:           422960 kB
MemTotal:        1844596 kB
MemFree:         1129788 kB
MemAvailable:    1493972 kB
Buffers:           53548 kB
Cached:           423084 kB
MemTotal:        1844596 kB
MemFree:         1129788 kB
MemAvailable:    1493972 kB
Buffers:           53548 kB
Cached:           423084 kB
MemTotal:        1844596 kB
MemFree:         1129780 kB
MemAvailable:    1493964 kB
Buffers:           53548 kB
Cached:           423084 kB
MemTotal:        1844596 kB
MemFree:         1129656 kB
MemAvailable:    1493924 kB
Buffers:           53548 kB
Cached:           423084 kB
MemTotal:        1844596 kB
MemFree:         1199112 kB
MemAvailable:    1562708 kB
Buffers:           53548 kB
Cached:           422368 kB
MemTotal:        1844596 kB
MemFree:         1199608 kB
MemAvailable:    1563208 kB
Buffers:           53548 kB
Cached:           422372 kB
