MemTotal:        1844596 kB
MemFree:         1142860 kB
MemAvailable:    1560608 kB
Buffers:           59492 kB
Cached:           466452 kB
MemTotal:        1844596 kB
MemFree:         1115432 kB
MemAvailable:    1533184 kB
Buffers:           59492 kB
Cached:           466456 kB
MemTotal:        1844596 kB
MemFree:         1113572 kB
MemAvailable:    1531324 kB
Buffers:           59492 kB
Cached:           466456 kB
MemTotal:        1844596 kB
MemFree:         1112208 kB
MemAvailable:    1529960 kB
Buffers:           59492 kB
Cached:           466456 kB
MemTotal:        1844596 kB
MemFree:         1111836 kB
MemAvailable:    1529588 kB
Buffers:           59492 kB
Cached:           466456 kB
MemTotal:        1844596 kB
MemFree:         1111580 kB
MemAvailable:    1529332 kB
Buffers:           59492 kB
Cached:           466456 kB
MemTotal:        1844596 kB
MemFree:         1109108 kB
MemAvailable:    1526860 kB
Buffers:           59492 kB
Cached:           466456 kB
MemTotal:        1844596 kB
MemFree:         1105124 kB
MemAvailable:    1522876 kB
Buffers:           59492 kB
Cached:           466456 kB
MemTotal:        1844596 kB
MemFree:         1104768 kB
MemAvailable:    1522520 kB
Buffers:           59492 kB
Cached:           466456 kB
MemTotal:        1844596 kB
MemFree:         1101460 kB
MemAvailable:    1519212 kB
Buffers:           59492 kB
Cached:           466456 kB
MemTotal:        1844596 kB
MemFree:         1101796 kB
MemAvailable:    1519548 kB
Buffers:           59492 kB
Cached:           466456 kB
MemTotal:        1844596 kB
MemFree:         1101748 kB
MemAvailable:    1519500 kB
Buffers:           59492 kB
Cached:           466456 kB
MemTotal:        1844596 kB
MemFree:         1102000 kB
MemAvailable:    1519752 kB
Buffers:           59492 kB
Cached:           466456 kB
MemTotal:        1844596 kB
MemFree:         1100420 kB
MemAvailable:    1518172 kB
Buffers:           59492 kB
Cached:           466456 kB
MemTotal:        1844596 kB
MemFree:         1100552 kB
MemAvailable:    1518304 kB
Buffers:           59492 kB
Cached:           466456 kB
MemTotal:        1844596 kB
MemFree:         1100660 kB
MemAvailable:    1518412 kB
Buffers:           59492 kB
Cached:           466456 kB
MemTotal:        1844596 kB
MemFree:         1100552 kB
MemAvailable:    1518304 kB
Buffers:           59492 kB
Cached:           466456 kB
MemTotal:        1844596 kB
MemFree:         1098444 kB
MemAvailable:    1516252 kB
Buffers:           59492 kB
Cached:           466472 kB
MemTotal:        1844596 kB
MemFree:         1099620 kB
MemAvailable:    1517428 kB
Buffers:           59492 kB
Cached:           466472 kB
MemTotal:        1844596 kB
MemFree:         1099288 kB
MemAvailable:    1517096 kB
Buffers:           59492 kB
Cached:           466472 kB
MemTotal:        1844596 kB
MemFree:         1098692 kB
MemAvailable:    1516500 kB
Buffers:           59492 kB
Cached:           466472 kB
MemTotal:        1844596 kB
MemFree:         1099232 kB
MemAvailable:    1517040 kB
Buffers:           59492 kB
Cached:           466472 kB
MemTotal:        1844596 kB
MemFree:         1099116 kB
MemAvailable:    1516924 kB
Buffers:           59492 kB
Cached:           466472 kB
MemTotal:        1844596 kB
MemFree:         1098804 kB
MemAvailable:    1516612 kB
Buffers:           59492 kB
Cached:           466472 kB
MemTotal:        1844596 kB
MemFree:         1098032 kB
MemAvailable:    1515840 kB
Buffers:           59492 kB
Cached:           466472 kB
MemTotal:        1844596 kB
MemFree:         1098032 kB
MemAvailable:    1515840 kB
Buffers:           59492 kB
Cached:           466472 kB
MemTotal:        1844596 kB
MemFree:         1099356 kB
MemAvailable:    1517164 kB
Buffers:           59492 kB
Cached:           466472 kB
MemTotal:        1844596 kB
MemFree:         1099916 kB
MemAvailable:    1517724 kB
Buffers:           59492 kB
Cached:           466472 kB
MemTotal:        1844596 kB
MemFree:         1099916 kB
MemAvailable:    1517724 kB
Buffers:           59492 kB
Cached:           466472 kB
MemTotal:        1844596 kB
MemFree:         1097692 kB
MemAvailable:    1515500 kB
Buffers:           59492 kB
Cached:           466472 kB
MemTotal:        1844596 kB
MemFree:         1096884 kB
MemAvailable:    1514692 kB
Buffers:           59492 kB
Cached:           466472 kB
MemTotal:        1844596 kB
MemFree:         1095468 kB
MemAvailable:    1513276 kB
Buffers:           59492 kB
Cached:           466472 kB
MemTotal:        1844596 kB
MemFree:         1094972 kB
MemAvailable:    1512780 kB
Buffers:           59492 kB
Cached:           466472 kB
MemTotal:        1844596 kB
MemFree:         1095396 kB
MemAvailable:    1513204 kB
Buffers:           59492 kB
Cached:           466472 kB
MemTotal:        1844596 kB
MemFree:         1095288 kB
MemAvailable:    1513096 kB
Buffers:           59492 kB
Cached:           466472 kB
MemTotal:        1844596 kB
MemFree:         1093720 kB
MemAvailable:    1511528 kB
Buffers:           59492 kB
Cached:           466472 kB
MemTotal:        1844596 kB
MemFree:         1095168 kB
MemAvailable:    1512976 kB
Buffers:           59492 kB
Cached:           466472 kB
MemTotal:        1844596 kB
MemFree:         1095196 kB
MemAvailable:    1513004 kB
Buffers:           59492 kB
Cached:           466472 kB
MemTotal:        1844596 kB
MemFree:         1093792 kB
MemAvailable:    1511600 kB
Buffers:           59492 kB
Cached:           466472 kB
MemTotal:        1844596 kB
MemFree:         1095092 kB
MemAvailable:    1512900 kB
Buffers:           59492 kB
Cached:           466472 kB
MemTotal:        1844596 kB
MemFree:         1095024 kB
MemAvailable:    1512832 kB
Buffers:           59492 kB
Cached:           466472 kB
MemTotal:        1844596 kB
MemFree:         1093228 kB
MemAvailable:    1511036 kB
Buffers:           59492 kB
Cached:           466472 kB
MemTotal:        1844596 kB
MemFree:         1094220 kB
MemAvailable:    1512028 kB
Buffers:           59492 kB
Cached:           466472 kB
MemTotal:        1844596 kB
MemFree:         1094080 kB
MemAvailable:    1511888 kB
Buffers:           59492 kB
Cached:           466472 kB
MemTotal:        1844596 kB
MemFree:         1094352 kB
MemAvailable:    1512160 kB
Buffers:           59492 kB
Cached:           466472 kB
MemTotal:        1844596 kB
MemFree:         1092940 kB
MemAvailable:    1510748 kB
Buffers:           59492 kB
Cached:           466472 kB
MemTotal:        1844596 kB
MemFree:         1094240 kB
MemAvailable:    1512048 kB
Buffers:           59492 kB
Cached:           466472 kB
MemTotal:        1844596 kB
MemFree:         1092932 kB
MemAvailable:    1510740 kB
Buffers:           59492 kB
Cached:           466472 kB
MemTotal:        1844596 kB
MemFree:         1094108 kB
MemAvailable:    1511916 kB
Buffers:           59492 kB
Cached:           466472 kB
MemTotal:        1844596 kB
MemFree:         1092932 kB
MemAvailable:    1510740 kB
Buffers:           59492 kB
Cached:           466472 kB
MemTotal:        1844596 kB
MemFree:         1094156 kB
MemAvailable:    1511964 kB
Buffers:           59492 kB
Cached:           466472 kB
MemTotal:        1844596 kB
MemFree:         1094028 kB
MemAvailable:    1511836 kB
Buffers:           59492 kB
Cached:           466472 kB
MemTotal:        1844596 kB
MemFree:         1094280 kB
MemAvailable:    1512088 kB
Buffers:           59492 kB
Cached:           466472 kB
MemTotal:        1844596 kB
MemFree:         1094048 kB
MemAvailable:    1511856 kB
Buffers:           59492 kB
Cached:           466472 kB
MemTotal:        1844596 kB
MemFree:         1093056 kB
MemAvailable:    1510864 kB
Buffers:           59492 kB
Cached:           466472 kB
MemTotal:        1844596 kB
MemFree:         1093460 kB
MemAvailable:    1511268 kB
Buffers:           59492 kB
Cached:           466472 kB
MemTotal:        1844596 kB
MemFree:         1093228 kB
MemAvailable:    1511036 kB
Buffers:           59492 kB
Cached:           466472 kB
MemTotal:        1844596 kB
MemFree:         1093232 kB
MemAvailable:    1511040 kB
Buffers:           59492 kB
Cached:           466472 kB
MemTotal:        1844596 kB
MemFree:         1092092 kB
MemAvailable:    1509900 kB
Buffers:           59492 kB
Cached:           466472 kB
MemTotal:        1844596 kB
MemFree:         1092088 kB
MemAvailable:    1509896 kB
Buffers:           59492 kB
Cached:           466472 kB
MemTotal:        1844596 kB
MemFree:         1091956 kB
MemAvailable:    1509764 kB
Buffers:           59492 kB
Cached:           466472 kB
MemTotal:        1844596 kB
MemFree:         1093052 kB
MemAvailable:    1510860 kB
Buffers:           59492 kB
Cached:           466472 kB
MemTotal:        1844596 kB
MemFree:         1093304 kB
MemAvailable:    1511112 kB
Buffers:           59492 kB
Cached:           466472 kB
MemTotal:        1844596 kB
MemFree:         1091976 kB
MemAvailable:    1509784 kB
Buffers:           59492 kB
Cached:           466472 kB
MemTotal:        1844596 kB
MemFree:         1092972 kB
MemAvailable:    1510780 kB
Buffers:           59492 kB
Cached:           466472 kB
MemTotal:        1844596 kB
MemFree:         1093308 kB
MemAvailable:    1511116 kB
Buffers:           59492 kB
Cached:           466472 kB
MemTotal:        1844596 kB
MemFree:         1090864 kB
MemAvailable:    1508672 kB
Buffers:           59492 kB
Cached:           466472 kB
MemTotal:        1844596 kB
MemFree:         1090632 kB
MemAvailable:    1508440 kB
Buffers:           59492 kB
Cached:           466472 kB
MemTotal:        1844596 kB
MemFree:         1087840 kB
MemAvailable:    1505648 kB
Buffers:           59492 kB
Cached:           466472 kB
MemTotal:        1844596 kB
MemFree:         1084928 kB
MemAvailable:    1502736 kB
Buffers:           59492 kB
Cached:           466472 kB
MemTotal:        1844596 kB
MemFree:         1084804 kB
MemAvailable:    1502612 kB
Buffers:           59492 kB
Cached:           466472 kB
MemTotal:        1844596 kB
MemFree:         1084556 kB
MemAvailable:    1502364 kB
Buffers:           59492 kB
Cached:           466472 kB
MemTotal:        1844596 kB
MemFree:         1084680 kB
MemAvailable:    1502488 kB
Buffers:           59492 kB
Cached:           466472 kB
MemTotal:        1844596 kB
MemFree:         1084556 kB
MemAvailable:    1502364 kB
Buffers:           59492 kB
Cached:           466472 kB
MemTotal:        1844596 kB
MemFree:         1085608 kB
MemAvailable:    1503416 kB
Buffers:           59492 kB
Cached:           466472 kB
MemTotal:        1844596 kB
MemFree:         1084556 kB
MemAvailable:    1502364 kB
Buffers:           59492 kB
Cached:           466472 kB
MemTotal:        1844596 kB
MemFree:         1084300 kB
MemAvailable:    1502112 kB
Buffers:           59492 kB
Cached:           466476 kB
MemTotal:        1844596 kB
MemFree:         1085416 kB
MemAvailable:    1503228 kB
Buffers:           59492 kB
Cached:           466476 kB
MemTotal:        1844596 kB
MemFree:         1084432 kB
MemAvailable:    1502244 kB
Buffers:           59492 kB
Cached:           466476 kB
MemTotal:        1844596 kB
MemFree:         1085284 kB
MemAvailable:    1503096 kB
Buffers:           59492 kB
Cached:           466476 kB
MemTotal:        1844596 kB
MemFree:         1085536 kB
MemAvailable:    1503348 kB
Buffers:           59492 kB
Cached:           466476 kB
MemTotal:        1844596 kB
MemFree:         1083920 kB
MemAvailable:    1501732 kB
Buffers:           59492 kB
Cached:           466476 kB
MemTotal:        1844596 kB
MemFree:         1084804 kB
MemAvailable:    1502616 kB
Buffers:           59492 kB
Cached:           466476 kB
MemTotal:        1844596 kB
MemFree:         1083316 kB
MemAvailable:    1501128 kB
Buffers:           59492 kB
Cached:           466476 kB
MemTotal:        1844596 kB
MemFree:         1084540 kB
MemAvailable:    1502352 kB
Buffers:           59492 kB
Cached:           466476 kB
MemTotal:        1844596 kB
MemFree:         1083996 kB
MemAvailable:    1501812 kB
Buffers:           59492 kB
Cached:           466480 kB
MemTotal:        1844596 kB
MemFree:         1083688 kB
MemAvailable:    1501504 kB
Buffers:           59492 kB
Cached:           466480 kB
MemTotal:        1844596 kB
MemFree:         1082276 kB
MemAvailable:    1500092 kB
Buffers:           59492 kB
Cached:           466480 kB
MemTotal:        1844596 kB
MemFree:         1083376 kB
MemAvailable:    1501192 kB
Buffers:           59492 kB
Cached:           466480 kB
MemTotal:        1844596 kB
MemFree:         1082408 kB
MemAvailable:    1500224 kB
Buffers:           59492 kB
Cached:           466480 kB
MemTotal:        1844596 kB
MemFree:         1080912 kB
MemAvailable:    1498728 kB
Buffers:           59492 kB
Cached:           466480 kB
MemTotal:        1844596 kB
MemFree:         1081704 kB
MemAvailable:    1499520 kB
Buffers:           59492 kB
Cached:           466480 kB
MemTotal:        1844596 kB
MemFree:         1080332 kB
MemAvailable:    1498148 kB
Buffers:           59492 kB
Cached:           466480 kB
MemTotal:        1844596 kB
MemFree:         1081516 kB
MemAvailable:    1499332 kB
Buffers:           59492 kB
Cached:           466480 kB
MemTotal:        1844596 kB
MemFree:         1081516 kB
MemAvailable:    1499332 kB
Buffers:           59492 kB
Cached:           466480 kB
MemTotal:        1844596 kB
MemFree:         1081500 kB
MemAvailable:    1499316 kB
Buffers:           59492 kB
Cached:           466480 kB
MemTotal:        1844596 kB
MemFree:         1081452 kB
MemAvailable:    1499268 kB
Buffers:           59492 kB
Cached:           466480 kB
MemTotal:        1844596 kB
MemFree:         1081196 kB
MemAvailable:    1499012 kB
Buffers:           59492 kB
Cached:           466480 kB
MemTotal:        1844596 kB
MemFree:         1080020 kB
MemAvailable:    1497836 kB
Buffers:           59492 kB
Cached:           466480 kB
MemTotal:        1844596 kB
MemFree:         1081240 kB
MemAvailable:    1499056 kB
Buffers:           59492 kB
Cached:           466480 kB
MemTotal:        1844596 kB
MemFree:         1081580 kB
MemAvailable:    1499396 kB
Buffers:           59492 kB
Cached:           466480 kB
MemTotal:        1844596 kB
MemFree:         1081336 kB
MemAvailable:    1499152 kB
Buffers:           59492 kB
Cached:           466480 kB
MemTotal:        1844596 kB
MemFree:         1080072 kB
MemAvailable:    1497888 kB
Buffers:           59492 kB
Cached:           466480 kB
MemTotal:        1844596 kB
MemFree:         1080944 kB
MemAvailable:    1498760 kB
Buffers:           59492 kB
Cached:           466480 kB
MemTotal:        1844596 kB
MemFree:         1080836 kB
MemAvailable:    1498652 kB
Buffers:           59492 kB
Cached:           466480 kB
MemTotal:        1844596 kB
MemFree:         1076124 kB
MemAvailable:    1493940 kB
Buffers:           59492 kB
Cached:           466480 kB
MemTotal:        1844596 kB
MemFree:         1073504 kB
MemAvailable:    1491320 kB
Buffers:           59492 kB
Cached:           466480 kB
MemTotal:        1844596 kB
MemFree:         1073148 kB
MemAvailable:    1490964 kB
Buffers:           59492 kB
Cached:           466480 kB
MemTotal:        1844596 kB
MemFree:         1072136 kB
MemAvailable:    1489952 kB
Buffers:           59492 kB
Cached:           466480 kB
MemTotal:        1844596 kB
MemFree:         1073328 kB
MemAvailable:    1491144 kB
Buffers:           59492 kB
Cached:           466480 kB
MemTotal:        1844596 kB
MemFree:         1073272 kB
MemAvailable:    1491088 kB
Buffers:           59492 kB
Cached:           466480 kB
MemTotal:        1844596 kB
MemFree:         1073444 kB
MemAvailable:    1491260 kB
Buffers:           59492 kB
Cached:           466480 kB
MemTotal:        1844596 kB
MemFree:         1073456 kB
MemAvailable:    1491272 kB
Buffers:           59492 kB
Cached:           466480 kB
MemTotal:        1844596 kB
MemFree:         1075488 kB
MemAvailable:    1493304 kB
Buffers:           59492 kB
Cached:           466480 kB
MemTotal:        1844596 kB
MemFree:         1073752 kB
MemAvailable:    1491652 kB
Buffers:           59492 kB
Cached:           466604 kB
MemTotal:        1844596 kB
MemFree:         1073636 kB
MemAvailable:    1491620 kB
Buffers:           59492 kB
Cached:           466728 kB
MemTotal:        1844596 kB
MemFree:         1074480 kB
MemAvailable:    1492716 kB
Buffers:           59492 kB
Cached:           466852 kB
MemTotal:        1844596 kB
MemFree:         1074480 kB
MemAvailable:    1492716 kB
Buffers:           59492 kB
Cached:           466852 kB
MemTotal:        1844596 kB
MemFree:         1073008 kB
MemAvailable:    1491328 kB
Buffers:           59492 kB
Cached:           466976 kB
MemTotal:        1844596 kB
MemFree:         1074108 kB
MemAvailable:    1492512 kB
Buffers:           59492 kB
Cached:           467100 kB
MemTotal:        1844596 kB
MemFree:         1074000 kB
MemAvailable:    1492404 kB
Buffers:           59492 kB
Cached:           467100 kB
MemTotal:        1844596 kB
MemFree:         1074076 kB
MemAvailable:    1492480 kB
Buffers:           59492 kB
Cached:           467224 kB
MemTotal:        1844596 kB
MemFree:         1074140 kB
MemAvailable:    1492544 kB
Buffers:           59492 kB
Cached:           467224 kB
MemTotal:        1844596 kB
MemFree:         1073272 kB
MemAvailable:    1491676 kB
Buffers:           59492 kB
Cached:           467224 kB
MemTotal:        1844596 kB
MemFree:         1073948 kB
MemAvailable:    1492352 kB
Buffers:           59492 kB
Cached:           467224 kB
MemTotal:        1844596 kB
MemFree:         1073948 kB
MemAvailable:    1492352 kB
Buffers:           59492 kB
Cached:           467224 kB
MemTotal:        1844596 kB
MemFree:         1074020 kB
MemAvailable:    1492424 kB
Buffers:           59492 kB
Cached:           467224 kB
MemTotal:        1844596 kB
MemFree:         1073004 kB
MemAvailable:    1491408 kB
Buffers:           59492 kB
Cached:           467224 kB
MemTotal:        1844596 kB
MemFree:         1074504 kB
MemAvailable:    1492320 kB
Buffers:           59492 kB
Cached:           466508 kB
MemTotal:        1844596 kB
MemFree:         1139412 kB
MemAvailable:    1557228 kB
Buffers:           59492 kB
Cached:           466508 kB
