MemTotal:        1844596 kB
MemFree:         1426028 kB
MemAvailable:    1608336 kB
Buffers:           22840 kB
Cached:           289540 kB
MemTotal:        1844596 kB
MemFree:         1398896 kB
MemAvailable:    1581212 kB
Buffers:           22840 kB
Cached:           289544 kB
MemTotal:        1844596 kB
MemFree:         1398460 kB
MemAvailable:    1580776 kB
Buffers:           22840 kB
Cached:           289544 kB
MemTotal:        1844596 kB
MemFree:         1396352 kB
MemAvailable:    1578668 kB
Buffers:           22840 kB
Cached:           289544 kB
MemTotal:        1844596 kB
MemFree:         1396264 kB
MemAvailable:    1578580 kB
Buffers:           22840 kB
Cached:           289544 kB
MemTotal:        1844596 kB
MemFree:         1394864 kB
MemAvailable:    1577180 kB
Buffers:           22840 kB
Cached:           289544 kB
MemTotal:        1844596 kB
MemFree:         1394944 kB
MemAvailable:    1577260 kB
Buffers:           22840 kB
Cached:           289544 kB
MemTotal:        1844596 kB
MemFree:         1393884 kB
MemAvailable:    1576200 kB
Buffers:           22840 kB
Cached:           289544 kB
MemTotal:        1844596 kB
MemFree:         1391440 kB
MemAvailable:    1573756 kB
Buffers:           22840 kB
Cached:           289544 kB
MemTotal:        1844596 kB
MemFree:         1391652 kB
MemAvailable:    1573968 kB
Buffers:           22840 kB
Cached:           289544 kB
MemTotal:        1844596 kB
MemFree:         1386108 kB
MemAvailable:    1568424 kB
Buffers:           22840 kB
Cached:           289544 kB
MemTotal:        1844596 kB
MemFree:         1386108 kB
MemAvailable:    1568424 kB
Buffers:           22840 kB
Cached:           289544 kB
MemTotal:        1844596 kB
MemFree:         1384592 kB
MemAvailable:    1566908 kB
Buffers:           22840 kB
Cached:           289544 kB
MemTotal:        1844596 kB
MemFree:         1384096 kB
MemAvailable:    1566412 kB
Buffers:           22840 kB
Cached:           289544 kB
MemTotal:        1844596 kB
MemFree:         1384812 kB
MemAvailable:    1567128 kB
Buffers:           22840 kB
Cached:           289544 kB
MemTotal:        1844596 kB
MemFree:         1384140 kB
MemAvailable:    1566456 kB
Buffers:           22840 kB
Cached:           289544 kB
MemTotal:        1844596 kB
MemFree:         1383712 kB
MemAvailable:    1566028 kB
Buffers:           22840 kB
Cached:           289544 kB
MemTotal:        1844596 kB
MemFree:         1384752 kB
MemAvailable:    1567068 kB
Buffers:           22840 kB
Cached:           289544 kB
MemTotal:        1844596 kB
MemFree:         1384836 kB
MemAvailable:    1567152 kB
Buffers:           22840 kB
Cached:           289544 kB
MemTotal:        1844596 kB
MemFree:         1384068 kB
MemAvailable:    1566384 kB
Buffers:           22840 kB
Cached:           289544 kB
MemTotal:        1844596 kB
MemFree:         1382148 kB
MemAvailable:    1564464 kB
Buffers:           22840 kB
Cached:           289544 kB
MemTotal:        1844596 kB
MemFree:         1381536 kB
MemAvailable:    1563852 kB
Buffers:           22840 kB
Cached:           289544 kB
MemTotal:        1844596 kB
MemFree:         1382712 kB
MemAvailable:    1565028 kB
Buffers:           22840 kB
Cached:           289544 kB
MemTotal:        1844596 kB
MemFree:         1381536 kB
MemAvailable:    1563852 kB
Buffers:           22840 kB
Cached:           289544 kB
MemTotal:        1844596 kB
MemFree:         1382444 kB
MemAvailable:    1564760 kB
Buffers:           22840 kB
Cached:           289544 kB
MemTotal:        1844596 kB
MemFree:         1382272 kB
MemAvailable:    1564588 kB
Buffers:           22840 kB
Cached:           289544 kB
MemTotal:        1844596 kB
MemFree:         1382272 kB
MemAvailable:    1564588 kB
Buffers:           22840 kB
Cached:           289544 kB
MemTotal:        1844596 kB
MemFree:         1382332 kB
MemAvailable:    1564648 kB
Buffers:           22840 kB
Cached:           289544 kB
MemTotal:        1844596 kB
MemFree:         1382544 kB
MemAvailable:    1564860 kB
Buffers:           22840 kB
Cached:           289544 kB
MemTotal:        1844596 kB
MemFree:         1381112 kB
MemAvailable:    1563428 kB
Buffers:           22840 kB
Cached:           289544 kB
MemTotal:        1844596 kB
MemFree:         1382464 kB
MemAvailable:    1564780 kB
Buffers:           22840 kB
Cached:           289544 kB
MemTotal:        1844596 kB
MemFree:         1383824 kB
MemAvailable:    1566140 kB
Buffers:           22840 kB
Cached:           289544 kB
MemTotal:        1844596 kB
MemFree:         1383696 kB
MemAvailable:    1566012 kB
Buffers:           22840 kB
Cached:           289544 kB
MemTotal:        1844596 kB
MemFree:         1381528 kB
MemAvailable:    1563844 kB
Buffers:           22840 kB
Cached:           289544 kB
MemTotal:        1844596 kB
MemFree:         1381296 kB
MemAvailable:    1563612 kB
Buffers:           22840 kB
Cached:           289544 kB
MemTotal:        1844596 kB
MemFree:         1380296 kB
MemAvailable:    1562612 kB
Buffers:           22840 kB
Cached:           289544 kB
MemTotal:        1844596 kB
MemFree:         1378800 kB
MemAvailable:    1561116 kB
Buffers:           22840 kB
Cached:           289544 kB
MemTotal:        1844596 kB
MemFree:         1378560 kB
MemAvailable:    1560876 kB
Buffers:           22840 kB
Cached:           289544 kB
MemTotal:        1844596 kB
MemFree:         1377932 kB
MemAvailable:    1560248 kB
Buffers:           22840 kB
Cached:           289544 kB
MemTotal:        1844596 kB
MemFree:         1379428 kB
MemAvailable:    1561744 kB
Buffers:           22840 kB
Cached:           289544 kB
MemTotal:        1844596 kB
MemFree:         1377320 kB
MemAvailable:    1559636 kB
Buffers:           22840 kB
Cached:           289544 kB
MemTotal:        1844596 kB
MemFree:         1377196 kB
MemAvailable:    1559512 kB
Buffers:           22840 kB
Cached:           289544 kB
MemTotal:        1844596 kB
MemFree:         1378500 kB
MemAvailable:    1560816 kB
Buffers:           22840 kB
Cached:           289544 kB
MemTotal:        1844596 kB
MemFree:         1377148 kB
MemAvailable:    1559464 kB
Buffers:           22840 kB
Cached:           289544 kB
MemTotal:        1844596 kB
MemFree:         1377016 kB
MemAvailable:    1559332 kB
Buffers:           22840 kB
Cached:           289544 kB
MemTotal:        1844596 kB
MemFree:         1378256 kB
MemAvailable:    1560572 kB
Buffers:           22840 kB
Cached:           289544 kB
MemTotal:        1844596 kB
MemFree:         1378124 kB
MemAvailable:    1560440 kB
Buffers:           22840 kB
Cached:           289544 kB
MemTotal:        1844596 kB
MemFree:         1377692 kB
MemAvailable:    1560008 kB
Buffers:           22840 kB
Cached:           289544 kB
MemTotal:        1844596 kB
MemFree:         1376204 kB
MemAvailable:    1558520 kB
Buffers:           22840 kB
Cached:           289544 kB
MemTotal:        1844596 kB
MemFree:         1376328 kB
MemAvailable:    1558644 kB
Buffers:           22840 kB
Cached:           289544 kB
MemTotal:        1844596 kB
MemFree:         1377444 kB
MemAvailable:    1559760 kB
Buffers:           22840 kB
Cached:           289544 kB
MemTotal:        1844596 kB
MemFree:         1377332 kB
MemAvailable:    1559648 kB
Buffers:           22840 kB
Cached:           289544 kB
MemTotal:        1844596 kB
MemFree:         1376948 kB
MemAvailable:    1559264 kB
Buffers:           22840 kB
Cached:           289544 kB
MemTotal:        1844596 kB
MemFree:         1377000 kB
MemAvailable:    1559316 kB
Buffers:           22840 kB
Cached:           289544 kB
MemTotal:        1844596 kB
MemFree:         1376068 kB
MemAvailable:    1558384 kB
Buffers:           22840 kB
Cached:           289544 kB
MemTotal:        1844596 kB
MemFree:         1375956 kB
MemAvailable:    1558272 kB
Buffers:           22840 kB
Cached:           289544 kB
MemTotal:        1844596 kB
MemFree:         1377148 kB
MemAvailable:    1559464 kB
Buffers:           22840 kB
Cached:           289544 kB
MemTotal:        1844596 kB
MemFree:         1377232 kB
MemAvailable:    1559548 kB
Buffers:           22840 kB
Cached:           289544 kB
MemTotal:        1844596 kB
MemFree:         1376028 kB
MemAvailable:    1558344 kB
Buffers:           22840 kB
Cached:           289544 kB
MemTotal:        1844596 kB
MemFree:         1377392 kB
MemAvailable:    1559708 kB
Buffers:           22840 kB
Cached:           289544 kB
MemTotal:        1844596 kB
MemFree:         1376144 kB
MemAvailable:    1558460 kB
Buffers:           22840 kB
Cached:           289544 kB
MemTotal:        1844596 kB
MemFree:         1375904 kB
MemAvailable:    1558220 kB
Buffers:           22840 kB
Cached:           289544 kB
MemTotal:        1844596 kB
MemFree:         1375772 kB
MemAvailable:    1558088 kB
Buffers:           22840 kB
Cached:           289544 kB
MemTotal:        1844596 kB
MemFree:         1376560 kB
MemAvailable:    1558876 kB
Buffers:           22840 kB
Cached:           289544 kB
MemTotal:        1844596 kB
MemFree:         1376644 kB
MemAvailable:    1558960 kB
Buffers:           22840 kB
Cached:           289544 kB
MemTotal:        1844596 kB
MemFree:         1376264 kB
MemAvailable:    1558580 kB
Buffers:           22840 kB
Cached:           289544 kB
MemTotal:        1844596 kB
MemFree:         1376520 kB
MemAvailable:    1558836 kB
Buffers:           22840 kB
Cached:           289544 kB
MemTotal:        1844596 kB
MemFree:         1376292 kB
MemAvailable:    1558608 kB
Buffers:           22840 kB
Cached:           289544 kB
MemTotal:        1844596 kB
MemFree:         1376292 kB
MemAvailable:    1558608 kB
Buffers:           22840 kB
Cached:           289544 kB
MemTotal:        1844596 kB
MemFree:         1376272 kB
MemAvailable:    1558588 kB
Buffers:           22840 kB
Cached:           289544 kB
MemTotal:        1844596 kB
MemFree:         1375024 kB
MemAvailable:    1557340 kB
Buffers:           22840 kB
Cached:           289544 kB
MemTotal:        1844596 kB
MemFree:         1376620 kB
MemAvailable:    1558936 kB
Buffers:           22840 kB
Cached:           289544 kB
MemTotal:        1844596 kB
MemFree:         1376152 kB
MemAvailable:    1558468 kB
Buffers:           22840 kB
Cached:           289544 kB
MemTotal:        1844596 kB
MemFree:         1376120 kB
MemAvailable:    1558436 kB
Buffers:           22840 kB
Cached:           289544 kB
MemTotal:        1844596 kB
MemFree:         1376456 kB
MemAvailable:    1558772 kB
Buffers:           22840 kB
Cached:           289544 kB
MemTotal:        1844596 kB
MemFree:         1375080 kB
MemAvailable:    1557396 kB
Buffers:           22840 kB
Cached:           289544 kB
MemTotal:        1844596 kB
MemFree:         1374724 kB
MemAvailable:    1557040 kB
Buffers:           22840 kB
Cached:           289544 kB
MemTotal:        1844596 kB
MemFree:         1371724 kB
MemAvailable:    1554040 kB
Buffers:           22840 kB
Cached:           289544 kB
MemTotal:        1844596 kB
MemFree:         1371624 kB
MemAvailable:    1553940 kB
Buffers:           22840 kB
Cached:           289544 kB
MemTotal:        1844596 kB
MemFree:         1368880 kB
MemAvailable:    1551196 kB
Buffers:           22840 kB
Cached:           289544 kB
MemTotal:        1844596 kB
MemFree:         1369136 kB
MemAvailable:    1551452 kB
Buffers:           22840 kB
Cached:           289544 kB
MemTotal:        1844596 kB
MemFree:         1368508 kB
MemAvailable:    1550824 kB
Buffers:           22840 kB
Cached:           289544 kB
MemTotal:        1844596 kB
MemFree:         1368260 kB
MemAvailable:    1550576 kB
Buffers:           22840 kB
Cached:           289544 kB
MemTotal:        1844596 kB
MemFree:         1368296 kB
MemAvailable:    1550612 kB
Buffers:           22840 kB
Cached:           289544 kB
MemTotal:        1844596 kB
MemFree:         1368516 kB
MemAvailable:    1550832 kB
Buffers:           22840 kB
Cached:           289544 kB
MemTotal:        1844596 kB
MemFree:         1368264 kB
MemAvailable:    1550580 kB
Buffers:           22840 kB
Cached:           289544 kB
MemTotal:        1844596 kB
MemFree:         1368316 kB
MemAvailable:    1550632 kB
Buffers:           22840 kB
Cached:           289544 kB
MemTotal:        1844596 kB
MemFree:         1368568 kB
MemAvailable:    1550884 kB
Buffers:           22840 kB
Cached:           289544 kB
MemTotal:        1844596 kB
MemFree:         1368504 kB
MemAvailable:    1550820 kB
Buffers:           22840 kB
Cached:           289544 kB
MemTotal:        1844596 kB
MemFree:         1368452 kB
MemAvailable:    1550768 kB
Buffers:           22840 kB
Cached:           289544 kB
MemTotal:        1844596 kB
MemFree:         1368432 kB
MemAvailable:    1550748 kB
Buffers:           22840 kB
Cached:           289544 kB
MemTotal:        1844596 kB
MemFree:         1368240 kB
MemAvailable:    1550556 kB
Buffers:           22840 kB
Cached:           289544 kB
MemTotal:        1844596 kB
MemFree:         1368324 kB
MemAvailable:    1550640 kB
Buffers:           22840 kB
Cached:           289544 kB
MemTotal:        1844596 kB
MemFree:         1368356 kB
MemAvailable:    1550672 kB
Buffers:           22840 kB
Cached:           289544 kB
MemTotal:        1844596 kB
MemFree:         1368204 kB
MemAvailable:    1550532 kB
Buffers:           22840 kB
Cached:           289556 kB
MemTotal:        1844596 kB
MemFree:         1368268 kB
MemAvailable:    1550596 kB
Buffers:           22840 kB
Cached:           289556 kB
MemTotal:        1844596 kB
MemFree:         1367764 kB
MemAvailable:    1550092 kB
Buffers:           22840 kB
Cached:           289556 kB
MemTotal:        1844596 kB
MemFree:         1367764 kB
MemAvailable:    1550092 kB
Buffers:           22840 kB
Cached:           289556 kB
MemTotal:        1844596 kB
MemFree:         1367328 kB
MemAvailable:    1549656 kB
Buffers:           22840 kB
Cached:           289556 kB
MemTotal:        1844596 kB
MemFree:         1367328 kB
MemAvailable:    1549656 kB
Buffers:           22840 kB
Cached:           289556 kB
MemTotal:        1844596 kB
MemFree:         1366972 kB
MemAvailable:    1549300 kB
Buffers:           22840 kB
Cached:           289556 kB
MemTotal:        1844596 kB
MemFree:         1365724 kB
MemAvailable:    1548052 kB
Buffers:           22840 kB
Cached:           289556 kB
MemTotal:        1844596 kB
MemFree:         1365848 kB
MemAvailable:    1548176 kB
Buffers:           22840 kB
Cached:           289556 kB
MemTotal:        1844596 kB
MemFree:         1366716 kB
MemAvailable:    1549044 kB
Buffers:           22840 kB
Cached:           289556 kB
MemTotal:        1844596 kB
MemFree:         1364424 kB
MemAvailable:    1546752 kB
Buffers:           22840 kB
Cached:           289556 kB
MemTotal:        1844596 kB
MemFree:         1365656 kB
MemAvailable:    1547984 kB
Buffers:           22840 kB
Cached:           289556 kB
MemTotal:        1844596 kB
MemFree:         1364780 kB
MemAvailable:    1547108 kB
Buffers:           22840 kB
Cached:           289556 kB
MemTotal:        1844596 kB
MemFree:         1364864 kB
MemAvailable:    1547192 kB
Buffers:           22840 kB
Cached:           289556 kB
MemTotal:        1844596 kB
MemFree:         1363544 kB
MemAvailable:    1545872 kB
Buffers:           22840 kB
Cached:           289556 kB
MemTotal:        1844596 kB
MemFree:         1364860 kB
MemAvailable:    1547188 kB
Buffers:           22840 kB
Cached:           289556 kB
MemTotal:        1844596 kB
MemFree:         1364472 kB
MemAvailable:    1546800 kB
Buffers:           22840 kB
Cached:           289556 kB
MemTotal:        1844596 kB
MemFree:         1364556 kB
MemAvailable:    1546884 kB
Buffers:           22840 kB
Cached:           289556 kB
MemTotal:        1844596 kB
MemFree:         1364600 kB
MemAvailable:    1546928 kB
Buffers:           22840 kB
Cached:           289556 kB
MemTotal:        1844596 kB
MemFree:         1363356 kB
MemAvailable:    1545684 kB
Buffers:           22840 kB
Cached:           289556 kB
MemTotal:        1844596 kB
MemFree:         1363184 kB
MemAvailable:    1545512 kB
Buffers:           22840 kB
Cached:           289556 kB
MemTotal:        1844596 kB
MemFree:         1364568 kB
MemAvailable:    1546896 kB
Buffers:           22840 kB
Cached:           289556 kB
MemTotal:        1844596 kB
MemFree:         1364484 kB
MemAvailable:    1546812 kB
Buffers:           22840 kB
Cached:           289556 kB
MemTotal:        1844596 kB
MemFree:         1363680 kB
MemAvailable:    1546008 kB
Buffers:           22840 kB
Cached:           289556 kB
MemTotal:        1844596 kB
MemFree:         1364160 kB
MemAvailable:    1546488 kB
Buffers:           22840 kB
Cached:           289556 kB
MemTotal:        1844596 kB
MemFree:         1364412 kB
MemAvailable:    1546740 kB
Buffers:           22840 kB
Cached:           289556 kB
MemTotal:        1844596 kB
MemFree:         1362804 kB
MemAvailable:    1545132 kB
Buffers:           22840 kB
Cached:           289556 kB
MemTotal:        1844596 kB
MemFree:         1362564 kB
MemAvailable:    1544892 kB
Buffers:           22840 kB
Cached:           289556 kB
MemTotal:        1844596 kB
MemFree:         1355868 kB
MemAvailable:    1538196 kB
Buffers:           22840 kB
Cached:           289556 kB
MemTotal:        1844596 kB
MemFree:         1356788 kB
MemAvailable:    1539116 kB
Buffers:           22840 kB
Cached:           289556 kB
MemTotal:        1844596 kB
MemFree:         1356656 kB
MemAvailable:    1538984 kB
Buffers:           22840 kB
Cached:           289556 kB
MemTotal:        1844596 kB
MemFree:         1356452 kB
MemAvailable:    1538780 kB
Buffers:           22840 kB
Cached:           289556 kB
MemTotal:        1844596 kB
MemFree:         1356536 kB
MemAvailable:    1538864 kB
Buffers:           22840 kB
Cached:           289556 kB
MemTotal:        1844596 kB
MemFree:         1356600 kB
MemAvailable:    1538928 kB
Buffers:           22840 kB
Cached:           289556 kB
MemTotal:        1844596 kB
MemFree:         1356596 kB
MemAvailable:    1538924 kB
Buffers:           22840 kB
Cached:           289556 kB
MemTotal:        1844596 kB
MemFree:         1355868 kB
MemAvailable:    1538196 kB
Buffers:           22840 kB
Cached:           289556 kB
MemTotal:        1844596 kB
MemFree:         1357276 kB
MemAvailable:    1539604 kB
Buffers:           22840 kB
Cached:           289556 kB
MemTotal:        1844596 kB
MemFree:         1358452 kB
MemAvailable:    1540864 kB
Buffers:           22840 kB
Cached:           289680 kB
MemTotal:        1844596 kB
MemFree:         1358292 kB
MemAvailable:    1540788 kB
Buffers:           22840 kB
Cached:           289680 kB
MemTotal:        1844596 kB
MemFree:         1357976 kB
MemAvailable:    1540472 kB
Buffers:           22840 kB
Cached:           289680 kB
MemTotal:        1844596 kB
MemFree:         1358028 kB
MemAvailable:    1540692 kB
Buffers:           22840 kB
Cached:           289804 kB
MemTotal:        1844596 kB
MemFree:         1358364 kB
MemAvailable:    1541028 kB
Buffers:           22840 kB
Cached:           289928 kB
MemTotal:        1844596 kB
MemFree:         1356796 kB
MemAvailable:    1539628 kB
Buffers:           22840 kB
Cached:           290052 kB
MemTotal:        1844596 kB
MemFree:         1356664 kB
MemAvailable:    1539496 kB
Buffers:           22840 kB
Cached:           290052 kB
MemTotal:        1844596 kB
MemFree:         1357904 kB
MemAvailable:    1540820 kB
Buffers:           22840 kB
Cached:           290176 kB
MemTotal:        1844596 kB
MemFree:         1357708 kB
MemAvailable:    1540624 kB
Buffers:           22840 kB
Cached:           290176 kB
MemTotal:        1844596 kB
MemFree:         1357832 kB
MemAvailable:    1540748 kB
Buffers:           22840 kB
Cached:           290176 kB
MemTotal:        1844596 kB
MemFree:         1357812 kB
MemAvailable:    1540728 kB
Buffers:           22840 kB
Cached:           290176 kB
MemTotal:        1844596 kB
MemFree:         1356860 kB
MemAvailable:    1539776 kB
Buffers:           22840 kB
Cached:           290176 kB
MemTotal:        1844596 kB
MemFree:         1357576 kB
MemAvailable:    1540492 kB
Buffers:           22840 kB
Cached:           290176 kB
MemTotal:        1844596 kB
MemFree:         1357912 kB
MemAvailable:    1540828 kB
Buffers:           22840 kB
Cached:           290176 kB
MemTotal:        1844596 kB
MemFree:         1357720 kB
MemAvailable:    1540636 kB
Buffers:           22840 kB
Cached:           290176 kB
MemTotal:        1844596 kB
MemFree:         1357296 kB
MemAvailable:    1539624 kB
Buffers:           22840 kB
Cached:           289628 kB
MemTotal:        1844596 kB
MemFree:         1369240 kB
MemAvailable:    1551568 kB
Buffers:           22840 kB
Cached:           289628 kB
