MemTotal:        1844596 kB
MemFree:         1167516 kB
MemAvailable:    1561628 kB
Buffers:           56908 kB
Cached:           447208 kB
MemTotal:        1844596 kB
MemFree:         1139880 kB
MemAvailable:    1534000 kB
Buffers:           56908 kB
Cached:           447212 kB
MemTotal:        1844596 kB
MemFree:         1138344 kB
MemAvailable:    1532464 kB
Buffers:           56908 kB
Cached:           447212 kB
MemTotal:        1844596 kB
MemFree:         1137956 kB
MemAvailable:    1532076 kB
Buffers:           56908 kB
Cached:           447212 kB
MemTotal:        1844596 kB
MemFree:         1136656 kB
MemAvailable:    1530776 kB
Buffers:           56908 kB
Cached:           447212 kB
MemTotal:        1844596 kB
MemFree:         1136408 kB
MemAvailable:    1530528 kB
Buffers:           56908 kB
Cached:           447212 kB
MemTotal:        1844596 kB
MemFree:         1136664 kB
MemAvailable:    1530784 kB
Buffers:           56908 kB
Cached:           447212 kB
MemTotal:        1844596 kB
MemFree:         1131944 kB
MemAvailable:    1526064 kB
Buffers:           56908 kB
Cached:           447212 kB
MemTotal:        1844596 kB
MemFree:         1129348 kB
MemAvailable:    1523468 kB
Buffers:           56908 kB
Cached:           447212 kB
MemTotal:        1844596 kB
MemFree:         1125620 kB
MemAvailable:    1519740 kB
Buffers:           56908 kB
Cached:           447212 kB
MemTotal:        1844596 kB
MemFree:         1125356 kB
MemAvailable:    1519476 kB
Buffers:           56908 kB
Cached:           447212 kB
MemTotal:        1844596 kB
MemFree:         1126480 kB
MemAvailable:    1520600 kB
Buffers:           56908 kB
Cached:           447212 kB
MemTotal:        1844596 kB
MemFree:         1126816 kB
MemAvailable:    1520936 kB
Buffers:           56908 kB
Cached:           447212 kB
MemTotal:        1844596 kB
MemFree:         1126564 kB
MemAvailable:    1520684 kB
Buffers:           56908 kB
Cached:           447212 kB
MemTotal:        1844596 kB
MemFree:         1126724 kB
MemAvailable:    1520844 kB
Buffers:           56908 kB
Cached:           447212 kB
MemTotal:        1844596 kB
MemFree:         1126432 kB
MemAvailable:    1520552 kB
Buffers:           56908 kB
Cached:           447212 kB
MemTotal:        1844596 kB
MemFree:         1124992 kB
MemAvailable:    1519112 kB
Buffers:           56908 kB
Cached:           447212 kB
MemTotal:        1844596 kB
MemFree:         1124264 kB
MemAvailable:    1518384 kB
Buffers:           56908 kB
Cached:           447212 kB
MemTotal:        1844596 kB
MemFree:         1123396 kB
MemAvailable:    1517516 kB
Buffers:           56908 kB
Cached:           447212 kB
MemTotal:        1844596 kB
MemFree:         1123272 kB
MemAvailable:    1517392 kB
Buffers:           56908 kB
Cached:           447212 kB
MemTotal:        1844596 kB
MemFree:         1123148 kB
MemAvailable:    1517268 kB
Buffers:           56908 kB
Cached:           447212 kB
MemTotal:        1844596 kB
MemFree:         1124248 kB
MemAvailable:    1518368 kB
Buffers:           56908 kB
Cached:           447212 kB
MemTotal:        1844596 kB
MemFree:         1124000 kB
MemAvailable:    1518120 kB
Buffers:           56908 kB
Cached:           447212 kB
MemTotal:        1844596 kB
MemFree:         1124252 kB
MemAvailable:    1518372 kB
Buffers:           56908 kB
Cached:           447212 kB
MemTotal:        1844596 kB
MemFree:         1124192 kB
MemAvailable:    1518312 kB
Buffers:           56908 kB
Cached:           447212 kB
MemTotal:        1844596 kB
MemFree:         1123148 kB
MemAvailable:    1517268 kB
Buffers:           56908 kB
Cached:           447212 kB
MemTotal:        1844596 kB
MemFree:         1124136 kB
MemAvailable:    1518256 kB
Buffers:           56908 kB
Cached:           447212 kB
MemTotal:        1844596 kB
MemFree:         1125432 kB
MemAvailable:    1519552 kB
Buffers:           56908 kB
Cached:           447212 kB
MemTotal:        1844596 kB
MemFree:         1123936 kB
MemAvailable:    1518056 kB
Buffers:           56908 kB
Cached:           447212 kB
MemTotal:        1844596 kB
MemFree:         1122404 kB
MemAvailable:    1516524 kB
Buffers:           56908 kB
Cached:           447212 kB
MemTotal:        1844596 kB
MemFree:         1121892 kB
MemAvailable:    1516012 kB
Buffers:           56908 kB
Cached:           447212 kB
MemTotal:        1844596 kB
MemFree:         1121660 kB
MemAvailable:    1515780 kB
Buffers:           56908 kB
Cached:           447212 kB
MemTotal:        1844596 kB
MemFree:         1120396 kB
MemAvailable:    1514516 kB
Buffers:           56908 kB
Cached:           447212 kB
MemTotal:        1844596 kB
MemFree:         1120048 kB
MemAvailable:    1514168 kB
Buffers:           56908 kB
Cached:           447212 kB
MemTotal:        1844596 kB
MemFree:         1120356 kB
MemAvailable:    1514476 kB
Buffers:           56908 kB
Cached:           447212 kB
MemTotal:        1844596 kB
MemFree:         1118924 kB
MemAvailable:    1513044 kB
Buffers:           56908 kB
Cached:           447212 kB
MemTotal:        1844596 kB
MemFree:         1118792 kB
MemAvailable:    1512912 kB
Buffers:           56908 kB
Cached:           447212 kB
MemTotal:        1844596 kB
MemFree:         1120200 kB
MemAvailable:    1514320 kB
Buffers:           56908 kB
Cached:           447212 kB
MemTotal:        1844596 kB
MemFree:         1118660 kB
MemAvailable:    1512780 kB
Buffers:           56908 kB
Cached:           447212 kB
MemTotal:        1844596 kB
MemFree:         1119800 kB
MemAvailable:    1513920 kB
Buffers:           56908 kB
Cached:           447212 kB
MemTotal:        1844596 kB
MemFree:         1118312 kB
MemAvailable:    1512432 kB
Buffers:           56908 kB
Cached:           447212 kB
MemTotal:        1844596 kB
MemFree:         1118056 kB
MemAvailable:    1512176 kB
Buffers:           56908 kB
Cached:           447212 kB
MemTotal:        1844596 kB
MemFree:         1118908 kB
MemAvailable:    1513028 kB
Buffers:           56908 kB
Cached:           447212 kB
MemTotal:        1844596 kB
MemFree:         1117512 kB
MemAvailable:    1511632 kB
Buffers:           56908 kB
Cached:           447212 kB
MemTotal:        1844596 kB
MemFree:         1117624 kB
MemAvailable:    1511744 kB
Buffers:           56908 kB
Cached:           447212 kB
MemTotal:        1844596 kB
MemFree:         1119056 kB
MemAvailable:    1513176 kB
Buffers:           56908 kB
Cached:           447212 kB
MemTotal:        1844596 kB
MemFree:         1117748 kB
MemAvailable:    1511868 kB
Buffers:           56908 kB
Cached:           447212 kB
MemTotal:        1844596 kB
MemFree:         1118252 kB
MemAvailable:    1512372 kB
Buffers:           56908 kB
Cached:           447212 kB
MemTotal:        1844596 kB
MemFree:         1118980 kB
MemAvailable:    1513100 kB
Buffers:           56908 kB
Cached:           447212 kB
MemTotal:        1844596 kB
MemFree:         1119056 kB
MemAvailable:    1513176 kB
Buffers:           56908 kB
Cached:           447212 kB
MemTotal:        1844596 kB
MemFree:         1118904 kB
MemAvailable:    1513024 kB
Buffers:           56908 kB
Cached:           447212 kB
MemTotal:        1844596 kB
MemFree:         1119156 kB
MemAvailable:    1513276 kB
Buffers:           56908 kB
Cached:           447212 kB
MemTotal:        1844596 kB
MemFree:         1118744 kB
MemAvailable:    1512864 kB
Buffers:           56908 kB
Cached:           447212 kB
MemTotal:        1844596 kB
MemFree:         1117312 kB
MemAvailable:    1511432 kB
Buffers:           56908 kB
Cached:           447212 kB
MemTotal:        1844596 kB
MemFree:         1118380 kB
MemAvailable:    1512500 kB
Buffers:           56908 kB
Cached:           447212 kB
MemTotal:        1844596 kB
MemFree:         1118496 kB
MemAvailable:    1512616 kB
Buffers:           56908 kB
Cached:           447212 kB
MemTotal:        1844596 kB
MemFree:         1118496 kB
MemAvailable:    1512616 kB
Buffers:           56908 kB
Cached:           447212 kB
MemTotal:        1844596 kB
MemFree:         1118008 kB
MemAvailable:    1512128 kB
Buffers:           56908 kB
Cached:           447212 kB
MemTotal:        1844596 kB
MemFree:         1118176 kB
MemAvailable:    1512296 kB
Buffers:           56908 kB
Cached:           447212 kB
MemTotal:        1844596 kB
MemFree:         1116808 kB
MemAvailable:    1510928 kB
Buffers:           56908 kB
Cached:           447212 kB
MemTotal:        1844596 kB
MemFree:         1116768 kB
MemAvailable:    1510888 kB
Buffers:           56908 kB
Cached:           447212 kB
MemTotal:        1844596 kB
MemFree:         1118088 kB
MemAvailable:    1512208 kB
Buffers:           56908 kB
Cached:           447212 kB
MemTotal:        1844596 kB
MemFree:         1118120 kB
MemAvailable:    1512240 kB
Buffers:           56908 kB
Cached:           447212 kB
MemTotal:        1844596 kB
MemFree:         1118040 kB
MemAvailable:    1512160 kB
Buffers:           56908 kB
Cached:           447212 kB
MemTotal:        1844596 kB
MemFree:         1117868 kB
MemAvailable:    1511988 kB
Buffers:           56908 kB
Cached:           447212 kB
MemTotal:        1844596 kB
MemFree:         1118064 kB
MemAvailable:    1512184 kB
Buffers:           56908 kB
Cached:           447212 kB
MemTotal:        1844596 kB
MemFree:         1115328 kB
MemAvailable:    1509448 kB
Buffers:           56908 kB
Cached:           447212 kB
MemTotal:        1844596 kB
MemFree:         1113096 kB
MemAvailable:    1507216 kB
Buffers:           56908 kB
Cached:           447212 kB
MemTotal:        1844596 kB
MemFree:         1110560 kB
MemAvailable:    1504680 kB
Buffers:           56908 kB
Cached:           447212 kB
MemTotal:        1844596 kB
MemFree:         1110228 kB
MemAvailable:    1504348 kB
Buffers:           56908 kB
Cached:           447212 kB
MemTotal:        1844596 kB
MemFree:         1109756 kB
MemAvailable:    1503876 kB
Buffers:           56908 kB
Cached:           447212 kB
MemTotal:        1844596 kB
MemFree:         1110256 kB
MemAvailable:    1504376 kB
Buffers:           56908 kB
Cached:           447212 kB
MemTotal:        1844596 kB
MemFree:         1108940 kB
MemAvailable:    1503060 kB
Buffers:           56908 kB
Cached:           447212 kB
MemTotal:        1844596 kB
MemFree:         1108824 kB
MemAvailable:    1502944 kB
Buffers:           56908 kB
Cached:           447212 kB
MemTotal:        1844596 kB
MemFree:         1110124 kB
MemAvailable:    1504244 kB
Buffers:           56908 kB
Cached:           447212 kB
MemTotal:        1844596 kB
MemFree:         1109960 kB
MemAvailable:    1504080 kB
Buffers:           56908 kB
Cached:           447212 kB
MemTotal:        1844596 kB
MemFree:         1110212 kB
MemAvailable:    1504332 kB
Buffers:           56908 kB
Cached:           447212 kB
MemTotal:        1844596 kB
MemFree:         1108676 kB
MemAvailable:    1502796 kB
Buffers:           56908 kB
Cached:           447212 kB
MemTotal:        1844596 kB
MemFree:         1109952 kB
MemAvailable:    1504072 kB
Buffers:           56908 kB
Cached:           447212 kB
MemTotal:        1844596 kB
MemFree:         1109756 kB
MemAvailable:    1503876 kB
Buffers:           56908 kB
Cached:           447212 kB
MemTotal:        1844596 kB
MemFree:         1109808 kB
MemAvailable:    1503928 kB
Buffers:           56908 kB
Cached:           447212 kB
MemTotal:        1844596 kB
MemFree:         1110060 kB
MemAvailable:    1504180 kB
Buffers:           56908 kB
Cached:           447212 kB
MemTotal:        1844596 kB
MemFree:         1108500 kB
MemAvailable:    1502620 kB
Buffers:           56908 kB
Cached:           447212 kB
MemTotal:        1844596 kB
MemFree:         1109384 kB
MemAvailable:    1503504 kB
Buffers:           56908 kB
Cached:           447212 kB
MemTotal:        1844596 kB
MemFree:         1108012 kB
MemAvailable:    1502132 kB
Buffers:           56908 kB
Cached:           447212 kB
MemTotal:        1844596 kB
MemFree:         1108500 kB
MemAvailable:    1502620 kB
Buffers:           56908 kB
Cached:           447212 kB
MemTotal:        1844596 kB
MemFree:         1108584 kB
MemAvailable:    1502704 kB
Buffers:           56908 kB
Cached:           447212 kB
MemTotal:        1844596 kB
MemFree:         1108396 kB
MemAvailable:    1502516 kB
Buffers:           56908 kB
Cached:           447212 kB
MemTotal:        1844596 kB
MemFree:         1106964 kB
MemAvailable:    1501084 kB
Buffers:           56908 kB
Cached:           447212 kB
MemTotal:        1844596 kB
MemFree:         1106028 kB
MemAvailable:    1500148 kB
Buffers:           56908 kB
Cached:           447212 kB
MemTotal:        1844596 kB
MemFree:         1107144 kB
MemAvailable:    1501264 kB
Buffers:           56908 kB
Cached:           447212 kB
MemTotal:        1844596 kB
MemFree:         1107136 kB
MemAvailable:    1501256 kB
Buffers:           56908 kB
Cached:           447212 kB
MemTotal:        1844596 kB
MemFree:         1105284 kB
MemAvailable:    1499404 kB
Buffers:           56908 kB
Cached:           447212 kB
MemTotal:        1844596 kB
MemFree:         1105416 kB
MemAvailable:    1499536 kB
Buffers:           56908 kB
Cached:           447212 kB
MemTotal:        1844596 kB
MemFree:         1106220 kB
MemAvailable:    1500340 kB
Buffers:           56908 kB
Cached:           447212 kB
MemTotal:        1844596 kB
MemFree:         1106120 kB
MemAvailable:    1500252 kB
Buffers:           56908 kB
Cached:           447224 kB
MemTotal:        1844596 kB
MemFree:         1106160 kB
MemAvailable:    1500292 kB
Buffers:           56908 kB
Cached:           447224 kB
MemTotal:        1844596 kB
MemFree:         1105044 kB
MemAvailable:    1499176 kB
Buffers:           56908 kB
Cached:           447224 kB
MemTotal:        1844596 kB
MemFree:         1104912 kB
MemAvailable:    1499044 kB
Buffers:           56908 kB
Cached:           447224 kB
MemTotal:        1844596 kB
MemFree:         1106112 kB
MemAvailable:    1500244 kB
Buffers:           56908 kB
Cached:           447224 kB
MemTotal:        1844596 kB
MemFree:         1105168 kB
MemAvailable:    1499300 kB
Buffers:           56908 kB
Cached:           447224 kB
MemTotal:        1844596 kB
MemFree:         1104860 kB
MemAvailable:    1498992 kB
Buffers:           56908 kB
Cached:           447224 kB
MemTotal:        1844596 kB
MemFree:         1104540 kB
MemAvailable:    1498672 kB
Buffers:           56908 kB
Cached:           447224 kB
MemTotal:        1844596 kB
MemFree:         1105400 kB
MemAvailable:    1499532 kB
Buffers:           56908 kB
Cached:           447224 kB
MemTotal:        1844596 kB
MemFree:         1104796 kB
MemAvailable:    1498928 kB
Buffers:           56908 kB
Cached:           447224 kB
MemTotal:        1844596 kB
MemFree:         1098532 kB
MemAvailable:    1492664 kB
Buffers:           56908 kB
Cached:           447224 kB
MemTotal:        1844596 kB
MemFree:         1097092 kB
MemAvailable:    1491224 kB
Buffers:           56908 kB
Cached:           447224 kB
MemTotal:        1844596 kB
MemFree:         1098568 kB
MemAvailable:    1492700 kB
Buffers:           56908 kB
Cached:           447224 kB
MemTotal:        1844596 kB
MemFree:         1096968 kB
MemAvailable:    1491100 kB
Buffers:           56908 kB
Cached:           447224 kB
MemTotal:        1844596 kB
MemFree:         1098068 kB
MemAvailable:    1492200 kB
Buffers:           56908 kB
Cached:           447224 kB
MemTotal:        1844596 kB
MemFree:         1098100 kB
MemAvailable:    1492232 kB
Buffers:           56908 kB
Cached:           447224 kB
MemTotal:        1844596 kB
MemFree:         1098812 kB
MemAvailable:    1492944 kB
Buffers:           56908 kB
Cached:           447224 kB
MemTotal:        1844596 kB
MemFree:         1100024 kB
MemAvailable:    1494240 kB
Buffers:           56908 kB
Cached:           447348 kB
MemTotal:        1844596 kB
MemFree:         1099440 kB
MemAvailable:    1493824 kB
Buffers:           56908 kB
Cached:           447472 kB
MemTotal:        1844596 kB
MemFree:         1099524 kB
MemAvailable:    1493908 kB
Buffers:           56908 kB
Cached:           447472 kB
MemTotal:        1844596 kB
MemFree:         1099260 kB
MemAvailable:    1493728 kB
Buffers:           56908 kB
Cached:           447596 kB
MemTotal:        1844596 kB
MemFree:         1099152 kB
MemAvailable:    1493788 kB
Buffers:           56908 kB
Cached:           447720 kB
MemTotal:        1844596 kB
MemFree:         1098796 kB
MemAvailable:    1493516 kB
Buffers:           56908 kB
Cached:           447844 kB
MemTotal:        1844596 kB
MemFree:         1099132 kB
MemAvailable:    1493852 kB
Buffers:           56908 kB
Cached:           447844 kB
MemTotal:        1844596 kB
MemFree:         1097564 kB
MemAvailable:    1492284 kB
Buffers:           56908 kB
Cached:           447844 kB
MemTotal:        1844596 kB
MemFree:         1098788 kB
MemAvailable:    1493508 kB
Buffers:           56908 kB
Cached:           447844 kB
MemTotal:        1844596 kB
MemFree:         1099044 kB
MemAvailable:    1493764 kB
Buffers:           56908 kB
Cached:           447844 kB
MemTotal:        1844596 kB
MemFree:         1098848 kB
MemAvailable:    1493568 kB
Buffers:           56908 kB
Cached:           447844 kB
MemTotal:        1844596 kB
MemFree:         1097668 kB
MemAvailable:    1492388 kB
Buffers:           56908 kB
Cached:           447844 kB
MemTotal:        1844596 kB
MemFree:         1098908 kB
MemAvailable:    1493628 kB
Buffers:           56908 kB
Cached:           447844 kB
MemTotal:        1844596 kB
MemFree:         1097880 kB
MemAvailable:    1492012 kB
Buffers:           56908 kB
Cached:           447212 kB
MemTotal:        1844596 kB
MemFree:         1144524 kB
MemAvailable:    1538740 kB
Buffers:           56908 kB
Cached:           447212 kB
