MemTotal:        1844596 kB
MemFree:         1176312 kB
MemAvailable:    1562188 kB
Buffers:           56080 kB
Cached:           440444 kB
MemTotal:        1844596 kB
MemFree:         1150800 kB
MemAvailable:    1536680 kB
Buffers:           56080 kB
Cached:           440448 kB
MemTotal:        1844596 kB
MemFree:         1147444 kB
MemAvailable:    1533324 kB
Buffers:           56080 kB
Cached:           440448 kB
MemTotal:        1844596 kB
MemFree:         1146576 kB
MemAvailable:    1532456 kB
Buffers:           56080 kB
Cached:           440448 kB
MemTotal:        1844596 kB
MemFree:         1144948 kB
MemAvailable:    1530828 kB
Buffers:           56080 kB
Cached:           440448 kB
MemTotal:        1844596 kB
MemFree:         1144468 kB
MemAvailable:    1530348 kB
Buffers:           56080 kB
Cached:           440448 kB
MemTotal:        1844596 kB
MemFree:         1143972 kB
MemAvailable:    1529852 kB
Buffers:           56080 kB
Cached:           440448 kB
MemTotal:        1844596 kB
MemFree:         1141740 kB
MemAvailable:    1527620 kB
Buffers:           56080 kB
Cached:           440448 kB
MemTotal:        1844596 kB
MemFree:         1138012 kB
MemAvailable:    1523892 kB
Buffers:           56080 kB
Cached:           440448 kB
MemTotal:        1844596 kB
MemFree:         1136036 kB
MemAvailable:    1521916 kB
Buffers:           56080 kB
Cached:           440448 kB
MemTotal:        1844596 kB
MemFree:         1135396 kB
MemAvailable:    1521276 kB
Buffers:           56080 kB
Cached:           440448 kB
MemTotal:        1844596 kB
MemFree:         1135368 kB
MemAvailable:    1521248 kB
Buffers:           56080 kB
Cached:           440448 kB
MemTotal:        1844596 kB
MemFree:         1133996 kB
MemAvailable:    1519876 kB
Buffers:           56080 kB
Cached:           440448 kB
MemTotal:        1844596 kB
MemFree:         1134732 kB
MemAvailable:    1520612 kB
Buffers:           56080 kB
Cached:           440448 kB
MemTotal:        1844596 kB
MemFree:         1133620 kB
MemAvailable:    1519500 kB
Buffers:           56080 kB
Cached:           440448 kB
MemTotal:        1844596 kB
MemFree:         1134672 kB
MemAvailable:    1520552 kB
Buffers:           56080 kB
Cached:           440448 kB
MemTotal:        1844596 kB
MemFree:         1132920 kB
MemAvailable:    1518800 kB
Buffers:           56080 kB
Cached:           440448 kB
MemTotal:        1844596 kB
MemFree:         1132068 kB
MemAvailable:    1517948 kB
Buffers:           56080 kB
Cached:           440448 kB
MemTotal:        1844596 kB
MemFree:         1132664 kB
MemAvailable:    1518544 kB
Buffers:           56080 kB
Cached:           440448 kB
MemTotal:        1844596 kB
MemFree:         1132764 kB
MemAvailable:    1518644 kB
Buffers:           56080 kB
Cached:           440448 kB
MemTotal:        1844596 kB
MemFree:         1131560 kB
MemAvailable:    1517440 kB
Buffers:           56080 kB
Cached:           440448 kB
MemTotal:        1844596 kB
MemFree:         1131560 kB
MemAvailable:    1517440 kB
Buffers:           56080 kB
Cached:           440448 kB
MemTotal:        1844596 kB
MemFree:         1132680 kB
MemAvailable:    1518560 kB
Buffers:           56080 kB
Cached:           440448 kB
MemTotal:        1844596 kB
MemFree:         1131548 kB
MemAvailable:    1517428 kB
Buffers:           56080 kB
Cached:           440448 kB
MemTotal:        1844596 kB
MemFree:         1132832 kB
MemAvailable:    1518712 kB
Buffers:           56080 kB
Cached:           440448 kB
MemTotal:        1844596 kB
MemFree:         1131820 kB
MemAvailable:    1517700 kB
Buffers:           56080 kB
Cached:           440448 kB
MemTotal:        1844596 kB
MemFree:         1134032 kB
MemAvailable:    1519912 kB
Buffers:           56080 kB
Cached:           440448 kB
MemTotal:        1844596 kB
MemFree:         1132812 kB
MemAvailable:    1518692 kB
Buffers:           56080 kB
Cached:           440448 kB
MemTotal:        1844596 kB
MemFree:         1131572 kB
MemAvailable:    1517452 kB
Buffers:           56080 kB
Cached:           440448 kB
MemTotal:        1844596 kB
MemFree:         1129836 kB
MemAvailable:    1515716 kB
Buffers:           56080 kB
Cached:           440448 kB
MemTotal:        1844596 kB
MemFree:         1130208 kB
MemAvailable:    1516088 kB
Buffers:           56080 kB
Cached:           440448 kB
MemTotal:        1844596 kB
MemFree:         1129796 kB
MemAvailable:    1515680 kB
Buffers:           56080 kB
Cached:           440452 kB
MemTotal:        1844596 kB
MemFree:         1128348 kB
MemAvailable:    1514232 kB
Buffers:           56080 kB
Cached:           440452 kB
MemTotal:        1844596 kB
MemFree:         1128844 kB
MemAvailable:    1514728 kB
Buffers:           56080 kB
Cached:           440452 kB
MemTotal:        1844596 kB
MemFree:         1127596 kB
MemAvailable:    1513480 kB
Buffers:           56080 kB
Cached:           440452 kB
MemTotal:        1844596 kB
MemFree:         1127596 kB
MemAvailable:    1513480 kB
Buffers:           56080 kB
Cached:           440452 kB
MemTotal:        1844596 kB
MemFree:         1127208 kB
MemAvailable:    1513092 kB
Buffers:           56080 kB
Cached:           440452 kB
MemTotal:        1844596 kB
MemFree:         1127336 kB
MemAvailable:    1513220 kB
Buffers:           56080 kB
Cached:           440452 kB
MemTotal:        1844596 kB
MemFree:         1127288 kB
MemAvailable:    1513172 kB
Buffers:           56080 kB
Cached:           440452 kB
MemTotal:        1844596 kB
MemFree:         1128492 kB
MemAvailable:    1514376 kB
Buffers:           56080 kB
Cached:           440452 kB
MemTotal:        1844596 kB
MemFree:         1128472 kB
MemAvailable:    1514356 kB
Buffers:           56080 kB
Cached:           440452 kB
MemTotal:        1844596 kB
MemFree:         1126612 kB
MemAvailable:    1512496 kB
Buffers:           56080 kB
Cached:           440452 kB
MemTotal:        1844596 kB
MemFree:         1127844 kB
MemAvailable:    1513728 kB
Buffers:           56080 kB
Cached:           440452 kB
MemTotal:        1844596 kB
MemFree:         1127580 kB
MemAvailable:    1513464 kB
Buffers:           56080 kB
Cached:           440452 kB
MemTotal:        1844596 kB
MemFree:         1127832 kB
MemAvailable:    1513716 kB
Buffers:           56080 kB
Cached:           440452 kB
MemTotal:        1844596 kB
MemFree:         1126216 kB
MemAvailable:    1512100 kB
Buffers:           56080 kB
Cached:           440452 kB
MemTotal:        1844596 kB
MemFree:         1127540 kB
MemAvailable:    1513424 kB
Buffers:           56080 kB
Cached:           440452 kB
MemTotal:        1844596 kB
MemFree:         1127116 kB
MemAvailable:    1513000 kB
Buffers:           56080 kB
Cached:           440452 kB
MemTotal:        1844596 kB
MemFree:         1127588 kB
MemAvailable:    1513472 kB
Buffers:           56080 kB
Cached:           440452 kB
MemTotal:        1844596 kB
MemFree:         1127840 kB
MemAvailable:    1513724 kB
Buffers:           56080 kB
Cached:           440452 kB
MemTotal:        1844596 kB
MemFree:         1127576 kB
MemAvailable:    1513460 kB
Buffers:           56080 kB
Cached:           440452 kB
MemTotal:        1844596 kB
MemFree:         1127356 kB
MemAvailable:    1513240 kB
Buffers:           56080 kB
Cached:           440452 kB
MemTotal:        1844596 kB
MemFree:         1127424 kB
MemAvailable:    1513308 kB
Buffers:           56080 kB
Cached:           440452 kB
MemTotal:        1844596 kB
MemFree:         1126092 kB
MemAvailable:    1511976 kB
Buffers:           56080 kB
Cached:           440452 kB
MemTotal:        1844596 kB
MemFree:         1127232 kB
MemAvailable:    1513116 kB
Buffers:           56080 kB
Cached:           440452 kB
MemTotal:        1844596 kB
MemFree:         1126920 kB
MemAvailable:    1512804 kB
Buffers:           56080 kB
Cached:           440452 kB
MemTotal:        1844596 kB
MemFree:         1125488 kB
MemAvailable:    1511372 kB
Buffers:           56080 kB
Cached:           440452 kB
MemTotal:        1844596 kB
MemFree:         1125356 kB
MemAvailable:    1511240 kB
Buffers:           56080 kB
Cached:           440452 kB
MemTotal:        1844596 kB
MemFree:         1125480 kB
MemAvailable:    1511364 kB
Buffers:           56080 kB
Cached:           440452 kB
MemTotal:        1844596 kB
MemFree:         1126656 kB
MemAvailable:    1512540 kB
Buffers:           56080 kB
Cached:           440452 kB
MemTotal:        1844596 kB
MemFree:         1125472 kB
MemAvailable:    1511356 kB
Buffers:           56080 kB
Cached:           440452 kB
MemTotal:        1844596 kB
MemFree:         1126716 kB
MemAvailable:    1512600 kB
Buffers:           56080 kB
Cached:           440452 kB
MemTotal:        1844596 kB
MemFree:         1126708 kB
MemAvailable:    1512592 kB
Buffers:           56080 kB
Cached:           440452 kB
MemTotal:        1844596 kB
MemFree:         1125296 kB
MemAvailable:    1511180 kB
Buffers:           56080 kB
Cached:           440452 kB
MemTotal:        1844596 kB
MemFree:         1126424 kB
MemAvailable:    1512308 kB
Buffers:           56080 kB
Cached:           440452 kB
MemTotal:        1844596 kB
MemFree:         1123512 kB
MemAvailable:    1509396 kB
Buffers:           56080 kB
Cached:           440452 kB
MemTotal:        1844596 kB
MemFree:         1120844 kB
MemAvailable:    1506728 kB
Buffers:           56080 kB
Cached:           440452 kB
MemTotal:        1844596 kB
MemFree:         1118304 kB
MemAvailable:    1504188 kB
Buffers:           56080 kB
Cached:           440452 kB
MemTotal:        1844596 kB
MemFree:         1117668 kB
MemAvailable:    1503552 kB
Buffers:           56080 kB
Cached:           440452 kB
MemTotal:        1844596 kB
MemFree:         1118980 kB
MemAvailable:    1504864 kB
Buffers:           56080 kB
Cached:           440452 kB
MemTotal:        1844596 kB
MemFree:         1117388 kB
MemAvailable:    1503272 kB
Buffers:           56080 kB
Cached:           440452 kB
MemTotal:        1844596 kB
MemFree:         1118680 kB
MemAvailable:    1504564 kB
Buffers:           56080 kB
Cached:           440452 kB
MemTotal:        1844596 kB
MemFree:         1117636 kB
MemAvailable:    1503520 kB
Buffers:           56080 kB
Cached:           440452 kB
MemTotal:        1844596 kB
MemFree:         1118612 kB
MemAvailable:    1504496 kB
Buffers:           56080 kB
Cached:           440452 kB
MemTotal:        1844596 kB
MemFree:         1118428 kB
MemAvailable:    1504312 kB
Buffers:           56080 kB
Cached:           440452 kB
MemTotal:        1844596 kB
MemFree:         1118732 kB
MemAvailable:    1504616 kB
Buffers:           56080 kB
Cached:           440452 kB
MemTotal:        1844596 kB
MemFree:         1118900 kB
MemAvailable:    1504784 kB
Buffers:           56080 kB
Cached:           440452 kB
MemTotal:        1844596 kB
MemFree:         1118648 kB
MemAvailable:    1504532 kB
Buffers:           56080 kB
Cached:           440452 kB
MemTotal:        1844596 kB
MemFree:         1118900 kB
MemAvailable:    1504784 kB
Buffers:           56080 kB
Cached:           440452 kB
MemTotal:        1844596 kB
MemFree:         1118776 kB
MemAvailable:    1504660 kB
Buffers:           56080 kB
Cached:           440452 kB
MemTotal:        1844596 kB
MemFree:         1118608 kB
MemAvailable:    1504492 kB
Buffers:           56080 kB
Cached:           440452 kB
MemTotal:        1844596 kB
MemFree:         1118348 kB
MemAvailable:    1504232 kB
Buffers:           56080 kB
Cached:           440452 kB
MemTotal:        1844596 kB
MemFree:         1117296 kB
MemAvailable:    1503180 kB
Buffers:           56080 kB
Cached:           440452 kB
MemTotal:        1844596 kB
MemFree:         1117412 kB
MemAvailable:    1503296 kB
Buffers:           56080 kB
Cached:           440452 kB
MemTotal:        1844596 kB
MemFree:         1117180 kB
MemAvailable:    1503064 kB
Buffers:           56080 kB
Cached:           440452 kB
MemTotal:        1844596 kB
MemFree:         1117308 kB
MemAvailable:    1503192 kB
Buffers:           56080 kB
Cached:           440452 kB
MemTotal:        1844596 kB
MemFree:         1116124 kB
MemAvailable:    1502008 kB
Buffers:           56080 kB
Cached:           440452 kB
MemTotal:        1844596 kB
MemFree:         1116008 kB
MemAvailable:    1501892 kB
Buffers:           56080 kB
Cached:           440452 kB
MemTotal:        1844596 kB
MemFree:         1114568 kB
MemAvailable:    1500452 kB
Buffers:           56080 kB
Cached:           440452 kB
MemTotal:        1844596 kB
MemFree:         1115816 kB
MemAvailable:    1501700 kB
Buffers:           56080 kB
Cached:           440452 kB
MemTotal:        1844596 kB
MemFree:         1115016 kB
MemAvailable:    1500900 kB
Buffers:           56080 kB
Cached:           440452 kB
MemTotal:        1844596 kB
MemFree:         1115268 kB
MemAvailable:    1501152 kB
Buffers:           56080 kB
Cached:           440452 kB
MemTotal:        1844596 kB
MemFree:         1115140 kB
MemAvailable:    1501024 kB
Buffers:           56080 kB
Cached:           440452 kB
MemTotal:        1844596 kB
MemFree:         1113708 kB
MemAvailable:    1499592 kB
Buffers:           56080 kB
Cached:           440452 kB
MemTotal:        1844596 kB
MemFree:         1113700 kB
MemAvailable:    1499584 kB
Buffers:           56080 kB
Cached:           440452 kB
MemTotal:        1844596 kB
MemFree:         1115320 kB
MemAvailable:    1501204 kB
Buffers:           56080 kB
Cached:           440452 kB
MemTotal:        1844596 kB
MemFree:         1113716 kB
MemAvailable:    1499600 kB
Buffers:           56080 kB
Cached:           440452 kB
MemTotal:        1844596 kB
MemFree:         1113716 kB
MemAvailable:    1499604 kB
Buffers:           56080 kB
Cached:           440456 kB
MemTotal:        1844596 kB
MemFree:         1113668 kB
MemAvailable:    1499556 kB
Buffers:           56080 kB
Cached:           440456 kB
MemTotal:        1844596 kB
MemFree:         1113544 kB
MemAvailable:    1499436 kB
Buffers:           56080 kB
Cached:           440460 kB
MemTotal:        1844596 kB
MemFree:         1112972 kB
MemAvailable:    1498864 kB
Buffers:           56080 kB
Cached:           440460 kB
MemTotal:        1844596 kB
MemFree:         1114344 kB
MemAvailable:    1500236 kB
Buffers:           56080 kB
Cached:           440460 kB
MemTotal:        1844596 kB
MemFree:         1114280 kB
MemAvailable:    1500172 kB
Buffers:           56080 kB
Cached:           440460 kB
MemTotal:        1844596 kB
MemFree:         1105608 kB
MemAvailable:    1491500 kB
Buffers:           56080 kB
Cached:           440460 kB
MemTotal:        1844596 kB
MemFree:         1105780 kB
MemAvailable:    1491672 kB
Buffers:           56080 kB
Cached:           440460 kB
MemTotal:        1844596 kB
MemFree:         1105484 kB
MemAvailable:    1491376 kB
Buffers:           56080 kB
Cached:           440460 kB
MemTotal:        1844596 kB
MemFree:         1105476 kB
MemAvailable:    1491368 kB
Buffers:           56080 kB
Cached:           440460 kB
MemTotal:        1844596 kB
MemFree:         1105768 kB
MemAvailable:    1491660 kB
Buffers:           56080 kB
Cached:           440460 kB
MemTotal:        1844596 kB
MemFree:         1106928 kB
MemAvailable:    1492820 kB
Buffers:           56080 kB
Cached:           440460 kB
MemTotal:        1844596 kB
MemFree:         1108832 kB
MemAvailable:    1494724 kB
Buffers:           56080 kB
Cached:           440460 kB
MemTotal:        1844596 kB
MemFree:         1107136 kB
MemAvailable:    1493112 kB
Buffers:           56080 kB
Cached:           440584 kB
MemTotal:        1844596 kB
MemFree:         1107120 kB
MemAvailable:    1493180 kB
Buffers:           56080 kB
Cached:           440708 kB
MemTotal:        1844596 kB
MemFree:         1108220 kB
MemAvailable:    1494448 kB
Buffers:           56080 kB
Cached:           440832 kB
MemTotal:        1844596 kB
MemFree:         1107864 kB
MemAvailable:    1494260 kB
Buffers:           56080 kB
Cached:           440956 kB
MemTotal:        1844596 kB
MemFree:         1106524 kB
MemAvailable:    1493004 kB
Buffers:           56080 kB
Cached:           441080 kB
MemTotal:        1844596 kB
MemFree:         1107628 kB
MemAvailable:    1494192 kB
Buffers:           56080 kB
Cached:           441080 kB
MemTotal:        1844596 kB
MemFree:         1106524 kB
MemAvailable:    1493088 kB
Buffers:           56080 kB
Cached:           441080 kB
MemTotal:        1844596 kB
MemFree:         1107544 kB
MemAvailable:    1494108 kB
Buffers:           56080 kB
Cached:           441080 kB
MemTotal:        1844596 kB
MemFree:         1107716 kB
MemAvailable:    1494280 kB
Buffers:           56080 kB
Cached:           441080 kB
MemTotal:        1844596 kB
MemFree:         1106144 kB
MemAvailable:    1492708 kB
Buffers:           56080 kB
Cached:           441080 kB
MemTotal:        1844596 kB
MemFree:         1107516 kB
MemAvailable:    1494080 kB
Buffers:           56080 kB
Cached:           441080 kB
MemTotal:        1844596 kB
MemFree:         1107600 kB
MemAvailable:    1494164 kB
Buffers:           56080 kB
Cached:           441080 kB
MemTotal:        1844596 kB
MemFree:         1107584 kB
MemAvailable:    1494148 kB
Buffers:           56080 kB
Cached:           441080 kB
MemTotal:        1844596 kB
MemFree:         1108148 kB
MemAvailable:    1494124 kB
Buffers:           56080 kB
Cached:           440448 kB
MemTotal:        1844596 kB
MemFree:         1108368 kB
MemAvailable:    1494344 kB
Buffers:           56080 kB
Cached:           440448 kB
