MemTotal:        1844596 kB
MemFree:         1162624 kB
MemAvailable:    1561364 kB
Buffers:           57416 kB
Cached:           450964 kB
MemTotal:        1844596 kB
MemFree:         1134872 kB
MemAvailable:    1533616 kB
Buffers:           57416 kB
Cached:           450968 kB
MemTotal:        1844596 kB
MemFree:         1134632 kB
MemAvailable:    1533376 kB
Buffers:           57416 kB
Cached:           450968 kB
MemTotal:        1844596 kB
MemFree:         1131780 kB
MemAvailable:    1530524 kB
Buffers:           57416 kB
Cached:           450968 kB
MemTotal:        1844596 kB
MemFree:         1131864 kB
MemAvailable:    1530608 kB
Buffers:           57416 kB
Cached:           450968 kB
MemTotal:        1844596 kB
MemFree:         1131476 kB
MemAvailable:    1530220 kB
Buffers:           57416 kB
Cached:           450968 kB
MemTotal:        1844596 kB
MemFree:         1130912 kB
MemAvailable:    1529656 kB
Buffers:           57416 kB
Cached:           450968 kB
MemTotal:        1844596 kB
MemFree:         1127424 kB
MemAvailable:    1526168 kB
Buffers:           57416 kB
Cached:           450968 kB
MemTotal:        1844596 kB
MemFree:         1126944 kB
MemAvailable:    1525688 kB
Buffers:           57416 kB
Cached:           450968 kB
MemTotal:        1844596 kB
MemFree:         1124580 kB
MemAvailable:    1523324 kB
Buffers:           57416 kB
Cached:           450968 kB
MemTotal:        1844596 kB
MemFree:         1121364 kB
MemAvailable:    1520108 kB
Buffers:           57416 kB
Cached:           450968 kB
MemTotal:        1844596 kB
MemFree:         1121708 kB
MemAvailable:    1520452 kB
Buffers:           57416 kB
Cached:           450968 kB
MemTotal:        1844596 kB
MemFree:         1120824 kB
MemAvailable:    1519568 kB
Buffers:           57416 kB
Cached:           450968 kB
MemTotal:        1844596 kB
MemFree:         1120440 kB
MemAvailable:    1519184 kB
Buffers:           57416 kB
Cached:           450968 kB
MemTotal:        1844596 kB
MemFree:         1120316 kB
MemAvailable:    1519060 kB
Buffers:           57416 kB
Cached:           450968 kB
MemTotal:        1844596 kB
MemFree:         1120860 kB
MemAvailable:    1519604 kB
Buffers:           57416 kB
Cached:           450968 kB
MemTotal:        1844596 kB
MemFree:         1120308 kB
MemAvailable:    1519052 kB
Buffers:           57416 kB
Cached:           450968 kB
MemTotal:        1844596 kB
MemFree:         1120100 kB
MemAvailable:    1518844 kB
Buffers:           57416 kB
Cached:           450968 kB
MemTotal:        1844596 kB
MemFree:         1118132 kB
MemAvailable:    1516876 kB
Buffers:           57416 kB
Cached:           450968 kB
MemTotal:        1844596 kB
MemFree:         1119332 kB
MemAvailable:    1518076 kB
Buffers:           57416 kB
Cached:           450968 kB
MemTotal:        1844596 kB
MemFree:         1118076 kB
MemAvailable:    1516820 kB
Buffers:           57416 kB
Cached:           450968 kB
MemTotal:        1844596 kB
MemFree:         1119200 kB
MemAvailable:    1517944 kB
Buffers:           57416 kB
Cached:           450968 kB
MemTotal:        1844596 kB
MemFree:         1117948 kB
MemAvailable:    1516692 kB
Buffers:           57416 kB
Cached:           450968 kB
MemTotal:        1844596 kB
MemFree:         1119232 kB
MemAvailable:    1517976 kB
Buffers:           57416 kB
Cached:           450968 kB
MemTotal:        1844596 kB
MemFree:         1117948 kB
MemAvailable:    1516692 kB
Buffers:           57416 kB
Cached:           450968 kB
MemTotal:        1844596 kB
MemFree:         1120628 kB
MemAvailable:    1519372 kB
Buffers:           57416 kB
Cached:           450968 kB
MemTotal:        1844596 kB
MemFree:         1119204 kB
MemAvailable:    1517948 kB
Buffers:           57416 kB
Cached:           450968 kB
MemTotal:        1844596 kB
MemFree:         1118264 kB
MemAvailable:    1517008 kB
Buffers:           57416 kB
Cached:           450968 kB
MemTotal:        1844596 kB
MemFree:         1117084 kB
MemAvailable:    1515828 kB
Buffers:           57416 kB
Cached:           450968 kB
MemTotal:        1844596 kB
MemFree:         1116264 kB
MemAvailable:    1515008 kB
Buffers:           57416 kB
Cached:           450968 kB
MemTotal:        1844596 kB
MemFree:         1115660 kB
MemAvailable:    1514404 kB
Buffers:           57416 kB
Cached:           450968 kB
MemTotal:        1844596 kB
MemFree:         1115892 kB
MemAvailable:    1514636 kB
Buffers:           57416 kB
Cached:           450968 kB
MemTotal:        1844596 kB
MemFree:         1115652 kB
MemAvailable:    1514396 kB
Buffers:           57416 kB
Cached:           450968 kB
MemTotal:        1844596 kB
MemFree:         1115108 kB
MemAvailable:    1513852 kB
Buffers:           57416 kB
Cached:           450968 kB
MemTotal:        1844596 kB
MemFree:         1115276 kB
MemAvailable:    1514020 kB
Buffers:           57416 kB
Cached:           450968 kB
MemTotal:        1844596 kB
MemFree:         1113656 kB
MemAvailable:    1512400 kB
Buffers:           57416 kB
Cached:           450968 kB
MemTotal:        1844596 kB
MemFree:         1115088 kB
MemAvailable:    1513832 kB
Buffers:           57416 kB
Cached:           450968 kB
MemTotal:        1844596 kB
MemFree:         1114840 kB
MemAvailable:    1513584 kB
Buffers:           57416 kB
Cached:           450968 kB
MemTotal:        1844596 kB
MemFree:         1114840 kB
MemAvailable:    1513584 kB
Buffers:           57416 kB
Cached:           450968 kB
MemTotal:        1844596 kB
MemFree:         1114388 kB
MemAvailable:    1513132 kB
Buffers:           57416 kB
Cached:           450968 kB
MemTotal:        1844596 kB
MemFree:         1114724 kB
MemAvailable:    1513468 kB
Buffers:           57416 kB
Cached:           450968 kB
MemTotal:        1844596 kB
MemFree:         1112916 kB
MemAvailable:    1511660 kB
Buffers:           57416 kB
Cached:           450968 kB
MemTotal:        1844596 kB
MemFree:         1112736 kB
MemAvailable:    1511480 kB
Buffers:           57416 kB
Cached:           450968 kB
MemTotal:        1844596 kB
MemFree:         1112868 kB
MemAvailable:    1511612 kB
Buffers:           57416 kB
Cached:           450968 kB
MemTotal:        1844596 kB
MemFree:         1114168 kB
MemAvailable:    1512912 kB
Buffers:           57416 kB
Cached:           450968 kB
MemTotal:        1844596 kB
MemFree:         1114088 kB
MemAvailable:    1512832 kB
Buffers:           57416 kB
Cached:           450968 kB
MemTotal:        1844596 kB
MemFree:         1114088 kB
MemAvailable:    1512832 kB
Buffers:           57416 kB
Cached:           450968 kB
MemTotal:        1844596 kB
MemFree:         1114052 kB
MemAvailable:    1512796 kB
Buffers:           57416 kB
Cached:           450968 kB
MemTotal:        1844596 kB
MemFree:         1114300 kB
MemAvailable:    1513044 kB
Buffers:           57416 kB
Cached:           450968 kB
MemTotal:        1844596 kB
MemFree:         1112908 kB
MemAvailable:    1511652 kB
Buffers:           57416 kB
Cached:           450968 kB
MemTotal:        1844596 kB
MemFree:         1114024 kB
MemAvailable:    1512768 kB
Buffers:           57416 kB
Cached:           450968 kB
MemTotal:        1844596 kB
MemFree:         1112932 kB
MemAvailable:    1511676 kB
Buffers:           57416 kB
Cached:           450968 kB
MemTotal:        1844596 kB
MemFree:         1114132 kB
MemAvailable:    1512876 kB
Buffers:           57416 kB
Cached:           450968 kB
MemTotal:        1844596 kB
MemFree:         1113984 kB
MemAvailable:    1512728 kB
Buffers:           57416 kB
Cached:           450968 kB
MemTotal:        1844596 kB
MemFree:         1113536 kB
MemAvailable:    1512280 kB
Buffers:           57416 kB
Cached:           450968 kB
MemTotal:        1844596 kB
MemFree:         1113536 kB
MemAvailable:    1512280 kB
Buffers:           57416 kB
Cached:           450968 kB
MemTotal:        1844596 kB
MemFree:         1111916 kB
MemAvailable:    1510660 kB
Buffers:           57416 kB
Cached:           450968 kB
MemTotal:        1844596 kB
MemFree:         1113476 kB
MemAvailable:    1512220 kB
Buffers:           57416 kB
Cached:           450968 kB
MemTotal:        1844596 kB
MemFree:         1113092 kB
MemAvailable:    1511836 kB
Buffers:           57416 kB
Cached:           450968 kB
MemTotal:        1844596 kB
MemFree:         1111916 kB
MemAvailable:    1510660 kB
Buffers:           57416 kB
Cached:           450968 kB
MemTotal:        1844596 kB
MemFree:         1113344 kB
MemAvailable:    1512088 kB
Buffers:           57416 kB
Cached:           450968 kB
MemTotal:        1844596 kB
MemFree:         1113224 kB
MemAvailable:    1511968 kB
Buffers:           57416 kB
Cached:           450968 kB
MemTotal:        1844596 kB
MemFree:         1113104 kB
MemAvailable:    1511848 kB
Buffers:           57416 kB
Cached:           450968 kB
MemTotal:        1844596 kB
MemFree:         1111736 kB
MemAvailable:    1510480 kB
Buffers:           57416 kB
Cached:           450968 kB
MemTotal:        1844596 kB
MemFree:         1112916 kB
MemAvailable:    1511660 kB
Buffers:           57416 kB
Cached:           450968 kB
MemTotal:        1844596 kB
MemFree:         1113168 kB
MemAvailable:    1511912 kB
Buffers:           57416 kB
Cached:           450968 kB
MemTotal:        1844596 kB
MemFree:         1109444 kB
MemAvailable:    1508188 kB
Buffers:           57416 kB
Cached:           450968 kB
MemTotal:        1844596 kB
MemFree:         1108964 kB
MemAvailable:    1507708 kB
Buffers:           57416 kB
Cached:           450968 kB
MemTotal:        1844596 kB
MemFree:         1106236 kB
MemAvailable:    1504980 kB
Buffers:           57416 kB
Cached:           450968 kB
MemTotal:        1844596 kB
MemFree:         1104624 kB
MemAvailable:    1503368 kB
Buffers:           57416 kB
Cached:           450968 kB
MemTotal:        1844596 kB
MemFree:         1105172 kB
MemAvailable:    1503916 kB
Buffers:           57416 kB
Cached:           450968 kB
MemTotal:        1844596 kB
MemFree:         1104748 kB
MemAvailable:    1503368 kB
Buffers:           57416 kB
Cached:           450968 kB
MemTotal:        1844596 kB
MemFree:         1105292 kB
MemAvailable:    1504036 kB
Buffers:           57416 kB
Cached:           450968 kB
MemTotal:        1844596 kB
MemFree:         1105308 kB
MemAvailable:    1504052 kB
Buffers:           57416 kB
Cached:           450968 kB
MemTotal:        1844596 kB
MemFree:         1105476 kB
MemAvailable:    1504220 kB
Buffers:           57416 kB
Cached:           450968 kB
MemTotal:        1844596 kB
MemFree:         1103848 kB
MemAvailable:    1502592 kB
Buffers:           57416 kB
Cached:           450968 kB
MemTotal:        1844596 kB
MemFree:         1105280 kB
MemAvailable:    1504024 kB
Buffers:           57416 kB
Cached:           450968 kB
MemTotal:        1844596 kB
MemFree:         1105200 kB
MemAvailable:    1503944 kB
Buffers:           57416 kB
Cached:           450968 kB
MemTotal:        1844596 kB
MemFree:         1105368 kB
MemAvailable:    1504112 kB
Buffers:           57416 kB
Cached:           450968 kB
MemTotal:        1844596 kB
MemFree:         1105216 kB
MemAvailable:    1503960 kB
Buffers:           57416 kB
Cached:           450968 kB
MemTotal:        1844596 kB
MemFree:         1105368 kB
MemAvailable:    1504112 kB
Buffers:           57416 kB
Cached:           450968 kB
MemTotal:        1844596 kB
MemFree:         1105188 kB
MemAvailable:    1503932 kB
Buffers:           57416 kB
Cached:           450968 kB
MemTotal:        1844596 kB
MemFree:         1105244 kB
MemAvailable:    1503988 kB
Buffers:           57416 kB
Cached:           450968 kB
MemTotal:        1844596 kB
MemFree:         1103756 kB
MemAvailable:    1502508 kB
Buffers:           57416 kB
Cached:           450976 kB
MemTotal:        1844596 kB
MemFree:         1103748 kB
MemAvailable:    1502500 kB
Buffers:           57416 kB
Cached:           450976 kB
MemTotal:        1844596 kB
MemFree:         1104976 kB
MemAvailable:    1503728 kB
Buffers:           57416 kB
Cached:           450976 kB
MemTotal:        1844596 kB
MemFree:         1104436 kB
MemAvailable:    1503188 kB
Buffers:           57416 kB
Cached:           450976 kB
MemTotal:        1844596 kB
MemFree:         1104004 kB
MemAvailable:    1502756 kB
Buffers:           57416 kB
Cached:           450976 kB
MemTotal:        1844596 kB
MemFree:         1103616 kB
MemAvailable:    1502368 kB
Buffers:           57416 kB
Cached:           450976 kB
MemTotal:        1844596 kB
MemFree:         1102888 kB
MemAvailable:    1501640 kB
Buffers:           57416 kB
Cached:           450976 kB
MemTotal:        1844596 kB
MemFree:         1102640 kB
MemAvailable:    1501392 kB
Buffers:           57416 kB
Cached:           450976 kB
MemTotal:        1844596 kB
MemFree:         1102244 kB
MemAvailable:    1500996 kB
Buffers:           57416 kB
Cached:           450976 kB
MemTotal:        1844596 kB
MemFree:         1102328 kB
MemAvailable:    1501080 kB
Buffers:           57416 kB
Cached:           450976 kB
MemTotal:        1844596 kB
MemFree:         1100656 kB
MemAvailable:    1499408 kB
Buffers:           57416 kB
Cached:           450976 kB
MemTotal:        1844596 kB
MemFree:         1101632 kB
MemAvailable:    1500384 kB
Buffers:           57416 kB
Cached:           450976 kB
MemTotal:        1844596 kB
MemFree:         1101028 kB
MemAvailable:    1499780 kB
Buffers:           57416 kB
Cached:           450976 kB
MemTotal:        1844596 kB
MemFree:         1101528 kB
MemAvailable:    1500280 kB
Buffers:           57416 kB
Cached:           450976 kB
MemTotal:        1844596 kB
MemFree:         1100532 kB
MemAvailable:    1499284 kB
Buffers:           57416 kB
Cached:           450976 kB
MemTotal:        1844596 kB
MemFree:         1101332 kB
MemAvailable:    1500084 kB
Buffers:           57416 kB
Cached:           450976 kB
MemTotal:        1844596 kB
MemFree:         1101400 kB
MemAvailable:    1500152 kB
Buffers:           57416 kB
Cached:           450976 kB
MemTotal:        1844596 kB
MemFree:         1101280 kB
MemAvailable:    1500032 kB
Buffers:           57416 kB
Cached:           450976 kB
MemTotal:        1844596 kB
MemFree:         1100016 kB
MemAvailable:    1498768 kB
Buffers:           57416 kB
Cached:           450976 kB
MemTotal:        1844596 kB
MemFree:         1101316 kB
MemAvailable:    1500068 kB
Buffers:           57416 kB
Cached:           450976 kB
MemTotal:        1844596 kB
MemFree:         1101436 kB
MemAvailable:    1500188 kB
Buffers:           57416 kB
Cached:           450976 kB
MemTotal:        1844596 kB
MemFree:         1101352 kB
MemAvailable:    1500104 kB
Buffers:           57424 kB
Cached:           450968 kB
MemTotal:        1844596 kB
MemFree:         1100964 kB
MemAvailable:    1499720 kB
Buffers:           57424 kB
Cached:           450972 kB
MemTotal:        1844596 kB
MemFree:         1099532 kB
MemAvailable:    1498288 kB
Buffers:           57424 kB
Cached:           450972 kB
MemTotal:        1844596 kB
MemFree:         1095260 kB
MemAvailable:    1494016 kB
Buffers:           57424 kB
Cached:           450972 kB
MemTotal:        1844596 kB
MemFree:         1093952 kB
MemAvailable:    1492708 kB
Buffers:           57424 kB
Cached:           450972 kB
MemTotal:        1844596 kB
MemFree:         1092340 kB
MemAvailable:    1491096 kB
Buffers:           57424 kB
Cached:           450972 kB
MemTotal:        1844596 kB
MemFree:         1093648 kB
MemAvailable:    1492404 kB
Buffers:           57424 kB
Cached:           450972 kB
MemTotal:        1844596 kB
MemFree:         1092348 kB
MemAvailable:    1491104 kB
Buffers:           57424 kB
Cached:           450972 kB
MemTotal:        1844596 kB
MemFree:         1093324 kB
MemAvailable:    1492080 kB
Buffers:           57424 kB
Cached:           450972 kB
MemTotal:        1844596 kB
MemFree:         1093464 kB
MemAvailable:    1492220 kB
Buffers:           57424 kB
Cached:           450972 kB
MemTotal:        1844596 kB
MemFree:         1095616 kB
MemAvailable:    1494372 kB
Buffers:           57424 kB
Cached:           450972 kB
MemTotal:        1844596 kB
MemFree:         1093960 kB
MemAvailable:    1492716 kB
Buffers:           57424 kB
Cached:           450972 kB
MemTotal:        1844596 kB
MemFree:         1093836 kB
MemAvailable:    1492676 kB
Buffers:           57424 kB
Cached:           451096 kB
MemTotal:        1844596 kB
MemFree:         1094564 kB
MemAvailable:    1493656 kB
Buffers:           57424 kB
Cached:           451344 kB
MemTotal:        1844596 kB
MemFree:         1094208 kB
MemAvailable:    1493300 kB
Buffers:           57424 kB
Cached:           451344 kB
MemTotal:        1844596 kB
MemFree:         1093068 kB
MemAvailable:    1492244 kB
Buffers:           57424 kB
Cached:           451468 kB
MemTotal:        1844596 kB
MemFree:         1094176 kB
MemAvailable:    1493520 kB
Buffers:           57424 kB
Cached:           451592 kB
MemTotal:        1844596 kB
MemFree:         1093712 kB
MemAvailable:    1493056 kB
Buffers:           57424 kB
Cached:           451592 kB
MemTotal:        1844596 kB
MemFree:         1094088 kB
MemAvailable:    1493432 kB
Buffers:           57424 kB
Cached:           451592 kB
MemTotal:        1844596 kB
MemFree:         1094028 kB
MemAvailable:    1493456 kB
Buffers:           57424 kB
Cached:           451592 kB
MemTotal:        1844596 kB
MemFree:         1094012 kB
MemAvailable:    1493440 kB
Buffers:           57424 kB
Cached:           451592 kB
MemTotal:        1844596 kB
MemFree:         1093712 kB
MemAvailable:    1493140 kB
Buffers:           57424 kB
Cached:           451592 kB
MemTotal:        1844596 kB
MemFree:         1094004 kB
MemAvailable:    1493432 kB
Buffers:           57424 kB
Cached:           451592 kB
MemTotal:        1844596 kB
MemFree:         1093944 kB
MemAvailable:    1493372 kB
Buffers:           57424 kB
Cached:           451592 kB
MemTotal:        1844596 kB
MemFree:         1093988 kB
MemAvailable:    1493500 kB
Buffers:           57424 kB
Cached:           451716 kB
MemTotal:        1844596 kB
MemFree:         1093836 kB
MemAvailable:    1493348 kB
Buffers:           57424 kB
Cached:           451716 kB
MemTotal:        1844596 kB
MemFree:         1095044 kB
MemAvailable:    1493800 kB
Buffers:           57424 kB
Cached:           450960 kB
