MemTotal:        1844596 kB
MemFree:         1270268 kB
MemAvailable:    1569436 kB
Buffers:           45688 kB
Cached:           370784 kB
MemTotal:        1844596 kB
MemFree:         1242764 kB
MemAvailable:    1541936 kB
Buffers:           45688 kB
Cached:           370788 kB
MemTotal:        1844596 kB
MemFree:         1241392 kB
MemAvailable:    1540564 kB
Buffers:           45688 kB
Cached:           370788 kB
MemTotal:        1844596 kB
MemFree:         1239416 kB
MemAvailable:    1538588 kB
Buffers:           45688 kB
Cached:           370788 kB
MemTotal:        1844596 kB
MemFree:         1239292 kB
MemAvailable:    1538464 kB
Buffers:           45688 kB
Cached:           370788 kB
MemTotal:        1844596 kB
MemFree:         1237880 kB
MemAvailable:    1537052 kB
Buffers:           45688 kB
Cached:           370788 kB
MemTotal:        1844596 kB
MemFree:         1237052 kB
MemAvailable:    1536224 kB
Buffers:           45688 kB
Cached:           370788 kB
MemTotal:        1844596 kB
MemFree:         1235904 kB
MemAvailable:    1535076 kB
Buffers:           45688 kB
Cached:           370788 kB
MemTotal:        1844596 kB
MemFree:         1233112 kB
MemAvailable:    1532284 kB
Buffers:           45688 kB
Cached:           370788 kB
MemTotal:        1844596 kB
MemFree:         1228752 kB
MemAvailable:    1527924 kB
Buffers:           45688 kB
Cached:           370788 kB
MemTotal:        1844596 kB
MemFree:         1229520 kB
MemAvailable:    1528692 kB
Buffers:           45688 kB
Cached:           370788 kB
MemTotal:        1844596 kB
MemFree:         1227960 kB
MemAvailable:    1527132 kB
Buffers:           45688 kB
Cached:           370788 kB
MemTotal:        1844596 kB
MemFree:         1229248 kB
MemAvailable:    1528420 kB
Buffers:           45688 kB
Cached:           370788 kB
MemTotal:        1844596 kB
MemFree:         1229232 kB
MemAvailable:    1528404 kB
Buffers:           45688 kB
Cached:           370788 kB
MemTotal:        1844596 kB
MemFree:         1229568 kB
MemAvailable:    1528740 kB
Buffers:           45688 kB
Cached:           370788 kB
MemTotal:        1844596 kB
MemFree:         1229196 kB
MemAvailable:    1528368 kB
Buffers:           45688 kB
Cached:           370788 kB
MemTotal:        1844596 kB
MemFree:         1228068 kB
MemAvailable:    1527240 kB
Buffers:           45688 kB
Cached:           370788 kB
MemTotal:        1844596 kB
MemFree:         1226340 kB
MemAvailable:    1525512 kB
Buffers:           45688 kB
Cached:           370788 kB
MemTotal:        1844596 kB
MemFree:         1226140 kB
MemAvailable:    1525312 kB
Buffers:           45688 kB
Cached:           370788 kB
MemTotal:        1844596 kB
MemFree:         1225776 kB
MemAvailable:    1524948 kB
Buffers:           45688 kB
Cached:           370788 kB
MemTotal:        1844596 kB
MemFree:         1225604 kB
MemAvailable:    1524776 kB
Buffers:           45688 kB
Cached:           370788 kB
MemTotal:        1844596 kB
MemFree:         1225596 kB
MemAvailable:    1524768 kB
Buffers:           45688 kB
Cached:           370788 kB
MemTotal:        1844596 kB
MemFree:         1225720 kB
MemAvailable:    1524892 kB
Buffers:           45688 kB
Cached:           370788 kB
MemTotal:        1844596 kB
MemFree:         1225640 kB
MemAvailable:    1524812 kB
Buffers:           45688 kB
Cached:           370788 kB
MemTotal:        1844596 kB
MemFree:         1227060 kB
MemAvailable:    1526232 kB
Buffers:           45688 kB
Cached:           370788 kB
MemTotal:        1844596 kB
MemFree:         1225628 kB
MemAvailable:    1524800 kB
Buffers:           45688 kB
Cached:           370788 kB
MemTotal:        1844596 kB
MemFree:         1228260 kB
MemAvailable:    1527432 kB
Buffers:           45688 kB
Cached:           370788 kB
MemTotal:        1844596 kB
MemFree:         1227636 kB
MemAvailable:    1526808 kB
Buffers:           45688 kB
Cached:           370788 kB
MemTotal:        1844596 kB
MemFree:         1225588 kB
MemAvailable:    1524760 kB
Buffers:           45688 kB
Cached:           370788 kB
MemTotal:        1844596 kB
MemFree:         1225388 kB
MemAvailable:    1524560 kB
Buffers:           45688 kB
Cached:           370788 kB
MemTotal:        1844596 kB
MemFree:         1224224 kB
MemAvailable:    1523396 kB
Buffers:           45688 kB
Cached:           370788 kB
MemTotal:        1844596 kB
MemFree:         1223852 kB
MemAvailable:    1523024 kB
Buffers:           45688 kB
Cached:           370788 kB
MemTotal:        1844596 kB
MemFree:         1222304 kB
MemAvailable:    1521476 kB
Buffers:           45688 kB
Cached:           370788 kB
MemTotal:        1844596 kB
MemFree:         1222860 kB
MemAvailable:    1522032 kB
Buffers:           45688 kB
Cached:           370788 kB
MemTotal:        1844596 kB
MemFree:         1221560 kB
MemAvailable:    1520732 kB
Buffers:           45688 kB
Cached:           370788 kB
MemTotal:        1844596 kB
MemFree:         1222580 kB
MemAvailable:    1521756 kB
Buffers:           45688 kB
Cached:           370792 kB
MemTotal:        1844596 kB
MemFree:         1222916 kB
MemAvailable:    1522092 kB
Buffers:           45688 kB
Cached:           370792 kB
MemTotal:        1844596 kB
MemFree:         1221388 kB
MemAvailable:    1520564 kB
Buffers:           45688 kB
Cached:           370792 kB
MemTotal:        1844596 kB
MemFree:         1222748 kB
MemAvailable:    1521924 kB
Buffers:           45688 kB
Cached:           370792 kB
MemTotal:        1844596 kB
MemFree:         1221412 kB
MemAvailable:    1520588 kB
Buffers:           45688 kB
Cached:           370792 kB
MemTotal:        1844596 kB
MemFree:         1222412 kB
MemAvailable:    1521588 kB
Buffers:           45688 kB
Cached:           370792 kB
MemTotal:        1844596 kB
MemFree:         1221808 kB
MemAvailable:    1520984 kB
Buffers:           45688 kB
Cached:           370792 kB
MemTotal:        1844596 kB
MemFree:         1220916 kB
MemAvailable:    1520092 kB
Buffers:           45688 kB
Cached:           370792 kB
MemTotal:        1844596 kB
MemFree:         1221736 kB
MemAvailable:    1520912 kB
Buffers:           45688 kB
Cached:           370792 kB
MemTotal:        1844596 kB
MemFree:         1221884 kB
MemAvailable:    1521060 kB
Buffers:           45688 kB
Cached:           370792 kB
MemTotal:        1844596 kB
MemFree:         1221180 kB
MemAvailable:    1520356 kB
Buffers:           45688 kB
Cached:           370792 kB
MemTotal:        1844596 kB
MemFree:         1220416 kB
MemAvailable:    1519592 kB
Buffers:           45688 kB
Cached:           370792 kB
MemTotal:        1844596 kB
MemFree:         1221848 kB
MemAvailable:    1521024 kB
Buffers:           45688 kB
Cached:           370792 kB
MemTotal:        1844596 kB
MemFree:         1221616 kB
MemAvailable:    1520792 kB
Buffers:           45688 kB
Cached:           370792 kB
MemTotal:        1844596 kB
MemFree:         1221588 kB
MemAvailable:    1520764 kB
Buffers:           45688 kB
Cached:           370792 kB
MemTotal:        1844596 kB
MemFree:         1221560 kB
MemAvailable:    1520736 kB
Buffers:           45688 kB
Cached:           370792 kB
MemTotal:        1844596 kB
MemFree:         1221788 kB
MemAvailable:    1520964 kB
Buffers:           45688 kB
Cached:           370792 kB
MemTotal:        1844596 kB
MemFree:         1220816 kB
MemAvailable:    1519992 kB
Buffers:           45688 kB
Cached:           370792 kB
MemTotal:        1844596 kB
MemFree:         1221552 kB
MemAvailable:    1520728 kB
Buffers:           45688 kB
Cached:           370792 kB
MemTotal:        1844596 kB
MemFree:         1221808 kB
MemAvailable:    1520984 kB
Buffers:           45688 kB
Cached:           370792 kB
MemTotal:        1844596 kB
MemFree:         1221364 kB
MemAvailable:    1520540 kB
Buffers:           45688 kB
Cached:           370792 kB
MemTotal:        1844596 kB
MemFree:         1221232 kB
MemAvailable:    1520408 kB
Buffers:           45688 kB
Cached:           370792 kB
MemTotal:        1844596 kB
MemFree:         1221164 kB
MemAvailable:    1520340 kB
Buffers:           45688 kB
Cached:           370792 kB
MemTotal:        1844596 kB
MemFree:         1220968 kB
MemAvailable:    1520144 kB
Buffers:           45688 kB
Cached:           370792 kB
MemTotal:        1844596 kB
MemFree:         1220860 kB
MemAvailable:    1520036 kB
Buffers:           45688 kB
Cached:           370792 kB
MemTotal:        1844596 kB
MemFree:         1219540 kB
MemAvailable:    1518716 kB
Buffers:           45688 kB
Cached:           370792 kB
MemTotal:        1844596 kB
MemFree:         1220968 kB
MemAvailable:    1520144 kB
Buffers:           45688 kB
Cached:           370792 kB
MemTotal:        1844596 kB
MemFree:         1219656 kB
MemAvailable:    1518832 kB
Buffers:           45688 kB
Cached:           370792 kB
MemTotal:        1844596 kB
MemFree:         1220876 kB
MemAvailable:    1520052 kB
Buffers:           45688 kB
Cached:           370792 kB
MemTotal:        1844596 kB
MemFree:         1220808 kB
MemAvailable:    1519984 kB
Buffers:           45688 kB
Cached:           370792 kB
MemTotal:        1844596 kB
MemFree:         1219396 kB
MemAvailable:    1518572 kB
Buffers:           45688 kB
Cached:           370792 kB
MemTotal:        1844596 kB
MemFree:         1220636 kB
MemAvailable:    1519812 kB
Buffers:           45688 kB
Cached:           370792 kB
MemTotal:        1844596 kB
MemFree:         1220892 kB
MemAvailable:    1520068 kB
Buffers:           45688 kB
Cached:           370792 kB
MemTotal:        1844596 kB
MemFree:         1218916 kB
MemAvailable:    1518092 kB
Buffers:           45688 kB
Cached:           370792 kB
MemTotal:        1844596 kB
MemFree:         1216332 kB
MemAvailable:    1515508 kB
Buffers:           45688 kB
Cached:           370792 kB
MemTotal:        1844596 kB
MemFree:         1212756 kB
MemAvailable:    1511932 kB
Buffers:           45688 kB
Cached:           370792 kB
MemTotal:        1844596 kB
MemFree:         1212004 kB
MemAvailable:    1511180 kB
Buffers:           45688 kB
Cached:           370792 kB
MemTotal:        1844596 kB
MemFree:         1211764 kB
MemAvailable:    1510940 kB
Buffers:           45688 kB
Cached:           370792 kB
MemTotal:        1844596 kB
MemFree:         1211640 kB
MemAvailable:    1510816 kB
Buffers:           45688 kB
Cached:           370792 kB
MemTotal:        1844596 kB
MemFree:         1212940 kB
MemAvailable:    1512116 kB
Buffers:           45688 kB
Cached:           370792 kB
MemTotal:        1844596 kB
MemFree:         1212992 kB
MemAvailable:    1512168 kB
Buffers:           45688 kB
Cached:           370792 kB
MemTotal:        1844596 kB
MemFree:         1211744 kB
MemAvailable:    1510920 kB
Buffers:           45688 kB
Cached:           370792 kB
MemTotal:        1844596 kB
MemFree:         1212688 kB
MemAvailable:    1511864 kB
Buffers:           45688 kB
Cached:           370792 kB
MemTotal:        1844596 kB
MemFree:         1212508 kB
MemAvailable:    1511684 kB
Buffers:           45688 kB
Cached:           370792 kB
MemTotal:        1844596 kB
MemFree:         1212940 kB
MemAvailable:    1512116 kB
Buffers:           45688 kB
Cached:           370792 kB
MemTotal:        1844596 kB
MemFree:         1211496 kB
MemAvailable:    1510672 kB
Buffers:           45688 kB
Cached:           370792 kB
MemTotal:        1844596 kB
MemFree:         1211620 kB
MemAvailable:    1510796 kB
Buffers:           45688 kB
Cached:           370792 kB
MemTotal:        1844596 kB
MemFree:         1211488 kB
MemAvailable:    1510664 kB
Buffers:           45688 kB
Cached:           370792 kB
MemTotal:        1844596 kB
MemFree:         1212772 kB
MemAvailable:    1511948 kB
Buffers:           45688 kB
Cached:           370792 kB
MemTotal:        1844596 kB
MemFree:         1212444 kB
MemAvailable:    1511620 kB
Buffers:           45688 kB
Cached:           370792 kB
MemTotal:        1844596 kB
MemFree:         1211012 kB
MemAvailable:    1510188 kB
Buffers:           45688 kB
Cached:           370792 kB
MemTotal:        1844596 kB
MemFree:         1211576 kB
MemAvailable:    1510752 kB
Buffers:           45688 kB
Cached:           370792 kB
MemTotal:        1844596 kB
MemFree:         1211640 kB
MemAvailable:    1510816 kB
Buffers:           45688 kB
Cached:           370792 kB
MemTotal:        1844596 kB
MemFree:         1211128 kB
MemAvailable:    1510304 kB
Buffers:           45688 kB
Cached:           370792 kB
MemTotal:        1844596 kB
MemFree:         1211212 kB
MemAvailable:    1510388 kB
Buffers:           45688 kB
Cached:           370792 kB
MemTotal:        1844596 kB
MemFree:         1210136 kB
MemAvailable:    1509312 kB
Buffers:           45688 kB
Cached:           370792 kB
MemTotal:        1844596 kB
MemFree:         1210028 kB
MemAvailable:    1509204 kB
Buffers:           45688 kB
Cached:           370792 kB
MemTotal:        1844596 kB
MemFree:         1209824 kB
MemAvailable:    1509000 kB
Buffers:           45688 kB
Cached:           370792 kB
MemTotal:        1844596 kB
MemFree:         1209408 kB
MemAvailable:    1508584 kB
Buffers:           45688 kB
Cached:           370792 kB
MemTotal:        1844596 kB
MemFree:         1209296 kB
MemAvailable:    1508472 kB
Buffers:           45688 kB
Cached:           370792 kB
MemTotal:        1844596 kB
MemFree:         1207736 kB
MemAvailable:    1506912 kB
Buffers:           45688 kB
Cached:           370792 kB
MemTotal:        1844596 kB
MemFree:         1207900 kB
MemAvailable:    1507076 kB
Buffers:           45688 kB
Cached:           370792 kB
MemTotal:        1844596 kB
MemFree:         1208888 kB
MemAvailable:    1508064 kB
Buffers:           45688 kB
Cached:           370792 kB
MemTotal:        1844596 kB
MemFree:         1209140 kB
MemAvailable:    1508316 kB
Buffers:           45688 kB
Cached:           370792 kB
MemTotal:        1844596 kB
MemFree:         1209036 kB
MemAvailable:    1508212 kB
Buffers:           45688 kB
Cached:           370792 kB
MemTotal:        1844596 kB
MemFree:         1209156 kB
MemAvailable:    1508332 kB
Buffers:           45688 kB
Cached:           370792 kB
MemTotal:        1844596 kB
MemFree:         1207664 kB
MemAvailable:    1506840 kB
Buffers:           45688 kB
Cached:           370792 kB
MemTotal:        1844596 kB
MemFree:         1207664 kB
MemAvailable:    1506840 kB
Buffers:           45688 kB
Cached:           370792 kB
MemTotal:        1844596 kB
MemFree:         1207624 kB
MemAvailable:    1506800 kB
Buffers:           45688 kB
Cached:           370792 kB
MemTotal:        1844596 kB
MemFree:         1208904 kB
MemAvailable:    1508080 kB
Buffers:           45688 kB
Cached:           370792 kB
MemTotal:        1844596 kB
MemFree:         1209016 kB
MemAvailable:    1508192 kB
Buffers:           45688 kB
Cached:           370792 kB
MemTotal:        1844596 kB
MemFree:         1208724 kB
MemAvailable:    1507900 kB
Buffers:           45688 kB
Cached:           370792 kB
MemTotal:        1844596 kB
MemFree:         1207036 kB
MemAvailable:    1506212 kB
Buffers:           45688 kB
Cached:           370792 kB
MemTotal:        1844596 kB
MemFree:         1200976 kB
MemAvailable:    1500152 kB
Buffers:           45688 kB
Cached:           370792 kB
MemTotal:        1844596 kB
MemFree:         1201208 kB
MemAvailable:    1500384 kB
Buffers:           45688 kB
Cached:           370792 kB
MemTotal:        1844596 kB
MemFree:         1201100 kB
MemAvailable:    1500276 kB
Buffers:           45688 kB
Cached:           370792 kB
MemTotal:        1844596 kB
MemFree:         1201080 kB
MemAvailable:    1500256 kB
Buffers:           45688 kB
Cached:           370792 kB
MemTotal:        1844596 kB
MemFree:         1201332 kB
MemAvailable:    1500508 kB
Buffers:           45688 kB
Cached:           370792 kB
MemTotal:        1844596 kB
MemFree:         1201028 kB
MemAvailable:    1500204 kB
Buffers:           45688 kB
Cached:           370792 kB
MemTotal:        1844596 kB
MemFree:         1201216 kB
MemAvailable:    1500392 kB
Buffers:           45688 kB
Cached:           370792 kB
MemTotal:        1844596 kB
MemFree:         1202760 kB
MemAvailable:    1501936 kB
Buffers:           45688 kB
Cached:           370792 kB
MemTotal:        1844596 kB
MemFree:         1202092 kB
MemAvailable:    1501268 kB
Buffers:           45688 kB
Cached:           370792 kB
MemTotal:        1844596 kB
MemFree:         1202284 kB
MemAvailable:    1501544 kB
Buffers:           45688 kB
Cached:           370916 kB
MemTotal:        1844596 kB
MemFree:         1202340 kB
MemAvailable:    1501808 kB
Buffers:           45688 kB
Cached:           371108 kB
MemTotal:        1844596 kB
MemFree:         1200836 kB
MemAvailable:    1500304 kB
Buffers:           45688 kB
Cached:           371232 kB
MemTotal:        1844596 kB
MemFree:         1200960 kB
MemAvailable:    1500596 kB
Buffers:           45688 kB
Cached:           371232 kB
MemTotal:        1844596 kB
MemFree:         1201844 kB
MemAvailable:    1501732 kB
Buffers:           45688 kB
Cached:           371480 kB
MemTotal:        1844596 kB
MemFree:         1200556 kB
MemAvailable:    1500444 kB
Buffers:           45688 kB
Cached:           371480 kB
MemTotal:        1844596 kB
MemFree:         1201760 kB
MemAvailable:    1501648 kB
Buffers:           45688 kB
Cached:           371480 kB
MemTotal:        1844596 kB
MemFree:         1200976 kB
MemAvailable:    1500864 kB
Buffers:           45688 kB
Cached:           371480 kB
MemTotal:        1844596 kB
MemFree:         1200460 kB
MemAvailable:    1500348 kB
Buffers:           45688 kB
Cached:           371480 kB
MemTotal:        1844596 kB
MemFree:         1200452 kB
MemAvailable:    1500340 kB
Buffers:           45688 kB
Cached:           371480 kB
MemTotal:        1844596 kB
MemFree:         1201796 kB
MemAvailable:    1501684 kB
Buffers:           45688 kB
Cached:           371480 kB
MemTotal:        1844596 kB
MemFree:         1200976 kB
MemAvailable:    1500864 kB
Buffers:           45688 kB
Cached:           371480 kB
MemTotal:        1844596 kB
MemFree:         1201940 kB
MemAvailable:    1501160 kB
Buffers:           45688 kB
Cached:           370876 kB
MemTotal:        1844596 kB
MemFree:         1235912 kB
MemAvailable:    1535132 kB
Buffers:           45688 kB
Cached:           370876 kB
