MemTotal:        1844596 kB
MemFree:         1428088 kB
MemAvailable:    1605232 kB
Buffers:           21960 kB
Cached:           285604 kB
MemTotal:        1844596 kB
MemFree:         1402420 kB
MemAvailable:    1579568 kB
Buffers:           21960 kB
Cached:           285608 kB
MemTotal:        1844596 kB
MemFree:         1400304 kB
MemAvailable:    1577452 kB
Buffers:           21960 kB
Cached:           285608 kB
MemTotal:        1844596 kB
MemFree:         1400436 kB
MemAvailable:    1577584 kB
Buffers:           21960 kB
Cached:           285608 kB
MemTotal:        1844596 kB
MemFree:         1397460 kB
MemAvailable:    1574608 kB
Buffers:           21960 kB
Cached:           285608 kB
MemTotal:        1844596 kB
MemFree:         1396964 kB
MemAvailable:    1574112 kB
Buffers:           21960 kB
Cached:           285608 kB
MemTotal:        1844596 kB
MemFree:         1396948 kB
MemAvailable:    1574096 kB
Buffers:           21960 kB
Cached:           285608 kB
MemTotal:        1844596 kB
MemFree:         1395096 kB
MemAvailable:    1572244 kB
Buffers:           21960 kB
Cached:           285608 kB
MemTotal:        1844596 kB
MemFree:         1394244 kB
MemAvailable:    1571392 kB
Buffers:           21960 kB
Cached:           285608 kB
MemTotal:        1844596 kB
MemFree:         1391880 kB
MemAvailable:    1569028 kB
Buffers:           21960 kB
Cached:           285608 kB
MemTotal:        1844596 kB
MemFree:         1388028 kB
MemAvailable:    1565176 kB
Buffers:           21960 kB
Cached:           285608 kB
MemTotal:        1844596 kB
MemFree:         1387300 kB
MemAvailable:    1564448 kB
Buffers:           21960 kB
Cached:           285608 kB
MemTotal:        1844596 kB
MemFree:         1385060 kB
MemAvailable:    1562208 kB
Buffers:           21960 kB
Cached:           285608 kB
MemTotal:        1844596 kB
MemFree:         1386880 kB
MemAvailable:    1564028 kB
Buffers:           21960 kB
Cached:           285608 kB
MemTotal:        1844596 kB
MemFree:         1386808 kB
MemAvailable:    1563956 kB
Buffers:           21960 kB
Cached:           285608 kB
MemTotal:        1844596 kB
MemFree:         1385632 kB
MemAvailable:    1562780 kB
Buffers:           21960 kB
Cached:           285608 kB
MemTotal:        1844596 kB
MemFree:         1385632 kB
MemAvailable:    1562780 kB
Buffers:           21960 kB
Cached:           285608 kB
MemTotal:        1844596 kB
MemFree:         1387040 kB
MemAvailable:    1564188 kB
Buffers:           21960 kB
Cached:           285608 kB
MemTotal:        1844596 kB
MemFree:         1385556 kB
MemAvailable:    1562704 kB
Buffers:           21960 kB
Cached:           285608 kB
MemTotal:        1844596 kB
MemFree:         1385308 kB
MemAvailable:    1562456 kB
Buffers:           21960 kB
Cached:           285608 kB
MemTotal:        1844596 kB
MemFree:         1385184 kB
MemAvailable:    1562332 kB
Buffers:           21960 kB
Cached:           285608 kB
MemTotal:        1844596 kB
MemFree:         1383448 kB
MemAvailable:    1560596 kB
Buffers:           21960 kB
Cached:           285608 kB
MemTotal:        1844596 kB
MemFree:         1384748 kB
MemAvailable:    1561896 kB
Buffers:           21960 kB
Cached:           285608 kB
MemTotal:        1844596 kB
MemFree:         1383432 kB
MemAvailable:    1560580 kB
Buffers:           21960 kB
Cached:           285608 kB
MemTotal:        1844596 kB
MemFree:         1384556 kB
MemAvailable:    1561704 kB
Buffers:           21960 kB
Cached:           285608 kB
MemTotal:        1844596 kB
MemFree:         1384540 kB
MemAvailable:    1561688 kB
Buffers:           21960 kB
Cached:           285608 kB
MemTotal:        1844596 kB
MemFree:         1383184 kB
MemAvailable:    1560332 kB
Buffers:           21960 kB
Cached:           285608 kB
MemTotal:        1844596 kB
MemFree:         1384544 kB
MemAvailable:    1561692 kB
Buffers:           21960 kB
Cached:           285608 kB
MemTotal:        1844596 kB
MemFree:         1384372 kB
MemAvailable:    1561520 kB
Buffers:           21960 kB
Cached:           285608 kB
MemTotal:        1844596 kB
MemFree:         1385740 kB
MemAvailable:    1562888 kB
Buffers:           21960 kB
Cached:           285608 kB
MemTotal:        1844596 kB
MemFree:         1385876 kB
MemAvailable:    1563024 kB
Buffers:           21960 kB
Cached:           285608 kB
MemTotal:        1844596 kB
MemFree:         1384184 kB
MemAvailable:    1561332 kB
Buffers:           21960 kB
Cached:           285608 kB
MemTotal:        1844596 kB
MemFree:         1382208 kB
MemAvailable:    1559356 kB
Buffers:           21960 kB
Cached:           285608 kB
MemTotal:        1844596 kB
MemFree:         1380968 kB
MemAvailable:    1558116 kB
Buffers:           21960 kB
Cached:           285608 kB
MemTotal:        1844596 kB
MemFree:         1382024 kB
MemAvailable:    1559172 kB
Buffers:           21960 kB
Cached:           285608 kB
MemTotal:        1844596 kB
MemFree:         1381276 kB
MemAvailable:    1558424 kB
Buffers:           21960 kB
Cached:           285608 kB
MemTotal:        1844596 kB
MemFree:         1379928 kB
MemAvailable:    1557076 kB
Buffers:           21960 kB
Cached:           285608 kB
MemTotal:        1844596 kB
MemFree:         1380044 kB
MemAvailable:    1557192 kB
Buffers:           21960 kB
Cached:           285608 kB
MemTotal:        1844596 kB
MemFree:         1380284 kB
MemAvailable:    1557432 kB
Buffers:           21960 kB
Cached:           285608 kB
MemTotal:        1844596 kB
MemFree:         1378984 kB
MemAvailable:    1556132 kB
Buffers:           21960 kB
Cached:           285608 kB
MemTotal:        1844596 kB
MemFree:         1378984 kB
MemAvailable:    1556132 kB
Buffers:           21960 kB
Cached:           285608 kB
MemTotal:        1844596 kB
MemFree:         1379224 kB
MemAvailable:    1556372 kB
Buffers:           21960 kB
Cached:           285608 kB
MemTotal:        1844596 kB
MemFree:         1380236 kB
MemAvailable:    1557384 kB
Buffers:           21960 kB
Cached:           285608 kB
MemTotal:        1844596 kB
MemFree:         1379108 kB
MemAvailable:    1556256 kB
Buffers:           21960 kB
Cached:           285608 kB
MemTotal:        1844596 kB
MemFree:         1379852 kB
MemAvailable:    1557004 kB
Buffers:           21960 kB
Cached:           285612 kB
MemTotal:        1844596 kB
MemFree:         1379792 kB
MemAvailable:    1556944 kB
Buffers:           21960 kB
Cached:           285612 kB
MemTotal:        1844596 kB
MemFree:         1379060 kB
MemAvailable:    1556212 kB
Buffers:           21960 kB
Cached:           285612 kB
MemTotal:        1844596 kB
MemFree:         1378240 kB
MemAvailable:    1555392 kB
Buffers:           21960 kB
Cached:           285612 kB
MemTotal:        1844596 kB
MemFree:         1379424 kB
MemAvailable:    1556576 kB
Buffers:           21960 kB
Cached:           285612 kB
MemTotal:        1844596 kB
MemFree:         1379236 kB
MemAvailable:    1556388 kB
Buffers:           21960 kB
Cached:           285612 kB
MemTotal:        1844596 kB
MemFree:         1378104 kB
MemAvailable:    1555256 kB
Buffers:           21960 kB
Cached:           285612 kB
MemTotal:        1844596 kB
MemFree:         1378104 kB
MemAvailable:    1555256 kB
Buffers:           21960 kB
Cached:           285612 kB
MemTotal:        1844596 kB
MemFree:         1379232 kB
MemAvailable:    1556384 kB
Buffers:           21960 kB
Cached:           285612 kB
MemTotal:        1844596 kB
MemFree:         1379268 kB
MemAvailable:    1556420 kB
Buffers:           21960 kB
Cached:           285612 kB
MemTotal:        1844596 kB
MemFree:         1379420 kB
MemAvailable:    1556572 kB
Buffers:           21960 kB
Cached:           285612 kB
MemTotal:        1844596 kB
MemFree:         1379504 kB
MemAvailable:    1556656 kB
Buffers:           21960 kB
Cached:           285612 kB
MemTotal:        1844596 kB
MemFree:         1378116 kB
MemAvailable:    1555268 kB
Buffers:           21960 kB
Cached:           285612 kB
MemTotal:        1844596 kB
MemFree:         1377868 kB
MemAvailable:    1555020 kB
Buffers:           21960 kB
Cached:           285612 kB
MemTotal:        1844596 kB
MemFree:         1377868 kB
MemAvailable:    1555020 kB
Buffers:           21960 kB
Cached:           285612 kB
MemTotal:        1844596 kB
MemFree:         1378976 kB
MemAvailable:    1556128 kB
Buffers:           21960 kB
Cached:           285612 kB
MemTotal:        1844596 kB
MemFree:         1379232 kB
MemAvailable:    1556384 kB
Buffers:           21960 kB
Cached:           285612 kB
MemTotal:        1844596 kB
MemFree:         1377620 kB
MemAvailable:    1554772 kB
Buffers:           21960 kB
Cached:           285612 kB
MemTotal:        1844596 kB
MemFree:         1377364 kB
MemAvailable:    1554516 kB
Buffers:           21960 kB
Cached:           285612 kB
MemTotal:        1844596 kB
MemFree:         1377496 kB
MemAvailable:    1554648 kB
Buffers:           21960 kB
Cached:           285612 kB
MemTotal:        1844596 kB
MemFree:         1378672 kB
MemAvailable:    1555824 kB
Buffers:           21960 kB
Cached:           285612 kB
MemTotal:        1844596 kB
MemFree:         1378416 kB
MemAvailable:    1555568 kB
Buffers:           21960 kB
Cached:           285612 kB
MemTotal:        1844596 kB
MemFree:         1377372 kB
MemAvailable:    1554524 kB
Buffers:           21960 kB
Cached:           285612 kB
MemTotal:        1844596 kB
MemFree:         1378184 kB
MemAvailable:    1555336 kB
Buffers:           21960 kB
Cached:           285612 kB
MemTotal:        1844596 kB
MemFree:         1376944 kB
MemAvailable:    1554096 kB
Buffers:           21960 kB
Cached:           285612 kB
MemTotal:        1844596 kB
MemFree:         1378404 kB
MemAvailable:    1555556 kB
Buffers:           21960 kB
Cached:           285612 kB
MemTotal:        1844596 kB
MemFree:         1376976 kB
MemAvailable:    1554128 kB
Buffers:           21960 kB
Cached:           285612 kB
MemTotal:        1844596 kB
MemFree:         1378300 kB
MemAvailable:    1555452 kB
Buffers:           21960 kB
Cached:           285612 kB
MemTotal:        1844596 kB
MemFree:         1378352 kB
MemAvailable:    1555504 kB
Buffers:           21960 kB
Cached:           285612 kB
MemTotal:        1844596 kB
MemFree:         1375380 kB
MemAvailable:    1552532 kB
Buffers:           21960 kB
Cached:           285612 kB
MemTotal:        1844596 kB
MemFree:         1372784 kB
MemAvailable:    1549936 kB
Buffers:           21960 kB
Cached:           285612 kB
MemTotal:        1844596 kB
MemFree:         1371852 kB
MemAvailable:    1549004 kB
Buffers:           21960 kB
Cached:           285612 kB
MemTotal:        1844596 kB
MemFree:         1370544 kB
MemAvailable:    1547696 kB
Buffers:           21960 kB
Cached:           285612 kB
MemTotal:        1844596 kB
MemFree:         1369940 kB
MemAvailable:    1547092 kB
Buffers:           21960 kB
Cached:           285612 kB
MemTotal:        1844596 kB
MemFree:         1370472 kB
MemAvailable:    1547624 kB
Buffers:           21960 kB
Cached:           285612 kB
MemTotal:        1844596 kB
MemFree:         1369132 kB
MemAvailable:    1546284 kB
Buffers:           21960 kB
Cached:           285612 kB
MemTotal:        1844596 kB
MemFree:         1369044 kB
MemAvailable:    1546196 kB
Buffers:           21960 kB
Cached:           285612 kB
MemTotal:        1844596 kB
MemFree:         1370224 kB
MemAvailable:    1547376 kB
Buffers:           21960 kB
Cached:           285612 kB
MemTotal:        1844596 kB
MemFree:         1370056 kB
MemAvailable:    1547208 kB
Buffers:           21960 kB
Cached:           285612 kB
MemTotal:        1844596 kB
MemFree:         1370344 kB
MemAvailable:    1547496 kB
Buffers:           21960 kB
Cached:           285612 kB
MemTotal:        1844596 kB
MemFree:         1369056 kB
MemAvailable:    1546208 kB
Buffers:           21960 kB
Cached:           285612 kB
MemTotal:        1844596 kB
MemFree:         1370364 kB
MemAvailable:    1547516 kB
Buffers:           21960 kB
Cached:           285612 kB
MemTotal:        1844596 kB
MemFree:         1370172 kB
MemAvailable:    1547324 kB
Buffers:           21960 kB
Cached:           285612 kB
MemTotal:        1844596 kB
MemFree:         1370312 kB
MemAvailable:    1547464 kB
Buffers:           21960 kB
Cached:           285612 kB
MemTotal:        1844596 kB
MemFree:         1369056 kB
MemAvailable:    1546208 kB
Buffers:           21960 kB
Cached:           285612 kB
MemTotal:        1844596 kB
MemFree:         1369056 kB
MemAvailable:    1546208 kB
Buffers:           21960 kB
Cached:           285612 kB
MemTotal:        1844596 kB
MemFree:         1370240 kB
MemAvailable:    1547392 kB
Buffers:           21960 kB
Cached:           285612 kB
MemTotal:        1844596 kB
MemFree:         1370056 kB
MemAvailable:    1547208 kB
Buffers:           21960 kB
Cached:           285612 kB
MemTotal:        1844596 kB
MemFree:         1369132 kB
MemAvailable:    1546284 kB
Buffers:           21960 kB
Cached:           285612 kB
MemTotal:        1844596 kB
MemFree:         1369932 kB
MemAvailable:    1547084 kB
Buffers:           21960 kB
Cached:           285612 kB
MemTotal:        1844596 kB
MemFree:         1369296 kB
MemAvailable:    1546448 kB
Buffers:           21960 kB
Cached:           285612 kB
MemTotal:        1844596 kB
MemFree:         1369064 kB
MemAvailable:    1546216 kB
Buffers:           21960 kB
Cached:           285612 kB
MemTotal:        1844596 kB
MemFree:         1368816 kB
MemAvailable:    1545968 kB
Buffers:           21960 kB
Cached:           285612 kB
MemTotal:        1844596 kB
MemFree:         1368520 kB
MemAvailable:    1545672 kB
Buffers:           21960 kB
Cached:           285612 kB
MemTotal:        1844596 kB
MemFree:         1368576 kB
MemAvailable:    1545728 kB
Buffers:           21960 kB
Cached:           285612 kB
MemTotal:        1844596 kB
MemFree:         1368364 kB
MemAvailable:    1545516 kB
Buffers:           21960 kB
Cached:           285612 kB
MemTotal:        1844596 kB
MemFree:         1366460 kB
MemAvailable:    1543612 kB
Buffers:           21960 kB
Cached:           285612 kB
MemTotal:        1844596 kB
MemFree:         1367264 kB
MemAvailable:    1544416 kB
Buffers:           21960 kB
Cached:           285612 kB
MemTotal:        1844596 kB
MemFree:         1367204 kB
MemAvailable:    1544356 kB
Buffers:           21968 kB
Cached:           285604 kB
MemTotal:        1844596 kB
MemFree:         1366816 kB
MemAvailable:    1543968 kB
Buffers:           21972 kB
Cached:           285600 kB
MemTotal:        1844596 kB
MemFree:         1367152 kB
MemAvailable:    1544304 kB
Buffers:           21972 kB
Cached:           285600 kB
MemTotal:        1844596 kB
MemFree:         1365584 kB
MemAvailable:    1542736 kB
Buffers:           21972 kB
Cached:           285600 kB
MemTotal:        1844596 kB
MemFree:         1366568 kB
MemAvailable:    1543720 kB
Buffers:           21972 kB
Cached:           285600 kB
MemTotal:        1844596 kB
MemFree:         1366088 kB
MemAvailable:    1543240 kB
Buffers:           21972 kB
Cached:           285600 kB
MemTotal:        1844596 kB
MemFree:         1366280 kB
MemAvailable:    1543432 kB
Buffers:           21972 kB
Cached:           285600 kB
MemTotal:        1844596 kB
MemFree:         1366464 kB
MemAvailable:    1543616 kB
Buffers:           21972 kB
Cached:           285600 kB
MemTotal:        1844596 kB
MemFree:         1366320 kB
MemAvailable:    1543472 kB
Buffers:           21972 kB
Cached:           285600 kB
MemTotal:        1844596 kB
MemFree:         1366460 kB
MemAvailable:    1543612 kB
Buffers:           21972 kB
Cached:           285600 kB
MemTotal:        1844596 kB
MemFree:         1366472 kB
MemAvailable:    1543644 kB
Buffers:           21972 kB
Cached:           285620 kB
MemTotal:        1844596 kB
MemFree:         1366328 kB
MemAvailable:    1543500 kB
Buffers:           21972 kB
Cached:           285620 kB
MemTotal:        1844596 kB
MemFree:         1366664 kB
MemAvailable:    1543836 kB
Buffers:           21972 kB
Cached:           285620 kB
MemTotal:        1844596 kB
MemFree:         1366088 kB
MemAvailable:    1543260 kB
Buffers:           21972 kB
Cached:           285620 kB
MemTotal:        1844596 kB
MemFree:         1365088 kB
MemAvailable:    1542260 kB
Buffers:           21972 kB
Cached:           285620 kB
MemTotal:        1844596 kB
MemFree:         1364716 kB
MemAvailable:    1541888 kB
Buffers:           21972 kB
Cached:           285620 kB
MemTotal:        1844596 kB
MemFree:         1358640 kB
MemAvailable:    1535812 kB
Buffers:           21972 kB
Cached:           285620 kB
MemTotal:        1844596 kB
MemFree:         1357104 kB
MemAvailable:    1534276 kB
Buffers:           21972 kB
Cached:           285620 kB
MemTotal:        1844596 kB
MemFree:         1357264 kB
MemAvailable:    1534436 kB
Buffers:           21972 kB
Cached:           285620 kB
MemTotal:        1844596 kB
MemFree:         1358464 kB
MemAvailable:    1535636 kB
Buffers:           21972 kB
Cached:           285620 kB
MemTotal:        1844596 kB
MemFree:         1358488 kB
MemAvailable:    1535660 kB
Buffers:           21972 kB
Cached:           285620 kB
MemTotal:        1844596 kB
MemFree:         1358276 kB
MemAvailable:    1535448 kB
Buffers:           21972 kB
Cached:           285620 kB
MemTotal:        1844596 kB
MemFree:         1357352 kB
MemAvailable:    1534524 kB
Buffers:           21972 kB
Cached:           285620 kB
MemTotal:        1844596 kB
MemFree:         1357352 kB
MemAvailable:    1534524 kB
Buffers:           21972 kB
Cached:           285620 kB
MemTotal:        1844596 kB
MemFree:         1360376 kB
MemAvailable:    1537548 kB
Buffers:           21972 kB
Cached:           285620 kB
MemTotal:        1844596 kB
MemFree:         1359200 kB
MemAvailable:    1536456 kB
Buffers:           21972 kB
Cached:           285744 kB
MemTotal:        1844596 kB
MemFree:         1360308 kB
MemAvailable:    1537732 kB
Buffers:           21972 kB
Cached:           285868 kB
MemTotal:        1844596 kB
MemFree:         1360392 kB
MemAvailable:    1537816 kB
Buffers:           21972 kB
Cached:           285868 kB
MemTotal:        1844596 kB
MemFree:         1359152 kB
MemAvailable:    1536660 kB
Buffers:           21972 kB
Cached:           285992 kB
MemTotal:        1844596 kB
MemFree:         1359144 kB
MemAvailable:    1536736 kB
Buffers:           21972 kB
Cached:           286116 kB
MemTotal:        1844596 kB
MemFree:         1359020 kB
MemAvailable:    1536696 kB
Buffers:           21972 kB
Cached:           286240 kB
MemTotal:        1844596 kB
MemFree:         1360072 kB
MemAvailable:    1537832 kB
Buffers:           21972 kB
Cached:           286240 kB
MemTotal:        1844596 kB
MemFree:         1359748 kB
MemAvailable:    1537508 kB
Buffers:           21972 kB
Cached:           286240 kB
MemTotal:        1844596 kB
MemFree:         1359772 kB
MemAvailable:    1537532 kB
Buffers:           21972 kB
Cached:           286240 kB
MemTotal:        1844596 kB
MemFree:         1359776 kB
MemAvailable:    1537536 kB
Buffers:           21972 kB
Cached:           286240 kB
MemTotal:        1844596 kB
MemFree:         1359772 kB
MemAvailable:    1537532 kB
Buffers:           21972 kB
Cached:           286240 kB
MemTotal:        1844596 kB
MemFree:         1359020 kB
MemAvailable:    1536780 kB
Buffers:           21972 kB
Cached:           286240 kB
MemTotal:        1844596 kB
MemFree:         1359584 kB
MemAvailable:    1537392 kB
Buffers:           21972 kB
Cached:           286252 kB
MemTotal:        1844596 kB
MemFree:         1358940 kB
MemAvailable:    1536748 kB
Buffers:           21972 kB
Cached:           286252 kB
MemTotal:        1844596 kB
MemFree:         1359652 kB
MemAvailable:    1537544 kB
Buffers:           21972 kB
Cached:           286292 kB
MemTotal:        1844596 kB
MemFree:         1358972 kB
MemAvailable:    1536192 kB
Buffers:           21972 kB
Cached:           285620 kB
MemTotal:        1844596 kB
MemFree:         1427656 kB
MemAvailable:    1604876 kB
Buffers:           21972 kB
Cached:           285620 kB
