MemTotal:        1844596 kB
MemFree:         1397184 kB
MemAvailable:    1583940 kB
Buffers:           29336 kB
Cached:           273936 kB
MemTotal:        1844596 kB
MemFree:         1368492 kB
MemAvailable:    1555252 kB
Buffers:           29336 kB
Cached:           273940 kB
MemTotal:        1844596 kB
MemFree:         1367708 kB
MemAvailable:    1554468 kB
Buffers:           29336 kB
Cached:           273940 kB
MemTotal:        1844596 kB
MemFree:         1367444 kB
MemAvailable:    1554204 kB
Buffers:           29336 kB
Cached:           273940 kB
MemTotal:        1844596 kB
MemFree:         1366028 kB
MemAvailable:    1552788 kB
Buffers:           29336 kB
Cached:           273940 kB
MemTotal:        1844596 kB
MemFree:         1364672 kB
MemAvailable:    1551432 kB
Buffers:           29336 kB
Cached:           273940 kB
MemTotal:        1844596 kB
MemFree:         1365540 kB
MemAvailable:    1552300 kB
Buffers:           29336 kB
Cached:           273940 kB
MemTotal:        1844596 kB
MemFree:         1362564 kB
MemAvailable:    1549324 kB
Buffers:           29336 kB
Cached:           273940 kB
MemTotal:        1844596 kB
MemFree:         1359456 kB
MemAvailable:    1546216 kB
Buffers:           29336 kB
Cached:           273940 kB
MemTotal:        1844596 kB
MemFree:         1359708 kB
MemAvailable:    1546468 kB
Buffers:           29336 kB
Cached:           273940 kB
MemTotal:        1844596 kB
MemFree:         1353504 kB
MemAvailable:    1540264 kB
Buffers:           29336 kB
Cached:           273940 kB
MemTotal:        1844596 kB
MemFree:         1355896 kB
MemAvailable:    1542656 kB
Buffers:           29336 kB
Cached:           273940 kB
MemTotal:        1844596 kB
MemFree:         1355896 kB
MemAvailable:    1542656 kB
Buffers:           29336 kB
Cached:           273940 kB
MemTotal:        1844596 kB
MemFree:         1354720 kB
MemAvailable:    1541480 kB
Buffers:           29336 kB
Cached:           273940 kB
MemTotal:        1844596 kB
MemFree:         1354704 kB
MemAvailable:    1541464 kB
Buffers:           29336 kB
Cached:           273940 kB
MemTotal:        1844596 kB
MemFree:         1356068 kB
MemAvailable:    1542828 kB
Buffers:           29336 kB
Cached:           273940 kB
MemTotal:        1844596 kB
MemFree:         1354876 kB
MemAvailable:    1541636 kB
Buffers:           29336 kB
Cached:           273940 kB
MemTotal:        1844596 kB
MemFree:         1353132 kB
MemAvailable:    1539892 kB
Buffers:           29336 kB
Cached:           273940 kB
MemTotal:        1844596 kB
MemFree:         1353812 kB
MemAvailable:    1540572 kB
Buffers:           29336 kB
Cached:           273940 kB
MemTotal:        1844596 kB
MemFree:         1353820 kB
MemAvailable:    1540580 kB
Buffers:           29336 kB
Cached:           273940 kB
MemTotal:        1844596 kB
MemFree:         1352520 kB
MemAvailable:    1539280 kB
Buffers:           29336 kB
Cached:           273940 kB
MemTotal:        1844596 kB
MemFree:         1353448 kB
MemAvailable:    1540208 kB
Buffers:           29336 kB
Cached:           273940 kB
MemTotal:        1844596 kB
MemFree:         1353264 kB
MemAvailable:    1540024 kB
Buffers:           29336 kB
Cached:           273940 kB
MemTotal:        1844596 kB
MemFree:         1352076 kB
MemAvailable:    1538836 kB
Buffers:           29336 kB
Cached:           273940 kB
MemTotal:        1844596 kB
MemFree:         1353484 kB
MemAvailable:    1540244 kB
Buffers:           29336 kB
Cached:           273940 kB
MemTotal:        1844596 kB
MemFree:         1353388 kB
MemAvailable:    1540148 kB
Buffers:           29336 kB
Cached:           273940 kB
MemTotal:        1844596 kB
MemFree:         1354796 kB
MemAvailable:    1541556 kB
Buffers:           29336 kB
Cached:           273940 kB
MemTotal:        1844596 kB
MemFree:         1354956 kB
MemAvailable:    1541716 kB
Buffers:           29336 kB
Cached:           273940 kB
MemTotal:        1844596 kB
MemFree:         1353132 kB
MemAvailable:    1539892 kB
Buffers:           29336 kB
Cached:           273940 kB
MemTotal:        1844596 kB
MemFree:         1351588 kB
MemAvailable:    1538348 kB
Buffers:           29336 kB
Cached:           273940 kB
MemTotal:        1844596 kB
MemFree:         1351280 kB
MemAvailable:    1538040 kB
Buffers:           29336 kB
Cached:           273940 kB
MemTotal:        1844596 kB
MemFree:         1350032 kB
MemAvailable:    1536792 kB
Buffers:           29336 kB
Cached:           273940 kB
MemTotal:        1844596 kB
MemFree:         1350472 kB
MemAvailable:    1537232 kB
Buffers:           29336 kB
Cached:           273940 kB
MemTotal:        1844596 kB
MemFree:         1349604 kB
MemAvailable:    1536364 kB
Buffers:           29336 kB
Cached:           273940 kB
MemTotal:        1844596 kB
MemFree:         1347876 kB
MemAvailable:    1534636 kB
Buffers:           29336 kB
Cached:           273940 kB
MemTotal:        1844596 kB
MemFree:         1348116 kB
MemAvailable:    1534876 kB
Buffers:           29336 kB
Cached:           273940 kB
MemTotal:        1844596 kB
MemFree:         1349240 kB
MemAvailable:    1536000 kB
Buffers:           29336 kB
Cached:           273940 kB
MemTotal:        1844596 kB
MemFree:         1348160 kB
MemAvailable:    1534920 kB
Buffers:           29336 kB
Cached:           273940 kB
MemTotal:        1844596 kB
MemFree:         1349396 kB
MemAvailable:    1536156 kB
Buffers:           29336 kB
Cached:           273940 kB
MemTotal:        1844596 kB
MemFree:         1348056 kB
MemAvailable:    1534816 kB
Buffers:           29336 kB
Cached:           273940 kB
MemTotal:        1844596 kB
MemFree:         1348924 kB
MemAvailable:    1535684 kB
Buffers:           29336 kB
Cached:           273940 kB
MemTotal:        1844596 kB
MemFree:         1348792 kB
MemAvailable:    1535552 kB
Buffers:           29336 kB
Cached:           273940 kB
MemTotal:        1844596 kB
MemFree:         1348248 kB
MemAvailable:    1535008 kB
Buffers:           29336 kB
Cached:           273940 kB
MemTotal:        1844596 kB
MemFree:         1348512 kB
MemAvailable:    1535272 kB
Buffers:           29336 kB
Cached:           273940 kB
MemTotal:        1844596 kB
MemFree:         1348364 kB
MemAvailable:    1535124 kB
Buffers:           29336 kB
Cached:           273940 kB
MemTotal:        1844596 kB
MemFree:         1347188 kB
MemAvailable:    1533948 kB
Buffers:           29336 kB
Cached:           273940 kB
MemTotal:        1844596 kB
MemFree:         1347312 kB
MemAvailable:    1534072 kB
Buffers:           29336 kB
Cached:           273940 kB
MemTotal:        1844596 kB
MemFree:         1348280 kB
MemAvailable:    1535040 kB
Buffers:           29336 kB
Cached:           273940 kB
MemTotal:        1844596 kB
MemFree:         1348364 kB
MemAvailable:    1535124 kB
Buffers:           29336 kB
Cached:           273940 kB
MemTotal:        1844596 kB
MemFree:         1348336 kB
MemAvailable:    1535096 kB
Buffers:           29336 kB
Cached:           273940 kB
MemTotal:        1844596 kB
MemFree:         1348172 kB
MemAvailable:    1534932 kB
Buffers:           29336 kB
Cached:           273940 kB
MemTotal:        1844596 kB
MemFree:         1348132 kB
MemAvailable:    1534892 kB
Buffers:           29336 kB
Cached:           273940 kB
MemTotal:        1844596 kB
MemFree:         1347932 kB
MemAvailable:    1534692 kB
Buffers:           29336 kB
Cached:           273940 kB
MemTotal:        1844596 kB
MemFree:         1347920 kB
MemAvailable:    1534680 kB
Buffers:           29336 kB
Cached:           273940 kB
MemTotal:        1844596 kB
MemFree:         1347912 kB
MemAvailable:    1534672 kB
Buffers:           29336 kB
Cached:           273940 kB
MemTotal:        1844596 kB
MemFree:         1347676 kB
MemAvailable:    1534436 kB
Buffers:           29336 kB
Cached:           273940 kB
MemTotal:        1844596 kB
MemFree:         1347644 kB
MemAvailable:    1534404 kB
Buffers:           29336 kB
Cached:           273940 kB
MemTotal:        1844596 kB
MemFree:         1346156 kB
MemAvailable:    1532916 kB
Buffers:           29336 kB
Cached:           273940 kB
MemTotal:        1844596 kB
MemFree:         1346280 kB
MemAvailable:    1533040 kB
Buffers:           29336 kB
Cached:           273940 kB
MemTotal:        1844596 kB
MemFree:         1346280 kB
MemAvailable:    1533040 kB
Buffers:           29336 kB
Cached:           273940 kB
MemTotal:        1844596 kB
MemFree:         1346272 kB
MemAvailable:    1533032 kB
Buffers:           29336 kB
Cached:           273940 kB
MemTotal:        1844596 kB
MemFree:         1347644 kB
MemAvailable:    1534404 kB
Buffers:           29336 kB
Cached:           273940 kB
MemTotal:        1844596 kB
MemFree:         1347448 kB
MemAvailable:    1534208 kB
Buffers:           29336 kB
Cached:           273940 kB
MemTotal:        1844596 kB
MemFree:         1347448 kB
MemAvailable:    1534208 kB
Buffers:           29336 kB
Cached:           273940 kB
MemTotal:        1844596 kB
MemFree:         1347316 kB
MemAvailable:    1534076 kB
Buffers:           29336 kB
Cached:           273940 kB
MemTotal:        1844596 kB
MemFree:         1347284 kB
MemAvailable:    1534044 kB
Buffers:           29336 kB
Cached:           273940 kB
MemTotal:        1844596 kB
MemFree:         1343832 kB
MemAvailable:    1530592 kB
Buffers:           29336 kB
Cached:           273940 kB
MemTotal:        1844596 kB
MemFree:         1341048 kB
MemAvailable:    1527808 kB
Buffers:           29336 kB
Cached:           273940 kB
MemTotal:        1844596 kB
MemFree:         1338756 kB
MemAvailable:    1525516 kB
Buffers:           29336 kB
Cached:           273940 kB
MemTotal:        1844596 kB
MemFree:         1339484 kB
MemAvailable:    1526244 kB
Buffers:           29336 kB
Cached:           273940 kB
MemTotal:        1844596 kB
MemFree:         1339128 kB
MemAvailable:    1525888 kB
Buffers:           29336 kB
Cached:           273940 kB
MemTotal:        1844596 kB
MemFree:         1339432 kB
MemAvailable:    1526192 kB
Buffers:           29336 kB
Cached:           273940 kB
MemTotal:        1844596 kB
MemFree:         1339600 kB
MemAvailable:    1526360 kB
Buffers:           29336 kB
Cached:           273940 kB
MemTotal:        1844596 kB
MemFree:         1339372 kB
MemAvailable:    1526132 kB
Buffers:           29336 kB
Cached:           273940 kB
MemTotal:        1844596 kB
MemFree:         1339404 kB
MemAvailable:    1526164 kB
Buffers:           29336 kB
Cached:           273940 kB
MemTotal:        1844596 kB
MemFree:         1339576 kB
MemAvailable:    1526336 kB
Buffers:           29336 kB
Cached:           273940 kB
MemTotal:        1844596 kB
MemFree:         1339380 kB
MemAvailable:    1526140 kB
Buffers:           29336 kB
Cached:           273940 kB
MemTotal:        1844596 kB
MemFree:         1338116 kB
MemAvailable:    1524876 kB
Buffers:           29336 kB
Cached:           273940 kB
MemTotal:        1844596 kB
MemFree:         1339300 kB
MemAvailable:    1526060 kB
Buffers:           29336 kB
Cached:           273940 kB
MemTotal:        1844596 kB
MemFree:         1339376 kB
MemAvailable:    1526136 kB
Buffers:           29336 kB
Cached:           273940 kB
MemTotal:        1844596 kB
MemFree:         1339348 kB
MemAvailable:    1526108 kB
Buffers:           29336 kB
Cached:           273940 kB
MemTotal:        1844596 kB
MemFree:         1339600 kB
MemAvailable:    1526360 kB
Buffers:           29336 kB
Cached:           273940 kB
MemTotal:        1844596 kB
MemFree:         1338988 kB
MemAvailable:    1525748 kB
Buffers:           29336 kB
Cached:           273940 kB
MemTotal:        1844596 kB
MemFree:         1338004 kB
MemAvailable:    1524764 kB
Buffers:           29336 kB
Cached:           273940 kB
MemTotal:        1844596 kB
MemFree:         1337444 kB
MemAvailable:    1524208 kB
Buffers:           29336 kB
Cached:           273944 kB
MemTotal:        1844596 kB
MemFree:         1338692 kB
MemAvailable:    1525456 kB
Buffers:           29336 kB
Cached:           273944 kB
MemTotal:        1844596 kB
MemFree:         1336896 kB
MemAvailable:    1523664 kB
Buffers:           29336 kB
Cached:           273948 kB
MemTotal:        1844596 kB
MemFree:         1336772 kB
MemAvailable:    1523540 kB
Buffers:           29336 kB
Cached:           273948 kB
MemTotal:        1844596 kB
MemFree:         1337640 kB
MemAvailable:    1524408 kB
Buffers:           29336 kB
Cached:           273948 kB
MemTotal:        1844596 kB
MemFree:         1335524 kB
MemAvailable:    1522292 kB
Buffers:           29336 kB
Cached:           273948 kB
MemTotal:        1844596 kB
MemFree:         1336832 kB
MemAvailable:    1523600 kB
Buffers:           29336 kB
Cached:           273948 kB
MemTotal:        1844596 kB
MemFree:         1335896 kB
MemAvailable:    1522664 kB
Buffers:           29336 kB
Cached:           273948 kB
MemTotal:        1844596 kB
MemFree:         1335912 kB
MemAvailable:    1522680 kB
Buffers:           29336 kB
Cached:           273948 kB
MemTotal:        1844596 kB
MemFree:         1335592 kB
MemAvailable:    1522360 kB
Buffers:           29336 kB
Cached:           273948 kB
MemTotal:        1844596 kB
MemFree:         1335928 kB
MemAvailable:    1522696 kB
Buffers:           29336 kB
Cached:           273948 kB
MemTotal:        1844596 kB
MemFree:         1335460 kB
MemAvailable:    1522228 kB
Buffers:           29336 kB
Cached:           273948 kB
MemTotal:        1844596 kB
MemFree:         1335508 kB
MemAvailable:    1522276 kB
Buffers:           29336 kB
Cached:           273948 kB
MemTotal:        1844596 kB
MemFree:         1334468 kB
MemAvailable:    1521236 kB
Buffers:           29336 kB
Cached:           273948 kB
MemTotal:        1844596 kB
MemFree:         1335520 kB
MemAvailable:    1522288 kB
Buffers:           29336 kB
Cached:           273948 kB
MemTotal:        1844596 kB
MemFree:         1335392 kB
MemAvailable:    1522160 kB
Buffers:           29336 kB
Cached:           273948 kB
MemTotal:        1844596 kB
MemFree:         1335284 kB
MemAvailable:    1522052 kB
Buffers:           29336 kB
Cached:           273948 kB
MemTotal:        1844596 kB
MemFree:         1335656 kB
MemAvailable:    1522424 kB
Buffers:           29336 kB
Cached:           273948 kB
MemTotal:        1844596 kB
MemFree:         1335236 kB
MemAvailable:    1522004 kB
Buffers:           29336 kB
Cached:           273948 kB
MemTotal:        1844596 kB
MemFree:         1335080 kB
MemAvailable:    1521848 kB
Buffers:           29336 kB
Cached:           273948 kB
MemTotal:        1844596 kB
MemFree:         1334028 kB
MemAvailable:    1520796 kB
Buffers:           29336 kB
Cached:           273948 kB
MemTotal:        1844596 kB
MemFree:         1327100 kB
MemAvailable:    1513868 kB
Buffers:           29336 kB
Cached:           273948 kB
MemTotal:        1844596 kB
MemFree:         1327968 kB
MemAvailable:    1514736 kB
Buffers:           29336 kB
Cached:           273948 kB
MemTotal:        1844596 kB
MemFree:         1328028 kB
MemAvailable:    1514796 kB
Buffers:           29336 kB
Cached:           273948 kB
MemTotal:        1844596 kB
MemFree:         1327828 kB
MemAvailable:    1514596 kB
Buffers:           29336 kB
Cached:           273948 kB
MemTotal:        1844596 kB
MemFree:         1327596 kB
MemAvailable:    1514364 kB
Buffers:           29336 kB
Cached:           273948 kB
MemTotal:        1844596 kB
MemFree:         1327540 kB
MemAvailable:    1514308 kB
Buffers:           29336 kB
Cached:           273948 kB
MemTotal:        1844596 kB
MemFree:         1328560 kB
MemAvailable:    1515328 kB
Buffers:           29336 kB
Cached:           273948 kB
MemTotal:        1844596 kB
MemFree:         1328084 kB
MemAvailable:    1514852 kB
Buffers:           29336 kB
Cached:           273948 kB
MemTotal:        1844596 kB
MemFree:         1329168 kB
MemAvailable:    1516104 kB
Buffers:           29336 kB
Cached:           274072 kB
MemTotal:        1844596 kB
MemFree:         1328880 kB
MemAvailable:    1515900 kB
Buffers:           29336 kB
Cached:           274196 kB
MemTotal:        1844596 kB
MemFree:         1328636 kB
MemAvailable:    1515824 kB
Buffers:           29336 kB
Cached:           274444 kB
MemTotal:        1844596 kB
MemFree:         1328888 kB
MemAvailable:    1516076 kB
Buffers:           29336 kB
Cached:           274444 kB
MemTotal:        1844596 kB
MemFree:         1328572 kB
MemAvailable:    1515844 kB
Buffers:           29336 kB
Cached:           274568 kB
MemTotal:        1844596 kB
MemFree:         1327348 kB
MemAvailable:    1514704 kB
Buffers:           29336 kB
Cached:           274692 kB
MemTotal:        1844596 kB
MemFree:         1328448 kB
MemAvailable:    1515852 kB
Buffers:           29336 kB
Cached:           274660 kB
MemTotal:        1844596 kB
MemFree:         1327968 kB
MemAvailable:    1515372 kB
Buffers:           29336 kB
Cached:           274660 kB
MemTotal:        1844596 kB
MemFree:         1327168 kB
MemAvailable:    1514572 kB
Buffers:           29336 kB
Cached:           274660 kB
MemTotal:        1844596 kB
MemFree:         1327168 kB
MemAvailable:    1514572 kB
Buffers:           29336 kB
Cached:           274660 kB
MemTotal:        1844596 kB
MemFree:         1327168 kB
MemAvailable:    1514572 kB
Buffers:           29336 kB
Cached:           274660 kB
MemTotal:        1844596 kB
MemFree:         1328576 kB
MemAvailable:    1515980 kB
Buffers:           29336 kB
Cached:           274660 kB
MemTotal:        1844596 kB
MemFree:         1328380 kB
MemAvailable:    1515868 kB
Buffers:           29336 kB
Cached:           274784 kB
MemTotal:        1844596 kB
MemFree:         1393008 kB
MemAvailable:    1579824 kB
Buffers:           29336 kB
Cached:           274028 kB
MemTotal:        1844596 kB
MemFree:         1393008 kB
MemAvailable:    1579824 kB
Buffers:           29336 kB
Cached:           274028 kB
