MemTotal:        1844596 kB
MemFree:         1272460 kB
MemAvailable:    1569504 kB
Buffers:           45388 kB
Cached:           369124 kB
MemTotal:        1844596 kB
MemFree:         1244956 kB
MemAvailable:    1542016 kB
Buffers:           45388 kB
Cached:           369140 kB
MemTotal:        1844596 kB
MemFree:         1243584 kB
MemAvailable:    1540644 kB
Buffers:           45388 kB
Cached:           369140 kB
MemTotal:        1844596 kB
MemFree:         1242908 kB
MemAvailable:    1539968 kB
Buffers:           45388 kB
Cached:           369140 kB
MemTotal:        1844596 kB
MemFree:         1242964 kB
MemAvailable:    1540024 kB
Buffers:           45388 kB
Cached:           369140 kB
MemTotal:        1844596 kB
MemFree:         1240244 kB
MemAvailable:    1537304 kB
Buffers:           45388 kB
Cached:           369140 kB
MemTotal:        1844596 kB
MemFree:         1239748 kB
MemAvailable:    1536808 kB
Buffers:           45388 kB
Cached:           369140 kB
MemTotal:        1844596 kB
MemFree:         1236896 kB
MemAvailable:    1533956 kB
Buffers:           45388 kB
Cached:           369140 kB
MemTotal:        1844596 kB
MemFree:         1234656 kB
MemAvailable:    1531716 kB
Buffers:           45388 kB
Cached:           369140 kB
MemTotal:        1844596 kB
MemFree:         1230308 kB
MemAvailable:    1527368 kB
Buffers:           45388 kB
Cached:           369140 kB
MemTotal:        1844596 kB
MemFree:         1231484 kB
MemAvailable:    1528544 kB
Buffers:           45388 kB
Cached:           369140 kB
MemTotal:        1844596 kB
MemFree:         1230544 kB
MemAvailable:    1527604 kB
Buffers:           45388 kB
Cached:           369140 kB
MemTotal:        1844596 kB
MemFree:         1230152 kB
MemAvailable:    1527212 kB
Buffers:           45388 kB
Cached:           369140 kB
MemTotal:        1844596 kB
MemFree:         1230400 kB
MemAvailable:    1527460 kB
Buffers:           45388 kB
Cached:           369140 kB
MemTotal:        1844596 kB
MemFree:         1231576 kB
MemAvailable:    1528636 kB
Buffers:           45388 kB
Cached:           369140 kB
MemTotal:        1844596 kB
MemFree:         1230448 kB
MemAvailable:    1527508 kB
Buffers:           45388 kB
Cached:           369140 kB
MemTotal:        1844596 kB
MemFree:         1230260 kB
MemAvailable:    1527320 kB
Buffers:           45388 kB
Cached:           369140 kB
MemTotal:        1844596 kB
MemFree:         1228216 kB
MemAvailable:    1525276 kB
Buffers:           45388 kB
Cached:           369140 kB
MemTotal:        1844596 kB
MemFree:         1228092 kB
MemAvailable:    1525152 kB
Buffers:           45388 kB
Cached:           369140 kB
MemTotal:        1844596 kB
MemFree:         1227960 kB
MemAvailable:    1525020 kB
Buffers:           45388 kB
Cached:           369140 kB
MemTotal:        1844596 kB
MemFree:         1227788 kB
MemAvailable:    1524848 kB
Buffers:           45388 kB
Cached:           369140 kB
MemTotal:        1844596 kB
MemFree:         1227780 kB
MemAvailable:    1524840 kB
Buffers:           45388 kB
Cached:           369140 kB
MemTotal:        1844596 kB
MemFree:         1227824 kB
MemAvailable:    1524884 kB
Buffers:           45388 kB
Cached:           369140 kB
MemTotal:        1844596 kB
MemFree:         1227824 kB
MemAvailable:    1524884 kB
Buffers:           45388 kB
Cached:           369140 kB
MemTotal:        1844596 kB
MemFree:         1227784 kB
MemAvailable:    1524844 kB
Buffers:           45388 kB
Cached:           369140 kB
MemTotal:        1844596 kB
MemFree:         1230368 kB
MemAvailable:    1527428 kB
Buffers:           45388 kB
Cached:           369140 kB
MemTotal:        1844596 kB
MemFree:         1229208 kB
MemAvailable:    1526268 kB
Buffers:           45388 kB
Cached:           369140 kB
MemTotal:        1844596 kB
MemFree:         1229084 kB
MemAvailable:    1526144 kB
Buffers:           45388 kB
Cached:           369140 kB
MemTotal:        1844596 kB
MemFree:         1226232 kB
MemAvailable:    1523292 kB
Buffers:           45388 kB
Cached:           369140 kB
MemTotal:        1844596 kB
MemFree:         1225604 kB
MemAvailable:    1522664 kB
Buffers:           45388 kB
Cached:           369140 kB
MemTotal:        1844596 kB
MemFree:         1224992 kB
MemAvailable:    1522052 kB
Buffers:           45388 kB
Cached:           369140 kB
MemTotal:        1844596 kB
MemFree:         1224868 kB
MemAvailable:    1521928 kB
Buffers:           45388 kB
Cached:           369140 kB
MemTotal:        1844596 kB
MemFree:         1225176 kB
MemAvailable:    1522236 kB
Buffers:           45388 kB
Cached:           369140 kB
MemTotal:        1844596 kB
MemFree:         1223744 kB
MemAvailable:    1520804 kB
Buffers:           45388 kB
Cached:           369140 kB
MemTotal:        1844596 kB
MemFree:         1224928 kB
MemAvailable:    1521988 kB
Buffers:           45388 kB
Cached:           369140 kB
MemTotal:        1844596 kB
MemFree:         1224248 kB
MemAvailable:    1521308 kB
Buffers:           45388 kB
Cached:           369140 kB
MemTotal:        1844596 kB
MemFree:         1224872 kB
MemAvailable:    1521932 kB
Buffers:           45388 kB
Cached:           369140 kB
MemTotal:        1844596 kB
MemFree:         1223752 kB
MemAvailable:    1520812 kB
Buffers:           45388 kB
Cached:           369140 kB
MemTotal:        1844596 kB
MemFree:         1223752 kB
MemAvailable:    1520812 kB
Buffers:           45388 kB
Cached:           369140 kB
MemTotal:        1844596 kB
MemFree:         1223496 kB
MemAvailable:    1520560 kB
Buffers:           45388 kB
Cached:           369144 kB
MemTotal:        1844596 kB
MemFree:         1223248 kB
MemAvailable:    1520312 kB
Buffers:           45388 kB
Cached:           369144 kB
MemTotal:        1844596 kB
MemFree:         1222992 kB
MemAvailable:    1520056 kB
Buffers:           45388 kB
Cached:           369144 kB
MemTotal:        1844596 kB
MemFree:         1222612 kB
MemAvailable:    1519676 kB
Buffers:           45388 kB
Cached:           369144 kB
MemTotal:        1844596 kB
MemFree:         1222612 kB
MemAvailable:    1519676 kB
Buffers:           45388 kB
Cached:           369144 kB
MemTotal:        1844596 kB
MemFree:         1223820 kB
MemAvailable:    1520884 kB
Buffers:           45388 kB
Cached:           369144 kB
MemTotal:        1844596 kB
MemFree:         1223752 kB
MemAvailable:    1520816 kB
Buffers:           45388 kB
Cached:           369144 kB
MemTotal:        1844596 kB
MemFree:         1223988 kB
MemAvailable:    1521052 kB
Buffers:           45388 kB
Cached:           369144 kB
MemTotal:        1844596 kB
MemFree:         1223132 kB
MemAvailable:    1520196 kB
Buffers:           45388 kB
Cached:           369144 kB
MemTotal:        1844596 kB
MemFree:         1223780 kB
MemAvailable:    1520844 kB
Buffers:           45388 kB
Cached:           369144 kB
MemTotal:        1844596 kB
MemFree:         1224000 kB
MemAvailable:    1521064 kB
Buffers:           45388 kB
Cached:           369144 kB
MemTotal:        1844596 kB
MemFree:         1223680 kB
MemAvailable:    1520744 kB
Buffers:           45388 kB
Cached:           369144 kB
MemTotal:        1844596 kB
MemFree:         1224016 kB
MemAvailable:    1521080 kB
Buffers:           45388 kB
Cached:           369144 kB
MemTotal:        1844596 kB
MemFree:         1223716 kB
MemAvailable:    1520780 kB
Buffers:           45388 kB
Cached:           369144 kB
MemTotal:        1844596 kB
MemFree:         1223380 kB
MemAvailable:    1520444 kB
Buffers:           45388 kB
Cached:           369144 kB
MemTotal:        1844596 kB
MemFree:         1223364 kB
MemAvailable:    1520428 kB
Buffers:           45388 kB
Cached:           369144 kB
MemTotal:        1844596 kB
MemFree:         1222124 kB
MemAvailable:    1519188 kB
Buffers:           45388 kB
Cached:           369144 kB
MemTotal:        1844596 kB
MemFree:         1222116 kB
MemAvailable:    1519180 kB
Buffers:           45388 kB
Cached:           369144 kB
MemTotal:        1844596 kB
MemFree:         1223116 kB
MemAvailable:    1520180 kB
Buffers:           45388 kB
Cached:           369144 kB
MemTotal:        1844596 kB
MemFree:         1223116 kB
MemAvailable:    1520180 kB
Buffers:           45388 kB
Cached:           369144 kB
MemTotal:        1844596 kB
MemFree:         1221628 kB
MemAvailable:    1518692 kB
Buffers:           45388 kB
Cached:           369144 kB
MemTotal:        1844596 kB
MemFree:         1222980 kB
MemAvailable:    1520044 kB
Buffers:           45388 kB
Cached:           369144 kB
MemTotal:        1844596 kB
MemFree:         1223064 kB
MemAvailable:    1520128 kB
Buffers:           45388 kB
Cached:           369144 kB
MemTotal:        1844596 kB
MemFree:         1222996 kB
MemAvailable:    1520060 kB
Buffers:           45388 kB
Cached:           369144 kB
MemTotal:        1844596 kB
MemFree:         1223072 kB
MemAvailable:    1520136 kB
Buffers:           45388 kB
Cached:           369144 kB
MemTotal:        1844596 kB
MemFree:         1222752 kB
MemAvailable:    1519816 kB
Buffers:           45388 kB
Cached:           369144 kB
MemTotal:        1844596 kB
MemFree:         1221256 kB
MemAvailable:    1518320 kB
Buffers:           45388 kB
Cached:           369144 kB
MemTotal:        1844596 kB
MemFree:         1221468 kB
MemAvailable:    1518532 kB
Buffers:           45388 kB
Cached:           369144 kB
MemTotal:        1844596 kB
MemFree:         1217984 kB
MemAvailable:    1515048 kB
Buffers:           45388 kB
Cached:           369144 kB
MemTotal:        1844596 kB
MemFree:         1215552 kB
MemAvailable:    1512616 kB
Buffers:           45388 kB
Cached:           369144 kB
MemTotal:        1844596 kB
MemFree:         1214320 kB
MemAvailable:    1511384 kB
Buffers:           45388 kB
Cached:           369144 kB
MemTotal:        1844596 kB
MemFree:         1213956 kB
MemAvailable:    1511020 kB
Buffers:           45388 kB
Cached:           369144 kB
MemTotal:        1844596 kB
MemFree:         1215196 kB
MemAvailable:    1512260 kB
Buffers:           45388 kB
Cached:           369144 kB
MemTotal:        1844596 kB
MemFree:         1215140 kB
MemAvailable:    1512204 kB
Buffers:           45388 kB
Cached:           369144 kB
MemTotal:        1844596 kB
MemFree:         1215144 kB
MemAvailable:    1512208 kB
Buffers:           45388 kB
Cached:           369144 kB
MemTotal:        1844596 kB
MemFree:         1215056 kB
MemAvailable:    1512120 kB
Buffers:           45388 kB
Cached:           369144 kB
MemTotal:        1844596 kB
MemFree:         1214860 kB
MemAvailable:    1511924 kB
Buffers:           45388 kB
Cached:           369144 kB
MemTotal:        1844596 kB
MemFree:         1213768 kB
MemAvailable:    1510832 kB
Buffers:           45388 kB
Cached:           369144 kB
MemTotal:        1844596 kB
MemFree:         1213768 kB
MemAvailable:    1510832 kB
Buffers:           45388 kB
Cached:           369144 kB
MemTotal:        1844596 kB
MemFree:         1215068 kB
MemAvailable:    1512132 kB
Buffers:           45388 kB
Cached:           369144 kB
MemTotal:        1844596 kB
MemFree:         1215064 kB
MemAvailable:    1512128 kB
Buffers:           45388 kB
Cached:           369144 kB
MemTotal:        1844596 kB
MemFree:         1215116 kB
MemAvailable:    1512180 kB
Buffers:           45388 kB
Cached:           369144 kB
MemTotal:        1844596 kB
MemFree:         1215276 kB
MemAvailable:    1512340 kB
Buffers:           45388 kB
Cached:           369144 kB
MemTotal:        1844596 kB
MemFree:         1213460 kB
MemAvailable:    1510524 kB
Buffers:           45388 kB
Cached:           369144 kB
MemTotal:        1844596 kB
MemFree:         1214444 kB
MemAvailable:    1511508 kB
Buffers:           45388 kB
Cached:           369144 kB
MemTotal:        1844596 kB
MemFree:         1214204 kB
MemAvailable:    1511268 kB
Buffers:           45388 kB
Cached:           369144 kB
MemTotal:        1844596 kB
MemFree:         1212460 kB
MemAvailable:    1509524 kB
Buffers:           45388 kB
Cached:           369144 kB
MemTotal:        1844596 kB
MemFree:         1212220 kB
MemAvailable:    1509284 kB
Buffers:           45388 kB
Cached:           369144 kB
MemTotal:        1844596 kB
MemFree:         1211964 kB
MemAvailable:    1509028 kB
Buffers:           45388 kB
Cached:           369144 kB
MemTotal:        1844596 kB
MemFree:         1212336 kB
MemAvailable:    1509400 kB
Buffers:           45388 kB
Cached:           369144 kB
MemTotal:        1844596 kB
MemFree:         1211088 kB
MemAvailable:    1508152 kB
Buffers:           45388 kB
Cached:           369144 kB
MemTotal:        1844596 kB
MemFree:         1210228 kB
MemAvailable:    1507292 kB
Buffers:           45388 kB
Cached:           369144 kB
MemTotal:        1844596 kB
MemFree:         1211428 kB
MemAvailable:    1508492 kB
Buffers:           45388 kB
Cached:           369144 kB
MemTotal:        1844596 kB
MemFree:         1211232 kB
MemAvailable:    1508296 kB
Buffers:           45388 kB
Cached:           369144 kB
MemTotal:        1844596 kB
MemFree:         1209968 kB
MemAvailable:    1507032 kB
Buffers:           45388 kB
Cached:           369144 kB
MemTotal:        1844596 kB
MemFree:         1210076 kB
MemAvailable:    1507140 kB
Buffers:           45388 kB
Cached:           369144 kB
MemTotal:        1844596 kB
MemFree:         1209828 kB
MemAvailable:    1506892 kB
Buffers:           45388 kB
Cached:           369144 kB
MemTotal:        1844596 kB
MemFree:         1211008 kB
MemAvailable:    1508072 kB
Buffers:           45388 kB
Cached:           369144 kB
MemTotal:        1844596 kB
MemFree:         1211096 kB
MemAvailable:    1508160 kB
Buffers:           45388 kB
Cached:           369144 kB
MemTotal:        1844596 kB
MemFree:         1210936 kB
MemAvailable:    1508000 kB
Buffers:           45388 kB
Cached:           369144 kB
MemTotal:        1844596 kB
MemFree:         1211272 kB
MemAvailable:    1508336 kB
Buffers:           45388 kB
Cached:           369144 kB
MemTotal:        1844596 kB
MemFree:         1210592 kB
MemAvailable:    1507656 kB
Buffers:           45388 kB
Cached:           369144 kB
MemTotal:        1844596 kB
MemFree:         1210592 kB
MemAvailable:    1507656 kB
Buffers:           45388 kB
Cached:           369144 kB
MemTotal:        1844596 kB
MemFree:         1205500 kB
MemAvailable:    1502564 kB
Buffers:           45388 kB
Cached:           369144 kB
MemTotal:        1844596 kB
MemFree:         1204720 kB
MemAvailable:    1501784 kB
Buffers:           45388 kB
Cached:           369144 kB
MemTotal:        1844596 kB
MemFree:         1202044 kB
MemAvailable:    1499108 kB
Buffers:           45388 kB
Cached:           369144 kB
MemTotal:        1844596 kB
MemFree:         1203344 kB
MemAvailable:    1500416 kB
Buffers:           45388 kB
Cached:           369152 kB
MemTotal:        1844596 kB
MemFree:         1203104 kB
MemAvailable:    1500176 kB
Buffers:           45388 kB
Cached:           369152 kB
MemTotal:        1844596 kB
MemFree:         1202920 kB
MemAvailable:    1499992 kB
Buffers:           45388 kB
Cached:           369152 kB
MemTotal:        1844596 kB
MemFree:         1203280 kB
MemAvailable:    1500352 kB
Buffers:           45388 kB
Cached:           369152 kB
MemTotal:        1844596 kB
MemFree:         1203264 kB
MemAvailable:    1500336 kB
Buffers:           45388 kB
Cached:           369152 kB
MemTotal:        1844596 kB
MemFree:         1203780 kB
MemAvailable:    1500852 kB
Buffers:           45388 kB
Cached:           369152 kB
MemTotal:        1844596 kB
MemFree:         1204780 kB
MemAvailable:    1501936 kB
Buffers:           45392 kB
Cached:           369272 kB
MemTotal:        1844596 kB
MemFree:         1204584 kB
MemAvailable:    1501824 kB
Buffers:           45392 kB
Cached:           369396 kB
MemTotal:        1844596 kB
MemFree:         1204452 kB
MemAvailable:    1501776 kB
Buffers:           45392 kB
Cached:           369520 kB
MemTotal:        1844596 kB
MemFree:         1202920 kB
MemAvailable:    1500412 kB
Buffers:           45392 kB
Cached:           369644 kB
MemTotal:        1844596 kB
MemFree:         1202788 kB
MemAvailable:    1500448 kB
Buffers:           45392 kB
Cached:           369768 kB
MemTotal:        1844596 kB
MemFree:         1203904 kB
MemAvailable:    1501648 kB
Buffers:           45392 kB
Cached:           369892 kB
MemTotal:        1844596 kB
MemFree:         1204024 kB
MemAvailable:    1501768 kB
Buffers:           45392 kB
Cached:           369892 kB
MemTotal:        1844596 kB
MemFree:         1202528 kB
MemAvailable:    1500272 kB
Buffers:           45392 kB
Cached:           369892 kB
MemTotal:        1844596 kB
MemFree:         1202652 kB
MemAvailable:    1500396 kB
Buffers:           45392 kB
Cached:           369892 kB
MemTotal:        1844596 kB
MemFree:         1203748 kB
MemAvailable:    1501492 kB
Buffers:           45392 kB
Cached:           369892 kB
MemTotal:        1844596 kB
MemFree:         1204000 kB
MemAvailable:    1501744 kB
Buffers:           45392 kB
Cached:           369892 kB
MemTotal:        1844596 kB
MemFree:         1202652 kB
MemAvailable:    1500396 kB
Buffers:           45392 kB
Cached:           369892 kB
MemTotal:        1844596 kB
MemFree:         1203960 kB
MemAvailable:    1501704 kB
Buffers:           45392 kB
Cached:           369892 kB
MemTotal:        1844596 kB
MemFree:         1203160 kB
MemAvailable:    1500232 kB
Buffers:           45392 kB
Cached:           369260 kB
MemTotal:        1844596 kB
MemFree:         1270104 kB
MemAvailable:    1567220 kB
Buffers:           45392 kB
Cached:           369228 kB
