MemTotal:        1844596 kB
MemFree:         1372332 kB
MemAvailable:    1580744 kB
Buffers:           32712 kB
Cached:           292912 kB
MemTotal:        1844596 kB
MemFree:         1345160 kB
MemAvailable:    1553576 kB
Buffers:           32712 kB
Cached:           292916 kB
MemTotal:        1844596 kB
MemFree:         1344292 kB
MemAvailable:    1552708 kB
Buffers:           32712 kB
Cached:           292916 kB
MemTotal:        1844596 kB
MemFree:         1341480 kB
MemAvailable:    1549896 kB
Buffers:           32712 kB
Cached:           292916 kB
MemTotal:        1844596 kB
MemFree:         1340108 kB
MemAvailable:    1548524 kB
Buffers:           32712 kB
Cached:           292916 kB
MemTotal:        1844596 kB
MemFree:         1341308 kB
MemAvailable:    1549724 kB
Buffers:           32712 kB
Cached:           292916 kB
MemTotal:        1844596 kB
MemFree:         1338620 kB
MemAvailable:    1547036 kB
Buffers:           32712 kB
Cached:           292916 kB
MemTotal:        1844596 kB
MemFree:         1337264 kB
MemAvailable:    1545680 kB
Buffers:           32712 kB
Cached:           292916 kB
MemTotal:        1844596 kB
MemFree:         1335528 kB
MemAvailable:    1543944 kB
Buffers:           32712 kB
Cached:           292916 kB
MemTotal:        1844596 kB
MemFree:         1329072 kB
MemAvailable:    1537488 kB
Buffers:           32712 kB
Cached:           292916 kB
MemTotal:        1844596 kB
MemFree:         1331604 kB
MemAvailable:    1540020 kB
Buffers:           32712 kB
Cached:           292916 kB
MemTotal:        1844596 kB
MemFree:         1330196 kB
MemAvailable:    1538612 kB
Buffers:           32712 kB
Cached:           292916 kB
MemTotal:        1844596 kB
MemFree:         1330196 kB
MemAvailable:    1538612 kB
Buffers:           32712 kB
Cached:           292916 kB
MemTotal:        1844596 kB
MemFree:         1330188 kB
MemAvailable:    1538604 kB
Buffers:           32712 kB
Cached:           292916 kB
MemTotal:        1844596 kB
MemFree:         1331436 kB
MemAvailable:    1539852 kB
Buffers:           32712 kB
Cached:           292916 kB
MemTotal:        1844596 kB
MemFree:         1330320 kB
MemAvailable:    1538736 kB
Buffers:           32712 kB
Cached:           292916 kB
MemTotal:        1844596 kB
MemFree:         1329552 kB
MemAvailable:    1537968 kB
Buffers:           32712 kB
Cached:           292916 kB
MemTotal:        1844596 kB
MemFree:         1328708 kB
MemAvailable:    1537124 kB
Buffers:           32712 kB
Cached:           292916 kB
MemTotal:        1844596 kB
MemFree:         1329248 kB
MemAvailable:    1537664 kB
Buffers:           32712 kB
Cached:           292916 kB
MemTotal:        1844596 kB
MemFree:         1328916 kB
MemAvailable:    1537332 kB
Buffers:           32712 kB
Cached:           292916 kB
MemTotal:        1844596 kB
MemFree:         1329252 kB
MemAvailable:    1537668 kB
Buffers:           32712 kB
Cached:           292916 kB
MemTotal:        1844596 kB
MemFree:         1327768 kB
MemAvailable:    1536184 kB
Buffers:           32712 kB
Cached:           292916 kB
MemTotal:        1844596 kB
MemFree:         1327760 kB
MemAvailable:    1536176 kB
Buffers:           32712 kB
Cached:           292916 kB
MemTotal:        1844596 kB
MemFree:         1329224 kB
MemAvailable:    1537640 kB
Buffers:           32712 kB
Cached:           292916 kB
MemTotal:        1844596 kB
MemFree:         1327796 kB
MemAvailable:    1536212 kB
Buffers:           32712 kB
Cached:           292916 kB
MemTotal:        1844596 kB
MemFree:         1329308 kB
MemAvailable:    1537724 kB
Buffers:           32712 kB
Cached:           292916 kB
MemTotal:        1844596 kB
MemFree:         1330372 kB
MemAvailable:    1538788 kB
Buffers:           32712 kB
Cached:           292916 kB
MemTotal:        1844596 kB
MemFree:         1329204 kB
MemAvailable:    1537620 kB
Buffers:           32712 kB
Cached:           292916 kB
MemTotal:        1844596 kB
MemFree:         1326468 kB
MemAvailable:    1534884 kB
Buffers:           32712 kB
Cached:           292916 kB
MemTotal:        1844596 kB
MemFree:         1326708 kB
MemAvailable:    1535124 kB
Buffers:           32712 kB
Cached:           292916 kB
MemTotal:        1844596 kB
MemFree:         1326228 kB
MemAvailable:    1534644 kB
Buffers:           32712 kB
Cached:           292916 kB
MemTotal:        1844596 kB
MemFree:         1326104 kB
MemAvailable:    1534520 kB
Buffers:           32712 kB
Cached:           292916 kB
MemTotal:        1844596 kB
MemFree:         1325848 kB
MemAvailable:    1534264 kB
Buffers:           32712 kB
Cached:           292916 kB
MemTotal:        1844596 kB
MemFree:         1325832 kB
MemAvailable:    1534248 kB
Buffers:           32712 kB
Cached:           292916 kB
MemTotal:        1844596 kB
MemFree:         1324932 kB
MemAvailable:    1533348 kB
Buffers:           32712 kB
Cached:           292916 kB
MemTotal:        1844596 kB
MemFree:         1324988 kB
MemAvailable:    1533404 kB
Buffers:           32712 kB
Cached:           292916 kB
MemTotal:        1844596 kB
MemFree:         1323476 kB
MemAvailable:    1531892 kB
Buffers:           32712 kB
Cached:           292916 kB
MemTotal:        1844596 kB
MemFree:         1323624 kB
MemAvailable:    1532048 kB
Buffers:           32712 kB
Cached:           292920 kB
MemTotal:        1844596 kB
MemFree:         1323748 kB
MemAvailable:    1532172 kB
Buffers:           32712 kB
Cached:           292920 kB
MemTotal:        1844596 kB
MemFree:         1324792 kB
MemAvailable:    1533216 kB
Buffers:           32712 kB
Cached:           292920 kB
MemTotal:        1844596 kB
MemFree:         1323376 kB
MemAvailable:    1531800 kB
Buffers:           32712 kB
Cached:           292920 kB
MemTotal:        1844596 kB
MemFree:         1323120 kB
MemAvailable:    1531544 kB
Buffers:           32712 kB
Cached:           292920 kB
MemTotal:        1844596 kB
MemFree:         1324180 kB
MemAvailable:    1532604 kB
Buffers:           32712 kB
Cached:           292920 kB
MemTotal:        1844596 kB
MemFree:         1323792 kB
MemAvailable:    1532216 kB
Buffers:           32712 kB
Cached:           292920 kB
MemTotal:        1844596 kB
MemFree:         1322564 kB
MemAvailable:    1530988 kB
Buffers:           32712 kB
Cached:           292920 kB
MemTotal:        1844596 kB
MemFree:         1322564 kB
MemAvailable:    1530988 kB
Buffers:           32712 kB
Cached:           292920 kB
MemTotal:        1844596 kB
MemFree:         1322564 kB
MemAvailable:    1530988 kB
Buffers:           32712 kB
Cached:           292920 kB
MemTotal:        1844596 kB
MemFree:         1322688 kB
MemAvailable:    1531112 kB
Buffers:           32712 kB
Cached:           292920 kB
MemTotal:        1844596 kB
MemFree:         1324012 kB
MemAvailable:    1532436 kB
Buffers:           32712 kB
Cached:           292920 kB
MemTotal:        1844596 kB
MemFree:         1323900 kB
MemAvailable:    1532324 kB
Buffers:           32712 kB
Cached:           292920 kB
MemTotal:        1844596 kB
MemFree:         1323820 kB
MemAvailable:    1532244 kB
Buffers:           32712 kB
Cached:           292920 kB
MemTotal:        1844596 kB
MemFree:         1323624 kB
MemAvailable:    1532048 kB
Buffers:           32712 kB
Cached:           292920 kB
MemTotal:        1844596 kB
MemFree:         1322444 kB
MemAvailable:    1530868 kB
Buffers:           32712 kB
Cached:           292920 kB
MemTotal:        1844596 kB
MemFree:         1323900 kB
MemAvailable:    1532324 kB
Buffers:           32712 kB
Cached:           292920 kB
MemTotal:        1844596 kB
MemFree:         1323684 kB
MemAvailable:    1532108 kB
Buffers:           32712 kB
Cached:           292920 kB
MemTotal:        1844596 kB
MemFree:         1322260 kB
MemAvailable:    1530684 kB
Buffers:           32712 kB
Cached:           292920 kB
MemTotal:        1844596 kB
MemFree:         1322128 kB
MemAvailable:    1530552 kB
Buffers:           32712 kB
Cached:           292920 kB
MemTotal:        1844596 kB
MemFree:         1323188 kB
MemAvailable:    1531612 kB
Buffers:           32712 kB
Cached:           292920 kB
MemTotal:        1844596 kB
MemFree:         1321460 kB
MemAvailable:    1529884 kB
Buffers:           32712 kB
Cached:           292920 kB
MemTotal:        1844596 kB
MemFree:         1321700 kB
MemAvailable:    1530124 kB
Buffers:           32712 kB
Cached:           292920 kB
MemTotal:        1844596 kB
MemFree:         1322912 kB
MemAvailable:    1531336 kB
Buffers:           32712 kB
Cached:           292920 kB
MemTotal:        1844596 kB
MemFree:         1322672 kB
MemAvailable:    1531096 kB
Buffers:           32712 kB
Cached:           292920 kB
MemTotal:        1844596 kB
MemFree:         1321448 kB
MemAvailable:    1529872 kB
Buffers:           32712 kB
Cached:           292920 kB
MemTotal:        1844596 kB
MemFree:         1322940 kB
MemAvailable:    1531364 kB
Buffers:           32712 kB
Cached:           292920 kB
MemTotal:        1844596 kB
MemFree:         1321592 kB
MemAvailable:    1530016 kB
Buffers:           32712 kB
Cached:           292920 kB
MemTotal:        1844596 kB
MemFree:         1322892 kB
MemAvailable:    1531316 kB
Buffers:           32712 kB
Cached:           292920 kB
MemTotal:        1844596 kB
MemFree:         1320632 kB
MemAvailable:    1529056 kB
Buffers:           32712 kB
Cached:           292920 kB
MemTotal:        1844596 kB
MemFree:         1320632 kB
MemAvailable:    1529056 kB
Buffers:           32712 kB
Cached:           292920 kB
MemTotal:        1844596 kB
MemFree:         1317104 kB
MemAvailable:    1525528 kB
Buffers:           32712 kB
Cached:           292920 kB
MemTotal:        1844596 kB
MemFree:         1314324 kB
MemAvailable:    1522748 kB
Buffers:           32712 kB
Cached:           292920 kB
MemTotal:        1844596 kB
MemFree:         1315308 kB
MemAvailable:    1523732 kB
Buffers:           32712 kB
Cached:           292920 kB
MemTotal:        1844596 kB
MemFree:         1314680 kB
MemAvailable:    1523104 kB
Buffers:           32724 kB
Cached:           292908 kB
MemTotal:        1844596 kB
MemFree:         1315128 kB
MemAvailable:    1523552 kB
Buffers:           32724 kB
Cached:           292908 kB
MemTotal:        1844596 kB
MemFree:         1314984 kB
MemAvailable:    1523408 kB
Buffers:           32724 kB
Cached:           292908 kB
MemTotal:        1844596 kB
MemFree:         1315104 kB
MemAvailable:    1523528 kB
Buffers:           32724 kB
Cached:           292908 kB
MemTotal:        1844596 kB
MemFree:         1315036 kB
MemAvailable:    1523460 kB
Buffers:           32724 kB
Cached:           292908 kB
MemTotal:        1844596 kB
MemFree:         1313624 kB
MemAvailable:    1522048 kB
Buffers:           32724 kB
Cached:           292908 kB
MemTotal:        1844596 kB
MemFree:         1314892 kB
MemAvailable:    1523316 kB
Buffers:           32724 kB
Cached:           292908 kB
MemTotal:        1844596 kB
MemFree:         1314892 kB
MemAvailable:    1523316 kB
Buffers:           32724 kB
Cached:           292908 kB
MemTotal:        1844596 kB
MemFree:         1313632 kB
MemAvailable:    1522056 kB
Buffers:           32724 kB
Cached:           292908 kB
MemTotal:        1844596 kB
MemFree:         1315128 kB
MemAvailable:    1523552 kB
Buffers:           32724 kB
Cached:           292908 kB
MemTotal:        1844596 kB
MemFree:         1314940 kB
MemAvailable:    1523364 kB
Buffers:           32724 kB
Cached:           292908 kB
MemTotal:        1844596 kB
MemFree:         1314996 kB
MemAvailable:    1523420 kB
Buffers:           32724 kB
Cached:           292908 kB
MemTotal:        1844596 kB
MemFree:         1313332 kB
MemAvailable:    1521756 kB
Buffers:           32724 kB
Cached:           292908 kB
MemTotal:        1844596 kB
MemFree:         1314260 kB
MemAvailable:    1522684 kB
Buffers:           32724 kB
Cached:           292908 kB
MemTotal:        1844596 kB
MemFree:         1313764 kB
MemAvailable:    1522188 kB
Buffers:           32724 kB
Cached:           292908 kB
MemTotal:        1844596 kB
MemFree:         1313564 kB
MemAvailable:    1521988 kB
Buffers:           32724 kB
Cached:           292908 kB
MemTotal:        1844596 kB
MemFree:         1313084 kB
MemAvailable:    1521508 kB
Buffers:           32724 kB
Cached:           292908 kB
MemTotal:        1844596 kB
MemFree:         1313068 kB
MemAvailable:    1521492 kB
Buffers:           32724 kB
Cached:           292908 kB
MemTotal:        1844596 kB
MemFree:         1312276 kB
MemAvailable:    1520700 kB
Buffers:           32724 kB
Cached:           292908 kB
MemTotal:        1844596 kB
MemFree:         1312144 kB
MemAvailable:    1520568 kB
Buffers:           32724 kB
Cached:           292908 kB
MemTotal:        1844596 kB
MemFree:         1310356 kB
MemAvailable:    1518780 kB
Buffers:           32724 kB
Cached:           292908 kB
MemTotal:        1844596 kB
MemFree:         1311332 kB
MemAvailable:    1519756 kB
Buffers:           32724 kB
Cached:           292908 kB
MemTotal:        1844596 kB
MemFree:         1310728 kB
MemAvailable:    1519152 kB
Buffers:           32724 kB
Cached:           292908 kB
MemTotal:        1844596 kB
MemFree:         1309964 kB
MemAvailable:    1518388 kB
Buffers:           32724 kB
Cached:           292908 kB
MemTotal:        1844596 kB
MemFree:         1310080 kB
MemAvailable:    1518504 kB
Buffers:           32724 kB
Cached:           292908 kB
MemTotal:        1844596 kB
MemFree:         1311140 kB
MemAvailable:    1519564 kB
Buffers:           32724 kB
Cached:           292908 kB
MemTotal:        1844596 kB
MemFree:         1309792 kB
MemAvailable:    1518216 kB
Buffers:           32724 kB
Cached:           292908 kB
MemTotal:        1844596 kB
MemFree:         1311028 kB
MemAvailable:    1519452 kB
Buffers:           32724 kB
Cached:           292908 kB
MemTotal:        1844596 kB
MemFree:         1311008 kB
MemAvailable:    1519432 kB
Buffers:           32724 kB
Cached:           292908 kB
MemTotal:        1844596 kB
MemFree:         1310604 kB
MemAvailable:    1519028 kB
Buffers:           32724 kB
Cached:           292908 kB
MemTotal:        1844596 kB
MemFree:         1311072 kB
MemAvailable:    1519496 kB
Buffers:           32724 kB
Cached:           292908 kB
MemTotal:        1844596 kB
MemFree:         1311224 kB
MemAvailable:    1519648 kB
Buffers:           32724 kB
Cached:           292908 kB
MemTotal:        1844596 kB
MemFree:         1310588 kB
MemAvailable:    1519012 kB
Buffers:           32724 kB
Cached:           292908 kB
MemTotal:        1844596 kB
MemFree:         1310840 kB
MemAvailable:    1519264 kB
Buffers:           32724 kB
Cached:           292908 kB
MemTotal:        1844596 kB
MemFree:         1303396 kB
MemAvailable:    1511820 kB
Buffers:           32724 kB
Cached:           292908 kB
MemTotal:        1844596 kB
MemFree:         1303164 kB
MemAvailable:    1511588 kB
Buffers:           32724 kB
Cached:           292908 kB
MemTotal:        1844596 kB
MemFree:         1301860 kB
MemAvailable:    1510284 kB
Buffers:           32724 kB
Cached:           292908 kB
MemTotal:        1844596 kB
MemFree:         1303108 kB
MemAvailable:    1511552 kB
Buffers:           32724 kB
Cached:           292928 kB
MemTotal:        1844596 kB
MemFree:         1303164 kB
MemAvailable:    1511608 kB
Buffers:           32724 kB
Cached:           292928 kB
MemTotal:        1844596 kB
MemFree:         1301984 kB
MemAvailable:    1510428 kB
Buffers:           32724 kB
Cached:           292928 kB
MemTotal:        1844596 kB
MemFree:         1305216 kB
MemAvailable:    1513660 kB
Buffers:           32724 kB
Cached:           292928 kB
MemTotal:        1844596 kB
MemFree:         1305384 kB
MemAvailable:    1513828 kB
Buffers:           32724 kB
Cached:           292928 kB
MemTotal:        1844596 kB
MemFree:         1304636 kB
MemAvailable:    1513164 kB
Buffers:           32724 kB
Cached:           293052 kB
MemTotal:        1844596 kB
MemFree:         1304348 kB
MemAvailable:    1512876 kB
Buffers:           32724 kB
Cached:           293052 kB
MemTotal:        1844596 kB
MemFree:         1304336 kB
MemAvailable:    1512948 kB
Buffers:           32724 kB
Cached:           293176 kB
MemTotal:        1844596 kB
MemFree:         1303288 kB
MemAvailable:    1511984 kB
Buffers:           32724 kB
Cached:           293300 kB
MemTotal:        1844596 kB
MemFree:         1303024 kB
MemAvailable:    1511932 kB
Buffers:           32724 kB
Cached:           293428 kB
MemTotal:        1844596 kB
MemFree:         1302892 kB
MemAvailable:    1511800 kB
Buffers:           32724 kB
Cached:           293428 kB
MemTotal:        1844596 kB
MemFree:         1304156 kB
MemAvailable:    1513232 kB
Buffers:           32724 kB
Cached:           293552 kB
MemTotal:        1844596 kB
MemFree:         1304268 kB
MemAvailable:    1513344 kB
Buffers:           32724 kB
Cached:           293552 kB
MemTotal:        1844596 kB
MemFree:         1303908 kB
MemAvailable:    1512984 kB
Buffers:           32724 kB
Cached:           293552 kB
MemTotal:        1844596 kB
MemFree:         1302732 kB
MemAvailable:    1511808 kB
Buffers:           32724 kB
Cached:           293552 kB
MemTotal:        1844596 kB
MemFree:         1304076 kB
MemAvailable:    1513152 kB
Buffers:           32724 kB
Cached:           293552 kB
MemTotal:        1844596 kB
MemFree:         1303840 kB
MemAvailable:    1512916 kB
Buffers:           32724 kB
Cached:           293676 kB
MemTotal:        1844596 kB
MemFree:         1303828 kB
MemAvailable:    1512904 kB
Buffers:           32724 kB
Cached:           293676 kB
MemTotal:        1844596 kB
MemFree:         1303996 kB
MemAvailable:    1513072 kB
Buffers:           32724 kB
Cached:           293676 kB
MemTotal:        1844596 kB
MemFree:         1302644 kB
MemAvailable:    1511048 kB
Buffers:           32724 kB
Cached:           293044 kB
MemTotal:        1844596 kB
MemFree:         1369096 kB
MemAvailable:    1577500 kB
Buffers:           32724 kB
Cached:           293044 kB
