MemTotal:        1844596 kB
MemFree:         1160264 kB
MemAvailable:    1561112 kB
Buffers:           57664 kB
Cached:           452660 kB
MemTotal:        1844596 kB
MemFree:         1132960 kB
MemAvailable:    1533812 kB
Buffers:           57664 kB
Cached:           452664 kB
MemTotal:        1844596 kB
MemFree:         1131408 kB
MemAvailable:    1532260 kB
Buffers:           57664 kB
Cached:           452664 kB
MemTotal:        1844596 kB
MemFree:         1130904 kB
MemAvailable:    1531756 kB
Buffers:           57664 kB
Cached:           452664 kB
MemTotal:        1844596 kB
MemFree:         1128116 kB
MemAvailable:    1528968 kB
Buffers:           57664 kB
Cached:           452664 kB
MemTotal:        1844596 kB
MemFree:         1128744 kB
MemAvailable:    1529596 kB
Buffers:           57664 kB
Cached:           452664 kB
MemTotal:        1844596 kB
MemFree:         1126820 kB
MemAvailable:    1527672 kB
Buffers:           57664 kB
Cached:           452664 kB
MemTotal:        1844596 kB
MemFree:         1124404 kB
MemAvailable:    1525256 kB
Buffers:           57664 kB
Cached:           452664 kB
MemTotal:        1844596 kB
MemFree:         1122152 kB
MemAvailable:    1523004 kB
Buffers:           57664 kB
Cached:           452664 kB
MemTotal:        1844596 kB
MemFree:         1117088 kB
MemAvailable:    1517940 kB
Buffers:           57664 kB
Cached:           452664 kB
MemTotal:        1844596 kB
MemFree:         1118320 kB
MemAvailable:    1519172 kB
Buffers:           57664 kB
Cached:           452664 kB
MemTotal:        1844596 kB
MemFree:         1119664 kB
MemAvailable:    1520516 kB
Buffers:           57664 kB
Cached:           452664 kB
MemTotal:        1844596 kB
MemFree:         1119528 kB
MemAvailable:    1520380 kB
Buffers:           57664 kB
Cached:           452664 kB
MemTotal:        1844596 kB
MemFree:         1118148 kB
MemAvailable:    1519000 kB
Buffers:           57664 kB
Cached:           452664 kB
MemTotal:        1844596 kB
MemFree:         1118064 kB
MemAvailable:    1518916 kB
Buffers:           57664 kB
Cached:           452664 kB
MemTotal:        1844596 kB
MemFree:         1117088 kB
MemAvailable:    1517940 kB
Buffers:           57664 kB
Cached:           452664 kB
MemTotal:        1844596 kB
MemFree:         1117072 kB
MemAvailable:    1517924 kB
Buffers:           57664 kB
Cached:           452664 kB
MemTotal:        1844596 kB
MemFree:         1117156 kB
MemAvailable:    1518008 kB
Buffers:           57664 kB
Cached:           452664 kB
MemTotal:        1844596 kB
MemFree:         1115660 kB
MemAvailable:    1516512 kB
Buffers:           57664 kB
Cached:           452664 kB
MemTotal:        1844596 kB
MemFree:         1116936 kB
MemAvailable:    1517788 kB
Buffers:           57664 kB
Cached:           452664 kB
MemTotal:        1844596 kB
MemFree:         1117188 kB
MemAvailable:    1518040 kB
Buffers:           57664 kB
Cached:           452664 kB
MemTotal:        1844596 kB
MemFree:         1116876 kB
MemAvailable:    1517728 kB
Buffers:           57664 kB
Cached:           452664 kB
MemTotal:        1844596 kB
MemFree:         1115700 kB
MemAvailable:    1516552 kB
Buffers:           57664 kB
Cached:           452664 kB
MemTotal:        1844596 kB
MemFree:         1115692 kB
MemAvailable:    1516544 kB
Buffers:           57664 kB
Cached:           452664 kB
MemTotal:        1844596 kB
MemFree:         1118300 kB
MemAvailable:    1519152 kB
Buffers:           57664 kB
Cached:           452664 kB
MemTotal:        1844596 kB
MemFree:         1116832 kB
MemAvailable:    1517684 kB
Buffers:           57664 kB
Cached:           452664 kB
MemTotal:        1844596 kB
MemFree:         1116584 kB
MemAvailable:    1517436 kB
Buffers:           57664 kB
Cached:           452664 kB
MemTotal:        1844596 kB
MemFree:         1114916 kB
MemAvailable:    1515768 kB
Buffers:           57664 kB
Cached:           452664 kB
MemTotal:        1844596 kB
MemFree:         1114468 kB
MemAvailable:    1515320 kB
Buffers:           57664 kB
Cached:           452664 kB
MemTotal:        1844596 kB
MemFree:         1114236 kB
MemAvailable:    1515088 kB
Buffers:           57664 kB
Cached:           452664 kB
MemTotal:        1844596 kB
MemFree:         1112988 kB
MemAvailable:    1513840 kB
Buffers:           57664 kB
Cached:           452664 kB
MemTotal:        1844596 kB
MemFree:         1112748 kB
MemAvailable:    1513600 kB
Buffers:           57664 kB
Cached:           452664 kB
MemTotal:        1844596 kB
MemFree:         1113348 kB
MemAvailable:    1514200 kB
Buffers:           57664 kB
Cached:           452664 kB
MemTotal:        1844596 kB
MemFree:         1112924 kB
MemAvailable:    1513776 kB
Buffers:           57664 kB
Cached:           452664 kB
MemTotal:        1844596 kB
MemFree:         1111492 kB
MemAvailable:    1512344 kB
Buffers:           57664 kB
Cached:           452664 kB
MemTotal:        1844596 kB
MemFree:         1112940 kB
MemAvailable:    1513792 kB
Buffers:           57664 kB
Cached:           452664 kB
MemTotal:        1844596 kB
MemFree:         1112916 kB
MemAvailable:    1513768 kB
Buffers:           57664 kB
Cached:           452664 kB
MemTotal:        1844596 kB
MemFree:         1111632 kB
MemAvailable:    1512488 kB
Buffers:           57664 kB
Cached:           452668 kB
MemTotal:        1844596 kB
MemFree:         1111632 kB
MemAvailable:    1512488 kB
Buffers:           57664 kB
Cached:           452668 kB
MemTotal:        1844596 kB
MemFree:         1111988 kB
MemAvailable:    1512844 kB
Buffers:           57664 kB
Cached:           452668 kB
MemTotal:        1844596 kB
MemFree:         1111376 kB
MemAvailable:    1512232 kB
Buffers:           57664 kB
Cached:           452668 kB
MemTotal:        1844596 kB
MemFree:         1110456 kB
MemAvailable:    1511312 kB
Buffers:           57664 kB
Cached:           452668 kB
MemTotal:        1844596 kB
MemFree:         1110628 kB
MemAvailable:    1511484 kB
Buffers:           57664 kB
Cached:           452668 kB
MemTotal:        1844596 kB
MemFree:         1110620 kB
MemAvailable:    1511476 kB
Buffers:           57664 kB
Cached:           452668 kB
MemTotal:        1844596 kB
MemFree:         1110580 kB
MemAvailable:    1511436 kB
Buffers:           57664 kB
Cached:           452668 kB
MemTotal:        1844596 kB
MemFree:         1111732 kB
MemAvailable:    1512588 kB
Buffers:           57664 kB
Cached:           452668 kB
MemTotal:        1844596 kB
MemFree:         1111932 kB
MemAvailable:    1512788 kB
Buffers:           57664 kB
Cached:           452668 kB
MemTotal:        1844596 kB
MemFree:         1111784 kB
MemAvailable:    1512640 kB
Buffers:           57664 kB
Cached:           452668 kB
MemTotal:        1844596 kB
MemFree:         1111508 kB
MemAvailable:    1512364 kB
Buffers:           57664 kB
Cached:           452668 kB
MemTotal:        1844596 kB
MemFree:         1111676 kB
MemAvailable:    1512532 kB
Buffers:           57664 kB
Cached:           452668 kB
MemTotal:        1844596 kB
MemFree:         1110516 kB
MemAvailable:    1511372 kB
Buffers:           57664 kB
Cached:           452668 kB
MemTotal:        1844596 kB
MemFree:         1111320 kB
MemAvailable:    1512176 kB
Buffers:           57664 kB
Cached:           452668 kB
MemTotal:        1844596 kB
MemFree:         1111376 kB
MemAvailable:    1512232 kB
Buffers:           57664 kB
Cached:           452668 kB
MemTotal:        1844596 kB
MemFree:         1109880 kB
MemAvailable:    1510736 kB
Buffers:           57664 kB
Cached:           452668 kB
MemTotal:        1844596 kB
MemFree:         1110004 kB
MemAvailable:    1510860 kB
Buffers:           57664 kB
Cached:           452668 kB
MemTotal:        1844596 kB
MemFree:         1109384 kB
MemAvailable:    1510240 kB
Buffers:           57664 kB
Cached:           452668 kB
MemTotal:        1844596 kB
MemFree:         1109468 kB
MemAvailable:    1510324 kB
Buffers:           57664 kB
Cached:           452668 kB
MemTotal:        1844596 kB
MemFree:         1110936 kB
MemAvailable:    1511792 kB
Buffers:           57664 kB
Cached:           452668 kB
MemTotal:        1844596 kB
MemFree:         1110744 kB
MemAvailable:    1511600 kB
Buffers:           57664 kB
Cached:           452668 kB
MemTotal:        1844596 kB
MemFree:         1109588 kB
MemAvailable:    1510444 kB
Buffers:           57664 kB
Cached:           452668 kB
MemTotal:        1844596 kB
MemFree:         1109580 kB
MemAvailable:    1510436 kB
Buffers:           57664 kB
Cached:           452668 kB
MemTotal:        1844596 kB
MemFree:         1111032 kB
MemAvailable:    1511888 kB
Buffers:           57664 kB
Cached:           452668 kB
MemTotal:        1844596 kB
MemFree:         1109492 kB
MemAvailable:    1510348 kB
Buffers:           57664 kB
Cached:           452668 kB
MemTotal:        1844596 kB
MemFree:         1108160 kB
MemAvailable:    1509016 kB
Buffers:           57664 kB
Cached:           452668 kB
MemTotal:        1844596 kB
MemFree:         1106424 kB
MemAvailable:    1507280 kB
Buffers:           57664 kB
Cached:           452668 kB
MemTotal:        1844596 kB
MemFree:         1103812 kB
MemAvailable:    1504668 kB
Buffers:           57664 kB
Cached:           452668 kB
MemTotal:        1844596 kB
MemFree:         1103508 kB
MemAvailable:    1504368 kB
Buffers:           57664 kB
Cached:           452672 kB
MemTotal:        1844596 kB
MemFree:         1101944 kB
MemAvailable:    1502804 kB
Buffers:           57664 kB
Cached:           452672 kB
MemTotal:        1844596 kB
MemFree:         1103060 kB
MemAvailable:    1503920 kB
Buffers:           57664 kB
Cached:           452672 kB
MemTotal:        1844596 kB
MemFree:         1102948 kB
MemAvailable:    1503808 kB
Buffers:           57664 kB
Cached:           452672 kB
MemTotal:        1844596 kB
MemFree:         1102876 kB
MemAvailable:    1503736 kB
Buffers:           57664 kB
Cached:           452672 kB
MemTotal:        1844596 kB
MemFree:         1103128 kB
MemAvailable:    1503988 kB
Buffers:           57664 kB
Cached:           452672 kB
MemTotal:        1844596 kB
MemFree:         1102904 kB
MemAvailable:    1503764 kB
Buffers:           57664 kB
Cached:           452672 kB
MemTotal:        1844596 kB
MemFree:         1103212 kB
MemAvailable:    1504072 kB
Buffers:           57664 kB
Cached:           452672 kB
MemTotal:        1844596 kB
MemFree:         1101652 kB
MemAvailable:    1502512 kB
Buffers:           57664 kB
Cached:           452672 kB
MemTotal:        1844596 kB
MemFree:         1102788 kB
MemAvailable:    1503648 kB
Buffers:           57664 kB
Cached:           452672 kB
MemTotal:        1844596 kB
MemFree:         1103040 kB
MemAvailable:    1503900 kB
Buffers:           57664 kB
Cached:           452672 kB
MemTotal:        1844596 kB
MemFree:         1102792 kB
MemAvailable:    1503652 kB
Buffers:           57664 kB
Cached:           452672 kB
MemTotal:        1844596 kB
MemFree:         1103044 kB
MemAvailable:    1503904 kB
Buffers:           57664 kB
Cached:           452672 kB
MemTotal:        1844596 kB
MemFree:         1101524 kB
MemAvailable:    1502384 kB
Buffers:           57664 kB
Cached:           452672 kB
MemTotal:        1844596 kB
MemFree:         1101656 kB
MemAvailable:    1502516 kB
Buffers:           57664 kB
Cached:           452672 kB
MemTotal:        1844596 kB
MemFree:         1102292 kB
MemAvailable:    1503152 kB
Buffers:           57664 kB
Cached:           452672 kB
MemTotal:        1844596 kB
MemFree:         1102324 kB
MemAvailable:    1503184 kB
Buffers:           57664 kB
Cached:           452672 kB
MemTotal:        1844596 kB
MemFree:         1100472 kB
MemAvailable:    1501332 kB
Buffers:           57664 kB
Cached:           452672 kB
MemTotal:        1844596 kB
MemFree:         1101060 kB
MemAvailable:    1501920 kB
Buffers:           57664 kB
Cached:           452672 kB
MemTotal:        1844596 kB
MemFree:         1100904 kB
MemAvailable:    1501764 kB
Buffers:           57664 kB
Cached:           452672 kB
MemTotal:        1844596 kB
MemFree:         1101120 kB
MemAvailable:    1501980 kB
Buffers:           57664 kB
Cached:           452672 kB
MemTotal:        1844596 kB
MemFree:         1099108 kB
MemAvailable:    1499968 kB
Buffers:           57664 kB
Cached:           452672 kB
MemTotal:        1844596 kB
MemFree:         1099796 kB
MemAvailable:    1500660 kB
Buffers:           57664 kB
Cached:           452676 kB
MemTotal:        1844596 kB
MemFree:         1099232 kB
MemAvailable:    1500096 kB
Buffers:           57664 kB
Cached:           452676 kB
MemTotal:        1844596 kB
MemFree:         1099596 kB
MemAvailable:    1500320 kB
Buffers:           57664 kB
Cached:           452676 kB
MemTotal:        1844596 kB
MemFree:         1098852 kB
MemAvailable:    1499716 kB
Buffers:           57664 kB
Cached:           452676 kB
MemTotal:        1844596 kB
MemFree:         1099336 kB
MemAvailable:    1500200 kB
Buffers:           57664 kB
Cached:           452676 kB
MemTotal:        1844596 kB
MemFree:         1097916 kB
MemAvailable:    1498780 kB
Buffers:           57664 kB
Cached:           452676 kB
MemTotal:        1844596 kB
MemFree:         1099148 kB
MemAvailable:    1500012 kB
Buffers:           57664 kB
Cached:           452676 kB
MemTotal:        1844596 kB
MemFree:         1099400 kB
MemAvailable:    1500264 kB
Buffers:           57664 kB
Cached:           452676 kB
MemTotal:        1844596 kB
MemFree:         1099260 kB
MemAvailable:    1500124 kB
Buffers:           57664 kB
Cached:           452676 kB
MemTotal:        1844596 kB
MemFree:         1097916 kB
MemAvailable:    1498780 kB
Buffers:           57664 kB
Cached:           452676 kB
MemTotal:        1844596 kB
MemFree:         1097828 kB
MemAvailable:    1498692 kB
Buffers:           57664 kB
Cached:           452676 kB
MemTotal:        1844596 kB
MemFree:         1099152 kB
MemAvailable:    1500016 kB
Buffers:           57664 kB
Cached:           452676 kB
MemTotal:        1844596 kB
MemFree:         1099296 kB
MemAvailable:    1500160 kB
Buffers:           57664 kB
Cached:           452676 kB
MemTotal:        1844596 kB
MemFree:         1098532 kB
MemAvailable:    1499396 kB
Buffers:           57664 kB
Cached:           452676 kB
MemTotal:        1844596 kB
MemFree:         1097356 kB
MemAvailable:    1498220 kB
Buffers:           57664 kB
Cached:           452676 kB
MemTotal:        1844596 kB
MemFree:         1095636 kB
MemAvailable:    1496500 kB
Buffers:           57664 kB
Cached:           452676 kB
MemTotal:        1844596 kB
MemFree:         1089924 kB
MemAvailable:    1490788 kB
Buffers:           57664 kB
Cached:           452676 kB
MemTotal:        1844596 kB
MemFree:         1091216 kB
MemAvailable:    1492080 kB
Buffers:           57664 kB
Cached:           452676 kB
MemTotal:        1844596 kB
MemFree:         1091108 kB
MemAvailable:    1491972 kB
Buffers:           57664 kB
Cached:           452676 kB
MemTotal:        1844596 kB
MemFree:         1091172 kB
MemAvailable:    1492036 kB
Buffers:           57664 kB
Cached:           452676 kB
MemTotal:        1844596 kB
MemFree:         1091000 kB
MemAvailable:    1491864 kB
Buffers:           57664 kB
Cached:           452676 kB
MemTotal:        1844596 kB
MemFree:         1093088 kB
MemAvailable:    1493952 kB
Buffers:           57664 kB
Cached:           452676 kB
MemTotal:        1844596 kB
MemFree:         1092544 kB
MemAvailable:    1493284 kB
Buffers:           57664 kB
Cached:           452676 kB
MemTotal:        1844596 kB
MemFree:         1092520 kB
MemAvailable:    1493468 kB
Buffers:           57664 kB
Cached:           452800 kB
MemTotal:        1844596 kB
MemFree:         1092412 kB
MemAvailable:    1493360 kB
Buffers:           57664 kB
Cached:           452800 kB
MemTotal:        1844596 kB
MemFree:         1091232 kB
MemAvailable:    1492264 kB
Buffers:           57664 kB
Cached:           452924 kB
MemTotal:        1844596 kB
MemFree:         1092416 kB
MemAvailable:    1493700 kB
Buffers:           57664 kB
Cached:           453172 kB
MemTotal:        1844596 kB
MemFree:         1091356 kB
MemAvailable:    1492640 kB
Buffers:           57664 kB
Cached:           453172 kB
MemTotal:        1844596 kB
MemFree:         1092100 kB
MemAvailable:    1493636 kB
Buffers:           57664 kB
Cached:           453420 kB
MemTotal:        1844596 kB
MemFree:         1091296 kB
MemAvailable:    1492832 kB
Buffers:           57664 kB
Cached:           453420 kB
MemTotal:        1844596 kB
MemFree:         1091640 kB
MemAvailable:    1493176 kB
Buffers:           57664 kB
Cached:           453420 kB
MemTotal:        1844596 kB
MemFree:         1090748 kB
MemAvailable:    1492284 kB
Buffers:           57664 kB
Cached:           453420 kB
MemTotal:        1844596 kB
MemFree:         1091812 kB
MemAvailable:    1493348 kB
Buffers:           57664 kB
Cached:           453420 kB
MemTotal:        1844596 kB
MemFree:         1091652 kB
MemAvailable:    1493188 kB
Buffers:           57664 kB
Cached:           453420 kB
MemTotal:        1844596 kB
MemFree:         1091988 kB
MemAvailable:    1493524 kB
Buffers:           57664 kB
Cached:           453420 kB
MemTotal:        1844596 kB
MemFree:         1091840 kB
MemAvailable:    1493376 kB
Buffers:           57664 kB
Cached:           453420 kB
MemTotal:        1844596 kB
MemFree:         1091668 kB
MemAvailable:    1493204 kB
Buffers:           57664 kB
Cached:           453420 kB
MemTotal:        1844596 kB
MemFree:         1092392 kB
MemAvailable:    1493256 kB
Buffers:           57664 kB
Cached:           452748 kB
MemTotal:        1844596 kB
MemFree:         1092560 kB
MemAvailable:    1493424 kB
Buffers:           57664 kB
Cached:           452748 kB
