MemTotal:        1844596 kB
MemFree:         1370048 kB
MemAvailable:    1580804 kB
Buffers:           33060 kB
Cached:           294732 kB
MemTotal:        1844596 kB
MemFree:         1342596 kB
MemAvailable:    1553356 kB
Buffers:           33060 kB
Cached:           294736 kB
MemTotal:        1844596 kB
MemFree:         1341536 kB
MemAvailable:    1552296 kB
Buffers:           33060 kB
Cached:           294736 kB
MemTotal:        1844596 kB
MemFree:         1341056 kB
MemAvailable:    1551816 kB
Buffers:           33060 kB
Cached:           294736 kB
MemTotal:        1844596 kB
MemFree:         1338816 kB
MemAvailable:    1549576 kB
Buffers:           33060 kB
Cached:           294736 kB
MemTotal:        1844596 kB
MemFree:         1337568 kB
MemAvailable:    1548328 kB
Buffers:           33060 kB
Cached:           294736 kB
MemTotal:        1844596 kB
MemFree:         1337404 kB
MemAvailable:    1548164 kB
Buffers:           33060 kB
Cached:           294736 kB
MemTotal:        1844596 kB
MemFree:         1335600 kB
MemAvailable:    1546360 kB
Buffers:           33060 kB
Cached:           294736 kB
MemTotal:        1844596 kB
MemFree:         1334112 kB
MemAvailable:    1544872 kB
Buffers:           33060 kB
Cached:           294736 kB
MemTotal:        1844596 kB
MemFree:         1328284 kB
MemAvailable:    1539044 kB
Buffers:           33060 kB
Cached:           294736 kB
MemTotal:        1844596 kB
MemFree:         1328012 kB
MemAvailable:    1538772 kB
Buffers:           33060 kB
Cached:           294736 kB
MemTotal:        1844596 kB
MemFree:         1329336 kB
MemAvailable:    1540096 kB
Buffers:           33060 kB
Cached:           294736 kB
MemTotal:        1844596 kB
MemFree:         1329260 kB
MemAvailable:    1540020 kB
Buffers:           33060 kB
Cached:           294736 kB
MemTotal:        1844596 kB
MemFree:         1329200 kB
MemAvailable:    1539960 kB
Buffers:           33060 kB
Cached:           294736 kB
MemTotal:        1844596 kB
MemFree:         1328744 kB
MemAvailable:    1539504 kB
Buffers:           33060 kB
Cached:           294736 kB
MemTotal:        1844596 kB
MemFree:         1328780 kB
MemAvailable:    1539540 kB
Buffers:           33060 kB
Cached:           294736 kB
MemTotal:        1844596 kB
MemFree:         1328468 kB
MemAvailable:    1539228 kB
Buffers:           33060 kB
Cached:           294736 kB
MemTotal:        1844596 kB
MemFree:         1327292 kB
MemAvailable:    1538052 kB
Buffers:           33060 kB
Cached:           294736 kB
MemTotal:        1844596 kB
MemFree:         1326796 kB
MemAvailable:    1537556 kB
Buffers:           33060 kB
Cached:           294736 kB
MemTotal:        1844596 kB
MemFree:         1325128 kB
MemAvailable:    1535888 kB
Buffers:           33060 kB
Cached:           294736 kB
MemTotal:        1844596 kB
MemFree:         1326532 kB
MemAvailable:    1537292 kB
Buffers:           33060 kB
Cached:           294736 kB
MemTotal:        1844596 kB
MemFree:         1326672 kB
MemAvailable:    1537432 kB
Buffers:           33060 kB
Cached:           294736 kB
MemTotal:        1844596 kB
MemFree:         1326748 kB
MemAvailable:    1537508 kB
Buffers:           33060 kB
Cached:           294736 kB
MemTotal:        1844596 kB
MemFree:         1325424 kB
MemAvailable:    1536184 kB
Buffers:           33060 kB
Cached:           294736 kB
MemTotal:        1844596 kB
MemFree:         1325376 kB
MemAvailable:    1536136 kB
Buffers:           33060 kB
Cached:           294736 kB
MemTotal:        1844596 kB
MemFree:         1328020 kB
MemAvailable:    1538780 kB
Buffers:           33060 kB
Cached:           294736 kB
MemTotal:        1844596 kB
MemFree:         1327168 kB
MemAvailable:    1537928 kB
Buffers:           33060 kB
Cached:           294736 kB
MemTotal:        1844596 kB
MemFree:         1327884 kB
MemAvailable:    1538644 kB
Buffers:           33060 kB
Cached:           294736 kB
MemTotal:        1844596 kB
MemFree:         1327788 kB
MemAvailable:    1538548 kB
Buffers:           33060 kB
Cached:           294736 kB
MemTotal:        1844596 kB
MemFree:         1324672 kB
MemAvailable:    1535432 kB
Buffers:           33060 kB
Cached:           294736 kB
MemTotal:        1844596 kB
MemFree:         1324756 kB
MemAvailable:    1535516 kB
Buffers:           33060 kB
Cached:           294736 kB
MemTotal:        1844596 kB
MemFree:         1324052 kB
MemAvailable:    1534812 kB
Buffers:           33060 kB
Cached:           294736 kB
MemTotal:        1844596 kB
MemFree:         1323820 kB
MemAvailable:    1534580 kB
Buffers:           33060 kB
Cached:           294736 kB
MemTotal:        1844596 kB
MemFree:         1322772 kB
MemAvailable:    1533532 kB
Buffers:           33060 kB
Cached:           294736 kB
MemTotal:        1844596 kB
MemFree:         1322688 kB
MemAvailable:    1533448 kB
Buffers:           33060 kB
Cached:           294736 kB
MemTotal:        1844596 kB
MemFree:         1322208 kB
MemAvailable:    1532968 kB
Buffers:           33060 kB
Cached:           294736 kB
MemTotal:        1844596 kB
MemFree:         1322428 kB
MemAvailable:    1533188 kB
Buffers:           33060 kB
Cached:           294736 kB
MemTotal:        1844596 kB
MemFree:         1322680 kB
MemAvailable:    1533440 kB
Buffers:           33060 kB
Cached:           294736 kB
MemTotal:        1844596 kB
MemFree:         1322428 kB
MemAvailable:    1533188 kB
Buffers:           33060 kB
Cached:           294736 kB
MemTotal:        1844596 kB
MemFree:         1322512 kB
MemAvailable:    1533272 kB
Buffers:           33060 kB
Cached:           294736 kB
MemTotal:        1844596 kB
MemFree:         1322304 kB
MemAvailable:    1533064 kB
Buffers:           33060 kB
Cached:           294736 kB
MemTotal:        1844596 kB
MemFree:         1322556 kB
MemAvailable:    1533316 kB
Buffers:           33060 kB
Cached:           294736 kB
MemTotal:        1844596 kB
MemFree:         1322336 kB
MemAvailable:    1533096 kB
Buffers:           33060 kB
Cached:           294736 kB
MemTotal:        1844596 kB
MemFree:         1320524 kB
MemAvailable:    1531284 kB
Buffers:           33060 kB
Cached:           294736 kB
MemTotal:        1844596 kB
MemFree:         1320464 kB
MemAvailable:    1531224 kB
Buffers:           33060 kB
Cached:           294736 kB
MemTotal:        1844596 kB
MemFree:         1321448 kB
MemAvailable:    1532208 kB
Buffers:           33060 kB
Cached:           294736 kB
MemTotal:        1844596 kB
MemFree:         1320416 kB
MemAvailable:    1531176 kB
Buffers:           33060 kB
Cached:           294736 kB
MemTotal:        1844596 kB
MemFree:         1320160 kB
MemAvailable:    1530920 kB
Buffers:           33060 kB
Cached:           294736 kB
MemTotal:        1844596 kB
MemFree:         1321428 kB
MemAvailable:    1532188 kB
Buffers:           33060 kB
Cached:           294736 kB
MemTotal:        1844596 kB
MemFree:         1320068 kB
MemAvailable:    1530828 kB
Buffers:           33060 kB
Cached:           294736 kB
MemTotal:        1844596 kB
MemFree:         1320144 kB
MemAvailable:    1530904 kB
Buffers:           33060 kB
Cached:           294736 kB
MemTotal:        1844596 kB
MemFree:         1321384 kB
MemAvailable:    1532144 kB
Buffers:           33060 kB
Cached:           294736 kB
MemTotal:        1844596 kB
MemFree:         1321384 kB
MemAvailable:    1532144 kB
Buffers:           33060 kB
Cached:           294736 kB
MemTotal:        1844596 kB
MemFree:         1321548 kB
MemAvailable:    1532308 kB
Buffers:           33060 kB
Cached:           294736 kB
MemTotal:        1844596 kB
MemFree:         1321228 kB
MemAvailable:    1531988 kB
Buffers:           33060 kB
Cached:           294736 kB
MemTotal:        1844596 kB
MemFree:         1321284 kB
MemAvailable:    1532044 kB
Buffers:           33060 kB
Cached:           294736 kB
MemTotal:        1844596 kB
MemFree:         1319788 kB
MemAvailable:    1530548 kB
Buffers:           33060 kB
Cached:           294736 kB
MemTotal:        1844596 kB
MemFree:         1319728 kB
MemAvailable:    1530488 kB
Buffers:           33060 kB
Cached:           294736 kB
MemTotal:        1844596 kB
MemFree:         1319472 kB
MemAvailable:    1530232 kB
Buffers:           33060 kB
Cached:           294736 kB
MemTotal:        1844596 kB
MemFree:         1320492 kB
MemAvailable:    1531252 kB
Buffers:           33060 kB
Cached:           294736 kB
MemTotal:        1844596 kB
MemFree:         1320492 kB
MemAvailable:    1531252 kB
Buffers:           33060 kB
Cached:           294736 kB
MemTotal:        1844596 kB
MemFree:         1320584 kB
MemAvailable:    1531344 kB
Buffers:           33060 kB
Cached:           294736 kB
MemTotal:        1844596 kB
MemFree:         1319728 kB
MemAvailable:    1530488 kB
Buffers:           33060 kB
Cached:           294736 kB
MemTotal:        1844596 kB
MemFree:         1319100 kB
MemAvailable:    1529868 kB
Buffers:           33060 kB
Cached:           294744 kB
MemTotal:        1844596 kB
MemFree:         1319852 kB
MemAvailable:    1530620 kB
Buffers:           33060 kB
Cached:           294744 kB
MemTotal:        1844596 kB
MemFree:         1320332 kB
MemAvailable:    1531100 kB
Buffers:           33060 kB
Cached:           294744 kB
MemTotal:        1844596 kB
MemFree:         1319356 kB
MemAvailable:    1530124 kB
Buffers:           33060 kB
Cached:           294744 kB
MemTotal:        1844596 kB
MemFree:         1317240 kB
MemAvailable:    1528008 kB
Buffers:           33060 kB
Cached:           294744 kB
MemTotal:        1844596 kB
MemFree:         1314380 kB
MemAvailable:    1525148 kB
Buffers:           33060 kB
Cached:           294744 kB
MemTotal:        1844596 kB
MemFree:         1313900 kB
MemAvailable:    1524668 kB
Buffers:           33060 kB
Cached:           294744 kB
MemTotal:        1844596 kB
MemFree:         1313092 kB
MemAvailable:    1523860 kB
Buffers:           33060 kB
Cached:           294744 kB
MemTotal:        1844596 kB
MemFree:         1312784 kB
MemAvailable:    1523552 kB
Buffers:           33060 kB
Cached:           294744 kB
MemTotal:        1844596 kB
MemFree:         1311284 kB
MemAvailable:    1522052 kB
Buffers:           33060 kB
Cached:           294744 kB
MemTotal:        1844596 kB
MemFree:         1312668 kB
MemAvailable:    1523436 kB
Buffers:           33060 kB
Cached:           294744 kB
MemTotal:        1844596 kB
MemFree:         1311396 kB
MemAvailable:    1522164 kB
Buffers:           33060 kB
Cached:           294744 kB
MemTotal:        1844596 kB
MemFree:         1311272 kB
MemAvailable:    1522040 kB
Buffers:           33060 kB
Cached:           294744 kB
MemTotal:        1844596 kB
MemFree:         1312656 kB
MemAvailable:    1523424 kB
Buffers:           33060 kB
Cached:           294744 kB
MemTotal:        1844596 kB
MemFree:         1311668 kB
MemAvailable:    1522436 kB
Buffers:           33060 kB
Cached:           294744 kB
MemTotal:        1844596 kB
MemFree:         1312520 kB
MemAvailable:    1523288 kB
Buffers:           33060 kB
Cached:           294744 kB
MemTotal:        1844596 kB
MemFree:         1312660 kB
MemAvailable:    1523428 kB
Buffers:           33060 kB
Cached:           294744 kB
MemTotal:        1844596 kB
MemFree:         1312708 kB
MemAvailable:    1523476 kB
Buffers:           33060 kB
Cached:           294744 kB
MemTotal:        1844596 kB
MemFree:         1311360 kB
MemAvailable:    1522128 kB
Buffers:           33060 kB
Cached:           294744 kB
MemTotal:        1844596 kB
MemFree:         1312460 kB
MemAvailable:    1523228 kB
Buffers:           33060 kB
Cached:           294744 kB
MemTotal:        1844596 kB
MemFree:         1312536 kB
MemAvailable:    1523304 kB
Buffers:           33068 kB
Cached:           294736 kB
MemTotal:        1844596 kB
MemFree:         1312340 kB
MemAvailable:    1523108 kB
Buffers:           33072 kB
Cached:           294732 kB
MemTotal:        1844596 kB
MemFree:         1312340 kB
MemAvailable:    1523108 kB
Buffers:           33072 kB
Cached:           294732 kB
MemTotal:        1844596 kB
MemFree:         1310660 kB
MemAvailable:    1521428 kB
Buffers:           33072 kB
Cached:           294732 kB
MemTotal:        1844596 kB
MemFree:         1311604 kB
MemAvailable:    1522372 kB
Buffers:           33072 kB
Cached:           294732 kB
MemTotal:        1844596 kB
MemFree:         1310056 kB
MemAvailable:    1520824 kB
Buffers:           33072 kB
Cached:           294732 kB
MemTotal:        1844596 kB
MemFree:         1311108 kB
MemAvailable:    1521888 kB
Buffers:           33072 kB
Cached:           294744 kB
MemTotal:        1844596 kB
MemFree:         1310860 kB
MemAvailable:    1521640 kB
Buffers:           33072 kB
Cached:           294744 kB
MemTotal:        1844596 kB
MemFree:         1310660 kB
MemAvailable:    1521440 kB
Buffers:           33072 kB
Cached:           294744 kB
MemTotal:        1844596 kB
MemFree:         1309744 kB
MemAvailable:    1520524 kB
Buffers:           33072 kB
Cached:           294744 kB
MemTotal:        1844596 kB
MemFree:         1309124 kB
MemAvailable:    1519904 kB
Buffers:           33072 kB
Cached:           294744 kB
MemTotal:        1844596 kB
MemFree:         1307564 kB
MemAvailable:    1518344 kB
Buffers:           33072 kB
Cached:           294744 kB
MemTotal:        1844596 kB
MemFree:         1307772 kB
MemAvailable:    1518552 kB
Buffers:           33072 kB
Cached:           294744 kB
MemTotal:        1844596 kB
MemFree:         1307684 kB
MemAvailable:    1518464 kB
Buffers:           33072 kB
Cached:           294744 kB
MemTotal:        1844596 kB
MemFree:         1308876 kB
MemAvailable:    1519656 kB
Buffers:           33072 kB
Cached:           294744 kB
MemTotal:        1844596 kB
MemFree:         1308672 kB
MemAvailable:    1519452 kB
Buffers:           33072 kB
Cached:           294744 kB
MemTotal:        1844596 kB
MemFree:         1308800 kB
MemAvailable:    1519580 kB
Buffers:           33072 kB
Cached:           294744 kB
MemTotal:        1844596 kB
MemFree:         1308712 kB
MemAvailable:    1519492 kB
Buffers:           33072 kB
Cached:           294744 kB
MemTotal:        1844596 kB
MemFree:         1307452 kB
MemAvailable:    1518232 kB
Buffers:           33072 kB
Cached:           294744 kB
MemTotal:        1844596 kB
MemFree:         1308692 kB
MemAvailable:    1519472 kB
Buffers:           33072 kB
Cached:           294744 kB
MemTotal:        1844596 kB
MemFree:         1307576 kB
MemAvailable:    1518356 kB
Buffers:           33072 kB
Cached:           294744 kB
MemTotal:        1844596 kB
MemFree:         1308692 kB
MemAvailable:    1519472 kB
Buffers:           33072 kB
Cached:           294744 kB
MemTotal:        1844596 kB
MemFree:         1307684 kB
MemAvailable:    1518464 kB
Buffers:           33072 kB
Cached:           294744 kB
MemTotal:        1844596 kB
MemFree:         1306944 kB
MemAvailable:    1517724 kB
Buffers:           33072 kB
Cached:           294744 kB
MemTotal:        1844596 kB
MemFree:         1307944 kB
MemAvailable:    1518724 kB
Buffers:           33072 kB
Cached:           294744 kB
MemTotal:        1844596 kB
MemFree:         1302080 kB
MemAvailable:    1512860 kB
Buffers:           33072 kB
Cached:           294744 kB
MemTotal:        1844596 kB
MemFree:         1301064 kB
MemAvailable:    1511844 kB
Buffers:           33072 kB
Cached:           294744 kB
MemTotal:        1844596 kB
MemFree:         1299888 kB
MemAvailable:    1510668 kB
Buffers:           33072 kB
Cached:           294744 kB
MemTotal:        1844596 kB
MemFree:         1299452 kB
MemAvailable:    1510232 kB
Buffers:           33072 kB
Cached:           294744 kB
MemTotal:        1844596 kB
MemFree:         1300760 kB
MemAvailable:    1511540 kB
Buffers:           33072 kB
Cached:           294744 kB
MemTotal:        1844596 kB
MemFree:         1300760 kB
MemAvailable:    1511540 kB
Buffers:           33072 kB
Cached:           294744 kB
MemTotal:        1844596 kB
MemFree:         1300136 kB
MemAvailable:    1510916 kB
Buffers:           33072 kB
Cached:           294744 kB
MemTotal:        1844596 kB
MemFree:         1302792 kB
MemAvailable:    1513572 kB
Buffers:           33072 kB
Cached:           294744 kB
MemTotal:        1844596 kB
MemFree:         1300980 kB
MemAvailable:    1511760 kB
Buffers:           33072 kB
Cached:           294744 kB
MemTotal:        1844596 kB
MemFree:         1301104 kB
MemAvailable:    1512052 kB
Buffers:           33072 kB
Cached:           294868 kB
MemTotal:        1844596 kB
MemFree:         1300756 kB
MemAvailable:    1511788 kB
Buffers:           33072 kB
Cached:           294992 kB
MemTotal:        1844596 kB
MemFree:         1301864 kB
MemAvailable:    1513064 kB
Buffers:           33072 kB
Cached:           295116 kB
MemTotal:        1844596 kB
MemFree:         1301608 kB
MemAvailable:    1512892 kB
Buffers:           33072 kB
Cached:           295240 kB
MemTotal:        1844596 kB
MemFree:         1300312 kB
MemAvailable:    1511680 kB
Buffers:           33072 kB
Cached:           295364 kB
MemTotal:        1844596 kB
MemFree:         1301596 kB
MemAvailable:    1512964 kB
Buffers:           33072 kB
Cached:           295364 kB
MemTotal:        1844596 kB
MemFree:         1300260 kB
MemAvailable:    1511628 kB
Buffers:           33072 kB
Cached:           295364 kB
MemTotal:        1844596 kB
MemFree:         1301360 kB
MemAvailable:    1512732 kB
Buffers:           33072 kB
Cached:           295368 kB
MemTotal:        1844596 kB
MemFree:         1301696 kB
MemAvailable:    1513068 kB
Buffers:           33072 kB
Cached:           295368 kB
MemTotal:        1844596 kB
MemFree:         1301444 kB
MemAvailable:    1512816 kB
Buffers:           33072 kB
Cached:           295368 kB
MemTotal:        1844596 kB
MemFree:         1301700 kB
MemAvailable:    1513072 kB
Buffers:           33072 kB
Cached:           295368 kB
MemTotal:        1844596 kB
MemFree:         1300080 kB
MemAvailable:    1511452 kB
Buffers:           33072 kB
Cached:           295368 kB
MemTotal:        1844596 kB
MemFree:         1302140 kB
MemAvailable:    1512924 kB
Buffers:           33072 kB
Cached:           294736 kB
MemTotal:        1844596 kB
MemFree:         1302308 kB
MemAvailable:    1513092 kB
Buffers:           33072 kB
Cached:           294736 kB
