MemTotal:        1844596 kB
MemFree:         1148256 kB
MemAvailable:    1560988 kB
Buffers:           58928 kB
Cached:           462360 kB
MemTotal:        1844596 kB
MemFree:         1119952 kB
MemAvailable:    1532688 kB
Buffers:           58928 kB
Cached:           462364 kB
MemTotal:        1844596 kB
MemFree:         1119076 kB
MemAvailable:    1531812 kB
Buffers:           58928 kB
Cached:           462364 kB
MemTotal:        1844596 kB
MemFree:         1117348 kB
MemAvailable:    1530084 kB
Buffers:           58928 kB
Cached:           462364 kB
MemTotal:        1844596 kB
MemFree:         1116968 kB
MemAvailable:    1529704 kB
Buffers:           58928 kB
Cached:           462364 kB
MemTotal:        1844596 kB
MemFree:         1116488 kB
MemAvailable:    1529224 kB
Buffers:           58928 kB
Cached:           462364 kB
MemTotal:        1844596 kB
MemFree:         1113736 kB
MemAvailable:    1526472 kB
Buffers:           58928 kB
Cached:           462364 kB
MemTotal:        1844596 kB
MemFree:         1113080 kB
MemAvailable:    1525816 kB
Buffers:           58928 kB
Cached:           462364 kB
MemTotal:        1844596 kB
MemFree:         1110644 kB
MemAvailable:    1523380 kB
Buffers:           58928 kB
Cached:           462364 kB
MemTotal:        1844596 kB
MemFree:         1107552 kB
MemAvailable:    1520288 kB
Buffers:           58928 kB
Cached:           462364 kB
MemTotal:        1844596 kB
MemFree:         1105908 kB
MemAvailable:    1518644 kB
Buffers:           58928 kB
Cached:           462364 kB
MemTotal:        1844596 kB
MemFree:         1105860 kB
MemAvailable:    1518596 kB
Buffers:           58928 kB
Cached:           462364 kB
MemTotal:        1844596 kB
MemFree:         1106916 kB
MemAvailable:    1519652 kB
Buffers:           58928 kB
Cached:           462364 kB
MemTotal:        1844596 kB
MemFree:         1107168 kB
MemAvailable:    1519904 kB
Buffers:           58928 kB
Cached:           462364 kB
MemTotal:        1844596 kB
MemFree:         1106736 kB
MemAvailable:    1519472 kB
Buffers:           58928 kB
Cached:           462364 kB
MemTotal:        1844596 kB
MemFree:         1106560 kB
MemAvailable:    1519296 kB
Buffers:           58928 kB
Cached:           462364 kB
MemTotal:        1844596 kB
MemFree:         1105552 kB
MemAvailable:    1518288 kB
Buffers:           58928 kB
Cached:           462364 kB
MemTotal:        1844596 kB
MemFree:         1104824 kB
MemAvailable:    1517560 kB
Buffers:           58928 kB
Cached:           462364 kB
MemTotal:        1844596 kB
MemFree:         1104560 kB
MemAvailable:    1517296 kB
Buffers:           58928 kB
Cached:           462364 kB
MemTotal:        1844596 kB
MemFree:         1104896 kB
MemAvailable:    1517632 kB
Buffers:           58928 kB
Cached:           462364 kB
MemTotal:        1844596 kB
MemFree:         1103444 kB
MemAvailable:    1516180 kB
Buffers:           58928 kB
Cached:           462364 kB
MemTotal:        1844596 kB
MemFree:         1104628 kB
MemAvailable:    1517364 kB
Buffers:           58928 kB
Cached:           462364 kB
MemTotal:        1844596 kB
MemFree:         1103280 kB
MemAvailable:    1516016 kB
Buffers:           58928 kB
Cached:           462364 kB
MemTotal:        1844596 kB
MemFree:         1104568 kB
MemAvailable:    1517304 kB
Buffers:           58928 kB
Cached:           462364 kB
MemTotal:        1844596 kB
MemFree:         1104196 kB
MemAvailable:    1516808 kB
Buffers:           58928 kB
Cached:           462364 kB
MemTotal:        1844596 kB
MemFree:         1104416 kB
MemAvailable:    1517152 kB
Buffers:           58928 kB
Cached:           462364 kB
MemTotal:        1844596 kB
MemFree:         1104752 kB
MemAvailable:    1517488 kB
Buffers:           58928 kB
Cached:           462364 kB
MemTotal:        1844596 kB
MemFree:         1105304 kB
MemAvailable:    1518040 kB
Buffers:           58928 kB
Cached:           462364 kB
MemTotal:        1844596 kB
MemFree:         1105516 kB
MemAvailable:    1518252 kB
Buffers:           58928 kB
Cached:           462364 kB
MemTotal:        1844596 kB
MemFree:         1102468 kB
MemAvailable:    1515204 kB
Buffers:           58928 kB
Cached:           462364 kB
MemTotal:        1844596 kB
MemFree:         1100800 kB
MemAvailable:    1513536 kB
Buffers:           58928 kB
Cached:           462364 kB
MemTotal:        1844596 kB
MemFree:         1100544 kB
MemAvailable:    1513280 kB
Buffers:           58928 kB
Cached:           462364 kB
MemTotal:        1844596 kB
MemFree:         1101540 kB
MemAvailable:    1514276 kB
Buffers:           58928 kB
Cached:           462364 kB
MemTotal:        1844596 kB
MemFree:         1100652 kB
MemAvailable:    1513388 kB
Buffers:           58928 kB
Cached:           462364 kB
MemTotal:        1844596 kB
MemFree:         1100412 kB
MemAvailable:    1513148 kB
Buffers:           58928 kB
Cached:           462364 kB
MemTotal:        1844596 kB
MemFree:         1100532 kB
MemAvailable:    1513268 kB
Buffers:           58928 kB
Cached:           462364 kB
MemTotal:        1844596 kB
MemFree:         1100424 kB
MemAvailable:    1513160 kB
Buffers:           58928 kB
Cached:           462364 kB
MemTotal:        1844596 kB
MemFree:         1100188 kB
MemAvailable:    1512924 kB
Buffers:           58928 kB
Cached:           462364 kB
MemTotal:        1844596 kB
MemFree:         1100272 kB
MemAvailable:    1513008 kB
Buffers:           58928 kB
Cached:           462364 kB
MemTotal:        1844596 kB
MemFree:         1100032 kB
MemAvailable:    1512768 kB
Buffers:           58928 kB
Cached:           462364 kB
MemTotal:        1844596 kB
MemFree:         1100200 kB
MemAvailable:    1512936 kB
Buffers:           58928 kB
Cached:           462364 kB
MemTotal:        1844596 kB
MemFree:         1098692 kB
MemAvailable:    1511428 kB
Buffers:           58928 kB
Cached:           462364 kB
MemTotal:        1844596 kB
MemFree:         1098492 kB
MemAvailable:    1511228 kB
Buffers:           58928 kB
Cached:           462364 kB
MemTotal:        1844596 kB
MemFree:         1098072 kB
MemAvailable:    1510808 kB
Buffers:           58928 kB
Cached:           462364 kB
MemTotal:        1844596 kB
MemFree:         1099372 kB
MemAvailable:    1512108 kB
Buffers:           58928 kB
Cached:           462364 kB
MemTotal:        1844596 kB
MemFree:         1098320 kB
MemAvailable:    1511056 kB
Buffers:           58928 kB
Cached:           462364 kB
MemTotal:        1844596 kB
MemFree:         1098232 kB
MemAvailable:    1510968 kB
Buffers:           58928 kB
Cached:           462364 kB
MemTotal:        1844596 kB
MemFree:         1098100 kB
MemAvailable:    1510836 kB
Buffers:           58928 kB
Cached:           462364 kB
MemTotal:        1844596 kB
MemFree:         1099228 kB
MemAvailable:    1511968 kB
Buffers:           58928 kB
Cached:           462368 kB
MemTotal:        1844596 kB
MemFree:         1099396 kB
MemAvailable:    1512136 kB
Buffers:           58928 kB
Cached:           462368 kB
MemTotal:        1844596 kB
MemFree:         1099480 kB
MemAvailable:    1512220 kB
Buffers:           58928 kB
Cached:           462368 kB
MemTotal:        1844596 kB
MemFree:         1098068 kB
MemAvailable:    1510808 kB
Buffers:           58928 kB
Cached:           462368 kB
MemTotal:        1844596 kB
MemFree:         1099300 kB
MemAvailable:    1512040 kB
Buffers:           58928 kB
Cached:           462368 kB
MemTotal:        1844596 kB
MemFree:         1097556 kB
MemAvailable:    1510296 kB
Buffers:           58928 kB
Cached:           462368 kB
MemTotal:        1844596 kB
MemFree:         1098760 kB
MemAvailable:    1511500 kB
Buffers:           58928 kB
Cached:           462368 kB
MemTotal:        1844596 kB
MemFree:         1098608 kB
MemAvailable:    1511348 kB
Buffers:           58928 kB
Cached:           462368 kB
MemTotal:        1844596 kB
MemFree:         1098624 kB
MemAvailable:    1511364 kB
Buffers:           58928 kB
Cached:           462368 kB
MemTotal:        1844596 kB
MemFree:         1098428 kB
MemAvailable:    1511168 kB
Buffers:           58928 kB
Cached:           462368 kB
MemTotal:        1844596 kB
MemFree:         1097880 kB
MemAvailable:    1510620 kB
Buffers:           58928 kB
Cached:           462368 kB
MemTotal:        1844596 kB
MemFree:         1098444 kB
MemAvailable:    1511184 kB
Buffers:           58928 kB
Cached:           462368 kB
MemTotal:        1844596 kB
MemFree:         1097324 kB
MemAvailable:    1510064 kB
Buffers:           58928 kB
Cached:           462368 kB
MemTotal:        1844596 kB
MemFree:         1097236 kB
MemAvailable:    1509976 kB
Buffers:           58928 kB
Cached:           462368 kB
MemTotal:        1844596 kB
MemFree:         1097360 kB
MemAvailable:    1510100 kB
Buffers:           58928 kB
Cached:           462368 kB
MemTotal:        1844596 kB
MemFree:         1098604 kB
MemAvailable:    1511344 kB
Buffers:           58928 kB
Cached:           462368 kB
MemTotal:        1844596 kB
MemFree:         1097232 kB
MemAvailable:    1509972 kB
Buffers:           58928 kB
Cached:           462368 kB
MemTotal:        1844596 kB
MemFree:         1097224 kB
MemAvailable:    1509964 kB
Buffers:           58928 kB
Cached:           462368 kB
MemTotal:        1844596 kB
MemFree:         1094764 kB
MemAvailable:    1507504 kB
Buffers:           58928 kB
Cached:           462368 kB
MemTotal:        1844596 kB
MemFree:         1094160 kB
MemAvailable:    1506900 kB
Buffers:           58928 kB
Cached:           462368 kB
MemTotal:        1844596 kB
MemFree:         1091044 kB
MemAvailable:    1503784 kB
Buffers:           58928 kB
Cached:           462368 kB
MemTotal:        1844596 kB
MemFree:         1090688 kB
MemAvailable:    1503428 kB
Buffers:           58928 kB
Cached:           462368 kB
MemTotal:        1844596 kB
MemFree:         1090756 kB
MemAvailable:    1503496 kB
Buffers:           58928 kB
Cached:           462368 kB
MemTotal:        1844596 kB
MemFree:         1089572 kB
MemAvailable:    1502312 kB
Buffers:           58928 kB
Cached:           462368 kB
MemTotal:        1844596 kB
MemFree:         1090400 kB
MemAvailable:    1503140 kB
Buffers:           58928 kB
Cached:           462368 kB
MemTotal:        1844596 kB
MemFree:         1089324 kB
MemAvailable:    1502064 kB
Buffers:           58928 kB
Cached:           462368 kB
MemTotal:        1844596 kB
MemFree:         1090564 kB
MemAvailable:    1503304 kB
Buffers:           58928 kB
Cached:           462368 kB
MemTotal:        1844596 kB
MemFree:         1089192 kB
MemAvailable:    1501932 kB
Buffers:           58928 kB
Cached:           462368 kB
MemTotal:        1844596 kB
MemFree:         1090732 kB
MemAvailable:    1503472 kB
Buffers:           58928 kB
Cached:           462368 kB
MemTotal:        1844596 kB
MemFree:         1090452 kB
MemAvailable:    1503192 kB
Buffers:           58928 kB
Cached:           462368 kB
MemTotal:        1844596 kB
MemFree:         1089192 kB
MemAvailable:    1501932 kB
Buffers:           58928 kB
Cached:           462368 kB
MemTotal:        1844596 kB
MemFree:         1089276 kB
MemAvailable:    1502016 kB
Buffers:           58928 kB
Cached:           462368 kB
MemTotal:        1844596 kB
MemFree:         1090516 kB
MemAvailable:    1503256 kB
Buffers:           58928 kB
Cached:           462368 kB
MemTotal:        1844596 kB
MemFree:         1090488 kB
MemAvailable:    1503228 kB
Buffers:           58928 kB
Cached:           462368 kB
MemTotal:        1844596 kB
MemFree:         1089076 kB
MemAvailable:    1501816 kB
Buffers:           58928 kB
Cached:           462368 kB
MemTotal:        1844596 kB
MemFree:         1088696 kB
MemAvailable:    1501436 kB
Buffers:           58928 kB
Cached:           462368 kB
MemTotal:        1844596 kB
MemFree:         1089632 kB
MemAvailable:    1502372 kB
Buffers:           58928 kB
Cached:           462368 kB
MemTotal:        1844596 kB
MemFree:         1088076 kB
MemAvailable:    1500816 kB
Buffers:           58928 kB
Cached:           462368 kB
MemTotal:        1844596 kB
MemFree:         1087696 kB
MemAvailable:    1500436 kB
Buffers:           58928 kB
Cached:           462368 kB
MemTotal:        1844596 kB
MemFree:         1088704 kB
MemAvailable:    1501444 kB
Buffers:           58928 kB
Cached:           462368 kB
MemTotal:        1844596 kB
MemFree:         1088696 kB
MemAvailable:    1501436 kB
Buffers:           58928 kB
Cached:           462368 kB
MemTotal:        1844596 kB
MemFree:         1086216 kB
MemAvailable:    1498956 kB
Buffers:           58928 kB
Cached:           462368 kB
MemTotal:        1844596 kB
MemFree:         1087588 kB
MemAvailable:    1500328 kB
Buffers:           58928 kB
Cached:           462368 kB
MemTotal:        1844596 kB
MemFree:         1085852 kB
MemAvailable:    1498592 kB
Buffers:           58928 kB
Cached:           462368 kB
MemTotal:        1844596 kB
MemFree:         1085672 kB
MemAvailable:    1498412 kB
Buffers:           58928 kB
Cached:           462368 kB
MemTotal:        1844596 kB
MemFree:         1085664 kB
MemAvailable:    1498404 kB
Buffers:           58928 kB
Cached:           462368 kB
MemTotal:        1844596 kB
MemFree:         1086824 kB
MemAvailable:    1499564 kB
Buffers:           58928 kB
Cached:           462368 kB
MemTotal:        1844596 kB
MemFree:         1086780 kB
MemAvailable:    1499520 kB
Buffers:           58928 kB
Cached:           462368 kB
MemTotal:        1844596 kB
MemFree:         1086608 kB
MemAvailable:    1499348 kB
Buffers:           58928 kB
Cached:           462368 kB
MemTotal:        1844596 kB
MemFree:         1085428 kB
MemAvailable:    1498168 kB
Buffers:           58928 kB
Cached:           462368 kB
MemTotal:        1844596 kB
MemFree:         1085428 kB
MemAvailable:    1498168 kB
Buffers:           58928 kB
Cached:           462368 kB
MemTotal:        1844596 kB
MemFree:         1085428 kB
MemAvailable:    1498168 kB
Buffers:           58928 kB
Cached:           462368 kB
MemTotal:        1844596 kB
MemFree:         1085712 kB
MemAvailable:    1498452 kB
Buffers:           58928 kB
Cached:           462368 kB
MemTotal:        1844596 kB
MemFree:         1085960 kB
MemAvailable:    1498700 kB
Buffers:           58928 kB
Cached:           462368 kB
MemTotal:        1844596 kB
MemFree:         1085480 kB
MemAvailable:    1498220 kB
Buffers:           58928 kB
Cached:           462368 kB
MemTotal:        1844596 kB
MemFree:         1085856 kB
MemAvailable:    1498596 kB
Buffers:           58928 kB
Cached:           462368 kB
MemTotal:        1844596 kB
MemFree:         1080396 kB
MemAvailable:    1493136 kB
Buffers:           58928 kB
Cached:           462368 kB
MemTotal:        1844596 kB
MemFree:         1079096 kB
MemAvailable:    1491836 kB
Buffers:           58928 kB
Cached:           462368 kB
MemTotal:        1844596 kB
MemFree:         1077412 kB
MemAvailable:    1490152 kB
Buffers:           58928 kB
Cached:           462368 kB
MemTotal:        1844596 kB
MemFree:         1078704 kB
MemAvailable:    1491444 kB
Buffers:           58928 kB
Cached:           462368 kB
MemTotal:        1844596 kB
MemFree:         1078776 kB
MemAvailable:    1491516 kB
Buffers:           58928 kB
Cached:           462368 kB
MemTotal:        1844596 kB
MemFree:         1077536 kB
MemAvailable:    1490276 kB
Buffers:           58928 kB
Cached:           462368 kB
MemTotal:        1844596 kB
MemFree:         1079208 kB
MemAvailable:    1491948 kB
Buffers:           58928 kB
Cached:           462368 kB
MemTotal:        1844596 kB
MemFree:         1079396 kB
MemAvailable:    1492136 kB
Buffers:           58928 kB
Cached:           462492 kB
MemTotal:        1844596 kB
MemFree:         1079280 kB
MemAvailable:    1492188 kB
Buffers:           58928 kB
Cached:           462616 kB
MemTotal:        1844596 kB
MemFree:         1080264 kB
MemAvailable:    1493396 kB
Buffers:           58928 kB
Cached:           462712 kB
MemTotal:        1844596 kB
MemFree:         1078652 kB
MemAvailable:    1491868 kB
Buffers:           58928 kB
Cached:           462836 kB
MemTotal:        1844596 kB
MemFree:         1079512 kB
MemAvailable:    1492896 kB
Buffers:           58928 kB
Cached:           463084 kB
MemTotal:        1844596 kB
MemFree:         1079596 kB
MemAvailable:    1492980 kB
Buffers:           58928 kB
Cached:           463084 kB
MemTotal:        1844596 kB
MemFree:         1079452 kB
MemAvailable:    1492920 kB
Buffers:           58928 kB
Cached:           463084 kB
MemTotal:        1844596 kB
MemFree:         1079204 kB
MemAvailable:    1492672 kB
Buffers:           58928 kB
Cached:           463084 kB
MemTotal:        1844596 kB
MemFree:         1079456 kB
MemAvailable:    1492924 kB
Buffers:           58928 kB
Cached:           463084 kB
MemTotal:        1844596 kB
MemFree:         1078008 kB
MemAvailable:    1491476 kB
Buffers:           58928 kB
Cached:           463084 kB
MemTotal:        1844596 kB
MemFree:         1079424 kB
MemAvailable:    1492892 kB
Buffers:           58928 kB
Cached:           463084 kB
MemTotal:        1844596 kB
MemFree:         1079332 kB
MemAvailable:    1492800 kB
Buffers:           58928 kB
Cached:           463084 kB
MemTotal:        1844596 kB
MemFree:         1080236 kB
MemAvailable:    1493032 kB
Buffers:           58928 kB
Cached:           462452 kB
MemTotal:        1844596 kB
MemFree:         1092724 kB
MemAvailable:    1505520 kB
Buffers:           58928 kB
Cached:           462452 kB
MemTotal:        1844596 kB
MemFree:         1147124 kB
MemAvailable:    1559920 kB
Buffers:           58928 kB
Cached:           462452 kB
