MemTotal:        1844596 kB
MemFree:         1343204 kB
MemAvailable:    1577908 kB
Buffers:           36716 kB
Cached:           317856 kB
MemTotal:        1844596 kB
MemFree:         1314576 kB
MemAvailable:    1549284 kB
Buffers:           36716 kB
Cached:           317860 kB
MemTotal:        1844596 kB
MemFree:         1313832 kB
MemAvailable:    1548540 kB
Buffers:           36716 kB
Cached:           317860 kB
MemTotal:        1844596 kB
MemFree:         1313320 kB
MemAvailable:    1548028 kB
Buffers:           36716 kB
Cached:           317860 kB
MemTotal:        1844596 kB
MemFree:         1312840 kB
MemAvailable:    1547548 kB
Buffers:           36716 kB
Cached:           317860 kB
MemTotal:        1844596 kB
MemFree:         1311344 kB
MemAvailable:    1546052 kB
Buffers:           36716 kB
Cached:           317860 kB
MemTotal:        1844596 kB
MemFree:         1310360 kB
MemAvailable:    1545068 kB
Buffers:           36716 kB
Cached:           317860 kB
MemTotal:        1844596 kB
MemFree:         1307508 kB
MemAvailable:    1542216 kB
Buffers:           36716 kB
Cached:           317860 kB
MemTotal:        1844596 kB
MemFree:         1304780 kB
MemAvailable:    1539488 kB
Buffers:           36716 kB
Cached:           317860 kB
MemTotal:        1844596 kB
MemFree:         1300928 kB
MemAvailable:    1535636 kB
Buffers:           36716 kB
Cached:           317860 kB
MemTotal:        1844596 kB
MemFree:         1300572 kB
MemAvailable:    1535280 kB
Buffers:           36716 kB
Cached:           317860 kB
MemTotal:        1844596 kB
MemFree:         1302264 kB
MemAvailable:    1536972 kB
Buffers:           36716 kB
Cached:           317860 kB
MemTotal:        1844596 kB
MemFree:         1302272 kB
MemAvailable:    1536980 kB
Buffers:           36716 kB
Cached:           317860 kB
MemTotal:        1844596 kB
MemFree:         1302176 kB
MemAvailable:    1536884 kB
Buffers:           36716 kB
Cached:           317860 kB
MemTotal:        1844596 kB
MemFree:         1301988 kB
MemAvailable:    1536696 kB
Buffers:           36716 kB
Cached:           317860 kB
MemTotal:        1844596 kB
MemFree:         1301556 kB
MemAvailable:    1536264 kB
Buffers:           36716 kB
Cached:           317860 kB
MemTotal:        1844596 kB
MemFree:         1300540 kB
MemAvailable:    1535248 kB
Buffers:           36716 kB
Cached:           317860 kB
MemTotal:        1844596 kB
MemFree:         1300416 kB
MemAvailable:    1535124 kB
Buffers:           36716 kB
Cached:           317860 kB
MemTotal:        1844596 kB
MemFree:         1300308 kB
MemAvailable:    1534892 kB
Buffers:           36716 kB
Cached:           317860 kB
MemTotal:        1844596 kB
MemFree:         1300152 kB
MemAvailable:    1534860 kB
Buffers:           36716 kB
Cached:           317860 kB
MemTotal:        1844596 kB
MemFree:         1299672 kB
MemAvailable:    1534380 kB
Buffers:           36716 kB
Cached:           317860 kB
MemTotal:        1844596 kB
MemFree:         1299564 kB
MemAvailable:    1534272 kB
Buffers:           36716 kB
Cached:           317860 kB
MemTotal:        1844596 kB
MemFree:         1298260 kB
MemAvailable:    1532968 kB
Buffers:           36716 kB
Cached:           317860 kB
MemTotal:        1844596 kB
MemFree:         1298560 kB
MemAvailable:    1533268 kB
Buffers:           36716 kB
Cached:           317860 kB
MemTotal:        1844596 kB
MemFree:         1299556 kB
MemAvailable:    1534264 kB
Buffers:           36716 kB
Cached:           317860 kB
MemTotal:        1844596 kB
MemFree:         1299808 kB
MemAvailable:    1534516 kB
Buffers:           36716 kB
Cached:           317860 kB
MemTotal:        1844596 kB
MemFree:         1298308 kB
MemAvailable:    1533016 kB
Buffers:           36716 kB
Cached:           317860 kB
MemTotal:        1844596 kB
MemFree:         1299792 kB
MemAvailable:    1534500 kB
Buffers:           36716 kB
Cached:           317860 kB
MemTotal:        1844596 kB
MemFree:         1301132 kB
MemAvailable:    1535840 kB
Buffers:           36716 kB
Cached:           317860 kB
MemTotal:        1844596 kB
MemFree:         1298960 kB
MemAvailable:    1533668 kB
Buffers:           36716 kB
Cached:           317860 kB
MemTotal:        1844596 kB
MemFree:         1297332 kB
MemAvailable:    1532040 kB
Buffers:           36716 kB
Cached:           317860 kB
MemTotal:        1844596 kB
MemFree:         1296976 kB
MemAvailable:    1531684 kB
Buffers:           36716 kB
Cached:           317860 kB
MemTotal:        1844596 kB
MemFree:         1296728 kB
MemAvailable:    1531436 kB
Buffers:           36716 kB
Cached:           317860 kB
MemTotal:        1844596 kB
MemFree:         1295356 kB
MemAvailable:    1530064 kB
Buffers:           36716 kB
Cached:           317860 kB
MemTotal:        1844596 kB
MemFree:         1295116 kB
MemAvailable:    1529824 kB
Buffers:           36716 kB
Cached:           317860 kB
MemTotal:        1844596 kB
MemFree:         1294612 kB
MemAvailable:    1529320 kB
Buffers:           36716 kB
Cached:           317860 kB
MemTotal:        1844596 kB
MemFree:         1295672 kB
MemAvailable:    1530380 kB
Buffers:           36716 kB
Cached:           317860 kB
MemTotal:        1844596 kB
MemFree:         1295424 kB
MemAvailable:    1530132 kB
Buffers:           36716 kB
Cached:           317860 kB
MemTotal:        1844596 kB
MemFree:         1295676 kB
MemAvailable:    1530384 kB
Buffers:           36716 kB
Cached:           317860 kB
MemTotal:        1844596 kB
MemFree:         1294356 kB
MemAvailable:    1529064 kB
Buffers:           36716 kB
Cached:           317860 kB
MemTotal:        1844596 kB
MemFree:         1294472 kB
MemAvailable:    1529180 kB
Buffers:           36716 kB
Cached:           317860 kB
MemTotal:        1844596 kB
MemFree:         1294976 kB
MemAvailable:    1529684 kB
Buffers:           36716 kB
Cached:           317860 kB
MemTotal:        1844596 kB
MemFree:         1294496 kB
MemAvailable:    1529204 kB
Buffers:           36716 kB
Cached:           317860 kB
MemTotal:        1844596 kB
MemFree:         1294664 kB
MemAvailable:    1529372 kB
Buffers:           36716 kB
Cached:           317860 kB
MemTotal:        1844596 kB
MemFree:         1293116 kB
MemAvailable:    1527824 kB
Buffers:           36716 kB
Cached:           317860 kB
MemTotal:        1844596 kB
MemFree:         1293332 kB
MemAvailable:    1528040 kB
Buffers:           36716 kB
Cached:           317860 kB
MemTotal:        1844596 kB
MemFree:         1293332 kB
MemAvailable:    1528040 kB
Buffers:           36716 kB
Cached:           317860 kB
MemTotal:        1844596 kB
MemFree:         1294432 kB
MemAvailable:    1529140 kB
Buffers:           36716 kB
Cached:           317860 kB
MemTotal:        1844596 kB
MemFree:         1294684 kB
MemAvailable:    1529392 kB
Buffers:           36716 kB
Cached:           317860 kB
MemTotal:        1844596 kB
MemFree:         1294608 kB
MemAvailable:    1529316 kB
Buffers:           36716 kB
Cached:           317860 kB
MemTotal:        1844596 kB
MemFree:         1293752 kB
MemAvailable:    1528460 kB
Buffers:           36716 kB
Cached:           317860 kB
MemTotal:        1844596 kB
MemFree:         1294796 kB
MemAvailable:    1529508 kB
Buffers:           36716 kB
Cached:           317864 kB
MemTotal:        1844596 kB
MemFree:         1294672 kB
MemAvailable:    1529384 kB
Buffers:           36716 kB
Cached:           317864 kB
MemTotal:        1844596 kB
MemFree:         1294728 kB
MemAvailable:    1529440 kB
Buffers:           36716 kB
Cached:           317864 kB
MemTotal:        1844596 kB
MemFree:         1294108 kB
MemAvailable:    1528820 kB
Buffers:           36716 kB
Cached:           317864 kB
MemTotal:        1844596 kB
MemFree:         1292876 kB
MemAvailable:    1527588 kB
Buffers:           36716 kB
Cached:           317864 kB
MemTotal:        1844596 kB
MemFree:         1292752 kB
MemAvailable:    1527464 kB
Buffers:           36716 kB
Cached:           317864 kB
MemTotal:        1844596 kB
MemFree:         1293744 kB
MemAvailable:    1528456 kB
Buffers:           36716 kB
Cached:           317864 kB
MemTotal:        1844596 kB
MemFree:         1293264 kB
MemAvailable:    1527976 kB
Buffers:           36716 kB
Cached:           317864 kB
MemTotal:        1844596 kB
MemFree:         1292372 kB
MemAvailable:    1527084 kB
Buffers:           36716 kB
Cached:           317864 kB
MemTotal:        1844596 kB
MemFree:         1292504 kB
MemAvailable:    1527216 kB
Buffers:           36716 kB
Cached:           317864 kB
MemTotal:        1844596 kB
MemFree:         1292504 kB
MemAvailable:    1527216 kB
Buffers:           36716 kB
Cached:           317864 kB
MemTotal:        1844596 kB
MemFree:         1293792 kB
MemAvailable:    1528504 kB
Buffers:           36716 kB
Cached:           317864 kB
MemTotal:        1844596 kB
MemFree:         1293812 kB
MemAvailable:    1528524 kB
Buffers:           36716 kB
Cached:           317864 kB
MemTotal:        1844596 kB
MemFree:         1292192 kB
MemAvailable:    1526904 kB
Buffers:           36716 kB
Cached:           317864 kB
MemTotal:        1844596 kB
MemFree:         1293424 kB
MemAvailable:    1528136 kB
Buffers:           36716 kB
Cached:           317864 kB
MemTotal:        1844596 kB
MemFree:         1293424 kB
MemAvailable:    1528136 kB
Buffers:           36716 kB
Cached:           317864 kB
MemTotal:        1844596 kB
MemFree:         1293364 kB
MemAvailable:    1528076 kB
Buffers:           36716 kB
Cached:           317864 kB
MemTotal:        1844596 kB
MemFree:         1290652 kB
MemAvailable:    1525364 kB
Buffers:           36716 kB
Cached:           317864 kB
MemTotal:        1844596 kB
MemFree:         1287924 kB
MemAvailable:    1522636 kB
Buffers:           36716 kB
Cached:           317864 kB
MemTotal:        1844596 kB
MemFree:         1286272 kB
MemAvailable:    1520984 kB
Buffers:           36716 kB
Cached:           317864 kB
MemTotal:        1844596 kB
MemFree:         1285072 kB
MemAvailable:    1519784 kB
Buffers:           36716 kB
Cached:           317864 kB
MemTotal:        1844596 kB
MemFree:         1285760 kB
MemAvailable:    1520472 kB
Buffers:           36716 kB
Cached:           317864 kB
MemTotal:        1844596 kB
MemFree:         1285732 kB
MemAvailable:    1520444 kB
Buffers:           36716 kB
Cached:           317864 kB
MemTotal:        1844596 kB
MemFree:         1285620 kB
MemAvailable:    1520332 kB
Buffers:           36716 kB
Cached:           317864 kB
MemTotal:        1844596 kB
MemFree:         1285484 kB
MemAvailable:    1520196 kB
Buffers:           36716 kB
Cached:           317864 kB
MemTotal:        1844596 kB
MemFree:         1285320 kB
MemAvailable:    1520032 kB
Buffers:           36716 kB
Cached:           317864 kB
MemTotal:        1844596 kB
MemFree:         1285680 kB
MemAvailable:    1520392 kB
Buffers:           36716 kB
Cached:           317864 kB
MemTotal:        1844596 kB
MemFree:         1285484 kB
MemAvailable:    1520196 kB
Buffers:           36716 kB
Cached:           317864 kB
MemTotal:        1844596 kB
MemFree:         1285736 kB
MemAvailable:    1520448 kB
Buffers:           36716 kB
Cached:           317864 kB
MemTotal:        1844596 kB
MemFree:         1285544 kB
MemAvailable:    1520256 kB
Buffers:           36716 kB
Cached:           317864 kB
MemTotal:        1844596 kB
MemFree:         1285712 kB
MemAvailable:    1520424 kB
Buffers:           36716 kB
Cached:           317864 kB
MemTotal:        1844596 kB
MemFree:         1284452 kB
MemAvailable:    1519164 kB
Buffers:           36716 kB
Cached:           317864 kB
MemTotal:        1844596 kB
MemFree:         1284280 kB
MemAvailable:    1518992 kB
Buffers:           36716 kB
Cached:           317864 kB
MemTotal:        1844596 kB
MemFree:         1285496 kB
MemAvailable:    1520208 kB
Buffers:           36716 kB
Cached:           317864 kB
MemTotal:        1844596 kB
MemFree:         1285384 kB
MemAvailable:    1520096 kB
Buffers:           36716 kB
Cached:           317864 kB
MemTotal:        1844596 kB
MemFree:         1284940 kB
MemAvailable:    1519652 kB
Buffers:           36716 kB
Cached:           317864 kB
MemTotal:        1844596 kB
MemFree:         1283336 kB
MemAvailable:    1518048 kB
Buffers:           36716 kB
Cached:           317864 kB
MemTotal:        1844596 kB
MemFree:         1284204 kB
MemAvailable:    1518916 kB
Buffers:           36716 kB
Cached:           317864 kB
MemTotal:        1844596 kB
MemFree:         1284240 kB
MemAvailable:    1518952 kB
Buffers:           36716 kB
Cached:           317864 kB
MemTotal:        1844596 kB
MemFree:         1283876 kB
MemAvailable:    1518588 kB
Buffers:           36716 kB
Cached:           317864 kB
MemTotal:        1844596 kB
MemFree:         1283932 kB
MemAvailable:    1518644 kB
Buffers:           36716 kB
Cached:           317864 kB
MemTotal:        1844596 kB
MemFree:         1282716 kB
MemAvailable:    1517428 kB
Buffers:           36716 kB
Cached:           317864 kB
MemTotal:        1844596 kB
MemFree:         1282772 kB
MemAvailable:    1517484 kB
Buffers:           36716 kB
Cached:           317864 kB
MemTotal:        1844596 kB
MemFree:         1282048 kB
MemAvailable:    1516760 kB
Buffers:           36716 kB
Cached:           317864 kB
MemTotal:        1844596 kB
MemFree:         1281960 kB
MemAvailable:    1516672 kB
Buffers:           36716 kB
Cached:           317864 kB
MemTotal:        1844596 kB
MemFree:         1281888 kB
MemAvailable:    1516608 kB
Buffers:           36716 kB
Cached:           317872 kB
MemTotal:        1844596 kB
MemFree:         1280580 kB
MemAvailable:    1515300 kB
Buffers:           36716 kB
Cached:           317872 kB
MemTotal:        1844596 kB
MemFree:         1281784 kB
MemAvailable:    1516504 kB
Buffers:           36716 kB
Cached:           317872 kB
MemTotal:        1844596 kB
MemFree:         1281736 kB
MemAvailable:    1516456 kB
Buffers:           36716 kB
Cached:           317872 kB
MemTotal:        1844596 kB
MemFree:         1281732 kB
MemAvailable:    1516452 kB
Buffers:           36716 kB
Cached:           317872 kB
MemTotal:        1844596 kB
MemFree:         1281776 kB
MemAvailable:    1516496 kB
Buffers:           36716 kB
Cached:           317872 kB
MemTotal:        1844596 kB
MemFree:         1281596 kB
MemAvailable:    1516316 kB
Buffers:           36716 kB
Cached:           317872 kB
MemTotal:        1844596 kB
MemFree:         1280420 kB
MemAvailable:    1515140 kB
Buffers:           36716 kB
Cached:           317872 kB
MemTotal:        1844596 kB
MemFree:         1279856 kB
MemAvailable:    1514576 kB
Buffers:           36716 kB
Cached:           317872 kB
MemTotal:        1844596 kB
MemFree:         1280972 kB
MemAvailable:    1515692 kB
Buffers:           36716 kB
Cached:           317872 kB
MemTotal:        1844596 kB
MemFree:         1280864 kB
MemAvailable:    1515584 kB
Buffers:           36716 kB
Cached:           317872 kB
MemTotal:        1844596 kB
MemFree:         1273284 kB
MemAvailable:    1508004 kB
Buffers:           36716 kB
Cached:           317872 kB
MemTotal:        1844596 kB
MemFree:         1272796 kB
MemAvailable:    1507516 kB
Buffers:           36716 kB
Cached:           317872 kB
MemTotal:        1844596 kB
MemFree:         1273716 kB
MemAvailable:    1508436 kB
Buffers:           36716 kB
Cached:           317872 kB
MemTotal:        1844596 kB
MemFree:         1273780 kB
MemAvailable:    1508500 kB
Buffers:           36716 kB
Cached:           317872 kB
MemTotal:        1844596 kB
MemFree:         1272476 kB
MemAvailable:    1507196 kB
Buffers:           36716 kB
Cached:           317872 kB
MemTotal:        1844596 kB
MemFree:         1272776 kB
MemAvailable:    1507496 kB
Buffers:           36716 kB
Cached:           317872 kB
MemTotal:        1844596 kB
MemFree:         1274452 kB
MemAvailable:    1509172 kB
Buffers:           36724 kB
Cached:           317864 kB
MemTotal:        1844596 kB
MemFree:         1275384 kB
MemAvailable:    1510104 kB
Buffers:           36724 kB
Cached:           317988 kB
MemTotal:        1844596 kB
MemFree:         1275384 kB
MemAvailable:    1510104 kB
Buffers:           36724 kB
Cached:           317988 kB
MemTotal:        1844596 kB
MemFree:         1273764 kB
MemAvailable:    1508652 kB
Buffers:           36724 kB
Cached:           318112 kB
MemTotal:        1844596 kB
MemFree:         1275256 kB
MemAvailable:    1510312 kB
Buffers:           36724 kB
Cached:           318236 kB
MemTotal:        1844596 kB
MemFree:         1274896 kB
MemAvailable:    1510120 kB
Buffers:           36724 kB
Cached:           318360 kB
MemTotal:        1844596 kB
MemFree:         1274700 kB
MemAvailable:    1510008 kB
Buffers:           36724 kB
Cached:           318484 kB
MemTotal:        1844596 kB
MemFree:         1273416 kB
MemAvailable:    1508724 kB
Buffers:           36724 kB
Cached:           318484 kB
MemTotal:        1844596 kB
MemFree:         1274560 kB
MemAvailable:    1509868 kB
Buffers:           36724 kB
Cached:           318484 kB
MemTotal:        1844596 kB
MemFree:         1274732 kB
MemAvailable:    1510040 kB
Buffers:           36724 kB
Cached:           318484 kB
MemTotal:        1844596 kB
MemFree:         1274376 kB
MemAvailable:    1509684 kB
Buffers:           36724 kB
Cached:           318484 kB
MemTotal:        1844596 kB
MemFree:         1273144 kB
MemAvailable:    1508452 kB
Buffers:           36724 kB
Cached:           318484 kB
MemTotal:        1844596 kB
MemFree:         1274504 kB
MemAvailable:    1509812 kB
Buffers:           36724 kB
Cached:           318484 kB
MemTotal:        1844596 kB
MemFree:         1274656 kB
MemAvailable:    1509964 kB
Buffers:           36724 kB
Cached:           318484 kB
MemTotal:        1844596 kB
MemFree:         1274512 kB
MemAvailable:    1509904 kB
Buffers:           36724 kB
Cached:           318484 kB
MemTotal:        1844596 kB
MemFree:         1274624 kB
MemAvailable:    1510016 kB
Buffers:           36724 kB
Cached:           318484 kB
MemTotal:        1844596 kB
MemFree:         1312596 kB
MemAvailable:    1547316 kB
Buffers:           36724 kB
Cached:           317852 kB
