MemTotal:        1844596 kB
MemFree:         1144732 kB
MemAvailable:    1560608 kB
Buffers:           59264 kB
Cached:           465044 kB
MemTotal:        1844596 kB
MemFree:         1116980 kB
MemAvailable:    1533004 kB
Buffers:           59276 kB
Cached:           465048 kB
MemTotal:        1844596 kB
MemFree:         1115740 kB
MemAvailable:    1531764 kB
Buffers:           59276 kB
Cached:           465048 kB
MemTotal:        1844596 kB
MemFree:         1113624 kB
MemAvailable:    1529648 kB
Buffers:           59276 kB
Cached:           465048 kB
MemTotal:        1844596 kB
MemFree:         1112384 kB
MemAvailable:    1528408 kB
Buffers:           59276 kB
Cached:           465048 kB
MemTotal:        1844596 kB
MemFree:         1112384 kB
MemAvailable:    1528408 kB
Buffers:           59276 kB
Cached:           465048 kB
MemTotal:        1844596 kB
MemFree:         1111948 kB
MemAvailable:    1527972 kB
Buffers:           59276 kB
Cached:           465048 kB
MemTotal:        1844596 kB
MemFree:         1109540 kB
MemAvailable:    1525564 kB
Buffers:           59276 kB
Cached:           465048 kB
MemTotal:        1844596 kB
MemFree:         1105944 kB
MemAvailable:    1521968 kB
Buffers:           59276 kB
Cached:           465048 kB
MemTotal:        1844596 kB
MemFree:         1102348 kB
MemAvailable:    1518372 kB
Buffers:           59276 kB
Cached:           465048 kB
MemTotal:        1844596 kB
MemFree:         1103568 kB
MemAvailable:    1519592 kB
Buffers:           59276 kB
Cached:           465048 kB
MemTotal:        1844596 kB
MemFree:         1103608 kB
MemAvailable:    1519632 kB
Buffers:           59276 kB
Cached:           465048 kB
MemTotal:        1844596 kB
MemFree:         1103448 kB
MemAvailable:    1519472 kB
Buffers:           59276 kB
Cached:           465048 kB
MemTotal:        1844596 kB
MemFree:         1103340 kB
MemAvailable:    1519364 kB
Buffers:           59276 kB
Cached:           465048 kB
MemTotal:        1844596 kB
MemFree:         1102288 kB
MemAvailable:    1518312 kB
Buffers:           59276 kB
Cached:           465048 kB
MemTotal:        1844596 kB
MemFree:         1101968 kB
MemAvailable:    1517992 kB
Buffers:           59276 kB
Cached:           465048 kB
MemTotal:        1844596 kB
MemFree:         1101596 kB
MemAvailable:    1517620 kB
Buffers:           59276 kB
Cached:           465048 kB
MemTotal:        1844596 kB
MemFree:         1101092 kB
MemAvailable:    1517116 kB
Buffers:           59276 kB
Cached:           465048 kB
MemTotal:        1844596 kB
MemFree:         1100984 kB
MemAvailable:    1517008 kB
Buffers:           59276 kB
Cached:           465048 kB
MemTotal:        1844596 kB
MemFree:         1101040 kB
MemAvailable:    1517064 kB
Buffers:           59276 kB
Cached:           465048 kB
MemTotal:        1844596 kB
MemFree:         1100984 kB
MemAvailable:    1517008 kB
Buffers:           59276 kB
Cached:           465048 kB
MemTotal:        1844596 kB
MemFree:         1101156 kB
MemAvailable:    1517180 kB
Buffers:           59276 kB
Cached:           465048 kB
MemTotal:        1844596 kB
MemFree:         1101108 kB
MemAvailable:    1517132 kB
Buffers:           59276 kB
Cached:           465048 kB
MemTotal:        1844596 kB
MemFree:         1099844 kB
MemAvailable:    1515868 kB
Buffers:           59276 kB
Cached:           465048 kB
MemTotal:        1844596 kB
MemFree:         1101144 kB
MemAvailable:    1517168 kB
Buffers:           59276 kB
Cached:           465048 kB
MemTotal:        1844596 kB
MemFree:         1099796 kB
MemAvailable:    1515820 kB
Buffers:           59276 kB
Cached:           465048 kB
MemTotal:        1844596 kB
MemFree:         1101100 kB
MemAvailable:    1517124 kB
Buffers:           59276 kB
Cached:           465048 kB
MemTotal:        1844596 kB
MemFree:         1101184 kB
MemAvailable:    1517208 kB
Buffers:           59276 kB
Cached:           465048 kB
MemTotal:        1844596 kB
MemFree:         1099744 kB
MemAvailable:    1515768 kB
Buffers:           59276 kB
Cached:           465048 kB
MemTotal:        1844596 kB
MemFree:         1097876 kB
MemAvailable:    1513900 kB
Buffers:           59276 kB
Cached:           465048 kB
MemTotal:        1844596 kB
MemFree:         1097760 kB
MemAvailable:    1513784 kB
Buffers:           59276 kB
Cached:           465048 kB
MemTotal:        1844596 kB
MemFree:         1096884 kB
MemAvailable:    1512908 kB
Buffers:           59276 kB
Cached:           465048 kB
MemTotal:        1844596 kB
MemFree:         1096760 kB
MemAvailable:    1512784 kB
Buffers:           59276 kB
Cached:           465048 kB
MemTotal:        1844596 kB
MemFree:         1096884 kB
MemAvailable:    1512908 kB
Buffers:           59276 kB
Cached:           465048 kB
MemTotal:        1844596 kB
MemFree:         1097124 kB
MemAvailable:    1513148 kB
Buffers:           59276 kB
Cached:           465048 kB
MemTotal:        1844596 kB
MemFree:         1096892 kB
MemAvailable:    1512916 kB
Buffers:           59276 kB
Cached:           465048 kB
MemTotal:        1844596 kB
MemFree:         1096864 kB
MemAvailable:    1512888 kB
Buffers:           59276 kB
Cached:           465048 kB
MemTotal:        1844596 kB
MemFree:         1096892 kB
MemAvailable:    1512916 kB
Buffers:           59276 kB
Cached:           465048 kB
MemTotal:        1844596 kB
MemFree:         1096864 kB
MemAvailable:    1512888 kB
Buffers:           59276 kB
Cached:           465048 kB
MemTotal:        1844596 kB
MemFree:         1097116 kB
MemAvailable:    1513140 kB
Buffers:           59276 kB
Cached:           465048 kB
MemTotal:        1844596 kB
MemFree:         1096752 kB
MemAvailable:    1512776 kB
Buffers:           59276 kB
Cached:           465048 kB
MemTotal:        1844596 kB
MemFree:         1096580 kB
MemAvailable:    1512604 kB
Buffers:           59276 kB
Cached:           465048 kB
MemTotal:        1844596 kB
MemFree:         1095032 kB
MemAvailable:    1511056 kB
Buffers:           59276 kB
Cached:           465048 kB
MemTotal:        1844596 kB
MemFree:         1094652 kB
MemAvailable:    1510676 kB
Buffers:           59276 kB
Cached:           465048 kB
MemTotal:        1844596 kB
MemFree:         1096012 kB
MemAvailable:    1512036 kB
Buffers:           59276 kB
Cached:           465048 kB
MemTotal:        1844596 kB
MemFree:         1094848 kB
MemAvailable:    1510872 kB
Buffers:           59276 kB
Cached:           465048 kB
MemTotal:        1844596 kB
MemFree:         1094592 kB
MemAvailable:    1510616 kB
Buffers:           59276 kB
Cached:           465048 kB
MemTotal:        1844596 kB
MemFree:         1095796 kB
MemAvailable:    1511820 kB
Buffers:           59276 kB
Cached:           465048 kB
MemTotal:        1844596 kB
MemFree:         1094752 kB
MemAvailable:    1510776 kB
Buffers:           59276 kB
Cached:           465048 kB
MemTotal:        1844596 kB
MemFree:         1094580 kB
MemAvailable:    1510604 kB
Buffers:           59276 kB
Cached:           465048 kB
MemTotal:        1844596 kB
MemFree:         1095848 kB
MemAvailable:    1511872 kB
Buffers:           59276 kB
Cached:           465048 kB
MemTotal:        1844596 kB
MemFree:         1094488 kB
MemAvailable:    1510512 kB
Buffers:           59276 kB
Cached:           465048 kB
MemTotal:        1844596 kB
MemFree:         1094480 kB
MemAvailable:    1510504 kB
Buffers:           59276 kB
Cached:           465048 kB
MemTotal:        1844596 kB
MemFree:         1095712 kB
MemAvailable:    1511736 kB
Buffers:           59276 kB
Cached:           465048 kB
MemTotal:        1844596 kB
MemFree:         1095588 kB
MemAvailable:    1511612 kB
Buffers:           59276 kB
Cached:           465048 kB
MemTotal:        1844596 kB
MemFree:         1095456 kB
MemAvailable:    1511480 kB
Buffers:           59276 kB
Cached:           465048 kB
MemTotal:        1844596 kB
MemFree:         1094872 kB
MemAvailable:    1510896 kB
Buffers:           59276 kB
Cached:           465048 kB
MemTotal:        1844596 kB
MemFree:         1094956 kB
MemAvailable:    1510980 kB
Buffers:           59276 kB
Cached:           465048 kB
MemTotal:        1844596 kB
MemFree:         1093756 kB
MemAvailable:    1509780 kB
Buffers:           59276 kB
Cached:           465048 kB
MemTotal:        1844596 kB
MemFree:         1093716 kB
MemAvailable:    1509740 kB
Buffers:           59276 kB
Cached:           465048 kB
MemTotal:        1844596 kB
MemFree:         1093708 kB
MemAvailable:    1509732 kB
Buffers:           59276 kB
Cached:           465048 kB
MemTotal:        1844596 kB
MemFree:         1093716 kB
MemAvailable:    1509740 kB
Buffers:           59276 kB
Cached:           465048 kB
MemTotal:        1844596 kB
MemFree:         1094336 kB
MemAvailable:    1510360 kB
Buffers:           59276 kB
Cached:           465048 kB
MemTotal:        1844596 kB
MemFree:         1095032 kB
MemAvailable:    1511064 kB
Buffers:           59276 kB
Cached:           465056 kB
MemTotal:        1844596 kB
MemFree:         1092916 kB
MemAvailable:    1508948 kB
Buffers:           59276 kB
Cached:           465056 kB
MemTotal:        1844596 kB
MemFree:         1091436 kB
MemAvailable:    1507468 kB
Buffers:           59276 kB
Cached:           465056 kB
MemTotal:        1844596 kB
MemFree:         1089388 kB
MemAvailable:    1505420 kB
Buffers:           59276 kB
Cached:           465056 kB
MemTotal:        1844596 kB
MemFree:         1086228 kB
MemAvailable:    1502260 kB
Buffers:           59276 kB
Cached:           465056 kB
MemTotal:        1844596 kB
MemFree:         1086228 kB
MemAvailable:    1502260 kB
Buffers:           59276 kB
Cached:           465056 kB
MemTotal:        1844596 kB
MemFree:         1085856 kB
MemAvailable:    1501888 kB
Buffers:           59276 kB
Cached:           465056 kB
MemTotal:        1844596 kB
MemFree:         1087096 kB
MemAvailable:    1503128 kB
Buffers:           59276 kB
Cached:           465056 kB
MemTotal:        1844596 kB
MemFree:         1085716 kB
MemAvailable:    1501748 kB
Buffers:           59276 kB
Cached:           465056 kB
MemTotal:        1844596 kB
MemFree:         1086096 kB
MemAvailable:    1502128 kB
Buffers:           59276 kB
Cached:           465056 kB
MemTotal:        1844596 kB
MemFree:         1086536 kB
MemAvailable:    1502568 kB
Buffers:           59276 kB
Cached:           465056 kB
MemTotal:        1844596 kB
MemFree:         1085548 kB
MemAvailable:    1501580 kB
Buffers:           59276 kB
Cached:           465056 kB
MemTotal:        1844596 kB
MemFree:         1085836 kB
MemAvailable:    1501868 kB
Buffers:           59276 kB
Cached:           465056 kB
MemTotal:        1844596 kB
MemFree:         1085828 kB
MemAvailable:    1501860 kB
Buffers:           59276 kB
Cached:           465056 kB
MemTotal:        1844596 kB
MemFree:         1087020 kB
MemAvailable:    1503052 kB
Buffers:           59276 kB
Cached:           465056 kB
MemTotal:        1844596 kB
MemFree:         1086724 kB
MemAvailable:    1502756 kB
Buffers:           59276 kB
Cached:           465056 kB
MemTotal:        1844596 kB
MemFree:         1086776 kB
MemAvailable:    1502808 kB
Buffers:           59276 kB
Cached:           465056 kB
MemTotal:        1844596 kB
MemFree:         1086048 kB
MemAvailable:    1502080 kB
Buffers:           59276 kB
Cached:           465056 kB
MemTotal:        1844596 kB
MemFree:         1085156 kB
MemAvailable:    1501188 kB
Buffers:           59276 kB
Cached:           465056 kB
MemTotal:        1844596 kB
MemFree:         1086284 kB
MemAvailable:    1502316 kB
Buffers:           59276 kB
Cached:           465056 kB
MemTotal:        1844596 kB
MemFree:         1084732 kB
MemAvailable:    1500764 kB
Buffers:           59276 kB
Cached:           465056 kB
MemTotal:        1844596 kB
MemFree:         1084492 kB
MemAvailable:    1500524 kB
Buffers:           59276 kB
Cached:           465056 kB
MemTotal:        1844596 kB
MemFree:         1085296 kB
MemAvailable:    1501328 kB
Buffers:           59276 kB
Cached:           465056 kB
MemTotal:        1844596 kB
MemFree:         1085352 kB
MemAvailable:    1501384 kB
Buffers:           59276 kB
Cached:           465056 kB
MemTotal:        1844596 kB
MemFree:         1082880 kB
MemAvailable:    1498912 kB
Buffers:           59276 kB
Cached:           465056 kB
MemTotal:        1844596 kB
MemFree:         1084000 kB
MemAvailable:    1500032 kB
Buffers:           59276 kB
Cached:           465056 kB
MemTotal:        1844596 kB
MemFree:         1083228 kB
MemAvailable:    1499260 kB
Buffers:           59276 kB
Cached:           465056 kB
MemTotal:        1844596 kB
MemFree:         1083564 kB
MemAvailable:    1499596 kB
Buffers:           59276 kB
Cached:           465056 kB
MemTotal:        1844596 kB
MemFree:         1082248 kB
MemAvailable:    1498280 kB
Buffers:           59276 kB
Cached:           465056 kB
MemTotal:        1844596 kB
MemFree:         1083092 kB
MemAvailable:    1499124 kB
Buffers:           59276 kB
Cached:           465056 kB
MemTotal:        1844596 kB
MemFree:         1082384 kB
MemAvailable:    1498416 kB
Buffers:           59276 kB
Cached:           465056 kB
MemTotal:        1844596 kB
MemFree:         1083240 kB
MemAvailable:    1499272 kB
Buffers:           59276 kB
Cached:           465056 kB
MemTotal:        1844596 kB
MemFree:         1083224 kB
MemAvailable:    1499256 kB
Buffers:           59276 kB
Cached:           465056 kB
MemTotal:        1844596 kB
MemFree:         1081736 kB
MemAvailable:    1497768 kB
Buffers:           59276 kB
Cached:           465056 kB
MemTotal:        1844596 kB
MemFree:         1081868 kB
MemAvailable:    1497900 kB
Buffers:           59276 kB
Cached:           465056 kB
MemTotal:        1844596 kB
MemFree:         1081868 kB
MemAvailable:    1497900 kB
Buffers:           59276 kB
Cached:           465056 kB
MemTotal:        1844596 kB
MemFree:         1082740 kB
MemAvailable:    1498772 kB
Buffers:           59276 kB
Cached:           465056 kB
MemTotal:        1844596 kB
MemFree:         1082740 kB
MemAvailable:    1498772 kB
Buffers:           59276 kB
Cached:           465056 kB
MemTotal:        1844596 kB
MemFree:         1082368 kB
MemAvailable:    1498400 kB
Buffers:           59276 kB
Cached:           465056 kB
MemTotal:        1844596 kB
MemFree:         1074944 kB
MemAvailable:    1490976 kB
Buffers:           59276 kB
Cached:           465056 kB
MemTotal:        1844596 kB
MemFree:         1075556 kB
MemAvailable:    1491588 kB
Buffers:           59276 kB
Cached:           465056 kB
MemTotal:        1844596 kB
MemFree:         1073944 kB
MemAvailable:    1489976 kB
Buffers:           59276 kB
Cached:           465056 kB
MemTotal:        1844596 kB
MemFree:         1075136 kB
MemAvailable:    1491168 kB
Buffers:           59276 kB
Cached:           465056 kB
MemTotal:        1844596 kB
MemFree:         1075304 kB
MemAvailable:    1491336 kB
Buffers:           59276 kB
Cached:           465056 kB
MemTotal:        1844596 kB
MemFree:         1077160 kB
MemAvailable:    1493192 kB
Buffers:           59276 kB
Cached:           465056 kB
MemTotal:        1844596 kB
MemFree:         1077300 kB
MemAvailable:    1493332 kB
Buffers:           59276 kB
Cached:           465056 kB
MemTotal:        1844596 kB
MemFree:         1076540 kB
MemAvailable:    1492656 kB
Buffers:           59276 kB
Cached:           465180 kB
MemTotal:        1844596 kB
MemFree:         1076876 kB
MemAvailable:    1493076 kB
Buffers:           59276 kB
Cached:           465180 kB
MemTotal:        1844596 kB
MemFree:         1076484 kB
MemAvailable:    1492852 kB
Buffers:           59276 kB
Cached:           465428 kB
MemTotal:        1844596 kB
MemFree:         1075316 kB
MemAvailable:    1491684 kB
Buffers:           59276 kB
Cached:           465428 kB
MemTotal:        1844596 kB
MemFree:         1076184 kB
MemAvailable:    1492636 kB
Buffers:           59276 kB
Cached:           465552 kB
MemTotal:        1844596 kB
MemFree:         1074688 kB
MemAvailable:    1491224 kB
Buffers:           59276 kB
Cached:           465676 kB
MemTotal:        1844596 kB
MemFree:         1075880 kB
MemAvailable:    1492500 kB
Buffers:           59276 kB
Cached:           465676 kB
MemTotal:        1844596 kB
MemFree:         1074944 kB
MemAvailable:    1491648 kB
Buffers:           59276 kB
Cached:           465800 kB
MemTotal:        1844596 kB
MemFree:         1075716 kB
MemAvailable:    1492472 kB
Buffers:           59276 kB
Cached:           465816 kB
MemTotal:        1844596 kB
MemFree:         1075688 kB
MemAvailable:    1492444 kB
Buffers:           59276 kB
Cached:           465816 kB
MemTotal:        1844596 kB
MemFree:         1075672 kB
MemAvailable:    1492428 kB
Buffers:           59276 kB
Cached:           465816 kB
MemTotal:        1844596 kB
MemFree:         1074640 kB
MemAvailable:    1491396 kB
Buffers:           59276 kB
Cached:           465816 kB
MemTotal:        1844596 kB
MemFree:         1076084 kB
MemAvailable:    1492840 kB
Buffers:           59276 kB
Cached:           465816 kB
MemTotal:        1844596 kB
MemFree:         1075852 kB
MemAvailable:    1492608 kB
Buffers:           59276 kB
Cached:           465816 kB
MemTotal:        1844596 kB
MemFree:         1074856 kB
MemAvailable:    1490940 kB
Buffers:           59276 kB
Cached:           465060 kB
MemTotal:        1844596 kB
MemFree:         1122476 kB
MemAvailable:    1538644 kB
Buffers:           59276 kB
Cached:           465060 kB
