MemTotal:        1844596 kB
MemFree:         1441160 kB
MemAvailable:    1607940 kB
Buffers:           20476 kB
Cached:           275092 kB
MemTotal:        1844596 kB
MemFree:         1415104 kB
MemAvailable:    1581888 kB
Buffers:           20476 kB
Cached:           275096 kB
MemTotal:        1844596 kB
MemFree:         1413720 kB
MemAvailable:    1580504 kB
Buffers:           20476 kB
Cached:           275096 kB
MemTotal:        1844596 kB
MemFree:         1413244 kB
MemAvailable:    1580028 kB
Buffers:           20476 kB
Cached:           275096 kB
MemTotal:        1844596 kB
MemFree:         1410136 kB
MemAvailable:    1576920 kB
Buffers:           20476 kB
Cached:           275096 kB
MemTotal:        1844596 kB
MemFree:         1410388 kB
MemAvailable:    1577172 kB
Buffers:           20476 kB
Cached:           275096 kB
MemTotal:        1844596 kB
MemFree:         1409956 kB
MemAvailable:    1576740 kB
Buffers:           20476 kB
Cached:           275096 kB
MemTotal:        1844596 kB
MemFree:         1409104 kB
MemAvailable:    1575888 kB
Buffers:           20476 kB
Cached:           275096 kB
MemTotal:        1844596 kB
MemFree:         1406292 kB
MemAvailable:    1573076 kB
Buffers:           20476 kB
Cached:           275096 kB
MemTotal:        1844596 kB
MemFree:         1406424 kB
MemAvailable:    1573208 kB
Buffers:           20476 kB
Cached:           275096 kB
MemTotal:        1844596 kB
MemFree:         1401688 kB
MemAvailable:    1568472 kB
Buffers:           20476 kB
Cached:           275096 kB
MemTotal:        1844596 kB
MemFree:         1398116 kB
MemAvailable:    1564900 kB
Buffers:           20476 kB
Cached:           275096 kB
MemTotal:        1844596 kB
MemFree:         1398976 kB
MemAvailable:    1565760 kB
Buffers:           20476 kB
Cached:           275096 kB
MemTotal:        1844596 kB
MemFree:         1400092 kB
MemAvailable:    1566876 kB
Buffers:           20476 kB
Cached:           275096 kB
MemTotal:        1844596 kB
MemFree:         1400348 kB
MemAvailable:    1567132 kB
Buffers:           20476 kB
Cached:           275096 kB
MemTotal:        1844596 kB
MemFree:         1399108 kB
MemAvailable:    1565892 kB
Buffers:           20476 kB
Cached:           275096 kB
MemTotal:        1844596 kB
MemFree:         1398976 kB
MemAvailable:    1565760 kB
Buffers:           20476 kB
Cached:           275096 kB
MemTotal:        1844596 kB
MemFree:         1399604 kB
MemAvailable:    1566388 kB
Buffers:           20476 kB
Cached:           275096 kB
MemTotal:        1844596 kB
MemFree:         1398844 kB
MemAvailable:    1565628 kB
Buffers:           20476 kB
Cached:           275096 kB
MemTotal:        1844596 kB
MemFree:         1398488 kB
MemAvailable:    1565272 kB
Buffers:           20476 kB
Cached:           275096 kB
MemTotal:        1844596 kB
MemFree:         1397728 kB
MemAvailable:    1564512 kB
Buffers:           20476 kB
Cached:           275096 kB
MemTotal:        1844596 kB
MemFree:         1397812 kB
MemAvailable:    1564596 kB
Buffers:           20476 kB
Cached:           275096 kB
MemTotal:        1844596 kB
MemFree:         1396324 kB
MemAvailable:    1563108 kB
Buffers:           20476 kB
Cached:           275096 kB
MemTotal:        1844596 kB
MemFree:         1397748 kB
MemAvailable:    1564532 kB
Buffers:           20476 kB
Cached:           275096 kB
MemTotal:        1844596 kB
MemFree:         1396572 kB
MemAvailable:    1563356 kB
Buffers:           20476 kB
Cached:           275096 kB
MemTotal:        1844596 kB
MemFree:         1396564 kB
MemAvailable:    1563348 kB
Buffers:           20476 kB
Cached:           275096 kB
MemTotal:        1844596 kB
MemFree:         1396732 kB
MemAvailable:    1563516 kB
Buffers:           20476 kB
Cached:           275096 kB
MemTotal:        1844596 kB
MemFree:         1397744 kB
MemAvailable:    1564528 kB
Buffers:           20476 kB
Cached:           275096 kB
MemTotal:        1844596 kB
MemFree:         1397728 kB
MemAvailable:    1564512 kB
Buffers:           20476 kB
Cached:           275096 kB
MemTotal:        1844596 kB
MemFree:         1397868 kB
MemAvailable:    1564652 kB
Buffers:           20476 kB
Cached:           275096 kB
MemTotal:        1844596 kB
MemFree:         1399008 kB
MemAvailable:    1565792 kB
Buffers:           20476 kB
Cached:           275096 kB
MemTotal:        1844596 kB
MemFree:         1397728 kB
MemAvailable:    1564512 kB
Buffers:           20476 kB
Cached:           275096 kB
MemTotal:        1844596 kB
MemFree:         1397940 kB
MemAvailable:    1564724 kB
Buffers:           20476 kB
Cached:           275096 kB
MemTotal:        1844596 kB
MemFree:         1395688 kB
MemAvailable:    1562472 kB
Buffers:           20476 kB
Cached:           275096 kB
MemTotal:        1844596 kB
MemFree:         1394520 kB
MemAvailable:    1561304 kB
Buffers:           20476 kB
Cached:           275096 kB
MemTotal:        1844596 kB
MemFree:         1394752 kB
MemAvailable:    1561536 kB
Buffers:           20476 kB
Cached:           275096 kB
MemTotal:        1844596 kB
MemFree:         1394752 kB
MemAvailable:    1561536 kB
Buffers:           20476 kB
Cached:           275096 kB
MemTotal:        1844596 kB
MemFree:         1394524 kB
MemAvailable:    1561308 kB
Buffers:           20476 kB
Cached:           275096 kB
MemTotal:        1844596 kB
MemFree:         1393216 kB
MemAvailable:    1560000 kB
Buffers:           20476 kB
Cached:           275096 kB
MemTotal:        1844596 kB
MemFree:         1393760 kB
MemAvailable:    1560544 kB
Buffers:           20476 kB
Cached:           275096 kB
MemTotal:        1844596 kB
MemFree:         1393528 kB
MemAvailable:    1560312 kB
Buffers:           20476 kB
Cached:           275096 kB
MemTotal:        1844596 kB
MemFree:         1393692 kB
MemAvailable:    1560476 kB
Buffers:           20476 kB
Cached:           275096 kB
MemTotal:        1844596 kB
MemFree:         1393652 kB
MemAvailable:    1560436 kB
Buffers:           20476 kB
Cached:           275096 kB
MemTotal:        1844596 kB
MemFree:         1392784 kB
MemAvailable:    1559568 kB
Buffers:           20476 kB
Cached:           275096 kB
MemTotal:        1844596 kB
MemFree:         1393460 kB
MemAvailable:    1560244 kB
Buffers:           20476 kB
Cached:           275096 kB
MemTotal:        1844596 kB
MemFree:         1393460 kB
MemAvailable:    1560244 kB
Buffers:           20476 kB
Cached:           275096 kB
MemTotal:        1844596 kB
MemFree:         1392148 kB
MemAvailable:    1558932 kB
Buffers:           20476 kB
Cached:           275096 kB
MemTotal:        1844596 kB
MemFree:         1392040 kB
MemAvailable:    1558824 kB
Buffers:           20476 kB
Cached:           275096 kB
MemTotal:        1844596 kB
MemFree:         1391668 kB
MemAvailable:    1558452 kB
Buffers:           20476 kB
Cached:           275096 kB
MemTotal:        1844596 kB
MemFree:         1391280 kB
MemAvailable:    1558064 kB
Buffers:           20476 kB
Cached:           275096 kB
MemTotal:        1844596 kB
MemFree:         1391280 kB
MemAvailable:    1558064 kB
Buffers:           20476 kB
Cached:           275096 kB
MemTotal:        1844596 kB
MemFree:         1392520 kB
MemAvailable:    1559304 kB
Buffers:           20476 kB
Cached:           275096 kB
MemTotal:        1844596 kB
MemFree:         1392404 kB
MemAvailable:    1559188 kB
Buffers:           20476 kB
Cached:           275096 kB
MemTotal:        1844596 kB
MemFree:         1392660 kB
MemAvailable:    1559444 kB
Buffers:           20476 kB
Cached:           275096 kB
MemTotal:        1844596 kB
MemFree:         1391496 kB
MemAvailable:    1558280 kB
Buffers:           20476 kB
Cached:           275096 kB
MemTotal:        1844596 kB
MemFree:         1391544 kB
MemAvailable:    1558328 kB
Buffers:           20476 kB
Cached:           275096 kB
MemTotal:        1844596 kB
MemFree:         1392720 kB
MemAvailable:    1559504 kB
Buffers:           20476 kB
Cached:           275096 kB
MemTotal:        1844596 kB
MemFree:         1391916 kB
MemAvailable:    1558700 kB
Buffers:           20476 kB
Cached:           275096 kB
MemTotal:        1844596 kB
MemFree:         1392468 kB
MemAvailable:    1559252 kB
Buffers:           20476 kB
Cached:           275096 kB
MemTotal:        1844596 kB
MemFree:         1392552 kB
MemAvailable:    1559336 kB
Buffers:           20476 kB
Cached:           275096 kB
MemTotal:        1844596 kB
MemFree:         1391104 kB
MemAvailable:    1557888 kB
Buffers:           20476 kB
Cached:           275096 kB
MemTotal:        1844596 kB
MemFree:         1392204 kB
MemAvailable:    1558988 kB
Buffers:           20476 kB
Cached:           275096 kB
MemTotal:        1844596 kB
MemFree:         1392540 kB
MemAvailable:    1559324 kB
Buffers:           20476 kB
Cached:           275096 kB
MemTotal:        1844596 kB
MemFree:         1391088 kB
MemAvailable:    1557872 kB
Buffers:           20476 kB
Cached:           275096 kB
MemTotal:        1844596 kB
MemFree:         1390800 kB
MemAvailable:    1557584 kB
Buffers:           20476 kB
Cached:           275096 kB
MemTotal:        1844596 kB
MemFree:         1391916 kB
MemAvailable:    1558700 kB
Buffers:           20476 kB
Cached:           275096 kB
MemTotal:        1844596 kB
MemFree:         1390800 kB
MemAvailable:    1557584 kB
Buffers:           20476 kB
Cached:           275096 kB
MemTotal:        1844596 kB
MemFree:         1391516 kB
MemAvailable:    1558300 kB
Buffers:           20476 kB
Cached:           275096 kB
MemTotal:        1844596 kB
MemFree:         1391600 kB
MemAvailable:    1558384 kB
Buffers:           20476 kB
Cached:           275096 kB
MemTotal:        1844596 kB
MemFree:         1391660 kB
MemAvailable:    1558444 kB
Buffers:           20476 kB
Cached:           275096 kB
MemTotal:        1844596 kB
MemFree:         1390360 kB
MemAvailable:    1557144 kB
Buffers:           20476 kB
Cached:           275096 kB
MemTotal:        1844596 kB
MemFree:         1391704 kB
MemAvailable:    1558488 kB
Buffers:           20476 kB
Cached:           275096 kB
MemTotal:        1844596 kB
MemFree:         1391656 kB
MemAvailable:    1558440 kB
Buffers:           20476 kB
Cached:           275096 kB
MemTotal:        1844596 kB
MemFree:         1390356 kB
MemAvailable:    1557140 kB
Buffers:           20476 kB
Cached:           275096 kB
MemTotal:        1844596 kB
MemFree:         1389668 kB
MemAvailable:    1556452 kB
Buffers:           20476 kB
Cached:           275096 kB
MemTotal:        1844596 kB
MemFree:         1388940 kB
MemAvailable:    1555724 kB
Buffers:           20476 kB
Cached:           275096 kB
MemTotal:        1844596 kB
MemFree:         1386212 kB
MemAvailable:    1552996 kB
Buffers:           20476 kB
Cached:           275096 kB
MemTotal:        1844596 kB
MemFree:         1384212 kB
MemAvailable:    1550996 kB
Buffers:           20476 kB
Cached:           275096 kB
MemTotal:        1844596 kB
MemFree:         1384104 kB
MemAvailable:    1550888 kB
Buffers:           20476 kB
Cached:           275096 kB
MemTotal:        1844596 kB
MemFree:         1383976 kB
MemAvailable:    1550760 kB
Buffers:           20476 kB
Cached:           275096 kB
MemTotal:        1844596 kB
MemFree:         1383852 kB
MemAvailable:    1550636 kB
Buffers:           20476 kB
Cached:           275096 kB
MemTotal:        1844596 kB
MemFree:         1383776 kB
MemAvailable:    1550560 kB
Buffers:           20476 kB
Cached:           275096 kB
MemTotal:        1844596 kB
MemFree:         1382456 kB
MemAvailable:    1549240 kB
Buffers:           20476 kB
Cached:           275096 kB
MemTotal:        1844596 kB
MemFree:         1382332 kB
MemAvailable:    1549116 kB
Buffers:           20476 kB
Cached:           275096 kB
MemTotal:        1844596 kB
MemFree:         1382540 kB
MemAvailable:    1549324 kB
Buffers:           20476 kB
Cached:           275096 kB
MemTotal:        1844596 kB
MemFree:         1382368 kB
MemAvailable:    1549152 kB
Buffers:           20476 kB
Cached:           275096 kB
MemTotal:        1844596 kB
MemFree:         1383752 kB
MemAvailable:    1550536 kB
Buffers:           20476 kB
Cached:           275096 kB
MemTotal:        1844596 kB
MemFree:         1382740 kB
MemAvailable:    1549524 kB
Buffers:           20476 kB
Cached:           275096 kB
MemTotal:        1844596 kB
MemFree:         1383588 kB
MemAvailable:    1550372 kB
Buffers:           20476 kB
Cached:           275096 kB
MemTotal:        1844596 kB
MemFree:         1383924 kB
MemAvailable:    1550708 kB
Buffers:           20476 kB
Cached:           275096 kB
MemTotal:        1844596 kB
MemFree:         1383732 kB
MemAvailable:    1550516 kB
Buffers:           20476 kB
Cached:           275096 kB
MemTotal:        1844596 kB
MemFree:         1383552 kB
MemAvailable:    1550336 kB
Buffers:           20476 kB
Cached:           275096 kB
MemTotal:        1844596 kB
MemFree:         1383808 kB
MemAvailable:    1550592 kB
Buffers:           20476 kB
Cached:           275096 kB
MemTotal:        1844596 kB
MemFree:         1383552 kB
MemAvailable:    1550336 kB
Buffers:           20476 kB
Cached:           275096 kB
MemTotal:        1844596 kB
MemFree:         1381988 kB
MemAvailable:    1548772 kB
Buffers:           20476 kB
Cached:           275096 kB
MemTotal:        1844596 kB
MemFree:         1382368 kB
MemAvailable:    1549152 kB
Buffers:           20476 kB
Cached:           275096 kB
MemTotal:        1844596 kB
MemFree:         1381748 kB
MemAvailable:    1548532 kB
Buffers:           20476 kB
Cached:           275096 kB
MemTotal:        1844596 kB
MemFree:         1382428 kB
MemAvailable:    1549212 kB
Buffers:           20476 kB
Cached:           275096 kB
MemTotal:        1844596 kB
MemFree:         1381260 kB
MemAvailable:    1548044 kB
Buffers:           20476 kB
Cached:           275096 kB
MemTotal:        1844596 kB
MemFree:         1382244 kB
MemAvailable:    1549040 kB
Buffers:           20476 kB
Cached:           275108 kB
MemTotal:        1844596 kB
MemFree:         1382228 kB
MemAvailable:    1549024 kB
Buffers:           20476 kB
Cached:           275108 kB
MemTotal:        1844596 kB
MemFree:         1381004 kB
MemAvailable:    1547800 kB
Buffers:           20476 kB
Cached:           275108 kB
MemTotal:        1844596 kB
MemFree:         1380988 kB
MemAvailable:    1547784 kB
Buffers:           20476 kB
Cached:           275108 kB
MemTotal:        1844596 kB
MemFree:         1380312 kB
MemAvailable:    1547108 kB
Buffers:           20476 kB
Cached:           275108 kB
MemTotal:        1844596 kB
MemFree:         1380196 kB
MemAvailable:    1546992 kB
Buffers:           20476 kB
Cached:           275108 kB
MemTotal:        1844596 kB
MemFree:         1380196 kB
MemAvailable:    1546992 kB
Buffers:           20476 kB
Cached:           275108 kB
MemTotal:        1844596 kB
MemFree:         1379144 kB
MemAvailable:    1545940 kB
Buffers:           20476 kB
Cached:           275108 kB
MemTotal:        1844596 kB
MemFree:         1379872 kB
MemAvailable:    1546668 kB
Buffers:           20476 kB
Cached:           275108 kB
MemTotal:        1844596 kB
MemFree:         1378772 kB
MemAvailable:    1545568 kB
Buffers:           20476 kB
Cached:           275108 kB
MemTotal:        1844596 kB
MemFree:         1379820 kB
MemAvailable:    1546616 kB
Buffers:           20476 kB
Cached:           275108 kB
MemTotal:        1844596 kB
MemFree:         1379392 kB
MemAvailable:    1546188 kB
Buffers:           20476 kB
Cached:           275108 kB
MemTotal:        1844596 kB
MemFree:         1378468 kB
MemAvailable:    1545264 kB
Buffers:           20476 kB
Cached:           275108 kB
MemTotal:        1844596 kB
MemFree:         1379892 kB
MemAvailable:    1546688 kB
Buffers:           20476 kB
Cached:           275108 kB
MemTotal:        1844596 kB
MemFree:         1379892 kB
MemAvailable:    1546688 kB
Buffers:           20476 kB
Cached:           275108 kB
MemTotal:        1844596 kB
MemFree:         1379804 kB
MemAvailable:    1546600 kB
Buffers:           20476 kB
Cached:           275108 kB
MemTotal:        1844596 kB
MemFree:         1379020 kB
MemAvailable:    1545816 kB
Buffers:           20476 kB
Cached:           275108 kB
MemTotal:        1844596 kB
MemFree:         1380260 kB
MemAvailable:    1547056 kB
Buffers:           20476 kB
Cached:           275108 kB
MemTotal:        1844596 kB
MemFree:         1379700 kB
MemAvailable:    1546496 kB
Buffers:           20476 kB
Cached:           275108 kB
MemTotal:        1844596 kB
MemFree:         1378152 kB
MemAvailable:    1544948 kB
Buffers:           20476 kB
Cached:           275108 kB
MemTotal:        1844596 kB
MemFree:         1376416 kB
MemAvailable:    1543212 kB
Buffers:           20476 kB
Cached:           275108 kB
MemTotal:        1844596 kB
MemFree:         1372324 kB
MemAvailable:    1539120 kB
Buffers:           20476 kB
Cached:           275108 kB
MemTotal:        1844596 kB
MemFree:         1370960 kB
MemAvailable:    1537756 kB
Buffers:           20476 kB
Cached:           275108 kB
MemTotal:        1844596 kB
MemFree:         1372284 kB
MemAvailable:    1539080 kB
Buffers:           20476 kB
Cached:           275108 kB
MemTotal:        1844596 kB
MemFree:         1370952 kB
MemAvailable:    1537748 kB
Buffers:           20476 kB
Cached:           275108 kB
MemTotal:        1844596 kB
MemFree:         1372260 kB
MemAvailable:    1539060 kB
Buffers:           20476 kB
Cached:           275112 kB
MemTotal:        1844596 kB
MemFree:         1370960 kB
MemAvailable:    1537760 kB
Buffers:           20476 kB
Cached:           275112 kB
MemTotal:        1844596 kB
MemFree:         1372136 kB
MemAvailable:    1538936 kB
Buffers:           20476 kB
Cached:           275112 kB
MemTotal:        1844596 kB
MemFree:         1373184 kB
MemAvailable:    1539984 kB
Buffers:           20476 kB
Cached:           275112 kB
MemTotal:        1844596 kB
MemFree:         1372944 kB
MemAvailable:    1539744 kB
Buffers:           20476 kB
Cached:           275112 kB
MemTotal:        1844596 kB
MemFree:         1373996 kB
MemAvailable:    1540880 kB
Buffers:           20476 kB
Cached:           275236 kB
MemTotal:        1844596 kB
MemFree:         1372572 kB
MemAvailable:    1539540 kB
Buffers:           20476 kB
Cached:           275360 kB
MemTotal:        1844596 kB
MemFree:         1372696 kB
MemAvailable:    1539748 kB
Buffers:           20476 kB
Cached:           275360 kB
MemTotal:        1844596 kB
MemFree:         1372448 kB
MemAvailable:    1539668 kB
Buffers:           20476 kB
Cached:           275608 kB
MemTotal:        1844596 kB
MemFree:         1372572 kB
MemAvailable:    1539876 kB
Buffers:           20476 kB
Cached:           275732 kB
MemTotal:        1844596 kB
MemFree:         1373500 kB
MemAvailable:    1540888 kB
Buffers:           20476 kB
Cached:           275732 kB
MemTotal:        1844596 kB
MemFree:         1373300 kB
MemAvailable:    1540772 kB
Buffers:           20476 kB
Cached:           275732 kB
MemTotal:        1844596 kB
MemFree:         1372696 kB
MemAvailable:    1540168 kB
Buffers:           20476 kB
Cached:           275732 kB
MemTotal:        1844596 kB
MemFree:         1373136 kB
MemAvailable:    1540608 kB
Buffers:           20476 kB
Cached:           275732 kB
MemTotal:        1844596 kB
MemFree:         1373292 kB
MemAvailable:    1540764 kB
Buffers:           20476 kB
Cached:           275732 kB
MemTotal:        1844596 kB
MemFree:         1372332 kB
MemAvailable:    1539804 kB
Buffers:           20476 kB
Cached:           275732 kB
MemTotal:        1844596 kB
MemFree:         1373300 kB
MemAvailable:    1540776 kB
Buffers:           20476 kB
Cached:           275784 kB
MemTotal:        1844596 kB
MemFree:         1373636 kB
MemAvailable:    1541112 kB
Buffers:           20476 kB
Cached:           275784 kB
MemTotal:        1844596 kB
MemFree:         1373440 kB
MemAvailable:    1540916 kB
Buffers:           20484 kB
Cached:           275776 kB
MemTotal:        1844596 kB
MemFree:         1373288 kB
MemAvailable:    1540176 kB
Buffers:           20488 kB
Cached:           275140 kB
MemTotal:        1844596 kB
MemFree:         1435988 kB
MemAvailable:    1602876 kB
Buffers:           20488 kB
Cached:           275140 kB
