MemTotal:        1844596 kB
MemFree:         1249016 kB
MemAvailable:    1565448 kB
Buffers:           47876 kB
Cached:           384556 kB
MemTotal:        1844596 kB
MemFree:         1221448 kB
MemAvailable:    1537884 kB
Buffers:           47876 kB
Cached:           384560 kB
MemTotal:        1844596 kB
MemFree:         1221328 kB
MemAvailable:    1537764 kB
Buffers:           47876 kB
Cached:           384560 kB
MemTotal:        1844596 kB
MemFree:         1218364 kB
MemAvailable:    1534800 kB
Buffers:           47876 kB
Cached:           384560 kB
MemTotal:        1844596 kB
MemFree:         1217496 kB
MemAvailable:    1533932 kB
Buffers:           47876 kB
Cached:           384560 kB
MemTotal:        1844596 kB
MemFree:         1216736 kB
MemAvailable:    1533172 kB
Buffers:           47876 kB
Cached:           384560 kB
MemTotal:        1844596 kB
MemFree:         1216860 kB
MemAvailable:    1533296 kB
Buffers:           47876 kB
Cached:           384560 kB
MemTotal:        1844596 kB
MemFree:         1213148 kB
MemAvailable:    1529584 kB
Buffers:           47876 kB
Cached:           384560 kB
MemTotal:        1844596 kB
MemFree:         1210552 kB
MemAvailable:    1526988 kB
Buffers:           47876 kB
Cached:           384560 kB
MemTotal:        1844596 kB
MemFree:         1206328 kB
MemAvailable:    1522764 kB
Buffers:           47876 kB
Cached:           384560 kB
MemTotal:        1844596 kB
MemFree:         1206800 kB
MemAvailable:    1523236 kB
Buffers:           47876 kB
Cached:           384560 kB
MemTotal:        1844596 kB
MemFree:         1206916 kB
MemAvailable:    1523352 kB
Buffers:           47876 kB
Cached:           384560 kB
MemTotal:        1844596 kB
MemFree:         1206832 kB
MemAvailable:    1523268 kB
Buffers:           47876 kB
Cached:           384560 kB
MemTotal:        1844596 kB
MemFree:         1207072 kB
MemAvailable:    1523508 kB
Buffers:           47876 kB
Cached:           384560 kB
MemTotal:        1844596 kB
MemFree:         1208124 kB
MemAvailable:    1524560 kB
Buffers:           47876 kB
Cached:           384560 kB
MemTotal:        1844596 kB
MemFree:         1206832 kB
MemAvailable:    1523268 kB
Buffers:           47876 kB
Cached:           384560 kB
MemTotal:        1844596 kB
MemFree:         1206576 kB
MemAvailable:    1523012 kB
Buffers:           47876 kB
Cached:           384560 kB
MemTotal:        1844596 kB
MemFree:         1204832 kB
MemAvailable:    1521268 kB
Buffers:           47876 kB
Cached:           384560 kB
MemTotal:        1844596 kB
MemFree:         1204476 kB
MemAvailable:    1520912 kB
Buffers:           47876 kB
Cached:           384560 kB
MemTotal:        1844596 kB
MemFree:         1204296 kB
MemAvailable:    1520732 kB
Buffers:           47876 kB
Cached:           384560 kB
MemTotal:        1844596 kB
MemFree:         1204420 kB
MemAvailable:    1520856 kB
Buffers:           47876 kB
Cached:           384560 kB
MemTotal:        1844596 kB
MemFree:         1204464 kB
MemAvailable:    1520900 kB
Buffers:           47876 kB
Cached:           384560 kB
MemTotal:        1844596 kB
MemFree:         1205752 kB
MemAvailable:    1522188 kB
Buffers:           47876 kB
Cached:           384560 kB
MemTotal:        1844596 kB
MemFree:         1204972 kB
MemAvailable:    1521408 kB
Buffers:           47876 kB
Cached:           384560 kB
MemTotal:        1844596 kB
MemFree:         1205648 kB
MemAvailable:    1522084 kB
Buffers:           47876 kB
Cached:           384560 kB
MemTotal:        1844596 kB
MemFree:         1205468 kB
MemAvailable:    1521904 kB
Buffers:           47876 kB
Cached:           384560 kB
MemTotal:        1844596 kB
MemFree:         1206936 kB
MemAvailable:    1523372 kB
Buffers:           47876 kB
Cached:           384560 kB
MemTotal:        1844596 kB
MemFree:         1205716 kB
MemAvailable:    1522152 kB
Buffers:           47876 kB
Cached:           384560 kB
MemTotal:        1844596 kB
MemFree:         1205096 kB
MemAvailable:    1521532 kB
Buffers:           47876 kB
Cached:           384560 kB
MemTotal:        1844596 kB
MemFree:         1202980 kB
MemAvailable:    1519416 kB
Buffers:           47876 kB
Cached:           384560 kB
MemTotal:        1844596 kB
MemFree:         1202360 kB
MemAvailable:    1518796 kB
Buffers:           47876 kB
Cached:           384560 kB
MemTotal:        1844596 kB
MemFree:         1201988 kB
MemAvailable:    1518424 kB
Buffers:           47876 kB
Cached:           384560 kB
MemTotal:        1844596 kB
MemFree:         1201236 kB
MemAvailable:    1517672 kB
Buffers:           47876 kB
Cached:           384560 kB
MemTotal:        1844596 kB
MemFree:         1201244 kB
MemAvailable:    1517680 kB
Buffers:           47876 kB
Cached:           384560 kB
MemTotal:        1844596 kB
MemFree:         1200376 kB
MemAvailable:    1516812 kB
Buffers:           47876 kB
Cached:           384560 kB
MemTotal:        1844596 kB
MemFree:         1201700 kB
MemAvailable:    1518136 kB
Buffers:           47876 kB
Cached:           384560 kB
MemTotal:        1844596 kB
MemFree:         1201444 kB
MemAvailable:    1517880 kB
Buffers:           47876 kB
Cached:           384560 kB
MemTotal:        1844596 kB
MemFree:         1200364 kB
MemAvailable:    1516800 kB
Buffers:           47876 kB
Cached:           384560 kB
MemTotal:        1844596 kB
MemFree:         1200240 kB
MemAvailable:    1516676 kB
Buffers:           47876 kB
Cached:           384560 kB
MemTotal:        1844596 kB
MemFree:         1200260 kB
MemAvailable:    1516696 kB
Buffers:           47876 kB
Cached:           384560 kB
MemTotal:        1844596 kB
MemFree:         1200252 kB
MemAvailable:    1516688 kB
Buffers:           47876 kB
Cached:           384560 kB
MemTotal:        1844596 kB
MemFree:         1200012 kB
MemAvailable:    1516448 kB
Buffers:           47876 kB
Cached:           384560 kB
MemTotal:        1844596 kB
MemFree:         1199384 kB
MemAvailable:    1515820 kB
Buffers:           47876 kB
Cached:           384560 kB
MemTotal:        1844596 kB
MemFree:         1200616 kB
MemAvailable:    1517052 kB
Buffers:           47876 kB
Cached:           384560 kB
MemTotal:        1844596 kB
MemFree:         1199252 kB
MemAvailable:    1515692 kB
Buffers:           47876 kB
Cached:           384564 kB
MemTotal:        1844596 kB
MemFree:         1200620 kB
MemAvailable:    1517060 kB
Buffers:           47876 kB
Cached:           384564 kB
MemTotal:        1844596 kB
MemFree:         1200564 kB
MemAvailable:    1517004 kB
Buffers:           47876 kB
Cached:           384564 kB
MemTotal:        1844596 kB
MemFree:         1200420 kB
MemAvailable:    1516860 kB
Buffers:           47876 kB
Cached:           384564 kB
MemTotal:        1844596 kB
MemFree:         1199232 kB
MemAvailable:    1515672 kB
Buffers:           47876 kB
Cached:           384564 kB
MemTotal:        1844596 kB
MemFree:         1200516 kB
MemAvailable:    1516956 kB
Buffers:           47876 kB
Cached:           384564 kB
MemTotal:        1844596 kB
MemFree:         1200404 kB
MemAvailable:    1516844 kB
Buffers:           47876 kB
Cached:           384564 kB
MemTotal:        1844596 kB
MemFree:         1199348 kB
MemAvailable:    1515788 kB
Buffers:           47876 kB
Cached:           384564 kB
MemTotal:        1844596 kB
MemFree:         1199092 kB
MemAvailable:    1515532 kB
Buffers:           47876 kB
Cached:           384564 kB
MemTotal:        1844596 kB
MemFree:         1198828 kB
MemAvailable:    1515268 kB
Buffers:           47876 kB
Cached:           384564 kB
MemTotal:        1844596 kB
MemFree:         1200068 kB
MemAvailable:    1516508 kB
Buffers:           47876 kB
Cached:           384564 kB
MemTotal:        1844596 kB
MemFree:         1198448 kB
MemAvailable:    1514888 kB
Buffers:           47876 kB
Cached:           384564 kB
MemTotal:        1844596 kB
MemFree:         1198320 kB
MemAvailable:    1514760 kB
Buffers:           47876 kB
Cached:           384564 kB
MemTotal:        1844596 kB
MemFree:         1198436 kB
MemAvailable:    1514876 kB
Buffers:           47876 kB
Cached:           384564 kB
MemTotal:        1844596 kB
MemFree:         1198312 kB
MemAvailable:    1514752 kB
Buffers:           47876 kB
Cached:           384564 kB
MemTotal:        1844596 kB
MemFree:         1198312 kB
MemAvailable:    1514752 kB
Buffers:           47876 kB
Cached:           384564 kB
MemTotal:        1844596 kB
MemFree:         1198304 kB
MemAvailable:    1514744 kB
Buffers:           47876 kB
Cached:           384564 kB
MemTotal:        1844596 kB
MemFree:         1199600 kB
MemAvailable:    1516040 kB
Buffers:           47876 kB
Cached:           384564 kB
MemTotal:        1844596 kB
MemFree:         1198104 kB
MemAvailable:    1514544 kB
Buffers:           47876 kB
Cached:           384564 kB
MemTotal:        1844596 kB
MemFree:         1198352 kB
MemAvailable:    1514792 kB
Buffers:           47876 kB
Cached:           384564 kB
MemTotal:        1844596 kB
MemFree:         1198220 kB
MemAvailable:    1514660 kB
Buffers:           47876 kB
Cached:           384564 kB
MemTotal:        1844596 kB
MemFree:         1196788 kB
MemAvailable:    1513228 kB
Buffers:           47876 kB
Cached:           384564 kB
MemTotal:        1844596 kB
MemFree:         1194928 kB
MemAvailable:    1511368 kB
Buffers:           47876 kB
Cached:           384564 kB
MemTotal:        1844596 kB
MemFree:         1193192 kB
MemAvailable:    1509632 kB
Buffers:           47876 kB
Cached:           384564 kB
MemTotal:        1844596 kB
MemFree:         1190712 kB
MemAvailable:    1507152 kB
Buffers:           47876 kB
Cached:           384564 kB
MemTotal:        1844596 kB
MemFree:         1191884 kB
MemAvailable:    1508324 kB
Buffers:           47876 kB
Cached:           384564 kB
MemTotal:        1844596 kB
MemFree:         1191808 kB
MemAvailable:    1508248 kB
Buffers:           47876 kB
Cached:           384564 kB
MemTotal:        1844596 kB
MemFree:         1191524 kB
MemAvailable:    1507964 kB
Buffers:           47876 kB
Cached:           384564 kB
MemTotal:        1844596 kB
MemFree:         1190836 kB
MemAvailable:    1507276 kB
Buffers:           47876 kB
Cached:           384564 kB
MemTotal:        1844596 kB
MemFree:         1191752 kB
MemAvailable:    1508192 kB
Buffers:           47876 kB
Cached:           384564 kB
MemTotal:        1844596 kB
MemFree:         1190192 kB
MemAvailable:    1506632 kB
Buffers:           47876 kB
Cached:           384564 kB
MemTotal:        1844596 kB
MemFree:         1190208 kB
MemAvailable:    1506652 kB
Buffers:           47876 kB
Cached:           384568 kB
MemTotal:        1844596 kB
MemFree:         1191748 kB
MemAvailable:    1508192 kB
Buffers:           47876 kB
Cached:           384568 kB
MemTotal:        1844596 kB
MemFree:         1191580 kB
MemAvailable:    1508024 kB
Buffers:           47876 kB
Cached:           384568 kB
MemTotal:        1844596 kB
MemFree:         1190340 kB
MemAvailable:    1506784 kB
Buffers:           47876 kB
Cached:           384568 kB
MemTotal:        1844596 kB
MemFree:         1190332 kB
MemAvailable:    1506776 kB
Buffers:           47876 kB
Cached:           384568 kB
MemTotal:        1844596 kB
MemFree:         1190712 kB
MemAvailable:    1507156 kB
Buffers:           47876 kB
Cached:           384568 kB
MemTotal:        1844596 kB
MemFree:         1191144 kB
MemAvailable:    1507588 kB
Buffers:           47876 kB
Cached:           384568 kB
MemTotal:        1844596 kB
MemFree:         1190944 kB
MemAvailable:    1507388 kB
Buffers:           47876 kB
Cached:           384568 kB
MemTotal:        1844596 kB
MemFree:         1189224 kB
MemAvailable:    1505668 kB
Buffers:           47876 kB
Cached:           384568 kB
MemTotal:        1844596 kB
MemFree:         1188844 kB
MemAvailable:    1505288 kB
Buffers:           47876 kB
Cached:           384568 kB
MemTotal:        1844596 kB
MemFree:         1189836 kB
MemAvailable:    1506280 kB
Buffers:           47876 kB
Cached:           384568 kB
MemTotal:        1844596 kB
MemFree:         1188588 kB
MemAvailable:    1505032 kB
Buffers:           47876 kB
Cached:           384568 kB
MemTotal:        1844596 kB
MemFree:         1187356 kB
MemAvailable:    1503800 kB
Buffers:           47876 kB
Cached:           384568 kB
MemTotal:        1844596 kB
MemFree:         1188588 kB
MemAvailable:    1505032 kB
Buffers:           47876 kB
Cached:           384568 kB
MemTotal:        1844596 kB
MemFree:         1187736 kB
MemAvailable:    1504180 kB
Buffers:           47876 kB
Cached:           384568 kB
MemTotal:        1844596 kB
MemFree:         1188232 kB
MemAvailable:    1504676 kB
Buffers:           47876 kB
Cached:           384568 kB
MemTotal:        1844596 kB
MemFree:         1187108 kB
MemAvailable:    1503552 kB
Buffers:           47876 kB
Cached:           384568 kB
MemTotal:        1844596 kB
MemFree:         1188100 kB
MemAvailable:    1504544 kB
Buffers:           47876 kB
Cached:           384568 kB
MemTotal:        1844596 kB
MemFree:         1187944 kB
MemAvailable:    1504388 kB
Buffers:           47876 kB
Cached:           384568 kB
MemTotal:        1844596 kB
MemFree:         1186344 kB
MemAvailable:    1502788 kB
Buffers:           47876 kB
Cached:           384568 kB
MemTotal:        1844596 kB
MemFree:         1187728 kB
MemAvailable:    1504172 kB
Buffers:           47876 kB
Cached:           384568 kB
MemTotal:        1844596 kB
MemFree:         1186168 kB
MemAvailable:    1502612 kB
Buffers:           47876 kB
Cached:           384568 kB
MemTotal:        1844596 kB
MemFree:         1186332 kB
MemAvailable:    1502776 kB
Buffers:           47876 kB
Cached:           384568 kB
MemTotal:        1844596 kB
MemFree:         1187632 kB
MemAvailable:    1504076 kB
Buffers:           47876 kB
Cached:           384568 kB
MemTotal:        1844596 kB
MemFree:         1187640 kB
MemAvailable:    1504084 kB
Buffers:           47876 kB
Cached:           384568 kB
MemTotal:        1844596 kB
MemFree:         1187612 kB
MemAvailable:    1504056 kB
Buffers:           47876 kB
Cached:           384568 kB
MemTotal:        1844596 kB
MemFree:         1187424 kB
MemAvailable:    1503868 kB
Buffers:           47876 kB
Cached:           384568 kB
MemTotal:        1844596 kB
MemFree:         1187060 kB
MemAvailable:    1503504 kB
Buffers:           47876 kB
Cached:           384568 kB
MemTotal:        1844596 kB
MemFree:         1185556 kB
MemAvailable:    1502000 kB
Buffers:           47876 kB
Cached:           384568 kB
MemTotal:        1844596 kB
MemFree:         1179908 kB
MemAvailable:    1496352 kB
Buffers:           47876 kB
Cached:           384568 kB
MemTotal:        1844596 kB
MemFree:         1179676 kB
MemAvailable:    1496120 kB
Buffers:           47876 kB
Cached:           384568 kB
MemTotal:        1844596 kB
MemFree:         1179744 kB
MemAvailable:    1496188 kB
Buffers:           47876 kB
Cached:           384568 kB
MemTotal:        1844596 kB
MemFree:         1179960 kB
MemAvailable:    1496404 kB
Buffers:           47876 kB
Cached:           384568 kB
MemTotal:        1844596 kB
MemFree:         1179736 kB
MemAvailable:    1496180 kB
Buffers:           47876 kB
Cached:           384568 kB
MemTotal:        1844596 kB
MemFree:         1178560 kB
MemAvailable:    1495004 kB
Buffers:           47876 kB
Cached:           384568 kB
MemTotal:        1844596 kB
MemFree:         1181712 kB
MemAvailable:    1498156 kB
Buffers:           47876 kB
Cached:           384568 kB
MemTotal:        1844596 kB
MemFree:         1181964 kB
MemAvailable:    1498408 kB
Buffers:           47876 kB
Cached:           384568 kB
MemTotal:        1844596 kB
MemFree:         1181472 kB
MemAvailable:    1497916 kB
Buffers:           47876 kB
Cached:           384568 kB
MemTotal:        1844596 kB
MemFree:         1180040 kB
MemAvailable:    1496568 kB
Buffers:           47876 kB
Cached:           384692 kB
MemTotal:        1844596 kB
MemFree:         1180048 kB
MemAvailable:    1496744 kB
Buffers:           47876 kB
Cached:           384816 kB
MemTotal:        1844596 kB
MemFree:         1181084 kB
MemAvailable:    1497948 kB
Buffers:           47876 kB
Cached:           385064 kB
MemTotal:        1844596 kB
MemFree:         1179544 kB
MemAvailable:    1496492 kB
Buffers:           47876 kB
Cached:           385188 kB
MemTotal:        1844596 kB
MemFree:         1180752 kB
MemAvailable:    1497868 kB
Buffers:           47876 kB
Cached:           385188 kB
MemTotal:        1844596 kB
MemFree:         1179296 kB
MemAvailable:    1496412 kB
Buffers:           47876 kB
Cached:           385188 kB
MemTotal:        1844596 kB
MemFree:         1179296 kB
MemAvailable:    1496412 kB
Buffers:           47876 kB
Cached:           385188 kB
MemTotal:        1844596 kB
MemFree:         1179372 kB
MemAvailable:    1496488 kB
Buffers:           47876 kB
Cached:           385188 kB
MemTotal:        1844596 kB
MemFree:         1180788 kB
MemAvailable:    1497904 kB
Buffers:           47876 kB
Cached:           385188 kB
MemTotal:        1844596 kB
MemFree:         1179800 kB
MemAvailable:    1496916 kB
Buffers:           47876 kB
Cached:           385188 kB
MemTotal:        1844596 kB
MemFree:         1181216 kB
MemAvailable:    1497744 kB
Buffers:           47876 kB
Cached:           384640 kB
MemTotal:        1844596 kB
MemFree:         1180908 kB
MemAvailable:    1497436 kB
Buffers:           47876 kB
Cached:           384640 kB
MemTotal:        1844596 kB
MemFree:         1248988 kB
MemAvailable:    1565516 kB
Buffers:           47876 kB
Cached:           384640 kB
