MemTotal:        1844596 kB
MemFree:         1244268 kB
MemAvailable:    1565260 kB
Buffers:           48376 kB
Cached:           388264 kB
MemTotal:        1844596 kB
MemFree:         1217880 kB
MemAvailable:    1538876 kB
Buffers:           48376 kB
Cached:           388268 kB
MemTotal:        1844596 kB
MemFree:         1216632 kB
MemAvailable:    1537628 kB
Buffers:           48376 kB
Cached:           388268 kB
MemTotal:        1844596 kB
MemFree:         1213416 kB
MemAvailable:    1534412 kB
Buffers:           48376 kB
Cached:           388268 kB
MemTotal:        1844596 kB
MemFree:         1213244 kB
MemAvailable:    1534240 kB
Buffers:           48376 kB
Cached:           388268 kB
MemTotal:        1844596 kB
MemFree:         1213368 kB
MemAvailable:    1534364 kB
Buffers:           48376 kB
Cached:           388268 kB
MemTotal:        1844596 kB
MemFree:         1213004 kB
MemAvailable:    1534000 kB
Buffers:           48376 kB
Cached:           388268 kB
MemTotal:        1844596 kB
MemFree:         1209804 kB
MemAvailable:    1530800 kB
Buffers:           48376 kB
Cached:           388268 kB
MemTotal:        1844596 kB
MemFree:         1207960 kB
MemAvailable:    1528956 kB
Buffers:           48376 kB
Cached:           388268 kB
MemTotal:        1844596 kB
MemFree:         1203496 kB
MemAvailable:    1524492 kB
Buffers:           48376 kB
Cached:           388268 kB
MemTotal:        1844596 kB
MemFree:         1202028 kB
MemAvailable:    1523024 kB
Buffers:           48376 kB
Cached:           388268 kB
MemTotal:        1844596 kB
MemFree:         1203232 kB
MemAvailable:    1524228 kB
Buffers:           48376 kB
Cached:           388268 kB
MemTotal:        1844596 kB
MemFree:         1203124 kB
MemAvailable:    1524120 kB
Buffers:           48376 kB
Cached:           388268 kB
MemTotal:        1844596 kB
MemFree:         1203360 kB
MemAvailable:    1524356 kB
Buffers:           48376 kB
Cached:           388268 kB
MemTotal:        1844596 kB
MemFree:         1201980 kB
MemAvailable:    1522976 kB
Buffers:           48376 kB
Cached:           388268 kB
MemTotal:        1844596 kB
MemFree:         1202112 kB
MemAvailable:    1523108 kB
Buffers:           48376 kB
Cached:           388268 kB
MemTotal:        1844596 kB
MemFree:         1203188 kB
MemAvailable:    1524184 kB
Buffers:           48376 kB
Cached:           388268 kB
MemTotal:        1844596 kB
MemFree:         1202068 kB
MemAvailable:    1523064 kB
Buffers:           48376 kB
Cached:           388268 kB
MemTotal:        1844596 kB
MemFree:         1200396 kB
MemAvailable:    1521392 kB
Buffers:           48376 kB
Cached:           388268 kB
MemTotal:        1844596 kB
MemFree:         1201000 kB
MemAvailable:    1521996 kB
Buffers:           48376 kB
Cached:           388268 kB
MemTotal:        1844596 kB
MemFree:         1200768 kB
MemAvailable:    1521764 kB
Buffers:           48376 kB
Cached:           388268 kB
MemTotal:        1844596 kB
MemFree:         1200880 kB
MemAvailable:    1521876 kB
Buffers:           48376 kB
Cached:           388268 kB
MemTotal:        1844596 kB
MemFree:         1199644 kB
MemAvailable:    1520640 kB
Buffers:           48376 kB
Cached:           388268 kB
MemTotal:        1844596 kB
MemFree:         1201132 kB
MemAvailable:    1522128 kB
Buffers:           48376 kB
Cached:           388268 kB
MemTotal:        1844596 kB
MemFree:         1199512 kB
MemAvailable:    1520508 kB
Buffers:           48376 kB
Cached:           388268 kB
MemTotal:        1844596 kB
MemFree:         1199636 kB
MemAvailable:    1520632 kB
Buffers:           48376 kB
Cached:           388268 kB
MemTotal:        1844596 kB
MemFree:         1199876 kB
MemAvailable:    1520872 kB
Buffers:           48376 kB
Cached:           388268 kB
MemTotal:        1844596 kB
MemFree:         1200968 kB
MemAvailable:    1521964 kB
Buffers:           48376 kB
Cached:           388268 kB
MemTotal:        1844596 kB
MemFree:         1201048 kB
MemAvailable:    1522044 kB
Buffers:           48376 kB
Cached:           388268 kB
MemTotal:        1844596 kB
MemFree:         1199420 kB
MemAvailable:    1520416 kB
Buffers:           48376 kB
Cached:           388268 kB
MemTotal:        1844596 kB
MemFree:         1199064 kB
MemAvailable:    1520060 kB
Buffers:           48376 kB
Cached:           388268 kB
MemTotal:        1844596 kB
MemFree:         1197948 kB
MemAvailable:    1518944 kB
Buffers:           48376 kB
Cached:           388268 kB
MemTotal:        1844596 kB
MemFree:         1198008 kB
MemAvailable:    1519004 kB
Buffers:           48376 kB
Cached:           388268 kB
MemTotal:        1844596 kB
MemFree:         1196576 kB
MemAvailable:    1517572 kB
Buffers:           48376 kB
Cached:           388268 kB
MemTotal:        1844596 kB
MemFree:         1197756 kB
MemAvailable:    1518752 kB
Buffers:           48376 kB
Cached:           388268 kB
MemTotal:        1844596 kB
MemFree:         1196884 kB
MemAvailable:    1517880 kB
Buffers:           48376 kB
Cached:           388268 kB
MemTotal:        1844596 kB
MemFree:         1196804 kB
MemAvailable:    1517800 kB
Buffers:           48376 kB
Cached:           388268 kB
MemTotal:        1844596 kB
MemFree:         1196088 kB
MemAvailable:    1517084 kB
Buffers:           48376 kB
Cached:           388268 kB
MemTotal:        1844596 kB
MemFree:         1196512 kB
MemAvailable:    1517508 kB
Buffers:           48376 kB
Cached:           388268 kB
MemTotal:        1844596 kB
MemFree:         1196764 kB
MemAvailable:    1517760 kB
Buffers:           48376 kB
Cached:           388268 kB
MemTotal:        1844596 kB
MemFree:         1196588 kB
MemAvailable:    1517584 kB
Buffers:           48376 kB
Cached:           388268 kB
MemTotal:        1844596 kB
MemFree:         1195412 kB
MemAvailable:    1516408 kB
Buffers:           48376 kB
Cached:           388268 kB
MemTotal:        1844596 kB
MemFree:         1195280 kB
MemAvailable:    1516276 kB
Buffers:           48376 kB
Cached:           388268 kB
MemTotal:        1844596 kB
MemFree:         1194848 kB
MemAvailable:    1515844 kB
Buffers:           48376 kB
Cached:           388268 kB
MemTotal:        1844596 kB
MemFree:         1196192 kB
MemAvailable:    1517188 kB
Buffers:           48376 kB
Cached:           388268 kB
MemTotal:        1844596 kB
MemFree:         1194296 kB
MemAvailable:    1515292 kB
Buffers:           48376 kB
Cached:           388268 kB
MemTotal:        1844596 kB
MemFree:         1194288 kB
MemAvailable:    1515284 kB
Buffers:           48376 kB
Cached:           388268 kB
MemTotal:        1844596 kB
MemFree:         1194544 kB
MemAvailable:    1515540 kB
Buffers:           48376 kB
Cached:           388268 kB
MemTotal:        1844596 kB
MemFree:         1194536 kB
MemAvailable:    1515532 kB
Buffers:           48376 kB
Cached:           388268 kB
MemTotal:        1844596 kB
MemFree:         1195696 kB
MemAvailable:    1516692 kB
Buffers:           48376 kB
Cached:           388268 kB
MemTotal:        1844596 kB
MemFree:         1195508 kB
MemAvailable:    1516504 kB
Buffers:           48376 kB
Cached:           388268 kB
MemTotal:        1844596 kB
MemFree:         1195844 kB
MemAvailable:    1516840 kB
Buffers:           48376 kB
Cached:           388268 kB
MemTotal:        1844596 kB
MemFree:         1195628 kB
MemAvailable:    1516624 kB
Buffers:           48376 kB
Cached:           388268 kB
MemTotal:        1844596 kB
MemFree:         1195344 kB
MemAvailable:    1516340 kB
Buffers:           48376 kB
Cached:           388268 kB
MemTotal:        1844596 kB
MemFree:         1195576 kB
MemAvailable:    1516572 kB
Buffers:           48376 kB
Cached:           388268 kB
MemTotal:        1844596 kB
MemFree:         1194228 kB
MemAvailable:    1515224 kB
Buffers:           48376 kB
Cached:           388268 kB
MemTotal:        1844596 kB
MemFree:         1194096 kB
MemAvailable:    1515092 kB
Buffers:           48376 kB
Cached:           388268 kB
MemTotal:        1844596 kB
MemFree:         1194212 kB
MemAvailable:    1515208 kB
Buffers:           48376 kB
Cached:           388268 kB
MemTotal:        1844596 kB
MemFree:         1194824 kB
MemAvailable:    1515820 kB
Buffers:           48376 kB
Cached:           388268 kB
MemTotal:        1844596 kB
MemFree:         1195160 kB
MemAvailable:    1516156 kB
Buffers:           48376 kB
Cached:           388268 kB
MemTotal:        1844596 kB
MemFree:         1194900 kB
MemAvailable:    1515896 kB
Buffers:           48376 kB
Cached:           388268 kB
MemTotal:        1844596 kB
MemFree:         1193332 kB
MemAvailable:    1514328 kB
Buffers:           48376 kB
Cached:           388268 kB
MemTotal:        1844596 kB
MemFree:         1194688 kB
MemAvailable:    1515684 kB
Buffers:           48376 kB
Cached:           388268 kB
MemTotal:        1844596 kB
MemFree:         1194848 kB
MemAvailable:    1515844 kB
Buffers:           48376 kB
Cached:           388268 kB
MemTotal:        1844596 kB
MemFree:         1194960 kB
MemAvailable:    1515956 kB
Buffers:           48376 kB
Cached:           388268 kB
MemTotal:        1844596 kB
MemFree:         1194788 kB
MemAvailable:    1515784 kB
Buffers:           48376 kB
Cached:           388268 kB
MemTotal:        1844596 kB
MemFree:         1193584 kB
MemAvailable:    1514580 kB
Buffers:           48376 kB
Cached:           388268 kB
MemTotal:        1844596 kB
MemFree:         1194736 kB
MemAvailable:    1515732 kB
Buffers:           48376 kB
Cached:           388268 kB
MemTotal:        1844596 kB
MemFree:         1193164 kB
MemAvailable:    1514160 kB
Buffers:           48376 kB
Cached:           388268 kB
MemTotal:        1844596 kB
MemFree:         1190244 kB
MemAvailable:    1511240 kB
Buffers:           48376 kB
Cached:           388268 kB
MemTotal:        1844596 kB
MemFree:         1189764 kB
MemAvailable:    1510760 kB
Buffers:           48376 kB
Cached:           388268 kB
MemTotal:        1844596 kB
MemFree:         1187268 kB
MemAvailable:    1508264 kB
Buffers:           48376 kB
Cached:           388268 kB
MemTotal:        1844596 kB
MemFree:         1186912 kB
MemAvailable:    1507908 kB
Buffers:           48376 kB
Cached:           388268 kB
MemTotal:        1844596 kB
MemFree:         1187040 kB
MemAvailable:    1508036 kB
Buffers:           48376 kB
Cached:           388268 kB
MemTotal:        1844596 kB
MemFree:         1186908 kB
MemAvailable:    1507904 kB
Buffers:           48376 kB
Cached:           388268 kB
MemTotal:        1844596 kB
MemFree:         1186828 kB
MemAvailable:    1507824 kB
Buffers:           48376 kB
Cached:           388268 kB
MemTotal:        1844596 kB
MemFree:         1187080 kB
MemAvailable:    1508076 kB
Buffers:           48376 kB
Cached:           388268 kB
MemTotal:        1844596 kB
MemFree:         1186884 kB
MemAvailable:    1507880 kB
Buffers:           48376 kB
Cached:           388268 kB
MemTotal:        1844596 kB
MemFree:         1187136 kB
MemAvailable:    1508132 kB
Buffers:           48376 kB
Cached:           388268 kB
MemTotal:        1844596 kB
MemFree:         1186716 kB
MemAvailable:    1507712 kB
Buffers:           48376 kB
Cached:           388268 kB
MemTotal:        1844596 kB
MemFree:         1186968 kB
MemAvailable:    1507964 kB
Buffers:           48376 kB
Cached:           388268 kB
MemTotal:        1844596 kB
MemFree:         1187016 kB
MemAvailable:    1508012 kB
Buffers:           48376 kB
Cached:           388268 kB
MemTotal:        1844596 kB
MemFree:         1186748 kB
MemAvailable:    1507744 kB
Buffers:           48376 kB
Cached:           388268 kB
MemTotal:        1844596 kB
MemFree:         1187000 kB
MemAvailable:    1507996 kB
Buffers:           48376 kB
Cached:           388268 kB
MemTotal:        1844596 kB
MemFree:         1186760 kB
MemAvailable:    1507756 kB
Buffers:           48376 kB
Cached:           388268 kB
MemTotal:        1844596 kB
MemFree:         1186760 kB
MemAvailable:    1507756 kB
Buffers:           48376 kB
Cached:           388268 kB
MemTotal:        1844596 kB
MemFree:         1186276 kB
MemAvailable:    1507272 kB
Buffers:           48376 kB
Cached:           388268 kB
MemTotal:        1844596 kB
MemFree:         1186276 kB
MemAvailable:    1507272 kB
Buffers:           48376 kB
Cached:           388268 kB
MemTotal:        1844596 kB
MemFree:         1185036 kB
MemAvailable:    1506032 kB
Buffers:           48376 kB
Cached:           388268 kB
MemTotal:        1844596 kB
MemFree:         1185548 kB
MemAvailable:    1506544 kB
Buffers:           48376 kB
Cached:           388268 kB
MemTotal:        1844596 kB
MemFree:         1184308 kB
MemAvailable:    1505316 kB
Buffers:           48376 kB
Cached:           388280 kB
MemTotal:        1844596 kB
MemFree:         1184052 kB
MemAvailable:    1505060 kB
Buffers:           48376 kB
Cached:           388280 kB
MemTotal:        1844596 kB
MemFree:         1182944 kB
MemAvailable:    1503952 kB
Buffers:           48376 kB
Cached:           388280 kB
MemTotal:        1844596 kB
MemFree:         1182812 kB
MemAvailable:    1503820 kB
Buffers:           48376 kB
Cached:           388280 kB
MemTotal:        1844596 kB
MemFree:         1183564 kB
MemAvailable:    1504572 kB
Buffers:           48376 kB
Cached:           388280 kB
MemTotal:        1844596 kB
MemFree:         1183240 kB
MemAvailable:    1504248 kB
Buffers:           48376 kB
Cached:           388280 kB
MemTotal:        1844596 kB
MemFree:         1183192 kB
MemAvailable:    1504200 kB
Buffers:           48376 kB
Cached:           388280 kB
MemTotal:        1844596 kB
MemFree:         1182052 kB
MemAvailable:    1503060 kB
Buffers:           48376 kB
Cached:           388280 kB
MemTotal:        1844596 kB
MemFree:         1183036 kB
MemAvailable:    1504044 kB
Buffers:           48376 kB
Cached:           388280 kB
MemTotal:        1844596 kB
MemFree:         1181828 kB
MemAvailable:    1502836 kB
Buffers:           48376 kB
Cached:           388280 kB
MemTotal:        1844596 kB
MemFree:         1183048 kB
MemAvailable:    1504056 kB
Buffers:           48376 kB
Cached:           388280 kB
MemTotal:        1844596 kB
MemFree:         1183020 kB
MemAvailable:    1504028 kB
Buffers:           48376 kB
Cached:           388280 kB
MemTotal:        1844596 kB
MemFree:         1182804 kB
MemAvailable:    1503812 kB
Buffers:           48376 kB
Cached:           388280 kB
MemTotal:        1844596 kB
MemFree:         1183056 kB
MemAvailable:    1504064 kB
Buffers:           48376 kB
Cached:           388280 kB
MemTotal:        1844596 kB
MemFree:         1181524 kB
MemAvailable:    1502532 kB
Buffers:           48376 kB
Cached:           388280 kB
MemTotal:        1844596 kB
MemFree:         1182936 kB
MemAvailable:    1503944 kB
Buffers:           48376 kB
Cached:           388280 kB
MemTotal:        1844596 kB
MemFree:         1183076 kB
MemAvailable:    1504084 kB
Buffers:           48376 kB
Cached:           388280 kB
MemTotal:        1844596 kB
MemFree:         1182632 kB
MemAvailable:    1503640 kB
Buffers:           48376 kB
Cached:           388280 kB
MemTotal:        1844596 kB
MemFree:         1181084 kB
MemAvailable:    1502092 kB
Buffers:           48376 kB
Cached:           388280 kB
MemTotal:        1844596 kB
MemFree:         1175752 kB
MemAvailable:    1496760 kB
Buffers:           48376 kB
Cached:           388280 kB
MemTotal:        1844596 kB
MemFree:         1175084 kB
MemAvailable:    1496092 kB
Buffers:           48376 kB
Cached:           388280 kB
MemTotal:        1844596 kB
MemFree:         1173712 kB
MemAvailable:    1494720 kB
Buffers:           48376 kB
Cached:           388280 kB
MemTotal:        1844596 kB
MemFree:         1173836 kB
MemAvailable:    1494844 kB
Buffers:           48376 kB
Cached:           388280 kB
MemTotal:        1844596 kB
MemFree:         1173960 kB
MemAvailable:    1494968 kB
Buffers:           48376 kB
Cached:           388280 kB
MemTotal:        1844596 kB
MemFree:         1173748 kB
MemAvailable:    1494756 kB
Buffers:           48376 kB
Cached:           388280 kB
MemTotal:        1844596 kB
MemFree:         1175588 kB
MemAvailable:    1496596 kB
Buffers:           48376 kB
Cached:           388280 kB
MemTotal:        1844596 kB
MemFree:         1176480 kB
MemAvailable:    1497572 kB
Buffers:           48376 kB
Cached:           388404 kB
MemTotal:        1844596 kB
MemFree:         1176248 kB
MemAvailable:    1497340 kB
Buffers:           48376 kB
Cached:           388404 kB
MemTotal:        1844596 kB
MemFree:         1175192 kB
MemAvailable:    1496368 kB
Buffers:           48376 kB
Cached:           388528 kB
MemTotal:        1844596 kB
MemFree:         1176376 kB
MemAvailable:    1497804 kB
Buffers:           48376 kB
Cached:           388776 kB
MemTotal:        1844596 kB
MemFree:         1176120 kB
MemAvailable:    1497632 kB
Buffers:           48376 kB
Cached:           388776 kB
MemTotal:        1844596 kB
MemFree:         1176176 kB
MemAvailable:    1497688 kB
Buffers:           48376 kB
Cached:           388900 kB
MemTotal:        1844596 kB
MemFree:         1176156 kB
MemAvailable:    1497752 kB
Buffers:           48376 kB
Cached:           389024 kB
MemTotal:        1844596 kB
MemFree:         1176044 kB
MemAvailable:    1497640 kB
Buffers:           48376 kB
Cached:           389024 kB
MemTotal:        1844596 kB
MemFree:         1175920 kB
MemAvailable:    1497516 kB
Buffers:           48376 kB
Cached:           389024 kB
MemTotal:        1844596 kB
MemFree:         1174680 kB
MemAvailable:    1496276 kB
Buffers:           48376 kB
Cached:           389024 kB
MemTotal:        1844596 kB
MemFree:         1175780 kB
MemAvailable:    1497376 kB
Buffers:           48376 kB
Cached:           389024 kB
MemTotal:        1844596 kB
MemFree:         1175504 kB
MemAvailable:    1497100 kB
Buffers:           48376 kB
Cached:           389024 kB
MemTotal:        1844596 kB
MemFree:         1174496 kB
MemAvailable:    1496092 kB
Buffers:           48376 kB
Cached:           389024 kB
MemTotal:        1844596 kB
MemFree:         1174752 kB
MemAvailable:    1495760 kB
Buffers:           48376 kB
Cached:           388392 kB
MemTotal:        1844596 kB
MemFree:         1244016 kB
MemAvailable:    1565024 kB
Buffers:           48376 kB
Cached:           388392 kB
