MemTotal:        1844596 kB
MemFree:         1234800 kB
MemAvailable:    1564704 kB
Buffers:           49456 kB
Cached:           395412 kB
MemTotal:        1844596 kB
MemFree:         1206172 kB
MemAvailable:    1536080 kB
Buffers:           49456 kB
Cached:           395416 kB
MemTotal:        1844596 kB
MemFree:         1206728 kB
MemAvailable:    1536636 kB
Buffers:           49456 kB
Cached:           395416 kB
MemTotal:        1844596 kB
MemFree:         1205172 kB
MemAvailable:    1535080 kB
Buffers:           49456 kB
Cached:           395416 kB
MemTotal:        1844596 kB
MemFree:         1202444 kB
MemAvailable:    1532352 kB
Buffers:           49456 kB
Cached:           395416 kB
MemTotal:        1844596 kB
MemFree:         1203828 kB
MemAvailable:    1533736 kB
Buffers:           49456 kB
Cached:           395416 kB
MemTotal:        1844596 kB
MemFree:         1203880 kB
MemAvailable:    1533788 kB
Buffers:           49456 kB
Cached:           395416 kB
MemTotal:        1844596 kB
MemFree:         1200388 kB
MemAvailable:    1530296 kB
Buffers:           49456 kB
Cached:           395416 kB
MemTotal:        1844596 kB
MemFree:         1197428 kB
MemAvailable:    1527336 kB
Buffers:           49456 kB
Cached:           395416 kB
MemTotal:        1844596 kB
MemFree:         1193276 kB
MemAvailable:    1523184 kB
Buffers:           49456 kB
Cached:           395416 kB
MemTotal:        1844596 kB
MemFree:         1192656 kB
MemAvailable:    1522564 kB
Buffers:           49456 kB
Cached:           395416 kB
MemTotal:        1844596 kB
MemFree:         1192740 kB
MemAvailable:    1522648 kB
Buffers:           49456 kB
Cached:           395416 kB
MemTotal:        1844596 kB
MemFree:         1192856 kB
MemAvailable:    1522764 kB
Buffers:           49456 kB
Cached:           395416 kB
MemTotal:        1844596 kB
MemFree:         1192644 kB
MemAvailable:    1522552 kB
Buffers:           49456 kB
Cached:           395416 kB
MemTotal:        1844596 kB
MemFree:         1193752 kB
MemAvailable:    1523660 kB
Buffers:           49456 kB
Cached:           395416 kB
MemTotal:        1844596 kB
MemFree:         1193020 kB
MemAvailable:    1522928 kB
Buffers:           49456 kB
Cached:           395416 kB
MemTotal:        1844596 kB
MemFree:         1192540 kB
MemAvailable:    1522448 kB
Buffers:           49456 kB
Cached:           395416 kB
MemTotal:        1844596 kB
MemFree:         1191648 kB
MemAvailable:    1521556 kB
Buffers:           49456 kB
Cached:           395416 kB
MemTotal:        1844596 kB
MemFree:         1191416 kB
MemAvailable:    1521324 kB
Buffers:           49456 kB
Cached:           395416 kB
MemTotal:        1844596 kB
MemFree:         1191472 kB
MemAvailable:    1521380 kB
Buffers:           49456 kB
Cached:           395416 kB
MemTotal:        1844596 kB
MemFree:         1191640 kB
MemAvailable:    1521548 kB
Buffers:           49456 kB
Cached:           395416 kB
MemTotal:        1844596 kB
MemFree:         1191388 kB
MemAvailable:    1521296 kB
Buffers:           49456 kB
Cached:           395416 kB
MemTotal:        1844596 kB
MemFree:         1191540 kB
MemAvailable:    1521448 kB
Buffers:           49456 kB
Cached:           395416 kB
MemTotal:        1844596 kB
MemFree:         1190176 kB
MemAvailable:    1520084 kB
Buffers:           49456 kB
Cached:           395416 kB
MemTotal:        1844596 kB
MemFree:         1190300 kB
MemAvailable:    1520208 kB
Buffers:           49456 kB
Cached:           395416 kB
MemTotal:        1844596 kB
MemFree:         1191228 kB
MemAvailable:    1521136 kB
Buffers:           49456 kB
Cached:           395416 kB
MemTotal:        1844596 kB
MemFree:         1191480 kB
MemAvailable:    1521388 kB
Buffers:           49456 kB
Cached:           395416 kB
MemTotal:        1844596 kB
MemFree:         1192732 kB
MemAvailable:    1522640 kB
Buffers:           49456 kB
Cached:           395416 kB
MemTotal:        1844596 kB
MemFree:         1190408 kB
MemAvailable:    1520316 kB
Buffers:           49456 kB
Cached:           395416 kB
MemTotal:        1844596 kB
MemFree:         1189928 kB
MemAvailable:    1519836 kB
Buffers:           49456 kB
Cached:           395416 kB
MemTotal:        1844596 kB
MemFree:         1189468 kB
MemAvailable:    1519376 kB
Buffers:           49456 kB
Cached:           395416 kB
MemTotal:        1844596 kB
MemFree:         1189112 kB
MemAvailable:    1519020 kB
Buffers:           49464 kB
Cached:           395408 kB
MemTotal:        1844596 kB
MemFree:         1187200 kB
MemAvailable:    1517108 kB
Buffers:           49464 kB
Cached:           395408 kB
MemTotal:        1844596 kB
MemFree:         1186952 kB
MemAvailable:    1516860 kB
Buffers:           49464 kB
Cached:           395408 kB
MemTotal:        1844596 kB
MemFree:         1187532 kB
MemAvailable:    1517440 kB
Buffers:           49464 kB
Cached:           395408 kB
MemTotal:        1844596 kB
MemFree:         1187564 kB
MemAvailable:    1517472 kB
Buffers:           49464 kB
Cached:           395408 kB
MemTotal:        1844596 kB
MemFree:         1186076 kB
MemAvailable:    1515984 kB
Buffers:           49464 kB
Cached:           395408 kB
MemTotal:        1844596 kB
MemFree:         1186084 kB
MemAvailable:    1515992 kB
Buffers:           49464 kB
Cached:           395408 kB
MemTotal:        1844596 kB
MemFree:         1186076 kB
MemAvailable:    1515984 kB
Buffers:           49464 kB
Cached:           395408 kB
MemTotal:        1844596 kB
MemFree:         1185912 kB
MemAvailable:    1515820 kB
Buffers:           49464 kB
Cached:           395408 kB
MemTotal:        1844596 kB
MemFree:         1185836 kB
MemAvailable:    1515744 kB
Buffers:           49464 kB
Cached:           395408 kB
MemTotal:        1844596 kB
MemFree:         1186400 kB
MemAvailable:    1516308 kB
Buffers:           49464 kB
Cached:           395408 kB
MemTotal:        1844596 kB
MemFree:         1186456 kB
MemAvailable:    1516364 kB
Buffers:           49464 kB
Cached:           395408 kB
MemTotal:        1844596 kB
MemFree:         1184696 kB
MemAvailable:    1514604 kB
Buffers:           49464 kB
Cached:           395408 kB
MemTotal:        1844596 kB
MemFree:         1186264 kB
MemAvailable:    1516172 kB
Buffers:           49464 kB
Cached:           395408 kB
MemTotal:        1844596 kB
MemFree:         1185040 kB
MemAvailable:    1514948 kB
Buffers:           49464 kB
Cached:           395408 kB
MemTotal:        1844596 kB
MemFree:         1185288 kB
MemAvailable:    1515196 kB
Buffers:           49464 kB
Cached:           395408 kB
MemTotal:        1844596 kB
MemFree:         1186208 kB
MemAvailable:    1516116 kB
Buffers:           49464 kB
Cached:           395408 kB
MemTotal:        1844596 kB
MemFree:         1186368 kB
MemAvailable:    1516276 kB
Buffers:           49464 kB
Cached:           395408 kB
MemTotal:        1844596 kB
MemFree:         1186196 kB
MemAvailable:    1516104 kB
Buffers:           49464 kB
Cached:           395408 kB
MemTotal:        1844596 kB
MemFree:         1186064 kB
MemAvailable:    1515972 kB
Buffers:           49464 kB
Cached:           395408 kB
MemTotal:        1844596 kB
MemFree:         1186128 kB
MemAvailable:    1516036 kB
Buffers:           49464 kB
Cached:           395408 kB
MemTotal:        1844596 kB
MemFree:         1186084 kB
MemAvailable:    1515992 kB
Buffers:           49464 kB
Cached:           395408 kB
MemTotal:        1844596 kB
MemFree:         1185912 kB
MemAvailable:    1515820 kB
Buffers:           49464 kB
Cached:           395408 kB
MemTotal:        1844596 kB
MemFree:         1184540 kB
MemAvailable:    1514448 kB
Buffers:           49464 kB
Cached:           395408 kB
MemTotal:        1844596 kB
MemFree:         1184408 kB
MemAvailable:    1514316 kB
Buffers:           49464 kB
Cached:           395408 kB
MemTotal:        1844596 kB
MemFree:         1184408 kB
MemAvailable:    1514316 kB
Buffers:           49464 kB
Cached:           395408 kB
MemTotal:        1844596 kB
MemFree:         1185284 kB
MemAvailable:    1515192 kB
Buffers:           49464 kB
Cached:           395408 kB
MemTotal:        1844596 kB
MemFree:         1185540 kB
MemAvailable:    1515448 kB
Buffers:           49464 kB
Cached:           395408 kB
MemTotal:        1844596 kB
MemFree:         1185344 kB
MemAvailable:    1515252 kB
Buffers:           49464 kB
Cached:           395408 kB
MemTotal:        1844596 kB
MemFree:         1185444 kB
MemAvailable:    1515352 kB
Buffers:           49464 kB
Cached:           395408 kB
MemTotal:        1844596 kB
MemFree:         1184032 kB
MemAvailable:    1513940 kB
Buffers:           49464 kB
Cached:           395408 kB
MemTotal:        1844596 kB
MemFree:         1184032 kB
MemAvailable:    1513940 kB
Buffers:           49464 kB
Cached:           395408 kB
MemTotal:        1844596 kB
MemFree:         1185260 kB
MemAvailable:    1515168 kB
Buffers:           49464 kB
Cached:           395408 kB
MemTotal:        1844596 kB
MemFree:         1185340 kB
MemAvailable:    1515248 kB
Buffers:           49464 kB
Cached:           395408 kB
MemTotal:        1844596 kB
MemFree:         1184036 kB
MemAvailable:    1513944 kB
Buffers:           49464 kB
Cached:           395408 kB
MemTotal:        1844596 kB
MemFree:         1182920 kB
MemAvailable:    1512828 kB
Buffers:           49464 kB
Cached:           395408 kB
MemTotal:        1844596 kB
MemFree:         1179512 kB
MemAvailable:    1509420 kB
Buffers:           49464 kB
Cached:           395408 kB
MemTotal:        1844596 kB
MemFree:         1177776 kB
MemAvailable:    1507684 kB
Buffers:           49464 kB
Cached:           395408 kB
MemTotal:        1844596 kB
MemFree:         1176404 kB
MemAvailable:    1506312 kB
Buffers:           49464 kB
Cached:           395408 kB
MemTotal:        1844596 kB
MemFree:         1177612 kB
MemAvailable:    1507520 kB
Buffers:           49464 kB
Cached:           395408 kB
MemTotal:        1844596 kB
MemFree:         1177424 kB
MemAvailable:    1507332 kB
Buffers:           49464 kB
Cached:           395408 kB
MemTotal:        1844596 kB
MemFree:         1176288 kB
MemAvailable:    1506196 kB
Buffers:           49464 kB
Cached:           395408 kB
MemTotal:        1844596 kB
MemFree:         1177308 kB
MemAvailable:    1507224 kB
Buffers:           49464 kB
Cached:           395416 kB
MemTotal:        1844596 kB
MemFree:         1176908 kB
MemAvailable:    1506824 kB
Buffers:           49464 kB
Cached:           395416 kB
MemTotal:        1844596 kB
MemFree:         1177392 kB
MemAvailable:    1507308 kB
Buffers:           49464 kB
Cached:           395416 kB
MemTotal:        1844596 kB
MemFree:         1177532 kB
MemAvailable:    1507448 kB
Buffers:           49464 kB
Cached:           395416 kB
MemTotal:        1844596 kB
MemFree:         1175964 kB
MemAvailable:    1505880 kB
Buffers:           49464 kB
Cached:           395416 kB
MemTotal:        1844596 kB
MemFree:         1176164 kB
MemAvailable:    1506080 kB
Buffers:           49464 kB
Cached:           395416 kB
MemTotal:        1844596 kB
MemFree:         1177264 kB
MemAvailable:    1507180 kB
Buffers:           49464 kB
Cached:           395416 kB
MemTotal:        1844596 kB
MemFree:         1177516 kB
MemAvailable:    1507432 kB
Buffers:           49464 kB
Cached:           395416 kB
MemTotal:        1844596 kB
MemFree:         1177452 kB
MemAvailable:    1507368 kB
Buffers:           49464 kB
Cached:           395416 kB
MemTotal:        1844596 kB
MemFree:         1176660 kB
MemAvailable:    1506576 kB
Buffers:           49464 kB
Cached:           395416 kB
MemTotal:        1844596 kB
MemFree:         1177336 kB
MemAvailable:    1507260 kB
Buffers:           49464 kB
Cached:           395424 kB
MemTotal:        1844596 kB
MemFree:         1175916 kB
MemAvailable:    1505840 kB
Buffers:           49464 kB
Cached:           395424 kB
MemTotal:        1844596 kB
MemFree:         1175668 kB
MemAvailable:    1505592 kB
Buffers:           49464 kB
Cached:           395424 kB
MemTotal:        1844596 kB
MemFree:         1175296 kB
MemAvailable:    1505220 kB
Buffers:           49464 kB
Cached:           395424 kB
MemTotal:        1844596 kB
MemFree:         1174924 kB
MemAvailable:    1504848 kB
Buffers:           49464 kB
Cached:           395424 kB
MemTotal:        1844596 kB
MemFree:         1174552 kB
MemAvailable:    1504476 kB
Buffers:           49464 kB
Cached:           395424 kB
MemTotal:        1844596 kB
MemFree:         1174552 kB
MemAvailable:    1504476 kB
Buffers:           49464 kB
Cached:           395424 kB
MemTotal:        1844596 kB
MemFree:         1173560 kB
MemAvailable:    1503484 kB
Buffers:           49464 kB
Cached:           395424 kB
MemTotal:        1844596 kB
MemFree:         1173684 kB
MemAvailable:    1503612 kB
Buffers:           49464 kB
Cached:           395428 kB
MemTotal:        1844596 kB
MemFree:         1174100 kB
MemAvailable:    1504028 kB
Buffers:           49464 kB
Cached:           395428 kB
MemTotal:        1844596 kB
MemFree:         1172940 kB
MemAvailable:    1502868 kB
Buffers:           49464 kB
Cached:           395428 kB
MemTotal:        1844596 kB
MemFree:         1173628 kB
MemAvailable:    1503556 kB
Buffers:           49464 kB
Cached:           395428 kB
MemTotal:        1844596 kB
MemFree:         1172256 kB
MemAvailable:    1502184 kB
Buffers:           49464 kB
Cached:           395428 kB
MemTotal:        1844596 kB
MemFree:         1172252 kB
MemAvailable:    1502180 kB
Buffers:           49464 kB
Cached:           395428 kB
MemTotal:        1844596 kB
MemFree:         1173520 kB
MemAvailable:    1503448 kB
Buffers:           49464 kB
Cached:           395428 kB
MemTotal:        1844596 kB
MemFree:         1173188 kB
MemAvailable:    1503116 kB
Buffers:           49464 kB
Cached:           395428 kB
MemTotal:        1844596 kB
MemFree:         1173408 kB
MemAvailable:    1503336 kB
Buffers:           49464 kB
Cached:           395428 kB
MemTotal:        1844596 kB
MemFree:         1173660 kB
MemAvailable:    1503588 kB
Buffers:           49464 kB
Cached:           395428 kB
MemTotal:        1844596 kB
MemFree:         1172380 kB
MemAvailable:    1502308 kB
Buffers:           49464 kB
Cached:           395428 kB
MemTotal:        1844596 kB
MemFree:         1173172 kB
MemAvailable:    1503100 kB
Buffers:           49464 kB
Cached:           395428 kB
MemTotal:        1844596 kB
MemFree:         1172320 kB
MemAvailable:    1502248 kB
Buffers:           49464 kB
Cached:           395428 kB
MemTotal:        1844596 kB
MemFree:         1172760 kB
MemAvailable:    1502688 kB
Buffers:           49464 kB
Cached:           395428 kB
MemTotal:        1844596 kB
MemFree:         1172876 kB
MemAvailable:    1502804 kB
Buffers:           49464 kB
Cached:           395428 kB
MemTotal:        1844596 kB
MemFree:         1164624 kB
MemAvailable:    1494552 kB
Buffers:           49464 kB
Cached:           395428 kB
MemTotal:        1844596 kB
MemFree:         1165128 kB
MemAvailable:    1495056 kB
Buffers:           49464 kB
Cached:           395428 kB
MemTotal:        1844596 kB
MemFree:         1165668 kB
MemAvailable:    1495596 kB
Buffers:           49464 kB
Cached:           395428 kB
MemTotal:        1844596 kB
MemFree:         1164244 kB
MemAvailable:    1494172 kB
Buffers:           49464 kB
Cached:           395428 kB
MemTotal:        1844596 kB
MemFree:         1164368 kB
MemAvailable:    1494296 kB
Buffers:           49464 kB
Cached:           395428 kB
MemTotal:        1844596 kB
MemFree:         1165736 kB
MemAvailable:    1495664 kB
Buffers:           49464 kB
Cached:           395428 kB
MemTotal:        1844596 kB
MemFree:         1167620 kB
MemAvailable:    1497548 kB
Buffers:           49464 kB
Cached:           395428 kB
MemTotal:        1844596 kB
MemFree:         1166164 kB
MemAvailable:    1496092 kB
Buffers:           49464 kB
Cached:           395428 kB
MemTotal:        1844596 kB
MemFree:         1165996 kB
MemAvailable:    1496092 kB
Buffers:           49464 kB
Cached:           395676 kB
MemTotal:        1844596 kB
MemFree:         1166924 kB
MemAvailable:    1497188 kB
Buffers:           49464 kB
Cached:           395800 kB
MemTotal:        1844596 kB
MemFree:         1165748 kB
MemAvailable:    1496012 kB
Buffers:           49464 kB
Cached:           395800 kB
MemTotal:        1844596 kB
MemFree:         1165368 kB
MemAvailable:    1495716 kB
Buffers:           49464 kB
Cached:           395924 kB
MemTotal:        1844596 kB
MemFree:         1165244 kB
MemAvailable:    1495760 kB
Buffers:           49464 kB
Cached:           396048 kB
MemTotal:        1844596 kB
MemFree:         1166452 kB
MemAvailable:    1497052 kB
Buffers:           49464 kB
Cached:           396048 kB
MemTotal:        1844596 kB
MemFree:         1166564 kB
MemAvailable:    1497164 kB
Buffers:           49464 kB
Cached:           396048 kB
MemTotal:        1844596 kB
MemFree:         1166540 kB
MemAvailable:    1497140 kB
Buffers:           49464 kB
Cached:           396048 kB
MemTotal:        1844596 kB
MemFree:         1165112 kB
MemAvailable:    1495712 kB
Buffers:           49464 kB
Cached:           396048 kB
MemTotal:        1844596 kB
MemFree:         1164988 kB
MemAvailable:    1495588 kB
Buffers:           49464 kB
Cached:           396048 kB
MemTotal:        1844596 kB
MemFree:         1166148 kB
MemAvailable:    1496748 kB
Buffers:           49464 kB
Cached:           396172 kB
MemTotal:        1844596 kB
MemFree:         1166244 kB
MemAvailable:    1496844 kB
Buffers:           49464 kB
Cached:           396172 kB
MemTotal:        1844596 kB
MemFree:         1166484 kB
MemAvailable:    1496412 kB
Buffers:           49464 kB
Cached:           395456 kB
MemTotal:        1844596 kB
MemFree:         1165576 kB
MemAvailable:    1495504 kB
Buffers:           49464 kB
Cached:           395456 kB
MemTotal:        1844596 kB
MemFree:         1234456 kB
MemAvailable:    1564384 kB
Buffers:           49464 kB
Cached:           395456 kB
