MemTotal:        1844596 kB
MemFree:         1255752 kB
MemAvailable:    1565660 kB
Buffers:           47068 kB
Cached:           379332 kB
MemTotal:        1844596 kB
MemFree:         1228324 kB
MemAvailable:    1538236 kB
Buffers:           47068 kB
Cached:           379336 kB
MemTotal:        1844596 kB
MemFree:         1226828 kB
MemAvailable:    1536740 kB
Buffers:           47068 kB
Cached:           379336 kB
MemTotal:        1844596 kB
MemFree:         1224844 kB
MemAvailable:    1534756 kB
Buffers:           47068 kB
Cached:           379336 kB
MemTotal:        1844596 kB
MemFree:         1223356 kB
MemAvailable:    1533268 kB
Buffers:           47068 kB
Cached:           379336 kB
MemTotal:        1844596 kB
MemFree:         1224596 kB
MemAvailable:    1534508 kB
Buffers:           47068 kB
Cached:           379336 kB
MemTotal:        1844596 kB
MemFree:         1224364 kB
MemAvailable:    1534276 kB
Buffers:           47068 kB
Cached:           379336 kB
MemTotal:        1844596 kB
MemFree:         1221380 kB
MemAvailable:    1531292 kB
Buffers:           47068 kB
Cached:           379336 kB
MemTotal:        1844596 kB
MemFree:         1219024 kB
MemAvailable:    1528936 kB
Buffers:           47068 kB
Cached:           379336 kB
MemTotal:        1844596 kB
MemFree:         1216668 kB
MemAvailable:    1526580 kB
Buffers:           47068 kB
Cached:           379336 kB
MemTotal:        1844596 kB
MemFree:         1214756 kB
MemAvailable:    1524668 kB
Buffers:           47068 kB
Cached:           379336 kB
MemTotal:        1844596 kB
MemFree:         1215008 kB
MemAvailable:    1524920 kB
Buffers:           47068 kB
Cached:           379336 kB
MemTotal:        1844596 kB
MemFree:         1214812 kB
MemAvailable:    1524724 kB
Buffers:           47068 kB
Cached:           379336 kB
MemTotal:        1844596 kB
MemFree:         1214788 kB
MemAvailable:    1524700 kB
Buffers:           47068 kB
Cached:           379336 kB
MemTotal:        1844596 kB
MemFree:         1214476 kB
MemAvailable:    1524388 kB
Buffers:           47068 kB
Cached:           379336 kB
MemTotal:        1844596 kB
MemFree:         1214312 kB
MemAvailable:    1524224 kB
Buffers:           47068 kB
Cached:           379336 kB
MemTotal:        1844596 kB
MemFree:         1214580 kB
MemAvailable:    1524492 kB
Buffers:           47068 kB
Cached:           379336 kB
MemTotal:        1844596 kB
MemFree:         1214048 kB
MemAvailable:    1523960 kB
Buffers:           47068 kB
Cached:           379336 kB
MemTotal:        1844596 kB
MemFree:         1212512 kB
MemAvailable:    1522424 kB
Buffers:           47068 kB
Cached:           379336 kB
MemTotal:        1844596 kB
MemFree:         1212488 kB
MemAvailable:    1522400 kB
Buffers:           47068 kB
Cached:           379336 kB
MemTotal:        1844596 kB
MemFree:         1212376 kB
MemAvailable:    1522288 kB
Buffers:           47068 kB
Cached:           379336 kB
MemTotal:        1844596 kB
MemFree:         1210804 kB
MemAvailable:    1520716 kB
Buffers:           47068 kB
Cached:           379336 kB
MemTotal:        1844596 kB
MemFree:         1212532 kB
MemAvailable:    1522444 kB
Buffers:           47068 kB
Cached:           379336 kB
MemTotal:        1844596 kB
MemFree:         1211548 kB
MemAvailable:    1521460 kB
Buffers:           47068 kB
Cached:           379336 kB
MemTotal:        1844596 kB
MemFree:         1212216 kB
MemAvailable:    1522128 kB
Buffers:           47068 kB
Cached:           379336 kB
MemTotal:        1844596 kB
MemFree:         1212220 kB
MemAvailable:    1522132 kB
Buffers:           47068 kB
Cached:           379336 kB
MemTotal:        1844596 kB
MemFree:         1212304 kB
MemAvailable:    1522216 kB
Buffers:           47068 kB
Cached:           379336 kB
MemTotal:        1844596 kB
MemFree:         1213584 kB
MemAvailable:    1523496 kB
Buffers:           47068 kB
Cached:           379336 kB
MemTotal:        1844596 kB
MemFree:         1213724 kB
MemAvailable:    1523636 kB
Buffers:           47068 kB
Cached:           379336 kB
MemTotal:        1844596 kB
MemFree:         1211368 kB
MemAvailable:    1521280 kB
Buffers:           47068 kB
Cached:           379336 kB
MemTotal:        1844596 kB
MemFree:         1210188 kB
MemAvailable:    1520100 kB
Buffers:           47068 kB
Cached:           379336 kB
MemTotal:        1844596 kB
MemFree:         1209940 kB
MemAvailable:    1519852 kB
Buffers:           47068 kB
Cached:           379336 kB
MemTotal:        1844596 kB
MemFree:         1208020 kB
MemAvailable:    1517932 kB
Buffers:           47068 kB
Cached:           379336 kB
MemTotal:        1844596 kB
MemFree:         1207764 kB
MemAvailable:    1517676 kB
Buffers:           47068 kB
Cached:           379336 kB
MemTotal:        1844596 kB
MemFree:         1208268 kB
MemAvailable:    1518180 kB
Buffers:           47068 kB
Cached:           379336 kB
MemTotal:        1844596 kB
MemFree:         1206772 kB
MemAvailable:    1516684 kB
Buffers:           47068 kB
Cached:           379336 kB
MemTotal:        1844596 kB
MemFree:         1208220 kB
MemAvailable:    1518132 kB
Buffers:           47068 kB
Cached:           379336 kB
MemTotal:        1844596 kB
MemFree:         1208148 kB
MemAvailable:    1518060 kB
Buffers:           47068 kB
Cached:           379336 kB
MemTotal:        1844596 kB
MemFree:         1206884 kB
MemAvailable:    1516796 kB
Buffers:           47068 kB
Cached:           379336 kB
MemTotal:        1844596 kB
MemFree:         1207756 kB
MemAvailable:    1517668 kB
Buffers:           47068 kB
Cached:           379336 kB
MemTotal:        1844596 kB
MemFree:         1207524 kB
MemAvailable:    1517436 kB
Buffers:           47068 kB
Cached:           379336 kB
MemTotal:        1844596 kB
MemFree:         1206632 kB
MemAvailable:    1516544 kB
Buffers:           47068 kB
Cached:           379336 kB
MemTotal:        1844596 kB
MemFree:         1207384 kB
MemAvailable:    1517296 kB
Buffers:           47068 kB
Cached:           379336 kB
MemTotal:        1844596 kB
MemFree:         1206904 kB
MemAvailable:    1516816 kB
Buffers:           47068 kB
Cached:           379336 kB
MemTotal:        1844596 kB
MemFree:         1205904 kB
MemAvailable:    1515816 kB
Buffers:           47068 kB
Cached:           379336 kB
MemTotal:        1844596 kB
MemFree:         1207144 kB
MemAvailable:    1517056 kB
Buffers:           47068 kB
Cached:           379336 kB
MemTotal:        1844596 kB
MemFree:         1207124 kB
MemAvailable:    1517036 kB
Buffers:           47068 kB
Cached:           379336 kB
MemTotal:        1844596 kB
MemFree:         1207028 kB
MemAvailable:    1516940 kB
Buffers:           47068 kB
Cached:           379336 kB
MemTotal:        1844596 kB
MemFree:         1207264 kB
MemAvailable:    1517176 kB
Buffers:           47068 kB
Cached:           379336 kB
MemTotal:        1844596 kB
MemFree:         1207256 kB
MemAvailable:    1517168 kB
Buffers:           47068 kB
Cached:           379336 kB
MemTotal:        1844596 kB
MemFree:         1207248 kB
MemAvailable:    1517160 kB
Buffers:           47068 kB
Cached:           379336 kB
MemTotal:        1844596 kB
MemFree:         1207212 kB
MemAvailable:    1517124 kB
Buffers:           47068 kB
Cached:           379336 kB
MemTotal:        1844596 kB
MemFree:         1205736 kB
MemAvailable:    1515648 kB
Buffers:           47068 kB
Cached:           379336 kB
MemTotal:        1844596 kB
MemFree:         1205900 kB
MemAvailable:    1515812 kB
Buffers:           47068 kB
Cached:           379336 kB
MemTotal:        1844596 kB
MemFree:         1205656 kB
MemAvailable:    1515568 kB
Buffers:           47068 kB
Cached:           379336 kB
MemTotal:        1844596 kB
MemFree:         1206772 kB
MemAvailable:    1516684 kB
Buffers:           47068 kB
Cached:           379336 kB
MemTotal:        1844596 kB
MemFree:         1205524 kB
MemAvailable:    1515436 kB
Buffers:           47068 kB
Cached:           379336 kB
MemTotal:        1844596 kB
MemFree:         1206392 kB
MemAvailable:    1516304 kB
Buffers:           47068 kB
Cached:           379336 kB
MemTotal:        1844596 kB
MemFree:         1206476 kB
MemAvailable:    1516388 kB
Buffers:           47068 kB
Cached:           379336 kB
MemTotal:        1844596 kB
MemFree:         1206088 kB
MemAvailable:    1516000 kB
Buffers:           47068 kB
Cached:           379336 kB
MemTotal:        1844596 kB
MemFree:         1206340 kB
MemAvailable:    1516252 kB
Buffers:           47068 kB
Cached:           379336 kB
MemTotal:        1844596 kB
MemFree:         1206272 kB
MemAvailable:    1516184 kB
Buffers:           47068 kB
Cached:           379336 kB
MemTotal:        1844596 kB
MemFree:         1204900 kB
MemAvailable:    1514812 kB
Buffers:           47068 kB
Cached:           379336 kB
MemTotal:        1844596 kB
MemFree:         1204900 kB
MemAvailable:    1514812 kB
Buffers:           47068 kB
Cached:           379336 kB
MemTotal:        1844596 kB
MemFree:         1204976 kB
MemAvailable:    1514888 kB
Buffers:           47068 kB
Cached:           379336 kB
MemTotal:        1844596 kB
MemFree:         1204976 kB
MemAvailable:    1514888 kB
Buffers:           47068 kB
Cached:           379336 kB
MemTotal:        1844596 kB
MemFree:         1204852 kB
MemAvailable:    1514764 kB
Buffers:           47068 kB
Cached:           379336 kB
MemTotal:        1844596 kB
MemFree:         1205716 kB
MemAvailable:    1515628 kB
Buffers:           47068 kB
Cached:           379336 kB
MemTotal:        1844596 kB
MemFree:         1202812 kB
MemAvailable:    1512724 kB
Buffers:           47068 kB
Cached:           379336 kB
MemTotal:        1844596 kB
MemFree:         1200440 kB
MemAvailable:    1510352 kB
Buffers:           47068 kB
Cached:           379336 kB
MemTotal:        1844596 kB
MemFree:         1199836 kB
MemAvailable:    1509748 kB
Buffers:           47068 kB
Cached:           379336 kB
MemTotal:        1844596 kB
MemFree:         1198580 kB
MemAvailable:    1508492 kB
Buffers:           47068 kB
Cached:           379336 kB
MemTotal:        1844596 kB
MemFree:         1198472 kB
MemAvailable:    1508384 kB
Buffers:           47068 kB
Cached:           379336 kB
MemTotal:        1844596 kB
MemFree:         1198416 kB
MemAvailable:    1508328 kB
Buffers:           47068 kB
Cached:           379336 kB
MemTotal:        1844596 kB
MemFree:         1197044 kB
MemAvailable:    1506956 kB
Buffers:           47068 kB
Cached:           379336 kB
MemTotal:        1844596 kB
MemFree:         1197168 kB
MemAvailable:    1507080 kB
Buffers:           47068 kB
Cached:           379336 kB
MemTotal:        1844596 kB
MemFree:         1197072 kB
MemAvailable:    1506984 kB
Buffers:           47068 kB
Cached:           379336 kB
MemTotal:        1844596 kB
MemFree:         1196900 kB
MemAvailable:    1506812 kB
Buffers:           47068 kB
Cached:           379336 kB
MemTotal:        1844596 kB
MemFree:         1198184 kB
MemAvailable:    1508096 kB
Buffers:           47068 kB
Cached:           379336 kB
MemTotal:        1844596 kB
MemFree:         1198496 kB
MemAvailable:    1508408 kB
Buffers:           47068 kB
Cached:           379336 kB
MemTotal:        1844596 kB
MemFree:         1198168 kB
MemAvailable:    1508080 kB
Buffers:           47068 kB
Cached:           379336 kB
MemTotal:        1844596 kB
MemFree:         1198168 kB
MemAvailable:    1508080 kB
Buffers:           47068 kB
Cached:           379336 kB
MemTotal:        1844596 kB
MemFree:         1198500 kB
MemAvailable:    1508412 kB
Buffers:           47068 kB
Cached:           379336 kB
MemTotal:        1844596 kB
MemFree:         1196936 kB
MemAvailable:    1506848 kB
Buffers:           47068 kB
Cached:           379336 kB
MemTotal:        1844596 kB
MemFree:         1197184 kB
MemAvailable:    1507096 kB
Buffers:           47068 kB
Cached:           379336 kB
MemTotal:        1844596 kB
MemFree:         1196480 kB
MemAvailable:    1506392 kB
Buffers:           47068 kB
Cached:           379336 kB
MemTotal:        1844596 kB
MemFree:         1196488 kB
MemAvailable:    1506400 kB
Buffers:           47068 kB
Cached:           379336 kB
MemTotal:        1844596 kB
MemFree:         1196240 kB
MemAvailable:    1506160 kB
Buffers:           47068 kB
Cached:           379344 kB
MemTotal:        1844596 kB
MemFree:         1196712 kB
MemAvailable:    1506632 kB
Buffers:           47068 kB
Cached:           379344 kB
MemTotal:        1844596 kB
MemFree:         1195868 kB
MemAvailable:    1505788 kB
Buffers:           47068 kB
Cached:           379344 kB
MemTotal:        1844596 kB
MemFree:         1196556 kB
MemAvailable:    1506476 kB
Buffers:           47068 kB
Cached:           379344 kB
MemTotal:        1844596 kB
MemFree:         1195000 kB
MemAvailable:    1504920 kB
Buffers:           47068 kB
Cached:           379344 kB
MemTotal:        1844596 kB
MemFree:         1194248 kB
MemAvailable:    1504168 kB
Buffers:           47068 kB
Cached:           379344 kB
MemTotal:        1844596 kB
MemFree:         1194248 kB
MemAvailable:    1504168 kB
Buffers:           47068 kB
Cached:           379344 kB
MemTotal:        1844596 kB
MemFree:         1193628 kB
MemAvailable:    1503548 kB
Buffers:           47068 kB
Cached:           379344 kB
MemTotal:        1844596 kB
MemFree:         1193628 kB
MemAvailable:    1503548 kB
Buffers:           47068 kB
Cached:           379344 kB
MemTotal:        1844596 kB
MemFree:         1193504 kB
MemAvailable:    1503424 kB
Buffers:           47068 kB
Cached:           379344 kB
MemTotal:        1844596 kB
MemFree:         1193256 kB
MemAvailable:    1503176 kB
Buffers:           47068 kB
Cached:           379344 kB
MemTotal:        1844596 kB
MemFree:         1193132 kB
MemAvailable:    1503052 kB
Buffers:           47068 kB
Cached:           379344 kB
MemTotal:        1844596 kB
MemFree:         1193112 kB
MemAvailable:    1503032 kB
Buffers:           47068 kB
Cached:           379344 kB
MemTotal:        1844596 kB
MemFree:         1194320 kB
MemAvailable:    1504240 kB
Buffers:           47068 kB
Cached:           379344 kB
MemTotal:        1844596 kB
MemFree:         1193388 kB
MemAvailable:    1503308 kB
Buffers:           47068 kB
Cached:           379344 kB
MemTotal:        1844596 kB
MemFree:         1193092 kB
MemAvailable:    1503012 kB
Buffers:           47068 kB
Cached:           379344 kB
MemTotal:        1844596 kB
MemFree:         1194440 kB
MemAvailable:    1504360 kB
Buffers:           47068 kB
Cached:           379344 kB
MemTotal:        1844596 kB
MemFree:         1194576 kB
MemAvailable:    1504496 kB
Buffers:           47068 kB
Cached:           379344 kB
MemTotal:        1844596 kB
MemFree:         1194084 kB
MemAvailable:    1504004 kB
Buffers:           47068 kB
Cached:           379344 kB
MemTotal:        1844596 kB
MemFree:         1193984 kB
MemAvailable:    1503904 kB
Buffers:           47068 kB
Cached:           379344 kB
MemTotal:        1844596 kB
MemFree:         1186752 kB
MemAvailable:    1496672 kB
Buffers:           47068 kB
Cached:           379344 kB
MemTotal:        1844596 kB
MemFree:         1185320 kB
MemAvailable:    1495240 kB
Buffers:           47068 kB
Cached:           379344 kB
MemTotal:        1844596 kB
MemFree:         1185444 kB
MemAvailable:    1495364 kB
Buffers:           47068 kB
Cached:           379344 kB
MemTotal:        1844596 kB
MemFree:         1185312 kB
MemAvailable:    1495232 kB
Buffers:           47068 kB
Cached:           379344 kB
MemTotal:        1844596 kB
MemFree:         1186676 kB
MemAvailable:    1496596 kB
Buffers:           47068 kB
Cached:           379344 kB
MemTotal:        1844596 kB
MemFree:         1185576 kB
MemAvailable:    1495496 kB
Buffers:           47068 kB
Cached:           379344 kB
MemTotal:        1844596 kB
MemFree:         1185184 kB
MemAvailable:    1495104 kB
Buffers:           47068 kB
Cached:           379344 kB
MemTotal:        1844596 kB
MemFree:         1187056 kB
MemAvailable:    1496976 kB
Buffers:           47068 kB
Cached:           379344 kB
MemTotal:        1844596 kB
MemFree:         1187992 kB
MemAvailable:    1497996 kB
Buffers:           47068 kB
Cached:           379468 kB
MemTotal:        1844596 kB
MemFree:         1187860 kB
MemAvailable:    1498032 kB
Buffers:           47068 kB
Cached:           379592 kB
MemTotal:        1844596 kB
MemFree:         1187536 kB
MemAvailable:    1497792 kB
Buffers:           47068 kB
Cached:           379716 kB
MemTotal:        1844596 kB
MemFree:         1187396 kB
MemAvailable:    1497820 kB
Buffers:           47068 kB
Cached:           379840 kB
MemTotal:        1844596 kB
MemFree:         1187480 kB
MemAvailable:    1497904 kB
Buffers:           47068 kB
Cached:           379840 kB
MemTotal:        1844596 kB
MemFree:         1187256 kB
MemAvailable:    1497764 kB
Buffers:           47068 kB
Cached:           379964 kB
MemTotal:        1844596 kB
MemFree:         1186320 kB
MemAvailable:    1496828 kB
Buffers:           47068 kB
Cached:           379964 kB
MemTotal:        1844596 kB
MemFree:         1185776 kB
MemAvailable:    1496332 kB
Buffers:           47068 kB
Cached:           380020 kB
MemTotal:        1844596 kB
MemFree:         1187308 kB
MemAvailable:    1497864 kB
Buffers:           47068 kB
Cached:           380020 kB
MemTotal:        1844596 kB
MemFree:         1187048 kB
MemAvailable:    1497604 kB
Buffers:           47068 kB
Cached:           380020 kB
MemTotal:        1844596 kB
MemFree:         1187384 kB
MemAvailable:    1497940 kB
Buffers:           47068 kB
Cached:           380020 kB
MemTotal:        1844596 kB
MemFree:         1187176 kB
MemAvailable:    1497732 kB
Buffers:           47068 kB
Cached:           380020 kB
MemTotal:        1844596 kB
MemFree:         1186012 kB
MemAvailable:    1496568 kB
Buffers:           47068 kB
Cached:           380020 kB
MemTotal:        1844596 kB
MemFree:         1187472 kB
MemAvailable:    1497440 kB
Buffers:           47068 kB
Cached:           379388 kB
MemTotal:        1844596 kB
MemFree:         1225120 kB
MemAvailable:    1535088 kB
Buffers:           47068 kB
Cached:           379388 kB
