MemTotal:        1844596 kB
MemFree:         1275340 kB
MemAvailable:    1569864 kB
Buffers:           45064 kB
Cached:           367124 kB
MemTotal:        1844596 kB
MemFree:         1248044 kB
MemAvailable:    1542572 kB
Buffers:           45064 kB
Cached:           367128 kB
MemTotal:        1844596 kB
MemFree:         1247580 kB
MemAvailable:    1542108 kB
Buffers:           45064 kB
Cached:           367128 kB
MemTotal:        1844596 kB
MemFree:         1245340 kB
MemAvailable:    1539868 kB
Buffers:           45064 kB
Cached:           367128 kB
MemTotal:        1844596 kB
MemFree:         1244736 kB
MemAvailable:    1539264 kB
Buffers:           45064 kB
Cached:           367128 kB
MemTotal:        1844596 kB
MemFree:         1244364 kB
MemAvailable:    1538892 kB
Buffers:           45064 kB
Cached:           367128 kB
MemTotal:        1844596 kB
MemFree:         1242736 kB
MemAvailable:    1537264 kB
Buffers:           45064 kB
Cached:           367128 kB
MemTotal:        1844596 kB
MemFree:         1242380 kB
MemAvailable:    1536908 kB
Buffers:           45064 kB
Cached:           367128 kB
MemTotal:        1844596 kB
MemFree:         1238784 kB
MemAvailable:    1533312 kB
Buffers:           45064 kB
Cached:           367128 kB
MemTotal:        1844596 kB
MemFree:         1234304 kB
MemAvailable:    1528832 kB
Buffers:           45064 kB
Cached:           367128 kB
MemTotal:        1844596 kB
MemFree:         1234196 kB
MemAvailable:    1528724 kB
Buffers:           45064 kB
Cached:           367128 kB
MemTotal:        1844596 kB
MemFree:         1234364 kB
MemAvailable:    1528892 kB
Buffers:           45064 kB
Cached:           367128 kB
MemTotal:        1844596 kB
MemFree:         1232956 kB
MemAvailable:    1527484 kB
Buffers:           45064 kB
Cached:           367128 kB
MemTotal:        1844596 kB
MemFree:         1234196 kB
MemAvailable:    1528724 kB
Buffers:           45064 kB
Cached:           367128 kB
MemTotal:        1844596 kB
MemFree:         1233328 kB
MemAvailable:    1527856 kB
Buffers:           45064 kB
Cached:           367128 kB
MemTotal:        1844596 kB
MemFree:         1234072 kB
MemAvailable:    1528600 kB
Buffers:           45064 kB
Cached:           367128 kB
MemTotal:        1844596 kB
MemFree:         1232824 kB
MemAvailable:    1527352 kB
Buffers:           45064 kB
Cached:           367128 kB
MemTotal:        1844596 kB
MemFree:         1232916 kB
MemAvailable:    1527444 kB
Buffers:           45064 kB
Cached:           367128 kB
MemTotal:        1844596 kB
MemFree:         1231840 kB
MemAvailable:    1526368 kB
Buffers:           45064 kB
Cached:           367128 kB
MemTotal:        1844596 kB
MemFree:         1231652 kB
MemAvailable:    1526180 kB
Buffers:           45064 kB
Cached:           367128 kB
MemTotal:        1844596 kB
MemFree:         1230848 kB
MemAvailable:    1525376 kB
Buffers:           45064 kB
Cached:           367128 kB
MemTotal:        1844596 kB
MemFree:         1231704 kB
MemAvailable:    1526232 kB
Buffers:           45064 kB
Cached:           367128 kB
MemTotal:        1844596 kB
MemFree:         1231716 kB
MemAvailable:    1526244 kB
Buffers:           45064 kB
Cached:           367128 kB
MemTotal:        1844596 kB
MemFree:         1231620 kB
MemAvailable:    1526148 kB
Buffers:           45064 kB
Cached:           367128 kB
MemTotal:        1844596 kB
MemFree:         1231468 kB
MemAvailable:    1525996 kB
Buffers:           45064 kB
Cached:           367128 kB
MemTotal:        1844596 kB
MemFree:         1231556 kB
MemAvailable:    1526084 kB
Buffers:           45064 kB
Cached:           367128 kB
MemTotal:        1844596 kB
MemFree:         1231708 kB
MemAvailable:    1526236 kB
Buffers:           45064 kB
Cached:           367128 kB
MemTotal:        1844596 kB
MemFree:         1232648 kB
MemAvailable:    1527176 kB
Buffers:           45064 kB
Cached:           367128 kB
MemTotal:        1844596 kB
MemFree:         1232708 kB
MemAvailable:    1527236 kB
Buffers:           45064 kB
Cached:           367128 kB
MemTotal:        1844596 kB
MemFree:         1233016 kB
MemAvailable:    1527544 kB
Buffers:           45064 kB
Cached:           367128 kB
MemTotal:        1844596 kB
MemFree:         1232460 kB
MemAvailable:    1526988 kB
Buffers:           45064 kB
Cached:           367128 kB
MemTotal:        1844596 kB
MemFree:         1228368 kB
MemAvailable:    1522896 kB
Buffers:           45064 kB
Cached:           367128 kB
MemTotal:        1844596 kB
MemFree:         1228112 kB
MemAvailable:    1522640 kB
Buffers:           45064 kB
Cached:           367128 kB
MemTotal:        1844596 kB
MemFree:         1228928 kB
MemAvailable:    1523456 kB
Buffers:           45064 kB
Cached:           367128 kB
MemTotal:        1844596 kB
MemFree:         1228420 kB
MemAvailable:    1522948 kB
Buffers:           45064 kB
Cached:           367128 kB
MemTotal:        1844596 kB
MemFree:         1227808 kB
MemAvailable:    1522336 kB
Buffers:           45064 kB
Cached:           367128 kB
MemTotal:        1844596 kB
MemFree:         1227636 kB
MemAvailable:    1522164 kB
Buffers:           45064 kB
Cached:           367128 kB
MemTotal:        1844596 kB
MemFree:         1227680 kB
MemAvailable:    1522208 kB
Buffers:           45064 kB
Cached:           367128 kB
MemTotal:        1844596 kB
MemFree:         1227668 kB
MemAvailable:    1522196 kB
Buffers:           45064 kB
Cached:           367128 kB
MemTotal:        1844596 kB
MemFree:         1226236 kB
MemAvailable:    1520764 kB
Buffers:           45064 kB
Cached:           367128 kB
MemTotal:        1844596 kB
MemFree:         1227620 kB
MemAvailable:    1522148 kB
Buffers:           45064 kB
Cached:           367128 kB
MemTotal:        1844596 kB
MemFree:         1227252 kB
MemAvailable:    1521780 kB
Buffers:           45064 kB
Cached:           367128 kB
MemTotal:        1844596 kB
MemFree:         1227236 kB
MemAvailable:    1521764 kB
Buffers:           45064 kB
Cached:           367128 kB
MemTotal:        1844596 kB
MemFree:         1227064 kB
MemAvailable:    1521592 kB
Buffers:           45064 kB
Cached:           367128 kB
MemTotal:        1844596 kB
MemFree:         1226932 kB
MemAvailable:    1521460 kB
Buffers:           45064 kB
Cached:           367128 kB
MemTotal:        1844596 kB
MemFree:         1226520 kB
MemAvailable:    1521048 kB
Buffers:           45064 kB
Cached:           367128 kB
MemTotal:        1844596 kB
MemFree:         1225256 kB
MemAvailable:    1519784 kB
Buffers:           45064 kB
Cached:           367128 kB
MemTotal:        1844596 kB
MemFree:         1225256 kB
MemAvailable:    1519784 kB
Buffers:           45064 kB
Cached:           367128 kB
MemTotal:        1844596 kB
MemFree:         1226680 kB
MemAvailable:    1521208 kB
Buffers:           45064 kB
Cached:           367128 kB
MemTotal:        1844596 kB
MemFree:         1226012 kB
MemAvailable:    1520540 kB
Buffers:           45064 kB
Cached:           367128 kB
MemTotal:        1844596 kB
MemFree:         1226356 kB
MemAvailable:    1520884 kB
Buffers:           45064 kB
Cached:           367128 kB
MemTotal:        1844596 kB
MemFree:         1225256 kB
MemAvailable:    1519784 kB
Buffers:           45064 kB
Cached:           367128 kB
MemTotal:        1844596 kB
MemFree:         1226424 kB
MemAvailable:    1520952 kB
Buffers:           45064 kB
Cached:           367128 kB
MemTotal:        1844596 kB
MemFree:         1226348 kB
MemAvailable:    1520876 kB
Buffers:           45064 kB
Cached:           367128 kB
MemTotal:        1844596 kB
MemFree:         1226012 kB
MemAvailable:    1520540 kB
Buffers:           45064 kB
Cached:           367128 kB
MemTotal:        1844596 kB
MemFree:         1226432 kB
MemAvailable:    1520960 kB
Buffers:           45064 kB
Cached:           367128 kB
MemTotal:        1844596 kB
MemFree:         1225932 kB
MemAvailable:    1520460 kB
Buffers:           45064 kB
Cached:           367128 kB
MemTotal:        1844596 kB
MemFree:         1226184 kB
MemAvailable:    1520712 kB
Buffers:           45064 kB
Cached:           367128 kB
MemTotal:        1844596 kB
MemFree:         1225600 kB
MemAvailable:    1520128 kB
Buffers:           45064 kB
Cached:           367128 kB
MemTotal:        1844596 kB
MemFree:         1225852 kB
MemAvailable:    1520380 kB
Buffers:           45064 kB
Cached:           367128 kB
MemTotal:        1844596 kB
MemFree:         1225636 kB
MemAvailable:    1520164 kB
Buffers:           45064 kB
Cached:           367128 kB
MemTotal:        1844596 kB
MemFree:         1224372 kB
MemAvailable:    1518900 kB
Buffers:           45064 kB
Cached:           367128 kB
MemTotal:        1844596 kB
MemFree:         1225776 kB
MemAvailable:    1520304 kB
Buffers:           45064 kB
Cached:           367128 kB
MemTotal:        1844596 kB
MemFree:         1224236 kB
MemAvailable:    1518764 kB
Buffers:           45064 kB
Cached:           367128 kB
MemTotal:        1844596 kB
MemFree:         1224236 kB
MemAvailable:    1518764 kB
Buffers:           45064 kB
Cached:           367128 kB
MemTotal:        1844596 kB
MemFree:         1225420 kB
MemAvailable:    1519948 kB
Buffers:           45064 kB
Cached:           367128 kB
MemTotal:        1844596 kB
MemFree:         1225640 kB
MemAvailable:    1520168 kB
Buffers:           45064 kB
Cached:           367128 kB
MemTotal:        1844596 kB
MemFree:         1224212 kB
MemAvailable:    1518740 kB
Buffers:           45064 kB
Cached:           367128 kB
MemTotal:        1844596 kB
MemFree:         1224212 kB
MemAvailable:    1518740 kB
Buffers:           45064 kB
Cached:           367128 kB
MemTotal:        1844596 kB
MemFree:         1222788 kB
MemAvailable:    1517316 kB
Buffers:           45064 kB
Cached:           367128 kB
MemTotal:        1844596 kB
MemFree:         1221300 kB
MemAvailable:    1515828 kB
Buffers:           45064 kB
Cached:           367128 kB
MemTotal:        1844596 kB
MemFree:         1220052 kB
MemAvailable:    1514580 kB
Buffers:           45064 kB
Cached:           367128 kB
MemTotal:        1844596 kB
MemFree:         1217936 kB
MemAvailable:    1512464 kB
Buffers:           45064 kB
Cached:           367128 kB
MemTotal:        1844596 kB
MemFree:         1217332 kB
MemAvailable:    1511860 kB
Buffers:           45064 kB
Cached:           367128 kB
MemTotal:        1844596 kB
MemFree:         1216524 kB
MemAvailable:    1511052 kB
Buffers:           45064 kB
Cached:           367128 kB
MemTotal:        1844596 kB
MemFree:         1217980 kB
MemAvailable:    1512508 kB
Buffers:           45064 kB
Cached:           367128 kB
MemTotal:        1844596 kB
MemFree:         1217772 kB
MemAvailable:    1512300 kB
Buffers:           45064 kB
Cached:           367128 kB
MemTotal:        1844596 kB
MemFree:         1217700 kB
MemAvailable:    1512228 kB
Buffers:           45064 kB
Cached:           367128 kB
MemTotal:        1844596 kB
MemFree:         1217620 kB
MemAvailable:    1512148 kB
Buffers:           45064 kB
Cached:           367128 kB
MemTotal:        1844596 kB
MemFree:         1217788 kB
MemAvailable:    1512316 kB
Buffers:           45064 kB
Cached:           367128 kB
MemTotal:        1844596 kB
MemFree:         1217552 kB
MemAvailable:    1512084 kB
Buffers:           45064 kB
Cached:           367132 kB
MemTotal:        1844596 kB
MemFree:         1217804 kB
MemAvailable:    1512336 kB
Buffers:           45064 kB
Cached:           367132 kB
MemTotal:        1844596 kB
MemFree:         1216452 kB
MemAvailable:    1510988 kB
Buffers:           45064 kB
Cached:           367136 kB
MemTotal:        1844596 kB
MemFree:         1216452 kB
MemAvailable:    1510988 kB
Buffers:           45064 kB
Cached:           367136 kB
MemTotal:        1844596 kB
MemFree:         1216960 kB
MemAvailable:    1511496 kB
Buffers:           45064 kB
Cached:           367136 kB
MemTotal:        1844596 kB
MemFree:         1216332 kB
MemAvailable:    1510868 kB
Buffers:           45064 kB
Cached:           367136 kB
MemTotal:        1844596 kB
MemFree:         1217068 kB
MemAvailable:    1511604 kB
Buffers:           45064 kB
Cached:           367136 kB
MemTotal:        1844596 kB
MemFree:         1216588 kB
MemAvailable:    1511124 kB
Buffers:           45064 kB
Cached:           367136 kB
MemTotal:        1844596 kB
MemFree:         1216696 kB
MemAvailable:    1511232 kB
Buffers:           45064 kB
Cached:           367136 kB
MemTotal:        1844596 kB
MemFree:         1216524 kB
MemAvailable:    1511060 kB
Buffers:           45064 kB
Cached:           367136 kB
MemTotal:        1844596 kB
MemFree:         1215100 kB
MemAvailable:    1509636 kB
Buffers:           45064 kB
Cached:           367136 kB
MemTotal:        1844596 kB
MemFree:         1214852 kB
MemAvailable:    1509388 kB
Buffers:           45064 kB
Cached:           367136 kB
MemTotal:        1844596 kB
MemFree:         1215160 kB
MemAvailable:    1509696 kB
Buffers:           45064 kB
Cached:           367136 kB
MemTotal:        1844596 kB
MemFree:         1214704 kB
MemAvailable:    1509240 kB
Buffers:           45064 kB
Cached:           367136 kB
MemTotal:        1844596 kB
MemFree:         1215040 kB
MemAvailable:    1509576 kB
Buffers:           45064 kB
Cached:           367136 kB
MemTotal:        1844596 kB
MemFree:         1212860 kB
MemAvailable:    1507396 kB
Buffers:           45064 kB
Cached:           367136 kB
MemTotal:        1844596 kB
MemFree:         1212860 kB
MemAvailable:    1507396 kB
Buffers:           45064 kB
Cached:           367136 kB
MemTotal:        1844596 kB
MemFree:         1212820 kB
MemAvailable:    1507356 kB
Buffers:           45064 kB
Cached:           367136 kB
MemTotal:        1844596 kB
MemFree:         1212556 kB
MemAvailable:    1507092 kB
Buffers:           45064 kB
Cached:           367136 kB
MemTotal:        1844596 kB
MemFree:         1213900 kB
MemAvailable:    1508436 kB
Buffers:           45064 kB
Cached:           367136 kB
MemTotal:        1844596 kB
MemFree:         1213668 kB
MemAvailable:    1508204 kB
Buffers:           45064 kB
Cached:           367136 kB
MemTotal:        1844596 kB
MemFree:         1213648 kB
MemAvailable:    1508184 kB
Buffers:           45064 kB
Cached:           367136 kB
MemTotal:        1844596 kB
MemFree:         1213240 kB
MemAvailable:    1507776 kB
Buffers:           45064 kB
Cached:           367136 kB
MemTotal:        1844596 kB
MemFree:         1213708 kB
MemAvailable:    1508244 kB
Buffers:           45064 kB
Cached:           367136 kB
MemTotal:        1844596 kB
MemFree:         1213960 kB
MemAvailable:    1508496 kB
Buffers:           45064 kB
Cached:           367136 kB
MemTotal:        1844596 kB
MemFree:         1213908 kB
MemAvailable:    1508444 kB
Buffers:           45064 kB
Cached:           367136 kB
MemTotal:        1844596 kB
MemFree:         1213960 kB
MemAvailable:    1508496 kB
Buffers:           45064 kB
Cached:           367136 kB
MemTotal:        1844596 kB
MemFree:         1212364 kB
MemAvailable:    1506900 kB
Buffers:           45064 kB
Cached:           367136 kB
MemTotal:        1844596 kB
MemFree:         1206032 kB
MemAvailable:    1500568 kB
Buffers:           45064 kB
Cached:           367136 kB
MemTotal:        1844596 kB
MemFree:         1205180 kB
MemAvailable:    1499716 kB
Buffers:           45064 kB
Cached:           367136 kB
MemTotal:        1844596 kB
MemFree:         1205972 kB
MemAvailable:    1500508 kB
Buffers:           45064 kB
Cached:           367136 kB
MemTotal:        1844596 kB
MemFree:         1204540 kB
MemAvailable:    1499076 kB
Buffers:           45064 kB
Cached:           367136 kB
MemTotal:        1844596 kB
MemFree:         1205640 kB
MemAvailable:    1500176 kB
Buffers:           45064 kB
Cached:           367136 kB
MemTotal:        1844596 kB
MemFree:         1205740 kB
MemAvailable:    1500276 kB
Buffers:           45064 kB
Cached:           367136 kB
MemTotal:        1844596 kB
MemFree:         1204428 kB
MemAvailable:    1498964 kB
Buffers:           45064 kB
Cached:           367136 kB
MemTotal:        1844596 kB
MemFree:         1207820 kB
MemAvailable:    1502356 kB
Buffers:           45064 kB
Cached:           367136 kB
MemTotal:        1844596 kB
MemFree:         1207164 kB
MemAvailable:    1501700 kB
Buffers:           45064 kB
Cached:           367136 kB
MemTotal:        1844596 kB
MemFree:         1207272 kB
MemAvailable:    1501892 kB
Buffers:           45064 kB
Cached:           367260 kB
MemTotal:        1844596 kB
MemFree:         1207272 kB
MemAvailable:    1501892 kB
Buffers:           45064 kB
Cached:           367260 kB
MemTotal:        1844596 kB
MemFree:         1206884 kB
MemAvailable:    1501756 kB
Buffers:           45064 kB
Cached:           367508 kB
MemTotal:        1844596 kB
MemFree:         1207136 kB
MemAvailable:    1502008 kB
Buffers:           45064 kB
Cached:           367508 kB
MemTotal:        1844596 kB
MemFree:         1206660 kB
MemAvailable:    1501784 kB
Buffers:           45064 kB
Cached:           367756 kB
MemTotal:        1844596 kB
MemFree:         1206780 kB
MemAvailable:    1501904 kB
Buffers:           45064 kB
Cached:           367756 kB
MemTotal:        1844596 kB
MemFree:         1205292 kB
MemAvailable:    1500500 kB
Buffers:           45064 kB
Cached:           367880 kB
MemTotal:        1844596 kB
MemFree:         1205368 kB
MemAvailable:    1500576 kB
Buffers:           45064 kB
Cached:           367880 kB
MemTotal:        1844596 kB
MemFree:         1205112 kB
MemAvailable:    1500320 kB
Buffers:           45064 kB
Cached:           367880 kB
MemTotal:        1844596 kB
MemFree:         1205232 kB
MemAvailable:    1500440 kB
Buffers:           45064 kB
Cached:           367880 kB
MemTotal:        1844596 kB
MemFree:         1205268 kB
MemAvailable:    1500476 kB
Buffers:           45064 kB
Cached:           367880 kB
MemTotal:        1844596 kB
MemFree:         1206504 kB
MemAvailable:    1501796 kB
Buffers:           45064 kB
Cached:           367880 kB
MemTotal:        1844596 kB
MemFree:         1207264 kB
MemAvailable:    1502052 kB
Buffers:           45064 kB
Cached:           367376 kB
MemTotal:        1844596 kB
MemFree:         1266776 kB
MemAvailable:    1561480 kB
Buffers:           45064 kB
Cached:           367208 kB
