MemTotal:        1844596 kB
MemFree:         1232972 kB
MemAvailable:    1564676 kB
Buffers:           49664 kB
Cached:           396864 kB
MemTotal:        1844596 kB
MemFree:         1204376 kB
MemAvailable:    1536084 kB
Buffers:           49664 kB
Cached:           396868 kB
MemTotal:        1844596 kB
MemFree:         1203252 kB
MemAvailable:    1534960 kB
Buffers:           49664 kB
Cached:           396868 kB
MemTotal:        1844596 kB
MemFree:         1202772 kB
MemAvailable:    1534480 kB
Buffers:           49664 kB
Cached:           396868 kB
MemTotal:        1844596 kB
MemFree:         1202028 kB
MemAvailable:    1533736 kB
Buffers:           49664 kB
Cached:           396868 kB
MemTotal:        1844596 kB
MemFree:         1200780 kB
MemAvailable:    1532488 kB
Buffers:           49664 kB
Cached:           396868 kB
MemTotal:        1844596 kB
MemFree:         1200540 kB
MemAvailable:    1532248 kB
Buffers:           49664 kB
Cached:           396868 kB
MemTotal:        1844596 kB
MemFree:         1198360 kB
MemAvailable:    1530068 kB
Buffers:           49664 kB
Cached:           396868 kB
MemTotal:        1844596 kB
MemFree:         1195580 kB
MemAvailable:    1527288 kB
Buffers:           49664 kB
Cached:           396868 kB
MemTotal:        1844596 kB
MemFree:         1192356 kB
MemAvailable:    1524064 kB
Buffers:           49664 kB
Cached:           396868 kB
MemTotal:        1844596 kB
MemFree:         1190868 kB
MemAvailable:    1522576 kB
Buffers:           49664 kB
Cached:           396868 kB
MemTotal:        1844596 kB
MemFree:         1191356 kB
MemAvailable:    1523064 kB
Buffers:           49664 kB
Cached:           396868 kB
MemTotal:        1844596 kB
MemFree:         1192044 kB
MemAvailable:    1523752 kB
Buffers:           49664 kB
Cached:           396868 kB
MemTotal:        1844596 kB
MemFree:         1190744 kB
MemAvailable:    1522452 kB
Buffers:           49664 kB
Cached:           396868 kB
MemTotal:        1844596 kB
MemFree:         1191984 kB
MemAvailable:    1523692 kB
Buffers:           49664 kB
Cached:           396868 kB
MemTotal:        1844596 kB
MemFree:         1192080 kB
MemAvailable:    1523788 kB
Buffers:           49664 kB
Cached:           396868 kB
MemTotal:        1844596 kB
MemFree:         1191656 kB
MemAvailable:    1523364 kB
Buffers:           49664 kB
Cached:           396868 kB
MemTotal:        1844596 kB
MemFree:         1189752 kB
MemAvailable:    1521460 kB
Buffers:           49664 kB
Cached:           396868 kB
MemTotal:        1844596 kB
MemFree:         1188628 kB
MemAvailable:    1520336 kB
Buffers:           49664 kB
Cached:           396868 kB
MemTotal:        1844596 kB
MemFree:         1188380 kB
MemAvailable:    1520088 kB
Buffers:           49664 kB
Cached:           396868 kB
MemTotal:        1844596 kB
MemFree:         1189704 kB
MemAvailable:    1521412 kB
Buffers:           49664 kB
Cached:           396868 kB
MemTotal:        1844596 kB
MemFree:         1189604 kB
MemAvailable:    1521312 kB
Buffers:           49664 kB
Cached:           396868 kB
MemTotal:        1844596 kB
MemFree:         1188116 kB
MemAvailable:    1519824 kB
Buffers:           49664 kB
Cached:           396868 kB
MemTotal:        1844596 kB
MemFree:         1188332 kB
MemAvailable:    1520040 kB
Buffers:           49664 kB
Cached:           396868 kB
MemTotal:        1844596 kB
MemFree:         1188376 kB
MemAvailable:    1520084 kB
Buffers:           49664 kB
Cached:           396868 kB
MemTotal:        1844596 kB
MemFree:         1188204 kB
MemAvailable:    1519912 kB
Buffers:           49664 kB
Cached:           396868 kB
MemTotal:        1844596 kB
MemFree:         1189416 kB
MemAvailable:    1521124 kB
Buffers:           49664 kB
Cached:           396868 kB
MemTotal:        1844596 kB
MemFree:         1189832 kB
MemAvailable:    1521540 kB
Buffers:           49664 kB
Cached:           396868 kB
MemTotal:        1844596 kB
MemFree:         1189992 kB
MemAvailable:    1521700 kB
Buffers:           49664 kB
Cached:           396868 kB
MemTotal:        1844596 kB
MemFree:         1187976 kB
MemAvailable:    1519684 kB
Buffers:           49664 kB
Cached:           396868 kB
MemTotal:        1844596 kB
MemFree:         1186016 kB
MemAvailable:    1517724 kB
Buffers:           49664 kB
Cached:           396868 kB
MemTotal:        1844596 kB
MemFree:         1186776 kB
MemAvailable:    1518484 kB
Buffers:           49664 kB
Cached:           396868 kB
MemTotal:        1844596 kB
MemFree:         1185288 kB
MemAvailable:    1516996 kB
Buffers:           49664 kB
Cached:           396868 kB
MemTotal:        1844596 kB
MemFree:         1184916 kB
MemAvailable:    1516624 kB
Buffers:           49664 kB
Cached:           396868 kB
MemTotal:        1844596 kB
MemFree:         1184164 kB
MemAvailable:    1515872 kB
Buffers:           49664 kB
Cached:           396868 kB
MemTotal:        1844596 kB
MemFree:         1185464 kB
MemAvailable:    1517172 kB
Buffers:           49664 kB
Cached:           396868 kB
MemTotal:        1844596 kB
MemFree:         1185384 kB
MemAvailable:    1517092 kB
Buffers:           49664 kB
Cached:           396868 kB
MemTotal:        1844596 kB
MemFree:         1185288 kB
MemAvailable:    1516996 kB
Buffers:           49664 kB
Cached:           396868 kB
MemTotal:        1844596 kB
MemFree:         1185260 kB
MemAvailable:    1516968 kB
Buffers:           49664 kB
Cached:           396868 kB
MemTotal:        1844596 kB
MemFree:         1185512 kB
MemAvailable:    1517220 kB
Buffers:           49664 kB
Cached:           396868 kB
MemTotal:        1844596 kB
MemFree:         1184032 kB
MemAvailable:    1515740 kB
Buffers:           49664 kB
Cached:           396868 kB
MemTotal:        1844596 kB
MemFree:         1184528 kB
MemAvailable:    1516236 kB
Buffers:           49664 kB
Cached:           396868 kB
MemTotal:        1844596 kB
MemFree:         1184612 kB
MemAvailable:    1516320 kB
Buffers:           49664 kB
Cached:           396868 kB
MemTotal:        1844596 kB
MemFree:         1183048 kB
MemAvailable:    1514756 kB
Buffers:           49664 kB
Cached:           396868 kB
MemTotal:        1844596 kB
MemFree:         1183048 kB
MemAvailable:    1514760 kB
Buffers:           49664 kB
Cached:           396872 kB
MemTotal:        1844596 kB
MemFree:         1184348 kB
MemAvailable:    1516060 kB
Buffers:           49664 kB
Cached:           396872 kB
MemTotal:        1844596 kB
MemFree:         1184340 kB
MemAvailable:    1516052 kB
Buffers:           49664 kB
Cached:           396872 kB
MemTotal:        1844596 kB
MemFree:         1183164 kB
MemAvailable:    1514876 kB
Buffers:           49664 kB
Cached:           396872 kB
MemTotal:        1844596 kB
MemFree:         1183164 kB
MemAvailable:    1514876 kB
Buffers:           49664 kB
Cached:           396872 kB
MemTotal:        1844596 kB
MemFree:         1183032 kB
MemAvailable:    1514744 kB
Buffers:           49664 kB
Cached:           396872 kB
MemTotal:        1844596 kB
MemFree:         1183116 kB
MemAvailable:    1514828 kB
Buffers:           49664 kB
Cached:           396872 kB
MemTotal:        1844596 kB
MemFree:         1184416 kB
MemAvailable:    1516128 kB
Buffers:           49664 kB
Cached:           396872 kB
MemTotal:        1844596 kB
MemFree:         1182676 kB
MemAvailable:    1514388 kB
Buffers:           49664 kB
Cached:           396872 kB
MemTotal:        1844596 kB
MemFree:         1182676 kB
MemAvailable:    1514388 kB
Buffers:           49664 kB
Cached:           396872 kB
MemTotal:        1844596 kB
MemFree:         1182552 kB
MemAvailable:    1514264 kB
Buffers:           49664 kB
Cached:           396872 kB
MemTotal:        1844596 kB
MemFree:         1182560 kB
MemAvailable:    1514272 kB
Buffers:           49664 kB
Cached:           396872 kB
MemTotal:        1844596 kB
MemFree:         1183732 kB
MemAvailable:    1515444 kB
Buffers:           49664 kB
Cached:           396872 kB
MemTotal:        1844596 kB
MemFree:         1183544 kB
MemAvailable:    1515256 kB
Buffers:           49664 kB
Cached:           396872 kB
MemTotal:        1844596 kB
MemFree:         1182124 kB
MemAvailable:    1513836 kB
Buffers:           49664 kB
Cached:           396872 kB
MemTotal:        1844596 kB
MemFree:         1182000 kB
MemAvailable:    1513712 kB
Buffers:           49664 kB
Cached:           396872 kB
MemTotal:        1844596 kB
MemFree:         1182124 kB
MemAvailable:    1513836 kB
Buffers:           49664 kB
Cached:           396872 kB
MemTotal:        1844596 kB
MemFree:         1182248 kB
MemAvailable:    1513960 kB
Buffers:           49664 kB
Cached:           396872 kB
MemTotal:        1844596 kB
MemFree:         1182120 kB
MemAvailable:    1513832 kB
Buffers:           49664 kB
Cached:           396872 kB
MemTotal:        1844596 kB
MemFree:         1183636 kB
MemAvailable:    1515348 kB
Buffers:           49664 kB
Cached:           396872 kB
MemTotal:        1844596 kB
MemFree:         1182024 kB
MemAvailable:    1513736 kB
Buffers:           49664 kB
Cached:           396872 kB
MemTotal:        1844596 kB
MemFree:         1181196 kB
MemAvailable:    1512908 kB
Buffers:           49664 kB
Cached:           396872 kB
MemTotal:        1844596 kB
MemFree:         1179272 kB
MemAvailable:    1510984 kB
Buffers:           49664 kB
Cached:           396872 kB
MemTotal:        1844596 kB
MemFree:         1175932 kB
MemAvailable:    1507644 kB
Buffers:           49664 kB
Cached:           396872 kB
MemTotal:        1844596 kB
MemFree:         1175368 kB
MemAvailable:    1507080 kB
Buffers:           49664 kB
Cached:           396872 kB
MemTotal:        1844596 kB
MemFree:         1175668 kB
MemAvailable:    1507380 kB
Buffers:           49664 kB
Cached:           396872 kB
MemTotal:        1844596 kB
MemFree:         1175400 kB
MemAvailable:    1507112 kB
Buffers:           49664 kB
Cached:           396872 kB
MemTotal:        1844596 kB
MemFree:         1175352 kB
MemAvailable:    1507064 kB
Buffers:           49664 kB
Cached:           396872 kB
MemTotal:        1844596 kB
MemFree:         1175576 kB
MemAvailable:    1507288 kB
Buffers:           49664 kB
Cached:           396872 kB
MemTotal:        1844596 kB
MemFree:         1174164 kB
MemAvailable:    1505876 kB
Buffers:           49664 kB
Cached:           396872 kB
MemTotal:        1844596 kB
MemFree:         1175380 kB
MemAvailable:    1507092 kB
Buffers:           49664 kB
Cached:           396872 kB
MemTotal:        1844596 kB
MemFree:         1174624 kB
MemAvailable:    1506336 kB
Buffers:           49664 kB
Cached:           396872 kB
MemTotal:        1844596 kB
MemFree:         1174108 kB
MemAvailable:    1505820 kB
Buffers:           49664 kB
Cached:           396872 kB
MemTotal:        1844596 kB
MemFree:         1175492 kB
MemAvailable:    1507204 kB
Buffers:           49664 kB
Cached:           396872 kB
MemTotal:        1844596 kB
MemFree:         1175568 kB
MemAvailable:    1507280 kB
Buffers:           49664 kB
Cached:           396872 kB
MemTotal:        1844596 kB
MemFree:         1174252 kB
MemAvailable:    1505964 kB
Buffers:           49664 kB
Cached:           396872 kB
MemTotal:        1844596 kB
MemFree:         1174244 kB
MemAvailable:    1505956 kB
Buffers:           49664 kB
Cached:           396872 kB
MemTotal:        1844596 kB
MemFree:         1175304 kB
MemAvailable:    1507016 kB
Buffers:           49664 kB
Cached:           396872 kB
MemTotal:        1844596 kB
MemFree:         1175556 kB
MemAvailable:    1507268 kB
Buffers:           49664 kB
Cached:           396872 kB
MemTotal:        1844596 kB
MemFree:         1175056 kB
MemAvailable:    1506768 kB
Buffers:           49664 kB
Cached:           396872 kB
MemTotal:        1844596 kB
MemFree:         1173624 kB
MemAvailable:    1505336 kB
Buffers:           49664 kB
Cached:           396872 kB
MemTotal:        1844596 kB
MemFree:         1173252 kB
MemAvailable:    1504964 kB
Buffers:           49664 kB
Cached:           396872 kB
MemTotal:        1844596 kB
MemFree:         1173004 kB
MemAvailable:    1504716 kB
Buffers:           49664 kB
Cached:           396872 kB
MemTotal:        1844596 kB
MemFree:         1172888 kB
MemAvailable:    1504600 kB
Buffers:           49664 kB
Cached:           396872 kB
MemTotal:        1844596 kB
MemFree:         1172764 kB
MemAvailable:    1504476 kB
Buffers:           49664 kB
Cached:           396872 kB
MemTotal:        1844596 kB
MemFree:         1171524 kB
MemAvailable:    1503236 kB
Buffers:           49664 kB
Cached:           396872 kB
MemTotal:        1844596 kB
MemFree:         1172004 kB
MemAvailable:    1503716 kB
Buffers:           49664 kB
Cached:           396872 kB
MemTotal:        1844596 kB
MemFree:         1171276 kB
MemAvailable:    1502988 kB
Buffers:           49664 kB
Cached:           396872 kB
MemTotal:        1844596 kB
MemFree:         1171944 kB
MemAvailable:    1503656 kB
Buffers:           49664 kB
Cached:           396872 kB
MemTotal:        1844596 kB
MemFree:         1171940 kB
MemAvailable:    1503652 kB
Buffers:           49664 kB
Cached:           396872 kB
MemTotal:        1844596 kB
MemFree:         1171640 kB
MemAvailable:    1503352 kB
Buffers:           49664 kB
Cached:           396872 kB
MemTotal:        1844596 kB
MemFree:         1171768 kB
MemAvailable:    1503480 kB
Buffers:           49664 kB
Cached:           396872 kB
MemTotal:        1844596 kB
MemFree:         1170336 kB
MemAvailable:    1502048 kB
Buffers:           49664 kB
Cached:           396872 kB
MemTotal:        1844596 kB
MemFree:         1171572 kB
MemAvailable:    1503284 kB
Buffers:           49664 kB
Cached:           396872 kB
MemTotal:        1844596 kB
MemFree:         1171552 kB
MemAvailable:    1503264 kB
Buffers:           49664 kB
Cached:           396872 kB
MemTotal:        1844596 kB
MemFree:         1171028 kB
MemAvailable:    1502740 kB
Buffers:           49664 kB
Cached:           396872 kB
MemTotal:        1844596 kB
MemFree:         1171528 kB
MemAvailable:    1503240 kB
Buffers:           49664 kB
Cached:           396872 kB
MemTotal:        1844596 kB
MemFree:         1171684 kB
MemAvailable:    1503396 kB
Buffers:           49664 kB
Cached:           396872 kB
MemTotal:        1844596 kB
MemFree:         1170284 kB
MemAvailable:    1501996 kB
Buffers:           49664 kB
Cached:           396872 kB
MemTotal:        1844596 kB
MemFree:         1170152 kB
MemAvailable:    1501864 kB
Buffers:           49664 kB
Cached:           396872 kB
MemTotal:        1844596 kB
MemFree:         1170888 kB
MemAvailable:    1502600 kB
Buffers:           49664 kB
Cached:           396872 kB
MemTotal:        1844596 kB
MemFree:         1166316 kB
MemAvailable:    1498028 kB
Buffers:           49664 kB
Cached:           396872 kB
MemTotal:        1844596 kB
MemFree:         1163648 kB
MemAvailable:    1495360 kB
Buffers:           49664 kB
Cached:           396872 kB
MemTotal:        1844596 kB
MemFree:         1163648 kB
MemAvailable:    1495360 kB
Buffers:           49664 kB
Cached:           396872 kB
MemTotal:        1844596 kB
MemFree:         1163684 kB
MemAvailable:    1495396 kB
Buffers:           49664 kB
Cached:           396872 kB
MemTotal:        1844596 kB
MemFree:         1163936 kB
MemAvailable:    1495648 kB
Buffers:           49664 kB
Cached:           396872 kB
MemTotal:        1844596 kB
MemFree:         1162332 kB
MemAvailable:    1494044 kB
Buffers:           49664 kB
Cached:           396872 kB
MemTotal:        1844596 kB
MemFree:         1162540 kB
MemAvailable:    1494252 kB
Buffers:           49664 kB
Cached:           396872 kB
MemTotal:        1844596 kB
MemFree:         1164796 kB
MemAvailable:    1496508 kB
Buffers:           49664 kB
Cached:           396872 kB
MemTotal:        1844596 kB
MemFree:         1165184 kB
MemAvailable:    1496980 kB
Buffers:           49664 kB
Cached:           396996 kB
MemTotal:        1844596 kB
MemFree:         1165184 kB
MemAvailable:    1496980 kB
Buffers:           49664 kB
Cached:           396996 kB
MemTotal:        1844596 kB
MemFree:         1164872 kB
MemAvailable:    1496752 kB
Buffers:           49664 kB
Cached:           397120 kB
MemTotal:        1844596 kB
MemFree:         1164796 kB
MemAvailable:    1496928 kB
Buffers:           49664 kB
Cached:           397368 kB
MemTotal:        1844596 kB
MemFree:         1164580 kB
MemAvailable:    1496712 kB
Buffers:           49664 kB
Cached:           397368 kB
MemTotal:        1844596 kB
MemFree:         1164440 kB
MemAvailable:    1496740 kB
Buffers:           49664 kB
Cached:           397492 kB
MemTotal:        1844596 kB
MemFree:         1164452 kB
MemAvailable:    1496836 kB
Buffers:           49664 kB
Cached:           397616 kB
MemTotal:        1844596 kB
MemFree:         1163464 kB
MemAvailable:    1495848 kB
Buffers:           49664 kB
Cached:           397616 kB
MemTotal:        1844596 kB
MemFree:         1164456 kB
MemAvailable:    1496868 kB
Buffers:           49664 kB
Cached:           397572 kB
MemTotal:        1844596 kB
MemFree:         1163044 kB
MemAvailable:    1495456 kB
Buffers:           49664 kB
Cached:           397572 kB
MemTotal:        1844596 kB
MemFree:         1164316 kB
MemAvailable:    1496728 kB
Buffers:           49664 kB
Cached:           397572 kB
MemTotal:        1844596 kB
MemFree:         1164456 kB
MemAvailable:    1496868 kB
Buffers:           49664 kB
Cached:           397572 kB
MemTotal:        1844596 kB
MemFree:         1164336 kB
MemAvailable:    1496748 kB
Buffers:           49664 kB
Cached:           397572 kB
MemTotal:        1844596 kB
MemFree:         1164396 kB
MemAvailable:    1496808 kB
Buffers:           49664 kB
Cached:           397572 kB
MemTotal:        1844596 kB
MemFree:         1163156 kB
MemAvailable:    1495652 kB
Buffers:           49664 kB
Cached:           397696 kB
MemTotal:        1844596 kB
MemFree:         1163664 kB
MemAvailable:    1495404 kB
Buffers:           49664 kB
Cached:           396940 kB
MemTotal:        1844596 kB
MemFree:         1231640 kB
MemAvailable:    1563380 kB
Buffers:           49664 kB
Cached:           396940 kB
