MemTotal:        1844596 kB
MemFree:         1369384 kB
MemAvailable:    1580772 kB
Buffers:           33156 kB
Cached:           295224 kB
MemTotal:        1844596 kB
MemFree:         1343320 kB
MemAvailable:    1554712 kB
Buffers:           33156 kB
Cached:           295228 kB
MemTotal:        1844596 kB
MemFree:         1340088 kB
MemAvailable:    1551480 kB
Buffers:           33156 kB
Cached:           295228 kB
MemTotal:        1844596 kB
MemFree:         1339700 kB
MemAvailable:    1551092 kB
Buffers:           33156 kB
Cached:           295228 kB
MemTotal:        1844596 kB
MemFree:         1339784 kB
MemAvailable:    1551176 kB
Buffers:           33156 kB
Cached:           295228 kB
MemTotal:        1844596 kB
MemFree:         1337228 kB
MemAvailable:    1548620 kB
Buffers:           33156 kB
Cached:           295228 kB
MemTotal:        1844596 kB
MemFree:         1335748 kB
MemAvailable:    1547140 kB
Buffers:           33156 kB
Cached:           295228 kB
MemTotal:        1844596 kB
MemFree:         1333392 kB
MemAvailable:    1544784 kB
Buffers:           33156 kB
Cached:           295228 kB
MemTotal:        1844596 kB
MemFree:         1329484 kB
MemAvailable:    1540876 kB
Buffers:           33156 kB
Cached:           295228 kB
MemTotal:        1844596 kB
MemFree:         1328796 kB
MemAvailable:    1540188 kB
Buffers:           33156 kB
Cached:           295228 kB
MemTotal:        1844596 kB
MemFree:         1328468 kB
MemAvailable:    1539860 kB
Buffers:           33156 kB
Cached:           295228 kB
MemTotal:        1844596 kB
MemFree:         1328432 kB
MemAvailable:    1539824 kB
Buffers:           33156 kB
Cached:           295228 kB
MemTotal:        1844596 kB
MemFree:         1328660 kB
MemAvailable:    1540052 kB
Buffers:           33156 kB
Cached:           295228 kB
MemTotal:        1844596 kB
MemFree:         1328468 kB
MemAvailable:    1539860 kB
Buffers:           33156 kB
Cached:           295228 kB
MemTotal:        1844596 kB
MemFree:         1327192 kB
MemAvailable:    1538584 kB
Buffers:           33156 kB
Cached:           295228 kB
MemTotal:        1844596 kB
MemFree:         1326804 kB
MemAvailable:    1538196 kB
Buffers:           33156 kB
Cached:           295228 kB
MemTotal:        1844596 kB
MemFree:         1325952 kB
MemAvailable:    1537344 kB
Buffers:           33156 kB
Cached:           295228 kB
MemTotal:        1844596 kB
MemFree:         1326184 kB
MemAvailable:    1537576 kB
Buffers:           33156 kB
Cached:           295228 kB
MemTotal:        1844596 kB
MemFree:         1325580 kB
MemAvailable:    1536972 kB
Buffers:           33156 kB
Cached:           295228 kB
MemTotal:        1844596 kB
MemFree:         1326056 kB
MemAvailable:    1537448 kB
Buffers:           33156 kB
Cached:           295228 kB
MemTotal:        1844596 kB
MemFree:         1324564 kB
MemAvailable:    1535956 kB
Buffers:           33156 kB
Cached:           295228 kB
MemTotal:        1844596 kB
MemFree:         1326012 kB
MemAvailable:    1537404 kB
Buffers:           33156 kB
Cached:           295228 kB
MemTotal:        1844596 kB
MemFree:         1326048 kB
MemAvailable:    1537440 kB
Buffers:           33156 kB
Cached:           295228 kB
MemTotal:        1844596 kB
MemFree:         1324676 kB
MemAvailable:    1536068 kB
Buffers:           33156 kB
Cached:           295228 kB
MemTotal:        1844596 kB
MemFree:         1327256 kB
MemAvailable:    1538648 kB
Buffers:           33156 kB
Cached:           295228 kB
MemTotal:        1844596 kB
MemFree:         1327316 kB
MemAvailable:    1538708 kB
Buffers:           33156 kB
Cached:           295228 kB
MemTotal:        1844596 kB
MemFree:         1327320 kB
MemAvailable:    1538712 kB
Buffers:           33156 kB
Cached:           295228 kB
MemTotal:        1844596 kB
MemFree:         1325704 kB
MemAvailable:    1537096 kB
Buffers:           33156 kB
Cached:           295228 kB
MemTotal:        1844596 kB
MemFree:         1324276 kB
MemAvailable:    1535668 kB
Buffers:           33156 kB
Cached:           295228 kB
MemTotal:        1844596 kB
MemFree:         1323656 kB
MemAvailable:    1535048 kB
Buffers:           33156 kB
Cached:           295228 kB
MemTotal:        1844596 kB
MemFree:         1322232 kB
MemAvailable:    1533624 kB
Buffers:           33156 kB
Cached:           295228 kB
MemTotal:        1844596 kB
MemFree:         1321736 kB
MemAvailable:    1533128 kB
Buffers:           33156 kB
Cached:           295228 kB
MemTotal:        1844596 kB
MemFree:         1321108 kB
MemAvailable:    1532500 kB
Buffers:           33156 kB
Cached:           295228 kB
MemTotal:        1844596 kB
MemFree:         1321836 kB
MemAvailable:    1533228 kB
Buffers:           33156 kB
Cached:           295228 kB
MemTotal:        1844596 kB
MemFree:         1321736 kB
MemAvailable:    1533128 kB
Buffers:           33156 kB
Cached:           295228 kB
MemTotal:        1844596 kB
MemFree:         1321540 kB
MemAvailable:    1532932 kB
Buffers:           33156 kB
Cached:           295228 kB
MemTotal:        1844596 kB
MemFree:         1321876 kB
MemAvailable:    1533268 kB
Buffers:           33156 kB
Cached:           295228 kB
MemTotal:        1844596 kB
MemFree:         1320468 kB
MemAvailable:    1531860 kB
Buffers:           33156 kB
Cached:           295228 kB
MemTotal:        1844596 kB
MemFree:         1320468 kB
MemAvailable:    1531860 kB
Buffers:           33156 kB
Cached:           295228 kB
MemTotal:        1844596 kB
MemFree:         1320344 kB
MemAvailable:    1531736 kB
Buffers:           33156 kB
Cached:           295228 kB
MemTotal:        1844596 kB
MemFree:         1319868 kB
MemAvailable:    1531260 kB
Buffers:           33156 kB
Cached:           295228 kB
MemTotal:        1844596 kB
MemFree:         1320984 kB
MemAvailable:    1532376 kB
Buffers:           33156 kB
Cached:           295228 kB
MemTotal:        1844596 kB
MemFree:         1319488 kB
MemAvailable:    1530880 kB
Buffers:           33156 kB
Cached:           295228 kB
MemTotal:        1844596 kB
MemFree:         1319572 kB
MemAvailable:    1530964 kB
Buffers:           33156 kB
Cached:           295228 kB
MemTotal:        1844596 kB
MemFree:         1320848 kB
MemAvailable:    1532240 kB
Buffers:           33156 kB
Cached:           295228 kB
MemTotal:        1844596 kB
MemFree:         1320696 kB
MemAvailable:    1532088 kB
Buffers:           33156 kB
Cached:           295228 kB
MemTotal:        1844596 kB
MemFree:         1320612 kB
MemAvailable:    1532004 kB
Buffers:           33156 kB
Cached:           295228 kB
MemTotal:        1844596 kB
MemFree:         1320680 kB
MemAvailable:    1532072 kB
Buffers:           33156 kB
Cached:           295228 kB
MemTotal:        1844596 kB
MemFree:         1320908 kB
MemAvailable:    1532300 kB
Buffers:           33156 kB
Cached:           295228 kB
MemTotal:        1844596 kB
MemFree:         1320964 kB
MemAvailable:    1532356 kB
Buffers:           33156 kB
Cached:           295228 kB
MemTotal:        1844596 kB
MemFree:         1320868 kB
MemAvailable:    1532260 kB
Buffers:           33156 kB
Cached:           295228 kB
MemTotal:        1844596 kB
MemFree:         1320980 kB
MemAvailable:    1532372 kB
Buffers:           33156 kB
Cached:           295228 kB
MemTotal:        1844596 kB
MemFree:         1319608 kB
MemAvailable:    1531000 kB
Buffers:           33156 kB
Cached:           295228 kB
MemTotal:        1844596 kB
MemFree:         1320356 kB
MemAvailable:    1531748 kB
Buffers:           33156 kB
Cached:           295228 kB
MemTotal:        1844596 kB
MemFree:         1320356 kB
MemAvailable:    1531748 kB
Buffers:           33156 kB
Cached:           295228 kB
MemTotal:        1844596 kB
MemFree:         1319920 kB
MemAvailable:    1531312 kB
Buffers:           33156 kB
Cached:           295228 kB
MemTotal:        1844596 kB
MemFree:         1319872 kB
MemAvailable:    1531264 kB
Buffers:           33156 kB
Cached:           295228 kB
MemTotal:        1844596 kB
MemFree:         1319868 kB
MemAvailable:    1531260 kB
Buffers:           33156 kB
Cached:           295228 kB
MemTotal:        1844596 kB
MemFree:         1319912 kB
MemAvailable:    1531304 kB
Buffers:           33156 kB
Cached:           295228 kB
MemTotal:        1844596 kB
MemFree:         1318680 kB
MemAvailable:    1530072 kB
Buffers:           33156 kB
Cached:           295228 kB
MemTotal:        1844596 kB
MemFree:         1319688 kB
MemAvailable:    1531080 kB
Buffers:           33156 kB
Cached:           295228 kB
MemTotal:        1844596 kB
MemFree:         1319944 kB
MemAvailable:    1531336 kB
Buffers:           33156 kB
Cached:           295228 kB
MemTotal:        1844596 kB
MemFree:         1319916 kB
MemAvailable:    1531308 kB
Buffers:           33156 kB
Cached:           295228 kB
MemTotal:        1844596 kB
MemFree:         1318608 kB
MemAvailable:    1530000 kB
Buffers:           33156 kB
Cached:           295228 kB
MemTotal:        1844596 kB
MemFree:         1319564 kB
MemAvailable:    1530956 kB
Buffers:           33156 kB
Cached:           295228 kB
MemTotal:        1844596 kB
MemFree:         1316776 kB
MemAvailable:    1528168 kB
Buffers:           33156 kB
Cached:           295228 kB
MemTotal:        1844596 kB
MemFree:         1313164 kB
MemAvailable:    1524556 kB
Buffers:           33156 kB
Cached:           295228 kB
MemTotal:        1844596 kB
MemFree:         1312932 kB
MemAvailable:    1524324 kB
Buffers:           33156 kB
Cached:           295228 kB
MemTotal:        1844596 kB
MemFree:         1312296 kB
MemAvailable:    1523688 kB
Buffers:           33156 kB
Cached:           295228 kB
MemTotal:        1844596 kB
MemFree:         1311692 kB
MemAvailable:    1523084 kB
Buffers:           33156 kB
Cached:           295228 kB
MemTotal:        1844596 kB
MemFree:         1311908 kB
MemAvailable:    1523300 kB
Buffers:           33156 kB
Cached:           295228 kB
MemTotal:        1844596 kB
MemFree:         1312160 kB
MemAvailable:    1523552 kB
Buffers:           33156 kB
Cached:           295228 kB
MemTotal:        1844596 kB
MemFree:         1310628 kB
MemAvailable:    1522020 kB
Buffers:           33156 kB
Cached:           295228 kB
MemTotal:        1844596 kB
MemFree:         1311868 kB
MemAvailable:    1523260 kB
Buffers:           33156 kB
Cached:           295228 kB
MemTotal:        1844596 kB
MemFree:         1311064 kB
MemAvailable:    1522456 kB
Buffers:           33156 kB
Cached:           295228 kB
MemTotal:        1844596 kB
MemFree:         1311864 kB
MemAvailable:    1523256 kB
Buffers:           33156 kB
Cached:           295228 kB
MemTotal:        1844596 kB
MemFree:         1312116 kB
MemAvailable:    1523508 kB
Buffers:           33156 kB
Cached:           295228 kB
MemTotal:        1844596 kB
MemFree:         1311816 kB
MemAvailable:    1523208 kB
Buffers:           33156 kB
Cached:           295228 kB
MemTotal:        1844596 kB
MemFree:         1312000 kB
MemAvailable:    1523400 kB
Buffers:           33156 kB
Cached:           295236 kB
MemTotal:        1844596 kB
MemFree:         1312136 kB
MemAvailable:    1523536 kB
Buffers:           33156 kB
Cached:           295236 kB
MemTotal:        1844596 kB
MemFree:         1310816 kB
MemAvailable:    1522216 kB
Buffers:           33156 kB
Cached:           295236 kB
MemTotal:        1844596 kB
MemFree:         1311960 kB
MemAvailable:    1523360 kB
Buffers:           33160 kB
Cached:           295232 kB
MemTotal:        1844596 kB
MemFree:         1311304 kB
MemAvailable:    1522704 kB
Buffers:           33160 kB
Cached:           295232 kB
MemTotal:        1844596 kB
MemFree:         1311304 kB
MemAvailable:    1522704 kB
Buffers:           33160 kB
Cached:           295232 kB
MemTotal:        1844596 kB
MemFree:         1309700 kB
MemAvailable:    1521100 kB
Buffers:           33160 kB
Cached:           295232 kB
MemTotal:        1844596 kB
MemFree:         1309336 kB
MemAvailable:    1520736 kB
Buffers:           33160 kB
Cached:           295232 kB
MemTotal:        1844596 kB
MemFree:         1309072 kB
MemAvailable:    1520472 kB
Buffers:           33160 kB
Cached:           295232 kB
MemTotal:        1844596 kB
MemFree:         1308840 kB
MemAvailable:    1520240 kB
Buffers:           33160 kB
Cached:           295232 kB
MemTotal:        1844596 kB
MemFree:         1307716 kB
MemAvailable:    1519116 kB
Buffers:           33160 kB
Cached:           295232 kB
MemTotal:        1844596 kB
MemFree:         1309000 kB
MemAvailable:    1520400 kB
Buffers:           33160 kB
Cached:           295232 kB
MemTotal:        1844596 kB
MemFree:         1308708 kB
MemAvailable:    1520108 kB
Buffers:           33160 kB
Cached:           295232 kB
MemTotal:        1844596 kB
MemFree:         1307096 kB
MemAvailable:    1518496 kB
Buffers:           33160 kB
Cached:           295232 kB
MemTotal:        1844596 kB
MemFree:         1307220 kB
MemAvailable:    1518620 kB
Buffers:           33160 kB
Cached:           295232 kB
MemTotal:        1844596 kB
MemFree:         1307104 kB
MemAvailable:    1518504 kB
Buffers:           33160 kB
Cached:           295232 kB
MemTotal:        1844596 kB
MemFree:         1308156 kB
MemAvailable:    1519556 kB
Buffers:           33160 kB
Cached:           295232 kB
MemTotal:        1844596 kB
MemFree:         1308212 kB
MemAvailable:    1519612 kB
Buffers:           33160 kB
Cached:           295232 kB
MemTotal:        1844596 kB
MemFree:         1306964 kB
MemAvailable:    1518364 kB
Buffers:           33160 kB
Cached:           295232 kB
MemTotal:        1844596 kB
MemFree:         1308232 kB
MemAvailable:    1519632 kB
Buffers:           33160 kB
Cached:           295232 kB
MemTotal:        1844596 kB
MemFree:         1308224 kB
MemAvailable:    1519624 kB
Buffers:           33160 kB
Cached:           295232 kB
MemTotal:        1844596 kB
MemFree:         1308276 kB
MemAvailable:    1519676 kB
Buffers:           33160 kB
Cached:           295232 kB
MemTotal:        1844596 kB
MemFree:         1306656 kB
MemAvailable:    1518056 kB
Buffers:           33160 kB
Cached:           295232 kB
MemTotal:        1844596 kB
MemFree:         1306660 kB
MemAvailable:    1518060 kB
Buffers:           33160 kB
Cached:           295232 kB
MemTotal:        1844596 kB
MemFree:         1304376 kB
MemAvailable:    1515776 kB
Buffers:           33160 kB
Cached:           295232 kB
MemTotal:        1844596 kB
MemFree:         1299292 kB
MemAvailable:    1510692 kB
Buffers:           33160 kB
Cached:           295232 kB
MemTotal:        1844596 kB
MemFree:         1299036 kB
MemAvailable:    1510436 kB
Buffers:           33160 kB
Cached:           295232 kB
MemTotal:        1844596 kB
MemFree:         1299160 kB
MemAvailable:    1510560 kB
Buffers:           33160 kB
Cached:           295232 kB
MemTotal:        1844596 kB
MemFree:         1300472 kB
MemAvailable:    1511872 kB
Buffers:           33160 kB
Cached:           295232 kB
MemTotal:        1844596 kB
MemFree:         1298988 kB
MemAvailable:    1510388 kB
Buffers:           33160 kB
Cached:           295232 kB
MemTotal:        1844596 kB
MemFree:         1300996 kB
MemAvailable:    1512396 kB
Buffers:           33160 kB
Cached:           295232 kB
MemTotal:        1844596 kB
MemFree:         1300732 kB
MemAvailable:    1512132 kB
Buffers:           33160 kB
Cached:           295356 kB
MemTotal:        1844596 kB
MemFree:         1300656 kB
MemAvailable:    1512224 kB
Buffers:           33160 kB
Cached:           295480 kB
MemTotal:        1844596 kB
MemFree:         1301584 kB
MemAvailable:    1513320 kB
Buffers:           33160 kB
Cached:           295604 kB
MemTotal:        1844596 kB
MemFree:         1301640 kB
MemAvailable:    1513460 kB
Buffers:           33160 kB
Cached:           295728 kB
MemTotal:        1844596 kB
MemFree:         1301276 kB
MemAvailable:    1513264 kB
Buffers:           33160 kB
Cached:           295852 kB
MemTotal:        1844596 kB
MemFree:         1301136 kB
MemAvailable:    1513124 kB
Buffers:           33160 kB
Cached:           295852 kB
MemTotal:        1844596 kB
MemFree:         1299600 kB
MemAvailable:    1511588 kB
Buffers:           33160 kB
Cached:           295852 kB
MemTotal:        1844596 kB
MemFree:         1301176 kB
MemAvailable:    1513164 kB
Buffers:           33160 kB
Cached:           295852 kB
MemTotal:        1844596 kB
MemFree:         1300944 kB
MemAvailable:    1512932 kB
Buffers:           33160 kB
Cached:           295852 kB
MemTotal:        1844596 kB
MemFree:         1300864 kB
MemAvailable:    1512936 kB
Buffers:           33160 kB
Cached:           295976 kB
MemTotal:        1844596 kB
MemFree:         1300408 kB
MemAvailable:    1512480 kB
Buffers:           33160 kB
Cached:           295976 kB
MemTotal:        1844596 kB
MemFree:         1300848 kB
MemAvailable:    1512920 kB
Buffers:           33160 kB
Cached:           295976 kB
MemTotal:        1844596 kB
MemFree:         1299596 kB
MemAvailable:    1511668 kB
Buffers:           33160 kB
Cached:           295976 kB
MemTotal:        1844596 kB
MemFree:         1300284 kB
MemAvailable:    1511684 kB
Buffers:           33160 kB
Cached:           295344 kB
MemTotal:        1844596 kB
MemFree:         1368912 kB
MemAvailable:    1580312 kB
Buffers:           33160 kB
Cached:           295344 kB
