MemTotal:        1844596 kB
MemFree:         1157004 kB
MemAvailable:    1561356 kB
Buffers:           58016 kB
Cached:           455540 kB
MemTotal:        1844596 kB
MemFree:         1129708 kB
MemAvailable:    1534064 kB
Buffers:           58016 kB
Cached:           455544 kB
MemTotal:        1844596 kB
MemFree:         1126096 kB
MemAvailable:    1530452 kB
Buffers:           58016 kB
Cached:           455544 kB
MemTotal:        1844596 kB
MemFree:         1125864 kB
MemAvailable:    1530220 kB
Buffers:           58016 kB
Cached:           455544 kB
MemTotal:        1844596 kB
MemFree:         1125600 kB
MemAvailable:    1529956 kB
Buffers:           58016 kB
Cached:           455544 kB
MemTotal:        1844596 kB
MemFree:         1124240 kB
MemAvailable:    1528596 kB
Buffers:           58016 kB
Cached:           455544 kB
MemTotal:        1844596 kB
MemFree:         1124316 kB
MemAvailable:    1528672 kB
Buffers:           58016 kB
Cached:           455544 kB
MemTotal:        1844596 kB
MemFree:         1122392 kB
MemAvailable:    1526748 kB
Buffers:           58016 kB
Cached:           455544 kB
MemTotal:        1844596 kB
MemFree:         1120284 kB
MemAvailable:    1524640 kB
Buffers:           58016 kB
Cached:           455544 kB
MemTotal:        1844596 kB
MemFree:         1117548 kB
MemAvailable:    1521904 kB
Buffers:           58016 kB
Cached:           455544 kB
MemTotal:        1844596 kB
MemFree:         1114548 kB
MemAvailable:    1518904 kB
Buffers:           58016 kB
Cached:           455544 kB
MemTotal:        1844596 kB
MemFree:         1115916 kB
MemAvailable:    1520272 kB
Buffers:           58016 kB
Cached:           455544 kB
MemTotal:        1844596 kB
MemFree:         1116040 kB
MemAvailable:    1520396 kB
Buffers:           58016 kB
Cached:           455544 kB
MemTotal:        1844596 kB
MemFree:         1115840 kB
MemAvailable:    1520196 kB
Buffers:           58016 kB
Cached:           455544 kB
MemTotal:        1844596 kB
MemFree:         1114656 kB
MemAvailable:    1519012 kB
Buffers:           58016 kB
Cached:           455544 kB
MemTotal:        1844596 kB
MemFree:         1115648 kB
MemAvailable:    1520004 kB
Buffers:           58016 kB
Cached:           455544 kB
MemTotal:        1844596 kB
MemFree:         1113712 kB
MemAvailable:    1518068 kB
Buffers:           58016 kB
Cached:           455544 kB
MemTotal:        1844596 kB
MemFree:         1113572 kB
MemAvailable:    1517928 kB
Buffers:           58016 kB
Cached:           455544 kB
MemTotal:        1844596 kB
MemFree:         1112596 kB
MemAvailable:    1516952 kB
Buffers:           58016 kB
Cached:           455544 kB
MemTotal:        1844596 kB
MemFree:         1113272 kB
MemAvailable:    1517628 kB
Buffers:           58016 kB
Cached:           455544 kB
MemTotal:        1844596 kB
MemFree:         1113272 kB
MemAvailable:    1517628 kB
Buffers:           58016 kB
Cached:           455544 kB
MemTotal:        1844596 kB
MemFree:         1113328 kB
MemAvailable:    1517684 kB
Buffers:           58016 kB
Cached:           455544 kB
MemTotal:        1844596 kB
MemFree:         1113344 kB
MemAvailable:    1517700 kB
Buffers:           58016 kB
Cached:           455544 kB
MemTotal:        1844596 kB
MemFree:         1112204 kB
MemAvailable:    1516560 kB
Buffers:           58016 kB
Cached:           455544 kB
MemTotal:        1844596 kB
MemFree:         1112072 kB
MemAvailable:    1516428 kB
Buffers:           58016 kB
Cached:           455544 kB
MemTotal:        1844596 kB
MemFree:         1112196 kB
MemAvailable:    1516552 kB
Buffers:           58016 kB
Cached:           455544 kB
MemTotal:        1844596 kB
MemFree:         1114696 kB
MemAvailable:    1519052 kB
Buffers:           58016 kB
Cached:           455544 kB
MemTotal:        1844596 kB
MemFree:         1114948 kB
MemAvailable:    1519304 kB
Buffers:           58016 kB
Cached:           455544 kB
MemTotal:        1844596 kB
MemFree:         1111844 kB
MemAvailable:    1516200 kB
Buffers:           58016 kB
Cached:           455544 kB
MemTotal:        1844596 kB
MemFree:         1109984 kB
MemAvailable:    1514340 kB
Buffers:           58016 kB
Cached:           455544 kB
MemTotal:        1844596 kB
MemFree:         1111192 kB
MemAvailable:    1515548 kB
Buffers:           58016 kB
Cached:           455544 kB
MemTotal:        1844596 kB
MemFree:         1110548 kB
MemAvailable:    1514904 kB
Buffers:           58016 kB
Cached:           455544 kB
MemTotal:        1844596 kB
MemFree:         1109000 kB
MemAvailable:    1513356 kB
Buffers:           58016 kB
Cached:           455544 kB
MemTotal:        1844596 kB
MemFree:         1108876 kB
MemAvailable:    1513232 kB
Buffers:           58016 kB
Cached:           455544 kB
MemTotal:        1844596 kB
MemFree:         1109224 kB
MemAvailable:    1513580 kB
Buffers:           58016 kB
Cached:           455544 kB
MemTotal:        1844596 kB
MemFree:         1109308 kB
MemAvailable:    1513664 kB
Buffers:           58016 kB
Cached:           455544 kB
MemTotal:        1844596 kB
MemFree:         1108200 kB
MemAvailable:    1512556 kB
Buffers:           58016 kB
Cached:           455544 kB
MemTotal:        1844596 kB
MemFree:         1109128 kB
MemAvailable:    1513484 kB
Buffers:           58016 kB
Cached:           455544 kB
MemTotal:        1844596 kB
MemFree:         1108380 kB
MemAvailable:    1512736 kB
Buffers:           58016 kB
Cached:           455544 kB
MemTotal:        1844596 kB
MemFree:         1107704 kB
MemAvailable:    1512060 kB
Buffers:           58016 kB
Cached:           455544 kB
MemTotal:        1844596 kB
MemFree:         1108488 kB
MemAvailable:    1512844 kB
Buffers:           58016 kB
Cached:           455544 kB
MemTotal:        1844596 kB
MemFree:         1108256 kB
MemAvailable:    1512612 kB
Buffers:           58016 kB
Cached:           455544 kB
MemTotal:        1844596 kB
MemFree:         1108020 kB
MemAvailable:    1512376 kB
Buffers:           58016 kB
Cached:           455544 kB
MemTotal:        1844596 kB
MemFree:         1108328 kB
MemAvailable:    1512684 kB
Buffers:           58016 kB
Cached:           455544 kB
MemTotal:        1844596 kB
MemFree:         1108308 kB
MemAvailable:    1512664 kB
Buffers:           58016 kB
Cached:           455544 kB
MemTotal:        1844596 kB
MemFree:         1108364 kB
MemAvailable:    1512720 kB
Buffers:           58016 kB
Cached:           455544 kB
MemTotal:        1844596 kB
MemFree:         1108136 kB
MemAvailable:    1512492 kB
Buffers:           58016 kB
Cached:           455544 kB
MemTotal:        1844596 kB
MemFree:         1108164 kB
MemAvailable:    1512520 kB
Buffers:           58016 kB
Cached:           455544 kB
MemTotal:        1844596 kB
MemFree:         1106948 kB
MemAvailable:    1511304 kB
Buffers:           58016 kB
Cached:           455544 kB
MemTotal:        1844596 kB
MemFree:         1108308 kB
MemAvailable:    1512664 kB
Buffers:           58016 kB
Cached:           455544 kB
MemTotal:        1844596 kB
MemFree:         1106812 kB
MemAvailable:    1511168 kB
Buffers:           58016 kB
Cached:           455544 kB
MemTotal:        1844596 kB
MemFree:         1108052 kB
MemAvailable:    1512408 kB
Buffers:           58016 kB
Cached:           455544 kB
MemTotal:        1844596 kB
MemFree:         1106936 kB
MemAvailable:    1511292 kB
Buffers:           58016 kB
Cached:           455544 kB
MemTotal:        1844596 kB
MemFree:         1107744 kB
MemAvailable:    1512100 kB
Buffers:           58016 kB
Cached:           455544 kB
MemTotal:        1844596 kB
MemFree:         1107744 kB
MemAvailable:    1512100 kB
Buffers:           58016 kB
Cached:           455544 kB
MemTotal:        1844596 kB
MemFree:         1107456 kB
MemAvailable:    1511812 kB
Buffers:           58016 kB
Cached:           455544 kB
MemTotal:        1844596 kB
MemFree:         1107488 kB
MemAvailable:    1511844 kB
Buffers:           58016 kB
Cached:           455544 kB
MemTotal:        1844596 kB
MemFree:         1105992 kB
MemAvailable:    1510348 kB
Buffers:           58016 kB
Cached:           455544 kB
MemTotal:        1844596 kB
MemFree:         1105952 kB
MemAvailable:    1510308 kB
Buffers:           58016 kB
Cached:           455544 kB
MemTotal:        1844596 kB
MemFree:         1105952 kB
MemAvailable:    1510308 kB
Buffers:           58016 kB
Cached:           455544 kB
MemTotal:        1844596 kB
MemFree:         1107224 kB
MemAvailable:    1511588 kB
Buffers:           58016 kB
Cached:           455552 kB
MemTotal:        1844596 kB
MemFree:         1106024 kB
MemAvailable:    1510388 kB
Buffers:           58016 kB
Cached:           455552 kB
MemTotal:        1844596 kB
MemFree:         1106024 kB
MemAvailable:    1510388 kB
Buffers:           58016 kB
Cached:           455552 kB
MemTotal:        1844596 kB
MemFree:         1106016 kB
MemAvailable:    1510380 kB
Buffers:           58016 kB
Cached:           455552 kB
MemTotal:        1844596 kB
MemFree:         1105712 kB
MemAvailable:    1510076 kB
Buffers:           58016 kB
Cached:           455552 kB
MemTotal:        1844596 kB
MemFree:         1103792 kB
MemAvailable:    1508156 kB
Buffers:           58016 kB
Cached:           455552 kB
MemTotal:        1844596 kB
MemFree:         1101296 kB
MemAvailable:    1505660 kB
Buffers:           58016 kB
Cached:           455552 kB
MemTotal:        1844596 kB
MemFree:         1100940 kB
MemAvailable:    1505304 kB
Buffers:           58016 kB
Cached:           455552 kB
MemTotal:        1844596 kB
MemFree:         1099824 kB
MemAvailable:    1504188 kB
Buffers:           58016 kB
Cached:           455552 kB
MemTotal:        1844596 kB
MemFree:         1098452 kB
MemAvailable:    1502816 kB
Buffers:           58016 kB
Cached:           455552 kB
MemTotal:        1844596 kB
MemFree:         1099328 kB
MemAvailable:    1503692 kB
Buffers:           58016 kB
Cached:           455552 kB
MemTotal:        1844596 kB
MemFree:         1099440 kB
MemAvailable:    1503804 kB
Buffers:           58016 kB
Cached:           455552 kB
MemTotal:        1844596 kB
MemFree:         1099212 kB
MemAvailable:    1503576 kB
Buffers:           58016 kB
Cached:           455552 kB
MemTotal:        1844596 kB
MemFree:         1099132 kB
MemAvailable:    1503496 kB
Buffers:           58016 kB
Cached:           455552 kB
MemTotal:        1844596 kB
MemFree:         1099080 kB
MemAvailable:    1503444 kB
Buffers:           58016 kB
Cached:           455552 kB
MemTotal:        1844596 kB
MemFree:         1099208 kB
MemAvailable:    1503572 kB
Buffers:           58016 kB
Cached:           455552 kB
MemTotal:        1844596 kB
MemFree:         1099268 kB
MemAvailable:    1503632 kB
Buffers:           58016 kB
Cached:           455552 kB
MemTotal:        1844596 kB
MemFree:         1099324 kB
MemAvailable:    1503688 kB
Buffers:           58016 kB
Cached:           455552 kB
MemTotal:        1844596 kB
MemFree:         1099032 kB
MemAvailable:    1503396 kB
Buffers:           58016 kB
Cached:           455552 kB
MemTotal:        1844596 kB
MemFree:         1099368 kB
MemAvailable:    1503732 kB
Buffers:           58016 kB
Cached:           455552 kB
MemTotal:        1844596 kB
MemFree:         1099264 kB
MemAvailable:    1503628 kB
Buffers:           58016 kB
Cached:           455552 kB
MemTotal:        1844596 kB
MemFree:         1099264 kB
MemAvailable:    1503628 kB
Buffers:           58016 kB
Cached:           455552 kB
MemTotal:        1844596 kB
MemFree:         1097840 kB
MemAvailable:    1502204 kB
Buffers:           58016 kB
Cached:           455552 kB
MemTotal:        1844596 kB
MemFree:         1098832 kB
MemAvailable:    1503196 kB
Buffers:           58016 kB
Cached:           455552 kB
MemTotal:        1844596 kB
MemFree:         1098520 kB
MemAvailable:    1502884 kB
Buffers:           58016 kB
Cached:           455552 kB
MemTotal:        1844596 kB
MemFree:         1096592 kB
MemAvailable:    1500956 kB
Buffers:           58016 kB
Cached:           455552 kB
MemTotal:        1844596 kB
MemFree:         1097796 kB
MemAvailable:    1502160 kB
Buffers:           58016 kB
Cached:           455552 kB
MemTotal:        1844596 kB
MemFree:         1097304 kB
MemAvailable:    1501668 kB
Buffers:           58016 kB
Cached:           455552 kB
MemTotal:        1844596 kB
MemFree:         1097304 kB
MemAvailable:    1501668 kB
Buffers:           58016 kB
Cached:           455552 kB
MemTotal:        1844596 kB
MemFree:         1095476 kB
MemAvailable:    1499840 kB
Buffers:           58016 kB
Cached:           455552 kB
MemTotal:        1844596 kB
MemFree:         1095732 kB
MemAvailable:    1500096 kB
Buffers:           58016 kB
Cached:           455552 kB
MemTotal:        1844596 kB
MemFree:         1094856 kB
MemAvailable:    1499220 kB
Buffers:           58016 kB
Cached:           455552 kB
MemTotal:        1844596 kB
MemFree:         1096064 kB
MemAvailable:    1500428 kB
Buffers:           58016 kB
Cached:           455552 kB
MemTotal:        1844596 kB
MemFree:         1095112 kB
MemAvailable:    1499476 kB
Buffers:           58016 kB
Cached:           455552 kB
MemTotal:        1844596 kB
MemFree:         1094228 kB
MemAvailable:    1498592 kB
Buffers:           58016 kB
Cached:           455552 kB
MemTotal:        1844596 kB
MemFree:         1095476 kB
MemAvailable:    1499840 kB
Buffers:           58016 kB
Cached:           455552 kB
MemTotal:        1844596 kB
MemFree:         1095160 kB
MemAvailable:    1499524 kB
Buffers:           58016 kB
Cached:           455552 kB
MemTotal:        1844596 kB
MemFree:         1095412 kB
MemAvailable:    1499776 kB
Buffers:           58016 kB
Cached:           455552 kB
MemTotal:        1844596 kB
MemFree:         1094048 kB
MemAvailable:    1498412 kB
Buffers:           58016 kB
Cached:           455552 kB
MemTotal:        1844596 kB
MemFree:         1095652 kB
MemAvailable:    1500016 kB
Buffers:           58016 kB
Cached:           455552 kB
MemTotal:        1844596 kB
MemFree:         1095564 kB
MemAvailable:    1499928 kB
Buffers:           58016 kB
Cached:           455552 kB
MemTotal:        1844596 kB
MemFree:         1094848 kB
MemAvailable:    1499212 kB
Buffers:           58016 kB
Cached:           455552 kB
MemTotal:        1844596 kB
MemFree:         1094932 kB
MemAvailable:    1499296 kB
Buffers:           58016 kB
Cached:           455552 kB
MemTotal:        1844596 kB
MemFree:         1094600 kB
MemAvailable:    1498964 kB
Buffers:           58016 kB
Cached:           455552 kB
MemTotal:        1844596 kB
MemFree:         1086556 kB
MemAvailable:    1490920 kB
Buffers:           58016 kB
Cached:           455552 kB
MemTotal:        1844596 kB
MemFree:         1087732 kB
MemAvailable:    1492096 kB
Buffers:           58016 kB
Cached:           455552 kB
MemTotal:        1844596 kB
MemFree:         1087540 kB
MemAvailable:    1491904 kB
Buffers:           58016 kB
Cached:           455552 kB
MemTotal:        1844596 kB
MemFree:         1087448 kB
MemAvailable:    1491812 kB
Buffers:           58016 kB
Cached:           455552 kB
MemTotal:        1844596 kB
MemFree:         1086680 kB
MemAvailable:    1491044 kB
Buffers:           58016 kB
Cached:           455552 kB
MemTotal:        1844596 kB
MemFree:         1086164 kB
MemAvailable:    1490528 kB
Buffers:           58016 kB
Cached:           455552 kB
MemTotal:        1844596 kB
MemFree:         1086164 kB
MemAvailable:    1490528 kB
Buffers:           58016 kB
Cached:           455552 kB
MemTotal:        1844596 kB
MemFree:         1089444 kB
MemAvailable:    1493808 kB
Buffers:           58016 kB
Cached:           455552 kB
MemTotal:        1844596 kB
MemFree:         1089352 kB
MemAvailable:    1493716 kB
Buffers:           58016 kB
Cached:           455676 kB
MemTotal:        1844596 kB
MemFree:         1088648 kB
MemAvailable:    1493264 kB
Buffers:           58016 kB
Cached:           455800 kB
MemTotal:        1844596 kB
MemFree:         1088732 kB
MemAvailable:    1493348 kB
Buffers:           58016 kB
Cached:           455800 kB
MemTotal:        1844596 kB
MemFree:         1088484 kB
MemAvailable:    1493268 kB
Buffers:           58016 kB
Cached:           456048 kB
MemTotal:        1844596 kB
MemFree:         1088344 kB
MemAvailable:    1493296 kB
Buffers:           58016 kB
Cached:           456172 kB
MemTotal:        1844596 kB
MemFree:         1087920 kB
MemAvailable:    1492872 kB
Buffers:           58016 kB
Cached:           456172 kB
MemTotal:        1844596 kB
MemFree:         1088112 kB
MemAvailable:    1493148 kB
Buffers:           58016 kB
Cached:           456296 kB
MemTotal:        1844596 kB
MemFree:         1087300 kB
MemAvailable:    1492336 kB
Buffers:           58016 kB
Cached:           456296 kB
MemTotal:        1844596 kB
MemFree:         1087976 kB
MemAvailable:    1493012 kB
Buffers:           58016 kB
Cached:           456296 kB
MemTotal:        1844596 kB
MemFree:         1087672 kB
MemAvailable:    1492708 kB
Buffers:           58016 kB
Cached:           456296 kB
MemTotal:        1844596 kB
MemFree:         1086740 kB
MemAvailable:    1491776 kB
Buffers:           58016 kB
Cached:           456296 kB
MemTotal:        1844596 kB
MemFree:         1086872 kB
MemAvailable:    1491908 kB
Buffers:           58016 kB
Cached:           456296 kB
MemTotal:        1844596 kB
MemFree:         1088264 kB
MemAvailable:    1493300 kB
Buffers:           58016 kB
Cached:           456296 kB
MemTotal:        1844596 kB
MemFree:         1088720 kB
MemAvailable:    1493084 kB
Buffers:           58016 kB
Cached:           455624 kB
MemTotal:        1844596 kB
MemFree:         1088780 kB
MemAvailable:    1493144 kB
Buffers:           58016 kB
Cached:           455624 kB
MemTotal:        1844596 kB
MemFree:         1126172 kB
MemAvailable:    1530536 kB
Buffers:           58016 kB
Cached:           455624 kB
