MemTotal:        1844596 kB
MemFree:         1346440 kB
MemAvailable:    1578328 kB
Buffers:           36292 kB
Cached:           315668 kB
MemTotal:        1844596 kB
MemFree:         1319712 kB
MemAvailable:    1551604 kB
Buffers:           36292 kB
Cached:           315672 kB
MemTotal:        1844596 kB
MemFree:         1318596 kB
MemAvailable:    1550488 kB
Buffers:           36292 kB
Cached:           315672 kB
MemTotal:        1844596 kB
MemFree:         1317108 kB
MemAvailable:    1549000 kB
Buffers:           36292 kB
Cached:           315672 kB
MemTotal:        1844596 kB
MemFree:         1316612 kB
MemAvailable:    1548504 kB
Buffers:           36292 kB
Cached:           315672 kB
MemTotal:        1844596 kB
MemFree:         1315184 kB
MemAvailable:    1547076 kB
Buffers:           36292 kB
Cached:           315672 kB
MemTotal:        1844596 kB
MemFree:         1313752 kB
MemAvailable:    1545644 kB
Buffers:           36292 kB
Cached:           315672 kB
MemTotal:        1844596 kB
MemFree:         1311652 kB
MemAvailable:    1543544 kB
Buffers:           36292 kB
Cached:           315672 kB
MemTotal:        1844596 kB
MemFree:         1309048 kB
MemAvailable:    1540940 kB
Buffers:           36292 kB
Cached:           315672 kB
MemTotal:        1844596 kB
MemFree:         1305388 kB
MemAvailable:    1537280 kB
Buffers:           36292 kB
Cached:           315672 kB
MemTotal:        1844596 kB
MemFree:         1305136 kB
MemAvailable:    1537028 kB
Buffers:           36292 kB
Cached:           315672 kB
MemTotal:        1844596 kB
MemFree:         1303964 kB
MemAvailable:    1535856 kB
Buffers:           36292 kB
Cached:           315672 kB
MemTotal:        1844596 kB
MemFree:         1304040 kB
MemAvailable:    1535932 kB
Buffers:           36292 kB
Cached:           315672 kB
MemTotal:        1844596 kB
MemFree:         1305216 kB
MemAvailable:    1537108 kB
Buffers:           36292 kB
Cached:           315672 kB
MemTotal:        1844596 kB
MemFree:         1304460 kB
MemAvailable:    1536352 kB
Buffers:           36292 kB
Cached:           315672 kB
MemTotal:        1844596 kB
MemFree:         1305084 kB
MemAvailable:    1536976 kB
Buffers:           36292 kB
Cached:           315672 kB
MemTotal:        1844596 kB
MemFree:         1304648 kB
MemAvailable:    1536540 kB
Buffers:           36292 kB
Cached:           315672 kB
MemTotal:        1844596 kB
MemFree:         1303528 kB
MemAvailable:    1535420 kB
Buffers:           36292 kB
Cached:           315672 kB
MemTotal:        1844596 kB
MemFree:         1301980 kB
MemAvailable:    1533872 kB
Buffers:           36292 kB
Cached:           315672 kB
MemTotal:        1844596 kB
MemFree:         1302912 kB
MemAvailable:    1534804 kB
Buffers:           36292 kB
Cached:           315672 kB
MemTotal:        1844596 kB
MemFree:         1302528 kB
MemAvailable:    1534420 kB
Buffers:           36292 kB
Cached:           315672 kB
MemTotal:        1844596 kB
MemFree:         1301352 kB
MemAvailable:    1533244 kB
Buffers:           36292 kB
Cached:           315672 kB
MemTotal:        1844596 kB
MemFree:         1302800 kB
MemAvailable:    1534692 kB
Buffers:           36292 kB
Cached:           315672 kB
MemTotal:        1844596 kB
MemFree:         1302544 kB
MemAvailable:    1534436 kB
Buffers:           36292 kB
Cached:           315672 kB
MemTotal:        1844596 kB
MemFree:         1301428 kB
MemAvailable:    1533320 kB
Buffers:           36292 kB
Cached:           315672 kB
MemTotal:        1844596 kB
MemFree:         1301420 kB
MemAvailable:    1533312 kB
Buffers:           36292 kB
Cached:           315672 kB
MemTotal:        1844596 kB
MemFree:         1303964 kB
MemAvailable:    1535856 kB
Buffers:           36292 kB
Cached:           315672 kB
MemTotal:        1844596 kB
MemFree:         1302924 kB
MemAvailable:    1534816 kB
Buffers:           36292 kB
Cached:           315672 kB
MemTotal:        1844596 kB
MemFree:         1302660 kB
MemAvailable:    1534552 kB
Buffers:           36292 kB
Cached:           315672 kB
MemTotal:        1844596 kB
MemFree:         1301236 kB
MemAvailable:    1533128 kB
Buffers:           36292 kB
Cached:           315672 kB
MemTotal:        1844596 kB
MemFree:         1300420 kB
MemAvailable:    1532312 kB
Buffers:           36292 kB
Cached:           315672 kB
MemTotal:        1844596 kB
MemFree:         1298608 kB
MemAvailable:    1530500 kB
Buffers:           36292 kB
Cached:           315672 kB
MemTotal:        1844596 kB
MemFree:         1299360 kB
MemAvailable:    1531252 kB
Buffers:           36292 kB
Cached:           315672 kB
MemTotal:        1844596 kB
MemFree:         1299004 kB
MemAvailable:    1530896 kB
Buffers:           36292 kB
Cached:           315672 kB
MemTotal:        1844596 kB
MemFree:         1299064 kB
MemAvailable:    1530956 kB
Buffers:           36292 kB
Cached:           315672 kB
MemTotal:        1844596 kB
MemFree:         1298872 kB
MemAvailable:    1530764 kB
Buffers:           36292 kB
Cached:           315672 kB
MemTotal:        1844596 kB
MemFree:         1298676 kB
MemAvailable:    1530568 kB
Buffers:           36292 kB
Cached:           315672 kB
MemTotal:        1844596 kB
MemFree:         1297124 kB
MemAvailable:    1529016 kB
Buffers:           36292 kB
Cached:           315672 kB
MemTotal:        1844596 kB
MemFree:         1297204 kB
MemAvailable:    1529096 kB
Buffers:           36292 kB
Cached:           315672 kB
MemTotal:        1844596 kB
MemFree:         1298368 kB
MemAvailable:    1530260 kB
Buffers:           36292 kB
Cached:           315672 kB
MemTotal:        1844596 kB
MemFree:         1298384 kB
MemAvailable:    1530276 kB
Buffers:           36292 kB
Cached:           315672 kB
MemTotal:        1844596 kB
MemFree:         1298388 kB
MemAvailable:    1530280 kB
Buffers:           36292 kB
Cached:           315672 kB
MemTotal:        1844596 kB
MemFree:         1297020 kB
MemAvailable:    1528912 kB
Buffers:           36292 kB
Cached:           315672 kB
MemTotal:        1844596 kB
MemFree:         1297948 kB
MemAvailable:    1529840 kB
Buffers:           36292 kB
Cached:           315672 kB
MemTotal:        1844596 kB
MemFree:         1296268 kB
MemAvailable:    1528160 kB
Buffers:           36292 kB
Cached:           315672 kB
MemTotal:        1844596 kB
MemFree:         1296372 kB
MemAvailable:    1528264 kB
Buffers:           36292 kB
Cached:           315672 kB
MemTotal:        1844596 kB
MemFree:         1297660 kB
MemAvailable:    1529552 kB
Buffers:           36292 kB
Cached:           315672 kB
MemTotal:        1844596 kB
MemFree:         1296028 kB
MemAvailable:    1527920 kB
Buffers:           36292 kB
Cached:           315672 kB
MemTotal:        1844596 kB
MemFree:         1297420 kB
MemAvailable:    1529312 kB
Buffers:           36292 kB
Cached:           315672 kB
MemTotal:        1844596 kB
MemFree:         1297640 kB
MemAvailable:    1529532 kB
Buffers:           36292 kB
Cached:           315672 kB
MemTotal:        1844596 kB
MemFree:         1297460 kB
MemAvailable:    1529352 kB
Buffers:           36292 kB
Cached:           315672 kB
MemTotal:        1844596 kB
MemFree:         1297620 kB
MemAvailable:    1529512 kB
Buffers:           36292 kB
Cached:           315672 kB
MemTotal:        1844596 kB
MemFree:         1296208 kB
MemAvailable:    1528100 kB
Buffers:           36292 kB
Cached:           315672 kB
MemTotal:        1844596 kB
MemFree:         1296268 kB
MemAvailable:    1528164 kB
Buffers:           36292 kB
Cached:           315676 kB
MemTotal:        1844596 kB
MemFree:         1296268 kB
MemAvailable:    1528164 kB
Buffers:           36292 kB
Cached:           315676 kB
MemTotal:        1844596 kB
MemFree:         1297128 kB
MemAvailable:    1529024 kB
Buffers:           36292 kB
Cached:           315676 kB
MemTotal:        1844596 kB
MemFree:         1297020 kB
MemAvailable:    1528916 kB
Buffers:           36292 kB
Cached:           315676 kB
MemTotal:        1844596 kB
MemFree:         1295600 kB
MemAvailable:    1527496 kB
Buffers:           36292 kB
Cached:           315676 kB
MemTotal:        1844596 kB
MemFree:         1296840 kB
MemAvailable:    1528736 kB
Buffers:           36292 kB
Cached:           315676 kB
MemTotal:        1844596 kB
MemFree:         1296644 kB
MemAvailable:    1528540 kB
Buffers:           36292 kB
Cached:           315676 kB
MemTotal:        1844596 kB
MemFree:         1296480 kB
MemAvailable:    1528376 kB
Buffers:           36292 kB
Cached:           315676 kB
MemTotal:        1844596 kB
MemFree:         1296732 kB
MemAvailable:    1528628 kB
Buffers:           36292 kB
Cached:           315676 kB
MemTotal:        1844596 kB
MemFree:         1296496 kB
MemAvailable:    1528392 kB
Buffers:           36292 kB
Cached:           315676 kB
MemTotal:        1844596 kB
MemFree:         1296748 kB
MemAvailable:    1528644 kB
Buffers:           36292 kB
Cached:           315676 kB
MemTotal:        1844596 kB
MemFree:         1296528 kB
MemAvailable:    1528424 kB
Buffers:           36292 kB
Cached:           315676 kB
MemTotal:        1844596 kB
MemFree:         1296528 kB
MemAvailable:    1528424 kB
Buffers:           36292 kB
Cached:           315676 kB
MemTotal:        1844596 kB
MemFree:         1295264 kB
MemAvailable:    1527160 kB
Buffers:           36292 kB
Cached:           315676 kB
MemTotal:        1844596 kB
MemFree:         1295256 kB
MemAvailable:    1527152 kB
Buffers:           36292 kB
Cached:           315676 kB
MemTotal:        1844596 kB
MemFree:         1293904 kB
MemAvailable:    1525800 kB
Buffers:           36292 kB
Cached:           315676 kB
MemTotal:        1844596 kB
MemFree:         1293992 kB
MemAvailable:    1525888 kB
Buffers:           36292 kB
Cached:           315676 kB
MemTotal:        1844596 kB
MemFree:         1289076 kB
MemAvailable:    1520972 kB
Buffers:           36292 kB
Cached:           315676 kB
MemTotal:        1844596 kB
MemFree:         1287836 kB
MemAvailable:    1519732 kB
Buffers:           36292 kB
Cached:           315676 kB
MemTotal:        1844596 kB
MemFree:         1287704 kB
MemAvailable:    1519600 kB
Buffers:           36292 kB
Cached:           315676 kB
MemTotal:        1844596 kB
MemFree:         1287472 kB
MemAvailable:    1519368 kB
Buffers:           36292 kB
Cached:           315676 kB
MemTotal:        1844596 kB
MemFree:         1288572 kB
MemAvailable:    1520468 kB
Buffers:           36292 kB
Cached:           315676 kB
MemTotal:        1844596 kB
MemFree:         1288712 kB
MemAvailable:    1520608 kB
Buffers:           36292 kB
Cached:           315676 kB
MemTotal:        1844596 kB
MemFree:         1288392 kB
MemAvailable:    1520288 kB
Buffers:           36292 kB
Cached:           315676 kB
MemTotal:        1844596 kB
MemFree:         1288728 kB
MemAvailable:    1520624 kB
Buffers:           36292 kB
Cached:           315676 kB
MemTotal:        1844596 kB
MemFree:         1288512 kB
MemAvailable:    1520408 kB
Buffers:           36292 kB
Cached:           315676 kB
MemTotal:        1844596 kB
MemFree:         1288764 kB
MemAvailable:    1520660 kB
Buffers:           36292 kB
Cached:           315676 kB
MemTotal:        1844596 kB
MemFree:         1287312 kB
MemAvailable:    1519208 kB
Buffers:           36292 kB
Cached:           315676 kB
MemTotal:        1844596 kB
MemFree:         1287272 kB
MemAvailable:    1519168 kB
Buffers:           36292 kB
Cached:           315676 kB
MemTotal:        1844596 kB
MemFree:         1287396 kB
MemAvailable:    1519292 kB
Buffers:           36292 kB
Cached:           315676 kB
MemTotal:        1844596 kB
MemFree:         1287308 kB
MemAvailable:    1519204 kB
Buffers:           36292 kB
Cached:           315676 kB
MemTotal:        1844596 kB
MemFree:         1288260 kB
MemAvailable:    1520156 kB
Buffers:           36292 kB
Cached:           315676 kB
MemTotal:        1844596 kB
MemFree:         1287464 kB
MemAvailable:    1519360 kB
Buffers:           36292 kB
Cached:           315676 kB
MemTotal:        1844596 kB
MemFree:         1287840 kB
MemAvailable:    1519736 kB
Buffers:           36292 kB
Cached:           315676 kB
MemTotal:        1844596 kB
MemFree:         1286356 kB
MemAvailable:    1518252 kB
Buffers:           36292 kB
Cached:           315676 kB
MemTotal:        1844596 kB
MemFree:         1287284 kB
MemAvailable:    1519180 kB
Buffers:           36292 kB
Cached:           315676 kB
MemTotal:        1844596 kB
MemFree:         1285852 kB
MemAvailable:    1517748 kB
Buffers:           36292 kB
Cached:           315676 kB
MemTotal:        1844596 kB
MemFree:         1286912 kB
MemAvailable:    1518808 kB
Buffers:           36292 kB
Cached:           315676 kB
MemTotal:        1844596 kB
MemFree:         1285736 kB
MemAvailable:    1517632 kB
Buffers:           36292 kB
Cached:           315676 kB
MemTotal:        1844596 kB
MemFree:         1285844 kB
MemAvailable:    1517744 kB
Buffers:           36292 kB
Cached:           315680 kB
MemTotal:        1844596 kB
MemFree:         1285928 kB
MemAvailable:    1517828 kB
Buffers:           36292 kB
Cached:           315680 kB
MemTotal:        1844596 kB
MemFree:         1283992 kB
MemAvailable:    1515892 kB
Buffers:           36292 kB
Cached:           315680 kB
MemTotal:        1844596 kB
MemFree:         1285100 kB
MemAvailable:    1517000 kB
Buffers:           36292 kB
Cached:           315680 kB
MemTotal:        1844596 kB
MemFree:         1284992 kB
MemAvailable:    1516892 kB
Buffers:           36292 kB
Cached:           315680 kB
MemTotal:        1844596 kB
MemFree:         1283728 kB
MemAvailable:    1515628 kB
Buffers:           36292 kB
Cached:           315680 kB
MemTotal:        1844596 kB
MemFree:         1283860 kB
MemAvailable:    1515760 kB
Buffers:           36292 kB
Cached:           315680 kB
MemTotal:        1844596 kB
MemFree:         1285036 kB
MemAvailable:    1516936 kB
Buffers:           36292 kB
Cached:           315680 kB
MemTotal:        1844596 kB
MemFree:         1285092 kB
MemAvailable:    1516992 kB
Buffers:           36292 kB
Cached:           315680 kB
MemTotal:        1844596 kB
MemFree:         1283604 kB
MemAvailable:    1515504 kB
Buffers:           36292 kB
Cached:           315680 kB
MemTotal:        1844596 kB
MemFree:         1284700 kB
MemAvailable:    1516600 kB
Buffers:           36292 kB
Cached:           315680 kB
MemTotal:        1844596 kB
MemFree:         1284868 kB
MemAvailable:    1516768 kB
Buffers:           36292 kB
Cached:           315680 kB
MemTotal:        1844596 kB
MemFree:         1283316 kB
MemAvailable:    1515216 kB
Buffers:           36292 kB
Cached:           315680 kB
MemTotal:        1844596 kB
MemFree:         1284372 kB
MemAvailable:    1516272 kB
Buffers:           36292 kB
Cached:           315680 kB
MemTotal:        1844596 kB
MemFree:         1284356 kB
MemAvailable:    1516256 kB
Buffers:           36292 kB
Cached:           315680 kB
MemTotal:        1844596 kB
MemFree:         1279280 kB
MemAvailable:    1511180 kB
Buffers:           36292 kB
Cached:           315680 kB
MemTotal:        1844596 kB
MemFree:         1276916 kB
MemAvailable:    1508816 kB
Buffers:           36292 kB
Cached:           315680 kB
MemTotal:        1844596 kB
MemFree:         1276684 kB
MemAvailable:    1508584 kB
Buffers:           36292 kB
Cached:           315680 kB
MemTotal:        1844596 kB
MemFree:         1275504 kB
MemAvailable:    1507404 kB
Buffers:           36292 kB
Cached:           315680 kB
MemTotal:        1844596 kB
MemFree:         1276752 kB
MemAvailable:    1508652 kB
Buffers:           36292 kB
Cached:           315680 kB
MemTotal:        1844596 kB
MemFree:         1276524 kB
MemAvailable:    1508424 kB
Buffers:           36292 kB
Cached:           315680 kB
MemTotal:        1844596 kB
MemFree:         1276860 kB
MemAvailable:    1508760 kB
Buffers:           36292 kB
Cached:           315680 kB
MemTotal:        1844596 kB
MemFree:         1277384 kB
MemAvailable:    1509284 kB
Buffers:           36292 kB
Cached:           315680 kB
MemTotal:        1844596 kB
MemFree:         1278420 kB
MemAvailable:    1510404 kB
Buffers:           36292 kB
Cached:           315804 kB
MemTotal:        1844596 kB
MemFree:         1278364 kB
MemAvailable:    1510348 kB
Buffers:           36292 kB
Cached:           315804 kB
MemTotal:        1844596 kB
MemFree:         1278076 kB
MemAvailable:    1510228 kB
Buffers:           36292 kB
Cached:           315928 kB
MemTotal:        1844596 kB
MemFree:         1277860 kB
MemAvailable:    1510180 kB
Buffers:           36292 kB
Cached:           316176 kB
MemTotal:        1844596 kB
MemFree:         1277916 kB
MemAvailable:    1510320 kB
Buffers:           36292 kB
Cached:           316176 kB
MemTotal:        1844596 kB
MemFree:         1276224 kB
MemAvailable:    1508712 kB
Buffers:           36292 kB
Cached:           316300 kB
MemTotal:        1844596 kB
MemFree:         1276396 kB
MemAvailable:    1508964 kB
Buffers:           36292 kB
Cached:           316344 kB
MemTotal:        1844596 kB
MemFree:         1277432 kB
MemAvailable:    1510000 kB
Buffers:           36292 kB
Cached:           316344 kB
MemTotal:        1844596 kB
MemFree:         1277616 kB
MemAvailable:    1510184 kB
Buffers:           36292 kB
Cached:           316344 kB
MemTotal:        1844596 kB
MemFree:         1277784 kB
MemAvailable:    1510352 kB
Buffers:           36292 kB
Cached:           316344 kB
MemTotal:        1844596 kB
MemFree:         1277620 kB
MemAvailable:    1510188 kB
Buffers:           36292 kB
Cached:           316344 kB
MemTotal:        1844596 kB
MemFree:         1276376 kB
MemAvailable:    1508944 kB
Buffers:           36292 kB
Cached:           316344 kB
MemTotal:        1844596 kB
MemFree:         1277528 kB
MemAvailable:    1510096 kB
Buffers:           36292 kB
Cached:           316344 kB
MemTotal:        1844596 kB
MemFree:         1276296 kB
MemAvailable:    1508276 kB
Buffers:           36292 kB
Cached:           315712 kB
MemTotal:        1844596 kB
MemFree:         1345808 kB
MemAvailable:    1577788 kB
Buffers:           36292 kB
Cached:           315712 kB
