MemTotal:        1844596 kB
MemFree:         1331612 kB
MemAvailable:    1577444 kB
Buffers:           38260 kB
Cached:           326604 kB
MemTotal:        1844596 kB
MemFree:         1303644 kB
MemAvailable:    1549480 kB
Buffers:           38260 kB
Cached:           326608 kB
MemTotal:        1844596 kB
MemFree:         1302636 kB
MemAvailable:    1548472 kB
Buffers:           38260 kB
Cached:           326608 kB
MemTotal:        1844596 kB
MemFree:         1302636 kB
MemAvailable:    1548472 kB
Buffers:           38260 kB
Cached:           326608 kB
MemTotal:        1844596 kB
MemFree:         1300852 kB
MemAvailable:    1546688 kB
Buffers:           38260 kB
Cached:           326608 kB
MemTotal:        1844596 kB
MemFree:         1300404 kB
MemAvailable:    1546240 kB
Buffers:           38260 kB
Cached:           326608 kB
MemTotal:        1844596 kB
MemFree:         1300004 kB
MemAvailable:    1545840 kB
Buffers:           38260 kB
Cached:           326608 kB
MemTotal:        1844596 kB
MemFree:         1298932 kB
MemAvailable:    1544768 kB
Buffers:           38260 kB
Cached:           326608 kB
MemTotal:        1844596 kB
MemFree:         1295584 kB
MemAvailable:    1541420 kB
Buffers:           38260 kB
Cached:           326608 kB
MemTotal:        1844596 kB
MemFree:         1294032 kB
MemAvailable:    1539868 kB
Buffers:           38260 kB
Cached:           326608 kB
MemTotal:        1844596 kB
MemFree:         1288516 kB
MemAvailable:    1534352 kB
Buffers:           38260 kB
Cached:           326608 kB
MemTotal:        1844596 kB
MemFree:         1290712 kB
MemAvailable:    1536548 kB
Buffers:           38260 kB
Cached:           326608 kB
MemTotal:        1844596 kB
MemFree:         1289336 kB
MemAvailable:    1535172 kB
Buffers:           38260 kB
Cached:           326608 kB
MemTotal:        1844596 kB
MemFree:         1290484 kB
MemAvailable:    1536320 kB
Buffers:           38260 kB
Cached:           326608 kB
MemTotal:        1844596 kB
MemFree:         1290820 kB
MemAvailable:    1536656 kB
Buffers:           38260 kB
Cached:           326608 kB
MemTotal:        1844596 kB
MemFree:         1290444 kB
MemAvailable:    1536280 kB
Buffers:           38260 kB
Cached:           326608 kB
MemTotal:        1844596 kB
MemFree:         1289196 kB
MemAvailable:    1535032 kB
Buffers:           38260 kB
Cached:           326608 kB
MemTotal:        1844596 kB
MemFree:         1288880 kB
MemAvailable:    1534716 kB
Buffers:           38260 kB
Cached:           326608 kB
MemTotal:        1844596 kB
MemFree:         1288144 kB
MemAvailable:    1533980 kB
Buffers:           38260 kB
Cached:           326608 kB
MemTotal:        1844596 kB
MemFree:         1287028 kB
MemAvailable:    1532864 kB
Buffers:           38260 kB
Cached:           326608 kB
MemTotal:        1844596 kB
MemFree:         1288136 kB
MemAvailable:    1533972 kB
Buffers:           38260 kB
Cached:           326608 kB
MemTotal:        1844596 kB
MemFree:         1288076 kB
MemAvailable:    1533912 kB
Buffers:           38260 kB
Cached:           326608 kB
MemTotal:        1844596 kB
MemFree:         1287896 kB
MemAvailable:    1533732 kB
Buffers:           38260 kB
Cached:           326608 kB
MemTotal:        1844596 kB
MemFree:         1286964 kB
MemAvailable:    1532800 kB
Buffers:           38260 kB
Cached:           326608 kB
MemTotal:        1844596 kB
MemFree:         1286972 kB
MemAvailable:    1532808 kB
Buffers:           38260 kB
Cached:           326608 kB
MemTotal:        1844596 kB
MemFree:         1286972 kB
MemAvailable:    1532808 kB
Buffers:           38260 kB
Cached:           326608 kB
MemTotal:        1844596 kB
MemFree:         1286972 kB
MemAvailable:    1532808 kB
Buffers:           38260 kB
Cached:           326608 kB
MemTotal:        1844596 kB
MemFree:         1288196 kB
MemAvailable:    1534032 kB
Buffers:           38260 kB
Cached:           326608 kB
MemTotal:        1844596 kB
MemFree:         1288152 kB
MemAvailable:    1533988 kB
Buffers:           38260 kB
Cached:           326608 kB
MemTotal:        1844596 kB
MemFree:         1287096 kB
MemAvailable:    1532932 kB
Buffers:           38260 kB
Cached:           326608 kB
MemTotal:        1844596 kB
MemFree:         1286044 kB
MemAvailable:    1531880 kB
Buffers:           38260 kB
Cached:           326608 kB
MemTotal:        1844596 kB
MemFree:         1284432 kB
MemAvailable:    1530268 kB
Buffers:           38260 kB
Cached:           326608 kB
MemTotal:        1844596 kB
MemFree:         1283936 kB
MemAvailable:    1529772 kB
Buffers:           38260 kB
Cached:           326608 kB
MemTotal:        1844596 kB
MemFree:         1283804 kB
MemAvailable:    1529640 kB
Buffers:           38260 kB
Cached:           326608 kB
MemTotal:        1844596 kB
MemFree:         1284020 kB
MemAvailable:    1529856 kB
Buffers:           38260 kB
Cached:           326608 kB
MemTotal:        1844596 kB
MemFree:         1283920 kB
MemAvailable:    1529756 kB
Buffers:           38260 kB
Cached:           326608 kB
MemTotal:        1844596 kB
MemFree:         1283688 kB
MemAvailable:    1529524 kB
Buffers:           38260 kB
Cached:           326608 kB
MemTotal:        1844596 kB
MemFree:         1283880 kB
MemAvailable:    1529716 kB
Buffers:           38260 kB
Cached:           326608 kB
MemTotal:        1844596 kB
MemFree:         1283736 kB
MemAvailable:    1529572 kB
Buffers:           38260 kB
Cached:           326608 kB
MemTotal:        1844596 kB
MemFree:         1283988 kB
MemAvailable:    1529824 kB
Buffers:           38260 kB
Cached:           326608 kB
MemTotal:        1844596 kB
MemFree:         1282508 kB
MemAvailable:    1528344 kB
Buffers:           38260 kB
Cached:           326608 kB
MemTotal:        1844596 kB
MemFree:         1282640 kB
MemAvailable:    1528476 kB
Buffers:           38260 kB
Cached:           326608 kB
MemTotal:        1844596 kB
MemFree:         1282384 kB
MemAvailable:    1528220 kB
Buffers:           38260 kB
Cached:           326608 kB
MemTotal:        1844596 kB
MemFree:         1283176 kB
MemAvailable:    1529012 kB
Buffers:           38260 kB
Cached:           326608 kB
MemTotal:        1844596 kB
MemFree:         1282928 kB
MemAvailable:    1528764 kB
Buffers:           38260 kB
Cached:           326608 kB
MemTotal:        1844596 kB
MemFree:         1283192 kB
MemAvailable:    1529028 kB
Buffers:           38260 kB
Cached:           326608 kB
MemTotal:        1844596 kB
MemFree:         1283068 kB
MemAvailable:    1528908 kB
Buffers:           38260 kB
Cached:           326612 kB
MemTotal:        1844596 kB
MemFree:         1282956 kB
MemAvailable:    1528796 kB
Buffers:           38260 kB
Cached:           326612 kB
MemTotal:        1844596 kB
MemFree:         1282076 kB
MemAvailable:    1527916 kB
Buffers:           38260 kB
Cached:           326612 kB
MemTotal:        1844596 kB
MemFree:         1282876 kB
MemAvailable:    1528716 kB
Buffers:           38260 kB
Cached:           326612 kB
MemTotal:        1844596 kB
MemFree:         1283128 kB
MemAvailable:    1528968 kB
Buffers:           38260 kB
Cached:           326612 kB
MemTotal:        1844596 kB
MemFree:         1283056 kB
MemAvailable:    1528896 kB
Buffers:           38260 kB
Cached:           326612 kB
MemTotal:        1844596 kB
MemFree:         1281684 kB
MemAvailable:    1527524 kB
Buffers:           38260 kB
Cached:           326612 kB
MemTotal:        1844596 kB
MemFree:         1282868 kB
MemAvailable:    1528708 kB
Buffers:           38260 kB
Cached:           326612 kB
MemTotal:        1844596 kB
MemFree:         1282696 kB
MemAvailable:    1528536 kB
Buffers:           38260 kB
Cached:           326612 kB
MemTotal:        1844596 kB
MemFree:         1281564 kB
MemAvailable:    1527404 kB
Buffers:           38260 kB
Cached:           326612 kB
MemTotal:        1844596 kB
MemFree:         1282756 kB
MemAvailable:    1528596 kB
Buffers:           38260 kB
Cached:           326612 kB
MemTotal:        1844596 kB
MemFree:         1282812 kB
MemAvailable:    1528652 kB
Buffers:           38260 kB
Cached:           326612 kB
MemTotal:        1844596 kB
MemFree:         1282448 kB
MemAvailable:    1528288 kB
Buffers:           38260 kB
Cached:           326612 kB
MemTotal:        1844596 kB
MemFree:         1282076 kB
MemAvailable:    1527916 kB
Buffers:           38260 kB
Cached:           326612 kB
MemTotal:        1844596 kB
MemFree:         1280828 kB
MemAvailable:    1526668 kB
Buffers:           38260 kB
Cached:           326612 kB
MemTotal:        1844596 kB
MemFree:         1282088 kB
MemAvailable:    1527928 kB
Buffers:           38260 kB
Cached:           326612 kB
MemTotal:        1844596 kB
MemFree:         1282008 kB
MemAvailable:    1527848 kB
Buffers:           38260 kB
Cached:           326612 kB
MemTotal:        1844596 kB
MemFree:         1282076 kB
MemAvailable:    1527916 kB
Buffers:           38260 kB
Cached:           326612 kB
MemTotal:        1844596 kB
MemFree:         1280648 kB
MemAvailable:    1526488 kB
Buffers:           38260 kB
Cached:           326612 kB
MemTotal:        1844596 kB
MemFree:         1282048 kB
MemAvailable:    1527888 kB
Buffers:           38260 kB
Cached:           326612 kB
MemTotal:        1844596 kB
MemFree:         1282300 kB
MemAvailable:    1528140 kB
Buffers:           38260 kB
Cached:           326612 kB
MemTotal:        1844596 kB
MemFree:         1281880 kB
MemAvailable:    1527720 kB
Buffers:           38260 kB
Cached:           326612 kB
MemTotal:        1844596 kB
MemFree:         1282132 kB
MemAvailable:    1527972 kB
Buffers:           38260 kB
Cached:           326612 kB
MemTotal:        1844596 kB
MemFree:         1280712 kB
MemAvailable:    1526552 kB
Buffers:           38260 kB
Cached:           326612 kB
MemTotal:        1844596 kB
MemFree:         1277596 kB
MemAvailable:    1523436 kB
Buffers:           38260 kB
Cached:           326612 kB
MemTotal:        1844596 kB
MemFree:         1277488 kB
MemAvailable:    1523328 kB
Buffers:           38260 kB
Cached:           326612 kB
MemTotal:        1844596 kB
MemFree:         1274636 kB
MemAvailable:    1520476 kB
Buffers:           38260 kB
Cached:           326612 kB
MemTotal:        1844596 kB
MemFree:         1274364 kB
MemAvailable:    1520204 kB
Buffers:           38260 kB
Cached:           326612 kB
MemTotal:        1844596 kB
MemFree:         1274448 kB
MemAvailable:    1520288 kB
Buffers:           38260 kB
Cached:           326612 kB
MemTotal:        1844596 kB
MemFree:         1274268 kB
MemAvailable:    1520108 kB
Buffers:           38260 kB
Cached:           326612 kB
MemTotal:        1844596 kB
MemFree:         1274068 kB
MemAvailable:    1519908 kB
Buffers:           38260 kB
Cached:           326612 kB
MemTotal:        1844596 kB
MemFree:         1273768 kB
MemAvailable:    1519608 kB
Buffers:           38260 kB
Cached:           326612 kB
MemTotal:        1844596 kB
MemFree:         1272888 kB
MemAvailable:    1518728 kB
Buffers:           38260 kB
Cached:           326612 kB
MemTotal:        1844596 kB
MemFree:         1274244 kB
MemAvailable:    1520084 kB
Buffers:           38260 kB
Cached:           326612 kB
MemTotal:        1844596 kB
MemFree:         1274128 kB
MemAvailable:    1519968 kB
Buffers:           38260 kB
Cached:           326612 kB
MemTotal:        1844596 kB
MemFree:         1273396 kB
MemAvailable:    1519236 kB
Buffers:           38260 kB
Cached:           326612 kB
MemTotal:        1844596 kB
MemFree:         1274000 kB
MemAvailable:    1519840 kB
Buffers:           38260 kB
Cached:           326612 kB
MemTotal:        1844596 kB
MemFree:         1274252 kB
MemAvailable:    1520092 kB
Buffers:           38260 kB
Cached:           326612 kB
MemTotal:        1844596 kB
MemFree:         1273812 kB
MemAvailable:    1519652 kB
Buffers:           38260 kB
Cached:           326612 kB
MemTotal:        1844596 kB
MemFree:         1274148 kB
MemAvailable:    1519988 kB
Buffers:           38260 kB
Cached:           326612 kB
MemTotal:        1844596 kB
MemFree:         1274056 kB
MemAvailable:    1519896 kB
Buffers:           38260 kB
Cached:           326612 kB
MemTotal:        1844596 kB
MemFree:         1272996 kB
MemAvailable:    1518836 kB
Buffers:           38260 kB
Cached:           326612 kB
MemTotal:        1844596 kB
MemFree:         1272404 kB
MemAvailable:    1518244 kB
Buffers:           38260 kB
Cached:           326612 kB
MemTotal:        1844596 kB
MemFree:         1272148 kB
MemAvailable:    1517988 kB
Buffers:           38260 kB
Cached:           326612 kB
MemTotal:        1844596 kB
MemFree:         1271900 kB
MemAvailable:    1517740 kB
Buffers:           38260 kB
Cached:           326612 kB
MemTotal:        1844596 kB
MemFree:         1271528 kB
MemAvailable:    1517368 kB
Buffers:           38260 kB
Cached:           326612 kB
MemTotal:        1844596 kB
MemFree:         1272388 kB
MemAvailable:    1518228 kB
Buffers:           38260 kB
Cached:           326612 kB
MemTotal:        1844596 kB
MemFree:         1272388 kB
MemAvailable:    1518228 kB
Buffers:           38260 kB
Cached:           326612 kB
MemTotal:        1844596 kB
MemFree:         1271456 kB
MemAvailable:    1517296 kB
Buffers:           38260 kB
Cached:           326612 kB
MemTotal:        1844596 kB
MemFree:         1269916 kB
MemAvailable:    1515756 kB
Buffers:           38260 kB
Cached:           326612 kB
MemTotal:        1844596 kB
MemFree:         1270604 kB
MemAvailable:    1516444 kB
Buffers:           38260 kB
Cached:           326612 kB
MemTotal:        1844596 kB
MemFree:         1269428 kB
MemAvailable:    1515268 kB
Buffers:           38260 kB
Cached:           326612 kB
MemTotal:        1844596 kB
MemFree:         1270404 kB
MemAvailable:    1516248 kB
Buffers:           38260 kB
Cached:           326616 kB
MemTotal:        1844596 kB
MemFree:         1270420 kB
MemAvailable:    1516264 kB
Buffers:           38260 kB
Cached:           326616 kB
MemTotal:        1844596 kB
MemFree:         1269172 kB
MemAvailable:    1515020 kB
Buffers:           38260 kB
Cached:           326620 kB
MemTotal:        1844596 kB
MemFree:         1270164 kB
MemAvailable:    1516012 kB
Buffers:           38260 kB
Cached:           326620 kB
MemTotal:        1844596 kB
MemFree:         1270344 kB
MemAvailable:    1516192 kB
Buffers:           38260 kB
Cached:           326620 kB
MemTotal:        1844596 kB
MemFree:         1268996 kB
MemAvailable:    1514844 kB
Buffers:           38260 kB
Cached:           326620 kB
MemTotal:        1844596 kB
MemFree:         1270140 kB
MemAvailable:    1515988 kB
Buffers:           38260 kB
Cached:           326620 kB
MemTotal:        1844596 kB
MemFree:         1270392 kB
MemAvailable:    1516240 kB
Buffers:           38260 kB
Cached:           326620 kB
MemTotal:        1844596 kB
MemFree:         1268868 kB
MemAvailable:    1514716 kB
Buffers:           38260 kB
Cached:           326620 kB
MemTotal:        1844596 kB
MemFree:         1268876 kB
MemAvailable:    1514724 kB
Buffers:           38260 kB
Cached:           326620 kB
MemTotal:        1844596 kB
MemFree:         1269660 kB
MemAvailable:    1515508 kB
Buffers:           38260 kB
Cached:           326620 kB
MemTotal:        1844596 kB
MemFree:         1269056 kB
MemAvailable:    1514904 kB
Buffers:           38260 kB
Cached:           326620 kB
MemTotal:        1844596 kB
MemFree:         1268124 kB
MemAvailable:    1513972 kB
Buffers:           38260 kB
Cached:           326620 kB
MemTotal:        1844596 kB
MemFree:         1262592 kB
MemAvailable:    1508440 kB
Buffers:           38260 kB
Cached:           326620 kB
MemTotal:        1844596 kB
MemFree:         1262844 kB
MemAvailable:    1508692 kB
Buffers:           38260 kB
Cached:           326620 kB
MemTotal:        1844596 kB
MemFree:         1262468 kB
MemAvailable:    1508316 kB
Buffers:           38260 kB
Cached:           326620 kB
MemTotal:        1844596 kB
MemFree:         1262412 kB
MemAvailable:    1508260 kB
Buffers:           38260 kB
Cached:           326620 kB
MemTotal:        1844596 kB
MemFree:         1262500 kB
MemAvailable:    1508348 kB
Buffers:           38260 kB
Cached:           326620 kB
MemTotal:        1844596 kB
MemFree:         1262340 kB
MemAvailable:    1508188 kB
Buffers:           38260 kB
Cached:           326620 kB
MemTotal:        1844596 kB
MemFree:         1264324 kB
MemAvailable:    1510172 kB
Buffers:           38260 kB
Cached:           326620 kB
MemTotal:        1844596 kB
MemFree:         1264304 kB
MemAvailable:    1510152 kB
Buffers:           38260 kB
Cached:           326620 kB
MemTotal:        1844596 kB
MemFree:         1264096 kB
MemAvailable:    1510028 kB
Buffers:           38260 kB
Cached:           326744 kB
MemTotal:        1844596 kB
MemFree:         1262600 kB
MemAvailable:    1508616 kB
Buffers:           38260 kB
Cached:           326868 kB
MemTotal:        1844596 kB
MemFree:         1263956 kB
MemAvailable:    1510056 kB
Buffers:           38260 kB
Cached:           326868 kB
MemTotal:        1844596 kB
MemFree:         1263660 kB
MemAvailable:    1509928 kB
Buffers:           38260 kB
Cached:           327116 kB
MemTotal:        1844596 kB
MemFree:         1263080 kB
MemAvailable:    1509516 kB
Buffers:           38260 kB
Cached:           327240 kB
MemTotal:        1844596 kB
MemFree:         1262972 kB
MemAvailable:    1509408 kB
Buffers:           38260 kB
Cached:           327240 kB
MemTotal:        1844596 kB
MemFree:         1263028 kB
MemAvailable:    1509464 kB
Buffers:           38260 kB
Cached:           327240 kB
MemTotal:        1844596 kB
MemFree:         1263280 kB
MemAvailable:    1509716 kB
Buffers:           38260 kB
Cached:           327240 kB
MemTotal:        1844596 kB
MemFree:         1263024 kB
MemAvailable:    1509460 kB
Buffers:           38260 kB
Cached:           327364 kB
MemTotal:        1844596 kB
MemFree:         1262900 kB
MemAvailable:    1509420 kB
Buffers:           38260 kB
Cached:           327364 kB
MemTotal:        1844596 kB
MemFree:         1262840 kB
MemAvailable:    1509360 kB
Buffers:           38260 kB
Cached:           327364 kB
MemTotal:        1844596 kB
MemFree:         1261848 kB
MemAvailable:    1508368 kB
Buffers:           38260 kB
Cached:           327364 kB
MemTotal:        1844596 kB
MemFree:         1261840 kB
MemAvailable:    1508360 kB
Buffers:           38260 kB
Cached:           327364 kB
MemTotal:        1844596 kB
MemFree:         1263768 kB
MemAvailable:    1509700 kB
Buffers:           38260 kB
Cached:           326692 kB
MemTotal:        1844596 kB
MemFree:         1326408 kB
MemAvailable:    1572340 kB
Buffers:           38260 kB
Cached:           326692 kB
