MemTotal:        1844596 kB
MemFree:         1366704 kB
MemAvailable:    1580900 kB
Buffers:           33588 kB
Cached:           297384 kB
MemTotal:        1844596 kB
MemFree:         1338812 kB
MemAvailable:    1553012 kB
Buffers:           33588 kB
Cached:           297388 kB
MemTotal:        1844596 kB
MemFree:         1337828 kB
MemAvailable:    1552028 kB
Buffers:           33588 kB
Cached:           297388 kB
MemTotal:        1844596 kB
MemFree:         1335844 kB
MemAvailable:    1550044 kB
Buffers:           33588 kB
Cached:           297388 kB
MemTotal:        1844596 kB
MemFree:         1335532 kB
MemAvailable:    1549732 kB
Buffers:           33588 kB
Cached:           297388 kB
MemTotal:        1844596 kB
MemFree:         1334224 kB
MemAvailable:    1548424 kB
Buffers:           33588 kB
Cached:           297388 kB
MemTotal:        1844596 kB
MemFree:         1332744 kB
MemAvailable:    1546944 kB
Buffers:           33588 kB
Cached:           297388 kB
MemTotal:        1844596 kB
MemFree:         1328760 kB
MemAvailable:    1542960 kB
Buffers:           33588 kB
Cached:           297388 kB
MemTotal:        1844596 kB
MemFree:         1327908 kB
MemAvailable:    1542108 kB
Buffers:           33588 kB
Cached:           297388 kB
MemTotal:        1844596 kB
MemFree:         1325136 kB
MemAvailable:    1539336 kB
Buffers:           33588 kB
Cached:           297388 kB
MemTotal:        1844596 kB
MemFree:         1325472 kB
MemAvailable:    1539672 kB
Buffers:           33588 kB
Cached:           297388 kB
MemTotal:        1844596 kB
MemFree:         1325532 kB
MemAvailable:    1539732 kB
Buffers:           33588 kB
Cached:           297388 kB
MemTotal:        1844596 kB
MemFree:         1324264 kB
MemAvailable:    1538464 kB
Buffers:           33588 kB
Cached:           297388 kB
MemTotal:        1844596 kB
MemFree:         1324264 kB
MemAvailable:    1538464 kB
Buffers:           33588 kB
Cached:           297388 kB
MemTotal:        1844596 kB
MemFree:         1325240 kB
MemAvailable:    1539440 kB
Buffers:           33588 kB
Cached:           297388 kB
MemTotal:        1844596 kB
MemFree:         1325408 kB
MemAvailable:    1539608 kB
Buffers:           33588 kB
Cached:           297388 kB
MemTotal:        1844596 kB
MemFree:         1323876 kB
MemAvailable:    1538076 kB
Buffers:           33588 kB
Cached:           297388 kB
MemTotal:        1844596 kB
MemFree:         1322452 kB
MemAvailable:    1536652 kB
Buffers:           33588 kB
Cached:           297388 kB
MemTotal:        1844596 kB
MemFree:         1323500 kB
MemAvailable:    1537700 kB
Buffers:           33588 kB
Cached:           297388 kB
MemTotal:        1844596 kB
MemFree:         1323124 kB
MemAvailable:    1537324 kB
Buffers:           33588 kB
Cached:           297388 kB
MemTotal:        1844596 kB
MemFree:         1323124 kB
MemAvailable:    1537324 kB
Buffers:           33588 kB
Cached:           297388 kB
MemTotal:        1844596 kB
MemFree:         1323248 kB
MemAvailable:    1537448 kB
Buffers:           33588 kB
Cached:           297388 kB
MemTotal:        1844596 kB
MemFree:         1321956 kB
MemAvailable:    1536156 kB
Buffers:           33588 kB
Cached:           297388 kB
MemTotal:        1844596 kB
MemFree:         1322948 kB
MemAvailable:    1537148 kB
Buffers:           33588 kB
Cached:           297388 kB
MemTotal:        1844596 kB
MemFree:         1321832 kB
MemAvailable:    1536032 kB
Buffers:           33588 kB
Cached:           297388 kB
MemTotal:        1844596 kB
MemFree:         1321660 kB
MemAvailable:    1535860 kB
Buffers:           33588 kB
Cached:           297388 kB
MemTotal:        1844596 kB
MemFree:         1323048 kB
MemAvailable:    1537248 kB
Buffers:           33588 kB
Cached:           297388 kB
MemTotal:        1844596 kB
MemFree:         1324000 kB
MemAvailable:    1538200 kB
Buffers:           33588 kB
Cached:           297388 kB
MemTotal:        1844596 kB
MemFree:         1322188 kB
MemAvailable:    1536388 kB
Buffers:           33588 kB
Cached:           297388 kB
MemTotal:        1844596 kB
MemFree:         1320212 kB
MemAvailable:    1534412 kB
Buffers:           33588 kB
Cached:           297388 kB
MemTotal:        1844596 kB
MemFree:         1320696 kB
MemAvailable:    1534896 kB
Buffers:           33588 kB
Cached:           297388 kB
MemTotal:        1844596 kB
MemFree:         1319848 kB
MemAvailable:    1534048 kB
Buffers:           33588 kB
Cached:           297388 kB
MemTotal:        1844596 kB
MemFree:         1319652 kB
MemAvailable:    1533852 kB
Buffers:           33588 kB
Cached:           297388 kB
MemTotal:        1844596 kB
MemFree:         1319456 kB
MemAvailable:    1533656 kB
Buffers:           33588 kB
Cached:           297388 kB
MemTotal:        1844596 kB
MemFree:         1317608 kB
MemAvailable:    1531808 kB
Buffers:           33588 kB
Cached:           297388 kB
MemTotal:        1844596 kB
MemFree:         1318848 kB
MemAvailable:    1533048 kB
Buffers:           33588 kB
Cached:           297388 kB
MemTotal:        1844596 kB
MemFree:         1317492 kB
MemAvailable:    1531692 kB
Buffers:           33588 kB
Cached:           297388 kB
MemTotal:        1844596 kB
MemFree:         1318676 kB
MemAvailable:    1532880 kB
Buffers:           33588 kB
Cached:           297392 kB
MemTotal:        1844596 kB
MemFree:         1318932 kB
MemAvailable:    1533136 kB
Buffers:           33588 kB
Cached:           297392 kB
MemTotal:        1844596 kB
MemFree:         1318844 kB
MemAvailable:    1533048 kB
Buffers:           33588 kB
Cached:           297392 kB
MemTotal:        1844596 kB
MemFree:         1317596 kB
MemAvailable:    1531800 kB
Buffers:           33588 kB
Cached:           297392 kB
MemTotal:        1844596 kB
MemFree:         1318544 kB
MemAvailable:    1532748 kB
Buffers:           33588 kB
Cached:           297392 kB
MemTotal:        1844596 kB
MemFree:         1318476 kB
MemAvailable:    1532680 kB
Buffers:           33588 kB
Cached:           297392 kB
MemTotal:        1844596 kB
MemFree:         1316608 kB
MemAvailable:    1530812 kB
Buffers:           33588 kB
Cached:           297392 kB
MemTotal:        1844596 kB
MemFree:         1316616 kB
MemAvailable:    1530820 kB
Buffers:           33588 kB
Cached:           297392 kB
MemTotal:        1844596 kB
MemFree:         1318104 kB
MemAvailable:    1532308 kB
Buffers:           33588 kB
Cached:           297392 kB
MemTotal:        1844596 kB
MemFree:         1316484 kB
MemAvailable:    1530688 kB
Buffers:           33588 kB
Cached:           297392 kB
MemTotal:        1844596 kB
MemFree:         1317676 kB
MemAvailable:    1531880 kB
Buffers:           33588 kB
Cached:           297392 kB
MemTotal:        1844596 kB
MemFree:         1317616 kB
MemAvailable:    1531820 kB
Buffers:           33588 kB
Cached:           297392 kB
MemTotal:        1844596 kB
MemFree:         1317852 kB
MemAvailable:    1532056 kB
Buffers:           33588 kB
Cached:           297392 kB
MemTotal:        1844596 kB
MemFree:         1317800 kB
MemAvailable:    1532004 kB
Buffers:           33588 kB
Cached:           297392 kB
MemTotal:        1844596 kB
MemFree:         1318052 kB
MemAvailable:    1532256 kB
Buffers:           33588 kB
Cached:           297392 kB
MemTotal:        1844596 kB
MemFree:         1317752 kB
MemAvailable:    1531956 kB
Buffers:           33588 kB
Cached:           297392 kB
MemTotal:        1844596 kB
MemFree:         1316576 kB
MemAvailable:    1530780 kB
Buffers:           33588 kB
Cached:           297392 kB
MemTotal:        1844596 kB
MemFree:         1316492 kB
MemAvailable:    1530696 kB
Buffers:           33588 kB
Cached:           297392 kB
MemTotal:        1844596 kB
MemFree:         1316244 kB
MemAvailable:    1530448 kB
Buffers:           33588 kB
Cached:           297392 kB
MemTotal:        1844596 kB
MemFree:         1315996 kB
MemAvailable:    1530200 kB
Buffers:           33588 kB
Cached:           297392 kB
MemTotal:        1844596 kB
MemFree:         1315872 kB
MemAvailable:    1530076 kB
Buffers:           33588 kB
Cached:           297392 kB
MemTotal:        1844596 kB
MemFree:         1317048 kB
MemAvailable:    1531252 kB
Buffers:           33588 kB
Cached:           297392 kB
MemTotal:        1844596 kB
MemFree:         1315576 kB
MemAvailable:    1529780 kB
Buffers:           33588 kB
Cached:           297392 kB
MemTotal:        1844596 kB
MemFree:         1316940 kB
MemAvailable:    1531144 kB
Buffers:           33588 kB
Cached:           297392 kB
MemTotal:        1844596 kB
MemFree:         1315736 kB
MemAvailable:    1529940 kB
Buffers:           33588 kB
Cached:           297392 kB
MemTotal:        1844596 kB
MemFree:         1315564 kB
MemAvailable:    1529768 kB
Buffers:           33588 kB
Cached:           297392 kB
MemTotal:        1844596 kB
MemFree:         1315684 kB
MemAvailable:    1529888 kB
Buffers:           33588 kB
Cached:           297392 kB
MemTotal:        1844596 kB
MemFree:         1315596 kB
MemAvailable:    1529800 kB
Buffers:           33588 kB
Cached:           297392 kB
MemTotal:        1844596 kB
MemFree:         1316616 kB
MemAvailable:    1530820 kB
Buffers:           33588 kB
Cached:           297392 kB
MemTotal:        1844596 kB
MemFree:         1314452 kB
MemAvailable:    1528656 kB
Buffers:           33588 kB
Cached:           297392 kB
MemTotal:        1844596 kB
MemFree:         1311772 kB
MemAvailable:    1525976 kB
Buffers:           33588 kB
Cached:           297392 kB
MemTotal:        1844596 kB
MemFree:         1311292 kB
MemAvailable:    1525496 kB
Buffers:           33588 kB
Cached:           297392 kB
MemTotal:        1844596 kB
MemFree:         1309796 kB
MemAvailable:    1524000 kB
Buffers:           33588 kB
Cached:           297392 kB
MemTotal:        1844596 kB
MemFree:         1308176 kB
MemAvailable:    1522380 kB
Buffers:           33588 kB
Cached:           297392 kB
MemTotal:        1844596 kB
MemFree:         1307696 kB
MemAvailable:    1521900 kB
Buffers:           33588 kB
Cached:           297392 kB
MemTotal:        1844596 kB
MemFree:         1309120 kB
MemAvailable:    1523324 kB
Buffers:           33588 kB
Cached:           297392 kB
MemTotal:        1844596 kB
MemFree:         1308872 kB
MemAvailable:    1523076 kB
Buffers:           33588 kB
Cached:           297392 kB
MemTotal:        1844596 kB
MemFree:         1309124 kB
MemAvailable:    1523328 kB
Buffers:           33588 kB
Cached:           297392 kB
MemTotal:        1844596 kB
MemFree:         1308876 kB
MemAvailable:    1523080 kB
Buffers:           33588 kB
Cached:           297392 kB
MemTotal:        1844596 kB
MemFree:         1308876 kB
MemAvailable:    1523080 kB
Buffers:           33588 kB
Cached:           297392 kB
MemTotal:        1844596 kB
MemFree:         1308936 kB
MemAvailable:    1523140 kB
Buffers:           33588 kB
Cached:           297392 kB
MemTotal:        1844596 kB
MemFree:         1307504 kB
MemAvailable:    1521708 kB
Buffers:           33588 kB
Cached:           297392 kB
MemTotal:        1844596 kB
MemFree:         1307796 kB
MemAvailable:    1522000 kB
Buffers:           33588 kB
Cached:           297392 kB
MemTotal:        1844596 kB
MemFree:         1308956 kB
MemAvailable:    1523160 kB
Buffers:           33588 kB
Cached:           297392 kB
MemTotal:        1844596 kB
MemFree:         1309124 kB
MemAvailable:    1523328 kB
Buffers:           33588 kB
Cached:           297392 kB
MemTotal:        1844596 kB
MemFree:         1307564 kB
MemAvailable:    1521768 kB
Buffers:           33588 kB
Cached:           297392 kB
MemTotal:        1844596 kB
MemFree:         1308564 kB
MemAvailable:    1522768 kB
Buffers:           33588 kB
Cached:           297392 kB
MemTotal:        1844596 kB
MemFree:         1307324 kB
MemAvailable:    1521528 kB
Buffers:           33588 kB
Cached:           297392 kB
MemTotal:        1844596 kB
MemFree:         1307696 kB
MemAvailable:    1521900 kB
Buffers:           33588 kB
Cached:           297392 kB
MemTotal:        1844596 kB
MemFree:         1307376 kB
MemAvailable:    1521580 kB
Buffers:           33588 kB
Cached:           297392 kB
MemTotal:        1844596 kB
MemFree:         1307376 kB
MemAvailable:    1521580 kB
Buffers:           33588 kB
Cached:           297392 kB
MemTotal:        1844596 kB
MemFree:         1307204 kB
MemAvailable:    1521408 kB
Buffers:           33588 kB
Cached:           297392 kB
MemTotal:        1844596 kB
MemFree:         1307128 kB
MemAvailable:    1521332 kB
Buffers:           33588 kB
Cached:           297392 kB
MemTotal:        1844596 kB
MemFree:         1306168 kB
MemAvailable:    1520372 kB
Buffers:           33588 kB
Cached:           297392 kB
MemTotal:        1844596 kB
MemFree:         1306028 kB
MemAvailable:    1520232 kB
Buffers:           33588 kB
Cached:           297392 kB
MemTotal:        1844596 kB
MemFree:         1304464 kB
MemAvailable:    1518668 kB
Buffers:           33588 kB
Cached:           297392 kB
MemTotal:        1844596 kB
MemFree:         1305524 kB
MemAvailable:    1519728 kB
Buffers:           33588 kB
Cached:           297392 kB
MemTotal:        1844596 kB
MemFree:         1304092 kB
MemAvailable:    1518296 kB
Buffers:           33588 kB
Cached:           297392 kB
MemTotal:        1844596 kB
MemFree:         1305276 kB
MemAvailable:    1519480 kB
Buffers:           33588 kB
Cached:           297392 kB
MemTotal:        1844596 kB
MemFree:         1305216 kB
MemAvailable:    1519420 kB
Buffers:           33588 kB
Cached:           297392 kB
MemTotal:        1844596 kB
MemFree:         1305336 kB
MemAvailable:    1519540 kB
Buffers:           33588 kB
Cached:           297392 kB
MemTotal:        1844596 kB
MemFree:         1305100 kB
MemAvailable:    1519304 kB
Buffers:           33588 kB
Cached:           297392 kB
MemTotal:        1844596 kB
MemFree:         1303836 kB
MemAvailable:    1518040 kB
Buffers:           33588 kB
Cached:           297392 kB
MemTotal:        1844596 kB
MemFree:         1304896 kB
MemAvailable:    1519100 kB
Buffers:           33588 kB
Cached:           297392 kB
MemTotal:        1844596 kB
MemFree:         1304844 kB
MemAvailable:    1519048 kB
Buffers:           33588 kB
Cached:           297392 kB
MemTotal:        1844596 kB
MemFree:         1304704 kB
MemAvailable:    1518908 kB
Buffers:           33588 kB
Cached:           297392 kB
MemTotal:        1844596 kB
MemFree:         1304704 kB
MemAvailable:    1518908 kB
Buffers:           33588 kB
Cached:           297392 kB
MemTotal:        1844596 kB
MemFree:         1303456 kB
MemAvailable:    1517660 kB
Buffers:           33588 kB
Cached:           297392 kB
MemTotal:        1844596 kB
MemFree:         1296032 kB
MemAvailable:    1510236 kB
Buffers:           33588 kB
Cached:           297392 kB
MemTotal:        1844596 kB
MemFree:         1297148 kB
MemAvailable:    1511352 kB
Buffers:           33588 kB
Cached:           297392 kB
MemTotal:        1844596 kB
MemFree:         1295984 kB
MemAvailable:    1510188 kB
Buffers:           33588 kB
Cached:           297392 kB
MemTotal:        1844596 kB
MemFree:         1295852 kB
MemAvailable:    1510056 kB
Buffers:           33588 kB
Cached:           297392 kB
MemTotal:        1844596 kB
MemFree:         1295720 kB
MemAvailable:    1509924 kB
Buffers:           33588 kB
Cached:           297392 kB
MemTotal:        1844596 kB
MemFree:         1299200 kB
MemAvailable:    1513404 kB
Buffers:           33588 kB
Cached:           297392 kB
MemTotal:        1844596 kB
MemFree:         1298096 kB
MemAvailable:    1512300 kB
Buffers:           33588 kB
Cached:           297392 kB
MemTotal:        1844596 kB
MemFree:         1298896 kB
MemAvailable:    1513184 kB
Buffers:           33588 kB
Cached:           297516 kB
MemTotal:        1844596 kB
MemFree:         1297528 kB
MemAvailable:    1511900 kB
Buffers:           33588 kB
Cached:           297640 kB
MemTotal:        1844596 kB
MemFree:         1297404 kB
MemAvailable:    1511944 kB
Buffers:           33588 kB
Cached:           297764 kB
MemTotal:        1844596 kB
MemFree:         1297156 kB
MemAvailable:    1511864 kB
Buffers:           33588 kB
Cached:           297888 kB
MemTotal:        1844596 kB
MemFree:         1298224 kB
MemAvailable:    1513016 kB
Buffers:           33588 kB
Cached:           298012 kB
MemTotal:        1844596 kB
MemFree:         1297900 kB
MemAvailable:    1512776 kB
Buffers:           33588 kB
Cached:           298056 kB
MemTotal:        1844596 kB
MemFree:         1296528 kB
MemAvailable:    1511404 kB
Buffers:           33588 kB
Cached:           298056 kB
MemTotal:        1844596 kB
MemFree:         1297704 kB
MemAvailable:    1512580 kB
Buffers:           33588 kB
Cached:           298056 kB
MemTotal:        1844596 kB
MemFree:         1297788 kB
MemAvailable:    1512664 kB
Buffers:           33588 kB
Cached:           298056 kB
MemTotal:        1844596 kB
MemFree:         1296472 kB
MemAvailable:    1511348 kB
Buffers:           33588 kB
Cached:           298056 kB
MemTotal:        1844596 kB
MemFree:         1298208 kB
MemAvailable:    1513084 kB
Buffers:           33588 kB
Cached:           298056 kB
MemTotal:        1844596 kB
MemFree:         1296600 kB
MemAvailable:    1511476 kB
Buffers:           33588 kB
Cached:           298180 kB
MemTotal:        1844596 kB
MemFree:         1298384 kB
MemAvailable:    1512672 kB
Buffers:           33588 kB
Cached:           297424 kB
MemTotal:        1844596 kB
MemFree:         1366164 kB
MemAvailable:    1580452 kB
Buffers:           33588 kB
Cached:           297424 kB
