MemTotal:        1844596 kB
MemFree:         1417388 kB
MemAvailable:    1586572 kB
Buffers:           26652 kB
Cached:           258080 kB
MemTotal:        1844596 kB
MemFree:         1389804 kB
MemAvailable:    1558992 kB
Buffers:           26652 kB
Cached:           258084 kB
MemTotal:        1844596 kB
MemFree:         1389680 kB
MemAvailable:    1558868 kB
Buffers:           26652 kB
Cached:           258084 kB
MemTotal:        1844596 kB
MemFree:         1387768 kB
MemAvailable:    1556956 kB
Buffers:           26652 kB
Cached:           258084 kB
MemTotal:        1844596 kB
MemFree:         1386272 kB
MemAvailable:    1555460 kB
Buffers:           26652 kB
Cached:           258084 kB
MemTotal:        1844596 kB
MemFree:         1385124 kB
MemAvailable:    1554312 kB
Buffers:           26652 kB
Cached:           258084 kB
MemTotal:        1844596 kB
MemFree:         1383916 kB
MemAvailable:    1553104 kB
Buffers:           26652 kB
Cached:           258084 kB
MemTotal:        1844596 kB
MemFree:         1383800 kB
MemAvailable:    1552988 kB
Buffers:           26652 kB
Cached:           258084 kB
MemTotal:        1844596 kB
MemFree:         1380260 kB
MemAvailable:    1549448 kB
Buffers:           26652 kB
Cached:           258084 kB
MemTotal:        1844596 kB
MemFree:         1376528 kB
MemAvailable:    1545716 kB
Buffers:           26652 kB
Cached:           258084 kB
MemTotal:        1844596 kB
MemFree:         1376288 kB
MemAvailable:    1545476 kB
Buffers:           26652 kB
Cached:           258084 kB
MemTotal:        1844596 kB
MemFree:         1376348 kB
MemAvailable:    1545536 kB
Buffers:           26652 kB
Cached:           258084 kB
MemTotal:        1844596 kB
MemFree:         1376408 kB
MemAvailable:    1545596 kB
Buffers:           26652 kB
Cached:           258084 kB
MemTotal:        1844596 kB
MemFree:         1375120 kB
MemAvailable:    1544308 kB
Buffers:           26652 kB
Cached:           258084 kB
MemTotal:        1844596 kB
MemFree:         1376360 kB
MemAvailable:    1545548 kB
Buffers:           26652 kB
Cached:           258084 kB
MemTotal:        1844596 kB
MemFree:         1376304 kB
MemAvailable:    1545492 kB
Buffers:           26652 kB
Cached:           258084 kB
MemTotal:        1844596 kB
MemFree:         1374120 kB
MemAvailable:    1543308 kB
Buffers:           26652 kB
Cached:           258084 kB
MemTotal:        1844596 kB
MemFree:         1373260 kB
MemAvailable:    1542448 kB
Buffers:           26652 kB
Cached:           258084 kB
MemTotal:        1844596 kB
MemFree:         1374112 kB
MemAvailable:    1543300 kB
Buffers:           26652 kB
Cached:           258084 kB
MemTotal:        1844596 kB
MemFree:         1373880 kB
MemAvailable:    1543068 kB
Buffers:           26652 kB
Cached:           258084 kB
MemTotal:        1844596 kB
MemFree:         1373884 kB
MemAvailable:    1543072 kB
Buffers:           26652 kB
Cached:           258084 kB
MemTotal:        1844596 kB
MemFree:         1374172 kB
MemAvailable:    1543360 kB
Buffers:           26652 kB
Cached:           258084 kB
MemTotal:        1844596 kB
MemFree:         1372740 kB
MemAvailable:    1541928 kB
Buffers:           26652 kB
Cached:           258084 kB
MemTotal:        1844596 kB
MemFree:         1374016 kB
MemAvailable:    1543204 kB
Buffers:           26652 kB
Cached:           258084 kB
MemTotal:        1844596 kB
MemFree:         1372752 kB
MemAvailable:    1541940 kB
Buffers:           26652 kB
Cached:           258084 kB
MemTotal:        1844596 kB
MemFree:         1373992 kB
MemAvailable:    1543180 kB
Buffers:           26652 kB
Cached:           258084 kB
MemTotal:        1844596 kB
MemFree:         1372764 kB
MemAvailable:    1541952 kB
Buffers:           26652 kB
Cached:           258084 kB
MemTotal:        1844596 kB
MemFree:         1375416 kB
MemAvailable:    1544604 kB
Buffers:           26652 kB
Cached:           258084 kB
MemTotal:        1844596 kB
MemFree:         1374796 kB
MemAvailable:    1543984 kB
Buffers:           26652 kB
Cached:           258084 kB
MemTotal:        1844596 kB
MemFree:         1371624 kB
MemAvailable:    1540812 kB
Buffers:           26652 kB
Cached:           258084 kB
MemTotal:        1844596 kB
MemFree:         1371624 kB
MemAvailable:    1540812 kB
Buffers:           26652 kB
Cached:           258084 kB
MemTotal:        1844596 kB
MemFree:         1371528 kB
MemAvailable:    1540716 kB
Buffers:           26652 kB
Cached:           258084 kB
MemTotal:        1844596 kB
MemFree:         1370840 kB
MemAvailable:    1540028 kB
Buffers:           26652 kB
Cached:           258084 kB
MemTotal:        1844596 kB
MemFree:         1370464 kB
MemAvailable:    1539652 kB
Buffers:           26652 kB
Cached:           258084 kB
MemTotal:        1844596 kB
MemFree:         1370464 kB
MemAvailable:    1539652 kB
Buffers:           26652 kB
Cached:           258084 kB
MemTotal:        1844596 kB
MemFree:         1368788 kB
MemAvailable:    1537976 kB
Buffers:           26652 kB
Cached:           258084 kB
MemTotal:        1844596 kB
MemFree:         1369896 kB
MemAvailable:    1539084 kB
Buffers:           26652 kB
Cached:           258084 kB
MemTotal:        1844596 kB
MemFree:         1369980 kB
MemAvailable:    1539168 kB
Buffers:           26652 kB
Cached:           258084 kB
MemTotal:        1844596 kB
MemFree:         1369768 kB
MemAvailable:    1538956 kB
Buffers:           26652 kB
Cached:           258084 kB
MemTotal:        1844596 kB
MemFree:         1369880 kB
MemAvailable:    1539068 kB
Buffers:           26652 kB
Cached:           258084 kB
MemTotal:        1844596 kB
MemFree:         1368392 kB
MemAvailable:    1537580 kB
Buffers:           26652 kB
Cached:           258084 kB
MemTotal:        1844596 kB
MemFree:         1369656 kB
MemAvailable:    1538844 kB
Buffers:           26652 kB
Cached:           258084 kB
MemTotal:        1844596 kB
MemFree:         1369292 kB
MemAvailable:    1538480 kB
Buffers:           26652 kB
Cached:           258084 kB
MemTotal:        1844596 kB
MemFree:         1369104 kB
MemAvailable:    1538292 kB
Buffers:           26652 kB
Cached:           258084 kB
MemTotal:        1844596 kB
MemFree:         1368988 kB
MemAvailable:    1538176 kB
Buffers:           26652 kB
Cached:           258084 kB
MemTotal:        1844596 kB
MemFree:         1368720 kB
MemAvailable:    1537908 kB
Buffers:           26652 kB
Cached:           258084 kB
MemTotal:        1844596 kB
MemFree:         1368972 kB
MemAvailable:    1538160 kB
Buffers:           26652 kB
Cached:           258084 kB
MemTotal:        1844596 kB
MemFree:         1368776 kB
MemAvailable:    1537964 kB
Buffers:           26652 kB
Cached:           258084 kB
MemTotal:        1844596 kB
MemFree:         1368852 kB
MemAvailable:    1538040 kB
Buffers:           26652 kB
Cached:           258084 kB
MemTotal:        1844596 kB
MemFree:         1368784 kB
MemAvailable:    1537972 kB
Buffers:           26652 kB
Cached:           258084 kB
MemTotal:        1844596 kB
MemFree:         1368656 kB
MemAvailable:    1537844 kB
Buffers:           26652 kB
Cached:           258084 kB
MemTotal:        1844596 kB
MemFree:         1368992 kB
MemAvailable:    1538180 kB
Buffers:           26652 kB
Cached:           258084 kB
MemTotal:        1844596 kB
MemFree:         1368748 kB
MemAvailable:    1537940 kB
Buffers:           26652 kB
Cached:           258088 kB
MemTotal:        1844596 kB
MemFree:         1367260 kB
MemAvailable:    1536452 kB
Buffers:           26652 kB
Cached:           258088 kB
MemTotal:        1844596 kB
MemFree:         1367384 kB
MemAvailable:    1536576 kB
Buffers:           26652 kB
Cached:           258088 kB
MemTotal:        1844596 kB
MemFree:         1367376 kB
MemAvailable:    1536572 kB
Buffers:           26652 kB
Cached:           258092 kB
MemTotal:        1844596 kB
MemFree:         1368552 kB
MemAvailable:    1537748 kB
Buffers:           26652 kB
Cached:           258092 kB
MemTotal:        1844596 kB
MemFree:         1367308 kB
MemAvailable:    1536504 kB
Buffers:           26652 kB
Cached:           258092 kB
MemTotal:        1844596 kB
MemFree:         1368024 kB
MemAvailable:    1537220 kB
Buffers:           26652 kB
Cached:           258092 kB
MemTotal:        1844596 kB
MemFree:         1368108 kB
MemAvailable:    1537304 kB
Buffers:           26652 kB
Cached:           258092 kB
MemTotal:        1844596 kB
MemFree:         1366416 kB
MemAvailable:    1535612 kB
Buffers:           26652 kB
Cached:           258092 kB
MemTotal:        1844596 kB
MemFree:         1366800 kB
MemAvailable:    1535996 kB
Buffers:           26652 kB
Cached:           258092 kB
MemTotal:        1844596 kB
MemFree:         1366628 kB
MemAvailable:    1535824 kB
Buffers:           26652 kB
Cached:           258092 kB
MemTotal:        1844596 kB
MemFree:         1367664 kB
MemAvailable:    1536860 kB
Buffers:           26652 kB
Cached:           258092 kB
MemTotal:        1844596 kB
MemFree:         1367556 kB
MemAvailable:    1536752 kB
Buffers:           26652 kB
Cached:           258092 kB
MemTotal:        1844596 kB
MemFree:         1367792 kB
MemAvailable:    1536988 kB
Buffers:           26652 kB
Cached:           258092 kB
MemTotal:        1844596 kB
MemFree:         1367908 kB
MemAvailable:    1537104 kB
Buffers:           26652 kB
Cached:           258092 kB
MemTotal:        1844596 kB
MemFree:         1367604 kB
MemAvailable:    1536800 kB
Buffers:           26652 kB
Cached:           258092 kB
MemTotal:        1844596 kB
MemFree:         1367856 kB
MemAvailable:    1537052 kB
Buffers:           26652 kB
Cached:           258092 kB
MemTotal:        1844596 kB
MemFree:         1364564 kB
MemAvailable:    1533760 kB
Buffers:           26652 kB
Cached:           258092 kB
MemTotal:        1844596 kB
MemFree:         1362472 kB
MemAvailable:    1531668 kB
Buffers:           26652 kB
Cached:           258092 kB
MemTotal:        1844596 kB
MemFree:         1360364 kB
MemAvailable:    1529560 kB
Buffers:           26652 kB
Cached:           258092 kB
MemTotal:        1844596 kB
MemFree:         1360484 kB
MemAvailable:    1529680 kB
Buffers:           26652 kB
Cached:           258092 kB
MemTotal:        1844596 kB
MemFree:         1360116 kB
MemAvailable:    1529312 kB
Buffers:           26652 kB
Cached:           258092 kB
MemTotal:        1844596 kB
MemFree:         1358448 kB
MemAvailable:    1527644 kB
Buffers:           26652 kB
Cached:           258092 kB
MemTotal:        1844596 kB
MemFree:         1358440 kB
MemAvailable:    1527636 kB
Buffers:           26652 kB
Cached:           258092 kB
MemTotal:        1844596 kB
MemFree:         1359872 kB
MemAvailable:    1529068 kB
Buffers:           26652 kB
Cached:           258092 kB
MemTotal:        1844596 kB
MemFree:         1359928 kB
MemAvailable:    1529124 kB
Buffers:           26652 kB
Cached:           258092 kB
MemTotal:        1844596 kB
MemFree:         1359848 kB
MemAvailable:    1529044 kB
Buffers:           26652 kB
Cached:           258092 kB
MemTotal:        1844596 kB
MemFree:         1358476 kB
MemAvailable:    1527672 kB
Buffers:           26652 kB
Cached:           258092 kB
MemTotal:        1844596 kB
MemFree:         1359924 kB
MemAvailable:    1529120 kB
Buffers:           26652 kB
Cached:           258092 kB
MemTotal:        1844596 kB
MemFree:         1359916 kB
MemAvailable:    1529112 kB
Buffers:           26652 kB
Cached:           258092 kB
MemTotal:        1844596 kB
MemFree:         1359780 kB
MemAvailable:    1528976 kB
Buffers:           26652 kB
Cached:           258092 kB
MemTotal:        1844596 kB
MemFree:         1359992 kB
MemAvailable:    1529188 kB
Buffers:           26652 kB
Cached:           258092 kB
MemTotal:        1844596 kB
MemFree:         1359840 kB
MemAvailable:    1529036 kB
Buffers:           26652 kB
Cached:           258092 kB
MemTotal:        1844596 kB
MemFree:         1359992 kB
MemAvailable:    1529188 kB
Buffers:           26652 kB
Cached:           258092 kB
MemTotal:        1844596 kB
MemFree:         1359620 kB
MemAvailable:    1528816 kB
Buffers:           26652 kB
Cached:           258092 kB
MemTotal:        1844596 kB
MemFree:         1358132 kB
MemAvailable:    1527328 kB
Buffers:           26652 kB
Cached:           258092 kB
MemTotal:        1844596 kB
MemFree:         1358928 kB
MemAvailable:    1528124 kB
Buffers:           26652 kB
Cached:           258092 kB
MemTotal:        1844596 kB
MemFree:         1357628 kB
MemAvailable:    1526824 kB
Buffers:           26652 kB
Cached:           258092 kB
MemTotal:        1844596 kB
MemFree:         1358380 kB
MemAvailable:    1527576 kB
Buffers:           26652 kB
Cached:           258092 kB
MemTotal:        1844596 kB
MemFree:         1357008 kB
MemAvailable:    1526204 kB
Buffers:           26652 kB
Cached:           258092 kB
MemTotal:        1844596 kB
MemFree:         1357968 kB
MemAvailable:    1527164 kB
Buffers:           26652 kB
Cached:           258092 kB
MemTotal:        1844596 kB
MemFree:         1355776 kB
MemAvailable:    1524972 kB
Buffers:           26652 kB
Cached:           258092 kB
MemTotal:        1844596 kB
MemFree:         1356844 kB
MemAvailable:    1526040 kB
Buffers:           26652 kB
Cached:           258092 kB
MemTotal:        1844596 kB
MemFree:         1357048 kB
MemAvailable:    1526244 kB
Buffers:           26652 kB
Cached:           258092 kB
MemTotal:        1844596 kB
MemFree:         1356324 kB
MemAvailable:    1525520 kB
Buffers:           26652 kB
Cached:           258092 kB
MemTotal:        1844596 kB
MemFree:         1356244 kB
MemAvailable:    1525440 kB
Buffers:           26652 kB
Cached:           258092 kB
MemTotal:        1844596 kB
MemFree:         1356496 kB
MemAvailable:    1525692 kB
Buffers:           26652 kB
Cached:           258092 kB
MemTotal:        1844596 kB
MemFree:         1356132 kB
MemAvailable:    1525328 kB
Buffers:           26652 kB
Cached:           258092 kB
MemTotal:        1844596 kB
MemFree:         1356244 kB
MemAvailable:    1525440 kB
Buffers:           26652 kB
Cached:           258092 kB
MemTotal:        1844596 kB
MemFree:         1356016 kB
MemAvailable:    1525212 kB
Buffers:           26652 kB
Cached:           258092 kB
MemTotal:        1844596 kB
MemFree:         1355936 kB
MemAvailable:    1525132 kB
Buffers:           26652 kB
Cached:           258092 kB
MemTotal:        1844596 kB
MemFree:         1356272 kB
MemAvailable:    1525468 kB
Buffers:           26652 kB
Cached:           258092 kB
MemTotal:        1844596 kB
MemFree:         1355968 kB
MemAvailable:    1525164 kB
Buffers:           26652 kB
Cached:           258092 kB
MemTotal:        1844596 kB
MemFree:         1356108 kB
MemAvailable:    1525304 kB
Buffers:           26652 kB
Cached:           258092 kB
MemTotal:        1844596 kB
MemFree:         1355900 kB
MemAvailable:    1525096 kB
Buffers:           26652 kB
Cached:           258092 kB
MemTotal:        1844596 kB
MemFree:         1355380 kB
MemAvailable:    1524576 kB
Buffers:           26652 kB
Cached:           258092 kB
MemTotal:        1844596 kB
MemFree:         1355716 kB
MemAvailable:    1524912 kB
Buffers:           26652 kB
Cached:           258092 kB
MemTotal:        1844596 kB
MemFree:         1353908 kB
MemAvailable:    1523104 kB
Buffers:           26652 kB
Cached:           258092 kB
MemTotal:        1844596 kB
MemFree:         1347088 kB
MemAvailable:    1516284 kB
Buffers:           26652 kB
Cached:           258092 kB
MemTotal:        1844596 kB
MemFree:         1348188 kB
MemAvailable:    1517384 kB
Buffers:           26652 kB
Cached:           258092 kB
MemTotal:        1844596 kB
MemFree:         1348440 kB
MemAvailable:    1517636 kB
Buffers:           26652 kB
Cached:           258092 kB
MemTotal:        1844596 kB
MemFree:         1346824 kB
MemAvailable:    1516020 kB
Buffers:           26652 kB
Cached:           258092 kB
MemTotal:        1844596 kB
MemFree:         1348056 kB
MemAvailable:    1517252 kB
Buffers:           26652 kB
Cached:           258092 kB
MemTotal:        1844596 kB
MemFree:         1348056 kB
MemAvailable:    1517252 kB
Buffers:           26652 kB
Cached:           258092 kB
MemTotal:        1844596 kB
MemFree:         1350192 kB
MemAvailable:    1519388 kB
Buffers:           26652 kB
Cached:           258092 kB
MemTotal:        1844596 kB
MemFree:         1348760 kB
MemAvailable:    1517956 kB
Buffers:           26652 kB
Cached:           258092 kB
MemTotal:        1844596 kB
MemFree:         1349436 kB
MemAvailable:    1518800 kB
Buffers:           26652 kB
Cached:           258340 kB
MemTotal:        1844596 kB
MemFree:         1349436 kB
MemAvailable:    1518800 kB
Buffers:           26652 kB
Cached:           258340 kB
MemTotal:        1844596 kB
MemFree:         1349148 kB
MemAvailable:    1518680 kB
Buffers:           26652 kB
Cached:           258464 kB
MemTotal:        1844596 kB
MemFree:         1349076 kB
MemAvailable:    1518692 kB
Buffers:           26652 kB
Cached:           258588 kB
MemTotal:        1844596 kB
MemFree:         1348884 kB
MemAvailable:    1518584 kB
Buffers:           26652 kB
Cached:           258712 kB
MemTotal:        1844596 kB
MemFree:         1348740 kB
MemAvailable:    1518584 kB
Buffers:           26652 kB
Cached:           258816 kB
MemTotal:        1844596 kB
MemFree:         1348956 kB
MemAvailable:    1518800 kB
Buffers:           26652 kB
Cached:           258816 kB
MemTotal:        1844596 kB
MemFree:         1348944 kB
MemAvailable:    1518824 kB
Buffers:           26652 kB
Cached:           258776 kB
MemTotal:        1844596 kB
MemFree:         1348832 kB
MemAvailable:    1518712 kB
Buffers:           26652 kB
Cached:           258776 kB
MemTotal:        1844596 kB
MemFree:         1348088 kB
MemAvailable:    1517968 kB
Buffers:           26652 kB
Cached:           258776 kB
MemTotal:        1844596 kB
MemFree:         1348764 kB
MemAvailable:    1518644 kB
Buffers:           26652 kB
Cached:           258776 kB
MemTotal:        1844596 kB
MemFree:         1348932 kB
MemAvailable:    1518812 kB
Buffers:           26652 kB
Cached:           258776 kB
MemTotal:        1844596 kB
MemFree:         1348880 kB
MemAvailable:    1518760 kB
Buffers:           26652 kB
Cached:           258776 kB
MemTotal:        1844596 kB
MemFree:         1349548 kB
MemAvailable:    1518840 kB
Buffers:           26652 kB
Cached:           258144 kB
MemTotal:        1844596 kB
MemFree:         1348040 kB
MemAvailable:    1517332 kB
Buffers:           26652 kB
Cached:           258144 kB
MemTotal:        1844596 kB
MemFree:         1416932 kB
MemAvailable:    1586224 kB
Buffers:           26652 kB
Cached:           258144 kB
