MemTotal:        1844596 kB
MemFree:         1164676 kB
MemAvailable:    1561568 kB
Buffers:           57188 kB
Cached:           449492 kB
MemTotal:        1844596 kB
MemFree:         1137108 kB
MemAvailable:    1534004 kB
Buffers:           57188 kB
Cached:           449496 kB
MemTotal:        1844596 kB
MemFree:         1136616 kB
MemAvailable:    1533516 kB
Buffers:           57188 kB
Cached:           449496 kB
MemTotal:        1844596 kB
MemFree:         1133948 kB
MemAvailable:    1530848 kB
Buffers:           57188 kB
Cached:           449496 kB
MemTotal:        1844596 kB
MemFree:         1133436 kB
MemAvailable:    1530336 kB
Buffers:           57188 kB
Cached:           449496 kB
MemTotal:        1844596 kB
MemFree:         1133772 kB
MemAvailable:    1530672 kB
Buffers:           57188 kB
Cached:           449496 kB
MemTotal:        1844596 kB
MemFree:         1132124 kB
MemAvailable:    1529024 kB
Buffers:           57188 kB
Cached:           449496 kB
MemTotal:        1844596 kB
MemFree:         1128732 kB
MemAvailable:    1525632 kB
Buffers:           57188 kB
Cached:           449496 kB
MemTotal:        1844596 kB
MemFree:         1125888 kB
MemAvailable:    1522788 kB
Buffers:           57188 kB
Cached:           449496 kB
MemTotal:        1844596 kB
MemFree:         1122360 kB
MemAvailable:    1519260 kB
Buffers:           57188 kB
Cached:           449496 kB
MemTotal:        1844596 kB
MemFree:         1122168 kB
MemAvailable:    1519068 kB
Buffers:           57188 kB
Cached:           449496 kB
MemTotal:        1844596 kB
MemFree:         1123640 kB
MemAvailable:    1520540 kB
Buffers:           57188 kB
Cached:           449496 kB
MemTotal:        1844596 kB
MemFree:         1123824 kB
MemAvailable:    1520724 kB
Buffers:           57188 kB
Cached:           449496 kB
MemTotal:        1844596 kB
MemFree:         1122416 kB
MemAvailable:    1519316 kB
Buffers:           57188 kB
Cached:           449496 kB
MemTotal:        1844596 kB
MemFree:         1122416 kB
MemAvailable:    1519316 kB
Buffers:           57188 kB
Cached:           449496 kB
MemTotal:        1844596 kB
MemFree:         1123220 kB
MemAvailable:    1520120 kB
Buffers:           57188 kB
Cached:           449496 kB
MemTotal:        1844596 kB
MemFree:         1122352 kB
MemAvailable:    1519252 kB
Buffers:           57188 kB
Cached:           449496 kB
MemTotal:        1844596 kB
MemFree:         1121424 kB
MemAvailable:    1518324 kB
Buffers:           57188 kB
Cached:           449496 kB
MemTotal:        1844596 kB
MemFree:         1119756 kB
MemAvailable:    1516656 kB
Buffers:           57188 kB
Cached:           449496 kB
MemTotal:        1844596 kB
MemFree:         1121088 kB
MemAvailable:    1517988 kB
Buffers:           57188 kB
Cached:           449496 kB
MemTotal:        1844596 kB
MemFree:         1121304 kB
MemAvailable:    1518204 kB
Buffers:           57188 kB
Cached:           449496 kB
MemTotal:        1844596 kB
MemFree:         1121356 kB
MemAvailable:    1518256 kB
Buffers:           57188 kB
Cached:           449496 kB
MemTotal:        1844596 kB
MemFree:         1119860 kB
MemAvailable:    1516760 kB
Buffers:           57188 kB
Cached:           449496 kB
MemTotal:        1844596 kB
MemFree:         1121136 kB
MemAvailable:    1518036 kB
Buffers:           57188 kB
Cached:           449496 kB
MemTotal:        1844596 kB
MemFree:         1121388 kB
MemAvailable:    1518288 kB
Buffers:           57188 kB
Cached:           449496 kB
MemTotal:        1844596 kB
MemFree:         1121288 kB
MemAvailable:    1518188 kB
Buffers:           57188 kB
Cached:           449496 kB
MemTotal:        1844596 kB
MemFree:         1122520 kB
MemAvailable:    1519420 kB
Buffers:           57188 kB
Cached:           449496 kB
MemTotal:        1844596 kB
MemFree:         1122160 kB
MemAvailable:    1519060 kB
Buffers:           57188 kB
Cached:           449496 kB
MemTotal:        1844596 kB
MemFree:         1122024 kB
MemAvailable:    1518924 kB
Buffers:           57188 kB
Cached:           449496 kB
MemTotal:        1844596 kB
MemFree:         1119068 kB
MemAvailable:    1515968 kB
Buffers:           57188 kB
Cached:           449496 kB
MemTotal:        1844596 kB
MemFree:         1118680 kB
MemAvailable:    1515580 kB
Buffers:           57188 kB
Cached:           449496 kB
MemTotal:        1844596 kB
MemFree:         1118324 kB
MemAvailable:    1515224 kB
Buffers:           57188 kB
Cached:           449496 kB
MemTotal:        1844596 kB
MemFree:         1116952 kB
MemAvailable:    1513852 kB
Buffers:           57188 kB
Cached:           449496 kB
MemTotal:        1844596 kB
MemFree:         1118068 kB
MemAvailable:    1514968 kB
Buffers:           57188 kB
Cached:           449496 kB
MemTotal:        1844596 kB
MemFree:         1116712 kB
MemAvailable:    1513612 kB
Buffers:           57188 kB
Cached:           449496 kB
MemTotal:        1844596 kB
MemFree:         1117068 kB
MemAvailable:    1513968 kB
Buffers:           57188 kB
Cached:           449496 kB
MemTotal:        1844596 kB
MemFree:         1117152 kB
MemAvailable:    1514052 kB
Buffers:           57188 kB
Cached:           449496 kB
MemTotal:        1844596 kB
MemFree:         1117072 kB
MemAvailable:    1513972 kB
Buffers:           57188 kB
Cached:           449496 kB
MemTotal:        1844596 kB
MemFree:         1116760 kB
MemAvailable:    1513660 kB
Buffers:           57188 kB
Cached:           449496 kB
MemTotal:        1844596 kB
MemFree:         1116200 kB
MemAvailable:    1513100 kB
Buffers:           57188 kB
Cached:           449496 kB
MemTotal:        1844596 kB
MemFree:         1116892 kB
MemAvailable:    1513792 kB
Buffers:           57188 kB
Cached:           449496 kB
MemTotal:        1844596 kB
MemFree:         1115644 kB
MemAvailable:    1512544 kB
Buffers:           57188 kB
Cached:           449496 kB
MemTotal:        1844596 kB
MemFree:         1116648 kB
MemAvailable:    1513548 kB
Buffers:           57188 kB
Cached:           449496 kB
MemTotal:        1844596 kB
MemFree:         1116580 kB
MemAvailable:    1513480 kB
Buffers:           57188 kB
Cached:           449496 kB
MemTotal:        1844596 kB
MemFree:         1116064 kB
MemAvailable:    1512964 kB
Buffers:           57188 kB
Cached:           449496 kB
MemTotal:        1844596 kB
MemFree:         1116316 kB
MemAvailable:    1513216 kB
Buffers:           57188 kB
Cached:           449496 kB
MemTotal:        1844596 kB
MemFree:         1115944 kB
MemAvailable:    1512844 kB
Buffers:           57188 kB
Cached:           449496 kB
MemTotal:        1844596 kB
MemFree:         1114780 kB
MemAvailable:    1511680 kB
Buffers:           57188 kB
Cached:           449496 kB
MemTotal:        1844596 kB
MemFree:         1115896 kB
MemAvailable:    1512796 kB
Buffers:           57188 kB
Cached:           449496 kB
MemTotal:        1844596 kB
MemFree:         1114648 kB
MemAvailable:    1511548 kB
Buffers:           57188 kB
Cached:           449496 kB
MemTotal:        1844596 kB
MemFree:         1115888 kB
MemAvailable:    1512788 kB
Buffers:           57188 kB
Cached:           449496 kB
MemTotal:        1844596 kB
MemFree:         1114648 kB
MemAvailable:    1511548 kB
Buffers:           57188 kB
Cached:           449496 kB
MemTotal:        1844596 kB
MemFree:         1115916 kB
MemAvailable:    1512816 kB
Buffers:           57188 kB
Cached:           449496 kB
MemTotal:        1844596 kB
MemFree:         1116168 kB
MemAvailable:    1513068 kB
Buffers:           57188 kB
Cached:           449496 kB
MemTotal:        1844596 kB
MemFree:         1115888 kB
MemAvailable:    1512788 kB
Buffers:           57188 kB
Cached:           449496 kB
MemTotal:        1844596 kB
MemFree:         1115844 kB
MemAvailable:    1512744 kB
Buffers:           57188 kB
Cached:           449496 kB
MemTotal:        1844596 kB
MemFree:         1114232 kB
MemAvailable:    1511132 kB
Buffers:           57188 kB
Cached:           449496 kB
MemTotal:        1844596 kB
MemFree:         1114604 kB
MemAvailable:    1511504 kB
Buffers:           57188 kB
Cached:           449496 kB
MemTotal:        1844596 kB
MemFree:         1115408 kB
MemAvailable:    1512308 kB
Buffers:           57188 kB
Cached:           449496 kB
MemTotal:        1844596 kB
MemFree:         1115464 kB
MemAvailable:    1512364 kB
Buffers:           57188 kB
Cached:           449496 kB
MemTotal:        1844596 kB
MemFree:         1113976 kB
MemAvailable:    1510876 kB
Buffers:           57188 kB
Cached:           449496 kB
MemTotal:        1844596 kB
MemFree:         1115036 kB
MemAvailable:    1511936 kB
Buffers:           57188 kB
Cached:           449496 kB
MemTotal:        1844596 kB
MemFree:         1114604 kB
MemAvailable:    1511504 kB
Buffers:           57188 kB
Cached:           449496 kB
MemTotal:        1844596 kB
MemFree:         1114960 kB
MemAvailable:    1511860 kB
Buffers:           57188 kB
Cached:           449496 kB
MemTotal:        1844596 kB
MemFree:         1113844 kB
MemAvailable:    1510744 kB
Buffers:           57188 kB
Cached:           449496 kB
MemTotal:        1844596 kB
MemFree:         1113968 kB
MemAvailable:    1510868 kB
Buffers:           57188 kB
Cached:           449496 kB
MemTotal:        1844596 kB
MemFree:         1113548 kB
MemAvailable:    1510448 kB
Buffers:           57188 kB
Cached:           449496 kB
MemTotal:        1844596 kB
MemFree:         1110496 kB
MemAvailable:    1507396 kB
Buffers:           57188 kB
Cached:           449496 kB
MemTotal:        1844596 kB
MemFree:         1110264 kB
MemAvailable:    1507164 kB
Buffers:           57188 kB
Cached:           449496 kB
MemTotal:        1844596 kB
MemFree:         1106660 kB
MemAvailable:    1503560 kB
Buffers:           57188 kB
Cached:           449496 kB
MemTotal:        1844596 kB
MemFree:         1106420 kB
MemAvailable:    1503320 kB
Buffers:           57188 kB
Cached:           449496 kB
MemTotal:        1844596 kB
MemFree:         1107332 kB
MemAvailable:    1504232 kB
Buffers:           57188 kB
Cached:           449496 kB
MemTotal:        1844596 kB
MemFree:         1105916 kB
MemAvailable:    1502824 kB
Buffers:           57188 kB
Cached:           449504 kB
MemTotal:        1844596 kB
MemFree:         1106000 kB
MemAvailable:    1502908 kB
Buffers:           57188 kB
Cached:           449504 kB
MemTotal:        1844596 kB
MemFree:         1105992 kB
MemAvailable:    1502900 kB
Buffers:           57188 kB
Cached:           449504 kB
MemTotal:        1844596 kB
MemFree:         1107108 kB
MemAvailable:    1504016 kB
Buffers:           57188 kB
Cached:           449504 kB
MemTotal:        1844596 kB
MemFree:         1105992 kB
MemAvailable:    1502900 kB
Buffers:           57188 kB
Cached:           449504 kB
MemTotal:        1844596 kB
MemFree:         1107392 kB
MemAvailable:    1504300 kB
Buffers:           57188 kB
Cached:           449504 kB
MemTotal:        1844596 kB
MemFree:         1107200 kB
MemAvailable:    1504108 kB
Buffers:           57188 kB
Cached:           449504 kB
MemTotal:        1844596 kB
MemFree:         1107152 kB
MemAvailable:    1504060 kB
Buffers:           57188 kB
Cached:           449504 kB
MemTotal:        1844596 kB
MemFree:         1105720 kB
MemAvailable:    1502628 kB
Buffers:           57188 kB
Cached:           449504 kB
MemTotal:        1844596 kB
MemFree:         1106988 kB
MemAvailable:    1503896 kB
Buffers:           57188 kB
Cached:           449504 kB
MemTotal:        1844596 kB
MemFree:         1106916 kB
MemAvailable:    1503824 kB
Buffers:           57188 kB
Cached:           449504 kB
MemTotal:        1844596 kB
MemFree:         1106720 kB
MemAvailable:    1503628 kB
Buffers:           57188 kB
Cached:           449504 kB
MemTotal:        1844596 kB
MemFree:         1106632 kB
MemAvailable:    1503540 kB
Buffers:           57188 kB
Cached:           449504 kB
MemTotal:        1844596 kB
MemFree:         1106048 kB
MemAvailable:    1502956 kB
Buffers:           57188 kB
Cached:           449504 kB
MemTotal:        1844596 kB
MemFree:         1105412 kB
MemAvailable:    1502320 kB
Buffers:           57188 kB
Cached:           449504 kB
MemTotal:        1844596 kB
MemFree:         1105304 kB
MemAvailable:    1502212 kB
Buffers:           57188 kB
Cached:           449504 kB
MemTotal:        1844596 kB
MemFree:         1105248 kB
MemAvailable:    1502156 kB
Buffers:           57188 kB
Cached:           449504 kB
MemTotal:        1844596 kB
MemFree:         1105176 kB
MemAvailable:    1502084 kB
Buffers:           57188 kB
Cached:           449504 kB
MemTotal:        1844596 kB
MemFree:         1103072 kB
MemAvailable:    1499980 kB
Buffers:           57188 kB
Cached:           449504 kB
MemTotal:        1844596 kB
MemFree:         1104192 kB
MemAvailable:    1501100 kB
Buffers:           57188 kB
Cached:           449504 kB
MemTotal:        1844596 kB
MemFree:         1104252 kB
MemAvailable:    1501160 kB
Buffers:           57188 kB
Cached:           449504 kB
MemTotal:        1844596 kB
MemFree:         1103752 kB
MemAvailable:    1500660 kB
Buffers:           57188 kB
Cached:           449504 kB
MemTotal:        1844596 kB
MemFree:         1102320 kB
MemAvailable:    1499228 kB
Buffers:           57188 kB
Cached:           449504 kB
MemTotal:        1844596 kB
MemFree:         1102080 kB
MemAvailable:    1498988 kB
Buffers:           57188 kB
Cached:           449504 kB
MemTotal:        1844596 kB
MemFree:         1103180 kB
MemAvailable:    1500088 kB
Buffers:           57188 kB
Cached:           449504 kB
MemTotal:        1844596 kB
MemFree:         1102824 kB
MemAvailable:    1499732 kB
Buffers:           57188 kB
Cached:           449504 kB
MemTotal:        1844596 kB
MemFree:         1103308 kB
MemAvailable:    1500216 kB
Buffers:           57188 kB
Cached:           449504 kB
MemTotal:        1844596 kB
MemFree:         1102452 kB
MemAvailable:    1499360 kB
Buffers:           57188 kB
Cached:           449504 kB
MemTotal:        1844596 kB
MemFree:         1102196 kB
MemAvailable:    1499108 kB
Buffers:           57188 kB
Cached:           449508 kB
MemTotal:        1844596 kB
MemFree:         1103312 kB
MemAvailable:    1500224 kB
Buffers:           57188 kB
Cached:           449508 kB
MemTotal:        1844596 kB
MemFree:         1102196 kB
MemAvailable:    1499108 kB
Buffers:           57188 kB
Cached:           449508 kB
MemTotal:        1844596 kB
MemFree:         1102824 kB
MemAvailable:    1499736 kB
Buffers:           57188 kB
Cached:           449508 kB
MemTotal:        1844596 kB
MemFree:         1101156 kB
MemAvailable:    1498068 kB
Buffers:           57188 kB
Cached:           449508 kB
MemTotal:        1844596 kB
MemFree:         1101148 kB
MemAvailable:    1498060 kB
Buffers:           57188 kB
Cached:           449508 kB
MemTotal:        1844596 kB
MemFree:         1095632 kB
MemAvailable:    1492544 kB
Buffers:           57188 kB
Cached:           449508 kB
MemTotal:        1844596 kB
MemFree:         1094260 kB
MemAvailable:    1491172 kB
Buffers:           57188 kB
Cached:           449508 kB
MemTotal:        1844596 kB
MemFree:         1094384 kB
MemAvailable:    1491296 kB
Buffers:           57188 kB
Cached:           449508 kB
MemTotal:        1844596 kB
MemFree:         1095384 kB
MemAvailable:    1492296 kB
Buffers:           57188 kB
Cached:           449508 kB
MemTotal:        1844596 kB
MemFree:         1095272 kB
MemAvailable:    1492184 kB
Buffers:           57188 kB
Cached:           449508 kB
MemTotal:        1844596 kB
MemFree:         1095192 kB
MemAvailable:    1492104 kB
Buffers:           57188 kB
Cached:           449508 kB
MemTotal:        1844596 kB
MemFree:         1095444 kB
MemAvailable:    1492356 kB
Buffers:           57188 kB
Cached:           449508 kB
MemTotal:        1844596 kB
MemFree:         1096996 kB
MemAvailable:    1493908 kB
Buffers:           57188 kB
Cached:           449508 kB
MemTotal:        1844596 kB
MemFree:         1095624 kB
MemAvailable:    1492620 kB
Buffers:           57188 kB
Cached:           449632 kB
MemTotal:        1844596 kB
MemFree:         1096616 kB
MemAvailable:    1493780 kB
Buffers:           57188 kB
Cached:           449756 kB
MemTotal:        1844596 kB
MemFree:         1095764 kB
MemAvailable:    1492928 kB
Buffers:           57188 kB
Cached:           449756 kB
MemTotal:        1844596 kB
MemFree:         1096188 kB
MemAvailable:    1493520 kB
Buffers:           57188 kB
Cached:           449880 kB
MemTotal:        1844596 kB
MemFree:         1096356 kB
MemAvailable:    1493688 kB
Buffers:           57188 kB
Cached:           449880 kB
MemTotal:        1844596 kB
MemFree:         1096132 kB
MemAvailable:    1493632 kB
Buffers:           57188 kB
Cached:           450128 kB
MemTotal:        1844596 kB
MemFree:         1094956 kB
MemAvailable:    1492456 kB
Buffers:           57188 kB
Cached:           450128 kB
MemTotal:        1844596 kB
MemFree:         1095800 kB
MemAvailable:    1493384 kB
Buffers:           57188 kB
Cached:           450128 kB
MemTotal:        1844596 kB
MemFree:         1095260 kB
MemAvailable:    1492844 kB
Buffers:           57188 kB
Cached:           450128 kB
MemTotal:        1844596 kB
MemFree:         1095884 kB
MemAvailable:    1493468 kB
Buffers:           57188 kB
Cached:           450128 kB
MemTotal:        1844596 kB
MemFree:         1094708 kB
MemAvailable:    1492292 kB
Buffers:           57188 kB
Cached:           450128 kB
MemTotal:        1844596 kB
MemFree:         1095984 kB
MemAvailable:    1493568 kB
Buffers:           57188 kB
Cached:           450128 kB
MemTotal:        1844596 kB
MemFree:         1095888 kB
MemAvailable:    1493472 kB
Buffers:           57188 kB
Cached:           450128 kB
MemTotal:        1844596 kB
MemFree:         1096420 kB
MemAvailable:    1493584 kB
Buffers:           57188 kB
Cached:           449664 kB
MemTotal:        1844596 kB
MemFree:         1095212 kB
MemAvailable:    1492124 kB
Buffers:           57188 kB
Cached:           449496 kB
MemTotal:        1844596 kB
MemFree:         1163032 kB
MemAvailable:    1559944 kB
Buffers:           57188 kB
Cached:           449496 kB
