MemTotal:        1844596 kB
MemFree:         1388116 kB
MemAvailable:    1583424 kB
Buffers:           30716 kB
Cached:           280472 kB
MemTotal:        1844596 kB
MemFree:         1361124 kB
MemAvailable:    1556436 kB
Buffers:           30716 kB
Cached:           280476 kB
MemTotal:        1844596 kB
MemFree:         1360068 kB
MemAvailable:    1555380 kB
Buffers:           30716 kB
Cached:           280476 kB
MemTotal:        1844596 kB
MemFree:         1357340 kB
MemAvailable:    1552652 kB
Buffers:           30716 kB
Cached:           280476 kB
MemTotal:        1844596 kB
MemFree:         1357696 kB
MemAvailable:    1553008 kB
Buffers:           30716 kB
Cached:           280476 kB
MemTotal:        1844596 kB
MemFree:         1357216 kB
MemAvailable:    1552528 kB
Buffers:           30716 kB
Cached:           280476 kB
MemTotal:        1844596 kB
MemFree:         1357200 kB
MemAvailable:    1552512 kB
Buffers:           30716 kB
Cached:           280476 kB
MemTotal:        1844596 kB
MemFree:         1357092 kB
MemAvailable:    1552404 kB
Buffers:           30716 kB
Cached:           280476 kB
MemTotal:        1844596 kB
MemFree:         1352984 kB
MemAvailable:    1548296 kB
Buffers:           30716 kB
Cached:           280476 kB
MemTotal:        1844596 kB
MemFree:         1352824 kB
MemAvailable:    1548136 kB
Buffers:           30716 kB
Cached:           280476 kB
MemTotal:        1844596 kB
MemFree:         1347784 kB
MemAvailable:    1543096 kB
Buffers:           30716 kB
Cached:           280476 kB
MemTotal:        1844596 kB
MemFree:         1347288 kB
MemAvailable:    1542600 kB
Buffers:           30716 kB
Cached:           280476 kB
MemTotal:        1844596 kB
MemFree:         1345920 kB
MemAvailable:    1541232 kB
Buffers:           30716 kB
Cached:           280476 kB
MemTotal:        1844596 kB
MemFree:         1345996 kB
MemAvailable:    1541308 kB
Buffers:           30716 kB
Cached:           280476 kB
MemTotal:        1844596 kB
MemFree:         1346040 kB
MemAvailable:    1541352 kB
Buffers:           30716 kB
Cached:           280476 kB
MemTotal:        1844596 kB
MemFree:         1347280 kB
MemAvailable:    1542592 kB
Buffers:           30716 kB
Cached:           280476 kB
MemTotal:        1844596 kB
MemFree:         1347224 kB
MemAvailable:    1542536 kB
Buffers:           30716 kB
Cached:           280476 kB
MemTotal:        1844596 kB
MemFree:         1346428 kB
MemAvailable:    1541740 kB
Buffers:           30716 kB
Cached:           280476 kB
MemTotal:        1844596 kB
MemFree:         1345188 kB
MemAvailable:    1540500 kB
Buffers:           30716 kB
Cached:           280476 kB
MemTotal:        1844596 kB
MemFree:         1344924 kB
MemAvailable:    1540236 kB
Buffers:           30716 kB
Cached:           280476 kB
MemTotal:        1844596 kB
MemFree:         1344692 kB
MemAvailable:    1540004 kB
Buffers:           30716 kB
Cached:           280476 kB
MemTotal:        1844596 kB
MemFree:         1344864 kB
MemAvailable:    1540176 kB
Buffers:           30716 kB
Cached:           280476 kB
MemTotal:        1844596 kB
MemFree:         1343948 kB
MemAvailable:    1539260 kB
Buffers:           30716 kB
Cached:           280476 kB
MemTotal:        1844596 kB
MemFree:         1344876 kB
MemAvailable:    1540188 kB
Buffers:           30716 kB
Cached:           280476 kB
MemTotal:        1844596 kB
MemFree:         1345128 kB
MemAvailable:    1540440 kB
Buffers:           30716 kB
Cached:           280476 kB
MemTotal:        1844596 kB
MemFree:         1343436 kB
MemAvailable:    1538748 kB
Buffers:           30716 kB
Cached:           280476 kB
MemTotal:        1844596 kB
MemFree:         1343568 kB
MemAvailable:    1538880 kB
Buffers:           30716 kB
Cached:           280476 kB
MemTotal:        1844596 kB
MemFree:         1344752 kB
MemAvailable:    1540064 kB
Buffers:           30716 kB
Cached:           280476 kB
MemTotal:        1844596 kB
MemFree:         1344816 kB
MemAvailable:    1540128 kB
Buffers:           30716 kB
Cached:           280476 kB
MemTotal:        1844596 kB
MemFree:         1346004 kB
MemAvailable:    1541316 kB
Buffers:           30716 kB
Cached:           280476 kB
MemTotal:        1844596 kB
MemFree:         1346256 kB
MemAvailable:    1541568 kB
Buffers:           30716 kB
Cached:           280476 kB
MemTotal:        1844596 kB
MemFree:         1344752 kB
MemAvailable:    1540064 kB
Buffers:           30716 kB
Cached:           280476 kB
MemTotal:        1844596 kB
MemFree:         1342460 kB
MemAvailable:    1537772 kB
Buffers:           30716 kB
Cached:           280476 kB
MemTotal:        1844596 kB
MemFree:         1342892 kB
MemAvailable:    1538208 kB
Buffers:           30716 kB
Cached:           280480 kB
MemTotal:        1844596 kB
MemFree:         1341948 kB
MemAvailable:    1537264 kB
Buffers:           30716 kB
Cached:           280480 kB
MemTotal:        1844596 kB
MemFree:         1341344 kB
MemAvailable:    1536660 kB
Buffers:           30716 kB
Cached:           280480 kB
MemTotal:        1844596 kB
MemFree:         1341660 kB
MemAvailable:    1536976 kB
Buffers:           30716 kB
Cached:           280480 kB
MemTotal:        1844596 kB
MemFree:         1340288 kB
MemAvailable:    1535604 kB
Buffers:           30716 kB
Cached:           280480 kB
MemTotal:        1844596 kB
MemFree:         1340584 kB
MemAvailable:    1535900 kB
Buffers:           30716 kB
Cached:           280480 kB
MemTotal:        1844596 kB
MemFree:         1339216 kB
MemAvailable:    1534532 kB
Buffers:           30716 kB
Cached:           280480 kB
MemTotal:        1844596 kB
MemFree:         1339208 kB
MemAvailable:    1534524 kB
Buffers:           30716 kB
Cached:           280480 kB
MemTotal:        1844596 kB
MemFree:         1340580 kB
MemAvailable:    1535896 kB
Buffers:           30716 kB
Cached:           280480 kB
MemTotal:        1844596 kB
MemFree:         1339460 kB
MemAvailable:    1534776 kB
Buffers:           30716 kB
Cached:           280480 kB
MemTotal:        1844596 kB
MemFree:         1340352 kB
MemAvailable:    1535668 kB
Buffers:           30716 kB
Cached:           280480 kB
MemTotal:        1844596 kB
MemFree:         1338848 kB
MemAvailable:    1534164 kB
Buffers:           30716 kB
Cached:           280480 kB
MemTotal:        1844596 kB
MemFree:         1338740 kB
MemAvailable:    1534056 kB
Buffers:           30716 kB
Cached:           280480 kB
MemTotal:        1844596 kB
MemFree:         1338484 kB
MemAvailable:    1533800 kB
Buffers:           30716 kB
Cached:           280480 kB
MemTotal:        1844596 kB
MemFree:         1338312 kB
MemAvailable:    1533628 kB
Buffers:           30716 kB
Cached:           280480 kB
MemTotal:        1844596 kB
MemFree:         1338304 kB
MemAvailable:    1533620 kB
Buffers:           30716 kB
Cached:           280480 kB
MemTotal:        1844596 kB
MemFree:         1339612 kB
MemAvailable:    1534928 kB
Buffers:           30716 kB
Cached:           280480 kB
MemTotal:        1844596 kB
MemFree:         1339540 kB
MemAvailable:    1534856 kB
Buffers:           30716 kB
Cached:           280480 kB
MemTotal:        1844596 kB
MemFree:         1339540 kB
MemAvailable:    1534856 kB
Buffers:           30716 kB
Cached:           280480 kB
MemTotal:        1844596 kB
MemFree:         1339620 kB
MemAvailable:    1534936 kB
Buffers:           30716 kB
Cached:           280480 kB
MemTotal:        1844596 kB
MemFree:         1338740 kB
MemAvailable:    1534056 kB
Buffers:           30716 kB
Cached:           280480 kB
MemTotal:        1844596 kB
MemFree:         1339556 kB
MemAvailable:    1534872 kB
Buffers:           30716 kB
Cached:           280480 kB
MemTotal:        1844596 kB
MemFree:         1338740 kB
MemAvailable:    1534056 kB
Buffers:           30716 kB
Cached:           280480 kB
MemTotal:        1844596 kB
MemFree:         1339608 kB
MemAvailable:    1534924 kB
Buffers:           30716 kB
Cached:           280480 kB
MemTotal:        1844596 kB
MemFree:         1339412 kB
MemAvailable:    1534728 kB
Buffers:           30716 kB
Cached:           280480 kB
MemTotal:        1844596 kB
MemFree:         1339112 kB
MemAvailable:    1534428 kB
Buffers:           30716 kB
Cached:           280480 kB
MemTotal:        1844596 kB
MemFree:         1339148 kB
MemAvailable:    1534464 kB
Buffers:           30716 kB
Cached:           280480 kB
MemTotal:        1844596 kB
MemFree:         1337588 kB
MemAvailable:    1532904 kB
Buffers:           30716 kB
Cached:           280480 kB
MemTotal:        1844596 kB
MemFree:         1337712 kB
MemAvailable:    1533028 kB
Buffers:           30716 kB
Cached:           280480 kB
MemTotal:        1844596 kB
MemFree:         1339012 kB
MemAvailable:    1534328 kB
Buffers:           30716 kB
Cached:           280480 kB
MemTotal:        1844596 kB
MemFree:         1338680 kB
MemAvailable:    1533996 kB
Buffers:           30716 kB
Cached:           280480 kB
MemTotal:        1844596 kB
MemFree:         1338848 kB
MemAvailable:    1534164 kB
Buffers:           30716 kB
Cached:           280480 kB
MemTotal:        1844596 kB
MemFree:         1337444 kB
MemAvailable:    1532760 kB
Buffers:           30716 kB
Cached:           280480 kB
MemTotal:        1844596 kB
MemFree:         1338684 kB
MemAvailable:    1534000 kB
Buffers:           30716 kB
Cached:           280480 kB
MemTotal:        1844596 kB
MemFree:         1337356 kB
MemAvailable:    1532672 kB
Buffers:           30716 kB
Cached:           280480 kB
MemTotal:        1844596 kB
MemFree:         1338616 kB
MemAvailable:    1533932 kB
Buffers:           30716 kB
Cached:           280480 kB
MemTotal:        1844596 kB
MemFree:         1338716 kB
MemAvailable:    1534032 kB
Buffers:           30716 kB
Cached:           280480 kB
MemTotal:        1844596 kB
MemFree:         1337220 kB
MemAvailable:    1532536 kB
Buffers:           30716 kB
Cached:           280480 kB
MemTotal:        1844596 kB
MemFree:         1336196 kB
MemAvailable:    1531512 kB
Buffers:           30716 kB
Cached:           280480 kB
MemTotal:        1844596 kB
MemFree:         1335392 kB
MemAvailable:    1530708 kB
Buffers:           30716 kB
Cached:           280480 kB
MemTotal:        1844596 kB
MemFree:         1331176 kB
MemAvailable:    1526492 kB
Buffers:           30716 kB
Cached:           280480 kB
MemTotal:        1844596 kB
MemFree:         1330060 kB
MemAvailable:    1525376 kB
Buffers:           30716 kB
Cached:           280480 kB
MemTotal:        1844596 kB
MemFree:         1331136 kB
MemAvailable:    1526452 kB
Buffers:           30716 kB
Cached:           280480 kB
MemTotal:        1844596 kB
MemFree:         1329676 kB
MemAvailable:    1524992 kB
Buffers:           30716 kB
Cached:           280480 kB
MemTotal:        1844596 kB
MemFree:         1329544 kB
MemAvailable:    1524860 kB
Buffers:           30716 kB
Cached:           280480 kB
MemTotal:        1844596 kB
MemFree:         1330852 kB
MemAvailable:    1526168 kB
Buffers:           30716 kB
Cached:           280480 kB
MemTotal:        1844596 kB
MemFree:         1330916 kB
MemAvailable:    1526232 kB
Buffers:           30716 kB
Cached:           280480 kB
MemTotal:        1844596 kB
MemFree:         1330976 kB
MemAvailable:    1526292 kB
Buffers:           30716 kB
Cached:           280480 kB
MemTotal:        1844596 kB
MemFree:         1329688 kB
MemAvailable:    1525004 kB
Buffers:           30716 kB
Cached:           280480 kB
MemTotal:        1844596 kB
MemFree:         1330928 kB
MemAvailable:    1526244 kB
Buffers:           30716 kB
Cached:           280480 kB
MemTotal:        1844596 kB
MemFree:         1330732 kB
MemAvailable:    1526048 kB
Buffers:           30716 kB
Cached:           280480 kB
MemTotal:        1844596 kB
MemFree:         1330652 kB
MemAvailable:    1525968 kB
Buffers:           30716 kB
Cached:           280480 kB
MemTotal:        1844596 kB
MemFree:         1330556 kB
MemAvailable:    1525872 kB
Buffers:           30716 kB
Cached:           280480 kB
MemTotal:        1844596 kB
MemFree:         1330684 kB
MemAvailable:    1526000 kB
Buffers:           30716 kB
Cached:           280480 kB
MemTotal:        1844596 kB
MemFree:         1330908 kB
MemAvailable:    1526224 kB
Buffers:           30716 kB
Cached:           280480 kB
MemTotal:        1844596 kB
MemFree:         1329316 kB
MemAvailable:    1524632 kB
Buffers:           30716 kB
Cached:           280480 kB
MemTotal:        1844596 kB
MemFree:         1330236 kB
MemAvailable:    1525552 kB
Buffers:           30716 kB
Cached:           280480 kB
MemTotal:        1844596 kB
MemFree:         1330036 kB
MemAvailable:    1525352 kB
Buffers:           30716 kB
Cached:           280480 kB
MemTotal:        1844596 kB
MemFree:         1328440 kB
MemAvailable:    1523756 kB
Buffers:           30716 kB
Cached:           280480 kB
MemTotal:        1844596 kB
MemFree:         1329276 kB
MemAvailable:    1524592 kB
Buffers:           30716 kB
Cached:           280480 kB
MemTotal:        1844596 kB
MemFree:         1328880 kB
MemAvailable:    1524196 kB
Buffers:           30716 kB
Cached:           280480 kB
MemTotal:        1844596 kB
MemFree:         1327812 kB
MemAvailable:    1523128 kB
Buffers:           30716 kB
Cached:           280480 kB
MemTotal:        1844596 kB
MemFree:         1327896 kB
MemAvailable:    1523212 kB
Buffers:           30716 kB
Cached:           280480 kB
MemTotal:        1844596 kB
MemFree:         1326444 kB
MemAvailable:    1521760 kB
Buffers:           30716 kB
Cached:           280480 kB
MemTotal:        1844596 kB
MemFree:         1327268 kB
MemAvailable:    1522584 kB
Buffers:           30716 kB
Cached:           280480 kB
MemTotal:        1844596 kB
MemFree:         1325960 kB
MemAvailable:    1521276 kB
Buffers:           30716 kB
Cached:           280480 kB
MemTotal:        1844596 kB
MemFree:         1327020 kB
MemAvailable:    1522336 kB
Buffers:           30716 kB
Cached:           280480 kB
MemTotal:        1844596 kB
MemFree:         1325460 kB
MemAvailable:    1520776 kB
Buffers:           30716 kB
Cached:           280480 kB
MemTotal:        1844596 kB
MemFree:         1325536 kB
MemAvailable:    1520852 kB
Buffers:           30716 kB
Cached:           280480 kB
MemTotal:        1844596 kB
MemFree:         1325536 kB
MemAvailable:    1520852 kB
Buffers:           30716 kB
Cached:           280480 kB
MemTotal:        1844596 kB
MemFree:         1325536 kB
MemAvailable:    1520852 kB
Buffers:           30716 kB
Cached:           280480 kB
MemTotal:        1844596 kB
MemFree:         1325536 kB
MemAvailable:    1520852 kB
Buffers:           30716 kB
Cached:           280480 kB
MemTotal:        1844596 kB
MemFree:         1325784 kB
MemAvailable:    1521100 kB
Buffers:           30716 kB
Cached:           280480 kB
MemTotal:        1844596 kB
MemFree:         1326208 kB
MemAvailable:    1521532 kB
Buffers:           30716 kB
Cached:           280488 kB
MemTotal:        1844596 kB
MemFree:         1326292 kB
MemAvailable:    1521616 kB
Buffers:           30716 kB
Cached:           280488 kB
MemTotal:        1844596 kB
MemFree:         1324804 kB
MemAvailable:    1520128 kB
Buffers:           30716 kB
Cached:           280488 kB
MemTotal:        1844596 kB
MemFree:         1319032 kB
MemAvailable:    1514356 kB
Buffers:           30716 kB
Cached:           280488 kB
MemTotal:        1844596 kB
MemFree:         1317620 kB
MemAvailable:    1512944 kB
Buffers:           30716 kB
Cached:           280488 kB
MemTotal:        1844596 kB
MemFree:         1317620 kB
MemAvailable:    1512944 kB
Buffers:           30716 kB
Cached:           280488 kB
MemTotal:        1844596 kB
MemFree:         1317740 kB
MemAvailable:    1513064 kB
Buffers:           30716 kB
Cached:           280488 kB
MemTotal:        1844596 kB
MemFree:         1318944 kB
MemAvailable:    1514268 kB
Buffers:           30716 kB
Cached:           280488 kB
MemTotal:        1844596 kB
MemFree:         1318628 kB
MemAvailable:    1513952 kB
Buffers:           30716 kB
Cached:           280488 kB
MemTotal:        1844596 kB
MemFree:         1320644 kB
MemAvailable:    1515968 kB
Buffers:           30720 kB
Cached:           280484 kB
MemTotal:        1844596 kB
MemFree:         1320388 kB
MemAvailable:    1515796 kB
Buffers:           30720 kB
Cached:           280608 kB
MemTotal:        1844596 kB
MemFree:         1320184 kB
MemAvailable:    1515760 kB
Buffers:           30720 kB
Cached:           280732 kB
MemTotal:        1844596 kB
MemFree:         1319944 kB
MemAvailable:    1515688 kB
Buffers:           30720 kB
Cached:           280856 kB
MemTotal:        1844596 kB
MemFree:         1320112 kB
MemAvailable:    1515856 kB
Buffers:           30720 kB
Cached:           280856 kB
MemTotal:        1844596 kB
MemFree:         1318492 kB
MemAvailable:    1514320 kB
Buffers:           30720 kB
Cached:           280980 kB
MemTotal:        1844596 kB
MemFree:         1319776 kB
MemAvailable:    1515688 kB
Buffers:           30720 kB
Cached:           281104 kB
MemTotal:        1844596 kB
MemFree:         1318660 kB
MemAvailable:    1514572 kB
Buffers:           30720 kB
Cached:           281104 kB
MemTotal:        1844596 kB
MemFree:         1319784 kB
MemAvailable:    1515696 kB
Buffers:           30720 kB
Cached:           281104 kB
MemTotal:        1844596 kB
MemFree:         1318224 kB
MemAvailable:    1514136 kB
Buffers:           30720 kB
Cached:           281104 kB
MemTotal:        1844596 kB
MemFree:         1319892 kB
MemAvailable:    1515804 kB
Buffers:           30720 kB
Cached:           281104 kB
MemTotal:        1844596 kB
MemFree:         1319712 kB
MemAvailable:    1515624 kB
Buffers:           30720 kB
Cached:           281104 kB
MemTotal:        1844596 kB
MemFree:         1319636 kB
MemAvailable:    1515548 kB
Buffers:           30720 kB
Cached:           281104 kB
MemTotal:        1844596 kB
MemFree:         1319888 kB
MemAvailable:    1515800 kB
Buffers:           30720 kB
Cached:           281104 kB
MemTotal:        1844596 kB
MemFree:         1320248 kB
MemAvailable:    1515572 kB
Buffers:           30720 kB
Cached:           280472 kB
MemTotal:        1844596 kB
MemFree:         1320468 kB
MemAvailable:    1515792 kB
Buffers:           30720 kB
Cached:           280472 kB
