MemTotal:        1844596 kB
MemFree:         1194212 kB
MemAvailable:    1563060 kB
Buffers:           54180 kB
Cached:           426636 kB
MemTotal:        1844596 kB
MemFree:         1165220 kB
MemAvailable:    1534076 kB
Buffers:           54180 kB
Cached:           426640 kB
MemTotal:        1844596 kB
MemFree:         1164352 kB
MemAvailable:    1533208 kB
Buffers:           54180 kB
Cached:           426640 kB
MemTotal:        1844596 kB
MemFree:         1162684 kB
MemAvailable:    1531540 kB
Buffers:           54180 kB
Cached:           426640 kB
MemTotal:        1844596 kB
MemFree:         1161748 kB
MemAvailable:    1530604 kB
Buffers:           54180 kB
Cached:           426640 kB
MemTotal:        1844596 kB
MemFree:         1161980 kB
MemAvailable:    1530836 kB
Buffers:           54180 kB
Cached:           426640 kB
MemTotal:        1844596 kB
MemFree:         1161872 kB
MemAvailable:    1530728 kB
Buffers:           54180 kB
Cached:           426640 kB
MemTotal:        1844596 kB
MemFree:         1158640 kB
MemAvailable:    1527496 kB
Buffers:           54180 kB
Cached:           426640 kB
MemTotal:        1844596 kB
MemFree:         1155796 kB
MemAvailable:    1524652 kB
Buffers:           54180 kB
Cached:           426640 kB
MemTotal:        1844596 kB
MemFree:         1151200 kB
MemAvailable:    1520056 kB
Buffers:           54180 kB
Cached:           426640 kB
MemTotal:        1844596 kB
MemFree:         1151752 kB
MemAvailable:    1520608 kB
Buffers:           54180 kB
Cached:           426640 kB
MemTotal:        1844596 kB
MemFree:         1151876 kB
MemAvailable:    1520732 kB
Buffers:           54180 kB
Cached:           426640 kB
MemTotal:        1844596 kB
MemFree:         1153088 kB
MemAvailable:    1521944 kB
Buffers:           54180 kB
Cached:           426640 kB
MemTotal:        1844596 kB
MemFree:         1152324 kB
MemAvailable:    1521180 kB
Buffers:           54180 kB
Cached:           426640 kB
MemTotal:        1844596 kB
MemFree:         1152888 kB
MemAvailable:    1521744 kB
Buffers:           54180 kB
Cached:           426640 kB
MemTotal:        1844596 kB
MemFree:         1152696 kB
MemAvailable:    1521552 kB
Buffers:           54180 kB
Cached:           426640 kB
MemTotal:        1844596 kB
MemFree:         1152384 kB
MemAvailable:    1521240 kB
Buffers:           54180 kB
Cached:           426640 kB
MemTotal:        1844596 kB
MemFree:         1151448 kB
MemAvailable:    1520304 kB
Buffers:           54180 kB
Cached:           426640 kB
MemTotal:        1844596 kB
MemFree:         1150648 kB
MemAvailable:    1519504 kB
Buffers:           54180 kB
Cached:           426640 kB
MemTotal:        1844596 kB
MemFree:         1150564 kB
MemAvailable:    1519420 kB
Buffers:           54180 kB
Cached:           426640 kB
MemTotal:        1844596 kB
MemFree:         1150816 kB
MemAvailable:    1519672 kB
Buffers:           54180 kB
Cached:           426640 kB
MemTotal:        1844596 kB
MemFree:         1150532 kB
MemAvailable:    1519388 kB
Buffers:           54180 kB
Cached:           426640 kB
MemTotal:        1844596 kB
MemFree:         1149412 kB
MemAvailable:    1518268 kB
Buffers:           54180 kB
Cached:           426640 kB
MemTotal:        1844596 kB
MemFree:         1150564 kB
MemAvailable:    1519420 kB
Buffers:           54180 kB
Cached:           426640 kB
MemTotal:        1844596 kB
MemFree:         1150412 kB
MemAvailable:    1519268 kB
Buffers:           54180 kB
Cached:           426640 kB
MemTotal:        1844596 kB
MemFree:         1150664 kB
MemAvailable:    1519520 kB
Buffers:           54180 kB
Cached:           426640 kB
MemTotal:        1844596 kB
MemFree:         1150628 kB
MemAvailable:    1519484 kB
Buffers:           54180 kB
Cached:           426640 kB
MemTotal:        1844596 kB
MemFree:         1149720 kB
MemAvailable:    1518576 kB
Buffers:           54180 kB
Cached:           426640 kB
MemTotal:        1844596 kB
MemFree:         1151740 kB
MemAvailable:    1520596 kB
Buffers:           54180 kB
Cached:           426640 kB
MemTotal:        1844596 kB
MemFree:         1152076 kB
MemAvailable:    1520932 kB
Buffers:           54180 kB
Cached:           426640 kB
MemTotal:        1844596 kB
MemFree:         1150084 kB
MemAvailable:    1518940 kB
Buffers:           54180 kB
Cached:           426640 kB
MemTotal:        1844596 kB
MemFree:         1149392 kB
MemAvailable:    1518248 kB
Buffers:           54180 kB
Cached:           426640 kB
MemTotal:        1844596 kB
MemFree:         1147232 kB
MemAvailable:    1516088 kB
Buffers:           54180 kB
Cached:           426640 kB
MemTotal:        1844596 kB
MemFree:         1147472 kB
MemAvailable:    1516328 kB
Buffers:           54180 kB
Cached:           426640 kB
MemTotal:        1844596 kB
MemFree:         1147808 kB
MemAvailable:    1516664 kB
Buffers:           54180 kB
Cached:           426640 kB
MemTotal:        1844596 kB
MemFree:         1147424 kB
MemAvailable:    1516280 kB
Buffers:           54180 kB
Cached:           426640 kB
MemTotal:        1844596 kB
MemFree:         1145380 kB
MemAvailable:    1514236 kB
Buffers:           54180 kB
Cached:           426640 kB
MemTotal:        1844596 kB
MemFree:         1146416 kB
MemAvailable:    1515272 kB
Buffers:           54180 kB
Cached:           426640 kB
MemTotal:        1844596 kB
MemFree:         1146712 kB
MemAvailable:    1515568 kB
Buffers:           54180 kB
Cached:           426640 kB
MemTotal:        1844596 kB
MemFree:         1145112 kB
MemAvailable:    1513968 kB
Buffers:           54180 kB
Cached:           426640 kB
MemTotal:        1844596 kB
MemFree:         1146296 kB
MemAvailable:    1515152 kB
Buffers:           54180 kB
Cached:           426640 kB
MemTotal:        1844596 kB
MemFree:         1146000 kB
MemAvailable:    1514856 kB
Buffers:           54180 kB
Cached:           426640 kB
MemTotal:        1844596 kB
MemFree:         1146252 kB
MemAvailable:    1515108 kB
Buffers:           54180 kB
Cached:           426640 kB
MemTotal:        1844596 kB
MemFree:         1146316 kB
MemAvailable:    1515172 kB
Buffers:           54180 kB
Cached:           426640 kB
MemTotal:        1844596 kB
MemFree:         1144636 kB
MemAvailable:    1513492 kB
Buffers:           54180 kB
Cached:           426640 kB
MemTotal:        1844596 kB
MemFree:         1144504 kB
MemAvailable:    1513364 kB
Buffers:           54180 kB
Cached:           426644 kB
MemTotal:        1844596 kB
MemFree:         1143992 kB
MemAvailable:    1512852 kB
Buffers:           54180 kB
Cached:           426644 kB
MemTotal:        1844596 kB
MemFree:         1145376 kB
MemAvailable:    1514236 kB
Buffers:           54180 kB
Cached:           426644 kB
MemTotal:        1844596 kB
MemFree:         1144236 kB
MemAvailable:    1513096 kB
Buffers:           54180 kB
Cached:           426644 kB
MemTotal:        1844596 kB
MemFree:         1144104 kB
MemAvailable:    1512964 kB
Buffers:           54180 kB
Cached:           426644 kB
MemTotal:        1844596 kB
MemFree:         1145536 kB
MemAvailable:    1514396 kB
Buffers:           54180 kB
Cached:           426644 kB
MemTotal:        1844596 kB
MemFree:         1144264 kB
MemAvailable:    1513124 kB
Buffers:           54180 kB
Cached:           426644 kB
MemTotal:        1844596 kB
MemFree:         1144388 kB
MemAvailable:    1513248 kB
Buffers:           54180 kB
Cached:           426644 kB
MemTotal:        1844596 kB
MemFree:         1144380 kB
MemAvailable:    1513240 kB
Buffers:           54180 kB
Cached:           426644 kB
MemTotal:        1844596 kB
MemFree:         1145672 kB
MemAvailable:    1514532 kB
Buffers:           54180 kB
Cached:           426644 kB
MemTotal:        1844596 kB
MemFree:         1145112 kB
MemAvailable:    1513972 kB
Buffers:           54180 kB
Cached:           426644 kB
MemTotal:        1844596 kB
MemFree:         1144960 kB
MemAvailable:    1513820 kB
Buffers:           54180 kB
Cached:           426644 kB
MemTotal:        1844596 kB
MemFree:         1145084 kB
MemAvailable:    1513944 kB
Buffers:           54180 kB
Cached:           426644 kB
MemTotal:        1844596 kB
MemFree:         1144640 kB
MemAvailable:    1513500 kB
Buffers:           54180 kB
Cached:           426644 kB
MemTotal:        1844596 kB
MemFree:         1144476 kB
MemAvailable:    1513336 kB
Buffers:           54180 kB
Cached:           426644 kB
MemTotal:        1844596 kB
MemFree:         1143520 kB
MemAvailable:    1512380 kB
Buffers:           54180 kB
Cached:           426644 kB
MemTotal:        1844596 kB
MemFree:         1144300 kB
MemAvailable:    1513160 kB
Buffers:           54180 kB
Cached:           426644 kB
MemTotal:        1844596 kB
MemFree:         1143216 kB
MemAvailable:    1512076 kB
Buffers:           54180 kB
Cached:           426644 kB
MemTotal:        1844596 kB
MemFree:         1144312 kB
MemAvailable:    1513172 kB
Buffers:           54180 kB
Cached:           426644 kB
MemTotal:        1844596 kB
MemFree:         1144564 kB
MemAvailable:    1513424 kB
Buffers:           54180 kB
Cached:           426644 kB
MemTotal:        1844596 kB
MemFree:         1144560 kB
MemAvailable:    1513420 kB
Buffers:           54180 kB
Cached:           426644 kB
MemTotal:        1844596 kB
MemFree:         1144312 kB
MemAvailable:    1513172 kB
Buffers:           54180 kB
Cached:           426644 kB
MemTotal:        1844596 kB
MemFree:         1143088 kB
MemAvailable:    1511948 kB
Buffers:           54180 kB
Cached:           426644 kB
MemTotal:        1844596 kB
MemFree:         1144504 kB
MemAvailable:    1513364 kB
Buffers:           54180 kB
Cached:           426644 kB
MemTotal:        1844596 kB
MemFree:         1142556 kB
MemAvailable:    1511416 kB
Buffers:           54180 kB
Cached:           426644 kB
MemTotal:        1844596 kB
MemFree:         1139132 kB
MemAvailable:    1507992 kB
Buffers:           54180 kB
Cached:           426644 kB
MemTotal:        1844596 kB
MemFree:         1138404 kB
MemAvailable:    1507264 kB
Buffers:           54180 kB
Cached:           426644 kB
MemTotal:        1844596 kB
MemFree:         1137100 kB
MemAvailable:    1505960 kB
Buffers:           54180 kB
Cached:           426644 kB
MemTotal:        1844596 kB
MemFree:         1136728 kB
MemAvailable:    1505588 kB
Buffers:           54180 kB
Cached:           426644 kB
MemTotal:        1844596 kB
MemFree:         1135420 kB
MemAvailable:    1504280 kB
Buffers:           54180 kB
Cached:           426644 kB
MemTotal:        1844596 kB
MemFree:         1136396 kB
MemAvailable:    1505256 kB
Buffers:           54180 kB
Cached:           426644 kB
MemTotal:        1844596 kB
MemFree:         1136732 kB
MemAvailable:    1505592 kB
Buffers:           54180 kB
Cached:           426644 kB
MemTotal:        1844596 kB
MemFree:         1136716 kB
MemAvailable:    1505576 kB
Buffers:           54180 kB
Cached:           426644 kB
MemTotal:        1844596 kB
MemFree:         1136460 kB
MemAvailable:    1505320 kB
Buffers:           54180 kB
Cached:           426644 kB
MemTotal:        1844596 kB
MemFree:         1136728 kB
MemAvailable:    1505588 kB
Buffers:           54180 kB
Cached:           426644 kB
MemTotal:        1844596 kB
MemFree:         1136628 kB
MemAvailable:    1505488 kB
Buffers:           54180 kB
Cached:           426644 kB
MemTotal:        1844596 kB
MemFree:         1136388 kB
MemAvailable:    1505248 kB
Buffers:           54180 kB
Cached:           426644 kB
MemTotal:        1844596 kB
MemFree:         1135232 kB
MemAvailable:    1504092 kB
Buffers:           54180 kB
Cached:           426644 kB
MemTotal:        1844596 kB
MemFree:         1136332 kB
MemAvailable:    1505192 kB
Buffers:           54180 kB
Cached:           426644 kB
MemTotal:        1844596 kB
MemFree:         1136500 kB
MemAvailable:    1505360 kB
Buffers:           54180 kB
Cached:           426644 kB
MemTotal:        1844596 kB
MemFree:         1136592 kB
MemAvailable:    1505452 kB
Buffers:           54180 kB
Cached:           426644 kB
MemTotal:        1844596 kB
MemFree:         1135056 kB
MemAvailable:    1503916 kB
Buffers:           54180 kB
Cached:           426644 kB
MemTotal:        1844596 kB
MemFree:         1134800 kB
MemAvailable:    1503660 kB
Buffers:           54180 kB
Cached:           426644 kB
MemTotal:        1844596 kB
MemFree:         1134684 kB
MemAvailable:    1503544 kB
Buffers:           54180 kB
Cached:           426644 kB
MemTotal:        1844596 kB
MemFree:         1134180 kB
MemAvailable:    1503040 kB
Buffers:           54180 kB
Cached:           426644 kB
MemTotal:        1844596 kB
MemFree:         1134992 kB
MemAvailable:    1503852 kB
Buffers:           54180 kB
Cached:           426644 kB
MemTotal:        1844596 kB
MemFree:         1133180 kB
MemAvailable:    1502040 kB
Buffers:           54180 kB
Cached:           426644 kB
MemTotal:        1844596 kB
MemFree:         1132576 kB
MemAvailable:    1501436 kB
Buffers:           54180 kB
Cached:           426644 kB
MemTotal:        1844596 kB
MemFree:         1133552 kB
MemAvailable:    1502412 kB
Buffers:           54180 kB
Cached:           426644 kB
MemTotal:        1844596 kB
MemFree:         1132824 kB
MemAvailable:    1501684 kB
Buffers:           54180 kB
Cached:           426644 kB
MemTotal:        1844596 kB
MemFree:         1132808 kB
MemAvailable:    1501668 kB
Buffers:           54180 kB
Cached:           426644 kB
MemTotal:        1844596 kB
MemFree:         1132824 kB
MemAvailable:    1501684 kB
Buffers:           54180 kB
Cached:           426644 kB
MemTotal:        1844596 kB
MemFree:         1132880 kB
MemAvailable:    1501740 kB
Buffers:           54180 kB
Cached:           426644 kB
MemTotal:        1844596 kB
MemFree:         1132576 kB
MemAvailable:    1501436 kB
Buffers:           54180 kB
Cached:           426644 kB
MemTotal:        1844596 kB
MemFree:         1132744 kB
MemAvailable:    1501604 kB
Buffers:           54180 kB
Cached:           426644 kB
MemTotal:        1844596 kB
MemFree:         1132552 kB
MemAvailable:    1501412 kB
Buffers:           54180 kB
Cached:           426644 kB
MemTotal:        1844596 kB
MemFree:         1132496 kB
MemAvailable:    1501356 kB
Buffers:           54180 kB
Cached:           426644 kB
MemTotal:        1844596 kB
MemFree:         1132576 kB
MemAvailable:    1501436 kB
Buffers:           54180 kB
Cached:           426644 kB
MemTotal:        1844596 kB
MemFree:         1132520 kB
MemAvailable:    1501380 kB
Buffers:           54180 kB
Cached:           426644 kB
MemTotal:        1844596 kB
MemFree:         1132520 kB
MemAvailable:    1501380 kB
Buffers:           54180 kB
Cached:           426644 kB
MemTotal:        1844596 kB
MemFree:         1132832 kB
MemAvailable:    1501692 kB
Buffers:           54180 kB
Cached:           426644 kB
MemTotal:        1844596 kB
MemFree:         1131440 kB
MemAvailable:    1500300 kB
Buffers:           54180 kB
Cached:           426644 kB
MemTotal:        1844596 kB
MemFree:         1132264 kB
MemAvailable:    1501124 kB
Buffers:           54180 kB
Cached:           426644 kB
MemTotal:        1844596 kB
MemFree:         1131088 kB
MemAvailable:    1499948 kB
Buffers:           54180 kB
Cached:           426644 kB
MemTotal:        1844596 kB
MemFree:         1132308 kB
MemAvailable:    1501168 kB
Buffers:           54180 kB
Cached:           426644 kB
MemTotal:        1844596 kB
MemFree:         1129052 kB
MemAvailable:    1497912 kB
Buffers:           54180 kB
Cached:           426644 kB
MemTotal:        1844596 kB
MemFree:         1124748 kB
MemAvailable:    1493608 kB
Buffers:           54180 kB
Cached:           426644 kB
MemTotal:        1844596 kB
MemFree:         1124748 kB
MemAvailable:    1493608 kB
Buffers:           54180 kB
Cached:           426644 kB
MemTotal:        1844596 kB
MemFree:         1123464 kB
MemAvailable:    1492324 kB
Buffers:           54180 kB
Cached:           426644 kB
MemTotal:        1844596 kB
MemFree:         1124676 kB
MemAvailable:    1493536 kB
Buffers:           54180 kB
Cached:           426644 kB
MemTotal:        1844596 kB
MemFree:         1123460 kB
MemAvailable:    1492320 kB
Buffers:           54180 kB
Cached:           426644 kB
MemTotal:        1844596 kB
MemFree:         1124860 kB
MemAvailable:    1493720 kB
Buffers:           54180 kB
Cached:           426644 kB
MemTotal:        1844596 kB
MemFree:         1125552 kB
MemAvailable:    1494420 kB
Buffers:           54180 kB
Cached:           426652 kB
MemTotal:        1844596 kB
MemFree:         1126376 kB
MemAvailable:    1495244 kB
Buffers:           54180 kB
Cached:           426652 kB
MemTotal:        1844596 kB
MemFree:         1125136 kB
MemAvailable:    1494088 kB
Buffers:           54180 kB
Cached:           426776 kB
MemTotal:        1844596 kB
MemFree:         1125884 kB
MemAvailable:    1494920 kB
Buffers:           54180 kB
Cached:           426900 kB
MemTotal:        1844596 kB
MemFree:         1124888 kB
MemAvailable:    1494008 kB
Buffers:           54180 kB
Cached:           426900 kB
MemTotal:        1844596 kB
MemFree:         1125604 kB
MemAvailable:    1494892 kB
Buffers:           54180 kB
Cached:           427024 kB
MemTotal:        1844596 kB
MemFree:         1125688 kB
MemAvailable:    1494976 kB
Buffers:           54180 kB
Cached:           427024 kB
MemTotal:        1844596 kB
MemFree:         1125576 kB
MemAvailable:    1495032 kB
Buffers:           54180 kB
Cached:           427272 kB
MemTotal:        1844596 kB
MemFree:         1125500 kB
MemAvailable:    1494956 kB
Buffers:           54180 kB
Cached:           427272 kB
MemTotal:        1844596 kB
MemFree:         1125544 kB
MemAvailable:    1495000 kB
Buffers:           54180 kB
Cached:           427272 kB
MemTotal:        1844596 kB
MemFree:         1124236 kB
MemAvailable:    1493692 kB
Buffers:           54180 kB
Cached:           427272 kB
MemTotal:        1844596 kB
MemFree:         1125356 kB
MemAvailable:    1494812 kB
Buffers:           54180 kB
Cached:           427272 kB
MemTotal:        1844596 kB
MemFree:         1124104 kB
MemAvailable:    1493644 kB
Buffers:           54180 kB
Cached:           427272 kB
MemTotal:        1844596 kB
MemFree:         1124012 kB
MemAvailable:    1493552 kB
Buffers:           54180 kB
Cached:           427272 kB
MemTotal:        1844596 kB
MemFree:         1125244 kB
MemAvailable:    1494784 kB
Buffers:           54180 kB
Cached:           427272 kB
MemTotal:        1844596 kB
MemFree:         1125328 kB
MemAvailable:    1494868 kB
Buffers:           54180 kB
Cached:           427272 kB
MemTotal:        1844596 kB
MemFree:         1125624 kB
MemAvailable:    1494576 kB
Buffers:           54180 kB
Cached:           426640 kB
MemTotal:        1844596 kB
MemFree:         1124840 kB
MemAvailable:    1493792 kB
Buffers:           54180 kB
Cached:           426640 kB
MemTotal:        1844596 kB
MemFree:         1193932 kB
MemAvailable:    1562808 kB
Buffers:           54180 kB
Cached:           426660 kB
