MemTotal:        1844596 kB
MemFree:         1241436 kB
MemAvailable:    1564756 kB
Buffers:           48688 kB
Cached:           390104 kB
MemTotal:        1844596 kB
MemFree:         1214860 kB
MemAvailable:    1538184 kB
Buffers:           48688 kB
Cached:           390108 kB
MemTotal:        1844596 kB
MemFree:         1212512 kB
MemAvailable:    1535836 kB
Buffers:           48688 kB
Cached:           390108 kB
MemTotal:        1844596 kB
MemFree:         1212256 kB
MemAvailable:    1535580 kB
Buffers:           48688 kB
Cached:           390108 kB
MemTotal:        1844596 kB
MemFree:         1209528 kB
MemAvailable:    1532852 kB
Buffers:           48688 kB
Cached:           390108 kB
MemTotal:        1844596 kB
MemFree:         1209148 kB
MemAvailable:    1532472 kB
Buffers:           48688 kB
Cached:           390108 kB
MemTotal:        1844596 kB
MemFree:         1208544 kB
MemAvailable:    1531868 kB
Buffers:           48688 kB
Cached:           390108 kB
MemTotal:        1844596 kB
MemFree:         1206496 kB
MemAvailable:    1529820 kB
Buffers:           48688 kB
Cached:           390108 kB
MemTotal:        1844596 kB
MemFree:         1203708 kB
MemAvailable:    1527032 kB
Buffers:           48688 kB
Cached:           390108 kB
MemTotal:        1844596 kB
MemFree:         1200668 kB
MemAvailable:    1523992 kB
Buffers:           48688 kB
Cached:           390108 kB
MemTotal:        1844596 kB
MemFree:         1200872 kB
MemAvailable:    1524196 kB
Buffers:           48688 kB
Cached:           390108 kB
MemTotal:        1844596 kB
MemFree:         1200656 kB
MemAvailable:    1523980 kB
Buffers:           48688 kB
Cached:           390108 kB
MemTotal:        1844596 kB
MemFree:         1200704 kB
MemAvailable:    1524028 kB
Buffers:           48688 kB
Cached:           390108 kB
MemTotal:        1844596 kB
MemFree:         1199492 kB
MemAvailable:    1522816 kB
Buffers:           48688 kB
Cached:           390108 kB
MemTotal:        1844596 kB
MemFree:         1200668 kB
MemAvailable:    1523992 kB
Buffers:           48688 kB
Cached:           390108 kB
MemTotal:        1844596 kB
MemFree:         1199492 kB
MemAvailable:    1522816 kB
Buffers:           48688 kB
Cached:           390108 kB
MemTotal:        1844596 kB
MemFree:         1198252 kB
MemAvailable:    1521576 kB
Buffers:           48688 kB
Cached:           390108 kB
MemTotal:        1844596 kB
MemFree:         1198552 kB
MemAvailable:    1521876 kB
Buffers:           48688 kB
Cached:           390108 kB
MemTotal:        1844596 kB
MemFree:         1197384 kB
MemAvailable:    1520708 kB
Buffers:           48688 kB
Cached:           390108 kB
MemTotal:        1844596 kB
MemFree:         1198360 kB
MemAvailable:    1521684 kB
Buffers:           48688 kB
Cached:           390108 kB
MemTotal:        1844596 kB
MemFree:         1198444 kB
MemAvailable:    1521768 kB
Buffers:           48688 kB
Cached:           390108 kB
MemTotal:        1844596 kB
MemFree:         1196956 kB
MemAvailable:    1520280 kB
Buffers:           48688 kB
Cached:           390108 kB
MemTotal:        1844596 kB
MemFree:         1197004 kB
MemAvailable:    1520328 kB
Buffers:           48688 kB
Cached:           390108 kB
MemTotal:        1844596 kB
MemFree:         1198132 kB
MemAvailable:    1521456 kB
Buffers:           48688 kB
Cached:           390108 kB
MemTotal:        1844596 kB
MemFree:         1196952 kB
MemAvailable:    1520276 kB
Buffers:           48688 kB
Cached:           390108 kB
MemTotal:        1844596 kB
MemFree:         1197076 kB
MemAvailable:    1520400 kB
Buffers:           48688 kB
Cached:           390108 kB
MemTotal:        1844596 kB
MemFree:         1198204 kB
MemAvailable:    1521528 kB
Buffers:           48688 kB
Cached:           390108 kB
MemTotal:        1844596 kB
MemFree:         1199596 kB
MemAvailable:    1522920 kB
Buffers:           48688 kB
Cached:           390108 kB
MemTotal:        1844596 kB
MemFree:         1199236 kB
MemAvailable:    1522560 kB
Buffers:           48688 kB
Cached:           390108 kB
MemTotal:        1844596 kB
MemFree:         1195276 kB
MemAvailable:    1518600 kB
Buffers:           48688 kB
Cached:           390108 kB
MemTotal:        1844596 kB
MemFree:         1194772 kB
MemAvailable:    1518096 kB
Buffers:           48688 kB
Cached:           390108 kB
MemTotal:        1844596 kB
MemFree:         1194408 kB
MemAvailable:    1517732 kB
Buffers:           48688 kB
Cached:           390108 kB
MemTotal:        1844596 kB
MemFree:         1194772 kB
MemAvailable:    1518096 kB
Buffers:           48688 kB
Cached:           390108 kB
MemTotal:        1844596 kB
MemFree:         1194592 kB
MemAvailable:    1517916 kB
Buffers:           48688 kB
Cached:           390108 kB
MemTotal:        1844596 kB
MemFree:         1193168 kB
MemAvailable:    1516492 kB
Buffers:           48688 kB
Cached:           390108 kB
MemTotal:        1844596 kB
MemFree:         1194080 kB
MemAvailable:    1517404 kB
Buffers:           48688 kB
Cached:           390108 kB
MemTotal:        1844596 kB
MemFree:         1193840 kB
MemAvailable:    1517164 kB
Buffers:           48688 kB
Cached:           390108 kB
MemTotal:        1844596 kB
MemFree:         1193652 kB
MemAvailable:    1516976 kB
Buffers:           48688 kB
Cached:           390108 kB
MemTotal:        1844596 kB
MemFree:         1192640 kB
MemAvailable:    1515964 kB
Buffers:           48688 kB
Cached:           390108 kB
MemTotal:        1844596 kB
MemFree:         1192896 kB
MemAvailable:    1516220 kB
Buffers:           48688 kB
Cached:           390108 kB
MemTotal:        1844596 kB
MemFree:         1194016 kB
MemAvailable:    1517340 kB
Buffers:           48688 kB
Cached:           390108 kB
MemTotal:        1844596 kB
MemFree:         1193616 kB
MemAvailable:    1516940 kB
Buffers:           48688 kB
Cached:           390108 kB
MemTotal:        1844596 kB
MemFree:         1191788 kB
MemAvailable:    1515112 kB
Buffers:           48688 kB
Cached:           390108 kB
MemTotal:        1844596 kB
MemFree:         1193048 kB
MemAvailable:    1516372 kB
Buffers:           48688 kB
Cached:           390108 kB
MemTotal:        1844596 kB
MemFree:         1192968 kB
MemAvailable:    1516292 kB
Buffers:           48688 kB
Cached:           390108 kB
MemTotal:        1844596 kB
MemFree:         1193044 kB
MemAvailable:    1516368 kB
Buffers:           48688 kB
Cached:           390108 kB
MemTotal:        1844596 kB
MemFree:         1192988 kB
MemAvailable:    1516312 kB
Buffers:           48688 kB
Cached:           390108 kB
MemTotal:        1844596 kB
MemFree:         1192300 kB
MemAvailable:    1515624 kB
Buffers:           48688 kB
Cached:           390108 kB
MemTotal:        1844596 kB
MemFree:         1193472 kB
MemAvailable:    1516796 kB
Buffers:           48688 kB
Cached:           390108 kB
MemTotal:        1844596 kB
MemFree:         1192044 kB
MemAvailable:    1515368 kB
Buffers:           48688 kB
Cached:           390108 kB
MemTotal:        1844596 kB
MemFree:         1192168 kB
MemAvailable:    1515492 kB
Buffers:           48688 kB
Cached:           390108 kB
MemTotal:        1844596 kB
MemFree:         1192168 kB
MemAvailable:    1515492 kB
Buffers:           48688 kB
Cached:           390108 kB
MemTotal:        1844596 kB
MemFree:         1191928 kB
MemAvailable:    1515252 kB
Buffers:           48688 kB
Cached:           390108 kB
MemTotal:        1844596 kB
MemFree:         1192848 kB
MemAvailable:    1516172 kB
Buffers:           48688 kB
Cached:           390108 kB
MemTotal:        1844596 kB
MemFree:         1191556 kB
MemAvailable:    1514880 kB
Buffers:           48688 kB
Cached:           390108 kB
MemTotal:        1844596 kB
MemFree:         1192484 kB
MemAvailable:    1515808 kB
Buffers:           48688 kB
Cached:           390108 kB
MemTotal:        1844596 kB
MemFree:         1191052 kB
MemAvailable:    1514376 kB
Buffers:           48688 kB
Cached:           390108 kB
MemTotal:        1844596 kB
MemFree:         1190796 kB
MemAvailable:    1514120 kB
Buffers:           48688 kB
Cached:           390108 kB
MemTotal:        1844596 kB
MemFree:         1190796 kB
MemAvailable:    1514120 kB
Buffers:           48688 kB
Cached:           390108 kB
MemTotal:        1844596 kB
MemFree:         1191044 kB
MemAvailable:    1514368 kB
Buffers:           48688 kB
Cached:           390108 kB
MemTotal:        1844596 kB
MemFree:         1192284 kB
MemAvailable:    1515608 kB
Buffers:           48688 kB
Cached:           390108 kB
MemTotal:        1844596 kB
MemFree:         1190872 kB
MemAvailable:    1514196 kB
Buffers:           48688 kB
Cached:           390108 kB
MemTotal:        1844596 kB
MemFree:         1192148 kB
MemAvailable:    1515472 kB
Buffers:           48688 kB
Cached:           390108 kB
MemTotal:        1844596 kB
MemFree:         1190856 kB
MemAvailable:    1514180 kB
Buffers:           48688 kB
Cached:           390108 kB
MemTotal:        1844596 kB
MemFree:         1189880 kB
MemAvailable:    1513204 kB
Buffers:           48688 kB
Cached:           390108 kB
MemTotal:        1844596 kB
MemFree:         1186348 kB
MemAvailable:    1509672 kB
Buffers:           48688 kB
Cached:           390108 kB
MemTotal:        1844596 kB
MemFree:         1184596 kB
MemAvailable:    1507920 kB
Buffers:           48688 kB
Cached:           390108 kB
MemTotal:        1844596 kB
MemFree:         1183620 kB
MemAvailable:    1506944 kB
Buffers:           48688 kB
Cached:           390108 kB
MemTotal:        1844596 kB
MemFree:         1184208 kB
MemAvailable:    1507532 kB
Buffers:           48688 kB
Cached:           390108 kB
MemTotal:        1844596 kB
MemFree:         1184460 kB
MemAvailable:    1507784 kB
Buffers:           48688 kB
Cached:           390108 kB
MemTotal:        1844596 kB
MemFree:         1182924 kB
MemAvailable:    1506248 kB
Buffers:           48688 kB
Cached:           390108 kB
MemTotal:        1844596 kB
MemFree:         1182968 kB
MemAvailable:    1506292 kB
Buffers:           48688 kB
Cached:           390108 kB
MemTotal:        1844596 kB
MemFree:         1182968 kB
MemAvailable:    1506292 kB
Buffers:           48688 kB
Cached:           390108 kB
MemTotal:        1844596 kB
MemFree:         1182796 kB
MemAvailable:    1506120 kB
Buffers:           48688 kB
Cached:           390108 kB
MemTotal:        1844596 kB
MemFree:         1182796 kB
MemAvailable:    1506120 kB
Buffers:           48688 kB
Cached:           390108 kB
MemTotal:        1844596 kB
MemFree:         1184364 kB
MemAvailable:    1507688 kB
Buffers:           48688 kB
Cached:           390108 kB
MemTotal:        1844596 kB
MemFree:         1184176 kB
MemAvailable:    1507500 kB
Buffers:           48688 kB
Cached:           390108 kB
MemTotal:        1844596 kB
MemFree:         1183124 kB
MemAvailable:    1506448 kB
Buffers:           48688 kB
Cached:           390108 kB
MemTotal:        1844596 kB
MemFree:         1182876 kB
MemAvailable:    1506200 kB
Buffers:           48688 kB
Cached:           390108 kB
MemTotal:        1844596 kB
MemFree:         1183000 kB
MemAvailable:    1506324 kB
Buffers:           48688 kB
Cached:           390108 kB
MemTotal:        1844596 kB
MemFree:         1184320 kB
MemAvailable:    1507644 kB
Buffers:           48688 kB
Cached:           390108 kB
MemTotal:        1844596 kB
MemFree:         1183124 kB
MemAvailable:    1506448 kB
Buffers:           48688 kB
Cached:           390108 kB
MemTotal:        1844596 kB
MemFree:         1182952 kB
MemAvailable:    1506276 kB
Buffers:           48688 kB
Cached:           390108 kB
MemTotal:        1844596 kB
MemFree:         1182868 kB
MemAvailable:    1506192 kB
Buffers:           48688 kB
Cached:           390108 kB
MemTotal:        1844596 kB
MemFree:         1183548 kB
MemAvailable:    1506872 kB
Buffers:           48688 kB
Cached:           390108 kB
MemTotal:        1844596 kB
MemFree:         1182984 kB
MemAvailable:    1506316 kB
Buffers:           48688 kB
Cached:           390116 kB
MemTotal:        1844596 kB
MemFree:         1181456 kB
MemAvailable:    1504788 kB
Buffers:           48688 kB
Cached:           390116 kB
MemTotal:        1844596 kB
MemFree:         1181448 kB
MemAvailable:    1504780 kB
Buffers:           48688 kB
Cached:           390116 kB
MemTotal:        1844596 kB
MemFree:         1181456 kB
MemAvailable:    1504792 kB
Buffers:           48688 kB
Cached:           390120 kB
MemTotal:        1844596 kB
MemFree:         1181148 kB
MemAvailable:    1504484 kB
Buffers:           48688 kB
Cached:           390120 kB
MemTotal:        1844596 kB
MemFree:         1181016 kB
MemAvailable:    1504352 kB
Buffers:           48688 kB
Cached:           390120 kB
MemTotal:        1844596 kB
MemFree:         1181108 kB
MemAvailable:    1504444 kB
Buffers:           48688 kB
Cached:           390120 kB
MemTotal:        1844596 kB
MemFree:         1179992 kB
MemAvailable:    1503328 kB
Buffers:           48688 kB
Cached:           390120 kB
MemTotal:        1844596 kB
MemFree:         1179288 kB
MemAvailable:    1502624 kB
Buffers:           48688 kB
Cached:           390120 kB
MemTotal:        1844596 kB
MemFree:         1179288 kB
MemAvailable:    1502624 kB
Buffers:           48688 kB
Cached:           390120 kB
MemTotal:        1844596 kB
MemFree:         1179248 kB
MemAvailable:    1502584 kB
Buffers:           48688 kB
Cached:           390120 kB
MemTotal:        1844596 kB
MemFree:         1179248 kB
MemAvailable:    1502584 kB
Buffers:           48688 kB
Cached:           390120 kB
MemTotal:        1844596 kB
MemFree:         1179496 kB
MemAvailable:    1502832 kB
Buffers:           48688 kB
Cached:           390120 kB
MemTotal:        1844596 kB
MemFree:         1180264 kB
MemAvailable:    1503600 kB
Buffers:           48688 kB
Cached:           390120 kB
MemTotal:        1844596 kB
MemFree:         1180264 kB
MemAvailable:    1503600 kB
Buffers:           48688 kB
Cached:           390120 kB
MemTotal:        1844596 kB
MemFree:         1180232 kB
MemAvailable:    1503568 kB
Buffers:           48688 kB
Cached:           390120 kB
MemTotal:        1844596 kB
MemFree:         1180260 kB
MemAvailable:    1503596 kB
Buffers:           48688 kB
Cached:           390120 kB
MemTotal:        1844596 kB
MemFree:         1180288 kB
MemAvailable:    1503624 kB
Buffers:           48688 kB
Cached:           390120 kB
MemTotal:        1844596 kB
MemFree:         1180460 kB
MemAvailable:    1503796 kB
Buffers:           48688 kB
Cached:           390120 kB
MemTotal:        1844596 kB
MemFree:         1178792 kB
MemAvailable:    1502128 kB
Buffers:           48688 kB
Cached:           390120 kB
MemTotal:        1844596 kB
MemFree:         1178676 kB
MemAvailable:    1502012 kB
Buffers:           48688 kB
Cached:           390120 kB
MemTotal:        1844596 kB
MemFree:         1172584 kB
MemAvailable:    1495920 kB
Buffers:           48688 kB
Cached:           390120 kB
MemTotal:        1844596 kB
MemFree:         1172476 kB
MemAvailable:    1495812 kB
Buffers:           48688 kB
Cached:           390120 kB
MemTotal:        1844596 kB
MemFree:         1172464 kB
MemAvailable:    1495800 kB
Buffers:           48688 kB
Cached:           390120 kB
MemTotal:        1844596 kB
MemFree:         1172352 kB
MemAvailable:    1495688 kB
Buffers:           48688 kB
Cached:           390120 kB
MemTotal:        1844596 kB
MemFree:         1172408 kB
MemAvailable:    1495744 kB
Buffers:           48688 kB
Cached:           390120 kB
MemTotal:        1844596 kB
MemFree:         1172272 kB
MemAvailable:    1495608 kB
Buffers:           48688 kB
Cached:           390120 kB
MemTotal:        1844596 kB
MemFree:         1172352 kB
MemAvailable:    1495688 kB
Buffers:           48688 kB
Cached:           390120 kB
MemTotal:        1844596 kB
MemFree:         1174440 kB
MemAvailable:    1497776 kB
Buffers:           48688 kB
Cached:           390120 kB
MemTotal:        1844596 kB
MemFree:         1173096 kB
MemAvailable:    1496432 kB
Buffers:           48688 kB
Cached:           390120 kB
MemTotal:        1844596 kB
MemFree:         1173832 kB
MemAvailable:    1497168 kB
Buffers:           48688 kB
Cached:           390120 kB
MemTotal:        1844596 kB
MemFree:         1173876 kB
MemAvailable:    1497296 kB
Buffers:           48688 kB
Cached:           390244 kB
MemTotal:        1844596 kB
MemFree:         1172220 kB
MemAvailable:    1495704 kB
Buffers:           48688 kB
Cached:           390432 kB
MemTotal:        1844596 kB
MemFree:         1172352 kB
MemAvailable:    1496004 kB
Buffers:           48688 kB
Cached:           390556 kB
MemTotal:        1844596 kB
MemFree:         1173204 kB
MemAvailable:    1497108 kB
Buffers:           48688 kB
Cached:           390680 kB
MemTotal:        1844596 kB
MemFree:         1173288 kB
MemAvailable:    1497192 kB
Buffers:           48688 kB
Cached:           390680 kB
MemTotal:        1844596 kB
MemFree:         1173100 kB
MemAvailable:    1497088 kB
Buffers:           48688 kB
Cached:           390680 kB
MemTotal:        1844596 kB
MemFree:         1173076 kB
MemAvailable:    1497064 kB
Buffers:           48688 kB
Cached:           390680 kB
MemTotal:        1844596 kB
MemFree:         1173132 kB
MemAvailable:    1497120 kB
Buffers:           48688 kB
Cached:           390680 kB
MemTotal:        1844596 kB
MemFree:         1173084 kB
MemAvailable:    1497072 kB
Buffers:           48688 kB
Cached:           390680 kB
MemTotal:        1844596 kB
MemFree:         1172352 kB
MemAvailable:    1496340 kB
Buffers:           48688 kB
Cached:           390680 kB
MemTotal:        1844596 kB
MemFree:         1172944 kB
MemAvailable:    1496932 kB
Buffers:           48688 kB
Cached:           390804 kB
MemTotal:        1844596 kB
MemFree:         1172228 kB
MemAvailable:    1496216 kB
Buffers:           48688 kB
Cached:           390804 kB
MemTotal:        1844596 kB
MemFree:         1172380 kB
MemAvailable:    1495780 kB
Buffers:           48688 kB
Cached:           390132 kB
MemTotal:        1844596 kB
MemFree:         1202964 kB
MemAvailable:    1526364 kB
Buffers:           48688 kB
Cached:           390132 kB
