MemTotal:        1844596 kB
MemFree:         1337816 kB
MemAvailable:    1577860 kB
Buffers:           37456 kB
Cached:           322056 kB
MemTotal:        1844596 kB
MemFree:         1311048 kB
MemAvailable:    1551096 kB
Buffers:           37456 kB
Cached:           322060 kB
MemTotal:        1844596 kB
MemFree:         1308824 kB
MemAvailable:    1548872 kB
Buffers:           37456 kB
Cached:           322060 kB
MemTotal:        1844596 kB
MemFree:         1308188 kB
MemAvailable:    1548236 kB
Buffers:           37456 kB
Cached:           322060 kB
MemTotal:        1844596 kB
MemFree:         1306452 kB
MemAvailable:    1546500 kB
Buffers:           37456 kB
Cached:           322060 kB
MemTotal:        1844596 kB
MemFree:         1306536 kB
MemAvailable:    1546584 kB
Buffers:           37456 kB
Cached:           322060 kB
MemTotal:        1844596 kB
MemFree:         1304724 kB
MemAvailable:    1544772 kB
Buffers:           37456 kB
Cached:           322060 kB
MemTotal:        1844596 kB
MemFree:         1303596 kB
MemAvailable:    1543644 kB
Buffers:           37456 kB
Cached:           322060 kB
MemTotal:        1844596 kB
MemFree:         1301624 kB
MemAvailable:    1541672 kB
Buffers:           37456 kB
Cached:           322060 kB
MemTotal:        1844596 kB
MemFree:         1295540 kB
MemAvailable:    1535588 kB
Buffers:           37456 kB
Cached:           322060 kB
MemTotal:        1844596 kB
MemFree:         1295624 kB
MemAvailable:    1535672 kB
Buffers:           37456 kB
Cached:           322060 kB
MemTotal:        1844596 kB
MemFree:         1296716 kB
MemAvailable:    1536764 kB
Buffers:           37456 kB
Cached:           322060 kB
MemTotal:        1844596 kB
MemFree:         1296692 kB
MemAvailable:    1536740 kB
Buffers:           37456 kB
Cached:           322060 kB
MemTotal:        1844596 kB
MemFree:         1295928 kB
MemAvailable:    1535976 kB
Buffers:           37456 kB
Cached:           322060 kB
MemTotal:        1844596 kB
MemFree:         1296552 kB
MemAvailable:    1536600 kB
Buffers:           37456 kB
Cached:           322060 kB
MemTotal:        1844596 kB
MemFree:         1295120 kB
MemAvailable:    1535168 kB
Buffers:           37456 kB
Cached:           322060 kB
MemTotal:        1844596 kB
MemFree:         1295244 kB
MemAvailable:    1535292 kB
Buffers:           37456 kB
Cached:           322060 kB
MemTotal:        1844596 kB
MemFree:         1294672 kB
MemAvailable:    1534720 kB
Buffers:           37456 kB
Cached:           322060 kB
MemTotal:        1844596 kB
MemFree:         1295008 kB
MemAvailable:    1535056 kB
Buffers:           37456 kB
Cached:           322060 kB
MemTotal:        1844596 kB
MemFree:         1294176 kB
MemAvailable:    1534224 kB
Buffers:           37456 kB
Cached:           322060 kB
MemTotal:        1844596 kB
MemFree:         1294176 kB
MemAvailable:    1534224 kB
Buffers:           37456 kB
Cached:           322060 kB
MemTotal:        1844596 kB
MemFree:         1294116 kB
MemAvailable:    1534164 kB
Buffers:           37456 kB
Cached:           322060 kB
MemTotal:        1844596 kB
MemFree:         1294040 kB
MemAvailable:    1534088 kB
Buffers:           37456 kB
Cached:           322060 kB
MemTotal:        1844596 kB
MemFree:         1294292 kB
MemAvailable:    1534340 kB
Buffers:           37456 kB
Cached:           322060 kB
MemTotal:        1844596 kB
MemFree:         1294300 kB
MemAvailable:    1534348 kB
Buffers:           37456 kB
Cached:           322060 kB
MemTotal:        1844596 kB
MemFree:         1293448 kB
MemAvailable:    1533496 kB
Buffers:           37456 kB
Cached:           322060 kB
MemTotal:        1844596 kB
MemFree:         1294348 kB
MemAvailable:    1534396 kB
Buffers:           37456 kB
Cached:           322060 kB
MemTotal:        1844596 kB
MemFree:         1294104 kB
MemAvailable:    1534152 kB
Buffers:           37456 kB
Cached:           322060 kB
MemTotal:        1844596 kB
MemFree:         1295044 kB
MemAvailable:    1535092 kB
Buffers:           37456 kB
Cached:           322060 kB
MemTotal:        1844596 kB
MemFree:         1295044 kB
MemAvailable:    1535092 kB
Buffers:           37456 kB
Cached:           322060 kB
MemTotal:        1844596 kB
MemFree:         1292084 kB
MemAvailable:    1532132 kB
Buffers:           37456 kB
Cached:           322060 kB
MemTotal:        1844596 kB
MemFree:         1291772 kB
MemAvailable:    1531820 kB
Buffers:           37456 kB
Cached:           322060 kB
MemTotal:        1844596 kB
MemFree:         1290348 kB
MemAvailable:    1530396 kB
Buffers:           37456 kB
Cached:           322060 kB
MemTotal:        1844596 kB
MemFree:         1289720 kB
MemAvailable:    1529768 kB
Buffers:           37456 kB
Cached:           322060 kB
MemTotal:        1844596 kB
MemFree:         1289720 kB
MemAvailable:    1529768 kB
Buffers:           37456 kB
Cached:           322060 kB
MemTotal:        1844596 kB
MemFree:         1289348 kB
MemAvailable:    1529396 kB
Buffers:           37456 kB
Cached:           322060 kB
MemTotal:        1844596 kB
MemFree:         1290208 kB
MemAvailable:    1530256 kB
Buffers:           37456 kB
Cached:           322060 kB
MemTotal:        1844596 kB
MemFree:         1290208 kB
MemAvailable:    1530256 kB
Buffers:           37456 kB
Cached:           322060 kB
MemTotal:        1844596 kB
MemFree:         1289780 kB
MemAvailable:    1529828 kB
Buffers:           37456 kB
Cached:           322060 kB
MemTotal:        1844596 kB
MemFree:         1290116 kB
MemAvailable:    1530164 kB
Buffers:           37456 kB
Cached:           322060 kB
MemTotal:        1844596 kB
MemFree:         1288708 kB
MemAvailable:    1528756 kB
Buffers:           37456 kB
Cached:           322060 kB
MemTotal:        1844596 kB
MemFree:         1288584 kB
MemAvailable:    1528632 kB
Buffers:           37456 kB
Cached:           322060 kB
MemTotal:        1844596 kB
MemFree:         1289588 kB
MemAvailable:    1529636 kB
Buffers:           37456 kB
Cached:           322060 kB
MemTotal:        1844596 kB
MemFree:         1289672 kB
MemAvailable:    1529720 kB
Buffers:           37456 kB
Cached:           322060 kB
MemTotal:        1844596 kB
MemFree:         1289224 kB
MemAvailable:    1529272 kB
Buffers:           37456 kB
Cached:           322060 kB
MemTotal:        1844596 kB
MemFree:         1288704 kB
MemAvailable:    1528752 kB
Buffers:           37456 kB
Cached:           322060 kB
MemTotal:        1844596 kB
MemFree:         1287940 kB
MemAvailable:    1527988 kB
Buffers:           37456 kB
Cached:           322060 kB
MemTotal:        1844596 kB
MemFree:         1289148 kB
MemAvailable:    1529196 kB
Buffers:           37456 kB
Cached:           322060 kB
MemTotal:        1844596 kB
MemFree:         1288900 kB
MemAvailable:    1528948 kB
Buffers:           37456 kB
Cached:           322060 kB
MemTotal:        1844596 kB
MemFree:         1288860 kB
MemAvailable:    1528908 kB
Buffers:           37456 kB
Cached:           322060 kB
MemTotal:        1844596 kB
MemFree:         1287596 kB
MemAvailable:    1527644 kB
Buffers:           37456 kB
Cached:           322060 kB
MemTotal:        1844596 kB
MemFree:         1288988 kB
MemAvailable:    1529036 kB
Buffers:           37456 kB
Cached:           322060 kB
MemTotal:        1844596 kB
MemFree:         1288240 kB
MemAvailable:    1528288 kB
Buffers:           37456 kB
Cached:           322060 kB
MemTotal:        1844596 kB
MemFree:         1288864 kB
MemAvailable:    1528912 kB
Buffers:           37456 kB
Cached:           322060 kB
MemTotal:        1844596 kB
MemFree:         1288992 kB
MemAvailable:    1529040 kB
Buffers:           37456 kB
Cached:           322060 kB
MemTotal:        1844596 kB
MemFree:         1289028 kB
MemAvailable:    1529076 kB
Buffers:           37456 kB
Cached:           322060 kB
MemTotal:        1844596 kB
MemFree:         1289080 kB
MemAvailable:    1529128 kB
Buffers:           37456 kB
Cached:           322060 kB
MemTotal:        1844596 kB
MemFree:         1287940 kB
MemAvailable:    1527988 kB
Buffers:           37456 kB
Cached:           322060 kB
MemTotal:        1844596 kB
MemFree:         1288472 kB
MemAvailable:    1528520 kB
Buffers:           37456 kB
Cached:           322060 kB
MemTotal:        1844596 kB
MemFree:         1288472 kB
MemAvailable:    1528520 kB
Buffers:           37456 kB
Cached:           322060 kB
MemTotal:        1844596 kB
MemFree:         1288348 kB
MemAvailable:    1528396 kB
Buffers:           37456 kB
Cached:           322060 kB
MemTotal:        1844596 kB
MemFree:         1288100 kB
MemAvailable:    1528148 kB
Buffers:           37456 kB
Cached:           322060 kB
MemTotal:        1844596 kB
MemFree:         1288184 kB
MemAvailable:    1528232 kB
Buffers:           37456 kB
Cached:           322060 kB
MemTotal:        1844596 kB
MemFree:         1288164 kB
MemAvailable:    1528212 kB
Buffers:           37456 kB
Cached:           322060 kB
MemTotal:        1844596 kB
MemFree:         1287992 kB
MemAvailable:    1528040 kB
Buffers:           37456 kB
Cached:           322060 kB
MemTotal:        1844596 kB
MemFree:         1287976 kB
MemAvailable:    1528024 kB
Buffers:           37456 kB
Cached:           322060 kB
MemTotal:        1844596 kB
MemFree:         1287976 kB
MemAvailable:    1528024 kB
Buffers:           37456 kB
Cached:           322060 kB
MemTotal:        1844596 kB
MemFree:         1288104 kB
MemAvailable:    1528152 kB
Buffers:           37456 kB
Cached:           322060 kB
MemTotal:        1844596 kB
MemFree:         1286980 kB
MemAvailable:    1527028 kB
Buffers:           37456 kB
Cached:           322060 kB
MemTotal:        1844596 kB
MemFree:         1288032 kB
MemAvailable:    1528080 kB
Buffers:           37456 kB
Cached:           322060 kB
MemTotal:        1844596 kB
MemFree:         1287184 kB
MemAvailable:    1527232 kB
Buffers:           37456 kB
Cached:           322060 kB
MemTotal:        1844596 kB
MemFree:         1284256 kB
MemAvailable:    1524304 kB
Buffers:           37456 kB
Cached:           322060 kB
MemTotal:        1844596 kB
MemFree:         1283776 kB
MemAvailable:    1523824 kB
Buffers:           37456 kB
Cached:           322060 kB
MemTotal:        1844596 kB
MemFree:         1280992 kB
MemAvailable:    1521044 kB
Buffers:           37456 kB
Cached:           322064 kB
MemTotal:        1844596 kB
MemFree:         1279684 kB
MemAvailable:    1519736 kB
Buffers:           37456 kB
Cached:           322064 kB
MemTotal:        1844596 kB
MemFree:         1280164 kB
MemAvailable:    1520220 kB
Buffers:           37456 kB
Cached:           322068 kB
MemTotal:        1844596 kB
MemFree:         1279692 kB
MemAvailable:    1519748 kB
Buffers:           37456 kB
Cached:           322068 kB
MemTotal:        1844596 kB
MemFree:         1278768 kB
MemAvailable:    1518824 kB
Buffers:           37456 kB
Cached:           322068 kB
MemTotal:        1844596 kB
MemFree:         1278760 kB
MemAvailable:    1518816 kB
Buffers:           37456 kB
Cached:           322068 kB
MemTotal:        1844596 kB
MemFree:         1278892 kB
MemAvailable:    1518948 kB
Buffers:           37456 kB
Cached:           322068 kB
MemTotal:        1844596 kB
MemFree:         1280180 kB
MemAvailable:    1520236 kB
Buffers:           37456 kB
Cached:           322068 kB
MemTotal:        1844596 kB
MemFree:         1280108 kB
MemAvailable:    1520164 kB
Buffers:           37456 kB
Cached:           322068 kB
MemTotal:        1844596 kB
MemFree:         1280360 kB
MemAvailable:    1520416 kB
Buffers:           37456 kB
Cached:           322068 kB
MemTotal:        1844596 kB
MemFree:         1280192 kB
MemAvailable:    1520248 kB
Buffers:           37456 kB
Cached:           322068 kB
MemTotal:        1844596 kB
MemFree:         1279904 kB
MemAvailable:    1519960 kB
Buffers:           37456 kB
Cached:           322068 kB
MemTotal:        1844596 kB
MemFree:         1280240 kB
MemAvailable:    1520296 kB
Buffers:           37456 kB
Cached:           322068 kB
MemTotal:        1844596 kB
MemFree:         1280024 kB
MemAvailable:    1520080 kB
Buffers:           37456 kB
Cached:           322068 kB
MemTotal:        1844596 kB
MemFree:         1280024 kB
MemAvailable:    1520080 kB
Buffers:           37456 kB
Cached:           322068 kB
MemTotal:        1844596 kB
MemFree:         1279552 kB
MemAvailable:    1519608 kB
Buffers:           37456 kB
Cached:           322068 kB
MemTotal:        1844596 kB
MemFree:         1279072 kB
MemAvailable:    1519128 kB
Buffers:           37456 kB
Cached:           322068 kB
MemTotal:        1844596 kB
MemFree:         1279124 kB
MemAvailable:    1519180 kB
Buffers:           37456 kB
Cached:           322068 kB
MemTotal:        1844596 kB
MemFree:         1278328 kB
MemAvailable:    1518384 kB
Buffers:           37456 kB
Cached:           322068 kB
MemTotal:        1844596 kB
MemFree:         1278628 kB
MemAvailable:    1518684 kB
Buffers:           37456 kB
Cached:           322068 kB
MemTotal:        1844596 kB
MemFree:         1278204 kB
MemAvailable:    1518260 kB
Buffers:           37456 kB
Cached:           322068 kB
MemTotal:        1844596 kB
MemFree:         1278256 kB
MemAvailable:    1518312 kB
Buffers:           37456 kB
Cached:           322068 kB
MemTotal:        1844596 kB
MemFree:         1278508 kB
MemAvailable:    1518564 kB
Buffers:           37456 kB
Cached:           322068 kB
MemTotal:        1844596 kB
MemFree:         1277644 kB
MemAvailable:    1517700 kB
Buffers:           37456 kB
Cached:           322068 kB
MemTotal:        1844596 kB
MemFree:         1276212 kB
MemAvailable:    1516268 kB
Buffers:           37456 kB
Cached:           322068 kB
MemTotal:        1844596 kB
MemFree:         1275600 kB
MemAvailable:    1515656 kB
Buffers:           37456 kB
Cached:           322068 kB
MemTotal:        1844596 kB
MemFree:         1276528 kB
MemAvailable:    1516584 kB
Buffers:           37456 kB
Cached:           322068 kB
MemTotal:        1844596 kB
MemFree:         1276528 kB
MemAvailable:    1516584 kB
Buffers:           37456 kB
Cached:           322068 kB
MemTotal:        1844596 kB
MemFree:         1276328 kB
MemAvailable:    1516384 kB
Buffers:           37456 kB
Cached:           322068 kB
MemTotal:        1844596 kB
MemFree:         1275164 kB
MemAvailable:    1515220 kB
Buffers:           37456 kB
Cached:           322068 kB
MemTotal:        1844596 kB
MemFree:         1276140 kB
MemAvailable:    1516196 kB
Buffers:           37456 kB
Cached:           322068 kB
MemTotal:        1844596 kB
MemFree:         1274916 kB
MemAvailable:    1514972 kB
Buffers:           37456 kB
Cached:           322068 kB
MemTotal:        1844596 kB
MemFree:         1276140 kB
MemAvailable:    1516196 kB
Buffers:           37456 kB
Cached:           322068 kB
MemTotal:        1844596 kB
MemFree:         1275724 kB
MemAvailable:    1515780 kB
Buffers:           37456 kB
Cached:           322068 kB
MemTotal:        1844596 kB
MemFree:         1274792 kB
MemAvailable:    1514848 kB
Buffers:           37456 kB
Cached:           322068 kB
MemTotal:        1844596 kB
MemFree:         1276288 kB
MemAvailable:    1516344 kB
Buffers:           37456 kB
Cached:           322068 kB
MemTotal:        1844596 kB
MemFree:         1276280 kB
MemAvailable:    1516336 kB
Buffers:           37456 kB
Cached:           322068 kB
MemTotal:        1844596 kB
MemFree:         1275576 kB
MemAvailable:    1515632 kB
Buffers:           37456 kB
Cached:           322068 kB
MemTotal:        1844596 kB
MemFree:         1275600 kB
MemAvailable:    1515532 kB
Buffers:           37456 kB
Cached:           322068 kB
MemTotal:        1844596 kB
MemFree:         1273244 kB
MemAvailable:    1513300 kB
Buffers:           37456 kB
Cached:           322068 kB
MemTotal:        1844596 kB
MemFree:         1267912 kB
MemAvailable:    1507968 kB
Buffers:           37456 kB
Cached:           322068 kB
MemTotal:        1844596 kB
MemFree:         1268392 kB
MemAvailable:    1508448 kB
Buffers:           37456 kB
Cached:           322068 kB
MemTotal:        1844596 kB
MemFree:         1268160 kB
MemAvailable:    1508216 kB
Buffers:           37456 kB
Cached:           322068 kB
MemTotal:        1844596 kB
MemFree:         1268456 kB
MemAvailable:    1508512 kB
Buffers:           37456 kB
Cached:           322068 kB
MemTotal:        1844596 kB
MemFree:         1267148 kB
MemAvailable:    1507204 kB
Buffers:           37456 kB
Cached:           322068 kB
MemTotal:        1844596 kB
MemFree:         1268268 kB
MemAvailable:    1508324 kB
Buffers:           37456 kB
Cached:           322068 kB
MemTotal:        1844596 kB
MemFree:         1268408 kB
MemAvailable:    1508464 kB
Buffers:           37456 kB
Cached:           322068 kB
MemTotal:        1844596 kB
MemFree:         1270372 kB
MemAvailable:    1510428 kB
Buffers:           37456 kB
Cached:           322068 kB
MemTotal:        1844596 kB
MemFree:         1268772 kB
MemAvailable:    1508828 kB
Buffers:           37456 kB
Cached:           322068 kB
MemTotal:        1844596 kB
MemFree:         1269816 kB
MemAvailable:    1509956 kB
Buffers:           37456 kB
Cached:           322192 kB
MemTotal:        1844596 kB
MemFree:         1269492 kB
MemAvailable:    1509800 kB
Buffers:           37456 kB
Cached:           322316 kB
MemTotal:        1844596 kB
MemFree:         1269152 kB
MemAvailable:    1509460 kB
Buffers:           37456 kB
Cached:           322316 kB
MemTotal:        1844596 kB
MemFree:         1269344 kB
MemAvailable:    1509736 kB
Buffers:           37456 kB
Cached:           322440 kB
MemTotal:        1844596 kB
MemFree:         1268408 kB
MemAvailable:    1508884 kB
Buffers:           37456 kB
Cached:           322440 kB
MemTotal:        1844596 kB
MemFree:         1268956 kB
MemAvailable:    1509600 kB
Buffers:           37456 kB
Cached:           322688 kB
MemTotal:        1844596 kB
MemFree:         1269292 kB
MemAvailable:    1509936 kB
Buffers:           37456 kB
Cached:           322688 kB
MemTotal:        1844596 kB
MemFree:         1267716 kB
MemAvailable:    1508360 kB
Buffers:           37456 kB
Cached:           322688 kB
MemTotal:        1844596 kB
MemFree:         1269116 kB
MemAvailable:    1509844 kB
Buffers:           37456 kB
Cached:           322688 kB
MemTotal:        1844596 kB
MemFree:         1269368 kB
MemAvailable:    1510096 kB
Buffers:           37456 kB
Cached:           322688 kB
MemTotal:        1844596 kB
MemFree:         1269156 kB
MemAvailable:    1509884 kB
Buffers:           37456 kB
Cached:           322688 kB
MemTotal:        1844596 kB
MemFree:         1267844 kB
MemAvailable:    1508572 kB
Buffers:           37456 kB
Cached:           322688 kB
MemTotal:        1844596 kB
MemFree:         1269064 kB
MemAvailable:    1509792 kB
Buffers:           37456 kB
Cached:           322688 kB
MemTotal:        1844596 kB
MemFree:         1269908 kB
MemAvailable:    1510048 kB
Buffers:           37456 kB
Cached:           322056 kB
MemTotal:        1844596 kB
MemFree:         1267896 kB
MemAvailable:    1508036 kB
Buffers:           37456 kB
Cached:           322056 kB
MemTotal:        1844596 kB
MemFree:         1337236 kB
MemAvailable:    1577376 kB
Buffers:           37456 kB
Cached:           322056 kB
