MemTotal:        1844596 kB
MemFree:         1271840 kB
MemAvailable:    1569752 kB
Buffers:           45488 kB
Cached:           369824 kB
MemTotal:        1844596 kB
MemFree:         1243088 kB
MemAvailable:    1541008 kB
Buffers:           45488 kB
Cached:           369828 kB
MemTotal:        1844596 kB
MemFree:         1242104 kB
MemAvailable:    1540024 kB
Buffers:           45488 kB
Cached:           369828 kB
MemTotal:        1844596 kB
MemFree:         1242040 kB
MemAvailable:    1539960 kB
Buffers:           45488 kB
Cached:           369828 kB
MemTotal:        1844596 kB
MemFree:         1239376 kB
MemAvailable:    1537296 kB
Buffers:           45488 kB
Cached:           369828 kB
MemTotal:        1844596 kB
MemFree:         1240304 kB
MemAvailable:    1538224 kB
Buffers:           45488 kB
Cached:           369828 kB
MemTotal:        1844596 kB
MemFree:         1240556 kB
MemAvailable:    1538476 kB
Buffers:           45488 kB
Cached:           369828 kB
MemTotal:        1844596 kB
MemFree:         1236832 kB
MemAvailable:    1534752 kB
Buffers:           45488 kB
Cached:           369828 kB
MemTotal:        1844596 kB
MemFree:         1233656 kB
MemAvailable:    1531576 kB
Buffers:           45488 kB
Cached:           369828 kB
MemTotal:        1844596 kB
MemFree:         1233176 kB
MemAvailable:    1531096 kB
Buffers:           45488 kB
Cached:           369828 kB
MemTotal:        1844596 kB
MemFree:         1230616 kB
MemAvailable:    1528536 kB
Buffers:           45488 kB
Cached:           369828 kB
MemTotal:        1844596 kB
MemFree:         1229500 kB
MemAvailable:    1527420 kB
Buffers:           45488 kB
Cached:           369828 kB
MemTotal:        1844596 kB
MemFree:         1230820 kB
MemAvailable:    1528740 kB
Buffers:           45488 kB
Cached:           369828 kB
MemTotal:        1844596 kB
MemFree:         1230624 kB
MemAvailable:    1528544 kB
Buffers:           45488 kB
Cached:           369828 kB
MemTotal:        1844596 kB
MemFree:         1230576 kB
MemAvailable:    1528496 kB
Buffers:           45488 kB
Cached:           369828 kB
MemTotal:        1844596 kB
MemFree:         1230384 kB
MemAvailable:    1528304 kB
Buffers:           45488 kB
Cached:           369828 kB
MemTotal:        1844596 kB
MemFree:         1229012 kB
MemAvailable:    1526932 kB
Buffers:           45488 kB
Cached:           369828 kB
MemTotal:        1844596 kB
MemFree:         1228772 kB
MemAvailable:    1526692 kB
Buffers:           45488 kB
Cached:           369828 kB
MemTotal:        1844596 kB
MemFree:         1227224 kB
MemAvailable:    1525144 kB
Buffers:           45488 kB
Cached:           369828 kB
MemTotal:        1844596 kB
MemFree:         1228272 kB
MemAvailable:    1526192 kB
Buffers:           45488 kB
Cached:           369828 kB
MemTotal:        1844596 kB
MemFree:         1228152 kB
MemAvailable:    1526072 kB
Buffers:           45488 kB
Cached:           369828 kB
MemTotal:        1844596 kB
MemFree:         1227720 kB
MemAvailable:    1525640 kB
Buffers:           45488 kB
Cached:           369828 kB
MemTotal:        1844596 kB
MemFree:         1228140 kB
MemAvailable:    1526060 kB
Buffers:           45488 kB
Cached:           369828 kB
MemTotal:        1844596 kB
MemFree:         1227472 kB
MemAvailable:    1525392 kB
Buffers:           45488 kB
Cached:           369828 kB
MemTotal:        1844596 kB
MemFree:         1227972 kB
MemAvailable:    1525892 kB
Buffers:           45488 kB
Cached:           369828 kB
MemTotal:        1844596 kB
MemFree:         1226960 kB
MemAvailable:    1524880 kB
Buffers:           45488 kB
Cached:           369828 kB
MemTotal:        1844596 kB
MemFree:         1226928 kB
MemAvailable:    1524848 kB
Buffers:           45488 kB
Cached:           369828 kB
MemTotal:        1844596 kB
MemFree:         1229392 kB
MemAvailable:    1527312 kB
Buffers:           45488 kB
Cached:           369828 kB
MemTotal:        1844596 kB
MemFree:         1228216 kB
MemAvailable:    1526136 kB
Buffers:           45488 kB
Cached:           369828 kB
MemTotal:        1844596 kB
MemFree:         1228516 kB
MemAvailable:    1526436 kB
Buffers:           45488 kB
Cached:           369828 kB
MemTotal:        1844596 kB
MemFree:         1226108 kB
MemAvailable:    1524028 kB
Buffers:           45488 kB
Cached:           369828 kB
MemTotal:        1844596 kB
MemFree:         1224440 kB
MemAvailable:    1522360 kB
Buffers:           45488 kB
Cached:           369828 kB
MemTotal:        1844596 kB
MemFree:         1224232 kB
MemAvailable:    1522152 kB
Buffers:           45488 kB
Cached:           369828 kB
MemTotal:        1844596 kB
MemFree:         1225356 kB
MemAvailable:    1523276 kB
Buffers:           45488 kB
Cached:           369828 kB
MemTotal:        1844596 kB
MemFree:         1224232 kB
MemAvailable:    1522152 kB
Buffers:           45488 kB
Cached:           369828 kB
MemTotal:        1844596 kB
MemFree:         1223628 kB
MemAvailable:    1521548 kB
Buffers:           45488 kB
Cached:           369828 kB
MemTotal:        1844596 kB
MemFree:         1223996 kB
MemAvailable:    1521916 kB
Buffers:           45488 kB
Cached:           369828 kB
MemTotal:        1844596 kB
MemFree:         1222740 kB
MemAvailable:    1520660 kB
Buffers:           45488 kB
Cached:           369828 kB
MemTotal:        1844596 kB
MemFree:         1223960 kB
MemAvailable:    1521880 kB
Buffers:           45488 kB
Cached:           369828 kB
MemTotal:        1844596 kB
MemFree:         1224212 kB
MemAvailable:    1522132 kB
Buffers:           45488 kB
Cached:           369828 kB
MemTotal:        1844596 kB
MemFree:         1222612 kB
MemAvailable:    1520532 kB
Buffers:           45488 kB
Cached:           369828 kB
MemTotal:        1844596 kB
MemFree:         1224132 kB
MemAvailable:    1522052 kB
Buffers:           45488 kB
Cached:           369828 kB
MemTotal:        1844596 kB
MemFree:         1223480 kB
MemAvailable:    1521400 kB
Buffers:           45488 kB
Cached:           369828 kB
MemTotal:        1844596 kB
MemFree:         1223372 kB
MemAvailable:    1521292 kB
Buffers:           45488 kB
Cached:           369828 kB
MemTotal:        1844596 kB
MemFree:         1222068 kB
MemAvailable:    1519988 kB
Buffers:           45488 kB
Cached:           369828 kB
MemTotal:        1844596 kB
MemFree:         1221744 kB
MemAvailable:    1519664 kB
Buffers:           45488 kB
Cached:           369828 kB
MemTotal:        1844596 kB
MemFree:         1222988 kB
MemAvailable:    1520908 kB
Buffers:           45488 kB
Cached:           369828 kB
MemTotal:        1844596 kB
MemFree:         1223000 kB
MemAvailable:    1520920 kB
Buffers:           45488 kB
Cached:           369828 kB
MemTotal:        1844596 kB
MemFree:         1221892 kB
MemAvailable:    1519812 kB
Buffers:           45488 kB
Cached:           369828 kB
MemTotal:        1844596 kB
MemFree:         1221500 kB
MemAvailable:    1519420 kB
Buffers:           45488 kB
Cached:           369828 kB
MemTotal:        1844596 kB
MemFree:         1222932 kB
MemAvailable:    1520852 kB
Buffers:           45488 kB
Cached:           369828 kB
MemTotal:        1844596 kB
MemFree:         1222936 kB
MemAvailable:    1520856 kB
Buffers:           45488 kB
Cached:           369828 kB
MemTotal:        1844596 kB
MemFree:         1222636 kB
MemAvailable:    1520556 kB
Buffers:           45488 kB
Cached:           369828 kB
MemTotal:        1844596 kB
MemFree:         1223056 kB
MemAvailable:    1520976 kB
Buffers:           45488 kB
Cached:           369828 kB
MemTotal:        1844596 kB
MemFree:         1221708 kB
MemAvailable:    1519628 kB
Buffers:           45488 kB
Cached:           369828 kB
MemTotal:        1844596 kB
MemFree:         1222080 kB
MemAvailable:    1520000 kB
Buffers:           45488 kB
Cached:           369828 kB
MemTotal:        1844596 kB
MemFree:         1222820 kB
MemAvailable:    1520740 kB
Buffers:           45488 kB
Cached:           369828 kB
MemTotal:        1844596 kB
MemFree:         1221644 kB
MemAvailable:    1519564 kB
Buffers:           45488 kB
Cached:           369828 kB
MemTotal:        1844596 kB
MemFree:         1222248 kB
MemAvailable:    1520168 kB
Buffers:           45488 kB
Cached:           369828 kB
MemTotal:        1844596 kB
MemFree:         1222332 kB
MemAvailable:    1520252 kB
Buffers:           45488 kB
Cached:           369828 kB
MemTotal:        1844596 kB
MemFree:         1222060 kB
MemAvailable:    1519980 kB
Buffers:           45488 kB
Cached:           369828 kB
MemTotal:        1844596 kB
MemFree:         1220748 kB
MemAvailable:    1518668 kB
Buffers:           45488 kB
Cached:           369828 kB
MemTotal:        1844596 kB
MemFree:         1220748 kB
MemAvailable:    1518668 kB
Buffers:           45488 kB
Cached:           369828 kB
MemTotal:        1844596 kB
MemFree:         1222008 kB
MemAvailable:    1519928 kB
Buffers:           45488 kB
Cached:           369828 kB
MemTotal:        1844596 kB
MemFree:         1221272 kB
MemAvailable:    1519192 kB
Buffers:           45488 kB
Cached:           369828 kB
MemTotal:        1844596 kB
MemFree:         1222064 kB
MemAvailable:    1519984 kB
Buffers:           45488 kB
Cached:           369828 kB
MemTotal:        1844596 kB
MemFree:         1220716 kB
MemAvailable:    1518636 kB
Buffers:           45488 kB
Cached:           369828 kB
MemTotal:        1844596 kB
MemFree:         1222076 kB
MemAvailable:    1520004 kB
Buffers:           45488 kB
Cached:           369836 kB
MemTotal:        1844596 kB
MemFree:         1222008 kB
MemAvailable:    1519936 kB
Buffers:           45488 kB
Cached:           369836 kB
MemTotal:        1844596 kB
MemFree:         1219520 kB
MemAvailable:    1517448 kB
Buffers:           45488 kB
Cached:           369836 kB
MemTotal:        1844596 kB
MemFree:         1219288 kB
MemAvailable:    1517216 kB
Buffers:           45488 kB
Cached:           369836 kB
MemTotal:        1844596 kB
MemFree:         1215816 kB
MemAvailable:    1513744 kB
Buffers:           45488 kB
Cached:           369836 kB
MemTotal:        1844596 kB
MemFree:         1213832 kB
MemAvailable:    1511760 kB
Buffers:           45488 kB
Cached:           369836 kB
MemTotal:        1844596 kB
MemFree:         1214064 kB
MemAvailable:    1511992 kB
Buffers:           45488 kB
Cached:           369836 kB
MemTotal:        1844596 kB
MemFree:         1212576 kB
MemAvailable:    1510504 kB
Buffers:           45488 kB
Cached:           369836 kB
MemTotal:        1844596 kB
MemFree:         1212824 kB
MemAvailable:    1510752 kB
Buffers:           45488 kB
Cached:           369836 kB
MemTotal:        1844596 kB
MemFree:         1212816 kB
MemAvailable:    1510744 kB
Buffers:           45488 kB
Cached:           369836 kB
MemTotal:        1844596 kB
MemFree:         1214376 kB
MemAvailable:    1512304 kB
Buffers:           45488 kB
Cached:           369836 kB
MemTotal:        1844596 kB
MemFree:         1212940 kB
MemAvailable:    1510868 kB
Buffers:           45488 kB
Cached:           369836 kB
MemTotal:        1844596 kB
MemFree:         1212768 kB
MemAvailable:    1510696 kB
Buffers:           45488 kB
Cached:           369836 kB
MemTotal:        1844596 kB
MemFree:         1212768 kB
MemAvailable:    1510696 kB
Buffers:           45488 kB
Cached:           369836 kB
MemTotal:        1844596 kB
MemFree:         1212900 kB
MemAvailable:    1510828 kB
Buffers:           45488 kB
Cached:           369836 kB
MemTotal:        1844596 kB
MemFree:         1213912 kB
MemAvailable:    1511840 kB
Buffers:           45488 kB
Cached:           369836 kB
MemTotal:        1844596 kB
MemFree:         1213832 kB
MemAvailable:    1511760 kB
Buffers:           45488 kB
Cached:           369836 kB
MemTotal:        1844596 kB
MemFree:         1214012 kB
MemAvailable:    1511940 kB
Buffers:           45488 kB
Cached:           369836 kB
MemTotal:        1844596 kB
MemFree:         1214180 kB
MemAvailable:    1512108 kB
Buffers:           45488 kB
Cached:           369836 kB
MemTotal:        1844596 kB
MemFree:         1213644 kB
MemAvailable:    1511572 kB
Buffers:           45488 kB
Cached:           369836 kB
MemTotal:        1844596 kB
MemFree:         1213072 kB
MemAvailable:    1511000 kB
Buffers:           45488 kB
Cached:           369836 kB
MemTotal:        1844596 kB
MemFree:         1212716 kB
MemAvailable:    1510644 kB
Buffers:           45488 kB
Cached:           369836 kB
MemTotal:        1844596 kB
MemFree:         1212444 kB
MemAvailable:    1510372 kB
Buffers:           45488 kB
Cached:           369836 kB
MemTotal:        1844596 kB
MemFree:         1212696 kB
MemAvailable:    1510624 kB
Buffers:           45488 kB
Cached:           369836 kB
MemTotal:        1844596 kB
MemFree:         1211204 kB
MemAvailable:    1509132 kB
Buffers:           45488 kB
Cached:           369836 kB
MemTotal:        1844596 kB
MemFree:         1211228 kB
MemAvailable:    1509156 kB
Buffers:           45488 kB
Cached:           369836 kB
MemTotal:        1844596 kB
MemFree:         1211212 kB
MemAvailable:    1509140 kB
Buffers:           45488 kB
Cached:           369836 kB
MemTotal:        1844596 kB
MemFree:         1210856 kB
MemAvailable:    1508784 kB
Buffers:           45488 kB
Cached:           369836 kB
MemTotal:        1844596 kB
MemFree:         1209856 kB
MemAvailable:    1507784 kB
Buffers:           45488 kB
Cached:           369836 kB
MemTotal:        1844596 kB
MemFree:         1209856 kB
MemAvailable:    1507784 kB
Buffers:           45488 kB
Cached:           369836 kB
MemTotal:        1844596 kB
MemFree:         1210592 kB
MemAvailable:    1508520 kB
Buffers:           45488 kB
Cached:           369836 kB
MemTotal:        1844596 kB
MemFree:         1210360 kB
MemAvailable:    1508288 kB
Buffers:           45488 kB
Cached:           369836 kB
MemTotal:        1844596 kB
MemFree:         1210220 kB
MemAvailable:    1508148 kB
Buffers:           45488 kB
Cached:           369836 kB
MemTotal:        1844596 kB
MemFree:         1208968 kB
MemAvailable:    1506896 kB
Buffers:           45488 kB
Cached:           369836 kB
MemTotal:        1844596 kB
MemFree:         1210228 kB
MemAvailable:    1508156 kB
Buffers:           45488 kB
Cached:           369836 kB
MemTotal:        1844596 kB
MemFree:         1208840 kB
MemAvailable:    1506768 kB
Buffers:           45488 kB
Cached:           369836 kB
MemTotal:        1844596 kB
MemFree:         1210024 kB
MemAvailable:    1507952 kB
Buffers:           45488 kB
Cached:           369836 kB
MemTotal:        1844596 kB
MemFree:         1210236 kB
MemAvailable:    1508040 kB
Buffers:           45488 kB
Cached:           369836 kB
MemTotal:        1844596 kB
MemFree:         1210168 kB
MemAvailable:    1508096 kB
Buffers:           45488 kB
Cached:           369836 kB
MemTotal:        1844596 kB
MemFree:         1210236 kB
MemAvailable:    1508164 kB
Buffers:           45488 kB
Cached:           369836 kB
MemTotal:        1844596 kB
MemFree:         1209800 kB
MemAvailable:    1507728 kB
Buffers:           45488 kB
Cached:           369836 kB
MemTotal:        1844596 kB
MemFree:         1208624 kB
MemAvailable:    1506552 kB
Buffers:           45488 kB
Cached:           369836 kB
MemTotal:        1844596 kB
MemFree:         1207368 kB
MemAvailable:    1505300 kB
Buffers:           45488 kB
Cached:           369840 kB
MemTotal:        1844596 kB
MemFree:         1206516 kB
MemAvailable:    1504448 kB
Buffers:           45488 kB
Cached:           369840 kB
MemTotal:        1844596 kB
MemFree:         1202508 kB
MemAvailable:    1500440 kB
Buffers:           45488 kB
Cached:           369840 kB
MemTotal:        1844596 kB
MemFree:         1202540 kB
MemAvailable:    1500472 kB
Buffers:           45488 kB
Cached:           369840 kB
MemTotal:        1844596 kB
MemFree:         1201044 kB
MemAvailable:    1498976 kB
Buffers:           45488 kB
Cached:           369840 kB
MemTotal:        1844596 kB
MemFree:         1202272 kB
MemAvailable:    1500204 kB
Buffers:           45488 kB
Cached:           369840 kB
MemTotal:        1844596 kB
MemFree:         1201928 kB
MemAvailable:    1499860 kB
Buffers:           45488 kB
Cached:           369840 kB
MemTotal:        1844596 kB
MemFree:         1202244 kB
MemAvailable:    1500176 kB
Buffers:           45488 kB
Cached:           369840 kB
MemTotal:        1844596 kB
MemFree:         1204328 kB
MemAvailable:    1502260 kB
Buffers:           45488 kB
Cached:           369840 kB
MemTotal:        1844596 kB
MemFree:         1203972 kB
MemAvailable:    1501904 kB
Buffers:           45488 kB
Cached:           369840 kB
MemTotal:        1844596 kB
MemFree:         1204028 kB
MemAvailable:    1502044 kB
Buffers:           45488 kB
Cached:           369964 kB
MemTotal:        1844596 kB
MemFree:         1203664 kB
MemAvailable:    1501932 kB
Buffers:           45488 kB
Cached:           370212 kB
MemTotal:        1844596 kB
MemFree:         1203408 kB
MemAvailable:    1501760 kB
Buffers:           45488 kB
Cached:           370336 kB
MemTotal:        1844596 kB
MemFree:         1203136 kB
MemAvailable:    1501656 kB
Buffers:           45488 kB
Cached:           370460 kB
MemTotal:        1844596 kB
MemFree:         1202548 kB
MemAvailable:    1501068 kB
Buffers:           45488 kB
Cached:           370460 kB
MemTotal:        1844596 kB
MemFree:         1201788 kB
MemAvailable:    1500392 kB
Buffers:           45488 kB
Cached:           370584 kB
MemTotal:        1844596 kB
MemFree:         1203028 kB
MemAvailable:    1501632 kB
Buffers:           45488 kB
Cached:           370584 kB
MemTotal:        1844596 kB
MemFree:         1201616 kB
MemAvailable:    1500220 kB
Buffers:           45488 kB
Cached:           370584 kB
MemTotal:        1844596 kB
MemFree:         1201980 kB
MemAvailable:    1500584 kB
Buffers:           45488 kB
Cached:           370584 kB
MemTotal:        1844596 kB
MemFree:         1201864 kB
MemAvailable:    1500468 kB
Buffers:           45488 kB
Cached:           370584 kB
MemTotal:        1844596 kB
MemFree:         1203164 kB
MemAvailable:    1501768 kB
Buffers:           45488 kB
Cached:           370584 kB
MemTotal:        1844596 kB
MemFree:         1201772 kB
MemAvailable:    1500376 kB
Buffers:           45488 kB
Cached:           370584 kB
MemTotal:        1844596 kB
MemFree:         1201724 kB
MemAvailable:    1500244 kB
Buffers:           45488 kB
Cached:           370456 kB
MemTotal:        1844596 kB
MemFree:         1267588 kB
MemAvailable:    1565604 kB
Buffers:           45488 kB
Cached:           369952 kB
MemTotal:        1844596 kB
MemFree:         1269436 kB
MemAvailable:    1567452 kB
Buffers:           45488 kB
Cached:           369952 kB
