MemTotal:        1844596 kB
MemFree:         1353468 kB
MemAvailable:    1577584 kB
Buffers:           35104 kB
Cached:           307432 kB
MemTotal:        1844596 kB
MemFree:         1326088 kB
MemAvailable:    1550204 kB
Buffers:           35104 kB
Cached:           307432 kB
MemTotal:        1844596 kB
MemFree:         1324096 kB
MemAvailable:    1548212 kB
Buffers:           35104 kB
Cached:           307432 kB
MemTotal:        1844596 kB
MemFree:         1323848 kB
MemAvailable:    1547964 kB
Buffers:           35104 kB
Cached:           307432 kB
MemTotal:        1844596 kB
MemFree:         1322864 kB
MemAvailable:    1546980 kB
Buffers:           35104 kB
Cached:           307432 kB
MemTotal:        1844596 kB
MemFree:         1321112 kB
MemAvailable:    1545228 kB
Buffers:           35104 kB
Cached:           307432 kB
MemTotal:        1844596 kB
MemFree:         1321800 kB
MemAvailable:    1545916 kB
Buffers:           35104 kB
Cached:           307432 kB
MemTotal:        1844596 kB
MemFree:         1318772 kB
MemAvailable:    1542888 kB
Buffers:           35104 kB
Cached:           307432 kB
MemTotal:        1844596 kB
MemFree:         1316028 kB
MemAvailable:    1540144 kB
Buffers:           35104 kB
Cached:           307432 kB
MemTotal:        1844596 kB
MemFree:         1315920 kB
MemAvailable:    1540036 kB
Buffers:           35104 kB
Cached:           307432 kB
MemTotal:        1844596 kB
MemFree:         1311640 kB
MemAvailable:    1535756 kB
Buffers:           35104 kB
Cached:           307432 kB
MemTotal:        1844596 kB
MemFree:         1312432 kB
MemAvailable:    1536548 kB
Buffers:           35104 kB
Cached:           307432 kB
MemTotal:        1844596 kB
MemFree:         1312516 kB
MemAvailable:    1536632 kB
Buffers:           35104 kB
Cached:           307432 kB
MemTotal:        1844596 kB
MemFree:         1311276 kB
MemAvailable:    1535392 kB
Buffers:           35104 kB
Cached:           307432 kB
MemTotal:        1844596 kB
MemFree:         1312384 kB
MemAvailable:    1536500 kB
Buffers:           35104 kB
Cached:           307432 kB
MemTotal:        1844596 kB
MemFree:         1312076 kB
MemAvailable:    1536192 kB
Buffers:           35104 kB
Cached:           307432 kB
MemTotal:        1844596 kB
MemFree:         1312268 kB
MemAvailable:    1536384 kB
Buffers:           35104 kB
Cached:           307432 kB
MemTotal:        1844596 kB
MemFree:         1311068 kB
MemAvailable:    1535184 kB
Buffers:           35104 kB
Cached:           307432 kB
MemTotal:        1844596 kB
MemFree:         1310092 kB
MemAvailable:    1534208 kB
Buffers:           35104 kB
Cached:           307432 kB
MemTotal:        1844596 kB
MemFree:         1310324 kB
MemAvailable:    1534440 kB
Buffers:           35104 kB
Cached:           307432 kB
MemTotal:        1844596 kB
MemFree:         1310408 kB
MemAvailable:    1534524 kB
Buffers:           35104 kB
Cached:           307432 kB
MemTotal:        1844596 kB
MemFree:         1310076 kB
MemAvailable:    1534192 kB
Buffers:           35104 kB
Cached:           307432 kB
MemTotal:        1844596 kB
MemFree:         1308920 kB
MemAvailable:    1533036 kB
Buffers:           35104 kB
Cached:           307432 kB
MemTotal:        1844596 kB
MemFree:         1310188 kB
MemAvailable:    1534304 kB
Buffers:           35104 kB
Cached:           307432 kB
MemTotal:        1844596 kB
MemFree:         1310328 kB
MemAvailable:    1534444 kB
Buffers:           35104 kB
Cached:           307432 kB
MemTotal:        1844596 kB
MemFree:         1310200 kB
MemAvailable:    1534316 kB
Buffers:           35104 kB
Cached:           307432 kB
MemTotal:        1844596 kB
MemFree:         1310200 kB
MemAvailable:    1534316 kB
Buffers:           35104 kB
Cached:           307432 kB
MemTotal:        1844596 kB
MemFree:         1311560 kB
MemAvailable:    1535676 kB
Buffers:           35104 kB
Cached:           307432 kB
MemTotal:        1844596 kB
MemFree:         1311540 kB
MemAvailable:    1535656 kB
Buffers:           35104 kB
Cached:           307432 kB
MemTotal:        1844596 kB
MemFree:         1309828 kB
MemAvailable:    1533944 kB
Buffers:           35104 kB
Cached:           307432 kB
MemTotal:        1844596 kB
MemFree:         1309828 kB
MemAvailable:    1533944 kB
Buffers:           35104 kB
Cached:           307432 kB
MemTotal:        1844596 kB
MemFree:         1306868 kB
MemAvailable:    1530984 kB
Buffers:           35104 kB
Cached:           307432 kB
MemTotal:        1844596 kB
MemFree:         1308092 kB
MemAvailable:    1532208 kB
Buffers:           35104 kB
Cached:           307432 kB
MemTotal:        1844596 kB
MemFree:         1307176 kB
MemAvailable:    1531292 kB
Buffers:           35104 kB
Cached:           307432 kB
MemTotal:        1844596 kB
MemFree:         1306984 kB
MemAvailable:    1531100 kB
Buffers:           35104 kB
Cached:           307432 kB
MemTotal:        1844596 kB
MemFree:         1306992 kB
MemAvailable:    1531108 kB
Buffers:           35104 kB
Cached:           307432 kB
MemTotal:        1844596 kB
MemFree:         1306108 kB
MemAvailable:    1530224 kB
Buffers:           35104 kB
Cached:           307432 kB
MemTotal:        1844596 kB
MemFree:         1306444 kB
MemAvailable:    1530560 kB
Buffers:           35104 kB
Cached:           307432 kB
MemTotal:        1844596 kB
MemFree:         1305976 kB
MemAvailable:    1530092 kB
Buffers:           35104 kB
Cached:           307432 kB
MemTotal:        1844596 kB
MemFree:         1306124 kB
MemAvailable:    1530240 kB
Buffers:           35104 kB
Cached:           307432 kB
MemTotal:        1844596 kB
MemFree:         1304696 kB
MemAvailable:    1528812 kB
Buffers:           35104 kB
Cached:           307432 kB
MemTotal:        1844596 kB
MemFree:         1306004 kB
MemAvailable:    1530120 kB
Buffers:           35104 kB
Cached:           307432 kB
MemTotal:        1844596 kB
MemFree:         1306068 kB
MemAvailable:    1530184 kB
Buffers:           35104 kB
Cached:           307432 kB
MemTotal:        1844596 kB
MemFree:         1305364 kB
MemAvailable:    1529480 kB
Buffers:           35104 kB
Cached:           307432 kB
MemTotal:        1844596 kB
MemFree:         1303768 kB
MemAvailable:    1527956 kB
Buffers:           35104 kB
Cached:           307424 kB
MemTotal:        1844596 kB
MemFree:         1304772 kB
MemAvailable:    1528960 kB
Buffers:           35104 kB
Cached:           307424 kB
MemTotal:        1844596 kB
MemFree:         1304620 kB
MemAvailable:    1528808 kB
Buffers:           35104 kB
Cached:           307424 kB
MemTotal:        1844596 kB
MemFree:         1304960 kB
MemAvailable:    1529148 kB
Buffers:           35104 kB
Cached:           307424 kB
MemTotal:        1844596 kB
MemFree:         1304940 kB
MemAvailable:    1529128 kB
Buffers:           35104 kB
Cached:           307424 kB
MemTotal:        1844596 kB
MemFree:         1305192 kB
MemAvailable:    1529380 kB
Buffers:           35104 kB
Cached:           307424 kB
MemTotal:        1844596 kB
MemFree:         1304996 kB
MemAvailable:    1529184 kB
Buffers:           35104 kB
Cached:           307424 kB
MemTotal:        1844596 kB
MemFree:         1304868 kB
MemAvailable:    1529056 kB
Buffers:           35104 kB
Cached:           307424 kB
MemTotal:        1844596 kB
MemFree:         1305204 kB
MemAvailable:    1529392 kB
Buffers:           35104 kB
Cached:           307424 kB
MemTotal:        1844596 kB
MemFree:         1304868 kB
MemAvailable:    1529056 kB
Buffers:           35104 kB
Cached:           307424 kB
MemTotal:        1844596 kB
MemFree:         1304980 kB
MemAvailable:    1529168 kB
Buffers:           35104 kB
Cached:           307424 kB
MemTotal:        1844596 kB
MemFree:         1305120 kB
MemAvailable:    1529308 kB
Buffers:           35104 kB
Cached:           307424 kB
MemTotal:        1844596 kB
MemFree:         1303580 kB
MemAvailable:    1527768 kB
Buffers:           35104 kB
Cached:           307424 kB
MemTotal:        1844596 kB
MemFree:         1303960 kB
MemAvailable:    1528148 kB
Buffers:           35104 kB
Cached:           307424 kB
MemTotal:        1844596 kB
MemFree:         1303520 kB
MemAvailable:    1527708 kB
Buffers:           35104 kB
Cached:           307424 kB
MemTotal:        1844596 kB
MemFree:         1304464 kB
MemAvailable:    1528652 kB
Buffers:           35104 kB
Cached:           307424 kB
MemTotal:        1844596 kB
MemFree:         1304496 kB
MemAvailable:    1528684 kB
Buffers:           35104 kB
Cached:           307424 kB
MemTotal:        1844596 kB
MemFree:         1304248 kB
MemAvailable:    1528436 kB
Buffers:           35104 kB
Cached:           307424 kB
MemTotal:        1844596 kB
MemFree:         1303936 kB
MemAvailable:    1528124 kB
Buffers:           35104 kB
Cached:           307424 kB
MemTotal:        1844596 kB
MemFree:         1304188 kB
MemAvailable:    1528376 kB
Buffers:           35104 kB
Cached:           307424 kB
MemTotal:        1844596 kB
MemFree:         1304020 kB
MemAvailable:    1528208 kB
Buffers:           35104 kB
Cached:           307424 kB
MemTotal:        1844596 kB
MemFree:         1303272 kB
MemAvailable:    1527460 kB
Buffers:           35104 kB
Cached:           307424 kB
MemTotal:        1844596 kB
MemFree:         1304448 kB
MemAvailable:    1528640 kB
Buffers:           35104 kB
Cached:           307428 kB
MemTotal:        1844596 kB
MemFree:         1304380 kB
MemAvailable:    1528572 kB
Buffers:           35104 kB
Cached:           307428 kB
MemTotal:        1844596 kB
MemFree:         1304132 kB
MemAvailable:    1528324 kB
Buffers:           35104 kB
Cached:           307428 kB
MemTotal:        1844596 kB
MemFree:         1302776 kB
MemAvailable:    1526968 kB
Buffers:           35104 kB
Cached:           307428 kB
MemTotal:        1844596 kB
MemFree:         1300544 kB
MemAvailable:    1524736 kB
Buffers:           35104 kB
Cached:           307428 kB
MemTotal:        1844596 kB
MemFree:         1297800 kB
MemAvailable:    1521992 kB
Buffers:           35104 kB
Cached:           307428 kB
MemTotal:        1844596 kB
MemFree:         1297320 kB
MemAvailable:    1521512 kB
Buffers:           35104 kB
Cached:           307428 kB
MemTotal:        1844596 kB
MemFree:         1295700 kB
MemAvailable:    1519892 kB
Buffers:           35104 kB
Cached:           307428 kB
MemTotal:        1844596 kB
MemFree:         1295452 kB
MemAvailable:    1519644 kB
Buffers:           35104 kB
Cached:           307428 kB
MemTotal:        1844596 kB
MemFree:         1295204 kB
MemAvailable:    1519396 kB
Buffers:           35104 kB
Cached:           307428 kB
MemTotal:        1844596 kB
MemFree:         1295080 kB
MemAvailable:    1519272 kB
Buffers:           35104 kB
Cached:           307428 kB
MemTotal:        1844596 kB
MemFree:         1296380 kB
MemAvailable:    1520572 kB
Buffers:           35104 kB
Cached:           307428 kB
MemTotal:        1844596 kB
MemFree:         1294948 kB
MemAvailable:    1519140 kB
Buffers:           35104 kB
Cached:           307428 kB
MemTotal:        1844596 kB
MemFree:         1294900 kB
MemAvailable:    1519092 kB
Buffers:           35104 kB
Cached:           307428 kB
MemTotal:        1844596 kB
MemFree:         1296076 kB
MemAvailable:    1520268 kB
Buffers:           35104 kB
Cached:           307428 kB
MemTotal:        1844596 kB
MemFree:         1294892 kB
MemAvailable:    1519084 kB
Buffers:           35104 kB
Cached:           307428 kB
MemTotal:        1844596 kB
MemFree:         1296140 kB
MemAvailable:    1520332 kB
Buffers:           35104 kB
Cached:           307428 kB
MemTotal:        1844596 kB
MemFree:         1294892 kB
MemAvailable:    1519084 kB
Buffers:           35104 kB
Cached:           307428 kB
MemTotal:        1844596 kB
MemFree:         1296180 kB
MemAvailable:    1520372 kB
Buffers:           35104 kB
Cached:           307428 kB
MemTotal:        1844596 kB
MemFree:         1296128 kB
MemAvailable:    1520320 kB
Buffers:           35104 kB
Cached:           307428 kB
MemTotal:        1844596 kB
MemFree:         1294840 kB
MemAvailable:    1519032 kB
Buffers:           35104 kB
Cached:           307428 kB
MemTotal:        1844596 kB
MemFree:         1295444 kB
MemAvailable:    1519636 kB
Buffers:           35104 kB
Cached:           307428 kB
MemTotal:        1844596 kB
MemFree:         1295780 kB
MemAvailable:    1519972 kB
Buffers:           35104 kB
Cached:           307428 kB
MemTotal:        1844596 kB
MemFree:         1294896 kB
MemAvailable:    1519088 kB
Buffers:           35104 kB
Cached:           307428 kB
MemTotal:        1844596 kB
MemFree:         1294520 kB
MemAvailable:    1518712 kB
Buffers:           35104 kB
Cached:           307428 kB
MemTotal:        1844596 kB
MemFree:         1293352 kB
MemAvailable:    1517544 kB
Buffers:           35104 kB
Cached:           307428 kB
MemTotal:        1844596 kB
MemFree:         1293344 kB
MemAvailable:    1517536 kB
Buffers:           35104 kB
Cached:           307428 kB
MemTotal:        1844596 kB
MemFree:         1293288 kB
MemAvailable:    1517480 kB
Buffers:           35104 kB
Cached:           307428 kB
MemTotal:        1844596 kB
MemFree:         1292112 kB
MemAvailable:    1516304 kB
Buffers:           35104 kB
Cached:           307428 kB
MemTotal:        1844596 kB
MemFree:         1292468 kB
MemAvailable:    1516664 kB
Buffers:           35104 kB
Cached:           307432 kB
MemTotal:        1844596 kB
MemFree:         1292236 kB
MemAvailable:    1516432 kB
Buffers:           35104 kB
Cached:           307432 kB
MemTotal:        1844596 kB
MemFree:         1292488 kB
MemAvailable:    1516684 kB
Buffers:           35104 kB
Cached:           307432 kB
MemTotal:        1844596 kB
MemFree:         1292632 kB
MemAvailable:    1516828 kB
Buffers:           35104 kB
Cached:           307432 kB
MemTotal:        1844596 kB
MemFree:         1291360 kB
MemAvailable:    1515556 kB
Buffers:           35104 kB
Cached:           307432 kB
MemTotal:        1844596 kB
MemFree:         1292140 kB
MemAvailable:    1516336 kB
Buffers:           35104 kB
Cached:           307432 kB
MemTotal:        1844596 kB
MemFree:         1291988 kB
MemAvailable:    1516184 kB
Buffers:           35112 kB
Cached:           307424 kB
MemTotal:        1844596 kB
MemFree:         1292116 kB
MemAvailable:    1516312 kB
Buffers:           35116 kB
Cached:           307420 kB
MemTotal:        1844596 kB
MemFree:         1292040 kB
MemAvailable:    1516236 kB
Buffers:           35116 kB
Cached:           307420 kB
MemTotal:        1844596 kB
MemFree:         1292292 kB
MemAvailable:    1516488 kB
Buffers:           35116 kB
Cached:           307420 kB
MemTotal:        1844596 kB
MemFree:         1292160 kB
MemAvailable:    1516356 kB
Buffers:           35116 kB
Cached:           307420 kB
MemTotal:        1844596 kB
MemFree:         1292412 kB
MemAvailable:    1516608 kB
Buffers:           35116 kB
Cached:           307420 kB
MemTotal:        1844596 kB
MemFree:         1291916 kB
MemAvailable:    1516112 kB
Buffers:           35116 kB
Cached:           307420 kB
MemTotal:        1844596 kB
MemFree:         1290360 kB
MemAvailable:    1514556 kB
Buffers:           35116 kB
Cached:           307420 kB
MemTotal:        1844596 kB
MemFree:         1287832 kB
MemAvailable:    1512028 kB
Buffers:           35116 kB
Cached:           307420 kB
MemTotal:        1844596 kB
MemFree:         1284860 kB
MemAvailable:    1509056 kB
Buffers:           35116 kB
Cached:           307420 kB
MemTotal:        1844596 kB
MemFree:         1283300 kB
MemAvailable:    1507496 kB
Buffers:           35116 kB
Cached:           307420 kB
MemTotal:        1844596 kB
MemFree:         1284540 kB
MemAvailable:    1508736 kB
Buffers:           35116 kB
Cached:           307420 kB
MemTotal:        1844596 kB
MemFree:         1283928 kB
MemAvailable:    1508124 kB
Buffers:           35116 kB
Cached:           307420 kB
MemTotal:        1844596 kB
MemFree:         1284492 kB
MemAvailable:    1508688 kB
Buffers:           35116 kB
Cached:           307420 kB
MemTotal:        1844596 kB
MemFree:         1284572 kB
MemAvailable:    1508768 kB
Buffers:           35116 kB
Cached:           307420 kB
MemTotal:        1844596 kB
MemFree:         1285176 kB
MemAvailable:    1509372 kB
Buffers:           35116 kB
Cached:           307420 kB
MemTotal:        1844596 kB
MemFree:         1286096 kB
MemAvailable:    1510304 kB
Buffers:           35116 kB
Cached:           307432 kB
MemTotal:        1844596 kB
MemFree:         1284804 kB
MemAvailable:    1509096 kB
Buffers:           35116 kB
Cached:           307556 kB
MemTotal:        1844596 kB
MemFree:         1285532 kB
MemAvailable:    1509992 kB
Buffers:           35116 kB
Cached:           307680 kB
MemTotal:        1844596 kB
MemFree:         1285868 kB
MemAvailable:    1510328 kB
Buffers:           35116 kB
Cached:           307680 kB
MemTotal:        1844596 kB
MemFree:         1285160 kB
MemAvailable:    1509872 kB
Buffers:           35116 kB
Cached:           307928 kB
MemTotal:        1844596 kB
MemFree:         1285176 kB
MemAvailable:    1509888 kB
Buffers:           35116 kB
Cached:           307928 kB
MemTotal:        1844596 kB
MemFree:         1285180 kB
MemAvailable:    1509976 kB
Buffers:           35116 kB
Cached:           308052 kB
MemTotal:        1844596 kB
MemFree:         1285216 kB
MemAvailable:    1510012 kB
Buffers:           35116 kB
Cached:           308052 kB
MemTotal:        1844596 kB
MemFree:         1284184 kB
MemAvailable:    1508980 kB
Buffers:           35116 kB
Cached:           308052 kB
MemTotal:        1844596 kB
MemFree:         1284912 kB
MemAvailable:    1509772 kB
Buffers:           35116 kB
Cached:           308120 kB
MemTotal:        1844596 kB
MemFree:         1285248 kB
MemAvailable:    1510108 kB
Buffers:           35116 kB
Cached:           308120 kB
MemTotal:        1844596 kB
MemFree:         1285036 kB
MemAvailable:    1509896 kB
Buffers:           35116 kB
Cached:           308120 kB
MemTotal:        1844596 kB
MemFree:         1285288 kB
MemAvailable:    1510148 kB
Buffers:           35116 kB
Cached:           308120 kB
MemTotal:        1844596 kB
MemFree:         1285024 kB
MemAvailable:    1509884 kB
Buffers:           35116 kB
Cached:           308120 kB
MemTotal:        1844596 kB
MemFree:         1285052 kB
MemAvailable:    1509912 kB
Buffers:           35116 kB
Cached:           308120 kB
MemTotal:        1844596 kB
MemFree:         1283972 kB
MemAvailable:    1508244 kB
Buffers:           35116 kB
Cached:           307488 kB
MemTotal:        1844596 kB
MemFree:         1353428 kB
MemAvailable:    1577700 kB
Buffers:           35116 kB
Cached:           307488 kB
