MemTotal:        1844596 kB
MemFree:         1231532 kB
MemAvailable:    1564608 kB
Buffers:           49880 kB
Cached:           397920 kB
MemTotal:        1844596 kB
MemFree:         1207128 kB
MemAvailable:    1540212 kB
Buffers:           49880 kB
Cached:           397924 kB
MemTotal:        1844596 kB
MemFree:         1204120 kB
MemAvailable:    1537204 kB
Buffers:           49880 kB
Cached:           397924 kB
MemTotal:        1844596 kB
MemFree:         1202300 kB
MemAvailable:    1535384 kB
Buffers:           49880 kB
Cached:           397924 kB
MemTotal:        1844596 kB
MemFree:         1202156 kB
MemAvailable:    1535240 kB
Buffers:           49880 kB
Cached:           397924 kB
MemTotal:        1844596 kB
MemFree:         1200804 kB
MemAvailable:    1533888 kB
Buffers:           49880 kB
Cached:           397924 kB
MemTotal:        1844596 kB
MemFree:         1199192 kB
MemAvailable:    1532276 kB
Buffers:           49880 kB
Cached:           397924 kB
MemTotal:        1844596 kB
MemFree:         1195728 kB
MemAvailable:    1528812 kB
Buffers:           49880 kB
Cached:           397924 kB
MemTotal:        1844596 kB
MemFree:         1193232 kB
MemAvailable:    1526316 kB
Buffers:           49880 kB
Cached:           397924 kB
MemTotal:        1844596 kB
MemFree:         1192504 kB
MemAvailable:    1525588 kB
Buffers:           49880 kB
Cached:           397924 kB
MemTotal:        1844596 kB
MemFree:         1188536 kB
MemAvailable:    1521620 kB
Buffers:           49880 kB
Cached:           397924 kB
MemTotal:        1844596 kB
MemFree:         1189364 kB
MemAvailable:    1522448 kB
Buffers:           49880 kB
Cached:           397924 kB
MemTotal:        1844596 kB
MemFree:         1189348 kB
MemAvailable:    1522432 kB
Buffers:           49880 kB
Cached:           397924 kB
MemTotal:        1844596 kB
MemFree:         1190596 kB
MemAvailable:    1523680 kB
Buffers:           49880 kB
Cached:           397924 kB
MemTotal:        1844596 kB
MemFree:         1189224 kB
MemAvailable:    1522308 kB
Buffers:           49880 kB
Cached:           397924 kB
MemTotal:        1844596 kB
MemFree:         1190376 kB
MemAvailable:    1523460 kB
Buffers:           49880 kB
Cached:           397924 kB
MemTotal:        1844596 kB
MemFree:         1189588 kB
MemAvailable:    1522672 kB
Buffers:           49880 kB
Cached:           397924 kB
MemTotal:        1844596 kB
MemFree:         1188536 kB
MemAvailable:    1521620 kB
Buffers:           49880 kB
Cached:           397924 kB
MemTotal:        1844596 kB
MemFree:         1187048 kB
MemAvailable:    1520132 kB
Buffers:           49880 kB
Cached:           397924 kB
MemTotal:        1844596 kB
MemFree:         1186876 kB
MemAvailable:    1519960 kB
Buffers:           49880 kB
Cached:           397924 kB
MemTotal:        1844596 kB
MemFree:         1188152 kB
MemAvailable:    1521236 kB
Buffers:           49880 kB
Cached:           397924 kB
MemTotal:        1844596 kB
MemFree:         1187980 kB
MemAvailable:    1521064 kB
Buffers:           49880 kB
Cached:           397924 kB
MemTotal:        1844596 kB
MemFree:         1188128 kB
MemAvailable:    1521212 kB
Buffers:           49880 kB
Cached:           397924 kB
MemTotal:        1844596 kB
MemFree:         1187792 kB
MemAvailable:    1520876 kB
Buffers:           49880 kB
Cached:           397924 kB
MemTotal:        1844596 kB
MemFree:         1188012 kB
MemAvailable:    1521096 kB
Buffers:           49880 kB
Cached:           397924 kB
MemTotal:        1844596 kB
MemFree:         1188164 kB
MemAvailable:    1521248 kB
Buffers:           49880 kB
Cached:           397924 kB
MemTotal:        1844596 kB
MemFree:         1189544 kB
MemAvailable:    1522628 kB
Buffers:           49884 kB
Cached:           397920 kB
MemTotal:        1844596 kB
MemFree:         1187984 kB
MemAvailable:    1521068 kB
Buffers:           49884 kB
Cached:           397920 kB
MemTotal:        1844596 kB
MemFree:         1188396 kB
MemAvailable:    1521480 kB
Buffers:           49884 kB
Cached:           397920 kB
MemTotal:        1844596 kB
MemFree:         1188040 kB
MemAvailable:    1521124 kB
Buffers:           49884 kB
Cached:           397920 kB
MemTotal:        1844596 kB
MemFree:         1185932 kB
MemAvailable:    1519016 kB
Buffers:           49884 kB
Cached:           397920 kB
MemTotal:        1844596 kB
MemFree:         1184684 kB
MemAvailable:    1517768 kB
Buffers:           49884 kB
Cached:           397920 kB
MemTotal:        1844596 kB
MemFree:         1184924 kB
MemAvailable:    1518008 kB
Buffers:           49884 kB
Cached:           397920 kB
MemTotal:        1844596 kB
MemFree:         1184692 kB
MemAvailable:    1517776 kB
Buffers:           49884 kB
Cached:           397920 kB
MemTotal:        1844596 kB
MemFree:         1184048 kB
MemAvailable:    1517132 kB
Buffers:           49884 kB
Cached:           397920 kB
MemTotal:        1844596 kB
MemFree:         1184384 kB
MemAvailable:    1517468 kB
Buffers:           49884 kB
Cached:           397920 kB
MemTotal:        1844596 kB
MemFree:         1183064 kB
MemAvailable:    1516148 kB
Buffers:           49884 kB
Cached:           397920 kB
MemTotal:        1844596 kB
MemFree:         1182832 kB
MemAvailable:    1515916 kB
Buffers:           49884 kB
Cached:           397920 kB
MemTotal:        1844596 kB
MemFree:         1182568 kB
MemAvailable:    1515652 kB
Buffers:           49884 kB
Cached:           397920 kB
MemTotal:        1844596 kB
MemFree:         1183936 kB
MemAvailable:    1517020 kB
Buffers:           49884 kB
Cached:           397920 kB
MemTotal:        1844596 kB
MemFree:         1182328 kB
MemAvailable:    1515412 kB
Buffers:           49884 kB
Cached:           397920 kB
MemTotal:        1844596 kB
MemFree:         1182328 kB
MemAvailable:    1515412 kB
Buffers:           49884 kB
Cached:           397920 kB
MemTotal:        1844596 kB
MemFree:         1181832 kB
MemAvailable:    1514916 kB
Buffers:           49884 kB
Cached:           397920 kB
MemTotal:        1844596 kB
MemFree:         1182900 kB
MemAvailable:    1515984 kB
Buffers:           49884 kB
Cached:           397920 kB
MemTotal:        1844596 kB
MemFree:         1182880 kB
MemAvailable:    1515964 kB
Buffers:           49884 kB
Cached:           397920 kB
MemTotal:        1844596 kB
MemFree:         1183228 kB
MemAvailable:    1516320 kB
Buffers:           49884 kB
Cached:           397928 kB
MemTotal:        1844596 kB
MemFree:         1182912 kB
MemAvailable:    1516004 kB
Buffers:           49884 kB
Cached:           397928 kB
MemTotal:        1844596 kB
MemFree:         1181832 kB
MemAvailable:    1514924 kB
Buffers:           49884 kB
Cached:           397928 kB
MemTotal:        1844596 kB
MemFree:         1183140 kB
MemAvailable:    1516232 kB
Buffers:           49884 kB
Cached:           397928 kB
MemTotal:        1844596 kB
MemFree:         1181832 kB
MemAvailable:    1514924 kB
Buffers:           49884 kB
Cached:           397928 kB
MemTotal:        1844596 kB
MemFree:         1181660 kB
MemAvailable:    1514752 kB
Buffers:           49884 kB
Cached:           397928 kB
MemTotal:        1844596 kB
MemFree:         1183112 kB
MemAvailable:    1516204 kB
Buffers:           49884 kB
Cached:           397928 kB
MemTotal:        1844596 kB
MemFree:         1181572 kB
MemAvailable:    1514664 kB
Buffers:           49884 kB
Cached:           397928 kB
MemTotal:        1844596 kB
MemFree:         1182948 kB
MemAvailable:    1516040 kB
Buffers:           49884 kB
Cached:           397928 kB
MemTotal:        1844596 kB
MemFree:         1182512 kB
MemAvailable:    1515604 kB
Buffers:           49884 kB
Cached:           397928 kB
MemTotal:        1844596 kB
MemFree:         1181080 kB
MemAvailable:    1514172 kB
Buffers:           49884 kB
Cached:           397928 kB
MemTotal:        1844596 kB
MemFree:         1182272 kB
MemAvailable:    1515364 kB
Buffers:           49884 kB
Cached:           397928 kB
MemTotal:        1844596 kB
MemFree:         1182268 kB
MemAvailable:    1515360 kB
Buffers:           49884 kB
Cached:           397928 kB
MemTotal:        1844596 kB
MemFree:         1181968 kB
MemAvailable:    1515060 kB
Buffers:           49884 kB
Cached:           397928 kB
MemTotal:        1844596 kB
MemFree:         1182028 kB
MemAvailable:    1515120 kB
Buffers:           49884 kB
Cached:           397928 kB
MemTotal:        1844596 kB
MemFree:         1180528 kB
MemAvailable:    1513620 kB
Buffers:           49884 kB
Cached:           397928 kB
MemTotal:        1844596 kB
MemFree:         1181828 kB
MemAvailable:    1514920 kB
Buffers:           49884 kB
Cached:           397928 kB
MemTotal:        1844596 kB
MemFree:         1180652 kB
MemAvailable:    1513744 kB
Buffers:           49884 kB
Cached:           397928 kB
MemTotal:        1844596 kB
MemFree:         1181920 kB
MemAvailable:    1515012 kB
Buffers:           49884 kB
Cached:           397928 kB
MemTotal:        1844596 kB
MemFree:         1181592 kB
MemAvailable:    1514684 kB
Buffers:           49884 kB
Cached:           397928 kB
MemTotal:        1844596 kB
MemFree:         1181908 kB
MemAvailable:    1515000 kB
Buffers:           49884 kB
Cached:           397928 kB
MemTotal:        1844596 kB
MemFree:         1180404 kB
MemAvailable:    1513496 kB
Buffers:           49884 kB
Cached:           397928 kB
MemTotal:        1844596 kB
MemFree:         1178616 kB
MemAvailable:    1511708 kB
Buffers:           49884 kB
Cached:           397928 kB
MemTotal:        1844596 kB
MemFree:         1176128 kB
MemAvailable:    1509220 kB
Buffers:           49884 kB
Cached:           397928 kB
MemTotal:        1844596 kB
MemFree:         1173532 kB
MemAvailable:    1506624 kB
Buffers:           49884 kB
Cached:           397928 kB
MemTotal:        1844596 kB
MemFree:         1173284 kB
MemAvailable:    1506376 kB
Buffers:           49884 kB
Cached:           397928 kB
MemTotal:        1844596 kB
MemFree:         1174360 kB
MemAvailable:    1507452 kB
Buffers:           49884 kB
Cached:           397928 kB
MemTotal:        1844596 kB
MemFree:         1174136 kB
MemAvailable:    1507228 kB
Buffers:           49884 kB
Cached:           397928 kB
MemTotal:        1844596 kB
MemFree:         1174220 kB
MemAvailable:    1507312 kB
Buffers:           49884 kB
Cached:           397928 kB
MemTotal:        1844596 kB
MemFree:         1174024 kB
MemAvailable:    1507116 kB
Buffers:           49884 kB
Cached:           397928 kB
MemTotal:        1844596 kB
MemFree:         1172724 kB
MemAvailable:    1505816 kB
Buffers:           49884 kB
Cached:           397928 kB
MemTotal:        1844596 kB
MemFree:         1172972 kB
MemAvailable:    1506064 kB
Buffers:           49884 kB
Cached:           397928 kB
MemTotal:        1844596 kB
MemFree:         1172716 kB
MemAvailable:    1505808 kB
Buffers:           49884 kB
Cached:           397928 kB
MemTotal:        1844596 kB
MemFree:         1174084 kB
MemAvailable:    1507176 kB
Buffers:           49884 kB
Cached:           397928 kB
MemTotal:        1844596 kB
MemFree:         1174160 kB
MemAvailable:    1507252 kB
Buffers:           49884 kB
Cached:           397928 kB
MemTotal:        1844596 kB
MemFree:         1172608 kB
MemAvailable:    1505700 kB
Buffers:           49884 kB
Cached:           397928 kB
MemTotal:        1844596 kB
MemFree:         1172740 kB
MemAvailable:    1505832 kB
Buffers:           49884 kB
Cached:           397928 kB
MemTotal:        1844596 kB
MemFree:         1172740 kB
MemAvailable:    1505832 kB
Buffers:           49884 kB
Cached:           397928 kB
MemTotal:        1844596 kB
MemFree:         1173392 kB
MemAvailable:    1506484 kB
Buffers:           49884 kB
Cached:           397928 kB
MemTotal:        1844596 kB
MemFree:         1172664 kB
MemAvailable:    1505756 kB
Buffers:           49884 kB
Cached:           397928 kB
MemTotal:        1844596 kB
MemFree:         1172772 kB
MemAvailable:    1505864 kB
Buffers:           49884 kB
Cached:           397928 kB
MemTotal:        1844596 kB
MemFree:         1171920 kB
MemAvailable:    1505012 kB
Buffers:           49884 kB
Cached:           397928 kB
MemTotal:        1844596 kB
MemFree:         1171112 kB
MemAvailable:    1504204 kB
Buffers:           49884 kB
Cached:           397928 kB
MemTotal:        1844596 kB
MemFree:         1172420 kB
MemAvailable:    1505512 kB
Buffers:           49884 kB
Cached:           397928 kB
MemTotal:        1844596 kB
MemFree:         1172220 kB
MemAvailable:    1505312 kB
Buffers:           49884 kB
Cached:           397928 kB
MemTotal:        1844596 kB
MemFree:         1171360 kB
MemAvailable:    1504452 kB
Buffers:           49884 kB
Cached:           397928 kB
MemTotal:        1844596 kB
MemFree:         1169928 kB
MemAvailable:    1503020 kB
Buffers:           49884 kB
Cached:           397928 kB
MemTotal:        1844596 kB
MemFree:         1169548 kB
MemAvailable:    1502640 kB
Buffers:           49884 kB
Cached:           397928 kB
MemTotal:        1844596 kB
MemFree:         1169184 kB
MemAvailable:    1502276 kB
Buffers:           49884 kB
Cached:           397928 kB
MemTotal:        1844596 kB
MemFree:         1169184 kB
MemAvailable:    1502276 kB
Buffers:           49884 kB
Cached:           397928 kB
MemTotal:        1844596 kB
MemFree:         1170372 kB
MemAvailable:    1503464 kB
Buffers:           49884 kB
Cached:           397928 kB
MemTotal:        1844596 kB
MemFree:         1168936 kB
MemAvailable:    1502028 kB
Buffers:           49884 kB
Cached:           397928 kB
MemTotal:        1844596 kB
MemFree:         1170176 kB
MemAvailable:    1503268 kB
Buffers:           49884 kB
Cached:           397928 kB
MemTotal:        1844596 kB
MemFree:         1169820 kB
MemAvailable:    1502912 kB
Buffers:           49884 kB
Cached:           397928 kB
MemTotal:        1844596 kB
MemFree:         1170012 kB
MemAvailable:    1503104 kB
Buffers:           49884 kB
Cached:           397928 kB
MemTotal:        1844596 kB
MemFree:         1169016 kB
MemAvailable:    1502108 kB
Buffers:           49884 kB
Cached:           397928 kB
MemTotal:        1844596 kB
MemFree:         1168920 kB
MemAvailable:    1502012 kB
Buffers:           49884 kB
Cached:           397928 kB
MemTotal:        1844596 kB
MemFree:         1168440 kB
MemAvailable:    1501532 kB
Buffers:           49884 kB
Cached:           397928 kB
MemTotal:        1844596 kB
MemFree:         1169556 kB
MemAvailable:    1502648 kB
Buffers:           49884 kB
Cached:           397928 kB
MemTotal:        1844596 kB
MemFree:         1166028 kB
MemAvailable:    1499120 kB
Buffers:           49884 kB
Cached:           397928 kB
MemTotal:        1844596 kB
MemFree:         1161008 kB
MemAvailable:    1494100 kB
Buffers:           49884 kB
Cached:           397928 kB
MemTotal:        1844596 kB
MemFree:         1161132 kB
MemAvailable:    1494224 kB
Buffers:           49884 kB
Cached:           397928 kB
MemTotal:        1844596 kB
MemFree:         1162108 kB
MemAvailable:    1495200 kB
Buffers:           49884 kB
Cached:           397928 kB
MemTotal:        1844596 kB
MemFree:         1162444 kB
MemAvailable:    1495536 kB
Buffers:           49884 kB
Cached:           397928 kB
MemTotal:        1844596 kB
MemFree:         1160952 kB
MemAvailable:    1494044 kB
Buffers:           49884 kB
Cached:           397928 kB
MemTotal:        1844596 kB
MemFree:         1160996 kB
MemAvailable:    1494088 kB
Buffers:           49884 kB
Cached:           397928 kB
MemTotal:        1844596 kB
MemFree:         1162992 kB
MemAvailable:    1496084 kB
Buffers:           49884 kB
Cached:           397928 kB
MemTotal:        1844596 kB
MemFree:         1163944 kB
MemAvailable:    1497036 kB
Buffers:           49884 kB
Cached:           397928 kB
MemTotal:        1844596 kB
MemFree:         1163844 kB
MemAvailable:    1497104 kB
Buffers:           49884 kB
Cached:           398052 kB
MemTotal:        1844596 kB
MemFree:         1163480 kB
MemAvailable:    1496908 kB
Buffers:           49884 kB
Cached:           398300 kB
MemTotal:        1844596 kB
MemFree:         1162488 kB
MemAvailable:    1495916 kB
Buffers:           49884 kB
Cached:           398300 kB
MemTotal:        1844596 kB
MemFree:         1162976 kB
MemAvailable:    1496644 kB
Buffers:           49884 kB
Cached:           398508 kB
MemTotal:        1844596 kB
MemFree:         1163228 kB
MemAvailable:    1496896 kB
Buffers:           49884 kB
Cached:           398508 kB
MemTotal:        1844596 kB
MemFree:         1162996 kB
MemAvailable:    1496748 kB
Buffers:           49884 kB
Cached:           398632 kB
MemTotal:        1844596 kB
MemFree:         1162124 kB
MemAvailable:    1495876 kB
Buffers:           49884 kB
Cached:           398632 kB
MemTotal:        1844596 kB
MemFree:         1162852 kB
MemAvailable:    1496628 kB
Buffers:           49884 kB
Cached:           398652 kB
MemTotal:        1844596 kB
MemFree:         1162868 kB
MemAvailable:    1496644 kB
Buffers:           49884 kB
Cached:           398652 kB
MemTotal:        1844596 kB
MemFree:         1162728 kB
MemAvailable:    1496504 kB
Buffers:           49884 kB
Cached:           398652 kB
MemTotal:        1844596 kB
MemFree:         1162796 kB
MemAvailable:    1496572 kB
Buffers:           49884 kB
Cached:           398652 kB
MemTotal:        1844596 kB
MemFree:         1163132 kB
MemAvailable:    1496908 kB
Buffers:           49884 kB
Cached:           398652 kB
MemTotal:        1844596 kB
MemFree:         1161732 kB
MemAvailable:    1495508 kB
Buffers:           49884 kB
Cached:           398652 kB
MemTotal:        1844596 kB
MemFree:         1163500 kB
MemAvailable:    1496688 kB
Buffers:           49884 kB
Cached:           398020 kB
MemTotal:        1844596 kB
MemFree:         1163672 kB
MemAvailable:    1496860 kB
Buffers:           49884 kB
Cached:           398020 kB
MemTotal:        1844596 kB
MemFree:         1231464 kB
MemAvailable:    1564656 kB
Buffers:           49884 kB
Cached:           398024 kB
