MemTotal:        1844596 kB
MemFree:         1178832 kB
MemAvailable:    1562132 kB
Buffers:           55844 kB
Cached:           438296 kB
MemTotal:        1844596 kB
MemFree:         1151316 kB
MemAvailable:    1534644 kB
Buffers:           55844 kB
Cached:           438332 kB
MemTotal:        1844596 kB
MemFree:         1149316 kB
MemAvailable:    1532644 kB
Buffers:           55844 kB
Cached:           438332 kB
MemTotal:        1844596 kB
MemFree:         1147788 kB
MemAvailable:    1531116 kB
Buffers:           55844 kB
Cached:           438332 kB
MemTotal:        1844596 kB
MemFree:         1147844 kB
MemAvailable:    1531172 kB
Buffers:           55844 kB
Cached:           438332 kB
MemTotal:        1844596 kB
MemFree:         1147456 kB
MemAvailable:    1530784 kB
Buffers:           55844 kB
Cached:           438332 kB
MemTotal:        1844596 kB
MemFree:         1147792 kB
MemAvailable:    1531120 kB
Buffers:           55844 kB
Cached:           438332 kB
MemTotal:        1844596 kB
MemFree:         1143000 kB
MemAvailable:    1526328 kB
Buffers:           55844 kB
Cached:           438332 kB
MemTotal:        1844596 kB
MemFree:         1140288 kB
MemAvailable:    1523616 kB
Buffers:           55844 kB
Cached:           438332 kB
MemTotal:        1844596 kB
MemFree:         1136876 kB
MemAvailable:    1520204 kB
Buffers:           55844 kB
Cached:           438332 kB
MemTotal:        1844596 kB
MemFree:         1137784 kB
MemAvailable:    1521112 kB
Buffers:           55844 kB
Cached:           438332 kB
MemTotal:        1844596 kB
MemFree:         1138124 kB
MemAvailable:    1521452 kB
Buffers:           55844 kB
Cached:           438332 kB
MemTotal:        1844596 kB
MemFree:         1137896 kB
MemAvailable:    1521224 kB
Buffers:           55844 kB
Cached:           438332 kB
MemTotal:        1844596 kB
MemFree:         1138148 kB
MemAvailable:    1521476 kB
Buffers:           55844 kB
Cached:           438332 kB
MemTotal:        1844596 kB
MemFree:         1137736 kB
MemAvailable:    1521064 kB
Buffers:           55844 kB
Cached:           438332 kB
MemTotal:        1844596 kB
MemFree:         1137808 kB
MemAvailable:    1521136 kB
Buffers:           55844 kB
Cached:           438332 kB
MemTotal:        1844596 kB
MemFree:         1137496 kB
MemAvailable:    1520824 kB
Buffers:           55844 kB
Cached:           438332 kB
MemTotal:        1844596 kB
MemFree:         1136444 kB
MemAvailable:    1519772 kB
Buffers:           55844 kB
Cached:           438332 kB
MemTotal:        1844596 kB
MemFree:         1134832 kB
MemAvailable:    1518160 kB
Buffers:           55844 kB
Cached:           438332 kB
MemTotal:        1844596 kB
MemFree:         1135760 kB
MemAvailable:    1519088 kB
Buffers:           55844 kB
Cached:           438332 kB
MemTotal:        1844596 kB
MemFree:         1134328 kB
MemAvailable:    1517656 kB
Buffers:           55844 kB
Cached:           438332 kB
MemTotal:        1844596 kB
MemFree:         1135364 kB
MemAvailable:    1518692 kB
Buffers:           55844 kB
Cached:           438332 kB
MemTotal:        1844596 kB
MemFree:         1134460 kB
MemAvailable:    1517788 kB
Buffers:           55844 kB
Cached:           438332 kB
MemTotal:        1844596 kB
MemFree:         1135388 kB
MemAvailable:    1518716 kB
Buffers:           55844 kB
Cached:           438332 kB
MemTotal:        1844596 kB
MemFree:         1135512 kB
MemAvailable:    1518840 kB
Buffers:           55844 kB
Cached:           438332 kB
MemTotal:        1844596 kB
MemFree:         1133952 kB
MemAvailable:    1517280 kB
Buffers:           55844 kB
Cached:           438332 kB
MemTotal:        1844596 kB
MemFree:         1135272 kB
MemAvailable:    1518600 kB
Buffers:           55844 kB
Cached:           438332 kB
MemTotal:        1844596 kB
MemFree:         1135664 kB
MemAvailable:    1518992 kB
Buffers:           55844 kB
Cached:           438332 kB
MemTotal:        1844596 kB
MemFree:         1135496 kB
MemAvailable:    1518824 kB
Buffers:           55844 kB
Cached:           438332 kB
MemTotal:        1844596 kB
MemFree:         1133948 kB
MemAvailable:    1517276 kB
Buffers:           55844 kB
Cached:           438332 kB
MemTotal:        1844596 kB
MemFree:         1133512 kB
MemAvailable:    1516840 kB
Buffers:           55844 kB
Cached:           438332 kB
MemTotal:        1844596 kB
MemFree:         1133096 kB
MemAvailable:    1516424 kB
Buffers:           55844 kB
Cached:           438332 kB
MemTotal:        1844596 kB
MemFree:         1132412 kB
MemAvailable:    1515740 kB
Buffers:           55844 kB
Cached:           438332 kB
MemTotal:        1844596 kB
MemFree:         1131352 kB
MemAvailable:    1514680 kB
Buffers:           55844 kB
Cached:           438332 kB
MemTotal:        1844596 kB
MemFree:         1132040 kB
MemAvailable:    1515368 kB
Buffers:           55844 kB
Cached:           438332 kB
MemTotal:        1844596 kB
MemFree:         1131848 kB
MemAvailable:    1515176 kB
Buffers:           55844 kB
Cached:           438332 kB
MemTotal:        1844596 kB
MemFree:         1130112 kB
MemAvailable:    1513440 kB
Buffers:           55844 kB
Cached:           438332 kB
MemTotal:        1844596 kB
MemFree:         1131420 kB
MemAvailable:    1514748 kB
Buffers:           55844 kB
Cached:           438332 kB
MemTotal:        1844596 kB
MemFree:         1131484 kB
MemAvailable:    1514812 kB
Buffers:           55844 kB
Cached:           438332 kB
MemTotal:        1844596 kB
MemFree:         1130120 kB
MemAvailable:    1513448 kB
Buffers:           55844 kB
Cached:           438332 kB
MemTotal:        1844596 kB
MemFree:         1129864 kB
MemAvailable:    1513192 kB
Buffers:           55844 kB
Cached:           438332 kB
MemTotal:        1844596 kB
MemFree:         1130864 kB
MemAvailable:    1514192 kB
Buffers:           55844 kB
Cached:           438332 kB
MemTotal:        1844596 kB
MemFree:         1129492 kB
MemAvailable:    1512820 kB
Buffers:           55844 kB
Cached:           438332 kB
MemTotal:        1844596 kB
MemFree:         1130552 kB
MemAvailable:    1513880 kB
Buffers:           55844 kB
Cached:           438332 kB
MemTotal:        1844596 kB
MemFree:         1128824 kB
MemAvailable:    1512152 kB
Buffers:           55844 kB
Cached:           438332 kB
MemTotal:        1844596 kB
MemFree:         1129116 kB
MemAvailable:    1512444 kB
Buffers:           55844 kB
Cached:           438332 kB
MemTotal:        1844596 kB
MemFree:         1129116 kB
MemAvailable:    1512444 kB
Buffers:           55844 kB
Cached:           438332 kB
MemTotal:        1844596 kB
MemFree:         1128984 kB
MemAvailable:    1512312 kB
Buffers:           55844 kB
Cached:           438332 kB
MemTotal:        1844596 kB
MemFree:         1130416 kB
MemAvailable:    1513744 kB
Buffers:           55844 kB
Cached:           438332 kB
MemTotal:        1844596 kB
MemFree:         1130472 kB
MemAvailable:    1513800 kB
Buffers:           55844 kB
Cached:           438332 kB
MemTotal:        1844596 kB
MemFree:         1130368 kB
MemAvailable:    1513696 kB
Buffers:           55844 kB
Cached:           438332 kB
MemTotal:        1844596 kB
MemFree:         1129984 kB
MemAvailable:    1513312 kB
Buffers:           55844 kB
Cached:           438332 kB
MemTotal:        1844596 kB
MemFree:         1130236 kB
MemAvailable:    1513564 kB
Buffers:           55844 kB
Cached:           438332 kB
MemTotal:        1844596 kB
MemFree:         1128796 kB
MemAvailable:    1512124 kB
Buffers:           55844 kB
Cached:           438332 kB
MemTotal:        1844596 kB
MemFree:         1128624 kB
MemAvailable:    1511952 kB
Buffers:           55844 kB
Cached:           438332 kB
MemTotal:        1844596 kB
MemFree:         1128500 kB
MemAvailable:    1511828 kB
Buffers:           55844 kB
Cached:           438332 kB
MemTotal:        1844596 kB
MemFree:         1128508 kB
MemAvailable:    1511836 kB
Buffers:           55844 kB
Cached:           438332 kB
MemTotal:        1844596 kB
MemFree:         1128252 kB
MemAvailable:    1511580 kB
Buffers:           55844 kB
Cached:           438332 kB
MemTotal:        1844596 kB
MemFree:         1128368 kB
MemAvailable:    1511696 kB
Buffers:           55844 kB
Cached:           438332 kB
MemTotal:        1844596 kB
MemFree:         1129552 kB
MemAvailable:    1512880 kB
Buffers:           55844 kB
Cached:           438332 kB
MemTotal:        1844596 kB
MemFree:         1129552 kB
MemAvailable:    1512880 kB
Buffers:           55844 kB
Cached:           438332 kB
MemTotal:        1844596 kB
MemFree:         1128260 kB
MemAvailable:    1511588 kB
Buffers:           55844 kB
Cached:           438332 kB
MemTotal:        1844596 kB
MemFree:         1129360 kB
MemAvailable:    1512688 kB
Buffers:           55844 kB
Cached:           438332 kB
MemTotal:        1844596 kB
MemFree:         1128756 kB
MemAvailable:    1512084 kB
Buffers:           55844 kB
Cached:           438332 kB
MemTotal:        1844596 kB
MemFree:         1129256 kB
MemAvailable:    1512584 kB
Buffers:           55844 kB
Cached:           438332 kB
MemTotal:        1844596 kB
MemFree:         1128384 kB
MemAvailable:    1511712 kB
Buffers:           55844 kB
Cached:           438332 kB
MemTotal:        1844596 kB
MemFree:         1127764 kB
MemAvailable:    1511092 kB
Buffers:           55844 kB
Cached:           438332 kB
MemTotal:        1844596 kB
MemFree:         1124640 kB
MemAvailable:    1507968 kB
Buffers:           55844 kB
Cached:           438332 kB
MemTotal:        1844596 kB
MemFree:         1124160 kB
MemAvailable:    1507488 kB
Buffers:           55844 kB
Cached:           438332 kB
MemTotal:        1844596 kB
MemFree:         1121996 kB
MemAvailable:    1505324 kB
Buffers:           55844 kB
Cached:           438332 kB
MemTotal:        1844596 kB
MemFree:         1121804 kB
MemAvailable:    1505132 kB
Buffers:           55844 kB
Cached:           438332 kB
MemTotal:        1844596 kB
MemFree:         1121748 kB
MemAvailable:    1505076 kB
Buffers:           55844 kB
Cached:           438332 kB
MemTotal:        1844596 kB
MemFree:         1121436 kB
MemAvailable:    1504764 kB
Buffers:           55844 kB
Cached:           438332 kB
MemTotal:        1844596 kB
MemFree:         1121300 kB
MemAvailable:    1504636 kB
Buffers:           55844 kB
Cached:           438340 kB
MemTotal:        1844596 kB
MemFree:         1120696 kB
MemAvailable:    1504032 kB
Buffers:           55844 kB
Cached:           438340 kB
MemTotal:        1844596 kB
MemFree:         1121460 kB
MemAvailable:    1504796 kB
Buffers:           55844 kB
Cached:           438340 kB
MemTotal:        1844596 kB
MemFree:         1121516 kB
MemAvailable:    1504852 kB
Buffers:           55844 kB
Cached:           438340 kB
MemTotal:        1844596 kB
MemFree:         1120200 kB
MemAvailable:    1503536 kB
Buffers:           55844 kB
Cached:           438340 kB
MemTotal:        1844596 kB
MemFree:         1120160 kB
MemAvailable:    1503496 kB
Buffers:           55844 kB
Cached:           438340 kB
MemTotal:        1844596 kB
MemFree:         1121440 kB
MemAvailable:    1504776 kB
Buffers:           55844 kB
Cached:           438340 kB
MemTotal:        1844596 kB
MemFree:         1120572 kB
MemAvailable:    1503908 kB
Buffers:           55844 kB
Cached:           438340 kB
MemTotal:        1844596 kB
MemFree:         1120068 kB
MemAvailable:    1503404 kB
Buffers:           55844 kB
Cached:           438340 kB
MemTotal:        1844596 kB
MemFree:         1120152 kB
MemAvailable:    1503488 kB
Buffers:           55844 kB
Cached:           438340 kB
MemTotal:        1844596 kB
MemFree:         1120020 kB
MemAvailable:    1503356 kB
Buffers:           55844 kB
Cached:           438340 kB
MemTotal:        1844596 kB
MemFree:         1119704 kB
MemAvailable:    1503040 kB
Buffers:           55844 kB
Cached:           438340 kB
MemTotal:        1844596 kB
MemFree:         1121140 kB
MemAvailable:    1504476 kB
Buffers:           55844 kB
Cached:           438340 kB
MemTotal:        1844596 kB
MemFree:         1120508 kB
MemAvailable:    1503844 kB
Buffers:           55844 kB
Cached:           438340 kB
MemTotal:        1844596 kB
MemFree:         1118712 kB
MemAvailable:    1502048 kB
Buffers:           55844 kB
Cached:           438340 kB
MemTotal:        1844596 kB
MemFree:         1120036 kB
MemAvailable:    1503372 kB
Buffers:           55844 kB
Cached:           438340 kB
MemTotal:        1844596 kB
MemFree:         1119640 kB
MemAvailable:    1502976 kB
Buffers:           55844 kB
Cached:           438340 kB
MemTotal:        1844596 kB
MemFree:         1118580 kB
MemAvailable:    1501916 kB
Buffers:           55844 kB
Cached:           438340 kB
MemTotal:        1844596 kB
MemFree:         1118664 kB
MemAvailable:    1502000 kB
Buffers:           55844 kB
Cached:           438340 kB
MemTotal:        1844596 kB
MemFree:         1118512 kB
MemAvailable:    1501848 kB
Buffers:           55844 kB
Cached:           438340 kB
MemTotal:        1844596 kB
MemFree:         1116728 kB
MemAvailable:    1500064 kB
Buffers:           55844 kB
Cached:           438340 kB
MemTotal:        1844596 kB
MemFree:         1116596 kB
MemAvailable:    1499932 kB
Buffers:           55844 kB
Cached:           438340 kB
MemTotal:        1844596 kB
MemFree:         1117844 kB
MemAvailable:    1501180 kB
Buffers:           55844 kB
Cached:           438340 kB
MemTotal:        1844596 kB
MemFree:         1116348 kB
MemAvailable:    1499684 kB
Buffers:           55844 kB
Cached:           438340 kB
MemTotal:        1844596 kB
MemFree:         1117448 kB
MemAvailable:    1500784 kB
Buffers:           55844 kB
Cached:           438340 kB
MemTotal:        1844596 kB
MemFree:         1116976 kB
MemAvailable:    1500312 kB
Buffers:           55844 kB
Cached:           438340 kB
MemTotal:        1844596 kB
MemFree:         1117404 kB
MemAvailable:    1500740 kB
Buffers:           55844 kB
Cached:           438340 kB
MemTotal:        1844596 kB
MemFree:         1117404 kB
MemAvailable:    1500740 kB
Buffers:           55844 kB
Cached:           438340 kB
MemTotal:        1844596 kB
MemFree:         1117320 kB
MemAvailable:    1500656 kB
Buffers:           55844 kB
Cached:           438340 kB
MemTotal:        1844596 kB
MemFree:         1117656 kB
MemAvailable:    1500992 kB
Buffers:           55844 kB
Cached:           438340 kB
MemTotal:        1844596 kB
MemFree:         1116164 kB
MemAvailable:    1499500 kB
Buffers:           55844 kB
Cached:           438340 kB
MemTotal:        1844596 kB
MemFree:         1115852 kB
MemAvailable:    1499188 kB
Buffers:           55844 kB
Cached:           438340 kB
MemTotal:        1844596 kB
MemFree:         1117136 kB
MemAvailable:    1500472 kB
Buffers:           55844 kB
Cached:           438340 kB
MemTotal:        1844596 kB
MemFree:         1113316 kB
MemAvailable:    1496652 kB
Buffers:           55844 kB
Cached:           438340 kB
MemTotal:        1844596 kB
MemFree:         1109520 kB
MemAvailable:    1492856 kB
Buffers:           55844 kB
Cached:           438340 kB
MemTotal:        1844596 kB
MemFree:         1109412 kB
MemAvailable:    1492748 kB
Buffers:           55844 kB
Cached:           438340 kB
MemTotal:        1844596 kB
MemFree:         1109340 kB
MemAvailable:    1492676 kB
Buffers:           55844 kB
Cached:           438340 kB
MemTotal:        1844596 kB
MemFree:         1109592 kB
MemAvailable:    1492928 kB
Buffers:           55844 kB
Cached:           438340 kB
MemTotal:        1844596 kB
MemFree:         1109604 kB
MemAvailable:    1492940 kB
Buffers:           55844 kB
Cached:           438340 kB
MemTotal:        1844596 kB
MemFree:         1109536 kB
MemAvailable:    1492872 kB
Buffers:           55844 kB
Cached:           438340 kB
MemTotal:        1844596 kB
MemFree:         1111388 kB
MemAvailable:    1494724 kB
Buffers:           55844 kB
Cached:           438340 kB
MemTotal:        1844596 kB
MemFree:         1111452 kB
MemAvailable:    1494788 kB
Buffers:           55844 kB
Cached:           438340 kB
MemTotal:        1844596 kB
MemFree:         1110032 kB
MemAvailable:    1493452 kB
Buffers:           55844 kB
Cached:           438464 kB
MemTotal:        1844596 kB
MemFree:         1110636 kB
MemAvailable:    1494228 kB
Buffers:           55844 kB
Cached:           438592 kB
MemTotal:        1844596 kB
MemFree:         1110972 kB
MemAvailable:    1494564 kB
Buffers:           55844 kB
Cached:           438592 kB
MemTotal:        1844596 kB
MemFree:         1109396 kB
MemAvailable:    1493156 kB
Buffers:           55844 kB
Cached:           438840 kB
MemTotal:        1844596 kB
MemFree:         1110504 kB
MemAvailable:    1494432 kB
Buffers:           55844 kB
Cached:           438964 kB
MemTotal:        1844596 kB
MemFree:         1110404 kB
MemAvailable:    1494332 kB
Buffers:           55844 kB
Cached:           438964 kB
MemTotal:        1844596 kB
MemFree:         1110284 kB
MemAvailable:    1494212 kB
Buffers:           55844 kB
Cached:           438964 kB
MemTotal:        1844596 kB
MemFree:         1109012 kB
MemAvailable:    1492940 kB
Buffers:           55844 kB
Cached:           438964 kB
MemTotal:        1844596 kB
MemFree:         1108972 kB
MemAvailable:    1492900 kB
Buffers:           55844 kB
Cached:           439088 kB
MemTotal:        1844596 kB
MemFree:         1110272 kB
MemAvailable:    1494284 kB
Buffers:           55844 kB
Cached:           439088 kB
MemTotal:        1844596 kB
MemFree:         1110068 kB
MemAvailable:    1494080 kB
Buffers:           55844 kB
Cached:           439088 kB
MemTotal:        1844596 kB
MemFree:         1110404 kB
MemAvailable:    1494416 kB
Buffers:           55844 kB
Cached:           439088 kB
MemTotal:        1844596 kB
MemFree:         1110268 kB
MemAvailable:    1494280 kB
Buffers:           55844 kB
Cached:           439088 kB
MemTotal:        1844596 kB
MemFree:         1110720 kB
MemAvailable:    1494060 kB
Buffers:           55844 kB
Cached:           438456 kB
MemTotal:        1844596 kB
MemFree:         1110972 kB
MemAvailable:    1494312 kB
Buffers:           55844 kB
Cached:           438456 kB
