MemTotal:        1844596 kB
MemFree:         1146404 kB
MemAvailable:    1560576 kB
Buffers:           59080 kB
Cached:           463540 kB
MemTotal:        1844596 kB
MemFree:         1119024 kB
MemAvailable:    1533204 kB
Buffers:           59080 kB
Cached:           463544 kB
MemTotal:        1844596 kB
MemFree:         1118016 kB
MemAvailable:    1532196 kB
Buffers:           59080 kB
Cached:           463544 kB
MemTotal:        1844596 kB
MemFree:         1117040 kB
MemAvailable:    1531220 kB
Buffers:           59080 kB
Cached:           463544 kB
MemTotal:        1844596 kB
MemFree:         1116852 kB
MemAvailable:    1531032 kB
Buffers:           59080 kB
Cached:           463544 kB
MemTotal:        1844596 kB
MemFree:         1115428 kB
MemAvailable:    1529608 kB
Buffers:           59080 kB
Cached:           463544 kB
MemTotal:        1844596 kB
MemFree:         1112684 kB
MemAvailable:    1526864 kB
Buffers:           59080 kB
Cached:           463544 kB
MemTotal:        1844596 kB
MemFree:         1114312 kB
MemAvailable:    1528492 kB
Buffers:           59080 kB
Cached:           463544 kB
MemTotal:        1844596 kB
MemFree:         1110956 kB
MemAvailable:    1525136 kB
Buffers:           59080 kB
Cached:           463544 kB
MemTotal:        1844596 kB
MemFree:         1108856 kB
MemAvailable:    1523036 kB
Buffers:           59080 kB
Cached:           463544 kB
MemTotal:        1844596 kB
MemFree:         1104252 kB
MemAvailable:    1518432 kB
Buffers:           59080 kB
Cached:           463544 kB
MemTotal:        1844596 kB
MemFree:         1104336 kB
MemAvailable:    1518516 kB
Buffers:           59080 kB
Cached:           463544 kB
MemTotal:        1844596 kB
MemFree:         1105336 kB
MemAvailable:    1519516 kB
Buffers:           59080 kB
Cached:           463544 kB
MemTotal:        1844596 kB
MemFree:         1105012 kB
MemAvailable:    1519192 kB
Buffers:           59080 kB
Cached:           463544 kB
MemTotal:        1844596 kB
MemFree:         1105440 kB
MemAvailable:    1519620 kB
Buffers:           59080 kB
Cached:           463544 kB
MemTotal:        1844596 kB
MemFree:         1105384 kB
MemAvailable:    1519564 kB
Buffers:           59080 kB
Cached:           463544 kB
MemTotal:        1844596 kB
MemFree:         1105188 kB
MemAvailable:    1519368 kB
Buffers:           59080 kB
Cached:           463544 kB
MemTotal:        1844596 kB
MemFree:         1104764 kB
MemAvailable:    1518944 kB
Buffers:           59080 kB
Cached:           463544 kB
MemTotal:        1844596 kB
MemFree:         1103756 kB
MemAvailable:    1517936 kB
Buffers:           59080 kB
Cached:           463544 kB
MemTotal:        1844596 kB
MemFree:         1103400 kB
MemAvailable:    1517580 kB
Buffers:           59080 kB
Cached:           463544 kB
MemTotal:        1844596 kB
MemFree:         1103212 kB
MemAvailable:    1517392 kB
Buffers:           59080 kB
Cached:           463544 kB
MemTotal:        1844596 kB
MemFree:         1101904 kB
MemAvailable:    1516084 kB
Buffers:           59080 kB
Cached:           463544 kB
MemTotal:        1844596 kB
MemFree:         1102988 kB
MemAvailable:    1517168 kB
Buffers:           59080 kB
Cached:           463544 kB
MemTotal:        1844596 kB
MemFree:         1101744 kB
MemAvailable:    1515924 kB
Buffers:           59080 kB
Cached:           463544 kB
MemTotal:        1844596 kB
MemFree:         1103104 kB
MemAvailable:    1517284 kB
Buffers:           59080 kB
Cached:           463544 kB
MemTotal:        1844596 kB
MemFree:         1103012 kB
MemAvailable:    1517192 kB
Buffers:           59080 kB
Cached:           463544 kB
MemTotal:        1844596 kB
MemFree:         1102900 kB
MemAvailable:    1517080 kB
Buffers:           59080 kB
Cached:           463544 kB
MemTotal:        1844596 kB
MemFree:         1104520 kB
MemAvailable:    1518700 kB
Buffers:           59080 kB
Cached:           463544 kB
MemTotal:        1844596 kB
MemFree:         1104540 kB
MemAvailable:    1518720 kB
Buffers:           59080 kB
Cached:           463544 kB
MemTotal:        1844596 kB
MemFree:         1103876 kB
MemAvailable:    1518056 kB
Buffers:           59080 kB
Cached:           463544 kB
MemTotal:        1844596 kB
MemFree:         1101664 kB
MemAvailable:    1515844 kB
Buffers:           59080 kB
Cached:           463544 kB
MemTotal:        1844596 kB
MemFree:         1100796 kB
MemAvailable:    1514976 kB
Buffers:           59080 kB
Cached:           463544 kB
MemTotal:        1844596 kB
MemFree:         1099184 kB
MemAvailable:    1513364 kB
Buffers:           59080 kB
Cached:           463544 kB
MemTotal:        1844596 kB
MemFree:         1098556 kB
MemAvailable:    1512736 kB
Buffers:           59080 kB
Cached:           463544 kB
MemTotal:        1844596 kB
MemFree:         1098432 kB
MemAvailable:    1512612 kB
Buffers:           59080 kB
Cached:           463544 kB
MemTotal:        1844596 kB
MemFree:         1097696 kB
MemAvailable:    1511876 kB
Buffers:           59080 kB
Cached:           463544 kB
MemTotal:        1844596 kB
MemFree:         1097688 kB
MemAvailable:    1511868 kB
Buffers:           59080 kB
Cached:           463544 kB
MemTotal:        1844596 kB
MemFree:         1097688 kB
MemAvailable:    1511868 kB
Buffers:           59080 kB
Cached:           463544 kB
MemTotal:        1844596 kB
MemFree:         1098996 kB
MemAvailable:    1513176 kB
Buffers:           59080 kB
Cached:           463544 kB
MemTotal:        1844596 kB
MemFree:         1097696 kB
MemAvailable:    1511876 kB
Buffers:           59080 kB
Cached:           463544 kB
MemTotal:        1844596 kB
MemFree:         1098748 kB
MemAvailable:    1512928 kB
Buffers:           59080 kB
Cached:           463544 kB
MemTotal:        1844596 kB
MemFree:         1097448 kB
MemAvailable:    1511628 kB
Buffers:           59080 kB
Cached:           463544 kB
MemTotal:        1844596 kB
MemFree:         1096952 kB
MemAvailable:    1511132 kB
Buffers:           59080 kB
Cached:           463544 kB
MemTotal:        1844596 kB
MemFree:         1096944 kB
MemAvailable:    1511124 kB
Buffers:           59080 kB
Cached:           463544 kB
MemTotal:        1844596 kB
MemFree:         1097888 kB
MemAvailable:    1512068 kB
Buffers:           59080 kB
Cached:           463544 kB
MemTotal:        1844596 kB
MemFree:         1097784 kB
MemAvailable:    1511964 kB
Buffers:           59080 kB
Cached:           463544 kB
MemTotal:        1844596 kB
MemFree:         1097696 kB
MemAvailable:    1511876 kB
Buffers:           59080 kB
Cached:           463544 kB
MemTotal:        1844596 kB
MemFree:         1097824 kB
MemAvailable:    1512004 kB
Buffers:           59080 kB
Cached:           463544 kB
MemTotal:        1844596 kB
MemFree:         1096392 kB
MemAvailable:    1510572 kB
Buffers:           59080 kB
Cached:           463544 kB
MemTotal:        1844596 kB
MemFree:         1096560 kB
MemAvailable:    1510740 kB
Buffers:           59080 kB
Cached:           463544 kB
MemTotal:        1844596 kB
MemFree:         1096552 kB
MemAvailable:    1510732 kB
Buffers:           59080 kB
Cached:           463544 kB
MemTotal:        1844596 kB
MemFree:         1096552 kB
MemAvailable:    1510732 kB
Buffers:           59080 kB
Cached:           463544 kB
MemTotal:        1844596 kB
MemFree:         1096552 kB
MemAvailable:    1510732 kB
Buffers:           59080 kB
Cached:           463544 kB
MemTotal:        1844596 kB
MemFree:         1096560 kB
MemAvailable:    1510740 kB
Buffers:           59080 kB
Cached:           463544 kB
MemTotal:        1844596 kB
MemFree:         1096324 kB
MemAvailable:    1510504 kB
Buffers:           59080 kB
Cached:           463544 kB
MemTotal:        1844596 kB
MemFree:         1096324 kB
MemAvailable:    1510504 kB
Buffers:           59080 kB
Cached:           463544 kB
MemTotal:        1844596 kB
MemFree:         1097244 kB
MemAvailable:    1511424 kB
Buffers:           59080 kB
Cached:           463544 kB
MemTotal:        1844596 kB
MemFree:         1095524 kB
MemAvailable:    1509704 kB
Buffers:           59080 kB
Cached:           463544 kB
MemTotal:        1844596 kB
MemFree:         1095640 kB
MemAvailable:    1509820 kB
Buffers:           59080 kB
Cached:           463544 kB
MemTotal:        1844596 kB
MemFree:         1096948 kB
MemAvailable:    1511128 kB
Buffers:           59080 kB
Cached:           463544 kB
MemTotal:        1844596 kB
MemFree:         1095808 kB
MemAvailable:    1509988 kB
Buffers:           59080 kB
Cached:           463544 kB
MemTotal:        1844596 kB
MemFree:         1095684 kB
MemAvailable:    1509864 kB
Buffers:           59080 kB
Cached:           463544 kB
MemTotal:        1844596 kB
MemFree:         1095684 kB
MemAvailable:    1509864 kB
Buffers:           59080 kB
Cached:           463544 kB
MemTotal:        1844596 kB
MemFree:         1095676 kB
MemAvailable:    1509856 kB
Buffers:           59080 kB
Cached:           463544 kB
MemTotal:        1844596 kB
MemFree:         1095676 kB
MemAvailable:    1509856 kB
Buffers:           59080 kB
Cached:           463544 kB
MemTotal:        1844596 kB
MemFree:         1095552 kB
MemAvailable:    1509732 kB
Buffers:           59080 kB
Cached:           463544 kB
MemTotal:        1844596 kB
MemFree:         1093720 kB
MemAvailable:    1507900 kB
Buffers:           59080 kB
Cached:           463544 kB
MemTotal:        1844596 kB
MemFree:         1091372 kB
MemAvailable:    1505552 kB
Buffers:           59080 kB
Cached:           463544 kB
MemTotal:        1844596 kB
MemFree:         1089132 kB
MemAvailable:    1503312 kB
Buffers:           59080 kB
Cached:           463544 kB
MemTotal:        1844596 kB
MemFree:         1089448 kB
MemAvailable:    1503628 kB
Buffers:           59080 kB
Cached:           463544 kB
MemTotal:        1844596 kB
MemFree:         1087720 kB
MemAvailable:    1501900 kB
Buffers:           59080 kB
Cached:           463544 kB
MemTotal:        1844596 kB
MemFree:         1088956 kB
MemAvailable:    1503136 kB
Buffers:           59080 kB
Cached:           463544 kB
MemTotal:        1844596 kB
MemFree:         1087584 kB
MemAvailable:    1501764 kB
Buffers:           59080 kB
Cached:           463544 kB
MemTotal:        1844596 kB
MemFree:         1088992 kB
MemAvailable:    1503172 kB
Buffers:           59080 kB
Cached:           463544 kB
MemTotal:        1844596 kB
MemFree:         1089104 kB
MemAvailable:    1503284 kB
Buffers:           59080 kB
Cached:           463544 kB
MemTotal:        1844596 kB
MemFree:         1088844 kB
MemAvailable:    1503024 kB
Buffers:           59080 kB
Cached:           463544 kB
MemTotal:        1844596 kB
MemFree:         1088520 kB
MemAvailable:    1502700 kB
Buffers:           59080 kB
Cached:           463544 kB
MemTotal:        1844596 kB
MemFree:         1089004 kB
MemAvailable:    1503184 kB
Buffers:           59080 kB
Cached:           463544 kB
MemTotal:        1844596 kB
MemFree:         1089144 kB
MemAvailable:    1503324 kB
Buffers:           59080 kB
Cached:           463544 kB
MemTotal:        1844596 kB
MemFree:         1088928 kB
MemAvailable:    1503108 kB
Buffers:           59080 kB
Cached:           463544 kB
MemTotal:        1844596 kB
MemFree:         1087580 kB
MemAvailable:    1501760 kB
Buffers:           59080 kB
Cached:           463544 kB
MemTotal:        1844596 kB
MemFree:         1088820 kB
MemAvailable:    1503000 kB
Buffers:           59080 kB
Cached:           463544 kB
MemTotal:        1844596 kB
MemFree:         1088880 kB
MemAvailable:    1503060 kB
Buffers:           59080 kB
Cached:           463544 kB
MemTotal:        1844596 kB
MemFree:         1087156 kB
MemAvailable:    1501336 kB
Buffers:           59080 kB
Cached:           463544 kB
MemTotal:        1844596 kB
MemFree:         1087520 kB
MemAvailable:    1501700 kB
Buffers:           59080 kB
Cached:           463544 kB
MemTotal:        1844596 kB
MemFree:         1087388 kB
MemAvailable:    1501576 kB
Buffers:           59080 kB
Cached:           463552 kB
MemTotal:        1844596 kB
MemFree:         1086536 kB
MemAvailable:    1500724 kB
Buffers:           59080 kB
Cached:           463552 kB
MemTotal:        1844596 kB
MemFree:         1086960 kB
MemAvailable:    1501148 kB
Buffers:           59080 kB
Cached:           463552 kB
MemTotal:        1844596 kB
MemFree:         1087296 kB
MemAvailable:    1501484 kB
Buffers:           59080 kB
Cached:           463552 kB
MemTotal:        1844596 kB
MemFree:         1086164 kB
MemAvailable:    1500352 kB
Buffers:           59080 kB
Cached:           463552 kB
MemTotal:        1844596 kB
MemFree:         1084792 kB
MemAvailable:    1498980 kB
Buffers:           59080 kB
Cached:           463552 kB
MemTotal:        1844596 kB
MemFree:         1084792 kB
MemAvailable:    1498980 kB
Buffers:           59080 kB
Cached:           463552 kB
MemTotal:        1844596 kB
MemFree:         1085280 kB
MemAvailable:    1499468 kB
Buffers:           59080 kB
Cached:           463552 kB
MemTotal:        1844596 kB
MemFree:         1085532 kB
MemAvailable:    1499720 kB
Buffers:           59080 kB
Cached:           463552 kB
MemTotal:        1844596 kB
MemFree:         1083912 kB
MemAvailable:    1498100 kB
Buffers:           59080 kB
Cached:           463552 kB
MemTotal:        1844596 kB
MemFree:         1084056 kB
MemAvailable:    1498244 kB
Buffers:           59080 kB
Cached:           463552 kB
MemTotal:        1844596 kB
MemFree:         1083676 kB
MemAvailable:    1497864 kB
Buffers:           59080 kB
Cached:           463552 kB
MemTotal:        1844596 kB
MemFree:         1083752 kB
MemAvailable:    1497940 kB
Buffers:           59080 kB
Cached:           463552 kB
MemTotal:        1844596 kB
MemFree:         1083796 kB
MemAvailable:    1497984 kB
Buffers:           59080 kB
Cached:           463552 kB
MemTotal:        1844596 kB
MemFree:         1083788 kB
MemAvailable:    1497976 kB
Buffers:           59080 kB
Cached:           463552 kB
MemTotal:        1844596 kB
MemFree:         1083788 kB
MemAvailable:    1497976 kB
Buffers:           59080 kB
Cached:           463552 kB
MemTotal:        1844596 kB
MemFree:         1083748 kB
MemAvailable:    1497936 kB
Buffers:           59080 kB
Cached:           463552 kB
MemTotal:        1844596 kB
MemFree:         1083916 kB
MemAvailable:    1498104 kB
Buffers:           59080 kB
Cached:           463552 kB
MemTotal:        1844596 kB
MemFree:         1083052 kB
MemAvailable:    1497240 kB
Buffers:           59080 kB
Cached:           463552 kB
MemTotal:        1844596 kB
MemFree:         1083048 kB
MemAvailable:    1497236 kB
Buffers:           59080 kB
Cached:           463552 kB
MemTotal:        1844596 kB
MemFree:         1077412 kB
MemAvailable:    1491600 kB
Buffers:           59080 kB
Cached:           463552 kB
MemTotal:        1844596 kB
MemFree:         1075988 kB
MemAvailable:    1490176 kB
Buffers:           59080 kB
Cached:           463552 kB
MemTotal:        1844596 kB
MemFree:         1077352 kB
MemAvailable:    1491540 kB
Buffers:           59080 kB
Cached:           463552 kB
MemTotal:        1844596 kB
MemFree:         1077212 kB
MemAvailable:    1491400 kB
Buffers:           59080 kB
Cached:           463552 kB
MemTotal:        1844596 kB
MemFree:         1076740 kB
MemAvailable:    1490928 kB
Buffers:           59080 kB
Cached:           463552 kB
MemTotal:        1844596 kB
MemFree:         1078764 kB
MemAvailable:    1492952 kB
Buffers:           59080 kB
Cached:           463552 kB
MemTotal:        1844596 kB
MemFree:         1079016 kB
MemAvailable:    1493204 kB
Buffers:           59080 kB
Cached:           463552 kB
MemTotal:        1844596 kB
MemFree:         1078592 kB
MemAvailable:    1492864 kB
Buffers:           59080 kB
Cached:           463676 kB
MemTotal:        1844596 kB
MemFree:         1077212 kB
MemAvailable:    1491568 kB
Buffers:           59080 kB
Cached:           463676 kB
MemTotal:        1844596 kB
MemFree:         1078512 kB
MemAvailable:    1492952 kB
Buffers:           59080 kB
Cached:           463924 kB
MemTotal:        1844596 kB
MemFree:         1078352 kB
MemAvailable:    1492960 kB
Buffers:           59080 kB
Cached:           464048 kB
MemTotal:        1844596 kB
MemFree:         1076856 kB
MemAvailable:    1491632 kB
Buffers:           59080 kB
Cached:           464172 kB
MemTotal:        1844596 kB
MemFree:         1078292 kB
MemAvailable:    1493152 kB
Buffers:           59080 kB
Cached:           464172 kB
MemTotal:        1844596 kB
MemFree:         1077848 kB
MemAvailable:    1492708 kB
Buffers:           59080 kB
Cached:           464296 kB
MemTotal:        1844596 kB
MemFree:         1077660 kB
MemAvailable:    1492520 kB
Buffers:           59080 kB
Cached:           464296 kB
MemTotal:        1844596 kB
MemFree:         1077236 kB
MemAvailable:    1492096 kB
Buffers:           59080 kB
Cached:           464296 kB
MemTotal:        1844596 kB
MemFree:         1077844 kB
MemAvailable:    1492704 kB
Buffers:           59080 kB
Cached:           464296 kB
MemTotal:        1844596 kB
MemFree:         1076864 kB
MemAvailable:    1491724 kB
Buffers:           59080 kB
Cached:           464296 kB
MemTotal:        1844596 kB
MemFree:         1077864 kB
MemAvailable:    1492724 kB
Buffers:           59080 kB
Cached:           464296 kB
MemTotal:        1844596 kB
MemFree:         1076432 kB
MemAvailable:    1491292 kB
Buffers:           59080 kB
Cached:           464296 kB
MemTotal:        1844596 kB
MemFree:         1077996 kB
MemAvailable:    1492268 kB
Buffers:           59080 kB
Cached:           463580 kB
MemTotal:        1844596 kB
MemFree:         1142460 kB
MemAvailable:    1556732 kB
Buffers:           59080 kB
Cached:           463580 kB
MemTotal:        1844596 kB
MemFree:         1145496 kB
MemAvailable:    1559768 kB
Buffers:           59080 kB
Cached:           463580 kB
