MemTotal:        1844596 kB
MemFree:         1155052 kB
MemAvailable:    1561164 kB
Buffers:           58152 kB
Cached:           456988 kB
MemTotal:        1844596 kB
MemFree:         1127424 kB
MemAvailable:    1533492 kB
Buffers:           58152 kB
Cached:           456988 kB
MemTotal:        1844596 kB
MemFree:         1127352 kB
MemAvailable:    1533420 kB
Buffers:           58152 kB
Cached:           456988 kB
MemTotal:        1844596 kB
MemFree:         1124068 kB
MemAvailable:    1530136 kB
Buffers:           58152 kB
Cached:           456988 kB
MemTotal:        1844596 kB
MemFree:         1122952 kB
MemAvailable:    1529020 kB
Buffers:           58152 kB
Cached:           456988 kB
MemTotal:        1844596 kB
MemFree:         1122704 kB
MemAvailable:    1528772 kB
Buffers:           58152 kB
Cached:           456988 kB
MemTotal:        1844596 kB
MemFree:         1121216 kB
MemAvailable:    1527284 kB
Buffers:           58152 kB
Cached:           456988 kB
MemTotal:        1844596 kB
MemFree:         1118992 kB
MemAvailable:    1525060 kB
Buffers:           58152 kB
Cached:           456988 kB
MemTotal:        1844596 kB
MemFree:         1116696 kB
MemAvailable:    1522764 kB
Buffers:           58152 kB
Cached:           456988 kB
MemTotal:        1844596 kB
MemFree:         1115520 kB
MemAvailable:    1521588 kB
Buffers:           58152 kB
Cached:           456988 kB
MemTotal:        1844596 kB
MemFree:         1113768 kB
MemAvailable:    1519836 kB
Buffers:           58152 kB
Cached:           456988 kB
MemTotal:        1844596 kB
MemFree:         1113084 kB
MemAvailable:    1519152 kB
Buffers:           58152 kB
Cached:           456988 kB
MemTotal:        1844596 kB
MemFree:         1114280 kB
MemAvailable:    1520348 kB
Buffers:           58152 kB
Cached:           456988 kB
MemTotal:        1844596 kB
MemFree:         1112744 kB
MemAvailable:    1518812 kB
Buffers:           58152 kB
Cached:           456988 kB
MemTotal:        1844596 kB
MemFree:         1112736 kB
MemAvailable:    1518804 kB
Buffers:           58152 kB
Cached:           456988 kB
MemTotal:        1844596 kB
MemFree:         1113288 kB
MemAvailable:    1519356 kB
Buffers:           58152 kB
Cached:           456988 kB
MemTotal:        1844596 kB
MemFree:         1112032 kB
MemAvailable:    1518100 kB
Buffers:           58152 kB
Cached:           456988 kB
MemTotal:        1844596 kB
MemFree:         1111676 kB
MemAvailable:    1517744 kB
Buffers:           58152 kB
Cached:           456988 kB
MemTotal:        1844596 kB
MemFree:         1111604 kB
MemAvailable:    1517672 kB
Buffers:           58152 kB
Cached:           456988 kB
MemTotal:        1844596 kB
MemFree:         1111772 kB
MemAvailable:    1517840 kB
Buffers:           58152 kB
Cached:           456988 kB
MemTotal:        1844596 kB
MemFree:         1111524 kB
MemAvailable:    1517592 kB
Buffers:           58152 kB
Cached:           456988 kB
MemTotal:        1844596 kB
MemFree:         1111552 kB
MemAvailable:    1517620 kB
Buffers:           58152 kB
Cached:           456988 kB
MemTotal:        1844596 kB
MemFree:         1111664 kB
MemAvailable:    1517732 kB
Buffers:           58152 kB
Cached:           456988 kB
MemTotal:        1844596 kB
MemFree:         1110160 kB
MemAvailable:    1516228 kB
Buffers:           58152 kB
Cached:           456988 kB
MemTotal:        1844596 kB
MemFree:         1110376 kB
MemAvailable:    1516444 kB
Buffers:           58152 kB
Cached:           456988 kB
MemTotal:        1844596 kB
MemFree:         1110280 kB
MemAvailable:    1516348 kB
Buffers:           58152 kB
Cached:           456988 kB
MemTotal:        1844596 kB
MemFree:         1112908 kB
MemAvailable:    1518976 kB
Buffers:           58152 kB
Cached:           456988 kB
MemTotal:        1844596 kB
MemFree:         1111788 kB
MemAvailable:    1517856 kB
Buffers:           58152 kB
Cached:           456988 kB
MemTotal:        1844596 kB
MemFree:         1110064 kB
MemAvailable:    1516132 kB
Buffers:           58152 kB
Cached:           456988 kB
MemTotal:        1844596 kB
MemFree:         1108204 kB
MemAvailable:    1514272 kB
Buffers:           58152 kB
Cached:           456988 kB
MemTotal:        1844596 kB
MemFree:         1108808 kB
MemAvailable:    1514876 kB
Buffers:           58152 kB
Cached:           456988 kB
MemTotal:        1844596 kB
MemFree:         1108700 kB
MemAvailable:    1514768 kB
Buffers:           58152 kB
Cached:           456988 kB
MemTotal:        1844596 kB
MemFree:         1108312 kB
MemAvailable:    1514380 kB
Buffers:           58152 kB
Cached:           456988 kB
MemTotal:        1844596 kB
MemFree:         1108396 kB
MemAvailable:    1514464 kB
Buffers:           58152 kB
Cached:           456988 kB
MemTotal:        1844596 kB
MemFree:         1106592 kB
MemAvailable:    1512660 kB
Buffers:           58152 kB
Cached:           456988 kB
MemTotal:        1844596 kB
MemFree:         1107708 kB
MemAvailable:    1513776 kB
Buffers:           58152 kB
Cached:           456988 kB
MemTotal:        1844596 kB
MemFree:         1106336 kB
MemAvailable:    1512404 kB
Buffers:           58152 kB
Cached:           456988 kB
MemTotal:        1844596 kB
MemFree:         1107744 kB
MemAvailable:    1513812 kB
Buffers:           58152 kB
Cached:           456988 kB
MemTotal:        1844596 kB
MemFree:         1107380 kB
MemAvailable:    1513448 kB
Buffers:           58152 kB
Cached:           456988 kB
MemTotal:        1844596 kB
MemFree:         1105724 kB
MemAvailable:    1511792 kB
Buffers:           58152 kB
Cached:           456988 kB
MemTotal:        1844596 kB
MemFree:         1105716 kB
MemAvailable:    1511784 kB
Buffers:           58152 kB
Cached:           456988 kB
MemTotal:        1844596 kB
MemFree:         1105304 kB
MemAvailable:    1511372 kB
Buffers:           58152 kB
Cached:           456988 kB
MemTotal:        1844596 kB
MemFree:         1106420 kB
MemAvailable:    1512488 kB
Buffers:           58152 kB
Cached:           456988 kB
MemTotal:        1844596 kB
MemFree:         1106536 kB
MemAvailable:    1512604 kB
Buffers:           58152 kB
Cached:           456988 kB
MemTotal:        1844596 kB
MemFree:         1105172 kB
MemAvailable:    1511244 kB
Buffers:           58152 kB
Cached:           456992 kB
MemTotal:        1844596 kB
MemFree:         1106480 kB
MemAvailable:    1512552 kB
Buffers:           58152 kB
Cached:           456992 kB
MemTotal:        1844596 kB
MemFree:         1105220 kB
MemAvailable:    1511292 kB
Buffers:           58152 kB
Cached:           456992 kB
MemTotal:        1844596 kB
MemFree:         1105220 kB
MemAvailable:    1511292 kB
Buffers:           58152 kB
Cached:           456992 kB
MemTotal:        1844596 kB
MemFree:         1106316 kB
MemAvailable:    1512388 kB
Buffers:           58152 kB
Cached:           456992 kB
MemTotal:        1844596 kB
MemFree:         1105724 kB
MemAvailable:    1511796 kB
Buffers:           58152 kB
Cached:           456992 kB
MemTotal:        1844596 kB
MemFree:         1106456 kB
MemAvailable:    1512528 kB
Buffers:           58152 kB
Cached:           456992 kB
MemTotal:        1844596 kB
MemFree:         1105076 kB
MemAvailable:    1511148 kB
Buffers:           58152 kB
Cached:           456992 kB
MemTotal:        1844596 kB
MemFree:         1106220 kB
MemAvailable:    1512292 kB
Buffers:           58152 kB
Cached:           456992 kB
MemTotal:        1844596 kB
MemFree:         1104716 kB
MemAvailable:    1510788 kB
Buffers:           58152 kB
Cached:           456992 kB
MemTotal:        1844596 kB
MemFree:         1105972 kB
MemAvailable:    1512044 kB
Buffers:           58152 kB
Cached:           456992 kB
MemTotal:        1844596 kB
MemFree:         1104220 kB
MemAvailable:    1510292 kB
Buffers:           58152 kB
Cached:           456992 kB
MemTotal:        1844596 kB
MemFree:         1104592 kB
MemAvailable:    1510664 kB
Buffers:           58152 kB
Cached:           456992 kB
MemTotal:        1844596 kB
MemFree:         1104468 kB
MemAvailable:    1510540 kB
Buffers:           58152 kB
Cached:           456992 kB
MemTotal:        1844596 kB
MemFree:         1104212 kB
MemAvailable:    1510284 kB
Buffers:           58152 kB
Cached:           456992 kB
MemTotal:        1844596 kB
MemFree:         1104204 kB
MemAvailable:    1510276 kB
Buffers:           58152 kB
Cached:           456992 kB
MemTotal:        1844596 kB
MemFree:         1104204 kB
MemAvailable:    1510276 kB
Buffers:           58152 kB
Cached:           456992 kB
MemTotal:        1844596 kB
MemFree:         1105572 kB
MemAvailable:    1511644 kB
Buffers:           58152 kB
Cached:           456992 kB
MemTotal:        1844596 kB
MemFree:         1104200 kB
MemAvailable:    1510272 kB
Buffers:           58152 kB
Cached:           456992 kB
MemTotal:        1844596 kB
MemFree:         1104200 kB
MemAvailable:    1510272 kB
Buffers:           58152 kB
Cached:           456992 kB
MemTotal:        1844596 kB
MemFree:         1104112 kB
MemAvailable:    1510184 kB
Buffers:           58152 kB
Cached:           456992 kB
MemTotal:        1844596 kB
MemFree:         1104104 kB
MemAvailable:    1510176 kB
Buffers:           58152 kB
Cached:           456992 kB
MemTotal:        1844596 kB
MemFree:         1103676 kB
MemAvailable:    1509748 kB
Buffers:           58152 kB
Cached:           456992 kB
MemTotal:        1844596 kB
MemFree:         1101488 kB
MemAvailable:    1507560 kB
Buffers:           58152 kB
Cached:           456992 kB
MemTotal:        1844596 kB
MemFree:         1098656 kB
MemAvailable:    1504728 kB
Buffers:           58152 kB
Cached:           456992 kB
MemTotal:        1844596 kB
MemFree:         1098096 kB
MemAvailable:    1504168 kB
Buffers:           58152 kB
Cached:           456992 kB
MemTotal:        1844596 kB
MemFree:         1097516 kB
MemAvailable:    1503588 kB
Buffers:           58152 kB
Cached:           456992 kB
MemTotal:        1844596 kB
MemFree:         1097160 kB
MemAvailable:    1503232 kB
Buffers:           58152 kB
Cached:           456992 kB
MemTotal:        1844596 kB
MemFree:         1097400 kB
MemAvailable:    1503476 kB
Buffers:           58152 kB
Cached:           456996 kB
MemTotal:        1844596 kB
MemFree:         1097484 kB
MemAvailable:    1503560 kB
Buffers:           58152 kB
Cached:           456996 kB
MemTotal:        1844596 kB
MemFree:         1097644 kB
MemAvailable:    1503720 kB
Buffers:           58152 kB
Cached:           456996 kB
MemTotal:        1844596 kB
MemFree:         1096912 kB
MemAvailable:    1502988 kB
Buffers:           58152 kB
Cached:           456996 kB
MemTotal:        1844596 kB
MemFree:         1097580 kB
MemAvailable:    1503656 kB
Buffers:           58152 kB
Cached:           456996 kB
MemTotal:        1844596 kB
MemFree:         1096272 kB
MemAvailable:    1502348 kB
Buffers:           58152 kB
Cached:           456996 kB
MemTotal:        1844596 kB
MemFree:         1096388 kB
MemAvailable:    1502464 kB
Buffers:           58152 kB
Cached:           456996 kB
MemTotal:        1844596 kB
MemFree:         1097456 kB
MemAvailable:    1503532 kB
Buffers:           58152 kB
Cached:           456996 kB
MemTotal:        1844596 kB
MemFree:         1097168 kB
MemAvailable:    1503244 kB
Buffers:           58152 kB
Cached:           456996 kB
MemTotal:        1844596 kB
MemFree:         1097608 kB
MemAvailable:    1503684 kB
Buffers:           58152 kB
Cached:           456996 kB
MemTotal:        1844596 kB
MemFree:         1096280 kB
MemAvailable:    1502356 kB
Buffers:           58152 kB
Cached:           456996 kB
MemTotal:        1844596 kB
MemFree:         1096920 kB
MemAvailable:    1502996 kB
Buffers:           58152 kB
Cached:           456996 kB
MemTotal:        1844596 kB
MemFree:         1097036 kB
MemAvailable:    1503112 kB
Buffers:           58152 kB
Cached:           456996 kB
MemTotal:        1844596 kB
MemFree:         1095308 kB
MemAvailable:    1501384 kB
Buffers:           58152 kB
Cached:           456996 kB
MemTotal:        1844596 kB
MemFree:         1096052 kB
MemAvailable:    1502128 kB
Buffers:           58152 kB
Cached:           456996 kB
MemTotal:        1844596 kB
MemFree:         1094384 kB
MemAvailable:    1500460 kB
Buffers:           58152 kB
Cached:           456996 kB
MemTotal:        1844596 kB
MemFree:         1094548 kB
MemAvailable:    1500624 kB
Buffers:           58152 kB
Cached:           456996 kB
MemTotal:        1844596 kB
MemFree:         1093696 kB
MemAvailable:    1499772 kB
Buffers:           58152 kB
Cached:           456996 kB
MemTotal:        1844596 kB
MemFree:         1093564 kB
MemAvailable:    1499640 kB
Buffers:           58152 kB
Cached:           456996 kB
MemTotal:        1844596 kB
MemFree:         1094052 kB
MemAvailable:    1500128 kB
Buffers:           58152 kB
Cached:           456996 kB
MemTotal:        1844596 kB
MemFree:         1093696 kB
MemAvailable:    1499772 kB
Buffers:           58152 kB
Cached:           456996 kB
MemTotal:        1844596 kB
MemFree:         1093876 kB
MemAvailable:    1499952 kB
Buffers:           58152 kB
Cached:           456996 kB
MemTotal:        1844596 kB
MemFree:         1093820 kB
MemAvailable:    1499896 kB
Buffers:           58152 kB
Cached:           456996 kB
MemTotal:        1844596 kB
MemFree:         1093624 kB
MemAvailable:    1499700 kB
Buffers:           58152 kB
Cached:           456996 kB
MemTotal:        1844596 kB
MemFree:         1093572 kB
MemAvailable:    1499648 kB
Buffers:           58152 kB
Cached:           456996 kB
MemTotal:        1844596 kB
MemFree:         1093628 kB
MemAvailable:    1499704 kB
Buffers:           58152 kB
Cached:           456996 kB
MemTotal:        1844596 kB
MemFree:         1092184 kB
MemAvailable:    1498260 kB
Buffers:           58152 kB
Cached:           456996 kB
MemTotal:        1844596 kB
MemFree:         1092432 kB
MemAvailable:    1498508 kB
Buffers:           58152 kB
Cached:           456996 kB
MemTotal:        1844596 kB
MemFree:         1092456 kB
MemAvailable:    1498532 kB
Buffers:           58152 kB
Cached:           456996 kB
MemTotal:        1844596 kB
MemFree:         1092332 kB
MemAvailable:    1498408 kB
Buffers:           58152 kB
Cached:           456996 kB
MemTotal:        1844596 kB
MemFree:         1093740 kB
MemAvailable:    1499816 kB
Buffers:           58152 kB
Cached:           456996 kB
MemTotal:        1844596 kB
MemFree:         1093772 kB
MemAvailable:    1499848 kB
Buffers:           58152 kB
Cached:           456996 kB
MemTotal:        1844596 kB
MemFree:         1093376 kB
MemAvailable:    1499452 kB
Buffers:           58152 kB
Cached:           456996 kB
MemTotal:        1844596 kB
MemFree:         1091076 kB
MemAvailable:    1497152 kB
Buffers:           58152 kB
Cached:           456996 kB
MemTotal:        1844596 kB
MemFree:         1090844 kB
MemAvailable:    1496920 kB
Buffers:           58152 kB
Cached:           456996 kB
MemTotal:        1844596 kB
MemFree:         1085736 kB
MemAvailable:    1491812 kB
Buffers:           58152 kB
Cached:           456996 kB
MemTotal:        1844596 kB
MemFree:         1085512 kB
MemAvailable:    1491588 kB
Buffers:           58152 kB
Cached:           456996 kB
MemTotal:        1844596 kB
MemFree:         1085608 kB
MemAvailable:    1491684 kB
Buffers:           58152 kB
Cached:           456996 kB
MemTotal:        1844596 kB
MemFree:         1085388 kB
MemAvailable:    1491464 kB
Buffers:           58152 kB
Cached:           456996 kB
MemTotal:        1844596 kB
MemFree:         1085808 kB
MemAvailable:    1491884 kB
Buffers:           58152 kB
Cached:           456996 kB
MemTotal:        1844596 kB
MemFree:         1085784 kB
MemAvailable:    1491860 kB
Buffers:           58152 kB
Cached:           456996 kB
MemTotal:        1844596 kB
MemFree:         1086380 kB
MemAvailable:    1492456 kB
Buffers:           58152 kB
Cached:           456996 kB
MemTotal:        1844596 kB
MemFree:         1087184 kB
MemAvailable:    1493344 kB
Buffers:           58152 kB
Cached:           457120 kB
MemTotal:        1844596 kB
MemFree:         1087052 kB
MemAvailable:    1493296 kB
Buffers:           58152 kB
Cached:           457120 kB
MemTotal:        1844596 kB
MemFree:         1086880 kB
MemAvailable:    1493292 kB
Buffers:           58152 kB
Cached:           457368 kB
MemTotal:        1844596 kB
MemFree:         1085236 kB
MemAvailable:    1491732 kB
Buffers:           58152 kB
Cached:           457368 kB
MemTotal:        1844596 kB
MemFree:         1086600 kB
MemAvailable:    1493180 kB
Buffers:           58152 kB
Cached:           457492 kB
MemTotal:        1844596 kB
MemFree:         1086404 kB
MemAvailable:    1493152 kB
Buffers:           58152 kB
Cached:           457616 kB
MemTotal:        1844596 kB
MemFree:         1085228 kB
MemAvailable:    1491976 kB
Buffers:           58152 kB
Cached:           457616 kB
MemTotal:        1844596 kB
MemFree:         1085264 kB
MemAvailable:    1492012 kB
Buffers:           58152 kB
Cached:           457740 kB
MemTotal:        1844596 kB
MemFree:         1085264 kB
MemAvailable:    1492012 kB
Buffers:           58152 kB
Cached:           457740 kB
MemTotal:        1844596 kB
MemFree:         1085264 kB
MemAvailable:    1492012 kB
Buffers:           58152 kB
Cached:           457740 kB
MemTotal:        1844596 kB
MemFree:         1086652 kB
MemAvailable:    1493400 kB
Buffers:           58152 kB
Cached:           457740 kB
MemTotal:        1844596 kB
MemFree:         1086428 kB
MemAvailable:    1493176 kB
Buffers:           58152 kB
Cached:           457740 kB
MemTotal:        1844596 kB
MemFree:         1086496 kB
MemAvailable:    1492656 kB
Buffers:           58152 kB
Cached:           457024 kB
MemTotal:        1844596 kB
MemFree:         1152540 kB
MemAvailable:    1558700 kB
Buffers:           58152 kB
Cached:           457024 kB
MemTotal:        1844596 kB
MemFree:         1154644 kB
MemAvailable:    1560804 kB
Buffers:           58152 kB
Cached:           457024 kB
