MemTotal:        1844596 kB
MemFree:         1192704 kB
MemAvailable:    1562780 kB
Buffers:           54304 kB
Cached:           427640 kB
MemTotal:        1844596 kB
MemFree:         1164656 kB
MemAvailable:    1534736 kB
Buffers:           54304 kB
Cached:           427644 kB
MemTotal:        1844596 kB
MemFree:         1163856 kB
MemAvailable:    1533936 kB
Buffers:           54304 kB
Cached:           427644 kB
MemTotal:        1844596 kB
MemFree:         1161796 kB
MemAvailable:    1531876 kB
Buffers:           54304 kB
Cached:           427644 kB
MemTotal:        1844596 kB
MemFree:         1161564 kB
MemAvailable:    1531644 kB
Buffers:           54304 kB
Cached:           427644 kB
MemTotal:        1844596 kB
MemFree:         1161536 kB
MemAvailable:    1531616 kB
Buffers:           54304 kB
Cached:           427644 kB
MemTotal:        1844596 kB
MemFree:         1161368 kB
MemAvailable:    1531448 kB
Buffers:           54304 kB
Cached:           427644 kB
MemTotal:        1844596 kB
MemFree:         1158636 kB
MemAvailable:    1528716 kB
Buffers:           54304 kB
Cached:           427644 kB
MemTotal:        1844596 kB
MemFree:         1154868 kB
MemAvailable:    1524948 kB
Buffers:           54304 kB
Cached:           427644 kB
MemTotal:        1844596 kB
MemFree:         1150280 kB
MemAvailable:    1520360 kB
Buffers:           54304 kB
Cached:           427644 kB
MemTotal:        1844596 kB
MemFree:         1151712 kB
MemAvailable:    1521792 kB
Buffers:           54304 kB
Cached:           427644 kB
MemTotal:        1844596 kB
MemFree:         1151968 kB
MemAvailable:    1522048 kB
Buffers:           54304 kB
Cached:           427644 kB
MemTotal:        1844596 kB
MemFree:         1151772 kB
MemAvailable:    1521852 kB
Buffers:           54304 kB
Cached:           427644 kB
MemTotal:        1844596 kB
MemFree:         1151572 kB
MemAvailable:    1521652 kB
Buffers:           54304 kB
Cached:           427644 kB
MemTotal:        1844596 kB
MemFree:         1151824 kB
MemAvailable:    1521904 kB
Buffers:           54304 kB
Cached:           427644 kB
MemTotal:        1844596 kB
MemFree:         1150884 kB
MemAvailable:    1520964 kB
Buffers:           54304 kB
Cached:           427644 kB
MemTotal:        1844596 kB
MemFree:         1150884 kB
MemAvailable:    1520964 kB
Buffers:           54304 kB
Cached:           427644 kB
MemTotal:        1844596 kB
MemFree:         1149720 kB
MemAvailable:    1519800 kB
Buffers:           54304 kB
Cached:           427644 kB
MemTotal:        1844596 kB
MemFree:         1149520 kB
MemAvailable:    1519600 kB
Buffers:           54304 kB
Cached:           427644 kB
MemTotal:        1844596 kB
MemFree:         1149232 kB
MemAvailable:    1519312 kB
Buffers:           54304 kB
Cached:           427644 kB
MemTotal:        1844596 kB
MemFree:         1149496 kB
MemAvailable:    1519576 kB
Buffers:           54304 kB
Cached:           427644 kB
MemTotal:        1844596 kB
MemFree:         1149468 kB
MemAvailable:    1519548 kB
Buffers:           54304 kB
Cached:           427644 kB
MemTotal:        1844596 kB
MemFree:         1149248 kB
MemAvailable:    1519328 kB
Buffers:           54304 kB
Cached:           427644 kB
MemTotal:        1844596 kB
MemFree:         1149164 kB
MemAvailable:    1519120 kB
Buffers:           54304 kB
Cached:           427644 kB
MemTotal:        1844596 kB
MemFree:         1149260 kB
MemAvailable:    1519340 kB
Buffers:           54304 kB
Cached:           427644 kB
MemTotal:        1844596 kB
MemFree:         1149288 kB
MemAvailable:    1519368 kB
Buffers:           54304 kB
Cached:           427644 kB
MemTotal:        1844596 kB
MemFree:         1150552 kB
MemAvailable:    1520632 kB
Buffers:           54304 kB
Cached:           427644 kB
MemTotal:        1844596 kB
MemFree:         1150632 kB
MemAvailable:    1520712 kB
Buffers:           54304 kB
Cached:           427644 kB
MemTotal:        1844596 kB
MemFree:         1150092 kB
MemAvailable:    1520172 kB
Buffers:           54304 kB
Cached:           427644 kB
MemTotal:        1844596 kB
MemFree:         1147180 kB
MemAvailable:    1517260 kB
Buffers:           54304 kB
Cached:           427644 kB
MemTotal:        1844596 kB
MemFree:         1147360 kB
MemAvailable:    1517440 kB
Buffers:           54304 kB
Cached:           427644 kB
MemTotal:        1844596 kB
MemFree:         1146744 kB
MemAvailable:    1516824 kB
Buffers:           54304 kB
Cached:           427644 kB
MemTotal:        1844596 kB
MemFree:         1146048 kB
MemAvailable:    1516128 kB
Buffers:           54304 kB
Cached:           427644 kB
MemTotal:        1844596 kB
MemFree:         1145320 kB
MemAvailable:    1515400 kB
Buffers:           54304 kB
Cached:           427644 kB
MemTotal:        1844596 kB
MemFree:         1145568 kB
MemAvailable:    1515648 kB
Buffers:           54304 kB
Cached:           427644 kB
MemTotal:        1844596 kB
MemFree:         1145372 kB
MemAvailable:    1515452 kB
Buffers:           54304 kB
Cached:           427644 kB
MemTotal:        1844596 kB
MemFree:         1145124 kB
MemAvailable:    1515204 kB
Buffers:           54304 kB
Cached:           427644 kB
MemTotal:        1844596 kB
MemFree:         1144824 kB
MemAvailable:    1514904 kB
Buffers:           54304 kB
Cached:           427644 kB
MemTotal:        1844596 kB
MemFree:         1145016 kB
MemAvailable:    1515096 kB
Buffers:           54304 kB
Cached:           427644 kB
MemTotal:        1844596 kB
MemFree:         1145140 kB
MemAvailable:    1515220 kB
Buffers:           54304 kB
Cached:           427644 kB
MemTotal:        1844596 kB
MemFree:         1144024 kB
MemAvailable:    1514104 kB
Buffers:           54304 kB
Cached:           427644 kB
MemTotal:        1844596 kB
MemFree:         1143956 kB
MemAvailable:    1514036 kB
Buffers:           54304 kB
Cached:           427644 kB
MemTotal:        1844596 kB
MemFree:         1144636 kB
MemAvailable:    1514716 kB
Buffers:           54304 kB
Cached:           427644 kB
MemTotal:        1844596 kB
MemFree:         1143204 kB
MemAvailable:    1513284 kB
Buffers:           54304 kB
Cached:           427644 kB
MemTotal:        1844596 kB
MemFree:         1144392 kB
MemAvailable:    1514476 kB
Buffers:           54304 kB
Cached:           427648 kB
MemTotal:        1844596 kB
MemFree:         1144196 kB
MemAvailable:    1514280 kB
Buffers:           54304 kB
Cached:           427648 kB
MemTotal:        1844596 kB
MemFree:         1142948 kB
MemAvailable:    1513032 kB
Buffers:           54304 kB
Cached:           427648 kB
MemTotal:        1844596 kB
MemFree:         1142948 kB
MemAvailable:    1513032 kB
Buffers:           54304 kB
Cached:           427648 kB
MemTotal:        1844596 kB
MemFree:         1142908 kB
MemAvailable:    1512992 kB
Buffers:           54304 kB
Cached:           427648 kB
MemTotal:        1844596 kB
MemFree:         1144208 kB
MemAvailable:    1514292 kB
Buffers:           54304 kB
Cached:           427648 kB
MemTotal:        1844596 kB
MemFree:         1144128 kB
MemAvailable:    1514212 kB
Buffers:           54304 kB
Cached:           427648 kB
MemTotal:        1844596 kB
MemFree:         1144380 kB
MemAvailable:    1514464 kB
Buffers:           54304 kB
Cached:           427648 kB
MemTotal:        1844596 kB
MemFree:         1144148 kB
MemAvailable:    1514232 kB
Buffers:           54304 kB
Cached:           427648 kB
MemTotal:        1844596 kB
MemFree:         1142644 kB
MemAvailable:    1512728 kB
Buffers:           54304 kB
Cached:           427648 kB
MemTotal:        1844596 kB
MemFree:         1142644 kB
MemAvailable:    1512728 kB
Buffers:           54304 kB
Cached:           427648 kB
MemTotal:        1844596 kB
MemFree:         1143828 kB
MemAvailable:    1513912 kB
Buffers:           54304 kB
Cached:           427648 kB
MemTotal:        1844596 kB
MemFree:         1142644 kB
MemAvailable:    1512728 kB
Buffers:           54304 kB
Cached:           427648 kB
MemTotal:        1844596 kB
MemFree:         1142592 kB
MemAvailable:    1512676 kB
Buffers:           54304 kB
Cached:           427648 kB
MemTotal:        1844596 kB
MemFree:         1143396 kB
MemAvailable:    1513480 kB
Buffers:           54304 kB
Cached:           427648 kB
MemTotal:        1844596 kB
MemFree:         1142220 kB
MemAvailable:    1512304 kB
Buffers:           54304 kB
Cached:           427648 kB
MemTotal:        1844596 kB
MemFree:         1143344 kB
MemAvailable:    1513428 kB
Buffers:           54304 kB
Cached:           427648 kB
MemTotal:        1844596 kB
MemFree:         1142080 kB
MemAvailable:    1512164 kB
Buffers:           54304 kB
Cached:           427648 kB
MemTotal:        1844596 kB
MemFree:         1143176 kB
MemAvailable:    1513260 kB
Buffers:           54304 kB
Cached:           427648 kB
MemTotal:        1844596 kB
MemFree:         1143428 kB
MemAvailable:    1513512 kB
Buffers:           54304 kB
Cached:           427648 kB
MemTotal:        1844596 kB
MemFree:         1143148 kB
MemAvailable:    1513232 kB
Buffers:           54304 kB
Cached:           427648 kB
MemTotal:        1844596 kB
MemFree:         1141800 kB
MemAvailable:    1511884 kB
Buffers:           54304 kB
Cached:           427648 kB
MemTotal:        1844596 kB
MemFree:         1141808 kB
MemAvailable:    1511896 kB
Buffers:           54304 kB
Cached:           427652 kB
MemTotal:        1844596 kB
MemFree:         1139732 kB
MemAvailable:    1509820 kB
Buffers:           54304 kB
Cached:           427652 kB
MemTotal:        1844596 kB
MemFree:         1138252 kB
MemAvailable:    1508340 kB
Buffers:           54304 kB
Cached:           427652 kB
MemTotal:        1844596 kB
MemFree:         1134904 kB
MemAvailable:    1504992 kB
Buffers:           54304 kB
Cached:           427652 kB
MemTotal:        1844596 kB
MemFree:         1135772 kB
MemAvailable:    1505860 kB
Buffers:           54304 kB
Cached:           427652 kB
MemTotal:        1844596 kB
MemFree:         1134780 kB
MemAvailable:    1504868 kB
Buffers:           54304 kB
Cached:           427652 kB
MemTotal:        1844596 kB
MemFree:         1134112 kB
MemAvailable:    1504200 kB
Buffers:           54304 kB
Cached:           427652 kB
MemTotal:        1844596 kB
MemFree:         1135208 kB
MemAvailable:    1505296 kB
Buffers:           54304 kB
Cached:           427652 kB
MemTotal:        1844596 kB
MemFree:         1135460 kB
MemAvailable:    1505548 kB
Buffers:           54304 kB
Cached:           427652 kB
MemTotal:        1844596 kB
MemFree:         1135388 kB
MemAvailable:    1505476 kB
Buffers:           54304 kB
Cached:           427652 kB
MemTotal:        1844596 kB
MemFree:         1135396 kB
MemAvailable:    1505484 kB
Buffers:           54304 kB
Cached:           427652 kB
MemTotal:        1844596 kB
MemFree:         1134012 kB
MemAvailable:    1504100 kB
Buffers:           54304 kB
Cached:           427652 kB
MemTotal:        1844596 kB
MemFree:         1135276 kB
MemAvailable:    1505364 kB
Buffers:           54304 kB
Cached:           427652 kB
MemTotal:        1844596 kB
MemFree:         1135328 kB
MemAvailable:    1505416 kB
Buffers:           54304 kB
Cached:           427652 kB
MemTotal:        1844596 kB
MemFree:         1135336 kB
MemAvailable:    1505424 kB
Buffers:           54304 kB
Cached:           427652 kB
MemTotal:        1844596 kB
MemFree:         1133860 kB
MemAvailable:    1503948 kB
Buffers:           54304 kB
Cached:           427652 kB
MemTotal:        1844596 kB
MemFree:         1133852 kB
MemAvailable:    1503940 kB
Buffers:           54304 kB
Cached:           427652 kB
MemTotal:        1844596 kB
MemFree:         1133852 kB
MemAvailable:    1503940 kB
Buffers:           54304 kB
Cached:           427652 kB
MemTotal:        1844596 kB
MemFree:         1134840 kB
MemAvailable:    1504928 kB
Buffers:           54304 kB
Cached:           427652 kB
MemTotal:        1844596 kB
MemFree:         1134980 kB
MemAvailable:    1505068 kB
Buffers:           54304 kB
Cached:           427652 kB
MemTotal:        1844596 kB
MemFree:         1133896 kB
MemAvailable:    1503984 kB
Buffers:           54304 kB
Cached:           427652 kB
MemTotal:        1844596 kB
MemFree:         1133292 kB
MemAvailable:    1503256 kB
Buffers:           54304 kB
Cached:           427652 kB
MemTotal:        1844596 kB
MemFree:         1133484 kB
MemAvailable:    1503572 kB
Buffers:           54304 kB
Cached:           427652 kB
MemTotal:        1844596 kB
MemFree:         1132548 kB
MemAvailable:    1502636 kB
Buffers:           54304 kB
Cached:           427652 kB
MemTotal:        1844596 kB
MemFree:         1132532 kB
MemAvailable:    1502620 kB
Buffers:           54304 kB
Cached:           427652 kB
MemTotal:        1844596 kB
MemFree:         1132300 kB
MemAvailable:    1502264 kB
Buffers:           54304 kB
Cached:           427652 kB
MemTotal:        1844596 kB
MemFree:         1132304 kB
MemAvailable:    1502392 kB
Buffers:           54304 kB
Cached:           427652 kB
MemTotal:        1844596 kB
MemFree:         1130812 kB
MemAvailable:    1500900 kB
Buffers:           54304 kB
Cached:           427652 kB
MemTotal:        1844596 kB
MemFree:         1131656 kB
MemAvailable:    1501744 kB
Buffers:           54304 kB
Cached:           427652 kB
MemTotal:        1844596 kB
MemFree:         1131184 kB
MemAvailable:    1501272 kB
Buffers:           54304 kB
Cached:           427652 kB
MemTotal:        1844596 kB
MemFree:         1131560 kB
MemAvailable:    1501648 kB
Buffers:           54304 kB
Cached:           427652 kB
MemTotal:        1844596 kB
MemFree:         1131368 kB
MemAvailable:    1501456 kB
Buffers:           54304 kB
Cached:           427652 kB
MemTotal:        1844596 kB
MemFree:         1131228 kB
MemAvailable:    1501316 kB
Buffers:           54304 kB
Cached:           427652 kB
MemTotal:        1844596 kB
MemFree:         1131480 kB
MemAvailable:    1501568 kB
Buffers:           54304 kB
Cached:           427652 kB
MemTotal:        1844596 kB
MemFree:         1131364 kB
MemAvailable:    1501452 kB
Buffers:           54304 kB
Cached:           427652 kB
MemTotal:        1844596 kB
MemFree:         1131432 kB
MemAvailable:    1501520 kB
Buffers:           54304 kB
Cached:           427652 kB
MemTotal:        1844596 kB
MemFree:         1131280 kB
MemAvailable:    1501368 kB
Buffers:           54304 kB
Cached:           427652 kB
MemTotal:        1844596 kB
MemFree:         1131184 kB
MemAvailable:    1501272 kB
Buffers:           54304 kB
Cached:           427652 kB
MemTotal:        1844596 kB
MemFree:         1130004 kB
MemAvailable:    1500092 kB
Buffers:           54304 kB
Cached:           427652 kB
MemTotal:        1844596 kB
MemFree:         1129820 kB
MemAvailable:    1499908 kB
Buffers:           54304 kB
Cached:           427652 kB
MemTotal:        1844596 kB
MemFree:         1129820 kB
MemAvailable:    1499908 kB
Buffers:           54304 kB
Cached:           427652 kB
MemTotal:        1844596 kB
MemFree:         1123604 kB
MemAvailable:    1493692 kB
Buffers:           54304 kB
Cached:           427652 kB
MemTotal:        1844596 kB
MemFree:         1123000 kB
MemAvailable:    1493088 kB
Buffers:           54304 kB
Cached:           427652 kB
MemTotal:        1844596 kB
MemFree:         1123428 kB
MemAvailable:    1493516 kB
Buffers:           54304 kB
Cached:           427652 kB
MemTotal:        1844596 kB
MemFree:         1123596 kB
MemAvailable:    1493684 kB
Buffers:           54304 kB
Cached:           427652 kB
MemTotal:        1844596 kB
MemFree:         1123344 kB
MemAvailable:    1493432 kB
Buffers:           54304 kB
Cached:           427652 kB
MemTotal:        1844596 kB
MemFree:         1123428 kB
MemAvailable:    1493516 kB
Buffers:           54304 kB
Cached:           427652 kB
MemTotal:        1844596 kB
MemFree:         1123344 kB
MemAvailable:    1493432 kB
Buffers:           54304 kB
Cached:           427652 kB
MemTotal:        1844596 kB
MemFree:         1123596 kB
MemAvailable:    1493684 kB
Buffers:           54304 kB
Cached:           427652 kB
MemTotal:        1844596 kB
MemFree:         1125292 kB
MemAvailable:    1495380 kB
Buffers:           54308 kB
Cached:           427648 kB
MemTotal:        1844596 kB
MemFree:         1124720 kB
MemAvailable:    1494892 kB
Buffers:           54308 kB
Cached:           427772 kB
MemTotal:        1844596 kB
MemFree:         1124488 kB
MemAvailable:    1494660 kB
Buffers:           54308 kB
Cached:           427772 kB
MemTotal:        1844596 kB
MemFree:         1124596 kB
MemAvailable:    1494936 kB
Buffers:           54308 kB
Cached:           427896 kB
MemTotal:        1844596 kB
MemFree:         1123308 kB
MemAvailable:    1493648 kB
Buffers:           54308 kB
Cached:           428020 kB
MemTotal:        1844596 kB
MemFree:         1124292 kB
MemAvailable:    1494800 kB
Buffers:           54308 kB
Cached:           428144 kB
MemTotal:        1844596 kB
MemFree:         1123248 kB
MemAvailable:    1493840 kB
Buffers:           54308 kB
Cached:           428268 kB
MemTotal:        1844596 kB
MemFree:         1123976 kB
MemAvailable:    1494656 kB
Buffers:           54308 kB
Cached:           428312 kB
MemTotal:        1844596 kB
MemFree:         1123868 kB
MemAvailable:    1494548 kB
Buffers:           54308 kB
Cached:           428312 kB
MemTotal:        1844596 kB
MemFree:         1122820 kB
MemAvailable:    1493500 kB
Buffers:           54308 kB
Cached:           428312 kB
MemTotal:        1844596 kB
MemFree:         1122820 kB
MemAvailable:    1493500 kB
Buffers:           54308 kB
Cached:           428312 kB
MemTotal:        1844596 kB
MemFree:         1124096 kB
MemAvailable:    1494860 kB
Buffers:           54308 kB
Cached:           428312 kB
MemTotal:        1844596 kB
MemFree:         1124076 kB
MemAvailable:    1494840 kB
Buffers:           54308 kB
Cached:           428312 kB
MemTotal:        1844596 kB
MemFree:         1124328 kB
MemAvailable:    1495092 kB
Buffers:           54308 kB
Cached:           428312 kB
MemTotal:        1844596 kB
MemFree:         1124100 kB
MemAvailable:    1494864 kB
Buffers:           54308 kB
Cached:           428312 kB
MemTotal:        1844596 kB
MemFree:         1124740 kB
MemAvailable:    1494832 kB
Buffers:           54308 kB
Cached:           427680 kB
MemTotal:        1844596 kB
MemFree:         1124912 kB
MemAvailable:    1495004 kB
Buffers:           54308 kB
Cached:           427680 kB
MemTotal:        1844596 kB
MemFree:         1192216 kB
MemAvailable:    1562308 kB
Buffers:           54308 kB
Cached:           427680 kB
