MemTotal:        1844596 kB
MemFree:         1357760 kB
MemAvailable:    1578136 kB
Buffers:           34536 kB
Cached:           304460 kB
MemTotal:        1844596 kB
MemFree:         1329712 kB
MemAvailable:    1550092 kB
Buffers:           34536 kB
Cached:           304464 kB
MemTotal:        1844596 kB
MemFree:         1330324 kB
MemAvailable:    1550704 kB
Buffers:           34536 kB
Cached:           304464 kB
MemTotal:        1844596 kB
MemFree:         1326728 kB
MemAvailable:    1547108 kB
Buffers:           34536 kB
Cached:           304464 kB
MemTotal:        1844596 kB
MemFree:         1326796 kB
MemAvailable:    1547176 kB
Buffers:           34536 kB
Cached:           304464 kB
MemTotal:        1844596 kB
MemFree:         1326728 kB
MemAvailable:    1547108 kB
Buffers:           34536 kB
Cached:           304464 kB
MemTotal:        1844596 kB
MemFree:         1323504 kB
MemAvailable:    1543884 kB
Buffers:           34536 kB
Cached:           304464 kB
MemTotal:        1844596 kB
MemFree:         1320908 kB
MemAvailable:    1541288 kB
Buffers:           34536 kB
Cached:           304464 kB
MemTotal:        1844596 kB
MemFree:         1317932 kB
MemAvailable:    1538312 kB
Buffers:           34536 kB
Cached:           304464 kB
MemTotal:        1844596 kB
MemFree:         1315444 kB
MemAvailable:    1535824 kB
Buffers:           34536 kB
Cached:           304464 kB
MemTotal:        1844596 kB
MemFree:         1315528 kB
MemAvailable:    1535908 kB
Buffers:           34536 kB
Cached:           304464 kB
MemTotal:        1844596 kB
MemFree:         1315196 kB
MemAvailable:    1535576 kB
Buffers:           34536 kB
Cached:           304464 kB
MemTotal:        1844596 kB
MemFree:         1316860 kB
MemAvailable:    1537240 kB
Buffers:           34536 kB
Cached:           304464 kB
MemTotal:        1844596 kB
MemFree:         1316456 kB
MemAvailable:    1536836 kB
Buffers:           34536 kB
Cached:           304464 kB
MemTotal:        1844596 kB
MemFree:         1316492 kB
MemAvailable:    1536872 kB
Buffers:           34536 kB
Cached:           304464 kB
MemTotal:        1844596 kB
MemFree:         1315884 kB
MemAvailable:    1536264 kB
Buffers:           34536 kB
Cached:           304464 kB
MemTotal:        1844596 kB
MemFree:         1315676 kB
MemAvailable:    1536056 kB
Buffers:           34536 kB
Cached:           304464 kB
MemTotal:        1844596 kB
MemFree:         1312964 kB
MemAvailable:    1533344 kB
Buffers:           34536 kB
Cached:           304464 kB
MemTotal:        1844596 kB
MemFree:         1314164 kB
MemAvailable:    1534544 kB
Buffers:           34536 kB
Cached:           304464 kB
MemTotal:        1844596 kB
MemFree:         1312916 kB
MemAvailable:    1533296 kB
Buffers:           34536 kB
Cached:           304464 kB
MemTotal:        1844596 kB
MemFree:         1313892 kB
MemAvailable:    1534272 kB
Buffers:           34536 kB
Cached:           304464 kB
MemTotal:        1844596 kB
MemFree:         1314228 kB
MemAvailable:    1534608 kB
Buffers:           34536 kB
Cached:           304464 kB
MemTotal:        1844596 kB
MemFree:         1312912 kB
MemAvailable:    1533292 kB
Buffers:           34536 kB
Cached:           304464 kB
MemTotal:        1844596 kB
MemFree:         1314152 kB
MemAvailable:    1534532 kB
Buffers:           34536 kB
Cached:           304464 kB
MemTotal:        1844596 kB
MemFree:         1314264 kB
MemAvailable:    1534644 kB
Buffers:           34536 kB
Cached:           304464 kB
MemTotal:        1844596 kB
MemFree:         1314568 kB
MemAvailable:    1534948 kB
Buffers:           34536 kB
Cached:           304464 kB
MemTotal:        1844596 kB
MemFree:         1315140 kB
MemAvailable:    1535520 kB
Buffers:           34536 kB
Cached:           304464 kB
MemTotal:        1844596 kB
MemFree:         1312700 kB
MemAvailable:    1533080 kB
Buffers:           34536 kB
Cached:           304464 kB
MemTotal:        1844596 kB
MemFree:         1312784 kB
MemAvailable:    1533164 kB
Buffers:           34536 kB
Cached:           304464 kB
MemTotal:        1844596 kB
MemFree:         1311856 kB
MemAvailable:    1532236 kB
Buffers:           34536 kB
Cached:           304464 kB
MemTotal:        1844596 kB
MemFree:         1311724 kB
MemAvailable:    1532104 kB
Buffers:           34536 kB
Cached:           304464 kB
MemTotal:        1844596 kB
MemFree:         1311172 kB
MemAvailable:    1531552 kB
Buffers:           34536 kB
Cached:           304464 kB
MemTotal:        1844596 kB
MemFree:         1310104 kB
MemAvailable:    1530484 kB
Buffers:           34536 kB
Cached:           304464 kB
MemTotal:        1844596 kB
MemFree:         1309856 kB
MemAvailable:    1530236 kB
Buffers:           34536 kB
Cached:           304464 kB
MemTotal:        1844596 kB
MemFree:         1308688 kB
MemAvailable:    1529068 kB
Buffers:           34536 kB
Cached:           304464 kB
MemTotal:        1844596 kB
MemFree:         1310156 kB
MemAvailable:    1530536 kB
Buffers:           34536 kB
Cached:           304464 kB
MemTotal:        1844596 kB
MemFree:         1308428 kB
MemAvailable:    1528808 kB
Buffers:           34536 kB
Cached:           304464 kB
MemTotal:        1844596 kB
MemFree:         1309864 kB
MemAvailable:    1530244 kB
Buffers:           34536 kB
Cached:           304464 kB
MemTotal:        1844596 kB
MemFree:         1308448 kB
MemAvailable:    1528828 kB
Buffers:           34536 kB
Cached:           304464 kB
MemTotal:        1844596 kB
MemFree:         1309880 kB
MemAvailable:    1530260 kB
Buffers:           34536 kB
Cached:           304464 kB
MemTotal:        1844596 kB
MemFree:         1309548 kB
MemAvailable:    1529928 kB
Buffers:           34536 kB
Cached:           304464 kB
MemTotal:        1844596 kB
MemFree:         1308508 kB
MemAvailable:    1528888 kB
Buffers:           34536 kB
Cached:           304464 kB
MemTotal:        1844596 kB
MemFree:         1309048 kB
MemAvailable:    1529428 kB
Buffers:           34536 kB
Cached:           304464 kB
MemTotal:        1844596 kB
MemFree:         1308848 kB
MemAvailable:    1529228 kB
Buffers:           34536 kB
Cached:           304464 kB
MemTotal:        1844596 kB
MemFree:         1307708 kB
MemAvailable:    1528088 kB
Buffers:           34536 kB
Cached:           304464 kB
MemTotal:        1844596 kB
MemFree:         1307840 kB
MemAvailable:    1528220 kB
Buffers:           34536 kB
Cached:           304464 kB
MemTotal:        1844596 kB
MemFree:         1309140 kB
MemAvailable:    1529520 kB
Buffers:           34536 kB
Cached:           304464 kB
MemTotal:        1844596 kB
MemFree:         1307964 kB
MemAvailable:    1528344 kB
Buffers:           34536 kB
Cached:           304464 kB
MemTotal:        1844596 kB
MemFree:         1309064 kB
MemAvailable:    1529444 kB
Buffers:           34536 kB
Cached:           304464 kB
MemTotal:        1844596 kB
MemFree:         1309232 kB
MemAvailable:    1529612 kB
Buffers:           34536 kB
Cached:           304464 kB
MemTotal:        1844596 kB
MemFree:         1307708 kB
MemAvailable:    1528088 kB
Buffers:           34536 kB
Cached:           304464 kB
MemTotal:        1844596 kB
MemFree:         1307708 kB
MemAvailable:    1528088 kB
Buffers:           34536 kB
Cached:           304464 kB
MemTotal:        1844596 kB
MemFree:         1308808 kB
MemAvailable:    1529188 kB
Buffers:           34536 kB
Cached:           304464 kB
MemTotal:        1844596 kB
MemFree:         1308540 kB
MemAvailable:    1528920 kB
Buffers:           34536 kB
Cached:           304464 kB
MemTotal:        1844596 kB
MemFree:         1308292 kB
MemAvailable:    1528672 kB
Buffers:           34536 kB
Cached:           304464 kB
MemTotal:        1844596 kB
MemFree:         1308012 kB
MemAvailable:    1528392 kB
Buffers:           34536 kB
Cached:           304464 kB
MemTotal:        1844596 kB
MemFree:         1308064 kB
MemAvailable:    1528444 kB
Buffers:           34536 kB
Cached:           304464 kB
MemTotal:        1844596 kB
MemFree:         1308064 kB
MemAvailable:    1528444 kB
Buffers:           34536 kB
Cached:           304464 kB
MemTotal:        1844596 kB
MemFree:         1308080 kB
MemAvailable:    1528460 kB
Buffers:           34536 kB
Cached:           304464 kB
MemTotal:        1844596 kB
MemFree:         1308072 kB
MemAvailable:    1528452 kB
Buffers:           34536 kB
Cached:           304464 kB
MemTotal:        1844596 kB
MemFree:         1308052 kB
MemAvailable:    1528432 kB
Buffers:           34536 kB
Cached:           304464 kB
MemTotal:        1844596 kB
MemFree:         1308172 kB
MemAvailable:    1528552 kB
Buffers:           34536 kB
Cached:           304464 kB
MemTotal:        1844596 kB
MemFree:         1308224 kB
MemAvailable:    1528604 kB
Buffers:           34536 kB
Cached:           304464 kB
MemTotal:        1844596 kB
MemFree:         1307936 kB
MemAvailable:    1528316 kB
Buffers:           34536 kB
Cached:           304464 kB
MemTotal:        1844596 kB
MemFree:         1307888 kB
MemAvailable:    1528268 kB
Buffers:           34536 kB
Cached:           304464 kB
MemTotal:        1844596 kB
MemFree:         1306772 kB
MemAvailable:    1527152 kB
Buffers:           34536 kB
Cached:           304464 kB
MemTotal:        1844596 kB
MemFree:         1306152 kB
MemAvailable:    1526532 kB
Buffers:           34536 kB
Cached:           304464 kB
MemTotal:        1844596 kB
MemFree:         1304344 kB
MemAvailable:    1524724 kB
Buffers:           34536 kB
Cached:           304464 kB
MemTotal:        1844596 kB
MemFree:         1301252 kB
MemAvailable:    1521632 kB
Buffers:           34536 kB
Cached:           304464 kB
MemTotal:        1844596 kB
MemFree:         1299332 kB
MemAvailable:    1519712 kB
Buffers:           34536 kB
Cached:           304464 kB
MemTotal:        1844596 kB
MemFree:         1299076 kB
MemAvailable:    1519456 kB
Buffers:           34536 kB
Cached:           304464 kB
MemTotal:        1844596 kB
MemFree:         1298828 kB
MemAvailable:    1519208 kB
Buffers:           34536 kB
Cached:           304464 kB
MemTotal:        1844596 kB
MemFree:         1300348 kB
MemAvailable:    1520728 kB
Buffers:           34536 kB
Cached:           304464 kB
MemTotal:        1844596 kB
MemFree:         1300076 kB
MemAvailable:    1520456 kB
Buffers:           34536 kB
Cached:           304464 kB
MemTotal:        1844596 kB
MemFree:         1299996 kB
MemAvailable:    1520376 kB
Buffers:           34536 kB
Cached:           304464 kB
MemTotal:        1844596 kB
MemFree:         1300248 kB
MemAvailable:    1520628 kB
Buffers:           34536 kB
Cached:           304464 kB
MemTotal:        1844596 kB
MemFree:         1300168 kB
MemAvailable:    1520548 kB
Buffers:           34536 kB
Cached:           304464 kB
MemTotal:        1844596 kB
MemFree:         1299856 kB
MemAvailable:    1520236 kB
Buffers:           34536 kB
Cached:           304464 kB
MemTotal:        1844596 kB
MemFree:         1300192 kB
MemAvailable:    1520572 kB
Buffers:           34536 kB
Cached:           304464 kB
MemTotal:        1844596 kB
MemFree:         1298788 kB
MemAvailable:    1519168 kB
Buffers:           34536 kB
Cached:           304464 kB
MemTotal:        1844596 kB
MemFree:         1298916 kB
MemAvailable:    1519296 kB
Buffers:           34536 kB
Cached:           304464 kB
MemTotal:        1844596 kB
MemFree:         1298712 kB
MemAvailable:    1519092 kB
Buffers:           34536 kB
Cached:           304464 kB
MemTotal:        1844596 kB
MemFree:         1300076 kB
MemAvailable:    1520456 kB
Buffers:           34536 kB
Cached:           304464 kB
MemTotal:        1844596 kB
MemFree:         1298712 kB
MemAvailable:    1519092 kB
Buffers:           34536 kB
Cached:           304464 kB
MemTotal:        1844596 kB
MemFree:         1299184 kB
MemAvailable:    1519568 kB
Buffers:           34536 kB
Cached:           304468 kB
MemTotal:        1844596 kB
MemFree:         1299076 kB
MemAvailable:    1519460 kB
Buffers:           34536 kB
Cached:           304468 kB
MemTotal:        1844596 kB
MemFree:         1298572 kB
MemAvailable:    1518956 kB
Buffers:           34536 kB
Cached:           304468 kB
MemTotal:        1844596 kB
MemFree:         1298908 kB
MemAvailable:    1519292 kB
Buffers:           34536 kB
Cached:           304468 kB
MemTotal:        1844596 kB
MemFree:         1297216 kB
MemAvailable:    1517600 kB
Buffers:           34536 kB
Cached:           304468 kB
MemTotal:        1844596 kB
MemFree:         1298216 kB
MemAvailable:    1518600 kB
Buffers:           34536 kB
Cached:           304468 kB
MemTotal:        1844596 kB
MemFree:         1295984 kB
MemAvailable:    1516368 kB
Buffers:           34536 kB
Cached:           304468 kB
MemTotal:        1844596 kB
MemFree:         1296108 kB
MemAvailable:    1516492 kB
Buffers:           34536 kB
Cached:           304468 kB
MemTotal:        1844596 kB
MemFree:         1295364 kB
MemAvailable:    1515748 kB
Buffers:           34536 kB
Cached:           304468 kB
MemTotal:        1844596 kB
MemFree:         1295192 kB
MemAvailable:    1515576 kB
Buffers:           34536 kB
Cached:           304468 kB
MemTotal:        1844596 kB
MemFree:         1296464 kB
MemAvailable:    1516856 kB
Buffers:           34536 kB
Cached:           304476 kB
MemTotal:        1844596 kB
MemFree:         1296480 kB
MemAvailable:    1516872 kB
Buffers:           34536 kB
Cached:           304476 kB
MemTotal:        1844596 kB
MemFree:         1296200 kB
MemAvailable:    1516592 kB
Buffers:           34536 kB
Cached:           304476 kB
MemTotal:        1844596 kB
MemFree:         1296452 kB
MemAvailable:    1516844 kB
Buffers:           34536 kB
Cached:           304476 kB
MemTotal:        1844596 kB
MemFree:         1296084 kB
MemAvailable:    1516476 kB
Buffers:           34536 kB
Cached:           304476 kB
MemTotal:        1844596 kB
MemFree:         1296268 kB
MemAvailable:    1516660 kB
Buffers:           34536 kB
Cached:           304476 kB
MemTotal:        1844596 kB
MemFree:         1296268 kB
MemAvailable:    1516660 kB
Buffers:           34536 kB
Cached:           304476 kB
MemTotal:        1844596 kB
MemFree:         1296312 kB
MemAvailable:    1516704 kB
Buffers:           34536 kB
Cached:           304476 kB
MemTotal:        1844596 kB
MemFree:         1294908 kB
MemAvailable:    1515300 kB
Buffers:           34536 kB
Cached:           304476 kB
MemTotal:        1844596 kB
MemFree:         1295852 kB
MemAvailable:    1516244 kB
Buffers:           34536 kB
Cached:           304476 kB
MemTotal:        1844596 kB
MemFree:         1294108 kB
MemAvailable:    1514500 kB
Buffers:           34536 kB
Cached:           304476 kB
MemTotal:        1844596 kB
MemFree:         1289288 kB
MemAvailable:    1509680 kB
Buffers:           34536 kB
Cached:           304476 kB
MemTotal:        1844596 kB
MemFree:         1287296 kB
MemAvailable:    1507688 kB
Buffers:           34536 kB
Cached:           304476 kB
MemTotal:        1844596 kB
MemFree:         1288280 kB
MemAvailable:    1508672 kB
Buffers:           34536 kB
Cached:           304476 kB
MemTotal:        1844596 kB
MemFree:         1287924 kB
MemAvailable:    1508316 kB
Buffers:           34536 kB
Cached:           304476 kB
MemTotal:        1844596 kB
MemFree:         1288228 kB
MemAvailable:    1508620 kB
Buffers:           34536 kB
Cached:           304476 kB
MemTotal:        1844596 kB
MemFree:         1287800 kB
MemAvailable:    1508192 kB
Buffers:           34536 kB
Cached:           304476 kB
MemTotal:        1844596 kB
MemFree:         1288408 kB
MemAvailable:    1508800 kB
Buffers:           34536 kB
Cached:           304476 kB
MemTotal:        1844596 kB
MemFree:         1289384 kB
MemAvailable:    1509776 kB
Buffers:           34536 kB
Cached:           304476 kB
MemTotal:        1844596 kB
MemFree:         1289968 kB
MemAvailable:    1510444 kB
Buffers:           34536 kB
Cached:           304600 kB
MemTotal:        1844596 kB
MemFree:         1290024 kB
MemAvailable:    1510584 kB
Buffers:           34536 kB
Cached:           304600 kB
MemTotal:        1844596 kB
MemFree:         1289720 kB
MemAvailable:    1510448 kB
Buffers:           34536 kB
Cached:           304848 kB
MemTotal:        1844596 kB
MemFree:         1289528 kB
MemAvailable:    1510340 kB
Buffers:           34536 kB
Cached:           304972 kB
MemTotal:        1844596 kB
MemFree:         1287924 kB
MemAvailable:    1508820 kB
Buffers:           34536 kB
Cached:           304972 kB
MemTotal:        1844596 kB
MemFree:         1288984 kB
MemAvailable:    1509968 kB
Buffers:           34536 kB
Cached:           305100 kB
MemTotal:        1844596 kB
MemFree:         1289240 kB
MemAvailable:    1510224 kB
Buffers:           34536 kB
Cached:           305100 kB
MemTotal:        1844596 kB
MemFree:         1289152 kB
MemAvailable:    1510136 kB
Buffers:           34536 kB
Cached:           305100 kB
MemTotal:        1844596 kB
MemFree:         1287864 kB
MemAvailable:    1508848 kB
Buffers:           34536 kB
Cached:           305100 kB
MemTotal:        1844596 kB
MemFree:         1289016 kB
MemAvailable:    1510000 kB
Buffers:           34536 kB
Cached:           305100 kB
MemTotal:        1844596 kB
MemFree:         1288668 kB
MemAvailable:    1509652 kB
Buffers:           34536 kB
Cached:           305100 kB
MemTotal:        1844596 kB
MemFree:         1289028 kB
MemAvailable:    1510012 kB
Buffers:           34536 kB
Cached:           305100 kB
MemTotal:        1844596 kB
MemFree:         1287752 kB
MemAvailable:    1508736 kB
Buffers:           34536 kB
Cached:           305100 kB
MemTotal:        1844596 kB
MemFree:         1289672 kB
MemAvailable:    1510068 kB
Buffers:           34536 kB
Cached:           304468 kB
MemTotal:        1844596 kB
MemFree:         1288248 kB
MemAvailable:    1508644 kB
Buffers:           34536 kB
Cached:           304468 kB
MemTotal:        1844596 kB
MemFree:         1356388 kB
MemAvailable:    1576784 kB
Buffers:           34536 kB
Cached:           304468 kB
