MemTotal:        1844596 kB
MemFree:         1204396 kB
MemAvailable:    1563588 kB
Buffers:           53100 kB
Cached:           418808 kB
MemTotal:        1844596 kB
MemFree:         1174928 kB
MemAvailable:    1534124 kB
Buffers:           53100 kB
Cached:           418812 kB
MemTotal:        1844596 kB
MemFree:         1174844 kB
MemAvailable:    1534040 kB
Buffers:           53100 kB
Cached:           418812 kB
MemTotal:        1844596 kB
MemFree:         1174612 kB
MemAvailable:    1533808 kB
Buffers:           53100 kB
Cached:           418812 kB
MemTotal:        1844596 kB
MemFree:         1173240 kB
MemAvailable:    1532436 kB
Buffers:           53100 kB
Cached:           418812 kB
MemTotal:        1844596 kB
MemFree:         1172992 kB
MemAvailable:    1532188 kB
Buffers:           53100 kB
Cached:           418812 kB
MemTotal:        1844596 kB
MemFree:         1171944 kB
MemAvailable:    1531140 kB
Buffers:           53100 kB
Cached:           418812 kB
MemTotal:        1844596 kB
MemFree:         1168784 kB
MemAvailable:    1527980 kB
Buffers:           53100 kB
Cached:           418812 kB
MemTotal:        1844596 kB
MemFree:         1165808 kB
MemAvailable:    1525004 kB
Buffers:           53100 kB
Cached:           418812 kB
MemTotal:        1844596 kB
MemFree:         1160724 kB
MemAvailable:    1519920 kB
Buffers:           53100 kB
Cached:           418812 kB
MemTotal:        1844596 kB
MemFree:         1161936 kB
MemAvailable:    1521132 kB
Buffers:           53100 kB
Cached:           418812 kB
MemTotal:        1844596 kB
MemFree:         1162308 kB
MemAvailable:    1521504 kB
Buffers:           53100 kB
Cached:           418812 kB
MemTotal:        1844596 kB
MemFree:         1162444 kB
MemAvailable:    1521640 kB
Buffers:           53100 kB
Cached:           418812 kB
MemTotal:        1844596 kB
MemFree:         1161704 kB
MemAvailable:    1520900 kB
Buffers:           53100 kB
Cached:           418812 kB
MemTotal:        1844596 kB
MemFree:         1162768 kB
MemAvailable:    1521964 kB
Buffers:           53100 kB
Cached:           418812 kB
MemTotal:        1844596 kB
MemFree:         1162768 kB
MemAvailable:    1521964 kB
Buffers:           53100 kB
Cached:           418812 kB
MemTotal:        1844596 kB
MemFree:         1161080 kB
MemAvailable:    1520276 kB
Buffers:           53100 kB
Cached:           418812 kB
MemTotal:        1844596 kB
MemFree:         1161164 kB
MemAvailable:    1520360 kB
Buffers:           53100 kB
Cached:           418812 kB
MemTotal:        1844596 kB
MemFree:         1160916 kB
MemAvailable:    1520112 kB
Buffers:           53100 kB
Cached:           418812 kB
MemTotal:        1844596 kB
MemFree:         1159800 kB
MemAvailable:    1518996 kB
Buffers:           53100 kB
Cached:           418812 kB
MemTotal:        1844596 kB
MemFree:         1160972 kB
MemAvailable:    1520168 kB
Buffers:           53100 kB
Cached:           418812 kB
MemTotal:        1844596 kB
MemFree:         1159536 kB
MemAvailable:    1518732 kB
Buffers:           53100 kB
Cached:           418812 kB
MemTotal:        1844596 kB
MemFree:         1159536 kB
MemAvailable:    1518732 kB
Buffers:           53100 kB
Cached:           418812 kB
MemTotal:        1844596 kB
MemFree:         1160712 kB
MemAvailable:    1519908 kB
Buffers:           53100 kB
Cached:           418812 kB
MemTotal:        1844596 kB
MemFree:         1160228 kB
MemAvailable:    1519424 kB
Buffers:           53100 kB
Cached:           418812 kB
MemTotal:        1844596 kB
MemFree:         1162132 kB
MemAvailable:    1521328 kB
Buffers:           53100 kB
Cached:           418812 kB
MemTotal:        1844596 kB
MemFree:         1162068 kB
MemAvailable:    1521264 kB
Buffers:           53100 kB
Cached:           418812 kB
MemTotal:        1844596 kB
MemFree:         1161404 kB
MemAvailable:    1520600 kB
Buffers:           53100 kB
Cached:           418812 kB
MemTotal:        1844596 kB
MemFree:         1160044 kB
MemAvailable:    1519240 kB
Buffers:           53100 kB
Cached:           418812 kB
MemTotal:        1844596 kB
MemFree:         1158552 kB
MemAvailable:    1517748 kB
Buffers:           53100 kB
Cached:           418812 kB
MemTotal:        1844596 kB
MemFree:         1157004 kB
MemAvailable:    1516200 kB
Buffers:           53100 kB
Cached:           418812 kB
MemTotal:        1844596 kB
MemFree:         1157552 kB
MemAvailable:    1516748 kB
Buffers:           53100 kB
Cached:           418812 kB
MemTotal:        1844596 kB
MemFree:         1156384 kB
MemAvailable:    1515580 kB
Buffers:           53100 kB
Cached:           418812 kB
MemTotal:        1844596 kB
MemFree:         1157312 kB
MemAvailable:    1516508 kB
Buffers:           53100 kB
Cached:           418812 kB
MemTotal:        1844596 kB
MemFree:         1155764 kB
MemAvailable:    1514960 kB
Buffers:           53100 kB
Cached:           418812 kB
MemTotal:        1844596 kB
MemFree:         1155640 kB
MemAvailable:    1514836 kB
Buffers:           53100 kB
Cached:           418812 kB
MemTotal:        1844596 kB
MemFree:         1155764 kB
MemAvailable:    1514960 kB
Buffers:           53100 kB
Cached:           418812 kB
MemTotal:        1844596 kB
MemFree:         1155764 kB
MemAvailable:    1514960 kB
Buffers:           53100 kB
Cached:           418812 kB
MemTotal:        1844596 kB
MemFree:         1156816 kB
MemAvailable:    1516012 kB
Buffers:           53100 kB
Cached:           418812 kB
MemTotal:        1844596 kB
MemFree:         1156624 kB
MemAvailable:    1515820 kB
Buffers:           53100 kB
Cached:           418812 kB
MemTotal:        1844596 kB
MemFree:         1154896 kB
MemAvailable:    1514092 kB
Buffers:           53100 kB
Cached:           418812 kB
MemTotal:        1844596 kB
MemFree:         1155012 kB
MemAvailable:    1514208 kB
Buffers:           53100 kB
Cached:           418812 kB
MemTotal:        1844596 kB
MemFree:         1155628 kB
MemAvailable:    1514824 kB
Buffers:           53100 kB
Cached:           418812 kB
MemTotal:        1844596 kB
MemFree:         1154228 kB
MemAvailable:    1513424 kB
Buffers:           53100 kB
Cached:           418812 kB
MemTotal:        1844596 kB
MemFree:         1155560 kB
MemAvailable:    1514756 kB
Buffers:           53100 kB
Cached:           418812 kB
MemTotal:        1844596 kB
MemFree:         1155512 kB
MemAvailable:    1514708 kB
Buffers:           53100 kB
Cached:           418812 kB
MemTotal:        1844596 kB
MemFree:         1154080 kB
MemAvailable:    1513276 kB
Buffers:           53100 kB
Cached:           418812 kB
MemTotal:        1844596 kB
MemFree:         1154204 kB
MemAvailable:    1513400 kB
Buffers:           53100 kB
Cached:           418812 kB
MemTotal:        1844596 kB
MemFree:         1154328 kB
MemAvailable:    1513524 kB
Buffers:           53100 kB
Cached:           418812 kB
MemTotal:        1844596 kB
MemFree:         1154328 kB
MemAvailable:    1513524 kB
Buffers:           53100 kB
Cached:           418812 kB
MemTotal:        1844596 kB
MemFree:         1155640 kB
MemAvailable:    1514840 kB
Buffers:           53100 kB
Cached:           418816 kB
MemTotal:        1844596 kB
MemFree:         1154268 kB
MemAvailable:    1513468 kB
Buffers:           53100 kB
Cached:           418816 kB
MemTotal:        1844596 kB
MemFree:         1155060 kB
MemAvailable:    1514260 kB
Buffers:           53100 kB
Cached:           418816 kB
MemTotal:        1844596 kB
MemFree:         1153712 kB
MemAvailable:    1512912 kB
Buffers:           53112 kB
Cached:           418804 kB
MemTotal:        1844596 kB
MemFree:         1154828 kB
MemAvailable:    1514028 kB
Buffers:           53112 kB
Cached:           418804 kB
MemTotal:        1844596 kB
MemFree:         1154632 kB
MemAvailable:    1513832 kB
Buffers:           53112 kB
Cached:           418804 kB
MemTotal:        1844596 kB
MemFree:         1153368 kB
MemAvailable:    1512568 kB
Buffers:           53112 kB
Cached:           418804 kB
MemTotal:        1844596 kB
MemFree:         1154772 kB
MemAvailable:    1513972 kB
Buffers:           53112 kB
Cached:           418804 kB
MemTotal:        1844596 kB
MemFree:         1153864 kB
MemAvailable:    1513064 kB
Buffers:           53112 kB
Cached:           418804 kB
MemTotal:        1844596 kB
MemFree:         1153280 kB
MemAvailable:    1512480 kB
Buffers:           53112 kB
Cached:           418804 kB
MemTotal:        1844596 kB
MemFree:         1153272 kB
MemAvailable:    1512472 kB
Buffers:           53112 kB
Cached:           418804 kB
MemTotal:        1844596 kB
MemFree:         1153284 kB
MemAvailable:    1512484 kB
Buffers:           53112 kB
Cached:           418804 kB
MemTotal:        1844596 kB
MemFree:         1153284 kB
MemAvailable:    1512484 kB
Buffers:           53112 kB
Cached:           418804 kB
MemTotal:        1844596 kB
MemFree:         1153400 kB
MemAvailable:    1512600 kB
Buffers:           53112 kB
Cached:           418804 kB
MemTotal:        1844596 kB
MemFree:         1153480 kB
MemAvailable:    1512680 kB
Buffers:           53112 kB
Cached:           418804 kB
MemTotal:        1844596 kB
MemFree:         1151052 kB
MemAvailable:    1510252 kB
Buffers:           53112 kB
Cached:           418804 kB
MemTotal:        1844596 kB
MemFree:         1148076 kB
MemAvailable:    1507276 kB
Buffers:           53112 kB
Cached:           418804 kB
MemTotal:        1844596 kB
MemFree:         1147144 kB
MemAvailable:    1506344 kB
Buffers:           53112 kB
Cached:           418804 kB
MemTotal:        1844596 kB
MemFree:         1145968 kB
MemAvailable:    1505168 kB
Buffers:           53112 kB
Cached:           418804 kB
MemTotal:        1844596 kB
MemFree:         1146572 kB
MemAvailable:    1505776 kB
Buffers:           53112 kB
Cached:           418808 kB
MemTotal:        1844596 kB
MemFree:         1146712 kB
MemAvailable:    1505916 kB
Buffers:           53112 kB
Cached:           418808 kB
MemTotal:        1844596 kB
MemFree:         1146392 kB
MemAvailable:    1505596 kB
Buffers:           53112 kB
Cached:           418808 kB
MemTotal:        1844596 kB
MemFree:         1146080 kB
MemAvailable:    1505284 kB
Buffers:           53112 kB
Cached:           418808 kB
MemTotal:        1844596 kB
MemFree:         1146648 kB
MemAvailable:    1505852 kB
Buffers:           53112 kB
Cached:           418808 kB
MemTotal:        1844596 kB
MemFree:         1146408 kB
MemAvailable:    1505612 kB
Buffers:           53112 kB
Cached:           418808 kB
MemTotal:        1844596 kB
MemFree:         1146340 kB
MemAvailable:    1505544 kB
Buffers:           53112 kB
Cached:           418808 kB
MemTotal:        1844596 kB
MemFree:         1146636 kB
MemAvailable:    1505840 kB
Buffers:           53112 kB
Cached:           418808 kB
MemTotal:        1844596 kB
MemFree:         1145072 kB
MemAvailable:    1504276 kB
Buffers:           53112 kB
Cached:           418808 kB
MemTotal:        1844596 kB
MemFree:         1145288 kB
MemAvailable:    1504492 kB
Buffers:           53112 kB
Cached:           418808 kB
MemTotal:        1844596 kB
MemFree:         1145200 kB
MemAvailable:    1504404 kB
Buffers:           53112 kB
Cached:           418808 kB
MemTotal:        1844596 kB
MemFree:         1146524 kB
MemAvailable:    1505728 kB
Buffers:           53112 kB
Cached:           418808 kB
MemTotal:        1844596 kB
MemFree:         1145320 kB
MemAvailable:    1504524 kB
Buffers:           53112 kB
Cached:           418808 kB
MemTotal:        1844596 kB
MemFree:         1144728 kB
MemAvailable:    1503932 kB
Buffers:           53112 kB
Cached:           418808 kB
MemTotal:        1844596 kB
MemFree:         1144968 kB
MemAvailable:    1504172 kB
Buffers:           53112 kB
Cached:           418808 kB
MemTotal:        1844596 kB
MemFree:         1145720 kB
MemAvailable:    1504924 kB
Buffers:           53112 kB
Cached:           418808 kB
MemTotal:        1844596 kB
MemFree:         1144108 kB
MemAvailable:    1503312 kB
Buffers:           53112 kB
Cached:           418808 kB
MemTotal:        1844596 kB
MemFree:         1143852 kB
MemAvailable:    1503068 kB
Buffers:           53112 kB
Cached:           418820 kB
MemTotal:        1844596 kB
MemFree:         1145208 kB
MemAvailable:    1504424 kB
Buffers:           53112 kB
Cached:           418820 kB
MemTotal:        1844596 kB
MemFree:         1143480 kB
MemAvailable:    1502696 kB
Buffers:           53112 kB
Cached:           418820 kB
MemTotal:        1844596 kB
MemFree:         1143920 kB
MemAvailable:    1503136 kB
Buffers:           53112 kB
Cached:           418820 kB
MemTotal:        1844596 kB
MemFree:         1143976 kB
MemAvailable:    1503192 kB
Buffers:           53112 kB
Cached:           418820 kB
MemTotal:        1844596 kB
MemFree:         1142976 kB
MemAvailable:    1502192 kB
Buffers:           53112 kB
Cached:           418820 kB
MemTotal:        1844596 kB
MemFree:         1142620 kB
MemAvailable:    1501836 kB
Buffers:           53112 kB
Cached:           418820 kB
MemTotal:        1844596 kB
MemFree:         1142964 kB
MemAvailable:    1502180 kB
Buffers:           53112 kB
Cached:           418820 kB
MemTotal:        1844596 kB
MemFree:         1143216 kB
MemAvailable:    1502432 kB
Buffers:           53112 kB
Cached:           418820 kB
MemTotal:        1844596 kB
MemFree:         1142852 kB
MemAvailable:    1502068 kB
Buffers:           53112 kB
Cached:           418820 kB
MemTotal:        1844596 kB
MemFree:         1141564 kB
MemAvailable:    1500780 kB
Buffers:           53112 kB
Cached:           418820 kB
MemTotal:        1844596 kB
MemFree:         1142716 kB
MemAvailable:    1501932 kB
Buffers:           53112 kB
Cached:           418820 kB
MemTotal:        1844596 kB
MemFree:         1141628 kB
MemAvailable:    1500844 kB
Buffers:           53112 kB
Cached:           418820 kB
MemTotal:        1844596 kB
MemFree:         1142680 kB
MemAvailable:    1501900 kB
Buffers:           53112 kB
Cached:           418824 kB
MemTotal:        1844596 kB
MemFree:         1142744 kB
MemAvailable:    1501964 kB
Buffers:           53112 kB
Cached:           418824 kB
MemTotal:        1844596 kB
MemFree:         1142940 kB
MemAvailable:    1502160 kB
Buffers:           53112 kB
Cached:           418824 kB
MemTotal:        1844596 kB
MemFree:         1142424 kB
MemAvailable:    1501644 kB
Buffers:           53112 kB
Cached:           418824 kB
MemTotal:        1844596 kB
MemFree:         1142168 kB
MemAvailable:    1501388 kB
Buffers:           53112 kB
Cached:           418824 kB
MemTotal:        1844596 kB
MemFree:         1141736 kB
MemAvailable:    1500956 kB
Buffers:           53112 kB
Cached:           418824 kB
MemTotal:        1844596 kB
MemFree:         1141132 kB
MemAvailable:    1500352 kB
Buffers:           53112 kB
Cached:           418824 kB
MemTotal:        1844596 kB
MemFree:         1134792 kB
MemAvailable:    1494012 kB
Buffers:           53112 kB
Cached:           418824 kB
MemTotal:        1844596 kB
MemFree:         1135044 kB
MemAvailable:    1494264 kB
Buffers:           53112 kB
Cached:           418824 kB
MemTotal:        1844596 kB
MemFree:         1134988 kB
MemAvailable:    1494208 kB
Buffers:           53112 kB
Cached:           418824 kB
MemTotal:        1844596 kB
MemFree:         1133636 kB
MemAvailable:    1492856 kB
Buffers:           53112 kB
Cached:           418824 kB
MemTotal:        1844596 kB
MemFree:         1133636 kB
MemAvailable:    1492856 kB
Buffers:           53112 kB
Cached:           418824 kB
MemTotal:        1844596 kB
MemFree:         1133504 kB
MemAvailable:    1492724 kB
Buffers:           53112 kB
Cached:           418824 kB
MemTotal:        1844596 kB
MemFree:         1135352 kB
MemAvailable:    1494572 kB
Buffers:           53112 kB
Cached:           418824 kB
MemTotal:        1844596 kB
MemFree:         1136552 kB
MemAvailable:    1495856 kB
Buffers:           53112 kB
Cached:           418948 kB
MemTotal:        1844596 kB
MemFree:         1136452 kB
MemAvailable:    1495756 kB
Buffers:           53112 kB
Cached:           419072 kB
MemTotal:        1844596 kB
MemFree:         1134800 kB
MemAvailable:    1494356 kB
Buffers:           53112 kB
Cached:           419196 kB
MemTotal:        1844596 kB
MemFree:         1134560 kB
MemAvailable:    1494200 kB
Buffers:           53112 kB
Cached:           419320 kB
MemTotal:        1844596 kB
MemFree:         1134296 kB
MemAvailable:    1494104 kB
Buffers:           53112 kB
Cached:           419444 kB
MemTotal:        1844596 kB
MemFree:         1135420 kB
MemAvailable:    1495280 kB
Buffers:           53112 kB
Cached:           419464 kB
MemTotal:        1844596 kB
MemFree:         1134436 kB
MemAvailable:    1494296 kB
Buffers:           53112 kB
Cached:           419464 kB
MemTotal:        1844596 kB
MemFree:         1135388 kB
MemAvailable:    1495248 kB
Buffers:           53112 kB
Cached:           419464 kB
MemTotal:        1844596 kB
MemFree:         1135412 kB
MemAvailable:    1495272 kB
Buffers:           53112 kB
Cached:           419464 kB
MemTotal:        1844596 kB
MemFree:         1135428 kB
MemAvailable:    1495288 kB
Buffers:           53112 kB
Cached:           419464 kB
MemTotal:        1844596 kB
MemFree:         1135372 kB
MemAvailable:    1495316 kB
Buffers:           53112 kB
Cached:           419588 kB
MemTotal:        1844596 kB
MemFree:         1134560 kB
MemAvailable:    1494504 kB
Buffers:           53112 kB
Cached:           419588 kB
MemTotal:        1844596 kB
MemFree:         1135276 kB
MemAvailable:    1495220 kB
Buffers:           53112 kB
Cached:           419588 kB
MemTotal:        1844596 kB
MemFree:         1134880 kB
MemAvailable:    1494908 kB
Buffers:           53112 kB
Cached:           419712 kB
MemTotal:        1844596 kB
MemFree:         1173492 kB
MemAvailable:    1532764 kB
Buffers:           53112 kB
Cached:           418872 kB
