MemTotal:        1844596 kB
MemFree:         1157644 kB
MemAvailable:    1560700 kB
Buffers:           57852 kB
Cached:           454552 kB
MemTotal:        1844596 kB
MemFree:         1130560 kB
MemAvailable:    1533612 kB
Buffers:           57852 kB
Cached:           454508 kB
MemTotal:        1844596 kB
MemFree:         1128948 kB
MemAvailable:    1532000 kB
Buffers:           57852 kB
Cached:           454508 kB
MemTotal:        1844596 kB
MemFree:         1127848 kB
MemAvailable:    1530900 kB
Buffers:           57852 kB
Cached:           454508 kB
MemTotal:        1844596 kB
MemFree:         1127724 kB
MemAvailable:    1530776 kB
Buffers:           57852 kB
Cached:           454508 kB
MemTotal:        1844596 kB
MemFree:         1127412 kB
MemAvailable:    1530464 kB
Buffers:           57852 kB
Cached:           454508 kB
MemTotal:        1844596 kB
MemFree:         1126320 kB
MemAvailable:    1529372 kB
Buffers:           57852 kB
Cached:           454508 kB
MemTotal:        1844596 kB
MemFree:         1124864 kB
MemAvailable:    1527916 kB
Buffers:           57852 kB
Cached:           454508 kB
MemTotal:        1844596 kB
MemFree:         1120468 kB
MemAvailable:    1523520 kB
Buffers:           57852 kB
Cached:           454508 kB
MemTotal:        1844596 kB
MemFree:         1116316 kB
MemAvailable:    1519368 kB
Buffers:           57852 kB
Cached:           454508 kB
MemTotal:        1844596 kB
MemFree:         1115912 kB
MemAvailable:    1518964 kB
Buffers:           57852 kB
Cached:           454508 kB
MemTotal:        1844596 kB
MemFree:         1117168 kB
MemAvailable:    1520220 kB
Buffers:           57852 kB
Cached:           454508 kB
MemTotal:        1844596 kB
MemFree:         1116812 kB
MemAvailable:    1519864 kB
Buffers:           57852 kB
Cached:           454508 kB
MemTotal:        1844596 kB
MemFree:         1117292 kB
MemAvailable:    1520344 kB
Buffers:           57852 kB
Cached:           454508 kB
MemTotal:        1844596 kB
MemFree:         1117628 kB
MemAvailable:    1520680 kB
Buffers:           57852 kB
Cached:           454508 kB
MemTotal:        1844596 kB
MemFree:         1116548 kB
MemAvailable:    1519600 kB
Buffers:           57852 kB
Cached:           454508 kB
MemTotal:        1844596 kB
MemFree:         1116632 kB
MemAvailable:    1519684 kB
Buffers:           57852 kB
Cached:           454508 kB
MemTotal:        1844596 kB
MemFree:         1115572 kB
MemAvailable:    1518624 kB
Buffers:           57852 kB
Cached:           454508 kB
MemTotal:        1844596 kB
MemFree:         1115120 kB
MemAvailable:    1518172 kB
Buffers:           57852 kB
Cached:           454508 kB
MemTotal:        1844596 kB
MemFree:         1115068 kB
MemAvailable:    1518120 kB
Buffers:           57852 kB
Cached:           454508 kB
MemTotal:        1844596 kB
MemFree:         1113572 kB
MemAvailable:    1516624 kB
Buffers:           57852 kB
Cached:           454508 kB
MemTotal:        1844596 kB
MemFree:         1114688 kB
MemAvailable:    1517740 kB
Buffers:           57852 kB
Cached:           454508 kB
MemTotal:        1844596 kB
MemFree:         1113920 kB
MemAvailable:    1516972 kB
Buffers:           57852 kB
Cached:           454508 kB
MemTotal:        1844596 kB
MemFree:         1114888 kB
MemAvailable:    1517940 kB
Buffers:           57852 kB
Cached:           454508 kB
MemTotal:        1844596 kB
MemFree:         1114840 kB
MemAvailable:    1517892 kB
Buffers:           57852 kB
Cached:           454508 kB
MemTotal:        1844596 kB
MemFree:         1114896 kB
MemAvailable:    1517948 kB
Buffers:           57852 kB
Cached:           454508 kB
MemTotal:        1844596 kB
MemFree:         1115988 kB
MemAvailable:    1519040 kB
Buffers:           57852 kB
Cached:           454508 kB
MemTotal:        1844596 kB
MemFree:         1115556 kB
MemAvailable:    1518608 kB
Buffers:           57852 kB
Cached:           454508 kB
MemTotal:        1844596 kB
MemFree:         1115200 kB
MemAvailable:    1518252 kB
Buffers:           57852 kB
Cached:           454508 kB
MemTotal:        1844596 kB
MemFree:         1113464 kB
MemAvailable:    1516516 kB
Buffers:           57852 kB
Cached:           454508 kB
MemTotal:        1844596 kB
MemFree:         1111480 kB
MemAvailable:    1514532 kB
Buffers:           57852 kB
Cached:           454508 kB
MemTotal:        1844596 kB
MemFree:         1112100 kB
MemAvailable:    1515152 kB
Buffers:           57852 kB
Cached:           454508 kB
MemTotal:        1844596 kB
MemFree:         1110612 kB
MemAvailable:    1513664 kB
Buffers:           57852 kB
Cached:           454508 kB
MemTotal:        1844596 kB
MemFree:         1110364 kB
MemAvailable:    1513416 kB
Buffers:           57852 kB
Cached:           454508 kB
MemTotal:        1844596 kB
MemFree:         1110720 kB
MemAvailable:    1513772 kB
Buffers:           57852 kB
Cached:           454508 kB
MemTotal:        1844596 kB
MemFree:         1110364 kB
MemAvailable:    1513416 kB
Buffers:           57852 kB
Cached:           454508 kB
MemTotal:        1844596 kB
MemFree:         1110584 kB
MemAvailable:    1513636 kB
Buffers:           57852 kB
Cached:           454508 kB
MemTotal:        1844596 kB
MemFree:         1110836 kB
MemAvailable:    1513888 kB
Buffers:           57852 kB
Cached:           454508 kB
MemTotal:        1844596 kB
MemFree:         1110616 kB
MemAvailable:    1513668 kB
Buffers:           57852 kB
Cached:           454508 kB
MemTotal:        1844596 kB
MemFree:         1110612 kB
MemAvailable:    1513664 kB
Buffers:           57852 kB
Cached:           454508 kB
MemTotal:        1844596 kB
MemFree:         1110480 kB
MemAvailable:    1513532 kB
Buffers:           57852 kB
Cached:           454508 kB
MemTotal:        1844596 kB
MemFree:         1110456 kB
MemAvailable:    1513508 kB
Buffers:           57852 kB
Cached:           454508 kB
MemTotal:        1844596 kB
MemFree:         1109992 kB
MemAvailable:    1513044 kB
Buffers:           57852 kB
Cached:           454508 kB
MemTotal:        1844596 kB
MemFree:         1109736 kB
MemAvailable:    1512788 kB
Buffers:           57852 kB
Cached:           454508 kB
MemTotal:        1844596 kB
MemFree:         1108324 kB
MemAvailable:    1511376 kB
Buffers:           57852 kB
Cached:           454508 kB
MemTotal:        1844596 kB
MemFree:         1109792 kB
MemAvailable:    1512844 kB
Buffers:           57852 kB
Cached:           454508 kB
MemTotal:        1844596 kB
MemFree:         1108752 kB
MemAvailable:    1511804 kB
Buffers:           57852 kB
Cached:           454508 kB
MemTotal:        1844596 kB
MemFree:         1109680 kB
MemAvailable:    1512736 kB
Buffers:           57852 kB
Cached:           454512 kB
MemTotal:        1844596 kB
MemFree:         1108504 kB
MemAvailable:    1511560 kB
Buffers:           57852 kB
Cached:           454512 kB
MemTotal:        1844596 kB
MemFree:         1109680 kB
MemAvailable:    1512736 kB
Buffers:           57852 kB
Cached:           454512 kB
MemTotal:        1844596 kB
MemFree:         1109736 kB
MemAvailable:    1512792 kB
Buffers:           57852 kB
Cached:           454512 kB
MemTotal:        1844596 kB
MemFree:         1109556 kB
MemAvailable:    1512612 kB
Buffers:           57852 kB
Cached:           454512 kB
MemTotal:        1844596 kB
MemFree:         1109480 kB
MemAvailable:    1512536 kB
Buffers:           57852 kB
Cached:           454512 kB
MemTotal:        1844596 kB
MemFree:         1109816 kB
MemAvailable:    1512872 kB
Buffers:           57852 kB
Cached:           454512 kB
MemTotal:        1844596 kB
MemFree:         1109440 kB
MemAvailable:    1512496 kB
Buffers:           57852 kB
Cached:           454512 kB
MemTotal:        1844596 kB
MemFree:         1108324 kB
MemAvailable:    1511380 kB
Buffers:           57852 kB
Cached:           454512 kB
MemTotal:        1844596 kB
MemFree:         1109360 kB
MemAvailable:    1512416 kB
Buffers:           57852 kB
Cached:           454512 kB
MemTotal:        1844596 kB
MemFree:         1107556 kB
MemAvailable:    1510612 kB
Buffers:           57852 kB
Cached:           454512 kB
MemTotal:        1844596 kB
MemFree:         1107804 kB
MemAvailable:    1510860 kB
Buffers:           57852 kB
Cached:           454512 kB
MemTotal:        1844596 kB
MemFree:         1107504 kB
MemAvailable:    1510560 kB
Buffers:           57852 kB
Cached:           454512 kB
MemTotal:        1844596 kB
MemFree:         1108704 kB
MemAvailable:    1511760 kB
Buffers:           57852 kB
Cached:           454512 kB
MemTotal:        1844596 kB
MemFree:         1108696 kB
MemAvailable:    1511752 kB
Buffers:           57852 kB
Cached:           454512 kB
MemTotal:        1844596 kB
MemFree:         1108688 kB
MemAvailable:    1511744 kB
Buffers:           57852 kB
Cached:           454512 kB
MemTotal:        1844596 kB
MemFree:         1108552 kB
MemAvailable:    1511608 kB
Buffers:           57852 kB
Cached:           454512 kB
MemTotal:        1844596 kB
MemFree:         1108804 kB
MemAvailable:    1511860 kB
Buffers:           57852 kB
Cached:           454512 kB
MemTotal:        1844596 kB
MemFree:         1108900 kB
MemAvailable:    1511956 kB
Buffers:           57852 kB
Cached:           454512 kB
MemTotal:        1844596 kB
MemFree:         1107360 kB
MemAvailable:    1510416 kB
Buffers:           57852 kB
Cached:           454512 kB
MemTotal:        1844596 kB
MemFree:         1107944 kB
MemAvailable:    1511000 kB
Buffers:           57852 kB
Cached:           454512 kB
MemTotal:        1844596 kB
MemFree:         1104908 kB
MemAvailable:    1507964 kB
Buffers:           57852 kB
Cached:           454512 kB
MemTotal:        1844596 kB
MemFree:         1102544 kB
MemAvailable:    1505600 kB
Buffers:           57852 kB
Cached:           454512 kB
MemTotal:        1844596 kB
MemFree:         1101480 kB
MemAvailable:    1504536 kB
Buffers:           57852 kB
Cached:           454512 kB
MemTotal:        1844596 kB
MemFree:         1099940 kB
MemAvailable:    1502996 kB
Buffers:           57852 kB
Cached:           454512 kB
MemTotal:        1844596 kB
MemFree:         1099692 kB
MemAvailable:    1502748 kB
Buffers:           57852 kB
Cached:           454512 kB
MemTotal:        1844596 kB
MemFree:         1101168 kB
MemAvailable:    1504224 kB
Buffers:           57852 kB
Cached:           454512 kB
MemTotal:        1844596 kB
MemFree:         1100544 kB
MemAvailable:    1503600 kB
Buffers:           57852 kB
Cached:           454512 kB
MemTotal:        1844596 kB
MemFree:         1099888 kB
MemAvailable:    1502944 kB
Buffers:           57852 kB
Cached:           454512 kB
MemTotal:        1844596 kB
MemFree:         1099452 kB
MemAvailable:    1502512 kB
Buffers:           57852 kB
Cached:           454516 kB
MemTotal:        1844596 kB
MemFree:         1100744 kB
MemAvailable:    1503804 kB
Buffers:           57852 kB
Cached:           454516 kB
MemTotal:        1844596 kB
MemFree:         1100072 kB
MemAvailable:    1503132 kB
Buffers:           57852 kB
Cached:           454516 kB
MemTotal:        1844596 kB
MemFree:         1100512 kB
MemAvailable:    1503572 kB
Buffers:           57852 kB
Cached:           454516 kB
MemTotal:        1844596 kB
MemFree:         1100496 kB
MemAvailable:    1503556 kB
Buffers:           57852 kB
Cached:           454516 kB
MemTotal:        1844596 kB
MemFree:         1100308 kB
MemAvailable:    1503368 kB
Buffers:           57852 kB
Cached:           454516 kB
MemTotal:        1844596 kB
MemFree:         1099296 kB
MemAvailable:    1502356 kB
Buffers:           57852 kB
Cached:           454516 kB
MemTotal:        1844596 kB
MemFree:         1099412 kB
MemAvailable:    1502472 kB
Buffers:           57852 kB
Cached:           454516 kB
MemTotal:        1844596 kB
MemFree:         1100776 kB
MemAvailable:    1503836 kB
Buffers:           57852 kB
Cached:           454516 kB
MemTotal:        1844596 kB
MemFree:         1100560 kB
MemAvailable:    1503620 kB
Buffers:           57852 kB
Cached:           454516 kB
MemTotal:        1844596 kB
MemFree:         1099560 kB
MemAvailable:    1502620 kB
Buffers:           57852 kB
Cached:           454516 kB
MemTotal:        1844596 kB
MemFree:         1099644 kB
MemAvailable:    1502704 kB
Buffers:           57852 kB
Cached:           454516 kB
MemTotal:        1844596 kB
MemFree:         1099456 kB
MemAvailable:    1502516 kB
Buffers:           57852 kB
Cached:           454516 kB
MemTotal:        1844596 kB
MemFree:         1099248 kB
MemAvailable:    1502312 kB
Buffers:           57852 kB
Cached:           454520 kB
MemTotal:        1844596 kB
MemFree:         1099188 kB
MemAvailable:    1502252 kB
Buffers:           57852 kB
Cached:           454520 kB
MemTotal:        1844596 kB
MemFree:         1097824 kB
MemAvailable:    1500888 kB
Buffers:           57852 kB
Cached:           454520 kB
MemTotal:        1844596 kB
MemFree:         1097468 kB
MemAvailable:    1500532 kB
Buffers:           57852 kB
Cached:           454520 kB
MemTotal:        1844596 kB
MemFree:         1096412 kB
MemAvailable:    1499476 kB
Buffers:           57852 kB
Cached:           454520 kB
MemTotal:        1844596 kB
MemFree:         1097672 kB
MemAvailable:    1500736 kB
Buffers:           57852 kB
Cached:           454520 kB
MemTotal:        1844596 kB
MemFree:         1097272 kB
MemAvailable:    1500336 kB
Buffers:           57852 kB
Cached:           454520 kB
MemTotal:        1844596 kB
MemFree:         1096096 kB
MemAvailable:    1499160 kB
Buffers:           57852 kB
Cached:           454520 kB
MemTotal:        1844596 kB
MemFree:         1096832 kB
MemAvailable:    1499896 kB
Buffers:           57852 kB
Cached:           454520 kB
MemTotal:        1844596 kB
MemFree:         1096296 kB
MemAvailable:    1499360 kB
Buffers:           57852 kB
Cached:           454520 kB
MemTotal:        1844596 kB
MemFree:         1097032 kB
MemAvailable:    1500096 kB
Buffers:           57852 kB
Cached:           454520 kB
MemTotal:        1844596 kB
MemFree:         1096096 kB
MemAvailable:    1499160 kB
Buffers:           57852 kB
Cached:           454520 kB
MemTotal:        1844596 kB
MemFree:         1096888 kB
MemAvailable:    1499952 kB
Buffers:           57852 kB
Cached:           454520 kB
MemTotal:        1844596 kB
MemFree:         1095608 kB
MemAvailable:    1498672 kB
Buffers:           57852 kB
Cached:           454520 kB
MemTotal:        1844596 kB
MemFree:         1096848 kB
MemAvailable:    1499912 kB
Buffers:           57852 kB
Cached:           454520 kB
MemTotal:        1844596 kB
MemFree:         1095608 kB
MemAvailable:    1498672 kB
Buffers:           57852 kB
Cached:           454520 kB
MemTotal:        1844596 kB
MemFree:         1095352 kB
MemAvailable:    1498416 kB
Buffers:           57852 kB
Cached:           454520 kB
MemTotal:        1844596 kB
MemFree:         1096660 kB
MemAvailable:    1499724 kB
Buffers:           57852 kB
Cached:           454520 kB
MemTotal:        1844596 kB
MemFree:         1095484 kB
MemAvailable:    1498548 kB
Buffers:           57852 kB
Cached:           454520 kB
MemTotal:        1844596 kB
MemFree:         1089896 kB
MemAvailable:    1492960 kB
Buffers:           57852 kB
Cached:           454520 kB
MemTotal:        1844596 kB
MemFree:         1088292 kB
MemAvailable:    1491356 kB
Buffers:           57852 kB
Cached:           454520 kB
MemTotal:        1844596 kB
MemFree:         1089004 kB
MemAvailable:    1492068 kB
Buffers:           57852 kB
Cached:           454520 kB
MemTotal:        1844596 kB
MemFree:         1088408 kB
MemAvailable:    1491472 kB
Buffers:           57852 kB
Cached:           454520 kB
MemTotal:        1844596 kB
MemFree:         1088836 kB
MemAvailable:    1491900 kB
Buffers:           57852 kB
Cached:           454520 kB
MemTotal:        1844596 kB
MemFree:         1088540 kB
MemAvailable:    1491604 kB
Buffers:           57852 kB
Cached:           454520 kB
MemTotal:        1844596 kB
MemFree:         1087484 kB
MemAvailable:    1490548 kB
Buffers:           57852 kB
Cached:           454520 kB
MemTotal:        1844596 kB
MemFree:         1090808 kB
MemAvailable:    1493872 kB
Buffers:           57852 kB
Cached:           454520 kB
MemTotal:        1844596 kB
MemFree:         1090516 kB
MemAvailable:    1493664 kB
Buffers:           57852 kB
Cached:           454644 kB
MemTotal:        1844596 kB
MemFree:         1090252 kB
MemAvailable:    1493484 kB
Buffers:           57852 kB
Cached:           454644 kB
MemTotal:        1844596 kB
MemFree:         1089788 kB
MemAvailable:    1493020 kB
Buffers:           57852 kB
Cached:           454644 kB
MemTotal:        1844596 kB
MemFree:         1088772 kB
MemAvailable:    1492088 kB
Buffers:           57852 kB
Cached:           454768 kB
MemTotal:        1844596 kB
MemFree:         1089880 kB
MemAvailable:    1493448 kB
Buffers:           57852 kB
Cached:           455016 kB
MemTotal:        1844596 kB
MemFree:         1089880 kB
MemAvailable:    1493448 kB
Buffers:           57852 kB
Cached:           455016 kB
MemTotal:        1844596 kB
MemFree:         1089700 kB
MemAvailable:    1493436 kB
Buffers:           57852 kB
Cached:           455264 kB
MemTotal:        1844596 kB
MemFree:         1089696 kB
MemAvailable:    1493432 kB
Buffers:           57852 kB
Cached:           455264 kB
MemTotal:        1844596 kB
MemFree:         1088788 kB
MemAvailable:    1492524 kB
Buffers:           57852 kB
Cached:           455264 kB
MemTotal:        1844596 kB
MemFree:         1089840 kB
MemAvailable:    1493592 kB
Buffers:           57852 kB
Cached:           455244 kB
MemTotal:        1844596 kB
MemFree:         1088664 kB
MemAvailable:    1492416 kB
Buffers:           57852 kB
Cached:           455244 kB
MemTotal:        1844596 kB
MemFree:         1089948 kB
MemAvailable:    1493700 kB
Buffers:           57852 kB
Cached:           455244 kB
MemTotal:        1844596 kB
MemFree:         1089584 kB
MemAvailable:    1493336 kB
Buffers:           57852 kB
Cached:           455244 kB
MemTotal:        1844596 kB
MemFree:         1089876 kB
MemAvailable:    1493628 kB
Buffers:           57852 kB
Cached:           455244 kB
MemTotal:        1844596 kB
MemFree:         1088276 kB
MemAvailable:    1492028 kB
Buffers:           57852 kB
Cached:           455244 kB
MemTotal:        1844596 kB
MemFree:         1089692 kB
MemAvailable:    1492856 kB
Buffers:           57852 kB
Cached:           454528 kB
MemTotal:        1844596 kB
MemFree:         1154384 kB
MemAvailable:    1557548 kB
Buffers:           57852 kB
Cached:           454528 kB
