MemTotal:        1844596 kB
MemFree:         1350348 kB
MemAvailable:    1580584 kB
Buffers:           36052 kB
Cached:           312080 kB
MemTotal:        1844596 kB
MemFree:         1324012 kB
MemAvailable:    1554252 kB
Buffers:           36052 kB
Cached:           312084 kB
MemTotal:        1844596 kB
MemFree:         1321656 kB
MemAvailable:    1551896 kB
Buffers:           36052 kB
Cached:           312084 kB
MemTotal:        1844596 kB
MemFree:         1320284 kB
MemAvailable:    1550524 kB
Buffers:           36052 kB
Cached:           312084 kB
MemTotal:        1844596 kB
MemFree:         1317944 kB
MemAvailable:    1548184 kB
Buffers:           36052 kB
Cached:           312084 kB
MemTotal:        1844596 kB
MemFree:         1319184 kB
MemAvailable:    1549424 kB
Buffers:           36052 kB
Cached:           312084 kB
MemTotal:        1844596 kB
MemFree:         1316952 kB
MemAvailable:    1547192 kB
Buffers:           36052 kB
Cached:           312084 kB
MemTotal:        1844596 kB
MemFree:         1315028 kB
MemAvailable:    1545268 kB
Buffers:           36052 kB
Cached:           312084 kB
MemTotal:        1844596 kB
MemFree:         1312348 kB
MemAvailable:    1542588 kB
Buffers:           36052 kB
Cached:           312084 kB
MemTotal:        1844596 kB
MemFree:         1312432 kB
MemAvailable:    1542672 kB
Buffers:           36052 kB
Cached:           312084 kB
MemTotal:        1844596 kB
MemFree:         1306776 kB
MemAvailable:    1537016 kB
Buffers:           36052 kB
Cached:           312084 kB
MemTotal:        1844596 kB
MemFree:         1308952 kB
MemAvailable:    1539192 kB
Buffers:           36052 kB
Cached:           312084 kB
MemTotal:        1844596 kB
MemFree:         1309208 kB
MemAvailable:    1539448 kB
Buffers:           36052 kB
Cached:           312084 kB
MemTotal:        1844596 kB
MemFree:         1309180 kB
MemAvailable:    1539420 kB
Buffers:           36052 kB
Cached:           312084 kB
MemTotal:        1844596 kB
MemFree:         1309048 kB
MemAvailable:    1539288 kB
Buffers:           36052 kB
Cached:           312084 kB
MemTotal:        1844596 kB
MemFree:         1309048 kB
MemAvailable:    1539288 kB
Buffers:           36052 kB
Cached:           312084 kB
MemTotal:        1844596 kB
MemFree:         1307404 kB
MemAvailable:    1537644 kB
Buffers:           36052 kB
Cached:           312084 kB
MemTotal:        1844596 kB
MemFree:         1308440 kB
MemAvailable:    1538680 kB
Buffers:           36052 kB
Cached:           312084 kB
MemTotal:        1844596 kB
MemFree:         1307216 kB
MemAvailable:    1537456 kB
Buffers:           36052 kB
Cached:           312084 kB
MemTotal:        1844596 kB
MemFree:         1306604 kB
MemAvailable:    1536844 kB
Buffers:           36052 kB
Cached:           312084 kB
MemTotal:        1844596 kB
MemFree:         1306856 kB
MemAvailable:    1537096 kB
Buffers:           36052 kB
Cached:           312084 kB
MemTotal:        1844596 kB
MemFree:         1306832 kB
MemAvailable:    1537072 kB
Buffers:           36052 kB
Cached:           312084 kB
MemTotal:        1844596 kB
MemFree:         1306600 kB
MemAvailable:    1536840 kB
Buffers:           36052 kB
Cached:           312084 kB
MemTotal:        1844596 kB
MemFree:         1305792 kB
MemAvailable:    1536032 kB
Buffers:           36052 kB
Cached:           312084 kB
MemTotal:        1844596 kB
MemFree:         1306520 kB
MemAvailable:    1536760 kB
Buffers:           36052 kB
Cached:           312084 kB
MemTotal:        1844596 kB
MemFree:         1306772 kB
MemAvailable:    1537012 kB
Buffers:           36052 kB
Cached:           312084 kB
MemTotal:        1844596 kB
MemFree:         1305356 kB
MemAvailable:    1535596 kB
Buffers:           36052 kB
Cached:           312084 kB
MemTotal:        1844596 kB
MemFree:         1306664 kB
MemAvailable:    1536904 kB
Buffers:           36052 kB
Cached:           312084 kB
MemTotal:        1844596 kB
MemFree:         1308024 kB
MemAvailable:    1538124 kB
Buffers:           36052 kB
Cached:           312084 kB
MemTotal:        1844596 kB
MemFree:         1306608 kB
MemAvailable:    1536848 kB
Buffers:           36052 kB
Cached:           312084 kB
MemTotal:        1844596 kB
MemFree:         1306024 kB
MemAvailable:    1536264 kB
Buffers:           36052 kB
Cached:           312084 kB
MemTotal:        1844596 kB
MemFree:         1305172 kB
MemAvailable:    1535412 kB
Buffers:           36052 kB
Cached:           312084 kB
MemTotal:        1844596 kB
MemFree:         1303312 kB
MemAvailable:    1533552 kB
Buffers:           36052 kB
Cached:           312084 kB
MemTotal:        1844596 kB
MemFree:         1302808 kB
MemAvailable:    1533048 kB
Buffers:           36052 kB
Cached:           312084 kB
MemTotal:        1844596 kB
MemFree:         1303420 kB
MemAvailable:    1533660 kB
Buffers:           36052 kB
Cached:           312084 kB
MemTotal:        1844596 kB
MemFree:         1302568 kB
MemAvailable:    1532808 kB
Buffers:           36052 kB
Cached:           312084 kB
MemTotal:        1844596 kB
MemFree:         1302940 kB
MemAvailable:    1533180 kB
Buffers:           36052 kB
Cached:           312084 kB
MemTotal:        1844596 kB
MemFree:         1301576 kB
MemAvailable:    1531816 kB
Buffers:           36052 kB
Cached:           312084 kB
MemTotal:        1844596 kB
MemFree:         1302376 kB
MemAvailable:    1532616 kB
Buffers:           36052 kB
Cached:           312084 kB
MemTotal:        1844596 kB
MemFree:         1302628 kB
MemAvailable:    1532868 kB
Buffers:           36052 kB
Cached:           312084 kB
MemTotal:        1844596 kB
MemFree:         1302388 kB
MemAvailable:    1532628 kB
Buffers:           36052 kB
Cached:           312084 kB
MemTotal:        1844596 kB
MemFree:         1301184 kB
MemAvailable:    1531424 kB
Buffers:           36052 kB
Cached:           312084 kB
MemTotal:        1844596 kB
MemFree:         1302284 kB
MemAvailable:    1532524 kB
Buffers:           36052 kB
Cached:           312084 kB
MemTotal:        1844596 kB
MemFree:         1302536 kB
MemAvailable:    1532776 kB
Buffers:           36052 kB
Cached:           312084 kB
MemTotal:        1844596 kB
MemFree:         1302040 kB
MemAvailable:    1532280 kB
Buffers:           36052 kB
Cached:           312084 kB
MemTotal:        1844596 kB
MemFree:         1301452 kB
MemAvailable:    1531692 kB
Buffers:           36052 kB
Cached:           312084 kB
MemTotal:        1844596 kB
MemFree:         1301536 kB
MemAvailable:    1531776 kB
Buffers:           36052 kB
Cached:           312084 kB
MemTotal:        1844596 kB
MemFree:         1301444 kB
MemAvailable:    1531684 kB
Buffers:           36052 kB
Cached:           312084 kB
MemTotal:        1844596 kB
MemFree:         1301800 kB
MemAvailable:    1532040 kB
Buffers:           36052 kB
Cached:           312084 kB
MemTotal:        1844596 kB
MemFree:         1300196 kB
MemAvailable:    1530440 kB
Buffers:           36052 kB
Cached:           312088 kB
MemTotal:        1844596 kB
MemFree:         1300328 kB
MemAvailable:    1530572 kB
Buffers:           36052 kB
Cached:           312088 kB
MemTotal:        1844596 kB
MemFree:         1300452 kB
MemAvailable:    1530696 kB
Buffers:           36052 kB
Cached:           312088 kB
MemTotal:        1844596 kB
MemFree:         1300452 kB
MemAvailable:    1530696 kB
Buffers:           36052 kB
Cached:           312088 kB
MemTotal:        1844596 kB
MemFree:         1301628 kB
MemAvailable:    1531872 kB
Buffers:           36052 kB
Cached:           312088 kB
MemTotal:        1844596 kB
MemFree:         1300584 kB
MemAvailable:    1530828 kB
Buffers:           36052 kB
Cached:           312088 kB
MemTotal:        1844596 kB
MemFree:         1301312 kB
MemAvailable:    1531556 kB
Buffers:           36052 kB
Cached:           312088 kB
MemTotal:        1844596 kB
MemFree:         1301328 kB
MemAvailable:    1531572 kB
Buffers:           36052 kB
Cached:           312088 kB
MemTotal:        1844596 kB
MemFree:         1300148 kB
MemAvailable:    1530392 kB
Buffers:           36052 kB
Cached:           312088 kB
MemTotal:        1844596 kB
MemFree:         1300156 kB
MemAvailable:    1530400 kB
Buffers:           36052 kB
Cached:           312088 kB
MemTotal:        1844596 kB
MemFree:         1299892 kB
MemAvailable:    1530136 kB
Buffers:           36052 kB
Cached:           312088 kB
MemTotal:        1844596 kB
MemFree:         1301008 kB
MemAvailable:    1531252 kB
Buffers:           36052 kB
Cached:           312088 kB
MemTotal:        1844596 kB
MemFree:         1300644 kB
MemAvailable:    1530888 kB
Buffers:           36052 kB
Cached:           312088 kB
MemTotal:        1844596 kB
MemFree:         1300584 kB
MemAvailable:    1530828 kB
Buffers:           36052 kB
Cached:           312088 kB
MemTotal:        1844596 kB
MemFree:         1300568 kB
MemAvailable:    1530812 kB
Buffers:           36052 kB
Cached:           312088 kB
MemTotal:        1844596 kB
MemFree:         1299328 kB
MemAvailable:    1529572 kB
Buffers:           36052 kB
Cached:           312088 kB
MemTotal:        1844596 kB
MemFree:         1299320 kB
MemAvailable:    1529564 kB
Buffers:           36052 kB
Cached:           312088 kB
MemTotal:        1844596 kB
MemFree:         1300552 kB
MemAvailable:    1530796 kB
Buffers:           36052 kB
Cached:           312088 kB
MemTotal:        1844596 kB
MemFree:         1300336 kB
MemAvailable:    1530580 kB
Buffers:           36052 kB
Cached:           312088 kB
MemTotal:        1844596 kB
MemFree:         1300444 kB
MemAvailable:    1530688 kB
Buffers:           36052 kB
Cached:           312088 kB
MemTotal:        1844596 kB
MemFree:         1300504 kB
MemAvailable:    1530748 kB
Buffers:           36052 kB
Cached:           312088 kB
MemTotal:        1844596 kB
MemFree:         1299452 kB
MemAvailable:    1529696 kB
Buffers:           36052 kB
Cached:           312088 kB
MemTotal:        1844596 kB
MemFree:         1298848 kB
MemAvailable:    1529092 kB
Buffers:           36052 kB
Cached:           312088 kB
MemTotal:        1844596 kB
MemFree:         1296980 kB
MemAvailable:    1527224 kB
Buffers:           36052 kB
Cached:           312088 kB
MemTotal:        1844596 kB
MemFree:         1294880 kB
MemAvailable:    1525124 kB
Buffers:           36052 kB
Cached:           312088 kB
MemTotal:        1844596 kB
MemFree:         1292152 kB
MemAvailable:    1522396 kB
Buffers:           36052 kB
Cached:           312088 kB
MemTotal:        1844596 kB
MemFree:         1291904 kB
MemAvailable:    1522148 kB
Buffers:           36052 kB
Cached:           312088 kB
MemTotal:        1844596 kB
MemFree:         1292632 kB
MemAvailable:    1522876 kB
Buffers:           36052 kB
Cached:           312088 kB
MemTotal:        1844596 kB
MemFree:         1292276 kB
MemAvailable:    1522520 kB
Buffers:           36052 kB
Cached:           312088 kB
MemTotal:        1844596 kB
MemFree:         1292596 kB
MemAvailable:    1522840 kB
Buffers:           36052 kB
Cached:           312088 kB
MemTotal:        1844596 kB
MemFree:         1291656 kB
MemAvailable:    1521900 kB
Buffers:           36052 kB
Cached:           312088 kB
MemTotal:        1844596 kB
MemFree:         1292640 kB
MemAvailable:    1522888 kB
Buffers:           36052 kB
Cached:           312092 kB
MemTotal:        1844596 kB
MemFree:         1292544 kB
MemAvailable:    1522792 kB
Buffers:           36052 kB
Cached:           312092 kB
MemTotal:        1844596 kB
MemFree:         1292524 kB
MemAvailable:    1522772 kB
Buffers:           36052 kB
Cached:           312092 kB
MemTotal:        1844596 kB
MemFree:         1291408 kB
MemAvailable:    1521656 kB
Buffers:           36052 kB
Cached:           312092 kB
MemTotal:        1844596 kB
MemFree:         1292508 kB
MemAvailable:    1522756 kB
Buffers:           36052 kB
Cached:           312092 kB
MemTotal:        1844596 kB
MemFree:         1292508 kB
MemAvailable:    1522756 kB
Buffers:           36052 kB
Cached:           312092 kB
MemTotal:        1844596 kB
MemFree:         1292528 kB
MemAvailable:    1522776 kB
Buffers:           36052 kB
Cached:           312092 kB
MemTotal:        1844596 kB
MemFree:         1292448 kB
MemAvailable:    1522696 kB
Buffers:           36052 kB
Cached:           312092 kB
MemTotal:        1844596 kB
MemFree:         1292524 kB
MemAvailable:    1522772 kB
Buffers:           36052 kB
Cached:           312092 kB
MemTotal:        1844596 kB
MemFree:         1292444 kB
MemAvailable:    1522692 kB
Buffers:           36052 kB
Cached:           312092 kB
MemTotal:        1844596 kB
MemFree:         1292216 kB
MemAvailable:    1522468 kB
Buffers:           36052 kB
Cached:           312096 kB
MemTotal:        1844596 kB
MemFree:         1290532 kB
MemAvailable:    1520784 kB
Buffers:           36052 kB
Cached:           312096 kB
MemTotal:        1844596 kB
MemFree:         1291144 kB
MemAvailable:    1521396 kB
Buffers:           36052 kB
Cached:           312096 kB
MemTotal:        1844596 kB
MemFree:         1291036 kB
MemAvailable:    1521288 kB
Buffers:           36052 kB
Cached:           312096 kB
MemTotal:        1844596 kB
MemFree:         1289740 kB
MemAvailable:    1519992 kB
Buffers:           36052 kB
Cached:           312096 kB
MemTotal:        1844596 kB
MemFree:         1290980 kB
MemAvailable:    1521232 kB
Buffers:           36052 kB
Cached:           312096 kB
MemTotal:        1844596 kB
MemFree:         1289980 kB
MemAvailable:    1520232 kB
Buffers:           36052 kB
Cached:           312096 kB
MemTotal:        1844596 kB
MemFree:         1289660 kB
MemAvailable:    1519912 kB
Buffers:           36052 kB
Cached:           312096 kB
MemTotal:        1844596 kB
MemFree:         1289780 kB
MemAvailable:    1520032 kB
Buffers:           36052 kB
Cached:           312096 kB
MemTotal:        1844596 kB
MemFree:         1288184 kB
MemAvailable:    1518436 kB
Buffers:           36052 kB
Cached:           312096 kB
MemTotal:        1844596 kB
MemFree:         1289236 kB
MemAvailable:    1519488 kB
Buffers:           36052 kB
Cached:           312096 kB
MemTotal:        1844596 kB
MemFree:         1287928 kB
MemAvailable:    1518180 kB
Buffers:           36052 kB
Cached:           312096 kB
MemTotal:        1844596 kB
MemFree:         1288788 kB
MemAvailable:    1519040 kB
Buffers:           36052 kB
Cached:           312096 kB
MemTotal:        1844596 kB
MemFree:         1288680 kB
MemAvailable:    1518932 kB
Buffers:           36052 kB
Cached:           312096 kB
MemTotal:        1844596 kB
MemFree:         1287376 kB
MemAvailable:    1517628 kB
Buffers:           36052 kB
Cached:           312096 kB
MemTotal:        1844596 kB
MemFree:         1287508 kB
MemAvailable:    1517760 kB
Buffers:           36052 kB
Cached:           312096 kB
MemTotal:        1844596 kB
MemFree:         1287376 kB
MemAvailable:    1517628 kB
Buffers:           36052 kB
Cached:           312096 kB
MemTotal:        1844596 kB
MemFree:         1288748 kB
MemAvailable:    1519000 kB
Buffers:           36052 kB
Cached:           312096 kB
MemTotal:        1844596 kB
MemFree:         1287384 kB
MemAvailable:    1517636 kB
Buffers:           36052 kB
Cached:           312096 kB
MemTotal:        1844596 kB
MemFree:         1288792 kB
MemAvailable:    1519044 kB
Buffers:           36052 kB
Cached:           312096 kB
MemTotal:        1844596 kB
MemFree:         1287060 kB
MemAvailable:    1517312 kB
Buffers:           36052 kB
Cached:           312096 kB
MemTotal:        1844596 kB
MemFree:         1286936 kB
MemAvailable:    1517188 kB
Buffers:           36052 kB
Cached:           312096 kB
MemTotal:        1844596 kB
MemFree:         1288060 kB
MemAvailable:    1518312 kB
Buffers:           36052 kB
Cached:           312096 kB
MemTotal:        1844596 kB
MemFree:         1280000 kB
MemAvailable:    1510252 kB
Buffers:           36052 kB
Cached:           312096 kB
MemTotal:        1844596 kB
MemFree:         1280852 kB
MemAvailable:    1511104 kB
Buffers:           36052 kB
Cached:           312096 kB
MemTotal:        1844596 kB
MemFree:         1280744 kB
MemAvailable:    1510996 kB
Buffers:           36052 kB
Cached:           312096 kB
MemTotal:        1844596 kB
MemFree:         1280688 kB
MemAvailable:    1510940 kB
Buffers:           36052 kB
Cached:           312096 kB
MemTotal:        1844596 kB
MemFree:         1280868 kB
MemAvailable:    1511120 kB
Buffers:           36052 kB
Cached:           312096 kB
MemTotal:        1844596 kB
MemFree:         1279744 kB
MemAvailable:    1509996 kB
Buffers:           36052 kB
Cached:           312096 kB
MemTotal:        1844596 kB
MemFree:         1280000 kB
MemAvailable:    1510252 kB
Buffers:           36052 kB
Cached:           312096 kB
MemTotal:        1844596 kB
MemFree:         1282664 kB
MemAvailable:    1512916 kB
Buffers:           36052 kB
Cached:           312096 kB
MemTotal:        1844596 kB
MemFree:         1282216 kB
MemAvailable:    1512636 kB
Buffers:           36052 kB
Cached:           312220 kB
MemTotal:        1844596 kB
MemFree:         1282300 kB
MemAvailable:    1512720 kB
Buffers:           36052 kB
Cached:           312220 kB
MemTotal:        1844596 kB
MemFree:         1281968 kB
MemAvailable:    1512472 kB
Buffers:           36052 kB
Cached:           312344 kB
MemTotal:        1844596 kB
MemFree:         1281856 kB
MemAvailable:    1512444 kB
Buffers:           36052 kB
Cached:           312468 kB
MemTotal:        1844596 kB
MemFree:         1280744 kB
MemAvailable:    1511416 kB
Buffers:           36052 kB
Cached:           312468 kB
MemTotal:        1844596 kB
MemFree:         1281604 kB
MemAvailable:    1512456 kB
Buffers:           36052 kB
Cached:           312648 kB
MemTotal:        1844596 kB
MemFree:         1281496 kB
MemAvailable:    1512348 kB
Buffers:           36052 kB
Cached:           312648 kB
MemTotal:        1844596 kB
MemFree:         1281624 kB
MemAvailable:    1512476 kB
Buffers:           36052 kB
Cached:           312648 kB
MemTotal:        1844596 kB
MemFree:         1281684 kB
MemAvailable:    1512536 kB
Buffers:           36052 kB
Cached:           312648 kB
MemTotal:        1844596 kB
MemFree:         1281668 kB
MemAvailable:    1512520 kB
Buffers:           36052 kB
Cached:           312648 kB
MemTotal:        1844596 kB
MemFree:         1281456 kB
MemAvailable:    1512392 kB
Buffers:           36052 kB
Cached:           312772 kB
MemTotal:        1844596 kB
MemFree:         1281708 kB
MemAvailable:    1512644 kB
Buffers:           36052 kB
Cached:           312772 kB
MemTotal:        1844596 kB
MemFree:         1281600 kB
MemAvailable:    1512536 kB
Buffers:           36052 kB
Cached:           312772 kB
MemTotal:        1844596 kB
MemFree:         1281552 kB
MemAvailable:    1512488 kB
Buffers:           36052 kB
Cached:           312772 kB
MemTotal:        1844596 kB
MemFree:         1280488 kB
MemAvailable:    1510836 kB
Buffers:           36052 kB
Cached:           312140 kB
MemTotal:        1844596 kB
MemFree:         1319528 kB
MemAvailable:    1549876 kB
Buffers:           36052 kB
Cached:           312140 kB
