MemTotal:        1844596 kB
MemFree:         1151708 kB
MemAvailable:    1560956 kB
Buffers:           58504 kB
Cached:           459564 kB
MemTotal:        1844596 kB
MemFree:         1123700 kB
MemAvailable:    1532952 kB
Buffers:           58504 kB
Cached:           459568 kB
MemTotal:        1844596 kB
MemFree:         1122072 kB
MemAvailable:    1531324 kB
Buffers:           58504 kB
Cached:           459568 kB
MemTotal:        1844596 kB
MemFree:         1121964 kB
MemAvailable:    1531216 kB
Buffers:           58504 kB
Cached:           459568 kB
MemTotal:        1844596 kB
MemFree:         1120592 kB
MemAvailable:    1529844 kB
Buffers:           58504 kB
Cached:           459568 kB
MemTotal:        1844596 kB
MemFree:         1120848 kB
MemAvailable:    1530100 kB
Buffers:           58504 kB
Cached:           459568 kB
MemTotal:        1844596 kB
MemFree:         1117740 kB
MemAvailable:    1526992 kB
Buffers:           58504 kB
Cached:           459568 kB
MemTotal:        1844596 kB
MemFree:         1115516 kB
MemAvailable:    1524768 kB
Buffers:           58504 kB
Cached:           459568 kB
MemTotal:        1844596 kB
MemFree:         1112788 kB
MemAvailable:    1522040 kB
Buffers:           58504 kB
Cached:           459568 kB
MemTotal:        1844596 kB
MemFree:         1108200 kB
MemAvailable:    1517452 kB
Buffers:           58504 kB
Cached:           459568 kB
MemTotal:        1844596 kB
MemFree:         1109564 kB
MemAvailable:    1518816 kB
Buffers:           58504 kB
Cached:           459568 kB
MemTotal:        1844596 kB
MemFree:         1110632 kB
MemAvailable:    1519884 kB
Buffers:           58504 kB
Cached:           459568 kB
MemTotal:        1844596 kB
MemFree:         1109428 kB
MemAvailable:    1518680 kB
Buffers:           58504 kB
Cached:           459568 kB
MemTotal:        1844596 kB
MemFree:         1110728 kB
MemAvailable:    1519980 kB
Buffers:           58504 kB
Cached:           459568 kB
MemTotal:        1844596 kB
MemFree:         1110780 kB
MemAvailable:    1520032 kB
Buffers:           58504 kB
Cached:           459568 kB
MemTotal:        1844596 kB
MemFree:         1108812 kB
MemAvailable:    1518068 kB
Buffers:           58504 kB
Cached:           459568 kB
MemTotal:        1844596 kB
MemFree:         1108632 kB
MemAvailable:    1517888 kB
Buffers:           58504 kB
Cached:           459568 kB
MemTotal:        1844596 kB
MemFree:         1108432 kB
MemAvailable:    1517688 kB
Buffers:           58504 kB
Cached:           459568 kB
MemTotal:        1844596 kB
MemFree:         1108328 kB
MemAvailable:    1517584 kB
Buffers:           58504 kB
Cached:           459568 kB
MemTotal:        1844596 kB
MemFree:         1106940 kB
MemAvailable:    1516196 kB
Buffers:           58504 kB
Cached:           459568 kB
MemTotal:        1844596 kB
MemFree:         1108300 kB
MemAvailable:    1517556 kB
Buffers:           58504 kB
Cached:           459568 kB
MemTotal:        1844596 kB
MemFree:         1108420 kB
MemAvailable:    1517676 kB
Buffers:           58504 kB
Cached:           459568 kB
MemTotal:        1844596 kB
MemFree:         1108224 kB
MemAvailable:    1517480 kB
Buffers:           58504 kB
Cached:           459568 kB
MemTotal:        1844596 kB
MemFree:         1106960 kB
MemAvailable:    1516216 kB
Buffers:           58504 kB
Cached:           459568 kB
MemTotal:        1844596 kB
MemFree:         1109688 kB
MemAvailable:    1518944 kB
Buffers:           58504 kB
Cached:           459568 kB
MemTotal:        1844596 kB
MemFree:         1108128 kB
MemAvailable:    1517384 kB
Buffers:           58504 kB
Cached:           459568 kB
MemTotal:        1844596 kB
MemFree:         1108120 kB
MemAvailable:    1517376 kB
Buffers:           58504 kB
Cached:           459568 kB
MemTotal:        1844596 kB
MemFree:         1106208 kB
MemAvailable:    1515464 kB
Buffers:           58504 kB
Cached:           459568 kB
MemTotal:        1844596 kB
MemFree:         1104836 kB
MemAvailable:    1514092 kB
Buffers:           58504 kB
Cached:           459568 kB
MemTotal:        1844596 kB
MemFree:         1104844 kB
MemAvailable:    1514100 kB
Buffers:           58504 kB
Cached:           459568 kB
MemTotal:        1844596 kB
MemFree:         1103976 kB
MemAvailable:    1513232 kB
Buffers:           58504 kB
Cached:           459568 kB
MemTotal:        1844596 kB
MemFree:         1103736 kB
MemAvailable:    1512992 kB
Buffers:           58504 kB
Cached:           459568 kB
MemTotal:        1844596 kB
MemFree:         1103240 kB
MemAvailable:    1512496 kB
Buffers:           58504 kB
Cached:           459568 kB
MemTotal:        1844596 kB
MemFree:         1103116 kB
MemAvailable:    1512372 kB
Buffers:           58504 kB
Cached:           459568 kB
MemTotal:        1844596 kB
MemFree:         1104300 kB
MemAvailable:    1513556 kB
Buffers:           58504 kB
Cached:           459568 kB
MemTotal:        1844596 kB
MemFree:         1104112 kB
MemAvailable:    1513368 kB
Buffers:           58504 kB
Cached:           459568 kB
MemTotal:        1844596 kB
MemFree:         1102848 kB
MemAvailable:    1512104 kB
Buffers:           58504 kB
Cached:           459568 kB
MemTotal:        1844596 kB
MemFree:         1102612 kB
MemAvailable:    1511868 kB
Buffers:           58504 kB
Cached:           459568 kB
MemTotal:        1844596 kB
MemFree:         1102736 kB
MemAvailable:    1511992 kB
Buffers:           58504 kB
Cached:           459568 kB
MemTotal:        1844596 kB
MemFree:         1102116 kB
MemAvailable:    1511372 kB
Buffers:           58504 kB
Cached:           459568 kB
MemTotal:        1844596 kB
MemFree:         1102116 kB
MemAvailable:    1511372 kB
Buffers:           58504 kB
Cached:           459568 kB
MemTotal:        1844596 kB
MemFree:         1101736 kB
MemAvailable:    1510992 kB
Buffers:           58504 kB
Cached:           459568 kB
MemTotal:        1844596 kB
MemFree:         1101860 kB
MemAvailable:    1511116 kB
Buffers:           58504 kB
Cached:           459568 kB
MemTotal:        1844596 kB
MemFree:         1102000 kB
MemAvailable:    1511256 kB
Buffers:           58504 kB
Cached:           459568 kB
MemTotal:        1844596 kB
MemFree:         1103116 kB
MemAvailable:    1512372 kB
Buffers:           58504 kB
Cached:           459568 kB
MemTotal:        1844596 kB
MemFree:         1103256 kB
MemAvailable:    1512512 kB
Buffers:           58504 kB
Cached:           459568 kB
MemTotal:        1844596 kB
MemFree:         1102840 kB
MemAvailable:    1512096 kB
Buffers:           58504 kB
Cached:           459568 kB
MemTotal:        1844596 kB
MemFree:         1103176 kB
MemAvailable:    1512432 kB
Buffers:           58504 kB
Cached:           459568 kB
MemTotal:        1844596 kB
MemFree:         1101852 kB
MemAvailable:    1511108 kB
Buffers:           58504 kB
Cached:           459568 kB
MemTotal:        1844596 kB
MemFree:         1101628 kB
MemAvailable:    1510884 kB
Buffers:           58504 kB
Cached:           459568 kB
MemTotal:        1844596 kB
MemFree:         1102804 kB
MemAvailable:    1512060 kB
Buffers:           58504 kB
Cached:           459568 kB
MemTotal:        1844596 kB
MemFree:         1102640 kB
MemAvailable:    1511896 kB
Buffers:           58504 kB
Cached:           459568 kB
MemTotal:        1844596 kB
MemFree:         1101248 kB
MemAvailable:    1510504 kB
Buffers:           58504 kB
Cached:           459568 kB
MemTotal:        1844596 kB
MemFree:         1102556 kB
MemAvailable:    1511812 kB
Buffers:           58504 kB
Cached:           459568 kB
MemTotal:        1844596 kB
MemFree:         1102248 kB
MemAvailable:    1511504 kB
Buffers:           58504 kB
Cached:           459568 kB
MemTotal:        1844596 kB
MemFree:         1102240 kB
MemAvailable:    1511496 kB
Buffers:           58504 kB
Cached:           459568 kB
MemTotal:        1844596 kB
MemFree:         1100828 kB
MemAvailable:    1510084 kB
Buffers:           58504 kB
Cached:           459568 kB
MemTotal:        1844596 kB
MemFree:         1100828 kB
MemAvailable:    1510084 kB
Buffers:           58504 kB
Cached:           459568 kB
MemTotal:        1844596 kB
MemFree:         1102108 kB
MemAvailable:    1511364 kB
Buffers:           58504 kB
Cached:           459568 kB
MemTotal:        1844596 kB
MemFree:         1101380 kB
MemAvailable:    1510636 kB
Buffers:           58504 kB
Cached:           459568 kB
MemTotal:        1844596 kB
MemFree:         1101076 kB
MemAvailable:    1510332 kB
Buffers:           58504 kB
Cached:           459568 kB
MemTotal:        1844596 kB
MemFree:         1100812 kB
MemAvailable:    1510068 kB
Buffers:           58504 kB
Cached:           459568 kB
MemTotal:        1844596 kB
MemFree:         1100696 kB
MemAvailable:    1509952 kB
Buffers:           58504 kB
Cached:           459568 kB
MemTotal:        1844596 kB
MemFree:         1099396 kB
MemAvailable:    1508652 kB
Buffers:           58504 kB
Cached:           459568 kB
MemTotal:        1844596 kB
MemFree:         1097596 kB
MemAvailable:    1506852 kB
Buffers:           58504 kB
Cached:           459568 kB
MemTotal:        1844596 kB
MemFree:         1094668 kB
MemAvailable:    1503924 kB
Buffers:           58504 kB
Cached:           459568 kB
MemTotal:        1844596 kB
MemFree:         1094752 kB
MemAvailable:    1504008 kB
Buffers:           58504 kB
Cached:           459568 kB
MemTotal:        1844596 kB
MemFree:         1093132 kB
MemAvailable:    1502388 kB
Buffers:           58504 kB
Cached:           459568 kB
MemTotal:        1844596 kB
MemFree:         1094248 kB
MemAvailable:    1503504 kB
Buffers:           58504 kB
Cached:           459568 kB
MemTotal:        1844596 kB
MemFree:         1093000 kB
MemAvailable:    1502256 kB
Buffers:           58504 kB
Cached:           459568 kB
MemTotal:        1844596 kB
MemFree:         1093992 kB
MemAvailable:    1503248 kB
Buffers:           58504 kB
Cached:           459568 kB
MemTotal:        1844596 kB
MemFree:         1094140 kB
MemAvailable:    1503396 kB
Buffers:           58504 kB
Cached:           459568 kB
MemTotal:        1844596 kB
MemFree:         1094140 kB
MemAvailable:    1503396 kB
Buffers:           58504 kB
Cached:           459568 kB
MemTotal:        1844596 kB
MemFree:         1094120 kB
MemAvailable:    1503376 kB
Buffers:           58504 kB
Cached:           459568 kB
MemTotal:        1844596 kB
MemFree:         1094120 kB
MemAvailable:    1503376 kB
Buffers:           58504 kB
Cached:           459568 kB
MemTotal:        1844596 kB
MemFree:         1092884 kB
MemAvailable:    1502140 kB
Buffers:           58504 kB
Cached:           459568 kB
MemTotal:        1844596 kB
MemFree:         1092892 kB
MemAvailable:    1502148 kB
Buffers:           58504 kB
Cached:           459568 kB
MemTotal:        1844596 kB
MemFree:         1094300 kB
MemAvailable:    1503556 kB
Buffers:           58504 kB
Cached:           459568 kB
MemTotal:        1844596 kB
MemFree:         1092824 kB
MemAvailable:    1502084 kB
Buffers:           58504 kB
Cached:           459572 kB
MemTotal:        1844596 kB
MemFree:         1094148 kB
MemAvailable:    1503408 kB
Buffers:           58504 kB
Cached:           459572 kB
MemTotal:        1844596 kB
MemFree:         1094060 kB
MemAvailable:    1503324 kB
Buffers:           58504 kB
Cached:           459576 kB
MemTotal:        1844596 kB
MemFree:         1093620 kB
MemAvailable:    1502884 kB
Buffers:           58504 kB
Cached:           459576 kB
MemTotal:        1844596 kB
MemFree:         1093436 kB
MemAvailable:    1502700 kB
Buffers:           58504 kB
Cached:           459576 kB
MemTotal:        1844596 kB
MemFree:         1091576 kB
MemAvailable:    1500840 kB
Buffers:           58504 kB
Cached:           459576 kB
MemTotal:        1844596 kB
MemFree:         1092560 kB
MemAvailable:    1501824 kB
Buffers:           58504 kB
Cached:           459576 kB
MemTotal:        1844596 kB
MemFree:         1092080 kB
MemAvailable:    1501344 kB
Buffers:           58504 kB
Cached:           459576 kB
MemTotal:        1844596 kB
MemFree:         1091444 kB
MemAvailable:    1500708 kB
Buffers:           58504 kB
Cached:           459576 kB
MemTotal:        1844596 kB
MemFree:         1090964 kB
MemAvailable:    1500228 kB
Buffers:           58504 kB
Cached:           459576 kB
MemTotal:        1844596 kB
MemFree:         1089908 kB
MemAvailable:    1499172 kB
Buffers:           58504 kB
Cached:           459576 kB
MemTotal:        1844596 kB
MemFree:         1090700 kB
MemAvailable:    1499964 kB
Buffers:           58504 kB
Cached:           459576 kB
MemTotal:        1844596 kB
MemFree:         1090344 kB
MemAvailable:    1499608 kB
Buffers:           58504 kB
Cached:           459576 kB
MemTotal:        1844596 kB
MemFree:         1090632 kB
MemAvailable:    1499896 kB
Buffers:           58504 kB
Cached:           459576 kB
MemTotal:        1844596 kB
MemFree:         1089724 kB
MemAvailable:    1498988 kB
Buffers:           58504 kB
Cached:           459576 kB
MemTotal:        1844596 kB
MemFree:         1090328 kB
MemAvailable:    1499596 kB
Buffers:           58504 kB
Cached:           459580 kB
MemTotal:        1844596 kB
MemFree:         1090344 kB
MemAvailable:    1499612 kB
Buffers:           58504 kB
Cached:           459580 kB
MemTotal:        1844596 kB
MemFree:         1090412 kB
MemAvailable:    1499680 kB
Buffers:           58504 kB
Cached:           459580 kB
MemTotal:        1844596 kB
MemFree:         1090344 kB
MemAvailable:    1499612 kB
Buffers:           58504 kB
Cached:           459580 kB
MemTotal:        1844596 kB
MemFree:         1089160 kB
MemAvailable:    1498428 kB
Buffers:           58504 kB
Cached:           459580 kB
MemTotal:        1844596 kB
MemFree:         1090172 kB
MemAvailable:    1499440 kB
Buffers:           58504 kB
Cached:           459580 kB
MemTotal:        1844596 kB
MemFree:         1090424 kB
MemAvailable:    1499692 kB
Buffers:           58504 kB
Cached:           459580 kB
MemTotal:        1844596 kB
MemFree:         1089956 kB
MemAvailable:    1499224 kB
Buffers:           58504 kB
Cached:           459580 kB
MemTotal:        1844596 kB
MemFree:         1089352 kB
MemAvailable:    1498620 kB
Buffers:           58504 kB
Cached:           459580 kB
MemTotal:        1844596 kB
MemFree:         1088460 kB
MemAvailable:    1497728 kB
Buffers:           58504 kB
Cached:           459580 kB
MemTotal:        1844596 kB
MemFree:         1088592 kB
MemAvailable:    1497860 kB
Buffers:           58504 kB
Cached:           459580 kB
MemTotal:        1844596 kB
MemFree:         1082656 kB
MemAvailable:    1491924 kB
Buffers:           58504 kB
Cached:           459580 kB
MemTotal:        1844596 kB
MemFree:         1081160 kB
MemAvailable:    1490428 kB
Buffers:           58504 kB
Cached:           459580 kB
MemTotal:        1844596 kB
MemFree:         1082648 kB
MemAvailable:    1491916 kB
Buffers:           58504 kB
Cached:           459580 kB
MemTotal:        1844596 kB
MemFree:         1082352 kB
MemAvailable:    1491620 kB
Buffers:           58504 kB
Cached:           459580 kB
MemTotal:        1844596 kB
MemFree:         1082324 kB
MemAvailable:    1491592 kB
Buffers:           58504 kB
Cached:           459580 kB
MemTotal:        1844596 kB
MemFree:         1081100 kB
MemAvailable:    1490368 kB
Buffers:           58504 kB
Cached:           459580 kB
MemTotal:        1844596 kB
MemFree:         1082980 kB
MemAvailable:    1492248 kB
Buffers:           58504 kB
Cached:           459580 kB
MemTotal:        1844596 kB
MemFree:         1082972 kB
MemAvailable:    1492240 kB
Buffers:           58504 kB
Cached:           459704 kB
MemTotal:        1844596 kB
MemFree:         1083756 kB
MemAvailable:    1493360 kB
Buffers:           58504 kB
Cached:           459952 kB
MemTotal:        1844596 kB
MemFree:         1083524 kB
MemAvailable:    1493128 kB
Buffers:           58504 kB
Cached:           459952 kB
MemTotal:        1844596 kB
MemFree:         1083320 kB
MemAvailable:    1493008 kB
Buffers:           58504 kB
Cached:           460076 kB
MemTotal:        1844596 kB
MemFree:         1081840 kB
MemAvailable:    1491696 kB
Buffers:           58504 kB
Cached:           460200 kB
MemTotal:        1844596 kB
MemFree:         1082956 kB
MemAvailable:    1492896 kB
Buffers:           58504 kB
Cached:           460324 kB
MemTotal:        1844596 kB
MemFree:         1082936 kB
MemAvailable:    1492876 kB
Buffers:           58504 kB
Cached:           460324 kB
MemTotal:        1844596 kB
MemFree:         1083276 kB
MemAvailable:    1493216 kB
Buffers:           58504 kB
Cached:           460324 kB
MemTotal:        1844596 kB
MemFree:         1082832 kB
MemAvailable:    1492772 kB
Buffers:           58504 kB
Cached:           460324 kB
MemTotal:        1844596 kB
MemFree:         1083168 kB
MemAvailable:    1493108 kB
Buffers:           58504 kB
Cached:           460324 kB
MemTotal:        1844596 kB
MemFree:         1082924 kB
MemAvailable:    1492864 kB
Buffers:           58504 kB
Cached:           460324 kB
MemTotal:        1844596 kB
MemFree:         1081724 kB
MemAvailable:    1491664 kB
Buffers:           58504 kB
Cached:           460324 kB
MemTotal:        1844596 kB
MemFree:         1082964 kB
MemAvailable:    1492904 kB
Buffers:           58504 kB
Cached:           460324 kB
MemTotal:        1844596 kB
MemFree:         1082364 kB
MemAvailable:    1491632 kB
Buffers:           58504 kB
Cached:           459568 kB
MemTotal:        1844596 kB
MemFree:         1151624 kB
MemAvailable:    1560892 kB
Buffers:           58504 kB
Cached:           459568 kB
