MemTotal:        1844596 kB
MemFree:         1155580 kB
MemAvailable:    1560916 kB
Buffers:           58100 kB
Cached:           456368 kB
MemTotal:        1844596 kB
MemFree:         1128648 kB
MemAvailable:    1533988 kB
Buffers:           58100 kB
Cached:           456372 kB
MemTotal:        1844596 kB
MemFree:         1126360 kB
MemAvailable:    1531700 kB
Buffers:           58100 kB
Cached:           456372 kB
MemTotal:        1844596 kB
MemFree:         1126104 kB
MemAvailable:    1531444 kB
Buffers:           58100 kB
Cached:           456372 kB
MemTotal:        1844596 kB
MemFree:         1125300 kB
MemAvailable:    1530640 kB
Buffers:           58100 kB
Cached:           456372 kB
MemTotal:        1844596 kB
MemFree:         1124936 kB
MemAvailable:    1530276 kB
Buffers:           58100 kB
Cached:           456372 kB
MemTotal:        1844596 kB
MemFree:         1124276 kB
MemAvailable:    1529616 kB
Buffers:           58100 kB
Cached:           456372 kB
MemTotal:        1844596 kB
MemFree:         1123200 kB
MemAvailable:    1528540 kB
Buffers:           58100 kB
Cached:           456372 kB
MemTotal:        1844596 kB
MemFree:         1117852 kB
MemAvailable:    1523192 kB
Buffers:           58100 kB
Cached:           456372 kB
MemTotal:        1844596 kB
MemFree:         1117732 kB
MemAvailable:    1523072 kB
Buffers:           58100 kB
Cached:           456372 kB
MemTotal:        1844596 kB
MemFree:         1114752 kB
MemAvailable:    1520092 kB
Buffers:           58100 kB
Cached:           456372 kB
MemTotal:        1844596 kB
MemFree:         1114520 kB
MemAvailable:    1519860 kB
Buffers:           58100 kB
Cached:           456372 kB
MemTotal:        1844596 kB
MemFree:         1114932 kB
MemAvailable:    1520272 kB
Buffers:           58100 kB
Cached:           456372 kB
MemTotal:        1844596 kB
MemFree:         1113592 kB
MemAvailable:    1518932 kB
Buffers:           58100 kB
Cached:           456372 kB
MemTotal:        1844596 kB
MemFree:         1114796 kB
MemAvailable:    1520136 kB
Buffers:           58100 kB
Cached:           456372 kB
MemTotal:        1844596 kB
MemFree:         1114840 kB
MemAvailable:    1520180 kB
Buffers:           58100 kB
Cached:           456372 kB
MemTotal:        1844596 kB
MemFree:         1114208 kB
MemAvailable:    1519548 kB
Buffers:           58100 kB
Cached:           456372 kB
MemTotal:        1844596 kB
MemFree:         1112892 kB
MemAvailable:    1518232 kB
Buffers:           58100 kB
Cached:           456372 kB
MemTotal:        1844596 kB
MemFree:         1112976 kB
MemAvailable:    1518316 kB
Buffers:           58100 kB
Cached:           456372 kB
MemTotal:        1844596 kB
MemFree:         1112704 kB
MemAvailable:    1518044 kB
Buffers:           58100 kB
Cached:           456372 kB
MemTotal:        1844596 kB
MemFree:         1112572 kB
MemAvailable:    1517912 kB
Buffers:           58100 kB
Cached:           456372 kB
MemTotal:        1844596 kB
MemFree:         1111420 kB
MemAvailable:    1516760 kB
Buffers:           58100 kB
Cached:           456372 kB
MemTotal:        1844596 kB
MemFree:         1112732 kB
MemAvailable:    1518072 kB
Buffers:           58100 kB
Cached:           456372 kB
MemTotal:        1844596 kB
MemFree:         1112340 kB
MemAvailable:    1517680 kB
Buffers:           58100 kB
Cached:           456372 kB
MemTotal:        1844596 kB
MemFree:         1111164 kB
MemAvailable:    1516504 kB
Buffers:           58100 kB
Cached:           456372 kB
MemTotal:        1844596 kB
MemFree:         1112356 kB
MemAvailable:    1517696 kB
Buffers:           58100 kB
Cached:           456372 kB
MemTotal:        1844596 kB
MemFree:         1112128 kB
MemAvailable:    1517468 kB
Buffers:           58100 kB
Cached:           456372 kB
MemTotal:        1844596 kB
MemFree:         1112212 kB
MemAvailable:    1517552 kB
Buffers:           58100 kB
Cached:           456372 kB
MemTotal:        1844596 kB
MemFree:         1113792 kB
MemAvailable:    1519132 kB
Buffers:           58100 kB
Cached:           456372 kB
MemTotal:        1844596 kB
MemFree:         1112164 kB
MemAvailable:    1517504 kB
Buffers:           58100 kB
Cached:           456372 kB
MemTotal:        1844596 kB
MemFree:         1110660 kB
MemAvailable:    1516000 kB
Buffers:           58100 kB
Cached:           456372 kB
MemTotal:        1844596 kB
MemFree:         1110428 kB
MemAvailable:    1515768 kB
Buffers:           58100 kB
Cached:           456372 kB
MemTotal:        1844596 kB
MemFree:         1108816 kB
MemAvailable:    1514156 kB
Buffers:           58100 kB
Cached:           456372 kB
MemTotal:        1844596 kB
MemFree:         1109372 kB
MemAvailable:    1514712 kB
Buffers:           58100 kB
Cached:           456372 kB
MemTotal:        1844596 kB
MemFree:         1107940 kB
MemAvailable:    1513280 kB
Buffers:           58100 kB
Cached:           456372 kB
MemTotal:        1844596 kB
MemFree:         1108296 kB
MemAvailable:    1513636 kB
Buffers:           58100 kB
Cached:           456372 kB
MemTotal:        1844596 kB
MemFree:         1108632 kB
MemAvailable:    1513972 kB
Buffers:           58100 kB
Cached:           456372 kB
MemTotal:        1844596 kB
MemFree:         1108312 kB
MemAvailable:    1513652 kB
Buffers:           58100 kB
Cached:           456372 kB
MemTotal:        1844596 kB
MemFree:         1108240 kB
MemAvailable:    1513580 kB
Buffers:           58100 kB
Cached:           456372 kB
MemTotal:        1844596 kB
MemFree:         1108048 kB
MemAvailable:    1513388 kB
Buffers:           58100 kB
Cached:           456372 kB
MemTotal:        1844596 kB
MemFree:         1107016 kB
MemAvailable:    1512356 kB
Buffers:           58100 kB
Cached:           456372 kB
MemTotal:        1844596 kB
MemFree:         1108064 kB
MemAvailable:    1513404 kB
Buffers:           58100 kB
Cached:           456372 kB
MemTotal:        1844596 kB
MemFree:         1107628 kB
MemAvailable:    1512968 kB
Buffers:           58100 kB
Cached:           456372 kB
MemTotal:        1844596 kB
MemFree:         1107188 kB
MemAvailable:    1512528 kB
Buffers:           58100 kB
Cached:           456372 kB
MemTotal:        1844596 kB
MemFree:         1107524 kB
MemAvailable:    1512864 kB
Buffers:           58100 kB
Cached:           456372 kB
MemTotal:        1844596 kB
MemFree:         1105956 kB
MemAvailable:    1511296 kB
Buffers:           58100 kB
Cached:           456372 kB
MemTotal:        1844596 kB
MemFree:         1107196 kB
MemAvailable:    1512536 kB
Buffers:           58100 kB
Cached:           456372 kB
MemTotal:        1844596 kB
MemFree:         1107208 kB
MemAvailable:    1512548 kB
Buffers:           58100 kB
Cached:           456372 kB
MemTotal:        1844596 kB
MemFree:         1106032 kB
MemAvailable:    1511372 kB
Buffers:           58100 kB
Cached:           456372 kB
MemTotal:        1844596 kB
MemFree:         1107400 kB
MemAvailable:    1512744 kB
Buffers:           58100 kB
Cached:           456376 kB
MemTotal:        1844596 kB
MemFree:         1107212 kB
MemAvailable:    1512556 kB
Buffers:           58100 kB
Cached:           456376 kB
MemTotal:        1844596 kB
MemFree:         1105840 kB
MemAvailable:    1511184 kB
Buffers:           58100 kB
Cached:           456376 kB
MemTotal:        1844596 kB
MemFree:         1107148 kB
MemAvailable:    1512492 kB
Buffers:           58100 kB
Cached:           456376 kB
MemTotal:        1844596 kB
MemFree:         1107400 kB
MemAvailable:    1512744 kB
Buffers:           58100 kB
Cached:           456376 kB
MemTotal:        1844596 kB
MemFree:         1107024 kB
MemAvailable:    1512368 kB
Buffers:           58100 kB
Cached:           456376 kB
MemTotal:        1844596 kB
MemFree:         1105592 kB
MemAvailable:    1510936 kB
Buffers:           58100 kB
Cached:           456376 kB
MemTotal:        1844596 kB
MemFree:         1106628 kB
MemAvailable:    1511972 kB
Buffers:           58100 kB
Cached:           456376 kB
MemTotal:        1844596 kB
MemFree:         1105328 kB
MemAvailable:    1510672 kB
Buffers:           58100 kB
Cached:           456376 kB
MemTotal:        1844596 kB
MemFree:         1105104 kB
MemAvailable:    1510448 kB
Buffers:           58100 kB
Cached:           456376 kB
MemTotal:        1844596 kB
MemFree:         1106572 kB
MemAvailable:    1511916 kB
Buffers:           58100 kB
Cached:           456376 kB
MemTotal:        1844596 kB
MemFree:         1104972 kB
MemAvailable:    1510316 kB
Buffers:           58100 kB
Cached:           456376 kB
MemTotal:        1844596 kB
MemFree:         1106296 kB
MemAvailable:    1511640 kB
Buffers:           58100 kB
Cached:           456376 kB
MemTotal:        1844596 kB
MemFree:         1106276 kB
MemAvailable:    1511620 kB
Buffers:           58100 kB
Cached:           456376 kB
MemTotal:        1844596 kB
MemFree:         1106096 kB
MemAvailable:    1511440 kB
Buffers:           58100 kB
Cached:           456376 kB
MemTotal:        1844596 kB
MemFree:         1106288 kB
MemAvailable:    1511632 kB
Buffers:           58100 kB
Cached:           456376 kB
MemTotal:        1844596 kB
MemFree:         1104960 kB
MemAvailable:    1510304 kB
Buffers:           58100 kB
Cached:           456376 kB
MemTotal:        1844596 kB
MemFree:         1106152 kB
MemAvailable:    1511496 kB
Buffers:           58100 kB
Cached:           456376 kB
MemTotal:        1844596 kB
MemFree:         1105352 kB
MemAvailable:    1510696 kB
Buffers:           58100 kB
Cached:           456376 kB
MemTotal:        1844596 kB
MemFree:         1104536 kB
MemAvailable:    1509880 kB
Buffers:           58100 kB
Cached:           456376 kB
MemTotal:        1844596 kB
MemFree:         1103428 kB
MemAvailable:    1508772 kB
Buffers:           58100 kB
Cached:           456376 kB
MemTotal:        1844596 kB
MemFree:         1101872 kB
MemAvailable:    1507216 kB
Buffers:           58100 kB
Cached:           456376 kB
MemTotal:        1844596 kB
MemFree:         1098640 kB
MemAvailable:    1503984 kB
Buffers:           58100 kB
Cached:           456376 kB
MemTotal:        1844596 kB
MemFree:         1098724 kB
MemAvailable:    1504068 kB
Buffers:           58100 kB
Cached:           456376 kB
MemTotal:        1844596 kB
MemFree:         1098392 kB
MemAvailable:    1503736 kB
Buffers:           58100 kB
Cached:           456376 kB
MemTotal:        1844596 kB
MemFree:         1097020 kB
MemAvailable:    1502364 kB
Buffers:           58100 kB
Cached:           456376 kB
MemTotal:        1844596 kB
MemFree:         1097104 kB
MemAvailable:    1502448 kB
Buffers:           58100 kB
Cached:           456376 kB
MemTotal:        1844596 kB
MemFree:         1096972 kB
MemAvailable:    1502316 kB
Buffers:           58100 kB
Cached:           456376 kB
MemTotal:        1844596 kB
MemFree:         1097096 kB
MemAvailable:    1502440 kB
Buffers:           58100 kB
Cached:           456376 kB
MemTotal:        1844596 kB
MemFree:         1098440 kB
MemAvailable:    1503784 kB
Buffers:           58100 kB
Cached:           456376 kB
MemTotal:        1844596 kB
MemFree:         1098316 kB
MemAvailable:    1503660 kB
Buffers:           58100 kB
Cached:           456376 kB
MemTotal:        1844596 kB
MemFree:         1098316 kB
MemAvailable:    1503660 kB
Buffers:           58100 kB
Cached:           456376 kB
MemTotal:        1844596 kB
MemFree:         1098144 kB
MemAvailable:    1503488 kB
Buffers:           58100 kB
Cached:           456376 kB
MemTotal:        1844596 kB
MemFree:         1098212 kB
MemAvailable:    1503556 kB
Buffers:           58100 kB
Cached:           456376 kB
MemTotal:        1844596 kB
MemFree:         1098464 kB
MemAvailable:    1503808 kB
Buffers:           58100 kB
Cached:           456376 kB
MemTotal:        1844596 kB
MemFree:         1096912 kB
MemAvailable:    1502256 kB
Buffers:           58100 kB
Cached:           456376 kB
MemTotal:        1844596 kB
MemFree:         1098028 kB
MemAvailable:    1503372 kB
Buffers:           58100 kB
Cached:           456376 kB
MemTotal:        1844596 kB
MemFree:         1096796 kB
MemAvailable:    1502140 kB
Buffers:           58100 kB
Cached:           456376 kB
MemTotal:        1844596 kB
MemFree:         1096168 kB
MemAvailable:    1501512 kB
Buffers:           58100 kB
Cached:           456376 kB
MemTotal:        1844596 kB
MemFree:         1097108 kB
MemAvailable:    1502452 kB
Buffers:           58100 kB
Cached:           456376 kB
MemTotal:        1844596 kB
MemFree:         1096724 kB
MemAvailable:    1502068 kB
Buffers:           58100 kB
Cached:           456376 kB
MemTotal:        1844596 kB
MemFree:         1095284 kB
MemAvailable:    1500628 kB
Buffers:           58100 kB
Cached:           456376 kB
MemTotal:        1844596 kB
MemFree:         1095516 kB
MemAvailable:    1500860 kB
Buffers:           58100 kB
Cached:           456376 kB
MemTotal:        1844596 kB
MemFree:         1095492 kB
MemAvailable:    1500836 kB
Buffers:           58100 kB
Cached:           456376 kB
MemTotal:        1844596 kB
MemFree:         1094184 kB
MemAvailable:    1499528 kB
Buffers:           58100 kB
Cached:           456376 kB
MemTotal:        1844596 kB
MemFree:         1094748 kB
MemAvailable:    1500092 kB
Buffers:           58100 kB
Cached:           456376 kB
MemTotal:        1844596 kB
MemFree:         1094672 kB
MemAvailable:    1500016 kB
Buffers:           58100 kB
Cached:           456376 kB
MemTotal:        1844596 kB
MemFree:         1094812 kB
MemAvailable:    1500156 kB
Buffers:           58100 kB
Cached:           456376 kB
MemTotal:        1844596 kB
MemFree:         1094608 kB
MemAvailable:    1499952 kB
Buffers:           58100 kB
Cached:           456376 kB
MemTotal:        1844596 kB
MemFree:         1093572 kB
MemAvailable:    1498916 kB
Buffers:           58100 kB
Cached:           456376 kB
MemTotal:        1844596 kB
MemFree:         1093448 kB
MemAvailable:    1498800 kB
Buffers:           58100 kB
Cached:           456384 kB
MemTotal:        1844596 kB
MemFree:         1093184 kB
MemAvailable:    1498536 kB
Buffers:           58100 kB
Cached:           456384 kB
MemTotal:        1844596 kB
MemFree:         1094436 kB
MemAvailable:    1499788 kB
Buffers:           58100 kB
Cached:           456384 kB
MemTotal:        1844596 kB
MemFree:         1093012 kB
MemAvailable:    1498364 kB
Buffers:           58100 kB
Cached:           456384 kB
MemTotal:        1844596 kB
MemFree:         1093304 kB
MemAvailable:    1498656 kB
Buffers:           58100 kB
Cached:           456384 kB
MemTotal:        1844596 kB
MemFree:         1094540 kB
MemAvailable:    1499892 kB
Buffers:           58100 kB
Cached:           456384 kB
MemTotal:        1844596 kB
MemFree:         1094252 kB
MemAvailable:    1499604 kB
Buffers:           58100 kB
Cached:           456384 kB
MemTotal:        1844596 kB
MemFree:         1092952 kB
MemAvailable:    1498304 kB
Buffers:           58100 kB
Cached:           456384 kB
MemTotal:        1844596 kB
MemFree:         1092400 kB
MemAvailable:    1497752 kB
Buffers:           58100 kB
Cached:           456384 kB
MemTotal:        1844596 kB
MemFree:         1089356 kB
MemAvailable:    1494708 kB
Buffers:           58100 kB
Cached:           456384 kB
MemTotal:        1844596 kB
MemFree:         1086936 kB
MemAvailable:    1492288 kB
Buffers:           58100 kB
Cached:           456384 kB
MemTotal:        1844596 kB
MemFree:         1085504 kB
MemAvailable:    1490856 kB
Buffers:           58100 kB
Cached:           456384 kB
MemTotal:        1844596 kB
MemFree:         1086612 kB
MemAvailable:    1491964 kB
Buffers:           58100 kB
Cached:           456384 kB
MemTotal:        1844596 kB
MemFree:         1086688 kB
MemAvailable:    1492040 kB
Buffers:           58100 kB
Cached:           456384 kB
MemTotal:        1844596 kB
MemFree:         1086468 kB
MemAvailable:    1491820 kB
Buffers:           58100 kB
Cached:           456384 kB
MemTotal:        1844596 kB
MemFree:         1086468 kB
MemAvailable:    1491820 kB
Buffers:           58100 kB
Cached:           456384 kB
MemTotal:        1844596 kB
MemFree:         1087284 kB
MemAvailable:    1492636 kB
Buffers:           58100 kB
Cached:           456384 kB
MemTotal:        1844596 kB
MemFree:         1086868 kB
MemAvailable:    1492304 kB
Buffers:           58100 kB
Cached:           456508 kB
MemTotal:        1844596 kB
MemFree:         1087984 kB
MemAvailable:    1493588 kB
Buffers:           58100 kB
Cached:           456632 kB
MemTotal:        1844596 kB
MemFree:         1087984 kB
MemAvailable:    1493588 kB
Buffers:           58100 kB
Cached:           456632 kB
MemTotal:        1844596 kB
MemFree:         1087496 kB
MemAvailable:    1493224 kB
Buffers:           58100 kB
Cached:           456800 kB
MemTotal:        1844596 kB
MemFree:         1087480 kB
MemAvailable:    1493460 kB
Buffers:           58100 kB
Cached:           457048 kB
MemTotal:        1844596 kB
MemFree:         1087124 kB
MemAvailable:    1493104 kB
Buffers:           58100 kB
Cached:           457048 kB
MemTotal:        1844596 kB
MemFree:         1087252 kB
MemAvailable:    1493232 kB
Buffers:           58100 kB
Cached:           457048 kB
MemTotal:        1844596 kB
MemFree:         1087228 kB
MemAvailable:    1493208 kB
Buffers:           58100 kB
Cached:           457048 kB
MemTotal:        1844596 kB
MemFree:         1086496 kB
MemAvailable:    1492476 kB
Buffers:           58100 kB
Cached:           457048 kB
MemTotal:        1844596 kB
MemFree:         1087240 kB
MemAvailable:    1493220 kB
Buffers:           58100 kB
Cached:           457048 kB
MemTotal:        1844596 kB
MemFree:         1086504 kB
MemAvailable:    1492484 kB
Buffers:           58100 kB
Cached:           457048 kB
MemTotal:        1844596 kB
MemFree:         1087096 kB
MemAvailable:    1493076 kB
Buffers:           58100 kB
Cached:           457048 kB
MemTotal:        1844596 kB
MemFree:         1087348 kB
MemAvailable:    1493328 kB
Buffers:           58100 kB
Cached:           457048 kB
MemTotal:        1844596 kB
MemFree:         1085732 kB
MemAvailable:    1491712 kB
Buffers:           58100 kB
Cached:           457048 kB
MemTotal:        1844596 kB
MemFree:         1087920 kB
MemAvailable:    1493312 kB
Buffers:           58100 kB
Cached:           456416 kB
MemTotal:        1844596 kB
MemFree:         1086580 kB
MemAvailable:    1491972 kB
Buffers:           58100 kB
Cached:           456416 kB
MemTotal:        1844596 kB
MemFree:         1154308 kB
MemAvailable:    1559700 kB
Buffers:           58100 kB
Cached:           456416 kB
