MemTotal:        1844596 kB
MemFree:         1454068 kB
MemAvailable:    1596396 kB
Buffers:           22516 kB
Cached:           232768 kB
MemTotal:        1844596 kB
MemFree:         1431028 kB
MemAvailable:    1573364 kB
Buffers:           22516 kB
Cached:           232776 kB
MemTotal:        1844596 kB
MemFree:         1428672 kB
MemAvailable:    1571008 kB
Buffers:           22516 kB
Cached:           232776 kB
MemTotal:        1844596 kB
MemFree:         1426728 kB
MemAvailable:    1569064 kB
Buffers:           22516 kB
Cached:           232776 kB
MemTotal:        1844596 kB
MemFree:         1425240 kB
MemAvailable:    1567576 kB
Buffers:           22516 kB
Cached:           232776 kB
MemTotal:        1844596 kB
MemFree:         1424572 kB
MemAvailable:    1566908 kB
Buffers:           22516 kB
Cached:           232776 kB
MemTotal:        1844596 kB
MemFree:         1423324 kB
MemAvailable:    1565660 kB
Buffers:           22516 kB
Cached:           232776 kB
MemTotal:        1844596 kB
MemFree:         1424000 kB
MemAvailable:    1566336 kB
Buffers:           22516 kB
Cached:           232776 kB
MemTotal:        1844596 kB
MemFree:         1423084 kB
MemAvailable:    1565420 kB
Buffers:           22516 kB
Cached:           232776 kB
MemTotal:        1844596 kB
MemFree:         1422332 kB
MemAvailable:    1564668 kB
Buffers:           22516 kB
Cached:           232776 kB
MemTotal:        1844596 kB
MemFree:         1419852 kB
MemAvailable:    1562188 kB
Buffers:           22516 kB
Cached:           232776 kB
MemTotal:        1844596 kB
MemFree:         1421148 kB
MemAvailable:    1563484 kB
Buffers:           22516 kB
Cached:           232776 kB
MemTotal:        1844596 kB
MemFree:         1416808 kB
MemAvailable:    1559144 kB
Buffers:           22516 kB
Cached:           232776 kB
MemTotal:        1844596 kB
MemFree:         1414528 kB
MemAvailable:    1556864 kB
Buffers:           22516 kB
Cached:           232776 kB
MemTotal:        1844596 kB
MemFree:         1412172 kB
MemAvailable:    1554508 kB
Buffers:           22516 kB
Cached:           232776 kB
MemTotal:        1844596 kB
MemFree:         1413256 kB
MemAvailable:    1555592 kB
Buffers:           22516 kB
Cached:           232776 kB
MemTotal:        1844596 kB
MemFree:         1413032 kB
MemAvailable:    1555368 kB
Buffers:           22516 kB
Cached:           232776 kB
MemTotal:        1844596 kB
MemFree:         1412960 kB
MemAvailable:    1555296 kB
Buffers:           22516 kB
Cached:           232776 kB
MemTotal:        1844596 kB
MemFree:         1413212 kB
MemAvailable:    1555548 kB
Buffers:           22516 kB
Cached:           232776 kB
MemTotal:        1844596 kB
MemFree:         1413268 kB
MemAvailable:    1555604 kB
Buffers:           22516 kB
Cached:           232776 kB
MemTotal:        1844596 kB
MemFree:         1413212 kB
MemAvailable:    1555548 kB
Buffers:           22516 kB
Cached:           232776 kB
MemTotal:        1844596 kB
MemFree:         1413136 kB
MemAvailable:    1555472 kB
Buffers:           22516 kB
Cached:           232776 kB
MemTotal:        1844596 kB
MemFree:         1413136 kB
MemAvailable:    1555472 kB
Buffers:           22516 kB
Cached:           232776 kB
MemTotal:        1844596 kB
MemFree:         1412876 kB
MemAvailable:    1555212 kB
Buffers:           22516 kB
Cached:           232776 kB
MemTotal:        1844596 kB
MemFree:         1411544 kB
MemAvailable:    1553880 kB
Buffers:           22516 kB
Cached:           232776 kB
MemTotal:        1844596 kB
MemFree:         1411544 kB
MemAvailable:    1553880 kB
Buffers:           22516 kB
Cached:           232776 kB
MemTotal:        1844596 kB
MemFree:         1411104 kB
MemAvailable:    1553440 kB
Buffers:           22516 kB
Cached:           232776 kB
MemTotal:        1844596 kB
MemFree:         1410924 kB
MemAvailable:    1553260 kB
Buffers:           22516 kB
Cached:           232776 kB
MemTotal:        1844596 kB
MemFree:         1410848 kB
MemAvailable:    1553184 kB
Buffers:           22516 kB
Cached:           232776 kB
MemTotal:        1844596 kB
MemFree:         1410668 kB
MemAvailable:    1553004 kB
Buffers:           22516 kB
Cached:           232776 kB
MemTotal:        1844596 kB
MemFree:         1410716 kB
MemAvailable:    1553052 kB
Buffers:           22516 kB
Cached:           232776 kB
MemTotal:        1844596 kB
MemFree:         1410668 kB
MemAvailable:    1553004 kB
Buffers:           22516 kB
Cached:           232776 kB
MemTotal:        1844596 kB
MemFree:         1410648 kB
MemAvailable:    1552984 kB
Buffers:           22516 kB
Cached:           232776 kB
MemTotal:        1844596 kB
MemFree:         1410704 kB
MemAvailable:    1553040 kB
Buffers:           22516 kB
Cached:           232776 kB
MemTotal:        1844596 kB
MemFree:         1410468 kB
MemAvailable:    1552804 kB
Buffers:           22516 kB
Cached:           232776 kB
MemTotal:        1844596 kB
MemFree:         1410156 kB
MemAvailable:    1552492 kB
Buffers:           22516 kB
Cached:           232776 kB
MemTotal:        1844596 kB
MemFree:         1411980 kB
MemAvailable:    1554316 kB
Buffers:           22516 kB
Cached:           232776 kB
MemTotal:        1844596 kB
MemFree:         1410692 kB
MemAvailable:    1553028 kB
Buffers:           22516 kB
Cached:           232776 kB
MemTotal:        1844596 kB
MemFree:         1412072 kB
MemAvailable:    1554408 kB
Buffers:           22516 kB
Cached:           232776 kB
MemTotal:        1844596 kB
MemFree:         1412356 kB
MemAvailable:    1554692 kB
Buffers:           22516 kB
Cached:           232776 kB
MemTotal:        1844596 kB
MemFree:         1410856 kB
MemAvailable:    1553192 kB
Buffers:           22516 kB
Cached:           232776 kB
MemTotal:        1844596 kB
MemFree:         1409692 kB
MemAvailable:    1552028 kB
Buffers:           22516 kB
Cached:           232776 kB
MemTotal:        1844596 kB
MemFree:         1408568 kB
MemAvailable:    1550904 kB
Buffers:           22516 kB
Cached:           232776 kB
MemTotal:        1844596 kB
MemFree:         1408500 kB
MemAvailable:    1550836 kB
Buffers:           22516 kB
Cached:           232776 kB
MemTotal:        1844596 kB
MemFree:         1408128 kB
MemAvailable:    1550464 kB
Buffers:           22516 kB
Cached:           232776 kB
MemTotal:        1844596 kB
MemFree:         1408116 kB
MemAvailable:    1550452 kB
Buffers:           22516 kB
Cached:           232776 kB
MemTotal:        1844596 kB
MemFree:         1407444 kB
MemAvailable:    1549780 kB
Buffers:           22516 kB
Cached:           232776 kB
MemTotal:        1844596 kB
MemFree:         1407528 kB
MemAvailable:    1549864 kB
Buffers:           22516 kB
Cached:           232776 kB
MemTotal:        1844596 kB
MemFree:         1407204 kB
MemAvailable:    1549540 kB
Buffers:           22516 kB
Cached:           232776 kB
MemTotal:        1844596 kB
MemFree:         1407328 kB
MemAvailable:    1549664 kB
Buffers:           22516 kB
Cached:           232776 kB
MemTotal:        1844596 kB
MemFree:         1406764 kB
MemAvailable:    1549100 kB
Buffers:           22516 kB
Cached:           232776 kB
MemTotal:        1844596 kB
MemFree:         1406584 kB
MemAvailable:    1548920 kB
Buffers:           22516 kB
Cached:           232776 kB
MemTotal:        1844596 kB
MemFree:         1406584 kB
MemAvailable:    1548920 kB
Buffers:           22516 kB
Cached:           232776 kB
MemTotal:        1844596 kB
MemFree:         1405932 kB
MemAvailable:    1548268 kB
Buffers:           22516 kB
Cached:           232776 kB
MemTotal:        1844596 kB
MemFree:         1406640 kB
MemAvailable:    1548976 kB
Buffers:           22516 kB
Cached:           232776 kB
MemTotal:        1844596 kB
MemFree:         1406452 kB
MemAvailable:    1548788 kB
Buffers:           22516 kB
Cached:           232776 kB
MemTotal:        1844596 kB
MemFree:         1405676 kB
MemAvailable:    1548012 kB
Buffers:           22516 kB
Cached:           232776 kB
MemTotal:        1844596 kB
MemFree:         1406468 kB
MemAvailable:    1548804 kB
Buffers:           22516 kB
Cached:           232776 kB
MemTotal:        1844596 kB
MemFree:         1406524 kB
MemAvailable:    1548860 kB
Buffers:           22516 kB
Cached:           232776 kB
MemTotal:        1844596 kB
MemFree:         1405948 kB
MemAvailable:    1548284 kB
Buffers:           22516 kB
Cached:           232776 kB
MemTotal:        1844596 kB
MemFree:         1406104 kB
MemAvailable:    1548440 kB
Buffers:           22516 kB
Cached:           232776 kB
MemTotal:        1844596 kB
MemFree:         1405812 kB
MemAvailable:    1548148 kB
Buffers:           22516 kB
Cached:           232776 kB
MemTotal:        1844596 kB
MemFree:         1405772 kB
MemAvailable:    1548108 kB
Buffers:           22516 kB
Cached:           232776 kB
MemTotal:        1844596 kB
MemFree:         1405724 kB
MemAvailable:    1548060 kB
Buffers:           22516 kB
Cached:           232776 kB
MemTotal:        1844596 kB
MemFree:         1405600 kB
MemAvailable:    1547936 kB
Buffers:           22516 kB
Cached:           232776 kB
MemTotal:        1844596 kB
MemFree:         1405272 kB
MemAvailable:    1547608 kB
Buffers:           22516 kB
Cached:           232776 kB
MemTotal:        1844596 kB
MemFree:         1405512 kB
MemAvailable:    1547848 kB
Buffers:           22516 kB
Cached:           232776 kB
MemTotal:        1844596 kB
MemFree:         1405452 kB
MemAvailable:    1547788 kB
Buffers:           22516 kB
Cached:           232776 kB
MemTotal:        1844596 kB
MemFree:         1405360 kB
MemAvailable:    1547696 kB
Buffers:           22516 kB
Cached:           232776 kB
MemTotal:        1844596 kB
MemFree:         1405428 kB
MemAvailable:    1547764 kB
Buffers:           22516 kB
Cached:           232776 kB
MemTotal:        1844596 kB
MemFree:         1405596 kB
MemAvailable:    1547932 kB
Buffers:           22516 kB
Cached:           232776 kB
MemTotal:        1844596 kB
MemFree:         1405584 kB
MemAvailable:    1547920 kB
Buffers:           22516 kB
Cached:           232776 kB
MemTotal:        1844596 kB
MemFree:         1405476 kB
MemAvailable:    1547812 kB
Buffers:           22516 kB
Cached:           232776 kB
MemTotal:        1844596 kB
MemFree:         1405228 kB
MemAvailable:    1547564 kB
Buffers:           22516 kB
Cached:           232776 kB
MemTotal:        1844596 kB
MemFree:         1405448 kB
MemAvailable:    1547784 kB
Buffers:           22516 kB
Cached:           232776 kB
MemTotal:        1844596 kB
MemFree:         1405700 kB
MemAvailable:    1548036 kB
Buffers:           22516 kB
Cached:           232776 kB
MemTotal:        1844596 kB
MemFree:         1405468 kB
MemAvailable:    1547804 kB
Buffers:           22516 kB
Cached:           232776 kB
MemTotal:        1844596 kB
MemFree:         1405524 kB
MemAvailable:    1547860 kB
Buffers:           22516 kB
Cached:           232776 kB
MemTotal:        1844596 kB
MemFree:         1405524 kB
MemAvailable:    1547860 kB
Buffers:           22516 kB
Cached:           232776 kB
MemTotal:        1844596 kB
MemFree:         1405344 kB
MemAvailable:    1547680 kB
Buffers:           22516 kB
Cached:           232776 kB
MemTotal:        1844596 kB
MemFree:         1404856 kB
MemAvailable:    1547192 kB
Buffers:           22516 kB
Cached:           232776 kB
MemTotal:        1844596 kB
MemFree:         1404964 kB
MemAvailable:    1547300 kB
Buffers:           22516 kB
Cached:           232776 kB
MemTotal:        1844596 kB
MemFree:         1405080 kB
MemAvailable:    1547416 kB
Buffers:           22516 kB
Cached:           232776 kB
MemTotal:        1844596 kB
MemFree:         1404848 kB
MemAvailable:    1547184 kB
Buffers:           22516 kB
Cached:           232776 kB
MemTotal:        1844596 kB
MemFree:         1404668 kB
MemAvailable:    1547004 kB
Buffers:           22516 kB
Cached:           232776 kB
MemTotal:        1844596 kB
MemFree:         1404536 kB
MemAvailable:    1546872 kB
Buffers:           22516 kB
Cached:           232776 kB
MemTotal:        1844596 kB
MemFree:         1404528 kB
MemAvailable:    1546864 kB
Buffers:           22516 kB
Cached:           232776 kB
MemTotal:        1844596 kB
MemFree:         1404496 kB
MemAvailable:    1546832 kB
Buffers:           22516 kB
Cached:           232776 kB
MemTotal:        1844596 kB
MemFree:         1404532 kB
MemAvailable:    1546868 kB
Buffers:           22516 kB
Cached:           232776 kB
MemTotal:        1844596 kB
MemFree:         1404656 kB
MemAvailable:    1546992 kB
Buffers:           22516 kB
Cached:           232776 kB
MemTotal:        1844596 kB
MemFree:         1404592 kB
MemAvailable:    1546928 kB
Buffers:           22516 kB
Cached:           232776 kB
MemTotal:        1844596 kB
MemFree:         1404684 kB
MemAvailable:    1547024 kB
Buffers:           22516 kB
Cached:           232780 kB
MemTotal:        1844596 kB
MemFree:         1404676 kB
MemAvailable:    1547016 kB
Buffers:           22516 kB
Cached:           232780 kB
MemTotal:        1844596 kB
MemFree:         1404444 kB
MemAvailable:    1546784 kB
Buffers:           22516 kB
Cached:           232780 kB
MemTotal:        1844596 kB
MemFree:         1404696 kB
MemAvailable:    1547036 kB
Buffers:           22516 kB
Cached:           232780 kB
MemTotal:        1844596 kB
MemFree:         1404524 kB
MemAvailable:    1546864 kB
Buffers:           22516 kB
Cached:           232780 kB
MemTotal:        1844596 kB
MemFree:         1404580 kB
MemAvailable:    1546920 kB
Buffers:           22516 kB
Cached:           232780 kB
MemTotal:        1844596 kB
MemFree:         1404532 kB
MemAvailable:    1546872 kB
Buffers:           22516 kB
Cached:           232780 kB
MemTotal:        1844596 kB
MemFree:         1403996 kB
MemAvailable:    1546336 kB
Buffers:           22516 kB
Cached:           232780 kB
MemTotal:        1844596 kB
MemFree:         1403168 kB
MemAvailable:    1545508 kB
Buffers:           22516 kB
Cached:           232780 kB
MemTotal:        1844596 kB
MemFree:         1400384 kB
MemAvailable:    1542724 kB
Buffers:           22516 kB
Cached:           232780 kB
MemTotal:        1844596 kB
MemFree:         1402128 kB
MemAvailable:    1544468 kB
Buffers:           22516 kB
Cached:           232780 kB
MemTotal:        1844596 kB
MemFree:         1398448 kB
MemAvailable:    1540788 kB
Buffers:           22516 kB
Cached:           232780 kB
MemTotal:        1844596 kB
MemFree:         1396416 kB
MemAvailable:    1538756 kB
Buffers:           22516 kB
Cached:           232780 kB
MemTotal:        1844596 kB
MemFree:         1397028 kB
MemAvailable:    1539368 kB
Buffers:           22516 kB
Cached:           232780 kB
MemTotal:        1844596 kB
MemFree:         1396548 kB
MemAvailable:    1538888 kB
Buffers:           22516 kB
Cached:           232780 kB
MemTotal:        1844596 kB
MemFree:         1396712 kB
MemAvailable:    1539052 kB
Buffers:           22516 kB
Cached:           232780 kB
MemTotal:        1844596 kB
MemFree:         1396532 kB
MemAvailable:    1538872 kB
Buffers:           22516 kB
Cached:           232780 kB
MemTotal:        1844596 kB
MemFree:         1396384 kB
MemAvailable:    1538724 kB
Buffers:           22516 kB
Cached:           232780 kB
MemTotal:        1844596 kB
MemFree:         1396636 kB
MemAvailable:    1538976 kB
Buffers:           22516 kB
Cached:           232780 kB
MemTotal:        1844596 kB
MemFree:         1396448 kB
MemAvailable:    1538788 kB
Buffers:           22516 kB
Cached:           232780 kB
MemTotal:        1844596 kB
MemFree:         1396532 kB
MemAvailable:    1538872 kB
Buffers:           22516 kB
Cached:           232780 kB
MemTotal:        1844596 kB
MemFree:         1395928 kB
MemAvailable:    1538268 kB
Buffers:           22516 kB
Cached:           232780 kB
MemTotal:        1844596 kB
MemFree:         1396400 kB
MemAvailable:    1538740 kB
Buffers:           22516 kB
Cached:           232780 kB
MemTotal:        1844596 kB
MemFree:         1396652 kB
MemAvailable:    1538992 kB
Buffers:           22516 kB
Cached:           232780 kB
MemTotal:        1844596 kB
MemFree:         1396596 kB
MemAvailable:    1538944 kB
Buffers:           22516 kB
Cached:           232788 kB
MemTotal:        1844596 kB
MemFree:         1396596 kB
MemAvailable:    1538944 kB
Buffers:           22516 kB
Cached:           232788 kB
MemTotal:        1844596 kB
MemFree:         1396464 kB
MemAvailable:    1538812 kB
Buffers:           22516 kB
Cached:           232788 kB
MemTotal:        1844596 kB
MemFree:         1396400 kB
MemAvailable:    1538748 kB
Buffers:           22516 kB
Cached:           232788 kB
MemTotal:        1844596 kB
MemFree:         1395872 kB
MemAvailable:    1538220 kB
Buffers:           22516 kB
Cached:           232788 kB
MemTotal:        1844596 kB
MemFree:         1395844 kB
MemAvailable:    1538192 kB
Buffers:           22516 kB
Cached:           232788 kB
MemTotal:        1844596 kB
MemFree:         1395848 kB
MemAvailable:    1538196 kB
Buffers:           22516 kB
Cached:           232788 kB
MemTotal:        1844596 kB
MemFree:         1396720 kB
MemAvailable:    1539068 kB
Buffers:           22516 kB
Cached:           232788 kB
MemTotal:        1844596 kB
MemFree:         1395920 kB
MemAvailable:    1538268 kB
Buffers:           22516 kB
Cached:           232788 kB
MemTotal:        1844596 kB
MemFree:         1395904 kB
MemAvailable:    1538252 kB
Buffers:           22516 kB
Cached:           232788 kB
MemTotal:        1844596 kB
MemFree:         1396020 kB
MemAvailable:    1538368 kB
Buffers:           22516 kB
Cached:           232788 kB
MemTotal:        1844596 kB
MemFree:         1395664 kB
MemAvailable:    1538012 kB
Buffers:           22516 kB
Cached:           232788 kB
MemTotal:        1844596 kB
MemFree:         1395472 kB
MemAvailable:    1537820 kB
Buffers:           22516 kB
Cached:           232788 kB
MemTotal:        1844596 kB
MemFree:         1395408 kB
MemAvailable:    1537756 kB
Buffers:           22516 kB
Cached:           232788 kB
MemTotal:        1844596 kB
MemFree:         1394928 kB
MemAvailable:    1537276 kB
Buffers:           22516 kB
Cached:           232788 kB
MemTotal:        1844596 kB
MemFree:         1394984 kB
MemAvailable:    1537332 kB
Buffers:           22516 kB
Cached:           232788 kB
MemTotal:        1844596 kB
MemFree:         1394736 kB
MemAvailable:    1537084 kB
Buffers:           22516 kB
Cached:           232788 kB
MemTotal:        1844596 kB
MemFree:         1393820 kB
MemAvailable:    1536168 kB
Buffers:           22516 kB
Cached:           232788 kB
MemTotal:        1844596 kB
MemFree:         1394612 kB
MemAvailable:    1536960 kB
Buffers:           22516 kB
Cached:           232788 kB
MemTotal:        1844596 kB
MemFree:         1393744 kB
MemAvailable:    1536092 kB
Buffers:           22516 kB
Cached:           232788 kB
MemTotal:        1844596 kB
MemFree:         1392944 kB
MemAvailable:    1535292 kB
Buffers:           22516 kB
Cached:           232788 kB
MemTotal:        1844596 kB
MemFree:         1393184 kB
MemAvailable:    1535532 kB
Buffers:           22516 kB
Cached:           232788 kB
MemTotal:        1844596 kB
MemFree:         1392828 kB
MemAvailable:    1535176 kB
Buffers:           22516 kB
Cached:           232788 kB
MemTotal:        1844596 kB
MemFree:         1393372 kB
MemAvailable:    1535720 kB
Buffers:           22516 kB
Cached:           232788 kB
MemTotal:        1844596 kB
MemFree:         1393372 kB
MemAvailable:    1535720 kB
Buffers:           22516 kB
Cached:           232788 kB
MemTotal:        1844596 kB
MemFree:         1392936 kB
MemAvailable:    1535284 kB
Buffers:           22516 kB
Cached:           232788 kB
MemTotal:        1844596 kB
MemFree:         1392936 kB
MemAvailable:    1535284 kB
Buffers:           22516 kB
Cached:           232788 kB
MemTotal:        1844596 kB
MemFree:         1392952 kB
MemAvailable:    1535300 kB
Buffers:           22516 kB
Cached:           232788 kB
MemTotal:        1844596 kB
MemFree:         1392876 kB
MemAvailable:    1535224 kB
Buffers:           22516 kB
Cached:           232788 kB
MemTotal:        1844596 kB
MemFree:         1392876 kB
MemAvailable:    1535224 kB
Buffers:           22516 kB
Cached:           232788 kB
MemTotal:        1844596 kB
MemFree:         1392812 kB
MemAvailable:    1535160 kB
Buffers:           22516 kB
Cached:           232788 kB
MemTotal:        1844596 kB
MemFree:         1392744 kB
MemAvailable:    1535092 kB
Buffers:           22516 kB
Cached:           232788 kB
MemTotal:        1844596 kB
MemFree:         1392744 kB
MemAvailable:    1535092 kB
Buffers:           22516 kB
Cached:           232788 kB
MemTotal:        1844596 kB
MemFree:         1392812 kB
MemAvailable:    1535160 kB
Buffers:           22516 kB
Cached:           232788 kB
MemTotal:        1844596 kB
MemFree:         1392820 kB
MemAvailable:    1535168 kB
Buffers:           22516 kB
Cached:           232788 kB
MemTotal:        1844596 kB
MemFree:         1392380 kB
MemAvailable:    1534728 kB
Buffers:           22516 kB
Cached:           232788 kB
MemTotal:        1844596 kB
MemFree:         1392256 kB
MemAvailable:    1534604 kB
Buffers:           22516 kB
Cached:           232788 kB
MemTotal:        1844596 kB
MemFree:         1392016 kB
MemAvailable:    1534364 kB
Buffers:           22516 kB
Cached:           232788 kB
MemTotal:        1844596 kB
MemFree:         1391156 kB
MemAvailable:    1533504 kB
Buffers:           22516 kB
Cached:           232788 kB
MemTotal:        1844596 kB
MemFree:         1385116 kB
MemAvailable:    1527464 kB
Buffers:           22516 kB
Cached:           232788 kB
MemTotal:        1844596 kB
MemFree:         1385368 kB
MemAvailable:    1527716 kB
Buffers:           22516 kB
Cached:           232788 kB
MemTotal:        1844596 kB
MemFree:         1385180 kB
MemAvailable:    1527528 kB
Buffers:           22516 kB
Cached:           232788 kB
MemTotal:        1844596 kB
MemFree:         1385180 kB
MemAvailable:    1527528 kB
Buffers:           22516 kB
Cached:           232788 kB
MemTotal:        1844596 kB
MemFree:         1384380 kB
MemAvailable:    1526728 kB
Buffers:           22516 kB
Cached:           232788 kB
MemTotal:        1844596 kB
MemFree:         1385008 kB
MemAvailable:    1527356 kB
Buffers:           22516 kB
Cached:           232788 kB
MemTotal:        1844596 kB
MemFree:         1384696 kB
MemAvailable:    1527044 kB
Buffers:           22516 kB
Cached:           232788 kB
MemTotal:        1844596 kB
MemFree:         1384196 kB
MemAvailable:    1526544 kB
Buffers:           22516 kB
Cached:           232788 kB
MemTotal:        1844596 kB
MemFree:         1384740 kB
MemAvailable:    1527088 kB
Buffers:           22516 kB
Cached:           232788 kB
MemTotal:        1844596 kB
MemFree:         1384444 kB
MemAvailable:    1526792 kB
Buffers:           22516 kB
Cached:           232788 kB
MemTotal:        1844596 kB
MemFree:         1386364 kB
MemAvailable:    1528712 kB
Buffers:           22516 kB
Cached:           232788 kB
MemTotal:        1844596 kB
MemFree:         1386008 kB
MemAvailable:    1528356 kB
Buffers:           22516 kB
Cached:           232788 kB
MemTotal:        1844596 kB
MemFree:         1386164 kB
MemAvailable:    1528596 kB
Buffers:           22516 kB
Cached:           232912 kB
MemTotal:        1844596 kB
MemFree:         1385512 kB
MemAvailable:    1528028 kB
Buffers:           22516 kB
Cached:           232912 kB
MemTotal:        1844596 kB
MemFree:         1385564 kB
MemAvailable:    1528164 kB
Buffers:           22516 kB
Cached:           233036 kB
MemTotal:        1844596 kB
MemFree:         1385320 kB
MemAvailable:    1527920 kB
Buffers:           22516 kB
Cached:           233036 kB
MemTotal:        1844596 kB
MemFree:         1386180 kB
MemAvailable:    1528896 kB
Buffers:           22516 kB
Cached:           233232 kB
MemTotal:        1844596 kB
MemFree:         1385216 kB
MemAvailable:    1527932 kB
Buffers:           22516 kB
Cached:           233232 kB
MemTotal:        1844596 kB
MemFree:         1386208 kB
MemAvailable:    1529008 kB
Buffers:           22516 kB
Cached:           233356 kB
MemTotal:        1844596 kB
MemFree:         1386008 kB
MemAvailable:    1528892 kB
Buffers:           22516 kB
Cached:           233356 kB
MemTotal:        1844596 kB
MemFree:         1385800 kB
MemAvailable:    1528684 kB
Buffers:           22516 kB
Cached:           233356 kB
MemTotal:        1844596 kB
MemFree:         1385876 kB
MemAvailable:    1528844 kB
Buffers:           22516 kB
Cached:           233480 kB
MemTotal:        1844596 kB
MemFree:         1385744 kB
MemAvailable:    1528712 kB
Buffers:           22516 kB
Cached:           233480 kB
MemTotal:        1844596 kB
MemFree:         1385792 kB
MemAvailable:    1528760 kB
Buffers:           22516 kB
Cached:           233480 kB
MemTotal:        1844596 kB
MemFree:         1385572 kB
MemAvailable:    1528540 kB
Buffers:           22516 kB
Cached:           233480 kB
MemTotal:        1844596 kB
MemFree:         1385612 kB
MemAvailable:    1528580 kB
Buffers:           22516 kB
Cached:           233480 kB
MemTotal:        1844596 kB
MemFree:         1385016 kB
MemAvailable:    1527984 kB
Buffers:           22516 kB
Cached:           233480 kB
MemTotal:        1844596 kB
MemFree:         1385332 kB
MemAvailable:    1528300 kB
Buffers:           22516 kB
Cached:           233480 kB
MemTotal:        1844596 kB
MemFree:         1385940 kB
MemAvailable:    1528908 kB
Buffers:           22516 kB
Cached:           233480 kB
MemTotal:        1844596 kB
MemFree:         1385080 kB
MemAvailable:    1528048 kB
Buffers:           22516 kB
Cached:           233480 kB
MemTotal:        1844596 kB
MemFree:         1385852 kB
MemAvailable:    1528736 kB
Buffers:           22516 kB
Cached:           233268 kB
MemTotal:        1844596 kB
MemFree:         1396148 kB
MemAvailable:    1538528 kB
Buffers:           22516 kB
Cached:           232848 kB
MemTotal:        1844596 kB
MemFree:         1451912 kB
MemAvailable:    1594292 kB
Buffers:           22516 kB
Cached:           232848 kB
