MemTotal:        1844596 kB
MemFree:         1149060 kB
MemAvailable:    1560912 kB
Buffers:           58828 kB
Cached:           461648 kB
MemTotal:        1844596 kB
MemFree:         1120944 kB
MemAvailable:    1532800 kB
Buffers:           58828 kB
Cached:           461652 kB
MemTotal:        1844596 kB
MemFree:         1120136 kB
MemAvailable:    1531992 kB
Buffers:           58828 kB
Cached:           461652 kB
MemTotal:        1844596 kB
MemFree:         1118216 kB
MemAvailable:    1530072 kB
Buffers:           58828 kB
Cached:           461652 kB
MemTotal:        1844596 kB
MemFree:         1118084 kB
MemAvailable:    1529940 kB
Buffers:           58828 kB
Cached:           461652 kB
MemTotal:        1844596 kB
MemFree:         1116720 kB
MemAvailable:    1528576 kB
Buffers:           58828 kB
Cached:           461652 kB
MemTotal:        1844596 kB
MemFree:         1116044 kB
MemAvailable:    1527900 kB
Buffers:           58828 kB
Cached:           461652 kB
MemTotal:        1844596 kB
MemFree:         1114124 kB
MemAvailable:    1525980 kB
Buffers:           58828 kB
Cached:           461652 kB
MemTotal:        1844596 kB
MemFree:         1111148 kB
MemAvailable:    1523004 kB
Buffers:           58828 kB
Cached:           461652 kB
MemTotal:        1844596 kB
MemFree:         1107988 kB
MemAvailable:    1519844 kB
Buffers:           58828 kB
Cached:           461652 kB
MemTotal:        1844596 kB
MemFree:         1108240 kB
MemAvailable:    1520096 kB
Buffers:           58828 kB
Cached:           461652 kB
MemTotal:        1844596 kB
MemFree:         1107000 kB
MemAvailable:    1518856 kB
Buffers:           58828 kB
Cached:           461652 kB
MemTotal:        1844596 kB
MemFree:         1106876 kB
MemAvailable:    1518732 kB
Buffers:           58828 kB
Cached:           461652 kB
MemTotal:        1844596 kB
MemFree:         1108116 kB
MemAvailable:    1519972 kB
Buffers:           58828 kB
Cached:           461652 kB
MemTotal:        1844596 kB
MemFree:         1107000 kB
MemAvailable:    1518856 kB
Buffers:           58828 kB
Cached:           461652 kB
MemTotal:        1844596 kB
MemFree:         1106188 kB
MemAvailable:    1518044 kB
Buffers:           58828 kB
Cached:           461652 kB
MemTotal:        1844596 kB
MemFree:         1105196 kB
MemAvailable:    1517052 kB
Buffers:           58828 kB
Cached:           461652 kB
MemTotal:        1844596 kB
MemFree:         1106000 kB
MemAvailable:    1517856 kB
Buffers:           58828 kB
Cached:           461652 kB
MemTotal:        1844596 kB
MemFree:         1106000 kB
MemAvailable:    1517856 kB
Buffers:           58828 kB
Cached:           461652 kB
MemTotal:        1844596 kB
MemFree:         1105500 kB
MemAvailable:    1517356 kB
Buffers:           58828 kB
Cached:           461652 kB
MemTotal:        1844596 kB
MemFree:         1105752 kB
MemAvailable:    1517608 kB
Buffers:           58828 kB
Cached:           461652 kB
MemTotal:        1844596 kB
MemFree:         1105512 kB
MemAvailable:    1517368 kB
Buffers:           58828 kB
Cached:           461652 kB
MemTotal:        1844596 kB
MemFree:         1105368 kB
MemAvailable:    1517224 kB
Buffers:           58828 kB
Cached:           461652 kB
MemTotal:        1844596 kB
MemFree:         1105704 kB
MemAvailable:    1517560 kB
Buffers:           58828 kB
Cached:           461652 kB
MemTotal:        1844596 kB
MemFree:         1104296 kB
MemAvailable:    1516152 kB
Buffers:           58828 kB
Cached:           461652 kB
MemTotal:        1844596 kB
MemFree:         1106912 kB
MemAvailable:    1518768 kB
Buffers:           58828 kB
Cached:           461652 kB
MemTotal:        1844596 kB
MemFree:         1105644 kB
MemAvailable:    1517500 kB
Buffers:           58828 kB
Cached:           461652 kB
MemTotal:        1844596 kB
MemFree:         1104816 kB
MemAvailable:    1516676 kB
Buffers:           58828 kB
Cached:           461652 kB
MemTotal:        1844596 kB
MemFree:         1103396 kB
MemAvailable:    1515256 kB
Buffers:           58828 kB
Cached:           461652 kB
MemTotal:        1844596 kB
MemFree:         1103452 kB
MemAvailable:    1515312 kB
Buffers:           58828 kB
Cached:           461652 kB
MemTotal:        1844596 kB
MemFree:         1101228 kB
MemAvailable:    1513088 kB
Buffers:           58828 kB
Cached:           461652 kB
MemTotal:        1844596 kB
MemFree:         1102264 kB
MemAvailable:    1514124 kB
Buffers:           58828 kB
Cached:           461652 kB
MemTotal:        1844596 kB
MemFree:         1101104 kB
MemAvailable:    1512964 kB
Buffers:           58828 kB
Cached:           461652 kB
MemTotal:        1844596 kB
MemFree:         1101852 kB
MemAvailable:    1513712 kB
Buffers:           58828 kB
Cached:           461652 kB
MemTotal:        1844596 kB
MemFree:         1101916 kB
MemAvailable:    1513776 kB
Buffers:           58828 kB
Cached:           461652 kB
MemTotal:        1844596 kB
MemFree:         1100608 kB
MemAvailable:    1512468 kB
Buffers:           58828 kB
Cached:           461652 kB
MemTotal:        1844596 kB
MemFree:         1100352 kB
MemAvailable:    1512212 kB
Buffers:           58828 kB
Cached:           461652 kB
MemTotal:        1844596 kB
MemFree:         1100220 kB
MemAvailable:    1512080 kB
Buffers:           58828 kB
Cached:           461652 kB
MemTotal:        1844596 kB
MemFree:         1099988 kB
MemAvailable:    1511848 kB
Buffers:           58828 kB
Cached:           461652 kB
MemTotal:        1844596 kB
MemFree:         1100916 kB
MemAvailable:    1512776 kB
Buffers:           58828 kB
Cached:           461652 kB
MemTotal:        1844596 kB
MemFree:         1099484 kB
MemAvailable:    1511344 kB
Buffers:           58828 kB
Cached:           461652 kB
MemTotal:        1844596 kB
MemFree:         1099236 kB
MemAvailable:    1511096 kB
Buffers:           58828 kB
Cached:           461652 kB
MemTotal:        1844596 kB
MemFree:         1099064 kB
MemAvailable:    1510924 kB
Buffers:           58828 kB
Cached:           461652 kB
MemTotal:        1844596 kB
MemFree:         1100304 kB
MemAvailable:    1512164 kB
Buffers:           58828 kB
Cached:           461652 kB
MemTotal:        1844596 kB
MemFree:         1100548 kB
MemAvailable:    1512408 kB
Buffers:           58828 kB
Cached:           461652 kB
MemTotal:        1844596 kB
MemFree:         1098964 kB
MemAvailable:    1510824 kB
Buffers:           58828 kB
Cached:           461652 kB
MemTotal:        1844596 kB
MemFree:         1098956 kB
MemAvailable:    1510816 kB
Buffers:           58828 kB
Cached:           461652 kB
MemTotal:        1844596 kB
MemFree:         1100516 kB
MemAvailable:    1512376 kB
Buffers:           58828 kB
Cached:           461652 kB
MemTotal:        1844596 kB
MemFree:         1099856 kB
MemAvailable:    1511716 kB
Buffers:           58828 kB
Cached:           461652 kB
MemTotal:        1844596 kB
MemFree:         1100232 kB
MemAvailable:    1512092 kB
Buffers:           58828 kB
Cached:           461652 kB
MemTotal:        1844596 kB
MemFree:         1099056 kB
MemAvailable:    1510916 kB
Buffers:           58828 kB
Cached:           461652 kB
MemTotal:        1844596 kB
MemFree:         1100280 kB
MemAvailable:    1512140 kB
Buffers:           58828 kB
Cached:           461652 kB
MemTotal:        1844596 kB
MemFree:         1100032 kB
MemAvailable:    1511892 kB
Buffers:           58828 kB
Cached:           461652 kB
MemTotal:        1844596 kB
MemFree:         1098368 kB
MemAvailable:    1510228 kB
Buffers:           58828 kB
Cached:           461652 kB
MemTotal:        1844596 kB
MemFree:         1098500 kB
MemAvailable:    1510360 kB
Buffers:           58828 kB
Cached:           461652 kB
MemTotal:        1844596 kB
MemFree:         1099676 kB
MemAvailable:    1511536 kB
Buffers:           58828 kB
Cached:           461652 kB
MemTotal:        1844596 kB
MemFree:         1098376 kB
MemAvailable:    1510236 kB
Buffers:           58828 kB
Cached:           461652 kB
MemTotal:        1844596 kB
MemFree:         1099540 kB
MemAvailable:    1511400 kB
Buffers:           58828 kB
Cached:           461652 kB
MemTotal:        1844596 kB
MemFree:         1098192 kB
MemAvailable:    1510052 kB
Buffers:           58828 kB
Cached:           461652 kB
MemTotal:        1844596 kB
MemFree:         1099228 kB
MemAvailable:    1511088 kB
Buffers:           58828 kB
Cached:           461652 kB
MemTotal:        1844596 kB
MemFree:         1099360 kB
MemAvailable:    1511220 kB
Buffers:           58828 kB
Cached:           461652 kB
MemTotal:        1844596 kB
MemFree:         1098060 kB
MemAvailable:    1509920 kB
Buffers:           58828 kB
Cached:           461652 kB
MemTotal:        1844596 kB
MemFree:         1098052 kB
MemAvailable:    1509912 kB
Buffers:           58828 kB
Cached:           461652 kB
MemTotal:        1844596 kB
MemFree:         1098176 kB
MemAvailable:    1510036 kB
Buffers:           58828 kB
Cached:           461652 kB
MemTotal:        1844596 kB
MemFree:         1098424 kB
MemAvailable:    1510284 kB
Buffers:           58828 kB
Cached:           461652 kB
MemTotal:        1844596 kB
MemFree:         1095136 kB
MemAvailable:    1506996 kB
Buffers:           58828 kB
Cached:           461652 kB
MemTotal:        1844596 kB
MemFree:         1094780 kB
MemAvailable:    1506640 kB
Buffers:           58828 kB
Cached:           461652 kB
MemTotal:        1844596 kB
MemFree:         1091788 kB
MemAvailable:    1503648 kB
Buffers:           58828 kB
Cached:           461652 kB
MemTotal:        1844596 kB
MemFree:         1090300 kB
MemAvailable:    1502160 kB
Buffers:           58828 kB
Cached:           461652 kB
MemTotal:        1844596 kB
MemFree:         1091672 kB
MemAvailable:    1503532 kB
Buffers:           58828 kB
Cached:           461652 kB
MemTotal:        1844596 kB
MemFree:         1090240 kB
MemAvailable:    1502100 kB
Buffers:           58828 kB
Cached:           461652 kB
MemTotal:        1844596 kB
MemFree:         1090284 kB
MemAvailable:    1502144 kB
Buffers:           58828 kB
Cached:           461652 kB
MemTotal:        1844596 kB
MemFree:         1090236 kB
MemAvailable:    1502096 kB
Buffers:           58828 kB
Cached:           461652 kB
MemTotal:        1844596 kB
MemFree:         1090236 kB
MemAvailable:    1502096 kB
Buffers:           58828 kB
Cached:           461652 kB
MemTotal:        1844596 kB
MemFree:         1091516 kB
MemAvailable:    1503376 kB
Buffers:           58828 kB
Cached:           461652 kB
MemTotal:        1844596 kB
MemFree:         1091484 kB
MemAvailable:    1503344 kB
Buffers:           58828 kB
Cached:           461652 kB
MemTotal:        1844596 kB
MemFree:         1091660 kB
MemAvailable:    1503520 kB
Buffers:           58828 kB
Cached:           461652 kB
MemTotal:        1844596 kB
MemFree:         1091496 kB
MemAvailable:    1503356 kB
Buffers:           58828 kB
Cached:           461652 kB
MemTotal:        1844596 kB
MemFree:         1091556 kB
MemAvailable:    1503416 kB
Buffers:           58828 kB
Cached:           461652 kB
MemTotal:        1844596 kB
MemFree:         1091236 kB
MemAvailable:    1503096 kB
Buffers:           58828 kB
Cached:           461652 kB
MemTotal:        1844596 kB
MemFree:         1091572 kB
MemAvailable:    1503432 kB
Buffers:           58828 kB
Cached:           461652 kB
MemTotal:        1844596 kB
MemFree:         1091304 kB
MemAvailable:    1503164 kB
Buffers:           58828 kB
Cached:           461652 kB
MemTotal:        1844596 kB
MemFree:         1089944 kB
MemAvailable:    1501804 kB
Buffers:           58828 kB
Cached:           461652 kB
MemTotal:        1844596 kB
MemFree:         1090648 kB
MemAvailable:    1502508 kB
Buffers:           58828 kB
Cached:           461652 kB
MemTotal:        1844596 kB
MemFree:         1089276 kB
MemAvailable:    1501136 kB
Buffers:           58828 kB
Cached:           461652 kB
MemTotal:        1844596 kB
MemFree:         1088820 kB
MemAvailable:    1500680 kB
Buffers:           58828 kB
Cached:           461652 kB
MemTotal:        1844596 kB
MemFree:         1088952 kB
MemAvailable:    1500812 kB
Buffers:           58828 kB
Cached:           461652 kB
MemTotal:        1844596 kB
MemFree:         1088572 kB
MemAvailable:    1500432 kB
Buffers:           58828 kB
Cached:           461652 kB
MemTotal:        1844596 kB
MemFree:         1087580 kB
MemAvailable:    1499440 kB
Buffers:           58828 kB
Cached:           461652 kB
MemTotal:        1844596 kB
MemFree:         1088880 kB
MemAvailable:    1500740 kB
Buffers:           58828 kB
Cached:           461652 kB
MemTotal:        1844596 kB
MemFree:         1087092 kB
MemAvailable:    1498952 kB
Buffers:           58828 kB
Cached:           461652 kB
MemTotal:        1844596 kB
MemFree:         1088076 kB
MemAvailable:    1499936 kB
Buffers:           58828 kB
Cached:           461652 kB
MemTotal:        1844596 kB
MemFree:         1086704 kB
MemAvailable:    1498564 kB
Buffers:           58828 kB
Cached:           461652 kB
MemTotal:        1844596 kB
MemFree:         1086440 kB
MemAvailable:    1498312 kB
Buffers:           58828 kB
Cached:           461664 kB
MemTotal:        1844596 kB
MemFree:         1087616 kB
MemAvailable:    1499488 kB
Buffers:           58828 kB
Cached:           461664 kB
MemTotal:        1844596 kB
MemFree:         1086300 kB
MemAvailable:    1498172 kB
Buffers:           58828 kB
Cached:           461664 kB
MemTotal:        1844596 kB
MemFree:         1087672 kB
MemAvailable:    1499544 kB
Buffers:           58828 kB
Cached:           461664 kB
MemTotal:        1844596 kB
MemFree:         1087648 kB
MemAvailable:    1499520 kB
Buffers:           58828 kB
Cached:           461664 kB
MemTotal:        1844596 kB
MemFree:         1086720 kB
MemAvailable:    1498592 kB
Buffers:           58828 kB
Cached:           461664 kB
MemTotal:        1844596 kB
MemFree:         1086216 kB
MemAvailable:    1498088 kB
Buffers:           58828 kB
Cached:           461664 kB
MemTotal:        1844596 kB
MemFree:         1086300 kB
MemAvailable:    1498172 kB
Buffers:           58828 kB
Cached:           461664 kB
MemTotal:        1844596 kB
MemFree:         1087076 kB
MemAvailable:    1498948 kB
Buffers:           58828 kB
Cached:           461664 kB
MemTotal:        1844596 kB
MemFree:         1086968 kB
MemAvailable:    1498840 kB
Buffers:           58828 kB
Cached:           461664 kB
MemTotal:        1844596 kB
MemFree:         1085664 kB
MemAvailable:    1497536 kB
Buffers:           58828 kB
Cached:           461664 kB
MemTotal:        1844596 kB
MemFree:         1080512 kB
MemAvailable:    1492384 kB
Buffers:           58828 kB
Cached:           461664 kB
MemTotal:        1844596 kB
MemFree:         1079960 kB
MemAvailable:    1491832 kB
Buffers:           58828 kB
Cached:           461664 kB
MemTotal:        1844596 kB
MemFree:         1078784 kB
MemAvailable:    1490656 kB
Buffers:           58828 kB
Cached:           461664 kB
MemTotal:        1844596 kB
MemFree:         1078364 kB
MemAvailable:    1490236 kB
Buffers:           58828 kB
Cached:           461664 kB
MemTotal:        1844596 kB
MemFree:         1079736 kB
MemAvailable:    1491608 kB
Buffers:           58828 kB
Cached:           461664 kB
MemTotal:        1844596 kB
MemFree:         1079636 kB
MemAvailable:    1491508 kB
Buffers:           58828 kB
Cached:           461664 kB
MemTotal:        1844596 kB
MemFree:         1079652 kB
MemAvailable:    1491524 kB
Buffers:           58828 kB
Cached:           461664 kB
MemTotal:        1844596 kB
MemFree:         1081564 kB
MemAvailable:    1493436 kB
Buffers:           58832 kB
Cached:           461660 kB
MemTotal:        1844596 kB
MemFree:         1081448 kB
MemAvailable:    1493320 kB
Buffers:           58832 kB
Cached:           461660 kB
MemTotal:        1844596 kB
MemFree:         1081076 kB
MemAvailable:    1493116 kB
Buffers:           58832 kB
Cached:           461784 kB
MemTotal:        1844596 kB
MemFree:         1080804 kB
MemAvailable:    1493012 kB
Buffers:           58832 kB
Cached:           462032 kB
MemTotal:        1844596 kB
MemFree:         1080272 kB
MemAvailable:    1492480 kB
Buffers:           58832 kB
Cached:           462032 kB
MemTotal:        1844596 kB
MemFree:         1079348 kB
MemAvailable:    1491640 kB
Buffers:           58832 kB
Cached:           462156 kB
MemTotal:        1844596 kB
MemFree:         1079472 kB
MemAvailable:    1491932 kB
Buffers:           58832 kB
Cached:           462280 kB
MemTotal:        1844596 kB
MemFree:         1079340 kB
MemAvailable:    1491800 kB
Buffers:           58832 kB
Cached:           462280 kB
MemTotal:        1844596 kB
MemFree:         1080516 kB
MemAvailable:    1493060 kB
Buffers:           58832 kB
Cached:           462404 kB
MemTotal:        1844596 kB
MemFree:         1078872 kB
MemAvailable:    1491416 kB
Buffers:           58832 kB
Cached:           462404 kB
MemTotal:        1844596 kB
MemFree:         1080380 kB
MemAvailable:    1492924 kB
Buffers:           58832 kB
Cached:           462404 kB
MemTotal:        1844596 kB
MemFree:         1079116 kB
MemAvailable:    1491660 kB
Buffers:           58832 kB
Cached:           462404 kB
MemTotal:        1844596 kB
MemFree:         1080176 kB
MemAvailable:    1492720 kB
Buffers:           58832 kB
Cached:           462404 kB
MemTotal:        1844596 kB
MemFree:         1078900 kB
MemAvailable:    1491444 kB
Buffers:           58832 kB
Cached:           462404 kB
MemTotal:        1844596 kB
MemFree:         1078976 kB
MemAvailable:    1491520 kB
Buffers:           58832 kB
Cached:           462404 kB
MemTotal:        1844596 kB
MemFree:         1080620 kB
MemAvailable:    1492492 kB
Buffers:           58832 kB
Cached:           461732 kB
MemTotal:        1844596 kB
MemFree:         1147752 kB
MemAvailable:    1559624 kB
Buffers:           58832 kB
Cached:           461732 kB
