MemTotal:        1844596 kB
MemFree:         1296368 kB
MemAvailable:    1570660 kB
Buffers:           42224 kB
Cached:           351256 kB
MemTotal:        1844596 kB
MemFree:         1269112 kB
MemAvailable:    1543412 kB
Buffers:           42224 kB
Cached:           351260 kB
MemTotal:        1844596 kB
MemFree:         1267368 kB
MemAvailable:    1541668 kB
Buffers:           42224 kB
Cached:           351260 kB
MemTotal:        1844596 kB
MemFree:         1266692 kB
MemAvailable:    1540992 kB
Buffers:           42224 kB
Cached:           351260 kB
MemTotal:        1844596 kB
MemFree:         1266576 kB
MemAvailable:    1540876 kB
Buffers:           42224 kB
Cached:           351260 kB
MemTotal:        1844596 kB
MemFree:         1265004 kB
MemAvailable:    1539304 kB
Buffers:           42224 kB
Cached:           351260 kB
MemTotal:        1844596 kB
MemFree:         1264772 kB
MemAvailable:    1539072 kB
Buffers:           42224 kB
Cached:           351260 kB
MemTotal:        1844596 kB
MemFree:         1262540 kB
MemAvailable:    1536840 kB
Buffers:           42224 kB
Cached:           351260 kB
MemTotal:        1844596 kB
MemFree:         1259192 kB
MemAvailable:    1533492 kB
Buffers:           42224 kB
Cached:           351260 kB
MemTotal:        1844596 kB
MemFree:         1256836 kB
MemAvailable:    1531136 kB
Buffers:           42224 kB
Cached:           351260 kB
MemTotal:        1844596 kB
MemFree:         1255208 kB
MemAvailable:    1529508 kB
Buffers:           42224 kB
Cached:           351260 kB
MemTotal:        1844596 kB
MemFree:         1255460 kB
MemAvailable:    1529760 kB
Buffers:           42224 kB
Cached:           351260 kB
MemTotal:        1844596 kB
MemFree:         1255296 kB
MemAvailable:    1529596 kB
Buffers:           42224 kB
Cached:           351260 kB
MemTotal:        1844596 kB
MemFree:         1255208 kB
MemAvailable:    1529508 kB
Buffers:           42224 kB
Cached:           351260 kB
MemTotal:        1844596 kB
MemFree:         1255348 kB
MemAvailable:    1529648 kB
Buffers:           42224 kB
Cached:           351260 kB
MemTotal:        1844596 kB
MemFree:         1255028 kB
MemAvailable:    1529328 kB
Buffers:           42224 kB
Cached:           351260 kB
MemTotal:        1844596 kB
MemFree:         1255196 kB
MemAvailable:    1529496 kB
Buffers:           42224 kB
Cached:           351260 kB
MemTotal:        1844596 kB
MemFree:         1253108 kB
MemAvailable:    1527408 kB
Buffers:           42224 kB
Cached:           351260 kB
MemTotal:        1844596 kB
MemFree:         1252992 kB
MemAvailable:    1527292 kB
Buffers:           42224 kB
Cached:           351260 kB
MemTotal:        1844596 kB
MemFree:         1252796 kB
MemAvailable:    1527096 kB
Buffers:           42224 kB
Cached:           351260 kB
MemTotal:        1844596 kB
MemFree:         1252724 kB
MemAvailable:    1527024 kB
Buffers:           42224 kB
Cached:           351260 kB
MemTotal:        1844596 kB
MemFree:         1252504 kB
MemAvailable:    1526804 kB
Buffers:           42224 kB
Cached:           351260 kB
MemTotal:        1844596 kB
MemFree:         1252848 kB
MemAvailable:    1527148 kB
Buffers:           42224 kB
Cached:           351260 kB
MemTotal:        1844596 kB
MemFree:         1252992 kB
MemAvailable:    1527292 kB
Buffers:           42224 kB
Cached:           351260 kB
MemTotal:        1844596 kB
MemFree:         1252912 kB
MemAvailable:    1527212 kB
Buffers:           42224 kB
Cached:           351260 kB
MemTotal:        1844596 kB
MemFree:         1252944 kB
MemAvailable:    1527244 kB
Buffers:           42224 kB
Cached:           351260 kB
MemTotal:        1844596 kB
MemFree:         1251576 kB
MemAvailable:    1525876 kB
Buffers:           42224 kB
Cached:           351260 kB
MemTotal:        1844596 kB
MemFree:         1252788 kB
MemAvailable:    1527088 kB
Buffers:           42224 kB
Cached:           351260 kB
MemTotal:        1844596 kB
MemFree:         1253908 kB
MemAvailable:    1528208 kB
Buffers:           42224 kB
Cached:           351260 kB
MemTotal:        1844596 kB
MemFree:         1251752 kB
MemAvailable:    1526052 kB
Buffers:           42224 kB
Cached:           351260 kB
MemTotal:        1844596 kB
MemFree:         1249520 kB
MemAvailable:    1523820 kB
Buffers:           42224 kB
Cached:           351260 kB
MemTotal:        1844596 kB
MemFree:         1249264 kB
MemAvailable:    1523564 kB
Buffers:           42224 kB
Cached:           351260 kB
MemTotal:        1844596 kB
MemFree:         1248776 kB
MemAvailable:    1523076 kB
Buffers:           42224 kB
Cached:           351260 kB
MemTotal:        1844596 kB
MemFree:         1248404 kB
MemAvailable:    1522704 kB
Buffers:           42224 kB
Cached:           351260 kB
MemTotal:        1844596 kB
MemFree:         1249108 kB
MemAvailable:    1523408 kB
Buffers:           42224 kB
Cached:           351260 kB
MemTotal:        1844596 kB
MemFree:         1248900 kB
MemAvailable:    1523200 kB
Buffers:           42224 kB
Cached:           351260 kB
MemTotal:        1844596 kB
MemFree:         1248836 kB
MemAvailable:    1523136 kB
Buffers:           42224 kB
Cached:           351260 kB
MemTotal:        1844596 kB
MemFree:         1247536 kB
MemAvailable:    1521836 kB
Buffers:           42224 kB
Cached:           351260 kB
MemTotal:        1844596 kB
MemFree:         1247356 kB
MemAvailable:    1521656 kB
Buffers:           42224 kB
Cached:           351260 kB
MemTotal:        1844596 kB
MemFree:         1247480 kB
MemAvailable:    1521780 kB
Buffers:           42224 kB
Cached:           351260 kB
MemTotal:        1844596 kB
MemFree:         1248340 kB
MemAvailable:    1522640 kB
Buffers:           42224 kB
Cached:           351260 kB
MemTotal:        1844596 kB
MemFree:         1248396 kB
MemAvailable:    1522696 kB
Buffers:           42224 kB
Cached:           351260 kB
MemTotal:        1844596 kB
MemFree:         1246544 kB
MemAvailable:    1520844 kB
Buffers:           42224 kB
Cached:           351260 kB
MemTotal:        1844596 kB
MemFree:         1246288 kB
MemAvailable:    1520588 kB
Buffers:           42224 kB
Cached:           351260 kB
MemTotal:        1844596 kB
MemFree:         1247648 kB
MemAvailable:    1521948 kB
Buffers:           42224 kB
Cached:           351260 kB
MemTotal:        1844596 kB
MemFree:         1247660 kB
MemAvailable:    1521960 kB
Buffers:           42224 kB
Cached:           351260 kB
MemTotal:        1844596 kB
MemFree:         1247724 kB
MemAvailable:    1522024 kB
Buffers:           42224 kB
Cached:           351260 kB
MemTotal:        1844596 kB
MemFree:         1246608 kB
MemAvailable:    1520908 kB
Buffers:           42224 kB
Cached:           351260 kB
MemTotal:        1844596 kB
MemFree:         1246476 kB
MemAvailable:    1520776 kB
Buffers:           42224 kB
Cached:           351260 kB
MemTotal:        1844596 kB
MemFree:         1246264 kB
MemAvailable:    1520564 kB
Buffers:           42224 kB
Cached:           351260 kB
MemTotal:        1844596 kB
MemFree:         1246256 kB
MemAvailable:    1520556 kB
Buffers:           42224 kB
Cached:           351260 kB
MemTotal:        1844596 kB
MemFree:         1247572 kB
MemAvailable:    1521872 kB
Buffers:           42224 kB
Cached:           351260 kB
MemTotal:        1844596 kB
MemFree:         1247164 kB
MemAvailable:    1521464 kB
Buffers:           42224 kB
Cached:           351260 kB
MemTotal:        1844596 kB
MemFree:         1247288 kB
MemAvailable:    1521588 kB
Buffers:           42224 kB
Cached:           351260 kB
MemTotal:        1844596 kB
MemFree:         1247216 kB
MemAvailable:    1521516 kB
Buffers:           42224 kB
Cached:           351260 kB
MemTotal:        1844596 kB
MemFree:         1246884 kB
MemAvailable:    1521184 kB
Buffers:           42224 kB
Cached:           351260 kB
MemTotal:        1844596 kB
MemFree:         1246968 kB
MemAvailable:    1521268 kB
Buffers:           42224 kB
Cached:           351260 kB
MemTotal:        1844596 kB
MemFree:         1245348 kB
MemAvailable:    1519648 kB
Buffers:           42224 kB
Cached:           351260 kB
MemTotal:        1844596 kB
MemFree:         1246720 kB
MemAvailable:    1521020 kB
Buffers:           42224 kB
Cached:           351260 kB
MemTotal:        1844596 kB
MemFree:         1246692 kB
MemAvailable:    1520992 kB
Buffers:           42224 kB
Cached:           351260 kB
MemTotal:        1844596 kB
MemFree:         1246612 kB
MemAvailable:    1520912 kB
Buffers:           42224 kB
Cached:           351260 kB
MemTotal:        1844596 kB
MemFree:         1245924 kB
MemAvailable:    1520224 kB
Buffers:           42224 kB
Cached:           351260 kB
MemTotal:        1844596 kB
MemFree:         1246572 kB
MemAvailable:    1520872 kB
Buffers:           42224 kB
Cached:           351260 kB
MemTotal:        1844596 kB
MemFree:         1246672 kB
MemAvailable:    1520972 kB
Buffers:           42224 kB
Cached:           351260 kB
MemTotal:        1844596 kB
MemFree:         1246648 kB
MemAvailable:    1520948 kB
Buffers:           42224 kB
Cached:           351260 kB
MemTotal:        1844596 kB
MemFree:         1245144 kB
MemAvailable:    1519444 kB
Buffers:           42224 kB
Cached:           351260 kB
MemTotal:        1844596 kB
MemFree:         1244172 kB
MemAvailable:    1518472 kB
Buffers:           42224 kB
Cached:           351260 kB
MemTotal:        1844596 kB
MemFree:         1243692 kB
MemAvailable:    1517992 kB
Buffers:           42224 kB
Cached:           351260 kB
MemTotal:        1844596 kB
MemFree:         1239336 kB
MemAvailable:    1513636 kB
Buffers:           42224 kB
Cached:           351260 kB
MemTotal:        1844596 kB
MemFree:         1238732 kB
MemAvailable:    1513032 kB
Buffers:           42224 kB
Cached:           351260 kB
MemTotal:        1844596 kB
MemFree:         1238908 kB
MemAvailable:    1513208 kB
Buffers:           42224 kB
Cached:           351260 kB
MemTotal:        1844596 kB
MemFree:         1238908 kB
MemAvailable:    1513208 kB
Buffers:           42224 kB
Cached:           351260 kB
MemTotal:        1844596 kB
MemFree:         1238736 kB
MemAvailable:    1513036 kB
Buffers:           42224 kB
Cached:           351260 kB
MemTotal:        1844596 kB
MemFree:         1238792 kB
MemAvailable:    1513092 kB
Buffers:           42224 kB
Cached:           351260 kB
MemTotal:        1844596 kB
MemFree:         1238772 kB
MemAvailable:    1513072 kB
Buffers:           42224 kB
Cached:           351260 kB
MemTotal:        1844596 kB
MemFree:         1238776 kB
MemAvailable:    1513076 kB
Buffers:           42224 kB
Cached:           351260 kB
MemTotal:        1844596 kB
MemFree:         1238360 kB
MemAvailable:    1512660 kB
Buffers:           42224 kB
Cached:           351260 kB
MemTotal:        1844596 kB
MemFree:         1238704 kB
MemAvailable:    1513004 kB
Buffers:           42224 kB
Cached:           351260 kB
MemTotal:        1844596 kB
MemFree:         1238956 kB
MemAvailable:    1513256 kB
Buffers:           42224 kB
Cached:           351260 kB
MemTotal:        1844596 kB
MemFree:         1238788 kB
MemAvailable:    1513088 kB
Buffers:           42224 kB
Cached:           351260 kB
MemTotal:        1844596 kB
MemFree:         1238788 kB
MemAvailable:    1513088 kB
Buffers:           42224 kB
Cached:           351260 kB
MemTotal:        1844596 kB
MemFree:         1237344 kB
MemAvailable:    1511644 kB
Buffers:           42224 kB
Cached:           351260 kB
MemTotal:        1844596 kB
MemFree:         1237724 kB
MemAvailable:    1512024 kB
Buffers:           42224 kB
Cached:           351260 kB
MemTotal:        1844596 kB
MemFree:         1237716 kB
MemAvailable:    1512016 kB
Buffers:           42224 kB
Cached:           351260 kB
MemTotal:        1844596 kB
MemFree:         1237360 kB
MemAvailable:    1511660 kB
Buffers:           42224 kB
Cached:           351260 kB
MemTotal:        1844596 kB
MemFree:         1236864 kB
MemAvailable:    1511164 kB
Buffers:           42224 kB
Cached:           351260 kB
MemTotal:        1844596 kB
MemFree:         1237104 kB
MemAvailable:    1511404 kB
Buffers:           42224 kB
Cached:           351260 kB
MemTotal:        1844596 kB
MemFree:         1237188 kB
MemAvailable:    1511488 kB
Buffers:           42224 kB
Cached:           351260 kB
MemTotal:        1844596 kB
MemFree:         1237080 kB
MemAvailable:    1511392 kB
Buffers:           42224 kB
Cached:           351272 kB
MemTotal:        1844596 kB
MemFree:         1235988 kB
MemAvailable:    1510300 kB
Buffers:           42224 kB
Cached:           351272 kB
MemTotal:        1844596 kB
MemFree:         1235756 kB
MemAvailable:    1510068 kB
Buffers:           42224 kB
Cached:           351272 kB
MemTotal:        1844596 kB
MemFree:         1235680 kB
MemAvailable:    1509992 kB
Buffers:           42224 kB
Cached:           351272 kB
MemTotal:        1844596 kB
MemFree:         1235680 kB
MemAvailable:    1509992 kB
Buffers:           42224 kB
Cached:           351272 kB
MemTotal:        1844596 kB
MemFree:         1235244 kB
MemAvailable:    1509556 kB
Buffers:           42224 kB
Cached:           351272 kB
MemTotal:        1844596 kB
MemFree:         1235244 kB
MemAvailable:    1509556 kB
Buffers:           42224 kB
Cached:           351272 kB
MemTotal:        1844596 kB
MemFree:         1235016 kB
MemAvailable:    1509328 kB
Buffers:           42224 kB
Cached:           351272 kB
MemTotal:        1844596 kB
MemFree:         1234020 kB
MemAvailable:    1508332 kB
Buffers:           42224 kB
Cached:           351272 kB
MemTotal:        1844596 kB
MemFree:         1234936 kB
MemAvailable:    1509248 kB
Buffers:           42224 kB
Cached:           351272 kB
MemTotal:        1844596 kB
MemFree:         1234764 kB
MemAvailable:    1509076 kB
Buffers:           42224 kB
Cached:           351272 kB
MemTotal:        1844596 kB
MemFree:         1234792 kB
MemAvailable:    1509104 kB
Buffers:           42224 kB
Cached:           351272 kB
MemTotal:        1844596 kB
MemFree:         1234516 kB
MemAvailable:    1508828 kB
Buffers:           42224 kB
Cached:           351272 kB
MemTotal:        1844596 kB
MemFree:         1234936 kB
MemAvailable:    1509248 kB
Buffers:           42224 kB
Cached:           351272 kB
MemTotal:        1844596 kB
MemFree:         1233588 kB
MemAvailable:    1507900 kB
Buffers:           42224 kB
Cached:           351272 kB
MemTotal:        1844596 kB
MemFree:         1233588 kB
MemAvailable:    1507900 kB
Buffers:           42224 kB
Cached:           351272 kB
MemTotal:        1844596 kB
MemFree:         1233276 kB
MemAvailable:    1507588 kB
Buffers:           42224 kB
Cached:           351272 kB
MemTotal:        1844596 kB
MemFree:         1233400 kB
MemAvailable:    1507712 kB
Buffers:           42224 kB
Cached:           351272 kB
MemTotal:        1844596 kB
MemFree:         1228556 kB
MemAvailable:    1502868 kB
Buffers:           42224 kB
Cached:           351272 kB
MemTotal:        1844596 kB
MemFree:         1227120 kB
MemAvailable:    1501432 kB
Buffers:           42224 kB
Cached:           351272 kB
MemTotal:        1844596 kB
MemFree:         1226920 kB
MemAvailable:    1501232 kB
Buffers:           42224 kB
Cached:           351272 kB
MemTotal:        1844596 kB
MemFree:         1227172 kB
MemAvailable:    1501484 kB
Buffers:           42224 kB
Cached:           351272 kB
MemTotal:        1844596 kB
MemFree:         1226924 kB
MemAvailable:    1501236 kB
Buffers:           42224 kB
Cached:           351272 kB
MemTotal:        1844596 kB
MemFree:         1227176 kB
MemAvailable:    1501488 kB
Buffers:           42224 kB
Cached:           351272 kB
MemTotal:        1844596 kB
MemFree:         1228928 kB
MemAvailable:    1503240 kB
Buffers:           42224 kB
Cached:           351272 kB
MemTotal:        1844596 kB
MemFree:         1229180 kB
MemAvailable:    1503492 kB
Buffers:           42224 kB
Cached:           351272 kB
MemTotal:        1844596 kB
MemFree:         1228624 kB
MemAvailable:    1502936 kB
Buffers:           42228 kB
Cached:           351268 kB
MemTotal:        1844596 kB
MemFree:         1226896 kB
MemAvailable:    1501292 kB
Buffers:           42228 kB
Cached:           351392 kB
MemTotal:        1844596 kB
MemFree:         1227268 kB
MemAvailable:    1501748 kB
Buffers:           42228 kB
Cached:           351516 kB
MemTotal:        1844596 kB
MemFree:         1227012 kB
MemAvailable:    1501660 kB
Buffers:           42228 kB
Cached:           351640 kB
MemTotal:        1844596 kB
MemFree:         1228004 kB
MemAvailable:    1502904 kB
Buffers:           42228 kB
Cached:           351888 kB
MemTotal:        1844596 kB
MemFree:         1227812 kB
MemAvailable:    1502712 kB
Buffers:           42228 kB
Cached:           351888 kB
MemTotal:        1844596 kB
MemFree:         1227556 kB
MemAvailable:    1502456 kB
Buffers:           42228 kB
Cached:           351888 kB
MemTotal:        1844596 kB
MemFree:         1226440 kB
MemAvailable:    1501424 kB
Buffers:           42228 kB
Cached:           352012 kB
MemTotal:        1844596 kB
MemFree:         1227540 kB
MemAvailable:    1502524 kB
Buffers:           42228 kB
Cached:           352012 kB
MemTotal:        1844596 kB
MemFree:         1227792 kB
MemAvailable:    1502776 kB
Buffers:           42228 kB
Cached:           352012 kB
MemTotal:        1844596 kB
MemFree:         1226260 kB
MemAvailable:    1501244 kB
Buffers:           42228 kB
Cached:           352012 kB
MemTotal:        1844596 kB
MemFree:         1226428 kB
MemAvailable:    1501412 kB
Buffers:           42228 kB
Cached:           352012 kB
MemTotal:        1844596 kB
MemFree:         1226936 kB
MemAvailable:    1501332 kB
Buffers:           42228 kB
Cached:           351340 kB
MemTotal:        1844596 kB
MemFree:         1265620 kB
MemAvailable:    1540016 kB
Buffers:           42228 kB
Cached:           351340 kB
