MemTotal:        1844596 kB
MemFree:         1342500 kB
MemAvailable:    1577840 kB
Buffers:           36820 kB
Cached:           318344 kB
MemTotal:        1844596 kB
MemFree:         1317228 kB
MemAvailable:    1552576 kB
Buffers:           36820 kB
Cached:           318348 kB
MemTotal:        1844596 kB
MemFree:         1313632 kB
MemAvailable:    1548980 kB
Buffers:           36820 kB
Cached:           318348 kB
MemTotal:        1844596 kB
MemFree:         1312748 kB
MemAvailable:    1548096 kB
Buffers:           36820 kB
Cached:           318348 kB
MemTotal:        1844596 kB
MemFree:         1311896 kB
MemAvailable:    1547244 kB
Buffers:           36820 kB
Cached:           318348 kB
MemTotal:        1844596 kB
MemFree:         1311384 kB
MemAvailable:    1546732 kB
Buffers:           36820 kB
Cached:           318348 kB
MemTotal:        1844596 kB
MemFree:         1310904 kB
MemAvailable:    1546252 kB
Buffers:           36820 kB
Cached:           318348 kB
MemTotal:        1844596 kB
MemFree:         1309036 kB
MemAvailable:    1544384 kB
Buffers:           36820 kB
Cached:           318348 kB
MemTotal:        1844596 kB
MemFree:         1306440 kB
MemAvailable:    1541788 kB
Buffers:           36820 kB
Cached:           318348 kB
MemTotal:        1844596 kB
MemFree:         1303588 kB
MemAvailable:    1538936 kB
Buffers:           36820 kB
Cached:           318348 kB
MemTotal:        1844596 kB
MemFree:         1301468 kB
MemAvailable:    1536816 kB
Buffers:           36820 kB
Cached:           318348 kB
MemTotal:        1844596 kB
MemFree:         1300292 kB
MemAvailable:    1535640 kB
Buffers:           36820 kB
Cached:           318348 kB
MemTotal:        1844596 kB
MemFree:         1301464 kB
MemAvailable:    1536812 kB
Buffers:           36820 kB
Cached:           318348 kB
MemTotal:        1844596 kB
MemFree:         1301716 kB
MemAvailable:    1537064 kB
Buffers:           36820 kB
Cached:           318348 kB
MemTotal:        1844596 kB
MemFree:         1301484 kB
MemAvailable:    1536832 kB
Buffers:           36820 kB
Cached:           318348 kB
MemTotal:        1844596 kB
MemFree:         1300308 kB
MemAvailable:    1535656 kB
Buffers:           36820 kB
Cached:           318348 kB
MemTotal:        1844596 kB
MemFree:         1299744 kB
MemAvailable:    1535092 kB
Buffers:           36820 kB
Cached:           318348 kB
MemTotal:        1844596 kB
MemFree:         1299620 kB
MemAvailable:    1534968 kB
Buffers:           36820 kB
Cached:           318348 kB
MemTotal:        1844596 kB
MemFree:         1298984 kB
MemAvailable:    1534332 kB
Buffers:           36820 kB
Cached:           318348 kB
MemTotal:        1844596 kB
MemFree:         1299124 kB
MemAvailable:    1534472 kB
Buffers:           36820 kB
Cached:           318348 kB
MemTotal:        1844596 kB
MemFree:         1297820 kB
MemAvailable:    1533168 kB
Buffers:           36820 kB
Cached:           318348 kB
MemTotal:        1844596 kB
MemFree:         1297828 kB
MemAvailable:    1533176 kB
Buffers:           36820 kB
Cached:           318348 kB
MemTotal:        1844596 kB
MemFree:         1298944 kB
MemAvailable:    1534292 kB
Buffers:           36820 kB
Cached:           318348 kB
MemTotal:        1844596 kB
MemFree:         1299256 kB
MemAvailable:    1534604 kB
Buffers:           36820 kB
Cached:           318348 kB
MemTotal:        1844596 kB
MemFree:         1297856 kB
MemAvailable:    1533204 kB
Buffers:           36820 kB
Cached:           318348 kB
MemTotal:        1844596 kB
MemFree:         1297988 kB
MemAvailable:    1533336 kB
Buffers:           36820 kB
Cached:           318348 kB
MemTotal:        1844596 kB
MemFree:         1300408 kB
MemAvailable:    1535756 kB
Buffers:           36820 kB
Cached:           318348 kB
MemTotal:        1844596 kB
MemFree:         1299744 kB
MemAvailable:    1535092 kB
Buffers:           36820 kB
Cached:           318348 kB
MemTotal:        1844596 kB
MemFree:         1299680 kB
MemAvailable:    1535028 kB
Buffers:           36820 kB
Cached:           318348 kB
MemTotal:        1844596 kB
MemFree:         1297760 kB
MemAvailable:    1533108 kB
Buffers:           36820 kB
Cached:           318348 kB
MemTotal:        1844596 kB
MemFree:         1295652 kB
MemAvailable:    1531000 kB
Buffers:           36820 kB
Cached:           318348 kB
MemTotal:        1844596 kB
MemFree:         1296396 kB
MemAvailable:    1531744 kB
Buffers:           36820 kB
Cached:           318348 kB
MemTotal:        1844596 kB
MemFree:         1296272 kB
MemAvailable:    1531620 kB
Buffers:           36820 kB
Cached:           318348 kB
MemTotal:        1844596 kB
MemFree:         1294496 kB
MemAvailable:    1529844 kB
Buffers:           36820 kB
Cached:           318348 kB
MemTotal:        1844596 kB
MemFree:         1293792 kB
MemAvailable:    1529140 kB
Buffers:           36820 kB
Cached:           318348 kB
MemTotal:        1844596 kB
MemFree:         1295080 kB
MemAvailable:    1530428 kB
Buffers:           36820 kB
Cached:           318348 kB
MemTotal:        1844596 kB
MemFree:         1294976 kB
MemAvailable:    1530324 kB
Buffers:           36820 kB
Cached:           318348 kB
MemTotal:        1844596 kB
MemFree:         1295040 kB
MemAvailable:    1530388 kB
Buffers:           36820 kB
Cached:           318348 kB
MemTotal:        1844596 kB
MemFree:         1295008 kB
MemAvailable:    1530356 kB
Buffers:           36820 kB
Cached:           318348 kB
MemTotal:        1844596 kB
MemFree:         1294712 kB
MemAvailable:    1530060 kB
Buffers:           36820 kB
Cached:           318348 kB
MemTotal:        1844596 kB
MemFree:         1292968 kB
MemAvailable:    1528316 kB
Buffers:           36820 kB
Cached:           318348 kB
MemTotal:        1844596 kB
MemFree:         1293132 kB
MemAvailable:    1528480 kB
Buffers:           36820 kB
Cached:           318348 kB
MemTotal:        1844596 kB
MemFree:         1294148 kB
MemAvailable:    1529496 kB
Buffers:           36820 kB
Cached:           318348 kB
MemTotal:        1844596 kB
MemFree:         1294400 kB
MemAvailable:    1529748 kB
Buffers:           36820 kB
Cached:           318348 kB
MemTotal:        1844596 kB
MemFree:         1292528 kB
MemAvailable:    1527876 kB
Buffers:           36820 kB
Cached:           318348 kB
MemTotal:        1844596 kB
MemFree:         1293960 kB
MemAvailable:    1529308 kB
Buffers:           36820 kB
Cached:           318348 kB
MemTotal:        1844596 kB
MemFree:         1292612 kB
MemAvailable:    1527960 kB
Buffers:           36820 kB
Cached:           318348 kB
MemTotal:        1844596 kB
MemFree:         1293852 kB
MemAvailable:    1529200 kB
Buffers:           36820 kB
Cached:           318348 kB
MemTotal:        1844596 kB
MemFree:         1293912 kB
MemAvailable:    1529260 kB
Buffers:           36820 kB
Cached:           318348 kB
MemTotal:        1844596 kB
MemFree:         1293948 kB
MemAvailable:    1529296 kB
Buffers:           36820 kB
Cached:           318348 kB
MemTotal:        1844596 kB
MemFree:         1294196 kB
MemAvailable:    1529544 kB
Buffers:           36820 kB
Cached:           318348 kB
MemTotal:        1844596 kB
MemFree:         1293812 kB
MemAvailable:    1529160 kB
Buffers:           36820 kB
Cached:           318348 kB
MemTotal:        1844596 kB
MemFree:         1293488 kB
MemAvailable:    1528836 kB
Buffers:           36820 kB
Cached:           318348 kB
MemTotal:        1844596 kB
MemFree:         1293296 kB
MemAvailable:    1528644 kB
Buffers:           36820 kB
Cached:           318348 kB
MemTotal:        1844596 kB
MemFree:         1293340 kB
MemAvailable:    1528688 kB
Buffers:           36820 kB
Cached:           318348 kB
MemTotal:        1844596 kB
MemFree:         1291992 kB
MemAvailable:    1527340 kB
Buffers:           36820 kB
Cached:           318348 kB
MemTotal:        1844596 kB
MemFree:         1293292 kB
MemAvailable:    1528640 kB
Buffers:           36820 kB
Cached:           318348 kB
MemTotal:        1844596 kB
MemFree:         1292960 kB
MemAvailable:    1528308 kB
Buffers:           36820 kB
Cached:           318348 kB
MemTotal:        1844596 kB
MemFree:         1292676 kB
MemAvailable:    1528024 kB
Buffers:           36820 kB
Cached:           318348 kB
MemTotal:        1844596 kB
MemFree:         1291744 kB
MemAvailable:    1527092 kB
Buffers:           36820 kB
Cached:           318348 kB
MemTotal:        1844596 kB
MemFree:         1291752 kB
MemAvailable:    1527100 kB
Buffers:           36820 kB
Cached:           318348 kB
MemTotal:        1844596 kB
MemFree:         1293076 kB
MemAvailable:    1528424 kB
Buffers:           36820 kB
Cached:           318348 kB
MemTotal:        1844596 kB
MemFree:         1293008 kB
MemAvailable:    1528364 kB
Buffers:           36820 kB
Cached:           318356 kB
MemTotal:        1844596 kB
MemFree:         1291684 kB
MemAvailable:    1527040 kB
Buffers:           36820 kB
Cached:           318356 kB
MemTotal:        1844596 kB
MemFree:         1291808 kB
MemAvailable:    1527164 kB
Buffers:           36820 kB
Cached:           318356 kB
MemTotal:        1844596 kB
MemFree:         1292612 kB
MemAvailable:    1527968 kB
Buffers:           36820 kB
Cached:           318356 kB
MemTotal:        1844596 kB
MemFree:         1292304 kB
MemAvailable:    1527660 kB
Buffers:           36820 kB
Cached:           318356 kB
MemTotal:        1844596 kB
MemFree:         1288396 kB
MemAvailable:    1523752 kB
Buffers:           36820 kB
Cached:           318356 kB
MemTotal:        1844596 kB
MemFree:         1285668 kB
MemAvailable:    1521024 kB
Buffers:           36820 kB
Cached:           318356 kB
MemTotal:        1844596 kB
MemFree:         1283932 kB
MemAvailable:    1519288 kB
Buffers:           36820 kB
Cached:           318356 kB
MemTotal:        1844596 kB
MemFree:         1283936 kB
MemAvailable:    1519292 kB
Buffers:           36820 kB
Cached:           318356 kB
MemTotal:        1844596 kB
MemFree:         1283928 kB
MemAvailable:    1519284 kB
Buffers:           36820 kB
Cached:           318356 kB
MemTotal:        1844596 kB
MemFree:         1283928 kB
MemAvailable:    1519284 kB
Buffers:           36820 kB
Cached:           318356 kB
MemTotal:        1844596 kB
MemFree:         1285104 kB
MemAvailable:    1520460 kB
Buffers:           36820 kB
Cached:           318356 kB
MemTotal:        1844596 kB
MemFree:         1284900 kB
MemAvailable:    1520256 kB
Buffers:           36820 kB
Cached:           318356 kB
MemTotal:        1844596 kB
MemFree:         1284616 kB
MemAvailable:    1519972 kB
Buffers:           36820 kB
Cached:           318356 kB
MemTotal:        1844596 kB
MemFree:         1284868 kB
MemAvailable:    1520224 kB
Buffers:           36820 kB
Cached:           318356 kB
MemTotal:        1844596 kB
MemFree:         1285100 kB
MemAvailable:    1520456 kB
Buffers:           36820 kB
Cached:           318356 kB
MemTotal:        1844596 kB
MemFree:         1284892 kB
MemAvailable:    1520248 kB
Buffers:           36820 kB
Cached:           318356 kB
MemTotal:        1844596 kB
MemFree:         1284892 kB
MemAvailable:    1520248 kB
Buffers:           36820 kB
Cached:           318356 kB
MemTotal:        1844596 kB
MemFree:         1284992 kB
MemAvailable:    1520348 kB
Buffers:           36820 kB
Cached:           318356 kB
MemTotal:        1844596 kB
MemFree:         1285028 kB
MemAvailable:    1520384 kB
Buffers:           36820 kB
Cached:           318356 kB
MemTotal:        1844596 kB
MemFree:         1283720 kB
MemAvailable:    1519076 kB
Buffers:           36820 kB
Cached:           318356 kB
MemTotal:        1844596 kB
MemFree:         1283492 kB
MemAvailable:    1518848 kB
Buffers:           36820 kB
Cached:           318356 kB
MemTotal:        1844596 kB
MemFree:         1284220 kB
MemAvailable:    1519576 kB
Buffers:           36820 kB
Cached:           318356 kB
MemTotal:        1844596 kB
MemFree:         1284220 kB
MemAvailable:    1519576 kB
Buffers:           36820 kB
Cached:           318356 kB
MemTotal:        1844596 kB
MemFree:         1282756 kB
MemAvailable:    1518112 kB
Buffers:           36828 kB
Cached:           318348 kB
MemTotal:        1844596 kB
MemFree:         1283428 kB
MemAvailable:    1518784 kB
Buffers:           36828 kB
Cached:           318348 kB
MemTotal:        1844596 kB
MemFree:         1283072 kB
MemAvailable:    1518428 kB
Buffers:           36828 kB
Cached:           318348 kB
MemTotal:        1844596 kB
MemFree:         1282880 kB
MemAvailable:    1518236 kB
Buffers:           36828 kB
Cached:           318348 kB
MemTotal:        1844596 kB
MemFree:         1282344 kB
MemAvailable:    1517700 kB
Buffers:           36828 kB
Cached:           318348 kB
MemTotal:        1844596 kB
MemFree:         1282124 kB
MemAvailable:    1517480 kB
Buffers:           36828 kB
Cached:           318348 kB
MemTotal:        1844596 kB
MemFree:         1281144 kB
MemAvailable:    1516500 kB
Buffers:           36828 kB
Cached:           318348 kB
MemTotal:        1844596 kB
MemFree:         1281624 kB
MemAvailable:    1516980 kB
Buffers:           36828 kB
Cached:           318348 kB
MemTotal:        1844596 kB
MemFree:         1281020 kB
MemAvailable:    1516376 kB
Buffers:           36828 kB
Cached:           318348 kB
MemTotal:        1844596 kB
MemFree:         1280088 kB
MemAvailable:    1515444 kB
Buffers:           36828 kB
Cached:           318348 kB
MemTotal:        1844596 kB
MemFree:         1280088 kB
MemAvailable:    1515444 kB
Buffers:           36828 kB
Cached:           318348 kB
MemTotal:        1844596 kB
MemFree:         1281204 kB
MemAvailable:    1516560 kB
Buffers:           36828 kB
Cached:           318348 kB
MemTotal:        1844596 kB
MemFree:         1280028 kB
MemAvailable:    1515384 kB
Buffers:           36828 kB
Cached:           318348 kB
MemTotal:        1844596 kB
MemFree:         1280880 kB
MemAvailable:    1516236 kB
Buffers:           36828 kB
Cached:           318348 kB
MemTotal:        1844596 kB
MemFree:         1280816 kB
MemAvailable:    1516172 kB
Buffers:           36828 kB
Cached:           318348 kB
MemTotal:        1844596 kB
MemFree:         1281328 kB
MemAvailable:    1516684 kB
Buffers:           36828 kB
Cached:           318348 kB
MemTotal:        1844596 kB
MemFree:         1281380 kB
MemAvailable:    1516736 kB
Buffers:           36828 kB
Cached:           318348 kB
MemTotal:        1844596 kB
MemFree:         1281068 kB
MemAvailable:    1516424 kB
Buffers:           36828 kB
Cached:           318348 kB
MemTotal:        1844596 kB
MemFree:         1279864 kB
MemAvailable:    1515220 kB
Buffers:           36828 kB
Cached:           318348 kB
MemTotal:        1844596 kB
MemFree:         1280756 kB
MemAvailable:    1516112 kB
Buffers:           36828 kB
Cached:           318348 kB
MemTotal:        1844596 kB
MemFree:         1280756 kB
MemAvailable:    1516112 kB
Buffers:           36828 kB
Cached:           318348 kB
MemTotal:        1844596 kB
MemFree:         1275060 kB
MemAvailable:    1510416 kB
Buffers:           36828 kB
Cached:           318348 kB
MemTotal:        1844596 kB
MemFree:         1273184 kB
MemAvailable:    1508540 kB
Buffers:           36828 kB
Cached:           318348 kB
MemTotal:        1844596 kB
MemFree:         1273084 kB
MemAvailable:    1508440 kB
Buffers:           36828 kB
Cached:           318348 kB
MemTotal:        1844596 kB
MemFree:         1273152 kB
MemAvailable:    1508508 kB
Buffers:           36828 kB
Cached:           318348 kB
MemTotal:        1844596 kB
MemFree:         1273208 kB
MemAvailable:    1508564 kB
Buffers:           36828 kB
Cached:           318348 kB
MemTotal:        1844596 kB
MemFree:         1273128 kB
MemAvailable:    1508484 kB
Buffers:           36828 kB
Cached:           318348 kB
MemTotal:        1844596 kB
MemFree:         1272960 kB
MemAvailable:    1508316 kB
Buffers:           36828 kB
Cached:           318348 kB
MemTotal:        1844596 kB
MemFree:         1275196 kB
MemAvailable:    1510552 kB
Buffers:           36828 kB
Cached:           318348 kB
MemTotal:        1844596 kB
MemFree:         1273952 kB
MemAvailable:    1509308 kB
Buffers:           36828 kB
Cached:           318348 kB
MemTotal:        1844596 kB
MemFree:         1273704 kB
MemAvailable:    1509144 kB
Buffers:           36828 kB
Cached:           318472 kB
MemTotal:        1844596 kB
MemFree:         1273572 kB
MemAvailable:    1509096 kB
Buffers:           36828 kB
Cached:           318596 kB
MemTotal:        1844596 kB
MemFree:         1274756 kB
MemAvailable:    1510448 kB
Buffers:           36828 kB
Cached:           318720 kB
MemTotal:        1844596 kB
MemFree:         1274308 kB
MemAvailable:    1510252 kB
Buffers:           36828 kB
Cached:           318968 kB
MemTotal:        1844596 kB
MemFree:         1274200 kB
MemAvailable:    1510144 kB
Buffers:           36828 kB
Cached:           318968 kB
MemTotal:        1844596 kB
MemFree:         1273896 kB
MemAvailable:    1509840 kB
Buffers:           36828 kB
Cached:           318968 kB
MemTotal:        1844596 kB
MemFree:         1274076 kB
MemAvailable:    1510020 kB
Buffers:           36828 kB
Cached:           318968 kB
MemTotal:        1844596 kB
MemFree:         1272812 kB
MemAvailable:    1508756 kB
Buffers:           36828 kB
Cached:           318968 kB
MemTotal:        1844596 kB
MemFree:         1272672 kB
MemAvailable:    1508616 kB
Buffers:           36828 kB
Cached:           318968 kB
MemTotal:        1844596 kB
MemFree:         1272680 kB
MemAvailable:    1508708 kB
Buffers:           36828 kB
Cached:           319092 kB
MemTotal:        1844596 kB
MemFree:         1273780 kB
MemAvailable:    1509808 kB
Buffers:           36828 kB
Cached:           319092 kB
MemTotal:        1844596 kB
MemFree:         1273940 kB
MemAvailable:    1509968 kB
Buffers:           36828 kB
Cached:           319092 kB
MemTotal:        1844596 kB
MemFree:         1273324 kB
MemAvailable:    1508764 kB
Buffers:           36828 kB
Cached:           318420 kB
MemTotal:        1844596 kB
MemFree:         1274844 kB
MemAvailable:    1510284 kB
Buffers:           36828 kB
Cached:           318420 kB
