MemTotal:        1844596 kB
MemFree:         1428776 kB
MemAvailable:    1589572 kB
Buffers:           25380 kB
Cached:           249292 kB
MemTotal:        1844596 kB
MemFree:         1403132 kB
MemAvailable:    1563932 kB
Buffers:           25380 kB
Cached:           249296 kB
MemTotal:        1844596 kB
MemFree:         1399784 kB
MemAvailable:    1560584 kB
Buffers:           25380 kB
Cached:           249296 kB
MemTotal:        1844596 kB
MemFree:         1399820 kB
MemAvailable:    1560620 kB
Buffers:           25380 kB
Cached:           249296 kB
MemTotal:        1844596 kB
MemFree:         1398844 kB
MemAvailable:    1559644 kB
Buffers:           25380 kB
Cached:           249296 kB
MemTotal:        1844596 kB
MemFree:         1397372 kB
MemAvailable:    1558172 kB
Buffers:           25380 kB
Cached:           249296 kB
MemTotal:        1844596 kB
MemFree:         1397428 kB
MemAvailable:    1558228 kB
Buffers:           25380 kB
Cached:           249296 kB
MemTotal:        1844596 kB
MemFree:         1396248 kB
MemAvailable:    1557048 kB
Buffers:           25380 kB
Cached:           249296 kB
MemTotal:        1844596 kB
MemFree:         1396048 kB
MemAvailable:    1556848 kB
Buffers:           25380 kB
Cached:           249296 kB
MemTotal:        1844596 kB
MemFree:         1390848 kB
MemAvailable:    1551648 kB
Buffers:           25380 kB
Cached:           249296 kB
MemTotal:        1844596 kB
MemFree:         1386824 kB
MemAvailable:    1547624 kB
Buffers:           25380 kB
Cached:           249296 kB
MemTotal:        1844596 kB
MemFree:         1385220 kB
MemAvailable:    1546020 kB
Buffers:           25380 kB
Cached:           249296 kB
MemTotal:        1844596 kB
MemFree:         1387604 kB
MemAvailable:    1548404 kB
Buffers:           25380 kB
Cached:           249296 kB
MemTotal:        1844596 kB
MemFree:         1386516 kB
MemAvailable:    1547316 kB
Buffers:           25380 kB
Cached:           249296 kB
MemTotal:        1844596 kB
MemFree:         1386516 kB
MemAvailable:    1547316 kB
Buffers:           25380 kB
Cached:           249296 kB
MemTotal:        1844596 kB
MemFree:         1387692 kB
MemAvailable:    1548492 kB
Buffers:           25380 kB
Cached:           249296 kB
MemTotal:        1844596 kB
MemFree:         1387244 kB
MemAvailable:    1548044 kB
Buffers:           25380 kB
Cached:           249296 kB
MemTotal:        1844596 kB
MemFree:         1386268 kB
MemAvailable:    1547068 kB
Buffers:           25380 kB
Cached:           249296 kB
MemTotal:        1844596 kB
MemFree:         1386020 kB
MemAvailable:    1546820 kB
Buffers:           25380 kB
Cached:           249296 kB
MemTotal:        1844596 kB
MemFree:         1385880 kB
MemAvailable:    1546680 kB
Buffers:           25380 kB
Cached:           249296 kB
MemTotal:        1844596 kB
MemFree:         1385336 kB
MemAvailable:    1546136 kB
Buffers:           25380 kB
Cached:           249296 kB
MemTotal:        1844596 kB
MemFree:         1385228 kB
MemAvailable:    1546028 kB
Buffers:           25380 kB
Cached:           249296 kB
MemTotal:        1844596 kB
MemFree:         1384028 kB
MemAvailable:    1544828 kB
Buffers:           25380 kB
Cached:           249296 kB
MemTotal:        1844596 kB
MemFree:         1385076 kB
MemAvailable:    1545876 kB
Buffers:           25380 kB
Cached:           249296 kB
MemTotal:        1844596 kB
MemFree:         1385328 kB
MemAvailable:    1546128 kB
Buffers:           25380 kB
Cached:           249296 kB
MemTotal:        1844596 kB
MemFree:         1385072 kB
MemAvailable:    1545872 kB
Buffers:           25380 kB
Cached:           249296 kB
MemTotal:        1844596 kB
MemFree:         1385124 kB
MemAvailable:    1545924 kB
Buffers:           25380 kB
Cached:           249296 kB
MemTotal:        1844596 kB
MemFree:         1384532 kB
MemAvailable:    1545332 kB
Buffers:           25380 kB
Cached:           249296 kB
MemTotal:        1844596 kB
MemFree:         1385200 kB
MemAvailable:    1546000 kB
Buffers:           25380 kB
Cached:           249296 kB
MemTotal:        1844596 kB
MemFree:         1385772 kB
MemAvailable:    1546572 kB
Buffers:           25380 kB
Cached:           249296 kB
MemTotal:        1844596 kB
MemFree:         1385508 kB
MemAvailable:    1546312 kB
Buffers:           25380 kB
Cached:           249300 kB
MemTotal:        1844596 kB
MemFree:         1385020 kB
MemAvailable:    1545824 kB
Buffers:           25380 kB
Cached:           249300 kB
MemTotal:        1844596 kB
MemFree:         1384152 kB
MemAvailable:    1544956 kB
Buffers:           25380 kB
Cached:           249300 kB
MemTotal:        1844596 kB
MemFree:         1382300 kB
MemAvailable:    1543104 kB
Buffers:           25380 kB
Cached:           249300 kB
MemTotal:        1844596 kB
MemFree:         1381804 kB
MemAvailable:    1542608 kB
Buffers:           25380 kB
Cached:           249300 kB
MemTotal:        1844596 kB
MemFree:         1381060 kB
MemAvailable:    1541864 kB
Buffers:           25380 kB
Cached:           249300 kB
MemTotal:        1844596 kB
MemFree:         1381972 kB
MemAvailable:    1542776 kB
Buffers:           25380 kB
Cached:           249300 kB
MemTotal:        1844596 kB
MemFree:         1382036 kB
MemAvailable:    1542840 kB
Buffers:           25380 kB
Cached:           249300 kB
MemTotal:        1844596 kB
MemFree:         1381044 kB
MemAvailable:    1541848 kB
Buffers:           25380 kB
Cached:           249300 kB
MemTotal:        1844596 kB
MemFree:         1380936 kB
MemAvailable:    1541740 kB
Buffers:           25380 kB
Cached:           249300 kB
MemTotal:        1844596 kB
MemFree:         1380856 kB
MemAvailable:    1541660 kB
Buffers:           25380 kB
Cached:           249300 kB
MemTotal:        1844596 kB
MemFree:         1379928 kB
MemAvailable:    1540732 kB
Buffers:           25380 kB
Cached:           249300 kB
MemTotal:        1844596 kB
MemFree:         1380980 kB
MemAvailable:    1541784 kB
Buffers:           25380 kB
Cached:           249300 kB
MemTotal:        1844596 kB
MemFree:         1379292 kB
MemAvailable:    1540096 kB
Buffers:           25380 kB
Cached:           249300 kB
MemTotal:        1844596 kB
MemFree:         1379412 kB
MemAvailable:    1540216 kB
Buffers:           25380 kB
Cached:           249300 kB
MemTotal:        1844596 kB
MemFree:         1379200 kB
MemAvailable:    1540004 kB
Buffers:           25380 kB
Cached:           249300 kB
MemTotal:        1844596 kB
MemFree:         1378680 kB
MemAvailable:    1539484 kB
Buffers:           25380 kB
Cached:           249300 kB
MemTotal:        1844596 kB
MemFree:         1379868 kB
MemAvailable:    1540672 kB
Buffers:           25380 kB
Cached:           249300 kB
MemTotal:        1844596 kB
MemFree:         1380120 kB
MemAvailable:    1540924 kB
Buffers:           25380 kB
Cached:           249300 kB
MemTotal:        1844596 kB
MemFree:         1378696 kB
MemAvailable:    1539500 kB
Buffers:           25380 kB
Cached:           249300 kB
MemTotal:        1844596 kB
MemFree:         1380004 kB
MemAvailable:    1540808 kB
Buffers:           25380 kB
Cached:           249300 kB
MemTotal:        1844596 kB
MemFree:         1379956 kB
MemAvailable:    1540760 kB
Buffers:           25380 kB
Cached:           249300 kB
MemTotal:        1844596 kB
MemFree:         1379764 kB
MemAvailable:    1540568 kB
Buffers:           25380 kB
Cached:           249300 kB
MemTotal:        1844596 kB
MemFree:         1379876 kB
MemAvailable:    1540680 kB
Buffers:           25380 kB
Cached:           249300 kB
MemTotal:        1844596 kB
MemFree:         1379820 kB
MemAvailable:    1540624 kB
Buffers:           25380 kB
Cached:           249300 kB
MemTotal:        1844596 kB
MemFree:         1379792 kB
MemAvailable:    1540596 kB
Buffers:           25380 kB
Cached:           249300 kB
MemTotal:        1844596 kB
MemFree:         1380128 kB
MemAvailable:    1540932 kB
Buffers:           25380 kB
Cached:           249300 kB
MemTotal:        1844596 kB
MemFree:         1379860 kB
MemAvailable:    1540664 kB
Buffers:           25380 kB
Cached:           249300 kB
MemTotal:        1844596 kB
MemFree:         1379660 kB
MemAvailable:    1540464 kB
Buffers:           25380 kB
Cached:           249300 kB
MemTotal:        1844596 kB
MemFree:         1379184 kB
MemAvailable:    1539988 kB
Buffers:           25380 kB
Cached:           249300 kB
MemTotal:        1844596 kB
MemFree:         1379436 kB
MemAvailable:    1540240 kB
Buffers:           25380 kB
Cached:           249300 kB
MemTotal:        1844596 kB
MemFree:         1377816 kB
MemAvailable:    1538620 kB
Buffers:           25380 kB
Cached:           249300 kB
MemTotal:        1844596 kB
MemFree:         1379064 kB
MemAvailable:    1539868 kB
Buffers:           25380 kB
Cached:           249300 kB
MemTotal:        1844596 kB
MemFree:         1377816 kB
MemAvailable:    1538620 kB
Buffers:           25380 kB
Cached:           249300 kB
MemTotal:        1844596 kB
MemFree:         1379076 kB
MemAvailable:    1539880 kB
Buffers:           25380 kB
Cached:           249300 kB
MemTotal:        1844596 kB
MemFree:         1379036 kB
MemAvailable:    1539840 kB
Buffers:           25380 kB
Cached:           249300 kB
MemTotal:        1844596 kB
MemFree:         1379120 kB
MemAvailable:    1539924 kB
Buffers:           25380 kB
Cached:           249300 kB
MemTotal:        1844596 kB
MemFree:         1377648 kB
MemAvailable:    1538452 kB
Buffers:           25380 kB
Cached:           249300 kB
MemTotal:        1844596 kB
MemFree:         1379056 kB
MemAvailable:    1539860 kB
Buffers:           25380 kB
Cached:           249300 kB
MemTotal:        1844596 kB
MemFree:         1378772 kB
MemAvailable:    1539576 kB
Buffers:           25380 kB
Cached:           249300 kB
MemTotal:        1844596 kB
MemFree:         1378772 kB
MemAvailable:    1539576 kB
Buffers:           25380 kB
Cached:           249300 kB
MemTotal:        1844596 kB
MemFree:         1375960 kB
MemAvailable:    1536764 kB
Buffers:           25380 kB
Cached:           249300 kB
MemTotal:        1844596 kB
MemFree:         1375728 kB
MemAvailable:    1536532 kB
Buffers:           25380 kB
Cached:           249300 kB
MemTotal:        1844596 kB
MemFree:         1372256 kB
MemAvailable:    1533060 kB
Buffers:           25380 kB
Cached:           249300 kB
MemTotal:        1844596 kB
MemFree:         1370396 kB
MemAvailable:    1531200 kB
Buffers:           25380 kB
Cached:           249300 kB
MemTotal:        1844596 kB
MemFree:         1371504 kB
MemAvailable:    1532308 kB
Buffers:           25380 kB
Cached:           249300 kB
MemTotal:        1844596 kB
MemFree:         1370024 kB
MemAvailable:    1530828 kB
Buffers:           25380 kB
Cached:           249300 kB
MemTotal:        1844596 kB
MemFree:         1371328 kB
MemAvailable:    1532132 kB
Buffers:           25380 kB
Cached:           249300 kB
MemTotal:        1844596 kB
MemFree:         1369884 kB
MemAvailable:    1530688 kB
Buffers:           25380 kB
Cached:           249300 kB
MemTotal:        1844596 kB
MemFree:         1369844 kB
MemAvailable:    1530648 kB
Buffers:           25380 kB
Cached:           249300 kB
MemTotal:        1844596 kB
MemFree:         1369836 kB
MemAvailable:    1530640 kB
Buffers:           25380 kB
Cached:           249300 kB
MemTotal:        1844596 kB
MemFree:         1371020 kB
MemAvailable:    1531824 kB
Buffers:           25380 kB
Cached:           249300 kB
MemTotal:        1844596 kB
MemFree:         1370024 kB
MemAvailable:    1530828 kB
Buffers:           25380 kB
Cached:           249300 kB
MemTotal:        1844596 kB
MemFree:         1369768 kB
MemAvailable:    1530572 kB
Buffers:           25380 kB
Cached:           249300 kB
MemTotal:        1844596 kB
MemFree:         1371080 kB
MemAvailable:    1531884 kB
Buffers:           25380 kB
Cached:           249300 kB
MemTotal:        1844596 kB
MemFree:         1371220 kB
MemAvailable:    1532024 kB
Buffers:           25380 kB
Cached:           249300 kB
MemTotal:        1844596 kB
MemFree:         1369760 kB
MemAvailable:    1530564 kB
Buffers:           25380 kB
Cached:           249300 kB
MemTotal:        1844596 kB
MemFree:         1371128 kB
MemAvailable:    1531932 kB
Buffers:           25380 kB
Cached:           249300 kB
MemTotal:        1844596 kB
MemFree:         1371116 kB
MemAvailable:    1531920 kB
Buffers:           25380 kB
Cached:           249300 kB
MemTotal:        1844596 kB
MemFree:         1370900 kB
MemAvailable:    1531704 kB
Buffers:           25380 kB
Cached:           249300 kB
MemTotal:        1844596 kB
MemFree:         1370512 kB
MemAvailable:    1531316 kB
Buffers:           25380 kB
Cached:           249300 kB
MemTotal:        1844596 kB
MemFree:         1370440 kB
MemAvailable:    1531244 kB
Buffers:           25380 kB
Cached:           249300 kB
MemTotal:        1844596 kB
MemFree:         1369636 kB
MemAvailable:    1530440 kB
Buffers:           25380 kB
Cached:           249300 kB
MemTotal:        1844596 kB
MemFree:         1369636 kB
MemAvailable:    1530440 kB
Buffers:           25380 kB
Cached:           249300 kB
MemTotal:        1844596 kB
MemFree:         1368140 kB
MemAvailable:    1528944 kB
Buffers:           25380 kB
Cached:           249300 kB
MemTotal:        1844596 kB
MemFree:         1368272 kB
MemAvailable:    1529076 kB
Buffers:           25380 kB
Cached:           249300 kB
MemTotal:        1844596 kB
MemFree:         1368348 kB
MemAvailable:    1529152 kB
Buffers:           25380 kB
Cached:           249300 kB
MemTotal:        1844596 kB
MemFree:         1368224 kB
MemAvailable:    1529028 kB
Buffers:           25380 kB
Cached:           249300 kB
MemTotal:        1844596 kB
MemFree:         1366904 kB
MemAvailable:    1527708 kB
Buffers:           25380 kB
Cached:           249300 kB
MemTotal:        1844596 kB
MemFree:         1367852 kB
MemAvailable:    1528656 kB
Buffers:           25380 kB
Cached:           249300 kB
MemTotal:        1844596 kB
MemFree:         1366420 kB
MemAvailable:    1527224 kB
Buffers:           25380 kB
Cached:           249300 kB
MemTotal:        1844596 kB
MemFree:         1367404 kB
MemAvailable:    1528208 kB
Buffers:           25380 kB
Cached:           249300 kB
MemTotal:        1844596 kB
MemFree:         1367296 kB
MemAvailable:    1528100 kB
Buffers:           25380 kB
Cached:           249300 kB
MemTotal:        1844596 kB
MemFree:         1365908 kB
MemAvailable:    1526712 kB
Buffers:           25380 kB
Cached:           249300 kB
MemTotal:        1844596 kB
MemFree:         1365916 kB
MemAvailable:    1526720 kB
Buffers:           25380 kB
Cached:           249300 kB
MemTotal:        1844596 kB
MemFree:         1367140 kB
MemAvailable:    1527944 kB
Buffers:           25380 kB
Cached:           249300 kB
MemTotal:        1844596 kB
MemFree:         1367168 kB
MemAvailable:    1527972 kB
Buffers:           25380 kB
Cached:           249300 kB
MemTotal:        1844596 kB
MemFree:         1367044 kB
MemAvailable:    1527848 kB
Buffers:           25380 kB
Cached:           249300 kB
MemTotal:        1844596 kB
MemFree:         1365868 kB
MemAvailable:    1526672 kB
Buffers:           25380 kB
Cached:           249300 kB
MemTotal:        1844596 kB
MemFree:         1365552 kB
MemAvailable:    1526356 kB
Buffers:           25380 kB
Cached:           249300 kB
MemTotal:        1844596 kB
MemFree:         1366728 kB
MemAvailable:    1527532 kB
Buffers:           25380 kB
Cached:           249300 kB
MemTotal:        1844596 kB
MemFree:         1366780 kB
MemAvailable:    1527584 kB
Buffers:           25380 kB
Cached:           249300 kB
MemTotal:        1844596 kB
MemFree:         1358236 kB
MemAvailable:    1519040 kB
Buffers:           25380 kB
Cached:           249300 kB
MemTotal:        1844596 kB
MemFree:         1358236 kB
MemAvailable:    1519040 kB
Buffers:           25380 kB
Cached:           249300 kB
MemTotal:        1844596 kB
MemFree:         1359404 kB
MemAvailable:    1520208 kB
Buffers:           25380 kB
Cached:           249300 kB
MemTotal:        1844596 kB
MemFree:         1358228 kB
MemAvailable:    1519032 kB
Buffers:           25380 kB
Cached:           249300 kB
MemTotal:        1844596 kB
MemFree:         1359280 kB
MemAvailable:    1520084 kB
Buffers:           25380 kB
Cached:           249300 kB
MemTotal:        1844596 kB
MemFree:         1358120 kB
MemAvailable:    1518932 kB
Buffers:           25380 kB
Cached:           249308 kB
MemTotal:        1844596 kB
MemFree:         1361388 kB
MemAvailable:    1522200 kB
Buffers:           25380 kB
Cached:           249308 kB
MemTotal:        1844596 kB
MemFree:         1359972 kB
MemAvailable:    1520784 kB
Buffers:           25380 kB
Cached:           249308 kB
MemTotal:        1844596 kB
MemFree:         1360776 kB
MemAvailable:    1521756 kB
Buffers:           25380 kB
Cached:           249432 kB
MemTotal:        1844596 kB
MemFree:         1360840 kB
MemAvailable:    1521820 kB
Buffers:           25380 kB
Cached:           249556 kB
MemTotal:        1844596 kB
MemFree:         1360412 kB
MemAvailable:    1521644 kB
Buffers:           25380 kB
Cached:           249680 kB
MemTotal:        1844596 kB
MemFree:         1360220 kB
MemAvailable:    1521536 kB
Buffers:           25380 kB
Cached:           249804 kB
MemTotal:        1844596 kB
MemFree:         1359900 kB
MemAvailable:    1521384 kB
Buffers:           25380 kB
Cached:           249928 kB
MemTotal:        1844596 kB
MemFree:         1359900 kB
MemAvailable:    1521384 kB
Buffers:           25380 kB
Cached:           249928 kB
MemTotal:        1844596 kB
MemFree:         1358796 kB
MemAvailable:    1520280 kB
Buffers:           25380 kB
Cached:           249928 kB
MemTotal:        1844596 kB
MemFree:         1360140 kB
MemAvailable:    1521624 kB
Buffers:           25380 kB
Cached:           249928 kB
MemTotal:        1844596 kB
MemFree:         1359972 kB
MemAvailable:    1521456 kB
Buffers:           25380 kB
Cached:           249928 kB
MemTotal:        1844596 kB
MemFree:         1358832 kB
MemAvailable:    1520316 kB
Buffers:           25380 kB
Cached:           249928 kB
MemTotal:        1844596 kB
MemFree:         1358948 kB
MemAvailable:    1520432 kB
Buffers:           25380 kB
Cached:           249928 kB
MemTotal:        1844596 kB
MemFree:         1360652 kB
MemAvailable:    1521548 kB
Buffers:           25380 kB
Cached:           249380 kB
MemTotal:        1844596 kB
MemFree:         1358724 kB
MemAvailable:    1519620 kB
Buffers:           25380 kB
Cached:           249380 kB
MemTotal:        1844596 kB
MemFree:         1428272 kB
MemAvailable:    1589168 kB
Buffers:           25380 kB
Cached:           249380 kB
