MemTotal:        1844596 kB
MemFree:         1257416 kB
MemAvailable:    1565836 kB
Buffers:           46896 kB
Cached:           378128 kB
MemTotal:        1844596 kB
MemFree:         1231028 kB
MemAvailable:    1539456 kB
Buffers:           46900 kB
Cached:           378132 kB
MemTotal:        1844596 kB
MemFree:         1228664 kB
MemAvailable:    1537092 kB
Buffers:           46900 kB
Cached:           378132 kB
MemTotal:        1844596 kB
MemFree:         1226564 kB
MemAvailable:    1534992 kB
Buffers:           46900 kB
Cached:           378132 kB
MemTotal:        1844596 kB
MemFree:         1225200 kB
MemAvailable:    1533628 kB
Buffers:           46900 kB
Cached:           378132 kB
MemTotal:        1844596 kB
MemFree:         1226320 kB
MemAvailable:    1534748 kB
Buffers:           46900 kB
Cached:           378132 kB
MemTotal:        1844596 kB
MemFree:         1225572 kB
MemAvailable:    1534000 kB
Buffers:           46900 kB
Cached:           378132 kB
MemTotal:        1844596 kB
MemFree:         1220860 kB
MemAvailable:    1529288 kB
Buffers:           46900 kB
Cached:           378132 kB
MemTotal:        1844596 kB
MemFree:         1218372 kB
MemAvailable:    1526800 kB
Buffers:           46900 kB
Cached:           378132 kB
MemTotal:        1844596 kB
MemFree:         1214156 kB
MemAvailable:    1522584 kB
Buffers:           46900 kB
Cached:           378132 kB
MemTotal:        1844596 kB
MemFree:         1215456 kB
MemAvailable:    1523884 kB
Buffers:           46900 kB
Cached:           378132 kB
MemTotal:        1844596 kB
MemFree:         1216544 kB
MemAvailable:    1524972 kB
Buffers:           46900 kB
Cached:           378132 kB
MemTotal:        1844596 kB
MemFree:         1216596 kB
MemAvailable:    1525024 kB
Buffers:           46900 kB
Cached:           378132 kB
MemTotal:        1844596 kB
MemFree:         1216348 kB
MemAvailable:    1524776 kB
Buffers:           46900 kB
Cached:           378132 kB
MemTotal:        1844596 kB
MemFree:         1215264 kB
MemAvailable:    1523692 kB
Buffers:           46900 kB
Cached:           378132 kB
MemTotal:        1844596 kB
MemFree:         1214644 kB
MemAvailable:    1523072 kB
Buffers:           46900 kB
Cached:           378132 kB
MemTotal:        1844596 kB
MemFree:         1214412 kB
MemAvailable:    1522840 kB
Buffers:           46900 kB
Cached:           378132 kB
MemTotal:        1844596 kB
MemFree:         1212792 kB
MemAvailable:    1521220 kB
Buffers:           46900 kB
Cached:           378132 kB
MemTotal:        1844596 kB
MemFree:         1212916 kB
MemAvailable:    1521344 kB
Buffers:           46900 kB
Cached:           378132 kB
MemTotal:        1844596 kB
MemFree:         1213976 kB
MemAvailable:    1522404 kB
Buffers:           46900 kB
Cached:           378132 kB
MemTotal:        1844596 kB
MemFree:         1212800 kB
MemAvailable:    1521228 kB
Buffers:           46900 kB
Cached:           378132 kB
MemTotal:        1844596 kB
MemFree:         1212924 kB
MemAvailable:    1521352 kB
Buffers:           46900 kB
Cached:           378132 kB
MemTotal:        1844596 kB
MemFree:         1212668 kB
MemAvailable:    1521096 kB
Buffers:           46900 kB
Cached:           378132 kB
MemTotal:        1844596 kB
MemFree:         1212788 kB
MemAvailable:    1521216 kB
Buffers:           46900 kB
Cached:           378132 kB
MemTotal:        1844596 kB
MemFree:         1212788 kB
MemAvailable:    1521216 kB
Buffers:           46900 kB
Cached:           378132 kB
MemTotal:        1844596 kB
MemFree:         1215232 kB
MemAvailable:    1523660 kB
Buffers:           46900 kB
Cached:           378132 kB
MemTotal:        1844596 kB
MemFree:         1214784 kB
MemAvailable:    1523212 kB
Buffers:           46900 kB
Cached:           378132 kB
MemTotal:        1844596 kB
MemFree:         1213172 kB
MemAvailable:    1521600 kB
Buffers:           46900 kB
Cached:           378132 kB
MemTotal:        1844596 kB
MemFree:         1212512 kB
MemAvailable:    1520940 kB
Buffers:           46900 kB
Cached:           378132 kB
MemTotal:        1844596 kB
MemFree:         1210560 kB
MemAvailable:    1518988 kB
Buffers:           46900 kB
Cached:           378132 kB
MemTotal:        1844596 kB
MemFree:         1209692 kB
MemAvailable:    1518120 kB
Buffers:           46900 kB
Cached:           378132 kB
MemTotal:        1844596 kB
MemFree:         1209436 kB
MemAvailable:    1517864 kB
Buffers:           46900 kB
Cached:           378132 kB
MemTotal:        1844596 kB
MemFree:         1210540 kB
MemAvailable:    1518968 kB
Buffers:           46900 kB
Cached:           378132 kB
MemTotal:        1844596 kB
MemFree:         1209836 kB
MemAvailable:    1518264 kB
Buffers:           46900 kB
Cached:           378132 kB
MemTotal:        1844596 kB
MemFree:         1208572 kB
MemAvailable:    1517000 kB
Buffers:           46900 kB
Cached:           378132 kB
MemTotal:        1844596 kB
MemFree:         1208572 kB
MemAvailable:    1517000 kB
Buffers:           46900 kB
Cached:           378132 kB
MemTotal:        1844596 kB
MemFree:         1208536 kB
MemAvailable:    1516964 kB
Buffers:           46900 kB
Cached:           378132 kB
MemTotal:        1844596 kB
MemFree:         1208584 kB
MemAvailable:    1517012 kB
Buffers:           46900 kB
Cached:           378132 kB
MemTotal:        1844596 kB
MemFree:         1208204 kB
MemAvailable:    1516632 kB
Buffers:           46900 kB
Cached:           378132 kB
MemTotal:        1844596 kB
MemFree:         1209332 kB
MemAvailable:    1517760 kB
Buffers:           46900 kB
Cached:           378132 kB
MemTotal:        1844596 kB
MemFree:         1207908 kB
MemAvailable:    1516336 kB
Buffers:           46900 kB
Cached:           378132 kB
MemTotal:        1844596 kB
MemFree:         1207792 kB
MemAvailable:    1516220 kB
Buffers:           46900 kB
Cached:           378132 kB
MemTotal:        1844596 kB
MemFree:         1209072 kB
MemAvailable:    1517500 kB
Buffers:           46900 kB
Cached:           378132 kB
MemTotal:        1844596 kB
MemFree:         1207568 kB
MemAvailable:    1515996 kB
Buffers:           46900 kB
Cached:           378132 kB
MemTotal:        1844596 kB
MemFree:         1207436 kB
MemAvailable:    1515864 kB
Buffers:           46900 kB
Cached:           378132 kB
MemTotal:        1844596 kB
MemFree:         1207692 kB
MemAvailable:    1516120 kB
Buffers:           46900 kB
Cached:           378132 kB
MemTotal:        1844596 kB
MemFree:         1207520 kB
MemAvailable:    1515948 kB
Buffers:           46900 kB
Cached:           378132 kB
MemTotal:        1844596 kB
MemFree:         1208820 kB
MemAvailable:    1517248 kB
Buffers:           46900 kB
Cached:           378132 kB
MemTotal:        1844596 kB
MemFree:         1208816 kB
MemAvailable:    1517244 kB
Buffers:           46900 kB
Cached:           378132 kB
MemTotal:        1844596 kB
MemFree:         1207552 kB
MemAvailable:    1515980 kB
Buffers:           46900 kB
Cached:           378132 kB
MemTotal:        1844596 kB
MemFree:         1208996 kB
MemAvailable:    1517424 kB
Buffers:           46900 kB
Cached:           378132 kB
MemTotal:        1844596 kB
MemFree:         1208740 kB
MemAvailable:    1517168 kB
Buffers:           46900 kB
Cached:           378132 kB
MemTotal:        1844596 kB
MemFree:         1208968 kB
MemAvailable:    1517396 kB
Buffers:           46900 kB
Cached:           378132 kB
MemTotal:        1844596 kB
MemFree:         1208648 kB
MemAvailable:    1517076 kB
Buffers:           46900 kB
Cached:           378132 kB
MemTotal:        1844596 kB
MemFree:         1208204 kB
MemAvailable:    1516632 kB
Buffers:           46900 kB
Cached:           378132 kB
MemTotal:        1844596 kB
MemFree:         1206832 kB
MemAvailable:    1515260 kB
Buffers:           46900 kB
Cached:           378132 kB
MemTotal:        1844596 kB
MemFree:         1206716 kB
MemAvailable:    1515144 kB
Buffers:           46900 kB
Cached:           378132 kB
MemTotal:        1844596 kB
MemFree:         1207852 kB
MemAvailable:    1516280 kB
Buffers:           46900 kB
Cached:           378132 kB
MemTotal:        1844596 kB
MemFree:         1206588 kB
MemAvailable:    1515016 kB
Buffers:           46900 kB
Cached:           378132 kB
MemTotal:        1844596 kB
MemFree:         1207888 kB
MemAvailable:    1516316 kB
Buffers:           46900 kB
Cached:           378132 kB
MemTotal:        1844596 kB
MemFree:         1206708 kB
MemAvailable:    1515144 kB
Buffers:           46900 kB
Cached:           378140 kB
MemTotal:        1844596 kB
MemFree:         1206576 kB
MemAvailable:    1515012 kB
Buffers:           46900 kB
Cached:           378140 kB
MemTotal:        1844596 kB
MemFree:         1206592 kB
MemAvailable:    1515028 kB
Buffers:           46900 kB
Cached:           378140 kB
MemTotal:        1844596 kB
MemFree:         1206404 kB
MemAvailable:    1514840 kB
Buffers:           46900 kB
Cached:           378140 kB
MemTotal:        1844596 kB
MemFree:         1204120 kB
MemAvailable:    1512556 kB
Buffers:           46900 kB
Cached:           378140 kB
MemTotal:        1844596 kB
MemFree:         1201972 kB
MemAvailable:    1510408 kB
Buffers:           46900 kB
Cached:           378140 kB
MemTotal:        1844596 kB
MemFree:         1199036 kB
MemAvailable:    1507472 kB
Buffers:           46900 kB
Cached:           378140 kB
MemTotal:        1844596 kB
MemFree:         1199972 kB
MemAvailable:    1508408 kB
Buffers:           46900 kB
Cached:           378140 kB
MemTotal:        1844596 kB
MemFree:         1199160 kB
MemAvailable:    1507596 kB
Buffers:           46900 kB
Cached:           378140 kB
MemTotal:        1844596 kB
MemFree:         1199876 kB
MemAvailable:    1508312 kB
Buffers:           46900 kB
Cached:           378140 kB
MemTotal:        1844596 kB
MemFree:         1199656 kB
MemAvailable:    1508092 kB
Buffers:           46900 kB
Cached:           378140 kB
MemTotal:        1844596 kB
MemFree:         1199960 kB
MemAvailable:    1508396 kB
Buffers:           46900 kB
Cached:           378140 kB
MemTotal:        1844596 kB
MemFree:         1200128 kB
MemAvailable:    1508564 kB
Buffers:           46900 kB
Cached:           378140 kB
MemTotal:        1844596 kB
MemFree:         1198716 kB
MemAvailable:    1507152 kB
Buffers:           46900 kB
Cached:           378140 kB
MemTotal:        1844596 kB
MemFree:         1199964 kB
MemAvailable:    1508400 kB
Buffers:           46900 kB
Cached:           378140 kB
MemTotal:        1844596 kB
MemFree:         1198788 kB
MemAvailable:    1507224 kB
Buffers:           46900 kB
Cached:           378140 kB
MemTotal:        1844596 kB
MemFree:         1198788 kB
MemAvailable:    1507224 kB
Buffers:           46900 kB
Cached:           378140 kB
MemTotal:        1844596 kB
MemFree:         1199956 kB
MemAvailable:    1508392 kB
Buffers:           46900 kB
Cached:           378140 kB
MemTotal:        1844596 kB
MemFree:         1199708 kB
MemAvailable:    1508144 kB
Buffers:           46900 kB
Cached:           378140 kB
MemTotal:        1844596 kB
MemFree:         1198616 kB
MemAvailable:    1507052 kB
Buffers:           46900 kB
Cached:           378140 kB
MemTotal:        1844596 kB
MemFree:         1198532 kB
MemAvailable:    1506968 kB
Buffers:           46900 kB
Cached:           378140 kB
MemTotal:        1844596 kB
MemFree:         1198160 kB
MemAvailable:    1506596 kB
Buffers:           46900 kB
Cached:           378140 kB
MemTotal:        1844596 kB
MemFree:         1198912 kB
MemAvailable:    1507348 kB
Buffers:           46900 kB
Cached:           378140 kB
MemTotal:        1844596 kB
MemFree:         1198344 kB
MemAvailable:    1506780 kB
Buffers:           46900 kB
Cached:           378140 kB
MemTotal:        1844596 kB
MemFree:         1197284 kB
MemAvailable:    1505720 kB
Buffers:           46900 kB
Cached:           378140 kB
MemTotal:        1844596 kB
MemFree:         1196928 kB
MemAvailable:    1505364 kB
Buffers:           46900 kB
Cached:           378140 kB
MemTotal:        1844596 kB
MemFree:         1195812 kB
MemAvailable:    1504248 kB
Buffers:           46900 kB
Cached:           378140 kB
MemTotal:        1844596 kB
MemFree:         1195756 kB
MemAvailable:    1504192 kB
Buffers:           46900 kB
Cached:           378140 kB
MemTotal:        1844596 kB
MemFree:         1196392 kB
MemAvailable:    1504828 kB
Buffers:           46900 kB
Cached:           378140 kB
MemTotal:        1844596 kB
MemFree:         1195068 kB
MemAvailable:    1503504 kB
Buffers:           46900 kB
Cached:           378140 kB
MemTotal:        1844596 kB
MemFree:         1196432 kB
MemAvailable:    1504868 kB
Buffers:           46900 kB
Cached:           378140 kB
MemTotal:        1844596 kB
MemFree:         1196320 kB
MemAvailable:    1504756 kB
Buffers:           46900 kB
Cached:           378140 kB
MemTotal:        1844596 kB
MemFree:         1195056 kB
MemAvailable:    1503492 kB
Buffers:           46900 kB
Cached:           378140 kB
MemTotal:        1844596 kB
MemFree:         1196244 kB
MemAvailable:    1504680 kB
Buffers:           46900 kB
Cached:           378140 kB
MemTotal:        1844596 kB
MemFree:         1196304 kB
MemAvailable:    1504740 kB
Buffers:           46900 kB
Cached:           378140 kB
MemTotal:        1844596 kB
MemFree:         1196036 kB
MemAvailable:    1504472 kB
Buffers:           46900 kB
Cached:           378140 kB
MemTotal:        1844596 kB
MemFree:         1195688 kB
MemAvailable:    1504124 kB
Buffers:           46900 kB
Cached:           378140 kB
MemTotal:        1844596 kB
MemFree:         1195908 kB
MemAvailable:    1504344 kB
Buffers:           46900 kB
Cached:           378140 kB
MemTotal:        1844596 kB
MemFree:         1195908 kB
MemAvailable:    1504344 kB
Buffers:           46900 kB
Cached:           378140 kB
MemTotal:        1844596 kB
MemFree:         1194752 kB
MemAvailable:    1503188 kB
Buffers:           46900 kB
Cached:           378140 kB
MemTotal:        1844596 kB
MemFree:         1195540 kB
MemAvailable:    1503976 kB
Buffers:           46900 kB
Cached:           378140 kB
MemTotal:        1844596 kB
MemFree:         1195068 kB
MemAvailable:    1503504 kB
Buffers:           46900 kB
Cached:           378140 kB
MemTotal:        1844596 kB
MemFree:         1190976 kB
MemAvailable:    1499412 kB
Buffers:           46900 kB
Cached:           378140 kB
MemTotal:        1844596 kB
MemFree:         1187256 kB
MemAvailable:    1495692 kB
Buffers:           46900 kB
Cached:           378140 kB
MemTotal:        1844596 kB
MemFree:         1187000 kB
MemAvailable:    1495436 kB
Buffers:           46900 kB
Cached:           378140 kB
MemTotal:        1844596 kB
MemFree:         1188300 kB
MemAvailable:    1496736 kB
Buffers:           46900 kB
Cached:           378140 kB
MemTotal:        1844596 kB
MemFree:         1187248 kB
MemAvailable:    1495684 kB
Buffers:           46900 kB
Cached:           378140 kB
MemTotal:        1844596 kB
MemFree:         1188164 kB
MemAvailable:    1496600 kB
Buffers:           46900 kB
Cached:           378140 kB
MemTotal:        1844596 kB
MemFree:         1186980 kB
MemAvailable:    1495416 kB
Buffers:           46900 kB
Cached:           378140 kB
MemTotal:        1844596 kB
MemFree:         1189964 kB
MemAvailable:    1498400 kB
Buffers:           46900 kB
Cached:           378140 kB
MemTotal:        1844596 kB
MemFree:         1188364 kB
MemAvailable:    1496884 kB
Buffers:           46900 kB
Cached:           378264 kB
MemTotal:        1844596 kB
MemFree:         1189604 kB
MemAvailable:    1498292 kB
Buffers:           46900 kB
Cached:           378388 kB
MemTotal:        1844596 kB
MemFree:         1188356 kB
MemAvailable:    1497044 kB
Buffers:           46900 kB
Cached:           378512 kB
MemTotal:        1844596 kB
MemFree:         1189176 kB
MemAvailable:    1498116 kB
Buffers:           46900 kB
Cached:           378636 kB
MemTotal:        1844596 kB
MemFree:         1187868 kB
MemAvailable:    1496808 kB
Buffers:           46900 kB
Cached:           378760 kB
MemTotal:        1844596 kB
MemFree:         1188868 kB
MemAvailable:    1497976 kB
Buffers:           46900 kB
Cached:           378884 kB
MemTotal:        1844596 kB
MemFree:         1188984 kB
MemAvailable:    1498092 kB
Buffers:           46900 kB
Cached:           378884 kB
MemTotal:        1844596 kB
MemFree:         1187572 kB
MemAvailable:    1496680 kB
Buffers:           46900 kB
Cached:           378884 kB
MemTotal:        1844596 kB
MemFree:         1187440 kB
MemAvailable:    1496548 kB
Buffers:           46900 kB
Cached:           378884 kB
MemTotal:        1844596 kB
MemFree:         1188916 kB
MemAvailable:    1498024 kB
Buffers:           46900 kB
Cached:           378884 kB
MemTotal:        1844596 kB
MemFree:         1188912 kB
MemAvailable:    1498020 kB
Buffers:           46900 kB
Cached:           378884 kB
MemTotal:        1844596 kB
MemFree:         1188716 kB
MemAvailable:    1497908 kB
Buffers:           46900 kB
Cached:           378884 kB
MemTotal:        1844596 kB
MemFree:         1189316 kB
MemAvailable:    1497836 kB
Buffers:           46900 kB
Cached:           378212 kB
MemTotal:        1844596 kB
MemFree:         1249428 kB
MemAvailable:    1557948 kB
Buffers:           46900 kB
Cached:           378212 kB
