MemTotal:        1844596 kB
MemFree:         1277624 kB
MemAvailable:    1569972 kB
Buffers:           44740 kB
Cached:           365428 kB
MemTotal:        1844596 kB
MemFree:         1249972 kB
MemAvailable:    1542324 kB
Buffers:           44740 kB
Cached:           365432 kB
MemTotal:        1844596 kB
MemFree:         1248220 kB
MemAvailable:    1540572 kB
Buffers:           44740 kB
Cached:           365432 kB
MemTotal:        1844596 kB
MemFree:         1247724 kB
MemAvailable:    1540076 kB
Buffers:           44740 kB
Cached:           365432 kB
MemTotal:        1844596 kB
MemFree:         1247368 kB
MemAvailable:    1539720 kB
Buffers:           44740 kB
Cached:           365432 kB
MemTotal:        1844596 kB
MemFree:         1246360 kB
MemAvailable:    1538712 kB
Buffers:           44740 kB
Cached:           365432 kB
MemTotal:        1844596 kB
MemFree:         1246696 kB
MemAvailable:    1539048 kB
Buffers:           44740 kB
Cached:           365432 kB
MemTotal:        1844596 kB
MemFree:         1244260 kB
MemAvailable:    1536612 kB
Buffers:           44740 kB
Cached:           365432 kB
MemTotal:        1844596 kB
MemFree:         1241168 kB
MemAvailable:    1533520 kB
Buffers:           44740 kB
Cached:           365432 kB
MemTotal:        1844596 kB
MemFree:         1238556 kB
MemAvailable:    1530908 kB
Buffers:           44740 kB
Cached:           365432 kB
MemTotal:        1844596 kB
MemFree:         1234224 kB
MemAvailable:    1526576 kB
Buffers:           44740 kB
Cached:           365432 kB
MemTotal:        1844596 kB
MemFree:         1236416 kB
MemAvailable:    1528768 kB
Buffers:           44740 kB
Cached:           365432 kB
MemTotal:        1844596 kB
MemFree:         1236624 kB
MemAvailable:    1528976 kB
Buffers:           44740 kB
Cached:           365432 kB
MemTotal:        1844596 kB
MemFree:         1235036 kB
MemAvailable:    1527388 kB
Buffers:           44740 kB
Cached:           365432 kB
MemTotal:        1844596 kB
MemFree:         1235168 kB
MemAvailable:    1527520 kB
Buffers:           44740 kB
Cached:           365432 kB
MemTotal:        1844596 kB
MemFree:         1235036 kB
MemAvailable:    1527388 kB
Buffers:           44740 kB
Cached:           365432 kB
MemTotal:        1844596 kB
MemFree:         1235528 kB
MemAvailable:    1527880 kB
Buffers:           44740 kB
Cached:           365432 kB
MemTotal:        1844596 kB
MemFree:         1234284 kB
MemAvailable:    1526636 kB
Buffers:           44740 kB
Cached:           365432 kB
MemTotal:        1844596 kB
MemFree:         1233952 kB
MemAvailable:    1526304 kB
Buffers:           44740 kB
Cached:           365432 kB
MemTotal:        1844596 kB
MemFree:         1233480 kB
MemAvailable:    1525832 kB
Buffers:           44740 kB
Cached:           365432 kB
MemTotal:        1844596 kB
MemFree:         1234088 kB
MemAvailable:    1526440 kB
Buffers:           44740 kB
Cached:           365432 kB
MemTotal:        1844596 kB
MemFree:         1232588 kB
MemAvailable:    1524940 kB
Buffers:           44740 kB
Cached:           365432 kB
MemTotal:        1844596 kB
MemFree:         1233972 kB
MemAvailable:    1526324 kB
Buffers:           44740 kB
Cached:           365432 kB
MemTotal:        1844596 kB
MemFree:         1232532 kB
MemAvailable:    1524884 kB
Buffers:           44740 kB
Cached:           365432 kB
MemTotal:        1844596 kB
MemFree:         1232664 kB
MemAvailable:    1525016 kB
Buffers:           44740 kB
Cached:           365432 kB
MemTotal:        1844596 kB
MemFree:         1232832 kB
MemAvailable:    1525184 kB
Buffers:           44740 kB
Cached:           365432 kB
MemTotal:        1844596 kB
MemFree:         1232576 kB
MemAvailable:    1524928 kB
Buffers:           44740 kB
Cached:           365432 kB
MemTotal:        1844596 kB
MemFree:         1235472 kB
MemAvailable:    1527824 kB
Buffers:           44740 kB
Cached:           365432 kB
MemTotal:        1844596 kB
MemFree:         1233968 kB
MemAvailable:    1526320 kB
Buffers:           44740 kB
Cached:           365432 kB
MemTotal:        1844596 kB
MemFree:         1233728 kB
MemAvailable:    1526080 kB
Buffers:           44740 kB
Cached:           365432 kB
MemTotal:        1844596 kB
MemFree:         1231720 kB
MemAvailable:    1524072 kB
Buffers:           44740 kB
Cached:           365432 kB
MemTotal:        1844596 kB
MemFree:         1231364 kB
MemAvailable:    1523716 kB
Buffers:           44740 kB
Cached:           365432 kB
MemTotal:        1844596 kB
MemFree:         1231248 kB
MemAvailable:    1523600 kB
Buffers:           44740 kB
Cached:           365432 kB
MemTotal:        1844596 kB
MemFree:         1230812 kB
MemAvailable:    1523164 kB
Buffers:           44740 kB
Cached:           365432 kB
MemTotal:        1844596 kB
MemFree:         1229380 kB
MemAvailable:    1521732 kB
Buffers:           44740 kB
Cached:           365432 kB
MemTotal:        1844596 kB
MemFree:         1229944 kB
MemAvailable:    1522296 kB
Buffers:           44740 kB
Cached:           365432 kB
MemTotal:        1844596 kB
MemFree:         1228644 kB
MemAvailable:    1520996 kB
Buffers:           44740 kB
Cached:           365432 kB
MemTotal:        1844596 kB
MemFree:         1229836 kB
MemAvailable:    1522192 kB
Buffers:           44740 kB
Cached:           365436 kB
MemTotal:        1844596 kB
MemFree:         1228760 kB
MemAvailable:    1521116 kB
Buffers:           44740 kB
Cached:           365436 kB
MemTotal:        1844596 kB
MemFree:         1229600 kB
MemAvailable:    1521956 kB
Buffers:           44740 kB
Cached:           365436 kB
MemTotal:        1844596 kB
MemFree:         1229936 kB
MemAvailable:    1522292 kB
Buffers:           44740 kB
Cached:           365436 kB
MemTotal:        1844596 kB
MemFree:         1229468 kB
MemAvailable:    1521824 kB
Buffers:           44740 kB
Cached:           365436 kB
MemTotal:        1844596 kB
MemFree:         1229264 kB
MemAvailable:    1521620 kB
Buffers:           44740 kB
Cached:           365436 kB
MemTotal:        1844596 kB
MemFree:         1229200 kB
MemAvailable:    1521556 kB
Buffers:           44740 kB
Cached:           365436 kB
MemTotal:        1844596 kB
MemFree:         1228024 kB
MemAvailable:    1520380 kB
Buffers:           44740 kB
Cached:           365436 kB
MemTotal:        1844596 kB
MemFree:         1227520 kB
MemAvailable:    1519876 kB
Buffers:           44740 kB
Cached:           365436 kB
MemTotal:        1844596 kB
MemFree:         1228844 kB
MemAvailable:    1521200 kB
Buffers:           44740 kB
Cached:           365436 kB
MemTotal:        1844596 kB
MemFree:         1227844 kB
MemAvailable:    1520200 kB
Buffers:           44740 kB
Cached:           365436 kB
MemTotal:        1844596 kB
MemFree:         1227596 kB
MemAvailable:    1519952 kB
Buffers:           44740 kB
Cached:           365436 kB
MemTotal:        1844596 kB
MemFree:         1228896 kB
MemAvailable:    1521252 kB
Buffers:           44740 kB
Cached:           365436 kB
MemTotal:        1844596 kB
MemFree:         1227900 kB
MemAvailable:    1520256 kB
Buffers:           44740 kB
Cached:           365436 kB
MemTotal:        1844596 kB
MemFree:         1228588 kB
MemAvailable:    1520944 kB
Buffers:           44740 kB
Cached:           365436 kB
MemTotal:        1844596 kB
MemFree:         1228924 kB
MemAvailable:    1521280 kB
Buffers:           44740 kB
Cached:           365436 kB
MemTotal:        1844596 kB
MemFree:         1228712 kB
MemAvailable:    1521068 kB
Buffers:           44740 kB
Cached:           365436 kB
MemTotal:        1844596 kB
MemFree:         1228712 kB
MemAvailable:    1521068 kB
Buffers:           44740 kB
Cached:           365436 kB
MemTotal:        1844596 kB
MemFree:         1228380 kB
MemAvailable:    1520736 kB
Buffers:           44740 kB
Cached:           365436 kB
MemTotal:        1844596 kB
MemFree:         1227900 kB
MemAvailable:    1520256 kB
Buffers:           44740 kB
Cached:           365436 kB
MemTotal:        1844596 kB
MemFree:         1228276 kB
MemAvailable:    1520632 kB
Buffers:           44740 kB
Cached:           365436 kB
MemTotal:        1844596 kB
MemFree:         1228312 kB
MemAvailable:    1520668 kB
Buffers:           44740 kB
Cached:           365436 kB
MemTotal:        1844596 kB
MemFree:         1227280 kB
MemAvailable:    1519636 kB
Buffers:           44740 kB
Cached:           365436 kB
MemTotal:        1844596 kB
MemFree:         1227704 kB
MemAvailable:    1520060 kB
Buffers:           44740 kB
Cached:           365436 kB
MemTotal:        1844596 kB
MemFree:         1227896 kB
MemAvailable:    1520252 kB
Buffers:           44740 kB
Cached:           365436 kB
MemTotal:        1844596 kB
MemFree:         1227868 kB
MemAvailable:    1520224 kB
Buffers:           44740 kB
Cached:           365436 kB
MemTotal:        1844596 kB
MemFree:         1228100 kB
MemAvailable:    1520456 kB
Buffers:           44740 kB
Cached:           365436 kB
MemTotal:        1844596 kB
MemFree:         1226604 kB
MemAvailable:    1518960 kB
Buffers:           44740 kB
Cached:           365436 kB
MemTotal:        1844596 kB
MemFree:         1227844 kB
MemAvailable:    1520200 kB
Buffers:           44740 kB
Cached:           365436 kB
MemTotal:        1844596 kB
MemFree:         1227760 kB
MemAvailable:    1520116 kB
Buffers:           44740 kB
Cached:           365436 kB
MemTotal:        1844596 kB
MemFree:         1228012 kB
MemAvailable:    1520368 kB
Buffers:           44740 kB
Cached:           365436 kB
MemTotal:        1844596 kB
MemFree:         1227948 kB
MemAvailable:    1520304 kB
Buffers:           44740 kB
Cached:           365436 kB
MemTotal:        1844596 kB
MemFree:         1228000 kB
MemAvailable:    1520356 kB
Buffers:           44740 kB
Cached:           365436 kB
MemTotal:        1844596 kB
MemFree:         1226588 kB
MemAvailable:    1518944 kB
Buffers:           44740 kB
Cached:           365436 kB
MemTotal:        1844596 kB
MemFree:         1225668 kB
MemAvailable:    1518024 kB
Buffers:           44740 kB
Cached:           365436 kB
MemTotal:        1844596 kB
MemFree:         1222320 kB
MemAvailable:    1514676 kB
Buffers:           44740 kB
Cached:           365436 kB
MemTotal:        1844596 kB
MemFree:         1220336 kB
MemAvailable:    1512692 kB
Buffers:           44740 kB
Cached:           365436 kB
MemTotal:        1844596 kB
MemFree:         1220072 kB
MemAvailable:    1512428 kB
Buffers:           44740 kB
Cached:           365436 kB
MemTotal:        1844596 kB
MemFree:         1220324 kB
MemAvailable:    1512680 kB
Buffers:           44740 kB
Cached:           365436 kB
MemTotal:        1844596 kB
MemFree:         1219892 kB
MemAvailable:    1512248 kB
Buffers:           44740 kB
Cached:           365436 kB
MemTotal:        1844596 kB
MemFree:         1220228 kB
MemAvailable:    1512584 kB
Buffers:           44740 kB
Cached:           365436 kB
MemTotal:        1844596 kB
MemFree:         1218652 kB
MemAvailable:    1511008 kB
Buffers:           44740 kB
Cached:           365436 kB
MemTotal:        1844596 kB
MemFree:         1219960 kB
MemAvailable:    1512316 kB
Buffers:           44740 kB
Cached:           365436 kB
MemTotal:        1844596 kB
MemFree:         1219884 kB
MemAvailable:    1512240 kB
Buffers:           44740 kB
Cached:           365436 kB
MemTotal:        1844596 kB
MemFree:         1220136 kB
MemAvailable:    1512492 kB
Buffers:           44740 kB
Cached:           365436 kB
MemTotal:        1844596 kB
MemFree:         1218572 kB
MemAvailable:    1510928 kB
Buffers:           44740 kB
Cached:           365436 kB
MemTotal:        1844596 kB
MemFree:         1218576 kB
MemAvailable:    1510932 kB
Buffers:           44740 kB
Cached:           365436 kB
MemTotal:        1844596 kB
MemFree:         1219900 kB
MemAvailable:    1512256 kB
Buffers:           44740 kB
Cached:           365436 kB
MemTotal:        1844596 kB
MemFree:         1219220 kB
MemAvailable:    1511576 kB
Buffers:           44740 kB
Cached:           365436 kB
MemTotal:        1844596 kB
MemFree:         1220012 kB
MemAvailable:    1512368 kB
Buffers:           44740 kB
Cached:           365436 kB
MemTotal:        1844596 kB
MemFree:         1218580 kB
MemAvailable:    1510936 kB
Buffers:           44740 kB
Cached:           365436 kB
MemTotal:        1844596 kB
MemFree:         1219904 kB
MemAvailable:    1512260 kB
Buffers:           44740 kB
Cached:           365436 kB
MemTotal:        1844596 kB
MemFree:         1219320 kB
MemAvailable:    1511676 kB
Buffers:           44740 kB
Cached:           365436 kB
MemTotal:        1844596 kB
MemFree:         1218840 kB
MemAvailable:    1511196 kB
Buffers:           44740 kB
Cached:           365436 kB
MemTotal:        1844596 kB
MemFree:         1218768 kB
MemAvailable:    1511124 kB
Buffers:           44740 kB
Cached:           365436 kB
MemTotal:        1844596 kB
MemFree:         1218768 kB
MemAvailable:    1511124 kB
Buffers:           44740 kB
Cached:           365436 kB
MemTotal:        1844596 kB
MemFree:         1218772 kB
MemAvailable:    1511128 kB
Buffers:           44740 kB
Cached:           365436 kB
MemTotal:        1844596 kB
MemFree:         1217484 kB
MemAvailable:    1509840 kB
Buffers:           44740 kB
Cached:           365436 kB
MemTotal:        1844596 kB
MemFree:         1218088 kB
MemAvailable:    1510448 kB
Buffers:           44740 kB
Cached:           365440 kB
MemTotal:        1844596 kB
MemFree:         1218424 kB
MemAvailable:    1510784 kB
Buffers:           44740 kB
Cached:           365440 kB
MemTotal:        1844596 kB
MemFree:         1216972 kB
MemAvailable:    1509332 kB
Buffers:           44740 kB
Cached:           365440 kB
MemTotal:        1844596 kB
MemFree:         1216972 kB
MemAvailable:    1509332 kB
Buffers:           44740 kB
Cached:           365440 kB
MemTotal:        1844596 kB
MemFree:         1216468 kB
MemAvailable:    1508828 kB
Buffers:           44740 kB
Cached:           365440 kB
MemTotal:        1844596 kB
MemFree:         1216804 kB
MemAvailable:    1509164 kB
Buffers:           44740 kB
Cached:           365440 kB
MemTotal:        1844596 kB
MemFree:         1216476 kB
MemAvailable:    1508836 kB
Buffers:           44740 kB
Cached:           365440 kB
MemTotal:        1844596 kB
MemFree:         1215376 kB
MemAvailable:    1507736 kB
Buffers:           44740 kB
Cached:           365440 kB
MemTotal:        1844596 kB
MemFree:         1215972 kB
MemAvailable:    1508332 kB
Buffers:           44740 kB
Cached:           365440 kB
MemTotal:        1844596 kB
MemFree:         1216308 kB
MemAvailable:    1508668 kB
Buffers:           44740 kB
Cached:           365440 kB
MemTotal:        1844596 kB
MemFree:         1214816 kB
MemAvailable:    1507176 kB
Buffers:           44740 kB
Cached:           365440 kB
MemTotal:        1844596 kB
MemFree:         1216028 kB
MemAvailable:    1508388 kB
Buffers:           44740 kB
Cached:           365440 kB
MemTotal:        1844596 kB
MemFree:         1214592 kB
MemAvailable:    1506952 kB
Buffers:           44740 kB
Cached:           365440 kB
MemTotal:        1844596 kB
MemFree:         1214596 kB
MemAvailable:    1506956 kB
Buffers:           44740 kB
Cached:           365440 kB
MemTotal:        1844596 kB
MemFree:         1215948 kB
MemAvailable:    1508308 kB
Buffers:           44740 kB
Cached:           365440 kB
MemTotal:        1844596 kB
MemFree:         1216200 kB
MemAvailable:    1508560 kB
Buffers:           44740 kB
Cached:           365440 kB
MemTotal:        1844596 kB
MemFree:         1216192 kB
MemAvailable:    1508552 kB
Buffers:           44740 kB
Cached:           365440 kB
MemTotal:        1844596 kB
MemFree:         1216220 kB
MemAvailable:    1508580 kB
Buffers:           44740 kB
Cached:           365440 kB
MemTotal:        1844596 kB
MemFree:         1215808 kB
MemAvailable:    1508168 kB
Buffers:           44740 kB
Cached:           365440 kB
MemTotal:        1844596 kB
MemFree:         1214632 kB
MemAvailable:    1506992 kB
Buffers:           44740 kB
Cached:           365440 kB
MemTotal:        1844596 kB
MemFree:         1208416 kB
MemAvailable:    1500780 kB
Buffers:           44740 kB
Cached:           365444 kB
MemTotal:        1844596 kB
MemFree:         1208668 kB
MemAvailable:    1501032 kB
Buffers:           44740 kB
Cached:           365444 kB
MemTotal:        1844596 kB
MemFree:         1208300 kB
MemAvailable:    1500664 kB
Buffers:           44740 kB
Cached:           365444 kB
MemTotal:        1844596 kB
MemFree:         1207688 kB
MemAvailable:    1500052 kB
Buffers:           44740 kB
Cached:           365444 kB
MemTotal:        1844596 kB
MemFree:         1207908 kB
MemAvailable:    1500272 kB
Buffers:           44740 kB
Cached:           365444 kB
MemTotal:        1844596 kB
MemFree:         1208244 kB
MemAvailable:    1500608 kB
Buffers:           44740 kB
Cached:           365444 kB
MemTotal:        1844596 kB
MemFree:         1206812 kB
MemAvailable:    1499176 kB
Buffers:           44740 kB
Cached:           365444 kB
MemTotal:        1844596 kB
MemFree:         1206896 kB
MemAvailable:    1499260 kB
Buffers:           44740 kB
Cached:           365444 kB
MemTotal:        1844596 kB
MemFree:         1208680 kB
MemAvailable:    1501044 kB
Buffers:           44740 kB
Cached:           365444 kB
MemTotal:        1844596 kB
MemFree:         1209540 kB
MemAvailable:    1501988 kB
Buffers:           44740 kB
Cached:           365568 kB
MemTotal:        1844596 kB
MemFree:         1208168 kB
MemAvailable:    1500700 kB
Buffers:           44740 kB
Cached:           365692 kB
MemTotal:        1844596 kB
MemFree:         1209360 kB
MemAvailable:    1502060 kB
Buffers:           44740 kB
Cached:           365816 kB
MemTotal:        1844596 kB
MemFree:         1208996 kB
MemAvailable:    1501864 kB
Buffers:           44740 kB
Cached:           365940 kB
MemTotal:        1844596 kB
MemFree:         1208680 kB
MemAvailable:    1501548 kB
Buffers:           44740 kB
Cached:           365940 kB
MemTotal:        1844596 kB
MemFree:         1208772 kB
MemAvailable:    1501724 kB
Buffers:           44740 kB
Cached:           366064 kB
MemTotal:        1844596 kB
MemFree:         1209108 kB
MemAvailable:    1502060 kB
Buffers:           44740 kB
Cached:           366064 kB
MemTotal:        1844596 kB
MemFree:         1207540 kB
MemAvailable:    1500492 kB
Buffers:           44740 kB
Cached:           366064 kB
MemTotal:        1844596 kB
MemFree:         1208840 kB
MemAvailable:    1501876 kB
Buffers:           44740 kB
Cached:           366064 kB
MemTotal:        1844596 kB
MemFree:         1208840 kB
MemAvailable:    1501876 kB
Buffers:           44740 kB
Cached:           366064 kB
MemTotal:        1844596 kB
MemFree:         1208964 kB
MemAvailable:    1502000 kB
Buffers:           44740 kB
Cached:           366064 kB
MemTotal:        1844596 kB
MemFree:         1208832 kB
MemAvailable:    1501868 kB
Buffers:           44740 kB
Cached:           366064 kB
MemTotal:        1844596 kB
MemFree:         1208832 kB
MemAvailable:    1501868 kB
Buffers:           44740 kB
Cached:           366064 kB
MemTotal:        1844596 kB
MemFree:         1208952 kB
MemAvailable:    1501988 kB
Buffers:           44740 kB
Cached:           366064 kB
MemTotal:        1844596 kB
MemFree:         1207804 kB
MemAvailable:    1500924 kB
Buffers:           44740 kB
Cached:           366188 kB
MemTotal:        1844596 kB
MemFree:         1209312 kB
MemAvailable:    1501760 kB
Buffers:           44740 kB
Cached:           365516 kB
MemTotal:        1844596 kB
MemFree:         1276332 kB
MemAvailable:    1568780 kB
Buffers:           44740 kB
Cached:           365516 kB
