MemTotal:        1844596 kB
MemFree:         1237844 kB
MemAvailable:    1564896 kB
Buffers:           49116 kB
Cached:           393080 kB
MemTotal:        1844596 kB
MemFree:         1210664 kB
MemAvailable:    1537680 kB
Buffers:           49116 kB
Cached:           393088 kB
MemTotal:        1844596 kB
MemFree:         1209432 kB
MemAvailable:    1536448 kB
Buffers:           49116 kB
Cached:           393088 kB
MemTotal:        1844596 kB
MemFree:         1207200 kB
MemAvailable:    1534216 kB
Buffers:           49116 kB
Cached:           393088 kB
MemTotal:        1844596 kB
MemFree:         1205712 kB
MemAvailable:    1532728 kB
Buffers:           49116 kB
Cached:           393088 kB
MemTotal:        1844596 kB
MemFree:         1205580 kB
MemAvailable:    1532596 kB
Buffers:           49116 kB
Cached:           393088 kB
MemTotal:        1844596 kB
MemFree:         1204720 kB
MemAvailable:    1531736 kB
Buffers:           49116 kB
Cached:           393088 kB
MemTotal:        1844596 kB
MemFree:         1202052 kB
MemAvailable:    1529068 kB
Buffers:           49116 kB
Cached:           393088 kB
MemTotal:        1844596 kB
MemFree:         1200760 kB
MemAvailable:    1527776 kB
Buffers:           49116 kB
Cached:           393088 kB
MemTotal:        1844596 kB
MemFree:         1194544 kB
MemAvailable:    1521560 kB
Buffers:           49116 kB
Cached:           393088 kB
MemTotal:        1844596 kB
MemFree:         1195704 kB
MemAvailable:    1522720 kB
Buffers:           49116 kB
Cached:           393088 kB
MemTotal:        1844596 kB
MemFree:         1196960 kB
MemAvailable:    1523976 kB
Buffers:           49116 kB
Cached:           393088 kB
MemTotal:        1844596 kB
MemFree:         1197108 kB
MemAvailable:    1524124 kB
Buffers:           49116 kB
Cached:           393088 kB
MemTotal:        1844596 kB
MemFree:         1195620 kB
MemAvailable:    1522636 kB
Buffers:           49116 kB
Cached:           393088 kB
MemTotal:        1844596 kB
MemFree:         1196984 kB
MemAvailable:    1524000 kB
Buffers:           49116 kB
Cached:           393088 kB
MemTotal:        1844596 kB
MemFree:         1196520 kB
MemAvailable:    1523536 kB
Buffers:           49116 kB
Cached:           393088 kB
MemTotal:        1844596 kB
MemFree:         1193800 kB
MemAvailable:    1520816 kB
Buffers:           49116 kB
Cached:           393088 kB
MemTotal:        1844596 kB
MemFree:         1194536 kB
MemAvailable:    1521552 kB
Buffers:           49116 kB
Cached:           393088 kB
MemTotal:        1844596 kB
MemFree:         1194180 kB
MemAvailable:    1521196 kB
Buffers:           49116 kB
Cached:           393088 kB
MemTotal:        1844596 kB
MemFree:         1194496 kB
MemAvailable:    1521512 kB
Buffers:           49116 kB
Cached:           393088 kB
MemTotal:        1844596 kB
MemFree:         1193684 kB
MemAvailable:    1520700 kB
Buffers:           49116 kB
Cached:           393088 kB
MemTotal:        1844596 kB
MemFree:         1193140 kB
MemAvailable:    1520160 kB
Buffers:           49116 kB
Cached:           393088 kB
MemTotal:        1844596 kB
MemFree:         1194508 kB
MemAvailable:    1521528 kB
Buffers:           49116 kB
Cached:           393088 kB
MemTotal:        1844596 kB
MemFree:         1193808 kB
MemAvailable:    1520828 kB
Buffers:           49116 kB
Cached:           393088 kB
MemTotal:        1844596 kB
MemFree:         1194412 kB
MemAvailable:    1521432 kB
Buffers:           49116 kB
Cached:           393088 kB
MemTotal:        1844596 kB
MemFree:         1194056 kB
MemAvailable:    1521076 kB
Buffers:           49116 kB
Cached:           393088 kB
MemTotal:        1844596 kB
MemFree:         1195684 kB
MemAvailable:    1522704 kB
Buffers:           49116 kB
Cached:           393088 kB
MemTotal:        1844596 kB
MemFree:         1195896 kB
MemAvailable:    1522916 kB
Buffers:           49116 kB
Cached:           393088 kB
MemTotal:        1844596 kB
MemFree:         1195420 kB
MemAvailable:    1522440 kB
Buffers:           49116 kB
Cached:           393088 kB
MemTotal:        1844596 kB
MemFree:         1192312 kB
MemAvailable:    1519332 kB
Buffers:           49116 kB
Cached:           393088 kB
MemTotal:        1844596 kB
MemFree:         1191568 kB
MemAvailable:    1518588 kB
Buffers:           49116 kB
Cached:           393088 kB
MemTotal:        1844596 kB
MemFree:         1191944 kB
MemAvailable:    1518964 kB
Buffers:           49116 kB
Cached:           393088 kB
MemTotal:        1844596 kB
MemFree:         1191640 kB
MemAvailable:    1518660 kB
Buffers:           49116 kB
Cached:           393088 kB
MemTotal:        1844596 kB
MemFree:         1190080 kB
MemAvailable:    1517100 kB
Buffers:           49116 kB
Cached:           393088 kB
MemTotal:        1844596 kB
MemFree:         1189220 kB
MemAvailable:    1516240 kB
Buffers:           49116 kB
Cached:           393088 kB
MemTotal:        1844596 kB
MemFree:         1190412 kB
MemAvailable:    1517432 kB
Buffers:           49116 kB
Cached:           393088 kB
MemTotal:        1844596 kB
MemFree:         1189208 kB
MemAvailable:    1516228 kB
Buffers:           49116 kB
Cached:           393088 kB
MemTotal:        1844596 kB
MemFree:         1190276 kB
MemAvailable:    1517296 kB
Buffers:           49116 kB
Cached:           393088 kB
MemTotal:        1844596 kB
MemFree:         1189344 kB
MemAvailable:    1516364 kB
Buffers:           49116 kB
Cached:           393088 kB
MemTotal:        1844596 kB
MemFree:         1190212 kB
MemAvailable:    1517236 kB
Buffers:           49116 kB
Cached:           393092 kB
MemTotal:        1844596 kB
MemFree:         1190024 kB
MemAvailable:    1517048 kB
Buffers:           49116 kB
Cached:           393092 kB
MemTotal:        1844596 kB
MemFree:         1188676 kB
MemAvailable:    1515700 kB
Buffers:           49116 kB
Cached:           393092 kB
MemTotal:        1844596 kB
MemFree:         1189784 kB
MemAvailable:    1516808 kB
Buffers:           49116 kB
Cached:           393092 kB
MemTotal:        1844596 kB
MemFree:         1189776 kB
MemAvailable:    1516800 kB
Buffers:           49116 kB
Cached:           393092 kB
MemTotal:        1844596 kB
MemFree:         1188088 kB
MemAvailable:    1515112 kB
Buffers:           49116 kB
Cached:           393092 kB
MemTotal:        1844596 kB
MemFree:         1187956 kB
MemAvailable:    1514980 kB
Buffers:           49116 kB
Cached:           393092 kB
MemTotal:        1844596 kB
MemFree:         1188172 kB
MemAvailable:    1515196 kB
Buffers:           49116 kB
Cached:           393092 kB
MemTotal:        1844596 kB
MemFree:         1189448 kB
MemAvailable:    1516472 kB
Buffers:           49116 kB
Cached:           393092 kB
MemTotal:        1844596 kB
MemFree:         1187952 kB
MemAvailable:    1514976 kB
Buffers:           49116 kB
Cached:           393092 kB
MemTotal:        1844596 kB
MemFree:         1188076 kB
MemAvailable:    1515100 kB
Buffers:           49116 kB
Cached:           393092 kB
MemTotal:        1844596 kB
MemFree:         1189588 kB
MemAvailable:    1516612 kB
Buffers:           49116 kB
Cached:           393092 kB
MemTotal:        1844596 kB
MemFree:         1188064 kB
MemAvailable:    1515088 kB
Buffers:           49116 kB
Cached:           393092 kB
MemTotal:        1844596 kB
MemFree:         1189264 kB
MemAvailable:    1516288 kB
Buffers:           49116 kB
Cached:           393092 kB
MemTotal:        1844596 kB
MemFree:         1189576 kB
MemAvailable:    1516600 kB
Buffers:           49116 kB
Cached:           393092 kB
MemTotal:        1844596 kB
MemFree:         1189192 kB
MemAvailable:    1516216 kB
Buffers:           49116 kB
Cached:           393092 kB
MemTotal:        1844596 kB
MemFree:         1187760 kB
MemAvailable:    1514784 kB
Buffers:           49116 kB
Cached:           393092 kB
MemTotal:        1844596 kB
MemFree:         1187752 kB
MemAvailable:    1514776 kB
Buffers:           49116 kB
Cached:           393092 kB
MemTotal:        1844596 kB
MemFree:         1187484 kB
MemAvailable:    1514508 kB
Buffers:           49116 kB
Cached:           393092 kB
MemTotal:        1844596 kB
MemFree:         1187236 kB
MemAvailable:    1514260 kB
Buffers:           49116 kB
Cached:           393092 kB
MemTotal:        1844596 kB
MemFree:         1188600 kB
MemAvailable:    1515624 kB
Buffers:           49116 kB
Cached:           393092 kB
MemTotal:        1844596 kB
MemFree:         1187104 kB
MemAvailable:    1514128 kB
Buffers:           49116 kB
Cached:           393092 kB
MemTotal:        1844596 kB
MemFree:         1187228 kB
MemAvailable:    1514256 kB
Buffers:           49116 kB
Cached:           393096 kB
MemTotal:        1844596 kB
MemFree:         1187228 kB
MemAvailable:    1514256 kB
Buffers:           49116 kB
Cached:           393096 kB
MemTotal:        1844596 kB
MemFree:         1187228 kB
MemAvailable:    1514256 kB
Buffers:           49116 kB
Cached:           393096 kB
MemTotal:        1844596 kB
MemFree:         1187048 kB
MemAvailable:    1514076 kB
Buffers:           49116 kB
Cached:           393096 kB
MemTotal:        1844596 kB
MemFree:         1187428 kB
MemAvailable:    1514456 kB
Buffers:           49116 kB
Cached:           393096 kB
MemTotal:        1844596 kB
MemFree:         1187544 kB
MemAvailable:    1514572 kB
Buffers:           49116 kB
Cached:           393096 kB
MemTotal:        1844596 kB
MemFree:         1185376 kB
MemAvailable:    1512404 kB
Buffers:           49116 kB
Cached:           393096 kB
MemTotal:        1844596 kB
MemFree:         1183376 kB
MemAvailable:    1510404 kB
Buffers:           49116 kB
Cached:           393096 kB
MemTotal:        1844596 kB
MemFree:         1183268 kB
MemAvailable:    1510296 kB
Buffers:           49116 kB
Cached:           393096 kB
MemTotal:        1844596 kB
MemFree:         1180036 kB
MemAvailable:    1507064 kB
Buffers:           49116 kB
Cached:           393096 kB
MemTotal:        1844596 kB
MemFree:         1180044 kB
MemAvailable:    1507072 kB
Buffers:           49116 kB
Cached:           393096 kB
MemTotal:        1844596 kB
MemFree:         1180524 kB
MemAvailable:    1507552 kB
Buffers:           49116 kB
Cached:           393096 kB
MemTotal:        1844596 kB
MemFree:         1180416 kB
MemAvailable:    1507444 kB
Buffers:           49116 kB
Cached:           393096 kB
MemTotal:        1844596 kB
MemFree:         1180464 kB
MemAvailable:    1507492 kB
Buffers:           49116 kB
Cached:           393096 kB
MemTotal:        1844596 kB
MemFree:         1179168 kB
MemAvailable:    1506196 kB
Buffers:           49116 kB
Cached:           393096 kB
MemTotal:        1844596 kB
MemFree:         1179004 kB
MemAvailable:    1506032 kB
Buffers:           49116 kB
Cached:           393096 kB
MemTotal:        1844596 kB
MemFree:         1179376 kB
MemAvailable:    1506404 kB
Buffers:           49116 kB
Cached:           393096 kB
MemTotal:        1844596 kB
MemFree:         1179252 kB
MemAvailable:    1506280 kB
Buffers:           49116 kB
Cached:           393096 kB
MemTotal:        1844596 kB
MemFree:         1180572 kB
MemAvailable:    1507600 kB
Buffers:           49116 kB
Cached:           393096 kB
MemTotal:        1844596 kB
MemFree:         1179152 kB
MemAvailable:    1506180 kB
Buffers:           49116 kB
Cached:           393096 kB
MemTotal:        1844596 kB
MemFree:         1180508 kB
MemAvailable:    1507536 kB
Buffers:           49116 kB
Cached:           393096 kB
MemTotal:        1844596 kB
MemFree:         1180384 kB
MemAvailable:    1507412 kB
Buffers:           49116 kB
Cached:           393096 kB
MemTotal:        1844596 kB
MemFree:         1180392 kB
MemAvailable:    1507420 kB
Buffers:           49116 kB
Cached:           393096 kB
MemTotal:        1844596 kB
MemFree:         1179176 kB
MemAvailable:    1506204 kB
Buffers:           49116 kB
Cached:           393096 kB
MemTotal:        1844596 kB
MemFree:         1179856 kB
MemAvailable:    1506884 kB
Buffers:           49116 kB
Cached:           393096 kB
MemTotal:        1844596 kB
MemFree:         1179548 kB
MemAvailable:    1506576 kB
Buffers:           49116 kB
Cached:           393096 kB
MemTotal:        1844596 kB
MemFree:         1179112 kB
MemAvailable:    1506140 kB
Buffers:           49116 kB
Cached:           393096 kB
MemTotal:        1844596 kB
MemFree:         1177384 kB
MemAvailable:    1504412 kB
Buffers:           49116 kB
Cached:           393096 kB
MemTotal:        1844596 kB
MemFree:         1177508 kB
MemAvailable:    1504536 kB
Buffers:           49116 kB
Cached:           393096 kB
MemTotal:        1844596 kB
MemFree:         1178728 kB
MemAvailable:    1505756 kB
Buffers:           49116 kB
Cached:           393096 kB
MemTotal:        1844596 kB
MemFree:         1176448 kB
MemAvailable:    1503476 kB
Buffers:           49116 kB
Cached:           393096 kB
MemTotal:        1844596 kB
MemFree:         1177752 kB
MemAvailable:    1504780 kB
Buffers:           49116 kB
Cached:           393096 kB
MemTotal:        1844596 kB
MemFree:         1176944 kB
MemAvailable:    1503972 kB
Buffers:           49116 kB
Cached:           393096 kB
MemTotal:        1844596 kB
MemFree:         1176804 kB
MemAvailable:    1503832 kB
Buffers:           49116 kB
Cached:           393096 kB
MemTotal:        1844596 kB
MemFree:         1176324 kB
MemAvailable:    1503352 kB
Buffers:           49116 kB
Cached:           393096 kB
MemTotal:        1844596 kB
MemFree:         1175692 kB
MemAvailable:    1502720 kB
Buffers:           49116 kB
Cached:           393096 kB
MemTotal:        1844596 kB
MemFree:         1175692 kB
MemAvailable:    1502720 kB
Buffers:           49116 kB
Cached:           393096 kB
MemTotal:        1844596 kB
MemFree:         1176536 kB
MemAvailable:    1503564 kB
Buffers:           49116 kB
Cached:           393096 kB
MemTotal:        1844596 kB
MemFree:         1176696 kB
MemAvailable:    1503724 kB
Buffers:           49116 kB
Cached:           393096 kB
MemTotal:        1844596 kB
MemFree:         1176544 kB
MemAvailable:    1503572 kB
Buffers:           49116 kB
Cached:           393096 kB
MemTotal:        1844596 kB
MemFree:         1176796 kB
MemAvailable:    1503824 kB
Buffers:           49116 kB
Cached:           393096 kB
MemTotal:        1844596 kB
MemFree:         1175184 kB
MemAvailable:    1502212 kB
Buffers:           49116 kB
Cached:           393096 kB
MemTotal:        1844596 kB
MemFree:         1175400 kB
MemAvailable:    1502428 kB
Buffers:           49116 kB
Cached:           393096 kB
MemTotal:        1844596 kB
MemFree:         1175312 kB
MemAvailable:    1502340 kB
Buffers:           49116 kB
Cached:           393096 kB
MemTotal:        1844596 kB
MemFree:         1175084 kB
MemAvailable:    1502112 kB
Buffers:           49116 kB
Cached:           393096 kB
MemTotal:        1844596 kB
MemFree:         1174960 kB
MemAvailable:    1501988 kB
Buffers:           49116 kB
Cached:           393096 kB
MemTotal:        1844596 kB
MemFree:         1173028 kB
MemAvailable:    1500056 kB
Buffers:           49116 kB
Cached:           393096 kB
MemTotal:        1844596 kB
MemFree:         1167644 kB
MemAvailable:    1494672 kB
Buffers:           49116 kB
Cached:           393096 kB
MemTotal:        1844596 kB
MemFree:         1167520 kB
MemAvailable:    1494548 kB
Buffers:           49124 kB
Cached:           393088 kB
MemTotal:        1844596 kB
MemFree:         1168648 kB
MemAvailable:    1495676 kB
Buffers:           49124 kB
Cached:           393088 kB
MemTotal:        1844596 kB
MemFree:         1167520 kB
MemAvailable:    1494548 kB
Buffers:           49124 kB
Cached:           393088 kB
MemTotal:        1844596 kB
MemFree:         1167760 kB
MemAvailable:    1494788 kB
Buffers:           49124 kB
Cached:           393088 kB
MemTotal:        1844596 kB
MemFree:         1167520 kB
MemAvailable:    1494548 kB
Buffers:           49124 kB
Cached:           393088 kB
MemTotal:        1844596 kB
MemFree:         1169424 kB
MemAvailable:    1496452 kB
Buffers:           49124 kB
Cached:           393088 kB
MemTotal:        1844596 kB
MemFree:         1170108 kB
MemAvailable:    1497220 kB
Buffers:           49124 kB
Cached:           393212 kB
MemTotal:        1844596 kB
MemFree:         1169876 kB
MemAvailable:    1496988 kB
Buffers:           49124 kB
Cached:           393212 kB
MemTotal:        1844596 kB
MemFree:         1168572 kB
MemAvailable:    1495768 kB
Buffers:           49124 kB
Cached:           393336 kB
MemTotal:        1844596 kB
MemFree:         1168572 kB
MemAvailable:    1495936 kB
Buffers:           49124 kB
Cached:           393460 kB
MemTotal:        1844596 kB
MemFree:         1168696 kB
MemAvailable:    1496144 kB
Buffers:           49124 kB
Cached:           393584 kB
MemTotal:        1844596 kB
MemFree:         1169740 kB
MemAvailable:    1497356 kB
Buffers:           49124 kB
Cached:           393708 kB
MemTotal:        1844596 kB
MemFree:         1169416 kB
MemAvailable:    1497032 kB
Buffers:           49124 kB
Cached:           393832 kB
MemTotal:        1844596 kB
MemFree:         1169256 kB
MemAvailable:    1496872 kB
Buffers:           49124 kB
Cached:           393832 kB
MemTotal:        1844596 kB
MemFree:         1169368 kB
MemAvailable:    1496984 kB
Buffers:           49124 kB
Cached:           393832 kB
MemTotal:        1844596 kB
MemFree:         1168120 kB
MemAvailable:    1495736 kB
Buffers:           49124 kB
Cached:           393832 kB
MemTotal:        1844596 kB
MemFree:         1169464 kB
MemAvailable:    1497080 kB
Buffers:           49124 kB
Cached:           393832 kB
MemTotal:        1844596 kB
MemFree:         1169360 kB
MemAvailable:    1496976 kB
Buffers:           49124 kB
Cached:           393832 kB
MemTotal:        1844596 kB
MemFree:         1168120 kB
MemAvailable:    1495736 kB
Buffers:           49124 kB
Cached:           393832 kB
MemTotal:        1844596 kB
MemFree:         1168008 kB
MemAvailable:    1495688 kB
Buffers:           49124 kB
Cached:           393856 kB
MemTotal:        1844596 kB
MemFree:         1168720 kB
MemAvailable:    1495728 kB
Buffers:           49124 kB
Cached:           393140 kB
MemTotal:        1844596 kB
MemFree:         1236488 kB
MemAvailable:    1563580 kB
Buffers:           49124 kB
Cached:           393108 kB
