MemTotal:        1844596 kB
MemFree:         1174060 kB
MemAvailable:    1562212 kB
Buffers:           56300 kB
Cached:           442444 kB
MemTotal:        1844596 kB
MemFree:         1146060 kB
MemAvailable:    1534348 kB
Buffers:           56300 kB
Cached:           442448 kB
MemTotal:        1844596 kB
MemFree:         1144928 kB
MemAvailable:    1533216 kB
Buffers:           56300 kB
Cached:           442448 kB
MemTotal:        1844596 kB
MemFree:         1142704 kB
MemAvailable:    1530992 kB
Buffers:           56300 kB
Cached:           442448 kB
MemTotal:        1844596 kB
MemFree:         1142648 kB
MemAvailable:    1530936 kB
Buffers:           56300 kB
Cached:           442448 kB
MemTotal:        1844596 kB
MemFree:         1141340 kB
MemAvailable:    1529628 kB
Buffers:           56300 kB
Cached:           442448 kB
MemTotal:        1844596 kB
MemFree:         1139480 kB
MemAvailable:    1527768 kB
Buffers:           56300 kB
Cached:           442448 kB
MemTotal:        1844596 kB
MemFree:         1136864 kB
MemAvailable:    1525152 kB
Buffers:           56300 kB
Cached:           442448 kB
MemTotal:        1844596 kB
MemFree:         1135884 kB
MemAvailable:    1524172 kB
Buffers:           56300 kB
Cached:           442448 kB
MemTotal:        1844596 kB
MemFree:         1132704 kB
MemAvailable:    1520992 kB
Buffers:           56300 kB
Cached:           442448 kB
MemTotal:        1844596 kB
MemFree:         1132604 kB
MemAvailable:    1520892 kB
Buffers:           56300 kB
Cached:           442448 kB
MemTotal:        1844596 kB
MemFree:         1131668 kB
MemAvailable:    1519956 kB
Buffers:           56300 kB
Cached:           442448 kB
MemTotal:        1844596 kB
MemFree:         1132668 kB
MemAvailable:    1520956 kB
Buffers:           56300 kB
Cached:           442448 kB
MemTotal:        1844596 kB
MemFree:         1132596 kB
MemAvailable:    1520884 kB
Buffers:           56300 kB
Cached:           442448 kB
MemTotal:        1844596 kB
MemFree:         1131736 kB
MemAvailable:    1520024 kB
Buffers:           56300 kB
Cached:           442448 kB
MemTotal:        1844596 kB
MemFree:         1130932 kB
MemAvailable:    1519220 kB
Buffers:           56300 kB
Cached:           442448 kB
MemTotal:        1844596 kB
MemFree:         1130372 kB
MemAvailable:    1518660 kB
Buffers:           56300 kB
Cached:           442448 kB
MemTotal:        1844596 kB
MemFree:         1129196 kB
MemAvailable:    1517484 kB
Buffers:           56300 kB
Cached:           442448 kB
MemTotal:        1844596 kB
MemFree:         1129072 kB
MemAvailable:    1517360 kB
Buffers:           56300 kB
Cached:           442448 kB
MemTotal:        1844596 kB
MemFree:         1128900 kB
MemAvailable:    1517188 kB
Buffers:           56300 kB
Cached:           442448 kB
MemTotal:        1844596 kB
MemFree:         1129020 kB
MemAvailable:    1517308 kB
Buffers:           56300 kB
Cached:           442448 kB
MemTotal:        1844596 kB
MemFree:         1128924 kB
MemAvailable:    1517212 kB
Buffers:           56300 kB
Cached:           442448 kB
MemTotal:        1844596 kB
MemFree:         1130352 kB
MemAvailable:    1518640 kB
Buffers:           56300 kB
Cached:           442448 kB
MemTotal:        1844596 kB
MemFree:         1130284 kB
MemAvailable:    1518572 kB
Buffers:           56300 kB
Cached:           442448 kB
MemTotal:        1844596 kB
MemFree:         1131612 kB
MemAvailable:    1519900 kB
Buffers:           56300 kB
Cached:           442448 kB
MemTotal:        1844596 kB
MemFree:         1130264 kB
MemAvailable:    1518552 kB
Buffers:           56300 kB
Cached:           442448 kB
MemTotal:        1844596 kB
MemFree:         1129008 kB
MemAvailable:    1517296 kB
Buffers:           56300 kB
Cached:           442448 kB
MemTotal:        1844596 kB
MemFree:         1127584 kB
MemAvailable:    1515872 kB
Buffers:           56300 kB
Cached:           442448 kB
MemTotal:        1844596 kB
MemFree:         1128080 kB
MemAvailable:    1516368 kB
Buffers:           56300 kB
Cached:           442448 kB
MemTotal:        1844596 kB
MemFree:         1127908 kB
MemAvailable:    1516196 kB
Buffers:           56300 kB
Cached:           442448 kB
MemTotal:        1844596 kB
MemFree:         1127148 kB
MemAvailable:    1515436 kB
Buffers:           56300 kB
Cached:           442448 kB
MemTotal:        1844596 kB
MemFree:         1125724 kB
MemAvailable:    1514012 kB
Buffers:           56300 kB
Cached:           442448 kB
MemTotal:        1844596 kB
MemFree:         1124856 kB
MemAvailable:    1513148 kB
Buffers:           56300 kB
Cached:           442452 kB
MemTotal:        1844596 kB
MemFree:         1126048 kB
MemAvailable:    1514340 kB
Buffers:           56300 kB
Cached:           442452 kB
MemTotal:        1844596 kB
MemFree:         1126356 kB
MemAvailable:    1514648 kB
Buffers:           56300 kB
Cached:           442452 kB
MemTotal:        1844596 kB
MemFree:         1126356 kB
MemAvailable:    1514648 kB
Buffers:           56300 kB
Cached:           442452 kB
MemTotal:        1844596 kB
MemFree:         1124672 kB
MemAvailable:    1512964 kB
Buffers:           56300 kB
Cached:           442452 kB
MemTotal:        1844596 kB
MemFree:         1124664 kB
MemAvailable:    1512956 kB
Buffers:           56300 kB
Cached:           442452 kB
MemTotal:        1844596 kB
MemFree:         1124664 kB
MemAvailable:    1512956 kB
Buffers:           56300 kB
Cached:           442452 kB
MemTotal:        1844596 kB
MemFree:         1125288 kB
MemAvailable:    1513580 kB
Buffers:           56300 kB
Cached:           442452 kB
MemTotal:        1844596 kB
MemFree:         1125352 kB
MemAvailable:    1513644 kB
Buffers:           56300 kB
Cached:           442452 kB
MemTotal:        1844596 kB
MemFree:         1123676 kB
MemAvailable:    1511968 kB
Buffers:           56300 kB
Cached:           442452 kB
MemTotal:        1844596 kB
MemFree:         1125292 kB
MemAvailable:    1513584 kB
Buffers:           56300 kB
Cached:           442452 kB
MemTotal:        1844596 kB
MemFree:         1125108 kB
MemAvailable:    1513400 kB
Buffers:           56300 kB
Cached:           442452 kB
MemTotal:        1844596 kB
MemFree:         1125084 kB
MemAvailable:    1513376 kB
Buffers:           56300 kB
Cached:           442452 kB
MemTotal:        1844596 kB
MemFree:         1124940 kB
MemAvailable:    1513232 kB
Buffers:           56300 kB
Cached:           442452 kB
MemTotal:        1844596 kB
MemFree:         1125192 kB
MemAvailable:    1513484 kB
Buffers:           56300 kB
Cached:           442452 kB
MemTotal:        1844596 kB
MemFree:         1124880 kB
MemAvailable:    1513172 kB
Buffers:           56300 kB
Cached:           442452 kB
MemTotal:        1844596 kB
MemFree:         1123740 kB
MemAvailable:    1512032 kB
Buffers:           56300 kB
Cached:           442452 kB
MemTotal:        1844596 kB
MemFree:         1123732 kB
MemAvailable:    1512024 kB
Buffers:           56300 kB
Cached:           442452 kB
MemTotal:        1844596 kB
MemFree:         1123988 kB
MemAvailable:    1512280 kB
Buffers:           56300 kB
Cached:           442452 kB
MemTotal:        1844596 kB
MemFree:         1124716 kB
MemAvailable:    1513008 kB
Buffers:           56300 kB
Cached:           442452 kB
MemTotal:        1844596 kB
MemFree:         1124716 kB
MemAvailable:    1513008 kB
Buffers:           56300 kB
Cached:           442452 kB
MemTotal:        1844596 kB
MemFree:         1123220 kB
MemAvailable:    1511512 kB
Buffers:           56300 kB
Cached:           442452 kB
MemTotal:        1844596 kB
MemFree:         1124220 kB
MemAvailable:    1512512 kB
Buffers:           56300 kB
Cached:           442452 kB
MemTotal:        1844596 kB
MemFree:         1123864 kB
MemAvailable:    1512156 kB
Buffers:           56300 kB
Cached:           442452 kB
MemTotal:        1844596 kB
MemFree:         1124224 kB
MemAvailable:    1512516 kB
Buffers:           56300 kB
Cached:           442452 kB
MemTotal:        1844596 kB
MemFree:         1122852 kB
MemAvailable:    1511144 kB
Buffers:           56300 kB
Cached:           442452 kB
MemTotal:        1844596 kB
MemFree:         1122852 kB
MemAvailable:    1511144 kB
Buffers:           56300 kB
Cached:           442452 kB
MemTotal:        1844596 kB
MemFree:         1122672 kB
MemAvailable:    1510964 kB
Buffers:           56300 kB
Cached:           442452 kB
MemTotal:        1844596 kB
MemFree:         1122824 kB
MemAvailable:    1511116 kB
Buffers:           56300 kB
Cached:           442452 kB
MemTotal:        1844596 kB
MemFree:         1122824 kB
MemAvailable:    1511116 kB
Buffers:           56300 kB
Cached:           442452 kB
MemTotal:        1844596 kB
MemFree:         1123304 kB
MemAvailable:    1511596 kB
Buffers:           56300 kB
Cached:           442452 kB
MemTotal:        1844596 kB
MemFree:         1120764 kB
MemAvailable:    1509056 kB
Buffers:           56300 kB
Cached:           442452 kB
MemTotal:        1844596 kB
MemFree:         1118780 kB
MemAvailable:    1507072 kB
Buffers:           56300 kB
Cached:           442452 kB
MemTotal:        1844596 kB
MemFree:         1116732 kB
MemAvailable:    1505024 kB
Buffers:           56300 kB
Cached:           442452 kB
MemTotal:        1844596 kB
MemFree:         1116788 kB
MemAvailable:    1505080 kB
Buffers:           56300 kB
Cached:           442452 kB
MemTotal:        1844596 kB
MemFree:         1116320 kB
MemAvailable:    1504612 kB
Buffers:           56300 kB
Cached:           442452 kB
MemTotal:        1844596 kB
MemFree:         1114676 kB
MemAvailable:    1502968 kB
Buffers:           56300 kB
Cached:           442452 kB
MemTotal:        1844596 kB
MemFree:         1114756 kB
MemAvailable:    1503048 kB
Buffers:           56300 kB
Cached:           442452 kB
MemTotal:        1844596 kB
MemFree:         1115856 kB
MemAvailable:    1504148 kB
Buffers:           56300 kB
Cached:           442452 kB
MemTotal:        1844596 kB
MemFree:         1116184 kB
MemAvailable:    1504476 kB
Buffers:           56300 kB
Cached:           442452 kB
MemTotal:        1844596 kB
MemFree:         1114812 kB
MemAvailable:    1503104 kB
Buffers:           56300 kB
Cached:           442452 kB
MemTotal:        1844596 kB
MemFree:         1116316 kB
MemAvailable:    1504608 kB
Buffers:           56300 kB
Cached:           442452 kB
MemTotal:        1844596 kB
MemFree:         1114764 kB
MemAvailable:    1503056 kB
Buffers:           56300 kB
Cached:           442452 kB
MemTotal:        1844596 kB
MemFree:         1114936 kB
MemAvailable:    1503228 kB
Buffers:           56300 kB
Cached:           442452 kB
MemTotal:        1844596 kB
MemFree:         1114888 kB
MemAvailable:    1503180 kB
Buffers:           56300 kB
Cached:           442452 kB
MemTotal:        1844596 kB
MemFree:         1116004 kB
MemAvailable:    1504296 kB
Buffers:           56300 kB
Cached:           442452 kB
MemTotal:        1844596 kB
MemFree:         1115012 kB
MemAvailable:    1503304 kB
Buffers:           56300 kB
Cached:           442452 kB
MemTotal:        1844596 kB
MemFree:         1114804 kB
MemAvailable:    1503096 kB
Buffers:           56300 kB
Cached:           442452 kB
MemTotal:        1844596 kB
MemFree:         1115236 kB
MemAvailable:    1503528 kB
Buffers:           56300 kB
Cached:           442452 kB
MemTotal:        1844596 kB
MemFree:         1114864 kB
MemAvailable:    1503156 kB
Buffers:           56300 kB
Cached:           442452 kB
MemTotal:        1844596 kB
MemFree:         1114540 kB
MemAvailable:    1502832 kB
Buffers:           56300 kB
Cached:           442452 kB
MemTotal:        1844596 kB
MemFree:         1113696 kB
MemAvailable:    1501988 kB
Buffers:           56300 kB
Cached:           442452 kB
MemTotal:        1844596 kB
MemFree:         1114176 kB
MemAvailable:    1502468 kB
Buffers:           56300 kB
Cached:           442452 kB
MemTotal:        1844596 kB
MemFree:         1112208 kB
MemAvailable:    1500500 kB
Buffers:           56300 kB
Cached:           442452 kB
MemTotal:        1844596 kB
MemFree:         1113324 kB
MemAvailable:    1501616 kB
Buffers:           56300 kB
Cached:           442452 kB
MemTotal:        1844596 kB
MemFree:         1112564 kB
MemAvailable:    1500856 kB
Buffers:           56300 kB
Cached:           442452 kB
MemTotal:        1844596 kB
MemFree:         1112456 kB
MemAvailable:    1500748 kB
Buffers:           56300 kB
Cached:           442452 kB
MemTotal:        1844596 kB
MemFree:         1111200 kB
MemAvailable:    1499492 kB
Buffers:           56300 kB
Cached:           442452 kB
MemTotal:        1844596 kB
MemFree:         1112500 kB
MemAvailable:    1500792 kB
Buffers:           56300 kB
Cached:           442452 kB
MemTotal:        1844596 kB
MemFree:         1111068 kB
MemAvailable:    1499360 kB
Buffers:           56300 kB
Cached:           442452 kB
MemTotal:        1844596 kB
MemFree:         1111068 kB
MemAvailable:    1499360 kB
Buffers:           56300 kB
Cached:           442452 kB
MemTotal:        1844596 kB
MemFree:         1112368 kB
MemAvailable:    1500660 kB
Buffers:           56300 kB
Cached:           442452 kB
MemTotal:        1844596 kB
MemFree:         1110808 kB
MemAvailable:    1499100 kB
Buffers:           56300 kB
Cached:           442452 kB
MemTotal:        1844596 kB
MemFree:         1110968 kB
MemAvailable:    1499260 kB
Buffers:           56300 kB
Cached:           442452 kB
MemTotal:        1844596 kB
MemFree:         1110960 kB
MemAvailable:    1499252 kB
Buffers:           56300 kB
Cached:           442452 kB
MemTotal:        1844596 kB
MemFree:         1110912 kB
MemAvailable:    1499212 kB
Buffers:           56300 kB
Cached:           442460 kB
MemTotal:        1844596 kB
MemFree:         1110712 kB
MemAvailable:    1499012 kB
Buffers:           56300 kB
Cached:           442460 kB
MemTotal:        1844596 kB
MemFree:         1110464 kB
MemAvailable:    1498764 kB
Buffers:           56300 kB
Cached:           442460 kB
MemTotal:        1844596 kB
MemFree:         1109596 kB
MemAvailable:    1497896 kB
Buffers:           56300 kB
Cached:           442460 kB
MemTotal:        1844596 kB
MemFree:         1103652 kB
MemAvailable:    1491952 kB
Buffers:           56300 kB
Cached:           442460 kB
MemTotal:        1844596 kB
MemFree:         1103024 kB
MemAvailable:    1491324 kB
Buffers:           56300 kB
Cached:           442460 kB
MemTotal:        1844596 kB
MemFree:         1103024 kB
MemAvailable:    1491324 kB
Buffers:           56300 kB
Cached:           442460 kB
MemTotal:        1844596 kB
MemFree:         1104208 kB
MemAvailable:    1492508 kB
Buffers:           56300 kB
Cached:           442460 kB
MemTotal:        1844596 kB
MemFree:         1103528 kB
MemAvailable:    1491828 kB
Buffers:           56300 kB
Cached:           442460 kB
MemTotal:        1844596 kB
MemFree:         1104328 kB
MemAvailable:    1492628 kB
Buffers:           56300 kB
Cached:           442460 kB
MemTotal:        1844596 kB
MemFree:         1104496 kB
MemAvailable:    1492796 kB
Buffers:           56300 kB
Cached:           442460 kB
MemTotal:        1844596 kB
MemFree:         1105924 kB
MemAvailable:    1494308 kB
Buffers:           56300 kB
Cached:           442584 kB
MemTotal:        1844596 kB
MemFree:         1105512 kB
MemAvailable:    1493896 kB
Buffers:           56300 kB
Cached:           442584 kB
MemTotal:        1844596 kB
MemFree:         1104208 kB
MemAvailable:    1492676 kB
Buffers:           56300 kB
Cached:           442708 kB
MemTotal:        1844596 kB
MemFree:         1105664 kB
MemAvailable:    1494216 kB
Buffers:           56300 kB
Cached:           442832 kB
MemTotal:        1844596 kB
MemFree:         1105640 kB
MemAvailable:    1494360 kB
Buffers:           56300 kB
Cached:           442956 kB
MemTotal:        1844596 kB
MemFree:         1104520 kB
MemAvailable:    1493324 kB
Buffers:           56300 kB
Cached:           442956 kB
MemTotal:        1844596 kB
MemFree:         1103844 kB
MemAvailable:    1492732 kB
Buffers:           56300 kB
Cached:           443080 kB
MemTotal:        1844596 kB
MemFree:         1105144 kB
MemAvailable:    1494032 kB
Buffers:           56300 kB
Cached:           443080 kB
MemTotal:        1844596 kB
MemFree:         1103584 kB
MemAvailable:    1492472 kB
Buffers:           56300 kB
Cached:           443080 kB
MemTotal:        1844596 kB
MemFree:         1104988 kB
MemAvailable:    1493960 kB
Buffers:           56300 kB
Cached:           443080 kB
MemTotal:        1844596 kB
MemFree:         1104976 kB
MemAvailable:    1493948 kB
Buffers:           56300 kB
Cached:           443080 kB
MemTotal:        1844596 kB
MemFree:         1104976 kB
MemAvailable:    1493948 kB
Buffers:           56300 kB
Cached:           443080 kB
MemTotal:        1844596 kB
MemFree:         1105000 kB
MemAvailable:    1493972 kB
Buffers:           56300 kB
Cached:           443080 kB
MemTotal:        1844596 kB
MemFree:         1105140 kB
MemAvailable:    1494112 kB
Buffers:           56300 kB
Cached:           443080 kB
MemTotal:        1844596 kB
MemFree:         1105396 kB
MemAvailable:    1493696 kB
Buffers:           56300 kB
Cached:           442448 kB
MemTotal:        1844596 kB
MemFree:         1105820 kB
MemAvailable:    1494120 kB
Buffers:           56300 kB
Cached:           442448 kB
MemTotal:        1844596 kB
MemFree:         1169868 kB
MemAvailable:    1558168 kB
Buffers:           56300 kB
Cached:           442448 kB
