MemTotal:        1844596 kB
MemFree:         1204596 kB
MemAvailable:    1563396 kB
Buffers:           53056 kB
Cached:           418492 kB
MemTotal:        1844596 kB
MemFree:         1176704 kB
MemAvailable:    1535508 kB
Buffers:           53056 kB
Cached:           418496 kB
MemTotal:        1844596 kB
MemFree:         1175712 kB
MemAvailable:    1534516 kB
Buffers:           53056 kB
Cached:           418496 kB
MemTotal:        1844596 kB
MemFree:         1174472 kB
MemAvailable:    1533276 kB
Buffers:           53056 kB
Cached:           418496 kB
MemTotal:        1844596 kB
MemFree:         1172372 kB
MemAvailable:    1531176 kB
Buffers:           53056 kB
Cached:           418496 kB
MemTotal:        1844596 kB
MemFree:         1173440 kB
MemAvailable:    1532244 kB
Buffers:           53056 kB
Cached:           418496 kB
MemTotal:        1844596 kB
MemFree:         1171124 kB
MemAvailable:    1529928 kB
Buffers:           53056 kB
Cached:           418496 kB
MemTotal:        1844596 kB
MemFree:         1168776 kB
MemAvailable:    1527580 kB
Buffers:           53056 kB
Cached:           418496 kB
MemTotal:        1844596 kB
MemFree:         1164552 kB
MemAvailable:    1523356 kB
Buffers:           53056 kB
Cached:           418496 kB
MemTotal:        1844596 kB
MemFree:         1161212 kB
MemAvailable:    1520016 kB
Buffers:           53056 kB
Cached:           418496 kB
MemTotal:        1844596 kB
MemFree:         1163776 kB
MemAvailable:    1522580 kB
Buffers:           53056 kB
Cached:           418496 kB
MemTotal:        1844596 kB
MemFree:         1163604 kB
MemAvailable:    1522408 kB
Buffers:           53056 kB
Cached:           418496 kB
MemTotal:        1844596 kB
MemFree:         1162404 kB
MemAvailable:    1521208 kB
Buffers:           53056 kB
Cached:           418496 kB
MemTotal:        1844596 kB
MemFree:         1163704 kB
MemAvailable:    1522508 kB
Buffers:           53056 kB
Cached:           418496 kB
MemTotal:        1844596 kB
MemFree:         1163188 kB
MemAvailable:    1521992 kB
Buffers:           53056 kB
Cached:           418496 kB
MemTotal:        1844596 kB
MemFree:         1163188 kB
MemAvailable:    1521992 kB
Buffers:           53056 kB
Cached:           418496 kB
MemTotal:        1844596 kB
MemFree:         1160460 kB
MemAvailable:    1519264 kB
Buffers:           53056 kB
Cached:           418496 kB
MemTotal:        1844596 kB
MemFree:         1159972 kB
MemAvailable:    1518776 kB
Buffers:           53056 kB
Cached:           418496 kB
MemTotal:        1844596 kB
MemFree:         1159972 kB
MemAvailable:    1518776 kB
Buffers:           53056 kB
Cached:           418496 kB
MemTotal:        1844596 kB
MemFree:         1159972 kB
MemAvailable:    1518776 kB
Buffers:           53056 kB
Cached:           418496 kB
MemTotal:        1844596 kB
MemFree:         1161144 kB
MemAvailable:    1519948 kB
Buffers:           53056 kB
Cached:           418496 kB
MemTotal:        1844596 kB
MemFree:         1161080 kB
MemAvailable:    1519884 kB
Buffers:           53056 kB
Cached:           418496 kB
MemTotal:        1844596 kB
MemFree:         1161052 kB
MemAvailable:    1519856 kB
Buffers:           53056 kB
Cached:           418496 kB
MemTotal:        1844596 kB
MemFree:         1161212 kB
MemAvailable:    1520016 kB
Buffers:           53056 kB
Cached:           418496 kB
MemTotal:        1844596 kB
MemFree:         1161144 kB
MemAvailable:    1519948 kB
Buffers:           53056 kB
Cached:           418496 kB
MemTotal:        1844596 kB
MemFree:         1160964 kB
MemAvailable:    1519768 kB
Buffers:           53056 kB
Cached:           418496 kB
MemTotal:        1844596 kB
MemFree:         1162400 kB
MemAvailable:    1521204 kB
Buffers:           53056 kB
Cached:           418496 kB
MemTotal:        1844596 kB
MemFree:         1162452 kB
MemAvailable:    1521256 kB
Buffers:           53056 kB
Cached:           418496 kB
MemTotal:        1844596 kB
MemFree:         1159584 kB
MemAvailable:    1518388 kB
Buffers:           53056 kB
Cached:           418496 kB
MemTotal:        1844596 kB
MemFree:         1159796 kB
MemAvailable:    1518600 kB
Buffers:           53056 kB
Cached:           418496 kB
MemTotal:        1844596 kB
MemFree:         1158856 kB
MemAvailable:    1517660 kB
Buffers:           53056 kB
Cached:           418496 kB
MemTotal:        1844596 kB
MemFree:         1158172 kB
MemAvailable:    1516976 kB
Buffers:           53056 kB
Cached:           418496 kB
MemTotal:        1844596 kB
MemFree:         1158228 kB
MemAvailable:    1517032 kB
Buffers:           53056 kB
Cached:           418496 kB
MemTotal:        1844596 kB
MemFree:         1157304 kB
MemAvailable:    1516108 kB
Buffers:           53056 kB
Cached:           418496 kB
MemTotal:        1844596 kB
MemFree:         1156932 kB
MemAvailable:    1515736 kB
Buffers:           53056 kB
Cached:           418496 kB
MemTotal:        1844596 kB
MemFree:         1157184 kB
MemAvailable:    1515988 kB
Buffers:           53056 kB
Cached:           418496 kB
MemTotal:        1844596 kB
MemFree:         1155696 kB
MemAvailable:    1514500 kB
Buffers:           53056 kB
Cached:           418496 kB
MemTotal:        1844596 kB
MemFree:         1156984 kB
MemAvailable:    1515788 kB
Buffers:           53056 kB
Cached:           418496 kB
MemTotal:        1844596 kB
MemFree:         1156128 kB
MemAvailable:    1514932 kB
Buffers:           53056 kB
Cached:           418496 kB
MemTotal:        1844596 kB
MemFree:         1156872 kB
MemAvailable:    1515676 kB
Buffers:           53056 kB
Cached:           418496 kB
MemTotal:        1844596 kB
MemFree:         1155368 kB
MemAvailable:    1514172 kB
Buffers:           53056 kB
Cached:           418496 kB
MemTotal:        1844596 kB
MemFree:         1155244 kB
MemAvailable:    1514048 kB
Buffers:           53056 kB
Cached:           418496 kB
MemTotal:        1844596 kB
MemFree:         1155012 kB
MemAvailable:    1513816 kB
Buffers:           53056 kB
Cached:           418496 kB
MemTotal:        1844596 kB
MemFree:         1154708 kB
MemAvailable:    1513512 kB
Buffers:           53056 kB
Cached:           418496 kB
MemTotal:        1844596 kB
MemFree:         1154832 kB
MemAvailable:    1513636 kB
Buffers:           53056 kB
Cached:           418496 kB
MemTotal:        1844596 kB
MemFree:         1155880 kB
MemAvailable:    1514684 kB
Buffers:           53056 kB
Cached:           418496 kB
MemTotal:        1844596 kB
MemFree:         1154716 kB
MemAvailable:    1513520 kB
Buffers:           53056 kB
Cached:           418496 kB
MemTotal:        1844596 kB
MemFree:         1154888 kB
MemAvailable:    1513692 kB
Buffers:           53056 kB
Cached:           418496 kB
MemTotal:        1844596 kB
MemFree:         1154632 kB
MemAvailable:    1513436 kB
Buffers:           53056 kB
Cached:           418496 kB
MemTotal:        1844596 kB
MemFree:         1154756 kB
MemAvailable:    1513560 kB
Buffers:           53056 kB
Cached:           418496 kB
MemTotal:        1844596 kB
MemFree:         1155940 kB
MemAvailable:    1514744 kB
Buffers:           53056 kB
Cached:           418496 kB
MemTotal:        1844596 kB
MemFree:         1155756 kB
MemAvailable:    1514560 kB
Buffers:           53056 kB
Cached:           418496 kB
MemTotal:        1844596 kB
MemFree:         1155808 kB
MemAvailable:    1514612 kB
Buffers:           53056 kB
Cached:           418496 kB
MemTotal:        1844596 kB
MemFree:         1154376 kB
MemAvailable:    1513180 kB
Buffers:           53056 kB
Cached:           418496 kB
MemTotal:        1844596 kB
MemFree:         1155460 kB
MemAvailable:    1514272 kB
Buffers:           53056 kB
Cached:           418500 kB
MemTotal:        1844596 kB
MemFree:         1155436 kB
MemAvailable:    1514248 kB
Buffers:           53056 kB
Cached:           418500 kB
MemTotal:        1844596 kB
MemFree:         1155104 kB
MemAvailable:    1513916 kB
Buffers:           53056 kB
Cached:           418500 kB
MemTotal:        1844596 kB
MemFree:         1154392 kB
MemAvailable:    1513204 kB
Buffers:           53056 kB
Cached:           418500 kB
MemTotal:        1844596 kB
MemFree:         1154932 kB
MemAvailable:    1513744 kB
Buffers:           53056 kB
Cached:           418500 kB
MemTotal:        1844596 kB
MemFree:         1153840 kB
MemAvailable:    1512652 kB
Buffers:           53056 kB
Cached:           418500 kB
MemTotal:        1844596 kB
MemFree:         1155080 kB
MemAvailable:    1513892 kB
Buffers:           53056 kB
Cached:           418500 kB
MemTotal:        1844596 kB
MemFree:         1153840 kB
MemAvailable:    1512652 kB
Buffers:           53056 kB
Cached:           418500 kB
MemTotal:        1844596 kB
MemFree:         1155140 kB
MemAvailable:    1513952 kB
Buffers:           53056 kB
Cached:           418500 kB
MemTotal:        1844596 kB
MemFree:         1154928 kB
MemAvailable:    1513740 kB
Buffers:           53056 kB
Cached:           418500 kB
MemTotal:        1844596 kB
MemFree:         1155180 kB
MemAvailable:    1513992 kB
Buffers:           53056 kB
Cached:           418500 kB
MemTotal:        1844596 kB
MemFree:         1154820 kB
MemAvailable:    1513632 kB
Buffers:           53056 kB
Cached:           418500 kB
MemTotal:        1844596 kB
MemFree:         1152160 kB
MemAvailable:    1510972 kB
Buffers:           53056 kB
Cached:           418500 kB
MemTotal:        1844596 kB
MemFree:         1149672 kB
MemAvailable:    1508484 kB
Buffers:           53056 kB
Cached:           418500 kB
MemTotal:        1844596 kB
MemFree:         1146820 kB
MemAvailable:    1505632 kB
Buffers:           53056 kB
Cached:           418500 kB
MemTotal:        1844596 kB
MemFree:         1146456 kB
MemAvailable:    1505268 kB
Buffers:           53056 kB
Cached:           418500 kB
MemTotal:        1844596 kB
MemFree:         1147448 kB
MemAvailable:    1506260 kB
Buffers:           53056 kB
Cached:           418500 kB
MemTotal:        1844596 kB
MemFree:         1147432 kB
MemAvailable:    1506244 kB
Buffers:           53056 kB
Cached:           418500 kB
MemTotal:        1844596 kB
MemFree:         1145944 kB
MemAvailable:    1504756 kB
Buffers:           53056 kB
Cached:           418500 kB
MemTotal:        1844596 kB
MemFree:         1146076 kB
MemAvailable:    1504888 kB
Buffers:           53056 kB
Cached:           418500 kB
MemTotal:        1844596 kB
MemFree:         1147176 kB
MemAvailable:    1505988 kB
Buffers:           53056 kB
Cached:           418500 kB
MemTotal:        1844596 kB
MemFree:         1146580 kB
MemAvailable:    1505392 kB
Buffers:           53056 kB
Cached:           418500 kB
MemTotal:        1844596 kB
MemFree:         1147188 kB
MemAvailable:    1506000 kB
Buffers:           53056 kB
Cached:           418500 kB
MemTotal:        1844596 kB
MemFree:         1146332 kB
MemAvailable:    1505144 kB
Buffers:           53056 kB
Cached:           418500 kB
MemTotal:        1844596 kB
MemFree:         1147104 kB
MemAvailable:    1505916 kB
Buffers:           53056 kB
Cached:           418500 kB
MemTotal:        1844596 kB
MemFree:         1147276 kB
MemAvailable:    1506088 kB
Buffers:           53056 kB
Cached:           418500 kB
MemTotal:        1844596 kB
MemFree:         1147080 kB
MemAvailable:    1505892 kB
Buffers:           53056 kB
Cached:           418500 kB
MemTotal:        1844596 kB
MemFree:         1145816 kB
MemAvailable:    1504628 kB
Buffers:           53056 kB
Cached:           418500 kB
MemTotal:        1844596 kB
MemFree:         1146936 kB
MemAvailable:    1505748 kB
Buffers:           53056 kB
Cached:           418500 kB
MemTotal:        1844596 kB
MemFree:         1145892 kB
MemAvailable:    1504704 kB
Buffers:           53056 kB
Cached:           418500 kB
MemTotal:        1844596 kB
MemFree:         1145340 kB
MemAvailable:    1504152 kB
Buffers:           53056 kB
Cached:           418500 kB
MemTotal:        1844596 kB
MemFree:         1144828 kB
MemAvailable:    1503640 kB
Buffers:           53056 kB
Cached:           418500 kB
MemTotal:        1844596 kB
MemFree:         1145712 kB
MemAvailable:    1504524 kB
Buffers:           53056 kB
Cached:           418500 kB
MemTotal:        1844596 kB
MemFree:         1144340 kB
MemAvailable:    1503152 kB
Buffers:           53056 kB
Cached:           418500 kB
MemTotal:        1844596 kB
MemFree:         1145276 kB
MemAvailable:    1504088 kB
Buffers:           53056 kB
Cached:           418500 kB
MemTotal:        1844596 kB
MemFree:         1144408 kB
MemAvailable:    1503220 kB
Buffers:           53056 kB
Cached:           418500 kB
MemTotal:        1844596 kB
MemFree:         1143108 kB
MemAvailable:    1501920 kB
Buffers:           53056 kB
Cached:           418500 kB
MemTotal:        1844596 kB
MemFree:         1143788 kB
MemAvailable:    1502600 kB
Buffers:           53056 kB
Cached:           418500 kB
MemTotal:        1844596 kB
MemFree:         1142488 kB
MemAvailable:    1501300 kB
Buffers:           53056 kB
Cached:           418500 kB
MemTotal:        1844596 kB
MemFree:         1143340 kB
MemAvailable:    1502152 kB
Buffers:           53056 kB
Cached:           418500 kB
MemTotal:        1844596 kB
MemFree:         1143552 kB
MemAvailable:    1502364 kB
Buffers:           53056 kB
Cached:           418500 kB
MemTotal:        1844596 kB
MemFree:         1143348 kB
MemAvailable:    1502160 kB
Buffers:           53056 kB
Cached:           418500 kB
MemTotal:        1844596 kB
MemFree:         1143176 kB
MemAvailable:    1501988 kB
Buffers:           53056 kB
Cached:           418500 kB
MemTotal:        1844596 kB
MemFree:         1142308 kB
MemAvailable:    1501120 kB
Buffers:           53056 kB
Cached:           418500 kB
MemTotal:        1844596 kB
MemFree:         1141928 kB
MemAvailable:    1500740 kB
Buffers:           53056 kB
Cached:           418500 kB
MemTotal:        1844596 kB
MemFree:         1143212 kB
MemAvailable:    1502024 kB
Buffers:           53056 kB
Cached:           418500 kB
MemTotal:        1844596 kB
MemFree:         1141924 kB
MemAvailable:    1500736 kB
Buffers:           53056 kB
Cached:           418500 kB
MemTotal:        1844596 kB
MemFree:         1141620 kB
MemAvailable:    1500432 kB
Buffers:           53056 kB
Cached:           418500 kB
MemTotal:        1844596 kB
MemFree:         1141124 kB
MemAvailable:    1499936 kB
Buffers:           53056 kB
Cached:           418500 kB
MemTotal:        1844596 kB
MemFree:         1134304 kB
MemAvailable:    1493116 kB
Buffers:           53056 kB
Cached:           418500 kB
MemTotal:        1844596 kB
MemFree:         1134172 kB
MemAvailable:    1492984 kB
Buffers:           53056 kB
Cached:           418500 kB
MemTotal:        1844596 kB
MemFree:         1135348 kB
MemAvailable:    1494160 kB
Buffers:           53056 kB
Cached:           418500 kB
MemTotal:        1844596 kB
MemFree:         1135348 kB
MemAvailable:    1494160 kB
Buffers:           53056 kB
Cached:           418500 kB
MemTotal:        1844596 kB
MemFree:         1135404 kB
MemAvailable:    1494216 kB
Buffers:           53056 kB
Cached:           418500 kB
MemTotal:        1844596 kB
MemFree:         1135300 kB
MemAvailable:    1494112 kB
Buffers:           53056 kB
Cached:           418500 kB
MemTotal:        1844596 kB
MemFree:         1135968 kB
MemAvailable:    1494780 kB
Buffers:           53056 kB
Cached:           418500 kB
MemTotal:        1844596 kB
MemFree:         1135792 kB
MemAvailable:    1494604 kB
Buffers:           53056 kB
Cached:           418500 kB
MemTotal:        1844596 kB
MemFree:         1136844 kB
MemAvailable:    1495908 kB
Buffers:           53056 kB
Cached:           418748 kB
MemTotal:        1844596 kB
MemFree:         1136652 kB
MemAvailable:    1495800 kB
Buffers:           53056 kB
Cached:           418872 kB
MemTotal:        1844596 kB
MemFree:         1136448 kB
MemAvailable:    1495680 kB
Buffers:           53056 kB
Cached:           418996 kB
MemTotal:        1844596 kB
MemFree:         1134728 kB
MemAvailable:    1493960 kB
Buffers:           53056 kB
Cached:           418996 kB
MemTotal:        1844596 kB
MemFree:         1136204 kB
MemAvailable:    1495604 kB
Buffers:           53056 kB
Cached:           419120 kB
MemTotal:        1844596 kB
MemFree:         1134716 kB
MemAvailable:    1494200 kB
Buffers:           53056 kB
Cached:           419120 kB
MemTotal:        1844596 kB
MemFree:         1136156 kB
MemAvailable:    1495640 kB
Buffers:           53056 kB
Cached:           419120 kB
MemTotal:        1844596 kB
MemFree:         1135892 kB
MemAvailable:    1495404 kB
Buffers:           53056 kB
Cached:           419200 kB
MemTotal:        1844596 kB
MemFree:         1136144 kB
MemAvailable:    1495656 kB
Buffers:           53064 kB
Cached:           419192 kB
MemTotal:        1844596 kB
MemFree:         1134924 kB
MemAvailable:    1494436 kB
Buffers:           53068 kB
Cached:           419188 kB
MemTotal:        1844596 kB
MemFree:         1135908 kB
MemAvailable:    1495420 kB
Buffers:           53068 kB
Cached:           419188 kB
MemTotal:        1844596 kB
MemFree:         1134924 kB
MemAvailable:    1494436 kB
Buffers:           53068 kB
Cached:           419188 kB
MemTotal:        1844596 kB
MemFree:         1136396 kB
MemAvailable:    1495248 kB
Buffers:           53068 kB
Cached:           418484 kB
MemTotal:        1844596 kB
MemFree:         1204440 kB
MemAvailable:    1563292 kB
Buffers:           53068 kB
Cached:           418484 kB
