MemTotal:        1844596 kB
MemFree:         1452356 kB
MemAvailable:    1595148 kB
Buffers:           22576 kB
Cached:           233152 kB
MemTotal:        1844596 kB
MemFree:         1426464 kB
MemAvailable:    1569260 kB
Buffers:           22576 kB
Cached:           233156 kB
MemTotal:        1844596 kB
MemFree:         1425348 kB
MemAvailable:    1568144 kB
Buffers:           22576 kB
Cached:           233156 kB
MemTotal:        1844596 kB
MemFree:         1424240 kB
MemAvailable:    1567036 kB
Buffers:           22576 kB
Cached:           233156 kB
MemTotal:        1844596 kB
MemFree:         1422132 kB
MemAvailable:    1564928 kB
Buffers:           22576 kB
Cached:           233156 kB
MemTotal:        1844596 kB
MemFree:         1420628 kB
MemAvailable:    1563424 kB
Buffers:           22576 kB
Cached:           233156 kB
MemTotal:        1844596 kB
MemFree:         1420132 kB
MemAvailable:    1562928 kB
Buffers:           22576 kB
Cached:           233156 kB
MemTotal:        1844596 kB
MemFree:         1420620 kB
MemAvailable:    1563416 kB
Buffers:           22576 kB
Cached:           233156 kB
MemTotal:        1844596 kB
MemFree:         1420500 kB
MemAvailable:    1563296 kB
Buffers:           22576 kB
Cached:           233156 kB
MemTotal:        1844596 kB
MemFree:         1416040 kB
MemAvailable:    1558836 kB
Buffers:           22576 kB
Cached:           233156 kB
MemTotal:        1844596 kB
MemFree:         1416124 kB
MemAvailable:    1558920 kB
Buffers:           22576 kB
Cached:           233156 kB
MemTotal:        1844596 kB
MemFree:         1411768 kB
MemAvailable:    1554564 kB
Buffers:           22576 kB
Cached:           233156 kB
MemTotal:        1844596 kB
MemFree:         1409352 kB
MemAvailable:    1552148 kB
Buffers:           22576 kB
Cached:           233156 kB
MemTotal:        1844596 kB
MemFree:         1411504 kB
MemAvailable:    1554300 kB
Buffers:           22576 kB
Cached:           233156 kB
MemTotal:        1844596 kB
MemFree:         1411760 kB
MemAvailable:    1554556 kB
Buffers:           22576 kB
Cached:           233156 kB
MemTotal:        1844596 kB
MemFree:         1411544 kB
MemAvailable:    1554340 kB
Buffers:           22576 kB
Cached:           233156 kB
MemTotal:        1844596 kB
MemFree:         1411796 kB
MemAvailable:    1554592 kB
Buffers:           22576 kB
Cached:           233156 kB
MemTotal:        1844596 kB
MemFree:         1411528 kB
MemAvailable:    1554324 kB
Buffers:           22576 kB
Cached:           233156 kB
MemTotal:        1844596 kB
MemFree:         1410584 kB
MemAvailable:    1553380 kB
Buffers:           22576 kB
Cached:           233156 kB
MemTotal:        1844596 kB
MemFree:         1409968 kB
MemAvailable:    1552764 kB
Buffers:           22576 kB
Cached:           233156 kB
MemTotal:        1844596 kB
MemFree:         1410784 kB
MemAvailable:    1553580 kB
Buffers:           22576 kB
Cached:           233156 kB
MemTotal:        1844596 kB
MemFree:         1408864 kB
MemAvailable:    1551660 kB
Buffers:           22576 kB
Cached:           233156 kB
MemTotal:        1844596 kB
MemFree:         1409220 kB
MemAvailable:    1552016 kB
Buffers:           22576 kB
Cached:           233156 kB
MemTotal:        1844596 kB
MemFree:         1409304 kB
MemAvailable:    1552100 kB
Buffers:           22576 kB
Cached:           233156 kB
MemTotal:        1844596 kB
MemFree:         1408916 kB
MemAvailable:    1551712 kB
Buffers:           22576 kB
Cached:           233156 kB
MemTotal:        1844596 kB
MemFree:         1408916 kB
MemAvailable:    1551712 kB
Buffers:           22576 kB
Cached:           233156 kB
MemTotal:        1844596 kB
MemFree:         1408924 kB
MemAvailable:    1551720 kB
Buffers:           22576 kB
Cached:           233156 kB
MemTotal:        1844596 kB
MemFree:         1409180 kB
MemAvailable:    1551976 kB
Buffers:           22576 kB
Cached:           233156 kB
MemTotal:        1844596 kB
MemFree:         1409104 kB
MemAvailable:    1551900 kB
Buffers:           22576 kB
Cached:           233156 kB
MemTotal:        1844596 kB
MemFree:         1409308 kB
MemAvailable:    1552104 kB
Buffers:           22576 kB
Cached:           233156 kB
MemTotal:        1844596 kB
MemFree:         1408368 kB
MemAvailable:    1551164 kB
Buffers:           22576 kB
Cached:           233156 kB
MemTotal:        1844596 kB
MemFree:         1408924 kB
MemAvailable:    1551720 kB
Buffers:           22576 kB
Cached:           233156 kB
MemTotal:        1844596 kB
MemFree:         1409180 kB
MemAvailable:    1551976 kB
Buffers:           22576 kB
Cached:           233156 kB
MemTotal:        1844596 kB
MemFree:         1410324 kB
MemAvailable:    1553120 kB
Buffers:           22576 kB
Cached:           233156 kB
MemTotal:        1844596 kB
MemFree:         1410404 kB
MemAvailable:    1553200 kB
Buffers:           22576 kB
Cached:           233156 kB
MemTotal:        1844596 kB
MemFree:         1407800 kB
MemAvailable:    1550596 kB
Buffers:           22576 kB
Cached:           233156 kB
MemTotal:        1844596 kB
MemFree:         1407624 kB
MemAvailable:    1550420 kB
Buffers:           22576 kB
Cached:           233156 kB
MemTotal:        1844596 kB
MemFree:         1406484 kB
MemAvailable:    1549280 kB
Buffers:           22576 kB
Cached:           233156 kB
MemTotal:        1844596 kB
MemFree:         1406736 kB
MemAvailable:    1549532 kB
Buffers:           22576 kB
Cached:           233156 kB
MemTotal:        1844596 kB
MemFree:         1406072 kB
MemAvailable:    1548868 kB
Buffers:           22576 kB
Cached:           233156 kB
MemTotal:        1844596 kB
MemFree:         1404648 kB
MemAvailable:    1547444 kB
Buffers:           22576 kB
Cached:           233156 kB
MemTotal:        1844596 kB
MemFree:         1405260 kB
MemAvailable:    1548056 kB
Buffers:           22576 kB
Cached:           233156 kB
MemTotal:        1844596 kB
MemFree:         1405128 kB
MemAvailable:    1547924 kB
Buffers:           22576 kB
Cached:           233156 kB
MemTotal:        1844596 kB
MemFree:         1404832 kB
MemAvailable:    1547628 kB
Buffers:           22576 kB
Cached:           233156 kB
MemTotal:        1844596 kB
MemFree:         1403904 kB
MemAvailable:    1546700 kB
Buffers:           22576 kB
Cached:           233156 kB
MemTotal:        1844596 kB
MemFree:         1404868 kB
MemAvailable:    1547664 kB
Buffers:           22576 kB
Cached:           233156 kB
MemTotal:        1844596 kB
MemFree:         1404868 kB
MemAvailable:    1547664 kB
Buffers:           22576 kB
Cached:           233156 kB
MemTotal:        1844596 kB
MemFree:         1404700 kB
MemAvailable:    1547496 kB
Buffers:           22576 kB
Cached:           233156 kB
MemTotal:        1844596 kB
MemFree:         1404952 kB
MemAvailable:    1547748 kB
Buffers:           22576 kB
Cached:           233156 kB
MemTotal:        1844596 kB
MemFree:         1403460 kB
MemAvailable:    1546256 kB
Buffers:           22576 kB
Cached:           233156 kB
MemTotal:        1844596 kB
MemFree:         1404392 kB
MemAvailable:    1547188 kB
Buffers:           22576 kB
Cached:           233156 kB
MemTotal:        1844596 kB
MemFree:         1404372 kB
MemAvailable:    1547168 kB
Buffers:           22576 kB
Cached:           233156 kB
MemTotal:        1844596 kB
MemFree:         1404120 kB
MemAvailable:    1546916 kB
Buffers:           22576 kB
Cached:           233156 kB
MemTotal:        1844596 kB
MemFree:         1404204 kB
MemAvailable:    1547000 kB
Buffers:           22576 kB
Cached:           233156 kB
MemTotal:        1844596 kB
MemFree:         1404468 kB
MemAvailable:    1547264 kB
Buffers:           22576 kB
Cached:           233156 kB
MemTotal:        1844596 kB
MemFree:         1404268 kB
MemAvailable:    1547064 kB
Buffers:           22576 kB
Cached:           233156 kB
MemTotal:        1844596 kB
MemFree:         1404152 kB
MemAvailable:    1546948 kB
Buffers:           22576 kB
Cached:           233156 kB
MemTotal:        1844596 kB
MemFree:         1403888 kB
MemAvailable:    1546684 kB
Buffers:           22576 kB
Cached:           233156 kB
MemTotal:        1844596 kB
MemFree:         1403892 kB
MemAvailable:    1546688 kB
Buffers:           22576 kB
Cached:           233156 kB
MemTotal:        1844596 kB
MemFree:         1403892 kB
MemAvailable:    1546688 kB
Buffers:           22576 kB
Cached:           233156 kB
MemTotal:        1844596 kB
MemFree:         1403884 kB
MemAvailable:    1546680 kB
Buffers:           22576 kB
Cached:           233156 kB
MemTotal:        1844596 kB
MemFree:         1403920 kB
MemAvailable:    1546716 kB
Buffers:           22576 kB
Cached:           233156 kB
MemTotal:        1844596 kB
MemFree:         1403036 kB
MemAvailable:    1545832 kB
Buffers:           22576 kB
Cached:           233156 kB
MemTotal:        1844596 kB
MemFree:         1403952 kB
MemAvailable:    1546748 kB
Buffers:           22576 kB
Cached:           233156 kB
MemTotal:        1844596 kB
MemFree:         1402640 kB
MemAvailable:    1545436 kB
Buffers:           22576 kB
Cached:           233156 kB
MemTotal:        1844596 kB
MemFree:         1403816 kB
MemAvailable:    1546612 kB
Buffers:           22576 kB
Cached:           233156 kB
MemTotal:        1844596 kB
MemFree:         1403816 kB
MemAvailable:    1546612 kB
Buffers:           22576 kB
Cached:           233156 kB
MemTotal:        1844596 kB
MemFree:         1403516 kB
MemAvailable:    1546312 kB
Buffers:           22576 kB
Cached:           233156 kB
MemTotal:        1844596 kB
MemFree:         1403168 kB
MemAvailable:    1545964 kB
Buffers:           22576 kB
Cached:           233156 kB
MemTotal:        1844596 kB
MemFree:         1403152 kB
MemAvailable:    1545948 kB
Buffers:           22576 kB
Cached:           233156 kB
MemTotal:        1844596 kB
MemFree:         1403080 kB
MemAvailable:    1545876 kB
Buffers:           22576 kB
Cached:           233156 kB
MemTotal:        1844596 kB
MemFree:         1403204 kB
MemAvailable:    1546000 kB
Buffers:           22576 kB
Cached:           233156 kB
MemTotal:        1844596 kB
MemFree:         1403196 kB
MemAvailable:    1545992 kB
Buffers:           22576 kB
Cached:           233156 kB
MemTotal:        1844596 kB
MemFree:         1403136 kB
MemAvailable:    1545932 kB
Buffers:           22576 kB
Cached:           233156 kB
MemTotal:        1844596 kB
MemFree:         1402916 kB
MemAvailable:    1545712 kB
Buffers:           22576 kB
Cached:           233156 kB
MemTotal:        1844596 kB
MemFree:         1402848 kB
MemAvailable:    1545644 kB
Buffers:           22576 kB
Cached:           233156 kB
MemTotal:        1844596 kB
MemFree:         1403100 kB
MemAvailable:    1545896 kB
Buffers:           22576 kB
Cached:           233156 kB
MemTotal:        1844596 kB
MemFree:         1402832 kB
MemAvailable:    1545628 kB
Buffers:           22576 kB
Cached:           233156 kB
MemTotal:        1844596 kB
MemFree:         1402832 kB
MemAvailable:    1545628 kB
Buffers:           22576 kB
Cached:           233156 kB
MemTotal:        1844596 kB
MemFree:         1403020 kB
MemAvailable:    1545816 kB
Buffers:           22576 kB
Cached:           233156 kB
MemTotal:        1844596 kB
MemFree:         1401476 kB
MemAvailable:    1544272 kB
Buffers:           22576 kB
Cached:           233156 kB
MemTotal:        1844596 kB
MemFree:         1401352 kB
MemAvailable:    1544148 kB
Buffers:           22576 kB
Cached:           233156 kB
MemTotal:        1844596 kB
MemFree:         1398572 kB
MemAvailable:    1541368 kB
Buffers:           22576 kB
Cached:           233156 kB
MemTotal:        1844596 kB
MemFree:         1393836 kB
MemAvailable:    1536632 kB
Buffers:           22576 kB
Cached:           233156 kB
MemTotal:        1844596 kB
MemFree:         1395588 kB
MemAvailable:    1538384 kB
Buffers:           22576 kB
Cached:           233156 kB
MemTotal:        1844596 kB
MemFree:         1395184 kB
MemAvailable:    1537980 kB
Buffers:           22576 kB
Cached:           233156 kB
MemTotal:        1844596 kB
MemFree:         1395268 kB
MemAvailable:    1538064 kB
Buffers:           22576 kB
Cached:           233156 kB
MemTotal:        1844596 kB
MemFree:         1395040 kB
MemAvailable:    1537836 kB
Buffers:           22576 kB
Cached:           233156 kB
MemTotal:        1844596 kB
MemFree:         1395116 kB
MemAvailable:    1537912 kB
Buffers:           22576 kB
Cached:           233156 kB
MemTotal:        1844596 kB
MemFree:         1395108 kB
MemAvailable:    1537904 kB
Buffers:           22576 kB
Cached:           233156 kB
MemTotal:        1844596 kB
MemFree:         1394992 kB
MemAvailable:    1537788 kB
Buffers:           22576 kB
Cached:           233156 kB
MemTotal:        1844596 kB
MemFree:         1395104 kB
MemAvailable:    1537900 kB
Buffers:           22576 kB
Cached:           233156 kB
MemTotal:        1844596 kB
MemFree:         1395044 kB
MemAvailable:    1537840 kB
Buffers:           22576 kB
Cached:           233156 kB
MemTotal:        1844596 kB
MemFree:         1395148 kB
MemAvailable:    1537944 kB
Buffers:           22576 kB
Cached:           233156 kB
MemTotal:        1844596 kB
MemFree:         1393984 kB
MemAvailable:    1536780 kB
Buffers:           22576 kB
Cached:           233156 kB
MemTotal:        1844596 kB
MemFree:         1395224 kB
MemAvailable:    1538028 kB
Buffers:           22576 kB
Cached:           233164 kB
MemTotal:        1844596 kB
MemFree:         1393984 kB
MemAvailable:    1536788 kB
Buffers:           22576 kB
Cached:           233164 kB
MemTotal:        1844596 kB
MemFree:         1394980 kB
MemAvailable:    1537784 kB
Buffers:           22576 kB
Cached:           233164 kB
MemTotal:        1844596 kB
MemFree:         1394856 kB
MemAvailable:    1537664 kB
Buffers:           22576 kB
Cached:           233168 kB
MemTotal:        1844596 kB
MemFree:         1393928 kB
MemAvailable:    1536736 kB
Buffers:           22576 kB
Cached:           233168 kB
MemTotal:        1844596 kB
MemFree:         1395104 kB
MemAvailable:    1537912 kB
Buffers:           22576 kB
Cached:           233168 kB
MemTotal:        1844596 kB
MemFree:         1393612 kB
MemAvailable:    1536420 kB
Buffers:           22576 kB
Cached:           233168 kB
MemTotal:        1844596 kB
MemFree:         1394348 kB
MemAvailable:    1537156 kB
Buffers:           22576 kB
Cached:           233168 kB
MemTotal:        1844596 kB
MemFree:         1394348 kB
MemAvailable:    1537156 kB
Buffers:           22576 kB
Cached:           233168 kB
MemTotal:        1844596 kB
MemFree:         1394108 kB
MemAvailable:    1536916 kB
Buffers:           22576 kB
Cached:           233168 kB
MemTotal:        1844596 kB
MemFree:         1393364 kB
MemAvailable:    1536172 kB
Buffers:           22576 kB
Cached:           233168 kB
MemTotal:        1844596 kB
MemFree:         1393176 kB
MemAvailable:    1535984 kB
Buffers:           22576 kB
Cached:           233168 kB
MemTotal:        1844596 kB
MemFree:         1393428 kB
MemAvailable:    1536236 kB
Buffers:           22576 kB
Cached:           233168 kB
MemTotal:        1844596 kB
MemFree:         1392936 kB
MemAvailable:    1535744 kB
Buffers:           22576 kB
Cached:           233168 kB
MemTotal:        1844596 kB
MemFree:         1392936 kB
MemAvailable:    1535744 kB
Buffers:           22576 kB
Cached:           233168 kB
MemTotal:        1844596 kB
MemFree:         1392184 kB
MemAvailable:    1534992 kB
Buffers:           22576 kB
Cached:           233168 kB
MemTotal:        1844596 kB
MemFree:         1392208 kB
MemAvailable:    1535016 kB
Buffers:           22576 kB
Cached:           233168 kB
MemTotal:        1844596 kB
MemFree:         1391876 kB
MemAvailable:    1534684 kB
Buffers:           22576 kB
Cached:           233168 kB
MemTotal:        1844596 kB
MemFree:         1390628 kB
MemAvailable:    1533436 kB
Buffers:           22576 kB
Cached:           233168 kB
MemTotal:        1844596 kB
MemFree:         1391256 kB
MemAvailable:    1534064 kB
Buffers:           22576 kB
Cached:           233168 kB
MemTotal:        1844596 kB
MemFree:         1391432 kB
MemAvailable:    1534240 kB
Buffers:           22576 kB
Cached:           233168 kB
MemTotal:        1844596 kB
MemFree:         1391432 kB
MemAvailable:    1534240 kB
Buffers:           22576 kB
Cached:           233168 kB
MemTotal:        1844596 kB
MemFree:         1391296 kB
MemAvailable:    1534104 kB
Buffers:           22576 kB
Cached:           233168 kB
MemTotal:        1844596 kB
MemFree:         1389968 kB
MemAvailable:    1532776 kB
Buffers:           22576 kB
Cached:           233168 kB
MemTotal:        1844596 kB
MemFree:         1390348 kB
MemAvailable:    1533156 kB
Buffers:           22576 kB
Cached:           233168 kB
MemTotal:        1844596 kB
MemFree:         1391400 kB
MemAvailable:    1534208 kB
Buffers:           22576 kB
Cached:           233168 kB
MemTotal:        1844596 kB
MemFree:         1391340 kB
MemAvailable:    1534148 kB
Buffers:           22576 kB
Cached:           233168 kB
MemTotal:        1844596 kB
MemFree:         1391216 kB
MemAvailable:    1534024 kB
Buffers:           22576 kB
Cached:           233168 kB
MemTotal:        1844596 kB
MemFree:         1391252 kB
MemAvailable:    1534060 kB
Buffers:           22576 kB
Cached:           233168 kB
MemTotal:        1844596 kB
MemFree:         1390260 kB
MemAvailable:    1533068 kB
Buffers:           22576 kB
Cached:           233168 kB
MemTotal:        1844596 kB
MemFree:         1390008 kB
MemAvailable:    1532816 kB
Buffers:           22576 kB
Cached:           233168 kB
MemTotal:        1844596 kB
MemFree:         1390628 kB
MemAvailable:    1533436 kB
Buffers:           22576 kB
Cached:           233168 kB
MemTotal:        1844596 kB
MemFree:         1390132 kB
MemAvailable:    1532940 kB
Buffers:           22576 kB
Cached:           233168 kB
MemTotal:        1844596 kB
MemFree:         1383668 kB
MemAvailable:    1526476 kB
Buffers:           22576 kB
Cached:           233168 kB
MemTotal:        1844596 kB
MemFree:         1383920 kB
MemAvailable:    1526728 kB
Buffers:           22576 kB
Cached:           233168 kB
MemTotal:        1844596 kB
MemFree:         1383544 kB
MemAvailable:    1526352 kB
Buffers:           22576 kB
Cached:           233168 kB
MemTotal:        1844596 kB
MemFree:         1383628 kB
MemAvailable:    1526436 kB
Buffers:           22576 kB
Cached:           233168 kB
MemTotal:        1844596 kB
MemFree:         1383440 kB
MemAvailable:    1526248 kB
Buffers:           22576 kB
Cached:           233168 kB
MemTotal:        1844596 kB
MemFree:         1383360 kB
MemAvailable:    1526168 kB
Buffers:           22576 kB
Cached:           233168 kB
MemTotal:        1844596 kB
MemFree:         1383360 kB
MemAvailable:    1526168 kB
Buffers:           22576 kB
Cached:           233168 kB
MemTotal:        1844596 kB
MemFree:         1385404 kB
MemAvailable:    1528212 kB
Buffers:           22576 kB
Cached:           233168 kB
MemTotal:        1844596 kB
MemFree:         1385364 kB
MemAvailable:    1528172 kB
Buffers:           22576 kB
Cached:           233168 kB
MemTotal:        1844596 kB
MemFree:         1384984 kB
MemAvailable:    1527960 kB
Buffers:           22576 kB
Cached:           233292 kB
MemTotal:        1844596 kB
MemFree:         1385152 kB
MemAvailable:    1528128 kB
Buffers:           22576 kB
Cached:           233292 kB
MemTotal:        1844596 kB
MemFree:         1384992 kB
MemAvailable:    1528136 kB
Buffers:           22576 kB
Cached:           233540 kB
MemTotal:        1844596 kB
MemFree:         1384924 kB
MemAvailable:    1528068 kB
Buffers:           22576 kB
Cached:           233540 kB
MemTotal:        1844596 kB
MemFree:         1383312 kB
MemAvailable:    1526540 kB
Buffers:           22576 kB
Cached:           233664 kB
MemTotal:        1844596 kB
MemFree:         1384364 kB
MemAvailable:    1527760 kB
Buffers:           22576 kB
Cached:           233788 kB
MemTotal:        1844596 kB
MemFree:         1383320 kB
MemAvailable:    1526716 kB
Buffers:           22576 kB
Cached:           233788 kB
MemTotal:        1844596 kB
MemFree:         1383320 kB
MemAvailable:    1526800 kB
Buffers:           22576 kB
Cached:           233788 kB
MemTotal:        1844596 kB
MemFree:         1383064 kB
MemAvailable:    1526544 kB
Buffers:           22576 kB
Cached:           233788 kB
MemTotal:        1844596 kB
MemFree:         1384220 kB
MemAvailable:    1527700 kB
Buffers:           22576 kB
Cached:           233788 kB
MemTotal:        1844596 kB
MemFree:         1384304 kB
MemAvailable:    1527784 kB
Buffers:           22576 kB
Cached:           233788 kB
MemTotal:        1844596 kB
MemFree:         1384168 kB
MemAvailable:    1527648 kB
Buffers:           22576 kB
Cached:           233788 kB
MemTotal:        1844596 kB
MemFree:         1383312 kB
MemAvailable:    1526792 kB
Buffers:           22576 kB
Cached:           233788 kB
MemTotal:        1844596 kB
MemFree:         1384312 kB
MemAvailable:    1527792 kB
Buffers:           22576 kB
Cached:           233788 kB
MemTotal:        1844596 kB
MemFree:         1383692 kB
MemAvailable:    1527172 kB
Buffers:           22576 kB
Cached:           233912 kB
MemTotal:        1844596 kB
MemFree:         1384420 kB
MemAvailable:    1527228 kB
Buffers:           22576 kB
Cached:           233240 kB
MemTotal:        1844596 kB
MemFree:         1452776 kB
MemAvailable:    1595584 kB
Buffers:           22576 kB
Cached:           233240 kB
