MemTotal:        1844596 kB
MemFree:         1373632 kB
MemAvailable:    1580760 kB
Buffers:           32512 kB
Cached:           291928 kB
MemTotal:        1844596 kB
MemFree:         1346004 kB
MemAvailable:    1553136 kB
Buffers:           32512 kB
Cached:           291932 kB
MemTotal:        1844596 kB
MemFree:         1345012 kB
MemAvailable:    1552144 kB
Buffers:           32512 kB
Cached:           291932 kB
MemTotal:        1844596 kB
MemFree:         1342904 kB
MemAvailable:    1550036 kB
Buffers:           32512 kB
Cached:           291932 kB
MemTotal:        1844596 kB
MemFree:         1341540 kB
MemAvailable:    1548672 kB
Buffers:           32512 kB
Cached:           291932 kB
MemTotal:        1844596 kB
MemFree:         1341400 kB
MemAvailable:    1548532 kB
Buffers:           32512 kB
Cached:           291932 kB
MemTotal:        1844596 kB
MemFree:         1340672 kB
MemAvailable:    1547804 kB
Buffers:           32512 kB
Cached:           291932 kB
MemTotal:        1844596 kB
MemFree:         1338688 kB
MemAvailable:    1545820 kB
Buffers:           32512 kB
Cached:           291932 kB
MemTotal:        1844596 kB
MemFree:         1335836 kB
MemAvailable:    1542968 kB
Buffers:           32512 kB
Cached:           291932 kB
MemTotal:        1844596 kB
MemFree:         1331372 kB
MemAvailable:    1538504 kB
Buffers:           32512 kB
Cached:           291932 kB
MemTotal:        1844596 kB
MemFree:         1332772 kB
MemAvailable:    1539904 kB
Buffers:           32512 kB
Cached:           291932 kB
MemTotal:        1844596 kB
MemFree:         1332860 kB
MemAvailable:    1539992 kB
Buffers:           32512 kB
Cached:           291932 kB
MemTotal:        1844596 kB
MemFree:         1331360 kB
MemAvailable:    1538492 kB
Buffers:           32512 kB
Cached:           291932 kB
MemTotal:        1844596 kB
MemFree:         1331440 kB
MemAvailable:    1538572 kB
Buffers:           32512 kB
Cached:           291932 kB
MemTotal:        1844596 kB
MemFree:         1332740 kB
MemAvailable:    1539872 kB
Buffers:           32512 kB
Cached:           291932 kB
MemTotal:        1844596 kB
MemFree:         1331860 kB
MemAvailable:    1538992 kB
Buffers:           32512 kB
Cached:           291932 kB
MemTotal:        1844596 kB
MemFree:         1331504 kB
MemAvailable:    1538636 kB
Buffers:           32512 kB
Cached:           291932 kB
MemTotal:        1844596 kB
MemFree:         1330812 kB
MemAvailable:    1537944 kB
Buffers:           32512 kB
Cached:           291932 kB
MemTotal:        1844596 kB
MemFree:         1329264 kB
MemAvailable:    1536396 kB
Buffers:           32512 kB
Cached:           291932 kB
MemTotal:        1844596 kB
MemFree:         1330240 kB
MemAvailable:    1537372 kB
Buffers:           32512 kB
Cached:           291932 kB
MemTotal:        1844596 kB
MemFree:         1330132 kB
MemAvailable:    1537264 kB
Buffers:           32512 kB
Cached:           291932 kB
MemTotal:        1844596 kB
MemFree:         1328828 kB
MemAvailable:    1535960 kB
Buffers:           32512 kB
Cached:           291932 kB
MemTotal:        1844596 kB
MemFree:         1329128 kB
MemAvailable:    1536260 kB
Buffers:           32512 kB
Cached:           291932 kB
MemTotal:        1844596 kB
MemFree:         1330248 kB
MemAvailable:    1537380 kB
Buffers:           32512 kB
Cached:           291932 kB
MemTotal:        1844596 kB
MemFree:         1330312 kB
MemAvailable:    1537444 kB
Buffers:           32512 kB
Cached:           291932 kB
MemTotal:        1844596 kB
MemFree:         1328984 kB
MemAvailable:    1536116 kB
Buffers:           32512 kB
Cached:           291932 kB
MemTotal:        1844596 kB
MemFree:         1331756 kB
MemAvailable:    1538888 kB
Buffers:           32512 kB
Cached:           291932 kB
MemTotal:        1844596 kB
MemFree:         1331668 kB
MemAvailable:    1538800 kB
Buffers:           32512 kB
Cached:           291932 kB
MemTotal:        1844596 kB
MemFree:         1329820 kB
MemAvailable:    1536952 kB
Buffers:           32512 kB
Cached:           291932 kB
MemTotal:        1844596 kB
MemFree:         1328704 kB
MemAvailable:    1535836 kB
Buffers:           32512 kB
Cached:           291932 kB
MemTotal:        1844596 kB
MemFree:         1327960 kB
MemAvailable:    1535092 kB
Buffers:           32512 kB
Cached:           291932 kB
MemTotal:        1844596 kB
MemFree:         1326536 kB
MemAvailable:    1533668 kB
Buffers:           32512 kB
Cached:           291932 kB
MemTotal:        1844596 kB
MemFree:         1327404 kB
MemAvailable:    1534536 kB
Buffers:           32512 kB
Cached:           291932 kB
MemTotal:        1844596 kB
MemFree:         1326968 kB
MemAvailable:    1534100 kB
Buffers:           32512 kB
Cached:           291932 kB
MemTotal:        1844596 kB
MemFree:         1326224 kB
MemAvailable:    1533356 kB
Buffers:           32512 kB
Cached:           291932 kB
MemTotal:        1844596 kB
MemFree:         1326224 kB
MemAvailable:    1533356 kB
Buffers:           32512 kB
Cached:           291932 kB
MemTotal:        1844596 kB
MemFree:         1325660 kB
MemAvailable:    1532792 kB
Buffers:           32512 kB
Cached:           291932 kB
MemTotal:        1844596 kB
MemFree:         1326068 kB
MemAvailable:    1533200 kB
Buffers:           32512 kB
Cached:           291932 kB
MemTotal:        1844596 kB
MemFree:         1325544 kB
MemAvailable:    1532676 kB
Buffers:           32512 kB
Cached:           291932 kB
MemTotal:        1844596 kB
MemFree:         1325960 kB
MemAvailable:    1533092 kB
Buffers:           32512 kB
Cached:           291932 kB
MemTotal:        1844596 kB
MemFree:         1324908 kB
MemAvailable:    1532040 kB
Buffers:           32512 kB
Cached:           291932 kB
MemTotal:        1844596 kB
MemFree:         1326040 kB
MemAvailable:    1533172 kB
Buffers:           32512 kB
Cached:           291932 kB
MemTotal:        1844596 kB
MemFree:         1324544 kB
MemAvailable:    1531676 kB
Buffers:           32512 kB
Cached:           291932 kB
MemTotal:        1844596 kB
MemFree:         1325496 kB
MemAvailable:    1532628 kB
Buffers:           32512 kB
Cached:           291932 kB
MemTotal:        1844596 kB
MemFree:         1323744 kB
MemAvailable:    1530876 kB
Buffers:           32512 kB
Cached:           291932 kB
MemTotal:        1844596 kB
MemFree:         1325240 kB
MemAvailable:    1532372 kB
Buffers:           32512 kB
Cached:           291932 kB
MemTotal:        1844596 kB
MemFree:         1323744 kB
MemAvailable:    1530876 kB
Buffers:           32512 kB
Cached:           291932 kB
MemTotal:        1844596 kB
MemFree:         1323744 kB
MemAvailable:    1530876 kB
Buffers:           32512 kB
Cached:           291932 kB
MemTotal:        1844596 kB
MemFree:         1325284 kB
MemAvailable:    1532416 kB
Buffers:           32512 kB
Cached:           291932 kB
MemTotal:        1844596 kB
MemFree:         1323912 kB
MemAvailable:    1531044 kB
Buffers:           32512 kB
Cached:           291932 kB
MemTotal:        1844596 kB
MemFree:         1325104 kB
MemAvailable:    1532236 kB
Buffers:           32512 kB
Cached:           291932 kB
MemTotal:        1844596 kB
MemFree:         1325104 kB
MemAvailable:    1532236 kB
Buffers:           32512 kB
Cached:           291932 kB
MemTotal:        1844596 kB
MemFree:         1324916 kB
MemAvailable:    1532048 kB
Buffers:           32512 kB
Cached:           291932 kB
MemTotal:        1844596 kB
MemFree:         1324560 kB
MemAvailable:    1531692 kB
Buffers:           32512 kB
Cached:           291932 kB
MemTotal:        1844596 kB
MemFree:         1324488 kB
MemAvailable:    1531620 kB
Buffers:           32512 kB
Cached:           291932 kB
MemTotal:        1844596 kB
MemFree:         1324740 kB
MemAvailable:    1531872 kB
Buffers:           32512 kB
Cached:           291932 kB
MemTotal:        1844596 kB
MemFree:         1324556 kB
MemAvailable:    1531688 kB
Buffers:           32512 kB
Cached:           291932 kB
MemTotal:        1844596 kB
MemFree:         1323124 kB
MemAvailable:    1530256 kB
Buffers:           32512 kB
Cached:           291932 kB
MemTotal:        1844596 kB
MemFree:         1324224 kB
MemAvailable:    1531356 kB
Buffers:           32512 kB
Cached:           291932 kB
MemTotal:        1844596 kB
MemFree:         1324056 kB
MemAvailable:    1531188 kB
Buffers:           32512 kB
Cached:           291932 kB
MemTotal:        1844596 kB
MemFree:         1324248 kB
MemAvailable:    1531380 kB
Buffers:           32512 kB
Cached:           291932 kB
MemTotal:        1844596 kB
MemFree:         1323004 kB
MemAvailable:    1530136 kB
Buffers:           32512 kB
Cached:           291932 kB
MemTotal:        1844596 kB
MemFree:         1324204 kB
MemAvailable:    1531336 kB
Buffers:           32512 kB
Cached:           291932 kB
MemTotal:        1844596 kB
MemFree:         1324224 kB
MemAvailable:    1531356 kB
Buffers:           32512 kB
Cached:           291932 kB
MemTotal:        1844596 kB
MemFree:         1322904 kB
MemAvailable:    1530036 kB
Buffers:           32512 kB
Cached:           291932 kB
MemTotal:        1844596 kB
MemFree:         1322892 kB
MemAvailable:    1530024 kB
Buffers:           32512 kB
Cached:           291932 kB
MemTotal:        1844596 kB
MemFree:         1322768 kB
MemAvailable:    1529900 kB
Buffers:           32512 kB
Cached:           291932 kB
MemTotal:        1844596 kB
MemFree:         1323248 kB
MemAvailable:    1530380 kB
Buffers:           32512 kB
Cached:           291932 kB
MemTotal:        1844596 kB
MemFree:         1320832 kB
MemAvailable:    1527964 kB
Buffers:           32512 kB
Cached:           291932 kB
MemTotal:        1844596 kB
MemFree:         1318972 kB
MemAvailable:    1526104 kB
Buffers:           32512 kB
Cached:           291932 kB
MemTotal:        1844596 kB
MemFree:         1316924 kB
MemAvailable:    1524056 kB
Buffers:           32512 kB
Cached:           291932 kB
MemTotal:        1844596 kB
MemFree:         1315500 kB
MemAvailable:    1522632 kB
Buffers:           32512 kB
Cached:           291932 kB
MemTotal:        1844596 kB
MemFree:         1316492 kB
MemAvailable:    1523624 kB
Buffers:           32512 kB
Cached:           291932 kB
MemTotal:        1844596 kB
MemFree:         1314824 kB
MemAvailable:    1521956 kB
Buffers:           32512 kB
Cached:           291932 kB
MemTotal:        1844596 kB
MemFree:         1315072 kB
MemAvailable:    1522204 kB
Buffers:           32512 kB
Cached:           291932 kB
MemTotal:        1844596 kB
MemFree:         1316272 kB
MemAvailable:    1523404 kB
Buffers:           32512 kB
Cached:           291932 kB
MemTotal:        1844596 kB
MemFree:         1316256 kB
MemAvailable:    1523396 kB
Buffers:           32512 kB
Cached:           291940 kB
MemTotal:        1844596 kB
MemFree:         1315076 kB
MemAvailable:    1522216 kB
Buffers:           32512 kB
Cached:           291940 kB
MemTotal:        1844596 kB
MemFree:         1316500 kB
MemAvailable:    1523640 kB
Buffers:           32512 kB
Cached:           291940 kB
MemTotal:        1844596 kB
MemFree:         1316012 kB
MemAvailable:    1523152 kB
Buffers:           32512 kB
Cached:           291940 kB
MemTotal:        1844596 kB
MemFree:         1316348 kB
MemAvailable:    1523488 kB
Buffers:           32512 kB
Cached:           291940 kB
MemTotal:        1844596 kB
MemFree:         1316172 kB
MemAvailable:    1523312 kB
Buffers:           32512 kB
Cached:           291940 kB
MemTotal:        1844596 kB
MemFree:         1316268 kB
MemAvailable:    1523408 kB
Buffers:           32512 kB
Cached:           291940 kB
MemTotal:        1844596 kB
MemFree:         1316408 kB
MemAvailable:    1523548 kB
Buffers:           32512 kB
Cached:           291940 kB
MemTotal:        1844596 kB
MemFree:         1316144 kB
MemAvailable:    1523284 kB
Buffers:           32512 kB
Cached:           291940 kB
MemTotal:        1844596 kB
MemFree:         1314920 kB
MemAvailable:    1522060 kB
Buffers:           32512 kB
Cached:           291940 kB
MemTotal:        1844596 kB
MemFree:         1315344 kB
MemAvailable:    1522484 kB
Buffers:           32512 kB
Cached:           291940 kB
MemTotal:        1844596 kB
MemFree:         1315416 kB
MemAvailable:    1522556 kB
Buffers:           32512 kB
Cached:           291940 kB
MemTotal:        1844596 kB
MemFree:         1314648 kB
MemAvailable:    1521788 kB
Buffers:           32512 kB
Cached:           291940 kB
MemTotal:        1844596 kB
MemFree:         1314648 kB
MemAvailable:    1521788 kB
Buffers:           32512 kB
Cached:           291940 kB
MemTotal:        1844596 kB
MemFree:         1314360 kB
MemAvailable:    1521500 kB
Buffers:           32512 kB
Cached:           291940 kB
MemTotal:        1844596 kB
MemFree:         1314288 kB
MemAvailable:    1521428 kB
Buffers:           32512 kB
Cached:           291940 kB
MemTotal:        1844596 kB
MemFree:         1313796 kB
MemAvailable:    1520936 kB
Buffers:           32512 kB
Cached:           291940 kB
MemTotal:        1844596 kB
MemFree:         1312192 kB
MemAvailable:    1519332 kB
Buffers:           32512 kB
Cached:           291940 kB
MemTotal:        1844596 kB
MemFree:         1313416 kB
MemAvailable:    1520556 kB
Buffers:           32512 kB
Cached:           291940 kB
MemTotal:        1844596 kB
MemFree:         1312748 kB
MemAvailable:    1519888 kB
Buffers:           32512 kB
Cached:           291940 kB
MemTotal:        1844596 kB
MemFree:         1311440 kB
MemAvailable:    1518580 kB
Buffers:           32512 kB
Cached:           291940 kB
MemTotal:        1844596 kB
MemFree:         1311200 kB
MemAvailable:    1518340 kB
Buffers:           32520 kB
Cached:           291932 kB
MemTotal:        1844596 kB
MemFree:         1312052 kB
MemAvailable:    1519192 kB
Buffers:           32520 kB
Cached:           291932 kB
MemTotal:        1844596 kB
MemFree:         1311644 kB
MemAvailable:    1518784 kB
Buffers:           32520 kB
Cached:           291932 kB
MemTotal:        1844596 kB
MemFree:         1312300 kB
MemAvailable:    1519452 kB
Buffers:           32520 kB
Cached:           291944 kB
MemTotal:        1844596 kB
MemFree:         1311944 kB
MemAvailable:    1519096 kB
Buffers:           32520 kB
Cached:           291944 kB
MemTotal:        1844596 kB
MemFree:         1312288 kB
MemAvailable:    1519440 kB
Buffers:           32520 kB
Cached:           291944 kB
MemTotal:        1844596 kB
MemFree:         1312540 kB
MemAvailable:    1519692 kB
Buffers:           32520 kB
Cached:           291944 kB
MemTotal:        1844596 kB
MemFree:         1312320 kB
MemAvailable:    1519472 kB
Buffers:           32520 kB
Cached:           291944 kB
MemTotal:        1844596 kB
MemFree:         1311140 kB
MemAvailable:    1518292 kB
Buffers:           32520 kB
Cached:           291944 kB
MemTotal:        1844596 kB
MemFree:         1311796 kB
MemAvailable:    1518948 kB
Buffers:           32520 kB
Cached:           291944 kB
MemTotal:        1844596 kB
MemFree:         1311796 kB
MemAvailable:    1518948 kB
Buffers:           32520 kB
Cached:           291944 kB
MemTotal:        1844596 kB
MemFree:         1311576 kB
MemAvailable:    1518728 kB
Buffers:           32520 kB
Cached:           291944 kB
MemTotal:        1844596 kB
MemFree:         1304488 kB
MemAvailable:    1511640 kB
Buffers:           32520 kB
Cached:           291944 kB
MemTotal:        1844596 kB
MemFree:         1304572 kB
MemAvailable:    1511724 kB
Buffers:           32520 kB
Cached:           291944 kB
MemTotal:        1844596 kB
MemFree:         1304576 kB
MemAvailable:    1511728 kB
Buffers:           32520 kB
Cached:           291944 kB
MemTotal:        1844596 kB
MemFree:         1303244 kB
MemAvailable:    1510396 kB
Buffers:           32520 kB
Cached:           291944 kB
MemTotal:        1844596 kB
MemFree:         1304504 kB
MemAvailable:    1511656 kB
Buffers:           32520 kB
Cached:           291944 kB
MemTotal:        1844596 kB
MemFree:         1303636 kB
MemAvailable:    1510788 kB
Buffers:           32520 kB
Cached:           291944 kB
MemTotal:        1844596 kB
MemFree:         1303380 kB
MemAvailable:    1510532 kB
Buffers:           32520 kB
Cached:           291944 kB
MemTotal:        1844596 kB
MemFree:         1306428 kB
MemAvailable:    1513580 kB
Buffers:           32520 kB
Cached:           291944 kB
MemTotal:        1844596 kB
MemFree:         1305852 kB
MemAvailable:    1513172 kB
Buffers:           32520 kB
Cached:           292068 kB
MemTotal:        1844596 kB
MemFree:         1305936 kB
MemAvailable:    1513256 kB
Buffers:           32520 kB
Cached:           292068 kB
MemTotal:        1844596 kB
MemFree:         1304440 kB
MemAvailable:    1511844 kB
Buffers:           32520 kB
Cached:           292192 kB
MemTotal:        1844596 kB
MemFree:         1304440 kB
MemAvailable:    1511928 kB
Buffers:           32520 kB
Cached:           292316 kB
MemTotal:        1844596 kB
MemFree:         1304316 kB
MemAvailable:    1511888 kB
Buffers:           32520 kB
Cached:           292440 kB
MemTotal:        1844596 kB
MemFree:         1304060 kB
MemAvailable:    1511800 kB
Buffers:           32520 kB
Cached:           292564 kB
MemTotal:        1844596 kB
MemFree:         1303928 kB
MemAvailable:    1511668 kB
Buffers:           32520 kB
Cached:           292564 kB
MemTotal:        1844596 kB
MemFree:         1305280 kB
MemAvailable:    1513020 kB
Buffers:           32520 kB
Cached:           292564 kB
MemTotal:        1844596 kB
MemFree:         1303836 kB
MemAvailable:    1511576 kB
Buffers:           32520 kB
Cached:           292564 kB
MemTotal:        1844596 kB
MemFree:         1305240 kB
MemAvailable:    1512980 kB
Buffers:           32520 kB
Cached:           292564 kB
MemTotal:        1844596 kB
MemFree:         1305100 kB
MemAvailable:    1512924 kB
Buffers:           32520 kB
Cached:           292564 kB
MemTotal:        1844596 kB
MemFree:         1305248 kB
MemAvailable:    1513072 kB
Buffers:           32520 kB
Cached:           292564 kB
MemTotal:        1844596 kB
MemFree:         1305096 kB
MemAvailable:    1512920 kB
Buffers:           32520 kB
Cached:           292564 kB
MemTotal:        1844596 kB
MemFree:         1305180 kB
MemAvailable:    1513004 kB
Buffers:           32520 kB
Cached:           292564 kB
MemTotal:        1844596 kB
MemFree:         1304456 kB
MemAvailable:    1511692 kB
Buffers:           32520 kB
Cached:           291932 kB
MemTotal:        1844596 kB
MemFree:         1373464 kB
MemAvailable:    1580612 kB
Buffers:           32520 kB
Cached:           291892 kB
