MemTotal:        1844596 kB
MemFree:         1336284 kB
MemAvailable:    1577504 kB
Buffers:           37604 kB
Cached:           322996 kB
MemTotal:        1844596 kB
MemFree:         1307608 kB
MemAvailable:    1548832 kB
Buffers:           37604 kB
Cached:           323000 kB
MemTotal:        1844596 kB
MemFree:         1307600 kB
MemAvailable:    1548824 kB
Buffers:           37604 kB
Cached:           323000 kB
MemTotal:        1844596 kB
MemFree:         1306676 kB
MemAvailable:    1547900 kB
Buffers:           37604 kB
Cached:           323000 kB
MemTotal:        1844596 kB
MemFree:         1304988 kB
MemAvailable:    1546212 kB
Buffers:           37604 kB
Cached:           323000 kB
MemTotal:        1844596 kB
MemFree:         1303628 kB
MemAvailable:    1544852 kB
Buffers:           37604 kB
Cached:           323000 kB
MemTotal:        1844596 kB
MemFree:         1302896 kB
MemAvailable:    1544120 kB
Buffers:           37604 kB
Cached:           323000 kB
MemTotal:        1844596 kB
MemFree:         1300540 kB
MemAvailable:    1541764 kB
Buffers:           37604 kB
Cached:           323000 kB
MemTotal:        1844596 kB
MemFree:         1298540 kB
MemAvailable:    1539764 kB
Buffers:           37604 kB
Cached:           323000 kB
MemTotal:        1844596 kB
MemFree:         1297812 kB
MemAvailable:    1539036 kB
Buffers:           37604 kB
Cached:           323000 kB
MemTotal:        1844596 kB
MemFree:         1293216 kB
MemAvailable:    1534440 kB
Buffers:           37604 kB
Cached:           323000 kB
MemTotal:        1844596 kB
MemFree:         1294064 kB
MemAvailable:    1535288 kB
Buffers:           37604 kB
Cached:           323000 kB
MemTotal:        1844596 kB
MemFree:         1294176 kB
MemAvailable:    1535400 kB
Buffers:           37604 kB
Cached:           323000 kB
MemTotal:        1844596 kB
MemFree:         1295316 kB
MemAvailable:    1536540 kB
Buffers:           37604 kB
Cached:           323000 kB
MemTotal:        1844596 kB
MemFree:         1294960 kB
MemAvailable:    1536184 kB
Buffers:           37604 kB
Cached:           323000 kB
MemTotal:        1844596 kB
MemFree:         1295192 kB
MemAvailable:    1536416 kB
Buffers:           37604 kB
Cached:           323000 kB
MemTotal:        1844596 kB
MemFree:         1293968 kB
MemAvailable:    1535192 kB
Buffers:           37604 kB
Cached:           323000 kB
MemTotal:        1844596 kB
MemFree:         1293704 kB
MemAvailable:    1534928 kB
Buffers:           37604 kB
Cached:           323000 kB
MemTotal:        1844596 kB
MemFree:         1293348 kB
MemAvailable:    1534572 kB
Buffers:           37604 kB
Cached:           323000 kB
MemTotal:        1844596 kB
MemFree:         1292976 kB
MemAvailable:    1534200 kB
Buffers:           37604 kB
Cached:           323000 kB
MemTotal:        1844596 kB
MemFree:         1292904 kB
MemAvailable:    1534128 kB
Buffers:           37604 kB
Cached:           323000 kB
MemTotal:        1844596 kB
MemFree:         1292828 kB
MemAvailable:    1534052 kB
Buffers:           37604 kB
Cached:           323000 kB
MemTotal:        1844596 kB
MemFree:         1293024 kB
MemAvailable:    1534248 kB
Buffers:           37604 kB
Cached:           323000 kB
MemTotal:        1844596 kB
MemFree:         1291464 kB
MemAvailable:    1532688 kB
Buffers:           37604 kB
Cached:           323000 kB
MemTotal:        1844596 kB
MemFree:         1292836 kB
MemAvailable:    1534060 kB
Buffers:           37604 kB
Cached:           323000 kB
MemTotal:        1844596 kB
MemFree:         1292796 kB
MemAvailable:    1534020 kB
Buffers:           37604 kB
Cached:           323000 kB
MemTotal:        1844596 kB
MemFree:         1291556 kB
MemAvailable:    1532780 kB
Buffers:           37604 kB
Cached:           323000 kB
MemTotal:        1844596 kB
MemFree:         1292856 kB
MemAvailable:    1534080 kB
Buffers:           37604 kB
Cached:           323000 kB
MemTotal:        1844596 kB
MemFree:         1294196 kB
MemAvailable:    1535420 kB
Buffers:           37604 kB
Cached:           323000 kB
MemTotal:        1844596 kB
MemFree:         1294040 kB
MemAvailable:    1535264 kB
Buffers:           37604 kB
Cached:           323000 kB
MemTotal:        1844596 kB
MemFree:         1294176 kB
MemAvailable:    1535400 kB
Buffers:           37604 kB
Cached:           323000 kB
MemTotal:        1844596 kB
MemFree:         1291548 kB
MemAvailable:    1532772 kB
Buffers:           37604 kB
Cached:           323000 kB
MemTotal:        1844596 kB
MemFree:         1289504 kB
MemAvailable:    1530728 kB
Buffers:           37604 kB
Cached:           323000 kB
MemTotal:        1844596 kB
MemFree:         1290220 kB
MemAvailable:    1531444 kB
Buffers:           37604 kB
Cached:           323000 kB
MemTotal:        1844596 kB
MemFree:         1290124 kB
MemAvailable:    1531348 kB
Buffers:           37604 kB
Cached:           323000 kB
MemTotal:        1844596 kB
MemFree:         1289752 kB
MemAvailable:    1530976 kB
Buffers:           37604 kB
Cached:           323000 kB
MemTotal:        1844596 kB
MemFree:         1289440 kB
MemAvailable:    1530664 kB
Buffers:           37604 kB
Cached:           323000 kB
MemTotal:        1844596 kB
MemFree:         1287768 kB
MemAvailable:    1528992 kB
Buffers:           37604 kB
Cached:           323000 kB
MemTotal:        1844596 kB
MemFree:         1288640 kB
MemAvailable:    1529864 kB
Buffers:           37604 kB
Cached:           323000 kB
MemTotal:        1844596 kB
MemFree:         1288676 kB
MemAvailable:    1529900 kB
Buffers:           37604 kB
Cached:           323000 kB
MemTotal:        1844596 kB
MemFree:         1288676 kB
MemAvailable:    1529900 kB
Buffers:           37604 kB
Cached:           323000 kB
MemTotal:        1844596 kB
MemFree:         1287616 kB
MemAvailable:    1528840 kB
Buffers:           37604 kB
Cached:           323000 kB
MemTotal:        1844596 kB
MemFree:         1287492 kB
MemAvailable:    1528716 kB
Buffers:           37604 kB
Cached:           323000 kB
MemTotal:        1844596 kB
MemFree:         1287112 kB
MemAvailable:    1528336 kB
Buffers:           37604 kB
Cached:           323000 kB
MemTotal:        1844596 kB
MemFree:         1288372 kB
MemAvailable:    1529596 kB
Buffers:           37604 kB
Cached:           323000 kB
MemTotal:        1844596 kB
MemFree:         1287704 kB
MemAvailable:    1528928 kB
Buffers:           37604 kB
Cached:           323000 kB
MemTotal:        1844596 kB
MemFree:         1287704 kB
MemAvailable:    1528928 kB
Buffers:           37604 kB
Cached:           323000 kB
MemTotal:        1844596 kB
MemFree:         1286264 kB
MemAvailable:    1527488 kB
Buffers:           37604 kB
Cached:           323000 kB
MemTotal:        1844596 kB
MemFree:         1287760 kB
MemAvailable:    1528984 kB
Buffers:           37604 kB
Cached:           323000 kB
MemTotal:        1844596 kB
MemFree:         1286100 kB
MemAvailable:    1527324 kB
Buffers:           37604 kB
Cached:           323000 kB
MemTotal:        1844596 kB
MemFree:         1287632 kB
MemAvailable:    1528856 kB
Buffers:           37604 kB
Cached:           323000 kB
MemTotal:        1844596 kB
MemFree:         1287488 kB
MemAvailable:    1528712 kB
Buffers:           37604 kB
Cached:           323000 kB
MemTotal:        1844596 kB
MemFree:         1287740 kB
MemAvailable:    1528964 kB
Buffers:           37604 kB
Cached:           323000 kB
MemTotal:        1844596 kB
MemFree:         1287692 kB
MemAvailable:    1528916 kB
Buffers:           37604 kB
Cached:           323000 kB
MemTotal:        1844596 kB
MemFree:         1287504 kB
MemAvailable:    1528728 kB
Buffers:           37604 kB
Cached:           323000 kB
MemTotal:        1844596 kB
MemFree:         1287504 kB
MemAvailable:    1528728 kB
Buffers:           37604 kB
Cached:           323000 kB
MemTotal:        1844596 kB
MemFree:         1286264 kB
MemAvailable:    1527488 kB
Buffers:           37604 kB
Cached:           323000 kB
MemTotal:        1844596 kB
MemFree:         1287256 kB
MemAvailable:    1528480 kB
Buffers:           37604 kB
Cached:           323000 kB
MemTotal:        1844596 kB
MemFree:         1287024 kB
MemAvailable:    1528248 kB
Buffers:           37604 kB
Cached:           323000 kB
MemTotal:        1844596 kB
MemFree:         1285852 kB
MemAvailable:    1527076 kB
Buffers:           37604 kB
Cached:           323000 kB
MemTotal:        1844596 kB
MemFree:         1287208 kB
MemAvailable:    1528432 kB
Buffers:           37604 kB
Cached:           323000 kB
MemTotal:        1844596 kB
MemFree:         1287152 kB
MemAvailable:    1528376 kB
Buffers:           37604 kB
Cached:           323000 kB
MemTotal:        1844596 kB
MemFree:         1285908 kB
MemAvailable:    1527132 kB
Buffers:           37604 kB
Cached:           323000 kB
MemTotal:        1844596 kB
MemFree:         1286884 kB
MemAvailable:    1528108 kB
Buffers:           37604 kB
Cached:           323000 kB
MemTotal:        1844596 kB
MemFree:         1286652 kB
MemAvailable:    1527876 kB
Buffers:           37604 kB
Cached:           323000 kB
MemTotal:        1844596 kB
MemFree:         1286512 kB
MemAvailable:    1527736 kB
Buffers:           37604 kB
Cached:           323000 kB
MemTotal:        1844596 kB
MemFree:         1286512 kB
MemAvailable:    1527736 kB
Buffers:           37604 kB
Cached:           323000 kB
MemTotal:        1844596 kB
MemFree:         1286848 kB
MemAvailable:    1528072 kB
Buffers:           37604 kB
Cached:           323000 kB
MemTotal:        1844596 kB
MemFree:         1286776 kB
MemAvailable:    1528000 kB
Buffers:           37604 kB
Cached:           323000 kB
MemTotal:        1844596 kB
MemFree:         1286580 kB
MemAvailable:    1527812 kB
Buffers:           37604 kB
Cached:           323008 kB
MemTotal:        1844596 kB
MemFree:         1285024 kB
MemAvailable:    1526256 kB
Buffers:           37604 kB
Cached:           323008 kB
MemTotal:        1844596 kB
MemFree:         1285108 kB
MemAvailable:    1526340 kB
Buffers:           37604 kB
Cached:           323008 kB
MemTotal:        1844596 kB
MemFree:         1281792 kB
MemAvailable:    1523024 kB
Buffers:           37604 kB
Cached:           323008 kB
MemTotal:        1844596 kB
MemFree:         1281312 kB
MemAvailable:    1522544 kB
Buffers:           37604 kB
Cached:           323008 kB
MemTotal:        1844596 kB
MemFree:         1278336 kB
MemAvailable:    1519568 kB
Buffers:           37604 kB
Cached:           323008 kB
MemTotal:        1844596 kB
MemFree:         1278096 kB
MemAvailable:    1519328 kB
Buffers:           37604 kB
Cached:           323008 kB
MemTotal:        1844596 kB
MemFree:         1278956 kB
MemAvailable:    1520188 kB
Buffers:           37604 kB
Cached:           323008 kB
MemTotal:        1844596 kB
MemFree:         1279080 kB
MemAvailable:    1520312 kB
Buffers:           37604 kB
Cached:           323008 kB
MemTotal:        1844596 kB
MemFree:         1278940 kB
MemAvailable:    1520172 kB
Buffers:           37604 kB
Cached:           323008 kB
MemTotal:        1844596 kB
MemFree:         1278460 kB
MemAvailable:    1519692 kB
Buffers:           37604 kB
Cached:           323008 kB
MemTotal:        1844596 kB
MemFree:         1278880 kB
MemAvailable:    1520112 kB
Buffers:           37604 kB
Cached:           323008 kB
MemTotal:        1844596 kB
MemFree:         1278708 kB
MemAvailable:    1519940 kB
Buffers:           37604 kB
Cached:           323008 kB
MemTotal:        1844596 kB
MemFree:         1278828 kB
MemAvailable:    1520060 kB
Buffers:           37604 kB
Cached:           323008 kB
MemTotal:        1844596 kB
MemFree:         1277396 kB
MemAvailable:    1518628 kB
Buffers:           37604 kB
Cached:           323008 kB
MemTotal:        1844596 kB
MemFree:         1277688 kB
MemAvailable:    1518920 kB
Buffers:           37604 kB
Cached:           323008 kB
MemTotal:        1844596 kB
MemFree:         1277600 kB
MemAvailable:    1518832 kB
Buffers:           37604 kB
Cached:           323008 kB
MemTotal:        1844596 kB
MemFree:         1278460 kB
MemAvailable:    1519692 kB
Buffers:           37604 kB
Cached:           323008 kB
MemTotal:        1844596 kB
MemFree:         1278708 kB
MemAvailable:    1519940 kB
Buffers:           37604 kB
Cached:           323008 kB
MemTotal:        1844596 kB
MemFree:         1278344 kB
MemAvailable:    1519576 kB
Buffers:           37604 kB
Cached:           323008 kB
MemTotal:        1844596 kB
MemFree:         1277344 kB
MemAvailable:    1518576 kB
Buffers:           37604 kB
Cached:           323008 kB
MemTotal:        1844596 kB
MemFree:         1277720 kB
MemAvailable:    1518952 kB
Buffers:           37604 kB
Cached:           323008 kB
MemTotal:        1844596 kB
MemFree:         1277588 kB
MemAvailable:    1518820 kB
Buffers:           37604 kB
Cached:           323008 kB
MemTotal:        1844596 kB
MemFree:         1277344 kB
MemAvailable:    1518576 kB
Buffers:           37604 kB
Cached:           323008 kB
MemTotal:        1844596 kB
MemFree:         1275732 kB
MemAvailable:    1516964 kB
Buffers:           37604 kB
Cached:           323008 kB
MemTotal:        1844596 kB
MemFree:         1276848 kB
MemAvailable:    1518080 kB
Buffers:           37604 kB
Cached:           323008 kB
MemTotal:        1844596 kB
MemFree:         1274624 kB
MemAvailable:    1515856 kB
Buffers:           37604 kB
Cached:           323008 kB
MemTotal:        1844596 kB
MemFree:         1275732 kB
MemAvailable:    1516964 kB
Buffers:           37604 kB
Cached:           323008 kB
MemTotal:        1844596 kB
MemFree:         1275368 kB
MemAvailable:    1516600 kB
Buffers:           37604 kB
Cached:           323008 kB
MemTotal:        1844596 kB
MemFree:         1275156 kB
MemAvailable:    1516388 kB
Buffers:           37604 kB
Cached:           323008 kB
MemTotal:        1844596 kB
MemFree:         1274004 kB
MemAvailable:    1515236 kB
Buffers:           37604 kB
Cached:           323008 kB
MemTotal:        1844596 kB
MemFree:         1273840 kB
MemAvailable:    1515080 kB
Buffers:           37604 kB
Cached:           323012 kB
MemTotal:        1844596 kB
MemFree:         1275080 kB
MemAvailable:    1516320 kB
Buffers:           37604 kB
Cached:           323012 kB
MemTotal:        1844596 kB
MemFree:         1273872 kB
MemAvailable:    1515112 kB
Buffers:           37604 kB
Cached:           323012 kB
MemTotal:        1844596 kB
MemFree:         1273872 kB
MemAvailable:    1515112 kB
Buffers:           37604 kB
Cached:           323012 kB
MemTotal:        1844596 kB
MemFree:         1274980 kB
MemAvailable:    1516220 kB
Buffers:           37604 kB
Cached:           323012 kB
MemTotal:        1844596 kB
MemFree:         1273484 kB
MemAvailable:    1514724 kB
Buffers:           37604 kB
Cached:           323012 kB
MemTotal:        1844596 kB
MemFree:         1273608 kB
MemAvailable:    1514848 kB
Buffers:           37604 kB
Cached:           323012 kB
MemTotal:        1844596 kB
MemFree:         1273604 kB
MemAvailable:    1514844 kB
Buffers:           37604 kB
Cached:           323012 kB
MemTotal:        1844596 kB
MemFree:         1273128 kB
MemAvailable:    1514368 kB
Buffers:           37604 kB
Cached:           323012 kB
MemTotal:        1844596 kB
MemFree:         1274424 kB
MemAvailable:    1515664 kB
Buffers:           37604 kB
Cached:           323012 kB
MemTotal:        1844596 kB
MemFree:         1269972 kB
MemAvailable:    1511212 kB
Buffers:           37604 kB
Cached:           323012 kB
MemTotal:        1844596 kB
MemFree:         1266996 kB
MemAvailable:    1508236 kB
Buffers:           37604 kB
Cached:           323012 kB
MemTotal:        1844596 kB
MemFree:         1266888 kB
MemAvailable:    1508128 kB
Buffers:           37604 kB
Cached:           323012 kB
MemTotal:        1844596 kB
MemFree:         1265768 kB
MemAvailable:    1507008 kB
Buffers:           37604 kB
Cached:           323012 kB
MemTotal:        1844596 kB
MemFree:         1266828 kB
MemAvailable:    1508152 kB
Buffers:           37604 kB
Cached:           323012 kB
MemTotal:        1844596 kB
MemFree:         1266912 kB
MemAvailable:    1508152 kB
Buffers:           37604 kB
Cached:           323012 kB
MemTotal:        1844596 kB
MemFree:         1265508 kB
MemAvailable:    1506748 kB
Buffers:           37604 kB
Cached:           323012 kB
MemTotal:        1844596 kB
MemFree:         1268840 kB
MemAvailable:    1510080 kB
Buffers:           37604 kB
Cached:           323012 kB
MemTotal:        1844596 kB
MemFree:         1267680 kB
MemAvailable:    1508920 kB
Buffers:           37608 kB
Cached:           323008 kB
MemTotal:        1844596 kB
MemFree:         1268532 kB
MemAvailable:    1509940 kB
Buffers:           37608 kB
Cached:           323132 kB
MemTotal:        1844596 kB
MemFree:         1267928 kB
MemAvailable:    1509336 kB
Buffers:           37608 kB
Cached:           323132 kB
MemTotal:        1844596 kB
MemFree:         1268096 kB
MemAvailable:    1509672 kB
Buffers:           37608 kB
Cached:           323256 kB
MemTotal:        1844596 kB
MemFree:         1267840 kB
MemAvailable:    1509416 kB
Buffers:           37608 kB
Cached:           323380 kB
MemTotal:        1844596 kB
MemFree:         1266664 kB
MemAvailable:    1508408 kB
Buffers:           37608 kB
Cached:           323504 kB
MemTotal:        1844596 kB
MemFree:         1268028 kB
MemAvailable:    1509856 kB
Buffers:           37608 kB
Cached:           323628 kB
MemTotal:        1844596 kB
MemFree:         1268020 kB
MemAvailable:    1509848 kB
Buffers:           37608 kB
Cached:           323628 kB
MemTotal:        1844596 kB
MemFree:         1267508 kB
MemAvailable:    1509336 kB
Buffers:           37608 kB
Cached:           323628 kB
MemTotal:        1844596 kB
MemFree:         1267676 kB
MemAvailable:    1509504 kB
Buffers:           37608 kB
Cached:           323628 kB
MemTotal:        1844596 kB
MemFree:         1267928 kB
MemAvailable:    1509840 kB
Buffers:           37608 kB
Cached:           323628 kB
MemTotal:        1844596 kB
MemFree:         1267888 kB
MemAvailable:    1509800 kB
Buffers:           37608 kB
Cached:           323628 kB
MemTotal:        1844596 kB
MemFree:         1267740 kB
MemAvailable:    1509652 kB
Buffers:           37608 kB
Cached:           323628 kB
MemTotal:        1844596 kB
MemFree:         1267492 kB
MemAvailable:    1509488 kB
Buffers:           37608 kB
Cached:           323752 kB
MemTotal:        1844596 kB
MemFree:         1267492 kB
MemAvailable:    1509488 kB
Buffers:           37608 kB
Cached:           323752 kB
MemTotal:        1844596 kB
MemFree:         1320984 kB
MemAvailable:    1562224 kB
Buffers:           37608 kB
Cached:           322996 kB
