MemTotal:        1844596 kB
MemFree:         1423252 kB
MemAvailable:    1589100 kB
Buffers:           26148 kB
Cached:           253192 kB
MemTotal:        1844596 kB
MemFree:         1396376 kB
MemAvailable:    1562228 kB
Buffers:           26148 kB
Cached:           253196 kB
MemTotal:        1844596 kB
MemFree:         1395760 kB
MemAvailable:    1561612 kB
Buffers:           26148 kB
Cached:           253196 kB
MemTotal:        1844596 kB
MemFree:         1392476 kB
MemAvailable:    1558328 kB
Buffers:           26148 kB
Cached:           253196 kB
MemTotal:        1844596 kB
MemFree:         1391236 kB
MemAvailable:    1557088 kB
Buffers:           26148 kB
Cached:           253196 kB
MemTotal:        1844596 kB
MemFree:         1392436 kB
MemAvailable:    1558288 kB
Buffers:           26148 kB
Cached:           253196 kB
MemTotal:        1844596 kB
MemFree:         1390740 kB
MemAvailable:    1556592 kB
Buffers:           26148 kB
Cached:           253196 kB
MemTotal:        1844596 kB
MemFree:         1388244 kB
MemAvailable:    1554096 kB
Buffers:           26148 kB
Cached:           253196 kB
MemTotal:        1844596 kB
MemFree:         1387640 kB
MemAvailable:    1553492 kB
Buffers:           26148 kB
Cached:           253196 kB
MemTotal:        1844596 kB
MemFree:         1385468 kB
MemAvailable:    1551320 kB
Buffers:           26148 kB
Cached:           253196 kB
MemTotal:        1844596 kB
MemFree:         1380192 kB
MemAvailable:    1546044 kB
Buffers:           26148 kB
Cached:           253196 kB
MemTotal:        1844596 kB
MemFree:         1381164 kB
MemAvailable:    1547016 kB
Buffers:           26148 kB
Cached:           253196 kB
MemTotal:        1844596 kB
MemFree:         1382184 kB
MemAvailable:    1548036 kB
Buffers:           26148 kB
Cached:           253196 kB
MemTotal:        1844596 kB
MemFree:         1382516 kB
MemAvailable:    1548368 kB
Buffers:           26148 kB
Cached:           253196 kB
MemTotal:        1844596 kB
MemFree:         1382036 kB
MemAvailable:    1547888 kB
Buffers:           26148 kB
Cached:           253196 kB
MemTotal:        1844596 kB
MemFree:         1382036 kB
MemAvailable:    1547888 kB
Buffers:           26148 kB
Cached:           253196 kB
MemTotal:        1844596 kB
MemFree:         1381624 kB
MemAvailable:    1547476 kB
Buffers:           26148 kB
Cached:           253196 kB
MemTotal:        1844596 kB
MemFree:         1380864 kB
MemAvailable:    1546716 kB
Buffers:           26148 kB
Cached:           253196 kB
MemTotal:        1844596 kB
MemFree:         1380076 kB
MemAvailable:    1545928 kB
Buffers:           26148 kB
Cached:           253196 kB
MemTotal:        1844596 kB
MemFree:         1379772 kB
MemAvailable:    1545624 kB
Buffers:           26148 kB
Cached:           253196 kB
MemTotal:        1844596 kB
MemFree:         1379464 kB
MemAvailable:    1545316 kB
Buffers:           26148 kB
Cached:           253196 kB
MemTotal:        1844596 kB
MemFree:         1380008 kB
MemAvailable:    1545860 kB
Buffers:           26148 kB
Cached:           253196 kB
MemTotal:        1844596 kB
MemFree:         1378960 kB
MemAvailable:    1544812 kB
Buffers:           26148 kB
Cached:           253196 kB
MemTotal:        1844596 kB
MemFree:         1379760 kB
MemAvailable:    1545612 kB
Buffers:           26148 kB
Cached:           253196 kB
MemTotal:        1844596 kB
MemFree:         1380012 kB
MemAvailable:    1545864 kB
Buffers:           26148 kB
Cached:           253196 kB
MemTotal:        1844596 kB
MemFree:         1379780 kB
MemAvailable:    1545632 kB
Buffers:           26148 kB
Cached:           253196 kB
MemTotal:        1844596 kB
MemFree:         1378660 kB
MemAvailable:    1544512 kB
Buffers:           26148 kB
Cached:           253196 kB
MemTotal:        1844596 kB
MemFree:         1379788 kB
MemAvailable:    1545640 kB
Buffers:           26148 kB
Cached:           253196 kB
MemTotal:        1844596 kB
MemFree:         1381304 kB
MemAvailable:    1547156 kB
Buffers:           26148 kB
Cached:           253196 kB
MemTotal:        1844596 kB
MemFree:         1381444 kB
MemAvailable:    1547296 kB
Buffers:           26148 kB
Cached:           253196 kB
MemTotal:        1844596 kB
MemFree:         1378160 kB
MemAvailable:    1544012 kB
Buffers:           26148 kB
Cached:           253196 kB
MemTotal:        1844596 kB
MemFree:         1377960 kB
MemAvailable:    1543812 kB
Buffers:           26148 kB
Cached:           253196 kB
MemTotal:        1844596 kB
MemFree:         1376116 kB
MemAvailable:    1541968 kB
Buffers:           26148 kB
Cached:           253196 kB
MemTotal:        1844596 kB
MemFree:         1376796 kB
MemAvailable:    1542648 kB
Buffers:           26148 kB
Cached:           253196 kB
MemTotal:        1844596 kB
MemFree:         1375068 kB
MemAvailable:    1540920 kB
Buffers:           26148 kB
Cached:           253196 kB
MemTotal:        1844596 kB
MemFree:         1374744 kB
MemAvailable:    1540596 kB
Buffers:           26148 kB
Cached:           253196 kB
MemTotal:        1844596 kB
MemFree:         1374628 kB
MemAvailable:    1540480 kB
Buffers:           26148 kB
Cached:           253196 kB
MemTotal:        1844596 kB
MemFree:         1375744 kB
MemAvailable:    1541596 kB
Buffers:           26148 kB
Cached:           253196 kB
MemTotal:        1844596 kB
MemFree:         1375556 kB
MemAvailable:    1541408 kB
Buffers:           26148 kB
Cached:           253196 kB
MemTotal:        1844596 kB
MemFree:         1375808 kB
MemAvailable:    1541660 kB
Buffers:           26148 kB
Cached:           253196 kB
MemTotal:        1844596 kB
MemFree:         1375592 kB
MemAvailable:    1541444 kB
Buffers:           26148 kB
Cached:           253196 kB
MemTotal:        1844596 kB
MemFree:         1375844 kB
MemAvailable:    1541696 kB
Buffers:           26148 kB
Cached:           253196 kB
MemTotal:        1844596 kB
MemFree:         1375364 kB
MemAvailable:    1541216 kB
Buffers:           26148 kB
Cached:           253196 kB
MemTotal:        1844596 kB
MemFree:         1374008 kB
MemAvailable:    1539860 kB
Buffers:           26148 kB
Cached:           253196 kB
MemTotal:        1844596 kB
MemFree:         1373760 kB
MemAvailable:    1539612 kB
Buffers:           26148 kB
Cached:           253196 kB
MemTotal:        1844596 kB
MemFree:         1374672 kB
MemAvailable:    1540524 kB
Buffers:           26148 kB
Cached:           253196 kB
MemTotal:        1844596 kB
MemFree:         1373496 kB
MemAvailable:    1539348 kB
Buffers:           26148 kB
Cached:           253196 kB
MemTotal:        1844596 kB
MemFree:         1373496 kB
MemAvailable:    1539348 kB
Buffers:           26148 kB
Cached:           253196 kB
MemTotal:        1844596 kB
MemFree:         1374616 kB
MemAvailable:    1540468 kB
Buffers:           26148 kB
Cached:           253196 kB
MemTotal:        1844596 kB
MemFree:         1373636 kB
MemAvailable:    1539488 kB
Buffers:           26148 kB
Cached:           253196 kB
MemTotal:        1844596 kB
MemFree:         1374560 kB
MemAvailable:    1540412 kB
Buffers:           26148 kB
Cached:           253196 kB
MemTotal:        1844596 kB
MemFree:         1374628 kB
MemAvailable:    1540480 kB
Buffers:           26148 kB
Cached:           253196 kB
MemTotal:        1844596 kB
MemFree:         1374560 kB
MemAvailable:    1540412 kB
Buffers:           26148 kB
Cached:           253196 kB
MemTotal:        1844596 kB
MemFree:         1374560 kB
MemAvailable:    1540412 kB
Buffers:           26148 kB
Cached:           253196 kB
MemTotal:        1844596 kB
MemFree:         1373324 kB
MemAvailable:    1539176 kB
Buffers:           26148 kB
Cached:           253196 kB
MemTotal:        1844596 kB
MemFree:         1373332 kB
MemAvailable:    1539184 kB
Buffers:           26148 kB
Cached:           253196 kB
MemTotal:        1844596 kB
MemFree:         1374440 kB
MemAvailable:    1540292 kB
Buffers:           26148 kB
Cached:           253196 kB
MemTotal:        1844596 kB
MemFree:         1374240 kB
MemAvailable:    1540092 kB
Buffers:           26148 kB
Cached:           253196 kB
MemTotal:        1844596 kB
MemFree:         1372876 kB
MemAvailable:    1538728 kB
Buffers:           26148 kB
Cached:           253196 kB
MemTotal:        1844596 kB
MemFree:         1372892 kB
MemAvailable:    1538744 kB
Buffers:           26148 kB
Cached:           253196 kB
MemTotal:        1844596 kB
MemFree:         1374068 kB
MemAvailable:    1539920 kB
Buffers:           26148 kB
Cached:           253196 kB
MemTotal:        1844596 kB
MemFree:         1372768 kB
MemAvailable:    1538620 kB
Buffers:           26148 kB
Cached:           253196 kB
MemTotal:        1844596 kB
MemFree:         1372644 kB
MemAvailable:    1538496 kB
Buffers:           26148 kB
Cached:           253196 kB
MemTotal:        1844596 kB
MemFree:         1372644 kB
MemAvailable:    1538496 kB
Buffers:           26148 kB
Cached:           253196 kB
MemTotal:        1844596 kB
MemFree:         1373140 kB
MemAvailable:    1538992 kB
Buffers:           26148 kB
Cached:           253196 kB
MemTotal:        1844596 kB
MemFree:         1373884 kB
MemAvailable:    1539736 kB
Buffers:           26148 kB
Cached:           253196 kB
MemTotal:        1844596 kB
MemFree:         1373868 kB
MemAvailable:    1539720 kB
Buffers:           26148 kB
Cached:           253196 kB
MemTotal:        1844596 kB
MemFree:         1371032 kB
MemAvailable:    1536884 kB
Buffers:           26148 kB
Cached:           253196 kB
MemTotal:        1844596 kB
MemFree:         1367924 kB
MemAvailable:    1533776 kB
Buffers:           26148 kB
Cached:           253196 kB
MemTotal:        1844596 kB
MemFree:         1366256 kB
MemAvailable:    1532108 kB
Buffers:           26148 kB
Cached:           253196 kB
MemTotal:        1844596 kB
MemFree:         1366124 kB
MemAvailable:    1531976 kB
Buffers:           26148 kB
Cached:           253196 kB
MemTotal:        1844596 kB
MemFree:         1364584 kB
MemAvailable:    1530436 kB
Buffers:           26148 kB
Cached:           253196 kB
MemTotal:        1844596 kB
MemFree:         1365728 kB
MemAvailable:    1531580 kB
Buffers:           26148 kB
Cached:           253196 kB
MemTotal:        1844596 kB
MemFree:         1365328 kB
MemAvailable:    1531180 kB
Buffers:           26148 kB
Cached:           253196 kB
MemTotal:        1844596 kB
MemFree:         1365644 kB
MemAvailable:    1531496 kB
Buffers:           26148 kB
Cached:           253196 kB
MemTotal:        1844596 kB
MemFree:         1365928 kB
MemAvailable:    1531780 kB
Buffers:           26148 kB
Cached:           253196 kB
MemTotal:        1844596 kB
MemFree:         1365824 kB
MemAvailable:    1531676 kB
Buffers:           26148 kB
Cached:           253196 kB
MemTotal:        1844596 kB
MemFree:         1365684 kB
MemAvailable:    1531536 kB
Buffers:           26160 kB
Cached:           253184 kB
MemTotal:        1844596 kB
MemFree:         1366020 kB
MemAvailable:    1531872 kB
Buffers:           26160 kB
Cached:           253184 kB
MemTotal:        1844596 kB
MemFree:         1364436 kB
MemAvailable:    1530288 kB
Buffers:           26160 kB
Cached:           253184 kB
MemTotal:        1844596 kB
MemFree:         1364568 kB
MemAvailable:    1530420 kB
Buffers:           26160 kB
Cached:           253184 kB
MemTotal:        1844596 kB
MemFree:         1364568 kB
MemAvailable:    1530420 kB
Buffers:           26160 kB
Cached:           253184 kB
MemTotal:        1844596 kB
MemFree:         1365664 kB
MemAvailable:    1531516 kB
Buffers:           26160 kB
Cached:           253184 kB
MemTotal:        1844596 kB
MemFree:         1365700 kB
MemAvailable:    1531552 kB
Buffers:           26160 kB
Cached:           253184 kB
MemTotal:        1844596 kB
MemFree:         1365320 kB
MemAvailable:    1531172 kB
Buffers:           26160 kB
Cached:           253184 kB
MemTotal:        1844596 kB
MemFree:         1364940 kB
MemAvailable:    1530792 kB
Buffers:           26160 kB
Cached:           253184 kB
MemTotal:        1844596 kB
MemFree:         1365024 kB
MemAvailable:    1530876 kB
Buffers:           26160 kB
Cached:           253184 kB
MemTotal:        1844596 kB
MemFree:         1364776 kB
MemAvailable:    1530628 kB
Buffers:           26160 kB
Cached:           253184 kB
MemTotal:        1844596 kB
MemFree:         1363096 kB
MemAvailable:    1528948 kB
Buffers:           26160 kB
Cached:           253184 kB
MemTotal:        1844596 kB
MemFree:         1363940 kB
MemAvailable:    1529816 kB
Buffers:           26160 kB
Cached:           253208 kB
MemTotal:        1844596 kB
MemFree:         1362972 kB
MemAvailable:    1528848 kB
Buffers:           26160 kB
Cached:           253208 kB
MemTotal:        1844596 kB
MemFree:         1361600 kB
MemAvailable:    1527476 kB
Buffers:           26160 kB
Cached:           253208 kB
MemTotal:        1844596 kB
MemFree:         1362860 kB
MemAvailable:    1528736 kB
Buffers:           26160 kB
Cached:           253208 kB
MemTotal:        1844596 kB
MemFree:         1361104 kB
MemAvailable:    1526980 kB
Buffers:           26160 kB
Cached:           253208 kB
MemTotal:        1844596 kB
MemFree:         1362220 kB
MemAvailable:    1528096 kB
Buffers:           26160 kB
Cached:           253208 kB
MemTotal:        1844596 kB
MemFree:         1361616 kB
MemAvailable:    1527492 kB
Buffers:           26160 kB
Cached:           253208 kB
MemTotal:        1844596 kB
MemFree:         1361972 kB
MemAvailable:    1527848 kB
Buffers:           26160 kB
Cached:           253208 kB
MemTotal:        1844596 kB
MemFree:         1361956 kB
MemAvailable:    1527832 kB
Buffers:           26160 kB
Cached:           253208 kB
MemTotal:        1844596 kB
MemFree:         1361484 kB
MemAvailable:    1527360 kB
Buffers:           26160 kB
Cached:           253208 kB
MemTotal:        1844596 kB
MemFree:         1362028 kB
MemAvailable:    1527904 kB
Buffers:           26160 kB
Cached:           253208 kB
MemTotal:        1844596 kB
MemFree:         1360988 kB
MemAvailable:    1526864 kB
Buffers:           26160 kB
Cached:           253208 kB
MemTotal:        1844596 kB
MemFree:         1362284 kB
MemAvailable:    1528160 kB
Buffers:           26160 kB
Cached:           253208 kB
MemTotal:        1844596 kB
MemFree:         1361832 kB
MemAvailable:    1527708 kB
Buffers:           26160 kB
Cached:           253208 kB
MemTotal:        1844596 kB
MemFree:         1362084 kB
MemAvailable:    1527960 kB
Buffers:           26160 kB
Cached:           253208 kB
MemTotal:        1844596 kB
MemFree:         1360560 kB
MemAvailable:    1526436 kB
Buffers:           26160 kB
Cached:           253208 kB
MemTotal:        1844596 kB
MemFree:         1360368 kB
MemAvailable:    1526244 kB
Buffers:           26160 kB
Cached:           253208 kB
MemTotal:        1844596 kB
MemFree:         1360236 kB
MemAvailable:    1526112 kB
Buffers:           26160 kB
Cached:           253208 kB
MemTotal:        1844596 kB
MemFree:         1360236 kB
MemAvailable:    1526112 kB
Buffers:           26160 kB
Cached:           253208 kB
MemTotal:        1844596 kB
MemFree:         1354228 kB
MemAvailable:    1520104 kB
Buffers:           26160 kB
Cached:           253208 kB
MemTotal:        1844596 kB
MemFree:         1354096 kB
MemAvailable:    1519972 kB
Buffers:           26160 kB
Cached:           253208 kB
MemTotal:        1844596 kB
MemFree:         1354092 kB
MemAvailable:    1519968 kB
Buffers:           26160 kB
Cached:           253208 kB
MemTotal:        1844596 kB
MemFree:         1352656 kB
MemAvailable:    1518532 kB
Buffers:           26160 kB
Cached:           253208 kB
MemTotal:        1844596 kB
MemFree:         1352624 kB
MemAvailable:    1518500 kB
Buffers:           26160 kB
Cached:           253208 kB
MemTotal:        1844596 kB
MemFree:         1353932 kB
MemAvailable:    1519808 kB
Buffers:           26160 kB
Cached:           253208 kB
MemTotal:        1844596 kB
MemFree:         1353672 kB
MemAvailable:    1519548 kB
Buffers:           26160 kB
Cached:           253208 kB
MemTotal:        1844596 kB
MemFree:         1354576 kB
MemAvailable:    1520452 kB
Buffers:           26160 kB
Cached:           253208 kB
MemTotal:        1844596 kB
MemFree:         1355268 kB
MemAvailable:    1521144 kB
Buffers:           26160 kB
Cached:           253208 kB
MemTotal:        1844596 kB
MemFree:         1355160 kB
MemAvailable:    1521036 kB
Buffers:           26160 kB
Cached:           253208 kB
MemTotal:        1844596 kB
MemFree:         1355204 kB
MemAvailable:    1521248 kB
Buffers:           26160 kB
Cached:           253332 kB
MemTotal:        1844596 kB
MemFree:         1355268 kB
MemAvailable:    1521396 kB
Buffers:           26160 kB
Cached:           253456 kB
MemTotal:        1844596 kB
MemFree:         1354880 kB
MemAvailable:    1521176 kB
Buffers:           26160 kB
Cached:           253704 kB
MemTotal:        1844596 kB
MemFree:         1354408 kB
MemAvailable:    1520704 kB
Buffers:           26160 kB
Cached:           253704 kB
MemTotal:        1844596 kB
MemFree:         1354852 kB
MemAvailable:    1521316 kB
Buffers:           26160 kB
Cached:           253828 kB
MemTotal:        1844596 kB
MemFree:         1354872 kB
MemAvailable:    1521336 kB
Buffers:           26160 kB
Cached:           253828 kB
MemTotal:        1844596 kB
MemFree:         1354776 kB
MemAvailable:    1521240 kB
Buffers:           26160 kB
Cached:           253828 kB
MemTotal:        1844596 kB
MemFree:         1353512 kB
MemAvailable:    1519976 kB
Buffers:           26160 kB
Cached:           253828 kB
MemTotal:        1844596 kB
MemFree:         1354716 kB
MemAvailable:    1521180 kB
Buffers:           26160 kB
Cached:           253828 kB
MemTotal:        1844596 kB
MemFree:         1354788 kB
MemAvailable:    1521252 kB
Buffers:           26160 kB
Cached:           253828 kB
MemTotal:        1844596 kB
MemFree:         1354864 kB
MemAvailable:    1521328 kB
Buffers:           26160 kB
Cached:           253828 kB
MemTotal:        1844596 kB
MemFree:         1355320 kB
MemAvailable:    1521196 kB
Buffers:           26160 kB
Cached:           253280 kB
MemTotal:        1844596 kB
MemFree:         1355488 kB
MemAvailable:    1521364 kB
Buffers:           26160 kB
Cached:           253280 kB
MemTotal:        1844596 kB
MemFree:         1415224 kB
MemAvailable:    1581100 kB
Buffers:           26160 kB
Cached:           253280 kB
