MemTotal:        1844596 kB
MemFree:         1210892 kB
MemAvailable:    1563520 kB
Buffers:           52164 kB
Cached:           413676 kB
MemTotal:        1844596 kB
MemFree:         1183100 kB
MemAvailable:    1535732 kB
Buffers:           52164 kB
Cached:           413680 kB
MemTotal:        1844596 kB
MemFree:         1181976 kB
MemAvailable:    1534608 kB
Buffers:           52164 kB
Cached:           413680 kB
MemTotal:        1844596 kB
MemFree:         1180248 kB
MemAvailable:    1532880 kB
Buffers:           52164 kB
Cached:           413680 kB
MemTotal:        1844596 kB
MemFree:         1178620 kB
MemAvailable:    1531252 kB
Buffers:           52164 kB
Cached:           413680 kB
MemTotal:        1844596 kB
MemFree:         1179828 kB
MemAvailable:    1532460 kB
Buffers:           52164 kB
Cached:           413680 kB
MemTotal:        1844596 kB
MemFree:         1178512 kB
MemAvailable:    1531144 kB
Buffers:           52164 kB
Cached:           413680 kB
MemTotal:        1844596 kB
MemFree:         1176388 kB
MemAvailable:    1529020 kB
Buffers:           52164 kB
Cached:           413680 kB
MemTotal:        1844596 kB
MemFree:         1175660 kB
MemAvailable:    1528292 kB
Buffers:           52164 kB
Cached:           413680 kB
MemTotal:        1844596 kB
MemFree:         1173656 kB
MemAvailable:    1526288 kB
Buffers:           52164 kB
Cached:           413680 kB
MemTotal:        1844596 kB
MemFree:         1169256 kB
MemAvailable:    1521888 kB
Buffers:           52164 kB
Cached:           413680 kB
MemTotal:        1844596 kB
MemFree:         1170044 kB
MemAvailable:    1522676 kB
Buffers:           52164 kB
Cached:           413680 kB
MemTotal:        1844596 kB
MemFree:         1170024 kB
MemAvailable:    1522656 kB
Buffers:           52164 kB
Cached:           413680 kB
MemTotal:        1844596 kB
MemFree:         1169700 kB
MemAvailable:    1522332 kB
Buffers:           52164 kB
Cached:           413680 kB
MemTotal:        1844596 kB
MemFree:         1169796 kB
MemAvailable:    1522428 kB
Buffers:           52164 kB
Cached:           413680 kB
MemTotal:        1844596 kB
MemFree:         1169880 kB
MemAvailable:    1522512 kB
Buffers:           52164 kB
Cached:           413680 kB
MemTotal:        1844596 kB
MemFree:         1169652 kB
MemAvailable:    1522284 kB
Buffers:           52164 kB
Cached:           413680 kB
MemTotal:        1844596 kB
MemFree:         1168592 kB
MemAvailable:    1521224 kB
Buffers:           52164 kB
Cached:           413680 kB
MemTotal:        1844596 kB
MemFree:         1167096 kB
MemAvailable:    1519728 kB
Buffers:           52164 kB
Cached:           413680 kB
MemTotal:        1844596 kB
MemFree:         1167908 kB
MemAvailable:    1520540 kB
Buffers:           52164 kB
Cached:           413680 kB
MemTotal:        1844596 kB
MemFree:         1166220 kB
MemAvailable:    1518852 kB
Buffers:           52164 kB
Cached:           413680 kB
MemTotal:        1844596 kB
MemFree:         1167460 kB
MemAvailable:    1520092 kB
Buffers:           52164 kB
Cached:           413680 kB
MemTotal:        1844596 kB
MemFree:         1166344 kB
MemAvailable:    1518976 kB
Buffers:           52164 kB
Cached:           413680 kB
MemTotal:        1844596 kB
MemFree:         1166468 kB
MemAvailable:    1519100 kB
Buffers:           52164 kB
Cached:           413680 kB
MemTotal:        1844596 kB
MemFree:         1167444 kB
MemAvailable:    1520076 kB
Buffers:           52164 kB
Cached:           413680 kB
MemTotal:        1844596 kB
MemFree:         1167600 kB
MemAvailable:    1520232 kB
Buffers:           52164 kB
Cached:           413680 kB
MemTotal:        1844596 kB
MemFree:         1168780 kB
MemAvailable:    1521412 kB
Buffers:           52164 kB
Cached:           413680 kB
MemTotal:        1844596 kB
MemFree:         1169032 kB
MemAvailable:    1521664 kB
Buffers:           52164 kB
Cached:           413680 kB
MemTotal:        1844596 kB
MemFree:         1168860 kB
MemAvailable:    1521492 kB
Buffers:           52164 kB
Cached:           413680 kB
MemTotal:        1844596 kB
MemFree:         1168132 kB
MemAvailable:    1520764 kB
Buffers:           52164 kB
Cached:           413680 kB
MemTotal:        1844596 kB
MemFree:         1165244 kB
MemAvailable:    1517876 kB
Buffers:           52164 kB
Cached:           413680 kB
MemTotal:        1844596 kB
MemFree:         1164980 kB
MemAvailable:    1517612 kB
Buffers:           52164 kB
Cached:           413680 kB
MemTotal:        1844596 kB
MemFree:         1164872 kB
MemAvailable:    1517504 kB
Buffers:           52164 kB
Cached:           413680 kB
MemTotal:        1844596 kB
MemFree:         1164560 kB
MemAvailable:    1517192 kB
Buffers:           52164 kB
Cached:           413680 kB
MemTotal:        1844596 kB
MemFree:         1163252 kB
MemAvailable:    1515884 kB
Buffers:           52164 kB
Cached:           413680 kB
MemTotal:        1844596 kB
MemFree:         1163940 kB
MemAvailable:    1516572 kB
Buffers:           52164 kB
Cached:           413680 kB
MemTotal:        1844596 kB
MemFree:         1163616 kB
MemAvailable:    1516248 kB
Buffers:           52164 kB
Cached:           413680 kB
MemTotal:        1844596 kB
MemFree:         1163384 kB
MemAvailable:    1516016 kB
Buffers:           52164 kB
Cached:           413680 kB
MemTotal:        1844596 kB
MemFree:         1163328 kB
MemAvailable:    1515960 kB
Buffers:           52164 kB
Cached:           413680 kB
MemTotal:        1844596 kB
MemFree:         1163188 kB
MemAvailable:    1515820 kB
Buffers:           52164 kB
Cached:           413680 kB
MemTotal:        1844596 kB
MemFree:         1163440 kB
MemAvailable:    1516072 kB
Buffers:           52164 kB
Cached:           413680 kB
MemTotal:        1844596 kB
MemFree:         1163204 kB
MemAvailable:    1515836 kB
Buffers:           52164 kB
Cached:           413680 kB
MemTotal:        1844596 kB
MemFree:         1163220 kB
MemAvailable:    1515852 kB
Buffers:           52164 kB
Cached:           413680 kB
MemTotal:        1844596 kB
MemFree:         1162996 kB
MemAvailable:    1515628 kB
Buffers:           52164 kB
Cached:           413680 kB
MemTotal:        1844596 kB
MemFree:         1161136 kB
MemAvailable:    1513768 kB
Buffers:           52164 kB
Cached:           413680 kB
MemTotal:        1844596 kB
MemFree:         1160996 kB
MemAvailable:    1513628 kB
Buffers:           52164 kB
Cached:           413680 kB
MemTotal:        1844596 kB
MemFree:         1161128 kB
MemAvailable:    1513760 kB
Buffers:           52164 kB
Cached:           413680 kB
MemTotal:        1844596 kB
MemFree:         1162128 kB
MemAvailable:    1514760 kB
Buffers:           52164 kB
Cached:           413680 kB
MemTotal:        1844596 kB
MemFree:         1162464 kB
MemAvailable:    1515096 kB
Buffers:           52164 kB
Cached:           413680 kB
MemTotal:        1844596 kB
MemFree:         1161020 kB
MemAvailable:    1513652 kB
Buffers:           52164 kB
Cached:           413680 kB
MemTotal:        1844596 kB
MemFree:         1161400 kB
MemAvailable:    1514032 kB
Buffers:           52164 kB
Cached:           413680 kB
MemTotal:        1844596 kB
MemFree:         1162088 kB
MemAvailable:    1514720 kB
Buffers:           52164 kB
Cached:           413680 kB
MemTotal:        1844596 kB
MemFree:         1160892 kB
MemAvailable:    1513524 kB
Buffers:           52164 kB
Cached:           413680 kB
MemTotal:        1844596 kB
MemFree:         1162452 kB
MemAvailable:    1515084 kB
Buffers:           52164 kB
Cached:           413680 kB
MemTotal:        1844596 kB
MemFree:         1162016 kB
MemAvailable:    1514648 kB
Buffers:           52164 kB
Cached:           413680 kB
MemTotal:        1844596 kB
MemFree:         1161884 kB
MemAvailable:    1514516 kB
Buffers:           52164 kB
Cached:           413680 kB
MemTotal:        1844596 kB
MemFree:         1161940 kB
MemAvailable:    1514572 kB
Buffers:           52164 kB
Cached:           413680 kB
MemTotal:        1844596 kB
MemFree:         1161660 kB
MemAvailable:    1514292 kB
Buffers:           52164 kB
Cached:           413680 kB
MemTotal:        1844596 kB
MemFree:         1161328 kB
MemAvailable:    1513960 kB
Buffers:           52164 kB
Cached:           413680 kB
MemTotal:        1844596 kB
MemFree:         1161028 kB
MemAvailable:    1513660 kB
Buffers:           52164 kB
Cached:           413680 kB
MemTotal:        1844596 kB
MemFree:         1161012 kB
MemAvailable:    1513644 kB
Buffers:           52164 kB
Cached:           413680 kB
MemTotal:        1844596 kB
MemFree:         1160272 kB
MemAvailable:    1512904 kB
Buffers:           52164 kB
Cached:           413680 kB
MemTotal:        1844596 kB
MemFree:         1161440 kB
MemAvailable:    1514072 kB
Buffers:           52164 kB
Cached:           413680 kB
MemTotal:        1844596 kB
MemFree:         1161360 kB
MemAvailable:    1513992 kB
Buffers:           52164 kB
Cached:           413680 kB
MemTotal:        1844596 kB
MemFree:         1161524 kB
MemAvailable:    1514156 kB
Buffers:           52164 kB
Cached:           413680 kB
MemTotal:        1844596 kB
MemFree:         1160012 kB
MemAvailable:    1512644 kB
Buffers:           52164 kB
Cached:           413680 kB
MemTotal:        1844596 kB
MemFree:         1160144 kB
MemAvailable:    1512776 kB
Buffers:           52164 kB
Cached:           413680 kB
MemTotal:        1844596 kB
MemFree:         1161072 kB
MemAvailable:    1513704 kB
Buffers:           52164 kB
Cached:           413680 kB
MemTotal:        1844596 kB
MemFree:         1160160 kB
MemAvailable:    1512792 kB
Buffers:           52164 kB
Cached:           413680 kB
MemTotal:        1844596 kB
MemFree:         1159044 kB
MemAvailable:    1511676 kB
Buffers:           52164 kB
Cached:           413680 kB
MemTotal:        1844596 kB
MemFree:         1156316 kB
MemAvailable:    1508948 kB
Buffers:           52164 kB
Cached:           413680 kB
MemTotal:        1844596 kB
MemFree:         1154084 kB
MemAvailable:    1506716 kB
Buffers:           52164 kB
Cached:           413680 kB
MemTotal:        1844596 kB
MemFree:         1154012 kB
MemAvailable:    1506644 kB
Buffers:           52164 kB
Cached:           413680 kB
MemTotal:        1844596 kB
MemFree:         1152720 kB
MemAvailable:    1505352 kB
Buffers:           52164 kB
Cached:           413680 kB
MemTotal:        1844596 kB
MemFree:         1153384 kB
MemAvailable:    1506016 kB
Buffers:           52164 kB
Cached:           413680 kB
MemTotal:        1844596 kB
MemFree:         1153456 kB
MemAvailable:    1506088 kB
Buffers:           52164 kB
Cached:           413680 kB
MemTotal:        1844596 kB
MemFree:         1153304 kB
MemAvailable:    1505936 kB
Buffers:           52164 kB
Cached:           413680 kB
MemTotal:        1844596 kB
MemFree:         1153640 kB
MemAvailable:    1506272 kB
Buffers:           52164 kB
Cached:           413680 kB
MemTotal:        1844596 kB
MemFree:         1152148 kB
MemAvailable:    1504780 kB
Buffers:           52164 kB
Cached:           413680 kB
MemTotal:        1844596 kB
MemFree:         1153524 kB
MemAvailable:    1506156 kB
Buffers:           52164 kB
Cached:           413680 kB
MemTotal:        1844596 kB
MemFree:         1152544 kB
MemAvailable:    1505176 kB
Buffers:           52164 kB
Cached:           413680 kB
MemTotal:        1844596 kB
MemFree:         1153472 kB
MemAvailable:    1506104 kB
Buffers:           52164 kB
Cached:           413680 kB
MemTotal:        1844596 kB
MemFree:         1153536 kB
MemAvailable:    1506168 kB
Buffers:           52164 kB
Cached:           413680 kB
MemTotal:        1844596 kB
MemFree:         1152596 kB
MemAvailable:    1505228 kB
Buffers:           52164 kB
Cached:           413680 kB
MemTotal:        1844596 kB
MemFree:         1153284 kB
MemAvailable:    1505924 kB
Buffers:           52164 kB
Cached:           413688 kB
MemTotal:        1844596 kB
MemFree:         1153540 kB
MemAvailable:    1506180 kB
Buffers:           52164 kB
Cached:           413688 kB
MemTotal:        1844596 kB
MemFree:         1153084 kB
MemAvailable:    1505724 kB
Buffers:           52164 kB
Cached:           413688 kB
MemTotal:        1844596 kB
MemFree:         1151976 kB
MemAvailable:    1504616 kB
Buffers:           52164 kB
Cached:           413688 kB
MemTotal:        1844596 kB
MemFree:         1152332 kB
MemAvailable:    1504972 kB
Buffers:           52164 kB
Cached:           413688 kB
MemTotal:        1844596 kB
MemFree:         1150844 kB
MemAvailable:    1503484 kB
Buffers:           52164 kB
Cached:           413688 kB
MemTotal:        1844596 kB
MemFree:         1150840 kB
MemAvailable:    1503480 kB
Buffers:           52164 kB
Cached:           413688 kB
MemTotal:        1844596 kB
MemFree:         1151844 kB
MemAvailable:    1504484 kB
Buffers:           52164 kB
Cached:           413688 kB
MemTotal:        1844596 kB
MemFree:         1151960 kB
MemAvailable:    1504600 kB
Buffers:           52164 kB
Cached:           413688 kB
MemTotal:        1844596 kB
MemFree:         1150612 kB
MemAvailable:    1503252 kB
Buffers:           52164 kB
Cached:           413688 kB
MemTotal:        1844596 kB
MemFree:         1150564 kB
MemAvailable:    1503204 kB
Buffers:           52164 kB
Cached:           413688 kB
MemTotal:        1844596 kB
MemFree:         1150556 kB
MemAvailable:    1503196 kB
Buffers:           52164 kB
Cached:           413688 kB
MemTotal:        1844596 kB
MemFree:         1148620 kB
MemAvailable:    1501260 kB
Buffers:           52164 kB
Cached:           413688 kB
MemTotal:        1844596 kB
MemFree:         1150012 kB
MemAvailable:    1502656 kB
Buffers:           52164 kB
Cached:           413692 kB
MemTotal:        1844596 kB
MemFree:         1149680 kB
MemAvailable:    1502324 kB
Buffers:           52164 kB
Cached:           413692 kB
MemTotal:        1844596 kB
MemFree:         1149496 kB
MemAvailable:    1502140 kB
Buffers:           52164 kB
Cached:           413692 kB
MemTotal:        1844596 kB
MemFree:         1149480 kB
MemAvailable:    1502124 kB
Buffers:           52164 kB
Cached:           413692 kB
MemTotal:        1844596 kB
MemFree:         1148448 kB
MemAvailable:    1501092 kB
Buffers:           52164 kB
Cached:           413692 kB
MemTotal:        1844596 kB
MemFree:         1148360 kB
MemAvailable:    1501004 kB
Buffers:           52164 kB
Cached:           413692 kB
MemTotal:        1844596 kB
MemFree:         1148480 kB
MemAvailable:    1501124 kB
Buffers:           52164 kB
Cached:           413692 kB
MemTotal:        1844596 kB
MemFree:         1148308 kB
MemAvailable:    1500952 kB
Buffers:           52164 kB
Cached:           413692 kB
MemTotal:        1844596 kB
MemFree:         1148344 kB
MemAvailable:    1500988 kB
Buffers:           52164 kB
Cached:           413692 kB
MemTotal:        1844596 kB
MemFree:         1149616 kB
MemAvailable:    1502260 kB
Buffers:           52164 kB
Cached:           413692 kB
MemTotal:        1844596 kB
MemFree:         1148324 kB
MemAvailable:    1500968 kB
Buffers:           52164 kB
Cached:           413692 kB
MemTotal:        1844596 kB
MemFree:         1148876 kB
MemAvailable:    1501520 kB
Buffers:           52164 kB
Cached:           413692 kB
MemTotal:        1844596 kB
MemFree:         1145404 kB
MemAvailable:    1498048 kB
Buffers:           52164 kB
Cached:           413692 kB
MemTotal:        1844596 kB
MemFree:         1140684 kB
MemAvailable:    1493328 kB
Buffers:           52164 kB
Cached:           413692 kB
MemTotal:        1844596 kB
MemFree:         1141792 kB
MemAvailable:    1494436 kB
Buffers:           52164 kB
Cached:           413692 kB
MemTotal:        1844596 kB
MemFree:         1140940 kB
MemAvailable:    1493584 kB
Buffers:           52164 kB
Cached:           413692 kB
MemTotal:        1844596 kB
MemFree:         1141624 kB
MemAvailable:    1494268 kB
Buffers:           52164 kB
Cached:           413692 kB
MemTotal:        1844596 kB
MemFree:         1141624 kB
MemAvailable:    1494268 kB
Buffers:           52164 kB
Cached:           413692 kB
MemTotal:        1844596 kB
MemFree:         1141420 kB
MemAvailable:    1494064 kB
Buffers:           52164 kB
Cached:           413692 kB
MemTotal:        1844596 kB
MemFree:         1141672 kB
MemAvailable:    1494316 kB
Buffers:           52164 kB
Cached:           413692 kB
MemTotal:        1844596 kB
MemFree:         1143172 kB
MemAvailable:    1495816 kB
Buffers:           52168 kB
Cached:           413688 kB
MemTotal:        1844596 kB
MemFree:         1143164 kB
MemAvailable:    1495892 kB
Buffers:           52168 kB
Cached:           413812 kB
MemTotal:        1844596 kB
MemFree:         1142844 kB
MemAvailable:    1495740 kB
Buffers:           52168 kB
Cached:           413936 kB
MemTotal:        1844596 kB
MemFree:         1142596 kB
MemAvailable:    1495576 kB
Buffers:           52168 kB
Cached:           414060 kB
MemTotal:        1844596 kB
MemFree:         1142552 kB
MemAvailable:    1495532 kB
Buffers:           52168 kB
Cached:           414060 kB
MemTotal:        1844596 kB
MemFree:         1142496 kB
MemAvailable:    1495644 kB
Buffers:           52168 kB
Cached:           414184 kB
MemTotal:        1844596 kB
MemFree:         1141380 kB
MemAvailable:    1494612 kB
Buffers:           52168 kB
Cached:           414308 kB
MemTotal:        1844596 kB
MemFree:         1142224 kB
MemAvailable:    1495456 kB
Buffers:           52168 kB
Cached:           414308 kB
MemTotal:        1844596 kB
MemFree:         1142224 kB
MemAvailable:    1495456 kB
Buffers:           52168 kB
Cached:           414308 kB
MemTotal:        1844596 kB
MemFree:         1142360 kB
MemAvailable:    1495592 kB
Buffers:           52168 kB
Cached:           414308 kB
MemTotal:        1844596 kB
MemFree:         1140916 kB
MemAvailable:    1494148 kB
Buffers:           52168 kB
Cached:           414308 kB
MemTotal:        1844596 kB
MemFree:         1142216 kB
MemAvailable:    1495448 kB
Buffers:           52168 kB
Cached:           414308 kB
MemTotal:        1844596 kB
MemFree:         1142224 kB
MemAvailable:    1495540 kB
Buffers:           52168 kB
Cached:           414308 kB
MemTotal:        1844596 kB
MemFree:         1142476 kB
MemAvailable:    1495792 kB
Buffers:           52168 kB
Cached:           414308 kB
MemTotal:        1844596 kB
MemFree:         1142572 kB
MemAvailable:    1495216 kB
Buffers:           52168 kB
Cached:           413676 kB
MemTotal:        1844596 kB
MemFree:         1142404 kB
MemAvailable:    1495048 kB
Buffers:           52168 kB
Cached:           413676 kB
MemTotal:        1844596 kB
MemFree:         1207340 kB
MemAvailable:    1559984 kB
Buffers:           52168 kB
Cached:           413676 kB
